layer at (0,0) size 800x600
  LayoutView at (0,0) size 800x600
layer at (0,0) size 800x560
  LayoutBlockFlow {HTML} at (0,0) size 800x560
    LayoutBlockFlow {BODY} at (8,16) size 784x524
      LayoutBlockFlow {P} at (0,0) size 784x40
        LayoutText {#text} at (0,0) size 766x39
          text run at (0,0) width 766: "Test ensures that nested transformed elements produce the same result as a single compound transform.You should not see"
          text run at (0,20) width 188: "any red in the two tests below"
layer at (78,76) size 402x222
  LayoutBlockFlow (relative positioned) {DIV} at (20,60) size 402x222 [border: (1px solid #000000)]
    LayoutBlockFlow {P} at (1,17) size 400x20
      LayoutText {#text} at (0,0) size 85x19
        text run at (0,0) width 85: "Translate first"
layer at (79,129) size 80x80
  LayoutBlockFlow (positioned) {DIV} at (1,53) size 80x80
layer at (154,149) size 80x80
  LayoutBlockFlow (positioned) {DIV} at (0,0) size 80x80
layer at (130,125) size 128x128
  LayoutBlockFlow (positioned) {DIV} at (0,0) size 80x80
layer at (103,98) size 182x182
  LayoutBlockFlow (positioned) {DIV} at (0,0) size 80x80 [bgcolor=#FF0000]
    LayoutText {#text} at (0,0) size 64x19
      text run at (0,0) width 64: "Individual"
layer at (79,129) size 80x80
  LayoutBlockFlow (positioned) {DIV} at (1,53) size 80x80 [bgcolor=#008000]
layer at (78,318) size 402x222
  LayoutBlockFlow (relative positioned) {DIV} at (20,302) size 402x222 [border: (1px solid #000000)]
    LayoutBlockFlow {P} at (1,17) size 400x20
      LayoutText {#text} at (0,0) size 105x19
        text run at (0,0) width 105: "Translate second"
layer at (79,371) size 80x80
  LayoutBlockFlow (positioned) {DIV} at (1,53) size 80x80
layer at (55,347) size 128x128
  LayoutBlockFlow (positioned) {DIV} at (0,0) size 80x80
layer at (175,379) size 128x128
  LayoutBlockFlow (positioned) {DIV} at (0,0) size 80x80
layer at (148,352) size 182x182
  LayoutBlockFlow (positioned) {DIV} at (0,0) size 80x80 [bgcolor=#FF0000]
    LayoutText {#text} at (0,0) size 64x19
      text run at (0,0) width 64: "Individual"
layer at (79,371) size 80x80
  LayoutBlockFlow (positioned) {DIV} at (1,53) size 80x80 [bgcolor=#008000]
