layer at (0,0) size 800x600 clip at (0,0) size 785x600 scrollHeight 751
  LayoutView at (0,0) size 800x600
layer at (0,0) size 785x751 backgroundClip at (0,0) size 785x600 clip at (0,0) size 785x600
  LayoutBlockFlow {HTML} at (0,0) size 785x751
    LayoutBlockFlow {BODY} at (8,8) size 769x735 [bgcolor=#CCCCCC]
      LayoutBlockFlow {P} at (0,0) size 769x20
        LayoutInline {<pseudo:first-letter>} at (0,0) size 9x19 [color=#800000]
          LayoutTextFragment (anonymous) at (0,0) size 9x19
            text run at (0,0) width 9: "T"
        LayoutTextFragment {#text} at (9,0) size 328x19
          text run at (9,0) width 328: "he style declarations which apply to the text below are:"
      LayoutBlockFlow {PRE} at (0,36) size 769x64
        LayoutText {#text} at (0,0) size 312x64
          text run at (0,0) width 248: "P:first-letter {color: maroon;}"
          text run at (248,0) width 0: " "
          text run at (0,16) width 288: ".two:first-letter {font-size: 200%;}"
          text run at (288,16) width 0: " "
          text run at (0,32) width 312: "P.three:first-letter {font-size: 350%;}"
          text run at (312,32) width 0: " "
          text run at (0,48) width 0: " "
      LayoutBlockFlow {P} at (0,131) size 769x60
        LayoutInline {<pseudo:first-letter>} at (0,0) size 9x19 [color=#800000]
          LayoutTextFragment (anonymous) at (0,0) size 9x19
            text run at (0,0) width 9: "T"
        LayoutTextFragment {#text} at (9,0) size 758x59
          text run at (9,0) width 414: "he first letter of this paragraph, and only that one, should be maroon. "
          text run at (423,0) width 335: "If this precise combination does not occur, then the user"
          text run at (0,20) width 149: "agent has failed this test. "
          text run at (149,20) width 609: "Remember that in order to ensure a complete test, the paragraph must be displayed on more than one"
          text run at (0,40) width 24: "line."
      LayoutBlockFlow {P} at (0,207) size 769x77
        LayoutInline {<pseudo:first-letter>} at (0,0) size 19x36 [color=#800000]
          LayoutTextFragment (anonymous) at (0,0) size 19x36
            text run at (0,0) width 19: "T"
        LayoutTextFragment {#text} at (19,13) size 766x63
          text run at (19,13) width 582: "he first letter of this paragraph, and only that one, should be a larger font size, as well as maroon. "
          text run at (600,13) width 158: "If this precise combination"
          text run at (0,37) width 327: "does not occur, then the user agent has failed this test. "
          text run at (326,37) width 440: "Remember that in order to ensure a complete test, the paragraph must be"
          text run at (0,57) width 194: "displayed on more than one line."
      LayoutBlockFlow {P} at (0,300) size 769x106
        LayoutInline {<pseudo:first-letter>} at (0,0) size 75x64 [color=#800000]
          LayoutTextFragment (anonymous) at (0,1) size 75x64
            text run at (0,1) width 75: "\"W"
        LayoutTextFragment {#text} at (75,36) size 768x69
          text run at (75,36) width 305: "e should check for quotation support,\" it was said. "
          text run at (380,36) width 388: "The first two characters in this paragraph-- a double-quote mark"
          text run at (0,66) width 525: "and a capital 'W'-- should be 350% bigger than the rest of the paragraph, and maroon. "
          text run at (525,66) width 209: "Note that this is not required under"
          text run at (0,86) width 182: "CSS1, but it is recommended."
      LayoutTable {TABLE} at (0,422) size 769x313 [border: (1px outset #808080)]
        LayoutTableSection {TBODY} at (1,1) size 767x311
          LayoutTableRow {TR} at (0,0) size 767x28
            LayoutTableCell {TD} at (0,0) size 767x28 [bgcolor=#C0C0C0] [border: (1px inset #808080)] [r=0 c=0 rs=1 cs=2]
              LayoutInline {STRONG} at (0,0) size 157x19
                LayoutText {#text} at (4,4) size 157x19
                  text run at (4,4) width 157: "TABLE Testing Section"
          LayoutTableRow {TR} at (0,28) size 767x283
            LayoutTableCell {TD} at (0,155) size 12x28 [bgcolor=#C0C0C0] [border: (1px inset #808080)] [r=1 c=0 rs=1 cs=1]
              LayoutText {#text} at (4,4) size 4x19
                text run at (4,4) width 4: " "
            LayoutTableCell {TD} at (12,28) size 755x283 [border: (1px inset #808080)] [r=1 c=1 rs=1 cs=1]
              LayoutBlockFlow {P} at (4,4) size 747x60
                LayoutInline {<pseudo:first-letter>} at (0,0) size 9x19 [color=#800000]
                  LayoutTextFragment (anonymous) at (0,0) size 9x19
                    text run at (0,0) width 9: "T"
                LayoutTextFragment {#text} at (9,0) size 732x59
                  text run at (9,0) width 414: "he first letter of this paragraph, and only that one, should be maroon. "
                  text run at (423,0) width 306: "If this precise combination does not occur, then the"
                  text run at (0,20) width 178: "user agent has failed this test. "
                  text run at (178,20) width 554: "Remember that in order to ensure a complete test, the paragraph must be displayed on more"
                  text run at (0,40) width 79: "than one line."
              LayoutBlockFlow {P} at (4,80) size 747x77
                LayoutInline {<pseudo:first-letter>} at (0,0) size 19x36 [color=#800000]
                  LayoutTextFragment (anonymous) at (0,0) size 19x36
                    text run at (0,0) width 19: "T"
                LayoutTextFragment {#text} at (19,13) size 727x63
                  text run at (19,13) width 582: "he first letter of this paragraph, and only that one, should be a larger font size, as well as maroon. "
                  text run at (600,13) width 81: "If this precise"
                  text run at (0,37) width 404: "combination does not occur, then the user agent has failed this test. "
                  text run at (403,37) width 324: "Remember that in order to ensure a complete test, the"
                  text run at (0,57) width 310: "paragraph must be displayed on more than one line."
              LayoutBlockFlow {P} at (4,173) size 747x106
                LayoutInline {<pseudo:first-letter>} at (0,0) size 75x64 [color=#800000]
                  LayoutTextFragment (anonymous) at (0,1) size 75x64
                    text run at (0,1) width 75: "\"W"
                LayoutTextFragment {#text} at (75,36) size 733x69
                  text run at (75,36) width 305: "e should check for quotation support,\" it was said. "
                  text run at (380,36) width 353: "The first two characters in this paragraph-- a double-quote"
                  text run at (0,66) width 560: "mark and a capital 'W'-- should be 350% bigger than the rest of the paragraph, and maroon. "
                  text run at (560,66) width 171: "Note that this is not required"
                  text run at (0,86) width 220: "under CSS1, but it is recommended."
layer at (8,121) size 769x2 clip at (0,0) size 0x0
  LayoutBlockFlow {HR} at (0,113) size 769x2 [border: (1px inset #EEEEEE)]
