layer at (0,0) size 800x600 clip at (0,0) size 785x600 scrollHeight 699
  LayoutView at (0,0) size 800x600
layer at (0,0) size 785x699 backgroundClip at (0,0) size 785x600 clip at (0,0) size 785x600
  LayoutBlockFlow {HTML} at (0,0) size 785x699
    LayoutBlockFlow {BODY} at (8,8) size 769x683 [bgcolor=#CCCCCC]
      LayoutBlockFlow {P} at (0,0) size 769x20
        LayoutText {#text} at (0,0) size 337x19
          text run at (0,0) width 337: "The style declarations which apply to the text below are:"
      LayoutBlockFlow {PRE} at (0,36) size 769x64
        LayoutText {#text} at (0,0) size 360x64
          text run at (0,0) width 224: "P:first-line {color: green;}"
          text run at (224,0) width 0: " "
          text run at (0,16) width 272: ".two:first-line {font-size: 200%;}"
          text run at (272,16) width 0: " "
          text run at (0,32) width 360: ".three:first-line {font-variant: small-caps;}"
          text run at (360,32) width 0: " "
          text run at (0,48) width 0: " "
      LayoutBlockFlow {P} at (0,131) size 769x60
        LayoutText {#text} at (0,0) size 758x59
          text run at (0,0) width 400: "The first line of this paragraph, and only that one, should be green. "
          text run at (400,0) width 335: "If this precise combination does not occur, then the user"
          text run at (0,20) width 149: "agent has failed this test. "
          text run at (149,20) width 609: "Remember that in order to ensure a complete test, the paragraph must be displayed on more than one"
          text run at (0,40) width 24: "line."
      LayoutBlockFlow {P} at (0,207) size 769x77
        LayoutText {#text} at (0,0) size 759x76
          text run at (0,0) width 749: "The first line of this paragraph, and only that one, should be"
          text run at (0,37) width 205: "a larger font size as well as green. "
          text run at (204,37) width 489: "If this precise combination does not occur, then the user agent has failed this test. "
          text run at (692,37) width 67: "Remember"
          text run at (0,57) width 567: "that in order to ensure a complete test, the paragraph must be displayed on more than one line."
      LayoutBlockFlow {P} at (0,300) size 769x80
        LayoutText {#text} at (0,0) size 763x59
          text run at (0,0) width 646: "The first line of this paragraph, and only that one, should be displayed in small-caps style. "
          text run at (645,0) width 118: "Thus, if the first"
          text run at (0,20) width 760: "line is not in small-caps style, OR if the entire paragraph turns out in small-caps, then the user agent has failed this test (although"
          text run at (0,40) width 157: "the problem might be that "
        LayoutInline {CODE} at (0,0) size 80x16
          LayoutText {#text} at (157,43) size 80x16
            text run at (157,43) width 80: "small-caps"
        LayoutText {#text} at (237,40) size 725x39
          text run at (237,40) width 218: " is not supported by your browser). "
          text run at (455,40) width 270: "This is extra text included for the purposes of"
          text run at (0,60) width 372: "making the paragraph long enough to have more than one line."
      LayoutTable {TABLE} at (0,396) size 769x287 [border: (1px outset #808080)]
        LayoutTableSection {TBODY} at (1,1) size 767x285
          LayoutTableRow {TR} at (0,0) size 767x28
            LayoutTableCell {TD} at (0,0) size 767x28 [bgcolor=#C0C0C0] [border: (1px inset #808080)] [r=0 c=0 rs=1 cs=2]
              LayoutInline {STRONG} at (0,0) size 157x19
                LayoutText {#text} at (4,4) size 157x19
                  text run at (4,4) width 157: "TABLE Testing Section"
          LayoutTableRow {TR} at (0,28) size 767x257
            LayoutTableCell {TD} at (0,142) size 12x28 [bgcolor=#C0C0C0] [border: (1px inset #808080)] [r=1 c=0 rs=1 cs=1]
              LayoutText {#text} at (4,4) size 4x19
                text run at (4,4) width 4: " "
            LayoutTableCell {TD} at (12,28) size 755x257 [border: (1px inset #808080)] [r=1 c=1 rs=1 cs=1]
              LayoutBlockFlow {P} at (4,4) size 747x60
                LayoutText {#text} at (0,0) size 735x59
                  text run at (0,0) width 400: "The first line of this paragraph, and only that one, should be green. "
                  text run at (400,0) width 335: "If this precise combination does not occur, then the user"
                  text run at (0,20) width 149: "agent has failed this test. "
                  text run at (149,20) width 583: "Remember that in order to ensure a complete test, the paragraph must be displayed on more than"
                  text run at (0,40) width 50: "one line."
              LayoutBlockFlow {P} at (4,80) size 747x77
                LayoutText {#text} at (0,0) size 711x76
                  text run at (0,0) width 711: "The first line of this paragraph, and only that one, should"
                  text run at (0,37) width 224: "be a larger font size as well as green. "
                  text run at (223,37) width 485: "If this precise combination does not occur, then the user agent has failed this test."
                  text run at (0,57) width 637: "Remember that in order to ensure a complete test, the paragraph must be displayed on more than one line."
              LayoutBlockFlow {P} at (4,173) size 747x80
                LayoutText {#text} at (0,0) size 727x59
                  text run at (0,0) width 646: "The first line of this paragraph, and only that one, should be displayed in small-caps style. "
                  text run at (645,0) width 81: "Thus, if the"
                  text run at (0,20) width 727: "first line is not in small-caps style, OR if the entire paragraph turns out in small-caps, then the user agent has failed this test"
                  text run at (0,40) width 216: "(although the problem might be that "
                LayoutInline {CODE} at (0,0) size 80x16
                  LayoutText {#text} at (216,43) size 80x16
                    text run at (216,43) width 80: "small-caps"
                LayoutText {#text} at (296,40) size 709x39
                  text run at (296,40) width 218: " is not supported by your browser). "
                  text run at (514,40) width 195: "This is extra text included for the"
                  text run at (0,60) width 447: "purposes of making the paragraph long enough to have more than one line."
layer at (8,121) size 769x2 clip at (0,0) size 0x0
  LayoutBlockFlow {HR} at (0,113) size 769x2 [border: (1px inset #EEEEEE)]
