layer at (0,0) size 800x600
  LayoutView at (0,0) size 800x600
layer at (0,0) size 800x600
  LayoutBlockFlow {HTML} at (0,0) size 800x600
    LayoutBlockFlow {BODY} at (8,8) size 784x584
      LayoutBR {BR} at (0,0) size 0x18
      LayoutText {#text} at (0,18) size 681x18
        text run at (0,18) width 681: "This tests that preventDefault called onmousedown will prevent a caret from being placed in the text field."
layer at (10,50) size 131x19 clip at (12,52) size 127x15
  LayoutTextControl (positioned) {INPUT} at (10,50) size 131x19 [bgcolor=#FFFFFF] [border: (2px inset #EEEEEE)]
layer at (13,53) size 125x13
  LayoutBlockFlow {DIV} at (3,3) size 125x13
    LayoutText {#text} at (0,0) size 120x13
      text run at (0,0) width 120: "No caret should be here"
layer at (10,70) size 328x36
  LayoutBlockFlow (positioned) {DIV} at (10,70) size 327.64x36
    LayoutBR {BR} at (0,0) size 0x18
    LayoutText {#text} at (0,18) size 328x18
      text run at (0,18) width 328: "mousedown on target [object HTMLInputElement]"
