layer at (0,0) size 800x600
  LayoutView at (0,0) size 800x600
layer at (0,0) size 800x600
  LayoutBlockFlow {HTML} at (0,0) size 800x600
    LayoutBlockFlow {BODY} at (8,8) size 784x584
      LayoutBlockFlow {P} at (0,0) size 784x18
        LayoutText {#text} at (0,0) size 329x18
          text run at (0,0) width 329: "This is a repaint test of inline blocks with overflow."
      LayoutBlockFlow (anonymous) at (0,44) size 784x20
        LayoutInline {SPAN} at (0,0) size 200x18
          LayoutText {#text} at (0,0) size 100x18
            text run at (0,0) width 100: "Here comes an "
          LayoutBlockFlow {SPAN} at (99.06,0) size 100x20 [bgcolor=#C0C0C0]
            LayoutText {#text} at (0,0) size 93x36
              text run at (0,0) width 76: "inline block"
              text run at (0,18) width 93: "with overflow."
        LayoutText {#text} at (0,0) size 0x0
layer at (8,42) size 784x2 clip at (0,0) size 0x0
  LayoutBlockFlow {HR} at (0,34) size 784x2 [border: (1px inset #EEEEEE)]
