EDITING DELEGATE: webViewDidChangeSelection:WebViewDidChangeSelectionNotification
EDITING DELEGATE: webViewDidChangeSelection:WebViewDidChangeSelectionNotification
EDITING DELEGATE: webViewDidChangeSelection:WebViewDidChangeSelectionNotification
EDITING DELEGATE: webViewDidChangeSelection:WebViewDidChangeSelectionNotification
EDITING DELEGATE: webViewDidChange:WebViewDidChangeNotification
layer at (0,0) size 800x600
  LayoutView at (0,0) size 800x600
layer at (0,0) size 800x600
  LayoutBlockFlow {HTML} at (0,0) size 800x600
    LayoutBlockFlow {BODY} at (8,8) size 784x584
      LayoutBlockFlow {DIV} at (0,0) size 784x240 [border: (2px solid #0000FF)]
        LayoutBlockFlow {DIV} at (14,14) size 756x84
          LayoutText {#text} at (0,0) size 66x28
            text run at (0,0) width 66: "Tests: "
          LayoutBR {BR} at (0,0) size 0x0
          LayoutText {#text} at (0,28) size 622x28
            text run at (0,28) width 622: "Delete at the end of document when there is a BR following a P. "
          LayoutBR {BR} at (621,50) size 1x0
          LayoutText {#text} at (0,56) size 437x28
            text run at (0,56) width 437: "This is a test case for rdar://problem/4110366"
        LayoutBlockFlow {DIV} at (14,114) size 756x112
          LayoutText {#text} at (0,0) size 190x28
            text run at (0,0) width 190: "Expected Results: "
          LayoutBR {BR} at (189,22) size 1x0
          LayoutText {#text} at (0,28) size 715x56
            text run at (0,28) width 239: "Red box with four lines. "
            text run at (238,28) width 477: "The second line is a nested red box with the word"
            text run at (0,56) width 80: "\"hello\". "
            text run at (79,56) width 311: "The other three lines are empty. "
          LayoutBR {BR} at (389,78) size 1x0
          LayoutText {#text} at (0,84) size 461x28
            text run at (0,84) width 461: "Selection is a caret at the start of the fourth line."
      LayoutBlockFlow {DIV} at (0,264) size 784x140 [border: (2px solid #FF0000)]
        LayoutBlockFlow {P} at (2,26) size 780x32 [border: (2px solid #FF0000)]
          LayoutText {#text} at (2,2) size 48x28
            text run at (2,2) width 48: "hello"
        LayoutBlockFlow {P} at (2,82) size 780x32 [border: (2px solid #FF0000)]
          LayoutBR {BR} at (2,2) size 0x28
caret: position 0 of child 0 {BR} of child 1 {P} of child 3 {DIV} of body
