EDITING DELEGATE: webViewDidChangeSelection:WebViewDidChangeSelectionNotification
EDITING DELEGATE: webViewDidChangeSelection:WebViewDidChangeSelectionNotification
EDITING DELEGATE: webViewDidChange:WebViewDidChangeNotification
layer at (0,0) size 800x600
  LayoutView at (0,0) size 800x600
layer at (0,0) size 800x600
  LayoutBlockFlow {HTML} at (0,0) size 800x600
    LayoutBlockFlow {BODY} at (8,8) size 784x584
      LayoutBlockFlow {P} at (0,0) size 784x36
        LayoutText {#text} at (0,0) size 762x36
          text run at (0,0) width 351: "This places the caret before the 'b' in 'bar' and Deletes. "
          text run at (350,0) width 412: "'foo' and 'bar' should end up on the same line, but neither should"
          text run at (0,18) width 84: "change style."
      LayoutBlockFlow {DIV} at (0,52) size 784x18
        LayoutBlockFlow {DIV} at (0,0) size 784x18
          LayoutText {#text} at (0,0) size 22x18
            text run at (0,0) width 22: "foo"
          LayoutInline {SPAN} at (21,0) size 25x18
            LayoutText {#text} at (21,0) size 25x18
              text run at (21,0) width 25: "bar"
caret: position 3 of child 0 {#text} of child 1 {DIV} of child 2 {DIV} of body
