EDITING DELEGATE: webViewDidChangeSelection:WebViewDidChangeSelectionNotification
EDITING DELEGATE: webViewDidChangeSelection:WebViewDidChangeSelectionNotification
EDITING DELEGATE: webViewDidChange:WebViewDidChangeNotification
layer at (0,0) size 800x600
  LayoutView at (0,0) size 800x600
layer at (0,0) size 800x600
  LayoutBlockFlow {HTML} at (0,0) size 800x600
    LayoutBlockFlow {BODY} at (8,8) size 784x584
      LayoutBlockFlow {P} at (0,0) size 784x36
        LayoutText {#text} at (0,0) size 741x36
          text run at (0,0) width 741: "This places the caret before the 'T' in 'Two' and Deletes. 'One' and 'Two' should be merged but the blocks containing"
          text run at (0,18) width 280: "'Three' and 'Four' should remain untouched."
      LayoutBlockFlow {DIV} at (8,52) size 768x176
        LayoutBlockFlow {DIV} at (16,16) size 736x40 [border: (3px solid #FF0000)]
          LayoutText {#text} at (11,11) size 55x18
            text run at (11,11) width 55: "OneTwo"
        LayoutBlockFlow {DIV} at (16,64) size 736x96 [border: (3px solid #008000)]
          LayoutBlockFlow {DIV} at (19,19) size 698x40 [border: (3px solid #000000)]
            LayoutText {#text} at (11,11) size 38x18
              text run at (11,11) width 38: "Three"
          LayoutBlockFlow (anonymous) at (11,67) size 714x18
            LayoutText {#text} at (0,0) size 31x18
              text run at (0,0) width 31: "Four"
caret: position 3 of child 0 {#text} of child 1 {DIV} of child 2 {DIV} of body
