layer at (0,0) size 800x600
  LayoutView at (0,0) size 800x600
layer at (0,0) size 800x148
  LayoutBlockFlow {HTML} at (0,0) size 800x148
    LayoutBlockFlow {BODY} at (8,8) size 784x132
      LayoutBlockFlow {DIV} at (0,0) size 784x108 [border: (3px solid #FF0000)]
        LayoutBlockFlow (anonymous) at (3,3) size 778x18
          LayoutText {#text} at (0,0) size 138x18
            text run at (0,0) width 138: "Destination container"
        LayoutBlockFlow {P} at (3,37) size 778x18
          LayoutText {#text} at (0,0) size 24x18
            text run at (0,0) width 24: "one"
        LayoutBlockFlow {P} at (3,71) size 778x18
          LayoutText {#text} at (0,0) size 24x18
            text run at (0,0) width 24: "two"
      LayoutBlockFlow {DIV} at (0,108) size 784x24 [border: (3px solid #0000FF)]
        LayoutText {#text} at (3,3) size 108x18
          text run at (3,3) width 108: "Source container"
