EDITING DELEGATE: webViewDidChangeSelection:WebViewDidChangeSelectionNotification
EDITING DELEGATE: webViewDidChangeSelection:WebViewDidChangeSelectionNotification
EDITING DELEGATE: webViewDidChange:WebViewDidChangeNotification
layer at (0,0) size 800x600
  LayoutView at (0,0) size 800x600
layer at (0,0) size 800x600
  LayoutBlockFlow {HTML} at (0,0) size 800x600
    LayoutBlockFlow {BODY} at (8,8) size 784x584
      LayoutBlockFlow {P} at (0,0) size 784x18
        LayoutText {#text} at (0,0) size 737x18
          text run at (0,0) width 372: "This tests deletion of a selection that spans multiple cells. "
          text run at (371,0) width 366: "Just table content should be removed, not table structure."
      LayoutBlockFlow {DIV} at (0,34) size 784x28
        LayoutTable {TABLE} at (0,0) size 351x28 [border: (1px outset #808080)]
          LayoutTableSection {TBODY} at (1,1) size 349x26
            LayoutTableRow {TR} at (0,2) size 349x22
              LayoutTableCell {TD} at (2,2) size 160x22 [border: (1px inset #808080)] [r=0 c=0 rs=1 cs=1]
                LayoutBlockFlow {DIV} at (2,2) size 156x18
                  LayoutText {#text} at (0,0) size 156x18
                    text run at (0,0) width 156: "These two pieces of text"
              LayoutTableCell {TD} at (164,2) size 183x22 [border: (1px inset #808080)] [r=0 c=1 rs=1 cs=1]
                LayoutBlockFlow {DIV} at (2,2) size 179x18
                  LayoutText {#text} at (0,0) size 179x18
                    text run at (0,0) width 179: " should be in different cells."
caret: position 24 of child 0 {#text} of child 0 {DIV} of child 0 {TD} of child 0 {TR} of child 0 {TBODY} of child 0 {TABLE} of child 2 {DIV} of body
