layer at (0,0) size 1600x1200
  LayoutView at (0,0) size 1600x1200
layer at (0,0) size 1600x149
  LayoutBlockFlow {HTML} at (0,0) size 1600x149
    LayoutBlockFlow {BODY} at (16,16) size 1568x117
      LayoutBlockFlow {DIV} at (0,0) size 1568x37
        LayoutText {#text} at (0,0) size 949x36
          text run at (0,0) width 949: "This test passes if the resize corner icon appears high-resolution in HiDPI."
      LayoutBlockFlow (anonymous) at (0,37) size 1568x80
        LayoutText {#text} at (0,0) size 0x0
layer at (16,53) size 347x72 clip at (18,55) size 343x68
  LayoutTextControl {TEXTAREA} at (0,0) size 347x72 [bgcolor=#FFFFFF] [border: (2px solid #A9A9A9)]
    LayoutBlockFlow {DIV} at (6,6) size 335x30
