layer at (0,0) size 2400x1800
  LayoutView at (0,0) size 2400x1800
layer at (0,0) size 2400x408
  LayoutBlockFlow {HTML} at (0,0) size 2400x408
    LayoutBlockFlow {BODY} at (24,24) size 2352x360
layer at (24,24) size 600x360 clip at (24,24) size 555x315 scrollWidth 1200 scrollHeight 820
  LayoutBlockFlow {DIV} at (0,0) size 600x360
    LayoutBlockFlow (anonymous) at (0,0) size 555x220
      LayoutBR {BR} at (0,1) size 0x53
      LayoutText {#text} at (0,56) size 538x163
        text run at (0,56) width 512: "This should be a scrollable"
        text run at (0,111) width 538: "text box with horizontal and"
        text run at (0,166) width 272: "vertical scroll."
    LayoutBlockFlow {DIV} at (0,220) size 1200x600
