layer at (0,0) size 800x600 clip at (0,0) size 785x600 scrollHeight 623
  LayoutView at (0,0) size 800x600
layer at (0,0) size 785x623 backgroundClip at (0,0) size 785x600 clip at (0,0) size 785x600
  LayoutBlockFlow {HTML} at (0,0) size 785x623
    LayoutBlockFlow {BODY} at (8,16) size 769x599
      LayoutBlockFlow {P} at (0,0) size 769x18
        LayoutText {#text} at (0,0) size 607x18
          text run at (0,0) width 607: "Testing masks with filters on compositing layers. Left and right columns should look the same."
      LayoutBlockFlow (anonymous) at (0,34) size 769x565
        LayoutBlockFlow {DIV} at (0,0) size 262x562 [border: (1px solid #000000)]
          LayoutText {#text} at (0,0) size 0x0
        LayoutText {#text} at (262,547) size 4x18
          text run at (262,547) width 4: " "
        LayoutBlockFlow {DIV} at (266,0) size 262x562 [border: (1px solid #000000)]
          LayoutText {#text} at (0,0) size 0x0
        LayoutText {#text} at (0,0) size 0x0
layer at (9,51) size 260x560 backgroundClip at (9,51) size 260x549 clip at (9,51) size 260x549 transparent
  LayoutImage {IMG} at (1,1) size 260x560
layer at (275,51) size 260x560 backgroundClip at (275,51) size 260x549 clip at (275,51) size 260x549 transparent
  LayoutImage {IMG} at (1,1) size 260x560
