layer at (0,0) size 800x600 clip at (0,0) size 785x600 scrollHeight 641
  LayoutView at (0,0) size 800x600
layer at (0,0) size 785x641 backgroundClip at (0,0) size 785x600 clip at (0,0) size 785x600
  LayoutBlockFlow {HTML} at (0,0) size 785x641
    LayoutBlockFlow {BODY} at (8,16) size 769x617
      LayoutBlockFlow {P} at (0,0) size 769x36
        LayoutText {#text} at (0,0) size 766x36
          text run at (0,0) width 766: "Testing masks with filters on compositing layers. Left and right columns should look almost the same, composited filter"
          text run at (0,18) width 144: "look slightly different."
      LayoutBlockFlow (anonymous) at (0,52) size 769x565
        LayoutText {#text} at (262,547) size 4x18
          text run at (262,547) width 4: " "
        LayoutText {#text} at (0,0) size 0x0
layer at (8,68) size 262x562 backgroundClip at (0,0) size 785x600 clip at (0,0) size 785x600
  LayoutBlockFlow (relative positioned) {DIV} at (0,0) size 262x562 [border: (1px solid #000000)]
    LayoutText {#text} at (0,0) size 0x0
layer at (9,69) size 260x560 backgroundClip at (9,69) size 260x531 clip at (9,69) size 260x531 transparent
  LayoutImage {IMG} at (1,1) size 260x560
layer at (274,68) size 262x562 backgroundClip at (0,0) size 785x600 clip at (0,0) size 785x600
  LayoutBlockFlow (relative positioned) {DIV} at (266,0) size 262x562 [border: (1px solid #000000)]
    LayoutText {#text} at (0,0) size 0x0
layer at (275,69) size 260x560 backgroundClip at (275,69) size 260x531 clip at (275,69) size 260x531 transparent
  LayoutImage {IMG} at (1,1) size 260x560
