layer at (0,0) size 800x600
  LayoutView at (0,0) size 800x600
layer at (0,0) size 800x600
  LayoutBlockFlow {HTML} at (0,0) size 800x600
    LayoutBlockFlow {BODY} at (8,8) size 470x582
      LayoutBlockFlow (anonymous) at (0,0) size 470x306
        LayoutText {#text} at (0,0) size 332x18
          text run at (0,0) width 332: "This tests basic inputs. Here's what you should see: "
        LayoutBR {BR} at (331,14) size 1x0
        LayoutBR {BR} at (0,18) size 0x18
        LayoutText {#text} at (0,36) size 461x54
          text run at (0,36) width 442: "first line: the letter \"a\" and then a text input field filled with repeating"
          text run at (0,54) width 86: "\"foobarbaz\", "
          text run at (85,54) width 376: "then the word \"text\" followed by a disabled text input field"
          text run at (0,72) width 335: "filled with \"foo\" and then the letter \"b\" and then \"a\" "
        LayoutBR {BR} at (334,86) size 1x0
        LayoutBR {BR} at (0,90) size 0x18
        LayoutText {#text} at (0,108) size 467x54
          text run at (0,108) width 437: "second line: and then a password input field that's filled and then the"
          text run at (0,126) width 467: "word \"password\" and then a disabled password field that's filled and then"
          text run at (0,144) width 86: "the letter \"b\" "
        LayoutBR {BR} at (85,158) size 1x0
        LayoutBR {BR} at (0,162) size 0x18
        LayoutText {#text} at (0,180) size 459x36
          text run at (0,180) width 459: "third line: the letter \"a\" and then a checkbox (unchecked) with the word"
          text run at (0,198) width 360: "\"checkbox\" and then a disabled checkbox and letter \"b\" "
        LayoutBR {BR} at (359,212) size 1x0
        LayoutBR {BR} at (0,216) size 0x18
        LayoutText {#text} at (0,234) size 457x54
          text run at (0,234) width 411: "fourth line: the last line has the letter \"a\" and then a redio button"
          text run at (0,252) width 457: "(unselected) and then the word \"radio\" and then a disabled radio button"
          text run at (0,270) width 113: "and the letter \"b\" "
        LayoutBR {BR} at (112,284) size 1x0
        LayoutBR {BR} at (0,288) size 0x18
      LayoutBlockFlow {DIV} at (10,316) size 450x40 [border: (1px solid #FF0000)]
        LayoutText {#text} at (1,1) size 8x18
          text run at (1,1) width 8: "a"
        LayoutTextControl {INPUT} at (8.09,1) size 131x19 [bgcolor=#FFFFFF] [border: (2px inset #EEEEEE)]
        LayoutText {#text} at (139,1) size 29x18
          text run at (139,1) width 29: "text "
        LayoutTextControl {INPUT} at (167.08,1) size 131x19 [color=#545454] [bgcolor=#FFFFFF] [border: (2px inset #EEEEEE)]
        LayoutText {#text} at (298,1) size 20x18
          text run at (298,1) width 13: "b "
          text run at (310,1) width 8: "a"
        LayoutTextControl {INPUT} at (317.17,1) size 131x19 [bgcolor=#FFFFFF] [border: (2px inset #EEEEEE)]
        LayoutText {#text} at (1,20) size 65x18
          text run at (1,20) width 65: "password "
        LayoutTextControl {INPUT} at (65.44,20) size 131x19 [color=#545454] [bgcolor=#FFFFFF] [border: (2px inset #EEEEEE)]
        LayoutText {#text} at (196,20) size 9x18
          text run at (196,20) width 9: "b"
      LayoutBlockFlow {DIV} at (10,366) size 450x21 [border: (1px solid #FF0000)]
        LayoutText {#text} at (1,1) size 8x18
          text run at (1,1) width 8: "a"
        LayoutBlockFlow {INPUT} at (10.97,5) size 12x12
        LayoutText {#text} at (25,1) size 67x18
          text run at (25,1) width 67: "checkbox "
        LayoutBlockFlow {INPUT} at (94.02,5) size 12x12 [color=#545454]
        LayoutText {#text} at (108,1) size 9x18
          text run at (108,1) width 9: "b"
      LayoutBlockFlow {DIV} at (10,397) size 450x21 [border: (1px solid #FF0000)]
        LayoutText {#text} at (1,1) size 8x18
          text run at (1,1) width 8: "a"
        LayoutBlockFlow {INPUT} at (10.97,4) size 12x13
        LayoutText {#text} at (25,1) size 38x18
          text run at (25,1) width 38: "radio "
        LayoutBlockFlow {INPUT} at (65.59,4) size 12x13 [color=#545454]
        LayoutText {#text} at (80,1) size 9x18
          text run at (80,1) width 9: "b"
layer at (29,328) size 125x13 scrollWidth 152
  LayoutBlockFlow {DIV} at (3,3) size 125x13
    LayoutText {#text} at (0,0) size 152x13
      text run at (0,0) width 152: "foobarbazfoobarbazfoobarbaz"
layer at (188,328) size 125x13
  LayoutBlockFlow {DIV} at (3,3) size 125x13
    LayoutText {#text} at (0,0) size 17x13
      text run at (0,0) width 17: "foo"
layer at (338,328) size 125x13
  LayoutBlockFlow {DIV} at (3,3) size 125x13
    LayoutText {#text} at (0,0) size 19x13
      text run at (0,0) width 19: "\x{2022}\x{2022}\x{2022}"
layer at (86,347) size 125x13
  LayoutBlockFlow {DIV} at (3,3) size 125x13
    LayoutText {#text} at (0,0) size 19x13
      text run at (0,0) width 19: "\x{2022}\x{2022}\x{2022}"
