layer at (0,0) size 800x600
  LayoutView at (0,0) size 800x600
layer at (0,0) size 800x600
  LayoutBlockFlow {HTML} at (0,0) size 800x600
    LayoutBlockFlow {BODY} at (8,8) size 784x584
      LayoutBlockFlow (anonymous) at (0,0) size 784x18
        LayoutText {#text} at (0,0) size 351x18
          text run at (0,0) width 351: "This tests that buttons don't honor table display styles. "
        LayoutBR {BR} at (350,14) size 1x0
      LayoutButton {INPUT} at (0,18) size 82.27x18 [bgcolor=#FFFFFF]
        LayoutBlockFlow (anonymous) at (8,2) size 66.27x13
          LayoutText {#text} at (0,0) size 67x13
            text run at (0,0) width 67: "display: table"
      LayoutButton {INPUT} at (0,36) size 82.27x18 [bgcolor=#FFFFFF]
        LayoutBlockFlow (anonymous) at (8,2) size 66.27x13
          LayoutText {#text} at (0,0) size 67x13
            text run at (0,0) width 67: "display: table"
      LayoutBlockFlow (anonymous) at (0,54) size 784x351
        LayoutBR {BR} at (0,0) size 0x18
        LayoutBR {BR} at (0,18) size 0x18
        LayoutButton {INPUT} at (0,37) size 112.50x18 [bgcolor=#FFFFFF]
          LayoutBlockFlow (anonymous) at (8,2) size 96.50x13
            LayoutText {#text} at (0,0) size 97x13
              text run at (0,0) width 97: "display: inline-table"
        LayoutText {#text} at (112,36) size 5x18
          text run at (112,36) width 5: " "
        LayoutButton {INPUT} at (116.50,37) size 112.50x18 [bgcolor=#FFFFFF]
          LayoutBlockFlow (anonymous) at (8,2) size 96.50x13
            LayoutText {#text} at (0,0) size 97x13
              text run at (0,0) width 97: "display: inline-table"
        LayoutText {#text} at (229,36) size 4x18
          text run at (229,36) width 4: " "
        LayoutBR {BR} at (233,50) size 0x0
        LayoutBR {BR} at (0,55) size 0x18
        LayoutButton {INPUT} at (0,74) size 138.58x18 [bgcolor=#FFFFFF]
          LayoutBlockFlow (anonymous) at (8,2) size 122.58x13
            LayoutText {#text} at (0,0) size 123x13
              text run at (0,0) width 123: "display: table-row-group"
        LayoutText {#text} at (138,73) size 5x18
          text run at (138,73) width 5: " "
        LayoutButton {INPUT} at (142.58,74) size 138.58x18 [bgcolor=#FFFFFF]
          LayoutBlockFlow (anonymous) at (8,2) size 122.58x13
            LayoutText {#text} at (0,0) size 123x13
              text run at (0,0) width 123: "display: table-row-group"
        LayoutText {#text} at (281,73) size 5x18
          text run at (281,73) width 5: " "
        LayoutBR {BR} at (285,87) size 1x0
        LayoutBR {BR} at (0,92) size 0x18
        LayoutButton {INPUT} at (0,111) size 154.13x18 [bgcolor=#FFFFFF]
          LayoutBlockFlow (anonymous) at (8,2) size 138.13x13
            LayoutText {#text} at (0,0) size 139x13
              text run at (0,0) width 139: "display: table-header-group"
        LayoutText {#text} at (154,110) size 5x18
          text run at (154,110) width 5: " "
        LayoutButton {INPUT} at (158.13,111) size 154.13x18 [bgcolor=#FFFFFF]
          LayoutBlockFlow (anonymous) at (8,2) size 138.13x13
            LayoutText {#text} at (0,0) size 139x13
              text run at (0,0) width 139: "display: table-header-group"
        LayoutText {#text} at (312,110) size 5x18
          text run at (312,110) width 5: " "
        LayoutBR {BR} at (316,124) size 1x0
        LayoutBR {BR} at (0,129) size 0x18
        LayoutButton {INPUT} at (0,148) size 148.94x18 [bgcolor=#FFFFFF]
          LayoutBlockFlow (anonymous) at (8,2) size 132.94x13
            LayoutText {#text} at (0,0) size 133x13
              text run at (0,0) width 133: "display: table-footer-group"
        LayoutText {#text} at (148,147) size 5x18
          text run at (148,147) width 5: " "
        LayoutButton {INPUT} at (152.94,148) size 148.94x18 [bgcolor=#FFFFFF]
          LayoutBlockFlow (anonymous) at (8,2) size 132.94x13
            LayoutText {#text} at (0,0) size 133x13
              text run at (0,0) width 133: "display: table-footer-group"
        LayoutText {#text} at (301,147) size 5x18
          text run at (301,147) width 5: " "
        LayoutBR {BR} at (305,161) size 1x0
        LayoutBR {BR} at (0,166) size 0x18
        LayoutButton {INPUT} at (0,185) size 105.03x18 [bgcolor=#FFFFFF]
          LayoutBlockFlow (anonymous) at (8,2) size 89.03x13
            LayoutText {#text} at (0,0) size 90x13
              text run at (0,0) width 90: "display: table-row"
        LayoutText {#text} at (105,184) size 5x18
          text run at (105,184) width 5: " "
        LayoutButton {INPUT} at (109.03,185) size 105.03x18 [bgcolor=#FFFFFF]
          LayoutBlockFlow (anonymous) at (8,2) size 89.03x13
            LayoutText {#text} at (0,0) size 90x13
              text run at (0,0) width 90: "display: table-row"
        LayoutText {#text} at (214,184) size 5x18
          text run at (214,184) width 5: " "
        LayoutBR {BR} at (218,198) size 1x0
        LayoutBR {BR} at (0,203) size 0x18
        LayoutButton {INPUT} at (0,222) size 157.03x18 [bgcolor=#FFFFFF]
          LayoutBlockFlow (anonymous) at (8,2) size 141.03x13
            LayoutText {#text} at (0,0) size 142x13
              text run at (0,0) width 142: "display: table-column-group"
        LayoutText {#text} at (157,221) size 5x18
          text run at (157,221) width 5: " "
        LayoutButton {INPUT} at (161.03,222) size 157.03x18 [bgcolor=#FFFFFF]
          LayoutBlockFlow (anonymous) at (8,2) size 141.03x13
            LayoutText {#text} at (0,0) size 142x13
              text run at (0,0) width 142: "display: table-column-group"
        LayoutText {#text} at (318,221) size 5x18
          text run at (318,221) width 5: " "
        LayoutBR {BR} at (322,235) size 1x0
        LayoutBR {BR} at (0,240) size 0x18
        LayoutButton {INPUT} at (0,259) size 123.48x18 [bgcolor=#FFFFFF]
          LayoutBlockFlow (anonymous) at (8,2) size 107.48x13
            LayoutText {#text} at (0,0) size 108x13
              text run at (0,0) width 108: "display: table-column"
        LayoutText {#text} at (123,258) size 5x18
          text run at (123,258) width 5: " "
        LayoutButton {INPUT} at (127.48,259) size 123.48x18 [bgcolor=#FFFFFF]
          LayoutBlockFlow (anonymous) at (8,2) size 107.48x13
            LayoutText {#text} at (0,0) size 108x13
              text run at (0,0) width 108: "display: table-column"
        LayoutText {#text} at (250,258) size 5x18
          text run at (250,258) width 5: " "
        LayoutBR {BR} at (254,272) size 1x0
        LayoutBR {BR} at (0,277) size 0x18
        LayoutButton {INPUT} at (0,296) size 103.58x18 [bgcolor=#FFFFFF]
          LayoutBlockFlow (anonymous) at (8,2) size 87.58x13
            LayoutText {#text} at (0,0) size 88x13
              text run at (0,0) width 88: "display: table-cell"
        LayoutText {#text} at (103,295) size 5x18
          text run at (103,295) width 5: " "
        LayoutButton {INPUT} at (107.58,296) size 103.58x18 [bgcolor=#FFFFFF]
          LayoutBlockFlow (anonymous) at (8,2) size 87.58x13
            LayoutText {#text} at (0,0) size 88x13
              text run at (0,0) width 88: "display: table-cell"
        LayoutText {#text} at (211,295) size 5x18
          text run at (211,295) width 5: " "
        LayoutBR {BR} at (215,309) size 1x0
        LayoutBR {BR} at (0,314) size 0x18
        LayoutButton {INPUT} at (0,333) size 123.89x18 [bgcolor=#FFFFFF]
          LayoutBlockFlow (anonymous) at (8,2) size 107.89x13
            LayoutText {#text} at (0,0) size 108x13
              text run at (0,0) width 108: "display: table-caption"
        LayoutText {#text} at (123,332) size 5x18
          text run at (123,332) width 5: " "
        LayoutButton {INPUT} at (127.89,333) size 123.89x18 [bgcolor=#FFFFFF]
          LayoutBlockFlow (anonymous) at (8,2) size 107.89x13
            LayoutText {#text} at (0,0) size 108x13
              text run at (0,0) width 108: "display: table-caption"
        LayoutText {#text} at (0,0) size 0x0
