layer at (0,0) size 800x600
  LayoutView at (0,0) size 800x600
layer at (0,0) size 800x600
  LayoutBlockFlow {HTML} at (0,0) size 800x600
    LayoutBlockFlow {BODY} at (8,8) size 784x584
      LayoutBlockFlow {FORM} at (0,0) size 784x19
        LayoutBlockFlow {INPUT} at (2.88,3) size 12x13
        LayoutText {#text} at (17,0) size 33x18
          text run at (17,0) width 33: "Two "
        LayoutBlockFlow {INPUT} at (52.83,3) size 12x13
        LayoutText {#text} at (67,0) size 38x18
          text run at (67,0) width 38: "Three"
      LayoutBlockFlow {FORM} at (0,35) size 784x19
        LayoutBlockFlow {INPUT} at (2.88,3) size 12x13
        LayoutText {#text} at (17,0) size 32x18
          text run at (17,0) width 32: "One "
        LayoutBlockFlow {INPUT} at (51.28,3) size 12x13
        LayoutText {#text} at (66,0) size 33x18
          text run at (66,0) width 33: "Two "
        LayoutBlockFlow {INPUT} at (101.23,3) size 12x13
        LayoutText {#text} at (116,0) size 42x18
          text run at (116,0) width 42: "Three "
        LayoutBlockFlow {INPUT} at (160.28,3) size 12x13
        LayoutText {#text} at (175,0) size 27x18
          text run at (175,0) width 27: "One"
      LayoutBlockFlow (anonymous) at (0,70) size 784x36
        LayoutText {#text} at (0,0) size 779x36
          text run at (0,0) width 514: "The count of the # of elements in form 1 should be 2 and in form 2 should be 4. "
          text run at (513,0) width 266: "The count in form 1 is 2, and the count in"
          text run at (0,18) width 70: "form 2 is 4"
