layer at (0,0) size 800x600
  LayoutView at (0,0) size 800x600
layer at (0,0) size 800x600
  LayoutBlockFlow {HTML} at (0,0) size 800x600
    LayoutBlockFlow {BODY} at (8,8) size 784x584
      LayoutButton {INPUT} at (0,3) size 62.59x15 [bgcolor=#FFFFFF]
        LayoutBlockFlow (anonymous) at (8,2) size 46.59x11
          LayoutText {#text} at (0,0) size 47x11
            text run at (0,0) width 47: "Test Button"
      LayoutText {#text} at (62,0) size 5x18
        text run at (62,0) width 5: " "
      LayoutButton {INPUT} at (66.59,3) size 62.59x15 [bgcolor=#FFFFFF]
        LayoutBlockFlow (anonymous) at (8,2) size 46.59x11
          LayoutText {#text} at (0,0) size 47x11
            text run at (0,0) width 47: "Test Button"
      LayoutText {#text} at (129,0) size 5x18
        text run at (129,0) width 5: " "
      LayoutButton {INPUT} at (133.19,3) size 62.59x15 [bgcolor=#FFFFFF]
        LayoutBlockFlow (anonymous) at (8,2) size 46.59x11
          LayoutText {#text} at (0,0) size 47x11
            text run at (0,0) width 47: "Test Button"
      LayoutText {#text} at (195,0) size 5x18
        text run at (195,0) width 5: " "
      LayoutButton {INPUT} at (199.78,3) size 62.59x15 [bgcolor=#FFFFFF]
        LayoutBlockFlow (anonymous) at (8,2) size 46.59x11
          LayoutText {#text} at (0,0) size 47x11
            text run at (0,0) width 47: "Test Button"
      LayoutText {#text} at (262,0) size 5x18
        text run at (262,0) width 5: " "
      LayoutButton {INPUT} at (266.38,3) size 62.59x15 [bgcolor=#FFFFFF]
        LayoutBlockFlow (anonymous) at (8,2) size 46.59x11
          LayoutText {#text} at (0,0) size 47x11
            text run at (0,0) width 47: "Test Button"
      LayoutText {#text} at (328,0) size 5x18
        text run at (328,0) width 5: " "
      LayoutButton {INPUT} at (332.97,3) size 62.59x15 [bgcolor=#FFFFFF]
        LayoutBlockFlow (anonymous) at (8,2) size 46.59x11
          LayoutText {#text} at (0,0) size 47x11
            text run at (0,0) width 47: "Test Button"
      LayoutText {#text} at (395,0) size 5x18
        text run at (395,0) width 5: " "
      LayoutButton {INPUT} at (399.56,1) size 72.95x18 [bgcolor=#FFFFFF]
        LayoutBlockFlow (anonymous) at (8,2) size 56.95x13
          LayoutText {#text} at (0,0) size 57x13
            text run at (0,0) width 57: "Test Button"
      LayoutText {#text} at (472,0) size 5x18
        text run at (472,0) width 5: " "
      LayoutButton {INPUT} at (476.52,1) size 72.95x18 [bgcolor=#FFFFFF]
        LayoutBlockFlow (anonymous) at (8,2) size 56.95x13
          LayoutText {#text} at (0,0) size 57x13
            text run at (0,0) width 57: "Test Button"
      LayoutText {#text} at (549,0) size 5x18
        text run at (549,0) width 5: " "
      LayoutButton {INPUT} at (553.47,1) size 72.95x18 [bgcolor=#FFFFFF]
        LayoutBlockFlow (anonymous) at (8,2) size 56.95x13
          LayoutText {#text} at (0,0) size 57x13
            text run at (0,0) width 57: "Test Button"
      LayoutText {#text} at (626,0) size 5x18
        text run at (626,0) width 5: " "
      LayoutButton {INPUT} at (630.42,1) size 72.95x18 [bgcolor=#FFFFFF]
        LayoutBlockFlow (anonymous) at (8,2) size 56.95x13
          LayoutText {#text} at (0,0) size 57x13
            text run at (0,0) width 57: "Test Button"
      LayoutText {#text} at (703,0) size 5x18
        text run at (703,0) width 5: " "
      LayoutButton {INPUT} at (707.38,1) size 72.95x18 [bgcolor=#FFFFFF]
        LayoutBlockFlow (anonymous) at (8,2) size 56.95x13
          LayoutText {#text} at (0,0) size 57x13
            text run at (0,0) width 57: "Test Button"
      LayoutText {#text} at (0,0) size 0x0
      LayoutButton {INPUT} at (0,19) size 83.31x21 [bgcolor=#FFFFFF]
        LayoutBlockFlow (anonymous) at (8,2) size 67.31x16
          LayoutText {#text} at (0,0) size 68x16
            text run at (0,0) width 68: "Test Button"
      LayoutText {#text} at (83,20) size 5x18
        text run at (83,20) width 5: " "
      LayoutButton {INPUT} at (87.31,19) size 83.31x21 [bgcolor=#FFFFFF]
        LayoutBlockFlow (anonymous) at (8,2) size 67.31x16
          LayoutText {#text} at (0,0) size 68x16
            text run at (0,0) width 68: "Test Button"
      LayoutText {#text} at (170,20) size 5x18
        text run at (170,20) width 5: " "
      LayoutButton {INPUT} at (174.63,19) size 83.31x21 [bgcolor=#FFFFFF]
        LayoutBlockFlow (anonymous) at (8,2) size 67.31x16
          LayoutText {#text} at (0,0) size 68x16
            text run at (0,0) width 68: "Test Button"
      LayoutText {#text} at (257,20) size 5x18
        text run at (257,20) width 5: " "
      LayoutButton {INPUT} at (261.94,19) size 83.31x21 [bgcolor=#FFFFFF]
        LayoutBlockFlow (anonymous) at (8,2) size 67.31x16
          LayoutText {#text} at (0,0) size 68x16
            text run at (0,0) width 68: "Test Button"
      LayoutText {#text} at (345,20) size 5x18
        text run at (345,20) width 5: " "
      LayoutButton {INPUT} at (349.25,19) size 83.31x21 [bgcolor=#FFFFFF]
        LayoutBlockFlow (anonymous) at (8,2) size 67.31x16
          LayoutText {#text} at (0,0) size 68x16
            text run at (0,0) width 68: "Test Button"
      LayoutText {#text} at (432,20) size 5x18
        text run at (432,20) width 5: " "
      LayoutButton {INPUT} at (436.56,19) size 83.31x21 [bgcolor=#FFFFFF]
        LayoutBlockFlow (anonymous) at (8,2) size 67.31x16
          LayoutText {#text} at (0,0) size 68x16
            text run at (0,0) width 68: "Test Button"
      LayoutText {#text} at (0,0) size 0x0
