layer at (0,0) size 800x600
  LayoutView at (0,0) size 800x600
layer at (0,0) size 800x600
  LayoutBlockFlow {HTML} at (0,0) size 800x600
    LayoutBlockFlow {BODY} at (8,8) size 784x584
      LayoutText {#text} at (0,0) size 783x36
        text run at (0,0) width 783: "This test checks if correct min width is applied to \"input type=text\". To match IE and Firefox, the input field below should"
        text run at (0,18) width 624: "show \"1987\", with the 7 slightly truncated. See https://bugs.webkit.org/show_bug.cgi?id=15312 ."
      LayoutBR {BR} at (623,32) size 1x0
      LayoutTextControl {INPUT} at (0,36) size 17x19 [bgcolor=#FFFFFF] [border: (2px inset #EEEEEE)]
      LayoutText {#text} at (0,0) size 0x0
layer at (11,47) size 11x13 scrollWidth 38
  LayoutBlockFlow {DIV} at (3,3) size 11x13
    LayoutText {#text} at (0,0) size 38x13
      text run at (0,0) width 38: "198765"
