layer at (0,0) size 800x600
  LayoutView at (0,0) size 800x600
layer at (0,0) size 800x600
  LayoutBlockFlow {HTML} at (0,0) size 800x600
    LayoutBlockFlow {BODY} at (8,8) size 784x584
      LayoutTextControl {INPUT} at (0,0) size 133x19 [bgcolor=#FFFFFF] [border: (2px inset #EEEEEE)]
        LayoutFlexibleBox {DIV} at (4,3) size 125x13
          LayoutBlockFlow {DIV} at (0,0) size 113x13
      LayoutText {#text} at (133,0) size 4x18
        text run at (133,0) width 4: " "
      LayoutBR {BR} at (137,14) size 0x0
      LayoutTextControl {INPUT} at (0,19) size 71x19 [bgcolor=#FFFFFF] [border: (2px inset #EEEEEE)]
      LayoutText {#text} at (71,19) size 4x18
        text run at (71,19) width 4: " "
      LayoutTextControl {INPUT} at (75,19) size 71x19 [bgcolor=#FFFFFF] [border: (2px inset #EEEEEE)]
      LayoutText {#text} at (146,19) size 4x18
        text run at (146,19) width 4: " "
      LayoutTextControl {INPUT} at (150,19) size 131x19 [bgcolor=#FFFFFF] [border: (2px inset #EEEEEE)]
      LayoutText {#text} at (281,19) size 4x18
        text run at (281,19) width 4: " "
      LayoutBR {BR} at (285,33) size 0x0
      LayoutTextControl {INPUT} at (0,38) size 133x19 [bgcolor=#FFFFFF] [border: (2px inset #EEEEEE)]
        LayoutFlexibleBox {DIV} at (4,3) size 125x13
          LayoutBlockFlow {DIV} at (12,0) size 113x13
      LayoutBR {BR} at (133,52) size 0x0
      LayoutTextControl {INPUT} at (0,57) size 133x19 [bgcolor=#FFFFFF] [border: (2px inset #EEEEEE)]
        LayoutFlexibleBox {DIV} at (4,3) size 125x13
          LayoutBlockFlow {DIV} at (0,0) size 113x13
      LayoutBR {BR} at (133,71) size 0x0
      LayoutBR {BR} at (141,108) size 0x0
      LayoutTextControl {INPUT} at (0,108) size 131x33 [bgcolor=#FFFFFF] [border: (2px inset #EEEEEE)]
      LayoutBR {BR} at (131,122) size 0x0
      LayoutBR {BR} at (141,186) size 0x0
      LayoutTextControl {INPUT} at (5,191) size 178x29 [bgcolor=#FFFFFF] [border: (5px solid #000000)]
      LayoutBR {BR} at (188,211) size 0x0
      LayoutTextControl {INPUT} at (0,225) size 131x31 [bgcolor=#FFFFFF] [border: (2px inset #EEEEEE)]
      LayoutText {#text} at (131,231) size 4x18
        text run at (131,231) width 4: " "
      LayoutTextControl {INPUT} at (135,225) size 131x31 [bgcolor=#FFFFFF] [border: (2px inset #EEEEEE)]
      LayoutText {#text} at (266,231) size 4x18
        text run at (266,231) width 4: " "
      LayoutTextControl {INPUT} at (270,228) size 131x25 [bgcolor=#FFFFFF] [border: (2px inset #EEEEEE)]
      LayoutText {#text} at (401,231) size 4x18
        text run at (401,231) width 4: " "
      LayoutTextControl {INPUT} at (405,228) size 131x25 [bgcolor=#FFFFFF] [border: (2px inset #EEEEEE)]
      LayoutText {#text} at (536,231) size 4x18
        text run at (536,231) width 4: " "
      LayoutTextControl {INPUT} at (540,228) size 131x25 [bgcolor=#FFFFFF] [border: (2px inset #EEEEEE)]
      LayoutText {#text} at (671,231) size 4x18
        text run at (671,231) width 4: " "
      LayoutBR {BR} at (0,0) size 0x0
      LayoutTextControl {INPUT} at (0,256) size 131x19 [bgcolor=#FFFFFF] [border: (2px inset #EEEEEE)]
      LayoutText {#text} at (131,256) size 4x18
        text run at (131,256) width 4: " "
      LayoutTextControl {INPUT} at (135,256) size 131x19 [bgcolor=#FFFFFF] [border: (2px inset #EEEEEE)]
      LayoutText {#text} at (266,256) size 4x18
        text run at (266,256) width 4: " "
      LayoutTextControl {INPUT} at (270,256) size 131x19 [bgcolor=#FFFFFF] [border: (2px inset #EEEEEE)]
      LayoutText {#text} at (401,256) size 4x18
        text run at (401,256) width 4: " "
      LayoutBR {BR} at (405,270) size 0x0
      LayoutBR {BR} at (131,303) size 0x0
layer at (12,11) size 113x13
  LayoutBlockFlow {DIV} at (4,3) size 113x13 [color=#757575]
    LayoutText {#text} at (0,0) size 59x13
      text run at (0,0) width 59: "placeholder"
layer at (12,11) size 113x13
  LayoutBlockFlow {DIV} at (0,0) size 113x13
layer at (11,30) size 65x13
  LayoutBlockFlow {DIV} at (3,3) size 65x13 [color=#757575]
    LayoutText {#text} at (0,0) size 59x13
      text run at (0,0) width 59: "placeholder"
layer at (11,30) size 65x13
  LayoutBlockFlow {DIV} at (3,3) size 65x13
layer at (86,30) size 65x13
  LayoutBlockFlow {DIV} at (3,3) size 65x13 [color=#757575]
    LayoutText {#text} at (0,0) size 59x13
      text run at (0,0) width 59: "placeholder"
layer at (86,30) size 65x13
  LayoutBlockFlow {DIV} at (3,3) size 65x13
layer at (161,30) size 125x13
  LayoutBlockFlow {DIV} at (3,3) size 125x13 [color=#757575]
    LayoutText {#text} at (0,0) size 92x13
      text run at (0,0) width 92: "\x{65E5}\x{672C}\x{8A9E}placeholder"
layer at (161,30) size 125x13
  LayoutBlockFlow {DIV} at (3,3) size 125x13
layer at (24,49) size 113x13
  LayoutBlockFlow {DIV} at (16,3) size 113x13 [color=#757575]
    LayoutText {#text} at (54,0) size 59x13
      text run at (54,0) width 59: "placeholder"
layer at (24,49) size 113x13
  LayoutBlockFlow {DIV} at (0,0) size 113x13
layer at (12,68) size 113x13
  LayoutBlockFlow {DIV} at (4,3) size 113x13 [color=#757575]
    LayoutText {#text} at (0,0) size 59x13
      text run at (0,0) width 59: "placeholder"
layer at (12,68) size 113x13
  LayoutBlockFlow {DIV} at (0,0) size 113x13
layer at (8,84) size 141x32 clip at (9,85) size 139x30
  LayoutTextControl {TEXTAREA} at (0,76) size 141x32 [bgcolor=#FFFFFF] [border: (1px solid #000000)]
    LayoutBlockFlow {DIV} at (3,3) size 135x13 [color=#757575]
      LayoutText {#text} at (0,0) size 59x13
        text run at (0,0) width 59: "placeholder"
    LayoutBlockFlow {DIV} at (3,3) size 135x13
layer at (11,119) size 125x13
  LayoutBlockFlow {DIV} at (3,3) size 125x13 [color=#757575]
    LayoutText {#text} at (0,0) size 59x13
      text run at (0,0) width 59: "placeholder"
layer at (11,119) size 125x13
  LayoutBlockFlow {DIV} at (3,3) size 125x13
layer at (8,149) size 141x45 clip at (9,150) size 139x43
  LayoutTextControl {TEXTAREA} at (0,141) size 141x45 [bgcolor=#FFFFFF] [border: (1px solid #000000)]
    LayoutBlockFlow {DIV} at (3,16) size 135x13 [color=#757575]
      LayoutText {#text} at (0,0) size 59x13
        text run at (0,0) width 59: "placeholder"
    LayoutBlockFlow {DIV} at (3,16) size 135x13
layer at (19,205) size 166x17
  LayoutBlockFlow {DIV} at (6,6) size 166x17 [color=#757575]
    LayoutText {#text} at (0,0) size 80x17
      text run at (0,0) width 80: "placeholder"
layer at (19,205) size 166x17
  LayoutBlockFlow {DIV} at (6,6) size 166x17
layer at (11,236) size 125x25
  LayoutBlockFlow {DIV} at (3,3) size 125x25
    LayoutText {#text} at (0,6) size 27x13
      text run at (0,6) width 27: "Value"
layer at (146,242) size 125x13
  LayoutBlockFlow {DIV} at (3,9) size 125x13 [color=#757575]
    LayoutText {#text} at (0,0) size 59x13
      text run at (0,0) width 59: "placeholder"
layer at (146,236) size 125x25
  LayoutBlockFlow {DIV} at (3,3) size 125x25
layer at (281,242) size 125x13
  LayoutBlockFlow {DIV} at (3,6) size 125x13 [color=#757575]
    LayoutText {#text} at (0,0) size 59x13
      text run at (0,0) width 59: "placeholder"
layer at (281,242) size 125x13
  LayoutBlockFlow {DIV} at (3,6) size 125x13
layer at (416,242) size 125x13
  LayoutBlockFlow {DIV} at (3,6) size 125x13 [color=#757575]
    LayoutText {#text} at (0,0) size 59x13
      text run at (0,0) width 59: "placeholder"
layer at (416,236) size 125x25 backgroundClip at (416,238) size 125x21 clip at (416,238) size 125x21
  LayoutBlockFlow {DIV} at (3,0) size 125x25
layer at (551,242) size 125x13
  LayoutBlockFlow {DIV} at (3,6) size 125x13 [color=#757575]
    LayoutText {#text} at (0,0) size 59x13
      text run at (0,0) width 59: "placeholder"
layer at (551,242) size 125x13
  LayoutBlockFlow {DIV} at (3,6) size 125x13
layer at (11,267) size 125x13
  LayoutBlockFlow {DIV} at (3,3) size 125x13
    LayoutText {#text} at (49,0) size 27x13
      text run at (49,0) width 27: "Value"
layer at (146,267) size 125x13
  LayoutBlockFlow {DIV} at (3,3) size 125x13 [color=#757575]
    LayoutText {#text} at (33,0) size 59x13
      text run at (33,0) width 59: "placeholder"
layer at (146,267) size 125x13
  LayoutBlockFlow {DIV} at (3,3) size 125x13
layer at (281,267) size 125x13
  LayoutBlockFlow {DIV} at (3,3) size 125x13 [color=#757575]
    LayoutText {#text} at (33,0) size 59x13
      text run at (33,0) width 59: "placeholder"
layer at (281,267) size 125x13
  LayoutBlockFlow {DIV} at (3,3) size 125x13
layer at (126,12) size 11x11 transparent
  LayoutBlockFlow {DIV} at (114,1) size 11x11
layer at (12,50) size 11x11 transparent
  LayoutBlockFlow {DIV} at (0,1) size 11x11
layer at (126,69) size 11x11 transparent
  LayoutBlockFlow {DIV} at (114,1) size 11x11
layer at (8,283) size 131x33 backgroundClip at (9,282) size 129x95 clip at (10,285) size 127x29
  LayoutTextControl {INPUT} at (0,275) size 131x33 [bgcolor=#FFFFFF] [border: (2px inset #EEEEEE)]
layer at (11,300) size 125x13 backgroundClip at (13,299) size 114x73 clip at (13,300) size 114x13
  LayoutBlockFlow {DIV} at (3,17) size 125x13 [color=#757575]
    LayoutText {#text} at (0,0) size 59x13
      text run at (0,0) width 59: "placeholder"
layer at (11,300) size 125x13 backgroundClip at (13,299) size 114x73 clip at (13,300) size 114x13
  LayoutBlockFlow {DIV} at (3,17) size 125x13
