layer at (0,0) size 800x600
  LayoutView at (0,0) size 800x600
layer at (0,0) size 800x600
  LayoutBlockFlow {HTML} at (0,0) size 800x600
    LayoutBlockFlow {BODY} at (8,8) size 784x584
      LayoutTextControl {INPUT} at (0,0) size 131x19 [bgcolor=#FFFFFF] [border: (2px inset #EEEEEE)]
      LayoutText {#text} at (131,0) size 4x18
        text run at (131,0) width 4: " "
      LayoutTextControl {INPUT} at (135,0) size 131x19 [color=#FF0000] [bgcolor=#FFFFFF] [border: (2px inset #EEEEEE)]
      LayoutText {#text} at (266,0) size 4x18
        text run at (266,0) width 4: " "
      LayoutTextControl {INPUT} at (270,0) size 131x19 [bgcolor=#008000] [border: (2px inset #EEEEEE)]
      LayoutText {#text} at (401,0) size 4x18
        text run at (401,0) width 4: " "
      LayoutTextControl {INPUT} at (405,0) size 131x19 [color=#FF0000] [bgcolor=#008000] [border: (2px inset #EEEEEE)]
      LayoutText {#text} at (0,0) size 0x0
layer at (11,11) size 125x13
  LayoutBlockFlow {DIV} at (3,3) size 125x13
    LayoutText {#text} at (0,0) size 35x13
      text run at (0,0) width 35: "default"
layer at (146,11) size 125x13
  LayoutBlockFlow {DIV} at (3,3) size 125x13
    LayoutText {#text} at (0,0) size 17x13
      text run at (0,0) width 17: "red"
layer at (281,11) size 125x13
  LayoutBlockFlow {DIV} at (3,3) size 125x13
    LayoutText {#text} at (0,0) size 82x13
      text run at (0,0) width 82: "default on green"
layer at (416,11) size 125x13
  LayoutBlockFlow {DIV} at (3,3) size 125x13
    LayoutText {#text} at (0,0) size 64x13
      text run at (0,0) width 64: "red on green"
