EDITING DELEGATE: webViewDidChangeSelection:WebViewDidChangeSelectionNotification
EDITING DELEGATE: webViewDidChangeSelection:WebViewDidChangeSelectionNotification
EDITING DELEGATE: webViewDidChangeSelection:WebViewDidChangeSelectionNotification
EDITING DELEGATE: webViewDidChangeSelection:WebViewDidChangeSelectionNotification
EDITING DELEGATE: webViewDidChange:WebViewDidChangeNotification
layer at (0,0) size 800x600
  LayoutView at (0,0) size 800x600
layer at (0,0) size 800x600
  LayoutBlockFlow {HTML} at (0,0) size 800x600
    LayoutBlockFlow {BODY} at (8,8) size 784x584
      LayoutBlockFlow {P} at (0,0) size 784x40
        LayoutText {#text} at (0,0) size 747x39
          text run at (0,0) width 747: "When the selection to delete ends at the end of a paragraph, that paragraph will be completely deleted, but a <br> or an"
          text run at (0,20) width 555: "empty block will remain. Merging must happen to remove that <br> or prune that block."
      LayoutBlockFlow {P} at (0,56) size 784x40
        LayoutText {#text} at (0,0) size 763x39
          text run at (0,0) width 763: "This test illustrates a case where merging wasn't allowed to happen just because the end of the selection to delete was in a"
          text run at (0,20) width 237: "fully selected line, which is nonsense."
      LayoutBlockFlow {P} at (0,112) size 784x60
        LayoutText {#text} at (0,0) size 779x59
          text run at (0,0) width 315: "Fixing that bug exposed a problem with merging. "
          text run at (315,0) width 462: "If deletion empties out the block that contained the start of the selection to"
          text run at (0,20) width 472: "delete, that block can collapse away and become impossible to merge into. "
          text run at (472,20) width 307: "So we insert a placeholder to prop it open so that"
          text run at (0,40) width 142: "the merge can happen."
      LayoutBlockFlow {DIV} at (5,188) size 774x34 [border: (1px solid #000000)]
        LayoutBlockFlow {DIV} at (6,6) size 762x22 [border: (1px solid #FF0000)]
          LayoutBR {BR} at (1,1) size 0x19
caret: position 0 of child 0 {BR} of child 0 {DIV} of child 6 {DIV} of body
