layer at (0,0) size 350x600 clip at (0,0) size 335x585 scrollWidth 1499 scrollHeight 4018
  LayoutView at (0,0) size 350x600
layer at (0,0) size 335x4018 backgroundClip at (0,0) size 335x585 clip at (0,0) size 335x585
  LayoutBlockFlow {HTML} at (0,0) size 335x4018
    LayoutBlockFlow {BODY} at (8,8) size 319x4002
      LayoutBlockFlow {DIV} at (-683,0) size 1002x4002 [border: (1px solid #FF0000)]
        LayoutText {#text} at (-488,1) size 1490x18
          text run at (-488,1) width 1489: "BEGINddddddddddddddddddddddddddddddddddddddddddddddddddddddddddddddddddddddddddddddddddddddddddddddddddddddddddddddddddddddddddddddddddddddddddddddddddddddddddddddddddddddddddddddddEND"
