layer at (0,0) size 800x600
  LayoutView at (0,0) size 800x600
layer at (0,0) size 800x282
  LayoutBlockFlow {HTML} at (0,0) size 800x282
    LayoutBlockFlow {BODY} at (8,16) size 784x258
      LayoutBlockFlow {P} at (0,0) size 784x40
        LayoutInline {A} at (0,0) size 291x19 [color=#0000EE]
          LayoutText {#text} at (0,0) size 291x19
            text run at (0,0) width 291: "https://bugs.webkit.org/show_bug.cgi?id=25829"
        LayoutBR {BR} at (291,15) size 0x0
        LayoutText {#text} at (0,20) size 547x19
          text run at (0,20) width 547: "You should see no areas of read below. (This paragraph is required for the test to be valid.)"
      LayoutBlockFlow {DIV} at (0,56) size 502x202 [color=#008000] [bgcolor=#FF0000] [border: (1px solid #000000)]
        LayoutText {#text} at (1,2) size 432x149
          text run at (1,2) width 432: "This background"
          text run at (1,78) width 408: "clips to the text."
