layer at (0,0) size 800x600 clip at (0,0) size 785x600 scrollHeight 1162
  LayoutView at (0,0) size 800x600
layer at (0,0) size 785x1162 backgroundClip at (0,0) size 785x600 clip at (0,0) size 785x600
  LayoutBlockFlow {HTML} at (0,0) size 785x1162.31
    LayoutBlockFlow {BODY} at (8,8) size 769x1124.31
      LayoutBlockFlow {DIV} at (72.91,0) size 623.19x478 [border: (4px solid #000000)]
        LayoutBlockFlow {P} at (4,20) size 615.19x36
          LayoutText {#text} at (0,0) size 580x36
            text run at (0,0) width 580: "Affected Browsers: Safari 2.0, Windows Internet Explorer 6"
            text run at (0,18) width 30: "SP2"
        LayoutBlockFlow {P} at (4,90) size 615.19x54
          LayoutText {#text} at (0,0) size 610x54
            text run at (0,0) width 610: "Bug Description: On the Affected Browsers, if a rule sets the"
            text run at (0,18) width 540: "'background-color' of an element, this color cannot be"
            text run at (0,36) width 480: "overridden by 'background:inherit' declarations."
        LayoutBlockFlow {P} at (4,178) size 615.19x90
          LayoutText {#text} at (0,0) size 600x54
            text run at (0,0) width 600: "Example: With the following code, the background color of H1"
            text run at (0,18) width 560: "elements stays pink, no matter what background color the"
            text run at (0,36) width 130: "parents have:"
          LayoutBR {BR} at (130,36) size 0x18
          LayoutText {#text} at (0,54) size 320x18
            text run at (0,54) width 50: "  H1 "
            text run at (50,54) width 270: "{ background-color: pink; }"
          LayoutBR {BR} at (320,54) size 0x18
          LayoutText {#text} at (0,72) size 290x18
            text run at (0,72) width 50: "  H1 "
            text run at (50,72) width 240: "{ background: inherit; }"
        LayoutBlockFlow {P} at (4,302) size 615.19x54
          LayoutText {#text} at (0,0) size 610x54
            text run at (0,0) width 610: "Work-around: The 'background-color' can only be overridden by"
            text run at (0,18) width 600: "another 'background-color' declaration, or by a 'background'"
            text run at (0,36) width 380: "declaration that does specify a color."
        LayoutBlockFlow (anonymous) at (4,382) size 615.19x20
          LayoutText {#text} at (0,0) size 376x19
            text run at (0,0) width 376: "This is in contradiction with the CSS2 specification which says:"
        LayoutBlockFlow {UL} at (4,418) size 615.19x40
          LayoutListItem {LI} at (40,0) size 575.19x40
            LayoutListMarker (anonymous) at (-18,0) size 7x19: bullet
            LayoutText {#text} at (0,0) size 27x19
              text run at (0,0) width 27: "The "
            LayoutInline {A} at (0,0) size 78x19 [color=#0000EE]
              LayoutText {#text} at (27,0) size 78x19
                text run at (27,0) width 78: "'background'"
            LayoutText {#text} at (105,0) size 534x39
              text run at (105,0) width 429: " property first sets all the individual background properties to their initial"
              text run at (0,20) width 348: "values, then assigns explicit values given in the declaration."
      LayoutBlockFlow {DIV} at (72.91,508) size 623.19x616.31 [color=#008000] [bgcolor=#90EE90] [border: (4px solid #008000)]
        LayoutBlockFlow (anonymous) at (4,4) size 615.19x20
          LayoutText {#text} at (0,0) size 208x19
            text run at (0,0) width 208: "This DIV has a green background."
        LayoutBlockFlow {H1} at (61.52,45.44) size 500.14x156 [border: (4px solid #008000)]
          LayoutText {#text} at (4,4) size 444x147
            text run at (4,4) width 441: "This header should have a green"
            text run at (4,41) width 416: "background (not pink) but the"
            text run at (4,78) width 444: "inline style rule is ignored on the"
            text run at (4,115) width 261: "Affected Browsers."
        LayoutBlockFlow (anonymous) at (4,231.44) size 615.19x20
          LayoutText {#text} at (0,0) size 148x19
            text run at (0,0) width 148: "The DIV continues here."
        LayoutBlockFlow {H1} at (61.52,272.88) size 500.14x156 [border: (4px solid #008000)]
          LayoutText {#text} at (4,4) size 449x147
            text run at (4,4) width 441: "This header should have a green"
            text run at (4,41) width 416: "background (not pink) but the"
            text run at (4,78) width 449: "!important rule is ignored on the"
            text run at (4,115) width 261: "Affected Browsers."
        LayoutBlockFlow (anonymous) at (4,458.88) size 615.19x20
          LayoutText {#text} at (0,0) size 148x19
            text run at (0,0) width 148: "The DIV continues here."
        LayoutBlockFlow {H1} at (61.52,500.31) size 500.14x82 [color=#FF0000] [bgcolor=#FFC0CB] [border: (4px solid #FF0000)]
          LayoutText {#text} at (4,4) size 483x73
            text run at (4,4) width 483: "This header has a pink background"
            text run at (4,41) width 219: "and that's good."
layer at (85,80) size 615x2 clip at (0,0) size 0x0
  LayoutBlockFlow {HR} at (4,72) size 615.19x2 [border: (1px inset #EEEEEE)]
layer at (85,168) size 615x2 clip at (0,0) size 0x0
  LayoutBlockFlow {HR} at (4,160) size 615.19x2 [border: (1px inset #EEEEEE)]
layer at (85,292) size 615x2 clip at (0,0) size 0x0
  LayoutBlockFlow {HR} at (4,284) size 615.19x2 [border: (1px inset #EEEEEE)]
layer at (85,380) size 615x2 clip at (0,0) size 0x0
  LayoutBlockFlow {HR} at (4,372) size 615.19x2 [border: (1px inset #EEEEEE)]
