layer at (0,0) size 800x600
  LayoutView at (0,0) size 800x600
layer at (0,0) size 800x600
  LayoutBlockFlow {HTML} at (0,0) size 800x600
    LayoutBlockFlow {BODY} at (8,8) size 784x576
      LayoutBlockFlow {P} at (0,0) size 784x40 [bgcolor=#FFFFFF]
        LayoutText {#text} at (0,0) size 50x19
          text run at (0,0) width 50: "Test for "
        LayoutInline {I} at (0,0) size 765x39
          LayoutInline {A} at (0,0) size 310x19 [color=#0000EE]
            LayoutText {#text} at (50,0) size 310x19
              text run at (50,0) width 310: "https://bugs.webkit.org/show_bug.cgi?id=18445"
          LayoutText {#text} at (360,0) size 765x39
            text run at (360,0) width 4: " "
            text run at (364,0) width 401: "Assertion failure in CSSGradientValue::image() when the body"
            text run at (0,20) width 226: "element has a background gradient"
        LayoutText {#text} at (226,20) size 4x19
          text run at (226,20) width 4: "."
      LayoutBlockFlow {P} at (0,56) size 784x40 [bgcolor=#FFFFFF]
        LayoutText {#text} at (0,0) size 774x39
          text run at (0,0) width 354: "The test passes if the root element\x{2019}s background is a linear "
          text run at (354,0) width 420: "gradient from black at the top to white at the bottom, and no assertion"
          text run at (0,20) width 84: "failure occurs."
