EDITING DELEGATE: webViewDidChangeSelection:WebViewDidChangeSelectionNotification
EDITING DELEGATE: webViewDidChangeSelection:WebViewDidChangeSelectionNotification
layer at (0,0) size 800x600
  LayoutView at (0,0) size 800x600
layer at (0,0) size 800x600
  LayoutNGBlockFlow {HTML} at (0,0) size 800x600
    LayoutNGBlockFlow {BODY} at (8,8) size 784x584
      LayoutNGBlockFlow {P} at (0,0) size 784x40
        LayoutText {#text} at (0,0) size 752x39
          text run at (0,0) width 752: "This tests moving the caret forward through content of mixed editability. The caret should move down one line from the"
          text run at (0,20) width 470: "editable piece to the editable piece that's embedded in a non-editable piece."
      LayoutBlockFlow {DIV} at (0,56) size 784x70
        LayoutNGBlockFlow (anonymous) at (0,0) size 769x20
          LayoutText {#text} at (0,0) size 49x19
            text run at (0,0) width 49: "editable"
        LayoutTable {TABLE} at (0,20) size 59x30 [border: (1px outset #808080)]
          LayoutTableSection {TBODY} at (1,1) size 57x28
            LayoutTableRow {TR} at (0,2) size 57x24
              LayoutTableCell {TD} at (2,2) size 53x24 [border: (1px inset #808080)] [r=0 c=0 rs=1 cs=1]
                LayoutText {#text} at (2,2) size 49x19
                  text run at (2,2) width 49: "editable"
        LayoutNGBlockFlow (anonymous) at (0,50) size 769x20
          LayoutText {#text} at (0,0) size 49x19
            text run at (0,0) width 49: "editable"
caret: position 9 of child 2 {#text} of child 2 {DIV} of body
