layer at (0,0) size 800x600
  LayoutView at (0,0) size 800x600
layer at (0,0) size 800x132
  LayoutNGBlockFlow {HTML} at (0,0) size 800x132
    LayoutNGBlockFlow {BODY} at (8,16) size 784x100
      LayoutNGBlockFlow {P} at (0,0) size 784x100
        LayoutInline (anonymous) at (0,0) size 776x99
          LayoutText {#text} at (0,0) size 776x99
            text run at (0,0) width 768: "This very long paragraph should have a first line with green background. This very long paragraph should have a first line"
            text run at (0,20) width 776: "with green background. This very long paragraph should have a first line with green background. This very long paragraph"
            text run at (0,40) width 759: "should have a first line with green background. This very long paragraph should have a first line with green background."
            text run at (0,60) width 768: "This very long paragraph should have a first line with green background. This very long paragraph should have a first line"
            text run at (0,80) width 150: "with green background."
