layer at (0,0) size 800x600
  LayoutView at (0,0) size 800x600
layer at (0,0) size 800x142
  LayoutNGBlockFlow {HTML} at (0,0) size 800x142
    LayoutNGBlockFlow {BODY} at (8,8) size 784x118
      LayoutNGBlockFlow {DIV} at (0,0) size 784x82
        LayoutTable {TABLE} at (0,0) size 123x82 [border: (1px outset #808080)]
          LayoutTableSection {TBODY} at (1,1) size 121x80
            LayoutTableRow {TR} at (0,2) size 121x24
              LayoutNGTableCell {TD} at (2,2) size 24x24 [border: (1px inset #808080)] [r=0 c=0 rs=1 cs=1]
                LayoutText {#text} at (2,2) size 20x19
                  text run at (2,2) width 20: "1.1"
              LayoutNGTableCell {TD} at (28,2) size 24x24 [border: (1px inset #808080)] [r=0 c=1 rs=1 cs=1]
                LayoutText {#text} at (2,2) size 20x19
                  text run at (2,2) width 20: "1.2"
              LayoutNGTableCell {TD} at (54,2) size 65x24 [bgcolor=#00FF00] [border: (1px inset #808080)] [r=0 c=2 rs=1 cs=1]
                LayoutText {#text} at (2,2) size 61x19
                  text run at (2,2) width 61: "green cell"
            LayoutTableRow {TR} at (0,28) size 121x24
              LayoutNGTableCell {TD} at (2,28) size 24x24 [border: (1px inset #808080)] [r=1 c=0 rs=1 cs=1]
                LayoutText {#text} at (2,2) size 20x19
                  text run at (2,2) width 20: "2.1"
              LayoutNGTableCell {TD} at (28,28) size 24x24 [border: (1px inset #808080)] [r=1 c=1 rs=1 cs=1]
                LayoutText {#text} at (2,2) size 20x19
                  text run at (2,2) width 20: "2.2"
              LayoutNGTableCell {TD} at (54,28) size 65x24 [bgcolor=#00FF00] [border: (1px inset #808080)] [r=1 c=2 rs=1 cs=1]
                LayoutText {#text} at (2,2) size 61x19
                  text run at (2,2) width 61: "green cell"
            LayoutTableRow {TR} at (0,54) size 121x24
              LayoutNGTableCell {TD} at (2,54) size 24x24 [border: (1px inset #808080)] [r=2 c=0 rs=1 cs=1]
                LayoutText {#text} at (2,2) size 20x19
                  text run at (2,2) width 20: "3.1"
              LayoutNGTableCell {TD} at (28,54) size 24x24 [border: (1px inset #808080)] [r=2 c=1 rs=1 cs=1]
                LayoutText {#text} at (2,2) size 20x19
                  text run at (2,2) width 20: "3.2"
              LayoutNGTableCell {TD} at (54,54) size 65x24 [bgcolor=#00FF00] [border: (1px inset #808080)] [r=2 c=2 rs=1 cs=1]
                LayoutText {#text} at (2,2) size 61x19
                  text run at (2,2) width 61: "green cell"
      LayoutNGBlockFlow {P} at (0,98) size 784x20
        LayoutInline {SPAN} at (0,0) size 431x19 [bgcolor=#00FF00]
          LayoutText {#text} at (0,0) size 431x19
            text run at (0,0) width 431: "This paragraph contains a span that should have a green background"
        LayoutText {#text} at (431,0) size 139x19
          text run at (431,0) width 139: " and some text after it."
