layer at (0,0) size 800x600
  LayoutView at (0,0) size 800x600
layer at (0,0) size 800x134
  LayoutBlockFlow {HTML} at (0,0) size 800x134
    LayoutBlockFlow {BODY} at (8,16) size 784x110
      LayoutBlockFlow {P} at (0,0) size 784x20
        LayoutText {#text} at (0,0) size 436x19
          text run at (0,0) width 436: "The following two vertical bars should be at the same horizontal position."
      LayoutBlockFlow {DIV} at (0,36) size 160x37
        LayoutBlockFlow {DIV} at (64,0) size 32x37
          LayoutInline {SPAN} at (0,0) size 5x36
            LayoutText {#text} at (0,0) size 5x36
              text run at (0,0) width 5: "|"
      LayoutBlockFlow {DIV} at (0,73) size 784x37
        LayoutInline {SPAN} at (0,0) size 5x36
          LayoutText {#text} at (64,0) size 5x36
            text run at (64,0) width 5: "|"
