layer at (0,0) size 800x600
  LayoutView at (0,0) size 800x600
layer at (0,0) size 800x600
  LayoutBlockFlow {HTML} at (0,0) size 800x600
    LayoutBlockFlow {BODY} at (0,0) size 800x600
      LayoutText {#text} at (504,89) size 4x19
        text run at (504,89) width 4: " "
      LayoutText {#text} at (0,0) size 0x0
layer at (0,0) size 504x104
  LayoutIFrame {IFRAME} at (0,0) size 504x104 [border: (2px inset #EEEEEE)]
    layer at (0,0) size 500x100
      LayoutView at (0,0) size 500x100
    layer at (0,0) size 500x100
      LayoutBlockFlow {HTML} at (0,0) size 500x100
        LayoutBlockFlow {BODY} at (8,8) size 484x76
          LayoutBlockFlow {P} at (0,0) size 484x20
            LayoutText {#text} at (0,0) size 104x19
              text run at (0,0) width 104: "This is some text."
          LayoutBlockFlow {P} at (0,36) size 484x20
            LayoutText {#text} at (0,0) size 138x19
              text run at (0,0) width 138: "This text is underneath."
layer at (0,109) size 500x100
  LayoutEmbeddedObject {OBJECT} at (0,109) size 500x100
    layer at (0,0) size 500x100
      LayoutView at (0,0) size 500x100
    layer at (0,0) size 500x100
      LayoutBlockFlow {HTML} at (0,0) size 500x100
        LayoutBlockFlow {BODY} at (8,8) size 484x76
          LayoutBlockFlow {P} at (0,0) size 484x20
            LayoutText {#text} at (0,0) size 104x19
              text run at (0,0) width 104: "This is some text."
          LayoutBlockFlow {P} at (0,36) size 484x20
            LayoutText {#text} at (0,0) size 138x19
              text run at (0,0) width 138: "This text is underneath."
