layer at (0,0) size 800x600
  LayoutView at (0,0) size 800x600
layer at (0,0) size 800x452
  LayoutBlockFlow {HTML} at (0,0) size 800x451.88
    LayoutBlockFlow {BODY} at (8,21.44) size 784x414.44
      LayoutBlockFlow {H1} at (0,0) size 784x37
        LayoutText {#text} at (0,0) size 459x36
          text run at (0,0) width 459: "Minimum and Maximum Widths"
      LayoutBlockFlow {DIV} at (0,58.44) size 784x26 [border: (3px solid #800080)]
        LayoutText {#text} at (3,3) size 29x19
          text run at (3,3) width 29: "This "
        LayoutInline {CODE} at (0,0) size 24x16
          LayoutText {#text} at (32,6) size 24x16
            text run at (32,6) width 24: "div"
        LayoutText {#text} at (56,3) size 389x19
          text run at (56,3) width 389: " should have a medium solid purple border, as should all the rest."
      LayoutBlockFlow {DIV} at (0,84.44) size 319.59x66 [border: (3px solid #800080)]
        LayoutText {#text} at (3,3) size 29x19
          text run at (3,3) width 29: "This "
        LayoutInline {CODE} at (0,0) size 24x16
          LayoutText {#text} at (32,6) size 24x16
            text run at (32,6) width 24: "div"
        LayoutText {#text} at (56,3) size 282x39
          text run at (56,3) width 180: " should have a width of 40%. "
          text run at (236,3) width 49: "This is a"
          text run at (3,23) width 60: "reference "
        LayoutInline {CODE} at (0,0) size 24x16
          LayoutText {#text} at (63,26) size 24x16
            text run at (63,26) width 24: "div"
        LayoutText {#text} at (87,23) size 172x19
          text run at (87,23) width 172: " and should work as long as "
        LayoutInline {CODE} at (0,0) size 40x16
          LayoutText {#text} at (259,26) size 40x16
            text run at (259,26) width 40: "width"
        LayoutText {#text} at (3,43) size 42x19
          text run at (3,43) width 42: "works."
      LayoutBlockFlow {DIV} at (0,150.44) size 319.59x26 [border: (3px solid #800080)]
        LayoutText {#text} at (3,3) size 29x19
          text run at (3,3) width 29: "This "
        LayoutInline {CODE} at (0,0) size 24x16
          LayoutText {#text} at (32,6) size 24x16
            text run at (32,6) width 24: "div"
        LayoutText {#text} at (56,3) size 176x19
          text run at (56,3) width 176: " should have a width of 40%."
      LayoutBlockFlow {DIV} at (0,176.44) size 319.59x26 [border: (3px solid #800080)]
        LayoutText {#text} at (3,3) size 29x19
          text run at (3,3) width 29: "This "
        LayoutInline {CODE} at (0,0) size 24x16
          LayoutText {#text} at (32,6) size 24x16
            text run at (32,6) width 24: "div"
        LayoutText {#text} at (56,3) size 176x19
          text run at (56,3) width 176: " should have a width of 40%."
      LayoutBlockFlow {DIV} at (0,202.44) size 319.59x26 [border: (3px solid #800080)]
        LayoutText {#text} at (3,3) size 29x19
          text run at (3,3) width 29: "This "
        LayoutInline {CODE} at (0,0) size 24x16
          LayoutText {#text} at (32,6) size 24x16
            text run at (32,6) width 24: "div"
        LayoutText {#text} at (56,3) size 176x19
          text run at (56,3) width 176: " should have a width of 40%."
      LayoutBlockFlow {DIV} at (0,228.44) size 319.59x26 [border: (3px solid #800080)]
        LayoutText {#text} at (3,3) size 29x19
          text run at (3,3) width 29: "This "
        LayoutInline {CODE} at (0,0) size 24x16
          LayoutText {#text} at (32,6) size 24x16
            text run at (32,6) width 24: "div"
        LayoutText {#text} at (56,3) size 176x19
          text run at (56,3) width 176: " should have a width of 40%."
      LayoutBlockFlow {DIV} at (0,254.44) size 319.59x26 [border: (3px solid #800080)]
        LayoutText {#text} at (3,3) size 29x19
          text run at (3,3) width 29: "This "
        LayoutInline {CODE} at (0,0) size 24x16
          LayoutText {#text} at (32,6) size 24x16
            text run at (32,6) width 24: "div"
        LayoutText {#text} at (56,3) size 176x19
          text run at (56,3) width 176: " should have a width of 40%."
      LayoutBlockFlow {DIV} at (0,280.44) size 319.59x26 [border: (3px solid #800080)]
        LayoutText {#text} at (3,3) size 29x19
          text run at (3,3) width 29: "This "
        LayoutInline {CODE} at (0,0) size 24x16
          LayoutText {#text} at (32,6) size 24x16
            text run at (32,6) width 24: "div"
        LayoutText {#text} at (56,3) size 176x19
          text run at (56,3) width 176: " should have a width of 40%."
      LayoutBlockFlow {DIV} at (0,306.44) size 319.59x26 [border: (3px solid #800080)]
        LayoutText {#text} at (3,3) size 29x19
          text run at (3,3) width 29: "This "
        LayoutInline {CODE} at (0,0) size 24x16
          LayoutText {#text} at (32,6) size 24x16
            text run at (32,6) width 24: "div"
        LayoutText {#text} at (56,3) size 176x19
          text run at (56,3) width 176: " should have a width of 40%."
      LayoutBlockFlow {DIV} at (0,332.44) size 319.59x26 [border: (3px solid #800080)]
        LayoutText {#text} at (3,3) size 29x19
          text run at (3,3) width 29: "This "
        LayoutInline {CODE} at (0,0) size 24x16
          LayoutText {#text} at (32,6) size 24x16
            text run at (32,6) width 24: "div"
        LayoutText {#text} at (56,3) size 176x19
          text run at (56,3) width 176: " should have a width of 40%."
      LayoutBlockFlow {P} at (0,374.44) size 784x40
        LayoutText {#text} at (0,0) size 195x19
          text run at (0,0) width 195: "If the browser does not support "
        LayoutInline {CODE} at (0,0) size 72x16
          LayoutText {#text} at (195,3) size 72x16
            text run at (195,3) width 72: "min-width"
        LayoutText {#text} at (267,0) size 30x19
          text run at (267,0) width 30: " and "
        LayoutInline {CODE} at (0,0) size 72x16
          LayoutText {#text} at (297,3) size 72x16
            text run at (297,3) width 72: "max-width"
        LayoutText {#text} at (369,0) size 164x19
          text run at (369,0) width 164: ", then the widths should be "
        LayoutInline {CODE} at (0,0) size 32x16
          LayoutText {#text} at (533,3) size 32x16
            text run at (533,3) width 32: "auto"
        LayoutText {#text} at (565,0) size 8x19
          text run at (565,0) width 8: ", "
        LayoutInline {CODE} at (0,0) size 24x16
          LayoutText {#text} at (573,3) size 24x16
            text run at (573,3) width 24: "40%"
        LayoutText {#text} at (597,0) size 8x19
          text run at (597,0) width 8: ", "
        LayoutInline {CODE} at (0,0) size 24x16
          LayoutText {#text} at (605,3) size 24x16
            text run at (605,3) width 24: "30%"
        LayoutText {#text} at (629,0) size 8x19
          text run at (629,0) width 8: ", "
        LayoutInline {CODE} at (0,0) size 24x16
          LayoutText {#text} at (637,3) size 24x16
            text run at (637,3) width 24: "50%"
        LayoutText {#text} at (661,0) size 8x19
          text run at (661,0) width 8: ", "
        LayoutInline {CODE} at (0,0) size 24x16
          LayoutText {#text} at (669,3) size 24x16
            text run at (669,3) width 24: "50%"
        LayoutText {#text} at (693,0) size 8x19
          text run at (693,0) width 8: ", "
        LayoutInline {CODE} at (0,0) size 24x16
          LayoutText {#text} at (701,3) size 24x16
            text run at (701,3) width 24: "40%"
        LayoutText {#text} at (725,0) size 8x19
          text run at (725,0) width 8: ", "
        LayoutInline {CODE} at (0,0) size 24x16
          LayoutText {#text} at (733,3) size 24x16
            text run at (733,3) width 24: "30%"
        LayoutText {#text} at (757,0) size 4x19
          text run at (757,0) width 4: ","
        LayoutInline {CODE} at (0,0) size 24x16
          LayoutText {#text} at (0,23) size 24x16
            text run at (0,23) width 24: "40%"
        LayoutText {#text} at (24,20) size 8x19
          text run at (24,20) width 8: ", "
        LayoutInline {CODE} at (0,0) size 32x16
          LayoutText {#text} at (32,23) size 32x16
            text run at (32,23) width 32: "auto"
        LayoutText {#text} at (64,20) size 182x19
          text run at (64,20) width 182: " (with 70% margin-right), and "
        LayoutInline {CODE} at (0,0) size 33x16
          LayoutText {#text} at (245,23) size 33x16
            text run at (245,23) width 33: "auto"
        LayoutText {#text} at (277,20) size 5x19
          text run at (277,20) width 5: "."
