layer at (0,0) size 800x600
  LayoutView at (0,0) size 800x600
layer at (0,0) size 800x294
  LayoutBlockFlow {HTML} at (0,0) size 800x294.31
    LayoutBlockFlow {BODY} at (8,16) size 784x262.31
      LayoutBlockFlow {P} at (0,0) size 784x20
        LayoutText {#text} at (0,0) size 231x19
          text run at (0,0) width 231: "These <h1>s should all be left-aligned:"
      LayoutBlockFlow {H1} at (0,41.44) size 784x43 [border: (3px solid #FF0000)]
        LayoutText {#text} at (3,3) size 96x36
          text run at (3,3) width 96: "sample"
      LayoutBlockFlow {H1} at (0,105.88) size 326x43 [border: (3px solid #FF0000)]
        LayoutText {#text} at (3,3) size 96x36
          text run at (3,3) width 96: "sample"
      LayoutBlockFlow {P} at (0,170.31) size 784x20
        LayoutText {#text} at (0,0) size 266x19
          text run at (0,0) width 266: "These <p>s should be (and are) left-aligned:"
      LayoutBlockFlow {P} at (0,206.31) size 784x20
        LayoutText {#text} at (0,0) size 42x19
          text run at (0,0) width 42: "sample"
      LayoutBlockFlow {P} at (0,242.31) size 160x20
        LayoutText {#text} at (0,0) size 42x19
          text run at (0,0) width 42: "sample"
