layer at (0,0) size 800x600
  LayoutView at (0,0) size 800x600
layer at (0,0) size 800x600
  LayoutBlockFlow {HTML} at (0,0) size 800x600
    LayoutBlockFlow {BODY} at (8,8) size 784x576
      LayoutBlockFlow {DIV} at (0,0) size 784x56
        LayoutBlockFlow (anonymous) at (0,0) size 784x20
          LayoutText {#text} at (0,0) size 11x19
            text run at (0,0) width 11: "A"
          LayoutText {#text} at (11,0) size 11x19
            text run at (11,0) width 11: "C"
        LayoutBlockFlow {P} at (0,36) size 784x0
        LayoutBlockFlow {DIV} at (0,36) size 784x20
          LayoutBlockFlow (anonymous) at (0,0) size 784x20
            LayoutText {#text} at (100,0) size 15x19
              text run at (100,0) width 15: "A "
            LayoutBlockFlow (floating) {SPAN} at (0,0) size 100x100 [bgcolor=#008000]
            LayoutText {#text} at (115,0) size 10x19
              text run at (115,0) width 10: "B"
          LayoutBlockFlow {P} at (0,36) size 784x0
hidden layer at (19,8) size 10x20
  LayoutBlockFlow (positioned) {SPAN} at (19,8) size 10x20
    LayoutText {#text} at (0,0) size 10x19
      text run at (0,0) width 10: "B"
