layer at (0,0) size 800x600
  LayoutView at (0,0) size 800x600
layer at (0,0) size 800x146
  LayoutBlockFlow {HTML} at (0,0) size 800x146
    LayoutBlockFlow {BODY} at (8,8) size 784x130
      LayoutBlockFlow {DIV} at (0,0) size 784x104 [border: (3px solid #FFFF00)]
        LayoutBlockFlow (anonymous) at (3,3) size 778x20
          LayoutText {#text} at (0,0) size 42x19
            text run at (0,0) width 42: "Yellow"
        LayoutBlockFlow {DIV} at (3,23) size 778x78 [border: (3px solid #0000FF)]
          LayoutBlockFlow (anonymous) at (3,3) size 772x20
            LayoutText {#text} at (0,0) size 27x19
              text run at (0,0) width 27: "Blue"
          LayoutBlockFlow {DIV} at (3,23) size 772x26 [border: (3px solid #008000)]
            LayoutText {#text} at (3,3) size 37x19
              text run at (3,3) width 37: "Green"
          LayoutBlockFlow {DIV} at (3,49) size 772x26 [border: (3px solid #FF0000)]
            LayoutText {#text} at (3,3) size 25x19
              text run at (3,3) width 25: "Red"
      LayoutBlockFlow {DIV} at (0,104) size 784x26 [border: (3px solid #000080)]
        LayoutBlockFlow {DIV} at (3,3) size 778x20
          LayoutText {#text} at (0,0) size 33x19
            text run at (0,0) width 33: "Navy"
