layer at (0,0) size 800x600
  LayoutView at (0,0) size 800x600
layer at (0,0) size 800x600
  LayoutBlockFlow {HTML} at (0,0) size 800x600
    LayoutBlockFlow {BODY} at (8,8) size 784x584
      LayoutBlockFlow {P} at (0,0) size 784x40
        LayoutText {#text} at (0,0) size 99x19
          text run at (0,0) width 99: "This is a test for "
        LayoutInline {I} at (0,0) size 778x39
          LayoutInline {A} at (0,0) size 311x19 [color=#0000EE]
            LayoutText {#text} at (99,0) size 311x19
              text run at (99,0) width 311: "https://bugs.webkit.org/show_bug.cgi?id=18809"
          LayoutText {#text} at (409,0) size 778x39
            text run at (409,0) width 5: " "
            text run at (413,0) width 365: "Forms with block level generated content and absolutely"
            text run at (0,20) width 341: "positioned labels break inline layout (fixed on reflow)"
        LayoutText {#text} at (340,20) size 5x19
          text run at (340,20) width 5: "."
      LayoutBlockFlow {DIV} at (0,56) size 784x40
        LayoutBlockFlow (anonymous) at (0,0) size 784x20
          LayoutText {#text} at (0,0) size 91x19
            text run at (0,0) width 91: "This should be "
          LayoutText {#text} at (91,0) size 72x19
            text run at (91,0) width 72: "a single line."
        LayoutBlockFlow {<pseudo:after>} at (0,20) size 784x20
          LayoutTextFragment (anonymous) at (0,0) size 184x19
            text run at (0,0) width 184: "This should be the second line."
      LayoutBlockFlow {DIV} at (0,96) size 784x20
        LayoutBlockFlow {DIV} at (0,0) size 784x0
        LayoutBlockFlow (anonymous) at (0,0) size 784x20
          LayoutText {#text} at (0,0) size 91x19
            text run at (0,0) width 91: "This should be "
          LayoutText {#text} at (91,0) size 72x19
            text run at (91,0) width 72: "a single line."
      LayoutBlockFlow {DIV} at (0,116) size 784x20
        LayoutBlockFlow {DIV} at (0,0) size 784x0
        LayoutBlockFlow (anonymous) at (0,0) size 784x20
          LayoutText {#text} at (91,0) size 72x19
            text run at (91,0) width 72: "a single line."
          LayoutBlockFlow (floating) {SPAN} at (0,0) size 91x20
            LayoutText {#text} at (0,0) size 91x19
              text run at (0,0) width 91: "This should be "
layer at (99,64) size 0x0
  LayoutBlockFlow (positioned) {SPAN} at (99,64) size 0x0
layer at (99,104) size 0x0
  LayoutBlockFlow (positioned) {SPAN} at (99,104) size 0x0
