layer at (0,0) size 800x600
  LayoutView at (0,0) size 800x600
layer at (0,0) size 800x260
  LayoutBlockFlow {HTML} at (0,0) size 800x260
    LayoutBlockFlow {BODY} at (8,16) size 784x236
      LayoutBlockFlow {P} at (0,0) size 784x20
        LayoutText {#text} at (0,0) size 292x19
          text run at (0,0) width 292: "There must be a green square below and no red."
layer at (8,52) size 784x200
  LayoutBlockFlow (relative positioned) {DIV} at (0,36) size 784x200
    LayoutBlockFlow (anonymous) at (0,0) size 784x20
      LayoutText {#text} at (100,0) size 4x19
        text run at (100,0) width 4: " "
    LayoutBlockFlow {DIV} at (0,20) size 784x0
layer at (8,52) size 100x100
  LayoutBlockFlow (positioned) {DIV} at (0,0) size 100x100 [bgcolor=#FF0000]
layer at (8,52) size 100x100
  LayoutBlockFlow (relative positioned) (floating) {DIV} at (0,0) size 100x100 [bgcolor=#008000]
