layer at (0,0) size 800x600 scrollX 210.00 scrollWidth 1010
  LayoutView at (0,0) size 800x600
layer at (0,0) size 800x242
  LayoutBlockFlow {HTML} at (0,0) size 800x242
    LayoutBlockFlow {BODY} at (8,16) size 784x218
      LayoutBlockFlow {P} at (0,0) size 784x60
        LayoutText {#text} at (0,0) size 242x19
          text run at (0,0) width 242: "This test checks for a regression against "
        LayoutInline {I} at (0,0) size 718x39
          LayoutInline {A} at (0,0) size 310x19 [color=#0000EE]
            LayoutText {#text} at (242,0) size 310x19
              text run at (242,0) width 310: "https://bugs.webkit.org/show_bug.cgi?id=24118"
          LayoutText {#text} at (551,0) size 718x39
            text run at (551,0) width 167: " RTL: Truncation behaves"
            text run at (0,20) width 186: "differently than IE/FF/Opera"
        LayoutText {#text} at (185,20) size 5x19
          text run at (185,20) width 5: "."
        LayoutBR {BR} at (189,20) size 1x19
        LayoutText {#text} at (0,40) size 398x19
          text run at (0,40) width 398: "This test passes if the red block below is truncated on the left side."
      LayoutBlockFlow {DIV} at (-218,76) size 1002x142 [border: (1px solid #FF0000)]
        LayoutText {#text} at (65,1) size 993x139
          text run at (65,1) width 936: "Lorem ipsum dolor sit amet, consectetur adipiscing elit. Nunc et nisl tellus. Vivamus aliquam elit non arcu scelerisque eget dapibus nunc vulputate. Maecenas"
          text run at (26,21) width 975: "scelerisque egestas purus, id bibendum magna venenatis vel. Vestibulum bibendum volutpat aliquam. Cum sociis natoque penatibus et magnis dis parturient montes,"
          text run at (11,41) width 990: "nascetur ridiculus mus. Vestibulum eget risus sodales mi tristique dignissim et sed lectus. Cras convallis, nibh ut dapibus gravida, enim mauris molestie elit, eget fringilla"
          text run at (56,61) width 945: "augue est nec est. Curabitur eu quam non purus sodales pulvinar. Donec ultrices dui eget dolor lobortis in porta quam rutrum. Nulla risus lacus, adipiscing quis"
          text run at (46,81) width 955: "ullamcorper vestibulum, condimentum sed lacus. Sed in nunc dolor, quis egestas turpis. Integer arcu tellus, posuere sit amet pellentesque a, molestie at mi. Nulla"
          text run at (8,101) width 993: "blandit, mi et euismod imperdiet, augue arcu ornare felis, nec viverra lacus ligula ut metus. Proin ut leo ante, at consectetur sem. Nullam non nunc ligula. Proin sed ante"
          text run at (874,121) width 4 RTL: "."
          text run at (878,121) width 123: "sem, id rutrum purus"
