layer at (0,0) size 800x600
  LayoutView at (0,0) size 800x600
layer at (0,0) size 800x582
  LayoutBlockFlow {HTML} at (0,0) size 800x582
    LayoutBlockFlow {BODY} at (0,0) size 800x581
      LayoutBlockFlow {DIV} at (0,0) size 600x36
        LayoutText {#text} at (0,0) size 292x14
          text run at (0,0) width 292: "Table autosizing tests - css-table-single-cell-lots-of-text.html"
        LayoutBR {BR} at (291,0) size 1x14
        LayoutText {#text} at (0,14) size 565x14
          text run at (0,14) width 565: "This test passes if there is a one cell with lots of text that's autosized, and five single-word cells that are not autosized."
      LayoutTable {DIV} at (1,37) size 798x544
        LayoutTableSection (anonymous) at (0,0) size 798x544
          LayoutTableRow {DIV} at (0,0) size 798x38
            LayoutTableCell {DIV} at (0,17) size 26x16 [bgcolor=#F0FFF0] [border: (1px dotted #006400)] [r=0 c=0 rs=1 cs=1]
              LayoutText {#text} at (1,1) size 24x14
                text run at (1,1) width 24: "hello"
            LayoutTableCell {DIV} at (26,0) size 746x38 [bgcolor=#F0FFF0] [border: (1px dotted #006400)] [r=0 c=1 rs=1 cs=1]
              LayoutText {#text} at (1,1) size 60x36
                text run at (1,1) width 60: "hello"
            LayoutTableCell {DIV} at (772,17) size 26x16 [bgcolor=#F0FFF0] [border: (1px dotted #006400)] [r=0 c=2 rs=1 cs=1]
              LayoutText {#text} at (1,1) size 24x14
                text run at (1,1) width 24: "hello"
          LayoutTableRow {DIV} at (0,38) size 798x506
            LayoutTableCell {DIV} at (0,55) size 26x16 [bgcolor=#F0FFF0] [border: (1px dotted #006400)] [r=1 c=0 rs=1 cs=1]
              LayoutText {#text} at (1,1) size 24x14
                text run at (1,1) width 24: "hello"
            LayoutTableCell {DIV} at (26,38) size 746x506 [bgcolor=#F0FFF0] [border: (1px dotted #006400)] [r=1 c=1 rs=1 cs=1]
              LayoutText {#text} at (1,1) size 735x504
                text run at (1,1) width 735: "hello hello hello hello hello hello hello hello hello hello hello"
                text run at (1,37) width 735: "hello hello hello hello hello hello hello hello hello hello hello"
                text run at (1,73) width 735: "hello hello hello hello hello hello hello hello hello hello hello"
                text run at (1,109) width 735: "hello hello hello hello hello hello hello hello hello hello hello"
                text run at (1,145) width 735: "hello hello hello hello hello hello hello hello hello hello hello"
                text run at (1,181) width 735: "hello hello hello hello hello hello hello hello hello hello hello"
                text run at (1,217) width 735: "hello hello hello hello hello hello hello hello hello hello hello"
                text run at (1,253) width 735: "hello hello hello hello hello hello hello hello hello hello hello"
                text run at (1,289) width 735: "hello hello hello hello hello hello hello hello hello hello hello"
                text run at (1,325) width 735: "hello hello hello hello hello hello hello hello hello hello hello"
                text run at (1,361) width 735: "hello hello hello hello hello hello hello hello hello hello hello"
                text run at (1,397) width 735: "hello hello hello hello hello hello hello hello hello hello hello"
                text run at (1,433) width 735: "hello hello hello hello hello hello hello hello hello hello hello"
                text run at (1,469) width 600: "hello hello hello hello hello hello hello hello hello"
            LayoutTableCell {DIV} at (772,55) size 26x16 [bgcolor=#F0FFF0] [border: (1px dotted #006400)] [r=1 c=2 rs=1 cs=1]
              LayoutText {#text} at (1,1) size 24x14
                text run at (1,1) width 24: "hello"
