layer at (0,0) size 800x600
  LayoutView at (0,0) size 800x600
layer at (0,0) size 800x128
  LayoutBlockFlow {HTML} at (0,0) size 800x128
    LayoutBlockFlow {BODY} at (0,0) size 800x127
      LayoutBlockFlow {DIV} at (0,0) size 600x36
        LayoutText {#text} at (0,0) size 295x14
          text run at (0,0) width 295: "Table autosizing tests - css-table-lots-of-text-many-cells.html"
        LayoutBR {BR} at (294,0) size 1x14
        LayoutText {#text} at (0,14) size 251x14
          text run at (0,14) width 251: "This test passes if none of the 18 cells are autosized."
      LayoutTable {DIV} at (1,37) size 798x90
        LayoutTableSection (anonymous) at (0,0) size 798x90
          LayoutTableRow {DIV} at (0,0) size 798x30
            LayoutTableCell {DIV} at (0,0) size 133x16 [bgcolor=#F0FFF0] [border: (1px dotted #006400)] [r=0 c=0 rs=1 cs=1]
              LayoutText {#text} at (1,1) size 24x14
                text run at (1,1) width 24: "hello"
            LayoutTableCell {DIV} at (133,0) size 133x30 [bgcolor=#F0FFF0] [border: (1px dotted #006400)] [r=0 c=1 rs=1 cs=1]
              LayoutText {#text} at (1,1) size 105x28
                text run at (1,1) width 105: "hello hello hello hello"
                text run at (1,15) width 78: "hello hello hello"
            LayoutTableCell {DIV} at (266,0) size 133x30 [bgcolor=#F0FFF0] [border: (1px dotted #006400)] [r=0 c=2 rs=1 cs=1]
              LayoutText {#text} at (1,1) size 105x28
                text run at (1,1) width 105: "hello hello hello hello"
                text run at (1,15) width 78: "hello hello hello"
            LayoutTableCell {DIV} at (399,0) size 133x30 [bgcolor=#F0FFF0] [border: (1px dotted #006400)] [r=0 c=3 rs=1 cs=1]
              LayoutText {#text} at (1,1) size 105x28
                text run at (1,1) width 105: "hello hello hello hello"
                text run at (1,15) width 78: "hello hello hello"
            LayoutTableCell {DIV} at (532,0) size 133x30 [bgcolor=#F0FFF0] [border: (1px dotted #006400)] [r=0 c=4 rs=1 cs=1]
              LayoutText {#text} at (1,1) size 105x28
                text run at (1,1) width 105: "hello hello hello hello"
                text run at (1,15) width 78: "hello hello hello"
            LayoutTableCell {DIV} at (665,0) size 133x30 [bgcolor=#F0FFF0] [border: (1px dotted #006400)] [r=0 c=5 rs=1 cs=1]
              LayoutText {#text} at (1,1) size 105x28
                text run at (1,1) width 105: "hello hello hello hello"
                text run at (1,15) width 78: "hello hello hello"
          LayoutTableRow {DIV} at (0,30) size 798x30
            LayoutTableCell {DIV} at (0,30) size 133x30 [bgcolor=#F0FFF0] [border: (1px dotted #006400)] [r=1 c=0 rs=1 cs=1]
              LayoutText {#text} at (1,1) size 105x28
                text run at (1,1) width 105: "hello hello hello hello"
                text run at (1,15) width 78: "hello hello hello"
            LayoutTableCell {DIV} at (133,30) size 133x30 [bgcolor=#F0FFF0] [border: (1px dotted #006400)] [r=1 c=1 rs=1 cs=1]
              LayoutText {#text} at (1,1) size 105x28
                text run at (1,1) width 105: "hello hello hello hello"
                text run at (1,15) width 78: "hello hello hello"
            LayoutTableCell {DIV} at (266,30) size 133x30 [bgcolor=#F0FFF0] [border: (1px dotted #006400)] [r=1 c=2 rs=1 cs=1]
              LayoutText {#text} at (1,1) size 105x28
                text run at (1,1) width 105: "hello hello hello hello"
                text run at (1,15) width 78: "hello hello hello"
            LayoutTableCell {DIV} at (399,30) size 133x30 [bgcolor=#F0FFF0] [border: (1px dotted #006400)] [r=1 c=3 rs=1 cs=1]
              LayoutText {#text} at (1,1) size 105x28
                text run at (1,1) width 105: "hello hello hello hello"
                text run at (1,15) width 78: "hello hello hello"
            LayoutTableCell {DIV} at (532,30) size 133x30 [bgcolor=#F0FFF0] [border: (1px dotted #006400)] [r=1 c=4 rs=1 cs=1]
              LayoutText {#text} at (1,1) size 105x28
                text run at (1,1) width 105: "hello hello hello hello"
                text run at (1,15) width 78: "hello hello hello"
            LayoutTableCell {DIV} at (665,30) size 133x30 [bgcolor=#F0FFF0] [border: (1px dotted #006400)] [r=1 c=5 rs=1 cs=1]
              LayoutText {#text} at (1,1) size 105x28
                text run at (1,1) width 105: "hello hello hello hello"
                text run at (1,15) width 78: "hello hello hello"
          LayoutTableRow {DIV} at (0,60) size 798x30
            LayoutTableCell {DIV} at (0,60) size 133x30 [bgcolor=#F0FFF0] [border: (1px dotted #006400)] [r=2 c=0 rs=1 cs=1]
              LayoutText {#text} at (1,1) size 105x28
                text run at (1,1) width 105: "hello hello hello hello"
                text run at (1,15) width 78: "hello hello hello"
            LayoutTableCell {DIV} at (133,60) size 133x30 [bgcolor=#F0FFF0] [border: (1px dotted #006400)] [r=2 c=1 rs=1 cs=1]
              LayoutText {#text} at (1,1) size 105x28
                text run at (1,1) width 105: "hello hello hello hello"
                text run at (1,15) width 78: "hello hello hello"
            LayoutTableCell {DIV} at (266,60) size 133x30 [bgcolor=#F0FFF0] [border: (1px dotted #006400)] [r=2 c=2 rs=1 cs=1]
              LayoutText {#text} at (1,1) size 105x28
                text run at (1,1) width 105: "hello hello hello hello"
                text run at (1,15) width 78: "hello hello hello"
            LayoutTableCell {DIV} at (399,60) size 133x30 [bgcolor=#F0FFF0] [border: (1px dotted #006400)] [r=2 c=3 rs=1 cs=1]
              LayoutText {#text} at (1,1) size 105x28
                text run at (1,1) width 105: "hello hello hello hello"
                text run at (1,15) width 78: "hello hello hello"
            LayoutTableCell {DIV} at (532,60) size 133x30 [bgcolor=#F0FFF0] [border: (1px dotted #006400)] [r=2 c=4 rs=1 cs=1]
              LayoutText {#text} at (1,1) size 105x28
                text run at (1,1) width 105: "hello hello hello hello"
                text run at (1,15) width 78: "hello hello hello"
            LayoutTableCell {DIV} at (665,60) size 133x30 [bgcolor=#F0FFF0] [border: (1px dotted #006400)] [r=2 c=5 rs=1 cs=1]
              LayoutText {#text} at (1,1) size 105x28
                text run at (1,1) width 105: "hello hello hello hello"
                text run at (1,15) width 78: "hello hello hello"
