layer at (0,0) size 800x600
  LayoutView at (0,0) size 800x600
layer at (0,0) size 800x585
  LayoutBlockFlow {HTML} at (0,0) size 800x585
    LayoutBlockFlow {BODY} at (0,0) size 800x584
      LayoutBlockFlow {DIV} at (0,0) size 600x36
        LayoutText {#text} at (0,0) size 301x14
          text run at (0,0) width 301: "Table autosizing tests - fixed-table-single-cell-lots-of-text.html"
        LayoutBR {BR} at (300,0) size 1x14
        LayoutText {#text} at (0,14) size 565x14
          text run at (0,14) width 565: "This test passes if there is a one cell with lots of text that's autosized, and five single-word cells that are not autosized."
      LayoutTable {TABLE} at (1,37) size 798x547 [border: none]
        LayoutTableSection {TBODY} at (0,0) size 797x546
          LayoutTableRow {TR} at (0,0) size 797x39
            LayoutTableCell {TD} at (0,11) size 27x17 [bgcolor=#F0FFF0] [border: (1px dotted #006400)] [r=0 c=0 rs=1 cs=1]
              LayoutText {#text} at (2,2) size 24x14
                text run at (2,2) width 24: "hello"
            LayoutTableCell {TD} at (27,0) size 743x39 [bgcolor=#F0FFF0] [border: (1px dotted #006400)] [r=0 c=1 rs=1 cs=1]
              LayoutText {#text} at (2,2) size 60x36
                text run at (2,2) width 60: "hello"
            LayoutTableCell {TD} at (770,11) size 27x17 [bgcolor=#F0FFF0] [border: (1px dotted #006400)] [r=0 c=2 rs=1 cs=1]
              LayoutText {#text} at (2,2) size 24x14
                text run at (2,2) width 24: "hello"
          LayoutTableRow {TR} at (0,39) size 797x507
            LayoutTableCell {TD} at (0,284) size 27x17 [bgcolor=#F0FFF0] [border: (1px dotted #006400)] [r=1 c=0 rs=1 cs=1]
              LayoutText {#text} at (2,2) size 24x14
                text run at (2,2) width 24: "hello"
            LayoutTableCell {TD} at (27,39) size 743x507 [bgcolor=#F0FFF0] [border: (1px dotted #006400)] [r=1 c=1 rs=1 cs=1]
              LayoutText {#text} at (2,2) size 735x504
                text run at (2,2) width 735: "hello hello hello hello hello hello hello hello hello hello hello"
                text run at (2,38) width 735: "hello hello hello hello hello hello hello hello hello hello hello"
                text run at (2,74) width 735: "hello hello hello hello hello hello hello hello hello hello hello"
                text run at (2,110) width 735: "hello hello hello hello hello hello hello hello hello hello hello"
                text run at (2,146) width 735: "hello hello hello hello hello hello hello hello hello hello hello"
                text run at (2,182) width 735: "hello hello hello hello hello hello hello hello hello hello hello"
                text run at (2,218) width 735: "hello hello hello hello hello hello hello hello hello hello hello"
                text run at (2,254) width 735: "hello hello hello hello hello hello hello hello hello hello hello"
                text run at (2,290) width 735: "hello hello hello hello hello hello hello hello hello hello hello"
                text run at (2,326) width 735: "hello hello hello hello hello hello hello hello hello hello hello"
                text run at (2,362) width 735: "hello hello hello hello hello hello hello hello hello hello hello"
                text run at (2,398) width 735: "hello hello hello hello hello hello hello hello hello hello hello"
                text run at (2,434) width 735: "hello hello hello hello hello hello hello hello hello hello hello"
                text run at (2,470) width 600: "hello hello hello hello hello hello hello hello hello"
            LayoutTableCell {TD} at (770,284) size 27x17 [bgcolor=#F0FFF0] [border: (1px dotted #006400)] [r=1 c=2 rs=1 cs=1]
              LayoutText {#text} at (2,2) size 24x14
                text run at (2,2) width 24: "hello"
