layer at (0,0) size 800x600
  LayoutView at (0,0) size 800x600
layer at (0,0) size 800x132
  LayoutBlockFlow {HTML} at (0,0) size 800x132
    LayoutBlockFlow {BODY} at (0,0) size 800x131
      LayoutBlockFlow {DIV} at (0,0) size 600x36
        LayoutText {#text} at (0,0) size 249x14
          text run at (0,0) width 249: "Table autosizing tests - lots-of-text-many-cells.html"
        LayoutBR {BR} at (248,0) size 1x14
        LayoutText {#text} at (0,14) size 251x14
          text run at (0,14) width 251: "This test passes if none of the 18 cells are autosized."
      LayoutTable {TABLE} at (1,37) size 798x94 [border: none]
        LayoutTableSection {TBODY} at (0,0) size 797x93
          LayoutTableRow {TR} at (0,0) size 797x31
            LayoutTableCell {TD} at (0,7) size 132x17 [bgcolor=#F0FFF0] [border: (1px dotted #006400)] [r=0 c=0 rs=1 cs=1]
              LayoutText {#text} at (2,2) size 24x14
                text run at (2,2) width 24: "hello"
            LayoutTableCell {TD} at (132,0) size 133x31 [bgcolor=#F0FFF0] [border: (1px dotted #006400)] [r=0 c=1 rs=1 cs=1]
              LayoutText {#text} at (2,2) size 105x28
                text run at (2,2) width 105: "hello hello hello hello"
                text run at (2,16) width 78: "hello hello hello"
            LayoutTableCell {TD} at (265,0) size 133x31 [bgcolor=#F0FFF0] [border: (1px dotted #006400)] [r=0 c=2 rs=1 cs=1]
              LayoutText {#text} at (2,2) size 105x28
                text run at (2,2) width 105: "hello hello hello hello"
                text run at (2,16) width 78: "hello hello hello"
            LayoutTableCell {TD} at (398,0) size 133x31 [bgcolor=#F0FFF0] [border: (1px dotted #006400)] [r=0 c=3 rs=1 cs=1]
              LayoutText {#text} at (2,2) size 105x28
                text run at (2,2) width 105: "hello hello hello hello"
                text run at (2,16) width 78: "hello hello hello"
            LayoutTableCell {TD} at (531,0) size 133x31 [bgcolor=#F0FFF0] [border: (1px dotted #006400)] [r=0 c=4 rs=1 cs=1]
              LayoutText {#text} at (2,2) size 105x28
                text run at (2,2) width 105: "hello hello hello hello"
                text run at (2,16) width 78: "hello hello hello"
            LayoutTableCell {TD} at (664,0) size 133x31 [bgcolor=#F0FFF0] [border: (1px dotted #006400)] [r=0 c=5 rs=1 cs=1]
              LayoutText {#text} at (2,2) size 105x28
                text run at (2,2) width 105: "hello hello hello hello"
                text run at (2,16) width 78: "hello hello hello"
          LayoutTableRow {TR} at (0,31) size 797x31
            LayoutTableCell {TD} at (0,31) size 132x31 [bgcolor=#F0FFF0] [border: (1px dotted #006400)] [r=1 c=0 rs=1 cs=1]
              LayoutText {#text} at (2,2) size 105x28
                text run at (2,2) width 105: "hello hello hello hello"
                text run at (2,16) width 78: "hello hello hello"
            LayoutTableCell {TD} at (132,31) size 133x31 [bgcolor=#F0FFF0] [border: (1px dotted #006400)] [r=1 c=1 rs=1 cs=1]
              LayoutText {#text} at (2,2) size 105x28
                text run at (2,2) width 105: "hello hello hello hello"
                text run at (2,16) width 78: "hello hello hello"
            LayoutTableCell {TD} at (265,31) size 133x31 [bgcolor=#F0FFF0] [border: (1px dotted #006400)] [r=1 c=2 rs=1 cs=1]
              LayoutText {#text} at (2,2) size 105x28
                text run at (2,2) width 105: "hello hello hello hello"
                text run at (2,16) width 78: "hello hello hello"
            LayoutTableCell {TD} at (398,31) size 133x31 [bgcolor=#F0FFF0] [border: (1px dotted #006400)] [r=1 c=3 rs=1 cs=1]
              LayoutText {#text} at (2,2) size 105x28
                text run at (2,2) width 105: "hello hello hello hello"
                text run at (2,16) width 78: "hello hello hello"
            LayoutTableCell {TD} at (531,31) size 133x31 [bgcolor=#F0FFF0] [border: (1px dotted #006400)] [r=1 c=4 rs=1 cs=1]
              LayoutText {#text} at (2,2) size 105x28
                text run at (2,2) width 105: "hello hello hello hello"
                text run at (2,16) width 78: "hello hello hello"
            LayoutTableCell {TD} at (664,31) size 133x31 [bgcolor=#F0FFF0] [border: (1px dotted #006400)] [r=1 c=5 rs=1 cs=1]
              LayoutText {#text} at (2,2) size 105x28
                text run at (2,2) width 105: "hello hello hello hello"
                text run at (2,16) width 78: "hello hello hello"
          LayoutTableRow {TR} at (0,62) size 797x31
            LayoutTableCell {TD} at (0,62) size 132x31 [bgcolor=#F0FFF0] [border: (1px dotted #006400)] [r=2 c=0 rs=1 cs=1]
              LayoutText {#text} at (2,2) size 105x28
                text run at (2,2) width 105: "hello hello hello hello"
                text run at (2,16) width 78: "hello hello hello"
            LayoutTableCell {TD} at (132,62) size 133x31 [bgcolor=#F0FFF0] [border: (1px dotted #006400)] [r=2 c=1 rs=1 cs=1]
              LayoutText {#text} at (2,2) size 105x28
                text run at (2,2) width 105: "hello hello hello hello"
                text run at (2,16) width 78: "hello hello hello"
            LayoutTableCell {TD} at (265,62) size 133x31 [bgcolor=#F0FFF0] [border: (1px dotted #006400)] [r=2 c=2 rs=1 cs=1]
              LayoutText {#text} at (2,2) size 105x28
                text run at (2,2) width 105: "hello hello hello hello"
                text run at (2,16) width 78: "hello hello hello"
            LayoutTableCell {TD} at (398,62) size 133x31 [bgcolor=#F0FFF0] [border: (1px dotted #006400)] [r=2 c=3 rs=1 cs=1]
              LayoutText {#text} at (2,2) size 105x28
                text run at (2,2) width 105: "hello hello hello hello"
                text run at (2,16) width 78: "hello hello hello"
            LayoutTableCell {TD} at (531,62) size 133x31 [bgcolor=#F0FFF0] [border: (1px dotted #006400)] [r=2 c=4 rs=1 cs=1]
              LayoutText {#text} at (2,2) size 105x28
                text run at (2,2) width 105: "hello hello hello hello"
                text run at (2,16) width 78: "hello hello hello"
            LayoutTableCell {TD} at (664,62) size 133x31 [bgcolor=#F0FFF0] [border: (1px dotted #006400)] [r=2 c=5 rs=1 cs=1]
              LayoutText {#text} at (2,2) size 105x28
                text run at (2,2) width 105: "hello hello hello hello"
                text run at (2,16) width 78: "hello hello hello"
