layer at (0,0) size 800x600
  LayoutView at (0,0) size 800x600
layer at (0,0) size 800x143
  LayoutBlockFlow {HTML} at (0,0) size 800x143
    LayoutBlockFlow {BODY} at (0,0) size 800x142
      LayoutBlockFlow {DIV} at (0,0) size 600x36
        LayoutText {#text} at (0,0) size 251x14
          text run at (0,0) width 251: "Table autosizing tests - narrow-specified-width.html"
        LayoutBR {BR} at (250,0) size 1x14
        LayoutText {#text} at (0,14) size 245x14
          text run at (0,14) width 245: "This test passes if none of the 6 cells are autosized."
      LayoutTable {TABLE} at (1,37) size 200x105 [border: none]
        LayoutTableSection {TBODY} at (0,0) size 199x104
          LayoutTableRow {TR} at (0,0) size 199x17
            LayoutTableCell {TD} at (0,0) size 27x17 [bgcolor=#F0FFF0] [border: (1px dotted #006400)] [r=0 c=0 rs=1 cs=1]
              LayoutText {#text} at (2,2) size 24x14
                text run at (2,2) width 24: "hello"
            LayoutTableCell {TD} at (27,0) size 145x17 [bgcolor=#F0FFF0] [border: (1px dotted #006400)] [r=0 c=1 rs=1 cs=1]
              LayoutText {#text} at (2,2) size 24x14
                text run at (2,2) width 24: "hello"
            LayoutTableCell {TD} at (172,0) size 27x17 [bgcolor=#F0FFF0] [border: (1px dotted #006400)] [r=0 c=2 rs=1 cs=1]
              LayoutText {#text} at (2,2) size 24x14
                text run at (2,2) width 24: "hello"
          LayoutTableRow {TR} at (0,17) size 199x87
            LayoutTableCell {TD} at (0,52) size 27x17 [bgcolor=#F0FFF0] [border: (1px dotted #006400)] [r=1 c=0 rs=1 cs=1]
              LayoutText {#text} at (2,2) size 24x14
                text run at (2,2) width 24: "hello"
            LayoutTableCell {TD} at (27,17) size 145x87 [bgcolor=#F0FFF0] [border: (1px dotted #006400)] [r=1 c=1 rs=1 cs=1]
              LayoutText {#text} at (2,2) size 132x84
                text run at (2,2) width 132: "hello hello hello hello hello"
                text run at (2,16) width 132: "hello hello hello hello hello"
                text run at (2,30) width 132: "hello hello hello hello hello"
                text run at (2,44) width 132: "hello hello hello hello hello"
                text run at (2,58) width 132: "hello hello hello hello hello"
                text run at (2,72) width 24: "hello"
            LayoutTableCell {TD} at (172,52) size 27x17 [bgcolor=#F0FFF0] [border: (1px dotted #006400)] [r=1 c=2 rs=1 cs=1]
              LayoutText {#text} at (2,2) size 24x14
                text run at (2,2) width 24: "hello"
