layer at (0,0) size 800x600 scrollHeight 1895
  LayoutView at (0,0) size 800x600
layer at (0,0) size 800x1895 backgroundClip at (0,0) size 800x600 clip at (0,0) size 800x600
  LayoutBlockFlow {HTML} at (0,0) size 800x1895
    LayoutBlockFlow {BODY} at (0,0) size 800x1894
      LayoutBlockFlow {DIV} at (0,0) size 600x36
        LayoutText {#text} at (0,0) size 317x14
          text run at (0,0) width 317: "Table autosizing tests - single-percent-width-cell-lots-of-text.html"
        LayoutBR {BR} at (316,0) size 1x14
        LayoutText {#text} at (0,14) size 505x14
          text run at (0,14) width 505: "This test passes if there is a one cell with lots of text that's autosized, and five cells that are not autosized."
      LayoutTable {TABLE} at (1,37) size 798x1857 [border: none]
        LayoutTableSection {TBODY} at (0,0) size 797x1856
          LayoutTableRow {TR} at (0,0) size 797x17
            LayoutTableCell {TD} at (0,0) size 279x17 [bgcolor=#F0FFF0] [border: (1px dotted #006400)] [r=0 c=0 rs=1 cs=1]
              LayoutText {#text} at (2,2) size 24x14
                text run at (2,2) width 24: "hello"
            LayoutTableCell {TD} at (279,0) size 239x17 [bgcolor=#F0FFF0] [border: (1px dotted #006400)] [r=0 c=1 rs=1 cs=1]
              LayoutText {#text} at (2,2) size 24x14
                text run at (2,2) width 24: "hello"
            LayoutTableCell {TD} at (518,0) size 279x17 [bgcolor=#F0FFF0] [border: (1px dotted #006400)] [r=0 c=2 rs=1 cs=1]
              LayoutText {#text} at (2,2) size 24x14
                text run at (2,2) width 24: "hello"
          LayoutTableRow {TR} at (0,17) size 797x1839
            LayoutTableCell {TD} at (0,928) size 279x17 [bgcolor=#F0FFF0] [border: (1px dotted #006400)] [r=1 c=0 rs=1 cs=1]
              LayoutText {#text} at (2,2) size 24x14
                text run at (2,2) width 24: "hello"
            LayoutTableCell {TD} at (279,17) size 239x1839 [bgcolor=#F0FFF0] [border: (1px dotted #006400)] [r=1 c=1 rs=1 cs=1]
              LayoutText {#text} at (2,2) size 195x1836
                text run at (2,2) width 195: "hello hello hello"
                text run at (2,38) width 195: "hello hello hello"
                text run at (2,74) width 195: "hello hello hello"
                text run at (2,110) width 195: "hello hello hello"
                text run at (2,146) width 195: "hello hello hello"
                text run at (2,182) width 195: "hello hello hello"
                text run at (2,218) width 195: "hello hello hello"
                text run at (2,254) width 195: "hello hello hello"
                text run at (2,290) width 195: "hello hello hello"
                text run at (2,326) width 195: "hello hello hello"
                text run at (2,362) width 195: "hello hello hello"
                text run at (2,398) width 195: "hello hello hello"
                text run at (2,434) width 195: "hello hello hello"
                text run at (2,470) width 195: "hello hello hello"
                text run at (2,506) width 195: "hello hello hello"
                text run at (2,542) width 195: "hello hello hello"
                text run at (2,578) width 195: "hello hello hello"
                text run at (2,614) width 195: "hello hello hello"
                text run at (2,650) width 195: "hello hello hello"
                text run at (2,686) width 195: "hello hello hello"
                text run at (2,722) width 195: "hello hello hello"
                text run at (2,758) width 195: "hello hello hello"
                text run at (2,794) width 195: "hello hello hello"
                text run at (2,830) width 195: "hello hello hello"
                text run at (2,866) width 195: "hello hello hello"
                text run at (2,902) width 195: "hello hello hello"
                text run at (2,938) width 195: "hello hello hello"
                text run at (2,974) width 195: "hello hello hello"
                text run at (2,1010) width 195: "hello hello hello"
                text run at (2,1046) width 195: "hello hello hello"
                text run at (2,1082) width 195: "hello hello hello"
                text run at (2,1118) width 195: "hello hello hello"
                text run at (2,1154) width 195: "hello hello hello"
                text run at (2,1190) width 195: "hello hello hello"
                text run at (2,1226) width 195: "hello hello hello"
                text run at (2,1262) width 195: "hello hello hello"
                text run at (2,1298) width 195: "hello hello hello"
                text run at (2,1334) width 195: "hello hello hello"
                text run at (2,1370) width 195: "hello hello hello"
                text run at (2,1406) width 195: "hello hello hello"
                text run at (2,1442) width 195: "hello hello hello"
                text run at (2,1478) width 195: "hello hello hello"
                text run at (2,1514) width 195: "hello hello hello"
                text run at (2,1550) width 195: "hello hello hello"
                text run at (2,1586) width 195: "hello hello hello"
                text run at (2,1622) width 195: "hello hello hello"
                text run at (2,1658) width 195: "hello hello hello"
                text run at (2,1694) width 195: "hello hello hello"
                text run at (2,1730) width 195: "hello hello hello"
                text run at (2,1766) width 195: "hello hello hello"
                text run at (2,1802) width 128: "hello hello"
            LayoutTableCell {TD} at (518,928) size 279x17 [bgcolor=#F0FFF0] [border: (1px dotted #006400)] [r=1 c=2 rs=1 cs=1]
              LayoutText {#text} at (2,2) size 24x14
                text run at (2,2) width 24: "hello"
