layer at (0,0) size 800x600
  LayoutView at (0,0) size 800x600
layer at (0,0) size 800x419
  LayoutBlockFlow {HTML} at (0,0) size 800x419
    LayoutBlockFlow {BODY} at (0,0) size 800x418
      LayoutBlockFlow {DIV} at (0,0) size 600x36
        LayoutText {#text} at (0,0) size 214x14
          text run at (0,0) width 214: "Table autosizing tests - table-for-layout.html"
        LayoutBR {BR} at (213,0) size 1x14
        LayoutText {#text} at (0,14) size 254x14
          text run at (0,14) width 254: "This test passes if the main content area is autosized."
      LayoutTable {TABLE} at (1,37) size 798x381 [border: none]
        LayoutTableSection {TBODY} at (0,0) size 797x380
          LayoutTableRow {TR} at (0,0) size 797x17
            LayoutTableCell {TD} at (0,0) size 797x17 [bgcolor=#F0FFF0] [border: (1px dotted #006400)] [r=0 c=0 rs=1 cs=2]
              LayoutText {#text} at (2,2) size 23x14
                text run at (2,2) width 23: "Title"
          LayoutTableRow {TR} at (0,17) size 797x363
            LayoutTableCell {TD} at (0,141) size 54x115 [bgcolor=#F0FFF0] [border: (1px dotted #006400)] [r=1 c=0 rs=1 cs=1]
              LayoutText {#text} at (2,2) size 24x14
                text run at (2,2) width 24: "hello"
              LayoutBR {BR} at (25,2) size 1x14
              LayoutText {#text} at (2,16) size 51x14
                text run at (2,16) width 51: "navigation"
              LayoutBR {BR} at (52,16) size 1x14
              LayoutText {#text} at (2,30) size 51x14
                text run at (2,30) width 51: "navigation"
              LayoutBR {BR} at (52,30) size 1x14
              LayoutText {#text} at (2,44) size 51x14
                text run at (2,44) width 51: "navigation"
              LayoutBR {BR} at (52,44) size 1x14
              LayoutText {#text} at (2,58) size 51x14
                text run at (2,58) width 51: "navigation"
              LayoutBR {BR} at (52,58) size 1x14
              LayoutText {#text} at (2,72) size 51x14
                text run at (2,72) width 51: "navigation"
              LayoutBR {BR} at (52,72) size 1x14
              LayoutText {#text} at (2,86) size 51x14
                text run at (2,86) width 51: "navigation"
              LayoutBR {BR} at (52,86) size 1x14
              LayoutText {#text} at (2,100) size 51x14
                text run at (2,100) width 51: "navigation"
              LayoutBR {BR} at (52,100) size 1x14
            LayoutTableCell {TD} at (54,17) size 743x363 [bgcolor=#F0FFF0] [border: (1px dotted #006400)] [r=1 c=1 rs=1 cs=1]
              LayoutText {#text} at (2,2) size 735x360
                text run at (2,2) width 735: "hello hello hello hello hello hello hello hello hello hello hello"
                text run at (2,38) width 735: "hello hello hello hello hello hello hello hello hello hello hello"
                text run at (2,74) width 735: "hello hello hello hello hello hello hello hello hello hello hello"
                text run at (2,110) width 735: "hello hello hello hello hello hello hello hello hello hello hello"
                text run at (2,146) width 735: "hello hello hello hello hello hello hello hello hello hello hello"
                text run at (2,182) width 735: "hello hello hello hello hello hello hello hello hello hello hello"
                text run at (2,218) width 735: "hello hello hello hello hello hello hello hello hello hello hello"
                text run at (2,254) width 735: "hello hello hello hello hello hello hello hello hello hello hello"
                text run at (2,290) width 735: "hello hello hello hello hello hello hello hello hello hello hello"
                text run at (2,326) width 330: "hello hello hello hello hello"
