layer at (0,0) size 800x600
  LayoutView at (0,0) size 800x600
layer at (0,0) size 800x199
  LayoutBlockFlow {HTML} at (0,0) size 800x199
    LayoutBlockFlow {BODY} at (0,0) size 800x198
      LayoutBlockFlow {DIV} at (0,0) size 600x36
        LayoutText {#text} at (0,0) size 249x14
          text run at (0,0) width 249: "Table autosizing tests - wide-percentage-width.html"
        LayoutBR {BR} at (248,0) size 1x14
        LayoutText {#text} at (0,14) size 469x14
          text run at (0,14) width 469: "This test passes if the cell with lots of text is autosized and none of the other 5 cells are autosized."
      LayoutTable {TABLE} at (1,37) size 500x161 [border: none]
        LayoutTableSection {TBODY} at (0,0) size 499x160
          LayoutTableRow {TR} at (0,0) size 499x25
            LayoutTableCell {TD} at (0,4) size 27x17 [bgcolor=#F0FFF0] [border: (1px dotted #006400)] [r=0 c=0 rs=1 cs=1]
              LayoutText {#text} at (2,2) size 24x14
                text run at (2,2) width 24: "hello"
            LayoutTableCell {TD} at (27,0) size 445x25 [bgcolor=#F0FFF0] [border: (1px dotted #006400)] [r=0 c=1 rs=1 cs=1]
              LayoutText {#text} at (2,2) size 38x22
                text run at (2,2) width 38: "hello"
            LayoutTableCell {TD} at (472,4) size 27x17 [bgcolor=#F0FFF0] [border: (1px dotted #006400)] [r=0 c=2 rs=1 cs=1]
              LayoutText {#text} at (2,2) size 24x14
                text run at (2,2) width 24: "hello"
          LayoutTableRow {TR} at (0,25) size 499x135
            LayoutTableCell {TD} at (0,84) size 27x17 [bgcolor=#F0FFF0] [border: (1px dotted #006400)] [r=1 c=0 rs=1 cs=1]
              LayoutText {#text} at (2,2) size 24x14
                text run at (2,2) width 24: "hello"
            LayoutTableCell {TD} at (27,25) size 445x135 [bgcolor=#F0FFF0] [border: (1px dotted #006400)] [r=1 c=1 rs=1 cs=1]
              LayoutText {#text} at (2,2) size 418x132
                text run at (2,2) width 418: "hello hello hello hello hello hello hello hello hello hello"
                text run at (2,24) width 418: "hello hello hello hello hello hello hello hello hello hello"
                text run at (2,46) width 418: "hello hello hello hello hello hello hello hello hello hello"
                text run at (2,68) width 418: "hello hello hello hello hello hello hello hello hello hello"
                text run at (2,90) width 418: "hello hello hello hello hello hello hello hello hello hello"
                text run at (2,112) width 80: "hello hello"
            LayoutTableCell {TD} at (472,84) size 27x17 [bgcolor=#F0FFF0] [border: (1px dotted #006400)] [r=1 c=2 rs=1 cs=1]
              LayoutText {#text} at (2,2) size 24x14
                text run at (2,2) width 24: "hello"
