layer at (0,0) size 800x600
  LayoutView at (0,0) size 800x600
layer at (0,0) size 800x600
  LayoutNGBlockFlow {HTML} at (0,0) size 800x600
    LayoutNGBlockFlow {BODY} at (8,8) size 784x576
      LayoutNGBlockFlow {P} at (0,0) size 784x20
        LayoutText {#text} at (0,0) size 509x19
          text run at (0,0) width 509: "Here is an attempt to extract the string \"Hello, Webkit!\" from the file findme.xml:"
      LayoutNGBlockFlow {P} at (0,36) size 784x20
        LayoutText {#text} at (0,0) size 375x19
          text run at (0,0) width 375: "using document('file:resources/findme.xml'): Hello, Webkit!"
      LayoutNGBlockFlow {P} at (0,72) size 784x20
        LayoutText {#text} at (0,0) size 351x19
          text run at (0,0) width 351: "using document('resources/findme.xml'): Hello, Webkit!"
