layer at (0,0) size 800x600
  LayoutView at (0,0) size 800x600
layer at (0,0) size 800x264
  LayoutNGBlockFlow {html} at (0,0) size 800x263.88
    LayoutNGBlockFlow {parsererror} at (16,16) size 768x195.88 [bgcolor=#FFDDDD] [border: (2px solid #CC7777)]
      LayoutNGBlockFlow {h3} at (18,20.72) size 732x23
        LayoutText {#text} at (0,0) size 324x22
          text run at (0,0) width 324: "This page contains the following errors:"
      LayoutNGBlockFlow {div} at (18,62.44) size 732x15
        LayoutText {#text} at (0,0) size 497x15
          text run at (0,0) width 497: "error on line 1 at column 107: Extra content at the end of the document"
          text run at (497,0) width 0: " "
      LayoutNGBlockFlow {h3} at (18,96.16) size 732x23
        LayoutText {#text} at (0,0) size 427x22
          text run at (0,0) width 427: "Below is a rendering of the page up to the first error."
      LayoutNGBlockFlow {p} at (18,137.88) size 732x40
        LayoutText {#text} at (0,0) size 730x39
          text run at (0,0) width 730: "This document was created as the result of an XSL transformation. The line and column numbers given are from the"
          text run at (0,20) width 117: "transformed result."
    LayoutNGBlockFlow {body} at (8,227.88) size 784x20
      LayoutNGBlockFlow {p} at (0,0) size 784x20
        LayoutText {#text} at (0,0) size 225x19
          text run at (0,0) width 225: "You should see error text above this"
