layer at (0,0) size 800x600
  LayoutView at (0,0) size 800x600
layer at (0,0) size 800x600
  LayoutBlockFlow {HTML} at (0,0) size 800x600
    LayoutBlockFlow {BODY} at (8,8) size 784x576
      LayoutBlockFlow (anonymous) at (0,0) size 784x54
        LayoutText {#text} at (300,36) size 4x18
          text run at (300,36) width 4: " "
        LayoutText {#text} at (0,0) size 0x0
      LayoutBlockFlow {P} at (0,70) size 784x36
        LayoutText {#text} at (0,0) size 770x36
          text run at (0,0) width 770: "This is a pixel test that tests the linebox overflow in the padding on textareas. The div on the right is styled to look like a"
          text run at (0,18) width 55: "textarea."
layer at (8,8) size 300x50 clip at (11,11) size 294x44
  LayoutTextControl {TEXTAREA} at (0,0) size 300x50 [color=#0000FF] [bgcolor=#FFFFFF] [border: (3px solid #FFFF00)]
    LayoutBlockFlow {DIV} at (18,18) size 264x0
      LayoutText {#text} at (0,-18) size 181x35
        text run at (0,-18) width 163: "ggggggggg"
        text run at (162,-18) width 19: " "
        text run at (0,-18) width 163: "ggggggggg"
layer at (312,8) size 300x50 clip at (315,11) size 294x44
  LayoutBlockFlow {DIV} at (304,0) size 300x50 [color=#0000FF] [border: (3px solid #FFFF00)]
    LayoutBlockFlow {DIV} at (18,18) size 264x0
      LayoutText {#text} at (0,-18) size 163x35
        text run at (0,-18) width 163: "ggggggggg"
        text run at (0,-18) width 163: "ggggggggg"
