layer at (0,0) size 800x600
  LayoutView at (0,0) size 800x600
layer at (0,0) size 800x354
  LayoutBlockFlow {HTML} at (0,0) size 800x354
    LayoutBlockFlow {BODY} at (8,8) size 784x338
      LayoutText {#text} at (149,26) size 4x18
        text run at (149,26) width 4: " "
      LayoutBR {BR} at (153,26) size 0x18
      LayoutText {#text} at (153,74) size 4x18
        text run at (153,74) width 4: " "
      LayoutText {#text} at (306,74) size 4x18
        text run at (306,74) width 4: " "
      LayoutBR {BR} at (310,74) size 0x18
      LayoutText {#text} at (149,118) size 4x18
        text run at (149,118) width 4: " "
      LayoutBR {BR} at (153,118) size 0x18
      LayoutText {#text} at (149,162) size 4x18
        text run at (149,162) width 4: " "
      LayoutBR {BR} at (153,162) size 0x18
      LayoutText {#text} at (189,236) size 4x18
        text run at (189,236) width 4: " "
      LayoutText {#text} at (402,236) size 4x18
        text run at (402,236) width 4: " "
      LayoutText {#text} at (655,236) size 4x18
        text run at (655,236) width 4: " "
      LayoutBR {BR} at (659,236) size 0x18
      LayoutText {#text} at (216,320) size 4x18
        text run at (216,320) width 4: " "
      LayoutText {#text} at (463,320) size 4x18
        text run at (463,320) width 4: " "
      LayoutBR {BR} at (467,320) size 0x18
layer at (12,12) size 141x32 clip at (13,13) size 139x30
  LayoutTextControl {TEXTAREA} at (4,4) size 141x32 [bgcolor=#FFFFFF] [border: (1px solid #000000)]
    LayoutBlockFlow {DIV} at (3,3) size 135x13
      LayoutText {#text} at (0,0) size 17x13
        text run at (0,0) width 17: "foo"
layer at (12,56) size 145x36 clip at (15,59) size 139x30
  LayoutTextControl {TEXTAREA} at (4,48) size 145x36 [bgcolor=#FFFFFF] [border: (3px solid #00FF00)]
    LayoutBlockFlow {DIV} at (5,5) size 135x13
      LayoutText {#text} at (0,0) size 17x13
        text run at (0,0) width 17: "foo"
layer at (169,60) size 141x32 clip at (170,61) size 139x30
  LayoutTextControl {TEXTAREA} at (161,52) size 141x32 [bgcolor=#FFFFFF] [border: (1px solid #000000)]
    LayoutBlockFlow {DIV} at (3,3) size 135x13
      LayoutText {#text} at (0,0) size 17x13
        text run at (0,0) width 17: "foo"
layer at (12,104) size 141x32 clip at (13,105) size 139x30
  LayoutTextControl {TEXTAREA} at (4,96) size 141x32 [border: (1px solid #000000)]
    LayoutBlockFlow {DIV} at (3,3) size 135x13
      LayoutText {#text} at (0,0) size 17x13
        text run at (0,0) width 17: "foo"
layer at (12,148) size 141x32 clip at (13,149) size 139x30
  LayoutTextControl {TEXTAREA} at (4,140) size 141x32 [bgcolor=#FFFFFF] [border: (1px solid #000000)]
    LayoutBlockFlow {DIV} at (3,3) size 135x13
      LayoutText {#text} at (0,0) size 17x13
        text run at (0,0) width 17: "foo"
layer at (12,212) size 181x42 clip at (13,213) size 179x40
  LayoutTextControl {TEXTAREA} at (4,204) size 181x42 [bgcolor=#FFFFFF] [border: (1px solid #000000)]
    LayoutBlockFlow {DIV} at (3,3) size 175x18
      LayoutText {#text} at (0,0) size 24x18
        text run at (0,0) width 24: "foo"
layer at (205,202) size 201x52 clip at (206,203) size 199x50
  LayoutTextControl {TEXTAREA} at (197,194) size 201x52 [bgcolor=#FFFFFF] [border: (1px solid #000000)]
    LayoutBlockFlow {DIV} at (3,3) size 195x23
      LayoutText {#text} at (0,0) size 28x23
        text run at (0,0) width 28: "foo"
layer at (418,192) size 241x62 clip at (419,193) size 239x60
  LayoutTextControl {TEXTAREA} at (410,184) size 241x62 [bgcolor=#FFFFFF] [border: (1px solid #000000)]
    LayoutBlockFlow {DIV} at (3,3) size 235x28
      LayoutText {#text} at (0,0) size 34x28
        text run at (0,0) width 34: "foo"
layer at (14,289) size 204x47 clip at (16,291) size 201x44
  LayoutTextControl {TEXTAREA} at (6,281) size 204x47 [bgcolor=#FFFFFF] [border: (1.50px solid #000000)]
    LayoutBlockFlow {DIV} at (4.50,4.50) size 195x19
      LayoutText {#text} at (0,0) size 25x19
        text run at (0,0) width 25: "foo"
layer at (236,270) size 227x64 clip at (238,272) size 223x60
  LayoutTextControl {TEXTAREA} at (228,262) size 227x64 [bgcolor=#FFFFFF] [border: (2px solid #000000)]
    LayoutBlockFlow {DIV} at (6,6) size 215x26
      LayoutText {#text} at (0,0) size 31x26
        text run at (0,0) width 31: "foo"
