layer at (0,0) size 800x600 scrollHeight 731
  LayoutView at (0,0) size 800x600
layer at (0,0) size 800x731 backgroundClip at (0,0) size 800x600 clip at (0,0) size 800x600
  LayoutBlockFlow {HTML} at (0,0) size 800x730.59
    LayoutBlockFlow {BODY} at (8,8) size 784x714.59 [color=#008000] [bgcolor=#CCCCCC]
      LayoutBlockFlow {P} at (0,0) size 784x18
        LayoutText {#text} at (0,0) size 363x18
          text run at (0,0) width 363: "The style declarations which apply to the text below are:"
      LayoutBlockFlow {PRE} at (0,34) size 784x105
        LayoutText {#text} at (0,0) size 266x105
          text run at (0,0) width 157: "BODY {color: green;}"
          text run at (156,0) width 1: " "
          text run at (0,15) width 133: "H3 {color: blue;}"
          text run at (132,15) width 1: " "
          text run at (0,30) width 149: "EM {color: purple;}"
          text run at (148,30) width 1: " "
          text run at (0,45) width 203: ".one {font-style: italic;}"
          text run at (202,45) width 1: " "
          text run at (0,60) width 266: ".two {text-decoration: underline;}"
          text run at (265,60) width 1: " "
          text run at (0,75) width 149: "#two {color: navy;}"
          text run at (148,75) width 1: " "
          text run at (0,90) width 180: ".three {color: purple;}"
          text run at (179,90) width 1: " "
      LayoutBlockFlow {H3} at (0,172.72) size 784x22 [color=#0000FF]
        LayoutText {#text} at (0,0) size 216x22
          text run at (0,0) width 216: "This sentence should show "
        LayoutInline {STRONG} at (0,0) size 35x22
          LayoutText {#text} at (215,0) size 35x22
            text run at (215,0) width 35: "blue"
        LayoutText {#text} at (249,0) size 41x22
          text run at (249,0) width 41: " and "
        LayoutInline {EM} at (0,0) size 50x22 [color=#800080]
          LayoutText {#text} at (289,0) size 50x22
            text run at (289,0) width 50: "purple"
        LayoutText {#text} at (338,0) size 6x22
          text run at (338,0) width 6: "."
      LayoutBlockFlow {H3} at (0,213.44) size 784x22 [color=#0000FF]
        LayoutText {#text} at (0,0) size 194x22
          text run at (0,0) width 194: "This sentence should be "
        LayoutInline {SPAN} at (0,0) size 34x22
          LayoutText {#text} at (193,0) size 34x22
            text run at (193,0) width 34: "blue"
        LayoutText {#text} at (226,0) size 101x22
          text run at (226,0) width 101: " throughout."
      LayoutBlockFlow {P} at (0,254.16) size 784x18
        LayoutText {#text} at (0,0) size 230x18
          text run at (0,0) width 230: "This should be green except for the "
        LayoutInline {EM} at (0,0) size 118x18 [color=#800080]
          LayoutText {#text} at (229,0) size 118x18
            text run at (229,0) width 118: "emphasized words"
        LayoutText {#text} at (346,0) size 163x18
          text run at (346,0) width 163: ", which should be purple."
      LayoutBlockFlow {H3} at (0,290.88) size 784x22 [color=#0000FF]
        LayoutText {#text} at (0,0) size 287x22
          text run at (0,0) width 287: "This should be blue and underlined."
      LayoutBlockFlow {P} at (0,331.59) size 784x18
        LayoutText {#text} at (0,0) size 299x18
          text run at (0,0) width 299: "This sentence should be underlined, including "
        LayoutInline {TT} at (0,0) size 71x15
          LayoutText {#text} at (298,2) size 71x15
            text run at (298,2) width 71: "this part"
        LayoutText {#text} at (368,0) size 9x18
          text run at (368,0) width 9: ", "
        LayoutInline {I} at (0,0) size 55x18
          LayoutText {#text} at (376,0) size 55x18
            text run at (376,0) width 55: "this part"
        LayoutText {#text} at (430,0) size 9x18
          text run at (430,0) width 9: ", "
        LayoutInline {EM} at (0,0) size 54x18 [color=#800080]
          LayoutText {#text} at (438,0) size 54x18
            text run at (438,0) width 54: "this part"
        LayoutText {#text} at (491,0) size 37x18
          text run at (491,0) width 37: ", and "
        LayoutInline {STRONG} at (0,0) size 59x18
          LayoutText {#text} at (527,0) size 59x18
            text run at (527,0) width 59: "this part"
        LayoutText {#text} at (585,0) size 5x18
          text run at (585,0) width 5: "."
      LayoutBlockFlow {P} at (0,365.59) size 784x18 [color=#000080]
        LayoutText {#text} at (0,0) size 444x18
          text run at (0,0) width 444: "This sentence should also be underlined, as well as dark blue (navy), "
        LayoutInline {TT} at (0,0) size 149x15
          LayoutText {#text} at (443,2) size 149x15
            text run at (443,2) width 149: "including this part"
        LayoutText {#text} at (591,0) size 5x18
          text run at (591,0) width 5: "."
      LayoutBlockFlow {P} at (0,399.59) size 784x18 [color=#800080]
        LayoutText {#text} at (0,0) size 271x18
          text run at (0,0) width 271: "This sentence should be purple, including "
        LayoutInline {STRONG} at (0,0) size 59x18
          LayoutText {#text} at (270,0) size 59x18
            text run at (270,0) width 59: "this part"
        LayoutText {#text} at (328,0) size 32x18
          text run at (328,0) width 32: " and "
        LayoutInline {SPAN} at (0,0) size 178x18
          LayoutText {#text} at (359,0) size 178x18
            text run at (359,0) width 178: "this part (which is spanned)"
        LayoutText {#text} at (536,0) size 5x18
          text run at (536,0) width 5: "."
      LayoutTable {TABLE} at (0,433.59) size 618x281 [border: (1px outset #808080)]
        LayoutTableSection {TBODY} at (1,1) size 616x279
          LayoutTableRow {TR} at (0,0) size 616x26
            LayoutTableCell {TD} at (0,0) size 616x26 [bgcolor=#C0C0C0] [border: (1px inset #808080)] [r=0 c=0 rs=1 cs=2]
              LayoutInline {STRONG} at (0,0) size 161x18
                LayoutText {#text} at (4,4) size 161x18
                  text run at (4,4) width 161: "TABLE Testing Section"
          LayoutTableRow {TR} at (0,26) size 616x253
            LayoutTableCell {TD} at (0,139) size 12x26 [bgcolor=#C0C0C0] [border: (1px inset #808080)] [r=1 c=0 rs=1 cs=1]
              LayoutText {#text} at (4,4) size 4x18
                text run at (4,4) width 4: " "
            LayoutTableCell {TD} at (12,26) size 604x252.88 [border: (1px inset #808080)] [r=1 c=1 rs=1 cs=1]
              LayoutBlockFlow {H3} at (4,4) size 596x22 [color=#0000FF]
                LayoutText {#text} at (0,0) size 216x22
                  text run at (0,0) width 216: "This sentence should show "
                LayoutInline {STRONG} at (0,0) size 35x22
                  LayoutText {#text} at (215,0) size 35x22
                    text run at (215,0) width 35: "blue"
                LayoutText {#text} at (249,0) size 41x22
                  text run at (249,0) width 41: " and "
                LayoutInline {EM} at (0,0) size 50x22 [color=#800080]
                  LayoutText {#text} at (289,0) size 50x22
                    text run at (289,0) width 50: "purple"
                LayoutText {#text} at (338,0) size 6x22
                  text run at (338,0) width 6: "."
              LayoutBlockFlow {H3} at (4,44.72) size 596x22 [color=#0000FF]
                LayoutText {#text} at (0,0) size 194x22
                  text run at (0,0) width 194: "This sentence should be "
                LayoutInline {SPAN} at (0,0) size 34x22
                  LayoutText {#text} at (193,0) size 34x22
                    text run at (193,0) width 34: "blue"
                LayoutText {#text} at (226,0) size 101x22
                  text run at (226,0) width 101: " throughout."
              LayoutBlockFlow {P} at (4,85.44) size 596x18
                LayoutText {#text} at (0,0) size 230x18
                  text run at (0,0) width 230: "This should be green except for the "
                LayoutInline {EM} at (0,0) size 118x18 [color=#800080]
                  LayoutText {#text} at (229,0) size 118x18
                    text run at (229,0) width 118: "emphasized words"
                LayoutText {#text} at (346,0) size 163x18
                  text run at (346,0) width 163: ", which should be purple."
              LayoutBlockFlow {H3} at (4,122.16) size 596x22 [color=#0000FF]
                LayoutText {#text} at (0,0) size 287x22
                  text run at (0,0) width 287: "This should be blue and underlined."
              LayoutBlockFlow {P} at (4,162.88) size 596x18
                LayoutText {#text} at (0,0) size 299x18
                  text run at (0,0) width 299: "This sentence should be underlined, including "
                LayoutInline {TT} at (0,0) size 71x15
                  LayoutText {#text} at (298,2) size 71x15
                    text run at (298,2) width 71: "this part"
                LayoutText {#text} at (368,0) size 9x18
                  text run at (368,0) width 9: ", "
                LayoutInline {I} at (0,0) size 55x18
                  LayoutText {#text} at (376,0) size 55x18
                    text run at (376,0) width 55: "this part"
                LayoutText {#text} at (430,0) size 9x18
                  text run at (430,0) width 9: ", "
                LayoutInline {EM} at (0,0) size 54x18 [color=#800080]
                  LayoutText {#text} at (438,0) size 54x18
                    text run at (438,0) width 54: "this part"
                LayoutText {#text} at (491,0) size 37x18
                  text run at (491,0) width 37: ", and "
                LayoutInline {STRONG} at (0,0) size 59x18
                  LayoutText {#text} at (527,0) size 59x18
                    text run at (527,0) width 59: "this part"
                LayoutText {#text} at (585,0) size 5x18
                  text run at (585,0) width 5: "."
              LayoutBlockFlow {P} at (4,196.88) size 596x18 [color=#000080]
                LayoutText {#text} at (0,0) size 444x18
                  text run at (0,0) width 444: "This sentence should also be underlined, as well as dark blue (navy), "
                LayoutInline {TT} at (0,0) size 149x15
                  LayoutText {#text} at (443,2) size 149x15
                    text run at (443,2) width 149: "including this part"
                LayoutText {#text} at (591,0) size 5x18
                  text run at (591,0) width 5: "."
              LayoutBlockFlow {P} at (4,230.88) size 596x18 [color=#800080]
                LayoutText {#text} at (0,0) size 271x18
                  text run at (0,0) width 271: "This sentence should be purple, including "
                LayoutInline {STRONG} at (0,0) size 59x18
                  LayoutText {#text} at (270,0) size 59x18
                    text run at (270,0) width 59: "this part"
                LayoutText {#text} at (328,0) size 32x18
                  text run at (328,0) width 32: " and "
                LayoutInline {SPAN} at (0,0) size 178x18
                  LayoutText {#text} at (359,0) size 178x18
                    text run at (359,0) width 178: "this part (which is spanned)"
                LayoutText {#text} at (536,0) size 5x18
                  text run at (536,0) width 5: "."
layer at (8,160) size 784x2 clip at (0,0) size 0x0
  LayoutBlockFlow {HR} at (0,152) size 784x2 [border: (1px inset #EEEEEE)]
