layer at (0,0) size 800x600
  LayoutView at (0,0) size 800x600
layer at (0,0) size 800x600
  LayoutBlockFlow {HTML} at (0,0) size 800x600
    LayoutBlockFlow {BODY} at (8,8) size 784x584
      LayoutBlockFlow {P} at (0,0) size 784x18
        LayoutText {#text} at (0,0) size 474x18
          text run at (0,0) width 474: "This test passes if all circles have sharp edges when deviceScaleFactor=2."
      LayoutBlockFlow (anonymous) at (0,34) size 784x132
        LayoutImage {IMG} at (0,0) size 128x128
        LayoutText {#text} at (128,114) size 4x18
          text run at (128,114) width 4: " "
        LayoutImage {IMG} at (132,0) size 128x128
        LayoutText {#text} at (260,114) size 4x18
          text run at (260,114) width 4: " "
        LayoutBlockFlow {DIV} at (264,0) size 128x128
        LayoutText {#text} at (392,114) size 4x18
          text run at (392,114) width 4: " "
        LayoutBlockFlow {DIV} at (396,0) size 128x128
        LayoutText {#text} at (0,0) size 0x0
