layer at (0,0) size 800x600
  LayoutView at (0,0) size 800x600
layer at (0,0) size 800x504
  LayoutBlockFlow {HTML} at (0,0) size 800x504
    LayoutBlockFlow {BODY} at (8,8) size 784x488
      LayoutTable {TABLE} at (0,0) size 670x488
        LayoutTableSection {TBODY} at (0,0) size 670x488
          LayoutTableRow {TR} at (0,2) size 670x20
            LayoutTableCell {TH} at (2,2) size 93x20 [bgcolor=#DDDD99] [r=0 c=0 rs=1 cs=1]
              LayoutText {#text} at (9,1) size 75x18
                text run at (9,1) width 75: "viewBox?"
            LayoutTableCell {TH} at (97,2) size 163x20 [bgcolor=#DDDD99] [r=0 c=1 rs=1 cs=1]
              LayoutText {#text} at (1,1) size 161x18
                text run at (1,1) width 161: "preserve\x{AD}Aspect\x{AD}Ratio"
            LayoutTableCell {TH} at (262,2) size 202x20 [bgcolor=#DDDD99] [r=0 c=2 rs=1 cs=1]
              LayoutText {#text} at (77,1) size 48x18
                text run at (77,1) width 48: "<img>"
            LayoutTableCell {TH} at (466,2) size 202x20 [bgcolor=#DDDD99] [r=0 c=3 rs=1 cs=1]
              LayoutText {#text} at (68,1) size 66x18
                text run at (68,1) width 66: "<object>"
          LayoutTableRow {TR} at (0,24) size 670x56
            LayoutTableCell {TH} at (2,129) size 93x20 [bgcolor=#DDDD99] [r=1 c=0 rs=4 cs=1]
              LayoutText {#text} at (1,1) size 91x18
                text run at (1,1) width 91: "No viewBox"
            LayoutTableCell {TH} at (97,51) size 163x2 [bgcolor=#DDDD99] [r=1 c=1 rs=1 cs=1]
            LayoutTableCell {TD} at (262,24) size 202x56 [r=1 c=2 rs=1 cs=1]
              LayoutImage {IMG} at (1,1) size 200x50 [border: (2px dashed #800000)]
              LayoutText {#text} at (0,0) size 0x0
            LayoutTableCell {TD} at (466,24) size 202x56 [r=1 c=3 rs=1 cs=1]
              LayoutText {#text} at (0,0) size 0x0
          LayoutTableRow {TR} at (0,82) size 670x56
            LayoutTableCell {TH} at (97,100) size 163x20 [bgcolor=#DDDD99] [r=2 c=1 rs=1 cs=1]
              LayoutText {#text} at (62,1) size 39x18
                text run at (62,1) width 39: "none"
            LayoutTableCell {TD} at (262,82) size 202x56 [r=2 c=2 rs=1 cs=1]
              LayoutImage {IMG} at (1,1) size 200x50 [border: (2px dashed #800000)]
              LayoutText {#text} at (0,0) size 0x0
            LayoutTableCell {TD} at (466,82) size 202x56 [r=2 c=3 rs=1 cs=1]
              LayoutText {#text} at (0,0) size 0x0
          LayoutTableRow {TR} at (0,140) size 670x56
            LayoutTableCell {TH} at (97,158) size 163x20 [bgcolor=#DDDD99] [r=3 c=1 rs=1 cs=1]
              LayoutText {#text} at (62,1) size 39x18
                text run at (62,1) width 39: "meet"
            LayoutTableCell {TD} at (262,140) size 202x56 [r=3 c=2 rs=1 cs=1]
              LayoutImage {IMG} at (1,1) size 200x50 [border: (2px dashed #800000)]
              LayoutText {#text} at (0,0) size 0x0
            LayoutTableCell {TD} at (466,140) size 202x56 [r=3 c=3 rs=1 cs=1]
              LayoutText {#text} at (0,0) size 0x0
          LayoutTableRow {TR} at (0,198) size 670x56
            LayoutTableCell {TH} at (97,216) size 163x20 [bgcolor=#DDDD99] [r=4 c=1 rs=1 cs=1]
              LayoutText {#text} at (63,1) size 37x18
                text run at (63,1) width 37: "slice"
            LayoutTableCell {TD} at (262,198) size 202x56 [r=4 c=2 rs=1 cs=1]
              LayoutImage {IMG} at (1,1) size 200x50 [border: (2px dashed #800000)]
              LayoutText {#text} at (0,0) size 0x0
            LayoutTableCell {TD} at (466,198) size 202x56 [r=4 c=3 rs=1 cs=1]
              LayoutText {#text} at (0,0) size 0x0
          LayoutTableRow {TR} at (0,256) size 670x56
            LayoutTableCell {TH} at (2,361) size 93x20 [bgcolor=#DDDD99] [r=5 c=0 rs=4 cs=1]
              LayoutText {#text} at (14,1) size 65x18
                text run at (14,1) width 65: "viewBox"
            LayoutTableCell {TH} at (97,283) size 163x2 [bgcolor=#DDDD99] [r=5 c=1 rs=1 cs=1]
            LayoutTableCell {TD} at (262,256) size 202x56 [r=5 c=2 rs=1 cs=1]
              LayoutImage {IMG} at (1,1) size 200x50 [border: (2px dashed #800000)]
              LayoutText {#text} at (0,0) size 0x0
            LayoutTableCell {TD} at (466,256) size 202x56 [r=5 c=3 rs=1 cs=1]
              LayoutText {#text} at (0,0) size 0x0
          LayoutTableRow {TR} at (0,314) size 670x56
            LayoutTableCell {TH} at (97,332) size 163x20 [bgcolor=#DDDD99] [r=6 c=1 rs=1 cs=1]
              LayoutText {#text} at (62,1) size 39x18
                text run at (62,1) width 39: "none"
            LayoutTableCell {TD} at (262,314) size 202x56 [r=6 c=2 rs=1 cs=1]
              LayoutImage {IMG} at (1,1) size 200x50 [border: (2px dashed #800000)]
              LayoutText {#text} at (0,0) size 0x0
            LayoutTableCell {TD} at (466,314) size 202x56 [r=6 c=3 rs=1 cs=1]
              LayoutText {#text} at (0,0) size 0x0
          LayoutTableRow {TR} at (0,372) size 670x56
            LayoutTableCell {TH} at (97,390) size 163x20 [bgcolor=#DDDD99] [r=7 c=1 rs=1 cs=1]
              LayoutText {#text} at (62,1) size 39x18
                text run at (62,1) width 39: "meet"
            LayoutTableCell {TD} at (262,372) size 202x56 [r=7 c=2 rs=1 cs=1]
              LayoutImage {IMG} at (1,1) size 200x50 [border: (2px dashed #800000)]
              LayoutText {#text} at (0,0) size 0x0
            LayoutTableCell {TD} at (466,372) size 202x56 [r=7 c=3 rs=1 cs=1]
              LayoutText {#text} at (0,0) size 0x0
          LayoutTableRow {TR} at (0,430) size 670x56
            LayoutTableCell {TH} at (97,448) size 163x20 [bgcolor=#DDDD99] [r=8 c=1 rs=1 cs=1]
              LayoutText {#text} at (63,1) size 37x18
                text run at (63,1) width 37: "slice"
            LayoutTableCell {TD} at (262,430) size 202x56 [r=8 c=2 rs=1 cs=1]
              LayoutImage {IMG} at (1,1) size 200x50 [border: (2px dashed #800000)]
              LayoutText {#text} at (0,0) size 0x0
            LayoutTableCell {TD} at (466,430) size 202x56 [r=8 c=3 rs=1 cs=1]
              LayoutText {#text} at (0,0) size 0x0
layer at (475,33) size 200x50
  LayoutEmbeddedObject {OBJECT} at (1,1) size 200x50 [border: (1px dashed #008000)]
    layer at (0,0) size 192x42
      LayoutView at (0,0) size 192x42
    layer at (0,0) size 192x42
      LayoutSVGRoot {svg} at (0,0) size 192x42
        LayoutSVGEllipse {circle} at (0,0) size 220x220 [stroke={[type=SOLID] [color=#000000]}] [fill={[type=SOLID] [color=#D9BB7A] [fill rule=EVEN-ODD]}] [cx=110.00] [cy=110.00] [r=110.00]
layer at (475,91) size 200x50
  LayoutEmbeddedObject {OBJECT} at (1,1) size 200x50 [border: (1px dashed #008000)]
    layer at (0,0) size 192x42
      LayoutView at (0,0) size 192x42
    layer at (0,0) size 192x42
      LayoutSVGRoot {svg} at (0,0) size 192x42
        LayoutSVGHiddenContainer {defs} at (0,0) size 0x0
        LayoutSVGContainer {g} at (162.86,403.79) size 362.86x362.86 [transform={m=((1.00,0.00)(0.00,1.00)) t=(-162.36,-403.29)}]
          LayoutSVGPath {path} at (162.86,403.79) size 362.86x362.86 [stroke={[type=SOLID] [color=#000000]}] [fill={[type=SOLID] [color=#D9BB7A] [fill rule=EVEN-ODD]}] [data="M 525.714 585.219 A 181.429 181.429 0 1 1 162.857 585.219 A 181.429 181.429 0 1 1 525.714 585.219 Z"]
layer at (475,149) size 200x50
  LayoutEmbeddedObject {OBJECT} at (1,1) size 200x50 [border: (1px dashed #008000)]
    layer at (0,0) size 192x42
      LayoutView at (0,0) size 192x42
    layer at (0,0) size 192x42
      LayoutSVGRoot {svg} at (0,0) size 192x42
        LayoutSVGHiddenContainer {defs} at (0,0) size 0x0
        LayoutSVGContainer {g} at (162.86,403.79) size 362.86x362.86 [transform={m=((1.00,0.00)(0.00,1.00)) t=(-162.36,-403.29)}]
          LayoutSVGPath {path} at (162.86,403.79) size 362.86x362.86 [stroke={[type=SOLID] [color=#000000]}] [fill={[type=SOLID] [color=#D9BB7A] [fill rule=EVEN-ODD]}] [data="M 525.714 585.219 A 181.429 181.429 0 1 1 162.857 585.219 A 181.429 181.429 0 1 1 525.714 585.219 Z"]
layer at (475,207) size 200x50
  LayoutEmbeddedObject {OBJECT} at (1,1) size 200x50 [border: (1px dashed #008000)]
    layer at (0,0) size 192x42
      LayoutView at (0,0) size 192x42
    layer at (0,0) size 192x42
      LayoutSVGRoot {svg} at (0,0) size 192x42
        LayoutSVGHiddenContainer {defs} at (0,0) size 0x0
        LayoutSVGContainer {g} at (162.86,403.79) size 362.86x362.86 [transform={m=((1.00,0.00)(0.00,1.00)) t=(-162.36,-403.29)}]
          LayoutSVGPath {path} at (162.86,403.79) size 362.86x362.86 [stroke={[type=SOLID] [color=#000000]}] [fill={[type=SOLID] [color=#D9BB7A] [fill rule=EVEN-ODD]}] [data="M 525.714 585.219 A 181.429 181.429 0 1 1 162.857 585.219 A 181.429 181.429 0 1 1 525.714 585.219 Z"]
layer at (475,265) size 200x50
  LayoutEmbeddedObject {OBJECT} at (1,1) size 200x50 [border: (1px dashed #008000)]
    layer at (0,0) size 192x42
      LayoutView at (0,0) size 192x42
    layer at (0,0) size 192x42
      LayoutSVGRoot {svg} at (0,0) size 192x42
        LayoutSVGHiddenContainer {defs} at (0,0) size 0x0
        LayoutSVGContainer {g} at (162.86,403.79) size 362.86x362.86 [transform={m=((1.00,0.00)(0.00,1.00)) t=(-162.36,-403.29)}]
          LayoutSVGPath {path} at (162.86,403.79) size 362.86x362.86 [stroke={[type=SOLID] [color=#000000]}] [fill={[type=SOLID] [color=#D9BB7A] [fill rule=EVEN-ODD]}] [data="M 525.714 585.219 A 181.429 181.429 0 1 1 162.857 585.219 A 181.429 181.429 0 1 1 525.714 585.219 Z"]
layer at (475,323) size 200x50
  LayoutEmbeddedObject {OBJECT} at (1,1) size 200x50 [border: (1px dashed #008000)]
    layer at (0,0) size 192x42
      LayoutView at (0,0) size 192x42
    layer at (0,0) size 192x42
      LayoutSVGRoot {svg} at (0,0) size 192x42
        LayoutSVGHiddenContainer {defs} at (0,0) size 0x0
        LayoutSVGContainer {g} at (162.86,403.79) size 362.86x362.86 [transform={m=((1.00,0.00)(0.00,1.00)) t=(-162.36,-403.29)}]
          LayoutSVGPath {path} at (162.86,403.79) size 362.86x362.86 [stroke={[type=SOLID] [color=#000000]}] [fill={[type=SOLID] [color=#D9BB7A] [fill rule=EVEN-ODD]}] [data="M 525.714 585.219 A 181.429 181.429 0 1 1 162.857 585.219 A 181.429 181.429 0 1 1 525.714 585.219 Z"]
layer at (475,381) size 200x50
  LayoutEmbeddedObject {OBJECT} at (1,1) size 200x50 [border: (1px dashed #008000)]
    layer at (0,0) size 192x42
      LayoutView at (0,0) size 192x42
    layer at (0,0) size 192x42
      LayoutSVGRoot {svg} at (0,0) size 192x42
        LayoutSVGHiddenContainer {defs} at (0,0) size 0x0
        LayoutSVGContainer {g} at (162.86,403.79) size 362.86x362.86 [transform={m=((1.00,0.00)(0.00,1.00)) t=(-162.36,-403.29)}]
          LayoutSVGPath {path} at (162.86,403.79) size 362.86x362.86 [stroke={[type=SOLID] [color=#000000]}] [fill={[type=SOLID] [color=#D9BB7A] [fill rule=EVEN-ODD]}] [data="M 525.714 585.219 A 181.429 181.429 0 1 1 162.857 585.219 A 181.429 181.429 0 1 1 525.714 585.219 Z"]
layer at (475,439) size 200x50
  LayoutEmbeddedObject {OBJECT} at (1,1) size 200x50 [border: (1px dashed #008000)]
    layer at (0,0) size 192x42
      LayoutView at (0,0) size 192x42
    layer at (0,0) size 192x42
      LayoutSVGRoot {svg} at (0,0) size 192x42
        LayoutSVGHiddenContainer {defs} at (0,0) size 0x0
        LayoutSVGContainer {g} at (162.86,403.79) size 362.86x362.86 [transform={m=((1.00,0.00)(0.00,1.00)) t=(-162.36,-403.29)}]
          LayoutSVGPath {path} at (162.86,403.79) size 362.86x362.86 [stroke={[type=SOLID] [color=#000000]}] [fill={[type=SOLID] [color=#D9BB7A] [fill rule=EVEN-ODD]}] [data="M 525.714 585.219 A 181.429 181.429 0 1 1 162.857 585.219 A 181.429 181.429 0 1 1 525.714 585.219 Z"]
