layer at (0,0) size 800x600
  LayoutView at (0,0) size 800x600
layer at (0,0) size 800x120
  LayoutBlockFlow {HTML} at (0,0) size 800x120
    LayoutBlockFlow {BODY} at (8,8) size 784x104
      LayoutImage {IMG} at (0,50) size 200x50 [border: (2px dashed #800000)]
      LayoutText {#text} at (200,86) size 4x18
        text run at (200,86) width 4: " "
      LayoutImage {IMG} at (204,0) size 100x100 [border: (2px dashed #800000)]
      LayoutText {#text} at (0,0) size 0x0
