layer at (0,0) size 800x600
  LayoutView at (0,0) size 800x600
layer at (0,0) size 800x48
  LayoutBlockFlow {HTML} at (0,0) size 800x48
    LayoutBlockFlow {BODY} at (8,8) size 784x32
      LayoutBlockFlow {DIV} at (0,0) size 32x32
        LayoutText {#text} at (0,0) size 32x32
          text run at (0,0) width 32: "xx"
          text run at (0,16) width 16: "y"
selection start: position 5 of child 0 {#text} of child 3 {DIV} of body
selection end:   position 9 of child 0 {#text} of child 3 {DIV} of body
