layer at (0,0) size 800x600
  LayoutView at (0,0) size 800x600
layer at (0,0) size 800x600
  LayoutNGBlockFlow {HTML} at (0,0) size 800x600
    LayoutNGBlockFlow {BODY} at (8,8) size 784x584
      LayoutText {#text} at (0,0) size 515x19
        text run at (0,0) width 515: "This tests that we don't honor line-height for controls that have restricted font size."
      LayoutBR {BR} at (515,0) size 0x19
      LayoutMenuList {SELECT} at (0,20) size 319x20 [bgcolor=#C0C0C0] [border: (1px solid #A9A9A9)]
        LayoutBlockFlow (anonymous) at (1,1) size 317x18
          LayoutText (anonymous) at (4,1) size 297x16
            text run at (4,1) width 297: "This text should be centered vertically in the button"
      LayoutText {#text} at (0,0) size 0x0
      LayoutBR {BR} at (319,35) size 0x0
      LayoutButton {INPUT} at (0,40) size 313x22 [bgcolor=#C0C0C0] [border: (2px outset #C0C0C0)]
        LayoutBlockFlow (anonymous) at (8,3) size 297x16
          LayoutText {#text} at (0,0) size 297x16
            text run at (0,0) width 297: "This text should be centered vertically in the button"
      LayoutText {#text} at (0,0) size 0x0
      LayoutBR {BR} at (313,56) size 0x0
      LayoutTextControl {INPUT} at (0,62) size 183x22 [bgcolor=#FFFFFF] [border: (2px inset #EEEEEE)]
        LayoutFlexibleBox {DIV} at (3,3) size 177x16
          LayoutBlockFlow {DIV} at (0,0) size 164x16
      LayoutText {#text} at (0,0) size 0x0
layer at (11,73) size 164x16 scrollWidth 298
  LayoutBlockFlow {DIV} at (0,0) size 164x16
    LayoutText {#text} at (0,0) size 297x16
      text run at (0,0) width 297: "This text should be centered vertically in the button"
layer at (176,77) size 9x9 transparent
  LayoutBlockFlow {DIV} at (165,3.50) size 9x9
