layer at (0,0) size 800x600
  LayoutView at (0,0) size 800x600
layer at (0,0) size 800x600
  LayoutNGBlockFlow {HTML} at (0,0) size 800x600
    LayoutNGBlockFlow {BODY} at (8,8) size 784x584
      LayoutNGBlockFlow (anonymous) at (0,0) size 784x0
        LayoutInline {B} at (0,0) size 0x0
          LayoutInline {FORM} at (0,0) size 0x0
      LayoutTable {TABLE} at (0,0) size 230x26
        LayoutTableSection {TBODY} at (0,0) size 230x26
          LayoutTableRow {TR} at (0,2) size 230x22
            LayoutNGTableCell {TD} at (2,2) size 222x22 [r=0 c=0 rs=1 cs=1]
              LayoutText {#text} at (1,1) size 220x19
                text run at (1,1) width 220: "This test passes if it does not crash."
            LayoutNGTableCell {TD} at (226,12) size 2x2 [r=0 c=1 rs=1 cs=1]
              LayoutNGBlockFlow {P} at (1,1) size 0x0
