layer at (0,0) size 800x600
  LayoutView at (0,0) size 800x600
layer at (0,0) size 800x600
  LayoutNGBlockFlow {HTML} at (0,0) size 800x600
    LayoutNGBlockFlow {BODY} at (8,8) size 784x584
      LayoutText {#text} at (0,0) size 768x39
        text run at (0,0) width 768: "This test checks if correct min width is applied to \"input type=text\". To match IE and Firefox, the input field below should"
        text run at (0,20) width 615: "show \"1987\", with the 7 slightly truncated. See https://bugs.webkit.org/show_bug.cgi?id=15312 ."
      LayoutBR {BR} at (615,20) size 0x19
      LayoutTextControl {INPUT} at (0,40) size 29x22 [bgcolor=#FFFFFF] [border: (2px inset #EEEEEE)]
      LayoutText {#text} at (0,0) size 0x0
layer at (10,51) size 25x16 scrollWidth 43
  LayoutBlockFlow {DIV} at (2,3) size 25x16
    LayoutText {#text} at (0,0) size 42x16
      text run at (0,0) width 42: "198765"
