layer at (0,0) size 800x600
  LayoutView at (0,0) size 800x600
layer at (0,0) size 800x600
  LayoutBlockFlow {HTML} at (0,0) size 800x600
    LayoutBlockFlow {BODY} at (8,8) size 784x584
      LayoutBlockFlow (anonymous) at (0,0) size 784x20
        LayoutText {#text} at (0,0) size 457x19
          text run at (0,0) width 457: "This test will try to call blur() on a contenteditable div, and then a normal div."
      LayoutBlockFlow {DIV} at (0,20) size 784x26 [border: (3px solid #000000)]
        LayoutText {#text} at (3,3) size 115x19
          text run at (3,3) width 115: "contentEditable div"
      LayoutBlockFlow {DIV} at (0,46) size 784x20
        LayoutText {#text} at (0,0) size 76x19
          text run at (0,0) width 76: "Test Passed."
      LayoutBlockFlow {DIV} at (0,66) size 784x0
caret: position 0 of child 0 {#text} of child 1 {DIV} of body
