layer at (0,0) size 800x600 scrollWidth 834
  LayoutView at (0,0) size 800x600
layer at (0,0) size 800x600
  LayoutBlockFlow {HTML} at (0,0) size 800x600
    LayoutBlockFlow {BODY} at (8,8) size 784x584
      LayoutBlockFlow {H1} at (0,0) size 784x37
        LayoutText {#text} at (0,0) size 195x36
          text run at (0,0) width 195: "Cloning nodes"
      LayoutBlockFlow {DIV} at (0,58.44) size 784x40 [bgcolor=#FFFF00] [border: (2px ridge #EEEEEE)]
        LayoutInline {SPAN} at (0,0) size 824x35
          LayoutText {#text} at (2,2) size 61x35
            text run at (2,2) width 61: "Bold"
          LayoutInline {SPAN} at (0,0) size 702x35
            LayoutText {#text} at (63,2) size 203x35
              text run at (63,2) width 203: "Bold+Underline"
            LayoutInline {SPAN} at (0,0) size 280x34
              LayoutText {#text} at (266,2) size 280x34
                text run at (266,2) width 280: "Bold+Underline+Italic"
            LayoutText {#text} at (546,2) size 219x35
              text run at (546,2) width 219: "Bold+Uunderline"
          LayoutText {#text} at (765,2) size 61x35
            text run at (765,2) width 61: "Bold"
        LayoutText {#text} at (0,0) size 0x0
      LayoutBlockFlow (anonymous) at (0,98.44) size 784x20
        LayoutText {#text} at (0,0) size 182x19
          text run at (0,0) width 182: "Cloned Node with deep=false"
      LayoutBlockFlow {DIV} at (0,118.44) size 784x39 [bgcolor=#FFFF00] [border: (2px ridge #EEEEEE)]
        LayoutBR {BR} at (2,2) size 0x34
      LayoutBlockFlow (anonymous) at (0,157.44) size 784x20
        LayoutText {#text} at (0,0) size 178x19
          text run at (0,0) width 178: "Cloned Node with deep=true"
      LayoutBlockFlow {DIV} at (0,177.44) size 784x40 [bgcolor=#FFFF00] [border: (2px ridge #EEEEEE)]
        LayoutInline {SPAN} at (0,0) size 824x35
          LayoutText {#text} at (2,2) size 61x35
            text run at (2,2) width 61: "Bold"
          LayoutInline {SPAN} at (0,0) size 702x35
            LayoutText {#text} at (63,2) size 203x35
              text run at (63,2) width 203: "Bold+Underline"
            LayoutInline {SPAN} at (0,0) size 280x34
              LayoutText {#text} at (266,2) size 280x34
                text run at (266,2) width 280: "Bold+Underline+Italic"
            LayoutText {#text} at (546,2) size 219x35
              text run at (546,2) width 219: "Bold+Uunderline"
          LayoutText {#text} at (765,2) size 61x35
            text run at (765,2) width 61: "Bold"
        LayoutText {#text} at (0,0) size 0x0
