layer at (0,0) size 800x600
  LayoutView at (0,0) size 800x600
layer at (0,0) size 800x600
  LayoutBlockFlow {HTML} at (0,0) size 800x600
    LayoutBlockFlow {BODY} at (8,8) size 784x576
      LayoutBlockFlow {BLOCKQUOTE} at (40,0) size 704x20
        LayoutInline {SPAN} at (0,0) size 158x19
          LayoutText {#text} at (0,0) size 158x19
            text run at (0,0) width 158: "Heck, son, you're a failure"
      LayoutBlockFlow {P} at (0,36) size 784x20
        LayoutText {#text} at (0,0) size 352x19
          text run at (0,0) width 352: "The result appears below here; should not include any text:"
      LayoutBlockFlow {P} at (0,72) size 784x0
        LayoutInline {SPAN} at (0,0) size 0x0
