layer at (0,0) size 800x600
  LayoutView at (0,0) size 800x600
layer at (0,0) size 800x600
  LayoutBlockFlow {HTML} at (0,0) size 800x600
    LayoutBlockFlow {BODY} at (0,0) size 800x600 [border: (1px solid #000000)]
      LayoutBlockFlow {DIV} at (21,21) size 202x202 [border: (1px solid #000000)]
      LayoutText {#text} at (243,228) size 4x19
        text run at (243,228) width 4: " "
      LayoutBlockFlow {DIV} at (267,21) size 202x202 [border: (1px solid #000000)]
      LayoutText {#text} at (489,228) size 4x19
        text run at (489,228) width 4: " "
      LayoutBlockFlow {DIV} at (513,21) size 202x202 [border: (1px solid #000000)]
      LayoutText {#text} at (0,0) size 0x0
layer at (30,500) size 303x100
  LayoutBlockFlow (positioned) {DIV} at (30,500) size 303.25x100
    LayoutInline {SPAN} at (0,0) size 304x19 [color=#008000]
      LayoutText {#text} at (0,0) size 304x19
        text run at (0,0) width 304: "PASS: event at (120, 128) hit box4 at offset (1, 1)"
    LayoutBR {BR} at (303,15) size 1x0
    LayoutInline {SPAN} at (0,0) size 296x19 [color=#008000]
      LayoutText {#text} at (0,20) size 296x19
        text run at (0,20) width 296: "PASS: event at (336, 87) hit box7 at offset (1, 1)"
    LayoutBR {BR} at (295,35) size 1x0
    LayoutInline {SPAN} at (0,0) size 296x19 [color=#008000]
      LayoutText {#text} at (0,40) size 296x19
        text run at (0,40) width 296: "PASS: event at (348, 86) hit box8 at offset (1, 1)"
    LayoutBR {BR} at (295,55) size 1x0
    LayoutInline {SPAN} at (0,0) size 303x19 [color=#008000]
      LayoutText {#text} at (0,60) size 303x19
        text run at (0,60) width 303: "PASS: event at (582, 87) hit box11 at offset (1, 1)"
    LayoutBR {BR} at (302,75) size 1x0
    LayoutInline {SPAN} at (0,0) size 304x19 [color=#008000]
      LayoutText {#text} at (0,80) size 304x19
        text run at (0,80) width 304: "PASS: event at (594, 86) hit box12 at offset (1, 1)"
    LayoutBR {BR} at (303,95) size 1x0
layer at (42,42) size 140x140
  LayoutBlockFlow {DIV} at (21,21) size 140x140 [bgcolor=#DDDDDD] [border: (1px solid #000000)]
layer at (63,63) size 100x100
  LayoutBlockFlow (relative positioned) {DIV} at (21,21) size 100x100 [bgcolor=#81AA8A] [border: (1px solid #000000)]
layer at (104,104) size 100x100
  LayoutBlockFlow (relative positioned) {DIV} at (41,41) size 100x100 [border: (1px solid #000000)]
layer at (125,125) size 90x90
  LayoutBlockFlow {DIV} at (21,21) size 90x90 [bgcolor=#0000FF] [border: (1px solid #000000)]
layer at (288,42) size 140x140
  LayoutBlockFlow {DIV} at (21,21) size 140x140 [bgcolor=#DDDDDD] [border: (1px solid #000000)]
layer at (309,63) size 100x100
  LayoutBlockFlow (relative positioned) {DIV} at (21,21) size 100x100 [bgcolor=#81AA8A] [border: (1px solid #000000)]
layer at (330,84) size 100x100
  LayoutBlockFlow (relative positioned) {DIV} at (21,21) size 100x100 [bgcolor=#DDDDDD] [border: (1px solid #000000)]
layer at (351,85) size 90x90
  LayoutBlockFlow {DIV} at (21,1) size 90x90 [bgcolor=#0000FF] [border: (1px solid #000000)]
layer at (534,42) size 140x140
  LayoutBlockFlow {DIV} at (21,21) size 140x140 [bgcolor=#DDDDDD] [border: (1px solid #000000)]
layer at (555,63) size 100x100
  LayoutBlockFlow (relative positioned) {DIV} at (21,21) size 100x100 [bgcolor=#81AA8A] [border: (1px solid #000000)]
    LayoutBlockFlow {DIV} at (21,21) size 100x100 [bgcolor=#DDDDDD] [border: (1px solid #000000)]
layer at (597,85) size 90x90
  LayoutBlockFlow {DIV} at (21,1) size 90x90 [bgcolor=#0000FF] [border: (1px solid #000000)]
