layer at (0,0) size 800x600 clip at (0,0) size 785x600 scrollHeight 680
  LayoutView at (0,0) size 800x600
layer at (0,0) size 785x600
  LayoutBlockFlow {HTML} at (0,0) size 785x600
    LayoutBlockFlow {BODY} at (0,0) size 785x600 [border: (1px solid #000000)]
      LayoutBlockFlow {DIV} at (21,21) size 202x202 [border: (1px solid #000000)]
      LayoutText {#text} at (243,228) size 4x19
        text run at (243,228) width 4: " "
      LayoutBlockFlow {DIV} at (267,21) size 202x202 [border: (1px solid #000000)]
      LayoutText {#text} at (489,228) size 4x19
        text run at (489,228) width 4: " "
      LayoutBR {BR} at (493,243) size 0x0
      LayoutBlockFlow {DIV} at (21,268) size 202x202 [border: (1px solid #000000)]
      LayoutText {#text} at (243,475) size 4x19
        text run at (243,475) width 4: " "
      LayoutBlockFlow {DIV} at (267,268) size 202x202 [border: (1px solid #000000)]
      LayoutText {#text} at (0,0) size 0x0
layer at (30,500) size 483x180 backgroundClip at (0,0) size 785x600 clip at (0,0) size 785x600
  LayoutBlockFlow (positioned) {DIV} at (30,500) size 482.81x180
    LayoutInline {SPAN} at (0,0) size 288x19 [color=#008000]
      LayoutText {#text} at (0,0) size 288x19
        text run at (0,0) width 288: "PASS: event at (48, 48) hit box1 at offset (5, 5)"
    LayoutBR {BR} at (287,15) size 1x0
    LayoutInline {SPAN} at (0,0) size 288x19 [color=#008000]
      LayoutText {#text} at (0,20) size 288x19
        text run at (0,20) width 288: "PASS: event at (70, 41) hit box2 at offset (2, 2)"
    LayoutBR {BR} at (287,35) size 1x0
    LayoutInline {SPAN} at (0,0) size 320x19 [color=#008000]
      LayoutText {#text} at (0,40) size 320x19
        text run at (0,40) width 320: "PASS: event at (185, 164) hit box2 at offset (96, 96)"
    LayoutBR {BR} at (319,55) size 1x0
    LayoutInline {SPAN} at (0,0) size 296x19 [color=#008000]
      LayoutText {#text} at (0,60) size 296x19
        text run at (0,60) width 296: "PASS: event at (338, 64) hit box7 at offset (2, 2)"
    LayoutBR {BR} at (295,75) size 1x0
    LayoutInline {SPAN} at (0,0) size 475x19 [color=#FF0000]
      LayoutText {#text} at (0,80) size 475x19
        text run at (0,80) width 475: "FAIL: event at (92, 310) expected to hit box10 at (2, 2) but hit box10 at (2, 1)"
    LayoutBR {BR} at (474,95) size 1x0
    LayoutInline {SPAN} at (0,0) size 328x19 [color=#008000]
      LayoutText {#text} at (0,100) size 328x19
        text run at (0,100) width 328: "PASS: event at (217, 444) hit box10 at offset (95, 95)"
    LayoutBR {BR} at (327,115) size 1x0
    LayoutInline {SPAN} at (0,0) size 312x19 [color=#008000]
      LayoutText {#text} at (0,120) size 312x19
        text run at (0,120) width 312: "PASS: event at (337, 309) hit box13 at offset (1, 1)"
    LayoutBR {BR} at (311,135) size 1x0
    LayoutInline {SPAN} at (0,0) size 483x19 [color=#FF0000]
      LayoutText {#text} at (0,140) size 483x19
        text run at (0,140) width 483: "FAIL: event at (360, 334) expected to hit box14 at (1, 1) but hit box14 at (1, 0)"
    LayoutBR {BR} at (482,155) size 1x0
    LayoutInline {SPAN} at (0,0) size 328x19 [color=#008000]
      LayoutText {#text} at (0,160) size 328x19
        text run at (0,160) width 328: "PASS: event at (500, 484) hit box14 at offset (95, 95)"
    LayoutBR {BR} at (327,175) size 1x0
layer at (42,42) size 140x140
  LayoutBlockFlow {DIV} at (21,21) size 140x140 [bgcolor=#DDDDDD] [border: (1px solid #000000)]
layer at (63,63) size 100x100
  LayoutBlockFlow (relative positioned) {DIV} at (21,21) size 100x100 [bgcolor=#AAAAAA] [border: (1px solid #000000)]
layer at (288,42) size 140x140
  LayoutBlockFlow {DIV} at (21,21) size 140x140 [bgcolor=#DDDDDD] [border: (1px solid #000000)]
layer at (309,63) size 100x100
  LayoutBlockFlow (relative positioned) {DIV} at (21,21) size 100x100 [bgcolor=#AAAAAA] [border: (1px solid #000000)]
    LayoutBlockFlow {DIV} at (21,21) size 100x100 [bgcolor=#0000FF] [border: (1px solid #000000)]
layer at (42,289) size 140x140
  LayoutBlockFlow {DIV} at (21,21) size 140x140 [bgcolor=#DDDDDD] [border: (1px solid #000000)]
layer at (63,310) size 100x100
  LayoutBlockFlow (relative positioned) {DIV} at (21,21) size 100x100 [bgcolor=#AAAAAA] [border: (1px solid #000000)]
layer at (84,331) size 100x100
  LayoutBlockFlow (relative positioned) {DIV} at (21,21) size 100x100 [bgcolor=#0000FF] [border: (1px solid #000000)]
layer at (288,289) size 140x140
  LayoutBlockFlow {DIV} at (21,21) size 140x140 [bgcolor=#DDDDDD] [border: (1px solid #000000)]
layer at (309,310) size 100x100
  LayoutBlockFlow (relative positioned) {DIV} at (21,21) size 100x100 [bgcolor=#AAAAAA] [border: (1px solid #000000)]
    LayoutBlockFlow {DIV} at (21,21) size 100x100 [bgcolor=#C0D69E] [border: (1px solid #000000)]
layer at (351,352) size 100x100
  LayoutBlockFlow (relative positioned) {DIV} at (21,21) size 100x100 [bgcolor=#0000FF] [border: (1px solid #000000)]
