layer at (0,0) size 800x600 clip at (0,0) size 785x600 scrollHeight 840
  LayoutView at (0,0) size 800x600
layer at (0,0) size 785x600
  LayoutBlockFlow {HTML} at (0,0) size 785x600
    LayoutBlockFlow {BODY} at (0,0) size 785x600 [border: (1px solid #000000)]
layer at (30,500) size 328x340 backgroundClip at (0,0) size 785x600 clip at (0,0) size 785x600
  LayoutBlockFlow (positioned) {DIV} at (30,500) size 328x340
    LayoutInline {SPAN} at (0,0) size 288x19 [color=#008000]
      LayoutText {#text} at (0,0) size 288x19
        text run at (0,0) width 288: "PASS: event at (44, 44) hit box1 at offset (1, 1)"
    LayoutBR {BR} at (288,15) size 0x0
    LayoutInline {SPAN} at (0,0) size 288x19 [color=#008000]
      LayoutText {#text} at (0,20) size 288x19
        text run at (0,20) width 288: "PASS: event at (74, 68) hit box2 at offset (1, 1)"
    LayoutBR {BR} at (288,35) size 0x0
    LayoutInline {SPAN} at (0,0) size 320x19 [color=#008000]
      LayoutText {#text} at (0,40) size 320x19
        text run at (0,40) width 320: "PASS: event at (157, 164) hit box2 at offset (97, 97)"
    LayoutBR {BR} at (320,55) size 0x0
    LayoutInline {SPAN} at (0,0) size 296x19 [color=#008000]
      LayoutText {#text} at (0,60) size 296x19
        text run at (0,60) width 296: "PASS: event at (320, 68) hit box4 at offset (1, 1)"
    LayoutBR {BR} at (296,75) size 0x0
    LayoutInline {SPAN} at (0,0) size 296x19 [color=#008000]
      LayoutText {#text} at (0,80) size 296x19
        text run at (0,80) width 296: "PASS: event at (336, 87) hit box5 at offset (1, 1)"
    LayoutBR {BR} at (296,95) size 0x0
    LayoutInline {SPAN} at (0,0) size 296x19 [color=#008000]
      LayoutText {#text} at (0,100) size 296x19
        text run at (0,100) width 296: "PASS: event at (582, 87) hit box8 at offset (1, 1)"
    LayoutBR {BR} at (296,115) size 0x0
    LayoutInline {SPAN} at (0,0) size 320x19 [color=#008000]
      LayoutText {#text} at (0,120) size 320x19
        text run at (0,120) width 320: "PASS: event at (658, 174) hit box8 at offset (85, 85)"
    LayoutBR {BR} at (320,135) size 0x0
    LayoutInline {SPAN} at (0,0) size 304x19 [color=#008000]
      LayoutText {#text} at (0,140) size 304x19
        text run at (0,140) width 304: "PASS: event at (74, 314) hit box10 at offset (1, 1)"
    LayoutBR {BR} at (304,155) size 0x0
    LayoutInline {SPAN} at (0,0) size 303x19 [color=#008000]
      LayoutText {#text} at (0,160) size 303x19
        text run at (0,160) width 303: "PASS: event at (91, 351) hit box11 at offset (1, 1)"
    LayoutBR {BR} at (303,175) size 0x0
    LayoutInline {SPAN} at (0,0) size 312x19 [color=#008000]
      LayoutText {#text} at (0,180) size 312x19
        text run at (0,180) width 312: "PASS: event at (320, 314) hit box13 at offset (1, 1)"
    LayoutBR {BR} at (312,195) size 0x0
    LayoutInline {SPAN} at (0,0) size 312x19 [color=#008000]
      LayoutText {#text} at (0,200) size 312x19
        text run at (0,200) width 312: "PASS: event at (343, 351) hit box14 at offset (1, 1)"
    LayoutBR {BR} at (312,215) size 0x0
    LayoutInline {SPAN} at (0,0) size 312x19 [color=#008000]
      LayoutText {#text} at (0,220) size 312x19
        text run at (0,220) width 312: "PASS: event at (365, 375) hit box15 at offset (1, 1)"
    LayoutBR {BR} at (312,235) size 0x0
    LayoutInline {SPAN} at (0,0) size 312x19 [color=#008000]
      LayoutText {#text} at (0,240) size 312x19
        text run at (0,240) width 312: "PASS: event at (566, 314) hit box17 at offset (1, 1)"
    LayoutBR {BR} at (312,255) size 0x0
    LayoutInline {SPAN} at (0,0) size 312x19 [color=#008000]
      LayoutText {#text} at (0,260) size 312x19
        text run at (0,260) width 312: "PASS: event at (587, 352) hit box18 at offset (1, 1)"
    LayoutBR {BR} at (312,275) size 0x0
    LayoutInline {SPAN} at (0,0) size 312x19 [color=#008000]
      LayoutText {#text} at (0,280) size 312x19
        text run at (0,280) width 312: "PASS: event at (629, 401) hit box19 at offset (1, 1)"
    LayoutBR {BR} at (312,295) size 0x0
    LayoutInline {SPAN} at (0,0) size 312x19 [color=#008000]
      LayoutText {#text} at (0,300) size 312x19
        text run at (0,300) width 312: "PASS: event at (653, 422) hit box20 at offset (1, 1)"
    LayoutBR {BR} at (312,315) size 0x0
    LayoutInline {SPAN} at (0,0) size 328x19 [color=#008000]
      LayoutText {#text} at (0,320) size 328x19
        text run at (0,320) width 328: "PASS: event at (745, 505) hit box20 at offset (85, 86)"
    LayoutBR {BR} at (328,335) size 0x0
layer at (21,21) size 202x202
  LayoutBlockFlow (positioned) {DIV} at (21,21) size 202x202 [border: (1px solid #000000)]
layer at (42,42) size 140x140
  LayoutBlockFlow {DIV} at (21,21) size 140x140 [bgcolor=#DDDDDD] [border: (1px solid #000000)]
layer at (63,63) size 100x100
  LayoutBlockFlow (relative positioned) {DIV} at (21,21) size 100x100 [bgcolor=#81AA8A] [border: (1px solid #000000)]
layer at (267,21) size 202x202
  LayoutBlockFlow (positioned) {DIV} at (267,21) size 202x202 [border: (1px solid #000000)]
layer at (288,42) size 140x140
  LayoutBlockFlow {DIV} at (21,21) size 140x140 [bgcolor=#DDDDDD] [border: (1px solid #000000)]
layer at (309,63) size 100x100
  LayoutBlockFlow (relative positioned) {DIV} at (21,21) size 100x100 [bgcolor=#81AA8A] [border: (1px solid #000000)]
    LayoutBlockFlow {DIV} at (21,21) size 90x90 [bgcolor=#0000FF] [border: (1px solid #000000)]
layer at (513,21) size 202x202
  LayoutBlockFlow (positioned) {DIV} at (513,21) size 202x202 [border: (1px solid #000000)]
layer at (534,42) size 140x140
  LayoutBlockFlow {DIV} at (21,21) size 140x140 [bgcolor=#DDDDDD] [border: (1px solid #000000)]
layer at (555,63) size 100x100
  LayoutBlockFlow (relative positioned) {DIV} at (21,21) size 100x100 [bgcolor=#81AA8A] [border: (1px solid #000000)]
layer at (576,84) size 90x90
  LayoutBlockFlow (relative positioned) {DIV} at (21,21) size 90x90 [bgcolor=#0000FF] [border: (1px solid #000000)]
layer at (21,267) size 202x202
  LayoutBlockFlow (positioned) {DIV} at (21,267) size 202x202 [border: (1px solid #000000)]
layer at (42,288) size 140x140
  LayoutBlockFlow {DIV} at (21,21) size 140x140 [bgcolor=#DDDDDD] [border: (1px solid #000000)]
layer at (63,309) size 100x100
  LayoutBlockFlow (relative positioned) {DIV} at (21,21) size 100x100 [bgcolor=#81AA8A] [border: (1px solid #000000)]
layer at (104,350) size 100x100
  LayoutBlockFlow (relative positioned) {DIV} at (41,41) size 100x100 [border: (1px solid #000000)]
layer at (267,267) size 202x202
  LayoutBlockFlow (positioned) {DIV} at (267,267) size 202x202 [border: (1px solid #000000)]
layer at (288,288) size 140x140
  LayoutBlockFlow {DIV} at (21,21) size 140x140 [bgcolor=#DDDDDD] [border: (1px solid #000000)]
layer at (309,309) size 100x100
  LayoutBlockFlow (relative positioned) {DIV} at (21,21) size 100x100 [bgcolor=#81AA8A] [border: (1px solid #000000)]
layer at (350,350) size 100x100
  LayoutBlockFlow (relative positioned) {DIV} at (41,41) size 100x100 [border: (1px solid #000000)]
    LayoutBlockFlow {DIV} at (21,21) size 90x90 [bgcolor=#0000FF] [border: (1px solid #000000)]
layer at (513,267) size 202x202
  LayoutBlockFlow (positioned) {DIV} at (513,267) size 202x202 [border: (1px solid #000000)]
layer at (534,288) size 140x140
  LayoutBlockFlow {DIV} at (21,21) size 140x140 [bgcolor=#DDDDDD] [border: (1px solid #000000)]
layer at (555,309) size 100x100
  LayoutBlockFlow (relative positioned) {DIV} at (21,21) size 100x100 [bgcolor=#81AA8A] [border: (1px solid #000000)]
layer at (596,350) size 100x100
  LayoutBlockFlow (relative positioned) {DIV} at (41,41) size 100x100 [border: (1px solid #000000)]
layer at (637,391) size 100x100
  LayoutBlockFlow (relative positioned) {DIV} at (41,41) size 100x100 [bgcolor=#AA7994] [border: (1px solid #000000)]
    LayoutBlockFlow {DIV} at (21,21) size 90x90 [bgcolor=#0000FF] [border: (1px solid #000000)]
