layer at (0,0) size 800x600
  LayoutView at (0,0) size 800x600
layer at (0,0) size 800x600
  LayoutBlockFlow {HTML} at (0,0) size 800x600
    LayoutBlockFlow {BODY} at (0,0) size 800x600 [border: (1px solid #000000)]
      LayoutBlockFlow (anonymous) at (1,1) size 798x342
        LayoutText {#text} at (0,0) size 0x0
      LayoutBlockFlow {P} at (1,359) size 798x20
        LayoutText {#text} at (0,0) size 571x19
          text run at (0,0) width 571: "The green overlay is translated in Z by 100px, so should hit test in front relative to the blue box."
layer at (30,400) size 332x80
  LayoutBlockFlow (positioned) {DIV} at (30,400) size 332x80
    LayoutInline {SPAN} at (0,0) size 312x19 [color=#008000]
      LayoutText {#text} at (0,0) size 312x19
        text run at (0,0) width 312: "PASS: event at (285, 50) hit box2 at offset (197, 1)"
    LayoutBR {BR} at (312,15) size 0x0
    LayoutInline {SPAN} at (0,0) size 312x19 [color=#008000]
      LayoutText {#text} at (0,20) size 312x19
        text run at (0,20) width 312: "PASS: event at (174, 108) hit box3 at offset (50, 2)"
    LayoutBR {BR} at (312,35) size 0x0
    LayoutInline {SPAN} at (0,0) size 317x19 [color=#008000]
      LayoutText {#text} at (0,40) size 317x19
        text run at (0,40) width 317: "PASS: event at (61, 50) hit overlay at offset (39, 28)"
    LayoutBR {BR} at (317,55) size 0x0
    LayoutInline {SPAN} at (0,0) size 332x19 [color=#008000]
      LayoutText {#text} at (0,60) size 332x19
        text run at (0,60) width 332: "PASS: event at (119, 108) hit overlay at offset (97, 86)"
    LayoutBR {BR} at (332,75) size 0x0
layer at (21,21) size 302x302
  LayoutBlockFlow (relative positioned) {DIV} at (20,20) size 302x302 [border: (1px solid #000000)]
layer at (42,42) size 260x260
  LayoutBlockFlow (positioned) {DIV} at (21,21) size 260x260 [bgcolor=#DDDDDD] [border: (1px solid #000000)]
layer at (73,63) size 200x200
  LayoutBlockFlow (positioned) {DIV} at (31,21) size 200x200 [bgcolor=#AAAAAA] [border: (1px solid #000000)]
layer at (117,106) size 114x114
  LayoutBlockFlow (relative positioned) {DIV} at (51,51) size 100x100 [bgcolor=#0000FF]
layer at (22,22) size 150x300
  LayoutBlockFlow (positioned) {DIV} at (1,1) size 150x300 [bgcolor=#0080004D]
