layer at (0,0) size 800x600
  LayoutView at (0,0) size 800x600
layer at (0,0) size 800x348
  LayoutNGBlockFlow {HTML} at (0,0) size 800x348.09
    LayoutNGBlockFlow {BODY} at (5.55,5.55) size 788.91x337
      LayoutTable {TABLE} at (0,0) size 464x337
        LayoutTableSection {TBODY} at (0,0) size 464x337
          LayoutTableRow {TR} at (0,1) size 464x15
            LayoutNGTableCell {TH} at (1,1) size 65x15.38 [bgcolor=#DDDD99] [r=0 c=0 rs=1 cs=1]
              LayoutText {#text} at (6,0) size 53x15
                text run at (6,0) width 53: "viewBox?"
            LayoutNGTableCell {TH} at (67,1) size 112x15.38 [bgcolor=#DDDD99] [r=0 c=1 rs=1 cs=1]
              LayoutText {#text} at (1,0) size 110x15
                text run at (1,0) width 110: "preserve\x{AD}Aspect\x{AD}Ratio"
            LayoutNGTableCell {TH} at (180,1) size 141x15.38 [bgcolor=#DDDD99] [r=0 c=2 rs=1 cs=1]
              LayoutText {#text} at (54,0) size 33x15
                text run at (54,0) width 33: "<img>"
            LayoutNGTableCell {TH} at (322,1) size 141x15.38 [bgcolor=#DDDD99] [r=0 c=3 rs=1 cs=1]
              LayoutText {#text} at (48,0) size 45x15
                text run at (48,0) width 45: "<object>"
          LayoutTableRow {TR} at (0,17) size 464x39
            LayoutNGTableCell {TH} at (1,89) size 65x15.38 [bgcolor=#DDDD99] [r=1 c=0 rs=4 cs=1]
              LayoutText {#text} at (1,72) size 63x15
                text run at (1,72) width 63: "No viewBox"
            LayoutNGTableCell {TH} at (67,36) size 112x1.38 [bgcolor=#DDDD99] [r=1 c=1 rs=1 cs=1]
            LayoutNGTableCell {TD} at (180,17) size 141x39.09 [r=1 c=2 rs=1 cs=1]
              LayoutImage {IMG} at (0.69,0.69) size 138.88x34.72 [border: (1.38px dashed #800000)]
              LayoutText {#text} at (0,0) size 0x0
            LayoutNGTableCell {TD} at (322,17) size 141x39.09 [r=1 c=3 rs=1 cs=1]
              LayoutText {#text} at (0,0) size 0x0
          LayoutTableRow {TR} at (0,57) size 464x39
            LayoutNGTableCell {TH} at (67,69) size 112x15.38 [bgcolor=#DDDD99] [r=2 c=1 rs=1 cs=1]
              LayoutText {#text} at (42,12) size 28x15
                text run at (42,12) width 28: "none"
            LayoutNGTableCell {TD} at (180,57) size 141x39.09 [r=2 c=2 rs=1 cs=1]
              LayoutImage {IMG} at (0.69,0.69) size 138.88x34.72 [border: (1.38px dashed #800000)]
              LayoutText {#text} at (0,0) size 0x0
            LayoutNGTableCell {TD} at (322,57) size 141x39.09 [r=2 c=3 rs=1 cs=1]
              LayoutText {#text} at (0,0) size 0x0
          LayoutTableRow {TR} at (0,97) size 464x39
            LayoutNGTableCell {TH} at (67,109) size 112x15.38 [bgcolor=#DDDD99] [r=3 c=1 rs=1 cs=1]
              LayoutText {#text} at (43,12) size 26x15
                text run at (43,12) width 26: "meet"
            LayoutNGTableCell {TD} at (180,97) size 141x39.09 [r=3 c=2 rs=1 cs=1]
              LayoutImage {IMG} at (0.69,0.69) size 138.88x34.72 [border: (1.38px dashed #800000)]
              LayoutText {#text} at (0,0) size 0x0
            LayoutNGTableCell {TD} at (322,97) size 141x39.09 [r=3 c=3 rs=1 cs=1]
              LayoutText {#text} at (0,0) size 0x0
          LayoutTableRow {TR} at (0,137) size 464x39
            LayoutNGTableCell {TH} at (67,149) size 112x15.38 [bgcolor=#DDDD99] [r=4 c=1 rs=1 cs=1]
              LayoutText {#text} at (44,12) size 24x15
                text run at (44,12) width 24: "slice"
            LayoutNGTableCell {TD} at (180,137) size 141x39.09 [r=4 c=2 rs=1 cs=1]
              LayoutImage {IMG} at (0.69,0.69) size 138.88x34.72 [border: (1.38px dashed #800000)]
              LayoutText {#text} at (0,0) size 0x0
            LayoutNGTableCell {TD} at (322,137) size 141x39.09 [r=4 c=3 rs=1 cs=1]
              LayoutText {#text} at (0,0) size 0x0
          LayoutTableRow {TR} at (0,177) size 464x39
            LayoutNGTableCell {TH} at (1,249) size 65x15.38 [bgcolor=#DDDD99] [r=5 c=0 rs=4 cs=1]
              LayoutText {#text} at (10,72) size 45x15
                text run at (10,72) width 45: "viewBox"
            LayoutNGTableCell {TH} at (67,196) size 112x1.38 [bgcolor=#DDDD99] [r=5 c=1 rs=1 cs=1]
            LayoutNGTableCell {TD} at (180,177) size 141x39.09 [r=5 c=2 rs=1 cs=1]
              LayoutImage {IMG} at (0.69,0.69) size 138.88x34.72 [border: (1.38px dashed #800000)]
              LayoutText {#text} at (0,0) size 0x0
            LayoutNGTableCell {TD} at (322,177) size 141x39.09 [r=5 c=3 rs=1 cs=1]
              LayoutText {#text} at (0,0) size 0x0
          LayoutTableRow {TR} at (0,217) size 464x39
            LayoutNGTableCell {TH} at (67,229) size 112x15.38 [bgcolor=#DDDD99] [r=6 c=1 rs=1 cs=1]
              LayoutText {#text} at (42,12) size 28x15
                text run at (42,12) width 28: "none"
            LayoutNGTableCell {TD} at (180,217) size 141x39.09 [r=6 c=2 rs=1 cs=1]
              LayoutImage {IMG} at (0.69,0.69) size 138.88x34.72 [border: (1.38px dashed #800000)]
              LayoutText {#text} at (0,0) size 0x0
            LayoutNGTableCell {TD} at (322,217) size 141x39.09 [r=6 c=3 rs=1 cs=1]
              LayoutText {#text} at (0,0) size 0x0
          LayoutTableRow {TR} at (0,257) size 464x39
            LayoutNGTableCell {TH} at (67,269) size 112x15.38 [bgcolor=#DDDD99] [r=7 c=1 rs=1 cs=1]
              LayoutText {#text} at (43,12) size 26x15
                text run at (43,12) width 26: "meet"
            LayoutNGTableCell {TD} at (180,257) size 141x39.09 [r=7 c=2 rs=1 cs=1]
              LayoutImage {IMG} at (0.69,0.69) size 138.88x34.72 [border: (1.38px dashed #800000)]
              LayoutText {#text} at (0,0) size 0x0
            LayoutNGTableCell {TD} at (322,257) size 141x39.09 [r=7 c=3 rs=1 cs=1]
              LayoutText {#text} at (0,0) size 0x0
          LayoutTableRow {TR} at (0,297) size 464x39
            LayoutNGTableCell {TH} at (67,309) size 112x15.38 [bgcolor=#DDDD99] [r=8 c=1 rs=1 cs=1]
              LayoutText {#text} at (44,12) size 24x15
                text run at (44,12) width 24: "slice"
            LayoutNGTableCell {TD} at (180,297) size 141x39.09 [r=8 c=2 rs=1 cs=1]
              LayoutImage {IMG} at (0.69,0.69) size 138.88x34.72 [border: (1.38px dashed #800000)]
              LayoutText {#text} at (0,0) size 0x0
            LayoutNGTableCell {TD} at (322,297) size 141x39.09 [r=8 c=3 rs=1 cs=1]
              LayoutText {#text} at (0,0) size 0x0
layer at (328,23) size 139x34
  LayoutEmbeddedObject {OBJECT} at (0.69,0.69) size 138.88x34.72 [border: (0.69px dashed #008000)]
    layer at (0,0) size 133x29
      LayoutView at (0,0) size 133x29
    layer at (0,0) size 133x29
      LayoutSVGRoot {svg} at (0,0) size 133x29
        LayoutSVGEllipse {circle} at (0,0) size 220x220 [stroke={[type=SOLID] [color=#000000]}] [fill={[type=SOLID] [color=#D9BB7A] [fill rule=EVEN-ODD]}] [cx=110.00] [cy=110.00] [r=110.00]
layer at (328,63) size 139x34
  LayoutEmbeddedObject {OBJECT} at (0.69,0.69) size 138.88x34.72 [border: (0.69px dashed #008000)]
    layer at (0,0) size 133x29
      LayoutView at (0,0) size 133x29
    layer at (0,0) size 133x29
      LayoutSVGRoot {svg} at (0,0) size 133x29
        LayoutSVGHiddenContainer {defs} at (0,0) size 0x0
        LayoutSVGContainer {g} at (162.86,403.79) size 362.86x362.86 [transform={m=((1.00,0.00)(0.00,1.00)) t=(-162.36,-403.29)}]
          LayoutSVGPath {path} at (162.86,403.79) size 362.86x362.86 [stroke={[type=SOLID] [color=#000000]}] [fill={[type=SOLID] [color=#D9BB7A] [fill rule=EVEN-ODD]}] [data="M 525.714 585.219 A 181.429 181.429 0 1 1 162.857 585.219 A 181.429 181.429 0 1 1 525.714 585.219 Z"]
layer at (328,103) size 139x34
  LayoutEmbeddedObject {OBJECT} at (0.69,0.69) size 138.88x34.72 [border: (0.69px dashed #008000)]
    layer at (0,0) size 133x29
      LayoutView at (0,0) size 133x29
    layer at (0,0) size 133x29
      LayoutSVGRoot {svg} at (0,0) size 133x29
        LayoutSVGHiddenContainer {defs} at (0,0) size 0x0
        LayoutSVGContainer {g} at (162.86,403.79) size 362.86x362.86 [transform={m=((1.00,0.00)(0.00,1.00)) t=(-162.36,-403.29)}]
          LayoutSVGPath {path} at (162.86,403.79) size 362.86x362.86 [stroke={[type=SOLID] [color=#000000]}] [fill={[type=SOLID] [color=#D9BB7A] [fill rule=EVEN-ODD]}] [data="M 525.714 585.219 A 181.429 181.429 0 1 1 162.857 585.219 A 181.429 181.429 0 1 1 525.714 585.219 Z"]
layer at (328,143) size 139x34
  LayoutEmbeddedObject {OBJECT} at (0.69,0.69) size 138.88x34.72 [border: (0.69px dashed #008000)]
    layer at (0,0) size 133x29
      LayoutView at (0,0) size 133x29
    layer at (0,0) size 133x29
      LayoutSVGRoot {svg} at (0,0) size 133x29
        LayoutSVGHiddenContainer {defs} at (0,0) size 0x0
        LayoutSVGContainer {g} at (162.86,403.79) size 362.86x362.86 [transform={m=((1.00,0.00)(0.00,1.00)) t=(-162.36,-403.29)}]
          LayoutSVGPath {path} at (162.86,403.79) size 362.86x362.86 [stroke={[type=SOLID] [color=#000000]}] [fill={[type=SOLID] [color=#D9BB7A] [fill rule=EVEN-ODD]}] [data="M 525.714 585.219 A 181.429 181.429 0 1 1 162.857 585.219 A 181.429 181.429 0 1 1 525.714 585.219 Z"]
layer at (328,183) size 139x34
  LayoutEmbeddedObject {OBJECT} at (0.69,0.69) size 138.88x34.72 [border: (0.69px dashed #008000)]
    layer at (0,0) size 133x29
      LayoutView at (0,0) size 133x29
    layer at (0,0) size 133x29
      LayoutSVGRoot {svg} at (0,0) size 133x29
        LayoutSVGHiddenContainer {defs} at (0,0) size 0x0
        LayoutSVGContainer {g} at (162.86,403.79) size 362.86x362.86 [transform={m=((1.00,0.00)(0.00,1.00)) t=(-162.36,-403.29)}]
          LayoutSVGPath {path} at (162.86,403.79) size 362.86x362.86 [stroke={[type=SOLID] [color=#000000]}] [fill={[type=SOLID] [color=#D9BB7A] [fill rule=EVEN-ODD]}] [data="M 525.714 585.219 A 181.429 181.429 0 1 1 162.857 585.219 A 181.429 181.429 0 1 1 525.714 585.219 Z"]
layer at (328,223) size 139x34
  LayoutEmbeddedObject {OBJECT} at (0.69,0.69) size 138.88x34.72 [border: (0.69px dashed #008000)]
    layer at (0,0) size 133x29
      LayoutView at (0,0) size 133x29
    layer at (0,0) size 133x29
      LayoutSVGRoot {svg} at (0,0) size 133x29
        LayoutSVGHiddenContainer {defs} at (0,0) size 0x0
        LayoutSVGContainer {g} at (162.86,403.79) size 362.86x362.86 [transform={m=((1.00,0.00)(0.00,1.00)) t=(-162.36,-403.29)}]
          LayoutSVGPath {path} at (162.86,403.79) size 362.86x362.86 [stroke={[type=SOLID] [color=#000000]}] [fill={[type=SOLID] [color=#D9BB7A] [fill rule=EVEN-ODD]}] [data="M 525.714 585.219 A 181.429 181.429 0 1 1 162.857 585.219 A 181.429 181.429 0 1 1 525.714 585.219 Z"]
layer at (328,263) size 139x34
  LayoutEmbeddedObject {OBJECT} at (0.69,0.69) size 138.88x34.72 [border: (0.69px dashed #008000)]
    layer at (0,0) size 133x29
      LayoutView at (0,0) size 133x29
    layer at (0,0) size 133x29
      LayoutSVGRoot {svg} at (0,0) size 133x29
        LayoutSVGHiddenContainer {defs} at (0,0) size 0x0
        LayoutSVGContainer {g} at (162.86,403.79) size 362.86x362.86 [transform={m=((1.00,0.00)(0.00,1.00)) t=(-162.36,-403.29)}]
          LayoutSVGPath {path} at (162.86,403.79) size 362.86x362.86 [stroke={[type=SOLID] [color=#000000]}] [fill={[type=SOLID] [color=#D9BB7A] [fill rule=EVEN-ODD]}] [data="M 525.714 585.219 A 181.429 181.429 0 1 1 162.857 585.219 A 181.429 181.429 0 1 1 525.714 585.219 Z"]
layer at (328,303) size 139x34
  LayoutEmbeddedObject {OBJECT} at (0.69,0.69) size 138.88x34.72 [border: (0.69px dashed #008000)]
    layer at (0,0) size 133x29
      LayoutView at (0,0) size 133x29
    layer at (0,0) size 133x29
      LayoutSVGRoot {svg} at (0,0) size 133x29
        LayoutSVGHiddenContainer {defs} at (0,0) size 0x0
        LayoutSVGContainer {g} at (162.86,403.79) size 362.86x362.86 [transform={m=((1.00,0.00)(0.00,1.00)) t=(-162.36,-403.29)}]
          LayoutSVGPath {path} at (162.86,403.79) size 362.86x362.86 [stroke={[type=SOLID] [color=#000000]}] [fill={[type=SOLID] [color=#D9BB7A] [fill rule=EVEN-ODD]}] [data="M 525.714 585.219 A 181.429 181.429 0 1 1 162.857 585.219 A 181.429 181.429 0 1 1 525.714 585.219 Z"]
