layer at (0,0) size 800x600 clip at (0,0) size 785x600 scrollHeight 775
  LayoutView at (0,0) size 800x600
layer at (0,0) size 785x775 backgroundClip at (0,0) size 785x600 clip at (0,0) size 785x600
  LayoutNGBlockFlow {html} at (0,0) size 785x775.28
    LayoutNGBlockFlow {body} at (11.52,11.52) size 761.97x740.73
      LayoutNGBlockFlow (anonymous) at (0,0) size 761.97x54
        LayoutText {#text} at (0,0) size 758x53
          text run at (0,0) width 758: "The two blocks should look identical. One uses an SVG, and the other just uses a"
          text run at (0,27) width 177: "normal HTML div."
      LayoutNGBlockFlow {p} at (0,77.03) size 761.97x27
        LayoutText {#text} at (0,0) size 524x26
          text run at (0,0) width 524: "There should be a red, white and blue pattern below this"
      LayoutSVGRoot (floating) {svg} at (14.39,141.45) size 201.56x201.56
        LayoutSVGRect {rect} at (0,0) size 100x100 [fill={[type=SOLID] [color=#0000FF]}] [x=0.00] [y=0.00] [width=100.00] [height=100.00]
      LayoutNGBlockFlow {p} at (0,357.41) size 761.97x27
        LayoutText {#text} at (0,0) size 523x26
          text run at (0,0) width 523: "There should be a red, white and blue pattern above this"
      LayoutNGBlockFlow {p} at (0,433.34) size 761.97x27
        LayoutText {#text} at (0,0) size 524x26
          text run at (0,0) width 524: "There should be a red, white and blue pattern below this"
      LayoutNGBlockFlow (floating) {div} at (14.39,497.77) size 201.58x201.58 [border: (14.39px solid #FF0000)]
        LayoutNGBlockFlow {div} at (28.78,28.78) size 144x144 [bgcolor=#0000FF]
      LayoutNGBlockFlow {p} at (0,713.73) size 761.97x27
        LayoutText {#text} at (0,0) size 523x26
          text run at (0,0) width 523: "There should be a red, white and blue pattern above this"
layer at (12,419) size 762x3 backgroundClip at (12,419) size 761x3 clip at (0,0) size 0x0
  LayoutNGBlockFlow {hr} at (0,407.44) size 761.97x2.88 [border: (1.44px inset #EEEEEE)]
