layer at (0,0) size 800x600
  LayoutView at (0,0) size 800x600
layer at (0,0) size 800x196
  LayoutBlockFlow {HTML} at (0,0) size 800x196
    LayoutBlockFlow {BODY} at (8,8) size 784x180
layer at (8,8) size 100x20 scrollX 36.00 scrollWidth 136
  LayoutBlockFlow {DIV} at (0,0) size 100x20
    LayoutText {#text} at (-36,0) size 136x18
      text run at (-36,0) width 136: "markAllComposition"
layer at (8,28) size 100x20 scrollX 46.00 scrollWidth 146
  LayoutBlockFlow {DIV} at (0,20) size 100x20
    LayoutText {#text} at (-45,0) size 146x18
      text run at (-45,0) width 145: "markStartComposition"
layer at (8,48) size 100x20 scrollX 41.00 scrollWidth 141
  LayoutBlockFlow {DIV} at (0,40) size 100x20
    LayoutText {#text} at (-41,0) size 142x18
      text run at (-41,0) width 141: "markEndComposition"
layer at (8,68) size 100x20 scrollX 7.00 scrollWidth 107
  LayoutBlockFlow {DIV} at (0,60) size 100x20
    LayoutText {#text} at (-6,0) size 107x18
      text run at (-6,0) width 106: "markAllSpelling"
layer at (8,88) size 100x20 scrollX 16.00 scrollWidth 116
  LayoutBlockFlow {DIV} at (0,80) size 100x20
    LayoutText {#text} at (-16,0) size 117x18
      text run at (-16,0) width 116: "markStartSpelling"
layer at (8,108) size 100x20 scrollX 12.00 scrollWidth 112
  LayoutBlockFlow {DIV} at (0,100) size 100x20
    LayoutText {#text} at (-11,0) size 112x18
      text run at (-11,0) width 111: "markEndSpelling"
layer at (8,128) size 100x20 scrollX 24.00 scrollWidth 124
  LayoutBlockFlow {DIV} at (0,120) size 100x20
    LayoutText {#text} at (-23,0) size 124x18
      text run at (-23,0) width 123: "markAllTextMatch"
layer at (8,148) size 100x20 scrollX 33.00 scrollWidth 133
  LayoutBlockFlow {DIV} at (0,140) size 100x20
    LayoutText {#text} at (-33,0) size 134x18
      text run at (-33,0) width 133: "markStartTextMatch"
layer at (8,168) size 100x20 scrollX 29.00 scrollWidth 129
  LayoutBlockFlow {DIV} at (0,160) size 100x20
    LayoutText {#text} at (-28,0) size 129x18
      text run at (-28,0) width 128: "markEndTextMatch"
