layer at (0,0) size 800x600
  LayoutView at (0,0) size 800x600
layer at (0,0) size 800x34
  LayoutBlockFlow {HTML} at (0,0) size 800x34
    LayoutBlockFlow {BODY} at (8,8) size 784x18
      LayoutBlockFlow {DIV} at (0,0) size 784x18
        LayoutInline {<pseudo:first-letter>} at (0,0) size 12x18 [color=#FF0000]
          LayoutTextFragment (anonymous) at (0,0) size 12x18
            text run at (0,0) width 12: "N"
        LayoutTextFragment {#text} at (11,0) size 241x18
          text run at (11,0) width 241: "one Composition Spelling TextMatch"
