layer at (0,0) size 800x600
  LayoutView at (0,0) size 800x600
layer at (0,0) size 800x176
  LayoutBlockFlow {HTML} at (0,0) size 800x176
    LayoutBlockFlow {BODY} at (8,8) size 784x160
      LayoutBlockFlow (anonymous) at (0,0) size 784x18
        LayoutText {#text} at (0,0) size 29x18
          text run at (0,0) width 29: "LTR"
      LayoutBlockFlow (anonymous) at (0,40) size 784x18
        LayoutText {#text} at (0,0) size 30x18
          text run at (0,0) width 30: "RTL"
      LayoutBlockFlow (anonymous) at (0,80) size 784x18
        LayoutText {#text} at (0,0) size 183x18
          text run at (0,0) width 183: "LTR (text-overflow:ellipses)"
      LayoutBlockFlow (anonymous) at (0,120) size 784x18
        LayoutText {#text} at (0,0) size 183x18
          text run at (0,0) width 183: "RTL (text-overflow:ellipses)"
layer at (8,26) size 202x22 clip at (9,27) size 200x20 scrollWidth 227
  LayoutBlockFlow {DIV} at (0,18) size 202x22 [border: (1px solid #000000)]
    LayoutText {#text} at (1,1) size 227x18
      text run at (1,1) width 227: "the the adlj adaasj sdklj. there there"
layer at (8,66) size 202x22 clip at (9,67) size 200x20 scrollX 26.00 scrollWidth 226
  LayoutBlockFlow {DIV} at (0,58) size 202x22 [border: (1px solid #000000)]
    LayoutText {#text} at (-25,1) size 227x18
      text run at (-25,1) width 226 RTL override: "the the adlj adaasj sdklj. there there"
layer at (8,106) size 202x22 clip at (9,107) size 200x20 scrollWidth 227
  LayoutBlockFlow {DIV} at (0,98) size 202x22 [border: (1px solid #000000)]
    LayoutText {#text} at (1,1) size 227x18
      text run at (1,1) width 227: "the the adlj adaasj sdklj. there there"
layer at (8,146) size 202x22 clip at (9,147) size 200x20 scrollX 26.00 scrollWidth 226
  LayoutBlockFlow {DIV} at (0,138) size 202x22 [border: (1px solid #000000)]
    LayoutText {#text} at (-25,1) size 227x18
      text run at (-25,1) width 226 RTL override: "the the adlj adaasj sdklj. there there"
