layer at (0,0) size 800x600
  LayoutView at (0,0) size 800x600
layer at (0,0) size 800x88
  LayoutBlockFlow {HTML} at (0,0) size 800x88
    LayoutBlockFlow {BODY} at (8,8) size 784x72
      LayoutBlockFlow {DIV} at (0,0) size 100x72
        LayoutText {#text} at (0,0) size 95x72
          text run at (0,0) width 86: "Lorem ipsum"
          text run at (0,18) width 92: "dolor sit amet,"
          text run at (0,36) width 73: "consectetur"
          text run at (0,54) width 95: "adipiscing elit."
