layer at (0,0) size 800x600
  LayoutView at (0,0) size 800x600
layer at (0,0) size 800x418
  LayoutBlockFlow {HTML} at (0,0) size 800x418
    LayoutBlockFlow {BODY} at (8,8) size 784x0
      LayoutBlockFlow (floating) {DIV} at (582.25,0) size 201.75x176
        LayoutBlockFlow {P} at (0,16) size 201.75x18
          LayoutText {#text} at (172,0) size 30x18
            text run at (172,0) width 30: "RTL"
        LayoutBlockFlow {DIV} at (0,50) size 201.75x18
          LayoutText {#text} at (128,0) size 74x18
            text run at (128,0) width 74: "markRtlAll"
        LayoutBlockFlow {DIV} at (0,68) size 201.75x18
          LayoutText {#text} at (91,0) size 111x18
            text run at (91,0) width 111: "markRtlAllThick"
        LayoutBlockFlow {DIV} at (0,86) size 201.75x18
          LayoutText {#text} at (82,0) size 120x18
            text run at (82,0) width 120: "markRtlBeginning"
        LayoutBlockFlow {DIV} at (0,104) size 201.75x18
          LayoutText {#text} at (0,0) size 202x18
            text run at (0,0) width 202: "markRtlAllExceptFirstAndLast"
        LayoutBlockFlow {DIV} at (0,122) size 201.75x18
          LayoutText {#text} at (123,0) size 79x18
            text run at (123,0) width 79: "markRtlEnd"
        LayoutBlockFlow {DIV} at (0,140) size 201.75x36
          LayoutBlockFlow {DIV} at (0,0) size 201.75x18
            LayoutText {#text} at (149,0) size 34x18
              text run at (149,0) width 34: "mark"
            LayoutInline {SPAN} at (0,0) size 20x18
              LayoutText {#text} at (182,0) size 20x18
                text run at (182,0) width 20: "Rtl"
          LayoutBlockFlow {DIV} at (0,18) size 201.75x18
            LayoutText {#text} at (116,0) size 86x18
              text run at (116,0) width 86: "AcrossNodes"
      LayoutBlockFlow (floating) {DIV} at (0,0) size 338.61x410
        LayoutBlockFlow {P} at (0,16) size 338.61x18
          LayoutText {#text} at (0,0) size 29x18
            text run at (0,0) width 29: "LTR"
        LayoutBlockFlow {DIV} at (0,50) size 338.61x18
          LayoutText {#text} at (0,0) size 54x18
            text run at (0,0) width 54: "markAll"
        LayoutBlockFlow {DIV} at (0,68) size 338.61x18
          LayoutText {#text} at (0,0) size 91x18
            text run at (0,0) width 91: "markAllThick"
        LayoutBlockFlow {DIV} at (0,86) size 338.61x18
          LayoutText {#text} at (0,0) size 155x18
            text run at (0,0) width 155: "markAllDifferentColors"
        LayoutBlockFlow {DIV} at (0,104) size 338.61x18
          LayoutText {#text} at (0,0) size 100x18
            text run at (0,0) width 100: "markBeginning"
        LayoutBlockFlow {DIV} at (0,122) size 338.61x18
          LayoutText {#text} at (0,0) size 183x18
            text run at (0,0) width 183: "markAllExceptFirstAndLast"
        LayoutBlockFlow {DIV} at (0,140) size 338.61x18
          LayoutText {#text} at (0,0) size 59x18
            text run at (0,0) width 59: "markEnd"
        LayoutBlockFlow {DIV} at (0,158) size 338.61x18
          LayoutText {#text} at (0,0) size 116x18
            text run at (0,0) width 116: "markNothingZero"
        LayoutBlockFlow {DIV} at (0,176) size 338.61x18
          LayoutText {#text} at (0,0) size 112x18
            text run at (0,0) width 112: "markNothingEnd"
        LayoutBlockFlow {DIV} at (0,194) size 338.61x36
          LayoutBlockFlow {DIV} at (0,0) size 338.61x18
            LayoutText {#text} at (0,0) size 33x18
              text run at (0,0) width 33: "mark"
            LayoutInline {SPAN} at (0,0) size 46x18
              LayoutText {#text} at (32,0) size 46x18
                text run at (32,0) width 46: "Across"
          LayoutBlockFlow {DIV} at (0,18) size 338.61x18
            LayoutText {#text} at (0,0) size 41x18
              text run at (0,0) width 41: "Nodes"
        LayoutBlockFlow {DIV} at (0,230) size 338.61x18
          LayoutText {#text} at (0,0) size 250x18
            text run at (0,0) width 250: "overridingSpellingMarkerAtBeginning"
        LayoutBlockFlow {DIV} at (0,248) size 338.61x18
          LayoutText {#text} at (0,0) size 209x18
            text run at (0,0) width 209: "overridingSpellingMarkerAtEnd"
        LayoutBlockFlow {DIV} at (0,266) size 338.61x18
          LayoutText {#text} at (0,0) size 310x18
            text run at (0,0) width 310: "overridingSpellingMarkerIntersectingBeginning"
        LayoutBlockFlow {DIV} at (0,284) size 338.61x18
          LayoutText {#text} at (0,0) size 269x18
            text run at (0,0) width 269: "overridingSpellingMarkerIntersectingEnd"
        LayoutBlockFlow {DIV} at (0,302) size 338.61x18
          LayoutText {#text} at (0,0) size 258x18
            text run at (0,0) width 258: "notOverridingSpellingMarkersTouching"
        LayoutBlockFlow {DIV} at (0,320) size 338.61x18
          LayoutText {#text} at (0,0) size 280x18
            text run at (0,0) width 280: "overridingCompositionMarkerAtBeginning"
        LayoutBlockFlow {DIV} at (0,338) size 338.61x18
          LayoutText {#text} at (0,0) size 239x18
            text run at (0,0) width 239: "overridingCompositionMarkerAtEnd"
        LayoutBlockFlow {DIV} at (0,356) size 338.61x18
          LayoutText {#text} at (0,0) size 339x18
            text run at (0,0) width 339: "overridingCompositionMarkerIntersectingBeginning"
        LayoutBlockFlow {DIV} at (0,374) size 338.61x18
          LayoutText {#text} at (0,0) size 298x18
            text run at (0,0) width 298: "overridingCompositionMarkerIntersectingEnd"
        LayoutBlockFlow {DIV} at (0,392) size 338.61x18
          LayoutText {#text} at (0,0) size 287x18
            text run at (0,0) width 287: "notOverridingCompositionMarkersTouching"
