layer at (0,0) size 800x600
  LayoutView at (0,0) size 800x600
layer at (0,0) size 322x166
  LayoutBlockFlow {HTML} at (0,0) size 322x166
    LayoutBlockFlow {BODY} at (8,8) size 306x150
      LayoutBlockFlow (anonymous) at (90,0) size 18x150
        LayoutBR {BR} at (0,0) size 18x0
      LayoutBlockFlow (anonymous) at (198,0) size 18x150
        LayoutBR {BR} at (0,0) size 18x0
layer at (8,8) size 30x150 scrollHeight 221
  LayoutBlockFlow {DIV} at (0,0) size 30x150
    LayoutText {#text} at (0,0) size 27x221
      text run at (0,0) width 221: "pppppppppppppppppp"
layer at (38,8) size 30x150 scrollHeight 221
  LayoutBlockFlow {DIV} at (30,0) size 30x150
    LayoutText {#text} at (0,0) size 27x221
      text run at (0,0) width 221: "pppppppppppppppppp"
layer at (68,8) size 30x150 scrollHeight 221
  LayoutBlockFlow {DIV} at (60,0) size 30x150
    LayoutText {#text} at (0,0) size 27x221
      text run at (0,0) width 221: "pppppppppppppppppp"
layer at (116,8) size 30x150 scrollHeight 221
  LayoutBlockFlow {DIV} at (108,0) size 30x150
    LayoutText {#text} at (0,0) size 27x221
      text run at (0,0) width 221: "pppppppppppppppppp"
layer at (146,8) size 30x150 scrollHeight 221
  LayoutBlockFlow {DIV} at (138,0) size 30x150
    LayoutText {#text} at (0,0) size 27x221
      text run at (0,0) width 221: "pppppppppppppppppp"
layer at (176,8) size 30x150 scrollHeight 221
  LayoutBlockFlow {DIV} at (168,0) size 30x150
    LayoutText {#text} at (0,0) size 27x221
      text run at (0,0) width 221: "pppppppppppppppppp"
layer at (224,8) size 30x150 scrollHeight 221
  LayoutBlockFlow {DIV} at (216,0) size 30x150
    LayoutText {#text} at (0,0) size 27x221
      text run at (0,0) width 221: "pppppppppppppppppp"
layer at (254,8) size 30x150 scrollHeight 221
  LayoutBlockFlow {DIV} at (246,0) size 30x150
    LayoutText {#text} at (0,0) size 27x221
      text run at (0,0) width 221: "pppppppppppppppppp"
layer at (284,8) size 30x150 scrollHeight 221
  LayoutBlockFlow {DIV} at (276,0) size 30x150
    LayoutText {#text} at (0,0) size 27x221
      text run at (0,0) width 221: "pppppppppppppppppp"
