layer at (0,0) size 800x600
  LayoutView at (0,0) size 800x600
layer at (0,0) size 800x600
  LayoutBlockFlow {HTML} at (0,0) size 800x600
    LayoutBlockFlow {BODY} at (8,8) size 784x584
      LayoutTable {TABLE} at (0,0) size 486x358 [border: (1px outset #808080)]
        LayoutTableSection {TBODY} at (1,1) size 484x356
          LayoutTableRow {TR} at (0,2) size 484x32
            LayoutTableCell {TH} at (2,2) size 480x32 [border: (1px inset #808080)] [r=0 c=0 rs=1 cs=5]
              LayoutText {#text} at (183,6) size 114x19
                text run at (183,6) width 114: "text-align: center"
          LayoutTableRow {TR} at (0,36) size 484x32
            LayoutTableCell {TH} at (2,53) size 102x32 [border: (1px inset #808080)] [r=1 c=0 rs=2 cs=2]
              LayoutText {#text} at (49,6) size 4x19
                text run at (49,6) width 4: " "
            LayoutTableCell {TH} at (106,36) size 376x32 [border: (1px inset #808080)] [r=1 c=2 rs=1 cs=3]
              LayoutText {#text} at (114,6) size 148x19
                text run at (114,6) width 148: "-webkit-writing-mode"
          LayoutTableRow {TR} at (0,70) size 484x32
            LayoutTableCell {TH} at (106,70) size 124x32 [border: (1px inset #808080)] [r=2 c=2 rs=1 cs=1]
              LayoutText {#text} at (18,6) size 88x19
                text run at (18,6) width 88: "horizontal-tb"
            LayoutTableCell {TH} at (232,70) size 124x32 [border: (1px inset #808080)] [r=2 c=3 rs=1 cs=1]
              LayoutText {#text} at (29,6) size 66x19
                text run at (29,6) width 66: "vertical-lr"
            LayoutTableCell {TH} at (358,70) size 124x32 [border: (1px inset #808080)] [r=2 c=4 rs=1 cs=1]
              LayoutText {#text} at (29,6) size 66x19
                text run at (29,6) width 66: "vertical-rl"
          LayoutTableRow {TR} at (0,104) size 484x124
            LayoutTableCell {TH} at (2,213) size 72x32 [border: (1px inset #808080)] [r=3 c=0 rs=4 cs=1]
              LayoutText {#text} at (6,6) size 60x19
                text run at (6,6) width 60: "direction"
            LayoutTableCell {TH} at (76,150) size 28x32 [border: (1px inset #808080)] [r=3 c=1 rs=1 cs=1]
              LayoutText {#text} at (6,6) size 16x19
                text run at (6,6) width 16: "ltr"
            LayoutTableCell {TD} at (106,104) size 124x124 [border: (1px solid #000000)] [r=3 c=2 rs=1 cs=1]
              LayoutBlockFlow {DIV} at (2,2) size 120x120
                LayoutBlockFlow {DETAILS} at (0,0) size 120x20
                  LayoutBlockFlow {SUMMARY} at (0,0) size 120x20
                    LayoutDetailsMarker {DIV} at (22.53,4.45) size 10.55x10.55: right
                    LayoutText {#text} at (39,0) size 59x19
                      text run at (39,0) width 59: "summary"
                LayoutBlockFlow {DETAILS} at (0,20) size 120x20
                  LayoutBlockFlow {SUMMARY} at (0,0) size 120x20
                    LayoutDetailsMarker {DIV} at (22.53,4.45) size 10.55x10.55: down
                    LayoutText {#text} at (39,0) size 59x19
                      text run at (39,0) width 59: "summary"
                  LayoutBlockFlow {DIV} at (0,20) size 120x0
            LayoutTableCell {TD} at (232,104) size 124x124 [border: (1px solid #000000)] [r=3 c=3 rs=1 cs=1]
              LayoutBlockFlow {DIV} at (2,2) size 120x120
                LayoutBlockFlow {DETAILS} at (0,0) size 20x120
                  LayoutBlockFlow {SUMMARY} at (0,0) size 20x120
                    LayoutDetailsMarker {DIV} at (3.73,22.53) size 10.55x10.55: down
                    LayoutText {#text} at (0,39) size 19x59
                      text run at (0,39) width 58: "summary"
                LayoutBlockFlow {DETAILS} at (20,0) size 20x120
                  LayoutBlockFlow {SUMMARY} at (0,0) size 20x120
                    LayoutDetailsMarker {DIV} at (3.73,22.53) size 10.55x10.55: right
                    LayoutText {#text} at (0,39) size 19x59
                      text run at (0,39) width 58: "summary"
                  LayoutBlockFlow {DIV} at (20,0) size 0x120
            LayoutTableCell {TD} at (358,104) size 124x124 [border: (1px solid #000000)] [r=3 c=4 rs=1 cs=1]
              LayoutBlockFlow {DIV} at (2,2) size 120x120
                LayoutBlockFlow {DETAILS} at (0,0) size 20x120
                  LayoutBlockFlow {SUMMARY} at (0,0) size 20x120
                    LayoutDetailsMarker {DIV} at (4.72,22.53) size 10.55x10.55: down
                    LayoutText {#text} at (0,39) size 19x59
                      text run at (0,39) width 58: "summary"
                LayoutBlockFlow {DETAILS} at (20,0) size 20x120
                  LayoutBlockFlow {SUMMARY} at (0,0) size 20x120
                    LayoutDetailsMarker {DIV} at (4.72,22.53) size 10.55x10.55: left
                    LayoutText {#text} at (0,39) size 19x59
                      text run at (0,39) width 58: "summary"
                  LayoutBlockFlow {DIV} at (20,0) size 0x120
          LayoutTableRow {TR} at (0,230) size 484x124
            LayoutTableCell {TH} at (76,276) size 28x32 [border: (1px inset #808080)] [r=4 c=1 rs=1 cs=1]
              LayoutText {#text} at (6,6) size 16x19
                text run at (6,6) width 16: "rtl"
            LayoutTableCell {TD} at (106,230) size 124x124 [border: (1px solid #000000)] [r=4 c=2 rs=1 cs=1]
              LayoutBlockFlow {DIV} at (2,2) size 120x120
                LayoutBlockFlow {DETAILS} at (0,0) size 120x20
                  LayoutBlockFlow {SUMMARY} at (0,0) size 120x20
                    LayoutDetailsMarker {DIV} at (86.92,4.45) size 10.55x10.55: left
                    LayoutText {#text} at (22,0) size 59x19
                      text run at (22,0) width 59: "summary"
                LayoutBlockFlow {DETAILS} at (0,20) size 120x20
                  LayoutBlockFlow {SUMMARY} at (0,0) size 120x20
                    LayoutDetailsMarker {DIV} at (86.92,4.45) size 10.55x10.55: down
                    LayoutText {#text} at (22,0) size 59x19
                      text run at (22,0) width 59: "summary"
                  LayoutBlockFlow {DIV} at (0,20) size 120x0
            LayoutTableCell {TD} at (232,230) size 124x124 [border: (1px solid #000000)] [r=4 c=3 rs=1 cs=1]
              LayoutBlockFlow {DIV} at (2,2) size 120x120
                LayoutBlockFlow {DETAILS} at (0,0) size 20x120
                  LayoutBlockFlow {SUMMARY} at (0,0) size 20x120
                    LayoutDetailsMarker {DIV} at (3.73,86.92) size 10.55x10.55: up
                    LayoutText {#text} at (0,22) size 19x59
                      text run at (0,22) width 58: "summary"
                LayoutBlockFlow {DETAILS} at (20,0) size 20x120
                  LayoutBlockFlow {SUMMARY} at (0,0) size 20x120
                    LayoutDetailsMarker {DIV} at (3.73,86.92) size 10.55x10.55: right
                    LayoutText {#text} at (0,22) size 19x59
                      text run at (0,22) width 58: "summary"
                  LayoutBlockFlow {DIV} at (20,0) size 0x120
            LayoutTableCell {TD} at (358,230) size 124x124 [border: (1px solid #000000)] [r=4 c=4 rs=1 cs=1]
              LayoutBlockFlow {DIV} at (2,2) size 120x120
                LayoutBlockFlow {DETAILS} at (0,0) size 20x120
                  LayoutBlockFlow {SUMMARY} at (0,0) size 20x120
                    LayoutDetailsMarker {DIV} at (4.72,86.92) size 10.55x10.55: up
                    LayoutText {#text} at (0,22) size 19x59
                      text run at (0,22) width 58: "summary"
                LayoutBlockFlow {DETAILS} at (20,0) size 20x120
                  LayoutBlockFlow {SUMMARY} at (0,0) size 20x120
                    LayoutDetailsMarker {DIV} at (4.72,86.92) size 10.55x10.55: left
                    LayoutText {#text} at (0,22) size 19x59
                      text run at (0,22) width 58: "summary"
                  LayoutBlockFlow {DIV} at (20,0) size 0x120
