layer at (0,0) size 800x600 clip at (0,0) size 800x585 scrollWidth 2150
  LayoutView at (0,0) size 800x600
layer at (0,0) size 800x240
  LayoutBlockFlow {HTML} at (0,0) size 800x240
    LayoutBlockFlow {BODY} at (0,0) size 800x240
      LayoutBlockFlow {P} at (0,0) size 800x40
        LayoutText {#text} at (0,0) size 776x39
          text run at (0,0) width 776: "Opacity should be applied after reflection, so you should see a green rectangle below. The overlap between the original and"
          text run at (0,20) width 197: "reflection should not be visible."
layer at (0,40) size 2150x200 backgroundClip at (0,0) size 800x585 clip at (0,0) size 800x585 transparent
  LayoutBlockFlow (relative positioned) {DIV} at (0,40) size 2150x200 [bgcolor=#008000]
    LayoutText {#text} at (0,0) size 8x19
      text run at (0,0) width 8: "1"
