layer at (0,0) size 800x600
  LayoutView at (0,0) size 800x600
layer at (0,0) size 800x600
  LayoutBlockFlow {HTML} at (0,0) size 800x600
    LayoutBlockFlow {BODY} at (8,8) size 784x584
      LayoutTable {TABLE} at (0,0) size 144x52
        LayoutTableSection {TBODY} at (0,0) size 144x52
          LayoutTableRow {TR} at (0,2) size 144x48
            LayoutTableCell {TD} at (2,2) size 140x48 [r=0 c=0 rs=1 cs=1]
              LayoutBlockFlow (anonymous) at (1,1) size 138x0
                LayoutInline {SPAN} at (0,0) size 0x0
                  LayoutText {#text} at (0,0) size 0x0
                  LayoutInline {SPAN} at (0,0) size 0x0
                    LayoutText {#text} at (0,0) size 0x0
                    LayoutText {#text} at (0,0) size 0x0
              LayoutBlockFlow (anonymous) at (1,1) size 138x46
                LayoutTable {TABLE} at (0,0) size 138x46
                  LayoutTableSection {TBODY} at (0,0) size 138x46
                    LayoutTableRow {TR} at (0,2) size 138x42
                      LayoutTableCell {TD} at (2,2) size 134x42 [r=0 c=0 rs=1 cs=1]
                        LayoutTable (floating) {TABLE} at (1,1) size 132x40
                          LayoutTableSection {TBODY} at (0,0) size 132x40
                            LayoutTableRow {TR} at (0,2) size 132x36
                              LayoutTableCell {TD} at (2,2) size 128x36 [r=0 c=0 rs=1 cs=1]
                                LayoutBlockFlow {FORM} at (1,1) size 126x18
                                  LayoutButton {INPUT} at (0,0) size 125.34x18 [bgcolor=#C0C0C0]
                                    LayoutBlockFlow (anonymous) at (8,2) size 109.34x13
                                      LayoutText {#text} at (0,0) size 110x13
                                        text run at (0,0) width 110: "ApplyForThisPosition"
                                  LayoutText {#text} at (0,0) size 0x0
              LayoutBlockFlow (anonymous) at (1,47) size 138x0
                LayoutInline {SPAN} at (0,0) size 0x0
                  LayoutInline {SPAN} at (0,0) size 0x0
                  LayoutText {#text} at (0,0) size 0x0
                LayoutText {#text} at (0,0) size 0x0
