layer at (0,0) size 800x600
  LayoutView at (0,0) size 800x600
layer at (0,0) size 800x600
  LayoutBlockFlow {HTML} at (0,0) size 800x600
    LayoutBlockFlow {BODY} at (8,8) size 784x584
      LayoutBlockFlow (anonymous) at (0,0) size 784x18
        LayoutText {#text} at (0,0) size 497x18
          text run at (0,0) width 497: "BUG: Inside a cell, \"height:x%\" is ignored. It looks like 'auto' is used instead."
        LayoutBR {BR} at (496,14) size 1x0
      LayoutListItem {LI} at (0,18) size 784x18
        LayoutListMarker (anonymous) at (-1,0) size 7x18: bullet
        LayoutText {#text} at (22,0) size 265x18
          text run at (22,0) width 265: "Absolute units work correctly (eg. 50px)."
      LayoutListItem {LI} at (0,36) size 784x490
        LayoutBlockFlow (anonymous) at (0,0) size 784x18
          LayoutListMarker (anonymous) at (-1,0) size 7x18: bullet
          LayoutText {#text} at (22,0) size 183x18
            text run at (22,0) width 183: "\"width:x%\" works correctly."
        LayoutBlockFlow {HR} at (0,26) size 784x2 [border: (1px inset #EEEEEE)]
        LayoutTable {TABLE} at (0,36) size 784x100
          LayoutTableSection {TBODY} at (0,0) size 784x100
            LayoutTableRow {TR} at (0,2) size 784x96
              LayoutTableCell {TD} at (2,11) size 780x77 [bgcolor=#FF0000] [r=0 c=0 rs=1 cs=1]
                LayoutText {#text} at (0,0) size 0x0
        LayoutBlockFlow {HR} at (0,144) size 784x2 [border: (1px inset #EEEEEE)]
        LayoutTable {TABLE} at (0,154) size 784x100
          LayoutTableSection {TBODY} at (0,0) size 784x100
            LayoutTableRow {TR} at (0,2) size 784x96
              LayoutTableCell {TD} at (2,9) size 780x82 [bgcolor=#FF0000] [r=0 c=0 rs=1 cs=1]
                LayoutText {#text} at (0,0) size 0x0
        LayoutBlockFlow {HR} at (0,262) size 784x2 [border: (1px inset #EEEEEE)]
        LayoutTable {TABLE} at (0,272) size 784x100
          LayoutTableSection {TBODY} at (0,0) size 784x100
            LayoutTableRow {TR} at (0,2) size 784x96
              LayoutTableCell {TD} at (2,11) size 780x77.19 [bgcolor=#FF0000] [r=0 c=0 rs=1 cs=1]
                LayoutBlockFlow {P} at (1,1) size 622.39x75.19 [bgcolor=#FFFFE0]
                  LayoutText {#text} at (0,0) size 232x18
                    text run at (0,0) width 232: "BUG: the height of the P is not 80%"
        LayoutBlockFlow {HR} at (0,380) size 784x2 [border: (1px inset #EEEEEE)]
        LayoutTable {TABLE} at (0,390) size 784x100
          LayoutTableSection {TBODY} at (0,0) size 784x100
            LayoutTableRow {TR} at (0,2) size 784x96
              LayoutTableCell {TD} at (2,9) size 780x82 [bgcolor=#FF0000] [r=0 c=0 rs=1 cs=1]
                LayoutBlockFlow {P} at (1,1) size 622.39x80 [bgcolor=#FFFFE0]
                  LayoutText {#text} at (0,0) size 226x18
                    text run at (0,0) width 226: "OK: the height of the P is 80 pixels"
layer at (11,92) size 622x75 clip at (12,93) size 620x73
  LayoutTextControl {TEXTAREA} at (1,1) size 622.39x75.19 [bgcolor=#FFFFFF] [border: (1px solid #000000)]
    LayoutBlockFlow {DIV} at (3,3) size 616.39x13
      LayoutText {#text} at (0,0) size 219x13
        text run at (0,0) width 219: "BUG: the height of the textarea is not 80%"
layer at (11,208) size 622x80 clip at (12,209) size 620x78
  LayoutTextControl {TEXTAREA} at (1,1) size 622.39x80 [bgcolor=#FFFFFF] [border: (1px solid #000000)]
    LayoutBlockFlow {DIV} at (3,3) size 616.39x13
      LayoutText {#text} at (0,0) size 216x13
        text run at (0,0) width 216: "OK: the height of the textarea is 80 pixels"
