layer at (0,0) size 800x600 scrollHeight 604
  LayoutView at (0,0) size 800x600
layer at (0,0) size 800x604 backgroundClip at (0,0) size 800x600 clip at (0,0) size 800x600
  LayoutBlockFlow {HTML} at (0,0) size 800x604
    LayoutBlockFlow {BODY} at (8,8) size 784x588 [bgcolor=#FFFFFF]
      LayoutTable {TABLE} at (0,0) size 308x52 [border: (1px outset #808080)]
        LayoutTableCol {COLGROUP} at (0,0) size 0x0
          LayoutTableCol {COL} at (0,0) size 0x0
          LayoutTableCol {COL} at (0,0) size 0x0
        LayoutTableSection {TBODY} at (1,1) size 306x50
          LayoutTableRow {TR} at (0,2) size 306x22
          LayoutTableRow {TR} at (0,26) size 306x22
      LayoutTable {TABLE} at (0,52) size 308x52 [border: (1px outset #808080)]
        LayoutTableCol {COLGROUP} at (0,0) size 0x0
          LayoutTableCol {COL} at (0,0) size 0x0
          LayoutTableCol {COL} at (0,0) size 0x0
        LayoutTableSection {TBODY} at (1,1) size 306x50
          LayoutTableRow {TR} at (0,2) size 306x22
          LayoutTableRow {TR} at (0,26) size 306x22
      LayoutTable {TABLE} at (0,104) size 300x52 [border: (1px outset #808080)]
        LayoutTableSection {TBODY} at (1,1) size 298x50
          LayoutTableRow {TR} at (0,2) size 298x22
          LayoutTableRow {TR} at (0,26) size 298x22
      LayoutTable {TABLE} at (0,156) size 300x52 [border: (1px outset #808080)]
        LayoutTableSection {TBODY} at (1,1) size 298x50
          LayoutTableRow {TR} at (0,2) size 298x22
          LayoutTableRow {TR} at (0,26) size 298x22
      LayoutTable {TABLE} at (0,208) size 300x53 [border: (1px outset #808080)]
        LayoutTableSection {TBODY} at (1,1) size 298x51
          LayoutTableRow {TR} at (0,2) size 298x23
          LayoutTableRow {TR} at (0,27) size 298x22
      LayoutTable {TABLE} at (0,261) size 300x53 [border: (1px outset #808080)]
        LayoutTableSection {TBODY} at (1,1) size 298x51
          LayoutTableRow {TR} at (0,2) size 298x23
          LayoutTableRow {TR} at (0,27) size 298x22
      LayoutTable {TABLE} at (0,314) size 300x94 [border: (1px outset #808080)]
        LayoutTableSection {TBODY} at (1,1) size 298x92
          LayoutTableRow {TR} at (0,2) size 298x46
          LayoutTableRow {TR} at (0,50) size 298x40
      LayoutTable {TABLE} at (0,498) size 300x90 [border: (1px outset #808080)]
        LayoutTableSection {TBODY} at (1,1) size 298x88
          LayoutTableRow {TR} at (0,2) size 298x60
          LayoutTableRow {TR} at (0,64) size 298x22
layer at (11,11) size 200x22 clip at (12,12) size 198x20
  LayoutTableCell {TD} at (2,2) size 200x22 [bgcolor=#0000FF] [border: (1px inset #808080)] [r=0 c=0 rs=1 cs=1]
    LayoutText {#text} at (2,2) size 4x18
      text run at (2,2) width 4: " "
layer at (213,11) size 100x22 clip at (214,12) size 98x20
  LayoutTableCell {TD} at (204,2) size 100x22 [bgcolor=#0000FF] [border: (1px inset #808080)] [r=0 c=1 rs=1 cs=1]
    LayoutText {#text} at (2,2) size 4x18
      text run at (2,2) width 4: " "
layer at (11,35) size 200x22 clip at (12,36) size 198x20
  LayoutTableCell {TD} at (2,26) size 200x22 [bgcolor=#0000FF] [border: (1px inset #808080)] [r=1 c=0 rs=1 cs=1]
    LayoutText {#text} at (2,2) size 4x18
      text run at (2,2) width 4: " "
layer at (213,35) size 100x22 clip at (214,36) size 98x20
  LayoutTableCell {TD} at (204,26) size 100x22 [bgcolor=#0000FF] [border: (1px inset #808080)] [r=1 c=1 rs=1 cs=1]
    LayoutText {#text} at (2,2) size 4x18
      text run at (2,2) width 4: " "
layer at (11,63) size 200x22 clip at (12,64) size 198x20
  LayoutTableCell {TD} at (2,2) size 200x22 [bgcolor=#0000FF] [border: (1px inset #808080)] [r=0 c=0 rs=1 cs=1]
    LayoutText {#text} at (2,2) size 4x18
      text run at (2,2) width 4: " "
layer at (213,63) size 100x22 clip at (214,64) size 98x20
  LayoutTableCell {TD} at (204,2) size 100x22 [bgcolor=#0000FF] [border: (1px inset #808080)] [r=0 c=1 rs=1 cs=1]
    LayoutText {#text} at (2,2) size 4x18
      text run at (2,2) width 4: " "
layer at (11,87) size 200x22 clip at (12,88) size 198x20
  LayoutTableCell {TD} at (2,26) size 200x22 [bgcolor=#0000FF] [border: (1px inset #808080)] [r=1 c=0 rs=1 cs=1]
    LayoutText {#text} at (2,2) size 4x18
      text run at (2,2) width 4: " "
layer at (213,87) size 100x22 clip at (214,88) size 98x20
  LayoutTableCell {TD} at (204,26) size 100x22 [bgcolor=#0000FF] [border: (1px inset #808080)] [r=1 c=1 rs=1 cs=1]
    LayoutText {#text} at (2,2) size 4x18
      text run at (2,2) width 4: " "
layer at (11,115) size 233x22 clip at (12,116) size 231x20
  LayoutTableCell {TD} at (2,2) size 233x22 [bgcolor=#0000FF] [border: (1px inset #808080)] [r=0 c=0 rs=1 cs=1]
    LayoutText {#text} at (2,2) size 4x18
      text run at (2,2) width 4: " "
layer at (246,115) size 59x22 clip at (247,116) size 57x20
  LayoutTableCell {TD} at (237,2) size 59x22 [bgcolor=#0000FF] [border: (1px inset #808080)] [r=0 c=1 rs=1 cs=1]
    LayoutText {#text} at (2,2) size 4x18
      text run at (2,2) width 4: " "
layer at (11,139) size 233x22 clip at (12,140) size 231x20
  LayoutTableCell {TD} at (2,26) size 233x22 [bgcolor=#0000FF] [border: (1px inset #808080)] [r=1 c=0 rs=1 cs=1]
    LayoutText {#text} at (2,2) size 4x18
      text run at (2,2) width 4: " "
layer at (246,139) size 59x22 clip at (247,140) size 57x20
  LayoutTableCell {TD} at (237,26) size 59x22 [bgcolor=#0000FF] [border: (1px inset #808080)] [r=1 c=1 rs=1 cs=1]
    LayoutText {#text} at (2,2) size 4x18
      text run at (2,2) width 4: " "
layer at (11,167) size 154x22 clip at (12,168) size 152x20
  LayoutTableCell {TD} at (2,2) size 154x22 [bgcolor=#0000FF] [border: (1px inset #808080)] [r=0 c=0 rs=1 cs=1]
    LayoutText {#text} at (2,2) size 4x18
      text run at (2,2) width 4: " "
layer at (167,167) size 138x22 clip at (168,168) size 136x20
  LayoutTableCell {TD} at (158,2) size 138x22 [bgcolor=#0000FF] [border: (1px inset #808080)] [r=0 c=1 rs=1 cs=1]
    LayoutText {#text} at (2,2) size 4x18
      text run at (2,2) width 4: " "
layer at (11,191) size 154x22 clip at (12,192) size 152x20
  LayoutTableCell {TD} at (2,26) size 154x22 [bgcolor=#0000FF] [border: (1px inset #808080)] [r=1 c=0 rs=1 cs=1]
    LayoutText {#text} at (2,2) size 4x18
      text run at (2,2) width 4: " "
layer at (167,191) size 138x22 clip at (168,192) size 136x20
  LayoutTableCell {TD} at (158,26) size 138x22 [bgcolor=#0000FF] [border: (1px inset #808080)] [r=1 c=1 rs=1 cs=1]
    LayoutText {#text} at (2,2) size 4x18
      text run at (2,2) width 4: " "
layer at (11,219) size 154x23 clip at (12,220) size 152x21 scrollWidth 201
  LayoutTableCell {TD} at (2,2) size 154x23 [bgcolor=#0000FF] [border: (1px inset #808080)] [r=0 c=0 rs=1 cs=1]
    LayoutBlockFlow {FORM} at (2,2) size 150x19
      LayoutButton {BUTTON} at (0,1) size 200x18 [bgcolor=#C0C0C0] [border: none (2px outset #C0C0C0) none (2px outset #C0C0C0)]
        LayoutBlockFlow (anonymous) at (8,2) size 184x13
          LayoutText {#text} at (75,0) size 34x13
            text run at (75,0) width 34: "button"
layer at (167,219) size 138x23 clip at (168,220) size 136x21
  LayoutTableCell {TD} at (158,2) size 138x22 [bgcolor=#0000FF] [border: (1px inset #808080)] [r=0 c=1 rs=1 cs=1]
    LayoutText {#text} at (2,2) size 4x18
      text run at (2,2) width 4: " "
layer at (11,244) size 154x22 clip at (12,245) size 152x20
  LayoutTableCell {TD} at (2,27) size 154x22 [bgcolor=#0000FF] [border: (1px inset #808080)] [r=1 c=0 rs=1 cs=1]
    LayoutText {#text} at (2,2) size 4x18
      text run at (2,2) width 4: " "
layer at (167,244) size 138x22 clip at (168,245) size 136x20
  LayoutTableCell {TD} at (158,27) size 138x22 [bgcolor=#0000FF] [border: (1px inset #808080)] [r=1 c=1 rs=1 cs=1]
    LayoutText {#text} at (2,2) size 4x18
      text run at (2,2) width 4: " "
layer at (11,272) size 280x23 clip at (12,273) size 278x21
  LayoutTableCell {TD} at (2,2) size 280x23 [bgcolor=#0000FF] [border: (1px inset #808080)] [r=0 c=0 rs=1 cs=1]
    LayoutBlockFlow {FORM} at (2,2) size 276x19
      LayoutButton {BUTTON} at (0,1) size 200x18 [bgcolor=#C0C0C0] [border: none (2px outset #C0C0C0) none (2px outset #C0C0C0)]
        LayoutBlockFlow (anonymous) at (8,2) size 184x13
          LayoutText {#text} at (75,0) size 34x13
            text run at (75,0) width 34: "button"
layer at (293,272) size 12x23 clip at (294,273) size 10x21
  LayoutTableCell {TD} at (284,2) size 12x22 [bgcolor=#0000FF] [border: (1px inset #808080)] [r=0 c=1 rs=1 cs=1]
    LayoutText {#text} at (2,2) size 4x18
      text run at (2,2) width 4: " "
layer at (11,297) size 280x22 clip at (12,298) size 278x20
  LayoutTableCell {TD} at (2,27) size 280x22 [bgcolor=#0000FF] [border: (1px inset #808080)] [r=1 c=0 rs=1 cs=1]
    LayoutText {#text} at (2,2) size 4x18
      text run at (2,2) width 4: " "
layer at (293,297) size 12x22 clip at (294,298) size 10x20
  LayoutTableCell {TD} at (284,27) size 12x22 [bgcolor=#0000FF] [border: (1px inset #808080)] [r=1 c=1 rs=1 cs=1]
    LayoutText {#text} at (2,2) size 4x18
      text run at (2,2) width 4: " "
layer at (11,325) size 172x46 clip at (12,326) size 170x44 scrollWidth 216
  LayoutTableCell {TD} at (2,2) size 172x46 [bgcolor=#0000FF] [border: (1px inset #808080)] [r=0 c=0 rs=1 cs=1]
    LayoutBlockFlow {DIV} at (11,11) size 206x24 [border: (3px solid #000000)]
      LayoutText {#text} at (3,3) size 21x18
        text run at (3,3) width 21: "div"
layer at (185,325) size 120x46 clip at (186,326) size 118x44
  LayoutTableCell {TD} at (176,5) size 120x40 [bgcolor=#0000FF] [border: (1px inset #808080)] [r=0 c=1 rs=1 cs=1]
    LayoutText {#text} at (11,11) size 4x18
      text run at (11,11) width 4: " "
layer at (11,373) size 172x40 clip at (12,374) size 170x38
  LayoutTableCell {TD} at (2,50) size 172x40 [bgcolor=#0000FF] [border: (1px inset #808080)] [r=1 c=0 rs=1 cs=1]
    LayoutText {#text} at (11,11) size 4x18
      text run at (11,11) width 4: " "
layer at (185,373) size 120x40 clip at (186,374) size 118x38
  LayoutTableCell {TD} at (176,50) size 120x40 [bgcolor=#0000FF] [border: (1px inset #808080)] [r=1 c=1 rs=1 cs=1]
    LayoutText {#text} at (11,11) size 4x18
      text run at (11,11) width 4: " "
layer at (8,416) size 300x90 clip at (9,417) size 298x88
  LayoutTable {TABLE} at (0,408) size 300x90 [border: (1px outset #808080)]
    LayoutTableSection {TBODY} at (1,1) size 298x88
      LayoutTableRow {TR} at (0,2) size 298x60
      LayoutTableRow {TR} at (0,64) size 298x22
layer at (11,419) size 154x60 clip at (12,420) size 152x58 scrollWidth 207
  LayoutTableCell {TD} at (2,2) size 154x60 [bgcolor=#0000FF] [border: (1px inset #808080)] [r=0 c=0 rs=1 cs=1]
    LayoutBlockFlow {P} at (2,18) size 206x24 [border: (3px solid #000000)]
      LayoutText {#text} at (3,3) size 28x18
        text run at (3,3) width 28: "para"
layer at (167,419) size 138x60 clip at (168,420) size 136x58
  LayoutTableCell {TD} at (158,21) size 138x22 [bgcolor=#0000FF] [border: (1px inset #808080)] [r=0 c=1 rs=1 cs=1]
    LayoutText {#text} at (2,2) size 4x18
      text run at (2,2) width 4: " "
layer at (11,481) size 154x22 clip at (12,482) size 152x20
  LayoutTableCell {TD} at (2,64) size 154x22 [bgcolor=#0000FF] [border: (1px inset #808080)] [r=1 c=0 rs=1 cs=1]
    LayoutText {#text} at (2,2) size 4x18
      text run at (2,2) width 4: " "
layer at (167,481) size 138x22 clip at (168,482) size 136x20
  LayoutTableCell {TD} at (158,64) size 138x22 [bgcolor=#0000FF] [border: (1px inset #808080)] [r=1 c=1 rs=1 cs=1]
    LayoutText {#text} at (2,2) size 4x18
      text run at (2,2) width 4: " "
layer at (11,509) size 254x60 clip at (12,510) size 252x58
  LayoutTableCell {TD} at (2,2) size 254x60 [bgcolor=#0000FF] [border: (1px inset #808080)] [r=0 c=0 rs=1 cs=1]
    LayoutBlockFlow {P} at (2,18) size 206x24 [border: (3px solid #000000)]
      LayoutText {#text} at (3,3) size 28x18
        text run at (3,3) width 28: "para"
layer at (267,509) size 38x60 clip at (268,510) size 36x58
  LayoutTableCell {TD} at (258,21) size 38x22 [bgcolor=#0000FF] [border: (1px inset #808080)] [r=0 c=1 rs=1 cs=1]
    LayoutText {#text} at (2,2) size 4x18
      text run at (2,2) width 4: " "
layer at (11,571) size 254x22 clip at (12,572) size 252x20
  LayoutTableCell {TD} at (2,64) size 254x22 [bgcolor=#0000FF] [border: (1px inset #808080)] [r=1 c=0 rs=1 cs=1]
    LayoutText {#text} at (2,2) size 4x18
      text run at (2,2) width 4: " "
layer at (267,571) size 38x22 clip at (268,572) size 36x20
  LayoutTableCell {TD} at (258,64) size 38x22 [bgcolor=#0000FF] [border: (1px inset #808080)] [r=1 c=1 rs=1 cs=1]
    LayoutText {#text} at (2,2) size 4x18
      text run at (2,2) width 4: " "
