layer at (0,0) size 800x600
  LayoutView at (0,0) size 800x600
layer at (0,0) size 800x600
  LayoutBlockFlow {HTML} at (0,0) size 800x600
    LayoutBlockFlow {BODY} at (8,8) size 784x576
      LayoutBlockFlow (anonymous) at (0,0) size 784x18
        LayoutText {#text} at (0,0) size 245x18
          text run at (0,0) width 245: "The tables left position should be 250."
      LayoutBlockFlow {P} at (0,34) size 784x19
        LayoutText {#text} at (0,0) size 36x18
          text run at (0,0) width 36: "Left: "
        LayoutTextControl {INPUT} at (35.09,0) size 131x19 [bgcolor=#FFFFFF] [border: (2px inset #EEEEEE)]
      LayoutBlockFlow {P} at (0,69) size 784x19
        LayoutText {#text} at (0,0) size 34x18
          text run at (0,0) width 34: "Top: "
        LayoutTextControl {INPUT} at (33.09,0) size 131x19 [bgcolor=#FFFFFF] [border: (2px inset #EEEEEE)]
      LayoutBlockFlow {P} at (0,104) size 784x18
        LayoutButton {INPUT} at (0,0) size 43.94x18 [bgcolor=#C0C0C0]
          LayoutBlockFlow (anonymous) at (8,2) size 27.94x13
            LayoutText {#text} at (0,0) size 28x13
              text run at (0,0) width 28: "Move"
layer at (46,45) size 125x13
  LayoutBlockFlow {DIV} at (3,3) size 125x13
    LayoutText {#text} at (0,0) size 31x13
      text run at (0,0) width 31: "120px"
layer at (44,80) size 125x13
  LayoutBlockFlow {DIV} at (3,3) size 125x13
    LayoutText {#text} at (0,0) size 31x13
      text run at (0,0) width 31: "120px"
layer at (250,120) size 30x48
  LayoutTable (positioned) {TABLE} at (250,120) size 30x48 [border: (1px outset #808080)]
    LayoutTableSection {TBODY} at (1,1) size 28x46
      LayoutTableRow {TR} at (0,2) size 28x20
        LayoutTableCell {TD} at (2,2) size 24x20 [border: (1px inset #808080)] [r=0 c=0 rs=1 cs=1]
          LayoutText {#text} at (1,1) size 22x18
            text run at (1,1) width 22: "foo"
      LayoutTableRow {TR} at (0,24) size 28x20
        LayoutTableCell {TD} at (2,24) size 24x20 [border: (1px inset #808080)] [r=1 c=0 rs=1 cs=1]
          LayoutText {#text} at (1,1) size 21x18
            text run at (1,1) width 21: "bar"
