layer at (0,0) size 800x600 scrollWidth 984
  LayoutView at (0,0) size 800x600
layer at (0,0) size 800x600
  LayoutBlockFlow {HTML} at (0,0) size 800x600
    LayoutBlockFlow {BODY} at (8,8) size 784x584
      LayoutTable {TABLE} at (0,0) size 976x139 [border: (2px solid #0000FF)]
        LayoutTableSection {TBODY} at (2,2) size 972x135
          LayoutTableRow {TR} at (0,2) size 972x131
            LayoutTableCell {TD} at (2,2) size 210x131 [border: (1px solid #C0C0C0)] [r=0 c=0 rs=1 cs=1]
              LayoutTable {TABLE} at (2,2) size 206x127 [border: (2px solid #008000)]
                LayoutTableSection {TBODY} at (2,2) size 202x123
                  LayoutTableRow {TR} at (0,2) size 202x83
                    LayoutTableCell {TD} at (2,2) size 198x83 [border: (1px solid #C0C0C0)] [r=0 c=0 rs=1 cs=1]
                      LayoutTable {TABLE} at (2,2) size 143x31 [border: (2px solid #FF0000)]
                        LayoutTableSection {TBODY} at (2,2) size 139x27
                          LayoutTableRow {TR} at (0,2) size 139x23
                            LayoutTableCell {TD} at (2,2) size 135x23 [border: (1px solid #C0C0C0)] [r=0 c=0 rs=1 cs=1]
                              LayoutTextControl {INPUT} at (2,2) size 131x19 [bgcolor=#FFFFFF] [border: (2px inset #EEEEEE)]
                              LayoutText {#text} at (0,0) size 0x0
                      LayoutTable {TABLE} at (2,33) size 194x48 [border: (2px solid #FF0000)]
                        LayoutTableSection {TBODY} at (2,2) size 190x44
                          LayoutTableRow {TR} at (0,2) size 190x40
                            LayoutTableCell {TD} at (2,2) size 186x40 [border: (1px solid #C0C0C0)] [r=0 c=0 rs=1 cs=1]
                              LayoutText {#text} at (2,2) size 171x36
                                text run at (2,2) width 171: "THIS TABLE NEEDS TO"
                                text run at (2,20) width 67: "BE HERE"
                  LayoutTableRow {TR} at (0,87) size 202x34
                    LayoutTableCell {TD} at (2,87) size 198x34 [border: (1px solid #C0C0C0)] [r=1 c=0 rs=1 cs=1]
                      LayoutTable {TABLE} at (2,2) size 194x30 [border: (2px solid #FF0000)]
                        LayoutTableSection {TBODY} at (2,2) size 190x26
                          LayoutTableRow {TR} at (0,2) size 190x22
                            LayoutTableCell {TD} at (2,2) size 186x22 [border: (1px solid #C0C0C0)] [r=0 c=0 rs=1 cs=1]
                              LayoutMenuList {SELECT} at (2,2) size 182x18 [bgcolor=#F8F8F8]
                                LayoutBlockFlow (anonymous) at (0,0) size 182x18
                                  LayoutText (anonymous) at (8,2) size 151x13
                                    text run at (8,2) width 151: "USE THIS JAVASCRIPT HERE"
                              LayoutText {#text} at (0,0) size 0x0
            LayoutTableCell {TD} at (214,2) size 756x40 [border: (1px solid #C0C0C0)] [r=0 c=1 rs=1 cs=1]
              LayoutText {#text} at (2,2) size 752x36
                text run at (2,2) width 752: "KEEPoTHEoTEXToHEREoASoLONGoASoPOSSIBLEooKEEPoTHEoTEXToHEREoASoLONGoASoPOSSIBLE"
                text run at (2,20) width 602: "THIS SIMULATES THE PROBLEM ON THE WWW.MAPBLAST.COM/ \"CREATE MAP\""
layer at (29,29) size 125x13 scrollWidth 132
  LayoutBlockFlow {DIV} at (3,3) size 125x13
    LayoutText {#text} at (0,0) size 131x13
      text run at (0,0) width 131: "THIS NEEDS THIS VALUE"
