layer at (0,0) size 800x600
  LayoutView at (0,0) size 800x600
layer at (0,0) size 800x600
  LayoutBlockFlow {HTML} at (0,0) size 800x600
    LayoutBlockFlow {BODY} at (8,8) size 784x584
      LayoutText {#text} at (0,0) size 680x18
        text run at (0,0) width 680: "In the list box below, the text \"This text should appear\" should be shown as the first entry into the list box."
      LayoutBR {BR} at (679,14) size 1x0
      LayoutText {#text} at (0,0) size 0x0
layer at (8,26) size 140x73 clip at (9,27) size 127x71
  LayoutListBox {SELECT} at (0,18) size 140.30x72.94 [bgcolor=#FFFFFF] [border: (1px solid #999999)]
    LayoutBlockFlow {OPTION} at (1,1) size 127.30x14.19
      LayoutText {#text} at (2,0) size 124x13
        text run at (2,0) width 124: "This text should appear"
