layer at (0,0) size 800x600
  LayoutView at (0,0) size 800x600
layer at (0,0) size 800x600
  LayoutBlockFlow {HTML} at (0,0) size 800x600
    LayoutBlockFlow {BODY} at (8,8) size 784x584
      LayoutText {#text} at (0,0) size 755x36
        text run at (0,0) width 755: "The select item below has a label specified, and enclosed text that is whitespace. There should be no text shown in the"
        text run at (0,18) width 69: "select box."
      LayoutBR {BR} at (68,32) size 1x0
      LayoutMenuList {SELECT} at (0,36) size 36x18 [bgcolor=#F8F8F8]
        LayoutBlockFlow (anonymous) at (0,0) size 36x18
          LayoutText (anonymous) at (8,2) size 4x13
            text run at (8,2) width 4: " "
      LayoutText {#text} at (0,0) size 0x0
