layer at (0,0) size 800x600
  LayoutView at (0,0) size 800x600
layer at (0,0) size 800x174
  LayoutBlockFlow {HTML} at (0,0) size 800x173.50
    LayoutBlockFlow {BODY} at (8,16) size 784x149.50
      LayoutBlockFlow {P} at (0,0) size 784x18
        LayoutText {#text} at (0,0) size 608x18
          text run at (0,0) width 608: "The select list box should not display items (options and optgroups) with style \"display: none\"."
      LayoutBlockFlow (anonymous) at (0,34) size 784x115.50
        LayoutText {#text} at (48,97) size 5x19
          text run at (48,97) width 5: " "
        LayoutText {#text} at (116,97) size 5x19
          text run at (116,97) width 5: " "
        LayoutText {#text} at (184,97) size 5x19
          text run at (184,97) width 5: " "
        LayoutText {#text} at (237,97) size 5x19
          text run at (237,97) width 5: " "
        LayoutText {#text} at (290,97) size 5x19
          text run at (290,97) width 5: " "
        LayoutText {#text} at (0,0) size 0x0
layer at (8,64) size 49x102 clip at (9,65) size 36x100
  LayoutListBox {SELECT} at (0,14.19) size 48.97x101.31 [bgcolor=#FFFFFF] [border: (1px solid #999999)]
    LayoutBlockFlow {OPTION} at (1,1) size 35.97x14.19
      LayoutText {#text} at (2,0) size 22x13
        text run at (2,0) width 22: "One"
    LayoutBlockFlow {OPTION} at (1,15.19) size 35.97x14.19
      LayoutText {#text} at (2,0) size 22x13
        text run at (2,0) width 22: "Two"
    LayoutBlockFlow {OPTION} at (1,29.38) size 35.97x14.19
      LayoutText {#text} at (2,0) size 31x13
        text run at (2,0) width 31: "Three"
    LayoutBlockFlow {OPTION} at (1,43.56) size 35.97x14.19
      LayoutText {#text} at (2,0) size 22x13
        text run at (2,0) width 22: "Five"
    LayoutBlockFlow {OPTION} at (1,57.75) size 35.97x14.19
      LayoutText {#text} at (2,0) size 16x13
        text run at (2,0) width 16: "Six"
    LayoutBlockFlow {OPTION} at (1,71.94) size 35.97x14.19
      LayoutText {#text} at (2,0) size 32x13
        text run at (2,0) width 32: "Seven"
layer at (61,64) size 64x102 clip at (62,65) size 51x100
  LayoutListBox {SELECT} at (52.97,14.19) size 63.88x101.31 [bgcolor=#FFFFFF] [border: (1px solid #999999)]
    LayoutBlockFlow {OPTION} at (1,1) size 50.88x14.19
      LayoutText {#text} at (2,0) size 22x13
        text run at (2,0) width 22: "One"
    LayoutBlockFlow {OPTION} at (1,15.19) size 50.88x14.19
      LayoutText {#text} at (2,0) size 22x13
        text run at (2,0) width 22: "Two"
    LayoutBlockFlow {OPTION} at (1,29.38) size 50.88x14.19
      LayoutText {#text} at (2,0) size 31x13
        text run at (2,0) width 31: "Three"
    LayoutBlockFlow {OPTGROUP} at (1,43.56) size 50.88x28.38
      LayoutBlockFlow {DIV} at (0,0) size 50.88x14.19
        LayoutText {#text} at (2,0) size 47x13
          text run at (2,0) width 47: "***45***"
      LayoutBlockFlow {OPTION} at (0,14.19) size 50.88x14.19
        LayoutInline {<pseudo:before>} at (0,0) size 13x13
          LayoutTextFragment (anonymous) at (2,0) size 13x13
            text run at (2,0) width 13: "    "
        LayoutText {#text} at (14,0) size 22x13
          text run at (14,0) width 22: "Five"
    LayoutBlockFlow {OPTION} at (1,71.94) size 50.88x14.19
      LayoutText {#text} at (2,0) size 32x13
        text run at (2,0) width 32: "Seven"
layer at (129,64) size 64x102 clip at (130,65) size 51x100
  LayoutListBox {SELECT} at (120.84,14.19) size 63.88x101.31 [bgcolor=#FFFFFF] [border: (1px solid #999999)]
    LayoutBlockFlow {OPTION} at (1,1) size 50.88x14.19
      LayoutText {#text} at (2,0) size 22x13
        text run at (2,0) width 22: "One"
    LayoutBlockFlow {OPTION} at (1,15.19) size 50.88x14.19
      LayoutText {#text} at (2,0) size 22x13
        text run at (2,0) width 22: "Two"
    LayoutBlockFlow {OPTGROUP} at (1,29.38) size 50.88x28.38
      LayoutBlockFlow {DIV} at (0,0) size 50.88x14.19
        LayoutText {#text} at (2,0) size 47x13
          text run at (2,0) width 47: "***45***"
      LayoutBlockFlow {OPTION} at (0,14.19) size 50.88x14.19
        LayoutInline {<pseudo:before>} at (0,0) size 13x13
          LayoutTextFragment (anonymous) at (2,0) size 13x13
            text run at (2,0) width 13: "    "
        LayoutText {#text} at (14,0) size 25x13
          text run at (14,0) width 25: "Four"
    LayoutBlockFlow {OPTION} at (1,57.75) size 50.88x14.19
      LayoutText {#text} at (2,0) size 16x13
        text run at (2,0) width 16: "Six"
    LayoutBlockFlow {OPTION} at (1,71.94) size 50.88x14.19
      LayoutText {#text} at (2,0) size 32x13
        text run at (2,0) width 32: "Seven"
layer at (197,50) size 49x116 clip at (198,51) size 36x114
  LayoutListBox {SELECT} at (188.72,0) size 48.97x115.50 [bgcolor=#FFFFFF] [border: (1px solid #999999)]
    LayoutBlockFlow {OPTION} at (1,1) size 35.97x14.19
      LayoutText {#text} at (2,0) size 22x13
        text run at (2,0) width 22: "One"
    LayoutBlockFlow {OPTION} at (1,15.19) size 35.97x14.19
      LayoutText {#text} at (2,0) size 22x13
        text run at (2,0) width 22: "Two"
    LayoutBlockFlow {OPTION} at (1,29.38) size 35.97x14.19
      LayoutText {#text} at (2,0) size 31x13
        text run at (2,0) width 31: "Three"
    LayoutBlockFlow {OPTION} at (1,43.56) size 35.97x14.19
      LayoutText {#text} at (2,0) size 32x13
        text run at (2,0) width 32: "Seven"
layer at (250,50) size 49x116 clip at (251,51) size 36x114
  LayoutListBox {SELECT} at (241.69,0) size 48.97x115.50 [bgcolor=#FFFFFF] [border: (1px solid #999999)]
    LayoutBlockFlow {OPTION} at (1,1) size 35.97x14.19
      LayoutText {#text} at (2,0) size 22x13
        text run at (2,0) width 22: "One"
    LayoutBlockFlow {OPTION} at (1,15.19) size 35.97x14.19
      LayoutText {#text} at (2,0) size 22x13
        text run at (2,0) width 22: "Two"
    LayoutBlockFlow {OPTION} at (1,29.38) size 35.97x14.19
      LayoutText {#text} at (2,0) size 31x13
        text run at (2,0) width 31: "Three"
    LayoutBlockFlow {OPTION} at (1,43.56) size 35.97x14.19
      LayoutText {#text} at (2,0) size 32x13
        text run at (2,0) width 32: "Seven"
layer at (303,50) size 60x116 clip at (304,51) size 47x114
  LayoutListBox {SELECT} at (294.66,0) size 60.70x115.50 [bgcolor=#FFFFFF] [border: (1px solid #999999)]
    LayoutBlockFlow {OPTION} at (1,1) size 47.70x14.19
      LayoutText {#text} at (2,0) size 22x13
        text run at (2,0) width 22: "One"
    LayoutBlockFlow {OPTION} at (1,15.19) size 47.70x14.19
      LayoutText {#text} at (2,0) size 22x13
        text run at (2,0) width 22: "Two"
    LayoutBlockFlow {OPTION} at (1,29.38) size 47.70x14.19
      LayoutText {#text} at (2,0) size 31x13
        text run at (2,0) width 31: "Three"
    LayoutBlockFlow {OPTGROUP} at (1,43.56) size 47.70x56.75
      LayoutBlockFlow {DIV} at (0,0) size 47.70x14.19
        LayoutText {#text} at (2,0) size 44x13
          text run at (2,0) width 44: "**456**"
      LayoutBlockFlow {OPTION} at (0,14.19) size 47.70x14.19
        LayoutInline {<pseudo:before>} at (0,0) size 13x13
          LayoutTextFragment (anonymous) at (2,0) size 13x13
            text run at (2,0) width 13: "    "
        LayoutText {#text} at (14,0) size 25x13
          text run at (14,0) width 25: "Four"
      LayoutBlockFlow {OPTION} at (0,28.38) size 47.70x14.19
        LayoutInline {<pseudo:before>} at (0,0) size 13x13
          LayoutTextFragment (anonymous) at (2,0) size 13x13
            text run at (2,0) width 13: "    "
        LayoutText {#text} at (14,0) size 22x13
          text run at (14,0) width 22: "Five"
      LayoutBlockFlow {OPTION} at (0,42.56) size 47.70x14.19
        LayoutInline {<pseudo:before>} at (0,0) size 13x13
          LayoutTextFragment (anonymous) at (2,0) size 13x13
            text run at (2,0) width 13: "    "
        LayoutText {#text} at (14,0) size 17x13
          text run at (14,0) width 17: "Six"
    LayoutBlockFlow {OPTION} at (1,100.31) size 47.70x14.19
      LayoutText {#text} at (2,0) size 32x13
        text run at (2,0) width 32: "Seven"
