layer at (0,0) size 800x600
  LayoutView at (0,0) size 800x600
layer at (0,0) size 800x600
  LayoutBlockFlow {HTML} at (0,0) size 800x600
    LayoutBlockFlow {BODY} at (8,8) size 784x584
      LayoutBlockFlow {DIV} at (0,0) size 784x6 [border: (3px solid #FFFFFF)]
      LayoutBlockFlow (anonymous) at (0,6) size 784x18
        LayoutMenuList {SELECT} at (0,0) size 28x18 [bgcolor=#F8F8F8] [border: (1px solid #008000)]
          LayoutBlockFlow (anonymous) at (1,1) size 26x16
            LayoutText (anonymous) at (8,1) size 4x13
              text run at (8,1) width 4: " "
        LayoutText {#text} at (0,0) size 0x0
