layer at (0,0) size 800x600
  LayoutView at (0,0) size 800x600
layer at (0,0) size 800x600
  LayoutBlockFlow {HTML} at (0,0) size 800x600
    LayoutBlockFlow {BODY} at (8,8) size 784x584
      LayoutText {#text} at (0,0) size 511x18
        text run at (0,0) width 511: "This tests that select elements with a narrow width (1px) are rendered correctly."
      LayoutBR {BR} at (510,14) size 1x0
      LayoutMenuList {SELECT} at (0,18) size 1x18 [bgcolor=#F8F8F8]
        LayoutBlockFlow (anonymous) at (0,0) size 31x18
          LayoutText (anonymous) at (8,2) size 19x13
            text run at (8,2) width 19: "test"
      LayoutBR {BR} at (1,31) size 0x0
      LayoutMenuList {SELECT} at (0,36) size 2x18 [bgcolor=#0000FF] [border: (1px solid #A6A6A6)]
        LayoutBlockFlow (anonymous) at (1,1) size 29x16
          LayoutText (anonymous) at (8,1) size 19x13
            text run at (8,1) width 19: "test"
      LayoutText {#text} at (0,0) size 0x0
