layer at (0,0) size 800x600
  LayoutView at (0,0) size 800x600
layer at (0,0) size 800x600
  LayoutBlockFlow {HTML} at (0,0) size 800x600
    LayoutBlockFlow {BODY} at (8,8) size 784x584
      LayoutText {#text} at (0,0) size 717x18
        text run at (0,0) width 717: "This tests that the option text is clipped properly, and doesn't spill over into the arrow part of the popup control. "
      LayoutBR {BR} at (716,14) size 1x0
      LayoutMenuList {SELECT} at (0,18) size 150x18 [bgcolor=#F8F8F8]
        LayoutBlockFlow (anonymous) at (0,0) size 150x18
          LayoutText (anonymous) at (8,2) size 131x13
            text run at (8,2) width 131: "12345 6789 ABCD EFGH"
      LayoutText {#text} at (0,0) size 0x0
