layer at (0,0) size 800x600
  LayoutView at (0,0) size 800x600
layer at (0,0) size 800x35
  LayoutBlockFlow {HTML} at (0,0) size 800x35
    LayoutBlockFlow {BODY} at (8,8) size 784x19
      LayoutMenuList {SELECT} at (0,1) size 36x18 [bgcolor=#F8F8F8]
        LayoutBlockFlow (anonymous) at (0,0) size 36x18
          LayoutText (anonymous) at (8,2) size 4x13
            text run at (8,2) width 4: " "
      LayoutText {#text} at (0,0) size 0x0
