layer at (0,0) size 800x600
  LayoutView at (0,0) size 800x600
layer at (0,0) size 800x600
  LayoutBlockFlow {HTML} at (0,0) size 800x600
    LayoutBlockFlow {BODY} at (8,8) size 784x576
      LayoutBlockFlow {P} at (0,0) size 784x36
        LayoutText {#text} at (0,0) size 54x18
          text run at (0,0) width 54: "Test for "
        LayoutInline {I} at (0,0) size 778x36
          LayoutInline {A} at (0,0) size 305x18 [color=#0000EE]
            LayoutText {#text} at (53,0) size 305x18
              text run at (53,0) width 305: "http://bugs.webkit.org/show_bug.cgi?id=13896"
          LayoutText {#text} at (357,0) size 778x36
            text run at (357,0) width 5: " "
            text run at (361,0) width 417: "REGRESSION (NativePopup): Reproductible crasher on Google"
            text run at (0,18) width 124: "Coop control panel"
        LayoutText {#text} at (123,18) size 5x18
          text run at (123,18) width 5: "."
      LayoutBlockFlow {P} at (0,52) size 784x18
        LayoutText {#text} at (0,0) size 180x18
          text run at (0,0) width 180: "No crash means SUCCESS."
