layer at (0,0) size 800x600
  LayoutView at (0,0) size 800x600
layer at (0,0) size 800x600
  LayoutBlockFlow {HTML} at (0,0) size 800x600
    LayoutBlockFlow {BODY} at (8,8) size 784x584
      LayoutText {#text} at (0,0) size 474x18
        text run at (0,0) width 474: "This tests that empty select controls and buttons have the correct baseline."
      LayoutBR {BR} at (473,14) size 1x0
      LayoutMenuList {SELECT} at (0,19) size 36x18 [bgcolor=#F8F8F8]
        LayoutBlockFlow (anonymous) at (0,0) size 36x18
          LayoutText (anonymous) at (8,2) size 4x13
            text run at (8,2) width 4: " "
      LayoutText {#text} at (36,18) size 31x18
        text run at (36,18) width 31: " test "
      LayoutMenuList {SELECT} at (66.22,19) size 52x18 [bgcolor=#F8F8F8]
        LayoutBlockFlow (anonymous) at (0,0) size 52x18
          LayoutText (anonymous) at (8,2) size 21x13
            text run at (8,2) width 21: "test"
      LayoutText {#text} at (118,18) size 5x18
        text run at (118,18) width 5: " "
      LayoutMenuList {SELECT} at (122.22,19) size 28x18 [color=#00008B] [bgcolor=#ADD8E6] [border: (1px solid #A6A6A6)]
        LayoutBlockFlow (anonymous) at (1,1) size 26x16
          LayoutText (anonymous) at (8,1) size 4x13
            text run at (8,1) width 4: " "
      LayoutText {#text} at (150,18) size 31x18
        text run at (150,18) width 31: " test "
      LayoutMenuList {SELECT} at (180.44,19) size 44x18 [color=#00008B] [bgcolor=#ADD8E6] [border: (1px solid #A6A6A6)]
        LayoutBlockFlow (anonymous) at (1,1) size 42x16
          LayoutText (anonymous) at (8,1) size 21x13
            text run at (8,1) width 21: "test"
      LayoutText {#text} at (224,18) size 5x18
        text run at (224,18) width 5: " "
      LayoutButton {BUTTON} at (228.44,20) size 16x15 [bgcolor=#FFFFFF] [border: (1px solid #D8D8D8) (1px solid #D1D1D1) (1px solid #BABABA) (1px solid #D1D1D1)]
      LayoutText {#text} at (244,18) size 5x18
        text run at (244,18) width 5: " "
      LayoutButton {BUTTON} at (248.44,19) size 36.17x18 [bgcolor=#FFFFFF] [border: (1px solid #D8D8D8) (1px solid #D1D1D1) (1px solid #BABABA) (1px solid #D1D1D1)]
        LayoutBlockFlow (anonymous) at (8,2) size 20.17x13
          LayoutText {#text} at (0,0) size 21x13
            text run at (0,0) width 21: "test"
      LayoutText {#text} at (284,18) size 5x18
        text run at (284,18) width 5: " "
      LayoutButton {BUTTON} at (288.61,30) size 16x5 [color=#00008B] [bgcolor=#ADD8E6] [border: (1px solid #D8D8D8) (1px solid #D1D1D1) (1px solid #BABABA) (1px solid #D1D1D1)]
      LayoutText {#text} at (304,18) size 5x18
        text run at (304,18) width 5: " "
      LayoutButton {BUTTON} at (308.61,19) size 36.17x18 [color=#00008B] [bgcolor=#ADD8E6] [border: (1px solid #D8D8D8) (1px solid #D1D1D1) (1px solid #BABABA) (1px solid #D1D1D1)]
        LayoutBlockFlow (anonymous) at (8,2) size 20.17x13
          LayoutText {#text} at (0,0) size 21x13
            text run at (0,0) width 21: "test"
      LayoutText {#text} at (0,0) size 0x0
