layer at (0,0) size 800x600
  LayoutView at (0,0) size 800x600
layer at (0,0) size 800x600
  LayoutBlockFlow {HTML} at (0,0) size 800x600
    LayoutBlockFlow {BODY} at (8,8) size 784x584
layer at (8,8) size 784x131 clip at (8,8) size 769x116
  LayoutBlockFlow {DIV} at (0,0) size 784x130.50
    LayoutText {#text} at (0,0) size 0x0
layer at (8,8) size 49x116 clip at (9,9) size 36x103 scrollHeight 142
  LayoutListBox {SELECT} at (0,0) size 48.97x115.50 [bgcolor=#FFFFFF] [border: (1px solid #999999)]
    LayoutBlockFlow {OPTION} at (1,1) size 35.97x14.19
      LayoutText {#text} at (2,0) size 22x13
        text run at (2,0) width 22: "One"
    LayoutBlockFlow {OPTION} at (1,15.19) size 35.97x14.19
      LayoutText {#text} at (2,0) size 22x13
        text run at (2,0) width 22: "Two"
    LayoutBlockFlow {OPTION} at (1,29.38) size 35.97x14.19
      LayoutText {#text} at (2,0) size 31x13
        text run at (2,0) width 31: "Three"
    LayoutBlockFlow {OPTION} at (1,43.56) size 35.97x14.19
      LayoutText {#text} at (2,0) size 24x13
        text run at (2,0) width 24: "Four"
    LayoutBlockFlow {OPTION} at (1,57.75) size 35.97x14.19
      LayoutText {#text} at (2,0) size 22x13
        text run at (2,0) width 22: "Five"
    LayoutBlockFlow {OPTION} at (1,71.94) size 35.97x14.19
      LayoutText {#text} at (2,0) size 16x13
        text run at (2,0) width 16: "Six"
    LayoutBlockFlow {OPTION} at (1,86.13) size 35.97x14.19
      LayoutText {#text} at (2,0) size 32x13
        text run at (2,0) width 32: "Seven"
    LayoutBlockFlow {OPTION} at (1,100.31) size 35.97x14.19
      LayoutText {#text} at (2,0) size 27x13
        text run at (2,0) width 27: "Eight"
    LayoutBlockFlow {OPTION} at (1,114.50) size 35.97x14.19
      LayoutText {#text} at (2,0) size 24x13
        text run at (2,0) width 24: "Nine"
    LayoutBlockFlow {OPTION} at (1,128.69) size 35.97x14.19
      LayoutText {#text} at (2,0) size 19x13
        text run at (2,0) width 19: "Ten"
