layer at (0,0) size 800x600
  LayoutView at (0,0) size 800x600
layer at (0,0) size 800x600
  LayoutBlockFlow {HTML} at (0,0) size 800x600
    LayoutBlockFlow {BODY} at (8,8) size 784x584
      LayoutText {#text} at (0,0) size 458x18
        text run at (0,0) width 458: "This tests that you can dynamically change a popup menu to a list box. "
      LayoutBR {BR} at (457,14) size 1x0
      LayoutText {#text} at (0,0) size 0x0
layer at (8,26) size 175x73 clip at (9,27) size 162x71
  LayoutListBox {SELECT} at (0,18) size 175.09x72.94 [bgcolor=#FFFFFF] [border: (1px solid #999999)]
    LayoutBlockFlow {OPTION} at (1,1) size 162.09x14.19 [bgcolor=#D4D4D4]
      LayoutText {#text} at (2,0) size 159x13
        text run at (2,0) width 159: "This should turn into a list box"
