layer at (0,0) size 800x600
  LayoutView at (0,0) size 800x600
layer at (0,0) size 800x600
  LayoutBlockFlow {HTML} at (0,0) size 800x600
    LayoutBlockFlow {BODY} at (8,8) size 784x576
      LayoutBlockFlow {P} at (0,0) size 784x20
        LayoutText {#text} at (0,0) size 313x19
          text run at (0,0) width 313: "This tests the rendering of invalid UTF-8 sequences."
      LayoutBlockFlow {P} at (0,36) size 784x20
        LayoutText {#text} at (0,0) size 475x19
          text run at (0,0) width 475: "The output should be: \"\x{442}??\x{442}\" (with black diamonds in place of question marks)."
      LayoutBlockFlow {P} at (0,90) size 784x21
        LayoutText {#text} at (0,1) size 46x19
          text run at (0,1) width 46: "\x{442}\x{FFFD}\x{FFFD}\x{442}"
layer at (8,80) size 784x2 clip at (0,0) size 0x0
  LayoutBlockFlow {HR} at (0,72) size 784x2 [border: (1px inset #EEEEEE)]
