layer at (0,0) size 800x600 clip at (0,0) size 785x600 scrollHeight 687
  LayoutView at (0,0) size 800x600
layer at (0,0) size 785x687 backgroundClip at (0,0) size 785x600 clip at (0,0) size 785x600
  LayoutBlockFlow {HTML} at (0,0) size 785x687
    LayoutBlockFlow {BODY} at (8,8) size 769x652
      LayoutBlockFlow (anonymous) at (0,0) size 769x150
        LayoutInline {SPAN} at (0,0) size 264x129 [border: (5px solid #000000)]
          LayoutText {#text} at (5,15) size 55x19
            text run at (5,15) width 55: "This text"
          LayoutBR {BR} at (60,30) size 0x0
          LayoutText {#text} at (0,65) size 76x19
            text run at (0,65) width 76: "should have"
          LayoutBR {BR} at (76,80) size 0x0
          LayoutText {#text} at (0,115) size 259x19
            text run at (0,115) width 259: "a multi-line shadow with a border-radius."
        LayoutText {#text} at (0,0) size 0x0
      LayoutBlockFlow {DIV} at (0,150) size 120x120 [border: (10px solid #000000)]
        LayoutText {#text} at (10,10) size 87x59
          text run at (10,10) width 29: "50%"
          text run at (10,30) width 69: "transparent"
          text run at (10,50) width 87: "black shadow"
      LayoutTable {TABLE} at (0,270) size 184x270
        LayoutTableSection {TBODY} at (0,0) size 184x270
          LayoutTableRow {TR} at (0,10) size 184x42
            LayoutTableCell {TD} at (10,10) size 48x42 [border: (1px solid #000000)] [r=0 c=0 rs=1 cs=1]
              LayoutText {#text} at (11,11) size 26x19
                text run at (11,11) width 26: "Cell"
            LayoutTableCell {TD} at (68,10) size 48x42 [border: (1px solid #000000)] [r=0 c=1 rs=1 cs=1]
              LayoutText {#text} at (11,11) size 26x19
                text run at (11,11) width 26: "Cell"
            LayoutTableCell {TD} at (126,10) size 48x42 [border: (1px solid #000000)] [r=0 c=2 rs=1 cs=1]
              LayoutText {#text} at (11,11) size 26x19
                text run at (11,11) width 26: "Cell"
          LayoutTableRow {TR} at (0,62) size 184x42
            LayoutTableCell {TD} at (10,62) size 48x42 [border: (1px solid #000000)] [r=1 c=0 rs=1 cs=1]
              LayoutText {#text} at (11,11) size 26x19
                text run at (11,11) width 26: "Cell"
            LayoutTableCell {TD} at (68,62) size 48x42 [border: (1px solid #000000)] [r=1 c=1 rs=1 cs=1]
              LayoutText {#text} at (11,11) size 26x19
                text run at (11,11) width 26: "Cell"
            LayoutTableCell {TD} at (126,62) size 48x42 [border: (1px solid #000000)] [r=1 c=2 rs=1 cs=1]
              LayoutText {#text} at (11,11) size 26x19
                text run at (11,11) width 26: "Cell"
          LayoutTableRow {TR} at (0,114) size 184x42
            LayoutTableCell {TD} at (10,114) size 48x42 [border: (1px solid #000000)] [r=2 c=0 rs=1 cs=1]
              LayoutText {#text} at (11,11) size 26x19
                text run at (11,11) width 26: "Cell"
            LayoutTableCell {TD} at (68,114) size 48x42 [border: (1px solid #000000)] [r=2 c=1 rs=1 cs=1]
              LayoutText {#text} at (11,11) size 26x19
                text run at (11,11) width 26: "Cell"
            LayoutTableCell {TD} at (126,114) size 48x42 [border: (1px solid #000000)] [r=2 c=2 rs=1 cs=1]
              LayoutText {#text} at (11,11) size 26x19
                text run at (11,11) width 26: "Cell"
          LayoutTableRow {TR} at (0,166) size 184x42
            LayoutTableCell {TD} at (10,166) size 48x42 [border: (1px solid #000000)] [r=3 c=0 rs=1 cs=1]
              LayoutText {#text} at (11,11) size 26x19
                text run at (11,11) width 26: "Cell"
            LayoutTableCell {TD} at (68,166) size 48x42 [border: (1px solid #000000)] [r=3 c=1 rs=1 cs=1]
              LayoutText {#text} at (11,11) size 26x19
                text run at (11,11) width 26: "Cell"
            LayoutTableCell {TD} at (126,166) size 48x42 [border: (1px solid #000000)] [r=3 c=2 rs=1 cs=1]
              LayoutText {#text} at (11,11) size 26x19
                text run at (11,11) width 26: "Cell"
          LayoutTableRow {TR} at (0,218) size 184x42
            LayoutTableCell {TD} at (10,218) size 48x42 [border: (1px solid #000000)] [r=4 c=0 rs=1 cs=1]
              LayoutText {#text} at (11,11) size 26x19
                text run at (11,11) width 26: "Cell"
            LayoutTableCell {TD} at (68,218) size 48x42 [border: (1px solid #000000)] [r=4 c=1 rs=1 cs=1]
              LayoutText {#text} at (11,11) size 26x19
                text run at (11,11) width 26: "Cell"
            LayoutTableCell {TD} at (126,218) size 48x42 [border: (1px solid #000000)] [r=4 c=2 rs=1 cs=1]
              LayoutText {#text} at (11,11) size 26x19
                text run at (11,11) width 26: "Cell"
      LayoutBlockFlow {P} at (0,556) size 769x40
        LayoutText {#text} at (0,0) size 356x19
          text run at (0,0) width 356: "The first line of this div should have a box-shadow on it."
        LayoutBR {BR} at (356,15) size 0x0
        LayoutText {#text} at (0,20) size 177x19
          text run at (0,20) width 177: "This second line should not."
      LayoutBlockFlow {P} at (0,612) size 769x40
        LayoutBlockFlow (floating) {<pseudo:first-letter>} at (0,0) size 39x67 [bgcolor=#EEEEEE] [border: (1px solid #000000)]
          LayoutTextFragment (anonymous) at (5,6) size 29x55
            text run at (5,6) width 29: "T"
        LayoutTextFragment {#text} at (43,0) size 488x19
          text run at (43,0) width 488: "he first letter of this paragraph should have a border and a nice shadow effect."
        LayoutBR {BR} at (531,15) size 0x0
        LayoutText {#text} at (43,20) size 162x19
          text run at (43,20) width 162: "It should look pretty cool."
