layer at (0,0) size 800x600
  LayoutView at (0,0) size 800x600
layer at (0,0) size 800x521
  LayoutBlockFlow {HTML} at (0,0) size 800x521
    LayoutBlockFlow {BODY} at (8,8) size 784x0
      LayoutBlockFlow (floating) {DIV} at (0,0) size 121x513
        LayoutBlockFlow {DIV} at (10,10) size 40x40 [bgcolor=#FFFF77]
        LayoutTable {TABLE} at (10,290) size 40x40 [bgcolor=#FFFF77]
        LayoutBlockFlow (anonymous) at (0,340) size 121x65
          LayoutText {#text} at (0,0) size 0x0
        LayoutBlockFlow {P} at (0,421) size 121x20
          LayoutText {#text} at (0,0) size 46x19
            text run at (0,0) width 46: "Lorem "
          LayoutInline {SPAN} at (0,0) size 38x19
            LayoutText {#text} at (46,0) size 38x19
              text run at (46,0) width 38: "ipsum"
          LayoutText {#text} at (84,0) size 37x19
            text run at (84,0) width 37: " dolor"
        LayoutBlockFlow {P} at (0,457) size 121x40
          LayoutText {#text} at (0,0) size 84x19
            text run at (0,0) width 84: "Lorem ipsum"
          LayoutBR {BR} at (84,0) size 0x19
          LayoutText {#text} at (0,20) size 85x19
            text run at (0,20) width 85: "dolor sit amet"
      LayoutBlockFlow (floating) {DIV} at (131,0) size 121x457
        LayoutBlockFlow {DIV} at (10,10) size 40x40 [bgcolor=#FFFF77]
        LayoutTable {TABLE} at (10,290) size 40x40 [bgcolor=#FFFF77]
        LayoutBlockFlow (anonymous) at (0,340) size 121x65
          LayoutText {#text} at (0,0) size 0x0
        LayoutBlockFlow {P} at (0,421) size 121x20
          LayoutText {#text} at (0,0) size 46x19
            text run at (0,0) width 46: "Lorem "
          LayoutInline {SPAN} at (0,0) size 38x19
            LayoutText {#text} at (46,0) size 38x19
              text run at (46,0) width 38: "ipsum"
          LayoutText {#text} at (84,0) size 37x19
            text run at (84,0) width 37: " dolor"
      LayoutBlockFlow (floating) {DIV} at (262,0) size 121x457
        LayoutBlockFlow {DIV} at (10,10) size 40x40 [bgcolor=#FFFF77]
        LayoutTable {TABLE} at (10,290) size 40x40 [bgcolor=#FFFF77]
        LayoutBlockFlow (anonymous) at (0,340) size 121x65
          LayoutText {#text} at (0,0) size 0x0
        LayoutBlockFlow {P} at (0,421) size 121x20
          LayoutText {#text} at (0,0) size 46x19
            text run at (0,0) width 46: "Lorem "
          LayoutInline {SPAN} at (0,0) size 38x19
            LayoutText {#text} at (46,0) size 38x19
              text run at (46,0) width 38: "ipsum"
          LayoutText {#text} at (84,0) size 37x19
            text run at (84,0) width 37: " dolor"
      LayoutBlockFlow (floating) {DIV} at (393,0) size 121x457
        LayoutBlockFlow {DIV} at (10,10) size 40x40 [bgcolor=#FFFF77]
        LayoutTable {TABLE} at (10,290) size 40x40 [bgcolor=#FFFF77]
        LayoutBlockFlow (anonymous) at (0,340) size 121x65
          LayoutText {#text} at (0,0) size 0x0
        LayoutBlockFlow {P} at (0,421) size 121x20
          LayoutText {#text} at (0,0) size 46x19
            text run at (0,0) width 46: "Lorem "
          LayoutInline {SPAN} at (0,0) size 38x19
            LayoutText {#text} at (46,0) size 38x19
              text run at (46,0) width 38: "ipsum"
          LayoutText {#text} at (84,0) size 37x19
            text run at (84,0) width 37: " dolor"
      LayoutBlockFlow (floating) {DIV} at (524,0) size 121x457
        LayoutBlockFlow {DIV} at (10,10) size 40x40 [bgcolor=#FFFF77]
        LayoutTable {TABLE} at (10,290) size 40x40 [bgcolor=#FFFF77]
        LayoutBlockFlow (anonymous) at (0,340) size 121x65
          LayoutText {#text} at (0,0) size 0x0
        LayoutBlockFlow {P} at (0,421) size 121x20
          LayoutText {#text} at (0,0) size 46x19
            text run at (0,0) width 46: "Lorem "
          LayoutInline {SPAN} at (0,0) size 38x19
            LayoutText {#text} at (46,0) size 38x19
              text run at (46,0) width 38: "ipsum"
          LayoutText {#text} at (84,0) size 37x19
            text run at (84,0) width 37: " dolor"
layer at (18,248) size 40x40
  LayoutBlockFlow {DIV} at (10,240) size 40x40 [bgcolor=#FFFF77]
layer at (18,358) size 40x40
  LayoutHTMLCanvas {CANVAS} at (10,10) size 40x40 [bgcolor=#FFFF77]
layer at (149,248) size 40x40
  LayoutBlockFlow {DIV} at (10,240) size 40x40 [bgcolor=#FFFF77]
layer at (149,358) size 40x40
  LayoutHTMLCanvas {CANVAS} at (10,10) size 40x40 [bgcolor=#FFFF77]
layer at (280,248) size 40x40
  LayoutBlockFlow {DIV} at (10,240) size 40x40 [bgcolor=#FFFF77]
layer at (280,358) size 40x40
  LayoutHTMLCanvas {CANVAS} at (10,10) size 40x40 [bgcolor=#FFFF77]
layer at (411,248) size 40x40
  LayoutBlockFlow {DIV} at (10,240) size 40x40 [bgcolor=#FFFF77]
layer at (411,358) size 40x40
  LayoutHTMLCanvas {CANVAS} at (10,10) size 40x40 [bgcolor=#FFFF77]
layer at (542,248) size 40x40
  LayoutBlockFlow {DIV} at (10,240) size 40x40 [bgcolor=#FFFF77]
layer at (542,358) size 40x40
  LayoutHTMLCanvas {CANVAS} at (10,10) size 40x40 [bgcolor=#FFFF77]
layer at (8,68) size 60x60
  LayoutBlockFlow (relative positioned) {DIV} at (0,60) size 60x60
layer at (18,78) size 40x40
  LayoutBlockFlow (positioned) {DIV} at (10,10) size 40x40 [bgcolor=#FFFF77]
layer at (8,128) size 60x60
  LayoutBlockFlow (relative positioned) {DIV} at (0,120) size 60x60
layer at (18,138) size 40x40 backgroundClip at (13,133) size 5x5 clip at (13,133) size 5x5
  LayoutBlockFlow (positioned) {DIV} at (10,10) size 40x40 [bgcolor=#FFFF77]
layer at (18,198) size 40x40 transparent
  LayoutBlockFlow {DIV} at (10,190) size 40x40 [bgcolor=#FFFF77]
layer at (139,68) size 60x60
  LayoutBlockFlow (relative positioned) {DIV} at (0,60) size 60x60
layer at (149,78) size 40x40
  LayoutBlockFlow (positioned) {DIV} at (10,10) size 40x40 [bgcolor=#FFFF77]
layer at (139,128) size 60x60
  LayoutBlockFlow (relative positioned) {DIV} at (0,120) size 60x60
layer at (149,138) size 40x40 backgroundClip at (144,178) size 5x5 clip at (144,178) size 5x5
  LayoutBlockFlow (positioned) {DIV} at (10,10) size 40x40 [bgcolor=#FFFF77]
layer at (149,198) size 40x40 transparent
  LayoutBlockFlow {DIV} at (10,190) size 40x40 [bgcolor=#FFFF77]
layer at (270,68) size 60x60
  LayoutBlockFlow (relative positioned) {DIV} at (0,60) size 60x60
layer at (280,78) size 40x40
  LayoutBlockFlow (positioned) {DIV} at (10,10) size 40x40 [bgcolor=#FFFF77]
layer at (270,128) size 60x60
  LayoutBlockFlow (relative positioned) {DIV} at (0,120) size 60x60
layer at (280,138) size 40x40 backgroundClip at (320,178) size 5x5 clip at (320,178) size 5x5
  LayoutBlockFlow (positioned) {DIV} at (10,10) size 40x40 [bgcolor=#FFFF77]
layer at (280,198) size 40x40 transparent
  LayoutBlockFlow {DIV} at (10,190) size 40x40 [bgcolor=#FFFF77]
layer at (401,68) size 60x60
  LayoutBlockFlow (relative positioned) {DIV} at (0,60) size 60x60
layer at (411,78) size 40x40
  LayoutBlockFlow (positioned) {DIV} at (10,10) size 40x40 [bgcolor=#FFFF77]
layer at (401,128) size 60x60
  LayoutBlockFlow (relative positioned) {DIV} at (0,120) size 60x60
layer at (411,138) size 40x40 backgroundClip at (451,133) size 5x5 clip at (451,133) size 5x5
  LayoutBlockFlow (positioned) {DIV} at (10,10) size 40x40 [bgcolor=#FFFF77]
layer at (411,198) size 40x40 transparent
  LayoutBlockFlow {DIV} at (10,190) size 40x40 [bgcolor=#FFFF77]
layer at (532,68) size 60x60
  LayoutBlockFlow (relative positioned) {DIV} at (0,60) size 60x60
layer at (542,78) size 40x40
  LayoutBlockFlow (positioned) {DIV} at (10,10) size 40x40 [bgcolor=#FFFF77]
layer at (532,128) size 60x60
  LayoutBlockFlow (relative positioned) {DIV} at (0,120) size 60x60
layer at (542,198) size 40x40 transparent
  LayoutBlockFlow {DIV} at (10,190) size 40x40 [bgcolor=#FFFF77]
