layer at (0,0) size 800x600
  LayoutView at (0,0) size 800x600
layer at (0,0) size 800x600
  LayoutBlockFlow {HTML} at (0,0) size 800x600
    LayoutBlockFlow {BODY} at (8,8) size 784x584
      LayoutBlockFlow {DIV} at (0,0) size 784x125
        LayoutBlockFlow {DIV} at (10,10) size 100x100 [bgcolor=#FFFFE0] [border: (10px solid #008000)]
        LayoutText {#text} at (120,105) size 4x19
          text run at (120,105) width 4: " "
        LayoutBlockFlow {DIV} at (134,10) size 100x100 [bgcolor=#FFFFE0] [border: (10px solid #008000)]
        LayoutText {#text} at (244,105) size 4x19
          text run at (244,105) width 4: " "
        LayoutBlockFlow {DIV} at (258,10) size 100x100 [bgcolor=#FFFFE0] [border: (10px solid #008000)]
        LayoutText {#text} at (368,105) size 4x19
          text run at (368,105) width 4: " "
        LayoutBlockFlow {DIV} at (382,10) size 100x100 [bgcolor=#FFFFE0] [border: (10px solid #008000)]
        LayoutText {#text} at (492,105) size 4x19
          text run at (492,105) width 4: " "
        LayoutBlockFlow {DIV} at (506,10) size 100x100 [bgcolor=#FFFFE0] [border: (10px solid #008000)]
        LayoutText {#text} at (0,0) size 0x0
      LayoutBlockFlow {DIV} at (0,125) size 784x125
        LayoutBlockFlow {DIV} at (10,10) size 100x100 [bgcolor=#FFFFE0] [border: (10px solid #008000)]
        LayoutText {#text} at (120,105) size 4x19
          text run at (120,105) width 4: " "
        LayoutBlockFlow {DIV} at (134,10) size 100x100 [bgcolor=#FFFFE0] [border: (10px solid #008000)]
        LayoutText {#text} at (244,105) size 4x19
          text run at (244,105) width 4: " "
        LayoutBlockFlow {DIV} at (258,10) size 100x100 [bgcolor=#FFFFE0] [border: (10px solid #008000)]
        LayoutText {#text} at (368,105) size 4x19
          text run at (368,105) width 4: " "
        LayoutBlockFlow {DIV} at (382,10) size 100x100 [bgcolor=#FFFFE0] [border: (10px solid #008000)]
        LayoutText {#text} at (492,105) size 4x19
          text run at (492,105) width 4: " "
        LayoutBlockFlow {DIV} at (506,10) size 100x100 [bgcolor=#FFFFE0] [border: (10px dashed #008000)]
        LayoutText {#text} at (0,0) size 0x0
      LayoutBlockFlow {DIV} at (0,250) size 600x324
        LayoutInline {SPAN} at (0,0) size 590x307 [bgcolor=#FFFFE0] [border: (5px solid #008000)]
          LayoutText {#text} at (25,13) size 570x297
            text run at (25,13) width 570: "This sentence is too"
            text run at (88,121) width 424: "long to fit on a"
            text run at (132,229) width 316: "single line."
        LayoutText {#text} at (0,0) size 0x0
