layer at (0,0) size 800x600
  LayoutView at (0,0) size 800x600
layer at (0,0) size 800x194
  LayoutBlockFlow {HTML} at (0,0) size 800x194
    LayoutBlockFlow {BODY} at (8,16) size 784x170
      LayoutBlockFlow {P} at (0,0) size 784x36
        LayoutText {#text} at (0,0) size 775x36
          text run at (0,0) width 775: "This test checks that composition underline color uses the color of the text and is not always black. The test passes if you"
          text run at (0,18) width 504: "see the word \"foobar\" in green with a composition underline in the same color."
      LayoutBlockFlow {DIV} at (0,52) size 784x118 [color=#00FF00] [bgcolor=#000000]
        LayoutText {#text} at (50,50) size 42x18
          text run at (50,50) width 42: "foobar"
caret: position 6 of child 0 {#text} of child 2 {DIV} of body
