layer at (0,0) size 800x600
  LayoutView at (0,0) size 800x600
layer at (0,0) size 800x196
  LayoutBlockFlow {HTML} at (0,0) size 800x196
    LayoutBlockFlow {BODY} at (8,8) size 784x180
layer at (8,8) size 100x20 scrollWidth 136
  LayoutBlockFlow {DIV} at (0,0) size 100x20
    LayoutText {#text} at (0,0) size 136x18
      text run at (0,0) width 136: "markAllComposition"
layer at (8,28) size 100x20 scrollWidth 146
  LayoutBlockFlow {DIV} at (0,20) size 100x20
    LayoutText {#text} at (0,0) size 146x18
      text run at (0,0) width 146: "markStartComposition"
layer at (8,48) size 100x20 scrollWidth 141
  LayoutBlockFlow {DIV} at (0,40) size 100x20
    LayoutText {#text} at (0,0) size 142x18
      text run at (0,0) width 142: "markEndComposition"
layer at (8,68) size 100x20 scrollWidth 107
  LayoutBlockFlow {DIV} at (0,60) size 100x20
    LayoutText {#text} at (0,0) size 107x18
      text run at (0,0) width 107: "markAllSpelling"
layer at (8,88) size 100x20 scrollWidth 116
  LayoutBlockFlow {DIV} at (0,80) size 100x20
    LayoutText {#text} at (0,0) size 117x18
      text run at (0,0) width 117: "markStartSpelling"
layer at (8,108) size 100x20 scrollWidth 112
  LayoutBlockFlow {DIV} at (0,100) size 100x20
    LayoutText {#text} at (0,0) size 112x18
      text run at (0,0) width 112: "markEndSpelling"
layer at (8,128) size 100x20 scrollWidth 122
  LayoutBlockFlow {DIV} at (0,120) size 100x20
    LayoutText {#text} at (0,0) size 123x18
      text run at (0,0) width 123: "markAllTextMatch"
layer at (8,148) size 100x20 scrollWidth 132
  LayoutBlockFlow {DIV} at (0,140) size 100x20
    LayoutText {#text} at (0,0) size 133x18
      text run at (0,0) width 133: "markStartTextMatch"
layer at (8,168) size 100x20 scrollWidth 128
  LayoutBlockFlow {DIV} at (0,160) size 100x20
    LayoutText {#text} at (0,0) size 128x18
      text run at (0,0) width 128: "markEndTextMatch"
