layer at (0,0) size 800x600
  LayoutView at (0,0) size 800x600
layer at (0,0) size 800x600
  LayoutBlockFlow {HTML} at (0,0) size 800x600
    LayoutBlockFlow {BODY} at (8,8) size 784x576
      LayoutBlockFlow {P} at (0,0) size 784x20
        LayoutInline {<pseudo:before>} at (0,0) size 54x19
          LayoutInline {<pseudo:first-letter>} at (0,0) size 9x19 [color=#FFD800]
            LayoutTextFragment (anonymous) at (0,0) size 9x19
              text run at (0,0) width 9: "S"
          LayoutTextFragment (anonymous) at (9,0) size 45x19
            text run at (9,0) width 45: "pecial: "
        LayoutText {#text} at (54,0) size 589x19
          text run at (54,0) width 220: "The \"S\" to the left should be gold. "
          text run at (274,0) width 369: "This is testing :before used in conjunction with :first-letter. "
        LayoutInline {<pseudo:after>} at (0,0) size 65x19
          LayoutTextFragment (anonymous) at (643,0) size 65x19
            text run at (643,0) width 65: "[The End]"
