layer at (0,0) size 800x600
  LayoutView at (0,0) size 800x600
layer at (0,0) size 800x600
  LayoutBlockFlow {HTML} at (0,0) size 800x600
    LayoutBlockFlow {BODY} at (8,8) size 784x584
      LayoutBlockFlow {DIV} at (0,0) size 784x20
        LayoutBlockFlow (floating) {<pseudo:first-letter>} at (0,0) size 15x54
          LayoutTextFragment (anonymous) at (0,1) size 15x52
            text run at (0,1) width 15: "I"
        LayoutTextFragment {#text} at (15,0) size 451x19
          text run at (15,0) width 451: "n an attempt to lose some weight, I have switched computing platforms."
