layer at (0,0) size 800x600
  LayoutView at (0,0) size 800x600
layer at (0,0) size 800x600
  LayoutBlockFlow {HTML} at (0,0) size 800x600
    LayoutBlockFlow {BODY} at (8,8) size 784x584
      LayoutBlockFlow (anonymous) at (0,0) size 784x20
        LayoutInline {Q} at (0,0) size 158x19
          LayoutInline {<pseudo:before>} at (0,0) size 7x19
            LayoutQuote (anonymous) at (0,0) size 7x19
              LayoutTextFragment (anonymous) at (0,0) size 7x19
                text run at (0,0) width 7: "\""
          LayoutText {#text} at (7,0) size 151x19
            text run at (7,0) width 151: "Quotes should surround"
      LayoutBlockFlow (anonymous) at (0,36) size 784x0
        LayoutBlockFlow {P} at (0,0) size 784x0
      LayoutBlockFlow (anonymous) at (0,36) size 784x20
        LayoutInline {Q} at (0,0) size 60x19
          LayoutText {#text} at (0,0) size 53x19
            text run at (0,0) width 53: "this text."
          LayoutInline {<pseudo:after>} at (0,0) size 7x19
            LayoutQuote (anonymous) at (0,0) size 7x19
              LayoutTextFragment (anonymous) at (53,0) size 7x19
                text run at (53,0) width 7: "\""
        LayoutText {#text} at (0,0) size 0x0
