layer at (0,0) size 800x600
  LayoutView at (0,0) size 800x600
layer at (0,0) size 800x600
  LayoutBlockFlow {HTML} at (0,0) size 800x600
    LayoutBlockFlow {BODY} at (8,8) size 784x576
      LayoutBlockFlow {DIV} at (0,0) size 784x20
        LayoutInline {<pseudo:first-letter>} at (0,0) size 10x19
          LayoutTextFragment (anonymous) at (0,0) size 10x19
            text run at (0,0) width 10: "T"
        LayoutTextFragment {#text} at (10,0) size 269x19
          text run at (10,0) width 269: "HIS TEXT SHOULD BE UPPERCASE."
      LayoutBlockFlow {P} at (0,36) size 784x20
        LayoutInline {<pseudo:before>} at (0,0) size 279x19
          LayoutTextFragment (anonymous) at (0,0) size 279x19
            text run at (0,0) width 279: "THIS TEXT SHOULD BE UPPERCASE."
