layer at (0,0) size 800x600
  LayoutView at (0,0) size 800x600
layer at (0,0) size 800x600
  LayoutBlockFlow {HTML} at (0,0) size 800x600
    LayoutBlockFlow {BODY} at (8,8) size 784x584
      LayoutBlockFlow {P} at (0,0) size 784x0
      LayoutBlockFlow {DIV} at (0,0) size 784x20
        LayoutText {#text} at (0,0) size 592x19
          text run at (0,0) width 432: "In this paragraph, there should be a right floating green ::after block. "
          text run at (432,0) width 160: "It should be ok to do this."
        LayoutBlockFlow (floating) {<pseudo:after>} at (684,0) size 100x100 [color=#008000] [bgcolor=#008000]
          LayoutTextFragment (anonymous) at (0,0) size 54x19
            text run at (0,0) width 54: "Invisible"
layer at (300,300) size 306x20
  LayoutBlockFlow (positioned) {<pseudo:before>} at (300,300) size 306x20
    LayoutTextFragment (anonymous) at (0,0) size 306x19
      text run at (0,0) width 306: "Some text that should be at an (x,y) of (300,300)"
