layer at (0,0) size 800x600
  LayoutView at (0,0) size 800x600
layer at (0,0) size 800x600
  LayoutBlockFlow {HTML} at (0,0) size 800x600
    LayoutBlockFlow {BODY} at (8,8) size 784x584
      LayoutBlockFlow {H1} at (0,0) size 784x37
        LayoutInline {<pseudo:before>} at (0,0) size 207x36
          LayoutTextFragment (anonymous) at (0,0) size 207x36
            text run at (0,0) width 207: "First Chapter: "
        LayoutText {#text} at (207,0) size 105x36
          text run at (207,0) width 105: "TEST 1"
      LayoutBlockFlow (anonymous) at (0,58.44) size 784x20
        LayoutText {#text} at (0,0) size 239x19
          text run at (0,0) width 239: "Should read: \"First Chapter: TEST 1\""
      LayoutBlockFlow {H2} at (0,98.34) size 784x27
        LayoutInline {<pseudo:before>} at (0,0) size 99x26
          LayoutTextFragment (anonymous) at (0,0) size 99x26
            text run at (0,0) width 99: "Chapter: "
        LayoutText {#text} at (99,0) size 79x26
          text run at (99,0) width 79: "TEST 2"
      LayoutBlockFlow (anonymous) at (0,145.25) size 784x20
        LayoutText {#text} at (0,0) size 207x19
          text run at (0,0) width 207: "Should read: \"Chapter: TEST 2\""
      LayoutBlockFlow {H3} at (0,183.97) size 784x23
        LayoutInline {<pseudo:before>} at (0,0) size 118x22
          LayoutTextFragment (anonymous) at (0,0) size 118x22
            text run at (0,0) width 118: "Chapter One: "
        LayoutText {#text} at (118,0) size 65x22
          text run at (118,0) width 65: "TEST 3"
      LayoutBlockFlow (anonymous) at (0,225.69) size 784x20
        LayoutText {#text} at (0,0) size 238x19
          text run at (0,0) width 238: "Should read: \"Chapter One: TEST 3\""
      LayoutBlockFlow {H4} at (0,266.95) size 784x20
        LayoutInline {<pseudo:before>} at (0,0) size 66x19
          LayoutTextFragment (anonymous) at (0,0) size 66x19
            text run at (0,0) width 66: "Chapter: "
        LayoutText {#text} at (66,0) size 54x19
          text run at (66,0) width 54: "TEST 4"
      LayoutBlockFlow (anonymous) at (0,308.22) size 784x20
        LayoutText {#text} at (0,0) size 207x19
          text run at (0,0) width 207: "Should read: \"Chapter: TEST 4\""
