layer at (0,0) size 800x600
  LayoutView at (0,0) size 800x600
layer at (0,0) size 800x600
  LayoutBlockFlow {HTML} at (0,0) size 800x600
    LayoutBlockFlow {BODY} at (8,8) size 784x582
      LayoutBlockFlow {P} at (0,0) size 784x20
        LayoutInline {EM} at (0,0) size 628x19
          LayoutText {#text} at (0,0) size 628x19
            text run at (0,0) width 628: "When an :after rule has multiple pieces of content, older versions of Safari display them backwards."
      LayoutBlockFlow {DIV} at (10,36) size 764x52 [border: (1px solid #000000)]
        LayoutText {#text} at (11,21) size 44x19
          text run at (11,21) width 44: "Inline: "
        LayoutInline {<pseudo:after>} at (0,0) size 483x19
          LayoutTextFragment (anonymous) at (55,21) size 235x19
            text run at (55,21) width 235: "This should be before the green box. "
          LayoutImage (anonymous) at (290,11) size 25x25
          LayoutTextFragment (anonymous) at (315,21) size 223x19
            text run at (315,21) width 223: " This should be after the green box."
      LayoutBlockFlow {DIV} at (10,98) size 764x92 [border: (1px solid #000000)]
        LayoutText {#text} at (11,61) size 84x19
          text run at (11,61) width 84: "Inline-block: "
        LayoutBlockFlow {<pseudo:after>} at (95,11) size 200x70
          LayoutTextFragment (anonymous) at (0,0) size 199x49
            text run at (0,0) width 199: "This should be before the green"
            text run at (0,30) width 32: "box. "
          LayoutImage (anonymous) at (32,20) size 25x25
          LayoutTextFragment (anonymous) at (57,30) size 186x39
            text run at (57,30) width 129: " This should be after"
            text run at (0,50) width 90: "the green box."
      LayoutBlockFlow {DIV} at (10,200) size 764x112 [border: (1px solid #000000)]
        LayoutBlockFlow (anonymous) at (11,11) size 742x20
          LayoutText {#text} at (0,0) size 42x19
            text run at (0,0) width 42: "Block:"
        LayoutBlockFlow {<pseudo:after>} at (11,31) size 200x70
          LayoutTextFragment (anonymous) at (0,0) size 199x49
            text run at (0,0) width 199: "This should be before the green"
            text run at (0,30) width 32: "box. "
          LayoutImage (anonymous) at (32,20) size 25x25
          LayoutTextFragment (anonymous) at (57,30) size 186x39
            text run at (57,30) width 129: " This should be after"
            text run at (0,50) width 90: "the green box."
