layer at (0,0) size 800x600
  LayoutView at (0,0) size 800x600
layer at (0,0) size 800x600
  LayoutBlockFlow {HTML} at (0,0) size 800x600
    LayoutBlockFlow {BODY} at (8,8) size 784x584
      LayoutBlockFlow {P} at (0,0) size 784x20
        LayoutText {#text} at (0,0) size 31x19
          text run at (0,0) width 31: "Bug "
        LayoutInline {A} at (0,0) size 44x19 [color=#0000EE]
          LayoutText {#text} at (31,0) size 44x19
            text run at (31,0) width 44: "23826 "
        LayoutText {#text} at (75,0) size 565x19
          text run at (75,0) width 565: ": Potential bug with before/after rule while moving element from one document to another"
      LayoutBlockFlow {P} at (0,36) size 784x20
        LayoutText {#text} at (0,0) size 538x19
          text run at (0,0) width 538: "This test that moving a quote element sets the before / after flag in the final document."
      LayoutBlockFlow {DIV} at (0,72) size 784x56
        LayoutBlockFlow (anonymous) at (0,0) size 784x20
          LayoutInline {Q} at (0,0) size 158x19
            LayoutInline {<pseudo:before>} at (0,0) size 7x19
              LayoutQuote (anonymous) at (0,0) size 7x19
                LayoutTextFragment (anonymous) at (0,0) size 7x19
                  text run at (0,0) width 7: "\""
            LayoutText {#text} at (7,0) size 151x19
              text run at (7,0) width 151: "Quotes should surround"
        LayoutBlockFlow (anonymous) at (0,36) size 784x0
          LayoutBlockFlow {P} at (0,0) size 784x0
        LayoutBlockFlow (anonymous) at (0,36) size 784x20
          LayoutInline {Q} at (0,0) size 60x19
            LayoutText {#text} at (0,0) size 53x19
              text run at (0,0) width 53: "this text."
            LayoutInline {<pseudo:after>} at (0,0) size 7x19
              LayoutQuote (anonymous) at (0,0) size 7x19
                LayoutTextFragment (anonymous) at (53,0) size 7x19
                  text run at (53,0) width 7: "\""
