layer at (0,0) size 800x600
  LayoutView at (0,0) size 800x600
layer at (0,0) size 800x600
  LayoutBlockFlow {HTML} at (0,0) size 800x600
    LayoutBlockFlow {BODY} at (8,8) size 784x576
      LayoutBlockFlow (anonymous) at (0,0) size 784x20
        LayoutInline {SPAN} at (0,0) size 220x19
          LayoutText {#text} at (0,0) size 220x19
            text run at (0,0) width 220: "This test passes if it does not crash."
        LayoutText {#text} at (220,0) size 4x19
          text run at (220,0) width 4: " "
        LayoutBR {BR} at (224,15) size 0x0
      LayoutBlockFlow {UL} at (0,36) size 784x40
        LayoutListItem {LI} at (40,0) size 744x40
          LayoutBlockFlow (anonymous) at (0,0) size 744x0
            LayoutListMarker (anonymous) at (-18,0) size 7x19: bullet
          LayoutTable (anonymous) at (0,0) size 31x20
            LayoutTableSection (anonymous) at (0,0) size 31x20
              LayoutTableRow {<pseudo:before>} at (0,0) size 31x20
                LayoutTableCell (anonymous) at (0,0) size 31x20 [r=0 c=0 rs=1 cs=1]
                  LayoutTextFragment (anonymous) at (0,0) size 31x19
                    text run at (0,0) width 31: "hello"
          LayoutBlockFlow (anonymous) at (0,20) size 744x20
            LayoutText {#text} at (0,0) size 21x19
              text run at (0,0) width 21: "test"
