layer at (0,0) size 800x600
  LayoutView at (0,0) size 800x600
layer at (0,0) size 800x36
  LayoutBlockFlow {HTML} at (0,0) size 800x36
    LayoutBlockFlow {BODY} at (8,8) size 784x20 [color=#0000FF]
      LayoutBlockFlow {DIV} at (0,0) size 784x20
        LayoutTable (anonymous) at (0,0) size 280x20
          LayoutTableSection (anonymous) at (0,0) size 280x20
            LayoutTableRow (anonymous) at (0,0) size 280x20
              LayoutTableCell {<pseudo:before>} at (0,0) size 201x20 [r=0 c=0 rs=1 cs=1]
                LayoutTextFragment (anonymous) at (0,0) size 201x19
                  text run at (0,0) width 201: "You should just see a single line"
              LayoutTableCell {DIV} at (201,0) size 4x20 [r=0 c=1 rs=1 cs=1]
                LayoutText {#text} at (0,0) size 4x19
                  text run at (0,0) width 4: " "
              LayoutTableCell {<pseudo:after>} at (205,0) size 75x20 [r=0 c=2 rs=1 cs=1]
                LayoutTextFragment (anonymous) at (0,0) size 75x19
                  text run at (0,0) width 75: "of blue text."
