layer at (0,0) size 800x600
  LayoutView at (0,0) size 800x600
layer at (0,0) size 800x524
  LayoutBlockFlow {HTML} at (0,0) size 800x524
    LayoutBlockFlow {BODY} at (8,8) size 784x508
      LayoutText {#text} at (0,0) size 0x0
layer at (8,8) size 604x504
  LayoutIFrame {IFRAME} at (0,0) size 604x504 [border: (2px inset #EEEEEE)]
    layer at (0,0) size 600x500
      LayoutView at (0,0) size 600x500
    layer at (0,0) size 600x322
      LayoutBlockFlow {HTML} at (0,0) size 600x322
        LayoutBlockFlow {BODY} at (8,8) size 584x306
          LayoutImage {IMG} at (0,0) size 148x148 [border: (10px solid #FF0000)]
          LayoutText {#text} at (148,134) size 4x18
            text run at (148,134) width 4: " "
          LayoutImage {IMG} at (152,8) size 140x140 [border: (10px solid #FF0000)]
          LayoutText {#text} at (292,134) size 4x18
            text run at (292,134) width 4: " "
          LayoutImage {IMG} at (296,8) size 140x140
          LayoutText {#text} at (436,134) size 4x18
            text run at (436,134) width 4: " "
          LayoutImage {IMG} at (0,152) size 150x150 [border: (10px solid #FF0000)]
          LayoutText {#text} at (0,0) size 0x0
