layer at (0,0) size 800x600
  LayoutView at (0,0) size 800x600
layer at (0,0) size 800x132
  LayoutBlockFlow {HTML} at (0,0) size 800x132
    LayoutBlockFlow {BODY} at (8,16) size 784x108
      LayoutBlockFlow {P} at (0,0) size 784x18
        LayoutText {#text} at (0,0) size 348x17
          text run at (0,0) width 348: "Passes if there are no overpainted selection highlights."
      LayoutBlockFlow (anonymous) at (0,34) size 784x74
        LayoutInline {SPAN} at (0,0) size 189x71
          LayoutText {#text} at (0,1) size 189x71
            text run at (0,1) width 96: "text"
            text run at (95,1) width 94 RTL: "\x{645}\x{62A}\x{646}:"
        LayoutText {#text} at (0,0) size 0x0
        LayoutText {#text} at (0,0) size 0x0
selection start: position 5 of child 0 {#text} of child 2 {SPAN} of body
selection end:   position 13 of child 0 {#text} of child 2 {SPAN} of body
