layer at (0,0) size 800x600 clip at (0,0) size 785x600 scrollHeight 873
  LayoutView at (0,0) size 800x600
layer at (0,0) size 785x873 backgroundClip at (0,0) size 785x600 clip at (0,0) size 785x600
  LayoutBlockFlow {HTML} at (0,0) size 785x873
    LayoutBlockFlow {BODY} at (8,8) size 769x857 [bgcolor=#CCCCCC]
      LayoutBlockFlow {P} at (0,0) size 769x20
        LayoutText {#text} at (0,0) size 337x19
          text run at (0,0) width 337: "The style declarations which apply to the text below are:"
      LayoutBlockFlow {PRE} at (0,36) size 769x80
        LayoutText {#text} at (0,0) size 568x80
          text run at (0,0) width 176: ".one {display: block;}"
          text run at (176,0) width 0: " "
          text run at (0,16) width 184: ".two {display: inline;}"
          text run at (184,16) width 0: " "
          text run at (0,32) width 568: ".three {display: list-item; list-style-type: square; margin-left: 3em;}"
          text run at (568,32) width 0: " "
          text run at (0,48) width 272: ".four {display: none; color: red;}"
          text run at (272,48) width 0: " "
          text run at (0,64) width 152: "I {display: block;}"
          text run at (152,64) width 0: " "
      LayoutBlockFlow {P} at (0,147) size 769x20
        LayoutText {#text} at (0,0) size 279x19
          text run at (0,0) width 279: "This sentence should be a block-level element."
      LayoutBlockFlow (anonymous) at (0,183) size 769x60
        LayoutInline {P} at (0,0) size 426x19
          LayoutText {#text} at (0,0) size 426x19
            text run at (0,0) width 426: "This sentence should be part of an inline element, as are the next three. "
        LayoutInline {P} at (0,0) size 742x59
          LayoutText {#text} at (426,0) size 742x59
            text run at (426,0) width 310: "This sentence and the next two are part of a second"
            text run at (0,20) width 88: "inline element. "
            text run at (88,20) width 654: "They should therefore appear, along with the sentence above, to be all one paragraph which is four sentences"
            text run at (0,40) width 33: "long. "
            text run at (33,40) width 239: "If this is not the case, then the keyword "
          LayoutInline {CODE} at (0,0) size 48x16
            LayoutText {#text} at (272,43) size 48x16
              text run at (272,43) width 48: "inline"
          LayoutText {#text} at (320,40) size 102x19
            text run at (320,40) width 102: " is being ignored."
        LayoutText {#text} at (0,0) size 0x0
      LayoutListItem {P} at (48,259) size 721x60
        LayoutListMarker (anonymous) at (-18,0) size 7x19: black square
        LayoutText {#text} at (0,0) size 701x19
          text run at (0,0) width 701: "This sentence should be treated as a list-item, and therefore be rendered however this user agent displays list items (if"
        LayoutInline {CODE} at (0,0) size 120x16
          LayoutText {#text} at (0,23) size 120x16
            text run at (0,23) width 120: "list-style-type"
        LayoutText {#text} at (120,20) size 692x39
          text run at (120,20) width 346: " is supported, there will be a square for the item marker). "
          text run at (466,20) width 226: "A 3em left margin has been applied in"
          text run at (0,40) width 349: "order to ensure that there is space for the list-item marker."
      LayoutBlockFlow {P} at (0,335) size 769x20
        LayoutText {#text} at (0,0) size 429x19
          text run at (0,0) width 429: "The next paragraph should be invisible (if it's visible, you'll see red text)."
      LayoutBlockFlow {P} at (0,371) size 769x20
        LayoutText {#text} at (0,0) size 235x19
          text run at (0,0) width 235: "There should be no text after the colon:"
      LayoutBlockFlow {P} at (0,407) size 769x60
        LayoutBlockFlow (anonymous) at (0,0) size 769x20
          LayoutText {#text} at (0,0) size 104x19
            text run at (0,0) width 104: "The italicized text"
        LayoutBlockFlow {I} at (0,20) size 769x20
          LayoutText {#text} at (0,0) size 111x19
            text run at (0,0) width 111: "in this paragraph"
        LayoutBlockFlow (anonymous) at (0,40) size 769x20
          LayoutText {#text} at (0,0) size 194x19
            text run at (0,0) width 194: "should be a block-level element."
      LayoutTable {TABLE} at (0,483) size 769x374 [border: (1px outset #808080)]
        LayoutTableSection {TBODY} at (1,1) size 767x372
          LayoutTableRow {TR} at (0,0) size 767x28
            LayoutTableCell {TD} at (0,0) size 767x28 [bgcolor=#C0C0C0] [border: (1px inset #808080)] [r=0 c=0 rs=1 cs=2]
              LayoutInline {STRONG} at (0,0) size 157x19
                LayoutText {#text} at (4,4) size 157x19
                  text run at (4,4) width 157: "TABLE Testing Section"
          LayoutTableRow {TR} at (0,28) size 767x344
            LayoutTableCell {TD} at (0,186) size 12x28 [bgcolor=#C0C0C0] [border: (1px inset #808080)] [r=1 c=0 rs=1 cs=1]
              LayoutText {#text} at (4,4) size 4x19
                text run at (4,4) width 4: " "
            LayoutTableCell {TD} at (12,28) size 755x344 [border: (1px inset #808080)] [r=1 c=1 rs=1 cs=1]
              LayoutBlockFlow {P} at (4,4) size 747x20
                LayoutText {#text} at (0,0) size 279x19
                  text run at (0,0) width 279: "This sentence should be a block-level element."
              LayoutBlockFlow (anonymous) at (4,40) size 747x60
                LayoutInline {P} at (0,0) size 426x19
                  LayoutText {#text} at (0,0) size 426x19
                    text run at (0,0) width 426: "This sentence should be part of an inline element, as are the next three. "
                LayoutInline {P} at (0,0) size 742x59
                  LayoutText {#text} at (426,0) size 742x59
                    text run at (426,0) width 310: "This sentence and the next two are part of a second"
                    text run at (0,20) width 88: "inline element. "
                    text run at (88,20) width 654: "They should therefore appear, along with the sentence above, to be all one paragraph which is four sentences"
                    text run at (0,40) width 33: "long. "
                    text run at (33,40) width 239: "If this is not the case, then the keyword "
                  LayoutInline {CODE} at (0,0) size 48x16
                    LayoutText {#text} at (272,43) size 48x16
                      text run at (272,43) width 48: "inline"
                  LayoutText {#text} at (320,40) size 102x19
                    text run at (320,40) width 102: " is being ignored."
                LayoutText {#text} at (0,0) size 0x0
              LayoutListItem {P} at (52,116) size 699x60
                LayoutListMarker (anonymous) at (-18,0) size 7x19: black square
                LayoutText {#text} at (0,0) size 685x39
                  text run at (0,0) width 685: "This sentence should be treated as a list-item, and therefore be rendered however this user agent displays list items"
                  text run at (0,20) width 16: "(if "
                LayoutInline {CODE} at (0,0) size 120x16
                  LayoutText {#text} at (16,23) size 120x16
                    text run at (16,23) width 120: "list-style-type"
                LayoutText {#text} at (136,20) size 694x39
                  text run at (136,20) width 346: " is supported, there will be a square for the item marker). "
                  text run at (482,20) width 212: "A 3em left margin has been applied"
                  text run at (0,40) width 363: "in order to ensure that there is space for the list-item marker."
              LayoutBlockFlow {P} at (4,192) size 747x20
                LayoutText {#text} at (0,0) size 429x19
                  text run at (0,0) width 429: "The next paragraph should be invisible (if it's visible, you'll see red text)."
              LayoutBlockFlow {P} at (4,228) size 747x20
                LayoutText {#text} at (0,0) size 235x19
                  text run at (0,0) width 235: "There should be no text after the colon:"
              LayoutBlockFlow {P} at (4,264) size 747x60
                LayoutBlockFlow (anonymous) at (0,0) size 747x20
                  LayoutText {#text} at (0,0) size 104x19
                    text run at (0,0) width 104: "The italicized text"
                LayoutBlockFlow {I} at (0,20) size 747x20
                  LayoutText {#text} at (0,0) size 111x19
                    text run at (0,0) width 111: "in this paragraph"
                LayoutBlockFlow (anonymous) at (0,40) size 747x20
                  LayoutText {#text} at (0,0) size 194x19
                    text run at (0,0) width 194: "should be a block-level element."
layer at (8,137) size 769x2 clip at (0,0) size 0x0
  LayoutBlockFlow {HR} at (0,129) size 769x2 [border: (1px inset #EEEEEE)]
