layer at (0,0) size 800x600
  LayoutView at (0,0) size 800x600
layer at (0,0) size 800x442
  LayoutNGBlockFlow {HTML} at (0,0) size 800x442
    LayoutNGBlockFlow {BODY} at (8,16) size 784x410 [color=#0000FF]
      LayoutNGBlockFlow {P} at (0,0) size 784x120
        LayoutText {#text} at (0,0) size 29x19
          text run at (0,0) width 29: "The "
        LayoutInline {STRONG} at (0,0) size 55x19
          LayoutText {#text} at (29,0) size 55x19
            text run at (29,0) width 55: "first line"
        LayoutText {#text} at (84,0) size 300x19
          text run at (84,0) width 300: " of this paragraph, and only that one, should be "
        LayoutInline {STRONG} at (0,0) size 38x19
          LayoutText {#text} at (384,0) size 38x19
            text run at (384,0) width 38: "green"
        LayoutText {#text} at (422,0) size 779x119
          text run at (422,0) width 357: ". If this precise combination does not occur, then the user"
          text run at (0,20) width 762: "agent has failed this test. Remember that in order to ensure a complete test, the paragraph must be displayed on more than"
          text run at (0,40) width 750: "one line. Dummy text. Dummy text. Dummy text. Dummy text. Dummy text. Dummy text. Dummy text. Dummy text."
          text run at (0,60) width 779: "Dummy text. Dummy text. Dummy text. Dummy text. Dummy text. Dummy text. Dummy text. Dummy text. Dummy text."
          text run at (0,80) width 779: "Dummy text. Dummy text. Dummy text. Dummy text. Dummy text. Dummy text. Dummy text. Dummy text. Dummy text."
          text run at (0,100) width 170: "Dummy text. Dummy text."
      LayoutNGBlockFlow {P} at (0,136) size 784x138
        LayoutText {#text} at (0,1) size 58x36
          text run at (0,1) width 58: "The "
        LayoutInline {STRONG} at (0,0) size 115x36
          LayoutText {#text} at (58,0) size 115x36
            text run at (58,0) width 115: "first line"
        LayoutText {#text} at (173,1) size 774x56
          text run at (173,1) width 601: " of this paragraph, and only that one, should be"
          text run at (0,38) width 11: "a "
        LayoutInline {STRONG} at (0,0) size 41x19
          LayoutText {#text} at (11,38) size 41x19
            text run at (11,38) width 41: "larger"
        LayoutText {#text} at (52,38) size 126x19
          text run at (52,38) width 126: " font size as well as "
        LayoutInline {STRONG} at (0,0) size 38x19
          LayoutText {#text} at (178,38) size 38x19
            text run at (178,38) width 38: "green"
        LayoutText {#text} at (216,38) size 779x99
          text run at (216,38) width 514: ". If this precise combination does not occur, then the user agent has failed this test."
          text run at (0,58) width 750: "Remember that in order to ensure a complete test, the paragraph must be displayed on more than one line. Dummy text."
          text run at (0,78) width 779: "Dummy text. Dummy text. Dummy text. Dummy text. Dummy text. Dummy text. Dummy text. Dummy text. Dummy text."
          text run at (0,98) width 779: "Dummy text. Dummy text. Dummy text. Dummy text. Dummy text. Dummy text. Dummy text. Dummy text. Dummy text."
          text run at (0,118) width 779: "Dummy text. Dummy text. Dummy text. Dummy text. Dummy text. Dummy text. Dummy text. Dummy text. Dummy text."
      LayoutNGBlockFlow {P} at (0,290) size 784x120
        LayoutText {#text} at (0,0) size 29x19
          text run at (0,0) width 29: "The "
        LayoutInline {STRONG} at (0,0) size 62x19
          LayoutText {#text} at (29,0) size 62x19
            text run at (29,0) width 62: "first line"
        LayoutText {#text} at (91,0) size 398x19
          text run at (91,0) width 398: " of this paragraph, and only that one, should be displayed in "
        LayoutInline {STRONG} at (0,0) size 72x19
          LayoutText {#text} at (489,0) size 72x19
            text run at (489,0) width 72: "small-caps"
        LayoutText {#text} at (561,0) size 114x19
          text run at (561,0) width 114: " style as well as "
        LayoutInline {STRONG} at (0,0) size 39x19
          LayoutText {#text} at (675,0) size 39x19
            text run at (675,0) width 39: "green"
        LayoutText {#text} at (714,0) size 784x119
          text run at (714,0) width 58: ". Thus, if"
          text run at (0,20) width 784: "the first line is not in small-caps style, or if the entire paragraph turns out in small-caps, then the user agent has failed this test."
          text run at (0,40) width 779: "Dummy text. Dummy text. Dummy text. Dummy text. Dummy text. Dummy text. Dummy text. Dummy text. Dummy text."
          text run at (0,60) width 779: "Dummy text. Dummy text. Dummy text. Dummy text. Dummy text. Dummy text. Dummy text. Dummy text. Dummy text."
          text run at (0,80) width 779: "Dummy text. Dummy text. Dummy text. Dummy text. Dummy text. Dummy text. Dummy text. Dummy text. Dummy text."
          text run at (0,100) width 83: "Dummy text."
