layer at (0,0) size 800x600
  LayoutView at (0,0) size 800x600
layer at (0,0) size 800x479
  LayoutNGBlockFlow {HTML} at (0,0) size 800x479
    LayoutNGBlockFlow {BODY} at (8,16) size 784x455 [color=#0000FF]
      LayoutNGBlockFlow {P} at (0,0) size 784x250
        LayoutInline {<pseudo:first-letter>} at (0,0) size 88x164 [color=#00FFFF]
          LayoutTextFragment (anonymous) at (0,3) size 88x164
            text run at (0,3) width 88: "T"
        LayoutTextFragment {#text} at (88,89) size 57x55
          text run at (88,89) width 57: "he "
        LayoutInline {STRONG} at (0,0) size 205x55
          LayoutText {#text} at (145,88) size 205x55
            text run at (145,88) width 205: "first letter"
        LayoutText {#text} at (350,89) size 779x100
          text run at (350,89) width 429: " of this paragraph, and"
          text run at (0,170) width 155: "only that one, should be "
        LayoutInline {STRONG} at (0,0) size 87x19
          LayoutText {#text} at (155,170) size 87x19
            text run at (155,170) width 87: "600% bigger"
        LayoutText {#text} at (242,170) size 513x19
          text run at (242,170) width 513: " than the normal text (300% bigger than the rest of first line of this paragraph) and"
        LayoutInline {STRONG} at (0,0) size 34x19
          LayoutText {#text} at (0,190) size 34x19
            text run at (0,190) width 34: "aqua"
        LayoutText {#text} at (34,190) size 109x19
          text run at (34,190) width 109: ", while the entire "
        LayoutInline {STRONG} at (0,0) size 55x19
          LayoutText {#text} at (143,190) size 55x19
            text run at (143,190) width 55: "first line"
        LayoutText {#text} at (198,190) size 69x19
          text run at (198,190) width 69: " should be "
        LayoutInline {STRONG} at (0,0) size 87x19
          LayoutText {#text} at (267,190) size 87x19
            text run at (267,190) width 87: "300% bigger"
        LayoutText {#text} at (354,190) size 110x19
          text run at (354,190) width 110: " than normal and "
        LayoutInline {STRONG} at (0,0) size 24x19
          LayoutText {#text} at (464,190) size 24x19
            text run at (464,190) width 24: "teal"
        LayoutText {#text} at (488,190) size 779x59
          text run at (488,190) width 273: ". If this precise combination does not occur,"
          text run at (0,210) width 779: "then the user agent has failed this test. Remember that in order to ensure a complete test, the paragraph must be displayed on"
          text run at (0,230) width 182: "more than one line. (TEST1)"
      LayoutNGBlockFlow {P} at (0,266) size 784x77
        LayoutInline {<pseudo:first-letter>} at (0,0) size 33x36 [color=#00FFFF]
          LayoutTextFragment (anonymous) at (0,0) size 33x36
            text run at (0,0) width 33: "\"T"
        LayoutTextFragment {#text} at (33,13) size 98x19
          text run at (33,13) width 98: "est\": The first "
        LayoutInline {STRONG} at (0,0) size 108x19
          LayoutText {#text} at (131,13) size 108x19
            text run at (131,13) width 108: "two characters"
        LayoutText {#text} at (239,13) size 446x19
          text run at (239,13) width 446: " in this paragraph (a double-quote mark and a capital 'T') should be "
        LayoutInline {STRONG} at (0,0) size 88x19
          LayoutText {#text} at (685,13) size 88x19
            text run at (685,13) width 88: "200% bigger"
        LayoutText {#text} at (0,37) size 218x19
          text run at (0,37) width 218: "than the rest of the paragraph, and "
        LayoutInline {STRONG} at (0,0) size 34x19
          LayoutText {#text} at (218,37) size 34x19
            text run at (218,37) width 34: "aqua"
        LayoutText {#text} at (252,37) size 146x19
          text run at (252,37) width 146: ". In addition, the entire "
        LayoutInline {STRONG} at (0,0) size 55x19
          LayoutText {#text} at (398,37) size 55x19
            text run at (398,37) width 55: "first line"
        LayoutText {#text} at (453,37) size 96x19
          text run at (453,37) width 96: " should be in a "
        LayoutInline {STRONG} at (0,0) size 159x19
          LayoutText {#text} at (549,37) size 159x19
            text run at (549,37) width 159: "small-caps font and teal"
        LayoutText {#text} at (708,37) size 724x39
          text run at (708,37) width 4: "."
          text run at (0,57) width 724: "Remember that in order to ensure a complete test, the paragraph must be displayed on more than one line. (TEST2)"
      LayoutNGBlockFlow {P} at (0,359) size 784x60
        LayoutInline {<pseudo:first-letter>} at (0,0) size 10x19 [color=#00FFFF]
          LayoutTextFragment (anonymous) at (0,0) size 10x19
            text run at (0,0) width 10: "T"
        LayoutTextFragment {#text} at (10,0) size 19x19
          text run at (10,0) width 19: "he "
        LayoutInline {STRONG} at (0,0) size 66x19
          LayoutText {#text} at (29,0) size 66x19
            text run at (29,0) width 66: "first letter"
        LayoutText {#text} at (95,0) size 300x19
          text run at (95,0) width 300: " of this paragraph, and only that one, should be "
        LayoutInline {STRONG} at (0,0) size 34x19
          LayoutText {#text} at (395,0) size 34x19
            text run at (395,0) width 34: "aqua"
        LayoutText {#text} at (429,0) size 109x19
          text run at (429,0) width 109: ", while the entire "
        LayoutInline {STRONG} at (0,0) size 55x19
          LayoutText {#text} at (538,0) size 55x19
            text run at (538,0) width 55: "first line"
        LayoutText {#text} at (593,0) size 69x19
          text run at (593,0) width 69: " should be "
        LayoutInline {STRONG} at (0,0) size 24x19
          LayoutText {#text} at (662,0) size 24x19
            text run at (662,0) width 24: "teal"
        LayoutText {#text} at (686,0) size 778x59
          text run at (686,0) width 92: ". If this precise"
          text run at (0,20) width 756: "combination does not occur, then the user agent has failed this test. Remember that in order to ensure a complete test, the"
          text run at (0,40) width 386: "paragraph must be displayed on more than one line. (TEST3)"
      LayoutNGBlockFlow {DIV} at (0,435) size 784x20
        LayoutText {#text} at (0,0) size 166x19
          text run at (0,0) width 166: "You should see the words "
        LayoutInline {STRONG} at (0,0) size 68x19
          LayoutText {#text} at (166,0) size 68x19
            text run at (166,0) width 68: "\"TEST1\""
        LayoutText {#text} at (234,0) size 8x19
          text run at (234,0) width 8: ", "
        LayoutInline {STRONG} at (0,0) size 68x19
          LayoutText {#text} at (242,0) size 68x19
            text run at (242,0) width 68: "\"TEST2\""
        LayoutText {#text} at (310,0) size 35x19
          text run at (310,0) width 35: ", and "
        LayoutInline {STRONG} at (0,0) size 68x19
          LayoutText {#text} at (345,0) size 68x19
            text run at (345,0) width 68: "\"TEST3\""
        LayoutText {#text} at (413,0) size 236x19
          text run at (413,0) width 236: " at the end of three paragraphs above."
