layer at (0,0) size 800x600
  LayoutView at (0,0) size 800x600
layer at (0,0) size 800x116
  LayoutNGBlockFlow {HTML} at (0,0) size 800x116
    LayoutNGBlockFlow {BODY} at (8,8) size 784x92
      LayoutNGBlockFlow {DIV} at (0,0) size 784x20
        LayoutText {#text} at (0,0) size 253x19
          text run at (0,0) width 253: "There should be two lines of text below."
      LayoutNGBlockFlow {P} at (0,36) size 784x20 [color=#FF0000]
        LayoutInline (anonymous) at (0,0) size 222x19
          LayoutText {#text} at (0,0) size 222x19
            text run at (0,0) width 222: "This line should be white on green."
      LayoutNGBlockFlow {P} at (0,72) size 784x20 [color=#FF0000]
        LayoutInline (anonymous) at (0,0) size 222x19
          LayoutText {#text} at (0,0) size 222x19
            text run at (0,0) width 222: "This line should be white on green."
