layer at (0,0) size 800x600
  LayoutView at (0,0) size 800x600
layer at (0,0) size 800x248
  LayoutNGBlockFlow {HTML} at (0,0) size 800x248
    LayoutNGBlockFlow {BODY} at (8,16) size 784x216
      LayoutNGBlockFlow {P} at (0,0) size 764x100 [color=#0000FF] [border: none (10px double #0000FF) none]
        LayoutText {#text} at (0,0) size 363x19
          text run at (0,0) width 363: "This paragraph should have two blue lines on its right. \x{21E8} "
        LayoutInline {SPAN} at (0,0) size 754x99 [color=#C0C0C0]
          LayoutText {#text} at (363,0) size 754x99
            text run at (363,0) width 391: "dummy text dummy text dummy text dummy text dummy text"
            text run at (0,20) width 707: "dummy text dummy text dummy text dummy text dummy text dummy text dummy text dummy text dummy text"
            text run at (0,40) width 707: "dummy text dummy text dummy text dummy text dummy text dummy text dummy text dummy text dummy text"
            text run at (0,60) width 707: "dummy text dummy text dummy text dummy text dummy text dummy text dummy text dummy text dummy text"
            text run at (0,80) width 154: "dummy text dummy text"
        LayoutText {#text} at (0,0) size 0x0
      LayoutNGBlockFlow {P} at (0,116) size 764x100 [color=#0000FF] [border: none (1px solid #0000FF) none]
        LayoutText {#text} at (0,0) size 368x19
          text run at (0,0) width 368: "This paragraph should have a thin blue line on its right. \x{21E8} "
        LayoutInline {SPAN} at (0,0) size 759x99 [color=#C0C0C0]
          LayoutText {#text} at (368,0) size 759x99
            text run at (368,0) width 391: "dummy text dummy text dummy text dummy text dummy text"
            text run at (0,20) width 759: "dummy text dummy text dummy text dummy text dummy text dummy text dummy text dummy text dummy text dummy"
            text run at (0,40) width 734: "text dummy text dummy text dummy text dummy text dummy text dummy text dummy text dummy text dummy text"
            text run at (0,60) width 759: "dummy text dummy text dummy text dummy text dummy text dummy text dummy text dummy text dummy text dummy"
            text run at (0,80) width 23: "text"
        LayoutText {#text} at (0,0) size 0x0
