layer at (0,0) size 800x600
  LayoutView at (0,0) size 800x600
layer at (0,0) size 800x348
  LayoutNGBlockFlow {HTML} at (0,0) size 800x348
    LayoutNGBlockFlow {BODY} at (8,8) size 784x332
      LayoutNGBlockFlow {DIV} at (0,0) size 784x20
        LayoutText {#text} at (0,0) size 341x19
          text run at (0,0) width 341: "The blue bits of text should be decorated as described."
      LayoutNGBlockFlow {P} at (0,36) size 784x260 [color=#C0C0C0]
        LayoutText {#text} at (0,0) size 759x79
          text run at (0,0) width 759: "dummy text dummy text dummy text dummy text dummy text dummy text dummy text dummy text dummy text dummy"
          text run at (0,20) width 734: "text dummy text dummy text dummy text dummy text dummy text dummy text dummy text dummy text dummy text"
          text run at (0,40) width 759: "dummy text dummy text dummy text dummy text dummy text dummy text dummy text dummy text dummy text dummy"
          text run at (0,60) width 580: "text dummy text dummy text dummy text dummy text dummy text dummy text dummy text "
        LayoutInline {SPAN} at (0,0) size 130x29 [color=#0000FF] [border: (10px double #0000FF) none]
          LayoutText {#text} at (580,60) size 130x19
            text run at (580,60) width 130: "two blue lines above"
        LayoutText {#text} at (710,60) size 762x119
          text run at (710,60) width 52: " dummy"
          text run at (0,80) width 734: "text dummy text dummy text dummy text dummy text dummy text dummy text dummy text dummy text dummy text"
          text run at (0,100) width 759: "dummy text dummy text dummy text dummy text dummy text dummy text dummy text dummy text dummy text dummy"
          text run at (0,120) width 734: "text dummy text dummy text dummy text dummy text dummy text dummy text dummy text dummy text dummy text"
          text run at (0,140) width 759: "dummy text dummy text dummy text dummy text dummy text dummy text dummy text dummy text dummy text dummy"
          text run at (0,160) width 106: "text dummy text "
        LayoutInline {SPAN} at (0,0) size 151x20 [color=#0000FF] [border: (1px solid #0000FF) none]
          LayoutText {#text} at (106,160) size 151x19
            text run at (106,160) width 151: "one thin blue line above"
        LayoutText {#text} at (257,160) size 783x99
          text run at (257,160) width 526: " dummy text dummy text dummy text dummy text dummy text dummy text dummy"
          text run at (0,180) width 734: "text dummy text dummy text dummy text dummy text dummy text dummy text dummy text dummy text dummy text"
          text run at (0,200) width 759: "dummy text dummy text dummy text dummy text dummy text dummy text dummy text dummy text dummy text dummy"
          text run at (0,220) width 734: "text dummy text dummy text dummy text dummy text dummy text dummy text dummy text dummy text dummy text"
          text run at (0,240) width 312: "dummy text dummy text dummy text dummy text"
      LayoutNGBlockFlow {DIV} at (0,312) size 784x20
        LayoutText {#text} at (0,0) size 416x19
          text run at (0,0) width 416: "(All the lines of text in the block above should be equally spaced.)"
