layer at (0,0) size 800x600
  LayoutView at (0,0) size 800x600
layer at (0,0) size 800x348
  LayoutNGBlockFlow {HTML} at (0,0) size 800x348
    LayoutNGBlockFlow {BODY} at (8,8) size 784x332
      LayoutNGBlockFlow {DIV} at (0,0) size 784x20
        LayoutText {#text} at (0,0) size 341x19
          text run at (0,0) width 341: "The blue bits of text should be decorated as described."
      LayoutNGBlockFlow {P} at (0,36) size 784x260 [color=#C0C0C0]
        LayoutText {#text} at (0,0) size 759x59
          text run at (0,0) width 759: "dummy text dummy text dummy text dummy text dummy text dummy text dummy text dummy text dummy text dummy"
          text run at (0,20) width 734: "text dummy text dummy text dummy text dummy text dummy text dummy text dummy text dummy text dummy text"
          text run at (0,40) width 395: "dummy text dummy text dummy text dummy text dummy text "
        LayoutInline {SPAN} at (0,0) size 759x39 [color=#0000FF] [border: none (10px double #0000FF) none]
          LayoutInline {SPAN} at (0,0) size 759x39 [color=#C0C0C0]
            LayoutText {#text} at (395,40) size 759x39
              text run at (395,40) width 364: "dummy text dummy text dummy text dummy text dummy"
              text run at (0,60) width 576: "text dummy text dummy text dummy text dummy text dummy text dummy text dummy text"
          LayoutText {#text} at (576,60) size 131x19
            text run at (576,60) width 131: " two blue lines here: "
        LayoutText {#text} at (717,60) size 765x119
          text run at (717,60) width 48: "dummy"
          text run at (0,80) width 734: "text dummy text dummy text dummy text dummy text dummy text dummy text dummy text dummy text dummy text"
          text run at (0,100) width 759: "dummy text dummy text dummy text dummy text dummy text dummy text dummy text dummy text dummy text dummy"
          text run at (0,120) width 734: "text dummy text dummy text dummy text dummy text dummy text dummy text dummy text dummy text dummy text"
          text run at (0,140) width 759: "dummy text dummy text dummy text dummy text dummy text dummy text dummy text dummy text dummy text dummy"
          text run at (0,160) width 106: "text dummy text "
        LayoutInline {SPAN} at (0,0) size 149x19 [color=#0000FF] [border: none (1px solid #0000FF) none]
          LayoutText {#text} at (106,160) size 148x19
            text run at (106,160) width 148: "one thin blue line here: "
        LayoutText {#text} at (255,160) size 777x99
          text run at (255,160) width 522: "dummy text dummy text dummy text dummy text dummy text dummy text dummy"
          text run at (0,180) width 734: "text dummy text dummy text dummy text dummy text dummy text dummy text dummy text dummy text dummy text"
          text run at (0,200) width 759: "dummy text dummy text dummy text dummy text dummy text dummy text dummy text dummy text dummy text dummy"
          text run at (0,220) width 734: "text dummy text dummy text dummy text dummy text dummy text dummy text dummy text dummy text dummy text"
          text run at (0,240) width 312: "dummy text dummy text dummy text dummy text"
      LayoutNGBlockFlow {DIV} at (0,312) size 784x20
        LayoutText {#text} at (0,0) size 416x19
          text run at (0,0) width 416: "(All the lines of text in the block above should be equally spaced.)"
