layer at (0,0) size 800x600
  LayoutView at (0,0) size 800x600
layer at (0,0) size 800x234
  LayoutNGBlockFlow {HTML} at (0,0) size 800x234
    LayoutNGBlockFlow {BODY} at (8,16) size 784x208
      LayoutNGBlockFlow {P} at (0,0) size 784x20 [color=#000080]
        LayoutText {#text} at (0,0) size 649x19
          text run at (0,0) width 649: "Below you should see four blocks side by side followed by a matching cross section of the four blocks."
      LayoutNGBlockFlow (floating) {DIV} at (0,46) size 140x132 [bgcolor=#FFFF00] [border: (20px solid #000000)]
        LayoutNGBlockFlow {P} at (40,56) size 60x20
          LayoutText {#text} at (7,0) size 46x19
            text run at (7,0) width 46: "Yellow"
      LayoutNGBlockFlow (floating) {DIV} at (160,46) size 140x132 [color=#FFFFFF] [bgcolor=#0000FF] [border: (20px solid #000000)]
        LayoutNGBlockFlow {P} at (40,56) size 60x20
          LayoutText {#text} at (15,0) size 30x19
            text run at (15,0) width 30: "Blue"
      LayoutNGBlockFlow (floating) {DIV} at (320,46) size 140x132 [bgcolor=#FF0000] [border: (20px solid #000000)]
        LayoutNGBlockFlow {P} at (40,56) size 60x20
          LayoutText {#text} at (17,0) size 26x19
            text run at (17,0) width 26: "Red"
      LayoutNGBlockFlow (floating) {DIV} at (480,46) size 140x132 [color=#FFFFFF] [bgcolor=#008000] [border: (20px solid #000000)]
        LayoutNGBlockFlow {P} at (40,56) size 60x20
          LayoutText {#text} at (10,0) size 40x19
            text run at (10,0) width 40: "Green"
      LayoutNGBlockFlow {DIV} at (0,188) size 784x20
        LayoutTable {TABLE} at (0,0) size 620x20
          LayoutTableSection {TBODY} at (0,0) size 620x20
            LayoutTableRow {TR} at (0,0) size 620x20
              LayoutNGTableCell {TD} at (0,0) size 20x20 [bgcolor=#000000] [r=0 c=0 rs=1 cs=1]
                LayoutText {#text} at (0,0) size 4x19
                  text run at (0,0) width 4: " "
              LayoutNGTableCell {TD} at (20,0) size 100x20 [bgcolor=#FFFF00] [r=0 c=1 rs=1 cs=1]
                LayoutText {#text} at (0,0) size 4x19
                  text run at (0,0) width 4: " "
              LayoutNGTableCell {TD} at (120,0) size 20x20 [bgcolor=#000000] [r=0 c=2 rs=1 cs=1]
                LayoutText {#text} at (0,0) size 4x19
                  text run at (0,0) width 4: " "
              LayoutNGTableCell {TD} at (140,0) size 20x20 [bgcolor=#FFFFFF] [r=0 c=3 rs=1 cs=1]
                LayoutText {#text} at (0,0) size 4x19
                  text run at (0,0) width 4: " "
              LayoutNGTableCell {TD} at (160,0) size 20x20 [bgcolor=#000000] [r=0 c=4 rs=1 cs=1]
                LayoutText {#text} at (0,0) size 4x19
                  text run at (0,0) width 4: " "
              LayoutNGTableCell {TD} at (180,0) size 100x20 [bgcolor=#0000FF] [r=0 c=5 rs=1 cs=1]
                LayoutText {#text} at (0,0) size 4x19
                  text run at (0,0) width 4: " "
              LayoutNGTableCell {TD} at (280,0) size 20x20 [bgcolor=#000000] [r=0 c=6 rs=1 cs=1]
                LayoutText {#text} at (0,0) size 4x19
                  text run at (0,0) width 4: " "
              LayoutNGTableCell {TD} at (300,0) size 20x20 [bgcolor=#FFFFFF] [r=0 c=7 rs=1 cs=1]
                LayoutText {#text} at (0,0) size 4x19
                  text run at (0,0) width 4: " "
              LayoutNGTableCell {TD} at (320,0) size 20x20 [bgcolor=#000000] [r=0 c=8 rs=1 cs=1]
                LayoutText {#text} at (0,0) size 4x19
                  text run at (0,0) width 4: " "
              LayoutNGTableCell {TD} at (340,0) size 100x20 [bgcolor=#FF0000] [r=0 c=9 rs=1 cs=1]
                LayoutText {#text} at (0,0) size 4x19
                  text run at (0,0) width 4: " "
              LayoutNGTableCell {TD} at (440,0) size 20x20 [bgcolor=#000000] [r=0 c=10 rs=1 cs=1]
                LayoutText {#text} at (0,0) size 4x19
                  text run at (0,0) width 4: " "
              LayoutNGTableCell {TD} at (460,0) size 20x20 [bgcolor=#FFFFFF] [r=0 c=11 rs=1 cs=1]
                LayoutText {#text} at (0,0) size 4x19
                  text run at (0,0) width 4: " "
              LayoutNGTableCell {TD} at (480,0) size 20x20 [bgcolor=#000000] [r=0 c=12 rs=1 cs=1]
                LayoutText {#text} at (0,0) size 4x19
                  text run at (0,0) width 4: " "
              LayoutNGTableCell {TD} at (500,0) size 100x20 [bgcolor=#008000] [r=0 c=13 rs=1 cs=1]
                LayoutText {#text} at (0,0) size 4x19
                  text run at (0,0) width 4: " "
              LayoutNGTableCell {TD} at (600,0) size 20x20 [bgcolor=#000000] [r=0 c=14 rs=1 cs=1]
                LayoutText {#text} at (0,0) size 4x19
                  text run at (0,0) width 4: " "
