layer at (0,0) size 800x600
  LayoutView at (0,0) size 800x600
layer at (0,0) size 800x240
  LayoutNGBlockFlow {HTML} at (0,0) size 800x240.19
    LayoutNGBlockFlow {BODY} at (8,16) size 784x132.19
      LayoutNGBlockFlow {P} at (0,0) size 784x40.19 [color=#000080]
        LayoutText {#text} at (0,0) size 396x20
          text run at (0,0) width 396: "In the following test, the purple square should be on the left (\x{21E6}"
        LayoutImage {IMG} at (396,0) size 19.19x19.19
        LayoutText {#text} at (415,0) size 216x20
          text run at (415,0) width 216: "), and the teal square on the right ("
        LayoutImage {IMG} at (630.19,0) size 19.19x19.19
        LayoutText {#text} at (649,0) size 739x40
          text run at (649,0) width 90: "\x{21E8}) of the blue"
          text run at (0,20) width 61: "rectangle."
      LayoutNGBlockFlow {DIV} at (0,56.19) size 784x76
        LayoutNGBlockFlow {DIV} at (16,0) size 752x76 [color=#0000FF] [bgcolor=#000080]
          LayoutImage (floating) {IMG} at (8,8) size 160x160
          LayoutImage (floating) {IMG} at (584,8) size 160x160
          LayoutText {#text} at (168,8) size 392x59
            text run at (168,8) width 392: "Blue rectangle. Blue rectangle. Blue rectangle. Blue rectangle."
            text run at (168,28) width 392: "Blue rectangle. Blue rectangle. Blue rectangle. Blue rectangle."
            text run at (168,48) width 392: "Blue rectangle. Blue rectangle. Blue rectangle. Blue rectangle."
