layer at (0,0) size 800x600
  LayoutView at (0,0) size 800x600
layer at (0,0) size 800x312
  LayoutNGBlockFlow {HTML} at (0,0) size 800x312
    LayoutNGBlockFlow {BODY} at (8,16) size 784x280
      LayoutNGBlockFlow {P} at (0,0) size 784x280 [color=#000080]
        LayoutImage (floating) {IMG} at (0,0) size 50x50
        LayoutText {#text} at (50,0) size 325x19
          text run at (50,0) width 325: "\x{21E6} This text should flow around the box on the left. "
        LayoutInline {SPAN} at (0,0) size 766x279 [color=#C0C0C0]
          LayoutText {#text} at (375,0) size 766x279
            text run at (375,0) width 391: "dummy text dummy text dummy text dummy text dummy text"
            text run at (50,20) width 707: "dummy text dummy text dummy text dummy text dummy text dummy text dummy text dummy text dummy text"
            text run at (50,40) width 707: "dummy text dummy text dummy text dummy text dummy text dummy text dummy text dummy text dummy text"
            text run at (0,60) width 759: "dummy text dummy text dummy text dummy text dummy text dummy text dummy text dummy text dummy text dummy"
            text run at (0,80) width 734: "text dummy text dummy text dummy text dummy text dummy text dummy text dummy text dummy text dummy text"
            text run at (0,100) width 759: "dummy text dummy text dummy text dummy text dummy text dummy text dummy text dummy text dummy text dummy"
            text run at (0,120) width 734: "text dummy text dummy text dummy text dummy text dummy text dummy text dummy text dummy text dummy text"
            text run at (0,140) width 759: "dummy text dummy text dummy text dummy text dummy text dummy text dummy text dummy text dummy text dummy"
            text run at (0,160) width 734: "text dummy text dummy text dummy text dummy text dummy text dummy text dummy text dummy text dummy text"
            text run at (0,180) width 759: "dummy text dummy text dummy text dummy text dummy text dummy text dummy text dummy text dummy text dummy"
            text run at (0,200) width 734: "text dummy text dummy text dummy text dummy text dummy text dummy text dummy text dummy text dummy text"
            text run at (0,220) width 759: "dummy text dummy text dummy text dummy text dummy text dummy text dummy text dummy text dummy text dummy"
            text run at (0,240) width 734: "text dummy text dummy text dummy text dummy text dummy text dummy text dummy text dummy text dummy text"
            text run at (0,260) width 549: "dummy text dummy text dummy text dummy text dummy text dummy text dummy text"
        LayoutText {#text} at (0,0) size 0x0
