layer at (0,0) size 800x600
  LayoutView at (0,0) size 800x600
layer at (0,0) size 800x272
  LayoutNGBlockFlow {HTML} at (0,0) size 800x272
    LayoutNGBlockFlow {BODY} at (8,16) size 784x246
      LayoutNGBlockFlow {P} at (0,0) size 784x20 [color=#000080]
        LayoutText {#text} at (0,0) size 765x19
          text run at (0,0) width 391: "There should be a complete unbroken drawing of a yin-yang ("
          text run at (391,0) width 14: "\x{262F}"
          text run at (405,0) width 360: ") symbol below, slightly on the left (\x{21E6}) inside a blue box."
      LayoutNGBlockFlow {DIV} at (10,36) size 260x210 [border: (5px solid #0000FF)]
        LayoutNGBlockFlow (floating) {P} at (5,5) size 100x100 [color=#000080]
          LayoutImage {IMG} at (0,0) size 100x100
          LayoutText {#text} at (0,0) size 0x0
        LayoutNGBlockFlow (floating) {P} at (105,5) size 100x100 [color=#000080]
          LayoutImage {IMG} at (0,0) size 100x100
          LayoutText {#text} at (0,0) size 0x0
        LayoutNGBlockFlow (floating) {P} at (5,105) size 100x100 [color=#000080]
          LayoutImage {IMG} at (0,0) size 100x100
          LayoutText {#text} at (0,0) size 0x0
        LayoutImage {IMG} at (105,105) size 100x100
        LayoutText {#text} at (0,0) size 0x0
