layer at (0,0) size 800x600
  LayoutView at (0,0) size 800x600
layer at (0,0) size 800x260
  LayoutNGBlockFlow {HTML} at (0,0) size 800x260
    LayoutNGBlockFlow {BODY} at (8,16) size 784x236
      LayoutNGBlockFlow {P} at (0,0) size 784x20
        LayoutText {#text} at (0,0) size 506x19
          text run at (0,0) width 391: "There should be a complete unbroken drawing of a yin-yang ("
          text run at (391,0) width 14: "\x{262F}"
          text run at (405,0) width 101: ") symbol below."
      LayoutNGBlockFlow {DIV} at (0,36) size 784x200
        LayoutNGBlockFlow (floating) {DIV} at (0,0) size 100x100
        LayoutNGBlockFlow (floating) {DIV} at (0,100) size 100x100
        LayoutNGBlockFlow {DIV} at (100,0) size 684x200
