layer at (0,0) size 800x600
  LayoutView at (0,0) size 800x600
layer at (0,0) size 800x565
  LayoutNGBlockFlow {HTML} at (0,0) size 800x565
    LayoutNGBlockFlow {BODY} at (8,16) size 784x541
      LayoutNGBlockFlow {P} at (0,0) size 784x40
        LayoutText {#text} at (0,0) size 770x39
          text run at (0,0) width 770: "The blue rectangle below should be exactly 200 pixels by 120 pixels on the ruler (and the aqua bars should stick out of the"
          text run at (0,20) width 193: "blue box, with no red present)."
      LayoutNGBlockFlow {DIV} at (0,56) size 784x485
        LayoutImage {IMG} at (40,40) size 120x200
