layer at (0,0) size 800x600
  LayoutView at (0,0) size 800x600
layer at (0,0) size 800x460
  LayoutNGBlockFlow {HTML} at (0,0) size 800x460
    LayoutNGBlockFlow {BODY} at (8,16) size 784x428
      LayoutNGBlockFlow {P} at (0,0) size 784x20 [color=#000080]
        LayoutText {#text} at (0,0) size 616x19
          text run at (0,0) width 616: "Below this paragraph there should be a big teal square half the width of the window and centered."
      LayoutNGBlockFlow {P} at (0,36) size 784x392 [color=#000080]
        LayoutImage {IMG} at (196,0) size 392x392
