layer at (0,0) size 800x600
  LayoutView at (0,0) size 800x600
layer at (0,0) size 800x260
  LayoutNGBlockFlow {HTML} at (0,0) size 800x259.66
    LayoutNGBlockFlow {BODY} at (8,16) size 784x193.66
      LayoutNGBlockFlow {P} at (0,0) size 784x40
        LayoutText {#text} at (0,0) size 754x39
          text run at (0,0) width 754: "There should be four identical white boxes in the teal block below, all the same size, each one a little lower down on the"
          text run at (0,20) width 134: "line, in a step pattern."
      LayoutNGBlockFlow {DIV} at (50,90) size 684x103.66 [color=#FFFFFF] [bgcolor=#008080]
        LayoutInline {SPAN} at (0,0) size 51x51
          LayoutText {#text} at (12,12) size 51x51
            text run at (12,12) width 51: "X"
        LayoutText {#text} at (62,30) size 51x51
          text run at (62,30) width 51: " "
        LayoutImage {IMG} at (112.50,20.16) size 50x50
        LayoutText {#text} at (162,30) size 151x51
          text run at (162,30) width 151: " X "
        LayoutInline {SPAN} at (0,0) size 51x51
          LayoutText {#text} at (312,41) size 51x51
            text run at (312,41) width 51: "X"
