layer at (0,0) size 800x600
  LayoutView at (0,0) size 800x600
layer at (0,0) size 800x100
  LayoutNGBlockFlow {HTML} at (0,0) size 800x100
    LayoutNGBlockFlow {BODY} at (8,16) size 784x76
      LayoutNGBlockFlow {P} at (0,0) size 784x20
        LayoutText {#text} at (0,0) size 233x19
          text run at (0,0) width 233: "The following two lines should look "
        LayoutInline {EM} at (0,0) size 90x19
          LayoutText {#text} at (233,0) size 90x19
            text run at (233,0) width 90: "approximately"
        LayoutText {#text} at (323,0) size 63x19
          text run at (323,0) width 63: " the same:"
      LayoutNGBlockFlow {DIV} at (0,36) size 784x20
        LayoutInline {SPAN} at (0,0) size 10x19
          LayoutInline {<pseudo:before>} at (0,0) size 10x19
            LayoutCounter (anonymous) at (0,0) size 10x19
              text run at (0,0) width 10: "\x{25A0}"
        LayoutText {#text} at (10,0) size 4x19
          text run at (10,0) width 4: " "
        LayoutInline {SPAN} at (0,0) size 10x19
          LayoutInline {<pseudo:before>} at (0,0) size 10x19
            LayoutCounter (anonymous) at (14,0) size 10x19
              text run at (14,0) width 10: "\x{25A0}"
        LayoutText {#text} at (24,0) size 4x19
          text run at (24,0) width 4: " "
        LayoutInline {SPAN} at (0,0) size 10x19
          LayoutInline {<pseudo:before>} at (0,0) size 10x19
            LayoutCounter (anonymous) at (28,0) size 10x19
              text run at (28,0) width 10: "\x{25A0}"
        LayoutText {#text} at (38,0) size 4x19
          text run at (38,0) width 4: " "
        LayoutInline {SPAN} at (0,0) size 10x19
          LayoutInline {<pseudo:before>} at (0,0) size 10x19
            LayoutCounter (anonymous) at (42,0) size 10x19
              text run at (42,0) width 10: "\x{25A0}"
        LayoutText {#text} at (52,0) size 4x19
          text run at (52,0) width 4: " "
        LayoutInline {SPAN} at (0,0) size 10x19
          LayoutInline {<pseudo:before>} at (0,0) size 10x19
            LayoutCounter (anonymous) at (56,0) size 10x19
              text run at (56,0) width 10: "\x{25A0}"
        LayoutText {#text} at (66,0) size 4x19
          text run at (66,0) width 4: " "
        LayoutInline {SPAN} at (0,0) size 10x19
          LayoutInline {<pseudo:before>} at (0,0) size 10x19
            LayoutCounter (anonymous) at (70,0) size 10x19
              text run at (70,0) width 10: "\x{25A0}"
        LayoutText {#text} at (80,0) size 4x19
          text run at (80,0) width 4: " "
        LayoutInline {SPAN} at (0,0) size 10x19
          LayoutInline {<pseudo:before>} at (0,0) size 10x19
            LayoutCounter (anonymous) at (84,0) size 10x19
              text run at (84,0) width 10: "\x{25A0}"
        LayoutText {#text} at (94,0) size 4x19
          text run at (94,0) width 4: " "
        LayoutInline {SPAN} at (0,0) size 10x19
          LayoutInline {<pseudo:before>} at (0,0) size 10x19
            LayoutCounter (anonymous) at (98,0) size 10x19
              text run at (98,0) width 10: "\x{25A0}"
        LayoutText {#text} at (108,0) size 4x19
          text run at (108,0) width 4: " "
        LayoutInline {SPAN} at (0,0) size 10x19
          LayoutInline {<pseudo:before>} at (0,0) size 10x19
            LayoutCounter (anonymous) at (112,0) size 10x19
              text run at (112,0) width 10: "\x{25A0}"
        LayoutText {#text} at (122,0) size 4x19
          text run at (122,0) width 4: " "
        LayoutInline {SPAN} at (0,0) size 10x19
          LayoutInline {<pseudo:before>} at (0,0) size 10x19
            LayoutCounter (anonymous) at (126,0) size 10x19
              text run at (126,0) width 10: "\x{25A0}"
        LayoutText {#text} at (136,0) size 4x19
          text run at (136,0) width 4: " "
        LayoutInline {SPAN} at (0,0) size 10x19
          LayoutInline {<pseudo:before>} at (0,0) size 10x19
            LayoutCounter (anonymous) at (140,0) size 10x19
              text run at (140,0) width 10: "\x{25A0}"
        LayoutText {#text} at (150,0) size 4x19
          text run at (150,0) width 4: " "
        LayoutInline {SPAN} at (0,0) size 10x19
          LayoutInline {<pseudo:before>} at (0,0) size 10x19
            LayoutCounter (anonymous) at (154,0) size 10x19
              text run at (154,0) width 10: "\x{25A0}"
        LayoutText {#text} at (0,0) size 0x0
      LayoutNGBlockFlow {DIV} at (0,56) size 784x20
        LayoutText {#text} at (0,0) size 144x19
          text run at (0,0) width 144: "\x{25FE}\x{25FE}\x{25FE}\x{25FE}\x{25FE}\x{25FE}\x{25FE}\x{25FE}\x{25FE}\x{25FE}\x{25FE}\x{25FE}"
