layer at (0,0) size 800x600
  LayoutView at (0,0) size 800x600
layer at (0,0) size 800x100
  LayoutNGBlockFlow {HTML} at (0,0) size 800x100
    LayoutNGBlockFlow {BODY} at (8,16) size 784x76
      LayoutNGBlockFlow {P} at (0,0) size 784x20
        LayoutText {#text} at (0,0) size 292x19
          text run at (0,0) width 292: "The following two lines should look the same:"
      LayoutNGBlockFlow {DIV} at (0,36) size 784x20
        LayoutInline {SPAN} at (0,0) size 20x19
          LayoutInline {<pseudo:before>} at (0,0) size 20x19
            LayoutCounter (anonymous) at (0,0) size 20x19
              text run at (0,0) width 20: "1.1"
        LayoutText {#text} at (20,0) size 4x19
          text run at (20,0) width 4: " "
        LayoutInline {SPAN} at (0,0) size 20x19
          LayoutInline {<pseudo:before>} at (0,0) size 20x19
            LayoutCounter (anonymous) at (24,0) size 20x19
              text run at (24,0) width 20: "1.2"
        LayoutText {#text} at (44,0) size 4x19
          text run at (44,0) width 4: " "
        LayoutInline {SPAN} at (0,0) size 20x19
          LayoutInline {<pseudo:before>} at (0,0) size 20x19
            LayoutCounter (anonymous) at (48,0) size 20x19
              text run at (48,0) width 20: "1.3"
        LayoutText {#text} at (68,0) size 4x19
          text run at (68,0) width 4: " "
        LayoutInline {SPAN} at (0,0) size 20x19
          LayoutInline {<pseudo:before>} at (0,0) size 20x19
            LayoutCounter (anonymous) at (72,0) size 20x19
              text run at (72,0) width 20: "1.4"
        LayoutText {#text} at (92,0) size 4x19
          text run at (92,0) width 4: " "
        LayoutInline {SPAN} at (0,0) size 20x19
          LayoutInline {<pseudo:before>} at (0,0) size 20x19
            LayoutCounter (anonymous) at (96,0) size 20x19
              text run at (96,0) width 20: "1.5"
        LayoutText {#text} at (116,0) size 4x19
          text run at (116,0) width 4: " "
        LayoutInline {SPAN} at (0,0) size 20x19
          LayoutInline {<pseudo:before>} at (0,0) size 20x19
            LayoutCounter (anonymous) at (120,0) size 20x19
              text run at (120,0) width 20: "1.6"
        LayoutText {#text} at (140,0) size 4x19
          text run at (140,0) width 4: " "
        LayoutInline {SPAN} at (0,0) size 20x19
          LayoutInline {<pseudo:before>} at (0,0) size 20x19
            LayoutCounter (anonymous) at (144,0) size 20x19
              text run at (144,0) width 20: "1.7"
        LayoutText {#text} at (164,0) size 4x19
          text run at (164,0) width 4: " "
        LayoutInline {SPAN} at (0,0) size 20x19
          LayoutInline {<pseudo:before>} at (0,0) size 20x19
            LayoutCounter (anonymous) at (168,0) size 20x19
              text run at (168,0) width 20: "1.8"
        LayoutText {#text} at (188,0) size 4x19
          text run at (188,0) width 4: " "
        LayoutInline {SPAN} at (0,0) size 20x19
          LayoutInline {<pseudo:before>} at (0,0) size 20x19
            LayoutCounter (anonymous) at (192,0) size 20x19
              text run at (192,0) width 20: "1.9"
        LayoutText {#text} at (212,0) size 4x19
          text run at (212,0) width 4: " "
        LayoutInline {SPAN} at (0,0) size 28x19
          LayoutInline {<pseudo:before>} at (0,0) size 28x19
            LayoutCounter (anonymous) at (216,0) size 28x19
              text run at (216,0) width 28: "1.10"
        LayoutText {#text} at (244,0) size 4x19
          text run at (244,0) width 4: " "
        LayoutInline {SPAN} at (0,0) size 27x19
          LayoutInline {<pseudo:before>} at (0,0) size 27x19
            LayoutCounter (anonymous) at (248,0) size 27x19
              text run at (248,0) width 27: "1.11"
        LayoutText {#text} at (275,0) size 4x19
          text run at (275,0) width 4: " "
        LayoutInline {SPAN} at (0,0) size 28x19
          LayoutInline {<pseudo:before>} at (0,0) size 28x19
            LayoutCounter (anonymous) at (279,0) size 28x19
              text run at (279,0) width 28: "1.12"
        LayoutText {#text} at (0,0) size 0x0
      LayoutNGBlockFlow {DIV} at (0,56) size 784x20
        LayoutText {#text} at (0,0) size 307x19
          text run at (0,0) width 307: "1.1 1.2 1.3 1.4 1.5 1.6 1.7 1.8 1.9 1.10 1.11 1.12"
