layer at (0,0) size 800x600
  LayoutView at (0,0) size 800x600
layer at (0,0) size 800x100
  LayoutNGBlockFlow {HTML} at (0,0) size 800x100
    LayoutNGBlockFlow {BODY} at (8,16) size 784x76
      LayoutNGBlockFlow {P} at (0,0) size 784x20
        LayoutText {#text} at (0,0) size 227x19
          text run at (0,0) width 227: "The next 2 lines should be identical:"
      LayoutNGBlockFlow {DIV} at (0,36) size 784x20
        LayoutInline {SPAN} at (0,0) size 38x19
          LayoutInline {<pseudo:before>} at (0,0) size 8x19
            LayoutCounter (anonymous) at (0,0) size 8x19
              text run at (0,0) width 8: "1"
          LayoutInline {SPAN} at (0,0) size 16x19
            LayoutInline {<pseudo:before>} at (0,0) size 8x19
              LayoutCounter (anonymous) at (8,0) size 8x19
                text run at (8,0) width 8: "2"
            LayoutInline {SPAN} at (0,0) size 8x19
              LayoutInline {<pseudo:before>} at (0,0) size 8x19
                LayoutCounter (anonymous) at (16,0) size 8x19
                  text run at (16,0) width 8: "2"
          LayoutInline {SPAN} at (0,0) size 7x19
            LayoutInline {<pseudo:before>} at (0,0) size 7x19
              LayoutCounter (anonymous) at (24,0) size 7x19
                text run at (24,0) width 7: "1"
          LayoutInline {<pseudo:after>} at (0,0) size 7x19
            LayoutCounter (anonymous) at (31,0) size 7x19
              text run at (31,0) width 7: "1"
        LayoutInline {SPAN} at (0,0) size 8x19
          LayoutInline {<pseudo:before>} at (0,0) size 8x19
            LayoutCounter (anonymous) at (38,0) size 8x19
              text run at (38,0) width 8: "1"
        LayoutText {#text} at (46,0) size 4x19
          text run at (46,0) width 4: " "
        LayoutInline {SPAN} at (0,0) size 40x19
          LayoutInline {<pseudo:before>} at (0,0) size 8x19
            LayoutCounter (anonymous) at (50,0) size 8x19
              text run at (50,0) width 8: "1"
          LayoutInline {SPAN} at (0,0) size 16x19
            LayoutInline {<pseudo:before>} at (0,0) size 8x19
              LayoutCounter (anonymous) at (58,0) size 8x19
                text run at (58,0) width 8: "3"
            LayoutInline {SPAN} at (0,0) size 8x19
              LayoutInline {<pseudo:before>} at (0,0) size 8x19
                LayoutCounter (anonymous) at (66,0) size 8x19
                  text run at (66,0) width 8: "3"
          LayoutInline {SPAN} at (0,0) size 8x19
            LayoutInline {<pseudo:before>} at (0,0) size 8x19
              LayoutCounter (anonymous) at (74,0) size 8x19
                text run at (74,0) width 8: "3"
          LayoutInline {<pseudo:after>} at (0,0) size 8x19
            LayoutCounter (anonymous) at (82,0) size 8x19
              text run at (82,0) width 8: "3"
        LayoutInline {SPAN} at (0,0) size 8x19
          LayoutInline {<pseudo:before>} at (0,0) size 8x19
            LayoutCounter (anonymous) at (90,0) size 8x19
              text run at (90,0) width 8: "1"
        LayoutText {#text} at (0,0) size 0x0
      LayoutNGBlockFlow {DIV} at (0,56) size 784x20
        LayoutText {#text} at (0,0) size 98x19
          text run at (0,0) width 98: "122111 133331"
