layer at (0,0) size 800x600
  LayoutView at (0,0) size 800x600
layer at (0,0) size 800x100
  LayoutNGBlockFlow {HTML} at (0,0) size 800x100
    LayoutNGBlockFlow {BODY} at (8,16) size 784x76
      LayoutNGBlockFlow {P} at (0,0) size 784x20
        LayoutText {#text} at (0,0) size 292x19
          text run at (0,0) width 292: "The following two lines should look the same:"
      LayoutNGBlockFlow {DIV} at (0,36) size 784x20
        LayoutInline {SPAN} at (0,0) size 5x19
          LayoutInline {<pseudo:before>} at (0,0) size 5x19
            LayoutCounter (anonymous) at (0,0) size 5x19
              text run at (0,0) width 5: "I"
        LayoutText {#text} at (5,0) size 4x19
          text run at (5,0) width 4: " "
        LayoutInline {SPAN} at (0,0) size 10x19
          LayoutInline {<pseudo:before>} at (0,0) size 10x19
            LayoutCounter (anonymous) at (9,0) size 10x19
              text run at (9,0) width 10: "II"
        LayoutText {#text} at (19,0) size 4x19
          text run at (19,0) width 4: " "
        LayoutInline {SPAN} at (0,0) size 15x19
          LayoutInline {<pseudo:before>} at (0,0) size 15x19
            LayoutCounter (anonymous) at (23,0) size 15x19
              text run at (23,0) width 15: "III"
        LayoutText {#text} at (38,0) size 4x19
          text run at (38,0) width 4: " "
        LayoutInline {SPAN} at (0,0) size 17x19
          LayoutInline {<pseudo:before>} at (0,0) size 17x19
            LayoutCounter (anonymous) at (42,0) size 17x19
              text run at (42,0) width 17: "IV"
        LayoutText {#text} at (59,0) size 4x19
          text run at (59,0) width 4: " "
        LayoutInline {SPAN} at (0,0) size 12x19
          LayoutInline {<pseudo:before>} at (0,0) size 12x19
            LayoutCounter (anonymous) at (63,0) size 12x19
              text run at (63,0) width 12: "V"
        LayoutText {#text} at (75,0) size 4x19
          text run at (75,0) width 4: " "
        LayoutInline {SPAN} at (0,0) size 17x19
          LayoutInline {<pseudo:before>} at (0,0) size 17x19
            LayoutCounter (anonymous) at (79,0) size 17x19
              text run at (79,0) width 17: "VI"
        LayoutText {#text} at (96,0) size 4x19
          text run at (96,0) width 4: " "
        LayoutInline {SPAN} at (0,0) size 22x19
          LayoutInline {<pseudo:before>} at (0,0) size 22x19
            LayoutCounter (anonymous) at (100,0) size 22x19
              text run at (100,0) width 22: "VII"
        LayoutText {#text} at (122,0) size 4x19
          text run at (122,0) width 4: " "
        LayoutInline {SPAN} at (0,0) size 27x19
          LayoutInline {<pseudo:before>} at (0,0) size 27x19
            LayoutCounter (anonymous) at (126,0) size 27x19
              text run at (126,0) width 27: "VIII"
        LayoutText {#text} at (153,0) size 4x19
          text run at (153,0) width 4: " "
        LayoutInline {SPAN} at (0,0) size 17x19
          LayoutInline {<pseudo:before>} at (0,0) size 17x19
            LayoutCounter (anonymous) at (157,0) size 17x19
              text run at (157,0) width 17: "IX"
        LayoutText {#text} at (174,0) size 4x19
          text run at (174,0) width 4: " "
        LayoutInline {SPAN} at (0,0) size 12x19
          LayoutInline {<pseudo:before>} at (0,0) size 12x19
            LayoutCounter (anonymous) at (178,0) size 12x19
              text run at (178,0) width 12: "X"
        LayoutText {#text} at (190,0) size 4x19
          text run at (190,0) width 4: " "
        LayoutInline {SPAN} at (0,0) size 17x19
          LayoutInline {<pseudo:before>} at (0,0) size 17x19
            LayoutCounter (anonymous) at (194,0) size 17x19
              text run at (194,0) width 17: "XI"
        LayoutText {#text} at (211,0) size 4x19
          text run at (211,0) width 4: " "
        LayoutInline {SPAN} at (0,0) size 22x19
          LayoutInline {<pseudo:before>} at (0,0) size 22x19
            LayoutCounter (anonymous) at (215,0) size 22x19
              text run at (215,0) width 22: "XII"
        LayoutText {#text} at (237,0) size 4x19
          text run at (237,0) width 4: " "
        LayoutInline {SPAN} at (0,0) size 39x19
          LayoutInline {<pseudo:before>} at (0,0) size 39x19
            LayoutCounter (anonymous) at (241,0) size 39x19
              text run at (241,0) width 39: "XLIX"
        LayoutText {#text} at (280,0) size 4x19
          text run at (280,0) width 4: " "
        LayoutInline {SPAN} at (0,0) size 9x19
          LayoutInline {<pseudo:before>} at (0,0) size 9x19
            LayoutCounter (anonymous) at (284,0) size 9x19
              text run at (284,0) width 9: "L"
        LayoutText {#text} at (293,0) size 4x19
          text run at (293,0) width 4: " "
        LayoutInline {SPAN} at (0,0) size 96x19
          LayoutInline {<pseudo:before>} at (0,0) size 96x19
            LayoutCounter (anonymous) at (297,0) size 96x19
              text run at (297,0) width 96: "CCCLXXXIX"
        LayoutText {#text} at (393,0) size 4x19
          text run at (393,0) width 4: " "
        LayoutInline {SPAN} at (0,0) size 56x19
          LayoutInline {<pseudo:before>} at (0,0) size 56x19
            LayoutCounter (anonymous) at (397,0) size 56x19
              text run at (397,0) width 56: "CCCXC"
        LayoutText {#text} at (453,0) size 4x19
          text run at (453,0) width 4: " "
        LayoutInline {SPAN} at (0,0) size 128x19
          LayoutInline {<pseudo:before>} at (0,0) size 128x19
            LayoutCounter (anonymous) at (457,0) size 128x19
              text run at (457,0) width 128: "MMMCDLXXXIX"
        LayoutText {#text} at (585,0) size 4x19
          text run at (585,0) width 4: " "
        LayoutInline {SPAN} at (0,0) size 88x19
          LayoutInline {<pseudo:before>} at (0,0) size 88x19
            LayoutCounter (anonymous) at (589,0) size 88x19
              text run at (589,0) width 88: "MMMCDXC"
        LayoutText {#text} at (677,0) size 4x19
          text run at (677,0) width 4: " "
        LayoutInline {SPAN} at (0,0) size 93x19
          LayoutInline {<pseudo:before>} at (0,0) size 93x19
            LayoutCounter (anonymous) at (681,0) size 93x19
              text run at (681,0) width 93: "MMMCDXCI"
        LayoutText {#text} at (0,0) size 0x0
      LayoutNGBlockFlow {DIV} at (0,56) size 784x20
        LayoutText {#text} at (0,0) size 774x19
          text run at (0,0) width 774: "I II III IV V VI VII VIII IX X XI XII XLIX L CCCLXXXIX CCCXC MMMCDLXXXIX MMMCDXC MMMCDXCI"
