layer at (0,0) size 800x600
  LayoutView at (0,0) size 800x600
layer at (0,0) size 800x106
  LayoutNGBlockFlow {HTML} at (0,0) size 800x106
    LayoutNGBlockFlow {BODY} at (8,13) size 784x80 [color=#000080]
      LayoutNGBlockFlow {P} at (0,0) size 784x80
        LayoutText {#text} at (0,0) size 636x16
          text run at (0,0) width 636: "This text should be 13px Helvetica in small-caps and italicized. There should be a small gap between each line. "
        LayoutInline {SPAN} at (0,0) size 784x80 [color=#C0C0C0]
          LayoutText {#text} at (636,0) size 784x80
            text run at (636,0) width 132: "dummy text dummy text"
            text run at (0,16) width 784: "dummy text dummy text dummy text dummy text dummy text dummy text dummy text dummy text dummy text dummy text dummy text dummy"
            text run at (0,32) width 772: "text dummy text dummy text dummy text dummy text dummy text dummy text dummy text dummy text dummy text dummy text dummy text"
            text run at (0,48) width 784: "dummy text dummy text dummy text dummy text dummy text dummy text dummy text dummy text dummy text dummy text dummy text dummy"
            text run at (0,64) width 704: "text dummy text dummy text dummy text dummy text dummy text dummy text dummy text dummy text dummy text dummy text"
        LayoutText {#text} at (0,0) size 0x0
