layer at (0,0) size 800x600
  LayoutView at (0,0) size 800x600
layer at (0,0) size 800x156
  LayoutNGBlockFlow {HTML} at (0,0) size 800x156
    LayoutNGBlockFlow {BODY} at (8,13) size 784x130 [color=#000080]
      LayoutNGBlockFlow {P} at (0,0) size 784x130
        LayoutText {#text} at (0,5) size 347x15
          text run at (0,5) width 347: "This text should be small and cursive, with double line spacing. "
        LayoutInline {SPAN} at (0,0) size 752x119 [color=#C0C0C0]
          LayoutText {#text} at (347,5) size 752x119
            text run at (347,5) width 405: "dummy text dummy text dummy text dummy text dummy text dummy text"
            text run at (0,31) width 745: "dummy text dummy text dummy text dummy text dummy text dummy text dummy text dummy text dummy text dummy text dummy text"
            text run at (0,57) width 745: "dummy text dummy text dummy text dummy text dummy text dummy text dummy text dummy text dummy text dummy text dummy text"
            text run at (0,83) width 745: "dummy text dummy text dummy text dummy text dummy text dummy text dummy text dummy text dummy text dummy text dummy text"
            text run at (0,109) width 541: "dummy text dummy text dummy text dummy text dummy text dummy text dummy text dummy text"
        LayoutText {#text} at (0,0) size 0x0
