layer at (0,0) size 800x600
  LayoutView at (0,0) size 800x600
layer at (0,0) size 800x111
  LayoutNGBlockFlow {HTML} at (0,0) size 800x111.19
    LayoutNGBlockFlow {BODY} at (8,9.59) size 784x92 [color=#000080]
      LayoutNGBlockFlow {P} at (0,0) size 784x92
        LayoutText {#text} at (0,5) size 472x13
          text run at (0,5) width 472: "This test should be about 10px, sans-serif, and light. There should be about 15px between each line. "
        LayoutInline {SPAN} at (0,0) size 781x82 [color=#C0C0C0]
          LayoutText {#text} at (472,5) size 781x82
            text run at (472,5) width 277: "dummy text dummy text dummy text dummy text dummy text"
            text run at (0,28) width 781: "dummy text dummy text dummy text dummy text dummy text dummy text dummy text dummy text dummy text dummy text dummy text dummy text dummy text dummy text"
            text run at (0,51) width 781: "dummy text dummy text dummy text dummy text dummy text dummy text dummy text dummy text dummy text dummy text dummy text dummy text dummy text dummy text"
            text run at (0,74) width 781: "dummy text dummy text dummy text dummy text dummy text dummy text dummy text dummy text dummy text dummy text dummy text dummy text dummy text dummy text"
        LayoutText {#text} at (0,0) size 0x0
