layer at (0,0) size 800x600
  LayoutView at (0,0) size 800x600
layer at (0,0) size 800x468
  LayoutNGBlockFlow {HTML} at (0,0) size 800x468
    LayoutNGBlockFlow {BODY} at (8,18) size 784x432 [color=#000080]
      LayoutNGBlockFlow {P} at (0,0) size 784x432
        LayoutText {#text} at (0,16) size 748x76
          text run at (0,16) width 748: "This text should be 18px sans-serif, in small-caps, italicized, and very light. There should be a"
          text run at (0,70) width 226: "36px gap between each line. "
        LayoutInline {SPAN} at (0,0) size 779x346 [color=#C0C0C0]
          LayoutText {#text} at (226,70) size 779x346
            text run at (226,70) width 553: "dummy text dummy text dummy text dummy text dummy text dummy text"
            text run at (0,124) width 739: "dummy text dummy text dummy text dummy text dummy text dummy text dummy text dummy text"
            text run at (0,178) width 739: "dummy text dummy text dummy text dummy text dummy text dummy text dummy text dummy text"
            text run at (0,232) width 739: "dummy text dummy text dummy text dummy text dummy text dummy text dummy text dummy text"
            text run at (0,286) width 739: "dummy text dummy text dummy text dummy text dummy text dummy text dummy text dummy text"
            text run at (0,340) width 739: "dummy text dummy text dummy text dummy text dummy text dummy text dummy text dummy text"
            text run at (0,394) width 88: "dummy text"
        LayoutText {#text} at (0,0) size 0x0
