layer at (0,0) size 800x600
  LayoutView at (0,0) size 800x600
layer at (668,0) size 132x600
  LayoutBlockFlow {HTML} at (0,0) size 132x600
    LayoutBlockFlow {BODY} at (16,8) size 108x584
      LayoutBlockFlow {P} at (0,0) size 20x584
        LayoutText {#text} at (0,0) size 19x211
          text run at (0,0) width 211: "These two lines should be identical:"
      LayoutBlockFlow {DIV} at (36,0) size 36x584
        LayoutText {#text} at (4,0) size 27x276
          text run at (4,0) width 276: "\x{5E0C}\x{8584}\x{5316}\x{5F8C}\x{306E}1\x{682A}\x{5F53}\x{308A}\x{5229}\x{76CA}\x{304C}"
        LayoutInline {SPAN} at (0,0) size 27x24
          LayoutTextCombine {#text} at (4,276) size 27x24
            text run at (4,276) width 24: "3.667"
        LayoutText {#text} at (4,300) size 27x144
          text run at (4,300) width 144: "\x{30C9}\x{30EB}\x{3067}\x{3057}\x{305F}\x{3002}"
      LayoutBlockFlow {DIV} at (72,0) size 36x584
        LayoutText {#text} at (4,0) size 27x276
          text run at (4,0) width 276: "\x{5E0C}\x{8584}\x{5316}\x{5F8C}\x{306E}1\x{682A}\x{5F53}\x{308A}\x{5229}\x{76CA}\x{304C}"
        LayoutInline {SPAN} at (0,0) size 27x24
          LayoutTextCombine {#text} at (4,276) size 27x24
            text run at (4,276) width 24: "3.667"
        LayoutText {#text} at (4,300) size 27x144
          text run at (4,300) width 144: "\x{30C9}\x{30EB}\x{3067}\x{3057}\x{305F}\x{3002}"
