layer at (0,0) size 800x600
  LayoutView at (0,0) size 800x600
layer at (0,0) size 800x80
  LayoutBlockFlow {HTML} at (0,0) size 800x80
    LayoutBlockFlow {BODY} at (8,8) size 784x56
      LayoutBlockFlow (anonymous) at (0,0) size 784x20
        LayoutInline {BDO} at (0,0) size 80x19
          LayoutText {#text} at (0,0) size 80x19
            text run at (0,0) width 80 RTL override: "m\x{300}uspimeroL"
        LayoutText {#text} at (0,0) size 0x0
      LayoutBlockFlow {P} at (0,36) size 784x20
        LayoutText {#text} at (0,0) size 396x19
          text run at (0,0) width 396: "Tests that rtl selections are repainted correctly for complex text."
selection start: position 2 of child 0 {#text} of child 3 {BDO} of body
selection end:   position 6 of child 0 {#text} of child 3 {BDO} of body
