layer at (0,0) size 800x600
  LayoutView at (0,0) size 800x600
layer at (0,0) size 800x90
  LayoutBlockFlow {HTML} at (0,0) size 800x90
    LayoutBlockFlow {BODY} at (8,8) size 784x74
      LayoutFlexibleBox {DIV} at (0,0) size 784x74 [bgcolor=#DDDDDD]
        LayoutBlockFlow {DIV} at (0,0) size 100x74
          LayoutInline {SPAN} at (0,0) size 56x36
            LayoutText {#text} at (0,0) size 56x36
              text run at (0,0) width 56: "aaaa"
          LayoutBR {BR} at (56,0) size 0x36
          LayoutInline {SPAN} at (0,0) size 64x36
            LayoutText {#text} at (0,37) size 64x36
              text run at (0,37) width 64: "bbbb"
          LayoutText {#text} at (0,0) size 0x0
        LayoutBlockFlow {DIV} at (100,0) size 100x74
          LayoutInline {SPAN} at (0,0) size 56x36
            LayoutText {#text} at (0,0) size 56x36
              text run at (0,0) width 56: "cccc"
          LayoutBR {BR} at (56,0) size 0x36
          LayoutInline {SPAN} at (0,0) size 64x36
            LayoutText {#text} at (0,37) size 64x36
              text run at (0,37) width 64: "dddd"
          LayoutText {#text} at (0,0) size 0x0
selection start: position 0 of child 0 {#text} of child 4 {SPAN} of child 1 {DIV} of child 0 {DIV} of body
selection end:   position 2 of child 0 {#text} of child 4 {SPAN} of child 3 {DIV} of child 0 {DIV} of body
