layer at (0,0) size 800x600
  LayoutView at (0,0) size 800x600
layer at (0,0) size 800x36
  LayoutBlockFlow {HTML} at (0,0) size 800x36
    LayoutBlockFlow {BODY} at (8,8) size 784x20
      LayoutBlockFlow {DIV} at (0,0) size 298x20
        LayoutInline {SPAN} at (0,0) size 37x19
          LayoutText {#text} at (0,0) size 37x19
            text run at (0,0) width 37: "There"
        LayoutText {#text} at (37,0) size 4x19
          text run at (37,0) width 4: " "
        LayoutInline {SPAN} at (0,0) size 42x19
          LayoutText {#text} at (41,0) size 42x19
            text run at (41,0) width 42: "should"
        LayoutText {#text} at (83,0) size 4x19
          text run at (83,0) width 4: " "
        LayoutInline {SPAN} at (0,0) size 15x19
          LayoutText {#text} at (87,0) size 15x19
            text run at (87,0) width 15: "be"
        LayoutText {#text} at (102,0) size 4x19
          text run at (102,0) width 4: " "
        LayoutInline {SPAN} at (0,0) size 16x19
          LayoutText {#text} at (106,0) size 16x19
            text run at (106,0) width 16: "no"
        LayoutText {#text} at (122,0) size 4x19
          text run at (122,0) width 4: " "
        LayoutInline {SPAN} at (0,0) size 35x19
          LayoutText {#text} at (126,0) size 35x19
            text run at (126,0) width 35: "white"
        LayoutText {#text} at (161,0) size 4x19
          text run at (161,0) width 4: " "
        LayoutInline {SPAN} at (0,0) size 29x19
          LayoutText {#text} at (165,0) size 29x19
            text run at (165,0) width 29: "gaps"
        LayoutText {#text} at (194,0) size 4x19
          text run at (194,0) width 4: " "
        LayoutInline {SPAN} at (0,0) size 53x19
          LayoutText {#text} at (198,0) size 53x19
            text run at (198,0) width 53: "between"
        LayoutText {#text} at (251,0) size 4x19
          text run at (251,0) width 4: " "
        LayoutInline {SPAN} at (0,0) size 39x19
          LayoutText {#text} at (255,0) size 39x19
            text run at (255,0) width 39: "words"
        LayoutText {#text} at (294,0) size 4x19
          text run at (294,0) width 4: "."
      LayoutText {#text} at (0,0) size 0x0
      LayoutText {#text} at (0,0) size 0x0
selection start: position 0 of child 0 {#text} of child 1 {SPAN} of child 1 {DIV} of body
selection end:   position 1 of child 16 {#text} of child 1 {DIV} of body
