layer at (0,0) size 800x600
  LayoutView at (0,0) size 800x600
layer at (0,0) size 800x205
  LayoutBlockFlow {HTML} at (0,0) size 800x205
    LayoutBlockFlow {BODY} at (8,8) size 784x189
      LayoutButton {INPUT} at (4,4) size 32.94x18 [bgcolor=#FFFFFF]
        LayoutBlockFlow (anonymous) at (8,2) size 16.94x13
          LayoutText {#text} at (0,0) size 17x13
            text run at (0,0) width 17: "foo"
      LayoutText {#text} at (40,3) size 5x18
        text run at (40,3) width 5: " "
      LayoutBR {BR} at (44,3) size 1x18
      LayoutButton {INPUT} at (4,30) size 36.94x22 [bgcolor=#FFFFFF] [border: (3px solid #00FF00)]
        LayoutBlockFlow (anonymous) at (10,4) size 16.94x13
          LayoutText {#text} at (0,0) size 17x13
            text run at (0,0) width 17: "foo"
      LayoutText {#text} at (44,31) size 5x18
        text run at (44,31) width 5: " "
      LayoutButton {INPUT} at (52.94,32) size 32.94x18 [bgcolor=#FFFFFF] [border: (1px solid #D8D8D8) (1px solid #D1D1D1) (1px solid #BABABA) (1px solid #D1D1D1)]
        LayoutBlockFlow (anonymous) at (8,2) size 16.94x13
          LayoutText {#text} at (0,0) size 17x13
            text run at (0,0) width 17: "foo"
      LayoutText {#text} at (89,31) size 5x18
        text run at (89,31) width 5: " "
      LayoutBR {BR} at (93,31) size 1x18
      LayoutButton {INPUT} at (4,60) size 32.94x18 [border: (1px solid #D8D8D8) (1px solid #D1D1D1) (1px solid #BABABA) (1px solid #D1D1D1)]
        LayoutBlockFlow (anonymous) at (8,2) size 16.94x13
          LayoutText {#text} at (0,0) size 17x13
            text run at (0,0) width 17: "foo"
      LayoutText {#text} at (40,59) size 5x18
        text run at (40,59) width 5: " "
      LayoutBR {BR} at (44,59) size 1x18
      LayoutButton {INPUT} at (4,86) size 32.94x18 [bgcolor=#FFFFFF]
        LayoutBlockFlow (anonymous) at (8,2) size 16.94x13
          LayoutText {#text} at (0,0) size 17x13
            text run at (0,0) width 17: "foo"
      LayoutText {#text} at (40,85) size 5x18
        text run at (40,85) width 5: " "
      LayoutBR {BR} at (44,85) size 1x18
      LayoutButton {INPUT} at (4,112) size 35.56x21 [bgcolor=#FFFFFF]
        LayoutBlockFlow (anonymous) at (8,2) size 19.56x16
          LayoutText {#text} at (0,0) size 20x16
            text run at (0,0) width 20: "foo"
      LayoutText {#text} at (43,113) size 5x18
        text run at (43,113) width 5: " "
      LayoutButton {INPUT} at (51.56,112) size 35.56x21 [bgcolor=#FFFFFF]
        LayoutBlockFlow (anonymous) at (8,2) size 19.56x16
          LayoutText {#text} at (0,0) size 20x16
            text run at (0,0) width 20: "foo"
      LayoutText {#text} at (91,113) size 5x18
        text run at (91,113) width 5: " "
      LayoutButton {INPUT} at (99.13,112) size 35.56x21 [bgcolor=#FFFFFF]
        LayoutBlockFlow (anonymous) at (8,2) size 19.56x16
          LayoutText {#text} at (0,0) size 20x16
            text run at (0,0) width 20: "foo"
      LayoutText {#text} at (138,113) size 5x18
        text run at (138,113) width 5: " "
      LayoutBR {BR} at (142,113) size 1x18
      LayoutButton {INPUT} at (6,151) size 48.08x26.50 [bgcolor=#FFFFFF] [border: (1.50px solid #D8D8D8) (1.50px solid #D1D1D1) (1.50px solid #BABABA) (1.50px solid #D1D1D1)]
        LayoutBlockFlow (anonymous) at (12,3) size 24.08x19
          LayoutText {#text} at (0,0) size 25x19
            text run at (0,0) width 25: "foo"
      LayoutText {#text} at (60,156) size 5x18
        text run at (60,156) width 5: " "
      LayoutButton {INPUT} at (72.08,145) size 62.53x36 [bgcolor=#FFFFFF] [border: (2px solid #D8D8D8) (2px solid #D1D1D1) (2px solid #BABABA) (2px solid #D1D1D1)]
        LayoutBlockFlow (anonymous) at (16,4) size 30.53x26
          LayoutText {#text} at (0,0) size 31x26
            text run at (0,0) width 31: "foo"
      LayoutText {#text} at (142,156) size 5x18
        text run at (142,156) width 5: " "
      LayoutBR {BR} at (146,156) size 1x18
