layer at (0,0) size 800x600
  LayoutView at (0,0) size 800x600
layer at (0,0) size 800x233
  LayoutBlockFlow {html} at (0,0) size 800x233
    LayoutBlockFlow {body} at (8,16) size 784x209
      LayoutBlockFlow {p} at (0,0) size 784x20 [color=#000080]
        LayoutText {#text} at (0,0) size 263x19
          text run at (0,0) width 263: "There should be two identical bars below."
      LayoutBlockFlow {p} at (0,36) size 784x20 [color=#000080]
        LayoutText {#text} at (0,0) size 56x19
          text run at (0,0) width 56: "First bar:"
      LayoutBlockFlow {div} at (0,72) size 160x40 [bgcolor=#000080]
      LayoutBlockFlow {p} at (0,128) size 784x20 [color=#000080]
        LayoutText {#text} at (0,0) size 75x19
          text run at (0,0) width 75: "Second bar:"
      LayoutBlockFlow (anonymous) at (0,164) size 784x45
        LayoutSVGRoot {svg} at (0,0) size 160x40
          LayoutSVGRect {rect} at (0,0) size 100x100 [fill={[type=SOLID] [color=#000080]}] [x=0.00] [y=0.00] [width=100.00] [height=100.00]
        LayoutText {#text} at (0,0) size 0x0
