layer at (0,0) size 800x600
  LayoutView at (0,0) size 800x600
layer at (0,0) size 800x600
  LayoutBlockFlow {HTML} at (0,0) size 800x600
    LayoutBlockFlow {BODY} at (8,8) size 784x584
      LayoutTable {TABLE} at (0,0) size 418x111 [border: (2px outset #808080)]
        LayoutBlockFlow {CAPTION} at (0,0) size 418x18
          LayoutText {#text} at (11,0) size 396x18
            text run at (11,0) width 396: "Communicator 4.5 Installers for Mac and Windows Platforms"
        LayoutTableSection {TBODY} at (2,20) size 413x88
          LayoutTableRow {TR} at (0,0) size 413x23
            LayoutTableCell {TH} at (0,9) size 123x5 [border: (3px solid #808080) none none (3px none #808080)] [r=0 c=0 rs=1 cs=1]
            LayoutTableCell {TH} at (123,0) size 110x23 [border: (3px solid #808080) none none none] [r=0 c=1 rs=1 cs=1]
              LayoutText {#text} at (1,4) size 108x18
                text run at (1,4) width 108: "Macintosh PPC"
            LayoutTableCell {TH} at (233,0) size 86x23 [border: (3px solid #808080) none none none] [r=0 c=2 rs=1 cs=1]
              LayoutText {#text} at (1,4) size 84x18
                text run at (1,4) width 84: "Windows 95"
            LayoutTableCell {TH} at (319,0) size 94x23 [border: (3px solid #808080) (2px none #808080) none none] [r=0 c=3 rs=1 cs=1]
              LayoutText {#text} at (1,4) size 90x18
                text run at (1,4) width 90: "Windows NT"
          LayoutTableRow {TR} at (0,23) size 413x21
            LayoutTableCell {TD} at (0,23) size 123x21 [border: (1px solid #808080) none none (3px none #808080)] [r=1 c=0 rs=1 cs=1]
              LayoutText {#text} at (4,2) size 76x18
                text run at (4,2) width 76: "Base Install"
            LayoutTableCell {TD} at (123,23) size 110x21 [border: (1px solid #808080) none none none] [r=1 c=1 rs=1 cs=1]
              LayoutText {#text} at (1,2) size 22x18
                text run at (1,2) width 22: "yes"
            LayoutTableCell {TD} at (233,23) size 86x21 [border: (1px solid #808080) none none none] [r=1 c=2 rs=1 cs=1]
              LayoutText {#text} at (1,2) size 22x18
                text run at (1,2) width 22: "yes"
            LayoutTableCell {TD} at (319,23) size 94x21 [border: (1px solid #808080) (2px none #808080) none none] [r=1 c=3 rs=1 cs=1]
              LayoutText {#text} at (1,2) size 22x18
                text run at (1,2) width 22: "yes"
          LayoutTableRow {TR} at (0,44) size 413x21
            LayoutTableCell {TD} at (0,44) size 123x21 [border: (1px solid #808080) none none (3px none #808080)] [r=2 c=0 rs=1 cs=1]
              LayoutText {#text} at (4,2) size 107x18
                text run at (4,2) width 107: "Complete Install"
            LayoutTableCell {TD} at (123,44) size 110x21 [border: (1px solid #808080) none none none] [r=2 c=1 rs=1 cs=1]
              LayoutText {#text} at (1,2) size 22x18
                text run at (1,2) width 22: "yes"
            LayoutTableCell {TD} at (233,44) size 86x21 [border: (1px solid #808080) none none none] [r=2 c=2 rs=1 cs=1]
              LayoutText {#text} at (1,2) size 22x18
                text run at (1,2) width 22: "yes"
            LayoutTableCell {TD} at (319,44) size 94x21 [border: (1px solid #808080) (2px none #808080) none none] [r=2 c=3 rs=1 cs=1]
              LayoutText {#text} at (1,2) size 22x18
                text run at (1,2) width 22: "yes"
          LayoutTableRow {TR} at (0,65) size 413x23
            LayoutTableCell {TD} at (0,65) size 123x23 [border: (1px solid #808080) none (2px solid #808080) (3px none #808080)] [r=3 c=0 rs=1 cs=1]
              LayoutText {#text} at (4,2) size 118x18
                text run at (4,2) width 118: "Pro Edition Install"
            LayoutTableCell {TD} at (123,65) size 110x23 [border: (1px solid #808080) none (2px solid #808080) none] [r=3 c=1 rs=1 cs=1]
              LayoutText {#text} at (1,2) size 22x18
                text run at (1,2) width 22: "yes"
            LayoutTableCell {TD} at (233,65) size 86x23 [border: (1px solid #808080) none (2px solid #808080) none] [r=3 c=2 rs=1 cs=1]
              LayoutText {#text} at (1,2) size 22x18
                text run at (1,2) width 22: "yes"
            LayoutTableCell {TD} at (319,65) size 94x23 [border: (1px solid #808080) (2px none #808080) (2px solid #808080) none] [r=3 c=3 rs=1 cs=1]
              LayoutText {#text} at (1,2) size 22x18
                text run at (1,2) width 22: "yes"
