layer at (0,0) size 800x600
  LayoutView at (0,0) size 800x600
layer at (0,0) size 800x600
  LayoutBlockFlow {HTML} at (0,0) size 800x600
    LayoutBlockFlow {BODY} at (8,8) size 784x584
      LayoutTable {TABLE} at (0,0) size 426x117 [border: (1px solid #808080) none]
        LayoutBlockFlow {CAPTION} at (0,0) size 426x18
          LayoutText {#text} at (15,0) size 396x18
            text run at (15,0) width 396: "Communicator 4.5 Installers for Mac and Windows Platforms"
        LayoutTableSection {TBODY} at (0,19) size 426x98
          LayoutTableRow {TR} at (0,2) size 426x22
            LayoutTableCell {TH} at (2,11) size 122x4 [border: (1px inset #808080)] [r=0 c=0 rs=1 cs=1]
            LayoutTableCell {TH} at (126,2) size 112x22 [border: (1px inset #808080)] [r=0 c=1 rs=1 cs=1]
              LayoutText {#text} at (2,2) size 108x18
                text run at (2,2) width 108: "Macintosh PPC"
            LayoutTableCell {TH} at (240,2) size 88x22 [border: (1px inset #808080)] [r=0 c=2 rs=1 cs=1]
              LayoutText {#text} at (2,2) size 84x18
                text run at (2,2) width 84: "Windows 95"
            LayoutTableCell {TH} at (330,2) size 94x22 [border: (1px inset #808080)] [r=0 c=3 rs=1 cs=1]
              LayoutText {#text} at (2,2) size 90x18
                text run at (2,2) width 90: "Windows NT"
          LayoutTableRow {TR} at (0,26) size 426x22
            LayoutTableCell {TD} at (2,26) size 122x22 [border: (1px inset #808080)] [r=1 c=0 rs=1 cs=1]
              LayoutText {#text} at (2,2) size 76x18
                text run at (2,2) width 76: "Base Install"
            LayoutTableCell {TD} at (126,26) size 112x22 [border: (1px inset #808080)] [r=1 c=1 rs=1 cs=1]
              LayoutText {#text} at (2,2) size 22x18
                text run at (2,2) width 22: "yes"
            LayoutTableCell {TD} at (240,26) size 88x22 [border: (1px inset #808080)] [r=1 c=2 rs=1 cs=1]
              LayoutText {#text} at (2,2) size 22x18
                text run at (2,2) width 22: "yes"
            LayoutTableCell {TD} at (330,26) size 94x22 [border: (1px inset #808080)] [r=1 c=3 rs=1 cs=1]
              LayoutText {#text} at (2,2) size 22x18
                text run at (2,2) width 22: "yes"
          LayoutTableRow {TR} at (0,50) size 426x22
            LayoutTableCell {TD} at (2,50) size 122x22 [border: (1px inset #808080)] [r=2 c=0 rs=1 cs=1]
              LayoutText {#text} at (2,2) size 107x18
                text run at (2,2) width 107: "Complete Install"
            LayoutTableCell {TD} at (126,50) size 112x22 [border: (1px inset #808080)] [r=2 c=1 rs=1 cs=1]
              LayoutText {#text} at (2,2) size 22x18
                text run at (2,2) width 22: "yes"
            LayoutTableCell {TD} at (240,50) size 88x22 [border: (1px inset #808080)] [r=2 c=2 rs=1 cs=1]
              LayoutText {#text} at (2,2) size 22x18
                text run at (2,2) width 22: "yes"
            LayoutTableCell {TD} at (330,50) size 94x22 [border: (1px inset #808080)] [r=2 c=3 rs=1 cs=1]
              LayoutText {#text} at (2,2) size 22x18
                text run at (2,2) width 22: "yes"
          LayoutTableRow {TR} at (0,74) size 426x22
            LayoutTableCell {TD} at (2,74) size 122x22 [border: (1px inset #808080)] [r=3 c=0 rs=1 cs=1]
              LayoutText {#text} at (2,2) size 118x18
                text run at (2,2) width 118: "Pro Edition Install"
            LayoutTableCell {TD} at (126,74) size 112x22 [border: (1px inset #808080)] [r=3 c=1 rs=1 cs=1]
              LayoutText {#text} at (2,2) size 22x18
                text run at (2,2) width 22: "yes"
            LayoutTableCell {TD} at (240,74) size 88x22 [border: (1px inset #808080)] [r=3 c=2 rs=1 cs=1]
              LayoutText {#text} at (2,2) size 22x18
                text run at (2,2) width 22: "yes"
            LayoutTableCell {TD} at (330,74) size 94x22 [border: (1px inset #808080)] [r=3 c=3 rs=1 cs=1]
              LayoutText {#text} at (2,2) size 22x18
                text run at (2,2) width 22: "yes"
