layer at (0,0) size 800x600
  LayoutView at (0,0) size 800x600
layer at (0,0) size 800x356
  LayoutBlockFlow {HTML} at (0,0) size 800x356
    LayoutBlockFlow {BODY} at (8,8) size 784x340
      LayoutTable {TABLE} at (0,0) size 200x340 [bgcolor=#0000FF]
        LayoutBlockFlow {CAPTION} at (0,0) size 200x200 [bgcolor=#FFA500]
          LayoutText {#text} at (88,0) size 24x18
            text run at (88,0) width 24: "cap"
        LayoutTableSection {TBODY} at (0,200) size 200x140
          LayoutTableRow {TR} at (0,0) size 200x140
            LayoutTableCell {TD} at (0,41) size 81x58 [bgcolor=#FFFF00] [r=0 c=0 rs=1 cs=1]
              LayoutText {#text} at (20,20) size 22x18
                text run at (20,20) width 22: "foo"
            LayoutTableCell {TD} at (81,50) size 119x90 [bgcolor=#FFFF00] [r=0 c=1 rs=1 cs=1]
              LayoutBlockFlow {DIV} at (20,20) size 50x50 [bgcolor=#008000]
                LayoutBlockFlow {DIV} at (0,0) size 400x300 [bgcolor=#FF0000]
                  LayoutText {#text} at (0,0) size 8x18
                    text run at (0,0) width 8: "d"
