layer at (0,0) size 800x600 clip at (0,0) size 785x600 scrollHeight 685
  LayoutView at (0,0) size 800x600
layer at (0,0) size 785x474
  LayoutBlockFlow {HTML} at (0,0) size 785x474
    LayoutBlockFlow {BODY} at (8,8) size 769x458
      LayoutTable {TABLE} at (0,0) size 200x458 [border: (1px outset #808080)]
        LayoutBlockFlow {CAPTION} at (0,0) size 200x206 [border: (3px solid #FFA500)]
          LayoutText {#text} at (77,3) size 46x37
            text run at (77,3) width 46: "cap"
        LayoutTableSection {TBODY} at (1,207) size 198x250
          LayoutTableRow {TR} at (0,30) size 198x47
            LayoutTableCell {TD} at (30,45) size 54x17 [border: (1px inset #808080)] [r=0 c=0 rs=1 cs=1]
              LayoutText {#text} at (1,1) size 18x15
                text run at (1,1) width 18: "foo"
            LayoutTableCell {TD} at (114,30) size 54x47 [border: (1px inset #808080)] [r=0 c=1 rs=1 cs=1]
              LayoutText {#text} at (1,1) size 18x15
                text run at (1,1) width 18: "bar"
              LayoutBR {BR} at (18,1) size 1x15
              LayoutText {#text} at (1,16) size 19x15
                text run at (1,16) width 19: "baz"
              LayoutBR {BR} at (19,16) size 1x15
              LayoutText {#text} at (1,31) size 19x15
                text run at (1,31) width 19: "zap"
          LayoutTableRow {TR} at (0,107) size 198x113
            LayoutTableCell {TD} at (30,107) size 54x113 [border: (1px inset #808080)] [r=1 c=0 rs=1 cs=1]
              LayoutText {#text} at (1,1) size 45x111
                text run at (1,1) width 43: "foo"
                text run at (1,38) width 41: "bar"
                text run at (1,75) width 45: "baz"
            LayoutTableCell {TD} at (114,166) size 54x54 [border: (1px inset #808080)] [r=1 c=1 rs=1 cs=1]
              LayoutBlockFlow {DIV} at (1,1) size 52x52 [border: (1px solid #008000)]
                LayoutBlockFlow {DIV} at (1,1) size 402x302 [border: (1px solid #FF0000)]
                  LayoutText {#text} at (1,1) size 16x37
                    text run at (1,1) width 16: "d"
