layer at (0,0) size 800x600
  LayoutView at (0,0) size 800x600
layer at (0,0) size 800x86
  LayoutBlockFlow {html} at (0,0) size 800x86
    LayoutBlockFlow {body} at (8,16) size 784x62
      LayoutBlockFlow {p} at (0,0) size 784x18
        LayoutText {#text} at (0,0) size 169x18
          text run at (0,0) width 169: "COLGROUP WIDTH=px"
      LayoutTable {table} at (0,34) size 618x28 [border: (1px outset #808080)]
        LayoutTableCol {colgroup} at (0,0) size 0x0
          LayoutTableCol {col} at (0,0) size 0x0
          LayoutTableCol {col} at (0,0) size 0x0
        LayoutTableSection (anonymous) at (1,1) size 616x26
          LayoutTableRow {tr} at (0,2) size 616x22
            LayoutTableCell {td} at (2,2) size 305x22 [border: (1px inset #808080)] [r=0 c=0 rs=1 cs=1]
              LayoutText {#text} at (2,2) size 301x18
                text run at (2,2) width 301: "This column should have a width of 200 pixels"
            LayoutTableCell {td} at (309,2) size 305x22 [border: (1px inset #808080)] [r=0 c=1 rs=1 cs=1]
              LayoutText {#text} at (2,2) size 301x18
                text run at (2,2) width 301: "This column should have a width of 200 pixels"
