layer at (0,0) size 800x600
  LayoutView at (0,0) size 800x600
layer at (0,0) size 800x149
  LayoutBlockFlow {html} at (0,0) size 800x149
    LayoutBlockFlow {body} at (8,16) size 784x125
      LayoutBlockFlow {p} at (0,0) size 784x18
        LayoutText {#text} at (0,0) size 517x18
          text run at (0,0) width 404: "Only the bottom side of the frame surrounding the table below "
          text run at (403,0) width 114: "should be visible."
      LayoutTable {table} at (0,34) size 185x91 [border: none (1px solid #808080) none]
        LayoutTableCol {colgroup} at (0,0) size 0x0
          LayoutTableCol {col} at (0,0) size 0x0
        LayoutTableCol {colgroup} at (0,0) size 0x0
          LayoutTableCol {col} at (0,0) size 0x0
        LayoutTableCol {colgroup} at (0,0) size 0x0
          LayoutTableCol {col} at (0,0) size 0x0
        LayoutTableSection {thead} at (0,0) size 185x24
          LayoutTableRow {tr} at (0,2) size 185x20
            LayoutTableCell {th} at (2,2) size 59x20 [r=0 c=0 rs=1 cs=1]
              LayoutText {#text} at (1,1) size 57x18
                text run at (1,1) width 57: "THEAD"
            LayoutTableCell {th} at (63,2) size 59x20 [r=0 c=1 rs=1 cs=1]
              LayoutText {#text} at (1,1) size 57x18
                text run at (1,1) width 57: "THEAD"
            LayoutTableCell {th} at (124,2) size 59x20 [r=0 c=2 rs=1 cs=1]
              LayoutText {#text} at (1,1) size 57x18
                text run at (1,1) width 57: "THEAD"
        LayoutTableSection {tfoot} at (0,68) size 185x22
          LayoutTableRow {tr} at (0,0) size 185x20
            LayoutTableCell {td} at (2,0) size 59x20 [r=0 c=0 rs=1 cs=1]
              LayoutText {#text} at (1,1) size 52x18
                text run at (1,1) width 52: "TFOOT"
            LayoutTableCell {td} at (63,0) size 59x20 [r=0 c=1 rs=1 cs=1]
              LayoutText {#text} at (1,1) size 52x18
                text run at (1,1) width 52: "TFOOT"
            LayoutTableCell {td} at (124,0) size 59x20 [r=0 c=2 rs=1 cs=1]
              LayoutText {#text} at (1,1) size 52x18
                text run at (1,1) width 52: "TFOOT"
        LayoutTableSection {tbody} at (0,24) size 185x44
          LayoutTableRow {tr} at (0,0) size 185x20
            LayoutTableCell {td} at (2,0) size 59x20 [r=0 c=0 rs=1 cs=1]
              LayoutText {#text} at (1,1) size 56x18
                text run at (1,1) width 56: "TBODY"
            LayoutTableCell {td} at (63,0) size 59x20 [r=0 c=1 rs=1 cs=1]
              LayoutText {#text} at (1,1) size 56x18
                text run at (1,1) width 56: "TBODY"
            LayoutTableCell {td} at (124,0) size 59x20 [r=0 c=2 rs=1 cs=1]
              LayoutText {#text} at (1,1) size 56x18
                text run at (1,1) width 56: "TBODY"
          LayoutTableRow {tr} at (0,22) size 185x20
            LayoutTableCell {td} at (2,22) size 59x20 [r=1 c=0 rs=1 cs=1]
              LayoutText {#text} at (1,1) size 56x18
                text run at (1,1) width 56: "TBODY"
            LayoutTableCell {td} at (63,22) size 59x20 [r=1 c=1 rs=1 cs=1]
              LayoutText {#text} at (1,1) size 56x18
                text run at (1,1) width 56: "TBODY"
            LayoutTableCell {td} at (124,22) size 59x20 [r=1 c=2 rs=1 cs=1]
              LayoutText {#text} at (1,1) size 56x18
                text run at (1,1) width 56: "TBODY"
