layer at (0,0) size 800x600
  LayoutView at (0,0) size 800x600
layer at (0,0) size 800x143
  LayoutBlockFlow {html} at (0,0) size 800x143
    LayoutBlockFlow {body} at (8,16) size 784x119
      LayoutBlockFlow {p} at (0,0) size 784x18
        LayoutText {#text} at (0,0) size 458x18
          text run at (0,0) width 415: "There should be rules between all rows and columns in the table "
          text run at (414,0) width 44: "below."
      LayoutTable {table} at (0,34) size 181x85 [border: none]
        LayoutTableCol {colgroup} at (0,0) size 0x0
          LayoutTableCol {col} at (0,0) size 0x0
        LayoutTableCol {colgroup} at (0,0) size 0x0
          LayoutTableCol {col} at (0,0) size 0x0
        LayoutTableCol {colgroup} at (0,0) size 0x0
          LayoutTableCol {col} at (0,0) size 0x0
        LayoutTableSection {thead} at (0,0) size 180x21
          LayoutTableRow {tr} at (0,0) size 180x21
            LayoutTableCell {th} at (0,0) size 60x21 [border: (1px solid #808080)] [r=0 c=0 rs=1 cs=1]
              LayoutText {#text} at (2,2) size 57x18
                text run at (2,2) width 57: "THEAD"
            LayoutTableCell {th} at (60,0) size 60x21 [border: (1px solid #808080)] [r=0 c=1 rs=1 cs=1]
              LayoutText {#text} at (2,2) size 57x18
                text run at (2,2) width 57: "THEAD"
            LayoutTableCell {th} at (120,0) size 60x21 [border: (1px solid #808080)] [r=0 c=2 rs=1 cs=1]
              LayoutText {#text} at (2,2) size 57x18
                text run at (2,2) width 57: "THEAD"
        LayoutTableSection {tfoot} at (0,63) size 180x21
          LayoutTableRow {tr} at (0,0) size 180x21
            LayoutTableCell {td} at (0,0) size 60x21 [border: (1px solid #808080)] [r=0 c=0 rs=1 cs=1]
              LayoutText {#text} at (2,2) size 52x18
                text run at (2,2) width 52: "TFOOT"
            LayoutTableCell {td} at (60,0) size 60x21 [border: (1px solid #808080)] [r=0 c=1 rs=1 cs=1]
              LayoutText {#text} at (2,2) size 52x18
                text run at (2,2) width 52: "TFOOT"
            LayoutTableCell {td} at (120,0) size 60x21 [border: (1px solid #808080)] [r=0 c=2 rs=1 cs=1]
              LayoutText {#text} at (2,2) size 52x18
                text run at (2,2) width 52: "TFOOT"
        LayoutTableSection {tbody} at (0,21) size 180x42
          LayoutTableRow {tr} at (0,0) size 180x21
            LayoutTableCell {td} at (0,0) size 60x21 [border: (1px solid #808080)] [r=0 c=0 rs=1 cs=1]
              LayoutText {#text} at (2,2) size 56x18
                text run at (2,2) width 56: "TBODY"
            LayoutTableCell {td} at (60,0) size 60x21 [border: (1px solid #808080)] [r=0 c=1 rs=1 cs=1]
              LayoutText {#text} at (2,2) size 56x18
                text run at (2,2) width 56: "TBODY"
            LayoutTableCell {td} at (120,0) size 60x21 [border: (1px solid #808080)] [r=0 c=2 rs=1 cs=1]
              LayoutText {#text} at (2,2) size 56x18
                text run at (2,2) width 56: "TBODY"
          LayoutTableRow {tr} at (0,21) size 180x21
            LayoutTableCell {td} at (0,21) size 60x21 [border: (1px solid #808080)] [r=1 c=0 rs=1 cs=1]
              LayoutText {#text} at (2,2) size 56x18
                text run at (2,2) width 56: "TBODY"
            LayoutTableCell {td} at (60,21) size 60x21 [border: (1px solid #808080)] [r=1 c=1 rs=1 cs=1]
              LayoutText {#text} at (2,2) size 56x18
                text run at (2,2) width 56: "TBODY"
            LayoutTableCell {td} at (120,21) size 60x21 [border: (1px solid #808080)] [r=1 c=2 rs=1 cs=1]
              LayoutText {#text} at (2,2) size 56x18
                text run at (2,2) width 56: "TBODY"
