layer at (0,0) size 800x600 clip at (0,0) size 785x600 scrollHeight 638
  LayoutView at (0,0) size 800x600
layer at (0,0) size 785x638 backgroundClip at (0,0) size 785x600 clip at (0,0) size 785x600
  LayoutNGBlockFlow {HTML} at (0,0) size 785x638
    LayoutNGBlockFlow {BODY} at (8,8) size 769x614
      LayoutNGBlockFlow (anonymous) at (0,0) size 769x20
        LayoutText {#text} at (0,0) size 335x19
          text run at (0,0) width 335: "This tests the selection methods on the new text field."
      LayoutNGBlockFlow {P} at (0,36) size 769x22
        LayoutTextControl {INPUT} at (0,0) size 181x22 [bgcolor=#FFFFFF] [border: (2px inset #EEEEEE)]
        LayoutText {#text} at (0,0) size 0x0
      LayoutNGBlockFlow {DIV} at (0,74) size 769x540
        LayoutBR {BR} at (0,0) size 0x19
        LayoutText {#text} at (0,20) size 196x19
          text run at (0,20) width 196: "Test 1: setSelectionRange(0, 0)"
        LayoutBR {BR} at (196,20) size 0x19
        LayoutText {#text} at (0,40) size 47x19
          text run at (0,40) width 47: "Passed."
        LayoutBR {BR} at (47,40) size 0x19
        LayoutBR {BR} at (0,60) size 0x19
        LayoutText {#text} at (0,80) size 160x19
          text run at (0,80) width 160: "Test 2: selectionEnd = 17"
        LayoutBR {BR} at (160,80) size 0x19
        LayoutText {#text} at (0,100) size 47x19
          text run at (0,100) width 47: "Passed."
        LayoutBR {BR} at (47,100) size 0x19
        LayoutBR {BR} at (0,120) size 0x19
        LayoutText {#text} at (0,140) size 155x19
          text run at (0,140) width 155: "Test 3: selectionStart = 1"
        LayoutBR {BR} at (155,140) size 0x19
        LayoutText {#text} at (0,160) size 47x19
          text run at (0,160) width 47: "Passed."
        LayoutBR {BR} at (47,160) size 0x19
        LayoutBR {BR} at (0,180) size 0x19
        LayoutText {#text} at (0,200) size 204x19
          text run at (0,200) width 204: "Test 4: setSelectionRange(10, 3)"
        LayoutBR {BR} at (204,200) size 0x19
        LayoutText {#text} at (0,220) size 47x19
          text run at (0,220) width 47: "Passed."
        LayoutBR {BR} at (47,220) size 0x19
        LayoutBR {BR} at (0,240) size 0x19
        LayoutText {#text} at (0,260) size 152x19
          text run at (0,260) width 152: "Test 5: selectionEnd = 2"
        LayoutBR {BR} at (152,260) size 0x19
        LayoutText {#text} at (0,280) size 47x19
          text run at (0,280) width 47: "Passed."
        LayoutBR {BR} at (47,280) size 0x19
        LayoutBR {BR} at (0,300) size 0x19
        LayoutText {#text} at (0,320) size 196x19
          text run at (0,320) width 196: "Test 6: setSelectionRange(5, 4)"
        LayoutBR {BR} at (196,320) size 0x19
        LayoutText {#text} at (0,340) size 47x19
          text run at (0,340) width 47: "Passed."
        LayoutBR {BR} at (47,340) size 0x19
        LayoutBR {BR} at (0,360) size 0x19
        LayoutText {#text} at (0,380) size 206x19
          text run at (0,380) width 206: "Test 7: setSelectionRange(-5, -4)"
        LayoutBR {BR} at (206,380) size 0x19
        LayoutText {#text} at (0,400) size 47x19
          text run at (0,400) width 47: "Passed."
        LayoutBR {BR} at (47,400) size 0x19
        LayoutBR {BR} at (0,420) size 0x19
        LayoutText {#text} at (0,440) size 209x19
          text run at (0,440) width 209: "Test 8: setSelectionRange(-5, 80)"
        LayoutBR {BR} at (209,440) size 0x19
        LayoutText {#text} at (0,460) size 47x19
          text run at (0,460) width 47: "Passed."
        LayoutBR {BR} at (47,460) size 0x19
        LayoutBR {BR} at (0,480) size 0x19
        LayoutText {#text} at (0,500) size 204x19
          text run at (0,500) width 204: "Test 9: setSelectionRange(3, 12)"
        LayoutBR {BR} at (204,500) size 0x19
        LayoutText {#text} at (0,520) size 47x19
          text run at (0,520) width 47: "Passed."
        LayoutBR {BR} at (47,520) size 0x19
      LayoutNGBlockFlow {P} at (0,630) size 769x0
layer at (10,47) size 177x16
  LayoutBlockFlow {DIV} at (2,3) size 177x16
    LayoutText {#text} at (0,0) size 150x16
      text run at (0,0) width 150: "123456789 ABCDEFGHIJ"
selection start: position 3 of child 0 {#text} of child 0 {DIV} of {#document-fragment} of child 1 {INPUT} of child 1 {P} of body
selection end:   position 12 of child 0 {#text} of child 0 {DIV} of {#document-fragment} of child 1 {INPUT} of child 1 {P} of body
