layer at (0,0) size 800x600
  LayoutView at (0,0) size 800x600
layer at (0,0) size 800x600
  LayoutNGBlockFlow {HTML} at (0,0) size 800x600
    LayoutNGBlockFlow {BODY} at (8,8) size 784x584
      LayoutText {#text} at (0,0) size 451x19
        text run at (0,0) width 451: "This tests that the border of a readonly text field should appear dimmed."
      LayoutBR {BR} at (451,0) size 0x19
      LayoutTextControl {INPUT} at (0,20) size 181x22 [bgcolor=#FFFFFF] [border: (2px inset #EEEEEE)]
      LayoutText {#text} at (0,0) size 0x0
layer at (10,31) size 177x16
  LayoutBlockFlow {DIV} at (2,3) size 177x16
    LayoutText {#text} at (0,0) size 175x16
      text run at (0,0) width 175: "This border should be dimmed"
