layer at (0,0) size 800x600
  LayoutView at (0,0) size 800x600
layer at (0,0) size 800x0
  LayoutBlockFlow {html} at (0,0) size 800x0
layer at (48,38) size 722x542 layerType: background only
layer at (49,39) size 720x540
  LayoutSVGRoot (positioned) {svg} at (1,1) size 720x540
    LayoutSVGResourceLinearGradient {linearGradient} [id="gradient"] [gradientUnits=objectBoundingBox] [stops=( #FFFF00@0.00 #008000@1.00 )] [start=(0,0)] [end=(1,0)]
    LayoutSVGRect {rect} at (0,0) size 100x100 [fill={[type=LINEAR-GRADIENT] [id="gradient"]}] [x=0.00] [y=0.00] [width=100.00] [height=100.00]
    LayoutSVGEllipse {circle} at (20,20) size 60x60 [fill={[type=LINEAR-GRADIENT] [id="gradient"]}] [cx=50.00] [cy=50.00] [r=30.00]
layer at (48,38) size 722x542 layerType: foreground only
  LayoutBlockFlow (positioned) {body} at (48,38) size 722x542 [border: (1px solid #000000)]
    LayoutBlockFlow {form} at (1,1) size 720x121.59
      LayoutFieldset {fieldset} at (2,0) size 716x121.59 [border: (2px groove #C0C0C0)]
        LayoutBlockFlow {legend} at (14,0) size 88x18
          LayoutText {#text} at (2,0) size 84x18
            text run at (2,0) width 84: "HTML Form"
        LayoutBlockFlow {p} at (14,39.59) size 688x19
          LayoutInline {label} at (0,0) size 110x18
            LayoutText {#text} at (0,0) size 110x18
              text run at (0,0) width 110: "Enter something:"
          LayoutText {#text} at (109,0) size 5x18
            text run at (109,0) width 5: " "
          LayoutTextControl {input} at (113.75,0) size 131x19 [bgcolor=#FFFFFF] [border: (2px inset #EEEEEE)]
          LayoutText {#text} at (0,0) size 0x0
        LayoutBlockFlow {p} at (14,74.59) size 688x19
          LayoutButton {button} at (0,1) size 61.50x18 [bgcolor=#FFFFFF] [border: (1px solid #D8D8D8) (1px solid #D1D1D1) (1px solid #BABABA) (1px solid #D1D1D1)]
            LayoutBlockFlow (anonymous) at (8,2) size 45.50x13
              LayoutText {#text} at (0,0) size 46x13
                text run at (0,0) width 46: "Activate!"
layer at (182,82) size 125x13
  LayoutBlockFlow {div} at (3,3) size 125x13
