layer at (0,0) size 800x600
  LayoutView at (0,0) size 800x600
layer at (0,0) size 800x230
  LayoutBlockFlow {HTML} at (0,0) size 800x230
    LayoutBlockFlow {BODY} at (8,16) size 784x206
      LayoutBlockFlow {P} at (0,0) size 784x20
        LayoutText {#text} at (0,0) size 743x19
          text run at (0,0) width 743: "Test passes if, when when the editable element below is focused is focused for editing, the text insertion caret is green."
      LayoutBlockFlow {P} at (0,36) size 784x20
        LayoutText {#text} at (0,0) size 432x19
          text run at (0,0) width 432: "The shape of the caret, and whether it flashes, are not part of the test."
      LayoutBlockFlow {DIV} at (0,72) size 500x134 [color=#FFFFFF] [bgcolor=#000000]
        LayoutText {#text} at (10,11) size 393x112
          text run at (10,11) width 381: "Focus this editable"
          text run at (391,11) width 12: " "
          text run at (10,68) width 159: "element"
caret: position 0 of child 0 {#text} of child 5 {DIV} of body
