layer at (0,0) size 800x600
  LayoutView at (0,0) size 800x600
layer at (0,0) size 800x215
  LayoutBlockFlow {HTML} at (0,0) size 800x215
    LayoutBlockFlow {BODY} at (8,16) size 784x191
      LayoutBlockFlow {P} at (0,0) size 784x20
        LayoutText {#text} at (0,0) size 765x19
          text run at (0,0) width 592: "Test passes if, when the text area below is focused for editing, the text insertion caret is green, "
          text run at (591,0) width 174: "like the text in that textarea."
      LayoutBlockFlow {P} at (0,36) size 784x20
        LayoutText {#text} at (0,0) size 432x19
          text run at (0,0) width 432: "The shape of the caret, and whether it flashes, are not part of the test."
      LayoutBlockFlow (anonymous) at (0,72) size 784x119
        LayoutText {#text} at (0,0) size 0x0
layer at (8,88) size 412x114 clip at (9,89) size 410x112
  LayoutTextControl {TEXTAREA} at (0,0) size 412x114 [color=#00FF00] [bgcolor=#000000] [border: (1px solid #A9A9A9)]
    LayoutBlockFlow {DIV} at (11,11) size 390x46
caret: position 0 of child 0 {DIV} of {#document-fragment} of child 5 {TEXTAREA} of body
