layer at (0,0) size 800x600
  LayoutView at (0,0) size 800x600
layer at (0,0) size 800x209
  LayoutBlockFlow {HTML} at (0,0) size 800x209
    LayoutBlockFlow {BODY} at (8,16) size 784x185
      LayoutBlockFlow {P} at (0,0) size 784x40
        LayoutText {#text} at (0,0) size 765x39
          text run at (0,0) width 765: "Before running this test, the link below must have been visited. It will have yellow text if this is not the case. If it its text is"
          text run at (0,20) width 283: "yellow, you need to navigate to this link first."
      LayoutBlockFlow {P} at (0,56) size 784x20
        LayoutText {#text} at (0,0) size 559x19
          text run at (0,0) width 559: "Test passes if, when the link below is focused for editing, the text insertion caret is green."
      LayoutBlockFlow {P} at (0,92) size 784x20
        LayoutText {#text} at (0,0) size 432x19
          text run at (0,0) width 432: "The shape of the caret, and whether it flashes, are not part of the test."
      LayoutBlockFlow (anonymous) at (0,128) size 784x57
        LayoutInline {A} at (0,0) size 100x75 [color=#FFFFFF] [bgcolor=#000000]
          LayoutText {#text} at (10,1) size 80x55
            text run at (10,1) width 80: "link"
        LayoutText {#text} at (0,0) size 0x0
caret: position 0 of child 0 {#text} of child 8 {A} of body
