layer at (0,0) size 800x600
  LayoutView at (0,0) size 800x600
layer at (0,0) size 800x150
  LayoutBlockFlow {HTML} at (0,0) size 800x149.59
    LayoutBlockFlow {BODY} at (8,16) size 784x125.59
      LayoutBlockFlow {P} at (0,0) size 784x20
        LayoutText {#text} at (0,0) size 28x19
          text run at (0,0) width 28: "Bug "
        LayoutInline {A} at (0,0) size 40x19 [color=#0000EE]
          LayoutText {#text} at (28,0) size 40x19
            text run at (28,0) width 40: "78684"
        LayoutText {#text} at (68,0) size 250x19
          text run at (68,0) width 250: ": Layout issue with fieldset legend element"
      LayoutBlockFlow {P} at (0,36) size 784x20
        LayoutText {#text} at (0,0) size 682x19
          text run at (0,0) width 682: "For this test to pass, you should see a full border with out any clipping, especially under blue box(legend element)."
      LayoutBlockFlow {FORM} at (0,72) size 784x53.59
        LayoutFieldset {FIELDSET} at (2,0) size 780x53.59 [border: (2px groove #C0C0C0)]
          LayoutBlockFlow {LEGEND} at (14,0) size 36x36 [border: (1px solid #0000FF)]
