layer at (0,0) size 800x600
  LayoutView at (0,0) size 800x600
layer at (0,0) size 800x336
  LayoutBlockFlow {HTML} at (0,0) size 800x335.59
    LayoutBlockFlow {BODY} at (8,8) size 784x319.59
      LayoutFieldset {FIELDSET} at (2,0) size 780x319.59 [border: (2px groove #C0C0C0)]
        LayoutBlockFlow (floating) {DIV} at (14,7.59) size 300x300 [bgcolor=#008000]
        LayoutBlockFlow {DIV} at (14,7.59) size 752x50
          LayoutText {#text} at (300,0) size 83x19
            text run at (300,0) width 83: "Other content"
