layer at (0,0) size 800x600
  LayoutView at (0,0) size 800x600
layer at (0,0) size 800x600
  LayoutBlockFlow {HTML} at (0,0) size 800x600
    LayoutBlockFlow {BODY} at (8,8) size 784x584
      LayoutBlockFlow (floating) {DIV} at (0,0) size 50x400 [bgcolor=#008000]
      LayoutFieldset {FIELDSET} at (50,0) size 732x57.59 [border: (2px groove #C0C0C0)]
        LayoutBlockFlow {LEGEND} at (14,0) size 75x20
          LayoutText {#text} at (2,0) size 71x19
            text run at (2,0) width 71: "Hello world"
        LayoutBlockFlow (anonymous) at (14,25.59) size 704x20
          LayoutText {#text} at (0,0) size 133x19
            text run at (0,0) width 133: "Some fieldset content."
