layer at (0,0) size 800x600
  LayoutView at (0,0) size 800x600
layer at (0,0) size 800x525
  LayoutNGBlockFlow {HTML} at (0,0) size 800x525
    LayoutNGBlockFlow {BODY} at (8,8) size 784x509
      LayoutText {#text} at (0,0) size 0x0
layer at (8,8) size 604x504
  LayoutIFrame {IFRAME} at (0,0) size 604x504 [border: (2px inset #EEEEEE)]
    layer at (0,0) size 600x500
      LayoutView at (0,0) size 600x500
    layer at (0,0) size 600x326
      LayoutNGBlockFlow {HTML} at (0,0) size 600x326
        LayoutNGBlockFlow {BODY} at (8,8) size 584x310
          LayoutImage {IMG} at (0,0) size 150x150
          LayoutText {#text} at (150,135) size 4x19
            text run at (150,135) width 4: " "
          LayoutImage {IMG} at (154,0) size 150x150
          LayoutText {#text} at (304,135) size 4x19
            text run at (304,135) width 4: " "
          LayoutImage {IMG} at (308,0) size 150x150
          LayoutText {#text} at (0,0) size 0x0
          LayoutImage {IMG} at (0,155) size 150x150
          LayoutText {#text} at (0,0) size 0x0
