layer at (0,0) size 800x600 scrollHeight 672
  LayoutView at (0,0) size 800x600
layer at (0,0) size 800x672 backgroundClip at (0,0) size 800x600 clip at (0,0) size 800x600
  LayoutBlockFlow {HTML} at (0,0) size 800x672
    LayoutBlockFlow {BODY} at (8,8) size 784x656
      LayoutText {#text} at (0,0) size 0x0
layer at (8,8) size 261x656 backgroundClip at (8,8) size 261x592 clip at (9,9) size 259x591
  LayoutTextControl {TEXTAREA} at (0,0) size 261x656 [bgcolor=#FFFFFF] [border: (1px solid #000000)]
    LayoutBlockFlow {DIV} at (3,3) size 255x13
      LayoutText {#text} at (0,0) size 60x13
        text run at (0,0) width 60: "Sample text"
