layer at (0,0) size 800x600
  LayoutView at (0,0) size 800x600
layer at (0,0) size 800x600
  LayoutBlockFlow {HTML} at (0,0) size 800x600
    LayoutBlockFlow {BODY} at (8,8) size 784x584
      LayoutBlockFlow {DIV} at (0,0) size 100x100 [bgcolor=#FF0000]
        LayoutText {#text} at (0,0) size 99x54
          text run at (0,0) width 98: "You should not"
          text run at (0,18) width 99: "see this. Resize"
          text run at (0,36) width 79: "the window."
hidden layer at (8,8) size 0x0
  LayoutBlockFlow (positioned) {DIV} at (8,8) size 0x0
hidden layer at (8,8) size 100x118
  LayoutBlockFlow (positioned) {DIV} at (0,0) size 100x118
    LayoutBlockFlow {DIV} at (0,0) size 100x100 [bgcolor=#008000]
    LayoutBlockFlow (anonymous) at (0,100) size 100x18
      LayoutButton {BUTTON} at (0,0) size 49.56x18 [bgcolor=#FFFFFF] [border: (1px solid #D8D8D8) (1px solid #D1D1D1) (1px solid #BABABA) (1px solid #D1D1D1)]
        LayoutBlockFlow (anonymous) at (8,2) size 33.56x13
          LayoutText {#text} at (0,0) size 34x13
            text run at (0,0) width 34: "Button"
      LayoutText {#text} at (0,0) size 0x0
