layer at (0,0) size 800x600
  LayoutView at (0,0) size 800x600
layer at (0,0) size 800x600
  LayoutBlockFlow {HTML} at (0,0) size 800x600
    LayoutBlockFlow {BODY} at (8,8) size 784x584
      LayoutBlockFlow {P} at (0,0) size 784x20
        LayoutText {#text} at (0,0) size 447x19
          text run at (0,0) width 447: "This tests for a bug where the color of pasted text couldn't be changed.'"
      LayoutBlockFlow {DIV} at (0,36) size 784x40
        LayoutBlockFlow (anonymous) at (0,0) size 784x20
          LayoutInline {FONT} at (0,0) size 148x19 [color=#FF0000]
            LayoutText {#text} at (0,0) size 148x19
              text run at (0,0) width 148: "This text should be red."
        LayoutBlockFlow {DIV} at (0,20) size 784x20
          LayoutInline {FONT} at (0,0) size 124x19 [color=#0000FF]
            LayoutText {#text} at (0,0) size 124x19
              text run at (0,0) width 124: "This text should be "
          LayoutInline {FONT} at (0,0) size 235x19 [color=#008000]
            LayoutText {#text} at (124,0) size 235x19
              text run at (124,0) width 235: "a combination of green and blue, not "
          LayoutInline {FONT} at (0,0) size 24x19 [color=#0000FF]
            LayoutText {#text} at (359,0) size 24x19
              text run at (359,0) width 24: "red."
caret: position 37 of child 0 {#text} of child 1 {FONT} of child 1 {DIV} of child 2 {DIV} of body
