layer at (0,0) size 800x600
  LayoutView at (0,0) size 800x600
layer at (0,0) size 800x52
  LayoutBlockFlow {test} at (0,0) size 800x52
    LayoutBlockFlow {p} at (0,16) size 800x20
      LayoutInline {<pseudo:before>} at (0,0) size 171x19 [bgcolor=#00FF00]
        LayoutTextFragment (anonymous) at (0,0) size 171x19
          text run at (0,0) width 171: "GENERATED CONTENT "
      LayoutText {#text} at (171,0) size 602x19
        text run at (171,0) width 602: "You should see before this paragraph the words GENERATED CONTENT over green background"
