layer at (0,0) size 800x600
  LayoutView at (0,0) size 800x600
layer at (0,0) size 800x124
  LayoutBlockFlow {test} at (0,0) size 800x124
    LayoutBlockFlow {div} at (0,16) size 800x92
      LayoutBlockFlow {p} at (0,0) size 800x20
        LayoutText {#text} at (0,0) size 286x19
          text run at (0,0) width 286: "This paragraph should have normal background"
      LayoutBlockFlow {address} at (0,36) size 800x20 [bgcolor=#00FF00]
        LayoutText {#text} at (0,0) size 301x19
          text run at (0,0) width 301: "But this address should have green background"
      LayoutBlockFlow {p} at (0,72) size 800x20
        LayoutText {#text} at (0,0) size 286x19
          text run at (0,0) width 286: "This paragraph should have normal background"
