layer at (0,0) size 800x600
  LayoutView at (0,0) size 800x600
layer at (0,0) size 800x128
  LayoutBlockFlow {test} at (0,0) size 800x128
    LayoutBlockFlow {div} at (0,0) size 800x128
      LayoutBlockFlow {address} at (16,0) size 784x20
        LayoutText {#text} at (0,0) size 254x19
          text run at (0,0) width 254: "A first address with normal background"
      LayoutBlockFlow {address} at (16,36) size 784x20
        LayoutText {#text} at (0,0) size 272x19
          text run at (0,0) width 272: "A second address with normal background"
      LayoutBlockFlow {address} at (16,72) size 784x20 [bgcolor=#00FF00]
        LayoutText {#text} at (0,0) size 338x19
          text run at (0,0) width 338: "A third address that should have a green background"
      LayoutBlockFlow (anonymous) at (0,108) size 800x20
        LayoutText {#text} at (0,0) size 301x19
          text run at (0,0) width 301: "This div contains 3 addresses above this sentence."
