layer at (0,0) size 800x600
  LayoutView at (0,0) size 800x600
layer at (0,0) size 800x128
  LayoutBlockFlow {test} at (0,0) size 800x128
    LayoutBlockFlow {div} at (0,0) size 800x112
      LayoutBlockFlow (anonymous) at (0,0) size 800x20
        LayoutText {#text} at (0,0) size 183x19
          text run at (0,0) width 183: "This div contains 3 addresses :"
      LayoutBlockFlow {address} at (16,20) size 784x20
        LayoutText {#text} at (0,0) size 254x19
          text run at (0,0) width 254: "A first address with normal background"
      LayoutBlockFlow {address} at (16,56) size 784x20 [bgcolor=#00FF00]
        LayoutText {#text} at (0,0) size 352x19
          text run at (0,0) width 352: "A second address that should have a green background"
      LayoutBlockFlow {address} at (16,92) size 784x20 [bgcolor=#00FF00]
        LayoutText {#text} at (0,0) size 338x19
          text run at (0,0) width 338: "A third address that should have a green background"
