layer at (0,0) size 800x600
  LayoutView at (0,0) size 800x600
layer at (0,0) size 800x196
  LayoutBlockFlow {test} at (0,0) size 800x196
    LayoutBlockFlow {div} at (0,16) size 800x164
      LayoutBlockFlow {p} at (0,0) size 800x20
        LayoutInline {span} at (0,0) size 351x19 [bgcolor=#00FF00]
          LayoutText {#text} at (0,0) size 351x19
            text run at (0,0) width 351: "The text in this paragraph should have a green background"
        LayoutText {#text} at (0,0) size 0x0
      LayoutBlockFlow {address} at (16,36) size 768x20 [bgcolor=#00FF00]
        LayoutText {#text} at (0,0) size 291x19
          text run at (0,0) width 291: "This address should have a green background"
      LayoutBlockFlow {q} at (16,72) size 768x20 [bgcolor=#00FF00]
        LayoutText {#text} at (0,0) size 412x19
          text run at (0,0) width 412: "This element in another namespace should have a green background."
      LayoutBlockFlow {r} at (16,108) size 768x20 [bgcolor=#00FF00]
        LayoutText {#text} at (0,0) size 408x19
          text run at (0,0) width 408: "This element without a namespace should have a green background."
      LayoutBlockFlow {p} at (0,144) size 800x20
        LayoutText {#text} at (0,0) size 209x19
          text run at (0,0) width 209: "This paragraph should be unstyled."
