layer at (0,0) size 800x600
  LayoutView at (0,0) size 800x600
layer at (0,0) size 800x52
  LayoutBlockFlow {HTML} at (0,0) size 800x52
    LayoutBlockFlow {BODY} at (8,16) size 784x20
      LayoutBlockFlow {P} at (0,0) size 784x20
        LayoutText {#text} at (0,0) size 478x19
          text run at (0,0) width 478: "crbug.com/737837: Place ellipsis correctly when inline has relative position."
layer at (31,50) size 100x14 scrollWidth 114 scrollHeight 16
  LayoutBlockFlow (positioned) {DIV} at (31,50) size 100x14
    LayoutText {#text} at (0,-3) size 114x19
      text run at (0,-3) width 114: "abcdefghijklmnop"
layer at (31,70) size 100x14 scrollX 14.00 scrollWidth 114 scrollHeight 16
  LayoutBlockFlow (positioned) {DIV} at (31,70) size 100x14
    LayoutText {#text} at (-14,-3) size 114x19
      text run at (-14,-3) width 114: "abcdefghijklmnop"
layer at (31,90) size 100x14 scrollWidth 134 scrollHeight 16
  LayoutBlockFlow (positioned) {DIV} at (31,90) size 100x14
    LayoutText {#text} at (0,-3) size 134x19
      text run at (0,-3) width 134 RTL: "\x{5D0}\x{5D1}\x{5D2}\x{5D3}\x{5D4}\x{5D5}\x{5D6}\x{5D7}\x{5D8}\x{5D9}\x{5DB}\x{5DA}\x{5DC}\x{5DC}\x{5DB}\x{5DA}\x{5DC}\x{5DB}\x{5DA}\x{5DC}"
layer at (31,110) size 100x14 scrollX 34.00 scrollWidth 134 scrollHeight 16
  LayoutBlockFlow (positioned) {DIV} at (31,110) size 100x14
    LayoutText {#text} at (-34,-3) size 134x19
      text run at (-34,-3) width 134 RTL: "\x{5D0}\x{5D1}\x{5D2}\x{5D3}\x{5D4}\x{5D5}\x{5D6}\x{5D7}\x{5D8}\x{5D9}\x{5DB}\x{5DA}\x{5DC}\x{5DC}\x{5DB}\x{5DA}\x{5DC}\x{5DB}\x{5DA}\x{5DC}"
