layer at (0,0) size 800x600
  LayoutView at (0,0) size 800x600
layer at (0,0) size 800x600
  LayoutBlockFlow {HTML} at (0,0) size 800x600
    LayoutBlockFlow {BODY} at (8,8) size 784x579
      LayoutBlockFlow {PRE} at (0,0) size 784x45
        LayoutText {#text} at (0,0) size 180x15
          text run at (0,0) width 180: "[ONE] This is the first"
        LayoutWordBreak {WBR} at (0,0) size 0x0
        LayoutText {#text} at (179,0) size 554x45
          text run at (179,0) width 48: " line."
          text run at (226,0) width 1: " "
          text run at (0,15) width 554: "[TWO] If this on the same line as the first line, this test has failed."
          text run at (553,15) width 1: " "
          text run at (0,30) width 32: "    "
