layer at (0,0) size 800x600
  LayoutView at (0,0) size 800x600
layer at (0,0) size 800x600
  LayoutBlockFlow {HTML} at (0,0) size 800x600
    LayoutBlockFlow {BODY} at (8,8) size 784x576
      LayoutBlockFlow {P} at (0,0) size 784x40
        LayoutText {#text} at (0,0) size 763x39
          text run at (0,0) width 474: "This tests to make sure that breaking a quoted list doesn't renumber the list. "
          text run at (474,0) width 289: "You should see a list broken in two below, the"
          text run at (0,20) width 186: "list items numbered 1, 2, 3, 4."
      LayoutBlockFlow {DIV} at (0,56) size 784x132
        LayoutBlockFlow {BLOCKQUOTE} at (2,0) size 742x40 [color=#0000FF] [border: none (2px solid #0000FF)]
          LayoutBlockFlow {OL} at (2,0) size 740x40
            LayoutListItem {LI} at (40,0) size 700x20
              LayoutListMarker (anonymous) at (-16,0) size 16x19: "1"
              LayoutText {#text} at (0,0) size 27x19
                text run at (0,0) width 27: "One"
            LayoutListItem {LI} at (40,20) size 700x20
              LayoutListMarker (anonymous) at (-16,0) size 16x19: "2"
              LayoutText {#text} at (0,0) size 28x19
                text run at (0,0) width 28: "Two"
        LayoutBlockFlow (anonymous) at (0,56) size 784x20
          LayoutBR {BR} at (0,0) size 0x19
        LayoutBlockFlow {BLOCKQUOTE} at (2,92) size 742x40 [color=#0000FF] [border: none (2px solid #0000FF)]
          LayoutBlockFlow {OL} at (2,0) size 740x40
            LayoutListItem {LI} at (40,0) size 700x20
              LayoutListMarker (anonymous) at (-16,0) size 16x19: "3"
              LayoutText {#text} at (0,0) size 37x19
                text run at (0,0) width 37: "Three"
            LayoutListItem {LI} at (40,20) size 700x20
              LayoutListMarker (anonymous) at (-16,0) size 16x19: "4"
              LayoutText {#text} at (0,0) size 30x19
                text run at (0,0) width 30: "Four"
caret: position 0 of child 2 {BR} of child 3 {DIV} of body
