layer at (0,0) size 800x600 clip at (0,0) size 785x600 scrollHeight 3662
  LayoutView at (0,0) size 800x600
layer at (0,0) size 785x3662 backgroundClip at (0,0) size 785x600 clip at (0,0) size 785x600
  LayoutBlockFlow {HTML} at (0,0) size 785x3661.50
    LayoutBlockFlow {BODY} at (8,21.44) size 769x3624.06
      LayoutBlockFlow {H1} at (0,0) size 769x37
        LayoutText {#text} at (0,0) size 246x36
          text run at (0,0) width 246: "HTML Test Index"
      LayoutBlockFlow {P} at (0,58.44) size 769x20
        LayoutText {#text} at (0,0) size 310x19
          text run at (0,0) width 310: "The HTML tests are available in several variants."
      LayoutBlockFlow {H2} at (0,98.34) size 769x27
        LayoutText {#text} at (0,0) size 279x26
          text run at (0,0) width 279: "Tests With Navigation Aids"
      LayoutBlockFlow {P} at (0,145.25) size 769x40
        LayoutText {#text} at (0,0) size 769x39
          text run at (0,0) width 769: "Each category of test is available using several different harnesses. The name of the harness describes how the test markup"
          text run at (0,20) width 659: "is contained within it, for example the Xlink embed case uses an XLink with the show axis set to embed."
      LayoutBlockFlow {UL} at (0,201.25) size 769x200
        LayoutListItem {LI} at (40,0) size 729x40
          LayoutListMarker (anonymous) at (-18,0) size 7x19: bullet
          LayoutInline {A} at (0,0) size 21x19 [color=#0000EE]
            LayoutText {#text} at (0,0) size 21x19
              text run at (0,0) width 21: "full"
          LayoutText {#text} at (21,0) size 8x19
            text run at (21,0) width 8: ": "
          LayoutInline {A} at (0,0) size 94x19 [color=#0000EE]
            LayoutText {#text} at (29,0) size 94x19
              text run at (29,0) width 94: "Self Contained"
          LayoutText {#text} at (123,0) size 8x19
            text run at (123,0) width 8: ", "
          LayoutInline {A} at (0,0) size 120x19 [color=#0000EE]
            LayoutText {#text} at (131,0) size 120x19
              text run at (131,0) width 120: "XHTML <iframe>"
          LayoutText {#text} at (251,0) size 8x19
            text run at (251,0) width 8: ", "
          LayoutInline {A} at (0,0) size 118x19 [color=#0000EE]
            LayoutText {#text} at (259,0) size 118x19
              text run at (259,0) width 118: "XHTML <object>"
          LayoutText {#text} at (377,0) size 8x19
            text run at (377,0) width 8: ", "
          LayoutInline {A} at (0,0) size 116x19 [color=#0000EE]
            LayoutText {#text} at (385,0) size 116x19
              text run at (385,0) width 116: "XHTML <frame>"
          LayoutText {#text} at (501,0) size 8x19
            text run at (501,0) width 8: ", "
          LayoutInline {A} at (0,0) size 108x19 [color=#0000EE]
            LayoutText {#text} at (509,0) size 108x19
              text run at (509,0) width 108: "HTML <iframe>"
          LayoutText {#text} at (617,0) size 8x19
            text run at (617,0) width 8: ", "
          LayoutInline {A} at (0,0) size 671x39 [color=#0000EE]
            LayoutText {#text} at (625,0) size 671x39
              text run at (625,0) width 46: "HTML"
              text run at (0,20) width 56: "<object>"
          LayoutText {#text} at (56,20) size 8x19
            text run at (56,20) width 8: ", "
          LayoutInline {A} at (0,0) size 104x19 [color=#0000EE]
            LayoutText {#text} at (64,20) size 104x19
              text run at (64,20) width 104: "HTML <frame>"
          LayoutText {#text} at (168,20) size 8x19
            text run at (168,20) width 8: ", "
          LayoutInline {A} at (0,0) size 88x19 [color=#0000EE]
            LayoutText {#text} at (176,20) size 88x19
              text run at (176,20) width 88: "XLink embed"
          LayoutText {#text} at (264,20) size 8x19
            text run at (264,20) width 8: ", "
          LayoutInline {A} at (0,0) size 83x19 [color=#0000EE]
            LayoutText {#text} at (272,20) size 83x19
              text run at (272,20) width 83: "TNG Format"
        LayoutListItem {LI} at (40,40) size 729x40
          LayoutListMarker (anonymous) at (-18,0) size 7x19: bullet
          LayoutInline {A} at (0,0) size 32x19 [color=#0000EE]
            LayoutText {#text} at (0,0) size 32x19
              text run at (0,0) width 32: "static"
          LayoutText {#text} at (32,0) size 8x19
            text run at (32,0) width 8: ": "
          LayoutInline {A} at (0,0) size 94x19 [color=#0000EE]
            LayoutText {#text} at (40,0) size 94x19
              text run at (40,0) width 94: "Self Contained"
          LayoutText {#text} at (134,0) size 8x19
            text run at (134,0) width 8: ", "
          LayoutInline {A} at (0,0) size 120x19 [color=#0000EE]
            LayoutText {#text} at (142,0) size 120x19
              text run at (142,0) width 120: "XHTML <iframe>"
          LayoutText {#text} at (262,0) size 8x19
            text run at (262,0) width 8: ", "
          LayoutInline {A} at (0,0) size 118x19 [color=#0000EE]
            LayoutText {#text} at (270,0) size 118x19
              text run at (270,0) width 118: "XHTML <object>"
          LayoutText {#text} at (388,0) size 8x19
            text run at (388,0) width 8: ", "
          LayoutInline {A} at (0,0) size 116x19 [color=#0000EE]
            LayoutText {#text} at (396,0) size 116x19
              text run at (396,0) width 116: "XHTML <frame>"
          LayoutText {#text} at (512,0) size 8x19
            text run at (512,0) width 8: ", "
          LayoutInline {A} at (0,0) size 108x19 [color=#0000EE]
            LayoutText {#text} at (520,0) size 108x19
              text run at (520,0) width 108: "HTML <iframe>"
          LayoutText {#text} at (628,0) size 8x19
            text run at (628,0) width 8: ", "
          LayoutInline {A} at (0,0) size 682x39 [color=#0000EE]
            LayoutText {#text} at (636,0) size 682x39
              text run at (636,0) width 46: "HTML"
              text run at (0,20) width 56: "<object>"
          LayoutText {#text} at (56,20) size 8x19
            text run at (56,20) width 8: ", "
          LayoutInline {A} at (0,0) size 104x19 [color=#0000EE]
            LayoutText {#text} at (64,20) size 104x19
              text run at (64,20) width 104: "HTML <frame>"
          LayoutText {#text} at (168,20) size 8x19
            text run at (168,20) width 8: ", "
          LayoutInline {A} at (0,0) size 88x19 [color=#0000EE]
            LayoutText {#text} at (176,20) size 88x19
              text run at (176,20) width 88: "XLink embed"
          LayoutText {#text} at (264,20) size 8x19
            text run at (264,20) width 8: ", "
          LayoutInline {A} at (0,0) size 83x19 [color=#0000EE]
            LayoutText {#text} at (272,20) size 83x19
              text run at (272,20) width 83: "TNG Format"
        LayoutListItem {LI} at (40,80) size 729x40
          LayoutListMarker (anonymous) at (-18,0) size 7x19: bullet
          LayoutInline {A} at (0,0) size 90x19 [color=#0000EE]
            LayoutText {#text} at (0,0) size 90x19
              text run at (0,0) width 90: "history-related"
          LayoutText {#text} at (90,0) size 8x19
            text run at (90,0) width 8: ": "
          LayoutInline {A} at (0,0) size 94x19 [color=#0000EE]
            LayoutText {#text} at (98,0) size 94x19
              text run at (98,0) width 94: "Self Contained"
          LayoutText {#text} at (192,0) size 8x19
            text run at (192,0) width 8: ", "
          LayoutInline {A} at (0,0) size 120x19 [color=#0000EE]
            LayoutText {#text} at (200,0) size 120x19
              text run at (200,0) width 120: "XHTML <iframe>"
          LayoutText {#text} at (320,0) size 8x19
            text run at (320,0) width 8: ", "
          LayoutInline {A} at (0,0) size 118x19 [color=#0000EE]
            LayoutText {#text} at (328,0) size 118x19
              text run at (328,0) width 118: "XHTML <object>"
          LayoutText {#text} at (446,0) size 8x19
            text run at (446,0) width 8: ", "
          LayoutInline {A} at (0,0) size 116x19 [color=#0000EE]
            LayoutText {#text} at (454,0) size 116x19
              text run at (454,0) width 116: "XHTML <frame>"
          LayoutText {#text} at (570,0) size 8x19
            text run at (570,0) width 8: ", "
          LayoutInline {A} at (0,0) size 108x19 [color=#0000EE]
            LayoutText {#text} at (578,0) size 108x19
              text run at (578,0) width 108: "HTML <iframe>"
          LayoutText {#text} at (686,0) size 4x19
            text run at (686,0) width 4: ","
          LayoutInline {A} at (0,0) size 106x19 [color=#0000EE]
            LayoutText {#text} at (0,20) size 106x19
              text run at (0,20) width 106: "HTML <object>"
          LayoutText {#text} at (106,20) size 8x19
            text run at (106,20) width 8: ", "
          LayoutInline {A} at (0,0) size 104x19 [color=#0000EE]
            LayoutText {#text} at (114,20) size 104x19
              text run at (114,20) width 104: "HTML <frame>"
          LayoutText {#text} at (218,20) size 8x19
            text run at (218,20) width 8: ", "
          LayoutInline {A} at (0,0) size 88x19 [color=#0000EE]
            LayoutText {#text} at (226,20) size 88x19
              text run at (226,20) width 88: "XLink embed"
          LayoutText {#text} at (314,20) size 8x19
            text run at (314,20) width 8: ", "
          LayoutInline {A} at (0,0) size 83x19 [color=#0000EE]
            LayoutText {#text} at (322,20) size 83x19
              text run at (322,20) width 83: "TNG Format"
        LayoutListItem {LI} at (40,120) size 729x40
          LayoutListMarker (anonymous) at (-18,0) size 7x19: bullet
          LayoutInline {A} at (0,0) size 65x19 [color=#0000EE]
            LayoutText {#text} at (0,0) size 65x19
              text run at (0,0) width 65: "interactive"
          LayoutText {#text} at (65,0) size 8x19
            text run at (65,0) width 8: ": "
          LayoutInline {A} at (0,0) size 94x19 [color=#0000EE]
            LayoutText {#text} at (73,0) size 94x19
              text run at (73,0) width 94: "Self Contained"
          LayoutText {#text} at (167,0) size 8x19
            text run at (167,0) width 8: ", "
          LayoutInline {A} at (0,0) size 120x19 [color=#0000EE]
            LayoutText {#text} at (175,0) size 120x19
              text run at (175,0) width 120: "XHTML <iframe>"
          LayoutText {#text} at (295,0) size 8x19
            text run at (295,0) width 8: ", "
          LayoutInline {A} at (0,0) size 118x19 [color=#0000EE]
            LayoutText {#text} at (303,0) size 118x19
              text run at (303,0) width 118: "XHTML <object>"
          LayoutText {#text} at (421,0) size 8x19
            text run at (421,0) width 8: ", "
          LayoutInline {A} at (0,0) size 116x19 [color=#0000EE]
            LayoutText {#text} at (429,0) size 116x19
              text run at (429,0) width 116: "XHTML <frame>"
          LayoutText {#text} at (545,0) size 8x19
            text run at (545,0) width 8: ", "
          LayoutInline {A} at (0,0) size 108x19 [color=#0000EE]
            LayoutText {#text} at (553,0) size 108x19
              text run at (553,0) width 108: "HTML <iframe>"
          LayoutText {#text} at (661,0) size 8x19
            text run at (661,0) width 8: ", "
          LayoutInline {A} at (0,0) size 715x39 [color=#0000EE]
            LayoutText {#text} at (669,0) size 715x39
              text run at (669,0) width 46: "HTML"
              text run at (0,20) width 56: "<object>"
          LayoutText {#text} at (56,20) size 8x19
            text run at (56,20) width 8: ", "
          LayoutInline {A} at (0,0) size 104x19 [color=#0000EE]
            LayoutText {#text} at (64,20) size 104x19
              text run at (64,20) width 104: "HTML <frame>"
          LayoutText {#text} at (168,20) size 8x19
            text run at (168,20) width 8: ", "
          LayoutInline {A} at (0,0) size 88x19 [color=#0000EE]
            LayoutText {#text} at (176,20) size 88x19
              text run at (176,20) width 88: "XLink embed"
          LayoutText {#text} at (264,20) size 8x19
            text run at (264,20) width 8: ", "
          LayoutInline {A} at (0,0) size 83x19 [color=#0000EE]
            LayoutText {#text} at (272,20) size 83x19
              text run at (272,20) width 83: "TNG Format"
        LayoutListItem {LI} at (40,160) size 729x40
          LayoutListMarker (anonymous) at (-18,0) size 7x19: bullet
          LayoutInline {A} at (0,0) size 54x19 [color=#0000EE]
            LayoutText {#text} at (0,0) size 54x19
              text run at (0,0) width 54: "dynamic"
          LayoutText {#text} at (54,0) size 8x19
            text run at (54,0) width 8: ": "
          LayoutInline {A} at (0,0) size 94x19 [color=#0000EE]
            LayoutText {#text} at (62,0) size 94x19
              text run at (62,0) width 94: "Self Contained"
          LayoutText {#text} at (156,0) size 8x19
            text run at (156,0) width 8: ", "
          LayoutInline {A} at (0,0) size 120x19 [color=#0000EE]
            LayoutText {#text} at (164,0) size 120x19
              text run at (164,0) width 120: "XHTML <iframe>"
          LayoutText {#text} at (284,0) size 8x19
            text run at (284,0) width 8: ", "
          LayoutInline {A} at (0,0) size 118x19 [color=#0000EE]
            LayoutText {#text} at (292,0) size 118x19
              text run at (292,0) width 118: "XHTML <object>"
          LayoutText {#text} at (410,0) size 8x19
            text run at (410,0) width 8: ", "
          LayoutInline {A} at (0,0) size 116x19 [color=#0000EE]
            LayoutText {#text} at (418,0) size 116x19
              text run at (418,0) width 116: "XHTML <frame>"
          LayoutText {#text} at (534,0) size 8x19
            text run at (534,0) width 8: ", "
          LayoutInline {A} at (0,0) size 108x19 [color=#0000EE]
            LayoutText {#text} at (542,0) size 108x19
              text run at (542,0) width 108: "HTML <iframe>"
          LayoutText {#text} at (650,0) size 8x19
            text run at (650,0) width 8: ", "
          LayoutInline {A} at (0,0) size 704x39 [color=#0000EE]
            LayoutText {#text} at (658,0) size 704x39
              text run at (658,0) width 46: "HTML"
              text run at (0,20) width 56: "<object>"
          LayoutText {#text} at (56,20) size 8x19
            text run at (56,20) width 8: ", "
          LayoutInline {A} at (0,0) size 104x19 [color=#0000EE]
            LayoutText {#text} at (64,20) size 104x19
              text run at (64,20) width 104: "HTML <frame>"
          LayoutText {#text} at (168,20) size 8x19
            text run at (168,20) width 8: ", "
          LayoutInline {A} at (0,0) size 88x19 [color=#0000EE]
            LayoutText {#text} at (176,20) size 88x19
              text run at (176,20) width 88: "XLink embed"
          LayoutText {#text} at (264,20) size 8x19
            text run at (264,20) width 8: ", "
          LayoutInline {A} at (0,0) size 83x19 [color=#0000EE]
            LayoutText {#text} at (272,20) size 83x19
              text run at (272,20) width 83: "TNG Format"
      LayoutBlockFlow {H2} at (0,421.16) size 769x27
        LayoutText {#text} at (0,0) size 172x26
          text run at (0,0) width 172: "Unadorned Tests"
      LayoutBlockFlow {UL} at (0,468.06) size 769x3120
        LayoutListItem {LI} at (40,0) size 729x20
          LayoutListMarker (anonymous) at (-18,0) size 7x19: bullet
          LayoutInline {A} at (0,0) size 122x19 [color=#0000EE]
            LayoutText {#text} at (0,0) size 122x19
              text run at (0,0) width 122: "Groups of selectors"
          LayoutText {#text} at (122,0) size 30x19
            text run at (122,0) width 30: " (#1)"
        LayoutListItem {LI} at (40,20) size 729x20
          LayoutListMarker (anonymous) at (-18,0) size 7x19: bullet
          LayoutInline {A} at (0,0) size 143x19 [color=#0000EE]
            LayoutText {#text} at (0,0) size 143x19
              text run at (0,0) width 143: "Type element selectors"
          LayoutText {#text} at (143,0) size 30x19
            text run at (143,0) width 30: " (#2)"
        LayoutListItem {LI} at (40,40) size 729x20
          LayoutListMarker (anonymous) at (-18,0) size 7x19: bullet
          LayoutInline {A} at (0,0) size 164x19 [color=#0000EE]
            LayoutText {#text} at (0,0) size 164x19
              text run at (0,0) width 164: "Omitted universal selector"
          LayoutText {#text} at (164,0) size 30x19
            text run at (164,0) width 30: " (#4)"
        LayoutListItem {LI} at (40,60) size 729x20
          LayoutListMarker (anonymous) at (-18,0) size 7x19: bullet
          LayoutInline {A} at (0,0) size 170x19 [color=#0000EE]
            LayoutText {#text} at (0,0) size 170x19
              text run at (0,0) width 170: "Attribute existence selector"
          LayoutText {#text} at (170,0) size 30x19
            text run at (170,0) width 30: " (#5)"
        LayoutListItem {LI} at (40,80) size 729x20
          LayoutListMarker (anonymous) at (-18,0) size 7x19: bullet
          LayoutInline {A} at (0,0) size 146x19 [color=#0000EE]
            LayoutText {#text} at (0,0) size 146x19
              text run at (0,0) width 146: "Attribute value selector"
          LayoutText {#text} at (146,0) size 30x19
            text run at (146,0) width 30: " (#6)"
        LayoutListItem {LI} at (40,100) size 729x20
          LayoutListMarker (anonymous) at (-18,0) size 7x19: bullet
          LayoutInline {A} at (0,0) size 178x19 [color=#0000EE]
            LayoutText {#text} at (0,0) size 178x19
              text run at (0,0) width 178: "Attribute multivalue selector"
          LayoutText {#text} at (178,0) size 30x19
            text run at (178,0) width 30: " (#7)"
        LayoutListItem {LI} at (40,120) size 729x20
          LayoutListMarker (anonymous) at (-18,0) size 7x19: bullet
          LayoutInline {A} at (0,0) size 178x19 [color=#0000EE]
            LayoutText {#text} at (0,0) size 178x19
              text run at (0,0) width 178: "Attribute multivalue selector"
          LayoutText {#text} at (178,0) size 38x19
            text run at (178,0) width 38: " (#7b)"
        LayoutListItem {LI} at (40,140) size 729x20
          LayoutListMarker (anonymous) at (-18,0) size 7x19: bullet
          LayoutInline {A} at (0,0) size 338x19 [color=#0000EE]
            LayoutText {#text} at (0,0) size 338x19
              text run at (0,0) width 338: "Attribute value selectors (hyphen-separated attributes)"
          LayoutText {#text} at (338,0) size 30x19
            text run at (338,0) width 30: " (#8)"
        LayoutListItem {LI} at (40,160) size 729x20
          LayoutListMarker (anonymous) at (-18,0) size 7x19: bullet
          LayoutInline {A} at (0,0) size 306x19 [color=#0000EE]
            LayoutText {#text} at (0,0) size 306x19
              text run at (0,0) width 306: "Substring matching attribute selector (beginning)"
          LayoutText {#text} at (306,0) size 30x19
            text run at (306,0) width 30: " (#9)"
        LayoutListItem {LI} at (40,180) size 729x20
          LayoutListMarker (anonymous) at (-18,0) size 7x19: bullet
          LayoutInline {A} at (0,0) size 266x19 [color=#0000EE]
            LayoutText {#text} at (0,0) size 266x19
              text run at (0,0) width 266: "Substring matching attribute selector (end)"
          LayoutText {#text} at (266,0) size 38x19
            text run at (266,0) width 38: " (#10)"
        LayoutListItem {LI} at (40,200) size 729x20
          LayoutListMarker (anonymous) at (-18,0) size 7x19: bullet
          LayoutInline {A} at (0,0) size 295x19 [color=#0000EE]
            LayoutText {#text} at (0,0) size 295x19
              text run at (0,0) width 295: "Substring matching attribute selector (contains)"
          LayoutText {#text} at (295,0) size 37x19
            text run at (295,0) width 37: " (#11)"
        LayoutListItem {LI} at (40,220) size 729x20
          LayoutListMarker (anonymous) at (-18,0) size 7x19: bullet
          LayoutInline {A} at (0,0) size 140x19 [color=#0000EE]
            LayoutText {#text} at (0,0) size 140x19
              text run at (0,0) width 140: "Default attribute value"
          LayoutText {#text} at (140,0) size 38x19
            text run at (140,0) width 38: " (#12)"
        LayoutListItem {LI} at (40,240) size 729x20
          LayoutListMarker (anonymous) at (-18,0) size 7x19: bullet
          LayoutInline {A} at (0,0) size 92x19 [color=#0000EE]
            LayoutText {#text} at (0,0) size 92x19
              text run at (0,0) width 92: "Class selectors"
          LayoutText {#text} at (92,0) size 38x19
            text run at (92,0) width 38: " (#13)"
        LayoutListItem {LI} at (40,260) size 729x20
          LayoutListMarker (anonymous) at (-18,0) size 7x19: bullet
          LayoutInline {A} at (0,0) size 178x19 [color=#0000EE]
            LayoutText {#text} at (0,0) size 178x19
              text run at (0,0) width 178: "More than one class selector"
          LayoutText {#text} at (178,0) size 38x19
            text run at (178,0) width 38: " (#14)"
        LayoutListItem {LI} at (40,280) size 729x20
          LayoutListMarker (anonymous) at (-18,0) size 7x19: bullet
          LayoutInline {A} at (0,0) size 75x19 [color=#0000EE]
            LayoutText {#text} at (0,0) size 75x19
              text run at (0,0) width 75: "ID selectors"
          LayoutText {#text} at (75,0) size 38x19
            text run at (75,0) width 38: " (#15)"
        LayoutListItem {LI} at (40,300) size 729x20
          LayoutListMarker (anonymous) at (-18,0) size 7x19: bullet
          LayoutInline {A} at (0,0) size 112x19 [color=#0000EE]
            LayoutText {#text} at (0,0) size 112x19
              text run at (0,0) width 112: ":link pseudo-class"
          LayoutText {#text} at (112,0) size 38x19
            text run at (112,0) width 38: " (#16)"
        LayoutListItem {LI} at (40,320) size 729x20
          LayoutListMarker (anonymous) at (-18,0) size 7x19: bullet
          LayoutInline {A} at (0,0) size 129x19 [color=#0000EE]
            LayoutText {#text} at (0,0) size 129x19
              text run at (0,0) width 129: ":visited pseudo-class"
          LayoutText {#text} at (129,0) size 38x19
            text run at (129,0) width 38: " (#17)"
        LayoutListItem {LI} at (40,340) size 729x20
          LayoutListMarker (anonymous) at (-18,0) size 7x19: bullet
          LayoutInline {A} at (0,0) size 124x19 [color=#0000EE]
            LayoutText {#text} at (0,0) size 124x19
              text run at (0,0) width 124: ":hover pseudo-class"
          LayoutText {#text} at (124,0) size 38x19
            text run at (124,0) width 38: " (#18)"
        LayoutListItem {LI} at (40,360) size 729x20
          LayoutListMarker (anonymous) at (-18,0) size 7x19: bullet
          LayoutInline {A} at (0,0) size 124x19 [color=#0000EE]
            LayoutText {#text} at (0,0) size 124x19
              text run at (0,0) width 124: ":hover pseudo-class"
          LayoutText {#text} at (124,0) size 46x19
            text run at (124,0) width 46: " (#18b)"
        LayoutListItem {LI} at (40,380) size 729x20
          LayoutListMarker (anonymous) at (-18,0) size 7x19: bullet
          LayoutInline {A} at (0,0) size 125x19 [color=#0000EE]
            LayoutText {#text} at (0,0) size 125x19
              text run at (0,0) width 125: ":active pseudo-class"
          LayoutText {#text} at (125,0) size 38x19
            text run at (125,0) width 38: " (#19)"
        LayoutListItem {LI} at (40,400) size 729x20
          LayoutListMarker (anonymous) at (-18,0) size 7x19: bullet
          LayoutInline {A} at (0,0) size 122x19 [color=#0000EE]
            LayoutText {#text} at (0,0) size 122x19
              text run at (0,0) width 122: ":focus pseudo-class"
          LayoutText {#text} at (122,0) size 38x19
            text run at (122,0) width 38: " (#20)"
        LayoutListItem {LI} at (40,420) size 729x20
          LayoutListMarker (anonymous) at (-18,0) size 7x19: bullet
          LayoutInline {A} at (0,0) size 123x19 [color=#0000EE]
            LayoutText {#text} at (0,0) size 123x19
              text run at (0,0) width 123: ":target pseudo-class"
          LayoutText {#text} at (123,0) size 38x19
            text run at (123,0) width 38: " (#21)"
        LayoutListItem {LI} at (40,440) size 729x20
          LayoutListMarker (anonymous) at (-18,0) size 7x19: bullet
          LayoutInline {A} at (0,0) size 123x19 [color=#0000EE]
            LayoutText {#text} at (0,0) size 123x19
              text run at (0,0) width 123: ":target pseudo-class"
          LayoutText {#text} at (123,0) size 46x19
            text run at (123,0) width 46: " (#21b)"
        LayoutListItem {LI} at (40,460) size 729x20
          LayoutListMarker (anonymous) at (-18,0) size 7x19: bullet
          LayoutInline {A} at (0,0) size 123x19 [color=#0000EE]
            LayoutText {#text} at (0,0) size 123x19
              text run at (0,0) width 123: ":target pseudo-class"
          LayoutText {#text} at (123,0) size 45x19
            text run at (123,0) width 45: " (#21c)"
        LayoutListItem {LI} at (40,480) size 729x20
          LayoutListMarker (anonymous) at (-18,0) size 7x19: bullet
          LayoutInline {A} at (0,0) size 125x19 [color=#0000EE]
            LayoutText {#text} at (0,0) size 125x19
              text run at (0,0) width 125: ":lang() pseudo-class"
          LayoutText {#text} at (125,0) size 38x19
            text run at (125,0) width 38: " (#22)"
        LayoutListItem {LI} at (40,500) size 729x20
          LayoutListMarker (anonymous) at (-18,0) size 7x19: bullet
          LayoutInline {A} at (0,0) size 137x19 [color=#0000EE]
            LayoutText {#text} at (0,0) size 137x19
              text run at (0,0) width 137: ":enabled pseudo-class"
          LayoutText {#text} at (137,0) size 38x19
            text run at (137,0) width 38: " (#23)"
        LayoutListItem {LI} at (40,520) size 729x20
          LayoutListMarker (anonymous) at (-18,0) size 7x19: bullet
          LayoutInline {A} at (0,0) size 140x19 [color=#0000EE]
            LayoutText {#text} at (0,0) size 140x19
              text run at (0,0) width 140: ":disabled pseudo-class"
          LayoutText {#text} at (140,0) size 38x19
            text run at (140,0) width 38: " (#24)"
        LayoutListItem {LI} at (40,540) size 729x20
          LayoutListMarker (anonymous) at (-18,0) size 7x19: bullet
          LayoutInline {A} at (0,0) size 140x19 [color=#0000EE]
            LayoutText {#text} at (0,0) size 140x19
              text run at (0,0) width 140: ":checked pseudo-class"
          LayoutText {#text} at (140,0) size 38x19
            text run at (140,0) width 38: " (#25)"
        LayoutListItem {LI} at (40,560) size 729x20
          LayoutListMarker (anonymous) at (-18,0) size 7x19: bullet
          LayoutInline {A} at (0,0) size 113x19 [color=#0000EE]
            LayoutText {#text} at (0,0) size 113x19
              text run at (0,0) width 113: ":root pseudo-class"
          LayoutText {#text} at (113,0) size 38x19
            text run at (113,0) width 38: " (#27)"
        LayoutListItem {LI} at (40,580) size 729x20
          LayoutListMarker (anonymous) at (-18,0) size 7x19: bullet
          LayoutInline {A} at (0,0) size 154x19 [color=#0000EE]
            LayoutText {#text} at (0,0) size 154x19
              text run at (0,0) width 154: ":nth-child() pseudo-class"
          LayoutText {#text} at (154,0) size 38x19
            text run at (154,0) width 38: " (#28)"
        LayoutListItem {LI} at (40,600) size 729x20
          LayoutListMarker (anonymous) at (-18,0) size 7x19: bullet
          LayoutInline {A} at (0,0) size 154x19 [color=#0000EE]
            LayoutText {#text} at (0,0) size 154x19
              text run at (0,0) width 154: ":nth-child() pseudo-class"
          LayoutText {#text} at (154,0) size 46x19
            text run at (154,0) width 46: " (#28b)"
        LayoutListItem {LI} at (40,620) size 729x20
          LayoutListMarker (anonymous) at (-18,0) size 7x19: bullet
          LayoutInline {A} at (0,0) size 180x19 [color=#0000EE]
            LayoutText {#text} at (0,0) size 180x19
              text run at (0,0) width 180: ":nth-last-child() pseudo-class"
          LayoutText {#text} at (180,0) size 38x19
            text run at (180,0) width 38: " (#29)"
        LayoutListItem {LI} at (40,640) size 729x20
          LayoutListMarker (anonymous) at (-18,0) size 7x19: bullet
          LayoutInline {A} at (0,0) size 180x19 [color=#0000EE]
            LayoutText {#text} at (0,0) size 180x19
              text run at (0,0) width 180: ":nth-last-child() pseudo-class"
          LayoutText {#text} at (180,0) size 46x19
            text run at (180,0) width 46: " (#29b)"
        LayoutListItem {LI} at (40,660) size 729x20
          LayoutListMarker (anonymous) at (-18,0) size 7x19: bullet
          LayoutInline {A} at (0,0) size 168x19 [color=#0000EE]
            LayoutText {#text} at (0,0) size 168x19
              text run at (0,0) width 168: ":nth-of-type() pseudo-class"
          LayoutText {#text} at (168,0) size 38x19
            text run at (168,0) width 38: " (#30)"
        LayoutListItem {LI} at (40,680) size 729x20
          LayoutListMarker (anonymous) at (-18,0) size 7x19: bullet
          LayoutInline {A} at (0,0) size 194x19 [color=#0000EE]
            LayoutText {#text} at (0,0) size 194x19
              text run at (0,0) width 194: ":nth-last-of-type() pseudo-class"
          LayoutText {#text} at (194,0) size 38x19
            text run at (194,0) width 38: " (#31)"
        LayoutListItem {LI} at (40,700) size 729x20
          LayoutListMarker (anonymous) at (-18,0) size 7x19: bullet
          LayoutInline {A} at (0,0) size 148x19 [color=#0000EE]
            LayoutText {#text} at (0,0) size 148x19
              text run at (0,0) width 148: ":first-child pseudo-class"
          LayoutText {#text} at (148,0) size 38x19
            text run at (148,0) width 38: " (#32)"
        LayoutListItem {LI} at (40,720) size 729x20
          LayoutListMarker (anonymous) at (-18,0) size 7x19: bullet
          LayoutInline {A} at (0,0) size 145x19 [color=#0000EE]
            LayoutText {#text} at (0,0) size 145x19
              text run at (0,0) width 145: ":last-child pseudo-class"
          LayoutText {#text} at (145,0) size 38x19
            text run at (145,0) width 38: " (#33)"
        LayoutListItem {LI} at (40,740) size 729x20
          LayoutListMarker (anonymous) at (-18,0) size 7x19: bullet
          LayoutInline {A} at (0,0) size 162x19 [color=#0000EE]
            LayoutText {#text} at (0,0) size 162x19
              text run at (0,0) width 162: ":first-of-type pseudo-class"
          LayoutText {#text} at (162,0) size 38x19
            text run at (162,0) width 38: " (#34)"
        LayoutListItem {LI} at (40,760) size 729x20
          LayoutListMarker (anonymous) at (-18,0) size 7x19: bullet
          LayoutInline {A} at (0,0) size 159x19 [color=#0000EE]
            LayoutText {#text} at (0,0) size 159x19
              text run at (0,0) width 159: ":last-of-type pseudo-class"
          LayoutText {#text} at (159,0) size 38x19
            text run at (159,0) width 38: " (#35)"
        LayoutListItem {LI} at (40,780) size 729x20
          LayoutListMarker (anonymous) at (-18,0) size 7x19: bullet
          LayoutInline {A} at (0,0) size 152x19 [color=#0000EE]
            LayoutText {#text} at (0,0) size 152x19
              text run at (0,0) width 152: ":only-child pseudo-class"
          LayoutText {#text} at (152,0) size 38x19
            text run at (152,0) width 38: " (#36)"
        LayoutListItem {LI} at (40,800) size 729x20
          LayoutListMarker (anonymous) at (-18,0) size 7x19: bullet
          LayoutInline {A} at (0,0) size 166x19 [color=#0000EE]
            LayoutText {#text} at (0,0) size 166x19
              text run at (0,0) width 166: ":only-of-type pseudo-class"
          LayoutText {#text} at (166,0) size 38x19
            text run at (166,0) width 38: " (#37)"
        LayoutListItem {LI} at (40,820) size 729x20
          LayoutListMarker (anonymous) at (-18,0) size 7x19: bullet
          LayoutInline {A} at (0,0) size 163x19 [color=#0000EE]
            LayoutText {#text} at (0,0) size 163x19
              text run at (0,0) width 163: "::first-line pseudo-element"
          LayoutText {#text} at (163,0) size 38x19
            text run at (163,0) width 38: " (#38)"
        LayoutListItem {LI} at (40,840) size 729x20
          LayoutListMarker (anonymous) at (-18,0) size 7x19: bullet
          LayoutInline {A} at (0,0) size 171x19 [color=#0000EE]
            LayoutText {#text} at (0,0) size 171x19
              text run at (0,0) width 171: "::first-letter pseudo-element"
          LayoutText {#text} at (171,0) size 38x19
            text run at (171,0) width 38: " (#39)"
        LayoutListItem {LI} at (40,860) size 729x20
          LayoutListMarker (anonymous) at (-18,0) size 7x19: bullet
          LayoutInline {A} at (0,0) size 358x19 [color=#0000EE]
            LayoutText {#text} at (0,0) size 358x19
              text run at (0,0) width 358: "::first-letter pseudo-element with ::before pseudo-element"
          LayoutText {#text} at (358,0) size 45x19
            text run at (358,0) width 45: " (#39a)"
        LayoutListItem {LI} at (40,880) size 729x20
          LayoutListMarker (anonymous) at (-18,0) size 7x19: bullet
          LayoutInline {A} at (0,0) size 358x19 [color=#0000EE]
            LayoutText {#text} at (0,0) size 358x19
              text run at (0,0) width 358: "::first-letter pseudo-element with ::before pseudo-element"
          LayoutText {#text} at (358,0) size 45x19
            text run at (358,0) width 45: " (#39a)"
        LayoutListItem {LI} at (40,900) size 729x20
          LayoutListMarker (anonymous) at (-18,0) size 7x19: bullet
          LayoutInline {A} at (0,0) size 171x19 [color=#0000EE]
            LayoutText {#text} at (0,0) size 171x19
              text run at (0,0) width 171: "::first-letter pseudo-element"
          LayoutText {#text} at (171,0) size 46x19
            text run at (171,0) width 46: " (#39b)"
        LayoutListItem {LI} at (40,920) size 729x20
          LayoutListMarker (anonymous) at (-18,0) size 7x19: bullet
          LayoutInline {A} at (0,0) size 166x19 [color=#0000EE]
            LayoutText {#text} at (0,0) size 166x19
              text run at (0,0) width 166: "::selection pseudo-element"
          LayoutText {#text} at (166,0) size 38x19
            text run at (166,0) width 38: " (#40)"
        LayoutListItem {LI} at (40,940) size 729x20
          LayoutListMarker (anonymous) at (-18,0) size 7x19: bullet
          LayoutInline {A} at (0,0) size 151x19 [color=#0000EE]
            LayoutText {#text} at (0,0) size 151x19
              text run at (0,0) width 151: "::before pseudo-element"
          LayoutText {#text} at (151,0) size 38x19
            text run at (151,0) width 38: " (#41)"
        LayoutListItem {LI} at (40,960) size 729x20
          LayoutListMarker (anonymous) at (-18,0) size 7x19: bullet
          LayoutInline {A} at (0,0) size 139x19 [color=#0000EE]
            LayoutText {#text} at (0,0) size 139x19
              text run at (0,0) width 139: "::after pseudo-element"
          LayoutText {#text} at (139,0) size 38x19
            text run at (139,0) width 38: " (#42)"
        LayoutListItem {LI} at (40,980) size 729x20
          LayoutListMarker (anonymous) at (-18,0) size 7x19: bullet
          LayoutInline {A} at (0,0) size 149x19 [color=#0000EE]
            LayoutText {#text} at (0,0) size 149x19
              text run at (0,0) width 149: "Descendant combinator"
          LayoutText {#text} at (149,0) size 38x19
            text run at (149,0) width 38: " (#43)"
        LayoutListItem {LI} at (40,1000) size 729x20
          LayoutListMarker (anonymous) at (-18,0) size 7x19: bullet
          LayoutInline {A} at (0,0) size 149x19 [color=#0000EE]
            LayoutText {#text} at (0,0) size 149x19
              text run at (0,0) width 149: "Descendant combinator"
          LayoutText {#text} at (149,0) size 46x19
            text run at (149,0) width 46: " (#43b)"
        LayoutListItem {LI} at (40,1020) size 729x20
          LayoutListMarker (anonymous) at (-18,0) size 7x19: bullet
          LayoutInline {A} at (0,0) size 110x19 [color=#0000EE]
            LayoutText {#text} at (0,0) size 110x19
              text run at (0,0) width 110: "Child combinator"
          LayoutText {#text} at (110,0) size 38x19
            text run at (110,0) width 38: " (#44)"
        LayoutListItem {LI} at (40,1040) size 729x20
          LayoutListMarker (anonymous) at (-18,0) size 7x19: bullet
          LayoutInline {A} at (0,0) size 110x19 [color=#0000EE]
            LayoutText {#text} at (0,0) size 110x19
              text run at (0,0) width 110: "Child combinator"
          LayoutText {#text} at (110,0) size 46x19
            text run at (110,0) width 46: " (#44b)"
        LayoutListItem {LI} at (40,1060) size 729x20
          LayoutListMarker (anonymous) at (-18,0) size 7x19: bullet
          LayoutInline {A} at (0,0) size 184x19 [color=#0000EE]
            LayoutText {#text} at (0,0) size 184x19
              text run at (0,0) width 184: "Child combinator and classes"
          LayoutText {#text} at (184,0) size 45x19
            text run at (184,0) width 45: " (#44c)"
        LayoutListItem {LI} at (40,1080) size 729x20
          LayoutListMarker (anonymous) at (-18,0) size 7x19: bullet
          LayoutInline {A} at (0,0) size 168x19 [color=#0000EE]
            LayoutText {#text} at (0,0) size 168x19
              text run at (0,0) width 168: "Child combinatior and IDs"
          LayoutText {#text} at (168,0) size 46x19
            text run at (168,0) width 46: " (#44d)"
        LayoutListItem {LI} at (40,1100) size 729x20
          LayoutListMarker (anonymous) at (-18,0) size 7x19: bullet
          LayoutInline {A} at (0,0) size 170x19 [color=#0000EE]
            LayoutText {#text} at (0,0) size 170x19
              text run at (0,0) width 170: "Direct adjacent combinator"
          LayoutText {#text} at (170,0) size 38x19
            text run at (170,0) width 38: " (#45)"
        LayoutListItem {LI} at (40,1120) size 729x20
          LayoutListMarker (anonymous) at (-18,0) size 7x19: bullet
          LayoutInline {A} at (0,0) size 170x19 [color=#0000EE]
            LayoutText {#text} at (0,0) size 170x19
              text run at (0,0) width 170: "Direct adjacent combinator"
          LayoutText {#text} at (170,0) size 46x19
            text run at (170,0) width 46: " (#45b)"
        LayoutListItem {LI} at (40,1140) size 729x20
          LayoutListMarker (anonymous) at (-18,0) size 7x19: bullet
          LayoutInline {A} at (0,0) size 244x19 [color=#0000EE]
            LayoutText {#text} at (0,0) size 244x19
              text run at (0,0) width 244: "Direct adjacent combinator and classes"
          LayoutText {#text} at (244,0) size 45x19
            text run at (244,0) width 45: " (#45c)"
        LayoutListItem {LI} at (40,1160) size 729x20
          LayoutListMarker (anonymous) at (-18,0) size 7x19: bullet
          LayoutInline {A} at (0,0) size 179x19 [color=#0000EE]
            LayoutText {#text} at (0,0) size 179x19
              text run at (0,0) width 179: "Indirect adjacent combinator"
          LayoutText {#text} at (179,0) size 38x19
            text run at (179,0) width 38: " (#46)"
        LayoutListItem {LI} at (40,1180) size 729x20
          LayoutListMarker (anonymous) at (-18,0) size 7x19: bullet
          LayoutInline {A} at (0,0) size 179x19 [color=#0000EE]
            LayoutText {#text} at (0,0) size 179x19
              text run at (0,0) width 179: "Indirect adjacent combinator"
          LayoutText {#text} at (179,0) size 46x19
            text run at (179,0) width 46: " (#46b)"
        LayoutListItem {LI} at (40,1200) size 729x20
          LayoutListMarker (anonymous) at (-18,0) size 7x19: bullet
          LayoutInline {A} at (0,0) size 393x19 [color=#0000EE]
            LayoutText {#text} at (0,0) size 393x19
              text run at (0,0) width 393: "NEGATED substring matching attribute selector on beginning"
          LayoutText {#text} at (393,0) size 38x19
            text run at (393,0) width 38: " (#54)"
        LayoutListItem {LI} at (40,1220) size 729x20
          LayoutListMarker (anonymous) at (-18,0) size 7x19: bullet
          LayoutInline {A} at (0,0) size 353x19 [color=#0000EE]
            LayoutText {#text} at (0,0) size 353x19
              text run at (0,0) width 353: "NEGATED substring matching attribute selector on end"
          LayoutText {#text} at (353,0) size 38x19
            text run at (353,0) width 38: " (#55)"
        LayoutListItem {LI} at (40,1240) size 729x20
          LayoutListMarker (anonymous) at (-18,0) size 7x19: bullet
          LayoutInline {A} at (0,0) size 373x19 [color=#0000EE]
            LayoutText {#text} at (0,0) size 373x19
              text run at (0,0) width 373: "NEGATED substring matching attribute selector on middle"
          LayoutText {#text} at (373,0) size 38x19
            text run at (373,0) width 38: " (#56)"
        LayoutListItem {LI} at (40,1260) size 729x20
          LayoutListMarker (anonymous) at (-18,0) size 7x19: bullet
          LayoutInline {A} at (0,0) size 309x19 [color=#0000EE]
            LayoutText {#text} at (0,0) size 309x19
              text run at (0,0) width 309: "Default attribute value and negation pseudo-class"
          LayoutText {#text} at (309,0) size 38x19
            text run at (309,0) width 38: " (#58)"
        LayoutListItem {LI} at (40,1280) size 729x20
          LayoutListMarker (anonymous) at (-18,0) size 7x19: bullet
          LayoutInline {A} at (0,0) size 162x19 [color=#0000EE]
            LayoutText {#text} at (0,0) size 162x19
              text run at (0,0) width 162: "NEGATED class selector"
          LayoutText {#text} at (162,0) size 38x19
            text run at (162,0) width 38: " (#59)"
        LayoutListItem {LI} at (40,1300) size 729x20
          LayoutListMarker (anonymous) at (-18,0) size 7x19: bullet
          LayoutInline {A} at (0,0) size 149x19 [color=#0000EE]
            LayoutText {#text} at (0,0) size 149x19
              text run at (0,0) width 149: "NEGATED ID selector"
          LayoutText {#text} at (149,0) size 38x19
            text run at (149,0) width 38: " (#60)"
        LayoutListItem {LI} at (40,1320) size 729x20
          LayoutListMarker (anonymous) at (-18,0) size 7x19: bullet
          LayoutInline {A} at (0,0) size 192x19 [color=#0000EE]
            LayoutText {#text} at (0,0) size 192x19
              text run at (0,0) width 192: "NEGATED :link pseudo-class"
          LayoutText {#text} at (192,0) size 38x19
            text run at (192,0) width 38: " (#61)"
        LayoutListItem {LI} at (40,1340) size 729x20
          LayoutListMarker (anonymous) at (-18,0) size 7x19: bullet
          LayoutInline {A} at (0,0) size 209x19 [color=#0000EE]
            LayoutText {#text} at (0,0) size 209x19
              text run at (0,0) width 209: "NEGATED :visited pseudo-class"
          LayoutText {#text} at (209,0) size 38x19
            text run at (209,0) width 38: " (#62)"
        LayoutListItem {LI} at (40,1360) size 729x20
          LayoutListMarker (anonymous) at (-18,0) size 7x19: bullet
          LayoutInline {A} at (0,0) size 204x19 [color=#0000EE]
            LayoutText {#text} at (0,0) size 204x19
              text run at (0,0) width 204: "NEGATED :hover pseudo-class"
          LayoutText {#text} at (204,0) size 38x19
            text run at (204,0) width 38: " (#63)"
        LayoutListItem {LI} at (40,1380) size 729x20
          LayoutListMarker (anonymous) at (-18,0) size 7x19: bullet
          LayoutInline {A} at (0,0) size 205x19 [color=#0000EE]
            LayoutText {#text} at (0,0) size 205x19
              text run at (0,0) width 205: "NEGATED :active pseudo-class"
          LayoutText {#text} at (205,0) size 38x19
            text run at (205,0) width 38: " (#64)"
        LayoutListItem {LI} at (40,1400) size 729x20
          LayoutListMarker (anonymous) at (-18,0) size 7x19: bullet
          LayoutInline {A} at (0,0) size 202x19 [color=#0000EE]
            LayoutText {#text} at (0,0) size 202x19
              text run at (0,0) width 202: "NEGATED :focus pseudo-class"
          LayoutText {#text} at (202,0) size 38x19
            text run at (202,0) width 38: " (#65)"
        LayoutListItem {LI} at (40,1420) size 729x20
          LayoutListMarker (anonymous) at (-18,0) size 7x19: bullet
          LayoutInline {A} at (0,0) size 203x19 [color=#0000EE]
            LayoutText {#text} at (0,0) size 203x19
              text run at (0,0) width 203: "NEGATED :target pseudo-class"
          LayoutText {#text} at (203,0) size 38x19
            text run at (203,0) width 38: " (#66)"
        LayoutListItem {LI} at (40,1440) size 729x20
          LayoutListMarker (anonymous) at (-18,0) size 7x19: bullet
          LayoutInline {A} at (0,0) size 203x19 [color=#0000EE]
            LayoutText {#text} at (0,0) size 203x19
              text run at (0,0) width 203: "NEGATED :target pseudo-class"
          LayoutText {#text} at (203,0) size 46x19
            text run at (203,0) width 46: " (#66b)"
        LayoutListItem {LI} at (40,1460) size 729x20
          LayoutListMarker (anonymous) at (-18,0) size 7x19: bullet
          LayoutInline {A} at (0,0) size 205x19 [color=#0000EE]
            LayoutText {#text} at (0,0) size 205x19
              text run at (0,0) width 205: "NEGATED :lang() pseudo-class"
          LayoutText {#text} at (205,0) size 38x19
            text run at (205,0) width 38: " (#67)"
        LayoutListItem {LI} at (40,1480) size 729x20
          LayoutListMarker (anonymous) at (-18,0) size 7x19: bullet
          LayoutInline {A} at (0,0) size 220x19 [color=#0000EE]
            LayoutText {#text} at (0,0) size 220x19
              text run at (0,0) width 220: "NEGATED :checked pseudo-class"
          LayoutText {#text} at (220,0) size 38x19
            text run at (220,0) width 38: " (#70)"
        LayoutListItem {LI} at (40,1500) size 729x20
          LayoutListMarker (anonymous) at (-18,0) size 7x19: bullet
          LayoutInline {A} at (0,0) size 193x19 [color=#0000EE]
            LayoutText {#text} at (0,0) size 193x19
              text run at (0,0) width 193: "NEGATED :root pseudo-class"
          LayoutText {#text} at (193,0) size 38x19
            text run at (193,0) width 38: " (#72)"
        LayoutListItem {LI} at (40,1520) size 729x20
          LayoutListMarker (anonymous) at (-18,0) size 7x19: bullet
          LayoutInline {A} at (0,0) size 193x19 [color=#0000EE]
            LayoutText {#text} at (0,0) size 193x19
              text run at (0,0) width 193: "NEGATED :root pseudo-class"
          LayoutText {#text} at (193,0) size 46x19
            text run at (193,0) width 46: " (#72b)"
        LayoutListItem {LI} at (40,1540) size 729x20
          LayoutListMarker (anonymous) at (-18,0) size 7x19: bullet
          LayoutInline {A} at (0,0) size 234x19 [color=#0000EE]
            LayoutText {#text} at (0,0) size 234x19
              text run at (0,0) width 234: "NEGATED :nth-child() pseudo-class"
          LayoutText {#text} at (234,0) size 38x19
            text run at (234,0) width 38: " (#73)"
        LayoutListItem {LI} at (40,1560) size 729x20
          LayoutListMarker (anonymous) at (-18,0) size 7x19: bullet
          LayoutInline {A} at (0,0) size 234x19 [color=#0000EE]
            LayoutText {#text} at (0,0) size 234x19
              text run at (0,0) width 234: "NEGATED :nth-child() pseudo-class"
          LayoutText {#text} at (234,0) size 46x19
            text run at (234,0) width 46: " (#73b)"
        LayoutListItem {LI} at (40,1580) size 729x20
          LayoutListMarker (anonymous) at (-18,0) size 7x19: bullet
          LayoutInline {A} at (0,0) size 260x19 [color=#0000EE]
            LayoutText {#text} at (0,0) size 260x19
              text run at (0,0) width 260: "NEGATED :nth-last-child() pseudo-class"
          LayoutText {#text} at (260,0) size 38x19
            text run at (260,0) width 38: " (#74)"
        LayoutListItem {LI} at (40,1600) size 729x20
          LayoutListMarker (anonymous) at (-18,0) size 7x19: bullet
          LayoutInline {A} at (0,0) size 260x19 [color=#0000EE]
            LayoutText {#text} at (0,0) size 260x19
              text run at (0,0) width 260: "NEGATED :nth-last-child() pseudo-class"
          LayoutText {#text} at (260,0) size 46x19
            text run at (260,0) width 46: " (#74b)"
        LayoutListItem {LI} at (40,1620) size 729x20
          LayoutListMarker (anonymous) at (-18,0) size 7x19: bullet
          LayoutInline {A} at (0,0) size 248x19 [color=#0000EE]
            LayoutText {#text} at (0,0) size 248x19
              text run at (0,0) width 248: "NEGATED :nth-of-type() pseudo-class"
          LayoutText {#text} at (248,0) size 38x19
            text run at (248,0) width 38: " (#75)"
        LayoutListItem {LI} at (40,1640) size 729x20
          LayoutListMarker (anonymous) at (-18,0) size 7x19: bullet
          LayoutInline {A} at (0,0) size 248x19 [color=#0000EE]
            LayoutText {#text} at (0,0) size 248x19
              text run at (0,0) width 248: "NEGATED :nth-of-type() pseudo-class"
          LayoutText {#text} at (248,0) size 46x19
            text run at (248,0) width 46: " (#75b)"
        LayoutListItem {LI} at (40,1660) size 729x20
          LayoutListMarker (anonymous) at (-18,0) size 7x19: bullet
          LayoutInline {A} at (0,0) size 274x19 [color=#0000EE]
            LayoutText {#text} at (0,0) size 274x19
              text run at (0,0) width 274: "NEGATED :nth-last-of-type() pseudo-class"
          LayoutText {#text} at (274,0) size 38x19
            text run at (274,0) width 38: " (#76)"
        LayoutListItem {LI} at (40,1680) size 729x20
          LayoutListMarker (anonymous) at (-18,0) size 7x19: bullet
          LayoutInline {A} at (0,0) size 274x19 [color=#0000EE]
            LayoutText {#text} at (0,0) size 274x19
              text run at (0,0) width 274: "NEGATED :nth-last-of-type() pseudo-class"
          LayoutText {#text} at (274,0) size 46x19
            text run at (274,0) width 46: " (#76b)"
        LayoutListItem {LI} at (40,1700) size 729x20
          LayoutListMarker (anonymous) at (-18,0) size 7x19: bullet
          LayoutInline {A} at (0,0) size 228x19 [color=#0000EE]
            LayoutText {#text} at (0,0) size 228x19
              text run at (0,0) width 228: "NEGATED :first-child pseudo-class"
          LayoutText {#text} at (228,0) size 38x19
            text run at (228,0) width 38: " (#77)"
        LayoutListItem {LI} at (40,1720) size 729x20
          LayoutListMarker (anonymous) at (-18,0) size 7x19: bullet
          LayoutInline {A} at (0,0) size 228x19 [color=#0000EE]
            LayoutText {#text} at (0,0) size 228x19
              text run at (0,0) width 228: "NEGATED :first-child pseudo-class"
          LayoutText {#text} at (228,0) size 46x19
            text run at (228,0) width 46: " (#77b)"
        LayoutListItem {LI} at (40,1740) size 729x20
          LayoutListMarker (anonymous) at (-18,0) size 7x19: bullet
          LayoutInline {A} at (0,0) size 225x19 [color=#0000EE]
            LayoutText {#text} at (0,0) size 225x19
              text run at (0,0) width 225: "NEGATED :last-child pseudo-class"
          LayoutText {#text} at (225,0) size 38x19
            text run at (225,0) width 38: " (#78)"
        LayoutListItem {LI} at (40,1760) size 729x20
          LayoutListMarker (anonymous) at (-18,0) size 7x19: bullet
          LayoutInline {A} at (0,0) size 225x19 [color=#0000EE]
            LayoutText {#text} at (0,0) size 225x19
              text run at (0,0) width 225: "NEGATED :last-child pseudo-class"
          LayoutText {#text} at (225,0) size 46x19
            text run at (225,0) width 46: " (#78b)"
        LayoutListItem {LI} at (40,1780) size 729x20
          LayoutListMarker (anonymous) at (-18,0) size 7x19: bullet
          LayoutInline {A} at (0,0) size 242x19 [color=#0000EE]
            LayoutText {#text} at (0,0) size 242x19
              text run at (0,0) width 242: "NEGATED :first-of-type pseudo-class"
          LayoutText {#text} at (242,0) size 38x19
            text run at (242,0) width 38: " (#79)"
        LayoutListItem {LI} at (40,1800) size 729x20
          LayoutListMarker (anonymous) at (-18,0) size 7x19: bullet
          LayoutInline {A} at (0,0) size 239x19 [color=#0000EE]
            LayoutText {#text} at (0,0) size 239x19
              text run at (0,0) width 239: "NEGATED :last-of-type pseudo-class"
          LayoutText {#text} at (239,0) size 38x19
            text run at (239,0) width 38: " (#80)"
        LayoutListItem {LI} at (40,1820) size 729x20
          LayoutListMarker (anonymous) at (-18,0) size 7x19: bullet
          LayoutInline {A} at (0,0) size 232x19 [color=#0000EE]
            LayoutText {#text} at (0,0) size 232x19
              text run at (0,0) width 232: "NEGATED :only-child pseudo-class"
          LayoutText {#text} at (232,0) size 38x19
            text run at (232,0) width 38: " (#81)"
        LayoutListItem {LI} at (40,1840) size 729x20
          LayoutListMarker (anonymous) at (-18,0) size 7x19: bullet
          LayoutInline {A} at (0,0) size 232x19 [color=#0000EE]
            LayoutText {#text} at (0,0) size 232x19
              text run at (0,0) width 232: "NEGATED :only-child pseudo-class"
          LayoutText {#text} at (232,0) size 46x19
            text run at (232,0) width 46: " (#81b)"
        LayoutListItem {LI} at (40,1860) size 729x20
          LayoutListMarker (anonymous) at (-18,0) size 7x19: bullet
          LayoutInline {A} at (0,0) size 246x19 [color=#0000EE]
            LayoutText {#text} at (0,0) size 246x19
              text run at (0,0) width 246: "NEGATED :only-of-type pseudo-class"
          LayoutText {#text} at (246,0) size 38x19
            text run at (246,0) width 38: " (#82)"
        LayoutListItem {LI} at (40,1880) size 729x20
          LayoutListMarker (anonymous) at (-18,0) size 7x19: bullet
          LayoutInline {A} at (0,0) size 246x19 [color=#0000EE]
            LayoutText {#text} at (0,0) size 246x19
              text run at (0,0) width 246: "NEGATED :only-of-type pseudo-class"
          LayoutText {#text} at (246,0) size 46x19
            text run at (246,0) width 46: " (#82b)"
        LayoutListItem {LI} at (40,1900) size 729x20
          LayoutListMarker (anonymous) at (-18,0) size 7x19: bullet
          LayoutInline {A} at (0,0) size 340x19 [color=#0000EE]
            LayoutText {#text} at (0,0) size 340x19
              text run at (0,0) width 340: "Negation pseudo-class cannot be an argument of itself"
          LayoutText {#text} at (340,0) size 38x19
            text run at (340,0) width 38: " (#83)"
        LayoutListItem {LI} at (40,1920) size 729x20
          LayoutListMarker (anonymous) at (-18,0) size 7x19: bullet
          LayoutInline {A} at (0,0) size 150x19 [color=#0000EE]
            LayoutText {#text} at (0,0) size 150x19
              text run at (0,0) width 150: ":contains() pseudo-class"
          LayoutText {#text} at (150,0) size 38x19
            text run at (150,0) width 38: " (#84)"
        LayoutListItem {LI} at (40,1940) size 729x20
          LayoutListMarker (anonymous) at (-18,0) size 7x19: bullet
          LayoutInline {A} at (0,0) size 150x19 [color=#0000EE]
            LayoutText {#text} at (0,0) size 150x19
              text run at (0,0) width 150: ":contains() pseudo-class"
          LayoutText {#text} at (150,0) size 46x19
            text run at (150,0) width 46: " (#84b)"
        LayoutListItem {LI} at (40,1960) size 729x20
          LayoutListMarker (anonymous) at (-18,0) size 7x19: bullet
          LayoutInline {A} at (0,0) size 230x19 [color=#0000EE]
            LayoutText {#text} at (0,0) size 230x19
              text run at (0,0) width 230: "NEGATED :contains() pseudo-class"
          LayoutText {#text} at (230,0) size 38x19
            text run at (230,0) width 38: " (#85)"
        LayoutListItem {LI} at (40,1980) size 729x20
          LayoutListMarker (anonymous) at (-18,0) size 7x19: bullet
          LayoutInline {A} at (0,0) size 441x19 [color=#0000EE]
            LayoutText {#text} at (0,0) size 441x19
              text run at (0,0) width 441: "Nondeterministic matching of direct and indirect adjacent combinators"
          LayoutText {#text} at (441,0) size 38x19
            text run at (441,0) width 38: " (#87)"
        LayoutListItem {LI} at (40,2000) size 729x20
          LayoutListMarker (anonymous) at (-18,0) size 7x19: bullet
          LayoutInline {A} at (0,0) size 441x19 [color=#0000EE]
            LayoutText {#text} at (0,0) size 441x19
              text run at (0,0) width 441: "Nondeterministic matching of direct and indirect adjacent combinators"
          LayoutText {#text} at (441,0) size 46x19
            text run at (441,0) width 46: " (#87b)"
        LayoutListItem {LI} at (40,2020) size 729x20
          LayoutListMarker (anonymous) at (-18,0) size 7x19: bullet
          LayoutInline {A} at (0,0) size 464x19 [color=#0000EE]
            LayoutText {#text} at (0,0) size 464x19
              text run at (0,0) width 464: "Nondeterministic matching of descendant and direct adjacent combinators"
          LayoutText {#text} at (464,0) size 38x19
            text run at (464,0) width 38: " (#88)"
        LayoutListItem {LI} at (40,2040) size 729x20
          LayoutListMarker (anonymous) at (-18,0) size 7x19: bullet
          LayoutInline {A} at (0,0) size 464x19 [color=#0000EE]
            LayoutText {#text} at (0,0) size 464x19
              text run at (0,0) width 464: "Nondeterministic matching of descendant and direct adjacent combinators"
          LayoutText {#text} at (464,0) size 46x19
            text run at (464,0) width 46: " (#88b)"
        LayoutListItem {LI} at (40,2060) size 729x20
          LayoutListMarker (anonymous) at (-18,0) size 7x19: bullet
          LayoutInline {A} at (0,0) size 360x19 [color=#0000EE]
            LayoutText {#text} at (0,0) size 360x19
              text run at (0,0) width 360: "Simple combination of descendant and child combinators"
          LayoutText {#text} at (360,0) size 38x19
            text run at (360,0) width 38: " (#89)"
        LayoutListItem {LI} at (40,2080) size 729x20
          LayoutListMarker (anonymous) at (-18,0) size 7x19: bullet
          LayoutInline {A} at (0,0) size 397x19 [color=#0000EE]
            LayoutText {#text} at (0,0) size 397x19
              text run at (0,0) width 397: "Simple combination of direct and indirect adjacent combinators"
          LayoutText {#text} at (397,0) size 38x19
            text run at (397,0) width 38: " (#90)"
        LayoutListItem {LI} at (40,2100) size 729x20
          LayoutListMarker (anonymous) at (-18,0) size 7x19: bullet
          LayoutInline {A} at (0,0) size 397x19 [color=#0000EE]
            LayoutText {#text} at (0,0) size 397x19
              text run at (0,0) width 397: "Simple combination of direct and indirect adjacent combinators"
          LayoutText {#text} at (397,0) size 46x19
            text run at (397,0) width 46: " (#90b)"
        LayoutListItem {LI} at (40,2120) size 729x20
          LayoutListMarker (anonymous) at (-18,0) size 7x19: bullet
          LayoutInline {A} at (0,0) size 286x19 [color=#0000EE]
            LayoutText {#text} at (0,0) size 286x19
              text run at (0,0) width 286: "NEGATED :enabled:disabled pseudo-classes"
          LayoutText {#text} at (286,0) size 46x19
            text run at (286,0) width 46: " (#144)"
        LayoutListItem {LI} at (40,2140) size 729x20
          LayoutListMarker (anonymous) at (-18,0) size 7x19: bullet
          LayoutInline {A} at (0,0) size 181x19 [color=#0000EE]
            LayoutText {#text} at (0,0) size 181x19
              text run at (0,0) width 181: ":empty pseudo-class and text"
          LayoutText {#text} at (181,0) size 46x19
            text run at (181,0) width 46: " (#148)"
        LayoutListItem {LI} at (40,2160) size 729x20
          LayoutListMarker (anonymous) at (-18,0) size 7x19: bullet
          LayoutInline {A} at (0,0) size 256x19 [color=#0000EE]
            LayoutText {#text} at (0,0) size 256x19
              text run at (0,0) width 256: ":empty pseudo-class and empty elements"
          LayoutText {#text} at (256,0) size 46x19
            text run at (256,0) width 46: " (#149)"
        LayoutListItem {LI} at (40,2180) size 729x20
          LayoutListMarker (anonymous) at (-18,0) size 7x19: bullet
          LayoutInline {A} at (0,0) size 256x19 [color=#0000EE]
            LayoutText {#text} at (0,0) size 256x19
              text run at (0,0) width 256: ":empty pseudo-class and empty elements"
          LayoutText {#text} at (256,0) size 54x19
            text run at (256,0) width 54: " (#149b)"
        LayoutListItem {LI} at (40,2200) size 729x20
          LayoutListMarker (anonymous) at (-18,0) size 7x19: bullet
          LayoutInline {A} at (0,0) size 228x19 [color=#0000EE]
            LayoutText {#text} at (0,0) size 228x19
              text run at (0,0) width 228: ":empty pseudo-class and whitespace"
          LayoutText {#text} at (228,0) size 46x19
            text run at (228,0) width 46: " (#151)"
        LayoutListItem {LI} at (40,2220) size 729x20
          LayoutListMarker (anonymous) at (-18,0) size 7x19: bullet
          LayoutInline {A} at (0,0) size 213x19 [color=#0000EE]
            LayoutText {#text} at (0,0) size 213x19
              text run at (0,0) width 213: ":empty pseudo-class and elements"
          LayoutText {#text} at (213,0) size 46x19
            text run at (213,0) width 46: " (#152)"
        LayoutListItem {LI} at (40,2240) size 729x20
          LayoutListMarker (anonymous) at (-18,0) size 7x19: bullet
          LayoutInline {A} at (0,0) size 121x19 [color=#0000EE]
            LayoutText {#text} at (0,0) size 121x19
              text run at (0,0) width 121: "Syntax and parsing"
          LayoutText {#text} at (121,0) size 46x19
            text run at (121,0) width 46: " (#154)"
        LayoutListItem {LI} at (40,2260) size 729x20
          LayoutListMarker (anonymous) at (-18,0) size 7x19: bullet
          LayoutInline {A} at (0,0) size 121x19 [color=#0000EE]
            LayoutText {#text} at (0,0) size 121x19
              text run at (0,0) width 121: "Syntax and parsing"
          LayoutText {#text} at (121,0) size 46x19
            text run at (121,0) width 46: " (#155)"
        LayoutListItem {LI} at (40,2280) size 729x20
          LayoutListMarker (anonymous) at (-18,0) size 7x19: bullet
          LayoutInline {A} at (0,0) size 121x19 [color=#0000EE]
            LayoutText {#text} at (0,0) size 121x19
              text run at (0,0) width 121: "Syntax and parsing"
          LayoutText {#text} at (121,0) size 53x19
            text run at (121,0) width 53: " (#155a)"
        LayoutListItem {LI} at (40,2300) size 729x20
          LayoutListMarker (anonymous) at (-18,0) size 7x19: bullet
          LayoutInline {A} at (0,0) size 121x19 [color=#0000EE]
            LayoutText {#text} at (0,0) size 121x19
              text run at (0,0) width 121: "Syntax and parsing"
          LayoutText {#text} at (121,0) size 54x19
            text run at (121,0) width 54: " (#155b)"
        LayoutListItem {LI} at (40,2320) size 729x20
          LayoutListMarker (anonymous) at (-18,0) size 7x19: bullet
          LayoutInline {A} at (0,0) size 121x19 [color=#0000EE]
            LayoutText {#text} at (0,0) size 121x19
              text run at (0,0) width 121: "Syntax and parsing"
          LayoutText {#text} at (121,0) size 53x19
            text run at (121,0) width 53: " (#155c)"
        LayoutListItem {LI} at (40,2340) size 729x20
          LayoutListMarker (anonymous) at (-18,0) size 7x19: bullet
          LayoutInline {A} at (0,0) size 121x19 [color=#0000EE]
            LayoutText {#text} at (0,0) size 121x19
              text run at (0,0) width 121: "Syntax and parsing"
          LayoutText {#text} at (121,0) size 54x19
            text run at (121,0) width 54: " (#155d)"
        LayoutListItem {LI} at (40,2360) size 729x20
          LayoutListMarker (anonymous) at (-18,0) size 7x19: bullet
          LayoutInline {A} at (0,0) size 121x19 [color=#0000EE]
            LayoutText {#text} at (0,0) size 121x19
              text run at (0,0) width 121: "Syntax and parsing"
          LayoutText {#text} at (121,0) size 46x19
            text run at (121,0) width 46: " (#156)"
        LayoutListItem {LI} at (40,2380) size 729x20
          LayoutListMarker (anonymous) at (-18,0) size 7x19: bullet
          LayoutInline {A} at (0,0) size 121x19 [color=#0000EE]
            LayoutText {#text} at (0,0) size 121x19
              text run at (0,0) width 121: "Syntax and parsing"
          LayoutText {#text} at (121,0) size 54x19
            text run at (121,0) width 54: " (#156b)"
        LayoutListItem {LI} at (40,2400) size 729x20
          LayoutListMarker (anonymous) at (-18,0) size 7x19: bullet
          LayoutInline {A} at (0,0) size 121x19 [color=#0000EE]
            LayoutText {#text} at (0,0) size 121x19
              text run at (0,0) width 121: "Syntax and parsing"
          LayoutText {#text} at (121,0) size 53x19
            text run at (121,0) width 53: " (#156c)"
        LayoutListItem {LI} at (40,2420) size 729x20
          LayoutListMarker (anonymous) at (-18,0) size 7x19: bullet
          LayoutInline {A} at (0,0) size 121x19 [color=#0000EE]
            LayoutText {#text} at (0,0) size 121x19
              text run at (0,0) width 121: "Syntax and parsing"
          LayoutText {#text} at (121,0) size 46x19
            text run at (121,0) width 46: " (#157)"
        LayoutListItem {LI} at (40,2440) size 729x20
          LayoutListMarker (anonymous) at (-18,0) size 7x19: bullet
          LayoutInline {A} at (0,0) size 121x19 [color=#0000EE]
            LayoutText {#text} at (0,0) size 121x19
              text run at (0,0) width 121: "Syntax and parsing"
          LayoutText {#text} at (121,0) size 46x19
            text run at (121,0) width 46: " (#158)"
        LayoutListItem {LI} at (40,2460) size 729x20
          LayoutListMarker (anonymous) at (-18,0) size 7x19: bullet
          LayoutInline {A} at (0,0) size 278x19 [color=#0000EE]
            LayoutText {#text} at (0,0) size 278x19
              text run at (0,0) width 278: "Syntax and parsing of new pseudo-elements"
          LayoutText {#text} at (278,0) size 46x19
            text run at (278,0) width 46: " (#159)"
        LayoutListItem {LI} at (40,2480) size 729x20
          LayoutListMarker (anonymous) at (-18,0) size 7x19: bullet
          LayoutInline {A} at (0,0) size 299x19 [color=#0000EE]
            LayoutText {#text} at (0,0) size 299x19
              text run at (0,0) width 299: "Syntax and parsing of unknown pseudo-classes"
          LayoutText {#text} at (299,0) size 46x19
            text run at (299,0) width 46: " (#160)"
        LayoutListItem {LI} at (40,2500) size 729x20
          LayoutListMarker (anonymous) at (-18,0) size 7x19: bullet
          LayoutInline {A} at (0,0) size 435x19 [color=#0000EE]
            LayoutText {#text} at (0,0) size 435x19
              text run at (0,0) width 435: "Syntax and parsing of unknown pseudo-classes and pseudo-elements"
          LayoutText {#text} at (435,0) size 46x19
            text run at (435,0) width 46: " (#161)"
        LayoutListItem {LI} at (40,2520) size 729x20
          LayoutListMarker (anonymous) at (-18,0) size 7x19: bullet
          LayoutInline {A} at (0,0) size 136x19 [color=#0000EE]
            LayoutText {#text} at (0,0) size 136x19
              text run at (0,0) width 136: "Contextual ::selection"
          LayoutText {#text} at (136,0) size 46x19
            text run at (136,0) width 46: " (#162)"
        LayoutListItem {LI} at (40,2540) size 729x20
          LayoutListMarker (anonymous) at (-18,0) size 7x19: bullet
          LayoutInline {A} at (0,0) size 129x19 [color=#0000EE]
            LayoutText {#text} at (0,0) size 129x19
              text run at (0,0) width 129: "Contextual :contains"
          LayoutText {#text} at (129,0) size 46x19
            text run at (129,0) width 46: " (#163)"
        LayoutListItem {LI} at (40,2560) size 729x20
          LayoutListMarker (anonymous) at (-18,0) size 7x19: bullet
          LayoutInline {A} at (0,0) size 137x19 [color=#0000EE]
            LayoutText {#text} at (0,0) size 137x19
              text run at (0,0) width 137: ":focus with ::selection"
          LayoutText {#text} at (137,0) size 46x19
            text run at (137,0) width 46: " (#164)"
        LayoutListItem {LI} at (40,2580) size 729x20
          LayoutListMarker (anonymous) at (-18,0) size 7x19: bullet
          LayoutInline {A} at (0,0) size 139x19 [color=#0000EE]
            LayoutText {#text} at (0,0) size 139x19
              text run at (0,0) width 139: ":hover with ::selection"
          LayoutText {#text} at (139,0) size 46x19
            text run at (139,0) width 46: " (#165)"
        LayoutListItem {LI} at (40,2600) size 729x20
          LayoutListMarker (anonymous) at (-18,0) size 7x19: bullet
          LayoutInline {A} at (0,0) size 168x19 [color=#0000EE]
            LayoutText {#text} at (0,0) size 168x19
              text run at (0,0) width 168: ":first-letter with ::first-letter"
          LayoutText {#text} at (168,0) size 46x19
            text run at (168,0) width 46: " (#166)"
        LayoutListItem {LI} at (40,2620) size 729x20
          LayoutListMarker (anonymous) at (-18,0) size 7x19: bullet
          LayoutInline {A} at (0,0) size 168x19 [color=#0000EE]
            LayoutText {#text} at (0,0) size 168x19
              text run at (0,0) width 168: ":first-letter with ::first-letter"
          LayoutText {#text} at (168,0) size 53x19
            text run at (168,0) width 53: " (#166a)"
        LayoutListItem {LI} at (40,2640) size 729x20
          LayoutListMarker (anonymous) at (-18,0) size 7x19: bullet
          LayoutInline {A} at (0,0) size 152x19 [color=#0000EE]
            LayoutText {#text} at (0,0) size 152x19
              text run at (0,0) width 152: ":first-line with ::first-line"
          LayoutText {#text} at (152,0) size 46x19
            text run at (152,0) width 46: " (#167)"
        LayoutListItem {LI} at (40,2660) size 729x20
          LayoutListMarker (anonymous) at (-18,0) size 7x19: bullet
          LayoutInline {A} at (0,0) size 152x19 [color=#0000EE]
            LayoutText {#text} at (0,0) size 152x19
              text run at (0,0) width 152: ":first-line with ::first-line"
          LayoutText {#text} at (152,0) size 53x19
            text run at (152,0) width 53: " (#167a)"
        LayoutListItem {LI} at (40,2680) size 729x20
          LayoutListMarker (anonymous) at (-18,0) size 7x19: bullet
          LayoutInline {A} at (0,0) size 128x19 [color=#0000EE]
            LayoutText {#text} at (0,0) size 128x19
              text run at (0,0) width 128: ":before with ::before"
          LayoutText {#text} at (128,0) size 46x19
            text run at (128,0) width 46: " (#168)"
        LayoutListItem {LI} at (40,2700) size 729x20
          LayoutListMarker (anonymous) at (-18,0) size 7x19: bullet
          LayoutInline {A} at (0,0) size 128x19 [color=#0000EE]
            LayoutText {#text} at (0,0) size 128x19
              text run at (0,0) width 128: ":before with ::before"
          LayoutText {#text} at (128,0) size 53x19
            text run at (128,0) width 53: " (#168a)"
        LayoutListItem {LI} at (40,2720) size 729x20
          LayoutListMarker (anonymous) at (-18,0) size 7x19: bullet
          LayoutInline {A} at (0,0) size 104x19 [color=#0000EE]
            LayoutText {#text} at (0,0) size 104x19
              text run at (0,0) width 104: ":after with ::after"
          LayoutText {#text} at (104,0) size 46x19
            text run at (104,0) width 46: " (#169)"
        LayoutListItem {LI} at (40,2740) size 729x20
          LayoutListMarker (anonymous) at (-18,0) size 7x19: bullet
          LayoutInline {A} at (0,0) size 104x19 [color=#0000EE]
            LayoutText {#text} at (0,0) size 104x19
              text run at (0,0) width 104: ":after with ::after"
          LayoutText {#text} at (104,0) size 53x19
            text run at (104,0) width 53: " (#169a)"
        LayoutListItem {LI} at (40,2760) size 729x20
          LayoutListMarker (anonymous) at (-18,0) size 7x19: bullet
          LayoutInline {A} at (0,0) size 153x19 [color=#0000EE]
            LayoutText {#text} at (0,0) size 153x19
              text run at (0,0) width 153: "Long chains of selectors"
          LayoutText {#text} at (153,0) size 46x19
            text run at (153,0) width 46: " (#170)"
        LayoutListItem {LI} at (40,2780) size 729x20
          LayoutListMarker (anonymous) at (-18,0) size 7x19: bullet
          LayoutInline {A} at (0,0) size 153x19 [color=#0000EE]
            LayoutText {#text} at (0,0) size 153x19
              text run at (0,0) width 153: "Long chains of selectors"
          LayoutText {#text} at (153,0) size 53x19
            text run at (153,0) width 53: " (#170a)"
        LayoutListItem {LI} at (40,2800) size 729x20
          LayoutListMarker (anonymous) at (-18,0) size 7x19: bullet
          LayoutInline {A} at (0,0) size 153x19 [color=#0000EE]
            LayoutText {#text} at (0,0) size 153x19
              text run at (0,0) width 153: "Long chains of selectors"
          LayoutText {#text} at (153,0) size 54x19
            text run at (153,0) width 54: " (#170b)"
        LayoutListItem {LI} at (40,2820) size 729x20
          LayoutListMarker (anonymous) at (-18,0) size 7x19: bullet
          LayoutInline {A} at (0,0) size 153x19 [color=#0000EE]
            LayoutText {#text} at (0,0) size 153x19
              text run at (0,0) width 153: "Long chains of selectors"
          LayoutText {#text} at (153,0) size 53x19
            text run at (153,0) width 53: " (#170c)"
        LayoutListItem {LI} at (40,2840) size 729x20
          LayoutListMarker (anonymous) at (-18,0) size 7x19: bullet
          LayoutInline {A} at (0,0) size 153x19 [color=#0000EE]
            LayoutText {#text} at (0,0) size 153x19
              text run at (0,0) width 153: "Long chains of selectors"
          LayoutText {#text} at (153,0) size 54x19
            text run at (153,0) width 54: " (#170d)"
        LayoutListItem {LI} at (40,2860) size 729x20
          LayoutListMarker (anonymous) at (-18,0) size 7x19: bullet
          LayoutInline {A} at (0,0) size 176x19 [color=#0000EE]
            LayoutText {#text} at (0,0) size 176x19
              text run at (0,0) width 176: "Parsing: Numbers in classes"
          LayoutText {#text} at (176,0) size 53x19
            text run at (176,0) width 53: " (#175a)"
        LayoutListItem {LI} at (40,2880) size 729x20
          LayoutListMarker (anonymous) at (-18,0) size 7x19: bullet
          LayoutInline {A} at (0,0) size 176x19 [color=#0000EE]
            LayoutText {#text} at (0,0) size 176x19
              text run at (0,0) width 176: "Parsing: Numbers in classes"
          LayoutText {#text} at (176,0) size 54x19
            text run at (176,0) width 54: " (#175b)"
        LayoutListItem {LI} at (40,2900) size 729x20
          LayoutListMarker (anonymous) at (-18,0) size 7x19: bullet
          LayoutInline {A} at (0,0) size 176x19 [color=#0000EE]
            LayoutText {#text} at (0,0) size 176x19
              text run at (0,0) width 176: "Parsing: Numbers in classes"
          LayoutText {#text} at (176,0) size 53x19
            text run at (176,0) width 53: " (#175c)"
        LayoutListItem {LI} at (40,2920) size 729x20
          LayoutListMarker (anonymous) at (-18,0) size 7x19: bullet
          LayoutInline {A} at (0,0) size 261x19 [color=#0000EE]
            LayoutText {#text} at (0,0) size 261x19
              text run at (0,0) width 261: "NEGATED Dynamic handling of :empty"
          LayoutText {#text} at (261,0) size 38x19
            text run at (261,0) width 38: " (#d1)"
        LayoutListItem {LI} at (40,2940) size 729x20
          LayoutListMarker (anonymous) at (-18,0) size 7x19: bullet
          LayoutInline {A} at (0,0) size 261x19 [color=#0000EE]
            LayoutText {#text} at (0,0) size 261x19
              text run at (0,0) width 261: "NEGATED Dynamic handling of :empty"
          LayoutText {#text} at (261,0) size 46x19
            text run at (261,0) width 46: " (#d1b)"
        LayoutListItem {LI} at (40,2960) size 729x20
          LayoutListMarker (anonymous) at (-18,0) size 7x19: bullet
          LayoutInline {A} at (0,0) size 215x19 [color=#0000EE]
            LayoutText {#text} at (0,0) size 215x19
              text run at (0,0) width 215: "Dynamic handling of combinators"
          LayoutText {#text} at (215,0) size 38x19
            text run at (215,0) width 38: " (#d2)"
        LayoutListItem {LI} at (40,2980) size 729x20
          LayoutListMarker (anonymous) at (-18,0) size 7x19: bullet
          LayoutInline {A} at (0,0) size 294x19 [color=#0000EE]
            LayoutText {#text} at (0,0) size 294x19
              text run at (0,0) width 294: "Dynamic updating of :first-child and :last-child"
          LayoutText {#text} at (294,0) size 38x19
            text run at (294,0) width 38: " (#d4)"
        LayoutListItem {LI} at (40,3000) size 729x20
          LayoutListMarker (anonymous) at (-18,0) size 7x19: bullet
          LayoutInline {A} at (0,0) size 89x19 [color=#0000EE]
            LayoutText {#text} at (0,0) size 89x19
              text run at (0,0) width 89: ":indeterminate"
          LayoutText {#text} at (89,0) size 38x19
            text run at (89,0) width 38: " (#d5)"
        LayoutListItem {LI} at (40,3020) size 729x20
          LayoutListMarker (anonymous) at (-18,0) size 7x19: bullet
          LayoutInline {A} at (0,0) size 176x19 [color=#0000EE]
            LayoutText {#text} at (0,0) size 176x19
              text run at (0,0) width 176: ":indeterminate and :checked"
          LayoutText {#text} at (176,0) size 45x19
            text run at (176,0) width 45: " (#d5a)"
        LayoutListItem {LI} at (40,3040) size 729x20
          LayoutListMarker (anonymous) at (-18,0) size 7x19: bullet
          LayoutInline {A} at (0,0) size 256x19 [color=#0000EE]
            LayoutText {#text} at (0,0) size 256x19
              text run at (0,0) width 256: "NEGATED :indeterminate and :checked"
          LayoutText {#text} at (256,0) size 46x19
            text run at (256,0) width 46: " (#d5b)"
        LayoutListItem {LI} at (40,3060) size 729x20
          LayoutListMarker (anonymous) at (-18,0) size 7x19: bullet
          LayoutInline {A} at (0,0) size 176x19 [color=#0000EE]
            LayoutText {#text} at (0,0) size 176x19
              text run at (0,0) width 176: ":indeterminate and :checked"
          LayoutText {#text} at (176,0) size 45x19
            text run at (176,0) width 45: " (#d5c)"
        LayoutListItem {LI} at (40,3080) size 729x20
          LayoutListMarker (anonymous) at (-18,0) size 7x19: bullet
          LayoutInline {A} at (0,0) size 181x19 [color=#0000EE]
            LayoutText {#text} at (0,0) size 181x19
              text run at (0,0) width 181: ":indeterminate with :checked"
          LayoutText {#text} at (181,0) size 46x19
            text run at (181,0) width 46: " (#d5d)"
        LayoutListItem {LI} at (40,3100) size 729x20
          LayoutListMarker (anonymous) at (-18,0) size 7x19: bullet
          LayoutInline {A} at (0,0) size 261x19 [color=#0000EE]
            LayoutText {#text} at (0,0) size 261x19
              text run at (0,0) width 261: "NEGATED :indeterminate with :checked"
          LayoutText {#text} at (261,0) size 45x19
            text run at (261,0) width 45: " (#d5e)"
      LayoutBlockFlow {P} at (0,3604.06) size 769x20
        LayoutText {#text} at (0,0) size 60x19
          text run at (0,0) width 60: "See also: "
        LayoutInline {A} at (0,0) size 36x19 [color=#0000EE]
          LayoutText {#text} at (60,0) size 36x19
            text run at (60,0) width 36: "Index"
        LayoutText {#text} at (96,0) size 8x19
          text run at (96,0) width 8: ", "
        LayoutInline {A} at (0,0) size 58x19 [color=#0000EE]
          LayoutText {#text} at (104,0) size 58x19
            text run at (104,0) width 58: "XHTML"
        LayoutText {#text} at (162,0) size 8x19
          text run at (162,0) width 8: ", "
        LayoutInline {A} at (0,0) size 36x19 [color=#0000EE]
          LayoutText {#text} at (170,0) size 36x19
            text run at (170,0) width 36: "XML"
