EDITING DELEGATE: webViewDidChangeSelection:WebViewDidChangeSelectionNotification
EDITING DELEGATE: webViewDidChangeSelection:WebViewDidChangeSelectionNotification
EDITING DELEGATE: webViewDidChange:WebViewDidChangeNotification
layer at (0,0) size 800x600
  LayoutView at (0,0) size 800x600
layer at (0,0) size 800x600
  LayoutBlockFlow {HTML} at (0,0) size 800x600
    LayoutBlockFlow {BODY} at (8,8) size 784x584
      LayoutBlockFlow {P} at (0,0) size 784x20
        LayoutText {#text} at (0,0) size 702x19
          text run at (0,0) width 702: "This tests to make sure that rich editing commands like Bold can be performed on text in a document in design mode."
      LayoutBlockFlow {DIV} at (0,36) size 784x20
        LayoutInline {B} at (0,0) size 162x19
          LayoutText {#text} at (0,0) size 162x19
            text run at (0,0) width 162: "This text should be bold."
selection start: position 0 of child 0 {#text} of child 0 {B} of child 2 {DIV} of body
selection end:   position 25 of child 0 {#text} of child 0 {B} of child 2 {DIV} of body
