layer at (0,0) size 800x600
  LayoutView at (0,0) size 800x600
layer at (0,0) size 800x600
  LayoutBlockFlow {HTML} at (0,0) size 800x600
    LayoutBlockFlow {BODY} at (8,8) size 784x584
      LayoutBlockFlow (floating) {DIV} at (0,0) size 134x104 [border: (2px solid #0000FF)]
      LayoutBlockFlow (floating) {DIV} at (134,0) size 134x104 [border: (2px solid #0000FF)]
      LayoutBlockFlow (floating) {DIV} at (268,0) size 134x104 [border: (2px solid #0000FF)]
      LayoutBlockFlow (floating) {DIV} at (402,0) size 134x104 [border: (2px solid #0000FF)]
      LayoutBlockFlow (floating) {DIV} at (536,0) size 134x104 [border: (2px solid #0000FF)]
      LayoutBlockFlow (floating) {DIV} at (0,104) size 134x104 [border: (2px solid #0000FF)]
      LayoutBlockFlow (floating) {DIV} at (134,104) size 134x104 [border: (2px solid #0000FF)]
      LayoutBlockFlow (floating) {DIV} at (268,104) size 134x104 [border: (2px solid #0000FF)]
      LayoutBlockFlow (floating) {DIV} at (402,104) size 134x104 [border: (2px solid #0000FF)]
      LayoutBlockFlow (floating) {DIV} at (536,104) size 134x104 [border: (2px solid #0000FF)]
      LayoutBlockFlow (floating) {DIV} at (0,208) size 134x104 [border: (2px solid #0000FF)]
      LayoutBlockFlow (floating) {DIV} at (134,208) size 134x104 [border: (2px solid #0000FF)]
      LayoutBlockFlow (floating) {DIV} at (268,208) size 134x104 [border: (2px solid #0000FF)]
      LayoutBlockFlow (floating) {DIV} at (402,208) size 134x104 [border: (2px solid #0000FF)]
      LayoutBlockFlow (floating) {DIV} at (536,208) size 134x104 [border: (2px solid #0000FF)]
      LayoutBlockFlow (floating) {DIV} at (0,312) size 134x104 [border: (2px solid #0000FF)]
      LayoutBlockFlow (floating) {DIV} at (134,312) size 134x104 [border: (2px solid #0000FF)]
      LayoutBlockFlow (floating) {DIV} at (268,312) size 134x104 [border: (2px solid #0000FF)]
      LayoutBlockFlow (floating) {DIV} at (402,312) size 134x104 [border: (2px solid #0000FF)]
      LayoutBlockFlow (floating) {DIV} at (536,312) size 134x104 [border: (2px solid #0000FF)]
      LayoutBlockFlow (floating) {DIV} at (0,416) size 134x104 [border: (2px solid #0000FF)]
      LayoutBlockFlow (floating) {DIV} at (134,416) size 134x104 [border: (2px solid #0000FF)]
      LayoutBlockFlow (floating) {DIV} at (268,416) size 134x104 [border: (2px solid #0000FF)]
layer at (10,10) size 130x48
  LayoutBlockFlow (relative positioned) {DIV} at (2,2) size 130x48
    LayoutBlockFlow (anonymous) at (0,0) size 130x20
      LayoutText {#text} at (0,0) size 79x19
        text run at (0,0) width 79: "1 green box:"
    LayoutBlockFlow {DIV} at (0,20) size 130x28 [border: (2px solid #008000)]
      LayoutBlockFlow {DIV} at (2,2) size 126x24 [border: (2px solid #FF0000)]
        LayoutText {#text} at (2,2) size 35x19
          text run at (2,2) width 35: "failed"
layer at (144,10) size 130x68
  LayoutBlockFlow (relative positioned) {DIV} at (2,2) size 130x68
    LayoutBlockFlow (anonymous) at (0,0) size 130x40
      LayoutText {#text} at (0,0) size 107x39
        text run at (0,0) width 12: "2 "
        text run at (12,0) width 95: "green box with"
        text run at (0,20) width 57: "word ok:"
    LayoutBlockFlow {DIV} at (0,40) size 130x28 [border: (2px solid #FF0000)]
      LayoutBlockFlow {DIV} at (2,2) size 126x24 [border: (2px solid #008000)]
        LayoutText {#text} at (2,2) size 16x19
          text run at (2,2) width 16: "ok"
layer at (278,10) size 130x40
  LayoutBlockFlow (relative positioned) {DIV} at (2,2) size 130x40
    LayoutText {#text} at (0,0) size 107x39
      text run at (0,0) width 107: "3 green box with"
      text run at (0,20) width 57: "word ok:"
hidden layer at (278,50) size 130x34
  LayoutBlockFlow (positioned) {DIV} at (0,40) size 130x34 [border: (2px solid #FF0000)]
    LayoutBlockFlow {DIV} at (2,2) size 126x24 [border: (2px solid #008000)]
      LayoutText {#text} at (2,2) size 16x19
        text run at (2,2) width 16: "ok"
layer at (412,10) size 130x40
  LayoutBlockFlow (relative positioned) {DIV} at (2,2) size 130x40
    LayoutText {#text} at (0,0) size 107x39
      text run at (0,0) width 107: "4 green box with"
      text run at (0,20) width 57: "word ok:"
hidden layer at (412,50) size 130x34
  LayoutBlockFlow (positioned) {DIV} at (0,40) size 130x34 [border: (2px solid #FF0000)]
layer at (414,52) size 126x30
  LayoutBlockFlow (positioned) {DIV} at (2,2) size 126x30 [border: (2px solid #008000)]
    LayoutText {#text} at (2,2) size 16x19
      text run at (2,2) width 16: "ok"
layer at (546,10) size 130x40
  LayoutBlockFlow (relative positioned) {DIV} at (2,2) size 130x40
    LayoutText {#text} at (0,0) size 107x39
      text run at (0,0) width 107: "5 green box with"
      text run at (0,20) width 57: "word ok:"
hidden layer at (546,50) size 130x34
  LayoutBlockFlow (positioned) {DIV} at (0,40) size 130x34 [border: (2px solid #FF0000)]
    LayoutBlockFlow {DIV} at (2,2) size 126x28 [border: (2px solid #FF0000)]
      LayoutBlockFlow {DIV} at (2,2) size 122x24 [border: (2px solid #008000)]
        LayoutText {#text} at (2,2) size 16x19
          text run at (2,2) width 16: "ok"
layer at (10,114) size 130x40
  LayoutBlockFlow (relative positioned) {DIV} at (2,2) size 130x40
    LayoutText {#text} at (0,0) size 107x39
      text run at (0,0) width 107: "6 green box with"
      text run at (0,20) width 57: "word ok:"
hidden layer at (10,154) size 130x34
  LayoutBlockFlow (positioned) {DIV} at (0,40) size 130x34 [border: (2px solid #FF0000)]
hidden layer at (12,156) size 126x30
  LayoutBlockFlow (positioned) {DIV} at (2,2) size 126x30 [border: (2px solid #FF0000)]
    LayoutBlockFlow {DIV} at (2,2) size 122x24 [border: (2px solid #008000)]
      LayoutText {#text} at (2,2) size 16x19
        text run at (2,2) width 16: "ok"
layer at (144,114) size 130x40
  LayoutBlockFlow (relative positioned) {DIV} at (2,2) size 130x40
    LayoutText {#text} at (0,0) size 107x39
      text run at (0,0) width 107: "7 green box with"
      text run at (0,20) width 57: "word ok:"
hidden layer at (144,154) size 130x34
  LayoutBlockFlow (positioned) {DIV} at (0,40) size 130x34 [border: (2px solid #FF0000)]
hidden layer at (146,156) size 126x30
  LayoutBlockFlow (positioned) {DIV} at (2,2) size 126x30 [border: (2px solid #FF0000)]
layer at (148,158) size 122x26
  LayoutBlockFlow (positioned) {DIV} at (2,2) size 122x26 [border: (2px solid #008000)]
    LayoutText {#text} at (2,2) size 16x19
      text run at (2,2) width 16: "ok"
layer at (278,114) size 130x40
  LayoutBlockFlow (relative positioned) {DIV} at (2,2) size 130x40
    LayoutText {#text} at (0,0) size 122x39
      text run at (0,0) width 122: "8 double green box"
      text run at (0,20) width 89: "with word ok:"
layer at (278,154) size 130x34
  LayoutBlockFlow (positioned) {DIV} at (0,40) size 130x34 [border: (2px solid #008000)]
hidden layer at (280,156) size 126x30
  LayoutBlockFlow (positioned) {DIV} at (2,2) size 126x30 [border: (2px solid #FF0000)]
layer at (282,158) size 122x26
  LayoutBlockFlow (positioned) {DIV} at (2,2) size 122x26 [border: (2px solid #008000)]
    LayoutText {#text} at (2,2) size 16x19
      text run at (2,2) width 16: "ok"
layer at (412,114) size 130x40
  LayoutBlockFlow (relative positioned) {DIV} at (2,2) size 130x40
    LayoutText {#text} at (0,0) size 107x39
      text run at (0,0) width 107: "9 green box with"
      text run at (0,20) width 57: "word ok:"
hidden layer at (412,154) size 130x34
  LayoutBlockFlow (positioned) {DIV} at (0,40) size 130x34 [border: (2px solid #FF0000)]
hidden layer at (414,156) size 126x30
  LayoutBlockFlow (positioned) {DIV} at (2,2) size 126x30 [border: (2px solid #FF0000)]
layer at (416,158) size 122x26
  LayoutBlockFlow (positioned) {DIV} at (2,2) size 122x26 [border: (2px solid #008000)]
    LayoutText {#text} at (2,2) size 16x19
      text run at (2,2) width 16: "ok"
layer at (546,114) size 130x20
  LayoutBlockFlow (relative positioned) {DIV} at (2,2) size 130x20
    LayoutText {#text} at (0,0) size 87x19
      text run at (0,0) width 87: "10 green box:"
hidden layer at (546,134) size 130x34
  LayoutBlockFlow (positioned) {DIV} at (0,20) size 130x34 [border: (2px solid #FF0000)]
layer at (548,136) size 126x30
  LayoutBlockFlow (positioned) {DIV} at (2,2) size 126x30 [border: (2px solid #008000)]
hidden layer at (550,138) size 122x26
  LayoutBlockFlow (positioned) {DIV} at (2,2) size 122x26 [border: (2px solid #FF0000)]
    LayoutText {#text} at (2,2) size 35x19
      text run at (2,2) width 35: "failed"
layer at (10,218) size 130x40
  LayoutBlockFlow (relative positioned) {DIV} at (2,2) size 130x40
    LayoutText {#text} at (0,0) size 115x39
      text run at (0,0) width 115: "11 green box with"
      text run at (0,20) width 57: "word ok:"
hidden layer at (10,258) size 130x34
  LayoutBlockFlow (positioned) {DIV} at (0,40) size 130x34 [border: (2px solid #FF0000)]
    LayoutBlockFlow {DIV} at (2,2) size 126x28 [border: (2px solid #FF0000)]
      LayoutBlockFlow {DIV} at (2,2) size 122x24 [border: (2px solid #008000)]
        LayoutText {#text} at (2,2) size 16x19
          text run at (2,2) width 16: "ok"
layer at (144,218) size 130x40
  LayoutBlockFlow (relative positioned) {DIV} at (2,2) size 130x40
    LayoutText {#text} at (0,0) size 115x39
      text run at (0,0) width 115: "12 green box with"
      text run at (0,20) width 57: "word ok:"
hidden layer at (144,258) size 130x34
  LayoutBlockFlow (positioned) {DIV} at (0,40) size 130x34 [border: (2px solid #FF0000)]
    LayoutBlockFlow {DIV} at (2,2) size 126x28 [border: (2px solid #FF0000)]
      LayoutBlockFlow {DIV} at (2,2) size 122x24 [border: (2px solid #008000)]
        LayoutText {#text} at (2,2) size 16x19
          text run at (2,2) width 16: "ok"
layer at (278,218) size 130x20
  LayoutBlockFlow (relative positioned) {DIV} at (2,2) size 130x20
    LayoutText {#text} at (0,0) size 87x19
      text run at (0,0) width 87: "13 green box:"
hidden layer at (278,238) size 130x34
  LayoutBlockFlow (positioned) {DIV} at (0,20) size 130x34 [border: (2px solid #FF0000)]
    LayoutBlockFlow {DIV} at (2,2) size 126x28 [border: (2px solid #008000)]
      LayoutBlockFlow {DIV} at (2,2) size 122x24 [border: (2px solid #FF0000)]
        LayoutText {#text} at (2,2) size 35x19
          text run at (2,2) width 35: "failed"
layer at (412,218) size 130x40
  LayoutBlockFlow (relative positioned) {DIV} at (2,2) size 130x40
    LayoutText {#text} at (0,0) size 115x39
      text run at (0,0) width 115: "14 green box with"
      text run at (0,20) width 57: "word ok:"
hidden layer at (412,258) size 130x30
  LayoutBlockFlow (positioned) {DIV} at (0,40) size 130x30
    LayoutBlockFlow {DIV} at (0,0) size 130x24 [border: (2px solid #008000)]
      LayoutText {#text} at (2,2) size 16x19
        text run at (2,2) width 16: "ok"
layer at (546,218) size 130x40
  LayoutBlockFlow (relative positioned) {DIV} at (2,2) size 130x40
    LayoutText {#text} at (0,0) size 115x39
      text run at (0,0) width 115: "15 green box with"
      text run at (0,20) width 57: "word ok:"
hidden layer at (546,258) size 130x30
  LayoutBlockFlow (positioned) {DIV} at (0,40) size 130x30
layer at (546,258) size 130x30
  LayoutBlockFlow (positioned) {DIV} at (0,0) size 130x30 [border: (2px solid #008000)]
    LayoutText {#text} at (2,2) size 16x19
      text run at (2,2) width 16: "ok"
layer at (10,322) size 130x40
  LayoutBlockFlow (relative positioned) {DIV} at (2,2) size 130x40
    LayoutText {#text} at (0,0) size 115x39
      text run at (0,0) width 115: "16 green box with"
      text run at (0,20) width 57: "word ok:"
hidden layer at (10,362) size 130x34
  LayoutBlockFlow (positioned) {DIV} at (0,40) size 130x34 [border: (2px solid #FF0000)]
    LayoutBlockFlow {DIV} at (2,2) size 126x52 [border: (2px solid #FF0000)]
      LayoutBlockFlow {DIV} at (2,2) size 122x24 [border: (2px solid #FF0000)]
        LayoutText {#text} at (2,2) size 20x19
          text run at (2,2) width 20: "fail"
      LayoutBlockFlow {DIV} at (2,26) size 122x24 [border: (2px solid #008000)]
        LayoutText {#text} at (2,2) size 16x19
          text run at (2,2) width 16: "ok"
layer at (144,322) size 130x40
  LayoutBlockFlow (relative positioned) {DIV} at (2,2) size 130x40
    LayoutText {#text} at (0,0) size 115x39
      text run at (0,0) width 115: "17 green box with"
      text run at (0,20) width 57: "word ok:"
hidden layer at (144,362) size 130x34
  LayoutBlockFlow (positioned) {DIV} at (0,40) size 130x34 [border: (2px solid #FF0000)]
    LayoutBlockFlow {DIV} at (2,2) size 126x52 [border: (2px solid #FF0000)]
      LayoutBlockFlow {DIV} at (2,2) size 122x24 [border: (2px solid #008000)]
        LayoutText {#text} at (2,2) size 16x19
          text run at (2,2) width 16: "ok"
      LayoutBlockFlow {DIV} at (2,26) size 122x24 [border: (2px solid #FF0000)]
        LayoutText {#text} at (2,2) size 20x19
          text run at (2,2) width 20: "fail"
layer at (278,322) size 130x40
  LayoutBlockFlow (relative positioned) {DIV} at (2,2) size 130x40
    LayoutText {#text} at (0,0) size 115x39
      text run at (0,0) width 115: "18 green box with"
      text run at (0,20) width 57: "word ok:"
hidden layer at (278,362) size 130x34
  LayoutBlockFlow (positioned) {DIV} at (0,40) size 130x34 [border: (2px solid #FF0000)]
    LayoutBlockFlow {DIV} at (2,2) size 126x52 [border: (2px solid #FF0000)]
      LayoutBlockFlow {DIV} at (2,2) size 122x24 [border: (2px solid #FF0000)]
        LayoutText {#text} at (2,2) size 20x19
          text run at (2,2) width 20: "fail"
      LayoutBlockFlow {DIV} at (2,26) size 122x24 [border: (2px solid #008000)]
        LayoutText {#text} at (2,2) size 16x19
          text run at (2,2) width 16: "ok"
layer at (412,322) size 130x40
  LayoutBlockFlow (relative positioned) {DIV} at (2,2) size 130x40
    LayoutText {#text} at (0,0) size 115x39
      text run at (0,0) width 115: "19 green box with"
      text run at (0,20) width 57: "word ok:"
hidden layer at (412,362) size 130x34
  LayoutBlockFlow (positioned) {DIV} at (0,40) size 130x34 [border: (2px solid #FF0000)]
    LayoutBlockFlow {DIV} at (2,2) size 126x28 [border: (2px solid #FF0000)]
      LayoutBlockFlow {DIV} at (2,2) size 122x24 [border: (2px solid #FF0000)]
        LayoutText {#text} at (2,2) size 20x19
          text run at (2,2) width 20: "fail"
    LayoutBlockFlow {DIV} at (2,30) size 126x28 [border: (2px solid #FF0000)]
      LayoutBlockFlow {DIV} at (2,2) size 122x24 [border: (2px solid #008000)]
        LayoutText {#text} at (2,2) size 16x19
          text run at (2,2) width 16: "ok"
layer at (546,322) size 130x20
  LayoutBlockFlow (relative positioned) {DIV} at (2,2) size 130x20
    LayoutText {#text} at (0,0) size 87x19
      text run at (0,0) width 87: "20 green box:"
hidden layer at (546,342) size 130x34
  LayoutBlockFlow (positioned) {DIV} at (0,20) size 130x34 [border: (2px solid #FF0000)]
    LayoutBlockFlow {DIV} at (2,2) size 126x52 [border: (2px solid #008000)]
      LayoutBlockFlow {DIV} at (2,2) size 122x24 [border: (2px solid #FF0000)]
        LayoutText {#text} at (2,2) size 16x19
          text run at (2,2) width 16: "ok"
      LayoutBlockFlow {DIV} at (2,26) size 122x24 [border: (2px solid #008000)]
        LayoutText {#text} at (2,2) size 16x19
          text run at (2,2) width 16: "ok"
layer at (10,426) size 130x40
  LayoutBlockFlow (relative positioned) {DIV} at (2,2) size 130x40
    LayoutText {#text} at (0,0) size 124x39
      text run at (0,0) width 124: "21 two green boxes"
      text run at (0,20) width 89: "with word ok:"
hidden layer at (10,466) size 130x34
  LayoutBlockFlow (positioned) {DIV} at (0,40) size 130x34 [border: (2px solid #FF0000)]
    LayoutBlockFlow {DIV} at (2,2) size 126x28 [border: (2px solid #FF0000)]
      LayoutBlockFlow {DIV} at (2,2) size 122x24 [border: (2px solid #008000)]
        LayoutText {#text} at (2,2) size 16x19
          text run at (2,2) width 16: "ok"
    LayoutBlockFlow {DIV} at (2,30) size 126x28 [border: (2px solid #FF0000)]
      LayoutBlockFlow {DIV} at (2,2) size 122x24 [border: (2px solid #008000)]
        LayoutText {#text} at (2,2) size 16x19
          text run at (2,2) width 16: "ok"
layer at (144,426) size 130x40
  LayoutBlockFlow (relative positioned) {DIV} at (2,2) size 130x40
    LayoutText {#text} at (0,0) size 115x39
      text run at (0,0) width 115: "22 green box with"
      text run at (0,20) width 57: "word ok:"
hidden layer at (144,466) size 130x34
  LayoutBlockFlow (positioned) {DIV} at (0,40) size 130x34 [border: (2px solid #FF0000)]
layer at (146,468) size 126x30
  LayoutBlockFlow (positioned) {DIV} at (2,2) size 126x30 [border: (2px solid #008000)]
    LayoutText {#text} at (2,2) size 16x19
      text run at (2,2) width 16: "ok"
layer at (278,426) size 130x40
  LayoutBlockFlow (relative positioned) {DIV} at (2,2) size 130x40
    LayoutText {#text} at (0,0) size 115x39
      text run at (0,0) width 115: "23 green box with"
      text run at (0,20) width 57: "word ok:"
hidden layer at (278,466) size 130x34
  LayoutBlockFlow (positioned) zI: 1 {DIV} at (0,40) size 130x34 [border: (2px solid #FF0000)]
hidden layer at (280,468) size 126x30
  LayoutBlockFlow (positioned) {DIV} at (2,2) size 126x30 [border: (2px solid #FF0000)]
layer at (282,470) size 122x26
  LayoutBlockFlow (positioned) {DIV} at (2,2) size 122x26 [border: (2px solid #008000)]
    LayoutText {#text} at (2,2) size 16x19
      text run at (2,2) width 16: "ok"
