layer at (0,0) size 800x600
  LayoutView at (0,0) size 800x600
layer at (0,0) size 800x600
  LayoutBlockFlow {HTML} at (0,0) size 800x600
    LayoutBlockFlow {BODY} at (8,8) size 784x584
      LayoutBlockFlow {P} at (0,0) size 784x40
        LayoutText {#text} at (0,0) size 52x19
          text run at (0,0) width 52: "Test for "
        LayoutInline {I} at (0,0) size 764x39
          LayoutInline {A} at (0,0) size 349x19 [color=#0000EE]
            LayoutText {#text} at (51,0) size 349x19
              text run at (51,0) width 349: "http://bugzilla.opendarwin.org/show_bug.cgi?id=9193"
          LayoutText {#text} at (399,0) size 764x39
            text run at (399,0) width 5: " "
            text run at (403,0) width 361: "REGRESSION: setting an opacity on an element with an"
            text run at (0,20) width 314: "outline causes the outline to disappear completely"
        LayoutText {#text} at (314,20) size 4x19
          text run at (314,20) width 4: "."
layer at (8,64) size 784x2 clip at (0,0) size 0x0
  LayoutBlockFlow {HR} at (0,56) size 784x2 [border: (1px inset #EEEEEE)]
layer at (8,74) size 100x100 transparent
  LayoutBlockFlow {DIV} at (0,66) size 100x100 [bgcolor=#C0C0C0]
