layer at (0,0) size 800x600
  LayoutView at (0,0) size 800x600
layer at (0,0) size 800x600
  LayoutBlockFlow {HTML} at (0,0) size 800x600
    LayoutBlockFlow {BODY} at (8,8) size 784x584
      LayoutText {#text} at (0,0) size 195x19
        text run at (0,0) width 195: "There should be no red visible."
layer at (8,28) size 106x106
  LayoutBlockFlow (positioned) {DIV} at (8,28) size 106x106 [color=#FF0000] [border: (3px solid #FF0000)]
    LayoutText {#text} at (3,5) size 56x114
      text run at (3,5) width 56: "F"
layer at (8,28) size 106x106
  LayoutBlockFlow (positioned) {DIV} at (8,28) size 106x106 [color=#FF0000] [border: (3px solid #FF0000)]
    LayoutText {#text} at (3,5) size 56x114
      text run at (3,5) width 56: "F"
layer at (8,28) size 106x106
  LayoutBlockFlow (positioned) {DIV} at (8,28) size 106x106 [color=#008000] [border: (3px solid #008000)]
    LayoutText {#text} at (3,5) size 56x114
      text run at (3,5) width 56: "F"
