layer at (0,0) size 800x600
  LayoutView at (0,0) size 800x600
layer at (0,0) size 800x600
  LayoutBlockFlow {HTML} at (0,0) size 800x600
    LayoutBlockFlow {BODY} at (8,20) size 784x480
      LayoutBlockFlow {DIV} at (20,0) size 744x58
        LayoutInline {SPAN} at (0,0) size 313x56
          LayoutText {#text} at (0,1) size 313x56
            text run at (0,1) width 313: "      multiple    "
        LayoutText {#text} at (313,1) size 348x56
          text run at (313,1) width 348: "     shadows      "
      LayoutBlockFlow {DIV} at (100,158) size 100x100
