layer at (0,0) size 800x600
  LayoutView at (0,0) size 800x600
layer at (0,0) size 800x60
  LayoutNGBlockFlow {HTML} at (0,0) size 800x60
    LayoutNGBlockFlow {BODY} at (8,8) size 784x44
      LayoutBR {BR} at (154,1) size 0x0
      LayoutTextControl {INPUT} at (0,22) size 154x22 [bgcolor=#FFFFFF] [border: (2px inset #EEEEEE)]
        LayoutFlexibleBox {DIV} at (2,3) size 150x16
          LayoutBlockFlow {DIV} at (0,0) size 135x16
      LayoutText {#text} at (0,0) size 0x0
layer at (10,33) size 135x16
  LayoutBlockFlow {DIV} at (0,0) size 135x16
    LayoutText {#text} at (0,0) size 14x16
      text run at (0,0) width 14: "10"
layer at (8,8) size 154x22 clip at (10,10) size 150x18 transparent
  LayoutTextControl {INPUT} at (0,0) size 154x22 [bgcolor=#FFFFFF] [border: (2px inset #EEEEEE)]
    LayoutFlexibleBox {DIV} at (2,3) size 150x16
      LayoutBlockFlow {DIV} at (0,0) size 135x16
layer at (10,11) size 135x16
  LayoutBlockFlow {DIV} at (0,0) size 135x16
    LayoutText {#text} at (0,0) size 14x16
      text run at (0,0) width 14: "10"
layer at (145,11) size 15x16 transparent
  LayoutBlockFlow {DIV} at (135,0) size 15x16
layer at (145,33) size 15x16 transparent
  LayoutBlockFlow {DIV} at (135,0) size 15x16
