layer at (0,0) size 800x600
  LayoutView at (0,0) size 800x600
layer at (0,0) size 800x551
  LayoutBlockFlow {HTML} at (0,0) size 800x551
    LayoutBlockFlow {BODY} at (57,64) size 686x423 [bgcolor=#99FFCC] [border: (3px solid #000000)]
      LayoutBlockFlow {P} at (3,3) size 680x64
        LayoutText {#text} at (0,7) size 652x50
          text run at (0,7) width 613: "These links are in an element with display table-row, and the li elements "
          text run at (613,7) width 39: "have"
          text run at (0,39) width 160: "display: table-cell. "
          text run at (160,39) width 132: "They disappear:"
      LayoutTable (anonymous) at (3,67) size 300x18
        LayoutTableSection (anonymous) at (0,0) size 300x18
          LayoutTableRow {UL} at (0,0) size 300x18 [bgcolor=#00CC99]
            LayoutTableCell {LI} at (0,0) size 75x18 [r=0 c=0 rs=1 cs=1]
              LayoutInline {A} at (0,0) size 55x18 [color=#0000EE]
                LayoutText {#text} at (10,0) size 55x18
                  text run at (10,0) width 55: "people"
            LayoutTableCell {LI} at (75,0) size 75x18 [r=0 c=1 rs=1 cs=1]
              LayoutInline {A} at (0,0) size 53x18 [color=#0000EE]
                LayoutText {#text} at (11,0) size 53x18
                  text run at (11,0) width 53: "places"
            LayoutTableCell {LI} at (150,0) size 75x18 [r=0 c=2 rs=1 cs=1]
              LayoutInline {A} at (0,0) size 75x18 [color=#0000EE]
                LayoutText {#text} at (0,0) size 75x18
                  text run at (0,0) width 75: "members"
            LayoutTableCell {LI} at (225,0) size 75x18 [r=0 c=3 rs=1 cs=1]
              LayoutInline {A} at (0,0) size 39x18 [color=#0000EE]
                LayoutText {#text} at (18,0) size 39x18
                  text run at (18,0) width 39: "links"
      LayoutBlockFlow {DIV} at (3,85) size 680x335
        LayoutBlockFlow (anonymous) at (16,16) size 648x18
          LayoutText {#text} at (0,0) size 523x18
            text run at (0,0) width 235: "This text is not in the form. "
            text run at (235,0) width 288: "The form should be indented 40px."
        LayoutBlockFlow {FORM} at (96,34) size 568x285
          LayoutBlockFlow {P} at (0,0) size 568x64
            LayoutText {#text} at (0,7) size 558x50
              text run at (0,7) width 202: "This is text in the form. "
              text run at (202,7) width 235: "It should be indented 40px. "
              text run at (437,7) width 121: "The form itself"
              text run at (0,39) width 383: "has the same table-row/table-cell problem as "
              text run at (383,39) width 55: "above."
          LayoutBlockFlow {P} at (0,64) size 568x63
            LayoutTable {SPAN} at (0,3) size 145x60
              LayoutTableSection (anonymous) at (0,0) size 145x60
                LayoutTableRow {SPAN} at (0,0) size 145x28
                  LayoutTableCell (anonymous) at (0,0) size 145x28 [r=0 c=0 rs=1 cs=1]
                    LayoutText {#text} at (0,6) size 135x16
                      text run at (0,6) width 135: "First Name (required)"
                LayoutTableRow (anonymous) at (0,28) size 145x32
                  LayoutTableCell (anonymous) at (0,28) size 145x32 [r=1 c=0 rs=1 cs=1]
                    LayoutTextControl {INPUT} at (0,6) size 145x22 [bgcolor=#FFFFFF] [border: (2px inset #EEEEEE)]
            LayoutText {#text} at (145,7) size 6x18
              text run at (145,7) width 6: " "
            LayoutTable {SPAN} at (151,3) size 145x60
              LayoutTableSection (anonymous) at (0,0) size 145x60
                LayoutTableRow {SPAN} at (0,0) size 145x28
                  LayoutTableCell (anonymous) at (0,0) size 145x28 [r=0 c=0 rs=1 cs=1]
                    LayoutText {#text} at (0,6) size 134x16
                      text run at (0,6) width 134: "Last Name (required)"
                LayoutTableRow (anonymous) at (0,28) size 145x32
                  LayoutTableCell (anonymous) at (0,28) size 145x32 [r=1 c=0 rs=1 cs=1]
                    LayoutTextControl {INPUT} at (0,6) size 145x22 [bgcolor=#FFFFFF] [border: (2px inset #EEEEEE)]
            LayoutText {#text} at (0,0) size 0x0
          LayoutBlockFlow {P} at (0,127) size 568x63
            LayoutTable {SPAN} at (0,3) size 313x60
              LayoutTableSection (anonymous) at (0,0) size 313x60
                LayoutTableRow {SPAN} at (0,0) size 313x28
                  LayoutTableCell (anonymous) at (0,0) size 313x28 [r=0 c=0 rs=1 cs=1]
                    LayoutText {#text} at (0,6) size 90x16
                      text run at (0,6) width 90: "Email Address"
                LayoutTableRow (anonymous) at (0,28) size 313x32
                  LayoutTableCell (anonymous) at (0,28) size 313x32 [r=1 c=0 rs=1 cs=1]
                    LayoutTextControl {INPUT} at (0,6) size 313x22 [bgcolor=#FFFFFF] [border: (2px inset #EEEEEE)]
            LayoutText {#text} at (0,0) size 0x0
          LayoutBlockFlow {P} at (0,190) size 568x63
            LayoutTable {SPAN} at (0,3) size 145x60
              LayoutTableSection (anonymous) at (0,0) size 145x60
                LayoutTableRow {SPAN} at (0,0) size 145x28
                  LayoutTableCell (anonymous) at (0,0) size 145x28 [r=0 c=0 rs=1 cs=1]
                    LayoutText {#text} at (0,6) size 100x16
                      text run at (0,6) width 100: "Company Name"
                LayoutTableRow (anonymous) at (0,28) size 145x32
                  LayoutTableCell (anonymous) at (0,28) size 145x32 [r=1 c=0 rs=1 cs=1]
                    LayoutTextControl {INPUT} at (0,6) size 145x22 [bgcolor=#FFFFFF] [border: (2px inset #EEEEEE)]
            LayoutText {#text} at (145,7) size 6x18
              text run at (145,7) width 6: " "
            LayoutTable {SPAN} at (151,3) size 145x60
              LayoutTableSection (anonymous) at (0,0) size 145x60
                LayoutTableRow {SPAN} at (0,0) size 145x28
                  LayoutTableCell (anonymous) at (0,0) size 145x28 [r=0 c=0 rs=1 cs=1]
                    LayoutText {#text} at (0,6) size 27x16
                      text run at (0,6) width 27: "Title"
                LayoutTableRow (anonymous) at (0,28) size 145x32
                  LayoutTableCell (anonymous) at (0,28) size 145x32 [r=1 c=0 rs=1 cs=1]
                    LayoutTextControl {INPUT} at (0,6) size 145x22 [bgcolor=#FFFFFF] [border: (2px inset #EEEEEE)]
            LayoutText {#text} at (0,0) size 0x0
          LayoutBlockFlow {P} at (0,253) size 568x32
            LayoutButton {INPUT} at (0,6) size 60x22 [bgcolor=#C0C0C0] [border: (2px outset #C0C0C0)]
              LayoutBlockFlow (anonymous) at (8,3) size 44x16
                LayoutText {#text} at (0,0) size 44x16
                  text run at (0,0) width 44: "Submit!"
            LayoutText {#text} at (60,7) size 6x18
              text run at (60,7) width 6: " "
            LayoutButton {INPUT} at (66,6) size 80x22 [bgcolor=#C0C0C0] [border: (2px outset #C0C0C0)]
              LayoutBlockFlow (anonymous) at (8,3) size 64x16
                LayoutText {#text} at (0,0) size 64x16
                  text run at (0,0) width 64: "Clear Form"
            LayoutText {#text} at (0,0) size 0x0
layer at (158,287) size 141x16
  LayoutBlockFlow {DIV} at (2,3) size 141x16
layer at (309,287) size 141x16
  LayoutBlockFlow {DIV} at (2,3) size 141x16
layer at (158,350) size 309x16
  LayoutBlockFlow {DIV} at (2,3) size 309x16
layer at (158,413) size 141x16
  LayoutBlockFlow {DIV} at (2,3) size 141x16
layer at (309,413) size 141x16
  LayoutBlockFlow {DIV} at (2,3) size 141x16
