layer at (0,0) size 800x600
  LayoutView at (0,0) size 800x600
layer at (0,0) size 800x310
  LayoutNGBlockFlow {html} at (0,0) size 800x309.88
    LayoutNGBlockFlow {body} at (8,21.44) size 784x280.44
      LayoutNGBlockFlow {h1} at (0,0) size 784x37
        LayoutText {#text} at (0,0) size 744x36
          text run at (0,0) width 744: "Test case for x/y attributes on root-most <svg> element"
      LayoutNGBlockFlow {p} at (0,58.44) size 784x60
        LayoutText {#text} at (0,0) size 29x19
          text run at (0,0) width 29: "The "
        LayoutInline {code} at (0,0) size 8x16
          LayoutText {#text} at (29,3) size 8x16
            text run at (29,3) width 8: "x"
        LayoutText {#text} at (37,0) size 31x19
          text run at (37,0) width 31: " and "
        LayoutInline {code} at (0,0) size 8x16
          LayoutText {#text} at (68,3) size 8x16
            text run at (68,3) width 8: "y"
        LayoutText {#text} at (76,0) size 160x19
          text run at (76,0) width 160: " attributes on a root-most "
        LayoutInline {code} at (0,0) size 40x16
          LayoutText {#text} at (236,3) size 40x16
            text run at (236,3) width 40: "<svg>"
        LayoutText {#text} at (276,0) size 433x19
          text run at (276,0) width 433: " element should be ignored, as specified by SVG 1.1. The root-most "
        LayoutInline {code} at (0,0) size 40x16
          LayoutText {#text} at (709,3) size 40x16
            text run at (709,3) width 40: "<svg>"
        LayoutText {#text} at (0,20) size 742x39
          text run at (0,20) width 742: "element is the element at the root of an SVG fragment. For the following test to pass, the green SVG square should be"
          text run at (0,40) width 622: "rendered aligned to the top-left of the red CSS-rendered square, which is 10 pixels wider and taller."
      LayoutNGBlockFlow {p} at (0,134.44) size 784x20
        LayoutText {#text} at (0,0) size 27x19
          text run at (0,0) width 27: "See "
        LayoutInline {a} at (0,0) size 71x19 [color=#0000EE]
          LayoutText {#text} at (27,0) size 71x19
            text run at (27,0) width 71: "Bug 13828"
        LayoutText {#text} at (98,0) size 4x19
          text run at (98,0) width 4: "."
      LayoutNGBlockFlow {div} at (0,170.44) size 110x110 [bgcolor=#FF0000]
        LayoutSVGRoot {svg} at (0,0) size 100x100
          LayoutSVGRect {rect} at (0,0) size 100x100 [fill={[type=SOLID] [color=#008000]}] [x=0.00] [y=0.00] [width=100.00] [height=100.00]
        LayoutText {#text} at (0,0) size 0x0
