layer at (0,0) size 800x600
  LayoutView at (0,0) size 800x600
layer at (0,0) size 800x600
  LayoutNGBlockFlow {HTML} at (0,0) size 800x600
    LayoutNGBlockFlow {BODY} at (8,8) size 784x574
      LayoutNGBlockFlow (anonymous) at (0,0) size 784x20
        LayoutText {#text} at (0,0) size 72x19
          text run at (0,0) width 72: "no spacing:"
      LayoutNGBlockFlow {P} at (0,38) size 784x22
        LayoutText {#text} at (0,0) size 97x21
          text run at (0,0) width 97: "abc abc abc"
      LayoutNGBlockFlow (anonymous) at (0,78) size 784x20
        LayoutText {#text} at (0,0) size 294x19
          text run at (0,0) width 294: "word-spacing: 100px, all should look the same"
      LayoutNGBlockFlow {P} at (0,116) size 784x22
        LayoutText {#text} at (0,0) size 297x21
          text run at (0,0) width 297: "abc abc abc"
      LayoutNGBlockFlow {P} at (0,156) size 784x22
        LayoutText {#text} at (0,0) size 134x21
          text run at (0,0) width 134: "abc "
        LayoutInline {SPAN} at (0,0) size 20x21
          LayoutText {#text} at (134,0) size 20x21
            text run at (134,0) width 20: "ab"
        LayoutText {#text} at (154,0) size 143x21
          text run at (154,0) width 143: "c abc"
      LayoutNGBlockFlow {P} at (0,196) size 784x22
        LayoutText {#text} at (0,0) size 134x21
          text run at (0,0) width 134: "abc "
        LayoutInline {SPAN} at (0,0) size 10x21
          LayoutText {#text} at (134,0) size 10x21
            text run at (134,0) width 10: "a"
        LayoutInline {SPAN} at (0,0) size 10x21
          LayoutText {#text} at (144,0) size 10x21
            text run at (144,0) width 10: "b"
        LayoutText {#text} at (154,0) size 143x21
          text run at (154,0) width 143: "c abc"
      LayoutNGBlockFlow {P} at (0,236) size 784x22
        LayoutText {#text} at (0,0) size 134x21
          text run at (0,0) width 134: "abc "
        LayoutInline {SPAN} at (0,0) size 10x21
          LayoutText {#text} at (134,0) size 10x21
            text run at (134,0) width 10: "a"
        LayoutText {#text} at (144,0) size 10x21
          text run at (144,0) width 10: "b"
        LayoutInline {SPAN} at (0,0) size 9x21
          LayoutText {#text} at (154,0) size 9x21
            text run at (154,0) width 9: "c"
        LayoutText {#text} at (163,0) size 134x21
          text run at (163,0) width 134: " abc"
      LayoutNGBlockFlow {P} at (0,276) size 784x22
        LayoutText {#text} at (0,0) size 144x21
          text run at (0,0) width 144: "abc a"
        LayoutInline {SPAN} at (0,0) size 10x21
          LayoutText {#text} at (144,0) size 10x21
            text run at (144,0) width 10: "b"
        LayoutInline {SPAN} at (0,0) size 9x21
          LayoutText {#text} at (154,0) size 9x21
            text run at (154,0) width 9: "c"
        LayoutText {#text} at (163,0) size 134x21
          text run at (163,0) width 134: " abc"
      LayoutNGBlockFlow {P} at (0,316) size 784x22
        LayoutText {#text} at (0,0) size 144x21
          text run at (0,0) width 144: "abc a"
        LayoutInline {SPAN} at (0,0) size 10x21
          LayoutText {#text} at (144,0) size 10x21
            text run at (144,0) width 10: "b"
        LayoutText {#text} at (154,0) size 143x21
          text run at (154,0) width 143: "c abc"
      LayoutNGBlockFlow {P} at (0,356) size 784x22
        LayoutText {#text} at (0,0) size 134x21
          text run at (0,0) width 134: "abc "
        LayoutInline {SPAN} at (0,0) size 0x0
        LayoutText {#text} at (134,0) size 134x21
          text run at (134,0) width 134: "abc "
        LayoutInline {SPAN} at (0,0) size 0x0
        LayoutText {#text} at (268,0) size 29x21
          text run at (268,0) width 29: "abc"
