layer at (0,0) size 800x600
  LayoutView at (0,0) size 800x600
layer at (0,0) size 800x382
  LayoutBlockFlow {HTML} at (0,0) size 800x382
    LayoutBlockFlow {BODY} at (8,16) size 784x358
      LayoutBlockFlow {P} at (0,0) size 784x40
        LayoutText {#text} at (0,0) size 504x19
          text run at (0,0) width 504: "You should see a green box inside a gray box. If you see red, the test has failed. "
        LayoutInline {A} at (0,0) size 748x39 [color=#0000EE]
          LayoutText {#text} at (504,0) size 748x39
            text run at (504,0) width 244: "https://bugs.webkit.org/show_bug.cgi?"
            text run at (0,20) width 61: "id=18885"
        LayoutText {#text} at (0,0) size 0x0
layer at (8,72) size 302x302
  LayoutBlockFlow (relative positioned) {DIV} at (0,56) size 302x302 [border: (1px solid #000000)]
layer at (59,123) size 200x200
  LayoutBlockFlow {DIV} at (51,51) size 200x200 [bgcolor=#808080]
layer at (109,173) size 100x100
  LayoutBlockFlow (positioned) {DIV} at (50,50) size 100x100 [bgcolor=#FF0000]
layer at (109,173) size 100x100
  LayoutBlockFlow (positioned) {DIV} at (101,101) size 100x100 [bgcolor=#008000]
