layer at (0,0) size 800x600
  LayoutView at (0,0) size 800x600
layer at (0,0) size 800x600
  LayoutNGBlockFlow {HTML} at (0,0) size 800x600
    LayoutNGBlockFlow {BODY} at (8,8) size 784x584
      LayoutNGBlockFlow {P} at (0,0) size 784x20
        LayoutText {#text} at (0,0) size 152x19
          text run at (0,0) width 152: "Test controls placement."
      LayoutNGBlockFlow (anonymous) at (0,36) size 784x124
        LayoutBR {BR} at (300,32) size 0x0
        LayoutBR {BR} at (0,32) size 0x0
        LayoutBR {BR} at (320,69) size 0x0
        LayoutBR {BR} at (0,84) size 0x0
        LayoutBR {BR} at (0,104) size 0x0
layer at (8,44) size 300x32
  LayoutMedia {AUDIO} at (0,0) size 300x32 [bgcolor=#0000FF]
layer at (8,96) size 320x32
  LayoutMedia {AUDIO} at (0,52) size 320x32 [bgcolor=#0000FF]
layer at (8,44) size 300x32
  LayoutFlexibleBox (relative positioned) {DIV} at (0,0) size 300x32
    LayoutNGBlockFlow {DIV} at (0,0) size 300x32
layer at (8,44) size 300x32 scrollHeight 40
  LayoutFlexibleBox (relative positioned) {DIV} at (0,0) size 300x32 [bgcolor=#FAFAFA]
    LayoutButton {INPUT} at (0,0) size 32x32
    LayoutFlexibleBox {DIV} at (32,0) size 24x32 [color=#5A5A5A]
      LayoutNGBlockFlow (anonymous) at (0,0) size 24x32
        LayoutText {#text} at (0,8) size 24x15
          text run at (0,8) width 24: "0:00"
    LayoutFlexibleBox {DIV} at (56,0) size 34x32 [color=#5A5A5A]
      LayoutNGBlockFlow (anonymous) at (4,0) size 30x32
        LayoutText {#text} at (0,8) size 30x15
          text run at (0,8) width 30: "/ 0:07"
    LayoutSlider {INPUT} at (108,2) size 81x28
      LayoutFlexibleBox {DIV} at (0,14) size 81x0
    LayoutButton {INPUT} at (207,0) size 32x32
    LayoutSlider {INPUT} at (257,2) size 25x28
      LayoutFlexibleBox {DIV} at (0,14) size 25x0
layer at (98,60) size 117x0
  LayoutBlockFlow (relative positioned) {DIV} at (-18,0) size 117x0
layer at (116,59) size 81x2
  LayoutBlockFlow (positioned) {DIV} at (18,-1) size 81x2 [bgcolor=#DADADA]
layer at (247,60) size 61x0
  LayoutBlockFlow (relative positioned) {DIV} at (-18,0) size 61x0
layer at (265,59) size 25x2
  LayoutBlockFlow (positioned) {DIV} at (18,-1) size 25x2 [bgcolor=#DADADA]
layer at (116,59) size 81x2
  LayoutBlockFlow (positioned) zI: 1 {DIV} at (0,0) size 81x2 [bgcolor=#5A5A5A]
layer at (116,59) size 0x2
  LayoutBlockFlow (positioned) zI: 1 {DIV} at (0,0) size 0x2 [bgcolor=#4285F4]
layer at (265,59) size 0x2
  LayoutBlockFlow (positioned) zI: 1 {DIV} at (0,0) size 0x2 [bgcolor=#5A5A5A]
layer at (265,59) size 25x2
  LayoutBlockFlow (positioned) zI: 1 {DIV} at (0,0) size 25x2 [bgcolor=#4285F4]
layer at (98,36) size 36x48 backgroundClip at (8,44) size 300x32 clip at (8,44) size 300x32
  LayoutBlockFlow (positioned) zI: 2 {DIV} at (0,-24) size 36x48
layer at (272,36) size 36x48 backgroundClip at (8,44) size 300x32 clip at (8,44) size 300x32
  LayoutBlockFlow (positioned) zI: 2 {DIV} at (25,-24) size 36x48
layer at (8,96) size 320x32
  LayoutFlexibleBox (relative positioned) {DIV} at (0,0) size 320x32
    LayoutNGBlockFlow {DIV} at (0,0) size 320x32
layer at (8,96) size 320x32 scrollHeight 40
  LayoutFlexibleBox (relative positioned) {DIV} at (0,0) size 320x32 [bgcolor=#FAFAFA]
    LayoutButton {INPUT} at (0,0) size 32x32
    LayoutFlexibleBox {DIV} at (32,0) size 24x32 [color=#5A5A5A]
      LayoutNGBlockFlow (anonymous) at (0,0) size 24x32
        LayoutText {#text} at (0,8) size 24x15
          text run at (0,8) width 24: "0:00"
    LayoutFlexibleBox {DIV} at (56,0) size 34x32 [color=#5A5A5A]
      LayoutNGBlockFlow (anonymous) at (4,0) size 30x32
        LayoutText {#text} at (0,8) size 30x15
          text run at (0,8) width 30: "/ 0:07"
    LayoutSlider {INPUT} at (108,2) size 93.06x28
      LayoutFlexibleBox {DIV} at (0,14) size 93.06x0
    LayoutButton {INPUT} at (219.06,0) size 32x32
    LayoutSlider {INPUT} at (269.06,2) size 32.94x28
      LayoutFlexibleBox {DIV} at (0,14) size 32.94x0
layer at (98,112) size 129x0
  LayoutBlockFlow (relative positioned) {DIV} at (-18,0) size 129.06x0
layer at (116,111) size 93x2
  LayoutBlockFlow (positioned) {DIV} at (18,-1) size 93.06x2 [bgcolor=#DADADA]
layer at (259,112) size 69x0
  LayoutBlockFlow (relative positioned) {DIV} at (-18,0) size 68.94x0
layer at (277,111) size 33x2
  LayoutBlockFlow (positioned) {DIV} at (18,-1) size 32.94x2 [bgcolor=#DADADA]
layer at (116,111) size 93x2
  LayoutBlockFlow (positioned) zI: 1 {DIV} at (0,0) size 93x2 [bgcolor=#5A5A5A]
layer at (116,111) size 0x2
  LayoutBlockFlow (positioned) zI: 1 {DIV} at (0,0) size 0x2 [bgcolor=#4285F4]
layer at (277,111) size 0x2
  LayoutBlockFlow (positioned) zI: 1 {DIV} at (0,0) size 0x2 [bgcolor=#5A5A5A]
layer at (277,111) size 33x2
  LayoutBlockFlow (positioned) zI: 1 {DIV} at (0,0) size 33x2 [bgcolor=#4285F4]
layer at (98,88) size 36x48 backgroundClip at (8,96) size 320x32 clip at (8,96) size 320x32
  LayoutBlockFlow (positioned) zI: 2 {DIV} at (0,-24) size 36x48
layer at (292,88) size 36x48 backgroundClip at (8,96) size 320x32 clip at (8,96) size 320x32
  LayoutBlockFlow (positioned) zI: 2 {DIV} at (32.94,-24) size 36x48
layer at (8,148) size 320x100
  LayoutMedia (positioned) {AUDIO} at (8,148) size 320x100 [bgcolor=#0000FF]
layer at (8,148) size 320x100
  LayoutFlexibleBox (relative positioned) {DIV} at (0,0) size 320x100
    LayoutNGBlockFlow {DIV} at (0,68) size 320x32
layer at (8,216) size 320x32 scrollHeight 40
  LayoutFlexibleBox (relative positioned) {DIV} at (0,0) size 320x32 [bgcolor=#FAFAFA]
    LayoutButton {INPUT} at (0,0) size 32x32
    LayoutFlexibleBox {DIV} at (32,0) size 24x32 [color=#5A5A5A]
      LayoutNGBlockFlow (anonymous) at (0,0) size 24x32
        LayoutText {#text} at (0,8) size 24x15
          text run at (0,8) width 24: "0:00"
    LayoutFlexibleBox {DIV} at (56,0) size 34x32 [color=#5A5A5A]
      LayoutNGBlockFlow (anonymous) at (4,0) size 30x32
        LayoutText {#text} at (0,8) size 30x15
          text run at (0,8) width 30: "/ 0:07"
    LayoutSlider {INPUT} at (108,2) size 93.06x28
      LayoutFlexibleBox {DIV} at (0,14) size 93.06x0
    LayoutButton {INPUT} at (219.06,0) size 32x32
    LayoutSlider {INPUT} at (269.06,2) size 32.94x28
      LayoutFlexibleBox {DIV} at (0,14) size 32.94x0
layer at (98,232) size 129x0
  LayoutBlockFlow (relative positioned) {DIV} at (-18,0) size 129.06x0
layer at (116,231) size 93x2
  LayoutBlockFlow (positioned) {DIV} at (18,-1) size 93.06x2 [bgcolor=#DADADA]
layer at (259,232) size 69x0
  LayoutBlockFlow (relative positioned) {DIV} at (-18,0) size 68.94x0
layer at (277,231) size 33x2
  LayoutBlockFlow (positioned) {DIV} at (18,-1) size 32.94x2 [bgcolor=#DADADA]
layer at (116,231) size 93x2
  LayoutBlockFlow (positioned) zI: 1 {DIV} at (0,0) size 93x2 [bgcolor=#5A5A5A]
layer at (116,231) size 0x2
  LayoutBlockFlow (positioned) zI: 1 {DIV} at (0,0) size 0x2 [bgcolor=#4285F4]
layer at (277,231) size 0x2
  LayoutBlockFlow (positioned) zI: 1 {DIV} at (0,0) size 0x2 [bgcolor=#5A5A5A]
layer at (277,231) size 33x2
  LayoutBlockFlow (positioned) zI: 1 {DIV} at (0,0) size 33x2 [bgcolor=#4285F4]
layer at (98,208) size 36x48 backgroundClip at (8,216) size 320x32 clip at (8,216) size 320x32
  LayoutBlockFlow (positioned) zI: 2 {DIV} at (0,-24) size 36x48
layer at (292,208) size 36x48 backgroundClip at (8,216) size 320x32 clip at (8,216) size 320x32
  LayoutBlockFlow (positioned) zI: 2 {DIV} at (32.94,-24) size 36x48
