layer at (0,0) size 800x600 clip at (0,0) size 785x600 scrollHeight 622
  LayoutView at (0,0) size 800x600
layer at (0,0) size 785x622 backgroundClip at (0,0) size 785x600 clip at (0,0) size 785x600
  LayoutNGBlockFlow {HTML} at (0,0) size 785x622
    LayoutNGBlockFlow {BODY} at (8,8) size 769x606
      LayoutText {#text} at (0,0) size 0x0
      LayoutBR {BR} at (326,141) size 0x0
      LayoutText {#text} at (82,255) size 4x19
        text run at (82,255) width 4: " "
      LayoutText {#text} at (0,0) size 0x0
      LayoutBR {BR} at (168,255) size 0x0
      LayoutText {#text} at (56,586) size 4x19
        text run at (56,586) width 4: " "
      LayoutText {#text} at (386,586) size 4x19
        text run at (386,586) width 4: " "
      LayoutText {#text} at (0,0) size 0x0
      LayoutBR {BR} at (716,586) size 0x0
layer at (8,8) size 326x156
  LayoutVideo {VIDEO} at (0,0) size 326x156 [bgcolor=#EE00EE] [border: (3px solid #FF0000)]
layer at (8,169) size 82x109
  LayoutVideo {VIDEO} at (0,161) size 82x109 [bgcolor=#EE00EE] [border: (3px solid #FF0000)]
layer at (94,169) size 82x109
  LayoutVideo {VIDEO} at (86,161) size 82x109 [bgcolor=#EE00EE] [border: (3px solid #FF0000)]
layer at (8,283) size 56x326 backgroundClip at (0,0) size 785x600 clip at (0,0) size 785x600
  LayoutVideo {VIDEO} at (0,275) size 56x326 [bgcolor=#EE00EE] [border: (3px solid #FF0000)]
layer at (68,363) size 326x246 backgroundClip at (0,0) size 785x600 clip at (0,0) size 785x600
  LayoutVideo {VIDEO} at (60,355) size 326x246 [bgcolor=#EE00EE] [border: (3px solid #FF0000)]
layer at (398,553) size 326x56 backgroundClip at (0,0) size 785x600 clip at (0,0) size 785x600
  LayoutVideo {VIDEO} at (390,545) size 326x56 [bgcolor=#EE00EE] [border: (3px solid #FF0000)]
layer at (11,11) size 320x150
  LayoutFlexibleBox (relative positioned) {DIV} at (3,3) size 320x150
    LayoutFlexibleBox {DIV} at (0,0) size 320x150
layer at (11,11) size 320x150
  LayoutNGBlockFlow (positioned) {DIV} at (0,0) size 320x150
layer at (11,172) size 76x103
  LayoutFlexibleBox (relative positioned) {DIV} at (3,3) size 76x103
    LayoutFlexibleBox {DIV} at (0,0) size 76x103
layer at (11,172) size 76x103
  LayoutNGBlockFlow (positioned) {DIV} at (0,0) size 76x103
layer at (97,172) size 76x103
  LayoutFlexibleBox (relative positioned) {DIV} at (3,3) size 76x103
    LayoutFlexibleBox {DIV} at (0,0) size 76x103
layer at (97,172) size 76x103
  LayoutNGBlockFlow (positioned) {DIV} at (0,0) size 76x103
layer at (11,286) size 50x320 backgroundClip at (0,0) size 785x600 clip at (0,0) size 785x600
  LayoutFlexibleBox (relative positioned) {DIV} at (3,3) size 50x320
    LayoutFlexibleBox {DIV} at (0,0) size 50x320
layer at (11,286) size 50x320 backgroundClip at (0,0) size 785x600 clip at (0,0) size 785x600
  LayoutNGBlockFlow (positioned) {DIV} at (0,0) size 50x320
layer at (71,366) size 320x240 backgroundClip at (0,0) size 785x600 clip at (0,0) size 785x600
  LayoutFlexibleBox (relative positioned) {DIV} at (3,3) size 320x240
    LayoutFlexibleBox {DIV} at (0,0) size 320x240
layer at (71,366) size 320x240 backgroundClip at (0,0) size 785x600 clip at (0,0) size 785x600
  LayoutNGBlockFlow (positioned) {DIV} at (0,0) size 320x240
layer at (401,556) size 320x50 backgroundClip at (0,0) size 785x600 clip at (0,0) size 785x600
  LayoutFlexibleBox (relative positioned) {DIV} at (3,3) size 320x50
    LayoutFlexibleBox {DIV} at (0,0) size 320x50
layer at (401,556) size 320x50 backgroundClip at (0,0) size 785x600 clip at (0,0) size 785x600
  LayoutNGBlockFlow (positioned) {DIV} at (0,0) size 320x50
