layer at (0,0) size 800x600
  LayoutView at (0,0) size 800x600
layer at (0,0) size 800x600
  LayoutNGBlockFlow {HTML} at (0,0) size 800x600
    LayoutNGBlockFlow {BODY} at (8,8) size 784x584
      LayoutText {#text} at (0,0) size 492x19
        text run at (0,0) width 492: "This tests that toggling the display property won't make the controls disappear."
      LayoutBR {BR} at (492,0) size 0x0
      LayoutText {#text} at (0,0) size 0x0
layer at (8,28) size 320x240
  LayoutVideo {VIDEO} at (0,20) size 320x240
layer at (8,28) size 320x240
  LayoutFlexibleBox (relative positioned) {DIV} at (0,0) size 320x240
    LayoutNGBlockFlow {DIV} at (0,208) size 320x32
layer at (8,28) size 320x198
  LayoutFlexibleBox (relative positioned) {DIV} at (0,0) size 320x198
layer at (8,236) size 320x32 scrollHeight 40
  LayoutFlexibleBox (relative positioned) {DIV} at (0,0) size 320x32 [bgcolor=#FAFAFA]
    LayoutButton {INPUT} at (0,0) size 32x32
    LayoutFlexibleBox {DIV} at (32,0) size 24x32 [color=#5A5A5A]
      LayoutNGBlockFlow (anonymous) at (0,0) size 24x32
        LayoutText {#text} at (0,8) size 24x15
          text run at (0,8) width 24: "0:00"
    LayoutFlexibleBox {DIV} at (56,0) size 34x32 [color=#5A5A5A]
      LayoutNGBlockFlow (anonymous) at (4,0) size 30x32
        LayoutText {#text} at (0,8) size 30x15
          text run at (0,8) width 30: "/ 0:06"
    LayoutSlider {INPUT} at (108,2) size 69x28
      LayoutFlexibleBox {DIV} at (0,14) size 69x0
    LayoutButton {INPUT} at (195,0) size 32x32
    LayoutSlider {INPUT} at (245,2) size 25x28
      LayoutFlexibleBox {DIV} at (0,14) size 25x0
layer at (296,236) size 32x32
  LayoutButton {INPUT} at (288,0) size 32x32
layer at (98,252) size 105x0
  LayoutBlockFlow (relative positioned) {DIV} at (-18,0) size 105x0
layer at (116,251) size 69x2
  LayoutBlockFlow (positioned) {DIV} at (18,-1) size 69x2 [bgcolor=#DADADA]
layer at (235,252) size 61x0
  LayoutBlockFlow (relative positioned) {DIV} at (-18,0) size 61x0
layer at (253,251) size 25x2
  LayoutBlockFlow (positioned) {DIV} at (18,-1) size 25x2 [bgcolor=#DADADA]
layer at (116,251) size 69x2
  LayoutBlockFlow (positioned) zI: 1 {DIV} at (0,0) size 69x2 [bgcolor=#5A5A5A]
layer at (116,251) size 0x2
  LayoutBlockFlow (positioned) zI: 1 {DIV} at (0,0) size 0x2 [bgcolor=#4285F4]
layer at (253,251) size 0x2
  LayoutBlockFlow (positioned) zI: 1 {DIV} at (0,0) size 0x2 [bgcolor=#5A5A5A]
layer at (253,251) size 25x2
  LayoutBlockFlow (positioned) zI: 1 {DIV} at (0,0) size 25x2 [bgcolor=#4285F4]
layer at (98,228) size 36x48 backgroundClip at (8,236) size 320x32 clip at (8,236) size 320x32
  LayoutBlockFlow (positioned) zI: 2 {DIV} at (0,-24) size 36x48
layer at (260,228) size 36x48 backgroundClip at (8,236) size 320x32 clip at (8,236) size 320x32
  LayoutBlockFlow (positioned) zI: 2 {DIV} at (25,-24) size 36x48
