layer at (0,0) size 800x600
  LayoutView at (0,0) size 800x600
layer at (0,0) size 800x355
  LayoutNGBlockFlow {HTML} at (0,0) size 800x355
    LayoutNGBlockFlow {BODY} at (8,16) size 784x331
      LayoutNGBlockFlow {P} at (0,0) size 784x40
        LayoutText {#text} at (0,0) size 51x19
          text run at (0,0) width 51: "Test for "
        LayoutInline {A} at (0,0) size 305x19 [color=#0000EE]
          LayoutText {#text} at (51,0) size 305x19
            text run at (51,0) width 305: "https://bugs.webkit.org/show_bug.cgi?id=34966"
        LayoutText {#text} at (356,0) size 4x19
          text run at (356,0) width 4: "."
        LayoutBR {BR} at (360,0) size 0x0
        LayoutText {#text} at (0,20) size 203x19
          text run at (0,20) width 203: "You should see the video below."
      LayoutNGBlockFlow (anonymous) at (0,56) size 784x275
        LayoutText {#text} at (0,0) size 0x0
layer at (8,72) size 480x270
  LayoutVideo {VIDEO} at (0,0) size 480x270
layer at (8,72) size 480x270
  LayoutFlexibleBox (relative positioned) {DIV} at (0,0) size 480x270
    LayoutNGBlockFlow {DIV} at (0,238) size 480x32
layer at (8,72) size 480x228
  LayoutFlexibleBox (relative positioned) {DIV} at (0,0) size 480x228
