layer at (0,0) size 800x600
  LayoutView at (0,0) size 800x600
layer at (0,0) size 800x600
  LayoutBlockFlow {HTML} at (0,0) size 800x600
    LayoutBlockFlow {BODY} at (8,8) size 784x584
      LayoutBlockFlow {FORM} at (0,0) size 784x22
        LayoutMenuList {SELECT} at (0,1) size 88x20 [bgcolor=#C0C0C0] [border: (1px solid #A9A9A9)]
          LayoutBlockFlow (anonymous) at (1,1) size 86x18
            LayoutText (anonymous) at (4,1) size 66x16
              text run at (4,1) width 66: "append cell"
        LayoutText {#text} at (88,1) size 52x19
          text run at (88,1) width 52: "   tbody "
        LayoutTextControl {INPUT} at (140,0) size 64x22 [bgcolor=#FFFFFF] [border: (2px inset #EEEEEE)]
        LayoutText {#text} at (204,1) size 41x19
          text run at (204,1) width 41: "   row "
        LayoutTextControl {INPUT} at (245,0) size 64x22 [bgcolor=#FFFFFF] [border: (2px inset #EEEEEE)]
        LayoutText {#text} at (309,1) size 35x19
          text run at (309,1) width 35: "   col "
        LayoutTextControl {INPUT} at (344,0) size 64x22 [bgcolor=#FFFFFF] [border: (2px inset #EEEEEE)]
        LayoutText {#text} at (408,1) size 74x19
          text run at (408,1) width 74: "   row span "
        LayoutTextControl {INPUT} at (482,0) size 64x22 [bgcolor=#FFFFFF] [border: (2px inset #EEEEEE)]
        LayoutText {#text} at (546,1) size 68x19
          text run at (546,1) width 68: "   col span "
        LayoutTextControl {INPUT} at (614,0) size 64x22 [bgcolor=#FFFFFF] [border: (2px inset #EEEEEE)]
        LayoutText {#text} at (678,1) size 20x19
          text run at (678,1) width 20: "     "
        LayoutButton {INPUT} at (698,0) size 44x22 [bgcolor=#C0C0C0] [border: (2px outset #C0C0C0)]
          LayoutBlockFlow (anonymous) at (8,3) size 28x16
            LayoutText {#text} at (0,0) size 28x16
              text run at (0,0) width 28: "Do It"
        LayoutText {#text} at (0,0) size 0x0
      LayoutBlockFlow (anonymous) at (0,38) size 784x20
        LayoutBR {BR} at (0,0) size 0x19
      LayoutTable {TABLE} at (0,58) size 62x56 [bgcolor=#FFA500] [border: (1px outset #808080)]
        LayoutTableSection {TBODY} at (1,1) size 60x54
          LayoutTableRow {TR} at (0,2) size 60x24
            LayoutTableCell {TD} at (2,2) size 27x24 [border: (1px inset #808080)] [r=0 c=0 rs=1 cs=1]
              LayoutText {#text} at (2,2) size 23x19
                text run at (2,2) width 23: "c11"
          LayoutTableRow {TR} at (0,28) size 60x24
            LayoutTableCell {TD} at (2,28) size 27x24 [border: (1px inset #808080)] [r=1 c=0 rs=1 cs=1]
              LayoutText {#text} at (2,2) size 23x19
                text run at (2,2) width 23: "c21"
            LayoutTableCell {TD} at (31,28) size 27x24 [border: (1px inset #808080)] [r=1 c=1 rs=1 cs=1]
              LayoutText {#text} at (2,2) size 23x19
                text run at (2,2) width 23: "c22"
      LayoutBlockFlow (anonymous) at (0,114) size 784x20
        LayoutBR {BR} at (0,0) size 0x19
layer at (150,11) size 60x16
  LayoutBlockFlow {DIV} at (2,3) size 60x16
    LayoutText {#text} at (0,0) size 7x16
      text run at (0,0) width 7: "0"
layer at (255,11) size 60x16
  LayoutBlockFlow {DIV} at (2,3) size 60x16
    LayoutText {#text} at (0,0) size 7x16
      text run at (0,0) width 7: "0"
layer at (354,11) size 60x16
  LayoutBlockFlow {DIV} at (2,3) size 60x16
    LayoutText {#text} at (0,0) size 7x16
      text run at (0,0) width 7: "0"
layer at (492,11) size 60x16
  LayoutBlockFlow {DIV} at (2,3) size 60x16
    LayoutText {#text} at (0,0) size 7x16
      text run at (0,0) width 7: "1"
layer at (624,11) size 60x16
  LayoutBlockFlow {DIV} at (2,3) size 60x16
    LayoutText {#text} at (0,0) size 7x16
      text run at (0,0) width 7: "1"
