layer at (0,0) size 1600x1200
  LayoutView at (0,0) size 1600x1200
layer at (0,0) size 1600x116
  LayoutBlockFlow {HTML} at (0,0) size 1600x116
    LayoutBlockFlow {BODY} at (16,16) size 1568x84
      LayoutBlockFlow {DIV} at (0,0) size 1568x20
        LayoutText {#text} at (0,0) size 60x20
          text run at (0,0) width 60: "XXX"
      LayoutBlockFlow (anonymous) at (0,20) size 1568x64
        LayoutBR {BR} at (0,0) size 0x20
        LayoutBR {BR} at (0,20) size 0x20
        LayoutBlockFlow {DIV} at (0,40) size 64x24 [border: (2px solid #000000)]
          LayoutText {#text} at (2,2) size 60x20
            text run at (2,2) width 60: "XXX"
        LayoutText {#text} at (64,42) size 20x20
          text run at (64,42) width 20: " "
        LayoutBlockFlow {DIV} at (84,40) size 64x24 [border: (2px solid #000000)]
          LayoutText {#text} at (2,2) size 60x20
            text run at (2,2) width 60: "XXX"
        LayoutText {#text} at (0,0) size 0x0
