EDITING DELEGATE: webViewDidChangeSelection:WebViewDidChangeSelectionNotification
layer at (0,0) size 1200x900
  LayoutView at (0,0) size 1200x900
layer at (0,0) size 1200x900
  LayoutNGBlockFlow {HTML} at (0,0) size 1200x900
    LayoutNGBlockFlow {BODY} at (12,12) size 1176x876
      LayoutNGBlockFlow {P} at (0,0) size 1176x27
        LayoutText {#text} at (0,0) size 283x26
          text run at (0,0) width 283: "Only 'bar' should be selected."
      LayoutNGBlockFlow {DIV} at (0,51) size 78x57 [border: (1.50px solid #000000)]
        LayoutText {#text} at (1,1) size 73x54
          text run at (1,1) width 70: "foo bar"
          text run at (1,28) width 73: "baz foo"
selection start: position 4 of child 0 {#text} of child 2 {DIV} of body
selection end:   position 7 of child 0 {#text} of child 2 {DIV} of body
