layer at (0,0) size 800x600
  LayoutView at (0,0) size 800x600
layer at (0,0) size 800x600
  LayoutBlockFlow {HTML} at (0,0) size 800x600
    LayoutBlockFlow {BODY} at (8,8) size 784x584
      LayoutBlockFlow {DIV} at (0,0) size 784x0
layer at (250,562) size 297x28
  LayoutBlockFlow (positioned) {FONT} at (250,562) size 297x28
    LayoutText {#text} at (0,0) size 297x27
      text run at (0,0) width 297: "Hello World, And Stuff!"
