layer at (0,0) size 800x600 scrollWidth 900
  LayoutView at (0,0) size 800x600
layer at (0,0) size 800x600
  LayoutBlockFlow {HTML} at (0,0) size 800x600
    LayoutBlockFlow {BODY} at (8,8) size 800x584
      LayoutBlockFlow {DIV} at (0,0) size 800x0
      LayoutBlockFlow {DIV} at (0,0) size 800x0
      LayoutBlockFlow {DIV} at (0,0) size 800x0
      LayoutBlockFlow {DIV} at (0,0) size 800x0
      LayoutBlockFlow {DIV} at (0,0) size 800x0
      LayoutBlockFlow {DIV} at (0,0) size 800x0
      LayoutBlockFlow {DIV} at (0,0) size 800x0
      LayoutBlockFlow {DIV} at (0,0) size 800x0
layer at (166,562) size 242x28
  LayoutBlockFlow (positioned) {FONT} at (166.44,562) size 241.56x28
    LayoutText {#text} at (0,0) size 242x27
      text run at (0,0) width 242: "RTL-Center-Aligned"
layer at (-84,466) size 92x84 backgroundClip at (0,0) size 800x600 clip at (0,0) size 800x600
  LayoutBlockFlow (positioned) {FONT} at (-84,466) size 92x84
    LayoutText {#text} at (0,0) size 92x83
      text run at (0,0) width 60: "RTL-"
      text run at (0,28) width 61: "Left-"
      text run at (0,56) width 92: "Aligned"
layer at (582,472) size 226x28 backgroundClip at (0,0) size 800x600 clip at (0,0) size 800x600
  LayoutBlockFlow (positioned) {FONT} at (582.44,472) size 225.56x28
    LayoutText {#text} at (0,0) size 226x27
      text run at (0,0) width 226: "RTL-Right-Aligned"
layer at (613,422) size 195x28 backgroundClip at (0,0) size 800x600 clip at (0,0) size 800x600
  LayoutBlockFlow (positioned) {FONT} at (613.44,422) size 194.56x28
    LayoutText {#text} at (0,0) size 195x27
      text run at (0,0) width 195: "RTL-No-Aligned"
layer at (408,372) size 241x28
  LayoutBlockFlow (positioned) {FONT} at (408,372) size 240.80x28
    LayoutText {#text} at (0,0) size 241x27
      text run at (0,0) width 241: "LTR-Center-Aligned"
layer at (8,322) size 212x28
  LayoutBlockFlow (positioned) {FONT} at (8,322) size 211.80x28
    LayoutText {#text} at (0,0) size 212x27
      text run at (0,0) width 212: "LTR-Left-Aligned"
layer at (808,216) size 92x84 backgroundClip at (0,0) size 800x600 clip at (0,0) size 800x600
  LayoutBlockFlow (positioned) {FONT} at (808,216) size 92x84
    LayoutText {#text} at (33,0) size 92x83
      text run at (33,0) width 59: "LTR-"
      text run at (18,28) width 74: "Right-"
      text run at (0,56) width 92: "Aligned"
layer at (8,222) size 194x28
  LayoutBlockFlow (positioned) {FONT} at (8,222) size 193.80x28
    LayoutText {#text} at (0,0) size 194x27
      text run at (0,0) width 194: "LTR-No-Aligned"
