layer at (0,0) size 800x600
  LayoutView at (0,0) size 800x600
layer at (0,0) size 800x600
  LayoutBlockFlow {HTML} at (0,0) size 800x600
    LayoutBlockFlow {BODY} at (8,8) size 784x584
      LayoutBlockFlow {P} at (0,0) size 784x18
        LayoutText {#text} at (0,0) size 317x18
          text run at (0,0) width 317: "The controls should not depend on preload value."
      LayoutBlockFlow (anonymous) at (0,34) size 784x240
        LayoutText {#text} at (0,0) size 0x0
layer at (8,42) size 320x240
  LayoutVideo {VIDEO} at (0,0) size 320x240
layer at (8,42) size 320x240
  LayoutFlexibleBox (relative positioned) {DIV} at (0,0) size 320x240
    LayoutBlockFlow {DIV} at (0,208) size 320x32
layer at (8,42) size 320x198
  LayoutFlexibleBox (relative positioned) {DIV} at (0,0) size 320x198
layer at (8,250) size 320x32 scrollHeight 40
  LayoutFlexibleBox (relative positioned) {DIV} at (0,0) size 320x32 [bgcolor=#FAFAFA]
    LayoutButton {INPUT} at (0,0) size 32x32
    LayoutFlexibleBox {DIV} at (32,0) size 23.36x32 [color=#5A5A5A]
      LayoutBlockFlow (anonymous) at (0,0) size 23.36x32
        LayoutText {#text} at (0,9) size 24x14
          text run at (0,9) width 24: "0:00"
    LayoutFlexibleBox {DIV} at (55.36,0) size 34.69x32 [color=#5A5A5A]
      LayoutBlockFlow (anonymous) at (4,0) size 30.69x32
        LayoutText {#text} at (0,9) size 31x14
          text run at (0,9) width 31: "/ 0:06"
    LayoutSlider {INPUT} at (108.05,2) size 68.95x28
      LayoutFlexibleBox {DIV} at (0,14) size 68.95x0
    LayoutButton {INPUT} at (195,0) size 32x32
    LayoutSlider {INPUT} at (245,2) size 25x28
      LayoutFlexibleBox {DIV} at (0,14) size 25x0
layer at (296,250) size 32x32
  LayoutButton {INPUT} at (288,0) size 32x32
layer at (98,266) size 105x0
  LayoutBlockFlow (relative positioned) {DIV} at (-18,0) size 104.95x0
layer at (116,265) size 69x2
  LayoutBlockFlow (positioned) {DIV} at (18,-1) size 68.95x2 [bgcolor=#DADADA]
layer at (235,266) size 61x0
  LayoutBlockFlow (relative positioned) {DIV} at (-18,0) size 61x0
layer at (253,265) size 25x2
  LayoutBlockFlow (positioned) {DIV} at (18,-1) size 25x2 [bgcolor=#DADADA]
layer at (116,265) size 69x2
  LayoutBlockFlow (positioned) zI: 1 {DIV} at (0,0) size 69x2 [bgcolor=#5A5A5A]
layer at (116,265) size 0x2
  LayoutBlockFlow (positioned) zI: 1 {DIV} at (0,0) size 0x2 [bgcolor=#4285F4]
layer at (253,265) size 0x2
  LayoutBlockFlow (positioned) zI: 1 {DIV} at (0,0) size 0x2 [bgcolor=#5A5A5A]
layer at (253,265) size 25x2
  LayoutBlockFlow (positioned) zI: 1 {DIV} at (0,0) size 25x2 [bgcolor=#4285F4]
layer at (98,242) size 36x48 backgroundClip at (8,250) size 320x32 clip at (8,250) size 320x32
  LayoutBlockFlow (positioned) zI: 2 {DIV} at (0,-24) size 36x48
layer at (260,242) size 36x48 backgroundClip at (8,250) size 320x32 clip at (8,250) size 320x32
  LayoutBlockFlow (positioned) zI: 2 {DIV} at (25,-24) size 36x48
