layer at (0,0) size 800x600
  LayoutView at (0,0) size 800x600
layer at (0,0) size 800x302
  LayoutBlockFlow {HTML} at (0,0) size 800x302
    LayoutBlockFlow {BODY} at (8,16) size 784x278
      LayoutBlockFlow {P} at (0,0) size 784x18
        LayoutText {#text} at (0,0) size 475x18
          text run at (0,0) width 475: "The look of the controls should not change when styled under strict mode."
      LayoutBlockFlow (anonymous) at (0,34) size 784x244
        LayoutText {#text} at (320,226) size 4x18
          text run at (320,226) width 4: " "
        LayoutText {#text} at (0,0) size 0x0
layer at (8,50) size 320x240
  LayoutVideo {VIDEO} at (0,0) size 320x240 [color=#FF0000]
layer at (332,50) size 320x240
  LayoutVideo {VIDEO} at (324,0) size 320x240
layer at (8,50) size 320x240
  LayoutFlexibleBox (relative positioned) {DIV} at (0,0) size 320x240 [color=#000000]
    LayoutBlockFlow {DIV} at (160,0) size 0x0
    LayoutFlexibleBox {DIV} at (0,0) size 320x240
layer at (8,50) size 320x240
  LayoutFlexibleBox {DIV} at (0,0) size 320x240
    LayoutSlider {INPUT} at (0,214) size 320x26 [color=#909090]
      LayoutFlexibleBox {DIV} at (16,5) size 288x4
layer at (8,50) size 320x222 clip at (9,51) size 318x220
  LayoutButton (relative positioned) {INPUT} at (0,0) size 320x222 [border: (1px solid #D8D8D8) (1px solid #D1D1D1) (1px solid #BABABA) (1px solid #D1D1D1)]
    LayoutFlexibleBox (anonymous) at (8,82.50) size 304x56
      LayoutBlockFlow {DIV} at (124,0) size 56x56 [bgcolor=#FFFFFFE6]
layer at (8,232) size 320x32
  LayoutFlexibleBox (relative positioned) {DIV} at (0,182) size 320x32
    LayoutBlockFlow {DIV} at (16,2) size 27.25x30 [color=#FFFFFF]
      LayoutText {#text} at (0,7) size 28x16
        text run at (0,7) width 28: "0:00"
    LayoutBlockFlow {DIV} at (47.25,2) size 35.03x30 [color=#FFFFFF]
      LayoutText {#text} at (0,7) size 36x16
        text run at (0,7) width 36: "/ 0:06"
    LayoutBlockFlow {DIV} at (82.28,32) size 163.72x0
    LayoutButton {INPUT} at (246,0) size 32x32
    LayoutButton {INPUT} at (278,0) size 32x32
layer at (24,269) size 288x4
  LayoutBlockFlow (relative positioned) {DIV} at (0,0) size 288x4 [bgcolor=#FFFFFF4D]
layer at (24,265) size 12x12
  LayoutBlockFlow (relative positioned) {DIV} at (0,-4) size 12x12 [bgcolor=#FFFFFF]
layer at (24,269) size 288x4
  LayoutBlockFlow (positioned) {DIV} at (0,0) size 288x4
layer at (24,269) size 0x4
  LayoutBlockFlow (positioned) {DIV} at (0,0) size 0x4 [bgcolor=#FFFFFF]
layer at (24,269) size 288x4
  LayoutBlockFlow (positioned) {DIV} at (0,0) size 288x4 [bgcolor=#FFFFFF8A]
layer at (332,50) size 320x240
  LayoutFlexibleBox (relative positioned) {DIV} at (0,0) size 320x240
    LayoutBlockFlow {DIV} at (160,0) size 0x0
    LayoutFlexibleBox {DIV} at (0,0) size 320x240
layer at (332,50) size 320x240
  LayoutFlexibleBox {DIV} at (0,0) size 320x240
    LayoutSlider {INPUT} at (0,214) size 320x26 [color=#909090]
      LayoutFlexibleBox {DIV} at (16,5) size 288x4
layer at (332,50) size 320x222 clip at (333,51) size 318x220
  LayoutButton (relative positioned) {INPUT} at (0,0) size 320x222 [border: (1px solid #D8D8D8) (1px solid #D1D1D1) (1px solid #BABABA) (1px solid #D1D1D1)]
    LayoutFlexibleBox (anonymous) at (8,82.50) size 304x56
      LayoutBlockFlow {DIV} at (124,0) size 56x56 [bgcolor=#FFFFFFE6]
layer at (332,232) size 320x32
  LayoutFlexibleBox (relative positioned) {DIV} at (0,182) size 320x32
    LayoutBlockFlow {DIV} at (16,2) size 27.25x30 [color=#FFFFFF]
      LayoutText {#text} at (0,7) size 28x16
        text run at (0,7) width 28: "0:00"
    LayoutBlockFlow {DIV} at (47.25,2) size 35.03x30 [color=#FFFFFF]
      LayoutText {#text} at (0,7) size 36x16
        text run at (0,7) width 36: "/ 0:06"
    LayoutBlockFlow {DIV} at (82.28,32) size 163.72x0
    LayoutButton {INPUT} at (246,0) size 32x32
    LayoutButton {INPUT} at (278,0) size 32x32
layer at (348,269) size 288x4
  LayoutBlockFlow (relative positioned) {DIV} at (0,0) size 288x4 [bgcolor=#FFFFFF4D]
layer at (348,265) size 12x12
  LayoutBlockFlow (relative positioned) {DIV} at (0,-4) size 12x12 [bgcolor=#FFFFFF]
layer at (348,269) size 288x4
  LayoutBlockFlow (positioned) {DIV} at (0,0) size 288x4
layer at (348,269) size 0x4
  LayoutBlockFlow (positioned) {DIV} at (0,0) size 0x4 [bgcolor=#FFFFFF]
layer at (348,269) size 288x4
  LayoutBlockFlow (positioned) {DIV} at (0,0) size 288x4 [bgcolor=#FFFFFF8A]
