layer at (0,0) size 800x600
  LayoutView at (0,0) size 800x600
layer at (0,0) size 800x600
  LayoutBlockFlow {HTML} at (0,0) size 800x600
    LayoutBlockFlow {BODY} at (8,8) size 784x584
      LayoutBlockFlow {P} at (0,0) size 784x18
        LayoutText {#text} at (0,0) size 419x18
          text run at (0,0) width 419: "Movie with no audio track. The volume button should not render."
      LayoutBlockFlow (anonymous) at (0,34) size 784x288
        LayoutText {#text} at (0,0) size 0x0
layer at (8,42) size 352x288
  LayoutVideo {VIDEO} at (0,0) size 352x288
layer at (8,42) size 352x288
  LayoutFlexibleBox (relative positioned) {DIV} at (0,0) size 352x288
    LayoutFlexibleBox {DIV} at (0,0) size 352x288
layer at (8,42) size 352x288
  LayoutBlockFlow (positioned) {DIV} at (0,0) size 352x288
layer at (8,42) size 352x288
  LayoutFlexibleBox {DIV} at (0,0) size 352x288
layer at (128,118) size 112x112
  LayoutButton (positioned) {INPUT} at (120,76) size 112x112
    LayoutBlockFlow (anonymous) at (20,20) size 72x72
      LayoutBlockFlow {DIV} at (0,0) size 72x72 [bgcolor=#FFFFFFE6]
layer at (8,258) size 352x48
  LayoutFlexibleBox (relative positioned) {DIV} at (0,216) size 352x48
    LayoutBlockFlow {DIV} at (16,4) size 27.25x44 [color=#FFFFFF]
      LayoutText {#text} at (0,14) size 28x16
        text run at (0,14) width 28: "0:00"
    LayoutBlockFlow {DIV} at (47.25,4) size 35.03x44 [color=#FFFFFF]
      LayoutText {#text} at (0,14) size 36x16
        text run at (0,14) width 36: "/ 0:09"
    LayoutBlockFlow {DIV} at (82.28,48) size 173.72x0
    LayoutButton {INPUT} at (304,0) size 48x48
layer at (264,258) size 48x48 transparent
  LayoutButton {INPUT} at (256,0) size 48x48 [color=#7F7F7F]
layer at (8,306) size 352x24
  LayoutSlider {INPUT} at (0,264) size 352x24 [color=#909090]
    LayoutFlexibleBox {DIV} at (16,0) size 320x4
layer at (24,306) size 320x4
  LayoutBlockFlow (relative positioned) {DIV} at (0,0) size 320x4 [bgcolor=#FFFFFF4D]
layer at (24,302) size 12x12
  LayoutBlockFlow (relative positioned) {DIV} at (0,-4) size 12x12 [bgcolor=#FFFFFF]
layer at (24,306) size 320x4
  LayoutBlockFlow (positioned) {DIV} at (0,0) size 320x4
layer at (24,306) size 0x4
  LayoutBlockFlow (positioned) {DIV} at (0,0) size 0x4 [bgcolor=#FFFFFF]
layer at (24,306) size 320x4
  LayoutBlockFlow (positioned) {DIV} at (0,0) size 320x4 [bgcolor=#FFFFFF8A]
