layer at (0,0) size 800x600
  LayoutView at (0,0) size 800x600
layer at (0,0) size 800x600
  LayoutBlockFlow {HTML} at (0,0) size 800x600
    LayoutBlockFlow {BODY} at (12,12) size 776x543
      LayoutBlockFlow {P} at (0,0) size 776x28
        LayoutText {#text} at (0,0) size 278x28
          text run at (0,0) width 278: "Zoomed video with controls."
layer at (57,85) size 240x180
  LayoutVideo {VIDEO} at (45,73) size 240x180
layer at (57,85) size 240x180
  LayoutFlexibleBox (relative positioned) {DIV} at (0,0) size 240x180
    LayoutFlexibleBox {DIV} at (0,0) size 240x180
layer at (57,85) size 240x180
  LayoutBlockFlow (positioned) {DIV} at (0,0) size 240x180
layer at (57,85) size 240x180
  LayoutFlexibleBox {DIV} at (0,0) size 240x180
layer at (57,85) size 240x156 clip at (59,87) size 237x153
  LayoutButton (relative positioned) {INPUT} at (0,0) size 240x156 [border: (1.50px solid #D8D8D8) (1.50px solid #D1D1D1) (1.50px solid #BABABA) (1.50px solid #D1D1D1)]
    LayoutFlexibleBox (anonymous) at (12,41.25) size 216x72
      LayoutBlockFlow {DIV} at (72,0) size 72x72 [bgcolor=#FFFFFFE6]
layer at (57,169) size 240x72 scrollWidth 267
  LayoutFlexibleBox (relative positioned) {DIV} at (0,84) size 240x72
    LayoutBlockFlow {DIV} at (24,0) size 46.72x72 [color=#FFFFFF]
      LayoutText {#text} at (0,22) size 47x28
        text run at (0,22) width 47: "0:00"
    LayoutBlockFlow {DIV} at (76.72,-72) size 46.72x144 [color=#FFFFFF]
      LayoutText {#text} at (0,22) size 47x100
        text run at (0,22) width 7: "/"
        text run at (0,94) width 47: "0:06"
    LayoutBlockFlow {DIV} at (123.44,72) size 0x0
    LayoutButton {INPUT} at (123.44,0) size 72x72
    LayoutButton {INPUT} at (195.44,0) size 72x72
layer at (57,241) size 240x24
  LayoutSlider {INPUT} at (0,156) size 240x24 [color=#909090]
    LayoutFlexibleBox {DIV} at (24,0) size 192x6
layer at (81,241) size 192x6
  LayoutBlockFlow (relative positioned) {DIV} at (0,0) size 192x6 [bgcolor=#FFFFFF4D]
layer at (81,235) size 18x18
  LayoutBlockFlow (relative positioned) {DIV} at (0,-6) size 18x18 [bgcolor=#FFFFFF]
layer at (81,241) size 192x6 scrollWidth 288
  LayoutBlockFlow (positioned) {DIV} at (0,0) size 192x6
layer at (81,241) size 0x6
  LayoutBlockFlow (positioned) {DIV} at (0,0) size 0x6 [bgcolor=#FFFFFF]
layer at (81,241) size 288x6 backgroundClip at (81,241) size 192x6 clip at (81,241) size 192x6
  LayoutBlockFlow (positioned) {DIV} at (0,0) size 288x6 [bgcolor=#FFFFFF8A]
layer at (57,310) size 240x180
  LayoutVideo {VIDEO} at (45,298) size 240x180
layer at (43,291) size 268x218
  LayoutFlexibleBox (relative positioned) {DIV} at (0,0) size 240x180
    LayoutFlexibleBox {DIV} at (0,0) size 240x180
layer at (43,291) size 268x218
  LayoutBlockFlow (positioned) {DIV} at (0,0) size 240x180
layer at (43,291) size 268x218 clip at (43,291) size 240x180
  LayoutFlexibleBox {DIV} at (0,0) size 240x180
layer at (47,291) size 264x195 clip at (49,292) size 237x153
  LayoutButton (relative positioned) {INPUT} at (0,0) size 240x156 [border: (1.50px solid #D8D8D8) (1.50px solid #D1D1D1) (1.50px solid #BABABA) (1.50px solid #D1D1D1)]
    LayoutFlexibleBox (anonymous) at (12,41.25) size 216x72
      LayoutBlockFlow {DIV} at (72,0) size 72x72 [bgcolor=#FFFFFFE6]
layer at (47,373) size 249x113 clip at (47,373) size 240x72 scrollWidth 267
  LayoutFlexibleBox (relative positioned) {DIV} at (0,84) size 240x72
    LayoutBlockFlow {DIV} at (24,0) size 46.72x72 [color=#FFFFFF]
      LayoutText {#text} at (0,22) size 47x28
        text run at (0,22) width 47: "0:00"
    LayoutBlockFlow {DIV} at (76.72,-72) size 46.72x144 [color=#FFFFFF]
      LayoutText {#text} at (0,22) size 47x100
        text run at (0,22) width 7: "/"
        text run at (0,94) width 47: "0:06"
    LayoutBlockFlow {DIV} at (123.44,72) size 0x0
    LayoutButton {INPUT} at (123.44,0) size 72x72
    LayoutButton {INPUT} at (195.44,0) size 72x72
layer at (43,444) size 241x65
  LayoutSlider {INPUT} at (0,156) size 240x24 [color=#909090]
    LayoutFlexibleBox {DIV} at (24,0) size 192x6
layer at (70,448) size 190x40
  LayoutBlockFlow (relative positioned) {DIV} at (0,0) size 192x6 [bgcolor=#FFFFFF4D]
layer at (69,442) size 21x21
  LayoutBlockFlow (relative positioned) {DIV} at (0,-6) size 18x18 [bgcolor=#FFFFFF]
layer at (70,448) size 190x40 clip at (70,448) size 190x6 scrollWidth 288
  LayoutBlockFlow (positioned) {DIV} at (0,0) size 192x6
layer at (70,448) size 1x6
  LayoutBlockFlow (positioned) {DIV} at (0,0) size 0x6 [bgcolor=#FFFFFF]
layer at (70,448) size 285x56 backgroundClip at (70,448) size 190x40 clip at (70,448) size 190x40
  LayoutBlockFlow (positioned) {DIV} at (0,0) size 288x6 [bgcolor=#FFFFFF8A]
