layer at (0,0) size 800x600
  LayoutView at (0,0) size 800x600
layer at (0,0) size 800x600
  LayoutBlockFlow {HTML} at (0,0) size 800x600
    LayoutBlockFlow {BODY} at (8,8) size 784x584
      LayoutBlockFlow {P} at (0,0) size 784x18
        LayoutText {#text} at (0,0) size 333x18
          text run at (0,0) width 333: "Test correct colorspace for yuv422, i.e. YU16 video"
      LayoutBlockFlow (anonymous) at (0,34) size 784x156
layer at (8,42) size 206x156
  LayoutVideo {VIDEO} at (0,0) size 206x156 [border: (3px solid #FF0000)]
layer at (11,45) size 200x150
  LayoutFlexibleBox (relative positioned) {DIV} at (3,3) size 200x150
    LayoutFlexibleBox {DIV} at (0,0) size 200x150
layer at (11,45) size 200x150
  LayoutBlockFlow (positioned) {DIV} at (0,0) size 200x150
