layer at (0,0) size 800x600
  LayoutView at (0,0) size 800x600
layer at (0,0) size 800x600
  LayoutBlockFlow {HTML} at (0,0) size 800x600
    LayoutBlockFlow {BODY} at (8,8) size 784x584
      LayoutBlockFlow {P} at (0,0) size 784x18
        LayoutText {#text} at (0,0) size 437x18
          text run at (0,0) width 437: "Slider drawing with no source. The controls should render correctly."
      LayoutBlockFlow (anonymous) at (0,34) size 784x152
        LayoutText {#text} at (0,0) size 0x0
layer at (8,42) size 302x152
  LayoutVideo {VIDEO} at (0,0) size 302x152 [border: (1px solid #000000)]
layer at (9,43) size 300x150
  LayoutFlexibleBox (relative positioned) {DIV} at (1,1) size 300x150 [bgcolor=#333333]
    LayoutBlockFlow {DIV} at (150,0) size 0x0
    LayoutFlexibleBox {DIV} at (0,0) size 300x150
layer at (9,43) size 300x150
  LayoutFlexibleBox {DIV} at (0,0) size 300x150
layer at (9,43) size 300x131 clip at (10,44) size 298x129
  LayoutButton (relative positioned) {INPUT} at (0,0) size 300x131 [border: (1px solid #D8D8D8) (1px solid #D1D1D1) (1px solid #BABABA) (1px solid #D1D1D1)]
    LayoutFlexibleBox (anonymous) at (8,37) size 284x56
layer at (131,80) size 56x56 transparent
  LayoutBlockFlow {DIV} at (114,0) size 56x56 [bgcolor=#FFFFFFE6]
layer at (9,113) size 300x48
  LayoutFlexibleBox (relative positioned) {DIV} at (0,70) size 300x48
    LayoutBlockFlow {DIV} at (16,0) size 27.25x48 [color=#FFFFFF]
      LayoutText {#text} at (0,16) size 28x16
        text run at (0,16) width 28: "0:00"
    LayoutBlockFlow {DIV} at (43.25,48) size 102.75x0
layer at (155,113) size 48x48 transparent
  LayoutButton {INPUT} at (146,0) size 48x48 [color=#7F7F7F]
layer at (203,113) size 48x48 transparent
  LayoutButton {INPUT} at (194,0) size 48x48 [color=#7F7F7F]
layer at (251,113) size 48x48 transparent
  LayoutButton {INPUT} at (242,0) size 48x48 [color=#7F7F7F]
layer at (9,161) size 300x32
  LayoutSlider {INPUT} at (0,118) size 300x32 [color=#909090]
    LayoutFlexibleBox {DIV} at (16,16) size 268x4
layer at (25,177) size 268x4
  LayoutBlockFlow (relative positioned) {DIV} at (0,0) size 268x4 [bgcolor=#FFFFFF4D]
layer at (25,177) size 268x4
  LayoutBlockFlow (positioned) {DIV} at (0,0) size 268x4
layer at (25,177) size 0x4
  LayoutBlockFlow (positioned) {DIV} at (0,0) size 0x4 [bgcolor=#FFFFFF]
layer at (25,177) size 0x4
  LayoutBlockFlow (positioned) {DIV} at (0,0) size 0x4 [bgcolor=#FFFFFF8A]
