layer at (0,0) size 800x600 clip at (0,0) size 785x600 scrollHeight 619
  LayoutView at (0,0) size 800x600
layer at (0,0) size 785x619 backgroundClip at (0,0) size 785x600 clip at (0,0) size 785x600
  LayoutBlockFlow {HTML} at (0,0) size 785x619
    LayoutBlockFlow {BODY} at (8,8) size 769x603
      LayoutText {#text} at (326,142) size 4x18
        text run at (326,142) width 4: " "
      LayoutBR {BR} at (0,0) size 0x0
      LayoutText {#text} at (82,255) size 4x18
        text run at (82,255) width 4: " "
      LayoutText {#text} at (168,255) size 4x18
        text run at (168,255) width 4: " "
      LayoutBR {BR} at (0,0) size 0x0
      LayoutText {#text} at (56,585) size 4x18
        text run at (56,585) width 4: " "
      LayoutText {#text} at (386,585) size 4x18
        text run at (386,585) width 4: " "
      LayoutText {#text} at (716,585) size 4x18
        text run at (716,585) width 4: " "
      LayoutBR {BR} at (0,0) size 0x0
layer at (8,8) size 326x156
  LayoutVideo {VIDEO} at (0,0) size 326x156 [bgcolor=#EE00EE] [border: (3px solid #FF0000)]
layer at (8,168) size 82x109
  LayoutVideo {VIDEO} at (0,160) size 82x109 [bgcolor=#EE00EE] [border: (3px solid #FF0000)]
layer at (94,168) size 82x109
  LayoutVideo {VIDEO} at (86,160) size 82x109 [bgcolor=#EE00EE] [border: (3px solid #FF0000)]
layer at (8,281) size 56x326 backgroundClip at (0,0) size 785x600 clip at (0,0) size 785x600
  LayoutVideo {VIDEO} at (0,273) size 56x326 [bgcolor=#EE00EE] [border: (3px solid #FF0000)]
layer at (68,361) size 326x246 backgroundClip at (0,0) size 785x600 clip at (0,0) size 785x600
  LayoutVideo {VIDEO} at (60,353) size 326x246 [bgcolor=#EE00EE] [border: (3px solid #FF0000)]
layer at (398,551) size 326x56 backgroundClip at (0,0) size 785x600 clip at (0,0) size 785x600
  LayoutVideo {VIDEO} at (390,543) size 326x56 [bgcolor=#EE00EE] [border: (3px solid #FF0000)]
layer at (11,11) size 320x150
  LayoutFlexibleBox (relative positioned) {DIV} at (3,3) size 320x150
    LayoutFlexibleBox {DIV} at (0,0) size 320x150
layer at (11,11) size 320x150
  LayoutBlockFlow (positioned) {DIV} at (0,0) size 320x150
layer at (11,171) size 76x103
  LayoutFlexibleBox (relative positioned) {DIV} at (3,3) size 76x103
    LayoutFlexibleBox {DIV} at (0,0) size 76x103
layer at (11,171) size 76x103
  LayoutBlockFlow (positioned) {DIV} at (0,0) size 76x103
layer at (97,171) size 76x103
  LayoutFlexibleBox (relative positioned) {DIV} at (3,3) size 76x103
    LayoutFlexibleBox {DIV} at (0,0) size 76x103
layer at (97,171) size 76x103
  LayoutBlockFlow (positioned) {DIV} at (0,0) size 76x103
layer at (11,284) size 50x320 backgroundClip at (11,284) size 50x316 clip at (11,284) size 50x316
  LayoutFlexibleBox (relative positioned) {DIV} at (3,3) size 50x320
    LayoutFlexibleBox {DIV} at (0,0) size 50x320
layer at (11,284) size 50x320 backgroundClip at (11,284) size 50x316 clip at (11,284) size 50x316
  LayoutBlockFlow (positioned) {DIV} at (0,0) size 50x320
layer at (71,364) size 320x240 backgroundClip at (71,364) size 320x236 clip at (71,364) size 320x236
  LayoutFlexibleBox (relative positioned) {DIV} at (3,3) size 320x240
    LayoutFlexibleBox {DIV} at (0,0) size 320x240
layer at (71,364) size 320x240 backgroundClip at (71,364) size 320x236 clip at (71,364) size 320x236
  LayoutBlockFlow (positioned) {DIV} at (0,0) size 320x240
layer at (401,554) size 320x50 backgroundClip at (401,554) size 320x46 clip at (401,554) size 320x46
  LayoutFlexibleBox (relative positioned) {DIV} at (3,3) size 320x50
    LayoutFlexibleBox {DIV} at (0,0) size 320x50
layer at (401,554) size 320x50 backgroundClip at (401,554) size 320x46 clip at (401,554) size 320x46
  LayoutBlockFlow (positioned) {DIV} at (0,0) size 320x50
