layer at (0,0) size 800x600
  LayoutView at (0,0) size 800x600
layer at (0,0) size 800x600
  LayoutBlockFlow {HTML} at (0,0) size 800x600
    LayoutBlockFlow {BODY} at (8,8) size 784x584
      LayoutBlockFlow {P} at (0,0) size 784x18
        LayoutText {#text} at (0,0) size 222x18
          text run at (0,0) width 222: "Test painting of transformed video"
      LayoutBlockFlow (anonymous) at (0,34) size 784x480
        LayoutText {#text} at (0,142) size 4x18
          text run at (0,142) width 4: " "
        LayoutBR {BR} at (210,156) size 0x0
        LayoutText {#text} at (0,302) size 4x18
          text run at (0,302) width 4: " "
        LayoutBR {BR} at (210,316) size 0x0
        LayoutText {#text} at (0,462) size 4x18
          text run at (0,462) width 4: " "
        LayoutBR {BR} at (210,476) size 0x0
layer at (12,42) size 206x156
  LayoutVideo {VIDEO} at (4,0) size 206x156 [border: (3px solid #FF0000)]
layer at (15,45) size 200x150
  LayoutFlexibleBox (relative positioned) {DIV} at (3,3) size 200x150
    LayoutBlockFlow {DIV} at (0,118) size 200x32
layer at (15,45) size 200x108
  LayoutFlexibleBox (relative positioned) {DIV} at (0,0) size 200x108
layer at (12,202) size 206x156
  LayoutVideo {VIDEO} at (4,160) size 206x156 [border: (3px solid #FF0000)]
layer at (15,205) size 200x150
  LayoutFlexibleBox (relative positioned) {DIV} at (3,3) size 200x150
    LayoutBlockFlow {DIV} at (0,118) size 200x32
layer at (15,205) size 200x108 backgroundClip at (65,243) size 100x54 clip at (65,243) size 100x54
  LayoutFlexibleBox (relative positioned) {DIV} at (0,0) size 200x108
layer at (12,362) size 206x156
  LayoutVideo {VIDEO} at (4,320) size 206x156 [border: (3px solid #FF0000)]
layer at (15,365) size 200x150
  LayoutFlexibleBox (relative positioned) {DIV} at (3,3) size 200x150
    LayoutBlockFlow {DIV} at (0,118) size 200x32
layer at (15,365) size 200x108
  LayoutFlexibleBox (relative positioned) {DIV} at (0,0) size 200x108
