layer at (0,0) size 800x600
  LayoutView at (0,0) size 800x600
layer at (0,0) size 800x350
  LayoutBlockFlow {HTML} at (0,0) size 800x350
    LayoutBlockFlow {BODY} at (8,16) size 784x326
      LayoutBlockFlow {P} at (0,0) size 784x36
        LayoutText {#text} at (0,0) size 54x18
          text run at (0,0) width 54: "Test for "
        LayoutInline {A} at (0,0) size 310x18 [color=#0000EE]
          LayoutText {#text} at (53,0) size 310x18
            text run at (53,0) width 310: "https://bugs.webkit.org/show_bug.cgi?id=34966"
        LayoutText {#text} at (362,0) size 9x18
          text run at (362,0) width 9: ". "
        LayoutBR {BR} at (370,0) size 1x18
        LayoutText {#text} at (0,18) size 207x18
          text run at (0,18) width 207: "You should see the video below."
      LayoutBlockFlow (anonymous) at (0,52) size 784x274
        LayoutText {#text} at (0,0) size 0x0
layer at (8,68) size 480x270
  LayoutVideo {VIDEO} at (0,0) size 480x270
layer at (8,68) size 480x270
  LayoutFlexibleBox (relative positioned) {DIV} at (0,0) size 480x270
    LayoutBlockFlow {DIV} at (240,0) size 0x0
    LayoutFlexibleBox {DIV} at (0,0) size 480x270
