layer at (0,0) size 800x600
  LayoutView at (0,0) size 800x600
layer at (0,0) size 800x600
  LayoutBlockFlow {HTML} at (0,0) size 800x600
    LayoutBlockFlow {BODY} at (8,8) size 784x584
      LayoutBlockFlow {P} at (0,0) size 784x18
        LayoutText {#text} at (0,0) size 632x18
          text run at (0,0) width 632: "Test video sizing. You should see one bigger image (paused video) and 7 small ones of 1/4 its size."
      LayoutBlockFlow (anonymous) at (0,34) size 784x480
        LayoutBR {BR} at (320,240) size 0x0
        LayoutBlockFlow {DIV} at (160,240) size 320x120
          LayoutText {#text} at (0,0) size 0x0
        LayoutBlockFlow {DIV} at (0,360) size 320x120
          LayoutText {#text} at (0,0) size 0x0
        LayoutText {#text} at (0,0) size 0x0
layer at (8,42) size 320x240
  LayoutVideo {VIDEO} at (0,0) size 320x240
layer at (8,282) size 160x120
  LayoutVideo {VIDEO} at (0,240) size 160x120
layer at (168,282) size 160x120
  LayoutVideo {VIDEO} at (0,0) size 160x120
layer at (328,282) size 160x120
  LayoutVideo {VIDEO} at (160,0) size 160x120
layer at (8,402) size 160x120
  LayoutVideo {VIDEO} at (0,0) size 160x120
layer at (168,402) size 160x120
  LayoutVideo {VIDEO} at (160,0) size 160x120
layer at (8,42) size 320x240
  LayoutFlexibleBox (relative positioned) {DIV} at (0,0) size 320x240
    LayoutBlockFlow {DIV} at (160,0) size 0x0
    LayoutFlexibleBox {DIV} at (0,0) size 320x240
layer at (8,282) size 160x120
  LayoutFlexibleBox (relative positioned) {DIV} at (0,0) size 160x120
    LayoutBlockFlow {DIV} at (80,0) size 0x0
    LayoutFlexibleBox {DIV} at (0,0) size 160x120
layer at (168,282) size 160x120
  LayoutFlexibleBox (relative positioned) {DIV} at (0,0) size 160x120
    LayoutBlockFlow {DIV} at (80,0) size 0x0
    LayoutFlexibleBox {DIV} at (0,0) size 160x120
layer at (328,282) size 160x120
  LayoutFlexibleBox (relative positioned) {DIV} at (0,0) size 160x120
    LayoutBlockFlow {DIV} at (80,0) size 0x0
    LayoutFlexibleBox {DIV} at (0,0) size 160x120
layer at (8,402) size 160x120
  LayoutFlexibleBox (relative positioned) {DIV} at (0,0) size 160x120
    LayoutBlockFlow {DIV} at (80,0) size 0x0
    LayoutFlexibleBox {DIV} at (0,0) size 160x120
layer at (168,402) size 160x120
  LayoutFlexibleBox (relative positioned) {DIV} at (0,0) size 160x120
    LayoutBlockFlow {DIV} at (80,0) size 0x0
    LayoutFlexibleBox {DIV} at (0,0) size 160x120
layer at (328,402) size 320x120
  LayoutBlockFlow (relative positioned) {DIV} at (320,360) size 320x120
layer at (328,402) size 160x120
  LayoutVideo (positioned) {VIDEO} at (0,0) size 160x120
layer at (328,402) size 160x120
  LayoutFlexibleBox (relative positioned) {DIV} at (0,0) size 160x120
    LayoutBlockFlow {DIV} at (80,0) size 0x0
    LayoutFlexibleBox {DIV} at (0,0) size 160x120
layer at (488,402) size 160x120
  LayoutVideo (positioned) {VIDEO} at (160,0) size 160x120
layer at (488,402) size 160x120
  LayoutFlexibleBox (relative positioned) {DIV} at (0,0) size 160x120
    LayoutBlockFlow {DIV} at (80,0) size 0x0
    LayoutFlexibleBox {DIV} at (0,0) size 160x120
