layer at (0,0) size 800x600
  LayoutView at (0,0) size 800x600
layer at (0,0) size 800x600
  LayoutBlockFlow {HTML} at (0,0) size 800x600
    LayoutBlockFlow {BODY} at (8,8) size 784x584
      LayoutBlockFlow {P} at (0,0) size 784x18
        LayoutText {#text} at (0,0) size 367x18
          text run at (0,0) width 367: "Test dynamic removal of transformed and reflected video"
      LayoutBlockFlow (anonymous) at (0,34) size 784x338
        LayoutText {#text} at (0,0) size 4x18
          text run at (0,0) width 4: " "
        LayoutBR {BR} at (4,14) size 0x0
        LayoutText {#text} at (0,160) size 4x18
          text run at (0,160) width 4: " "
        LayoutBR {BR} at (210,174) size 0x0
        LayoutText {#text} at (0,320) size 4x18
          text run at (0,320) width 4: " "
        LayoutBR {BR} at (210,334) size 0x0
layer at (12,60) size 206x156
  LayoutVideo {VIDEO} at (4,18) size 206x156 [border: (3px solid #FF0000)]
layer at (65,101) size 100x75
  LayoutFlexibleBox (relative positioned) {DIV} at (3,3) size 200x150
    LayoutFlexibleBox {DIV} at (0,0) size 200x150
layer at (65,101) size 100x75
  LayoutBlockFlow (positioned) {DIV} at (0,0) size 200x150
layer at (12,220) size 206x156
  LayoutVideo {VIDEO} at (4,178) size 206x156 [border: (3px solid #FF0000)]
layer at (-12,223) size 254x150 backgroundClip at (0,223) size 242x150 clip at (0,223) size 242x150
  LayoutFlexibleBox (relative positioned) {DIV} at (3,3) size 200x150
    LayoutFlexibleBox {DIV} at (0,0) size 200x150
layer at (-12,223) size 254x150 backgroundClip at (0,223) size 242x150 clip at (0,223) size 242x150
  LayoutBlockFlow (positioned) {DIV} at (0,0) size 200x150
