layer at (0,0) size 800x600
  LayoutView at (0,0) size 800x600
layer at (0,0) size 800x246
  LayoutBlockFlow {HTML} at (0,0) size 800x246
    LayoutBlockFlow {BODY} at (8,8) size 784x230
      LayoutBlockFlow (anonymous) at (0,0) size 784x40
        LayoutText {#text} at (0,0) size 752x39
          text run at (0,0) width 376: "Test for empty buttons, which inherit from LayoutFlexibleBox. "
          text run at (375,0) width 377: "Empty <input> buttons should not collapse, which makes them"
          text run at (0,20) width 431: "different from most flex boxes. Empty <button>s should collapse. Note "
        LayoutInline {A} at (0,0) size 75x19 [color=#0000EE]
          LayoutText {#text} at (430,20) size 75x19
            text run at (430,20) width 75: "bug 110654"
        LayoutText {#text} at (504,20) size 5x19
          text run at (504,20) width 5: "."
      LayoutBlockFlow {HR} at (0,48) size 784x2 [border: (1px inset #EEEEEE)]
      LayoutBlockFlow (anonymous) at (0,58) size 784x64
        LayoutText {#text} at (0,0) size 76x19
          text run at (0,0) width 76: "Simple case."
        LayoutBR {BR} at (76,0) size 0x19
        LayoutButton {BUTTON} at (0,32) size 16x6 [bgcolor=#C0C0C0] [border: (2px outset #C0C0C0)]
        LayoutBR {BR} at (16,20) size 0x19
        LayoutButton {INPUT} at (0,40) size 16x22 [bgcolor=#C0C0C0] [border: (2px outset #C0C0C0)]
        LayoutBR {BR} at (16,44) size 0x19
      LayoutBlockFlow {HR} at (0,130) size 784x2 [border: (1px inset #EEEEEE)]
      LayoutBlockFlow (anonymous) at (0,140) size 784x90
        LayoutText {#text} at (0,0) size 739x19
          text run at (0,0) width 739: "Empty <button> and <input type=button> with overflow: scroll;. The presence of the scrollbar should not shrink the button."
        LayoutBR {BR} at (738,0) size 1x19
        LayoutBR {BR} at (31,20) size 0x19
        LayoutBR {BR} at (31,57) size 0x19
layer at (8,180) size 31x21 clip at (10,182) size 12x2
  LayoutButton {BUTTON} at (0,32) size 31x21 [bgcolor=#C0C0C0] [border: (2px outset #C0C0C0)]
layer at (8,201) size 31x37 clip at (10,203) size 12x18
  LayoutButton {INPUT} at (0,53) size 31x37 [bgcolor=#C0C0C0] [border: (2px outset #C0C0C0)]
