layer at (0,0) size 800x600
  LayoutView at (0,0) size 800x600
layer at (0,0) size 800x504
  LayoutBlockFlow {HTML} at (0,0) size 800x504
layer at (0,0) size 800x504
  LayoutBlockFlow (relative positioned) {BODY} at (0,0) size 800x504
    LayoutBlockFlow {DIV} at (0,0) size 800x55
      LayoutText {#text} at (0,20) size 69x19
        text run at (0,20) width 69: "before text "
      LayoutFlexibleBox {DIV} at (69,5) size 122x50 [bgcolor=#D3D3D3]
        LayoutBlockFlow {DIV} at (0,30) size 37x20
          LayoutText {#text} at (0,0) size 37x19
            text run at (0,0) width 37: "below"
        LayoutBlockFlow {DIV} at (37,15) size 48x20
          LayoutText {#text} at (0,0) size 48x19
            text run at (0,0) width 48: "baseline"
        LayoutBlockFlow {DIV} at (85,0) size 37x20
          LayoutText {#text} at (0,0) size 37x19
            text run at (0,0) width 37: "above"
      LayoutText {#text} at (191,20) size 57x19
        text run at (191,20) width 57: " after text"
    LayoutBlockFlow {DIV} at (0,55) size 800x45
      LayoutText {#text} at (0,25) size 69x19
        text run at (0,25) width 69: "before text "
      LayoutFlexibleBox {DIV} at (69,5) size 85x40 [bgcolor=#D3D3D3]
        LayoutBlockFlow {DIV} at (0,20) size 48x20
          LayoutText {#text} at (0,0) size 48x19
            text run at (0,0) width 48: "baseline"
        LayoutBlockFlow {DIV} at (48,0) size 0x0
        LayoutBlockFlow {DIV} at (48,0) size 37x20
          LayoutText {#text} at (0,0) size 37x19
            text run at (0,0) width 37: "above"
      LayoutText {#text} at (154,25) size 57x19
        text run at (154,25) width 57: " after text"
    LayoutBlockFlow {DIV} at (0,100) size 800x72
      LayoutText {#text} at (0,30) size 69x19
        text run at (0,30) width 69: "before text "
      LayoutFlexibleBox {DIV} at (69,5) size 151x66.81 [bgcolor=#D3D3D3]
        LayoutBlockFlow {H2} at (0,19.91) size 114x27
          LayoutText {#text} at (0,0) size 114x26
            text run at (0,0) width 114: "h2 baseline"
        LayoutBlockFlow {DIV} at (114,0) size 37x66.81
          LayoutText {#text} at (0,0) size 37x19
            text run at (0,0) width 37: "above"
      LayoutText {#text} at (220,30) size 57x19
        text run at (220,30) width 57: " after text"
    LayoutBlockFlow {DIV} at (0,172) size 800x72
      LayoutText {#text} at (0,5) size 69x19
        text run at (0,5) width 69: "before text "
      LayoutFlexibleBox {DIV} at (69,5) size 139x66.81 [bgcolor=#D3D3D3]
        LayoutBlockFlow {DIV} at (0,0) size 48x66.81
          LayoutText {#text} at (0,0) size 48x19
            text run at (0,0) width 48: "baseline"
        LayoutBlockFlow {H2} at (48,19.91) size 91x27
          LayoutText {#text} at (0,0) size 91x26
            text run at (0,0) width 91: "h2 below"
      LayoutText {#text} at (208,5) size 57x19
        text run at (208,5) width 57: " after text"
    LayoutBlockFlow {DIV} at (0,244) size 800x45
      LayoutText {#text} at (0,11) size 169x19
        text run at (0,11) width 169: "should align with the middle "
      LayoutFlexibleBox {DIV} at (169,5) size 40x40 [bgcolor=#D3D3D3]
        LayoutBlockFlow {DIV} at (0,0) size 40x21 [border: none (1px solid #000000) none]
      LayoutText {#text} at (209,11) size 116x19
        text run at (209,11) width 116: " of the grey flexbox"
    LayoutBlockFlow {DIV} at (0,289) size 800x40
      LayoutText {#text} at (0,20) size 172x19
        text run at (0,20) width 172: "should align with the bottom "
      LayoutFlexibleBox {DIV} at (172,5) size 30x30 [bgcolor=#D3D3D3]
      LayoutText {#text} at (202,20) size 116x19
        text run at (202,20) width 116: " of the grey flexbox"
    LayoutBlockFlow {DIV} at (0,329) size 800x45
      LayoutText {#text} at (0,5) size 69x19
        text run at (0,5) width 69: "before text "
      LayoutFlexibleBox {DIV} at (69,5) size 48x40 [bgcolor=#D3D3D3]
        LayoutBlockFlow {DIV} at (0,0) size 48x20
          LayoutText {#text} at (0,0) size 48x19
            text run at (0,0) width 48: "baseline"
        LayoutBlockFlow {DIV} at (0,20) size 48x20
          LayoutText {#text} at (0,0) size 37x19
            text run at (0,0) width 37: "below"
      LayoutText {#text} at (117,5) size 57x19
        text run at (117,5) width 57: " after text"
    LayoutBlockFlow {DIV} at (0,374) size 800x45
      LayoutText {#text} at (0,25) size 69x19
        text run at (0,25) width 69: "before text "
      LayoutFlexibleBox {DIV} at (69,5) size 48x40 [bgcolor=#D3D3D3]
        LayoutBlockFlow {DIV} at (0,20) size 48x20
          LayoutText {#text} at (0,0) size 48x19
            text run at (0,0) width 48: "baseline"
        LayoutBlockFlow {DIV} at (0,0) size 48x20
          LayoutText {#text} at (0,0) size 37x19
            text run at (0,0) width 37: "above"
      LayoutText {#text} at (117,25) size 57x19
        text run at (117,25) width 57: " after text"
    LayoutBlockFlow {DIV} at (0,419) size 800x45
      LayoutText {#text} at (0,10) size 169x19
        text run at (0,10) width 169: "should align with the middle "
      LayoutFlexibleBox {DIV} at (169,5) size 40x40 [bgcolor=#D3D3D3]
        LayoutBlockFlow {DIV} at (0,0) size 40x20.50 [border: none (1px solid #000000) none]
        LayoutBlockFlow {DIV} at (0,20.50) size 40x19.50
      LayoutText {#text} at (209,10) size 116x19
        text run at (209,10) width 116: " of the grey flexbox"
    LayoutBlockFlow {DIV} at (0,464) size 800x40
      LayoutText {#text} at (0,20) size 172x19
        text run at (0,20) width 172: "should align with the bottom "
      LayoutFlexibleBox {DIV} at (172,5) size 30x30 [bgcolor=#D3D3D3]
      LayoutText {#text} at (202,20) size 116x19
        text run at (202,20) width 116: " of the grey flexbox"
layer at (400,0) size 360x424
  LayoutBlockFlow (positioned) {DIV} at (400,0) size 360x424
    LayoutBlockFlow {DIV} at (0,0) size 360x55
      LayoutText {#text} at (0,35) size 69x19
        text run at (0,35) width 69: "before text "
      LayoutFlexibleBox {DIV} at (69,5) size 48x50 [bgcolor=#D3D3D3]
        LayoutBlockFlow {DIV} at (0,30) size 48x20
          LayoutText {#text} at (0,0) size 48x19
            text run at (0,0) width 48: "baseline"
      LayoutText {#text} at (117,35) size 57x19
        text run at (117,35) width 57: " after text"
    LayoutBlockFlow {DIV} at (0,55) size 360x45
      LayoutText {#text} at (0,5) size 69x19
        text run at (0,5) width 69: "before text "
      LayoutFlexibleBox {DIV} at (69,5) size 85x40 [bgcolor=#D3D3D3]
        LayoutBlockFlow {DIV} at (0,0) size 48x40
          LayoutText {#text} at (0,0) size 48x19
            text run at (0,0) width 48: "baseline"
        LayoutBlockFlow {DIV} at (48,20) size 37x20
          LayoutText {#text} at (0,0) size 37x19
            text run at (0,0) width 37: "below"
      LayoutText {#text} at (154,5) size 57x19
        text run at (154,5) width 57: " after text"
    LayoutBlockFlow {DIV} at (0,100) size 360x45
      LayoutText {#text} at (0,15) size 69x19
        text run at (0,15) width 69: "before text "
      LayoutBlockFlow {DIV} at (69,0) size 153x45
        LayoutFlexibleBox {DIV} at (0,5) size 122x40 [bgcolor=#D3D3D3]
          LayoutBlockFlow {DIV} at (0,0) size 37x40
            LayoutText {#text} at (0,0) size 37x19
              text run at (0,0) width 37: "above"
          LayoutBlockFlow {DIV} at (37,10) size 48x20
            LayoutText {#text} at (0,0) size 48x19
              text run at (0,0) width 48: "baseline"
          LayoutBlockFlow {DIV} at (85,0) size 37x40
            LayoutText {#text} at (0,0) size 37x19
              text run at (0,0) width 37: "above"
        LayoutText {#text} at (122,15) size 31x19
          text run at (122,15) width 31: " after"
      LayoutText {#text} at (222,15) size 26x19
        text run at (222,15) width 26: " text"
    LayoutBlockFlow {DIV} at (0,145) size 360x40
      LayoutText {#text} at (0,10) size 69x19
        text run at (0,10) width 69: "before text "
      LayoutBlockFlow {DIV} at (69,0) size 48x40
        LayoutFlexibleBox {DIV} at (0,10) size 48x30 [bgcolor=#808080]
          LayoutBlockFlow (anonymous) at (0,0) size 48x30
            LayoutText {#text} at (0,0) size 48x19
              text run at (0,0) width 48: "baseline"
      LayoutText {#text} at (117,10) size 57x19
        text run at (117,10) width 57: " after text"
    LayoutTable {TABLE} at (0,190) size 229x76 [bgcolor=#D3D3D3]
      LayoutTableSection {TBODY} at (0,0) size 229x76
        LayoutTableRow {TR} at (0,2) size 229x72
          LayoutTableCell {TD} at (2,52) size 45x22 [r=0 c=0 rs=1 cs=1]
            LayoutText {#text} at (1,1) size 43x19
              text run at (1,1) width 43: "bottom"
          LayoutTableCell {TD} at (49,32) size 50x22 [r=0 c=1 rs=1 cs=1]
            LayoutText {#text} at (1,1) size 48x19
              text run at (1,1) width 48: "baseline"
          LayoutTableCell {TD} at (101,2) size 22x22 [r=0 c=2 rs=1 cs=1]
            LayoutText {#text} at (1,1) size 20x19
              text run at (1,1) width 20: "top"
          LayoutTableCell {TD} at (125,22) size 50x52 [r=0 c=3 rs=1 cs=1]
            LayoutFlexibleBox {DIV} at (1,11) size 48x40 [bgcolor=#808080]
              LayoutBlockFlow {DIV} at (0,0) size 48x20
                LayoutText {#text} at (0,0) size 48x19
                  text run at (0,0) width 48: "baseline"
              LayoutBlockFlow {DIV} at (0,20) size 48x20
                LayoutText {#text} at (0,0) size 37x19
                  text run at (0,0) width 37: "below"
          LayoutTableCell {TD} at (177,2) size 50x52 [r=0 c=4 rs=1 cs=1]
            LayoutFlexibleBox {DIV} at (1,11) size 48x40 [bgcolor=#808080]
              LayoutBlockFlow {DIV} at (0,20) size 48x20
                LayoutText {#text} at (0,0) size 48x19
                  text run at (0,0) width 48: "baseline"
              LayoutBlockFlow {DIV} at (0,0) size 48x20
                LayoutText {#text} at (0,0) size 37x19
                  text run at (0,0) width 37: "above"
    LayoutTable {TABLE} at (0,271) size 280x83 [bgcolor=#D3D3D3]
      LayoutTableSection {TBODY} at (0,0) size 280x83
        LayoutTableRow {TR} at (0,2) size 280x79
          LayoutTableCell {TD} at (2,59) size 45x22 [r=0 c=0 rs=1 cs=1]
            LayoutText {#text} at (1,1) size 43x19
              text run at (1,1) width 43: "bottom"
          LayoutTableCell {TD} at (49,37) size 50x22 [r=0 c=1 rs=1 cs=1]
            LayoutText {#text} at (1,1) size 48x19
              text run at (1,1) width 48: "baseline"
          LayoutTableCell {TD} at (101,2) size 22x22 [r=0 c=2 rs=1 cs=1]
            LayoutText {#text} at (1,1) size 20x19
              text run at (1,1) width 20: "top"
          LayoutTableCell {TD} at (125,2) size 153x78.81 [r=0 c=3 rs=1 cs=1]
            LayoutFlexibleBox {DIV} at (1,11) size 151x66.81 [bgcolor=#808080]
              LayoutBlockFlow {H2} at (0,19.91) size 114x27
                LayoutText {#text} at (0,0) size 114x26
                  text run at (0,0) width 114: "h2 baseline"
              LayoutBlockFlow {DIV} at (114,0) size 37x66.81
                LayoutText {#text} at (0,0) size 37x19
                  text run at (0,0) width 37: "above"
    LayoutBlockFlow {DIV} at (0,354) size 360x70
      LayoutText {#text} at (0,20) size 69x19
        text run at (0,20) width 69: "before text "
      LayoutFlexibleBox {DIV} at (69,5) size 167x65 [bgcolor=#D3D3D3]
      LayoutText {#text} at (236,20) size 57x19
        text run at (236,20) width 57: " after text"
layer at (469,359) size 167x65 clip at (469,359) size 152x65 scrollY 10.00 scrollHeight 75
  LayoutBlockFlow {DIV} at (0,0) size 167x65
    LayoutText {#text} at (0,15) size 147x19
      text run at (0,15) width 147: "The baseline is based on"
    LayoutBR {BR} at (147,15) size 0x19
    LayoutText {#text} at (0,35) size 152x19
      text run at (0,35) width 152: "the non-scrolled position;"
    LayoutBR {BR} at (152,35) size 0x19
    LayoutText {#text} at (0,55) size 104x19
      text run at (0,55) width 104: "this won't line up."
layer at (469,5) size 50x20
  LayoutBlockFlow (positioned) {DIV} at (69,5) size 50x20
    LayoutText {#text} at (0,0) size 50x19
      text run at (0,0) width 50: "absolute"
