layer at (0,0) size 800x600
  LayoutView at (0,0) size 800x600
layer at (0,0) size 800x491
  LayoutBlockFlow {HTML} at (0,0) size 800x491
    LayoutBlockFlow {BODY} at (8,8) size 784x475
      LayoutBlockFlow {DIV} at (0,0) size 784x69
        LayoutText {#text} at (0,28) size 69x19
          text run at (0,28) width 69: "before text "
        LayoutBlockFlow {DIV} at (69,0) size 70x69 [bgcolor=#D3D3D3] [border: (11px solid #FFC0CB)]
          LayoutFlexibleBox {DIV} at (11,18) size 48x40
            LayoutBlockFlow (anonymous) at (0,10) size 48x30
              LayoutText {#text} at (0,0) size 48x19
                text run at (0,0) width 48: "baseline"
        LayoutText {#text} at (139,28) size 57x19
          text run at (139,28) width 57: " after text"
      LayoutBlockFlow {DIV} at (0,69) size 784x114
        LayoutText {#text} at (0,67) size 77x19
          text run at (0,67) width 77: "Should align "
        LayoutBlockFlow {DIV} at (77,8) size 98x98 [border: (11px solid #FFC0CB)]
          LayoutFlexibleBox {DIV} at (11,11) size 76x76 [bgcolor=#FFC0CB]
            LayoutBlockFlow {DIV} at (13,13) size 50x50 [bgcolor=#D3D3D3]
        LayoutText {#text} at (175,67) size 55x19
          text run at (175,67) width 55: " with the "
        LayoutBlockFlow {DIV} at (230,21) size 72x72
          LayoutFlexibleBox {DIV} at (0,0) size 72x72 [bgcolor=#FFC0CB] [border: (11px solid #FFC0CB)]
            LayoutBlockFlow {DIV} at (11,11) size 50x50 [bgcolor=#D3D3D3]
        LayoutText {#text} at (302,67) size 67x19
          text run at (302,67) width 67: " bottom of "
        LayoutBlockFlow {DIV} at (369,0) size 72x114
          LayoutFlexibleBox {DIV} at (0,21) size 72x72 [bgcolor=#FFC0CB] [border: (11px solid #FFC0CB)]
            LayoutBlockFlow {DIV} at (11,11) size 50x50 [bgcolor=#D3D3D3]
        LayoutText {#text} at (441,67) size 56x19
          text run at (441,67) width 56: " the grey "
        LayoutFlexibleBox {DIV} at (497,41) size 52x52 [bgcolor=#D3D3D3] [border: (11px solid #FFC0CB)]
        LayoutText {#text} at (549,67) size 31x19
          text run at (549,67) width 31: " box."
      LayoutBlockFlow {DIV} at (0,183) size 784x64
        LayoutText {#text} at (0,17) size 128x19
          text run at (0,17) width 128: "Should align with the "
        LayoutBlockFlow {DIV} at (128,0) size 48x64
          LayoutFlexibleBox {DIV} at (0,0) size 48x64 [bgcolor=#FFC0CB]
            LayoutBlockFlow {DIV} at (0,8) size 48x48 [bgcolor=#D3D3D3] [border: (11px solid #FFC0CB)]
        LayoutText {#text} at (176,17) size 64x19
          text run at (176,17) width 64: " middle of "
        LayoutFlexibleBox {DIV} at (240,8) size 48x48 [bgcolor=#D3D3D3] [border: (11px solid #FFC0CB)]
        LayoutText {#text} at (288,17) size 83x19
          text run at (288,17) width 83: " the grey box."
      LayoutBlockFlow {DIV} at (0,247) size 784x178
        LayoutText {#text} at (0,84) size 152x19
          text run at (0,84) width 152: "Should align with the top "
        LayoutBlockFlow {DIV} at (152,8) size 146x162 [bgcolor=#FFC0CB] [border: (11px solid #FFC0CB)]
          LayoutFlexibleBox {DIV} at (24,32) size 98x98 [border: (11px solid #FFC0CB)]
        LayoutText {#text} at (298,84) size 160x19
          text run at (298,84) width 160: " of the horizontal scrollbar."
      LayoutBlockFlow {DIV} at (0,425) size 784x50
        LayoutText {#text} at (0,10) size 175x19
          text run at (0,10) width 175: "Should align 10px above the "
        LayoutBlockFlow {DIV} at (175,0) size 50x50 [bgcolor=#FFC0CB]
          LayoutFlexibleBox {DIV} at (0,0) size 50x50
        LayoutText {#text} at (225,10) size 217x19
          text run at (225,10) width 217: " horizontal scrollbar, if one is visible."
layer at (208,323) size 50x46 clip at (208,332) size 35x22
  LayoutBlockFlow {DIV} at (24,28) size 50x46 [bgcolor=#D3D3D3] [border: (9px solid #FFC0CB) none]
layer at (183,433) size 50x50 clip at (183,433) size 35x35
  LayoutBlockFlow {DIV} at (0,0) size 50x50 [bgcolor=#D3D3D3]
