layer at (0,0) size 800x600
  LayoutView at (0,0) size 800x600
layer at (0,0) size 800x600
  LayoutBlockFlow {HTML} at (0,0) size 800x600
    LayoutBlockFlow {BODY} at (8,8) size 784x584
      LayoutBlockFlow {P} at (0,0) size 784x40
        LayoutText {#text} at (0,0) size 755x39
          text run at (0,0) width 465: "This tests to see if dragging an image is a move drag by default (it should be). "
          text run at (465,0) width 290: "You should only see one picture and it should be"
          text run at (0,20) width 173: "somewhere near the middle. "
        LayoutInline {B} at (0,0) size 486x19
          LayoutText {#text} at (173,20) size 486x19
            text run at (173,20) width 486: "This demonstrates a bug, the ghost of the drag caret is left after the drop."
      LayoutBlockFlow {DIV} at (0,56) size 784x108
        LayoutText {#text} at (0,88) size 42x19
          text run at (0,88) width 42: "xxxxxx"
        LayoutImage {IMG} at (42,0) size 76x103
        LayoutText {#text} at (118,88) size 28x19
          text run at (118,88) width 28: "xxxx"
selection start: position 0 of child 1 {IMG} of child 2 {DIV} of body
selection end:   position 1 of child 1 {IMG} of child 2 {DIV} of body
