layer at (0,0) size 800x600
  LayoutView at (0,0) size 800x600
layer at (0,0) size 800x600
  LayoutBlockFlow {HTML} at (0,0) size 800x600
    LayoutBlockFlow {BODY} at (8,8) size 784x584
      LayoutBlockFlow {P} at (0,0) size 784x20
        LayoutText {#text} at (0,0) size 492x19
          text run at (0,0) width 492: "This tests that inherited block properties do not propigate to the editing style span."
      LayoutBlockFlow {DIV} at (50,36) size 734x20
        LayoutText {#text} at (268,0) size 148x19
          text run at (268,0) width 148: "Some text that is bold."
      LayoutBlockFlow {DIV} at (0,56) size 784x40
        LayoutBlockFlow (anonymous) at (0,0) size 784x20
          LayoutText {#text} at (0,0) size 104x19
            text run at (0,0) width 104: "Some text that is "
          LayoutInline {SPAN} at (0,0) size 32x19
            LayoutText {#text} at (104,0) size 32x19
              text run at (104,0) width 32: "bold."
        LayoutBlockFlow {DIV} at (0,20) size 784x20
          LayoutInline {SPAN} at (0,0) size 385x19
            LayoutText {#text} at (0,0) size 385x19
              text run at (0,0) width 385: "This text should bold and left justified with \"Some text...\"."
caret: position 61 of child 0 {#text} of child 0 {SPAN} of child 2 {DIV} of child 4 {DIV} of body
