layer at (0,0) size 800x600
  LayoutView at (0,0) size 800x600
layer at (0,0) size 800x600
  LayoutBlockFlow {HTML} at (0,0) size 800x600
    LayoutBlockFlow {BODY} at (8,8) size 784x584
      LayoutBlockFlow {P} at (0,0) size 784x20
        LayoutText {#text} at (0,0) size 517x19
          text run at (0,0) width 517: "This test passes if nothing is double-quoted, and \"Two\" and \"Four\" aren't quoted at all."
      LayoutBlockFlow {DIV} at (0,36) size 784x100
        LayoutBlockFlow {BLOCKQUOTE} at (0,0) size 784x40 [color=#0000FF] [border: none (2px solid #0000FF)]
          LayoutText {#text} at (22,0) size 33x19
            text run at (22,0) width 33: "Paste"
          LayoutBR {BR} at (55,15) size 0x0
          LayoutText {#text} at (22,20) size 56x19
            text run at (22,20) width 56: "HereOne"
        LayoutBlockFlow (anonymous) at (0,40) size 784x20
          LayoutText {#text} at (0,0) size 27x19
            text run at (0,0) width 27: "Two"
        LayoutBlockFlow {BLOCKQUOTE} at (0,60) size 784x20 [color=#0000FF] [border: none (2px solid #0000FF)]
          LayoutText {#text} at (22,0) size 35x19
            text run at (22,0) width 35: "Three"
        LayoutBlockFlow (anonymous) at (0,80) size 784x20
          LayoutText {#text} at (0,0) size 29x19
            text run at (0,0) width 29: "Four"
caret: position 4 of child 3 {#text} of child 3 {DIV} of body
