layer at (0,0) size 800x600
  LayoutView at (0,0) size 800x600
layer at (0,0) size 800x600
  LayoutBlockFlow {HTML} at (0,0) size 800x600
    LayoutBlockFlow {BODY} at (8,8) size 784x584
      LayoutBlockFlow {P} at (0,0) size 784x20
        LayoutText {#text} at (0,0) size 341x19
          text run at (0,0) width 341: "This tests pasting a blockquote after another blockquote."
      LayoutBlockFlow {DIV} at (0,36) size 784x40
        LayoutBlockFlow {BLOCKQUOTE} at (0,0) size 784x20 [color=#0000FF] [border: none (2px solid #0000FF)]
          LayoutText {#text} at (22,0) size 38x19
            text run at (22,0) width 38: "Line 1"
        LayoutBlockFlow {BLOCKQUOTE} at (0,20) size 784x20 [color=#0000FF] [border: none (2px solid #0000FF)]
          LayoutText {#text} at (22,0) size 38x19
            text run at (22,0) width 38: "Line 2"
caret: position 6 of child 0 {#text} of child 1 {BLOCKQUOTE} of child 2 {DIV} of body
