layer at (0,0) size 800x600
  LayoutView at (0,0) size 800x600
layer at (0,0) size 800x474
  LayoutBlockFlow {HTML} at (0,0) size 800x474
    LayoutBlockFlow {BODY} at (8,8) size 784x458
      LayoutText {#text} at (230,216) size 4x18
        text run at (230,216) width 4: " "
      LayoutText {#text} at (464,216) size 4x18
        text run at (464,216) width 4: " "
      LayoutText {#text} at (698,216) size 4x18
        text run at (698,216) width 4: " "
      LayoutBR {BR} at (0,0) size 0x0
      LayoutText {#text} at (0,0) size 0x0
layer at (8,8) size 230x230
  LayoutEmbeddedObject {OBJECT} at (0,0) size 230x230 [border: (2px dashed #800000)]
    layer at (0,0) size 220x220
      LayoutView at (0,0) size 220x220
    layer at (0,0) size 220x220
      LayoutSVGRoot {svg} at (0,0) size 220x220
        LayoutSVGEllipse {circle} at (0,0) size 220x220 [stroke={[type=SOLID] [color=#000000]}] [fill={[type=SOLID] [color=#D9BB7A] [fill rule=EVEN-ODD]}] [cx=110.00] [cy=110.00] [r=110.00]
layer at (242,8) size 230x230
  LayoutEmbeddedObject {OBJECT} at (234,0) size 230x230 [border: (2px dashed #800000)]
    layer at (0,0) size 220x220
      LayoutView at (0,0) size 220x220
    layer at (0,0) size 220x220
      LayoutSVGRoot {svg} at (0,0) size 220x220
        LayoutSVGEllipse {circle} at (0,0) size 220x220 [stroke={[type=SOLID] [color=#000000]}] [fill={[type=SOLID] [color=#D9BB7A] [fill rule=EVEN-ODD]}] [cx=110.00] [cy=110.00] [r=110.00]
layer at (476,8) size 230x230
  LayoutEmbeddedObject {OBJECT} at (468,0) size 230x230 [border: (2px dashed #800000)]
    layer at (0,0) size 220x220
      LayoutView at (0,0) size 220x220
    layer at (0,0) size 220x220
      LayoutSVGRoot {svg} at (0,0) size 220x220
        LayoutSVGEllipse {circle} at (0,0) size 220x220 [stroke={[type=SOLID] [color=#000000]}] [fill={[type=SOLID] [color=#D9BB7A] [fill rule=EVEN-ODD]}] [cx=110.00] [cy=110.00] [r=110.00]
layer at (8,242) size 220x220
  LayoutEmbeddedObject {OBJECT} at (0,234) size 220x220 [border: (2px dashed #800000)]
    layer at (0,0) size 210x210
      LayoutView at (0,0) size 210x210
    layer at (0,0) size 210x210
      LayoutSVGRoot {svg} at (0,0) size 210x210
        LayoutSVGEllipse {circle} at (0,0) size 220x220 [stroke={[type=SOLID] [color=#000000]}] [fill={[type=SOLID] [color=#D9BB7A] [fill rule=EVEN-ODD]}] [cx=110.00] [cy=110.00] [r=110.00]
