layer at (0,0) size 800x600
  LayoutView at (0,0) size 800x600
layer at (8,8) size 150x255 layerType: background only
layer at (6,106) size 154x154
  LayoutBlockFlow (positioned) zI: -1 {P} at (6,106) size 154x154 [bgcolor=#FF0000] [border: (2px solid #00FF00)]
    LayoutText zI: -1 {#text} at (2,2) size 96x59
      text run at (2,2) width 96: "FAIL (absolute"
      text run at (2,22) width 94: "positioning not"
      text run at (2,42) width 67: "supported)"
layer at (8,8) size 150x255 layerType: foreground only
  LayoutBlockFlow {HTML} at (8,8) size 150x255
    LayoutBlockFlow {BODY} at (0,0) size 150x255
      LayoutBlockFlow {P} at (0,0) size 150x100
        LayoutText {#text} at (0,0) size 149x99
          text run at (0,0) width 113: "There should be a"
          text run at (0,20) width 149: "green square below this"
          text run at (0,40) width 117: "line, exactly fitting"
          text run at (0,60) width 107: "inside a 2px lime"
          text run at (0,80) width 45: "border."
      LayoutBlockFlow {P} at (0,100) size 150x155
layer at (8,108) size 300x150
  LayoutEmbeddedObject {OBJECT} at (0,0) size 300x150
    layer at (0,0) size 300x150
      LayoutView at (0,0) size 300x150
    layer at (0,0) size 300x150
      LayoutSVGRoot {svg} at (0,0) size 300x150
        LayoutSVGRect {rect} at (0,0) size 300x200 [fill={[type=SOLID] [color=#008000]}] [x=0.00] [y=0.00] [width=300.00] [height=200.00]
