layer at (0,0) size 800x600
  LayoutView at (0,0) size 800x600
layer at (0,0) size 800x600
  LayoutBlockFlow {HTML} at (0,0) size 800x600
    LayoutBlockFlow {BODY} at (8,8) size 784x584
      LayoutBlockFlow {P} at (0,0) size 784x40
        LayoutText {#text} at (0,0) size 766x39
          text run at (0,0) width 449: "This tests for a bug when removing links from a selection with Unlink. "
          text run at (449,0) width 317: "There shouldn't be any links *inside the selection*"
          text run at (0,20) width 42: "below."
      LayoutBlockFlow {DIV} at (0,56) size 784x40
        LayoutBlockFlow {DIV} at (0,0) size 784x20
          LayoutInline {A} at (0,0) size 23x19 [color=#0000EE]
            LayoutText {#text} at (0,0) size 23x19
              text run at (0,0) width 23: "Hel"
          LayoutInline {SPAN} at (0,0) size 12x19
            LayoutText {#text} at (23,0) size 12x19
              text run at (23,0) width 12: "lo"
        LayoutBlockFlow (anonymous) at (0,20) size 784x0
        LayoutBlockFlow {DIV} at (0,20) size 784x20
          LayoutInline {SPAN} at (0,0) size 15x19
            LayoutText {#text} at (0,0) size 15x19
              text run at (0,0) width 15: "W"
          LayoutText {#text} at (15,0) size 30x19
            text run at (15,0) width 30: "orld!"
selection start: position 0 of child 0 {#text} of child 1 {SPAN} of child 0 {DIV} of child 2 {DIV} of body
selection end:   position 1 of child 0 {#text} of child 0 {SPAN} of child 1 {DIV} of child 2 {DIV} of body
