layer at (0,0) size 800x600
  LayoutView at (0,0) size 800x600
layer at (0,0) size 800x600
  LayoutBlockFlow {HTML} at (0,0) size 800x600
    LayoutBlockFlow {BODY} at (8,8) size 784x584
      LayoutBlockFlow {P} at (0,0) size 784x28
        LayoutText {#text} at (0,0) size 776x28
          text run at (0,0) width 776: "Text inside input field should not be cut off at the bottom when its font is larger than the body font size. If the descenders in \"something gjpqy\" below are all visible, the"
          text run at (0,14) width 350: "test passes. If they are cut off by the bottom of the input box, the test fails."
      LayoutBlockFlow (anonymous) at (0,39) size 784x21
        LayoutTextControl {INPUT} at (0,0) size 300x21 [bgcolor=#FFFFFF] [border: (2px inset #EEEEEE)]
        LayoutText {#text} at (0,0) size 0x0
layer at (10,50) size 296x15
  LayoutBlockFlow {DIV} at (2,3) size 296x15
    LayoutText {#text} at (0,0) size 91x15
      text run at (0,0) width 91: "something gjpqy"
