layer at (0,0) size 800x600
  LayoutView at (0,0) size 800x600
layer at (0,0) size 800x600
  LayoutBlockFlow {HTML} at (0,0) size 800x600
    LayoutBlockFlow {BODY} at (8,8) size 784x584
      LayoutText {#text} at (0,0) size 436x19
        text run at (0,0) width 436: "This tests that the border of a readonly text field should appear dimmed. "
      LayoutBR {BR} at (436,15) size 0x0
      LayoutTextControl {INPUT} at (0,20) size 173x22 [bgcolor=#FFFFFF] [border: (2px inset #EEEEEE)]
      LayoutText {#text} at (0,0) size 0x0
layer at (10,31) size 169x16 scrollWidth 174
  LayoutBlockFlow {DIV} at (2,3) size 169x16
    LayoutText {#text} at (0,0) size 174x16
      text run at (0,0) width 174: "This border should be dimmed"
