layer at (0,0) size 800x600
  LayoutView at (0,0) size 800x600
layer at (0,0) size 800x600
  LayoutBlockFlow {HTML} at (0,0) size 800x600
    LayoutBlockFlow {BODY} at (8,8) size 784x576
      LayoutBlockFlow {DIV} at (0,0) size 425x75 [bgcolor=#FFFF00]
        LayoutTextControl {INPUT} at (25,25) size 173x22 [bgcolor=#FFFFFF] [border: (2px inset #EEEEEE)]
      LayoutBlockFlow {P} at (0,91) size 784x40
        LayoutText {#text} at (0,0) size 774x39
          text run at (0,0) width 774: "This test clicks outside an input element, and must not result in the element receiving focus. If the test succeeds the element should"
          text run at (0,20) width 128: "not have a focus ring."
layer at (35,36) size 169x16
  LayoutBlockFlow {DIV} at (2,3) size 169x16
caret: position 0 of child 0 {DIV} of {#document-fragment} of child 0 {INPUT} of child 0 {DIV} of body
