layer at (0,0) size 800x600
  LayoutView at (0,0) size 800x600
layer at (0,0) size 800x600
  LayoutBlockFlow {HTML} at (0,0) size 800x600
    LayoutBlockFlow {BODY} at (8,8) size 784x584
      LayoutText {#text} at (0,0) size 544x19
        text run at (0,0) width 544: "This tests that background color and background images can be set on the new text fields. "
      LayoutBR {BR} at (544,15) size 0x0
      LayoutTextControl {INPUT} at (0,20) size 173x22 [bgcolor=#FFC0CB] [border: (2px inset #EEEEEE)]
      LayoutText {#text} at (173,21) size 4x19
        text run at (173,21) width 4: " "
      LayoutBR {BR} at (177,36) size 0x0
      LayoutTextControl {INPUT} at (0,42) size 173x22 [bgcolor=#FFFFFF] [border: (2px inset #EEEEEE)]
      LayoutText {#text} at (0,0) size 0x0
layer at (10,31) size 169x16
  LayoutBlockFlow {DIV} at (2,3) size 169x16
    LayoutText {#text} at (0,0) size 116x16
      text run at (0,0) width 116: "This should be pink."
layer at (10,53) size 169x16
  LayoutBlockFlow {DIV} at (2,3) size 169x16
