layer at (0,0) size 800x600
  LayoutView at (0,0) size 800x600
layer at (0,0) size 800x600
  LayoutBlockFlow {HTML} at (0,0) size 800x600
    LayoutBlockFlow {BODY} at (8,8) size 784x584
      LayoutText {#text} at (0,0) size 277x19
        text run at (0,0) width 277: "This tests that text fields get the right baseline. "
      LayoutBR {BR} at (277,15) size 0x0
      LayoutBR {BR} at (0,20) size 0x19
      LayoutTextControl {INPUT} at (0,40) size 173x22 [bgcolor=#FFFFFF] [border: (2px inset #EEEEEE)]
      LayoutText {#text} at (173,41) size 398x19
        text run at (173,41) width 398: "This text should line up with the bottom of the text in the text field. "
      LayoutBR {BR} at (571,56) size 0x0
      LayoutBR {BR} at (0,62) size 0x19
      LayoutTextControl {INPUT} at (0,82) size 173x128 [bgcolor=#FFFFFF] [border: (2px inset #EEEEEE)]
      LayoutText {#text} at (173,167) size 394x19
        text run at (173,167) width 394: "This text should line up with the bottom of the text in the text field."
layer at (10,51) size 169x16
  LayoutBlockFlow {DIV} at (2,3) size 169x16
layer at (10,93) size 169x122
  LayoutBlockFlow {DIV} at (2,3) size 169x122
