layer at (0,0) size 800x600
  LayoutView at (0,0) size 800x600
layer at (0,0) size 800x600
  LayoutBlockFlow {HTML} at (0,0) size 800x600
    LayoutBlockFlow {BODY} at (8,8) size 784x584
      LayoutText {#text} at (0,0) size 485x19
        text run at (0,0) width 485: "This tests that the text color changes appropriately when the text field is disabled."
      LayoutBR {BR} at (485,15) size 0x0
      LayoutTextControl {INPUT} at (0,20) size 173x22 [color=#545454] [bgcolor=#EBEBE4] [border: (2px inset #EEEEEE)]
      LayoutText {#text} at (173,21) size 4x19
        text run at (173,21) width 4: " "
      LayoutTextControl {INPUT} at (177,20) size 173x22 [bgcolor=#FFFFFF] [border: (2px inset #EEEEEE)]
      LayoutBR {BR} at (350,36) size 0x0
      LayoutTextControl {INPUT} at (0,42) size 173x22 [color=#FF0000] [bgcolor=#EBEBE4] [border: (2px inset #EEEEEE)]
      LayoutText {#text} at (173,43) size 4x19
        text run at (173,43) width 4: " "
      LayoutTextControl {INPUT} at (177,42) size 173x22 [color=#FF0000] [bgcolor=#FFFFFF] [border: (2px inset #EEEEEE)]
      LayoutBR {BR} at (350,58) size 0x0
      LayoutTextControl {INPUT} at (0,64) size 173x22 [color=#545454] [bgcolor=#0000FF] [border: (2px inset #EEEEEE)]
      LayoutText {#text} at (173,65) size 4x19
        text run at (173,65) width 4: " "
      LayoutTextControl {INPUT} at (177,64) size 173x22 [bgcolor=#0000FF] [border: (2px inset #EEEEEE)]
      LayoutBR {BR} at (350,80) size 0x0
      LayoutTextControl {INPUT} at (0,86) size 173x22 [color=#FF0000] [bgcolor=#0000FF] [border: (2px inset #EEEEEE)]
      LayoutText {#text} at (173,87) size 4x19
        text run at (173,87) width 4: " "
      LayoutTextControl {INPUT} at (177,86) size 173x22 [color=#FF0000] [bgcolor=#0000FF] [border: (2px inset #EEEEEE)]
      LayoutBR {BR} at (350,102) size 0x0
      LayoutTextControl {INPUT} at (0,108) size 173x22 [color=#545454] [bgcolor=#000000] [border: (2px inset #EEEEEE)]
      LayoutText {#text} at (173,109) size 4x19
        text run at (173,109) width 4: " "
      LayoutTextControl {INPUT} at (177,108) size 173x22 [bgcolor=#000000] [border: (2px inset #EEEEEE)]
      LayoutBR {BR} at (350,124) size 0x0
      LayoutTextControl {INPUT} at (0,130) size 173x22 [color=#FFFFFF] [bgcolor=#000000] [border: (2px inset #EEEEEE)]
      LayoutText {#text} at (173,131) size 4x19
        text run at (173,131) width 4: " "
      LayoutTextControl {INPUT} at (177,130) size 173x22 [color=#FFFFFF] [bgcolor=#000000] [border: (2px inset #EEEEEE)]
      LayoutBR {BR} at (350,146) size 0x0
      LayoutTextControl {INPUT} at (0,152) size 173x22 [color=#545454] [bgcolor=#808080] [border: (2px inset #EEEEEE)]
      LayoutText {#text} at (173,153) size 4x19
        text run at (173,153) width 4: " "
      LayoutTextControl {INPUT} at (177,152) size 173x22 [bgcolor=#808080] [border: (2px inset #EEEEEE)]
      LayoutBR {BR} at (350,168) size 0x0
      LayoutTextControl {INPUT} at (0,174) size 173x22 [color=#FFFFFF] [bgcolor=#A9A9A9] [border: (2px inset #EEEEEE)]
      LayoutText {#text} at (173,175) size 4x19
        text run at (173,175) width 4: " "
      LayoutTextControl {INPUT} at (177,174) size 173x22 [color=#FFFFFF] [bgcolor=#A9A9A9] [border: (2px inset #EEEEEE)]
      LayoutBR {BR} at (350,190) size 0x0
      LayoutTextControl {INPUT} at (0,196) size 173x22 [color=#808080] [bgcolor=#000000] [border: (2px inset #EEEEEE)]
      LayoutText {#text} at (173,197) size 4x19
        text run at (173,197) width 4: " "
      LayoutTextControl {INPUT} at (177,196) size 173x22 [color=#808080] [bgcolor=#000000] [border: (2px inset #EEEEEE)]
      LayoutBR {BR} at (350,212) size 0x0
      LayoutTextControl {INPUT} at (0,218) size 173x22 [color=#FF0000] [bgcolor=#808080] [border: (2px inset #EEEEEE)]
      LayoutText {#text} at (173,219) size 4x19
        text run at (173,219) width 4: " "
      LayoutTextControl {INPUT} at (177,218) size 173x22 [color=#FF0000] [bgcolor=#808080] [border: (2px inset #EEEEEE)]
      LayoutBR {BR} at (350,234) size 0x0
      LayoutTextControl {INPUT} at (0,240) size 173x22 [color=#808080] [bgcolor=#FF0000] [border: (2px inset #EEEEEE)]
      LayoutText {#text} at (173,241) size 4x19
        text run at (173,241) width 4: " "
      LayoutTextControl {INPUT} at (177,240) size 173x22 [color=#808080] [bgcolor=#FF0000] [border: (2px inset #EEEEEE)]
      LayoutBR {BR} at (350,256) size 0x0
      LayoutTextControl {INPUT} at (0,262) size 173x22 [color=#FF0000] [bgcolor=#FFFFFF] [border: (2px inset #EEEEEE)]
      LayoutText {#text} at (173,263) size 4x19
        text run at (173,263) width 4: " "
      LayoutTextControl {INPUT} at (177,262) size 173x22 [color=#FF0000] [bgcolor=#FFFFFF] [border: (2px inset #EEEEEE)]
      LayoutBR {BR} at (350,278) size 0x0
      LayoutTextControl {INPUT} at (0,284) size 173x22 [color=#FF0000] [border: (2px inset #EEEEEE)]
      LayoutText {#text} at (173,285) size 4x19
        text run at (173,285) width 4: " "
      LayoutTextControl {INPUT} at (177,284) size 173x22 [color=#FF0000] [border: (2px inset #EEEEEE)]
      LayoutBR {BR} at (350,300) size 0x0
layer at (10,31) size 169x16 scrollWidth 378
  LayoutBlockFlow {DIV} at (2,3) size 169x16
    LayoutText {#text} at (0,0) size 378x16
      text run at (0,0) width 378: "The text in this disabled field should displayed as dimmed or grey"
layer at (187,31) size 169x16
  LayoutBlockFlow {DIV} at (2,3) size 169x16
    LayoutText {#text} at (0,0) size 165x16
      text run at (0,0) width 165: "This text field is not disabled"
layer at (10,53) size 169x16 scrollWidth 378
  LayoutBlockFlow {DIV} at (2,3) size 169x16
    LayoutText {#text} at (0,0) size 378x16
      text run at (0,0) width 378: "The text in this disabled field should displayed as dimmed or grey"
layer at (187,53) size 169x16
  LayoutBlockFlow {DIV} at (2,3) size 169x16
    LayoutText {#text} at (0,0) size 165x16
      text run at (0,0) width 165: "This text field is not disabled"
layer at (10,75) size 169x16 scrollWidth 378
  LayoutBlockFlow {DIV} at (2,3) size 169x16
    LayoutText {#text} at (0,0) size 378x16
      text run at (0,0) width 378: "The text in this disabled field should displayed as dimmed or grey"
layer at (187,75) size 169x16
  LayoutBlockFlow {DIV} at (2,3) size 169x16
    LayoutText {#text} at (0,0) size 165x16
      text run at (0,0) width 165: "This text field is not disabled"
layer at (10,97) size 169x16 scrollWidth 378
  LayoutBlockFlow {DIV} at (2,3) size 169x16
    LayoutText {#text} at (0,0) size 378x16
      text run at (0,0) width 378: "The text in this disabled field should displayed as dimmed or grey"
layer at (187,97) size 169x16
  LayoutBlockFlow {DIV} at (2,3) size 169x16
    LayoutText {#text} at (0,0) size 165x16
      text run at (0,0) width 165: "This text field is not disabled"
layer at (10,119) size 169x16 scrollWidth 378
  LayoutBlockFlow {DIV} at (2,3) size 169x16
    LayoutText {#text} at (0,0) size 378x16
      text run at (0,0) width 378: "The text in this disabled field should displayed as dimmed or grey"
layer at (187,119) size 169x16
  LayoutBlockFlow {DIV} at (2,3) size 169x16
    LayoutText {#text} at (0,0) size 165x16
      text run at (0,0) width 165: "This text field is not disabled"
layer at (10,141) size 169x16 scrollWidth 378
  LayoutBlockFlow {DIV} at (2,3) size 169x16
    LayoutText {#text} at (0,0) size 378x16
      text run at (0,0) width 378: "The text in this disabled field should displayed as dimmed or grey"
layer at (187,141) size 169x16
  LayoutBlockFlow {DIV} at (2,3) size 169x16
    LayoutText {#text} at (0,0) size 165x16
      text run at (0,0) width 165: "This text field is not disabled"
layer at (10,163) size 169x16 scrollWidth 378
  LayoutBlockFlow {DIV} at (2,3) size 169x16
    LayoutText {#text} at (0,0) size 378x16
      text run at (0,0) width 378: "The text in this disabled field should displayed as dimmed or grey"
layer at (187,163) size 169x16
  LayoutBlockFlow {DIV} at (2,3) size 169x16
    LayoutText {#text} at (0,0) size 165x16
      text run at (0,0) width 165: "This text field is not disabled"
layer at (10,185) size 169x16 scrollWidth 378
  LayoutBlockFlow {DIV} at (2,3) size 169x16
    LayoutText {#text} at (0,0) size 378x16
      text run at (0,0) width 378: "The text in this disabled field should displayed as dimmed or grey"
layer at (187,185) size 169x16
  LayoutBlockFlow {DIV} at (2,3) size 169x16
    LayoutText {#text} at (0,0) size 165x16
      text run at (0,0) width 165: "This text field is not disabled"
layer at (10,207) size 169x16 scrollWidth 378
  LayoutBlockFlow {DIV} at (2,3) size 169x16
    LayoutText {#text} at (0,0) size 378x16
      text run at (0,0) width 378: "The text in this disabled field should displayed as dimmed or grey"
layer at (187,207) size 169x16
  LayoutBlockFlow {DIV} at (2,3) size 169x16
    LayoutText {#text} at (0,0) size 165x16
      text run at (0,0) width 165: "This text field is not disabled"
layer at (10,229) size 169x16 scrollWidth 378
  LayoutBlockFlow {DIV} at (2,3) size 169x16
    LayoutText {#text} at (0,0) size 378x16
      text run at (0,0) width 378: "The text in this disabled field should displayed as dimmed or grey"
layer at (187,229) size 169x16
  LayoutBlockFlow {DIV} at (2,3) size 169x16
    LayoutText {#text} at (0,0) size 165x16
      text run at (0,0) width 165: "This text field is not disabled"
layer at (10,251) size 169x16 scrollWidth 378
  LayoutBlockFlow {DIV} at (2,3) size 169x16
    LayoutText {#text} at (0,0) size 378x16
      text run at (0,0) width 378: "The text in this disabled field should displayed as dimmed or grey"
layer at (187,251) size 169x16
  LayoutBlockFlow {DIV} at (2,3) size 169x16
    LayoutText {#text} at (0,0) size 165x16
      text run at (0,0) width 165: "This text field is not disabled"
layer at (10,273) size 169x16 scrollWidth 378
  LayoutBlockFlow {DIV} at (2,3) size 169x16
    LayoutText {#text} at (0,0) size 378x16
      text run at (0,0) width 378: "The text in this disabled field should displayed as dimmed or grey"
layer at (187,273) size 169x16
  LayoutBlockFlow {DIV} at (2,3) size 169x16
    LayoutText {#text} at (0,0) size 165x16
      text run at (0,0) width 165: "This text field is not disabled"
layer at (10,295) size 169x16 scrollWidth 378
  LayoutBlockFlow {DIV} at (2,3) size 169x16
    LayoutText {#text} at (0,0) size 378x16
      text run at (0,0) width 378: "The text in this disabled field should displayed as dimmed or grey"
layer at (187,295) size 169x16
  LayoutBlockFlow {DIV} at (2,3) size 169x16
    LayoutText {#text} at (0,0) size 165x16
      text run at (0,0) width 165: "This text field is not disabled"
