layer at (0,0) size 800x600
  LayoutView at (0,0) size 800x600
layer at (0,0) size 800x600
  LayoutBlockFlow {HTML} at (0,0) size 800x600
    LayoutBlockFlow {BODY} at (8,8) size 784x584
      LayoutText {#text} at (0,0) size 328x19
        text run at (0,0) width 328: "This tests that the new text fields use the correct width."
      LayoutBR {BR} at (328,15) size 0x0
      LayoutTextControl {INPUT} at (0,20) size 173x22 [bgcolor=#FFFFFF] [border: (2px inset #EEEEEE)]
      LayoutBR {BR} at (173,36) size 0x0
      LayoutTextControl {INPUT} at (0,42) size 200x22 [bgcolor=#FFFFFF] [border: (2px inset #EEEEEE)]
      LayoutBR {BR} at (200,58) size 0x0
      LayoutTextControl {INPUT} at (0,64) size 383x22 [bgcolor=#FFFFFF] [border: (2px inset #EEEEEE)]
      LayoutBR {BR} at (383,80) size 0x0
      LayoutTextControl {INPUT} at (0,86) size 200x22 [bgcolor=#FFFFFF] [border: (2px inset #EEEEEE)]
      LayoutBR {BR} at (200,102) size 0x0
      LayoutTextControl {INPUT} at (0,108) size 103x22 [bgcolor=#FFFFFF] [border: (2px inset #EEEEEE)]
      LayoutBR {BR} at (103,124) size 0x0
layer at (10,31) size 169x16
  LayoutBlockFlow {DIV} at (2,3) size 169x16
layer at (10,53) size 196x16
  LayoutBlockFlow {DIV} at (2,3) size 196x16
    LayoutText {#text} at (0,0) size 108x16
      text run at (0,0) width 108: "styled width 200px"
layer at (10,75) size 379x16
  LayoutBlockFlow {DIV} at (2,3) size 379x16
    LayoutText {#text} at (0,0) size 42x16
      text run at (0,0) width 42: "size 50"
layer at (10,97) size 196x16
  LayoutBlockFlow {DIV} at (2,3) size 196x16
    LayoutText {#text} at (0,0) size 171x16
      text run at (0,0) width 171: "styled width 200px & size=10"
layer at (10,119) size 99x16
  LayoutBlockFlow {DIV} at (2,3) size 99x16
    LayoutText {#text} at (0,0) size 42x16
      text run at (0,0) width 42: "size 10"
