layer at (0,0) size 800x600
  LayoutView at (0,0) size 800x600
layer at (0,0) size 800x600
  LayoutBlockFlow {HTML} at (0,0) size 800x600
    LayoutBlockFlow {BODY} at (8,8) size 784x584
      LayoutText {#text} at (0,0) size 784x39
        text run at (0,0) width 784: "This tests that leading and trailing spaces in a text field don't get lost. There should be 3 spaces before and 3 spaces after the text in"
        text run at (0,20) width 55: "the field. "
      LayoutBR {BR} at (55,35) size 0x0
      LayoutTextControl {INPUT} at (0,40) size 173x22 [bgcolor=#FFFFFF] [border: (2px inset #EEEEEE)]
      LayoutText {#text} at (0,0) size 0x0
layer at (10,51) size 169x16
  LayoutBlockFlow {DIV} at (2,3) size 169x16
    LayoutText {#text} at (0,0) size 63x16
      text run at (0,0) width 63: "   foo bar   "
