layer at (0,0) size 800x600
  LayoutView at (0,0) size 800x600
layer at (0,0) size 800x600
  LayoutBlockFlow {HTML} at (0,0) size 800x600
    LayoutBlockFlow {BODY} at (8,8) size 784x584
      LayoutBlockFlow {P} at (0,0) size 784x20
        LayoutText {#text} at (0,0) size 108x19
          text run at (0,0) width 108: "This tests that the "
        LayoutInline {CODE} at (0,0) size 72x16
          LayoutText {#text} at (108,3) size 72x16
            text run at (108,3) width 72: "word-wrap"
        LayoutText {#text} at (180,0) size 284x19
          text run at (180,0) width 284: " property is ignored for single-line text controls."
      LayoutBlockFlow (anonymous) at (0,36) size 784x40
        LayoutTextControl {INPUT} at (0,0) size 173x40 [bgcolor=#FFFFFF] [border: (2px inset #EEEEEE)]
        LayoutText {#text} at (0,0) size 0x0
layer at (10,56) size 169x16 scrollWidth 281
  LayoutBlockFlow {DIV} at (2,12) size 169x16
    LayoutText {#text} at (0,0) size 280x16
      text run at (0,0) width 280: "This sentence should not wrap into the next line."
