layer at (0,0) size 800x600
  LayoutView at (0,0) size 800x600
layer at (0,0) size 800x600
  LayoutBlockFlow {HTML} at (0,0) size 800x600
    LayoutBlockFlow {BODY} at (8,8) size 784x576
      LayoutBlockFlow (anonymous) at (0,0) size 784x22
        LayoutTextControl {INPUT} at (0,0) size 173x22 [bgcolor=#FFFFFF] [border: (2px inset #EEEEEE)]
        LayoutText {#text} at (0,0) size 0x0
      LayoutBlockFlow {P} at (0,38) size 784x40
        LayoutText {#text} at (0,0) size 760x39
          text run at (0,0) width 760: "Tests clicking on an input element that has a value that self-destructs. If the test succeeds, there should be a blinking caret in the"
          text run at (0,20) width 55: "text field."
layer at (10,11) size 169x16
  LayoutBlockFlow {DIV} at (2,3) size 169x16
caret: position 0 of child 0 {DIV} of {#document-fragment} of child 0 {INPUT} of body
