layer at (0,0) size 800x600
  LayoutView at (0,0) size 800x600
layer at (0,0) size 800x600
  LayoutBlockFlow {HTML} at (0,0) size 800x600
    LayoutBlockFlow {BODY} at (8,8) size 784x584
      LayoutText {#text} at (0,0) size 522x19
        text run at (0,0) width 522: "This tests that a negative outline-offset won't get in the way of a cursor in a text control."
      LayoutBR {BR} at (522,15) size 0x0
      LayoutTextControl {INPUT} at (0,20) size 226x28 [bgcolor=#FFFFFF] [border: (1px solid #000000)]
      LayoutText {#text} at (0,0) size 0x0
layer at (9,30) size 224x24 scrollWidth 536
  LayoutBlockFlow {DIV} at (1,2) size 224x24
    LayoutText {#text} at (0,0) size 535x23
      text run at (0,0) width 535: "abcThis tests that typing doesn't cut holes in the focus outline"
caret: position 3 of child 0 {#text} of child 0 {DIV} of {#document-fragment} of child 3 {INPUT} of body
