layer at (0,0) size 800x600
  LayoutView at (0,0) size 800x600
layer at (0,0) size 800x600
  LayoutBlockFlow {HTML} at (0,0) size 800x600
    LayoutBlockFlow {BODY} at (8,8) size 784x584
      LayoutBlockFlow {P} at (0,0) size 784x40
        LayoutText {#text} at (0,0) size 742x39
          text run at (0,0) width 742: "Assuming the port-specific theme draws focus rings, this test can be used to ensure that a focus ring is drawn for a text input"
          text run at (0,20) width 536: "element. This test PASSED if a focus ring is drawn around the text input element (below)."
      LayoutBlockFlow (anonymous) at (0,56) size 784x22
        LayoutTextControl {INPUT} at (0,0) size 173x22 [bgcolor=#FFFFFF] [border: (2px inset #EEEEEE)]
        LayoutText {#text} at (0,0) size 0x0
layer at (10,67) size 169x16
  LayoutBlockFlow {DIV} at (2,3) size 169x16
caret: position 0 of child 0 {DIV} of {#document-fragment} of child 3 {INPUT} of body
