layer at (0,0) size 800x600 clip at (0,0) size 785x600 scrollHeight 2811
  LayoutView at (0,0) size 800x600
layer at (0,0) size 785x2811 backgroundClip at (0,0) size 785x600 clip at (0,0) size 785x600
  LayoutBlockFlow {HTML} at (0,0) size 785x2811.27
    LayoutBlockFlow {BODY} at (8,8) size 769x2795.27 [bgcolor=#CCCCCC]
      LayoutBlockFlow {P} at (0,0) size 769x18
        LayoutText {#text} at (0,0) size 363x18
          text run at (0,0) width 363: "The style declarations which apply to the text below are:"
      LayoutBlockFlow {PRE} at (0,34) size 769x300
        LayoutText {#text} at (0,0) size 219x300
          text run at (0,0) width 196: ".one {font-size: medium;}"
          text run at (195,0) width 1: " "
          text run at (0,15) width 196: ".two {font-size: larger;}"
          text run at (195,15) width 1: " "
          text run at (0,30) width 219: ".three {font-size: smaller;}"
          text run at (218,30) width 1: " "
          text run at (0,45) width 219: ".four {font-size: xx-small;}"
          text run at (218,45) width 1: " "
          text run at (0,60) width 211: ".five {font-size: x-small;}"
          text run at (210,60) width 1: " "
          text run at (0,75) width 188: ".six {font-size: small;}"
          text run at (187,75) width 1: " "
          text run at (0,90) width 203: ".seven {font-size: large;}"
          text run at (202,90) width 1: " "
          text run at (0,105) width 219: ".eight {font-size: x-large;}"
          text run at (218,105) width 1: " "
          text run at (0,120) width 219: ".nine {font-size: xx-large;}"
          text run at (218,120) width 1: " "
          text run at (0,135) width 172: ".a {font-size: 0.5in;}"
          text run at (171,135) width 1: " "
          text run at (0,150) width 157: ".b {font-size: 1cm;}"
          text run at (156,150) width 1: " "
          text run at (0,165) width 164: ".c {font-size: 10mm;}"
          text run at (163,165) width 1: " "
          text run at (0,180) width 164: ".d {font-size: 18pt;}"
          text run at (163,180) width 1: " "
          text run at (0,195) width 172: ".e {font-size: 1.5pc;}"
          text run at (171,195) width 1: " "
          text run at (0,210) width 157: ".f {font-size: 2em;}"
          text run at (156,210) width 1: " "
          text run at (0,225) width 157: ".g {font-size: 3ex;}"
          text run at (156,225) width 1: " "
          text run at (0,240) width 164: ".h {font-size: 25px;}"
          text run at (163,240) width 1: " "
          text run at (0,255) width 164: ".i {font-size: 200%;}"
          text run at (163,255) width 1: " "
          text run at (0,270) width 180: ".j {font-size: -0.5in;}"
          text run at (179,270) width 1: " "
          text run at (0,285) width 0: " "
      LayoutBlockFlow {HR} at (0,347) size 769x2 [border: (1px inset #EEEEEE)]
      LayoutBlockFlow {P} at (0,365) size 769x18
        LayoutText {#text} at (0,0) size 707x18
          text run at (0,0) width 707: "This paragraph element is unstyled, so the size of the font in this element is the default size for this user agent."
      LayoutBlockFlow {P} at (0,399) size 769x18
        LayoutText {#text} at (0,0) size 190x18
          text run at (0,0) width 190: "This sentence has been set to "
        LayoutInline {CODE} at (0,0) size 48x15
          LayoutText {#text} at (189,2) size 48x15
            text run at (189,2) width 48: "medium"
        LayoutText {#text} at (236,0) size 368x18
          text run at (236,0) width 368: ", which may or may not be the same size as unstyled text."
      LayoutBlockFlow {P} at (0,436.19) size 769x22
        LayoutText {#text} at (0,0) size 380x22
          text run at (0,0) width 380: "This sentence should be larger than unstyled text."
      LayoutBlockFlow {P} at (0,477.38) size 769x15
        LayoutText {#text} at (0,0) size 272x15
          text run at (0,0) width 272: "This sentence should be smaller than unstyled text."
      LayoutBlockFlow {P} at (0,505.70) size 769x18
        LayoutText {#text} at (0,6) size 286x10
          text run at (0,6) width 286: "This sentence should be very small, but the last word in the sentence should be "
        LayoutInline {SPAN} at (0,0) size 54x18
          LayoutText {#text} at (285,0) size 54x18
            text run at (285,0) width 54: "medium"
        LayoutText {#text} at (338,6) size 3x10
          text run at (338,6) width 3: "."
      LayoutBlockFlow {P} at (0,533.70) size 769x18
        LayoutText {#text} at (0,4) size 324x13
          text run at (0,4) width 324: "This sentence should be rather small, but the last word in the sentence should be "
        LayoutInline {SPAN} at (0,0) size 53x18
          LayoutText {#text} at (323,0) size 53x18
            text run at (323,0) width 53: "medium"
        LayoutText {#text} at (375,4) size 4x13
          text run at (375,4) width 4: "."
      LayoutBlockFlow {P} at (0,564.70) size 769x18
        LayoutText {#text} at (0,2) size 387x15
          text run at (0,2) width 387: "This sentence should be small, but the last word in the sentence should be "
        LayoutInline {SPAN} at (0,0) size 54x18
          LayoutText {#text} at (386,0) size 54x18
            text run at (386,0) width 54: "medium"
        LayoutText {#text} at (439,2) size 4x15
          text run at (439,2) width 4: "."
      LayoutBlockFlow {P} at (0,600.70) size 769x22
        LayoutText {#text} at (0,0) size 533x22
          text run at (0,0) width 533: "This sentence should be large, but the last word in the sentence should be "
        LayoutInline {SPAN} at (0,0) size 53x18
          LayoutText {#text} at (532,3) size 53x18
            text run at (532,3) width 53: "medium"
        LayoutText {#text} at (584,0) size 5x22
          text run at (584,0) width 5: "."
      LayoutBlockFlow {P} at (0,646.70) size 769x56
        LayoutText {#text} at (0,0) size 766x28
          text run at (0,0) width 766: "This sentence should be rather large, but the last word in the sentence should be"
        LayoutInline {SPAN} at (0,0) size 53x18
          LayoutText {#text} at (0,36) size 53x18
            text run at (0,36) width 53: "medium"
        LayoutText {#text} at (52,28) size 7x28
          text run at (52,28) width 7: "."
      LayoutBlockFlow {P} at (0,734.70) size 769x74
        LayoutText {#text} at (0,0) size 754x74
          text run at (0,0) width 754: "This sentence should be very large, but the last word in the"
          text run at (0,37) width 250: "sentence should be "
        LayoutInline {SPAN} at (0,0) size 54x18
          LayoutText {#text} at (249,52) size 54x18
            text run at (249,52) width 54: "medium"
        LayoutText {#text} at (302,37) size 9x37
          text run at (302,37) width 9: "."
      LayoutBlockFlow {P} at (0,856.70) size 769x110
        LayoutText {#text} at (0,0) size 699x110
          text run at (0,0) width 699: "This sentence should be half an inch"
          text run at (0,55) width 74: "tall."
      LayoutBlockFlow {P} at (0,1014.70) size 769x43
        LayoutText {#text} at (0,0) size 663x43
          text run at (0,0) width 663: "This sentence should be one centimeter tall."
      LayoutBlockFlow {P} at (0,1095.48) size 769x43
        LayoutText {#text} at (0,0) size 667x43
          text run at (0,0) width 667: "This sentence should be ten millimeters tall."
      LayoutBlockFlow {P} at (0,1176.27) size 769x28
        LayoutText {#text} at (0,0) size 425x28
          text run at (0,0) width 425: "This sentence should be eighteen points tall."
      LayoutBlockFlow {P} at (0,1228.27) size 769x28
        LayoutText {#text} at (0,0) size 494x28
          text run at (0,0) width 494: "This sentence should be one and one half picas tall."
      LayoutBlockFlow {P} at (0,1288.27) size 769x37
        LayoutText {#text} at (0,0) size 467x37
          text run at (0,0) width 467: "This sentence should be two em tall."
      LayoutBlockFlow {P} at (0,1357.27) size 769x24
        LayoutText {#text} at (0,0) size 319x24
          text run at (0,0) width 319: "This sentence should be three ex tall."
      LayoutBlockFlow {P} at (0,1406.27) size 769x29
        LayoutText {#text} at (0,0) size 471x29
          text run at (0,0) width 471: "This sentence should be twenty-five pixels tall."
      LayoutBlockFlow {P} at (0,1467.27) size 769x37
        LayoutText {#text} at (0,0) size 549x37
          text run at (0,0) width 549: "This sentence should be twice normal size."
      LayoutBlockFlow {P} at (0,1536.27) size 769x18
        LayoutText {#text} at (0,0) size 686x18
          text run at (0,0) width 686: "This sentence should be normal size, since no negative values are allowed and therefore should be ignored."
      LayoutTable {TABLE} at (0,1570.27) size 769x1225 [border: (1px outset #808080)]
        LayoutTableSection {TBODY} at (1,1) size 767x1223
          LayoutTableRow {TR} at (0,0) size 767x26
            LayoutTableCell {TD} at (0,0) size 767x26 [bgcolor=#C0C0C0] [border: (1px inset #808080)] [r=0 c=0 rs=1 cs=2]
              LayoutInline {STRONG} at (0,0) size 161x18
                LayoutText {#text} at (4,4) size 161x18
                  text run at (4,4) width 161: "TABLE Testing Section"
          LayoutTableRow {TR} at (0,26) size 767x1197
            LayoutTableCell {TD} at (0,611) size 12x26 [bgcolor=#C0C0C0] [border: (1px inset #808080)] [r=1 c=0 rs=1 cs=1]
              LayoutText {#text} at (4,4) size 4x18
                text run at (4,4) width 4: " "
            LayoutTableCell {TD} at (12,26) size 755x1197.27 [border: (1px inset #808080)] [r=1 c=1 rs=1 cs=1]
              LayoutBlockFlow {P} at (4,4) size 747x18
                LayoutText {#text} at (0,0) size 707x18
                  text run at (0,0) width 707: "This paragraph element is unstyled, so the size of the font in this element is the default size for this user agent."
              LayoutBlockFlow {P} at (4,38) size 747x18
                LayoutText {#text} at (0,0) size 190x18
                  text run at (0,0) width 190: "This sentence has been set to "
                LayoutInline {CODE} at (0,0) size 48x15
                  LayoutText {#text} at (189,2) size 48x15
                    text run at (189,2) width 48: "medium"
                LayoutText {#text} at (236,0) size 368x18
                  text run at (236,0) width 368: ", which may or may not be the same size as unstyled text."
              LayoutBlockFlow {P} at (4,75.19) size 747x22
                LayoutText {#text} at (0,0) size 380x22
                  text run at (0,0) width 380: "This sentence should be larger than unstyled text."
              LayoutBlockFlow {P} at (4,116.38) size 747x15
                LayoutText {#text} at (0,0) size 272x15
                  text run at (0,0) width 272: "This sentence should be smaller than unstyled text."
              LayoutBlockFlow {P} at (4,144.70) size 747x18
                LayoutText {#text} at (0,6) size 286x10
                  text run at (0,6) width 286: "This sentence should be very small, but the last word in the sentence should be "
                LayoutInline {SPAN} at (0,0) size 54x18
                  LayoutText {#text} at (285,0) size 54x18
                    text run at (285,0) width 54: "medium"
                LayoutText {#text} at (338,6) size 3x10
                  text run at (338,6) width 3: "."
              LayoutBlockFlow {P} at (4,172.70) size 747x18
                LayoutText {#text} at (0,4) size 324x13
                  text run at (0,4) width 324: "This sentence should be rather small, but the last word in the sentence should be "
                LayoutInline {SPAN} at (0,0) size 53x18
                  LayoutText {#text} at (323,0) size 53x18
                    text run at (323,0) width 53: "medium"
                LayoutText {#text} at (375,4) size 4x13
                  text run at (375,4) width 4: "."
              LayoutBlockFlow {P} at (4,203.70) size 747x18
                LayoutText {#text} at (0,2) size 387x15
                  text run at (0,2) width 387: "This sentence should be small, but the last word in the sentence should be "
                LayoutInline {SPAN} at (0,0) size 54x18
                  LayoutText {#text} at (386,0) size 54x18
                    text run at (386,0) width 54: "medium"
                LayoutText {#text} at (439,2) size 4x15
                  text run at (439,2) width 4: "."
              LayoutBlockFlow {P} at (4,239.70) size 747x22
                LayoutText {#text} at (0,0) size 533x22
                  text run at (0,0) width 533: "This sentence should be large, but the last word in the sentence should be "
                LayoutInline {SPAN} at (0,0) size 53x18
                  LayoutText {#text} at (532,3) size 53x18
                    text run at (532,3) width 53: "medium"
                LayoutText {#text} at (584,0) size 5x22
                  text run at (584,0) width 5: "."
              LayoutBlockFlow {P} at (4,285.70) size 747x56
                LayoutText {#text} at (0,0) size 737x56
                  text run at (0,0) width 737: "This sentence should be rather large, but the last word in the sentence should"
                  text run at (0,28) width 29: "be "
                LayoutInline {SPAN} at (0,0) size 54x18
                  LayoutText {#text} at (28,36) size 54x18
                    text run at (28,36) width 54: "medium"
                LayoutText {#text} at (81,28) size 7x28
                  text run at (81,28) width 7: "."
              LayoutBlockFlow {P} at (4,373.70) size 747x74
                LayoutText {#text} at (0,0) size 706x74
                  text run at (0,0) width 706: "This sentence should be very large, but the last word in"
                  text run at (0,37) width 297: "the sentence should be "
                LayoutInline {SPAN} at (0,0) size 54x18
                  LayoutText {#text} at (296,52) size 54x18
                    text run at (296,52) width 54: "medium"
                LayoutText {#text} at (349,37) size 9x37
                  text run at (349,37) width 9: "."
              LayoutBlockFlow {P} at (4,495.70) size 747x110
                LayoutText {#text} at (0,0) size 699x110
                  text run at (0,0) width 699: "This sentence should be half an inch"
                  text run at (0,55) width 74: "tall."
              LayoutBlockFlow {P} at (4,653.70) size 747x43
                LayoutText {#text} at (0,0) size 663x43
                  text run at (0,0) width 663: "This sentence should be one centimeter tall."
              LayoutBlockFlow {P} at (4,734.48) size 747x43
                LayoutText {#text} at (0,0) size 667x43
                  text run at (0,0) width 667: "This sentence should be ten millimeters tall."
              LayoutBlockFlow {P} at (4,815.27) size 747x28
                LayoutText {#text} at (0,0) size 425x28
                  text run at (0,0) width 425: "This sentence should be eighteen points tall."
              LayoutBlockFlow {P} at (4,867.27) size 747x28
                LayoutText {#text} at (0,0) size 494x28
                  text run at (0,0) width 494: "This sentence should be one and one half picas tall."
              LayoutBlockFlow {P} at (4,927.27) size 747x37
                LayoutText {#text} at (0,0) size 467x37
                  text run at (0,0) width 467: "This sentence should be two em tall."
              LayoutBlockFlow {P} at (4,996.27) size 747x24
                LayoutText {#text} at (0,0) size 319x24
                  text run at (0,0) width 319: "This sentence should be three ex tall."
              LayoutBlockFlow {P} at (4,1045.27) size 747x29
                LayoutText {#text} at (0,0) size 471x29
                  text run at (0,0) width 471: "This sentence should be twenty-five pixels tall."
              LayoutBlockFlow {P} at (4,1106.27) size 747x37
                LayoutText {#text} at (0,0) size 549x37
                  text run at (0,0) width 549: "This sentence should be twice normal size."
              LayoutBlockFlow {P} at (4,1175.27) size 747x18
                LayoutText {#text} at (0,0) size 686x18
                  text run at (0,0) width 686: "This sentence should be normal size, since no negative values are allowed and therefore should be ignored."
