layer at (0,0) size 800x600 clip at (0,0) size 785x600 scrollHeight 1313
  LayoutView at (0,0) size 800x600
layer at (0,0) size 785x1313 backgroundClip at (0,0) size 785x600 clip at (0,0) size 785x600
  LayoutBlockFlow {HTML} at (0,0) size 785x1313
    LayoutBlockFlow {BODY} at (8,8) size 769x1297 [bgcolor=#CCCCCC]
      LayoutBlockFlow {P} at (0,0) size 769x18
        LayoutText {#text} at (0,0) size 363x18
          text run at (0,0) width 363: "The style declarations which apply to the text below are:"
      LayoutBlockFlow {PRE} at (0,34) size 769x135
        LayoutText {#text} at (0,0) size 305x135
          text run at (0,0) width 211: "DIV.a {font-family: serif;}"
          text run at (210,0) width 1: " "
          text run at (0,15) width 242: "DIV.b {font-family: monospace;}"
          text run at (241,15) width 1: " "
          text run at (0,30) width 203: ".one {font-family: serif;}"
          text run at (202,30) width 1: " "
          text run at (0,45) width 242: ".two {font-family: sans-serif;}"
          text run at (241,45) width 1: " "
          text run at (0,60) width 235: ".three {font-family: cursive;}"
          text run at (234,60) width 1: " "
          text run at (0,75) width 227: ".four {font-family: fantasy;}"
          text run at (226,75) width 1: " "
          text run at (0,90) width 242: ".five {font-family: monospace;}"
          text run at (241,90) width 1: " "
          text run at (0,105) width 305: ".six {font-family: sans-serif,cursive;}"
          text run at (304,105) width 1: " "
          text run at (0,120) width 297: ".seven {font-family: monospace,serif;}"
          text run at (296,120) width 1: " "
      LayoutBlockFlow {HR} at (0,182) size 769x2 [border: (1px inset #EEEEEE)]
      LayoutBlockFlow {DIV} at (0,200) size 769x199
        LayoutBlockFlow {P} at (0,0) size 769x18
          LayoutText {#text} at (0,0) size 653x18
            text run at (0,0) width 653: "This sentence is normal for the first division, which is the next five sentences; it should be a serif font."
        LayoutBlockFlow {P} at (0,34) size 769x18
          LayoutText {#text} at (0,0) size 248x18
            text run at (0,0) width 248: "This sentence should be in a serif font."
        LayoutBlockFlow {P} at (0,68) size 769x18
          LayoutText {#text} at (0,0) size 314x18
            text run at (0,0) width 314: "This sentence should be in a sans-serif font."
        LayoutBlockFlow {P} at (0,102) size 769x25
          LayoutText {#text} at (0,0) size 266x25
            text run at (0,0) width 266: "This sentence should be in a cursive font."
        LayoutBlockFlow {P} at (0,143) size 769x25
          LayoutText {#text} at (0,0) size 296x25
            text run at (0,0) width 296: "This sentence should be in a fantasy font."
        LayoutBlockFlow {P} at (0,184) size 769x15
          LayoutText {#text} at (0,0) size 344x15
            text run at (0,0) width 344: "This sentence should be in a monospace font."
      LayoutBlockFlow {HR} at (0,412) size 769x2 [border: (1px inset #EEEEEE)]
      LayoutBlockFlow {P} at (0,430) size 769x18
        LayoutText {#text} at (0,0) size 400x18
          text run at (0,0) width 400: "This sentence should be in a sans-serif font, not cursive."
      LayoutBlockFlow {P} at (0,464) size 769x18
        LayoutText {#text} at (0,0) size 529x18
          text run at (0,0) width 529: "This sentence should be in a monospace font, not serif."
      LayoutBlockFlow {HR} at (0,498) size 769x2 [border: (1px inset #EEEEEE)]
      LayoutBlockFlow {DIV} at (0,513) size 769x211
        LayoutBlockFlow {P} at (0,0) size 769x30
          LayoutText {#text} at (0,0) size 749x30
            text run at (0,0) width 749: "This sentence is normal for the first division, which is the next five sentences; it should be a"
            text run at (0,15) width 118: "monospace font."
        LayoutBlockFlow {P} at (0,46) size 769x18
          LayoutText {#text} at (0,0) size 248x18
            text run at (0,0) width 248: "This sentence should be in a serif font."
        LayoutBlockFlow {P} at (0,80) size 769x18
          LayoutText {#text} at (0,0) size 314x18
            text run at (0,0) width 314: "This sentence should be in a sans-serif font."
        LayoutBlockFlow {P} at (0,114) size 769x25
          LayoutText {#text} at (0,0) size 266x25
            text run at (0,0) width 266: "This sentence should be in a cursive font."
        LayoutBlockFlow {P} at (0,155) size 769x25
          LayoutText {#text} at (0,0) size 296x25
            text run at (0,0) width 296: "This sentence should be in a fantasy font."
        LayoutBlockFlow {P} at (0,196) size 769x15
          LayoutText {#text} at (0,0) size 344x15
            text run at (0,0) width 344: "This sentence should be in a monospace font."
      LayoutTable {TABLE} at (0,737) size 769x560 [border: (1px outset #808080)]
        LayoutTableSection {TBODY} at (1,1) size 767x558
          LayoutTableRow {TR} at (0,0) size 767x26
            LayoutTableCell {TD} at (0,0) size 767x26 [bgcolor=#C0C0C0] [border: (1px inset #808080)] [r=0 c=0 rs=1 cs=2]
              LayoutInline {STRONG} at (0,0) size 161x18
                LayoutText {#text} at (4,4) size 161x18
                  text run at (4,4) width 161: "TABLE Testing Section"
          LayoutTableRow {TR} at (0,26) size 767x532
            LayoutTableCell {TD} at (0,279) size 12x26 [bgcolor=#C0C0C0] [border: (1px inset #808080)] [r=1 c=0 rs=1 cs=1]
              LayoutText {#text} at (4,4) size 4x18
                text run at (4,4) width 4: " "
            LayoutTableCell {TD} at (12,26) size 755x532 [border: (1px inset #808080)] [r=1 c=1 rs=1 cs=1]
              LayoutBlockFlow {DIV} at (4,4) size 747x199
                LayoutBlockFlow {P} at (0,0) size 747x18
                  LayoutText {#text} at (0,0) size 653x18
                    text run at (0,0) width 653: "This sentence is normal for the first division, which is the next five sentences; it should be a serif font."
                LayoutBlockFlow {P} at (0,34) size 747x18
                  LayoutText {#text} at (0,0) size 248x18
                    text run at (0,0) width 248: "This sentence should be in a serif font."
                LayoutBlockFlow {P} at (0,68) size 747x18
                  LayoutText {#text} at (0,0) size 314x18
                    text run at (0,0) width 314: "This sentence should be in a sans-serif font."
                LayoutBlockFlow {P} at (0,102) size 747x25
                  LayoutText {#text} at (0,0) size 266x25
                    text run at (0,0) width 266: "This sentence should be in a cursive font."
                LayoutBlockFlow {P} at (0,143) size 747x25
                  LayoutText {#text} at (0,0) size 296x25
                    text run at (0,0) width 296: "This sentence should be in a fantasy font."
                LayoutBlockFlow {P} at (0,184) size 747x15
                  LayoutText {#text} at (0,0) size 344x15
                    text run at (0,0) width 344: "This sentence should be in a monospace font."
              LayoutBlockFlow {HR} at (4,216) size 747x2 [border: (1px inset #EEEEEE)]
              LayoutBlockFlow {P} at (4,234) size 747x18
                LayoutText {#text} at (0,0) size 400x18
                  text run at (0,0) width 400: "This sentence should be in a sans-serif font, not cursive."
              LayoutBlockFlow {P} at (4,268) size 747x18
                LayoutText {#text} at (0,0) size 529x18
                  text run at (0,0) width 529: "This sentence should be in a monospace font, not serif."
              LayoutBlockFlow {HR} at (4,302) size 747x2 [border: (1px inset #EEEEEE)]
              LayoutBlockFlow {DIV} at (4,317) size 747x211
                LayoutBlockFlow {P} at (0,0) size 747x30
                  LayoutText {#text} at (0,0) size 734x30
                    text run at (0,0) width 734: "This sentence is normal for the first division, which is the next five sentences; it should be"
                    text run at (0,15) width 133: "a monospace font."
                LayoutBlockFlow {P} at (0,46) size 747x18
                  LayoutText {#text} at (0,0) size 248x18
                    text run at (0,0) width 248: "This sentence should be in a serif font."
                LayoutBlockFlow {P} at (0,80) size 747x18
                  LayoutText {#text} at (0,0) size 314x18
                    text run at (0,0) width 314: "This sentence should be in a sans-serif font."
                LayoutBlockFlow {P} at (0,114) size 747x25
                  LayoutText {#text} at (0,0) size 266x25
                    text run at (0,0) width 266: "This sentence should be in a cursive font."
                LayoutBlockFlow {P} at (0,155) size 747x25
                  LayoutText {#text} at (0,0) size 296x25
                    text run at (0,0) width 296: "This sentence should be in a fantasy font."
                LayoutBlockFlow {P} at (0,196) size 747x15
                  LayoutText {#text} at (0,0) size 344x15
                    text run at (0,0) width 344: "This sentence should be in a monospace font."
