layer at (0,0) size 800x600
  LayoutView at (0,0) size 800x600
layer at (0,0) size 800x600
  LayoutBlockFlow {HTML} at (0,0) size 800x600
    LayoutBlockFlow {BODY} at (8,8) size 784x584 [bgcolor=#CCCCCC]
      LayoutBlockFlow {P} at (0,0) size 784x18
        LayoutText {#text} at (0,0) size 363x18
          text run at (0,0) width 363: "The style declarations which apply to the text below are:"
      LayoutBlockFlow {PRE} at (0,34) size 784x60
        LayoutText {#text} at (0,0) size 242x60
          text run at (0,0) width 203: ".one {font-style: italic;}"
          text run at (202,0) width 1: " "
          text run at (0,15) width 211: ".two {font-style: oblique;}"
          text run at (210,15) width 1: " "
          text run at (0,30) width 242: ".three, I {font-style: normal;}"
          text run at (241,30) width 1: " "
          text run at (0,45) width 0: " "
      LayoutBlockFlow {HR} at (0,107) size 784x2 [border: (1px inset #EEEEEE)]
      LayoutBlockFlow {P} at (0,125) size 784x18
        LayoutText {#text} at (0,0) size 510x18
          text run at (0,0) width 510: "This paragraph should be in italics, but the last word of the sentence should be "
        LayoutInline {SPAN} at (0,0) size 46x18
          LayoutText {#text} at (509,0) size 46x18
            text run at (509,0) width 46: "normal"
        LayoutText {#text} at (554,0) size 5x18
          text run at (554,0) width 5: "."
      LayoutBlockFlow {P} at (0,159) size 784x18
        LayoutText {#text} at (0,0) size 222x18
          text run at (0,0) width 222: "This paragraph should be oblique."
      LayoutBlockFlow {P} at (0,193) size 784x18
        LayoutInline {I} at (0,0) size 216x18
          LayoutText {#text} at (0,0) size 216x18
            text run at (0,0) width 216: "This paragraph should be normal."
        LayoutText {#text} at (0,0) size 0x0
      LayoutTable {TABLE} at (0,227) size 581x122 [border: (1px outset #808080)]
        LayoutTableSection {TBODY} at (1,1) size 579x120
          LayoutTableRow {TR} at (0,0) size 579x26
            LayoutTableCell {TD} at (0,0) size 579x26 [bgcolor=#C0C0C0] [border: (1px inset #808080)] [r=0 c=0 rs=1 cs=2]
              LayoutInline {STRONG} at (0,0) size 161x18
                LayoutText {#text} at (4,4) size 161x18
                  text run at (4,4) width 161: "TABLE Testing Section"
          LayoutTableRow {TR} at (0,26) size 579x94
            LayoutTableCell {TD} at (0,60) size 12x26 [bgcolor=#C0C0C0] [border: (1px inset #808080)] [r=1 c=0 rs=1 cs=1]
              LayoutText {#text} at (4,4) size 4x18
                text run at (4,4) width 4: " "
            LayoutTableCell {TD} at (12,26) size 567x94 [border: (1px inset #808080)] [r=1 c=1 rs=1 cs=1]
              LayoutBlockFlow {P} at (4,4) size 559x18
                LayoutText {#text} at (0,0) size 510x18
                  text run at (0,0) width 510: "This paragraph should be in italics, but the last word of the sentence should be "
                LayoutInline {SPAN} at (0,0) size 46x18
                  LayoutText {#text} at (509,0) size 46x18
                    text run at (509,0) width 46: "normal"
                LayoutText {#text} at (554,0) size 5x18
                  text run at (554,0) width 5: "."
              LayoutBlockFlow {P} at (4,38) size 559x18
                LayoutText {#text} at (0,0) size 222x18
                  text run at (0,0) width 222: "This paragraph should be oblique."
              LayoutBlockFlow {P} at (4,72) size 559x18
                LayoutInline {I} at (0,0) size 216x18
                  LayoutText {#text} at (0,0) size 216x18
                    text run at (0,0) width 216: "This paragraph should be normal."
                LayoutText {#text} at (0,0) size 0x0
