layer at (0,0) size 800x600 clip at (0,0) size 785x600 scrollHeight 4227
  LayoutView at (0,0) size 800x600
layer at (0,0) size 785x4227 backgroundClip at (0,0) size 785x600 clip at (0,0) size 785x600
  LayoutBlockFlow {HTML} at (0,0) size 785x4227.33
    LayoutBlockFlow {BODY} at (8,8) size 769x4211.33 [bgcolor=#CCCCCC]
      LayoutBlockFlow {P} at (0,0) size 769x14
        LayoutText {#text} at (0,0) size 272x14
          text run at (0,0) width 272: "The style declarations which apply to the text below are:"
      LayoutBlockFlow {PRE} at (0,26) size 769x168
        LayoutText {#text} at (0,0) size 411x168
          text run at (0,0) width 166: "BODY {font-size: 12px;}"
          text run at (165,0) width 1: " "
          text run at (0,14) width 332: ".one {font: italic small-caps 13pt Helvetica;}"
          text run at (331,14) width 1: " "
          text run at (0,28) width 209: ".two {font: 150%/150% serif;}"
          text run at (208,28) width 1: " "
          text run at (0,42) width 260: ".three {font: 150%/150% sans-serif;}"
          text run at (259,42) width 1: " "
          text run at (0,56) width 238: ".four {font: small/200% cursive;}"
          text run at (237,56) width 1: " "
          text run at (0,70) width 411: ".five {font: italic small-caps 900 150%/150% sans-serif;}"
          text run at (410,70) width 1: " "
          text run at (0,84) width 404: ".six {font: italic small-caps 100 150%/300% sans-serif;}"
          text run at (403,84) width 1: " "
          text run at (0,98) width 404: ".seven {font: italic small-caps 900 150%/2em monospace;}"
          text run at (403,98) width 1: " "
          text run at (0,112) width 411: ".eight {font: italic small-caps 500 150%/1in sans-serif;}"
          text run at (410,112) width 1: " "
          text run at (0,126) width 389: ".nine {font: oblique normal 700 18px/200% sans-serif;}"
          text run at (388,126) width 1: " "
          text run at (0,140) width 310: ".ten {font: normal 400 80%/2.5 sans-serif;}"
          text run at (309,140) width 1: " "
          text run at (0,154) width 274: "SPAN.color {background-color: silver;}"
          text run at (273,154) width 1: " "
      LayoutBlockFlow {HR} at (0,206) size 769x2 [border: (1px inset #EEEEEE)]
      LayoutBlockFlow {P} at (0,220) size 769x14
        LayoutText {#text} at (0,0) size 720x14
          text run at (0,0) width 431: "This element is unstyled, and should inherit a font-size of 12px from the BODY element. "
          text run at (430,0) width 290: "This is the \"base font size\" referred to in the following tests."
      LayoutBlockFlow {P} at (0,251.33) size 769x20
        LayoutText {#text} at (0,0) size 494x20
          text run at (0,0) width 494: "This element should be 13pt. Helvetica which is in small-cap italics."
      LayoutBlockFlow {P} at (0,289.33) size 769x81
        LayoutText {#text} at (0,2) size 764x76
          text run at (0,2) width 278: "This element should be in a serif font. "
          text run at (277,2) width 475: "Its font-size should be 150% the base font size, and its line-height"
          text run at (0,29) width 418: "should 150% of that value (18px and 27px, respectively). "
          text run at (417,29) width 347: "Extra text is included for the purposes of testing"
          text run at (0,56) width 152: "this more effectively."
      LayoutBlockFlow {P} at (0,388.33) size 769x81
        LayoutText {#text} at (0,3) size 761x75
          text run at (0,3) width 349: "This element should be in a sans-serif font. "
          text run at (348,3) width 413: "Its font-size should be 150% the base font size, and"
          text run at (0,30) width 569: "its line-height should 150% of that value (18px and 27px, respectively). "
          text run at (568,30) width 193: "Extra text is included for"
          text run at (0,57) width 350: "the purposes of testing this more effectively."
      LayoutBlockFlow {P} at (0,487.33) size 769x78
        LayoutText {#text} at (0,2) size 756x47
          text run at (0,2) width 608: "This element should be in a cursive font, 'small' in size, with a line-height 200% the height of the text's actual size. "
          text run at (607,2) width 149: "For example, if the font-size"
          text run at (0,28) width 32: "value "
        LayoutInline {CODE} at (0,0) size 31x12
          LayoutText {#text} at (31,33) size 31x12
            text run at (31,33) width 31: "small"
        LayoutText {#text} at (61,28) size 760x47
          text run at (61,28) width 313: " is calculated at 10px, then the line-height should be 20px. "
          text run at (373,28) width 271: "The actual value of the font-size is UA-dependent. "
          text run at (643,28) width 117: "Extra text is included"
          text run at (0,54) width 244: "for the purposes of testing this more effectively."
      LayoutBlockFlow {P} at (0,583.33) size 769x108
        LayoutText {#text} at (0,3) size 750x102
          text run at (0,3) width 729: "This element should be in a sans-serif font, italicized and small caps, with a weight of 900. "
          text run at (728,3) width 22: "Its"
          text run at (0,30) width 748: "font-size should be 150% the base font size, and its line-height should be 150% of that value"
          text run at (0,57) width 243: "(18px and 27px, respectively). "
          text run at (242,57) width 480: "Extra text is included for the purposes of testing this more"
          text run at (0,84) width 92: "effectively."
      LayoutBlockFlow {P} at (0,709.33) size 769x162
        LayoutText {#text} at (0,16) size 765x129
          text run at (0,16) width 699: "This element should be in a sans-serif font, italicized and small caps, with a weight of 100. "
          text run at (698,16) width 67: "Its font-"
          text run at (0,70) width 761: "size should be 150% the base font size, and its line-height should be 300% of that value (18px and"
          text run at (0,124) width 153: "54px, respectively). "
          text run at (152,124) width 547: "Extra text is included for the purposes of testing this more effectively."
      LayoutBlockFlow {P} at (0,889.33) size 769x144
        LayoutText {#text} at (0,7) size 733x129
          text run at (0,7) width 733: "This element should be in a monospace font, italicized and small caps, with a weight of"
          text run at (0,43) width 54: "900. "
          text run at (54,43) width 672: "Its font-size should be 150% the base font size, and its line-height should be"
          text run at (0,79) width 605: "2em, or twice the element's font size (18px and 36px, respectively). "
          text run at (604,79) width 111: "Extra text is"
          text run at (0,115) width 488: "included for the purposes of testing this more effectively."
      LayoutBlockFlow {P} at (0,1051.33) size 769x288
        LayoutText {#text} at (0,37) size 741x213
          text run at (0,37) width 719: "This element should be in a sans-serif font, italicized and small caps, with a weight of 500. "
          text run at (718,37) width 23: "Its"
          text run at (0,133) width 691: "font-size should be 150% the base font size, or 18px, and its line-height should be 1in. "
          text run at (690,133) width 48: "Extra"
          text run at (0,229) width 523: "text is included for the purposes of testing this more effectively."
      LayoutBlockFlow {P} at (0,1357.33) size 769x144
        LayoutText {#text} at (0,7) size 753x129
          text run at (0,7) width 753: "This element should be in a sans-serif font, oblique and not small-caps, with a weight of"
          text run at (0,43) width 41: "700. "
          text run at (40,43) width 666: "Its font-size should be 18 pixels, and its line-height should be 36px (200% this"
          text run at (0,79) width 177: "element's font size). "
          text run at (176,79) width 501: "Extra text is included for the purposes of testing this more"
          text run at (0,115) width 92: "effectively."
      LayoutBlockFlow {P} at (0,1519.33) size 769x46
        LayoutText {#text} at (0,6) size 742x33
          text run at (0,6) width 276: "This element should be in a sans-serif font, with a weight of 400. "
          text run at (275,6) width 417: "Its font-size should be 80% of 12px, or 9.6px, and its line-height shoud be 2.5 times that, or 24px. "
          text run at (691,6) width 51: "Extra text is"
          text run at (0,29) width 239: "included for the purposes of testing this more effectively."
      LayoutBlockFlow {P} at (0,1583.33) size 769x216
        LayoutInline {SPAN} at (0,0) size 765x183 [bgcolor=#C0C0C0]
          LayoutText {#text} at (0,16) size 765x183
            text run at (0,16) width 699: "This element should be in a sans-serif font, italicized and small caps, with a weight of 100. "
            text run at (698,16) width 67: "Its font-"
            text run at (0,70) width 761: "size should be 150% the base font size, and its line-height should be 300% of that value (18px and"
            text run at (0,124) width 753: "54px, respectively). The text should have a silver background. The background color has been set"
            text run at (0,178) width 678: "on an inline element and should therefore only cover the text, not the interline spacing."
        LayoutText {#text} at (0,0) size 0x0
      LayoutTable {TABLE} at (0,1817.33) size 769x2394 [border: (1px outset #808080)]
        LayoutTableSection {TBODY} at (1,1) size 767x2392
          LayoutTableRow {TR} at (0,0) size 767x26
            LayoutTableCell {TD} at (0,0) size 767x26 [bgcolor=#C0C0C0] [border: (1px inset #808080)] [r=0 c=0 rs=1 cs=2]
              LayoutInline {STRONG} at (0,0) size 161x18
                LayoutText {#text} at (4,4) size 161x18
                  text run at (4,4) width 161: "TABLE Testing Section"
          LayoutTableRow {TR} at (0,26) size 767x2366
            LayoutTableCell {TD} at (0,1196) size 12x26 [bgcolor=#C0C0C0] [border: (1px inset #808080)] [r=1 c=0 rs=1 cs=1]
              LayoutText {#text} at (4,4) size 4x18
                text run at (4,4) width 4: " "
            LayoutTableCell {TD} at (12,26) size 755x2366.33 [border: (1px inset #808080)] [r=1 c=1 rs=1 cs=1]
              LayoutBlockFlow {P} at (4,4) size 747x36
                LayoutText {#text} at (0,0) size 746x36
                  text run at (0,0) width 575: "This element is unstyled, and should inherit a font-size of 12px from the BODY element. "
                  text run at (574,0) width 172: "This is the \"base font size\""
                  text run at (0,18) width 210: "referred to in the following tests."
              LayoutBlockFlow {P} at (4,57.33) size 747x20
                LayoutText {#text} at (0,0) size 494x20
                  text run at (0,0) width 494: "This element should be 13pt. Helvetica which is in small-cap italics."
              LayoutBlockFlow {P} at (4,101.33) size 747x144
                LayoutText {#text} at (0,4) size 729x136
                  text run at (0,4) width 370: "This element should be in a serif font. "
                  text run at (369,4) width 360: "Its font-size should be 150% the base"
                  text run at (0,40) width 688: "font size, and its line-height should 150% of that value (18px and 27px,"
                  text run at (0,76) width 136: "respectively). "
                  text run at (135,76) width 559: "Extra text is included for the purposes of testing this more"
                  text run at (0,112) width 107: "effectively."
              LayoutBlockFlow {P} at (4,269.33) size 747x144
                LayoutText {#text} at (0,4) size 741x136
                  text run at (0,4) width 465: "This element should be in a sans-serif font. "
                  text run at (464,4) width 234: "Its font-size should be"
                  text run at (0,40) width 741: "150% the base font size, and its line-height should 150% of that value"
                  text run at (0,76) width 327: "(18px and 27px, respectively). "
                  text run at (326,76) width 403: "Extra text is included for the purposes"
                  text run at (0,112) width 321: "of testing this more effectively."
              LayoutBlockFlow {P} at (4,437.33) size 747x78
                LayoutText {#text} at (0,2) size 737x47
                  text run at (0,2) width 608: "This element should be in a cursive font, 'small' in size, with a line-height 200% the height of the text's actual size. "
                  text run at (607,2) width 130: "For example, if the font-"
                  text run at (0,28) width 54: "size value "
                LayoutInline {CODE} at (0,0) size 31x12
                  LayoutText {#text} at (53,33) size 31x12
                    text run at (53,33) width 31: "small"
                LayoutText {#text} at (83,28) size 733x47
                  text run at (83,28) width 313: " is calculated at 10px, then the line-height should be 20px. "
                  text run at (395,28) width 271: "The actual value of the font-size is UA-dependent. "
                  text run at (665,28) width 68: "Extra text is"
                  text run at (0,54) width 293: "included for the purposes of testing this more effectively."
              LayoutBlockFlow {P} at (4,539.33) size 747x180
                LayoutText {#text} at (0,4) size 730x172
                  text run at (0,4) width 722: "This element should be in a sans-serif font, italicized and small caps,"
                  text run at (0,40) width 228: "with a weight of 900. "
                  text run at (227,40) width 503: "Its font-size should be 150% the base font size,"
                  text run at (0,76) width 679: "and its line-height should be 150% of that value (18px and 27px,"
                  text run at (0,112) width 150: "respectively). "
                  text run at (149,112) width 571: "Extra text is included for the purposes of testing this"
                  text run at (0,148) width 178: "more effectively."
              LayoutBlockFlow {P} at (4,743.33) size 747x288
                LayoutText {#text} at (0,22) size 739x244
                  text run at (0,22) width 739: "This element should be in a sans-serif font, italicized and small caps, with"
                  text run at (0,94) width 173: "a weight of 100. "
                  text run at (172,94) width 559: "Its font-size should be 150% the base font size, and its"
                  text run at (0,166) width 722: "line-height should be 300% of that value (18px and 54px, respectively)."
                  text run at (0,238) width 717: "Extra text is included for the purposes of testing this more effectively."
              LayoutBlockFlow {P} at (4,1055.33) size 747x195
                LayoutText {#text} at (0,8) size 733x179
                  text run at (0,8) width 700: "This element should be in a monospace font, italicized and small caps, with a"
                  text run at (0,47) width 150: "weight of 900. "
                  text run at (149,47) width 584: "Its font-size should be 150% the base font size, and its line-"
                  text run at (0,86) width 658: "height should be 2em, or twice the element's font size (18px and 36px,"
                  text run at (0,125) width 136: "respectively). "
                  text run at (135,125) width 542: "Extra text is included for the purposes of testing this more"
                  text run at (0,164) width 105: "effectively."
              LayoutBlockFlow {P} at (4,1274.33) size 747x384
                LayoutText {#text} at (0,34) size 726x316
                  text run at (0,34) width 711: "This element should be in a sans-serif font, italicized and small caps,"
                  text run at (0,130) width 227: "with a weight of 500. "
                  text run at (226,130) width 500: "Its font-size should be 150% the base font size,"
                  text run at (0,226) width 438: "or 18px, and its line-height should be 1in. "
                  text run at (437,226) width 272: "Extra text is included for"
                  text run at (0,322) width 476: "the purposes of testing this more effectively."
              LayoutBlockFlow {P} at (4,1682.33) size 747x144
                LayoutText {#text} at (0,7) size 731x129
                  text run at (0,7) width 731: "This element should be in a sans-serif font, oblique and not small-caps, with a weight"
                  text run at (0,43) width 63: "of 700. "
                  text run at (62,43) width 666: "Its font-size should be 18 pixels, and its line-height should be 36px (200% this"
                  text run at (0,79) width 177: "element's font size). "
                  text run at (176,79) width 501: "Extra text is included for the purposes of testing this more"
                  text run at (0,115) width 92: "effectively."
              LayoutBlockFlow {P} at (4,1844.33) size 747x62
                LayoutText {#text} at (0,8) size 728x46
                  text run at (0,8) width 368: "This element should be in a sans-serif font, with a weight of 400. "
                  text run at (367,8) width 361: "Its font-size should be 80% of 12px, or 9.6px, and its line-height"
                  text run at (0,39) width 190: "shoud be 2.5 times that, or 24px. "
                  text run at (189,39) width 390: "Extra text is included for the purposes of testing this more effectively."
              LayoutBlockFlow {P} at (4,1930.33) size 747x432
                LayoutInline {SPAN} at (0,0) size 739x388 [bgcolor=#C0C0C0]
                  LayoutText {#text} at (0,22) size 739x388
                    text run at (0,22) width 739: "This element should be in a sans-serif font, italicized and small caps, with"
                    text run at (0,94) width 173: "a weight of 100. "
                    text run at (172,94) width 559: "Its font-size should be 150% the base font size, and its"
                    text run at (0,166) width 722: "line-height should be 300% of that value (18px and 54px, respectively)."
                    text run at (0,238) width 700: "The text should have a silver background. The background color has"
                    text run at (0,310) width 718: "been set on an inline element and should therefore only cover the text,"
                    text run at (0,382) width 253: "not the interline spacing."
                LayoutText {#text} at (0,0) size 0x0
