layer at (0,0) size 800x600
  LayoutView at (0,0) size 800x600
layer at (0,0) size 800x600
  LayoutBlockFlow {HTML} at (0,0) size 800x600
    LayoutBlockFlow {BODY} at (8,8) size 784x584 [bgcolor=#CCCCCC]
      LayoutBlockFlow {P} at (0,0) size 784x18
        LayoutText {#text} at (0,0) size 363x18
          text run at (0,0) width 363: "The style declarations which apply to the text below are:"
      LayoutBlockFlow {PRE} at (0,34) size 784x45
        LayoutText {#text} at (0,0) size 250x45
          text run at (0,0) width 250: ".one {font-variant: small-caps;}"
          text run at (249,0) width 1: " "
          text run at (0,15) width 219: ".two {font-variant: normal;}"
          text run at (218,15) width 1: " "
          text run at (0,30) width 0: " "
      LayoutBlockFlow {HR} at (0,92) size 784x2 [border: (1px inset #EEEEEE)]
      LayoutBlockFlow {P} at (0,110) size 784x18
        LayoutText {#text} at (0,0) size 267x18
          text run at (0,0) width 267: "This Paragraph should be in Small Caps."
      LayoutBlockFlow {P} at (0,144) size 784x18
        LayoutText {#text} at (0,0) size 570x18
          text run at (0,0) width 570: "This Paragraph should be in Small Caps, but the Last Word in the Sentence should be "
        LayoutInline {SPAN} at (0,0) size 49x18
          LayoutText {#text} at (569,0) size 49x18
            text run at (569,0) width 49: "Normal"
        LayoutText {#text} at (617,0) size 5x18
          text run at (617,0) width 5: "."
      LayoutTable {TABLE} at (0,178) size 644x88 [border: (1px outset #808080)]
        LayoutTableSection {TBODY} at (1,1) size 642x86
          LayoutTableRow {TR} at (0,0) size 642x26
            LayoutTableCell {TD} at (0,0) size 642x26 [bgcolor=#C0C0C0] [border: (1px inset #808080)] [r=0 c=0 rs=1 cs=2]
              LayoutInline {STRONG} at (0,0) size 161x18
                LayoutText {#text} at (4,4) size 161x18
                  text run at (4,4) width 161: "TABLE Testing Section"
          LayoutTableRow {TR} at (0,26) size 642x60
            LayoutTableCell {TD} at (0,43) size 12x26 [bgcolor=#C0C0C0] [border: (1px inset #808080)] [r=1 c=0 rs=1 cs=1]
              LayoutText {#text} at (4,4) size 4x18
                text run at (4,4) width 4: " "
            LayoutTableCell {TD} at (12,26) size 630x60 [border: (1px inset #808080)] [r=1 c=1 rs=1 cs=1]
              LayoutBlockFlow {P} at (4,4) size 622x18
                LayoutText {#text} at (0,0) size 267x18
                  text run at (0,0) width 267: "This Paragraph should be in Small Caps."
              LayoutBlockFlow {P} at (4,38) size 622x18
                LayoutText {#text} at (0,0) size 570x18
                  text run at (0,0) width 570: "This Paragraph should be in Small Caps, but the Last Word in the Sentence should be "
                LayoutInline {SPAN} at (0,0) size 49x18
                  LayoutText {#text} at (569,0) size 49x18
                    text run at (569,0) width 49: "Normal"
                LayoutText {#text} at (617,0) size 5x18
                  text run at (617,0) width 5: "."
