layer at (0,0) size 800x600
  LayoutView at (0,0) size 800x600
layer at (0,0) size 800x420
  LayoutNGBlockFlow {HTML} at (0,0) size 800x420
    LayoutNGBlockFlow {BODY} at (8,8) size 784x396
      LayoutNGBlockFlow {P} at (0,0) size 784x40
        LayoutText {#text} at (0,0) size 743x39
          text run at (0,0) width 743: "Test of various CSS display types for list elements. All visible elements that have a display-type of list-item are given a"
          text run at (0,20) width 310: "number. This is generally going to be LI element."
      LayoutNGBlockFlow {OL} at (0,56) size 784x340
        LayoutNGListItem {LI} at (40,0) size 744x20
          LayoutNGBlockFlow (anonymous) at (-16,0) size 16x20
            LayoutText (anonymous) at (0,0) size 16x19
              text run at (0,0) width 16: "3. "
          LayoutText {#text} at (0,0) size 76x19
            text run at (0,0) width 76: "Should be 3"
        LayoutNGListItem {LI} at (40,20) size 744x20
          LayoutNGBlockFlow (anonymous) at (-16,0) size 16x20
            LayoutText (anonymous) at (0,0) size 16x19
              text run at (0,0) width 16: "4. "
          LayoutText {#text} at (0,0) size 76x19
            text run at (0,0) width 76: "Should be 4"
        LayoutNGBlockFlow {LI} at (40,40) size 744x20
          LayoutText {#text} at (0,0) size 166x19
            text run at (0,0) width 166: "Should not have a number"
        LayoutNGListItem {LI} at (40,60) size 744x20
          LayoutNGBlockFlow (anonymous) at (-16,0) size 16x20
            LayoutText (anonymous) at (0,0) size 16x19
              text run at (0,0) width 16: "5. "
          LayoutText {#text} at (0,0) size 76x19
            text run at (0,0) width 76: "Should be 5"
        LayoutNGBlockFlow (anonymous) at (40,80) size 744x20
          LayoutInline {LI} at (0,0) size 166x19
            LayoutText {#text} at (0,0) size 166x19
              text run at (0,0) width 166: "Should not have a number"
          LayoutText {#text} at (0,0) size 0x0
        LayoutNGListItem {LI} at (40,100) size 744x20
          LayoutNGBlockFlow (anonymous) at (-16,0) size 16x20
            LayoutText (anonymous) at (0,0) size 16x19
              text run at (0,0) width 16: "6. "
          LayoutText {#text} at (0,0) size 76x19
            text run at (0,0) width 76: "Should be 6"
        LayoutNGBlockFlow {DIV} at (40,120) size 744x20
          LayoutText {#text} at (0,0) size 166x19
            text run at (0,0) width 166: "Should not have a number"
        LayoutNGListItem {DIV} at (40,140) size 744x20
          LayoutNGBlockFlow (anonymous) at (-16,0) size 16x20
            LayoutText (anonymous) at (0,0) size 16x19
              text run at (0,0) width 16: "7. "
          LayoutText {#text} at (0,0) size 76x19
            text run at (0,0) width 76: "Should be 7"
        LayoutNGListItem {LI} at (40,160) size 744x20
          LayoutNGBlockFlow (anonymous) at (-16,0) size 16x20
            LayoutText (anonymous) at (0,0) size 16x19
              text run at (0,0) width 16: "8. "
          LayoutText {#text} at (0,0) size 76x19
            text run at (0,0) width 76: "Should be 8"
        LayoutNGListItem {LI} at (40,180) size 744x20
          LayoutText {#text} at (0,0) size 166x19
            text run at (0,0) width 166: "Should not have a number"
        LayoutNGListItem {LI} at (40,200) size 744x20
          LayoutNGBlockFlow (anonymous) at (-24,0) size 24x20
            LayoutText (anonymous) at (0,0) size 24x19
              text run at (0,0) width 24: "10. "
          LayoutText {#text} at (0,0) size 84x19
            text run at (0,0) width 84: "Should be 10"
        LayoutNGListItem {LI} at (40,220) size 744x20
          LayoutNGBlockFlow (anonymous) at (-18,0) size 10x20
            LayoutText (anonymous) at (0,0) size 10x19
              text run at (0,0) width 10: "\x{2022} "
          LayoutText {#text} at (0,0) size 119x19
            text run at (0,0) width 119: "Should have a disc"
        LayoutNGListItem {LI} at (40,240) size 744x20
          LayoutNGBlockFlow (anonymous) at (-24,0) size 24x20
            LayoutText (anonymous) at (0,0) size 24x19
              text run at (0,0) width 24: "12. "
          LayoutText {#text} at (0,0) size 84x19
            text run at (0,0) width 84: "Should be 12"
        LayoutNGListItem {LI} at (40,260) size 744x20
          LayoutNGBlockFlow (anonymous) at (-18,0) size 14x20
            LayoutText (anonymous) at (0,0) size 14x19
              text run at (0,0) width 14: "\x{25A0} "
          LayoutText {#text} at (0,0) size 135x19
            text run at (0,0) width 135: "Should have a square"
        LayoutNGListItem {LI} at (40,280) size 744x20
          LayoutNGBlockFlow (anonymous) at (-24,0) size 24x20
            LayoutText (anonymous) at (0,0) size 24x19
              text run at (0,0) width 24: "14. "
          LayoutText {#text} at (0,0) size 84x19
            text run at (0,0) width 84: "Should be 14"
        LayoutNGListItem {LI} at (40,300) size 744x20
          LayoutNGBlockFlow (anonymous) at (-18,0) size 10x20
            LayoutText (anonymous) at (0,0) size 10x19
              text run at (0,0) width 10: "\x{25E6} "
          LayoutText {#text} at (0,0) size 128x19
            text run at (0,0) width 128: "Should have a circle"
        LayoutNGListItem {LI} at (40,320) size 744x20
          LayoutNGBlockFlow (anonymous) at (-24,0) size 24x20
            LayoutText (anonymous) at (0,0) size 24x19
              text run at (0,0) width 24: "16. "
          LayoutText {#text} at (0,0) size 84x19
            text run at (0,0) width 84: "Should be 16"
