layer at (0,0) size 800x600
  LayoutView at (0,0) size 800x600
layer at (0,0) size 800x76
  LayoutNGBlockFlow {HTML} at (0,0) size 800x76
    LayoutNGBlockFlow {BODY} at (8,8) size 784x60
      LayoutNGBlockFlow (anonymous) at (0,0) size 784x40
        LayoutBR {BR} at (0,0) size 0x0
        LayoutBR {BR} at (0,20) size 0x0
      LayoutNGBlockFlow {DIV} at (0,40) size 784x20
        LayoutText {#text} at (0,0) size 131x19
          text run at (0,0) width 131: "This is a testcase for "
        LayoutInline {A} at (0,0) size 477x19 [color=#0000EE]
          LayoutText {#text} at (131,0) size 477x19
            text run at (131,0) width 477: "REGRESSION: (r13028) Scrolling causes incomplete drawing of ul bullets"
        LayoutText {#text} at (608,0) size 4x19
          text run at (608,0) width 4: "."
layer at (8,-4) size 398x20 backgroundClip at (0,0) size 800x600 clip at (0,0) size 800x600
  LayoutNGBlockFlow (positioned) {UL} at (8,-4) size 397.81x20
    LayoutNGListItem {LI} at (40,0) size 357.81x20
      LayoutNGBlockFlow (anonymous) at (-18,0) size 10x20
        LayoutText (anonymous) at (0,0) size 10x19
          text run at (0,0) width 10: "\x{2022} "
      LayoutText {#text} at (0,0) size 358x19
        text run at (0,0) width 358: "This is a list item. You should see a list marker to the left."
