layer at (0,0) size 800x600
  LayoutView at (0,0) size 800x600
layer at (0,0) size 800x188
  LayoutBlockFlow {html} at (0,0) size 800x188
    LayoutBlockFlow {body} at (8,8) size 784x164
      LayoutBlockFlow {div} at (0,0) size 784x164
        LayoutBlockFlow {q} at (0,0) size 784x20 [color=#FF0000]
          LayoutInline {r} at (0,0) size 120x19 [color=#00FF00]
            LayoutText {#text} at (0,0) size 120x19
              text run at (0,0) width 120: "This text should be"
          LayoutText {#text} at (120,0) size 4x19
            text run at (120,0) width 4: " "
          LayoutInline {r} at (0,0) size 118x19 [color=#00FF00]
            LayoutText {#text} at (124,0) size 118x19
              text run at (124,0) width 118: "in green characters"
          LayoutText {#text} at (0,0) size 0x0
        LayoutBlockFlow {s} at (0,36) size 784x20 [color=#00FF00]
          LayoutText {#text} at (0,0) size 242x19
            text run at (0,0) width 242: "This text should be in green characters"
        LayoutBlockFlow {t} at (0,72) size 784x20 [color=#00FF00]
          LayoutText {#text} at (0,0) size 242x19
            text run at (0,0) width 242: "This text should be in green characters"
        LayoutBlockFlow {p} at (0,108) size 784x20 [color=#00FF00]
          LayoutText {#text} at (0,0) size 242x19
            text run at (0,0) width 242: "This text should be in green characters"
        LayoutBlockFlow {u} at (0,144) size 784x20 [color=#00FF00]
          LayoutText {#text} at (0,0) size 242x19
            text run at (0,0) width 242: "This text should be in green characters"
