layer at (0,0) size 800x600
  LayoutView at (0,0) size 800x600
layer at (0,0) size 800x92
  LayoutBlockFlow {html} at (0,0) size 800x92
    LayoutBlockFlow {body} at (8,16) size 784x60
      LayoutBlockFlow {ul} at (0,0) size 784x60
        LayoutListItem {li} at (40,0) size 744x20 [bgcolor=#00FF00]
          LayoutListMarker (anonymous) at (-18,0) size 7x19: bullet
          LayoutText {#text} at (0,0) size 429x19
            text run at (0,0) width 429: "This list item should have green background because its class is \"t1\""
        LayoutListItem {li} at (40,20) size 744x20 [bgcolor=#00FF00]
          LayoutListMarker (anonymous) at (-18,0) size 7x19: bullet
          LayoutText {#text} at (0,0) size 429x19
            text run at (0,0) width 429: "This list item should have green background because its class is \"t2\""
        LayoutListItem {li} at (40,40) size 744x20 [bgcolor=#00FF00]
          LayoutListMarker (anonymous) at (-18,0) size 7x19: bullet
          LayoutInline {span} at (0,0) size 597x19
            LayoutText {#text} at (0,0) size 597x19
              text run at (0,0) width 337: "This list item should have green background because "
              text run at (337,0) width 260: "the inner SPAN does not match SPAN.t3"
          LayoutText {#text} at (0,0) size 0x0
