layer at (0,0) size 800x600
  LayoutView at (0,0) size 800x600
layer at (0,0) size 800x554
  LayoutBlockFlow {html} at (0,0) size 800x554
    LayoutBlockFlow {body} at (8,16) size 784x530
      LayoutBlockFlow {ul} at (0,0) size 784x120
        LayoutListItem {li} at (40,0) size 744x20 [bgcolor=#00FF00]
          LayoutListMarker (anonymous) at (-18,0) size 7x19: bullet
          LayoutText {#text} at (0,0) size 318x19
            text run at (0,0) width 318: "This first list item should have a green background"
        LayoutListItem {li} at (40,20) size 744x20
          LayoutListMarker (anonymous) at (-18,0) size 7x19: bullet
          LayoutText {#text} at (0,0) size 100x19
            text run at (0,0) width 100: "Second list item"
        LayoutListItem {li} at (40,40) size 744x20 [bgcolor=#00FF00]
          LayoutListMarker (anonymous) at (-18,0) size 7x19: bullet
          LayoutText {#text} at (0,0) size 323x19
            text run at (0,0) width 323: "This third list item should have a green background"
        LayoutListItem {li} at (40,60) size 744x20
          LayoutListMarker (anonymous) at (-18,0) size 7x19: bullet
          LayoutText {#text} at (0,0) size 95x19
            text run at (0,0) width 95: "Fourth list item"
        LayoutListItem {li} at (40,80) size 744x20 [bgcolor=#00FF00]
          LayoutListMarker (anonymous) at (-18,0) size 7x19: bullet
          LayoutText {#text} at (0,0) size 320x19
            text run at (0,0) width 320: "This fifth list item should have a green background"
        LayoutListItem {li} at (40,100) size 744x20
          LayoutListMarker (anonymous) at (-18,0) size 7x19: bullet
          LayoutText {#text} at (0,0) size 86x19
            text run at (0,0) width 86: "Sixth list item"
      LayoutBlockFlow {ol} at (0,136) size 784x120
        LayoutListItem {li} at (40,0) size 744x20
          LayoutListMarker (anonymous) at (-16,0) size 16x19: "1"
          LayoutText {#text} at (0,0) size 81x19
            text run at (0,0) width 81: "First list item"
        LayoutListItem {li} at (40,20) size 744x20 [bgcolor=#00FF00]
          LayoutListMarker (anonymous) at (-16,0) size 16x19: "2"
          LayoutText {#text} at (0,0) size 338x19
            text run at (0,0) width 338: "This second list item should have a green background"
        LayoutListItem {li} at (40,40) size 744x20
          LayoutListMarker (anonymous) at (-16,0) size 16x19: "3"
          LayoutText {#text} at (0,0) size 88x19
            text run at (0,0) width 88: "Third list item"
        LayoutListItem {li} at (40,60) size 744x20 [bgcolor=#00FF00]
          LayoutListMarker (anonymous) at (-16,0) size 16x19: "4"
          LayoutText {#text} at (0,0) size 332x19
            text run at (0,0) width 332: "This fourth list item should have a green background"
        LayoutListItem {li} at (40,80) size 744x20
          LayoutListMarker (anonymous) at (-16,0) size 16x19: "5"
          LayoutText {#text} at (0,0) size 83x19
            text run at (0,0) width 83: "Fifth list item"
        LayoutListItem {li} at (40,100) size 744x20 [bgcolor=#00FF00]
          LayoutListMarker (anonymous) at (-16,0) size 16x19: "6"
          LayoutText {#text} at (0,0) size 324x19
            text run at (0,0) width 324: "This sixth list item should have a green background"
      LayoutBlockFlow {div} at (0,272) size 784x258
        LayoutTable {table} at (0,0) size 162x160 [border: (1px outset #808080)]
          LayoutTableSection (anonymous) at (1,1) size 160x158
            LayoutTableRow {tr} at (0,2) size 160x24 [bgcolor=#00FF00]
              LayoutTableCell {td} at (2,2) size 104x24 [border: (1px solid #000000)] [r=0 c=0 rs=1 cs=1]
                LayoutText {#text} at (2,2) size 100x19
                  text run at (2,2) width 100: "Green row : 1.1"
              LayoutTableCell {td} at (108,2) size 24x24 [border: (1px solid #000000)] [r=0 c=1 rs=1 cs=1]
                LayoutText {#text} at (2,2) size 20x19
                  text run at (2,2) width 20: "1.2"
              LayoutTableCell {td} at (134,2) size 24x24 [border: (1px solid #000000)] [r=0 c=2 rs=1 cs=1]
                LayoutText {#text} at (2,2) size 20x19
                  text run at (2,2) width 20: "1.3"
            LayoutTableRow {tr} at (0,28) size 160x24 [bgcolor=#00FF00]
              LayoutTableCell {td} at (2,28) size 104x24 [border: (1px solid #000000)] [r=1 c=0 rs=1 cs=1]
                LayoutText {#text} at (2,2) size 100x19
                  text run at (2,2) width 100: "Green row : 2.1"
              LayoutTableCell {td} at (108,28) size 24x24 [border: (1px solid #000000)] [r=1 c=1 rs=1 cs=1]
                LayoutText {#text} at (2,2) size 20x19
                  text run at (2,2) width 20: "2.2"
              LayoutTableCell {td} at (134,28) size 24x24 [border: (1px solid #000000)] [r=1 c=2 rs=1 cs=1]
                LayoutText {#text} at (2,2) size 20x19
                  text run at (2,2) width 20: "2.3"
            LayoutTableRow {tr} at (0,54) size 160x24
              LayoutTableCell {td} at (2,54) size 104x24 [border: (1px solid #000000)] [r=2 c=0 rs=1 cs=1]
                LayoutText {#text} at (2,2) size 20x19
                  text run at (2,2) width 20: "3.1"
              LayoutTableCell {td} at (108,54) size 24x24 [border: (1px solid #000000)] [r=2 c=1 rs=1 cs=1]
                LayoutText {#text} at (2,2) size 20x19
                  text run at (2,2) width 20: "3.2"
              LayoutTableCell {td} at (134,54) size 24x24 [border: (1px solid #000000)] [r=2 c=2 rs=1 cs=1]
                LayoutText {#text} at (2,2) size 20x19
                  text run at (2,2) width 20: "3.3"
            LayoutTableRow {tr} at (0,80) size 160x24
              LayoutTableCell {td} at (2,80) size 104x24 [border: (1px solid #000000)] [r=3 c=0 rs=1 cs=1]
                LayoutText {#text} at (2,2) size 20x19
                  text run at (2,2) width 20: "4.1"
              LayoutTableCell {td} at (108,80) size 24x24 [border: (1px solid #000000)] [r=3 c=1 rs=1 cs=1]
                LayoutText {#text} at (2,2) size 20x19
                  text run at (2,2) width 20: "4.2"
              LayoutTableCell {td} at (134,80) size 24x24 [border: (1px solid #000000)] [r=3 c=2 rs=1 cs=1]
                LayoutText {#text} at (2,2) size 20x19
                  text run at (2,2) width 20: "4.3"
            LayoutTableRow {tr} at (0,106) size 160x24
              LayoutTableCell {td} at (2,106) size 104x24 [border: (1px solid #000000)] [r=4 c=0 rs=1 cs=1]
                LayoutText {#text} at (2,2) size 20x19
                  text run at (2,2) width 20: "5.1"
              LayoutTableCell {td} at (108,106) size 24x24 [border: (1px solid #000000)] [r=4 c=1 rs=1 cs=1]
                LayoutText {#text} at (2,2) size 20x19
                  text run at (2,2) width 20: "5.2"
              LayoutTableCell {td} at (134,106) size 24x24 [border: (1px solid #000000)] [r=4 c=2 rs=1 cs=1]
                LayoutText {#text} at (2,2) size 20x19
                  text run at (2,2) width 20: "5.3"
            LayoutTableRow {tr} at (0,132) size 160x24
              LayoutTableCell {td} at (2,132) size 104x24 [border: (1px solid #000000)] [r=5 c=0 rs=1 cs=1]
                LayoutText {#text} at (2,2) size 20x19
                  text run at (2,2) width 20: "6.1"
              LayoutTableCell {td} at (108,132) size 24x24 [border: (1px solid #000000)] [r=5 c=1 rs=1 cs=1]
                LayoutText {#text} at (2,2) size 20x19
                  text run at (2,2) width 20: "6.2"
              LayoutTableCell {td} at (134,132) size 24x24 [border: (1px solid #000000)] [r=5 c=2 rs=1 cs=1]
                LayoutText {#text} at (2,2) size 20x19
                  text run at (2,2) width 20: "6.3"
        LayoutBlockFlow {p} at (0,176) size 784x0
        LayoutTable {table} at (0,176) size 417x82 [border: (1px outset #808080)]
          LayoutTableSection (anonymous) at (1,1) size 415x80
            LayoutTableRow {tr} at (0,2) size 415x24
              LayoutTableCell {td} at (2,2) size 65x24 [bgcolor=#00FF00] [border: (1px solid #000000)] [r=0 c=0 rs=1 cs=1]
                LayoutText {#text} at (2,2) size 61x19
                  text run at (2,2) width 61: "green cell"
              LayoutTableCell {td} at (69,2) size 24x24 [border: (1px solid #000000)] [r=0 c=1 rs=1 cs=1]
                LayoutText {#text} at (2,2) size 20x19
                  text run at (2,2) width 20: "1.2"
              LayoutTableCell {td} at (95,2) size 65x24 [bgcolor=#00FF00] [border: (1px solid #000000)] [r=0 c=2 rs=1 cs=1]
                LayoutText {#text} at (2,2) size 61x19
                  text run at (2,2) width 61: "green cell"
              LayoutTableCell {td} at (162,2) size 65x24 [bgcolor=#00FF00] [border: (1px solid #000000)] [r=0 c=3 rs=1 cs=1]
                LayoutText {#text} at (2,2) size 61x19
                  text run at (2,2) width 61: "green cell"
              LayoutTableCell {td} at (229,2) size 24x24 [border: (1px solid #000000)] [r=0 c=4 rs=1 cs=1]
                LayoutText {#text} at (2,2) size 20x19
                  text run at (2,2) width 20: "1.5"
              LayoutTableCell {td} at (255,2) size 65x24 [bgcolor=#00FF00] [border: (1px solid #000000)] [r=0 c=5 rs=1 cs=1]
                LayoutText {#text} at (2,2) size 61x19
                  text run at (2,2) width 61: "green cell"
              LayoutTableCell {td} at (322,2) size 65x24 [bgcolor=#00FF00] [border: (1px solid #000000)] [r=0 c=6 rs=1 cs=1]
                LayoutText {#text} at (2,2) size 61x19
                  text run at (2,2) width 61: "green cell"
              LayoutTableCell {td} at (389,2) size 24x24 [border: (1px solid #000000)] [r=0 c=7 rs=1 cs=1]
                LayoutText {#text} at (2,2) size 20x19
                  text run at (2,2) width 20: "1.8"
            LayoutTableRow {tr} at (0,28) size 415x24
              LayoutTableCell {td} at (2,28) size 65x24 [bgcolor=#00FF00] [border: (1px solid #000000)] [r=1 c=0 rs=1 cs=1]
                LayoutText {#text} at (2,2) size 61x19
                  text run at (2,2) width 61: "green cell"
              LayoutTableCell {td} at (69,28) size 24x24 [border: (1px solid #000000)] [r=1 c=1 rs=1 cs=1]
                LayoutText {#text} at (2,2) size 20x19
                  text run at (2,2) width 20: "2.2"
              LayoutTableCell {td} at (95,28) size 65x24 [bgcolor=#00FF00] [border: (1px solid #000000)] [r=1 c=2 rs=1 cs=1]
                LayoutText {#text} at (2,2) size 61x19
                  text run at (2,2) width 61: "green cell"
              LayoutTableCell {td} at (162,28) size 65x24 [bgcolor=#00FF00] [border: (1px solid #000000)] [r=1 c=3 rs=1 cs=1]
                LayoutText {#text} at (2,2) size 61x19
                  text run at (2,2) width 61: "green cell"
              LayoutTableCell {td} at (229,28) size 24x24 [border: (1px solid #000000)] [r=1 c=4 rs=1 cs=1]
                LayoutText {#text} at (2,2) size 20x19
                  text run at (2,2) width 20: "2.5"
              LayoutTableCell {td} at (255,28) size 65x24 [bgcolor=#00FF00] [border: (1px solid #000000)] [r=1 c=5 rs=1 cs=1]
                LayoutText {#text} at (2,2) size 61x19
                  text run at (2,2) width 61: "green cell"
              LayoutTableCell {td} at (322,28) size 65x24 [bgcolor=#00FF00] [border: (1px solid #000000)] [r=1 c=6 rs=1 cs=1]
                LayoutText {#text} at (2,2) size 61x19
                  text run at (2,2) width 61: "green cell"
              LayoutTableCell {td} at (389,28) size 24x24 [border: (1px solid #000000)] [r=1 c=7 rs=1 cs=1]
                LayoutText {#text} at (2,2) size 20x19
                  text run at (2,2) width 20: "2.8"
            LayoutTableRow {tr} at (0,54) size 415x24
              LayoutTableCell {td} at (2,54) size 65x24 [bgcolor=#00FF00] [border: (1px solid #000000)] [r=2 c=0 rs=1 cs=1]
                LayoutText {#text} at (2,2) size 61x19
                  text run at (2,2) width 61: "green cell"
              LayoutTableCell {td} at (69,54) size 24x24 [border: (1px solid #000000)] [r=2 c=1 rs=1 cs=1]
                LayoutText {#text} at (2,2) size 20x19
                  text run at (2,2) width 20: "3.2"
              LayoutTableCell {td} at (95,54) size 65x24 [bgcolor=#00FF00] [border: (1px solid #000000)] [r=2 c=2 rs=1 cs=1]
                LayoutText {#text} at (2,2) size 61x19
                  text run at (2,2) width 61: "green cell"
              LayoutTableCell {td} at (162,54) size 65x24 [bgcolor=#00FF00] [border: (1px solid #000000)] [r=2 c=3 rs=1 cs=1]
                LayoutText {#text} at (2,2) size 61x19
                  text run at (2,2) width 61: "green cell"
              LayoutTableCell {td} at (229,54) size 24x24 [border: (1px solid #000000)] [r=2 c=4 rs=1 cs=1]
                LayoutText {#text} at (2,2) size 20x19
                  text run at (2,2) width 20: "3.5"
              LayoutTableCell {td} at (255,54) size 65x24 [bgcolor=#00FF00] [border: (1px solid #000000)] [r=2 c=5 rs=1 cs=1]
                LayoutText {#text} at (2,2) size 61x19
                  text run at (2,2) width 61: "green cell"
              LayoutTableCell {td} at (322,54) size 65x24 [bgcolor=#00FF00] [border: (1px solid #000000)] [r=2 c=6 rs=1 cs=1]
                LayoutText {#text} at (2,2) size 61x19
                  text run at (2,2) width 61: "green cell"
              LayoutTableCell {td} at (389,54) size 24x24 [border: (1px solid #000000)] [r=2 c=7 rs=1 cs=1]
                LayoutText {#text} at (2,2) size 20x19
                  text run at (2,2) width 20: "3.8"
