layer at (0,0) size 800x600
  LayoutView at (0,0) size 800x600
layer at (0,0) size 800x124
  LayoutBlockFlow {html} at (0,0) size 800x124
    LayoutBlockFlow {body} at (8,16) size 784x92
      LayoutBlockFlow {div} at (0,0) size 784x92
        LayoutBlockFlow {div} at (0,0) size 784x92
          LayoutBlockFlow {p} at (0,0) size 784x20
            LayoutText {#text} at (0,0) size 283x19
              text run at (0,0) width 283: "This line should be unstyled. (4 moving to 1)"
          LayoutBlockFlow {p} at (0,36) size 784x20
            LayoutText {#text} at (0,0) size 203x19
              text run at (0,0) width 203: "This line should be unstyled. (2)"
          LayoutBlockFlow {p} at (0,72) size 784x20 [bgcolor=#00FF00]
            LayoutText {#text} at (0,0) size 290x19
              text run at (0,0) width 290: "This line should have a green background. (3)"
