layer at (0,0) size 800x600
  LayoutView at (0,0) size 800x600
layer at (0,0) size 800x144
  LayoutBlockFlow {html} at (0,0) size 800x144
    LayoutBlockFlow {body} at (8,16) size 784x112
      LayoutBlockFlow {blockquote} at (40,0) size 704x20
        LayoutBlockFlow {div} at (0,0) size 704x20
          LayoutText {#text} at (0,0) size 181x19
            text run at (0,0) width 181: "This text should be unstyled."
      LayoutBlockFlow {div} at (0,36) size 784x20
        LayoutText {#text} at (0,0) size 181x19
          text run at (0,0) width 181: "This text should be unstyled."
      LayoutBlockFlow {div} at (0,56) size 784x20
        LayoutText {#text} at (0,0) size 181x19
          text run at (0,0) width 181: "This text should be unstyled."
      LayoutBlockFlow {p} at (0,92) size 784x20 [color=#008000]
        LayoutText {#text} at (0,0) size 163x19
          text run at (0,0) width 163: "This text should be green."
