layer at (0,0) size 800x600
  LayoutView at (0,0) size 800x600
layer at (0,0) size 800x116
  LayoutBlockFlow {html} at (0,0) size 800x116
    LayoutBlockFlow {body} at (8,8) size 784x92
      LayoutBlockFlow {div} at (0,0) size 784x92
        LayoutBlockFlow {address} at (0,0) size 784x20 [color=#008000]
          LayoutText {#text} at (0,0) size 274x19
            text run at (0,0) width 274: "This address should be in green characters."
        LayoutBlockFlow {s} at (0,36) size 784x20 [color=#008000]
          LayoutText {#text} at (0,0) size 286x19
            text run at (0,0) width 286: "This paragraph should be in green characters."
        LayoutBlockFlow {u} at (0,72) size 784x20 [color=#008000]
          LayoutText {#text} at (0,0) size 286x19
            text run at (0,0) width 286: "This paragraph should be in green characters."
