layer at (0,0) size 800x600
  LayoutView at (0,0) size 800x600
layer at (0,0) size 800x124
  LayoutBlockFlow {html} at (0,0) size 800x124
    LayoutBlockFlow {body} at (8,16) size 784x92
      LayoutBlockFlow {div} at (0,0) size 784x92
        LayoutBlockFlow {p} at (0,0) size 784x20 [bgcolor=#008000]
          LayoutText {#text} at (0,0) size 552x19
            text run at (0,0) width 385: "This paragraph should have a green background because the "
            text run at (385,0) width 167: "enclosing div is in english."
        LayoutBlockFlow {p} at (0,36) size 784x20 [bgcolor=#008000]
          LayoutText {#text} at (0,0) size 453x19
            text run at (0,0) width 362: "This paragraph should have a green background because "
            text run at (362,0) width 91: "it is in english."
        LayoutBlockFlow {div} at (0,72) size 784x20 [bgcolor=#FF0000]
          LayoutBlockFlow {p} at (0,0) size 784x20 [bgcolor=#008000]
            LayoutText {#text} at (0,0) size 453x19
              text run at (0,0) width 308: "This paragraph should have a green background "
              text run at (308,0) width 145: "because it is in english."
