layer at (0,0) size 800x600
  LayoutView at (0,0) size 800x600
layer at (0,0) size 800x36
  LayoutBlockFlow {html} at (0,0) size 800x36
    LayoutBlockFlow {body} at (8,8) size 784x20
      LayoutBlockFlow {div} at (0,0) size 784x20
        LayoutInline {testA} at (0,0) size 304x19 [bgcolor=#00FF00]
          LayoutText {#text} at (0,0) size 304x19
            text run at (0,0) width 304: "This paragraph should have a green background"
        LayoutText {#text} at (0,0) size 0x0
