layer at (0,0) size 800x600
  LayoutView at (0,0) size 800x600
layer at (0,0) size 800x196
  LayoutBlockFlow {html} at (0,0) size 800x196
    LayoutBlockFlow {body} at (8,16) size 784x164
      LayoutBlockFlow {div} at (0,0) size 784x164
        LayoutBlockFlow {p} at (0,0) size 784x20
          LayoutInline {span} at (0,0) size 370x19 [bgcolor=#00FF00]
            LayoutText {#text} at (0,0) size 370x19
              text run at (0,0) width 370: "The text in this paragraph should have a green background"
          LayoutText {#text} at (0,0) size 0x0
        LayoutBlockFlow {address} at (16,36) size 752x20 [bgcolor=#00FF00]
          LayoutText {#text} at (0,0) size 289x19
            text run at (0,0) width 289: "This address should have a green background"
        LayoutBlockFlow {q} at (16,72) size 752x20 [bgcolor=#00FF00]
          LayoutText {#text} at (0,0) size 434x19
            text run at (0,0) width 434: "This element in another namespace should have a green background."
        LayoutBlockFlow {r} at (16,108) size 752x20 [bgcolor=#00FF00]
          LayoutText {#text} at (0,0) size 430x19
            text run at (0,0) width 430: "This element without a namespace should have a green background."
        LayoutBlockFlow {p} at (0,144) size 784x20
          LayoutText {#text} at (0,0) size 221x19
            text run at (0,0) width 221: "This paragraph should be unstyled."
