layer at (0,0) size 800x600
  LayoutView at (0,0) size 800x600
layer at (0,0) size 800x80
  LayoutBlockFlow {html} at (0,0) size 800x80
    LayoutBlockFlow {body} at (8,8) size 784x56
      LayoutBlockFlow {div} at (0,0) size 784x56
        LayoutBlockFlow {q} at (0,0) size 784x20 [bgcolor=#00FF00]
          LayoutText {#text} at (0,0) size 308x19
            text run at (0,0) width 308: "This paragraph should have a green background."
        LayoutBlockFlow {r} at (0,36) size 784x20
          LayoutText {#text} at (0,0) size 221x19
            text run at (0,0) width 221: "This paragraph should be unstyled."
