layer at (0,0) size 800x600
  LayoutView at (0,0) size 800x600
layer at (0,0) size 800x128
  LayoutBlockFlow {html} at (0,0) size 800x128
    LayoutBlockFlow {body} at (8,16) size 784x96
      LayoutBlockFlow {ul} at (0,0) size 784x40
        LayoutListItem {li} at (40,0) size 744x20 [bgcolor=#00FF00]
          LayoutListMarker (anonymous) at (-18,0) size 7x19: bullet
          LayoutText {#text} at (0,0) size 430x19
            text run at (0,0) width 336: "This list item should be green because its language is "
            text run at (336,0) width 94: "British English"
        LayoutListItem {li} at (40,20) size 744x20 [bgcolor=#00FF00]
          LayoutListMarker (anonymous) at (-18,0) size 7x19: bullet
          LayoutText {#text} at (0,0) size 482x19
            text run at (0,0) width 322: "This list item should be green because its language "
            text run at (322,0) width 160: "is British English (Wales)"
      LayoutBlockFlow {ol} at (0,56) size 784x40
        LayoutListItem {li} at (40,0) size 744x20
          LayoutListMarker (anonymous) at (-16,0) size 16x19: "1"
          LayoutText {#text} at (0,0) size 447x19
            text run at (0,0) width 360: "This list item should NOT be green because its language "
            text run at (360,0) width 87: "is US English"
        LayoutListItem {li} at (40,20) size 744x20
          LayoutListMarker (anonymous) at (-16,0) size 16x19: "2"
          LayoutText {#text} at (0,0) size 418x19
            text run at (0,0) width 374: "This list item should NOT be green because its language is "
            text run at (374,0) width 44: "French"
