layer at (0,0) size 800x600
  LayoutView at (0,0) size 800x600
layer at (0,0) size 800x232
  LayoutBlockFlow {html} at (0,0) size 800x232
    LayoutBlockFlow {body} at (8,16) size 784x200
      LayoutBlockFlow {div} at (0,0) size 784x200
        LayoutBlockFlow {p} at (0,0) size 784x20
          LayoutText {#text} at (0,0) size 181x19
            text run at (0,0) width 181: "This line should be unstyled."
        LayoutBlockFlow {elementA} at (0,36) size 784x20
          LayoutText {#text} at (0,0) size 181x19
            text run at (0,0) width 181: "This line should be unstyled."
        LayoutBlockFlow {elementB} at (0,72) size 784x20
          LayoutText {#text} at (0,0) size 181x19
            text run at (0,0) width 181: "This line should be unstyled."
        LayoutBlockFlow {div} at (0,108) size 784x92
          LayoutBlockFlow {p} at (0,0) size 784x20 [bgcolor=#00FF00]
            LayoutText {#text} at (0,0) size 264x19
              text run at (0,0) width 264: "This line should have a green background"
          LayoutBlockFlow {elementA} at (0,36) size 784x20 [bgcolor=#00FF00]
            LayoutText {#text} at (0,0) size 264x19
              text run at (0,0) width 264: "This line should have a green background"
          LayoutBlockFlow {elementB} at (0,72) size 784x20 [bgcolor=#00FF00]
            LayoutText {#text} at (0,0) size 264x19
              text run at (0,0) width 264: "This line should have a green background"
