layer at (0,0) size 800x600
  LayoutView at (0,0) size 800x600
layer at (0,0) size 800x142
  LayoutBlockFlow {html} at (0,0) size 800x142
    LayoutBlockFlow {body} at (8,8) size 784x118
      LayoutBlockFlow {div} at (0,0) size 784x82
        LayoutTable {table} at (0,0) size 164x82 [border: (1px outset #808080)]
          LayoutTableSection (anonymous) at (1,1) size 162x80
            LayoutTableRow {tr} at (0,2) size 162x24
              LayoutTableCell {td} at (2,2) size 65x24 [bgcolor=#00FF00] [border: (1px solid #000000)] [r=0 c=0 rs=1 cs=1]
                LayoutText {#text} at (2,2) size 61x19
                  text run at (2,2) width 61: "green cell"
              LayoutTableCell {td} at (69,2) size 65x24 [bgcolor=#00FF00] [border: (1px solid #000000)] [r=0 c=1 rs=1 cs=1]
                LayoutText {#text} at (2,2) size 61x19
                  text run at (2,2) width 61: "green cell"
              LayoutTableCell {td} at (136,2) size 24x24 [border: (1px solid #000000)] [r=0 c=2 rs=1 cs=1]
                LayoutText {#text} at (2,2) size 20x19
                  text run at (2,2) width 20: "1.3"
            LayoutTableRow {tr} at (0,28) size 162x24
              LayoutTableCell {td} at (2,28) size 65x24 [bgcolor=#00FF00] [border: (1px solid #000000)] [r=1 c=0 rs=1 cs=1]
                LayoutText {#text} at (2,2) size 61x19
                  text run at (2,2) width 61: "green cell"
              LayoutTableCell {td} at (69,28) size 65x24 [bgcolor=#00FF00] [border: (1px solid #000000)] [r=1 c=1 rs=1 cs=1]
                LayoutText {#text} at (2,2) size 61x19
                  text run at (2,2) width 61: "green cell"
              LayoutTableCell {td} at (136,28) size 24x24 [border: (1px solid #000000)] [r=1 c=2 rs=1 cs=1]
                LayoutText {#text} at (2,2) size 20x19
                  text run at (2,2) width 20: "2.3"
            LayoutTableRow {tr} at (0,54) size 162x24
              LayoutTableCell {td} at (2,54) size 65x24 [bgcolor=#00FF00] [border: (1px solid #000000)] [r=2 c=0 rs=1 cs=1]
                LayoutText {#text} at (2,2) size 61x19
                  text run at (2,2) width 61: "green cell"
              LayoutTableCell {td} at (69,54) size 65x24 [bgcolor=#00FF00] [border: (1px solid #000000)] [r=2 c=1 rs=1 cs=1]
                LayoutText {#text} at (2,2) size 61x19
                  text run at (2,2) width 61: "green cell"
              LayoutTableCell {td} at (136,54) size 24x24 [border: (1px solid #000000)] [r=2 c=2 rs=1 cs=1]
                LayoutText {#text} at (2,2) size 20x19
                  text run at (2,2) width 20: "3.3"
      LayoutBlockFlow {p} at (0,98) size 784x20
        LayoutText {#text} at (0,0) size 32x19
          text run at (0,0) width 32: "This "
        LayoutInline {span} at (0,0) size 109x19
          LayoutText {#text} at (32,0) size 109x19
            text run at (32,0) width 109: "paragraph should"
        LayoutText {#text} at (141,0) size 80x19
          text run at (141,0) width 80: " be unstyled."
