layer at (0,0) size 800x600
  LayoutView at (0,0) size 800x600
layer at (0,0) size 800x132
  LayoutBlockFlow {html} at (0,0) size 800x132
    LayoutBlockFlow {body} at (8,16) size 784x100
      LayoutBlockFlow {p} at (0,0) size 784x100
        LayoutText {#text} at (0,0) size 776x99
          text run at (0,0) width 254: "This very long paragraph should have a "
          text run at (254,0) width 491: "first line with green background. This very long paragraph should have a first "
          text run at (745,0) width 23: "line"
          text run at (0,20) width 154: "with green background. "
          text run at (154,20) width 309: "This very long paragraph should have a first line "
          text run at (463,20) width 313: "with green background. This very long paragraph"
          text run at (0,40) width 178: "should have a first line with "
          text run at (178,40) width 502: "green background. This very long paragraph should have a first line with green "
          text run at (680,40) width 79: "background."
          text run at (0,60) width 463: "This very long paragraph should have a first line with green background. "
          text run at (463,60) width 305: "This very long paragraph should have a first line"
          text run at (0,80) width 150: "with green background."
