layer at (0,0) size 800x600
  LayoutView at (0,0) size 800x600
layer at (0,0) size 800x41
  LayoutBlockFlow {HTML} at (0,0) size 800x41 [color=#FFFFFF]
    LayoutBlockFlow {BODY} at (8,8) size 784x25
      LayoutRuby (inline) {RUBY} at (0,0) size 784x10
        LayoutRubyRun (anonymous) at (0,5) size 784x20
          LayoutRubyText {RT} at (0,-5) size 784x5
            LayoutText {#text} at (372,0) size 40x5
              text run at (372,0) width 40: "rubytext"
          LayoutRubyBase (anonymous) at (0,0) size 784x20
            LayoutText {#text} at (0,0) size 784x20
              text run at (0,0) width 784: "Attempt to create a floating ruby text element. Float is not supported for"
              text run at (0,10) width 784: "ruby text, which should be apparent from the resulting render tree."
      LayoutText {#text} at (0,0) size 0x0
