layer at (0,0) size 800x600
  LayoutView at (0,0) size 800x600
layer at (0,0) size 800x600
  LayoutBlockFlow {HTML} at (0,0) size 800x600
    LayoutBlockFlow {BODY} at (8,8) size 784x584
      LayoutBlockFlow {DIV} at (0,0) size 206x36 [color=#4B0082] [border: (3px solid #000000)]
        LayoutText {#text} at (3,13) size 60x20
          text run at (3,13) width 60: "abc"
        LayoutRuby (inline) {RUBY} at (0,0) size 40x20 [color=#0000FF]
          LayoutRubyRun (anonymous) at (63,13) size 40x20
            LayoutRubyText {RT} at (0,-10) size 40x10 [color=#C0C0C0]
              LayoutText {#text} at (2,0) size 36x10
                text run at (2,0) width 36: "y y"
            LayoutRubyBase (anonymous) at (0,0) size 40x20
              LayoutText {#text} at (0,0) size 40x20
                text run at (0,0) width 40: "xx"
        LayoutText {#text} at (103,13) size 60x20
          text run at (103,13) width 60: "def"
      LayoutBlockFlow {DIV} at (0,44) size 206x36 [color=#4B0082] [border: (3px solid #000000)]
        LayoutText {#text} at (3,13) size 60x20
          text run at (3,13) width 60: "abc"
        LayoutRuby (inline) {RUBY} at (0,0) size 40x20 [color=#0000FF]
          LayoutRubyRun (anonymous) at (58,13) size 50x20
            LayoutRubyText {RT} at (0,-10) size 50x10 [color=#C0C0C0]
              LayoutText {#text} at (0,0) size 50x10
                text run at (0,0) width 50: "yy yy"
            LayoutRubyBase (anonymous) at (0,0) size 50x20
              LayoutText {#text} at (5,0) size 40x20
                text run at (5,0) width 40: "xx"
        LayoutText {#text} at (103,13) size 60x20
          text run at (103,13) width 60: "def"
      LayoutBlockFlow {DIV} at (0,88) size 206x36 [color=#4B0082] [border: (3px solid #000000)]
        LayoutText {#text} at (3,13) size 60x20
          text run at (3,13) width 60: "abc"
        LayoutRuby (inline) {RUBY} at (0,0) size 50x20 [color=#0000FF]
          LayoutRubyRun (anonymous) at (58,13) size 60x20
            LayoutRubyText {RT} at (0,-10) size 60x10 [color=#C0C0C0]
              LayoutText {#text} at (0,0) size 60x10
                text run at (0,0) width 60: "yyyyyy"
            LayoutRubyBase (anonymous) at (0,0) size 60x20
              LayoutText {#text} at (10,0) size 40x20
                text run at (10,0) width 40: "xx"
        LayoutText {#text} at (113,13) size 60x20
          text run at (113,13) width 60: "def"
      LayoutBlockFlow {DIV} at (0,132) size 206x36 [color=#4B0082] [border: (3px solid #000000)]
        LayoutText {#text} at (3,13) size 60x20
          text run at (3,13) width 60: "abc"
        LayoutRuby (inline) {RUBY} at (0,0) size 66x20 [color=#0000FF]
          LayoutRubyRun (anonymous) at (61,13) size 70x20
            LayoutRubyText {RT} at (0,-10) size 70x10 [color=#C0C0C0]
              LayoutText {#text} at (0,0) size 70x10
                text run at (0,0) width 70: "yyy yyy"
            LayoutRubyBase (anonymous) at (0,0) size 70x20
              LayoutText {#text} at (2,0) size 66x20
                text run at (2,0) width 66: "x x"
        LayoutText {#text} at (129,13) size 60x20
          text run at (129,13) width 60: "def"
      LayoutBlockFlow {DIV} at (0,176) size 206x56 [color=#4B0082] [border: (3px solid #000000)]
        LayoutRuby (inline) {RUBY} at (0,0) size 45x20 [color=#0000FF]
          LayoutRubyRun (anonymous) at (3,13) size 50x20
            LayoutRubyText {RT} at (0,-10) size 50x10 [color=#C0C0C0]
              LayoutText {#text} at (0,0) size 50x10
                text run at (0,0) width 50: "yy yy"
            LayoutRubyBase (anonymous) at (0,0) size 50x20
              LayoutText {#text} at (5,0) size 40x20
                text run at (5,0) width 40: "xx"
        LayoutText {#text} at (48,13) size 145x40
          text run at (48,13) width 100: "def g"
          text run at (3,33) width 40: "hi"
      LayoutBlockFlow {DIV} at (0,240) size 206x36 [color=#4B0082] [border: (3px solid #000000)]
        LayoutText {#text} at (3,13) size 20x20
          text run at (3,13) width 20: "a"
        LayoutRuby (inline) {RUBY} at (0,0) size 40x20 [color=#0000FF]
          LayoutRubyRun (anonymous) at (18,13) size 50x20
            LayoutRubyText {RT} at (0,-10) size 50x10 [color=#C0C0C0]
              LayoutText {#text} at (0,0) size 50x10
                text run at (0,0) width 50: "yy yy"
            LayoutRubyBase (anonymous) at (0,0) size 50x20
              LayoutText {#text} at (5,0) size 40x20
                text run at (5,0) width 40: "xx"
        LayoutText {#text} at (63,13) size 140x20
          text run at (63,13) width 140: "def g h"
      LayoutBlockFlow {DIV} at (0,284) size 206x56 [color=#4B0082] [border: (3px solid #000000)]
        LayoutText {#text} at (3,3) size 160x20
          text run at (3,3) width 160: "a b bc b"
        LayoutRuby (inline) {RUBY} at (0,0) size 50x20 [color=#0000FF]
          LayoutRubyRun (anonymous) at (3,33) size 50x20
            LayoutRubyText {RT} at (0,-10) size 50x10 [color=#C0C0C0]
              LayoutText {#text} at (0,0) size 50x10
                text run at (0,0) width 50: "yy yy"
            LayoutRubyBase (anonymous) at (0,0) size 50x20
              LayoutText {#text} at (5,0) size 40x20
                text run at (5,0) width 40: "xx"
        LayoutText {#text} at (0,0) size 0x0
      LayoutBlockFlow {DIV} at (0,348) size 206x36 [color=#4B0082] [border: (3px solid #000000)]
        LayoutText {#text} at (3,13) size 140x20
          text run at (3,13) width 140: "a b b b"
        LayoutRuby (inline) {RUBY} at (0,0) size 40x20 [color=#0000FF]
          LayoutRubyRun (anonymous) at (138,13) size 50x20
            LayoutRubyText {RT} at (0,-10) size 50x10 [color=#C0C0C0]
              LayoutText {#text} at (0,0) size 50x10
                text run at (0,0) width 50: "yy yy"
            LayoutRubyBase (anonymous) at (0,0) size 50x20
              LayoutText {#text} at (5,0) size 40x20
                text run at (5,0) width 40: "xx"
        LayoutInline {SPAN} at (0,0) size 20x10
          LayoutText {#text} at (183,21) size 20x10
            text run at (183,21) width 20: "de"
      LayoutBlockFlow {DIV} at (0,392) size 206x38 [color=#4B0082] [border: (3px solid #000000)]
        LayoutText {#text} at (3,13) size 120x20
          text run at (3,13) width 120: "a b b "
        LayoutRuby (inline) {RUBY} at (0,0) size 45x20 [color=#0000FF]
          LayoutRubyRun (anonymous) at (118,13) size 50x20
            LayoutRubyText {RT} at (0,-10) size 50x10 [color=#C0C0C0]
              LayoutText {#text} at (0,0) size 50x10
                text run at (0,0) width 50: "yy yy"
            LayoutRubyBase (anonymous) at (0,0) size 50x20
              LayoutText {#text} at (5,0) size 40x20
                text run at (5,0) width 40: "xx"
        LayoutInline {SPAN} at (0,0) size 30x30
          LayoutText {#text} at (168,5) size 30x30
            text run at (168,5) width 30: "d"
      LayoutBlockFlow {DIV} at (0,438) size 206x36 [color=#4B0082] [border: (3px solid #000000)]
        LayoutInline {SPAN} at (0,0) size 20x10
          LayoutText {#text} at (3,21) size 20x10
            text run at (3,21) width 20: "cb"
        LayoutRuby (inline) {RUBY} at (0,0) size 40x20 [color=#0000FF]
          LayoutRubyRun (anonymous) at (18,13) size 50x20
            LayoutRubyText {RT} at (0,-10) size 50x10 [color=#C0C0C0]
              LayoutText {#text} at (0,0) size 50x10
                text run at (0,0) width 50: "yy yy"
            LayoutRubyBase (anonymous) at (0,0) size 50x20
              LayoutText {#text} at (5,0) size 40x20
                text run at (5,0) width 40: "xx"
        LayoutText {#text} at (63,13) size 40x20
          text run at (63,13) width 40: "ij"
      LayoutBlockFlow {DIV} at (0,482) size 206x38 [color=#4B0082] [border: (3px solid #000000)]
        LayoutInline {SPAN} at (0,0) size 30x30
          LayoutText {#text} at (3,5) size 30x30
            text run at (3,5) width 30: "c"
        LayoutRuby (inline) {RUBY} at (0,0) size 45x20 [color=#0000FF]
          LayoutRubyRun (anonymous) at (33,13) size 50x20
            LayoutRubyText {RT} at (0,-10) size 50x10 [color=#C0C0C0]
              LayoutText {#text} at (0,0) size 50x10
                text run at (0,0) width 50: "yy yy"
            LayoutRubyBase (anonymous) at (0,0) size 50x20
              LayoutText {#text} at (5,0) size 40x20
                text run at (5,0) width 40: "xx"
        LayoutText {#text} at (78,13) size 40x20
          text run at (78,13) width 40: "ij"
