layer at (0,0) size 800x600
  LayoutView at (0,0) size 800x600
layer at (0,0) size 800x600
  LayoutBlockFlow {HTML} at (0,0) size 800x600
    LayoutBlockFlow {BODY} at (8,8) size 784x584
      LayoutBlockFlow {DIV} at (0,0) size 36x206 [color=#4B0082] [border: (3px solid #000000)]
        LayoutText {#text} at (13,3) size 20x60
          text run at (13,3) width 60: "abc"
        LayoutRuby (inline) {RUBY} at (0,0) size 20x40 [color=#0000FF]
          LayoutRubyRun (anonymous) at (13,63) size 20x40
            LayoutRubyText {RT} at (-10,0) size 10x40 [color=#C0C0C0]
              LayoutText {#text} at (0,2) size 10x36
                text run at (0,2) width 35: "y y"
            LayoutRubyBase (anonymous) at (0,0) size 20x40
              LayoutText {#text} at (0,0) size 20x40
                text run at (0,0) width 40: "xx"
        LayoutText {#text} at (13,103) size 20x60
          text run at (13,103) width 60: "def"
      LayoutBlockFlow {DIV} at (44,0) size 36x206 [color=#4B0082] [border: (3px solid #000000)]
        LayoutText {#text} at (13,3) size 20x60
          text run at (13,3) width 60: "abc"
        LayoutRuby (inline) {RUBY} at (0,0) size 20x40 [color=#0000FF]
          LayoutRubyRun (anonymous) at (13,58) size 20x50
            LayoutRubyText {RT} at (-10,0) size 10x50 [color=#C0C0C0]
              LayoutText {#text} at (0,0) size 10x50
                text run at (0,0) width 50: "yy yy"
            LayoutRubyBase (anonymous) at (0,0) size 20x50
              LayoutText {#text} at (0,5) size 20x40
                text run at (0,5) width 40: "xx"
        LayoutText {#text} at (13,103) size 20x60
          text run at (13,103) width 60: "def"
      LayoutBlockFlow {DIV} at (88,0) size 36x206 [color=#4B0082] [border: (3px solid #000000)]
        LayoutText {#text} at (13,3) size 20x60
          text run at (13,3) width 60: "abc"
        LayoutRuby (inline) {RUBY} at (0,0) size 20x50 [color=#0000FF]
          LayoutRubyRun (anonymous) at (13,58) size 20x60
            LayoutRubyText {RT} at (-10,0) size 10x60 [color=#C0C0C0]
              LayoutText {#text} at (0,0) size 10x60
                text run at (0,0) width 60: "yyyyyy"
            LayoutRubyBase (anonymous) at (0,0) size 20x60
              LayoutText {#text} at (0,10) size 20x40
                text run at (0,10) width 40: "xx"
        LayoutText {#text} at (13,113) size 20x60
          text run at (13,113) width 60: "def"
      LayoutBlockFlow {DIV} at (132,0) size 36x206 [color=#4B0082] [border: (3px solid #000000)]
        LayoutText {#text} at (13,3) size 20x60
          text run at (13,3) width 60: "abc"
        LayoutRuby (inline) {RUBY} at (0,0) size 20x66 [color=#0000FF]
          LayoutRubyRun (anonymous) at (13,61) size 20x70
            LayoutRubyText {RT} at (-10,0) size 10x70 [color=#C0C0C0]
              LayoutText {#text} at (0,0) size 10x70
                text run at (0,0) width 70: "yyy yyy"
            LayoutRubyBase (anonymous) at (0,0) size 20x70
              LayoutText {#text} at (0,2) size 20x66
                text run at (0,2) width 65: "x x"
        LayoutText {#text} at (13,129) size 20x60
          text run at (13,129) width 60: "def"
      LayoutBlockFlow {DIV} at (176,0) size 56x206 [color=#4B0082] [border: (3px solid #000000)]
        LayoutRuby (inline) {RUBY} at (0,0) size 20x45 [color=#0000FF]
          LayoutRubyRun (anonymous) at (13,3) size 20x50
            LayoutRubyText {RT} at (-10,0) size 10x50 [color=#C0C0C0]
              LayoutText {#text} at (0,0) size 10x50
                text run at (0,0) width 50: "yy yy"
            LayoutRubyBase (anonymous) at (0,0) size 20x50
              LayoutText {#text} at (0,5) size 20x40
                text run at (0,5) width 40: "xx"
        LayoutText {#text} at (13,48) size 40x145
          text run at (13,48) width 100: "def g"
          text run at (33,3) width 40: "hi"
      LayoutBlockFlow {DIV} at (240,0) size 36x206 [color=#4B0082] [border: (3px solid #000000)]
        LayoutText {#text} at (13,3) size 20x20
          text run at (13,3) width 20: "a"
        LayoutRuby (inline) {RUBY} at (0,0) size 20x40 [color=#0000FF]
          LayoutRubyRun (anonymous) at (13,18) size 20x50
            LayoutRubyText {RT} at (-10,0) size 10x50 [color=#C0C0C0]
              LayoutText {#text} at (0,0) size 10x50
                text run at (0,0) width 50: "yy yy"
            LayoutRubyBase (anonymous) at (0,0) size 20x50
              LayoutText {#text} at (0,5) size 20x40
                text run at (0,5) width 40: "xx"
        LayoutText {#text} at (13,63) size 20x140
          text run at (13,63) width 140: "def g h"
      LayoutBlockFlow {DIV} at (284,0) size 56x206 [color=#4B0082] [border: (3px solid #000000)]
        LayoutText {#text} at (3,3) size 20x160
          text run at (3,3) width 160: "a b bc b"
        LayoutRuby (inline) {RUBY} at (0,0) size 20x50 [color=#0000FF]
          LayoutRubyRun (anonymous) at (33,3) size 20x50
            LayoutRubyText {RT} at (-10,0) size 10x50 [color=#C0C0C0]
              LayoutText {#text} at (0,0) size 10x50
                text run at (0,0) width 50: "yy yy"
            LayoutRubyBase (anonymous) at (0,0) size 20x50
              LayoutText {#text} at (0,5) size 20x40
                text run at (0,5) width 40: "xx"
        LayoutText {#text} at (0,0) size 0x0
      LayoutBlockFlow {DIV} at (348,0) size 36x206 [color=#4B0082] [border: (3px solid #000000)]
        LayoutText {#text} at (13,3) size 20x140
          text run at (13,3) width 140: "a b b b"
        LayoutRuby (inline) {RUBY} at (0,0) size 20x40 [color=#0000FF]
          LayoutRubyRun (anonymous) at (13,138) size 20x50
            LayoutRubyText {RT} at (-10,0) size 10x50 [color=#C0C0C0]
              LayoutText {#text} at (0,0) size 10x50
                text run at (0,0) width 50: "yy yy"
            LayoutRubyBase (anonymous) at (0,0) size 20x50
              LayoutText {#text} at (0,5) size 20x40
                text run at (0,5) width 40: "xx"
        LayoutInline {SPAN} at (0,0) size 10x20
          LayoutText {#text} at (21,183) size 10x20
            text run at (21,183) width 20: "de"
      LayoutBlockFlow {DIV} at (392,0) size 38x206 [color=#4B0082] [border: (3px solid #000000)]
        LayoutText {#text} at (13,3) size 20x120
          text run at (13,3) width 120: "a b b "
        LayoutRuby (inline) {RUBY} at (0,0) size 20x45 [color=#0000FF]
          LayoutRubyRun (anonymous) at (13,118) size 20x50
            LayoutRubyText {RT} at (-10,0) size 10x50 [color=#C0C0C0]
              LayoutText {#text} at (0,0) size 10x50
                text run at (0,0) width 50: "yy yy"
            LayoutRubyBase (anonymous) at (0,0) size 20x50
              LayoutText {#text} at (0,5) size 20x40
                text run at (0,5) width 40: "xx"
        LayoutInline {SPAN} at (0,0) size 30x30
          LayoutText {#text} at (5,168) size 30x30
            text run at (5,168) width 30: "d"
      LayoutBlockFlow {DIV} at (438,0) size 36x206 [color=#4B0082] [border: (3px solid #000000)]
        LayoutInline {SPAN} at (0,0) size 10x20
          LayoutText {#text} at (21,3) size 10x20
            text run at (21,3) width 20: "cb"
        LayoutRuby (inline) {RUBY} at (0,0) size 20x40 [color=#0000FF]
          LayoutRubyRun (anonymous) at (13,18) size 20x50
            LayoutRubyText {RT} at (-10,0) size 10x50 [color=#C0C0C0]
              LayoutText {#text} at (0,0) size 10x50
                text run at (0,0) width 50: "yy yy"
            LayoutRubyBase (anonymous) at (0,0) size 20x50
              LayoutText {#text} at (0,5) size 20x40
                text run at (0,5) width 40: "xx"
        LayoutText {#text} at (13,63) size 20x40
          text run at (13,63) width 40: "ij"
      LayoutBlockFlow {DIV} at (482,0) size 38x206 [color=#4B0082] [border: (3px solid #000000)]
        LayoutInline {SPAN} at (0,0) size 30x30
          LayoutText {#text} at (5,3) size 30x30
            text run at (5,3) width 30: "c"
        LayoutRuby (inline) {RUBY} at (0,0) size 20x45 [color=#0000FF]
          LayoutRubyRun (anonymous) at (13,33) size 20x50
            LayoutRubyText {RT} at (-10,0) size 10x50 [color=#C0C0C0]
              LayoutText {#text} at (0,0) size 10x50
                text run at (0,0) width 50: "yy yy"
            LayoutRubyBase (anonymous) at (0,0) size 20x50
              LayoutText {#text} at (0,5) size 20x40
                text run at (0,5) width 40: "xx"
        LayoutText {#text} at (13,78) size 20x40
          text run at (13,78) width 40: "ij"
