layer at (0,0) size 800x600
  LayoutView at (0,0) size 800x600
layer at (0,0) size 800x600
  LayoutBlockFlow {HTML} at (0,0) size 800x600
    LayoutBlockFlow {BODY} at (8,8) size 784x584
      LayoutBlockFlow {DIV} at (0,0) size 506x36 [color=#4B0082] [border: (3px solid #000000)]
        LayoutRuby (inline) {RUBY} at (0,0) size 80x20 [color=#0000FF]
          LayoutRubyRun (anonymous) at (3,13) size 80x20
            LayoutRubyText {RT} at (0,-10) size 80x10 [color=#C0C0C0]
              LayoutText {#text} at (0,0) size 80x10
                text run at (0,0) width 80: "xxxxxxxx"
            LayoutRubyBase (anonymous) at (0,0) size 80x20
              LayoutText {#text} at (20,0) size 40x20
                text run at (20,0) width 40: "xx"
        LayoutRuby (inline) {RUBY} at (0,0) size 80x20 [color=#0000FF]
          LayoutRubyRun (anonymous) at (83,13) size 80x20
            LayoutRubyText {RT} at (0,-10) size 80x10 [color=#C0C0C0]
              LayoutText {#text} at (0,0) size 80x10
                text run at (0,0) width 80: "yyyyyyyy"
            LayoutRubyBase (anonymous) at (0,0) size 80x20
              LayoutText {#text} at (20,0) size 40x20
                text run at (20,0) width 40: "yy"
        LayoutRuby (inline) {RUBY} at (0,0) size 80x20 [color=#0000FF]
          LayoutRubyRun (anonymous) at (163,13) size 80x20
            LayoutRubyText {RT} at (0,-10) size 80x10 [color=#C0C0C0]
              LayoutText {#text} at (0,0) size 80x10
                text run at (0,0) width 80: "zzzzzzzz"
            LayoutRubyBase (anonymous) at (0,0) size 80x20
              LayoutText {#text} at (20,0) size 40x20
                text run at (20,0) width 40: "zz"
        LayoutText {#text} at (0,0) size 0x0
      LayoutBlockFlow {DIV} at (0,44) size 506x36 [color=#4B0082] [border: (3px solid #000000)]
        LayoutRuby (inline) {RUBY} at (0,0) size 80x20 [color=#0000FF]
          LayoutRubyRun (anonymous) at (3,13) size 80x20
            LayoutRubyText {RT} at (0,-10) size 80x10 [color=#C0C0C0]
              LayoutText {#text} at (0,0) size 80x10
                text run at (0,0) width 80: "xxxxxxxx"
            LayoutRubyBase (anonymous) at (0,0) size 80x20
              LayoutText {#text} at (20,0) size 40x20
                text run at (20,0) width 40: "xx"
        LayoutText {#text} at (83,13) size 20x20
          text run at (83,13) width 20: " "
        LayoutRuby (inline) {RUBY} at (0,0) size 80x20 [color=#0000FF]
          LayoutRubyRun (anonymous) at (103,13) size 80x20
            LayoutRubyText {RT} at (0,-10) size 80x10 [color=#C0C0C0]
              LayoutText {#text} at (0,0) size 80x10
                text run at (0,0) width 80: "yyyyyyyy"
            LayoutRubyBase (anonymous) at (0,0) size 80x20
              LayoutText {#text} at (20,0) size 40x20
                text run at (20,0) width 40: "yy"
        LayoutText {#text} at (183,13) size 20x20
          text run at (183,13) width 20: " "
        LayoutRuby (inline) {RUBY} at (0,0) size 80x20 [color=#0000FF]
          LayoutRubyRun (anonymous) at (203,13) size 80x20
            LayoutRubyText {RT} at (0,-10) size 80x10 [color=#C0C0C0]
              LayoutText {#text} at (0,0) size 80x10
                text run at (0,0) width 80: "zzzzzzzz"
            LayoutRubyBase (anonymous) at (0,0) size 80x20
              LayoutText {#text} at (20,0) size 40x20
                text run at (20,0) width 40: "zz"
        LayoutText {#text} at (0,0) size 0x0
      LayoutBlockFlow {DIV} at (0,88) size 506x36 [color=#4B0082] [border: (3px solid #000000)]
        LayoutRuby (inline) {RUBY} at (0,0) size 80x20 [color=#0000FF]
          LayoutRubyRun (anonymous) at (3,13) size 80x20
            LayoutRubyText {RT} at (0,-10) size 80x10 [color=#C0C0C0]
              LayoutText {#text} at (0,0) size 80x10
                text run at (0,0) width 80: "xxxxxxxx"
            LayoutRubyBase (anonymous) at (0,0) size 80x20
              LayoutText {#text} at (20,0) size 40x20
                text run at (20,0) width 40: "xx"
        LayoutText {#text} at (83,13) size 20x20
          text run at (83,13) width 20: " "
        LayoutRuby (inline) {RUBY} at (0,0) size 80x20 [color=#0000FF]
          LayoutRubyRun (anonymous) at (103,13) size 80x20
            LayoutRubyText {RT} at (0,-10) size 80x10 [color=#C0C0C0]
              LayoutText {#text} at (0,0) size 80x10
                text run at (0,0) width 80: "yyyyyyyy"
            LayoutRubyBase (anonymous) at (0,0) size 80x20
              LayoutText {#text} at (20,0) size 40x20
                text run at (20,0) width 40: "yy"
        LayoutText {#text} at (183,13) size 20x20
          text run at (183,13) width 20: " "
        LayoutRuby (inline) {RUBY} at (0,0) size 80x20 [color=#0000FF]
          LayoutRubyRun (anonymous) at (203,13) size 80x20
            LayoutRubyText {RT} at (0,-10) size 80x10 [color=#C0C0C0]
              LayoutText {#text} at (0,0) size 80x10
                text run at (0,0) width 80: "zzzzzzzz"
            LayoutRubyBase (anonymous) at (0,0) size 80x20
              LayoutText {#text} at (20,0) size 40x20
                text run at (20,0) width 40: "zz"
        LayoutText {#text} at (0,0) size 0x0
      LayoutBlockFlow {DIV} at (0,132) size 506x36 [color=#4B0082] [border: (3px solid #000000)]
        LayoutRuby (inline) {RUBY} at (0,0) size 75x20 [color=#0000FF]
          LayoutRubyRun (anonymous) at (3,13) size 80x20
            LayoutRubyText {RT} at (0,-10) size 80x10 [color=#C0C0C0]
              LayoutText {#text} at (0,0) size 80x10
                text run at (0,0) width 80: "xxxxxxxx"
            LayoutRubyBase (anonymous) at (0,0) size 80x20
              LayoutText {#text} at (20,0) size 40x20
                text run at (20,0) width 40: "xx"
        LayoutText {#text} at (78,13) size 20x20
          text run at (78,13) width 20: "l"
        LayoutRuby (inline) {RUBY} at (0,0) size 70x20 [color=#0000FF]
          LayoutRubyRun (anonymous) at (93,13) size 80x20
            LayoutRubyText {RT} at (0,-10) size 80x10 [color=#C0C0C0]
              LayoutText {#text} at (0,0) size 80x10
                text run at (0,0) width 80: "yyyyyyyy"
            LayoutRubyBase (anonymous) at (0,0) size 80x20
              LayoutText {#text} at (20,0) size 40x20
                text run at (20,0) width 40: "yy"
        LayoutText {#text} at (168,13) size 20x20
          text run at (168,13) width 20: "l"
        LayoutRuby (inline) {RUBY} at (0,0) size 75x20 [color=#0000FF]
          LayoutRubyRun (anonymous) at (183,13) size 80x20
            LayoutRubyText {RT} at (0,-10) size 80x10 [color=#C0C0C0]
              LayoutText {#text} at (0,0) size 80x10
                text run at (0,0) width 80: "zzzzzzzz"
            LayoutRubyBase (anonymous) at (0,0) size 80x20
              LayoutText {#text} at (20,0) size 40x20
                text run at (20,0) width 40: "zz"
        LayoutText {#text} at (0,0) size 0x0
      LayoutBlockFlow {DIV} at (0,176) size 506x36 [color=#4B0082] [border: (3px solid #000000)]
        LayoutRuby (inline) {RUBY} at (0,0) size 75x20 [color=#0000FF]
          LayoutRubyRun (anonymous) at (3,13) size 80x20
            LayoutRubyText {RT} at (0,-10) size 80x10 [color=#C0C0C0]
              LayoutText {#text} at (0,0) size 80x10
                text run at (0,0) width 80: "xxxxxxxx"
            LayoutRubyBase (anonymous) at (0,0) size 80x20
              LayoutText {#text} at (20,0) size 40x20
                text run at (20,0) width 40: "xx"
        LayoutText {#text} at (78,13) size 40x20
          text run at (78,13) width 40: "ll"
        LayoutRuby (inline) {RUBY} at (0,0) size 70x20 [color=#0000FF]
          LayoutRubyRun (anonymous) at (113,13) size 80x20
            LayoutRubyText {RT} at (0,-10) size 80x10 [color=#C0C0C0]
              LayoutText {#text} at (0,0) size 80x10
                text run at (0,0) width 80: "yyyyyyyy"
            LayoutRubyBase (anonymous) at (0,0) size 80x20
              LayoutText {#text} at (20,0) size 40x20
                text run at (20,0) width 40: "yy"
        LayoutText {#text} at (188,13) size 40x20
          text run at (188,13) width 40: "ll"
        LayoutRuby (inline) {RUBY} at (0,0) size 75x20 [color=#0000FF]
          LayoutRubyRun (anonymous) at (223,13) size 80x20
            LayoutRubyText {RT} at (0,-10) size 80x10 [color=#C0C0C0]
              LayoutText {#text} at (0,0) size 80x10
                text run at (0,0) width 80: "zzzzzzzz"
            LayoutRubyBase (anonymous) at (0,0) size 80x20
              LayoutText {#text} at (20,0) size 40x20
                text run at (20,0) width 40: "zz"
        LayoutText {#text} at (0,0) size 0x0
      LayoutBlockFlow {DIV} at (0,220) size 506x36 [color=#4B0082] [border: (3px solid #000000)]
        LayoutRuby (inline) {RUBY} at (0,0) size 75x20 [color=#0000FF]
          LayoutRubyRun (anonymous) at (3,13) size 80x20
            LayoutRubyText {RT} at (0,-10) size 80x10 [color=#C0C0C0]
              LayoutText {#text} at (0,0) size 80x10
                text run at (0,0) width 80: "xxxxxxxx"
            LayoutRubyBase (anonymous) at (0,0) size 80x20
              LayoutText {#text} at (20,0) size 40x20
                text run at (20,0) width 40: "xx"
        LayoutText {#text} at (78,13) size 60x20
          text run at (78,13) width 60: "lll"
        LayoutRuby (inline) {RUBY} at (0,0) size 70x20 [color=#0000FF]
          LayoutRubyRun (anonymous) at (133,13) size 80x20
            LayoutRubyText {RT} at (0,-10) size 80x10 [color=#C0C0C0]
              LayoutText {#text} at (0,0) size 80x10
                text run at (0,0) width 80: "yyyyyyyy"
            LayoutRubyBase (anonymous) at (0,0) size 80x20
              LayoutText {#text} at (20,0) size 40x20
                text run at (20,0) width 40: "yy"
        LayoutText {#text} at (208,13) size 60x20
          text run at (208,13) width 60: "lll"
        LayoutRuby (inline) {RUBY} at (0,0) size 75x20 [color=#0000FF]
          LayoutRubyRun (anonymous) at (263,13) size 80x20
            LayoutRubyText {RT} at (0,-10) size 80x10 [color=#C0C0C0]
              LayoutText {#text} at (0,0) size 80x10
                text run at (0,0) width 80: "zzzzzzzz"
            LayoutRubyBase (anonymous) at (0,0) size 80x20
              LayoutText {#text} at (20,0) size 40x20
                text run at (20,0) width 40: "zz"
        LayoutText {#text} at (0,0) size 0x0
      LayoutBlockFlow {DIV} at (0,264) size 506x36 [color=#4B0082] [border: (3px solid #000000)]
        LayoutRuby (inline) {RUBY} at (0,0) size 75x20 [color=#0000FF]
          LayoutRubyRun (anonymous) at (3,13) size 80x20
            LayoutRubyText {RT} at (0,-10) size 80x10 [color=#C0C0C0]
              LayoutText {#text} at (0,0) size 80x10
                text run at (0,0) width 80: "xxxxxxxx"
            LayoutRubyBase (anonymous) at (0,0) size 80x20
              LayoutText {#text} at (20,0) size 40x20
                text run at (20,0) width 40: "xx"
        LayoutText {#text} at (78,13) size 80x20
          text run at (78,13) width 80: "llll"
        LayoutRuby (inline) {RUBY} at (0,0) size 70x20 [color=#0000FF]
          LayoutRubyRun (anonymous) at (153,13) size 80x20
            LayoutRubyText {RT} at (0,-10) size 80x10 [color=#C0C0C0]
              LayoutText {#text} at (0,0) size 80x10
                text run at (0,0) width 80: "yyyyyyyy"
            LayoutRubyBase (anonymous) at (0,0) size 80x20
              LayoutText {#text} at (20,0) size 40x20
                text run at (20,0) width 40: "yy"
        LayoutText {#text} at (228,13) size 80x20
          text run at (228,13) width 80: "llll"
        LayoutRuby (inline) {RUBY} at (0,0) size 75x20 [color=#0000FF]
          LayoutRubyRun (anonymous) at (303,13) size 80x20
            LayoutRubyText {RT} at (0,-10) size 80x10 [color=#C0C0C0]
              LayoutText {#text} at (0,0) size 80x10
                text run at (0,0) width 80: "zzzzzzzz"
            LayoutRubyBase (anonymous) at (0,0) size 80x20
              LayoutText {#text} at (20,0) size 40x20
                text run at (20,0) width 40: "zz"
        LayoutText {#text} at (0,0) size 0x0
