layer at (0,0) size 800x600
  LayoutView at (0,0) size 800x600
layer at (0,0) size 800x600
  LayoutBlockFlow {HTML} at (0,0) size 800x600
    LayoutBlockFlow {BODY} at (8,8) size 784x584
      LayoutBlockFlow {DIV} at (0,0) size 36x506 [color=#4B0082] [border: (3px solid #000000)]
        LayoutRuby (inline) {RUBY} at (0,0) size 20x75 [color=#0000FF]
          LayoutRubyRun (anonymous) at (13,3) size 20x80
            LayoutRubyText {RT} at (-10,0) size 10x80 [color=#C0C0C0]
              LayoutText {#text} at (0,0) size 10x80
                text run at (0,0) width 80: "xxxxxxxx"
            LayoutRubyBase (anonymous) at (0,0) size 20x80
              LayoutText {#text} at (0,20) size 20x40
                text run at (0,20) width 40: "xx"
        LayoutText {#text} at (13,78) size 20x100
          text run at (13,78) width 100: "lllll"
        LayoutRuby (inline) {RUBY} at (0,0) size 20x70 [color=#0000FF]
          LayoutRubyRun (anonymous) at (13,173) size 20x80
            LayoutRubyText {RT} at (-10,0) size 10x80 [color=#C0C0C0]
              LayoutText {#text} at (0,0) size 10x80
                text run at (0,0) width 80: "yyyyyyyy"
            LayoutRubyBase (anonymous) at (0,0) size 20x80
              LayoutText {#text} at (0,20) size 20x40
                text run at (0,20) width 40: "yy"
        LayoutText {#text} at (13,248) size 20x100
          text run at (13,248) width 100: "lllll"
        LayoutRuby (inline) {RUBY} at (0,0) size 20x75 [color=#0000FF]
          LayoutRubyRun (anonymous) at (13,343) size 20x80
            LayoutRubyText {RT} at (-10,0) size 10x80 [color=#C0C0C0]
              LayoutText {#text} at (0,0) size 10x80
                text run at (0,0) width 80: "zzzzzzzz"
            LayoutRubyBase (anonymous) at (0,0) size 20x80
              LayoutText {#text} at (0,20) size 20x40
                text run at (0,20) width 40: "zz"
        LayoutText {#text} at (0,0) size 0x0
      LayoutBlockFlow {DIV} at (44,0) size 36x506 [color=#4B0082] [border: (3px solid #000000)]
        LayoutRuby (inline) {RUBY} at (0,0) size 20x75 [color=#0000FF]
          LayoutRubyRun (anonymous) at (13,3) size 20x80
            LayoutRubyText {RT} at (-10,0) size 10x80 [color=#C0C0C0]
              LayoutText {#text} at (0,0) size 10x80
                text run at (0,0) width 80: "xxxxxxxx"
            LayoutRubyBase (anonymous) at (0,0) size 20x80
              LayoutText {#text} at (0,20) size 20x40
                text run at (0,20) width 40: "xx"
        LayoutInline {SPAN} at (0,0) size 10x20
          LayoutText {#text} at (21,78) size 10x20
            text run at (21,78) width 20: "ll"
        LayoutRuby (inline) {RUBY} at (0,0) size 20x70 [color=#0000FF]
          LayoutRubyRun (anonymous) at (13,93) size 20x80
            LayoutRubyText {RT} at (-10,0) size 10x80 [color=#C0C0C0]
              LayoutText {#text} at (0,0) size 10x80
                text run at (0,0) width 80: "yyyyyyyy"
            LayoutRubyBase (anonymous) at (0,0) size 20x80
              LayoutText {#text} at (0,20) size 20x40
                text run at (0,20) width 40: "yy"
        LayoutInline {SPAN} at (0,0) size 10x20
          LayoutText {#text} at (21,168) size 10x20
            text run at (21,168) width 20: "ll"
        LayoutRuby (inline) {RUBY} at (0,0) size 20x75 [color=#0000FF]
          LayoutRubyRun (anonymous) at (13,183) size 20x80
            LayoutRubyText {RT} at (-10,0) size 10x80 [color=#C0C0C0]
              LayoutText {#text} at (0,0) size 10x80
                text run at (0,0) width 80: "zzzzzzzz"
            LayoutRubyBase (anonymous) at (0,0) size 20x80
              LayoutText {#text} at (0,20) size 20x40
                text run at (0,20) width 40: "zz"
        LayoutText {#text} at (0,0) size 0x0
      LayoutBlockFlow {DIV} at (88,0) size 36x506 [color=#4B0082] [border: (3px solid #000000)]
        LayoutRuby (inline) {RUBY} at (0,0) size 20x75 [color=#0000FF]
          LayoutRubyRun (anonymous) at (13,3) size 20x80
            LayoutRubyText {RT} at (-10,0) size 10x80 [color=#C0C0C0]
              LayoutText {#text} at (0,0) size 10x80
                text run at (0,0) width 80: "xxxxxxxx"
            LayoutRubyBase (anonymous) at (0,0) size 20x80
              LayoutText {#text} at (0,20) size 20x40
                text run at (0,20) width 40: "xx"
        LayoutInline {SPAN} at (0,0) size 20x40
          LayoutText {#text} at (13,78) size 20x40
            text run at (13,78) width 40: "ll"
        LayoutRuby (inline) {RUBY} at (0,0) size 20x70 [color=#0000FF]
          LayoutRubyRun (anonymous) at (13,113) size 20x80
            LayoutRubyText {RT} at (-10,0) size 10x80 [color=#C0C0C0]
              LayoutText {#text} at (0,0) size 10x80
                text run at (0,0) width 80: "yyyyyyyy"
            LayoutRubyBase (anonymous) at (0,0) size 20x80
              LayoutText {#text} at (0,20) size 20x40
                text run at (0,20) width 40: "yy"
        LayoutInline {SPAN} at (0,0) size 20x40
          LayoutText {#text} at (13,188) size 20x40
            text run at (13,188) width 40: "ll"
        LayoutRuby (inline) {RUBY} at (0,0) size 20x75 [color=#0000FF]
          LayoutRubyRun (anonymous) at (13,223) size 20x80
            LayoutRubyText {RT} at (-10,0) size 10x80 [color=#C0C0C0]
              LayoutText {#text} at (0,0) size 10x80
                text run at (0,0) width 80: "zzzzzzzz"
            LayoutRubyBase (anonymous) at (0,0) size 20x80
              LayoutText {#text} at (0,20) size 20x40
                text run at (0,20) width 40: "zz"
        LayoutText {#text} at (0,0) size 0x0
      LayoutBlockFlow {DIV} at (132,0) size 38x506 [color=#4B0082] [border: (3px solid #000000)]
        LayoutRuby (inline) {RUBY} at (0,0) size 20x80 [color=#0000FF]
          LayoutRubyRun (anonymous) at (13,3) size 20x80
            LayoutRubyText {RT} at (-10,0) size 10x80 [color=#C0C0C0]
              LayoutText {#text} at (0,0) size 10x80
                text run at (0,0) width 80: "xxxxxxxx"
            LayoutRubyBase (anonymous) at (0,0) size 20x80
              LayoutText {#text} at (0,20) size 20x40
                text run at (0,20) width 40: "xx"
        LayoutInline {SPAN} at (0,0) size 30x60
          LayoutText {#text} at (5,83) size 30x60
            text run at (5,83) width 60: "ll"
        LayoutRuby (inline) {RUBY} at (0,0) size 20x80 [color=#0000FF]
          LayoutRubyRun (anonymous) at (13,143) size 20x80
            LayoutRubyText {RT} at (-10,0) size 10x80 [color=#C0C0C0]
              LayoutText {#text} at (0,0) size 10x80
                text run at (0,0) width 80: "yyyyyyyy"
            LayoutRubyBase (anonymous) at (0,0) size 20x80
              LayoutText {#text} at (0,20) size 20x40
                text run at (0,20) width 40: "yy"
        LayoutInline {SPAN} at (0,0) size 30x60
          LayoutText {#text} at (5,223) size 30x60
            text run at (5,223) width 60: "ll"
        LayoutRuby (inline) {RUBY} at (0,0) size 20x80 [color=#0000FF]
          LayoutRubyRun (anonymous) at (13,283) size 20x80
            LayoutRubyText {RT} at (-10,0) size 10x80 [color=#C0C0C0]
              LayoutText {#text} at (0,0) size 10x80
                text run at (0,0) width 80: "zzzzzzzz"
            LayoutRubyBase (anonymous) at (0,0) size 20x80
              LayoutText {#text} at (0,20) size 20x40
                text run at (0,20) width 40: "zz"
        LayoutText {#text} at (0,0) size 0x0
