layer at (0,0) size 800x600
  LayoutView at (0,0) size 800x600
layer at (0,0) size 800x600
  LayoutBlockFlow {HTML} at (0,0) size 800x600
    LayoutBlockFlow {BODY} at (8,8) size 784x584
      LayoutBlockFlow {DIV} at (0,0) size 506x36 [color=#4B0082] [border: (3px solid #000000)]
        LayoutRuby (inline) {RUBY} at (0,0) size 75x20 [color=#0000FF]
          LayoutRubyRun (anonymous) at (3,13) size 80x20
            LayoutRubyText {RT} at (0,-10) size 80x10 [color=#C0C0C0]
              LayoutText {#text} at (0,0) size 80x10
                text run at (0,0) width 80: "xxxxxxxx"
            LayoutRubyBase (anonymous) at (0,0) size 80x20
              LayoutText {#text} at (20,0) size 40x20
                text run at (20,0) width 40: "xx"
        LayoutText {#text} at (78,13) size 100x20
          text run at (78,13) width 100: "lllll"
        LayoutRuby (inline) {RUBY} at (0,0) size 70x20 [color=#0000FF]
          LayoutRubyRun (anonymous) at (173,13) size 80x20
            LayoutRubyText {RT} at (0,-10) size 80x10 [color=#C0C0C0]
              LayoutText {#text} at (0,0) size 80x10
                text run at (0,0) width 80: "yyyyyyyy"
            LayoutRubyBase (anonymous) at (0,0) size 80x20
              LayoutText {#text} at (20,0) size 40x20
                text run at (20,0) width 40: "yy"
        LayoutText {#text} at (248,13) size 100x20
          text run at (248,13) width 100: "lllll"
        LayoutRuby (inline) {RUBY} at (0,0) size 75x20 [color=#0000FF]
          LayoutRubyRun (anonymous) at (343,13) size 80x20
            LayoutRubyText {RT} at (0,-10) size 80x10 [color=#C0C0C0]
              LayoutText {#text} at (0,0) size 80x10
                text run at (0,0) width 80: "zzzzzzzz"
            LayoutRubyBase (anonymous) at (0,0) size 80x20
              LayoutText {#text} at (20,0) size 40x20
                text run at (20,0) width 40: "zz"
        LayoutText {#text} at (0,0) size 0x0
      LayoutBlockFlow {DIV} at (0,44) size 506x36 [color=#4B0082] [border: (3px solid #000000)]
        LayoutRuby (inline) {RUBY} at (0,0) size 75x20 [color=#0000FF]
          LayoutRubyRun (anonymous) at (3,13) size 80x20
            LayoutRubyText {RT} at (0,-10) size 80x10 [color=#C0C0C0]
              LayoutText {#text} at (0,0) size 80x10
                text run at (0,0) width 80: "xxxxxxxx"
            LayoutRubyBase (anonymous) at (0,0) size 80x20
              LayoutText {#text} at (20,0) size 40x20
                text run at (20,0) width 40: "xx"
        LayoutInline {SPAN} at (0,0) size 20x10
          LayoutText {#text} at (78,21) size 20x10
            text run at (78,21) width 20: "ll"
        LayoutRuby (inline) {RUBY} at (0,0) size 70x20 [color=#0000FF]
          LayoutRubyRun (anonymous) at (93,13) size 80x20
            LayoutRubyText {RT} at (0,-10) size 80x10 [color=#C0C0C0]
              LayoutText {#text} at (0,0) size 80x10
                text run at (0,0) width 80: "yyyyyyyy"
            LayoutRubyBase (anonymous) at (0,0) size 80x20
              LayoutText {#text} at (20,0) size 40x20
                text run at (20,0) width 40: "yy"
        LayoutInline {SPAN} at (0,0) size 20x10
          LayoutText {#text} at (168,21) size 20x10
            text run at (168,21) width 20: "ll"
        LayoutRuby (inline) {RUBY} at (0,0) size 75x20 [color=#0000FF]
          LayoutRubyRun (anonymous) at (183,13) size 80x20
            LayoutRubyText {RT} at (0,-10) size 80x10 [color=#C0C0C0]
              LayoutText {#text} at (0,0) size 80x10
                text run at (0,0) width 80: "zzzzzzzz"
            LayoutRubyBase (anonymous) at (0,0) size 80x20
              LayoutText {#text} at (20,0) size 40x20
                text run at (20,0) width 40: "zz"
        LayoutText {#text} at (0,0) size 0x0
      LayoutBlockFlow {DIV} at (0,88) size 506x36 [color=#4B0082] [border: (3px solid #000000)]
        LayoutRuby (inline) {RUBY} at (0,0) size 75x20 [color=#0000FF]
          LayoutRubyRun (anonymous) at (3,13) size 80x20
            LayoutRubyText {RT} at (0,-10) size 80x10 [color=#C0C0C0]
              LayoutText {#text} at (0,0) size 80x10
                text run at (0,0) width 80: "xxxxxxxx"
            LayoutRubyBase (anonymous) at (0,0) size 80x20
              LayoutText {#text} at (20,0) size 40x20
                text run at (20,0) width 40: "xx"
        LayoutInline {SPAN} at (0,0) size 40x20
          LayoutText {#text} at (78,13) size 40x20
            text run at (78,13) width 40: "ll"
        LayoutRuby (inline) {RUBY} at (0,0) size 70x20 [color=#0000FF]
          LayoutRubyRun (anonymous) at (113,13) size 80x20
            LayoutRubyText {RT} at (0,-10) size 80x10 [color=#C0C0C0]
              LayoutText {#text} at (0,0) size 80x10
                text run at (0,0) width 80: "yyyyyyyy"
            LayoutRubyBase (anonymous) at (0,0) size 80x20
              LayoutText {#text} at (20,0) size 40x20
                text run at (20,0) width 40: "yy"
        LayoutInline {SPAN} at (0,0) size 40x20
          LayoutText {#text} at (188,13) size 40x20
            text run at (188,13) width 40: "ll"
        LayoutRuby (inline) {RUBY} at (0,0) size 75x20 [color=#0000FF]
          LayoutRubyRun (anonymous) at (223,13) size 80x20
            LayoutRubyText {RT} at (0,-10) size 80x10 [color=#C0C0C0]
              LayoutText {#text} at (0,0) size 80x10
                text run at (0,0) width 80: "zzzzzzzz"
            LayoutRubyBase (anonymous) at (0,0) size 80x20
              LayoutText {#text} at (20,0) size 40x20
                text run at (20,0) width 40: "zz"
        LayoutText {#text} at (0,0) size 0x0
      LayoutBlockFlow {DIV} at (0,132) size 506x38 [color=#4B0082] [border: (3px solid #000000)]
        LayoutRuby (inline) {RUBY} at (0,0) size 80x20 [color=#0000FF]
          LayoutRubyRun (anonymous) at (3,13) size 80x20
            LayoutRubyText {RT} at (0,-10) size 80x10 [color=#C0C0C0]
              LayoutText {#text} at (0,0) size 80x10
                text run at (0,0) width 80: "xxxxxxxx"
            LayoutRubyBase (anonymous) at (0,0) size 80x20
              LayoutText {#text} at (20,0) size 40x20
                text run at (20,0) width 40: "xx"
        LayoutInline {SPAN} at (0,0) size 60x30
          LayoutText {#text} at (83,5) size 60x30
            text run at (83,5) width 60: "ll"
        LayoutRuby (inline) {RUBY} at (0,0) size 80x20 [color=#0000FF]
          LayoutRubyRun (anonymous) at (143,13) size 80x20
            LayoutRubyText {RT} at (0,-10) size 80x10 [color=#C0C0C0]
              LayoutText {#text} at (0,0) size 80x10
                text run at (0,0) width 80: "yyyyyyyy"
            LayoutRubyBase (anonymous) at (0,0) size 80x20
              LayoutText {#text} at (20,0) size 40x20
                text run at (20,0) width 40: "yy"
        LayoutInline {SPAN} at (0,0) size 60x30
          LayoutText {#text} at (223,5) size 60x30
            text run at (223,5) width 60: "ll"
        LayoutRuby (inline) {RUBY} at (0,0) size 80x20 [color=#0000FF]
          LayoutRubyRun (anonymous) at (283,13) size 80x20
            LayoutRubyText {RT} at (0,-10) size 80x10 [color=#C0C0C0]
              LayoutText {#text} at (0,0) size 80x10
                text run at (0,0) width 80: "zzzzzzzz"
            LayoutRubyBase (anonymous) at (0,0) size 80x20
              LayoutText {#text} at (20,0) size 40x20
                text run at (20,0) width 40: "zz"
        LayoutText {#text} at (0,0) size 0x0
