layer at (0,0) size 800x600
  LayoutView at (0,0) size 800x600
layer at (0,0) size 800x51
  LayoutBlockFlow {HTML} at (0,0) size 800x51 [color=#FFFFFF]
    LayoutBlockFlow {BODY} at (8,8) size 784x35
      LayoutRuby (inline) {RUBY} at (0,0) size 784x10
        LayoutRubyRun (anonymous) at (0,5) size 784x30
          LayoutRubyText {RT} at (0,-5) size 784x5
            LayoutText {#text} at (372,0) size 40x5
              text run at (372,0) width 40: "rubytext"
          LayoutRubyBase (anonymous) at (0,0) size 784x30
            LayoutText {#text} at (0,0) size 784x30
              text run at (0,0) width 784: "Attempt to create a positioned ruby text element. Non-static position is not"
              text run at (0,10) width 784: "supported for ruby text, which should be apparent from the resulting render"
              text run at (0,20) width 50: "tree."
      LayoutText {#text} at (0,0) size 0x0
