layer at (0,0) size 800x600
  LayoutView at (0,0) size 800x600
layer at (0,0) size 800x600
  LayoutBlockFlow {HTML} at (0,0) size 800x600
    LayoutBlockFlow {BODY} at (8,8) size 784x584
      LayoutBlockFlow (floating) {DIV} at (0,0) size 160x324
        LayoutBlockFlow {DIV} at (0,8) size 160x140
          LayoutText {#text} at (0,0) size 160x20
            text run at (0,0) width 160: "xxxxx xx"
          LayoutRuby (inline) {RUBY} at (0,0) size 80x20 [color=#0000FF]
            LayoutRubyRun (anonymous) at (0,20) size 80x20
              LayoutRubyText {RT} at (0,20) size 80x10 [color=#FFA500]
                LayoutText {#text} at (25,0) size 30x10
                  text run at (25,0) width 30: "yyy"
              LayoutRubyBase (anonymous) at (0,0) size 80x20
                LayoutText {#text} at (0,0) size 80x20
                  text run at (0,0) width 80: "xxxx"
          LayoutText {#text} at (80,20) size 160x50
            text run at (80,20) width 80: " xxx"
            text run at (0,50) width 160: "xxx xxxx"
          LayoutRuby (inline) {RUBY} at (0,0) size 100x20 [color=#0000FF]
            LayoutRubyRun (anonymous) at (0,80) size 100x20
              LayoutRubyText {RT} at (0,20) size 100x20 [color=#FFA500]
                LayoutText {#text} at (45,0) size 10x10
                  text run at (45,0) width 10: "y"
                LayoutBR {BR} at (55,8) size 0x0
                LayoutText {#text} at (45,10) size 10x10
                  text run at (45,10) width 10: "y"
              LayoutRubyBase (anonymous) at (0,0) size 100x20
                LayoutText {#text} at (0,0) size 100x20
                  text run at (0,0) width 100: "xxxxx"
          LayoutText {#text} at (100,80) size 20x20
            text run at (100,80) width 20: " "
          LayoutInline {SPAN} at (0,0) size 40x20
            LayoutText {#text} at (120,80) size 40x20
              text run at (120,80) width 40: "xx"
          LayoutText {#text} at (0,120) size 160x20
            text run at (0,120) width 160: "xxx xxxx"
        LayoutBlockFlow {DIV} at (0,156) size 140x160
          LayoutText {#text} at (0,0) size 20x160
            text run at (0,0) width 160: "xxxxx xx"
          LayoutRuby (inline) {RUBY} at (0,0) size 20x80 [color=#0000FF]
            LayoutRubyRun (anonymous) at (30,0) size 20x80
              LayoutRubyText {RT} at (-10,0) size 10x80 [color=#FFA500]
                LayoutText {#text} at (0,25) size 10x30
                  text run at (0,25) width 30: "yyy"
              LayoutRubyBase (anonymous) at (0,0) size 20x80
                LayoutText {#text} at (0,0) size 20x80
                  text run at (0,0) width 80: "xxxx"
          LayoutText {#text} at (30,80) size 40x160
            text run at (30,80) width 80: " xxx"
            text run at (50,0) width 160: "xxx xxxx"
          LayoutRuby (inline) {RUBY} at (0,0) size 20x100 [color=#0000FF]
            LayoutRubyRun (anonymous) at (90,0) size 20x100
              LayoutRubyText {RT} at (-20,0) size 20x100 [color=#FFA500]
                LayoutText {#text} at (0,45) size 10x10
                  text run at (0,45) width 10: "y"
                LayoutBR {BR} at (2,55) size 0x0
                LayoutText {#text} at (10,45) size 10x10
                  text run at (10,45) width 10: "y"
              LayoutRubyBase (anonymous) at (0,0) size 20x100
                LayoutText {#text} at (0,0) size 20x100
                  text run at (0,0) width 100: "xxxxx"
          LayoutText {#text} at (90,100) size 20x20
            text run at (90,100) width 20: " "
          LayoutInline {SPAN} at (0,0) size 20x40
            LayoutText {#text} at (90,120) size 20x40
              text run at (90,120) width 40: "xx"
          LayoutText {#text} at (120,0) size 20x160
            text run at (120,0) width 160: "xxx xxxx"
      LayoutBlockFlow (floating) {DIV} at (168,148) size 140x176
        LayoutBlockFlow {DIV} at (0,8) size 140x160
          LayoutText {#text} at (0,0) size 20x160
            text run at (0,0) width 160: "xxxxx xx"
          LayoutRuby (inline) {RUBY} at (0,0) size 20x80 [color=#0000FF]
            LayoutRubyRun (anonymous) at (20,0) size 20x80
              LayoutRubyText {RT} at (20,0) size 10x80 [color=#FFA500]
                LayoutText {#text} at (0,25) size 10x30
                  text run at (0,25) width 30: "yyy"
              LayoutRubyBase (anonymous) at (0,0) size 20x80
                LayoutText {#text} at (0,0) size 20x80
                  text run at (0,0) width 80: "xxxx"
          LayoutText {#text} at (20,80) size 50x160
            text run at (20,80) width 80: " xxx"
            text run at (50,0) width 160: "xxx xxxx"
          LayoutRuby (inline) {RUBY} at (0,0) size 20x100 [color=#0000FF]
            LayoutRubyRun (anonymous) at (80,0) size 20x100
              LayoutRubyText {RT} at (20,0) size 20x100 [color=#FFA500]
                LayoutText {#text} at (0,45) size 10x10
                  text run at (0,45) width 10: "y"
                LayoutBR {BR} at (8,55) size 0x0
                LayoutText {#text} at (10,45) size 10x10
                  text run at (10,45) width 10: "y"
              LayoutRubyBase (anonymous) at (0,0) size 20x100
                LayoutText {#text} at (0,0) size 20x100
                  text run at (0,0) width 100: "xxxxx"
          LayoutText {#text} at (80,100) size 20x20
            text run at (80,100) width 20: " "
          LayoutInline {SPAN} at (0,0) size 20x40
            LayoutText {#text} at (80,120) size 20x40
              text run at (80,120) width 40: "xx"
          LayoutText {#text} at (120,0) size 20x160
            text run at (120,0) width 160: "xxx xxxx"
