layer at (0,0) size 800x600
  LayoutView at (0,0) size 800x600
layer at (0,0) size 800x600
  LayoutBlockFlow {HTML} at (0,0) size 800x600
    LayoutBlockFlow {BODY} at (8,8) size 784x584
      LayoutBlockFlow {DIV} at (0,0) size 784x59 [border: (2px solid #FF0000)]
        LayoutText {#text} at (2,37) size 158x19
          text run at (2,37) width 158: "This image has a margin "
        LayoutImage {IMG} at (209.70,2) size 50x50 [bgcolor=#008000]
        LayoutText {#text} at (309,37) size 37x19
          text run at (309,37) width 37: " on it."
