layer at (0,0) size 800x600
  LayoutView at (0,0) size 800x600
layer at (0,0) size 800x108
  LayoutBlockFlow {HTML} at (0,0) size 800x108
    LayoutBlockFlow {BODY} at (8,16) size 784x76
      LayoutBlockFlow {P} at (0,0) size 784x40
        LayoutInline {SPAN} at (0,0) size 465x39
          LayoutBR {BR} at (0,0) size 0x19
          LayoutText {#text} at (0,20) size 465x19
            text run at (0,20) width 465: "There shouldn\x{2019}t be a black dot or line above the first letter of this sentence"
        LayoutText {#text} at (464,20) size 5x19
          text run at (464,20) width 5: "."
      LayoutBlockFlow {P} at (0,56) size 784x20
        LayoutText {#text} at (0,0) size 52x19
          text run at (0,0) width 52: "Test for "
        LayoutInline {I} at (0,0) size 651x19
          LayoutInline {A} at (0,0) size 302x19 [color=#0000EE]
            LayoutText {#text} at (51,0) size 302x19
              text run at (51,0) width 302: "http://bugs.webkit.org/show_bug.cgi?id=14245"
          LayoutText {#text} at (352,0) size 350x19
            text run at (352,0) width 5: " "
            text run at (356,0) width 346: "Underline painted under <br>, not repainted properly"
        LayoutText {#text} at (701,0) size 5x19
          text run at (701,0) width 5: "."
