layer at (0,0) size 800x600
  LayoutView at (0,0) size 800x600
layer at (0,0) size 800x600
  LayoutBlockFlow {HTML} at (0,0) size 800x600
    LayoutBlockFlow {BODY} at (8,8) size 784x576
      LayoutBlockFlow {DIV} at (0,0) size 784x20
        LayoutText {#text} at (0,0) size 552x19
          text run at (0,0) width 552: "This test verifies that we draw borders and and backgrounds for inlines without content."
      LayoutBlockFlow (anonymous) at (0,20) size 784x20
        LayoutBR {BR} at (0,0) size 0x19
      LayoutBlockFlow {DIV} at (0,40) size 784x20
        LayoutText {#text} at (0,0) size 249x19
          text run at (0,0) width 249: "There should be two blue boxes below:"
      LayoutBlockFlow (anonymous) at (0,60) size 784x140
        LayoutInline {A} at (0,0) size 15x25 [color=#0000EE] [border: (3px solid #0000EE)]
        LayoutText {#text} at (0,0) size 0x0
        LayoutInline {A} at (0,0) size 27x25 [color=#0000EE] [border: (3px solid #0000EE)]
          LayoutText {#text} at (23,0) size 12x19
            text run at (23,0) width 12: "A"
        LayoutText {#text} at (42,0) size 4x19
          text run at (42,0) width 4: " "
        LayoutBR {BR} at (0,0) size 0x0
        LayoutBR {BR} at (0,20) size 0x19
        LayoutText {#text} at (0,40) size 261x19
          text run at (0,40) width 261: "There should be a blue box after this text:"
        LayoutInline {A} at (0,0) size 10x29 [bgcolor=#0000FF]
        LayoutText {#text} at (271,40) size 4x19
          text run at (271,40) width 4: " "
        LayoutBR {BR} at (275,55) size 0x0
        LayoutInline {A} at (0,0) size 10x29 [bgcolor=#0000FF]
        LayoutText {#text} at (10,60) size 277x19
          text run at (10,60) width 277: "There should be a blue box before this text. "
        LayoutBR {BR} at (0,0) size 0x0
        LayoutBR {BR} at (0,80) size 0x19
        LayoutInline {A} at (0,0) size 10x29
        LayoutText {#text} at (10,100) size 323x19
          text run at (10,100) width 323: "There should be 10px of space left before this text. "
        LayoutBR {BR} at (0,0) size 0x0
        LayoutBR {BR} at (0,120) size 0x19
      LayoutBlockFlow {P} at (0,216) size 784x40
        LayoutText {#text} at (0,0) size 191x19
          text run at (0,0) width 191: "This text is before the anchor. "
        LayoutInline {A} at (0,0) size 0x0
        LayoutText {#text} at (190,0) size 781x39
          text run at (190,0) width 408: "This text is after the anchor, but should be flush with the anchor. "
          text run at (597,0) width 184: "There should be no spaces in"
          text run at (0,20) width 272: "between the anchor and this following text."
      LayoutBlockFlow {P} at (0,272) size 784x20
        LayoutInline {A} at (0,0) size 722x19
          LayoutText {#text} at (0,0) size 722x19
            text run at (0,0) width 722: "This text should be flush with the anchor. There should not be a space between the anchor and the text on this line."
        LayoutInline {A} at (0,0) size 1x19
          LayoutText {#text} at (0,0) size 0x0
