layer at (0,0) size 800x600
  LayoutView at (0,0) size 800x600
layer at (0,0) size 800x592
  LayoutBlockFlow {HTML} at (0,0) size 800x591.59
    LayoutBlockFlow {BODY} at (8,21.44) size 784x378.25
      LayoutBlockFlow {H1} at (0,0) size 784x37 [color=#990000]
        LayoutText {#text} at (0,0) size 698x36
          text run at (0,0) width 698: "Webkit background image positioning on RTL text"
      LayoutBlockFlow {H2} at (0,58.44) size 784x27
        LayoutText {#text} at (0,0) size 263x26
          text run at (0,0) width 263: "Behaviour within <p> tag"
      LayoutBlockFlow (floating) {DIV} at (0,105.34) size 318x224 [bgcolor=#DDDDDD]
        LayoutBlockFlow {P} at (6,22) size 306x180
          LayoutText {#text} at (40,0) size 266x179
            text run at (40,0) width 252: "Lorem ipsum dolor sit amet, consectetur"
            text run at (40,20) width 95: "adipiscing elit. "
            text run at (135,20) width 119: "Nam mollis, elit eu"
            text run at (40,40) width 259: "vulputate ornare, est urna congue felis, id"
            text run at (40,60) width 43: "auctor "
            text run at (83,60) width 194: "arcu odio imperdiet nulla. Cras"
            text run at (40,80) width 190: "viverra interdum diam blandit "
            text run at (230,80) width 68: "adipiscing."
            text run at (40,100) width 266: "Aliquam erat felis, iaculis sit amet rhoncus"
            text run at (40,120) width 34: "quis, "
            text run at (74,120) width 165: "condimentum at nisl. Duis"
            text run at (40,140) width 230: "malesuada quam vel augue hendrerit"
            text run at (40,160) width 40: "porta. "
            text run at (80,160) width 192: "Nulla vitae elementum mauris."
      LayoutBlockFlow (floating) {DIV} at (332,105.34) size 318x184 [bgcolor=#DDDDDD]
        LayoutBlockFlow {P} at (6,22) size 306x140
          LayoutText {#text} at (11,0) size 261x139
            text run at (11,0) width 255 RTL: "\x{5D4}\x{5D5}\x{5D1}\x{5DC}\x{5EA} \x{5D3}\x{5D9}\x{5E8}\x{5D5}\x{5EA} \x{5D1}\x{5DB}\x{5DC} \x{5D4}\x{5D0}\x{5E8}\x{5E5} \x{5E9}\x{5D9}\x{5E8}\x{5D5}\x{5EA}, \x{5D0}\x{5D9}\x{5DB}\x{5D5}\x{5EA} \x{5D5}\x{5DE}\x{5D7}\x{5D9}\x{5E8}\x{5D9}\x{5DD}"
            text run at (28,20) width 238 RTL: "\x{5DC}\x{5DC}\x{5D0} \x{5EA}\x{5D7}\x{5E8}\x{5D5}\x{5EA} \x{5D4}\x{5D5}\x{5D1}\x{5DC}\x{5EA} \x{5D3}\x{5D9}\x{5E8}\x{5D5}\x{5EA} \x{5D1}\x{5DB}\x{5DC} \x{5D4}\x{5D0}\x{5E8}\x{5E5} \x{5E9}\x{5D9}\x{5E8}\x{5D5}\x{5EA},"
            text run at (23,40) width 243 RTL: "\x{5D0}\x{5D9}\x{5DB}\x{5D5}\x{5EA} \x{5D5}\x{5DE}\x{5D7}\x{5D9}\x{5E8}\x{5D9}\x{5DD} \x{5DC}\x{5DC}\x{5D0} \x{5EA}\x{5D7}\x{5E8}\x{5D5}\x{5EA} \x{5D4}\x{5D5}\x{5D1}\x{5DC}\x{5EA} \x{5D3}\x{5D9}\x{5E8}\x{5D5}\x{5EA} \x{5D1}\x{5DB}\x{5DC}"
            text run at (5,60) width 261 RTL: "\x{5D4}\x{5D0}\x{5E8}\x{5E5} \x{5E9}\x{5D9}\x{5E8}\x{5D5}\x{5EA}, \x{5D0}\x{5D9}\x{5DB}\x{5D5}\x{5EA} \x{5D5}\x{5DE}\x{5D7}\x{5D9}\x{5E8}\x{5D9}\x{5DD} \x{5DC}\x{5DC}\x{5D0} \x{5EA}\x{5D7}\x{5E8}\x{5D5}\x{5EA} \x{5D4}\x{5D5}\x{5D1}\x{5DC}\x{5EA}"
            text run at (23,80) width 243 RTL: "\x{5D3}\x{5D9}\x{5E8}\x{5D5}\x{5EA} \x{5D1}\x{5DB}\x{5DC} \x{5D4}\x{5D0}\x{5E8}\x{5E5} \x{5E9}\x{5D9}\x{5E8}\x{5D5}\x{5EA}, \x{5D0}\x{5D9}\x{5DB}\x{5D5}\x{5EA} \x{5D5}\x{5DE}\x{5D7}\x{5D9}\x{5E8}\x{5D9}\x{5DD} \x{5DC}\x{5DC}\x{5D0}"
            text run at (19,100) width 247 RTL: "\x{5EA}\x{5D7}\x{5E8}\x{5D5}\x{5EA} \x{5D4}\x{5D5}\x{5D1}\x{5DC}\x{5EA} \x{5D3}\x{5D9}\x{5E8}\x{5D5}\x{5EA} \x{5D1}\x{5DB}\x{5DC} \x{5D4}\x{5D0}\x{5E8}\x{5E5} \x{5E9}\x{5D9}\x{5E8}\x{5D5}\x{5EA}, \x{5D0}\x{5D9}\x{5DB}\x{5D5}\x{5EA}"
            text run at (156,120) width 110 RTL: "\x{5D5}\x{5DE}\x{5D7}\x{5D9}\x{5E8}\x{5D9}\x{5DD} \x{5DC}\x{5DC}\x{5D0} \x{5EA}\x{5D7}\x{5E8}\x{5D5}\x{5EA}"
      LayoutBlockFlow {HR} at (0,329.34) size 784x2 [border: (1px inset #EEEEEE)]
      LayoutBlockFlow {H2} at (0,351.25) size 784x27
        LayoutText {#text} at (0,0) size 262x26
          text run at (0,0) width 262: "Behaviour within <a> tag"
      LayoutBlockFlow (floating) {DIV} at (0,398.16) size 318x172 [bgcolor=#DDDDDD]
        LayoutInline {A} at (0,0) size 303x159 [color=#0000EE]
          LayoutText {#text} at (46,6) size 303x159
            text run at (46,6) width 252: "Lorem ipsum dolor sit amet, consectetur"
            text run at (6,26) width 276: "adipiscing elit. Nam mollis, elit eu vulputate"
            text run at (6,46) width 151: "ornare, est urna congue "
            text run at (157,46) width 152: "felis, id auctor arcu odio"
            text run at (6,66) width 274: "imperdiet nulla. Cras viverra interdum diam"
            text run at (6,86) width 297: "blandit adipiscing. Aliquam erat felis, iaculis sit"
            text run at (6,106) width 122: "amet rhoncus quis, "
            text run at (128,106) width 165: "condimentum at nisl. Duis"
            text run at (6,126) width 270: "malesuada quam vel augue hendrerit porta."
            text run at (6,146) width 192: "Nulla vitae elementum mauris."
        LayoutText {#text} at (0,0) size 0x0
      LayoutBlockFlow (floating) {DIV} at (332,398.16) size 318x132 [bgcolor=#DDDDDD]
        LayoutInline {A} at (0,0) size 295x119 [color=#0000EE]
          LayoutText {#text} at (17,6) size 295x119
            text run at (17,6) width 255 RTL: "\x{5D4}\x{5D5}\x{5D1}\x{5DC}\x{5EA} \x{5D3}\x{5D9}\x{5E8}\x{5D5}\x{5EA} \x{5D1}\x{5DB}\x{5DC} \x{5D4}\x{5D0}\x{5E8}\x{5E5} \x{5E9}\x{5D9}\x{5E8}\x{5D5}\x{5EA}, \x{5D0}\x{5D9}\x{5DB}\x{5D5}\x{5EA} \x{5D5}\x{5DE}\x{5D7}\x{5D9}\x{5E8}\x{5D9}\x{5DD}"
            text run at (39,26) width 273 RTL: "\x{5DC}\x{5DC}\x{5D0} \x{5EA}\x{5D7}\x{5E8}\x{5D5}\x{5EA} \x{5D4}\x{5D5}\x{5D1}\x{5DC}\x{5EA} \x{5D3}\x{5D9}\x{5E8}\x{5D5}\x{5EA} \x{5D1}\x{5DB}\x{5DC} \x{5D4}\x{5D0}\x{5E8}\x{5E5} \x{5E9}\x{5D9}\x{5E8}\x{5D5}\x{5EA}, \x{5D0}\x{5D9}\x{5DB}\x{5D5}\x{5EA}"
            text run at (26,46) width 286 RTL: "\x{5D5}\x{5DE}\x{5D7}\x{5D9}\x{5E8}\x{5D9}\x{5DD} \x{5DC}\x{5DC}\x{5D0} \x{5EA}\x{5D7}\x{5E8}\x{5D5}\x{5EA} \x{5D4}\x{5D5}\x{5D1}\x{5DC}\x{5EA} \x{5D3}\x{5D9}\x{5E8}\x{5D5}\x{5EA} \x{5D1}\x{5DB}\x{5DC} \x{5D4}\x{5D0}\x{5E8}\x{5E5} \x{5E9}\x{5D9}\x{5E8}\x{5D5}\x{5EA},"
            text run at (33,66) width 279 RTL: "\x{5D0}\x{5D9}\x{5DB}\x{5D5}\x{5EA} \x{5D5}\x{5DE}\x{5D7}\x{5D9}\x{5E8}\x{5D9}\x{5DD} \x{5DC}\x{5DC}\x{5D0} \x{5EA}\x{5D7}\x{5E8}\x{5D5}\x{5EA} \x{5D4}\x{5D5}\x{5D1}\x{5DC}\x{5EA} \x{5D3}\x{5D9}\x{5E8}\x{5D5}\x{5EA} \x{5D1}\x{5DB}\x{5DC} \x{5D4}\x{5D0}\x{5E8}\x{5E5}"
            text run at (27,86) width 285 RTL: "\x{5E9}\x{5D9}\x{5E8}\x{5D5}\x{5EA}, \x{5D0}\x{5D9}\x{5DB}\x{5D5}\x{5EA} \x{5D5}\x{5DE}\x{5D7}\x{5D9}\x{5E8}\x{5D9}\x{5DD} \x{5DC}\x{5DC}\x{5D0} \x{5EA}\x{5D7}\x{5E8}\x{5D5}\x{5EA} \x{5D4}\x{5D5}\x{5D1}\x{5DC}\x{5EA} \x{5D3}\x{5D9}\x{5E8}\x{5D5}\x{5EA} \x{5D1}\x{5DB}\x{5DC}"
            text run at (89,106) width 223 RTL: "\x{5D4}\x{5D0}\x{5E8}\x{5E5} \x{5E9}\x{5D9}\x{5E8}\x{5D5}\x{5EA}, \x{5D0}\x{5D9}\x{5DB}\x{5D5}\x{5EA} \x{5D5}\x{5DE}\x{5D7}\x{5D9}\x{5E8}\x{5D9}\x{5DD} \x{5DC}\x{5DC}\x{5D0} \x{5EA}\x{5D7}\x{5E8}\x{5D5}\x{5EA}"
        LayoutText {#text} at (0,0) size 0x0
