layer at (0,0) size 800x600
  LayoutView at (0,0) size 800x600
layer at (0,0) size 800x592
  LayoutBlockFlow {HTML} at (0,0) size 800x591.59
    LayoutBlockFlow {BODY} at (8,21.44) size 784x378.25
      LayoutBlockFlow {H1} at (0,0) size 784x37 [color=#990000]
        LayoutText {#text} at (0,0) size 698x36
          text run at (0,0) width 698: "Webkit background image positioning on RTL text"
      LayoutBlockFlow {H2} at (0,58.44) size 784x27
        LayoutText {#text} at (0,0) size 263x26
          text run at (0,0) width 263: "Behaviour within <p> tag"
      LayoutBlockFlow (floating) {DIV} at (0,105.34) size 318x224 [bgcolor=#DDDDDD]
        LayoutBlockFlow {P} at (6,22) size 306x180
          LayoutText {#text} at (22,0) size 276x179
            text run at (22,0) width 252: "Lorem ipsum dolor sit amet, consectetur"
            text run at (22,20) width 95: "adipiscing elit. "
            text run at (117,20) width 181: "Nam mollis, elit eu vulputate"
            text run at (22,40) width 244: "ornare, est urna congue felis, id auctor "
            text run at (266,40) width 27: "arcu"
            text run at (22,60) width 271: "odio imperdiet nulla. Cras viverra interdum"
            text run at (22,80) width 82: "diam blandit "
            text run at (104,80) width 188: "adipiscing. Aliquam erat felis,"
            text run at (22,100) width 184: "iaculis sit amet rhoncus quis, "
            text run at (206,100) width 86: "condimentum"
            text run at (22,120) width 249: "at nisl. Duis malesuada quam vel augue"
            text run at (22,140) width 100: "hendrerit porta. "
            text run at (122,140) width 142: "Nulla vitae elementum"
            text run at (22,160) width 46: "mauris."
      LayoutBlockFlow (floating) {DIV} at (332,105.34) size 318x184 [bgcolor=#DDDDDD]
        LayoutBlockFlow {P} at (6,22) size 306x140
          LayoutText {#text} at (3,0) size 281x139
            text run at (3,0) width 281 RTL: "\x{5D4}\x{5D5}\x{5D1}\x{5DC}\x{5EA} \x{5D3}\x{5D9}\x{5E8}\x{5D5}\x{5EA} \x{5D1}\x{5DB}\x{5DC} \x{5D4}\x{5D0}\x{5E8}\x{5E5} \x{5E9}\x{5D9}\x{5E8}\x{5D5}\x{5EA}, \x{5D0}\x{5D9}\x{5DB}\x{5D5}\x{5EA} \x{5D5}\x{5DE}\x{5D7}\x{5D9}\x{5E8}\x{5D9}\x{5DD} \x{5DC}\x{5DC}\x{5D0}"
            text run at (37,20) width 247 RTL: "\x{5EA}\x{5D7}\x{5E8}\x{5D5}\x{5EA} \x{5D4}\x{5D5}\x{5D1}\x{5DC}\x{5EA} \x{5D3}\x{5D9}\x{5E8}\x{5D5}\x{5EA} \x{5D1}\x{5DB}\x{5DC} \x{5D4}\x{5D0}\x{5E8}\x{5E5} \x{5E9}\x{5D9}\x{5E8}\x{5D5}\x{5EA}, \x{5D0}\x{5D9}\x{5DB}\x{5D5}\x{5EA}"
            text run at (40,40) width 244 RTL: "\x{5D5}\x{5DE}\x{5D7}\x{5D9}\x{5E8}\x{5D9}\x{5DD} \x{5DC}\x{5DC}\x{5D0} \x{5EA}\x{5D7}\x{5E8}\x{5D5}\x{5EA} \x{5D4}\x{5D5}\x{5D1}\x{5DC}\x{5EA} \x{5D3}\x{5D9}\x{5E8}\x{5D5}\x{5EA} \x{5D1}\x{5DB}\x{5DC} \x{5D4}\x{5D0}\x{5E8}\x{5E5}"
            text run at (24,60) width 260 RTL: "\x{5E9}\x{5D9}\x{5E8}\x{5D5}\x{5EA}, \x{5D0}\x{5D9}\x{5DB}\x{5D5}\x{5EA} \x{5D5}\x{5DE}\x{5D7}\x{5D9}\x{5E8}\x{5D9}\x{5DD} \x{5DC}\x{5DC}\x{5D0} \x{5EA}\x{5D7}\x{5E8}\x{5D5}\x{5EA} \x{5D4}\x{5D5}\x{5D1}\x{5DC}\x{5EA} \x{5D3}\x{5D9}\x{5E8}\x{5D5}\x{5EA}"
            text run at (36,80) width 248 RTL: "\x{5D1}\x{5DB}\x{5DC} \x{5D4}\x{5D0}\x{5E8}\x{5E5} \x{5E9}\x{5D9}\x{5E8}\x{5D5}\x{5EA}, \x{5D0}\x{5D9}\x{5DB}\x{5D5}\x{5EA} \x{5D5}\x{5DE}\x{5D7}\x{5D9}\x{5E8}\x{5D9}\x{5DD} \x{5DC}\x{5DC}\x{5D0} \x{5EA}\x{5D7}\x{5E8}\x{5D5}\x{5EA}"
            text run at (3,100) width 281 RTL: "\x{5D4}\x{5D5}\x{5D1}\x{5DC}\x{5EA} \x{5D3}\x{5D9}\x{5E8}\x{5D5}\x{5EA} \x{5D1}\x{5DB}\x{5DC} \x{5D4}\x{5D0}\x{5E8}\x{5E5} \x{5E9}\x{5D9}\x{5E8}\x{5D5}\x{5EA}, \x{5D0}\x{5D9}\x{5DB}\x{5D5}\x{5EA} \x{5D5}\x{5DE}\x{5D7}\x{5D9}\x{5E8}\x{5D9}\x{5DD} \x{5DC}\x{5DC}\x{5D0}"
            text run at (248,120) width 36 RTL: "\x{5EA}\x{5D7}\x{5E8}\x{5D5}\x{5EA}"
      LayoutBlockFlow {HR} at (0,329.34) size 784x2 [border: (1px inset #EEEEEE)]
      LayoutBlockFlow {H2} at (0,351.25) size 784x27
        LayoutText {#text} at (0,0) size 262x26
          text run at (0,0) width 262: "Behaviour within <a> tag"
      LayoutBlockFlow (floating) {DIV} at (0,398.16) size 318x172 [bgcolor=#DDDDDD]
        LayoutInline {A} at (0,0) size 303x159 [color=#0000EE]
          LayoutText {#text} at (28,6) size 303x159
            text run at (28,6) width 252: "Lorem ipsum dolor sit amet, consectetur"
            text run at (6,26) width 276: "adipiscing elit. Nam mollis, elit eu vulputate"
            text run at (6,46) width 151: "ornare, est urna congue "
            text run at (157,46) width 152: "felis, id auctor arcu odio"
            text run at (6,66) width 274: "imperdiet nulla. Cras viverra interdum diam"
            text run at (6,86) width 297: "blandit adipiscing. Aliquam erat felis, iaculis sit"
            text run at (6,106) width 122: "amet rhoncus quis, "
            text run at (128,106) width 165: "condimentum at nisl. Duis"
            text run at (6,126) width 270: "malesuada quam vel augue hendrerit porta."
            text run at (6,146) width 192: "Nulla vitae elementum mauris."
        LayoutText {#text} at (0,0) size 0x0
      LayoutBlockFlow (floating) {DIV} at (332,398.16) size 318x132 [bgcolor=#DDDDDD]
        LayoutInline {A} at (0,0) size 303x119 [color=#0000EE]
          LayoutText {#text} at (9,6) size 303x119
            text run at (9,6) width 281 RTL: "\x{5D4}\x{5D5}\x{5D1}\x{5DC}\x{5EA} \x{5D3}\x{5D9}\x{5E8}\x{5D5}\x{5EA} \x{5D1}\x{5DB}\x{5DC} \x{5D4}\x{5D0}\x{5E8}\x{5E5} \x{5E9}\x{5D9}\x{5E8}\x{5D5}\x{5EA}, \x{5D0}\x{5D9}\x{5DB}\x{5D5}\x{5EA} \x{5D5}\x{5DE}\x{5D7}\x{5D9}\x{5E8}\x{5D9}\x{5DD} \x{5DC}\x{5DC}\x{5D0}"
            text run at (17,26) width 295 RTL: "\x{5EA}\x{5D7}\x{5E8}\x{5D5}\x{5EA} \x{5D4}\x{5D5}\x{5D1}\x{5DC}\x{5EA} \x{5D3}\x{5D9}\x{5E8}\x{5D5}\x{5EA} \x{5D1}\x{5DB}\x{5DC} \x{5D4}\x{5D0}\x{5E8}\x{5E5} \x{5E9}\x{5D9}\x{5E8}\x{5D5}\x{5EA}, \x{5D0}\x{5D9}\x{5DB}\x{5D5}\x{5EA} \x{5D5}\x{5DE}\x{5D7}\x{5D9}\x{5E8}\x{5D9}\x{5DD}"
            text run at (39,46) width 273 RTL: "\x{5DC}\x{5DC}\x{5D0} \x{5EA}\x{5D7}\x{5E8}\x{5D5}\x{5EA} \x{5D4}\x{5D5}\x{5D1}\x{5DC}\x{5EA} \x{5D3}\x{5D9}\x{5E8}\x{5D5}\x{5EA} \x{5D1}\x{5DB}\x{5DC} \x{5D4}\x{5D0}\x{5E8}\x{5E5} \x{5E9}\x{5D9}\x{5E8}\x{5D5}\x{5EA}, \x{5D0}\x{5D9}\x{5DB}\x{5D5}\x{5EA}"
            text run at (26,66) width 286 RTL: "\x{5D5}\x{5DE}\x{5D7}\x{5D9}\x{5E8}\x{5D9}\x{5DD} \x{5DC}\x{5DC}\x{5D0} \x{5EA}\x{5D7}\x{5E8}\x{5D5}\x{5EA} \x{5D4}\x{5D5}\x{5D1}\x{5DC}\x{5EA} \x{5D3}\x{5D9}\x{5E8}\x{5D5}\x{5EA} \x{5D1}\x{5DB}\x{5DC} \x{5D4}\x{5D0}\x{5E8}\x{5E5} \x{5E9}\x{5D9}\x{5E8}\x{5D5}\x{5EA},"
            text run at (33,86) width 279 RTL: "\x{5D0}\x{5D9}\x{5DB}\x{5D5}\x{5EA} \x{5D5}\x{5DE}\x{5D7}\x{5D9}\x{5E8}\x{5D9}\x{5DD} \x{5DC}\x{5DC}\x{5D0} \x{5EA}\x{5D7}\x{5E8}\x{5D5}\x{5EA} \x{5D4}\x{5D5}\x{5D1}\x{5DC}\x{5EA} \x{5D3}\x{5D9}\x{5E8}\x{5D5}\x{5EA} \x{5D1}\x{5DB}\x{5DC} \x{5D4}\x{5D0}\x{5E8}\x{5E5}"
            text run at (125,106) width 187 RTL: "\x{5E9}\x{5D9}\x{5E8}\x{5D5}\x{5EA}, \x{5D0}\x{5D9}\x{5DB}\x{5D5}\x{5EA} \x{5D5}\x{5DE}\x{5D7}\x{5D9}\x{5E8}\x{5D9}\x{5DD} \x{5DC}\x{5DC}\x{5D0} \x{5EA}\x{5D7}\x{5E8}\x{5D5}\x{5EA}"
        LayoutText {#text} at (0,0) size 0x0
