layer at (0,0) size 800x600
  LayoutView at (0,0) size 800x600
layer at (0,0) size 800x58
  LayoutBlockFlow {HTML} at (0,0) size 800x58
    LayoutBlockFlow {BODY} at (8,8) size 784x42
      LayoutBlockFlow {DIV} at (0,0) size 322x42 [border: (1px solid #FF0000)]
        LayoutInline {SPAN} at (0,0) size 319x41 [border: (1px solid #008000)]
          LayoutText {#text} at (2,1) size 14x19
            text run at (2,1) width 14: "-- "
          LayoutInline {SPAN} at (0,0) size 319x39
            LayoutText {#text} at (16,1) size 14x19
              text run at (16,1) width 14: "-- "
            LayoutInline {SPAN} at (0,0) size 319x39
              LayoutText {#text} at (30,1) size 14x19
                text run at (30,1) width 14: "-- "
              LayoutInline {SPAN} at (0,0) size 319x39
                LayoutText {#text} at (44,1) size 14x19
                  text run at (44,1) width 14: "-- "
                LayoutInline {SPAN} at (0,0) size 319x39
                  LayoutText {#text} at (58,1) size 14x19
                    text run at (58,1) width 14: "-- "
                  LayoutInline {SPAN} at (0,0) size 319x39
                    LayoutText {#text} at (72,1) size 14x19
                      text run at (72,1) width 14: "-- "
                    LayoutInline {SPAN} at (0,0) size 319x39
                      LayoutText {#text} at (86,1) size 14x19
                        text run at (86,1) width 14: "-- "
                      LayoutInline {SPAN} at (0,0) size 319x39
                        LayoutText {#text} at (100,1) size 14x19
                          text run at (100,1) width 14: "-- "
                        LayoutInline {SPAN} at (0,0) size 319x39
                          LayoutText {#text} at (114,1) size 14x19
                            text run at (114,1) width 14: "-- "
                          LayoutInline {SPAN} at (0,0) size 319x39
                            LayoutText {#text} at (128,1) size 14x19
                              text run at (128,1) width 14: "-- "
                            LayoutInline {SPAN} at (0,0) size 319x39
                              LayoutText {#text} at (142,1) size 14x19
                                text run at (142,1) width 14: "-- "
                              LayoutInline {SPAN} at (0,0) size 319x39
                                LayoutText {#text} at (156,1) size 14x19
                                  text run at (156,1) width 14: "-- "
                                LayoutInline {SPAN} at (0,0) size 319x39
                                  LayoutText {#text} at (170,1) size 14x19
                                    text run at (170,1) width 14: "-- "
                                  LayoutInline {SPAN} at (0,0) size 319x39
                                    LayoutText {#text} at (184,1) size 14x19
                                      text run at (184,1) width 14: "-- "
                                    LayoutInline {SPAN} at (0,0) size 319x39
                                      LayoutText {#text} at (198,1) size 14x19
                                        text run at (198,1) width 14: "-- "
                                      LayoutInline {SPAN} at (0,0) size 319x39
                                        LayoutText {#text} at (212,1) size 14x19
                                          text run at (212,1) width 14: "-- "
                                        LayoutInline {SPAN} at (0,0) size 319x39
                                          LayoutText {#text} at (226,1) size 14x19
                                            text run at (226,1) width 14: "-- "
                                          LayoutInline {SPAN} at (0,0) size 319x39
                                            LayoutText {#text} at (240,1) size 14x19
                                              text run at (240,1) width 14: "-- "
                                            LayoutInline {SPAN} at (0,0) size 319x39
                                              LayoutText {#text} at (254,1) size 14x19
                                                text run at (254,1) width 14: "-- "
                                              LayoutInline {SPAN} at (0,0) size 319x39
                                                LayoutText {#text} at (268,1) size 14x19
                                                  text run at (268,1) width 14: "-- "
                                                LayoutInline {SPAN} at (0,0) size 319x39
                                                  LayoutText {#text} at (282,1) size 14x19
                                                    text run at (282,1) width 14: "-- "
                                                  LayoutInline {SPAN} at (0,0) size 319x39
                                                    LayoutText {#text} at (296,1) size 14x19
                                                      text run at (296,1) width 14: "-- "
                                                    LayoutInline {SPAN} at (0,0) size 319x39
                                                      LayoutText {#text} at (310,1) size 10x19
                                                        text run at (310,1) width 10: "--"
                                                      LayoutInline {SPAN} at (0,0) size 10x19
                                                        LayoutText {#text} at (1,21) size 10x19
                                                          text run at (1,21) width 10: "--"
        LayoutText {#text} at (0,0) size 0x0
