layer at (0,0) size 800x600 clip at (0,0) size 785x600 scrollHeight 720
  LayoutView at (0,0) size 800x600
layer at (0,0) size 785x720 backgroundClip at (0,0) size 785x600 clip at (0,0) size 785x600
  LayoutBlockFlow {HTML} at (0,0) size 785x720.16
    LayoutBlockFlow {BODY} at (8,16) size 769x696.16
      LayoutBlockFlow {P} at (0,0) size 769x40
        LayoutText {#text} at (0,0) size 749x39
          text run at (0,0) width 749: "There should be a SPAN in the middle of all four paragraphs that has padding, a green border, and a margin on the left,"
          text run at (0,20) width 363: "and padding, an orange border, and a margin on the right."
      LayoutBlockFlow {H1} at (0,56) size 769x20
        LayoutText {#text} at (0,0) size 89x19
          text run at (0,0) width 89: "Left-to-Right"
      LayoutBlockFlow {DIV} at (0,86.72) size 769x284 [border: (1px solid #000000)]
        LayoutBlockFlow {P} at (6,22) size 757x32
          LayoutText {#text} at (0,6) size 125x19
            text run at (0,6) width 125: "Lorem ipsum dolor "
          LayoutText {#text} at (346,6) size 332x19
            text run at (346,6) width 332: "adipisicing elit, sed do eiusmod tempor incididunt ut."
        LayoutBlockFlow {P} at (6,70) size 757x192
          LayoutText {#text} at (0,6) size 732x51
            text run at (0,6) width 588: "Lorem ipsum dolor sit amet, consectetur adipisicing elit, sed do eiusmod tempor incididunt ut "
            text run at (588,6) width 144: "labore et dolore magna"
            text run at (0,38) width 430: "aliqua. Ut enim ad minim veniam, quis nostrud exercitation ullamco "
          LayoutText {#text} at (658,102) size 715x83
            text run at (658,102) width 53: "sit amet,"
            text run at (0,134) width 509: "consectetur adipisicing elit, sed do eiusmod tempor incididunt ut labore et dolore "
            text run at (509,134) width 206: "magna aliqua. Ut enim ad minim"
            text run at (0,166) width 401: "veniam, quis nostrud exercitation ullamco laboris nisi ut aliquip."
      LayoutBlockFlow {H1} at (0,381.44) size 769x20
        LayoutText {#text} at (0,0) size 89x19
          text run at (0,0) width 89: "Right-to-Left"
      LayoutBlockFlow {DIV} at (0,412.16) size 769x284 [border: (1px solid #000000)]
        LayoutBlockFlow {P} at (6,22) size 757x32
          LayoutText {#text} at (632,6) size 125x19
            text run at (632,6) width 125 RTL override: "Lorem ipsum dolor "
          LayoutText {#text} at (79,6) size 332x19
            text run at (79,6) width 332 RTL override: "adipisicing elit, sed do eiusmod tempor incididunt ut."
        LayoutBlockFlow {P} at (6,70) size 757x192
          LayoutText {#text} at (25,6) size 732x51
            text run at (25,6) width 144 RTL override: "labore et dolore magna"
            text run at (169,6) width 588 RTL override: "Lorem ipsum dolor sit amet, consectetur adipisicing elit, sed do eiusmod tempor incididunt ut "
            text run at (327,38) width 430 RTL override: "aliqua. Ut enim ad minim veniam, quis nostrud exercitation ullamco "
          LayoutText {#text} at (46,102) size 715x83
            text run at (46,102) width 53 RTL override: "sit amet,"
            text run at (42,134) width 206 RTL override: "magna aliqua. Ut enim ad minim"
            text run at (248,134) width 509 RTL override: "consectetur adipisicing elit, sed do eiusmod tempor incididunt ut labore et dolore "
            text run at (356,166) width 401 RTL override: "veniam, quis nostrud exercitation ullamco laboris nisi ut aliquip."
layer at (14,125) size 186x21
  LayoutInline (relative positioned) {SPAN} at (0,0) size 186x21 [border: (1px solid #0000FF) (10px solid #FFA500) (1px solid #0000FF) (10px solid #008000)]
    LayoutText {#text} at (170,6) size 131x19
      text run at (170,6) width 131: "sit amet, consectetur "
layer at (14,173) size 748x85
  LayoutInline (relative positioned) {SPAN} at (0,0) size 748x85 [border: (1px solid #0000FF) (10px solid #FFA500) (1px solid #0000FF) (10px solid #008000)]
    LayoutText {#text} at (475,38) size 748x83
      text run at (475,38) width 235: "laboris nisi ut aliquip ex ea commodo"
      text run at (0,70) width 324: "consequat. Duis aute irure dolor in reprehenderit in "
      text run at (324,70) width 424: "voluptate velit esse cillum dolore eu fugiat nulla pariatur. Excepteur"
      text run at (0,102) width 145: "sint occaecat cupidatat "
      text run at (145,102) width 469: "non proident, sunt in culpa qui officia deserunt mollit anim id est laborum. "
layer at (14,450) size 186x21
  LayoutInline (relative positioned) {SPAN} at (0,0) size 186x21 [border: (1px solid #0000FF) (10px solid #FFA500) (1px solid #0000FF) (10px solid #008000)]
    LayoutText {#text} at (456,6) size 131x19
      text run at (456,6) width 131 RTL override: "sit amet, consectetur "
layer at (14,498) size 748x85
  LayoutInline (relative positioned) {SPAN} at (0,0) size 748x85 [border: (1px solid #0000FF) (10px solid #FFA500) (1px solid #0000FF) (10px solid #008000)]
    LayoutText {#text} at (47,38) size 748x83
      text run at (47,38) width 235 RTL override: "laboris nisi ut aliquip ex ea commodo"
      text run at (9,70) width 424 RTL override: "voluptate velit esse cillum dolore eu fugiat nulla pariatur. Excepteur"
      text run at (433,70) width 324 RTL override: "consequat. Duis aute irure dolor in reprehenderit in "
      text run at (143,102) width 469 RTL override: "non proident, sunt in culpa qui officia deserunt mollit anim id est laborum. "
      text run at (612,102) width 145 RTL override: "sint occaecat cupidatat "
