layer at (0,0) size 800x600 scrollWidth 901
  LayoutView at (0,0) size 800x600
layer at (0,0) size 800x600
  LayoutBlockFlow {HTML} at (0,0) size 800x600
    LayoutBlockFlow {BODY} at (8,8) size 800x584
      LayoutBlockFlow {DIV} at (0,0) size 800x0
      LayoutBlockFlow {DIV} at (0,0) size 800x0
      LayoutBlockFlow {DIV} at (0,0) size 800x0
      LayoutBlockFlow {DIV} at (0,0) size 800x0
      LayoutBlockFlow {DIV} at (0,0) size 800x0
      LayoutBlockFlow {DIV} at (0,0) size 800x0
      LayoutBlockFlow {DIV} at (0,0) size 800x0
      LayoutBlockFlow {DIV} at (0,0) size 800x0
layer at (163,562) size 245x28
  LayoutBlockFlow (positioned) {FONT} at (163.44,562) size 244.56x28
    LayoutText {#text} at (0,0) size 245x27
      text run at (0,0) width 245: "RTL-Center-Aligned"
layer at (-85,466) size 93x84 backgroundClip at (0,0) size 800x600 clip at (0,0) size 800x600
  LayoutBlockFlow (positioned) {FONT} at (-85,466) size 93x84
    LayoutText {#text} at (0,0) size 93x83
      text run at (0,0) width 61: "RTL-"
      text run at (0,28) width 62: "Left-"
      text run at (0,56) width 93: "Aligned"
layer at (578,472) size 230x28 backgroundClip at (0,0) size 800x600 clip at (0,0) size 800x600
  LayoutBlockFlow (positioned) {FONT} at (578.44,472) size 229.56x28
    LayoutText {#text} at (0,0) size 230x27
      text run at (0,0) width 230: "RTL-Right-Aligned"
layer at (611,422) size 197x28 backgroundClip at (0,0) size 800x600 clip at (0,0) size 800x600
  LayoutBlockFlow (positioned) {FONT} at (611.44,422) size 196.56x28
    LayoutText {#text} at (0,0) size 197x27
      text run at (0,0) width 197: "RTL-No-Aligned"
layer at (408,372) size 244x28
  LayoutBlockFlow (positioned) {FONT} at (408,372) size 243.80x28
    LayoutText {#text} at (0,0) size 244x27
      text run at (0,0) width 244: "LTR-Center-Aligned"
layer at (8,322) size 215x28
  LayoutBlockFlow (positioned) {FONT} at (8,322) size 214.80x28
    LayoutText {#text} at (0,0) size 215x27
      text run at (0,0) width 215: "LTR-Left-Aligned"
layer at (808,216) size 93x84 backgroundClip at (0,0) size 800x600 clip at (0,0) size 800x600
  LayoutBlockFlow (positioned) {FONT} at (808,216) size 93x84
    LayoutText {#text} at (33,0) size 93x83
      text run at (33,0) width 60: "LTR-"
      text run at (17,28) width 76: "Right-"
      text run at (0,56) width 93: "Aligned"
layer at (8,222) size 196x28
  LayoutBlockFlow (positioned) {FONT} at (8,222) size 195.80x28
    LayoutText {#text} at (0,0) size 196x27
      text run at (0,0) width 196: "LTR-No-Aligned"
