layer at (0,0) size 800x600
  LayoutView at (0,0) size 800x600
layer at (0,0) size 800x301
  LayoutBlockFlow {HTML} at (0,0) size 800x301
    LayoutBlockFlow {BODY} at (8,8) size 784x285
      LayoutBlockFlow {DIV} at (0,0) size 784x36 [bgcolor=#CCCCCC]
        LayoutInline {SPAN} at (0,0) size 33x17 [bgcolor=#FF0000]
          LayoutText {#text} at (0,17) size 33x17
            text run at (0,17) width 33: "small"
        LayoutText {#text} at (33,16) size 4x19
          text run at (33,16) width 4: " "
        LayoutInline {SPAN} at (0,0) size 52x34 [bgcolor=#FF0000]
          LayoutText {#text} at (37,0) size 52x34
            text run at (37,0) width 52: "BIG"
        LayoutText {#text} at (0,0) size 0x0
      LayoutBlockFlow {DIV} at (0,40) size 784x141 [bgcolor=#CCCCCC]
        LayoutInline {SPAN} at (0,0) size 33x17 [bgcolor=#FF0000]
          LayoutText {#text} at (0,41) size 33x17
            text run at (0,41) width 33: "small"
        LayoutText {#text} at (33,81) size 4x19
          text run at (33,81) width 4: " "
        LayoutInline {SPAN} at (0,0) size 52x34 [bgcolor=#FF0000]
          LayoutText {#text} at (37,33) size 52x34
            text run at (37,33) width 52: "BIG"
        LayoutText {#text} at (0,0) size 0x0
      LayoutBlockFlow {DIV} at (0,185) size 784x100 [bgcolor=#CCCCCC]
        LayoutInline {SPAN} at (0,0) size 33x17 [bgcolor=#FF0000]
          LayoutText {#text} at (0,17) size 33x17
            text run at (0,17) width 33: "small"
        LayoutText {#text} at (33,16) size 4x19
          text run at (33,16) width 4: " "
        LayoutInline {SPAN} at (0,0) size 52x34 [bgcolor=#FF0000]
          LayoutText {#text} at (37,0) size 52x34
            text run at (37,0) width 52: "BIG"
        LayoutText {#text} at (0,0) size 0x0
