layer at (0,0) size 800x600
  LayoutView at (0,0) size 800x600
layer at (0,0) size 800x600
  LayoutBlockFlow {HTML} at (0,0) size 800x600
    LayoutBlockFlow {BODY} at (8,8) size 784x584
      LayoutBlockFlow {P} at (0,0) size 784x40
        LayoutText {#text} at (0,0) size 212x19
          text run at (0,0) width 212: "This tests for a regression against "
        LayoutInline {I} at (0,0) size 767x39
          LayoutInline {A} at (0,0) size 348x19 [color=#0000EE]
            LayoutText {#text} at (212,0) size 348x19
              text run at (212,0) width 348: "http://bugzilla.opendarwin.org/show_bug.cgi?id=6673"
          LayoutText {#text} at (559,0) size 767x39
            text run at (559,0) width 5: " "
            text run at (563,0) width 204: "Selection highlight doesn't scroll"
            text run at (0,20) width 369: "along with an image contained in an overflow:scroll block"
        LayoutText {#text} at (368,20) size 5x19
          text run at (368,20) width 5: "."
      LayoutBlockFlow {P} at (0,56) size 784x40
        LayoutText {#text} at (0,0) size 748x39
          text run at (0,0) width 412: "There should be one contiguous highlight from \x{201C}elit\x{201D} to \x{201C}Etiam\x{201D}, "
          text run at (412,0) width 336: "including the orange square, and no other highlighted"
          text run at (0,20) width 36: "areas."
      LayoutBlockFlow {HR} at (0,112) size 784x2 [border: (1px inset #EEEEEE)]
layer at (8,130) size 100x200 clip at (8,130) size 85x200 scrollY 40.00 scrollHeight 320
  LayoutBlockFlow {DIV} at (0,122) size 100x200
    LayoutText {#text} at (0,0) size 84x119
      text run at (0,0) width 84: "Lorem ipsum"
      text run at (0,20) width 51: "dolor sit"
      text run at (0,40) width 34: "amet,"
      text run at (0,60) width 78: "consectetuer"
      text run at (0,80) width 64: "adipiscing"
      text run at (0,100) width 27: "elit. "
    LayoutImage {IMG} at (27,105) size 10x10
    LayoutText {#text} at (37,100) size 83x219
      text run at (37,100) width 4: " "
      text run at (41,100) width 37: "Etiam"
      text run at (0,120) width 57: "et ipsum."
      text run at (0,140) width 31: "Nam"
      text run at (0,160) width 78: "consectetuer"
      text run at (0,180) width 81: "mi eget velit."
      text run at (0,200) width 83: "Sed nec risus"
      text run at (0,220) width 60: "vitae felis"
      text run at (0,240) width 39: "auctor"
      text run at (0,260) width 53: "ultricies."
      text run at (0,280) width 79: "Pellentesque"
      text run at (0,300) width 54: "aliquet..."
selection start: position 58 of child 0 {#text} of child 7 {DIV} of body
selection end:   position 11 of child 2 {#text} of child 7 {DIV} of body
