layer at (0,0) size 800x600
  LayoutView at (0,0) size 800x600
layer at (0,0) size 800x165
  LayoutBlockFlow {HTML} at (0,0) size 800x165
    LayoutBlockFlow {BODY} at (8,16) size 784x141
      LayoutBlockFlow {P} at (0,0) size 784x20
        LayoutText {#text} at (0,0) size 261x19
          text run at (0,0) width 261: "There should be four green circles below."
      LayoutBlockFlow (anonymous) at (0,36) size 784x105
        LayoutBlockFlow {DIV} at (0,0) size 100x100
        LayoutText {#text} at (100,85) size 4x19
          text run at (100,85) width 4: " "
        LayoutBlockFlow {DIV} at (104,0) size 100x100
        LayoutText {#text} at (204,85) size 4x19
          text run at (204,85) width 4: " "
        LayoutBlockFlow {DIV} at (208,0) size 100x100
        LayoutText {#text} at (308,85) size 4x19
          text run at (308,85) width 4: " "
        LayoutBlockFlow {DIV} at (312,0) size 100x100
        LayoutText {#text} at (0,0) size 0x0
