layer at (0,0) size 800x600
  LayoutView at (0,0) size 800x600
layer at (0,0) size 800x600
  LayoutNGBlockFlow {HTML} at (0,0) size 800x600
    LayoutNGBlockFlow {BODY} at (8,8) size 784x579
      LayoutNGBlockFlow (anonymous) at (0,0) size 784x20
        LayoutText {#text} at (0,0) size 317x19
          text run at (0,0) width 317: "This tests that the slider control considers padding."
        LayoutBR {BR} at (317,0) size 0x19
      LayoutNGBlockFlow {DIV} at (0,20) size 784x45 [bgcolor=#ADD8E6]
        LayoutSlider {INPUT} at (2,2) size 100x41 [color=#9D968E] [bgcolor=#FFFFFF]
          LayoutFlexibleBox {DIV} at (10,10) size 80x21
            LayoutBlockFlow {DIV} at (0,0) size 80x21
              LayoutBlockFlow {DIV} at (0,0) size 11x21
        LayoutText {#text} at (0,0) size 0x0
      LayoutNGBlockFlow {PRE} at (0,78) size 784x0
