layer at (0,0) size 800x600
  LayoutView at (0,0) size 800x600
layer at (0,0) size 800x600
  LayoutBlockFlow {HTML} at (0,0) size 800x600
    LayoutBlockFlow {BODY} at (8,8) size 784x584
      LayoutBlockFlow (anonymous) at (0,0) size 784x54
        LayoutText {#text} at (0,0) size 756x36
          text run at (0,0) width 756: "This test is for a bug we had with clipping transparency layers. The bug is visual, so the pixel test is more worthwhile."
          text run at (0,18) width 645: "Below, \"Peach,\" \"Plum,\" and \"Pear\" should appear. Before, we were clipping out \"Plum\" and \"Pear.\""
        LayoutBR {BR} at (644,32) size 1x0
        LayoutBR {BR} at (0,36) size 0x18
layer at (8,62) size 784x18 transparent
  LayoutBlockFlow {DIV} at (0,54) size 784x18
    LayoutText {#text} at (0,0) size 39x18
      text run at (0,0) width 39: "Peach"
    LayoutText {#text} at (0,0) size 0x0
layer at (8,80) size 34x18 transparent
  LayoutBlockFlow (positioned) {DIV} at (8,80) size 33.80x18
    LayoutText {#text} at (0,0) size 34x18
      text run at (0,0) width 34: "Plum"
    LayoutText {#text} at (0,0) size 0x0
layer at (8,98) size 28x18 transparent
  LayoutBlockFlow (positioned) {DIV} at (0,18) size 28.44x18
    LayoutText {#text} at (0,0) size 29x18
      text run at (0,0) width 29: "Pear"
