layer at (0,0) size 800x600
  LayoutView at (0,0) size 800x600
layer at (0,0) size 800x600
  LayoutBlockFlow {HTML} at (0,0) size 800x600
    LayoutBlockFlow {BODY} at (8,8) size 784x584
      LayoutText {#text} at (0,0) size 471x18
        text run at (0,0) width 471: "The white text and grey backgrounds should all clip to the border-radius. "
      LayoutBR {BR} at (470,14) size 1x0
      LayoutText {#text} at (240,144) size 4x18
        text run at (240,144) width 4: " "
      LayoutText {#text} at (484,144) size 4x18
        text run at (484,144) width 4: " "
      LayoutText {#text} at (0,0) size 0x0
      LayoutText {#text} at (0,0) size 0x0
      LayoutText {#text} at (240,288) size 4x18
        text run at (240,288) width 4: " "
      LayoutBR {BR} at (244,302) size 0x0
      LayoutText {#text} at (0,0) size 0x0
layer at (18,36) size 220x120 clip at (28,46) size 200x100 scrollWidth 206 scrollHeight 156
  LayoutBlockFlow {DIV} at (10,28) size 220x120 [border: (10px solid #000000)]
layer at (28,46) size 200x100
  LayoutBlockFlow {DIV} at (10,10) size 200x100 [color=#FFFFFF] [bgcolor=#808080]
    LayoutText {#text} at (0,0) size 85x18
      text run at (0,0) width 85: "static > static"
layer at (262,36) size 220x120 clip at (272,46) size 200x100 scrollWidth 206 scrollHeight 156
  LayoutBlockFlow {DIV} at (254,28) size 220x120 [border: (10px solid #000000)]
layer at (272,46) size 200x100
  LayoutBlockFlow (relative positioned) {DIV} at (10,10) size 200x100 [color=#FFFFFF] [bgcolor=#808080]
    LayoutText {#text} at (0,0) size 99x18
      text run at (0,0) width 99: "static > relative"
layer at (506,36) size 220x120 clip at (516,46) size 200x100 scrollWidth 206 scrollHeight 156
  LayoutBlockFlow (relative positioned) {DIV} at (498,28) size 220x120 [border: (10px solid #000000)]
layer at (516,46) size 200x100
  LayoutBlockFlow {DIV} at (10,10) size 200x100 [color=#FFFFFF] [bgcolor=#808080]
    LayoutText {#text} at (0,0) size 99x18
      text run at (0,0) width 99: "relative > static"
layer at (18,180) size 220x120 clip at (28,190) size 200x100 scrollWidth 206 scrollHeight 156
  LayoutBlockFlow (relative positioned) {DIV} at (10,172) size 220x120 [border: (10px solid #000000)]
layer at (28,190) size 200x100
  LayoutBlockFlow (relative positioned) {DIV} at (10,10) size 200x100 [color=#FFFFFF] [bgcolor=#808080]
    LayoutText {#text} at (0,0) size 113x18
      text run at (0,0) width 113: "relative > relative"
layer at (18,324) size 220x120 clip at (28,334) size 200x100 scrollWidth 206 scrollHeight 156
  LayoutBlockFlow (relative positioned) {DIV} at (10,316) size 220x120 [border: (10px solid #000000)]
layer at (28,334) size 200x100
  LayoutBlockFlow (positioned) {DIV} at (10,10) size 200x100 [color=#FFFFFF] [bgcolor=#808080]
    LayoutText {#text} at (0,0) size 119x18
      text run at (0,0) width 119: "relative > absolute"
