layer at (0,0) size 800x600
  LayoutView at (0,0) size 800x600
layer at (0,0) size 800x600
  LayoutBlockFlow {HTML} at (0,0) size 800x600
    LayoutBlockFlow {BODY} at (8,8) size 784x584
      LayoutBlockFlow (anonymous) at (0,0) size 784x18
        LayoutText {#text} at (0,0) size 694x18
          text run at (0,0) width 356: "The div below should be rounded with a border radius. "
          text run at (355,0) width 339: "If you see a solid lime square then the test has failed."
layer at (8,26) size 100x100
  LayoutBlockFlow {DIV} at (0,18) size 100x100
    LayoutBlockFlow {DIV} at (0,0) size 100x100 [bgcolor=#00FF00]
