layer at (0,0) size 800x600
  LayoutView at (0,0) size 800x600
layer at (0,0) size 800x600
  LayoutBlockFlow {HTML} at (0,0) size 800x600
    LayoutBlockFlow {BODY} at (8,8) size 784x584
      LayoutBlockFlow (anonymous) at (0,0) size 784x18
        LayoutText {#text} at (0,0) size 610x18
          text run at (0,0) width 610: "The div below should be rounded. You should see a rounded green square or the test has failed."
        LayoutText {#text} at (0,0) size 0x0
      LayoutBlockFlow {P} at (0,148) size 784x18
        LayoutText {#text} at (0,0) size 573x18
          text run at (0,0) width 573: "This div should not be rounded. You should see a solid green square or the test has failed."
      LayoutBlockFlow {P} at (0,298) size 784x18
        LayoutText {#text} at (0,0) size 570x18
          text run at (0,0) width 570: "This div should be rounded. You should see a rounded green square or the test has failed."
layer at (8,190) size 100x100
  LayoutBlockFlow {DIV} at (0,182) size 100x100
layer at (8,26) size 100x100
  LayoutBlockFlow (positioned) {DIV} at (8,26) size 100x100
layer at (8,26) size 100x100
  LayoutBlockFlow (relative positioned) {DIV} at (0,0) size 100x100 [bgcolor=#008000]
layer at (8,190) size 100x100
  LayoutBlockFlow (positioned) {DIV} at (8,190) size 100x100 [bgcolor=#008000]
layer at (8,340) size 100x100
  LayoutBlockFlow (relative positioned) {DIV} at (0,332) size 100x100
layer at (8,340) size 100x100
  LayoutBlockFlow {DIV} at (0,0) size 100x100
layer at (8,340) size 100x100
  LayoutBlockFlow (positioned) {DIV} at (0,0) size 100x100 [bgcolor=#008000]
