layer at (0,0) size 800x600
  LayoutView at (0,0) size 800x600
layer at (0,0) size 800x117
  LayoutBlockFlow {HTML} at (0,0) size 800x117
    LayoutBlockFlow {BODY} at (8,16) size 784x93
      LayoutBlockFlow {P} at (0,0) size 784x20
        LayoutText {#text} at (0,0) size 677x19
          text run at (0,0) width 394: "The base of the following three letters should all be connected "
          text run at (394,0) width 283: "and not have a gap between the | and _ parts."
      LayoutBlockFlow (anonymous) at (0,36) size 784x57
        LayoutInline {SPAN} at (0,0) size 21x55
          LayoutText {#text} at (50,1) size 21x55
            text run at (50,1) width 21 RTL: "\x{640}\x{622}"
        LayoutText {#text} at (46,29) size 4x19
          text run at (46,29) width 4 RTL: " "
        LayoutInline {SPAN} at (0,0) size 21x55
          LayoutText {#text} at (25,1) size 21x55
            text run at (25,1) width 21 RTL: "\x{640}\x{623}"
        LayoutText {#text} at (21,29) size 4x19
          text run at (21,29) width 4 RTL: " "
        LayoutInline {SPAN} at (0,0) size 21x55
          LayoutText {#text} at (0,1) size 21x55
            text run at (0,1) width 21 RTL: "\x{640}\x{625}"
        LayoutText {#text} at (0,0) size 0x0
