layer at (0,0) size 800x600
  LayoutView at (0,0) size 800x600
layer at (0,0) size 800x600
  LayoutBlockFlow {HTML} at (0,0) size 800x600
    LayoutBlockFlow {BODY} at (8,8) size 784x584
      LayoutBlockFlow {P} at (0,0) size 784x20
        LayoutText {#text} at (0,0) size 360x19
          text run at (0,0) width 360: "The square glyph should be located above the line glyph."
      LayoutBlockFlow {DIV} at (0,36) size 784x54
        LayoutText {#text} at (0,3) size 64x48
          text run at (0,3) width 64: "\x{606}\x{6E1}"
