layer at (0,0) size 800x600
  LayoutView at (0,0) size 800x600
layer at (0,0) size 800x534
  LayoutBlockFlow {HTML} at (0,0) size 800x533.88
    LayoutBlockFlow {BODY} at (8,21.44) size 784x496.44
      LayoutBlockFlow {H1} at (0,0) size 784x37
        LayoutText {#text} at (0,0) size 456x36
          text run at (0,0) width 456: "Bidirectional Text Test 2 - HTML"
      LayoutBlockFlow {P} at (0,58.44) size 784x20
        LayoutText {#text} at (0,0) size 131x19
          text run at (0,0) width 131: "This test is based on "
        LayoutInline {A} at (0,0) size 117x19 [color=#0000EE]
          LayoutText {#text} at (131,0) size 117x19
            text run at (131,0) width 117: "CSS2 section 9.10"
        LayoutText {#text} at (248,0) size 31x19
          text run at (248,0) width 31: " and "
        LayoutInline {A} at (0,0) size 62x19 [color=#0000EE]
          LayoutText {#text} at (279,0) size 62x19
            text run at (279,0) width 62: "Chapter 3"
        LayoutText {#text} at (341,0) size 44x19
          text run at (341,0) width 44: " of the "
        LayoutInline {A} at (0,0) size 114x19 [color=#0000EE]
          LayoutText {#text} at (385,0) size 114x19
            text run at (385,0) width 114: "Unicode Standard"
        LayoutText {#text} at (499,0) size 4x19
          text run at (499,0) width 4: "."
      LayoutBlockFlow {PRE} at (0,94.44) size 784x0
      LayoutBlockFlow {P} at (0,94.44) size 784x20
        LayoutText {#text} at (0,0) size 281x19
          text run at (0,0) width 281: "In each box, all the lines should be the same."
      LayoutBlockFlow (anonymous) at (0,130.44) size 784x248
        LayoutBlockFlow {DIV} at (3,3) size 102x188 [border: (1px solid #008000)]
          LayoutBlockFlow {P} at (4,4) size 94x20
            LayoutText {#text} at (0,0) size 94x19
              text run at (0,0) width 94: "ABCDEFGHI"
          LayoutBlockFlow {P} at (4,24) size 94x20
            LayoutText {#text} at (0,0) size 94x19
              text run at (0,0) width 94: "ABCDEFGHI"
          LayoutBlockFlow {P} at (4,44) size 94x20
            LayoutText {#text} at (0,0) size 34x19
              text run at (0,0) width 34: "ABC"
            LayoutInline {SPAN} at (0,0) size 31x19
              LayoutText {#text} at (34,0) size 31x19
                text run at (34,0) width 31: "DEF"
            LayoutText {#text} at (65,0) size 29x19
              text run at (65,0) width 29: "GHI"
          LayoutBlockFlow {P} at (4,64) size 94x20
            LayoutText {#text} at (0,0) size 94x19
              text run at (0,0) width 94 RTL override: "IHGFEDCBA"
          LayoutBlockFlow {P} at (4,84) size 94x20
            LayoutText {#text} at (65,0) size 29x19
              text run at (65,0) width 29 RTL override: "IHG"
            LayoutInline {SPAN} at (0,0) size 31x19
              LayoutText {#text} at (34,0) size 31x19
                text run at (34,0) width 31 RTL override: "FED"
            LayoutText {#text} at (0,0) size 34x19
              text run at (0,0) width 34 RTL override: "CBA"
          LayoutBlockFlow {P} at (4,104) size 94x20
            LayoutText {#text} at (65,0) size 29x19
              text run at (65,0) width 29 RTL override: "IHG"
            LayoutInline {SPAN} at (0,0) size 31x19
              LayoutText {#text} at (34,0) size 31x19
                text run at (34,0) width 31: "DEF"
            LayoutText {#text} at (0,0) size 34x19
              text run at (0,0) width 34 RTL override: "CBA"
          LayoutBlockFlow {P} at (4,124) size 94x20
            LayoutText {#text} at (65,0) size 29x19
              text run at (65,0) width 29 RTL override: "IHG"
            LayoutInline {BDO} at (0,0) size 31x19
              LayoutText {#text} at (34,0) size 31x19
                text run at (34,0) width 31 RTL override: "FED"
            LayoutText {#text} at (0,0) size 34x19
              text run at (0,0) width 34 RTL override: "CBA"
          LayoutBlockFlow {P} at (4,144) size 94x20
            LayoutText {#text} at (65,0) size 29x19
              text run at (65,0) width 29 RTL override: "IHG"
            LayoutInline {SPAN} at (0,0) size 31x19
              LayoutText {#text} at (34,0) size 31x19
                text run at (34,0) width 31 RTL override: "FED"
            LayoutText {#text} at (0,0) size 34x19
              text run at (0,0) width 34 RTL override: "CBA"
          LayoutBlockFlow {P} at (4,164) size 94x20
            LayoutText {#text} at (65,0) size 29x19
              text run at (65,0) width 29 RTL override: "IHG"
            LayoutInline {BDO} at (0,0) size 31x19
              LayoutText {#text} at (34,0) size 31x19
                text run at (34,0) width 31 LTR override: "DEF"
            LayoutText {#text} at (0,0) size 34x19
              text run at (0,0) width 34 RTL override: "CBA"
        LayoutText {#text} at (108,85) size 4x19
          text run at (108,85) width 4: " "
        LayoutBlockFlow {DIV} at (115,53) size 28x88 [border: (1px solid #008000)]
          LayoutTable {TABLE} at (4,4) size 20x20
            LayoutTableSection {TBODY} at (0,0) size 20x20
              LayoutTableRow {TR} at (0,0) size 20x20
                LayoutTableCell {TD} at (0,0) size 5x20 [r=0 c=0 rs=1 cs=1]
                  LayoutText {#text} at (0,0) size 5x19
                    text run at (0,0) width 5 RTL: "\x{5D2}"
                LayoutTableCell {TD} at (5,0) size 7x20 [r=0 c=1 rs=1 cs=1]
                  LayoutText {#text} at (0,0) size 7x19
                    text run at (0,0) width 7 RTL: "\x{5D1}"
                LayoutTableCell {TD} at (12,0) size 8x20 [r=0 c=2 rs=1 cs=1]
                  LayoutText {#text} at (0,0) size 8x19
                    text run at (0,0) width 8 RTL: "\x{5D0}"
          LayoutBlockFlow {P} at (4,24) size 20x20
            LayoutText {#text} at (0,0) size 20x19
              text run at (0,0) width 20 RTL: "\x{5D0}\x{5D1}\x{5D2}"
          LayoutBlockFlow {P} at (4,44) size 20x20
            LayoutText {#text} at (0,0) size 20x19
              text run at (0,0) width 20 RTL: "\x{5D0}\x{5D1}\x{5D2}"
          LayoutBlockFlow {P} at (4,64) size 20x20
            LayoutText {#text} at (0,0) size 20x19
              text run at (0,0) width 20 LTR override: "\x{5D2}\x{5D1}\x{5D0}"
        LayoutText {#text} at (146,85) size 4x19
          text run at (146,85) width 4: " "
        LayoutBlockFlow {DIV} at (153,63) size 89x68 [border: (1px solid #008000)]
          LayoutTable {TABLE} at (4,4) size 81x20
            LayoutTableSection {TBODY} at (0,0) size 81x20
              LayoutTableRow {TR} at (0,0) size 81x20
                LayoutTableCell {TD} at (0,0) size 5x20 [r=0 c=0 rs=1 cs=1]
                  LayoutText {#text} at (0,0) size 5x19
                    text run at (0,0) width 5 RTL: "\x{5D2}"
                LayoutTableCell {TD} at (5,0) size 7x20 [r=0 c=1 rs=1 cs=1]
                  LayoutText {#text} at (0,0) size 7x19
                    text run at (0,0) width 7 RTL: "\x{5D1}"
                LayoutTableCell {TD} at (12,0) size 8x20 [r=0 c=2 rs=1 cs=1]
                  LayoutText {#text} at (0,0) size 8x19
                    text run at (0,0) width 8 RTL: "\x{5D0}"
                LayoutTableCell {TD} at (20,0) size 4x20 [r=0 c=3 rs=1 cs=1]
                  LayoutText {#text} at (0,0) size 4x19
                    text run at (0,0) width 4: " "
                LayoutTableCell {TD} at (24,0) size 12x20 [r=0 c=4 rs=1 cs=1]
                  LayoutText {#text} at (0,0) size 12x19
                    text run at (0,0) width 12: "A"
                LayoutTableCell {TD} at (36,0) size 11x20 [r=0 c=5 rs=1 cs=1]
                  LayoutText {#text} at (0,0) size 11x19
                    text run at (0,0) width 11: "B"
                LayoutTableCell {TD} at (47,0) size 11x20 [r=0 c=6 rs=1 cs=1]
                  LayoutText {#text} at (0,0) size 11x19
                    text run at (0,0) width 11: "C"
                LayoutTableCell {TD} at (58,0) size 4x20 [r=0 c=7 rs=1 cs=1]
                  LayoutText {#text} at (0,0) size 4x19
                    text run at (0,0) width 4: " "
                LayoutTableCell {TD} at (62,0) size 4x20 [r=0 c=8 rs=1 cs=1]
                  LayoutText {#text} at (0,0) size 4x19
                    text run at (0,0) width 4 RTL: "\x{5D5}"
                LayoutTableCell {TD} at (66,0) size 8x20 [r=0 c=9 rs=1 cs=1]
                  LayoutText {#text} at (0,0) size 8x19
                    text run at (0,0) width 8 RTL: "\x{5D4}"
                LayoutTableCell {TD} at (74,0) size 7x20 [r=0 c=10 rs=1 cs=1]
                  LayoutText {#text} at (0,0) size 7x19
                    text run at (0,0) width 7 RTL: "\x{5D3}"
          LayoutBlockFlow {P} at (4,24) size 81x20
            LayoutText {#text} at (0,0) size 81x19
              text run at (0,0) width 20 RTL: "\x{5D0}\x{5D1}\x{5D2}"
              text run at (20,0) width 42: " ABC "
              text run at (62,0) width 19 RTL: "\x{5D3}\x{5D4}\x{5D5}"
          LayoutBlockFlow {P} at (4,44) size 81x20
            LayoutText {#text} at (0,0) size 81x19
              text run at (0,0) width 24 RTL: " \x{5D0}\x{5D1}\x{5D2}"
              text run at (24,0) width 34: "ABC"
              text run at (58,0) width 23 RTL: "\x{5D3}\x{5D4}\x{5D5} "
        LayoutText {#text} at (245,85) size 4x19
          text run at (245,85) width 4: " "
        LayoutBlockFlow {DIV} at (252,3) size 149x188 [border: (1px solid #008000)]
          LayoutTable {TABLE} at (4,4) size 141x20
            LayoutTableSection {TBODY} at (0,0) size 141x20
              LayoutTableRow {TR} at (0,0) size 141x20
                LayoutTableCell {TD} at (0,0) size 5x20 [r=0 c=0 rs=1 cs=1]
                  LayoutText {#text} at (0,0) size 5x19
                    text run at (0,0) width 5 RTL: "\x{5D2}"
                LayoutTableCell {TD} at (5,0) size 7x20 [r=0 c=1 rs=1 cs=1]
                  LayoutText {#text} at (0,0) size 7x19
                    text run at (0,0) width 7 RTL: "\x{5D1}"
                LayoutTableCell {TD} at (12,0) size 8x20 [r=0 c=2 rs=1 cs=1]
                  LayoutText {#text} at (0,0) size 8x19
                    text run at (0,0) width 8 RTL: "\x{5D0}"
                LayoutTableCell {TD} at (20,0) size 4x20 [r=0 c=3 rs=1 cs=1]
                  LayoutText {#text} at (0,0) size 4x19
                    text run at (0,0) width 4: " "
                LayoutTableCell {TD} at (24,0) size 12x20 [r=0 c=4 rs=1 cs=1]
                  LayoutText {#text} at (0,0) size 12x19
                    text run at (0,0) width 12: "A"
                LayoutTableCell {TD} at (36,0) size 11x20 [r=0 c=5 rs=1 cs=1]
                  LayoutText {#text} at (0,0) size 11x19
                    text run at (0,0) width 11: "B"
                LayoutTableCell {TD} at (47,0) size 11x20 [r=0 c=6 rs=1 cs=1]
                  LayoutText {#text} at (0,0) size 11x19
                    text run at (0,0) width 11: "C"
                LayoutTableCell {TD} at (58,0) size 4x20 [r=0 c=7 rs=1 cs=1]
                  LayoutText {#text} at (0,0) size 4x19
                    text run at (0,0) width 4: " "
                LayoutTableCell {TD} at (62,0) size 4x20 [r=0 c=8 rs=1 cs=1]
                  LayoutText {#text} at (0,0) size 4x19
                    text run at (0,0) width 4 RTL: "\x{5D5}"
                LayoutTableCell {TD} at (66,0) size 8x20 [r=0 c=9 rs=1 cs=1]
                  LayoutText {#text} at (0,0) size 8x19
                    text run at (0,0) width 8 RTL: "\x{5D4}"
                LayoutTableCell {TD} at (74,0) size 7x20 [r=0 c=10 rs=1 cs=1]
                  LayoutText {#text} at (0,0) size 7x19
                    text run at (0,0) width 7 RTL: "\x{5D3}"
                LayoutTableCell {TD} at (81,0) size 4x20 [r=0 c=11 rs=1 cs=1]
                  LayoutText {#text} at (0,0) size 4x19
                    text run at (0,0) width 4: " "
                LayoutTableCell {TD} at (85,0) size 12x20 [r=0 c=12 rs=1 cs=1]
                  LayoutText {#text} at (0,0) size 12x19
                    text run at (0,0) width 12: "D"
                LayoutTableCell {TD} at (97,0) size 10x20 [r=0 c=13 rs=1 cs=1]
                  LayoutText {#text} at (0,0) size 10x19
                    text run at (0,0) width 10: "E"
                LayoutTableCell {TD} at (107,0) size 9x20 [r=0 c=14 rs=1 cs=1]
                  LayoutText {#text} at (0,0) size 9x19
                    text run at (0,0) width 9: "F"
                LayoutTableCell {TD} at (116,0) size 4x20 [r=0 c=15 rs=1 cs=1]
                  LayoutText {#text} at (0,0) size 4x19
                    text run at (0,0) width 4: " "
                LayoutTableCell {TD} at (120,0) size 8x20 [r=0 c=16 rs=1 cs=1]
                  LayoutText {#text} at (0,0) size 8x19
                    text run at (0,0) width 8 RTL: "\x{5D8}"
                LayoutTableCell {TD} at (128,0) size 8x20 [r=0 c=17 rs=1 cs=1]
                  LayoutText {#text} at (0,0) size 8x19
                    text run at (0,0) width 8 RTL: "\x{5D7}"
                LayoutTableCell {TD} at (136,0) size 5x20 [r=0 c=18 rs=1 cs=1]
                  LayoutText {#text} at (0,0) size 5x19
                    text run at (0,0) width 5 RTL: "\x{5D6}"
          LayoutBlockFlow {P} at (4,24) size 141x20
            LayoutText {#text} at (0,0) size 141x19
              text run at (0,0) width 20 RTL: "\x{5D0}\x{5D1}\x{5D2}"
              text run at (20,0) width 42: " ABC "
              text run at (62,0) width 19 RTL: "\x{5D3}\x{5D4}\x{5D5}"
              text run at (81,0) width 39: " DEF "
              text run at (120,0) width 21 RTL: "\x{5D6}\x{5D7}\x{5D8}"
          LayoutBlockFlow {P} at (4,44) size 141x20
            LayoutText {#text} at (0,0) size 24x19
              text run at (0,0) width 20 RTL: "\x{5D0}\x{5D1}\x{5D2}"
              text run at (20,0) width 4: " "
            LayoutInline {SPAN} at (0,0) size 57x19
              LayoutText {#text} at (24,0) size 57x19
                text run at (24,0) width 38: "ABC "
                text run at (62,0) width 19 RTL: "\x{5D3}\x{5D4}\x{5D5}"
            LayoutText {#text} at (81,0) size 60x19
              text run at (81,0) width 39: " DEF "
              text run at (120,0) width 21 RTL: "\x{5D6}\x{5D7}\x{5D8}"
          LayoutBlockFlow {P} at (4,64) size 141x20
            LayoutText {#text} at (0,0) size 24x19
              text run at (0,0) width 20 RTL: "\x{5D0}\x{5D1}\x{5D2}"
              text run at (20,0) width 4: " "
            LayoutInline {SPAN} at (0,0) size 92x19
              LayoutText {#text} at (24,0) size 92x19
                text run at (24,0) width 38: "ABC "
                text run at (62,0) width 19 RTL: "\x{5D3}\x{5D4}\x{5D5}"
                text run at (81,0) width 35: " DEF"
            LayoutText {#text} at (116,0) size 25x19
              text run at (116,0) width 4: " "
              text run at (120,0) width 21 RTL: "\x{5D6}\x{5D7}\x{5D8}"
          LayoutBlockFlow {P} at (4,84) size 141x20
            LayoutText {#text} at (116,0) size 25x19
              text run at (116,0) width 25 RTL: "\x{5D6}\x{5D7}\x{5D8} "
            LayoutInline {SPAN} at (0,0) size 92x19
              LayoutText {#text} at (24,0) size 92x19
                text run at (24,0) width 34: "ABC"
                text run at (58,0) width 27 RTL: " \x{5D3}\x{5D4}\x{5D5} "
                text run at (85,0) width 31: "DEF"
            LayoutText {#text} at (0,0) size 24x19
              text run at (0,0) width 24 RTL: " \x{5D0}\x{5D1}\x{5D2}"
          LayoutBlockFlow {P} at (4,104) size 141x20
            LayoutText {#text} at (58,0) size 23x19
              text run at (58,0) width 23 RTL: "\x{5D3}\x{5D4}\x{5D5} "
            LayoutInline {SPAN} at (0,0) size 58x19
              LayoutText {#text} at (0,0) size 58x19
                text run at (0,0) width 24 RTL: " \x{5D0}\x{5D1}\x{5D2}"
                text run at (24,0) width 34: "ABC"
            LayoutText {#text} at (81,0) size 60x19
              text run at (81,0) width 39: " DEF "
              text run at (120,0) width 21 RTL: "\x{5D6}\x{5D7}\x{5D8}"
          LayoutBlockFlow {P} at (4,124) size 141x20
            LayoutText {#text} at (58,0) size 23x19
              text run at (58,0) width 23 RTL: "\x{5D3}\x{5D4}\x{5D5} "
            LayoutInline {BDO} at (0,0) size 58x19
              LayoutText {#text} at (0,0) size 58x19
                text run at (0,0) width 58 RTL override: "CBA \x{5D0}\x{5D1}\x{5D2}"
            LayoutText {#text} at (81,0) size 60x19
              text run at (81,0) width 39: " DEF "
              text run at (120,0) width 21 RTL: "\x{5D6}\x{5D7}\x{5D8}"
          LayoutBlockFlow {P} at (4,144) size 141x20
            LayoutText {#text} at (0,0) size 24x19
              text run at (0,0) width 20 RTL: "\x{5D0}\x{5D1}\x{5D2}"
              text run at (20,0) width 4: " "
            LayoutInline {BDO} at (0,0) size 57x19
              LayoutText {#text} at (24,0) size 57x19
                text run at (24,0) width 57 LTR override: "ABC \x{5D5}\x{5D4}\x{5D3}"
            LayoutText {#text} at (81,0) size 60x19
              text run at (81,0) width 39: " DEF "
              text run at (120,0) width 21 RTL: "\x{5D6}\x{5D7}\x{5D8}"
          LayoutBlockFlow {P} at (4,164) size 141x20
            LayoutText {#text} at (116,0) size 25x19
              text run at (116,0) width 25 RTL: "\x{5D6}\x{5D7}\x{5D8} "
            LayoutInline {BDO} at (0,0) size 57x19
              LayoutText {#text} at (24,0) size 57x19
                text run at (24,0) width 57 LTR override: "ABC \x{5D5}\x{5D4}\x{5D3}"
            LayoutText {#text} at (0,0) size 116x19
              text run at (0,0) width 24 RTL: " \x{5D0}\x{5D1}\x{5D2}"
              text run at (81,0) width 35: " DEF"
        LayoutText {#text} at (404,85) size 4x19
          text run at (404,85) width 4: " "
        LayoutBlockFlow {DIV} at (411,73) size 182x48 [border: (1px solid #008000)]
          LayoutTable {TABLE} at (4,4) size 174x20
            LayoutTableSection {TBODY} at (0,0) size 174x20
              LayoutTableRow {TR} at (0,0) size 174x20
                LayoutTableCell {TD} at (0,0) size 5x20 [r=0 c=0 rs=1 cs=1]
                  LayoutText {#text} at (0,0) size 5x19
                    text run at (0,0) width 5 RTL: "\x{5D2}"
                LayoutTableCell {TD} at (5,0) size 7x20 [r=0 c=1 rs=1 cs=1]
                  LayoutText {#text} at (0,0) size 7x19
                    text run at (0,0) width 7 RTL: "\x{5D1}"
                LayoutTableCell {TD} at (12,0) size 8x20 [r=0 c=2 rs=1 cs=1]
                  LayoutText {#text} at (0,0) size 8x19
                    text run at (0,0) width 8 RTL: "\x{5D0}"
                LayoutTableCell {TD} at (20,0) size 4x20 [r=0 c=3 rs=1 cs=1]
                  LayoutText {#text} at (0,0) size 4x19
                    text run at (0,0) width 4: " "
                LayoutTableCell {TD} at (24,0) size 12x20 [r=0 c=4 rs=1 cs=1]
                  LayoutText {#text} at (0,0) size 12x19
                    text run at (0,0) width 12: "A"
                LayoutTableCell {TD} at (36,0) size 11x20 [r=0 c=5 rs=1 cs=1]
                  LayoutText {#text} at (0,0) size 11x19
                    text run at (0,0) width 11: "B"
                LayoutTableCell {TD} at (47,0) size 11x20 [r=0 c=6 rs=1 cs=1]
                  LayoutText {#text} at (0,0) size 11x19
                    text run at (0,0) width 11: "C"
                LayoutTableCell {TD} at (58,0) size 4x20 [r=0 c=7 rs=1 cs=1]
                  LayoutText {#text} at (0,0) size 4x19
                    text run at (0,0) width 4: " "
                LayoutTableCell {TD} at (62,0) size 4x20 [r=0 c=8 rs=1 cs=1]
                  LayoutText {#text} at (0,0) size 4x19
                    text run at (0,0) width 4 RTL: "\x{5D5}"
                LayoutTableCell {TD} at (66,0) size 8x20 [r=0 c=9 rs=1 cs=1]
                  LayoutText {#text} at (0,0) size 8x19
                    text run at (0,0) width 8 RTL: "\x{5D4}"
                LayoutTableCell {TD} at (74,0) size 7x20 [r=0 c=10 rs=1 cs=1]
                  LayoutText {#text} at (0,0) size 7x19
                    text run at (0,0) width 7 RTL: "\x{5D3}"
                LayoutTableCell {TD} at (81,0) size 4x20 [r=0 c=11 rs=1 cs=1]
                  LayoutText {#text} at (0,0) size 4x19
                    text run at (0,0) width 4: " "
                LayoutTableCell {TD} at (85,0) size 12x20 [r=0 c=12 rs=1 cs=1]
                  LayoutText {#text} at (0,0) size 12x19
                    text run at (0,0) width 12: "D"
                LayoutTableCell {TD} at (97,0) size 10x20 [r=0 c=13 rs=1 cs=1]
                  LayoutText {#text} at (0,0) size 10x19
                    text run at (0,0) width 10: "E"
                LayoutTableCell {TD} at (107,0) size 9x20 [r=0 c=14 rs=1 cs=1]
                  LayoutText {#text} at (0,0) size 9x19
                    text run at (0,0) width 9: "F"
                LayoutTableCell {TD} at (116,0) size 4x20 [r=0 c=15 rs=1 cs=1]
                  LayoutText {#text} at (0,0) size 4x19
                    text run at (0,0) width 4: " "
                LayoutTableCell {TD} at (120,0) size 12x20 [r=0 c=16 rs=1 cs=1]
                  LayoutText {#text} at (0,0) size 12x19
                    text run at (0,0) width 12: "G"
                LayoutTableCell {TD} at (132,0) size 12x20 [r=0 c=17 rs=1 cs=1]
                  LayoutText {#text} at (0,0) size 12x19
                    text run at (0,0) width 12: "H"
                LayoutTableCell {TD} at (144,0) size 5x20 [r=0 c=18 rs=1 cs=1]
                  LayoutText {#text} at (0,0) size 5x19
                    text run at (0,0) width 5: "I"
                LayoutTableCell {TD} at (149,0) size 4x20 [r=0 c=19 rs=1 cs=1]
                  LayoutText {#text} at (0,0) size 4x19
                    text run at (0,0) width 4: " "
                LayoutTableCell {TD} at (153,0) size 8x20 [r=0 c=20 rs=1 cs=1]
                  LayoutText {#text} at (0,0) size 8x19
                    text run at (0,0) width 8 RTL: "\x{5D8}"
                LayoutTableCell {TD} at (161,0) size 8x20 [r=0 c=21 rs=1 cs=1]
                  LayoutText {#text} at (0,0) size 8x19
                    text run at (0,0) width 8 RTL: "\x{5D7}"
                LayoutTableCell {TD} at (169,0) size 5x20 [r=0 c=22 rs=1 cs=1]
                  LayoutText {#text} at (0,0) size 5x19
                    text run at (0,0) width 5 RTL: "\x{5D6}"
          LayoutBlockFlow {P} at (4,24) size 174x20
            LayoutText {#text} at (0,0) size 174x19
              text run at (0,0) width 20 RTL: "\x{5D0}\x{5D1}\x{5D2}"
              text run at (20,0) width 42: " ABC "
              text run at (62,0) width 19 RTL: "\x{5D3}\x{5D4}\x{5D5}"
              text run at (81,0) width 72: " DEF GHI "
              text run at (153,0) width 21 RTL: "\x{5D6}\x{5D7}\x{5D8}"
        LayoutText {#text} at (596,85) size 4x19
          text run at (596,85) width 4: " "
        LayoutBR {BR} at (600,85) size 0x19
        LayoutBlockFlow {DIV} at (3,197) size 182x48 [border: (1px solid #008000)]
          LayoutTable {TABLE} at (4,4) size 174x20
            LayoutTableSection {TBODY} at (0,0) size 174x20
              LayoutTableRow {TR} at (0,0) size 174x20
                LayoutTableCell {TD} at (0,0) size 9x20 [r=0 c=0 rs=1 cs=1]
                  LayoutText {#text} at (0,0) size 9x19
                    text run at (0,0) width 9: "F"
                LayoutTableCell {TD} at (9,0) size 10x20 [r=0 c=1 rs=1 cs=1]
                  LayoutText {#text} at (0,0) size 10x19
                    text run at (0,0) width 10: "E"
                LayoutTableCell {TD} at (19,0) size 12x20 [r=0 c=2 rs=1 cs=1]
                  LayoutText {#text} at (0,0) size 12x19
                    text run at (0,0) width 12: "D"
                LayoutTableCell {TD} at (31,0) size 4x20 [r=0 c=3 rs=1 cs=1]
                  LayoutText {#text} at (0,0) size 4x19
                    text run at (0,0) width 4: " "
                LayoutTableCell {TD} at (35,0) size 4x20 [r=0 c=4 rs=1 cs=1]
                  LayoutText {#text} at (0,0) size 4x19
                    text run at (0,0) width 4 RTL: "\x{5D5}"
                LayoutTableCell {TD} at (39,0) size 8x20 [r=0 c=5 rs=1 cs=1]
                  LayoutText {#text} at (0,0) size 8x19
                    text run at (0,0) width 8 RTL: "\x{5D4}"
                LayoutTableCell {TD} at (47,0) size 7x20 [r=0 c=6 rs=1 cs=1]
                  LayoutText {#text} at (0,0) size 7x19
                    text run at (0,0) width 7 RTL: "\x{5D3}"
                LayoutTableCell {TD} at (54,0) size 4x20 [r=0 c=7 rs=1 cs=1]
                  LayoutText {#text} at (0,0) size 4x19
                    text run at (0,0) width 4: " "
                LayoutTableCell {TD} at (58,0) size 11x20 [r=0 c=8 rs=1 cs=1]
                  LayoutText {#text} at (0,0) size 11x19
                    text run at (0,0) width 11: "C"
                LayoutTableCell {TD} at (69,0) size 11x20 [r=0 c=9 rs=1 cs=1]
                  LayoutText {#text} at (0,0) size 11x19
                    text run at (0,0) width 11: "B"
                LayoutTableCell {TD} at (80,0) size 12x20 [r=0 c=10 rs=1 cs=1]
                  LayoutText {#text} at (0,0) size 12x19
                    text run at (0,0) width 12: "A"
                LayoutTableCell {TD} at (92,0) size 4x20 [r=0 c=11 rs=1 cs=1]
                  LayoutText {#text} at (0,0) size 4x19
                    text run at (0,0) width 4: " "
                LayoutTableCell {TD} at (96,0) size 5x20 [r=0 c=12 rs=1 cs=1]
                  LayoutText {#text} at (0,0) size 5x19
                    text run at (0,0) width 5 RTL: "\x{5D2}"
                LayoutTableCell {TD} at (101,0) size 7x20 [r=0 c=13 rs=1 cs=1]
                  LayoutText {#text} at (0,0) size 7x19
                    text run at (0,0) width 7 RTL: "\x{5D1}"
                LayoutTableCell {TD} at (108,0) size 8x20 [r=0 c=14 rs=1 cs=1]
                  LayoutText {#text} at (0,0) size 8x19
                    text run at (0,0) width 8 RTL: "\x{5D0}"
                LayoutTableCell {TD} at (116,0) size 4x20 [r=0 c=15 rs=1 cs=1]
                  LayoutText {#text} at (0,0) size 4x19
                    text run at (0,0) width 4: " "
                LayoutTableCell {TD} at (120,0) size 12x20 [r=0 c=16 rs=1 cs=1]
                  LayoutText {#text} at (0,0) size 12x19
                    text run at (0,0) width 12: "G"
                LayoutTableCell {TD} at (132,0) size 12x20 [r=0 c=17 rs=1 cs=1]
                  LayoutText {#text} at (0,0) size 12x19
                    text run at (0,0) width 12: "H"
                LayoutTableCell {TD} at (144,0) size 5x20 [r=0 c=18 rs=1 cs=1]
                  LayoutText {#text} at (0,0) size 5x19
                    text run at (0,0) width 5: "I"
                LayoutTableCell {TD} at (149,0) size 4x20 [r=0 c=19 rs=1 cs=1]
                  LayoutText {#text} at (0,0) size 4x19
                    text run at (0,0) width 4: " "
                LayoutTableCell {TD} at (153,0) size 8x20 [r=0 c=20 rs=1 cs=1]
                  LayoutText {#text} at (0,0) size 8x19
                    text run at (0,0) width 8 RTL: "\x{5D8}"
                LayoutTableCell {TD} at (161,0) size 8x20 [r=0 c=21 rs=1 cs=1]
                  LayoutText {#text} at (0,0) size 8x19
                    text run at (0,0) width 8 RTL: "\x{5D7}"
                LayoutTableCell {TD} at (169,0) size 5x20 [r=0 c=22 rs=1 cs=1]
                  LayoutText {#text} at (0,0) size 5x19
                    text run at (0,0) width 5 RTL: "\x{5D6}"
          LayoutBlockFlow {P} at (4,24) size 174x20
            LayoutText {#text} at (92,0) size 24x19
              text run at (92,0) width 24 RTL: "\x{5D0}\x{5D1}\x{5D2} "
            LayoutInline {BDO} at (0,0) size 92x19
              LayoutText {#text} at (0,0) size 92x19
                text run at (0,0) width 92 RTL override: "ABC \x{5D3}\x{5D4}\x{5D5} DEF"
            LayoutText {#text} at (116,0) size 58x19
              text run at (116,0) width 37: " GHI "
              text run at (153,0) width 21 RTL: "\x{5D6}\x{5D7}\x{5D8}"
        LayoutText {#text} at (188,209) size 4x19
          text run at (188,209) width 4: " "
        LayoutBlockFlow {DIV} at (195,197) size 182x48 [border: (1px solid #008000)]
          LayoutTable {TABLE} at (4,4) size 174x20
            LayoutTableSection {TBODY} at (0,0) size 174x20
              LayoutTableRow {TR} at (0,0) size 174x20
                LayoutTableCell {TD} at (0,0) size 5x20 [r=0 c=0 rs=1 cs=1]
                  LayoutText {#text} at (0,0) size 5x19
                    text run at (0,0) width 5 RTL: "\x{5D2}"
                LayoutTableCell {TD} at (5,0) size 7x20 [r=0 c=1 rs=1 cs=1]
                  LayoutText {#text} at (0,0) size 7x19
                    text run at (0,0) width 7 RTL: "\x{5D1}"
                LayoutTableCell {TD} at (12,0) size 8x20 [r=0 c=2 rs=1 cs=1]
                  LayoutText {#text} at (0,0) size 8x19
                    text run at (0,0) width 8 RTL: "\x{5D0}"
                LayoutTableCell {TD} at (20,0) size 4x20 [r=0 c=3 rs=1 cs=1]
                  LayoutText {#text} at (0,0) size 4x19
                    text run at (0,0) width 4: " "
                LayoutTableCell {TD} at (24,0) size 12x20 [r=0 c=4 rs=1 cs=1]
                  LayoutText {#text} at (0,0) size 12x19
                    text run at (0,0) width 12: "A"
                LayoutTableCell {TD} at (36,0) size 11x20 [r=0 c=5 rs=1 cs=1]
                  LayoutText {#text} at (0,0) size 11x19
                    text run at (0,0) width 11: "B"
                LayoutTableCell {TD} at (47,0) size 11x20 [r=0 c=6 rs=1 cs=1]
                  LayoutText {#text} at (0,0) size 11x19
                    text run at (0,0) width 11: "C"
                LayoutTableCell {TD} at (58,0) size 4x20 [r=0 c=7 rs=1 cs=1]
                  LayoutText {#text} at (0,0) size 4x19
                    text run at (0,0) width 4: " "
                LayoutTableCell {TD} at (62,0) size 9x20 [r=0 c=8 rs=1 cs=1]
                  LayoutText {#text} at (0,0) size 9x19
                    text run at (0,0) width 9: "F"
                LayoutTableCell {TD} at (71,0) size 10x20 [r=0 c=9 rs=1 cs=1]
                  LayoutText {#text} at (0,0) size 10x19
                    text run at (0,0) width 10: "E"
                LayoutTableCell {TD} at (81,0) size 12x20 [r=0 c=10 rs=1 cs=1]
                  LayoutText {#text} at (0,0) size 12x19
                    text run at (0,0) width 12: "D"
                LayoutTableCell {TD} at (93,0) size 4x20 [r=0 c=11 rs=1 cs=1]
                  LayoutText {#text} at (0,0) size 4x19
                    text run at (0,0) width 4: " "
                LayoutTableCell {TD} at (97,0) size 4x20 [r=0 c=12 rs=1 cs=1]
                  LayoutText {#text} at (0,0) size 4x19
                    text run at (0,0) width 4 RTL: "\x{5D5}"
                LayoutTableCell {TD} at (101,0) size 8x20 [r=0 c=13 rs=1 cs=1]
                  LayoutText {#text} at (0,0) size 8x19
                    text run at (0,0) width 8 RTL: "\x{5D4}"
                LayoutTableCell {TD} at (109,0) size 7x20 [r=0 c=14 rs=1 cs=1]
                  LayoutText {#text} at (0,0) size 7x19
                    text run at (0,0) width 7 RTL: "\x{5D3}"
                LayoutTableCell {TD} at (116,0) size 4x20 [r=0 c=15 rs=1 cs=1]
                  LayoutText {#text} at (0,0) size 4x19
                    text run at (0,0) width 4: " "
                LayoutTableCell {TD} at (120,0) size 12x20 [r=0 c=16 rs=1 cs=1]
                  LayoutText {#text} at (0,0) size 12x19
                    text run at (0,0) width 12: "G"
                LayoutTableCell {TD} at (132,0) size 12x20 [r=0 c=17 rs=1 cs=1]
                  LayoutText {#text} at (0,0) size 12x19
                    text run at (0,0) width 12: "H"
                LayoutTableCell {TD} at (144,0) size 5x20 [r=0 c=18 rs=1 cs=1]
                  LayoutText {#text} at (0,0) size 5x19
                    text run at (0,0) width 5: "I"
                LayoutTableCell {TD} at (149,0) size 4x20 [r=0 c=19 rs=1 cs=1]
                  LayoutText {#text} at (0,0) size 4x19
                    text run at (0,0) width 4: " "
                LayoutTableCell {TD} at (153,0) size 8x20 [r=0 c=20 rs=1 cs=1]
                  LayoutText {#text} at (0,0) size 8x19
                    text run at (0,0) width 8 RTL: "\x{5D8}"
                LayoutTableCell {TD} at (161,0) size 8x20 [r=0 c=21 rs=1 cs=1]
                  LayoutText {#text} at (0,0) size 8x19
                    text run at (0,0) width 8 RTL: "\x{5D7}"
                LayoutTableCell {TD} at (169,0) size 5x20 [r=0 c=22 rs=1 cs=1]
                  LayoutText {#text} at (0,0) size 5x19
                    text run at (0,0) width 5 RTL: "\x{5D6}"
          LayoutBlockFlow {P} at (4,24) size 174x20
            LayoutText {#text} at (0,0) size 62x19
              text run at (0,0) width 20 RTL: "\x{5D0}\x{5D1}\x{5D2}"
              text run at (20,0) width 42: " ABC "
            LayoutInline {BDO} at (0,0) size 54x19
              LayoutText {#text} at (62,0) size 54x19
                text run at (62,0) width 54 RTL override: "\x{5D3}\x{5D4}\x{5D5} DEF"
            LayoutText {#text} at (116,0) size 58x19
              text run at (116,0) width 37: " GHI "
              text run at (153,0) width 21 RTL: "\x{5D6}\x{5D7}\x{5D8}"
        LayoutText {#text} at (0,0) size 0x0
      LayoutBlockFlow {HR} at (0,386.44) size 784x2 [border: (1px inset #EEEEEE)]
      LayoutBlockFlow {P} at (0,404.44) size 784x20
        LayoutText {#text} at (0,0) size 58x19
          text run at (0,0) width 58: "(Back to "
        LayoutInline {A} at (0,0) size 157x19 [color=#0000EE]
          LayoutText {#text} at (58,0) size 157x19
            text run at (58,0) width 157: "CSS Testing Information"
        LayoutText {#text} at (214,0) size 9x19
          text run at (214,0) width 9: ", "
        LayoutInline {A} at (0,0) size 83x19 [color=#0000EE]
          LayoutText {#text} at (222,0) size 83x19
            text run at (222,0) width 83: "David Baron"
        LayoutText {#text} at (304,0) size 6x19
          text run at (304,0) width 6: ")"
      LayoutBlockFlow {P} at (0,440.44) size 784x20
        LayoutInline {A} at (0,0) size 33x19 [color=#0000EE]
          LayoutText {#text} at (0,0) size 33x19
            text run at (0,0) width 33: "LDB"
        LayoutText {#text} at (33,0) size 8x19
          text run at (33,0) width 8: ", "
        LayoutInline {A} at (0,0) size 128x19 [color=#0000EE]
          LayoutText {#text} at (41,0) size 128x19
            text run at (41,0) width 128: "dbaron@dbaron.org"
        LayoutText {#text} at (168,0) size 83x19
          text run at (168,0) width 83: ", 2001-06-05"
      LayoutBlockFlow {P} at (0,476.44) size 784x20
        LayoutText {#text} at (0,0) size 304x19
          text run at (0,0) width 304: "Modified and used with the author\x{2019}s permission."
