layer at (0,0) size 800x600 scrollHeight 612
  LayoutView at (0,0) size 800x600
layer at (0,0) size 800x612 backgroundClip at (0,0) size 800x600 clip at (0,0) size 800x600
  LayoutBlockFlow {HTML} at (0,0) size 800x612
    LayoutBlockFlow {BODY} at (8,8) size 784x596
      LayoutBlockFlow {P} at (0,0) size 784x40
        LayoutText {#text} at (0,0) size 85x19
          text run at (0,0) width 85: "This tests for "
        LayoutInline {I} at (0,0) size 767x39
          LayoutText {#text} at (85,0) size 767x39
            text run at (85,0) width 682: "http://bugzilla.opendarwin.org/show_bug.cgi?id=6014 Bidi algorithm: incorrect resolved levels for neutrals"
            text run at (0,20) width 157: "between R and ET ON L"
        LayoutText {#text} at (157,20) size 4x19
          text run at (157,20) width 4: "."
      LayoutBlockFlow {P} at (0,56) size 784x40
        LayoutText {#text} at (0,0) size 760x39
          text run at (0,0) width 96: "The characters "
          text run at (96,0) width 8 RTL: "\x{5D0}"
          text run at (104,0) width 31: " and "
          text run at (135,0) width 7 RTL: "\x{5D1}"
          text run at (142,0) width 618: " are of type R; ^ and @ are of type ON; $ and % are of type ET; a is of type L; 1 is of type EN. In"
          text run at (0,20) width 467: "each of the following pairs, the two lines should be identical to each other."
      LayoutBlockFlow {HR} at (0,112) size 784x2 [border: (1px inset #EEEEEE)]
      LayoutBlockFlow {P} at (0,130) size 784x20
        LayoutText {#text} at (0,0) size 75x19
          text run at (0,0) width 8 RTL: "\x{5D0}"
          text run at (8,0) width 67: " ^ @ $% a"
      LayoutBlockFlow (anonymous) at (0,166) size 784x20
        LayoutInline {BDO} at (0,0) size 75x19
          LayoutText {#text} at (0,0) size 75x19
            text run at (0,0) width 75 LTR override: "\x{5D0} ^ @ $% a"
        LayoutText {#text} at (0,0) size 0x0
      LayoutBlockFlow {HR} at (0,194) size 784x2 [border: (1px inset #EEEEEE)]
      LayoutBlockFlow {P} at (0,212) size 784x20
        LayoutText {#text} at (0,0) size 75x19
          text run at (0,0) width 75 RTL: "\x{5D0} ^ @ $% \x{5D1}"
      LayoutBlockFlow (anonymous) at (0,248) size 784x20
        LayoutInline {BDO} at (0,0) size 75x19
          LayoutText {#text} at (0,0) size 75x19
            text run at (0,0) width 75 LTR override: "\x{5D1} %$ @ ^ \x{5D0}"
        LayoutText {#text} at (0,0) size 0x0
      LayoutBlockFlow {HR} at (0,276) size 784x2 [border: (1px inset #EEEEEE)]
      LayoutBlockFlow {P} at (0,294) size 784x20
        LayoutText {#text} at (0,0) size 72x19
          text run at (0,0) width 29: "$%1"
          text run at (29,0) width 43 RTL: "\x{5D0} ^ @ "
      LayoutBlockFlow (anonymous) at (0,330) size 784x20
        LayoutInline {BDO} at (0,0) size 72x19
          LayoutText {#text} at (0,0) size 72x19
            text run at (0,0) width 72 LTR override: "$%1 @ ^ \x{5D0}"
        LayoutText {#text} at (0,0) size 0x0
      LayoutBlockFlow {HR} at (0,358) size 784x2 [border: (1px inset #EEEEEE)]
      LayoutBlockFlow {P} at (0,376) size 784x20
        LayoutText {#text} at (0,0) size 75x19
          text run at (0,0) width 7: "a"
          text run at (7,0) width 68 RTL: "\x{5D0} ^ @ $% "
      LayoutBlockFlow (anonymous) at (0,412) size 784x20
        LayoutInline {BDO} at (0,0) size 75x19
          LayoutText {#text} at (0,0) size 75x19
            text run at (0,0) width 75 LTR override: "a %$ @ ^ \x{5D0}"
        LayoutText {#text} at (0,0) size 0x0
      LayoutBlockFlow {HR} at (0,440) size 784x2 [border: (1px inset #EEEEEE)]
      LayoutBlockFlow {P} at (0,458) size 784x20
        LayoutText {#text} at (0,0) size 75x19
          text run at (0,0) width 75 RTL: "\x{5D0} ^ @ $% \x{5D1}"
      LayoutBlockFlow (anonymous) at (0,494) size 784x20
        LayoutInline {BDO} at (0,0) size 75x19
          LayoutText {#text} at (0,0) size 75x19
            text run at (0,0) width 75 LTR override: "\x{5D1} %$ @ ^ \x{5D0}"
        LayoutText {#text} at (0,0) size 0x0
      LayoutBlockFlow {HR} at (0,522) size 784x2 [border: (1px inset #EEEEEE)]
      LayoutBlockFlow {P} at (0,540) size 784x20
        LayoutText {#text} at (0,0) size 72x19
          text run at (0,0) width 29: "$%1"
          text run at (29,0) width 43 RTL: "\x{5D0} ^ @ "
      LayoutBlockFlow (anonymous) at (0,576) size 784x20
        LayoutInline {BDO} at (0,0) size 72x19
          LayoutText {#text} at (0,0) size 72x19
            text run at (0,0) width 72 LTR override: "$%1 @ ^ \x{5D0}"
        LayoutText {#text} at (0,0) size 0x0
