layer at (0,0) size 800x600
  LayoutView at (0,0) size 800x600
layer at (0,0) size 800x356
  LayoutBlockFlow {HTML} at (0,0) size 800x356
    LayoutBlockFlow {BODY} at (8,16) size 784x332
      LayoutBlockFlow {P} at (0,0) size 784x20
        LayoutText {#text} at (0,0) size 310x19
          text run at (0,0) width 310: "All rows should be identical to the reference row."
      LayoutTable {TABLE} at (0,36) size 520x117 [border: none]
        LayoutTableSection {TBODY} at (0,0) size 519x116
          LayoutTableRow {TR} at (0,0) size 519x29
            LayoutTableCell {TD} at (0,0) size 97x29 [border: (1px solid #008000)] [r=0 c=0 rs=1 cs=1]
              LayoutText {#text} at (29,5) size 64x19
                text run at (29,5) width 64: "Reference"
            LayoutTableCell {TD} at (97,0) size 211x29 [border: (1px solid #008000)] [r=0 c=1 rs=1 cs=1]
              LayoutText {#text} at (5,5) size 202x19
                text run at (5,5) width 42: "abcdef"
                text run at (47,5) width 20 RTL: "\x{5D0}\x{5D1}\x{5D2}"
                text run at (67,5) width 40: "ghijkl "
                text run at (107,5) width 39 RTL: "\x{5D6}\x{5D7}\x{5D8}\x{5D9}\x{5DB}\x{5DC}"
                text run at (146,5) width 22: "abc"
                text run at (168,5) width 39 RTL: "\x{5D0}\x{5D1}\x{5D2}\x{5D3}\x{5D4}\x{5D5}"
            LayoutTableCell {TD} at (308,0) size 211x29 [border: (1px solid #008000)] [r=0 c=2 rs=1 cs=1]
              LayoutText {#text} at (5,5) size 202x19
                text run at (5,5) width 39 RTL: "\x{5D6}\x{5D7}\x{5D8}\x{5D9}\x{5DB}\x{5DC}"
                text run at (44,5) width 22: "abc"
                text run at (66,5) width 39 RTL: "\x{5D0}\x{5D1}\x{5D2}\x{5D3}\x{5D4}\x{5D5}"
                text run at (105,5) width 4 RTL: " "
                text run at (109,5) width 42: "abcdef"
                text run at (151,5) width 20 RTL: "\x{5D0}\x{5D1}\x{5D2}"
                text run at (171,5) width 36: "ghijkl"
          LayoutTableRow {TR} at (0,29) size 519x29
            LayoutTableCell {TD} at (0,29) size 97x29 [border: (1px solid #008000)] [r=1 c=0 rs=1 cs=1]
              LayoutText {#text} at (8,5) size 85x19
                text run at (8,5) width 85: "CSS, siblings"
            LayoutTableCell {TD} at (97,29) size 211x29 [border: (1px solid #008000)] [r=1 c=1 rs=1 cs=1]
              LayoutText {#text} at (5,5) size 22x19
                text run at (5,5) width 22: "abc"
              LayoutInline {SPAN} at (0,0) size 60x19
                LayoutText {#text} at (27,5) size 60x19
                  text run at (27,5) width 60 RTL override: "ihg\x{5D0}\x{5D1}\x{5D2}fed"
              LayoutText {#text} at (87,5) size 120x19
                text run at (87,5) width 20: "jkl "
                text run at (187,5) width 20 RTL: "\x{5D0}\x{5D1}\x{5D2}"
              LayoutInline {SPAN} at (0,0) size 62x19
                LayoutText {#text} at (125,5) size 62x19
                  text run at (125,5) width 62 LTR override: "\x{5D8}\x{5D7}\x{5D6}abc\x{5D5}\x{5D4}\x{5D3}"
              LayoutText {#text} at (107,5) size 18x19
                text run at (107,5) width 18 RTL: "\x{5D9}\x{5DB}\x{5DC}"
            LayoutTableCell {TD} at (308,29) size 211x29 [border: (1px solid #008000)] [r=1 c=2 rs=1 cs=1]
              LayoutText {#text} at (109,5) size 22x19
                text run at (109,5) width 22: "abc"
              LayoutInline {SPAN} at (0,0) size 60x19
                LayoutText {#text} at (131,5) size 60x19
                  text run at (131,5) width 60 RTL override: "ihg\x{5D0}\x{5D1}\x{5D2}fed"
              LayoutText {#text} at (85,5) size 122x19
                text run at (85,5) width 24 RTL: " \x{5D0}\x{5D1}\x{5D2}"
                text run at (191,5) width 16: "jkl"
              LayoutInline {SPAN} at (0,0) size 62x19
                LayoutText {#text} at (23,5) size 62x19
                  text run at (23,5) width 62 LTR override: "\x{5D8}\x{5D7}\x{5D6}abc\x{5D5}\x{5D4}\x{5D3}"
              LayoutText {#text} at (5,5) size 18x19
                text run at (5,5) width 18 RTL: "\x{5D9}\x{5DB}\x{5DC}"
          LayoutTableRow {TR} at (0,58) size 519x29
            LayoutTableCell {TD} at (0,58) size 97x29 [border: (1px solid #008000)] [r=2 c=0 rs=1 cs=1]
              LayoutText {#text} at (5,5) size 88x19
                text run at (5,5) width 88: "CSS, children"
            LayoutTableCell {TD} at (97,58) size 211x29 [border: (1px solid #008000)] [r=2 c=1 rs=1 cs=1]
              LayoutInline {SPAN} at (0,0) size 98x19
                LayoutText {#text} at (5,5) size 22x19
                  text run at (5,5) width 22: "abc"
                LayoutInline {SPAN} at (0,0) size 60x19
                  LayoutText {#text} at (27,5) size 60x19
                    text run at (27,5) width 60 RTL override: "ihg\x{5D0}\x{5D1}\x{5D2}fed"
                LayoutText {#text} at (87,5) size 16x19
                  text run at (87,5) width 16: "jkl"
              LayoutText {#text} at (103,5) size 4x19
                text run at (103,5) width 4: " "
              LayoutInline {SPAN} at (0,0) size 100x19
                LayoutText {#text} at (187,5) size 20x19
                  text run at (187,5) width 20 RTL: "\x{5D0}\x{5D1}\x{5D2}"
                LayoutInline {SPAN} at (0,0) size 62x19
                  LayoutText {#text} at (125,5) size 62x19
                    text run at (125,5) width 62 LTR override: "\x{5D8}\x{5D7}\x{5D6}abc\x{5D5}\x{5D4}\x{5D3}"
                LayoutText {#text} at (107,5) size 18x19
                  text run at (107,5) width 18 RTL: "\x{5D9}\x{5DB}\x{5DC}"
            LayoutTableCell {TD} at (308,58) size 211x29 [border: (1px solid #008000)] [r=2 c=2 rs=1 cs=1]
              LayoutInline {SPAN} at (0,0) size 98x19
                LayoutText {#text} at (109,5) size 22x19
                  text run at (109,5) width 22: "abc"
                LayoutInline {SPAN} at (0,0) size 60x19
                  LayoutText {#text} at (131,5) size 60x19
                    text run at (131,5) width 60 RTL override: "ihg\x{5D0}\x{5D1}\x{5D2}fed"
                LayoutText {#text} at (191,5) size 16x19
                  text run at (191,5) width 16: "jkl"
              LayoutText {#text} at (105,5) size 4x19
                text run at (105,5) width 4 RTL: " "
              LayoutInline {SPAN} at (0,0) size 100x19
                LayoutText {#text} at (85,5) size 20x19
                  text run at (85,5) width 20 RTL: "\x{5D0}\x{5D1}\x{5D2}"
                LayoutInline {SPAN} at (0,0) size 62x19
                  LayoutText {#text} at (23,5) size 62x19
                    text run at (23,5) width 62 LTR override: "\x{5D8}\x{5D7}\x{5D6}abc\x{5D5}\x{5D4}\x{5D3}"
                LayoutText {#text} at (5,5) size 18x19
                  text run at (5,5) width 18 RTL: "\x{5D9}\x{5DB}\x{5DC}"
          LayoutTableRow {TR} at (0,87) size 519x29
            LayoutTableCell {TD} at (0,87) size 97x29 [border: (1px solid #008000)] [r=3 c=0 rs=1 cs=1]
              LayoutText {#text} at (39,5) size 54x19
                text run at (39,5) width 54: "Unicode"
            LayoutTableCell {TD} at (97,87) size 211x29 [border: (1px solid #008000)] [r=3 c=1 rs=1 cs=1]
              LayoutText {#text} at (5,5) size 202x19
                text run at (5,5) width 22: "abc"
                text run at (27,5) width 60 RTL override: "\x{202E}ihg\x{5D0}\x{5D1}\x{5D2}fed"
                text run at (87,5) width 20: "\x{202C}jkl "
                text run at (107,5) width 18 RTL: "\x{202C}\x{5D9}\x{5DB}\x{5DC}"
                text run at (125,5) width 62 LTR override: "\x{202D}\x{5D8}\x{5D7}\x{5D6}abc\x{5D5}\x{5D4}\x{5D3}"
                text run at (187,5) width 20 RTL: "\x{5D0}\x{5D1}\x{5D2}"
            LayoutTableCell {TD} at (308,87) size 211x29 [border: (1px solid #008000)] [r=3 c=2 rs=1 cs=1]
              LayoutText {#text} at (5,5) size 202x19
                text run at (5,5) width 18 RTL: "\x{202C}\x{5D9}\x{5DB}\x{5DC}"
                text run at (23,5) width 62 LTR override: "\x{202D}\x{5D8}\x{5D7}\x{5D6}abc\x{5D5}\x{5D4}\x{5D3}"
                text run at (85,5) width 20 RTL: "\x{5D0}\x{5D1}\x{5D2}"
                text run at (105,5) width 4 RTL: " "
                text run at (109,5) width 22: "abc"
                text run at (131,5) width 60 RTL override: "\x{202E}ihg\x{5D0}\x{5D1}\x{5D2}fed"
                text run at (191,5) width 16: "\x{202C}jkl"
      LayoutBlockFlow {P} at (0,169) size 784x20
        LayoutText {#text} at (0,0) size 387x19
          text run at (0,0) width 387: "The CSS column should be identical to the reference column."
      LayoutTable {TABLE} at (0,205) size 219x127 [border: none]
        LayoutTableSection {TBODY} at (0,0) size 218x126
          LayoutTableRow {TR} at (0,0) size 218x29
            LayoutTableCell {TD} at (0,0) size 109x29 [border: (1px solid #008000)] [r=0 c=0 rs=1 cs=1]
              LayoutText {#text} at (23,5) size 64x19
                text run at (23,5) width 64: "Reference"
            LayoutTableCell {TD} at (109,0) size 109x29 [border: (1px solid #008000)] [r=0 c=1 rs=1 cs=1]
              LayoutText {#text} at (40,5) size 30x19
                text run at (40,5) width 30: "CSS"
          LayoutTableRow {TR} at (0,29) size 218x97
            LayoutTableCell {TD} at (0,29) size 109x97 [border: (1px solid #008000)] [r=1 c=0 rs=1 cs=1]
              LayoutBlockFlow {P} at (5,21) size 100x20
                LayoutText {#text} at (1,0) size 98x19
                  text run at (1,0) width 42: "abcdef"
                  text run at (43,0) width 20 RTL: "\x{5D0}\x{5D1}\x{5D2}"
                  text run at (63,0) width 36: "ghijkl"
              LayoutBlockFlow {P} at (5,57) size 100x20
                LayoutText {#text} at (0,0) size 100x19
                  text run at (0,0) width 39 RTL: "\x{5D6}\x{5D7}\x{5D8}\x{5D9}\x{5DB}\x{5DC}"
                  text run at (39,0) width 22: "abc"
                  text run at (61,0) width 39 RTL: "\x{5D0}\x{5D1}\x{5D2}\x{5D3}\x{5D4}\x{5D5}"
            LayoutTableCell {TD} at (109,29) size 109x97 [border: (1px solid #008000)] [r=1 c=1 rs=1 cs=1]
              LayoutBlockFlow {P} at (5,21) size 100x20
                LayoutText {#text} at (1,0) size 98x19
                  text run at (1,0) width 98 RTL override: "lkjihg\x{5D0}\x{5D1}\x{5D2}fedcba"
              LayoutBlockFlow {P} at (5,57) size 100x20
                LayoutText {#text} at (0,0) size 100x19
                  text run at (0,0) width 100 LTR override: "\x{5DC}\x{5DB}\x{5D9}\x{5D8}\x{5D7}\x{5D6}abc\x{5D5}\x{5D4}\x{5D3}\x{5D2}\x{5D1}\x{5D0}"
