layer at (0,0) size 800x600
  LayoutView at (0,0) size 800x600
layer at (0,0) size 800x370
  LayoutBlockFlow {HTML} at (0,0) size 800x370
    LayoutBlockFlow {BODY} at (8,10) size 784x350
      LayoutBlockFlow {DIV} at (300,0) size 184x50 [border: (1px solid #000000)]
        LayoutText {#text} at (170,2) size 13x46
          text run at (170,2) width 13 RTL: "!"
        LayoutInline {SPAN} at (0,0) size 47x46
          LayoutText {#text} at (23,2) size 47x46
            text run at (23,2) width 47 RTL: " @"
        LayoutText {#text} at (0,0) size 0x0
      LayoutBlockFlow {DIV} at (300,60) size 184x50 [border: (1px solid #000000)]
        LayoutText {#text} at (170,2) size 13x46
          text run at (170,2) width 13 RTL: "!"
        LayoutInline {SPAN} at (0,0) size 110x46
          LayoutText {#text} at (160,2) size 10x46
            text run at (160,2) width 10 RTL: " "
        LayoutText {#text} at (23,2) size 37x46
          text run at (23,2) width 37 RTL: "@"
      LayoutBlockFlow {DIV} at (300,120) size 184x50 [border: (1px solid #000000)]
        LayoutInline {SPAN} at (0,0) size 123x46
          LayoutText {#text} at (60,2) size 123x46
            text run at (60,2) width 123 RTL: "! "
        LayoutText {#text} at (23,2) size 37x46
          text run at (23,2) width 37 RTL: "@"
      LayoutBlockFlow {DIV} at (300,180) size 184x50 [border: (1px solid #000000)]
        LayoutText {#text} at (170,2) size 13x46
          text run at (170,2) width 13 RTL: "!"
        LayoutInline {SPAN} at (0,0) size 110x46
          LayoutText {#text} at (160,2) size 10x46
            text run at (160,2) width 10 RTL: " "
        LayoutText {#text} at (13,2) size 47x46
          text run at (13,2) width 47 RTL: "@ \x{200F}"
      LayoutBlockFlow {DIV} at (300,240) size 184x50 [border: (1px solid #000000)]
        LayoutText {#text} at (170,2) size 13x46
          text run at (170,2) width 13 RTL: "!"
        LayoutInline {SPAN} at (0,0) size 110x46
          LayoutText {#text} at (160,2) size 10x46
            text run at (160,2) width 10 RTL: " "
        LayoutText {#text} at (23,2) size 37x46
          text run at (23,2) width 37 RTL: "@"
      LayoutBlockFlow {DIV} at (300,300) size 184x50 [border: (1px solid #000000)]
        LayoutText {#text} at (23,2) size 37x46
          text run at (23,2) width 37: "@"
        LayoutInline {SPAN} at (0,0) size 110x46
          LayoutText {#text} at (160,2) size 10x46
            text run at (160,2) width 10: " "
        LayoutText {#text} at (170,2) size 13x46
          text run at (170,2) width 13: "!"
