layer at (0,0) size 800x600
  LayoutView at (0,0) size 800x600
layer at (0,0) size 800x600
  LayoutBlockFlow {HTML} at (0,0) size 800x600
    LayoutBlockFlow {BODY} at (8,8) size 784x576
      LayoutBlockFlow (anonymous) at (0,0) size 784x40
        LayoutText {#text} at (0,0) size 757x39
          text run at (0,0) width 466: "The following tests text iteration over RTL text embedded with LTR text. "
          text run at (465,0) width 292: "TextIterators are used for find, spellcheck, and"
          text run at (0,20) width 64: ".innerText"
      LayoutBlockFlow {HR} at (0,48) size 784x2 [border: (1px inset #EEEEEE)]
      LayoutBlockFlow (anonymous) at (0,58) size 784x20
        LayoutText {#text} at (0,0) size 134x19
          text run at (0,0) width 134: "Embedded Numbers:"
      LayoutBlockFlow {DIV} at (0,78) size 784x20 [color=#0000FF]
        LayoutText {#text} at (0,0) size 107x19
          text run at (0,0) width 55: "Testing ("
          text run at (54,0) width 13 RTL: "\x{5DF}\x{5DE}"
          text run at (66,0) width 9: "3"
          text run at (74,0) width 28 RTL: "\x{5D7}\x{5D5}\x{5D3}\x{5D0}"
          text run at (101,0) width 6: ")"
      LayoutBlockFlow (anonymous) at (0,98) size 784x20
        LayoutText {#text} at (0,0) size 106x19
          text run at (0,0) width 106: "Embedded LTR:"
      LayoutBlockFlow {DIV} at (0,118) size 784x20 [color=#0000FF]
        LayoutText {#text} at (0,0) size 130x19
          text run at (0,0) width 55: "Testing ("
          text run at (54,0) width 28 RTL: "\x{5D7}\x{5D5}\x{5D3}\x{5D0}"
          text run at (81,0) width 32: "hello"
          text run at (112,0) width 13 RTL: "\x{5DF}\x{5DE}"
          text run at (124,0) width 6: ")"
      LayoutBlockFlow (anonymous) at (0,138) size 784x20
        LayoutText {#text} at (0,0) size 191x19
          text run at (0,0) width 191: "Embedded Numbers and LTR"
      LayoutBlockFlow {DIV} at (0,158) size 784x20 [color=#0000FF]
        LayoutText {#text} at (0,0) size 127x19
          text run at (0,0) width 55: "Testing ("
          text run at (54,0) width 25 RTL: "\x{5E7}\x{5E7}\x{5E8}"
          text run at (78,0) width 9: "3"
          text run at (86,0) width 28 RTL: "\x{5D9}\x{5E7}\x{5DD}\x{5DC}"
          text run at (113,0) width 14: "h)"
      LayoutBlockFlow (anonymous) at (0,178) size 784x20
        LayoutText {#text} at (0,0) size 218x19
          text run at (0,0) width 218: "Embedded Numbers with spacing:"
      LayoutBlockFlow {DIV} at (0,198) size 784x20 [color=#0000FF]
        LayoutText {#text} at (0,0) size 232x19
          text run at (0,0) width 55: "Testing ("
          text run at (54,0) width 32 RTL: " \x{5D7}\x{5D5}\x{5D3}\x{5D0}"
          text run at (85,0) width 25: "300"
          text run at (109,0) width 44 RTL: "\x{5D7}\x{5D5}\x{5D3}\x{5D0}\x{5DF}\x{5DE} "
          text run at (152,0) width 41: "34023"
          text run at (192,0) width 35 RTL: "\x{5D9}\x{5E7}\x{5DA}\x{5DA}\x{5DD}"
          text run at (226,0) width 6: ")"
      LayoutBlockFlow (anonymous) at (0,218) size 784x20
        LayoutText {#text} at (0,0) size 70x19
          text run at (0,0) width 70: "Plain LTR:"
      LayoutBlockFlow {DIV} at (0,238) size 784x20 [color=#0000FF]
        LayoutText {#text} at (0,0) size 91x19
          text run at (0,0) width 91: "Testing (hello)"
      LayoutBlockFlow (anonymous) at (0,258) size 784x20
        LayoutText {#text} at (0,0) size 190x19
          text run at (0,0) width 190: "Embedded LTR with spacing:"
      LayoutBlockFlow {DIV} at (0,278) size 784x20 [color=#0000FF]
        LayoutText {#text} at (0,0) size 168x19
          text run at (0,0) width 55: "Testing ("
          text run at (54,0) width 54 RTL: "\x{5D7}\x{5D5}\x{5D3}\x{5D9}\x{5E7}\x{5DA}\x{5DA}\x{5DD}"
          text run at (107,0) width 40: " hello "
          text run at (146,0) width 17 RTL: "\x{5DF}\x{5DE}\x{5D9}"
          text run at (162,0) width 6: ")"
      LayoutBlockFlow (anonymous) at (0,298) size 784x20
        LayoutText {#text} at (0,0) size 162x19
          text run at (0,0) width 162: "Mixed but not embedded:"
      LayoutBlockFlow {DIV} at (0,318) size 784x20 [color=#0000FF]
        LayoutText {#text} at (0,0) size 122x19
          text run at (0,0) width 86: "Testing (hello"
          text run at (85,0) width 32 RTL: "\x{5D7}\x{5D5}\x{5D3}\x{5DF}\x{5DE}"
          text run at (116,0) width 6: ")"
      LayoutBlockFlow (anonymous) at (0,338) size 784x20
        LayoutText {#text} at (0,0) size 162x19
          text run at (0,0) width 162: "Mixed but not embedded:"
      LayoutBlockFlow {DIV} at (0,358) size 784x20 [color=#0000FF]
        LayoutText {#text} at (0,0) size 122x19
          text run at (0,0) width 55: "Testing ("
          text run at (54,0) width 32 RTL: "\x{5D7}\x{5D5}\x{5D3}\x{5DF}\x{5DE}"
          text run at (85,0) width 37: "hello)"
      LayoutBlockFlow {OL} at (0,394) size 784x0
