layer at (0,0) size 800x600
  LayoutView at (0,0) size 800x600
layer at (0,0) size 800x536
  LayoutBlockFlow {HTML} at (0,0) size 800x536
    LayoutBlockFlow {BODY} at (8,16) size 784x512
      LayoutBlockFlow {P} at (0,0) size 784x20
        LayoutText {#text} at (0,0) size 571x19
          text run at (0,0) width 571: "The T column should match the R column. The H columns uses <br/> to force line breaks."
      LayoutTable {TABLE} at (0,36) size 157x476 [border: none]
        LayoutTableSection {TBODY} at (0,0) size 156x475
          LayoutTableRow {TR} at (0,0) size 156x25
            LayoutTableCell {TD} at (0,10) size 33x4 [r=0 c=0 rs=1 cs=1]
            LayoutTableCell {TD} at (33,0) size 45x25 [border: (1px solid #008000)] [r=0 c=1 rs=1 cs=1]
              LayoutText {#text} at (3,3) size 12x19
                text run at (3,3) width 12: "H"
            LayoutTableCell {TD} at (78,0) size 33x25 [border: (1px solid #008000)] [r=0 c=2 rs=1 cs=1]
              LayoutText {#text} at (3,3) size 10x19
                text run at (3,3) width 10: "T"
            LayoutTableCell {TD} at (111,0) size 45x25 [border: (1px solid #008000)] [r=0 c=3 rs=1 cs=1]
              LayoutText {#text} at (3,3) size 11x19
                text run at (3,3) width 11: "R"
          LayoutTableRow {TR} at (0,25) size 156x45
            LayoutTableCell {TD} at (0,35) size 33x25 [border: (1px solid #008000)] [r=1 c=0 rs=1 cs=1]
              LayoutText {#text} at (3,3) size 8x19
                text run at (3,3) width 8: "1"
            LayoutTableCell {TD} at (33,25) size 45x45 [border: (1px solid #008000)] [r=1 c=1 rs=1 cs=1]
              LayoutText {#text} at (3,3) size 12x19
                text run at (3,3) width 8 RTL: "\x{5D0}"
                text run at (11,3) width 4: "."
              LayoutBR {BR} at (15,18) size 0x0
              LayoutText {#text} at (3,23) size 8x19
                text run at (3,23) width 8: "b"
            LayoutTableCell {TD} at (78,35) size 33x25 [border: (1px solid #008000)] [r=1 c=2 rs=1 cs=1]
              LayoutText {#text} at (3,3) size 24x19
                text run at (3,3) width 8 RTL: "\x{5D0}"
                text run at (11,3) width 16: ". b"
            LayoutTableCell {TD} at (111,25) size 45x45 [border: (1px solid #008000)] [r=1 c=3 rs=1 cs=1]
              LayoutBlockFlow {P} at (3,3) size 40x20
                LayoutText {#text} at (0,0) size 12x19
                  text run at (0,0) width 12 LTR override: "\x{5D0}."
              LayoutBlockFlow {P} at (3,23) size 40x20
                LayoutText {#text} at (0,0) size 8x19
                  text run at (0,0) width 8 LTR override: "b"
          LayoutTableRow {TR} at (0,70) size 156x45
            LayoutTableCell {TD} at (0,80) size 33x25 [border: (1px solid #008000)] [r=2 c=0 rs=1 cs=1]
              LayoutText {#text} at (3,3) size 8x19
                text run at (3,3) width 8: "2"
            LayoutTableCell {TD} at (33,70) size 45x45 [border: (1px solid #008000)] [r=2 c=1 rs=1 cs=1]
              LayoutText {#text} at (3,3) size 12x19
                text run at (3,3) width 8 RTL: "\x{5D0}"
                text run at (11,3) width 4: "."
              LayoutBR {BR} at (15,18) size 0x0
              LayoutText {#text} at (3,23) size 7x19
                text run at (3,23) width 7 RTL: "\x{5D1}"
            LayoutTableCell {TD} at (78,80) size 33x25 [border: (1px solid #008000)] [r=2 c=2 rs=1 cs=1]
              LayoutText {#text} at (3,3) size 23x19
                text run at (3,3) width 23 RTL: "\x{5D0}. \x{5D1}"
            LayoutTableCell {TD} at (111,70) size 45x45 [border: (1px solid #008000)] [r=2 c=3 rs=1 cs=1]
              LayoutBlockFlow {P} at (3,3) size 40x20
                LayoutText {#text} at (0,0) size 12x19
                  text run at (0,0) width 12 LTR override: ".\x{5D0}"
              LayoutBlockFlow {P} at (3,23) size 40x20
                LayoutText {#text} at (0,0) size 7x19
                  text run at (0,0) width 7 LTR override: "\x{5D1}"
          LayoutTableRow {TR} at (0,115) size 156x45
            LayoutTableCell {TD} at (0,125) size 33x25 [border: (1px solid #008000)] [r=3 c=0 rs=1 cs=1]
              LayoutText {#text} at (3,3) size 8x19
                text run at (3,3) width 8: "3"
            LayoutTableCell {TD} at (33,115) size 45x45 [border: (1px solid #008000)] [r=3 c=1 rs=1 cs=1]
              LayoutText {#text} at (3,3) size 16x19
                text run at (3,3) width 16 RTL: "\x{5D0}\x{5D0}"
              LayoutBR {BR} at (3,18) size 0x0
              LayoutText {#text} at (3,23) size 20x19
                text run at (3,23) width 8: "b"
                text run at (11,23) width 4 RTL: " "
                text run at (15,23) width 8: "1"
            LayoutTableCell {TD} at (78,115) size 33x45 [border: (1px solid #008000)] [r=3 c=2 rs=1 cs=1]
              LayoutText {#text} at (3,3) size 28x39
                text run at (3,3) width 8: "1"
                text run at (11,3) width 20 RTL: "\x{5D0}\x{5D0} "
                text run at (3,23) width 8: "b"
            LayoutTableCell {TD} at (111,115) size 45x45 [border: (1px solid #008000)] [r=3 c=3 rs=1 cs=1]
              LayoutBlockFlow {P} at (3,3) size 40x20
                LayoutText {#text} at (0,0) size 16x19
                  text run at (0,0) width 16 LTR override: "\x{5D0}\x{5D0}"
              LayoutBlockFlow {P} at (3,23) size 40x20
                LayoutText {#text} at (0,0) size 20x19
                  text run at (0,0) width 20 LTR override: "b 1"
          LayoutTableRow {TR} at (0,160) size 156x45
            LayoutTableCell {TD} at (0,170) size 33x25 [border: (1px solid #008000)] [r=4 c=0 rs=1 cs=1]
              LayoutText {#text} at (3,3) size 8x19
                text run at (3,3) width 8: "4"
            LayoutTableCell {TD} at (33,160) size 45x45 [border: (1px solid #008000)] [r=4 c=1 rs=1 cs=1]
              LayoutText {#text} at (3,3) size 14x19
                text run at (3,3) width 14: "aa"
              LayoutBR {BR} at (3,18) size 0x0
              LayoutText {#text} at (3,23) size 20x19
                text run at (3,23) width 8: "b"
                text run at (11,23) width 4 RTL: " "
                text run at (15,23) width 8: "1"
            LayoutTableCell {TD} at (78,160) size 33x45 [border: (1px solid #008000)] [r=4 c=2 rs=1 cs=1]
              LayoutText {#text} at (3,3) size 26x39
                text run at (3,3) width 26: "aa 1"
                text run at (3,23) width 8: "b"
            LayoutTableCell {TD} at (111,160) size 45x45 [border: (1px solid #008000)] [r=4 c=3 rs=1 cs=1]
              LayoutBlockFlow {P} at (3,3) size 40x20
                LayoutText {#text} at (0,0) size 14x19
                  text run at (0,0) width 14 LTR override: "aa"
              LayoutBlockFlow {P} at (3,23) size 40x20
                LayoutText {#text} at (0,0) size 20x19
                  text run at (0,0) width 20 LTR override: "1 b"
          LayoutTableRow {TR} at (0,205) size 156x45
            LayoutTableCell {TD} at (0,215) size 33x25 [border: (1px solid #008000)] [r=5 c=0 rs=1 cs=1]
              LayoutText {#text} at (3,3) size 8x19
                text run at (3,3) width 8: "5"
            LayoutTableCell {TD} at (33,205) size 45x45 [border: (1px solid #008000)] [r=5 c=1 rs=1 cs=1]
              LayoutText {#text} at (3,3) size 16x19
                text run at (3,3) width 16 RTL: "\x{5D0}\x{5D0}"
              LayoutBR {BR} at (3,18) size 0x0
              LayoutText {#text} at (3,23) size 19x19
                text run at (3,23) width 11 RTL: " \x{5D1}"
                text run at (14,23) width 8: "1"
            LayoutTableCell {TD} at (78,205) size 33x45 [border: (1px solid #008000)] [r=5 c=2 rs=1 cs=1]
              LayoutText {#text} at (3,3) size 28x39
                text run at (3,3) width 8: "1"
                text run at (11,3) width 20 RTL: "\x{5D0}\x{5D0} "
                text run at (3,23) width 7 RTL: "\x{5D1}"
            LayoutTableCell {TD} at (111,205) size 45x45 [border: (1px solid #008000)] [r=5 c=3 rs=1 cs=1]
              LayoutBlockFlow {P} at (3,3) size 40x20
                LayoutText {#text} at (0,0) size 16x19
                  text run at (0,0) width 16 LTR override: "\x{5D0}\x{5D0}"
              LayoutBlockFlow {P} at (3,23) size 40x20
                LayoutText {#text} at (0,0) size 19x19
                  text run at (0,0) width 19 LTR override: "\x{5D1} 1"
          LayoutTableRow {TR} at (0,250) size 156x45
            LayoutTableCell {TD} at (0,260) size 33x25 [border: (1px solid #008000)] [r=6 c=0 rs=1 cs=1]
              LayoutText {#text} at (3,3) size 8x19
                text run at (3,3) width 8: "6"
            LayoutTableCell {TD} at (33,250) size 45x45 [border: (1px solid #008000)] [r=6 c=1 rs=1 cs=1]
              LayoutText {#text} at (3,3) size 14x19
                text run at (3,3) width 14: "aa"
              LayoutBR {BR} at (3,18) size 0x0
              LayoutText {#text} at (3,23) size 19x19
                text run at (3,23) width 11 RTL: " \x{5D1}"
                text run at (14,23) width 8: "1"
            LayoutTableCell {TD} at (78,250) size 33x45 [border: (1px solid #008000)] [r=6 c=2 rs=1 cs=1]
              LayoutText {#text} at (3,3) size 26x39
                text run at (3,3) width 26: "aa 1"
                text run at (3,23) width 7 RTL: "\x{5D1}"
            LayoutTableCell {TD} at (111,250) size 45x45 [border: (1px solid #008000)] [r=6 c=3 rs=1 cs=1]
              LayoutBlockFlow {P} at (3,3) size 40x20
                LayoutText {#text} at (0,0) size 14x19
                  text run at (0,0) width 14 LTR override: "aa"
              LayoutBlockFlow {P} at (3,23) size 40x20
                LayoutText {#text} at (0,0) size 19x19
                  text run at (0,0) width 19 LTR override: "\x{5D1} 1"
          LayoutTableRow {TR} at (0,295) size 156x45
            LayoutTableCell {TD} at (0,305) size 33x25 [border: (1px solid #008000)] [r=7 c=0 rs=1 cs=1]
              LayoutText {#text} at (3,3) size 8x19
                text run at (3,3) width 8: "7"
            LayoutTableCell {TD} at (33,295) size 45x45 [border: (1px solid #008000)] [r=7 c=1 rs=1 cs=1]
              LayoutText {#text} at (3,3) size 16x19
                text run at (3,3) width 16: "a ("
              LayoutBR {BR} at (19,18) size 0x0
              LayoutText {#text} at (3,23) size 17x19
                text run at (3,23) width 17: "] b"
            LayoutTableCell {TD} at (78,295) size 33x45 [border: (1px solid #008000)] [r=7 c=2 rs=1 cs=1]
              LayoutText {#text} at (3,3) size 25x39
                text run at (3,3) width 25: "a ( ]"
                text run at (3,23) width 8: "b"
            LayoutTableCell {TD} at (111,295) size 45x45 [border: (1px solid #008000)] [r=7 c=3 rs=1 cs=1]
              LayoutBlockFlow {P} at (3,3) size 40x20
                LayoutText {#text} at (0,0) size 16x19
                  text run at (0,0) width 16 LTR override: "a ("
              LayoutBlockFlow {P} at (3,23) size 40x20
                LayoutText {#text} at (0,0) size 17x19
                  text run at (0,0) width 17 LTR override: "] b"
          LayoutTableRow {TR} at (0,340) size 156x45
            LayoutTableCell {TD} at (0,350) size 33x25 [border: (1px solid #008000)] [r=8 c=0 rs=1 cs=1]
              LayoutText {#text} at (3,3) size 8x19
                text run at (3,3) width 8: "8"
            LayoutTableCell {TD} at (33,340) size 45x45 [border: (1px solid #008000)] [r=8 c=1 rs=1 cs=1]
              LayoutText {#text} at (3,3) size 17x19
                text run at (3,3) width 8 RTL: "\x{5D0}"
                text run at (11,3) width 9: " ("
              LayoutBR {BR} at (20,18) size 0x0
              LayoutText {#text} at (3,23) size 17x19
                text run at (3,23) width 17: "] b"
            LayoutTableCell {TD} at (78,340) size 33x45 [border: (1px solid #008000)] [r=8 c=2 rs=1 cs=1]
              LayoutText {#text} at (3,3) size 26x39
                text run at (3,3) width 8 RTL: "\x{5D0}"
                text run at (11,3) width 18: " ( ]"
                text run at (3,23) width 8: "b"
            LayoutTableCell {TD} at (111,340) size 45x45 [border: (1px solid #008000)] [r=8 c=3 rs=1 cs=1]
              LayoutBlockFlow {P} at (3,3) size 40x20
                LayoutText {#text} at (0,0) size 17x19
                  text run at (0,0) width 17 LTR override: "\x{5D0} ("
              LayoutBlockFlow {P} at (3,23) size 40x20
                LayoutText {#text} at (0,0) size 17x19
                  text run at (0,0) width 17 LTR override: "] b"
          LayoutTableRow {TR} at (0,385) size 156x45
            LayoutTableCell {TD} at (0,395) size 33x25 [border: (1px solid #008000)] [r=9 c=0 rs=1 cs=1]
              LayoutText {#text} at (3,3) size 8x19
                text run at (3,3) width 8: "9"
            LayoutTableCell {TD} at (33,385) size 45x45 [border: (1px solid #008000)] [r=9 c=1 rs=1 cs=1]
              LayoutText {#text} at (3,3) size 16x19
                text run at (3,3) width 16: "a ("
              LayoutBR {BR} at (19,18) size 0x0
              LayoutText {#text} at (3,23) size 16x19
                text run at (3,23) width 9: "] "
                text run at (12,23) width 7 RTL: "\x{5D1}"
            LayoutTableCell {TD} at (78,385) size 33x45 [border: (1px solid #008000)] [r=9 c=2 rs=1 cs=1]
              LayoutText {#text} at (3,3) size 25x39
                text run at (3,3) width 25: "a ( ]"
                text run at (3,23) width 7 RTL: "\x{5D1}"
            LayoutTableCell {TD} at (111,385) size 45x45 [border: (1px solid #008000)] [r=9 c=3 rs=1 cs=1]
              LayoutBlockFlow {P} at (3,3) size 40x20
                LayoutText {#text} at (0,0) size 16x19
                  text run at (0,0) width 16 LTR override: "a ("
              LayoutBlockFlow {P} at (3,23) size 40x20
                LayoutText {#text} at (0,0) size 16x19
                  text run at (0,0) width 16 LTR override: "] \x{5D1}"
          LayoutTableRow {TR} at (0,430) size 156x45
            LayoutTableCell {TD} at (0,440) size 33x25 [border: (1px solid #008000)] [r=10 c=0 rs=1 cs=1]
              LayoutText {#text} at (3,3) size 16x19
                text run at (3,3) width 16: "10"
            LayoutTableCell {TD} at (33,430) size 45x45 [border: (1px solid #008000)] [r=10 c=1 rs=1 cs=1]
              LayoutText {#text} at (3,3) size 17x19
                text run at (3,3) width 8 RTL: "\x{5D0}"
                text run at (11,3) width 9: " ("
              LayoutBR {BR} at (20,18) size 0x0
              LayoutText {#text} at (3,23) size 16x19
                text run at (3,23) width 9: "] "
                text run at (12,23) width 7 RTL: "\x{5D1}"
            LayoutTableCell {TD} at (78,430) size 33x45 [border: (1px solid #008000)] [r=10 c=2 rs=1 cs=1]
              LayoutText {#text} at (3,3) size 26x39
                text run at (3,3) width 26 RTL: "\x{5D0} ( ]"
                text run at (3,23) width 7 RTL: "\x{5D1}"
            LayoutTableCell {TD} at (111,430) size 45x45 [border: (1px solid #008000)] [r=10 c=3 rs=1 cs=1]
              LayoutBlockFlow {P} at (3,3) size 40x20
                LayoutText {#text} at (0,0) size 17x19
                  text run at (0,0) width 17 LTR override: ") \x{5D0}"
              LayoutBlockFlow {P} at (3,23) size 40x20
                LayoutText {#text} at (0,0) size 16x19
                  text run at (0,0) width 16 LTR override: "\x{5D1} ["
