layer at (0,0) size 800x600
  LayoutView at (0,0) size 800x600
layer at (0,0) size 800x600
  LayoutBlockFlow {HTML} at (0,0) size 800x600
    LayoutBlockFlow {BODY} at (8,8) size 784x584
      LayoutBlockFlow (anonymous) at (0,0) size 784x40
        LayoutText {#text} at (0,0) size 751x39
          text run at (0,0) width 751: "This tests that Unicode bidi control characters are not rendered and have zero width. The next two lines should look the"
          text run at (0,20) width 36: "same."
      LayoutBlockFlow {DIV} at (0,40) size 784x40
        LayoutText {#text} at (0,0) size 14x19
          text run at (0,0) width 7: "a"
          text run at (7,0) width 7 LTR override: "\x{202D}e\x{300}"
        LayoutBR {BR} at (14,15) size 0x0
        LayoutText {#text} at (0,20) size 14x19
          text run at (0,20) width 14: "ae\x{300}"
