layer at (0,0) size 800x600
  LayoutView at (0,0) size 800x600
layer at (0,0) size 800x600
  LayoutBlockFlow {HTML} at (0,0) size 800x600
    LayoutBlockFlow {BODY} at (8,8) size 784x576
      LayoutBlockFlow {P} at (0,0) size 784x40
        LayoutText {#text} at (0,0) size 104x19
          text run at (0,0) width 104: "This is a test for "
        LayoutInline {I} at (0,0) size 760x39
          LayoutText {#text} at (104,0) size 760x39
            text run at (104,0) width 656: "http://bugzilla.opendarwin.org/show_bug.cgi?id=5980 Bidi properties of an inline container whose first"
            text run at (0,20) width 245: "child is an inline container are ignored"
        LayoutText {#text} at (244,20) size 5x19
          text run at (244,20) width 5: "."
      LayoutBlockFlow {HR} at (0,56) size 784x2 [border: (1px inset #EEEEEE)]
      LayoutBlockFlow {P} at (0,74) size 784x20
        LayoutText {#text} at (0,0) size 316x19
          text run at (0,0) width 316: "The following lines should read \x{201C}ABCDEFGHI\x{201D}:"
      LayoutBlockFlow {P} at (0,110) size 784x20
        LayoutText {#text} at (0,0) size 34x19
          text run at (0,0) width 34: "ABC"
        LayoutInline {SPAN} at (0,0) size 31x19
          LayoutText {#text} at (34,0) size 31x19
            text run at (34,0) width 31 RTL override: "FED"
        LayoutText {#text} at (65,0) size 29x19
          text run at (65,0) width 29: "GHI"
      LayoutBlockFlow {P} at (0,146) size 784x20
        LayoutText {#text} at (0,0) size 34x19
          text run at (0,0) width 34: "ABC"
        LayoutInline {SPAN} at (0,0) size 31x19
          LayoutInline {SPAN} at (0,0) size 31x19
            LayoutText {#text} at (34,0) size 31x19
              text run at (34,0) width 31 RTL override: "FED"
        LayoutText {#text} at (65,0) size 29x19
          text run at (65,0) width 29: "GHI"
      LayoutBlockFlow {P} at (0,182) size 784x20
        LayoutText {#text} at (0,0) size 34x19
          text run at (0,0) width 34: "ABC"
        LayoutInline {SPAN} at (0,0) size 31x19
          LayoutText {#text} at (56,0) size 9x19
            text run at (56,0) width 9 RTL override: "F"
          LayoutInline {SPAN} at (0,0) size 22x19
            LayoutText {#text} at (34,0) size 22x19
              text run at (34,0) width 22 RTL override: "ED"
        LayoutText {#text} at (65,0) size 29x19
          text run at (65,0) width 29: "GHI"
      LayoutBlockFlow {P} at (0,218) size 784x20
        LayoutText {#text} at (0,0) size 34x19
          text run at (0,0) width 34: "ABC"
        LayoutInline {SPAN} at (0,0) size 31x19
          LayoutText {#text} at (56,0) size 9x19
            text run at (56,0) width 9 RTL override: "F"
          LayoutInline {SPAN} at (0,0) size 10x19
            LayoutText {#text} at (46,0) size 10x19
              text run at (46,0) width 10 RTL override: "E"
          LayoutText {#text} at (34,0) size 12x19
            text run at (34,0) width 12 RTL override: "D"
        LayoutText {#text} at (65,0) size 29x19
          text run at (65,0) width 29: "GHI"
      LayoutBlockFlow {P} at (0,254) size 784x20
        LayoutText {#text} at (0,0) size 34x19
          text run at (0,0) width 34: "ABC"
        LayoutInline {SPAN} at (0,0) size 31x19
          LayoutInline {SPAN} at (0,0) size 19x19
            LayoutText {#text} at (46,0) size 19x19
              text run at (46,0) width 19 RTL override: "FE"
          LayoutText {#text} at (34,0) size 12x19
            text run at (34,0) width 12 RTL override: "D"
        LayoutText {#text} at (65,0) size 29x19
          text run at (65,0) width 29: "GHI"
      LayoutBlockFlow {P} at (0,290) size 784x20
        LayoutInline {SPAN} at (0,0) size 94x19
          LayoutText {#text} at (0,0) size 94x19
            text run at (0,0) width 94 RTL override: "IHGFEDCBA"
        LayoutText {#text} at (0,0) size 0x0
      LayoutBlockFlow {P} at (0,326) size 784x20
        LayoutInline {SPAN} at (0,0) size 94x19
          LayoutText {#text} at (0,0) size 94x19
            text run at (0,0) width 94 RTL override: "IHGFEDCBA"
        LayoutText {#text} at (0,0) size 0x0
      LayoutBlockFlow {HR} at (0,362) size 784x2 [border: (1px inset #EEEEEE)]
      LayoutBlockFlow (anonymous) at (0,372) size 784x20
        LayoutText {#text} at (0,0) size 249x19
          text run at (0,0) width 249: "The following lines should be identical:"
      LayoutBlockFlow {P} at (0,408) size 784x20
        LayoutText {#text} at (0,0) size 49x19
          text run at (0,0) width 19 RTL: "\x{5D3}\x{5D4}\x{5D5}"
          text run at (19,0) width 10: "(["
          text run at (29,0) width 20 RTL: "\x{202C}\x{5D0}\x{5D1}\x{5D2}"
          text run at (49,0) width 0: "\x{202A}"
      LayoutBlockFlow {P} at (0,444) size 784x20
        LayoutText {#text} at (0,0) size 29x19
          text run at (0,0) width 19 RTL: "\x{5D3}\x{5D4}\x{5D5}"
          text run at (19,0) width 10: "(["
        LayoutInline {SPAN} at (0,0) size 0x19
        LayoutText {#text} at (29,0) size 20x19
          text run at (29,0) width 20 RTL: "\x{5D0}\x{5D1}\x{5D2}"
      LayoutBlockFlow {P} at (0,480) size 784x20
        LayoutText {#text} at (0,0) size 29x19
          text run at (0,0) width 19 RTL: "\x{5D3}\x{5D4}\x{5D5}"
          text run at (19,0) width 10: "(["
        LayoutInline {SPAN} at (0,0) size 0x19
          LayoutInline {SPAN} at (0,0) size 0x19
        LayoutText {#text} at (29,0) size 20x19
          text run at (29,0) width 20 RTL: "\x{5D0}\x{5D1}\x{5D2}"
      LayoutBlockFlow {P} at (0,516) size 784x20
        LayoutText {#text} at (0,0) size 29x19
          text run at (0,0) width 19 RTL: "\x{5D3}\x{5D4}\x{5D5}"
          text run at (19,0) width 10: "(["
        LayoutInline {SPAN} at (0,0) size 20x19
          LayoutInline {SPAN} at (0,0) size 0x19
        LayoutText {#text} at (29,0) size 20x19
          text run at (29,0) width 20 RTL: "\x{5D0}\x{5D1}\x{5D2}"
