layer at (0,0) size 800x600
  LayoutView at (0,0) size 800x600
layer at (0,0) size 800x600
  LayoutBlockFlow {HTML} at (0,0) size 800x600
    LayoutBlockFlow {BODY} at (8,8) size 784x584
      LayoutBlockFlow {P} at (0,0) size 784x20
        LayoutText {#text} at (0,0) size 52x19
          text run at (0,0) width 52: "Test for "
        LayoutInline {I} at (0,0) size 395x19
          LayoutInline {A} at (0,0) size 154x19 [color=#0000EE]
            LayoutText {#text} at (51,0) size 154x19
              text run at (51,0) width 154: "rdar://problem/6020930"
          LayoutText {#text} at (204,0) size 242x19
            text run at (204,0) width 242: " Bidi Problem When Resizing Window"
        LayoutText {#text} at (445,0) size 5x19
          text run at (445,0) width 5: "."
      LayoutBlockFlow {P} at (0,36) size 784x20
        LayoutText {#text} at (0,0) size 320x19
          text run at (0,0) width 320: "The boxes below should be identical to each other."
      LayoutBlockFlow {DIV} at (0,72) size 90x50 [border: (1px solid #0000FF)]
        LayoutText {#text} at (5,5) size 59x39
          text run at (5,5) width 55 RTL: "\x{627}\x{644}\x{645}\x{627}\x{626}\x{629} \x{645}\x{644}\x{64A}\x{627}\x{631}"
          text run at (60,5) width 4: " "
          text run at (5,25) width 18 RTL: " \x{645}\x{646}"
          text run at (23,25) width 40: "12345"
      LayoutBlockFlow {DIV} at (0,122) size 90x50 [border: (1px solid #0000FF)]
        LayoutText {#text} at (5,5) size 58x39
          text run at (5,5) width 55 RTL: "\x{627}\x{644}\x{645}\x{627}\x{626}\x{629} \x{645}\x{644}\x{64A}\x{627}\x{631}"
          text run at (5,25) width 18 RTL: " \x{645}\x{646}"
          text run at (23,25) width 40: "12345"
