layer at (0,0) size 800x600
  LayoutView at (0,0) size 800x600
layer at (0,0) size 800x600
  LayoutBlockFlow {HTML} at (0,0) size 800x600
    LayoutBlockFlow {BODY} at (8,8) size 784x576
      LayoutBlockFlow {P} at (0,0) size 784x40
        LayoutText {#text} at (0,0) size 777x39
          text run at (0,0) width 345: "This test verifies we can render bold Bengali properly. "
          text run at (344,0) width 433: "(This is complicated on Linux because it's typically covered by fake-"
          text run at (0,20) width 433: "bolded FreeSans even though there's also a FreeSansBold available.)"
      LayoutBlockFlow {P} at (0,56) size 784x20
        LayoutText {#text} at (0,0) size 738x19
          text run at (0,0) width 478: "The test passes if the two words below look similar, but the top one is bold. "
          text run at (477,0) width 261: "There should be no missing-glyph boxes."
      LayoutBlockFlow {P} at (0,92) size 784x27
        LayoutInline {B} at (0,0) size 35x19
          LayoutText {#text} at (0,5) size 35x19
            text run at (0,5) width 35: "\x{9AC}\x{9BE}\x{982}\x{9B2}\x{9BE}"
      LayoutBlockFlow {P} at (0,135) size 784x0
      LayoutBlockFlow {P} at (0,135) size 784x27
        LayoutText {#text} at (0,5) size 35x19
          text run at (0,5) width 35: "\x{9AC}\x{9BE}\x{982}\x{9B2}\x{9BE}"
