layer at (0,0) size 800x600
  LayoutView at (0,0) size 800x600
layer at (0,0) size 800x600
  LayoutBlockFlow {HTML} at (0,0) size 800x600
    LayoutBlockFlow {BODY} at (8,8) size 784x576
      LayoutBlockFlow {P} at (0,0) size 784x20
        LayoutText {#text} at (0,0) size 52x19
          text run at (0,0) width 52: "Test for "
        LayoutInline {A} at (0,0) size 69x19 [color=#0000EE]
          LayoutText {#text} at (51,0) size 69x19
            text run at (51,0) width 69: "bug 25464"
        LayoutText {#text} at (119,0) size 385x19
          text run at (119,0) width 385: ": Test for rendering of Danda (U+0964) followed by a space."
      LayoutBlockFlow {P} at (0,36) size 784x33
        LayoutText {#text} at (0,6) size 299x19
          text run at (0,6) width 299: "\x{A39}\x{A41}\x{A70}\x{A26}\x{A40} \x{A39}\x{A48}\x{964} \x{A07}\x{A38} \x{A32}\x{A3F}\x{A2A}\x{A40} \x{A26}\x{A47} \x{A35}\x{A3F}\x{A1A} \x{A69}\x{A6B} (35) \x{A05}\x{A71}\x{A16}\x{A30} \x{A39}\x{A41}\x{A70}\x{A26}\x{A47} \x{A39}\x{A28}\x{964}"
