layer at (0,0) size 800x600
  LayoutView at (0,0) size 800x600
layer at (0,0) size 800x600
  LayoutBlockFlow {HTML} at (0,0) size 800x600
    LayoutBlockFlow {BODY} at (8,8) size 784x584
      LayoutBlockFlow {P} at (0,0) size 784x20
        LayoutText {#text} at (0,0) size 274x19
          text run at (0,0) width 274: "This test covers Hebrew vowel positioning."
      LayoutBlockFlow {HR} at (0,36) size 784x2 [border: (1px inset #EEEEEE)]
      LayoutBlockFlow {P} at (0,54) size 784x20
        LayoutText {#text} at (0,0) size 458x19
          text run at (0,0) width 458: "The vowel (two vertical dots) should be centered beneath the main letter."
      LayoutBlockFlow {DIV} at (0,90) size 784x93
        LayoutText {#text} at (49,1) size 58x90
          text run at (49,1) width 58 RTL: "\x{5E1}\x{5B0} "
        LayoutText {#text} at (0,1) size 49x90
          text run at (0,1) width 49 RTL: "\x{5E9}\x{5B0}"
        LayoutText {#text} at (0,0) size 0x0
      LayoutBlockFlow {HR} at (0,191) size 784x2 [border: (1px inset #EEEEEE)]
      LayoutBlockFlow {P} at (0,209) size 784x20
        LayoutText {#text} at (0,0) size 637x19
          text run at (0,0) width 637: "The dot should be positioned on the right side of the first letter, and on the left side of the second one."
      LayoutBlockFlow {DIV} at (0,245) size 784x186
        LayoutText {#text} at (0,1) size 49x90
          text run at (0,1) width 49 RTL: "\x{5E9}\x{5C1}"
        LayoutBR {BR} at (49,72) size 0x0
        LayoutText {#text} at (0,94) size 49x90
          text run at (0,94) width 49 RTL: "\x{5E9}\x{5C2}"
        LayoutText {#text} at (0,0) size 0x0
