layer at (0,0) size 800x600
  LayoutView at (0,0) size 800x600
layer at (0,0) size 800x600
  LayoutBlockFlow {HTML} at (0,0) size 800x600
    LayoutBlockFlow {BODY} at (8,8) size 784x584
      LayoutText {#text} at (0,0) size 777x39
        text run at (0,0) width 777: "This tests the width of a breaking space after a Hindi character to ensure that it's measured properly and enough space is left"
        text run at (0,20) width 752: "for it. Neither the Hindi on the button below nor the same text on two lines below that should be truncated at either end."
      LayoutBR {BR} at (752,35) size 0x0
      LayoutButton {INPUT} at (0,40) size 116x29 [bgcolor=#C0C0C0] [border: (2px outset #C0C0C0)]
        LayoutBlockFlow (anonymous) at (8,3) size 100x23
          LayoutText {#text} at (0,1) size 100x16
            text run at (0,1) width 100: "\x{915}\x{93F}\x{938}\x{940} \x{92D}\x{940} \x{924}\x{930}\x{939} \x{906}\x{917}\x{947} \x{92C}"
      LayoutBR {BR} at (116,57) size 0x0
      LayoutInline {SPAN} at (0,0) size 118x19
        LayoutText {#text} at (0,72) size 118x19
          text run at (0,72) width 118: "\x{915}\x{93F}\x{938}\x{940} \x{92D}\x{940} \x{924}\x{930}\x{939} \x{906}\x{917}\x{947} \x{92C}"
      LayoutText {#text} at (118,72) size 25x19
        text run at (118,72) width 25: "Foo"
      LayoutBR {BR} at (143,87) size 0x0
      LayoutInline {SPAN} at (0,0) size 118x19
        LayoutText {#text} at (0,100) size 118x19
          text run at (0,100) width 118: "\x{915}\x{93F}\x{938}\x{940} \x{92D}\x{940} \x{924}\x{930}\x{939} \x{906}\x{917}\x{947} \x{92C}"
      LayoutText {#text} at (118,100) size 25x19
        text run at (118,100) width 25: "Foo"
      LayoutBR {BR} at (143,115) size 0x0
