layer at (0,0) size 800x600
  LayoutView at (0,0) size 800x600
layer at (0,0) size 800x600
  LayoutBlockFlow {HTML} at (0,0) size 800x600
    LayoutBlockFlow {BODY} at (8,8) size 784x576
      LayoutBlockFlow {P} at (0,0) size 784x40
        LayoutText {#text} at (0,0) size 762x39
          text run at (0,0) width 762: "This HTML tests if the 'while-space' property controls the behavors of line-break characters (U+000A and U+000D) in a"
          text run at (0,20) width 135: "complex text (Hindi)."
      LayoutBlockFlow {P} at (0,56) size 784x48
        LayoutText {#text} at (0,3) size 714x44
          text run at (0,3) width 714: "If this test succeeds, you can see this Hindi word \"\x{935}\x{93F}\x{937}\x{92F}\x{94B}\x{902}\" repeated three times separated by a space in the first two"
          text run at (0,28) width 491: "paragraphs. In the third paragraphs, it'll be shown three times in separate lines."
      LayoutBlockFlow {P} at (0,120) size 784x28
        LayoutText {#text} at (0,3) size 119x19
          text run at (0,3) width 119: "1. \x{935}\x{93F}\x{937}\x{92F}\x{94B}\x{902} \x{935}\x{93F}\x{937}\x{92F}\x{94B}\x{902}\x{D}\x{935}\x{93F}\x{937}\x{92F}\x{94B}\x{902}"
      LayoutBlockFlow {P} at (0,164) size 784x28
        LayoutText {#text} at (0,3) size 119x19
          text run at (0,3) width 119: "2. \x{935}\x{93F}\x{937}\x{92F}\x{94B}\x{902} \x{935}\x{93F}\x{937}\x{92F}\x{94B}\x{902}\x{D}\x{935}\x{93F}\x{937}\x{92F}\x{94B}\x{902}"
      LayoutBlockFlow {P} at (0,208) size 784x76
        LayoutText {#text} at (0,0) size 66x70
          text run at (0,0) width 12: "3."
          text run at (12,0) width 0: " "
          text run at (0,23) width 33: "\x{935}\x{93F}\x{937}\x{92F}\x{94B}\x{902}"
          text run at (33,23) width 0: " "
          text run at (0,51) width 66: "\x{935}\x{93F}\x{937}\x{92F}\x{94B}\x{902}\x{D}\x{935}\x{93F}\x{937}\x{92F}\x{94B}\x{902}"
