layer at (0,0) size 800x600
  LayoutView at (0,0) size 800x600
layer at (0,0) size 800x600
  LayoutBlockFlow {HTML} at (0,0) size 800x600
    LayoutBlockFlow {BODY} at (8,8) size 784x584
      LayoutBlockFlow {P} at (0,0) size 784x40
        LayoutText {#text} at (0,0) size 104x19
          text run at (0,0) width 104: "This is a test for "
        LayoutInline {I} at (0,0) size 748x39
          LayoutInline {A} at (0,0) size 348x19 [color=#0000EE]
            LayoutText {#text} at (104,0) size 348x19
              text run at (104,0) width 348: "http://bugzilla.opendarwin.org/show_bug.cgi?id=9670"
          LayoutText {#text} at (451,0) size 748x39
            text run at (451,0) width 5: " "
            text run at (455,0) width 293: "http://bugzilla.opendarwin.org/show_bug.cgi?"
            text run at (0,20) width 55: "id=9670"
        LayoutText {#text} at (55,20) size 4x19
          text run at (55,20) width 4: "."
      LayoutBlockFlow {P} at (0,56) size 784x20
        LayoutText {#text} at (0,0) size 542x19
          text run at (0,0) width 542: "All text should be aligned with the right edge of its container and should not overflow."
      LayoutBlockFlow {HR} at (0,92) size 784x2 [border: (1px inset #EEEEEE)]
      LayoutBlockFlow {DIV} at (0,102) size 191x28 [bgcolor=#FFFF00]
        LayoutText {#text} at (0,0) size 191x27
          text run at (0,0) width 191 RTL: "\x{5D0}\x{5DB}\x{5DC}\x{5EA} \x{5E4}\x{5DC}\x{5E4}\x{5DC}? \x{5E9}\x{5EA}\x{5D4} \x{5DE}\x{5D9}\x{5E5}!"
      LayoutBlockFlow (anonymous) at (0,130) size 784x85
        LayoutBR {BR} at (0,0) size 0x19
        LayoutText {#text} at (199,65) size 4x19
          text run at (199,65) width 4: " "
        LayoutBR {BR} at (0,0) size 0x0
      LayoutBlockFlow {DIV} at (0,215) size 191x28 [bgcolor=#FFFF00]
        LayoutText {#text} at (0,0) size 191x27
          text run at (0,0) width 191 RTL: "\x{5D0}\x{5DB}\x{5DC}\x{5EA} \x{5E4}\x{5DC}\x{5E4}\x{5DC}? \x{5E9}\x{5EA}\x{5D4} \x{5DE}\x{5D9}\x{5E5}!"
layer at (8,158) size 199x60 clip at (9,159) size 197x58
  LayoutTextControl {TEXTAREA} at (0,20) size 199x60 [bgcolor=#FFFFFF] [border: (1px solid #A9A9A9)]
    LayoutBlockFlow {DIV} at (3,3) size 195x28
      LayoutText {#text} at (4,0) size 191x27
        text run at (4,0) width 191 RTL: "\x{5D0}\x{5DB}\x{5DC}\x{5EA} \x{5E4}\x{5DC}\x{5E4}\x{5DC}? \x{5E9}\x{5EA}\x{5D4} \x{5DE}\x{5D9}\x{5E5}!"
