layer at (0,0) size 800x600
  LayoutView at (0,0) size 800x600
layer at (0,0) size 800x64
  LayoutBlockFlow {HTML} at (0,0) size 800x64
    LayoutBlockFlow {BODY} at (8,8) size 784x40
      LayoutBlockFlow {P} at (0,20) size 784x20
        LayoutText {#text} at (0,0) size 457x19
          text run at (0,0) width 457: "The line above should have the letter 'a' to the right of the pipe character."
layer at (792,8) size 0x20
  LayoutBlockFlow (floating) {DIV} at (784,0) size 0x20
    LayoutText {#text} at (0,0) size 0x19
      text run at (0,0) width 0 RTL: "| "
    LayoutText {#text} at (0,0) size 0x19
      text run at (0,0) width 0: "a"
