layer at (0,0) size 800x600
  LayoutView at (0,0) size 800x600
layer at (0,0) size 800x538
  LayoutBlockFlow {HTML} at (0,0) size 800x538
    LayoutBlockFlow {BODY} at (8,16) size 784x514
      LayoutBlockFlow {P} at (0,0) size 784x20
        LayoutText {#text} at (0,0) size 110x19
          text run at (0,0) width 110: "Simple text path: "
        LayoutInline {SPAN} at (0,0) size 163x19
          LayoutText {#text} at (110,0) size 163x19
            text run at (110,0) width 163: "string\x{300C}\x{3042}\x{3001}\x{5909}\x{3063}\x{FF01}\x{300D}\x{3002}"
      LayoutBlockFlow (anonymous) at (0,36) size 784x208
        LayoutBlockFlow {SPAN} at (0,0) size 20x163
          LayoutText {#text} at (0,0) size 19x163
            text run at (0,0) width 163: "string\x{300C}\x{3042}\x{3001}\x{5909}\x{3063}\x{FF01}\x{300D}\x{3002}"
        LayoutBR {BR} at (20,148) size 0x19
        LayoutInline {SPAN} at (0,0) size 224x19
          LayoutText {#text} at (0,168) size 224x19
            text run at (0,168) width 224: "\x{90CA}\x{5916}\x{306E}\x{304E}\x{3089}\x{304E}\x{3089}\x{3072}\x{304B}\x{308B}\x{8349}\x{306E}\x{6CE2}\x{3002}"
        LayoutBR {BR} at (224,168) size 0x19
        LayoutInline {SPAN} at (0,0) size 314x19
          LayoutText {#text} at (0,188) size 314x19
            text run at (0,188) width 314: "ABCDEFGHIJKLM abcdefghijklm 1234567890"
        LayoutBR {BR} at (314,188) size 0x19
      LayoutBlockFlow {HR} at (0,252) size 784x2 [border: (1px inset #EEEEEE)]
      LayoutBlockFlow {P} at (0,270) size 784x20
        LayoutText {#text} at (0,0) size 124x19
          text run at (0,0) width 124: "Complex text path: "
        LayoutInline {SPAN} at (0,0) size 163x19
          LayoutText {#text} at (124,0) size 163x19
            text run at (124,0) width 163: "string\x{300C}\x{3042}\x{3001}\x{5909}\x{3063}\x{FF01}\x{300D}\x{3002}"
      LayoutBlockFlow (anonymous) at (0,306) size 784x208
        LayoutBlockFlow {SPAN} at (0,0) size 20x163
          LayoutText {#text} at (0,0) size 19x163
            text run at (0,0) width 163: "string\x{300C}\x{3042}\x{3001}\x{5909}\x{3063}\x{FF01}\x{300D}\x{3002}"
        LayoutBR {BR} at (20,148) size 0x19
        LayoutInline {SPAN} at (0,0) size 224x19
          LayoutText {#text} at (0,168) size 224x19
            text run at (0,168) width 224: "\x{90CA}\x{5916}\x{306E}\x{304E}\x{3089}\x{304E}\x{3089}\x{3072}\x{304B}\x{308B}\x{8349}\x{306E}\x{6CE2}\x{3002}"
        LayoutBR {BR} at (224,168) size 0x19
        LayoutInline {SPAN} at (0,0) size 314x19
          LayoutText {#text} at (0,188) size 314x19
            text run at (0,188) width 314: "ABCDEFGHIJKLM abcdefghijklm 1234567890"
        LayoutBR {BR} at (314,188) size 0x19
