layer at (0,0) size 800x600
  LayoutView at (0,0) size 800x600
layer at (0,0) size 800x356
  LayoutBlockFlow {HTML} at (0,0) size 800x356
    LayoutBlockFlow {BODY} at (8,8) size 784x340
      LayoutBlockFlow {DIV} at (0,0) size 784x340
        LayoutBlockFlow (anonymous) at (0,0) size 784x40
          LayoutText {#text} at (0,0) size 760x39
            text run at (0,0) width 760: "In all four cases below, the exclamation mark should be on the left side of the first line and on the right side of the second"
            text run at (0,20) width 27: "line."
        LayoutBlockFlow {DIV} at (0,40) size 784x300
          LayoutBR {BR} at (421,55) size 0x19
          LayoutBR {BR} at (421,130) size 0x19
          LayoutBR {BR} at (421,205) size 0x19
          LayoutText {#text} at (0,0) size 0x0
layer at (8,48) size 421x70 clip at (9,49) size 419x68
  LayoutTextControl {TEXTAREA} at (0,0) size 421x70 [bgcolor=#FFFFFF] [border: (1px solid #A9A9A9)]
    LayoutBlockFlow {DIV} at (3,3) size 415x48
      LayoutText {#text} at (375,0) size 415x32
        text run at (375,0) width 0 RTL: " "
        text run at (375,0) width 40 RTL: "\x{5E9}\x{5DC}\x{5D5}\x{5DD}!"
        text run at (0,16) width 48: "hello!"
        text run at (48,16) width 0: " "
      LayoutBR {BR} at (0,32) size 0x16
layer at (8,123) size 421x70 clip at (9,124) size 419x68
  LayoutTextControl {TEXTAREA} at (0,75) size 421x70 [bgcolor=#FFFFFF] [border: (1px solid #A9A9A9)]
    LayoutBlockFlow {DIV} at (3,3) size 415x48
      LayoutText {#text} at (375,0) size 415x32
        text run at (375,0) width 0 RTL: " "
        text run at (375,0) width 40 RTL: "\x{5E9}\x{5DC}\x{5D5}\x{5DD}!"
        text run at (0,16) width 48: "hello!"
        text run at (48,16) width 0: " "
      LayoutBR {BR} at (0,32) size 0x16
layer at (8,198) size 421x70 clip at (9,199) size 419x68
  LayoutTextControl {TEXTAREA} at (0,150) size 421x70 [bgcolor=#FFFFFF] [border: (1px solid #A9A9A9)]
    LayoutBlockFlow {DIV} at (3,3) size 415x48
      LayoutText {#text} at (375,0) size 415x32
        text run at (375,0) width 0 RTL: " "
        text run at (375,0) width 40 RTL: "\x{5E9}\x{5DC}\x{5D5}\x{5DD}!"
        text run at (0,16) width 48: "hello!"
        text run at (48,16) width 0: " "
      LayoutBR {BR} at (0,32) size 0x16
layer at (8,273) size 421x70 clip at (9,274) size 419x68
  LayoutTextControl {TEXTAREA} at (0,225) size 421x70 [bgcolor=#FFFFFF] [border: (1px solid #A9A9A9)]
    LayoutBlockFlow {DIV} at (3,3) size 415x48
      LayoutText {#text} at (375,0) size 415x32
        text run at (375,0) width 0 RTL: " "
        text run at (375,0) width 40 RTL: "\x{5E9}\x{5DC}\x{5D5}\x{5DD}!"
        text run at (0,16) width 48: "hello!"
        text run at (48,16) width 0: " "
      LayoutBR {BR} at (0,32) size 0x16
