layer at (0,0) size 800x600
  LayoutView at (0,0) size 800x600
layer at (0,0) size 800x600
  LayoutBlockFlow {HTML} at (0,0) size 800x599.97
    LayoutBlockFlow {BODY} at (8,21.33) size 784x570.64
      LayoutBlockFlow {P} at (0,0) size 784x24
        LayoutText {#text} at (0,0) size 139x23
          text run at (0,0) width 139: "Simple text path"
      LayoutBlockFlow (anonymous) at (0,45.33) size 784x223
        LayoutBlockFlow {SPAN} at (0,0) size 24x217
          LayoutText {#text} at (0,0) size 23x217
            text run at (0,0) width 217: "string\x{300C}\x{3042}\x{3001}\x{5909}\x{3063}\x{FF01}\x{300D}\x{3002}"
        LayoutText {#text} at (0,0) size 0x0
      LayoutBlockFlow {HR} at (0,278.98) size 784x2 [border: (1px inset #EEEEEE)]
      LayoutBlockFlow {P} at (0,302.31) size 784x24
        LayoutText {#text} at (0,0) size 157x23
          text run at (0,0) width 157: "Complex text path"
      LayoutBlockFlow (anonymous) at (0,347.64) size 784x223
        LayoutBlockFlow {SPAN} at (0,0) size 24x217
          LayoutText {#text} at (0,0) size 23x217
            text run at (0,0) width 217: "string\x{300C}\x{3042}\x{3001}\x{5909}\x{3063}\x{FF01}\x{300D}\x{3002}"
        LayoutText {#text} at (0,0) size 0x0
