layer at (0,0) size 800x600
  LayoutView at (0,0) size 800x600
layer at (0,0) size 800x163
  LayoutBlockFlow {HTML} at (0,0) size 800x163
    LayoutBlockFlow {BODY} at (8,8) size 784x147
      LayoutBlockFlow {INPUT} at (4,4) size 12x13
      LayoutText {#text} at (20,1) size 4x18
        text run at (20,1) width 4: " "
      LayoutBlockFlow {INPUT} at (28,4) size 12x13
      LayoutText {#text} at (44,1) size 4x18
        text run at (44,1) width 4: " "
      LayoutBlockFlow {INPUT} at (52,4) size 12x13
      LayoutText {#text} at (68,1) size 4x18
        text run at (68,1) width 4: " "
      LayoutBR {BR} at (72,1) size 0x18
      LayoutBlockFlow {INPUT} at (4,25) size 12x13
      LayoutText {#text} at (20,22) size 4x18
        text run at (20,22) width 4: " "
      LayoutBlockFlow {INPUT} at (28,25) size 12x13
      LayoutText {#text} at (44,22) size 4x18
        text run at (44,22) width 4: " "
      LayoutBR {BR} at (48,22) size 0x18
      LayoutBlockFlow {INPUT} at (4,46) size 12x13
      LayoutText {#text} at (20,43) size 4x18
        text run at (20,43) width 4: " "
      LayoutBR {BR} at (24,43) size 0x18
      LayoutBlockFlow {INPUT} at (4,67) size 12x13
      LayoutText {#text} at (20,64) size 4x18
        text run at (20,64) width 4: " "
      LayoutBR {BR} at (24,64) size 0x18
      LayoutBlockFlow {INPUT} at (4,88) size 8x13
      LayoutText {#text} at (16,85) size 4x18
        text run at (16,85) width 4: " "
      LayoutBlockFlow {INPUT} at (24,88) size 16x13
      LayoutText {#text} at (44,85) size 4x18
        text run at (44,85) width 4: " "
      LayoutBlockFlow {INPUT} at (52,88) size 24x13
      LayoutText {#text} at (80,85) size 4x18
        text run at (80,85) width 4: " "
      LayoutBR {BR} at (84,85) size 0x18
      LayoutBlockFlow {INPUT} at (6,119) size 19x19
      LayoutText {#text} at (31,121) size 4x18
        text run at (31,121) width 4: " "
      LayoutBlockFlow {INPUT} at (43,113) size 26x26
      LayoutText {#text} at (77,121) size 4x18
        text run at (77,121) width 4: " "
      LayoutBR {BR} at (81,121) size 0x18
