layer at (0,0) size 800x600
  LayoutView at (0,0) size 800x600
layer at (0,0) size 800x600
  LayoutBlockFlow {HTML} at (0,0) size 800x600
    LayoutBlockFlow {BODY} at (8,8) size 784x584
      LayoutBlockFlow (floating) {DIV} at (0,1) size 100x100 [bgcolor=#008000]
        LayoutInline {A} at (0,0) size 27x18 [color=#0000EE]
          LayoutText {#text} at (0,0) size 27x18
            text run at (0,0) width 27: "Test"
      LayoutText {#text} at (100,0) size 36x18
        text run at (100,0) width 36: "Hello"
