layer at (0,0) size 800x600
  LayoutView at (0,0) size 800x600
layer at (0,0) size 800x600
  LayoutBlockFlow {HTML} at (0,0) size 800x600
    LayoutBlockFlow {BODY} at (8,8) size 784x576
      LayoutBlockFlow (floating) {DIV} at (664,0) size 120x200 [bgcolor=#FF0000]
      LayoutBlockFlow {OL} at (0,0) size 784x0
      LayoutBlockFlow {P} at (0,0) size 784x54
        LayoutText {#text} at (0,0) size 632x54
          text run at (0,0) width 632: "Capitalise on low hanging fruit to identify a ballpark value added activity to beta test. Override the"
          text run at (0,18) width 618: "digital divide with additional clickthroughs from DevOps. Nanotechnology immersion along the"
          text run at (0,36) width 503: "information highway will close the loop on focusing solely on the bottom line."
