layer at (0,0) size 800x600
  LayoutView at (0,0) size 800x600
layer at (0,0) size 800x600
  LayoutBlockFlow {HTML} at (0,0) size 800x600
    LayoutBlockFlow {BODY} at (8,8) size 784x584
      LayoutBlockFlow (floating) {DIV} at (0,8) size 402x20 [border: (1px solid #000000)]
        LayoutText {#text} at (1,1) size 178x18
          text run at (1,1) width 178: "this div disappears in Safari"
