layer at (0,0) size 800x600
  LayoutView at (0,0) size 800x600
layer at (0,0) size 800x600
  LayoutBlockFlow {HTML} at (0,0) size 800x600
    LayoutBlockFlow {BODY} at (8,8) size 784x584
      LayoutTable {TABLE} at (0,0) size 579x30
        LayoutTableSection {TBODY} at (0,0) size 579x30
          LayoutTableRow {TR} at (0,2) size 579x26
            LayoutTableCell {TD} at (2,2) size 271x26 [r=0 c=0 rs=1 cs=1]
              LayoutTable (floating) {TABLE} at (1,1) size 269x24
                LayoutTableSection {TBODY} at (0,0) size 269x24
                  LayoutTableRow {TR} at (0,2) size 269x20
                    LayoutTableCell {TD} at (2,2) size 265x20 [r=0 c=0 rs=1 cs=1]
                      LayoutText {#text} at (1,1) size 263x18
                        text run at (1,1) width 263: "Look at me contributing some minwidth."
            LayoutTableCell {TD} at (275,14) size 302x2 [bgcolor=#FF0000] [r=0 c=1 rs=1 cs=1]
