layer at (0,0) size 800x600
  LayoutView at (0,0) size 800x600
layer at (0,0) size 800x600
  LayoutBlockFlow {HTML} at (0,0) size 800x600
    LayoutBlockFlow {BODY} at (8,8) size 784x584
      LayoutBlockFlow (floating) {DIV} at (0,0) size 316.89x22 [border: (2px solid #FF0000)]
        LayoutInline {SPAN} at (0,0) size 313x18 [border: none (50px solid #0000FF) none (50px solid #0000FF)]
          LayoutText {#text} at (102,2) size 113x18
            text run at (102,2) width 113: "This is some text."
      LayoutBlockFlow {P} at (0,0) size 784x0
      LayoutBlockFlow (floating) {DIV} at (694.91,0) size 89.09x40 [border: (2px solid #FF0000)]
        LayoutInline {SPAN} at (0,0) size 86x36 [border: none (10px solid #008000) none (10px solid #008000)]
          LayoutText {#text} at (12,2) size 76x36
            text run at (12,2) width 58: "First line"
            text run at (69,2) width 1: " "
            text run at (2,20) width 76: "Second line"
