layer at (0,0) size 800x600
  LayoutView at (0,0) size 800x600
layer at (0,0) size 800x148
  LayoutBlockFlow {HTML} at (0,0) size 800x148
    LayoutBlockFlow {BODY} at (8,8) size 784x124
      LayoutBlockFlow {DIV} at (0,0) size 784x124
        LayoutBlockFlow {DIV} at (0,0) size 784x2
        LayoutBlockFlow (floating) {DIV} at (0,2) size 60x45
          LayoutImage {IMG} at (0,0) size 60x45
        LayoutBlockFlow {UL} at (15,47) size 769x77 [bgcolor=#FF0000]
          LayoutListItem {LI} at (0,8) size 769x18
            LayoutListMarker (anonymous) at (-17,0) size 7x18: bullet
            LayoutText {#text} at (0,0) size 127x18
              text run at (0,0) width 127: "Classroom Training"
          LayoutListItem {LI} at (0,42) size 769x18
            LayoutListMarker (anonymous) at (-17,0) size 7x18: bullet
            LayoutText {#text} at (0,0) size 80x18
              text run at (0,0) width 80: "Find a Class"
