layer at (0,0) size 800x600
  LayoutView at (0,0) size 800x600
layer at (0,0) size 800x600
  LayoutBlockFlow {HTML} at (0,0) size 800x600
    LayoutBlockFlow {BODY} at (8,8) size 784x584
      LayoutText {#text} at (0,0) size 346x18
        text run at (0,0) width 346: "The two black rectangles below should look identical."
      LayoutText {#text} at (0,0) size 0x0
      LayoutText {#text} at (0,0) size 0x0
layer at (8,50) size 204x54
  LayoutBlockFlow (positioned) {DIV} at (8,50) size 204x54 [border: (2px solid #000000)]
    LayoutBlockFlow (floating) {DIV} at (2,2) size 50x50 [bgcolor=#008000]
    LayoutBlockFlow {DIV} at (152,2) size 50x50 [bgcolor=#008000]
layer at (8,116) size 204x54
  LayoutBlockFlow (positioned) {DIV} at (8,116) size 204x54 [border: (2px solid #000000)]
layer at (10,118) size 50x50
  LayoutBlockFlow (positioned) {DIV} at (2,2) size 50x50 [bgcolor=#008000]
layer at (160,118) size 50x50
  LayoutBlockFlow (positioned) {DIV} at (152,2) size 50x50 [bgcolor=#008000]
