layer at (0,0) size 800x600
  LayoutView at (0,0) size 800x600
layer at (0,0) size 800x600
  LayoutBlockFlow {HTML} at (0,0) size 800x600
    LayoutBlockFlow {BODY} at (8,8) size 784x576
      LayoutBlockFlow {P} at (0,0) size 784x18
        LayoutText {#text} at (0,0) size 578x18
          text run at (0,0) width 340: "You should see a single 100x100 green block below. "
          text run at (339,0) width 239: "If you see any red, the test has failed."
      LayoutBlockFlow {UL} at (0,34) size 784x0
        LayoutBlockFlow (floating) {LI} at (100,0) size 100x100 [bgcolor=#FF0000]
layer at (108,42) size 100x100
  LayoutBlockFlow (relative positioned) (floating) {LI} at (0,0) size 100x100 [bgcolor=#008000]
