layer at (0,0) size 800x600 clip at (0,0) size 785x600 scrollHeight 1432
  LayoutView at (0,0) size 800x600
layer at (0,0) size 785x1432 backgroundClip at (0,0) size 785x600 clip at (0,0) size 785x600
  LayoutBlockFlow {HTML} at (0,0) size 785x1432
    LayoutBlockFlow {BODY} at (8,8) size 769x1416
      LayoutBlockFlow {DIV} at (0,0) size 769x200
        LayoutBlockFlow (floating) {DIV} at (0,0) size 200x200 [bgcolor=#FF0000]
        LayoutTable {TABLE} at (200,0) size 569x46 [border: (2px solid #008000)]
          LayoutTableSection {TBODY} at (2,2) size 565x42
            LayoutTableRow {TR} at (0,2) size 565x38
              LayoutTableCell {TD} at (2,2) size 561x38 [r=0 c=0 rs=1 cs=1]
                LayoutText {#text} at (1,1) size 519x36
                  text run at (1,1) width 519: "This is a table. It should sit on the same line as the float and wrap as needed to fit"
                  text run at (1,19) width 206: "within the remaining line width."
      LayoutBlockFlow {DIV} at (0,200) size 769x200
        LayoutBlockFlow (floating) {DIV} at (0,0) size 200x200 [bgcolor=#FF0000]
      LayoutBlockFlow {DIV} at (0,408) size 769x200
        LayoutBlockFlow (floating) {DIV} at (0,0) size 200x200 [bgcolor=#FF0000]
        LayoutBlockFlow {HR} at (200,0) size 569x2 [border: (1px inset #EEEEEE)]
      LayoutBlockFlow {DIV} at (0,608) size 769x200
        LayoutBlockFlow (floating) {DIV} at (0,0) size 200x200 [bgcolor=#FF0000]
        LayoutTable {TABLE} at (200,0) size 384x46 [border: (2px solid #008000)]
          LayoutTableSection {TBODY} at (2,2) size 380x42
            LayoutTableRow {TR} at (0,2) size 380x38
              LayoutTableCell {TD} at (2,2) size 376x38 [r=0 c=0 rs=1 cs=1]
                LayoutText {#text} at (1,1) size 370x36
                  text run at (1,1) width 355: "This is a table. It should sit on the same line as the float"
                  text run at (1,19) width 370: "and wrap as needed to fit within the remaining line width."
      LayoutBlockFlow {DIV} at (0,808) size 769x200
        LayoutBlockFlow (floating) {DIV} at (0,0) size 200x200 [bgcolor=#FF0000]
      LayoutBlockFlow {DIV} at (0,1016) size 769x200
        LayoutBlockFlow (floating) {DIV} at (0,0) size 200x200 [bgcolor=#FF0000]
        LayoutBlockFlow {HR} at (200,0) size 386.50x2 [border: (1px inset #EEEEEE)]
      LayoutBlockFlow {DIV} at (0,1216) size 769x200
        LayoutBlockFlow (floating) {DIV} at (0,0) size 200x200 [bgcolor=#FF0000]
        LayoutImage {IMG} at (200,0) size 384.50x50 [bgcolor=#008000]
layer at (208,208) size 569x55 clip at (210,210) size 550x36
  LayoutBlockFlow {DIV} at (200,0) size 569x55 [border: (2px solid #0000FF)]
    LayoutText {#text} at (2,2) size 537x36
      text run at (2,2) width 537: "This is an overflow:scroll region. It should sit on the same line as the float and wrap"
      text run at (2,20) width 307: "as needed to fit within the remaining line width."
layer at (208,816) size 389x73 backgroundClip at (0,0) size 0x0 clip at (0,0) size 0x0
  LayoutBlockFlow {DIV} at (200,0) size 388.50x73 [border: (2px solid #0000FF)]
    LayoutText {#text} at (2,2) size 367x54
      text run at (2,2) width 336: "This is an overflow:scroll region. It should sit on the"
      text run at (2,20) width 367: "same line as the float and wrap as needed to fit within the"
      text run at (2,38) width 138: "remaining line width."
