layer at (0,0) size 800x600
  LayoutView at (0,0) size 800x600
layer at (0,0) size 800x600
  LayoutBlockFlow {HTML} at (0,0) size 800x600
    LayoutBlockFlow {BODY} at (8,8) size 784x576
      LayoutBlockFlow {P} at (0,0) size 784x18
        LayoutText {#text} at (0,0) size 761x18
          text run at (0,0) width 468: "You should see a 500x300 rectangle with orange, yellow and olive rects. "
          text run at (467,0) width 294: "No red should be visible or the test has failed."
      LayoutBlockFlow (floating) {DIV} at (0,34) size 500x300 [bgcolor=#FF0000]
        LayoutBlockFlow (floating) {DIV} at (0,0) size 250x300 [bgcolor=#FFA500]
        LayoutBlockFlow (floating) {DIV} at (250,0) size 250x300
          LayoutBlockFlow (floating) {DIV} at (0,0) size 250x40 [bgcolor=#FFFF00]
          LayoutBlockFlow (floating) {DIV} at (0,40) size 250x260 [bgcolor=#808000]
