layer at (0,0) size 800x600
  LayoutView at (0,0) size 800x600
layer at (0,0) size 800x332
  LayoutBlockFlow {HTML} at (0,0) size 800x332
    LayoutBlockFlow {BODY} at (8,8) size 784x284
      LayoutBlockFlow {P} at (0,0) size 784x50
        LayoutText {#text} at (16,16) size 348x18
          text run at (16,16) width 348: "\"ONE\" and \"TWO\" below should be on the same line."
      LayoutBlockFlow (floating) {UL} at (0,50) size 186x22 [border: (2px solid #0000FF)]
        LayoutBlockFlow (floating) {LI} at (2,2) size 91x18
          LayoutBlockFlow {SPAN} at (0,0) size 91x18 [bgcolor=#EEEEEE]
            LayoutText {#text} at (0,0) size 33x18
              text run at (0,0) width 33: "ONE"
        LayoutBlockFlow (floating) {LI} at (93,2) size 91x18
          LayoutBlockFlow {SPAN} at (0,0) size 91x18 [bgcolor=#EEEEEE]
            LayoutText {#text} at (0,0) size 37x18
              text run at (0,0) width 37: "TWO"
        LayoutBlockFlow {DIV} at (2,2) size 182x0
      LayoutBlockFlow {P} at (0,72) size 784x50
        LayoutText {#text} at (16,16) size 353x18
          text run at (16,16) width 353: "\"ONE\" and \"TWO\" below should be on different lines."
      LayoutBlockFlow (floating) {UL} at (0,122) size 95x40 [border: (2px solid #0000FF)]
        LayoutBlockFlow (floating) {LI} at (2,2) size 91x18
          LayoutBlockFlow {SPAN} at (0,0) size 91x18 [bgcolor=#EEEEEE]
            LayoutText {#text} at (0,0) size 33x18
              text run at (0,0) width 33: "ONE"
        LayoutBlockFlow (floating) {LI} at (2,20) size 91x18
          LayoutBlockFlow {SPAN} at (0,0) size 91x18 [bgcolor=#EEEEEE]
            LayoutText {#text} at (0,0) size 37x18
              text run at (0,0) width 37: "TWO"
        LayoutBlockFlow {DIV} at (2,2) size 91x0
      LayoutBlockFlow {P} at (0,162) size 784x50
        LayoutText {#text} at (16,16) size 348x18
          text run at (16,16) width 348: "\"ONE\" and \"TWO\" below should be on the same line."
      LayoutBlockFlow (floating) {UL} at (0,212) size 186x22 [border: (2px solid #0000FF)]
        LayoutBlockFlow (floating) {LI} at (2,2) size 91x18
          LayoutBlockFlow {SPAN} at (0,0) size 91x18 [bgcolor=#EEEEEE]
            LayoutText {#text} at (0,0) size 33x18
              text run at (0,0) width 33: "ONE"
        LayoutBlockFlow (floating) {LI} at (93,2) size 91x18
          LayoutBlockFlow {SPAN} at (0,0) size 91x18 [bgcolor=#EEEEEE]
            LayoutText {#text} at (0,0) size 37x18
              text run at (0,0) width 37: "TWO"
      LayoutBlockFlow {P} at (0,234) size 784x50
        LayoutText {#text} at (16,16) size 353x18
          text run at (16,16) width 353: "\"ONE\" and \"TWO\" below should be on different lines."
      LayoutBlockFlow (floating) {UL} at (0,284) size 95x40 [border: (2px solid #0000FF)]
        LayoutBlockFlow (floating) {LI} at (2,2) size 91x18
          LayoutBlockFlow {SPAN} at (0,0) size 91x18 [bgcolor=#EEEEEE]
            LayoutText {#text} at (0,0) size 33x18
              text run at (0,0) width 33: "ONE"
        LayoutBlockFlow (floating) {LI} at (2,20) size 91x18
          LayoutBlockFlow {SPAN} at (0,0) size 91x18 [bgcolor=#EEEEEE]
            LayoutText {#text} at (0,0) size 37x18
              text run at (0,0) width 37: "TWO"
