layer at (0,0) size 800x600
  LayoutView at (0,0) size 800x600
layer at (0,0) size 800x118
  LayoutBlockFlow {HTML} at (0,0) size 800x118
    LayoutBlockFlow {BODY} at (8,16) size 784x70
      LayoutBlockFlow {P} at (0,0) size 784x18
        LayoutText {#text} at (0,0) size 150x18
          text run at (0,0) width 150: "There should be a blue "
        LayoutInline {EM} at (0,0) size 44x18
          LayoutText {#text} at (149,0) size 44x18
            text run at (149,0) width 44: "square"
        LayoutText {#text} at (192,0) size 47x18
          text run at (192,0) width 47: " below."
      LayoutBlockFlow {DIV} at (0,34) size 784x36
        LayoutBlockFlow {DIV} at (0,0) size 784x0
        LayoutBlockFlow (anonymous) at (0,0) size 784x18
          LayoutBlockFlow {DIV} at (0,14) size 0x0
        LayoutBlockFlow {DIV} at (0,18) size 784x0
        LayoutBlockFlow (anonymous) at (0,18) size 784x18
          LayoutBlockFlow (floating) {DIV} at (0,0) size 25x50 [bgcolor=#0000FF]
          LayoutBlockFlow {DIV} at (50,14) size 0x0
          LayoutBlockFlow (floating) {DIV} at (25,0) size 25x50 [bgcolor=#0000FF]
