layer at (0,0) size 800x600 scrollWidth 812
  LayoutView at (0,0) size 800x600
layer at (0,0) size 800x138
  LayoutBlockFlow {HTML} at (0,0) size 800x138
    LayoutBlockFlow {BODY} at (8,8) size 784x122
      LayoutBlockFlow (floating) {DIV} at (0,0) size 554x22 [border: (2px solid #FF0000)]
        LayoutText {#text} at (2,2) size 509x18
          text run at (2,2) width 509: "(Parent DIV have no border set) There should be a green table below this block"
      LayoutTable {TABLE} at (0,22) size 784x28 [border: (2px solid #008000)]
        LayoutTableSection {TBODY} at (2,2) size 780x24
          LayoutTableRow {TR} at (0,2) size 780x20
            LayoutTableCell {TD} at (2,2) size 776x20 [r=0 c=0 rs=1 cs=1]
              LayoutText {#text} at (1,1) size 23x18
                text run at (1,1) width 23: "test"
      LayoutBlockFlow (anonymous) at (0,50) size 784x18
        LayoutBR {BR} at (0,0) size 0x18
      LayoutBlockFlow {DIV} at (0,68) size 804x54 [border: (2px solid #0000FF)]
        LayoutBlockFlow (floating) {DIV} at (2,2) size 554x22 [border: (2px solid #FF0000)]
          LayoutText {#text} at (2,2) size 548x18
            text run at (2,2) width 250: "(Parent DIV have 2px blue border set) "
            text run at (251,2) width 299: "There should be a green table below this block"
        LayoutTable {TABLE} at (2,24) size 800x28 [border: (2px solid #008000)]
          LayoutTableSection {TBODY} at (2,2) size 796x24
            LayoutTableRow {TR} at (0,2) size 796x20
              LayoutTableCell {TD} at (2,2) size 792x20 [r=0 c=0 rs=1 cs=1]
                LayoutText {#text} at (1,1) size 23x18
                  text run at (1,1) width 23: "test"
