layer at (0,0) size 800x600
  LayoutView at (0,0) size 800x600
layer at (0,0) size 800x600
  LayoutBlockFlow {HTML} at (0,0) size 800x600
    LayoutBlockFlow {BODY} at (8,8) size 784x584
      LayoutBlockFlow {DIV} at (0,0) size 100x100 [bgcolor=#FF0000]
        LayoutBlockFlow {DIV} at (0,0) size 100x100 [bgcolor=#008000]
          LayoutBlockFlow (floating) {SPAN} at (0,0) size 10x100
            LayoutText {#text} at (0,0) size 4x18
              text run at (0,0) width 4: " "
          LayoutBR {BR} at (10,0) size 0x18
