layer at (0,0) size 800x600
  LayoutView at (0,0) size 800x600
layer at (0,0) size 800x409
  LayoutBlockFlow {HTML} at (0,0) size 800x409
    LayoutBlockFlow {BODY} at (8,8) size 784x393
      LayoutBlockFlow {DIV} at (0,0) size 385x393
        LayoutBlockFlow {DIV} at (0,0) size 385x18
          LayoutText {#text} at (0,0) size 328x18
            text run at (0,0) width 328: "The yellow block should be below the green block."
        LayoutBlockFlow (floating) {DIV} at (0,18) size 100x100 [bgcolor=#008000]
        LayoutImage {IMG} at (0,118) size 395x275 [bgcolor=#FFFF00]
