layer at (0,0) size 800x600
  LayoutView at (0,0) size 800x600
layer at (0,0) size 800x600
  LayoutBlockFlow {HTML} at (0,0) size 800x600
    LayoutBlockFlow {BODY} at (8,8) size 784x584
layer at (8,8) size 35x44
  LayoutBlockFlow (positioned) {DIV} at (8,8) size 34.66x44 [border: (2px solid #0000FF)]
    LayoutBlockFlow {DIV} at (2,2) size 30.66x22 [border: (2px solid #FFA500)]
      LayoutText {#text} at (2,2) size 27x18
        text run at (2,2) width 27: "One"
    LayoutBlockFlow (floating) {DIV} at (2,24) size 28.22x18
      LayoutText {#text} at (0,0) size 29x18
        text run at (0,0) width 29: "Two"
