layer at (0,0) size 800x600
  LayoutView at (0,0) size 800x600
layer at (0,0) size 800x260
  LayoutBlockFlow {HTML} at (0,0) size 800x260
    LayoutBlockFlow {BODY} at (8,8) size 784x244
      LayoutBlockFlow {DIV} at (0,0) size 202x122 [border: (1px solid #000000)]
        LayoutBlockFlow (floating) {DIV} at (1,1) size 100x50 [bgcolor=#008000]
        LayoutBlockFlow (floating) {DIV} at (201,1) size 0x30
        LayoutBlockFlow (floating) {DIV} at (181,31) size 20x50 [bgcolor=#008000]
        LayoutBlockFlow {DIV} at (1,1) size 200x120
          LayoutBlockFlow {DIV} at (30,50) size 101x30 [bgcolor=#00FFFF]
          LayoutText {#text} at (131,66) size 4x18
            text run at (131,66) width 4: " "
          LayoutText {#text} at (0,0) size 0x0
          LayoutBlockFlow (floating) {DIV} at (0,50) size 30x30 [bgcolor=#0000FF]
          LayoutText {#text} at (135,66) size 199x54
            text run at (135,66) width 37: "Some"
            text run at (0,84) width 199: "text that should not overlap the"
            text run at (0,102) width 39: "floats."
      LayoutBlockFlow {DIV} at (0,122) size 202x122 [border: (1px solid #000000)]
        LayoutBlockFlow (floating) {DIV} at (101,1) size 100x50 [bgcolor=#008000]
        LayoutBlockFlow (floating) {DIV} at (1,1) size 0x30
        LayoutBlockFlow (floating) {DIV} at (1,31) size 20x50 [bgcolor=#008000]
        LayoutBlockFlow {DIV} at (1,1) size 200x120
          LayoutBlockFlow {DIV} at (20,50) size 101x30 [bgcolor=#00FFFF]
          LayoutText {#text} at (121,66) size 4x18
            text run at (121,66) width 4: " "
          LayoutText {#text} at (0,0) size 0x0
          LayoutBlockFlow (floating) {DIV} at (170,50) size 30x30 [bgcolor=#0000FF]
          LayoutText {#text} at (125,66) size 199x54
            text run at (125,66) width 37: "Some"
            text run at (0,84) width 199: "text that should not overlap the"
            text run at (0,102) width 39: "floats."
