layer at (0,0) size 800x600
  LayoutView at (0,0) size 800x600
layer at (0,0) size 800x600
  LayoutBlockFlow {HTML} at (0,0) size 800x600
    LayoutBlockFlow {BODY} at (8,8) size 784x584
      LayoutBlockFlow {DIV} at (0,0) size 784x100
        LayoutText {#text} at (0,0) size 255x18
          text run at (0,0) width 255: "This test checks for regressions against "
        LayoutInline {A} at (0,0) size 784x36 [color=#0000EE]
          LayoutText {#text} at (254,0) size 784x36
            text run at (254,0) width 530: "Radar 4279765: REGRESSION: \"More...\" links on flickr groups pages have hover"
            text run at (0,18) width 118: "issues (flickr.com)"
        LayoutText {#text} at (117,18) size 399x18
          text run at (117,18) width 399: ". Click on the word TEST below and it should turn into PASS."
      LayoutBlockFlow {DIV} at (0,100) size 784x200
        LayoutBlockFlow (floating) {DIV} at (0,0) size 237.17x200
          LayoutImage {IMG} at (0,0) size 100x100
          LayoutText {#text} at (100,86) size 4x18
            text run at (100,86) width 4: " "
          LayoutBR {BR} at (0,0) size 0x0
          LayoutBlockFlow (floating) {H1} at (0,171) size 237.17x115
            LayoutInline {A} at (0,0) size 238x115 [color=#0000EE]
              LayoutText {#text} at (0,0) size 238x115
                text run at (0,0) width 238: "PASS"
          LayoutText {#text} at (0,0) size 0x0
        LayoutBR {BR} at (237,0) size 1x18
