layer at (0,0) size 800x600
  LayoutView at (0,0) size 800x600
layer at (0,0) size 800x90
  LayoutBlockFlow {HTML} at (0,0) size 800x90
    LayoutBlockFlow {BODY} at (8,8) size 784x74
      LayoutBlockFlow {DIV} at (0,0) size 202x74 [border: (1px solid #000000)]
        LayoutBlockFlow (floating) {DIV} at (151,1) size 50x50 [bgcolor=#008000]
        LayoutText {#text} at (14,1) size 197x72
          text run at (14,1) width 37: "Some"
          text run at (27,19) width 124: "text that should not"
          text run at (4,37) width 147: "overlap the edge of the"
          text run at (137,55) width 5 RTL: "."
          text run at (141,55) width 60: "container"
