layer at (0,0) size 800x600
  LayoutView at (0,0) size 800x600
layer at (0,0) size 800x600
  LayoutBlockFlow {HTML} at (0,0) size 800x600
    LayoutBlockFlow {BODY} at (8,8) size 784x584
      LayoutBlockFlow {DIV} at (0,0) size 784x36
        LayoutText {#text} at (0,0) size 255x18
          text run at (0,0) width 255: "This test checks for regressions against "
        LayoutInline {A} at (0,0) size 784x36 [color=#0000EE]
          LayoutText {#text} at (254,0) size 784x36
            text run at (254,0) width 530: "Radar 4279765: REGRESSION: \"More...\" links on flickr groups pages have hover"
            text run at (0,18) width 118: "issues (flickr.com)"
        LayoutText {#text} at (117,18) size 604x18
          text run at (117,18) width 604: ", or rather, a related painting issue. The word \"PASS\" should appear below in translucent blue."
layer at (8,44) size 784x125 transparent
  LayoutBlockFlow {DIV} at (0,36) size 784x125
    LayoutBlockFlow (floating) {DIV} at (0,0) size 104x125
      LayoutImage {IMG} at (0,0) size 100x100
      LayoutText {#text} at (100,86) size 4x18
        text run at (100,86) width 4: " "
      LayoutBR {BR} at (0,0) size 0x0
      LayoutBlockFlow (floating) {H1} at (28.11,125.44) size 75.89x37
        LayoutInline {A} at (0,0) size 76x37 [color=#0000EE]
          LayoutText {#text} at (0,0) size 76x37
            text run at (0,0) width 76: "PASS"
      LayoutText {#text} at (0,0) size 0x0
    LayoutBR {BR} at (104,0) size 0x18
