layer at (0,0) size 800x600
  LayoutView at (0,0) size 800x600
layer at (0,0) size 800x600
  LayoutBlockFlow {HTML} at (0,0) size 800x600
    LayoutBlockFlow {BODY} at (8,8) size 784x584
layer at (8,8) size 18x72
  LayoutBlockFlow (relative positioned) {DIV} at (0,0) size 18x72
    LayoutBlockFlow {DIV} at (0,0) size 18x72
      LayoutBlockFlow {DIV} at (0,0) size 18x72
        LayoutBlockFlow (floating) {DIV} at (13,0) size 5x50 [bgcolor=#FFA500]
        LayoutBlockFlow {DIV} at (0,0) size 18x72 [bgcolor=#0000FF]
          LayoutText {#text} at (0,0) size 12x72
            text run at (0,0) width 12: "A"
            text run at (0,18) width 11: "B"
            text run at (0,36) width 11: "C"
            text run at (0,54) width 12: "D"
          LayoutBlockFlow (floating) {DIV} at (13,54) size 5x50 [bgcolor=#008000]
layer at (8,8) size 10x100
  LayoutBlockFlow (positioned) {DIV} at (8,8) size 10x100 [bgcolor=#C0C0C0]
