layer at (0,0) size 800x600
  LayoutView at (0,0) size 800x600
layer at (0,0) size 800x600
  LayoutBlockFlow {HTML} at (0,0) size 800x600
    LayoutBlockFlow {BODY} at (8,8) size 784x584
      LayoutBlockFlow {DIV} at (0,0) size 784x36
        LayoutBlockFlow (anonymous) at (0,0) size 784x36
          LayoutText {#text} at (0,0) size 729x36
            text run at (0,0) width 729: "Test anonymous boxes removal on style change. This should not crash or hang. Render tree dump should not gain"
            text run at (0,18) width 188: "additional anonymous boxes."
        LayoutBlockFlow {DIV} at (0,36) size 784x0
        LayoutBlockFlow {DIV} at (0,36) size 784x0
