layer at (0,0) size 800x600
  LayoutView at (0,0) size 800x600
layer at (0,0) size 800x600
  LayoutBlockFlow {HTML} at (0,0) size 800x600
    LayoutBlockFlow {BODY} at (8,8) size 784x584
      LayoutBlockFlow (anonymous) at (0,0) size 784x18
        LayoutBlockFlow (floating) {DIV} at (0,0) size 206.19x18
          LayoutBlockFlow {DIV} at (0,0) size 206.19x18
            LayoutText {#text} at (0,0) size 207x18
              text run at (0,0) width 207: "This is a test for rdar://5025925."
        LayoutBlockFlow (floating) {DIV} at (206.19,0) size 304.81x18
          LayoutBlockFlow {DIV} at (0,0) size 304.81x18
            LayoutText {#text} at (0,0) size 305x18
              text run at (0,0) width 305: "The test succeeds if this does not hang or crash."
        LayoutText {#text} at (511,0) size 4x18
          text run at (511,0) width 4: " "
      LayoutBlockFlow {DIV} at (0,18) size 784x0
