layer at (0,0) size 800x600
  LayoutView at (0,0) size 800x600
layer at (0,0) size 800x600
  LayoutBlockFlow {HTML} at (0,0) size 800x600
    LayoutBlockFlow {BODY} at (8,8) size 784x584
      LayoutBlockFlow {P} at (0,0) size 784x18
        LayoutText {#text} at (0,0) size 54x18
          text run at (0,0) width 54: "Test for "
        LayoutInline {I} at (0,0) size 614x18
          LayoutInline {A} at (0,0) size 353x18 [color=#0000EE]
            LayoutText {#text} at (53,0) size 353x18
              text run at (53,0) width 353: "http://bugzilla.opendarwin.org/show_bug.cgi?id=6795"
          LayoutText {#text} at (405,0) size 262x18
            text run at (405,0) width 5: " "
            text run at (409,0) width 258: "Slow image load causes render problem"
        LayoutText {#text} at (666,0) size 5x18
          text run at (666,0) width 5: "."
      LayoutBlockFlow {P} at (0,34) size 784x18
        LayoutText {#text} at (0,0) size 288x18
          text run at (0,0) width 288: "There should be only one blue square below:"
      LayoutBlockFlow {DIV} at (0,68) size 784x140
        LayoutBlockFlow (anonymous) at (0,0) size 784x120
          LayoutBlockFlow (floating) {DIV} at (0,0) size 100x100 [bgcolor=#87CEEB]
          LayoutBlockFlow {DIV} at (100,0) size 50x120
          LayoutText {#text} at (0,0) size 0x0
        LayoutBlockFlow {DIV} at (0,120) size 784x20
