layer at (0,0) size 800x600 clip at (0,0) size 785x600 scrollHeight 838
  LayoutView at (0,0) size 800x600
layer at (0,0) size 785x838 backgroundClip at (0,0) size 785x600 clip at (0,0) size 785x600
  LayoutBlockFlow {HTML} at (0,0) size 785x838
    LayoutBlockFlow {BODY} at (8,8) size 769x822
      LayoutBlockFlow (anonymous) at (0,0) size 769x20
        LayoutText {#text} at (0,0) size 81x19
          text run at (0,0) width 81: "Text outside."
layer at (8,28) size 702x802 backgroundClip at (8,28) size 702x572 clip at (9,29) size 685x571 scrollHeight 1286
  LayoutBlockFlow {DIV} at (0,20) size 702x802 [border: (1px solid #000000)]
    LayoutBlockFlow {P} at (1,17) size 685x165
      LayoutText {#text} at (0,7) size 674x151
        text run at (0,7) width 642: "Lorem ipsum dolor sit amet, consectetur adipisicing elit, sed do eiusmod tempor incididunt ut labore et"
        text run at (0,40) width 670: "dolore magna aliqua. Ut enim ad minim veniam, quis nostrud exercitation ullamco laboris nisi ut aliquip ex"
        text run at (0,73) width 674: "ea commodo consequat. Duis aute irure dolor in reprehenderit in voluptate velit esse cillum dolore eu fugiat"
        text run at (0,106) width 671: "nulla pariatur. Excepteur sint occaecat cupidatat non proident, sunt in culpa qui officia deserunt mollit anim"
        text run at (0,139) width 93: "id est laborum."
    LayoutBlockFlow {P} at (1,230) size 685x165
      LayoutText {#text} at (0,7) size 674x151
        text run at (0,7) width 642: "Lorem ipsum dolor sit amet, consectetur adipisicing elit, sed do eiusmod tempor incididunt ut labore et"
        text run at (0,40) width 670: "dolore magna aliqua. Ut enim ad minim veniam, quis nostrud exercitation ullamco laboris nisi ut aliquip ex"
        text run at (0,73) width 674: "ea commodo consequat. Duis aute irure dolor in reprehenderit in voluptate velit esse cillum dolore eu fugiat"
        text run at (0,106) width 671: "nulla pariatur. Excepteur sint occaecat cupidatat non proident, sunt in culpa qui officia deserunt mollit anim"
        text run at (0,139) width 93: "id est laborum."
    LayoutBlockFlow {P} at (1,861) size 685x165
      LayoutText {#text} at (0,7) size 674x151
        text run at (0,7) width 642: "Lorem ipsum dolor sit amet, consectetur adipisicing elit, sed do eiusmod tempor incididunt ut labore et"
        text run at (0,40) width 670: "dolore magna aliqua. Ut enim ad minim veniam, quis nostrud exercitation ullamco laboris nisi ut aliquip ex"
        text run at (0,73) width 674: "ea commodo consequat. Duis aute irure dolor in reprehenderit in voluptate velit esse cillum dolore eu fugiat"
        text run at (0,106) width 671: "nulla pariatur. Excepteur sint occaecat cupidatat non proident, sunt in culpa qui officia deserunt mollit anim"
        text run at (0,139) width 93: "id est laborum."
    LayoutBlockFlow {P} at (1,1074) size 685x165
      LayoutText {#text} at (0,7) size 674x151
        text run at (0,7) width 642: "Lorem ipsum dolor sit amet, consectetur adipisicing elit, sed do eiusmod tempor incididunt ut labore et"
        text run at (0,40) width 670: "dolore magna aliqua. Ut enim ad minim veniam, quis nostrud exercitation ullamco laboris nisi ut aliquip ex"
        text run at (0,73) width 674: "ea commodo consequat. Duis aute irure dolor in reprehenderit in voluptate velit esse cillum dolore eu fugiat"
        text run at (0,106) width 671: "nulla pariatur. Excepteur sint occaecat cupidatat non proident, sunt in culpa qui officia deserunt mollit anim"
        text run at (0,139) width 93: "id est laborum."
layer at (19,471) size 602x402 backgroundClip at (19,471) size 602x129 clip at (20,472) size 585x128 scrollHeight 442
  LayoutBlockFlow {DIV} at (11,443) size 602x402 [border: (1px solid #000000)]
    LayoutBlockFlow {P} at (1,17) size 585x165
      LayoutText {#text} at (0,7) size 584x151
        text run at (0,7) width 584: "Lorem ipsum dolor sit amet, consectetur adipisicing elit, sed do eiusmod tempor incididunt ut"
        text run at (0,40) width 574: "labore et dolore magna aliqua. Ut enim ad minim veniam, quis nostrud exercitation ullamco"
        text run at (0,73) width 559: "laboris nisi ut aliquip ex ea commodo consequat. Duis aute irure dolor in reprehenderit in"
        text run at (0,106) width 568: "voluptate velit esse cillum dolore eu fugiat nulla pariatur. Excepteur sint occaecat cupidatat"
        text run at (0,139) width 465: "non proident, sunt in culpa qui officia deserunt mollit anim id est laborum."
    LayoutBlockFlow {P} at (1,230) size 585x165
      LayoutText {#text} at (0,7) size 584x151
        text run at (0,7) width 584: "Lorem ipsum dolor sit amet, consectetur adipisicing elit, sed do eiusmod tempor incididunt ut"
        text run at (0,40) width 574: "labore et dolore magna aliqua. Ut enim ad minim veniam, quis nostrud exercitation ullamco"
        text run at (0,73) width 559: "laboris nisi ut aliquip ex ea commodo consequat. Duis aute irure dolor in reprehenderit in"
        text run at (0,106) width 568: "voluptate velit esse cillum dolore eu fugiat nulla pariatur. Excepteur sint occaecat cupidatat"
        text run at (0,139) width 465: "non proident, sunt in culpa qui officia deserunt mollit anim id est laborum."
