layer at (0,0) size 800x600
  LayoutView at (0,0) size 800x600
layer at (0,0) size 800x108
  LayoutNGBlockFlow {test} at (0,0) size 800x108
    LayoutNGBlockFlow {ul} at (0,16) size 800x40
      LayoutNGListItem {li} at (40,0) size 760x20 [bgcolor=#00FF00]
        LayoutNGListMarker (anonymous) at (-18,0) size 10x20
          LayoutText (anonymous) at (0,0) size 10x19
            text run at (0,0) width 10: "\x{2022} "
        LayoutText {#text} at (0,0) size 304x19
          text run at (0,0) width 304: "The background of this list item should be green"
      LayoutNGListItem {li} at (40,20) size 760x20 [bgcolor=#00FF00]
        LayoutNGListMarker (anonymous) at (-18,0) size 10x20
          LayoutText (anonymous) at (0,0) size 10x19
            text run at (0,0) width 10: "\x{2022} "
        LayoutText {#text} at (0,0) size 381x19
          text run at (0,0) width 381: "The background of this second list item should be also green"
    LayoutNGBlockFlow {p} at (0,72) size 800x20 [bgcolor=#00FF00]
      LayoutText {#text} at (0,0) size 322x19
        text run at (0,0) width 322: "The background of this paragraph should be green."
