layer at (0,0) size 800x600
  LayoutView at (0,0) size 800x600
layer at (0,0) size 800x92
  LayoutNGBlockFlow {test} at (0,0) size 800x92
    LayoutNGBlockFlow {ul} at (0,16) size 800x60
      LayoutNGListItem {li} at (40,0) size 760x20 [bgcolor=#00FF00]
        LayoutNGListMarker (anonymous) at (-18,0) size 10x20
          LayoutText (anonymous) at (0,0) size 10x19
            text run at (0,0) width 10: "\x{2022} "
        LayoutText {#text} at (0,0) size 431x19
          text run at (0,0) width 431: "This list item should have a green background. because its ID is \"t1\""
      LayoutNGListItem {li} at (40,20) size 760x20 [bgcolor=#00FF00]
        LayoutNGListMarker (anonymous) at (-18,0) size 10x20
          LayoutText (anonymous) at (0,0) size 10x19
            text run at (0,0) width 10: "\x{2022} "
        LayoutText {#text} at (0,0) size 431x19
          text run at (0,0) width 431: "This list item should have a green background. because its ID is \"t2\""
      LayoutNGListItem {li} at (40,40) size 760x20 [bgcolor=#00FF00]
        LayoutNGListMarker (anonymous) at (-18,0) size 10x20
          LayoutText (anonymous) at (0,0) size 10x19
            text run at (0,0) width 10: "\x{2022} "
        LayoutInline {span} at (0,0) size 589x19
          LayoutText {#text} at (0,0) size 589x19
            text run at (0,0) width 589: "This list item should have a green background. because the inner SPAN does not match \"#t4\""
