layer at (0,0) size 800x600
  LayoutView at (0,0) size 800x600
layer at (0,0) size 800x196
  LayoutNGBlockFlow {test} at (0,0) size 800x196
    LayoutNGBlockFlow {div} at (0,16) size 800x164
      LayoutNGBlockFlow {p} at (0,0) size 800x20 [bgcolor=#00FF00]
        LayoutText {#text} at (0,0) size 264x19
          text run at (0,0) width 264: "This line should have a green background"
      LayoutNGBlockFlow {p} at (0,36) size 800x20 [bgcolor=#00FF00]
        LayoutText {#text} at (0,0) size 264x19
          text run at (0,0) width 264: "This line should have a green background"
      LayoutNGBlockFlow {q} at (0,72) size 800x20 [bgcolor=#00FF00]
        LayoutText {#text} at (0,0) size 264x19
          text run at (0,0) width 264: "This line should have a green background"
      LayoutNGBlockFlow {p} at (0,108) size 800x20 [bgcolor=#00FF00]
        LayoutText {#text} at (0,0) size 264x19
          text run at (0,0) width 264: "This line should have a green background"
      LayoutNGBlockFlow {foo} at (0,144) size 800x20 [bgcolor=#00FF00]
        LayoutText {#text} at (0,0) size 264x19
          text run at (0,0) width 264: "This line should have a green background"
