layer at (0,0) size 800x600
  LayoutView at (0,0) size 800x600
layer at (0,0) size 800x128
  LayoutNGBlockFlow {test} at (0,0) size 800x128
    LayoutNGBlockFlow {div} at (0,0) size 800x128
      LayoutNGBlockFlow {address} at (16,0) size 784x20 [bgcolor=#00FF00]
        LayoutText {#text} at (0,0) size 328x19
          text run at (0,0) width 328: "A first address that should have a green background"
      LayoutNGBlockFlow {address} at (16,36) size 784x20 [bgcolor=#00FF00]
        LayoutText {#text} at (0,0) size 348x19
          text run at (0,0) width 348: "A second address that should have a green background"
      LayoutNGBlockFlow {address} at (16,72) size 784x20
        LayoutText {#text} at (0,0) size 255x19
          text run at (0,0) width 255: "A third address with normal background"
      LayoutNGBlockFlow (anonymous) at (0,108) size 800x20
        LayoutText {#text} at (0,0) size 289x19
          text run at (0,0) width 289: "This div should have three addresses above it."
