layer at (0,0) size 800x600
  LayoutView at (0,0) size 800x600
layer at (0,0) size 800x546
  LayoutNGBlockFlow {test} at (0,0) size 800x546
    LayoutNGBlockFlow {ul} at (0,16) size 800x120
      LayoutNGListItem {li} at (40,0) size 760x20
        LayoutNGListMarker (anonymous) at (-18,0) size 10x20
          LayoutText (anonymous) at (0,0) size 10x19
            text run at (0,0) width 10: "\x{2022} "
        LayoutText {#text} at (0,0) size 81x19
          text run at (0,0) width 81: "First list item"
      LayoutNGListItem {li} at (40,20) size 760x20 [bgcolor=#008000]
        LayoutNGListMarker (anonymous) at (-18,0) size 10x20
          LayoutText (anonymous) at (0,0) size 10x19
            text run at (0,0) width 10: "\x{2022} "
        LayoutText {#text} at (0,0) size 338x19
          text run at (0,0) width 338: "This second list item should have a green background"
      LayoutNGListItem {li} at (40,40) size 760x20
        LayoutNGListMarker (anonymous) at (-18,0) size 10x20
          LayoutText (anonymous) at (0,0) size 10x19
            text run at (0,0) width 10: "\x{2022} "
        LayoutText {#text} at (0,0) size 88x19
          text run at (0,0) width 88: "Third list item"
      LayoutNGListItem {li} at (40,60) size 760x20 [bgcolor=#008000]
        LayoutNGListMarker (anonymous) at (-18,0) size 10x20
          LayoutText (anonymous) at (0,0) size 10x19
            text run at (0,0) width 10: "\x{2022} "
        LayoutText {#text} at (0,0) size 332x19
          text run at (0,0) width 332: "This fourth list item should have a green background"
      LayoutNGListItem {li} at (40,80) size 760x20
        LayoutNGListMarker (anonymous) at (-18,0) size 10x20
          LayoutText (anonymous) at (0,0) size 10x19
            text run at (0,0) width 10: "\x{2022} "
        LayoutText {#text} at (0,0) size 83x19
          text run at (0,0) width 83: "Fifth list item"
      LayoutNGListItem {li} at (40,100) size 760x20 [bgcolor=#008000]
        LayoutNGListMarker (anonymous) at (-18,0) size 10x20
          LayoutText (anonymous) at (0,0) size 10x19
            text run at (0,0) width 10: "\x{2022} "
        LayoutText {#text} at (0,0) size 324x19
          text run at (0,0) width 324: "This sixth list item should have a green background"
    LayoutNGBlockFlow {ol} at (0,152) size 800x120
      LayoutNGListItem {li} at (40,0) size 760x20 [bgcolor=#008000]
        LayoutNGListMarker (anonymous) at (-16,0) size 16x20
          LayoutText (anonymous) at (0,0) size 16x19
            text run at (0,0) width 16: "1. "
        LayoutText {#text} at (0,0) size 318x19
          text run at (0,0) width 318: "This first list item should have a green background"
      LayoutNGListItem {li} at (40,20) size 760x20
        LayoutNGListMarker (anonymous) at (-16,0) size 16x20
          LayoutText (anonymous) at (0,0) size 16x19
            text run at (0,0) width 16: "2. "
        LayoutText {#text} at (0,0) size 100x19
          text run at (0,0) width 100: "Second list item"
      LayoutNGListItem {li} at (40,40) size 760x20 [bgcolor=#008000]
        LayoutNGListMarker (anonymous) at (-16,0) size 16x20
          LayoutText (anonymous) at (0,0) size 16x19
            text run at (0,0) width 16: "3. "
        LayoutText {#text} at (0,0) size 323x19
          text run at (0,0) width 323: "This third list item should have a green background"
      LayoutNGListItem {li} at (40,60) size 760x20
        LayoutNGListMarker (anonymous) at (-16,0) size 16x20
          LayoutText (anonymous) at (0,0) size 16x19
            text run at (0,0) width 16: "4. "
        LayoutText {#text} at (0,0) size 95x19
          text run at (0,0) width 95: "Fourth list item"
      LayoutNGListItem {li} at (40,80) size 760x20 [bgcolor=#008000]
        LayoutNGListMarker (anonymous) at (-16,0) size 16x20
          LayoutText (anonymous) at (0,0) size 16x19
            text run at (0,0) width 16: "5. "
        LayoutText {#text} at (0,0) size 320x19
          text run at (0,0) width 320: "This fifth list item should have a green background"
      LayoutNGListItem {li} at (40,100) size 760x20
        LayoutNGListMarker (anonymous) at (-16,0) size 16x20
          LayoutText (anonymous) at (0,0) size 16x19
            text run at (0,0) width 16: "6. "
        LayoutText {#text} at (0,0) size 86x19
          text run at (0,0) width 86: "Sixth list item"
    LayoutNGBlockFlow {div} at (0,288) size 800x258
      LayoutTable {table} at (0,0) size 162x160 [border: (1px outset #808080)]
        LayoutTableSection (anonymous) at (1,1) size 160x158
          LayoutTableRow {tr} at (0,2) size 160x24
            LayoutNGTableCell {td} at (2,2) size 104x24 [border: (1px inset #808080)] [r=0 c=0 rs=1 cs=1]
              LayoutText {#text} at (2,2) size 20x19
                text run at (2,2) width 20: "1.1"
            LayoutNGTableCell {td} at (108,2) size 24x24 [border: (1px inset #808080)] [r=0 c=1 rs=1 cs=1]
              LayoutText {#text} at (2,2) size 20x19
                text run at (2,2) width 20: "1.2"
            LayoutNGTableCell {td} at (134,2) size 24x24 [border: (1px inset #808080)] [r=0 c=2 rs=1 cs=1]
              LayoutText {#text} at (2,2) size 20x19
                text run at (2,2) width 20: "1.3"
          LayoutTableRow {tr} at (0,28) size 160x24
            LayoutNGTableCell {td} at (2,28) size 104x24 [border: (1px inset #808080)] [r=1 c=0 rs=1 cs=1]
              LayoutText {#text} at (2,2) size 20x19
                text run at (2,2) width 20: "2.1"
            LayoutNGTableCell {td} at (108,28) size 24x24 [border: (1px inset #808080)] [r=1 c=1 rs=1 cs=1]
              LayoutText {#text} at (2,2) size 20x19
                text run at (2,2) width 20: "2.2"
            LayoutNGTableCell {td} at (134,28) size 24x24 [border: (1px inset #808080)] [r=1 c=2 rs=1 cs=1]
              LayoutText {#text} at (2,2) size 20x19
                text run at (2,2) width 20: "2.3"
          LayoutTableRow {tr} at (0,54) size 160x24 [bgcolor=#008000]
            LayoutNGTableCell {td} at (2,54) size 104x24 [border: (1px inset #808080)] [r=2 c=0 rs=1 cs=1]
              LayoutText {#text} at (2,2) size 100x19
                text run at (2,2) width 100: "Green row : 3.1"
            LayoutNGTableCell {td} at (108,54) size 24x24 [border: (1px inset #808080)] [r=2 c=1 rs=1 cs=1]
              LayoutText {#text} at (2,2) size 20x19
                text run at (2,2) width 20: "3.2"
            LayoutNGTableCell {td} at (134,54) size 24x24 [border: (1px inset #808080)] [r=2 c=2 rs=1 cs=1]
              LayoutText {#text} at (2,2) size 20x19
                text run at (2,2) width 20: "3.3"
          LayoutTableRow {tr} at (0,80) size 160x24 [bgcolor=#008000]
            LayoutNGTableCell {td} at (2,80) size 104x24 [border: (1px inset #808080)] [r=3 c=0 rs=1 cs=1]
              LayoutText {#text} at (2,2) size 100x19
                text run at (2,2) width 100: "Green row : 4.1"
            LayoutNGTableCell {td} at (108,80) size 24x24 [border: (1px inset #808080)] [r=3 c=1 rs=1 cs=1]
              LayoutText {#text} at (2,2) size 20x19
                text run at (2,2) width 20: "4.2"
            LayoutNGTableCell {td} at (134,80) size 24x24 [border: (1px inset #808080)] [r=3 c=2 rs=1 cs=1]
              LayoutText {#text} at (2,2) size 20x19
                text run at (2,2) width 20: "4.3"
          LayoutTableRow {tr} at (0,106) size 160x24 [bgcolor=#008000]
            LayoutNGTableCell {td} at (2,106) size 104x24 [border: (1px inset #808080)] [r=4 c=0 rs=1 cs=1]
              LayoutText {#text} at (2,2) size 100x19
                text run at (2,2) width 100: "Green row : 5.1"
            LayoutNGTableCell {td} at (108,106) size 24x24 [border: (1px inset #808080)] [r=4 c=1 rs=1 cs=1]
              LayoutText {#text} at (2,2) size 20x19
                text run at (2,2) width 20: "5.2"
            LayoutNGTableCell {td} at (134,106) size 24x24 [border: (1px inset #808080)] [r=4 c=2 rs=1 cs=1]
              LayoutText {#text} at (2,2) size 20x19
                text run at (2,2) width 20: "5.3"
          LayoutTableRow {tr} at (0,132) size 160x24 [bgcolor=#008000]
            LayoutNGTableCell {td} at (2,132) size 104x24 [border: (1px inset #808080)] [r=5 c=0 rs=1 cs=1]
              LayoutText {#text} at (2,2) size 100x19
                text run at (2,2) width 100: "Green row : 6.1"
            LayoutNGTableCell {td} at (108,132) size 24x24 [border: (1px inset #808080)] [r=5 c=1 rs=1 cs=1]
              LayoutText {#text} at (2,2) size 20x19
                text run at (2,2) width 20: "6.2"
            LayoutNGTableCell {td} at (134,132) size 24x24 [border: (1px inset #808080)] [r=5 c=2 rs=1 cs=1]
              LayoutText {#text} at (2,2) size 20x19
                text run at (2,2) width 20: "6.3"
      LayoutNGBlockFlow {p} at (0,176) size 800x0
      LayoutTable {table} at (0,176) size 335x82 [border: (1px outset #808080)]
        LayoutTableSection (anonymous) at (1,1) size 333x80
          LayoutTableRow {tr} at (0,2) size 333x24
            LayoutNGTableCell {td} at (2,2) size 24x24 [border: (1px inset #808080)] [r=0 c=0 rs=1 cs=1]
              LayoutText {#text} at (2,2) size 20x19
                text run at (2,2) width 20: "1.1"
            LayoutNGTableCell {td} at (28,2) size 65x24 [bgcolor=#008000] [border: (1px inset #808080)] [r=0 c=1 rs=1 cs=1]
              LayoutText {#text} at (2,2) size 61x19
                text run at (2,2) width 61: "green cell"
            LayoutNGTableCell {td} at (95,2) size 24x24 [border: (1px inset #808080)] [r=0 c=2 rs=1 cs=1]
              LayoutText {#text} at (2,2) size 20x19
                text run at (2,2) width 20: "1.3"
            LayoutNGTableCell {td} at (121,2) size 24x24 [border: (1px inset #808080)] [r=0 c=3 rs=1 cs=1]
              LayoutText {#text} at (2,2) size 20x19
                text run at (2,2) width 20: "1.4"
            LayoutNGTableCell {td} at (147,2) size 65x24 [bgcolor=#008000] [border: (1px inset #808080)] [r=0 c=4 rs=1 cs=1]
              LayoutText {#text} at (2,2) size 61x19
                text run at (2,2) width 61: "green cell"
            LayoutNGTableCell {td} at (214,2) size 24x24 [border: (1px inset #808080)] [r=0 c=5 rs=1 cs=1]
              LayoutText {#text} at (2,2) size 20x19
                text run at (2,2) width 20: "1.6"
            LayoutNGTableCell {td} at (240,2) size 24x24 [border: (1px inset #808080)] [r=0 c=6 rs=1 cs=1]
              LayoutText {#text} at (2,2) size 20x19
                text run at (2,2) width 20: "1.7"
            LayoutNGTableCell {td} at (266,2) size 65x24 [bgcolor=#008000] [border: (1px inset #808080)] [r=0 c=7 rs=1 cs=1]
              LayoutText {#text} at (2,2) size 61x19
                text run at (2,2) width 61: "green cell"
          LayoutTableRow {tr} at (0,28) size 333x24
            LayoutNGTableCell {td} at (2,28) size 24x24 [border: (1px inset #808080)] [r=1 c=0 rs=1 cs=1]
              LayoutText {#text} at (2,2) size 20x19
                text run at (2,2) width 20: "2.1"
            LayoutNGTableCell {td} at (28,28) size 65x24 [bgcolor=#008000] [border: (1px inset #808080)] [r=1 c=1 rs=1 cs=1]
              LayoutText {#text} at (2,2) size 61x19
                text run at (2,2) width 61: "green cell"
            LayoutNGTableCell {td} at (95,28) size 24x24 [border: (1px inset #808080)] [r=1 c=2 rs=1 cs=1]
              LayoutText {#text} at (2,2) size 20x19
                text run at (2,2) width 20: "2.3"
            LayoutNGTableCell {td} at (121,28) size 24x24 [border: (1px inset #808080)] [r=1 c=3 rs=1 cs=1]
              LayoutText {#text} at (2,2) size 20x19
                text run at (2,2) width 20: "2.4"
            LayoutNGTableCell {td} at (147,28) size 65x24 [bgcolor=#008000] [border: (1px inset #808080)] [r=1 c=4 rs=1 cs=1]
              LayoutText {#text} at (2,2) size 61x19
                text run at (2,2) width 61: "green cell"
            LayoutNGTableCell {td} at (214,28) size 24x24 [border: (1px inset #808080)] [r=1 c=5 rs=1 cs=1]
              LayoutText {#text} at (2,2) size 20x19
                text run at (2,2) width 20: "2.6"
            LayoutNGTableCell {td} at (240,28) size 24x24 [border: (1px inset #808080)] [r=1 c=6 rs=1 cs=1]
              LayoutText {#text} at (2,2) size 20x19
                text run at (2,2) width 20: "2.7"
            LayoutNGTableCell {td} at (266,28) size 65x24 [bgcolor=#008000] [border: (1px inset #808080)] [r=1 c=7 rs=1 cs=1]
              LayoutText {#text} at (2,2) size 61x19
                text run at (2,2) width 61: "green cell"
          LayoutTableRow {tr} at (0,54) size 333x24
            LayoutNGTableCell {td} at (2,54) size 24x24 [border: (1px inset #808080)] [r=2 c=0 rs=1 cs=1]
              LayoutText {#text} at (2,2) size 20x19
                text run at (2,2) width 20: "3.1"
            LayoutNGTableCell {td} at (28,54) size 65x24 [bgcolor=#008000] [border: (1px inset #808080)] [r=2 c=1 rs=1 cs=1]
              LayoutText {#text} at (2,2) size 61x19
                text run at (2,2) width 61: "green cell"
            LayoutNGTableCell {td} at (95,54) size 24x24 [border: (1px inset #808080)] [r=2 c=2 rs=1 cs=1]
              LayoutText {#text} at (2,2) size 20x19
                text run at (2,2) width 20: "3.3"
            LayoutNGTableCell {td} at (121,54) size 24x24 [border: (1px inset #808080)] [r=2 c=3 rs=1 cs=1]
              LayoutText {#text} at (2,2) size 20x19
                text run at (2,2) width 20: "3.4"
            LayoutNGTableCell {td} at (147,54) size 65x24 [bgcolor=#008000] [border: (1px inset #808080)] [r=2 c=4 rs=1 cs=1]
              LayoutText {#text} at (2,2) size 61x19
                text run at (2,2) width 61: "green cell"
            LayoutNGTableCell {td} at (214,54) size 24x24 [border: (1px inset #808080)] [r=2 c=5 rs=1 cs=1]
              LayoutText {#text} at (2,2) size 20x19
                text run at (2,2) width 20: "3.6"
            LayoutNGTableCell {td} at (240,54) size 24x24 [border: (1px inset #808080)] [r=2 c=6 rs=1 cs=1]
              LayoutText {#text} at (2,2) size 20x19
                text run at (2,2) width 20: "3.7"
            LayoutNGTableCell {td} at (266,54) size 65x24 [bgcolor=#008000] [border: (1px inset #808080)] [r=2 c=7 rs=1 cs=1]
              LayoutText {#text} at (2,2) size 61x19
                text run at (2,2) width 61: "green cell"
