layer at (0,0) size 800x600
  LayoutView at (0,0) size 800x600
layer at (0,0) size 800x307
  LayoutNGBlockFlow {test} at (0,0) size 800x307.19
    LayoutNGBlockFlow {div} at (0,16) size 800x275.19
      LayoutNGBlockFlow {p} at (0,0) size 800x40
        LayoutText {#text} at (0,0) size 749x19
          text run at (0,0) width 749: "The background color of this paragraph should turn to green when the mouse pointer hovers over any of the following:"
        LayoutBR {br} at (749,0) size 0x19
        LayoutInline {strong} at (0,0) size 63x19
          LayoutText {#text} at (0,20) size 63x19
            text run at (0,20) width 63: "This text."
      LayoutNGBlockFlow {p} at (0,56) size 800x20
        LayoutText {#text} at (0,0) size 59x19
          text run at (0,0) width 59: "This text."
      LayoutTable {table} at (0,92) size 111x108
        LayoutTableSection (anonymous) at (0,0) size 111x108
          LayoutTableRow {tr} at (0,2) size 111x80
            LayoutNGTableCell {td} at (2,2) size 107x80 [r=0 c=0 rs=1 cs=1]
              LayoutTable {table} at (1,1) size 105x78
                LayoutTableSection (anonymous) at (0,0) size 105x78
                  LayoutTableRow {tr} at (0,2) size 105x74
                    LayoutNGTableCell {td} at (2,2) size 101x74 [r=0 c=0 rs=1 cs=1]
                      LayoutNGBlockFlow {dl} at (1,17) size 99x40
                        LayoutNGBlockFlow {dt} at (0,0) size 99x20
                          LayoutText {#text} at (0,0) size 59x19
                            text run at (0,0) width 59: "This text."
                        LayoutNGBlockFlow {dd} at (40,20) size 59x20
                          LayoutText {#text} at (0,0) size 59x19
                            text run at (0,0) width 59: "This text."
          LayoutTableRow {tr} at (0,84) size 111x22
            LayoutNGTableCell {td} at (2,84) size 107x22 [r=1 c=0 rs=1 cs=1]
              LayoutText {#text} at (1,1) size 59x19
                text run at (1,1) width 59: "This text."
      LayoutNGBlockFlow {p} at (0,216) size 800x23.19
        LayoutInline {sub} at (0,0) size 51x16
          LayoutText {#text} at (0,7) size 51x16
            text run at (0,7) width 51: "This text."
      LayoutNGBlockFlow {p} at (0,255.19) size 800x20
        LayoutText {#text} at (0,0) size 573x19
          text run at (0,0) width 573: "...and anything else between the top of the first paragraph and the bottom of this paragraph."
