layer at (0,0) size 800x600
  LayoutView at (0,0) size 800x600
layer at (0,0) size 800x72
  LayoutNGBlockFlow {test} at (0,0) size 800x72
    LayoutNGBlockFlow {p} at (0,16) size 800x40
      LayoutInline {<pseudo:before>} at (0,0) size 182x19 [bgcolor=#00FF00]
        LayoutTextFragment (anonymous) at (0,0) size 182x19
          text run at (0,0) width 182: "GENERATED CONTENT "
      LayoutText {#text} at (181,0) size 734x39
        text run at (181,0) width 553: "You should see before this paragraph the words GENERATED CONTENT over green"
        text run at (0,20) width 75: "background"
