layer at (0,0) size 800x600
  LayoutView at (0,0) size 800x600
layer at (0,0) size 800x128
  LayoutNGBlockFlow {test} at (0,0) size 800x128
    LayoutNGBlockFlow {ul} at (0,16) size 800x40
      LayoutNGListItem {li} at (40,0) size 760x20 [bgcolor=#00FF00]
        LayoutNGListMarker (anonymous) at (-18,0) size 10x20
          LayoutText (anonymous) at (0,0) size 10x19
            text run at (0,0) width 10: "\x{2022} "
        LayoutText {#text} at (0,0) size 430x19
          text run at (0,0) width 430: "This list item should be green because its language is British English"
      LayoutNGListItem {li} at (40,20) size 760x20 [bgcolor=#00FF00]
        LayoutNGListMarker (anonymous) at (-18,0) size 10x20
          LayoutText (anonymous) at (0,0) size 10x19
            text run at (0,0) width 10: "\x{2022} "
        LayoutText {#text} at (0,0) size 482x19
          text run at (0,0) width 482: "This list item should be green because its language is British English (Wales)"
    LayoutNGBlockFlow {ol} at (0,72) size 800x40
      LayoutNGListItem {li} at (40,0) size 760x20
        LayoutNGListMarker (anonymous) at (-16,0) size 16x20
          LayoutText (anonymous) at (0,0) size 16x19
            text run at (0,0) width 16: "1. "
        LayoutText {#text} at (0,0) size 447x19
          text run at (0,0) width 447: "This list item should NOT be green because its language is US English"
      LayoutNGListItem {li} at (40,20) size 760x20
        LayoutNGListMarker (anonymous) at (-16,0) size 16x20
          LayoutText (anonymous) at (0,0) size 16x19
            text run at (0,0) width 16: "2. "
        LayoutText {#text} at (0,0) size 418x19
          text run at (0,0) width 418: "This list item should NOT be green because its language is French"
