layer at (0,0) size 800x600
  LayoutView at (0,0) size 800x600
layer at (0,0) size 800x72
  LayoutNGBlockFlow {test} at (0,0) size 800x72
    LayoutNGBlockFlow {p} at (0,16) size 800x20 [bgcolor=#00FF00]
      LayoutText {#text} at (0,0) size 494x19
        text run at (0,0) width 494: "This paragraph should have green background because its language is \"en-gb\""
    LayoutNGBlockFlow {address} at (0,52) size 800x20 [bgcolor=#00FF00]
      LayoutInline {span} at (0,0) size 156x19
        LayoutText {#text} at (0,0) size 156x19
          text run at (0,0) width 156: "This address should also"
      LayoutText {#text} at (155,0) size 5x19
        text run at (155,0) width 5: " "
      LayoutInline {span} at (0,0) size 505x19
        LayoutText {#text} at (159,0) size 505x19
          text run at (159,0) width 505: "have green background because the language of the inner SPANs is not French."
      LayoutText {#text} at (0,0) size 0x0
