layer at (0,0) size 800x600
  LayoutView at (0,0) size 800x600
layer at (0,0) size 800x184
  LayoutNGBlockFlow {test} at (0,0) size 800x184
    LayoutNGBlockFlow {p} at (0,16) size 800x40 [bgcolor=#FFFFFF]
      LayoutText {#text} at (0,0) size 747x19
        text run at (0,0) width 747: "This paragraph should be unstyled. The background of the following paragraph should become blue when you follow "
      LayoutInline {a} at (0,0) size 769x39 [color=#0000EE]
        LayoutText {#text} at (747,0) size 769x39
          text run at (747,0) width 22: "this"
          text run at (0,20) width 24: "link"
      LayoutText {#text} at (24,20) size 4x19
        text run at (24,20) width 4: "."
    LayoutNGBlockFlow {p} at (0,72) size 800x40 [bgcolor=#FFFFFF]
      LayoutText {#text} at (0,0) size 731x19
        text run at (0,0) width 731: "This paragraph should initially be unstyled. It should become blue when you select the link above. When you select "
      LayoutInline {a} at (0,0) size 50x19 [color=#0000EE]
        LayoutText {#text} at (731,0) size 50x19
          text run at (731,0) width 50: "this link"
      LayoutText {#text} at (781,0) size 797x39
        text run at (781,0) width 16: ", it"
        text run at (0,20) width 608: "should return to being unstyled and the background of the paragraph below should become blue."
    LayoutNGBlockFlow {p} at (0,128) size 800x40 [bgcolor=#FFFFFF]
      LayoutText {#text} at (0,0) size 737x19
        text run at (0,0) width 737: "This paragraph should initially be unstyled. It should become blue when you select the link above. When you follow "
      LayoutInline {a} at (0,0) size 50x19 [color=#0000EE]
        LayoutText {#text} at (737,0) size 50x19
          text run at (737,0) width 50: "this link"
      LayoutText {#text} at (787,0) size 791x39
        text run at (787,0) width 4: ","
        text run at (0,20) width 349: "the three paragraphs should all return to being unstyled."
