EDITING DELEGATE: webViewDidChangeSelection:WebViewDidChangeSelectionNotification
EDITING DELEGATE: webViewDidChangeSelection:WebViewDidChangeSelectionNotification
EDITING DELEGATE: webViewDidChangeSelection:WebViewDidChangeSelectionNotification
EDITING DELEGATE: webViewDidChange:WebViewDidChangeNotification
layer at (0,0) size 800x600
  LayoutView at (0,0) size 800x600
layer at (0,0) size 800x600
  LayoutBlockFlow {HTML} at (0,0) size 800x600
    LayoutBlockFlow {BODY} at (8,8) size 784x584
      LayoutBlockFlow {DIV} at (0,0) size 784x56 [border: (2px solid #FF0000)]
        LayoutInline {SPAN} at (14,14) size 155x28
          LayoutText {#text} at (14,14) size 23x28
            text run at (14,14) width 23: "ax"
          LayoutInline {SPAN} at (36,14) size 122x28
            LayoutText {#text} at (36,14) size 122x28
              text run at (36,14) width 122: "\x{9}\x{9}\x{9}"
          LayoutText {#text} at (157,14) size 12x28
            text run at (157,14) width 12: "z"
        LayoutText {#text} at (0,0) size 0x0
caret: position 2 of child 0 {#text} of child 1 {SPAN} of child 1 {DIV} of body
