EDITING DELEGATE: webViewDidChangeSelection:WebViewDidChangeSelectionNotification
EDITING DELEGATE: webViewDidChangeSelection:WebViewDidChangeSelectionNotification
EDITING DELEGATE: webViewDidChange:WebViewDidChangeNotification
layer at (0,0) size 800x600
  LayoutView at (0,0) size 800x600
layer at (0,0) size 800x600
  LayoutBlockFlow {HTML} at (0,0) size 800x600
    LayoutBlockFlow {BODY} at (8,8) size 784x584
      LayoutBlockFlow {P} at (0,0) size 784x36
        LayoutText {#text} at (0,0) size 766x36
          text run at (0,0) width 288: "This testcase used to break InsertLineBreak. "
          text run at (287,0) width 479: "The editable region below should have two empty paragraphs in it, and the"
          text run at (0,18) width 190: "caret should be in the second."
      LayoutBlockFlow {DIV} at (0,52) size 784x36
        LayoutBlockFlow {DIV} at (0,0) size 784x36
          LayoutBR {BR} at (0,0) size 0x18
          LayoutBR {BR} at (0,18) size 0x18
caret: position 0 of child 2 {BR} of child 0 {DIV} of child 2 {DIV} of body
