EDITING DELEGATE: webViewDidChangeSelection:WebViewDidChangeSelectionNotification
EDITING DELEGATE: webViewDidChangeSelection:WebViewDidChangeSelectionNotification
EDITING DELEGATE: webViewDidChange:WebViewDidChangeNotification
layer at (0,0) size 800x600
  LayoutView at (0,0) size 800x600
layer at (0,0) size 800x600
  LayoutBlockFlow {HTML} at (0,0) size 800x600
    LayoutBlockFlow {BODY} at (8,8) size 784x584
      LayoutBlockFlow {P} at (0,0) size 784x36
        LayoutText {#text} at (0,0) size 758x36
          text run at (0,0) width 347: "This tests InsertParagraphSeparator inside table cells. "
          text run at (346,0) width 412: "The first cell should contain 'Cell' and a newline, and the second"
          text run at (0,18) width 163: "cell should contain 'Two'."
      LayoutBlockFlow {DIV} at (0,52) size 784x46
        LayoutTable {TABLE} at (0,0) size 80x46 [border: (1px outset #808080)]
          LayoutTableSection {TBODY} at (1,1) size 78x44
            LayoutTableRow {TR} at (0,2) size 78x40
              LayoutTableCell {TD} at (2,2) size 35x40 [border: (1px inset #808080)] [r=0 c=0 rs=1 cs=1]
                LayoutText {#text} at (2,2) size 31x18
                  text run at (2,2) width 31: "Cell "
                LayoutBR {BR} at (32,16) size 1x0
                LayoutBR {BR} at (2,20) size 0x18
              LayoutTableCell {TD} at (39,2) size 37x40 [border: (1px inset #808080)] [r=0 c=1 rs=1 cs=1]
                LayoutText {#text} at (2,11) size 33x18
                  text run at (2,2) width 33: " Two"
caret: position 0 of child 2 {BR} of child 0 {TD} of child 0 {TR} of child 0 {TBODY} of child 0 {TABLE} of child 2 {DIV} of body
