layer at (0,0) size 800x600
  LayoutView at (0,0) size 800x600
layer at (0,0) size 800x165 layerType: background only
layer at (8,52) size 100x100
  LayoutBlockFlow (positioned) zI: -1 {DIV} at (8,52) size 100x100 [bgcolor=#FF0000]
layer at (0,0) size 800x165 layerType: foreground only
  LayoutBlockFlow {HTML} at (0,0) size 800x165
    LayoutBlockFlow {BODY} at (8,16) size 784x141
      LayoutBlockFlow {P} at (0,0) size 784x20
        LayoutText {#text} at (0,0) size 294x19
          text run at (0,0) width 294: "Test passes if there is a filled green square and "
        LayoutInline {STRONG} at (0,0) size 44x19
          LayoutText {#text} at (294,0) size 44x19
            text run at (294,0) width 44: "no red"
        LayoutText {#text} at (338,0) size 4x19
          text run at (338,0) width 4: "."
      LayoutBlockFlow (anonymous) at (0,36) size 784x105
        LayoutTable {DIV} at (0,0) size 100x100 [bgcolor=#008000] [border: (25px solid #008000)]
        LayoutText {#text} at (0,0) size 0x0
