layer at (0,0) size 800x600
  LayoutView at (0,0) size 800x600
layer at (0,0) size 800x600
  LayoutBlockFlow {HTML} at (0,0) size 800x600
    LayoutBlockFlow {BODY} at (8,8) size 784x584
      LayoutText {#text} at (0,0) size 216x18
        text run at (0,0) width 216: "This iframe should have a border."
      LayoutBR {BR} at (215,14) size 1x0
      LayoutText {#text} at (304,158) size 4x18
        text run at (304,158) width 4: " "
      LayoutBR {BR} at (0,0) size 0x0
      LayoutText {#text} at (0,176) size 150x18
        text run at (0,176) width 150: "This iframe should not."
      LayoutBR {BR} at (149,190) size 1x0
      LayoutText {#text} at (300,330) size 4x18
        text run at (300,330) width 4: " "
      LayoutBR {BR} at (304,344) size 0x0
      LayoutText {#text} at (0,348) size 220x18
        text run at (0,348) width 220: "This iframe should have a border. "
      LayoutBR {BR} at (219,362) size 1x0
      LayoutText {#text} at (0,0) size 0x0
layer at (8,26) size 304x154
  LayoutIFrame {IFRAME} at (0,18) size 304x154 [border: (2px inset #EEEEEE)]
    layer at (0,0) size 300x150
      LayoutView at (0,0) size 300x150
    layer at (0,0) size 300x150
      LayoutBlockFlow {HTML} at (0,0) size 300x150
        LayoutBlockFlow {BODY} at (8,8) size 284x134
layer at (8,202) size 300x150
  LayoutIFrame {IFRAME} at (0,194) size 300x150
    layer at (0,0) size 300x150
      LayoutView at (0,0) size 300x150
    layer at (0,0) size 300x150
      LayoutBlockFlow {HTML} at (0,0) size 300x150
        LayoutBlockFlow {BODY} at (8,8) size 284x134
layer at (8,374) size 304x154
  LayoutIFrame {IFRAME} at (0,366) size 304x154 [border: (2px inset #EEEEEE)]
    layer at (0,0) size 300x150
      LayoutView at (0,0) size 300x150
    layer at (0,0) size 300x150
      LayoutBlockFlow {HTML} at (0,0) size 300x150
        LayoutBlockFlow {BODY} at (8,8) size 284x134
