layer at (0,0) size 800x600 clip at (0,0) size 785x600 scrollHeight 638
  LayoutView at (0,0) size 800x600
layer at (0,0) size 785x638 backgroundClip at (0,0) size 785x600 clip at (0,0) size 785x600
  LayoutBlockFlow {HTML} at (0,0) size 785x638
    LayoutBlockFlow {BODY} at (8,8) size 769x614
      LayoutBlockFlow (anonymous) at (0,0) size 769x20
        LayoutText {#text} at (0,0) size 318x19
          text run at (0,0) width 318: "This tests the selection methods on the new text field."
      LayoutBlockFlow {P} at (0,36) size 769x22
        LayoutTextControl {INPUT} at (0,0) size 173x22 [bgcolor=#FFFFFF] [border: (2px inset #EEEEEE)]
        LayoutText {#text} at (0,0) size 0x0
      LayoutBlockFlow {DIV} at (0,74) size 769x540
        LayoutBR {BR} at (0,0) size 0x19
        LayoutText {#text} at (0,20) size 188x19
          text run at (0,20) width 188: "Test 1: setSelectionRange(0, 0)"
        LayoutBR {BR} at (188,35) size 0x0
        LayoutText {#text} at (0,40) size 47x19
          text run at (0,40) width 47: "Passed."
        LayoutBR {BR} at (47,55) size 0x0
        LayoutBR {BR} at (0,60) size 0x19
        LayoutText {#text} at (0,80) size 153x19
          text run at (0,80) width 153: "Test 2: selectionEnd = 17"
        LayoutBR {BR} at (153,95) size 0x0
        LayoutText {#text} at (0,100) size 47x19
          text run at (0,100) width 47: "Passed."
        LayoutBR {BR} at (47,115) size 0x0
        LayoutBR {BR} at (0,120) size 0x19
        LayoutText {#text} at (0,140) size 150x19
          text run at (0,140) width 150: "Test 3: selectionStart = 1"
        LayoutBR {BR} at (150,155) size 0x0
        LayoutText {#text} at (0,160) size 47x19
          text run at (0,160) width 47: "Passed."
        LayoutBR {BR} at (47,175) size 0x0
        LayoutBR {BR} at (0,180) size 0x19
        LayoutText {#text} at (0,200) size 196x19
          text run at (0,200) width 196: "Test 4: setSelectionRange(10, 3)"
        LayoutBR {BR} at (196,215) size 0x0
        LayoutText {#text} at (0,220) size 47x19
          text run at (0,220) width 47: "Passed."
        LayoutBR {BR} at (47,235) size 0x0
        LayoutBR {BR} at (0,240) size 0x19
        LayoutText {#text} at (0,260) size 145x19
          text run at (0,260) width 145: "Test 5: selectionEnd = 2"
        LayoutBR {BR} at (145,275) size 0x0
        LayoutText {#text} at (0,280) size 47x19
          text run at (0,280) width 47: "Passed."
        LayoutBR {BR} at (47,295) size 0x0
        LayoutBR {BR} at (0,300) size 0x19
        LayoutText {#text} at (0,320) size 188x19
          text run at (0,320) width 188: "Test 6: setSelectionRange(5, 4)"
        LayoutBR {BR} at (188,335) size 0x0
        LayoutText {#text} at (0,340) size 47x19
          text run at (0,340) width 47: "Passed."
        LayoutBR {BR} at (47,355) size 0x0
        LayoutBR {BR} at (0,360) size 0x19
        LayoutText {#text} at (0,380) size 200x19
          text run at (0,380) width 200: "Test 7: setSelectionRange(-5, -4)"
        LayoutBR {BR} at (200,395) size 0x0
        LayoutText {#text} at (0,400) size 47x19
          text run at (0,400) width 47: "Passed."
        LayoutBR {BR} at (47,415) size 0x0
        LayoutBR {BR} at (0,420) size 0x19
        LayoutText {#text} at (0,440) size 202x19
          text run at (0,440) width 202: "Test 8: setSelectionRange(-5, 80)"
        LayoutBR {BR} at (202,455) size 0x0
        LayoutText {#text} at (0,460) size 47x19
          text run at (0,460) width 47: "Passed."
        LayoutBR {BR} at (47,475) size 0x0
        LayoutBR {BR} at (0,480) size 0x19
        LayoutText {#text} at (0,500) size 196x19
          text run at (0,500) width 196: "Test 9: setSelectionRange(3, 12)"
        LayoutBR {BR} at (196,515) size 0x0
        LayoutText {#text} at (0,520) size 47x19
          text run at (0,520) width 47: "Passed."
        LayoutBR {BR} at (47,535) size 0x0
      LayoutBlockFlow {P} at (0,630) size 769x0
layer at (10,47) size 169x16
  LayoutBlockFlow {DIV} at (2,3) size 169x16
    LayoutText {#text} at (0,0) size 148x16
      text run at (0,0) width 148: "123456789 ABCDEFGHIJ"
selection start: position 3 of child 0 {#text} of child 0 {DIV} of {#document-fragment} of child 1 {INPUT} of child 1 {P} of body
selection end:   position 12 of child 0 {#text} of child 0 {DIV} of {#document-fragment} of child 1 {INPUT} of child 1 {P} of body
