layer at (0,0) size 800x600
  LayoutView at (0,0) size 800x600
layer at (0,0) size 800x600
  LayoutBlockFlow {HTML} at (0,0) size 800x600
    LayoutBlockFlow {BODY} at (8,8) size 784x576
      LayoutBlockFlow (anonymous) at (0,0) size 784x22
        LayoutTextControl {INPUT} at (0,0) size 173x22 [bgcolor=#FFFFFF] [border: (2px inset #EEEEEE)]
        LayoutText {#text} at (173,1) size 4x19
          text run at (173,1) width 4: " "
        LayoutTextControl {INPUT} at (177,0) size 173x22 [bgcolor=#FFFFFF] [border: (2px inset #EEEEEE)]
        LayoutText {#text} at (350,1) size 4x19
          text run at (350,1) width 4: " "
        LayoutTextControl {INPUT} at (354,0) size 173x22 [bgcolor=#FFFFFF] [border: (2px inset #EEEEEE)]
        LayoutText {#text} at (0,0) size 0x0
      LayoutBlockFlow {P} at (0,38) size 784x40
        LayoutText {#text} at (0,0) size 740x39
          text run at (0,0) width 740: "Tests scrolling back to the beginning when a text field blurs. The first field should be scrolled to the left, the second and third"
          text run at (0,20) width 119: "scrolled to the right."
layer at (10,11) size 169x16 scrollWidth 338
  LayoutBlockFlow {DIV} at (2,3) size 169x16
    LayoutText {#text} at (0,0) size 337x16
      text run at (0,0) width 337: "this text field has a lot of text in it so that it needs to scroll"
layer at (187,11) size 169x16 scrollX 168.00 scrollWidth 337
  LayoutBlockFlow {DIV} at (2,3) size 169x16
    LayoutText {#text} at (-168,0) size 337x16
      text run at (-168,0) width 337: "this text field has a lot of text in it so that it needs to scroll"
layer at (364,11) size 169x16 scrollX 169.00 scrollWidth 338
  LayoutBlockFlow {DIV} at (2,3) size 169x16
    LayoutText {#text} at (0,0) size 337x16
      text run at (0,0) width 337: "this text field has a lot of text in it so that it needs to scroll"
caret: position 66 of child 0 {#text} of child 0 {DIV} of {#document-fragment} of child 4 {INPUT} of body
