layer at (0,0) size 800x600
  LayoutView at (0,0) size 800x600
layer at (0,0) size 800x600
  LayoutBlockFlow {HTML} at (0,0) size 800x600
    LayoutBlockFlow {BODY} at (8,8) size 784x584
      LayoutBR {BR} at (0,0) size 0x19
      LayoutText {#text} at (0,20) size 630x19
        text run at (0,20) width 630: "This tests that preventDefault called onmousedown will prevent a caret from being placed in the text field."
layer at (10,50) size 173x22 clip at (12,52) size 169x18
  LayoutTextControl (positioned) {INPUT} at (10,50) size 173x22 [bgcolor=#FFFFFF] [border: (2px inset #EEEEEE)]
layer at (12,53) size 169x16
  LayoutBlockFlow {DIV} at (2,3) size 169x16
    LayoutText {#text} at (0,0) size 138x16
      text run at (0,0) width 138: "No caret should be here"
layer at (10,70) size 308x40
  LayoutBlockFlow (positioned) {DIV} at (10,70) size 307.72x40
    LayoutBR {BR} at (0,0) size 0x19
    LayoutText {#text} at (0,20) size 308x19
      text run at (0,20) width 308: "mousedown on target [object HTMLInputElement]"
