layer at (0,0) size 800x600
  LayoutView at (0,0) size 800x600
layer at (0,0) size 800x36
  LayoutBlockFlow {HTML} at (0,0) size 800x36
    LayoutBlockFlow {BODY} at (8,8) size 784x20
      LayoutTextControl {INPUT} at (0,3.50) size 100x2 [bgcolor=#FFFFFF]
      LayoutText {#text} at (0,0) size 0x0
layer at (8,-6) size 100x37 backgroundClip at (8,12) size 100x2 clip at (8,12) size 100x2
  LayoutBlockFlow {DIV} at (0,-17.50) size 100x37
    LayoutText {#text} at (0,0) size 67x36
      text run at (0,0) width 67: "FAIL"
