layer at (0,0) size 800x600
  LayoutView at (0,0) size 800x600
layer at (0,0) size 800x241
  LayoutBlockFlow {HTML} at (0,0) size 800x241
    LayoutBlockFlow {BODY} at (8,8) size 784x225
      LayoutTextControl {INPUT} at (4,4) size 173x22 [bgcolor=#FFFFFF] [border: (2px inset #EEEEEE)]
      LayoutText {#text} at (181,5) size 4x19
        text run at (181,5) width 4: " "
      LayoutBR {BR} at (185,5) size 0x19
      LayoutTextControl {INPUT} at (4,34) size 175x24 [bgcolor=#FFFFFF] [border: (3px solid #00FF00)]
      LayoutText {#text} at (183,36) size 4x19
        text run at (183,36) width 4: " "
      LayoutTextControl {INPUT} at (191,35) size 173x22 [bgcolor=#FFFFFF] [border: (2px inset #EEEEEE)]
      LayoutText {#text} at (368,36) size 4x19
        text run at (368,36) width 4: " "
      LayoutBR {BR} at (372,36) size 0x19
      LayoutTextControl {INPUT} at (4,66) size 173x22 [border: (2px inset #EEEEEE)]
      LayoutText {#text} at (181,67) size 4x19
        text run at (181,67) width 4: " "
      LayoutBR {BR} at (185,67) size 0x19
      LayoutTextControl {INPUT} at (4,96) size 173x22 [bgcolor=#FFFFFF] [border: (2px inset #EEEEEE)]
      LayoutText {#text} at (181,97) size 4x19
        text run at (181,97) width 4: " "
      LayoutBR {BR} at (185,97) size 0x19
      LayoutTextControl {INPUT} at (4,132) size 180x25 [bgcolor=#FFFFFF] [border: (2px inset #EEEEEE)]
      LayoutText {#text} at (188,135) size 4x19
        text run at (188,135) width 4: " "
      LayoutTextControl {INPUT} at (196,128) size 228x30 [bgcolor=#FFFFFF] [border: (2px inset #EEEEEE)]
      LayoutText {#text} at (428,135) size 4x19
        text run at (428,135) width 4: " "
      LayoutTextControl {INPUT} at (436,126) size 277x34 [bgcolor=#FFFFFF] [border: (2px inset #EEEEEE)]
      LayoutText {#text} at (717,135) size 4x19
        text run at (717,135) width 4: " "
      LayoutBR {BR} at (721,135) size 0x19
      LayoutTextControl {INPUT} at (6,180.50) size 230x33 [bgcolor=#FFFFFF] [border: (3px inset #EEEEEE)]
      LayoutText {#text} at (242,189) size 4x19
        text run at (242,189) width 4: " "
      LayoutTextControl {INPUT} at (254,172) size 307x45 [bgcolor=#FFFFFF] [border: (4px inset #EEEEEE)]
      LayoutText {#text} at (569,189) size 4x19
        text run at (569,189) width 4: " "
      LayoutBR {BR} at (573,189) size 0x19
layer at (14,15) size 169x16
  LayoutBlockFlow {DIV} at (2,3) size 169x16
    LayoutText {#text} at (0,0) size 17x16
      text run at (0,0) width 17: "foo"
layer at (15,46) size 169x16
  LayoutBlockFlow {DIV} at (3,4) size 169x16
    LayoutText {#text} at (0,0) size 17x16
      text run at (0,0) width 17: "foo"
layer at (201,46) size 169x16
  LayoutBlockFlow {DIV} at (2,3) size 169x16
    LayoutText {#text} at (0,0) size 17x16
      text run at (0,0) width 17: "foo"
layer at (14,77) size 169x16
  LayoutBlockFlow {DIV} at (2,3) size 169x16
    LayoutText {#text} at (0,0) size 17x16
      text run at (0,0) width 17: "foo"
layer at (14,107) size 169x16
  LayoutBlockFlow {DIV} at (2,3) size 169x16
    LayoutText {#text} at (0,0) size 17x16
      text run at (0,0) width 17: "foo"
layer at (14,143) size 176x19
  LayoutBlockFlow {DIV} at (2,3) size 176x19
    LayoutText {#text} at (0,0) size 22x18
      text run at (0,0) width 22: "foo"
layer at (206,139) size 224x24
  LayoutBlockFlow {DIV} at (2,3) size 224x24
    LayoutText {#text} at (0,0) size 28x23
      text run at (0,0) width 28: "foo"
layer at (446,137) size 273x28
  LayoutBlockFlow {DIV} at (2,3) size 273x28
    LayoutText {#text} at (0,0) size 33x27
      text run at (0,0) width 33: "foo"
layer at (17,193) size 224x24
  LayoutBlockFlow {DIV} at (3,4.50) size 224x24
    LayoutText {#text} at (0,0) size 28x23
      text run at (0,0) width 28: "foo"
layer at (266,186) size 299x33
  LayoutBlockFlow {DIV} at (4,6) size 299x33
    LayoutText {#text} at (0,0) size 37x32
      text run at (0,0) width 37: "foo"
