layer at (0,0) size 800x600
  LayoutView at (0,0) size 800x600
layer at (0,0) size 800x144
  LayoutBlockFlow {HTML} at (0,0) size 800x144
    LayoutBlockFlow {BODY} at (8,16) size 784x120
      LayoutBlockFlow {P} at (0,0) size 784x20
        LayoutText {#text} at (0,0) size 253x19
          text run at (0,0) width 253: "Editable text should be centered vertically."
      LayoutBlockFlow {DIV} at (0,36) size 784x28
        LayoutTextControl {INPUT} at (0,0) size 236x28 [bgcolor=#FFFFFF] [border: (1px solid #000000)]
        LayoutTextControl {INPUT} at (236,0) size 236x28 [bgcolor=#FFFFFF] [border: (1px solid #000000)]
      LayoutBlockFlow {DIV} at (0,64) size 784x28
        LayoutTextControl {INPUT} at (0,0) size 275x28 [bgcolor=#FFFFFF] [border: (1px solid #000000)]
      LayoutBlockFlow {DIV} at (0,92) size 784x28
        LayoutTextControl {INPUT} at (0,0) size 180x28 [bgcolor=#FFFFFF] [border: (2px inset #EEEEEE)]
layer at (9,53) size 234x27
  LayoutBlockFlow {DIV} at (1,0.50) size 234x27
    LayoutText {#text} at (0,0) size 70x24
      text run at (0,0) width 70: "\x{3075} ABCgjy"
layer at (245,53) size 234x27
  LayoutBlockFlow {DIV} at (1,0.50) size 234x27
    LayoutText {#text} at (0,0) size 70x24
      text run at (0,0) width 70: "\x{3075} ABCgjy"
layer at (9,80) size 273x28
  LayoutBlockFlow {DIV} at (1,0) size 273x28
    LayoutText {#text} at (0,0) size 80x27
      text run at (0,0) width 80: "ABCgjy"
layer at (10,113) size 176x19
  LayoutBlockFlow {DIV} at (2,4.50) size 176x19
    LayoutText {#text} at (0,0) size 53x18
      text run at (0,0) width 53: "ABCgjy"
