layer at (0,0) size 800x600
  LayoutView at (0,0) size 800x600
layer at (0,0) size 800x79
  LayoutBlockFlow {HTML} at (0,0) size 800x79
    LayoutBlockFlow {BODY} at (8,16) size 784x47
      LayoutBlockFlow {P} at (0,0) size 784x47
        LayoutRuby (inline) {RUBY} at (0,0) size 88x19
          LayoutRubyRun (anonymous) at (0,12) size 88x35
            LayoutRubyText {RT} at (0,-12) size 88x12
              LayoutText {#text} at (14,0) size 60x12
                text run at (14,0) width 60: "K\x{14D}kakukid\x{14D}tai"
            LayoutRubyBase (anonymous) at (0,0) size 88x35
              LayoutRuby (inline) {RUBY} at (0,0) size 88x19
                LayoutRubyRun (anonymous) at (0,9) size 18x26
                  LayoutRubyText {RT} at (0,-9) size 18x15
                    LayoutText {#text} at (0,0) size 18x12
                      text run at (0,0) width 18: "\x{3053}\x{3046}"
                  LayoutRubyBase (anonymous) at (0,0) size 18x26
                    LayoutText {#text} at (1,3) size 16x19
                      text run at (1,3) width 16: "\x{653B}"
                LayoutRubyRun (anonymous) at (18,9) size 18x26
                  LayoutRubyText {RT} at (0,-9) size 18x15
                    LayoutText {#text} at (0,0) size 18x12
                      text run at (0,0) width 18: "\x{304B}\x{304F}"
                  LayoutRubyBase (anonymous) at (0,0) size 18x26
                    LayoutText {#text} at (1,3) size 16x19
                      text run at (1,3) width 16: "\x{6BBB}"
                LayoutRubyRun (anonymous) at (36,9) size 16x26
                  LayoutRubyText {RT} at (0,-9) size 16x15
                    LayoutText {#text} at (3,0) size 10x12
                      text run at (3,0) width 10: "\x{304D}"
                  LayoutRubyBase (anonymous) at (0,0) size 16x26
                    LayoutText {#text} at (0,3) size 16x19
                      text run at (0,3) width 16: "\x{6A5F}"
                LayoutRubyRun (anonymous) at (52,9) size 18x26
                  LayoutRubyText {RT} at (0,-9) size 18x15
                    LayoutText {#text} at (0,0) size 18x12
                      text run at (0,0) width 18: "\x{3069}\x{3046}"
                  LayoutRubyBase (anonymous) at (0,0) size 18x26
                    LayoutText {#text} at (1,3) size 16x19
                      text run at (1,3) width 16: "\x{52D5}"
                LayoutRubyRun (anonymous) at (70,9) size 18x26
                  LayoutRubyText {RT} at (0,-9) size 18x15
                    LayoutText {#text} at (0,0) size 18x12
                      text run at (0,0) width 18: "\x{305F}\x{3044}"
                  LayoutRubyBase (anonymous) at (0,0) size 18x26
                    LayoutText {#text} at (1,3) size 16x19
                      text run at (1,3) width 16: "\x{968A}"
