layer at (0,0) size 800x600
  LayoutView at (0,0) size 800x600
layer at (0,0) size 800x600
  LayoutBlockFlow {HTML} at (0,0) size 800x600
    LayoutBlockFlow {BODY} at (8,8) size 784x576
      LayoutBlockFlow {P} at (0,0) size 784x20
        LayoutText {#text} at (0,0) size 420x19
          text run at (0,0) width 420: "The following is a test for having a <rt> immediately following another."
      LayoutBlockFlow (anonymous) at (0,36) size 784x40
        LayoutBR {BR} at (0,0) size 0x19
        LayoutBR {BR} at (0,20) size 0x19
      LayoutBlockFlow {P} at (0,92) size 784x32
        LayoutText {#text} at (0,12) size 79x19
          text run at (0,12) width 79: "<ruby> uses "
        LayoutRuby (inline) {RUBY} at (0,0) size 41x19
          LayoutRubyRun (anonymous) at (79,12) size 27x20
            LayoutRubyText {RT} at (0,-12) size 27x12
              LayoutText {#text} at (4,0) size 19x12
                text run at (4,0) width 19: "ruby"
            LayoutRubyBase (anonymous) at (0,0) size 27x20
              LayoutText {#text} at (0,0) size 27x19
                text run at (0,0) width 27: "<rt>"
          LayoutRubyRun (anonymous) at (106,29) size 14x0
            LayoutRubyText {RT} at (0,-12) size 14x12
              LayoutText {#text} at (0,0) size 14x12
                text run at (0,0) width 14: "text"
        LayoutText {#text} at (120,12) size 155x19
          text run at (120,12) width 155: " to contain the annotation."
