layer at (0,0) size 800x600
  LayoutView at (0,0) size 800x600
layer at (0,0) size 800x88
  LayoutBlockFlow {HTML} at (0,0) size 800x88
    LayoutBlockFlow {BODY} at (16,16) size 768x56 [color=#0000FF]
      LayoutRuby (inline) {RUBY} at (0,0) size 202x36
        LayoutRubyRun (anonymous) at (0,19) size 181x37
          LayoutRubyText {RT} at (0,-19) size 181x20
            LayoutInline {<pseudo:before>} at (0,0) size 59x19
              LayoutTextFragment (anonymous) at (0,0) size 59x19
                text run at (0,0) width 59: "BEFORE"
            LayoutText {#text} at (59,0) size 74x19
              text run at (59,0) width 74: "CONTENT"
            LayoutInline {<pseudo:after>} at (0,0) size 48x19
              LayoutTextFragment (anonymous) at (133,0) size 48x19
                text run at (133,0) width 48: "AFTER"
          LayoutRubyBase (anonymous) at (0,0) size 181x37
            LayoutText {#text} at (79,0) size 23x36
              text run at (79,0) width 23: "A"
        LayoutRubyRun (anonymous) at (181,19) size 21x37
          LayoutRubyBase (anonymous) at (0,0) size 21x37
            LayoutText {#text} at (0,0) size 21x36
              text run at (0,0) width 21: "B"
      LayoutText {#text} at (0,0) size 0x0
