layer at (0,0) size 800x600
  LayoutView at (0,0) size 800x600
layer at (0,0) size 800x600
  LayoutBlockFlow {HTML} at (0,0) size 800x600
    LayoutBlockFlow {BODY} at (8,8) size 784x576
      LayoutBlockFlow {P} at (0,0) size 784x20
        LayoutText {#text} at (0,0) size 464x19
          text run at (0,0) width 464: "The following is a test for having non-text inline elements as base in a <ruby>."
      LayoutBlockFlow {P} at (0,36) size 784x32
        LayoutText {#text} at (0,12) size 146x19
          text run at (0,12) width 146: "<ruby> is defined in the "
        LayoutRuby (inline) {RUBY} at (0,0) size 128x19
          LayoutRubyRun (anonymous) at (142,12) size 41x20
            LayoutRubyText {RT} at (0,-12) size 41x12
              LayoutText {#text} at (0,0) size 41x12
                text run at (0,0) width 41: "Hyper-text"
            LayoutRubyBase (anonymous) at (0,0) size 41x20
              LayoutInline {SPAN} at (0,0) size 21x19
                LayoutText {#text} at (10,0) size 21x19
                  text run at (10,0) width 21: "HT"
          LayoutRubyRun (anonymous) at (183,12) size 95x20
            LayoutRubyText {RT} at (0,-12) size 95x12
              LayoutText {#text} at (0,0) size 95x12
                text run at (0,0) width 95: "Markup Language Lvl. 5"
            LayoutRubyBase (anonymous) at (0,0) size 95x20
              LayoutInline {SPAN} at (0,0) size 14x19
                LayoutText {#text} at (32,0) size 14x19
                  text run at (32,0) width 14: "M"
              LayoutInline {SPAN} at (0,0) size 9x19
                LayoutText {#text} at (46,0) size 9x19
                  text run at (46,0) width 9: "L"
              LayoutInline {SPAN} at (0,0) size 8x19
                LayoutText {#text} at (55,0) size 8x19
                  text run at (55,0) width 8: "5"
        LayoutText {#text} at (274,12) size 36x19
          text run at (274,12) width 36: " spec."
