layer at (0,0) size 800x600
  LayoutView at (0,0) size 800x600
layer at (0,0) size 800x458
  LayoutBlockFlow {HTML} at (0,0) size 800x458.39
    LayoutBlockFlow {BODY} at (8,16) size 784x434.39
      LayoutBlockFlow {P} at (0,0) size 784x40
        LayoutText {#text} at (0,0) size 775x39
          text run at (0,0) width 775: "Test passes if there are four unclipped cats below, if the cats are equally spaced from each other, and if the cats do not touch"
          text run at (0,20) width 182: "or overlap the double border."
      LayoutBlockFlow {DIV} at (0,56) size 378.39x378.39 [border: (25px double #000000)]
