layer at (0,0) size 800x600
  LayoutView at (0,0) size 800x600
layer at (0,0) size 800x438
  LayoutBlockFlow {HTML} at (0,0) size 800x437.78
    LayoutBlockFlow {BODY} at (8,16) size 784x413.78
      LayoutBlockFlow {P} at (0,0) size 784x20
        LayoutText {#text} at (0,0) size 302x19
          text run at (0,0) width 302: "Test passes if there is no red visible on the page."
      LayoutBlockFlow {DIV} at (0,36) size 378.39x378.39 [border: (25px double #000000)]
      LayoutBlockFlow {DIV} at (0,35.39) size 378.39x378.39 [border: (25px double #000000)]
