layer at (0,0) size 800x600
  LayoutView at (0,0) size 800x600
layer at (0,0) size 800x162
  LayoutBlockFlow {HTML} at (0,0) size 800x162
    LayoutBlockFlow {BODY} at (8,16) size 784x138
      LayoutBlockFlow {P} at (0,0) size 784x20
        LayoutText {#text} at (0,0) size 514x19
          text run at (0,0) width 514: "Test passes if the 'Filler Text' below is clipped to the curve of the rounded corners."
layer at (8,52) size 198x102 clip at (11,55) size 192x96 scrollHeight 160
  LayoutBlockFlow {DIV} at (0,36) size 198x102 [border: (3px solid #000000)]
    LayoutText {#text} at (3,3) size 177x159
      text run at (3,3) width 144: "Filler Text. Filler Text. "
      text run at (147,3) width 33: "Filler"
      text run at (3,23) width 107: "Text. Filler Text. "
      text run at (110,23) width 68: "Filler Text."
      text run at (3,43) width 72: "Filler Text. "
      text run at (75,43) width 105: "Filler Text. Filler"
      text run at (3,63) width 35: "Text. "
      text run at (38,63) width 140: "Filler Text. Filler Text."
      text run at (3,83) width 144: "Filler Text. Filler Text. "
      text run at (147,83) width 33: "Filler"
      text run at (3,103) width 107: "Text. Filler Text. "
      text run at (110,103) width 68: "Filler Text."
      text run at (3,123) width 72: "Filler Text. "
      text run at (75,123) width 105: "Filler Text. Filler"
      text run at (3,143) width 31: "Text."
