layer at (0,0) size 800x600
  LayoutView at (0,0) size 800x600
layer at (0,0) size 800x600
  LayoutBlockFlow {HTML} at (0,0) size 800x600
    LayoutBlockFlow {BODY} at (8,8) size 784x584
      LayoutText {#text} at (0,0) size 772x39
        text run at (0,0) width 772: "This is a initial test for simple ruby. There should be 2 ruby annotations on below line, one with a ruby text shorter than the"
        text run at (0,20) width 36: "base, "
        text run at (36,20) width 291: "and one with a ruby text longer than the base. "
      LayoutBR {BR} at (327,35) size 0x0
      LayoutBR {BR} at (0,40) size 0x19
      LayoutText {#text} at (0,71) size 155x19
        text run at (0,71) width 155: "<ruby> is defined in the "
      LayoutRuby (inline) {RUBY} at (0,0) size 184x19
        LayoutRubyRun (anonymous) at (155,71) size 184x20
          LayoutRubyText {RT} at (0,-12) size 184x12
            LayoutText {#text} at (76,0) size 32x12
              text run at (76,0) width 32: "HTML5"
          LayoutRubyBase (anonymous) at (0,0) size 184x20
            LayoutText {#text} at (0,0) size 184x19
              text run at (0,0) width 184: "Hypertext Markup Language"
      LayoutText {#text} at (339,71) size 31x19
        text run at (339,71) width 31: " and "
      LayoutRuby (inline) {RUBY} at (0,0) size 81x19
        LayoutRubyRun (anonymous) at (366,71) size 89x20
          LayoutRubyText {RT} at (0,-12) size 89x12
            LayoutText {#text} at (0,0) size 89x12
              text run at (0,0) width 89: "Cascading Style Sheets"
          LayoutRubyBase (anonymous) at (0,0) size 89x20
            LayoutText {#text} at (26,0) size 37x19
              text run at (26,0) width 37: "CSS3"
      LayoutText {#text} at (451,71) size 42x19
        text run at (451,71) width 42: " specs."
