layer at (0,0) size 800x600
  LayoutView at (0,0) size 800x600
layer at (0,0) size 800x600
  LayoutBlockFlow {HTML} at (0,0) size 800x600
    LayoutBlockFlow {BODY} at (8,8) size 784x576
      LayoutBlockFlow (anonymous) at (0,0) size 784x40
        LayoutText {#text} at (0,0) size 224x19
          text run at (0,0) width 224: "This is a initial test for simple ruby. "
        LayoutBR {BR} at (224,15) size 0x0
        LayoutBR {BR} at (0,20) size 0x19
      LayoutBlockFlow {P} at (0,56) size 784x32
        LayoutText {#text} at (0,12) size 161x19
          text run at (0,12) width 161: "Ruby is often used in the "
        LayoutRuby (inline) {RUBY} at (0,0) size 117x19
          LayoutRubyRun (anonymous) at (161,12) size 117x20
            LayoutRubyText {RT} at (0,-12) size 117x12
              LayoutText {#text} at (41,0) size 35x12
                text run at (41,0) width 35: "Nihongo"
            LayoutRubyBase (anonymous) at (0,0) size 117x20
              LayoutText {#text} at (0,0) size 117x19
                text run at (0,0) width 117: "Japanese language"
        LayoutText {#text} at (278,12) size 4x19
          text run at (278,12) width 4: "."
