layer at (0,0) size 800x600
  LayoutView at (0,0) size 800x600
layer at (0,0) size 800x600
  LayoutBlockFlow {HTML} at (0,0) size 800x600
    LayoutBlockFlow {BODY} at (8,8) size 784x576
      LayoutBlockFlow (anonymous) at (0,0) size 784x60
        LayoutText {#text} at (0,0) size 760x39
          text run at (0,0) width 333: "This is a test for simple ruby that contains <rp> tags. "
          text run at (333,0) width 427: "Contents of the <rp> tags (opening and closing brackets) should not"
          text run at (0,20) width 202: "show when ruby is suppoorted. "
        LayoutBR {BR} at (202,35) size 0x0
        LayoutBR {BR} at (0,40) size 0x19
      LayoutBlockFlow {P} at (0,76) size 784x32
        LayoutText {#text} at (0,12) size 161x19
          text run at (0,12) width 161: "Ruby is often used in the "
        LayoutRuby (inline) {RUBY} at (0,0) size 117x19
          LayoutRubyRun (anonymous) at (161,12) size 117x20
            LayoutRubyText {RT} at (0,-12) size 117x12
              LayoutText {#text} at (41,0) size 35x12
                text run at (41,0) width 35: "Nihongo"
            LayoutRubyBase (anonymous) at (0,0) size 117x20
              LayoutText {#text} at (0,0) size 117x19
                text run at (0,0) width 117: "Japanese language"
        LayoutText {#text} at (278,12) size 4x19
          text run at (278,12) width 4: "."
