layer at (0,0) size 800x600
  LayoutView at (0,0) size 800x600
layer at (0,0) size 800x160
  LayoutBlockFlow {HTML} at (0,0) size 800x160
    LayoutBlockFlow {BODY} at (8,16) size 784x136
      LayoutBlockFlow {P} at (0,0) size 784x20
        LayoutText {#text} at (0,0) size 388x19
          text run at (0,0) width 388: "Test passes if the bottom of the \"Filler Text\" below is aligned."
      LayoutTable {TABLE} at (0,36) size 352x100
        LayoutTableSection {TBODY} at (0,0) size 352x100
          LayoutTableRow {TR} at (0,2) size 352x96
            LayoutTableCell {TD} at (2,27) size 58x18 [r=0 c=0 rs=1 cs=1]
              LayoutBlockFlow {DIV} at (1,1) size 56x16
                LayoutText {#text} at (0,0) size 56x15
                  text run at (0,0) width 56: "Filler Text"
            LayoutTableCell {TD} at (62,15) size 118x34 [r=0 c=1 rs=1 cs=1]
              LayoutBlockFlow {DIV} at (1,1) size 116x32
                LayoutText {#text} at (0,0) size 116x31
                  text run at (0,0) width 116: "Filler Text"
            LayoutTableCell {TD} at (182,2) size 168x50 [r=0 c=2 rs=1 cs=1]
              LayoutBlockFlow {DIV} at (1,1) size 166x48
                LayoutText {#text} at (0,1) size 166x46
                  text run at (0,1) width 166: "Filler Text"
