layer at (0,0) size 800x600 clip at (0,0) size 785x600 scrollHeight 794
  LayoutView at (0,0) size 800x600
layer at (0,0) size 785x600
  LayoutBlockFlow {HTML} at (0,0) size 785x600
    LayoutBlockFlow {BODY} at (0,0) size 785x600 [border: (1px solid #000000)]
      LayoutBlockFlow {DIV} at (21,21) size 402x402 [border: (1px solid #000000)]
      LayoutText {#text} at (0,0) size 0x0
layer at (42,42) size 340x340
  LayoutBlockFlow {DIV} at (21,21) size 340x340 [bgcolor=#DDDDDD] [border: (1px solid #000000)]
layer at (63,63) size 300x300
  LayoutBlockFlow {DIV} at (21,21) size 300x300 [bgcolor=#81AA8A] [border: (1px solid #000000)]
layer at (104,104) size 300x300
  LayoutBlockFlow {DIV} at (41,41) size 300x300 [border: (1px solid #000000)]
layer at (145,145) size 300x300
  LayoutBlockFlow {DIV} at (41,41) size 300x300 [bgcolor=#AA7994] [border: (1px solid #000000)]
layer at (186,186) size 300x300
  LayoutBlockFlow {DIV} at (41,41) size 300x300 [border: (1px solid #000000)]
layer at (227,227) size 300x300
  LayoutBlockFlow {DIV} at (41,41) size 300x300 [bgcolor=#81AA8A] [border: (1px solid #000000)]
layer at (268,268) size 300x300
  LayoutBlockFlow {DIV} at (41,41) size 300x300 [border: (1px solid #000000)]
    LayoutBlockFlow {DIV} at (61,61) size 90x90 [bgcolor=#0000FF]
layer at (30,650) size 349x144 backgroundClip at (0,0) size 785x600 clip at (0,0) size 785x600
  LayoutBlockFlow (positioned) {DIV} at (30,650) size 349.33x144
    LayoutInline {SPAN} at (0,0) size 302x18 [color=#008000]
      LayoutText {#text} at (0,0) size 302x18
        text run at (0,0) width 302: "PASS: event at (45, 45) hit box1 at offset (2, 2)"
    LayoutBR {BR} at (301,14) size 1x0
    LayoutInline {SPAN} at (0,0) size 302x18 [color=#008000]
      LayoutText {#text} at (0,18) size 302x18
        text run at (0,18) width 302: "PASS: event at (54, 44) hit box2 at offset (1, 1)"
    LayoutBR {BR} at (301,32) size 1x0
    LayoutInline {SPAN} at (0,0) size 310x18 [color=#008000]
      LayoutText {#text} at (0,36) size 310x18
        text run at (0,36) width 310: "PASS: event at (104, 93) hit box3 at offset (1, 1)"
    LayoutBR {BR} at (309,50) size 1x0
    LayoutInline {SPAN} at (0,0) size 318x18 [color=#008000]
      LayoutText {#text} at (0,54) size 318x18
        text run at (0,54) width 318: "PASS: event at (175, 137) hit box4 at offset (1, 1)"
    LayoutBR {BR} at (317,68) size 1x0
    LayoutInline {SPAN} at (0,0) size 334x18 [color=#008000]
      LayoutText {#text} at (0,72) size 334x18
        text run at (0,72) width 334: "PASS: event at (167, 528) hit box4 at offset (1, 295)"
    LayoutBR {BR} at (333,86) size 1x0
    LayoutInline {SPAN} at (0,0) size 318x18 [color=#008000]
      LayoutText {#text} at (0,90) size 318x18
        text run at (0,90) width 318: "PASS: event at (227, 197) hit box5 at offset (1, 1)"
    LayoutBR {BR} at (317,104) size 1x0
    LayoutInline {SPAN} at (0,0) size 350x18 [color=#008000]
      LayoutText {#text} at (0,108) size 350x18
        text run at (0,108) width 350: "PASS: event at (539, 569) hit box7 at offset (295, 295)"
    LayoutBR {BR} at (349,122) size 1x0
    LayoutInline {SPAN} at (0,0) size 334x18 [color=#008000]
      LayoutText {#text} at (0,126) size 334x18
        text run at (0,126) width 334: "PASS: event at (431, 441) hit box8 at offset (85, 85)"
    LayoutBR {BR} at (333,140) size 1x0
