layer at (0,0) size 800x600
  LayoutView at (0,0) size 800x600
layer at (0,0) size 800x600
  LayoutBlockFlow {HTML} at (0,0) size 800x600
    LayoutBlockFlow {BODY} at (8,8) size 784x584
      LayoutBlockFlow {P} at (0,0) size 784x40
        LayoutText {#text} at (0,0) size 762x39
          text run at (0,0) width 402: "This tests insertion before/after links that are also display:block. "
          text run at (402,0) width 360: "Insertion before/after display:block links should go inside"
          text run at (0,20) width 362: "the links so that text is inserted in the expected paragraph."
      LayoutBlockFlow {DIV} at (0,56) size 784x20
        LayoutBlockFlow {A} at (0,0) size 784x20 [color=#0000EE]
          LayoutText {#text} at (0,0) size 248x19
            text run at (0,0) width 248: "This sentence should all be on one line."
caret: position 40 of child 0 {#text} of child 0 {A} of child 2 {DIV} of body
