layer at (0,0) size 800x600
  LayoutView at (0,0) size 800x600
layer at (0,0) size 800x600
  LayoutNGBlockFlow {HTML} at (0,0) size 800x600
    LayoutNGBlockFlow {BODY} at (8,8) size 784x584
      LayoutNGBlockFlow {P} at (0,0) size 784x40
        LayoutText {#text} at (0,0) size 772x39
          text run at (0,0) width 772: "This tests for a crash when attempting to break a blockquote at the end of its content. The caret should be in the first of two"
          text run at (0,20) width 358: "empty paragraphs between two pieces of quoted content."
      LayoutBlockFlow {DIV} at (0,56) size 784x80
        LayoutBlockFlow {BLOCKQUOTE} at (0,0) size 784x20 [color=#0000FF] [border: none (2px solid #0000FF)]
          LayoutBlockFlow {DIV} at (7,0) size 777x20
            LayoutText {#text} at (0,0) size 21x19
              text run at (0,0) width 21: "foo"
        LayoutNGBlockFlow (anonymous) at (0,20) size 769x40
          LayoutBR {BR} at (0,0) size 0x19
          LayoutBR {BR} at (0,20) size 0x19
        LayoutBlockFlow {BLOCKQUOTE} at (0,60) size 784x20 [color=#0000FF] [border: none (2px solid #0000FF)]
          LayoutBlockFlow {DIV} at (7,0) size 777x20
            LayoutText {#text} at (0,0) size 20x19
              text run at (0,0) width 20: "bar"
caret: position 0 of child 2 {BR} of child 2 {DIV} of body
