layer at (0,0) size 800x600
  LayoutView at (0,0) size 800x600
layer at (0,0) size 800x600
  LayoutNGBlockFlow {HTML} at (0,0) size 800x600
    LayoutNGBlockFlow {BODY} at (8,8) size 784x584
      LayoutNGBlockFlow {P} at (0,0) size 784x40
        LayoutText {#text} at (0,0) size 732x39
          text run at (0,0) width 732: "This tests to make sure that a br isn't inserted into a tab span during an InsertLineBreak operation. You can test for its"
          text run at (0,20) width 432: "existence with the DOM inspector or you can look at the render tree."
      LayoutBlockFlow {DIV} at (0,56) size 784x40
        LayoutBlockFlow {DIV} at (0,0) size 784x40
          LayoutBR {BR} at (0,0) size 0x19
          LayoutInline {SPAN} at (0,0) size 32x19
            LayoutText {#text} at (0,20) size 32x19
              text run at (0,20) width 32: "\x{9}"
          LayoutText {#text} at (32,20) size 20x19
            text run at (32,20) width 20: "bar"
caret: position 0 of child 0 {#text} of child 1 {SPAN} of child 1 {DIV} of child 2 {DIV} of body
