layer at (0,0) size 800x600
  LayoutView at (0,0) size 800x600
layer at (0,0) size 800x600
  LayoutNGBlockFlow {HTML} at (0,0) size 800x600
    LayoutNGBlockFlow {BODY} at (8,8) size 784x584
      LayoutNGBlockFlow {P} at (0,0) size 784x40
        LayoutText {#text} at (0,0) size 767x39
          text run at (0,0) width 767: "This tests inserting a line break at the end of a tab span. Below you should see 'foo' followed by an empty paragraph, with"
          text run at (0,20) width 85: "the caret in it."
      LayoutBlockFlow {DIV} at (0,56) size 784x40
        LayoutText {#text} at (0,0) size 21x19
          text run at (0,0) width 21: "foo"
        LayoutInline {SPAN} at (0,0) size 11x19
          LayoutText {#text} at (21,0) size 11x19
            text run at (21,0) width 11: "\x{9}"
        LayoutBR {BR} at (32,15) size 0x0
        LayoutBR {BR} at (0,20) size 0x19
caret: position 0 of child 3 {BR} of child 2 {DIV} of body
