layer at (0,0) size 800x600
  LayoutView at (0,0) size 800x600
layer at (0,0) size 800x600
  LayoutNGBlockFlow {HTML} at (0,0) size 800x600
    LayoutNGBlockFlow {BODY} at (8,8) size 784x579
      LayoutNGBlockFlow {P} at (0,0) size 784x40
        LayoutText {#text} at (0,0) size 742x39
          text run at (0,0) width 742: "This tests that inserting a newline in place of a full line of quoted content doesn't add an extra quoted line. The test has"
          text run at (0,20) width 459: "passed if there are no empty lines (quoted or unquoted) in the box below."
      LayoutBlockFlow {DIV} at (0,56) size 784x60
        LayoutBlockFlow {BLOCKQUOTE} at (0,0) size 784x20 [color=#0000FF] [border: none (2px solid #0000FF)]
          LayoutBlockFlow {DIV} at (12,0) size 772x20
            LayoutText {#text} at (0,0) size 43x19
              text run at (0,0) width 43: "quoted"
          LayoutBlockFlow {DIV} at (12,20) size 772x0
        LayoutNGBlockFlow (anonymous) at (0,20) size 784x20
          LayoutText {#text} at (0,0) size 59x19
            text run at (0,0) width 59: "unquoted"
          LayoutBR {BR} at (59,15) size 0x0
        LayoutBlockFlow {BLOCKQUOTE} at (0,40) size 784x20 [color=#0000FF] [border: none (2px solid #0000FF)]
          LayoutBlockFlow {DIV} at (12,0) size 772x20
            LayoutText {#text} at (0,0) size 43x19
              text run at (0,0) width 43: "quoted"
      LayoutNGBlockFlow {PRE} at (0,129) size 784x0
caret: position 8 of child 2 {#text} of child 3 {DIV} of body
