EDITING DELEGATE: webViewDidChangeSelection:WebViewDidChangeSelectionNotification
EDITING DELEGATE: webViewDidChangeSelection:WebViewDidChangeSelectionNotification
EDITING DELEGATE: webViewDidChange:WebViewDidChangeNotification
layer at (0,0) size 800x600
  LayoutView at (0,0) size 800x600
layer at (0,0) size 800x600
  LayoutNGBlockFlow {HTML} at (0,0) size 800x600
    LayoutNGBlockFlow {BODY} at (8,8) size 784x584
      LayoutNGBlockFlow {P} at (0,0) size 784x40
        LayoutText {#text} at (0,0) size 753x39
          text run at (0,0) width 753: "This testcase used to break InsertLineBreak. The editable region below should have two empty paragraphs in it, and the"
          text run at (0,20) width 186: "caret should be in the second."
      LayoutBlockFlow {DIV} at (0,56) size 784x40
        LayoutBlockFlow {DIV} at (0,0) size 784x40
          LayoutBR {BR} at (0,0) size 0x19
          LayoutBR {BR} at (0,20) size 0x19
caret: position 0 of child 2 {BR} of child 0 {DIV} of child 2 {DIV} of body
