layer at (0,0) size 800x600
  LayoutView at (0,0) size 800x600
layer at (0,0) size 800x487
  LayoutBlockFlow {HTML} at (0,0) size 800x487
    LayoutBlockFlow {BODY} at (8,16) size 784x455
      LayoutBlockFlow {P} at (0,0) size 784x20
        LayoutText {#text} at (0,0) size 504x19
          text run at (0,0) width 504: "The following two columns should be pixel perfect identical with no red visible."
      LayoutTable {TABLE} at (0,36) size 78x383 [border: (3px solid #000000)]
        LayoutTableSection {TBODY} at (3,3) size 72x377
          LayoutTableRow {TR} at (0,0) size 72x377
            LayoutTableCell {TD} at (0,0) size 36x377 [bgcolor=#FFA500] [r=0 c=0 rs=1 cs=1]
              LayoutBlockFlow {DIV} at (0,50) size 36x277 [bgcolor=#0000FF]
                LayoutBlockFlow {DIV} at (0,0) size 36x59 [bgcolor=#FF0000]
                  LayoutBlockFlow {DIV} at (0,0) size 36x59
                    LayoutBlockFlow {DIV} at (0,0) size 36x59 [bgcolor=#FFFF00]
                      LayoutText {#text} at (0,1) size 36x57
                        text run at (0,1) width 36: "A"
                  LayoutBlockFlow {DIV} at (0,109) size 36x0
                LayoutBlockFlow {DIV} at (0,109) size 36x0 [bgcolor=#FF0000]
                LayoutBlockFlow {DIV} at (0,109) size 36x0 [bgcolor=#FF0000]
                  LayoutBlockFlow {DIV} at (0,0) size 36x0
                LayoutBlockFlow {DIV} at (0,109) size 36x59 [bgcolor=#FF0000]
                  LayoutBlockFlow {DIV} at (0,0) size 36x59 [bgcolor=#00FF00]
                    LayoutBlockFlow {DIV} at (0,0) size 36x0 [bgcolor=#FF0000]
                    LayoutBlockFlow (anonymous) at (0,0) size 36x59
                      LayoutText {#text} at (0,1) size 33x57
                        text run at (0,1) width 33: "B"
                LayoutBlockFlow {DIV} at (0,218) size 36x59 [bgcolor=#00FFFF]
                  LayoutText {#text} at (0,1) size 33x57
                    text run at (0,1) width 33: "C"
            LayoutTableCell {TD} at (36,0) size 36x377 [bgcolor=#FFA500] [r=0 c=1 rs=1 cs=1]
              LayoutBlockFlow {DIV} at (0,50) size 36x277 [bgcolor=#0000FF]
                LayoutBlockFlow {DIV} at (0,0) size 36x59 [bgcolor=#FFFF00]
                  LayoutText {#text} at (0,1) size 36x57
                    text run at (0,1) width 36: "A"
                LayoutBlockFlow {DIV} at (0,109) size 36x59 [bgcolor=#00FF00]
                  LayoutText {#text} at (0,1) size 33x57
                    text run at (0,1) width 33: "B"
                LayoutBlockFlow {DIV} at (0,218) size 36x59 [bgcolor=#00FFFF]
                  LayoutText {#text} at (0,1) size 33x57
                    text run at (0,1) width 33: "C"
      LayoutBlockFlow {P} at (0,435) size 784x20
        LayoutText {#text} at (0,0) size 259x19
          text run at (0,0) width 259: "This test is meaningless if you don't pass "
        LayoutInline {A} at (0,0) size 49x19 [color=#0000EE]
          LayoutText {#text} at (259,0) size 49x19
            text run at (259,0) width 49: "test 006"
        LayoutText {#text} at (308,0) size 4x19
          text run at (308,0) width 4: "."
