layer at (0,0) size 800x600
  LayoutView at (0,0) size 800x600
layer at (0,0) size 800x236
  LayoutBlockFlow {HTML} at (0,0) size 800x236
    LayoutBlockFlow {BODY} at (8,16) size 784x212
      LayoutBlockFlow {P} at (0,0) size 784x40
        LayoutText {#text} at (0,0) size 623x19
          text run at (0,0) width 623: "The following box should contain exactly three bands, one yellow, one orange, and one lime, with "
        LayoutInline {STRONG} at (0,0) size 739x39
          LayoutText {#text} at (622,0) size 739x39
            text run at (622,0) width 117: "absolutely no red"
            text run at (0,20) width 42: "visible"
        LayoutText {#text} at (42,20) size 4x19
          text run at (42,20) width 4: "."
      LayoutTable {TABLE} at (0,56) size 106x156 [bgcolor=#FF0000] [border: (3px solid #000000)]
        LayoutTableSection {TBODY} at (3,3) size 100x150
          LayoutTableRow {TR} at (0,0) size 100x150
            LayoutTableCell {TD} at (0,0) size 50x150 [r=0 c=0 rs=1 cs=1]
              LayoutBlockFlow {DIV} at (0,0) size 50x150 [bgcolor=#FFA500]
                LayoutBlockFlow {DIV} at (0,0) size 50x50 [bgcolor=#FF0000]
                  LayoutBlockFlow {DIV} at (0,0) size 50x50 [bgcolor=#FFFF00]
                LayoutBlockFlow {DIV} at (0,100) size 50x50 [bgcolor=#00FF00]
            LayoutTableCell {TD} at (50,0) size 50x150 [r=0 c=1 rs=1 cs=1]
              LayoutBlockFlow {DIV} at (0,0) size 50x50 [border: (50px solid #FFFF00) none]
              LayoutBlockFlow {DIV} at (0,50) size 50x50 [border: (50px solid #FFA500) none]
              LayoutBlockFlow {DIV} at (0,100) size 50x50 [border: (50px solid #00FF00) none]
