layer at (0,0) size 800x600
  LayoutView at (0,0) size 800x600
layer at (0,0) size 800x260
  LayoutBlockFlow {HTML} at (0,0) size 800x260
    LayoutBlockFlow {BODY} at (8,16) size 784x228
      LayoutBlockFlow {P} at (0,0) size 784x20
        LayoutText {#text} at (0,0) size 230x19
          text run at (0,0) width 230: "There should be no red on this page."
      LayoutTable {TABLE} at (0,36) size 156x156 [bgcolor=#FF0000] [border: (3px solid #000000)]
        LayoutTableSection {TBODY} at (3,3) size 150x150
          LayoutTableRow {TR} at (0,0) size 150x150
            LayoutTableCell {TD} at (0,0) size 50x150 [r=0 c=0 rs=1 cs=1]
              LayoutBlockFlow {DIV} at (0,0) size 50x105 [bgcolor=#00FF00]
                LayoutBlockFlow {DIV} at (0,0) size 50x50
              LayoutBlockFlow {DIV} at (0,105) size 50x45 [bgcolor=#00FF00]
            LayoutTableCell {TD} at (50,0) size 50x150 [r=0 c=1 rs=1 cs=1]
              LayoutBlockFlow {DIV} at (0,0) size 50x100 [bgcolor=#00FF00]
                LayoutBlockFlow {DIV} at (0,0) size 50x50
              LayoutBlockFlow {DIV} at (0,100) size 50x50 [bgcolor=#00FF00]
            LayoutTableCell {TD} at (100,0) size 50x150 [r=0 c=2 rs=1 cs=1]
              LayoutBlockFlow {DIV} at (0,0) size 50x95 [bgcolor=#00FF00]
                LayoutBlockFlow {DIV} at (0,0) size 50x50
              LayoutBlockFlow {DIV} at (0,95) size 50x55 [bgcolor=#00FF00]
      LayoutBlockFlow {P} at (0,208) size 784x20
        LayoutText {#text} at (0,0) size 60x19
          text run at (0,0) width 60: "See also: "
        LayoutInline {A} at (0,0) size 73x19 [color=#0000EE]
          LayoutText {#text} at (60,0) size 73x19
            text run at (60,0) width 73: "prerequisite"
        LayoutText {#text} at (133,0) size 4x19
          text run at (133,0) width 4: "."
