layer at (0,0) size 800x600
  LayoutView at (0,0) size 800x600
layer at (0,0) size 800x260
  LayoutBlockFlow {HTML} at (0,0) size 800x260
    LayoutBlockFlow {BODY} at (8,16) size 784x228
      LayoutBlockFlow {P} at (0,0) size 784x20
        LayoutText {#text} at (0,0) size 230x19
          text run at (0,0) width 230: "There should be no red on this page."
      LayoutTable {TABLE} at (0,36) size 106x156 [bgcolor=#FF0000] [border: (3px solid #000000)]
        LayoutTableSection {TBODY} at (3,3) size 100x150
          LayoutTableRow {TR} at (0,0) size 100x150
            LayoutTableCell {TD} at (0,0) size 50x150 [bgcolor=#FF0000] [r=0 c=0 rs=1 cs=1]
              LayoutBlockFlow {DIV} at (0,0) size 50x50
                LayoutBlockFlow {DIV} at (0,0) size 50x150 [bgcolor=#00FFFF]
              LayoutBlockFlow {DIV} at (0,50) size 50x50 [bgcolor=#FFFF00]
            LayoutTableCell {TD} at (50,0) size 50x150 [bgcolor=#FF0000] [r=0 c=1 rs=1 cs=1]
              LayoutBlockFlow {DIV} at (0,0) size 50x50 [border: (50px solid #00FFFF) none]
              LayoutBlockFlow {DIV} at (0,50) size 50x50 [border: (50px solid #FFFF00) none]
              LayoutBlockFlow {DIV} at (0,100) size 50x50 [border: (50px solid #00FFFF) none]
      LayoutBlockFlow {P} at (0,208) size 784x20
        LayoutText {#text} at (0,0) size 56x19
          text run at (0,0) width 56: "See also "
        LayoutInline {A} at (0,0) size 49x19 [color=#0000EE]
          LayoutText {#text} at (56,0) size 49x19
            text run at (56,0) width 49: "test 019"
        LayoutText {#text} at (105,0) size 8x19
          text run at (105,0) width 8: ", "
        LayoutInline {A} at (0,0) size 49x19 [color=#0000EE]
          LayoutText {#text} at (113,0) size 49x19
            text run at (113,0) width 49: "test 020"
        LayoutText {#text} at (162,0) size 4x19
          text run at (162,0) width 4: "."
