layer at (0,0) size 800x600
  LayoutView at (0,0) size 800x600
layer at (0,0) size 800x600
  LayoutBlockFlow {HTML} at (0,0) size 800x600
    LayoutBlockFlow {BODY} at (8,8) size 784x584
      LayoutBlockFlow {DIV} at (0,0) size 385x508.81
        LayoutImage {IMG} at (0,0) size 395x275
        LayoutBlockFlow {H2} at (0,315) size 385x27
          LayoutText {#text} at (0,0) size 316x26
            text run at (0,0) width 316: "This text should be on line one."
        LayoutBlockFlow (anonymous) at (0,361.91) size 385x40
          LayoutText {#text} at (0,0) size 340x39
            text run at (0,0) width 269: "This text should be on the following lines. "
            text run at (269,0) width 71: "These lines"
            text run at (0,20) width 121: "should not overlap."
        LayoutBlockFlow {H2} at (0,441.91) size 385x27
          LayoutText {#text} at (0,0) size 211x26
            text run at (0,0) width 211: "Here's what's weird."
        LayoutBlockFlow (anonymous) at (0,488.81) size 385x20
          LayoutText {#text} at (0,0) size 136x19
            text run at (0,0) width 136: "The problem persists!"
