layer at (0,0) size 800x600
  LayoutView at (0,0) size 800x600
layer at (0,0) size 800x600
  LayoutBlockFlow {HTML} at (0,0) size 800x600
    LayoutBlockFlow {BODY} at (8,8) size 784x584
      LayoutBlockFlow {DIV} at (0,0) size 385x351
        LayoutBlockFlow {P} at (0,0) size 385x44 [border: (2px solid #0000FF)]
          LayoutText {#text} at (2,2) size 365x39
            text run at (2,2) width 365: "There should be only 2em between this paragraph and the"
            text run at (2,22) width 84: "image below."
        LayoutImage {IMG} at (0,76) size 395x275
