layer at (0,0) size 800x600
  LayoutView at (0,0) size 800x600
layer at (0,0) size 800x431
  LayoutBlockFlow {HTML} at (0,0) size 800x431
    LayoutBlockFlow {BODY} at (8,8) size 784x415
      LayoutBlockFlow {DIV} at (0,0) size 400x415
        LayoutBlockFlow {DIV} at (0,0) size 400x40
          LayoutText {#text} at (0,0) size 364x39
            text run at (0,0) width 364: "There should be no vertical space between the two blocks"
            text run at (0,20) width 42: "below."
        LayoutBlockFlow (floating) {DIV} at (0,40) size 100x100 [bgcolor=#008000]
        LayoutImage {IMG} at (0,140) size 395x275 [bgcolor=#FFFF00]
