layer at (0,0) size 800x600
  LayoutView at (0,0) size 800x600
layer at (0,0) size 800x96
  LayoutBlockFlow {HTML} at (0,0) size 800x96
    LayoutBlockFlow {BODY} at (0,16) size 800x80
      LayoutBlockFlow {P} at (0,0) size 800x40
        LayoutText {#text} at (0,0) size 792x39
          text run at (0,0) width 792: "When a block element becomes a float we should not strip anonymous blocks wrapping its inline siblings if there are other blocks on"
          text run at (0,20) width 46: "the line."
layer at (0,76) size 800x20
  LayoutBlockFlow (relative positioned) {DIV} at (0,60) size 800x20 [bgcolor=#CCCCCC]
    LayoutBlockFlow (anonymous) at (0,0) size 800x0
      LayoutInline {STRONG} at (0,0) size 0x0
      LayoutText {#text} at (0,0) size 0x0
    LayoutBlockFlow {P} at (0,0) size 800x0
    LayoutBlockFlow (anonymous) at (0,0) size 800x20
      LayoutBlockFlow (floating) {DD} at (800,0) size 0x0
      LayoutBR {BR} at (0,0) size 0x20
