layer at (0,0) size 800x600
  LayoutView at (0,0) size 800x600
layer at (0,0) size 800x171
  LayoutBlockFlow {HTML} at (0,0) size 800x171
    LayoutBlockFlow {BODY} at (8,8) size 784x155
      LayoutBlockFlow {DIV} at (0,0) size 784x155
layer at (8,8) size 300x150
  LayoutVideo {VIDEO} at (0,0) size 300x150
layer at (8,8) size 300x150
  LayoutFlexibleBox (relative positioned) {DIV} at (0,0) size 300x150 [bgcolor=#333333]
    LayoutFlexibleBox {DIV} at (0,0) size 300x150
layer at (8,8) size 300x150
  LayoutBlockFlow (positioned) {DIV} at (0,0) size 300x150
layer at (8,8) size 300x150
  LayoutFlexibleBox {DIV} at (0,0) size 300x150
layer at (8,86) size 300x48
  LayoutFlexibleBox (relative positioned) {DIV} at (0,78) size 300x48
    LayoutButton {INPUT} at (0,0) size 48x48
    LayoutBlockFlow {DIV} at (48,0) size 28x48 [color=#FFFFFF]
      LayoutText {#text} at (0,16) size 28x16
        text run at (0,16) width 28: "0:00"
    LayoutBlockFlow {DIV} at (76,48) size 128x0
layer at (212,86) size 48x48 transparent
  LayoutButton {INPUT} at (204,0) size 48x48 [color=#808080]
layer at (260,86) size 48x48 transparent
  LayoutButton {INPUT} at (252,0) size 48x48 [color=#808080]
layer at (8,134) size 300x24
  LayoutSlider {INPUT} at (0,126) size 300x24 [color=#9D968E]
    LayoutFlexibleBox {DIV} at (16,0) size 268x4
layer at (24,134) size 268x4
  LayoutBlockFlow (relative positioned) {DIV} at (0,0) size 268x4 [bgcolor=#FFFFFF4D]
layer at (24,130) size 12x12
  LayoutBlockFlow (relative positioned) {DIV} at (0,-4) size 12x12 [bgcolor=#FFFFFF]
layer at (24,134) size 268x4
  LayoutBlockFlow (positioned) {DIV} at (0,0) size 268x4
layer at (24,134) size 0x4
  LayoutBlockFlow (positioned) {DIV} at (0,0) size 0x4 [bgcolor=#FFFFFF]
layer at (24,134) size 0x4
  LayoutBlockFlow (positioned) {DIV} at (0,0) size 0x4 [bgcolor=#FFFFFF8A]
