layer at (0,0) size 800x600
  LayoutView at (0,0) size 800x600
layer at (0,0) size 800x550
  LayoutBlockFlow {HTML} at (0,0) size 800x550
    LayoutBlockFlow {BODY} at (8,16) size 784x526
      LayoutBlockFlow {P} at (0,0) size 784x20
        LayoutText {#text} at (0,0) size 684x19
          text run at (0,0) width 684: "Test that setting currentTime is frame-accurate. The three videos below should be showing frames 12, 13, and 14."
      LayoutBlockFlow (anonymous) at (0,36) size 784x490
        LayoutText {#text} at (320,225) size 4x19
          text run at (320,225) width 4: " "
        LayoutText {#text} at (0,0) size 0x0
        LayoutText {#text} at (0,0) size 0x0
layer at (8,52) size 320x240
  LayoutVideo {VIDEO} at (0,0) size 320x240
layer at (332,52) size 320x240
  LayoutVideo {VIDEO} at (324,0) size 320x240
layer at (8,297) size 320x240
  LayoutVideo {VIDEO} at (0,245) size 320x240
layer at (8,52) size 320x240
  LayoutFlexibleBox (relative positioned) {DIV} at (0,0) size 320x240
    LayoutBlockFlow {DIV} at (0,205) size 320x35
layer at (8,52) size 320x205
  LayoutFlexibleBox (relative positioned) {DIV} at (0,0) size 320x205
layer at (332,52) size 320x240
  LayoutFlexibleBox (relative positioned) {DIV} at (0,0) size 320x240
    LayoutBlockFlow {DIV} at (0,205) size 320x35
layer at (332,52) size 320x205
  LayoutFlexibleBox (relative positioned) {DIV} at (0,0) size 320x205
layer at (8,297) size 320x240
  LayoutFlexibleBox (relative positioned) {DIV} at (0,0) size 320x240
    LayoutBlockFlow {DIV} at (0,205) size 320x35
layer at (8,297) size 320x205
  LayoutFlexibleBox (relative positioned) {DIV} at (0,0) size 320x205
