layer at (0,0) size 800x600
  LayoutView at (0,0) size 800x600
layer at (0,0) size 800x600
  LayoutNGBlockFlow {HTML} at (0,0) size 800x600
    LayoutNGBlockFlow {BODY} at (8,8) size 784x576
      LayoutNGBlockFlow (anonymous) at (0,0) size 784x40
        LayoutText {#text} at (0,0) size 746x39
          text run at (0,0) width 746: "This tests whether alt text is shown for image-type form input elements with no src attribute. You should see \"Success\""
          text run at (0,20) width 225: "twice, followed by a blue rectangle."
      LayoutNGBlockFlow {P} at (0,56) size 784x0
      LayoutNGBlockFlow {FORM} at (0,56) size 784x93
        LayoutBlockFlow {INPUT} at (0,0) size 67x16
          LayoutInline {SPAN} at (0,0) size 51x16
            LayoutImage (floating) {IMG} at (0,0) size 16x16
            LayoutInline {SPAN} at (0,0) size 51x16
              LayoutText {#text} at (16,0) size 51x16
                text run at (16,0) width 51: "Success"
        LayoutBR {BR} at (67,13) size 0x0
        LayoutBlockFlow {INPUT} at (0,16) size 102x52 [border: (1px solid #000000)]
        LayoutBR {BR} at (102,67) size 0x0
        LayoutImage {INPUT} at (0,68) size 75x25
        LayoutBR {BR} at (75,93) size 0x0
layer at (9,81) size 100x50 clip at (10,82) size 98x48
  LayoutBlockFlow {SPAN} at (1,1) size 100x50 [border: (1px solid #C0C0C0)]
    LayoutImage (floating) {IMG} at (2,2) size 16x16
    LayoutNGBlockFlow (anonymous) at (2,2) size 96x16
      LayoutInline {SPAN} at (0,0) size 51x16
        LayoutText {#text} at (16,0) size 51x16
          text run at (16,0) width 51: "Success"
