layer at (0,0) size 800x600
  LayoutView at (0,0) size 800x600
layer at (0,0) size 800x600
  LayoutBlockFlow {HTML} at (0,0) size 800x600
    LayoutBlockFlow {BODY} at (8,8) size 784x584
      LayoutBlockFlow (anonymous) at (0,0) size 784x20
        LayoutText {#text} at (0,0) size 205x19
          text run at (0,0) width 205: "The 2 tables should look the same"
      LayoutTable {TABLE} at (0,20) size 91x56 [bgcolor=#FFA500] [border: (1px outset #808080)]
        LayoutTableSection {TBODY} at (1,1) size 89x54
          LayoutTableRow {TR} at (0,2) size 89x24
            LayoutTableCell {TD} at (2,2) size 27x24 [border: (1px inset #808080)] [r=0 c=0 rs=1 cs=1]
              LayoutText {#text} at (2,2) size 23x19
                text run at (2,2) width 23: "c11"
            LayoutTableCell {TD} at (31,2) size 27x24 [border: (1px inset #808080)] [r=0 c=1 rs=1 cs=1]
              LayoutText {#text} at (2,2) size 23x19
                text run at (2,2) width 23: "c13"
          LayoutTableRow {TR} at (0,28) size 89x24
            LayoutTableCell {TD} at (2,28) size 27x24 [border: (1px inset #808080)] [r=1 c=0 rs=1 cs=1]
              LayoutText {#text} at (2,2) size 23x19
                text run at (2,2) width 23: "c21"
            LayoutTableCell {TD} at (31,28) size 27x24 [border: (1px inset #808080)] [r=1 c=1 rs=1 cs=1]
              LayoutText {#text} at (2,2) size 23x19
                text run at (2,2) width 23: "c22"
            LayoutTableCell {TD} at (60,28) size 27x24 [border: (1px inset #808080)] [r=1 c=2 rs=1 cs=1]
              LayoutText {#text} at (2,2) size 23x19
                text run at (2,2) width 23: "c23"
      LayoutBlockFlow (anonymous) at (0,76) size 784x20
        LayoutBR {BR} at (0,0) size 0x19
      LayoutTable {TABLE} at (0,96) size 91x56 [bgcolor=#FFA500] [border: (1px outset #808080)]
        LayoutTableSection {TBODY} at (1,1) size 89x54
          LayoutTableRow {TR} at (0,2) size 89x24
            LayoutTableCell {TD} at (2,2) size 27x24 [border: (1px inset #808080)] [r=0 c=0 rs=1 cs=1]
              LayoutText {#text} at (2,2) size 23x19
                text run at (2,2) width 23: "c11"
            LayoutTableCell {TD} at (31,2) size 27x24 [border: (1px inset #808080)] [r=0 c=1 rs=1 cs=1]
              LayoutText {#text} at (2,2) size 23x19
                text run at (2,2) width 23: "c13"
          LayoutTableRow {TR} at (0,28) size 89x24
            LayoutTableCell {TD} at (2,28) size 27x24 [border: (1px inset #808080)] [r=1 c=0 rs=1 cs=1]
              LayoutText {#text} at (2,2) size 23x19
                text run at (2,2) width 23: "c21"
            LayoutTableCell {TD} at (31,28) size 27x24 [border: (1px inset #808080)] [r=1 c=1 rs=1 cs=1]
              LayoutText {#text} at (2,2) size 23x19
                text run at (2,2) width 23: "c22"
            LayoutTableCell {TD} at (60,28) size 27x24 [border: (1px inset #808080)] [r=1 c=2 rs=1 cs=1]
              LayoutText {#text} at (2,2) size 23x19
                text run at (2,2) width 23: "c23"
