layer at (0,0) size 800x600
  LayoutView at (0,0) size 800x600
layer at (0,0) size 800x600
  LayoutBlockFlow {HTML} at (0,0) size 800x600
    LayoutBlockFlow {BODY} at (8,8) size 784x584
      LayoutBlockFlow (anonymous) at (0,0) size 784x80
        LayoutText {#text} at (0,0) size 774x39
          text run at (0,0) width 774: "It should never be the case that deleting a tbody causes a rebuild of the cell map since cells cannot span out of tbodies. However,"
          text run at (0,20) width 78: "this is a bug. "
        LayoutBR {BR} at (78,35) size 0x0
        LayoutBR {BR} at (0,40) size 0x19
        LayoutText {#text} at (0,60) size 205x19
          text run at (0,60) width 205: "The 2 tables should look the same"
      LayoutTable {TABLE} at (0,80) size 62x56 [bgcolor=#FFA500] [border: (1px outset #808080)]
        LayoutTableSection {TBODY} at (1,1) size 60x54
          LayoutTableRow {TR} at (0,2) size 60x24
            LayoutTableCell {TD} at (2,2) size 27x24 [border: (1px inset #808080)] [r=0 c=0 rs=1 cs=1]
              LayoutText {#text} at (2,2) size 23x19
                text run at (2,2) width 23: "c31"
            LayoutTableCell {TD} at (31,2) size 27x24 [border: (1px inset #808080)] [r=0 c=1 rs=1 cs=1]
              LayoutText {#text} at (2,2) size 23x19
                text run at (2,2) width 23: "c32"
          LayoutTableRow {TR} at (0,28) size 60x24
            LayoutTableCell {TD} at (2,28) size 27x24 [border: (1px inset #808080)] [r=1 c=0 rs=1 cs=1]
              LayoutText {#text} at (2,2) size 23x19
                text run at (2,2) width 23: "c41"
            LayoutTableCell {TD} at (31,28) size 27x24 [border: (1px inset #808080)] [r=1 c=1 rs=1 cs=1]
              LayoutText {#text} at (2,2) size 23x19
                text run at (2,2) width 23: "c42"
      LayoutBlockFlow (anonymous) at (0,136) size 784x20
        LayoutBR {BR} at (0,0) size 0x19
      LayoutTable {TABLE} at (0,156) size 62x56 [bgcolor=#FFA500] [border: (1px outset #808080)]
        LayoutTableSection {TBODY} at (1,1) size 60x54
          LayoutTableRow {TR} at (0,2) size 60x24
            LayoutTableCell {TD} at (2,2) size 27x24 [border: (1px inset #808080)] [r=0 c=0 rs=1 cs=1]
              LayoutText {#text} at (2,2) size 23x19
                text run at (2,2) width 23: "c31"
            LayoutTableCell {TD} at (31,2) size 27x24 [border: (1px inset #808080)] [r=0 c=1 rs=1 cs=1]
              LayoutText {#text} at (2,2) size 23x19
                text run at (2,2) width 23: "c32"
          LayoutTableRow {TR} at (0,28) size 60x24
            LayoutTableCell {TD} at (2,28) size 27x24 [border: (1px inset #808080)] [r=1 c=0 rs=1 cs=1]
              LayoutText {#text} at (2,2) size 23x19
                text run at (2,2) width 23: "c41"
            LayoutTableCell {TD} at (31,28) size 27x24 [border: (1px inset #808080)] [r=1 c=1 rs=1 cs=1]
              LayoutText {#text} at (2,2) size 23x19
                text run at (2,2) width 23: "c42"
      LayoutBlockFlow (anonymous) at (0,212) size 784x20
        LayoutBR {BR} at (0,0) size 0x19
