layer at (0,0) size 800x600
  LayoutView at (0,0) size 800x600
layer at (0,0) size 800x600
  LayoutBlockFlow {HTML} at (0,0) size 800x600
    LayoutBlockFlow {BODY} at (8,8) size 784x584
      LayoutText {#text} at (0,0) size 521x18
        text run at (0,0) width 521: "This tests that the text color changes appropriately when the text field is disabled."
      LayoutBR {BR} at (520,14) size 1x0
      LayoutTextControl {INPUT} at (0,18) size 131x19 [color=#545454] [bgcolor=#FFFFFF] [border: (2px inset #EEEEEE)]
      LayoutText {#text} at (131,18) size 4x18
        text run at (131,18) width 4: " "
      LayoutTextControl {INPUT} at (135,18) size 131x19 [bgcolor=#FFFFFF] [border: (2px inset #EEEEEE)]
      LayoutBR {BR} at (266,32) size 0x0
      LayoutTextControl {INPUT} at (0,37) size 131x19 [color=#FF0000] [bgcolor=#FFFFFF] [border: (2px inset #EEEEEE)]
      LayoutText {#text} at (131,37) size 4x18
        text run at (131,37) width 4: " "
      LayoutTextControl {INPUT} at (135,37) size 131x19 [color=#FF0000] [bgcolor=#FFFFFF] [border: (2px inset #EEEEEE)]
      LayoutBR {BR} at (266,51) size 0x0
      LayoutTextControl {INPUT} at (0,56) size 131x19 [color=#545454] [bgcolor=#0000FF] [border: (2px inset #EEEEEE)]
      LayoutText {#text} at (131,56) size 4x18
        text run at (131,56) width 4: " "
      LayoutTextControl {INPUT} at (135,56) size 131x19 [bgcolor=#0000FF] [border: (2px inset #EEEEEE)]
      LayoutBR {BR} at (266,70) size 0x0
      LayoutTextControl {INPUT} at (0,75) size 131x19 [color=#FF0000] [bgcolor=#0000FF] [border: (2px inset #EEEEEE)]
      LayoutText {#text} at (131,75) size 4x18
        text run at (131,75) width 4: " "
      LayoutTextControl {INPUT} at (135,75) size 131x19 [color=#FF0000] [bgcolor=#0000FF] [border: (2px inset #EEEEEE)]
      LayoutBR {BR} at (266,89) size 0x0
      LayoutTextControl {INPUT} at (0,94) size 131x19 [color=#545454] [bgcolor=#000000] [border: (2px inset #EEEEEE)]
      LayoutText {#text} at (131,94) size 4x18
        text run at (131,94) width 4: " "
      LayoutTextControl {INPUT} at (135,94) size 131x19 [bgcolor=#000000] [border: (2px inset #EEEEEE)]
      LayoutBR {BR} at (266,108) size 0x0
      LayoutTextControl {INPUT} at (0,113) size 131x19 [color=#FFFFFF] [bgcolor=#000000] [border: (2px inset #EEEEEE)]
      LayoutText {#text} at (131,113) size 4x18
        text run at (131,113) width 4: " "
      LayoutTextControl {INPUT} at (135,113) size 131x19 [color=#FFFFFF] [bgcolor=#000000] [border: (2px inset #EEEEEE)]
      LayoutBR {BR} at (266,127) size 0x0
      LayoutTextControl {INPUT} at (0,132) size 131x19 [color=#545454] [bgcolor=#808080] [border: (2px inset #EEEEEE)]
      LayoutText {#text} at (131,132) size 4x18
        text run at (131,132) width 4: " "
      LayoutTextControl {INPUT} at (135,132) size 131x19 [bgcolor=#808080] [border: (2px inset #EEEEEE)]
      LayoutBR {BR} at (266,146) size 0x0
      LayoutTextControl {INPUT} at (0,151) size 131x19 [color=#FFFFFF] [bgcolor=#A9A9A9] [border: (2px inset #EEEEEE)]
      LayoutText {#text} at (131,151) size 4x18
        text run at (131,151) width 4: " "
      LayoutTextControl {INPUT} at (135,151) size 131x19 [color=#FFFFFF] [bgcolor=#A9A9A9] [border: (2px inset #EEEEEE)]
      LayoutBR {BR} at (266,165) size 0x0
      LayoutTextControl {INPUT} at (0,170) size 131x19 [color=#808080] [bgcolor=#000000] [border: (2px inset #EEEEEE)]
      LayoutText {#text} at (131,170) size 4x18
        text run at (131,170) width 4: " "
      LayoutTextControl {INPUT} at (135,170) size 131x19 [color=#808080] [bgcolor=#000000] [border: (2px inset #EEEEEE)]
      LayoutBR {BR} at (266,184) size 0x0
      LayoutTextControl {INPUT} at (0,189) size 131x19 [color=#FF0000] [bgcolor=#808080] [border: (2px inset #EEEEEE)]
      LayoutText {#text} at (131,189) size 4x18
        text run at (131,189) width 4: " "
      LayoutTextControl {INPUT} at (135,189) size 131x19 [color=#FF0000] [bgcolor=#808080] [border: (2px inset #EEEEEE)]
      LayoutBR {BR} at (266,203) size 0x0
      LayoutTextControl {INPUT} at (0,208) size 131x19 [color=#808080] [bgcolor=#FF0000] [border: (2px inset #EEEEEE)]
      LayoutText {#text} at (131,208) size 4x18
        text run at (131,208) width 4: " "
      LayoutTextControl {INPUT} at (135,208) size 131x19 [color=#808080] [bgcolor=#FF0000] [border: (2px inset #EEEEEE)]
      LayoutBR {BR} at (266,222) size 0x0
      LayoutTextControl {INPUT} at (0,227) size 131x19 [color=#FF0000] [bgcolor=#FFFFFF] [border: (2px inset #EEEEEE)]
      LayoutText {#text} at (131,227) size 4x18
        text run at (131,227) width 4: " "
      LayoutTextControl {INPUT} at (135,227) size 131x19 [color=#FF0000] [bgcolor=#FFFFFF] [border: (2px inset #EEEEEE)]
      LayoutBR {BR} at (266,241) size 0x0
      LayoutTextControl {INPUT} at (0,246) size 131x19 [color=#FF0000] [border: (2px inset #EEEEEE)]
      LayoutText {#text} at (131,246) size 4x18
        text run at (131,246) width 4: " "
      LayoutTextControl {INPUT} at (135,246) size 131x19 [color=#FF0000] [border: (2px inset #EEEEEE)]
      LayoutBR {BR} at (266,260) size 0x0
layer at (11,29) size 125x13 scrollWidth 339
  LayoutBlockFlow {DIV} at (3,3) size 125x13
    LayoutText {#text} at (0,0) size 340x13
      text run at (0,0) width 340: "The text in this disabled field should displayed as dimmed or grey"
layer at (146,29) size 125x13 scrollWidth 150
  LayoutBlockFlow {DIV} at (3,3) size 125x13
    LayoutText {#text} at (0,0) size 149x13
      text run at (0,0) width 149: "This text field is not disabled"
layer at (11,48) size 125x13 scrollWidth 339
  LayoutBlockFlow {DIV} at (3,3) size 125x13
    LayoutText {#text} at (0,0) size 340x13
      text run at (0,0) width 340: "The text in this disabled field should displayed as dimmed or grey"
layer at (146,48) size 125x13 scrollWidth 150
  LayoutBlockFlow {DIV} at (3,3) size 125x13
    LayoutText {#text} at (0,0) size 149x13
      text run at (0,0) width 149: "This text field is not disabled"
layer at (11,67) size 125x13 scrollWidth 339
  LayoutBlockFlow {DIV} at (3,3) size 125x13
    LayoutText {#text} at (0,0) size 340x13
      text run at (0,0) width 340: "The text in this disabled field should displayed as dimmed or grey"
layer at (146,67) size 125x13 scrollWidth 150
  LayoutBlockFlow {DIV} at (3,3) size 125x13
    LayoutText {#text} at (0,0) size 149x13
      text run at (0,0) width 149: "This text field is not disabled"
layer at (11,86) size 125x13 scrollWidth 339
  LayoutBlockFlow {DIV} at (3,3) size 125x13
    LayoutText {#text} at (0,0) size 340x13
      text run at (0,0) width 340: "The text in this disabled field should displayed as dimmed or grey"
layer at (146,86) size 125x13 scrollWidth 150
  LayoutBlockFlow {DIV} at (3,3) size 125x13
    LayoutText {#text} at (0,0) size 149x13
      text run at (0,0) width 149: "This text field is not disabled"
layer at (11,105) size 125x13 scrollWidth 339
  LayoutBlockFlow {DIV} at (3,3) size 125x13
    LayoutText {#text} at (0,0) size 340x13
      text run at (0,0) width 340: "The text in this disabled field should displayed as dimmed or grey"
layer at (146,105) size 125x13 scrollWidth 150
  LayoutBlockFlow {DIV} at (3,3) size 125x13
    LayoutText {#text} at (0,0) size 149x13
      text run at (0,0) width 149: "This text field is not disabled"
layer at (11,124) size 125x13 scrollWidth 339
  LayoutBlockFlow {DIV} at (3,3) size 125x13
    LayoutText {#text} at (0,0) size 340x13
      text run at (0,0) width 340: "The text in this disabled field should displayed as dimmed or grey"
layer at (146,124) size 125x13 scrollWidth 150
  LayoutBlockFlow {DIV} at (3,3) size 125x13
    LayoutText {#text} at (0,0) size 149x13
      text run at (0,0) width 149: "This text field is not disabled"
layer at (11,143) size 125x13 scrollWidth 339
  LayoutBlockFlow {DIV} at (3,3) size 125x13
    LayoutText {#text} at (0,0) size 340x13
      text run at (0,0) width 340: "The text in this disabled field should displayed as dimmed or grey"
layer at (146,143) size 125x13 scrollWidth 150
  LayoutBlockFlow {DIV} at (3,3) size 125x13
    LayoutText {#text} at (0,0) size 149x13
      text run at (0,0) width 149: "This text field is not disabled"
layer at (11,162) size 125x13 scrollWidth 339
  LayoutBlockFlow {DIV} at (3,3) size 125x13
    LayoutText {#text} at (0,0) size 340x13
      text run at (0,0) width 340: "The text in this disabled field should displayed as dimmed or grey"
layer at (146,162) size 125x13 scrollWidth 150
  LayoutBlockFlow {DIV} at (3,3) size 125x13
    LayoutText {#text} at (0,0) size 149x13
      text run at (0,0) width 149: "This text field is not disabled"
layer at (11,181) size 125x13 scrollWidth 339
  LayoutBlockFlow {DIV} at (3,3) size 125x13
    LayoutText {#text} at (0,0) size 340x13
      text run at (0,0) width 340: "The text in this disabled field should displayed as dimmed or grey"
layer at (146,181) size 125x13 scrollWidth 150
  LayoutBlockFlow {DIV} at (3,3) size 125x13
    LayoutText {#text} at (0,0) size 149x13
      text run at (0,0) width 149: "This text field is not disabled"
layer at (11,200) size 125x13 scrollWidth 339
  LayoutBlockFlow {DIV} at (3,3) size 125x13
    LayoutText {#text} at (0,0) size 340x13
      text run at (0,0) width 340: "The text in this disabled field should displayed as dimmed or grey"
layer at (146,200) size 125x13 scrollWidth 150
  LayoutBlockFlow {DIV} at (3,3) size 125x13
    LayoutText {#text} at (0,0) size 149x13
      text run at (0,0) width 149: "This text field is not disabled"
layer at (11,219) size 125x13 scrollWidth 339
  LayoutBlockFlow {DIV} at (3,3) size 125x13
    LayoutText {#text} at (0,0) size 340x13
      text run at (0,0) width 340: "The text in this disabled field should displayed as dimmed or grey"
layer at (146,219) size 125x13 scrollWidth 150
  LayoutBlockFlow {DIV} at (3,3) size 125x13
    LayoutText {#text} at (0,0) size 149x13
      text run at (0,0) width 149: "This text field is not disabled"
layer at (11,238) size 125x13 scrollWidth 339
  LayoutBlockFlow {DIV} at (3,3) size 125x13
    LayoutText {#text} at (0,0) size 340x13
      text run at (0,0) width 340: "The text in this disabled field should displayed as dimmed or grey"
layer at (146,238) size 125x13 scrollWidth 150
  LayoutBlockFlow {DIV} at (3,3) size 125x13
    LayoutText {#text} at (0,0) size 149x13
      text run at (0,0) width 149: "This text field is not disabled"
layer at (11,257) size 125x13 scrollWidth 339
  LayoutBlockFlow {DIV} at (3,3) size 125x13
    LayoutText {#text} at (0,0) size 340x13
      text run at (0,0) width 340: "The text in this disabled field should displayed as dimmed or grey"
layer at (146,257) size 125x13 scrollWidth 150
  LayoutBlockFlow {DIV} at (3,3) size 125x13
    LayoutText {#text} at (0,0) size 149x13
      text run at (0,0) width 149: "This text field is not disabled"
