layer at (0,0) size 800x600 scrollWidth 7430
  LayoutView at (0,0) size 800x600
layer at (0,0) size 800x160
  LayoutBlockFlow {HTML} at (0,0) size 800x160
    LayoutBlockFlow {BODY} at (8,16) size 784x136
      LayoutBlockFlow {P} at (0,0) size 784x54
        LayoutText {#text} at (0,0) size 762x54
          text run at (0,0) width 755: "This tests the interaction of overflow on some very wide text with auto table layout. The CSS 2.1 spec does not define"
          text run at (0,18) width 762: "how overflow interacts with intrinsic width, so we copy the IE behavior. Therefore the lines should come out very very"
          text run at (0,36) width 243: "wide and scroll along with the border."
      LayoutTable {TABLE} at (0,70) size 7422x66 [border: (1px solid #FF0000)]
        LayoutTableSection {TBODY} at (1,1) size 7420x64
          LayoutTableRow {TR} at (0,2) size 7420x60
            LayoutTableCell {TD} at (2,2) size 7416x60 [r=0 c=0 rs=1 cs=1]
layer at (12,103) size 7414x32 backgroundClip at (12,103) size 788x32 clip at (13,104) size 787x30
  LayoutBlockFlow {PRE} at (1,14) size 7414x32 [border: (1px solid #0000FF)]
    LayoutText {#text} at (1,1) size 7412x30
      text run at (1,1) width 3121: "this is a very long line this is a very long line this is a very long line this is a very long line this is a very long line this is a very long line this is a very long line this is a very long line this is a very long line this is a very long line this is a very long line this is a very long line this is a very long line this is a very long line this is a very long line this is a very long line "
      text run at (3121,1) width 1: " "
      text run at (1,16) width 7412: "this is a very long line this is a very long line this is a very long line this is a very long line this is a very long line this is a very long line this is a very long line this is a very long line this is a very long line this is a very long line this is a very long line this is a very long line this is a very long line this is a very long line this is a very long line this is a very long line this is a very long line this is a very long line this is a very long line this is a very long line this is a very long line this is a very long line this is a very long line this is a very long line this is a very long line this is a very long line this is a very long line this is a very long line this is a very long line this is a very long line this is a very long line this is a very long line this is a very long line this is a very long line this is a very long line this is a very long line this is a very long line this is a very long line "
      text run at (7412,16) width 1: " "
