layer at (0,0) size 800x600
  LayoutView at (0,0) size 800x600
layer at (0,0) size 800x171
  LayoutBlockFlow {HTML} at (0,0) size 800x171
    LayoutBlockFlow {BODY} at (8,8) size 784x155
      LayoutText {#text} at (0,0) size 0x0
layer at (8,8) size 300x150
  LayoutVideo {VIDEO} at (0,0) size 300x150
layer at (8,8) size 300x150
  LayoutFlexibleBox (relative positioned) {DIV} at (0,0) size 300x150
layer at (8,104) size 300x54
  LayoutFlexibleBox {DIV} at (0,96) size 300x54 [bgcolor=#F1F3F4]
layer at (8,104) size 300x54 scrollHeight 55
  LayoutFlexibleBox {DIV} at (0,0) size 300x54
    LayoutButton {INPUT} at (10,11) size 32x32
    LayoutSlider {INPUT} at (115,-1) size 111x56 [color=#C4C4C4]
      LayoutFlexibleBox {DIV} at (16,26) size 79x4
    LayoutButton {INPUT} at (226,11) size 32x32
    LayoutButton {INPUT} at (258,11) size 32x32
layer at (55,123) size 28x16 transparent
  LayoutBlockFlow {DIV} at (47,19) size 28x16
    LayoutText {#text} at (0,0) size 28x16
      text run at (0,0) width 28: "0:07"
layer at (87,123) size 36x16 transparent
  LayoutBlockFlow {DIV} at (79,19) size 36x16
    LayoutText {#text} at (0,0) size 36x16
      text run at (0,0) width 36: "/ 0:07"
layer at (139,129) size 79x4
  LayoutBlockFlow (relative positioned) {DIV} at (0,0) size 79x4 [bgcolor=#00000033]
layer at (206,125) size 12x12
  LayoutBlockFlow (relative positioned) {DIV} at (67,-4) size 12x12 [bgcolor=#000000DE]
layer at (139,129) size 79x4
  LayoutBlockFlow (positioned) {DIV} at (0,0) size 79x4
layer at (139,129) size 79x4
  LayoutBlockFlow (positioned) {DIV} at (0,0) size 79x4 [bgcolor=#000000DE]
layer at (218,129) size 0x4
  LayoutBlockFlow (positioned) {DIV} at (79,0) size 0x4 [bgcolor=#0000008A]
