layer at (0,0) size 800x600
  LayoutView at (0,0) size 800x600
layer at (0,0) size 800x592
  LayoutBlockFlow {HTML} at (0,0) size 800x592
    LayoutBlockFlow {BODY} at (8,16) size 784x560 [color=#008000]
      LayoutBlockFlow {P} at (0,0) size 784x20
        LayoutText {#text} at (0,0) size 163x19
          text run at (0,0) width 163: "This line should be green."
      LayoutBlockFlow {P} at (0,36) size 784x20
        LayoutText {#text} at (0,0) size 163x19
          text run at (0,0) width 163: "This line should be green."
      LayoutBlockFlow {P} at (0,72) size 784x20
        LayoutText {#text} at (0,0) size 163x19
          text run at (0,0) width 163: "This line should be green."
      LayoutBlockFlow {P} at (0,108) size 784x20
        LayoutText {#text} at (0,0) size 163x19
          text run at (0,0) width 163: "This line should be green."
      LayoutBlockFlow {OL} at (0,144) size 784x20
        LayoutListItem {LI} at (40,0) size 744x20
          LayoutListMarker (anonymous) at (-16,0) size 16x19: "1"
          LayoutText {#text} at (0,0) size 163x19
            text run at (0,0) width 163: "This line should be green."
      LayoutBlockFlow {P} at (0,180) size 784x20
        LayoutText {#text} at (0,0) size 163x19
          text run at (0,0) width 163: "This line should be green."
      LayoutBlockFlow {UL} at (0,216) size 784x20
        LayoutListItem {LI} at (40,0) size 744x20
          LayoutListMarker (anonymous) at (-18,0) size 7x19: bullet
          LayoutText {#text} at (0,0) size 163x19
            text run at (0,0) width 163: "This line should be green."
      LayoutBlockFlow {BLOCKQUOTE} at (40,252) size 704x20
        LayoutBlockFlow {P} at (0,0) size 704x20
          LayoutText {#text} at (0,0) size 163x19
            text run at (0,0) width 163: "This line should be green."
      LayoutBlockFlow {P} at (0,288) size 784x20
        LayoutInline {ACRONYM} at (0,0) size 163x19
          LayoutText {#text} at (0,0) size 163x19
            text run at (0,0) width 163: "This line should be green."
        LayoutText {#text} at (0,0) size 0x0
      LayoutBlockFlow {ADDRESS} at (0,324) size 784x20
        LayoutText {#text} at (0,0) size 162x19
          text run at (0,0) width 162: "This line should be green."
      LayoutBlockFlow {P} at (0,360) size 784x20
        LayoutInline {SPAN} at (0,0) size 163x19
          LayoutText {#text} at (0,0) size 163x19
            text run at (0,0) width 163: "This line should be green."
        LayoutText {#text} at (0,0) size 0x0
      LayoutBlockFlow {P} at (0,396) size 784x20
        LayoutText {#text} at (0,0) size 163x19
          text run at (0,0) width 163: "This line should be green."
      LayoutBlockFlow {P} at (0,432) size 784x20
        LayoutText {#text} at (0,0) size 163x19
          text run at (0,0) width 163: "This line should be green."
      LayoutBlockFlow {P} at (0,468) size 784x20
        LayoutText {#text} at (0,0) size 163x19
          text run at (0,0) width 163: "This line should be green."
      LayoutBlockFlow {P} at (0,504) size 784x20
        LayoutText {#text} at (48,0) size 163x19
          text run at (48,0) width 163: "This line should be green."
      LayoutBlockFlow {P} at (0,540) size 784x20
        LayoutText {#text} at (0,0) size 163x19
          text run at (0,0) width 163: "This line should be green."
