layer at (0,0) size 800x600
  LayoutView at (0,0) size 800x600
layer at (0,0) size 800x120
  LayoutBlockFlow {HTML} at (0,0) size 800x120
    LayoutBlockFlow {BODY} at (8,16) size 784x96 [color=#0000FF]
      LayoutBlockFlow {P} at (0,0) size 784x20
        LayoutText {#text} at (0,0) size 649x19
          text run at (0,0) width 649: "There should be three solid bars of colour below, each longer than the last, each of the colour specified."
      LayoutBlockFlow {DIV} at (0,36) size 784x20
        LayoutText {#text} at (0,0) size 38x19
          text run at (0,0) width 38: "Blue: "
        LayoutInline {SPAN} at (0,0) size 15x15
          LayoutText {#text} at (38,5) size 15x15
            text run at (38,5) width 15: "X"
        LayoutInline {SPAN} at (0,0) size 15x15
          LayoutText {#text} at (53,5) size 15x15
            text run at (53,5) width 15: "X"
        LayoutImage {IMG} at (68,5) size 15x15 [color=#FF0000]
        LayoutText {#text} at (0,0) size 0x0
      LayoutBlockFlow {DIV} at (0,56) size 784x20
        LayoutText {#text} at (0,0) size 55x19
          text run at (0,0) width 55: "Orange: "
        LayoutInline {SPAN} at (0,0) size 15x15 [color=#FFA500]
          LayoutText {#text} at (55,5) size 15x15
            text run at (55,5) width 15: "X"
        LayoutInline {SPAN} at (0,0) size 15x15 [color=#FFA500]
          LayoutText {#text} at (70,5) size 15x15
            text run at (70,5) width 15: "X"
        LayoutInline {SPAN} at (0,0) size 15x15 [color=#FFA500]
          LayoutText {#text} at (85,5) size 15x15
            text run at (85,5) width 15: "X"
        LayoutInline {SPAN} at (0,0) size 15x15 [color=#FFA500]
          LayoutText {#text} at (100,5) size 15x15
            text run at (100,5) width 15: "X"
        LayoutImage {IMG} at (115,5) size 15x15 [color=#FF0000]
        LayoutText {#text} at (0,0) size 0x0
      LayoutBlockFlow {DIV} at (0,76) size 784x20
        LayoutText {#text} at (0,0) size 41x19
          text run at (0,0) width 41: "Lime: "
        LayoutInline {SPAN} at (0,0) size 15x15 [color=#00FF00]
          LayoutText {#text} at (41,5) size 15x15
            text run at (41,5) width 15: "X"
        LayoutInline {SPAN} at (0,0) size 15x15 [color=#00FF00]
          LayoutText {#text} at (56,5) size 15x15
            text run at (56,5) width 15: "X"
        LayoutInline {SPAN} at (0,0) size 15x15 [color=#00FF00]
          LayoutText {#text} at (71,5) size 15x15
            text run at (71,5) width 15: "X"
        LayoutInline {SPAN} at (0,0) size 15x15 [color=#00FF00]
          LayoutText {#text} at (86,5) size 15x15
            text run at (86,5) width 15: "X"
        LayoutInline {SPAN} at (0,0) size 15x15 [color=#00FF00]
          LayoutText {#text} at (101,5) size 15x15
            text run at (101,5) width 15: "X"
        LayoutInline {SPAN} at (0,0) size 15x15 [color=#00FF00]
          LayoutText {#text} at (116,5) size 15x15
            text run at (116,5) width 15: "X"
        LayoutInline {SPAN} at (0,0) size 15x15 [color=#00FF00]
          LayoutText {#text} at (131,5) size 15x15
            text run at (131,5) width 15: "X"
        LayoutInline {SPAN} at (0,0) size 15x15 [color=#00FF00]
          LayoutText {#text} at (146,5) size 15x15
            text run at (146,5) width 15: "X"
        LayoutInline {SPAN} at (0,0) size 15x15 [color=#00FF00]
          LayoutText {#text} at (161,5) size 15x15
            text run at (161,5) width 15: "X"
        LayoutInline {SPAN} at (0,0) size 15x15 [color=#00FF00]
          LayoutText {#text} at (176,5) size 15x15
            text run at (176,5) width 15: "X"
        LayoutInline {SPAN} at (0,0) size 15x15 [color=#00FF00]
          LayoutText {#text} at (191,5) size 15x15
            text run at (191,5) width 15: "X"
        LayoutInline {SPAN} at (0,0) size 15x15 [color=#00FF00]
          LayoutText {#text} at (206,5) size 15x15
            text run at (206,5) width 15: "X"
        LayoutImage {IMG} at (221,5) size 15x15 [color=#FF0000]
        LayoutText {#text} at (0,0) size 0x0
