layer at (0,0) size 800x600
  LayoutView at (0,0) size 800x600
layer at (0,0) size 800x88
  LayoutBlockFlow {HTML} at (0,0) size 800x88
    LayoutBlockFlow {BODY} at (8,16) size 784x56
      LayoutBlockFlow {P} at (0,0) size 784x20
        LayoutText {#text} at (0,0) size 239x19
          text run at (0,0) width 239: "This sentence should have no border. "
        LayoutInline {SPAN} at (0,0) size 275x29 [border: (5px solid #00FF00)]
          LayoutText {#text} at (244,0) size 265x19
            text run at (244,0) width 265: "This sentence should have a green border."
        LayoutText {#text} at (0,0) size 0x0
      LayoutBlockFlow {P} at (0,36) size 784x20
        LayoutInline {SPAN} at (0,0) size 374x35 [bgcolor=#FF0000]
          LayoutInline {SPAN} at (0,0) size 374x35 [bgcolor=#00FF00]
            LayoutText {#text} at (0,0) size 374x19
              text run at (0,0) width 374: "This sentence should be in a green bar, with no red present."
        LayoutText {#text} at (0,0) size 0x0
