layer at (0,0) size 800x600
  LayoutView at (0,0) size 800x600
layer at (0,0) size 800x88
  LayoutBlockFlow {HTML} at (0,0) size 800x88
    LayoutBlockFlow {BODY} at (8,16) size 784x56
      LayoutBlockFlow {P} at (0,0) size 784x20
        LayoutInline {SPAN} at (0,0) size 225x21 [border: (1px solid #000000)]
          LayoutText {#text} at (1,0) size 223x19
            text run at (1,0) width 223: "This box should have a thin border."
        LayoutText {#text} at (0,0) size 0x0
      LayoutBlockFlow {P} at (0,36) size 784x20
        LayoutText {#text} at (0,0) size 227x19
          text run at (0,0) width 227: "There should be no red on this line. "
        LayoutInline {SPAN} at (0,0) size 12x19 [color=#FF0000]
          LayoutText {#text} at (227,0) size 12x19
            text run at (227,0) width 12: "   "
        LayoutText {#text} at (0,0) size 0x0
