layer at (0,0) size 800x600
  LayoutView at (0,0) size 800x600
layer at (0,0) size 800x420
  LayoutBlockFlow {HTML} at (0,0) size 800x420 [color=#FFFFFF]
    LayoutBlockFlow {BODY} at (15,15) size 490x390 [bgcolor=#FFFFFF] [border: (5px solid #000000)]
      LayoutBlockFlow {DL} at (5,5) size 480x10
        LayoutBlockFlow (floating) {DT} at (5,5) size 79.98x310 [bgcolor=#CC0000] [border: (5px solid #000000)]
          LayoutText {#text} at (15,13) size 29x13
            text run at (15,13) width 29: "toggle"
        LayoutBlockFlow (floating) {DD} at (95,5) size 380x310 [border: (10px solid #000000)]
          LayoutBlockFlow {UL} at (20,20) size 340x0
            LayoutBlockFlow (floating) {LI} at (0,0) size 80x120 [color=#000000] [bgcolor=#FFCC00] [border: (5px solid #000000)]
              LayoutText {#text} at (15,13) size 36x13
                text run at (15,13) width 36: "the way"
            LayoutBlockFlow (floating) {LI} at (90,0) size 159.97x110 [bgcolor=#000000]
              LayoutBlockFlow {P} at (10,10) size 139.97x10
                LayoutText {#text} at (0,-2) size 68x13
                  text run at (0,-2) width 68: "the world ends"
              LayoutBlockFlow (anonymous) at (10,20) size 139.97x0
                LayoutInline {FORM} at (0,0) size 0x0
                  LayoutText {#text} at (0,0) size 0x0
              LayoutBlockFlow (anonymous) at (10,20) size 139.97x44
                LayoutBlockFlow {P} at (0,0) size 139.97x22
                  LayoutText {#text} at (0,6) size 27x13
                    text run at (0,6) width 27: "bang "
                  LayoutBlockFlow {INPUT} at (32,3) size 13x13 [color=#000000]
                  LayoutText {#text} at (0,0) size 0x0
                LayoutBlockFlow {P} at (0,22) size 139.97x22
                  LayoutText {#text} at (0,6) size 41x13
                    text run at (0,6) width 41: "whimper "
                  LayoutBlockFlow {INPUT} at (46,3) size 13x13 [color=#000000]
                  LayoutText {#text} at (0,0) size 0x0
              LayoutBlockFlow (anonymous) at (10,64) size 139.97x0
                LayoutInline {FORM} at (0,0) size 0x0
                LayoutText {#text} at (0,0) size 0x0
            LayoutBlockFlow (floating) {LI} at (259.97,0) size 80x120 [color=#000000] [bgcolor=#FFCC00] [border: (5px solid #000000)]
              LayoutText {#text} at (15,13) size 44x13
                text run at (15,13) width 44: "i grow old"
            LayoutBlockFlow (floating) {LI} at (0,130) size 120x120 [bgcolor=#000000]
              LayoutText {#text} at (10,8) size 29x13
                text run at (10,8) width 29: "pluot?"
          LayoutBlockFlow (floating) {BLOCKQUOTE} at (160,150) size 70x140 [color=#000000] [bgcolor=#FFCC00] [border: (10px solid #000000) (15px solid #000000) (20px solid #000000) (5px solid #000000)]
            LayoutBlockFlow {ADDRESS} at (5,20) size 50x10
              LayoutText {#text} at (0,-2) size 48x13
                text run at (0,-2) width 48: "bar maids,"
          LayoutBlockFlow (floating) {H1} at (240,150) size 120x120 [bgcolor=#000000]
            LayoutText {#text} at (10,8) size 92x23
              text run at (10,8) width 92: "sing to me, erbarme"
              text run at (10,18) width 19: "dich"
      LayoutBlockFlow {P} at (5,320) size 480x65 [color=#000000]
        LayoutText {#text} at (0,0) size 467x39
          text run at (0,0) width 463: "This is a nonsensical document, but syntactically valid HTML 4.0. All 100%-conformant CSS1 agents"
          text run at (0,13) width 467: "should be able to render the document elements above this paragraph indistinguishably (to the pixel)"
          text run at (0,26) width 42: "from this "
        LayoutInline {A} at (0,0) size 94x13 [color=#999999]
          LayoutText {#text} at (42,26) size 94x13
            text run at (42,26) width 94: "reference rendering,"
        LayoutText {#text} at (136,26) size 470x26
          text run at (136,26) width 3: " "
          text run at (139,26) width 331: "(except font rasterization and form widgets). All discrepancies should be"
          text run at (0,39) width 228: "traceable to CSS1 implementation shortcomings. "
          text run at (228,39) width 35: "Please "
        LayoutInline {A} at (0,0) size 76x13 [color=#CC0000]
          LayoutText {#text} at (263,39) size 76x13
            text run at (263,39) width 76: "report any errors"
        LayoutText {#text} at (339,39) size 464x26
          text run at (339,39) width 125: " you find between the CSS"
          text run at (0,52) width 133: "and the reference rendering."
