layer at (0,0) size 800x600
  LayoutView at (0,0) size 800x600
layer at (0,0) size 800x209
  LayoutBlockFlow {HTML} at (0,0) size 800x208.63
    LayoutBlockFlow {BODY} at (8,16) size 784x176.63
      LayoutBlockFlow {P} at (0,0) size 784x20 [color=#000080]
        LayoutText {#text} at (0,0) size 262x19
          text run at (0,0) width 262: "The word \"fail\" should not appear below."
      LayoutBlockFlow {DIV} at (16,36) size 240x140.63 [color=#FFFFFF] [bgcolor=#FFFFFF]
        LayoutBlockFlow (floating) {P} at (0,0) size 42.52x20.31 [color=#000080]
          LayoutText {#text} at (0,0) size 43x20
            text run at (0,0) width 43: "TEST:"
        LayoutBlockFlow (floating) {P} at (0.02,20.31) size 239.98x20.31 [color=#00FFFF] [bgcolor=#008080]
          LayoutText {#text} at (101,0) size 38x20
            text run at (101,0) width 38: "PASS"
        LayoutText {#text} at (42,0) size 236x140
          text run at (42,0) width 189: "fail fail fail fail fail fail fail fail"
          text run at (0,40) width 48: "fail fail "
          text run at (48,40) width 188: "fail fail fail fail fail fail fail fail"
          text run at (0,60) width 48: "fail fail "
          text run at (48,60) width 188: "fail fail fail fail fail fail fail fail"
          text run at (0,80) width 48: "fail fail "
          text run at (48,80) width 188: "fail fail fail fail fail fail fail fail"
          text run at (0,100) width 48: "fail fail "
          text run at (48,100) width 188: "fail fail fail fail fail fail fail fail"
          text run at (0,120) width 44: "fail fail"
