layer at (0,0) size 800x600
  LayoutView at (0,0) size 800x600
layer at (0,0) size 800x288
  LayoutBlockFlow {HTML} at (0,0) size 800x288
    LayoutBlockFlow {BODY} at (8,8) size 784x0
      LayoutBlockFlow (floating) {DIV} at (0,0) size 588x280 [color=#FFFFFF] [bgcolor=#000080]
        LayoutBlockFlow (floating) {DIV} at (277,0) size 294x80 [color=#00FFFF] [bgcolor=#008080]
          LayoutBlockFlow {P} at (0,0) size 294x80
            LayoutText {#text} at (0,0) size 294x79
              text run at (0,0) width 294: "To the right of this teal box there should be a"
              text run at (0,20) width 94: "purple square, "
              text run at (94,20) width 200: "tightly squeezed in between the"
              text run at (0,40) width 193: "edge of the teal box and the "
              text run at (193,40) width 101: "outside edge of"
              text run at (0,60) width 110: "the blue block. \x{21E8}"
        LayoutBlockFlow {P} at (0,0) size 588x280
          LayoutText {#text} at (0,0) size 277x39
            text run at (0,0) width 277: "Inside this blue block on the right there"
            text run at (0,20) width 163: "should be a teal box. \x{21E8} "
          LayoutInline {SPAN} at (0,0) size 588x259 [color=#000080]
            LayoutText {#text} at (163,20) size 588x259
              text run at (163,20) width 114: "FAIL FAIL FAIL"
              text run at (0,40) width 277: "FAIL FAIL FAIL FAIL FAIL FAIL FAIL"
              text run at (0,60) width 81: "FAIL FAIL "
              text run at (81,60) width 196: "FAIL FAIL FAIL FAIL FAIL"
              text run at (0,80) width 277: "FAIL FAIL FAIL FAIL FAIL FAIL FAIL "
              text run at (277,80) width 311: "FAIL FAIL FAIL FAIL FAIL FAIL FAIL FAIL"
              text run at (0,100) width 158: "FAIL FAIL FAIL FAIL "
              text run at (158,100) width 430: "FAIL FAIL FAIL FAIL FAIL FAIL FAIL FAIL FAIL FAIL FAIL"
              text run at (0,120) width 39: "FAIL "
              text run at (39,120) width 475: "FAIL FAIL FAIL FAIL FAIL FAIL FAIL FAIL FAIL FAIL FAIL FAIL "
              text run at (514,120) width 74: "FAIL FAIL"
              text run at (0,140) width 395: "FAIL FAIL FAIL FAIL FAIL FAIL FAIL FAIL FAIL FAIL "
              text run at (395,140) width 193: "FAIL FAIL FAIL FAIL FAIL"
              text run at (0,160) width 277: "FAIL FAIL FAIL FAIL FAIL FAIL FAIL "
              text run at (277,160) width 311: "FAIL FAIL FAIL FAIL FAIL FAIL FAIL FAIL"
              text run at (0,180) width 158: "FAIL FAIL FAIL FAIL "
              text run at (158,180) width 430: "FAIL FAIL FAIL FAIL FAIL FAIL FAIL FAIL FAIL FAIL FAIL"
              text run at (0,200) width 39: "FAIL "
              text run at (39,200) width 475: "FAIL FAIL FAIL FAIL FAIL FAIL FAIL FAIL FAIL FAIL FAIL FAIL "
              text run at (514,200) width 74: "FAIL FAIL"
              text run at (0,220) width 395: "FAIL FAIL FAIL FAIL FAIL FAIL FAIL FAIL FAIL FAIL "
              text run at (395,220) width 193: "FAIL FAIL FAIL FAIL FAIL"
              text run at (0,240) width 277: "FAIL FAIL FAIL FAIL FAIL FAIL FAIL "
              text run at (277,240) width 311: "FAIL FAIL FAIL FAIL FAIL FAIL FAIL FAIL"
              text run at (0,260) width 148: "FAIL FAIL FAIL FAIL"
          LayoutText {#text} at (0,0) size 0x0
