layer at (0,0) size 800x600
  LayoutView at (0,0) size 800x600
layer at (0,0) size 800x156
  LayoutBlockFlow {HTML} at (0,0) size 800x156
    LayoutBlockFlow {BODY} at (8,16) size 784x132
      LayoutBlockFlow {P} at (0,0) size 784x20
        LayoutText {#text} at (0,0) size 402x19
          text run at (0,0) width 402: "The square below should be exactly 50 pixels wide on the ruler."
      LayoutBlockFlow {DIV} at (0,36) size 784x96
        LayoutImage {IMG} at (0,0) size 50x50
