layer at (0,0) size 800x600
  LayoutView at (0,0) size 800x600
layer at (0,0) size 800x100
  LayoutBlockFlow {HTML} at (0,0) size 800x100
    LayoutBlockFlow {BODY} at (8,16) size 784x76
      LayoutBlockFlow {P} at (0,0) size 784x20
        LayoutText {#text} at (0,0) size 233x19
          text run at (0,0) width 233: "The following two lines should look "
        LayoutInline {EM} at (0,0) size 90x19
          LayoutText {#text} at (233,0) size 90x19
            text run at (233,0) width 90: "approximately"
        LayoutText {#text} at (323,0) size 63x19
          text run at (323,0) width 63: " the same:"
      LayoutBlockFlow {DIV} at (0,36) size 784x20
        LayoutInline {SPAN} at (0,0) size 7x19
          LayoutInline {<pseudo:before>} at (0,0) size 7x19
            LayoutCounter (anonymous) at (0,0) size 0x0
            LayoutTextFragment (anonymous) at (0,0) size 7x19
              text run at (0,0) width 7: "z"
        LayoutText {#text} at (7,0) size 4x19
          text run at (7,0) width 4: " "
        LayoutInline {SPAN} at (0,0) size 7x19
          LayoutInline {<pseudo:before>} at (0,0) size 7x19
            LayoutCounter (anonymous) at (0,0) size 0x0
            LayoutTextFragment (anonymous) at (11,0) size 7x19
              text run at (11,0) width 7: "z"
        LayoutText {#text} at (18,0) size 4x19
          text run at (18,0) width 4: " "
        LayoutInline {SPAN} at (0,0) size 7x19
          LayoutInline {<pseudo:before>} at (0,0) size 7x19
            LayoutCounter (anonymous) at (0,0) size 0x0
            LayoutTextFragment (anonymous) at (22,0) size 7x19
              text run at (22,0) width 7: "z"
        LayoutText {#text} at (29,0) size 4x19
          text run at (29,0) width 4: " "
        LayoutInline {SPAN} at (0,0) size 7x19
          LayoutInline {<pseudo:before>} at (0,0) size 7x19
            LayoutCounter (anonymous) at (0,0) size 0x0
            LayoutTextFragment (anonymous) at (33,0) size 7x19
              text run at (33,0) width 7: "z"
        LayoutText {#text} at (40,0) size 4x19
          text run at (40,0) width 4: " "
        LayoutInline {SPAN} at (0,0) size 7x19
          LayoutInline {<pseudo:before>} at (0,0) size 7x19
            LayoutCounter (anonymous) at (0,0) size 0x0
            LayoutTextFragment (anonymous) at (44,0) size 7x19
              text run at (44,0) width 7: "z"
        LayoutText {#text} at (51,0) size 4x19
          text run at (51,0) width 4: " "
        LayoutInline {SPAN} at (0,0) size 7x19
          LayoutInline {<pseudo:before>} at (0,0) size 7x19
            LayoutCounter (anonymous) at (0,0) size 0x0
            LayoutTextFragment (anonymous) at (55,0) size 7x19
              text run at (55,0) width 7: "z"
        LayoutText {#text} at (62,0) size 4x19
          text run at (62,0) width 4: " "
        LayoutInline {SPAN} at (0,0) size 7x19
          LayoutInline {<pseudo:before>} at (0,0) size 7x19
            LayoutCounter (anonymous) at (0,0) size 0x0
            LayoutTextFragment (anonymous) at (66,0) size 7x19
              text run at (66,0) width 7: "z"
        LayoutText {#text} at (73,0) size 4x19
          text run at (73,0) width 4: " "
        LayoutInline {SPAN} at (0,0) size 7x19
          LayoutInline {<pseudo:before>} at (0,0) size 7x19
            LayoutCounter (anonymous) at (0,0) size 0x0
            LayoutTextFragment (anonymous) at (77,0) size 7x19
              text run at (77,0) width 7: "z"
        LayoutText {#text} at (84,0) size 4x19
          text run at (84,0) width 4: " "
        LayoutInline {SPAN} at (0,0) size 7x19
          LayoutInline {<pseudo:before>} at (0,0) size 7x19
            LayoutCounter (anonymous) at (0,0) size 0x0
            LayoutTextFragment (anonymous) at (88,0) size 7x19
              text run at (88,0) width 7: "z"
        LayoutText {#text} at (95,0) size 4x19
          text run at (95,0) width 4: " "
        LayoutInline {SPAN} at (0,0) size 7x19
          LayoutInline {<pseudo:before>} at (0,0) size 7x19
            LayoutCounter (anonymous) at (0,0) size 0x0
            LayoutTextFragment (anonymous) at (99,0) size 7x19
              text run at (99,0) width 7: "z"
        LayoutText {#text} at (106,0) size 4x19
          text run at (106,0) width 4: " "
        LayoutInline {SPAN} at (0,0) size 7x19
          LayoutInline {<pseudo:before>} at (0,0) size 7x19
            LayoutCounter (anonymous) at (0,0) size 0x0
            LayoutTextFragment (anonymous) at (110,0) size 7x19
              text run at (110,0) width 7: "z"
        LayoutText {#text} at (117,0) size 4x19
          text run at (117,0) width 4: " "
        LayoutInline {SPAN} at (0,0) size 7x19
          LayoutInline {<pseudo:before>} at (0,0) size 7x19
            LayoutCounter (anonymous) at (0,0) size 0x0
            LayoutTextFragment (anonymous) at (121,0) size 7x19
              text run at (121,0) width 7: "z"
        LayoutText {#text} at (0,0) size 0x0
      LayoutBlockFlow {DIV} at (0,56) size 784x20
        LayoutText {#text} at (0,0) size 128x19
          text run at (0,0) width 11: "z "
          text run at (11,0) width 11: "z "
          text run at (22,0) width 11: "z "
          text run at (33,0) width 11: "z "
          text run at (44,0) width 11: "z "
          text run at (55,0) width 11: "z "
          text run at (66,0) width 11: "z "
          text run at (77,0) width 11: "z "
          text run at (88,0) width 11: "z "
          text run at (99,0) width 11: "z "
          text run at (110,0) width 11: "z "
          text run at (121,0) width 7: "z"
