layer at (0,0) size 800x600
  LayoutView at (0,0) size 800x600
layer at (0,0) size 800x279
  LayoutBlockFlow {HTML} at (0,0) size 800x279
    LayoutBlockFlow {BODY} at (8,8) size 784x263
      LayoutBlockFlow {DIV} at (0,0) size 784x115
        LayoutBlockFlow {P} at (0,0) size 784x20 [color=#000080]
          LayoutText {#text} at (0,0) size 242x19
            text run at (0,0) width 242: "This sentence should be in a serif font."
        LayoutBlockFlow {P} at (0,20) size 784x20 [color=#000080]
          LayoutText {#text} at (0,0) size 242x19
            text run at (0,0) width 242: "This sentence should be in a serif font."
        LayoutBlockFlow {P} at (0,40) size 784x19 [color=#000080]
          LayoutText {#text} at (0,0) size 311x18
            text run at (0,0) width 311: "This sentence should be in a sans-serif font."
        LayoutBlockFlow {P} at (0,59) size 784x20 [color=#000080]
          LayoutText {#text} at (0,0) size 260x19
            text run at (0,0) width 260: "This sentence should be in a cursive font."
        LayoutBlockFlow {P} at (0,79) size 784x20 [color=#000080]
          LayoutText {#text} at (0,0) size 260x19
            text run at (0,0) width 260: "This sentence should be in a fantasy font."
        LayoutBlockFlow {P} at (0,99) size 784x16 [color=#000080]
          LayoutText {#text} at (0,0) size 352x16
            text run at (0,0) width 352: "This sentence should be in a monospace font."
      LayoutBlockFlow {P} at (0,115) size 784x19 [color=#000080]
        LayoutText {#text} at (0,0) size 311x18
          text run at (0,0) width 311: "This sentence should be in a sans-serif font."
      LayoutBlockFlow {P} at (0,134) size 784x18 [color=#000080]
        LayoutText {#text} at (0,0) size 440x18
          text run at (0,0) width 440: "This sentence should be in a monospace font."
      LayoutBlockFlow {DIV} at (0,152) size 784x111
        LayoutBlockFlow {P} at (0,0) size 784x16 [color=#000080]
          LayoutText {#text} at (0,0) size 352x16
            text run at (0,0) width 352: "This sentence should be in a monospace font."
        LayoutBlockFlow {P} at (0,16) size 784x20 [color=#000080]
          LayoutText {#text} at (0,0) size 242x19
            text run at (0,0) width 242: "This sentence should be in a serif font."
        LayoutBlockFlow {P} at (0,36) size 784x19 [color=#000080]
          LayoutText {#text} at (0,0) size 311x18
            text run at (0,0) width 311: "This sentence should be in a sans-serif font."
        LayoutBlockFlow {P} at (0,55) size 784x20 [color=#000080]
          LayoutText {#text} at (0,0) size 260x19
            text run at (0,0) width 260: "This sentence should be in a cursive font."
        LayoutBlockFlow {P} at (0,75) size 784x20 [color=#000080]
          LayoutText {#text} at (0,0) size 260x19
            text run at (0,0) width 260: "This sentence should be in a fantasy font."
        LayoutBlockFlow {P} at (0,95) size 784x16 [color=#000080]
          LayoutText {#text} at (0,0) size 352x16
            text run at (0,0) width 352: "This sentence should be in a monospace font."
