layer at (0,0) size 800x600
  LayoutView at (0,0) size 800x600
layer at (0,0) size 800x420
  LayoutBlockFlow {HTML} at (0,0) size 800x420
    LayoutBlockFlow {BODY} at (8,16) size 784x388
      LayoutBlockFlow {P} at (0,0) size 784x20 [color=#000080]
        LayoutText {#text} at (0,0) size 234x19
          text run at (0,0) width 234: "This sentence should be left-justified."
      LayoutBlockFlow {P} at (0,36) size 784x20 [color=#000080]
        LayoutText {#text} at (541,0) size 243x19
          text run at (541,0) width 243: "This sentence should be right-justified."
      LayoutBlockFlow {P} at (0,72) size 784x20 [color=#000080]
        LayoutText {#text} at (286,0) size 212x19
          text run at (286,0) width 212: "This sentence should be centered."
      LayoutBlockFlow {P} at (0,108) size 784x280 [color=#000080]
        LayoutText {#text} at (0,0) size 496x19
          text run at (0,0) width 392: "This paragraph should be justified (the right and left margins "
          text run at (392,0) width 104: "should line up). "
        LayoutInline {SPAN} at (0,0) size 784x279 [color=#C0C0C0]
          LayoutText {#text} at (496,0) size 784x279
            text run at (496,0) width 288: "This is just lovely dummy text. Dummy text."
            text run at (0,20) width 56: "Dummy "
            text run at (56,20) width 529: "text. This is just lovely dummy text. This is just lovely dummy text. Dummy text. "
            text run at (585,20) width 199: "This is just lovely dummy text."
            text run at (0,40) width 349: "This is just lovely dummy text. Dummy text. Dummy "
            text run at (349,40) width 435: "text. This is just lovely dummy text. This is just lovely dummy text."
            text run at (0,60) width 88: "Dummy text. "
            text run at (88,60) width 550: "This is just lovely dummy text. This is just lovely dummy text. Dummy text. Dummy "
            text run at (638,60) width 146: "text. This is just lovely"
            text run at (0,80) width 379: "dummy text. This is just lovely dummy text. Dummy text. "
            text run at (379,80) width 405: "This is just lovely dummy text. This is just lovely dummy text."
            text run at (0,100) width 145: "Dummy text. Dummy "
            text run at (145,100) width 525: "text. This is just lovely dummy text. This is just lovely dummy text. Dummy text. "
            text run at (670,100) width 114: "This is just lovely"
            text run at (0,120) width 434: "dummy text. This is just lovely dummy text. Dummy text. Dummy "
            text run at (434,120) width 350: "text. This is just lovely dummy text. This is just lovely"
            text run at (0,140) width 170: "dummy text. Dummy text. "
            text run at (170,140) width 540: "This is just lovely dummy text. This is just lovely dummy text. Dummy text. Dummy "
            text run at (710,140) width 74: "text. This is"
            text run at (0,160) width 458: "just lovely dummy text. This is just lovely dummy text. Dummy text. "
            text run at (458,160) width 326: "This is just lovely dummy text. This is just lovely"
            text run at (0,180) width 226: "dummy text. Dummy text. Dummy "
            text run at (226,180) width 515: "text. This is just lovely dummy text. This is just lovely dummy text. Dummy text. "
            text run at (741,180) width 43: "This is"
            text run at (0,200) width 505: "just lovely dummy text. This is just lovely dummy text. Dummy text. Dummy "
            text run at (505,200) width 279: "text. This is just lovely dummy text. This is"
            text run at (0,220) width 242: "just lovely dummy text. Dummy text. "
            text run at (242,220) width 542: "This is just lovely dummy text. This is just lovely dummy text. Dummy text. Dummy"
            text run at (0,240) width 516: "text. This is just lovely dummy text. This is just lovely dummy text. Dummy text. "
            text run at (516,240) width 268: "This is just lovely dummy text. This is just"
            text run at (0,260) width 269: "lovely dummy text. Dummy text. Dummy "
            text run at (269,260) width 118: "text. Dummy text. "
        LayoutText {#text} at (387,260) size 381x19
          text run at (387,260) width 260: "This sentence should be at the end of the "
          text run at (647,260) width 121: "block, not justified."
