layer at (0,0) size 800x600
  LayoutView at (0,0) size 800x600
layer at (0,0) size 800x600
  LayoutBlockFlow {HTML} at (0,0) size 800x600
    LayoutBlockFlow {BODY} at (8,8) size 784x576
      LayoutBlockFlow (anonymous) at (0,0) size 784x22
        LayoutTextControl {INPUT} at (0,0) size 181x22 [bgcolor=#FFFFFF] [border: (2px inset #EEEEEE)]
        LayoutText {#text} at (0,0) size 0x0
      LayoutBlockFlow {P} at (0,38) size 784x20
        LayoutText {#text} at (0,0) size 731x19
          text run at (0,0) width 731: "Tests drag-selecting down. If the test succeeds, the text from the center to the end of the text field should be selected."
layer at (10,11) size 177x16
  LayoutBlockFlow {DIV} at (2,3) size 177x16
    LayoutText {#text} at (0,0) size 134x16
      text run at (0,0) width 134: "This is a bunch of text."
selection start: position 7 of child 0 {#text} of child 0 {DIV} of {#document-fragment} of child 0 {INPUT} of body
selection end:   position 8 of child 0 {#text} of child 0 {DIV} of {#document-fragment} of child 0 {INPUT} of body
