layer at (0,0) size 800x600
  LayoutView at (0,0) size 800x600
layer at (0,0) size 800x548
  LayoutBlockFlow {HTML} at (0,0) size 800x548
    LayoutBlockFlow {BODY} at (8,16) size 784x524
      LayoutBlockFlow {P} at (0,0) size 784x20
        LayoutText {#text} at (0,0) size 413x19
          text run at (0,0) width 324: "The top table was resized while the field\x{2019}s contents "
          text run at (324,0) width 89: "were selected."
      LayoutTable {TABLE} at (0,36) size 225x244
        LayoutTableSection {TBODY} at (0,0) size 225x244
          LayoutTableRow {TR} at (0,2) size 225x240
            LayoutTableCell {TD} at (2,91) size 221x62 [bgcolor=#90EE90] [r=0 c=0 rs=1 cs=1]
              LayoutTextControl {INPUT} at (20,20) size 181x22 [bgcolor=#FFFFFF] [border: (2px inset #EEEEEE)]
              LayoutText {#text} at (0,0) size 0x0
      LayoutTable {TABLE} at (0,280) size 225x244
        LayoutTableSection {TBODY} at (0,0) size 225x244
          LayoutTableRow {TR} at (0,2) size 225x240
            LayoutTableCell {TD} at (2,91) size 221x62 [bgcolor=#90EE90] [r=0 c=0 rs=1 cs=1]
              LayoutTextControl {INPUT} at (20,20) size 181x22 [bgcolor=#FFFFFF] [border: (2px inset #EEEEEE)]
              LayoutText {#text} at (0,0) size 0x0
layer at (32,166) size 177x16
  LayoutBlockFlow {DIV} at (2,3) size 177x16
    LayoutText {#text} at (0,0) size 40x16
      text run at (0,0) width 40: "foo bar"
layer at (32,410) size 177x16
  LayoutBlockFlow {DIV} at (2,3) size 177x16
    LayoutText {#text} at (0,0) size 40x16
      text run at (0,0) width 40: "foo bar"
selection start: position 0 of child 0 {#text} of child 0 {DIV} of {#document-fragment} of child 1 {INPUT} of child 1 {TD} of child 0 {TR} of child 1 {TBODY} of child 3 {TABLE} of body
selection end:   position 7 of child 0 {#text} of child 0 {DIV} of {#document-fragment} of child 1 {INPUT} of child 1 {TD} of child 0 {TR} of child 1 {TBODY} of child 3 {TABLE} of body
