layer at (0,0) size 800x600
  LayoutView at (0,0) size 800x600
layer at (0,0) size 800x600
  LayoutBlockFlow {HTML} at (0,0) size 800x600
    LayoutBlockFlow {BODY} at (8,8) size 784x584
      LayoutBlockFlow {P} at (0,0) size 784x20
        LayoutText {#text} at (0,0) size 52x19
          text run at (0,0) width 52: "Test for "
        LayoutInline {A} at (0,0) size 67x19 [color=#0000EE]
          LayoutText {#text} at (52,0) size 67x19
            text run at (52,0) width 67: "bug 11534"
        LayoutText {#text} at (119,0) size 4x19
          text run at (119,0) width 4: "."
      LayoutBlockFlow {P} at (0,36) size 784x20
        LayoutText {#text} at (0,0) size 351x19
          text run at (0,0) width 351: "Readonly text fields don't scroll when selecting content."
      LayoutBlockFlow (anonymous) at (0,72) size 784x22
        LayoutTextControl {INPUT} at (0,0) size 181x22 [bgcolor=#FFFFFF] [border: (2px inset #EEEEEE)]
        LayoutText {#text} at (0,0) size 0x0
      LayoutBlockFlow {DIV} at (0,94) size 784x20
        LayoutText {#text} at (0,0) size 79x19
          text run at (0,0) width 79: "ScrollLeft: 0"
        LayoutBR {BR} at (79,15) size 0x0
layer at (10,83) size 177x16
  LayoutBlockFlow {DIV} at (2,3) size 177x16
    LayoutText {#text} at (0,0) size 167x16
      text run at (0,0) width 167: "abcdefghijklmnopqrstuvwxyz"
selection start: position 1 of child 0 {#text} of child 0 {DIV} of {#document-fragment} of child 5 {INPUT} of body
selection end:   position 26 of child 0 {#text} of child 0 {DIV} of {#document-fragment} of child 5 {INPUT} of body
