layer at (0,0) size 800x600
  LayoutView at (0,0) size 800x600
layer at (0,0) size 800x600
  LayoutBlockFlow {HTML} at (0,0) size 800x600
    LayoutBlockFlow {BODY} at (8,8) size 784x584
      LayoutText {#text} at (0,1) size 476x19
        text run at (0,1) width 476: "This tests that empty readonly text fields have the right height and baseline. "
      LayoutTextControl {INPUT} at (476,0) size 181x22 [bgcolor=#FFFFFF] [border: (2px inset #EEEEEE)]
      LayoutText {#text} at (0,0) size 0x0
layer at (486,11) size 177x16
  LayoutBlockFlow {DIV} at (2,3) size 177x16
