layer at (0,0) size 800x600
  LayoutView at (0,0) size 800x600
layer at (0,0) size 800x279
  LayoutBlockFlow {HTML} at (0,0) size 800x279
    LayoutBlockFlow {BODY} at (8,8) size 784x263
      LayoutTextControl {INPUT} at (4,4) size 181x22 [bgcolor=#FFFFFF] [border: (2px inset #EEEEEE)]
      LayoutText {#text} at (189,5) size 4x19
        text run at (189,5) width 4: " "
      LayoutBR {BR} at (193,5) size 0x19
      LayoutTextControl {INPUT} at (4,34) size 183x24 [bgcolor=#FFFFFF] [border: (3px solid #00FF00)]
      LayoutText {#text} at (191,36) size 4x19
        text run at (191,36) width 4: " "
      LayoutTextControl {INPUT} at (199,35) size 181x22 [bgcolor=#FFFFFF] [border: (2px inset #EEEEEE)]
      LayoutText {#text} at (384,36) size 4x19
        text run at (384,36) width 4: " "
      LayoutBR {BR} at (388,36) size 0x19
      LayoutTextControl {INPUT} at (4,66) size 181x22 [border: (2px inset #EEEEEE)]
      LayoutText {#text} at (189,67) size 4x19
        text run at (189,67) width 4: " "
      LayoutBR {BR} at (193,67) size 0x19
      LayoutTextControl {INPUT} at (4,96) size 181x22 [bgcolor=#FFFFFF] [border: (2px inset #EEEEEE)]
      LayoutText {#text} at (189,97) size 4x19
        text run at (189,97) width 4: " "
      LayoutBR {BR} at (193,97) size 0x19
      LayoutTextControl {INPUT} at (4,130) size 205x25 [bgcolor=#FFFFFF] [border: (2px inset #EEEEEE)]
      LayoutText {#text} at (213,133) size 4x19
        text run at (213,133) width 4: " "
      LayoutTextControl {INPUT} at (221,126) size 250x30 [bgcolor=#FFFFFF] [border: (2px inset #EEEEEE)]
      LayoutText {#text} at (475,133) size 4x19
        text run at (475,133) width 4: " "
      LayoutTextControl {INPUT} at (4,164) size 314x34 [bgcolor=#FFFFFF] [border: (2px inset #EEEEEE)]
      LayoutText {#text} at (322,173) size 4x19
        text run at (322,173) width 4: " "
      LayoutBR {BR} at (326,173) size 0x19
      LayoutTextControl {INPUT} at (6,218.50) size 252x33 [bgcolor=#FFFFFF] [border: (3px inset #EEEEEE)]
      LayoutText {#text} at (264,227) size 4x19
        text run at (264,227) width 4: " "
      LayoutTextControl {INPUT} at (276,210) size 342x45 [bgcolor=#FFFFFF] [border: (4px inset #EEEEEE)]
      LayoutText {#text} at (626,227) size 4x19
        text run at (626,227) width 4: " "
      LayoutBR {BR} at (630,227) size 0x19
layer at (14,15) size 177x16
  LayoutBlockFlow {DIV} at (2,3) size 177x16
    LayoutText {#text} at (0,0) size 18x16
      text run at (0,0) width 18: "foo"
layer at (15,46) size 177x16
  LayoutBlockFlow {DIV} at (3,4) size 177x16
    LayoutText {#text} at (0,0) size 18x16
      text run at (0,0) width 18: "foo"
layer at (209,46) size 177x16
  LayoutBlockFlow {DIV} at (2,3) size 177x16
    LayoutText {#text} at (0,0) size 18x16
      text run at (0,0) width 18: "foo"
layer at (14,77) size 177x16
  LayoutBlockFlow {DIV} at (2,3) size 177x16
    LayoutText {#text} at (0,0) size 18x16
      text run at (0,0) width 18: "foo"
layer at (14,107) size 177x16
  LayoutBlockFlow {DIV} at (2,3) size 177x16
    LayoutText {#text} at (0,0) size 18x16
      text run at (0,0) width 18: "foo"
layer at (14,141) size 201x19
  LayoutBlockFlow {DIV} at (2,3) size 201x19
    LayoutText {#text} at (0,0) size 22x18
      text run at (0,0) width 22: "foo"
layer at (231,137) size 246x24
  LayoutBlockFlow {DIV} at (2,3) size 246x24
    LayoutText {#text} at (0,0) size 28x23
      text run at (0,0) width 28: "foo"
layer at (14,175) size 310x28
  LayoutBlockFlow {DIV} at (2,3) size 310x28
    LayoutText {#text} at (0,0) size 33x27
      text run at (0,0) width 33: "foo"
layer at (17,231) size 246x24
  LayoutBlockFlow {DIV} at (3,4.50) size 246x24
    LayoutText {#text} at (0,0) size 28x23
      text run at (0,0) width 28: "foo"
layer at (288,224) size 334x33
  LayoutBlockFlow {DIV} at (4,6) size 334x33
    LayoutText {#text} at (0,0) size 38x32
      text run at (0,0) width 38: "foo"
