layer at (0,0) size 800x600
  LayoutView at (0,0) size 800x600
layer at (0,0) size 800x38
  LayoutBlockFlow {HTML} at (0,0) size 800x38
    LayoutBlockFlow {BODY} at (8,8) size 784x22
      LayoutTable {TABLE} at (0,0) size 784x22
        LayoutTableSection {TBODY} at (0,0) size 784x22
          LayoutTableRow {TR} at (0,0) size 784x22
            LayoutTableCell {TD} at (0,1) size 714x20 [r=0 c=0 rs=1 cs=1]
              LayoutText {#text} at (0,0) size 205x19
                text run at (0,0) width 205: "Post to Confessions of a Mozillian"
            LayoutTableCell {TD} at (714,1) size 70x20 [r=0 c=1 rs=1 cs=1]
              LayoutText {#text} at (0,0) size 20x19
                text run at (0,0) width 20: "foo"
