layer at (0,0) size 800x600
  LayoutView at (0,0) size 800x600
layer at (0,0) size 800x600
  LayoutBlockFlow {HTML} at (0,0) size 800x600
    LayoutBlockFlow {BODY} at (8,8) size 784x584
      LayoutTable {TABLE} at (0,0) size 784x52
        LayoutTableSection {TBODY} at (0,0) size 784x52
          LayoutTableRow {TR} at (0,2) size 784x24
            LayoutTableCell {TD} at (2,3) size 38x22 [r=0 c=0 rs=1 cs=1]
              LayoutText {#text} at (1,1) size 33x19
                text run at (1,1) width 33: "URL:"
            LayoutTableCell {TD} at (42,2) size 740x24 [r=0 c=1 rs=1 cs=1]
              LayoutTextControl {INPUT} at (1,1) size 738x22 [bgcolor=#FFFFFF] [border: (2px inset #EEEEEE)]
          LayoutTableRow {TR} at (0,28) size 784x22
            LayoutTableCell {TD} at (2,28) size 780x22 [bgcolor=#FF0000] [r=1 c=0 rs=1 cs=2]
              LayoutText {#text} at (1,1) size 233x19
                text run at (1,1) width 233: "Alongwordtogiveyouanicebigminwidth."
      LayoutTable {TABLE} at (0,52) size 100x100 [bgcolor=#FF0000] [border: (2px outset #808080)]
        LayoutTableSection {TBODY} at (2,2) size 96x96
          LayoutTableRow {TR} at (0,2) size 96x92
            LayoutTableCell {TD} at (2,46) size 92x4 [border: (1px inset #808080)] [r=0 c=0 rs=1 cs=1]
      LayoutTable {TABLE} at (0,152) size 191x126 [border: (2px outset #808080)]
        LayoutTableSection {TBODY} at (2,2) size 187x122
          LayoutTableRow {TR} at (0,2) size 187x24
            LayoutTableCell {TD} at (2,2) size 183x24 [border: (1px inset #808080)] [r=0 c=0 rs=1 cs=1]
              LayoutText {#text} at (2,2) size 28x19
                text run at (2,2) width 28: "hello"
          LayoutTableRow {TR} at (0,28) size 187x24
            LayoutTableCell {TD} at (2,28) size 183x24 [border: (1px inset #808080)] [r=1 c=0 rs=1 cs=1]
              LayoutText {#text} at (2,2) size 63x19
                text run at (2,2) width 63: "more hello"
          LayoutTableRow {TR} at (0,54) size 187x24
            LayoutTableCell {TD} at (2,54) size 183x24 [border: (1px inset #808080)] [r=2 c=0 rs=1 cs=1]
              LayoutText {#text} at (2,2) size 35x19
                text run at (2,2) width 35: "world"
          LayoutTableRow {TR} at (0,80) size 187x40
            LayoutTableCell {TD} at (2,80) size 183x40 [border: (1px inset #808080)] [r=3 c=0 rs=1 cs=1]
              LayoutText {#text} at (0,0) size 0x0
      LayoutTable {TABLE} at (0,278) size 106x86
        LayoutTableSection {TBODY} at (0,0) size 106x86
          LayoutTableRow {TR} at (0,2) size 106x82
            LayoutTableCell {TD} at (2,2) size 102x82 [r=0 c=0 rs=1 cs=1]
              LayoutText {#text} at (1,1) size 95x79
                text run at (1,1) width 83: "I should wrap"
                text run at (1,21) width 77: "and not have"
                text run at (1,41) width 54: "nowrap. "
                text run at (55,41) width 41: "I really"
                text run at (1,61) width 43: "should."
      LayoutTable {TABLE} at (0,364) size 106x86
        LayoutTableSection {TBODY} at (0,0) size 106x86
          LayoutTableRow {TR} at (0,2) size 106x82
            LayoutTableCell {TD} at (2,2) size 102x82 [r=0 c=0 rs=1 cs=1]
              LayoutBlockFlow {DIV} at (1,1) size 100x80
                LayoutText {#text} at (0,0) size 95x79
                  text run at (0,0) width 83: "I should wrap"
                  text run at (0,20) width 77: "and not have"
                  text run at (0,40) width 54: "nowrap. "
                  text run at (54,40) width 41: "I really"
                  text run at (0,60) width 43: "should."
      LayoutTable {TABLE} at (0,450) size 345x26
        LayoutTableSection {TBODY} at (0,0) size 345x26
          LayoutTableRow {TR} at (0,2) size 345x22
            LayoutTableCell {TD} at (2,2) size 341x22 [r=0 c=0 rs=1 cs=1]
              LayoutText {#text} at (1,1) size 339x19
                text run at (1,1) width 138: "I should have nowrap. "
                text run at (139,1) width 92: "I really should. "
                text run at (231,1) width 109: "Definitely. Should."
      LayoutTable {TABLE} at (0,476) size 345x26
        LayoutTableSection {TBODY} at (0,0) size 345x26
          LayoutTableRow {TR} at (0,2) size 345x22
            LayoutTableCell {TD} at (2,2) size 341x22 [r=0 c=0 rs=1 cs=1]
              LayoutBlockFlow {DIV} at (1,1) size 339x20
                LayoutText {#text} at (0,0) size 339x19
                  text run at (0,0) width 138: "I should have nowrap. "
                  text run at (138,0) width 92: "I really should. "
                  text run at (230,0) width 109: "Definitely. Should."
layer at (53,14) size 734x16
  LayoutBlockFlow {DIV} at (2,3) size 734x16
layer at (14,244) size 179x36 clip at (15,245) size 177x34
  LayoutTextControl {TEXTAREA} at (2,2) size 179x36 [bgcolor=#FFFFFF] [border: (1px solid #A9A9A9)]
    LayoutBlockFlow {DIV} at (3,3) size 175x16
