layer at (0,0) size 800x600
  LayoutView at (0,0) size 800x600
layer at (0,0) size 800x600
  LayoutBlockFlow {HTML} at (0,0) size 800x600
    LayoutBlockFlow {BODY} at (8,8) size 784x584
      LayoutTable {TABLE} at (0,0) size 770x100
        LayoutTableSection {TBODY} at (0,0) size 770x100
          LayoutTableRow {TR} at (0,0) size 770x20
            LayoutTableCell {TD} at (0,40) size 130x20 [bgcolor=#008000] [r=0 c=0 rs=5 cs=1]
              LayoutTable {TABLE} at (0,0) size 130x20
                LayoutTableSection {TBODY} at (0,0) size 130x20
                  LayoutTableRow {TR} at (0,0) size 130x20
                    LayoutTableCell {TD} at (0,0) size 130x20 [r=0 c=0 rs=1 cs=1]
                      LayoutImage {IMG} at (0,0) size 130x0
                      LayoutBR {BR} at (130,0) size 0x0
                      LayoutText {#text} at (0,0) size 8x19
                        text run at (0,0) width 8: "1"
            LayoutTableCell {TD} at (130,46) size 1x7 [bgcolor=#FF0000] [r=0 c=1 rs=5 cs=1]
              LayoutImage {IMG} at (0,0) size 1x7
            LayoutTableCell {TD} at (131,0) size 280x20 [bgcolor=#800080] [r=0 c=2 rs=1 cs=1]
              LayoutText {#text} at (0,0) size 8x19
                text run at (0,0) width 8: "3"
            LayoutTableCell {TD} at (411,0) size 9x20 [bgcolor=#0000FF] [r=0 c=3 rs=1 cs=1]
              LayoutText {#text} at (0,0) size 8x19
                text run at (0,0) width 8: "4"
            LayoutTableCell {TD} at (420,0) size 350x20 [bgcolor=#FFA500] [r=0 c=4 rs=1 cs=1]
              LayoutText {#text} at (0,0) size 8x19
                text run at (0,0) width 8: "5"
          LayoutTableRow {TR} at (0,20) size 770x20
            LayoutTableCell {TD} at (131,30) size 280x20 [bgcolor=#800080] [r=1 c=2 rs=2 cs=1]
              LayoutImage {IMG} at (0,0) size 280x0
              LayoutBR {BR} at (280,0) size 0x0
              LayoutText {#text} at (0,0) size 8x19
                text run at (0,0) width 8: "3"
            LayoutTableCell {TD} at (411,30) size 9x20 [bgcolor=#0000FF] [r=1 c=3 rs=2 cs=1]
              LayoutText {#text} at (0,0) size 8x19
                text run at (0,0) width 8: "4"
            LayoutTableCell {TD} at (420,20) size 350x20 [bgcolor=#FFA500] [r=1 c=4 rs=1 cs=1]
              LayoutText {#text} at (0,0) size 8x19
                text run at (0,0) width 8: "5"
          LayoutTableRow {TR} at (0,40) size 770x20
            LayoutTableCell {TD} at (420,40) size 350x20 [r=2 c=4 rs=1 cs=1]
              LayoutTable {TABLE} at (0,0) size 350x20 [bgcolor=#FFA500]
                LayoutTableSection {TBODY} at (0,0) size 350x20
                  LayoutTableRow {TR} at (0,0) size 350x20
                    LayoutTableCell {TD} at (0,0) size 273x20 [r=0 c=0 rs=1 cs=1]
                      LayoutImage {IMG} at (0,0) size 267x0
                      LayoutBR {BR} at (267,0) size 0x0
                      LayoutText {#text} at (0,0) size 8x19
                        text run at (0,0) width 8: "5"
                    LayoutTableCell {TD} at (273,10) size 77x0 [r=0 c=1 rs=1 cs=1]
                      LayoutImage {IMG} at (0,0) size 77x0
          LayoutTableRow {TR} at (0,60) size 770x20
            LayoutTableCell {TD} at (131,60) size 280x20 [bgcolor=#800080] [r=3 c=2 rs=1 cs=1]
              LayoutText {#text} at (0,0) size 8x19
                text run at (0,0) width 8: "3"
            LayoutTableCell {TD} at (411,60) size 9x20 [bgcolor=#0000FF] [r=3 c=3 rs=1 cs=1]
              LayoutText {#text} at (0,0) size 8x19
                text run at (0,0) width 8: "4"
            LayoutTableCell {TD} at (420,60) size 350x20 [bgcolor=#FFA500] [r=3 c=4 rs=1 cs=1]
              LayoutText {#text} at (0,0) size 8x19
                text run at (0,0) width 8: "5"
          LayoutTableRow {TR} at (0,80) size 770x20
            LayoutTableCell {TD} at (131,80) size 280x20 [bgcolor=#800080] [r=4 c=2 rs=1 cs=1]
              LayoutText {#text} at (0,0) size 8x19
                text run at (0,0) width 8: "3"
            LayoutTableCell {TD} at (411,80) size 9x20 [bgcolor=#0000FF] [r=4 c=3 rs=1 cs=1]
              LayoutText {#text} at (0,0) size 8x19
                text run at (0,0) width 8: "4"
            LayoutTableCell {TD} at (420,80) size 350x20 [bgcolor=#FFA500] [r=4 c=4 rs=1 cs=1]
              LayoutText {#text} at (0,0) size 8x19
                text run at (0,0) width 8: "5"
