layer at (0,0) size 800x600
  LayoutView at (0,0) size 800x600
layer at (0,0) size 800x600
  LayoutBlockFlow {HTML} at (0,0) size 800x600
    LayoutBlockFlow {BODY} at (8,8) size 784x584
      LayoutTable {TABLE} at (0,0) size 231x226 [border: (2px outset #808080)]
        LayoutTableSection {TBODY} at (2,2) size 227x222
          LayoutTableRow {TR} at (0,0) size 227x222
            LayoutTableCell {TD} at (0,0) size 227x222 [border: (1px inset #808080)] [r=0 c=0 rs=1 cs=1]
              LayoutText {#text} at (101,101) size 25x19
                text run at (101,101) width 25: "Foo"
