layer at (0,0) size 800x600
  LayoutView at (0,0) size 800x600
layer at (0,0) size 800x600
  LayoutBlockFlow {HTML} at (0,0) size 800x600
    LayoutBlockFlow {BODY} at (8,8) size 784x584
      LayoutTable {TABLE} at (0,0) size 524x94 [border: (1px outset #808080)]
        LayoutTableSection {TBODY} at (1,1) size 522x92
          LayoutTableRow {TR} at (0,0) size 522x48
            LayoutTableCell {TD} at (0,0) size 27x3 [border: (1px inset #808080)] [r=0 c=0 rs=3 cs=1]
              LayoutBlockFlow {IMG} at (1,1) size 25x1
            LayoutTableCell {TD} at (27,0) size 495x22 [border: (1px inset #808080)] [r=0 c=1 rs=1 cs=1]
              LayoutText {#text} at (1,1) size 20x19
                text run at (1,1) width 20: "foo"
          LayoutTableRow {TR} at (0,48) size 522x22
            LayoutTableCell {TD} at (27,48) size 495x22 [border: (1px inset #808080)] [r=1 c=1 rs=1 cs=1]
              LayoutBlockFlow {DIV} at (1,1) size 493x20
                LayoutText {#text} at (12,0) size 407x19
                  text run at (12,0) width 407: "Affordable, high-quality business services with unparalleled support."
          LayoutTableRow {TR} at (0,70) size 522x0
            LayoutTableCell {TD} at (27,70) size 495x22 [border: (1px inset #808080)] [r=2 c=1 rs=2 cs=1]
              LayoutText {#text} at (1,1) size 396x19
                text run at (1,1) width 396: "Wireless Services\x{2014}Take the Net with you when you\x{2019}re on the go"
          LayoutTableRow {TR} at (0,70) size 522x22
            LayoutTableCell {TD} at (0,70) size 522x22 [border: (1px inset #808080)] [r=3 c=0 rs=1 cs=2]
              LayoutText {#text} at (1,1) size 23x19
                text run at (1,1) width 23: "goo"
layer at (10,10) size 25x4 clip at (11,11) size 23x2 scrollHeight 18
  LayoutBlockFlow {DIV} at (0,0) size 25x4 [border: (1px solid #C0C0C0)]
    LayoutImage (floating) {IMG} at (2,2) size 16x16
layer at (28,12) size 5x0
  LayoutBlockFlow {DIV} at (18,2) size 5x0
