layer at (0,0) size 800x600
  LayoutView at (0,0) size 800x600
layer at (0,0) size 800x600
  LayoutBlockFlow {HTML} at (0,0) size 800x600
    LayoutBlockFlow {BODY} at (0,0) size 800x584 [bgcolor=#FFFFFF]
      LayoutBlockFlow {CENTER} at (0,0) size 800x58
        LayoutTable {TABLE} at (0,0) size 800x58 [bgcolor=#CCCCCC] [border: (1px outset #808080)]
          LayoutTableSection {TBODY} at (1,1) size 798x56
            LayoutTableRow {TR} at (0,0) size 798x56
              LayoutTableCell {TD} at (0,0) size 798x56 [border: (1px inset #808080)] [r=0 c=0 rs=1 cs=1]
                LayoutBlockFlow {DIV} at (82,1) size 634x54 [border: (2px solid #FF0000)]
                  LayoutTable {TABLE} at (2,2) size 630x216 [bgcolor=#CCCCCC] [border: (2px outset #808080)]
                    LayoutTableSection {TBODY} at (2,2) size 626x212
                      LayoutTableRow {TR} at (0,15) size 626x182
                        LayoutTableCell {TD} at (15,15) size 596x182 [border: (1px inset #808080)] [r=0 c=0 rs=1 cs=1]
                          LayoutTable {TABLE} at (249.50,1) size 97x180 [bgcolor=#CCCCCC]
                            LayoutTableSection {TBODY} at (0,0) size 97x180
                              LayoutTableRow {TR} at (0,0) size 97x180
                                LayoutTableCell {TD} at (0,0) size 97x180 [r=0 c=0 rs=1 cs=1]
                                  LayoutImage {IMG} at (0,0) size 97x180
      LayoutBlockFlow {P} at (0,74) size 800x0
      LayoutBlockFlow (floating) {DIV} at (0,74) size 104x54 [border: (2px solid #FF0000)]
        LayoutText {#text} at (2,2) size 79x59
          text run at (2,2) width 79: "Here is some"
          text run at (2,22) width 30: "text. "
          text run at (32,22) width 48: "I should"
          text run at (2,42) width 56: "overflow."
        LayoutBR {BR} at (57,57) size 1x0
        LayoutText {#text} at (2,62) size 89x19
          text run at (2,62) width 89: "I will overflow."
        LayoutBR {BR} at (90,77) size 1x0
        LayoutText {#text} at (2,82) size 86x39
          text run at (2,82) width 86: "I definitely will"
          text run at (2,102) width 53: "overflow"
        LayoutBR {BR} at (55,117) size 0x0
        LayoutText {#text} at (2,122) size 63x39
          text run at (2,122) width 63: "I promis. I"
          text run at (2,142) width 59: "lvoerflow."
        LayoutBR {BR} at (60,157) size 1x0
        LayoutText {#text} at (2,162) size 40x19
          text run at (2,162) width 40: "Really."
      LayoutBlockFlow {P} at (0,74) size 800x0
