layer at (0,0) size 800x600
  LayoutView at (0,0) size 800x600
layer at (0,0) size 800x600
  LayoutBlockFlow {HTML} at (0,0) size 800x600
    LayoutBlockFlow {BODY} at (8,8) size 784x584
      LayoutBlockFlow {DIV} at (0,0) size 784x0
      LayoutTable {TABLE} at (0,0) size 99x26
        LayoutTableSection {TBODY} at (0,0) size 99x26
          LayoutTableRow {TR} at (0,2) size 99x22
            LayoutTableCell {TD} at (2,2) size 34x22 [r=0 c=0 rs=1 cs=1]
              LayoutText {#text} at (1,1) size 32x19
                text run at (1,1) width 32: "Hello"
            LayoutTableCell {TD} at (38,2) size 59x22 [r=0 c=1 rs=1 cs=1]
              LayoutText {#text} at (1,1) size 57x19
                text run at (1,1) width 57: "Goodbye"
