layer at (0,0) size 800x600
  LayoutView at (0,0) size 800x600
layer at (0,0) size 800x600
  LayoutBlockFlow {HTML} at (0,0) size 800x600
    LayoutBlockFlow {BODY} at (8,8) size 784x584
      LayoutTable {TABLE} at (0,0) size 784x100
        LayoutTableSection {TBODY} at (0,0) size 784x100
          LayoutTableRow {TR} at (0,0) size 784x100
            LayoutTableCell {TD} at (0,40) size 46x20 [r=0 c=0 rs=1 cs=1]
              LayoutText {#text} at (0,0) size 11x19
                text run at (0,0) width 11: "A"
            LayoutTableCell {TD} at (46,40) size 691x20 [r=0 c=1 rs=1 cs=1]
              LayoutText {#text} at (0,0) size 10x19
                text run at (0,0) width 10: "B"
            LayoutTableCell {TD} at (737,40) size 47x20 [r=0 c=2 rs=1 cs=1]
              LayoutText {#text} at (0,0) size 11x19
                text run at (0,0) width 11: "C"
