layer at (0,0) size 800x600
  LayoutView at (0,0) size 800x600
layer at (0,0) size 800x600
  LayoutBlockFlow {HTML} at (0,0) size 800x600
    LayoutBlockFlow {BODY} at (8,8) size 784x572.09
      LayoutBlockFlow (anonymous) at (0,0) size 784x86
        LayoutImage {IMG} at (0,0) size 132x86
        LayoutText {#text} at (0,0) size 0x0
      LayoutBlockFlow {H2} at (0,105.91) size 784x0
      LayoutTable (floating) {TABLE} at (0,105.91) size 132x40
        LayoutTableSection {TBODY} at (0,0) size 132x40
          LayoutTableRow {TR} at (0,0) size 132x20
            LayoutTableCell {TD} at (0,0) size 132x20 [r=0 c=0 rs=1 cs=1]
              LayoutText {#text} at (0,0) size 28x19
                text run at (0,0) width 28: "hello"
          LayoutTableRow {TR} at (0,20) size 132x20
            LayoutTableCell {TD} at (0,20) size 132x20 [r=1 c=0 rs=1 cs=1]
              LayoutText {#text} at (0,0) size 53x19
                text run at (0,0) width 53: "goodbye"
