layer at (0,0) size 800x600
  LayoutView at (0,0) size 800x600
layer at (0,0) size 800x600
  LayoutBlockFlow {HTML} at (0,0) size 800x600
    LayoutBlockFlow {BODY} at (8,8) size 784x584
      LayoutTable {TABLE} at (0,0) size 744x56 [border: (1px outset #808080)]
        LayoutTableSection {TBODY} at (1,1) size 742x54
          LayoutTableRow {TR} at (0,2) size 742x50
            LayoutTableCell {TD} at (2,2) size 236x50 [border: (1px inset #808080)] [r=0 c=0 rs=1 cs=1]
              LayoutTable {TABLE} at (2,2) size 232x46
                LayoutTableSection {TBODY} at (0,0) size 232x46
                  LayoutTableRow {TR} at (0,2) size 232x42
                    LayoutTableCell {TD} at (2,2) size 228x42 [r=0 c=0 rs=1 cs=1]
                      LayoutText {#text} at (1,1) size 210x39
                        text run at (1,1) width 210: "This is the first column. It has some"
                        text run at (1,21) width 51: "text in it."
            LayoutTableCell {TD} at (240,2) size 500x50 [border: (1px inset #808080)] [r=0 c=1 rs=1 cs=1]
              LayoutTable {TABLE} at (2,2) size 496x46
                LayoutTableSection {TBODY} at (0,0) size 496x46
                  LayoutTableRow {TR} at (0,2) size 496x42
                    LayoutTableCell {TD} at (2,2) size 492x42 [r=0 c=0 rs=1 cs=1]
                      LayoutText {#text} at (1,1) size 467x39
                        text run at (1,1) width 162: "This is the second column. "
                        text run at (163,1) width 278: "It has a lot more content than the first column. "
                        text run at (441,1) width 27: "That"
                        text run at (1,21) width 99: "shouldn't matter."
