layer at (0,0) size 800x600
  LayoutView at (0,0) size 800x600
layer at (0,0) size 800x600
  LayoutBlockFlow {HTML} at (0,0) size 800x600
    LayoutBlockFlow {BODY} at (8,8) size 784x584
      LayoutTable {TABLE} at (0,0) size 145x46
        LayoutTableSection {TBODY} at (0,0) size 145x46
          LayoutTableRow {TR} at (0,2) size 145x42
            LayoutTableCell {TD} at (2,2) size 45x42 [r=0 c=0 rs=1 cs=1]
              LayoutText {#text} at (1,1) size 43x39
                text run at (1,1) width 28: "first-"
                text run at (1,21) width 43: "column"
            LayoutTableCell {TD} at (49,12) size 94x22 [bgcolor=#BBBBBB] [r=0 c=1 rs=1 cs=1]
              LayoutText {#text} at (1,1) size 92x19
                text run at (1,1) width 92: "second-column"
