layer at (0,0) size 800x600
  LayoutView at (0,0) size 800x600
layer at (0,0) size 800x600
  LayoutBlockFlow {HTML} at (0,0) size 800x600
    LayoutBlockFlow {BODY} at (8,8) size 784x584
      LayoutTable {TABLE} at (0,0) size 349x25
        LayoutTableSection {TBODY} at (0,0) size 349x25
          LayoutTableRow {TR} at (0,2) size 349x2
            LayoutTableCell {TD} at (2,2) size 132x2 [r=0 c=0 rs=1 cs=1]
            LayoutTableCell {TD} at (136,2) size 211x2 [r=0 c=1 rs=1 cs=1]
          LayoutTableRow {TR} at (0,6) size 349x17
            LayoutTableCell {TD} at (2,6) size 132x17 [r=1 c=0 rs=1 cs=1]
              LayoutText {#text} at (1,1) size 130x15
                text run at (1,1) width 130: "[this should not overlap]"
            LayoutTableCell {TD} at (136,6) size 211x17 [r=1 c=1 rs=1 cs=1]
              LayoutText {#text} at (1,1) size 209x15
                text run at (1,1) width 209: "[with this, since the table is auto width]"
      LayoutTable {TABLE} at (0,25) size 600x25
        LayoutTableSection {TBODY} at (0,0) size 600x25
          LayoutTableRow {TR} at (0,2) size 600x2
            LayoutTableCell {TD} at (2,2) size 297x2 [r=0 c=0 rs=1 cs=1]
            LayoutTableCell {TD} at (301,2) size 297x2 [r=0 c=1 rs=1 cs=1]
          LayoutTableRow {TR} at (0,6) size 600x17
            LayoutTableCell {TD} at (2,6) size 297x17 [r=1 c=0 rs=1 cs=1]
              LayoutText {#text} at (1,1) size 130x15
                text run at (1,1) width 130: "[this should not overlap]"
            LayoutTableCell {TD} at (301,6) size 297x17 [r=1 c=1 rs=1 cs=1]
              LayoutText {#text} at (1,1) size 51x15
                text run at (1,1) width 51: "[with this]"
      LayoutTable {TABLE} at (0,50) size 600x20
        LayoutTableSection {TBODY} at (0,0) size 600x20
          LayoutTableRow {TR} at (0,0) size 600x4
            LayoutTableCell {TD} at (0,3) size 85x1 [r=0 c=0 rs=1 cs=1]
            LayoutTableCell {TD} at (85,3) size 85x1 [r=0 c=1 rs=1 cs=1]
            LayoutTableCell {TD} at (170,3) size 86x1 [r=0 c=2 rs=1 cs=1]
            LayoutTableCell {TD} at (256,3) size 86x1 [r=0 c=3 rs=1 cs=1]
            LayoutTableCell {TD} at (342,3) size 86x1 [r=0 c=4 rs=1 cs=1]
            LayoutTableCell {TD} at (428,3) size 86x1 [r=0 c=5 rs=1 cs=1]
          LayoutTableRow {TR} at (0,4) size 600x16
            LayoutTableCell {TD} at (0,19) size 85x1 [r=1 c=0 rs=1 cs=1]
            LayoutTableCell {TD} at (85,19) size 85x1 [r=1 c=1 rs=1 cs=1]
            LayoutTableCell {TD} at (170,19) size 86x1 [r=1 c=2 rs=1 cs=1]
            LayoutTableCell {TD} at (256,4) size 86x16 [r=1 c=3 rs=1 cs=1]
              LayoutText {#text} at (1,1) size 64x15
                text run at (1,1) width 64: "[should not]"
            LayoutTableCell {TD} at (342,4) size 86x16 [r=1 c=4 rs=1 cs=1]
              LayoutText {#text} at (1,1) size 50x15
                text run at (1,1) width 50: "[overlap]"
            LayoutTableCell {TD} at (428,4) size 86x16 [r=1 c=5 rs=1 cs=1]
              LayoutText {#text} at (1,1) size 238x15
                text run at (1,1) width 238: "[at all, since width=0 is ignored]"
            LayoutTableCell {TD} at (514,19) size 86x1 [r=1 c=6 rs=1 cs=1]
