layer at (0,0) size 800x600 clip at (0,0) size 785x600 scrollHeight 808
  LayoutView at (0,0) size 800x600
layer at (0,0) size 785x808 backgroundClip at (0,0) size 785x600 clip at (0,0) size 785x600
  LayoutBlockFlow {HTML} at (0,0) size 785x808
    LayoutBlockFlow {BODY} at (8,8) size 769x784
      LayoutTable {TABLE} at (0,0) size 769x88
        LayoutTableSection {TBODY} at (0,0) size 769x88
          LayoutTableRow {TR} at (0,2) size 769x84
            LayoutTableCell {TD} at (2,32) size 691x24 [border: (1px solid #008000)] [r=0 c=0 rs=1 cs=1]
              LayoutText {#text} at (2,2) size 8x19
                text run at (2,2) width 8: "1"
            LayoutTableCell {TD} at (695,2) size 58x84 [border: (1px solid #008000)] [r=0 c=1 rs=1 cs=1]
              LayoutText {#text} at (2,2) size 54x79
                text run at (2,2) width 51: "See, this"
                text run at (2,22) width 31: "is the"
                text run at (2,42) width 54: "problem."
                text run at (2,62) width 45: "It will..."
            LayoutTableCell {TD} at (755,32) size 12x24 [border: (1px solid #008000)] [r=0 c=2 rs=1 cs=1]
              LayoutText {#text} at (2,2) size 8x19
                text run at (2,2) width 8: "3"
      LayoutBlockFlow {P} at (0,104) size 769x0
      LayoutTable {TABLE} at (0,104) size 769x216
        LayoutTableSection {TBODY} at (0,0) size 769x216
          LayoutTableRow {TR} at (0,2) size 769x212
            LayoutTableCell {TD} at (2,2) size 765x212 [border: (1px solid #008000)] [r=0 c=0 rs=1 cs=1]
              LayoutTable {TABLE} at (2,2) size 761x208
                LayoutTableSection {TBODY} at (0,0) size 761x208
                  LayoutTableRow {TR} at (0,2) size 761x204
                    LayoutTableCell {TD} at (2,92) size 683x24 [border: (1px solid #008000)] [r=0 c=0 rs=1 cs=1]
                      LayoutText {#text} at (2,2) size 8x19
                        text run at (2,2) width 8: "1"
                    LayoutTableCell {TD} at (687,2) size 58x204 [border: (1px solid #008000)] [r=0 c=1 rs=1 cs=1]
                      LayoutText {#text} at (2,2) size 54x199
                        text run at (2,2) width 51: "See, this"
                        text run at (2,22) width 31: "is the"
                        text run at (2,42) width 54: "problem."
                        text run at (2,62) width 40: "S See,"
                        text run at (2,82) width 33: "this is"
                        text run at (2,102) width 18: "the"
                        text run at (2,122) width 54: "problem."
                        text run at (2,142) width 51: "See, this"
                        text run at (2,162) width 31: "is the"
                        text run at (2,182) width 54: "problem."
                    LayoutTableCell {TD} at (747,92) size 12x24 [border: (1px solid #008000)] [r=0 c=2 rs=1 cs=1]
                      LayoutText {#text} at (2,2) size 8x19
                        text run at (2,2) width 8: "3"
      LayoutBlockFlow {P} at (0,336) size 769x0
      LayoutTable {TABLE} at (0,336) size 497x216
        LayoutTableSection {TBODY} at (0,0) size 497x216
          LayoutTableRow {TR} at (0,2) size 497x212
            LayoutTableCell {TD} at (2,2) size 493x212 [border: (1px solid #008000)] [r=0 c=0 rs=1 cs=1]
              LayoutTable {TABLE} at (2,2) size 489x208
                LayoutTableSection {TBODY} at (0,0) size 489x208
                  LayoutTableRow {TR} at (0,2) size 489x204
                    LayoutTableCell {TD} at (2,92) size 411x24 [border: (1px solid #008000)] [r=0 c=0 rs=1 cs=1]
                      LayoutText {#text} at (2,2) size 8x19
                        text run at (2,2) width 8: "1"
                    LayoutTableCell {TD} at (415,2) size 58x204 [border: (1px solid #008000)] [r=0 c=1 rs=1 cs=1]
                      LayoutText {#text} at (2,2) size 54x199
                        text run at (2,2) width 51: "See, this"
                        text run at (2,22) width 31: "is the"
                        text run at (2,42) width 54: "problem."
                        text run at (2,62) width 40: "S See,"
                        text run at (2,82) width 33: "this is"
                        text run at (2,102) width 18: "the"
                        text run at (2,122) width 54: "problem."
                        text run at (2,142) width 51: "See, this"
                        text run at (2,162) width 31: "is the"
                        text run at (2,182) width 54: "problem."
                    LayoutTableCell {TD} at (475,92) size 12x24 [border: (1px solid #008000)] [r=0 c=2 rs=1 cs=1]
                      LayoutText {#text} at (2,2) size 8x19
                        text run at (2,2) width 8: "3"
      LayoutBlockFlow {P} at (0,568) size 769x0
      LayoutTable {TABLE} at (0,568) size 497x216
        LayoutTableSection {TBODY} at (0,0) size 497x216
          LayoutTableRow {TR} at (0,2) size 497x212
            LayoutTableCell {TD} at (2,2) size 493x212 [border: (1px solid #008000)] [r=0 c=0 rs=1 cs=1]
              LayoutBlockFlow {DIV} at (2,2) size 489x208
                LayoutTable {TABLE} at (0,0) size 489x208
                  LayoutTableSection {TBODY} at (0,0) size 489x208
                    LayoutTableRow {TR} at (0,2) size 489x204
                      LayoutTableCell {TD} at (2,92) size 411x24 [border: (1px solid #008000)] [r=0 c=0 rs=1 cs=1]
                        LayoutText {#text} at (2,2) size 8x19
                          text run at (2,2) width 8: "1"
                      LayoutTableCell {TD} at (415,2) size 58x204 [border: (1px solid #008000)] [r=0 c=1 rs=1 cs=1]
                        LayoutText {#text} at (2,2) size 54x199
                          text run at (2,2) width 51: "See, this"
                          text run at (2,22) width 31: "is the"
                          text run at (2,42) width 54: "problem."
                          text run at (2,62) width 40: "S See,"
                          text run at (2,82) width 33: "this is"
                          text run at (2,102) width 18: "the"
                          text run at (2,122) width 54: "problem."
                          text run at (2,142) width 51: "See, this"
                          text run at (2,162) width 31: "is the"
                          text run at (2,182) width 54: "problem."
                      LayoutTableCell {TD} at (475,92) size 12x24 [border: (1px solid #008000)] [r=0 c=2 rs=1 cs=1]
                        LayoutText {#text} at (2,2) size 8x19
                          text run at (2,2) width 8: "3"
      LayoutBlockFlow {P} at (0,800) size 769x0
