layer at (0,0) size 800x600
  LayoutView at (0,0) size 800x600
layer at (0,0) size 800x600
  LayoutBlockFlow {HTML} at (0,0) size 800x600
    LayoutBlockFlow {BODY} at (8,8) size 784x584
      LayoutTable {TABLE} at (0,0) size 784x372
        LayoutTableSection {TBODY} at (0,0) size 784x372
          LayoutTableRow {TR} at (0,0) size 784x28
            LayoutTableCell {TD} at (0,0) size 784x28 [border: (1px solid #008000)] [r=0 c=0 rs=1 cs=3]
              LayoutText {#text} at (4,4) size 224x19
                text run at (4,4) width 137: "   Join Now   Sign In   "
                text run at (141,4) width 87: "   Personalize: "
              LayoutInline {A} at (0,0) size 47x19
                LayoutText {#text} at (228,4) size 47x19
                  text run at (228,4) width 47: "Settings"
              LayoutText {#text} at (275,4) size 14x19
                text run at (275,4) width 14: " \x{2022} "
              LayoutInline {A} at (0,0) size 48x19
                LayoutText {#text} at (289,4) size 48x19
                  text run at (289,4) width 48: "Content"
              LayoutText {#text} at (337,4) size 14x19
                text run at (337,4) width 14: " \x{2022} "
              LayoutInline {A} at (0,0) size 42x19
                LayoutText {#text} at (351,4) size 42x19
                  text run at (351,4) width 42: "Layout"
              LayoutText {#text} at (393,4) size 14x19
                text run at (393,4) width 14: " \x{2022} "
              LayoutInline {A} at (0,0) size 108x19
                LayoutText {#text} at (407,4) size 108x19
                  text run at (407,4) width 108: "Colors & Themes"
              LayoutText {#text} at (515,4) size 14x19
                text run at (515,4) width 14: " \x{2022} "
              LayoutInline {A} at (0,0) size 42x19
                LayoutText {#text} at (529,4) size 42x19
                  text run at (529,4) width 42: "Sign In"
              LayoutText {#text} at (571,4) size 171x19
                text run at (571,4) width 8: "  "
                text run at (579,4) width 85: "   My Links:   "
                text run at (664,4) width 78: "  Lite \x{2022} Email"
          LayoutTableRow {TR} at (0,28) size 784x344
            LayoutTableCell {TD} at (0,196) size 220x8 [border: (1px solid #008000)] [r=1 c=0 rs=1 cs=1]
            LayoutTableCell {TD} at (220,28) size 344x344 [border: (1px solid #008000)] [r=1 c=1 rs=1 cs=1]
              LayoutTable {TABLE} at (4,4) size 336x336
                LayoutTableSection {TBODY} at (0,0) size 336x336
                  LayoutTableRow {TR} at (0,2) size 336x332
                    LayoutTableCell {TD} at (2,2) size 332x332 [border: (1px solid #008000)] [r=0 c=0 rs=1 cs=1]
                      LayoutTable {TABLE} at (2,2) size 328x328
                        LayoutTableSection {TBODY} at (0,0) size 328x328
                          LayoutTableRow {TR} at (0,2) size 328x324
                            LayoutTableCell {TD} at (2,162) size 127x4 [border: (1px solid #008000)] [r=0 c=0 rs=1 cs=1]
                            LayoutTableCell {TD} at (131,2) size 66x324 [border: (1px solid #008000)] [r=0 c=1 rs=1 cs=1]
                              LayoutText {#text} at (2,2) size 62x319
                                text run at (2,2) width 50: "This guy"
                                text run at (2,22) width 39: "should"
                                text run at (2,42) width 50: "have the"
                                text run at (2,62) width 54: "really big"
                                text run at (2,82) width 62: "maxwidth."
                                text run at (2,102) width 13: "It "
                                text run at (15,102) width 39: "should"
                                text run at (2,122) width 37: "be big"
                                text run at (2,142) width 59: "enough to"
                                text run at (2,162) width 32: "really"
                                text run at (2,182) width 32: "really"
                                text run at (2,202) width 36: "screw"
                                text run at (2,222) width 57: "things up."
                                text run at (2,242) width 40: "That is"
                                text run at (2,262) width 38: "what I"
                                text run at (2,282) width 53: "think will"
                                text run at (2,302) width 36: "work."
                            LayoutTableCell {TD} at (199,162) size 127x4 [border: (1px solid #008000)] [r=0 c=2 rs=1 cs=1]
            LayoutTableCell {TD} at (564,187) size 220x26 [border: (1px solid #008000)] [r=1 c=2 rs=1 cs=1]
              LayoutImage {IMG} at (4,4) size 212x18
              LayoutText {#text} at (0,0) size 0x0
