layer at (0,0) size 800x600 clip at (0,0) size 785x600 scrollHeight 772
  LayoutView at (0,0) size 800x600
layer at (0,0) size 785x772 backgroundClip at (0,0) size 785x600 clip at (0,0) size 785x600
  LayoutBlockFlow {HTML} at (0,0) size 785x772
    LayoutBlockFlow {BODY} at (8,8) size 769x756
      LayoutTable {TABLE} at (0,0) size 372x756
        LayoutTableSection {TBODY} at (0,0) size 372x756
          LayoutTableRow {TR} at (0,0) size 28x756
            LayoutTableCell {TD} at (0,0) size 28x756 [border: (1px solid #008000)] [r=0 c=0 rs=1 cs=3]
              LayoutText {#text} at (4,4) size 19x224
                text run at (4,4) width 137: "   Join Now   Sign In   "
                text run at (4,141) width 87: "   Personalize: "
              LayoutInline {A} at (0,0) size 19x47
                LayoutText {#text} at (4,228) size 19x47
                  text run at (4,228) width 47: "Settings"
              LayoutText {#text} at (4,275) size 19x14
                text run at (4,275) width 14: " \x{2022} "
              LayoutInline {A} at (0,0) size 19x48
                LayoutText {#text} at (4,289) size 19x48
                  text run at (4,289) width 48: "Content"
              LayoutText {#text} at (4,337) size 19x14
                text run at (4,337) width 14: " \x{2022} "
              LayoutInline {A} at (0,0) size 19x42
                LayoutText {#text} at (4,351) size 19x42
                  text run at (4,351) width 42: "Layout"
              LayoutText {#text} at (4,393) size 19x14
                text run at (4,393) width 14: " \x{2022} "
              LayoutInline {A} at (0,0) size 19x108
                LayoutText {#text} at (4,407) size 19x108
                  text run at (4,407) width 108: "Colors & Themes"
              LayoutText {#text} at (4,515) size 19x14
                text run at (4,515) width 14: " \x{2022} "
              LayoutInline {A} at (0,0) size 19x42
                LayoutText {#text} at (4,529) size 19x42
                  text run at (4,529) width 42: "Sign In"
              LayoutText {#text} at (4,571) size 19x171
                text run at (4,571) width 8: "  "
                text run at (4,579) width 85: "   My Links:   "
                text run at (4,664) width 78: "  Lite \x{2022} Email"
          LayoutTableRow {TR} at (28,0) size 344x756
            LayoutTableCell {TD} at (28,168) size 344x-128 [border: (1px solid #008000)] [r=1 c=0 rs=1 cs=1]
            LayoutTableCell {TD} at (28,208) size 344x328 [border: (1px solid #008000)] [r=1 c=1 rs=1 cs=1]
              LayoutTable {TABLE} at (4,4) size 336x320
                LayoutTableSection {TBODY} at (0,0) size 336x320
                  LayoutTableRow {TR} at (2,0) size 332x320
                    LayoutTableCell {TD} at (2,2) size 332x316 [border: (1px solid #008000)] [r=0 c=0 rs=1 cs=1]
                      LayoutTable {TABLE} at (2,2) size 328x312
                        LayoutTableSection {TBODY} at (0,0) size 328x312
                          LayoutTableRow {TR} at (2,0) size 324x312
                            LayoutTableCell {TD} at (2,162) size 324x-201 [border: (1px solid #008000)] [r=0 c=0 rs=1 cs=1]
                            LayoutTableCell {TD} at (2,123) size 324x66 [border: (1px solid #008000)] [r=0 c=1 rs=1 cs=1]
                              LayoutText {#text} at (2,2) size 319x62
                                text run at (2,2) width 50: "This guy"
                                text run at (22,2) width 39: "should"
                                text run at (42,2) width 50: "have the"
                                text run at (62,2) width 54: "really big"
                                text run at (82,2) width 62: "maxwidth."
                                text run at (102,2) width 13: "It "
                                text run at (102,15) width 39: "should"
                                text run at (122,2) width 37: "be big"
                                text run at (142,2) width 59: "enough to"
                                text run at (162,2) width 32: "really"
                                text run at (182,2) width 32: "really"
                                text run at (202,2) width 36: "screw"
                                text run at (222,2) width 57: "things up."
                                text run at (242,2) width 40: "That is"
                                text run at (262,2) width 38: "what I"
                                text run at (282,2) width 53: "think will"
                                text run at (302,2) width 36: "work."
                            LayoutTableCell {TD} at (2,351) size 324x-201 [border: (1px solid #008000)] [r=0 c=2 rs=1 cs=1]
            LayoutTableCell {TD} at (28,695) size 344x-98 [border: (1px solid #008000)] [r=1 c=2 rs=1 cs=1]
              LayoutImage {IMG} at (163,-155) size 18x212
              LayoutText {#text} at (0,0) size 0x0
