layer at (0,0) size 800x600
  LayoutView at (0,0) size 800x600
layer at (0,0) size 800x600
  LayoutBlockFlow {HTML} at (0,0) size 800x600
    LayoutBlockFlow {BODY} at (8,8) size 784x584
      LayoutBlockFlow (anonymous) at (0,0) size 784x20
        LayoutText {#text} at (0,0) size 262x19
          text run at (0,0) width 262: "These two tables should be the same width."
      LayoutTable {TABLE} at (0,20) size 320x22
        LayoutTableSection {TBODY} at (0,0) size 320x22
          LayoutTableRow {TR} at (0,0) size 320x22
            LayoutTableCell {TD} at (0,0) size 70x22 [border: (1px solid #008000)] [r=0 c=0 rs=1 cs=1]
              LayoutText {#text} at (1,1) size 8x19
                text run at (1,1) width 8: "1"
            LayoutTableCell {TD} at (70,0) size 244x22 [border: (1px solid #008000)] [r=0 c=1 rs=1 cs=1]
              LayoutText {#text} at (1,1) size 8x19
                text run at (1,1) width 8: "2"
            LayoutTableCell {TD} at (314,0) size 6x22 [border: (1px solid #008000)] [r=0 c=2 rs=1 cs=1]
              LayoutImage {IMG} at (1,1) size 4x20 [bgcolor=#FFA500]
      LayoutBlockFlow {P} at (0,58) size 784x0
      LayoutTable {TABLE} at (0,58) size 320x44
        LayoutTableSection {TBODY} at (0,0) size 320x44
          LayoutTableRow {TR} at (0,0) size 320x22
            LayoutTableCell {TD} at (0,0) size 64x22 [border: (1px solid #008000)] [r=0 c=0 rs=1 cs=1]
              LayoutText {#text} at (1,1) size 8x19
                text run at (1,1) width 8: "1"
            LayoutTableCell {TD} at (64,5) size 256x12 [border: (1px solid #008000)] [r=0 c=1 rs=1 cs=1]
              LayoutImage {IMG} at (1,1) size 254x10 [bgcolor=#FFA500]
          LayoutTableRow {TR} at (0,22) size 320x22
            LayoutTableCell {TD} at (0,22) size 320x22 [border: (1px solid #008000)] [r=1 c=0 rs=1 cs=3]
              LayoutText {#text} at (1,1) size 8x19
                text run at (1,1) width 8: "1"
