layer at (0,0) size 800x600
  LayoutView at (0,0) size 800x600
layer at (0,0) size 800x600
  LayoutBlockFlow {HTML} at (0,0) size 800x600
    LayoutBlockFlow {BODY} at (8,8) size 784x584
      LayoutTable {TABLE} at (0,0) size 784x42
        LayoutTableSection {TBODY} at (0,0) size 784x42
          LayoutTableRow {TR} at (0,0) size 784x42
layer at (8,8) size 150x42
  LayoutTableCell {TD} at (0,0) size 150x42 [r=0 c=0 rs=1 cs=1]
    LayoutTable {TABLE} at (0,0) size 150x42 [border: (10px outset #808080)]
      LayoutTableSection {TBODY} at (10,10) size 130x22
        LayoutTableRow {TR} at (0,0) size 130x22
layer at (18,18) size 130x22 clip at (19,19) size 128x20
  LayoutTableCell {TD} at (0,0) size 130x22 [border: (1px inset #808080)] [r=0 c=0 rs=1 cs=1]
    LayoutText {#text} at (1,1) size 113x19
      text run at (1,1) width 113: "left column content"
layer at (158,8) size 634x42
  LayoutTableCell {TD} at (150,11) size 634x20 [r=0 c=1 rs=1 cs=1]
    LayoutText {#text} at (0,0) size 67x19
      text run at (0,0) width 67: "second cell"
