layer at (0,0) size 800x600
  LayoutView at (0,0) size 800x600
layer at (0,0) size 800x600
  LayoutBlockFlow {HTML} at (0,0) size 800x600
    LayoutBlockFlow {BODY} at (8,8) size 784x584
      LayoutTable {TABLE} at (0,0) size 705x32 [border: (2px outset #808080)]
        LayoutTableSection {TBODY} at (2,2) size 701x28
          LayoutTableRow {TR} at (0,2) size 701x24
            LayoutTableCell {TD} at (2,2) size 697x24 [border: (1px inset #808080)] [r=0 c=0 rs=1 cs=1]
              LayoutText {#text} at (2,2) size 231x19
                text run at (2,2) width 231: "I should be 90% of the window width."
