layer at (0,0) size 800x600
  LayoutView at (0,0) size 800x600
layer at (0,0) size 800x124
  LayoutBlockFlow {HTML} at (0,0) size 800x124
    LayoutBlockFlow {BODY} at (8,8) size 784x108
      LayoutBlockFlow (anonymous) at (0,0) size 784x20
        LayoutText {#text} at (0,0) size 388x19
          text run at (0,0) width 388: "This test should have two centered tables and two centered divs."
      LayoutTable {TABLE} at (306,20) size 172x24 [border: (1px outset #808080)]
        LayoutTableSection {TBODY} at (1,1) size 170x22
          LayoutTableRow {TR} at (0,0) size 170x22
            LayoutTableCell {TD} at (0,0) size 170x22 [border: (1px inset #808080)] [r=0 c=0 rs=1 cs=1]
              LayoutText {#text} at (1,1) size 168x19
                text run at (1,1) width 168: "This table is aligned \"center\""
      LayoutTable {TABLE} at (294.50,44) size 195x24 [border: (1px outset #808080)]
        LayoutTableSection {TBODY} at (1,1) size 193x22
          LayoutTableRow {TR} at (0,0) size 193x22
            LayoutTableCell {TD} at (0,0) size 193x22 [border: (1px inset #808080)] [r=0 c=0 rs=1 cs=1]
              LayoutText {#text} at (1,1) size 191x19
                text run at (1,1) width 191: "This table is aligned \"CENTER\""
      LayoutBlockFlow {DIV} at (0,68) size 784x20
        LayoutText {#text} at (313,0) size 158x19
          text run at (313,0) width 158: "This div is aligned \"center\""
      LayoutBlockFlow {DIV} at (0,88) size 784x20
        LayoutText {#text} at (302,0) size 180x19
          text run at (302,0) width 180: "This div is aligned \"CENTER\""
