layer at (0,0) size 800x600
  LayoutView at (0,0) size 800x600
layer at (0,0) size 800x62
  LayoutBlockFlow {html} at (0,0) size 800x62
    LayoutBlockFlow {body} at (8,8) size 784x46
      LayoutTable {table} at (0,0) size 77x26
        LayoutTableSection (anonymous) at (0,0) size 77x26
          LayoutTableRow {tr} at (0,2) size 77x22
            LayoutTableCell {td} at (2,2) size 73x22 [r=0 c=0 rs=1 cs=1]
              LayoutText {#text} at (1,1) size 71x19
                text run at (1,1) width 71: "Hello world"
      LayoutBlockFlow (anonymous) at (0,26) size 784x20
        LayoutText {#text} at (0,0) size 199x19
          text run at (0,0) width 199: "Hello also? Why isn't this visible?"
