layer at (0,0) size 800x600
  LayoutView at (0,0) size 800x600
layer at (0,0) size 800x600
  LayoutBlockFlow {HTML} at (0,0) size 800x600
    LayoutBlockFlow {BODY} at (8,8) size 784x584
      LayoutBlockFlow {P} at (0,0) size 784x20
        LayoutText {#text} at (0,0) size 289x19
          text run at (0,0) width 289: "Both rows should have the same width (725px)."
      LayoutTable {TABLE} at (0,36) size 725x40
        LayoutTableSection {TBODY} at (0,0) size 725x40
          LayoutTableRow {TR} at (0,0) size 725x20
            LayoutTableCell {TD} at (0,0) size 181x20 [bgcolor=#7CFC00] [r=0 c=0 rs=1 cs=1]
              LayoutText {#text} at (0,0) size 20x19
                text run at (0,0) width 20: "cell"
            LayoutTableCell {TD} at (181,0) size 181x20 [bgcolor=#00FFFF] [r=0 c=1 rs=1 cs=1]
              LayoutText {#text} at (0,0) size 20x19
                text run at (0,0) width 20: "cell"
            LayoutTableCell {TD} at (362,0) size 181x20 [bgcolor=#FFFF00] [r=0 c=2 rs=1 cs=1]
              LayoutText {#text} at (0,0) size 20x19
                text run at (0,0) width 20: "cell"
            LayoutTableCell {TD} at (543,0) size 182x20 [bgcolor=#FFA500] [r=0 c=3 rs=1 cs=1]
              LayoutText {#text} at (0,0) size 20x19
                text run at (0,0) width 20: "cell"
          LayoutTableRow {TR} at (0,20) size 725x20
            LayoutTableCell {TD} at (0,20) size 181x20 [r=1 c=0 rs=1 cs=1]
              LayoutText {#text} at (0,0) size 4x19
                text run at (0,0) width 4: " "
            LayoutTableCell {TD} at (181,20) size 181x20 [r=1 c=1 rs=1 cs=1]
              LayoutText {#text} at (0,0) size 4x19
                text run at (0,0) width 4: " "
            LayoutTableCell {TD} at (362,20) size 181x20 [r=1 c=2 rs=1 cs=1]
              LayoutText {#text} at (0,0) size 4x19
                text run at (0,0) width 4: " "
            LayoutTableCell {TD} at (543,20) size 182x20 [r=1 c=3 rs=1 cs=1]
              LayoutText {#text} at (0,0) size 4x19
                text run at (0,0) width 4: " "
      LayoutTable {TABLE} at (0,76) size 725x20
        LayoutTableSection {TBODY} at (0,0) size 725x20
          LayoutTableRow {TR} at (0,0) size 725x20
            LayoutTableCell {TD} at (0,0) size 181x20 [bgcolor=#7CFC00] [r=0 c=0 rs=1 cs=1]
              LayoutText {#text} at (0,0) size 8x19
                text run at (0,0) width 8: "1"
            LayoutTableCell {TD} at (181,0) size 181x20 [bgcolor=#00FFFF] [r=0 c=1 rs=1 cs=1]
              LayoutText {#text} at (0,0) size 8x19
                text run at (0,0) width 8: "2"
            LayoutTableCell {TD} at (362,0) size 181x20 [bgcolor=#FFFF00] [r=0 c=2 rs=1 cs=1]
              LayoutText {#text} at (0,0) size 8x19
                text run at (0,0) width 8: "3"
            LayoutTableCell {TD} at (543,0) size 182x20 [bgcolor=#FFA500] [r=0 c=3 rs=1 cs=1]
              LayoutText {#text} at (0,0) size 8x19
                text run at (0,0) width 8: "4"
