layer at (0,0) size 800x600
  LayoutView at (0,0) size 800x600
layer at (0,0) size 800x600
  LayoutBlockFlow {HTML} at (0,0) size 800x600
    LayoutBlockFlow {BODY} at (8,8) size 784x584
      LayoutBlockFlow {P} at (0,0) size 784x20
        LayoutText {#text} at (0,0) size 431x19
          text run at (0,0) width 431: "Rows should have different number of columns, but those should match."
      LayoutTable {TABLE} at (0,36) size 725x100
        LayoutTableSection {THEAD} at (0,0) size 725x20
          LayoutTableRow {TR} at (0,0) size 725x20
            LayoutTableCell {TD} at (0,0) size 90x20 [bgcolor=#7CFC00] [r=0 c=0 rs=1 cs=1]
              LayoutText {#text} at (0,0) size 8x19
                text run at (0,0) width 8: "1"
            LayoutTableCell {TD} at (90,0) size 90x20 [bgcolor=#008000] [r=0 c=1 rs=1 cs=1]
              LayoutText {#text} at (0,0) size 17x19
                text run at (0,0) width 17: "1+"
            LayoutTableCell {TD} at (180,0) size 90x20 [bgcolor=#00FFFF] [r=0 c=2 rs=1 cs=1]
              LayoutText {#text} at (0,0) size 8x19
                text run at (0,0) width 8: "2"
            LayoutTableCell {TD} at (270,0) size 91x20 [bgcolor=#008B8B] [r=0 c=3 rs=1 cs=1]
              LayoutText {#text} at (0,0) size 17x19
                text run at (0,0) width 17: "2+"
            LayoutTableCell {TD} at (361,0) size 91x20 [bgcolor=#FFFF00] [r=0 c=4 rs=1 cs=1]
              LayoutText {#text} at (0,0) size 8x19
                text run at (0,0) width 8: "3"
            LayoutTableCell {TD} at (452,0) size 91x20 [bgcolor=#FFD700] [r=0 c=5 rs=1 cs=1]
              LayoutText {#text} at (0,0) size 17x19
                text run at (0,0) width 17: "3+"
        LayoutTableSection {TFOOT} at (0,80) size 725x20
          LayoutTableRow {TR} at (0,0) size 725x20
            LayoutTableCell {TD} at (0,0) size 90x20 [bgcolor=#7CFC00] [r=0 c=0 rs=1 cs=1]
              LayoutText {#text} at (0,0) size 8x19
                text run at (0,0) width 8: "1"
            LayoutTableCell {TD} at (90,0) size 90x20 [bgcolor=#008000] [r=0 c=1 rs=1 cs=1]
              LayoutText {#text} at (0,0) size 17x19
                text run at (0,0) width 17: "1+"
            LayoutTableCell {TD} at (180,0) size 90x20 [bgcolor=#00FFFF] [r=0 c=2 rs=1 cs=1]
              LayoutText {#text} at (0,0) size 8x19
                text run at (0,0) width 8: "2"
            LayoutTableCell {TD} at (270,0) size 91x20 [bgcolor=#008B8B] [r=0 c=3 rs=1 cs=1]
              LayoutText {#text} at (0,0) size 17x19
                text run at (0,0) width 17: "2+"
            LayoutTableCell {TD} at (361,0) size 91x20 [bgcolor=#FFFF00] [r=0 c=4 rs=1 cs=1]
              LayoutText {#text} at (0,0) size 8x19
                text run at (0,0) width 8: "3"
            LayoutTableCell {TD} at (452,0) size 91x20 [bgcolor=#FFD700] [r=0 c=5 rs=1 cs=1]
              LayoutText {#text} at (0,0) size 17x19
                text run at (0,0) width 17: "3+"
            LayoutTableCell {TD} at (543,0) size 91x20 [bgcolor=#FFA500] [r=0 c=6 rs=1 cs=1]
              LayoutText {#text} at (0,0) size 8x19
                text run at (0,0) width 8: "4"
            LayoutTableCell {TD} at (634,0) size 91x20 [bgcolor=#FF8C00] [r=0 c=7 rs=1 cs=1]
              LayoutText {#text} at (0,0) size 17x19
                text run at (0,0) width 17: "4+"
        LayoutTableSection {TBODY} at (0,20) size 725x60
          LayoutTableRow {TR} at (0,0) size 725x20
            LayoutTableCell {TD} at (0,0) size 90x20 [r=0 c=0 rs=1 cs=1]
              LayoutText {#text} at (0,0) size 4x19
                text run at (0,0) width 4: " "
          LayoutTableRow {TR} at (0,20) size 725x20
            LayoutTableCell {TD} at (0,20) size 90x20 [bgcolor=#7CFC00] [r=1 c=0 rs=1 cs=1]
              LayoutText {#text} at (0,0) size 8x19
                text run at (0,0) width 8: "1"
            LayoutTableCell {TD} at (90,20) size 90x20 [bgcolor=#008000] [r=1 c=1 rs=1 cs=1]
              LayoutText {#text} at (0,0) size 17x19
                text run at (0,0) width 17: "1+"
            LayoutTableCell {TD} at (180,20) size 90x20 [bgcolor=#00FFFF] [r=1 c=2 rs=1 cs=1]
              LayoutText {#text} at (0,0) size 8x19
                text run at (0,0) width 8: "2"
            LayoutTableCell {TD} at (270,20) size 91x20 [bgcolor=#008B8B] [r=1 c=3 rs=1 cs=1]
              LayoutText {#text} at (0,0) size 17x19
                text run at (0,0) width 17: "2+"
          LayoutTableRow {TR} at (0,40) size 725x20
            LayoutTableCell {TD} at (0,40) size 90x20 [r=2 c=0 rs=1 cs=1]
              LayoutText {#text} at (0,0) size 4x19
                text run at (0,0) width 4: " "
      LayoutBlockFlow (anonymous) at (0,136) size 784x22
        LayoutButton {BUTTON} at (0,0) size 46x22 [bgcolor=#C0C0C0] [border: (2px outset #C0C0C0)]
          LayoutBlockFlow (anonymous) at (8,3) size 30x16
            LayoutText {#text} at (0,0) size 30x16
              text run at (0,0) width 30: "show"
        LayoutText {#text} at (46,1) size 4x19
          text run at (46,1) width 4: " "
        LayoutButton {BUTTON} at (50,0) size 40x22 [bgcolor=#C0C0C0] [border: (2px outset #C0C0C0)]
          LayoutBlockFlow (anonymous) at (8,3) size 24x16
            LayoutText {#text} at (0,0) size 24x16
              text run at (0,0) width 24: "hide"
        LayoutText {#text} at (0,0) size 0x0
