layer at (0,0) size 800x600
  LayoutView at (0,0) size 800x600
layer at (0,0) size 800x164
  LayoutBlockFlow {HTML} at (0,0) size 800x164
    LayoutBlockFlow {BODY} at (8,16) size 784x132
      LayoutTable {TABLE} at (16,0) size 82x64 [border: (3px solid #FF0000)]
        LayoutTableSection {TBODY} at (3,3) size 76x58
          LayoutTableRow {TR} at (0,2) size 76x54
            LayoutTableCell {TD} at (2,2) size 72x54 [r=0 c=0 rs=1 cs=1]
              LayoutTable {TABLE} at (1,1) size 69x26 [color=#FFFFFF] [bgcolor=#800080]
                LayoutTableSection {TBODY} at (0,0) size 69x26
                  LayoutTableRow {TR} at (0,2) size 69x22
                    LayoutTableCell {TD} at (2,2) size 65x22 [r=0 c=0 rs=1 cs=1]
                      LayoutText {#text} at (1,1) size 63x19
                        text run at (1,1) width 63: "Table One"
              LayoutTable {TABLE} at (1,27) size 70x26 [color=#FFFFFF] [bgcolor=#800080]
                LayoutTableSection {TBODY} at (0,0) size 70x26
                  LayoutTableRow {TR} at (0,2) size 70x22
                    LayoutTableCell {TD} at (2,2) size 66x22 [r=0 c=0 rs=1 cs=1]
                      LayoutText {#text} at (1,1) size 64x19
                        text run at (1,1) width 64: "Table Two"
      LayoutTable {TABLE} at (16,80) size 64x52 [border: (3px solid #FF0000)]
        LayoutTableSection {TBODY} at (3,3) size 58x46
          LayoutTableRow {TR} at (0,2) size 58x42
            LayoutTableCell {TD} at (2,2) size 54x42 [r=0 c=0 rs=1 cs=1]
              LayoutBlockFlow {DIV} at (1,1) size 52x20 [color=#FFFFFF] [bgcolor=#800080]
                LayoutText {#text} at (0,0) size 51x19
                  text run at (0,0) width 51: "Div One"
              LayoutBlockFlow {DIV} at (1,21) size 52x20 [color=#FFFFFF] [bgcolor=#800080]
                LayoutText {#text} at (0,0) size 52x19
                  text run at (0,0) width 52: "Div Two"
