layer at (0,0) size 800x600
  LayoutView at (0,0) size 800x600
layer at (0,0) size 800x194
  LayoutBlockFlow {HTML} at (0,0) size 800x194
    LayoutBlockFlow {BODY} at (8,16) size 784x162
      LayoutTable {TABLE} at (16,0) size 64x82 [border: (3px solid #FF0000)]
        LayoutTableSection {TBODY} at (3,3) size 58x76
          LayoutTableRow {TR} at (2,0) size 54x76
            LayoutTableCell {TD} at (2,2) size 54x72 [r=0 c=0 rs=1 cs=1]
              LayoutTable {TABLE} at (1,1) size 26x69 [color=#FFFFFF] [bgcolor=#800080]
                LayoutTableSection {TBODY} at (0,0) size 26x69
                  LayoutTableRow {TR} at (2,0) size 22x69
                    LayoutTableCell {TD} at (2,2) size 22x65 [r=0 c=0 rs=1 cs=1]
                      LayoutText {#text} at (1,1) size 19x63
                        text run at (1,1) width 63: "Table One"
              LayoutTable {TABLE} at (27,1) size 26x70 [color=#FFFFFF] [bgcolor=#800080]
                LayoutTableSection {TBODY} at (0,0) size 26x70
                  LayoutTableRow {TR} at (2,0) size 22x70
                    LayoutTableCell {TD} at (2,2) size 22x66 [r=0 c=0 rs=1 cs=1]
                      LayoutText {#text} at (1,1) size 19x64
                        text run at (1,1) width 64: "Table Two"
      LayoutTable {TABLE} at (16,98) size 52x64 [border: (3px solid #FF0000)]
        LayoutTableSection {TBODY} at (3,3) size 46x58
          LayoutTableRow {TR} at (2,0) size 42x58
            LayoutTableCell {TD} at (2,2) size 42x54 [r=0 c=0 rs=1 cs=1]
              LayoutBlockFlow {DIV} at (1,1) size 20x52 [color=#FFFFFF] [bgcolor=#800080]
                LayoutText {#text} at (0,0) size 19x51
                  text run at (0,0) width 51: "Div One"
              LayoutBlockFlow {DIV} at (21,1) size 20x52 [color=#FFFFFF] [bgcolor=#800080]
                LayoutText {#text} at (0,0) size 19x52
                  text run at (0,0) width 52: "Div Two"
