layer at (0,0) size 800x600 clip at (0,0) size 785x600 scrollHeight 758
  LayoutView at (0,0) size 800x600
layer at (0,0) size 785x758 backgroundClip at (0,0) size 785x600 clip at (0,0) size 785x600
  LayoutBlockFlow {HTML} at (0,0) size 785x758.41
    LayoutBlockFlow {BODY} at (8,15.20) size 769x735.20 [color=#00FF00] [bgcolor=#333333]
      LayoutBlockFlow {H3} at (0,0) size 769x17
        LayoutText {#text} at (0,0) size 378x17
          text run at (0,0) width 378: "crbug.com/35679: Background on 'table-row'"
      LayoutTable {TABLE} at (0,32.20) size 618x471 [color=#FFFFFF] [border: (1px dotted #FFFFFF)]
        LayoutBlockFlow {CAPTION} at (0,0) size 618x27
          LayoutText {#text} at (143,0) size 332x27
            text run at (143,0) width 332: "With 'border-collapse: separate'"
        LayoutTableCol {COLGROUP} at (0,0) size 0x0
          LayoutTableCol {COL} at (0,0) size 0x0
          LayoutTableCol {COL} at (0,0) size 0x0
          LayoutTableCol {COL} at (0,0) size 0x0
        LayoutTableCol {COLGROUP} at (0,0) size 0x0
          LayoutTableCol {COL} at (0,0) size 0x0
        LayoutTableSection {THEAD} at (1,28) size 616x114
          LayoutTableRow {TR} at (0,7) size 616x100 [bgcolor=#000000]
            LayoutTableCell {TH} at (7,43) size 130x27 [border: (1px dotted #FFFFFF)] [r=0 c=0 rs=1 cs=1]
              LayoutText {#text} at (43,2) size 44x22
                text run at (43,2) width 44: "TH A"
            LayoutTableCell {TH} at (144,31) size 220x51 [border: (13px dotted #FFFFFF)] [r=0 c=1 rs=1 cs=1]
              LayoutText {#text} at (87,14) size 46x22
                text run at (87,14) width 46: "TH B"
            LayoutTableCell {TH} at (371,43) size 118x27 [border: (1px dotted #FFFFFF)] [r=0 c=2 rs=1 cs=1]
              LayoutText {#text} at (36,2) size 46x22
                text run at (36,2) width 46: "TH C"
            LayoutTableCell {TH} at (496,43) size 113x27 [border: (1px dotted #FFFFFF)] [r=0 c=3 rs=1 cs=1]
              LayoutText {#text} at (34,2) size 45x22
                text run at (34,2) width 45: "TH D"
        LayoutTableSection {TFOOT} at (1,348) size 616x122
          LayoutTableRow {TR} at (0,0) size 616x115 [bgcolor=#000000]
            LayoutTableCell {TD} at (7,42) size 357x31 [border: (1px dotted #FFFFFF)] [r=0 c=0 rs=1 cs=2]
              LayoutText {#text} at (2,2) size 53x27
                text run at (2,2) width 53: "TD M"
            LayoutTableCell {TD} at (371,42) size 118x31 [border: (1px dotted #FFFFFF)] [r=0 c=2 rs=1 cs=1]
              LayoutText {#text} at (2,2) size 51x27
                text run at (2,2) width 51: "TD O"
            LayoutTableCell {TD} at (496,42) size 113x31 [border: (1px dotted #FFFFFF)] [r=0 c=3 rs=1 cs=1]
              LayoutText {#text} at (2,2) size 49x27
                text run at (2,2) width 49: "TD P"
        LayoutTableSection {TBODY} at (1,142) size 616x206
          LayoutTableRow {TR} at (0,0) size 616x108 [bgcolor=#000000]
            LayoutTableCell {TD} at (7,72) size 130x55 [border: (13px dotted #FFFFFF)] [r=0 c=0 rs=2 cs=1]
              LayoutText {#text} at (14,14) size 49x27
                text run at (14,14) width 49: "TD E"
            LayoutTableCell {TD} at (144,38) size 220x31 [border: (1px dotted #FFFFFF)] [r=0 c=1 rs=1 cs=1]
              LayoutText {#text} at (2,2) size 48x27
                text run at (2,2) width 48: "TD F"
            LayoutTableCell {TD} at (371,38) size 118x31 [border: (1px dotted #FFFFFF)] [r=0 c=2 rs=1 cs=1]
              LayoutText {#text} at (2,2) size 51x27
                text run at (2,2) width 51: "TD G"
            LayoutTableCell {TD} at (496,38) size 113x31 [border: (1px dotted #FFFFFF)] [r=0 c=3 rs=1 cs=1]
              LayoutText {#text} at (2,2) size 51x27
                text run at (2,2) width 51: "TD H"
          LayoutTableRow {TR} at (0,115) size 616x84 [bgcolor=#000000]
            LayoutTableCell {TD} at (144,141) size 220x31 [border: (1px dotted #FFFFFF)] [r=1 c=1 rs=1 cs=1]
              LayoutText {#text} at (2,2) size 48x27
                text run at (2,2) width 48: "TD J"
            LayoutTableCell {TD} at (371,141) size 118x31 [border: (1px dotted #FFFFFF)] [r=1 c=2 rs=1 cs=1]
              LayoutText {#text} at (2,2) size 51x27
                text run at (2,2) width 51: "TD K"
            LayoutTableCell {TD} at (496,141) size 113x31 [border: (1px dotted #FFFFFF)] [r=1 c=3 rs=1 cs=1]
              LayoutText {#text} at (2,2) size 48x27
                text run at (2,2) width 48: "TD L"
      LayoutBlockFlow {P} at (0,516.20) size 769x16
        LayoutText {#text} at (0,0) size 200x16
          text run at (0,0) width 200: "All four rows are styled."
      LayoutBlockFlow {P} at (0,545.20) size 769x64
        LayoutText {#text} at (0,0) size 744x64
          text run at (0,0) width 400: "The table row background should be visible within "
          text run at (400,0) width 344: "the border edge of each cell originating in"
          text run at (0,16) width 136: "the row, and the "
          text run at (136,16) width 520: "background should be continuously tiled to fill the entire cell. "
          text run at (656,16) width 88: "Within each"
          text run at (0,32) width 424: "row, all stripes should line up as if the cells were "
          text run at (424,32) width 320: "cutouts in a stencil placed over the row"
          text run at (0,48) width 200: "background. Furthermore, "
          text run at (200,48) width 336: "vertical stripes should align across rows."
      LayoutBlockFlow {P} at (0,622.20) size 769x48
        LayoutText {#text} at (0,0) size 752x48
          text run at (0,0) width 360: "A red band should align with the left border "
          text run at (360,0) width 368: "edge of the first cells in each row. An orange"
          text run at (0,16) width 160: "stripe should align "
          text run at (160,16) width 536: "a few pixels above the bottom border of the non-row-spanning cells "
          text run at (696,16) width 56: "in each"
          text run at (0,32) width 32: "row."
      LayoutBlockFlow {DIV} at (0,683.20) size 769x35
        LayoutInline {A} at (0,0) size 88x16 [color=#FFFF00]
          LayoutImage {IMG} at (0,0) size 88x31
        LayoutText {#text} at (0,0) size 0x0
      LayoutBlockFlow {ADDRESS} at (0,718.20) size 769x17
        LayoutText {#text} at (0,0) size 704x17
          text run at (0,0) width 704: "CSS2 Table Backgrounds Test Suite designed and written by fantasai <fantasai@escape.com>"
