layer at (0,0) size 800x600
  LayoutView at (0,0) size 800x600
layer at (0,0) size 800x520
  LayoutBlockFlow {HTML} at (0,0) size 800x520
    LayoutBlockFlow {BODY} at (8,16) size 784x496
      LayoutBlockFlow {DIV} at (0,0) size 600x496
        LayoutBlockFlow {P} at (0,0) size 600x20
          LayoutText {#text} at (0,0) size 270x19
            text run at (0,0) width 270: "The following two tables should be the same."
        LayoutBlockFlow {P} at (0,36) size 600x20
          LayoutText {#text} at (0,0) size 153x19
            text run at (0,0) width 153: "Table 1: width in <COL>"
        LayoutTable {TABLE} at (0,72) size 256x186
          LayoutTableCol {COLGROUP} at (0,0) size 0x0
            LayoutTableCol {COL} at (0,0) size 0x0
            LayoutTableCol {COL} at (0,0) size 0x0
          LayoutTableSection {TBODY} at (0,0) size 256x186
            LayoutTableRow {TR} at (0,2) size 256x182
              LayoutTableCell {TD} at (2,2) size 150x182 [bgcolor=#FFFF00] [r=0 c=0 rs=1 cs=1]
                LayoutText {#text} at (1,1) size 147x179
                  text run at (1,1) width 146: "Cras tincidunt bibendum"
                  text run at (1,21) width 74: "nunc. Morbi"
                  text run at (1,41) width 123: "condimentum aliquet"
                  text run at (1,61) width 147: "diam. Phasellus pulvinar,"
                  text run at (1,81) width 127: "nisl at tempor auctor,"
                  text run at (1,101) width 133: "dolor pede vestibulum"
                  text run at (1,121) width 83: "risus, placerat"
                  text run at (1,141) width 142: "malesuada dui enim nec"
                  text run at (1,161) width 83: "est. Nulla leo."
              LayoutTableCell {TD} at (154,82) size 100x22 [bgcolor=#008000] [r=0 c=1 rs=1 cs=1]
                LayoutText {#text} at (1,1) size 79x19
                  text run at (1,1) width 79: "Lorem ipsum"
        LayoutBlockFlow {P} at (0,274) size 600x20
          LayoutText {#text} at (0,0) size 141x19
            text run at (0,0) width 141: "Table 2: width in <TD>"
        LayoutTable {TABLE} at (0,310) size 260x186
          LayoutTableSection {TBODY} at (0,0) size 260x186
            LayoutTableRow {TR} at (0,2) size 260x182
              LayoutTableCell {TD} at (2,2) size 152x182 [bgcolor=#FFFF00] [r=0 c=0 rs=1 cs=1]
                LayoutText {#text} at (1,1) size 150x179
                  text run at (1,1) width 146: "Cras tincidunt bibendum"
                  text run at (1,21) width 74: "nunc. Morbi"
                  text run at (1,41) width 123: "condimentum aliquet"
                  text run at (1,61) width 147: "diam. Phasellus pulvinar,"
                  text run at (1,81) width 127: "nisl at tempor auctor,"
                  text run at (1,101) width 133: "dolor pede vestibulum"
                  text run at (1,121) width 150: "risus, placerat malesuada"
                  text run at (1,141) width 136: "dui enim nec est. Nulla"
                  text run at (1,161) width 22: "leo."
              LayoutTableCell {TD} at (156,82) size 102x22 [bgcolor=#008000] [r=0 c=1 rs=1 cs=1]
                LayoutText {#text} at (1,1) size 79x19
                  text run at (1,1) width 79: "Lorem ipsum"
