layer at (0,0) size 800x600
  LayoutView at (0,0) size 800x600
layer at (0,0) size 800x600
  LayoutBlockFlow {HTML} at (0,0) size 800x600
    LayoutBlockFlow {BODY} at (8,8) size 784x584
      LayoutBlockFlow {P} at (0,0) size 784x40
        LayoutText {#text} at (0,0) size 164x19
          text run at (0,0) width 164: "This is a regression test for "
        LayoutInline {I} at (0,0) size 734x39
          LayoutInline {A} at (0,0) size 350x19 [color=#0000EE]
            LayoutText {#text} at (164,0) size 350x19
              text run at (164,0) width 350: "http://bugzilla.opendarwin.org/show_bug.cgi?id=9879"
          LayoutText {#text} at (513,0) size 734x39
            text run at (513,0) width 5: " "
            text run at (517,0) width 217: "REGRESSION: Repro crash when"
            text run at (0,20) width 270: "clicking to the side of an anonymous table"
        LayoutText {#text} at (270,20) size 4x19
          text run at (270,20) width 4: "."
      LayoutBlockFlow {P} at (0,56) size 784x20
        LayoutText {#text} at (0,0) size 586x19
          text run at (0,0) width 586: "If the browser does not crash as you click to the right of each of the lines below, it passes the test."
      LayoutBlockFlow {HR} at (0,92) size 784x2 [border: (1px inset #EEEEEE)]
      LayoutBlockFlow {DIV} at (0,102) size 784x80
        LayoutTable (anonymous) at (0,0) size 166x80
          LayoutTableSection (anonymous) at (0,20) size 166x40
            LayoutTableRow {DIV} at (0,0) size 166x20
              LayoutTableCell (anonymous) at (0,0) size 166x20 [r=0 c=0 rs=1 cs=1]
                LayoutText {#text} at (0,0) size 166x19
                  text run at (0,0) width 166: "Click to the right of this text"
            LayoutTableRow (anonymous) at (0,20) size 166x20
              LayoutTableCell {DIV} at (0,20) size 166x20 [r=1 c=0 rs=1 cs=1]
                LayoutText {#text} at (0,0) size 166x19
                  text run at (0,0) width 166: "Click to the right of this text"
          LayoutBlockFlow {DIV} at (0,0) size 166x20
            LayoutText {#text} at (0,0) size 166x19
              text run at (0,0) width 166: "Click to the right of this text"
          LayoutTableSection {DIV} at (0,60) size 166x20
            LayoutTableRow (anonymous) at (0,0) size 166x20
              LayoutTableCell (anonymous) at (0,0) size 166x20 [r=0 c=0 rs=1 cs=1]
                LayoutText {#text} at (0,0) size 166x19
                  text run at (0,0) width 166: "Click to the right of this text"
caret: position 40 of child 0 {#text} of child 7 {DIV} of child 7 {DIV} of body
