layer at (0,0) size 800x600
  LayoutView at (0,0) size 800x600
layer at (0,0) size 800x600
  LayoutBlockFlow {HTML} at (0,0) size 800x600
    LayoutBlockFlow {BODY} at (8,8) size 784x584
      LayoutTable {TABLE} at (0,0) size 236x226 [border: none]
        LayoutTableCol {COLGROUP} at (0,0) size 0x0 [border: none (1px solid #000000) none (1px solid #000000)]
        LayoutTableCol {COLGROUP} at (0,0) size 0x0 [border: none (1px solid #000000) none (1px solid #000000)]
        LayoutTableSection {TBODY} at (0,0) size 235x225 [border: (1px solid #808080) none (1px solid #808080) none]
          LayoutTableRow {TR} at (0,0) size 235x29
            LayoutTableCell {TH} at (0,0) size 80x29 [border: (1px none #000000)] [r=0 c=0 rs=1 cs=1]
              LayoutText {#text} at (8,5) size 65x19
                text run at (8,5) width 65: "Weekday"
            LayoutTableCell {TH} at (80,0) size 45x29 [border: (1px none #000000)] [r=0 c=1 rs=1 cs=1]
              LayoutText {#text} at (6,5) size 34x19
                text run at (6,5) width 34: "Date"
            LayoutTableCell {TH} at (125,0) size 70x29 [border: (1px none #000000)] [r=0 c=2 rs=1 cs=1]
              LayoutText {#text} at (4,5) size 62x19
                text run at (4,5) width 62: "Manager"
            LayoutTableCell {TH} at (195,0) size 40x29 [border: (1px none #000000)] [r=0 c=3 rs=1 cs=1]
              LayoutText {#text} at (7,5) size 26x19
                text run at (7,5) width 26: "Qty"
          LayoutTableRow {TR} at (0,29) size 235x28
            LayoutTableCell {TD} at (0,29) size 80x28 [border: none] [r=1 c=0 rs=1 cs=1]
              LayoutText {#text} at (5,4) size 51x19
                text run at (5,4) width 51: "Monday"
            LayoutTableCell {TD} at (80,29) size 45x28 [border: none] [r=1 c=1 rs=1 cs=1]
              LayoutText {#text} at (5,4) size 36x19
                text run at (5,4) width 36: "09/11"
            LayoutTableCell {TD} at (125,29) size 70x28 [r=1 c=2 rs=1 cs=1]
              LayoutText {#text} at (4,4) size 42x19
                text run at (4,4) width 42: "Kelsey"
            LayoutTableCell {TD} at (195,29) size 40x28 [r=1 c=3 rs=1 cs=1]
              LayoutText {#text} at (4,4) size 24x19
                text run at (4,4) width 24: "639"
          LayoutTableRow {TR} at (0,57) size 235x28
            LayoutTableCell {TD} at (0,57) size 80x28 [border: none] [r=2 c=0 rs=1 cs=1]
              LayoutText {#text} at (5,4) size 51x19
                text run at (5,4) width 51: "Tuesday"
            LayoutTableCell {TD} at (80,57) size 45x28 [border: none] [r=2 c=1 rs=1 cs=1]
              LayoutText {#text} at (5,4) size 36x19
                text run at (5,4) width 36: "09/12"
            LayoutTableCell {TD} at (125,57) size 70x28 [r=2 c=2 rs=1 cs=1]
              LayoutText {#text} at (4,4) size 47x19
                text run at (4,4) width 47: "Lindsey"
            LayoutTableCell {TD} at (195,57) size 40x28 [r=2 c=3 rs=1 cs=1]
              LayoutText {#text} at (4,4) size 24x19
                text run at (4,4) width 24: "596"
          LayoutTableRow {TR} at (0,85) size 235x28
            LayoutTableCell {TD} at (0,85) size 80x28 [border: none] [r=3 c=0 rs=1 cs=1]
              LayoutText {#text} at (5,4) size 71x19
                text run at (5,4) width 71: "Wednesday"
            LayoutTableCell {TD} at (80,85) size 45x28 [border: none] [r=3 c=1 rs=1 cs=1]
              LayoutText {#text} at (5,4) size 36x19
                text run at (5,4) width 36: "09/13"
            LayoutTableCell {TD} at (125,85) size 70x28 [r=3 c=2 rs=1 cs=1]
              LayoutText {#text} at (4,4) size 39x19
                text run at (4,4) width 39: "Randy"
            LayoutTableCell {TD} at (195,85) size 40x28 [r=3 c=3 rs=1 cs=1]
              LayoutText {#text} at (4,4) size 32x19
                text run at (4,4) width 32: "1135"
          LayoutTableRow {TR} at (0,113) size 235x28
            LayoutTableCell {TD} at (0,113) size 80x28 [border: none] [r=4 c=0 rs=1 cs=1]
              LayoutText {#text} at (5,4) size 56x19
                text run at (5,4) width 56: "Thursday"
            LayoutTableCell {TD} at (80,113) size 45x28 [border: none] [r=4 c=1 rs=1 cs=1]
              LayoutText {#text} at (5,4) size 36x19
                text run at (5,4) width 36: "09/14"
            LayoutTableCell {TD} at (125,113) size 70x28 [r=4 c=2 rs=1 cs=1]
              LayoutText {#text} at (4,4) size 36x19
                text run at (4,4) width 36: "Susan"
            LayoutTableCell {TD} at (195,113) size 40x28 [r=4 c=3 rs=1 cs=1]
              LayoutText {#text} at (4,4) size 32x19
                text run at (4,4) width 32: "1002"
          LayoutTableRow {TR} at (0,141) size 235x28
            LayoutTableCell {TD} at (0,141) size 80x28 [border: none] [r=5 c=0 rs=1 cs=1]
              LayoutText {#text} at (5,4) size 39x19
                text run at (5,4) width 39: "Friday"
            LayoutTableCell {TD} at (80,141) size 45x28 [border: none] [r=5 c=1 rs=1 cs=1]
              LayoutText {#text} at (5,4) size 36x19
                text run at (5,4) width 36: "09/15"
            LayoutTableCell {TD} at (125,141) size 70x28 [r=5 c=2 rs=1 cs=1]
              LayoutText {#text} at (4,4) size 39x19
                text run at (4,4) width 39: "Randy"
            LayoutTableCell {TD} at (195,141) size 40x28 [r=5 c=3 rs=1 cs=1]
              LayoutText {#text} at (4,4) size 24x19
                text run at (4,4) width 24: "908"
          LayoutTableRow {TR} at (0,169) size 235x28
            LayoutTableCell {TD} at (0,169) size 80x28 [border: none] [r=6 c=0 rs=1 cs=1]
              LayoutText {#text} at (5,4) size 54x19
                text run at (5,4) width 54: "Saturday"
            LayoutTableCell {TD} at (80,169) size 45x28 [border: none] [r=6 c=1 rs=1 cs=1]
              LayoutText {#text} at (5,4) size 36x19
                text run at (5,4) width 36: "09/16"
            LayoutTableCell {TD} at (125,169) size 70x28 [r=6 c=2 rs=1 cs=1]
              LayoutText {#text} at (4,4) size 47x19
                text run at (4,4) width 47: "Lindsey"
            LayoutTableCell {TD} at (195,169) size 40x28 [r=6 c=3 rs=1 cs=1]
              LayoutText {#text} at (4,4) size 24x19
                text run at (4,4) width 24: "371"
          LayoutTableRow {TR} at (0,197) size 235x28
            LayoutTableCell {TD} at (0,197) size 80x28 [border: none] [r=7 c=0 rs=1 cs=1]
              LayoutText {#text} at (5,4) size 45x19
                text run at (5,4) width 45: "Sunday"
            LayoutTableCell {TD} at (80,197) size 45x28 [border: none] [r=7 c=1 rs=1 cs=1]
              LayoutText {#text} at (5,4) size 36x19
                text run at (5,4) width 36: "09/17"
            LayoutTableCell {TD} at (125,197) size 70x28 [r=7 c=2 rs=1 cs=1]
              LayoutText {#text} at (4,4) size 36x19
                text run at (4,4) width 36: "Susan"
            LayoutTableCell {TD} at (195,197) size 40x28 [r=7 c=3 rs=1 cs=1]
              LayoutText {#text} at (4,4) size 24x19
                text run at (4,4) width 24: "272"
