layer at (0,0) size 800x600
  LayoutView at (0,0) size 800x600
layer at (0,0) size 800x256
  LayoutBlockFlow {html} at (0,0) size 800x256
    LayoutBlockFlow {body} at (8,8) size 784x240
      LayoutTable {table} at (0,0) size 73x240
        LayoutBlockFlow {caption} at (0,0) size 73x80
          LayoutText {#text} at (16,0) size 73x79
            text run at (16,0) width 41: "PASS:"
            text run at (0,20) width 73: "Dynamically"
            text run at (17,40) width 39: "added"
            text run at (14,60) width 45: "caption"
        LayoutBlockFlow {caption} at (0,80) size 73x40
          LayoutText {#text} at (1,0) size 71x39
            text run at (1,0) width 71: "PASS: Text"
            text run at (1,20) width 71: "in caption 1"
layer at (8,128) size 73x40 transparent
  LayoutBlockFlow {caption} at (0,120) size 73x40
    LayoutText {#text} at (1,0) size 71x39
      text run at (1,0) width 71: "PASS: Text"
      text run at (1,20) width 71: "in caption 2"
layer at (8,168) size 73x40 transparent
  LayoutBlockFlow {caption} at (0,160) size 73x40
    LayoutText {#text} at (1,0) size 71x39
      text run at (1,0) width 71: "PASS: Text"
      text run at (1,20) width 71: "in caption 3"
layer at (8,208) size 73x40 transparent
  LayoutBlockFlow {caption} at (0,200) size 73x40
    LayoutText {#text} at (1,0) size 71x39
      text run at (1,0) width 71: "PASS: Text"
      text run at (1,20) width 71: "in caption 4"
