layer at (0,0) size 800x600
  LayoutView at (0,0) size 800x600
layer at (0,0) size 800x600
  LayoutBlockFlow {HTML} at (0,0) size 800x600
    LayoutBlockFlow {BODY} at (8,8) size 784x584
      LayoutBlockFlow {P} at (0,0) size 784x40
        LayoutText {#text} at (0,0) size 202x19
          text run at (0,0) width 202: "This tests for a regression against "
        LayoutInline {I} at (0,0) size 770x39
          LayoutInline {A} at (0,0) size 350x19 [color=#0000EE]
            LayoutText {#text} at (202,0) size 350x19
              text run at (202,0) width 350: "http://bugzilla.opendarwin.org/show_bug.cgi?id=7054"
          LayoutText {#text} at (551,0) size 770x39
            text run at (551,0) width 5: " "
            text run at (555,0) width 215: "Vertical scroll bars do not appear"
            text run at (0,20) width 171: "or do not scroll completely"
        LayoutText {#text} at (170,20) size 5x19
          text run at (170,20) width 5: "."
      LayoutBlockFlow {P} at (0,56) size 784x20
        LayoutText {#text} at (0,0) size 619x19
          text run at (0,0) width 619: "The top two boxes should have horizontal scroll bars. The bottom box should have a vertical scroll bar."
      LayoutBlockFlow {HR} at (0,92) size 784x2 [border: (1px inset #EEEEEE)]
      LayoutBlockFlow (anonymous) at (0,204) size 784x20
        LayoutBR {BR} at (0,0) size 0x19
      LayoutBlockFlow (anonymous) at (0,326) size 784x20
        LayoutBR {BR} at (0,0) size 0x19
layer at (8,110) size 102x102 clip at (9,111) size 100x85 scrollWidth 133
  LayoutBlockFlow {DIV} at (0,102) size 102x102 [border: (1px solid #0000FF)]
    LayoutTable {TABLE} at (1,1) size 6x6
      LayoutTableSection {TBODY} at (0,0) size 6x6
        LayoutTableRow {TR} at (0,2) size 6x2
          LayoutTableCell {TD} at (2,2) size 2x2 [r=0 c=0 rs=1 cs=1]
layer at (8,232) size 102x102 clip at (9,233) size 100x85 scrollX 33.00 scrollWidth 133
  LayoutBlockFlow {DIV} at (0,224) size 102x102 [border: (1px solid #0000FF)]
    LayoutTable {TABLE} at (95,1) size 6x6
      LayoutTableSection {TBODY} at (0,0) size 6x6
        LayoutTableRow {TR} at (0,2) size 6x2
          LayoutTableCell {TD} at (2,2) size 2x2 [r=0 c=0 rs=1 cs=1]
layer at (8,354) size 102x102 clip at (9,355) size 85x100 scrollHeight 133
  LayoutBlockFlow {DIV} at (0,346) size 102x102 [border: (1px solid #0000FF)]
    LayoutTable {TABLE} at (1,1) size 6x6
      LayoutTableSection {TBODY} at (0,0) size 6x6
        LayoutTableRow {TR} at (0,2) size 6x2
          LayoutTableCell {TD} at (2,2) size 2x2 [r=0 c=0 rs=1 cs=1]
layer at (12,114) size 0x0
  LayoutBlockFlow (relative positioned) {DIV} at (1,1) size 0x0
layer at (82,114) size 60x60 backgroundClip at (9,111) size 100x85 clip at (9,111) size 100x85
  LayoutBlockFlow (positioned) {DIV} at (70,0) size 60x60 [bgcolor=#C0C0C0]
layer at (106,236) size 0x0
  LayoutBlockFlow (relative positioned) {DIV} at (1,1) size 0x0
layer at (-24,236) size 60x60 backgroundClip at (9,233) size 100x85 clip at (9,233) size 100x85
  LayoutBlockFlow (positioned) {DIV} at (-130,0) size 60x60 [bgcolor=#C0C0C0]
layer at (12,358) size 0x0
  LayoutBlockFlow (relative positioned) {DIV} at (1,1) size 0x0
layer at (12,428) size 60x60 backgroundClip at (9,355) size 85x100 clip at (9,355) size 85x100
  LayoutBlockFlow (positioned) {DIV} at (0,70) size 60x60 [bgcolor=#C0C0C0]
