layer at (0,0) size 800x600
  LayoutView at (0,0) size 800x600
layer at (0,0) size 800x600
  LayoutBlockFlow {HTML} at (0,0) size 800x600
    LayoutBlockFlow {BODY} at (8,8) size 784x584
      LayoutTable {TABLE} at (0,0) size 784x38 [bgcolor=#FF0000]
        LayoutTableSection {TBODY} at (0,0) size 784x38
          LayoutTableRow {TR} at (0,2) size 784x34
            LayoutTableCell {TD} at (2,2) size 780x34 [r=0 c=0 rs=1 cs=1]
              LayoutTable {TABLE} at (1,1) size 778x32 [bgcolor=#0000FF]
                LayoutTableSection {TBODY} at (0,0) size 778x32
                  LayoutTableRow {TR} at (0,2) size 778x28
                    LayoutTableCell {TD} at (2,2) size 774x28 [r=0 c=0 rs=1 cs=1]
                      LayoutTable {TABLE} at (1,1) size 386x26 [bgcolor=#008000]
                        LayoutTableSection {TBODY} at (0,0) size 386x26
                          LayoutTableRow {TR} at (0,2) size 386x22
                            LayoutTableCell {TD} at (2,2) size 382x22 [r=0 c=0 rs=1 cs=1]
                              LayoutText {#text} at (1,1) size 48x19
                                text run at (1,1) width 48: "Content"
