layer at (0,0) size 800x600
  LayoutView at (0,0) size 800x600
layer at (0,0) size 800x600
  LayoutBlockFlow {HTML} at (0,0) size 800x600
    LayoutBlockFlow {BODY} at (8,8) size 784x584
      LayoutTable {TABLE} at (0,0) size 784x64 [bgcolor=#FF0000]
        LayoutTableSection {TBODY} at (0,0) size 784x64
          LayoutTableRow {TR} at (0,2) size 784x60
            LayoutTableCell {TD} at (2,2) size 780x60 [r=0 c=0 rs=1 cs=1]
              LayoutBlockFlow {DIV} at (1,1) size 778x58
                LayoutBlockFlow (anonymous) at (0,0) size 778x20
                  LayoutText {#text} at (0,0) size 24x19
                    text run at (0,0) width 24: "boo"
                LayoutTable {TABLE} at (0,20) size 100x38 [bgcolor=#800080]
                  LayoutTableSection {TBODY} at (0,0) size 100x38
                    LayoutTableRow {TR} at (0,2) size 100x34
                      LayoutTableCell {TD} at (2,2) size 96x34 [r=0 c=0 rs=1 cs=1]
                        LayoutTable {TABLE} at (1,1) size 94x32 [bgcolor=#0000FF]
                          LayoutTableSection {TBODY} at (0,0) size 94x32
                            LayoutTableRow {TR} at (0,2) size 94x28
                              LayoutTableCell {TD} at (2,2) size 90x28 [r=0 c=0 rs=1 cs=1]
                                LayoutTable {TABLE} at (1,1) size 88x26 [bgcolor=#008000]
                                  LayoutTableSection {TBODY} at (0,0) size 88x26
                                    LayoutTableRow {TR} at (0,2) size 88x22
                                      LayoutTableCell {TD} at (2,2) size 84x22 [r=0 c=0 rs=1 cs=1]
                                        LayoutText {#text} at (1,1) size 48x19
                                          text run at (1,1) width 48: "Content"
