layer at (0,0) size 800x600
  LayoutView at (0,0) size 800x600
layer at (0,0) size 800x600
  LayoutBlockFlow {HTML} at (0,0) size 800x600
    LayoutBlockFlow {BODY} at (8,8) size 784x584
      LayoutTable {TABLE} at (0,0) size 740x30 [bgcolor=#008000]
        LayoutTableSection {TBODY} at (0,0) size 740x30
          LayoutTableRow {TR} at (0,2) size 740x26
            LayoutTableCell {TD} at (2,15) size 1x0 [bgcolor=#FFFF00] [r=0 c=0 rs=1 cs=1]
            LayoutTableCell {TD} at (5,2) size 733x26 [r=0 c=1 rs=1 cs=1]
              LayoutTable {TABLE} at (0,0) size 586x26
                LayoutTableSection {TBODY} at (0,0) size 586x26
                  LayoutTableRow {TR} at (0,2) size 586x22
                    LayoutTableCell {TD} at (2,2) size 582x22 [r=0 c=0 rs=1 cs=1]
                      LayoutText {#text} at (1,1) size 101x19
                        text run at (1,1) width 101: "here is some text"
