layer at (0,0) size 800x600
  LayoutView at (0,0) size 800x600
layer at (0,0) size 800x600
  LayoutBlockFlow {HTML} at (0,0) size 800x600
    LayoutBlockFlow {BODY} at (8,8) size 784x584
      LayoutTable {TABLE} at (0,0) size 163x100 [border: (1px solid #000000)]
        LayoutTableSection {THEAD} at (1,1) size 161x26
          LayoutTableRow {TR} at (0,2) size 161x22
            LayoutTableCell (anonymous) at (2,2) size 100x22 [r=0 c=0 rs=1 cs=1]
              LayoutBlockFlow (floating) {TH} at (0,0) size 50x22
                LayoutText {#text} at (1,1) size 48x19
                  text run at (1,1) width 48: "Head 1"
              LayoutBlockFlow (floating) {TH} at (50,0) size 50x22
                LayoutText {#text} at (1,1) size 48x19
                  text run at (1,1) width 48: "Head 2"
        LayoutTableSection {TFOOT} at (1,75) size 161x24
          LayoutTableRow {TR} at (0,0) size 161x22
            LayoutTableCell {TD} at (2,0) size 100x22 [r=0 c=0 rs=1 cs=1]
              LayoutText {#text} at (1,1) size 53x19
                text run at (1,1) width 53: "Footer 1"
            LayoutTableCell {TD} at (104,0) size 55x22 [r=0 c=1 rs=1 cs=1]
              LayoutText {#text} at (1,1) size 53x19
                text run at (1,1) width 53: "Footer 2"
        LayoutTableSection {TBODY} at (1,27) size 161x48
          LayoutTableRow {TR} at (0,0) size 161x22
            LayoutTableCell {TD} at (2,0) size 100x22 [r=0 c=0 rs=1 cs=1]
              LayoutText {#text} at (1,1) size 36x19
                text run at (1,1) width 36: "Cell 1"
            LayoutTableCell {TD} at (104,0) size 55x22 [r=0 c=1 rs=1 cs=1]
              LayoutText {#text} at (1,1) size 36x19
                text run at (1,1) width 36: "Cell 2"
          LayoutTableRow {TR} at (0,24) size 161x22
            LayoutTableCell {TD} at (2,24) size 100x22 [r=1 c=0 rs=1 cs=1]
              LayoutText {#text} at (1,1) size 36x19
                text run at (1,1) width 36: "Cell 3"
            LayoutTableCell {TD} at (104,24) size 55x22 [r=1 c=1 rs=1 cs=1]
              LayoutText {#text} at (1,1) size 36x19
                text run at (1,1) width 36: "Cell 4"
