layer at (0,0) size 800x600
  LayoutView at (0,0) size 800x600
layer at (0,0) size 800x600
  LayoutBlockFlow {HTML} at (0,0) size 800x600
    LayoutBlockFlow {BODY} at (8,8) size 784x584
      LayoutBlockFlow {P} at (0,0) size 784x20
        LayoutText {#text} at (0,0) size 354x19
          text run at (0,0) width 354: "This page has a few form elements on it with various styles."
      LayoutBlockFlow {P} at (0,36) size 784x20
        LayoutText {#text} at (0,0) size 543x19
          text run at (0,0) width 543: "In older versions of WebKit, the table styles would cause infinite recursion and hangs. See "
        LayoutInline {A} at (0,0) size 107x19 [color=#0000EE]
          LayoutText {#text} at (542,0) size 107x19
            text run at (542,0) width 107: "bugzilla bug 5731"
        LayoutText {#text} at (648,0) size 5x19
          text run at (648,0) width 5: "."
      LayoutBlockFlow {DIV} at (0,72) size 784x20
        LayoutInline {FORM} at (0,0) size 79x19
          LayoutText {#text} at (0,0) size 79x19
            text run at (0,0) width 79: "display: inline"
      LayoutBlockFlow {DIV} at (0,92) size 784x20
        LayoutBlockFlow {FORM} at (0,0) size 784x20
          LayoutText {#text} at (0,0) size 83x19
            text run at (0,0) width 83: "display: block"
      LayoutBlockFlow {DIV} at (0,128) size 784x20
        LayoutListItem {FORM} at (0,0) size 784x20
          LayoutListMarker (anonymous) at (-18,0) size 7x19: bullet
          LayoutText {#text} at (0,0) size 96x19
            text run at (0,0) width 96: "display: list-item"
      LayoutBlockFlow {DIV} at (0,164) size 784x20
        LayoutBlockFlow {FORM} at (0,0) size 784x20
          LayoutText {#text} at (0,0) size 101x19
            text run at (0,0) width 101: "display: compact"
      LayoutBlockFlow {DIV} at (0,200) size 784x36
        LayoutBlockFlow {FORM} at (0,0) size 119x20
          LayoutText {#text} at (0,0) size 119x19
            text run at (0,0) width 119: "display: inline-block"
      LayoutBlockFlow {DIV} at (0,236) size 784x20
        LayoutTable {FORM} at (0,0) size 78x20
          LayoutTableSection (anonymous) at (0,0) size 78x20
            LayoutTableRow (anonymous) at (0,0) size 78x20
              LayoutTableCell (anonymous) at (0,0) size 78x20 [r=0 c=0 rs=1 cs=1]
                LayoutText {#text} at (0,0) size 78x19
                  text run at (0,0) width 78: "display: table"
      LayoutBlockFlow {DIV} at (0,272) size 784x36
        LayoutTable {FORM} at (0,0) size 114x20
          LayoutTableSection (anonymous) at (0,0) size 114x20
            LayoutTableRow (anonymous) at (0,0) size 114x20
              LayoutTableCell (anonymous) at (0,0) size 114x20 [r=0 c=0 rs=1 cs=1]
                LayoutText {#text} at (0,0) size 114x19
                  text run at (0,0) width 114: "display: inline-table"
      LayoutBlockFlow {DIV} at (0,308) size 784x20
        LayoutTable (anonymous) at (0,0) size 149x20
          LayoutTableSection {FORM} at (0,0) size 149x20
            LayoutTableRow (anonymous) at (0,0) size 149x20
              LayoutTableCell (anonymous) at (0,0) size 149x20 [r=0 c=0 rs=1 cs=1]
                LayoutText {#text} at (0,0) size 149x19
                  text run at (0,0) width 149: "display: table-row-group"
      LayoutBlockFlow {DIV} at (0,328) size 784x20
        LayoutTable (anonymous) at (0,0) size 166x20
          LayoutTableSection {FORM} at (0,0) size 166x20
            LayoutTableRow (anonymous) at (0,0) size 166x20
              LayoutTableCell (anonymous) at (0,0) size 166x20 [r=0 c=0 rs=1 cs=1]
                LayoutText {#text} at (0,0) size 166x19
                  text run at (0,0) width 166: "display: table-header-group"
      LayoutBlockFlow {DIV} at (0,348) size 784x20
        LayoutTable (anonymous) at (0,0) size 161x20
          LayoutTableSection {FORM} at (0,0) size 161x20
            LayoutTableRow (anonymous) at (0,0) size 161x20
              LayoutTableCell (anonymous) at (0,0) size 161x20 [r=0 c=0 rs=1 cs=1]
                LayoutText {#text} at (0,0) size 161x19
                  text run at (0,0) width 161: "display: table-footer-group"
      LayoutBlockFlow {DIV} at (0,368) size 784x20
        LayoutTable (anonymous) at (0,0) size 108x20
          LayoutTableSection (anonymous) at (0,0) size 108x20
            LayoutTableRow {FORM} at (0,0) size 108x20
              LayoutTableCell (anonymous) at (0,0) size 108x20 [r=0 c=0 rs=1 cs=1]
                LayoutText {#text} at (0,0) size 108x19
                  text run at (0,0) width 108: "display: table-row"
      LayoutBlockFlow {DIV} at (0,388) size 784x0
        LayoutTable (anonymous) at (0,0) size 0x0
          LayoutTableCol {FORM} at (0,0) size 0x0
      LayoutBlockFlow {DIV} at (0,388) size 784x0
        LayoutTable (anonymous) at (0,0) size 0x0
          LayoutTableCol {FORM} at (0,0) size 0x0
      LayoutBlockFlow {DIV} at (0,388) size 784x20
        LayoutTable (anonymous) at (0,0) size 104x20
          LayoutTableSection (anonymous) at (0,0) size 104x20
            LayoutTableRow (anonymous) at (0,0) size 104x20
              LayoutTableCell {FORM} at (0,0) size 104x20 [r=0 c=0 rs=1 cs=1]
                LayoutText {#text} at (0,0) size 104x19
                  text run at (0,0) width 104: "display: table-cell"
      LayoutBlockFlow {DIV} at (0,408) size 784x76
        LayoutTable (anonymous) at (0,0) size 45x76
          LayoutBlockFlow {FORM} at (0,0) size 45x60
            LayoutText {#text} at (0,0) size 45x59
              text run at (0,0) width 45: "display:"
              text run at (0,20) width 35: "table-"
              text run at (0,40) width 44: "caption"
