layer at (0,0) size 800x600
  LayoutView at (0,0) size 800x600
layer at (0,0) size 800x600
  LayoutBlockFlow {HTML} at (0,0) size 800x600
    LayoutBlockFlow {BODY} at (8,8) size 784x584
      LayoutBlockFlow {P} at (0,0) size 784x40
        LayoutText {#text} at (0,0) size 50x19
          text run at (0,0) width 50: "Test for "
        LayoutInline {I} at (0,0) size 745x39
          LayoutInline {A} at (0,0) size 306x19 [color=#0000EE]
            LayoutText {#text} at (49,0) size 306x19
              text run at (49,0) width 306: "http://bugs.webkit.org/show_bug.cgi?id=15208"
          LayoutText {#text} at (354,0) size 745x39
            text run at (354,0) width 5: " "
            text run at (358,0) width 387: "display:table causes the collapsed text to show at a different"
            text run at (0,20) width 155: "position when expanded"
        LayoutText {#text} at (155,20) size 4x19
          text run at (155,20) width 4: "."
      LayoutBlockFlow {P} at (0,56) size 784x20
        LayoutText {#text} at (0,0) size 190x19
          text run at (0,0) width 190: "This should say \x{201C}Lorem ipsum\x{201D}:"
      LayoutTable {DIV} at (0,92) size 79x20
        LayoutTableSection (anonymous) at (0,0) size 79x20
          LayoutTableRow (anonymous) at (0,0) size 79x20
            LayoutTableCell (anonymous) at (0,0) size 79x20 [r=0 c=0 rs=1 cs=1]
              LayoutText {#text} at (0,0) size 40x19
                text run at (0,0) width 40: "Lorem"
              LayoutText {#text} at (40,0) size 39x19
                text run at (40,0) width 4: " "
                text run at (44,0) width 35: "ipsum"
