layer at (0,0) size 800x600
  LayoutView at (0,0) size 800x600
layer at (0,0) size 800x600
  LayoutBlockFlow {HTML} at (0,0) size 800x600
    LayoutBlockFlow {BODY} at (8,8) size 784x584
      LayoutBlockFlow {P} at (0,0) size 784x20
        LayoutText {#text} at (0,0) size 297x19
          text run at (0,0) width 297: "This tests that the background of a table cell with "
        LayoutInline {TT} at (0,0) size 136x16
          LayoutText {#text} at (297,3) size 136x16
            text run at (297,3) width 136: "visibility:hidden"
        LayoutText {#text} at (433,0) size 102x19
          text run at (433,0) width 102: " is never painted."
      LayoutBlockFlow {P} at (0,36) size 784x20
        LayoutText {#text} at (0,0) size 439x19
          text run at (0,0) width 439: "You should see nine green squares and no red, orange or yellow squares."
      LayoutTable {TABLE} at (4,72) size 27x25
        LayoutTableSection {TBODY} at (0,0) size 27x25 [bgcolor=#FFFF00]
          LayoutTableRow {TR} at (0,0) size 27x25 [bgcolor=#FFA500]
            LayoutTableCell {TD} at (0,11) size 27x2 [bgcolor=#FF0000] [r=0 c=0 rs=1 cs=1]
      LayoutTable {TABLE} at (4,101) size 27x25 [bgcolor=#FF0000]
        LayoutTableSection {TBODY} at (0,0) size 27x25 [bgcolor=#FFFF00]
          LayoutTableRow {TR} at (0,0) size 27x25 [bgcolor=#FFA500]
            LayoutTableCell {TD} at (0,11) size 27x2 [bgcolor=#008000] [r=0 c=0 rs=1 cs=1]
      LayoutTable {TABLE} at (4,130) size 27x25 [bgcolor=#FF0000]
        LayoutTableSection {TBODY} at (0,0) size 27x25 [bgcolor=#FFFF00]
          LayoutTableRow {TR} at (0,0) size 27x25 [bgcolor=#FFA500]
            LayoutTableCell {TD} at (0,11) size 27x2 [bgcolor=#008000] [r=0 c=0 rs=1 cs=1]
      LayoutTable {TABLE} at (4,159) size 27x25 [bgcolor=#FF0000]
        LayoutTableSection {TBODY} at (0,0) size 27x25 [bgcolor=#FFFF00]
          LayoutTableRow {TR} at (0,0) size 27x25 [bgcolor=#FFA500]
            LayoutTableCell {TD} at (0,11) size 27x2 [bgcolor=#008000] [r=0 c=0 rs=1 cs=1]
      LayoutTable {TABLE} at (4,188) size 27x25 [bgcolor=#008000]
        LayoutTableSection {TBODY} at (0,0) size 27x25 [bgcolor=#FF0000]
          LayoutTableRow {TR} at (0,0) size 27x25 [bgcolor=#FFA500]
            LayoutTableCell {TD} at (0,11) size 27x2 [r=0 c=0 rs=1 cs=1]
      LayoutTable {TABLE} at (4,217) size 27x25 [bgcolor=#FF0000]
        LayoutTableSection {TBODY} at (0,0) size 27x25 [bgcolor=#FFFF00]
          LayoutTableRow {TR} at (0,0) size 27x25 [bgcolor=#FFA500]
            LayoutTableCell {TD} at (0,11) size 27x2 [bgcolor=#008000] [r=0 c=0 rs=1 cs=1]
      LayoutTable {TABLE} at (4,246) size 27x25 [bgcolor=#FF0000]
        LayoutTableSection {TBODY} at (0,0) size 27x25 [bgcolor=#FFFF00]
          LayoutTableRow {TR} at (0,0) size 27x25 [bgcolor=#FFA500]
            LayoutTableCell {TD} at (0,11) size 27x2 [bgcolor=#008000] [r=0 c=0 rs=1 cs=1]
      LayoutTable {TABLE} at (4,275) size 27x25 [bgcolor=#008000]
        LayoutTableSection {TBODY} at (0,0) size 27x25 [bgcolor=#FFFF00]
          LayoutTableRow {TR} at (0,0) size 27x25 [bgcolor=#FFA500]
            LayoutTableCell {TD} at (0,11) size 27x2 [bgcolor=#FF0000] [r=0 c=0 rs=1 cs=1]
      LayoutTable {TABLE} at (4,304) size 27x25 [bgcolor=#FF0000]
        LayoutTableSection {TBODY} at (0,0) size 27x25 [bgcolor=#FFFF00]
          LayoutTableRow {TR} at (0,0) size 27x25 [bgcolor=#FFA500]
            LayoutTableCell {TD} at (0,11) size 27x2 [bgcolor=#008000] [r=0 c=0 rs=1 cs=1]
      LayoutTable {TABLE} at (4,333) size 27x25 [bgcolor=#008000]
        LayoutTableSection {TBODY} at (0,0) size 27x25 [bgcolor=#FFFF00]
          LayoutTableRow {TR} at (0,0) size 27x25 [bgcolor=#FFA500]
            LayoutTableCell {TD} at (0,11) size 27x2 [bgcolor=#FF0000] [r=0 c=0 rs=1 cs=1]
