layer at (0,0) size 800x600
  LayoutView at (0,0) size 800x600
layer at (0,0) size 800x600
  LayoutBlockFlow {HTML} at (0,0) size 800x600
    LayoutBlockFlow {BODY} at (8,8) size 784x584
      LayoutTable {TABLE} at (0,0) size 435x227 [border: (1px outset #808080)]
        LayoutTableSection {TBODY} at (1,1) size 433x225
          LayoutTableRow {TR} at (0,0) size 433x225
            LayoutTableCell {TD} at (0,0) size 433x225 [border: (1px inset #808080)] [r=0 c=0 rs=1 cs=1]
              LayoutTable {TABLE} at (1,1) size 431x223 [border: (1px outset #808080)]
                LayoutTableSection {TBODY} at (1,1) size 429x221
                  LayoutTableRow {TR} at (0,0) size 429x110
                    LayoutTableCell {TD} at (0,44) size 214x22 [border: (1px inset #808080)] [r=0 c=0 rs=1 cs=1]
                      LayoutText {#text} at (1,1) size 4x19
                        text run at (1,1) width 4: " "
                    LayoutTableCell {TD} at (214,44) size 215x22 [border: (1px inset #808080)] [r=0 c=1 rs=1 cs=1]
                      LayoutText {#text} at (1,1) size 4x19
                        text run at (1,1) width 4: " "
                  LayoutTableRow {TR} at (0,110) size 429x111
                    LayoutTableCell {TD} at (0,154) size 214x22 [border: (1px inset #808080)] [r=1 c=0 rs=1 cs=1]
                      LayoutText {#text} at (1,1) size 4x19
                        text run at (1,1) width 4: " "
                    LayoutTableCell {TD} at (214,154) size 215x22 [border: (1px inset #808080)] [r=1 c=1 rs=1 cs=1]
                      LayoutText {#text} at (1,1) size 4x19
                        text run at (1,1) width 4: " "
