layer at (0,0) size 800x600
  LayoutView at (0,0) size 800x600
layer at (0,0) size 800x600
  LayoutBlockFlow {HTML} at (0,0) size 800x600
    LayoutBlockFlow {BODY} at (8,8) size 784x584
      LayoutBlockFlow {H3} at (0,0) size 784x23
        LayoutText {#text} at (0,0) size 189x22
          text run at (0,0) width 189: "Height:100% Problems"
      LayoutBlockFlow {P} at (0,41.72) size 784x20
        LayoutText {#text} at (0,0) size 705x19
          text run at (0,0) width 377: "In the example below, the inner table should be 300 pixels tall. "
          text run at (376,0) width 329: "Instead the height:100% on the table cell isn't honored."
      LayoutTable {TABLE} at (357,77.72) size 70x300 [bgcolor=#FF0000]
        LayoutTableSection {TBODY} at (0,0) size 70x300
          LayoutTableRow {TR} at (0,0) size 70x300
            LayoutTableCell {TD} at (0,0) size 70x300 [bgcolor=#0000FF] [r=0 c=0 rs=1 cs=1]
              LayoutTable {TABLE} at (0,0) size 70x300 [bgcolor=#008000]
                LayoutTableSection {TBODY} at (0,0) size 70x300
                  LayoutTableRow {TR} at (0,2) size 70x296
                    LayoutTableCell {TD} at (2,139) size 66x22 [r=0 c=0 rs=1 cs=1]
                      LayoutText {#text} at (1,1) size 64x19
                        text run at (1,1) width 64: "Inner table"
