layer at (0,0) size 800x600 clip at (0,0) size 785x600 scrollHeight 2484
  LayoutView at (0,0) size 800x600
layer at (0,0) size 785x2484 backgroundClip at (0,0) size 785x600 clip at (0,0) size 785x600
  LayoutBlockFlow {HTML} at (0,0) size 785x2484
    LayoutBlockFlow {BODY} at (8,8) size 769x2468
      LayoutTable {TABLE} at (0,0) size 418x112 [border: (2px outset #808080)]
        LayoutTableSection {TBODY} at (2,2) size 414x108
          LayoutTableRow {TR} at (0,2) size 414x104
            LayoutTableCell {TD} at (308,2) size 104x104 [border: (1px inset #808080)] [r=0 c=1 rs=1 cs=1]
              LayoutBlockFlow {DIV} at (2,2) size 100x100 [bgcolor=#800080]
      LayoutBlockFlow (anonymous) at (0,112) size 769x40
        LayoutBR {BR} at (0,0) size 0x19
        LayoutBR {BR} at (0,20) size 0x19
      LayoutTable {TABLE} at (0,152) size 718x112 [border: (2px outset #808080)]
        LayoutTableSection {TBODY} at (2,2) size 714x108
          LayoutTableRow {TR} at (0,2) size 714x104
            LayoutTableCell {TD} at (608,2) size 104x104 [border: (1px inset #808080)] [r=0 c=1 rs=1 cs=1]
              LayoutBlockFlow {DIV} at (2,2) size 100x100 [bgcolor=#800080]
      LayoutBlockFlow (anonymous) at (0,264) size 769x40
        LayoutBR {BR} at (0,0) size 0x19
        LayoutBR {BR} at (0,20) size 0x19
      LayoutTable {TABLE} at (0,304) size 718x112 [border: (2px outset #808080)]
        LayoutTableSection {TBODY} at (2,2) size 714x108
          LayoutTableRow {TR} at (0,2) size 714x104
            LayoutTableCell {TD} at (608,2) size 104x104 [border: (1px inset #808080)] [r=0 c=1 rs=1 cs=1]
              LayoutBlockFlow {DIV} at (2,2) size 100x100 [bgcolor=#800080]
      LayoutBlockFlow (anonymous) at (0,416) size 769x40
        LayoutBR {BR} at (0,0) size 0x19
        LayoutBR {BR} at (0,20) size 0x19
      LayoutTable {TABLE} at (0,456) size 418x112 [border: (2px outset #808080)]
        LayoutTableSection {TBODY} at (2,2) size 414x108
          LayoutTableRow {TR} at (0,2) size 414x104
            LayoutTableCell {TD} at (308,2) size 104x104 [border: (1px inset #808080)] [r=0 c=1 rs=1 cs=1]
              LayoutBlockFlow {DIV} at (2,2) size 100x100 [bgcolor=#800080]
      LayoutBlockFlow (anonymous) at (0,568) size 769x40
        LayoutBR {BR} at (0,0) size 0x19
        LayoutBR {BR} at (0,20) size 0x19
      LayoutTable {TABLE} at (0,608) size 418x112 [border: (2px outset #808080)]
        LayoutTableSection {TBODY} at (2,2) size 414x108
          LayoutTableRow {TR} at (0,2) size 414x104
            LayoutTableCell {TD} at (2,2) size 104x104 [border: (1px inset #808080)] [r=0 c=0 rs=1 cs=1]
              LayoutBlockFlow {DIV} at (2,2) size 100x100 [bgcolor=#800080]
      LayoutBlockFlow (anonymous) at (0,720) size 769x40
        LayoutBR {BR} at (0,0) size 0x19
        LayoutBR {BR} at (0,20) size 0x19
      LayoutTable {TABLE} at (0,760) size 618x218 [border: (2px outset #808080)]
        LayoutTableSection {TBODY} at (2,2) size 614x214
          LayoutTableRow {TR} at (0,2) size 614x104
            LayoutTableCell {TD} at (308,2) size 304x104 [border: (1px inset #808080)] [r=0 c=1 rs=1 cs=1]
              LayoutBlockFlow {DIV} at (2,2) size 300x100 [bgcolor=#800080]
          LayoutTableRow {TR} at (0,108) size 614x104
            LayoutTableCell {TD} at (2,108) size 304x104 [border: (1px inset #808080)] [r=1 c=0 rs=1 cs=1]
              LayoutBlockFlow {DIV} at (2,2) size 300x100 [bgcolor=#800080]
      LayoutBlockFlow (anonymous) at (0,978) size 769x40
        LayoutBR {BR} at (0,0) size 0x19
        LayoutBR {BR} at (0,20) size 0x19
      LayoutTable {TABLE} at (0,1018) size 718x112 [border: (2px outset #808080)]
        LayoutTableSection {TBODY} at (2,2) size 714x108
          LayoutTableRow {TR} at (0,2) size 714x104
            LayoutTableCell {TD} at (608,2) size 104x104 [border: (1px inset #808080)] [r=0 c=1 rs=1 cs=1]
              LayoutBlockFlow {DIV} at (2,2) size 100x100 [bgcolor=#800080]
      LayoutBlockFlow (anonymous) at (0,1130) size 769x40
        LayoutBR {BR} at (0,0) size 0x19
        LayoutBR {BR} at (0,20) size 0x19
      LayoutTable {TABLE} at (0,1170) size 718x112 [border: (2px outset #808080)]
        LayoutTableSection {TBODY} at (2,2) size 714x108
          LayoutTableRow {TR} at (0,2) size 714x104
            LayoutTableCell {TD} at (608,2) size 104x104 [border: (1px inset #808080)] [r=0 c=1 rs=1 cs=1]
              LayoutBlockFlow {DIV} at (2,2) size 100x100 [bgcolor=#800080]
      LayoutBlockFlow (anonymous) at (0,1282) size 769x40
        LayoutBR {BR} at (0,0) size 0x19
        LayoutBR {BR} at (0,20) size 0x19
      LayoutTable {TABLE} at (0,1322) size 718x112 [border: (2px outset #808080)]
        LayoutTableSection {TBODY} at (2,2) size 714x108
          LayoutTableRow {TR} at (0,2) size 714x104
            LayoutTableCell {TD} at (608,2) size 104x104 [border: (1px inset #808080)] [r=0 c=1 rs=1 cs=1]
              LayoutBlockFlow {DIV} at (2,2) size 100x100 [bgcolor=#800080]
      LayoutBlockFlow (anonymous) at (0,1434) size 769x40
        LayoutBR {BR} at (0,0) size 0x19
        LayoutBR {BR} at (0,20) size 0x19
      LayoutTable {DIV} at (0,1474) size 400x100
        LayoutTableSection (anonymous) at (0,0) size 400x100
          LayoutTableRow {DIV} at (0,0) size 400x100
            LayoutTableCell {DIV} at (300,0) size 100x100 [r=0 c=1 rs=1 cs=1]
              LayoutBlockFlow {DIV} at (0,0) size 100x100 [bgcolor=#800080]
      LayoutBlockFlow (anonymous) at (0,1574) size 769x40
        LayoutBR {BR} at (0,0) size 0x19
        LayoutBR {BR} at (0,20) size 0x19
      LayoutTable {DIV} at (0,1614) size 400x100
        LayoutTableSection (anonymous) at (0,0) size 400x100
          LayoutTableRow {DIV} at (0,0) size 400x100
            LayoutTableCell {DIV} at (300,0) size 100x100 [r=0 c=1 rs=1 cs=1]
              LayoutBlockFlow {DIV} at (0,0) size 100x100 [bgcolor=#800080]
      LayoutBlockFlow (anonymous) at (0,1714) size 769x40
        LayoutBR {BR} at (0,0) size 0x19
        LayoutBR {BR} at (0,20) size 0x19
      LayoutTable {TABLE} at (0,1754) size 715x112 [border: (2px outset #808080)]
        LayoutTableSection {TBODY} at (2,2) size 710x107
          LayoutTableRow {TR} at (0,0) size 710x107
            LayoutTableCell {TD} at (605,0) size 105x107 [border: (3px inset #808080)] [r=0 c=1 rs=1 cs=1]
              LayoutBlockFlow {DIV} at (2,4) size 100x100 [bgcolor=#800080]
      LayoutBlockFlow (anonymous) at (0,1866) size 769x40
        LayoutBR {BR} at (0,0) size 0x19
        LayoutBR {BR} at (0,20) size 0x19
      LayoutTable {TABLE} at (0,1906) size 715x112 [border: (2px outset #808080)]
        LayoutTableSection {TBODY} at (2,2) size 710x107
          LayoutTableRow {TR} at (0,0) size 710x107
            LayoutTableCell {TD} at (605,0) size 105x107 [border: (3px inset #808080)] [r=0 c=1 rs=1 cs=1]
              LayoutBlockFlow {DIV} at (2,4) size 100x100 [bgcolor=#800080]
      LayoutBlockFlow (anonymous) at (0,2018) size 769x40
        LayoutBR {BR} at (0,0) size 0x19
        LayoutBR {BR} at (0,20) size 0x19
      LayoutTable {TABLE} at (0,2058) size 418x112 [border: (2px outset #808080)]
        LayoutTableSection {TBODY} at (2,2) size 414x108
          LayoutTableRow {TR} at (0,2) size 414x104
            LayoutTableCell {TD} at (308,2) size 104x104 [border: (1px inset #808080)] [r=0 c=1 rs=1 cs=1]
              LayoutBlockFlow {DIV} at (2,2) size 100x100 [bgcolor=#800080]
      LayoutBlockFlow (anonymous) at (0,2170) size 769x40
        LayoutBR {BR} at (0,0) size 0x19
        LayoutBR {BR} at (0,20) size 0x19
      LayoutTable {TABLE} at (0,2210) size 433x112 [border: (2px outset #808080)]
        LayoutTableSection {TBODY} at (2,2) size 429x108
          LayoutTableRow {TR} at (0,2) size 429x104
            LayoutTableCell {TD} at (323,2) size 104x104 [border: (1px inset #808080)] [r=0 c=1 rs=1 cs=1]
              LayoutBlockFlow {DIV} at (2,2) size 100x100 [bgcolor=#800080]
      LayoutBlockFlow (anonymous) at (0,2322) size 769x40
        LayoutBR {BR} at (0,0) size 0x19
        LayoutBR {BR} at (0,20) size 0x19
      LayoutTable {TABLE} at (0,2362) size 470x106
        LayoutTableSection {TBODY} at (0,0) size 470x106
          LayoutTableRow {TR} at (0,2) size 470x102
            LayoutTableCell {TD} at (366,2) size 102x102 [r=0 c=1 rs=1 cs=1]
              LayoutBlockFlow {DIV} at (1,1) size 100x100 [bgcolor=#800080]
layer at (12,12) size 304x104 clip at (13,13) size 302x102
  LayoutTableCell {TD} at (2,52) size 304x4 [bgcolor=#808080] [border: (1px inset #808080)] [r=0 c=0 rs=1 cs=1]
layer at (12,164) size 604x104 clip at (13,165) size 602x102
  LayoutTableCell {TD} at (2,42) size 604x24 [bgcolor=#808080] [border: (1px inset #808080)] [r=0 c=0 rs=1 cs=1]
layer at (12,468) size 304x104 clip at (13,469) size 302x102 scrollWidth 601
  LayoutTableCell {TD} at (2,52) size 304x4 [bgcolor=#808080] [border: (1px inset #808080)] [r=0 c=0 rs=1 cs=1]
    LayoutBlockFlow {DIV} at (2,-18) size 300x20 [bgcolor=#00FF00]
      LayoutBlockFlow {DIV} at (0,0) size 600x20 [bgcolor=#008000]
        LayoutText {#text} at (0,0) size 25x19
          text run at (0,0) width 25: "Test"
layer at (118,620) size 304x104 backgroundClip at (0,0) size 0x0 clip at (0,0) size 0x0 scrollWidth 601
  LayoutTableCell {TD} at (108,52) size 304x4 [bgcolor=#808080] [border: (1px inset #808080)] [r=0 c=1 rs=1 cs=1]
    LayoutBlockFlow {DIV} at (2,-18) size 300x20 [bgcolor=#00FF00]
      LayoutBlockFlow {DIV} at (0,0) size 600x20 [bgcolor=#008000]
        LayoutText {#text} at (0,0) size 78x19
          text run at (0,0) width 78: "Reverse Test"
layer at (12,772) size 304x104 backgroundClip at (0,0) size 0x0 clip at (0,0) size 0x0 scrollWidth 601
  LayoutTableCell {TD} at (2,52) size 304x4 [bgcolor=#808080] [border: (1px inset #808080)] [r=0 c=0 rs=1 cs=1]
    LayoutBlockFlow {DIV} at (2,-18) size 300x20 [bgcolor=#00FF00]
      LayoutBlockFlow {DIV} at (0,0) size 600x20 [bgcolor=#008000]
        LayoutText {#text} at (0,0) size 79x19
          text run at (0,0) width 79: "Stacked Test"
layer at (318,878) size 304x104 backgroundClip at (0,0) size 0x0 clip at (0,0) size 0x0 scrollWidth 601
  LayoutTableCell {TD} at (308,158) size 304x4 [bgcolor=#808080] [border: (1px inset #808080)] [r=1 c=1 rs=1 cs=1]
    LayoutBlockFlow {DIV} at (2,-18) size 300x20 [bgcolor=#00FF00]
      LayoutBlockFlow {DIV} at (0,0) size 600x20 [bgcolor=#008000]
        LayoutText {#text} at (0,0) size 49x19
          text run at (0,0) width 49: "Reverse"
layer at (12,1030) size 604x104 backgroundClip at (0,0) size 0x0 clip at (0,0) size 0x0
  LayoutTableCell {TD} at (2,42) size 604x24 [bgcolor=#808080] [border: (1px inset #808080)] [r=0 c=0 rs=1 cs=1]
layer at (8,1482) size 300x100 backgroundClip at (0,0) size 0x0 clip at (0,0) size 0x0 scrollWidth 600
  LayoutTableCell {DIV} at (0,40) size 300x20 [r=0 c=0 rs=1 cs=1]
    LayoutBlockFlow {DIV} at (0,0) size 300x20
      LayoutBlockFlow {DIV} at (0,0) size 600x20 [bgcolor=#FFA500]
        LayoutText {#text} at (0,0) size 133x19
          text run at (0,0) width 133: "With display:table-cell"
layer at (10,1764) size 605x107 backgroundClip at (0,0) size 0x0 clip at (0,0) size 0x0
  LayoutTableCell {TD} at (0,40) size 605x27 [bgcolor=#808080] [border: (3px inset #808080)] [r=0 c=0 rs=1 cs=1]
    LayoutBlockFlow {DIV} at (4,4) size 600x20 [bgcolor=#FFFF00]
      LayoutText {#text} at (0,0) size 206x19
        text run at (0,0) width 206: "Test with border-collapse:collapse"
layer at (10,1916) size 605x107 backgroundClip at (0,0) size 0x0 clip at (0,0) size 0x0
  LayoutTableCell {TD} at (0,40) size 605x27 [border: (3px inset #808080)] [r=0 c=0 rs=1 cs=1]
    LayoutBlockFlow {DIV} at (4,4) size 600x20 [bgcolor=#FFFF00]
      LayoutText {#text} at (0,0) size 260x19
        text run at (0,0) width 260: "Test with border-collapse:collapse no color"
layer at (12,2070) size 304x99 backgroundClip at (0,0) size 0x0 clip at (0,0) size 0x0 scrollWidth 601
  LayoutTableCell {TD} at (2,42) size 304x19 [bgcolor=#808080] [border: (1px inset #808080)] [r=0 c=0 rs=1 cs=1]
    LayoutBlockFlow {DIV} at (2,-18) size 300x20 [bgcolor=#00FF00]
      LayoutBlockFlow {DIV} at (0,0) size 600x20 [bgcolor=#008000]
        LayoutText {#text} at (0,0) size 140x19
          text run at (0,0) width 140: "Test with overflow:auto"
layer at (12,2222) size 319x104 backgroundClip at (0,0) size 0x0 clip at (0,0) size 0x0 scrollWidth 601
  LayoutTableCell {TD} at (2,44) size 319x19 [bgcolor=#808080] [border: (1px inset #808080)] [r=0 c=0 rs=1 cs=1]
    LayoutBlockFlow {DIV} at (2,-18) size 300x20 [bgcolor=#00FF00]
      LayoutBlockFlow {DIV} at (0,0) size 600x20 [bgcolor=#008000]
        LayoutText {#text} at (0,0) size 146x19
          text run at (0,0) width 146: "Test with overflow:scroll"
layer at (10,2372) size 362x102 backgroundClip at (0,0) size 0x0 clip at (0,0) size 0x0 scrollWidth 601
  LayoutTableCell {TD} at (2,4) size 362x97 [bgcolor=#808080] [border: (30px solid #000000)] [r=0 c=0 rs=1 cs=1]
    LayoutBlockFlow {DIV} at (31,31) size 300x20 [bgcolor=#00FF00]
      LayoutBlockFlow {DIV} at (0,0) size 600x20 [bgcolor=#008000]
        LayoutText {#text} at (0,0) size 140x19
          text run at (0,0) width 140: "Test with overflow:auto"
layer at (14,90) size 600x20
  LayoutBlockFlow (positioned) {DIV} at (14,90) size 600x20 [bgcolor=#00FFFF]
    LayoutText {#text} at (0,0) size 195x19
      text run at (0,0) width 195: "With absolute positioning on div."
layer at (14,206) size 600x20 transparent
  LayoutBlockFlow {DIV} at (2,2) size 600x20 [bgcolor=#00FFFF]
    LayoutText {#text} at (0,0) size 121x19
      text run at (0,0) width 121: "With opacity on div."
layer at (12,316) size 604x104 clip at (13,317) size 602x102 transparent
  LayoutTableCell {TD} at (2,42) size 604x24 [bgcolor=#808080] [border: (1px inset #808080)] [r=0 c=0 rs=1 cs=1]
    LayoutBlockFlow {DIV} at (2,2) size 600x20 [bgcolor=#00FFFF]
      LayoutText {#text} at (0,0) size 124x19
        text run at (0,0) width 124: "With opacity on cell."
layer at (14,1072) size 600x20 backgroundClip at (0,0) size 0x0 clip at (0,0) size 0x0
  LayoutBlockFlow (relative positioned) {DIV} at (2,2) size 600x20 [bgcolor=#FFA500]
    LayoutText {#text} at (0,0) size 188x19
      text run at (0,0) width 188: "With relative positioning on div."
layer at (12,1182) size 604x104 backgroundClip at (0,0) size 0x0 clip at (0,0) size 0x0
  LayoutTableCell (relative positioned) {TD} at (2,42) size 604x24 [bgcolor=#808080] [border: (1px inset #808080)] [r=0 c=0 rs=1 cs=1]
    LayoutBlockFlow {DIV} at (2,2) size 600x20 [bgcolor=#FFC0CB]
      LayoutText {#text} at (0,0) size 191x19
        text run at (0,0) width 191: "With relative positioning on cell."
layer at (112,1334) size 604x104 backgroundClip at (0,0) size 0x0 clip at (0,0) size 0x0
  LayoutTableCell (relative positioned) {TD} at (2,42) size 604x24 [bgcolor=#808080] [border: (1px inset #808080)] [r=0 c=0 rs=1 cs=1]
    LayoutBlockFlow {DIV} at (2,2) size 600x20 [bgcolor=#FFC0CB]
      LayoutText {#text} at (0,0) size 272x19
        text run at (0,0) width 272: "With relative positioning and an offset on cell."
layer at (108,1622) size 300x100 backgroundClip at (0,0) size 0x0 clip at (0,0) size 0x0 scrollWidth 600
  LayoutTableCell (relative positioned) {DIV} at (0,40) size 300x20 [r=0 c=0 rs=1 cs=1]
    LayoutBlockFlow {DIV} at (0,0) size 300x20
      LayoutBlockFlow {DIV} at (0,0) size 600x20 [bgcolor=#FFA500]
        LayoutText {#text} at (0,0) size 261x19
          text run at (0,0) width 261: "With display:table-cell + relative positioning"
