layer at (0,0) size 800x600
  LayoutView at (0,0) size 800x600
layer at (0,0) size 800x349
  LayoutBlockFlow {HTML} at (0,0) size 800x349
    LayoutBlockFlow {BODY} at (16,16) size 768x317
      LayoutTable (anonymous) at (0,0) size 693x317
        LayoutTableSection (anonymous) at (0,0) size 693x317
          LayoutTableRow {Q} at (0,0) size 693x317
            LayoutTableCell (anonymous) at (0,0) size 693x317 [r=0 c=0 rs=1 cs=1]
              LayoutInline {<pseudo:before>} at (0,0) size 13x36
                LayoutQuote (anonymous) at (0,0) size 13x36
                  LayoutTextFragment (anonymous) at (0,280) size 13x36
                    text run at (0,280) width 13: "\""
              LayoutText {#text} at (13,280) size 30x36
                text run at (13,280) width 30: " A"
              LayoutText {#text} at (651,280) size 29x36
                text run at (651,280) width 29: "B "
              LayoutInline {<pseudo:after>} at (0,0) size 13x36
                LayoutQuote (anonymous) at (0,0) size 13x36
                  LayoutTextFragment (anonymous) at (680,280) size 13x36
                    text run at (680,280) width 13: "\""
layer at (59,16) size 608x308
  LayoutIFrame {IFRAME} at (43,0) size 608x308 [border: (4px inset #EEEEEE)]
    layer at (0,0) size 600x300
      LayoutView at (0,0) size 600x300
    layer at (0,0) size 600x300
      LayoutBlockFlow {HTML} at (0,0) size 600x300
        LayoutBlockFlow {BODY} at (8,8) size 584x284
