layer at (0,0) size 800x600
  LayoutView at (0,0) size 800x600
layer at (0,0) size 800x170
  LayoutBlockFlow {HTML} at (0,0) size 800x170
    LayoutBlockFlow {BODY} at (8,16) size 784x146
      LayoutBlockFlow {P} at (0,0) size 784x20
        LayoutText {#text} at (0,0) size 50x19
          text run at (0,0) width 50: "Test for "
        LayoutInline {I} at (0,0) size 672x19
          LayoutInline {A} at (0,0) size 351x19 [color=#0000EE]
            LayoutText {#text} at (49,0) size 351x19
              text run at (49,0) width 351: "http://bugzilla.opendarwin.org/show_bug.cgi?id=9012"
          LayoutText {#text} at (399,0) size 322x19
            text run at (399,0) width 5: " "
            text run at (403,0) width 318: "Row height not updated when cell heights change"
        LayoutText {#text} at (720,0) size 5x19
          text run at (720,0) width 5: "."
      LayoutBlockFlow {HR} at (0,36) size 784x2 [border: (1px inset #EEEEEE)]
      LayoutTable {TABLE} at (0,46) size 100x100
        LayoutTableSection {TBODY} at (0,0) size 100x100
          LayoutTableRow {TR} at (0,0) size 100x0 [bgcolor=#FF0000]
            LayoutTableCell {TD} at (0,0) size 50x0 [r=0 c=0 rs=1 cs=1]
            LayoutTableCell {TD} at (50,0) size 50x0 [bgcolor=#008000] [r=0 c=1 rs=1 cs=1]
          LayoutTableRow {TR} at (0,0) size 100x100 [bgcolor=#008000]
            LayoutTableCell {TD} at (0,50) size 100x0 [r=1 c=0 rs=1 cs=2]
