layer at (0,0) size 800x600
  LayoutView at (0,0) size 800x600
layer at (0,0) size 800x600
  LayoutBlockFlow {HTML} at (0,0) size 800x600
    LayoutBlockFlow {BODY} at (8,8) size 784x584
      LayoutTable {TABLE} at (0,0) size 100x580 [border: (2px outset #808080)]
        LayoutTableSection {TBODY} at (2,2) size 96x576
          LayoutTableRow {TR} at (0,0) size 42x576
            LayoutTableCell {TD} at (0,17) size 96x3 [bgcolor=#AAAAAA] [border: (1px inset #808080)] [r=0 c=0 rs=3 cs=1]
              LayoutText {#text} at (18,-16) size 59x35
                text run at (18,-16) width 24: "Left"
                text run at (38,-16) width 13: "(3"
                text run at (58,-16) width 35: "rows)"
            LayoutTableCell {TD} at (0,60) size 69x177 [bgcolor=#000000] [border: (1px inset #808080)] [r=0 c=1 rs=2 cs=1]
              LayoutText {#text} at (24,-22) size 19x4
                text run at (24,-22) width 4: " "
            LayoutTableCell {TD} at (0,261) size 42x54 [border: (1px inset #808080)] [r=0 c=2 rs=1 cs=10]
              LayoutText {#text} at (1,5) size 39x46
                text run at (1,5) width 43: "Middle"
                text run at (21,4) width 46: "(1 row)"
            LayoutTableCell {TD} at (0,338) size 69x177 [bgcolor=#000000] [border: (1px inset #808080)] [r=0 c=12 rs=2 cs=1]
              LayoutText {#text} at (24,-22) size 19x4
                text run at (24,-22) width 4: " "
            LayoutTableCell {TD} at (0,556) size 96x3 [bgcolor=#AAAAAA] [border: (1px inset #808080)] [r=0 c=13 rs=3 cs=1]
              LayoutText {#text} at (18,-12) size 59x35
                text run at (18,-12) width 31: "Right"
                text run at (38,6) width 13: "(3"
                text run at (58,-16) width 35: "rows)"
          LayoutTableRow {TR} at (42,0) size 27x576
            LayoutTableCell {TD} at (42,263) size 27x1 [bgcolor=#EEEEEE] [border: (1px inset #808080)] [r=1 c=2 rs=1 cs=1]
              LayoutText {#text} at (3,-1) size 19x4
                text run at (3,-1) width 4: " "
            LayoutTableCell {TD} at (42,269) size 27x1 [bgcolor=#EEEEEE] [border: (1px inset #808080)] [r=1 c=3 rs=1 cs=1]
              LayoutText {#text} at (3,-1) size 19x4
                text run at (3,-1) width 4: " "
            LayoutTableCell {TD} at (42,275) size 27x1 [bgcolor=#EEEEEE] [border: (1px inset #808080)] [r=1 c=4 rs=1 cs=1]
              LayoutText {#text} at (3,-1) size 19x4
                text run at (3,-1) width 4: " "
            LayoutTableCell {TD} at (42,281) size 27x1 [bgcolor=#EEEEEE] [border: (1px inset #808080)] [r=1 c=5 rs=1 cs=1]
              LayoutText {#text} at (3,-1) size 19x4
                text run at (3,-1) width 4: " "
            LayoutTableCell {TD} at (42,287) size 27x1 [bgcolor=#EEEEEE] [border: (1px inset #808080)] [r=1 c=6 rs=1 cs=1]
              LayoutText {#text} at (3,-1) size 19x4
                text run at (3,-1) width 4: " "
            LayoutTableCell {TD} at (42,293) size 27x1 [bgcolor=#EEEEEE] [border: (1px inset #808080)] [r=1 c=7 rs=1 cs=1]
              LayoutText {#text} at (3,-1) size 19x4
                text run at (3,-1) width 4: " "
            LayoutTableCell {TD} at (42,299) size 27x1 [bgcolor=#EEEEEE] [border: (1px inset #808080)] [r=1 c=8 rs=1 cs=1]
              LayoutText {#text} at (3,-1) size 19x4
                text run at (3,-1) width 4: " "
            LayoutTableCell {TD} at (42,305) size 27x1 [bgcolor=#EEEEEE] [border: (1px inset #808080)] [r=1 c=9 rs=1 cs=1]
              LayoutText {#text} at (3,-1) size 19x4
                text run at (3,-1) width 4: " "
            LayoutTableCell {TD} at (42,311) size 27x1 [bgcolor=#EEEEEE] [border: (1px inset #808080)] [r=1 c=10 rs=1 cs=1]
              LayoutText {#text} at (3,-1) size 19x4
                text run at (3,-1) width 4: " "
          LayoutTableRow {TR} at (69,0) size 27x576
            LayoutTableCell {TD} at (69,39) size 27x534 [bgcolor=#008000] [border: (1px inset #808080)] [r=2 c=1 rs=1 cs=13]
              LayoutText {#text} at (3,280) size 19x256
                text run at (3,280) width 256: "Bottom Row Overlaps with the Right Cell!"
