layer at (0,0) size 800x600
  LayoutView at (0,0) size 800x600
layer at (0,0) size 800x600
  LayoutBlockFlow {HTML} at (0,0) size 800x600
    LayoutBlockFlow {BODY} at (8,8) size 784x584
      LayoutBlockFlow {P} at (0,0) size 784x40
        LayoutText {#text} at (0,0) size 164x19
          text run at (0,0) width 164: "This is a regression test for "
        LayoutInline {I} at (0,0) size 775x39
          LayoutInline {A} at (0,0) size 350x19 [color=#0000EE]
            LayoutText {#text} at (164,0) size 350x19
              text run at (164,0) width 350: "http://bugzilla.opendarwin.org/show_bug.cgi?id=9652"
          LayoutText {#text} at (513,0) size 775x39
            text run at (513,0) width 5: " "
            text run at (517,0) width 258: "Assertion failure when changing an RTL"
            text run at (0,20) width 160: "table cell to display:none"
        LayoutText {#text} at (160,20) size 4x19
          text run at (160,20) width 4: "."
      LayoutBlockFlow {HR} at (0,56) size 784x2 [border: (1px inset #EEEEEE)]
      LayoutBlockFlow {P} at (0,74) size 784x20
        LayoutText {#text} at (0,0) size 244x19
          text run at (0,0) width 244: "No assertion failure means TEST PASS."
      LayoutTable {TABLE} at (0,110) size 48x28 [border: (1px solid #008000)]
        LayoutTableSection {TBODY} at (1,1) size 46x26
          LayoutTableRow {TR} at (0,2) size 46x22
            LayoutTableCell {TD} at (2,2) size 42x22 [r=0 c=0 rs=1 cs=1]
              LayoutText {#text} at (1,1) size 40x19
                text run at (1,1) width 40: "Lorem"
