layer at (0,0) size 800x600
  LayoutView at (0,0) size 800x600
layer at (0,0) size 800x80
  LayoutBlockFlow {HTML} at (0,0) size 800x80
    LayoutBlockFlow {BODY} at (8,16) size 784x56
      LayoutBlockFlow {P} at (0,0) size 784x20
        LayoutText {#text} at (0,0) size 660x19
          text run at (0,0) width 660: "crbug.com/568387: Should not ASSERT and should leave an anonymous block around the two inline-blocks."
      LayoutTable (anonymous) at (0,36) size 150x20
        LayoutTableSection {DIV} at (0,0) size 150x20
          LayoutTableRow (anonymous) at (0,0) size 150x0
            LayoutTableCell (anonymous) at (0,0) size 150x0 [r=0 c=0 rs=1 cs=1]
              LayoutBlockFlow {DIV} at (0,0) size 150x0
          LayoutTableRow {DIV} at (0,0) size 150x0
          LayoutTableRow (anonymous) at (0,0) size 150x20
            LayoutTableCell (anonymous) at (0,0) size 150x20 [r=2 c=0 rs=1 cs=1]
              LayoutBlockFlow (anonymous) at (0,0) size 150x20
                LayoutBlockFlow {DIV} at (0,15) size 75x0 [bgcolor=#0000FF]
                LayoutBlockFlow {DIV} at (75,15) size 75x0 [bgcolor=#0000FF]
              LayoutBlockFlow {DIV} at (0,20) size 150x0
