layer at (0,0) size 800x600
  LayoutView at (0,0) size 800x600
layer at (0,0) size 800x600
  LayoutBlockFlow {HTML} at (0,0) size 800x600
    LayoutBlockFlow {BODY} at (8,8) size 784x584
      LayoutBlockFlow {P} at (0,0) size 784x20
        LayoutText {#text} at (0,0) size 50x19
          text run at (0,0) width 50: "Test for "
        LayoutInline {I} at (0,0) size 717x19
          LayoutInline {A} at (0,0) size 306x19 [color=#0000EE]
            LayoutText {#text} at (49,0) size 306x19
              text run at (49,0) width 306: "http://bugs.webkit.org/show_bug.cgi?id=13774"
          LayoutText {#text} at (354,0) size 412x19
            text run at (354,0) width 5: " "
            text run at (358,0) width 408: "REGRESSION: Crash emailing blog entry using Google Reader"
        LayoutText {#text} at (765,0) size 5x19
          text run at (765,0) width 5: "."
      LayoutBlockFlow {P} at (0,36) size 784x20
        LayoutText {#text} at (0,0) size 69x19
          text run at (0,0) width 69: "SUCCESS"
      LayoutBlockFlow (anonymous) at (0,72) size 784x1
        LayoutImage {IMG} at (0,0) size 1x1
        LayoutText {#text} at (0,0) size 0x0
      LayoutTable {TABLE} at (0,73) size 2x2
        LayoutTableSection {TBODY} at (0,0) size 2x2
          LayoutTableRow {TR} at (0,0) size 2x0
          LayoutTableRow {TR} at (0,0) size 2x2
            LayoutTableCell {TD} at (0,0) size 2x2 [r=1 c=0 rs=1 cs=1]
