layer at (0,0) size 800x600 clip at (0,0) size 785x600 scrollHeight 1210
  LayoutView at (0,0) size 800x600
layer at (0,0) size 785x1210 backgroundClip at (0,0) size 785x600 clip at (0,0) size 785x600
  LayoutBlockFlow {HTML} at (0,0) size 785x1210
    LayoutBlockFlow {BODY} at (8,10) size 769x1192
      LayoutBlockFlow {TABLE} at (10,0) size 100x118 [border: (1px solid #000000)]
        LayoutTable (anonymous) at (1,1) size 98x116
          LayoutTableSection {THEAD} at (0,0) size 26x116
            LayoutTableRow {TR} at (2,0) size 22x116
              LayoutTableCell {TD} at (2,2) size 22x55 [r=0 c=0 rs=1 cs=1]
                LayoutText {#text} at (1,1) size 19x45
                  text run at (1,1) width 45: "Head 1"
              LayoutTableCell {TD} at (2,59) size 22x55 [r=0 c=1 rs=1 cs=1]
                LayoutText {#text} at (1,1) size 19x45
                  text run at (1,1) width 45: "Head 2"
          LayoutTableSection {TFOOT} at (74,0) size 24x116
            LayoutTableRow {TR} at (0,0) size 22x116
              LayoutTableCell {TD} at (0,2) size 22x55 [r=0 c=0 rs=1 cs=1]
                LayoutText {#text} at (1,1) size 19x53
                  text run at (1,1) width 53: "Footer 1"
              LayoutTableCell {TD} at (0,59) size 22x55 [r=0 c=1 rs=1 cs=1]
                LayoutText {#text} at (1,1) size 19x53
                  text run at (1,1) width 53: "Footer 2"
          LayoutTableSection {TBODY} at (26,0) size 48x116
            LayoutTableRow {TR} at (0,0) size 22x116
              LayoutTableCell {TD} at (0,2) size 22x55 [r=0 c=0 rs=1 cs=1]
                LayoutText {#text} at (1,1) size 19x36
                  text run at (1,1) width 36: "Cell 1"
              LayoutTableCell {TD} at (0,59) size 22x55 [r=0 c=1 rs=1 cs=1]
                LayoutText {#text} at (1,1) size 19x36
                  text run at (1,1) width 36: "Cell 2"
            LayoutTableRow {TR} at (24,0) size 22x116
              LayoutTableCell {TD} at (24,2) size 22x55 [r=1 c=0 rs=1 cs=1]
                LayoutText {#text} at (1,1) size 19x36
                  text run at (1,1) width 36: "Cell 3"
              LayoutTableCell {TD} at (24,59) size 22x55 [r=1 c=1 rs=1 cs=1]
                LayoutText {#text} at (1,1) size 19x36
                  text run at (1,1) width 36: "Cell 4"
      LayoutBlockFlow {P} at (0,134) size 769x20
        LayoutText {#text} at (0,0) size 210x19
          text run at (0,0) width 210: "Row groups have display:table-cell"
      LayoutBlockFlow {TABLE} at (10,170) size 52x220 [border: (1px solid #000000)]
        LayoutTable (anonymous) at (1,1) size 50x218
          LayoutTableSection (anonymous) at (0,0) size 28x218
            LayoutTableRow (anonymous) at (2,0) size 24x218
              LayoutTableCell {THEAD} at (2,2) size 24x98 [r=0 c=0 rs=1 cs=1]
                LayoutTable (anonymous) at (0,0) size 24x98
                  LayoutTableSection (anonymous) at (0,0) size 24x98
                    LayoutTableRow (anonymous) at (2,0) size 20x98
                      LayoutTableCell {TR} at (2,2) size 20x94 [r=0 c=0 rs=1 cs=1]
                        LayoutInline {TD} at (0,0) size 21x47
                          LayoutText {#text} at (0,1) size 19x45
                            text run at (0,1) width 45: "Head 1"
                        LayoutInline {TD} at (0,0) size 21x47
                          LayoutText {#text} at (0,48) size 19x45
                            text run at (0,48) width 45: "Head 2"
              LayoutTableCell {TFOOT} at (2,102) size 24x114 [r=0 c=1 rs=1 cs=1]
                LayoutTable (anonymous) at (0,0) size 24x114
                  LayoutTableSection (anonymous) at (0,0) size 24x114
                    LayoutTableRow (anonymous) at (2,0) size 20x114
                      LayoutTableCell {TR} at (2,2) size 20x110 [r=0 c=0 rs=1 cs=1]
                        LayoutInline {TD} at (0,0) size 21x55
                          LayoutText {#text} at (0,1) size 19x53
                            text run at (0,1) width 53: "Footer 1"
                        LayoutInline {TD} at (0,0) size 21x55
                          LayoutText {#text} at (0,56) size 19x53
                            text run at (0,56) width 53: "Footer 2"
          LayoutTableSection {TBODY} at (28,0) size 22x218
            LayoutTableRow (anonymous) at (0,0) size 20x218
              LayoutTableCell {TR} at (0,2) size 20x98 [r=0 c=0 rs=1 cs=1]
                LayoutInline {TD} at (0,0) size 21x38
                  LayoutText {#text} at (0,1) size 19x36
                    text run at (0,1) width 36: "Cell 1"
                LayoutInline {TD} at (0,0) size 21x38
                  LayoutText {#text} at (0,39) size 19x36
                    text run at (0,39) width 36: "Cell 2"
              LayoutTableCell {TR} at (0,102) size 20x114 [r=0 c=1 rs=1 cs=1]
                LayoutInline {TD} at (0,0) size 21x38
                  LayoutText {#text} at (0,1) size 19x36
                    text run at (0,1) width 36: "Cell 3"
                LayoutInline {TD} at (0,0) size 21x38
                  LayoutText {#text} at (0,39) size 19x36
                    text run at (0,39) width 36: "Cell 4"
      LayoutBlockFlow {P} at (0,406) size 769x20
        LayoutText {#text} at (0,0) size 189x19
          text run at (0,0) width 189: "Row groups have display:block"
      LayoutBlockFlow {TABLE} at (10,442) size 110x118 [border: (1px solid #000000)]
        LayoutBlockFlow {THEAD} at (1,1) size 26x116
          LayoutBlockFlow {TR} at (0,0) size 26x116
            LayoutTable (anonymous) at (0,0) size 26x100
              LayoutTableSection (anonymous) at (0,0) size 26x100
                LayoutTableRow (anonymous) at (2,0) size 22x100
                  LayoutTableCell {TD} at (2,2) size 22x47 [r=0 c=0 rs=1 cs=1]
                    LayoutText {#text} at (1,1) size 19x45
                      text run at (1,1) width 45: "Head 1"
                  LayoutTableCell {TD} at (2,51) size 22x47 [r=0 c=1 rs=1 cs=1]
                    LayoutText {#text} at (1,1) size 19x45
                      text run at (1,1) width 45: "Head 2"
        LayoutBlockFlow {TFOOT} at (27,1) size 26x116
          LayoutBlockFlow {TR} at (0,0) size 26x116
            LayoutTable (anonymous) at (0,0) size 26x116
              LayoutTableSection (anonymous) at (0,0) size 26x116
                LayoutTableRow (anonymous) at (2,0) size 22x116
                  LayoutTableCell {TD} at (2,2) size 22x55 [r=0 c=0 rs=1 cs=1]
                    LayoutText {#text} at (1,1) size 19x53
                      text run at (1,1) width 53: "Footer 1"
                  LayoutTableCell {TD} at (2,59) size 22x55 [r=0 c=1 rs=1 cs=1]
                    LayoutText {#text} at (1,1) size 19x53
                      text run at (1,1) width 53: "Footer 2"
        LayoutTable (anonymous) at (53,1) size 56x86
          LayoutTableSection {TBODY} at (0,0) size 56x86
            LayoutTableRow (anonymous) at (2,0) size 52x86
              LayoutTableCell (anonymous) at (2,2) size 52x82 [r=0 c=0 rs=1 cs=1]
                LayoutBlockFlow {TR} at (0,0) size 26x82
                  LayoutTable (anonymous) at (0,0) size 26x82
                    LayoutTableSection (anonymous) at (0,0) size 26x82
                      LayoutTableRow (anonymous) at (2,0) size 22x82
                        LayoutTableCell {TD} at (2,2) size 22x38 [r=0 c=0 rs=1 cs=1]
                          LayoutText {#text} at (1,1) size 19x36
                            text run at (1,1) width 36: "Cell 1"
                        LayoutTableCell {TD} at (2,42) size 22x38 [r=0 c=1 rs=1 cs=1]
                          LayoutText {#text} at (1,1) size 19x36
                            text run at (1,1) width 36: "Cell 2"
                LayoutBlockFlow {TR} at (26,0) size 26x82
                  LayoutTable (anonymous) at (0,0) size 26x82
                    LayoutTableSection (anonymous) at (0,0) size 26x82
                      LayoutTableRow (anonymous) at (2,0) size 22x82
                        LayoutTableCell {TD} at (2,2) size 22x38 [r=0 c=0 rs=1 cs=1]
                          LayoutText {#text} at (1,1) size 19x36
                            text run at (1,1) width 36: "Cell 3"
                        LayoutTableCell {TD} at (2,42) size 22x38 [r=0 c=1 rs=1 cs=1]
                          LayoutText {#text} at (1,1) size 19x36
                            text run at (1,1) width 36: "Cell 4"
      LayoutTable (anonymous) at (0,570) size 102x622
        LayoutTableSection (anonymous) at (0,0) size 102x622
          LayoutTableRow (anonymous) at (0,0) size 102x622
            LayoutTableCell {P} at (0,0) size 102x622 [border: (1px solid #000000)] [r=0 c=0 rs=1 cs=1]
              LayoutText {#text} at (1,1) size 97x619
                text run at (1,1) width 79: "Lorem ipsum"
                text run at (1,21) width 86: "dolor sit amet,"
                text run at (1,41) width 69: "consectetur"
                text run at (1,61) width 87: "adipisicing elit,"
                text run at (1,81) width 95: "sed do eiusmod"
                text run at (1,101) width 43: "tempor"
                text run at (1,121) width 72: "incididunt ut"
                text run at (1,141) width 96: "labore et dolore"
                text run at (1,161) width 82: "magna aliqua."
                text run at (1,181) width 66: "Ut enim ad"
                text run at (1,201) width 85: "minim veniam,"
                text run at (1,221) width 73: "quis nostrud"
                text run at (1,241) width 69: "exercitation"
                text run at (1,261) width 90: "ullamco laboris"
                text run at (1,281) width 95: "nisi ut aliquip ex"
                text run at (1,301) width 79: "ea commodo"
                text run at (1,321) width 96: "consequat. Duis"
                text run at (1,341) width 92: "aute irure dolor"
                text run at (1,361) width 94: "in reprehenderit"
                text run at (1,381) width 97: "in voluptate velit"
                text run at (1,401) width 64: "esse cillum"
                text run at (1,421) width 93: "dolore eu fugiat"
                text run at (1,441) width 81: "nulla pariatur."
                text run at (1,461) width 85: "Excepteur sint"
                text run at (1,481) width 54: "occaecat"
                text run at (1,501) width 81: "cupidatat non"
                text run at (1,521) width 96: "proident, sunt in"
                text run at (1,541) width 94: "culpa qui officia"
                text run at (1,561) width 87: "deserunt mollit"
                text run at (1,581) width 64: "anim id est"
                text run at (1,601) width 53: "laborum."
