layer at (0,0) size 800x600
  LayoutView at (0,0) size 800x600
layer at (0,0) size 800x600
  LayoutBlockFlow {HTML} at (0,0) size 800x600
    LayoutBlockFlow {BODY} at (8,8) size 784x584
      LayoutBlockFlow {DIV} at (0,0) size 784x116 [color=#FF0000] [border: (3px solid #008000)]
        LayoutBlockFlow {DIV} at (19,19) size 746x20
          LayoutText {#text} at (0,0) size 74x19
            text run at (0,0) width 74: "CONTENT"
        LayoutTable (anonymous) at (19,39) size 86x58
          LayoutTableSection (anonymous) at (0,0) size 86x58
            LayoutTableRow (anonymous) at (0,0) size 86x58
              LayoutTableCell {<pseudo:after>} at (0,0) size 86x58 [border: (3px solid #0000FF)] [r=0 c=0 rs=1 cs=1]
                LayoutTextFragment (anonymous) at (19,19) size 48x19
                  text run at (19,19) width 48: "AFTER"
