layer at (0,0) size 800x600
  LayoutView at (0,0) size 800x600
layer at (0,0) size 800x600
  LayoutBlockFlow {HTML} at (0,0) size 800x600
    LayoutBlockFlow {BODY} at (8,8) size 784x584
      LayoutBlockFlow {DIV} at (0,0) size 784x116 [color=#FF0000] [border: (3px solid #008000)]
        LayoutTable (anonymous) at (19,19) size 97x58
          LayoutTableSection (anonymous) at (0,0) size 97x58
            LayoutTableRow (anonymous) at (0,0) size 97x58
              LayoutTableCell {<pseudo:before>} at (0,0) size 97x58 [border: (3px solid #0000FF)] [r=0 c=0 rs=1 cs=1]
                LayoutTextFragment (anonymous) at (19,19) size 59x19
                  text run at (19,19) width 59: "BEFORE"
        LayoutBlockFlow {DIV} at (19,77) size 746x20
          LayoutText {#text} at (0,0) size 74x19
            text run at (0,0) width 74: "CONTENT"
