layer at (0,0) size 800x600
  LayoutView at (0,0) size 800x600
layer at (0,0) size 800x600
  LayoutBlockFlow {HTML} at (0,0) size 800x600
    LayoutBlockFlow {BODY} at (8,10) size 784x582
      LayoutBlockFlow {TABLE} at (10,0) size 764x100 [border: (1px solid #000000)]
        LayoutTable (anonymous) at (1,1) size 116x98
          LayoutTableSection {THEAD} at (0,0) size 116x26
            LayoutTableRow {TR} at (0,2) size 116x22
              LayoutTableCell {TD} at (2,2) size 55x22 [r=0 c=0 rs=1 cs=1]
                LayoutText {#text} at (1,1) size 45x19
                  text run at (1,1) width 45: "Head 1"
              LayoutTableCell {TD} at (59,2) size 55x22 [r=0 c=1 rs=1 cs=1]
                LayoutText {#text} at (1,1) size 45x19
                  text run at (1,1) width 45: "Head 2"
          LayoutTableSection {TFOOT} at (0,74) size 116x24
            LayoutTableRow {TR} at (0,0) size 116x22
              LayoutTableCell {TD} at (2,0) size 55x22 [r=0 c=0 rs=1 cs=1]
                LayoutText {#text} at (1,1) size 53x19
                  text run at (1,1) width 53: "Footer 1"
              LayoutTableCell {TD} at (59,0) size 55x22 [r=0 c=1 rs=1 cs=1]
                LayoutText {#text} at (1,1) size 53x19
                  text run at (1,1) width 53: "Footer 2"
          LayoutTableSection {TBODY} at (0,26) size 116x48
            LayoutTableRow {TR} at (0,0) size 116x22
              LayoutTableCell {TD} at (2,0) size 55x22 [r=0 c=0 rs=1 cs=1]
                LayoutText {#text} at (1,1) size 36x19
                  text run at (1,1) width 36: "Cell 1"
              LayoutTableCell {TD} at (59,0) size 55x22 [r=0 c=1 rs=1 cs=1]
                LayoutText {#text} at (1,1) size 36x19
                  text run at (1,1) width 36: "Cell 2"
            LayoutTableRow {TR} at (0,24) size 116x22
              LayoutTableCell {TD} at (2,24) size 55x22 [r=1 c=0 rs=1 cs=1]
                LayoutText {#text} at (1,1) size 36x19
                  text run at (1,1) width 36: "Cell 3"
              LayoutTableCell {TD} at (59,24) size 55x22 [r=1 c=1 rs=1 cs=1]
                LayoutText {#text} at (1,1) size 36x19
                  text run at (1,1) width 36: "Cell 4"
      LayoutBlockFlow {P} at (0,116) size 784x20
        LayoutText {#text} at (0,0) size 210x19
          text run at (0,0) width 210: "Row groups have display:table-cell"
      LayoutBlockFlow {TABLE} at (10,152) size 764x52 [border: (1px solid #000000)]
        LayoutTable (anonymous) at (1,1) size 218x50
          LayoutTableSection (anonymous) at (0,0) size 218x28
            LayoutTableRow (anonymous) at (0,2) size 218x24
              LayoutTableCell {THEAD} at (2,2) size 98x24 [r=0 c=0 rs=1 cs=1]
                LayoutTable (anonymous) at (0,0) size 98x24
                  LayoutTableSection (anonymous) at (0,0) size 98x24
                    LayoutTableRow (anonymous) at (0,2) size 98x20
                      LayoutTableCell {TR} at (2,2) size 94x20 [r=0 c=0 rs=1 cs=1]
                        LayoutInline {TD} at (0,0) size 47x21
                          LayoutText {#text} at (1,0) size 45x19
                            text run at (1,0) width 45: "Head 1"
                        LayoutInline {TD} at (0,0) size 47x21
                          LayoutText {#text} at (48,0) size 45x19
                            text run at (48,0) width 45: "Head 2"
              LayoutTableCell {TFOOT} at (102,2) size 114x24 [r=0 c=1 rs=1 cs=1]
                LayoutTable (anonymous) at (0,0) size 114x24
                  LayoutTableSection (anonymous) at (0,0) size 114x24
                    LayoutTableRow (anonymous) at (0,2) size 114x20
                      LayoutTableCell {TR} at (2,2) size 110x20 [r=0 c=0 rs=1 cs=1]
                        LayoutInline {TD} at (0,0) size 55x21
                          LayoutText {#text} at (1,0) size 53x19
                            text run at (1,0) width 53: "Footer 1"
                        LayoutInline {TD} at (0,0) size 55x21
                          LayoutText {#text} at (56,0) size 53x19
                            text run at (56,0) width 53: "Footer 2"
          LayoutTableSection {TBODY} at (0,28) size 218x22
            LayoutTableRow (anonymous) at (0,0) size 218x20
              LayoutTableCell {TR} at (2,0) size 98x20 [r=0 c=0 rs=1 cs=1]
                LayoutInline {TD} at (0,0) size 38x21
                  LayoutText {#text} at (1,0) size 36x19
                    text run at (1,0) width 36: "Cell 1"
                LayoutInline {TD} at (0,0) size 38x21
                  LayoutText {#text} at (39,0) size 36x19
                    text run at (39,0) width 36: "Cell 2"
              LayoutTableCell {TR} at (102,0) size 114x20 [r=0 c=1 rs=1 cs=1]
                LayoutInline {TD} at (0,0) size 38x21
                  LayoutText {#text} at (1,0) size 36x19
                    text run at (1,0) width 36: "Cell 3"
                LayoutInline {TD} at (0,0) size 38x21
                  LayoutText {#text} at (39,0) size 36x19
                    text run at (39,0) width 36: "Cell 4"
      LayoutBlockFlow {P} at (0,220) size 784x20
        LayoutText {#text} at (0,0) size 189x19
          text run at (0,0) width 189: "Row groups have display:block"
      LayoutBlockFlow {TABLE} at (10,256) size 764x110 [border: (1px solid #000000)]
        LayoutBlockFlow {THEAD} at (1,1) size 762x26
          LayoutBlockFlow {TR} at (0,0) size 762x26
            LayoutTable (anonymous) at (0,0) size 100x26
              LayoutTableSection (anonymous) at (0,0) size 100x26
                LayoutTableRow (anonymous) at (0,2) size 100x22
                  LayoutTableCell {TD} at (2,2) size 47x22 [r=0 c=0 rs=1 cs=1]
                    LayoutText {#text} at (1,1) size 45x19
                      text run at (1,1) width 45: "Head 1"
                  LayoutTableCell {TD} at (51,2) size 47x22 [r=0 c=1 rs=1 cs=1]
                    LayoutText {#text} at (1,1) size 45x19
                      text run at (1,1) width 45: "Head 2"
        LayoutBlockFlow {TFOOT} at (1,27) size 762x26
          LayoutBlockFlow {TR} at (0,0) size 762x26
            LayoutTable (anonymous) at (0,0) size 116x26
              LayoutTableSection (anonymous) at (0,0) size 116x26
                LayoutTableRow (anonymous) at (0,2) size 116x22
                  LayoutTableCell {TD} at (2,2) size 55x22 [r=0 c=0 rs=1 cs=1]
                    LayoutText {#text} at (1,1) size 53x19
                      text run at (1,1) width 53: "Footer 1"
                  LayoutTableCell {TD} at (59,2) size 55x22 [r=0 c=1 rs=1 cs=1]
                    LayoutText {#text} at (1,1) size 53x19
                      text run at (1,1) width 53: "Footer 2"
        LayoutTable (anonymous) at (1,53) size 86x56
          LayoutTableSection {TBODY} at (0,0) size 86x56
            LayoutTableRow (anonymous) at (0,2) size 86x52
              LayoutTableCell (anonymous) at (2,2) size 82x52 [r=0 c=0 rs=1 cs=1]
                LayoutBlockFlow {TR} at (0,0) size 82x26
                  LayoutTable (anonymous) at (0,0) size 82x26
                    LayoutTableSection (anonymous) at (0,0) size 82x26
                      LayoutTableRow (anonymous) at (0,2) size 82x22
                        LayoutTableCell {TD} at (2,2) size 38x22 [r=0 c=0 rs=1 cs=1]
                          LayoutText {#text} at (1,1) size 36x19
                            text run at (1,1) width 36: "Cell 1"
                        LayoutTableCell {TD} at (42,2) size 38x22 [r=0 c=1 rs=1 cs=1]
                          LayoutText {#text} at (1,1) size 36x19
                            text run at (1,1) width 36: "Cell 2"
                LayoutBlockFlow {TR} at (0,26) size 82x26
                  LayoutTable (anonymous) at (0,0) size 82x26
                    LayoutTableSection (anonymous) at (0,0) size 82x26
                      LayoutTableRow (anonymous) at (0,2) size 82x22
                        LayoutTableCell {TD} at (2,2) size 38x22 [r=0 c=0 rs=1 cs=1]
                          LayoutText {#text} at (1,1) size 36x19
                            text run at (1,1) width 36: "Cell 3"
                        LayoutTableCell {TD} at (42,2) size 38x22 [r=0 c=1 rs=1 cs=1]
                          LayoutText {#text} at (1,1) size 36x19
                            text run at (1,1) width 36: "Cell 4"
      LayoutTable (anonymous) at (0,376) size 302x202
        LayoutTableSection (anonymous) at (0,0) size 302x202
          LayoutTableRow (anonymous) at (0,0) size 302x202
            LayoutTableCell {P} at (0,0) size 302x202 [border: (1px solid #000000)] [r=0 c=0 rs=1 cs=1]
              LayoutText {#text} at (1,1) size 295x199
                text run at (1,1) width 242: "Lorem ipsum dolor sit amet, consectetur"
                text run at (1,21) width 294: "adipisicing elit, sed do eiusmod tempor incididunt"
                text run at (1,41) width 267: "ut labore et dolore magna aliqua. Ut enim ad"
                text run at (1,61) width 285: "minim veniam, quis nostrud exercitation ullamco"
                text run at (1,81) width 291: "laboris nisi ut aliquip ex ea commodo consequat."
                text run at (1,101) width 294: "Duis aute irure dolor in reprehenderit in voluptate"
                text run at (1,121) width 274: "velit esse cillum dolore eu fugiat nulla pariatur."
                text run at (1,141) width 286: "Excepteur sint occaecat cupidatat non proident,"
                text run at (1,161) width 295: "sunt in culpa qui officia deserunt mollit anim id est"
                text run at (1,181) width 53: "laborum."
