layer at (0,0) size 800x600
  LayoutView at (0,0) size 800x600
layer at (0,0) size 800x600
  LayoutBlockFlow {HTML} at (0,0) size 800x600
    LayoutBlockFlow {BODY} at (8,8) size 784x584
      LayoutTable {TABLE} at (0,0) size 189x84
        LayoutTableSection {TBODY} at (0,0) size 189x84
          LayoutTableRow {TR} at (0,2) size 189x80
            LayoutTableCell {TD} at (2,2) size 185x80 [r=0 c=0 rs=1 cs=1]
              LayoutTable {TABLE} at (1,1) size 183x26
                LayoutTableSection {TBODY} at (0,0) size 183x26
                  LayoutTableRow {TR} at (0,2) size 183x22
                    LayoutTableCell {TD} at (2,2) size 179x22 [r=0 c=0 rs=1 cs=1]
                      LayoutText {#text} at (1,1) size 177x19
                        text run at (1,1) width 177: "This should all be on one line."
              LayoutTable {TABLE} at (1,27) size 79x52
                LayoutTableSection {THEAD} at (0,26) size 79x2
                LayoutBlockFlow {CAPTION} at (0,0) size 79x26
                  LayoutTable {TABLE} at (12.50,0) size 54x26
                    LayoutTableSection {TBODY} at (0,0) size 54x26
                      LayoutTableRow {TR} at (0,2) size 54x22
                        LayoutTableCell {TD} at (2,2) size 50x22 [r=0 c=0 rs=1 cs=1]
                          LayoutText {#text} at (1,1) size 48x19
                            text run at (1,1) width 48: "Caption"
                LayoutTableSection {TBODY} at (0,28) size 79x24
                  LayoutTableRow {TR} at (0,0) size 79x22
                    LayoutTableCell {TD} at (2,0) size 47x22 [r=0 c=0 rs=1 cs=1]
                      LayoutText {#text} at (1,1) size 45x19
                        text run at (1,1) width 45: "Bottom"
                    LayoutTableCell {TD} at (51,0) size 26x22 [r=0 c=1 rs=1 cs=1]
                      LayoutText {#text} at (1,1) size 24x19
                        text run at (1,1) width 24: "line."
