layer at (0,0) size 800x600
  LayoutView at (0,0) size 800x600
layer at (0,0) size 800x600
  LayoutBlockFlow {HTML} at (0,0) size 800x600
    LayoutBlockFlow {BODY} at (8,8) size 784x584
      LayoutTable {DIV} at (0,0) size 124x116 [color=#FF0000] [border: (3px solid #008000)]
        LayoutTableSection (anonymous) at (19,19) size 86x78
          LayoutTableRow (anonymous) at (0,0) size 86x78
            LayoutTableCell (anonymous) at (0,0) size 86x78 [r=0 c=0 rs=1 cs=1]
              LayoutBlockFlow (anonymous) at (0,0) size 86x20
                LayoutInline {SPAN} at (0,0) size 74x19
                  LayoutText {#text} at (0,0) size 74x19
                    text run at (0,0) width 74: "CONTENT"
              LayoutTable {<pseudo:after>} at (0,20) size 86x58 [border: (3px solid #0000FF)]
                LayoutTableSection (anonymous) at (19,19) size 48x20
                  LayoutTableRow (anonymous) at (0,0) size 48x20
                    LayoutTableCell (anonymous) at (0,0) size 48x20 [r=0 c=0 rs=1 cs=1]
                      LayoutTextFragment (anonymous) at (0,0) size 48x19
                        text run at (0,0) width 48: "AFTER"
