layer at (0,0) size 800x600
  LayoutView at (0,0) size 800x600
layer at (0,0) size 800x428
  LayoutBlockFlow {HTML} at (0,0) size 800x428
    LayoutBlockFlow {BODY} at (8,16) size 784x396
      LayoutBlockFlow {P} at (0,0) size 784x40
        LayoutText {#text} at (0,0) size 164x19
          text run at (0,0) width 164: "This is a regression test for "
        LayoutInline {I} at (0,0) size 731x39
          LayoutInline {A} at (0,0) size 350x19 [color=#0000EE]
            LayoutText {#text} at (164,0) size 350x19
              text run at (164,0) width 350: "http://bugzilla.opendarwin.org/show_bug.cgi?id=9122"
          LayoutText {#text} at (513,0) size 731x39
            text run at (513,0) width 5: " "
            text run at (517,0) width 214: "REGRESSION: Incorrect vertical"
            text run at (0,20) width 314: "position for text fields in a \"display: table\" block"
        LayoutText {#text} at (314,20) size 4x19
          text run at (314,20) width 4: "."
      LayoutBlockFlow {P} at (0,56) size 784x40
        LayoutText {#text} at (0,0) size 759x39
          text run at (0,0) width 759: "Type something in the text field. Resize the window. The text field should not jump down. Delete what you typed and resize the"
          text run at (0,20) width 240: "window. The text field should not move."
      LayoutBlockFlow {FORM} at (0,112) size 784x284
        LayoutTable {DL} at (0,0) size 198x22
          LayoutTableSection (anonymous) at (0,0) size 198x22
            LayoutTableRow {DIV} at (0,0) size 198x22
              LayoutTableCell {DT} at (0,1) size 25x20 [r=0 c=0 rs=1 cs=1]
                LayoutText {#text} at (0,0) size 25x19
                  text run at (0,0) width 25: "Foo"
              LayoutTableCell {DD} at (25,0) size 173x22 [r=0 c=1 rs=1 cs=1]
                LayoutTextControl {INPUT} at (0,0) size 173x22 [bgcolor=#FFFFFF] [border: (2px inset #EEEEEE)]
        LayoutBlockFlow {HR} at (0,38) size 784x2 [border: (1px inset #EEEEEE)]
        LayoutBlockFlow {P} at (0,56) size 784x40
          LayoutText {#text} at (0,0) size 770x39
            text run at (0,0) width 770: "And here's more. There should not be a difference in distance between the labels, nor any difference in distance between the text"
            text run at (0,20) width 35: "fields."
        LayoutTable {DL} at (0,112) size 223x172
          LayoutTableSection (anonymous) at (0,0) size 223x172
            LayoutTableRow {DIV} at (0,0) size 223x22
              LayoutTableCell {DT} at (0,1) size 25x20 [r=0 c=0 rs=1 cs=1]
                LayoutText {#text} at (0,0) size 25x19
                  text run at (0,0) width 25: "Foo"
              LayoutTableCell {DD} at (25,0) size 198x22 [r=0 c=1 rs=1 cs=1]
                LayoutTextControl {INPUT} at (0,0) size 173x22 [bgcolor=#FFFFFF] [border: (2px inset #EEEEEE)]
            LayoutTableRow {DIV} at (0,22) size 223x22
              LayoutTableCell {DT} at (0,23) size 25x20 [r=1 c=0 rs=1 cs=1]
                LayoutText {#text} at (0,0) size 25x19
                  text run at (0,0) width 25: "Foo"
              LayoutTableCell {DD} at (25,22) size 198x22 [r=1 c=1 rs=1 cs=1]
                LayoutTextControl {INPUT} at (0,0) size 173x22 [bgcolor=#FFFFFF] [border: (2px inset #EEEEEE)]
            LayoutTableRow {DIV} at (0,44) size 223x22
              LayoutTableCell {DT} at (0,45) size 25x20 [r=2 c=0 rs=1 cs=1]
                LayoutText {#text} at (0,0) size 25x19
                  text run at (0,0) width 25: "Foo"
              LayoutTableCell {DD} at (25,44) size 198x22 [r=2 c=1 rs=1 cs=1]
                LayoutTextControl {INPUT} at (0,0) size 173x22 [bgcolor=#FFFFFF] [border: (2px inset #EEEEEE)]
            LayoutTableRow {DIV} at (0,66) size 223x22
              LayoutTableCell {DT} at (0,67) size 25x20 [r=3 c=0 rs=1 cs=1]
                LayoutText {#text} at (0,0) size 25x19
                  text run at (0,0) width 25: "Foo"
              LayoutTableCell {DD} at (25,66) size 198x22 [r=3 c=1 rs=1 cs=1]
                LayoutTextControl {INPUT} at (0,0) size 173x22 [bgcolor=#FFFFFF] [border: (2px inset #EEEEEE)]
            LayoutTableRow {DIV} at (0,88) size 223x22
              LayoutTableCell {DT} at (0,89) size 25x20 [r=4 c=0 rs=1 cs=1]
                LayoutText {#text} at (0,0) size 25x19
                  text run at (0,0) width 25: "Foo"
              LayoutTableCell {DD} at (25,88) size 198x22 [r=4 c=1 rs=1 cs=1]
                LayoutTextControl {INPUT} at (0,0) size 173x22 [bgcolor=#FFFFFF] [border: (2px inset #EEEEEE)]
            LayoutTableRow {DIV} at (0,110) size 223x22
              LayoutTableCell {DT} at (0,111) size 25x20 [r=5 c=0 rs=1 cs=1]
                LayoutText {#text} at (0,0) size 25x19
                  text run at (0,0) width 25: "Foo"
              LayoutTableCell {DD} at (25,110) size 198x22 [r=5 c=1 rs=1 cs=1]
                LayoutTextControl {INPUT} at (0,0) size 173x22 [bgcolor=#FFFFFF] [border: (2px inset #EEEEEE)]
            LayoutTableRow {DIV} at (0,132) size 223x40
              LayoutTableCell {DT} at (0,152) size 25x20 [r=6 c=0 rs=1 cs=1]
                LayoutText {#text} at (0,0) size 25x19
                  text run at (0,0) width 25: "Foo"
              LayoutTableCell {DD} at (25,132) size 198x40 [r=6 c=1 rs=1 cs=1]
                LayoutBlockFlow {DIV} at (0,0) size 198x40
                  LayoutBR {BR} at (0,0) size 0x19
                  LayoutText {#text} at (0,20) size 198x19
                    text run at (0,20) width 198: "Bar (should be aligned with Foo)"
layer at (35,131) size 169x16
  LayoutBlockFlow {DIV} at (2,3) size 169x16
layer at (35,243) size 169x16
  LayoutBlockFlow {DIV} at (2,3) size 169x16
layer at (35,265) size 169x16
  LayoutBlockFlow {DIV} at (2,3) size 169x16
layer at (35,287) size 169x16
  LayoutBlockFlow {DIV} at (2,3) size 169x16
    LayoutText {#text} at (0,0) size 20x16
      text run at (0,0) width 20: "Bar"
layer at (35,309) size 169x16
  LayoutBlockFlow {DIV} at (2,3) size 169x16
    LayoutText {#text} at (0,0) size 20x16
      text run at (0,0) width 20: "Bar"
layer at (35,331) size 169x16
  LayoutBlockFlow {DIV} at (2,3) size 169x16
layer at (35,353) size 169x16
  LayoutBlockFlow {DIV} at (2,3) size 169x16
