layer at (0,0) size 800x600
  LayoutView at (0,0) size 800x600
layer at (0,0) size 800x600
  LayoutBlockFlow {HTML} at (0,0) size 800x600
    LayoutBlockFlow {BODY} at (8,8) size 784x584
      LayoutBlockFlow (anonymous) at (0,0) size 784x20
        LayoutText {#text} at (0,0) size 83x19
          text run at (0,0) width 83: "No line break"
      LayoutTable {TABLE} at (0,20) size 115x61 [bgcolor=#C0C0C0]
        LayoutTableSection {TBODY} at (0,0) size 115x61
          LayoutTableRow {TR} at (0,2) size 115x57
            LayoutTableCell {TD} at (2,2) size 111x57 [r=0 c=0 rs=1 cs=1]
              LayoutImage {IMG} at (1,1) size 20x50 [bgcolor=#ADD8E6]
              LayoutText {#text} at (21,36) size 69x19
                text run at (21,36) width 69: "loremipsum"
              LayoutImage {IMG} at (90,1) size 20x50 [bgcolor=#ADD8E6]
              LayoutText {#text} at (0,0) size 0x0
      LayoutBlockFlow {HR} at (0,89) size 784x2 [border: (1px inset #EEEEEE)]
      LayoutBlockFlow (anonymous) at (0,99) size 784x20
        LayoutText {#text} at (0,0) size 83x19
          text run at (0,0) width 83: "No line break"
      LayoutTable {TABLE} at (0,119) size 95x61 [bgcolor=#C0C0C0]
        LayoutTableSection {TBODY} at (0,0) size 95x61
          LayoutTableRow {TR} at (0,2) size 95x57
            LayoutTableCell {TD} at (2,2) size 91x57 [r=0 c=0 rs=1 cs=1]
              LayoutText {#text} at (1,36) size 69x19
                text run at (1,36) width 69: "loremipsum"
              LayoutImage {IMG} at (70,1) size 20x50 [bgcolor=#ADD8E6]
              LayoutText {#text} at (0,0) size 0x0
      LayoutBlockFlow {HR} at (0,188) size 784x2 [border: (1px inset #EEEEEE)]
      LayoutBlockFlow (anonymous) at (0,198) size 784x20
        LayoutText {#text} at (0,0) size 143x19
          text run at (0,0) width 143: "Line break after the \"a\"."
      LayoutTable {TABLE} at (0,218) size 95x81 [bgcolor=#C0C0C0]
        LayoutTableSection {TBODY} at (0,0) size 95x81
          LayoutTableRow {TR} at (0,2) size 95x77
            LayoutTableCell {TD} at (2,2) size 91x77 [r=0 c=0 rs=1 cs=1]
              LayoutText {#text} at (1,1) size 69x74
                text run at (1,1) width 7: "a"
                text run at (1,56) width 69: "loremipsum"
              LayoutImage {IMG} at (70,21) size 20x50 [bgcolor=#ADD8E6]
              LayoutText {#text} at (0,0) size 0x0
      LayoutBlockFlow {HR} at (0,307) size 784x2 [border: (1px inset #EEEEEE)]
      LayoutBlockFlow (anonymous) at (0,317) size 784x20
        LayoutText {#text} at (0,0) size 143x19
          text run at (0,0) width 143: "Line break after the \"a\"."
      LayoutTable {TABLE} at (0,337) size 115x81 [bgcolor=#C0C0C0]
        LayoutTableSection {TBODY} at (0,0) size 115x81
          LayoutTableRow {TR} at (0,2) size 115x77
            LayoutTableCell {TD} at (2,2) size 111x77 [r=0 c=0 rs=1 cs=1]
              LayoutText {#text} at (1,1) size 7x19
                text run at (1,1) width 7: "a"
              LayoutImage {IMG} at (1,21) size 20x50 [bgcolor=#ADD8E6]
              LayoutText {#text} at (21,56) size 69x19
                text run at (21,56) width 69: "loremipsum"
              LayoutImage {IMG} at (90,21) size 20x50 [bgcolor=#ADD8E6]
              LayoutText {#text} at (0,0) size 0x0
      LayoutBlockFlow {HR} at (0,426) size 784x2 [border: (1px inset #EEEEEE)]
      LayoutBlockFlow (anonymous) at (0,436) size 784x20
        LayoutText {#text} at (0,0) size 175x19
          text run at (0,0) width 175: "Line break after \"wideword\"."
      LayoutTable {TABLE} at (0,456) size 115x81 [bgcolor=#C0C0C0]
        LayoutTableSection {TBODY} at (0,0) size 115x81
          LayoutTableRow {TR} at (0,2) size 115x77
            LayoutTableCell {TD} at (2,2) size 111x77 [r=0 c=0 rs=1 cs=1]
              LayoutText {#text} at (1,1) size 61x19
                text run at (1,1) width 61: "wideword"
              LayoutImage {IMG} at (1,21) size 20x50 [bgcolor=#ADD8E6]
              LayoutText {#text} at (21,56) size 69x19
                text run at (21,56) width 69: "loremipsum"
              LayoutImage {IMG} at (90,21) size 20x50 [bgcolor=#ADD8E6]
              LayoutText {#text} at (0,0) size 0x0
