layer at (0,0) size 800x600
  LayoutView at (0,0) size 800x600
layer at (0,0) size 800x372
  LayoutNGBlockFlow {HTML} at (0,0) size 800x372
    LayoutNGBlockFlow {BODY} at (8,16) size 784x348
      LayoutNGBlockFlow {P} at (0,0) size 784x40
        LayoutText {#text} at (0,0) size 754x39
          text run at (0,0) width 754: "Test passes if the images of all the cats scroll when the box is scrolled. (Presence of cats behind the double border is UA"
          text run at (0,20) width 74: "dependent)."
      LayoutNGBlockFlow {DIV} at (0,348) size 784x0
layer at (8,72) size 292x292 clip at (58,122) size 177x177 scrollY 143.00 scrollHeight 320
  LayoutNGBlockFlow {DIV} at (0,56) size 292x292 [border: (50px double #000000)]
    LayoutText {#text} at (50,50) size 171x319
      text run at (50,50) width 171: "Filler Text Filler Text Filler"
      text run at (50,70) width 166: "Text Filler Text Filler Text"
      text run at (50,90) width 171: "Filler Text Filler Text Filler"
      text run at (50,110) width 166: "Text Filler Text Filler Text"
      text run at (50,130) width 171: "Filler Text Filler Text Filler"
      text run at (50,150) width 166: "Text Filler Text Filler Text"
      text run at (50,170) width 171: "Filler Text Filler Text Filler"
      text run at (50,190) width 166: "Text Filler Text Filler Text"
      text run at (50,210) width 171: "Filler Text Filler Text Filler"
      text run at (50,230) width 166: "Text Filler Text Filler Text"
      text run at (50,250) width 171: "Filler Text Filler Text Filler"
      text run at (50,270) width 166: "Text Filler Text Filler Text"
      text run at (50,290) width 171: "Filler Text Filler Text Filler"
      text run at (50,310) width 166: "Text Filler Text Filler Text"
      text run at (50,330) width 171: "Filler Text Filler Text Filler"
      text run at (50,350) width 166: "Text Filler Text Filler Text"
