layer at (0,0) size 800x600
  LayoutView at (0,0) size 800x600
layer at (0,0) size 800x439
  LayoutNGBlockFlow {HTML} at (0,0) size 800x438.78
    LayoutNGBlockFlow {BODY} at (8,16) size 784x414.78
      LayoutNGBlockFlow {P} at (0,0) size 784x20
        LayoutText {#text} at (0,0) size 302x19
          text run at (0,0) width 302: "Test passes if there is no red visible on the page."
      LayoutNGBlockFlow {DIV} at (0,36) size 378.39x378.39 [border: (25px double #000000)]
      LayoutNGBlockFlow {DIV} at (0,36.39) size 378.39x378.39 [border: (25px double #000000)]
