layer at (0,0) size 800x600
  LayoutView at (0,0) size 800x600
layer at (0,0) size 800x162
  LayoutNGBlockFlow {HTML} at (0,0) size 800x162
    LayoutNGBlockFlow {BODY} at (8,16) size 784x138
      LayoutNGBlockFlow {P} at (0,0) size 784x20
        LayoutText {#text} at (0,0) size 355x19
          text run at (0,0) width 355: "Test passes if there is a box with rounded corners below."
      LayoutNGListItem {DIV} at (0,36) size 102x102 [border: (3px solid #008000)]
        LayoutNGListMarker (anonymous) at (-18,3) size 7x20
          LayoutText (anonymous) at (0,0) size 7x19
            text run at (0,0) width 7: "\x{2022} "
