layer at (0,0) size 800x600
  LayoutView at (0,0) size 800x600
layer at (0,0) size 800x162
  LayoutNGBlockFlow {HTML} at (0,0) size 800x162
    LayoutNGBlockFlow {BODY} at (8,16) size 784x138
      LayoutNGBlockFlow {P} at (0,0) size 784x20
        LayoutText {#text} at (0,0) size 514x19
          text run at (0,0) width 514: "Test passes if the 'Filler Text' below is clipped to the curve of the rounded corners."
layer at (8,52) size 198x102 clip at (11,55) size 192x96 scrollHeight 160
  LayoutNGBlockFlow {DIV} at (0,36) size 198x102 [border: (3px solid #000000)]
    LayoutText {#text} at (3,3) size 177x159
      text run at (3,3) width 177: "Filler Text. Filler Text. Filler"
      text run at (3,23) width 175: "Text. Filler Text. Filler Text."
      text run at (3,43) width 177: "Filler Text. Filler Text. Filler"
      text run at (3,63) width 175: "Text. Filler Text. Filler Text."
      text run at (3,83) width 177: "Filler Text. Filler Text. Filler"
      text run at (3,103) width 175: "Text. Filler Text. Filler Text."
      text run at (3,123) width 177: "Filler Text. Filler Text. Filler"
      text run at (3,143) width 31: "Text."
