layer at (0,0) size 800x600
  LayoutView at (0,0) size 800x600
layer at (0,0) size 800x160
  LayoutNGBlockFlow {HTML} at (0,0) size 800x160
    LayoutNGBlockFlow {BODY} at (8,16) size 784x136
      LayoutNGBlockFlow {P} at (0,0) size 784x20
        LayoutText {#text} at (0,0) size 302x19
          text run at (0,0) width 302: "Test passes if there is no red visible on the page."
      LayoutNGBlockFlow {DIV} at (40,36) size 120x120 [bgcolor=#FF0000]
      LayoutNGBlockFlow {DIV} at (0,36) size 100x100 [bgcolor=#000000]
