layer at (0,0) size 800x600
  LayoutView at (0,0) size 800x600
layer at (0,0) size 800x600
  LayoutBlockFlow {HTML} at (0,0) size 800x600
    LayoutBlockFlow {BODY} at (8,8) size 784x584
      LayoutBlockFlow {P} at (0,0) size 784x40
        LayoutText {#text} at (0,0) size 780x39
          text run at (0,0) width 241: "Test for font-feature-settings property. "
          text run at (241,0) width 539: "The first word of the following three words should be displayed like \"WebKit\", while"
          text run at (0,20) width 267: "others should be displayed as black boxes."
      LayoutBlockFlow {DIV} at (0,56) size 784x17
        LayoutText {#text} at (0,0) size 30x16
          text run at (0,0) width 30: "WebKit"
      LayoutBlockFlow {DIV} at (0,73) size 784x17
        LayoutText {#text} at (0,0) size 96x16
          text run at (0,0) width 96: "WebKit"
      LayoutBlockFlow {DIV} at (0,90) size 784x17
        LayoutText {#text} at (0,0) size 96x16
          text run at (0,0) width 96: "WebKit"
