layer at (0,0) size 800x600
  LayoutView at (0,0) size 800x600
layer at (0,0) size 800x600
  LayoutNGBlockFlow {HTML} at (0,0) size 800x600
    LayoutNGBlockFlow {BODY} at (8,8) size 784x584
      LayoutNGBlockFlow {P} at (0,0) size 784x20
        LayoutText {#text} at (0,0) size 52x19
          text run at (0,0) width 52: "Test for "
        LayoutInline {I} at (0,0) size 654x19
          LayoutInline {A} at (0,0) size 349x19 [color=#0000EE]
            LayoutText {#text} at (51,0) size 349x19
              text run at (51,0) width 349: "http://bugzilla.opendarwin.org/show_bug.cgi?id=7761"
          LayoutText {#text} at (399,0) size 306x19
            text run at (399,0) width 306: " Tabs in class attribute not treated as whitespace"
        LayoutText {#text} at (704,0) size 5x19
          text run at (704,0) width 5: "."
      LayoutNGBlockFlow {P} at (0,36) size 784x20
        LayoutText {#text} at (0,0) size 233x19
          text run at (0,0) width 233: "All of the following should be green:"
      LayoutNGBlockFlow {DIV} at (0,72) size 784x20 [color=#008000]
        LayoutText {#text} at (0,0) size 56x19
          text run at (0,0) width 56: "Tab after"
      LayoutNGBlockFlow {DIV} at (0,92) size 784x20 [color=#008000]
        LayoutText {#text} at (0,0) size 68x19
          text run at (0,0) width 68: "Tab before"
      LayoutNGBlockFlow {DIV} at (0,112) size 784x20 [color=#008000]
        LayoutText {#text} at (0,0) size 86x19
          text run at (0,0) width 86: "Newline after"
      LayoutNGBlockFlow {DIV} at (0,132) size 784x20 [color=#008000]
        LayoutText {#text} at (0,0) size 98x19
          text run at (0,0) width 98: "Newline before"
      LayoutNGBlockFlow {DIV} at (0,152) size 784x20 [color=#008000]
        LayoutText {#text} at (0,0) size 76x19
          text run at (0,0) width 76: "Spaces after"
      LayoutNGBlockFlow {DIV} at (0,172) size 784x20 [color=#008000]
        LayoutText {#text} at (0,0) size 88x19
          text run at (0,0) width 88: "Spaces before"
      LayoutNGBlockFlow {DIV} at (0,192) size 784x20 [color=#008000]
        LayoutText {#text} at (0,0) size 54x19
          text run at (0,0) width 54: "CR after"
      LayoutNGBlockFlow {DIV} at (0,212) size 784x20 [color=#008000]
        LayoutText {#text} at (0,0) size 66x19
          text run at (0,0) width 66: "CR before"
