layer at (0,0) size 800x600
  LayoutView at (0,0) size 800x600
layer at (0,0) size 800x600
  LayoutBlockFlow {HTML} at (0,0) size 800x600
    LayoutBlockFlow {BODY} at (8,8) size 784x584
      LayoutBlockFlow {P} at (0,0) size 784x18
        LayoutText {#text} at (0,0) size 285x18
          text run at (0,0) width 285: "This tests GraphicsContext::drawBidiText()."
layer at (8,42) size 334x227 clip at (9,43) size 321x225
  LayoutListBox {SELECT} at (0,34) size 334.19x227 [bgcolor=#FFFFFF] [border: (1px solid #999999)]
    LayoutBlockFlow {OPTION} at (1,1) size 321.19x22.59
      LayoutText {#text} at (2,0) size 211x21
        text run at (2,0) width 41: "First "
        text run at (42,0) width 67 RTL: ") \x{5E8}\x{5D1}\x{5D9}\x{5E2}\x{5D9}\x{5EA}"
        text run at (108,0) width 21: "03"
        text run at (128,0) width 50 RTL: "\x{5E9}\x{5E0}\x{5D9}\x{5D4} ("
        text run at (177,0) width 36: " fifth"
    LayoutBlockFlow {OPTION} at (1,23.59) size 321.19x22.59
      LayoutText {#text} at (108,0) size 212x21
        text run at (108,0) width 32: "fifth"
        text run at (139,0) width 71 RTL: ") \x{5E8}\x{5D1}\x{5D9}\x{5E2}\x{5D9}\x{5EA} "
        text run at (209,0) width 21: "03"
        text run at (229,0) width 55 RTL: " \x{5E9}\x{5E0}\x{5D9}\x{5D4} ("
        text run at (283,0) width 37: "First"
    LayoutBlockFlow {OPTION} at (1,46.19) size 321.19x22.59
      LayoutText {#text} at (2,0) size 211x21
        text run at (2,0) width 211 LTR override: "First \x{5E9}\x{5E0}\x{5D9}\x{5D4} (03) \x{5E8}\x{5D1}\x{5D9}\x{5E2}\x{5D9}\x{5EA} fifth"
    LayoutBlockFlow {OPTION} at (1,68.78) size 321.19x22.59
      LayoutText {#text} at (108,0) size 212x21
        text run at (108,0) width 212 RTL override: "First \x{5E9}\x{5E0}\x{5D9}\x{5D4} (03) \x{5E8}\x{5D1}\x{5D9}\x{5E2}\x{5D9}\x{5EA} fifth"
    LayoutBlockFlow {OPTION} at (1,91.38) size 321.19x22.59
      LayoutText {#text} at (2,0) size 112x21
        text run at (2,0) width 112 RTL: "\x{5DE}\x{5E9}\x{5D4}\x{5D5} \x{5E2}\x{5DD} \x{5E0}\x{5B4}\x{5E7}\x{5BC}\x{5D5}\x{5BC}\x{5D3}"
    LayoutBlockFlow {OPTION} at (1,113.97) size 321.19x25
      LayoutText {#text} at (2,0) size 74x21
        text run at (2,0) width 74 RTL: "\x{627}\x{644}\x{644}\x{63A}\x{629} \x{627}\x{644}\x{639}\x{631}\x{628}\x{64A}\x{629}"
    LayoutBlockFlow {OPTION} at (1,138.97) size 321.19x22.59
      LayoutText {#text} at (2,0) size 125x21
        text run at (2,0) width 125: "Et volia\x{300}: ATSUI!"
    LayoutBlockFlow {OPTION} at (1,161.56) size 321.19x22.59
      LayoutText {#text} at (2,0) size 288x21
        text run at (2,0) width 92: "Directional "
        text run at (93,0) width 76 RTL override: "\x{202E}overrides"
        text run at (168,0) width 122: "\x{202C} are confusing."
    LayoutBlockFlow {OPTION} at (1,184.16) size 321.19x22.59
      LayoutText {#text} at (2,0) size 318x21
        text run at (2,0) width 84: "She said \x{201C}"
        text run at (85,0) width 75 RTL: " \x{5D1}\x{5DE}\x{5D6}\x{5D5}\x{5D5}\x{5D3}\x{5D4}!"
        text run at (159,0) width 35: "TNT"
        text run at (193,0) width 26 RTL: "\x{202B}\x{5D9}\x{5E9} "
        text run at (218,0) width 102: "\x{202C}\x{201D} and ran off"
layer at (8,269) size 367x18 clip at (9,270) size 354x16
  LayoutListBox {SELECT} at (0,261) size 366.84x18 [bgcolor=#FFFFFF] [border: (1px solid #999999)]
    LayoutBlockFlow {OPTION} at (1,1) size 353.84x16
      LayoutText {#text} at (2,0) size 350x15
        text run at (2,0) width 350: "There are two ways to measure text: my way and the wrong way"
