layer at (0,0) size 800x600
  LayoutView at (0,0) size 800x600
layer at (0,0) size 800x600
  LayoutBlockFlow {HTML} at (0,0) size 800x600
    LayoutBlockFlow {BODY} at (8,8) size 784x584
      LayoutBlockFlow {CENTER} at (0,0) size 784x53
        LayoutBlockFlow {FORM} at (0,0) size 784x19
          LayoutTable {TABLE} at (65.50,0) size 653x19
            LayoutTableSection {TBODY} at (0,0) size 653x19
              LayoutTableRow {TR} at (0,0) size 653x19
                LayoutTableCell {TD} at (0,0) size 150x18 [r=0 c=0 rs=2 cs=1]
                  LayoutText {#text} at (0,0) size 4x18
                    text run at (0,0) width 4: " "
                LayoutTableCell {TD} at (150,0) size 251x19 [r=0 c=1 rs=1 cs=1]
                  LayoutTextControl {INPUT} at (0,0) size 251x19 [bgcolor=#FFFFFF] [border: (2px inset #EEEEEE)]
                  LayoutText {#text} at (0,0) size 0x0
                LayoutTableCell {TD} at (401,0) size 92x18 [r=0 c=2 rs=1 cs=1]
                  LayoutButton {INPUT} at (0,0) size 91.78x18 [bgcolor=#C0C0C0]
                    LayoutBlockFlow (anonymous) at (8,2) size 75.78x13
                      LayoutText {#text} at (0,0) size 76x13
                        text run at (0,0) width 76: "Search Froogle"
                  LayoutText {#text} at (0,0) size 0x0
                LayoutTableCell {TD} at (493,0) size 160x18 [r=0 c=3 rs=2 cs=1]
                  LayoutInline {LABEL} at (0,0) size 116x13
                    LayoutText {#text} at (0,0) size 0x0
                    LayoutBlockFlow {INPUT} at (12.88,3) size 12x12
                    LayoutText {#text} at (27,3) size 99x13
                      text run at (27,3) width 99: " Remember this location"
                  LayoutText {#text} at (0,0) size 0x0
        LayoutBlockFlow (anonymous) at (0,35) size 784x18
          LayoutBR {BR} at (392,0) size 0x18
layer at (227,11) size 245x13
  LayoutBlockFlow {DIV} at (3,3) size 245x13
caret: position 1 of child 0 {#text} of child 1 {TD} of child 0 {TR} of child 1 {TBODY} of child 1 {TABLE} of child 1 {FORM} of child 1 {CENTER} of body
