layer at (0,0) size 800x600
  LayoutView at (0,0) size 800x600
layer at (0,0) size 800x600
  LayoutBlockFlow {HTML} at (0,0) size 800x600
    LayoutFrameSet {FRAMESET} at (0,0) size 800x600
layer at (0,0) size 397x600
  LayoutFrame {FRAME} at (0,0) size 397x600
    layer at (0,0) size 397x600
      LayoutView at (0,0) size 397x600
    layer at (0,0) size 397x600
      LayoutBlockFlow {HTML} at (0,0) size 397x600
        LayoutBlockFlow {BODY} at (8,8) size 381x584
          LayoutBlockFlow {DIV} at (0,0) size 381x20
            LayoutText {#text} at (0,0) size 57x19
              text run at (0,0) width 57: "PASSED"
layer at (403,0) size 397x600
  LayoutFrame {FRAME} at (403,0) size 397x600
    layer at (0,0) size 397x600
      LayoutView at (0,0) size 397x600
    layer at (0,0) size 397x600
      LayoutBlockFlow {HTML} at (0,0) size 397x600
        LayoutBlockFlow {BODY} at (8,8) size 381x584
          LayoutText {#text} at (0,0) size 20x19
            text run at (0,0) width 20: "foo"
