layer at (0,0) size 800x600
  LayoutView at (0,0) size 800x600
layer at (0,0) size 800x510
  LayoutBlockFlow {HTML} at (0,0) size 800x510
    LayoutBlockFlow {BODY} at (8,8) size 784x494
      LayoutBlockFlow {DIV} at (20,20) size 202x202 [border: (1px solid #808080)]
      LayoutText {#text} at (242,227) size 4x19
        text run at (242,227) width 4: " "
      LayoutBlockFlow {DIV} at (266,20) size 202x202 [border: (1px solid #808080)]
      LayoutText {#text} at (488,227) size 4x19
        text run at (488,227) width 4: " "
      LayoutBlockFlow {DIV} at (512,20) size 202x202 [border: (1px solid #808080)]
      LayoutText {#text} at (734,227) size 4x19
        text run at (734,227) width 4: " "
      LayoutBR {BR} at (738,227) size 0x19
      LayoutBlockFlow {DIV} at (20,267) size 202x202 [border: (1px solid #808080)]
      LayoutText {#text} at (242,474) size 4x19
        text run at (242,474) width 4: " "
      LayoutBlockFlow {DIV} at (266,267) size 202x202 [border: (1px solid #808080)]
      LayoutText {#text} at (488,474) size 4x19
        text run at (488,474) width 4: " "
      LayoutBlockFlow {DIV} at (512,267) size 202x202 [border: (1px solid #808080)]
      LayoutText {#text} at (0,0) size 0x0
