layer at (0,0) size 800x600
  LayoutView at (0,0) size 800x600
layer at (0,0) size 800x525
  LayoutBlockFlow {HTML} at (0,0) size 800x525
    LayoutBlockFlow {BODY} at (8,8) size 784x509
      LayoutText {#text} at (0,0) size 0x0
layer at (8,8) size 504x504
  LayoutIFrame {IFRAME} at (0,0) size 504x504 [border: (2px solid #000000)]
    layer at (0,0) size 500x500
      LayoutView at (0,0) size 500x500
    layer at (0,0) size 500x318
      LayoutBlockFlow {HTML} at (0,0) size 500x318
        LayoutBlockFlow {BODY} at (8,8) size 484x302
    layer at (8,8) size 484x302 clip at (9,9) size 467x300 scrollY 500.00 scrollHeight 909
      LayoutBlockFlow {DIV} at (0,0) size 484x302 [border: (1px solid #000000)]
        LayoutText {#text} at (0,0) size 0x0
    layer at (9,-491) size 304x904 backgroundClip at (9,9) size 467x300 clip at (9,9) size 467x300
      LayoutIFrame {IFRAME} at (1,1) size 304x904 [border: (2px inset #EEEEEE)]
        layer at (0,0) size 300x900
          LayoutView at (0,0) size 300x900
        layer at (0,0) size 300x761
          LayoutBlockFlow {HTML} at (0,0) size 300x761
            LayoutBlockFlow {BODY} at (8,8) size 284x745
              LayoutMenuList {SELECT} at (5,0) size 29x20 [bgcolor=#C0C0C0] [border: (1px solid #A9A9A9)]
                LayoutBlockFlow (anonymous) at (1,1) size 27x18
                  LayoutText (anonymous) at (4,1) size 7x16
                    text run at (4,1) width 7: "0"
              LayoutMenuList {SELECT} at (5,25) size 29x20 [bgcolor=#C0C0C0] [border: (1px solid #A9A9A9)]
                LayoutBlockFlow (anonymous) at (1,1) size 27x18
                  LayoutText (anonymous) at (4,1) size 7x16
                    text run at (4,1) width 7: "0"
              LayoutMenuList {SELECT} at (5,50) size 29x20 [bgcolor=#C0C0C0] [border: (1px solid #A9A9A9)]
                LayoutBlockFlow (anonymous) at (1,1) size 27x18
                  LayoutText (anonymous) at (4,1) size 7x16
                    text run at (4,1) width 7: "0"
              LayoutMenuList {SELECT} at (5,75) size 29x20 [bgcolor=#C0C0C0] [border: (1px solid #A9A9A9)]
                LayoutBlockFlow (anonymous) at (1,1) size 27x18
                  LayoutText (anonymous) at (4,1) size 7x16
                    text run at (4,1) width 7: "0"
              LayoutMenuList {SELECT} at (5,100) size 29x20 [bgcolor=#C0C0C0] [border: (1px solid #A9A9A9)]
                LayoutBlockFlow (anonymous) at (1,1) size 27x18
                  LayoutText (anonymous) at (4,1) size 7x16
                    text run at (4,1) width 7: "0"
              LayoutMenuList {SELECT} at (5,125) size 29x20 [bgcolor=#C0C0C0] [border: (1px solid #A9A9A9)]
                LayoutBlockFlow (anonymous) at (1,1) size 27x18
                  LayoutText (anonymous) at (4,1) size 7x16
                    text run at (4,1) width 7: "0"
              LayoutMenuList {SELECT} at (5,150) size 29x20 [bgcolor=#C0C0C0] [border: (1px solid #A9A9A9)]
                LayoutBlockFlow (anonymous) at (1,1) size 27x18
                  LayoutText (anonymous) at (4,1) size 7x16
                    text run at (4,1) width 7: "0"
              LayoutMenuList {SELECT} at (5,175) size 29x20 [bgcolor=#C0C0C0] [border: (1px solid #A9A9A9)]
                LayoutBlockFlow (anonymous) at (1,1) size 27x18
                  LayoutText (anonymous) at (4,1) size 7x16
                    text run at (4,1) width 7: "0"
              LayoutMenuList {SELECT} at (5,200) size 29x20 [bgcolor=#C0C0C0] [border: (1px solid #A9A9A9)]
                LayoutBlockFlow (anonymous) at (1,1) size 27x18
                  LayoutText (anonymous) at (4,1) size 7x16
                    text run at (4,1) width 7: "0"
              LayoutMenuList {SELECT} at (5,225) size 29x20 [bgcolor=#C0C0C0] [border: (1px solid #A9A9A9)]
                LayoutBlockFlow (anonymous) at (1,1) size 27x18
                  LayoutText (anonymous) at (4,1) size 7x16
                    text run at (4,1) width 7: "0"
              LayoutMenuList {SELECT} at (5,250) size 29x20 [bgcolor=#C0C0C0] [border: (1px solid #A9A9A9)]
                LayoutBlockFlow (anonymous) at (1,1) size 27x18
                  LayoutText (anonymous) at (4,1) size 7x16
                    text run at (4,1) width 7: "0"
              LayoutMenuList {SELECT} at (5,275) size 29x20 [bgcolor=#C0C0C0] [border: (1px solid #A9A9A9)]
                LayoutBlockFlow (anonymous) at (1,1) size 27x18
                  LayoutText (anonymous) at (4,1) size 7x16
                    text run at (4,1) width 7: "0"
              LayoutMenuList {SELECT} at (5,300) size 29x20 [bgcolor=#C0C0C0] [border: (1px solid #A9A9A9)]
                LayoutBlockFlow (anonymous) at (1,1) size 27x18
                  LayoutText (anonymous) at (4,1) size 7x16
                    text run at (4,1) width 7: "0"
              LayoutMenuList {SELECT} at (5,325) size 29x20 [bgcolor=#C0C0C0] [border: (1px solid #A9A9A9)]
                LayoutBlockFlow (anonymous) at (1,1) size 27x18
                  LayoutText (anonymous) at (4,1) size 7x16
                    text run at (4,1) width 7: "0"
              LayoutMenuList {SELECT} at (5,350) size 29x20 [bgcolor=#C0C0C0] [border: (1px solid #A9A9A9)]
                LayoutBlockFlow (anonymous) at (1,1) size 27x18
                  LayoutText (anonymous) at (4,1) size 7x16
                    text run at (4,1) width 7: "0"
              LayoutMenuList {SELECT} at (5,375) size 29x20 [bgcolor=#C0C0C0] [border: (1px solid #A9A9A9)]
                LayoutBlockFlow (anonymous) at (1,1) size 27x18
                  LayoutText (anonymous) at (4,1) size 7x16
                    text run at (4,1) width 7: "0"
              LayoutMenuList {SELECT} at (5,400) size 29x20 [bgcolor=#C0C0C0] [border: (1px solid #A9A9A9)]
                LayoutBlockFlow (anonymous) at (1,1) size 27x18
                  LayoutText (anonymous) at (4,1) size 7x16
                    text run at (4,1) width 7: "0"
              LayoutMenuList {SELECT} at (5,425) size 29x20 [bgcolor=#C0C0C0] [border: (1px solid #A9A9A9)]
                LayoutBlockFlow (anonymous) at (1,1) size 27x18
                  LayoutText (anonymous) at (4,1) size 7x16
                    text run at (4,1) width 7: "0"
              LayoutMenuList {SELECT} at (5,450) size 29x20 [bgcolor=#C0C0C0] [border: (1px solid #A9A9A9)]
                LayoutBlockFlow (anonymous) at (1,1) size 27x18
                  LayoutText (anonymous) at (4,1) size 7x16
                    text run at (4,1) width 7: "0"
              LayoutMenuList {SELECT} at (5,475) size 29x20 [bgcolor=#C0C0C0] [border: (1px solid #A9A9A9)]
                LayoutBlockFlow (anonymous) at (1,1) size 27x18
                  LayoutText (anonymous) at (4,1) size 7x16
                    text run at (4,1) width 7: "0"
              LayoutMenuList {SELECT} at (5,500) size 29x20 [bgcolor=#C0C0C0] [border: (1px solid #A9A9A9)]
                LayoutBlockFlow (anonymous) at (1,1) size 27x18
                  LayoutText (anonymous) at (4,1) size 7x16
                    text run at (4,1) width 7: "0"
              LayoutMenuList {SELECT} at (5,525) size 29x20 [bgcolor=#C0C0C0] [border: (1px solid #A9A9A9)]
                LayoutBlockFlow (anonymous) at (1,1) size 27x18
                  LayoutText (anonymous) at (4,1) size 7x16
                    text run at (4,1) width 7: "0"
              LayoutMenuList {SELECT} at (5,550) size 29x20 [bgcolor=#C0C0C0] [border: (1px solid #A9A9A9)]
                LayoutBlockFlow (anonymous) at (1,1) size 27x18
                  LayoutText (anonymous) at (4,1) size 7x16
                    text run at (4,1) width 7: "0"
              LayoutMenuList {SELECT} at (5,575) size 29x20 [bgcolor=#C0C0C0] [border: (1px solid #A9A9A9)]
                LayoutBlockFlow (anonymous) at (1,1) size 27x18
                  LayoutText (anonymous) at (4,1) size 7x16
                    text run at (4,1) width 7: "0"
              LayoutMenuList {SELECT} at (5,600) size 29x20 [bgcolor=#C0C0C0] [border: (1px solid #A9A9A9)]
                LayoutBlockFlow (anonymous) at (1,1) size 27x18
                  LayoutText (anonymous) at (4,1) size 7x16
                    text run at (4,1) width 7: "0"
              LayoutMenuList {SELECT} at (5,625) size 29x20 [bgcolor=#C0C0C0] [border: (1px solid #A9A9A9)]
                LayoutBlockFlow (anonymous) at (1,1) size 27x18
                  LayoutText (anonymous) at (4,1) size 7x16
                    text run at (4,1) width 7: "0"
              LayoutMenuList {SELECT} at (5,650) size 29x20 [bgcolor=#C0C0C0] [border: (1px solid #A9A9A9)]
                LayoutBlockFlow (anonymous) at (1,1) size 27x18
                  LayoutText (anonymous) at (4,1) size 7x16
                    text run at (4,1) width 7: "0"
              LayoutMenuList {SELECT} at (5,675) size 29x20 [bgcolor=#C0C0C0] [border: (1px solid #A9A9A9)]
                LayoutBlockFlow (anonymous) at (1,1) size 27x18
                  LayoutText (anonymous) at (4,1) size 7x16
                    text run at (4,1) width 7: "0"
              LayoutMenuList {SELECT} at (5,700) size 29x20 [bgcolor=#C0C0C0] [border: (1px solid #A9A9A9)]
                LayoutBlockFlow (anonymous) at (1,1) size 27x18
                  LayoutText (anonymous) at (4,1) size 7x16
                    text run at (4,1) width 7: "0"
              LayoutMenuList {SELECT} at (5,725) size 29x20 [bgcolor=#C0C0C0] [border: (1px solid #A9A9A9)]
                LayoutBlockFlow (anonymous) at (1,1) size 27x18
                  LayoutText (anonymous) at (4,1) size 7x16
                    text run at (4,1) width 7: "0"
