layer at (0,0) size 800x600 clip at (0,0) size 785x600 scrollHeight 624
  LayoutView at (0,0) size 800x600
layer at (0,0) size 785x624 backgroundClip at (0,0) size 785x600 clip at (0,0) size 785x600
  LayoutBlockFlow {html} at (0,0) size 785x624.19
    LayoutBlockFlow {body} at (8,8) size 769x593.16
      LayoutBlockFlow (anonymous) at (0,0) size 769x52
        LayoutText {#text} at (0,0) size 749x52
          text run at (0,0) width 353: "The two blocks should look identical. "
          text run at (352,0) width 397: "One uses an SVG, and the other just uses a"
          text run at (0,26) width 176: "normal HTML div."
      LayoutBlockFlow {p} at (0,75.03) size 769x26
        LayoutText {#text} at (0,0) size 518x26
          text run at (0,0) width 518: "There should be a red, white and blue pattern below this"
      LayoutSVGRoot (floating) {svg} at (10,134.06) size 140x140
        LayoutSVGRect {rect} at (0,0) size 100x100 [fill={[type=SOLID] [color=#0000FF]}] [x=0.00] [y=0.00] [width=100.00] [height=100.00]
      LayoutBlockFlow {p} at (0,284.06) size 769x26
        LayoutText {#text} at (0,0) size 517x26
          text run at (0,0) width 517: "There should be a red, white and blue pattern above this"
      LayoutBlockFlow {p} at (0,358.13) size 769x26
        LayoutText {#text} at (0,0) size 518x26
          text run at (0,0) width 518: "There should be a red, white and blue pattern below this"
      LayoutBlockFlow (floating) {div} at (10,417.16) size 140x140 [border: (10px solid #FF0000)]
        LayoutBlockFlow {div} at (20,20) size 100x100 [bgcolor=#0000FF]
      LayoutBlockFlow {p} at (0,567.16) size 769x26
        LayoutText {#text} at (0,0) size 517x26
          text run at (0,0) width 517: "There should be a red, white and blue pattern above this"
layer at (8,341) size 769x2 clip at (0,0) size 0x0
  LayoutBlockFlow {hr} at (0,333.09) size 769x2 [border: (1px inset #EEEEEE)]
