layer at (0,0) size 800x600
  LayoutView at (0,0) size 800x600
layer at (0,0) size 800x171
  LayoutBlockFlow {HTML} at (0,0) size 800x171
    LayoutBlockFlow {BODY} at (8,8) size 784x155
      LayoutText {#text} at (0,0) size 0x0
layer at (8,8) size 300x150
  LayoutVideo {VIDEO} at (0,0) size 300x150
layer at (8,8) size 300x150
  LayoutFlexibleBox (relative positioned) {DIV} at (0,0) size 300x150
    LayoutBlockFlow {DIV} at (0,118) size 300x32
layer at (8,8) size 300x108
  LayoutFlexibleBox (relative positioned) {DIV} at (0,0) size 300x108
layer at (8,126) size 300x32 scrollHeight 40
  LayoutFlexibleBox (relative positioned) {DIV} at (0,0) size 300x32 [bgcolor=#FAFAFA]
    LayoutButton {INPUT} at (0,0) size 32x32
    LayoutFlexibleBox {DIV} at (32,0) size 24x32 [color=#5A5A5A]
      LayoutBlockFlow (anonymous) at (0,0) size 24x32
        LayoutText {#text} at (0,8) size 24x15
          text run at (0,8) width 24: "0:07"
    LayoutFlexibleBox {DIV} at (56,0) size 34x32 [color=#5A5A5A]
      LayoutBlockFlow (anonymous) at (4,0) size 30x32
        LayoutText {#text} at (0,8) size 30x15
          text run at (0,8) width 30: "/ 0:07"
    LayoutSlider {INPUT} at (108,1) size 49x30
      LayoutFlexibleBox {DIV} at (0,14) size 49x2
    LayoutButton {INPUT} at (175,0) size 32x32
    LayoutSlider {INPUT} at (225,1) size 25x30
      LayoutFlexibleBox {DIV} at (0,14) size 25x2
    LayoutButton {INPUT} at (268,0) size 32x32
layer at (98,142) size 85x0
  LayoutBlockFlow (relative positioned) {DIV} at (-18,1) size 85x0
layer at (116,141) size 49x2
  LayoutBlockFlow (positioned) {DIV} at (18,-1) size 49x2 [bgcolor=#DADADA]
layer at (215,142) size 61x0
  LayoutBlockFlow (relative positioned) {DIV} at (-18,1) size 61x0
layer at (233,141) size 25x2
  LayoutBlockFlow (positioned) {DIV} at (18,-1) size 25x2 [bgcolor=#DADADA]
layer at (165,141) size 0x2
  LayoutBlockFlow (positioned) zI: 1 {DIV} at (49,0) size 0x2 [bgcolor=#5A5A5A]
layer at (116,141) size 49x2
  LayoutBlockFlow (positioned) zI: 1 {DIV} at (0,0) size 49x2 [bgcolor=#4285F4]
layer at (233,141) size 0x2
  LayoutBlockFlow (positioned) zI: 1 {DIV} at (0,0) size 0x2 [bgcolor=#5A5A5A]
layer at (233,141) size 25x2
  LayoutBlockFlow (positioned) zI: 1 {DIV} at (0,0) size 25x2 [bgcolor=#4285F4]
layer at (147,118) size 36x48 backgroundClip at (8,126) size 300x32 clip at (8,126) size 300x32
  LayoutBlockFlow (positioned) zI: 2 {DIV} at (49,-24) size 36x48
layer at (240,118) size 36x48 backgroundClip at (8,126) size 300x32 clip at (8,126) size 300x32
  LayoutBlockFlow (positioned) zI: 2 {DIV} at (25,-24) size 36x48
