layer at (0,0) size 800x600
  LayoutView at (0,0) size 800x600
layer at (0,0) size 800x600
  LayoutBlockFlow {HTML} at (0,0) size 800x600
    LayoutBlockFlow {BODY} at (8,8) size 784x584
      LayoutBlockFlow {DIV} at (0,0) size 15x200
        LayoutBlockFlow (anonymous) at (0,200) size 15x0
          LayoutInline {A} at (0,0) size 0x0
            LayoutText {#text} at (0,0) size 0x0
      LayoutBlockFlow (anonymous) at (0,200) size 784x0
        LayoutInline {A} at (0,0) size 0x0
          LayoutText {#text} at (0,0) size 0x0
layer at (8,8) size 15x200
  LayoutBlockFlow (relative positioned) {DIV} at (0,0) size 15x200
    LayoutBlockFlow (anonymous) at (0,200) size 15x0
      LayoutInline {A} at (0,0) size 0x0
        LayoutText {#text} at (0,0) size 0x0
layer at (8,8) size 15x200
  LayoutBlockFlow {DIV} at (0,0) size 15x200
    LayoutImage (floating) {IMG} at (0,0) size 15x200 [bgcolor=#C0C0C0]
layer at (8,208) size 16x96
  LayoutBlockFlow (positioned) {DIV} at (0,200) size 16x96
    LayoutBlockFlow (anonymous) at (0,0) size 16x0
      LayoutInline {A} at (0,0) size 0x0
    LayoutBlockFlow (anonymous) at (0,16) size 16x64
      LayoutBlockFlow {P} at (0,0) size 16x64
        LayoutText {#text} at (0,0) size 16x64
          text run at (0,0) width 16: "A"
          text run at (0,16) width 16: "B"
          text run at (0,32) width 16: "C"
          text run at (0,48) width 16: "D"
    LayoutBlockFlow (anonymous) at (0,96) size 16x0
      LayoutInline {A} at (0,0) size 0x0
