layer at (0,0) size 800x600
  LayoutView at (0,0) size 800x600
layer at (0,0) size 800x600
  LayoutBlockFlow {HTML} at (0,0) size 800x600
    LayoutBlockFlow {BODY} at (8,8) size 784x584
      LayoutBlockFlow (floating) {IMG} at (643,10) size 121x84
        LayoutBlockFlow {SPAN} at (0,0) size 121x84 [border: (1px solid #C0C0C0)]
          LayoutImage (floating) {IMG} at (2,2) size 16x16
          LayoutInline {SPAN} at (0,0) size 75x39
            LayoutText {#text} at (18,2) size 75x39
              text run at (18,2) width 59: "News for"
              text run at (2,22) width 43: "Nerds!"
      LayoutInline {A} at (0,0) size 376x19 [color=#0000EE]
        LayoutText {#text} at (0,0) size 376x19
          text run at (0,0) width 376: "http://www.apple.com/pr/library/2003/jan/02ical_isync.html"
      LayoutBR {BR} at (375,15) size 1x0
      LayoutInline {A} at (0,0) size 170x19 [color=#0000EE]
        LayoutText {#text} at (0,20) size 170x19
          text run at (0,20) width 170: "http://www.apple.com/ical/"
      LayoutBR {BR} at (169,35) size 1x0
      LayoutInline {A} at (0,0) size 181x19 [color=#0000EE]
        LayoutText {#text} at (0,40) size 181x19
          text run at (0,40) width 181: "http://www.apple.com/isync/"
