layer at (0,0) size 800x600
  LayoutView at (0,0) size 800x600
layer at (0,0) size 800x600
  LayoutBlockFlow {HTML} at (0,0) size 800x600
    LayoutBlockFlow {BODY} at (8,8) size 784x576
      LayoutBlockFlow (floating) {DIV} at (664,0) size 120x200 [bgcolor=#FF0000]
      LayoutBlockFlow {OL} at (0,0) size 784x0
      LayoutBlockFlow {P} at (0,0) size 784x60
        LayoutText {#text} at (0,0) size 660x59
          text run at (0,0) width 660: "Capitalise on low hanging fruit to identify a ballpark value added activity to beta test. Override the digital"
          text run at (0,20) width 639: "divide with additional clickthroughs from DevOps. Nanotechnology immersion along the information"
          text run at (0,40) width 415: "highway will close the loop on focusing solely on the bottom line."
