layer at (0,0) size 800x600
  LayoutView at (0,0) size 800x600
layer at (0,0) size 800x600
  LayoutBlockFlow {HTML} at (0,0) size 800x600
    LayoutBlockFlow {BODY} at (8,8) size 784x300
      LayoutBlockFlow (floating) {DIV} at (0,0) size 392x100 [bgcolor=#008000]
      LayoutBlockFlow (floating) {DIV} at (392,0) size 100x100 [bgcolor=#800080]
      LayoutBlockFlow (floating) {DIV} at (584,0) size 200x500 [bgcolor=#FFA500]
      LayoutBlockFlow (floating) {DIV} at (484,100) size 100x50 [bgcolor=#0000FF]
      LayoutBlockFlow (floating) {DIV} at (0,100) size 160x200 [bgcolor=#FF0000]
      LayoutBlockFlow (floating) {DIV} at (384,100) size 100x100 [bgcolor=#808000]
      LayoutText {#text} at (492,0) size 415x159
        text run at (492,0) width 67: "Some text."
        text run at (492,20) width 74: "This should"
        text run at (492,40) width 83: "find a way to"
        text run at (492,60) width 79: "wrap among"
        text run at (492,80) width 76: "all the floats"
        text run at (160,100) width 214: "without overlapping any of them. "
        text run at (374,100) width 9: "It"
        text run at (160,120) width 220: "should start just under the blue box"
        text run at (160,140) width 160: "and wrap to several lines."
