layer at (0,0) size 800x600
  LayoutView at (0,0) size 800x600
layer at (0,0) size 800x515
  LayoutBlockFlow {HTML} at (0,0) size 800x514.94
    LayoutBlockFlow {BODY} at (8,8) size 784x490.94
      LayoutBlockFlow {UL} at (185.59,0) size 412.80x192
        LayoutListItem (floating) {LI} at (0,48) size 283.19x71.19
          LayoutBlockFlow {A} at (123.19,0) size 160x138.55 [color=#CCCCCC]
            LayoutBlockFlow {B} at (0,0) size 160x70.27 [border: none (40px solid #00000000) (69.27px solid #CCCCCC) (40px solid #00000000)]
            LayoutBlockFlow {B} at (0,70.27) size 160x70.27 [border: (69.27px solid #CCCCCC) (40px solid #00000000) none (40px solid #00000000)]
            LayoutBlockFlow {SPAN} at (8,61.66) size 144x19 [color=#000000]
              LayoutInline {ABBR} at (0,0) size 35x18
                LayoutText {#text} at (18,0) size 35x18
                  text run at (18,0) width 35: "CSS"
              LayoutText {#text} at (52,0) size 74x18
                text run at (52,0) width 74: " examples"
        LayoutListItem (floating) {LI} at (0,119.19) size 246.39x71.19
          LayoutBlockFlow {A} at (0,0) size 160x138.55 [color=#CCCCCC]
            LayoutBlockFlow {B} at (0,0) size 160x70.27 [border: none (40px solid #00000000) (69.27px solid #CCCCCC) (40px solid #00000000)]
            LayoutBlockFlow {B} at (0,70.27) size 160x70.27 [border: (69.27px solid #CCCCCC) (40px solid #00000000) none (40px solid #00000000)]
            LayoutBlockFlow {SPAN} at (8,61.66) size 144x19 [color=#000000]
              LayoutText {#text} at (41,0) size 62x18
                text run at (41,0) width 62: "Favelets"
        LayoutListItem (floating) {LI} at (246.39,119.19) size 160x71.19
          LayoutBlockFlow {A} at (0,0) size 160x138.55 [color=#CCCCCC]
            LayoutBlockFlow {B} at (0,0) size 160x70.27 [border: none (40px solid #00000000) (69.27px solid #CCCCCC) (40px solid #00000000)]
            LayoutBlockFlow {B} at (0,70.27) size 160x70.27 [border: (69.27px solid #CCCCCC) (40px solid #00000000) none (40px solid #00000000)]
            LayoutBlockFlow {SPAN} at (8,61.66) size 144x19 [color=#000000]
              LayoutInline {ABBR} at (0,0) size 24x18
                LayoutText {#text} at (60,0) size 24x18
                  text run at (60,0) width 24: "CV"
        LayoutListItem (floating) {LI} at (0,190.38) size 283.19x71.19
          LayoutBlockFlow {A} at (123.19,0) size 160x138.55 [color=#CCCCCC]
            LayoutBlockFlow {B} at (0,0) size 160x70.27 [border: none (40px solid #00000000) (69.27px solid #CCCCCC) (40px solid #00000000)]
            LayoutBlockFlow {B} at (0,70.27) size 160x70.27 [border: (69.27px solid #CCCCCC) (40px solid #00000000) none (40px solid #00000000)]
            LayoutBlockFlow {SPAN} at (8,61.66) size 144x19 [color=#000000]
              LayoutText {#text} at (61,0) size 22x18
                text run at (61,0) width 22: "log"
        LayoutListItem (floating) {LI} at (0,261.56) size 246.39x71.19
          LayoutBlockFlow {A} at (0,0) size 160x138.55 [color=#CCCCCC]
            LayoutBlockFlow {B} at (0,0) size 160x70.27 [border: none (40px solid #00000000) (69.27px solid #CCCCCC) (40px solid #00000000)]
            LayoutBlockFlow {B} at (0,70.27) size 160x70.27 [border: (69.27px solid #CCCCCC) (40px solid #00000000) none (40px solid #00000000)]
            LayoutBlockFlow {SPAN} at (8,61.66) size 144x19 [color=#000000]
              LayoutText {#text} at (0,0) size 52x18
                text run at (0,0) width 52: "simple "
              LayoutInline {ABBR} at (0,0) size 56x18
                LayoutText {#text} at (51,0) size 56x18
                  text run at (51,0) width 56: "XHTML"
              LayoutText {#text} at (106,0) size 38x18
                text run at (106,0) width 38: " tests"
        LayoutListItem (floating) {LI} at (246.39,261.56) size 160x71.19
          LayoutBlockFlow {A} at (0,0) size 160x138.55 [color=#CCCCCC]
            LayoutBlockFlow {B} at (0,0) size 160x70.27 [border: none (40px solid #00000000) (69.27px solid #CCCCCC) (40px solid #00000000)]
            LayoutBlockFlow {B} at (0,70.27) size 160x70.27 [border: (69.27px solid #CCCCCC) (40px solid #00000000) none (40px solid #00000000)]
            LayoutBlockFlow {SPAN} at (8,61.66) size 144x19 [color=#000000]
              LayoutText {#text} at (37,0) size 70x18
                text run at (37,0) width 70: "entrances"
        LayoutListItem (floating) {LI} at (0,332.75) size 283.19x71.19
          LayoutBlockFlow {A} at (123.19,0) size 160x138.55 [color=#CCCCCC]
            LayoutBlockFlow {B} at (0,0) size 160x70.27 [border: none (40px solid #00000000) (69.27px solid #CCCCCC) (40px solid #00000000)]
            LayoutBlockFlow {B} at (0,70.27) size 160x70.27 [border: (69.27px solid #CCCCCC) (40px solid #00000000) none (40px solid #00000000)]
            LayoutBlockFlow {SPAN} at (8,61.66) size 144x19 [color=#000000]
              LayoutText {#text} at (59,0) size 26x18
                text run at (59,0) width 26: "exit"
      LayoutBlockFlow {P} at (0,403.94) size 784x87
        LayoutText {#text} at (315,32) size 154x23
          text run at (315,32) width 154: "Ceci n'est pas Flash."
