layer at (0,0) size 800x600
  LayoutView at (0,0) size 800x600
layer at (0,0) size 800x600
  LayoutBlockFlow {HTML} at (0,0) size 800x600
    LayoutBlockFlow {BODY} at (8,8) size 784x584
      LayoutBlockFlow {DIV} at (0,0) size 454x173 [border: (2px solid #008000)]
        LayoutImage {IMG} at (2,2) size 450x29 [bgcolor=#FFFF00]
        LayoutText {#text} at (0,0) size 0x0
        LayoutBR {BR} at (0,0) size 0x0
        LayoutBlockFlow (floating) {IMG} at (2,31) size 250x125 [bgcolor=#FFA500]
          LayoutBlockFlow {SPAN} at (0,0) size 250x125 [border: (1px solid #C0C0C0)]
            LayoutImage (floating) {IMG} at (2,2) size 16x16
            LayoutInline {SPAN} at (0,0) size 172x19
              LayoutText {#text} at (18,2) size 172x19
                text run at (18,2) width 172: "Theme Park Roller Coaster"
        LayoutText {#text} at (255,31) size 193x139
          text run at (255,31) width 186: "Theme Park Roller Coaster is"
          text run at (255,51) width 193: "an excellent game that lets you"
          text run at (255,71) width 146: "create your own virtual"
          text run at (255,91) width 178: "amusement park. Go behind"
          text run at (255,111) width 184: "the scenes of its development"
          text run at (255,131) width 184: "and its transition from the PC"
          text run at (255,151) width 69: "to the PS2."
      LayoutBlockFlow {P} at (0,189) size 784x0
      LayoutBlockFlow {DIV} at (0,189) size 304x44 [border: (2px solid #008000)]
        LayoutImage (floating) {IMG} at (197,5) size 105x70 [bgcolor=#800080]
        LayoutText {#text} at (2,2) size 147x19
          text run at (2,2) width 147: "First non-breaking line."
        LayoutInline {NOBR} at (0,0) size 166x19
          LayoutText {#text} at (2,22) size 166x19
            text run at (2,22) width 166: "Second non-breaking line."
        LayoutText {#text} at (0,0) size 0x0
