layer at (0,0) size 800x600
  LayoutView at (0,0) size 800x600
layer at (0,0) size 800x600
  LayoutBlockFlow {HTML} at (0,0) size 800x600
    LayoutBlockFlow {BODY} at (8,8) size 784x576
      LayoutBlockFlow {P} at (0,0) size 784x100
        LayoutText {#text} at (0,0) size 777x99
          text run at (0,0) width 763: "P1: This represents the header and should be flush-left. Lorem ipsum dolor sit amet, consectetuer adipiscing elit, sed diam"
          text run at (0,20) width 736: "nonummy nibh euismod tincidunt ut laoreet dolore magna aliquam erat volutpat. Ut wisi enim ad minim veniam, quis"
          text run at (0,40) width 777: "nostrud exerci tation ullamcorper suscipit lobortis nisl ut aliquip ex ea commodo consequat. Duis autem vel eum iriure dolor"
          text run at (0,60) width 766: "in hendrerit in vulputate velit esse molestie consequat, vel illum dolore eu feugiat nulla facilisis at vero eros et accumsan et"
          text run at (0,80) width 651: "iusto odio dignissim qui blandit praesent luptatum zzril delenit augue duis dolore te feugait nulla facilisi."
      LayoutBlockFlow {DIV} at (0,116) size 784x292
        LayoutBlockFlow (floating) {H2} at (0,0) size 112x40
          LayoutText {#text} at (4,0) size 108x39
            text run at (4,0) width 108: "H2: This should"
            text run at (57,20) width 55: "float left"
        LayoutBlockFlow {DIV} at (0,0) size 784x292
          LayoutBlockFlow {H3} at (128,0) size 656x20
            LayoutText {#text} at (0,0) size 262x19
              text run at (0,0) width 262: "H3: This should be indented and inline"
          LayoutBlockFlow {P} at (128,36) size 656x120
            LayoutText {#text} at (0,0) size 643x119
              text run at (0,0) width 629: "P2: This should be indented and inline. Lorem ipsum dolor sit amet, consectetuer adipiscing elit, sed"
              text run at (0,20) width 643: "diam nonummy nibh euismod tincidunt ut laoreet dolore magna aliquam erat volutpat. Ut wisi enim ad"
              text run at (0,40) width 630: "minim veniam, quis nostrud exerci tation ullamcorper suscipit lobortis nisl ut aliquip ex ea commodo"
              text run at (0,60) width 636: "consequat. Duis autem vel eum iriure dolor in hendrerit in vulputate velit esse molestie consequat, vel"
              text run at (0,80) width 602: "illum dolore eu feugiat nulla facilisis at vero eros et accumsan et iusto odio dignissim qui blandit"
              text run at (0,100) width 450: "praesent luptatum zzril delenit augue duis dolore te feugait nulla facilisi."
          LayoutBlockFlow {P} at (128,172) size 656x120
            LayoutText {#text} at (0,0) size 646x119
              text run at (0,0) width 610: "P3: This should be indented and inline. Ut wisi enim ad minim veniam, quis nostrud exerci tation"
              text run at (0,20) width 645: "ullamcorper suscipit lobortis nisl ut aliquip ex ea commodo consequat. Duis autem vel eum iriure dolor"
              text run at (0,40) width 640: "in hendrerit in vulputate velit esse molestie consequat, vel illum dolore eu feugiat nulla facilisis at vero"
              text run at (0,60) width 646: "eros et accumsan et iusto odio dignissim qui blandit praesent luptatum zzril delenit augue duis dolore te"
              text run at (0,80) width 645: "feugait nulla facilisi. Lorem ipsum dolor sit amet, consectetuer adipiscing elit, sed diam nonummy nibh"
              text run at (0,100) width 404: "euismod tincidunt ut laoreet dolore magna aliquam erat volutpat."
      LayoutBlockFlow {P} at (0,424) size 784x100
        LayoutText {#text} at (0,0) size 781x99
          text run at (0,0) width 759: "P4: This represents the footer and should be flush-left. Duis autem vel eum iriure dolor in hendrerit in vulputate velit esse"
          text run at (0,20) width 752: "molestie consequat, vel illum dolore eu feugiat nulla facilisis at vero eros et accumsan et iusto odio dignissim qui blandit"
          text run at (0,40) width 781: "praesent luptatum zzril delenit augue duis dolore te feugait nulla facilisi. Lorem ipsum dolor sit amet, consectetuer adipiscing"
          text run at (0,60) width 739: "elit, sed diam nonummy nibh euismod tincidunt ut laoreet dolore magna aliquam erat volutpat. Ut wisi enim ad minim"
          text run at (0,80) width 657: "veniam, quis nostrud exerci tation ullamcorper suscipit lobortis nisl ut aliquip ex ea commodo consequat."
