layer at (0,0) size 800x600
  LayoutView at (0,0) size 800x600
layer at (0,0) size 800x172
  LayoutBlockFlow {HTML} at (0,0) size 800x172
    LayoutBlockFlow {BODY} at (8,8) size 784x42
      LayoutBlockFlow (floating) {DIV} at (532,0) size 252x102 [border: (1px solid #FF0000)]
        LayoutText {#text} at (1,1) size 86x19
          text run at (1,1) width 86: "TOP-RIGHT"
        LayoutBR {BR} at (86,1) size 1x19
        LayoutText {#text} at (1,21) size 65x19
          text run at (1,21) width 65: "float:right;"
        LayoutBR {BR} at (66,21) size 0x19
        LayoutText {#text} at (1,41) size 88x19
          text run at (1,41) width 88: "width: 250px;"
        LayoutBR {BR} at (89,41) size 0x19
        LayoutText {#text} at (1,61) size 87x19
          text run at (1,61) width 87: "height:100px;"
      LayoutBlockFlow {DIV} at (0,0) size 394x42 [border: (1px solid #FF0000)]
        LayoutText {#text} at (1,1) size 31x19
          text run at (1,1) width 31: "TOP"
        LayoutBR {BR} at (31,1) size 1x19
        LayoutText {#text} at (1,21) size 73x19
          text run at (1,21) width 73: "width:50%;"
      LayoutBlockFlow (floating) {DIV} at (0,102) size 114.72x62 [border: (1px solid #FF0000)]
        LayoutText {#text} at (1,1) size 113x19
          text run at (1,1) width 113: "BOTTOM-LEFT"
        LayoutBR {BR} at (113,1) size 1x19
        LayoutText {#text} at (1,21) size 60x19
          text run at (1,21) width 60: "float: left;"
        LayoutBR {BR} at (61,21) size 0x19
        LayoutText {#text} at (1,41) size 70x19
          text run at (1,41) width 70: "clear: both;"
