layer at (0,0) size 800x600
  LayoutView at (0,0) size 800x600
layer at (0,0) size 800x128
  LayoutBlockFlow {HTML} at (0,0) size 800x128
    LayoutBlockFlow {BODY} at (8,8) size 784x86
      LayoutBlockFlow (floating) {DIV} at (474,10) size 300x100 [bgcolor=#008000]
      LayoutTable {TABLE} at (0,0) size 464x46 [bgcolor=#FFA500]
        LayoutTableSection {TBODY} at (0,0) size 464x46
          LayoutTableRow {TR} at (0,2) size 464x42
            LayoutTableCell {TD} at (2,2) size 460x42 [r=0 c=0 rs=1 cs=1]
              LayoutText {#text} at (1,1) size 442x39
                text run at (1,1) width 353: "This is a test and is demonstrating that auto width really "
                text run at (354,1) width 89: "should kick in"
                text run at (1,21) width 31: "here."
layer at (90,54) size 300x40
  LayoutBlockFlow {DIV} at (82,46) size 300x40 [bgcolor=#FFA500]
    LayoutText {#text} at (0,0) size 270x39
      text run at (0,0) width 270: "This is a test and is demonstrating that auto"
      text run at (0,20) width 79: "width really "
      text run at (79,20) width 124: "should kick in here."
