layer at (0,0) size 800x600
  LayoutView at (0,0) size 800x600
layer at (0,0) size 800x600
  LayoutBlockFlow {HTML} at (0,0) size 800x600
    LayoutBlockFlow {BODY} at (8,8) size 784x584
layer at (8,8) size 35x48
  LayoutBlockFlow (positioned) {DIV} at (8,8) size 35x48 [border: (2px solid #0000FF)]
    LayoutBlockFlow {DIV} at (2,2) size 31x24 [border: (2px solid #FFA500)]
      LayoutText {#text} at (2,2) size 27x19
        text run at (2,2) width 27: "One"
    LayoutBlockFlow (floating) {DIV} at (2,26) size 28.89x20
      LayoutText {#text} at (0,0) size 29x19
        text run at (0,0) width 29: "Two"
