layer at (0,0) size 800x600
  LayoutView at (0,0) size 800x600
layer at (0,0) size 800x600
  LayoutBlockFlow {HTML} at (0,0) size 800x600
    LayoutBlockFlow {BODY} at (8,8) size 784x584
      LayoutBlockFlow {DIV} at (0,0) size 784x100
        LayoutText {#text} at (0,0) size 248x19
          text run at (0,0) width 248: "This test checks for regressions against "
        LayoutInline {A} at (0,0) size 775x39 [color=#0000EE]
          LayoutText {#text} at (248,0) size 775x39
            text run at (248,0) width 527: "Radar 4279765: REGRESSION: \"More...\" links on flickr groups pages have hover"
            text run at (0,20) width 115: "issues (flickr.com)"
        LayoutText {#text} at (114,20) size 396x19
          text run at (114,20) width 396: ". Click on the word TEST below and it should turn into PASS."
      LayoutBlockFlow {DIV} at (0,100) size 784x200
        LayoutBlockFlow (floating) {DIV} at (0,0) size 237.58x200
          LayoutImage {IMG} at (0,0) size 100x100
          LayoutText {#text} at (100,85) size 4x19
            text run at (100,85) width 4: " "
          LayoutBR {BR} at (0,0) size 0x0
          LayoutBlockFlow (floating) {H1} at (0,172) size 237.58x118
            LayoutInline {A} at (0,0) size 238x114 [color=#0000EE]
              LayoutText {#text} at (0,2) size 238x114
                text run at (0,2) width 238: "PASS"
          LayoutText {#text} at (0,0) size 0x0
        LayoutBR {BR} at (237,0) size 1x19
