layer at (0,0) size 800x600
  LayoutView at (0,0) size 800x600
layer at (0,0) size 800x98
  LayoutBlockFlow {HTML} at (0,0) size 800x98
    LayoutBlockFlow {BODY} at (8,8) size 784x82
      LayoutBlockFlow {DIV} at (0,0) size 202x82 [border: (1px solid #000000)]
        LayoutBlockFlow (floating) {DIV} at (151,1) size 50x50 [bgcolor=#008000]
        LayoutText {#text} at (15,1) size 194x79
          text run at (15,1) width 36: "Some"
          text run at (31,21) width 120: "text that should not"
          text run at (7,41) width 144: "overlap the edge of the"
          text run at (139,61) width 4 RTL: "."
          text run at (143,61) width 58: "container"
