layer at (0,0) size 800x600
  LayoutView at (0,0) size 800x600
layer at (0,0) size 800x600
  LayoutBlockFlow {HTML} at (0,0) size 800x600
    LayoutBlockFlow {BODY} at (8,8) size 784x584
      LayoutBlockFlow {DIV} at (0,0) size 784x40
        LayoutText {#text} at (0,0) size 248x19
          text run at (0,0) width 248: "This test checks for regressions against "
        LayoutInline {A} at (0,0) size 775x39 [color=#0000EE]
          LayoutText {#text} at (248,0) size 775x39
            text run at (248,0) width 527: "Radar 4279765: REGRESSION: \"More...\" links on flickr groups pages have hover"
            text run at (0,20) width 115: "issues (flickr.com)"
        LayoutText {#text} at (114,20) size 595x19
          text run at (114,20) width 595: ", or rather, a related painting issue. The word \"PASS\" should appear below in translucent blue."
layer at (8,48) size 784x125 transparent
  LayoutBlockFlow {DIV} at (0,40) size 784x125
    LayoutBlockFlow (floating) {DIV} at (0,0) size 104x125
      LayoutImage {IMG} at (0,0) size 100x100
      LayoutText {#text} at (100,85) size 4x19
        text run at (100,85) width 4: " "
      LayoutBR {BR} at (0,0) size 0x0
      LayoutBlockFlow (floating) {H1} at (27.38,126.44) size 76.63x37
        LayoutInline {A} at (0,0) size 77x36 [color=#0000EE]
          LayoutText {#text} at (0,0) size 77x36
            text run at (0,0) width 77: "PASS"
      LayoutText {#text} at (0,0) size 0x0
    LayoutBR {BR} at (104,0) size 0x19
