layer at (0,0) size 800x600
  LayoutView at (0,0) size 800x600
layer at (0,0) size 800x600
  LayoutBlockFlow {HTML} at (0,0) size 800x600
    LayoutBlockFlow {BODY} at (8,8) size 784x584
      LayoutBlockFlow {P} at (0,0) size 784x40
        LayoutText {#text} at (0,0) size 139x19
          text run at (0,0) width 139: "This is a pixel test for "
        LayoutInline {I} at (0,0) size 763x39
          LayoutInline {A} at (0,0) size 348x19 [color=#0000EE]
            LayoutText {#text} at (139,0) size 348x19
              text run at (139,0) width 348: "http://bugzilla.opendarwin.org/show_bug.cgi?id=4334"
          LayoutText {#text} at (486,0) size 763x39
            text run at (486,0) width 5: " "
            text run at (490,0) width 273: "REGRESSION: Flickering when css-hover"
            text run at (0,20) width 273: "should change opacity on floating elements"
        LayoutText {#text} at (273,20) size 4x19
          text run at (273,20) width 4: "."
      LayoutBlockFlow {P} at (0,56) size 784x20
        LayoutText {#text} at (0,0) size 277x19
          text run at (0,0) width 277: "There should be a solid green square below."
      LayoutBlockFlow {HR} at (0,92) size 784x2 [border: (1px inset #EEEEEE)]
      LayoutBlockFlow (floating) {DIV} at (0,102) size 100x100 [bgcolor=#008000]
