layer at (0,0) size 800x600
  LayoutView at (0,0) size 800x600
layer at (0,0) size 800x600
  LayoutBlockFlow {HTML} at (0,0) size 800x600
    LayoutBlockFlow {BODY} at (8,8) size 784x584
layer at (8,8) size 18x0
  LayoutBlockFlow (relative positioned) {DIV} at (0,0) size 18x0
    LayoutBlockFlow (floating) {DIV} at (8,0) size 10x100 [bgcolor=#C0C0C0]
layer at (8,8) size 63x70
  LayoutBlockFlow (positioned) {DIV} at (8,8) size 63x70
    LayoutBlockFlow {DIV} at (0,0) size 63x20
      LayoutBlockFlow (floating) {DIV} at (58,0) size 5x50 [bgcolor=#FFA500]
      LayoutBlockFlow {DIV} at (0,0) size 63x20 [bgcolor=#0000FF]
        LayoutText {#text} at (0,0) size 58x19
          text run at (0,0) width 58: "A B C D"
        LayoutBlockFlow (floating) {DIV} at (53,20) size 5x50 [bgcolor=#008000]
