layer at (0,0) size 800x600
  LayoutView at (0,0) size 800x600
layer at (0,0) size 800x600
  LayoutBlockFlow {HTML} at (0,0) size 800x600
    LayoutBlockFlow {BODY} at (8,8) size 784x584
      LayoutBlockFlow {P} at (0,0) size 784x20
        LayoutText {#text} at (0,0) size 310x19
          text run at (0,0) width 310: "Test shrink-to-fit width for floating elements (see "
        LayoutInline {A} at (0,0) size 98x19 [color=#0000EE]
          LayoutText {#text} at (309,0) size 98x19
            text run at (309,0) width 98: "CSS 2.1 10.3.5"
        LayoutText {#text} at (406,0) size 10x19
          text run at (406,0) width 10: ")."
      LayoutBlockFlow {P} at (0,36) size 784x40
        LayoutText {#text} at (0,0) size 196x19
          text run at (0,0) width 196: "Shrink-to-fit width is min(max("
        LayoutInline {I} at (0,0) size 161x19
          LayoutText {#text} at (196,0) size 161x19
            text run at (196,0) width 161: "preferred minimum width"
        LayoutText {#text} at (356,0) size 9x19
          text run at (356,0) width 9: ", "
        LayoutInline {I} at (0,0) size 98x19
          LayoutText {#text} at (364,0) size 98x19
            text run at (364,0) width 98: "available width"
        LayoutText {#text} at (461,0) size 14x19
          text run at (461,0) width 14: "), "
        LayoutInline {I} at (0,0) size 98x19
          LayoutText {#text} at (474,0) size 98x19
            text run at (474,0) width 98: "preferred width"
        LayoutText {#text} at (571,0) size 773x39
          text run at (571,0) width 14: "). "
          text run at (584,0) width 189: "In the following cases (except"
          text run at (0,20) width 58: "the \x{201C}x\x{201D}), "
        LayoutInline {I} at (0,0) size 161x19
          LayoutText {#text} at (58,20) size 161x19
            text run at (58,20) width 161: "preferred minimum width"
        LayoutText {#text} at (218,20) size 18x19
          text run at (218,20) width 18: " < "
        LayoutInline {I} at (0,0) size 98x19
          LayoutText {#text} at (235,20) size 98x19
            text run at (235,20) width 98: "available width"
        LayoutText {#text} at (332,20) size 18x19
          text run at (332,20) width 18: " < "
        LayoutInline {I} at (0,0) size 98x19
          LayoutText {#text} at (349,20) size 98x19
            text run at (349,20) width 98: "preferred width"
        LayoutText {#text} at (0,0) size 0x0
      LayoutBlockFlow {DIV} at (0,92) size 100x250
        LayoutBlockFlow (floating) {DIV} at (0,0) size 100x46 [border: (3px solid #000000)]
          LayoutText {#text} at (3,3) size 61x39
            text run at (3,3) width 61: "longword"
            text run at (3,23) width 61: "longword"
        LayoutBlockFlow {DIV} at (0,46) size 100x10
        LayoutBlockFlow (floating) {DIV} at (0,56) size 100x46 [border: (3px solid #000000)]
          LayoutText {#text} at (3,3) size 61x39
            text run at (3,3) width 61: "longword"
            text run at (3,23) width 61: "longword"
        LayoutBlockFlow {DIV} at (0,102) size 100x10
        LayoutBlockFlow (floating) {DIV} at (0,112) size 100x46 [border: (3px solid #000000)]
          LayoutText {#text} at (3,3) size 61x39
            text run at (3,3) width 61: "longword"
            text run at (3,23) width 61: "longword"
        LayoutBlockFlow (floating) {DIV} at (86,158) size 14x26 [border: (3px solid #000000)]
          LayoutText {#text} at (3,3) size 8x19
            text run at (3,3) width 8: "x"
        LayoutBlockFlow {DIV} at (0,184) size 100x10
        LayoutBlockFlow (floating) {DIV} at (0,194) size 100x46 [border: (3px solid #000000)]
          LayoutBlockFlow {DIV} at (3,3) size 60x20 [bgcolor=#C0C0C0]
          LayoutText {#text} at (0,0) size 0x0
          LayoutBlockFlow {DIV} at (3,23) size 60x20 [bgcolor=#C0C0C0]
          LayoutText {#text} at (0,0) size 0x0
        LayoutBlockFlow {DIV} at (0,240) size 100x10
        LayoutBlockFlow (floating) {DIV} at (0,250) size 100x46 [border: (3px solid #000000)]
          LayoutBlockFlow {DIV} at (3,3) size 60x20 [bgcolor=#C0C0C0]
          LayoutText {#text} at (0,0) size 0x0
          LayoutBlockFlow {DIV} at (3,23) size 60x20 [bgcolor=#C0C0C0]
          LayoutText {#text} at (0,0) size 0x0
