layer at (0,0) size 800x600
  LayoutView at (0,0) size 800x600
layer at (0,0) size 800x600
  LayoutBlockFlow {HTML} at (0,0) size 800x600
    LayoutBlockFlow {BODY} at (8,8) size 784x584
      LayoutBlockFlow (floating) {P} at (252,16) size 532x20
        LayoutText {#text} at (0,0) size 532x19
          text run at (0,0) width 532: "The 'hr' below should span the width of the page, not just to the left edge of this text."
      LayoutBlockFlow {HR} at (0,52) size 784x2 [border: (1px inset #EEEEEE)]
      LayoutBlockFlow (floating) {P} at (241,78) size 543x20
        LayoutText {#text} at (0,0) size 543x19
          text run at (0,0) width 543: "The table below should span the width of the page, not just to the left edge of this text."
      LayoutTable {TABLE} at (0,114) size 784x68 [border: (10px outset #808080)]
        LayoutTableSection {TBODY} at (10,10) size 764x48
          LayoutTableRow {TR} at (0,2) size 764x44
            LayoutTableCell {TD} at (2,2) size 760x44 [border: (1px inset #808080)] [r=0 c=0 rs=1 cs=1]
              LayoutText {#text} at (2,2) size 720x39
                text run at (2,2) width 365: "This is a table that should fill the entire width of the page. "
                text run at (367,2) width 355: "It should clear the float and then take up the width of the"
                text run at (2,22) width 203: "page. If it doesn't then it's a bug."
      LayoutBlockFlow (floating) {P} at (356,198) size 428x20
        LayoutText {#text} at (0,0) size 428x19
          text run at (0,0) width 428: "The overflow auto section below should span the width of the page."
layer at (8,242) size 784x40
  LayoutBlockFlow {DIV} at (0,234) size 784x40
    LayoutText {#text} at (0,0) size 774x39
      text run at (0,0) width 355: "This is a div that should fill the entire width of the page. "
      text run at (355,0) width 419: "It should clear the float and then take up the width of the page. If it"
      text run at (0,20) width 139: "doesn't then it's a bug."
