layer at (0,0) size 800x600
  LayoutView at (0,0) size 800x600
layer at (0,0) size 800x600
  LayoutNGBlockFlow {HTML} at (0,0) size 800x600
    LayoutNGBlockFlow {BODY} at (8,8) size 784x584
      LayoutNGBlockFlow {P} at (0,0) size 784x20
        LayoutText {#text} at (0,0) size 598x19
          text run at (0,0) width 598: "The following button elements should all be rendered on the left, with their text center justified."
      LayoutNGBlockFlow (anonymous) at (0,36) size 784x88
        LayoutButton {BUTTON} at (0,0) size 300x22 [bgcolor=#C0C0C0] [border: (2px outset #C0C0C0)]
          LayoutNGBlockFlow (anonymous) at (8,3) size 284x16
            LayoutText {#text} at (46,0) size 192x16
              text run at (46,0) width 192: "This is should be center justified."
        LayoutText {#text} at (0,0) size 0x0
        LayoutBR {BR} at (300,16) size 0x0
        LayoutButton {BUTTON} at (0,22) size 300x22 [bgcolor=#C0C0C0] [border: (2px outset #C0C0C0)]
          LayoutNGBlockFlow (anonymous) at (8,3) size 284x16
            LayoutText {#text} at (46,0) size 192x16
              text run at (46,0) width 192: "This is should be center justified."
        LayoutText {#text} at (0,0) size 0x0
        LayoutBR {BR} at (300,38) size 0x0
        LayoutButton {BUTTON} at (0,44) size 300x22 [bgcolor=#C0C0C0] [border: (2px outset #C0C0C0)]
          LayoutNGBlockFlow (anonymous) at (8,3) size 284x16
            LayoutText {#text} at (46,0) size 192x16
              text run at (46,0) width 192: "This is should be center justified."
        LayoutText {#text} at (0,0) size 0x0
        LayoutBR {BR} at (300,60) size 0x0
        LayoutButton {BUTTON} at (0,66) size 300x22 [bgcolor=#C0C0C0] [border: (2px outset #C0C0C0)]
          LayoutNGBlockFlow (anonymous) at (8,3) size 284x16
            LayoutText {#text} at (46,0) size 192x16
              text run at (46,0) width 192: "This is should be center justified."
        LayoutText {#text} at (0,0) size 0x0
      LayoutNGBlockFlow {DIV} at (0,124) size 784x22
        LayoutButton {BUTTON} at (0,0) size 300x22 [bgcolor=#C0C0C0] [border: (2px outset #C0C0C0)]
          LayoutNGBlockFlow (anonymous) at (8,3) size 284x16
            LayoutText {#text} at (46,0) size 192x16
              text run at (46,0) width 192: "This is should be center justified."
