layer at (0,0) size 800x600
  LayoutView at (0,0) size 800x600
layer at (0,0) size 800x600
  LayoutBlockFlow {HTML} at (0,0) size 800x600
    LayoutBlockFlow {BODY} at (8,8) size 784x584
      LayoutBlockFlow (floating) {DIV} at (0,0) size 204x109 [border: (2px solid #0000FF)]
        LayoutInline {SPAN} at (0,0) size 200x19
          LayoutText {#text} at (0,0) size 0x0
          LayoutImage {IMG} at (2,2) size 100x100 [bgcolor=#008000]
          LayoutText {#text} at (102,87) size 100x19
            text run at (102,87) width 100: "This is some text"
