layer at (0,0) size 800x600
  LayoutView at (0,0) size 800x600
layer at (0,0) size 800x600
  LayoutBlockFlow {HTML} at (0,0) size 800x600
    LayoutBlockFlow {BODY} at (8,8) size 784x584
      LayoutBlockFlow {DIV} at (0,0) size 784x314
        LayoutText {#text} at (164,139) size 152x19
          text run at (164,139) width 152: "This should be centered. "
        LayoutBR {BR} at (619,154) size 1x0
        LayoutText {#text} at (166,294) size 152x19
          text run at (166,294) width 152: "This should be centered. "
        LayoutBR {BR} at (617,309) size 1x0
layer at (324,8) size 304x154
  LayoutIFrame {IFRAME} at (315.50,0) size 304x154 [border: (2px inset #EEEEEE)]
    layer at (0,0) size 300x150
      LayoutView at (0,0) size 300x150
    layer at (0,0) size 300x150
      LayoutBlockFlow {HTML} at (0,0) size 300x150
        LayoutBlockFlow {BODY} at (8,8) size 284x134 [bgcolor=#FF0000]
layer at (326,167) size 300x150
  LayoutEmbeddedObject {OBJECT} at (317.50,159) size 300x150
    layer at (0,0) size 300x150
      LayoutView at (0,0) size 300x150
    layer at (0,0) size 300x150
      LayoutBlockFlow {HTML} at (0,0) size 300x150
        LayoutBlockFlow {BODY} at (8,8) size 284x134 [bgcolor=#FF0000]
