layer at (0,0) size 800x600
  LayoutView at (0,0) size 800x600
layer at (0,0) size 800x600
  LayoutBlockFlow {HTML} at (0,0) size 800x600
    LayoutBlockFlow {BODY} at (8,8) size 784x582
      LayoutBlockFlow {P} at (0,0) size 784x40
        LayoutText {#text} at (0,0) size 50x19
          text run at (0,0) width 50: "Test for "
        LayoutInline {I} at (0,0) size 752x39
          LayoutInline {A} at (0,0) size 306x19 [color=#0000EE]
            LayoutText {#text} at (49,0) size 306x19
              text run at (49,0) width 306: "http://bugs.webkit.org/show_bug.cgi?id=14449"
          LayoutText {#text} at (354,0) size 752x39
            text run at (354,0) width 5: " "
            text run at (358,0) width 394: "REGRESSION (r14345-r14375): Absolutely positioned image"
            text run at (0,20) width 286: "does not scale to containing element's height"
        LayoutText {#text} at (286,20) size 4x19
          text run at (286,20) width 4: "."
layer at (18,64) size 764x200
  LayoutBlockFlow (relative positioned) {DIV} at (10,56) size 764x200
layer at (18,64) size 100x100
  LayoutBlockFlow (relative positioned) {DIV} at (0,0) size 100x100 [bgcolor=#808080]
    LayoutBlockFlow {DIV} at (0,0) size 100x100
layer at (18,64) size 50x100
  LayoutImage (positioned) {IMG} at (0,0) size 50x100 [bgcolor=#0000FF]
layer at (18,274) size 764x200
  LayoutBlockFlow (relative positioned) {DIV} at (10,266) size 764x200
    LayoutText {#text} at (0,0) size 0x0
layer at (18,274) size 0x99
  LayoutInline (relative positioned) {SPAN} at (0,0) size 0x99 [bgcolor=#808080]
    LayoutText {#text} at (0,0) size 0x0
    LayoutBR {BR} at (0,0) size 0x19
    LayoutBR {BR} at (0,20) size 0x19
    LayoutBR {BR} at (0,40) size 0x19
    LayoutBR {BR} at (0,60) size 0x19
    LayoutBR {BR} at (0,80) size 0x19
layer at (18,274) size 50x99
  LayoutImage (positioned) {IMG} at (0,0) size 50x99 [bgcolor=#0000FF]
