layer at (0,0) size 800x600 clip at (0,0) size 785x600 scrollHeight 958
  LayoutView at (0,0) size 800x600
layer at (0,0) size 785x934 backgroundClip at (0,0) size 785x600 clip at (0,0) size 785x600
  LayoutBlockFlow {HTML} at (0,0) size 785x934
    LayoutBlockFlow {BODY} at (8,8) size 769x918
      LayoutText {#text} at (0,0) size 440x19
        text run at (0,0) width 440: "All of the replaced elements below should be clipped to a border-radius. "
      LayoutBR {BR} at (0,0) size 0x0
      LayoutImage {IMG} at (0,20) size 100x100
      LayoutText {#text} at (100,105) size 4x19
        text run at (100,105) width 4: " "
      LayoutBR {BR} at (0,0) size 0x0
      LayoutImage {INPUT} at (0,125) size 100x100
      LayoutText {#text} at (100,210) size 4x19
        text run at (100,210) width 4: " "
      LayoutBR {BR} at (0,0) size 0x0
      LayoutText {#text} at (304,369) size 4x19
        text run at (304,369) width 4: " "
      LayoutBR {BR} at (0,0) size 0x0
      LayoutText {#text} at (300,524) size 4x19
        text run at (300,524) width 4: " "
      LayoutBR {BR} at (0,0) size 0x0
      LayoutText {#text} at (0,0) size 0x0
layer at (8,238) size 304x154
  LayoutIFrame {IFRAME} at (0,230) size 304x154 [border: (2px inset #EEEEEE)]
    layer at (0,0) size 300x150
      LayoutView at (0,0) size 300x150
    layer at (0,0) size 300x150
      LayoutBlockFlow {HTML} at (0,0) size 300x150
        LayoutBlockFlow {BODY} at (0,0) size 300x150
          LayoutImage {IMG} at (0,0) size 100x100
layer at (8,397) size 300x150
  LayoutVideo {VIDEO} at (0,389) size 300x150
layer at (8,552) size 556x406 backgroundClip at (0,0) size 785x600 clip at (0,0) size 785x600
  LayoutEmbeddedObject {EMBED} at (0,544) size 556x406 [bgcolor=#00FF00] [border: (3px solid #000000)]
layer at (8,397) size 300x150
  LayoutFlexibleBox (relative positioned) {DIV} at (0,0) size 300x150
    LayoutBlockFlow {DIV} at (0,118) size 300x32
layer at (8,397) size 300x108
  LayoutFlexibleBox (relative positioned) {DIV} at (0,0) size 300x108
