layer at (0,0) size 800x600
  LayoutView at (0,0) size 800x600
layer at (0,0) size 800x307
  LayoutBlockFlow {HTML} at (0,0) size 800x307
    LayoutBlockFlow {BODY} at (8,16) size 784x275
      LayoutBlockFlow {P} at (0,0) size 784x20
        LayoutText {#text} at (0,0) size 374x19
          text run at (0,0) width 374: "These images should all look the same, square not rectangular."
      LayoutBlockFlow {P} at (0,36) size 784x69
        LayoutImage {IMG} at (0,0) size 64x64
      LayoutBlockFlow {P} at (0,121) size 784x69
        LayoutImage {IMG} at (0,0) size 64x64
      LayoutBlockFlow {P} at (0,206) size 784x69
        LayoutImage {IMG} at (0,0) size 64x64
