layer at (0,0) size 800x600
  LayoutView at (0,0) size 800x600
layer at (0,0) size 800x600
  LayoutBlockFlow {HTML} at (0,0) size 800x600
    LayoutBlockFlow {BODY} at (8,8) size 784x584
      LayoutBlockFlow {P} at (0,0) size 784x20
        LayoutText {#text} at (0,0) size 50x19
          text run at (0,0) width 50: "Test for "
        LayoutInline {A} at (0,0) size 59x19 [color=#0000EE]
          LayoutText {#text} at (49,0) size 59x19
            text run at (49,0) width 59: "bug 3438"
        LayoutText {#text} at (107,0) size 192x19
          text run at (107,0) width 192: ": rendering of 1x1 PNG images."
      LayoutBlockFlow {P} at (0,36) size 784x20
        LayoutText {#text} at (0,0) size 270x19
          text run at (0,0) width 270: "The two squares should have the same color:"
      LayoutBlockFlow (anonymous) at (0,72) size 784x55
        LayoutImage {IMG} at (0,0) size 50x50
        LayoutText {#text} at (50,35) size 4x19
          text run at (50,35) width 4: " "
        LayoutImage {IMG} at (54,0) size 50x50
        LayoutText {#text} at (0,0) size 0x0
