layer at (0,0) size 800x600
  LayoutView at (0,0) size 800x600
layer at (0,0) size 800x221
  LayoutBlockFlow {HTML} at (0,0) size 800x221
    LayoutBlockFlow {BODY} at (8,16) size 784x197
      LayoutBlockFlow {P} at (0,0) size 784x40
        LayoutText {#text} at (0,0) size 50x19
          text run at (0,0) width 50: "Test for "
        LayoutInline {I} at (0,0) size 776x39
          LayoutInline {A} at (0,0) size 154x19 [color=#0000EE]
            LayoutText {#text} at (49,0) size 154x19
              text run at (49,0) width 154: "rdar://problem/5862634"
          LayoutText {#text} at (202,0) size 776x39
            text run at (202,0) width 5: " "
            text run at (206,0) width 570: "REGRESSION (3.1.1): In iChat, inline image not resizable past current size after another"
            text run at (0,20) width 90: "IM is received"
        LayoutText {#text} at (89,20) size 5x19
          text run at (89,20) width 5: "."
      LayoutBlockFlow {P} at (0,56) size 784x20
        LayoutText {#text} at (0,0) size 302x19
          text run at (0,0) width 302: "The blue square below should be 100\x{D7}100 pixels."
      LayoutBlockFlow {DIV} at (0,92) size 200x105
        LayoutBlockFlow {DIV} at (0,0) size 100x105
          LayoutImage {IMG} at (0,0) size 100x100
          LayoutText {#text} at (0,0) size 0x0
        LayoutText {#text} at (0,0) size 0x0
