layer at (0,0) size 800x600
  LayoutView at (0,0) size 800x600
layer at (0,0) size 800x600
  LayoutBlockFlow {HTML} at (0,0) size 800x600
    LayoutBlockFlow {BODY} at (8,8) size 784x576
      LayoutBlockFlow {P} at (0,0) size 784x20
        LayoutText {#text} at (0,0) size 555x19
          text run at (0,0) width 555: "vspace and hspace test (20 pixel white margin between blue border and yellow background)"
      LayoutBlockFlow {DIV} at (0,36) size 784x223 [border: (4px solid #0000FF)]
        LayoutImage {OBJECT} at (24,24) size 233x175 [bgcolor=#FFFF00]
        LayoutText {#text} at (0,0) size 0x0
      LayoutBlockFlow {P} at (0,275) size 784x20
        LayoutText {#text} at (0,0) size 210x19
          text run at (0,0) width 210: "align test (aligned to the right) -->>"
      LayoutImage (floating) {OBJECT} at (551,311) size 233x175
