layer at (0,0) size 800x600
  LayoutView at (0,0) size 800x600
layer at (0,0) size 800x600
  LayoutBlockFlow {HTML} at (0,0) size 800x600
    LayoutBlockFlow {BODY} at (8,8) size 784x584
      LayoutBlockFlow {P} at (0,0) size 784x20
        LayoutText {#text} at (0,0) size 753x19
          text run at (0,0) width 430: "This tests for a crash when removing a widget whose height is specified "
          text run at (430,0) width 323: "as a percentage of a non-immediate ancestor\x{2019}s height."
      LayoutBlockFlow {DIV} at (0,36) size 100x50 [bgcolor=#0000FF]
        LayoutBlockFlow {DIV} at (0,0) size 100x0
        LayoutBlockFlow (anonymous) at (0,0) size 100x0
          LayoutText {#text} at (0,0) size 0x0
