layer at (0,0) size 800x600
  LayoutView at (0,0) size 800x600
layer at (0,0) size 800x600
  LayoutBlockFlow {HTML} at (0,0) size 800x600
    LayoutBlockFlow {BODY} at (8,8) size 784x584
      LayoutBlockFlow {P} at (0,0) size 784x20
        LayoutText {#text} at (0,0) size 50x19
          text run at (0,0) width 50: "Test for "
        LayoutInline {I} at (0,0) size 710x19
          LayoutInline {A} at (0,0) size 312x19 [color=#0000EE]
            LayoutText {#text} at (49,0) size 312x19
              text run at (49,0) width 312: "https://bugs.webkit.org/show_bug.cgi?id=23739"
          LayoutText {#text} at (360,0) size 399x19
            text run at (360,0) width 5: " "
            text run at (364,0) width 395: "REGRESSION (r36513): iframe isn't sized properly upon load"
        LayoutText {#text} at (758,0) size 5x19
          text run at (758,0) width 5: "."
      LayoutTable {TABLE} at (0,36) size 304x400
        LayoutTableSection {TBODY} at (0,0) size 304x400
          LayoutTableRow {TR} at (0,2) size 304x396
            LayoutTableCell {TD} at (2,2) size 300x396 [bgcolor=#FF0000] [r=0 c=0 rs=1 cs=1]
              LayoutBlockFlow {DIV} at (0,0) size 300x0
              LayoutBlockFlow (anonymous) at (0,0) size 300x396
                LayoutText {#text} at (0,0) size 0x0
layer at (10,46) size 300x396
  LayoutIFrame {IFRAME} at (0,0) size 300x396 [bgcolor=#008000]
    layer at (0,0) size 300x396
      LayoutView at (0,0) size 300x396
    layer at (0,0) size 300x396
      LayoutBlockFlow {HTML} at (0,0) size 300x396
        LayoutBlockFlow {BODY} at (8,8) size 284x380
