layer at (0,0) size 800x600
  LayoutView at (0,0) size 800x600
layer at (0,0) size 800x600
  LayoutBlockFlow {HTML} at (0,0) size 800x600
    LayoutBlockFlow {BODY} at (8,8) size 784x584
      LayoutBlockFlow {DIV} at (0,0) size 5x60
        LayoutMenuList {SELECT} at (0,0) size 22x20 [bgcolor=#FFFFFF] [border: (1px solid #A9A9A9)]
          LayoutBlockFlow (anonymous) at (1,1) size 20x18
            LayoutText (anonymous) at (4,1) size 4x16
              text run at (4,1) width 4: " "
        LayoutMenuList {SELECT} at (0,20) size 22x20 [bgcolor=#FFFFFF] [border: (1px solid #A9A9A9)]
          LayoutBlockFlow (anonymous) at (1,1) size 20x18
            LayoutText (anonymous) at (4,1) size 4x16
              text run at (4,1) width 4: " "
        LayoutMenuList {SELECT} at (0,40) size 22x20 [bgcolor=#FFFFFF] [border: (1px solid #A9A9A9)]
          LayoutBlockFlow (anonymous) at (1,1) size 20x18
            LayoutText (anonymous) at (4,1) size 4x16
              text run at (4,1) width 4: " "
