layer at (0,0) size 800x600
  LayoutView at (0,0) size 800x600
layer at (0,0) size 800x600
  LayoutBlockFlow {HTML} at (0,0) size 800x600
    LayoutBlockFlow {BODY} at (8,8) size 784x584
      LayoutBlockFlow (anonymous) at (0,0) size 784x40
        LayoutText {#text} at (0,0) size 779x39
          text run at (0,0) width 676: "The following elements behave differently in different browsers. Our current behavior will cause them to overlap, "
          text run at (675,0) width 104: "but we may need"
          text run at (0,20) width 160: "to change this in the future."
      LayoutTable {TABLE} at (0,40) size 784x24
        LayoutTableSection {TBODY} at (0,0) size 784x24
          LayoutTableRow {TR} at (0,1) size 784x22
            LayoutTableCell {TD} at (1,11) size 2x2 [r=0 c=0 rs=1 cs=1]
              LayoutImage {IMG} at (1,1) size 0x0
            LayoutTableCell {TD} at (4,11) size 2x2 [r=0 c=1 rs=1 cs=1]
              LayoutImage {IMG} at (1,1) size 0x0
            LayoutTableCell {TD} at (7,11) size 2x2 [r=0 c=2 rs=1 cs=1]
              LayoutImage {IMG} at (1,1) size 0x0
            LayoutTableCell {TD} at (10,1) size 773x22 [r=0 c=3 rs=1 cs=1]
              LayoutText {#text} at (1,1) size 4x19
                text run at (1,1) width 4: " "
      LayoutBlockFlow (anonymous) at (0,64) size 784x40
        LayoutBR {BR} at (0,0) size 0x19
        LayoutBR {BR} at (0,20) size 0x19
      LayoutTable {TABLE} at (0,104) size 784x279
        LayoutTableSection {TBODY} at (0,0) size 784x279
          LayoutTableRow {TR} at (0,1) size 784x277
            LayoutTableCell {TD} at (1,1) size 216x277 [r=0 c=0 rs=1 cs=1]
              LayoutImage {IMG} at (1,1) size 214x275
            LayoutTableCell {TD} at (218,1) size 216x277 [r=0 c=1 rs=1 cs=1]
              LayoutImage {IMG} at (1,1) size 214x275
            LayoutTableCell {TD} at (435,1) size 216x277 [r=0 c=2 rs=1 cs=1]
              LayoutImage {IMG} at (1,1) size 214x275
            LayoutTableCell {TD} at (652,128) size 131x22 [r=0 c=3 rs=1 cs=1]
              LayoutText {#text} at (1,1) size 4x19
                text run at (1,1) width 4: " "
