layer at (0,0) size 800x600
  LayoutView at (0,0) size 800x600
layer at (0,0) size 800x600
  LayoutBlockFlow {HTML} at (0,0) size 800x600
    LayoutBlockFlow {BODY} at (8,8) size 784x584
      LayoutBlockFlow (anonymous) at (0,0) size 784x20
        LayoutText {#text} at (0,0) size 291x19
          text run at (0,0) width 291: "The following sets of buttons should not overlap."
      LayoutTable {TABLE} at (0,20) size 784x26
        LayoutTableSection {TBODY} at (0,0) size 784x26
          LayoutTableRow {TR} at (0,1) size 784x24
            LayoutTableCell {TD} at (1,1) size 71x24 [r=0 c=0 rs=1 cs=1]
              LayoutButton {INPUT} at (1,1) size 69x22 [bgcolor=#C0C0C0] [border: (2px outset #C0C0C0)]
                LayoutBlockFlow (anonymous) at (8,3) size 53x16
                  LayoutText {#text} at (0,0) size 53x16
                    text run at (0,0) width 53: "New Mail"
            LayoutTableCell {TD} at (73,1) size 51x24 [r=0 c=1 rs=1 cs=1]
              LayoutButton {INPUT} at (1,1) size 49x22 [bgcolor=#C0C0C0] [border: (2px outset #C0C0C0)]
                LayoutBlockFlow (anonymous) at (8,3) size 33x16
                  LayoutText {#text} at (0,0) size 33x16
                    text run at (0,0) width 33: "Reply"
            LayoutTableCell {TD} at (125,1) size 70x24 [r=0 c=2 rs=1 cs=1]
              LayoutButton {INPUT} at (1,1) size 68x22 [bgcolor=#C0C0C0] [border: (2px outset #C0C0C0)]
                LayoutBlockFlow (anonymous) at (8,3) size 52x16
                  LayoutText {#text} at (0,0) size 52x16
                    text run at (0,0) width 52: "Reply All"
            LayoutTableCell {TD} at (196,2) size 587x22 [r=0 c=3 rs=1 cs=1]
              LayoutText {#text} at (1,1) size 4x19
                text run at (1,1) width 4: " "
      LayoutBlockFlow (anonymous) at (0,46) size 784x40
        LayoutBR {BR} at (0,0) size 0x19
        LayoutBR {BR} at (0,20) size 0x19
      LayoutTable {TABLE} at (0,86) size 784x26
        LayoutTableSection {TBODY} at (0,0) size 784x26
          LayoutTableRow {TR} at (0,1) size 784x24
            LayoutTableCell {TD} at (1,1) size 71x24 [r=0 c=0 rs=1 cs=1]
              LayoutButton {INPUT} at (1,1) size 69x22 [bgcolor=#C0C0C0] [border: (2px outset #C0C0C0)]
                LayoutBlockFlow (anonymous) at (8,3) size 53x16
                  LayoutText {#text} at (0,0) size 53x16
                    text run at (0,0) width 53: "New Mail"
            LayoutTableCell {TD} at (73,1) size 51x24 [r=0 c=1 rs=1 cs=1]
              LayoutButton {INPUT} at (1,1) size 49x22 [bgcolor=#C0C0C0] [border: (2px outset #C0C0C0)]
                LayoutBlockFlow (anonymous) at (8,3) size 33x16
                  LayoutText {#text} at (0,0) size 33x16
                    text run at (0,0) width 33: "Reply"
            LayoutTableCell {TD} at (125,1) size 70x24 [r=0 c=2 rs=1 cs=1]
              LayoutButton {INPUT} at (1,1) size 68x22 [bgcolor=#C0C0C0] [border: (2px outset #C0C0C0)]
                LayoutBlockFlow (anonymous) at (8,3) size 52x16
                  LayoutText {#text} at (0,0) size 52x16
                    text run at (0,0) width 52: "Reply All"
            LayoutTableCell {TD} at (196,2) size 587x22 [r=0 c=3 rs=1 cs=1]
              LayoutText {#text} at (1,1) size 4x19
                text run at (1,1) width 4: " "
