layer at (0,0) size 800x600
  LayoutView at (0,0) size 800x600
layer at (0,0) size 800x165
  LayoutBlockFlow {html} at (0,0) size 800x165
    LayoutBlockFlow {body} at (8,16) size 784x141 [color=#008000]
      LayoutBlockFlow {p} at (0,0) size 784x20 [color=#000000]
        LayoutText {#text} at (0,0) size 227x19
          text run at (0,0) width 227: "There should be a green block below."
      LayoutBlockFlow (anonymous) at (0,36) size 784x105
        LayoutSVGRoot {svg} at (0,0) size 300x100
          LayoutSVGRect {rect} at (0,0) size 300x100 [fill={[type=SOLID] [color=#FF0000]}] [x=0.00] [y=0.00] [width=300.00] [height=100.00]
          LayoutSVGRect {rect} at (0,0) size 300x100 [fill={[type=SOLID] [color=#008000]}] [x=0.00] [y=0.00] [width=300.00] [height=100.00]
        LayoutText {#text} at (0,0) size 0x0
