layer at (0,0) size 800x600
  LayoutView at (0,0) size 800x600
layer at (0,0) size 800x600
  LayoutBlockFlow {HTML} at (0,0) size 800x600
    LayoutBlockFlow {BODY} at (8,8) size 784x584
      LayoutBlockFlow {P} at (0,0) size 36x584
        LayoutText {#text} at (0,0) size 36x566
          text run at (0,0) width 566: "The blue box should be horizontally centered in the black box with 25px of white on the"
          text run at (18,0) width 87: "left and right."
layer at (60,8) size 154x104
  LayoutBlockFlow (relative positioned) {DIV} at (52,0) size 154x104 [border: (2px solid #000000)]
layer at (87,10) size 100x100
  LayoutImage (positioned) {IMG} at (27,2) size 100x100
