layer at (0,0) size 800x600
  LayoutView at (0,0) size 800x600
layer at (0,0) size 800x221
  LayoutBlockFlow {html} at (0,0) size 800x221
    LayoutBlockFlow {body} at (8,8) size 784x205
      LayoutSVGRoot {svg} at (0,0) size 200x200
        LayoutSVGEllipse {circle} at (50,50) size 100x100 [fill={[type=SOLID] [color=#008000]}] [cx=100.00] [cy=100.00] [r=50.00]
        LayoutSVGForeignObject {foreignObject} at (0,0) size 200x200
      LayoutText {#text} at (0,0) size 0x0
layer at (50,0) size 150x200 backgroundClip at (0,8) size 149x283 clip at (0,8) size 149x283
  LayoutBlockFlow (positioned) {div} at (50,0) size 150x200
    LayoutText {#text} at (0,0) size 145x79
      text run at (0,0) width 145: "There should be a green"
      text run at (0,20) width 108: "circle and this text"
      text run at (0,40) width 144: "should be rotated by 45"
      text run at (0,60) width 51: "degrees."
