layer at (0,0) size 800x600
  LayoutView at (0,0) size 800x600
layer at (0,0) size 800x600
  LayoutBlockFlow {HTML} at (0,0) size 800x600
    LayoutBlockFlow {BODY} at (0,0) size 800x600
      LayoutBlockFlow (anonymous) at (0,0) size 800x18
        LayoutInline {BDO} at (0,0) size 82x18
          LayoutText {#text} at (0,0) size 82x18
            text run at (0,0) width 82 RTL override: "\x{300}muspimeroL"
        LayoutText {#text} at (0,0) size 0x0
      LayoutBlockFlow {HR} at (0,26) size 800x2 [border: (1px inset #EEEEEE)]
      LayoutBlockFlow (anonymous) at (0,36) size 800x18
        LayoutText {#text} at (0,0) size 287x18
          text run at (0,0) width 287: "\x{201C}remips\x{201D} should be highlighted in the above."
selection start: position 3 of child 0 {#text} of child 3 {BDO} of body
selection end:   position 9 of child 0 {#text} of child 3 {BDO} of body
