layer at (0,0) size 800x600
  LayoutView at (0,0) size 800x600
layer at (0,0) size 800x600
  LayoutBlockFlow {HTML} at (0,0) size 800x600
    LayoutBlockFlow {BODY} at (8,8) size 784x576
      LayoutBlockFlow {P} at (0,0) size 784x36
        LayoutText {#text} at (0,0) size 54x18
          text run at (0,0) width 54: "Test for "
        LayoutInline {I} at (0,0) size 759x36
          LayoutInline {A} at (0,0) size 303x18 [color=#0000EE]
            LayoutText {#text} at (53,0) size 303x18
              text run at (53,0) width 303: "http://bugs.webkit.org/show_bug.cgi?id=11124"
          LayoutText {#text} at (355,0) size 759x36
            text run at (355,0) width 5: " "
            text run at (359,0) width 400: "REGRESSION (r14297): No drag image for partially-selected"
            text run at (0,18) width 81: "complex text"
        LayoutText {#text} at (80,18) size 5x18
          text run at (80,18) width 5: "."
      LayoutBlockFlow {P} at (0,52) size 784x18
        LayoutText {#text} at (0,0) size 147x18
          text run at (0,0) width 147: "This should look like \x{201C}"
        LayoutInline {SPAN} at (0,0) size 87x18 [color=#008000]
          LayoutText {#text} at (146,0) size 87x18
            text run at (146,0) width 87: "Lore\x{300}m ipsum"
        LayoutText {#text} at (232,0) size 16x18
          text run at (232,0) width 16: "\x{201D}: "
        LayoutInline {SPAN} at (0,0) size 91x18
          LayoutText {#text} at (247,0) size 91x18
            text run at (247,0) width 91: " Lore\x{300}m ipsum"
        LayoutText {#text} at (0,0) size 0x0
selection start: position 1 of child 0 {#text} of child 3 {SPAN} of child 2 {P} of body
selection end:   position 13 of child 0 {#text} of child 3 {SPAN} of child 2 {P} of body
