layer at (0,0) size 800x600
  LayoutView at (0,0) size 800x600
layer at (0,0) size 800x76
  LayoutBlockFlow {HTML} at (0,0) size 800x76
    LayoutBlockFlow {BODY} at (8,8) size 784x52
      LayoutBlockFlow (anonymous) at (0,0) size 784x18
        LayoutInline {BDO} at (0,0) size 82x18
          LayoutText {#text} at (0,0) size 82x18
            text run at (0,0) width 82 RTL override: "m\x{300}uspimeroL"
        LayoutText {#text} at (0,0) size 0x0
      LayoutBlockFlow {P} at (0,34) size 784x18
        LayoutText {#text} at (0,0) size 408x18
          text run at (0,0) width 408: "Tests that rtl selections are repainted correctly for complex text."
selection start: position 2 of child 0 {#text} of child 3 {BDO} of body
selection end:   position 6 of child 0 {#text} of child 3 {BDO} of body
