layer at (0,0) size 800x600
  LayoutView at (0,0) size 800x600
layer at (0,0) size 800x600
  LayoutBlockFlow {HTML} at (0,0) size 800x600
    LayoutBlockFlow {BODY} at (8,8) size 784x584
      LayoutBlockFlow {P} at (0,0) size 784x36
        LayoutText {#text} at (0,0) size 54x18
          text run at (0,0) width 54: "Test for "
        LayoutInline {I} at (0,0) size 677x36
          LayoutInline {A} at (0,0) size 305x18 [color=#0000EE]
            LayoutText {#text} at (53,0) size 305x18
              text run at (53,0) width 305: "http://bugs.webkit.org/show_bug.cgi?id=10144"
          LayoutText {#text} at (357,0) size 677x36
            text run at (357,0) width 5: " "
            text run at (361,0) width 316: "REGRESSION: Reproducible assertion failure in"
            text run at (0,18) width 293: "DeleteSelectionCommand::fixupWhitespace()"
        LayoutText {#text} at (292,18) size 5x18
          text run at (292,18) width 5: "."
      LayoutBlockFlow {DIV} at (0,52) size 784x100
        LayoutText {#text} at (0,0) size 0x18
          text run at (0,0) width 0: " "
        LayoutBR {BR} at (0,18) size 0x18
caret: position 0 of child 1 {BR} of child 3 {DIV} of body
