layer at (0,0) size 800x600
  LayoutView at (0,0) size 800x600
layer at (0,0) size 800x600
  LayoutBlockFlow {HTML} at (0,0) size 800x600
    LayoutBlockFlow {BODY} at (8,8) size 784x584
      LayoutBlockFlow {DIV} at (0,0) size 784x20
        LayoutText {#text} at (0,15) size 70x18
          text run at (0,15) width 70: "The House"
selection start: position 3 of child 0 {#text} of child 0 {DIV} of body
selection end:   position 12 of child 0 {#text} of child 0 {DIV} of body
