layer at (0,0) size 800x600
  LayoutView at (0,0) size 800x600
layer at (0,0) size 800x600
  LayoutBlockFlow {HTML} at (0,0) size 800x600
    LayoutFrameSet {FRAMESET} at (0,0) size 800x600
layer at (0,0) size 800x600
  LayoutFrame {FRAME} at (0,0) size 800x600
    layer at (0,0) size 800x600
      LayoutView at (0,0) size 800x600
    layer at (0,0) size 800x600
      LayoutBlockFlow {HTML} at (0,0) size 800x600
        LayoutBlockFlow {BODY} at (8,8) size 784x579
          LayoutBlockFlow {PRE} at (0,0) size 784x80
            LayoutText {#text} at (0,0) size 784x80
              text run at (0,0) width 416: "This line should wrap with no horizontal scroll bar:"
              text run at (416,0) width 0: " "
              text run at (0,16) width 0: " "
              text run at (0,32) width 784: "abcdefghijklmnopqrstuvwxyzabcdefghijklmnopqrstuvwxyzabcdefghijklmnopqrstuvwxyzabcdefghijklmnopqrst"
              text run at (0,48) width 784: "uvwxyzabcdefghijklmnopqrstuvwxyzabcdefghijklmnopqrstuvwxyzabcdefghijklmnopqrstuvwxyzabcdefghijklmn"
              text run at (0,64) width 512: "opqrstuvwxyzabcdefghijklmnopqrstuvwxyzabcdefghijklmnopqrstuvwxyz"
              text run at (512,64) width 0: " "
