layer at (0,0) size 800x600
  LayoutView at (0,0) size 800x600
layer at (0,0) size 800x76
  LayoutBlockFlow {HTML} at (0,0) size 800x76
    LayoutBlockFlow {BODY} at (8,8) size 784x60
      LayoutBlockFlow {PROGRESS} at (0,2.19) size 160x16 [border: (2px solid #0000FF)]
        LayoutBlockFlow {DIV} at (2,2) size 156x12
          LayoutBlockFlow {DIV} at (0,0) size 156x12 [bgcolor=#808080]
            LayoutBlockFlow {DIV} at (0,0) size 0x12 [bgcolor=#008000]
      LayoutText {#text} at (160,0) size 4x19
        text run at (160,0) width 4: " "
      LayoutBR {BR} at (164,0) size 0x19
      LayoutBlockFlow {PROGRESS} at (0,22.19) size 160x16 [border: (2px solid #0000FF)]
        LayoutBlockFlow {DIV} at (2,2) size 156x12
          LayoutBlockFlow {DIV} at (0,0) size 156x12 [bgcolor=#808080]
            LayoutBlockFlow {DIV} at (0,0) size 0x12 [bgcolor=#008000]
      LayoutText {#text} at (160,20) size 4x19
        text run at (160,20) width 4: " "
      LayoutBR {BR} at (164,20) size 0x19
      LayoutBlockFlow {PROGRESS} at (0,42.19) size 160x16 [border: (2px solid #FF0000)]
        LayoutBlockFlow {DIV} at (2,2) size 156x12
          LayoutBlockFlow {DIV} at (0,0) size 156x12 [bgcolor=#808080]
            LayoutBlockFlow {DIV} at (0,0) size 78x12 [bgcolor=#008000]
      LayoutText {#text} at (0,0) size 0x0
