layer at (0,0) size 800x600
  LayoutView at (0,0) size 800x600
layer at (0,0) size 800x600
  LayoutBlockFlow {HTML} at (0,0) size 800x600
    LayoutBlockFlow {BODY} at (8,8) size 784x584
layer at (16,16) size 768x568 clip at (16,16) size 753x568 scrollHeight 1024
  LayoutBlockFlow (positioned) {DIV} at (16,16) size 768x568
layer at (16,16) size 753x1024 backgroundClip at (16,16) size 753x568 clip at (16,16) size 753x568
  LayoutBlockFlow (positioned) {DIV} at (0,0) size 753x1024 [bgcolor=#008000]
    LayoutText {#text} at (0,0) size 316x17
      text run at (0,0) width 316: "This test passes if there is no horizontal scrollbar."
