layer at (0,0) size 800x600 clip at (0,0) size 785x600 scrollHeight 605
  LayoutView at (0,0) size 800x600
layer at (0,0) size 785x605 backgroundClip at (0,0) size 785x600 clip at (0,0) size 785x600
  LayoutBlockFlow {HTML} at (0,0) size 785x605
    LayoutBlockFlow {BODY} at (8,8) size 769x589 [bgcolor=#CCCCCC]
      LayoutBlockFlow {P} at (0,0) size 769x20
        LayoutText {#text} at (0,0) size 380x19
          text run at (0,0) width 380: "The style declarations which apply to the text below are:"
      LayoutBlockFlow {PRE} at (0,36) size 769x64
        LayoutText {#text} at (0,0) size 264x64
          text run at (0,0) width 264: "P:first-line {font-weight: bold;}"
          text run at (264,0) width 0: " "
          text run at (0,16) width 256: "P.two:first-line {color: green;}"
          text run at (256,16) width 0: " "
          text run at (0,32) width 256: "P:first-line.three {color: red;}"
          text run at (256,32) width 0: " "
          text run at (0,48) width 0: " "
      LayoutBlockFlow {P} at (0,131) size 769x40
        LayoutText {#text} at (0,0) size 718x39
          text run at (0,0) width 339: "The first line of this sentence should be boldfaced. "
          text run at (339,0) width 379: "This test is included simply to establish a baseline for the"
          text run at (0,20) width 636: "following tests, since if this test fails, then the rest of the tests on this page are expected to fail as well."
      LayoutBlockFlow {P} at (0,187) size 769x40
        LayoutText {#text} at (0,0) size 754x39
          text run at (0,0) width 555: "The first line of this sentence should be boldfaced and green, thanks to its selector. "
          text run at (554,0) width 200: "If this is not the case, then the"
          text run at (0,20) width 565: "user agent may have failed to properly parse the selector, or it may simply not support the "
        LayoutInline {TT} at (0,0) size 89x16
          LayoutText {#text} at (564,23) size 89x16
            text run at (564,23) width 89: ":first-line"
        LayoutText {#text} at (652,20) size 108x19
          text run at (652,20) width 108: " pseudo-element."
      LayoutBlockFlow {P} at (0,243) size 769x80
        LayoutText {#text} at (0,0) size 766x79
          text run at (0,0) width 339: "The first line of this sentence should be boldfaced. "
          text run at (339,0) width 415: "If it is red, then the user agent has violated the specification in"
          text run at (0,20) width 431: "allowing pseudo-elements at a point other than the end of a selector. "
          text run at (430,20) width 336: "If neither is the case, then the user agent has correctly"
          text run at (0,40) width 750: "ignored the incorrect selector, but has suppressed other styles which are valid, and therefore must be considered to have"
          text run at (0,60) width 87: "failed the test."
      LayoutTable {TABLE} at (0,339) size 769x250 [border: (1px outset #808080)]
        LayoutTableSection {TBODY} at (1,1) size 767x248
          LayoutTableRow {TR} at (0,0) size 767x28
            LayoutTableCell {TD} at (0,0) size 767x28 [bgcolor=#C0C0C0] [border: (1px inset #808080)] [r=0 c=0 rs=1 cs=2]
              LayoutInline {STRONG} at (0,0) size 161x19
                LayoutText {#text} at (4,4) size 161x19
                  text run at (4,4) width 161: "TABLE Testing Section"
          LayoutTableRow {TR} at (0,28) size 767x220
            LayoutTableCell {TD} at (0,124) size 12x28 [bgcolor=#C0C0C0] [border: (1px inset #808080)] [r=1 c=0 rs=1 cs=1]
              LayoutText {#text} at (4,4) size 4x19
                text run at (4,4) width 4: " "
            LayoutTableCell {TD} at (12,28) size 755x220 [border: (1px inset #808080)] [r=1 c=1 rs=1 cs=1]
              LayoutBlockFlow {P} at (4,4) size 747x40
                LayoutText {#text} at (0,0) size 718x39
                  text run at (0,0) width 339: "The first line of this sentence should be boldfaced. "
                  text run at (339,0) width 379: "This test is included simply to establish a baseline for the"
                  text run at (0,20) width 636: "following tests, since if this test fails, then the rest of the tests on this page are expected to fail as well."
              LayoutBlockFlow {P} at (4,60) size 747x60
                LayoutText {#text} at (0,0) size 729x39
                  text run at (0,0) width 555: "The first line of this sentence should be boldfaced and green, thanks to its selector. "
                  text run at (554,0) width 175: "If this is not the case, then"
                  text run at (0,20) width 588: "the user agent may have failed to properly parse the selector, or it may simply not support the "
                LayoutInline {TT} at (0,0) size 89x16
                  LayoutText {#text} at (587,23) size 89x16
                    text run at (587,23) width 89: ":first-line"
                LayoutText {#text} at (675,20) size 730x39
                  text run at (675,20) width 55: " pseudo-"
                  text run at (0,40) width 53: "element."
              LayoutBlockFlow {P} at (4,136) size 747x80
                LayoutText {#text} at (0,0) size 737x79
                  text run at (0,0) width 339: "The first line of this sentence should be boldfaced. "
                  text run at (339,0) width 398: "If it is red, then the user agent has violated the specification"
                  text run at (0,20) width 447: "in allowing pseudo-elements at a point other than the end of a selector. "
                  text run at (446,20) width 277: "If neither is the case, then the user agent has"
                  text run at (0,40) width 687: "correctly ignored the incorrect selector, but has suppressed other styles which are valid, and therefore must be"
                  text run at (0,60) width 209: "considered to have failed the test."
layer at (8,121) size 769x2 clip at (0,0) size 0x0
  LayoutBlockFlow {HR} at (0,113) size 769x2 [border: (1px inset #EEEEEE)]
