layer at (0,0) size 800x600
  LayoutView at (0,0) size 800x600
layer at (0,0) size 800x600
  LayoutBlockFlow {HTML} at (0,0) size 800x600
    LayoutBlockFlow {BODY} at (8,8) size 784x584
      LayoutBlockFlow {H1} at (0,0) size 784x37
        LayoutText {#text} at (0,0) size 90x36
          text run at (0,0) width 90: "Blocks"
      LayoutBlockFlow {DIV} at (0,58.44) size 784x20
        LayoutInline {<pseudo:before>} at (0,0) size 34x19
          LayoutTextFragment (anonymous) at (0,0) size 34x19
            text run at (0,0) width 34: "Test: "
        LayoutText {#text} at (34,0) size 46x19
          text run at (34,0) width 46: "content"
      LayoutBlockFlow {DIV} at (0,78.44) size 784x20
        LayoutBlockFlow {<pseudo:before>} at (0,0) size 30x20
          LayoutTextFragment (anonymous) at (0,0) size 30x19
            text run at (0,0) width 30: "Test:"
        LayoutText {#text} at (30,0) size 46x19
          text run at (30,0) width 46: "content"
      LayoutBlockFlow {DIV} at (0,98.44) size 784x20
        LayoutTable {<pseudo:before>} at (0,0) size 30x20
          LayoutTableSection (anonymous) at (0,0) size 30x20
            LayoutTableRow (anonymous) at (0,0) size 30x20
              LayoutTableCell (anonymous) at (0,0) size 30x20 [r=0 c=0 rs=1 cs=1]
                LayoutTextFragment (anonymous) at (0,0) size 30x19
                  text run at (0,0) width 30: "Test:"
        LayoutText {#text} at (30,0) size 46x19
          text run at (30,0) width 46: "content"
      LayoutBlockFlow {H1} at (0,139.88) size 784x37
        LayoutText {#text} at (0,0) size 92x36
          text run at (0,0) width 92: "Inlines"
      LayoutBlockFlow (anonymous) at (0,198.31) size 784x60
        LayoutInline {SPAN} at (0,0) size 80x19
          LayoutInline {<pseudo:before>} at (0,0) size 34x19
            LayoutTextFragment (anonymous) at (0,0) size 34x19
              text run at (0,0) width 34: "Test: "
          LayoutText {#text} at (34,0) size 46x19
            text run at (34,0) width 46: "content"
        LayoutBR {BR} at (80,15) size 0x0
        LayoutInline {SPAN} at (0,0) size 76x19
          LayoutBlockFlow {<pseudo:before>} at (0,20) size 30x20
            LayoutTextFragment (anonymous) at (0,0) size 30x19
              text run at (0,0) width 30: "Test:"
          LayoutText {#text} at (30,20) size 46x19
            text run at (30,20) width 46: "content"
        LayoutBR {BR} at (76,35) size 0x0
        LayoutInline {SPAN} at (0,0) size 76x19
          LayoutTable {<pseudo:before>} at (0,40) size 30x20
            LayoutTableSection (anonymous) at (0,0) size 30x20
              LayoutTableRow (anonymous) at (0,0) size 30x20
                LayoutTableCell (anonymous) at (0,0) size 30x20 [r=0 c=0 rs=1 cs=1]
                  LayoutTextFragment (anonymous) at (0,0) size 30x19
                    text run at (0,0) width 30: "Test:"
          LayoutText {#text} at (30,40) size 46x19
            text run at (30,40) width 46: "content"
        LayoutBR {BR} at (76,55) size 0x0
