layer at (0,0) size 800x600
  LayoutView at (0,0) size 800x600
layer at (0,0) size 800x600
  LayoutBlockFlow {HTML} at (0,0) size 800x600
    LayoutBlockFlow {BODY} at (8,8) size 784x584 [color=#FF0000]
      LayoutBlockFlow {P} at (0,0) size 784x20
        LayoutText {#text} at (0,0) size 369x19
          text run at (0,0) width 369: "Should say \x{201C}BEFORE CONTENT AFTER CONTENT\x{201D}"
      LayoutTable {DIV} at (0,36) size 77x60
        LayoutTableSection (anonymous) at (0,0) size 77x60
          LayoutTableRow {<pseudo:before>} at (0,0) size 77x20
            LayoutTableCell (anonymous) at (0,0) size 77x20 [r=0 c=0 rs=1 cs=1]
              LayoutTextFragment (anonymous) at (0,0) size 63x19
                text run at (0,0) width 63: "BEFORE"
          LayoutTableRow (anonymous) at (0,20) size 77x20
            LayoutTableCell (anonymous) at (0,20) size 77x20 [r=1 c=0 rs=1 cs=1]
              LayoutBlockFlow {DIV} at (0,0) size 77x20
                LayoutText {#text} at (0,0) size 77x19
                  text run at (0,0) width 77: "CONTENT"
          LayoutTableRow {<pseudo:after>} at (0,40) size 77x20
            LayoutTableCell (anonymous) at (0,40) size 77x20 [r=2 c=0 rs=1 cs=1]
              LayoutTextFragment (anonymous) at (0,0) size 52x19
                text run at (0,0) width 52: "AFTER"
      LayoutBlockFlow (anonymous) at (0,96) size 784x20
        LayoutText {#text} at (0,0) size 77x19
          text run at (0,0) width 77: "CONTENT"
