layer at (0,0) size 800x600
  LayoutView at (0,0) size 800x600
layer at (0,0) size 800x476
  LayoutNGBlockFlow {HTML} at (0,0) size 800x476
    LayoutNGBlockFlow {BODY} at (8,16) size 784x452
      LayoutNGBlockFlow {P} at (0,0) size 784x20
        LayoutText {#text} at (0,0) size 203x19
          text run at (0,0) width 203: "The word 'PASS' should be seen "
        LayoutInline {EM} at (0,0) size 34x19
          LayoutText {#text} at (203,0) size 34x19
            text run at (203,0) width 34: "twice"
        LayoutText {#text} at (237,0) size 523x19
          text run at (237,0) width 523: " below. They appear together because they are composited, and hence not fragmented."
layer at (8,52) size 208x416
  LayoutNGBlockFlow {DIV} at (0,36) size 208x416
    LayoutMultiColumnSet (anonymous) at (0,0) size 208x416
layer at (-240,52) size 456x128 backgroundClip at (8,0) size 792x188 clip at (8,0) size 792x188
  LayoutMultiColumnFlowThread (anonymous) at (0,0) size 456x128
    LayoutNGBlockFlow (anonymous) at (248,0) size 368x128
      LayoutBR {BR} at (183,0) size 0x0
      LayoutBR {BR} at (151,0) size 0x0
      LayoutBR {BR} at (119,0) size 0x0
      LayoutBR {BR} at (87,0) size 0x0
      LayoutBR {BR} at (55,0) size 0x0
      LayoutBR {BR} at (23,0) size 0x0
      LayoutBR {BR} at (0,0) size 0x0
      LayoutBR {BR} at (0,0) size 0x0
      LayoutBR {BR} at (0,0) size 0x0
      LayoutBR {BR} at (0,0) size 0x0
      LayoutBR {BR} at (0,0) size 0x0
layer at (0,64) size 160x288
  LayoutNGBlockFlow (positioned) {DIV} at (0,64) size 160x288 [bgcolor=#FFFF00]
layer at (-64,412) size 80x112 backgroundClip at (8,188) size 208x144 clip at (8,188) size 208x144
  LayoutNGBlockFlow (relative positioned) {DIV} at (408,216) size 80x112
    LayoutText {#text} at (23,0) size 19x37
      text run at (23,0) width 37: "PASS"
    LayoutBR {BR} at (23,37) size 0x0
    LayoutText {#text} at (0,0) size 0x0
