layer at (0,0) size 800x600 scrollHeight 975
  LayoutView at (0,0) size 1046x799
layer at (0,0) size 1046x975 backgroundClip at (0,0) size 800x600 clip at (0,0) size 800x600
  LayoutBlockFlow {HTML} at (0,0) size 1046x975
    LayoutBlockFlow {BODY} at (0,0) size 1046x975
      LayoutTable {TABLE} at (0,0) size 174x975
        LayoutTableSection {THEAD} at (0,0) size 174x44
          LayoutTableRow {TR} at (0,0) size 174x44
            LayoutTableCell {TD} at (0,10) size 58x24 [border: (1px solid #000000)] [r=0 c=0 rs=1 cs=1]
              LayoutText {#text} at (2,2) size 54x19
                text run at (2,2) width 54: "header 1"
            LayoutTableCell {TD} at (58,10) size 58x24 [border: (1px solid #000000)] [r=0 c=1 rs=1 cs=1]
              LayoutText {#text} at (2,2) size 54x19
                text run at (2,2) width 54: "header 2"
            LayoutTableCell {TD} at (116,10) size 58x24 [border: (1px solid #000000)] [r=0 c=2 rs=1 cs=1]
              LayoutText {#text} at (2,2) size 54x19
                text run at (2,2) width 54: "header 3"
        LayoutTableSection {TBODY} at (0,44) size 174x931
          LayoutTableRow {TR} at (0,0) size 174x44
            LayoutTableCell {TD} at (0,10) size 58x24 [border: (1px solid #000000)] [r=0 c=0 rs=1 cs=1]
              LayoutText {#text} at (2,2) size 21x19
                text run at (2,2) width 21: "1-1"
            LayoutTableCell {TD} at (58,10) size 58x24 [border: (1px solid #000000)] [r=0 c=1 rs=1 cs=1]
              LayoutText {#text} at (2,2) size 21x19
                text run at (2,2) width 21: "2-1"
            LayoutTableCell {TD} at (116,10) size 58x24 [border: (1px solid #000000)] [r=0 c=2 rs=1 cs=1]
              LayoutText {#text} at (2,2) size 21x19
                text run at (2,2) width 21: "3-1"
          LayoutTableRow {TR} at (0,44) size 174x44
            LayoutTableCell {TD} at (0,54) size 58x24 [border: (1px solid #000000)] [r=1 c=0 rs=1 cs=1]
              LayoutText {#text} at (2,2) size 21x19
                text run at (2,2) width 21: "1-2"
            LayoutTableCell {TD} at (58,54) size 58x24 [border: (1px solid #000000)] [r=1 c=1 rs=1 cs=1]
              LayoutText {#text} at (2,2) size 21x19
                text run at (2,2) width 21: "2-2"
            LayoutTableCell {TD} at (116,54) size 58x24 [border: (1px solid #000000)] [r=1 c=2 rs=1 cs=1]
              LayoutText {#text} at (2,2) size 21x19
                text run at (2,2) width 21: "3-2"
          LayoutTableRow {TR} at (0,88) size 174x44
            LayoutTableCell {TD} at (0,98) size 58x24 [border: (1px solid #000000)] [r=2 c=0 rs=1 cs=1]
              LayoutText {#text} at (2,2) size 21x19
                text run at (2,2) width 21: "1-3"
            LayoutTableCell {TD} at (58,98) size 58x24 [border: (1px solid #000000)] [r=2 c=1 rs=1 cs=1]
              LayoutText {#text} at (2,2) size 21x19
                text run at (2,2) width 21: "2-3"
            LayoutTableCell {TD} at (116,98) size 58x24 [border: (1px solid #000000)] [r=2 c=2 rs=1 cs=1]
              LayoutText {#text} at (2,2) size 21x19
                text run at (2,2) width 21: "3-3"
          LayoutTableRow {TR} at (0,132) size 174x44
            LayoutTableCell {TD} at (0,142) size 58x24 [border: (1px solid #000000)] [r=3 c=0 rs=1 cs=1]
              LayoutText {#text} at (2,2) size 21x19
                text run at (2,2) width 21: "1-4"
            LayoutTableCell {TD} at (58,142) size 58x24 [border: (1px solid #000000)] [r=3 c=1 rs=1 cs=1]
              LayoutText {#text} at (2,2) size 21x19
                text run at (2,2) width 21: "2-4"
            LayoutTableCell {TD} at (116,142) size 58x24 [border: (1px solid #000000)] [r=3 c=2 rs=1 cs=1]
              LayoutText {#text} at (2,2) size 21x19
                text run at (2,2) width 21: "3-4"
          LayoutTableRow {TR} at (0,176) size 174x44
            LayoutTableCell {TD} at (0,186) size 58x24 [border: (1px solid #000000)] [r=4 c=0 rs=1 cs=1]
              LayoutText {#text} at (2,2) size 21x19
                text run at (2,2) width 21: "1-5"
            LayoutTableCell {TD} at (58,186) size 58x24 [border: (1px solid #000000)] [r=4 c=1 rs=1 cs=1]
              LayoutText {#text} at (2,2) size 21x19
                text run at (2,2) width 21: "2-5"
            LayoutTableCell {TD} at (116,186) size 58x24 [border: (1px solid #000000)] [r=4 c=2 rs=1 cs=1]
              LayoutText {#text} at (2,2) size 21x19
                text run at (2,2) width 21: "3-5"
          LayoutTableRow {TR} at (0,220) size 174x44
            LayoutTableCell {TD} at (0,230) size 58x24 [border: (1px solid #000000)] [r=5 c=0 rs=1 cs=1]
              LayoutText {#text} at (2,2) size 21x19
                text run at (2,2) width 21: "1-6"
            LayoutTableCell {TD} at (58,230) size 58x24 [border: (1px solid #000000)] [r=5 c=1 rs=1 cs=1]
              LayoutText {#text} at (2,2) size 21x19
                text run at (2,2) width 21: "2-6"
            LayoutTableCell {TD} at (116,230) size 58x24 [border: (1px solid #000000)] [r=5 c=2 rs=1 cs=1]
              LayoutText {#text} at (2,2) size 21x19
                text run at (2,2) width 21: "3-6"
          LayoutTableRow {TR} at (0,264) size 174x44
            LayoutTableCell {TD} at (0,274) size 58x24 [border: (1px solid #000000)] [r=6 c=0 rs=1 cs=1]
              LayoutText {#text} at (2,2) size 21x19
                text run at (2,2) width 21: "1-7"
            LayoutTableCell {TD} at (58,274) size 58x24 [border: (1px solid #000000)] [r=6 c=1 rs=1 cs=1]
              LayoutText {#text} at (2,2) size 21x19
                text run at (2,2) width 21: "2-7"
            LayoutTableCell {TD} at (116,274) size 58x24 [border: (1px solid #000000)] [r=6 c=2 rs=1 cs=1]
              LayoutText {#text} at (2,2) size 21x19
                text run at (2,2) width 21: "3-7"
          LayoutTableRow {TR} at (0,308) size 174x44
            LayoutTableCell {TD} at (0,318) size 58x24 [border: (1px solid #000000)] [r=7 c=0 rs=1 cs=1]
              LayoutText {#text} at (2,2) size 21x19
                text run at (2,2) width 21: "1-8"
            LayoutTableCell {TD} at (58,318) size 58x24 [border: (1px solid #000000)] [r=7 c=1 rs=1 cs=1]
              LayoutText {#text} at (2,2) size 21x19
                text run at (2,2) width 21: "2-8"
            LayoutTableCell {TD} at (116,318) size 58x24 [border: (1px solid #000000)] [r=7 c=2 rs=1 cs=1]
              LayoutText {#text} at (2,2) size 21x19
                text run at (2,2) width 21: "3-8"
          LayoutTableRow {TR} at (0,352) size 174x44
            LayoutTableCell {TD} at (0,362) size 58x24 [border: (1px solid #000000)] [r=8 c=0 rs=1 cs=1]
              LayoutText {#text} at (2,2) size 21x19
                text run at (2,2) width 21: "1-9"
            LayoutTableCell {TD} at (58,362) size 58x24 [border: (1px solid #000000)] [r=8 c=1 rs=1 cs=1]
              LayoutText {#text} at (2,2) size 21x19
                text run at (2,2) width 21: "2-9"
            LayoutTableCell {TD} at (116,362) size 58x24 [border: (1px solid #000000)] [r=8 c=2 rs=1 cs=1]
              LayoutText {#text} at (2,2) size 21x19
                text run at (2,2) width 21: "3-9"
          LayoutTableRow {TR} at (0,396) size 174x44
            LayoutTableCell {TD} at (0,406) size 58x24 [border: (1px solid #000000)] [r=9 c=0 rs=1 cs=1]
              LayoutText {#text} at (2,2) size 29x19
                text run at (2,2) width 29: "1-10"
            LayoutTableCell {TD} at (58,406) size 58x24 [border: (1px solid #000000)] [r=9 c=1 rs=1 cs=1]
              LayoutText {#text} at (2,2) size 29x19
                text run at (2,2) width 29: "2-10"
            LayoutTableCell {TD} at (116,406) size 58x24 [border: (1px solid #000000)] [r=9 c=2 rs=1 cs=1]
              LayoutText {#text} at (2,2) size 29x19
                text run at (2,2) width 29: "3-10"
          LayoutTableRow {TR} at (0,440) size 174x44
            LayoutTableCell {TD} at (0,450) size 58x24 [border: (1px solid #000000)] [r=10 c=0 rs=1 cs=1]
              LayoutText {#text} at (2,2) size 28x19
                text run at (2,2) width 28: "1-11"
            LayoutTableCell {TD} at (58,450) size 58x24 [border: (1px solid #000000)] [r=10 c=1 rs=1 cs=1]
              LayoutText {#text} at (2,2) size 28x19
                text run at (2,2) width 28: "2-11"
            LayoutTableCell {TD} at (116,450) size 58x24 [border: (1px solid #000000)] [r=10 c=2 rs=1 cs=1]
              LayoutText {#text} at (2,2) size 28x19
                text run at (2,2) width 28: "3-11"
          LayoutTableRow {TR} at (0,484) size 174x44
            LayoutTableCell {TD} at (0,494) size 58x24 [border: (1px solid #000000)] [r=11 c=0 rs=1 cs=1]
              LayoutText {#text} at (2,2) size 29x19
                text run at (2,2) width 29: "1-12"
            LayoutTableCell {TD} at (58,494) size 58x24 [border: (1px solid #000000)] [r=11 c=1 rs=1 cs=1]
              LayoutText {#text} at (2,2) size 29x19
                text run at (2,2) width 29: "2-12"
            LayoutTableCell {TD} at (116,494) size 58x24 [border: (1px solid #000000)] [r=11 c=2 rs=1 cs=1]
              LayoutText {#text} at (2,2) size 29x19
                text run at (2,2) width 29: "3-12"
          LayoutTableRow {TR} at (0,528) size 174x44
            LayoutTableCell {TD} at (0,538) size 58x24 [border: (1px solid #000000)] [r=12 c=0 rs=1 cs=1]
              LayoutText {#text} at (2,2) size 29x19
                text run at (2,2) width 29: "1-13"
            LayoutTableCell {TD} at (58,538) size 58x24 [border: (1px solid #000000)] [r=12 c=1 rs=1 cs=1]
              LayoutText {#text} at (2,2) size 29x19
                text run at (2,2) width 29: "2-13"
            LayoutTableCell {TD} at (116,538) size 58x24 [border: (1px solid #000000)] [r=12 c=2 rs=1 cs=1]
              LayoutText {#text} at (2,2) size 29x19
                text run at (2,2) width 29: "3-13"
          LayoutTableRow {TR} at (0,572) size 174x44
            LayoutTableCell {TD} at (0,582) size 58x24 [border: (1px solid #000000)] [r=13 c=0 rs=1 cs=1]
              LayoutText {#text} at (2,2) size 29x19
                text run at (2,2) width 29: "1-14"
            LayoutTableCell {TD} at (58,582) size 58x24 [border: (1px solid #000000)] [r=13 c=1 rs=1 cs=1]
              LayoutText {#text} at (2,2) size 29x19
                text run at (2,2) width 29: "2-14"
            LayoutTableCell {TD} at (116,582) size 58x24 [border: (1px solid #000000)] [r=13 c=2 rs=1 cs=1]
              LayoutText {#text} at (2,2) size 29x19
                text run at (2,2) width 29: "3-14"
          LayoutTableRow {TR} at (0,616) size 174x44
            LayoutTableCell {TD} at (0,626) size 58x24 [border: (1px solid #000000)] [r=14 c=0 rs=1 cs=1]
              LayoutText {#text} at (2,2) size 29x19
                text run at (2,2) width 29: "1-15"
            LayoutTableCell {TD} at (58,626) size 58x24 [border: (1px solid #000000)] [r=14 c=1 rs=1 cs=1]
              LayoutText {#text} at (2,2) size 29x19
                text run at (2,2) width 29: "2-15"
            LayoutTableCell {TD} at (116,626) size 58x24 [border: (1px solid #000000)] [r=14 c=2 rs=1 cs=1]
              LayoutText {#text} at (2,2) size 29x19
                text run at (2,2) width 29: "3-15"
          LayoutTableRow {TR} at (0,660) size 174x44
            LayoutTableCell {TD} at (0,670) size 58x24 [border: (1px solid #000000)] [r=15 c=0 rs=1 cs=1]
              LayoutText {#text} at (2,2) size 29x19
                text run at (2,2) width 29: "1-16"
            LayoutTableCell {TD} at (58,670) size 58x24 [border: (1px solid #000000)] [r=15 c=1 rs=1 cs=1]
              LayoutText {#text} at (2,2) size 29x19
                text run at (2,2) width 29: "2-16"
            LayoutTableCell {TD} at (116,670) size 58x24 [border: (1px solid #000000)] [r=15 c=2 rs=1 cs=1]
              LayoutText {#text} at (2,2) size 29x19
                text run at (2,2) width 29: "3-16"
          LayoutTableRow {TR} at (0,704) size 174x44
            LayoutTableCell {TD} at (0,714) size 58x24 [border: (1px solid #000000)] [r=16 c=0 rs=1 cs=1]
              LayoutText {#text} at (2,2) size 29x19
                text run at (2,2) width 29: "1-17"
            LayoutTableCell {TD} at (58,714) size 58x24 [border: (1px solid #000000)] [r=16 c=1 rs=1 cs=1]
              LayoutText {#text} at (2,2) size 29x19
                text run at (2,2) width 29: "2-17"
            LayoutTableCell {TD} at (116,714) size 58x24 [border: (1px solid #000000)] [r=16 c=2 rs=1 cs=1]
              LayoutText {#text} at (2,2) size 29x19
                text run at (2,2) width 29: "3-17"
          LayoutTableRow {TR} at (0,799) size 174x44
            LayoutTableCell {TD} at (0,809) size 58x24 [border: (1px solid #000000)] [r=17 c=0 rs=1 cs=1]
              LayoutText {#text} at (2,2) size 29x19
                text run at (2,2) width 29: "1-18"
            LayoutTableCell {TD} at (58,809) size 58x24 [border: (1px solid #000000)] [r=17 c=1 rs=1 cs=1]
              LayoutText {#text} at (2,2) size 29x19
                text run at (2,2) width 29: "2-18"
            LayoutTableCell {TD} at (116,809) size 58x24 [border: (1px solid #000000)] [r=17 c=2 rs=1 cs=1]
              LayoutText {#text} at (2,2) size 29x19
                text run at (2,2) width 29: "3-18"
          LayoutTableRow {TR} at (0,843) size 174x44
            LayoutTableCell {TD} at (0,853) size 58x24 [border: (1px solid #000000)] [r=18 c=0 rs=1 cs=1]
              LayoutText {#text} at (2,2) size 29x19
                text run at (2,2) width 29: "1-19"
            LayoutTableCell {TD} at (58,853) size 58x24 [border: (1px solid #000000)] [r=18 c=1 rs=1 cs=1]
              LayoutText {#text} at (2,2) size 29x19
                text run at (2,2) width 29: "2-19"
            LayoutTableCell {TD} at (116,853) size 58x24 [border: (1px solid #000000)] [r=18 c=2 rs=1 cs=1]
              LayoutText {#text} at (2,2) size 29x19
                text run at (2,2) width 29: "3-19"
          LayoutTableRow {TR} at (0,887) size 174x44
            LayoutTableCell {TD} at (0,897) size 58x24 [border: (1px solid #000000)] [r=19 c=0 rs=1 cs=1]
              LayoutText {#text} at (2,2) size 29x19
                text run at (2,2) width 29: "1-20"
            LayoutTableCell {TD} at (58,897) size 58x24 [border: (1px solid #000000)] [r=19 c=1 rs=1 cs=1]
              LayoutText {#text} at (2,2) size 29x19
                text run at (2,2) width 29: "2-20"
            LayoutTableCell {TD} at (116,897) size 58x24 [border: (1px solid #000000)] [r=19 c=2 rs=1 cs=1]
              LayoutText {#text} at (2,2) size 29x19
                text run at (2,2) width 29: "3-20"
