layer at (0,0) size 800x600 scrollHeight 2016
  LayoutView at (0,0) size 1561x1193
layer at (0,0) size 1561x2016 backgroundClip at (0,0) size 800x600 clip at (0,0) size 800x600
  LayoutBlockFlow {HTML} at (0,0) size 1561x2016
    LayoutBlockFlow {BODY} at (8,8) size 1545x2000
layer at (8,8) size 1545x2000 backgroundClip at (0,0) size 800x600 clip at (0,0) size 800x600
  LayoutBlockFlow {DIV} at (0,0) size 1545x2000
    LayoutMultiColumnSet (anonymous) at (0,0) size 1545x2000
layer at (8,8) size 765x3840 backgroundClip at (0,0) size 781x600 clip at (0,0) size 781x600
  LayoutMultiColumnFlowThread (anonymous) at (0,0) size 764.50x3840
    LayoutTable {TABLE} at (0,0) size 305x3840
      LayoutTableSection {THEAD} at (0,0) size 305x31
        LayoutTableRow {TR} at (0,2) size 305x27
          LayoutTableCell {TH} at (2,2) size 99x27 [r=0 c=0 rs=1 cs=1]
            LayoutText {#text} at (1,1) size 97x24
              text run at (1,1) width 97: "Column 1"
          LayoutTableCell {TH} at (103,2) size 99x27 [r=0 c=1 rs=1 cs=1]
            LayoutText {#text} at (1,1) size 97x24
              text run at (1,1) width 97: "Column 2"
          LayoutTableCell {TH} at (204,2) size 99x27 [r=0 c=2 rs=1 cs=1]
            LayoutText {#text} at (1,1) size 97x24
              text run at (1,1) width 97: "Column 3"
      LayoutTableSection {TBODY} at (0,31) size 305x3809
        LayoutTableRow {TR} at (0,0) size 305x102
          LayoutTableCell {TD} at (2,37) size 99x27 [r=0 c=0 rs=1 cs=1]
            LayoutText {#text} at (1,1) size 31x24
              text run at (1,1) width 31: "1-1"
          LayoutTableCell {TD} at (103,37) size 99x27 [r=0 c=1 rs=1 cs=1]
            LayoutText {#text} at (1,1) size 31x24
              text run at (1,1) width 31: "2-1"
          LayoutTableCell {TD} at (204,37) size 99x27 [r=0 c=2 rs=1 cs=1]
            LayoutText {#text} at (1,1) size 31x24
              text run at (1,1) width 31: "3-1"
        LayoutTableRow {TR} at (0,104) size 305x102
          LayoutTableCell {TD} at (2,141) size 99x27 [r=1 c=0 rs=1 cs=1]
            LayoutText {#text} at (1,1) size 31x24
              text run at (1,1) width 31: "1-2"
          LayoutTableCell {TD} at (103,141) size 99x27 [r=1 c=1 rs=1 cs=1]
            LayoutText {#text} at (1,1) size 31x24
              text run at (1,1) width 31: "2-2"
          LayoutTableCell {TD} at (204,141) size 99x27 [r=1 c=2 rs=1 cs=1]
            LayoutText {#text} at (1,1) size 31x24
              text run at (1,1) width 31: "3-2"
        LayoutTableRow {TR} at (0,208) size 305x102
          LayoutTableCell {TD} at (2,245) size 99x27 [r=2 c=0 rs=1 cs=1]
            LayoutText {#text} at (1,1) size 31x24
              text run at (1,1) width 31: "1-3"
          LayoutTableCell {TD} at (103,245) size 99x27 [r=2 c=1 rs=1 cs=1]
            LayoutText {#text} at (1,1) size 31x24
              text run at (1,1) width 31: "2-3"
          LayoutTableCell {TD} at (204,245) size 99x27 [r=2 c=2 rs=1 cs=1]
            LayoutText {#text} at (1,1) size 31x24
              text run at (1,1) width 31: "3-3"
        LayoutTableRow {TR} at (0,312) size 305x102
          LayoutTableCell {TD} at (2,349) size 99x27 [r=3 c=0 rs=1 cs=1]
            LayoutText {#text} at (1,1) size 31x24
              text run at (1,1) width 31: "1-4"
          LayoutTableCell {TD} at (103,349) size 99x27 [r=3 c=1 rs=1 cs=1]
            LayoutText {#text} at (1,1) size 31x24
              text run at (1,1) width 31: "2-4"
          LayoutTableCell {TD} at (204,349) size 99x27 [r=3 c=2 rs=1 cs=1]
            LayoutText {#text} at (1,1) size 31x24
              text run at (1,1) width 31: "3-4"
        LayoutTableRow {TR} at (0,416) size 305x102
          LayoutTableCell {TD} at (2,453) size 99x27 [r=4 c=0 rs=1 cs=1]
            LayoutText {#text} at (1,1) size 31x24
              text run at (1,1) width 31: "1-5"
          LayoutTableCell {TD} at (103,453) size 99x27 [r=4 c=1 rs=1 cs=1]
            LayoutText {#text} at (1,1) size 31x24
              text run at (1,1) width 31: "2-5"
          LayoutTableCell {TD} at (204,453) size 99x27 [r=4 c=2 rs=1 cs=1]
            LayoutText {#text} at (1,1) size 31x24
              text run at (1,1) width 31: "3-5"
        LayoutTableRow {TR} at (0,520) size 305x102
          LayoutTableCell {TD} at (2,557) size 99x27 [r=5 c=0 rs=1 cs=1]
            LayoutText {#text} at (1,1) size 31x24
              text run at (1,1) width 31: "1-6"
          LayoutTableCell {TD} at (103,557) size 99x27 [r=5 c=1 rs=1 cs=1]
            LayoutText {#text} at (1,1) size 31x24
              text run at (1,1) width 31: "2-6"
          LayoutTableCell {TD} at (204,557) size 99x27 [r=5 c=2 rs=1 cs=1]
            LayoutText {#text} at (1,1) size 31x24
              text run at (1,1) width 31: "3-6"
        LayoutTableRow {TR} at (0,624) size 305x102
          LayoutTableCell {TD} at (2,661) size 99x27 [r=6 c=0 rs=1 cs=1]
            LayoutText {#text} at (1,1) size 31x24
              text run at (1,1) width 31: "1-7"
          LayoutTableCell {TD} at (103,661) size 99x27 [r=6 c=1 rs=1 cs=1]
            LayoutText {#text} at (1,1) size 31x24
              text run at (1,1) width 31: "2-7"
          LayoutTableCell {TD} at (204,661) size 99x27 [r=6 c=2 rs=1 cs=1]
            LayoutText {#text} at (1,1) size 31x24
              text run at (1,1) width 31: "3-7"
        LayoutTableRow {TR} at (0,728) size 305x102
          LayoutTableCell {TD} at (2,765) size 99x27 [r=7 c=0 rs=1 cs=1]
            LayoutText {#text} at (1,1) size 31x24
              text run at (1,1) width 31: "1-8"
          LayoutTableCell {TD} at (103,765) size 99x27 [r=7 c=1 rs=1 cs=1]
            LayoutText {#text} at (1,1) size 31x24
              text run at (1,1) width 31: "2-8"
          LayoutTableCell {TD} at (204,765) size 99x27 [r=7 c=2 rs=1 cs=1]
            LayoutText {#text} at (1,1) size 31x24
              text run at (1,1) width 31: "3-8"
        LayoutTableRow {TR} at (0,832) size 305x102
          LayoutTableCell {TD} at (2,869) size 99x27 [r=8 c=0 rs=1 cs=1]
            LayoutText {#text} at (1,1) size 31x24
              text run at (1,1) width 31: "1-9"
          LayoutTableCell {TD} at (103,869) size 99x27 [r=8 c=1 rs=1 cs=1]
            LayoutText {#text} at (1,1) size 31x24
              text run at (1,1) width 31: "2-9"
          LayoutTableCell {TD} at (204,869) size 99x27 [r=8 c=2 rs=1 cs=1]
            LayoutText {#text} at (1,1) size 31x24
              text run at (1,1) width 31: "3-9"
        LayoutTableRow {TR} at (0,936) size 305x102
          LayoutTableCell {TD} at (2,973) size 99x27 [r=9 c=0 rs=1 cs=1]
            LayoutText {#text} at (1,1) size 43x24
              text run at (1,1) width 43: "1-10"
          LayoutTableCell {TD} at (103,973) size 99x27 [r=9 c=1 rs=1 cs=1]
            LayoutText {#text} at (1,1) size 43x24
              text run at (1,1) width 43: "2-10"
          LayoutTableCell {TD} at (204,973) size 99x27 [r=9 c=2 rs=1 cs=1]
            LayoutText {#text} at (1,1) size 43x24
              text run at (1,1) width 43: "3-10"
        LayoutTableRow {TR} at (0,1040) size 305x102
          LayoutTableCell {TD} at (2,1077) size 99x27 [r=10 c=0 rs=1 cs=1]
            LayoutText {#text} at (1,1) size 42x24
              text run at (1,1) width 42: "1-11"
          LayoutTableCell {TD} at (103,1077) size 99x27 [r=10 c=1 rs=1 cs=1]
            LayoutText {#text} at (1,1) size 42x24
              text run at (1,1) width 42: "2-11"
          LayoutTableCell {TD} at (204,1077) size 99x27 [r=10 c=2 rs=1 cs=1]
            LayoutText {#text} at (1,1) size 42x24
              text run at (1,1) width 42: "3-11"
        LayoutTableRow {TR} at (0,1185) size 305x102
          LayoutTableCell {TD} at (2,1222) size 99x27 [r=11 c=0 rs=1 cs=1]
            LayoutText {#text} at (1,1) size 43x24
              text run at (1,1) width 43: "1-12"
          LayoutTableCell {TD} at (103,1222) size 99x27 [r=11 c=1 rs=1 cs=1]
            LayoutText {#text} at (1,1) size 43x24
              text run at (1,1) width 43: "2-12"
          LayoutTableCell {TD} at (204,1222) size 99x27 [r=11 c=2 rs=1 cs=1]
            LayoutText {#text} at (1,1) size 43x24
              text run at (1,1) width 43: "3-12"
        LayoutTableRow {TR} at (0,1289) size 305x102
          LayoutTableCell {TD} at (2,1326) size 99x27 [r=12 c=0 rs=1 cs=1]
            LayoutText {#text} at (1,1) size 43x24
              text run at (1,1) width 43: "1-13"
          LayoutTableCell {TD} at (103,1326) size 99x27 [r=12 c=1 rs=1 cs=1]
            LayoutText {#text} at (1,1) size 43x24
              text run at (1,1) width 43: "2-13"
          LayoutTableCell {TD} at (204,1326) size 99x27 [r=12 c=2 rs=1 cs=1]
            LayoutText {#text} at (1,1) size 43x24
              text run at (1,1) width 43: "3-13"
        LayoutTableRow {TR} at (0,1393) size 305x102
          LayoutTableCell {TD} at (2,1430) size 99x27 [r=13 c=0 rs=1 cs=1]
            LayoutText {#text} at (1,1) size 43x24
              text run at (1,1) width 43: "1-14"
          LayoutTableCell {TD} at (103,1430) size 99x27 [r=13 c=1 rs=1 cs=1]
            LayoutText {#text} at (1,1) size 43x24
              text run at (1,1) width 43: "2-14"
          LayoutTableCell {TD} at (204,1430) size 99x27 [r=13 c=2 rs=1 cs=1]
            LayoutText {#text} at (1,1) size 43x24
              text run at (1,1) width 43: "3-14"
        LayoutTableRow {TR} at (0,1497) size 305x102
          LayoutTableCell {TD} at (2,1534) size 99x27 [r=14 c=0 rs=1 cs=1]
            LayoutText {#text} at (1,1) size 43x24
              text run at (1,1) width 43: "1-15"
          LayoutTableCell {TD} at (103,1534) size 99x27 [r=14 c=1 rs=1 cs=1]
            LayoutText {#text} at (1,1) size 43x24
              text run at (1,1) width 43: "2-15"
          LayoutTableCell {TD} at (204,1534) size 99x27 [r=14 c=2 rs=1 cs=1]
            LayoutText {#text} at (1,1) size 43x24
              text run at (1,1) width 43: "3-15"
        LayoutTableRow {TR} at (0,1601) size 305x102
          LayoutTableCell {TD} at (2,1638) size 99x27 [r=15 c=0 rs=1 cs=1]
            LayoutText {#text} at (1,1) size 43x24
              text run at (1,1) width 43: "1-16"
          LayoutTableCell {TD} at (103,1638) size 99x27 [r=15 c=1 rs=1 cs=1]
            LayoutText {#text} at (1,1) size 43x24
              text run at (1,1) width 43: "2-16"
          LayoutTableCell {TD} at (204,1638) size 99x27 [r=15 c=2 rs=1 cs=1]
            LayoutText {#text} at (1,1) size 43x24
              text run at (1,1) width 43: "3-16"
        LayoutTableRow {TR} at (0,1705) size 305x102
          LayoutTableCell {TD} at (2,1742) size 99x27 [r=16 c=0 rs=1 cs=1]
            LayoutText {#text} at (1,1) size 43x24
              text run at (1,1) width 43: "1-17"
          LayoutTableCell {TD} at (103,1742) size 99x27 [r=16 c=1 rs=1 cs=1]
            LayoutText {#text} at (1,1) size 43x24
              text run at (1,1) width 43: "2-17"
          LayoutTableCell {TD} at (204,1742) size 99x27 [r=16 c=2 rs=1 cs=1]
            LayoutText {#text} at (1,1) size 43x24
              text run at (1,1) width 43: "3-17"
        LayoutTableRow {TR} at (0,1809) size 305x102
          LayoutTableCell {TD} at (2,1846) size 99x27 [r=17 c=0 rs=1 cs=1]
            LayoutText {#text} at (1,1) size 43x24
              text run at (1,1) width 43: "1-18"
          LayoutTableCell {TD} at (103,1846) size 99x27 [r=17 c=1 rs=1 cs=1]
            LayoutText {#text} at (1,1) size 43x24
              text run at (1,1) width 43: "2-18"
          LayoutTableCell {TD} at (204,1846) size 99x27 [r=17 c=2 rs=1 cs=1]
            LayoutText {#text} at (1,1) size 43x24
              text run at (1,1) width 43: "3-18"
        LayoutTableRow {TR} at (0,1913) size 305x102
          LayoutTableCell {TD} at (2,1950) size 99x27 [r=18 c=0 rs=1 cs=1]
            LayoutText {#text} at (1,1) size 43x24
              text run at (1,1) width 43: "1-19"
          LayoutTableCell {TD} at (103,1950) size 99x27 [r=18 c=1 rs=1 cs=1]
            LayoutText {#text} at (1,1) size 43x24
              text run at (1,1) width 43: "2-19"
          LayoutTableCell {TD} at (204,1950) size 99x27 [r=18 c=2 rs=1 cs=1]
            LayoutText {#text} at (1,1) size 43x24
              text run at (1,1) width 43: "3-19"
        LayoutTableRow {TR} at (0,2017) size 305x102
          LayoutTableCell {TD} at (2,2054) size 99x27 [r=19 c=0 rs=1 cs=1]
            LayoutText {#text} at (1,1) size 43x24
              text run at (1,1) width 43: "1-20"
          LayoutTableCell {TD} at (103,2054) size 99x27 [r=19 c=1 rs=1 cs=1]
            LayoutText {#text} at (1,1) size 43x24
              text run at (1,1) width 43: "2-20"
          LayoutTableCell {TD} at (204,2054) size 99x27 [r=19 c=2 rs=1 cs=1]
            LayoutText {#text} at (1,1) size 43x24
              text run at (1,1) width 43: "3-20"
        LayoutTableRow {TR} at (0,2121) size 305x102
          LayoutTableCell {TD} at (2,2158) size 99x27 [r=20 c=0 rs=1 cs=1]
            LayoutText {#text} at (1,1) size 43x24
              text run at (1,1) width 43: "1-21"
          LayoutTableCell {TD} at (103,2158) size 99x27 [r=20 c=1 rs=1 cs=1]
            LayoutText {#text} at (1,1) size 43x24
              text run at (1,1) width 43: "2-21"
          LayoutTableCell {TD} at (204,2158) size 99x27 [r=20 c=2 rs=1 cs=1]
            LayoutText {#text} at (1,1) size 43x24
              text run at (1,1) width 43: "3-21"
        LayoutTableRow {TR} at (0,2225) size 305x102
          LayoutTableCell {TD} at (2,2262) size 99x27 [r=21 c=0 rs=1 cs=1]
            LayoutText {#text} at (1,1) size 43x24
              text run at (1,1) width 43: "1-22"
          LayoutTableCell {TD} at (103,2262) size 99x27 [r=21 c=1 rs=1 cs=1]
            LayoutText {#text} at (1,1) size 43x24
              text run at (1,1) width 43: "2-22"
          LayoutTableCell {TD} at (204,2262) size 99x27 [r=21 c=2 rs=1 cs=1]
            LayoutText {#text} at (1,1) size 43x24
              text run at (1,1) width 43: "3-22"
        LayoutTableRow {TR} at (0,2370) size 305x102
          LayoutTableCell {TD} at (2,2407) size 99x27 [r=22 c=0 rs=1 cs=1]
            LayoutText {#text} at (1,1) size 43x24
              text run at (1,1) width 43: "1-23"
          LayoutTableCell {TD} at (103,2407) size 99x27 [r=22 c=1 rs=1 cs=1]
            LayoutText {#text} at (1,1) size 43x24
              text run at (1,1) width 43: "2-23"
          LayoutTableCell {TD} at (204,2407) size 99x27 [r=22 c=2 rs=1 cs=1]
            LayoutText {#text} at (1,1) size 43x24
              text run at (1,1) width 43: "3-23"
        LayoutTableRow {TR} at (0,2474) size 305x102
          LayoutTableCell {TD} at (2,2511) size 99x27 [r=23 c=0 rs=1 cs=1]
            LayoutText {#text} at (1,1) size 43x24
              text run at (1,1) width 43: "1-24"
          LayoutTableCell {TD} at (103,2511) size 99x27 [r=23 c=1 rs=1 cs=1]
            LayoutText {#text} at (1,1) size 43x24
              text run at (1,1) width 43: "2-24"
          LayoutTableCell {TD} at (204,2511) size 99x27 [r=23 c=2 rs=1 cs=1]
            LayoutText {#text} at (1,1) size 43x24
              text run at (1,1) width 43: "3-24"
        LayoutTableRow {TR} at (0,2578) size 305x102
          LayoutTableCell {TD} at (2,2615) size 99x27 [r=24 c=0 rs=1 cs=1]
            LayoutText {#text} at (1,1) size 43x24
              text run at (1,1) width 43: "1-25"
          LayoutTableCell {TD} at (103,2615) size 99x27 [r=24 c=1 rs=1 cs=1]
            LayoutText {#text} at (1,1) size 43x24
              text run at (1,1) width 43: "2-25"
          LayoutTableCell {TD} at (204,2615) size 99x27 [r=24 c=2 rs=1 cs=1]
            LayoutText {#text} at (1,1) size 43x24
              text run at (1,1) width 43: "3-25"
        LayoutTableRow {TR} at (0,2682) size 305x102
          LayoutTableCell {TD} at (2,2719) size 99x27 [r=25 c=0 rs=1 cs=1]
            LayoutText {#text} at (1,1) size 43x24
              text run at (1,1) width 43: "1-26"
          LayoutTableCell {TD} at (103,2719) size 99x27 [r=25 c=1 rs=1 cs=1]
            LayoutText {#text} at (1,1) size 43x24
              text run at (1,1) width 43: "2-26"
          LayoutTableCell {TD} at (204,2719) size 99x27 [r=25 c=2 rs=1 cs=1]
            LayoutText {#text} at (1,1) size 43x24
              text run at (1,1) width 43: "3-26"
        LayoutTableRow {TR} at (0,2786) size 305x102
          LayoutTableCell {TD} at (2,2823) size 99x27 [r=26 c=0 rs=1 cs=1]
            LayoutText {#text} at (1,1) size 43x24
              text run at (1,1) width 43: "1-27"
          LayoutTableCell {TD} at (103,2823) size 99x27 [r=26 c=1 rs=1 cs=1]
            LayoutText {#text} at (1,1) size 43x24
              text run at (1,1) width 43: "2-27"
          LayoutTableCell {TD} at (204,2823) size 99x27 [r=26 c=2 rs=1 cs=1]
            LayoutText {#text} at (1,1) size 43x24
              text run at (1,1) width 43: "3-27"
        LayoutTableRow {TR} at (0,2890) size 305x102
          LayoutTableCell {TD} at (2,2927) size 99x27 [r=27 c=0 rs=1 cs=1]
            LayoutText {#text} at (1,1) size 43x24
              text run at (1,1) width 43: "1-28"
          LayoutTableCell {TD} at (103,2927) size 99x27 [r=27 c=1 rs=1 cs=1]
            LayoutText {#text} at (1,1) size 43x24
              text run at (1,1) width 43: "2-28"
          LayoutTableCell {TD} at (204,2927) size 99x27 [r=27 c=2 rs=1 cs=1]
            LayoutText {#text} at (1,1) size 43x24
              text run at (1,1) width 43: "3-28"
        LayoutTableRow {TR} at (0,2994) size 305x102
          LayoutTableCell {TD} at (2,3031) size 99x27 [r=28 c=0 rs=1 cs=1]
            LayoutText {#text} at (1,1) size 43x24
              text run at (1,1) width 43: "1-29"
          LayoutTableCell {TD} at (103,3031) size 99x27 [r=28 c=1 rs=1 cs=1]
            LayoutText {#text} at (1,1) size 43x24
              text run at (1,1) width 43: "2-29"
          LayoutTableCell {TD} at (204,3031) size 99x27 [r=28 c=2 rs=1 cs=1]
            LayoutText {#text} at (1,1) size 43x24
              text run at (1,1) width 43: "3-29"
        LayoutTableRow {TR} at (0,3185) size 305x102
          LayoutTableCell {TD} at (2,3222) size 99x27 [r=29 c=0 rs=1 cs=1]
            LayoutText {#text} at (1,1) size 43x24
              text run at (1,1) width 43: "1-30"
          LayoutTableCell {TD} at (103,3222) size 99x27 [r=29 c=1 rs=1 cs=1]
            LayoutText {#text} at (1,1) size 43x24
              text run at (1,1) width 43: "2-30"
          LayoutTableCell {TD} at (204,3222) size 99x27 [r=29 c=2 rs=1 cs=1]
            LayoutText {#text} at (1,1) size 43x24
              text run at (1,1) width 43: "3-30"
        LayoutTableRow {TR} at (0,3289) size 305x102
          LayoutTableCell {TD} at (2,3326) size 99x27 [r=30 c=0 rs=1 cs=1]
            LayoutText {#text} at (1,1) size 43x24
              text run at (1,1) width 43: "1-31"
          LayoutTableCell {TD} at (103,3326) size 99x27 [r=30 c=1 rs=1 cs=1]
            LayoutText {#text} at (1,1) size 43x24
              text run at (1,1) width 43: "2-31"
          LayoutTableCell {TD} at (204,3326) size 99x27 [r=30 c=2 rs=1 cs=1]
            LayoutText {#text} at (1,1) size 43x24
              text run at (1,1) width 43: "3-31"
        LayoutTableRow {TR} at (0,3393) size 305x102
          LayoutTableCell {TD} at (2,3430) size 99x27 [r=31 c=0 rs=1 cs=1]
            LayoutText {#text} at (1,1) size 43x24
              text run at (1,1) width 43: "1-32"
          LayoutTableCell {TD} at (103,3430) size 99x27 [r=31 c=1 rs=1 cs=1]
            LayoutText {#text} at (1,1) size 43x24
              text run at (1,1) width 43: "2-32"
          LayoutTableCell {TD} at (204,3430) size 99x27 [r=31 c=2 rs=1 cs=1]
            LayoutText {#text} at (1,1) size 43x24
              text run at (1,1) width 43: "3-32"
        LayoutTableRow {TR} at (0,3497) size 305x102
          LayoutTableCell {TD} at (2,3534) size 99x27 [r=32 c=0 rs=1 cs=1]
            LayoutText {#text} at (1,1) size 43x24
              text run at (1,1) width 43: "1-33"
          LayoutTableCell {TD} at (103,3534) size 99x27 [r=32 c=1 rs=1 cs=1]
            LayoutText {#text} at (1,1) size 43x24
              text run at (1,1) width 43: "2-33"
          LayoutTableCell {TD} at (204,3534) size 99x27 [r=32 c=2 rs=1 cs=1]
            LayoutText {#text} at (1,1) size 43x24
              text run at (1,1) width 43: "3-33"
        LayoutTableRow {TR} at (0,3601) size 305x102
          LayoutTableCell {TD} at (2,3638) size 99x27 [r=33 c=0 rs=1 cs=1]
            LayoutText {#text} at (1,1) size 43x24
              text run at (1,1) width 43: "1-34"
          LayoutTableCell {TD} at (103,3638) size 99x27 [r=33 c=1 rs=1 cs=1]
            LayoutText {#text} at (1,1) size 43x24
              text run at (1,1) width 43: "2-34"
          LayoutTableCell {TD} at (204,3638) size 99x27 [r=33 c=2 rs=1 cs=1]
            LayoutText {#text} at (1,1) size 43x24
              text run at (1,1) width 43: "3-34"
        LayoutTableRow {TR} at (0,3705) size 305x102
          LayoutTableCell {TD} at (2,3742) size 99x27 [r=34 c=0 rs=1 cs=1]
            LayoutText {#text} at (1,1) size 43x24
              text run at (1,1) width 43: "1-35"
          LayoutTableCell {TD} at (103,3742) size 99x27 [r=34 c=1 rs=1 cs=1]
            LayoutText {#text} at (1,1) size 43x24
              text run at (1,1) width 43: "2-35"
          LayoutTableCell {TD} at (204,3742) size 99x27 [r=34 c=2 rs=1 cs=1]
            LayoutText {#text} at (1,1) size 43x24
              text run at (1,1) width 43: "3-35"
