layer at (0,0) size 800x600 scrollHeight 1778
  LayoutView at (0,0) size 800x600
layer at (0,0) size 800x1778 backgroundClip at (0,0) size 800x600 clip at (0,0) size 800x600
  LayoutBlockFlow {HTML} at (0,0) size 800x1778.19
    LayoutBlockFlow {BODY} at (8,17.41) size 784x1752.78 [color=#00FF00] [bgcolor=#333333]
      LayoutBlockFlow {H1} at (0,0) size 784x30
        LayoutText {#text} at (0,0) size 515x30
          text run at (0,0) width 515: "CSS2 Table Backgrounds Test Suite"
      LayoutBlockFlow {H2} at (0,47.41) size 784x22
        LayoutText {#text} at (0,0) size 293x22
          text run at (0,0) width 293: "Part C: Background Layers"
      LayoutBlockFlow {H3} at (0,85.58) size 784x17
        LayoutText {#text} at (0,0) size 153x17
          text run at (0,0) width 153: "empty-cells: show"
      LayoutBlockFlow {P} at (0,117.78) size 784x16
        LayoutText {#text} at (0,0) size 336x16
          text run at (0,0) width 336: "Both tables should have a blue background."
      LayoutBlockFlow {P} at (0,146.78) size 784x16
        LayoutText {#text} at (0,0) size 496x16
          text run at (0,0) width 496: "In table cell C (third cell in the first row), which is empty:"
      LayoutBlockFlow {UL} at (0,175.78) size 784x129
        LayoutListItem {LI} at (40,0) size 744x32
          LayoutListMarker (anonymous) at (-16,0) size 6x16: bullet
          LayoutText {#text} at (0,0) size 728x32
            text run at (0,0) width 728: "Four sets of horizontal double violet stripes surrounded by aqua should run just inside the"
            text run at (0,16) width 128: "top border edge."
        LayoutListItem {LI} at (40,32) size 744x32
          LayoutListMarker (anonymous) at (-16,0) size 6x16: bullet
          LayoutText {#text} at (0,0) size 704x32
            text run at (0,0) width 704: "One set of aqua-backed double violet stripes should run just inside the left, right, and"
            text run at (0,16) width 160: "bottom border edges."
        LayoutListItem {LI} at (40,64) size 744x32
          LayoutListMarker (anonymous) at (-16,0) size 6x16: bullet
          LayoutText {#text} at (0,0) size 744x32
            text run at (0,0) width 744: "The third set along the top should turn down at the right edge and go under the fourth set to"
            text run at (0,16) width 192: "form the right-edge set."
        LayoutListItem {LI} at (40,96) size 744x16
          LayoutListMarker (anonymous) at (-16,0) size 6x16: bullet
          LayoutText {#text} at (0,0) size 560x16
            text run at (0,0) width 560: "The fourth set should turn down at the left edge to form the left set."
        LayoutListItem {LI} at (40,112) size 744x17
          LayoutListMarker (anonymous) at (-16,1) size 6x16: bullet
          LayoutText {#text} at (0,1) size 416x16
            text run at (0,1) width 416: "The bottom stripe should be straight and cut across "
          LayoutInline {EM} at (0,0) size 32x17
            LayoutText {#text} at (416,0) size 32x17
              text run at (416,0) width 32: "over"
          LayoutText {#text} at (448,1) size 120x16
            text run at (448,1) width 120: " the side sets."
      LayoutBlockFlow {P} at (0,317.78) size 784x16
        LayoutText {#text} at (0,0) size 376x16
          text run at (0,0) width 376: "In table cell A, (first cell in the first row):"
      LayoutBlockFlow {UL} at (0,346.78) size 784x80
        LayoutListItem {LI} at (40,0) size 744x32
          LayoutListMarker (anonymous) at (-16,0) size 6x16: bullet
          LayoutText {#text} at (0,0) size 712x32
            text run at (0,0) width 712: "Three sets of horizontal aqua-backed double violet stripes should run just inside the top"
            text run at (0,16) width 96: "border edge."
        LayoutListItem {LI} at (40,32) size 744x16
          LayoutListMarker (anonymous) at (-16,0) size 6x16: bullet
          LayoutText {#text} at (0,0) size 256x16
            text run at (0,0) width 256: "The first set should run across."
        LayoutListItem {LI} at (40,48) size 744x32
          LayoutListMarker (anonymous) at (-16,0) size 6x16: bullet
          LayoutText {#text} at (0,0) size 720x32
            text run at (0,0) width 720: "The second set should turn down at the left edge, going over the third set to form another"
            text run at (0,16) width 376: "set that runs just inside the left border edge."
      LayoutBlockFlow {P} at (0,439.78) size 784x16
        LayoutText {#text} at (0,0) size 368x16
          text run at (0,0) width 368: "In table cell D, (last cell in the first row):"
      LayoutBlockFlow {UL} at (0,468.78) size 784x64
        LayoutListItem {LI} at (40,0) size 744x32
          LayoutListMarker (anonymous) at (-16,0) size 6x16: bullet
          LayoutText {#text} at (0,0) size 744x32
            text run at (0,0) width 744: "Two sets of horizontal aqua-backed double violet strips should run just inside the top border"
            text run at (0,16) width 40: "edge."
        LayoutListItem {LI} at (40,32) size 744x32
          LayoutListMarker (anonymous) at (-16,0) size 6x16: bullet
          LayoutText {#text} at (0,0) size 720x32
            text run at (0,0) width 720: "The first set should turn down at the right edge, going under the second horizontal set to"
            text run at (0,16) width 392: "run vertically just inside the right border edge."
      LayoutBlockFlow {P} at (0,545.78) size 784x16
        LayoutText {#text} at (0,0) size 384x16
          text run at (0,0) width 384: "In table cell G, (third cell in the second row):"
      LayoutBlockFlow {UL} at (0,574.78) size 784x96
        LayoutListItem {LI} at (40,0) size 744x32
          LayoutListMarker (anonymous) at (-16,0) size 6x16: bullet
          LayoutText {#text} at (0,0) size 696x32
            text run at (0,0) width 696: "Two sets of horizontal aqua-backed double violet stripes should run just inside the top"
            text run at (0,16) width 96: "border edge."
        LayoutListItem {LI} at (40,32) size 744x32
          LayoutListMarker (anonymous) at (-16,0) size 6x16: bullet
          LayoutText {#text} at (0,0) size 736x32
            text run at (0,0) width 736: "A set of vertical stripes should run down just inside the left border edge, going under both"
            text run at (0,16) width 152: "horizontal stripes."
        LayoutListItem {LI} at (40,64) size 744x32
          LayoutListMarker (anonymous) at (-16,0) size 6x16: bullet
          LayoutText {#text} at (0,0) size 744x32
            text run at (0,0) width 744: "Another set of vertical stripes should run down just inside the right border edge, also going"
            text run at (0,16) width 240: "under both horizontal stripes."
      LayoutBlockFlow {DL} at (0,683.78) size 784x96
        LayoutBlockFlow {DT} at (0,0) size 784x16
          LayoutText {#text} at (0,0) size 32x16
            text run at (0,0) width 32: "next"
        LayoutBlockFlow {DD} at (40,16) size 744x16
          LayoutInline {A} at (0,0) size 288x16 [color=#FFFF00]
            LayoutText {#text} at (0,0) size 288x16
              text run at (0,0) width 288: "Background Layers: empty-cells: show"
          LayoutText {#text} at (0,0) size 0x0
        LayoutBlockFlow {DT} at (0,32) size 784x16
          LayoutText {#text} at (0,0) size 64x16
            text run at (0,0) width 64: "previous"
        LayoutBlockFlow {DD} at (40,48) size 744x16
          LayoutInline {A} at (0,0) size 376x16 [color=#FFFF00]
            LayoutText {#text} at (0,0) size 376x16
              text run at (0,0) width 376: "Background Position: Background on 'table-cell'"
          LayoutText {#text} at (0,0) size 0x0
        LayoutBlockFlow {DT} at (0,64) size 784x16
          LayoutText {#text} at (0,0) size 64x16
            text run at (0,0) width 64: "contents"
        LayoutBlockFlow {DD} at (40,80) size 744x16
          LayoutInline {A} at (0,0) size 136x16 [color=#FFFF00]
            LayoutText {#text} at (0,0) size 136x16
              text run at (0,0) width 136: "Table of Contents"
          LayoutText {#text} at (0,0) size 0x0
      LayoutTable {TABLE} at (0,792.78) size 618x471 [color=#FFFFFF] [bgcolor=#0000FF] [border: (1px dotted #FFFFFF)]
        LayoutBlockFlow {CAPTION} at (0,0) size 618x27
          LayoutText {#text} at (142,0) size 334x27
            text run at (142,0) width 334: "With 'border-collapse: separate'"
        LayoutTableCol {COLGROUP} at (0,0) size 0x0
          LayoutTableCol {COL} at (0,0) size 0x0
          LayoutTableCol {COL} at (0,0) size 0x0
          LayoutTableCol {COL} at (0,0) size 0x0
        LayoutTableCol {COLGROUP} at (0,0) size 0x0
          LayoutTableCol {COL} at (0,0) size 0x0
        LayoutTableSection {THEAD} at (1,28) size 616x114
          LayoutTableRow {TR} at (0,7) size 616x100
            LayoutTableCell {TH} at (7,44) size 130x26 [border: (1px dotted #FFFFFF)] [r=0 c=0 rs=1 cs=1]
              LayoutText {#text} at (42,2) size 46x21
                text run at (42,2) width 46: "TH A"
            LayoutTableCell {TH} at (144,32) size 220x50 [border: (13px dotted #FFFFFF)] [r=0 c=1 rs=1 cs=1]
              LayoutText {#text} at (87,14) size 46x21
                text run at (87,14) width 46: "TH B"
            LayoutTableCell {TH} at (371,55) size 118x4 [border: (1px dotted #FFFFFF)] [r=0 c=2 rs=1 cs=1]
            LayoutTableCell {TH} at (496,44) size 113x26 [border: (1px dotted #FFFFFF)] [r=0 c=3 rs=1 cs=1]
              LayoutText {#text} at (34,2) size 45x21
                text run at (34,2) width 45: "TH D"
        LayoutTableSection {TFOOT} at (1,348) size 616x122
          LayoutTableRow {TR} at (0,0) size 616x115
            LayoutTableCell {TD} at (7,42) size 357x31 [border: (1px dotted #FFFFFF)] [r=0 c=0 rs=1 cs=2]
              LayoutText {#text} at (2,2) size 54x27
                text run at (2,2) width 54: "TD M"
            LayoutTableCell {TD} at (371,42) size 118x31 [border: (1px dotted #FFFFFF)] [r=0 c=2 rs=1 cs=1]
              LayoutText {#text} at (2,2) size 52x27
                text run at (2,2) width 52: "TD O"
            LayoutTableCell {TD} at (496,42) size 113x31 [border: (1px dotted #FFFFFF)] [r=0 c=3 rs=1 cs=1]
              LayoutText {#text} at (2,2) size 50x27
                text run at (2,2) width 50: "TD P"
        LayoutTableSection {TBODY} at (1,142) size 616x206
          LayoutTableRow {TR} at (0,0) size 616x108
            LayoutTableCell {TD} at (7,72) size 130x55 [border: (13px dotted #FFFFFF)] [r=0 c=0 rs=2 cs=1]
              LayoutText {#text} at (14,14) size 50x27
                text run at (14,14) width 50: "TD E"
            LayoutTableCell {TD} at (144,38) size 220x31 [border: (1px dotted #FFFFFF)] [r=0 c=1 rs=1 cs=1]
              LayoutText {#text} at (2,2) size 48x27
                text run at (2,2) width 48: "TD F"
            LayoutTableCell {TD} at (371,38) size 118x31 [border: (1px dotted #FFFFFF)] [r=0 c=2 rs=1 cs=1]
              LayoutText {#text} at (2,2) size 52x27
                text run at (2,2) width 52: "TD G"
            LayoutTableCell {TD} at (496,38) size 113x31 [border: (1px dotted #FFFFFF)] [r=0 c=3 rs=1 cs=1]
              LayoutText {#text} at (2,2) size 52x27
                text run at (2,2) width 52: "TD H"
          LayoutTableRow {TR} at (0,115) size 616x84
            LayoutTableCell {TD} at (144,141) size 220x31 [border: (1px dotted #FFFFFF)] [r=1 c=1 rs=1 cs=1]
              LayoutText {#text} at (2,2) size 48x27
                text run at (2,2) width 48: "TD J"
            LayoutTableCell {TD} at (371,141) size 118x31 [border: (1px dotted #FFFFFF)] [r=1 c=2 rs=1 cs=1]
              LayoutText {#text} at (2,2) size 52x27
                text run at (2,2) width 52: "TD K"
            LayoutTableCell {TD} at (496,141) size 113x31 [border: (1px dotted #FFFFFF)] [r=1 c=3 rs=1 cs=1]
              LayoutText {#text} at (2,2) size 48x27
                text run at (2,2) width 48: "TD L"
      LayoutTable {TABLE} at (0,1263.78) size 578x437 [color=#FFFFFF] [bgcolor=#0000FF] [border: (6px dotted #FFFFFF)]
        LayoutBlockFlow {CAPTION} at (0,0) size 578x27
          LayoutText {#text} at (124,0) size 330x27
            text run at (124,0) width 330: "With 'border-collapse: collapse'"
        LayoutTableCol {COLGROUP} at (0,0) size 0x0
          LayoutTableCol {COL} at (0,0) size 0x0
          LayoutTableCol {COL} at (0,0) size 0x0
          LayoutTableCol {COL} at (0,0) size 0x0
        LayoutTableCol {COLGROUP} at (0,0) size 0x0
          LayoutTableCol {COL} at (0,0) size 0x0
        LayoutTableSection {THEAD} at (0,33) size 577x99
          LayoutTableRow {TR} at (0,0) size 577x99
            LayoutTableCell {TH} at (0,34) size 135x31 [border: (1px dotted #FFFFFF)] [r=0 c=0 rs=1 cs=1]
              LayoutText {#text} at (42,2) size 46x21
                text run at (42,2) width 46: "TH A"
            LayoutTableCell {TH} at (135,31) size 207x37 [border: (7px dotted #FFFFFF)] [r=0 c=1 rs=1 cs=1]
              LayoutText {#text} at (81,8) size 46x21
                text run at (81,8) width 46: "TH B"
            LayoutTableCell {TH} at (342,48) size 123x3 [border: (1px dotted #FFFFFF)] [r=0 c=2 rs=1 cs=1]
            LayoutTableCell {TH} at (465,37) size 112x25 [border: (1px dotted #FFFFFF)] [r=0 c=3 rs=1 cs=1]
              LayoutText {#text} at (34,2) size 45x21
                text run at (34,2) width 45: "TH D"
        LayoutTableSection {TFOOT} at (0,322) size 577x114
          LayoutTableRow {TR} at (0,0) size 577x114
            LayoutTableCell {TD} at (0,39) size 342x36 [border: (7px dotted #FFFFFF)] [r=0 c=0 rs=1 cs=2]
              LayoutText {#text} at (2,8) size 54x27
                text run at (2,8) width 54: "TD M"
            LayoutTableCell {TD} at (342,42) size 123x30 [border: (1px dotted #FFFFFF)] [r=0 c=2 rs=1 cs=1]
              LayoutText {#text} at (2,2) size 52x27
                text run at (2,2) width 52: "TD O"
            LayoutTableCell {TD} at (465,42) size 112x30 [border: (1px dotted #FFFFFF)] [r=0 c=3 rs=1 cs=1]
              LayoutText {#text} at (2,2) size 50x27
                text run at (2,2) width 50: "TD P"
        LayoutTableSection {TBODY} at (0,132) size 577x190
          LayoutTableRow {TR} at (0,0) size 577x107
            LayoutTableCell {TD} at (0,74) size 135x42 [border: (7px dotted #FFFFFF)] [r=0 c=0 rs=2 cs=1]
              LayoutText {#text} at (8,8) size 50x27
                text run at (8,8) width 50: "TD E"
            LayoutTableCell {TD} at (135,35) size 207x36 [border: (7px dotted #FFFFFF)] [r=0 c=1 rs=1 cs=1]
              LayoutText {#text} at (8,8) size 48x27
                text run at (8,8) width 48: "TD F"
            LayoutTableCell {TD} at (342,38) size 123x30 [border: (1px dotted #FFFFFF)] [r=0 c=2 rs=1 cs=1]
              LayoutText {#text} at (2,2) size 52x27
                text run at (2,2) width 52: "TD G"
            LayoutTableCell {TD} at (465,38) size 112x30 [border: (1px dotted #FFFFFF)] [r=0 c=3 rs=1 cs=1]
              LayoutText {#text} at (2,2) size 52x27
                text run at (2,2) width 52: "TD H"
          LayoutTableRow {TR} at (0,107) size 577x83
            LayoutTableCell {TD} at (135,133) size 207x30 [border: (1px dotted #FFFFFF)] [r=1 c=1 rs=1 cs=1]
              LayoutText {#text} at (8,2) size 48x27
                text run at (8,2) width 48: "TD J"
            LayoutTableCell {TD} at (342,133) size 123x30 [border: (1px dotted #FFFFFF)] [r=1 c=2 rs=1 cs=1]
              LayoutText {#text} at (2,2) size 52x27
                text run at (2,2) width 52: "TD K"
            LayoutTableCell {TD} at (465,133) size 112x30 [border: (1px dotted #FFFFFF)] [r=1 c=3 rs=1 cs=1]
              LayoutText {#text} at (2,2) size 48x27
                text run at (2,2) width 48: "TD L"
      LayoutBlockFlow {DIV} at (0,1700.78) size 784x35
        LayoutInline {A} at (0,0) size 88x16 [color=#FFFF00]
          LayoutImage {IMG} at (0,0) size 88x31
        LayoutText {#text} at (0,0) size 0x0
      LayoutBlockFlow {ADDRESS} at (0,1735.78) size 784x17
        LayoutText {#text} at (0,0) size 704x17
          text run at (0,0) width 704: "CSS2 Table Backgrounds Test Suite designed and written by fantasai <fantasai@escape.com>"
