layer at (0,0) size 800x600
  LayoutView at (0,0) size 800x600
layer at (0,0) size 800x52
  LayoutNGBlockFlow {HTML} at (0,0) size 800x52
    LayoutNGBlockFlow {BODY} at (8,16) size 784x20
      LayoutNGBlockFlow {P} at (0,0) size 784x20
        LayoutInline (anonymous) at (0,0) size 403x19
          LayoutText {#text} at (0,0) size 403x19
            text run at (0,0) width 403: "The first line of this paragraph should have a green background."
