layer at (0,0) size 800x600
  LayoutView at (0,0) size 800x600
layer at (0,0) size 800x600
  LayoutBlockFlow {HTML} at (0,0) size 800x600
    LayoutBlockFlow {BODY} at (25,25) size 750x550 [bgcolor=#008000]
      LayoutBlockFlow {P} at (0,0) size 750x20
        LayoutText {#text} at (0,0) size 355x19
          text run at (0,0) width 355: "The style declarations which apply to the text below are:"
      LayoutBlockFlow {PRE} at (0,36) size 750x32
        LayoutText {#text} at (0,0) size 552x32
          text run at (0,0) width 240: "HTML {background-color: aqua;}"
          text run at (240,0) width 0: " "
          text run at (0,16) width 552: "BODY {background-color: green; background-image: none; margin: 25px;}"
          text run at (552,16) width 0: " "
      LayoutBlockFlow {P} at (0,99) size 750x60
        LayoutText {#text} at (0,0) size 737x59
          text run at (0,0) width 387: "The body of this document should have a green background. "
          text run at (387,0) width 308: "It also has a margin of 25 pixels, so the light blue"
          text run at (0,20) width 430: "background set for the HTML element should surround the BODY. "
          text run at (429,20) width 308: "If the BODY content is significantly shorter than"
          text run at (0,40) width 519: "the browser's window height, then the bottom border may be larger than 25 pixels."
      LayoutTable {TABLE} at (0,175) size 750x98 [border: (1px outset #808080)]
        LayoutTableSection {TBODY} at (1,1) size 748x96
          LayoutTableRow {TR} at (0,0) size 748x28
            LayoutTableCell {TD} at (0,0) size 748x28 [bgcolor=#C0C0C0] [border: (1px inset #808080)] [r=0 c=0 rs=1 cs=2]
              LayoutInline {STRONG} at (0,0) size 161x19
                LayoutText {#text} at (4,4) size 161x19
                  text run at (4,4) width 161: "TABLE Testing Section"
          LayoutTableRow {TR} at (0,28) size 748x68
            LayoutTableCell {TD} at (0,48) size 12x28 [bgcolor=#C0C0C0] [border: (1px inset #808080)] [r=1 c=0 rs=1 cs=1]
              LayoutText {#text} at (4,4) size 4x19
                text run at (4,4) width 4: " "
            LayoutTableCell {TD} at (12,28) size 736x68 [border: (1px inset #808080)] [r=1 c=1 rs=1 cs=1]
              LayoutBlockFlow {P} at (4,4) size 728x60
                LayoutText {#text} at (0,0) size 706x59
                  text run at (0,0) width 387: "The body of this document should have a green background. "
                  text run at (387,0) width 308: "It also has a margin of 25 pixels, so the light blue"
                  text run at (0,20) width 430: "background set for the HTML element should surround the BODY. "
                  text run at (429,20) width 277: "If the BODY content is significantly shorter"
                  text run at (0,40) width 550: "than the browser's window height, then the bottom border may be larger than 25 pixels."
layer at (25,106) size 750x2 clip at (0,0) size 0x0
  LayoutBlockFlow {HR} at (0,81) size 750x2 [border: (1px inset #EEEEEE)]
