layer at (0,0) size 800x600 clip at (0,0) size 785x600 scrollHeight 791
  LayoutView at (0,0) size 800x600
layer at (0,0) size 785x790 backgroundClip at (0,0) size 785x600 clip at (0,0) size 785x600
  LayoutBlockFlow {HTML} at (0,0) size 785x790.33
    LayoutBlockFlow {BODY} at (8,8) size 769x774.33 [bgcolor=#CCCCCC]
      LayoutBlockFlow {P} at (0,0) size 769x20
        LayoutText {#text} at (0,0) size 355x19
          text run at (0,0) width 355: "The style declarations which apply to the text below are:"
      LayoutBlockFlow {PRE} at (0,36) size 769x112
        LayoutText {#text} at (0,0) size 560x112
          text run at (0,0) width 208: "P.one {line-height: 200%;}"
          text run at (208,0) width 0: " "
          text run at (0,16) width 552: "SPAN.two {border-style: solid; border-width: 10px; border-color: red;"
          text run at (552,16) width 0: " "
          text run at (0,32) width 304: "          padding: 2pt; margin: 30pt;}"
          text run at (304,32) width 0: " "
          text run at (0,48) width 360: "P.three {font-size: 10pt; line-height: 12pt;}"
          text run at (360,48) width 0: " "
          text run at (0,64) width 560: "SPAN.four {border-style: solid; border-width: 12px; border-color: red;"
          text run at (560,64) width 0: " "
          text run at (0,80) width 192: "          padding: 2pt;}"
          text run at (192,80) width 0: " "
          text run at (0,96) width 0: " "
      LayoutBlockFlow {P} at (0,179) size 769x192
        LayoutText {#text} at (0,6) size 187x19
          text run at (0,6) width 187: "This is a paragraph that has a "
        LayoutInline {SPAN} at (0,0) size 761x173 [border: (10px solid #FF0000)]
          LayoutText {#text} at (239,6) size 761x147
            text run at (239,6) width 522: "very long span in it, and the span has a 10px red border separated from the span by"
            text run at (0,38) width 167: "2pt, and a margin of 30pt. "
            text run at (166,38) width 561: "The padding and border should be present on all sides of the span (although vertical lines"
            text run at (0,70) width 539: "should appear only at the beginning and the end of the whole span, not on each line). "
            text run at (539,70) width 208: "The padding, border, and margin"
            text run at (0,102) width 388: "should all be noticeable at the beginning and end of the span. "
            text run at (388,102) width 366: "However, the line height should not be changed by any of"
            text run at (0,134) width 585: "them, so the margin should be unnoticeable and the border should overlap text on other lines."
        LayoutText {#text} at (636,134) size 761x51
          text run at (636,134) width 5: " "
          text run at (640,134) width 121: "The line spacing in"
          text run at (0,166) width 336: "the whole paragraph should be 200% of the font size."
      LayoutBlockFlow {P} at (0,387) size 769x64
        LayoutText {#text} at (0,0) size 159x15
          text run at (0,0) width 159: "This is a paragraph that has a "
        LayoutInline {SPAN} at (0,0) size 764x93 [border: (12px solid #FF0000)]
          LayoutText {#text} at (173,0) size 764x63
            text run at (173,0) width 552: "very long span in it, and the span has a 12px red border separated from the span by 2pt of padding (the"
            text run at (0,16) width 764: "difference between the line-height and the font-size), which should overlap with the lines of text above and below the span, since the padding"
            text run at (0,32) width 240: "and border should not effect the line height. "
            text run at (239,32) width 525: "The span's border should have vertical lines only at the beginning and end of the whole span, not"
            text run at (0,48) width 69: "on each line."
        LayoutText {#text} at (83,48) size 415x15
          text run at (83,48) width 3: " "
          text run at (86,48) width 412: "The line spacing in the whole paragraph should be 12pt, with font-size 10pt."
      LayoutTable {TABLE} at (0,464.33) size 769x310 [border: (1px outset #808080)]
        LayoutTableSection {TBODY} at (1,1) size 767x308
          LayoutTableRow {TR} at (0,0) size 767x28
            LayoutTableCell {TD} at (0,0) size 767x28 [bgcolor=#C0C0C0] [border: (1px inset #808080)] [r=0 c=0 rs=1 cs=2]
              LayoutInline {STRONG} at (0,0) size 161x19
                LayoutText {#text} at (4,4) size 161x19
                  text run at (4,4) width 161: "TABLE Testing Section"
          LayoutTableRow {TR} at (0,28) size 767x280
            LayoutTableCell {TD} at (0,154) size 12x28 [bgcolor=#C0C0C0] [border: (1px inset #808080)] [r=1 c=0 rs=1 cs=1]
              LayoutText {#text} at (4,4) size 4x19
                text run at (4,4) width 4: " "
            LayoutTableCell {TD} at (12,28) size 755x280 [border: (1px inset #808080)] [r=1 c=1 rs=1 cs=1]
              LayoutBlockFlow {P} at (4,4) size 747x192
                LayoutText {#text} at (0,6) size 187x19
                  text run at (0,6) width 187: "This is a paragraph that has a "
                LayoutInline {SPAN} at (0,0) size 747x173 [border: (10px solid #FF0000)]
                  LayoutText {#text} at (239,6) size 747x147
                    text run at (239,6) width 502: "very long span in it, and the span has a 10px red border separated from the span"
                    text run at (0,38) width 187: "by 2pt, and a margin of 30pt. "
                    text run at (186,38) width 561: "The padding and border should be present on all sides of the span (although vertical lines"
                    text run at (0,70) width 539: "should appear only at the beginning and the end of the whole span, not on each line). "
                    text run at (539,70) width 208: "The padding, border, and margin"
                    text run at (0,102) width 388: "should all be noticeable at the beginning and end of the span. "
                    text run at (388,102) width 349: "However, the line height should not be changed by any"
                    text run at (0,134) width 602: "of them, so the margin should be unnoticeable and the border should overlap text on other lines."
                LayoutText {#text} at (653,134) size 710x51
                  text run at (653,134) width 5: " "
                  text run at (657,134) width 53: "The line"
                  text run at (0,166) width 404: "spacing in the whole paragraph should be 200% of the font size."
              LayoutBlockFlow {P} at (4,212) size 747x64
                LayoutText {#text} at (0,0) size 159x15
                  text run at (0,0) width 159: "This is a paragraph that has a "
                LayoutInline {SPAN} at (0,0) size 725x93 [border: (12px solid #FF0000)]
                  LayoutText {#text} at (173,0) size 725x63
                    text run at (173,0) width 552: "very long span in it, and the span has a 12px red border separated from the span by 2pt of padding (the"
                    text run at (0,16) width 716: "difference between the line-height and the font-size), which should overlap with the lines of text above and below the span, since the"
                    text run at (0,32) width 288: "padding and border should not effect the line height. "
                    text run at (287,32) width 437: "The span's border should have vertical lines only at the beginning and end of the"
                    text run at (0,48) width 157: "whole span, not on each line."
                LayoutText {#text} at (171,48) size 415x15
                  text run at (171,48) width 3: " "
                  text run at (174,48) width 412: "The line spacing in the whole paragraph should be 12pt, with font-size 10pt."
layer at (8,169) size 769x2 clip at (0,0) size 0x0
  LayoutBlockFlow {HR} at (0,161) size 769x2 [border: (1px inset #EEEEEE)]
