layer at (0,0) size 800x600
  LayoutView at (0,0) size 800x600
layer at (271,0) size 529x600
  LayoutBlockFlow {HTML} at (0,0) size 529x600
    LayoutBlockFlow {BODY} at (8,8) size 513x584
      LayoutBlockFlow {DIV} at (0,0) size 513x584
        LayoutBlockFlow {DIV} at (0,0) size 19x584
          LayoutText {#text} at (1,0) size 16x16
            text run at (1,0) width 16: "\x{56FD}"
          LayoutInline {SPAN} at (0,0) size 16x16
            LayoutTextCombine {#text} at (1,16) size 16x16
              text run at (1,16) width 16: "1"
          LayoutText {#text} at (1,32) size 16x16
            text run at (1,32) width 16: "\x{56FD}"
          LayoutInline {SPAN} at (0,0) size 16x16
            LayoutTextCombine {#text} at (1,48) size 16x16
              text run at (1,48) width 16: "23"
          LayoutText {#text} at (1,64) size 16x16
            text run at (1,64) width 16: "\x{56FD}"
          LayoutInline {SPAN} at (0,0) size 16x16
            LayoutTextCombine {#text} at (1,80) size 16x16
              text run at (1,80) width 16: "2016"
          LayoutText {#text} at (1,96) size 16x16
            text run at (1,96) width 16: "\x{56FD}"
          LayoutInline {SPAN} at (0,0) size 16x16
            LayoutTextCombine {#text} at (1,112) size 16x16
              text run at (1,112) width 16: "45674567"
          LayoutText {#text} at (1,128) size 16x16
            text run at (1,128) width 16: "\x{56FD}"
        LayoutBlockFlow {DIV} at (19,0) size 19x584
          LayoutText {#text} at (1,0) size 16x16
            text run at (1,0) width 16: "\x{56FD}"
          LayoutInline {SPAN} at (0,0) size 16x16
            LayoutTextCombine {#text} at (1,16) size 16x16
              text run at (1,16) width 16: "1"
          LayoutText {#text} at (1,32) size 16x16
            text run at (1,32) width 16: "\x{56FD}"
          LayoutInline {SPAN} at (0,0) size 16x16
            LayoutTextCombine {#text} at (1,48) size 16x16
              text run at (1,48) width 16: "23"
          LayoutText {#text} at (1,64) size 16x16
            text run at (1,64) width 16: "\x{56FD}"
          LayoutInline {SPAN} at (0,0) size 16x16
            LayoutTextCombine {#text} at (1,80) size 16x16
              text run at (1,80) width 16: "2016"
          LayoutText {#text} at (1,96) size 16x16
            text run at (1,96) width 16: "\x{56FD}"
          LayoutInline {SPAN} at (0,0) size 16x16
            LayoutTextCombine {#text} at (1,112) size 16x16
              text run at (1,112) width 16: "45674567"
          LayoutText {#text} at (1,128) size 16x16
            text run at (1,128) width 16: "\x{56FD}"
        LayoutBlockFlow {DIV} at (38,0) size 19x584
          LayoutText {#text} at (-3,0) size 24x16
            text run at (-3,0) width 16: "\x{56FD}"
          LayoutInline {SPAN} at (0,0) size 24x16
            LayoutTextCombine {#text} at (-3,16) size 24x16
              text run at (-3,16) width 16: "1"
          LayoutText {#text} at (-3,32) size 24x16
            text run at (-3,32) width 16: "\x{56FD}"
          LayoutInline {SPAN} at (0,0) size 24x16
            LayoutTextCombine {#text} at (-3,48) size 24x16
              text run at (-3,48) width 16: "23"
          LayoutText {#text} at (-3,64) size 24x16
            text run at (-3,64) width 16: "\x{56FD}"
          LayoutInline {SPAN} at (0,0) size 24x16
            LayoutTextCombine {#text} at (-3,80) size 24x16
              text run at (-3,80) width 16: "2016"
          LayoutText {#text} at (-3,96) size 24x16
            text run at (-3,96) width 16: "\x{56FD}"
          LayoutInline {SPAN} at (0,0) size 24x16
            LayoutTextCombine {#text} at (-3,112) size 24x16
              text run at (-3,112) width 16: "45674567"
          LayoutText {#text} at (-3,128) size 24x16
            text run at (-3,128) width 16: "\x{56FD}"
        LayoutBlockFlow {DIV} at (57,0) size 19x584
          LayoutText {#text} at (0,0) size 19x16
            text run at (0,0) width 16: "\x{56FD}"
          LayoutInline {SPAN} at (0,0) size 19x16
            LayoutTextCombine {#text} at (0,16) size 19x16
              text run at (0,16) width 16: "1"
          LayoutText {#text} at (0,32) size 19x16
            text run at (0,32) width 16: "\x{56FD}"
          LayoutInline {SPAN} at (0,0) size 19x16
            LayoutTextCombine {#text} at (0,48) size 19x16
              text run at (0,48) width 16: "23"
          LayoutText {#text} at (0,64) size 19x16
            text run at (0,64) width 16: "\x{56FD}"
          LayoutInline {SPAN} at (0,0) size 19x16
            LayoutTextCombine {#text} at (0,80) size 19x16
              text run at (0,80) width 16: "2016"
          LayoutText {#text} at (0,96) size 19x16
            text run at (0,96) width 16: "\x{56FD}"
          LayoutInline {SPAN} at (0,0) size 19x16
            LayoutTextCombine {#text} at (0,112) size 19x16
              text run at (0,112) width 16: "45674567"
          LayoutText {#text} at (0,128) size 19x16
            text run at (0,128) width 16: "\x{56FD}"
        LayoutBlockFlow {DIV} at (76,0) size 19x584
          LayoutText {#text} at (0,0) size 19x16
            text run at (0,0) width 16: "\x{56FD}"
          LayoutInline {SPAN} at (0,0) size 19x16
            LayoutTextCombine {#text} at (0,16) size 19x16
              text run at (0,16) width 16: "1"
          LayoutText {#text} at (0,32) size 19x16
            text run at (0,32) width 16: "\x{56FD}"
          LayoutInline {SPAN} at (0,0) size 19x16
            LayoutTextCombine {#text} at (0,48) size 19x16
              text run at (0,48) width 16: "23"
          LayoutText {#text} at (0,64) size 19x16
            text run at (0,64) width 16: "\x{56FD}"
          LayoutInline {SPAN} at (0,0) size 19x16
            LayoutTextCombine {#text} at (0,80) size 19x16
              text run at (0,80) width 16: "2016"
          LayoutText {#text} at (0,96) size 19x16
            text run at (0,96) width 16: "\x{56FD}"
          LayoutInline {SPAN} at (0,0) size 19x16
            LayoutTextCombine {#text} at (0,112) size 19x16
              text run at (0,112) width 16: "45674567"
          LayoutText {#text} at (0,128) size 19x16
            text run at (0,128) width 16: "\x{56FD}"
        LayoutBlockFlow {DIV} at (95,0) size 19x584
          LayoutText {#text} at (0,0) size 19x16
            text run at (0,0) width 16: "\x{56FD}"
          LayoutInline {SPAN} at (0,0) size 19x16
            LayoutTextCombine {#text} at (0,16) size 19x16
              text run at (0,16) width 16: "1"
          LayoutText {#text} at (0,32) size 19x16
            text run at (0,32) width 16: "\x{56FD}"
          LayoutInline {SPAN} at (0,0) size 19x16
            LayoutTextCombine {#text} at (0,48) size 19x16
              text run at (0,48) width 16: "23"
          LayoutText {#text} at (0,64) size 19x16
            text run at (0,64) width 16: "\x{56FD}"
          LayoutInline {SPAN} at (0,0) size 19x16
            LayoutTextCombine {#text} at (0,80) size 19x16
              text run at (0,80) width 16: "2016"
          LayoutText {#text} at (0,96) size 19x16
            text run at (0,96) width 16: "\x{56FD}"
          LayoutInline {SPAN} at (0,0) size 19x16
            LayoutTextCombine {#text} at (0,112) size 19x16
              text run at (0,112) width 16: "45674567"
          LayoutText {#text} at (0,128) size 19x16
            text run at (0,128) width 16: "\x{56FD}"
        LayoutBlockFlow {DIV} at (114,0) size 19x584
          LayoutText {#text} at (0,0) size 19x16
            text run at (0,0) width 16: "\x{56FD}"
          LayoutInline {SPAN} at (0,0) size 19x16
            LayoutTextCombine {#text} at (0,16) size 19x16
              text run at (0,16) width 16: "1"
          LayoutText {#text} at (0,32) size 19x16
            text run at (0,32) width 16: "\x{56FD}"
          LayoutInline {SPAN} at (0,0) size 19x16
            LayoutTextCombine {#text} at (0,48) size 19x16
              text run at (0,48) width 16: "23"
          LayoutText {#text} at (0,64) size 19x16
            text run at (0,64) width 16: "\x{56FD}"
          LayoutInline {SPAN} at (0,0) size 19x16
            LayoutTextCombine {#text} at (0,80) size 19x16
              text run at (0,80) width 16: "2016"
          LayoutText {#text} at (0,96) size 19x16
            text run at (0,96) width 16: "\x{56FD}"
          LayoutInline {SPAN} at (0,0) size 19x16
            LayoutTextCombine {#text} at (0,112) size 19x16
              text run at (0,112) width 16: "45674567"
          LayoutText {#text} at (0,128) size 19x16
            text run at (0,128) width 16: "\x{56FD}"
        LayoutBlockFlow {DIV} at (133,0) size 19x584
          LayoutText {#text} at (0,0) size 19x16
            text run at (0,0) width 16: "\x{56FD}"
          LayoutInline {SPAN} at (0,0) size 19x16
            LayoutTextCombine {#text} at (0,16) size 19x16
              text run at (0,16) width 16: "1"
          LayoutText {#text} at (0,32) size 19x16
            text run at (0,32) width 16: "\x{56FD}"
          LayoutInline {SPAN} at (0,0) size 19x16
            LayoutTextCombine {#text} at (0,48) size 19x16
              text run at (0,48) width 16: "23"
          LayoutText {#text} at (0,64) size 19x16
            text run at (0,64) width 16: "\x{56FD}"
          LayoutInline {SPAN} at (0,0) size 19x16
            LayoutTextCombine {#text} at (0,80) size 19x16
              text run at (0,80) width 16: "2016"
          LayoutText {#text} at (0,96) size 19x16
            text run at (0,96) width 16: "\x{56FD}"
          LayoutInline {SPAN} at (0,0) size 19x16
            LayoutTextCombine {#text} at (0,112) size 19x16
              text run at (0,112) width 16: "45674567"
          LayoutText {#text} at (0,128) size 19x16
            text run at (0,128) width 16: "\x{56FD}"
        LayoutBlockFlow {DIV} at (152,0) size 304x584
          LayoutBlockFlow {DIV} at (0,0) size 38x584
            LayoutText {#text} at (2,0) size 33x32
              text run at (2,0) width 32: "\x{56FD}"
            LayoutInline {SPAN} at (0,0) size 33x32
              LayoutTextCombine {#text} at (2,32) size 33x32
                text run at (2,32) width 32: "1"
            LayoutText {#text} at (2,64) size 33x32
              text run at (2,64) width 32: "\x{56FD}"
            LayoutInline {SPAN} at (0,0) size 33x32
              LayoutTextCombine {#text} at (2,96) size 33x32
                text run at (2,96) width 32: "23"
            LayoutText {#text} at (2,128) size 33x32
              text run at (2,128) width 32: "\x{56FD}"
            LayoutInline {SPAN} at (0,0) size 33x32
              LayoutTextCombine {#text} at (2,160) size 33x32
                text run at (2,160) width 32: "2016"
            LayoutText {#text} at (2,192) size 33x32
              text run at (2,192) width 32: "\x{56FD}"
            LayoutInline {SPAN} at (0,0) size 33x32
              LayoutTextCombine {#text} at (2,224) size 33x32
                text run at (2,224) width 32: "45674567"
            LayoutText {#text} at (2,256) size 33x32
              text run at (2,256) width 32: "\x{56FD}"
          LayoutBlockFlow {DIV} at (38,0) size 38x584
            LayoutText {#text} at (2,0) size 33x32
              text run at (2,0) width 32: "\x{56FD}"
            LayoutInline {SPAN} at (0,0) size 33x32
              LayoutTextCombine {#text} at (2,32) size 33x32
                text run at (2,32) width 32: "1"
            LayoutText {#text} at (2,64) size 33x32
              text run at (2,64) width 32: "\x{56FD}"
            LayoutInline {SPAN} at (0,0) size 33x32
              LayoutTextCombine {#text} at (2,96) size 33x32
                text run at (2,96) width 32: "23"
            LayoutText {#text} at (2,128) size 33x32
              text run at (2,128) width 32: "\x{56FD}"
            LayoutInline {SPAN} at (0,0) size 33x32
              LayoutTextCombine {#text} at (2,160) size 33x32
                text run at (2,160) width 32: "2016"
            LayoutText {#text} at (2,192) size 33x32
              text run at (2,192) width 32: "\x{56FD}"
            LayoutInline {SPAN} at (0,0) size 33x32
              LayoutTextCombine {#text} at (2,224) size 33x32
                text run at (2,224) width 32: "45674567"
            LayoutText {#text} at (2,256) size 33x32
              text run at (2,256) width 32: "\x{56FD}"
          LayoutBlockFlow {DIV} at (76,0) size 38x584
            LayoutText {#text} at (-5,0) size 48x32
              text run at (-5,0) width 32: "\x{56FD}"
            LayoutInline {SPAN} at (0,0) size 48x32
              LayoutTextCombine {#text} at (-5,32) size 48x32
                text run at (-5,32) width 32: "1"
            LayoutText {#text} at (-5,64) size 48x32
              text run at (-5,64) width 32: "\x{56FD}"
            LayoutInline {SPAN} at (0,0) size 48x32
              LayoutTextCombine {#text} at (-5,96) size 48x32
                text run at (-5,96) width 32: "23"
            LayoutText {#text} at (-5,128) size 48x32
              text run at (-5,128) width 32: "\x{56FD}"
            LayoutInline {SPAN} at (0,0) size 48x32
              LayoutTextCombine {#text} at (-5,160) size 48x32
                text run at (-5,160) width 32: "2016"
            LayoutText {#text} at (-5,192) size 48x32
              text run at (-5,192) width 32: "\x{56FD}"
            LayoutInline {SPAN} at (0,0) size 48x32
              LayoutTextCombine {#text} at (-5,224) size 48x32
                text run at (-5,224) width 32: "45674567"
            LayoutText {#text} at (-5,256) size 48x32
              text run at (-5,256) width 32: "\x{56FD}"
          LayoutBlockFlow {DIV} at (114,0) size 38x584
            LayoutText {#text} at (1,0) size 36x32
              text run at (1,0) width 32: "\x{56FD}"
            LayoutInline {SPAN} at (0,0) size 36x32
              LayoutTextCombine {#text} at (1,32) size 36x32
                text run at (1,32) width 32: "1"
            LayoutText {#text} at (1,64) size 36x32
              text run at (1,64) width 32: "\x{56FD}"
            LayoutInline {SPAN} at (0,0) size 36x32
              LayoutTextCombine {#text} at (1,96) size 36x32
                text run at (1,96) width 32: "23"
            LayoutText {#text} at (1,128) size 36x32
              text run at (1,128) width 32: "\x{56FD}"
            LayoutInline {SPAN} at (0,0) size 36x32
              LayoutTextCombine {#text} at (1,160) size 36x32
                text run at (1,160) width 32: "2016"
            LayoutText {#text} at (1,192) size 36x32
              text run at (1,192) width 32: "\x{56FD}"
            LayoutInline {SPAN} at (0,0) size 36x32
              LayoutTextCombine {#text} at (1,224) size 36x32
                text run at (1,224) width 32: "45674567"
            LayoutText {#text} at (1,256) size 36x32
              text run at (1,256) width 32: "\x{56FD}"
          LayoutBlockFlow {DIV} at (152,0) size 38x584
            LayoutText {#text} at (1,0) size 36x32
              text run at (1,0) width 32: "\x{56FD}"
            LayoutInline {SPAN} at (0,0) size 36x32
              LayoutTextCombine {#text} at (1,32) size 36x32
                text run at (1,32) width 32: "1"
            LayoutText {#text} at (1,64) size 36x32
              text run at (1,64) width 32: "\x{56FD}"
            LayoutInline {SPAN} at (0,0) size 36x32
              LayoutTextCombine {#text} at (1,96) size 36x32
                text run at (1,96) width 32: "23"
            LayoutText {#text} at (1,128) size 36x32
              text run at (1,128) width 32: "\x{56FD}"
            LayoutInline {SPAN} at (0,0) size 36x32
              LayoutTextCombine {#text} at (1,160) size 36x32
                text run at (1,160) width 32: "2016"
            LayoutText {#text} at (1,192) size 36x32
              text run at (1,192) width 32: "\x{56FD}"
            LayoutInline {SPAN} at (0,0) size 36x32
              LayoutTextCombine {#text} at (1,224) size 36x32
                text run at (1,224) width 32: "45674567"
            LayoutText {#text} at (1,256) size 36x32
              text run at (1,256) width 32: "\x{56FD}"
          LayoutBlockFlow {DIV} at (190,0) size 38x584
            LayoutText {#text} at (1,0) size 36x32
              text run at (1,0) width 32: "\x{56FD}"
            LayoutInline {SPAN} at (0,0) size 36x32
              LayoutTextCombine {#text} at (1,32) size 36x32
                text run at (1,32) width 32: "1"
            LayoutText {#text} at (1,64) size 36x32
              text run at (1,64) width 32: "\x{56FD}"
            LayoutInline {SPAN} at (0,0) size 36x32
              LayoutTextCombine {#text} at (1,96) size 36x32
                text run at (1,96) width 32: "23"
            LayoutText {#text} at (1,128) size 36x32
              text run at (1,128) width 32: "\x{56FD}"
            LayoutInline {SPAN} at (0,0) size 36x32
              LayoutTextCombine {#text} at (1,160) size 36x32
                text run at (1,160) width 32: "2016"
            LayoutText {#text} at (1,192) size 36x32
              text run at (1,192) width 32: "\x{56FD}"
            LayoutInline {SPAN} at (0,0) size 36x32
              LayoutTextCombine {#text} at (1,224) size 36x32
                text run at (1,224) width 32: "45674567"
            LayoutText {#text} at (1,256) size 36x32
              text run at (1,256) width 32: "\x{56FD}"
          LayoutBlockFlow {DIV} at (228,0) size 38x584
            LayoutText {#text} at (1,0) size 36x32
              text run at (1,0) width 32: "\x{56FD}"
            LayoutInline {SPAN} at (0,0) size 36x32
              LayoutTextCombine {#text} at (1,32) size 36x32
                text run at (1,32) width 32: "1"
            LayoutText {#text} at (1,64) size 36x32
              text run at (1,64) width 32: "\x{56FD}"
            LayoutInline {SPAN} at (0,0) size 36x32
              LayoutTextCombine {#text} at (1,96) size 36x32
                text run at (1,96) width 32: "23"
            LayoutText {#text} at (1,128) size 36x32
              text run at (1,128) width 32: "\x{56FD}"
            LayoutInline {SPAN} at (0,0) size 36x32
              LayoutTextCombine {#text} at (1,160) size 36x32
                text run at (1,160) width 32: "2016"
            LayoutText {#text} at (1,192) size 36x32
              text run at (1,192) width 32: "\x{56FD}"
            LayoutInline {SPAN} at (0,0) size 36x32
              LayoutTextCombine {#text} at (1,224) size 36x32
                text run at (1,224) width 32: "45674567"
            LayoutText {#text} at (1,256) size 36x32
              text run at (1,256) width 32: "\x{56FD}"
          LayoutBlockFlow {DIV} at (266,0) size 38x584
            LayoutText {#text} at (1,0) size 36x32
              text run at (1,0) width 32: "\x{56FD}"
            LayoutInline {SPAN} at (0,0) size 36x32
              LayoutTextCombine {#text} at (1,32) size 36x32
                text run at (1,32) width 32: "1"
            LayoutText {#text} at (1,64) size 36x32
              text run at (1,64) width 32: "\x{56FD}"
            LayoutInline {SPAN} at (0,0) size 36x32
              LayoutTextCombine {#text} at (1,96) size 36x32
                text run at (1,96) width 32: "23"
            LayoutText {#text} at (1,128) size 36x32
              text run at (1,128) width 32: "\x{56FD}"
            LayoutInline {SPAN} at (0,0) size 36x32
              LayoutTextCombine {#text} at (1,160) size 36x32
                text run at (1,160) width 32: "2016"
            LayoutText {#text} at (1,192) size 36x32
              text run at (1,192) width 32: "\x{56FD}"
            LayoutInline {SPAN} at (0,0) size 36x32
              LayoutTextCombine {#text} at (1,224) size 36x32
                text run at (1,224) width 32: "45674567"
            LayoutText {#text} at (1,256) size 36x32
              text run at (1,256) width 32: "\x{56FD}"
        LayoutBlockFlow {DIV} at (456,0) size 57x584
          LayoutBlockFlow {DIV} at (0,0) size 19x584
            LayoutText {#text} at (-1,0) size 20x16
              text run at (-1,0) width 16: "\x{56FD}"
            LayoutInline {SPAN} at (0,0) size 20x16
              LayoutTextCombine {#text} at (-1,16) size 20x16
                text run at (-1,16) width 16: "1"
            LayoutText {#text} at (-1,32) size 20x16
              text run at (-1,32) width 16: "\x{56FD}"
            LayoutInline {SPAN} at (0,0) size 20x16
              LayoutTextCombine {#text} at (-1,48) size 20x16
                text run at (-1,48) width 16: "23"
            LayoutText {#text} at (-1,64) size 20x16
              text run at (-1,64) width 16: "\x{56FD}"
            LayoutInline {SPAN} at (0,0) size 20x16
              LayoutTextCombine {#text} at (-1,80) size 20x16
                text run at (-1,80) width 16: "2016"
            LayoutText {#text} at (-1,96) size 20x16
              text run at (-1,96) width 16: "\x{56FD}"
            LayoutInline {SPAN} at (0,0) size 20x16
              LayoutTextCombine {#text} at (-1,112) size 20x16
                text run at (-1,112) width 16: "45674567"
            LayoutText {#text} at (-1,128) size 20x16
              text run at (-1,128) width 16: "\x{56FD}"
          LayoutBlockFlow {DIV} at (19,0) size 38x584
            LayoutBlockFlow {DIV} at (0,0) size 38x584
              LayoutText {#text} at (-1,0) size 40x32
                text run at (-1,0) width 32: "\x{56FD}"
              LayoutInline {SPAN} at (0,0) size 40x32
                LayoutTextCombine {#text} at (-1,32) size 40x32
                  text run at (-1,32) width 32: "1"
              LayoutText {#text} at (-1,64) size 40x32
                text run at (-1,64) width 32: "\x{56FD}"
              LayoutInline {SPAN} at (0,0) size 40x32
                LayoutTextCombine {#text} at (-1,96) size 40x32
                  text run at (-1,96) width 32: "23"
              LayoutText {#text} at (-1,128) size 40x32
                text run at (-1,128) width 32: "\x{56FD}"
              LayoutInline {SPAN} at (0,0) size 40x32
                LayoutTextCombine {#text} at (-1,160) size 40x32
                  text run at (-1,160) width 32: "2016"
              LayoutText {#text} at (-1,192) size 40x32
                text run at (-1,192) width 32: "\x{56FD}"
              LayoutInline {SPAN} at (0,0) size 40x32
                LayoutTextCombine {#text} at (-1,224) size 40x32
                  text run at (-1,224) width 32: "45674567"
              LayoutText {#text} at (-1,256) size 40x32
                text run at (-1,256) width 32: "\x{56FD}"
