layer at (0,0) size 800x600
  LayoutView at (0,0) size 800x600
layer at (0,0) size 800x152
  LayoutBlockFlow {HTML} at (0,0) size 800x152
    LayoutBlockFlow {BODY} at (8,8) size 784x136
      LayoutBlockFlow (anonymous) at (0,0) size 784x36
        LayoutText {#text} at (0,0) size 763x35
          text run at (0,0) width 304: "You should see a 100x100 green square below. "
          text run at (303,0) width 243: "If you see any red, the test has failed. "
          text run at (545,0) width 218: "This test is checking to make sure"
          text run at (0,18) width 151: "overflow is done using "
          text run at (150,18) width 167: "a containing block model."
layer at (8,44) size 100x100 scrollWidth 200 scrollHeight 400
  LayoutBlockFlow (relative positioned) {DIV} at (0,36) size 100x100 [bgcolor=#008000]
    LayoutBlockFlow {DIV} at (100,100) size 100x100 [bgcolor=#FF0000]
layer at (108,344) size 100x100 backgroundClip at (8,44) size 100x100 clip at (8,44) size 100x100
  LayoutBlockFlow (relative positioned) {DIV} at (100,300) size 100x100 [bgcolor=#FF0000]
