layer at (0,0) size 800x600
  LayoutView at (0,0) size 800x600
layer at (0,0) size 800x70
  LayoutBlockFlow {HTML} at (0,0) size 800x70
    LayoutBlockFlow {BODY} at (8,8) size 784x54
      LayoutText {#text} at (0,0) size 781x53
        text run at (0,0) width 408: "You should see a 100x100 green square with a scrollbar below. "
        text run at (407,0) width 243: "If you see any red, the test has failed. "
        text run at (649,0) width 132: "This test is checking"
        text run at (0,18) width 635: "to make sure clip applies to the element itself, starts from the border edge, and clips out scrollbars. "
        text run at (634,18) width 116: "The bottom of the"
        text run at (0,36) width 254: "scrolling mechanism should be clipped."
      LayoutText {#text} at (0,0) size 0x0
layer at (8,62) size 120x220 backgroundClip at (18,72) size 100x100 clip at (18,72) size 85x100 scrollHeight 1000
  LayoutBlockFlow (positioned) {DIV} at (8,62) size 120x220 [bgcolor=#008000] [border: (10px solid #FF0000)]
    LayoutBlockFlow {DIV} at (10,10) size 85x1000
