layer at (0,0) size 800x600
  LayoutView at (0,0) size 800x600
layer at (0,0) size 800x600
  LayoutBlockFlow {HTML} at (0,0) size 800x600
    LayoutBlockFlow {BODY} at (8,8) size 784x576
      LayoutBlockFlow {H1} at (0,0) size 784x37
        LayoutText {#text} at (0,0) size 231x36
          text run at (0,0) width 231: "Min-Width Tests"
      LayoutTable {TABLE} at (0,58.44) size 784x86 [border: (2px outset #808080)]
        LayoutTableSection {TBODY} at (2,2) size 780x82
          LayoutTableRow {TR} at (0,0) size 780x82
            LayoutTableCell {TD} at (0,0) size 124x82 [border: (1px inset #808080)] [r=0 c=0 rs=1 cs=1]
              LayoutMenuList {SELECT} at (1,1) size 122x80 [bgcolor=#FFFFFF] [border: (40px solid #FF0000)]
                LayoutBlockFlow (anonymous) at (40,40) size 42x18
                  LayoutText (anonymous) at (4,1) size 22x16
                    text run at (4,1) width 22: "Foo"
            LayoutTableCell {TD} at (124,40) size 656x2 [border: (1px inset #808080)] [r=0 c=1 rs=1 cs=1]
      LayoutBlockFlow {P} at (0,160.44) size 784x24
        LayoutTable {TABLE} at (0,0) size 784x24 [border: (2px outset #808080)]
          LayoutTableSection {TBODY} at (2,2) size 780x20
            LayoutTableRow {TR} at (0,0) size 780x20
              LayoutTableCell {TD} at (0,0) size 22x20 [border: (1px inset #808080)] [r=0 c=0 rs=1 cs=1]
                LayoutBlockFlow {INPUT} at (5,4) size 13x12
              LayoutTableCell {TD} at (22,9) size 758x2 [border: (1px inset #808080)] [r=0 c=1 rs=1 cs=1]
      LayoutBlockFlow {P} at (0,200.44) size 784x21
        LayoutTable {TABLE} at (0,0) size 784x21 [border: (2px outset #808080)]
          LayoutTableSection {TBODY} at (2,2) size 780x17
            LayoutTableRow {TR} at (0,0) size 780x17
              LayoutTableCell {TD} at (0,0) size 23x17 [border: (1px inset #808080)] [r=0 c=0 rs=1 cs=1]
                LayoutBlockFlow {INPUT} at (6,4) size 13x12
              LayoutTableCell {TD} at (23,7) size 757x2 [border: (1px inset #808080)] [r=0 c=1 rs=1 cs=1]
      LayoutBlockFlow {P} at (0,237.44) size 784x28
        LayoutTable {TABLE} at (0,0) size 784x28 [border: (2px outset #808080)]
          LayoutTableSection {TBODY} at (2,2) size 780x24
            LayoutTableRow {TR} at (0,0) size 780x24
              LayoutTableCell {TD} at (0,0) size 40x24 [border: (1px inset #808080)] [r=0 c=0 rs=1 cs=1]
                LayoutButton {INPUT} at (1,1) size 38x22 [bgcolor=#C0C0C0] [border: (2px outset #C0C0C0)]
                  LayoutBlockFlow (anonymous) at (8,3) size 22x16
                    LayoutText {#text} at (0,0) size 22x16
                      text run at (0,0) width 22: "Foo"
              LayoutTableCell {TD} at (40,11) size 740x2 [border: (1px inset #808080)] [r=0 c=1 rs=1 cs=1]
      LayoutBlockFlow {P} at (0,281.44) size 784x258
        LayoutTable {TABLE} at (0,0) size 784x88 [border: (2px outset #808080)]
          LayoutTableSection {TBODY} at (2,2) size 780x84
            LayoutTableRow {TR} at (0,0) size 780x84
              LayoutTableCell {TD} at (0,0) size 116x84 [border: (1px inset #808080)] [r=0 c=0 rs=1 cs=1]
                LayoutButton {INPUT} at (1,1) size 114x82 [bgcolor=#C0C0C0] [border: (40px solid #FF0000)]
                  LayoutBlockFlow (anonymous) at (46,41) size 22x16
                    LayoutText {#text} at (0,0) size 22x16
                      text run at (0,0) width 22: "Foo"
              LayoutTableCell {TD} at (116,41) size 664x2 [border: (1px inset #808080)] [r=0 c=1 rs=1 cs=1]
        LayoutTable {TABLE} at (0,88) size 784x88 [border: (2px outset #808080)]
          LayoutTableSection {TBODY} at (2,2) size 780x84
            LayoutTableRow {TR} at (0,0) size 780x84
              LayoutTableCell {TD} at (0,0) size 171x84 [border: (1px inset #808080)] [r=0 c=0 rs=1 cs=1]
                LayoutButton {INPUT} at (1,1) size 169x82 [bgcolor=#C0C0C0] [border: (40px solid #FF0000)]
                  LayoutBlockFlow (anonymous) at (46,41) size 77x16
                    LayoutText {#text} at (0,0) size 77x16
                      text run at (0,0) width 77: "Submit a bug"
              LayoutTableCell {TD} at (171,41) size 609x2 [border: (1px inset #808080)] [r=0 c=1 rs=1 cs=1]
        LayoutBlockFlow (anonymous) at (0,176) size 784x82
          LayoutButton {INPUT} at (0,0) size 114x82 [bgcolor=#C0C0C0] [border: (40px solid #FF0000)]
            LayoutBlockFlow (anonymous) at (46,41) size 22x16
              LayoutText {#text} at (0,0) size 22x16
                text run at (0,0) width 22: "Foo"
