layer at (0,0) size 800x600
  LayoutView at (0,0) size 800x600
layer at (0,0) size 800x354
  LayoutBlockFlow {HTML} at (0,0) size 800x354
    LayoutBlockFlow {BODY} at (8,8) size 784x338
      LayoutBlockFlow (anonymous) at (0,0) size 784x80
        LayoutText {#text} at (0,0) size 514x19
          text run at (0,0) width 514: "Tests for basic button rendering. Creates a table with seven columns and seven rows. "
        LayoutBR {BR} at (513,0) size 1x19
        LayoutText {#text} at (0,20) size 491x19
          text run at (0,20) width 491: "Creates two different types of buttons, one with an image (a red dot) and another "
        LayoutBR {BR} at (490,20) size 1x19
        LayoutText {#text} at (0,40) size 616x19
          text run at (0,40) width 616: "with text (\"foo\") and then uses six different paddings to make sure each of the buttons render properly. "
        LayoutBR {BR} at (615,40) size 1x19
        LayoutBR {BR} at (0,60) size 0x19
      LayoutTable {TABLE} at (0,80) size 655x258
        LayoutTableSection {TBODY} at (0,0) size 655x258
          LayoutTableRow {TR} at (0,0) size 655x22
            LayoutTableCell {TD} at (0,0) size 161x22 [r=0 c=0 rs=1 cs=1]
              LayoutText {#text} at (1,1) size 37x19
                text run at (1,1) width 37: "styling"
            LayoutTableCell {TD} at (161,0) size 58x22 [r=0 c=1 rs=1 cs=1]
              LayoutText {#text} at (1,1) size 56x19
                text run at (1,1) width 56: "<button>"
            LayoutTableCell {TD} at (219,0) size 150x22 [r=0 c=2 rs=1 cs=1]
              LayoutText {#text} at (1,1) size 148x19
                text run at (1,1) width 148: "(offsetH,W) (clientH,W)"
            LayoutTableCell {TD} at (369,0) size 126x22 [r=0 c=3 rs=1 cs=1]
              LayoutText {#text} at (1,1) size 124x19
                text run at (1,1) width 124: "<input type=button>"
            LayoutTableCell {TD} at (495,0) size 160x22 [r=0 c=4 rs=1 cs=1]
              LayoutText {#text} at (1,1) size 158x19
                text run at (1,1) width 158: "(offsetH,W) (clientH, -W)"
          LayoutTableRow {TR} at (0,22) size 655x24
            LayoutTableCell {TD} at (0,23) size 161x22 [r=1 c=0 rs=1 cs=1]
              LayoutText {#text} at (1,1) size 50x19
                text run at (1,1) width 50: "(default)"
            LayoutTableCell {TD} at (161,22) size 58x24 [r=1 c=1 rs=1 cs=1]
              LayoutButton {BUTTON} at (1,1) size 26x22 [bgcolor=#C0C0C0] [border: (2px outset #C0C0C0)]
                LayoutBlockFlow (anonymous) at (8,3) size 10x16
                  LayoutImage {IMG} at (0,3) size 10x10
            LayoutTableCell {TD} at (219,23) size 150x22 [r=1 c=2 rs=1 cs=1]
              LayoutText {#text} at (1,1) size 104x19
                text run at (1,1) width 104: "(22, 26) (18, 22)"
            LayoutTableCell {TD} at (369,22) size 126x24 [r=1 c=3 rs=1 cs=1]
              LayoutButton {INPUT} at (1,1) size 33x22 [bgcolor=#C0C0C0] [border: (2px outset #C0C0C0)]
                LayoutBlockFlow (anonymous) at (8,3) size 17x16
                  LayoutText {#text} at (0,0) size 17x16
                    text run at (0,0) width 17: "foo"
            LayoutTableCell {TD} at (495,23) size 160x22 [r=1 c=4 rs=1 cs=1]
              LayoutText {#text} at (1,1) size 104x19
                text run at (1,1) width 104: "(22, 33) (18, 29)"
          LayoutTableRow {TR} at (0,46) size 655x22
            LayoutTableCell {TD} at (0,46) size 161x22 [r=2 c=0 rs=1 cs=1]
              LayoutText {#text} at (1,1) size 63x19
                text run at (1,1) width 63: "padding: 0"
            LayoutTableCell {TD} at (161,46) size 58x22 [r=2 c=1 rs=1 cs=1]
              LayoutButton {BUTTON} at (1,1) size 14x20 [bgcolor=#C0C0C0] [border: (2px outset #C0C0C0)]
                LayoutBlockFlow (anonymous) at (2,2) size 10x16
                  LayoutImage {IMG} at (0,3) size 10x10
            LayoutTableCell {TD} at (219,46) size 150x22 [r=2 c=2 rs=1 cs=1]
              LayoutText {#text} at (1,1) size 104x19
                text run at (1,1) width 104: "(20, 14) (16, 10)"
            LayoutTableCell {TD} at (369,46) size 126x22 [r=2 c=3 rs=1 cs=1]
              LayoutButton {INPUT} at (1,1) size 21x20 [bgcolor=#C0C0C0] [border: (2px outset #C0C0C0)]
                LayoutBlockFlow (anonymous) at (2,2) size 17x16
                  LayoutText {#text} at (0,0) size 17x16
                    text run at (0,0) width 17: "foo"
            LayoutTableCell {TD} at (495,46) size 160x22 [r=2 c=4 rs=1 cs=1]
              LayoutText {#text} at (1,1) size 104x19
                text run at (1,1) width 104: "(20, 21) (16, 17)"
          LayoutTableRow {TR} at (0,68) size 655x47
            LayoutTableCell {TD} at (0,80) size 161x22 [r=3 c=0 rs=1 cs=1]
              LayoutText {#text} at (1,1) size 84x19
                text run at (1,1) width 84: "padding: 10%"
            LayoutTableCell {TD} at (161,75) size 58x33.19 [r=3 c=1 rs=1 cs=1]
              LayoutButton {BUTTON} at (1,1) size 25.19x31.19 [bgcolor=#C0C0C0] [border: (2px outset #C0C0C0)]
                LayoutBlockFlow (anonymous) at (7.59,7.59) size 10x16
                  LayoutImage {IMG} at (0,3) size 10x10
            LayoutTableCell {TD} at (219,80) size 150x22 [r=3 c=2 rs=1 cs=1]
              LayoutText {#text} at (1,1) size 104x19
                text run at (1,1) width 104: "(31, 25) (27, 21)"
            LayoutTableCell {TD} at (369,68) size 126x46.78 [r=3 c=3 rs=1 cs=1]
              LayoutButton {INPUT} at (1,1) size 45.78x44.78 [bgcolor=#C0C0C0] [border: (2px outset #C0C0C0)]
                LayoutBlockFlow (anonymous) at (14.39,14.39) size 17x16
                  LayoutText {#text} at (0,0) size 17x16
                    text run at (0,0) width 17: "foo"
            LayoutTableCell {TD} at (495,80) size 160x22 [r=3 c=4 rs=1 cs=1]
              LayoutText {#text} at (1,1) size 104x19
                text run at (1,1) width 104: "(45, 46) (41, 42)"
          LayoutTableRow {TR} at (0,115) size 655x26
            LayoutTableCell {TD} at (0,117) size 161x22 [r=4 c=0 rs=1 cs=1]
              LayoutText {#text} at (1,1) size 78x19
                text run at (1,1) width 78: "padding: 2px"
            LayoutTableCell {TD} at (161,115) size 58x26 [r=4 c=1 rs=1 cs=1]
              LayoutButton {BUTTON} at (1,1) size 18x24 [bgcolor=#C0C0C0] [border: (2px outset #C0C0C0)]
                LayoutBlockFlow (anonymous) at (4,4) size 10x16
                  LayoutImage {IMG} at (0,3) size 10x10
            LayoutTableCell {TD} at (219,117) size 150x22 [r=4 c=2 rs=1 cs=1]
              LayoutText {#text} at (1,1) size 104x19
                text run at (1,1) width 104: "(24, 18) (20, 14)"
            LayoutTableCell {TD} at (369,115) size 126x26 [r=4 c=3 rs=1 cs=1]
              LayoutButton {INPUT} at (1,1) size 25x24 [bgcolor=#C0C0C0] [border: (2px outset #C0C0C0)]
                LayoutBlockFlow (anonymous) at (4,4) size 17x16
                  LayoutText {#text} at (0,0) size 17x16
                    text run at (0,0) width 17: "foo"
            LayoutTableCell {TD} at (495,117) size 160x22 [r=4 c=4 rs=1 cs=1]
              LayoutText {#text} at (1,1) size 104x19
                text run at (1,1) width 104: "(24, 25) (20, 21)"
          LayoutTableRow {TR} at (0,141) size 655x27
            LayoutTableCell {TD} at (0,143) size 161x22 [r=5 c=0 rs=1 cs=1]
              LayoutText {#text} at (1,1) size 159x19
                text run at (1,1) width 159: "padding: 2px 6px 3px 6px"
            LayoutTableCell {TD} at (161,141) size 58x27 [r=5 c=1 rs=1 cs=1]
              LayoutButton {BUTTON} at (1,1) size 26x25 [bgcolor=#C0C0C0] [border: (2px outset #C0C0C0)]
                LayoutBlockFlow (anonymous) at (8,4) size 10x16
                  LayoutImage {IMG} at (0,3) size 10x10
            LayoutTableCell {TD} at (219,143) size 150x22 [r=5 c=2 rs=1 cs=1]
              LayoutText {#text} at (1,1) size 104x19
                text run at (1,1) width 104: "(25, 26) (21, 22)"
            LayoutTableCell {TD} at (369,141) size 126x27 [r=5 c=3 rs=1 cs=1]
              LayoutButton {INPUT} at (1,1) size 33x25 [bgcolor=#C0C0C0] [border: (2px outset #C0C0C0)]
                LayoutBlockFlow (anonymous) at (8,4) size 17x16
                  LayoutText {#text} at (0,0) size 17x16
                    text run at (0,0) width 17: "foo"
            LayoutTableCell {TD} at (495,143) size 160x22 [r=5 c=4 rs=1 cs=1]
              LayoutText {#text} at (1,1) size 104x19
                text run at (1,1) width 104: "(25, 33) (21, 29)"
          LayoutTableRow {TR} at (0,168) size 655x28
            LayoutTableCell {TD} at (0,171) size 161x22 [r=6 c=0 rs=1 cs=1]
              LayoutText {#text} at (1,1) size 105x19
                text run at (1,1) width 105: "padding: 3px 7px"
            LayoutTableCell {TD} at (161,168) size 58x28 [r=6 c=1 rs=1 cs=1]
              LayoutButton {BUTTON} at (1,1) size 28x26 [bgcolor=#C0C0C0] [border: (2px outset #C0C0C0)]
                LayoutBlockFlow (anonymous) at (9,5) size 10x16
                  LayoutImage {IMG} at (0,3) size 10x10
            LayoutTableCell {TD} at (219,171) size 150x22 [r=6 c=2 rs=1 cs=1]
              LayoutText {#text} at (1,1) size 104x19
                text run at (1,1) width 104: "(26, 28) (22, 24)"
            LayoutTableCell {TD} at (369,168) size 126x28 [r=6 c=3 rs=1 cs=1]
              LayoutButton {INPUT} at (1,1) size 35x26 [bgcolor=#C0C0C0] [border: (2px outset #C0C0C0)]
                LayoutBlockFlow (anonymous) at (9,5) size 17x16
                  LayoutText {#text} at (0,0) size 17x16
                    text run at (0,0) width 17: "foo"
            LayoutTableCell {TD} at (495,171) size 160x22 [r=6 c=4 rs=1 cs=1]
              LayoutText {#text} at (1,1) size 104x19
                text run at (1,1) width 104: "(26, 35) (22, 31)"
          LayoutTableRow {TR} at (0,196) size 655x62
            LayoutTableCell {TD} at (0,216) size 161x22 [r=7 c=0 rs=1 cs=1]
              LayoutText {#text} at (1,1) size 86x19
                text run at (1,1) width 86: "padding: 20px"
            LayoutTableCell {TD} at (161,196) size 58x62 [r=7 c=1 rs=1 cs=1]
              LayoutButton {BUTTON} at (1,1) size 54x60 [bgcolor=#C0C0C0] [border: (2px outset #C0C0C0)]
                LayoutBlockFlow (anonymous) at (22,22) size 10x16
                  LayoutImage {IMG} at (0,3) size 10x10
            LayoutTableCell {TD} at (219,216) size 150x22 [r=7 c=2 rs=1 cs=1]
              LayoutText {#text} at (1,1) size 104x19
                text run at (1,1) width 104: "(60, 54) (56, 50)"
            LayoutTableCell {TD} at (369,196) size 126x62 [r=7 c=3 rs=1 cs=1]
              LayoutButton {INPUT} at (1,1) size 61x60 [bgcolor=#C0C0C0] [border: (2px outset #C0C0C0)]
                LayoutBlockFlow (anonymous) at (22,22) size 17x16
                  LayoutText {#text} at (0,0) size 17x16
                    text run at (0,0) width 17: "foo"
            LayoutTableCell {TD} at (495,216) size 160x22 [r=7 c=4 rs=1 cs=1]
              LayoutText {#text} at (1,1) size 104x19
                text run at (1,1) width 104: "(60, 61) (56, 57)"
