layer at (0,0) size 800x600
  LayoutView at (0,0) size 800x600
layer at (0,0) size 800x600
  LayoutBlockFlow {HTML} at (0,0) size 800x600
    LayoutBlockFlow {BODY} at (8,8) size 784x576
      LayoutBlockFlow {P} at (0,0) size 784x20
        LayoutText {#text} at (0,0) size 218x19
          text run at (0,0) width 218: "Tests that buttons clip their contents."
      LayoutBlockFlow {P} at (0,36) size 784x20
        LayoutText {#text} at (0,0) size 726x19
          text run at (0,0) width 459: "Each button below should have a yellow border and a black dashed outline. "
          text run at (459,0) width 267: "Contents should overflow the yellow border."
      LayoutBlockFlow {P} at (0,72) size 784x50
        LayoutButton {BUTTON} at (0,0) size 100x50 [bgcolor=#C0C0C0] [border: (2px outset #FFFF00)]
          LayoutBlockFlow (anonymous) at (12,12) size 76x204
            LayoutBlockFlow {DIV} at (0,0) size 74x204 [bgcolor=#008080] [border: (2px solid #800080)]
              LayoutBlockFlow (floating) {DIV} at (52,2) size 20x100 [bgcolor=#006400]
              LayoutText {#text} at (12,2) size 38x64
                text run at (12,2) width 30: "short"
                text run at (10,18) width 34: "words"
                text run at (15,34) width 24: "only"
                text run at (8,50) width 38: "please"
        LayoutText {#text} at (0,0) size 0x0
      LayoutButton {BUTTON} at (0,138) size 100x50 [bgcolor=#C0C0C0] [border: (2px outset #FFFF00)]
        LayoutBlockFlow (anonymous) at (12,12) size 76x204
          LayoutBlockFlow {DIV} at (0,0) size 74x204 [bgcolor=#008080] [border: (2px solid #800080)]
            LayoutBlockFlow (floating) {DIV} at (52,2) size 20x100 [bgcolor=#006400]
            LayoutText {#text} at (12,2) size 38x64
              text run at (12,2) width 30: "short"
              text run at (10,18) width 34: "words"
              text run at (15,34) width 24: "only"
              text run at (8,50) width 38: "please"
      LayoutBlockFlow {P} at (0,204) size 784x0
layer at (8,212) size 100x50
  LayoutButton (positioned) {BUTTON} at (8,212) size 100x50 [bgcolor=#C0C0C0] [border: (2px outset #FFFF00)]
    LayoutBlockFlow (anonymous) at (12,12) size 76x204
      LayoutBlockFlow {DIV} at (0,0) size 74x204 [bgcolor=#008080] [border: (2px solid #800080)]
        LayoutBlockFlow (floating) {DIV} at (52,2) size 20x100 [bgcolor=#006400]
        LayoutText {#text} at (12,2) size 38x64
          text run at (12,2) width 30: "short"
          text run at (10,18) width 34: "words"
          text run at (15,34) width 24: "only"
          text run at (8,50) width 38: "please"
