layer at (0,0) size 800x600
  LayoutView at (0,0) size 800x600
layer at (0,0) size 800x600
  LayoutBlockFlow {HTML} at (0,0) size 800x600
    LayoutBlockFlow {BODY} at (8,8) size 784x584
      LayoutBlockFlow {P} at (0,0) size 784x40
        LayoutText {#text} at (0,0) size 99x19
          text run at (0,0) width 99: "This is a test for "
        LayoutInline {I} at (0,0) size 752x39
          LayoutInline {A} at (0,0) size 350x19 [color=#0000EE]
            LayoutText {#text} at (99,0) size 350x19
              text run at (99,0) width 350: "http://bugzilla.opendarwin.org/show_bug.cgi?id=9316"
          LayoutText {#text} at (448,0) size 752x39
            text run at (448,0) width 5: " "
            text run at (452,0) width 300: "REGRESSION: text field width shrinks on first"
            text run at (0,20) width 62: "keystroke"
        LayoutText {#text} at (61,20) size 5x19
          text run at (61,20) width 5: "."
layer at (8,64) size 784x2 clip at (0,0) size 0x0
  LayoutBlockFlow {HR} at (0,56) size 784x2 [border: (1px inset #EEEEEE)]
layer at (8,74) size 784x0
  LayoutBlockFlow (relative positioned) {DIV} at (0,66) size 784x0
    LayoutTextControl (floating) {INPUT} at (0,0) size 392x22 [bgcolor=#FFFFFF] [border: (2px inset #EEEEEE)]
layer at (10,77) size 388x16
  LayoutBlockFlow {DIV} at (2,3) size 388x16
    LayoutText {#text} at (0,0) size 17x16
      text run at (0,0) width 17: "foo"
