layer at (0,0) size 800x600
  LayoutView at (0,0) size 800x600
layer at (0,0) size 800x600
  LayoutBlockFlow {HTML} at (0,0) size 800x600
    LayoutBlockFlow {BODY} at (8,8) size 784x584
      LayoutBlockFlow {FORM} at (0,0) size 784x21
        LayoutBlockFlow {INPUT} at (5,3) size 13x13
        LayoutText {#text} at (21,1) size 31x19
          text run at (21,1) width 31: "Two "
        LayoutBlockFlow {INPUT} at (57,3) size 13x13
        LayoutText {#text} at (73,1) size 35x19
          text run at (73,1) width 35: "Three"
      LayoutBlockFlow {FORM} at (0,37) size 784x21
        LayoutBlockFlow {INPUT} at (5,3) size 13x13
        LayoutText {#text} at (21,1) size 30x19
          text run at (21,1) width 30: "One "
        LayoutBlockFlow {INPUT} at (56,3) size 13x13
        LayoutText {#text} at (72,1) size 31x19
          text run at (72,1) width 31: "Two "
        LayoutBlockFlow {INPUT} at (108,3) size 13x13
        LayoutText {#text} at (124,1) size 39x19
          text run at (124,1) width 39: "Three "
        LayoutBlockFlow {INPUT} at (168,3) size 13x13
        LayoutText {#text} at (184,1) size 26x19
          text run at (184,1) width 26: "One"
      LayoutBlockFlow (anonymous) at (0,74) size 784x40
        LayoutText {#text} at (0,0) size 783x39
          text run at (0,0) width 480: "The count of the # of elements in form 1 should be 2 and in form 2 should be 4. "
          text run at (480,0) width 303: "The count in form 1 is 2, and the count in form 2 is"
          text run at (0,20) width 8: "4"
