layer at (0,0) size 800x600
  LayoutView at (0,0) size 800x600
layer at (0,0) size 800x600
  LayoutBlockFlow {HTML} at (0,0) size 800x600
    LayoutBlockFlow {BODY} at (8,8) size 784x584
      LayoutBlockFlow {P} at (0,0) size 784x40
        LayoutText {#text} at (0,0) size 766x39
          text run at (0,0) width 495: "The first empty image box below should have the default grey \"no border\" border. "
          text run at (494,0) width 272: "The second should have a 1-pixel solid black"
          text run at (0,20) width 264: "border. They should be the same otherwise."
      LayoutBlockFlow (anonymous) at (0,56) size 784x55
        LayoutText {#text} at (0,35) size 52x19
          text run at (0,35) width 52: "border:0"
        LayoutImage {IMG} at (52,0) size 338x50
      LayoutBlockFlow (anonymous) at (0,129) size 784x57
        LayoutText {#text} at (0,37) size 52x19
          text run at (0,37) width 52: "border:1"
        LayoutImage {IMG} at (52,0) size 340x52 [border: (1px solid #000000)]
        LayoutText {#text} at (0,0) size 0x0
layer at (8,127) size 784x2 clip at (0,0) size 0x0
  LayoutBlockFlow {HR} at (0,119) size 784x2 [border: (1px inset #EEEEEE)]
