layer at (0,0) size 800x600
  LayoutView at (0,0) size 800x600
layer at (0,0) size 800x600
  LayoutBlockFlow {HTML} at (0,0) size 800x600
    LayoutBlockFlow {BODY} at (8,8) size 784x576
      LayoutBlockFlow {P} at (0,0) size 784x40
        LayoutText {#text} at (0,0) size 740x39
          text run at (0,0) width 740: "Results that match WinIE are two columns on the right that say \"after\" every time, except for the last row which should have"
          text run at (0,20) width 145: "nothing in either column."
      LayoutBlockFlow {P} at (0,56) size 784x20
        LayoutText {#text} at (0,0) size 676x19
          text run at (0,0) width 676: "Results that match Gecko are like WinIE, but with \"before\" for the attribute in the first two rows and the last row."
      LayoutBlockFlow {FORM} at (0,102) size 784x376
        LayoutTable {TABLE} at (0,0) size 734x376
          LayoutTableSection {THEAD} at (0,0) size 734x26
            LayoutTableRow {TR} at (0,2) size 734x22
              LayoutTableCell {TH} at (2,2) size 366x22 [r=0 c=0 rs=1 cs=1]
                LayoutText {#text} at (1,1) size 59x19
                  text run at (1,1) width 59: "test case"
              LayoutTableCell {TH} at (370,2) size 240x22 [r=0 c=1 rs=1 cs=1]
                LayoutText {#text} at (1,1) size 88x19
                  text run at (1,1) width 88: "form element"
              LayoutTableCell {TH} at (612,2) size 59x22 [r=0 c=2 rs=1 cs=1]
                LayoutText {#text} at (1,1) size 57x19
                  text run at (1,1) width 57: "property"
              LayoutTableCell {TH} at (673,2) size 59x22 [r=0 c=3 rs=1 cs=1]
                LayoutText {#text} at (1,1) size 57x19
                  text run at (1,1) width 57: "attribute"
          LayoutTableSection {TBODY} at (0,26) size 734x350
            LayoutTableRow {TR} at (0,0) size 734x24
              LayoutTableCell {TD} at (2,1) size 366x22 [r=0 c=0 rs=1 cs=1]
                LayoutText {#text} at (1,1) size 196x19
                  text run at (1,1) width 196: "text with value property changed"
              LayoutTableCell {TD} at (370,0) size 240x24 [r=0 c=1 rs=1 cs=1]
                LayoutTextControl {INPUT} at (1,1) size 173x22 [bgcolor=#FFFFFF] [border: (2px inset #EEEEEE)]
              LayoutTableCell {TD} at (612,1) size 59x22 [r=0 c=2 rs=1 cs=1]
                LayoutText {#text} at (1,1) size 27x19
                  text run at (1,1) width 27: "after"
              LayoutTableCell {TD} at (673,1) size 59x22 [r=0 c=3 rs=1 cs=1]
                LayoutText {#text} at (1,1) size 39x19
                  text run at (1,1) width 39: "before"
            LayoutTableRow {TR} at (0,26) size 734x24
              LayoutTableCell {TD} at (2,27) size 366x22 [r=1 c=0 rs=1 cs=1]
                LayoutText {#text} at (1,1) size 233x19
                  text run at (1,1) width 233: "password with value property changed"
              LayoutTableCell {TD} at (370,26) size 240x24 [r=1 c=1 rs=1 cs=1]
                LayoutTextControl {INPUT} at (1,1) size 173x22 [bgcolor=#FFFFFF] [border: (2px inset #EEEEEE)]
              LayoutTableCell {TD} at (612,27) size 59x22 [r=1 c=2 rs=1 cs=1]
                LayoutText {#text} at (1,1) size 27x19
                  text run at (1,1) width 27: "after"
              LayoutTableCell {TD} at (673,27) size 59x22 [r=1 c=3 rs=1 cs=1]
                LayoutText {#text} at (1,1) size 39x19
                  text run at (1,1) width 39: "before"
            LayoutTableRow {TR} at (0,52) size 734x22
              LayoutTableCell {TD} at (2,52) size 366x22 [r=2 c=0 rs=1 cs=1]
                LayoutText {#text} at (1,1) size 237x19
                  text run at (1,1) width 237: "check box with value property changed"
              LayoutTableCell {TD} at (370,52) size 240x21 [r=2 c=1 rs=1 cs=1]
                LayoutBlockFlow {INPUT} at (5,4) size 13x13
              LayoutTableCell {TD} at (612,52) size 59x22 [r=2 c=2 rs=1 cs=1]
                LayoutText {#text} at (1,1) size 27x19
                  text run at (1,1) width 27: "after"
              LayoutTableCell {TD} at (673,52) size 59x22 [r=2 c=3 rs=1 cs=1]
                LayoutText {#text} at (1,1) size 27x19
                  text run at (1,1) width 27: "after"
            LayoutTableRow {TR} at (0,76) size 734x22
              LayoutTableCell {TD} at (2,76) size 366x22 [r=3 c=0 rs=1 cs=1]
                LayoutText {#text} at (1,1) size 214x19
                  text run at (1,1) width 214: "hidden with value property changed"
              LayoutTableCell {TD} at (370,86) size 240x2 [r=3 c=1 rs=1 cs=1]
              LayoutTableCell {TD} at (612,76) size 59x22 [r=3 c=2 rs=1 cs=1]
                LayoutText {#text} at (1,1) size 27x19
                  text run at (1,1) width 27: "after"
              LayoutTableCell {TD} at (673,76) size 59x22 [r=3 c=3 rs=1 cs=1]
                LayoutText {#text} at (1,1) size 27x19
                  text run at (1,1) width 27: "after"
            LayoutTableRow {TR} at (0,100) size 734x24
              LayoutTableCell {TD} at (2,101) size 366x22 [r=4 c=0 rs=1 cs=1]
                LayoutText {#text} at (1,1) size 212x19
                  text run at (1,1) width 212: "button with value property changed"
              LayoutTableCell {TD} at (370,100) size 240x24 [r=4 c=1 rs=1 cs=1]
                LayoutButton {INPUT} at (1,1) size 41x22 [bgcolor=#C0C0C0] [border: (2px outset #C0C0C0)]
                  LayoutBlockFlow (anonymous) at (8,3) size 25x16
                    LayoutText {#text} at (0,0) size 25x16
                      text run at (0,0) width 25: "after"
              LayoutTableCell {TD} at (612,101) size 59x22 [r=4 c=2 rs=1 cs=1]
                LayoutText {#text} at (1,1) size 27x19
                  text run at (1,1) width 27: "after"
              LayoutTableCell {TD} at (673,101) size 59x22 [r=4 c=3 rs=1 cs=1]
                LayoutText {#text} at (1,1) size 27x19
                  text run at (1,1) width 27: "after"
            LayoutTableRow {TR} at (0,126) size 734x22
              LayoutTableCell {TD} at (2,126) size 366x22 [r=5 c=0 rs=1 cs=1]
                LayoutText {#text} at (1,1) size 209x19
                  text run at (1,1) width 209: "image with value property changed"
              LayoutTableCell {TD} at (370,128) size 240x18 [r=5 c=1 rs=1 cs=1]
                LayoutBlockFlow {INPUT} at (1,1) size 35x16
                  LayoutInline {SPAN} at (0,0) size 35x16
                    LayoutInline {SPAN} at (0,0) size 35x16
                      LayoutText {#text} at (0,0) size 35x16
                        text run at (0,0) width 35: "before"
              LayoutTableCell {TD} at (612,126) size 59x22 [r=5 c=2 rs=1 cs=1]
                LayoutText {#text} at (1,1) size 27x19
                  text run at (1,1) width 27: "after"
              LayoutTableCell {TD} at (673,126) size 59x22 [r=5 c=3 rs=1 cs=1]
                LayoutText {#text} at (1,1) size 27x19
                  text run at (1,1) width 27: "after"
            LayoutTableRow {TR} at (0,150) size 734x22
              LayoutTableCell {TD} at (2,150) size 366x22 [r=6 c=0 rs=1 cs=1]
                LayoutText {#text} at (1,1) size 205x19
                  text run at (1,1) width 205: "radio with value property changed"
              LayoutTableCell {TD} at (370,152) size 240x18 [r=6 c=1 rs=1 cs=1]
                LayoutBlockFlow {INPUT} at (6,4) size 13x13
              LayoutTableCell {TD} at (612,150) size 59x22 [r=6 c=2 rs=1 cs=1]
                LayoutText {#text} at (1,1) size 27x19
                  text run at (1,1) width 27: "after"
              LayoutTableCell {TD} at (673,150) size 59x22 [r=6 c=3 rs=1 cs=1]
                LayoutText {#text} at (1,1) size 27x19
                  text run at (1,1) width 27: "after"
            LayoutTableRow {TR} at (0,174) size 734x24
              LayoutTableCell {TD} at (2,175) size 366x22 [r=7 c=0 rs=1 cs=1]
                LayoutText {#text} at (1,1) size 193x19
                  text run at (1,1) width 193: "text with value attribute changed"
              LayoutTableCell {TD} at (370,174) size 240x24 [r=7 c=1 rs=1 cs=1]
                LayoutTextControl {INPUT} at (1,1) size 173x22 [bgcolor=#FFFFFF] [border: (2px inset #EEEEEE)]
              LayoutTableCell {TD} at (612,175) size 59x22 [r=7 c=2 rs=1 cs=1]
                LayoutText {#text} at (1,1) size 27x19
                  text run at (1,1) width 27: "after"
              LayoutTableCell {TD} at (673,175) size 59x22 [r=7 c=3 rs=1 cs=1]
                LayoutText {#text} at (1,1) size 27x19
                  text run at (1,1) width 27: "after"
            LayoutTableRow {TR} at (0,200) size 734x22
              LayoutTableCell {TD} at (2,200) size 366x22 [r=8 c=0 rs=1 cs=1]
                LayoutText {#text} at (1,1) size 234x19
                  text run at (1,1) width 234: "check box with value attribute changed"
              LayoutTableCell {TD} at (370,200) size 240x21 [r=8 c=1 rs=1 cs=1]
                LayoutBlockFlow {INPUT} at (5,4) size 13x13
              LayoutTableCell {TD} at (612,200) size 59x22 [r=8 c=2 rs=1 cs=1]
                LayoutText {#text} at (1,1) size 27x19
                  text run at (1,1) width 27: "after"
              LayoutTableCell {TD} at (673,200) size 59x22 [r=8 c=3 rs=1 cs=1]
                LayoutText {#text} at (1,1) size 27x19
                  text run at (1,1) width 27: "after"
            LayoutTableRow {TR} at (0,224) size 734x22
              LayoutTableCell {TD} at (2,224) size 366x22 [r=9 c=0 rs=1 cs=1]
                LayoutText {#text} at (1,1) size 364x19
                  text run at (1,1) width 364: "text with value property changed, then turned into check box"
              LayoutTableCell {TD} at (370,224) size 240x21 [r=9 c=1 rs=1 cs=1]
                LayoutBlockFlow {INPUT} at (5,4) size 13x13
              LayoutTableCell {TD} at (612,224) size 59x22 [r=9 c=2 rs=1 cs=1]
                LayoutText {#text} at (1,1) size 27x19
                  text run at (1,1) width 27: "after"
              LayoutTableCell {TD} at (673,224) size 59x22 [r=9 c=3 rs=1 cs=1]
                LayoutText {#text} at (1,1) size 27x19
                  text run at (1,1) width 27: "after"
            LayoutTableRow {TR} at (0,248) size 734x24
              LayoutTableCell {TD} at (2,249) size 366x22 [r=10 c=0 rs=1 cs=1]
                LayoutText {#text} at (1,1) size 364x19
                  text run at (1,1) width 364: "check box with value property changed, then turned into text"
              LayoutTableCell {TD} at (370,248) size 240x24 [r=10 c=1 rs=1 cs=1]
                LayoutTextControl {INPUT} at (1,1) size 173x22 [bgcolor=#FFFFFF] [border: (2px inset #EEEEEE)]
              LayoutTableCell {TD} at (612,249) size 59x22 [r=10 c=2 rs=1 cs=1]
                LayoutText {#text} at (1,1) size 27x19
                  text run at (1,1) width 27: "after"
              LayoutTableCell {TD} at (673,249) size 59x22 [r=10 c=3 rs=1 cs=1]
                LayoutText {#text} at (1,1) size 27x19
                  text run at (1,1) width 27: "after"
            LayoutTableRow {TR} at (0,274) size 734x22
              LayoutTableCell {TD} at (2,274) size 366x22 [r=11 c=0 rs=1 cs=1]
                LayoutText {#text} at (1,1) size 361x19
                  text run at (1,1) width 361: "text with value attribute changed, then turned into check box"
              LayoutTableCell {TD} at (370,274) size 240x21 [r=11 c=1 rs=1 cs=1]
                LayoutBlockFlow {INPUT} at (5,4) size 13x13
              LayoutTableCell {TD} at (612,274) size 59x22 [r=11 c=2 rs=1 cs=1]
                LayoutText {#text} at (1,1) size 27x19
                  text run at (1,1) width 27: "after"
              LayoutTableCell {TD} at (673,274) size 59x22 [r=11 c=3 rs=1 cs=1]
                LayoutText {#text} at (1,1) size 27x19
                  text run at (1,1) width 27: "after"
            LayoutTableRow {TR} at (0,298) size 734x24
              LayoutTableCell {TD} at (2,299) size 366x22 [r=12 c=0 rs=1 cs=1]
                LayoutText {#text} at (1,1) size 361x19
                  text run at (1,1) width 361: "check box with value attribute changed, then turned into text"
              LayoutTableCell {TD} at (370,298) size 240x24 [r=12 c=1 rs=1 cs=1]
                LayoutTextControl {INPUT} at (1,1) size 173x22 [bgcolor=#FFFFFF] [border: (2px inset #EEEEEE)]
              LayoutTableCell {TD} at (612,299) size 59x22 [r=12 c=2 rs=1 cs=1]
                LayoutText {#text} at (1,1) size 27x19
                  text run at (1,1) width 27: "after"
              LayoutTableCell {TD} at (673,299) size 59x22 [r=12 c=3 rs=1 cs=1]
                LayoutText {#text} at (1,1) size 27x19
                  text run at (1,1) width 27: "after"
            LayoutTableRow {TR} at (0,324) size 734x24
              LayoutTableCell {TD} at (2,325) size 366x22 [r=13 c=0 rs=1 cs=1]
                LayoutText {#text} at (1,1) size 191x19
                  text run at (1,1) width 191: "file with value property changed"
              LayoutTableCell {TD} at (370,324) size 240x24 [r=13 c=1 rs=1 cs=1]
                LayoutFileUploadControl {INPUT} at (1,1) size 238x22 "No file chosen"
                  LayoutButton {INPUT} at (0,0) size 85x22 [bgcolor=#C0C0C0] [border: (2px outset #C0C0C0)]
                    LayoutBlockFlow (anonymous) at (8,3) size 69x16
                      LayoutText {#text} at (0,0) size 69x16
                        text run at (0,0) width 69: "Choose File"
              LayoutTableCell {TD} at (612,335) size 59x2 [r=13 c=2 rs=1 cs=1]
              LayoutTableCell {TD} at (673,325) size 59x22 [r=13 c=3 rs=1 cs=1]
                LayoutText {#text} at (1,1) size 39x19
                  text run at (1,1) width 39: "before"
layer at (8,100) size 784x2 clip at (0,0) size 0x0
  LayoutBlockFlow {HR} at (0,92) size 784x2 [border: (1px inset #EEEEEE)]
layer at (381,140) size 169x16
  LayoutBlockFlow {DIV} at (2,3) size 169x16
    LayoutText {#text} at (0,0) size 35x16
      text run at (0,0) width 35: "before"
layer at (381,166) size 169x16
  LayoutBlockFlow {DIV} at (2,3) size 169x16
    LayoutText {#text} at (0,0) size 30x16
      text run at (0,0) width 30: "\x{2022}\x{2022}\x{2022}\x{2022}\x{2022}\x{2022}"
layer at (381,314) size 169x16
  LayoutBlockFlow {DIV} at (2,3) size 169x16
    LayoutText {#text} at (0,0) size 25x16
      text run at (0,0) width 25: "after"
layer at (381,388) size 169x16
  LayoutBlockFlow {DIV} at (2,3) size 169x16
    LayoutText {#text} at (0,0) size 25x16
      text run at (0,0) width 25: "after"
layer at (381,438) size 169x16
  LayoutBlockFlow {DIV} at (2,3) size 169x16
    LayoutText {#text} at (0,0) size 25x16
      text run at (0,0) width 25: "after"
