layer at (0,0) size 800x600
  LayoutView at (0,0) size 800x600
layer at (0,0) size 800x600
  LayoutBlockFlow {HTML} at (0,0) size 800x600
    LayoutBlockFlow {BODY} at (8,8) size 784x576
      LayoutBlockFlow (anonymous) at (0,0) size 784x20
        LayoutText {#text} at (0,0) size 717x19
          text run at (0,0) width 717: "This tests the height attribute of form elements. The only element that should honour this value is the Image type of input."
      LayoutBlockFlow {FORM} at (0,20) size 784x266
        LayoutText {#text} at (0,1) size 33x19
          text run at (0,1) width 33: "input "
        LayoutTextControl {INPUT} at (33,0) size 173x22 [bgcolor=#FFFFFF] [border: (2px inset #EEEEEE)]
        LayoutText {#text} at (206,1) size 4x19
          text run at (206,1) width 4: " "
        LayoutBR {BR} at (210,16) size 0x0
        LayoutText {#text} at (0,23) size 26x19
          text run at (0,23) width 26: "text "
        LayoutTextControl {INPUT} at (26,22) size 173x22 [bgcolor=#FFFFFF] [border: (2px inset #EEEEEE)]
        LayoutText {#text} at (199,23) size 4x19
          text run at (199,23) width 4: " "
        LayoutBR {BR} at (203,38) size 0x0
        LayoutText {#text} at (0,45) size 63x19
          text run at (0,45) width 63: "checkbox "
        LayoutBlockFlow {INPUT} at (67,47) size 13x13
        LayoutText {#text} at (83,45) size 4x19
          text run at (83,45) width 4: " "
        LayoutBR {BR} at (87,60) size 0x0
        LayoutText {#text} at (0,66) size 21x19
          text run at (0,66) width 21: "file "
        LayoutFileUploadControl {INPUT} at (21,65) size 238x22 "No file chosen"
          LayoutButton {INPUT} at (0,0) size 85x22 [bgcolor=#C0C0C0] [border: (2px outset #C0C0C0)]
            LayoutBlockFlow (anonymous) at (8,3) size 69x16
              LayoutText {#text} at (0,0) size 69x16
                text run at (0,0) width 69: "Choose File"
        LayoutText {#text} at (259,66) size 4x19
          text run at (259,66) width 4: " "
        LayoutBR {BR} at (263,81) size 0x0
        LayoutText {#text} at (0,87) size 39x19
          text run at (0,87) width 39: "image "
        LayoutImage {INPUT} at (39,101) size 10x1
        LayoutText {#text} at (49,87) size 4x19
          text run at (49,87) width 4: " "
        LayoutBR {BR} at (53,102) size 0x0
        LayoutText {#text} at (0,108) size 35x19
          text run at (0,108) width 35: "radio "
        LayoutBlockFlow {INPUT} at (40,110) size 13x13
        LayoutText {#text} at (56,108) size 4x19
          text run at (56,108) width 4: " "
        LayoutBR {BR} at (60,123) size 0x0
        LayoutText {#text} at (0,136) size 37x19
          text run at (0,136) width 37: "range "
        LayoutSlider {INPUT} at (39,130) size 129x21 [color=#C4C4C4] [bgcolor=#FFFFFF]
          LayoutFlexibleBox {DIV} at (0,0) size 129x21
            LayoutBlockFlow {DIV} at (0,0) size 129x21
              LayoutBlockFlow {DIV} at (59,0) size 11x21
        LayoutText {#text} at (170,136) size 4x19
          text run at (170,136) width 4: " "
        LayoutBR {BR} at (174,151) size 0x0
        LayoutText {#text} at (0,157) size 33x19
          text run at (0,157) width 33: "reset "
        LayoutButton {INPUT} at (33,156) size 50x22 [bgcolor=#C0C0C0] [border: (2px outset #C0C0C0)]
          LayoutBlockFlow (anonymous) at (8,3) size 34x16
            LayoutText {#text} at (0,0) size 34x16
              text run at (0,0) width 34: "Reset"
        LayoutText {#text} at (83,157) size 4x19
          text run at (83,157) width 4: " "
        LayoutBR {BR} at (87,172) size 0x0
        LayoutText {#text} at (0,179) size 43x19
          text run at (0,179) width 43: "submit "
        LayoutButton {INPUT} at (43,178) size 57x22 [bgcolor=#C0C0C0] [border: (2px outset #C0C0C0)]
          LayoutBlockFlow (anonymous) at (8,3) size 41x16
            LayoutText {#text} at (0,0) size 41x16
              text run at (0,0) width 41: "Submit"
        LayoutText {#text} at (100,179) size 4x19
          text run at (100,179) width 4: " "
        LayoutBR {BR} at (104,194) size 0x0
        LayoutText {#text} at (0,201) size 45x19
          text run at (0,201) width 45: "isindex "
        LayoutTextControl {INPUT} at (45,200) size 173x22 [bgcolor=#FFFFFF] [border: (2px inset #EEEEEE)]
        LayoutText {#text} at (218,201) size 4x19
          text run at (218,201) width 4: " "
        LayoutBR {BR} at (222,216) size 0x0
        LayoutText {#text} at (0,223) size 63x19
          text run at (0,223) width 63: "password "
        LayoutTextControl {INPUT} at (63,222) size 173x22 [bgcolor=#FFFFFF] [border: (2px inset #EEEEEE)]
        LayoutText {#text} at (236,223) size 4x19
          text run at (236,223) width 4: " "
        LayoutBR {BR} at (240,238) size 0x0
        LayoutText {#text} at (0,245) size 43x19
          text run at (0,245) width 43: "search "
        LayoutTextControl {INPUT} at (43,244) size 175x22 [bgcolor=#FFFFFF] [border: (2px inset #EEEEEE)]
          LayoutFlexibleBox {DIV} at (3,3) size 169x16
            LayoutBlockFlow {DIV} at (0,0) size 156x16
        LayoutText {#text} at (0,0) size 0x0
layer at (43,31) size 169x16
  LayoutBlockFlow {DIV} at (2,3) size 169x16
layer at (36,53) size 169x16
  LayoutBlockFlow {DIV} at (2,3) size 169x16
layer at (55,231) size 169x16
  LayoutBlockFlow {DIV} at (2,3) size 169x16
layer at (73,253) size 169x16
  LayoutBlockFlow {DIV} at (2,3) size 169x16
layer at (54,275) size 156x16
  LayoutBlockFlow {DIV} at (0,0) size 156x16
layer at (211,279) size 9x9 transparent
  LayoutBlockFlow {DIV} at (157,3.50) size 9x9
