layer at (0,0) size 800x600
  LayoutView at (0,0) size 800x600
layer at (0,0) size 800x600
  LayoutBlockFlow {HTML} at (0,0) size 800x600
    LayoutBlockFlow {BODY} at (8,8) size 784x576
      LayoutBlockFlow (anonymous) at (0,0) size 784x20
        LayoutText {#text} at (0,0) size 631x19
          text run at (0,0) width 631: "The textarea below should have standard line-height because textareas should ignore negative line-heights"
        LayoutBR {BR} at (631,15) size 0x0
      LayoutBlockFlow {P} at (0,36) size 784x245
        LayoutText {#text} at (0,0) size 78x19
          text run at (0,0) width 78: "TEXTAREA"
        LayoutBR {BR} at (78,15) size 0x0
        LayoutText {#text} at (400,205) size 4x19
          text run at (400,205) width 4: " "
        LayoutBR {BR} at (0,0) size 0x0
        LayoutBR {BR} at (0,225) size 0x19
layer at (8,64) size 400x200 clip at (9,65) size 398x198
  LayoutTextControl {TEXTAREA} at (0,20) size 400x200 [bgcolor=#FFFFFF] [border: (1px dotted #C0C0C0)]
    LayoutBlockFlow {DIV} at (3,3) size 396x32
      LayoutText {#text} at (0,0) size 390x32
        text run at (0,0) width 385: "Demo text here that wraps a bit and should demonstrate"
        text run at (385,0) width 5: " "
        text run at (0,16) width 181: "the goodness of line-height"
