layer at (0,0) size 800x600
  LayoutView at (0,0) size 800x600
layer at (0,0) size 800x600
  LayoutBlockFlow {HTML} at (0,0) size 800x600
    LayoutBlockFlow {BODY} at (8,8) size 784x584
      LayoutTextControl {INPUT} at (0,0) size 175x22 [bgcolor=#FFFFFF] [border: (2px inset #EEEEEE)]
        LayoutFlexibleBox {DIV} at (3,3) size 169x16
          LayoutBlockFlow {DIV} at (0,0) size 156x16
      LayoutText {#text} at (175,1) size 4x19
        text run at (175,1) width 4: " "
      LayoutBR {BR} at (179,16) size 0x0
      LayoutTextControl {INPUT} at (0,22) size 103x22 [bgcolor=#FFFFFF] [border: (2px inset #EEEEEE)]
      LayoutText {#text} at (103,23) size 4x19
        text run at (103,23) width 4: " "
      LayoutTextControl {INPUT} at (107,22) size 103x22 [bgcolor=#FFFFFF] [border: (2px inset #EEEEEE)]
      LayoutText {#text} at (210,23) size 4x19
        text run at (210,23) width 4: " "
      LayoutTextControl {INPUT} at (214,22) size 173x22 [bgcolor=#FFFFFF] [border: (2px inset #EEEEEE)]
      LayoutText {#text} at (387,23) size 4x19
        text run at (387,23) width 4: " "
      LayoutBR {BR} at (391,38) size 0x0
      LayoutTextControl {INPUT} at (0,44) size 175x22 [bgcolor=#FFFFFF] [border: (2px inset #EEEEEE)]
        LayoutFlexibleBox {DIV} at (3,3) size 169x16
          LayoutBlockFlow {DIV} at (12,0) size 157x16
      LayoutBR {BR} at (175,60) size 0x0
      LayoutTextControl {INPUT} at (0,66) size 175x22 [bgcolor=#FFFFFF] [border: (2px inset #EEEEEE)]
        LayoutFlexibleBox {DIV} at (3,3) size 169x16
          LayoutBlockFlow {DIV} at (0,0) size 156x16
      LayoutBR {BR} at (175,82) size 0x0
      LayoutBR {BR} at (179,124) size 0x0
      LayoutTextControl {INPUT} at (0,124) size 173x36 [bgcolor=#FFFFFF] [border: (2px inset #EEEEEE)]
      LayoutBR {BR} at (173,140) size 0x0
      LayoutBR {BR} at (179,209) size 0x0
      LayoutTextControl {INPUT} at (5,214) size 183x29 [bgcolor=#FFFFFF] [border: (5px solid #000000)]
      LayoutBR {BR} at (193,234) size 0x0
      LayoutTextControl {INPUT} at (0,248) size 173x31 [bgcolor=#FFFFFF] [border: (2px inset #EEEEEE)]
      LayoutText {#text} at (173,253) size 4x19
        text run at (173,253) width 4: " "
      LayoutTextControl {INPUT} at (177,248) size 173x31 [bgcolor=#FFFFFF] [border: (2px inset #EEEEEE)]
      LayoutText {#text} at (350,253) size 4x19
        text run at (350,253) width 4: " "
      LayoutTextControl {INPUT} at (354,250.50) size 173x25 [bgcolor=#FFFFFF] [border: (2px inset #EEEEEE)]
      LayoutText {#text} at (527,253) size 4x19
        text run at (527,253) width 4: " "
      LayoutTextControl {INPUT} at (531,251) size 173x25 [bgcolor=#FFFFFF] [border: (2px inset #EEEEEE)]
      LayoutText {#text} at (0,0) size 0x0
      LayoutTextControl {INPUT} at (0,279) size 173x25 [bgcolor=#FFFFFF] [border: (2px inset #EEEEEE)]
      LayoutText {#text} at (173,281) size 4x20
        text run at (173,281) width 4: " "
      LayoutBR {BR} at (0,0) size 0x0
      LayoutTextControl {INPUT} at (0,304) size 173x22 [bgcolor=#FFFFFF] [border: (2px inset #EEEEEE)]
      LayoutText {#text} at (173,305) size 4x19
        text run at (173,305) width 4: " "
      LayoutTextControl {INPUT} at (177,304) size 173x22 [bgcolor=#FFFFFF] [border: (2px inset #EEEEEE)]
      LayoutText {#text} at (350,305) size 4x19
        text run at (350,305) width 4: " "
      LayoutTextControl {INPUT} at (354,304) size 173x22 [bgcolor=#FFFFFF] [border: (2px inset #EEEEEE)]
      LayoutText {#text} at (527,305) size 4x19
        text run at (527,305) width 4: " "
      LayoutBR {BR} at (531,320) size 0x0
      LayoutBR {BR} at (173,356) size 0x0
layer at (11,11) size 156x16
  LayoutBlockFlow {DIV} at (3,3) size 156x16 [color=#757575]
    LayoutText {#text} at (0,0) size 66x16
      text run at (0,0) width 66: "placeholder"
layer at (11,11) size 156x16
  LayoutBlockFlow {DIV} at (0,0) size 156x16
layer at (10,33) size 99x16
  LayoutBlockFlow {DIV} at (2,3) size 99x16 [color=#757575]
    LayoutText {#text} at (0,0) size 66x16
      text run at (0,0) width 66: "placeholder"
layer at (10,33) size 99x16
  LayoutBlockFlow {DIV} at (2,3) size 99x16
layer at (117,33) size 99x16
  LayoutBlockFlow {DIV} at (2,3) size 99x16 [color=#757575]
    LayoutText {#text} at (0,0) size 66x16
      text run at (0,0) width 66: "placeholder"
layer at (117,33) size 99x16
  LayoutBlockFlow {DIV} at (2,3) size 99x16
layer at (224,33) size 169x16
  LayoutBlockFlow {DIV} at (2,3) size 169x16 [color=#757575]
    LayoutText {#text} at (0,0) size 105x16
      text run at (0,0) width 105: "\x{65E5}\x{672C}\x{8A9E}placeholder"
layer at (224,33) size 169x16
  LayoutBlockFlow {DIV} at (2,3) size 169x16
layer at (23,55) size 157x16
  LayoutBlockFlow {DIV} at (15,3) size 157x16 [color=#757575]
    LayoutText {#text} at (91,0) size 66x16
      text run at (91,0) width 66: "placeholder"
layer at (23,55) size 157x16
  LayoutBlockFlow {DIV} at (0,0) size 157x16
layer at (11,77) size 156x16
  LayoutBlockFlow {DIV} at (3,3) size 156x16 [color=#757575]
    LayoutText {#text} at (0,0) size 66x16
      text run at (0,0) width 66: "placeholder"
layer at (11,77) size 156x16
  LayoutBlockFlow {DIV} at (0,0) size 156x16
layer at (8,96) size 179x36 clip at (9,97) size 177x34
  LayoutTextControl {TEXTAREA} at (0,88) size 179x36 [bgcolor=#FFFFFF] [border: (1px solid #A9A9A9)]
    LayoutBlockFlow {DIV} at (3,3) size 175x16 [color=#757575]
      LayoutText {#text} at (0,0) size 88x16
        text run at (0,0) width 88: "placeholder"
    LayoutBlockFlow {DIV} at (3,3) size 175x16
layer at (10,135) size 169x16
  LayoutBlockFlow {DIV} at (2,3) size 169x16 [color=#757575]
    LayoutText {#text} at (0,0) size 66x16
      text run at (0,0) width 66: "placeholder"
layer at (10,135) size 169x16
  LayoutBlockFlow {DIV} at (2,3) size 169x16
layer at (8,168) size 179x49 clip at (9,169) size 177x47
  LayoutTextControl {TEXTAREA} at (0,160) size 179x49 [bgcolor=#FFFFFF] [border: (1px solid #A9A9A9)]
    LayoutBlockFlow {DIV} at (3,16) size 175x16 [color=#757575]
      LayoutText {#text} at (0,0) size 88x16
        text run at (0,0) width 88: "placeholder"
    LayoutBlockFlow {DIV} at (3,16) size 175x16
layer at (18,228) size 173x17
  LayoutBlockFlow {DIV} at (5,6) size 173x17 [color=#757575]
    LayoutText {#text} at (0,0) size 75x17
      text run at (0,0) width 75: "placeholder"
layer at (18,228) size 173x17
  LayoutBlockFlow {DIV} at (5,6) size 173x17
layer at (10,259) size 169x25
  LayoutBlockFlow {DIV} at (2,3) size 169x25
    LayoutText {#text} at (0,4) size 32x16
      text run at (0,4) width 32: "Value"
layer at (187,263) size 169x16
  LayoutBlockFlow {DIV} at (2,7) size 169x16 [color=#757575]
    LayoutText {#text} at (0,0) size 66x16
      text run at (0,0) width 66: "placeholder"
layer at (187,259) size 169x25
  LayoutBlockFlow {DIV} at (2,3) size 169x25
layer at (364,263) size 169x16
  LayoutBlockFlow {DIV} at (2,4.50) size 169x16 [color=#757575]
    LayoutText {#text} at (0,0) size 66x16
      text run at (0,0) width 66: "placeholder"
layer at (364,263) size 169x16
  LayoutBlockFlow {DIV} at (2,4.50) size 169x16
layer at (541,263) size 169x16
  LayoutBlockFlow {DIV} at (2,4) size 169x16 [color=#757575]
    LayoutText {#text} at (0,0) size 66x16
      text run at (0,0) width 66: "placeholder"
layer at (541,259) size 169x25
  LayoutBlockFlow {DIV} at (2,0) size 169x25
layer at (10,292) size 169x16
  LayoutBlockFlow {DIV} at (2,4.50) size 169x16 [color=#757575]
    LayoutText {#text} at (0,0) size 66x16
      text run at (0,0) width 66: "placeholder"
layer at (10,292) size 169x16
  LayoutBlockFlow {DIV} at (2,4.50) size 169x16
layer at (10,315) size 169x16
  LayoutBlockFlow {DIV} at (2,3) size 169x16
    LayoutText {#text} at (68,0) size 33x16
      text run at (68,0) width 33: "Value"
layer at (187,315) size 169x16
  LayoutBlockFlow {DIV} at (2,3) size 169x16 [color=#757575]
    LayoutText {#text} at (51,0) size 67x16
      text run at (51,0) width 67: "placeholder"
layer at (187,315) size 169x16
  LayoutBlockFlow {DIV} at (2,3) size 169x16
layer at (364,315) size 169x16
  LayoutBlockFlow {DIV} at (2,3) size 169x16 [color=#757575]
    LayoutText {#text} at (51,0) size 67x16
      text run at (51,0) width 67: "placeholder"
layer at (364,315) size 169x16
  LayoutBlockFlow {DIV} at (2,3) size 169x16
layer at (168,15) size 9x9 transparent
  LayoutBlockFlow {DIV} at (157,3.50) size 9x9
layer at (11,59) size 9x9 transparent
  LayoutBlockFlow {DIV} at (0,3.50) size 9x9
layer at (168,81) size 9x9 transparent
  LayoutBlockFlow {DIV} at (157,3.50) size 9x9
layer at (8,334) size 173x36 clip at (10,336) size 169x32
  LayoutTextControl {INPUT} at (0,326) size 173x36 [bgcolor=#FFFFFF] [border: (2px inset #EEEEEE)]
layer at (10,351) size 169x16 backgroundClip at (31,351) size 148x6 clip at (31,351) size 148x6
  LayoutBlockFlow {DIV} at (2,17) size 169x16 [color=#757575]
    LayoutText {#text} at (0,0) size 66x16
      text run at (0,0) width 66: "placeholder"
layer at (10,351) size 169x16 backgroundClip at (31,351) size 148x6 clip at (31,351) size 148x6
  LayoutBlockFlow {DIV} at (2,17) size 169x16
