layer at (0,0) size 800x600
  LayoutView at (0,0) size 800x600
layer at (0,0) size 800x600
  LayoutBlockFlow {HTML} at (0,0) size 800x600
    LayoutBlockFlow {BODY} at (8,8) size 784x584
      LayoutBlockFlow {FORM} at (0,0) size 784x22
        LayoutButton {INPUT} at (0,0) size 41x22 [bgcolor=#C0C0C0] [border: (2px outset #C0C0C0)]
          LayoutBlockFlow (anonymous) at (8,3) size 25x16
            LayoutText {#text} at (0,0) size 25x16
              text run at (0,0) width 25: "form"
        LayoutText {#text} at (0,0) size 0x0
      LayoutBlockFlow {DIV} at (0,38) size 784x20
        LayoutText {#text} at (0,0) size 764x19
          text run at (0,0) width 270: "This tests Targeted frame submission works. "
          text run at (269,0) width 495: "If the test is successful, the text \"SUCCESS\" should be shown in the iframe below."
      LayoutBlockFlow (anonymous) at (0,58) size 784x154
        LayoutText {#text} at (0,0) size 0x0
layer at (8,66) size 304x154
  LayoutIFrame {IFRAME} at (0,0) size 304x154 [border: (2px inset #EEEEEE)]
    layer at (0,0) size 300x150
      LayoutView at (0,0) size 300x150
    layer at (0,0) size 300x150
      LayoutBlockFlow {HTML} at (0,0) size 300x150
        LayoutBlockFlow {BODY} at (8,8) size 284x129
          LayoutBlockFlow {PRE} at (0,0) size 284x16
            LayoutText {#text} at (0,0) size 56x16
              text run at (0,0) width 56: "SUCCESS"
              text run at (56,0) width 0: " "
