layer at (0,0) size 800x600
  LayoutView at (0,0) size 800x600
layer at (0,0) size 800x421
  LayoutBlockFlow {html} at (0,0) size 800x421
    LayoutBlockFlow {body} at (8,8) size 784x405
      LayoutSVGRoot {svg} at (0,200) size 200x200
        LayoutSVGEllipse {circle} at (50,50) size 100x100 [fill={[type=SOLID] [color=#008000]}] [cx=100.00] [cy=100.00] [r=50.00]
        LayoutSVGForeignObject {foreignObject} at (0,0) size 200x200
      LayoutText {#text} at (0,0) size 0x0
layer at (8,8) size 200x200
  LayoutBlockFlow (positioned) {div} at (8,8) size 200x200 [bgcolor=#FFFFFF]
    LayoutText {#text} at (0,0) size 199x39
      text run at (0,0) width 190: "There should be a green circle"
      text run at (0,20) width 199: "below with no red on this page."
layer at (8,8) size 200x200 backgroundClip at (8,208) size 200x200 clip at (8,208) size 200x200
  LayoutBlockFlow (positioned) {div} at (0,-200) size 200x200 [color=#FFFF00] [bgcolor=#FF0000]
    LayoutText {#text} at (0,0) size 35x19
      text run at (0,0) width 35: "FAIL"
