layer at (0,0) size 800x600
  LayoutView at (0,0) size 800x600
layer at (0,0) size 800x180
  LayoutBlockFlow {HTML} at (0,0) size 800x180
    LayoutBlockFlow {BODY} at (8,8) size 784x156
      LayoutBlockFlow {DIV} at (0,0) size 784x100
      LayoutBlockFlow (anonymous) at (0,100) size 784x20
        LayoutText {#text} at (0,0) size 460x19
          text run at (0,0) width 288: "This file has a doc type with no public identifier. "
          text run at (288,0) width 172: "We should be in strict mode."
      LayoutBlockFlow {UL} at (0,136) size 784x20
        LayoutListItem {LI} at (40,0) size 744x20
          LayoutBlockFlow {UL} at (0,0) size 744x20
            LayoutListItem {LI} at (40,0) size 704x20
              LayoutListMarker (anonymous) at (-58,0) size 7x19: bullet
              LayoutListMarker (anonymous) at (-18,0) size 7x19: white bullet
              LayoutText {#text} at (0,0) size 237x19
                text run at (0,0) width 237: "Both bullets should be on the same line."
layer at (8,8) size 80x80
  LayoutBlockFlow (positioned) {DIV} at (8,8) size 80x80 [bgcolor=#008000]
