layer at (0,0) size 800x600
  LayoutView at (0,0) size 800x600
layer at (0,0) size 800x312
  LayoutBlockFlow {HTML} at (0,0) size 800x312
    LayoutBlockFlow {BODY} at (8,16) size 784x288
      LayoutBlockFlow {P} at (0,0) size 784x18
        LayoutInline {A} at (0,0) size 85x18 [color=#0000EE]
          LayoutText {#text} at (0,0) size 85x18
            text run at (0,0) width 85: "Issue 449638"
        LayoutText {#text} at (84,0) size 669x18
          text run at (84,0) width 669: " - [CSS Masking][CSS Shapes] Large corner radii use with inset() clip-path are not properly constrained"
      LayoutBlockFlow {P} at (0,34) size 784x36
        LayoutText {#text} at (0,0) size 769x36
          text run at (0,0) width 769: "The radii for this inset should be constrained in the same way that border-radii are constrained. If this happens correctly,"
          text run at (0,18) width 188: "you should see a blue ellipse."
      LayoutBlockFlow {P} at (0,86) size 784x36
        LayoutText {#text} at (0,0) size 769x36
          text run at (0,0) width 769: "NOTE: we should have a reftest but currently comparing this clip-path with a border-radius expectation will show small"
          text run at (0,18) width 223: "pixel differences around the curve."
layer at (8,154) size 200x150
  LayoutBlockFlow {DIV} at (0,138) size 200x150 [bgcolor=#0000FF]
