layer at (0,0) size 800x600
  LayoutView at (0,0) size 800x600
layer at (0,0) size 800x600
  LayoutBlockFlow {HTML} at (0,0) size 800x600
    LayoutBlockFlow {BODY} at (8,8) size 784x576
      LayoutBlockFlow {P} at (0,0) size 784x36
        LayoutText {#text} at (0,0) size 54x18
          text run at (0,0) width 54: "Test for "
        LayoutInline {I} at (0,0) size 776x36
          LayoutInline {A} at (0,0) size 312x18 [color=#0000EE]
            LayoutText {#text} at (53,0) size 312x18
              text run at (53,0) width 312: "https://bugs.webkit.org/show_bug.cgi?id=23848"
          LayoutText {#text} at (364,0) size 776x36
            text run at (364,0) width 412: " REGRESSION: Crash when mouse cursor moves over a link on"
            text run at (0,18) width 121: "www.opportuno.de"
        LayoutText {#text} at (120,18) size 5x18
          text run at (120,18) width 5: "."
      LayoutBlockFlow {P} at (0,52) size 784x18
        LayoutText {#text} at (0,0) size 756x18
          text run at (0,0) width 462: "This tests that changing the z-index of an inline correctly invalidates its "
          text run at (461,0) width 295: "layer\x{2019}s and its stacking context\x{2019}s z-index lists."
      LayoutBlockFlow (anonymous) at (0,86) size 784x0
        LayoutText {#text} at (0,0) size 0x0
layer at (8,94) size 0x0
  LayoutInline (relative positioned) {SPAN} at (0,0) size 0x0
    LayoutText {#text} at (0,0) size 0x0
