layer at (0,0) size 800x600
  LayoutView at (0,0) size 800x600
layer at (0,0) size 800x600
  LayoutBlockFlow {HTML} at (0,0) size 800x600
    LayoutBlockFlow {BODY} at (8,8) size 784x584
      LayoutBlockFlow (anonymous) at (0,0) size 784x18
        LayoutText {#text} at (0,0) size 149x18
          text run at (0,0) width 149: "Scrollbars should work"
layer at (8,26) size 100x100 clip at (8,26) size 85x85 scrollWidth 241 scrollHeight 180
  LayoutBlockFlow (relative positioned) {DIV} at (0,18) size 100x100
    LayoutText {#text} at (0,0) size 242x18
      text run at (0,0) width 242: "aaaaaaaaaaaaaaaaaaaaaaaaaaaaaaaaaa"
    LayoutBR {BR} at (0,0) size 0x0
    LayoutText {#text} at (0,18) size 8x18
      text run at (0,18) width 8: "a"
    LayoutBR {BR} at (7,32) size 1x0
    LayoutText {#text} at (0,36) size 8x18
      text run at (0,36) width 8: "a"
    LayoutBR {BR} at (7,50) size 1x0
    LayoutText {#text} at (0,54) size 8x18
      text run at (0,54) width 8: "a"
    LayoutBR {BR} at (7,68) size 1x0
    LayoutText {#text} at (0,72) size 8x18
      text run at (0,72) width 8: "a"
    LayoutBR {BR} at (7,86) size 1x0
    LayoutText {#text} at (0,90) size 8x18
      text run at (0,90) width 8: "a"
    LayoutBR {BR} at (7,104) size 1x0
    LayoutText {#text} at (0,108) size 8x18
      text run at (0,108) width 8: "a"
    LayoutBR {BR} at (7,122) size 1x0
    LayoutText {#text} at (0,126) size 8x18
      text run at (0,126) width 8: "a"
    LayoutBR {BR} at (7,140) size 1x0
    LayoutText {#text} at (0,144) size 8x18
      text run at (0,144) width 8: "a"
    LayoutBR {BR} at (7,158) size 1x0
    LayoutText {#text} at (0,162) size 8x18
      text run at (0,162) width 8: "a"
    LayoutBR {BR} at (7,176) size 1x0
