layer at (0,0) size 800x600
  LayoutView at (0,0) size 800x600
layer at (0,0) size 800x152
  LayoutBlockFlow {HTML} at (0,0) size 800x152
    LayoutBlockFlow {BODY} at (8,8) size 784x136
      LayoutBlockFlow (anonymous) at (0,0) size 784x36
        LayoutText {#text} at (0,0) size 520x18
          text run at (0,0) width 520: "Test that verifies that rounded corners with overflow:hidden composite correctly. "
        LayoutBR {BR} at (519,0) size 1x18
        LayoutText {#text} at (0,18) size 648x18
          text run at (0,18) width 648: "This page should show a green box with rounded corners on top of a yellow box with square corners."
      LayoutBlockFlow {DIV} at (0,36) size 100x100 [bgcolor=#FFFF00]
layer at (8,44) size 100x100
  LayoutBlockFlow {DIV} at (0,0) size 100x100 [bgcolor=#FF0000]
    LayoutBlockFlow {DIV} at (0,0) size 100x100 [bgcolor=#008000]
