layer at (0,0) size 800x600
  LayoutView at (0,0) size 800x600
layer at (0,0) size 800x600
  LayoutBlockFlow {HTML} at (0,0) size 800x600
    LayoutBlockFlow {BODY} at (0,100) size 800x500
      LayoutBlockFlow {DIV} at (100,0) size 600x100
      LayoutBlockFlow (anonymous) at (0,200) size 800x36
        LayoutText {#text} at (0,0) size 787x36
          text run at (0,0) width 496: "You should see a 100x100 green rect at 100x100 above with the word PASS. "
          text run at (495,0) width 237: "There should be no red on this page. "
          text run at (731,0) width 56: "This is a"
          text run at (0,18) width 391: "test case for https://bugs.webkit.org/show_bug.cgi?id=25252"
layer at (100,100) size 100x100
  LayoutBlockFlow (positioned) {DIV} at (100,100) size 100x100 [bgcolor=#FF0000]
    LayoutText {#text} at (0,0) size 35x18
      text run at (0,0) width 35: "FAIL"
layer at (100,100) size 100x100
  LayoutBlockFlow (relative positioned) {DIV} at (0,0) size 100x100 [bgcolor=#008000]
    LayoutText {#text} at (0,0) size 37x18
      text run at (0,0) width 37: "PASS"
