layer at (0,0) size 800x600
  LayoutView at (0,0) size 800x600
layer at (0,0) size 800x600
  LayoutBlockFlow {HTML} at (0,0) size 800x600
    LayoutBlockFlow {BODY} at (8,8) size 784x584
      LayoutBlockFlow (anonymous) at (0,0) size 784x18
        LayoutText {#text} at (0,0) size 305x18
          text run at (0,0) width 305: "The square should be a uniform shade of green."
      LayoutBlockFlow (anonymous) at (0,68) size 784x0
      LayoutBlockFlow (anonymous) at (0,68) size 784x100
      LayoutBlockFlow (anonymous) at (0,168) size 784x0
        LayoutText {#text} at (0,0) size 0x0
layer at (8,76) size 100x100
  LayoutBlockFlow {DIV} at (0,0) size 100x100
    LayoutText {#text} at (0,0) size 0x0
layer at (8,26) size 100x50 transparent
  LayoutBlockFlow {DIV} at (0,18) size 100x50 [bgcolor=#008000]
layer at (8,76) size 0x0 transparent
  LayoutInline {SPAN} at (0,0) size 0x0
    LayoutText {#text} at (0,0) size 0x0
layer at (8,76) size 100x50 transparent
  LayoutBlockFlow {SPAN} at (0,0) size 100x50 [bgcolor=#008000]
layer at (8,176) size 0x0 transparent
  LayoutInline {SPAN} at (0,0) size 0x0
