layer at (0,0) size 800x600
  LayoutView at (0,0) size 800x600
layer at (0,0) size 800x600
  LayoutBlockFlow {HTML} at (0,0) size 800x600
    LayoutBlockFlow {BODY} at (8,8) size 784x584
      LayoutBlockFlow {P} at (0,0) size 784x36
        LayoutInline {A} at (0,0) size 310x18 [color=#0000EE]
          LayoutText {#text} at (0,0) size 310x18
            text run at (0,0) width 310: "https://bugs.webkit.org/show_bug.cgi?id=25066"
        LayoutBR {BR} at (309,14) size 1x0
        LayoutText {#text} at (0,18) size 375x18
          text run at (0,18) width 375: "controls should not be misplaced when video gets a Layer."
      LayoutBlockFlow (anonymous) at (0,52) size 784x252
        LayoutText {#text} at (0,0) size 0x0
        LayoutText {#text} at (0,0) size 0x0
layer at (58,110) size 302x152 transparent
  LayoutVideo {VIDEO} at (50,50) size 302x152 [border: (1px solid #000000)]
layer at (59,111) size 300x150
  LayoutFlexibleBox (relative positioned) {DIV} at (1,1) size 300x150
    LayoutBlockFlow {DIV} at (0,118) size 300x32
layer at (59,111) size 300x108
  LayoutFlexibleBox (relative positioned) {DIV} at (0,0) size 300x108
layer at (59,229) size 300x32
  LayoutFlexibleBox (relative positioned) {DIV} at (0,0) size 300x32 [bgcolor=#FAFAFA]
    LayoutButton {INPUT} at (0,0) size 32x32
