layer at (0,0) size 800x600
  LayoutView at (0,0) size 800x600
layer at (0,0) size 800x600
  LayoutBlockFlow {HTML} at (0,0) size 800x600
    LayoutBlockFlow {BODY} at (8,8) size 784x584
      LayoutBlockFlow (anonymous) at (0,0) size 784x18
        LayoutText {#text} at (0,0) size 240x18
          text run at (0,0) width 240: "You should see a green square below."
layer at (8,26) size 100x100
  LayoutBlockFlow (relative positioned) {DIV} at (0,18) size 100x100 [bgcolor=#FF0000]
layer at (8,26) size 100x100
  LayoutBlockFlow (positioned) {DIV} at (0,0) size 100x100
layer at (8,26) size 100x100
  LayoutBlockFlow (positioned) {DIV} at (0,0) size 100x100
layer at (8,26) size 100x100
  LayoutBlockFlow (positioned) zI: 100 {DIV} at (0,0) size 100x100
layer at (8,26) size 100x100
  LayoutBlockFlow (positioned) zI: 1000 {DIV} at (0,0) size 100x100 [bgcolor=#008000]
