layer at (0,0) size 800x600
  LayoutView at (0,0) size 800x600
layer at (0,0) size 800x80
  LayoutBlockFlow {HTML} at (0,0) size 800x80
    LayoutBlockFlow {BODY} at (8,8) size 784x56
      LayoutBlockFlow {DIV} at (0,0) size 784x20
        LayoutText {#text} at (0,0) size 154x19
          text run at (0,0) width 154: "This should be unstyled."
      LayoutBlockFlow {P} at (0,36) size 784x20 [bgcolor=#008000]
        LayoutText {#text} at (0,0) size 241x19
          text run at (0,0) width 241: "This should have a green background."
