layer at (0,0) size 800x600
  LayoutView at (0,0) size 800x600
layer at (0,0) size 800x142
  LayoutBlockFlow {HTML} at (0,0) size 800x142
    LayoutBlockFlow {BODY} at (8,16) size 784x118
      LayoutBlockFlow {P} at (0,0) size 784x20 [bgcolor=#00FF00]
        LayoutText {#text} at (0,0) size 268x19
          text run at (0,0) width 268: "This line should have a green background."
      LayoutBlockFlow {P} at (0,36) size 784x40 [bgcolor=#00FF00]
        LayoutText {#text} at (0,0) size 692x19
          text run at (0,0) width 692: "UAs may render the following element as a pop up menu. If so, please ensure the menu is unstyled (or green)."
        LayoutMenuList {SELECT} at (0,20) size 97x20 [border: (1px solid #A9A9A9)]
          LayoutBlockFlow (anonymous) at (1,1) size 95x18
            LayoutText (anonymous) at (4,1) size 67x16
              text run at (4,1) width 67: "This should"
        LayoutText {#text} at (0,0) size 0x0
      LayoutTable {TABLE} at (0,92) size 429x26 [bgcolor=#00FF00]
        LayoutTableSection {TBODY} at (0,0) size 429x26
          LayoutTableRow {TR} at (0,2) size 429x22
            LayoutTableCell {TD} at (2,2) size 425x22 [r=0 c=0 rs=1 cs=1]
              LayoutText {#text} at (1,1) size 423x19
                text run at (1,1) width 423: "This line should have a green background (or it might be unstyled)."
