layer at (0,0) size 800x600
  LayoutView at (0,0) size 800x600
layer at (0,0) size 800x144
  LayoutBlockFlow {HTML} at (0,0) size 800x144
    LayoutBlockFlow {BODY} at (8,16) size 784x112
      LayoutBlockFlow {P} at (0,0) size 784x20 [color=#000080]
        LayoutText {#text} at (0,0) size 161x19
          text run at (0,0) width 161: "The background color of "
        LayoutInline {A} at (0,0) size 113x19 [color=#0000EE]
          LayoutText {#text} at (161,0) size 78x19
            text run at (161,0) width 78: "this anchor ("
          LayoutInline {STRONG} at (0,0) size 30x19
            LayoutText {#text} at (239,0) size 30x19
              text run at (239,0) width 30: "here"
          LayoutText {#text} at (269,0) size 5x19
            text run at (269,0) width 5: ")"
        LayoutText {#text} at (274,0) size 387x19
          text run at (274,0) width 387: " should turn to green when the pointing device hovers over it."
      LayoutBlockFlow {P} at (0,36) size 784x20 [color=#000080]
        LayoutText {#text} at (0,0) size 161x19
          text run at (0,0) width 161: "The background color of "
        LayoutInline {A} at (0,0) size 113x19 [color=#FFFFFF] [bgcolor=#008000]
          LayoutText {#text} at (161,0) size 78x19
            text run at (161,0) width 78: "this anchor ("
          LayoutInline {STRONG} at (0,0) size 30x19
            LayoutText {#text} at (239,0) size 30x19
              text run at (239,0) width 30: "here"
          LayoutText {#text} at (269,0) size 5x19
            text run at (269,0) width 5: ")"
        LayoutText {#text} at (274,0) size 50x19
          text run at (274,0) width 50: " should "
        LayoutInline {STRONG} at (0,0) size 216x19
          LayoutText {#text} at (324,0) size 216x19
            text run at (324,0) width 216: "remain green when you hover it"
        LayoutText {#text} at (540,0) size 4x19
          text run at (540,0) width 4: "."
      LayoutBlockFlow {P} at (0,72) size 784x40 [color=#000080]
        LayoutText {#text} at (0,0) size 161x19
          text run at (0,0) width 161: "The background color of "
        LayoutInline {A} at (0,0) size 113x19 [color=#FFFFFF] [bgcolor=#008000]
          LayoutText {#text} at (161,0) size 78x19
            text run at (161,0) width 78: "this anchor ("
          LayoutInline {STRONG} at (0,0) size 30x19
            LayoutText {#text} at (239,0) size 30x19
              text run at (239,0) width 30: "here"
          LayoutText {#text} at (269,0) size 5x19
            text run at (269,0) width 5: ")"
        LayoutText {#text} at (274,0) size 50x19
          text run at (274,0) width 50: " should "
        LayoutInline {STRONG} at (0,0) size 358x19
          LayoutText {#text} at (324,0) size 358x19
            text run at (324,0) width 358: "remain green when the pointing device hovers over it"
        LayoutText {#text} at (682,0) size 776x39
          text run at (682,0) width 94: " (do not follow"
          text run at (0,20) width 60: "that link)."
