layer at (0,0) size 800x600
  LayoutView at (0,0) size 800x600
layer at (0,0) size 800x52
  LayoutBlockFlow {HTML} at (0,0) size 800x52
    LayoutBlockFlow {BODY} at (8,16) size 784x20
      LayoutBlockFlow {P} at (0,0) size 784x20
        LayoutText {#text} at (0,0) size 161x19
          text run at (0,0) width 161: "The background color of "
        LayoutInline {A} at (0,0) size 49x19 [color=#0000EE]
          LayoutText {#text} at (161,0) size 49x19
            text run at (161,0) width 49: "anchors"
        LayoutText {#text} at (210,0) size 155x19
          text run at (210,0) width 4: " "
          text run at (214,0) width 151: "in this page should turn "
        LayoutInline {A} at (0,0) size 51x19 [color=#0000EE]
          LayoutText {#text} at (365,0) size 51x19
            text run at (365,0) width 51: "to green"
        LayoutText {#text} at (416,0) size 131x19
          text run at (416,0) width 131: " when they have the "
        LayoutInline {A} at (0,0) size 34x19 [color=#0000EE]
          LayoutText {#text} at (547,0) size 34x19
            text run at (547,0) width 34: "focus"
        LayoutText {#text} at (581,0) size 4x19
          text run at (581,0) width 4: "."
