layer at (0,0) size 800x600
  LayoutView at (0,0) size 800x600
layer at (0,0) size 800x289
  LayoutBlockFlow {HTML} at (0,0) size 800x289
    LayoutBlockFlow {BODY} at (8,16) size 784x257
      LayoutBlockFlow {P} at (0,0) size 784x257
        LayoutInline {<pseudo:first-letter>} at (0,0) size 20x36 [bgcolor=#00FF00]
          LayoutTextFragment (anonymous) at (0,0) size 20x36
            text run at (0,0) width 20: "T"
        LayoutTextFragment {#text} at (20,13) size 779x243
          text run at (20,13) width 736: "his very long paragraph should have a big first letter T with a green background. Dummy text. Dummy text. Dummy"
          text run at (0,37) width 779: "text. Dummy text. Dummy text. Dummy text. Dummy text. Dummy text. Dummy text. Dummy text. Dummy text. Dummy"
          text run at (0,57) width 779: "text. Dummy text. Dummy text. Dummy text. Dummy text. Dummy text. Dummy text. Dummy text. Dummy text. Dummy"
          text run at (0,77) width 779: "text. Dummy text. Dummy text. Dummy text. Dummy text. Dummy text. Dummy text. Dummy text. Dummy text. Dummy"
          text run at (0,97) width 779: "text. Dummy text. Dummy text. Dummy text. Dummy text. Dummy text. Dummy text. Dummy text. Dummy text. Dummy"
          text run at (0,117) width 779: "text. Dummy text. Dummy text. Dummy text. Dummy text. Dummy text. Dummy text. Dummy text. Dummy text. Dummy"
          text run at (0,137) width 779: "text. Dummy text. Dummy text. Dummy text. Dummy text. Dummy text. Dummy text. Dummy text. Dummy text. Dummy"
          text run at (0,157) width 779: "text. Dummy text. Dummy text. Dummy text. Dummy text. Dummy text. Dummy text. Dummy text. Dummy text. Dummy"
          text run at (0,177) width 779: "text. Dummy text. Dummy text. Dummy text. Dummy text. Dummy text. Dummy text. Dummy text. Dummy text. Dummy"
          text run at (0,197) width 779: "text. Dummy text. Dummy text. Dummy text. Dummy text. Dummy text. Dummy text. Dummy text. Dummy text. Dummy"
          text run at (0,217) width 779: "text. Dummy text. Dummy text. Dummy text. Dummy text. Dummy text. Dummy text. Dummy text. Dummy text. Dummy"
          text run at (0,237) width 201: "text. Dummy text. Dummy text."
