layer at (0,0) size 800x600
  LayoutView at (0,0) size 800x600
layer at (0,0) size 800x142
  LayoutBlockFlow {HTML} at (0,0) size 800x142
    LayoutBlockFlow {BODY} at (8,16) size 784x118
      LayoutBlockFlow {P} at (0,0) size 784x82 [bgcolor=#00FF00] [border: (5px solid #008000)]
        LayoutText {#text} at (21,21) size 728x39
          text run at (21,21) width 728: "This paragraph should have a green background and a green thick solid border because it carries both classes t1 and"
          text run at (21,41) width 16: "t2."
      LayoutBlockFlow {DIV} at (0,98) size 784x20 [color=#FFFFFF] [bgcolor=#008000]
        LayoutText {#text} at (0,0) size 163x19
          text run at (0,0) width 163: "This line should be green."
