layer at (0,0) size 800x600
  LayoutView at (0,0) size 800x600
layer at (0,0) size 800x184
  LayoutBlockFlow {HTML} at (0,0) size 800x184
    LayoutBlockFlow {BODY} at (8,16) size 784x152
      LayoutBlockFlow {P} at (0,0) size 784x40 [bgcolor=#FFFFFF]
        LayoutText {#text} at (0,0) size 747x19
          text run at (0,0) width 225: "This paragraph should be unstyled. "
          text run at (225,0) width 449: "The background of the following paragraph should become blue when "
          text run at (674,0) width 73: "you follow "
        LayoutInline {A} at (0,0) size 769x39 [color=#0000EE]
          LayoutText {#text} at (747,0) size 769x39
            text run at (747,0) width 22: "this"
            text run at (0,20) width 24: "link"
        LayoutText {#text} at (24,20) size 4x19
          text run at (24,20) width 4: "."
      LayoutBlockFlow {P} at (0,56) size 784x40 [bgcolor=#FFFFFF]
        LayoutText {#text} at (0,0) size 731x19
          text run at (0,0) width 276: "This paragraph should initially be unstyled. "
          text run at (276,0) width 455: "It should become blue when you select the link above. When you select "
        LayoutInline {A} at (0,0) size 753x39 [color=#0000EE]
          LayoutText {#text} at (731,0) size 753x39
            text run at (731,0) width 22: "this"
            text run at (0,20) width 24: "link"
        LayoutText {#text} at (24,20) size 628x19
          text run at (24,20) width 269: ", it should return to being unstyled and the "
          text run at (293,20) width 359: "background of the paragraph below should become blue."
      LayoutBlockFlow {P} at (0,112) size 784x40 [bgcolor=#FFFFFF]
        LayoutText {#text} at (0,0) size 737x19
          text run at (0,0) width 276: "This paragraph should initially be unstyled. "
          text run at (276,0) width 461: "It should become blue when you select the link above. When you follow "
        LayoutInline {A} at (0,0) size 759x39 [color=#0000EE]
          LayoutText {#text} at (737,0) size 759x39
            text run at (737,0) width 22: "this"
            text run at (0,20) width 24: "link"
        LayoutText {#text} at (24,20) size 357x19
          text run at (24,20) width 139: ", the three paragraphs "
          text run at (163,20) width 218: "should all return to being unstyled."
