layer at (0,0) size 800x600
  LayoutView at (0,0) size 800x600
layer at (0,0) size 800x52
  LayoutBlockFlow {HTML} at (0,0) size 800x52
    LayoutBlockFlow {BODY} at (8,16) size 784x20
      LayoutBlockFlow {P} at (0,0) size 784x20
        LayoutInline {A} at (0,0) size 382x19 [color=#000080]
          LayoutText {#text} at (0,0) size 44x19
            text run at (0,0) width 44: "Hover "
          LayoutInline {STRONG} at (0,0) size 30x19
            LayoutText {#text} at (44,0) size 30x19
              text run at (44,0) width 30: "here"
          LayoutText {#text} at (74,0) size 150x19
            text run at (74,0) width 150: " and the background of "
          LayoutInline {SPAN} at (0,0) size 154x19
            LayoutText {#text} at (224,0) size 154x19
              text run at (224,0) width 154: "this text should go green"
          LayoutText {#text} at (378,0) size 4x19
            text run at (378,0) width 4: "."
