layer at (0,0) size 800x600
  LayoutView at (0,0) size 800x600
layer at (0,0) size 800x176
  LayoutBlockFlow {HTML} at (0,0) size 800x176
    LayoutBlockFlow {BODY} at (8,16) size 784x152
      LayoutBlockFlow {DIV} at (0,0) size 784x94
        LayoutBlockFlow {P} at (0,0) size 784x20
          LayoutText {#text} at (0,0) size 217x19
            text run at (0,0) width 217: "This paragraph should be unstyled"
        LayoutTable {TABLE} at (0,36) size 223x58
          LayoutTableSection {TBODY} at (0,0) size 223x58
            LayoutTableRow {TR} at (0,2) size 223x54
              LayoutTableCell {TD} at (2,2) size 219x54 [r=0 c=0 rs=1 cs=1]
                LayoutBlockFlow {P} at (1,17) size 217x20
                  LayoutText {#text} at (0,0) size 217x19
                    text run at (0,0) width 217: "This paragraph should be unstyled"
      LayoutTable {TABLE} at (0,94) size 310x58
        LayoutTableSection {TBODY} at (0,0) size 310x58
          LayoutTableRow {TR} at (0,2) size 310x54
            LayoutTableCell {TD} at (2,2) size 306x54 [r=0 c=0 rs=1 cs=1]
              LayoutBlockFlow {P} at (1,17) size 304x20 [bgcolor=#00FF00]
                LayoutText {#text} at (0,0) size 304x19
                  text run at (0,0) width 304: "This paragraph should have a green background"
