layer at (0,0) size 800x600
  LayoutView at (0,0) size 800x600
layer at (0,0) size 800x416
  LayoutBlockFlow {HTML} at (0,0) size 800x416
    LayoutBlockFlow {BODY} at (8,16) size 784x384
      LayoutBlockFlow {P} at (0,0) size 784x20 [bgcolor=#00FF00]
        LayoutText {#text} at (0,0) size 293x19
          text run at (0,0) width 293: "This paragraph should have green background"
      LayoutBlockFlow {ADDRESS} at (0,36) size 784x20
        LayoutText {#text} at (0,0) size 229x19
          text run at (0,0) width 229: "And this address should be unstyled."
      LayoutBlockFlow {P} at (0,72) size 784x20 [bgcolor=#00FF00]
        LayoutText {#text} at (0,0) size 327x19
          text run at (0,0) width 327: "This paragraph should also have green background!"
      LayoutBlockFlow {P} at (0,108) size 784x20
        LayoutText {#text} at (0,0) size 240x19
          text run at (0,0) width 240: "But this one should be unstyled again."
      LayoutBlockFlow {DL} at (0,144) size 784x240
        LayoutBlockFlow {DT} at (0,0) size 784x20
          LayoutText {#text} at (0,0) size 124x19
            text run at (0,0) width 124: "First definition term"
        LayoutBlockFlow {DD} at (40,20) size 744x20
          LayoutText {#text} at (0,0) size 92x19
            text run at (0,0) width 92: "First definition"
        LayoutBlockFlow {DT} at (0,40) size 784x20 [bgcolor=#00FF00]
          LayoutText {#text} at (0,0) size 368x19
            text run at (0,0) width 368: "Second definition term that should have green background"
        LayoutBlockFlow {DD} at (40,60) size 744x20 [bgcolor=#00FF00]
          LayoutText {#text} at (0,0) size 336x19
            text run at (0,0) width 336: "Second definition that should have green background"
        LayoutBlockFlow {DT} at (0,80) size 784x20 [bgcolor=#00FF00]
          LayoutText {#text} at (0,0) size 356x19
            text run at (0,0) width 356: "Third definition term that should have green background"
        LayoutBlockFlow {DD} at (40,100) size 744x20 [bgcolor=#00FF00]
          LayoutText {#text} at (0,0) size 324x19
            text run at (0,0) width 324: "Third definition that should have green background"
        LayoutBlockFlow {DT} at (0,120) size 784x20
          LayoutText {#text} at (0,0) size 138x19
            text run at (0,0) width 138: "Fourth definition term"
        LayoutBlockFlow {DD} at (40,140) size 744x20
          LayoutText {#text} at (0,0) size 106x19
            text run at (0,0) width 106: "Fourth definition"
        LayoutBlockFlow {DT} at (0,160) size 784x20 [bgcolor=#00FF00]
          LayoutText {#text} at (0,0) size 351x19
            text run at (0,0) width 351: "Fifth definition term that should have green background"
        LayoutBlockFlow {DD} at (40,180) size 744x20 [bgcolor=#00FF00]
          LayoutText {#text} at (0,0) size 319x19
            text run at (0,0) width 319: "Fifth definition that should have green background"
        LayoutBlockFlow {DT} at (0,200) size 784x20 [bgcolor=#00FF00]
          LayoutText {#text} at (0,0) size 354x19
            text run at (0,0) width 354: "Sixth definition term that should have green background"
        LayoutBlockFlow {DD} at (40,220) size 744x20 [bgcolor=#00FF00]
          LayoutText {#text} at (0,0) size 322x19
            text run at (0,0) width 322: "Sixth definition that should have green background"
