layer at (0,0) size 800x600
  LayoutView at (0,0) size 800x600
layer at (0,0) size 800x154
  LayoutBlockFlow {HTML} at (0,0) size 800x154
    LayoutBlockFlow {BODY} at (8,16) size 784x130
      LayoutBlockFlow {DIV} at (0,0) size 784x56
        LayoutBlockFlow {P} at (0,0) size 784x20
          LayoutText {#text} at (0,0) size 221x19
            text run at (0,0) width 221: "This paragraph should be unstyled."
        LayoutBlockFlow {DIV} at (0,36) size 784x20
          LayoutBlockFlow {P} at (0,0) size 784x20
            LayoutText {#text} at (0,0) size 221x19
              text run at (0,0) width 221: "This paragraph should be unstyled."
      LayoutTable {TABLE} at (0,72) size 314x58
        LayoutTableSection {TBODY} at (0,0) size 314x58
          LayoutTableRow {TR} at (0,2) size 314x54
            LayoutTableCell {TD} at (2,2) size 310x54 [r=0 c=0 rs=1 cs=1]
              LayoutBlockFlow {P} at (1,17) size 308x20 [bgcolor=#00FF00]
                LayoutText {#text} at (0,0) size 308x19
                  text run at (0,0) width 308: "This paragraph should have a green background."
