layer at (0,0) size 800x600
  LayoutView at (0,0) size 800x600
layer at (0,0) size 800x196
  LayoutBlockFlow {HTML} at (0,0) size 800x196
    LayoutBlockFlow {BODY} at (8,16) size 784x164
      LayoutBlockFlow {DIV} at (0,0) size 784x164
        LayoutBlockFlow {P} at (0,0) size 784x20
          LayoutText {#text} at (0,0) size 221x19
            text run at (0,0) width 221: "This paragraph should be unstyled."
        LayoutBlockFlow {P} at (0,36) size 784x20 [bgcolor=#00FF00]
          LayoutText {#text} at (0,0) size 285x19
            text run at (0,0) width 285: "But this one should have a green background"
        LayoutBlockFlow {P} at (0,72) size 784x20 [bgcolor=#00FF00]
          LayoutText {#text} at (0,0) size 319x19
            text run at (0,0) width 319: "And this one should also have a green background"
        LayoutBlockFlow {ADDRESS} at (0,108) size 784x20
          LayoutText {#text} at (0,0) size 429x19
            text run at (0,0) width 429: "This address is only here to fill some space between two paragraphs"
        LayoutBlockFlow {P} at (0,144) size 784x20 [bgcolor=#00FF00]
          LayoutText {#text} at (0,0) size 304x19
            text run at (0,0) width 304: "This paragraph should have a green background"
