layer at (0,0) size 800x600
  LayoutView at (0,0) size 800x600
layer at (0,0) size 800x52
  LayoutBlockFlow {HTML} at (0,0) size 800x52
    LayoutBlockFlow {BODY} at (8,16) size 784x20
      LayoutBlockFlow {P} at (0,0) size 784x20
        LayoutInline {A} at (0,0) size 258x19 [color=#0000EE] [bgcolor=#00FF00]
          LayoutText {#text} at (0,0) size 258x19
            text run at (0,0) width 258: "This link should have green background."
        LayoutText {#text} at (258,0) size 152x19
          text run at (258,0) width 152: " (Don't follow this link.)"
