layer at (0,0) size 800x600
  LayoutView at (0,0) size 800x600
layer at (771,0) size 29x600
  LayoutBlockFlow {HTML} at (0,0) size 29x600
    LayoutBlockFlow {BODY} at (0,0) size 28x600 [bgcolor=#000000]
      LayoutBlockFlow {A} at (0,0) size 28x600 [color=#0000EE] [bgcolor=#008000]
        LayoutText {#text} at (5,10) size 18x40
          text run at (5,10) width 40: "Home"
layer at (560,55) size 50x50
  LayoutBlockFlow (positioned) {DIV} at (190,55) size 50x50
