layer at (0,0) size 800x600 scrollX 1116.00 scrollY 1308.00
  LayoutView at (0,0) size 800x600
layer at (-1216,0) size 2016x600 backgroundClip at (0,0) size 800x600 clip at (0,0) size 800x600
  LayoutBlockFlow {HTML} at (0,0) size 2016x600
    LayoutBlockFlow {BODY} at (8,8) size 2000x584
      LayoutBlockFlow {DIV} at (0,-1416) size 2000x2000 [bgcolor=#00FF00]
layer at (-100,-100) size 100x100 backgroundClip at (0,0) size 800x600 clip at (0,0) size 800x600
  LayoutBlockFlow (positioned) {DIV} at (700,0) size 100x100 [bgcolor=#FF00FF]
    LayoutText {#text} at (0,0) size 72x98
      text run at (0,0) width 57: "This box"
      text run at (18,0) width 98: "should be fixed"
      text run at (36,0) width 88: "to the top-left"
      text run at (54,0) width 96: "of the window."
