layer at (0,0) size 800x600
  LayoutView at (0,0) size 800x600
layer at (0,0) size 800x600
  LayoutBlockFlow {HTML} at (0,0) size 800x600
    LayoutBlockFlow {BODY} at (8,8) size 784x584
      LayoutBlockFlow (anonymous) at (0,0) size 784x18
        LayoutText {#text} at (0,0) size 191x18
          text run at (0,0) width 191: "outer width=400 align=center"
      LayoutTable {TABLE} at (192,18) size 400x44 [border: (1px outset #808080)]
        LayoutTableSection {TBODY} at (1,1) size 398x42
          LayoutTableRow {TR} at (0,2) size 398x38
            LayoutTableCell {TD} at (2,2) size 394x38 [border: (1px inset #808080)] [r=0 c=0 rs=1 cs=1]
              LayoutBlockFlow {FORM} at (2,2) size 390x18
                LayoutMenuList {SELECT} at (0,0) size 52x18 [bgcolor=#F8F8F8]
                  LayoutBlockFlow (anonymous) at (0,0) size 52x18
                    LayoutText (anonymous) at (8,2) size 21x13
                      text run at (8,2) width 21: "Test"
                LayoutText {#text} at (0,0) size 0x0
      LayoutBlockFlow (anonymous) at (0,62) size 784x18
        LayoutText {#text} at (0,0) size 301x18
          text run at (0,0) width 301: "outer width=400 inner width=200 align=center"
      LayoutTable {TABLE} at (0,80) size 400x40 [border: (2px outset #808080)]
        LayoutTableSection {TBODY} at (2,2) size 396x36
          LayoutTableRow {TR} at (0,2) size 396x32
            LayoutTableCell {TD} at (2,2) size 392x32 [border: (1px inset #808080)] [r=0 c=0 rs=1 cs=1]
              LayoutTable {TABLE} at (96,2) size 200x28 [border: (1px outset #808080)]
                LayoutTableSection {TBODY} at (1,1) size 198x26
                  LayoutTableRow {TR} at (0,2) size 198x22
                    LayoutTableCell {TD} at (2,2) size 194x22 [border: (1px inset #808080)] [r=0 c=0 rs=1 cs=1]
                      LayoutText {#text} at (2,2) size 22x18
                        text run at (2,2) width 22: "foo"
      LayoutBlockFlow (anonymous) at (0,120) size 784x18
        LayoutText {#text} at (0,0) size 186x18
          text run at (0,0) width 186: "outer auto inner align=center"
      LayoutTable {TABLE} at (0,138) size 44x40 [border: (2px outset #808080)]
        LayoutTableSection {TBODY} at (2,2) size 40x36
          LayoutTableRow {TR} at (0,2) size 40x32
            LayoutTableCell {TD} at (2,2) size 36x32 [border: (1px inset #808080)] [r=0 c=0 rs=1 cs=1]
              LayoutTable {TABLE} at (2,2) size 32x28 [border: (1px outset #808080)]
                LayoutTableSection {TBODY} at (1,1) size 30x26
                  LayoutTableRow {TR} at (0,2) size 30x22
                    LayoutTableCell {TD} at (2,2) size 26x22 [border: (1px inset #808080)] [r=0 c=0 rs=1 cs=1]
                      LayoutText {#text} at (2,2) size 22x18
                        text run at (2,2) width 22: "foo"
      LayoutBlockFlow (anonymous) at (0,178) size 784x18
        LayoutText {#text} at (0,0) size 220x18
          text run at (0,0) width 220: "outer width=50 inner align=center"
      LayoutTable {TABLE} at (0,196) size 44x40 [border: (2px outset #808080)]
        LayoutTableSection {TBODY} at (2,2) size 40x36
          LayoutTableRow {TR} at (0,2) size 40x32
            LayoutTableCell {TD} at (2,2) size 36x32 [border: (1px inset #808080)] [r=0 c=0 rs=1 cs=1]
              LayoutTable {TABLE} at (2,2) size 32x28 [border: (1px outset #808080)]
                LayoutTableSection {TBODY} at (1,1) size 30x26
                  LayoutTableRow {TR} at (0,2) size 30x22
                    LayoutTableCell {TD} at (2,2) size 26x22 [border: (1px inset #808080)] [r=0 c=0 rs=1 cs=1]
                      LayoutText {#text} at (2,2) size 22x18
                        text run at (2,2) width 22: "foo"
      LayoutBlockFlow (anonymous) at (0,236) size 784x18
        LayoutText {#text} at (0,0) size 232x18
          text run at (0,0) width 232: "outer width=50 inner margin-left:50"
      LayoutTable {TABLE} at (0,254) size 94x40 [border: (2px outset #808080)]
        LayoutTableSection {TBODY} at (2,2) size 90x36
          LayoutTableRow {TR} at (0,2) size 90x32
            LayoutTableCell {TD} at (2,2) size 86x32 [border: (1px inset #808080)] [r=0 c=0 rs=1 cs=1]
              LayoutTable {TABLE} at (52,2) size 32x28 [border: (1px outset #808080)]
                LayoutTableSection {TBODY} at (1,1) size 30x26
                  LayoutTableRow {TR} at (0,2) size 30x22
                    LayoutTableCell {TD} at (2,2) size 26x22 [border: (1px inset #808080)] [r=0 c=0 rs=1 cs=1]
                      LayoutText {#text} at (2,2) size 22x18
                        text run at (2,2) width 22: "foo"
      LayoutBlockFlow (anonymous) at (0,294) size 784x18
        LayoutText {#text} at (0,0) size 228x18
          text run at (0,0) width 228: "outer width=400 inner align=center"
      LayoutTable {TABLE} at (0,312) size 400x40 [border: (2px outset #808080)]
        LayoutTableSection {TBODY} at (2,2) size 396x36
          LayoutTableRow {TR} at (0,2) size 396x32
            LayoutTableCell {TD} at (2,2) size 117x32 [border: (1px inset #808080)] [r=0 c=0 rs=1 cs=1]
              LayoutTable {TABLE} at (42.50,2) size 32x28 [border: (1px outset #808080)]
                LayoutTableSection {TBODY} at (1,1) size 30x26
                  LayoutTableRow {TR} at (0,2) size 30x22
                    LayoutTableCell {TD} at (2,2) size 26x22 [border: (1px inset #808080)] [r=0 c=0 rs=1 cs=1]
                      LayoutText {#text} at (2,2) size 22x18
                        text run at (2,2) width 22: "foo"
            LayoutTableCell {TD} at (121,7) size 273x22 [border: (1px inset #808080)] [r=0 c=1 rs=1 cs=1]
              LayoutText {#text} at (2,2) size 80x18
                text run at (2,2) width 80: "x x x x x x x"
      LayoutBlockFlow (anonymous) at (0,352) size 784x18
        LayoutText {#text} at (0,0) size 228x18
          text run at (0,0) width 228: "outer width=400 inner align=center"
      LayoutTable {TABLE} at (0,370) size 400x40 [border: (2px outset #808080)]
        LayoutTableSection {TBODY} at (2,2) size 396x36
          LayoutTableRow {TR} at (0,2) size 396x32
            LayoutTableCell {TD} at (2,2) size 168x32 [border: (1px inset #808080)] [r=0 c=0 rs=1 cs=1]
              LayoutTable {TABLE} at (54,2) size 60x28 [border: (1px outset #808080)]
                LayoutTableSection {TBODY} at (1,1) size 58x26
                  LayoutTableRow {TR} at (0,2) size 58x22
                    LayoutTableCell {TD} at (2,2) size 54x22 [border: (1px inset #808080)] [r=0 c=0 rs=1 cs=1]
                      LayoutText {#text} at (2,2) size 16x18
                        text run at (2,2) width 16: "50"
            LayoutTableCell {TD} at (172,7) size 222x22 [border: (1px inset #808080)] [r=0 c=1 rs=1 cs=1]
              LayoutText {#text} at (2,2) size 80x18
                text run at (2,2) width 80: "x x x x x x x"
      LayoutBlockFlow (anonymous) at (0,410) size 784x18
        LayoutText {#text} at (0,0) size 20x18
          text run at (0,0) width 20: "-->"
