layer at (0,0) size 800x600
  LayoutView at (0,0) size 800x600
layer at (0,0) size 800x600
  LayoutNGBlockFlow {HTML} at (0,0) size 800x600
    LayoutNGBlockFlow {BODY} at (8,8) size 784x584
      LayoutNGBlockFlow {P} at (0,0) size 784x40
        LayoutText {#text} at (0,0) size 104x19
          text run at (0,0) width 104: "This is a test for "
        LayoutInline {I} at (0,0) size 770x39
          LayoutInline {A} at (0,0) size 347x19 [color=#0000EE]
            LayoutText {#text} at (104,0) size 347x19
              text run at (104,0) width 347: "http://bugzilla.opendarwin.org/show_bug.cgi?id=9252"
          LayoutText {#text} at (451,0) size 770x39
            text run at (451,0) width 319: " REGRESSION: Very odd roll-over issues (content"
            text run at (0,20) width 88: "disappearing)"
        LayoutText {#text} at (88,20) size 4x19
          text run at (88,20) width 4: "."
      LayoutNGBlockFlow {P} at (0,56) size 784x20
        LayoutText {#text} at (0,0) size 243x19
          text run at (0,0) width 243: "There should be a green square below."
      LayoutNGBlockFlow {DIV} at (0,102) size 784x0
      LayoutNGBlockFlow {DIV} at (0,102) size 100x100 [bgcolor=#008000]
layer at (8,100) size 784x2 clip at (0,0) size 0x0
  LayoutNGBlockFlow {HR} at (0,92) size 784x2 [border: (1px inset #EEEEEE)]
