EDITING DELEGATE: webViewDidChangeSelection:WebViewDidChangeSelectionNotification
EDITING DELEGATE: webViewDidChangeSelection:WebViewDidChangeSelectionNotification
EDITING DELEGATE: webViewDidChange:WebViewDidChangeNotification
layer at (0,0) size 800x600
  LayoutView at (0,0) size 800x600
layer at (0,0) size 800x600
  LayoutBlockFlow {HTML} at (0,0) size 800x600
    LayoutBlockFlow {BODY} at (8,8) size 784x584
      LayoutBlockFlow {P} at (0,0) size 784x36
        LayoutText {#text} at (0,0) size 654x36
          text run at (0,0) width 434: "This tests pasting a fragment containing an <iframe> after a <div>. "
          text run at (433,0) width 221: "This used to fail on an assertion in"
          text run at (0,18) width 326: "moveParagraphContentsToNewBlockIfNecessary. "
          text run at (325,18) width 317: "You should see 'foo' and then an <iframe> below."
      LayoutBlockFlow {DIV} at (0,52) size 784x70
        LayoutBlockFlow {DIV} at (0,0) size 784x18
          LayoutText {#text} at (0,0) size 22x18
            text run at (0,0) width 22: "foo"
        LayoutBlockFlow (anonymous) at (0,18) size 784x52
layer at (8,78) size 102x52
  LayoutIFrame {IFRAME} at (0,0) size 102x52 [border: (1px solid #000000)]
    layer at (0,0) size 100x50
      LayoutView at (0,0) size 100x50
    layer at (0,0) size 100x50
      LayoutBlockFlow {HTML} at (0,0) size 100x50
        LayoutBlockFlow {BODY} at (8,8) size 84x34
caret: position 1 of child 1 {IFRAME} of child 2 {DIV} of body
