EDITING DELEGATE: webViewDidChangeSelection:WebViewDidChangeSelectionNotification
EDITING DELEGATE: webViewDidChangeSelection:WebViewDidChangeSelectionNotification
EDITING DELEGATE: webViewDidChangeSelection:WebViewDidChangeSelectionNotification
EDITING DELEGATE: webViewDidChange:WebViewDidChangeNotification
layer at (0,0) size 800x600
  LayoutView at (0,0) size 800x600
layer at (0,0) size 800x600
  LayoutBlockFlow {HTML} at (0,0) size 800x600
    LayoutBlockFlow {BODY} at (0,0) size 800x584
      LayoutBlockFlow {DIV} at (0,0) size 302x122 [border: (1px solid #000000)]
        LayoutImage {IMG} at (1,1) size 76x103
      LayoutBlockFlow (anonymous) at (0,122) size 800x103
        LayoutImage {IMG} at (0,0) size 76x103
        LayoutText {#text} at (0,0) size 0x0
      LayoutBlockFlow {UL} at (0,241) size 800x18
        LayoutListItem {LI} at (40,0) size 760x18
          LayoutListMarker (anonymous) at (-17,0) size 7x18: bullet
          LayoutText {#text} at (0,0) size 416x18
            text run at (0,0) width 416: "Abe should appear twice, once inside the div and once outside it."
selection start: position 0 of child 0 {IMG} of child 1 {DIV} of body
selection end:   position 1 of child 0 {IMG} of child 1 {DIV} of body
