EDITING DELEGATE: webViewDidChangeSelection:WebViewDidChangeSelectionNotification
EDITING DELEGATE: webViewDidChangeSelection:WebViewDidChangeSelectionNotification
EDITING DELEGATE: webViewDidChangeSelection:WebViewDidChangeSelectionNotification
EDITING DELEGATE: webViewDidChange:WebViewDidChangeNotification
layer at (0,0) size 800x600
  LayoutView at (0,0) size 800x600
layer at (0,0) size 800x600
  LayoutBlockFlow {HTML} at (0,0) size 800x600
    LayoutBlockFlow {BODY} at (8,8) size 784x584
      LayoutBlockFlow {P} at (0,0) size 784x36
        LayoutText {#text} at (0,0) size 776x36
          text run at (0,0) width 776: "This is a test to make sure that the final <br> in an incoming fragment is interpretted strictly in quirks mode (where brs at"
          text run at (0,18) width 212: "the end of blocks are collapsed). "
          text run at (211,18) width 520: "This test used to fail because of unrendered content to the left of the collapsed br."
      LayoutBlockFlow {DIV} at (0,52) size 784x36
        LayoutBlockFlow {DIV} at (0,0) size 784x18
          LayoutText {#text} at (0,0) size 379x18
            text run at (0,0) width 379: "The test should add a single blank line after this paragraph."
          LayoutInline {SPAN} at (0,0) size 1x18
          LayoutBR {BR} at (378,14) size 1x0
        LayoutBlockFlow (anonymous) at (0,18) size 784x18
          LayoutBR {BR} at (0,0) size 0x18
caret: position 0 of child 1 {BR} of child 2 {DIV} of body
