layer at (0,0) size 800x600
  LayoutView at (0,0) size 800x600
layer at (0,0) size 800x600
  LayoutBlockFlow {HTML} at (0,0) size 800x600
    LayoutBlockFlow {BODY} at (8,8) size 784x584
      LayoutBlockFlow {P} at (0,0) size 784x40
        LayoutText {#text} at (0,0) size 761x39
          text run at (0,0) width 395: "This page tests using attributes to set style on embed elements. "
          text run at (395,0) width 366: "Previous versions of WebKit supported valign and border,"
          text run at (0,20) width 43: "which "
          text run at (43,20) width 451: "didn't match IE and FF. The only special support should be for 'hidden.'"
      LayoutBlockFlow {DIV} at (0,66) size 784x0
      LayoutBlockFlow {DIV} at (0,66) size 784x105
        LayoutText {#text} at (50,85) size 122x19
          text run at (50,85) width 4: " "
          text run at (54,85) width 118: "valign top attribute"
      LayoutBlockFlow {DIV} at (0,171) size 784x105
        LayoutText {#text} at (50,85) size 128x19
          text run at (50,85) width 4: " "
          text run at (54,85) width 124: "border 5px attribute"
      LayoutBlockFlow {DIV} at (0,276) size 784x107
        LayoutText {#text} at (52,87) size 102x19
          text run at (52,87) width 4: " "
          text run at (56,87) width 98: "hidden attribute"
layer at (8,64) size 784x2 clip at (0,0) size 0x0
  LayoutBlockFlow {HR} at (0,56) size 784x2 [border: (1px inset #EEEEEE)]
layer at (8,74) size 50x100
  LayoutEmbeddedObject (relative positioned) {EMBED} at (0,0) size 50x100
layer at (8,179) size 50x100
  LayoutEmbeddedObject (relative positioned) {EMBED} at (0,0) size 50x100
layer at (8,284) size 52x102
  LayoutEmbeddedObject (relative positioned) {EMBED} at (0,0) size 52x102 [border: (1px dashed #000000)]
