layer at (0,0) size 800x600
  LayoutView at (0,0) size 800x600
layer at (0,0) size 800x145
  LayoutBlockFlow {HTML} at (0,0) size 800x145
    LayoutBlockFlow {BODY} at (8,16) size 784x121
      LayoutBlockFlow {P} at (0,0) size 784x18
        LayoutText {#text} at (0,0) size 348x18
          text run at (0,0) width 348: "Passes if there are no overpainted selection highlights."
      LayoutBlockFlow (anonymous) at (0,34) size 784x87
        LayoutInline {SPAN} at (0,0) size 189x74
          LayoutText {#text} at (0,3) size 189x74
            text run at (0,3) width 96: "text"
            text run at (95,3) width 94 RTL: "\x{645}\x{62A}\x{646}:"
        LayoutText {#text} at (0,0) size 0x0
        LayoutText {#text} at (0,0) size 0x0
selection start: position 5 of child 0 {#text} of child 2 {SPAN} of body
selection end:   position 13 of child 0 {#text} of child 2 {SPAN} of body
