layer at (0,0) size 800x600
  LayoutView at (0,0) size 800x600
layer at (0,0) size 800x259
  LayoutBlockFlow {HTML} at (0,0) size 800x259
    LayoutBlockFlow {BODY} at (8,231) size 784x20
      LayoutInline {SPAN} at (0,0) size 99x19
        LayoutText {#text} at (0,0) size 99x19
          text run at (0,0) width 99: "Something Fishy"
      LayoutText {#text} at (0,0) size 0x0
layer at (0,16) size 373x20
  LayoutBlockFlow (positioned) {P} at (0,16) size 372.89x20
    LayoutText {#text} at (0,0) size 373x19
      text run at (0,0) width 373: "Test passes if the full 15px box-shadow beneath text is visible."
