layer at (0,0) size 800x600
  LayoutView at (0,0) size 800x600
layer at (0,0) size 800x600
  LayoutBlockFlow {HTML} at (0,0) size 800x600
    LayoutBlockFlow {BODY} at (8,8) size 784x584
      LayoutBlockFlow {P} at (0,0) size 784x20
        LayoutText {#text} at (0,0) size 197x19
          text run at (0,0) width 197: "This should be pointing upwards:"
      LayoutBlockFlow {DIV} at (0,36) size 93x80
        LayoutText {#text} at (1,0) size 90x80
          text run at (1,0) width 80: "\x{3008}"
