layer at (0,0) size 800x600
  LayoutView at (0,0) size 800x600
layer at (684,0) size 116x600
  LayoutBlockFlow {HTML} at (0,0) size 116x600 [border: (10px solid #800000)]
    LayoutBlockFlow {BODY} at (18,18) size 80x564
      LayoutText {#text} at (22,0) size 46x220
        text run at (22,0) width 220: "\x{653B}\x{6BBB} \x{6A5F}\x{52D5}\x{968A} "
      LayoutRuby (inline) {RUBY} at (0,0) size 46x200
        LayoutRubyRun (anonymous) at (10,220) size 70x80
          LayoutRubyText {RT} at (-17,0) size 36x80
            LayoutText {#text} at (7,0) size 22x80
              text run at (7,0) width 80: "\x{3053}\x{3046}\x{304B}\x{304F}"
          LayoutRubyBase (anonymous) at (0,0) size 70x80
            LayoutText {#text} at (12,0) size 46x80
              text run at (12,0) width 80: "\x{653B}\x{6BBB}"
        LayoutRubyRun (anonymous) at (10,300) size 70x120
          LayoutRubyText {RT} at (-17,0) size 36x120
            LayoutText {#text} at (7,2) size 22x116
              text run at (7,2) width 116: "\x{304D}\x{3069}\x{3046}\x{305F}\x{3044}"
          LayoutRubyBase (anonymous) at (0,0) size 70x120
            LayoutText {#text} at (12,0) size 46x120
              text run at (12,0) width 120: "\x{6A5F}\x{52D5}\x{968A}"
      LayoutText {#text} at (0,0) size 0x0
