layer at (0,0) size 800x600 scrollX 4087.00 scrollWidth 4887
  LayoutView at (0,0) size 800x600
layer at (-4087,0) size 4887x600 backgroundClip at (0,0) size 800x600 clip at (0,0) size 800x600
  LayoutBlockFlow {HTML} at (0,0) size 4887.34x600
    LayoutBlockFlow {BODY} at (60,48) size 4767.34x504
      LayoutBlockFlow {H1} at (0,0) size 48x504
        LayoutText {#text} at (6,0) size 36x64
          text run at (6,0) width 64: "\x{8349}\x{6795}"
      LayoutBlockFlow {H2} at (69.44,0) size 36x504
        LayoutText {#text} at (5,0) size 26x96
          text run at (5,0) width 96: "\x{590F}\x{76EE}\x{6F31}\x{77F3}"
      LayoutBlockFlow {DIV} at (125.34,0) size 4642x504
        LayoutBlockFlow (anonymous) at (0,0) size 2576x504
          LayoutBR {BR} at (0,0) size 19x0
          LayoutBR {BR} at (20,0) size 19x0
          LayoutBR {BR} at (40,0) size 19x0
          LayoutText {#text} at (60,0) size 19x168
            text run at (60,0) width 168: "\x{3000}\x{3000}\x{3000}\x{3000}\x{3000}\x{3000}\x{3000}\x{3000}\x{4E00}"
          LayoutBR {BR} at (60,168) size 19x0
          LayoutBR {BR} at (80,0) size 19x0
          LayoutText {#text} at (111,0) size 19x19
            text run at (111,0) width 19: "\x{3000}"
          LayoutRuby (inline) {RUBY} at (0,0) size 19x34
            LayoutRubyRun (anonymous) at (111,18) size 20x36
              LayoutRubyText {RT} at (-14,0) size 16x36
                LayoutText {#text} at (2,0) size 12x36
                  text run at (2,0) width 36: "\x{3084}\x{307E}\x{307F}\x{3061}"
              LayoutRubyBase (anonymous) at (0,0) size 20x36
                LayoutInline {RB} at (0,0) size 19x34
                  LayoutText {#text} at (0,1) size 19x34
                    text run at (0,1) width 34: "\x{5C71}\x{8DEF}"
          LayoutText {#text} at (111,53) size 19x208
            text run at (111,53) width 208: "\x{3092}\x{767B}\x{308A}\x{306A}\x{304C}\x{3089}\x{3001}\x{3053}\x{3046}\x{8003}\x{3048}\x{305F}\x{3002}"
          LayoutBR {BR} at (111,261) size 19x0
          LayoutText {#text} at (142,0) size 19x19
            text run at (142,0) width 19: "\x{3000}"
          LayoutRuby (inline) {RUBY} at (0,0) size 19x16
            LayoutRubyRun (anonymous) at (142,19) size 20x16
              LayoutRubyText {RT} at (-14,0) size 16x16
                LayoutText {#text} at (2,3) size 12x10
                  text run at (2,3) width 9: "\x{3061}"
              LayoutRubyBase (anonymous) at (0,0) size 20x16
                LayoutInline {RB} at (0,0) size 19x16
                  LayoutText {#text} at (0,0) size 19x16
                    text run at (0,0) width 16: "\x{667A}"
          LayoutText {#text} at (142,35) size 19x64
            text run at (142,35) width 64: "\x{306B}\x{50CD}\x{3051}\x{3070}"
          LayoutRuby (inline) {RUBY} at (0,0) size 19x16
            LayoutRubyRun (anonymous) at (142,98) size 20x18
              LayoutRubyText {RT} at (-14,0) size 16x18
                LayoutText {#text} at (2,0) size 12x18
                  text run at (2,0) width 18: "\x{304B}\x{3069}"
              LayoutRubyBase (anonymous) at (0,0) size 20x18
                LayoutInline {RB} at (0,0) size 19x16
                  LayoutText {#text} at (0,1) size 19x16
                    text run at (0,1) width 16: "\x{89D2}"
          LayoutText {#text} at (142,115) size 19x64
            text run at (142,115) width 64: "\x{304C}\x{7ACB}\x{3064}\x{3002}"
          LayoutRuby (inline) {RUBY} at (0,0) size 19x19
            LayoutRubyRun (anonymous) at (142,175) size 20x27
              LayoutRubyText {RT} at (-14,0) size 16x27
                LayoutText {#text} at (2,0) size 12x27
                  text run at (2,0) width 27: "\x{3058}\x{3087}\x{3046}"
              LayoutRubyBase (anonymous) at (0,0) size 20x27
                LayoutInline {RB} at (0,0) size 19x17
                  LayoutText {#text} at (0,5) size 19x17
                    text run at (0,5) width 16: "\x{60C5}"
          LayoutText {#text} at (142,198) size 19x16
            text run at (142,198) width 16: "\x{306B}"
          LayoutRuby (inline) {RUBY} at (0,0) size 19x16
            LayoutRubyRun (anonymous) at (142,213) size 20x18
              LayoutRubyText {RT} at (-14,0) size 16x18
                LayoutText {#text} at (2,0) size 12x18
                  text run at (2,0) width 18: "\x{3055}\x{304A}"
              LayoutRubyBase (anonymous) at (0,0) size 20x18
                LayoutInline {RB} at (0,0) size 19x16
                  LayoutText {#text} at (0,1) size 19x16
                    text run at (0,1) width 16: "\x{68F9}"
          LayoutText {#text} at (142,230) size 19x176
            text run at (142,230) width 176: "\x{3055}\x{305B}\x{3070}\x{6D41}\x{3055}\x{308C}\x{308B}\x{3002}\x{610F}\x{5730}\x{3092}"
          LayoutRuby (inline) {RUBY} at (0,0) size 19x16
            LayoutRubyRun (anonymous) at (142,405) size 20x18
              LayoutRubyText {RT} at (-14,0) size 16x18
                LayoutText {#text} at (2,0) size 12x18
                  text run at (2,0) width 18: "\x{3068}\x{304A}"
              LayoutRubyBase (anonymous) at (0,0) size 20x18
                LayoutInline {RB} at (0,0) size 19x16
                  LayoutText {#text} at (0,1) size 19x16
                    text run at (0,1) width 16: "\x{901A}"
          LayoutText {#text} at (142,422) size 19x32
            text run at (142,422) width 32: "\x{305B}\x{3070}"
          LayoutRuby (inline) {RUBY} at (0,0) size 19x42
            LayoutRubyRun (anonymous) at (142,451) size 20x45
              LayoutRubyText {RT} at (-14,0) size 16x45
                LayoutText {#text} at (2,0) size 12x45
                  text run at (2,0) width 45: "\x{304D}\x{3085}\x{3046}\x{304F}\x{3064}"
              LayoutRubyBase (anonymous) at (0,0) size 20x45
                LayoutInline {RB} at (0,0) size 19x39
                  LayoutText {#text} at (0,3) size 19x39
                    text run at (0,3) width 38: "\x{7AAE}\x{5C48}"
          LayoutText {#text} at (170,0) size 19x256
            text run at (170,0) width 256: "\x{3060}\x{3002}\x{3068}\x{304B}\x{304F}\x{306B}\x{4EBA}\x{306E}\x{4E16}\x{306F}\x{4F4F}\x{307F}\x{306B}\x{304F}\x{3044}\x{3002}"
          LayoutBR {BR} at (170,256) size 19x0
          LayoutText {#text} at (201,0) size 19x115
            text run at (201,0) width 115: "\x{3000}\x{4F4F}\x{307F}\x{306B}\x{304F}\x{3055}\x{304C}"
          LayoutRuby (inline) {RUBY} at (0,0) size 19x16
            LayoutRubyRun (anonymous) at (201,114) size 20x18
              LayoutRubyText {RT} at (-14,0) size 16x18
                LayoutText {#text} at (2,0) size 12x18
                  text run at (2,0) width 18: "\x{3053}\x{3046}"
              LayoutRubyBase (anonymous) at (0,0) size 20x18
                LayoutInline {RB} at (0,0) size 19x16
                  LayoutText {#text} at (0,1) size 19x16
                    text run at (0,1) width 16: "\x{9AD8}"
          LayoutText {#text} at (201,131) size 50x499
            text run at (201,131) width 368: "\x{3058}\x{308B}\x{3068}\x{3001}\x{5B89}\x{3044}\x{6240}\x{3078}\x{5F15}\x{304D}\x{8D8A}\x{3057}\x{305F}\x{304F}\x{306A}\x{308B}\x{3002}\x{3069}\x{3053}\x{3078}\x{8D8A}\x{3057}\x{3066}"
            text run at (232,0) width 112: "\x{3082}\x{4F4F}\x{307F}\x{306B}\x{304F}\x{3044}\x{3068}"
          LayoutRuby (inline) {RUBY} at (0,0) size 19x16
            LayoutRubyRun (anonymous) at (232,111) size 20x18
              LayoutRubyText {RT} at (-14,0) size 16x18
                LayoutText {#text} at (2,0) size 12x18
                  text run at (2,0) width 18: "\x{3055}\x{3068}"
              LayoutRubyBase (anonymous) at (0,0) size 20x18
                LayoutInline {RB} at (0,0) size 19x16
                  LayoutText {#text} at (0,1) size 19x16
                    text run at (0,1) width 16: "\x{609F}"
          LayoutText {#text} at (232,128) size 19x160
            text run at (232,128) width 160: "\x{3063}\x{305F}\x{6642}\x{3001}\x{8A69}\x{304C}\x{751F}\x{308C}\x{3066}\x{3001}"
          LayoutRuby (inline) {RUBY} at (0,0) size 19x16
            LayoutRubyRun (anonymous) at (232,288) size 20x16
              LayoutRubyText {RT} at (-14,0) size 16x16
                LayoutText {#text} at (2,3) size 12x10
                  text run at (2,3) width 9: "\x{3048}"
              LayoutRubyBase (anonymous) at (0,0) size 20x16
                LayoutInline {RB} at (0,0) size 19x16
                  LayoutText {#text} at (0,0) size 19x16
                    text run at (0,0) width 16: "\x{753B}"
          LayoutText {#text} at (232,304) size 19x80
            text run at (232,304) width 80: "\x{304C}\x{51FA}\x{6765}\x{308B}\x{3002}"
          LayoutBR {BR} at (232,384) size 19x0
          LayoutText {#text} at (260,0) size 19x19
            text run at (260,0) width 19: "\x{3000}"
          LayoutInline {STRONG} at (0,0) size 19x48
            LayoutText {#text} at (260,19) size 19x48
              text run at (260,19) width 48: "\x{4EBA}\x{306E}\x{4E16}"
          LayoutText {#text} at (260,67) size 19x432
            text run at (260,67) width 432: "\x{3092}\x{4F5C}\x{3063}\x{305F}\x{3082}\x{306E}\x{306F}\x{795E}\x{3067}\x{3082}\x{306A}\x{3051}\x{308C}\x{3070}\x{9B3C}\x{3067}\x{3082}\x{306A}\x{3044}\x{3002}\x{3084}\x{306F}\x{308A}\x{5411}\x{3046}\x{4E09}\x{8ED2}"
          LayoutRuby (inline) {RUBY} at (0,0) size 19x42
            LayoutRubyRun (anonymous) at (291,0) size 20x45
              LayoutRubyText {RT} at (-14,0) size 16x45
                LayoutText {#text} at (2,0) size 12x45
                  text run at (2,0) width 45: "\x{308A}\x{3087}\x{3046}\x{3069}\x{306A}"
              LayoutRubyBase (anonymous) at (0,0) size 20x45
                LayoutInline {RB} at (0,0) size 19x39
                  LayoutText {#text} at (0,3) size 19x39
                    text run at (0,3) width 38: "\x{4E21}\x{96A3}"
          LayoutText {#text} at (291,42) size 19x384
            text run at (291,42) width 384: "\x{308A}\x{306B}\x{3061}\x{3089}\x{3061}\x{3089}\x{3059}\x{308B}\x{305F}\x{3060}\x{306E}\x{4EBA}\x{3067}\x{3042}\x{308B}\x{3002}\x{305F}\x{3060}\x{306E}\x{4EBA}\x{304C}\x{4F5C}\x{3063}\x{305F}"
          LayoutInline {STRONG} at (0,0) size 19x48
            LayoutText {#text} at (291,426) size 19x48
              text run at (291,426) width 48: "\x{4EBA}\x{306E}\x{4E16}"
          LayoutText {#text} at (291,474) size 47x490
            text run at (291,474) width 16: "\x{304C}"
            text run at (319,0) width 352: "\x{4F4F}\x{307F}\x{306B}\x{304F}\x{3044}\x{304B}\x{3089}\x{3068}\x{3066}\x{3001}\x{8D8A}\x{3059}\x{56FD}\x{306F}\x{3042}\x{308B}\x{307E}\x{3044}\x{3002}\x{3042}\x{308C}\x{3070}"
          LayoutInline {STRONG} at (0,0) size 19x64
            LayoutText {#text} at (319,352) size 19x64
              text run at (319,352) width 64: "\x{4EBA}\x{3067}\x{306A}\x{3057}"
          LayoutText {#text} at (319,416) size 47x496
            text run at (319,416) width 80: "\x{306E}\x{56FD}\x{3078}\x{884C}\x{304F}"
            text run at (347,0) width 80: "\x{3070}\x{304B}\x{308A}\x{3060}\x{3002}"
          LayoutInline {STRONG} at (0,0) size 19x64
            LayoutText {#text} at (347,80) size 19x64
              text run at (347,80) width 64: "\x{4EBA}\x{3067}\x{306A}\x{3057}"
          LayoutText {#text} at (347,144) size 19x48
            text run at (347,144) width 48: "\x{306E}\x{56FD}\x{306F}"
          LayoutInline {STRONG} at (0,0) size 19x48
            LayoutText {#text} at (347,192) size 19x48
              text run at (347,192) width 48: "\x{4EBA}\x{306E}\x{4E16}"
          LayoutText {#text} at (347,240) size 19x208
            text run at (347,240) width 208: "\x{3088}\x{308A}\x{3082}\x{306A}\x{304A}\x{4F4F}\x{307F}\x{306B}\x{304F}\x{304B}\x{308D}\x{3046}\x{3002}"
          LayoutBR {BR} at (347,448) size 19x0
          LayoutText {#text} at (375,0) size 19x499
            text run at (375,0) width 499: "\x{3000}\x{8D8A}\x{3059}\x{4E8B}\x{306E}\x{306A}\x{3089}\x{306C}\x{4E16}\x{304C}\x{4F4F}\x{307F}\x{306B}\x{304F}\x{3051}\x{308C}\x{3070}\x{3001}\x{4F4F}\x{307F}\x{306B}\x{304F}\x{3044}\x{6240}\x{3092}\x{3069}\x{308C}\x{307B}\x{3069}\x{304B}\x{3001}"
          LayoutRuby (inline) {RUBY} at (0,0) size 19x35
            LayoutRubyRun (anonymous) at (406,0) size 20x36
              LayoutRubyText {RT} at (-14,0) size 16x36
                LayoutText {#text} at (2,0) size 12x36
                  text run at (2,0) width 36: "\x{304F}\x{3064}\x{308D}\x{3052}"
              LayoutRubyBase (anonymous) at (0,0) size 20x36
                LayoutInline {RB} at (0,0) size 19x34
                  LayoutText {#text} at (0,1) size 19x34
                    text run at (0,1) width 34: "\x{5BDB}\x{5BB9}"
          LayoutText {#text} at (406,35) size 19x32
            text run at (406,35) width 32: "\x{3066}\x{3001}"
          LayoutRuby (inline) {RUBY} at (0,0) size 19x16
            LayoutRubyRun (anonymous) at (406,66) size 20x18
              LayoutRubyText {RT} at (-14,0) size 16x18
                LayoutText {#text} at (2,0) size 12x18
                  text run at (2,0) width 18: "\x{3064}\x{304B}"
              LayoutRubyBase (anonymous) at (0,0) size 20x18
                LayoutInline {RB} at (0,0) size 19x16
                  LayoutText {#text} at (0,1) size 19x16
                    text run at (0,1) width 16: "\x{675F}"
          LayoutText {#text} at (406,83) size 19x16
            text run at (406,83) width 16: "\x{306E}"
          LayoutRuby (inline) {RUBY} at (0,0) size 19x16
            LayoutRubyRun (anonymous) at (406,99) size 20x16
              LayoutRubyText {RT} at (-14,0) size 16x16
                LayoutText {#text} at (2,3) size 12x10
                  text run at (2,3) width 9: "\x{307E}"
              LayoutRubyBase (anonymous) at (0,0) size 20x16
                LayoutInline {RB} at (0,0) size 19x16
                  LayoutText {#text} at (0,0) size 19x16
                    text run at (0,0) width 16: "\x{9593}"
          LayoutText {#text} at (406,115) size 50x499
            text run at (406,115) width 384: "\x{306E}\x{547D}\x{3092}\x{3001}\x{675F}\x{306E}\x{9593}\x{3067}\x{3082}\x{4F4F}\x{307F}\x{3088}\x{304F}\x{305B}\x{306D}\x{3070}\x{306A}\x{3089}\x{306C}\x{3002}\x{3053}\x{3053}\x{306B}\x{8A69}"
            text run at (437,0) width 352: "\x{4EBA}\x{3068}\x{3044}\x{3046}\x{5929}\x{8077}\x{304C}\x{51FA}\x{6765}\x{3066}\x{3001}\x{3053}\x{3053}\x{306B}\x{753B}\x{5BB6}\x{3068}\x{3044}\x{3046}\x{4F7F}\x{547D}\x{304C}"
          LayoutRuby (inline) {RUBY} at (0,0) size 19x16
            LayoutRubyRun (anonymous) at (437,351) size 20x18
              LayoutRubyText {RT} at (-14,0) size 16x18
                LayoutText {#text} at (2,0) size 12x18
                  text run at (2,0) width 18: "\x{304F}\x{3060}"
              LayoutRubyBase (anonymous) at (0,0) size 20x18
                LayoutInline {RB} at (0,0) size 19x16
                  LayoutText {#text} at (0,1) size 19x16
                    text run at (0,1) width 16: "\x{964D}"
          LayoutText {#text} at (437,368) size 50x496
            text run at (437,368) width 128: "\x{308B}\x{3002}\x{3042}\x{3089}\x{3086}\x{308B}\x{82B8}\x{8853}"
            text run at (468,0) width 112: "\x{306E}\x{58EB}\x{306F}\x{4EBA}\x{306E}\x{4E16}\x{3092}"
          LayoutRuby (inline) {RUBY} at (0,0) size 19x32
            LayoutRubyRun (anonymous) at (468,112) size 20x32
              LayoutRubyText {RT} at (-14,0) size 16x32
                LayoutText {#text} at (2,0) size 12x31
                  text run at (2,0) width 30: "\x{306E}\x{3069}\x{304B}"
              LayoutRubyBase (anonymous) at (0,0) size 20x32
                LayoutInline {RB} at (0,0) size 19x32
                  LayoutText {#text} at (0,0) size 19x32
                    text run at (0,0) width 32: "\x{9577}\x{9591}"
          LayoutText {#text} at (468,144) size 19x208
            text run at (468,144) width 208: "\x{306B}\x{3057}\x{3001}\x{4EBA}\x{306E}\x{5FC3}\x{3092}\x{8C4A}\x{304B}\x{306B}\x{3059}\x{308B}\x{304C}"
          LayoutRuby (inline) {RUBY} at (0,0) size 19x16
            LayoutRubyRun (anonymous) at (468,351) size 20x18
              LayoutRubyText {RT} at (-14,0) size 16x18
                LayoutText {#text} at (2,0) size 12x18
                  text run at (2,0) width 18: "\x{3086}\x{3048}"
              LayoutRubyBase (anonymous) at (0,0) size 20x18
                LayoutInline {RB} at (0,0) size 19x16
                  LayoutText {#text} at (0,1) size 19x16
                    text run at (0,1) width 16: "\x{6545}"
          LayoutText {#text} at (468,368) size 19x16
            text run at (468,368) width 16: "\x{306B}"
          LayoutRuby (inline) {RUBY} at (0,0) size 19x16
            LayoutRubyRun (anonymous) at (468,383) size 20x18
              LayoutRubyText {RT} at (-14,0) size 16x18
                LayoutText {#text} at (2,0) size 12x18
                  text run at (2,0) width 18: "\x{305F}\x{3063}"
              LayoutRubyBase (anonymous) at (0,0) size 20x18
                LayoutInline {RB} at (0,0) size 19x16
                  LayoutText {#text} at (0,1) size 19x16
                    text run at (0,1) width 16: "\x{5C0A}"
          LayoutText {#text} at (468,400) size 19x48
            text run at (468,400) width 48: "\x{3068}\x{3044}\x{3002}"
          LayoutBR {BR} at (468,448) size 19x0
          LayoutText {#text} at (499,0) size 19x243
            text run at (499,0) width 243: "\x{3000}\x{4F4F}\x{307F}\x{306B}\x{304F}\x{304D}\x{4E16}\x{304B}\x{3089}\x{3001}\x{4F4F}\x{307F}\x{306B}\x{304F}\x{304D}"
          LayoutRuby (inline) {RUBY} at (0,0) size 19x19
            LayoutRubyRun (anonymous) at (499,239) size 20x27
              LayoutRubyText {RT} at (-14,0) size 16x27
                LayoutText {#text} at (2,0) size 12x27
                  text run at (2,0) width 27: "\x{308F}\x{305A}\x{3089}"
              LayoutRubyBase (anonymous) at (0,0) size 20x27
                LayoutInline {RB} at (0,0) size 19x17
                  LayoutText {#text} at (0,5) size 19x17
                    text run at (0,5) width 16: "\x{7169}"
          LayoutText {#text} at (499,262) size 50x502
            text run at (499,262) width 240: "\x{3044}\x{3092}\x{5F15}\x{304D}\x{629C}\x{3044}\x{3066}\x{3001}\x{3042}\x{308A}\x{304C}\x{305F}\x{3044}\x{4E16}\x{754C}"
            text run at (530,0) width 256: "\x{3092}\x{307E}\x{306E}\x{3042}\x{305F}\x{308A}\x{306B}\x{5199}\x{3059}\x{306E}\x{304C}\x{8A69}\x{3067}\x{3042}\x{308B}\x{3001}"
          LayoutRuby (inline) {RUBY} at (0,0) size 19x16
            LayoutRubyRun (anonymous) at (530,256) size 20x16
              LayoutRubyText {RT} at (-14,0) size 16x16
                LayoutText {#text} at (2,3) size 12x10
                  text run at (2,3) width 9: "\x{3048}"
              LayoutRubyBase (anonymous) at (0,0) size 20x16
                LayoutInline {RB} at (0,0) size 19x16
                  LayoutText {#text} at (0,0) size 19x16
                    text run at (0,0) width 16: "\x{753B}"
          LayoutText {#text} at (530,272) size 50x496
            text run at (530,272) width 224: "\x{3067}\x{3042}\x{308B}\x{3002}\x{3042}\x{308B}\x{306F}\x{97F3}\x{697D}\x{3068}\x{5F6B}\x{523B}\x{3067}\x{3042}"
            text run at (561,0) width 96: "\x{308B}\x{3002}\x{3053}\x{307E}\x{304B}\x{306B}"
          LayoutRuby (inline) {RUBY} at (0,0) size 19x16
            LayoutRubyRun (anonymous) at (561,96) size 20x16
              LayoutRubyText {RT} at (-14,0) size 16x16
                LayoutText {#text} at (2,3) size 12x10
                  text run at (2,3) width 9: "\x{3044}"
              LayoutRubyBase (anonymous) at (0,0) size 20x16
                LayoutInline {RB} at (0,0) size 19x16
                  LayoutText {#text} at (0,0) size 19x16
                    text run at (0,0) width 16: "\x{4E91}"
          LayoutText {#text} at (561,112) size 50x496
            text run at (561,112) width 384: "\x{3048}\x{3070}\x{5199}\x{3055}\x{306A}\x{3044}\x{3067}\x{3082}\x{3088}\x{3044}\x{3002}\x{305F}\x{3060}\x{307E}\x{306E}\x{3042}\x{305F}\x{308A}\x{306B}\x{898B}\x{308C}\x{3070}\x{3001}\x{305D}"
            text run at (592,0) width 144: "\x{3053}\x{306B}\x{8A69}\x{3082}\x{751F}\x{304D}\x{3001}\x{6B4C}\x{3082}"
          LayoutRuby (inline) {RUBY} at (0,0) size 19x16
            LayoutRubyRun (anonymous) at (592,144) size 20x16
              LayoutRubyText {RT} at (-14,0) size 16x16
                LayoutText {#text} at (2,3) size 12x10
                  text run at (2,3) width 9: "\x{308F}"
              LayoutRubyBase (anonymous) at (0,0) size 20x16
                LayoutInline {RB} at (0,0) size 19x16
                  LayoutText {#text} at (0,0) size 19x16
                    text run at (0,0) width 16: "\x{6E67}"
          LayoutText {#text} at (592,160) size 19x192
            text run at (592,160) width 192: "\x{304F}\x{3002}\x{7740}\x{60F3}\x{3092}\x{7D19}\x{306B}\x{843D}\x{3055}\x{306C}\x{3068}\x{3082}"
          LayoutRuby (inline) {RUBY} at (0,0) size 19x39
            LayoutRubyRun (anonymous) at (592,349) size 20x45
              LayoutRubyText {RT} at (-14,0) size 16x45
                LayoutText {#text} at (2,0) size 12x45
                  text run at (2,0) width 45: "\x{304D}\x{3085}\x{3046}\x{305D}\x{3046}"
              LayoutRubyBase (anonymous) at (0,0) size 20x45
                LayoutInline {RB} at (0,0) size 19x39
                  LayoutText {#text} at (0,3) size 19x23
                    text run at (0,3) width 22: "\x{7486}"
                  LayoutText {#text} at (0,25) size 19x17
                    text run at (0,25) width 16: "\x{93D8}"
          LayoutText {#text} at (592,391) size 19x16
            text run at (592,391) width 16: "\x{306E}"
          LayoutRuby (inline) {RUBY} at (0,0) size 19x16
            LayoutRubyRun (anonymous) at (592,406) size 20x18
              LayoutRubyText {RT} at (-14,0) size 16x18
                LayoutText {#text} at (2,0) size 12x18
                  text run at (2,0) width 18: "\x{304A}\x{3093}"
              LayoutRubyBase (anonymous) at (0,0) size 20x18
                LayoutInline {RB} at (0,0) size 19x16
                  LayoutText {#text} at (0,1) size 19x16
                    text run at (0,1) width 16: "\x{97F3}"
          LayoutText {#text} at (592,423) size 19x16
            text run at (592,423) width 16: "\x{306F}"
          LayoutRuby (inline) {RUBY} at (0,0) size 19x34
            LayoutRubyRun (anonymous) at (592,438) size 20x36
              LayoutRubyText {RT} at (-14,0) size 16x36
                LayoutText {#text} at (2,0) size 12x36
                  text run at (2,0) width 36: "\x{304D}\x{3087}\x{3046}\x{308A}"
              LayoutRubyBase (anonymous) at (0,0) size 20x36
                LayoutInline {RB} at (0,0) size 19x34
                  LayoutText {#text} at (0,1) size 19x34
                    text run at (0,1) width 34: "\x{80F8}\x{88CF}"
          LayoutText {#text} at (592,473) size 19x16
            text run at (592,473) width 16: "\x{306B}"
          LayoutRuby (inline) {RUBY} at (0,0) size 19x17
            LayoutRubyRun (anonymous) at (623,0) size 20x18
              LayoutRubyText {RT} at (-14,0) size 16x18
                LayoutText {#text} at (2,0) size 12x18
                  text run at (2,0) width 18: "\x{304A}\x{3053}"
              LayoutRubyBase (anonymous) at (0,0) size 20x18
                LayoutInline {RB} at (0,0) size 19x16
                  LayoutText {#text} at (0,1) size 19x16
                    text run at (0,1) width 16: "\x{8D77}"
          LayoutText {#text} at (623,17) size 19x32
            text run at (623,17) width 32: "\x{308B}\x{3002}"
          LayoutRuby (inline) {RUBY} at (0,0) size 19x34
            LayoutRubyRun (anonymous) at (623,48) size 20x36
              LayoutRubyText {RT} at (-14,0) size 16x36
                LayoutText {#text} at (2,0) size 12x36
                  text run at (2,0) width 36: "\x{305F}\x{3093}\x{305B}\x{3044}"
              LayoutRubyBase (anonymous) at (0,0) size 20x36
                LayoutInline {RB} at (0,0) size 19x34
                  LayoutText {#text} at (0,1) size 19x34
                    text run at (0,1) width 34: "\x{4E39}\x{9752}"
          LayoutText {#text} at (623,83) size 19x16
            text run at (623,83) width 16: "\x{306F}"
          LayoutRuby (inline) {RUBY} at (0,0) size 19x32
            LayoutRubyRun (anonymous) at (623,99) size 20x32
              LayoutRubyText {RT} at (-14,0) size 16x32
                LayoutText {#text} at (2,3) size 12x26
                  text run at (2,3) width 25: "\x{304C}\x{304B}"
              LayoutRubyBase (anonymous) at (0,0) size 20x32
                LayoutInline {RB} at (0,0) size 19x32
                  LayoutText {#text} at (0,0) size 19x32
                    text run at (0,0) width 32: "\x{753B}\x{67B6}"
          LayoutText {#text} at (623,131) size 19x64
            text run at (623,131) width 64: "\x{306B}\x{5411}\x{3063}\x{3066}"
          LayoutRuby (inline) {RUBY} at (0,0) size 19x32
            LayoutRubyRun (anonymous) at (623,195) size 20x32
              LayoutRubyText {RT} at (-14,0) size 16x32
                LayoutText {#text} at (2,0) size 12x31
                  text run at (2,0) width 30: "\x{3068}\x{307E}\x{3064}"
              LayoutRubyBase (anonymous) at (0,0) size 20x32
                LayoutInline {RB} at (0,0) size 19x32
                  LayoutText {#text} at (0,0) size 19x32
                    text run at (0,0) width 32: "\x{5857}\x{62B9}"
          LayoutText {#text} at (623,227) size 19x64
            text run at (623,227) width 64: "\x{305B}\x{3093}\x{3067}\x{3082}"
          LayoutRuby (inline) {RUBY} at (0,0) size 19x32
            LayoutRubyRun (anonymous) at (623,291) size 20x32
              LayoutRubyText {RT} at (-14,0) size 16x32
                LayoutText {#text} at (2,0) size 12x31
                  text run at (2,0) width 30: "\x{3054}\x{3055}\x{3044}"
              LayoutRubyBase (anonymous) at (0,0) size 20x32
                LayoutInline {RB} at (0,0) size 19x32
                  LayoutText {#text} at (0,0) size 19x32
                    text run at (0,0) width 32: "\x{4E94}\x{5F69}"
          LayoutText {#text} at (623,323) size 19x16
            text run at (623,323) width 16: "\x{306E}"
          LayoutRuby (inline) {RUBY} at (0,0) size 19x34
            LayoutRubyRun (anonymous) at (623,338) size 20x36
              LayoutRubyText {RT} at (-14,0) size 16x36
                LayoutText {#text} at (2,0) size 12x36
                  text run at (2,0) width 36: "\x{3051}\x{3093}\x{3089}\x{3093}"
              LayoutRubyBase (anonymous) at (0,0) size 20x36
                LayoutInline {RB} at (0,0) size 19x34
                  LayoutText {#text} at (0,1) size 19x34
                    text run at (0,1) width 34: "\x{7D62}\x{721B}"
          LayoutText {#text} at (623,373) size 19x16
            text run at (623,373) width 16: "\x{306F}"
          LayoutRuby (inline) {RUBY} at (0,0) size 19x19
            LayoutRubyRun (anonymous) at (623,385) size 20x27
              LayoutRubyText {RT} at (-14,0) size 16x27
                LayoutText {#text} at (2,0) size 12x27
                  text run at (2,0) width 27: "\x{304A}\x{306E}\x{305A}"
              LayoutRubyBase (anonymous) at (0,0) size 20x27
                LayoutInline {RB} at (0,0) size 19x17
                  LayoutText {#text} at (0,5) size 19x17
                    text run at (0,5) width 16: "\x{81EA}"
          LayoutText {#text} at (623,408) size 19x32
            text run at (623,408) width 32: "\x{304B}\x{3089}"
          LayoutRuby (inline) {RUBY} at (0,0) size 19x34
            LayoutRubyRun (anonymous) at (623,439) size 20x36
              LayoutRubyText {RT} at (-14,0) size 16x36
                LayoutText {#text} at (2,0) size 12x36
                  text run at (2,0) width 36: "\x{3057}\x{3093}\x{304C}\x{3093}"
              LayoutRubyBase (anonymous) at (0,0) size 20x36
                LayoutInline {RB} at (0,0) size 19x34
                  LayoutText {#text} at (0,1) size 19x34
                    text run at (0,1) width 34: "\x{5FC3}\x{773C}"
          LayoutText {#text} at (623,474) size 50x490
            text run at (623,474) width 16: "\x{306B}"
            text run at (654,0) width 240: "\x{6620}\x{308B}\x{3002}\x{305F}\x{3060}\x{304A}\x{306E}\x{304C}\x{4F4F}\x{3080}\x{4E16}\x{3092}\x{3001}\x{304B}\x{304F}"
          LayoutRuby (inline) {RUBY} at (0,0) size 19x16
            LayoutRubyRun (anonymous) at (654,239) size 20x18
              LayoutRubyText {RT} at (-14,0) size 16x18
                LayoutText {#text} at (2,0) size 12x18
                  text run at (2,0) width 18: "\x{304B}\x{3093}"
              LayoutRubyBase (anonymous) at (0,0) size 20x18
                LayoutInline {RB} at (0,0) size 19x16
                  LayoutText {#text} at (0,1) size 19x16
                    text run at (0,1) width 16: "\x{89B3}"
          LayoutText {#text} at (654,256) size 19x64
            text run at (654,256) width 64: "\x{3058}\x{5F97}\x{3066}\x{3001}"
          LayoutRuby (inline) {RUBY} at (0,0) size 19x70
            LayoutRubyRun (anonymous) at (654,319) size 20x72
              LayoutRubyText {RT} at (-14,0) size 16x72
                LayoutText {#text} at (2,0) size 12x72
                  text run at (2,0) width 72: "\x{308C}\x{3044}\x{3060}\x{3044}\x{307B}\x{3046}\x{3059}\x{3093}"
              LayoutRubyBase (anonymous) at (0,0) size 20x72
                LayoutInline {RB} at (0,0) size 19x70
                  LayoutText {#text} at (0,1) size 19x70
                    text run at (0,1) width 70: "\x{970A}\x{53F0}\x{65B9}\x{5BF8}"
          LayoutText {#text} at (654,390) size 19x80
            text run at (654,390) width 80: "\x{306E}\x{30AB}\x{30E1}\x{30E9}\x{306B}"
          LayoutRuby (inline) {RUBY} at (0,0) size 19x71
            LayoutRubyRun (anonymous) at (685,0) size 20x72
              LayoutRubyText {RT} at (-14,0) size 16x72
                LayoutText {#text} at (2,0) size 12x72
                  text run at (2,0) width 72: "\x{304E}\x{3087}\x{3046}\x{304D}\x{3053}\x{3093}\x{3060}\x{304F}"
              LayoutRubyBase (anonymous) at (0,0) size 20x72
                LayoutInline {RB} at (0,0) size 19x70
                  LayoutText {#text} at (0,1) size 19x70
                    text run at (0,1) width 70: "\x{6F86}\x{5B63}\x{6EB7}\x{6FC1}"
          LayoutText {#text} at (685,71) size 19x208
            text run at (685,71) width 208: "\x{306E}\x{4FD7}\x{754C}\x{3092}\x{6E05}\x{304F}\x{3046}\x{3089}\x{3089}\x{304B}\x{306B}\x{53CE}\x{3081}"
          LayoutRuby (inline) {RUBY} at (0,0) size 19x16
            LayoutRubyRun (anonymous) at (685,279) size 20x16
              LayoutRubyText {RT} at (-14,0) size 16x16
                LayoutText {#text} at (2,3) size 12x10
                  text run at (2,3) width 9: "\x{3046}"
              LayoutRubyBase (anonymous) at (0,0) size 20x16
                LayoutInline {RB} at (0,0) size 19x16
                  LayoutText {#text} at (0,0) size 19x16
                    text run at (0,0) width 16: "\x{5F97}"
          LayoutText {#text} at (685,295) size 19x32
            text run at (685,295) width 32: "\x{308C}\x{3070}"
          LayoutRuby (inline) {RUBY} at (0,0) size 19x16
            LayoutRubyRun (anonymous) at (685,327) size 20x16
              LayoutRubyText {RT} at (-14,0) size 16x16
                LayoutText {#text} at (2,3) size 12x10
                  text run at (2,3) width 9: "\x{305F}"
              LayoutRubyBase (anonymous) at (0,0) size 20x16
                LayoutInline {RB} at (0,0) size 19x16
                  LayoutText {#text} at (0,0) size 19x16
                    text run at (0,0) width 16: "\x{8DB3}"
          LayoutText {#text} at (685,343) size 19x96
            text run at (685,343) width 96: "\x{308B}\x{3002}\x{3053}\x{306E}\x{6545}\x{306B}"
          LayoutRuby (inline) {RUBY} at (0,0) size 19x32
            LayoutRubyRun (anonymous) at (685,439) size 20x32
              LayoutRubyText {RT} at (-14,0) size 16x32
                LayoutText {#text} at (2,0) size 12x31
                  text run at (2,0) width 30: "\x{3080}\x{305B}\x{3044}"
              LayoutRubyBase (anonymous) at (0,0) size 20x32
                LayoutInline {RB} at (0,0) size 19x32
                  LayoutText {#text} at (0,0) size 19x32
                    text run at (0,0) width 32: "\x{7121}\x{58F0}"
          LayoutText {#text} at (685,471) size 50x503
            text run at (685,471) width 32: "\x{306E}\x{8A69}"
            text run at (716,0) width 128: "\x{4EBA}\x{306B}\x{306F}\x{4E00}\x{53E5}\x{306A}\x{304F}\x{3001}"
          LayoutRuby (inline) {RUBY} at (0,0) size 19x34
            LayoutRubyRun (anonymous) at (716,127) size 20x36
              LayoutRubyText {RT} at (-14,0) size 16x36
                LayoutText {#text} at (2,0) size 12x36
                  text run at (2,0) width 36: "\x{3080}\x{3057}\x{3087}\x{304F}"
              LayoutRubyBase (anonymous) at (0,0) size 20x36
                LayoutInline {RB} at (0,0) size 19x34
                  LayoutText {#text} at (0,1) size 19x34
                    text run at (0,1) width 34: "\x{7121}\x{8272}"
          LayoutText {#text} at (716,162) size 19x80
            text run at (716,162) width 80: "\x{306E}\x{753B}\x{5BB6}\x{306B}\x{306F}"
          LayoutRuby (inline) {RUBY} at (0,0) size 19x34
            LayoutRubyRun (anonymous) at (716,241) size 20x36
              LayoutRubyText {RT} at (-14,0) size 16x36
                LayoutText {#text} at (2,0) size 12x36
                  text run at (2,0) width 36: "\x{305B}\x{3063}\x{3051}\x{3093}"
              LayoutRubyBase (anonymous) at (0,0) size 20x36
                LayoutInline {RB} at (0,0) size 19x34
                  LayoutText {#text} at (0,1) size 19x34
                    text run at (0,1) width 34: "\x{5C3A}\x{7E11}"
          LayoutText {#text} at (716,276) size 19x96
            text run at (716,276) width 96: "\x{306A}\x{304D}\x{3082}\x{3001}\x{304B}\x{304F}"
          LayoutRuby (inline) {RUBY} at (0,0) size 19x34
            LayoutRubyRun (anonymous) at (716,371) size 20x36
              LayoutRubyText {RT} at (-14,0) size 16x36
                LayoutText {#text} at (2,0) size 12x36
                  text run at (2,0) width 36: "\x{3058}\x{3093}\x{305B}\x{3044}"
              LayoutRubyBase (anonymous) at (0,0) size 20x36
                LayoutInline {RB} at (0,0) size 19x34
                  LayoutText {#text} at (0,1) size 19x34
                    text run at (0,1) width 34: "\x{4EBA}\x{4E16}"
          LayoutText {#text} at (716,406) size 50x502
            text run at (716,406) width 96: "\x{3092}\x{89B3}\x{3058}\x{5F97}\x{308B}\x{306E}"
            text run at (747,0) width 128: "\x{70B9}\x{306B}\x{304A}\x{3044}\x{3066}\x{3001}\x{304B}\x{304F}"
          LayoutRuby (inline) {RUBY} at (0,0) size 19x34
            LayoutRubyRun (anonymous) at (747,127) size 20x36
              LayoutRubyText {RT} at (-14,0) size 16x36
                LayoutText {#text} at (2,0) size 12x36
                  text run at (2,0) width 36: "\x{307C}\x{3093}\x{306E}\x{3046}"
              LayoutRubyBase (anonymous) at (0,0) size 20x36
                LayoutInline {RB} at (0,0) size 19x34
                  LayoutText {#text} at (0,1) size 19x34
                    text run at (0,1) width 34: "\x{7169}\x{60A9}"
          LayoutText {#text} at (747,162) size 19x16
            text run at (747,162) width 16: "\x{3092}"
          LayoutRuby (inline) {RUBY} at (0,0) size 19x32
            LayoutRubyRun (anonymous) at (747,178) size 20x32
              LayoutRubyText {RT} at (-14,0) size 16x32
                LayoutText {#text} at (2,0) size 12x31
                  text run at (2,0) width 30: "\x{3052}\x{3060}\x{3064}"
              LayoutRubyBase (anonymous) at (0,0) size 20x32
                LayoutInline {RB} at (0,0) size 19x32
                  LayoutText {#text} at (0,0) size 19x32
                    text run at (0,0) width 32: "\x{89E3}\x{8131}"
          LayoutText {#text} at (747,210) size 19x176
            text run at (747,210) width 176: "\x{3059}\x{308B}\x{306E}\x{70B9}\x{306B}\x{304A}\x{3044}\x{3066}\x{3001}\x{304B}\x{304F}"
          LayoutRuby (inline) {RUBY} at (0,0) size 19x64
            LayoutRubyRun (anonymous) at (747,382) size 20x72
              LayoutRubyText {RT} at (-14,0) size 16x72
                LayoutText {#text} at (2,0) size 12x72
                  text run at (2,0) width 72: "\x{3057}\x{3087}\x{3046}\x{3058}\x{3087}\x{3046}\x{304B}\x{3044}"
              LayoutRubyBase (anonymous) at (0,0) size 20x72
                LayoutInline {RB} at (0,0) size 19x64
                  LayoutText {#text} at (0,4) size 19x64
                    text run at (0,4) width 64: "\x{6E05}\x{6D44}\x{754C}"
          LayoutText {#text} at (747,450) size 19x16
            text run at (747,450) width 16: "\x{306B}"
          LayoutRuby (inline) {RUBY} at (0,0) size 19x50
            LayoutRubyRun (anonymous) at (778,0) size 20x54
              LayoutRubyText {RT} at (-14,0) size 16x54
                LayoutText {#text} at (2,0) size 12x54
                  text run at (2,0) width 54: "\x{3057}\x{3085}\x{3064}\x{306B}\x{3085}\x{3046}"
              LayoutRubyBase (anonymous) at (0,0) size 20x54
                LayoutInline {RB} at (0,0) size 19x44
                  LayoutText {#text} at (0,5) size 19x44
                    text run at (0,5) width 43: "\x{51FA}\x{5165}"
          LayoutText {#text} at (778,50) size 19x224
            text run at (778,50) width 224: "\x{3057}\x{5F97}\x{308B}\x{306E}\x{70B9}\x{306B}\x{304A}\x{3044}\x{3066}\x{3001}\x{307E}\x{305F}\x{3053}\x{306E}"
          LayoutRuby (inline) {RUBY} at (0,0) size 19x64
            LayoutRubyRun (anonymous) at (778,274) size 20x64
              LayoutRubyText {RT} at (-14,0) size 16x64
                LayoutText {#text} at (2,1) size 12x61
                  text run at (2,1) width 60: "\x{3075}\x{3069}\x{3046}\x{3075}\x{3058}"
              LayoutRubyBase (anonymous) at (0,0) size 20x64
                LayoutInline {RB} at (0,0) size 19x64
                  LayoutText {#text} at (0,0) size 19x64
                    text run at (0,0) width 64: "\x{4E0D}\x{540C}\x{4E0D}\x{4E8C}"
          LayoutText {#text} at (778,338) size 19x16
            text run at (778,338) width 16: "\x{306E}"
          LayoutRuby (inline) {RUBY} at (0,0) size 19x34
            LayoutRubyRun (anonymous) at (778,353) size 20x36
              LayoutRubyText {RT} at (-14,0) size 16x36
                LayoutText {#text} at (2,0) size 12x36
                  text run at (2,0) width 36: "\x{3051}\x{3093}\x{3053}\x{3093}"
              LayoutRubyBase (anonymous) at (0,0) size 20x36
                LayoutInline {RB} at (0,0) size 19x34
                  LayoutText {#text} at (0,1) size 19x34
                    text run at (0,1) width 34: "\x{4E7E}\x{5764}"
          LayoutText {#text} at (778,388) size 19x16
            text run at (778,388) width 16: "\x{3092}"
          LayoutRuby (inline) {RUBY} at (0,0) size 19x39
            LayoutRubyRun (anonymous) at (778,401) size 20x45
              LayoutRubyText {RT} at (-14,0) size 16x45
                LayoutText {#text} at (2,0) size 12x45
                  text run at (2,0) width 45: "\x{3053}\x{3093}\x{308A}\x{3085}\x{3046}"
              LayoutRubyBase (anonymous) at (0,0) size 20x45
                LayoutInline {RB} at (0,0) size 19x39
                  LayoutText {#text} at (0,3) size 19x39
                    text run at (0,3) width 38: "\x{5EFA}\x{7ACB}"
          LayoutText {#text} at (778,443) size 50x491
            text run at (778,443) width 48: "\x{3057}\x{5F97}\x{308B}"
            text run at (809,0) width 112: "\x{306E}\x{70B9}\x{306B}\x{304A}\x{3044}\x{3066}\x{3001}"
          LayoutRuby (inline) {RUBY} at (0,0) size 19x64
            LayoutRubyRun (anonymous) at (809,112) size 20x64
              LayoutRubyText {RT} at (-14,0) size 16x64
                LayoutText {#text} at (2,1) size 12x61
                  text run at (2,1) width 60: "\x{304C}\x{308A}\x{3057}\x{3088}\x{304F}"
              LayoutRubyBase (anonymous) at (0,0) size 20x64
                LayoutInline {RB} at (0,0) size 19x64
                  LayoutText {#text} at (0,0) size 19x64
                    text run at (0,0) width 64: "\x{6211}\x{5229}\x{79C1}\x{617E}"
          LayoutText {#text} at (809,176) size 19x16
            text run at (809,176) width 16: "\x{306E}"
          LayoutRuby (inline) {RUBY} at (0,0) size 19x32
            LayoutRubyRun (anonymous) at (809,192) size 20x32
              LayoutRubyText {RT} at (-14,0) size 16x32
                LayoutText {#text} at (2,0) size 12x31
                  text run at (2,0) width 30: "\x{304D}\x{306F}\x{3093}"
              LayoutRubyBase (anonymous) at (0,0) size 20x32
                LayoutInline {RB} at (0,0) size 19x32
                  LayoutText {#text} at (0,0) size 19x32
                    text run at (0,0) width 32: "\x{898A}\x{7D46}"
          LayoutText {#text} at (809,224) size 19x16
            text run at (809,224) width 16: "\x{3092}"
          LayoutRuby (inline) {RUBY} at (0,0) size 19x34
            LayoutRubyRun (anonymous) at (809,239) size 20x36
              LayoutRubyText {RT} at (-14,0) size 16x36
                LayoutText {#text} at (2,0) size 12x36
                  text run at (2,0) width 36: "\x{305D}\x{3046}\x{3068}\x{3046}"
              LayoutRubyBase (anonymous) at (0,0) size 20x36
                LayoutInline {RB} at (0,0) size 19x34
                  LayoutText {#text} at (0,1) size 19x34
                    text run at (0,1) width 34: "\x{6383}\x{8569}"
          LayoutText {#text} at (809,274) size 19x176
            text run at (809,274) width 176: "\x{3059}\x{308B}\x{306E}\x{70B9}\x{306B}\x{304A}\x{3044}\x{3066}\x{3001}\x{2015}\x{2015}"
          LayoutRuby (inline) {RUBY} at (0,0) size 19x34
            LayoutRubyRun (anonymous) at (809,449) size 20x36
              LayoutRubyText {RT} at (-14,0) size 16x36
                LayoutText {#text} at (2,0) size 12x36
                  text run at (2,0) width 36: "\x{305B}\x{3093}\x{304D}\x{3093}"
              LayoutRubyBase (anonymous) at (0,0) size 20x36
                LayoutInline {RB} at (0,0) size 19x34
                  LayoutText {#text} at (0,1) size 19x34
                    text run at (0,1) width 34: "\x{5343}\x{91D1}"
          LayoutText {#text} at (809,484) size 50x500
            text run at (809,484) width 16: "\x{306E}"
            text run at (840,0) width 80: "\x{5B50}\x{3088}\x{308A}\x{3082}\x{3001}"
          LayoutRuby (inline) {RUBY} at (0,0) size 19x39
            LayoutRubyRun (anonymous) at (840,77) size 20x45
              LayoutRubyText {RT} at (-14,0) size 16x45
                LayoutText {#text} at (2,0) size 12x45
                  text run at (2,0) width 45: "\x{3070}\x{3093}\x{3058}\x{3087}\x{3046}"
              LayoutRubyBase (anonymous) at (0,0) size 20x45
                LayoutInline {RB} at (0,0) size 19x39
                  LayoutText {#text} at (0,3) size 19x39
                    text run at (0,3) width 38: "\x{4E07}\x{4E57}"
          LayoutText {#text} at (840,119) size 19x208
            text run at (840,119) width 208: "\x{306E}\x{541B}\x{3088}\x{308A}\x{3082}\x{3001}\x{3042}\x{3089}\x{3086}\x{308B}\x{4FD7}\x{754C}\x{306E}"
          LayoutRuby (inline) {RUBY} at (0,0) size 19x34
            LayoutRubyRun (anonymous) at (840,326) size 20x36
              LayoutRubyText {RT} at (-14,0) size 16x36
                LayoutText {#text} at (2,0) size 12x36
                  text run at (2,0) width 36: "\x{3061}\x{3087}\x{3046}\x{3058}"
              LayoutRubyBase (anonymous) at (0,0) size 20x36
                LayoutInline {RB} at (0,0) size 19x34
                  LayoutText {#text} at (0,1) size 19x34
                    text run at (0,1) width 34: "\x{5BF5}\x{5150}"
          LayoutText {#text} at (840,361) size 47x473
            text run at (840,361) width 112: "\x{3088}\x{308A}\x{3082}\x{5E78}\x{798F}\x{3067}\x{3042}"
            text run at (868,0) width 32: "\x{308B}\x{3002}"
          LayoutBR {BR} at (868,32) size 19x0
          LayoutText {#text} at (899,0) size 19x275
            text run at (899,0) width 275: "\x{3000}\x{4E16}\x{306B}\x{4F4F}\x{3080}\x{3053}\x{3068}\x{4E8C}\x{5341}\x{5E74}\x{306B}\x{3057}\x{3066}\x{3001}\x{4F4F}\x{3080}\x{306B}"
          LayoutRuby (inline) {RUBY} at (0,0) size 19x32
            LayoutRubyRun (anonymous) at (899,275) size 20x32
              LayoutRubyText {RT} at (-14,0) size 16x32
                LayoutText {#text} at (2,3) size 12x26
                  text run at (2,3) width 25: "\x{304B}\x{3044}"
              LayoutRubyBase (anonymous) at (0,0) size 20x32
                LayoutInline {RB} at (0,0) size 19x32
                  LayoutText {#text} at (0,0) size 19x32
                    text run at (0,0) width 32: "\x{7532}\x{6590}"
          LayoutText {#text} at (899,307) size 50x499
            text run at (899,307) width 192: "\x{3042}\x{308B}\x{4E16}\x{3068}\x{77E5}\x{3063}\x{305F}\x{3002}\x{4E8C}\x{5341}\x{4E94}\x{5E74}"
            text run at (930,0) width 96: "\x{306B}\x{3057}\x{3066}\x{660E}\x{6697}\x{306F}"
          LayoutRuby (inline) {RUBY} at (0,0) size 19x34
            LayoutRubyRun (anonymous) at (930,95) size 20x36
              LayoutRubyText {RT} at (-14,0) size 16x36
                LayoutText {#text} at (2,0) size 12x36
                  text run at (2,0) width 36: "\x{3072}\x{3087}\x{3046}\x{308A}"
              LayoutRubyBase (anonymous) at (0,0) size 20x36
                LayoutInline {RB} at (0,0) size 19x34
                  LayoutText {#text} at (0,1) size 19x34
                    text run at (0,1) width 34: "\x{8868}\x{88CF}"
          LayoutText {#text} at (930,130) size 50x498
            text run at (930,130) width 368: "\x{306E}\x{3054}\x{3068}\x{304F}\x{3001}\x{65E5}\x{306E}\x{3042}\x{305F}\x{308B}\x{6240}\x{306B}\x{306F}\x{304D}\x{3063}\x{3068}\x{5F71}\x{304C}\x{3055}\x{3059}\x{3068}\x{609F}\x{3063}"
            text run at (961,0) width 80: "\x{305F}\x{3002}\x{4E09}\x{5341}\x{306E}"
          LayoutRuby (inline) {RUBY} at (0,0) size 19x34
            LayoutRubyRun (anonymous) at (961,79) size 20x36
              LayoutRubyText {RT} at (-14,0) size 16x36
                LayoutText {#text} at (2,0) size 12x36
                  text run at (2,0) width 36: "\x{3053}\x{3093}\x{306B}\x{3061}"
              LayoutRubyBase (anonymous) at (0,0) size 20x36
                LayoutInline {RB} at (0,0) size 19x34
                  LayoutText {#text} at (0,1) size 19x34
                    text run at (0,1) width 34: "\x{4ECA}\x{65E5}"
          LayoutText {#text} at (961,114) size 19x288
            text run at (961,114) width 288: "\x{306F}\x{3053}\x{3046}\x{601D}\x{3046}\x{3066}\x{3044}\x{308B}\x{3002}\x{2015}\x{2015}\x{559C}\x{3073}\x{306E}\x{6DF1}\x{304D}\x{3068}\x{304D}"
          LayoutRuby (inline) {RUBY} at (0,0) size 19x19
            LayoutRubyRun (anonymous) at (961,398) size 20x27
              LayoutRubyText {RT} at (-14,0) size 16x27
                LayoutText {#text} at (2,0) size 12x27
                  text run at (2,0) width 27: "\x{3046}\x{308C}\x{3044}"
              LayoutRubyBase (anonymous) at (0,0) size 20x27
                LayoutInline {RB} at (0,0) size 19x17
                  LayoutText {#text} at (0,5) size 19x17
                    text run at (0,5) width 16: "\x{6182}"
          LayoutText {#text} at (961,421) size 50x501
            text run at (961,421) width 80: "\x{3044}\x{3088}\x{3044}\x{3088}\x{6DF1}"
            text run at (992,0) width 32: "\x{304F}\x{3001}"
          LayoutRuby (inline) {RUBY} at (0,0) size 19x19
            LayoutRubyRun (anonymous) at (992,28) size 20x27
              LayoutRubyText {RT} at (-14,0) size 16x27
                LayoutText {#text} at (2,0) size 12x27
                  text run at (2,0) width 27: "\x{305F}\x{306E}\x{3057}"
              LayoutRubyBase (anonymous) at (0,0) size 20x27
                LayoutInline {RB} at (0,0) size 19x17
                  LayoutText {#text} at (0,5) size 19x17
                    text run at (0,5) width 16: "\x{697D}"
          LayoutText {#text} at (992,51) size 50x499
            text run at (992,51) width 448: "\x{307F}\x{306E}\x{5927}\x{3044}\x{306A}\x{308B}\x{307B}\x{3069}\x{82E6}\x{3057}\x{307F}\x{3082}\x{5927}\x{304D}\x{3044}\x{3002}\x{3053}\x{308C}\x{3092}\x{5207}\x{308A}\x{653E}\x{305D}\x{3046}\x{3068}\x{3059}\x{308B}\x{3068}"
            text run at (1023,0) width 96: "\x{8EAB}\x{304C}\x{6301}\x{3066}\x{306C}\x{3002}"
          LayoutRuby (inline) {RUBY} at (0,0) size 19x16
            LayoutRubyRun (anonymous) at (1023,95) size 20x18
              LayoutRubyText {RT} at (-14,0) size 16x18
                LayoutText {#text} at (2,0) size 12x18
                  text run at (2,0) width 18: "\x{304B}\x{305F}"
              LayoutRubyBase (anonymous) at (0,0) size 20x18
                LayoutInline {RB} at (0,0) size 19x16
                  LayoutText {#text} at (0,1) size 19x16
                    text run at (0,1) width 16: "\x{7247}"
          LayoutText {#text} at (1023,112) size 50x496
            text run at (1023,112) width 384: "\x{3065}\x{3051}\x{3088}\x{3046}\x{3068}\x{3059}\x{308C}\x{3070}\x{4E16}\x{304C}\x{7ACB}\x{305F}\x{306C}\x{3002}\x{91D1}\x{306F}\x{5927}\x{4E8B}\x{3060}\x{3001}\x{5927}\x{4E8B}\x{306A}\x{3082}"
            text run at (1054,0) width 32: "\x{306E}\x{304C}"
          LayoutRuby (inline) {RUBY} at (0,0) size 19x16
            LayoutRubyRun (anonymous) at (1054,32) size 20x16
              LayoutRubyText {RT} at (-14,0) size 16x16
                LayoutText {#text} at (2,3) size 12x10
                  text run at (2,3) width 9: "\x{3075}"
              LayoutRubyBase (anonymous) at (0,0) size 20x16
                LayoutInline {RB} at (0,0) size 19x16
                  LayoutText {#text} at (0,0) size 19x16
                    text run at (0,0) width 16: "\x{6B96}"
          LayoutText {#text} at (1054,48) size 19x48
            text run at (1054,48) width 48: "\x{3048}\x{308C}\x{3070}"
          LayoutRuby (inline) {RUBY} at (0,0) size 19x16
            LayoutRubyRun (anonymous) at (1054,96) size 20x16
              LayoutRubyText {RT} at (-14,0) size 16x16
                LayoutText {#text} at (2,3) size 12x10
                  text run at (2,3) width 9: "\x{306D}"
              LayoutRubyBase (anonymous) at (0,0) size 20x16
                LayoutInline {RB} at (0,0) size 19x16
                  LayoutText {#text} at (0,0) size 19x16
                    text run at (0,0) width 16: "\x{5BDD}"
          LayoutText {#text} at (1054,112) size 19x16
            text run at (1054,112) width 16: "\x{308B}"
          LayoutRuby (inline) {RUBY} at (0,0) size 19x16
            LayoutRubyRun (anonymous) at (1054,128) size 20x16
              LayoutRubyText {RT} at (-14,0) size 16x16
                LayoutText {#text} at (2,3) size 12x10
                  text run at (2,3) width 9: "\x{307E}"
              LayoutRubyBase (anonymous) at (0,0) size 20x16
                LayoutInline {RB} at (0,0) size 19x16
                  LayoutText {#text} at (0,0) size 19x16
                    text run at (0,0) width 16: "\x{9593}"
          LayoutText {#text} at (1054,144) size 50x496
            text run at (1054,144) width 352: "\x{3082}\x{5FC3}\x{914D}\x{3060}\x{308D}\x{3046}\x{3002}\x{604B}\x{306F}\x{3046}\x{308C}\x{3057}\x{3044}\x{3001}\x{5B09}\x{3057}\x{3044}\x{604B}\x{304C}\x{7A4D}\x{3082}\x{308C}"
            text run at (1085,0) width 464: "\x{3070}\x{3001}\x{604B}\x{3092}\x{305B}\x{306C}\x{6614}\x{304C}\x{304B}\x{3048}\x{3063}\x{3066}\x{604B}\x{3057}\x{304B}\x{308D}\x{3002}\x{95A3}\x{50DA}\x{306E}\x{80A9}\x{306F}\x{6570}\x{767E}\x{4E07}\x{4EBA}\x{306E}\x{8DB3}\x{3092}"
          LayoutRuby (inline) {RUBY} at (0,0) size 19x16
            LayoutRubyRun (anonymous) at (1085,463) size 20x18
              LayoutRubyText {RT} at (-14,0) size 16x18
                LayoutText {#text} at (2,0) size 12x18
                  text run at (2,0) width 18: "\x{3055}\x{3055}"
              LayoutRubyBase (anonymous) at (0,0) size 20x18
                LayoutInline {RB} at (0,0) size 19x16
                  LayoutText {#text} at (0,1) size 19x16
                    text run at (0,1) width 16: "\x{652F}"
          LayoutText {#text} at (1085,480) size 50x496
            text run at (1085,480) width 16: "\x{3048}"
            text run at (1116,0) width 64: "\x{3066}\x{3044}\x{308B}\x{3002}"
          LayoutRuby (inline) {RUBY} at (0,0) size 19x32
            LayoutRubyRun (anonymous) at (1116,64) size 20x32
              LayoutRubyText {RT} at (-14,0) size 16x32
                LayoutText {#text} at (2,0) size 12x31
                  text run at (2,0) width 30: "\x{305B}\x{306A}\x{304B}"
              LayoutRubyBase (anonymous) at (0,0) size 20x32
                LayoutInline {RB} at (0,0) size 19x32
                  LayoutText {#text} at (0,0) size 19x32
                    text run at (0,0) width 32: "\x{80CC}\x{4E2D}"
          LayoutText {#text} at (1116,96) size 50x496
            text run at (1116,96) width 400: "\x{306B}\x{306F}\x{91CD}\x{3044}\x{5929}\x{4E0B}\x{304C}\x{304A}\x{3076}\x{3055}\x{3063}\x{3066}\x{3044}\x{308B}\x{3002}\x{3046}\x{307E}\x{3044}\x{7269}\x{3082}\x{98DF}\x{308F}\x{306D}\x{3070}\x{60DC}"
            text run at (1147,0) width 128: "\x{3057}\x{3044}\x{3002}\x{5C11}\x{3057}\x{98DF}\x{3048}\x{3070}"
          LayoutRuby (inline) {RUBY} at (0,0) size 19x16
            LayoutRubyRun (anonymous) at (1147,128) size 20x16
              LayoutRubyText {RT} at (-14,0) size 16x16
                LayoutText {#text} at (2,3) size 12x10
                  text run at (2,3) width 9: "\x{3042}"
              LayoutRubyBase (anonymous) at (0,0) size 20x16
                LayoutInline {RB} at (0,0) size 19x16
                  LayoutText {#text} at (0,0) size 19x16
                    text run at (0,0) width 16: "\x{98FD}"
          LayoutText {#text} at (1147,144) size 19x16
            text run at (1147,144) width 16: "\x{304D}"
          LayoutRuby (inline) {RUBY} at (0,0) size 19x16
            LayoutRubyRun (anonymous) at (1147,160) size 20x16
              LayoutRubyText {RT} at (-14,0) size 16x16
                LayoutText {#text} at (2,3) size 12x10
                  text run at (2,3) width 9: "\x{305F}"
              LayoutRubyBase (anonymous) at (0,0) size 20x16
                LayoutInline {RB} at (0,0) size 19x16
                  LayoutText {#text} at (0,0) size 19x16
                    text run at (0,0) width 16: "\x{8DB3}"
          LayoutText {#text} at (1147,176) size 19x288
            text run at (1147,176) width 288: "\x{3089}\x{306C}\x{3002}\x{5B58}\x{5206}\x{98DF}\x{3048}\x{3070}\x{3042}\x{3068}\x{304C}\x{4E0D}\x{6109}\x{5FEB}\x{3060}\x{3002}\x{2026}\x{2026}"
          LayoutBR {BR} at (1147,464) size 19x0
          LayoutText {#text} at (1178,0) size 19x19
            text run at (1178,0) width 19: "\x{3000}"
          LayoutRuby (inline) {RUBY} at (0,0) size 19x16
            LayoutRubyRun (anonymous) at (1178,19) size 20x16
              LayoutRubyText {RT} at (-14,0) size 16x16
                LayoutText {#text} at (2,3) size 12x10
                  text run at (2,3) width 9: "\x{3088}"
              LayoutRubyBase (anonymous) at (0,0) size 20x16
                LayoutInline {RB} at (0,0) size 19x16
                  LayoutText {#text} at (0,0) size 19x16
                    text run at (0,0) width 16: "\x{4F59}"
          LayoutText {#text} at (1178,35) size 19x16
            text run at (1178,35) width 16: "\x{306E}"
          LayoutRuby (inline) {RUBY} at (0,0) size 19x28
            LayoutRubyRun (anonymous) at (1178,47) size 20x36
              LayoutRubyText {RT} at (-14,0) size 16x36
                LayoutText {#text} at (2,0) size 12x36
                  text run at (2,0) width 36: "\x{304B}\x{3093}\x{304C}\x{3048}"
              LayoutRubyBase (anonymous) at (0,0) size 20x36
                LayoutInline {RB} at (0,0) size 19x16
                  LayoutText {#text} at (0,10) size 19x16
                    text run at (0,10) width 16: "\x{8003}"
          LayoutText {#text} at (1178,79) size 19x256
            text run at (1178,79) width 256: "\x{304C}\x{3053}\x{3053}\x{307E}\x{3067}\x{6F02}\x{6D41}\x{3057}\x{3066}\x{6765}\x{305F}\x{6642}\x{306B}\x{3001}\x{4F59}\x{306E}"
          LayoutRuby (inline) {RUBY} at (0,0) size 19x32
            LayoutRubyRun (anonymous) at (1178,335) size 20x32
              LayoutRubyText {RT} at (-14,0) size 16x32
                LayoutText {#text} at (2,0) size 12x31
                  text run at (2,0) width 30: "\x{3046}\x{305D}\x{304F}"
              LayoutRubyBase (anonymous) at (0,0) size 20x32
                LayoutInline {RB} at (0,0) size 19x32
                  LayoutText {#text} at (0,0) size 19x32
                    text run at (0,0) width 32: "\x{53F3}\x{8DB3}"
          LayoutText {#text} at (1178,367) size 19x48
            text run at (1178,367) width 48: "\x{306F}\x{7A81}\x{7136}"
          LayoutRuby (inline) {RUBY} at (0,0) size 19x16
            LayoutRubyRun (anonymous) at (1178,414) size 20x18
              LayoutRubyText {RT} at (-14,0) size 16x18
                LayoutText {#text} at (2,0) size 12x18
                  text run at (2,0) width 18: "\x{3059}\x{308F}"
              LayoutRubyBase (anonymous) at (0,0) size 20x18
                LayoutInline {RB} at (0,0) size 19x16
                  LayoutText {#text} at (0,1) size 19x16
                    text run at (0,1) width 16: "\x{5750}"
          LayoutText {#text} at (1178,431) size 50x495
            text run at (1178,431) width 64: "\x{308A}\x{306E}\x{308F}\x{308B}"
            text run at (1209,0) width 16: "\x{3044}"
          LayoutRuby (inline) {RUBY} at (0,0) size 19x34
            LayoutRubyRun (anonymous) at (1209,15) size 20x36
              LayoutRubyText {RT} at (-14,0) size 16x36
                LayoutText {#text} at (2,0) size 12x36
                  text run at (2,0) width 36: "\x{304B}\x{304F}\x{3044}\x{3057}"
              LayoutRubyBase (anonymous) at (0,0) size 20x36
                LayoutInline {RB} at (0,0) size 19x34
                  LayoutText {#text} at (0,1) size 19x34
                    text run at (0,1) width 34: "\x{89D2}\x{77F3}"
          LayoutText {#text} at (1209,50) size 19x16
            text run at (1209,50) width 16: "\x{306E}"
          LayoutRuby (inline) {RUBY} at (0,0) size 19x16
            LayoutRubyRun (anonymous) at (1209,65) size 20x18
              LayoutRubyText {RT} at (-14,0) size 16x18
                LayoutText {#text} at (2,0) size 12x18
                  text run at (2,0) width 18: "\x{306F}\x{3057}"
              LayoutRubyBase (anonymous) at (0,0) size 20x18
                LayoutInline {RB} at (0,0) size 19x16
                  LayoutText {#text} at (0,1) size 19x16
                    text run at (0,1) width 16: "\x{7AEF}"
          LayoutText {#text} at (1209,82) size 19x48
            text run at (1209,82) width 48: "\x{3092}\x{8E0F}\x{307F}"
          LayoutRuby (inline) {RUBY} at (0,0) size 19x16
            LayoutRubyRun (anonymous) at (1209,130) size 20x16
              LayoutRubyText {RT} at (-14,0) size 16x16
                LayoutText {#text} at (2,3) size 12x10
                  text run at (2,3) width 9: "\x{305D}"
              LayoutRubyBase (anonymous) at (0,0) size 20x16
                LayoutInline {RB} at (0,0) size 19x16
                  LayoutText {#text} at (0,0) size 19x16
                    text run at (0,0) width 16: "\x{640D}"
          LayoutText {#text} at (1209,146) size 19x80
            text run at (1209,146) width 80: "\x{304F}\x{306A}\x{3063}\x{305F}\x{3002}"
          LayoutRuby (inline) {RUBY} at (0,0) size 19x34
            LayoutRubyRun (anonymous) at (1209,225) size 20x36
              LayoutRubyText {RT} at (-14,0) size 16x36
                LayoutText {#text} at (2,0) size 12x36
                  text run at (2,0) width 36: "\x{3078}\x{3044}\x{3053}\x{3046}"
              LayoutRubyBase (anonymous) at (0,0) size 20x36
                LayoutInline {RB} at (0,0) size 19x34
                  LayoutText {#text} at (0,1) size 19x34
                    text run at (0,1) width 34: "\x{5E73}\x{8861}"
          LayoutText {#text} at (1209,260) size 50x500
            text run at (1209,260) width 240: "\x{3092}\x{4FDD}\x{3064}\x{305F}\x{3081}\x{306B}\x{3001}\x{3059}\x{308F}\x{3084}\x{3068}\x{524D}\x{306B}\x{98DB}\x{3073}"
            text run at (1240,0) width 48: "\x{51FA}\x{3057}\x{305F}"
          LayoutRuby (inline) {RUBY} at (0,0) size 19x32
            LayoutRubyRun (anonymous) at (1240,48) size 20x32
              LayoutRubyText {RT} at (-14,0) size 16x32
                LayoutText {#text} at (2,0) size 12x31
                  text run at (2,0) width 30: "\x{3055}\x{305D}\x{304F}"
              LayoutRubyBase (anonymous) at (0,0) size 20x32
                LayoutInline {RB} at (0,0) size 19x32
                  LayoutText {#text} at (0,0) size 19x32
                    text run at (0,0) width 32: "\x{5DE6}\x{8DB3}"
          LayoutText {#text} at (1240,80) size 19x32
            text run at (1240,80) width 32: "\x{304C}\x{3001}"
          LayoutRuby (inline) {RUBY} at (0,0) size 19x32
            LayoutRubyRun (anonymous) at (1240,112) size 20x32
              LayoutRubyText {RT} at (-14,0) size 16x32
                LayoutText {#text} at (2,0) size 12x31
                  text run at (2,0) width 30: "\x{3057}\x{305D}\x{3093}"
              LayoutRubyBase (anonymous) at (0,0) size 20x32
                LayoutInline {RB} at (0,0) size 19x32
                  LayoutText {#text} at (0,0) size 19x32
                    text run at (0,0) width 32: "\x{4ED5}\x{640D}"
          LayoutText {#text} at (1240,144) size 19x32
            text run at (1240,144) width 32: "\x{3058}\x{306E}"
          LayoutRuby (inline) {RUBY} at (0,0) size 19x16
            LayoutRubyRun (anonymous) at (1240,176) size 20x16
              LayoutRubyText {RT} at (-14,0) size 16x16
                LayoutText {#text} at (2,3) size 12x10
                  text run at (2,3) width 9: "\x{3046}"
              LayoutRubyBase (anonymous) at (0,0) size 20x16
                LayoutInline {RB} at (0,0) size 19x16
                  LayoutText {#text} at (0,0) size 19x16
                    text run at (0,0) width 16: "\x{57CB}"
          LayoutText {#text} at (1240,192) size 19x16
            text run at (1240,192) width 16: "\x{3081}"
          LayoutRuby (inline) {RUBY} at (0,0) size 19x16
            LayoutRubyRun (anonymous) at (1240,207) size 20x18
              LayoutRubyText {RT} at (-14,0) size 16x18
                LayoutText {#text} at (2,0) size 12x18
                  text run at (2,0) width 18: "\x{3042}\x{308F}"
              LayoutRubyBase (anonymous) at (0,0) size 20x18
                LayoutInline {RB} at (0,0) size 19x16
                  LayoutText {#text} at (0,1) size 19x16
                    text run at (0,1) width 16: "\x{5408}"
          LayoutText {#text} at (1240,224) size 19x256
            text run at (1240,224) width 256: "\x{305B}\x{3092}\x{3059}\x{308B}\x{3068}\x{5171}\x{306B}\x{3001}\x{4F59}\x{306E}\x{8170}\x{306F}\x{5177}\x{5408}\x{3088}\x{304F}"
          LayoutRuby (inline) {RUBY} at (0,0) size 19x17
            LayoutRubyRun (anonymous) at (1240,479) size 20x18
              LayoutRubyText {RT} at (-14,0) size 16x18
                LayoutText {#text} at (2,0) size 12x18
                  text run at (2,0) width 18: "\x{307B}\x{3046}"
              LayoutRubyBase (anonymous) at (0,0) size 20x18
                LayoutInline {RB} at (0,0) size 19x16
                  LayoutText {#text} at (0,1) size 19x16
                    text run at (0,1) width 16: "\x{65B9}"
          LayoutText {#text} at (1271,0) size 19x144
            text run at (1271,0) width 144: "\x{4E09}\x{5C3A}\x{307B}\x{3069}\x{306A}\x{5CA9}\x{306E}\x{4E0A}\x{306B}"
          LayoutRuby (inline) {RUBY} at (0,0) size 19x16
            LayoutRubyRun (anonymous) at (1271,144) size 20x16
              LayoutRubyText {RT} at (-14,0) size 16x16
                LayoutText {#text} at (2,3) size 12x10
                  text run at (2,3) width 9: "\x{304A}"
              LayoutRubyBase (anonymous) at (0,0) size 20x16
                LayoutInline {RB} at (0,0) size 19x16
                  LayoutText {#text} at (0,0) size 19x16
                    text run at (0,0) width 16: "\x{5378}"
          LayoutText {#text} at (1271,160) size 19x208
            text run at (1271,160) width 208: "\x{308A}\x{305F}\x{3002}\x{80A9}\x{306B}\x{304B}\x{3051}\x{305F}\x{7D75}\x{306E}\x{5177}\x{7BB1}\x{304C}"
          LayoutRuby (inline) {RUBY} at (0,0) size 19x16
            LayoutRubyRun (anonymous) at (1271,367) size 20x18
              LayoutRubyText {RT} at (-14,0) size 16x18
                LayoutText {#text} at (2,0) size 12x18
                  text run at (2,0) width 18: "\x{308F}\x{304D}"
              LayoutRubyBase (anonymous) at (0,0) size 20x18
                LayoutInline {RB} at (0,0) size 19x16
                  LayoutText {#text} at (0,1) size 19x16
                    text run at (0,1) width 16: "\x{814B}"
          LayoutText {#text} at (1271,384) size 19x64
            text run at (1271,384) width 64: "\x{306E}\x{4E0B}\x{304B}\x{3089}"
          LayoutRuby (inline) {RUBY} at (0,0) size 19x16
            LayoutRubyRun (anonymous) at (1271,447) size 20x18
              LayoutRubyText {RT} at (-14,0) size 16x18
                LayoutText {#text} at (2,0) size 12x18
                  text run at (2,0) width 18: "\x{304A}\x{3069}"
              LayoutRubyBase (anonymous) at (0,0) size 20x18
                LayoutInline {RB} at (0,0) size 19x16
                  LayoutText {#text} at (0,1) size 19x16
                    text run at (0,1) width 16: "\x{8E8D}"
          LayoutText {#text} at (1271,464) size 50x496
            text run at (1271,464) width 32: "\x{308A}\x{51FA}"
            text run at (1302,0) width 144: "\x{3057}\x{305F}\x{3060}\x{3051}\x{3067}\x{3001}\x{5E78}\x{3044}\x{3068}"
          LayoutRuby (inline) {RUBY} at (0,0) size 19x16
            LayoutRubyRun (anonymous) at (1302,143) size 20x18
              LayoutRubyText {RT} at (-14,0) size 16x18
                LayoutText {#text} at (2,0) size 12x18
                  text run at (2,0) width 18: "\x{306A}\x{3093}"
              LayoutRubyBase (anonymous) at (0,0) size 20x18
                LayoutInline {RB} at (0,0) size 19x16
                  LayoutText {#text} at (0,1) size 19x16
                    text run at (0,1) width 16: "\x{4F55}"
          LayoutText {#text} at (1302,160) size 19x128
            text run at (1302,160) width 128: "\x{306E}\x{4E8B}\x{3082}\x{306A}\x{304B}\x{3063}\x{305F}\x{3002}"
          LayoutBR {BR} at (1302,288) size 19x0
          LayoutText {#text} at (1333,0) size 19x243
            text run at (1333,0) width 243: "\x{3000}\x{7ACB}\x{3061}\x{4E0A}\x{304C}\x{308B}\x{6642}\x{306B}\x{5411}\x{3046}\x{3092}\x{898B}\x{308B}\x{3068}\x{3001}"
          LayoutRuby (inline) {RUBY} at (0,0) size 19x16
            LayoutRubyRun (anonymous) at (1333,242) size 20x18
              LayoutRubyText {RT} at (-14,0) size 16x18
                LayoutText {#text} at (2,0) size 12x18
                  text run at (2,0) width 18: "\x{307F}\x{3061}"
              LayoutRubyBase (anonymous) at (0,0) size 20x18
                LayoutInline {RB} at (0,0) size 19x16
                  LayoutText {#text} at (0,1) size 19x16
                    text run at (0,1) width 16: "\x{8DEF}"
          LayoutText {#text} at (1333,259) size 50x499
            text run at (1333,259) width 240: "\x{304B}\x{3089}\x{5DE6}\x{306E}\x{65B9}\x{306B}\x{30D0}\x{30B1}\x{30C4}\x{3092}\x{4F0F}\x{305B}\x{305F}\x{3088}\x{3046}"
            text run at (1364,0) width 48: "\x{306A}\x{5CF0}\x{304C}"
          LayoutRuby (inline) {RUBY} at (0,0) size 19x16
            LayoutRubyRun (anonymous) at (1364,47) size 20x18
              LayoutRubyText {RT} at (-14,0) size 16x18
                LayoutText {#text} at (2,0) size 12x18
                  text run at (2,0) width 18: "\x{305D}\x{3073}"
              LayoutRubyBase (anonymous) at (0,0) size 20x18
                LayoutInline {RB} at (0,0) size 19x16
                  LayoutText {#text} at (0,1) size 19x16
                    text run at (0,1) width 16: "\x{8073}"
          LayoutText {#text} at (1364,64) size 19x112
            text run at (1364,64) width 112: "\x{3048}\x{3066}\x{3044}\x{308B}\x{3002}\x{6749}\x{304B}"
          LayoutRuby (inline) {RUBY} at (0,0) size 19x19
            LayoutRubyRun (anonymous) at (1364,172) size 20x27
              LayoutRubyText {RT} at (-14,0) size 16x27
                LayoutText {#text} at (2,0) size 12x27
                  text run at (2,0) width 27: "\x{3072}\x{306E}\x{304D}"
              LayoutRubyBase (anonymous) at (0,0) size 20x27
                LayoutInline {RB} at (0,0) size 19x17
                  LayoutText {#text} at (0,5) size 19x17
                    text run at (0,5) width 16: "\x{6A9C}"
          LayoutText {#text} at (1364,195) size 19x112
            text run at (1364,195) width 112: "\x{304B}\x{5206}\x{304B}\x{3089}\x{306A}\x{3044}\x{304C}"
          LayoutRuby (inline) {RUBY} at (0,0) size 19x32
            LayoutRubyRun (anonymous) at (1364,307) size 20x32
              LayoutRubyText {RT} at (-14,0) size 16x32
                LayoutText {#text} at (2,0) size 12x31
                  text run at (2,0) width 30: "\x{306D}\x{3082}\x{3068}"
              LayoutRubyBase (anonymous) at (0,0) size 20x32
                LayoutInline {RB} at (0,0) size 19x32
                  LayoutText {#text} at (0,0) size 19x32
                    text run at (0,0) width 32: "\x{6839}\x{5143}"
          LayoutText {#text} at (1364,339) size 19x32
            text run at (1364,339) width 32: "\x{304B}\x{3089}"
          LayoutRuby (inline) {RUBY} at (0,0) size 19x19
            LayoutRubyRun (anonymous) at (1364,367) size 20x27
              LayoutRubyText {RT} at (-14,0) size 16x27
                LayoutText {#text} at (2,0) size 12x27
                  text run at (2,0) width 27: "\x{3044}\x{305F}\x{3060}"
              LayoutRubyBase (anonymous) at (0,0) size 20x27
                LayoutInline {RB} at (0,0) size 19x17
                  LayoutText {#text} at (0,5) size 19x17
                    text run at (0,5) width 16: "\x{9802}"
          LayoutText {#text} at (1364,390) size 50x502
            text run at (1364,390) width 112: "\x{304D}\x{307E}\x{3067}\x{3053}\x{3068}\x{3054}\x{3068}"
            text run at (1395,0) width 16: "\x{304F}"
          LayoutRuby (inline) {RUBY} at (0,0) size 19x34
            LayoutRubyRun (anonymous) at (1395,15) size 20x36
              LayoutRubyText {RT} at (-14,0) size 16x36
                LayoutText {#text} at (2,0) size 12x36
                  text run at (2,0) width 36: "\x{3042}\x{304A}\x{3050}\x{308D}"
              LayoutRubyBase (anonymous) at (0,0) size 20x36
                LayoutInline {RB} at (0,0) size 19x34
                  LayoutText {#text} at (0,1) size 19x34
                    text run at (0,1) width 34: "\x{84BC}\x{9ED2}"
          LayoutText {#text} at (1395,50) size 19x240
            text run at (1395,50) width 240: "\x{3044}\x{4E2D}\x{306B}\x{3001}\x{5C71}\x{685C}\x{304C}\x{8584}\x{8D64}\x{304F}\x{3060}\x{3093}\x{3060}\x{3089}\x{306B}"
          LayoutRuby (inline) {RUBY} at (0,0) size 19x32
            LayoutRubyRun (anonymous) at (1395,290) size 20x32
              LayoutRubyText {RT} at (-14,0) size 16x32
                LayoutText {#text} at (2,0) size 12x31
                  text run at (2,0) width 30: "\x{305F}\x{306A}\x{3073}"
              LayoutRubyBase (anonymous) at (0,0) size 20x32
                LayoutInline {RB} at (0,0) size 19x32
                  LayoutText {#text} at (0,0) size 19x32
                    text run at (0,0) width 32: "\x{68DA}\x{5F15}"
          LayoutText {#text} at (1395,322) size 19x48
            text run at (1395,322) width 48: "\x{3044}\x{3066}\x{3001}"
          LayoutRuby (inline) {RUBY} at (0,0) size 19x16
            LayoutRubyRun (anonymous) at (1395,370) size 20x16
              LayoutRubyText {RT} at (-14,0) size 16x16
                LayoutText {#text} at (2,3) size 12x10
                  text run at (2,3) width 9: "\x{3064}"
              LayoutRubyBase (anonymous) at (0,0) size 20x16
                LayoutInline {RB} at (0,0) size 19x16
                  LayoutText {#text} at (0,0) size 19x16
                    text run at (0,0) width 16: "\x{7D9A}"
          LayoutText {#text} at (1395,386) size 19x16
            text run at (1395,386) width 16: "\x{304E}"
          LayoutRuby (inline) {RUBY} at (0,0) size 19x16
            LayoutRubyRun (anonymous) at (1395,402) size 20x16
              LayoutRubyText {RT} at (-14,0) size 16x16
                LayoutText {#text} at (2,3) size 12x10
                  text run at (2,3) width 9: "\x{3081}"
              LayoutRubyBase (anonymous) at (0,0) size 20x16
                LayoutInline {RB} at (0,0) size 19x16
                  LayoutText {#text} at (0,0) size 19x16
                    text run at (0,0) width 16: "\x{76EE}"
          LayoutText {#text} at (1395,418) size 19x16
            text run at (1395,418) width 16: "\x{304C}"
          LayoutRuby (inline) {RUBY} at (0,0) size 19x16
            LayoutRubyRun (anonymous) at (1395,433) size 20x18
              LayoutRubyText {RT} at (-14,0) size 16x18
                LayoutText {#text} at (2,0) size 12x18
                  text run at (2,0) width 18: "\x{3057}\x{304B}"
              LayoutRubyBase (anonymous) at (0,0) size 20x18
                LayoutInline {RB} at (0,0) size 19x16
                  LayoutText {#text} at (0,1) size 19x16
                    text run at (0,1) width 16: "\x{78BA}"
          LayoutText {#text} at (1395,450) size 50x498
            text run at (1395,450) width 48: "\x{3068}\x{898B}\x{3048}"
            text run at (1426,0) width 64: "\x{306C}\x{304F}\x{3089}\x{3044}"
          LayoutRuby (inline) {RUBY} at (0,0) size 19x16
            LayoutRubyRun (anonymous) at (1426,63) size 20x18
              LayoutRubyText {RT} at (-14,0) size 16x18
                LayoutText {#text} at (2,0) size 12x18
                  text run at (2,0) width 18: "\x{3082}\x{3084}"
              LayoutRubyBase (anonymous) at (0,0) size 20x18
                LayoutInline {RB} at (0,0) size 19x16
                  LayoutText {#text} at (0,1) size 19x16
                    text run at (0,1) width 16: "\x{9744}"
          LayoutText {#text} at (1426,80) size 19x144
            text run at (1426,80) width 144: "\x{304C}\x{6FC3}\x{3044}\x{3002}\x{5C11}\x{3057}\x{624B}\x{524D}\x{306B}"
          LayoutRuby (inline) {RUBY} at (0,0) size 19x34
            LayoutRubyRun (anonymous) at (1426,223) size 20x36
              LayoutRubyText {RT} at (-14,0) size 16x36
                LayoutText {#text} at (2,0) size 12x36
                  text run at (2,0) width 36: "\x{306F}\x{3052}\x{3084}\x{307E}"
              LayoutRubyBase (anonymous) at (0,0) size 20x36
                LayoutInline {RB} at (0,0) size 19x34
                  LayoutText {#text} at (0,1) size 19x34
                    text run at (0,1) width 34: "\x{79BF}\x{5C71}"
          LayoutText {#text} at (1426,258) size 19x64
            text run at (1426,258) width 64: "\x{304C}\x{4E00}\x{3064}\x{3001}"
          LayoutRuby (inline) {RUBY} at (0,0) size 19x16
            LayoutRubyRun (anonymous) at (1426,321) size 20x18
              LayoutRubyText {RT} at (-14,0) size 16x18
                LayoutText {#text} at (2,0) size 12x18
                  text run at (2,0) width 18: "\x{3050}\x{3093}"
              LayoutRubyBase (anonymous) at (0,0) size 20x18
                LayoutInline {RB} at (0,0) size 19x16
                  LayoutText {#text} at (0,1) size 19x16
                    text run at (0,1) width 16: "\x{7FA4}"
          LayoutText {#text} at (1426,338) size 19x96
            text run at (1426,338) width 96: "\x{3092}\x{306C}\x{304D}\x{3093}\x{3067}\x{3066}"
          LayoutRuby (inline) {RUBY} at (0,0) size 19x16
            LayoutRubyRun (anonymous) at (1426,433) size 20x18
              LayoutRubyText {RT} at (-14,0) size 16x18
                LayoutText {#text} at (2,0) size 12x18
                  text run at (2,0) width 18: "\x{307E}\x{3086}"
              LayoutRubyBase (anonymous) at (0,0) size 20x18
                LayoutInline {RB} at (0,0) size 19x16
                  LayoutText {#text} at (0,1) size 19x16
                    text run at (0,1) width 16: "\x{7709}"
          LayoutText {#text} at (1426,450) size 19x16
            text run at (1426,450) width 16: "\x{306B}"
          LayoutRuby (inline) {RUBY} at (0,0) size 19x17
            LayoutRubyRun (anonymous) at (1426,465) size 20x18
              LayoutRubyText {RT} at (-14,0) size 16x18
                LayoutText {#text} at (2,0) size 12x18
                  text run at (2,0) width 18: "\x{305B}\x{307E}"
              LayoutRubyBase (anonymous) at (0,0) size 20x18
                LayoutInline {RB} at (0,0) size 19x16
                  LayoutText {#text} at (0,1) size 19x16
                    text run at (0,1) width 16: "\x{903C}"
          LayoutText {#text} at (1457,0) size 19x32
            text run at (1457,0) width 32: "\x{308B}\x{3002}"
          LayoutRuby (inline) {RUBY} at (0,0) size 19x16
            LayoutRubyRun (anonymous) at (1457,32) size 20x16
              LayoutRubyText {RT} at (-14,0) size 16x16
                LayoutText {#text} at (2,3) size 12x10
                  text run at (2,3) width 9: "\x{306F}"
              LayoutRubyBase (anonymous) at (0,0) size 20x16
                LayoutInline {RB} at (0,0) size 19x16
                  LayoutText {#text} at (0,0) size 19x16
                    text run at (0,0) width 16: "\x{79BF}"
          LayoutText {#text} at (1457,48) size 19x128
            text run at (1457,48) width 128: "\x{3052}\x{305F}\x{5074}\x{9762}\x{306F}\x{5DE8}\x{4EBA}\x{306E}"
          LayoutRuby (inline) {RUBY} at (0,0) size 19x16
            LayoutRubyRun (anonymous) at (1457,175) size 20x18
              LayoutRubyText {RT} at (-14,0) size 16x18
                LayoutText {#text} at (2,0) size 12x18
                  text run at (2,0) width 18: "\x{304A}\x{306E}"
              LayoutRubyBase (anonymous) at (0,0) size 20x18
                LayoutInline {RB} at (0,0) size 19x16
                  LayoutText {#text} at (0,1) size 19x16
                    text run at (0,1) width 16: "\x{65A7}"
          LayoutText {#text} at (1457,192) size 19x16
            text run at (1457,192) width 16: "\x{3067}"
          LayoutRuby (inline) {RUBY} at (0,0) size 19x16
            LayoutRubyRun (anonymous) at (1457,207) size 20x18
              LayoutRubyText {RT} at (-14,0) size 16x18
                LayoutText {#text} at (2,0) size 12x18
                  text run at (2,0) width 18: "\x{3051}\x{305A}"
              LayoutRubyBase (anonymous) at (0,0) size 20x18
                LayoutInline {RB} at (0,0) size 19x16
                  LayoutText {#text} at (0,1) size 19x16
                    text run at (0,1) width 16: "\x{524A}"
          LayoutText {#text} at (1457,224) size 50x496
            text run at (1457,224) width 272: "\x{308A}\x{53BB}\x{3063}\x{305F}\x{304B}\x{3001}\x{92ED}\x{3069}\x{304D}\x{5E73}\x{9762}\x{3092}\x{3084}\x{3051}\x{306B}\x{8C37}\x{306E}"
            text run at (1488,0) width 32: "\x{5E95}\x{306B}"
          LayoutRuby (inline) {RUBY} at (0,0) size 19x16
            LayoutRubyRun (anonymous) at (1488,31) size 20x18
              LayoutRubyText {RT} at (-14,0) size 16x18
                LayoutText {#text} at (2,0) size 12x18
                  text run at (2,0) width 18: "\x{3046}\x{305A}"
              LayoutRubyBase (anonymous) at (0,0) size 20x18
                LayoutInline {RB} at (0,0) size 19x16
                  LayoutText {#text} at (0,1) size 19x16
                    text run at (0,1) width 16: "\x{57CB}"
          LayoutText {#text} at (1488,48) size 19x80
            text run at (1488,48) width 80: "\x{3081}\x{3066}\x{3044}\x{308B}\x{3002}"
          LayoutRuby (inline) {RUBY} at (0,0) size 19x34
            LayoutRubyRun (anonymous) at (1488,127) size 20x36
              LayoutRubyText {RT} at (-14,0) size 16x36
                LayoutText {#text} at (2,0) size 12x36
                  text run at (2,0) width 36: "\x{3066}\x{3063}\x{307A}\x{3093}"
              LayoutRubyBase (anonymous) at (0,0) size 20x36
                LayoutInline {RB} at (0,0) size 19x34
                  LayoutText {#text} at (0,1) size 19x34
                    text run at (0,1) width 34: "\x{5929}\x{8FBA}"
          LayoutText {#text} at (1488,162) size 19x336
            text run at (1488,162) width 336: "\x{306B}\x{4E00}\x{672C}\x{898B}\x{3048}\x{308B}\x{306E}\x{306F}\x{8D64}\x{677E}\x{3060}\x{308D}\x{3046}\x{3002}\x{679D}\x{306E}\x{9593}\x{306E}\x{7A7A}\x{3055}\x{3048}"
          LayoutRuby (inline) {RUBY} at (0,0) size 19x35
            LayoutRubyRun (anonymous) at (1519,0) size 20x36
              LayoutRubyText {RT} at (-14,0) size 16x36
                LayoutText {#text} at (2,0) size 12x36
                  text run at (2,0) width 36: "\x{306F}\x{3063}\x{304D}\x{308A}"
              LayoutRubyBase (anonymous) at (0,0) size 20x36
                LayoutInline {RB} at (0,0) size 19x34
                  LayoutText {#text} at (0,1) size 19x34
                    text run at (0,1) width 34: "\x{5224}\x{7136}"
          LayoutText {#text} at (1519,35) size 19x448
            text run at (1519,35) width 448: "\x{3057}\x{3066}\x{3044}\x{308B}\x{3002}\x{884C}\x{304F}\x{624B}\x{306F}\x{4E8C}\x{4E01}\x{307B}\x{3069}\x{3067}\x{5207}\x{308C}\x{3066}\x{3044}\x{308B}\x{304C}\x{3001}\x{9AD8}\x{3044}\x{6240}\x{304B}\x{3089}\x{8D64}\x{3044}"
          LayoutRuby (inline) {RUBY} at (0,0) size 19x32
            LayoutRubyRun (anonymous) at (1550,0) size 20x32
              LayoutRubyText {RT} at (-14,0) size 16x32
                LayoutText {#text} at (2,0) size 12x31
                  text run at (2,0) width 30: "\x{3051}\x{3063}\x{3068}"
              LayoutRubyBase (anonymous) at (0,0) size 20x32
                LayoutInline {RB} at (0,0) size 19x32
                  LayoutText {#text} at (0,0) size 19x32
                    text run at (0,0) width 32: "\x{6BDB}\x{5E03}"
          LayoutText {#text} at (1550,32) size 50x496
            text run at (1550,32) width 464: "\x{304C}\x{52D5}\x{3044}\x{3066}\x{6765}\x{308B}\x{306E}\x{3092}\x{898B}\x{308B}\x{3068}\x{3001}\x{767B}\x{308C}\x{3070}\x{3042}\x{3059}\x{3053}\x{3078}\x{51FA}\x{308B}\x{306E}\x{3060}\x{308D}\x{3046}\x{3002}\x{8DEF}\x{306F}\x{3059}"
            text run at (1581,0) width 48: "\x{3053}\x{3076}\x{308B}"
          LayoutRuby (inline) {RUBY} at (0,0) size 19x32
            LayoutRubyRun (anonymous) at (1581,48) size 20x32
              LayoutRubyText {RT} at (-14,0) size 16x32
                LayoutText {#text} at (2,0) size 12x31
                  text run at (2,0) width 30: "\x{306A}\x{3093}\x{304E}"
              LayoutRubyBase (anonymous) at (0,0) size 20x32
                LayoutInline {RB} at (0,0) size 19x32
                  LayoutText {#text} at (0,0) size 19x32
                    text run at (0,0) width 32: "\x{96E3}\x{7FA9}"
          LayoutText {#text} at (1581,80) size 19x32
            text run at (1581,80) width 32: "\x{3060}\x{3002}"
          LayoutBR {BR} at (1581,112) size 19x0
          LayoutText {#text} at (1612,0) size 19x211
            text run at (1612,0) width 211: "\x{3000}\x{571F}\x{3092}\x{306A}\x{3089}\x{3059}\x{3060}\x{3051}\x{306A}\x{3089}\x{3055}\x{307B}\x{3069}"
          LayoutRuby (inline) {RUBY} at (0,0) size 19x32
            LayoutRubyRun (anonymous) at (1612,211) size 20x32
              LayoutRubyText {RT} at (-14,0) size 16x32
                LayoutText {#text} at (2,3) size 12x26
                  text run at (2,3) width 25: "\x{3066}\x{307E}"
              LayoutRubyBase (anonymous) at (0,0) size 20x32
                LayoutInline {RB} at (0,0) size 19x32
                  LayoutText {#text} at (0,0) size 19x32
                    text run at (0,0) width 32: "\x{624B}\x{9593}"
          LayoutText {#text} at (1612,243) size 19x16
            text run at (1612,243) width 16: "\x{3082}"
          LayoutRuby (inline) {RUBY} at (0,0) size 19x16
            LayoutRubyRun (anonymous) at (1612,259) size 20x16
              LayoutRubyText {RT} at (-14,0) size 16x16
                LayoutText {#text} at (2,3) size 12x10
                  text run at (2,3) width 9: "\x{3044}"
              LayoutRubyBase (anonymous) at (0,0) size 20x16
                LayoutInline {RB} at (0,0) size 19x16
                  LayoutText {#text} at (0,0) size 19x16
                    text run at (0,0) width 16: "\x{5165}"
          LayoutText {#text} at (1612,275) size 50x499
            text run at (1612,275) width 224: "\x{308B}\x{307E}\x{3044}\x{304C}\x{3001}\x{571F}\x{306E}\x{4E2D}\x{306B}\x{306F}\x{5927}\x{304D}\x{306A}\x{77F3}"
            text run at (1643,0) width 96: "\x{304C}\x{3042}\x{308B}\x{3002}\x{571F}\x{306F}"
          LayoutRuby (inline) {RUBY} at (0,0) size 19x16
            LayoutRubyRun (anonymous) at (1643,95) size 20x18
              LayoutRubyText {RT} at (-14,0) size 16x18
                LayoutText {#text} at (2,0) size 12x18
                  text run at (2,0) width 18: "\x{305F}\x{3044}"
              LayoutRubyBase (anonymous) at (0,0) size 20x18
                LayoutInline {RB} at (0,0) size 19x16
                  LayoutText {#text} at (0,1) size 19x16
                    text run at (0,1) width 16: "\x{5E73}"
          LayoutText {#text} at (1643,112) size 50x496
            text run at (1643,112) width 384: "\x{3089}\x{306B}\x{3057}\x{3066}\x{3082}\x{77F3}\x{306F}\x{5E73}\x{3089}\x{306B}\x{306A}\x{3089}\x{306C}\x{3002}\x{77F3}\x{306F}\x{5207}\x{308A}\x{7815}\x{3044}\x{3066}\x{3082}\x{3001}\x{5CA9}"
            text run at (1674,0) width 128: "\x{306F}\x{59CB}\x{672B}\x{304C}\x{3064}\x{304B}\x{306C}\x{3002}"
          LayoutRuby (inline) {RUBY} at (0,0) size 19x34
            LayoutRubyRun (anonymous) at (1674,127) size 20x36
              LayoutRubyText {RT} at (-14,0) size 16x36
                LayoutText {#text} at (2,0) size 12x36
                  text run at (2,0) width 36: "\x{307B}\x{308A}\x{304F}\x{305A}"
              LayoutRubyBase (anonymous) at (0,0) size 20x36
                LayoutInline {RB} at (0,0) size 19x34
                  LayoutText {#text} at (0,1) size 19x34
                    text run at (0,1) width 34: "\x{6398}\x{5D29}"
          LayoutText {#text} at (1674,162) size 19x96
            text run at (1674,162) width 96: "\x{3057}\x{305F}\x{571F}\x{306E}\x{4E0A}\x{306B}"
          LayoutRuby (inline) {RUBY} at (0,0) size 19x34
            LayoutRubyRun (anonymous) at (1674,257) size 20x36
              LayoutRubyText {RT} at (-14,0) size 16x36
                LayoutText {#text} at (2,0) size 12x36
                  text run at (2,0) width 36: "\x{3086}\x{3046}\x{305C}\x{3093}"
              LayoutRubyBase (anonymous) at (0,0) size 20x36
                LayoutInline {RB} at (0,0) size 19x34
                  LayoutText {#text} at (0,1) size 19x34
                    text run at (0,1) width 34: "\x{60A0}\x{7136}"
          LayoutText {#text} at (1674,292) size 19x16
            text run at (1674,292) width 16: "\x{3068}"
          LayoutRuby (inline) {RUBY} at (0,0) size 19x19
            LayoutRubyRun (anonymous) at (1674,304) size 20x27
              LayoutRubyText {RT} at (-14,0) size 16x27
                LayoutText {#text} at (2,0) size 12x27
                  text run at (2,0) width 27: "\x{305D}\x{3070}\x{3060}"
              LayoutRubyBase (anonymous) at (0,0) size 20x27
                LayoutInline {RB} at (0,0) size 19x17
                  LayoutText {#text} at (0,5) size 19x17
                    text run at (0,5) width 16: "\x{5CD9}"
          LayoutText {#text} at (1674,327) size 50x503
            text run at (1674,327) width 176: "\x{3063}\x{3066}\x{3001}\x{543E}\x{3089}\x{306E}\x{305F}\x{3081}\x{306B}\x{9053}\x{3092}"
            text run at (1705,0) width 32: "\x{8B72}\x{308B}"
          LayoutRuby (inline) {RUBY} at (0,0) size 19x32
            LayoutRubyRun (anonymous) at (1705,32) size 20x32
              LayoutRubyText {RT} at (-14,0) size 16x32
                LayoutText {#text} at (2,0) size 12x31
                  text run at (2,0) width 30: "\x{3051}\x{3057}\x{304D}"
              LayoutRubyBase (anonymous) at (0,0) size 20x32
                LayoutInline {RB} at (0,0) size 19x32
                  LayoutText {#text} at (0,0) size 19x32
                    text run at (0,0) width 32: "\x{666F}\x{8272}"
          LayoutText {#text} at (1705,64) size 50x480
            text run at (1705,64) width 416: "\x{306F}\x{306A}\x{3044}\x{3002}\x{5411}\x{3046}\x{3067}\x{805E}\x{304B}\x{306C}\x{4E0A}\x{306F}\x{4E57}\x{308A}\x{8D8A}\x{3059}\x{304B}\x{3001}\x{5EFB}\x{3089}\x{306A}\x{3051}\x{308C}\x{3070}\x{306A}\x{3089}"
            text run at (1736,0) width 32: "\x{3093}\x{3002}"
          LayoutRuby (inline) {RUBY} at (0,0) size 19x16
            LayoutRubyRun (anonymous) at (1736,31) size 20x18
              LayoutRubyText {RT} at (-14,0) size 16x18
                LayoutText {#text} at (2,0) size 12x18
                  text run at (2,0) width 18: "\x{3044}\x{308F}"
              LayoutRubyBase (anonymous) at (0,0) size 20x18
                LayoutInline {RB} at (0,0) size 19x16
                  LayoutText {#text} at (0,1) size 19x16
                    text run at (0,1) width 16: "\x{5DCC}"
          LayoutText {#text} at (1736,48) size 19x112
            text run at (1736,48) width 112: "\x{306E}\x{306A}\x{3044}\x{6240}\x{3067}\x{3055}\x{3048}"
          LayoutRuby (inline) {RUBY} at (0,0) size 19x16
            LayoutRubyRun (anonymous) at (1736,160) size 20x16
              LayoutRubyText {RT} at (-14,0) size 16x16
                LayoutText {#text} at (2,3) size 12x10
                  text run at (2,3) width 9: "\x{3042}"
              LayoutRubyBase (anonymous) at (0,0) size 20x16
                LayoutInline {RB} at (0,0) size 19x16
                  LayoutText {#text} at (0,0) size 19x16
                    text run at (0,0) width 16: "\x{6B69}"
          LayoutText {#text} at (1736,176) size 19x304
            text run at (1736,176) width 304: "\x{308B}\x{304D}\x{3088}\x{304F}\x{306F}\x{306A}\x{3044}\x{3002}\x{5DE6}\x{53F3}\x{304C}\x{9AD8}\x{304F}\x{3063}\x{3066}\x{3001}\x{4E2D}\x{5FC3}\x{304C}"
          LayoutRuby (inline) {RUBY} at (0,0) size 19x17
            LayoutRubyRun (anonymous) at (1736,479) size 20x18
              LayoutRubyText {RT} at (-14,0) size 16x18
                LayoutText {#text} at (2,0) size 12x18
                  text run at (2,0) width 18: "\x{304F}\x{307C}"
              LayoutRubyBase (anonymous) at (0,0) size 20x18
                LayoutInline {RB} at (0,0) size 19x16
                  LayoutText {#text} at (0,1) size 19x16
                    text run at (0,1) width 16: "\x{7AAA}"
          LayoutText {#text} at (1767,0) size 19x128
            text run at (1767,0) width 128: "\x{3093}\x{3067}\x{3001}\x{307E}\x{308B}\x{3067}\x{4E00}\x{9593}"
          LayoutRuby (inline) {RUBY} at (0,0) size 19x16
            LayoutRubyRun (anonymous) at (1767,127) size 20x18
              LayoutRubyText {RT} at (-14,0) size 16x18
                LayoutText {#text} at (2,0) size 12x18
                  text run at (2,0) width 18: "\x{306F}\x{3070}"
              LayoutRubyBase (anonymous) at (0,0) size 20x18
                LayoutInline {RB} at (0,0) size 19x16
                  LayoutText {#text} at (0,1) size 19x16
                    text run at (0,1) width 16: "\x{5E45}"
          LayoutText {#text} at (1767,144) size 19x64
            text run at (1767,144) width 64: "\x{3092}\x{4E09}\x{89D2}\x{306B}"
          LayoutRuby (inline) {RUBY} at (0,0) size 19x16
            LayoutRubyRun (anonymous) at (1767,208) size 20x16
              LayoutRubyText {RT} at (-14,0) size 16x16
                LayoutText {#text} at (2,3) size 12x10
                  text run at (2,3) width 9: "\x{304F}"
              LayoutRubyBase (anonymous) at (0,0) size 20x16
                LayoutInline {RB} at (0,0) size 19x16
                  LayoutText {#text} at (0,0) size 19x16
                    text run at (0,0) width 16: "\x{7A7F}"
          LayoutText {#text} at (1767,224) size 19x128
            text run at (1767,224) width 128: "\x{3063}\x{3066}\x{3001}\x{305D}\x{306E}\x{9802}\x{70B9}\x{304C}"
          LayoutRuby (inline) {RUBY} at (0,0) size 19x34
            LayoutRubyRun (anonymous) at (1767,351) size 20x36
              LayoutRubyText {RT} at (-14,0) size 16x36
                LayoutText {#text} at (2,0) size 12x36
                  text run at (2,0) width 36: "\x{307E}\x{3093}\x{306A}\x{304B}"
              LayoutRubyBase (anonymous) at (0,0) size 20x36
                LayoutInline {RB} at (0,0) size 19x34
                  LayoutText {#text} at (0,1) size 19x34
                    text run at (0,1) width 34: "\x{771F}\x{4E2D}"
          LayoutText {#text} at (1767,386) size 19x16
            text run at (1767,386) width 16: "\x{3092}"
          LayoutRuby (inline) {RUBY} at (0,0) size 19x19
            LayoutRubyRun (anonymous) at (1767,398) size 20x27
              LayoutRubyText {RT} at (-14,0) size 16x27
                LayoutText {#text} at (2,0) size 12x27
                  text run at (2,0) width 27: "\x{3064}\x{3089}\x{306C}"
              LayoutRubyBase (anonymous) at (0,0) size 20x27
                LayoutInline {RB} at (0,0) size 19x17
                  LayoutText {#text} at (0,5) size 19x17
                    text run at (0,5) width 16: "\x{8CAB}"
          LayoutText {#text} at (1767,421) size 50x501
            text run at (1767,421) width 80: "\x{3044}\x{3066}\x{3044}\x{308B}\x{3068}"
            text run at (1798,0) width 320: "\x{8A55}\x{3057}\x{3066}\x{3082}\x{3088}\x{3044}\x{3002}\x{8DEF}\x{3092}\x{884C}\x{304F}\x{3068}\x{4E91}\x{308F}\x{3093}\x{3088}\x{308A}\x{5DDD}\x{5E95}\x{3092}"
          LayoutRuby (inline) {RUBY} at (0,0) size 19x16
            LayoutRubyRun (anonymous) at (1798,319) size 20x18
              LayoutRubyText {RT} at (-14,0) size 16x18
                LayoutText {#text} at (2,0) size 12x18
                  text run at (2,0) width 18: "\x{308F}\x{305F}"
              LayoutRubyBase (anonymous) at (0,0) size 20x18
                LayoutInline {RB} at (0,0) size 19x16
                  LayoutText {#text} at (0,1) size 19x16
                    text run at (0,1) width 16: "\x{6E09}"
          LayoutText {#text} at (1798,336) size 19x160
            text run at (1798,336) width 160: "\x{308B}\x{3068}\x{4E91}\x{3046}\x{65B9}\x{304C}\x{9069}\x{5F53}\x{3060}\x{3002}"
          LayoutRuby (inline) {RUBY} at (0,0) size 19x17
            LayoutRubyRun (anonymous) at (1829,0) size 20x18
              LayoutRubyText {RT} at (-14,0) size 16x18
                LayoutText {#text} at (2,0) size 12x18
                  text run at (2,0) width 18: "\x{3082}\x{3068}"
              LayoutRubyBase (anonymous) at (0,0) size 20x18
                LayoutInline {RB} at (0,0) size 19x16
                  LayoutText {#text} at (0,1) size 19x16
                    text run at (0,1) width 16: "\x{56FA}"
          LayoutText {#text} at (1829,17) size 19x256
            text run at (1829,17) width 256: "\x{3088}\x{308A}\x{6025}\x{3050}\x{65C5}\x{3067}\x{306A}\x{3044}\x{304B}\x{3089}\x{3001}\x{3076}\x{3089}\x{3076}\x{3089}\x{3068}"
          LayoutRuby (inline) {RUBY} at (0,0) size 19x34
            LayoutRubyRun (anonymous) at (1829,272) size 20x36
              LayoutRubyText {RT} at (-14,0) size 16x36
                LayoutText {#text} at (2,0) size 12x36
                  text run at (2,0) width 36: "\x{306A}\x{306A}\x{307E}\x{304C}"
              LayoutRubyBase (anonymous) at (0,0) size 20x36
                LayoutInline {RB} at (0,0) size 19x34
                  LayoutText {#text} at (0,1) size 19x34
                    text run at (0,1) width 34: "\x{4E03}\x{66F2}"
          LayoutText {#text} at (1829,307) size 19x96
            text run at (1829,307) width 96: "\x{308A}\x{3078}\x{304B}\x{304B}\x{308B}\x{3002}"
          LayoutBR {BR} at (1829,403) size 19x0
          LayoutText {#text} at (1860,0) size 19x147
            text run at (1860,0) width 147: "\x{3000}\x{305F}\x{3061}\x{307E}\x{3061}\x{8DB3}\x{306E}\x{4E0B}\x{3067}"
          LayoutRuby (inline) {RUBY} at (0,0) size 19x32
            LayoutRubyRun (anonymous) at (1860,147) size 20x32
              LayoutRubyText {RT} at (-14,0) size 16x32
                LayoutText {#text} at (2,0) size 12x31
                  text run at (2,0) width 30: "\x{3072}\x{3070}\x{308A}"
              LayoutRubyBase (anonymous) at (0,0) size 20x32
                LayoutInline {RB} at (0,0) size 19x32
                  LayoutText {#text} at (0,0) size 19x32
                    text run at (0,0) width 32: "\x{96F2}\x{96C0}"
          LayoutText {#text} at (1860,179) size 19x160
            text run at (1860,179) width 160: "\x{306E}\x{58F0}\x{304C}\x{3057}\x{51FA}\x{3057}\x{305F}\x{3002}\x{8C37}\x{3092}"
          LayoutRuby (inline) {RUBY} at (0,0) size 19x32
            LayoutRubyRun (anonymous) at (1860,339) size 20x32
              LayoutRubyText {RT} at (-14,0) size 16x32
                LayoutText {#text} at (2,0) size 12x31
                  text run at (2,0) width 30: "\x{307F}\x{304A}\x{308D}"
              LayoutRubyBase (anonymous) at (0,0) size 20x32
                LayoutInline {RB} at (0,0) size 19x32
                  LayoutText {#text} at (0,0) size 19x32
                    text run at (0,0) width 32: "\x{898B}\x{4E0B}"
          LayoutText {#text} at (1860,371) size 50x499
            text run at (1860,371) width 128: "\x{3057}\x{305F}\x{304C}\x{3001}\x{3069}\x{3053}\x{3067}\x{9CF4}"
            text run at (1891,0) width 480: "\x{3044}\x{3066}\x{308B}\x{304B}\x{5F71}\x{3082}\x{5F62}\x{3082}\x{898B}\x{3048}\x{306C}\x{3002}\x{305F}\x{3060}\x{58F0}\x{3060}\x{3051}\x{304C}\x{660E}\x{3089}\x{304B}\x{306B}\x{805E}\x{3048}\x{308B}\x{3002}\x{305B}\x{3063}\x{305B}\x{3068}"
          LayoutRuby (inline) {RUBY} at (0,0) size 19x17
            LayoutRubyRun (anonymous) at (1891,479) size 20x18
              LayoutRubyText {RT} at (-14,0) size 16x18
                LayoutText {#text} at (2,0) size 12x18
                  text run at (2,0) width 18: "\x{305B}\x{308F}"
              LayoutRubyBase (anonymous) at (0,0) size 20x18
                LayoutInline {RB} at (0,0) size 19x16
                  LayoutText {#text} at (0,1) size 19x16
                    text run at (0,1) width 16: "\x{5FD9}"
          LayoutText {#text} at (1922,0) size 19x48
            text run at (1922,0) width 48: "\x{3057}\x{304F}\x{3001}"
          LayoutRuby (inline) {RUBY} at (0,0) size 19x32
            LayoutRubyRun (anonymous) at (1922,48) size 20x32
              LayoutRubyText {RT} at (-14,0) size 16x32
                LayoutText {#text} at (2,0) size 12x31
                  text run at (2,0) width 30: "\x{305F}\x{3048}\x{307E}"
              LayoutRubyBase (anonymous) at (0,0) size 20x32
                LayoutInline {RB} at (0,0) size 19x32
                  LayoutText {#text} at (0,0) size 19x32
                    text run at (0,0) width 32: "\x{7D76}\x{9593}"
          LayoutText {#text} at (1922,80) size 19x128
            text run at (1922,80) width 128: "\x{306A}\x{304F}\x{9CF4}\x{3044}\x{3066}\x{3044}\x{308B}\x{3002}"
          LayoutRuby (inline) {RUBY} at (0,0) size 19x48
            LayoutRubyRun (anonymous) at (1922,208) size 20x48
              LayoutRubyText {RT} at (-14,0) size 16x48
                LayoutText {#text} at (2,0) size 12x48
                  text run at (2,0) width 47: "\x{307B}\x{3046}\x{3044}\x{304F}\x{308A}"
              LayoutRubyBase (anonymous) at (0,0) size 20x48
                LayoutInline {RB} at (0,0) size 19x48
                  LayoutText {#text} at (0,0) size 19x48
                    text run at (0,0) width 48: "\x{65B9}\x{5E7E}\x{91CC}"
          LayoutText {#text} at (1922,256) size 19x112
            text run at (1922,256) width 112: "\x{306E}\x{7A7A}\x{6C17}\x{304C}\x{4E00}\x{9762}\x{306B}"
          LayoutRuby (inline) {RUBY} at (0,0) size 19x16
            LayoutRubyRun (anonymous) at (1922,367) size 20x18
              LayoutRubyText {RT} at (-14,0) size 16x18
                LayoutText {#text} at (2,0) size 12x18
                  text run at (2,0) width 18: "\x{306E}\x{307F}"
              LayoutRubyBase (anonymous) at (0,0) size 20x18
                LayoutInline {RB} at (0,0) size 19x16
                  LayoutText {#text} at (0,1) size 19x16
                    text run at (0,1) width 16: "\x{86A4}"
          LayoutText {#text} at (1922,384) size 50x496
            text run at (1922,384) width 112: "\x{306B}\x{523A}\x{3055}\x{308C}\x{3066}\x{3044}\x{305F}"
            text run at (1953,0) width 304: "\x{305F}\x{307E}\x{308C}\x{306A}\x{3044}\x{3088}\x{3046}\x{306A}\x{6C17}\x{304C}\x{3059}\x{308B}\x{3002}\x{3042}\x{306E}\x{9CE5}\x{306E}\x{9CF4}\x{304F}"
          LayoutRuby (inline) {RUBY} at (0,0) size 19x16
            LayoutRubyRun (anonymous) at (1953,304) size 20x16
              LayoutRubyText {RT} at (-14,0) size 16x16
                LayoutText {#text} at (2,3) size 12x10
                  text run at (2,3) width 9: "\x{306D}"
              LayoutRubyBase (anonymous) at (0,0) size 20x16
                LayoutInline {RB} at (0,0) size 19x16
                  LayoutText {#text} at (0,0) size 19x16
                    text run at (0,0) width 16: "\x{97F3}"
          LayoutText {#text} at (1953,320) size 106x496
            text run at (1953,320) width 176: "\x{306B}\x{306F}\x{77AC}\x{6642}\x{306E}\x{4F59}\x{88D5}\x{3082}\x{306A}\x{3044}\x{3002}"
            text run at (1981,0) width 496: "\x{306E}\x{3069}\x{304B}\x{306A}\x{6625}\x{306E}\x{65E5}\x{3092}\x{9CF4}\x{304D}\x{5C3D}\x{304F}\x{3057}\x{3001}\x{9CF4}\x{304D}\x{3042}\x{304B}\x{3057}\x{3001}\x{307E}\x{305F}\x{9CF4}\x{304D}\x{66AE}\x{3089}\x{3055}\x{306A}\x{3051}\x{308C}\x{3070}"
            text run at (2009,0) width 496: "\x{6C17}\x{304C}\x{6E08}\x{307E}\x{3093}\x{3068}\x{898B}\x{3048}\x{308B}\x{3002}\x{305D}\x{306E}\x{4E0A}\x{3069}\x{3053}\x{307E}\x{3067}\x{3082}\x{767B}\x{3063}\x{3066}\x{884C}\x{304F}\x{3001}\x{3044}\x{3064}\x{307E}\x{3067}\x{3082}\x{767B}\x{3063}"
            text run at (2040,0) width 432: "\x{3066}\x{884C}\x{304F}\x{3002}\x{96F2}\x{96C0}\x{306F}\x{304D}\x{3063}\x{3068}\x{96F2}\x{306E}\x{4E2D}\x{3067}\x{6B7B}\x{306C}\x{306B}\x{76F8}\x{9055}\x{306A}\x{3044}\x{3002}\x{767B}\x{308A}\x{8A70}\x{3081}\x{305F}"
          LayoutRuby (inline) {RUBY} at (0,0) size 19x32
            LayoutRubyRun (anonymous) at (2040,432) size 20x32
              LayoutRubyText {RT} at (-14,0) size 16x32
                LayoutText {#text} at (2,0) size 12x31
                  text run at (2,0) width 30: "\x{3042}\x{3052}\x{304F}"
              LayoutRubyBase (anonymous) at (0,0) size 20x32
                LayoutInline {RB} at (0,0) size 19x32
                  LayoutText {#text} at (0,0) size 19x32
                    text run at (0,0) width 32: "\x{63DA}\x{53E5}"
          LayoutText {#text} at (2040,464) size 50x496
            text run at (2040,464) width 32: "\x{306F}\x{3001}"
            text run at (2071,0) width 80: "\x{6D41}\x{308C}\x{3066}\x{96F2}\x{306B}"
          LayoutRuby (inline) {RUBY} at (0,0) size 19x16
            LayoutRubyRun (anonymous) at (2071,80) size 20x16
              LayoutRubyText {RT} at (-14,0) size 16x16
                LayoutText {#text} at (2,3) size 12x10
                  text run at (2,3) width 9: "\x{3044}"
              LayoutRubyBase (anonymous) at (0,0) size 20x16
                LayoutInline {RB} at (0,0) size 19x16
                  LayoutText {#text} at (0,0) size 19x16
                    text run at (0,0) width 16: "\x{5165}"
          LayoutText {#text} at (2071,96) size 19x48
            text run at (2071,96) width 48: "\x{3063}\x{3066}\x{3001}"
          LayoutRuby (inline) {RUBY} at (0,0) size 19x19
            LayoutRubyRun (anonymous) at (2071,140) size 20x27
              LayoutRubyText {RT} at (-14,0) size 16x27
                LayoutText {#text} at (2,0) size 12x27
                  text run at (2,0) width 27: "\x{305F}\x{3060}\x{3088}"
              LayoutRubyBase (anonymous) at (0,0) size 20x27
                LayoutInline {RB} at (0,0) size 19x17
                  LayoutText {#text} at (0,5) size 19x17
                    text run at (0,5) width 16: "\x{6F02}"
          LayoutText {#text} at (2071,163) size 50x499
            text run at (2071,163) width 336: "\x{3046}\x{3066}\x{3044}\x{308B}\x{3046}\x{3061}\x{306B}\x{5F62}\x{306F}\x{6D88}\x{3048}\x{3066}\x{306A}\x{304F}\x{306A}\x{3063}\x{3066}\x{3001}\x{305F}\x{3060}\x{58F0}"
            text run at (2102,0) width 80: "\x{3060}\x{3051}\x{304C}\x{7A7A}\x{306E}"
          LayoutRuby (inline) {RUBY} at (0,0) size 19x16
            LayoutRubyRun (anonymous) at (2102,79) size 20x18
              LayoutRubyText {RT} at (-14,0) size 16x18
                LayoutText {#text} at (2,0) size 12x18
                  text run at (2,0) width 18: "\x{3046}\x{3061}"
              LayoutRubyBase (anonymous) at (0,0) size 20x18
                LayoutInline {RB} at (0,0) size 19x16
                  LayoutText {#text} at (0,1) size 19x16
                    text run at (0,1) width 16: "\x{88E1}"
          LayoutText {#text} at (2102,96) size 19x176
            text run at (2102,96) width 176: "\x{306B}\x{6B8B}\x{308B}\x{306E}\x{304B}\x{3082}\x{77E5}\x{308C}\x{306A}\x{3044}\x{3002}"
          LayoutBR {BR} at (2102,272) size 19x0
          LayoutText {#text} at (2133,0) size 19x19
            text run at (2133,0) width 19: "\x{3000}"
          LayoutRuby (inline) {RUBY} at (0,0) size 19x34
            LayoutRubyRun (anonymous) at (2133,18) size 20x36
              LayoutRubyText {RT} at (-14,0) size 16x36
                LayoutText {#text} at (2,0) size 12x36
                  text run at (2,0) width 36: "\x{3044}\x{308F}\x{304B}\x{3069}"
              LayoutRubyBase (anonymous) at (0,0) size 20x36
                LayoutInline {RB} at (0,0) size 19x34
                  LayoutText {#text} at (0,1) size 19x34
                    text run at (0,1) width 34: "\x{5DCC}\x{89D2}"
          LayoutText {#text} at (2133,53) size 19x128
            text run at (2133,53) width 128: "\x{3092}\x{92ED}\x{3069}\x{304F}\x{5EFB}\x{3063}\x{3066}\x{3001}"
          LayoutRuby (inline) {RUBY} at (0,0) size 19x32
            LayoutRubyRun (anonymous) at (2133,181) size 20x32
              LayoutRubyText {RT} at (-14,0) size 16x32
                LayoutText {#text} at (2,0) size 12x31
                  text run at (2,0) width 30: "\x{3042}\x{3093}\x{307E}"
              LayoutRubyBase (anonymous) at (0,0) size 20x32
                LayoutInline {RB} at (0,0) size 19x32
                  LayoutText {#text} at (0,0) size 19x32
                    text run at (0,0) width 32: "\x{6309}\x{6469}"
          LayoutText {#text} at (2133,213) size 19x32
            text run at (2133,213) width 32: "\x{306A}\x{3089}"
          LayoutRuby (inline) {RUBY} at (0,0) size 19x52
            LayoutRubyRun (anonymous) at (2133,244) size 20x54
              LayoutRubyText {RT} at (-14,0) size 16x54
                LayoutText {#text} at (2,0) size 12x54
                  text run at (2,0) width 54: "\x{307E}\x{3063}\x{3055}\x{304B}\x{3055}\x{307E}"
              LayoutRubyBase (anonymous) at (0,0) size 20x54
                LayoutInline {RB} at (0,0) size 19x52
                  LayoutText {#text} at (0,1) size 19x52
                    text run at (0,1) width 52: "\x{771F}\x{9006}\x{69D8}"
          LayoutText {#text} at (2133,297) size 19x144
            text run at (2133,297) width 144: "\x{306B}\x{843D}\x{3064}\x{308B}\x{3068}\x{3053}\x{308D}\x{3092}\x{3001}"
          LayoutRuby (inline) {RUBY} at (0,0) size 19x16
            LayoutRubyRun (anonymous) at (2133,440) size 20x18
              LayoutRubyText {RT} at (-14,0) size 16x18
                LayoutText {#text} at (2,0) size 12x18
                  text run at (2,0) width 18: "\x{304D}\x{308F}"
              LayoutRubyBase (anonymous) at (0,0) size 20x18
                LayoutInline {RB} at (0,0) size 19x16
                  LayoutText {#text} at (0,1) size 19x16
                    text run at (0,1) width 16: "\x{969B}"
          LayoutText {#text} at (2133,457) size 50x489
            text run at (2133,457) width 32: "\x{3069}\x{304F}"
            text run at (2164,0) width 128: "\x{53F3}\x{3078}\x{5207}\x{308C}\x{3066}\x{3001}\x{6A2A}\x{306B}"
          LayoutRuby (inline) {RUBY} at (0,0) size 19x32
            LayoutRubyRun (anonymous) at (2164,128) size 20x32
              LayoutRubyText {RT} at (-14,0) size 16x32
                LayoutText {#text} at (2,0) size 12x31
                  text run at (2,0) width 30: "\x{307F}\x{304A}\x{308D}"
              LayoutRubyBase (anonymous) at (0,0) size 20x32
                LayoutInline {RB} at (0,0) size 19x32
                  LayoutText {#text} at (0,0) size 19x32
                    text run at (0,0) width 32: "\x{898B}\x{4E0B}"
          LayoutText {#text} at (2164,160) size 19x48
            text run at (2164,160) width 48: "\x{3059}\x{3068}\x{3001}"
          LayoutRuby (inline) {RUBY} at (0,0) size 19x16
            LayoutRubyRun (anonymous) at (2164,208) size 20x16
              LayoutRubyText {RT} at (-14,0) size 16x16
                LayoutText {#text} at (2,3) size 12x10
                  text run at (2,3) width 9: "\x{306A}"
              LayoutRubyBase (anonymous) at (0,0) size 20x16
                LayoutInline {RB} at (0,0) size 19x16
                  LayoutText {#text} at (0,0) size 19x16
                    text run at (0,0) width 16: "\x{83DC}"
          LayoutText {#text} at (2164,224) size 50x496
            text run at (2164,224) width 272: "\x{306E}\x{82B1}\x{304C}\x{4E00}\x{9762}\x{306B}\x{898B}\x{3048}\x{308B}\x{3002}\x{96F2}\x{96C0}\x{306F}\x{3042}\x{3059}\x{3053}\x{3078}"
            text run at (2195,0) width 256: "\x{843D}\x{3061}\x{308B}\x{306E}\x{304B}\x{3068}\x{601D}\x{3063}\x{305F}\x{3002}\x{3044}\x{3044}\x{3084}\x{3001}\x{3042}\x{306E}"
          LayoutRuby (inline) {RUBY} at (0,0) size 19x32
            LayoutRubyRun (anonymous) at (2195,256) size 20x32
              LayoutRubyText {RT} at (-14,0) size 16x32
                LayoutText {#text} at (2,0) size 12x31
                  text run at (2,0) width 30: "\x{3053}\x{304C}\x{306D}"
              LayoutRubyBase (anonymous) at (0,0) size 20x32
                LayoutInline {RB} at (0,0) size 19x32
                  LayoutText {#text} at (0,0) size 19x32
                    text run at (0,0) width 32: "\x{9EC4}\x{91D1}"
          LayoutText {#text} at (2195,288) size 50x496
            text run at (2195,288) width 208: "\x{306E}\x{539F}\x{304B}\x{3089}\x{98DB}\x{3073}\x{4E0A}\x{304C}\x{3063}\x{3066}\x{304F}\x{308B}\x{306E}"
            text run at (2226,0) width 256: "\x{304B}\x{3068}\x{601D}\x{3063}\x{305F}\x{3002}\x{6B21}\x{306B}\x{306F}\x{843D}\x{3061}\x{308B}\x{96F2}\x{96C0}\x{3068}\x{3001}"
          LayoutRuby (inline) {RUBY} at (0,0) size 19x16
            LayoutRubyRun (anonymous) at (2226,255) size 20x18
              LayoutRubyText {RT} at (-14,0) size 16x18
                LayoutText {#text} at (2,0) size 12x18
                  text run at (2,0) width 18: "\x{3042}\x{304C}"
              LayoutRubyBase (anonymous) at (0,0) size 20x18
                LayoutInline {RB} at (0,0) size 19x16
                  LayoutText {#text} at (0,1) size 19x16
                    text run at (0,1) width 16: "\x{4E0A}"
          LayoutText {#text} at (2226,272) size 19x16
            text run at (2226,272) width 16: "\x{308B}"
          LayoutRuby (inline) {RUBY} at (0,0) size 19x32
            LayoutRubyRun (anonymous) at (2226,288) size 20x32
              LayoutRubyText {RT} at (-14,0) size 16x32
                LayoutText {#text} at (2,0) size 12x31
                  text run at (2,0) width 30: "\x{3072}\x{3070}\x{308A}"
              LayoutRubyBase (anonymous) at (0,0) size 20x32
                LayoutInline {RB} at (0,0) size 19x32
                  LayoutText {#text} at (0,0) size 19x32
                    text run at (0,0) width 32: "\x{96F2}\x{96C0}"
          LayoutText {#text} at (2226,320) size 50x496
            text run at (2226,320) width 176: "\x{304C}\x{5341}\x{6587}\x{5B57}\x{306B}\x{3059}\x{308C}\x{9055}\x{3046}\x{306E}\x{304B}"
            text run at (2257,0) width 416: "\x{3068}\x{601D}\x{3063}\x{305F}\x{3002}\x{6700}\x{5F8C}\x{306B}\x{3001}\x{843D}\x{3061}\x{308B}\x{6642}\x{3082}\x{3001}\x{4E0A}\x{308B}\x{6642}\x{3082}\x{3001}\x{307E}\x{305F}\x{5341}\x{6587}\x{5B57}\x{306B}"
          LayoutRuby (inline) {RUBY} at (0,0) size 19x16
            LayoutRubyRun (anonymous) at (2257,416) size 20x16
              LayoutRubyText {RT} at (-14,0) size 16x16
                LayoutText {#text} at (2,3) size 12x10
                  text run at (2,3) width 9: "\x{3059}"
              LayoutRubyBase (anonymous) at (0,0) size 20x16
                LayoutInline {RB} at (0,0) size 19x16
                  LayoutText {#text} at (0,0) size 19x16
                    text run at (0,0) width 16: "\x{64E6}"
          LayoutText {#text} at (2257,432) size 47x496
            text run at (2257,432) width 64: "\x{308C}\x{9055}\x{3046}\x{3068}"
            text run at (2285,0) width 336: "\x{304D}\x{306B}\x{3082}\x{5143}\x{6C17}\x{3088}\x{304F}\x{9CF4}\x{304D}\x{3064}\x{3065}\x{3051}\x{308B}\x{3060}\x{308D}\x{3046}\x{3068}\x{601D}\x{3063}\x{305F}\x{3002}"
          LayoutBR {BR} at (2285,336) size 19x0
          LayoutText {#text} at (2316,0) size 19x195
            text run at (2316,0) width 195: "\x{3000}\x{6625}\x{306F}\x{7720}\x{304F}\x{306A}\x{308B}\x{3002}\x{732B}\x{306F}\x{9F20}\x{3092}"
          LayoutRuby (inline) {RUBY} at (0,0) size 19x16
            LayoutRubyRun (anonymous) at (2316,195) size 20x16
              LayoutRubyText {RT} at (-14,0) size 16x16
                LayoutText {#text} at (2,3) size 12x10
                  text run at (2,3) width 9: "\x{3068}"
              LayoutRubyBase (anonymous) at (0,0) size 20x16
                LayoutInline {RB} at (0,0) size 19x16
                  LayoutText {#text} at (0,0) size 19x16
                    text run at (0,0) width 16: "\x{6355}"
          LayoutText {#text} at (2316,211) size 50x499
            text run at (2316,211) width 288: "\x{308B}\x{4E8B}\x{3092}\x{5FD8}\x{308C}\x{3001}\x{4EBA}\x{9593}\x{306F}\x{501F}\x{91D1}\x{306E}\x{3042}\x{308B}\x{4E8B}\x{3092}\x{5FD8}\x{308C}"
            text run at (2347,0) width 128: "\x{308B}\x{3002}\x{6642}\x{306B}\x{306F}\x{81EA}\x{5206}\x{306E}"
          LayoutRuby (inline) {RUBY} at (0,0) size 19x28
            LayoutRubyRun (anonymous) at (2347,124) size 20x36
              LayoutRubyText {RT} at (-14,0) size 16x36
                LayoutText {#text} at (2,0) size 12x36
                  text run at (2,0) width 36: "\x{305F}\x{307E}\x{3057}\x{3044}"
              LayoutRubyBase (anonymous) at (0,0) size 20x36
                LayoutInline {RB} at (0,0) size 19x16
                  LayoutText {#text} at (0,10) size 19x16
                    text run at (0,10) width 16: "\x{9B42}"
          LayoutText {#text} at (2347,156) size 19x16
            text run at (2347,156) width 16: "\x{306E}"
          LayoutRuby (inline) {RUBY} at (0,0) size 19x34
            LayoutRubyRun (anonymous) at (2347,171) size 20x36
              LayoutRubyText {RT} at (-14,0) size 16x36
                LayoutText {#text} at (2,0) size 12x36
                  text run at (2,0) width 36: "\x{3044}\x{3069}\x{3053}\x{308D}"
              LayoutRubyBase (anonymous) at (0,0) size 20x36
                LayoutInline {RB} at (0,0) size 19x34
                  LayoutText {#text} at (0,1) size 19x34
                    text run at (0,1) width 34: "\x{5C45}\x{6240}"
          LayoutText {#text} at (2347,206) size 50x494
            text run at (2347,206) width 288: "\x{3055}\x{3048}\x{5FD8}\x{308C}\x{3066}\x{6B63}\x{4F53}\x{306A}\x{304F}\x{306A}\x{308B}\x{3002}\x{305F}\x{3060}\x{83DC}\x{306E}\x{82B1}\x{3092}"
            text run at (2378,0) width 160: "\x{9060}\x{304F}\x{671B}\x{3093}\x{3060}\x{3068}\x{304D}\x{306B}\x{773C}\x{304C}"
          LayoutRuby (inline) {RUBY} at (0,0) size 19x16
            LayoutRubyRun (anonymous) at (2378,160) size 20x16
              LayoutRubyText {RT} at (-14,0) size 16x16
                LayoutText {#text} at (2,3) size 12x10
                  text run at (2,3) width 9: "\x{3055}"
              LayoutRubyBase (anonymous) at (0,0) size 20x16
                LayoutInline {RB} at (0,0) size 19x16
                  LayoutText {#text} at (0,0) size 19x16
                    text run at (0,0) width 16: "\x{9192}"
          LayoutText {#text} at (2378,176) size 19x320
            text run at (2378,176) width 320: "\x{3081}\x{308B}\x{3002}\x{96F2}\x{96C0}\x{306E}\x{58F0}\x{3092}\x{805E}\x{3044}\x{305F}\x{3068}\x{304D}\x{306B}\x{9B42}\x{306E}\x{3042}\x{308A}\x{304B}\x{304C}"
          LayoutRuby (inline) {RUBY} at (0,0) size 19x35
            LayoutRubyRun (anonymous) at (2409,0) size 20x36
              LayoutRubyText {RT} at (-14,0) size 16x36
                LayoutText {#text} at (2,0) size 12x36
                  text run at (2,0) width 36: "\x{306F}\x{3093}\x{305C}\x{3093}"
              LayoutRubyBase (anonymous) at (0,0) size 20x36
                LayoutInline {RB} at (0,0) size 19x34
                  LayoutText {#text} at (0,1) size 19x34
                    text run at (0,1) width 34: "\x{5224}\x{7136}"
          LayoutText {#text} at (2409,35) size 75x499
            text run at (2409,35) width 464: "\x{3059}\x{308B}\x{3002}\x{96F2}\x{96C0}\x{306E}\x{9CF4}\x{304F}\x{306E}\x{306F}\x{53E3}\x{3067}\x{9CF4}\x{304F}\x{306E}\x{3067}\x{306F}\x{306A}\x{3044}\x{3001}\x{9B42}\x{5168}\x{4F53}\x{304C}\x{9CF4}\x{304F}\x{306E}\x{3060}\x{3002}"
            text run at (2437,0) width 496: "\x{9B42}\x{306E}\x{6D3B}\x{52D5}\x{304C}\x{58F0}\x{306B}\x{3042}\x{3089}\x{308F}\x{308C}\x{305F}\x{3082}\x{306E}\x{306E}\x{3046}\x{3061}\x{3067}\x{3001}\x{3042}\x{308C}\x{307B}\x{3069}\x{5143}\x{6C17}\x{306E}\x{3042}\x{308B}\x{3082}\x{306E}\x{306F}"
            text run at (2465,0) width 464: "\x{306A}\x{3044}\x{3002}\x{3042}\x{3042}\x{6109}\x{5FEB}\x{3060}\x{3002}\x{3053}\x{3046}\x{601D}\x{3063}\x{3066}\x{3001}\x{3053}\x{3046}\x{6109}\x{5FEB}\x{306B}\x{306A}\x{308B}\x{306E}\x{304C}\x{8A69}\x{3067}\x{3042}\x{308B}\x{3002}"
          LayoutBR {BR} at (2465,464) size 19x0
          LayoutText {#text} at (2493,0) size 50x499
            text run at (2493,0) width 499: "\x{3000}\x{305F}\x{3061}\x{307E}\x{3061}\x{30B7}\x{30A7}\x{30EC}\x{30FC}\x{306E}\x{96F2}\x{96C0}\x{306E}\x{8A69}\x{3092}\x{601D}\x{3044}\x{51FA}\x{3057}\x{3066}\x{3001}\x{53E3}\x{306E}\x{3046}\x{3061}\x{3067}\x{899A}\x{3048}\x{305F}\x{3068}\x{3053}"
            text run at (2524,0) width 48: "\x{308D}\x{3060}\x{3051}"
          LayoutRuby (inline) {RUBY} at (0,0) size 19x39
            LayoutRubyRun (anonymous) at (2524,45) size 20x45
              LayoutRubyText {RT} at (-14,0) size 16x45
                LayoutText {#text} at (2,0) size 12x45
                  text run at (2,0) width 45: "\x{3042}\x{3093}\x{3057}\x{3087}\x{3046}"
              LayoutRubyBase (anonymous) at (0,0) size 20x45
                LayoutInline {RB} at (0,0) size 19x39
                  LayoutText {#text} at (0,3) size 19x39
                    text run at (0,3) width 38: "\x{6697}\x{8AA6}"
          LayoutText {#text} at (2524,87) size 47x503
            text run at (2524,87) width 416: "\x{3057}\x{3066}\x{898B}\x{305F}\x{304C}\x{3001}\x{899A}\x{3048}\x{3066}\x{3044}\x{308B}\x{3068}\x{3053}\x{308D}\x{306F}\x{4E8C}\x{4E09}\x{53E5}\x{3057}\x{304B}\x{306A}\x{304B}\x{3063}\x{305F}\x{3002}\x{305D}"
            text run at (2552,0) width 256: "\x{306E}\x{4E8C}\x{4E09}\x{53E5}\x{306E}\x{306A}\x{304B}\x{306B}\x{3053}\x{3093}\x{306A}\x{306E}\x{304C}\x{3042}\x{308B}\x{3002}"
          LayoutBR {BR} at (2552,256) size 19x0
        LayoutBlockFlow {DIV} at (2576,32) size 100x472
          LayoutText {#text} at (0,0) size 19x190
            text run at (0,0) width 190: "\x{3000}\x{3000}We look before and after"
          LayoutBR {BR} at (0,189) size 19x1
          LayoutText {#text} at (20,0) size 19x224
            text run at (20,0) width 224: "\x{3000}\x{3000}\x{3000}\x{3000}And pine for what is not:"
          LayoutBR {BR} at (20,224) size 19x0
          LayoutText {#text} at (40,0) size 19x169
            text run at (40,0) width 169: "\x{3000}\x{3000}Our sincerest laughter"
          LayoutBR {BR} at (40,169) size 19x0
          LayoutText {#text} at (60,0) size 19x232
            text run at (60,0) width 232: "\x{3000}\x{3000}\x{3000}\x{3000}With some pain is fraught;"
          LayoutBR {BR} at (60,231) size 19x1
          LayoutText {#text} at (80,0) size 19x342
            text run at (80,0) width 342: "Our sweetest songs are those that tell of saddest thought."
          LayoutBR {BR} at (80,342) size 19x0
        LayoutBlockFlow (anonymous) at (2676,0) size 1966x504
          LayoutText {#text} at (12,0) size 19x112
            text run at (12,0) width 112: "\x{300C}\x{524D}\x{3092}\x{307F}\x{3066}\x{306F}\x{3001}"
          LayoutRuby (inline) {RUBY} at (0,0) size 19x16
            LayoutRubyRun (anonymous) at (12,111) size 20x18
              LayoutRubyText {RT} at (-14,0) size 16x18
                LayoutText {#text} at (2,0) size 12x18
                  text run at (2,0) width 18: "\x{3057}\x{308A}"
              LayoutRubyBase (anonymous) at (0,0) size 20x18
                LayoutInline {RB} at (0,0) size 19x16
                  LayoutText {#text} at (0,1) size 19x16
                    text run at (0,1) width 16: "\x{5F8C}"
          LayoutText {#text} at (12,128) size 19x96
            text run at (12,128) width 96: "\x{3048}\x{3092}\x{898B}\x{3066}\x{306F}\x{3001}"
          LayoutRuby (inline) {RUBY} at (0,0) size 19x32
            LayoutRubyRun (anonymous) at (12,224) size 20x32
              LayoutRubyText {RT} at (-14,0) size 16x32
                LayoutText {#text} at (2,0) size 12x31
                  text run at (2,0) width 30: "\x{3082}\x{306E}\x{307B}"
              LayoutRubyBase (anonymous) at (0,0) size 20x32
                LayoutInline {RB} at (0,0) size 19x32
                  LayoutText {#text} at (0,0) size 19x32
                    text run at (0,0) width 32: "\x{7269}\x{6B32}"
          LayoutText {#text} at (12,256) size 50x496
            text run at (12,256) width 240: "\x{3057}\x{3068}\x{3001}\x{3042}\x{3053}\x{304C}\x{308B}\x{308B}\x{304B}\x{306A}\x{308F}\x{308C}\x{3002}\x{8179}\x{304B}"
            text run at (43,0) width 448: "\x{3089}\x{306E}\x{3001}\x{7B11}\x{3068}\x{3044}\x{3048}\x{3069}\x{3001}\x{82E6}\x{3057}\x{307F}\x{306E}\x{3001}\x{305D}\x{3053}\x{306B}\x{3042}\x{308B}\x{3079}\x{3057}\x{3002}\x{3046}\x{3064}\x{304F}\x{3057}\x{304D}\x{3001}"
          LayoutRuby (inline) {RUBY} at (0,0) size 19x16
            LayoutRubyRun (anonymous) at (43,447) size 20x18
              LayoutRubyText {RT} at (-14,0) size 16x18
                LayoutText {#text} at (2,0) size 12x18
                  text run at (2,0) width 18: "\x{304D}\x{308F}"
              LayoutRubyBase (anonymous) at (0,0) size 20x18
                LayoutInline {RB} at (0,0) size 19x16
                  LayoutText {#text} at (0,1) size 19x16
                    text run at (0,1) width 16: "\x{6975}"
          LayoutText {#text} at (43,464) size 50x496
            text run at (43,464) width 32: "\x{307F}\x{306E}"
            text run at (74,0) width 176: "\x{6B4C}\x{306B}\x{3001}\x{60B2}\x{3057}\x{3055}\x{306E}\x{3001}\x{6975}\x{307F}\x{306E}"
          LayoutRuby (inline) {RUBY} at (0,0) size 19x19
            LayoutRubyRun (anonymous) at (74,172) size 20x27
              LayoutRubyText {RT} at (-14,0) size 16x27
                LayoutText {#text} at (2,0) size 12x27
                  text run at (2,0) width 27: "\x{304A}\x{3082}\x{3044}"
              LayoutRubyBase (anonymous) at (0,0) size 20x27
                LayoutInline {RB} at (0,0) size 19x17
                  LayoutText {#text} at (0,5) size 19x17
                    text run at (0,5) width 16: "\x{60F3}"
          LayoutText {#text} at (74,195) size 19x16
            text run at (74,195) width 16: "\x{3001}"
          LayoutRuby (inline) {RUBY} at (0,0) size 19x16
            LayoutRubyRun (anonymous) at (74,210) size 20x18
              LayoutRubyText {RT} at (-14,0) size 16x18
                LayoutText {#text} at (2,0) size 12x18
                  text run at (2,0) width 18: "\x{3053}\x{3082}"
              LayoutRubyBase (anonymous) at (0,0) size 20x18
                LayoutInline {RB} at (0,0) size 19x16
                  LayoutText {#text} at (0,1) size 19x16
                    text run at (0,1) width 16: "\x{7C60}"
          LayoutText {#text} at (74,227) size 19x96
            text run at (74,227) width 96: "\x{308B}\x{3068}\x{305E}\x{77E5}\x{308C}\x{300D}"
          LayoutBR {BR} at (74,323) size 19x0
          LayoutText {#text} at (102,0) size 50x499
            text run at (102,0) width 499: "\x{3000}\x{306A}\x{308B}\x{307B}\x{3069}\x{3044}\x{304F}\x{3089}\x{8A69}\x{4EBA}\x{304C}\x{5E78}\x{798F}\x{3067}\x{3082}\x{3001}\x{3042}\x{306E}\x{96F2}\x{96C0}\x{306E}\x{3088}\x{3046}\x{306B}\x{601D}\x{3044}\x{5207}\x{3063}\x{3066}\x{3001}\x{4E00}"
            text run at (133,0) width 320: "\x{5FC3}\x{4E0D}\x{4E71}\x{306B}\x{3001}\x{524D}\x{5F8C}\x{3092}\x{5FD8}\x{5374}\x{3057}\x{3066}\x{3001}\x{308F}\x{304C}\x{559C}\x{3073}\x{3092}\x{6B4C}\x{3046}"
          LayoutRuby (inline) {RUBY} at (0,0) size 19x16
            LayoutRubyRun (anonymous) at (133,319) size 20x18
              LayoutRubyText {RT} at (-14,0) size 16x18
                LayoutText {#text} at (2,0) size 12x18
                  text run at (2,0) width 18: "\x{308F}\x{3051}"
              LayoutRubyBase (anonymous) at (0,0) size 20x18
                LayoutInline {RB} at (0,0) size 19x16
                  LayoutText {#text} at (0,1) size 19x16
                    text run at (0,1) width 16: "\x{8A33}"
          LayoutText {#text} at (133,336) size 50x496
            text run at (133,336) width 160: "\x{306B}\x{306F}\x{884C}\x{304F}\x{307E}\x{3044}\x{3002}\x{897F}\x{6D0B}\x{306E}"
            text run at (164,0) width 256: "\x{8A69}\x{306F}\x{7121}\x{8AD6}\x{306E}\x{4E8B}\x{3001}\x{652F}\x{90A3}\x{306E}\x{8A69}\x{306B}\x{3082}\x{3001}\x{3088}\x{304F}"
          LayoutRuby (inline) {RUBY} at (0,0) size 19x34
            LayoutRubyRun (anonymous) at (164,255) size 20x36
              LayoutRubyText {RT} at (-14,0) size 16x36
                LayoutText {#text} at (2,0) size 12x36
                  text run at (2,0) width 36: "\x{3070}\x{3093}\x{3053}\x{304F}"
              LayoutRubyBase (anonymous) at (0,0) size 20x36
                LayoutInline {RB} at (0,0) size 19x34
                  LayoutText {#text} at (0,1) size 19x34
                    text run at (0,1) width 34: "\x{4E07}\x{659B}"
          LayoutText {#text} at (164,290) size 19x16
            text run at (164,290) width 16: "\x{306E}"
          LayoutRuby (inline) {RUBY} at (0,0) size 19x19
            LayoutRubyRun (anonymous) at (164,302) size 20x27
              LayoutRubyText {RT} at (-14,0) size 16x27
                LayoutText {#text} at (2,0) size 12x27
                  text run at (2,0) width 27: "\x{3046}\x{308C}\x{3044}"
              LayoutRubyBase (anonymous) at (0,0) size 20x27
                LayoutInline {RB} at (0,0) size 19x17
                  LayoutText {#text} at (0,5) size 19x17
                    text run at (0,5) width 16: "\x{6101}"
          LayoutText {#text} at (164,325) size 50x501
            text run at (164,325) width 176: "\x{306A}\x{3069}\x{3068}\x{4E91}\x{3046}\x{5B57}\x{304C}\x{3042}\x{308B}\x{3002}\x{8A69}"
            text run at (195,0) width 112: "\x{4EBA}\x{3060}\x{304B}\x{3089}\x{4E07}\x{659B}\x{3067}"
          LayoutRuby (inline) {RUBY} at (0,0) size 19x34
            LayoutRubyRun (anonymous) at (195,111) size 20x36
              LayoutRubyText {RT} at (-14,0) size 16x36
                LayoutText {#text} at (2,0) size 12x36
                  text run at (2,0) width 36: "\x{3057}\x{308D}\x{3046}\x{3068}"
              LayoutRubyBase (anonymous) at (0,0) size 20x36
                LayoutInline {RB} at (0,0) size 19x34
                  LayoutText {#text} at (0,1) size 19x34
                    text run at (0,1) width 34: "\x{7D20}\x{4EBA}"
          LayoutText {#text} at (195,146) size 19x48
            text run at (195,146) width 48: "\x{306A}\x{3089}\x{4E00}"
          LayoutRuby (inline) {RUBY} at (0,0) size 19x16
            LayoutRubyRun (anonymous) at (195,193) size 20x18
              LayoutRubyText {RT} at (-14,0) size 16x18
                LayoutText {#text} at (2,0) size 12x18
                  text run at (2,0) width 18: "\x{3054}\x{3046}"
              LayoutRubyBase (anonymous) at (0,0) size 20x18
                LayoutInline {RB} at (0,0) size 19x16
                  LayoutText {#text} at (0,1) size 19x16
                    text run at (0,1) width 16: "\x{5408}"
          LayoutText {#text} at (195,210) size 50x498
            text run at (195,210) width 288: "\x{3067}\x{6E08}\x{3080}\x{304B}\x{3082}\x{77E5}\x{308C}\x{306C}\x{3002}\x{3057}\x{3066}\x{898B}\x{308B}\x{3068}\x{8A69}\x{4EBA}\x{306F}\x{5E38}"
            text run at (226,0) width 160: "\x{306E}\x{4EBA}\x{3088}\x{308A}\x{3082}\x{82E6}\x{52B4}\x{6027}\x{3067}\x{3001}"
          LayoutRuby (inline) {RUBY} at (0,0) size 19x34
            LayoutRubyRun (anonymous) at (226,159) size 20x36
              LayoutRubyText {RT} at (-14,0) size 16x36
                LayoutText {#text} at (2,0) size 12x36
                  text run at (2,0) width 36: "\x{307C}\x{3093}\x{3053}\x{3064}"
              LayoutRubyBase (anonymous) at (0,0) size 20x36
                LayoutInline {RB} at (0,0) size 19x34
                  LayoutText {#text} at (0,1) size 19x34
                    text run at (0,1) width 34: "\x{51E1}\x{9AA8}"
          LayoutText {#text} at (226,194) size 50x498
            text run at (226,194) width 304: "\x{306E}\x{500D}\x{4EE5}\x{4E0A}\x{306B}\x{795E}\x{7D4C}\x{304C}\x{92ED}\x{654F}\x{306A}\x{306E}\x{304B}\x{3082}\x{77E5}\x{308C}\x{3093}\x{3002}\x{8D85}"
            text run at (257,0) width 208: "\x{4FD7}\x{306E}\x{559C}\x{3073}\x{3082}\x{3042}\x{308D}\x{3046}\x{304C}\x{3001}\x{7121}\x{91CF}\x{306E}"
          LayoutRuby (inline) {RUBY} at (0,0) size 19x28
            LayoutRubyRun (anonymous) at (257,204) size 20x36
              LayoutRubyText {RT} at (-14,0) size 16x36
                LayoutText {#text} at (2,0) size 12x36
                  text run at (2,0) width 36: "\x{304B}\x{306A}\x{3057}\x{307F}"
              LayoutRubyBase (anonymous) at (0,0) size 20x36
                LayoutInline {RB} at (0,0) size 19x16
                  LayoutText {#text} at (0,10) size 19x16
                    text run at (0,10) width 16: "\x{60B2}"
          LayoutText {#text} at (257,236) size 47x492
            text run at (257,236) width 256: "\x{3082}\x{591A}\x{304B}\x{308D}\x{3046}\x{3002}\x{305D}\x{3093}\x{306A}\x{3089}\x{3070}\x{8A69}\x{4EBA}\x{306B}\x{306A}\x{308B}"
            text run at (285,0) width 112: "\x{306E}\x{3082}\x{8003}\x{3048}\x{7269}\x{3060}\x{3002}"
          LayoutBR {BR} at (285,112) size 19x0
          LayoutText {#text} at (316,0) size 19x131
            text run at (316,0) width 131: "\x{3000}\x{3057}\x{3070}\x{3089}\x{304F}\x{306F}\x{8DEF}\x{304C}"
          LayoutRuby (inline) {RUBY} at (0,0) size 19x19
            LayoutRubyRun (anonymous) at (316,127) size 20x27
              LayoutRubyText {RT} at (-14,0) size 16x27
                LayoutText {#text} at (2,0) size 12x27
                  text run at (2,0) width 27: "\x{305F}\x{3044}\x{3089}"
              LayoutRubyBase (anonymous) at (0,0) size 20x27
                LayoutInline {RB} at (0,0) size 19x17
                  LayoutText {#text} at (0,5) size 19x17
                    text run at (0,5) width 16: "\x{5E73}"
          LayoutText {#text} at (316,150) size 19x64
            text run at (316,150) width 64: "\x{3067}\x{3001}\x{53F3}\x{306F}"
          LayoutRuby (inline) {RUBY} at (0,0) size 19x48
            LayoutRubyRun (anonymous) at (316,214) size 20x48
              LayoutRubyText {RT} at (-14,0) size 16x48
                LayoutText {#text} at (2,0) size 12x48
                  text run at (2,0) width 47: "\x{305E}\x{3046}\x{304D}\x{3084}\x{307E}"
              LayoutRubyBase (anonymous) at (0,0) size 20x48
                LayoutInline {RB} at (0,0) size 19x48
                  LayoutText {#text} at (0,0) size 19x48
                    text run at (0,0) width 48: "\x{96D1}\x{6728}\x{5C71}"
          LayoutText {#text} at (316,262) size 50x502
            text run at (316,262) width 240: "\x{3001}\x{5DE6}\x{306F}\x{83DC}\x{306E}\x{82B1}\x{306E}\x{898B}\x{3064}\x{3065}\x{3051}\x{3067}\x{3042}\x{308B}\x{3002}"
            text run at (347,0) width 96: "\x{8DB3}\x{306E}\x{4E0B}\x{306B}\x{6642}\x{3005}"
          LayoutRuby (inline) {RUBY} at (0,0) size 19x48
            LayoutRubyRun (anonymous) at (347,96) size 20x48
              LayoutRubyText {RT} at (-14,0) size 16x48
                LayoutText {#text} at (2,1) size 12x46
                  text run at (2,1) width 45: "\x{305F}\x{3093}\x{307D}\x{307D}"
              LayoutRubyBase (anonymous) at (0,0) size 20x48
                LayoutInline {RB} at (0,0) size 19x48
                  LayoutText {#text} at (0,0) size 19x48
                    text run at (0,0) width 48: "\x{84B2}\x{516C}\x{82F1}"
          LayoutText {#text} at (347,144) size 19x112
            text run at (347,144) width 112: "\x{3092}\x{8E0F}\x{307F}\x{3064}\x{3051}\x{308B}\x{3002}"
          LayoutRuby (inline) {RUBY} at (0,0) size 19x28
            LayoutRubyRun (anonymous) at (347,252) size 20x36
              LayoutRubyText {RT} at (-14,0) size 16x36
                LayoutText {#text} at (2,0) size 12x36
                  text run at (2,0) width 36: "\x{306E}\x{3053}\x{304E}\x{308A}"
              LayoutRubyBase (anonymous) at (0,0) size 20x36
                LayoutInline {RB} at (0,0) size 19x16
                  LayoutText {#text} at (0,10) size 19x16
                    text run at (0,10) width 16: "\x{92F8}"
          LayoutText {#text} at (347,284) size 50x492
            text run at (347,284) width 208: "\x{306E}\x{3088}\x{3046}\x{306A}\x{8449}\x{304C}\x{9060}\x{616E}\x{306A}\x{304F}\x{56DB}\x{65B9}\x{3078}"
            text run at (378,0) width 144: "\x{306E}\x{3057}\x{3066}\x{771F}\x{4E2D}\x{306B}\x{9EC4}\x{8272}\x{306A}"
          LayoutRuby (inline) {RUBY} at (0,0) size 19x16
            LayoutRubyRun (anonymous) at (378,143) size 20x18
              LayoutRubyText {RT} at (-14,0) size 16x18
                LayoutText {#text} at (2,0) size 12x18
                  text run at (2,0) width 18: "\x{305F}\x{307E}"
              LayoutRubyBase (anonymous) at (0,0) size 20x18
                LayoutInline {RB} at (0,0) size 19x16
                  LayoutText {#text} at (0,1) size 19x16
                    text run at (0,1) width 16: "\x{73E0}"
          LayoutText {#text} at (378,160) size 78x496
            text run at (378,160) width 336: "\x{3092}\x{64C1}\x{8B77}\x{3057}\x{3066}\x{3044}\x{308B}\x{3002}\x{83DC}\x{306E}\x{82B1}\x{306B}\x{6C17}\x{3092}\x{3068}\x{3089}\x{308C}\x{3066}\x{3001}\x{8E0F}\x{307F}"
            text run at (406,0) width 496: "\x{3064}\x{3051}\x{305F}\x{3042}\x{3068}\x{3067}\x{3001}\x{6C17}\x{306E}\x{6BD2}\x{306A}\x{4E8B}\x{3092}\x{3057}\x{305F}\x{3068}\x{3001}\x{632F}\x{308A}\x{5411}\x{3044}\x{3066}\x{898B}\x{308B}\x{3068}\x{3001}\x{9EC4}\x{8272}\x{306A}\x{73E0}\x{306F}"
            text run at (437,0) width 160: "\x{4F9D}\x{7136}\x{3068}\x{3057}\x{3066}\x{92F8}\x{306E}\x{306A}\x{304B}\x{306B}"
          LayoutRuby (inline) {RUBY} at (0,0) size 19x32
            LayoutRubyRun (anonymous) at (437,160) size 20x32
              LayoutRubyText {RT} at (-14,0) size 16x32
                LayoutText {#text} at (2,0) size 12x31
                  text run at (2,0) width 30: "\x{3061}\x{3093}\x{3056}"
              LayoutRubyBase (anonymous) at (0,0) size 20x32
                LayoutInline {RB} at (0,0) size 19x32
                  LayoutText {#text} at (0,0) size 19x32
                    text run at (0,0) width 32: "\x{93AE}\x{5EA7}"
          LayoutText {#text} at (437,192) size 19x80
            text run at (437,192) width 80: "\x{3057}\x{3066}\x{3044}\x{308B}\x{3002}"
          LayoutRuby (inline) {RUBY} at (0,0) size 19x32
            LayoutRubyRun (anonymous) at (437,272) size 20x32
              LayoutRubyText {RT} at (-14,0) size 16x32
                LayoutText {#text} at (2,0) size 12x31
                  text run at (2,0) width 30: "\x{306E}\x{3093}\x{304D}"
              LayoutRubyBase (anonymous) at (0,0) size 20x32
                LayoutInline {RB} at (0,0) size 19x32
                  LayoutText {#text} at (0,0) size 19x32
                    text run at (0,0) width 32: "\x{5451}\x{6C17}"
          LayoutText {#text} at (437,304) size 47x496
            text run at (437,304) width 192: "\x{306A}\x{3082}\x{306E}\x{3060}\x{3002}\x{307E}\x{305F}\x{8003}\x{3048}\x{3092}\x{3064}\x{3065}"
            text run at (465,0) width 48: "\x{3051}\x{308B}\x{3002}"
          LayoutBR {BR} at (465,48) size 19x0
          LayoutText {#text} at (496,0) size 19x67
            text run at (496,0) width 67: "\x{3000}\x{8A69}\x{4EBA}\x{306B}"
          LayoutRuby (inline) {RUBY} at (0,0) size 19x19
            LayoutRubyRun (anonymous) at (496,63) size 20x27
              LayoutRubyText {RT} at (-14,0) size 16x27
                LayoutText {#text} at (2,0) size 12x27
                  text run at (2,0) width 27: "\x{3046}\x{308C}\x{3044}"
              LayoutRubyBase (anonymous) at (0,0) size 20x27
                LayoutInline {RB} at (0,0) size 19x17
                  LayoutText {#text} at (0,5) size 19x17
                    text run at (0,5) width 16: "\x{6182}"
          LayoutText {#text} at (496,86) size 19x240
            text run at (496,86) width 240: "\x{306F}\x{3064}\x{304D}\x{3082}\x{306E}\x{304B}\x{3082}\x{77E5}\x{308C}\x{306A}\x{3044}\x{304C}\x{3001}\x{3042}\x{306E}"
          LayoutRuby (inline) {RUBY} at (0,0) size 19x32
            LayoutRubyRun (anonymous) at (496,326) size 20x32
              LayoutRubyText {RT} at (-14,0) size 16x32
                LayoutText {#text} at (2,0) size 12x31
                  text run at (2,0) width 30: "\x{3072}\x{3070}\x{308A}"
              LayoutRubyBase (anonymous) at (0,0) size 20x32
                LayoutInline {RB} at (0,0) size 19x32
                  LayoutText {#text} at (0,0) size 19x32
                    text run at (0,0) width 32: "\x{96F2}\x{96C0}"
          LayoutText {#text} at (496,358) size 19x144
            text run at (496,358) width 144: "\x{3092}\x{805E}\x{304F}\x{5FC3}\x{6301}\x{306B}\x{306A}\x{308C}\x{3070}"
          LayoutRuby (inline) {RUBY} at (0,0) size 19x32
            LayoutRubyRun (anonymous) at (527,0) size 20x32
              LayoutRubyText {RT} at (-14,0) size 16x32
                LayoutText {#text} at (2,0) size 12x31
                  text run at (2,0) width 30: "\x{307F}\x{3058}\x{3093}"
              LayoutRubyBase (anonymous) at (0,0) size 20x32
                LayoutInline {RB} at (0,0) size 19x32
                  LayoutText {#text} at (0,0) size 19x32
                    text run at (0,0) width 32: "\x{5FAE}\x{5875}"
          LayoutText {#text} at (527,32) size 19x16
            text run at (527,32) width 16: "\x{306E}"
          LayoutRuby (inline) {RUBY} at (0,0) size 19x16
            LayoutRubyRun (anonymous) at (527,48) size 20x16
              LayoutRubyText {RT} at (-14,0) size 16x16
                LayoutText {#text} at (2,3) size 12x10
                  text run at (2,3) width 9: "\x{304F}"
              LayoutRubyBase (anonymous) at (0,0) size 20x16
                LayoutInline {RB} at (0,0) size 19x16
                  LayoutText {#text} at (0,0) size 19x16
                    text run at (0,0) width 16: "\x{82E6}"
          LayoutText {#text} at (527,64) size 19x336
            text run at (527,64) width 336: "\x{3082}\x{306A}\x{3044}\x{3002}\x{83DC}\x{306E}\x{82B1}\x{3092}\x{898B}\x{3066}\x{3082}\x{3001}\x{305F}\x{3060}\x{3046}\x{308C}\x{3057}\x{304F}\x{3066}\x{80F8}\x{304C}"
          LayoutRuby (inline) {RUBY} at (0,0) size 19x16
            LayoutRubyRun (anonymous) at (527,399) size 20x18
              LayoutRubyText {RT} at (-14,0) size 16x18
                LayoutText {#text} at (2,0) size 12x18
                  text run at (2,0) width 18: "\x{304A}\x{3069}"
              LayoutRubyBase (anonymous) at (0,0) size 20x18
                LayoutInline {RB} at (0,0) size 19x16
                  LayoutText {#text} at (0,1) size 19x16
                    text run at (0,1) width 16: "\x{8E8D}"
          LayoutText {#text} at (527,416) size 78x496
            text run at (527,416) width 64: "\x{308B}\x{3070}\x{304B}\x{308A}"
            text run at (555,0) width 496: "\x{3060}\x{3002}\x{84B2}\x{516C}\x{82F1}\x{3082}\x{305D}\x{306E}\x{901A}\x{308A}\x{3001}\x{685C}\x{3082}\x{2015}\x{2015}\x{685C}\x{306F}\x{3044}\x{3064}\x{304B}\x{898B}\x{3048}\x{306A}\x{304F}\x{306A}\x{3063}\x{305F}\x{3002}\x{3053}\x{3046}\x{5C71}"
            text run at (586,0) width 128: "\x{306E}\x{4E2D}\x{3078}\x{6765}\x{3066}\x{81EA}\x{7136}\x{306E}"
          LayoutRuby (inline) {RUBY} at (0,0) size 19x34
            LayoutRubyRun (anonymous) at (586,127) size 20x36
              LayoutRubyText {RT} at (-14,0) size 16x36
                LayoutText {#text} at (2,0) size 12x36
                  text run at (2,0) width 36: "\x{3051}\x{3044}\x{3076}\x{3064}"
              LayoutRubyBase (anonymous) at (0,0) size 20x36
                LayoutInline {RB} at (0,0) size 19x34
                  LayoutText {#text} at (0,1) size 19x34
                    text run at (0,1) width 34: "\x{666F}\x{7269}"
          LayoutText {#text} at (586,162) size 50x498
            text run at (586,162) width 336: "\x{306B}\x{63A5}\x{3059}\x{308C}\x{3070}\x{3001}\x{898B}\x{308B}\x{3082}\x{306E}\x{3082}\x{805E}\x{304F}\x{3082}\x{306E}\x{3082}\x{9762}\x{767D}\x{3044}\x{3002}\x{9762}"
            text run at (617,0) width 384: "\x{767D}\x{3044}\x{3060}\x{3051}\x{3067}\x{5225}\x{6BB5}\x{306E}\x{82E6}\x{3057}\x{307F}\x{3082}\x{8D77}\x{3089}\x{306C}\x{3002}\x{8D77}\x{308B}\x{3068}\x{3059}\x{308C}\x{3070}\x{8DB3}\x{304C}"
          LayoutRuby (inline) {RUBY} at (0,0) size 19x32
            LayoutRubyRun (anonymous) at (617,384) size 20x32
              LayoutRubyText {RT} at (-14,0) size 16x32
                LayoutText {#text} at (2,0) size 12x31
                  text run at (2,0) width 30: "\x{304F}\x{305F}\x{3073}"
              LayoutRubyBase (anonymous) at (0,0) size 20x32
                LayoutInline {RB} at (0,0) size 19x32
                  LayoutText {#text} at (0,0) size 19x32
                    text run at (0,0) width 32: "\x{8349}\x{81E5}"
          LayoutText {#text} at (617,416) size 19x48
            text run at (617,416) width 48: "\x{308C}\x{3066}\x{3001}"
          LayoutRuby (inline) {RUBY} at (0,0) size 19x16
            LayoutRubyRun (anonymous) at (617,463) size 20x18
              LayoutRubyText {RT} at (-14,0) size 16x18
                LayoutText {#text} at (2,0) size 12x18
                  text run at (2,0) width 18: "\x{3046}\x{307E}"
              LayoutRubyBase (anonymous) at (0,0) size 20x18
                LayoutInline {RB} at (0,0) size 19x16
                  LayoutText {#text} at (0,1) size 19x16
                    text run at (0,1) width 16: "\x{65E8}"
          LayoutText {#text} at (617,480) size 47x496
            text run at (617,480) width 16: "\x{3044}"
            text run at (645,0) width 272: "\x{3082}\x{306E}\x{304C}\x{98DF}\x{3079}\x{3089}\x{308C}\x{306C}\x{304F}\x{3089}\x{3044}\x{306E}\x{4E8B}\x{3060}\x{308D}\x{3046}\x{3002}"
          LayoutBR {BR} at (645,272) size 19x0
          LayoutText {#text} at (676,0) size 19x419
            text run at (676,0) width 419: "\x{3000}\x{3057}\x{304B}\x{3057}\x{82E6}\x{3057}\x{307F}\x{306E}\x{306A}\x{3044}\x{306E}\x{306F}\x{306A}\x{305C}\x{3060}\x{308D}\x{3046}\x{3002}\x{305F}\x{3060}\x{3053}\x{306E}\x{666F}\x{8272}\x{3092}\x{4E00}"
          LayoutRuby (inline) {RUBY} at (0,0) size 19x16
            LayoutRubyRun (anonymous) at (676,418) size 20x18
              LayoutRubyText {RT} at (-14,0) size 16x18
                LayoutText {#text} at (2,0) size 12x18
                  text run at (2,0) width 18: "\x{3077}\x{304F}"
              LayoutRubyBase (anonymous) at (0,0) size 20x18
                LayoutInline {RB} at (0,0) size 19x16
                  LayoutText {#text} at (0,1) size 19x16
                    text run at (0,1) width 16: "\x{5E45}"
          LayoutText {#text} at (676,435) size 19x16
            text run at (676,435) width 16: "\x{306E}"
          LayoutRuby (inline) {RUBY} at (0,0) size 19x16
            LayoutRubyRun (anonymous) at (676,451) size 20x16
              LayoutRubyText {RT} at (-14,0) size 16x16
                LayoutText {#text} at (2,3) size 12x10
                  text run at (2,3) width 9: "\x{3048}"
              LayoutRubyBase (anonymous) at (0,0) size 20x16
                LayoutInline {RB} at (0,0) size 19x16
                  LayoutText {#text} at (0,0) size 19x16
                    text run at (0,0) width 16: "\x{753B}"
          LayoutText {#text} at (676,467) size 50x499
            text run at (676,467) width 32: "\x{3068}\x{3057}"
            text run at (707,0) width 16: "\x{3066}"
          LayoutRuby (inline) {RUBY} at (0,0) size 19x16
            LayoutRubyRun (anonymous) at (707,16) size 20x16
              LayoutRubyText {RT} at (-14,0) size 16x16
                LayoutText {#text} at (2,3) size 12x10
                  text run at (2,3) width 9: "\x{307F}"
              LayoutRubyBase (anonymous) at (0,0) size 20x16
                LayoutInline {RB} at (0,0) size 19x16
                  LayoutText {#text} at (0,0) size 19x16
                    text run at (0,0) width 16: "\x{89B3}"
          LayoutText {#text} at (707,32) size 19x32
            text run at (707,32) width 32: "\x{3001}\x{4E00}"
          LayoutRuby (inline) {RUBY} at (0,0) size 19x16
            LayoutRubyRun (anonymous) at (707,63) size 20x18
              LayoutRubyText {RT} at (-14,0) size 16x18
                LayoutText {#text} at (2,0) size 12x18
                  text run at (2,0) width 18: "\x{304B}\x{3093}"
              LayoutRubyBase (anonymous) at (0,0) size 20x18
                LayoutInline {RB} at (0,0) size 19x16
                  LayoutText {#text} at (0,1) size 19x16
                    text run at (0,1) width 16: "\x{5DFB}"
          LayoutText {#text} at (707,80) size 19x208
            text run at (707,80) width 208: "\x{306E}\x{8A69}\x{3068}\x{3057}\x{3066}\x{8AAD}\x{3080}\x{304B}\x{3089}\x{3067}\x{3042}\x{308B}\x{3002}"
          LayoutRuby (inline) {RUBY} at (0,0) size 19x16
            LayoutRubyRun (anonymous) at (707,288) size 20x16
              LayoutRubyText {RT} at (-14,0) size 16x16
                LayoutText {#text} at (2,3) size 12x10
                  text run at (2,3) width 9: "\x{304C}"
              LayoutRubyBase (anonymous) at (0,0) size 20x16
                LayoutInline {RB} at (0,0) size 19x16
                  LayoutText {#text} at (0,0) size 19x16
                    text run at (0,0) width 16: "\x{753B}"
          LayoutText {#text} at (707,304) size 19x160
            text run at (707,304) width 160: "\x{3067}\x{3042}\x{308A}\x{8A69}\x{3067}\x{3042}\x{308B}\x{4EE5}\x{4E0A}\x{306F}"
          LayoutRuby (inline) {RUBY} at (0,0) size 19x32
            LayoutRubyRun (anonymous) at (707,464) size 20x32
              LayoutRubyText {RT} at (-14,0) size 16x32
                LayoutText {#text} at (2,0) size 12x31
                  text run at (2,0) width 30: "\x{3058}\x{3081}\x{3093}"
              LayoutRubyBase (anonymous) at (0,0) size 20x32
                LayoutInline {RB} at (0,0) size 19x32
                  LayoutText {#text} at (0,0) size 19x32
                    text run at (0,0) width 32: "\x{5730}\x{9762}"
          LayoutText {#text} at (738,0) size 19x368
            text run at (738,0) width 368: "\x{3092}\x{8CB0}\x{3063}\x{3066}\x{3001}\x{958B}\x{62D3}\x{3059}\x{308B}\x{6C17}\x{306B}\x{3082}\x{306A}\x{3089}\x{306D}\x{3070}\x{3001}\x{9244}\x{9053}\x{3092}\x{304B}\x{3051}\x{3066}"
          LayoutRuby (inline) {RUBY} at (0,0) size 19x34
            LayoutRubyRun (anonymous) at (738,367) size 20x36
              LayoutRubyText {RT} at (-14,0) size 16x36
                LayoutText {#text} at (2,0) size 12x36
                  text run at (2,0) width 36: "\x{3072}\x{3068}\x{3082}\x{3046}"
              LayoutRubyBase (anonymous) at (0,0) size 20x36
                LayoutInline {RB} at (0,0) size 19x34
                  LayoutText {#text} at (0,1) size 19x34
                    text run at (0,1) width 34: "\x{4E00}\x{5132}"
          LayoutText {#text} at (738,402) size 19x48
            text run at (738,402) width 48: "\x{3051}\x{3059}\x{308B}"
          LayoutRuby (inline) {RUBY} at (0,0) size 19x42
            LayoutRubyRun (anonymous) at (738,447) size 20x45
              LayoutRubyText {RT} at (-14,0) size 16x45
                LayoutText {#text} at (2,0) size 12x45
                  text run at (2,0) width 45: "\x{308A}\x{3087}\x{3046}\x{3051}\x{3093}"
              LayoutRubyBase (anonymous) at (0,0) size 20x45
                LayoutInline {RB} at (0,0) size 19x39
                  LayoutText {#text} at (0,3) size 19x39
                    text run at (0,3) width 38: "\x{4E86}\x{898B}"
          LayoutText {#text} at (769,0) size 19x256
            text run at (769,0) width 256: "\x{3082}\x{8D77}\x{3089}\x{306C}\x{3002}\x{305F}\x{3060}\x{3053}\x{306E}\x{666F}\x{8272}\x{304C}\x{2015}\x{2015}\x{8179}\x{306E}"
          LayoutRuby (inline) {RUBY} at (0,0) size 19x16
            LayoutRubyRun (anonymous) at (769,256) size 20x16
              LayoutRubyText {RT} at (-14,0) size 16x16
                LayoutText {#text} at (2,3) size 12x10
                  text run at (2,3) width 9: "\x{305F}"
              LayoutRubyBase (anonymous) at (0,0) size 20x16
                LayoutInline {RB} at (0,0) size 19x16
                  LayoutText {#text} at (0,0) size 19x16
                    text run at (0,0) width 16: "\x{8DB3}"
          LayoutText {#text} at (769,272) size 78x496
            text run at (769,272) width 224: "\x{3057}\x{306B}\x{3082}\x{306A}\x{3089}\x{306C}\x{3001}\x{6708}\x{7D66}\x{306E}\x{88DC}\x{3044}\x{306B}\x{3082}"
            text run at (797,0) width 496: "\x{306A}\x{3089}\x{306C}\x{3053}\x{306E}\x{666F}\x{8272}\x{304C}\x{666F}\x{8272}\x{3068}\x{3057}\x{3066}\x{306E}\x{307F}\x{3001}\x{4F59}\x{304C}\x{5FC3}\x{3092}\x{697D}\x{307E}\x{305B}\x{3064}\x{3064}\x{3042}\x{308B}\x{304B}\x{3089}\x{82E6}\x{52B4}"
            text run at (828,0) width 64: "\x{3082}\x{5FC3}\x{914D}\x{3082}"
          LayoutRuby (inline) {RUBY} at (0,0) size 19x19
            LayoutRubyRun (anonymous) at (828,60) size 20x27
              LayoutRubyText {RT} at (-14,0) size 16x27
                LayoutText {#text} at (2,0) size 12x27
                  text run at (2,0) width 27: "\x{3068}\x{3082}\x{306A}"
              LayoutRubyBase (anonymous) at (0,0) size 20x27
                LayoutInline {RB} at (0,0) size 19x17
                  LayoutText {#text} at (0,5) size 19x17
                    text run at (0,5) width 16: "\x{4F34}"
          LayoutText {#text} at (828,83) size 19x288
            text run at (828,83) width 288: "\x{308F}\x{306C}\x{306E}\x{3060}\x{308D}\x{3046}\x{3002}\x{81EA}\x{7136}\x{306E}\x{529B}\x{306F}\x{3053}\x{3053}\x{306B}\x{304A}\x{3044}\x{3066}"
          LayoutRuby (inline) {RUBY} at (0,0) size 19x16
            LayoutRubyRun (anonymous) at (828,370) size 20x18
              LayoutRubyText {RT} at (-14,0) size 16x18
                LayoutText {#text} at (2,0) size 12x18
                  text run at (2,0) width 18: "\x{305F}\x{3063}"
              LayoutRubyBase (anonymous) at (0,0) size 20x18
                LayoutInline {RB} at (0,0) size 19x16
                  LayoutText {#text} at (0,1) size 19x16
                    text run at (0,1) width 16: "\x{5C0A}"
          LayoutText {#text} at (828,387) size 50x499
            text run at (828,387) width 112: "\x{3068}\x{3044}\x{3002}\x{543E}\x{4EBA}\x{306E}\x{6027}"
            text run at (859,0) width 80: "\x{60C5}\x{3092}\x{77AC}\x{523B}\x{306B}"
          LayoutRuby (inline) {RUBY} at (0,0) size 19x32
            LayoutRubyRun (anonymous) at (859,80) size 20x32
              LayoutRubyText {RT} at (-14,0) size 16x32
                LayoutText {#text} at (2,0) size 12x31
                  text run at (2,0) width 30: "\x{3068}\x{3046}\x{3084}"
              LayoutRubyBase (anonymous) at (0,0) size 20x32
                LayoutInline {RB} at (0,0) size 19x32
                  LayoutText {#text} at (0,0) size 19x32
                    text run at (0,0) width 32: "\x{9676}\x{51B6}"
          LayoutText {#text} at (859,112) size 19x32
            text run at (859,112) width 32: "\x{3057}\x{3066}"
          LayoutRuby (inline) {RUBY} at (0,0) size 19x34
            LayoutRubyRun (anonymous) at (859,143) size 20x36
              LayoutRubyText {RT} at (-14,0) size 16x36
                LayoutText {#text} at (2,0) size 12x36
                  text run at (2,0) width 36: "\x{3058}\x{3085}\x{3093}\x{3053}"
              LayoutRubyBase (anonymous) at (0,0) size 20x36
                LayoutInline {RB} at (0,0) size 19x34
                  LayoutText {#text} at (0,1) size 19x34
                    text run at (0,1) width 34: "\x{9187}\x{4E4E}"
          LayoutText {#text} at (859,178) size 47x498
            text run at (859,178) width 320: "\x{3068}\x{3057}\x{3066}\x{9187}\x{306A}\x{308B}\x{8A69}\x{5883}\x{306B}\x{5165}\x{3089}\x{3057}\x{3080}\x{308B}\x{306E}\x{306F}\x{81EA}\x{7136}\x{3067}\x{3042}"
            text run at (887,0) width 32: "\x{308B}\x{3002}"
          LayoutBR {BR} at (887,32) size 19x0
          LayoutText {#text} at (915,0) size 50x499
            text run at (915,0) width 499: "\x{3000}\x{604B}\x{306F}\x{3046}\x{3064}\x{304F}\x{3057}\x{304B}\x{308D}\x{3001}\x{5B5D}\x{3082}\x{3046}\x{3064}\x{304F}\x{3057}\x{304B}\x{308D}\x{3001}\x{5FE0}\x{541B}\x{611B}\x{56FD}\x{3082}\x{7D50}\x{69CB}\x{3060}\x{308D}\x{3046}\x{3002}\x{3057}"
            text run at (946,0) width 112: "\x{304B}\x{3057}\x{81EA}\x{8EAB}\x{304C}\x{305D}\x{306E}"
          LayoutRuby (inline) {RUBY} at (0,0) size 19x19
            LayoutRubyRun (anonymous) at (946,108) size 20x27
              LayoutRubyText {RT} at (-14,0) size 16x27
                LayoutText {#text} at (2,0) size 12x27
                  text run at (2,0) width 27: "\x{304D}\x{3087}\x{304F}"
              LayoutRubyBase (anonymous) at (0,0) size 20x27
                LayoutInline {RB} at (0,0) size 19x17
                  LayoutText {#text} at (0,5) size 19x17
                    text run at (0,5) width 16: "\x{5C40}"
          LayoutText {#text} at (946,131) size 19x112
            text run at (946,131) width 112: "\x{306B}\x{5F53}\x{308C}\x{3070}\x{5229}\x{5BB3}\x{306E}"
          LayoutRuby (inline) {RUBY} at (0,0) size 19x32
            LayoutRubyRun (anonymous) at (946,243) size 20x32
              LayoutRubyText {RT} at (-14,0) size 16x32
                LayoutText {#text} at (2,0) size 12x31
                  text run at (2,0) width 30: "\x{3064}\x{3080}\x{3058}"
              LayoutRubyBase (anonymous) at (0,0) size 20x32
                LayoutInline {RB} at (0,0) size 19x32
                  LayoutText {#text} at (0,0) size 19x32
                    text run at (0,0) width 32: "\x{65CB}\x{98A8}"
          LayoutText {#text} at (946,275) size 19x16
            text run at (946,275) width 16: "\x{306B}"
          LayoutRuby (inline) {RUBY} at (0,0) size 19x16
            LayoutRubyRun (anonymous) at (946,291) size 20x16
              LayoutRubyText {RT} at (-14,0) size 16x16
                LayoutText {#text} at (2,3) size 12x10
                  text run at (2,3) width 9: "\x{307E}"
              LayoutRubyBase (anonymous) at (0,0) size 20x16
                LayoutInline {RB} at (0,0) size 19x16
                  LayoutText {#text} at (0,0) size 19x16
                    text run at (0,0) width 16: "\x{6372}"
          LayoutText {#text} at (946,307) size 50x499
            text run at (946,307) width 192: "\x{304D}\x{8FBC}\x{307E}\x{308C}\x{3066}\x{3001}\x{3046}\x{3064}\x{304F}\x{3057}\x{304D}\x{4E8B}"
            text run at (977,0) width 192: "\x{306B}\x{3082}\x{3001}\x{7D50}\x{69CB}\x{306A}\x{4E8B}\x{306B}\x{3082}\x{3001}\x{76EE}\x{306F}"
          LayoutRuby (inline) {RUBY} at (0,0) size 19x16
            LayoutRubyRun (anonymous) at (977,191) size 20x18
              LayoutRubyText {RT} at (-14,0) size 16x18
                LayoutText {#text} at (2,0) size 12x18
                  text run at (2,0) width 18: "\x{304F}\x{3089}"
              LayoutRubyBase (anonymous) at (0,0) size 20x18
                LayoutInline {RB} at (0,0) size 19x16
                  LayoutText {#text} at (0,1) size 19x16
                    text run at (0,1) width 16: "\x{7729}"
          LayoutText {#text} at (977,208) size 50x496
            text run at (977,208) width 288: "\x{3093}\x{3067}\x{3057}\x{307E}\x{3046}\x{3002}\x{3057}\x{305F}\x{304C}\x{3063}\x{3066}\x{3069}\x{3053}\x{306B}\x{8A69}\x{304C}\x{3042}\x{308B}"
            text run at (1008,0) width 80: "\x{304B}\x{81EA}\x{8EAB}\x{306B}\x{306F}"
          LayoutRuby (inline) {RUBY} at (0,0) size 19x16
            LayoutRubyRun (anonymous) at (1008,80) size 20x16
              LayoutRubyText {RT} at (-14,0) size 16x16
                LayoutText {#text} at (2,3) size 12x10
                  text run at (2,3) width 9: "\x{3052}"
              LayoutRubyBase (anonymous) at (0,0) size 20x16
                LayoutInline {RB} at (0,0) size 19x16
                  LayoutText {#text} at (0,0) size 19x16
                    text run at (0,0) width 16: "\x{89E3}"
          LayoutText {#text} at (1008,96) size 19x80
            text run at (1008,96) width 80: "\x{3057}\x{304B}\x{306D}\x{308B}\x{3002}"
          LayoutBR {BR} at (1008,176) size 19x0
          LayoutText {#text} at (1036,0) size 50x499
            text run at (1036,0) width 499: "\x{3000}\x{3053}\x{308C}\x{304C}\x{308F}\x{304B}\x{308B}\x{305F}\x{3081}\x{306B}\x{306F}\x{3001}\x{308F}\x{304B}\x{308B}\x{3060}\x{3051}\x{306E}\x{4F59}\x{88D5}\x{306E}\x{3042}\x{308B}\x{7B2C}\x{4E09}\x{8005}\x{306E}\x{5730}\x{4F4D}\x{306B}\x{7ACB}"
            text run at (1067,0) width 336: "\x{305F}\x{306D}\x{3070}\x{306A}\x{3089}\x{306C}\x{3002}\x{4E09}\x{8005}\x{306E}\x{5730}\x{4F4D}\x{306B}\x{7ACB}\x{3066}\x{3070}\x{3053}\x{305D}\x{829D}\x{5C45}\x{306F}"
          LayoutRuby (inline) {RUBY} at (0,0) size 19x16
            LayoutRubyRun (anonymous) at (1067,336) size 20x16
              LayoutRubyText {RT} at (-14,0) size 16x16
                LayoutText {#text} at (2,3) size 12x10
                  text run at (2,3) width 9: "\x{307F}"
              LayoutRubyBase (anonymous) at (0,0) size 20x16
                LayoutInline {RB} at (0,0) size 19x16
                  LayoutText {#text} at (0,0) size 19x16
                    text run at (0,0) width 16: "\x{89B3}"
          LayoutText {#text} at (1067,352) size 78x496
            text run at (1067,352) width 144: "\x{3066}\x{9762}\x{767D}\x{3044}\x{3002}\x{5C0F}\x{8AAC}\x{3082}\x{898B}"
            text run at (1095,0) width 496: "\x{3066}\x{9762}\x{767D}\x{3044}\x{3002}\x{829D}\x{5C45}\x{3092}\x{898B}\x{3066}\x{9762}\x{767D}\x{3044}\x{4EBA}\x{3082}\x{3001}\x{5C0F}\x{8AAC}\x{3092}\x{8AAD}\x{3093}\x{3067}\x{9762}\x{767D}\x{3044}\x{4EBA}\x{3082}\x{3001}\x{81EA}\x{5DF1}\x{306E}"
            text run at (1126,0) width 48: "\x{5229}\x{5BB3}\x{306F}"
          LayoutRuby (inline) {RUBY} at (0,0) size 19x16
            LayoutRubyRun (anonymous) at (1126,47) size 20x18
              LayoutRubyText {RT} at (-14,0) size 16x18
                LayoutText {#text} at (2,0) size 12x18
                  text run at (2,0) width 18: "\x{305F}\x{306A}"
              LayoutRubyBase (anonymous) at (0,0) size 20x18
                LayoutInline {RB} at (0,0) size 19x16
                  LayoutText {#text} at (0,1) size 19x16
                    text run at (0,1) width 16: "\x{68DA}"
          LayoutText {#text} at (1126,64) size 19x416
            text run at (1126,64) width 416: "\x{3078}\x{4E0A}\x{3052}\x{3066}\x{3044}\x{308B}\x{3002}\x{898B}\x{305F}\x{308A}\x{8AAD}\x{3093}\x{3060}\x{308A}\x{3059}\x{308B}\x{9593}\x{3060}\x{3051}\x{306F}\x{8A69}\x{4EBA}\x{3067}\x{3042}\x{308B}\x{3002}"
          LayoutBR {BR} at (1126,480) size 19x0
          LayoutText {#text} at (1157,0) size 19x307
            text run at (1157,0) width 307: "\x{3000}\x{305D}\x{308C}\x{3059}\x{3089}\x{3001}\x{666E}\x{901A}\x{306E}\x{829D}\x{5C45}\x{3084}\x{5C0F}\x{8AAC}\x{3067}\x{306F}\x{4EBA}\x{60C5}\x{3092}"
          LayoutRuby (inline) {RUBY} at (0,0) size 19x16
            LayoutRubyRun (anonymous) at (1157,306) size 20x18
              LayoutRubyText {RT} at (-14,0) size 16x18
                LayoutText {#text} at (2,0) size 12x18
                  text run at (2,0) width 18: "\x{307E}\x{306C}"
              LayoutRubyBase (anonymous) at (0,0) size 20x18
                LayoutInline {RB} at (0,0) size 19x16
                  LayoutText {#text} at (0,1) size 19x16
                    text run at (0,1) width 16: "\x{514D}"
          LayoutText {#text} at (1157,323) size 78x499
            text run at (1157,323) width 176: "\x{304B}\x{308C}\x{306C}\x{3002}\x{82E6}\x{3057}\x{3093}\x{3060}\x{308A}\x{3001}\x{6012}"
            text run at (1185,0) width 496: "\x{3063}\x{305F}\x{308A}\x{3001}\x{9A12}\x{3044}\x{3060}\x{308A}\x{3001}\x{6CE3}\x{3044}\x{305F}\x{308A}\x{3059}\x{308B}\x{3002}\x{898B}\x{308B}\x{3082}\x{306E}\x{3082}\x{3044}\x{3064}\x{304B}\x{305D}\x{306E}\x{4E2D}\x{306B}\x{540C}\x{5316}\x{3057}"
            text run at (1216,0) width 384: "\x{3066}\x{82E6}\x{3057}\x{3093}\x{3060}\x{308A}\x{3001}\x{6012}\x{3063}\x{305F}\x{308A}\x{3001}\x{9A12}\x{3044}\x{3060}\x{308A}\x{3001}\x{6CE3}\x{3044}\x{305F}\x{308A}\x{3059}\x{308B}\x{3002}"
          LayoutRuby (inline) {RUBY} at (0,0) size 19x32
            LayoutRubyRun (anonymous) at (1216,384) size 20x32
              LayoutRubyText {RT} at (-14,0) size 16x32
                LayoutText {#text} at (2,0) size 12x31
                  text run at (2,0) width 30: "\x{3068}\x{308A}\x{3048}"
              LayoutRubyBase (anonymous) at (0,0) size 20x32
                LayoutInline {RB} at (0,0) size 19x32
                  LayoutText {#text} at (0,0) size 19x32
                    text run at (0,0) width 32: "\x{53D6}\x{67C4}"
          LayoutText {#text} at (1216,416) size 19x64
            text run at (1216,416) width 64: "\x{306F}\x{5229}\x{617E}\x{304C}"
          LayoutRuby (inline) {RUBY} at (0,0) size 19x17
            LayoutRubyRun (anonymous) at (1216,479) size 20x18
              LayoutRubyText {RT} at (-14,0) size 16x18
                LayoutText {#text} at (2,0) size 12x18
                  text run at (2,0) width 18: "\x{307E}\x{3058}"
              LayoutRubyBase (anonymous) at (0,0) size 20x18
                LayoutInline {RB} at (0,0) size 19x16
                  LayoutText {#text} at (0,1) size 19x16
                    text run at (0,1) width 16: "\x{4EA4}"
          LayoutText {#text} at (1247,0) size 19x112
            text run at (1247,0) width 112: "\x{3089}\x{306C}\x{3068}\x{4E91}\x{3046}\x{70B9}\x{306B}"
          LayoutRuby (inline) {RUBY} at (0,0) size 19x16
            LayoutRubyRun (anonymous) at (1247,111) size 20x18
              LayoutRubyText {RT} at (-14,0) size 16x18
                LayoutText {#text} at (2,0) size 12x18
                  text run at (2,0) width 18: "\x{305D}\x{3093}"
              LayoutRubyBase (anonymous) at (0,0) size 20x18
                LayoutInline {RB} at (0,0) size 19x16
                  LayoutText {#text} at (0,1) size 19x16
                    text run at (0,1) width 16: "\x{5B58}"
          LayoutText {#text} at (1247,128) size 19x304
            text run at (1247,128) width 304: "\x{3059}\x{308B}\x{304B}\x{3082}\x{77E5}\x{308C}\x{306C}\x{304C}\x{3001}\x{4EA4}\x{3089}\x{306C}\x{3060}\x{3051}\x{306B}\x{305D}\x{306E}\x{4ED6}\x{306E}"
          LayoutRuby (inline) {RUBY} at (0,0) size 19x39
            LayoutRubyRun (anonymous) at (1247,429) size 20x45
              LayoutRubyText {RT} at (-14,0) size 16x45
                LayoutText {#text} at (2,0) size 12x45
                  text run at (2,0) width 45: "\x{3058}\x{3087}\x{3046}\x{3057}\x{3087}"
              LayoutRubyBase (anonymous) at (0,0) size 20x45
                LayoutInline {RB} at (0,0) size 19x39
                  LayoutText {#text} at (0,3) size 19x39
                    text run at (0,3) width 38: "\x{60C5}\x{7DD2}"
          LayoutText {#text} at (1247,471) size 50x503
            text run at (1247,471) width 32: "\x{306F}\x{5E38}"
            text run at (1278,0) width 272: "\x{3088}\x{308A}\x{306F}\x{4F59}\x{8A08}\x{306B}\x{6D3B}\x{52D5}\x{3059}\x{308B}\x{3060}\x{308D}\x{3046}\x{3002}\x{305D}\x{308C}\x{304C}"
          LayoutRuby (inline) {RUBY} at (0,0) size 19x16
            LayoutRubyRun (anonymous) at (1278,271) size 20x18
              LayoutRubyText {RT} at (-14,0) size 16x18
                LayoutText {#text} at (2,0) size 12x18
                  text run at (2,0) width 18: "\x{3044}\x{3084}"
              LayoutRubyBase (anonymous) at (0,0) size 20x18
                LayoutInline {RB} at (0,0) size 19x16
                  LayoutText {#text} at (0,1) size 19x16
                    text run at (0,1) width 16: "\x{5ACC}"
          LayoutText {#text} at (1278,288) size 19x32
            text run at (1278,288) width 32: "\x{3060}\x{3002}"
          LayoutBR {BR} at (1278,320) size 19x0
          LayoutText {#text} at (1306,0) size 50x483
            text run at (1306,0) width 483: "\x{3000}\x{82E6}\x{3057}\x{3093}\x{3060}\x{308A}\x{3001}\x{6012}\x{3063}\x{305F}\x{308A}\x{3001}\x{9A12}\x{3044}\x{3060}\x{308A}\x{3001}\x{6CE3}\x{3044}\x{305F}\x{308A}\x{306F}\x{4EBA}\x{306E}\x{4E16}\x{306B}\x{3064}\x{304D}\x{3082}\x{306E}"
            text run at (1337,0) width 192: "\x{3060}\x{3002}\x{4F59}\x{3082}\x{4E09}\x{5341}\x{5E74}\x{306E}\x{9593}\x{305D}\x{308C}\x{3092}"
          LayoutRuby (inline) {RUBY} at (0,0) size 19x32
            LayoutRubyRun (anonymous) at (1337,192) size 20x32
              LayoutRubyText {RT} at (-14,0) size 16x32
                LayoutText {#text} at (2,0) size 12x31
                  text run at (2,0) width 30: "\x{3057}\x{3068}\x{304A}"
              LayoutRubyBase (anonymous) at (0,0) size 20x32
                LayoutInline {RB} at (0,0) size 19x32
                  LayoutText {#text} at (0,0) size 19x32
                    text run at (0,0) width 32: "\x{4ED5}\x{901A}"
          LayoutText {#text} at (1337,224) size 19x48
            text run at (1337,224) width 48: "\x{3057}\x{3066}\x{3001}"
          LayoutRuby (inline) {RUBY} at (0,0) size 19x34
            LayoutRubyRun (anonymous) at (1337,271) size 20x36
              LayoutRubyText {RT} at (-14,0) size 16x36
                LayoutText {#text} at (2,0) size 12x36
                  text run at (2,0) width 36: "\x{3042}\x{304D}\x{3042}\x{304D}"
              LayoutRubyBase (anonymous) at (0,0) size 20x36
                LayoutInline {RB} at (0,0) size 19x34
                  LayoutText {#text} at (0,1) size 19x34
                    text run at (0,1) width 34: "\x{98FD}\x{3005}"
          LayoutText {#text} at (1337,306) size 19x48
            text run at (1337,306) width 48: "\x{3057}\x{305F}\x{3002}"
          LayoutRuby (inline) {RUBY} at (0,0) size 19x16
            LayoutRubyRun (anonymous) at (1337,354) size 20x16
              LayoutRubyText {RT} at (-14,0) size 16x16
                LayoutText {#text} at (2,3) size 12x10
                  text run at (2,3) width 9: "\x{3042}"
              LayoutRubyBase (anonymous) at (0,0) size 20x16
                LayoutInline {RB} at (0,0) size 19x16
                  LayoutText {#text} at (0,0) size 19x16
                    text run at (0,0) width 16: "\x{98FD}"
          LayoutText {#text} at (1337,370) size 78x498
            text run at (1337,370) width 128: "\x{304D}\x{98FD}\x{304D}\x{3057}\x{305F}\x{4E0A}\x{306B}\x{829D}"
            text run at (1365,0) width 496: "\x{5C45}\x{3084}\x{5C0F}\x{8AAC}\x{3067}\x{540C}\x{3058}\x{523A}\x{6FC0}\x{3092}\x{7E70}\x{308A}\x{8FD4}\x{3057}\x{3066}\x{306F}\x{5927}\x{5909}\x{3060}\x{3002}\x{4F59}\x{304C}\x{6B32}\x{3059}\x{308B}\x{8A69}\x{306F}\x{305D}\x{3093}\x{306A}\x{4E16}"
            text run at (1396,0) width 96: "\x{9593}\x{7684}\x{306E}\x{4EBA}\x{60C5}\x{3092}"
          LayoutRuby (inline) {RUBY} at (0,0) size 19x32
            LayoutRubyRun (anonymous) at (1396,96) size 20x32
              LayoutRubyText {RT} at (-14,0) size 16x32
                LayoutText {#text} at (2,3) size 12x26
                  text run at (2,3) width 25: "\x{3053}\x{3076}"
              LayoutRubyBase (anonymous) at (0,0) size 20x32
                LayoutInline {RB} at (0,0) size 19x32
                  LayoutText {#text} at (0,0) size 19x32
                    text run at (0,0) width 32: "\x{9F13}\x{821E}"
          LayoutText {#text} at (1396,128) size 50x496
            text run at (1396,128) width 368: "\x{3059}\x{308B}\x{3088}\x{3046}\x{306A}\x{3082}\x{306E}\x{3067}\x{306F}\x{306A}\x{3044}\x{3002}\x{4FD7}\x{5FF5}\x{3092}\x{653E}\x{68C4}\x{3057}\x{3066}\x{3001}\x{3057}\x{3070}\x{3089}"
            text run at (1427,0) width 48: "\x{304F}\x{3067}\x{3082}"
          LayoutRuby (inline) {RUBY} at (0,0) size 19x34
            LayoutRubyRun (anonymous) at (1427,47) size 20x36
              LayoutRubyText {RT} at (-14,0) size 16x36
                LayoutText {#text} at (2,0) size 12x36
                  text run at (2,0) width 36: "\x{3058}\x{3093}\x{304B}\x{3044}"
              LayoutRubyBase (anonymous) at (0,0) size 20x36
                LayoutInline {RB} at (0,0) size 19x34
                  LayoutText {#text} at (0,1) size 19x34
                    text run at (0,1) width 34: "\x{5875}\x{754C}"
          LayoutText {#text} at (1427,82) size 106x498
            text run at (1427,82) width 416: "\x{3092}\x{96E2}\x{308C}\x{305F}\x{5FC3}\x{6301}\x{3061}\x{306B}\x{306A}\x{308C}\x{308B}\x{8A69}\x{3067}\x{3042}\x{308B}\x{3002}\x{3044}\x{304F}\x{3089}\x{5091}\x{4F5C}\x{3067}\x{3082}\x{4EBA}\x{60C5}\x{3092}"
            text run at (1455,0) width 496: "\x{96E2}\x{308C}\x{305F}\x{829D}\x{5C45}\x{306F}\x{306A}\x{3044}\x{3001}\x{7406}\x{975E}\x{3092}\x{7D76}\x{3057}\x{305F}\x{5C0F}\x{8AAC}\x{306F}\x{5C11}\x{304B}\x{308D}\x{3046}\x{3002}\x{3069}\x{3053}\x{307E}\x{3067}\x{3082}\x{4E16}\x{9593}\x{3092}"
            text run at (1483,0) width 496: "\x{51FA}\x{308B}\x{4E8B}\x{304C}\x{51FA}\x{6765}\x{306C}\x{306E}\x{304C}\x{5F7C}\x{3089}\x{306E}\x{7279}\x{8272}\x{3067}\x{3042}\x{308B}\x{3002}\x{3053}\x{3068}\x{306B}\x{897F}\x{6D0B}\x{306E}\x{8A69}\x{306B}\x{306A}\x{308B}\x{3068}\x{3001}\x{4EBA}"
            text run at (1514,0) width 208: "\x{4E8B}\x{304C}\x{6839}\x{672C}\x{306B}\x{306A}\x{308B}\x{304B}\x{3089}\x{3044}\x{308F}\x{3086}\x{308B}"
          LayoutRuby (inline) {RUBY} at (0,0) size 19x32
            LayoutRubyRun (anonymous) at (1514,208) size 20x32
              LayoutRubyText {RT} at (-14,0) size 16x32
                LayoutText {#text} at (2,0) size 12x31
                  text run at (2,0) width 30: "\x{3057}\x{3044}\x{304B}"
              LayoutRubyBase (anonymous) at (0,0) size 20x32
                LayoutInline {RB} at (0,0) size 19x32
                  LayoutText {#text} at (0,0) size 19x32
                    text run at (0,0) width 32: "\x{8A69}\x{6B4C}"
          LayoutText {#text} at (1514,240) size 19x160
            text run at (1514,240) width 160: "\x{306E}\x{7D14}\x{7C8B}\x{306A}\x{308B}\x{3082}\x{306E}\x{3082}\x{3053}\x{306E}"
          LayoutRuby (inline) {RUBY} at (0,0) size 19x19
            LayoutRubyRun (anonymous) at (1514,396) size 20x27
              LayoutRubyText {RT} at (-14,0) size 16x27
                LayoutText {#text} at (2,0) size 12x27
                  text run at (2,0) width 27: "\x{304D}\x{3087}\x{3046}"
              LayoutRubyBase (anonymous) at (0,0) size 20x27
                LayoutInline {RB} at (0,0) size 19x17
                  LayoutText {#text} at (0,5) size 19x17
                    text run at (0,5) width 16: "\x{5883}"
          LayoutText {#text} at (1514,419) size 19x16
            text run at (1514,419) width 16: "\x{3092}"
          LayoutRuby (inline) {RUBY} at (0,0) size 19x32
            LayoutRubyRun (anonymous) at (1514,435) size 20x32
              LayoutRubyText {RT} at (-14,0) size 16x32
                LayoutText {#text} at (2,0) size 12x31
                  text run at (2,0) width 30: "\x{3052}\x{3060}\x{3064}"
              LayoutRubyBase (anonymous) at (0,0) size 20x32
                LayoutInline {RB} at (0,0) size 19x32
                  LayoutText {#text} at (0,0) size 19x32
                    text run at (0,0) width 32: "\x{89E3}\x{8131}"
          LayoutText {#text} at (1514,467) size 78x499
            text run at (1514,467) width 32: "\x{3059}\x{308B}"
            text run at (1542,0) width 496: "\x{4E8B}\x{3092}\x{77E5}\x{3089}\x{306C}\x{3002}\x{3069}\x{3053}\x{307E}\x{3067}\x{3082}\x{540C}\x{60C5}\x{3060}\x{3068}\x{304B}\x{3001}\x{611B}\x{3060}\x{3068}\x{304B}\x{3001}\x{6B63}\x{7FA9}\x{3060}\x{3068}\x{304B}\x{3001}\x{81EA}\x{7531}\x{3060}"
            text run at (1573,0) width 48: "\x{3068}\x{304B}\x{3001}"
          LayoutRuby (inline) {RUBY} at (0,0) size 19x32
            LayoutRubyRun (anonymous) at (1573,48) size 20x32
              LayoutRubyText {RT} at (-14,0) size 16x32
                LayoutText {#text} at (2,0) size 12x31
                  text run at (2,0) width 30: "\x{3046}\x{304D}\x{3088}"
              LayoutRubyBase (anonymous) at (0,0) size 20x32
                LayoutInline {RB} at (0,0) size 19x32
                  LayoutText {#text} at (0,0) size 19x32
                    text run at (0,0) width 32: "\x{6D6E}\x{4E16}"
          LayoutText {#text} at (1573,80) size 19x16
            text run at (1573,80) width 16: "\x{306E}"
          LayoutRuby (inline) {RUBY} at (0,0) size 19x48
            LayoutRubyRun (anonymous) at (1573,96) size 20x48
              LayoutRubyText {RT} at (-14,0) size 16x48
                LayoutText {#text} at (2,0) size 12x48
                  text run at (2,0) width 47: "\x{304B}\x{3093}\x{3053}\x{3046}\x{3070}"
              LayoutRubyBase (anonymous) at (0,0) size 20x48
                LayoutInline {RB} at (0,0) size 19x48
                  LayoutText {#text} at (0,0) size 19x48
                    text run at (0,0) width 48: "\x{52E7}\x{5DE5}\x{5834}"
          LayoutText {#text} at (1573,144) size 19x160
            text run at (1573,144) width 160: "\x{306B}\x{3042}\x{308B}\x{3082}\x{306E}\x{3060}\x{3051}\x{3067}\x{7528}\x{3092}"
          LayoutRuby (inline) {RUBY} at (0,0) size 19x16
            LayoutRubyRun (anonymous) at (1573,303) size 20x18
              LayoutRubyText {RT} at (-14,0) size 16x18
                LayoutText {#text} at (2,0) size 12x18
                  text run at (2,0) width 18: "\x{3079}\x{3093}"
              LayoutRubyBase (anonymous) at (0,0) size 20x18
                LayoutInline {RB} at (0,0) size 19x16
                  LayoutText {#text} at (0,1) size 19x16
                    text run at (0,1) width 16: "\x{5F01}"
          LayoutText {#text} at (1573,320) size 50x496
            text run at (1573,320) width 176: "\x{3058}\x{3066}\x{3044}\x{308B}\x{3002}\x{3044}\x{304F}\x{3089}\x{8A69}\x{7684}\x{306B}"
            text run at (1604,0) width 144: "\x{306A}\x{3063}\x{3066}\x{3082}\x{5730}\x{9762}\x{306E}\x{4E0A}\x{3092}"
          LayoutRuby (inline) {RUBY} at (0,0) size 19x16
            LayoutRubyRun (anonymous) at (1604,144) size 20x16
              LayoutRubyText {RT} at (-14,0) size 16x16
                LayoutText {#text} at (2,3) size 12x10
                  text run at (2,3) width 9: "\x{304B}"
              LayoutRubyBase (anonymous) at (0,0) size 20x16
                LayoutInline {RB} at (0,0) size 19x16
                  LayoutText {#text} at (0,0) size 19x16
                    text run at (0,0) width 16: "\x{99B3}"
          LayoutText {#text} at (1604,160) size 19x112
            text run at (1604,160) width 112: "\x{3051}\x{3066}\x{3042}\x{308B}\x{3044}\x{3066}\x{3001}"
          LayoutRuby (inline) {RUBY} at (0,0) size 19x16
            LayoutRubyRun (anonymous) at (1604,271) size 20x18
              LayoutRubyText {RT} at (-14,0) size 16x18
                LayoutText {#text} at (2,0) size 12x18
                  text run at (2,0) width 18: "\x{305C}\x{306B}"
              LayoutRubyBase (anonymous) at (0,0) size 20x18
                LayoutInline {RB} at (0,0) size 19x16
                  LayoutText {#text} at (0,1) size 19x16
                    text run at (0,1) width 16: "\x{92AD}"
          LayoutText {#text} at (1604,288) size 50x496
            text run at (1604,288) width 208: "\x{306E}\x{52D8}\x{5B9A}\x{3092}\x{5FD8}\x{308C}\x{308B}\x{3072}\x{307E}\x{304C}\x{306A}\x{3044}\x{3002}"
            text run at (1635,0) width 80: "\x{30B7}\x{30A7}\x{30EC}\x{30FC}\x{304C}"
          LayoutRuby (inline) {RUBY} at (0,0) size 19x32
            LayoutRubyRun (anonymous) at (1635,80) size 20x32
              LayoutRubyText {RT} at (-14,0) size 16x32
                LayoutText {#text} at (2,0) size 12x31
                  text run at (2,0) width 30: "\x{3072}\x{3070}\x{308A}"
              LayoutRubyBase (anonymous) at (0,0) size 20x32
                LayoutInline {RB} at (0,0) size 19x32
                  LayoutText {#text} at (0,0) size 19x32
                    text run at (0,0) width 32: "\x{96F2}\x{96C0}"
          LayoutText {#text} at (1635,112) size 19x256
            text run at (1635,112) width 256: "\x{3092}\x{805E}\x{3044}\x{3066}\x{5606}\x{606F}\x{3057}\x{305F}\x{306E}\x{3082}\x{7121}\x{7406}\x{306F}\x{306A}\x{3044}\x{3002}"
          LayoutBR {BR} at (1635,368) size 19x0
          LayoutText {#text} at (1666,0) size 19x163
            text run at (1666,0) width 163: "\x{3000}\x{3046}\x{308C}\x{3057}\x{3044}\x{4E8B}\x{306B}\x{6771}\x{6D0B}\x{306E}"
          LayoutRuby (inline) {RUBY} at (0,0) size 19x32
            LayoutRubyRun (anonymous) at (1666,163) size 20x32
              LayoutRubyText {RT} at (-14,0) size 16x32
                LayoutText {#text} at (2,0) size 12x31
                  text run at (2,0) width 30: "\x{3057}\x{3044}\x{304B}"
              LayoutRubyBase (anonymous) at (0,0) size 20x32
                LayoutInline {RB} at (0,0) size 19x32
                  LayoutText {#text} at (0,0) size 19x32
                    text run at (0,0) width 32: "\x{8A69}\x{6B4C}"
          LayoutText {#text} at (1666,195) size 19x64
            text run at (1666,195) width 64: "\x{306F}\x{305D}\x{3053}\x{3092}"
          LayoutRuby (inline) {RUBY} at (0,0) size 19x32
            LayoutRubyRun (anonymous) at (1666,259) size 20x32
              LayoutRubyText {RT} at (-14,0) size 16x32
                LayoutText {#text} at (2,0) size 12x31
                  text run at (2,0) width 30: "\x{3052}\x{3060}\x{3064}"
              LayoutRubyBase (anonymous) at (0,0) size 20x32
                LayoutInline {RB} at (0,0) size 19x32
                  LayoutText {#text} at (0,0) size 19x32
                    text run at (0,0) width 32: "\x{89E3}\x{8131}"
          LayoutText {#text} at (1666,291) size 19x112
            text run at (1666,291) width 112: "\x{3057}\x{305F}\x{306E}\x{304C}\x{3042}\x{308B}\x{3002}"
          LayoutRuby (inline) {RUBY} at (0,0) size 19x42
            LayoutRubyRun (anonymous) at (1666,400) size 20x45
              LayoutRubyText {RT} at (-14,0) size 16x45
                LayoutText {#text} at (2,0) size 12x45
                  text run at (2,0) width 45: "\x{304D}\x{304F}\x{3092}\x{3068}\x{308B}"
              LayoutRubyBase (anonymous) at (0,0) size 20x45
                LayoutInline {RB} at (0,0) size 19x39
                  LayoutText {#text} at (0,3) size 19x39
                    text run at (0,3) width 38: "\x{63A1}\x{83CA}"
          LayoutRuby (inline) {RUBY} at (0,0) size 19x53
            LayoutRubyRun (anonymous) at (1697,0) size 20x54
              LayoutRubyText {RT} at (-14,0) size 16x54
                LayoutText {#text} at (2,0) size 12x54
                  text run at (2,0) width 54: "\x{3068}\x{3046}\x{308A}\x{306E}\x{3082}\x{3068}"
              LayoutRubyBase (anonymous) at (0,0) size 20x54
                LayoutInline {RB} at (0,0) size 19x52
                  LayoutText {#text} at (0,1) size 19x52
                    text run at (0,1) width 52: "\x{6771}\x{7C6C}\x{4E0B}"
          LayoutText {#text} at (1697,53) size 19x16
            text run at (1697,53) width 16: "\x{3001}"
          LayoutRuby (inline) {RUBY} at (0,0) size 19x59
            LayoutRubyRun (anonymous) at (1697,65) size 20x63
              LayoutRubyText {RT} at (-14,0) size 16x63
                LayoutText {#text} at (2,0) size 12x63
                  text run at (2,0) width 63: "\x{3086}\x{3046}\x{305C}\x{3093}\x{3068}\x{3057}\x{3066}"
              LayoutRubyBase (anonymous) at (0,0) size 20x63
                LayoutInline {RB} at (0,0) size 19x48
                  LayoutText {#text} at (0,7) size 19x48
                    text run at (0,7) width 47: "\x{60A0}\x{7136}"
          LayoutRuby (inline) {RUBY} at (0,0) size 19x61
            LayoutRubyRun (anonymous) at (1697,128) size 20x63
              LayoutRubyText {RT} at (-14,0) size 16x63
                LayoutText {#text} at (2,0) size 12x63
                  text run at (2,0) width 63: "\x{306A}\x{3093}\x{3056}\x{3093}\x{3092}\x{307F}\x{308B}"
              LayoutRubyBase (anonymous) at (0,0) size 20x63
                LayoutInline {RB} at (0,0) size 19x59
                  LayoutText {#text} at (0,2) size 19x59
                    text run at (0,2) width 58: "\x{898B}\x{5357}\x{5C71}"
          LayoutText {#text} at (1697,189) size 19x128
            text run at (1697,189) width 128: "\x{3002}\x{305F}\x{3060}\x{305D}\x{308C}\x{304E}\x{308A}\x{306E}"
          LayoutRuby (inline) {RUBY} at (0,0) size 19x16
            LayoutRubyRun (anonymous) at (1697,316) size 20x18
              LayoutRubyText {RT} at (-14,0) size 16x18
                LayoutText {#text} at (2,0) size 12x18
                  text run at (2,0) width 18: "\x{3046}\x{3061}"
              LayoutRubyBase (anonymous) at (0,0) size 20x18
                LayoutInline {RB} at (0,0) size 19x16
                  LayoutText {#text} at (0,1) size 19x16
                    text run at (0,1) width 16: "\x{88CF}"
          LayoutText {#text} at (1697,333) size 50x493
            text run at (1697,333) width 160: "\x{306B}\x{6691}\x{82E6}\x{3057}\x{3044}\x{4E16}\x{306E}\x{4E2D}\x{3092}\x{307E}"
            text run at (1728,0) width 368: "\x{308B}\x{3067}\x{5FD8}\x{308C}\x{305F}\x{5149}\x{666F}\x{304C}\x{51FA}\x{3066}\x{304F}\x{308B}\x{3002}\x{57A3}\x{306E}\x{5411}\x{3046}\x{306B}\x{96A3}\x{308A}\x{306E}\x{5A18}\x{304C}"
          LayoutRuby (inline) {RUBY} at (0,0) size 19x16
            LayoutRubyRun (anonymous) at (1728,367) size 20x18
              LayoutRubyText {RT} at (-14,0) size 16x18
                LayoutText {#text} at (2,0) size 12x18
                  text run at (2,0) width 18: "\x{306E}\x{305E}"
              LayoutRubyBase (anonymous) at (0,0) size 20x18
                LayoutInline {RB} at (0,0) size 19x16
                  LayoutText {#text} at (0,1) size 19x16
                    text run at (0,1) width 16: "\x{8997}"
          LayoutText {#text} at (1728,384) size 50x496
            text run at (1728,384) width 112: "\x{3044}\x{3066}\x{308B}\x{8A33}\x{3067}\x{3082}\x{306A}"
            text run at (1759,0) width 64: "\x{3051}\x{308C}\x{3070}\x{3001}"
          LayoutRuby (inline) {RUBY} at (0,0) size 19x34
            LayoutRubyRun (anonymous) at (1759,63) size 20x36
              LayoutRubyText {RT} at (-14,0) size 16x36
                LayoutText {#text} at (2,0) size 12x36
                  text run at (2,0) width 36: "\x{306A}\x{3093}\x{3056}\x{3093}"
              LayoutRubyBase (anonymous) at (0,0) size 20x36
                LayoutInline {RB} at (0,0) size 19x34
                  LayoutText {#text} at (0,1) size 19x34
                    text run at (0,1) width 34: "\x{5357}\x{5C71}"
          LayoutText {#text} at (1759,98) size 19x320
            text run at (1759,98) width 320: "\x{306B}\x{89AA}\x{53CB}\x{304C}\x{5949}\x{8077}\x{3057}\x{3066}\x{3044}\x{308B}\x{6B21}\x{7B2C}\x{3067}\x{3082}\x{306A}\x{3044}\x{3002}\x{8D85}\x{7136}\x{3068}"
          LayoutRuby (inline) {RUBY} at (0,0) size 19x70
            LayoutRubyRun (anonymous) at (1759,417) size 20x72
              LayoutRubyText {RT} at (-14,0) size 16x72
                LayoutText {#text} at (2,0) size 12x72
                  text run at (2,0) width 72: "\x{3057}\x{3085}\x{3063}\x{305B}\x{3051}\x{3093}\x{3066}\x{304D}"
              LayoutRubyBase (anonymous) at (0,0) size 20x72
                LayoutInline {RB} at (0,0) size 19x70
                  LayoutText {#text} at (0,1) size 19x70
                    text run at (0,1) width 70: "\x{51FA}\x{4E16}\x{9593}\x{7684}"
          LayoutText {#text} at (1759,488) size 50x504
            text run at (1759,488) width 16: "\x{306B}"
            text run at (1790,0) width 320: "\x{5229}\x{5BB3}\x{640D}\x{5F97}\x{306E}\x{6C57}\x{3092}\x{6D41}\x{3057}\x{53BB}\x{3063}\x{305F}\x{5FC3}\x{6301}\x{3061}\x{306B}\x{306A}\x{308C}\x{308B}\x{3002}"
          LayoutRuby (inline) {RUBY} at (0,0) size 19x23
            LayoutRubyRun (anonymous) at (1790,316) size 20x27
              LayoutRubyText {RT} at (-14,0) size 16x27
                LayoutText {#text} at (2,0) size 12x27
                  text run at (2,0) width 27: "\x{3072}\x{3068}\x{308A}"
              LayoutRubyBase (anonymous) at (0,0) size 20x27
                LayoutInline {RB} at (0,0) size 19x17
                  LayoutText {#text} at (0,5) size 19x17
                    text run at (0,5) width 16: "\x{72EC}"
          LayoutRuby (inline) {RUBY} at (0,0) size 19x87
            LayoutRubyRun (anonymous) at (1790,343) size 20x90
              LayoutRubyText {RT} at (-14,0) size 16x90
                LayoutText {#text} at (2,0) size 12x90
                  text run at (2,0) width 90: "\x{3086}\x{3046}\x{3053}\x{3046}\x{306E}\x{3046}\x{3061}\x{306B}\x{3056}\x{3057}"
              LayoutRubyBase (anonymous) at (0,0) size 20x90
                LayoutInline {RB} at (0,0) size 19x84
                  LayoutText {#text} at (0,3) size 19x84
                    text run at (0,3) width 83: "\x{5750}\x{5E7D}\x{7BC1}\x{88CF}"
          LayoutText {#text} at (1790,430) size 19x16
            text run at (1790,430) width 16: "\x{3001}"
          LayoutRuby (inline) {RUBY} at (0,0) size 19x63
            LayoutRubyRun (anonymous) at (1821,0) size 20x63
              LayoutRubyText {RT} at (-14,0) size 16x63
                LayoutText {#text} at (2,0) size 12x63
                  text run at (2,0) width 63: "\x{304D}\x{3093}\x{3092}\x{3060}\x{3093}\x{3058}\x{3066}"
              LayoutRubyBase (anonymous) at (0,0) size 20x63
                LayoutInline {RB} at (0,0) size 19x48
                  LayoutText {#text} at (0,7) size 19x48
                    text run at (0,7) width 47: "\x{5F3E}\x{7434}"
          LayoutRuby (inline) {RUBY} at (0,0) size 19x77
            LayoutRubyRun (anonymous) at (1821,63) size 20x81
              LayoutRubyText {RT} at (-14,0) size 16x81
                LayoutText {#text} at (2,0) size 12x81
                  text run at (2,0) width 81: "\x{307E}\x{305F}\x{3061}\x{3087}\x{3046}\x{3057}\x{3087}\x{3046}\x{3059}"
              LayoutRubyBase (anonymous) at (0,0) size 20x81
                LayoutInline {RB} at (0,0) size 19x71
                  LayoutText {#text} at (0,5) size 19x71
                    text run at (0,5) width 70: "\x{5FA9}\x{9577}\x{562F}"
          LayoutText {#text} at (1821,140) size 19x16
            text run at (1821,140) width 16: "\x{3001}"
          LayoutRuby (inline) {RUBY} at (0,0) size 19x35
            LayoutRubyRun (anonymous) at (1821,155) size 20x36
              LayoutRubyText {RT} at (-14,0) size 16x36
                LayoutText {#text} at (2,0) size 12x36
                  text run at (2,0) width 36: "\x{3057}\x{3093}\x{308A}\x{3093}"
              LayoutRubyBase (anonymous) at (0,0) size 20x36
                LayoutInline {RB} at (0,0) size 19x34
                  LayoutText {#text} at (0,1) size 19x34
                    text run at (0,1) width 34: "\x{6DF1}\x{6797}"
          LayoutRuby (inline) {RUBY} at (0,0) size 19x48
            LayoutRubyRun (anonymous) at (1821,191) size 20x48
              LayoutRubyText {RT} at (-14,0) size 16x48
                LayoutText {#text} at (2,0) size 12x48
                  text run at (2,0) width 47: "\x{3072}\x{3068}\x{3057}\x{3089}\x{305A}"
              LayoutRubyBase (anonymous) at (0,0) size 20x48
                LayoutInline {RB} at (0,0) size 19x48
                  LayoutText {#text} at (0,0) size 19x48
                    text run at (0,0) width 48: "\x{4EBA}\x{4E0D}\x{77E5}"
          LayoutText {#text} at (1821,239) size 19x16
            text run at (1821,239) width 16: "\x{3001}"
          LayoutRuby (inline) {RUBY} at (0,0) size 19x68
            LayoutRubyRun (anonymous) at (1821,251) size 20x72
              LayoutRubyText {RT} at (-14,0) size 16x72
                LayoutText {#text} at (2,0) size 12x72
                  text run at (2,0) width 72: "\x{3081}\x{3044}\x{3052}\x{3064}\x{304D}\x{305F}\x{308A}\x{3066}"
              LayoutRubyBase (anonymous) at (0,0) size 20x72
                LayoutInline {RB} at (0,0) size 19x64
                  LayoutText {#text} at (0,4) size 19x64
                    text run at (0,4) width 64: "\x{660E}\x{6708}\x{6765}"
          LayoutRuby (inline) {RUBY} at (0,0) size 19x42
            LayoutRubyRun (anonymous) at (1821,323) size 20x45
              LayoutRubyText {RT} at (-14,0) size 16x45
                LayoutText {#text} at (2,0) size 12x45
                  text run at (2,0) width 45: "\x{3042}\x{3044}\x{3066}\x{3089}\x{3059}"
              LayoutRubyBase (anonymous) at (0,0) size 20x45
                LayoutInline {RB} at (0,0) size 19x39
                  LayoutText {#text} at (0,3) size 19x39
                    text run at (0,3) width 38: "\x{76F8}\x{7167}"
          LayoutText {#text} at (1821,365) size 50x493
            text run at (1821,365) width 128: "\x{3002}\x{305F}\x{3060}\x{4E8C}\x{5341}\x{5B57}\x{306E}\x{3046}"
            text run at (1852,0) width 32: "\x{3061}\x{306B}"
          LayoutRuby (inline) {RUBY} at (0,0) size 19x16
            LayoutRubyRun (anonymous) at (1852,31) size 20x18
              LayoutRubyText {RT} at (-14,0) size 16x18
                LayoutText {#text} at (2,0) size 12x18
                  text run at (2,0) width 18: "\x{3086}\x{3046}"
              LayoutRubyBase (anonymous) at (0,0) size 20x18
                LayoutInline {RB} at (0,0) size 19x16
                  LayoutText {#text} at (0,1) size 19x16
                    text run at (0,1) width 16: "\x{512A}"
          LayoutText {#text} at (1852,48) size 19x16
            text run at (1852,48) width 16: "\x{306B}"
          LayoutRuby (inline) {RUBY} at (0,0) size 19x52
            LayoutRubyRun (anonymous) at (1852,63) size 20x54
              LayoutRubyText {RT} at (-14,0) size 16x54
                LayoutText {#text} at (2,0) size 12x54
                  text run at (2,0) width 54: "\x{3079}\x{3064}\x{3051}\x{3093}\x{3053}\x{3093}"
              LayoutRubyBase (anonymous) at (0,0) size 20x54
                LayoutInline {RB} at (0,0) size 19x52
                  LayoutText {#text} at (0,1) size 19x52
                    text run at (0,1) width 52: "\x{5225}\x{4E7E}\x{5764}"
          LayoutText {#text} at (1852,116) size 19x16
            text run at (1852,116) width 16: "\x{3092}"
          LayoutRuby (inline) {RUBY} at (0,0) size 19x39
            LayoutRubyRun (anonymous) at (1852,129) size 20x45
              LayoutRubyText {RT} at (-14,0) size 16x45
                LayoutText {#text} at (2,0) size 12x45
                  text run at (2,0) width 45: "\x{3053}\x{3093}\x{308A}\x{3085}\x{3046}"
              LayoutRubyBase (anonymous) at (0,0) size 20x45
                LayoutInline {RB} at (0,0) size 19x39
                  LayoutText {#text} at (0,3) size 19x39
                    text run at (0,3) width 38: "\x{5EFA}\x{7ACB}"
          LayoutText {#text} at (1852,171) size 19x160
            text run at (1852,171) width 160: "\x{3057}\x{3066}\x{3044}\x{308B}\x{3002}\x{3053}\x{306E}\x{4E7E}\x{5764}\x{306E}"
          LayoutRuby (inline) {RUBY} at (0,0) size 19x32
            LayoutRubyRun (anonymous) at (1852,331) size 20x32
              LayoutRubyText {RT} at (-14,0) size 16x32
                LayoutText {#text} at (2,0) size 12x31
                  text run at (2,0) width 30: "\x{304F}\x{3069}\x{304F}"
              LayoutRubyBase (anonymous) at (0,0) size 20x32
                LayoutInline {RB} at (0,0) size 19x32
                  LayoutText {#text} at (0,0) size 19x32
                    text run at (0,0) width 32: "\x{529F}\x{5FB3}"
          LayoutText {#text} at (1852,363) size 19x32
            text run at (1852,363) width 32: "\x{306F}\x{300C}"
          LayoutRuby (inline) {RUBY} at (0,0) size 19x48
            LayoutRubyRun (anonymous) at (1852,395) size 20x48
              LayoutRubyText {RT} at (-14,0) size 16x48
                LayoutText {#text} at (2,0) size 12x48
                  text run at (2,0) width 47: "\x{307B}\x{3068}\x{3068}\x{304E}\x{3059}"
              LayoutRubyBase (anonymous) at (0,0) size 20x48
                LayoutInline {RB} at (0,0) size 19x48
                  LayoutText {#text} at (0,0) size 19x48
                    text run at (0,0) width 48: "\x{4E0D}\x{5982}\x{5E30}"
          LayoutText {#text} at (1852,443) size 50x475
            text run at (1852,443) width 32: "\x{300D}\x{3084}"
            text run at (1883,0) width 16: "\x{300C}"
          LayoutRuby (inline) {RUBY} at (0,0) size 19x64
            LayoutRubyRun (anonymous) at (1883,16) size 20x64
              LayoutRubyText {RT} at (-14,0) size 16x64
                LayoutText {#text} at (2,0) size 12x64
                  text run at (2,0) width 63: "\x{3053}\x{3093}\x{3058}\x{304D}\x{3084}\x{3057}\x{3083}"
              LayoutRubyBase (anonymous) at (0,0) size 20x64
                LayoutInline {RB} at (0,0) size 19x64
                  LayoutText {#text} at (0,0) size 19x64
                    text run at (0,0) width 64: "\x{91D1}\x{8272}\x{591C}\x{53C9}"
          LayoutText {#text} at (1883,80) size 50x496
            text run at (1883,80) width 416: "\x{300D}\x{306E}\x{529F}\x{5FB3}\x{3067}\x{306F}\x{306A}\x{3044}\x{3002}\x{6C7D}\x{8239}\x{3001}\x{6C7D}\x{8ECA}\x{3001}\x{6A29}\x{5229}\x{3001}\x{7FA9}\x{52D9}\x{3001}\x{9053}\x{5FB3}\x{3001}\x{793C}\x{7FA9}"
            text run at (1914,0) width 96: "\x{3067}\x{75B2}\x{308C}\x{679C}\x{3066}\x{305F}"
          LayoutRuby (inline) {RUBY} at (0,0) size 19x16
            LayoutRubyRun (anonymous) at (1914,95) size 20x18
              LayoutRubyText {RT} at (-14,0) size 16x18
                LayoutText {#text} at (2,0) size 12x18
                  text run at (2,0) width 18: "\x{306E}\x{3061}"
              LayoutRubyBase (anonymous) at (0,0) size 20x18
                LayoutInline {RB} at (0,0) size 19x16
                  LayoutText {#text} at (0,1) size 19x16
                    text run at (0,1) width 16: "\x{5F8C}"
          LayoutText {#text} at (1914,112) size 47x496
            text run at (1914,112) width 384: "\x{306B}\x{3001}\x{3059}\x{3079}\x{3066}\x{3092}\x{5FD8}\x{5374}\x{3057}\x{3066}\x{3050}\x{3063}\x{3059}\x{308A}\x{5BDD}\x{8FBC}\x{3080}\x{3088}\x{3046}\x{306A}\x{529F}\x{5FB3}\x{3067}\x{3042}"
            text run at (1942,0) width 32: "\x{308B}\x{3002}"
          LayoutBR {BR} at (1942,32) size 19x0
