layer at (0,0) size 800x600 scrollHeight 672
  LayoutView at (0,0) size 800x600
layer at (0,0) size 800x672 backgroundClip at (0,0) size 800x600 clip at (0,0) size 800x600
  LayoutBlockFlow {HTML} at (0,0) size 800x672
    LayoutBlockFlow {BODY} at (8,8) size 784x656
      LayoutBlockFlow {P} at (0,0) size 784x40
        LayoutText {#text} at (0,0) size 753x39
          text run at (0,0) width 668: "This test exercises the vertical text rendering feature of Blink's shaping code, and checks for errors in font code "
          text run at (668,0) width 85: "path selection:"
          text run at (0,20) width 568: "Vertical text should always go through the shaper. It exercises glyph orientation difficulties with "
          text run at (567,20) width 113: "two different fonts."
      LayoutBlockFlow {DIV} at (0,56) size 348x600
        LayoutBlockFlow {DIV} at (0,0) size 174x453 [border: (1px solid #008000)]
          LayoutInline {SPAN} at (0,0) size 41x170
            LayoutText {#text} at (2,1) size 41x170
              text run at (2,1) width 170: "Hello world"
          LayoutBR {BR} at (22,171) size 0x0
          LayoutInline {SPAN} at (0,0) size 41x451
            LayoutText {#text} at (45,1) size 41x451
              text run at (45,1) width 451: "Hello world"
          LayoutBR {BR} at (65,452) size 0x0
          LayoutInline {SPAN} at (0,0) size 41x170
            LayoutText {#text} at (88,1) size 41x170
              text run at (88,1) width 170: "Hello world"
          LayoutBR {BR} at (108,171) size 0x0
          LayoutInline {SPAN} at (0,0) size 41x451
            LayoutText {#text} at (131,1) size 41x451
              text run at (131,1) width 451: "Hello world"
          LayoutBR {BR} at (151,452) size 0x0
        LayoutText {#text} at (0,0) size 0x0
        LayoutBlockFlow {DIV} at (174,0) size 174x453 [border: (1px solid #008000)]
          LayoutInline {SPAN} at (0,0) size 41x170
            LayoutText {#text} at (2,1) size 41x170
              text run at (2,1) width 170: "Hello world"
          LayoutBR {BR} at (22,171) size 0x0
          LayoutInline {SPAN} at (0,0) size 41x451
            LayoutText {#text} at (45,1) size 41x451
              text run at (45,1) width 451: "Hello world"
          LayoutBR {BR} at (65,452) size 0x0
          LayoutInline {SPAN} at (0,0) size 41x170
            LayoutText {#text} at (88,1) size 41x170
              text run at (88,1) width 170: "Hello world"
          LayoutBR {BR} at (108,171) size 0x0
          LayoutInline {SPAN} at (0,0) size 41x451
            LayoutText {#text} at (131,1) size 41x451
              text run at (131,1) width 451: "Hello world"
          LayoutBR {BR} at (151,452) size 0x0
        LayoutText {#text} at (0,0) size 0x0
