layer at (0,0) size 800x600
  LayoutView at (0,0) size 800x600
layer at (271,0) size 529x600
  LayoutBlockFlow {HTML} at (0,0) size 529x600
    LayoutBlockFlow {BODY} at (8,8) size 513x584
      LayoutBlockFlow {DIV} at (0,0) size 513x584
        LayoutBlockFlow {DIV} at (0,0) size 19x584
          LayoutText {#text} at (0,0) size 19x16
            text run at (0,0) width 16: "\x{56FD}"
          LayoutInline {SPAN} at (0,0) size 19x16
            LayoutTextCombine {#text} at (0,16) size 19x16
              text run at (0,16) width 16: "1"
          LayoutText {#text} at (0,32) size 19x16
            text run at (0,32) width 16: "\x{56FD}"
          LayoutInline {SPAN} at (0,0) size 19x16
            LayoutTextCombine {#text} at (0,48) size 19x16
              text run at (0,48) width 16: "23"
          LayoutText {#text} at (0,64) size 19x16
            text run at (0,64) width 16: "\x{56FD}"
          LayoutInline {SPAN} at (0,0) size 19x16
            LayoutTextCombine {#text} at (0,80) size 19x16
              text run at (0,80) width 16: "2016"
          LayoutText {#text} at (0,96) size 19x16
            text run at (0,96) width 16: "\x{56FD}"
          LayoutInline {SPAN} at (0,0) size 19x16
            LayoutTextCombine {#text} at (0,112) size 19x16
              text run at (0,112) width 16: "45674567"
          LayoutText {#text} at (0,128) size 19x16
            text run at (0,128) width 16: "\x{56FD}"
        LayoutBlockFlow {DIV} at (19,0) size 19x584
          LayoutText {#text} at (0,0) size 19x16
            text run at (0,0) width 16: "\x{56FD}"
          LayoutInline {SPAN} at (0,0) size 19x16
            LayoutTextCombine {#text} at (0,16) size 19x16
              text run at (0,16) width 16: "1"
          LayoutText {#text} at (0,32) size 19x16
            text run at (0,32) width 16: "\x{56FD}"
          LayoutInline {SPAN} at (0,0) size 19x16
            LayoutTextCombine {#text} at (0,48) size 19x16
              text run at (0,48) width 16: "23"
          LayoutText {#text} at (0,64) size 19x16
            text run at (0,64) width 16: "\x{56FD}"
          LayoutInline {SPAN} at (0,0) size 19x16
            LayoutTextCombine {#text} at (0,80) size 19x16
              text run at (0,80) width 16: "2016"
          LayoutText {#text} at (0,96) size 19x16
            text run at (0,96) width 16: "\x{56FD}"
          LayoutInline {SPAN} at (0,0) size 19x16
            LayoutTextCombine {#text} at (0,112) size 19x16
              text run at (0,112) width 16: "45674567"
          LayoutText {#text} at (0,128) size 19x16
            text run at (0,128) width 16: "\x{56FD}"
        LayoutBlockFlow {DIV} at (38,0) size 19x584
          LayoutText {#text} at (0,0) size 19x16
            text run at (0,0) width 16: "\x{56FD}"
          LayoutInline {SPAN} at (0,0) size 19x16
            LayoutTextCombine {#text} at (0,16) size 19x16
              text run at (0,16) width 16: "1"
          LayoutText {#text} at (0,32) size 19x16
            text run at (0,32) width 16: "\x{56FD}"
          LayoutInline {SPAN} at (0,0) size 19x16
            LayoutTextCombine {#text} at (0,48) size 19x16
              text run at (0,48) width 16: "23"
          LayoutText {#text} at (0,64) size 19x16
            text run at (0,64) width 16: "\x{56FD}"
          LayoutInline {SPAN} at (0,0) size 19x16
            LayoutTextCombine {#text} at (0,80) size 19x16
              text run at (0,80) width 16: "2016"
          LayoutText {#text} at (0,96) size 19x16
            text run at (0,96) width 16: "\x{56FD}"
          LayoutInline {SPAN} at (0,0) size 19x16
            LayoutTextCombine {#text} at (0,112) size 19x16
              text run at (0,112) width 16: "45674567"
          LayoutText {#text} at (0,128) size 19x16
            text run at (0,128) width 16: "\x{56FD}"
        LayoutBlockFlow {DIV} at (57,0) size 19x584
          LayoutText {#text} at (0,0) size 19x16
            text run at (0,0) width 16: "\x{56FD}"
          LayoutInline {SPAN} at (0,0) size 19x16
            LayoutTextCombine {#text} at (0,16) size 19x16
              text run at (0,16) width 16: "1"
          LayoutText {#text} at (0,32) size 19x16
            text run at (0,32) width 16: "\x{56FD}"
          LayoutInline {SPAN} at (0,0) size 19x16
            LayoutTextCombine {#text} at (0,48) size 19x16
              text run at (0,48) width 16: "23"
          LayoutText {#text} at (0,64) size 19x16
            text run at (0,64) width 16: "\x{56FD}"
          LayoutInline {SPAN} at (0,0) size 19x16
            LayoutTextCombine {#text} at (0,80) size 19x16
              text run at (0,80) width 16: "2016"
          LayoutText {#text} at (0,96) size 19x16
            text run at (0,96) width 16: "\x{56FD}"
          LayoutInline {SPAN} at (0,0) size 19x16
            LayoutTextCombine {#text} at (0,112) size 19x16
              text run at (0,112) width 16: "45674567"
          LayoutText {#text} at (0,128) size 19x16
            text run at (0,128) width 16: "\x{56FD}"
        LayoutBlockFlow {DIV} at (76,0) size 19x584
          LayoutText {#text} at (0,0) size 19x16
            text run at (0,0) width 16: "\x{56FD}"
          LayoutInline {SPAN} at (0,0) size 19x16
            LayoutTextCombine {#text} at (0,16) size 19x16
              text run at (0,16) width 16: "1"
          LayoutText {#text} at (0,32) size 19x16
            text run at (0,32) width 16: "\x{56FD}"
          LayoutInline {SPAN} at (0,0) size 19x16
            LayoutTextCombine {#text} at (0,48) size 19x16
              text run at (0,48) width 16: "23"
          LayoutText {#text} at (0,64) size 19x16
            text run at (0,64) width 16: "\x{56FD}"
          LayoutInline {SPAN} at (0,0) size 19x16
            LayoutTextCombine {#text} at (0,80) size 19x16
              text run at (0,80) width 16: "2016"
          LayoutText {#text} at (0,96) size 19x16
            text run at (0,96) width 16: "\x{56FD}"
          LayoutInline {SPAN} at (0,0) size 19x16
            LayoutTextCombine {#text} at (0,112) size 19x16
              text run at (0,112) width 16: "45674567"
          LayoutText {#text} at (0,128) size 19x16
            text run at (0,128) width 16: "\x{56FD}"
        LayoutBlockFlow {DIV} at (95,0) size 19x584
          LayoutText {#text} at (0,0) size 19x16
            text run at (0,0) width 16: "\x{56FD}"
          LayoutInline {SPAN} at (0,0) size 19x16
            LayoutTextCombine {#text} at (0,16) size 19x16
              text run at (0,16) width 16: "1"
          LayoutText {#text} at (0,32) size 19x16
            text run at (0,32) width 16: "\x{56FD}"
          LayoutInline {SPAN} at (0,0) size 19x16
            LayoutTextCombine {#text} at (0,48) size 19x16
              text run at (0,48) width 16: "23"
          LayoutText {#text} at (0,64) size 19x16
            text run at (0,64) width 16: "\x{56FD}"
          LayoutInline {SPAN} at (0,0) size 19x16
            LayoutTextCombine {#text} at (0,80) size 19x16
              text run at (0,80) width 16: "2016"
          LayoutText {#text} at (0,96) size 19x16
            text run at (0,96) width 16: "\x{56FD}"
          LayoutInline {SPAN} at (0,0) size 19x16
            LayoutTextCombine {#text} at (0,112) size 19x16
              text run at (0,112) width 16: "45674567"
          LayoutText {#text} at (0,128) size 19x16
            text run at (0,128) width 16: "\x{56FD}"
        LayoutBlockFlow {DIV} at (114,0) size 19x584
          LayoutText {#text} at (0,0) size 19x16
            text run at (0,0) width 16: "\x{56FD}"
          LayoutInline {SPAN} at (0,0) size 19x16
            LayoutTextCombine {#text} at (0,16) size 19x16
              text run at (0,16) width 16: "1"
          LayoutText {#text} at (0,32) size 19x16
            text run at (0,32) width 16: "\x{56FD}"
          LayoutInline {SPAN} at (0,0) size 19x16
            LayoutTextCombine {#text} at (0,48) size 19x16
              text run at (0,48) width 16: "23"
          LayoutText {#text} at (0,64) size 19x16
            text run at (0,64) width 16: "\x{56FD}"
          LayoutInline {SPAN} at (0,0) size 19x16
            LayoutTextCombine {#text} at (0,80) size 19x16
              text run at (0,80) width 16: "2016"
          LayoutText {#text} at (0,96) size 19x16
            text run at (0,96) width 16: "\x{56FD}"
          LayoutInline {SPAN} at (0,0) size 19x16
            LayoutTextCombine {#text} at (0,112) size 19x16
              text run at (0,112) width 16: "45674567"
          LayoutText {#text} at (0,128) size 19x16
            text run at (0,128) width 16: "\x{56FD}"
        LayoutBlockFlow {DIV} at (133,0) size 19x584
          LayoutText {#text} at (0,0) size 19x16
            text run at (0,0) width 16: "\x{56FD}"
          LayoutInline {SPAN} at (0,0) size 19x16
            LayoutTextCombine {#text} at (0,16) size 19x16
              text run at (0,16) width 16: "1"
          LayoutText {#text} at (0,32) size 19x16
            text run at (0,32) width 16: "\x{56FD}"
          LayoutInline {SPAN} at (0,0) size 19x16
            LayoutTextCombine {#text} at (0,48) size 19x16
              text run at (0,48) width 16: "23"
          LayoutText {#text} at (0,64) size 19x16
            text run at (0,64) width 16: "\x{56FD}"
          LayoutInline {SPAN} at (0,0) size 19x16
            LayoutTextCombine {#text} at (0,80) size 19x16
              text run at (0,80) width 16: "2016"
          LayoutText {#text} at (0,96) size 19x16
            text run at (0,96) width 16: "\x{56FD}"
          LayoutInline {SPAN} at (0,0) size 19x16
            LayoutTextCombine {#text} at (0,112) size 19x16
              text run at (0,112) width 16: "45674567"
          LayoutText {#text} at (0,128) size 19x16
            text run at (0,128) width 16: "\x{56FD}"
        LayoutBlockFlow {DIV} at (152,0) size 304x584
          LayoutBlockFlow {DIV} at (0,0) size 38x584
            LayoutText {#text} at (1,0) size 36x32
              text run at (1,0) width 32: "\x{56FD}"
            LayoutInline {SPAN} at (0,0) size 36x32
              LayoutTextCombine {#text} at (1,32) size 36x32
                text run at (1,32) width 32: "1"
            LayoutText {#text} at (1,64) size 36x32
              text run at (1,64) width 32: "\x{56FD}"
            LayoutInline {SPAN} at (0,0) size 36x32
              LayoutTextCombine {#text} at (1,96) size 36x32
                text run at (1,96) width 32: "23"
            LayoutText {#text} at (1,128) size 36x32
              text run at (1,128) width 32: "\x{56FD}"
            LayoutInline {SPAN} at (0,0) size 36x32
              LayoutTextCombine {#text} at (1,160) size 36x32
                text run at (1,160) width 32: "2016"
            LayoutText {#text} at (1,192) size 36x32
              text run at (1,192) width 32: "\x{56FD}"
            LayoutInline {SPAN} at (0,0) size 36x32
              LayoutTextCombine {#text} at (1,224) size 36x32
                text run at (1,224) width 32: "45674567"
            LayoutText {#text} at (1,256) size 36x32
              text run at (1,256) width 32: "\x{56FD}"
          LayoutBlockFlow {DIV} at (38,0) size 38x584
            LayoutText {#text} at (1,0) size 36x32
              text run at (1,0) width 32: "\x{56FD}"
            LayoutInline {SPAN} at (0,0) size 36x32
              LayoutTextCombine {#text} at (1,32) size 36x32
                text run at (1,32) width 32: "1"
            LayoutText {#text} at (1,64) size 36x32
              text run at (1,64) width 32: "\x{56FD}"
            LayoutInline {SPAN} at (0,0) size 36x32
              LayoutTextCombine {#text} at (1,96) size 36x32
                text run at (1,96) width 32: "23"
            LayoutText {#text} at (1,128) size 36x32
              text run at (1,128) width 32: "\x{56FD}"
            LayoutInline {SPAN} at (0,0) size 36x32
              LayoutTextCombine {#text} at (1,160) size 36x32
                text run at (1,160) width 32: "2016"
            LayoutText {#text} at (1,192) size 36x32
              text run at (1,192) width 32: "\x{56FD}"
            LayoutInline {SPAN} at (0,0) size 36x32
              LayoutTextCombine {#text} at (1,224) size 36x32
                text run at (1,224) width 32: "45674567"
            LayoutText {#text} at (1,256) size 36x32
              text run at (1,256) width 32: "\x{56FD}"
          LayoutBlockFlow {DIV} at (76,0) size 38x584
            LayoutText {#text} at (1,0) size 36x32
              text run at (1,0) width 32: "\x{56FD}"
            LayoutInline {SPAN} at (0,0) size 36x32
              LayoutTextCombine {#text} at (1,32) size 36x32
                text run at (1,32) width 32: "1"
            LayoutText {#text} at (1,64) size 36x32
              text run at (1,64) width 32: "\x{56FD}"
            LayoutInline {SPAN} at (0,0) size 36x32
              LayoutTextCombine {#text} at (1,96) size 36x32
                text run at (1,96) width 32: "23"
            LayoutText {#text} at (1,128) size 36x32
              text run at (1,128) width 32: "\x{56FD}"
            LayoutInline {SPAN} at (0,0) size 36x32
              LayoutTextCombine {#text} at (1,160) size 36x32
                text run at (1,160) width 32: "2016"
            LayoutText {#text} at (1,192) size 36x32
              text run at (1,192) width 32: "\x{56FD}"
            LayoutInline {SPAN} at (0,0) size 36x32
              LayoutTextCombine {#text} at (1,224) size 36x32
                text run at (1,224) width 32: "45674567"
            LayoutText {#text} at (1,256) size 36x32
              text run at (1,256) width 32: "\x{56FD}"
          LayoutBlockFlow {DIV} at (114,0) size 38x584
            LayoutText {#text} at (1,0) size 36x32
              text run at (1,0) width 32: "\x{56FD}"
            LayoutInline {SPAN} at (0,0) size 36x32
              LayoutTextCombine {#text} at (1,32) size 36x32
                text run at (1,32) width 32: "1"
            LayoutText {#text} at (1,64) size 36x32
              text run at (1,64) width 32: "\x{56FD}"
            LayoutInline {SPAN} at (0,0) size 36x32
              LayoutTextCombine {#text} at (1,96) size 36x32
                text run at (1,96) width 32: "23"
            LayoutText {#text} at (1,128) size 36x32
              text run at (1,128) width 32: "\x{56FD}"
            LayoutInline {SPAN} at (0,0) size 36x32
              LayoutTextCombine {#text} at (1,160) size 36x32
                text run at (1,160) width 32: "2016"
            LayoutText {#text} at (1,192) size 36x32
              text run at (1,192) width 32: "\x{56FD}"
            LayoutInline {SPAN} at (0,0) size 36x32
              LayoutTextCombine {#text} at (1,224) size 36x32
                text run at (1,224) width 32: "45674567"
            LayoutText {#text} at (1,256) size 36x32
              text run at (1,256) width 32: "\x{56FD}"
          LayoutBlockFlow {DIV} at (152,0) size 38x584
            LayoutText {#text} at (1,0) size 36x32
              text run at (1,0) width 32: "\x{56FD}"
            LayoutInline {SPAN} at (0,0) size 36x32
              LayoutTextCombine {#text} at (1,32) size 36x32
                text run at (1,32) width 32: "1"
            LayoutText {#text} at (1,64) size 36x32
              text run at (1,64) width 32: "\x{56FD}"
            LayoutInline {SPAN} at (0,0) size 36x32
              LayoutTextCombine {#text} at (1,96) size 36x32
                text run at (1,96) width 32: "23"
            LayoutText {#text} at (1,128) size 36x32
              text run at (1,128) width 32: "\x{56FD}"
            LayoutInline {SPAN} at (0,0) size 36x32
              LayoutTextCombine {#text} at (1,160) size 36x32
                text run at (1,160) width 32: "2016"
            LayoutText {#text} at (1,192) size 36x32
              text run at (1,192) width 32: "\x{56FD}"
            LayoutInline {SPAN} at (0,0) size 36x32
              LayoutTextCombine {#text} at (1,224) size 36x32
                text run at (1,224) width 32: "45674567"
            LayoutText {#text} at (1,256) size 36x32
              text run at (1,256) width 32: "\x{56FD}"
          LayoutBlockFlow {DIV} at (190,0) size 38x584
            LayoutText {#text} at (1,0) size 36x32
              text run at (1,0) width 32: "\x{56FD}"
            LayoutInline {SPAN} at (0,0) size 36x32
              LayoutTextCombine {#text} at (1,32) size 36x32
                text run at (1,32) width 32: "1"
            LayoutText {#text} at (1,64) size 36x32
              text run at (1,64) width 32: "\x{56FD}"
            LayoutInline {SPAN} at (0,0) size 36x32
              LayoutTextCombine {#text} at (1,96) size 36x32
                text run at (1,96) width 32: "23"
            LayoutText {#text} at (1,128) size 36x32
              text run at (1,128) width 32: "\x{56FD}"
            LayoutInline {SPAN} at (0,0) size 36x32
              LayoutTextCombine {#text} at (1,160) size 36x32
                text run at (1,160) width 32: "2016"
            LayoutText {#text} at (1,192) size 36x32
              text run at (1,192) width 32: "\x{56FD}"
            LayoutInline {SPAN} at (0,0) size 36x32
              LayoutTextCombine {#text} at (1,224) size 36x32
                text run at (1,224) width 32: "45674567"
            LayoutText {#text} at (1,256) size 36x32
              text run at (1,256) width 32: "\x{56FD}"
          LayoutBlockFlow {DIV} at (228,0) size 38x584
            LayoutText {#text} at (1,0) size 36x32
              text run at (1,0) width 32: "\x{56FD}"
            LayoutInline {SPAN} at (0,0) size 36x32
              LayoutTextCombine {#text} at (1,32) size 36x32
                text run at (1,32) width 32: "1"
            LayoutText {#text} at (1,64) size 36x32
              text run at (1,64) width 32: "\x{56FD}"
            LayoutInline {SPAN} at (0,0) size 36x32
              LayoutTextCombine {#text} at (1,96) size 36x32
                text run at (1,96) width 32: "23"
            LayoutText {#text} at (1,128) size 36x32
              text run at (1,128) width 32: "\x{56FD}"
            LayoutInline {SPAN} at (0,0) size 36x32
              LayoutTextCombine {#text} at (1,160) size 36x32
                text run at (1,160) width 32: "2016"
            LayoutText {#text} at (1,192) size 36x32
              text run at (1,192) width 32: "\x{56FD}"
            LayoutInline {SPAN} at (0,0) size 36x32
              LayoutTextCombine {#text} at (1,224) size 36x32
                text run at (1,224) width 32: "45674567"
            LayoutText {#text} at (1,256) size 36x32
              text run at (1,256) width 32: "\x{56FD}"
          LayoutBlockFlow {DIV} at (266,0) size 38x584
            LayoutText {#text} at (1,0) size 36x32
              text run at (1,0) width 32: "\x{56FD}"
            LayoutInline {SPAN} at (0,0) size 36x32
              LayoutTextCombine {#text} at (1,32) size 36x32
                text run at (1,32) width 32: "1"
            LayoutText {#text} at (1,64) size 36x32
              text run at (1,64) width 32: "\x{56FD}"
            LayoutInline {SPAN} at (0,0) size 36x32
              LayoutTextCombine {#text} at (1,96) size 36x32
                text run at (1,96) width 32: "23"
            LayoutText {#text} at (1,128) size 36x32
              text run at (1,128) width 32: "\x{56FD}"
            LayoutInline {SPAN} at (0,0) size 36x32
              LayoutTextCombine {#text} at (1,160) size 36x32
                text run at (1,160) width 32: "2016"
            LayoutText {#text} at (1,192) size 36x32
              text run at (1,192) width 32: "\x{56FD}"
            LayoutInline {SPAN} at (0,0) size 36x32
              LayoutTextCombine {#text} at (1,224) size 36x32
                text run at (1,224) width 32: "45674567"
            LayoutText {#text} at (1,256) size 36x32
              text run at (1,256) width 32: "\x{56FD}"
        LayoutBlockFlow {DIV} at (456,0) size 57x584
          LayoutBlockFlow {DIV} at (0,0) size 19x584
            LayoutText {#text} at (-1,0) size 20x16
              text run at (-1,0) width 16: "\x{56FD}"
            LayoutInline {SPAN} at (0,0) size 20x16
              LayoutTextCombine {#text} at (-1,16) size 20x16
                text run at (-1,16) width 16: "1"
            LayoutText {#text} at (-1,32) size 20x16
              text run at (-1,32) width 16: "\x{56FD}"
            LayoutInline {SPAN} at (0,0) size 20x16
              LayoutTextCombine {#text} at (-1,48) size 20x16
                text run at (-1,48) width 16: "23"
            LayoutText {#text} at (-1,64) size 20x16
              text run at (-1,64) width 16: "\x{56FD}"
            LayoutInline {SPAN} at (0,0) size 20x16
              LayoutTextCombine {#text} at (-1,80) size 20x16
                text run at (-1,80) width 16: "2016"
            LayoutText {#text} at (-1,96) size 20x16
              text run at (-1,96) width 16: "\x{56FD}"
            LayoutInline {SPAN} at (0,0) size 20x16
              LayoutTextCombine {#text} at (-1,112) size 20x16
                text run at (-1,112) width 16: "45674567"
            LayoutText {#text} at (-1,128) size 20x16
              text run at (-1,128) width 16: "\x{56FD}"
          LayoutBlockFlow {DIV} at (19,0) size 38x584
            LayoutBlockFlow {DIV} at (0,0) size 38x584
              LayoutText {#text} at (-1,0) size 40x32
                text run at (-1,0) width 32: "\x{56FD}"
              LayoutInline {SPAN} at (0,0) size 40x32
                LayoutTextCombine {#text} at (-1,32) size 40x32
                  text run at (-1,32) width 32: "1"
              LayoutText {#text} at (-1,64) size 40x32
                text run at (-1,64) width 32: "\x{56FD}"
              LayoutInline {SPAN} at (0,0) size 40x32
                LayoutTextCombine {#text} at (-1,96) size 40x32
                  text run at (-1,96) width 32: "23"
              LayoutText {#text} at (-1,128) size 40x32
                text run at (-1,128) width 32: "\x{56FD}"
              LayoutInline {SPAN} at (0,0) size 40x32
                LayoutTextCombine {#text} at (-1,160) size 40x32
                  text run at (-1,160) width 32: "2016"
              LayoutText {#text} at (-1,192) size 40x32
                text run at (-1,192) width 32: "\x{56FD}"
              LayoutInline {SPAN} at (0,0) size 40x32
                LayoutTextCombine {#text} at (-1,224) size 40x32
                  text run at (-1,224) width 32: "45674567"
              LayoutText {#text} at (-1,256) size 40x32
                text run at (-1,256) width 32: "\x{56FD}"
