layer at (0,0) size 800x600
  LayoutView at (0,0) size 800x600
layer at (544,0) size 256x600
  LayoutBlockFlow {HTML} at (0,0) size 256x600
    LayoutBlockFlow {BODY} at (24,8) size 208x584
      LayoutBlockFlow {P} at (0,0) size 114x584
        LayoutInline {SPAN} at (0,0) size 27x102
          LayoutText {#text} at (15,0) size 27x102
            text run at (15,0) width 102: "\x{7B2C}\x{4E00}\x{6BB5}\x{843D} "
        LayoutInline {SPAN} at (0,0) size 112x459
          LayoutText {#text} at (1,102) size 55x334
            text run at (1,102) width 334: "PARAGRAPH 1 "
          LayoutBR {BR} at (1,435) size 55x1
          LayoutText {#text} at (58,0) size 55x294
            text run at (58,0) width 294: "MORE TEXT. "
          LayoutInline {SPAN} at (0,0) size 15x166
            LayoutText {#text} at (78,293) size 15x166
              text run at (78,293) width 165: "SHOULD NOT BE CENTERED."
          LayoutText {#text} at (0,0) size 0x0
      LayoutBlockFlow {P} at (138,0) size 70x584
        LayoutInline {SPAN} at (0,0) size 27x466
          LayoutText {#text} at (21,0) size 27x102
            text run at (21,0) width 102: "\x{7B2C}\x{4E8C}\x{6BB5}\x{843D} "
          LayoutInline {SPAN} at (0,0) size 55x364
            LayoutText {#text} at (7,102) size 55x334
              text run at (7,102) width 334: "PARAGRAPH 2 "
            LayoutImage {IMG} at (0,435.59) size 70x30 [bgcolor=#008000]
            LayoutText {#text} at (0,0) size 0x0
