layer at (0,0) size 800x600
  LayoutView at (0,0) size 800x600
layer at (0,0) size 800x600
  LayoutBlockFlow {HTML} at (0,0) size 800x600
    LayoutBlockFlow {BODY} at (8,8) size 784x576
      LayoutBlockFlow {UL} at (0,0) size 784x183.63
        LayoutListItem {LI} at (40,0) size 744x20
          LayoutListMarker (anonymous) at (-18,0) size 7x19: bullet
          LayoutText {#text} at (0,0) size 88x19
            text run at (0,0) width 88: "Default style: "
          LayoutBlockFlow {PROGRESS} at (88,2.19) size 160x16
            LayoutBlockFlow {DIV} at (0,0) size 160x16
              LayoutBlockFlow {DIV} at (0,0) size 160x16 [bgcolor=#808080]
                LayoutBlockFlow {DIV} at (0,0) size 16x16 [bgcolor=#008000]
        LayoutListItem {LI} at (40,20) size 744x20
          LayoutListMarker (anonymous) at (-18,0) size 7x19: bullet
          LayoutText {#text} at (0,0) size 95x19
            text run at (0,0) width 95: "Progress style: "
          LayoutBlockFlow {PROGRESS} at (95,2.19) size 160x16 [bgcolor=#0000FF] [border: (3px solid #000066)]
            LayoutBlockFlow {DIV} at (3,3) size 154x10
              LayoutBlockFlow {DIV} at (0,0) size 154x10
                LayoutBlockFlow {DIV} at (0,0) size 30.80x10 [bgcolor=#008000]
        LayoutListItem {LI} at (40,40) size 744x31.81
          LayoutListMarker (anonymous) at (-18,11.81) size 7x19: bullet
          LayoutText {#text} at (0,11) size 133x20
            text run at (0,11) width 133: "Progress style (size): "
          LayoutBlockFlow {PROGRESS} at (133,0) size 300x30
            LayoutBlockFlow {DIV} at (0,0) size 300x30
              LayoutBlockFlow {DIV} at (0,0) size 300x30 [bgcolor=#808080]
                LayoutBlockFlow {DIV} at (0,0) size 90x30 [bgcolor=#008000]
        LayoutListItem {LI} at (40,71.81) size 744x20
          LayoutListMarker (anonymous) at (-18,0) size 7x19: bullet
          LayoutText {#text} at (0,0) size 64x19
            text run at (0,0) width 64: "Bar style: "
          LayoutBlockFlow {PROGRESS} at (64,2.19) size 160x16
            LayoutBlockFlow {DIV} at (0,0) size 160x16
              LayoutBlockFlow {DIV} at (0,0) size 160x16 [bgcolor=#FF0000] [border: (3px solid #990000)]
                LayoutBlockFlow {DIV} at (3,3) size 61.59x10 [bgcolor=#008000]
        LayoutListItem {LI} at (40,91.81) size 744x20
          LayoutListMarker (anonymous) at (-18,0) size 7x19: bullet
          LayoutText {#text} at (0,0) size 78x19
            text run at (0,0) width 78: "Value style: "
          LayoutBlockFlow {PROGRESS} at (77.22,2.19) size 160x16
            LayoutBlockFlow {DIV} at (0,0) size 160x16
              LayoutBlockFlow {DIV} at (0,0) size 160x16 [bgcolor=#808080]
                LayoutBlockFlow {DIV} at (0,0) size 80x16 [bgcolor=#FFFF00] [border: (3px solid #999900)]
        LayoutListItem {LI} at (40,111.81) size 744x31.81
          LayoutListMarker (anonymous) at (-18,11.81) size 7x19: bullet
          LayoutText {#text} at (0,11) size 188x20
            text run at (0,11) width 188: "Styling for all three elements: "
          LayoutBlockFlow {PROGRESS} at (188,0) size 160x30 [bgcolor=#0000FF] [border: (3px solid #000066)]
            LayoutBlockFlow {DIV} at (3,3) size 154x24
              LayoutBlockFlow {DIV} at (0,0) size 154x24 [bgcolor=#FF0000] [border: (3px solid #990000)]
                LayoutBlockFlow {DIV} at (3,3) size 88.80x18 [bgcolor=#FFFF00] [border: (3px solid #999900)]
        LayoutListItem {LI} at (40,143.63) size 744x20
          LayoutListMarker (anonymous) at (-18,0) size 7x19: bullet
          LayoutText {#text} at (0,0) size 230x19
            text run at (0,0) width 230: "Removing appearance dynamically: "
          LayoutProgress {PROGRESS} at (230,2.19) size 160x16
            LayoutBlockFlow {DIV} at (0,0) size 160x16
              LayoutBlockFlow {DIV} at (0,0) size 160x16 [bgcolor=#808080]
                LayoutBlockFlow {DIV} at (0,0) size 112x16 [bgcolor=#008000]
        LayoutListItem {LI} at (40,163.63) size 744x20
          LayoutListMarker (anonymous) at (-18,0) size 7x19: bullet
          LayoutText {#text} at (0,0) size 272x19
            text run at (0,0) width 272: "Giving progress style change dynamically: "
          LayoutBlockFlow {PROGRESS} at (272,2.19) size 160x16 [bgcolor=#ADD8E6]
            LayoutBlockFlow {DIV} at (0,0) size 160x16
              LayoutBlockFlow {DIV} at (0,0) size 160x16
                LayoutBlockFlow {DIV} at (0,0) size 128x16 [bgcolor=#008000]
