layer at (0,0) size 800x600
  LayoutView at (0,0) size 800x600
layer at (0,0) size 800x136
  LayoutNGBlockFlow {HTML} at (0,0) size 800x136
    LayoutNGBlockFlow {BODY} at (8,8) size 784x120
      LayoutNGBlockFlow (anonymous) at (0,0) size 784x20
        LayoutText {#text} at (0,0) size 355x19
          text run at (0,0) width 355: "The result should have horizontal and vertical scrollbars."
layer at (8,28) size 100x100 clip at (8,28) size 85x85 scrollWidth 89 scrollHeight 94
  LayoutNGBlockFlow {DIV} at (0,20) size 100x100
layer at (8,28) size 90x80 backgroundClip at (8,28) size 85x85 clip at (8,28) size 85x85
  LayoutNGBlockFlow {DIV} at (0,0) size 90x80
