layer at (0,0) size 800x600
  LayoutView at (0,0) size 800x600
layer at (0,0) size 800x600
  LayoutNGBlockFlow {HTML} at (0,0) size 800x600
    LayoutNGBlockFlow {BODY} at (8,8) size 784x576
      LayoutNGBlockFlow {P} at (0,0) size 784x20
        LayoutText {#text} at (0,0) size 52x19
          text run at (0,0) width 52: "Test for "
        LayoutInline {I} at (0,0) size 652x19
          LayoutInline {A} at (0,0) size 306x19 [color=#0000EE]
            LayoutText {#text} at (52,0) size 306x19
              text run at (52,0) width 306: "https://bugs.webkit.org/show_bug.cgi?id=19525"
          LayoutText {#text} at (358,0) size 346x19
            text run at (358,0) width 346: " -webkit-box-reflect in hyperlink causes webkit to crash"
        LayoutText {#text} at (704,0) size 4x19
          text run at (704,0) width 4: "."
      LayoutNGBlockFlow {P} at (0,36) size 784x20
        LayoutText {#text} at (0,0) size 177x19
          text run at (0,0) width 177: "Because it is an inline flow, "
        LayoutInline {SPAN} at (0,0) size 55x19
          LayoutText {#text} at (177,0) size 55x19
            text run at (177,0) width 55: "this span"
        LayoutText {#text} at (232,0) size 441x19
          text run at (232,0) width 441: " should not have a reflection, and selecting it should not cause a crash."
selection start: position 0 of child 0 {#text} of child 1 {SPAN} of child 2 {P} of body
selection end:   position 9 of child 0 {#text} of child 1 {SPAN} of child 2 {P} of body
