layer at (0,0) size 800x600
  LayoutView at (0,0) size 800x600
layer at (0,0) size 800x162
  LayoutBlockFlow {HTML} at (0,0) size 800x162
    LayoutBlockFlow {BODY} at (8,16) size 784x138
      LayoutBlockFlow {P} at (0,0) size 784x20
        LayoutText {#text} at (0,0) size 516x19
          text run at (0,0) width 516: "Test passes if the 'Filler Text' below is clipped to the curve of the rounded corners."
layer at (8,52) size 198x102 clip at (11,55) size 192x96 scrollHeight 160
  LayoutBlockFlow {DIV} at (0,36) size 198x102 [border: (3px solid #000000)]
    LayoutText {#text} at (3,3) size 179x159
      text run at (3,3) width 146: "Filler Text. Filler Text. "
      text run at (149,3) width 33: "Filler"
      text run at (3,23) width 109: "Text. Filler Text. "
      text run at (112,23) width 69: "Filler Text."
      text run at (3,43) width 73: "Filler Text. "
      text run at (76,43) width 106: "Filler Text. Filler"
      text run at (3,63) width 36: "Text. "
      text run at (39,63) width 142: "Filler Text. Filler Text."
      text run at (3,83) width 146: "Filler Text. Filler Text. "
      text run at (149,83) width 33: "Filler"
      text run at (3,103) width 109: "Text. Filler Text. "
      text run at (112,103) width 69: "Filler Text."
      text run at (3,123) width 73: "Filler Text. "
      text run at (76,123) width 106: "Filler Text. Filler"
      text run at (3,143) width 32: "Text."
