layer at (0,0) size 800x600
  LayoutView at (0,0) size 800x600
layer at (0,0) size 800x77
  LayoutBlockFlow {HTML} at (0,0) size 800x77
    LayoutBlockFlow {BODY} at (8,8) size 784x53
      LayoutBlockFlow {FORM} at (0,0) size 784x19
        LayoutFileUploadControl {INPUT} at (0,1) size 238x18 "2 files"
          LayoutButton {INPUT} at (0,0) size 83.14x18 [bgcolor=#FFFFFF]
            LayoutBlockFlow (anonymous) at (8,2) size 67.14x13
              LayoutText {#text} at (0,0) size 68x13
                text run at (0,0) width 68: "Choose Files"
        LayoutText {#text} at (0,0) size 0x0
      LayoutBlockFlow {P} at (0,35) size 784x18
        LayoutText {#text} at (0,0) size 449x18
          text run at (0,0) width 449: "The file upload control above should have text '2 files,' not a filename."
