layer at (0,0) size 800x600 scrollWidth 807 scrollHeight 1140
  LayoutView at (0,0) size 800x600
layer at (0,0) size 800x1140 backgroundClip at (0,0) size 800x600 clip at (0,0) size 800x600
  LayoutBlockFlow {HTML} at (0,0) size 800x1139.56
    LayoutBlockFlow {BODY} at (8,8) size 784x1118.23 [bgcolor=#EEEEEE]
      LayoutBlockFlow (anonymous) at (0,0) size 784x22
        LayoutInline {SPAN} at (0,0) size 191x16
          LayoutText {#text} at (0,0) size 0x0
          LayoutInline {SPAN} at (0,0) size 191x16
            LayoutText {#text} at (0,0) size 0x0
            LayoutTable {TABLE} at (0,0) size 191x22
              LayoutTableSection {TBODY} at (0,0) size 191x22
                LayoutTableRow {TR} at (0,0) size 191x22
                  LayoutTableCell {TD} at (0,0) size 115x21 [r=0 c=0 rs=1 cs=1]
                    LayoutText {#text} at (1,1) size 113x18
                      text run at (1,1) width 113: "Record Locator:"
                  LayoutTableCell {TD} at (115,0) size 76x22 [r=0 c=1 rs=1 cs=1]
                    LayoutInline {B} at (0,0) size 74x19
                      LayoutText {#text} at (1,1) size 74x19
                        text run at (1,1) width 74: "WHGNSO"
                    LayoutText {#text} at (0,0) size 0x0
            LayoutText {#text} at (0,0) size 0x0
          LayoutText {#text} at (0,0) size 0x0
      LayoutBlockFlow (anonymous) at (0,28.66) size 784x2
      LayoutBlockFlow (anonymous) at (0,37.31) size 784x39.78
        LayoutInline {SPAN} at (0,0) size 126x38
          LayoutInline {SPAN} at (0,0) size 126x38
            LayoutText {#text} at (0,0) size 0x0
            LayoutInline {SPAN} at (0,0) size 126x19
              LayoutText {#text} at (0,0) size 0x0
              LayoutBlockFlow {IMG} at (0,0.78) size 69x20
                LayoutInline {SPAN} at (0,0) size 53x19
                  LayoutImage (floating) {IMG} at (0,0) size 16x16
                  LayoutInline {SPAN} at (0,0) size 53x19
                    LayoutText {#text} at (16,0) size 53x19
                      text run at (16,0) width 53: "Names"
              LayoutText {#text} at (69,0) size 57x19
                text run at (69,0) width 4: " "
                text run at (73,0) width 53: "Names"
              LayoutBR {BR} at (126,15) size 0x0
            LayoutText {#text} at (0,0) size 0x0
            LayoutInline {SPAN} at (0,0) size 100x17
              LayoutText {#text} at (0,0) size 0x0
              LayoutText {#text} at (0,0) size 0x0
            LayoutText {#text} at (0,0) size 0x0
          LayoutText {#text} at (0,0) size 0x0
      LayoutBlockFlow (anonymous) at (0,83.75) size 784x2
      LayoutBlockFlow (anonymous) at (0,92.41) size 784x58
        LayoutInline {SPAN} at (0,0) size 587x56
          LayoutInline {SPAN} at (0,0) size 587x56
            LayoutText {#text} at (0,0) size 0x0
            LayoutBlockFlow {IMG} at (0,3.48) size 78x16
              LayoutInline {SPAN} at (0,0) size 62x16
                LayoutImage (floating) {IMG} at (0,0) size 16x16
                LayoutInline {SPAN} at (0,0) size 62x16
                  LayoutText {#text} at (16,0) size 62x16
                    text run at (16,0) width 62: "Addresses"
            LayoutText {#text} at (78,2) size 4x16
              text run at (78,2) width 4: " "
            LayoutInline {SPAN} at (0,0) size 83x19
              LayoutText {#text} at (82,0) size 83x19
                text run at (82,0) width 83: "Addresses"
              LayoutBR {BR} at (165,15) size 0x0
            LayoutText {#text} at (0,0) size 0x0
            LayoutText {#text} at (0,0) size 0x0
          LayoutText {#text} at (0,0) size 0x0
      LayoutBlockFlow (anonymous) at (0,157.06) size 784x2
      LayoutBlockFlow (anonymous) at (0,165.72) size 784x36.78
        LayoutInline {SPAN} at (0,0) size 142x38
          LayoutInline {SPAN} at (0,0) size 142x38
            LayoutText {#text} at (0,0) size 0x0
            LayoutInline {SPAN} at (0,0) size 142x19
              LayoutText {#text} at (0,0) size 0x0
              LayoutBlockFlow {IMG} at (0,0.78) size 75x20
                LayoutInline {SPAN} at (0,0) size 59x19
                  LayoutImage (floating) {IMG} at (0,0) size 16x16
                  LayoutInline {SPAN} at (0,0) size 59x19
                    LayoutText {#text} at (16,0) size 59x19
                      text run at (16,0) width 59: "Phones"
              LayoutText {#text} at (75,0) size 67x19
                text run at (75,0) width 4: " "
                text run at (79,0) width 63: "Phones "
              LayoutBR {BR} at (142,15) size 0x0
            LayoutText {#text} at (0,0) size 0x0
      LayoutBlockFlow (anonymous) at (0,264.50) size 784x0
        LayoutInline {SPAN} at (0,0) size 0x0
          LayoutInline {SPAN} at (0,0) size 0x0
            LayoutText {#text} at (0,0) size 0x0
          LayoutText {#text} at (0,0) size 0x0
      LayoutBlockFlow (anonymous) at (0,271.16) size 784x2
      LayoutBlockFlow (anonymous) at (0,279.81) size 784x20.78
        LayoutInline {SPAN} at (0,0) size 144x16
          LayoutInline {SPAN} at (0,0) size 144x16
            LayoutText {#text} at (0,0) size 0x0
            LayoutInline {SPAN} at (0,0) size 144x19
              LayoutText {#text} at (0,0) size 0x0
              LayoutBlockFlow {IMG} at (0,0.78) size 78x20
                LayoutInline {SPAN} at (0,0) size 62x19
                  LayoutImage (floating) {IMG} at (0,0) size 16x16
                  LayoutInline {SPAN} at (0,0) size 62x19
                    LayoutText {#text} at (16,0) size 62x19
                      text run at (16,0) width 62: "Itinerary"
              LayoutText {#text} at (78,0) size 66x19
                text run at (78,0) width 4: " "
                text run at (82,0) width 62: "Itinerary"
            LayoutText {#text} at (0,0) size 0x0
            LayoutInline {SPAN} at (0,0) size 0x0
              LayoutText {#text} at (0,0) size 0x0
              LayoutInline {SPAN} at (0,0) size 0x0
                LayoutText {#text} at (0,0) size 0x0
      LayoutBlockFlow (anonymous) at (0,300.59) size 784x63
        LayoutTable {TABLE} at (0,0) size 595x63
          LayoutTableSection {TBODY} at (0,0) size 595x63
            LayoutTableRow {TR} at (0,2) size 595x59
              LayoutTableCell {TD} at (2,30) size 2x2 [r=0 c=0 rs=1 cs=1]
              LayoutTableCell {TD} at (6,2) size 2x2 [r=0 c=1 rs=1 cs=1]
              LayoutTableCell {TD} at (10,21) size 163x21 [r=0 c=2 rs=1 cs=1]
                LayoutBlockFlow {IMG} at (1,1) size 161x19
                  LayoutInline {SPAN} at (0,0) size 145x18
                    LayoutImage (floating) {IMG} at (0,0) size 16x16
                    LayoutInline {SPAN} at (0,0) size 145x18
                      LayoutText {#text} at (16,0) size 145x18
                        text run at (16,0) width 145: "TUR - Tour Package"
                LayoutText {#text} at (0,0) size 0x0
              LayoutTableCell {TD} at (175,2) size 418x59 [r=0 c=3 rs=1 cs=1]
                LayoutText {#text} at (1,1) size 145x18
                  text run at (1,1) width 145: "TUR - Tour Package"
                LayoutBR {BR} at (146,16) size 0x0
                LayoutText {#text} at (1,20) size 227x18
                  text run at (1,20) width 227: "Date: Sunday, January 12, 2003"
                LayoutBR {BR} at (228,35) size 0x0
                LayoutText {#text} at (1,39) size 416x18
                  text run at (1,39) width 416: "Comments: -** TICKETLESS CONF CODE IS WHGNSO**"
      LayoutBlockFlow (anonymous) at (0,363.59) size 784x0
        LayoutInline {SPAN} at (0,0) size 0x0
          LayoutInline {SPAN} at (0,0) size 0x0
            LayoutInline {SPAN} at (0,0) size 0x0
              LayoutInline {SPAN} at (0,0) size 0x0
              LayoutText {#text} at (0,0) size 0x0
      LayoutBlockFlow (anonymous) at (0,370.25) size 784x2
      LayoutBlockFlow (anonymous) at (0,378.91) size 784x0
        LayoutInline {SPAN} at (0,0) size 0x0
          LayoutInline {SPAN} at (0,0) size 0x0
            LayoutInline {SPAN} at (0,0) size 0x0
              LayoutInline {SPAN} at (0,0) size 0x0
                LayoutText {#text} at (0,0) size 0x0
      LayoutBlockFlow (anonymous) at (0,378.91) size 784x206
        LayoutTable {TABLE} at (0,0) size 726x206
          LayoutTableSection {TBODY} at (0,0) size 726x206
            LayoutTableRow {TR} at (0,2) size 726x202
              LayoutTableCell {TD} at (2,102) size 2x2 [r=0 c=0 rs=1 cs=1]
              LayoutTableCell {TD} at (6,2) size 2x2 [r=0 c=1 rs=1 cs=1]
              LayoutTableCell {TD} at (10,92) size 106x21 [r=0 c=2 rs=1 cs=1]
                LayoutBlockFlow {IMG} at (1,1) size 104x19
                  LayoutInline {SPAN} at (0,0) size 88x18
                    LayoutImage (floating) {IMG} at (0,0) size 16x16
                    LayoutInline {SPAN} at (0,0) size 88x18
                      LayoutText {#text} at (16,0) size 88x18
                        text run at (16,0) width 88: "Air Segment"
                LayoutText {#text} at (0,0) size 0x0
              LayoutTableCell {TD} at (118,2) size 606x202 [r=0 c=3 rs=1 cs=1]
                LayoutBlockFlow (anonymous) at (1,1) size 604x133
                  LayoutText {#text} at (0,0) size 24x18
                    text run at (0,0) width 24: "Air "
                  LayoutBR {BR} at (0,0) size 0x0
                  LayoutText {#text} at (0,19) size 484x18
                    text run at (0,19) width 51: "United "
                    text run at (51,19) width 83: "Flight 1187 "
                    text run at (134,19) width 123: "Booking Code:M "
                    text run at (257,19) width 227: "Date: Sunday, January 12, 2003"
                  LayoutBR {BR} at (484,34) size 0x0
                  LayoutText {#text} at (0,38) size 388x18
                    text run at (0,38) width 388: "From: San Francisco Intl Arpt, San Francisco CA - U.S."
                  LayoutBR {BR} at (388,53) size 0x0
                  LayoutText {#text} at (0,57) size 403x18
                    text run at (0,57) width 25: "To: "
                    text run at (25,57) width 378: "Burbank Glendale Pasadena Arpt, Burbank CA - U.S."
                  LayoutBR {BR} at (403,72) size 0x0
                  LayoutText {#text} at (0,76) size 244x18
                    text run at (0,76) width 127: "Departs: 6:05 PM "
                    text run at (127,76) width 117: "Arrives: 7:10 PM"
                  LayoutBR {BR} at (244,91) size 0x0
                  LayoutText {#text} at (0,95) size 49x18
                    text run at (0,95) width 49: "Status:"
                  LayoutInline {SPACE} at (0,0) size 127x37
                    LayoutText {#text} at (49,95) size 74x18
                      text run at (49,95) width 74: " confirmed"
                    LayoutInline {SPACE} at (0,0) size 127x37
                      LayoutText {#text} at (123,95) size 4x18
                        text run at (123,95) width 4: " "
                      LayoutBR {BR} at (0,0) size 0x0
                      LayoutText {#text} at (0,114) size 45x18
                        text run at (0,114) width 45: "Seats:"
                      LayoutBR {BR} at (45,129) size 0x0
                LayoutBlockFlow (anonymous) at (1,134) size 604x48
                  LayoutTable {TABLE} at (0,0) size 604x48 [border: (1px outset #808080)]
                    LayoutTableSection {TBODY} at (1,1) size 602x46
                      LayoutTableRow {TR} at (0,0) size 602x23 [bgcolor=#E0E0E0]
                        LayoutTableCell {TD} at (0,0) size 98x23 [border: (1px inset #808080)] [r=0 c=0 rs=1 cs=1]
                          LayoutText {#text} at (2,2) size 43x18
                            text run at (2,2) width 43: "Name"
                        LayoutTableCell {TD} at (98,0) size 37x23 [border: (1px inset #808080)] [r=0 c=1 rs=1 cs=1]
                          LayoutText {#text} at (2,2) size 33x18
                            text run at (2,2) width 33: "Seat"
                        LayoutTableCell {TD} at (135,0) size 78x23 [border: (1px inset #808080)] [r=0 c=2 rs=1 cs=1]
                          LayoutText {#text} at (2,2) size 45x18
                            text run at (2,2) width 45: "Status"
                        LayoutTableCell {TD} at (213,0) size 316x23 [border: (1px inset #808080)] [r=0 c=3 rs=1 cs=1]
                          LayoutText {#text} at (2,2) size 35x18
                            text run at (2,2) width 35: "Type"
                        LayoutTableCell {TD} at (529,0) size 73x23 [border: (1px inset #808080)] [r=0 c=4 rs=1 cs=1]
                          LayoutText {#text} at (2,2) size 69x18
                            text run at (2,2) width 69: "Comment"
                      LayoutTableRow {TR} at (0,23) size 602x23
                        LayoutTableCell {TD} at (0,23) size 98x23 [border: (1px inset #808080)] [r=1 c=0 rs=1 cs=1]
                          LayoutText {#text} at (2,2) size 94x18
                            text run at (2,2) width 94: "HAO,SCOTT"
                        LayoutTableCell {TD} at (98,23) size 37x23 [border: (1px inset #808080)] [r=1 c=1 rs=1 cs=1]
                          LayoutText {#text} at (2,2) size 29x18
                            text run at (2,2) width 29: "08A"
                        LayoutTableCell {TD} at (135,23) size 78x23 [border: (1px inset #808080)] [r=1 c=2 rs=1 cs=1]
                          LayoutText {#text} at (2,2) size 74x18
                            text run at (2,2) width 74: "confirmed "
                        LayoutTableCell {TD} at (213,23) size 316x23 [border: (1px inset #808080)] [r=1 c=3 rs=1 cs=1]
                          LayoutText {#text} at (2,2) size 312x18
                            text run at (2,2) width 312: "Non-Smoking, Window Seat, Preferred Seat"
                        LayoutTableCell {TD} at (529,23) size 73x23 [border: (1px inset #808080)] [r=1 c=4 rs=1 cs=1]
                          LayoutText {#text} at (2,2) size 4x18
                            text run at (2,2) width 4: " "
                LayoutBlockFlow (anonymous) at (1,182) size 604x19
                  LayoutInline {SPACE} at (0,0) size 0x18
                    LayoutInline {SPACE} at (0,0) size 0x18
                      LayoutBR {BR} at (0,0) size 0x18
      LayoutBlockFlow (anonymous) at (0,584.91) size 784x0
        LayoutInline {SPAN} at (0,0) size 0x0
          LayoutInline {SPAN} at (0,0) size 0x0
            LayoutInline {SPAN} at (0,0) size 0x0
              LayoutInline {SPAN} at (0,0) size 0x0
              LayoutText {#text} at (0,0) size 0x0
      LayoutBlockFlow (anonymous) at (0,591.56) size 784x2
      LayoutBlockFlow (anonymous) at (0,600.22) size 784x0
        LayoutInline {SPAN} at (0,0) size 0x0
          LayoutInline {SPAN} at (0,0) size 0x0
            LayoutInline {SPAN} at (0,0) size 0x0
              LayoutInline {SPAN} at (0,0) size 0x0
                LayoutText {#text} at (0,0) size 0x0
      LayoutBlockFlow (anonymous) at (0,600.22) size 784x206
        LayoutTable {TABLE} at (0,0) size 615x206
          LayoutTableSection {TBODY} at (0,0) size 615x206
            LayoutTableRow {TR} at (0,2) size 615x202
              LayoutTableCell {TD} at (2,102) size 2x2 [r=0 c=0 rs=1 cs=1]
              LayoutTableCell {TD} at (6,2) size 2x2 [r=0 c=1 rs=1 cs=1]
              LayoutTableCell {TD} at (10,92) size 106x21 [r=0 c=2 rs=1 cs=1]
                LayoutBlockFlow {IMG} at (1,1) size 104x19
                  LayoutInline {SPAN} at (0,0) size 88x18
                    LayoutImage (floating) {IMG} at (0,0) size 16x16
                    LayoutInline {SPAN} at (0,0) size 88x18
                      LayoutText {#text} at (16,0) size 88x18
                        text run at (16,0) width 88: "Air Segment"
                LayoutText {#text} at (0,0) size 0x0
              LayoutTableCell {TD} at (118,2) size 495x202 [r=0 c=3 rs=1 cs=1]
                LayoutBlockFlow (anonymous) at (1,1) size 493x133
                  LayoutText {#text} at (0,0) size 24x18
                    text run at (0,0) width 24: "Air "
                  LayoutBR {BR} at (0,0) size 0x0
                  LayoutText {#text} at (0,19) size 465x18
                    text run at (0,19) width 51: "United "
                    text run at (51,19) width 75: "Flight 480 "
                    text run at (126,19) width 122: "Booking Code:Q "
                    text run at (248,19) width 217: "Date: Friday, January 24, 2003"
                  LayoutBR {BR} at (465,34) size 0x0
                  LayoutText {#text} at (0,38) size 423x18
                    text run at (0,38) width 423: "From: Burbank Glendale Pasadena Arpt, Burbank CA - U.S."
                  LayoutBR {BR} at (423,53) size 0x0
                  LayoutText {#text} at (0,57) size 368x18
                    text run at (0,57) width 25: "To: "
                    text run at (25,57) width 343: "San Francisco Intl Arpt, San Francisco CA - U.S."
                  LayoutBR {BR} at (368,72) size 0x0
                  LayoutText {#text} at (0,76) size 244x18
                    text run at (0,76) width 127: "Departs: 1:40 PM "
                    text run at (127,76) width 117: "Arrives: 2:50 PM"
                  LayoutBR {BR} at (244,91) size 0x0
                  LayoutText {#text} at (0,95) size 49x18
                    text run at (0,95) width 49: "Status:"
                  LayoutInline {SPACE} at (0,0) size 127x37
                    LayoutText {#text} at (49,95) size 74x18
                      text run at (49,95) width 74: " confirmed"
                    LayoutInline {SPACE} at (0,0) size 127x37
                      LayoutText {#text} at (123,95) size 4x18
                        text run at (123,95) width 4: " "
                      LayoutBR {BR} at (0,0) size 0x0
                      LayoutText {#text} at (0,114) size 45x18
                        text run at (0,114) width 45: "Seats:"
                      LayoutBR {BR} at (45,129) size 0x0
                LayoutBlockFlow (anonymous) at (1,134) size 493x48
                  LayoutTable {TABLE} at (0,0) size 493x48 [border: (1px outset #808080)]
                    LayoutTableSection {TBODY} at (1,1) size 491x46
                      LayoutTableRow {TR} at (0,0) size 491x23 [bgcolor=#E0E0E0]
                        LayoutTableCell {TD} at (0,0) size 98x23 [border: (1px inset #808080)] [r=0 c=0 rs=1 cs=1]
                          LayoutText {#text} at (2,2) size 43x18
                            text run at (2,2) width 43: "Name"
                        LayoutTableCell {TD} at (98,0) size 37x23 [border: (1px inset #808080)] [r=0 c=1 rs=1 cs=1]
                          LayoutText {#text} at (2,2) size 33x18
                            text run at (2,2) width 33: "Seat"
                        LayoutTableCell {TD} at (135,0) size 78x23 [border: (1px inset #808080)] [r=0 c=2 rs=1 cs=1]
                          LayoutText {#text} at (2,2) size 45x18
                            text run at (2,2) width 45: "Status"
                        LayoutTableCell {TD} at (213,0) size 205x23 [border: (1px inset #808080)] [r=0 c=3 rs=1 cs=1]
                          LayoutText {#text} at (2,2) size 35x18
                            text run at (2,2) width 35: "Type"
                        LayoutTableCell {TD} at (418,0) size 73x23 [border: (1px inset #808080)] [r=0 c=4 rs=1 cs=1]
                          LayoutText {#text} at (2,2) size 69x18
                            text run at (2,2) width 69: "Comment"
                      LayoutTableRow {TR} at (0,23) size 491x23
                        LayoutTableCell {TD} at (0,23) size 98x23 [border: (1px inset #808080)] [r=1 c=0 rs=1 cs=1]
                          LayoutText {#text} at (2,2) size 94x18
                            text run at (2,2) width 94: "HAO,SCOTT"
                        LayoutTableCell {TD} at (98,23) size 37x23 [border: (1px inset #808080)] [r=1 c=1 rs=1 cs=1]
                          LayoutText {#text} at (2,2) size 28x18
                            text run at (2,2) width 28: "13F"
                        LayoutTableCell {TD} at (135,23) size 78x23 [border: (1px inset #808080)] [r=1 c=2 rs=1 cs=1]
                          LayoutText {#text} at (2,2) size 74x18
                            text run at (2,2) width 74: "confirmed "
                        LayoutTableCell {TD} at (213,23) size 205x23 [border: (1px inset #808080)] [r=1 c=3 rs=1 cs=1]
                          LayoutText {#text} at (2,2) size 201x18
                            text run at (2,2) width 201: "Non-Smoking, Window Seat"
                        LayoutTableCell {TD} at (418,23) size 73x23 [border: (1px inset #808080)] [r=1 c=4 rs=1 cs=1]
                          LayoutText {#text} at (2,2) size 4x18
                            text run at (2,2) width 4: " "
                LayoutBlockFlow (anonymous) at (1,182) size 493x19
                  LayoutInline {SPACE} at (0,0) size 0x18
                    LayoutInline {SPACE} at (0,0) size 0x18
                      LayoutBR {BR} at (0,0) size 0x18
      LayoutBlockFlow (anonymous) at (0,806.22) size 784x0
        LayoutInline {SPAN} at (0,0) size 0x0
          LayoutInline {SPAN} at (0,0) size 0x0
            LayoutInline {SPAN} at (0,0) size 0x0
              LayoutInline {SPAN} at (0,0) size 0x0
              LayoutText {#text} at (0,0) size 0x0
      LayoutBlockFlow (anonymous) at (0,812.88) size 784x2
      LayoutBlockFlow (anonymous) at (0,821.53) size 784x0
        LayoutInline {SPAN} at (0,0) size 0x0
          LayoutInline {SPAN} at (0,0) size 0x0
            LayoutInline {SPAN} at (0,0) size 0x0
              LayoutInline {SPAN} at (0,0) size 0x0
                LayoutText {#text} at (0,0) size 0x0
      LayoutBlockFlow (anonymous) at (0,821.53) size 784x120
        LayoutTable {TABLE} at (0,0) size 628x120
          LayoutTableSection {TBODY} at (0,0) size 628x120
            LayoutTableRow {TR} at (0,2) size 628x116
              LayoutTableCell {TD} at (2,59) size 2x2 [r=0 c=0 rs=1 cs=1]
              LayoutTableCell {TD} at (6,2) size 2x2 [r=0 c=1 rs=1 cs=1]
              LayoutTableCell {TD} at (10,49) size 106x21 [r=0 c=2 rs=1 cs=1]
                LayoutBlockFlow {IMG} at (1,1) size 104x19
                  LayoutInline {SPAN} at (0,0) size 88x18
                    LayoutImage (floating) {IMG} at (0,0) size 16x16
                    LayoutInline {SPAN} at (0,0) size 88x18
                      LayoutText {#text} at (16,0) size 88x18
                        text run at (16,0) width 88: "Air Segment"
                LayoutText {#text} at (0,0) size 0x0
              LayoutTableCell {TD} at (118,2) size 508x116 [r=0 c=3 rs=1 cs=1]
                LayoutText {#text} at (1,1) size 24x18
                  text run at (1,1) width 24: "Air "
                LayoutBR {BR} at (0,0) size 0x0
                LayoutText {#text} at (1,20) size 506x18
                  text run at (1,20) width 90: "UNKNOWN "
                  text run at (91,20) width 75: "Flight 123 "
                  text run at (166,20) width 121: "Booking Code:Y "
                  text run at (287,20) width 220: "Date: Tuesday, March 25, 2003"
                LayoutBR {BR} at (507,35) size 0x0
                LayoutText {#text} at (1,39) size 388x18
                  text run at (1,39) width 388: "From: San Francisco Intl Arpt, San Francisco CA - U.S."
                LayoutBR {BR} at (389,54) size 0x0
                LayoutText {#text} at (1,58) size 368x18
                  text run at (1,58) width 25: "To: "
                  text run at (26,58) width 343: "San Francisco Intl Arpt, San Francisco CA - U.S."
                LayoutBR {BR} at (369,73) size 0x0
                LayoutText {#text} at (1,77) size 170x18
                  text run at (1,77) width 90: "Departs: n/a "
                  text run at (91,77) width 80: "Arrives: n/a"
                LayoutBR {BR} at (171,92) size 0x0
                LayoutText {#text} at (1,96) size 49x18
                  text run at (1,96) width 49: "Status:"
                LayoutInline {SPACE} at (0,0) size 195x18
                  LayoutText {#text} at (50,96) size 191x18
                    text run at (50,96) width 191: " requested, await response"
                  LayoutInline {SPACE} at (0,0) size 4x18
                    LayoutText {#text} at (241,96) size 4x18
                      text run at (241,96) width 4: " "
                    LayoutBR {BR} at (245,111) size 0x0
      LayoutBlockFlow (anonymous) at (0,941.53) size 784x0
        LayoutInline {SPAN} at (0,0) size 0x0
          LayoutInline {SPAN} at (0,0) size 0x0
            LayoutInline {SPAN} at (0,0) size 0x0
              LayoutInline {SPAN} at (0,0) size 0x0
              LayoutText {#text} at (0,0) size 0x0
      LayoutBlockFlow (anonymous) at (0,948.19) size 784x2
      LayoutBlockFlow (anonymous) at (0,956.84) size 784x52
        LayoutInline {SPAN} at (0,0) size 196x50
          LayoutInline {SPAN} at (0,0) size 0x0
            LayoutInline {SPAN} at (0,0) size 0x0
            LayoutText {#text} at (0,0) size 0x0
          LayoutText {#text} at (0,0) size 0x0
          LayoutInline {SPAN} at (0,0) size 93x19
            LayoutText {#text} at (0,0) size 0x0
            LayoutBlockFlow {IMG} at (0,2.78) size 16x16
              LayoutInline {SPAN} at (0,0) size 0x0
                LayoutImage (floating) {IMG} at (0,0) size 16x16
                LayoutInline {SPAN} at (0,0) size 0x0
            LayoutText {#text} at (16,0) size 77x19
              text run at (16,0) width 4: " "
              text run at (20,0) width 73: "Remarks:"
            LayoutBR {BR} at (93,15) size 0x0
          LayoutText {#text} at (0,0) size 0x0
          LayoutBR {BR} at (0,20) size 0x16
          LayoutInline {SPAN} at (0,0) size 196x16
            LayoutText {#text} at (0,36) size 196x16
              text run at (0,36) width 126: "SERVICE FEE MCO "
              text run at (126,36) width 70: "8103220490"
            LayoutBR {BR} at (196,49) size 0x0
          LayoutText {#text} at (0,0) size 0x0
      LayoutBlockFlow (anonymous) at (0,1015.50) size 784x2
      LayoutBlockFlow (anonymous) at (0,1024.16) size 784x20.78
        LayoutInline {SPAN} at (0,0) size 198x16
          LayoutInline {SPAN} at (0,0) size 198x19
            LayoutText {#text} at (0,0) size 0x0
            LayoutBlockFlow {IMG} at (0,0.78) size 78x20
              LayoutInline {SPAN} at (0,0) size 62x19
                LayoutImage (floating) {IMG} at (0,0) size 16x16
                LayoutInline {SPAN} at (0,0) size 62x19
                  LayoutText {#text} at (16,0) size 62x19
                    text run at (16,0) width 62: "Itinerary"
            LayoutText {#text} at (78,0) size 4x19
              text run at (78,0) width 4: " "
            LayoutInline {B} at (0,0) size 112x19
              LayoutText {#text} at (82,0) size 112x19
                text run at (82,0) width 112: "Web Bookings"
            LayoutText {#text} at (194,0) size 4x19
              text run at (194,0) width 4: " "
            LayoutInline {SPAN} at (0,0) size 0x19
              LayoutBR {BR} at (198,15) size 0x0
              LayoutInline {SPAN} at (0,0) size 0x0
            LayoutText {#text} at (0,0) size 0x0
          LayoutText {#text} at (0,0) size 0x0
      LayoutBlockFlow (anonymous) at (0,1051.59) size 784x2
      LayoutBlockFlow (anonymous) at (0,1060.25) size 784x20
        LayoutInline {SPAN} at (0,0) size 273x16
          LayoutInline {SPAN} at (0,0) size 273x16
            LayoutText {#text} at (0,0) size 0x0
            LayoutInline {SPAN} at (0,0) size 273x19
              LayoutText {#text} at (0,0) size 0x0
              LayoutBlockFlow {IMG} at (0,2.78) size 16x16
                LayoutInline {SPAN} at (0,0) size 0x0
                  LayoutImage (floating) {IMG} at (0,0) size 16x16
                  LayoutInline {SPAN} at (0,0) size 0x0
              LayoutText {#text} at (16,0) size 257x19
                text run at (16,0) width 4: " "
                text run at (20,0) width 253: "Remarks and Service Information"
              LayoutBR {BR} at (273,15) size 0x0
            LayoutText {#text} at (0,0) size 0x0
            LayoutText {#text} at (0,0) size 0x0
      LayoutBlockFlow (anonymous) at (0,1086.91) size 784x31.33
        LayoutBlockFlow {P} at (0,15.33) size 784x16
          LayoutText {#text} at (0,0) size 204x16
            text run at (0,0) width 204: "This itinerary is subject to change. "
          LayoutInline {A} at (0,0) size 163x16 [color=#0000EE]
            LayoutText {#text} at (204,0) size 163x16
              text run at (204,0) width 163: "Click here for latest updates"
          LayoutText {#text} at (0,0) size 0x0
      LayoutBlockFlow (anonymous) at (0,1131.56) size 784x0
        LayoutInline {SPAN} at (0,0) size 0x0
          LayoutInline {SPAN} at (0,0) size 0x0
          LayoutText {#text} at (0,0) size 0x0
layer at (8,37) size 784x2 clip at (0,0) size 0x0
  LayoutBlockFlow {HR} at (0,0) size 784x2 [border: (1px inset #EEEEEE)]
layer at (8,92) size 784x2 clip at (0,0) size 0x0
  LayoutBlockFlow {HR} at (0,0) size 784x2 [border: (1px inset #EEEEEE)]
layer at (8,165) size 784x2 clip at (0,0) size 0x0
  LayoutBlockFlow {HR} at (0,0) size 784x2 [border: (1px inset #EEEEEE)]
layer at (8,279) size 784x2 clip at (0,0) size 0x0
  LayoutBlockFlow {HR} at (0,0) size 784x2 [border: (1px inset #EEEEEE)]
layer at (8,378) size 784x2 clip at (0,0) size 0x0
  LayoutBlockFlow {HR} at (0,0) size 784x2 [border: (1px inset #EEEEEE)]
layer at (8,600) size 784x2 backgroundClip at (8,600) size 784x0 clip at (0,0) size 0x0
  LayoutBlockFlow {HR} at (0,0) size 784x2 [border: (1px inset #EEEEEE)]
layer at (8,821) size 784x2 backgroundClip at (0,0) size 0x0 clip at (0,0) size 0x0
  LayoutBlockFlow {HR} at (0,0) size 784x2 [border: (1px inset #EEEEEE)]
layer at (8,956) size 784x2 backgroundClip at (0,0) size 0x0 clip at (0,0) size 0x0
  LayoutBlockFlow {HR} at (0,0) size 784x2 [border: (1px inset #EEEEEE)]
layer at (8,1024) size 784x2 backgroundClip at (0,0) size 0x0 clip at (0,0) size 0x0
  LayoutBlockFlow {HR} at (0,0) size 784x2 [border: (1px inset #EEEEEE)]
layer at (8,1060) size 784x2 backgroundClip at (0,0) size 0x0 clip at (0,0) size 0x0
  LayoutBlockFlow {HR} at (0,0) size 784x2 [border: (1px inset #EEEEEE)]
layer at (8,1095) size 784x2 backgroundClip at (0,0) size 0x0 clip at (0,0) size 0x0
  LayoutBlockFlow {HR} at (0,0) size 784x2 [border: (1px inset #EEEEEE)]
layer at (23,45) size 100x17
  LayoutInline (relative positioned) {SPAN} at (0,0) size 100x17
    LayoutText {#text} at (0,0) size 0x0
    LayoutInline {SPAN} at (0,0) size 100x17
      LayoutText {#text} at (0,0) size 0x0
      LayoutBlockFlow {IMG} at (0,20.78) size 16x16
        LayoutInline {SPAN} at (0,0) size 0x0
          LayoutImage (floating) {IMG} at (0,0) size 16x16
          LayoutInline {SPAN} at (0,0) size 0x0
      LayoutText {#text} at (16,23) size 4x17
        text run at (16,23) width 4: " "
      LayoutInline {SPAN} at (0,0) size 80x17
        LayoutText {#text} at (20,23) size 80x17
          text run at (20,23) width 80: "HAO, SCOTT"
        LayoutBR {BR} at (100,36) size 0x1
        LayoutText {#text} at (0,0) size 0x0
      LayoutText {#text} at (0,0) size 0x0
    LayoutText {#text} at (0,0) size 0x0
layer at (48,45) size 0x0
  LayoutInline (relative positioned) {SPAN} at (0,0) size 0x0
    LayoutText {#text} at (0,0) size 0x0
layer at (23,100) size 587x35
  LayoutInline (relative positioned) {SPAN} at (0,0) size 587x35
    LayoutText {#text} at (0,0) size 0x0
    LayoutBlockFlow {IMG} at (0,20) size 16x16
      LayoutInline {SPAN} at (0,0) size 0x0
        LayoutImage (floating) {IMG} at (0,0) size 16x16
        LayoutInline {SPAN} at (0,0) size 0x0
    LayoutText {#text} at (16,23) size 571x16
      text run at (16,23) width 4: " "
      text run at (20,23) width 56: "Address: "
      text run at (76,23) width 511: "ST. JUDE MEDICAL, 21700 OXNARD ST SUITE 800, WOODLAND HILLS CA Z/91367 "
    LayoutBR {BR} at (587,36) size 0x0
    LayoutBlockFlow {IMG} at (0,39) size 16x16
      LayoutInline {SPAN} at (0,0) size 0x0
        LayoutImage (floating) {IMG} at (0,0) size 16x16
        LayoutInline {SPAN} at (0,0) size 0x0
    LayoutText {#text} at (16,42) size 406x16
      text run at (16,42) width 4: " "
      text run at (20,42) width 48: "Deliver: "
      text run at (68,42) width 103: "DEBI STANGEL, "
      text run at (171,42) width 115: "119 GLEN COURT, "
      text run at (286,42) width 136: "DANVILLE CA Z/94526"
layer at (23,174) size 16x17
  LayoutInline (relative positioned) {SPAN} at (0,0) size 16x17
    LayoutText {#text} at (0,0) size 0x0
    LayoutBlockFlow {IMG} at (0,20.78) size 16x16
      LayoutInline {SPAN} at (0,0) size 0x0
        LayoutImage (floating) {IMG} at (0,0) size 16x16
        LayoutInline {SPAN} at (0,0) size 0x0
    LayoutText {#text} at (0,0) size 0x0
layer at (23,211) size 784x62 backgroundClip at (0,0) size 800x600 clip at (0,0) size 800x600
  LayoutBlockFlow (anonymous) (relative positioned) at (0,202.50) size 784x62
layer at (43,196) size 527x62
  LayoutTable (relative positioned) {TABLE} at (0,0) size 527x62 [border: (1px outset #808080)]
    LayoutTableSection {TBODY} at (1,1) size 525x60
      LayoutTableRow {TR} at (0,2) size 525x23 [bgcolor=#E0E0E0]
        LayoutTableCell {TD} at (2,2) size 94x23 [border: (1px inset #808080)] [r=0 c=0 rs=1 cs=1]
          LayoutText {#text} at (2,2) size 35x18
            text run at (2,2) width 35: "Type"
        LayoutTableCell {TD} at (98,2) size 45x23 [border: (1px inset #808080)] [r=0 c=1 rs=1 cs=1]
          LayoutText {#text} at (2,2) size 28x18
            text run at (2,2) width 28: "City"
        LayoutTableCell {TD} at (145,2) size 378x23 [border: (1px inset #808080)] [r=0 c=2 rs=1 cs=1]
          LayoutText {#text} at (2,2) size 47x18
            text run at (2,2) width 47: "Phone"
      LayoutTableRow {TR} at (0,27) size 525x0
      LayoutTableRow {TR} at (0,29) size 525x23
        LayoutTableCell {TD} at (2,29) size 94x23 [border: (1px inset #808080)] [r=2 c=0 rs=1 cs=1]
          LayoutText {#text} at (2,2) size 90x18
            text run at (2,2) width 90: "Travel Agent"
        LayoutTableCell {TD} at (98,29) size 45x23 [border: (1px inset #808080)] [r=2 c=1 rs=1 cs=1]
          LayoutText {#text} at (2,2) size 41x18
            text run at (2,2) width 41: "(LAX)"
        LayoutTableCell {TD} at (145,29) size 378x23 [border: (1px inset #808080)] [r=2 c=2 rs=1 cs=1]
          LayoutText {#text} at (2,2) size 374x18
            text run at (2,2) width 374: "RQ0/818 990-4053-PLAZA TRAVEL - 05838276-RC"
      LayoutTableRow {TR} at (0,54) size 525x0
      LayoutTableRow {TR} at (0,56) size 525x0
      LayoutTableRow {TR} at (0,58) size 525x0
layer at (23,273) size 0x0
  LayoutInline (relative positioned) {SPAN} at (0,0) size 0x0
layer at (33,1068) size 0x0
  LayoutInline (relative positioned) {SPAN} at (0,0) size 0x0
    LayoutText {#text} at (0,0) size 0x0
    LayoutInline {SPAN} at (0,0) size 0x0
      LayoutText {#text} at (0,0) size 0x0
    LayoutText {#text} at (0,0) size 0x0
