layer at (0,0) size 800x600 clip at (0,0) size 785x600 scrollY 6.00 scrollHeight 658
  LayoutView at (0,0) size 800x600
layer at (0,0) size 785x658 backgroundClip at (0,0) size 785x600 clip at (0,0) size 785x600
  LayoutBlockFlow {HTML} at (0,0) size 785x658
    LayoutBlockFlow {BODY} at (8,8) size 769x630
      LayoutBlockFlow {P} at (0,0) size 769x36
        LayoutText {#text} at (0,0) size 54x18
          text run at (0,0) width 54: "Test for "
        LayoutInline {I} at (0,0) size 755x36
          LayoutInline {A} at (0,0) size 305x18 [color=#0000EE]
            LayoutText {#text} at (53,0) size 305x18
              text run at (53,0) width 305: "http://bugs.webkit.org/show_bug.cgi?id=14875"
          LayoutText {#text} at (357,0) size 755x36
            text run at (357,0) width 5: " "
            text run at (361,0) width 394: "Textarea with nowrap - left/right nav, Up/down nav both hide"
            text run at (0,18) width 24: "text"
        LayoutText {#text} at (23,18) size 5x18
          text run at (23,18) width 5: "."
      LayoutBlockFlow {P} at (0,52) size 769x18
        LayoutText {#text} at (0,0) size 466x18
          text run at (0,0) width 466: "The letter A should be fully visible in each one of the eight boxes below."
layer at (28,98) size 150x50 clip at (28,98) size 150x35 scrollX 50.00 scrollWidth 200
  LayoutBlockFlow {DIV} at (20,90) size 150x50
    LayoutBlockFlow {DIV} at (0,0) size 200x18
      LayoutText {#text} at (188,0) size 12x18
        text run at (188,0) width 12: "A"
layer at (28,168) size 160x50 clip at (38,168) size 150x35 scrollX 50.00 scrollWidth 200
  LayoutBlockFlow {DIV} at (20,160) size 160x50 [border: none (10px solid #000000)]
    LayoutBlockFlow {DIV} at (10,0) size 200x18
      LayoutText {#text} at (188,0) size 12x18
        text run at (188,0) width 12: "A"
layer at (28,238) size 160x50 clip at (28,238) size 150x35 scrollX 50.00 scrollWidth 200
  LayoutBlockFlow {DIV} at (20,230) size 160x50 [border: none (10px solid #000000) none]
    LayoutBlockFlow {DIV} at (0,0) size 200x18
      LayoutText {#text} at (188,0) size 12x18
        text run at (188,0) width 12: "A"
layer at (28,308) size 150x50 clip at (28,308) size 135x35 scrollX 65.00 scrollWidth 200
  LayoutBlockFlow {DIV} at (20,300) size 150x50
    LayoutBlockFlow {DIV} at (0,0) size 200x18
      LayoutText {#text} at (188,0) size 12x18
        text run at (188,0) width 12: "A"
layer at (28,378) size 150x50 clip at (28,378) size 150x35 scrollWidth 200
  LayoutBlockFlow {DIV} at (20,370) size 150x50
    LayoutBlockFlow {DIV} at (0,0) size 200x18
      LayoutText {#text} at (0,0) size 12x18
        text run at (0,0) width 12: "A"
layer at (28,448) size 160x50 clip at (38,448) size 150x35 scrollWidth 200
  LayoutBlockFlow {DIV} at (20,440) size 160x50 [border: none (10px solid #000000)]
    LayoutBlockFlow {DIV} at (10,0) size 200x18
      LayoutText {#text} at (0,0) size 12x18
        text run at (0,0) width 12: "A"
layer at (28,518) size 160x50 clip at (28,518) size 150x35 scrollWidth 200
  LayoutBlockFlow {DIV} at (20,510) size 160x50 [border: none (10px solid #000000) none]
    LayoutBlockFlow {DIV} at (0,0) size 200x18
      LayoutText {#text} at (0,0) size 12x18
        text run at (0,0) width 12: "A"
layer at (28,588) size 150x50 backgroundClip at (28,588) size 150x12 clip at (28,588) size 135x12 scrollWidth 200
  LayoutBlockFlow {DIV} at (20,580) size 150x50
    LayoutBlockFlow {DIV} at (0,0) size 200x18
      LayoutText {#text} at (0,0) size 12x18
        text run at (0,0) width 12: "A"
caret: position 13 of child 0 {#text} of child 1 {DIV} of child 19 {DIV} of body
scrolled to 0,6
