layer at (0,0) size 800x600
  LayoutView at (0,0) size 800x600
layer at (0,0) size 800x600
  LayoutBlockFlow {HTML} at (0,0) size 800x600
    LayoutBlockFlow {BODY} at (8,8) size 784x584
      LayoutBlockFlow {P} at (0,0) size 784x18
        LayoutText {#text} at (0,0) size 221x18
          text run at (0,0) width 221: "Should see a light green rectangle:"
      LayoutBlockFlow {DIV} at (0,34) size 784x100
        LayoutImage {IMG} at (0,0) size 100x100
