layer at (0,0) size 800x600
  LayoutView at (0,0) size 800x600
layer at (0,0) size 800x600
  LayoutBlockFlow {HTML} at (0,0) size 800x600
    LayoutBlockFlow {BODY} at (8,8) size 784x584
      LayoutText {#text} at (304,140) size 4x18
        text run at (304,140) width 4: " "
      LayoutText {#text} at (0,0) size 0x0
layer at (8,8) size 304x154
  LayoutIFrame {IFRAME} at (0,0) size 304x154 [border: (2px inset #EEEEEE)]
    layer at (0,0) size 300x150
      LayoutView at (0,0) size 300x150
    layer at (0,0) size 300x150
      LayoutBlockFlow {HTML} at (0,0) size 300x150
        LayoutBlockFlow {BODY} at (8,8) size 284x134
          LayoutText {#text} at (0,0) size 284x72
            text run at (0,0) width 268: "This frame will try to replace the contents"
            text run at (0,18) width 251: "of the frame to the right. If the bug still"
            text run at (0,36) width 284: "occurs, pop-up blocking will prevent it from"
            text run at (0,54) width 59: "doing so."
layer at (316,8) size 304x154
  LayoutIFrame {IFRAME} at (308,0) size 304x154 [border: (2px inset #EEEEEE)]
    layer at (0,0) size 300x150
      LayoutView at (0,0) size 300x150
    layer at (0,0) size 300x150
      LayoutBlockFlow {HTML} at (0,0) size 300x150
        LayoutBlockFlow {BODY} at (8,8) size 284x134
          LayoutText {#text} at (0,0) size 275x36
            text run at (0,0) width 275: "This text successfully replaced the original"
            text run at (0,18) width 215: "text in the frame. Test succeeded!"
