layer at (0,0) size 800x600
  LayoutView at (0,0) size 800x600
layer at (0,0) size 800x212
  LayoutBlockFlow {HTML} at (0,0) size 800x212
    LayoutBlockFlow {BODY} at (8,16) size 784x188
      LayoutBlockFlow {P} at (0,0) size 784x20 [color=#000080]
        LayoutText {#text} at (0,0) size 306x19
          text run at (0,0) width 306: "There should be two unbroken vertical bars below."
      LayoutBlockFlow {P} at (0,36) size 784x40 [color=#000080]
        LayoutText {#text} at (0,0) size 751x39
          text run at (0,0) width 386: "Hold up a credit card to your display. The distance between the "
          text run at (386,0) width 365: "two vertical bars should be exactly the length of a credit card"
          text run at (0,20) width 72: "(85.60mm)."
      LayoutBlockFlow {DIV} at (0,92) size 784x96 [border: none (3px solid #000000)]
        LayoutBlockFlow {DIV} at (326.52,0) size 457.48x16 [border: none (3px solid #000000)]
        LayoutBlockFlow {DIV} at (326.52,16) size 457.48x16 [border: none (3px solid #000000)]
        LayoutBlockFlow {DIV} at (326.52,32) size 457.48x16 [border: none (3px solid #000000)]
        LayoutBlockFlow {DIV} at (326.52,48) size 457.48x16 [border: none (3px solid #000000)]
        LayoutBlockFlow {DIV} at (326.52,64) size 457.48x16 [border: none (3px solid #000000)]
        LayoutBlockFlow {DIV} at (326.52,80) size 457.48x16 [border: none (3px solid #000000)]
