layer at (0,0) size 800x600
  LayoutView at (0,0) size 800x600
layer at (0,0) size 800x402
  LayoutBlockFlow {HTML} at (0,0) size 800x402
    LayoutBlockFlow {BODY} at (8,16) size 784x370 [color=#0000FF]
      LayoutBlockFlow {P} at (0,0) size 784x100
        LayoutText {#text} at (0,0) size 27x19
          text run at (0,0) width 27: "The "
        LayoutInline {STRONG} at (0,0) size 55x19
          LayoutText {#text} at (27,0) size 55x19
            text run at (27,0) width 55: "first line"
        LayoutText {#text} at (82,0) size 286x19
          text run at (82,0) width 194: " of this paragraph, and only that "
          text run at (276,0) width 92: "one, should be "
        LayoutInline {STRONG} at (0,0) size 38x19
          LayoutText {#text} at (368,0) size 38x19
            text run at (368,0) width 38: "green"
        LayoutText {#text} at (406,0) size 784x99
          text run at (406,0) width 169: ". If this precise combination "
          text run at (575,0) width 209: "does not occur, then the user agent"
          text run at (0,20) width 183: "has failed this test. Remember "
          text run at (183,20) width 373: "that in order to ensure a complete test, the paragraph must be "
          text run at (556,20) width 194: "displayed on more than one line."
          text run at (0,40) width 213: "Dummy text. Dummy text. Dummy "
          text run at (213,40) width 435: "text. Dummy text. Dummy text. Dummy text. Dummy text. Dummy text. "
          text run at (648,40) width 128: "Dummy text. Dummy"
          text run at (0,60) width 324: "text. Dummy text. Dummy text. Dummy text. Dummy "
          text run at (324,60) width 431: "text. Dummy text. Dummy text. Dummy text. Dummy text. Dummy text."
          text run at (0,80) width 456: "Dummy text. Dummy text. Dummy text. Dummy text. Dummy text. Dummy "
          text run at (456,80) width 269: "text. Dummy text. Dummy text. Dummy text."
      LayoutBlockFlow {P} at (0,116) size 784x138
        LayoutText {#text} at (0,1) size 56x36
          text run at (0,1) width 56: "The "
        LayoutInline {STRONG} at (0,0) size 116x36
          LayoutText {#text} at (56,0) size 116x36
            text run at (56,0) width 116: "first line"
        LayoutText {#text} at (172,1) size 610x36
          text run at (172,1) width 407: " of this paragraph, and only that "
          text run at (579,1) width 203: "one, should be a"
        LayoutInline {STRONG} at (0,0) size 40x19
          LayoutText {#text} at (0,38) size 40x19
            text run at (0,38) width 40: "larger"
        LayoutText {#text} at (40,38) size 119x19
          text run at (40,38) width 119: " font size as well as "
        LayoutInline {STRONG} at (0,0) size 38x19
          LayoutText {#text} at (159,38) size 38x19
            text run at (159,38) width 38: "green"
        LayoutText {#text} at (197,38) size 784x99
          text run at (197,38) width 266: ". If this precise combination does not occur, "
          text run at (463,38) width 321: "then the user agent has failed this test. Remember that"
          text run at (0,58) width 67: "in order to "
          text run at (67,58) width 395: "ensure a complete test, the paragraph must be displayed on more "
          text run at (462,58) width 322: "than one line. Dummy text. Dummy text. Dummy text."
          text run at (0,78) width 81: "Dummy text. "
          text run at (81,78) width 456: "Dummy text. Dummy text. Dummy text. Dummy text. Dummy text. Dummy "
          text run at (537,78) width 239: "text. Dummy text. Dummy text. Dummy"
          text run at (0,98) width 192: "text. Dummy text. Dummy text. "
          text run at (192,98) width 456: "Dummy text. Dummy text. Dummy text. Dummy text. Dummy text. Dummy "
          text run at (648,98) width 107: "text. Dummy text."
          text run at (0,118) width 324: "Dummy text. Dummy text. Dummy text. Dummy text. "
          text run at (324,118) width 158: "Dummy text. Dummy text."
      LayoutBlockFlow {P} at (0,270) size 784x100
        LayoutText {#text} at (0,0) size 29x19
          text run at (0,0) width 29: "The "
        LayoutInline {STRONG} at (0,0) size 70x19
          LayoutText {#text} at (29,0) size 70x19
            text run at (29,0) width 70: "first line"
        LayoutText {#text} at (99,0) size 427x19
          text run at (99,0) width 235: " of this paragraph, and only that "
          text run at (334,0) width 192: "one, should be displayed in "
        LayoutInline {STRONG} at (0,0) size 79x19
          LayoutText {#text} at (526,0) size 79x19
            text run at (526,0) width 79: "small-caps"
        LayoutText {#text} at (605,0) size 121x19
          text run at (605,0) width 63: " style as "
          text run at (668,0) width 58: "well as "
        LayoutInline {STRONG} at (0,0) size 43x19
          LayoutText {#text} at (726,0) size 43x19
            text run at (726,0) width 43: "green"
        LayoutText {#text} at (769,0) size 776x99
          text run at (769,0) width 4: "."
          text run at (0,20) width 170: "Thus, if the first line is not in "
          text run at (170,20) width 325: "small-caps style, or if the entire paragraph turns out in "
          text run at (495,20) width 268: "small-caps, then the user agent has failed this"
          text run at (0,40) width 110: "test. Dummy text. "
          text run at (110,40) width 456: "Dummy text. Dummy text. Dummy text. Dummy text. Dummy text. Dummy "
          text run at (566,40) width 188: "text. Dummy text. Dummy text."
          text run at (0,60) width 243: "Dummy text. Dummy text. Dummy text. "
          text run at (243,60) width 456: "Dummy text. Dummy text. Dummy text. Dummy text. Dummy text. Dummy "
          text run at (699,60) width 77: "text. Dummy"
          text run at (0,80) width 354: "text. Dummy text. Dummy text. Dummy text. Dummy text. "
          text run at (354,80) width 401: "Dummy text. Dummy text. Dummy text. Dummy text. Dummy text."
