layer at (0,0) size 800x600
  LayoutView at (0,0) size 800x600
layer at (0,0) size 800x308
  LayoutBlockFlow {HTML} at (0,0) size 800x308
    LayoutBlockFlow {BODY} at (8,16) size 784x276 [color=#0000FF]
      LayoutBlockFlow {P} at (0,0) size 784x20
        LayoutText {#text} at (0,0) size 700x19
          text run at (0,0) width 336: "There should be a solid line to the left of the text below, "
          text run at (336,0) width 364: "having three segments each of a different colour as indicated."
      LayoutBlockFlow {UL} at (0,36) size 784x240
        LayoutListItem {LI} at (40,0) size 744x80 [border: none (3px solid #FFA500)]
          LayoutBlockFlow (anonymous) at (3,0) size 741x20
            LayoutListMarker (anonymous) at (-21,0) size 7x19: bullet
            LayoutText {#text} at (0,0) size 102x19
              text run at (0,0) width 102: "Orange orange..."
          LayoutBlockFlow {UL} at (3,20) size 741x60
            LayoutListItem {LI} at (40,0) size 701x20
              LayoutListMarker (anonymous) at (-18,0) size 7x19: white bullet
              LayoutText {#text} at (0,0) size 110x19
                text run at (0,0) width 110: "...orange orange..."
            LayoutListItem {LI} at (40,20) size 701x20
              LayoutListMarker (anonymous) at (-18,0) size 7x19: white bullet
              LayoutText {#text} at (0,0) size 110x19
                text run at (0,0) width 110: "...orange orange..."
            LayoutListItem {LI} at (40,40) size 701x20
              LayoutListMarker (anonymous) at (-18,0) size 7x19: white bullet
              LayoutText {#text} at (0,0) size 102x19
                text run at (0,0) width 102: "...orange orange."
        LayoutListItem {LI} at (40,80) size 744x20 [border: none (3px solid #00FF00)]
          LayoutListMarker (anonymous) at (-18,0) size 7x19: bullet
          LayoutText {#text} at (3,0) size 34x19
            text run at (3,0) width 34: "Lime."
        LayoutListItem {LI} at (40,100) size 744x140 [border: none (3px solid #FFFF00)]
          LayoutListMarker (anonymous) at (-18,0) size 7x19: bullet
          LayoutText {#text} at (3,0) size 729x139
            text run at (3,0) width 303: "Yellow yellow yellow yellow yellow yellow yellow "
            text run at (306,0) width 387: "yellow yellow yellow yellow yellow yellow yellow yellow yellow "
            text run at (693,0) width 39: "yellow"
            text run at (3,20) width 344: "yellow yellow yellow yellow yellow yellow yellow yellow "
            text run at (347,20) width 383: "yellow yellow yellow yellow yellow yellow yellow yellow yellow"
            text run at (3,40) width 387: "yellow yellow yellow yellow yellow yellow yellow yellow yellow "
            text run at (390,40) width 340: "yellow yellow yellow yellow yellow yellow yellow yellow"
            text run at (3,60) width 43: "yellow "
            text run at (46,60) width 387: "yellow yellow yellow yellow yellow yellow yellow yellow yellow "
            text run at (433,60) width 297: "yellow yellow yellow yellow yellow yellow yellow"
            text run at (3,80) width 86: "yellow yellow "
            text run at (89,80) width 387: "yellow yellow yellow yellow yellow yellow yellow yellow yellow "
            text run at (476,80) width 254: "yellow yellow yellow yellow yellow yellow"
            text run at (3,100) width 129: "yellow yellow yellow "
            text run at (132,100) width 387: "yellow yellow yellow yellow yellow yellow yellow yellow yellow "
            text run at (519,100) width 211: "yellow yellow yellow yellow yellow"
            text run at (3,120) width 128: "yellow yellow yellow."
