layer at (0,0) size 800x600
  LayoutView at (0,0) size 800x600
layer at (0,0) size 800x392
  LayoutBlockFlow {HTML} at (0,0) size 800x391.97
    LayoutBlockFlow {BODY} at (8,16) size 784x365.97 [color=#000080]
      LayoutBlockFlow {P} at (0,0) size 784x20
        LayoutText {#text} at (0,0) size 266x19
          text run at (0,0) width 266: "The five diagrams below should be identical."
      LayoutBlockFlow {DIV} at (0,36) size 138x329.97 [color=#FFA500]
        LayoutBlockFlow {P} at (0,0) size 138x58 [bgcolor=#FF0000] [border: (24px solid #FFFF00)]
          LayoutImage {IMG} at (24,24) size 10x10
          LayoutImage {IMG} at (34,24) size 10x10
          LayoutImage {IMG} at (44,24) size 10x10
          LayoutImage {IMG} at (54,24) size 10x10
          LayoutImage {IMG} at (64,24) size 10x10
          LayoutImage {IMG} at (74,24) size 10x10
          LayoutImage {IMG} at (84,24) size 10x10
          LayoutImage {IMG} at (94,24) size 10x10
          LayoutImage {IMG} at (104,24) size 10x10
          LayoutText {#text} at (0,0) size 0x0
        LayoutBlockFlow {P} at (0,68) size 138x58 [bgcolor=#FFFF00]
          LayoutText {#text} at (24,24) size 90x10
            text run at (24,24) width 90: "x x x x x"
        LayoutBlockFlow {P} at (0,136) size 138x58 [bgcolor=#FFFF00]
          LayoutText {#text} at (24,24) size 90x10
            text run at (24,24) width 90: "x x x x x"
        LayoutBlockFlow {P} at (0,204) size 138x58 [bgcolor=#FFFF00]
          LayoutText {#text} at (24,24) size 90x10
            text run at (24,24) width 90: "x x x x x"
        LayoutBlockFlow {P} at (0,272) size 138x57.97 [bgcolor=#FFFF00]
          LayoutText {#text} at (23,23) size 91x11
            text run at (23,23) width 91: "x x x x x"
