layer at (0,0) size 800x600 clip at (0,0) size 800x585 scrollWidth 802
  LayoutView at (0,0) size 800x600
layer at (0,0) size 800x68
  LayoutBlockFlow {HTML} at (0,0) size 800x68
    LayoutBlockFlow {BODY} at (8,24) size 784x20
      LayoutBlockFlow {P} at (0,0) size 794x20 [color=#000080]
        LayoutText {#text} at (0,0) size 269x19
          text run at (0,0) width 269: "This page should have a horizontal scroll bar."
