layer at (0,0) size 800x600
  LayoutView at (0,0) size 800x600
layer at (0,0) size 800x200
  LayoutBlockFlow {HTML} at (0,0) size 800x200
    LayoutBlockFlow {BODY} at (8,16) size 784x168
      LayoutBlockFlow {P} at (0,0) size 784x26 [border: (3px solid #008000)]
        LayoutText {#text} at (3,3) size 223x19
          text run at (3,3) width 223: "This box should have a green border."
      LayoutBlockFlow {P} at (0,42) size 784x26 [border: (3px solid #008000)]
        LayoutText {#text} at (3,3) size 283x19
          text run at (3,3) width 283: "This box should have an identical green border."
      LayoutBlockFlow {P} at (0,84) size 784x84 [border: (32px solid #800080) (32px solid #008000) (32px solid #0000FF) (32px solid #FFFF00)]
        LayoutText {#text} at (32,32) size 505x19
          text run at (32,32) width 505: "Clockwise from top, the borders should be: PURPLE, GREEN, BLUE, YELLOW."
