layer at (0,0) size 800x600
  LayoutView at (0,0) size 800x600
layer at (0,0) size 800x221
  LayoutBlockFlow {HTML} at (0,0) size 800x221.19
    LayoutBlockFlow {BODY} at (8,16) size 784x113.19
      LayoutBlockFlow {P} at (0,0) size 784x21.19 [color=#000080]
        LayoutText {#text} at (0,0) size 377x20
          text run at (0,0) width 233: "In the following test, the purple square "
          text run at (233,0) width 144: "should be on the left (\x{21E6}"
        LayoutImage {IMG} at (377,0) size 19.19x19.19
        LayoutText {#text} at (396,0) size 207x20
          text run at (396,0) width 207: "), and the teal square on the right ("
        LayoutImage {IMG} at (602.19,0) size 19.19x19.19
        LayoutText {#text} at (621,0) size 149x20
          text run at (621,0) width 91: "\x{21E8}) of the blue "
          text run at (711,0) width 59: "rectangle."
      LayoutBlockFlow {DIV} at (0,37.19) size 784x76
        LayoutBlockFlow {DIV} at (16,0) size 752x76 [color=#0000FF] [bgcolor=#000080]
          LayoutImage (floating) {IMG} at (8,8) size 160x160
          LayoutImage (floating) {IMG} at (584,8) size 160x160
          LayoutText {#text} at (168,8) size 399x59
            text run at (168,8) width 399: "Blue rectangle. Blue rectangle. Blue rectangle. Blue rectangle. Blue"
            text run at (168,28) width 155: "rectangle. Blue rectangle. "
            text run at (323,28) width 213: "Blue rectangle. Blue rectangle. Blue"
            text run at (168,48) width 337: "rectangle. Blue rectangle. Blue rectangle. Blue rectangle."
