layer at (0,0) size 800x600
  LayoutView at (0,0) size 800x600
layer at (0,0) size 800x189
  LayoutBlockFlow {HTML} at (0,0) size 800x188.63
    LayoutBlockFlow {BODY} at (8,16) size 784x156.63
      LayoutBlockFlow {P} at (0,0) size 784x20 [color=#000080]
        LayoutText {#text} at (0,0) size 246x19
          text run at (0,0) width 246: "The word \"fail\" should not appear below."
      LayoutBlockFlow {DIV} at (16,36) size 240x120.63 [color=#FFFFFF] [bgcolor=#FFFFFF]
        LayoutBlockFlow (floating) {P} at (0,0) size 38.52x20.31 [color=#000080]
          LayoutText {#text} at (0,0) size 39x20
            text run at (0,0) width 39: "TEST:"
        LayoutBlockFlow (floating) {P} at (0.02,20.31) size 239.98x20.31 [color=#00FFFF] [bgcolor=#008080]
          LayoutText {#text} at (101,0) size 38x20
            text run at (101,0) width 38: "PASS"
        LayoutText {#text} at (38,0) size 227x120
          text run at (38,0) width 186: "fail fail fail fail fail fail fail fail fail"
          text run at (0,40) width 21: "fail "
          text run at (21,40) width 206: "fail fail fail fail fail fail fail fail fail fail"
          text run at (0,60) width 210: "fail fail fail fail fail fail fail fail fail fail "
          text run at (210,60) width 17: "fail"
          text run at (0,80) width 189: "fail fail fail fail fail fail fail fail fail "
          text run at (189,80) width 38: "fail fail"
          text run at (0,100) width 164: "fail fail fail fail fail fail fail fail"
