layer at (0,0) size 800x600
  LayoutView at (0,0) size 800x600
layer at (0,0) size 800x266
  LayoutBlockFlow {HTML} at (0,0) size 800x266
    LayoutBlockFlow {BODY} at (8,16) size 784x242
      LayoutBlockFlow {P} at (0,0) size 784x20
        LayoutText {#text} at (0,0) size 385x19
          text run at (0,0) width 385: "The square below should be exactly 100 pixels high on the ruler."
      LayoutBlockFlow {DIV} at (0,36) size 784x206
        LayoutImage {IMG} at (45,0) size 100x100
