layer at (0,0) size 800x600
  LayoutView at (0,0) size 800x600
layer at (0,0) size 800x100
  LayoutBlockFlow {HTML} at (0,0) size 800x100
    LayoutBlockFlow {BODY} at (8,16) size 784x76
      LayoutBlockFlow {P} at (0,0) size 784x20
        LayoutText {#text} at (0,0) size 216x19
          text run at (0,0) width 216: "The following two lines should look "
        LayoutInline {EM} at (0,0) size 92x19
          LayoutText {#text} at (216,0) size 92x19
            text run at (216,0) width 92: "approximately"
        LayoutText {#text} at (308,0) size 60x19
          text run at (308,0) width 60: " the same:"
      LayoutBlockFlow {DIV} at (0,36) size 784x20
        LayoutInline {SPAN} at (0,0) size 10x19
          LayoutInline {<pseudo:before>} at (0,0) size 10x19
            LayoutCounter (anonymous) at (0,0) size 4x19
              text run at (0,0) width 4: "."
            LayoutTextFragment (anonymous) at (4,0) size 6x19
              text run at (4,0) width 6: "z"
        LayoutText {#text} at (10,0) size 4x19
          text run at (10,0) width 4: " "
        LayoutInline {SPAN} at (0,0) size 10x19
          LayoutInline {<pseudo:before>} at (0,0) size 10x19
            LayoutCounter (anonymous) at (14,0) size 4x19
              text run at (14,0) width 4: "."
            LayoutTextFragment (anonymous) at (18,0) size 6x19
              text run at (18,0) width 6: "z"
        LayoutText {#text} at (24,0) size 4x19
          text run at (24,0) width 4: " "
        LayoutInline {SPAN} at (0,0) size 10x19
          LayoutInline {<pseudo:before>} at (0,0) size 10x19
            LayoutCounter (anonymous) at (28,0) size 4x19
              text run at (28,0) width 4: "."
            LayoutTextFragment (anonymous) at (32,0) size 6x19
              text run at (32,0) width 6: "z"
        LayoutText {#text} at (38,0) size 4x19
          text run at (38,0) width 4: " "
        LayoutInline {SPAN} at (0,0) size 10x19
          LayoutInline {<pseudo:before>} at (0,0) size 10x19
            LayoutCounter (anonymous) at (42,0) size 4x19
              text run at (42,0) width 4: "."
            LayoutTextFragment (anonymous) at (46,0) size 6x19
              text run at (46,0) width 6: "z"
        LayoutText {#text} at (52,0) size 4x19
          text run at (52,0) width 4: " "
        LayoutInline {SPAN} at (0,0) size 10x19
          LayoutInline {<pseudo:before>} at (0,0) size 10x19
            LayoutCounter (anonymous) at (56,0) size 4x19
              text run at (56,0) width 4: "."
            LayoutTextFragment (anonymous) at (60,0) size 6x19
              text run at (60,0) width 6: "z"
        LayoutText {#text} at (66,0) size 4x19
          text run at (66,0) width 4: " "
        LayoutInline {SPAN} at (0,0) size 10x19
          LayoutInline {<pseudo:before>} at (0,0) size 10x19
            LayoutCounter (anonymous) at (70,0) size 4x19
              text run at (70,0) width 4: "."
            LayoutTextFragment (anonymous) at (74,0) size 6x19
              text run at (74,0) width 6: "z"
        LayoutText {#text} at (80,0) size 4x19
          text run at (80,0) width 4: " "
        LayoutInline {SPAN} at (0,0) size 10x19
          LayoutInline {<pseudo:before>} at (0,0) size 10x19
            LayoutCounter (anonymous) at (84,0) size 4x19
              text run at (84,0) width 4: "."
            LayoutTextFragment (anonymous) at (88,0) size 6x19
              text run at (88,0) width 6: "z"
        LayoutText {#text} at (94,0) size 4x19
          text run at (94,0) width 4: " "
        LayoutInline {SPAN} at (0,0) size 10x19
          LayoutInline {<pseudo:before>} at (0,0) size 10x19
            LayoutCounter (anonymous) at (98,0) size 4x19
              text run at (98,0) width 4: "."
            LayoutTextFragment (anonymous) at (102,0) size 6x19
              text run at (102,0) width 6: "z"
        LayoutText {#text} at (108,0) size 4x19
          text run at (108,0) width 4: " "
        LayoutInline {SPAN} at (0,0) size 10x19
          LayoutInline {<pseudo:before>} at (0,0) size 10x19
            LayoutCounter (anonymous) at (112,0) size 4x19
              text run at (112,0) width 4: "."
            LayoutTextFragment (anonymous) at (116,0) size 6x19
              text run at (116,0) width 6: "z"
        LayoutText {#text} at (122,0) size 4x19
          text run at (122,0) width 4: " "
        LayoutInline {SPAN} at (0,0) size 10x19
          LayoutInline {<pseudo:before>} at (0,0) size 10x19
            LayoutCounter (anonymous) at (126,0) size 4x19
              text run at (126,0) width 4: "."
            LayoutTextFragment (anonymous) at (130,0) size 6x19
              text run at (130,0) width 6: "z"
        LayoutText {#text} at (136,0) size 4x19
          text run at (136,0) width 4: " "
        LayoutInline {SPAN} at (0,0) size 10x19
          LayoutInline {<pseudo:before>} at (0,0) size 10x19
            LayoutCounter (anonymous) at (140,0) size 4x19
              text run at (140,0) width 4: "."
            LayoutTextFragment (anonymous) at (144,0) size 6x19
              text run at (144,0) width 6: "z"
        LayoutText {#text} at (150,0) size 4x19
          text run at (150,0) width 4: " "
        LayoutInline {SPAN} at (0,0) size 10x19
          LayoutInline {<pseudo:before>} at (0,0) size 10x19
            LayoutCounter (anonymous) at (154,0) size 4x19
              text run at (154,0) width 4: "."
            LayoutTextFragment (anonymous) at (158,0) size 6x19
              text run at (158,0) width 6: "z"
        LayoutText {#text} at (0,0) size 0x0
      LayoutBlockFlow {DIV} at (0,56) size 784x20
        LayoutText {#text} at (0,0) size 164x19
          text run at (0,0) width 14: ".z "
          text run at (14,0) width 14: ".z "
          text run at (28,0) width 14: ".z "
          text run at (42,0) width 14: ".z "
          text run at (56,0) width 14: ".z "
          text run at (70,0) width 14: ".z "
          text run at (84,0) width 14: ".z "
          text run at (98,0) width 14: ".z "
          text run at (112,0) width 14: ".z "
          text run at (126,0) width 14: ".z "
          text run at (140,0) width 14: ".z "
          text run at (154,0) width 10: ".z"
