layer at (0,0) size 800x600
  LayoutView at (0,0) size 800x600
layer at (0,0) size 800x306
  LayoutBlockFlow {HTML} at (0,0) size 800x306
    LayoutBlockFlow {BODY} at (8,18) size 784x270 [color=#000080]
      LayoutBlockFlow {P} at (0,0) size 784x270
        LayoutText {#text} at (0,0) size 782x53
          text run at (0,0) width 782: "This text should be 18px sans-serif, in small-caps, italicized, and very bold."
          text run at (0,27) width 472: "There should be a 9px gap between each line. "
        LayoutInline {SPAN} at (0,0) size 738x242 [color=#C0C0C0]
          LayoutText {#text} at (472,27) size 738x242
            text run at (472,27) width 242: "dummy text dummy text"
            text run at (0,54) width 445: "dummy text dummy text dummy text dummy "
            text run at (445,54) width 293: "text dummy text dummy text"
            text run at (0,81) width 445: "dummy text dummy text dummy text dummy "
            text run at (445,81) width 293: "text dummy text dummy text"
            text run at (0,108) width 445: "dummy text dummy text dummy text dummy "
            text run at (445,108) width 293: "text dummy text dummy text"
            text run at (0,135) width 445: "dummy text dummy text dummy text dummy "
            text run at (445,135) width 293: "text dummy text dummy text"
            text run at (0,162) width 445: "dummy text dummy text dummy text dummy "
            text run at (445,162) width 293: "text dummy text dummy text"
            text run at (0,189) width 445: "dummy text dummy text dummy text dummy "
            text run at (445,189) width 293: "text dummy text dummy text"
            text run at (0,216) width 445: "dummy text dummy text dummy text dummy "
            text run at (445,216) width 293: "text dummy text dummy text"
            text run at (0,243) width 366: "dummy text dummy text dummy text"
        LayoutText {#text} at (0,0) size 0x0
