layer at (0,0) size 800x600
  LayoutView at (0,0) size 800x600
layer at (0,0) size 800x334
  LayoutBlockFlow {HTML} at (0,0) size 800x334
    LayoutBlockFlow {BODY} at (8,10) size 784x314
      LayoutBlockFlow {P} at (10,0) size 764x20 [color=#000080]
        LayoutText {#text} at (0,0) size 192x19
          text run at (0,0) width 192: "This sentence should be normal."
      LayoutBlockFlow {P} at (10,30) size 764x20 [color=#000080]
        LayoutText {#text} at (0,0) size 204x19
          text run at (0,0) width 204: "This sentence should be the same."
      LayoutBlockFlow {P} at (10,60) size 764x22 [color=#000080]
        LayoutText {#text} at (0,0) size 323x21
          text run at (0,0) width 323: "This sentence should be larger than normal."
      LayoutBlockFlow {P} at (10,92) size 764x16 [color=#000080]
        LayoutText {#text} at (0,0) size 240x15
          text run at (0,0) width 240: "This sentence should be smaller than normal."
      LayoutBlockFlow {P} at (10,118) size 764x20 [color=#000080]
        LayoutText {#text} at (0,5) size 137x12
          text run at (0,5) width 137: "This sentence should be very small. "
        LayoutInline {SPAN} at (0,0) size 242x19
          LayoutText {#text} at (137,0) size 242x19
            text run at (137,0) width 242: "This sentence should be back to normal."
        LayoutText {#text} at (0,0) size 0x0
      LayoutBlockFlow {P} at (10,148) size 764x20 [color=#000080]
        LayoutText {#text} at (0,5) size 153x12
          text run at (0,5) width 153: "This sentence should be rather small. "
        LayoutInline {SPAN} at (0,0) size 242x19
          LayoutText {#text} at (153,0) size 242x19
            text run at (153,0) width 242: "This sentence should be back to normal."
        LayoutText {#text} at (0,0) size 0x0
      LayoutBlockFlow {P} at (10,178) size 764x20 [color=#000080]
        LayoutText {#text} at (0,3) size 167x15
          text run at (0,3) width 167: "This sentence should be small. "
        LayoutInline {SPAN} at (0,0) size 242x19
          LayoutText {#text} at (167,0) size 242x19
            text run at (167,0) width 242: "This sentence should be back to normal."
        LayoutText {#text} at (0,0) size 0x0
      LayoutBlockFlow {P} at (10,208) size 764x21 [color=#000080]
        LayoutText {#text} at (0,0) size 222x20
          text run at (0,0) width 222: "This sentence should be large. "
        LayoutInline {SPAN} at (0,0) size 242x19
          LayoutText {#text} at (222,1) size 242x19
            text run at (222,1) width 242: "This sentence should be back to normal."
        LayoutText {#text} at (0,0) size 0x0
      LayoutBlockFlow {P} at (10,239) size 764x28 [color=#000080]
        LayoutText {#text} at (0,0) size 357x27
          text run at (0,0) width 357: "This sentence should be rather large. "
        LayoutInline {SPAN} at (0,0) size 242x19
          LayoutText {#text} at (357,6) size 242x19
            text run at (357,6) width 242: "This sentence should be back to normal."
        LayoutText {#text} at (0,0) size 0x0
      LayoutBlockFlow {P} at (10,277) size 764x37 [color=#000080]
        LayoutText {#text} at (0,0) size 445x36
          text run at (0,0) width 445: "This sentence should be very large. "
        LayoutInline {SPAN} at (0,0) size 242x19
          LayoutText {#text} at (445,13) size 242x19
            text run at (445,13) width 242: "This sentence should be back to normal."
        LayoutText {#text} at (0,0) size 0x0
