layer at (0,0) size 800x600
  LayoutView at (0,0) size 800x600
layer at (0,0) size 800x522
  LayoutBlockFlow {HTML} at (0,0) size 800x522
    LayoutBlockFlow {BODY} at (8,18) size 784x486
      LayoutBlockFlow {P} at (0,0) size 784x486
        LayoutInline {SPAN} at (0,0) size 776x454 [color=#FFFFFF] [bgcolor=#000080]
          LayoutText {#text} at (0,16) size 750x130
            text run at (0,16) width 536: "This text should be 18px sans-serif, in small-caps, italicized, "
            text run at (536,16) width 187: "and very light. There"
            text run at (0,70) width 386: "should be a 36px gap betwen each line. The "
            text run at (386,70) width 364: "text should have a blue background, the"
            text run at (0,124) width 145: "gap should not. "
          LayoutInline {SPAN} at (0,0) size 776x346 [color=#0000FF]
            LayoutText {#text} at (145,124) size 776x346
              text run at (145,124) width 593: "dummy text dummy text dummy text dummy text dummy text dummy "
              text run at (738,124) width 38: "text"
              text run at (0,178) width 593: "dummy text dummy text dummy text dummy text dummy text dummy "
              text run at (593,178) width 144: "text dummy text"
              text run at (0,232) width 487: "dummy text dummy text dummy text dummy text dummy "
              text run at (487,232) width 250: "text dummy text dummy text"
              text run at (0,286) width 381: "dummy text dummy text dummy text dummy "
              text run at (381,286) width 356: "text dummy text dummy text dummy text"
              text run at (0,340) width 275: "dummy text dummy text dummy "
              text run at (275,340) width 462: "text dummy text dummy text dummy text dummy text"
              text run at (0,394) width 169: "dummy text dummy "
              text run at (169,394) width 568: "text dummy text dummy text dummy text dummy text dummy text"
              text run at (0,448) width 63: "dummy "
              text run at (63,448) width 568: "text dummy text dummy text dummy text dummy text dummy text"
          LayoutText {#text} at (0,0) size 0x0
        LayoutText {#text} at (0,0) size 0x0
