layer at (0,0) size 800x600
  LayoutView at (0,0) size 800x600
layer at (0,0) size 800x122
  LayoutBlockFlow {HTML} at (0,0) size 800x122
    LayoutBlockFlow {BODY} at (8,13) size 784x96 [color=#000080]
      LayoutBlockFlow {P} at (0,0) size 784x96
        LayoutText {#text} at (0,0) size 713x16
          text run at (0,0) width 713: "This text should be 13px Helvetica in small-caps and italicized. There should be a small gap between each line. "
        LayoutInline {SPAN} at (0,0) size 766x96 [color=#C0C0C0]
          LayoutText {#text} at (713,0) size 766x96
            text run at (713,0) width 41: "dummy"
            text run at (0,16) width 385: "text dummy text dummy text dummy text dummy text dummy "
            text run at (385,16) width 381: "text dummy text dummy text dummy text dummy text dummy"
            text run at (0,32) width 77: "text dummy "
            text run at (77,32) width 462: "text dummy text dummy text dummy text dummy text dummy text dummy "
            text run at (539,32) width 227: "text dummy text dummy text dummy"
            text run at (0,48) width 231: "text dummy text dummy text dummy "
            text run at (231,48) width 462: "text dummy text dummy text dummy text dummy text dummy text dummy "
            text run at (693,48) width 73: "text dummy"
            text run at (0,64) width 385: "text dummy text dummy text dummy text dummy text dummy "
            text run at (385,64) width 381: "text dummy text dummy text dummy text dummy text dummy"
            text run at (0,80) width 77: "text dummy "
            text run at (77,80) width 413: "text dummy text dummy text dummy text dummy text dummy text"
        LayoutText {#text} at (0,0) size 0x0
