layer at (0,0) size 800x600
  LayoutView at (0,0) size 800x600
layer at (0,0) size 800x408
  LayoutBlockFlow {html} at (0,0) size 800x408
    LayoutBlockFlow {body} at (0,16) size 800x392
      LayoutBlockFlow {p} at (0,0) size 800x18
        LayoutText {#text} at (0,0) size 455x18
          text run at (0,0) width 455: "The first two texts should look identical, as there is no shadow applied."
      LayoutBlockFlow (anonymous) at (0,34) size 800x154
        LayoutSVGRoot {svg} at (0,50) size 800x100
          LayoutSVGText {text} at (20,21) size 716.94x56 contains 1 chunk(s)
            LayoutSVGTSpan {tspan} at (20,21) size 716.94x56
              LayoutSVGInlineText {#text} at (20,21) size 94.45x56
                chunk 1 text run 1 at (20.00,66.00) startOffset 0 endOffset 4 width 94.46: "This"
            LayoutSVGInlineText {#text} at (114.45,21) size 13.89x56
              chunk 1 text run 1 at (114.46,66.00) startOffset 0 endOffset 1 width 13.89: " "
            LayoutSVGTSpan {tspan} at (20,21) size 716.94x56
              LayoutSVGInlineText {#text} at (128.34,21) size 80.58x56
                chunk 1 text run 1 at (128.35,66.00) startOffset 0 endOffset 4 width 80.59: "text"
            LayoutSVGInlineText {#text} at (208.94,21) size 13.89x56
              chunk 1 text run 1 at (208.94,66.00) startOffset 0 endOffset 1 width 13.89: " "
            LayoutSVGTSpan {tspan} at (20,21) size 716.94x56
              LayoutSVGInlineText {#text} at (222.83,21) size 302.88x56
                chunk 1 text run 1 at (222.83,66.00) startOffset 0 endOffset 14 width 302.88: "casts multiple"
            LayoutSVGInlineText {#text} at (525.70,21) size 211.22x56
              chunk 1 text run 1 at (525.71,66.00) startOffset 0 endOffset 1 width 13.89: " "
              chunk 1 text run 1 at (539.60,66.00) startOffset 0 endOffset 7 width 197.34: "shadows"
        LayoutText {#text} at (0,0) size 0x0
      LayoutBlockFlow {p} at (0,204) size 800x18
        LayoutText {#text} at (0,0) size 567x18
          text run at (0,0) width 567: "The next two texts have subtle differences, as the stroke/fill is painted seperated in SVG."
      LayoutBlockFlow (anonymous) at (0,238) size 800x154
        LayoutSVGRoot {svg} at (0,50) size 800x100
          LayoutSVGText {text} at (20,21) size 716.94x56 contains 1 chunk(s)
            LayoutSVGTSpan {tspan} at (20,21) size 716.94x56
              LayoutSVGInlineText {#text} at (20,21) size 94.45x56
                chunk 1 text run 1 at (20.00,66.00) startOffset 0 endOffset 4 width 94.46: "This"
            LayoutSVGInlineText {#text} at (114.45,21) size 13.89x56
              chunk 1 text run 1 at (114.46,66.00) startOffset 0 endOffset 1 width 13.89: " "
            LayoutSVGTSpan {tspan} at (20,21) size 716.94x56
              LayoutSVGInlineText {#text} at (128.34,21) size 80.58x56
                chunk 1 text run 1 at (128.35,66.00) startOffset 0 endOffset 4 width 80.59: "text"
            LayoutSVGInlineText {#text} at (208.94,21) size 13.89x56
              chunk 1 text run 1 at (208.94,66.00) startOffset 0 endOffset 1 width 13.89: " "
            LayoutSVGTSpan {tspan} at (20,21) size 716.94x56
              LayoutSVGInlineText {#text} at (222.83,21) size 302.88x56
                chunk 1 text run 1 at (222.83,66.00) startOffset 0 endOffset 14 width 302.88: "casts multiple"
            LayoutSVGInlineText {#text} at (525.70,21) size 211.22x56
              chunk 1 text run 1 at (525.71,66.00) startOffset 0 endOffset 1 width 13.89: " "
              chunk 1 text run 1 at (539.60,66.00) startOffset 0 endOffset 7 width 197.34: "shadows"
        LayoutText {#text} at (0,0) size 0x0
layer at (20,50) size 717x58
  LayoutBlockFlow (positioned) {div} at (20,50) size 716.98x58
    LayoutInline {span} at (0,0) size 95x56 [textStrokeWidth=1.00]
      LayoutText {#text} at (0,1) size 95x56
        text run at (0,1) width 95: "This"
    LayoutText {#text} at (94,1) size 15x56
      text run at (94,1) width 15: " "
    LayoutInline {span} at (0,0) size 81x56 [textFillColor=#FFFFFF] [textStrokeWidth=1.00]
      LayoutText {#text} at (108,1) size 81x56
        text run at (108,1) width 81: "text"
    LayoutText {#text} at (188,1) size 15x56
      text run at (188,1) width 15: " "
    LayoutInline {span} at (0,0) size 304x56
      LayoutText {#text} at (202,1) size 304x56
        text run at (202,1) width 304: "casts multiple"
    LayoutText {#text} at (505,1) size 212x56
      text run at (505,1) width 15: " "
      text run at (519,1) width 198: "shadows"
layer at (20,254) size 717x58
  LayoutBlockFlow (positioned) {div} at (20,254) size 716.98x58
    LayoutInline {span} at (0,0) size 95x56 [textStrokeWidth=1.00]
      LayoutText {#text} at (0,1) size 95x56
        text run at (0,1) width 95: "This"
    LayoutText {#text} at (94,1) size 15x56
      text run at (94,1) width 15: " "
    LayoutInline {span} at (0,0) size 81x56 [textFillColor=#FFFFFF] [textStrokeWidth=1.00]
      LayoutText {#text} at (108,1) size 81x56
        text run at (108,1) width 81: "text"
    LayoutText {#text} at (188,1) size 15x56
      text run at (188,1) width 15: " "
    LayoutInline {span} at (0,0) size 304x56
      LayoutText {#text} at (202,1) size 304x56
        text run at (202,1) width 304: "casts multiple"
    LayoutText {#text} at (505,1) size 212x56
      text run at (505,1) width 15: " "
      text run at (519,1) width 198: "shadows"
