layer at (0,0) size 800x600
  LayoutView at (0,0) size 800x600
layer at (0,0) size 800x600
  LayoutBlockFlow {HTML} at (0,0) size 800x600
    LayoutBlockFlow {BODY} at (8,8) size 784x584
      LayoutBlockFlow {P} at (0,0) size 784x20
        LayoutText {#text} at (0,0) size 367x19
          text run at (0,0) width 367: "Only the second search field should have a cancel button (\x{D7})."
      LayoutBlockFlow (anonymous) at (0,36) size 784x22
        LayoutTextControl {INPUT} at (0,0) size 175x22 [bgcolor=#FFFFFF] [border: (2px inset #EEEEEE)]
          LayoutFlexibleBox {DIV} at (3,3) size 169x16
            LayoutBlockFlow {DIV} at (0,0) size 156x16
        LayoutText {#text} at (175,1) size 4x19
          text run at (175,1) width 4: " "
        LayoutTextControl {INPUT} at (179,0) size 175x22 [bgcolor=#FFFFFF] [border: (2px inset #EEEEEE)]
          LayoutFlexibleBox {DIV} at (3,3) size 169x16
            LayoutBlockFlow {DIV} at (0,0) size 156x16
            LayoutBlockFlow {DIV} at (157,3.50) size 9x9
        LayoutText {#text} at (0,0) size 0x0
layer at (11,47) size 156x16
  LayoutBlockFlow {DIV} at (0,0) size 156x16
layer at (190,47) size 156x16
  LayoutBlockFlow {DIV} at (0,0) size 156x16
    LayoutText {#text} at (0,0) size 46x16
      text run at (0,0) width 46: "this one"
layer at (168,51) size 9x9 transparent
  LayoutBlockFlow {DIV} at (157,3.50) size 9x9
caret: position 0 of child 0 {#text} of child 0 {DIV} of child 0 {DIV} of child 0 {DIV} of {#document-fragment} of child 4 {INPUT} of body
