layer at (0,0) size 800x600
  LayoutView at (0,0) size 800x600
layer at (0,0) size 800x219
  LayoutBlockFlow {HTML} at (0,0) size 800x219
    LayoutBlockFlow {BODY} at (8,8) size 784x203
      LayoutButton {INPUT} at (4,4) size 32.98x18 [bgcolor=#FFFFFF]
        LayoutBlockFlow (anonymous) at (8,2) size 16.98x13
          LayoutText {#text} at (0,0) size 17x13
            text run at (0,0) width 17: "foo"
      LayoutText {#text} at (40,3) size 5x18
        text run at (40,3) width 5: " "
      LayoutBR {BR} at (44,3) size 1x18
      LayoutButton {INPUT} at (4,30) size 34.98x24 [bgcolor=#FFFFFF] [border: (3px solid #00FF00)]
        LayoutBlockFlow (anonymous) at (9,5) size 16.98x13
          LayoutText {#text} at (0,0) size 17x13
            text run at (0,0) width 17: "foo"
      LayoutText {#text} at (42,32) size 5x18
        text run at (42,32) width 5: " "
      LayoutButton {INPUT} at (50.98,31) size 32.98x22 [bgcolor=#FFFFFF] [border: (2px solid #D8D8D8) (2px solid #D1D1D1) (2px solid #BABABA) (2px solid #D1D1D1)]
        LayoutBlockFlow (anonymous) at (8,4) size 16.98x13
          LayoutText {#text} at (0,0) size 17x13
            text run at (0,0) width 17: "foo"
      LayoutText {#text} at (87,32) size 5x18
        text run at (87,32) width 5: " "
      LayoutBR {BR} at (91,32) size 1x18
      LayoutButton {INPUT} at (4,62) size 32.98x22 [border: (2px solid #D8D8D8) (2px solid #D1D1D1) (2px solid #BABABA) (2px solid #D1D1D1)]
        LayoutBlockFlow (anonymous) at (8,4) size 16.98x13
          LayoutText {#text} at (0,0) size 17x13
            text run at (0,0) width 17: "foo"
      LayoutText {#text} at (40,63) size 5x18
        text run at (40,63) width 5: " "
      LayoutBR {BR} at (44,63) size 1x18
      LayoutButton {INPUT} at (4,92) size 32.98x18 [bgcolor=#FFFFFF]
        LayoutBlockFlow (anonymous) at (8,2) size 16.98x13
          LayoutText {#text} at (0,0) size 17x13
            text run at (0,0) width 17: "foo"
      LayoutText {#text} at (40,91) size 5x18
        text run at (40,91) width 5: " "
      LayoutBR {BR} at (44,91) size 1x18
      LayoutButton {INPUT} at (4,118) size 36.08x21 [bgcolor=#FFFFFF]
        LayoutBlockFlow (anonymous) at (8,2) size 20.08x16
          LayoutText {#text} at (0,0) size 21x16
            text run at (0,0) width 21: "foo"
      LayoutText {#text} at (44,119) size 5x18
        text run at (44,119) width 5: " "
      LayoutButton {INPUT} at (52.08,118) size 36.08x21 [bgcolor=#FFFFFF]
        LayoutBlockFlow (anonymous) at (8,2) size 20.08x16
          LayoutText {#text} at (0,0) size 21x16
            text run at (0,0) width 21: "foo"
      LayoutText {#text} at (92,119) size 5x18
        text run at (92,119) width 5: " "
      LayoutButton {INPUT} at (100.16,118) size 36.08x21 [bgcolor=#FFFFFF]
        LayoutBlockFlow (anonymous) at (8,2) size 20.08x16
          LayoutText {#text} at (0,0) size 21x16
            text run at (0,0) width 21: "foo"
      LayoutText {#text} at (140,119) size 5x18
        text run at (140,119) width 5: " "
      LayoutBR {BR} at (144,119) size 1x18
      LayoutButton {INPUT} at (6,158) size 49.47x32.50 [bgcolor=#FFFFFF] [border: (3px solid #D8D8D8) (3px solid #D1D1D1) (3px solid #BABABA) (3px solid #D1D1D1)]
        LayoutBlockFlow (anonymous) at (12,6) size 25.47x19
          LayoutText {#text} at (0,0) size 26x19
            text run at (0,0) width 26: "foo"
      LayoutText {#text} at (61,166) size 5x18
        text run at (61,166) width 5: " "
      LayoutButton {INPUT} at (73.47,151) size 62.91x44 [bgcolor=#FFFFFF] [border: (4px solid #D8D8D8) (4px solid #D1D1D1) (4px solid #BABABA) (4px solid #D1D1D1)]
        LayoutBlockFlow (anonymous) at (16,8) size 30.91x26
          LayoutText {#text} at (0,0) size 31x26
            text run at (0,0) width 31: "foo"
      LayoutText {#text} at (144,166) size 5x18
        text run at (144,166) width 5: " "
      LayoutBR {BR} at (148,166) size 1x18
