layer at (0,0) size 800x600
  LayoutView at (0,0) size 800x600
layer at (0,0) size 800x600
  LayoutBlockFlow {HTML} at (0,0) size 800x600
    LayoutBlockFlow {BODY} at (8,8) size 784x584
layer at (8,8) size 200x200 clip at (8,8) size 183x183 scrollHeight 980
  LayoutBlockFlow {DIV} at (0,0) size 200x200
    LayoutText {#text} at (0,0) size 35x19
      text run at (0,0) width 35: "Hello"
    LayoutBR {BR} at (35,15) size 0x0
    LayoutText {#text} at (0,20) size 35x19
      text run at (0,20) width 35: "Hello"
    LayoutBR {BR} at (35,35) size 0x0
    LayoutText {#text} at (0,40) size 35x19
      text run at (0,40) width 35: "Hello"
    LayoutBR {BR} at (35,55) size 0x0
    LayoutText {#text} at (0,60) size 35x19
      text run at (0,60) width 35: "Hello"
    LayoutBR {BR} at (35,75) size 0x0
    LayoutText {#text} at (0,80) size 35x19
      text run at (0,80) width 35: "Hello"
    LayoutBR {BR} at (35,95) size 0x0
    LayoutText {#text} at (0,100) size 35x19
      text run at (0,100) width 35: "Hello"
    LayoutBR {BR} at (35,115) size 0x0
    LayoutText {#text} at (0,120) size 35x19
      text run at (0,120) width 35: "Hello"
    LayoutBR {BR} at (35,135) size 0x0
    LayoutText {#text} at (0,140) size 35x19
      text run at (0,140) width 35: "Hello"
    LayoutBR {BR} at (35,155) size 0x0
    LayoutText {#text} at (0,160) size 35x19
      text run at (0,160) width 35: "Hello"
    LayoutBR {BR} at (35,175) size 0x0
    LayoutText {#text} at (0,180) size 35x19
      text run at (0,180) width 35: "Hello"
    LayoutBR {BR} at (35,195) size 0x0
    LayoutText {#text} at (0,200) size 35x19
      text run at (0,200) width 35: "Hello"
    LayoutBR {BR} at (35,215) size 0x0
    LayoutText {#text} at (0,220) size 35x19
      text run at (0,220) width 35: "Hello"
    LayoutBR {BR} at (35,235) size 0x0
    LayoutText {#text} at (0,240) size 35x19
      text run at (0,240) width 35: "Hello"
    LayoutBR {BR} at (35,255) size 0x0
    LayoutText {#text} at (0,260) size 35x19
      text run at (0,260) width 35: "Hello"
    LayoutBR {BR} at (35,275) size 0x0
    LayoutText {#text} at (0,280) size 35x19
      text run at (0,280) width 35: "Hello"
    LayoutBR {BR} at (35,295) size 0x0
    LayoutText {#text} at (0,300) size 35x19
      text run at (0,300) width 35: "Hello"
    LayoutBR {BR} at (35,315) size 0x0
    LayoutText {#text} at (0,320) size 35x19
      text run at (0,320) width 35: "Hello"
    LayoutBR {BR} at (35,335) size 0x0
    LayoutText {#text} at (0,340) size 35x19
      text run at (0,340) width 35: "Hello"
    LayoutBR {BR} at (35,355) size 0x0
    LayoutText {#text} at (0,360) size 35x19
      text run at (0,360) width 35: "Hello"
    LayoutBR {BR} at (35,375) size 0x0
    LayoutText {#text} at (0,380) size 35x19
      text run at (0,380) width 35: "Hello"
    LayoutBR {BR} at (35,395) size 0x0
    LayoutText {#text} at (0,400) size 35x19
      text run at (0,400) width 35: "Hello"
    LayoutBR {BR} at (35,415) size 0x0
    LayoutText {#text} at (0,420) size 35x19
      text run at (0,420) width 35: "Hello"
    LayoutBR {BR} at (35,435) size 0x0
    LayoutText {#text} at (0,440) size 35x19
      text run at (0,440) width 35: "Hello"
    LayoutBR {BR} at (35,455) size 0x0
    LayoutText {#text} at (0,460) size 35x19
      text run at (0,460) width 35: "Hello"
    LayoutBR {BR} at (35,475) size 0x0
    LayoutText {#text} at (0,480) size 35x19
      text run at (0,480) width 35: "Hello"
    LayoutBR {BR} at (35,495) size 0x0
    LayoutText {#text} at (0,500) size 35x19
      text run at (0,500) width 35: "Hello"
    LayoutBR {BR} at (35,515) size 0x0
    LayoutText {#text} at (0,520) size 35x19
      text run at (0,520) width 35: "Hello"
    LayoutBR {BR} at (35,535) size 0x0
    LayoutText {#text} at (0,540) size 35x19
      text run at (0,540) width 35: "Hello"
    LayoutBR {BR} at (35,555) size 0x0
    LayoutText {#text} at (0,560) size 35x19
      text run at (0,560) width 35: "Hello"
    LayoutBR {BR} at (35,575) size 0x0
    LayoutText {#text} at (0,580) size 35x19
      text run at (0,580) width 35: "Hello"
    LayoutBR {BR} at (35,595) size 0x0
    LayoutText {#text} at (0,600) size 35x19
      text run at (0,600) width 35: "Hello"
    LayoutBR {BR} at (35,615) size 0x0
    LayoutText {#text} at (0,620) size 35x19
      text run at (0,620) width 35: "Hello"
    LayoutBR {BR} at (35,635) size 0x0
    LayoutText {#text} at (0,640) size 35x19
      text run at (0,640) width 35: "Hello"
    LayoutBR {BR} at (35,655) size 0x0
    LayoutText {#text} at (0,660) size 35x19
      text run at (0,660) width 35: "Hello"
    LayoutBR {BR} at (35,675) size 0x0
    LayoutText {#text} at (0,680) size 35x19
      text run at (0,680) width 35: "Hello"
    LayoutBR {BR} at (35,695) size 0x0
    LayoutText {#text} at (0,700) size 35x19
      text run at (0,700) width 35: "Hello"
    LayoutBR {BR} at (35,715) size 0x0
    LayoutText {#text} at (0,720) size 35x19
      text run at (0,720) width 35: "Hello"
    LayoutBR {BR} at (35,735) size 0x0
    LayoutText {#text} at (0,740) size 35x19
      text run at (0,740) width 35: "Hello"
    LayoutBR {BR} at (35,755) size 0x0
    LayoutText {#text} at (0,760) size 35x19
      text run at (0,760) width 35: "Hello"
    LayoutBR {BR} at (35,775) size 0x0
    LayoutText {#text} at (0,780) size 35x19
      text run at (0,780) width 35: "Hello"
    LayoutBR {BR} at (35,795) size 0x0
    LayoutText {#text} at (0,800) size 35x19
      text run at (0,800) width 35: "Hello"
    LayoutBR {BR} at (35,815) size 0x0
    LayoutText {#text} at (0,820) size 35x19
      text run at (0,820) width 35: "Hello"
    LayoutBR {BR} at (35,835) size 0x0
    LayoutText {#text} at (0,840) size 35x19
      text run at (0,840) width 35: "Hello"
    LayoutBR {BR} at (35,855) size 0x0
    LayoutText {#text} at (0,860) size 35x19
      text run at (0,860) width 35: "Hello"
    LayoutBR {BR} at (35,875) size 0x0
    LayoutText {#text} at (0,880) size 35x19
      text run at (0,880) width 35: "Hello"
    LayoutBR {BR} at (35,895) size 0x0
    LayoutText {#text} at (0,900) size 35x19
      text run at (0,900) width 35: "Hello"
    LayoutBR {BR} at (35,915) size 0x0
    LayoutText {#text} at (0,920) size 35x19
      text run at (0,920) width 35: "Hello"
    LayoutBR {BR} at (35,935) size 0x0
    LayoutText {#text} at (0,940) size 35x19
      text run at (0,940) width 35: "Hello"
    LayoutBR {BR} at (35,955) size 0x0
    LayoutText {#text} at (0,960) size 35x19
      text run at (0,960) width 35: "Hello"
    LayoutBR {BR} at (35,975) size 0x0
