layer at (0,0) size 800x600
  LayoutView at (0,0) size 800x600
layer at (0,0) size 800x600
  LayoutBlockFlow {HTML} at (0,0) size 800x600
    LayoutBlockFlow {BODY} at (0,0) size 800x600
layer at (0,0) size 800x600 transparent
  LayoutBlockFlow {DIV} at (0,0) size 800x600 [bgcolor=#00FF00]
    LayoutText {#text} at (0,0) size 4x18
      text run at (0,0) width 4: " "
