layer at (0,0) size 800x600
  LayoutView at (0,0) size 800x600
layer at (0,0) size 800x418
  LayoutBlockFlow {HTML} at (0,0) size 800x418
    LayoutBlockFlow {BODY} at (8,8) size 784x402
      LayoutBlockFlow {DIV} at (10,10) size 130x110 [bgcolor=#008000]
      LayoutText {#text} at (150,116) size 4x18
        text run at (150,116) width 4: " "
      LayoutBlockFlow {DIV} at (164,10) size 130x110 [bgcolor=#008000]
      LayoutText {#text} at (304,116) size 4x18
        text run at (304,116) width 4: " "
      LayoutBlockFlow {DIV} at (318,10) size 130x110 [bgcolor=#008000]
      LayoutText {#text} at (458,116) size 4x18
        text run at (458,116) width 4: " "
      LayoutBR {BR} at (0,0) size 0x0
      LayoutBlockFlow {DIV} at (10,144) size 130x110 [bgcolor=#008000]
      LayoutText {#text} at (150,250) size 4x18
        text run at (150,250) width 4: " "
      LayoutBlockFlow {DIV} at (164,144) size 130x110 [bgcolor=#008000]
      LayoutText {#text} at (304,250) size 4x18
        text run at (304,250) width 4: " "
      LayoutBlockFlow {DIV} at (318,144) size 130x110 [bgcolor=#008000]
      LayoutText {#text} at (458,250) size 4x18
        text run at (458,250) width 4: " "
      LayoutBR {BR} at (0,0) size 0x0
      LayoutBlockFlow {DIV} at (10,278) size 130x110 [bgcolor=#008000]
      LayoutText {#text} at (150,384) size 4x18
        text run at (150,384) width 4: " "
      LayoutBlockFlow {DIV} at (164,278) size 130x110 [bgcolor=#008000]
      LayoutText {#text} at (304,384) size 4x18
        text run at (304,384) width 4: " "
      LayoutBlockFlow {DIV} at (318,278) size 130x110 [bgcolor=#008000]
      LayoutText {#text} at (458,384) size 4x18
        text run at (458,384) width 4: " "
      LayoutBR {BR} at (0,0) size 0x0
