layer at (0,0) size 800x600
  LayoutView at (0,0) size 800x600
layer at (0,0) size 800x158
  LayoutBlockFlow {HTML} at (0,0) size 800x158
    LayoutBlockFlow {BODY} at (8,8) size 784x134
      LayoutBlockFlow {DIV} at (0,0) size 784x18
        LayoutText {#text} at (0,0) size 194x18
          text run at (0,0) width 194: "There should be no red below."
layer at (8,42) size 100x100
  LayoutBlockFlow (relative positioned) {P} at (0,34) size 100x100
layer at (44,42) size 64x32
  LayoutBlockFlow (positioned) {SPAN} at (36,0) size 64x32 [bgcolor=#FFFFFF]
