layer at (0,0) size 800x600
  LayoutView at (0,0) size 800x600
layer at (0,0) size 800x189
  LayoutBlockFlow {HTML} at (0,0) size 800x189
    LayoutBlockFlow {BODY} at (4,4) size 792x181
      LayoutBlockFlow {DIV} at (0,0) size 25x25
      LayoutText {#text} at (25,17) size 3x10
        text run at (25,17) width 3: " "
      LayoutBlockFlow {DIV} at (27.25,0) size 25x25
      LayoutText {#text} at (52,17) size 3x10
        text run at (52,17) width 3: " "
      LayoutBlockFlow {DIV} at (54.50,0) size 25x25
      LayoutText {#text} at (79,17) size 3x10
        text run at (79,17) width 3: " "
      LayoutBR {BR} at (0,0) size 0x0
      LayoutBlockFlow {DIV} at (0,27) size 50x50
      LayoutText {#text} at (50,69) size 3x10
        text run at (50,69) width 3: " "
      LayoutBlockFlow {DIV} at (52.25,27) size 50x50
      LayoutText {#text} at (102,69) size 3x10
        text run at (102,69) width 3: " "
      LayoutBlockFlow {DIV} at (104.50,27) size 50x50
      LayoutText {#text} at (154,69) size 3x10
        text run at (154,69) width 3: " "
      LayoutBR {BR} at (0,0) size 0x0
      LayoutBlockFlow {DIV} at (0,79) size 100x100
      LayoutText {#text} at (100,171) size 3x10
        text run at (100,171) width 3: " "
      LayoutBlockFlow {DIV} at (102.25,79) size 100x100
      LayoutText {#text} at (202,171) size 3x10
        text run at (202,171) width 3: " "
      LayoutBlockFlow {DIV} at (204.50,79) size 100x100
      LayoutText {#text} at (304,171) size 3x10
        text run at (304,171) width 3: " "
      LayoutBR {BR} at (0,0) size 0x0
