layer at (0,0) size 800x600
  LayoutView at (0,0) size 800x600
layer at (0,0) size 800x378
  LayoutBlockFlow {HTML} at (0,0) size 800x378
    LayoutBlockFlow {BODY} at (8,8) size 784x362
      LayoutBlockFlow {DIV} at (0,0) size 50x50
      LayoutText {#text} at (50,36) size 4x18
        text run at (50,36) width 4: " "
      LayoutBlockFlow {DIV} at (54,0) size 50x50
      LayoutText {#text} at (104,36) size 4x18
        text run at (104,36) width 4: " "
      LayoutBlockFlow {DIV} at (108,0) size 50x50
      LayoutText {#text} at (158,36) size 4x18
        text run at (158,36) width 4: " "
      LayoutBR {BR} at (0,0) size 0x0
      LayoutBlockFlow {DIV} at (0,54) size 100x100
      LayoutText {#text} at (100,140) size 4x18
        text run at (100,140) width 4: " "
      LayoutBlockFlow {DIV} at (104,54) size 100x100
      LayoutText {#text} at (204,140) size 4x18
        text run at (204,140) width 4: " "
      LayoutBlockFlow {DIV} at (208,54) size 100x100
      LayoutText {#text} at (308,140) size 4x18
        text run at (308,140) width 4: " "
      LayoutBR {BR} at (0,0) size 0x0
      LayoutBlockFlow {DIV} at (0,158) size 200x200
      LayoutText {#text} at (200,344) size 4x18
        text run at (200,344) width 4: " "
      LayoutBlockFlow {DIV} at (204,158) size 200x200
      LayoutText {#text} at (404,344) size 4x18
        text run at (404,344) width 4: " "
      LayoutBlockFlow {DIV} at (408,158) size 200x200
      LayoutText {#text} at (608,344) size 4x18
        text run at (608,344) width 4: " "
      LayoutBR {BR} at (0,0) size 0x0
