layer at (0,0) size 800x600
  LayoutView at (0,0) size 800x600
layer at (16,16) size 768x242
  LayoutBlockFlow {HTML} at (16,16) size 768x242 [color=#FFFF00] [border: (3px solid #0000FF)]
    LayoutBlockFlow {BODY} at (35,35) size 698x172 [color=#000000] [bgcolor=#FFFFFF] [border: (3px solid #000000)]
      LayoutBlockFlow {P} at (19,19) size 660x134
        LayoutText {#text} at (0,0) size 659x54
          text run at (0,0) width 657: "The HTML box, the one with a blue border should be fully filled with lime green. The BODY box, the"
          text run at (0,18) width 659: "one with black border, should also be fully filled with lime green. The lime green color should not spill"
          text run at (0,36) width 175: "out outside the blue border."
