layer at (0,0) size 800x600
  LayoutView at (0,0) size 800x600
layer at (0,0) size 800x600
  LayoutBlockFlow {HTML} at (0,0) size 800x600
    LayoutBlockFlow {BODY} at (8,8) size 784x576
      LayoutBlockFlow {P} at (0,0) size 784x36 [bgcolor=#FFFFFF]
        LayoutText {#text} at (0,0) size 54x18
          text run at (0,0) width 54: "Test for "
        LayoutInline {I} at (0,0) size 772x36
          LayoutInline {A} at (0,0) size 312x18 [color=#0000EE]
            LayoutText {#text} at (53,0) size 312x18
              text run at (53,0) width 312: "https://bugs.webkit.org/show_bug.cgi?id=18445"
          LayoutText {#text} at (364,0) size 772x36
            text run at (364,0) width 5: " "
            text run at (368,0) width 404: "Assertion failure in CSSGradientValue::image() when the body"
            text run at (0,18) width 227: "element has a background gradient"
        LayoutText {#text} at (226,18) size 5x18
          text run at (226,18) width 5: "."
      LayoutBlockFlow {P} at (0,52) size 784x36 [bgcolor=#FFFFFF]
        LayoutText {#text} at (0,0) size 764x36
          text run at (0,0) width 379: "The test passes if the root element\x{2019}s background is a linear "
          text run at (378,0) width 386: "gradient from black at the top to white at the bottom, and no"
          text run at (0,18) width 61: "assertion "
          text run at (60,18) width 93: "failure occurs."
