layer at (0,0) size 800x600
  LayoutView at (0,0) size 800x600
layer at (0,0) size 800x600
  LayoutBlockFlow {HTML} at (0,0) size 800x600
    LayoutBlockFlow {BODY} at (8,8) size 784x584
      LayoutBlockFlow {DIV} at (20,20) size 122x232 [border: (1px solid #000000)]
      LayoutText {#text} at (162,258) size 4x18
        text run at (162,258) width 4: " "
      LayoutText {#text} at (0,0) size 0x0
layer at (39,39) size 100x100 transparent
  LayoutBlockFlow {DIV} at (11,11) size 100x100 [bgcolor=#000000]
layer at (39,149) size 100x100 transparent
  LayoutBlockFlow {DIV} at (11,121) size 100x100 [bgcolor=#000000]
layer at (194,28) size 122x232
  LayoutBlockFlow {DIV} at (186,20) size 122x232 [border: (1px solid #000000)]
layer at (205,39) size 100x100 transparent
  LayoutBlockFlow {DIV} at (11,11) size 100x100 [bgcolor=#000000]
layer at (205,149) size 100x100 transparent
  LayoutBlockFlow {DIV} at (11,121) size 100x100 [bgcolor=#000000]
