layer at (0,0) size 800x600
  LayoutView at (0,0) size 800x600
layer at (0,0) size 800x600
  LayoutBlockFlow {HTML} at (0,0) size 800x600
    LayoutBlockFlow {BODY} at (8,8) size 784x576
      LayoutBlockFlow (anonymous) at (0,0) size 784x18
        LayoutText {#text} at (0,0) size 619x18
          text run at (0,0) width 619: "The following two lines should be visible without the white background clipping any of the text:"
      LayoutBlockFlow {P} at (0,34) size 784x30
        LayoutInline {SPAN} at (0,0) size 79x38 [bgcolor=#FFFFFF]
          LayoutText {#text} at (0,0) size 0x0
          LayoutInline {SPAN} at (0,0) size 79x30
            LayoutText {#text} at (0,0) size 79x15
              text run at (0,0) width 79: "FOOBARBAZ"
            LayoutBR {BR} at (78,12) size 1x0
            LayoutText {#text} at (0,15) size 79x15
              text run at (0,15) width 79: "BAZBARFOO"
        LayoutText {#text} at (0,0) size 0x0
      LayoutBlockFlow (anonymous) at (0,80) size 784x18
        LayoutText {#text} at (0,0) size 420x18
          text run at (0,0) width 420: "The background below should be 10x10 and snugly fit the image:"
      LayoutBlockFlow {P} at (0,114) size 784x10
        LayoutInline {SPAN} at (0,0) size 10x46 [bgcolor=#FF0000]
          LayoutImage {IMG} at (0,0) size 10x10
        LayoutText {#text} at (0,0) size 0x0
