layer at (0,0) size 800x600
  LayoutView at (0,0) size 800x600
layer at (0,0) size 800x146
  LayoutBlockFlow {HTML} at (0,0) size 800x146
    LayoutBlockFlow {BODY} at (8,8) size 784x122
      LayoutBlockFlow {DIV} at (0,0) size 784x122
        LayoutBlockFlow (anonymous) at (0,0) size 784x18
          LayoutText {#text} at (0,0) size 482x18
            text run at (0,0) width 482: "Test passes if backgrounds of list style in ul and ol are each red and yellow."
        LayoutBlockFlow {UL} at (0,34) size 784x36
          LayoutListItem {LI} at (40,0) size 744x18
            LayoutListMarker (anonymous) at (-17,0) size 7x18: bullet
            LayoutText {#text} at (0,0) size 27x18
              text run at (0,0) width 27: "One"
          LayoutListItem {LI} at (40,18) size 744x18
            LayoutListMarker (anonymous) at (-17,0) size 7x18: bullet
            LayoutText {#text} at (0,0) size 29x18
              text run at (0,0) width 29: "Two"
        LayoutBlockFlow {OL} at (0,86) size 784x36
          LayoutListItem {LI} at (40,0) size 744x18
            LayoutListMarker (anonymous) at (-16,0) size 16x18: "1"
            LayoutText {#text} at (0,0) size 27x18
              text run at (0,0) width 27: "One"
          LayoutListItem {LI} at (40,18) size 744x18
            LayoutListMarker (anonymous) at (-16,0) size 16x18: "2"
            LayoutText {#text} at (0,0) size 29x18
              text run at (0,0) width 29: "Two"
selection start: position 84 of child 0 {#text} of child 0 {DIV} of body
selection end:   position 3 of child 0 {#text} of child 3 {LI} of child 3 {OL} of child 0 {DIV} of body
