layer at (0,0) size 800x600
  LayoutView at (0,0) size 800x600
layer at (0,0) size 800x94
  LayoutBlockFlow {HTML} at (0,0) size 800x94
    LayoutBlockFlow {BODY} at (8,8) size 784x70
      LayoutBlockFlow {DIV} at (0,0) size 784x70
        LayoutBlockFlow (anonymous) at (0,0) size 784x18
          LayoutText {#text} at (0,0) size 368x18
            text run at (0,0) width 368: "Test pass if background of image list style in ul is yellow."
        LayoutBlockFlow {UL} at (0,34) size 784x36
          LayoutListItem {LI} at (40,0) size 744x18
            LayoutListMarker (anonymous) at (-17,4) size 10x10
            LayoutText {#text} at (0,0) size 27x18
              text run at (0,0) width 27: "One"
          LayoutListItem {LI} at (40,18) size 744x18
            LayoutListMarker (anonymous) at (-17,4) size 10x10
            LayoutText {#text} at (0,0) size 29x18
              text run at (0,0) width 29: "Two"
selection start: position 66 of child 0 {#text} of child 0 {DIV} of body
selection end:   position 3 of child 0 {#text} of child 3 {LI} of child 1 {UL} of child 0 {DIV} of body
