layer at (0,0) size 800x600
  LayoutView at (0,0) size 800x600
layer at (0,0) size 800x524
  LayoutBlockFlow {HTML} at (0,0) size 800x524
    LayoutBlockFlow {BODY} at (8,8) size 784x508
      LayoutText {#text} at (0,0) size 0x0
layer at (8,8) size 604x504
  LayoutIFrame {IFRAME} at (0,0) size 604x504 [border: (2px inset #EEEEEE)]
    layer at (0,0) size 600x500
      LayoutView at (0,0) size 600x500
    layer at (0,0) size 600x408
      LayoutBlockFlow {HTML} at (0,0) size 600x408
        LayoutBlockFlow {BODY} at (8,8) size 584x392
          LayoutImage {IMG} at (0,0) size 256x256
          LayoutText {#text} at (256,242) size 4x18
            text run at (256,242) width 4: " "
          LayoutImage {IMG} at (260,0) size 100x256
          LayoutText {#text} at (360,242) size 4x18
            text run at (360,242) width 4: " "
          LayoutImage {IMG} at (0,288) size 256x100
          LayoutText {#text} at (256,374) size 4x18
            text run at (256,374) width 4: " "
          LayoutImage {IMG} at (260,260) size 128x128
          LayoutText {#text} at (388,374) size 4x18
            text run at (388,374) width 4: " "
          LayoutImage {IMG} at (392,338) size 50x50
          LayoutText {#text} at (442,374) size 4x18
            text run at (442,374) width 4: " "
          LayoutImage {IMG} at (446,338) size 50x50
          LayoutText {#text} at (496,374) size 4x18
            text run at (496,374) width 4: " "
          LayoutImage {IMG} at (500,350.22) size 37.78x37.78
          LayoutText {#text} at (537,374) size 5x18
            text run at (537,374) width 5: " "
          LayoutImage {IMG} at (541.78,348.22) size 39.78x39.78 [border: (1px solid #0000FF)]
          LayoutText {#text} at (0,0) size 0x0
