layer at (0,0) size 800x600 clip at (0,0) size 785x600 scrollY 9467.00 scrollHeight 10067
  LayoutView at (0,0) size 800x600
layer at (0,0) size 785x10067 backgroundClip at (0,0) size 785x600 clip at (0,0) size 785x600
  LayoutBlockFlow {HTML} at (0,0) size 785x10067
    LayoutBlockFlow {BODY} at (8,16) size 769x10043
      LayoutBlockFlow {P} at (0,0) size 769x20
        LayoutText {#text} at (0,0) size 470x19
          text run at (0,0) width 470: "Test passes if the input element is truncated beyond 10000px high on Mac."
      LayoutBlockFlow {FORM} at (0,36) size 769x10007
        LayoutTextControl {INPUT} at (0,0) size 154x10007 [bgcolor=#FFFFFF] [border: (2px inset #EEEEEE)]
        LayoutText {#text} at (0,0) size 0x0
layer at (10,5048) size 150x16 backgroundClip at (0,0) size 0x0 clip at (0,0) size 0x0
  LayoutBlockFlow {DIV} at (2,4995.50) size 150x16
scrolled to 0,9467
