layer at (0,0) size 800x600 scrollWidth 1122 scrollHeight 1026
  LayoutView at (0,0) size 800x600
layer at (0,0) size 800x1026 backgroundClip at (0,0) size 800x600 clip at (0,0) size 800x600
  LayoutBlockFlow {HTML} at (0,0) size 800x1026
    LayoutBlockFlow {BODY} at (8,16) size 784x1002
      LayoutBlockFlow {P} at (0,0) size 784x20
        LayoutText {#text} at (0,0) size 52x19
          text run at (0,0) width 52: "Test for "
        LayoutInline {I} at (0,0) size 717x19
          LayoutInline {A} at (0,0) size 292x19 [color=#0000EE]
            LayoutText {#text} at (52,0) size 292x19
              text run at (52,0) width 292: "http://bugs.webkit.org/show_bug.cgi?id=5399"
          LayoutText {#text} at (344,0) size 425x19
            text run at (344,0) width 4: " "
            text run at (348,0) width 421: "no-repeat on negatively positioned background images are ignored"
        LayoutText {#text} at (769,0) size 4x19
          text run at (769,0) width 4: "."
      LayoutBlockFlow {P} at (0,36) size 784x20
        LayoutText {#text} at (0,0) size 454x19
          text run at (0,0) width 454: "Element with background image starting at (-13, -13) with no-repeat set:"
      LayoutBlockFlow (floating) {DIV} at (6,78) size 34x34 [border: (1px dotted #008000)]
      LayoutBlockFlow (floating) {DIV} at (52,78) size 29x29 [border: (1px dotted #008000)]
      LayoutBlockFlow (floating) {DIV} at (93,78) size 24x24 [border: (1px dotted #008000)]
      LayoutBlockFlow {P} at (0,118) size 784x20
        LayoutText {#text} at (0,0) size 446x19
          text run at (0,0) width 446: "Element with background image starting at (-13, -13) with repeat-y set:"
      LayoutBlockFlow (floating) {DIV} at (6,160) size 34x34 [border: (1px dotted #008000)]
      LayoutBlockFlow (floating) {DIV} at (52,160) size 29x29 [border: (1px dotted #008000)]
      LayoutBlockFlow (floating) {DIV} at (93,160) size 24x24 [border: (1px dotted #008000)]
      LayoutBlockFlow {P} at (0,200) size 784x20
        LayoutText {#text} at (0,0) size 446x19
          text run at (0,0) width 446: "Element with background image starting at (-13, -13) with repeat-x set:"
      LayoutBlockFlow (floating) {DIV} at (6,242) size 34x34 [border: (1px dotted #008000)]
      LayoutBlockFlow (floating) {DIV} at (52,242) size 29x29 [border: (1px dotted #008000)]
      LayoutBlockFlow (floating) {DIV} at (93,242) size 24x24 [border: (1px dotted #008000)]
      LayoutBlockFlow {P} at (0,282) size 784x20
        LayoutText {#text} at (0,0) size 444x19
          text run at (0,0) width 444: "Element with background image starting at (13, 13) with no-repeat set:"
      LayoutBlockFlow (floating) {DIV} at (6,324) size 34x34 [border: (1px dotted #008000)]
      LayoutBlockFlow (floating) {DIV} at (52,324) size 29x29 [border: (1px dotted #008000)]
      LayoutBlockFlow (floating) {DIV} at (93,324) size 24x24 [border: (1px dotted #008000)]
      LayoutBlockFlow {P} at (0,364) size 784x20
        LayoutText {#text} at (0,0) size 436x19
          text run at (0,0) width 436: "Element with background image starting at (13, 13) with repeat-y set:"
      LayoutBlockFlow (floating) {DIV} at (6,406) size 34x34 [border: (1px dotted #008000)]
      LayoutBlockFlow (floating) {DIV} at (52,406) size 29x29 [border: (1px dotted #008000)]
      LayoutBlockFlow (floating) {DIV} at (93,406) size 24x24 [border: (1px dotted #008000)]
      LayoutBlockFlow {P} at (0,446) size 784x20
        LayoutText {#text} at (0,0) size 436x19
          text run at (0,0) width 436: "Element with background image starting at (13, 13) with repeat-x set:"
      LayoutBlockFlow (floating) {DIV} at (6,488) size 34x34 [border: (1px dotted #008000)]
      LayoutBlockFlow (floating) {DIV} at (52,488) size 29x29 [border: (1px dotted #008000)]
      LayoutBlockFlow (floating) {DIV} at (93,488) size 24x24 [border: (1px dotted #008000)]
layer at (8,514) size 0x5000
  LayoutBlockFlow (positioned) {P} at (8,514) size 0x5000
layer at (8,544) size 464x474 backgroundClip at (0,0) size 800x600 clip at (0,0) size 800x600
  LayoutTable {TABLE} at (0,528) size 464x474 [border: (5px outset #808080)]
    LayoutTableSection {TBODY} at (5,5) size 454x464
      LayoutTableRow {TR} at (0,2) size 454x460
        LayoutTableCell {TD} at (2,2) size 450x460 [border: (1px inset #808080)] [r=0 c=0 rs=1 cs=1]
          LayoutBlockFlow (floating) {DIV} at (8,8) size 34x34 [border: (1px dotted #008000)]
          LayoutBlockFlow (floating) {DIV} at (54,8) size 29x29 [border: (1px dotted #008000)]
          LayoutBlockFlow (floating) {DIV} at (95,8) size 24x24 [border: (1px dotted #008000)]
          LayoutBlockFlow {P} at (2,48) size 446x20
            LayoutText {#text} at (0,0) size 446x19
              text run at (0,0) width 446: "Element with background image starting at (-13, -13) with repeat-y set:"
          LayoutBlockFlow (floating) {DIV} at (8,90) size 34x34 [border: (1px dotted #008000)]
          LayoutBlockFlow (floating) {DIV} at (54,90) size 29x29 [border: (1px dotted #008000)]
          LayoutBlockFlow (floating) {DIV} at (95,90) size 24x24 [border: (1px dotted #008000)]
          LayoutBlockFlow {P} at (2,130) size 446x20
            LayoutText {#text} at (0,0) size 446x19
              text run at (0,0) width 446: "Element with background image starting at (-13, -13) with repeat-x set:"
          LayoutBlockFlow (floating) {DIV} at (8,172) size 34x34 [border: (1px dotted #008000)]
          LayoutBlockFlow (floating) {DIV} at (54,172) size 29x29 [border: (1px dotted #008000)]
          LayoutBlockFlow (floating) {DIV} at (95,172) size 24x24 [border: (1px dotted #008000)]
          LayoutBlockFlow {P} at (2,212) size 446x20
            LayoutText {#text} at (0,0) size 444x19
              text run at (0,0) width 444: "Element with background image starting at (13, 13) with no-repeat set:"
          LayoutBlockFlow (floating) {DIV} at (8,254) size 34x34 [border: (1px dotted #008000)]
          LayoutBlockFlow (floating) {DIV} at (54,254) size 29x29 [border: (1px dotted #008000)]
          LayoutBlockFlow (floating) {DIV} at (95,254) size 24x24 [border: (1px dotted #008000)]
          LayoutBlockFlow {P} at (2,294) size 446x20
            LayoutText {#text} at (0,0) size 436x19
              text run at (0,0) width 436: "Element with background image starting at (13, 13) with repeat-y set:"
          LayoutBlockFlow (floating) {DIV} at (8,336) size 34x34 [border: (1px dotted #008000)]
          LayoutBlockFlow (floating) {DIV} at (54,336) size 29x29 [border: (1px dotted #008000)]
          LayoutBlockFlow (floating) {DIV} at (95,336) size 24x24 [border: (1px dotted #008000)]
          LayoutBlockFlow {P} at (2,376) size 446x20
            LayoutText {#text} at (0,0) size 436x19
              text run at (0,0) width 436: "Element with background image starting at (13, 13) with repeat-x set:"
          LayoutBlockFlow (floating) {DIV} at (8,418) size 34x34 [border: (1px dotted #008000)]
          LayoutBlockFlow (floating) {DIV} at (54,418) size 29x29 [border: (1px dotted #008000)]
          LayoutBlockFlow (floating) {DIV} at (95,418) size 24x24 [border: (1px dotted #008000)]
