layer at (0,0) size 800x600
  LayoutView at (0,0) size 800x600
layer at (0,0) size 800x600
  LayoutNGBlockFlow {HTML} at (0,0) size 800x600
    LayoutNGBlockFlow {BODY} at (8,8) size 784x584
      LayoutNGBlockFlow {P} at (0,0) size 784x20
        LayoutText {#text} at (0,0) size 110x19
          text run at (0,0) width 110: "Tests: the bdo tag"
      LayoutNGBlockFlow {P} at (0,36) size 784x20
        LayoutText {#text} at (0,0) size 328x19
          text run at (0,0) width 328: "The bdo element overrides the default text direction."
      LayoutNGBlockFlow {P} at (0,72) size 784x40
        LayoutText {#text} at (0,0) size 761x39
          text run at (0,0) width 761: "If successful, the first sentence would be backward, and the second sentence regular. There should then be an extra blank"
          text run at (0,20) width 697: "line, followed by a line reading only \"A,\" and finally, a sentence where only the word \"umbrella\" is backward."
      LayoutNGBlockFlow (anonymous) at (0,138) size 784x120
        LayoutBR {BR} at (0,0) size 0x0
        LayoutInline {BDO} at (0,0) size 221x19
          LayoutText {#text} at (0,20) size 221x19
            text run at (0,20) width 221: "This sentence should be backward."
        LayoutText {#text} at (0,0) size 0x0
        LayoutBR {BR} at (221,20) size 0x0
        LayoutInline {BDO} at (0,0) size 209x19
          LayoutText {#text} at (0,40) size 209x19
            text run at (0,40) width 209: "This sentence should be forward."
        LayoutText {#text} at (0,0) size 0x0
        LayoutBR {BR} at (209,40) size 0x0
        LayoutInline {BDO} at (0,0) size 0x0
        LayoutText {#text} at (0,0) size 0x0
        LayoutBR {BR} at (0,60) size 0x0
        LayoutInline {BDO} at (0,0) size 12x19
          LayoutText {#text} at (0,80) size 12x19
            text run at (0,80) width 12: "A"
        LayoutText {#text} at (0,0) size 0x0
        LayoutBR {BR} at (12,80) size 0x0
        LayoutInline {BDO} at (0,0) size 290x19
          LayoutText {#text} at (0,100) size 26x19
            text run at (0,100) width 26: "My "
          LayoutInline {BDO} at (0,0) size 55x19
            LayoutText {#text} at (26,100) size 55x19
              text run at (26,100) width 55: "umbrella"
          LayoutText {#text} at (81,100) size 209x19
            text run at (81,100) width 209: " sure would be useful in this rain."
        LayoutText {#text} at (0,0) size 0x0
layer at (8,136) size 784x2 clip at (0,0) size 0x0
  LayoutNGBlockFlow {HR} at (0,128) size 784x2 [border: (1px inset #EEEEEE)]
