layer at (0,0) size 800x600
  LayoutView at (0,0) size 800x600
layer at (0,0) size 800x600
  LayoutBlockFlow {HTML} at (0,0) size 800x600
    LayoutBlockFlow {BODY} at (8,8) size 784x584 [bgcolor=#CCCCCC]
      LayoutBlockFlow {P} at (0,0) size 784x20
        LayoutText {#text} at (0,0) size 355x19
          text run at (0,0) width 355: "The style declarations which apply to the text below are:"
      LayoutBlockFlow {PRE} at (0,36) size 784x32
        LayoutText {#text} at (0,0) size 496x32
          text run at (0,0) width 304: ".one {list-style: upper-alpha inside;}"
          text run at (304,0) width 0: " "
          text run at (0,16) width 496: ".two {list-style: url(../resources/oransqr.gif) disc outside;}"
          text run at (496,16) width 0: " "
      LayoutBlockFlow {UL} at (0,99) size 784x40
        LayoutListItem {LI} at (40,0) size 744x40
          LayoutListMarker (anonymous) at (0,0) size 20x19: "A"
          LayoutText {#text} at (20,0) size 731x39
            text run at (20,0) width 711: "The text in this item should not behave as expected; that is, it should line up with the capital-A on the left margin,"
            text run at (0,20) width 286: "leaving no blank space beneath the capital-A."
      LayoutBlockFlow {UL} at (0,155) size 784x40
        LayoutListItem {LI} at (40,0) size 744x40
          LayoutListMarker (anonymous) at (-22,0) size 15x15
          LayoutText {#text} at (0,0) size 736x39
            text run at (0,0) width 476: "The text in this item have an orange square for its bullet; failing that, a disc. "
            text run at (476,0) width 260: "Also, the bullet should be outside the text"
            text run at (0,20) width 256: "block, as the list has been set to 'outside'."
      LayoutTable {TABLE} at (0,211) size 784x150 [border: (1px outset #808080)]
        LayoutTableSection {TBODY} at (1,1) size 782x148
          LayoutTableRow {TR} at (0,0) size 782x28
            LayoutTableCell {TD} at (0,0) size 782x28 [bgcolor=#C0C0C0] [border: (1px inset #808080)] [r=0 c=0 rs=1 cs=2]
              LayoutInline {STRONG} at (0,0) size 161x19
                LayoutText {#text} at (4,4) size 161x19
                  text run at (4,4) width 161: "TABLE Testing Section"
          LayoutTableRow {TR} at (0,28) size 782x120
            LayoutTableCell {TD} at (0,74) size 12x28 [bgcolor=#C0C0C0] [border: (1px inset #808080)] [r=1 c=0 rs=1 cs=1]
              LayoutText {#text} at (4,4) size 4x19
                text run at (4,4) width 4: " "
            LayoutTableCell {TD} at (12,28) size 770x120 [border: (1px inset #808080)] [r=1 c=1 rs=1 cs=1]
              LayoutBlockFlow {UL} at (4,4) size 762x40
                LayoutListItem {LI} at (40,0) size 722x40
                  LayoutListMarker (anonymous) at (0,0) size 20x19: "A"
                  LayoutText {#text} at (20,0) size 679x39
                    text run at (20,0) width 659: "The text in this item should not behave as expected; that is, it should line up with the capital-A on the left"
                    text run at (0,20) width 338: "margin, leaving no blank space beneath the capital-A."
              LayoutBlockFlow {UL} at (4,60) size 762x40
                LayoutListItem {LI} at (40,0) size 722x40
                  LayoutListMarker (anonymous) at (-22,0) size 15x15
                  LayoutText {#text} at (0,0) size 709x39
                    text run at (0,0) width 476: "The text in this item have an orange square for its bullet; failing that, a disc. "
                    text run at (476,0) width 233: "Also, the bullet should be outside the"
                    text run at (0,20) width 283: "text block, as the list has been set to 'outside'."
layer at (8,89) size 784x2 clip at (0,0) size 0x0
  LayoutBlockFlow {HR} at (0,81) size 784x2 [border: (1px inset #EEEEEE)]
