EDITING DELEGATE: webViewDidChangeSelection:WebViewDidChangeSelectionNotification
EDITING DELEGATE: webViewDidChangeSelection:WebViewDidChangeSelectionNotification
EDITING DELEGATE: webViewDidChangeSelection:WebViewDidChangeSelectionNotification
EDITING DELEGATE: webViewDidChange:WebViewDidChangeNotification
layer at (0,0) size 800x600
  LayoutView at (0,0) size 800x600
layer at (0,0) size 800x600
  LayoutBlockFlow {HTML} at (0,0) size 800x600
    LayoutBlockFlow {BODY} at (8,8) size 784x584
      LayoutBlockFlow {DIV} at (0,0) size 784x56 [border: (2px solid #FF0000)]
        LayoutInline {SPAN} at (0,0) size 154x27
          LayoutText {#text} at (14,14) size 23x27
            text run at (14,14) width 23: "ax"
          LayoutInline {SPAN} at (0,0) size 121x27
            LayoutText {#text} at (37,14) size 121x27
              text run at (37,14) width 121: "\x{9}\x{9}\x{9}"
          LayoutText {#text} at (158,14) size 10x27
            text run at (158,14) width 10: "z"
        LayoutText {#text} at (0,0) size 0x0
caret: position 2 of child 0 {#text} of child 1 {SPAN} of child 1 {DIV} of body
