EDITING DELEGATE: webViewDidChangeSelection:WebViewDidChangeSelectionNotification
EDITING DELEGATE: webViewDidChangeSelection:WebViewDidChangeSelectionNotification
EDITING DELEGATE: webViewDidChangeSelection:WebViewDidChangeSelectionNotification
EDITING DELEGATE: webViewDidChangeSelection:WebViewDidChangeSelectionNotification
EDITING DELEGATE: webViewDidChangeSelection:WebViewDidChangeSelectionNotification
EDITING DELEGATE: webViewDidChangeSelection:WebViewDidChangeSelectionNotification
EDITING DELEGATE: webViewDidChangeSelection:WebViewDidChangeSelectionNotification
EDITING DELEGATE: webViewDidChangeSelection:WebViewDidChangeSelectionNotification
EDITING DELEGATE: webViewDidChangeSelection:WebViewDidChangeSelectionNotification
EDITING DELEGATE: webViewDidChangeSelection:WebViewDidChangeSelectionNotification
EDITING DELEGATE: webViewDidChangeSelection:WebViewDidChangeSelectionNotification
EDITING DELEGATE: webViewDidChangeSelection:WebViewDidChangeSelectionNotification
EDITING DELEGATE: webViewDidChange:WebViewDidChangeNotification
EDITING DELEGATE: webViewDidChangeSelection:WebViewDidChangeSelectionNotification
EDITING DELEGATE: webViewDidChange:WebViewDidChangeNotification
EDITING DELEGATE: webViewDidChangeSelection:WebViewDidChangeSelectionNotification
EDITING DELEGATE: webViewDidChange:WebViewDidChangeNotification
layer at (0,0) size 800x600
  LayoutView at (0,0) size 800x600
layer at (0,0) size 800x600
  LayoutBlockFlow {HTML} at (0,0) size 800x600
    LayoutBlockFlow {BODY} at (8,8) size 784x584
      LayoutBlockFlow {DIV} at (0,0) size 784x244 [border: (2px solid #FF0000)]
        LayoutBlockFlow {DIV} at (14,14) size 756x216
          LayoutBlockFlow (anonymous) at (0,0) size 756x28
            LayoutText {#text} at (0,0) size 39x27
              text run at (0,0) width 39: "Test"
          LayoutBlockFlow {BLOCKQUOTE} at (40,52) size 676x28
            LayoutText {#text} at (0,0) size 39x27
              text run at (0,0) width 39: "Test"
          LayoutBlockFlow (anonymous) at (0,104) size 756x112
            LayoutBR {BR} at (0,0) size 0x27
            LayoutBR {BR} at (0,28) size 0x27
            LayoutBR {BR} at (0,56) size 0x27
            LayoutBR {BR} at (0,84) size 0x27
caret: position 0 of child 5 {BR} of child 1 {DIV} of child 1 {DIV} of body
