EDITING DELEGATE: webViewDidChangeSelection:WebViewDidChangeSelectionNotification
EDITING DELEGATE: webViewDidChangeSelection:WebViewDidChangeSelectionNotification
EDITING DELEGATE: webViewDidChange:WebViewDidChangeNotification
layer at (0,0) size 800x600
  LayoutView at (0,0) size 800x600
layer at (0,0) size 800x600
  LayoutBlockFlow {HTML} at (0,0) size 800x600
    LayoutBlockFlow {BODY} at (8,8) size 784x584
      LayoutBlockFlow {P} at (0,0) size 784x40
        LayoutText {#text} at (0,0) size 754x39
          text run at (0,0) width 273: "This testcase used to break InsertLineBreak. "
          text run at (273,0) width 481: "The editable region below should have two empty paragraphs in it, and the caret"
          text run at (0,20) width 145: "should be in the second."
      LayoutBlockFlow {DIV} at (0,56) size 784x40
        LayoutBlockFlow {DIV} at (0,0) size 784x40
          LayoutBR {BR} at (0,0) size 0x19
          LayoutBR {BR} at (0,20) size 0x19
caret: position 0 of child 2 {BR} of child 0 {DIV} of child 2 {DIV} of body
