layer at (0,0) size 800x600 scrollWidth 921
  LayoutView at (0,0) size 800x600
layer at (0,0) size 800x600
  LayoutBlockFlow {HTML} at (0,0) size 800x600
    LayoutBlockFlow {BODY} at (8,8) size 784x584 [bgcolor=#CCCCCC]
      LayoutBlockFlow {P} at (0,0) size 784x20
        LayoutText {#text} at (0,0) size 355x19
          text run at (0,0) width 355: "The style declarations which apply to the text below are:"
      LayoutBlockFlow {PRE} at (0,36) size 784x64
        LayoutText {#text} at (0,0) size 232x64
          text run at (0,0) width 192: ".one {white-space: pre;}"
          text run at (192,0) width 0: " "
          text run at (0,16) width 216: ".two {white-space: nowrap;}"
          text run at (216,16) width 0: " "
          text run at (0,32) width 232: ".three {white-space: normal;}"
          text run at (232,32) width 0: " "
          text run at (0,48) width 0: " "
      LayoutBlockFlow {P} at (0,131) size 784x100
        LayoutText {#text} at (0,0) size 568x99
          text run at (0,0) width 0: " "
          text run at (0,20) width 568: "This sentence should     show extra space  where there    would ordinarily         not be any."
          text run at (567,20) width 1: " "
          text run at (0,40) width 296: "     There should also be preservation of returns"
          text run at (296,40) width 0: " "
          text run at (0,60) width 97: "as this sentence"
          text run at (97,60) width 0: " "
          text run at (0,80) width 184: "     very clearly demonstrates."
          text run at (184,80) width 0: " "
      LayoutBlockFlow {P} at (0,247) size 784x20
        LayoutText {#text} at (0,0) size 891x19
          text run at (0,0) width 891: "This sentence should not word-wrap, no matter how long the sentence is, as it has been set to nowrap and that should have the obvious effect."
      LayoutBlockFlow {P} at (0,283) size 784x40
        LayoutText {#text} at (0,0) size 296x39
          text run at (0,0) width 0: " "
          text run at (0,20) width 296: "This sentence      should     show extra   space, "
        LayoutInline {SPAN} at (0,0) size 156x19
          LayoutText {#text} at (296,20) size 156x19
            text run at (296,20) width 84: "except in the "
            text run at (380,20) width 72: "second half"
        LayoutText {#text} at (452,20) size 4x19
          text run at (452,20) width 4: "."
          text run at (456,20) width 0: " "
      LayoutTable {TABLE} at (0,339) size 913x230 [border: (1px outset #808080)]
        LayoutTableSection {TBODY} at (1,1) size 911x228
          LayoutTableRow {TR} at (0,0) size 911x28
            LayoutTableCell {TD} at (0,0) size 911x28 [bgcolor=#C0C0C0] [border: (1px inset #808080)] [r=0 c=0 rs=1 cs=2]
              LayoutInline {STRONG} at (0,0) size 161x19
                LayoutText {#text} at (4,4) size 161x19
                  text run at (4,4) width 161: "TABLE Testing Section"
          LayoutTableRow {TR} at (0,28) size 911x200
            LayoutTableCell {TD} at (0,114) size 12x28 [bgcolor=#C0C0C0] [border: (1px inset #808080)] [r=1 c=0 rs=1 cs=1]
              LayoutText {#text} at (4,4) size 4x19
                text run at (4,4) width 4: " "
            LayoutTableCell {TD} at (12,28) size 899x200 [border: (1px inset #808080)] [r=1 c=1 rs=1 cs=1]
              LayoutBlockFlow {P} at (4,4) size 891x100
                LayoutText {#text} at (0,0) size 568x99
                  text run at (0,0) width 0: " "
                  text run at (0,20) width 568: "This sentence should     show extra space  where there    would ordinarily         not be any."
                  text run at (567,20) width 1: " "
                  text run at (0,40) width 296: "     There should also be preservation of returns"
                  text run at (296,40) width 0: " "
                  text run at (0,60) width 97: "as this sentence"
                  text run at (97,60) width 0: " "
                  text run at (0,80) width 184: "     very clearly demonstrates."
                  text run at (184,80) width 0: " "
              LayoutBlockFlow {P} at (4,120) size 891x20
                LayoutText {#text} at (0,0) size 891x19
                  text run at (0,0) width 891: "This sentence should not word-wrap, no matter how long the sentence is, as it has been set to nowrap and that should have the obvious effect."
              LayoutBlockFlow {P} at (4,156) size 891x40
                LayoutText {#text} at (0,0) size 296x39
                  text run at (0,0) width 0: " "
                  text run at (0,20) width 296: "This sentence      should     show extra   space, "
                LayoutInline {SPAN} at (0,0) size 156x19
                  LayoutText {#text} at (296,20) size 156x19
                    text run at (296,20) width 84: "except in the "
                    text run at (380,20) width 72: "second half"
                LayoutText {#text} at (452,20) size 4x19
                  text run at (452,20) width 4: "."
                  text run at (456,20) width 0: " "
layer at (8,121) size 784x2 clip at (0,0) size 0x0
  LayoutBlockFlow {HR} at (0,113) size 784x2 [border: (1px inset #EEEEEE)]
