layer at (0,0) size 800x600
  LayoutView at (0,0) size 800x600
layer at (0,0) size 800x600
  LayoutBlockFlow {HTML} at (0,0) size 800x600
    LayoutBlockFlow {BODY} at (8,8) size 784x584
      LayoutBlockFlow (anonymous) at (0,0) size 784x40
        LayoutText {#text} at (0,0) size 767x39
          text run at (0,0) width 467: "You should see a green cross below (300 pixels wide and 300 pixels tall). "
          text run at (466,0) width 301: "This is a test to ensure that boxes don't obey the"
          text run at (0,20) width 638: "overconstraint correction (margin-top/bottom should not be corrected when a box is overconstrained)."
      LayoutBlockFlow {DIV} at (0,40) size 784x300
        LayoutDeprecatedFlexibleBox {DIV} at (0,200) size 300x100 [bgcolor=#008000]
          LayoutBlockFlow {DIV} at (100,-100) size 100x300
