layer at (0,0) size 800x600
  LayoutView at (0,0) size 800x600
layer at (0,0) size 800x600
  LayoutBlockFlow {HTML} at (0,0) size 800x600
    LayoutBlockFlow {BODY} at (8,8) size 784x584
      LayoutBlockFlow {P} at (0,0) size 784x80
        LayoutText {#text} at (0,0) size 783x79
          text run at (0,0) width 449: "You should see a black box below that is the width of the content area. "
          text run at (448,0) width 257: "It contains alternating struts and springs. "
          text run at (704,0) width 63: "The struts"
          text run at (0,20) width 255: "are bordered in green and are inflexible. "
          text run at (255,20) width 515: "The springs are bordered in purple and should grow and shrink as you resize your"
          text run at (0,40) width 114: "browser window. "
          text run at (113,40) width 670: "The black box should get taller when you make your window wider and get shorter when you shrink your"
          text run at (0,60) width 110: "browser window."
      LayoutDeprecatedFlexibleBox {DIV} at (0,96) size 784x56 [border: (2px solid #000000)]
        LayoutDeprecatedFlexibleBox {DIV} at (6,6) size 40x44 [border: (2px solid #008000)]
          LayoutBlockFlow (anonymous) at (2,2) size 36x40
            LayoutText {#text} at (0,0) size 36x19
              text run at (0,0) width 36: "Fixed"
        LayoutDeprecatedFlexibleBox {DIV} at (50,6) size 196x44 [border: (2px solid #800080)]
          LayoutBlockFlow (anonymous) at (2,2) size 192x40
            LayoutText {#text} at (0,0) size 191x39
              text run at (0,0) width 186: "This is a flexible block, and it"
              text run at (0,20) width 191: "will shrink or grow as needed."
        LayoutDeprecatedFlexibleBox {DIV} at (250,6) size 40x44 [border: (2px solid #008000)]
          LayoutBlockFlow (anonymous) at (2,2) size 36x40
            LayoutText {#text} at (0,0) size 36x19
              text run at (0,0) width 36: "Fixed"
        LayoutDeprecatedFlexibleBox {DIV} at (294,6) size 196x44 [border: (2px solid #800080)]
          LayoutBlockFlow (anonymous) at (2,2) size 192x40
            LayoutText {#text} at (0,0) size 191x39
              text run at (0,0) width 186: "This is a flexible block, and it"
              text run at (0,20) width 191: "will shrink or grow as needed."
        LayoutDeprecatedFlexibleBox {DIV} at (494,6) size 40x44 [border: (2px solid #008000)]
          LayoutBlockFlow (anonymous) at (2,2) size 36x40
            LayoutText {#text} at (0,0) size 36x19
              text run at (0,0) width 36: "Fixed"
        LayoutDeprecatedFlexibleBox {DIV} at (538,6) size 196x44 [border: (2px solid #800080)]
          LayoutBlockFlow (anonymous) at (2,2) size 192x40
            LayoutText {#text} at (0,0) size 191x39
              text run at (0,0) width 186: "This is a flexible block, and it"
              text run at (0,20) width 191: "will shrink or grow as needed."
        LayoutDeprecatedFlexibleBox {DIV} at (738,6) size 40x44 [border: (2px solid #008000)]
          LayoutBlockFlow (anonymous) at (2,2) size 36x40
            LayoutText {#text} at (0,0) size 36x19
              text run at (0,0) width 36: "Fixed"
