layer at (0,0) size 800x600 scrollWidth 812
  LayoutView at (0,0) size 800x600
layer at (0,0) size 800x600
  LayoutBlockFlow {HTML} at (0,0) size 800x600
    LayoutBlockFlow {BODY} at (0,0) size 800x600
      LayoutDeprecatedFlexibleBox {DIV} at (0,0) size 800x600
        LayoutBlockFlow {DIV} at (0,0) size 800x60
          LayoutText {#text} at (0,0) size 800x59
            text run at (0,0) width 485: "This header should remain at the top of the browser window as you resize it. "
            text run at (485,0) width 183: "It can wrap to multiple lines. "
            text run at (668,0) width 132: "The center should be"
            text run at (0,20) width 254: "filled with an olive-bordered green box. "
            text run at (254,20) width 498: "It should start beneath the header, end above the footer, and fill the width of the"
            text run at (0,40) width 110: "browser window."
        LayoutBlockFlow {DIV} at (0,580) size 800x20
          LayoutText {#text} at (0,0) size 662x19
            text run at (0,0) width 406: "This footer should remain at the bottom of the browser window. "
            text run at (405,0) width 257: "It can wrap to multiple lines if necessary."
layer at (0,60) size 812x520 backgroundClip at (0,0) size 800x600 clip at (0,0) size 800x600
  LayoutIFrame {IFRAME} at (0,60) size 812x520 [bgcolor=#008000] [border: (10px solid #808000)]
    layer at (0,0) size 792x500
      LayoutView at (0,0) size 792x500
    layer at (0,0) size 792x500
      LayoutBlockFlow {HTML} at (0,0) size 792x500
        LayoutBlockFlow {BODY} at (8,8) size 776x484
