layer at (0,0) size 800x600
  LayoutView at (0,0) size 800x600
layer at (0,0) size 800x600
  LayoutBlockFlow {HTML} at (0,0) size 800x600
    LayoutBlockFlow {BODY} at (8,8) size 784x584
      LayoutBlockFlow {P} at (0,0) size 784x40
        LayoutText {#text} at (0,0) size 751x39
          text run at (0,0) width 302: "You should see a 100x100 green square below. "
          text run at (301,0) width 238: "If you see any red, the test has failed. "
          text run at (538,0) width 213: "This test is checking to make sure"
          text run at (0,20) width 431: "inlines get wrapped in anonymous blocks when placed inside boxes."
      LayoutDeprecatedFlexibleBox {DIV} at (0,56) size 100x100 [bgcolor=#008000]
        LayoutBlockFlow (anonymous) at (0,0) size 0x100
          LayoutInline {SPAN} at (0,0) size 0x0 [bgcolor=#FF0000]
          LayoutText {#text} at (0,0) size 0x0
