layer at (0,0) size 800x600
  LayoutView at (0,0) size 800x600
layer at (0,0) size 800x600
  LayoutBlockFlow {HTML} at (0,0) size 800x600
    LayoutBlockFlow {BODY} at (8,8) size 784x584
      LayoutBlockFlow {P} at (0,0) size 784x60
        LayoutText {#text} at (0,0) size 783x59
          text run at (0,0) width 773: "You should see a single 100x100 green square below. If your browser supports the display of ALT text, you should see the"
          text run at (0,20) width 246: "word \"Image\" inside the green square. "
          text run at (246,20) width 268: "If you see any red, then the test has failed. "
          text run at (514,20) width 269: "This test is checking to make sure replaced"
          text run at (0,40) width 263: "elements inside boxes get stretched when "
        LayoutInline {CODE} at (0,0) size 144x16
          LayoutText {#text} at (263,43) size 144x16
            text run at (263,43) width 144: "box-align: stretch"
        LayoutText {#text} at (407,40) size 78x19
          text run at (407,40) width 78: " is specified."
      LayoutDeprecatedFlexibleBox {DIV} at (0,76) size 100x100 [bgcolor=#FF0000]
        LayoutBlockFlow {IMG} at (0,0) size 100x100 [bgcolor=#008000]
          LayoutBlockFlow {SPAN} at (0,0) size 100x100 [border: (1px solid #C0C0C0)]
            LayoutImage (floating) {IMG} at (2,2) size 16x16
            LayoutInline {SPAN} at (0,0) size 39x19
              LayoutText {#text} at (18,2) size 39x19
                text run at (18,2) width 39: "Image"
