layer at (0,0) size 800x600
  LayoutView at (0,0) size 800x600
layer at (0,0) size 800x600
  LayoutBlockFlow {HTML} at (0,0) size 800x600
    LayoutBlockFlow {BODY} at (8,8) size 784x584
      LayoutBlockFlow {P} at (0,0) size 784x18
        LayoutText {#text} at (0,0) size 271x18
          text run at (0,0) width 271: "Tests: the TABLE.createCaption() method"
        LayoutBR {BR} at (270,14) size 1x0
      LayoutBlockFlow {P} at (0,34) size 784x54
        LayoutText {#text} at (0,0) size 75x18
          text run at (0,0) width 75: "Conditions:"
        LayoutBR {BR} at (74,14) size 1x0
        LayoutText {#text} at (0,18) size 768x36
          text run at (0,18) width 695: "If no caption exists, the method should create an empty caption, add it to the table, and return a pointer to it. "
          text run at (694,18) width 74: "If a caption"
          text run at (0,36) width 326: "does exist, the method should return a pointer to it."
      LayoutBlockFlow {P} at (0,104) size 784x36
        LayoutText {#text} at (0,0) size 332x18
          text run at (0,0) width 332: "If successful, the first table should have the caption "
        LayoutInline {B} at (0,0) size 45x18
          LayoutText {#text} at (331,0) size 45x18
            text run at (331,0) width 45: "Fruity"
        LayoutText {#text} at (375,0) size 298x18
          text run at (375,0) width 298: ", and the second table should have the caption "
        LayoutInline {B} at (0,0) size 75x18
          LayoutText {#text} at (672,0) size 75x18
            text run at (672,0) width 75: "Vegetabley"
        LayoutText {#text} at (746,0) size 751x36
          text run at (746,0) width 5: "."
          text run at (0,18) width 636: "Upon failure, the first table will have no caption, and the second table will have the caption Things."
      LayoutTable {TABLE} at (0,166) size 110x94 [border: (1px outset #808080)]
        LayoutBlockFlow {CAPTION} at (0,0) size 110x18
          LayoutInline {B} at (0,0) size 44x18
            LayoutText {#text} at (33,0) size 44x18
              text run at (33,0) width 44: "Fruity"
        LayoutTableSection {TBODY} at (1,19) size 108x74
          LayoutTableRow {TR} at (0,2) size 108x22
            LayoutTableCell {TH} at (2,2) size 52x22 [border: (1px inset #808080)] [r=0 c=0 rs=1 cs=1]
              LayoutText {#text} at (8,2) size 36x18
                text run at (8,2) width 36: "Fruit"
            LayoutTableCell {TH} at (56,2) size 50x22 [border: (1px inset #808080)] [r=0 c=1 rs=1 cs=1]
              LayoutText {#text} at (5,2) size 40x18
                text run at (5,2) width 40: "Color"
          LayoutTableRow {TR} at (0,26) size 108x22
            LayoutTableCell {TD} at (2,26) size 52x22 [border: (1px inset #808080)] [r=1 c=0 rs=1 cs=1]
              LayoutText {#text} at (2,2) size 48x18
                text run at (2,2) width 48: "Banana"
            LayoutTableCell {TD} at (56,26) size 50x22 [border: (1px inset #808080)] [r=1 c=1 rs=1 cs=1]
              LayoutText {#text} at (2,2) size 46x18
                text run at (2,2) width 46: "Yellow"
          LayoutTableRow {TR} at (0,50) size 108x22
            LayoutTableCell {TD} at (2,50) size 52x22 [border: (1px inset #808080)] [r=2 c=0 rs=1 cs=1]
              LayoutText {#text} at (2,2) size 40x18
                text run at (2,2) width 40: "Grape"
            LayoutTableCell {TD} at (56,50) size 50x22 [border: (1px inset #808080)] [r=2 c=1 rs=1 cs=1]
              LayoutText {#text} at (2,2) size 42x18
                text run at (2,2) width 42: "Purple"
      LayoutBlockFlow (anonymous) at (0,260) size 784x18
        LayoutBR {BR} at (0,0) size 0x18
      LayoutTable {TABLE} at (0,278) size 131x94 [border: (1px outset #808080)]
        LayoutBlockFlow {CAPTION} at (0,0) size 131x18
          LayoutInline {B} at (0,0) size 75x18
            LayoutText {#text} at (28,0) size 75x18
              text run at (28,0) width 75: "Vegetabley"
        LayoutTableSection {TBODY} at (1,19) size 129x74
          LayoutTableRow {TR} at (0,2) size 129x22
            LayoutTableCell {TH} at (2,2) size 71x22 [border: (1px inset #808080)] [r=0 c=0 rs=1 cs=1]
              LayoutText {#text} at (2,2) size 67x18
                text run at (2,2) width 67: "Vegetable"
            LayoutTableCell {TH} at (75,2) size 52x22 [border: (1px inset #808080)] [r=0 c=1 rs=1 cs=1]
              LayoutText {#text} at (6,2) size 40x18
                text run at (6,2) width 40: "Color"
          LayoutTableRow {TR} at (0,26) size 129x22
            LayoutTableCell {TD} at (2,26) size 71x22 [border: (1px inset #808080)] [r=1 c=0 rs=1 cs=1]
              LayoutText {#text} at (2,2) size 41x18
                text run at (2,2) width 41: "Carrot"
            LayoutTableCell {TD} at (75,26) size 52x22 [border: (1px inset #808080)] [r=1 c=1 rs=1 cs=1]
              LayoutText {#text} at (2,2) size 48x18
                text run at (2,2) width 48: "Orange"
          LayoutTableRow {TR} at (0,50) size 129x22
            LayoutTableCell {TD} at (2,50) size 71x22 [border: (1px inset #808080)] [r=2 c=0 rs=1 cs=1]
              LayoutText {#text} at (2,2) size 67x18
                text run at (2,2) width 67: "Cucumber"
            LayoutTableCell {TD} at (75,50) size 52x22 [border: (1px inset #808080)] [r=2 c=1 rs=1 cs=1]
              LayoutText {#text} at (2,2) size 40x18
                text run at (2,2) width 40: "Green"
layer at (8,164) size 784x2 clip at (0,0) size 0x0
  LayoutBlockFlow {HR} at (0,156) size 784x2 [border: (1px inset #EEEEEE)]
