layer at (0,0) size 800x600
  LayoutView at (0,0) size 800x600
layer at (0,0) size 800x600
  LayoutBlockFlow {HTML} at (0,0) size 800x600
    LayoutBlockFlow {BODY} at (8,8) size 784x576
      LayoutBlockFlow {P} at (0,0) size 784x77
        LayoutText {#text} at (0,0) size 281x59
          text run at (0,0) width 281: "BigAndGreen"
        LayoutBR {BR} at (280,46) size 1x0
        LayoutText {#text} at (0,59) size 103x18
          text run at (0,59) width 103: "SmallAndBlack"
