layer at (0,0) size 800x600
  LayoutView at (0,0) size 800x600
layer at (0,0) size 800x600
  LayoutBlockFlow {HTML} at (0,0) size 800x600
    LayoutBlockFlow {BODY} at (8,8) size 784x576
      LayoutBlockFlow {P} at (0,0) size 784x45 [border: (2px solid #0000FF)]
        LayoutInline {<pseudo:first-letter>} at (0,0) size 32x41 [color=#800000]
          LayoutTextFragment (anonymous) at (2,2) size 32x41
            text run at (2,2) width 32: "M"
        LayoutTextFragment {#text} at (34,20) size 182x18
          text run at (34,20) width 182: "aroon on the first letter only."
