layer at (0,0) size 800x600 clip at (0,0) size 785x600 scrollHeight 751
  LayoutView at (0,0) size 800x600
layer at (0,0) size 785x751 backgroundClip at (0,0) size 785x600 clip at (0,0) size 785x600
  LayoutNGBlockFlow {HTML} at (0,0) size 785x751
    LayoutNGBlockFlow {BODY} at (8,8) size 769x735 [bgcolor=#CCCCCC]
      LayoutNGBlockFlow {P} at (0,0) size 769x20
        LayoutInline {<pseudo:first-letter>} at (0,0) size 10x19 [color=#800000]
          LayoutTextFragment (anonymous) at (0,0) size 10x19
            text run at (0,0) width 10: "T"
        LayoutTextFragment {#text} at (10,0) size 345x19
          text run at (10,0) width 345: "he style declarations which apply to the text below are:"
      LayoutNGBlockFlow {PRE} at (0,36) size 769x64
        LayoutText {#text} at (0,0) size 312x48
          text run at (0,0) width 248: "P:first-letter {color: maroon;}"
          text run at (248,0) width 0: " "
          text run at (0,16) width 288: ".two:first-letter {font-size: 200%;}"
          text run at (288,16) width 0: " "
          text run at (0,32) width 312: "P.three:first-letter {font-size: 350%;}"
          text run at (312,32) width 0: " "
          text run at (0,48) width 0: " "
      LayoutNGBlockFlow {P} at (0,131) size 769x60
        LayoutInline {<pseudo:first-letter>} at (0,0) size 10x19 [color=#800000]
          LayoutTextFragment (anonymous) at (0,0) size 10x19
            text run at (0,0) width 10: "T"
        LayoutTextFragment {#text} at (10,0) size 763x59
          text run at (10,0) width 753: "he first letter of this paragraph, and only that one, should be maroon. If this precise combination does not occur, then the"
          text run at (0,20) width 761: "user agent has failed this test. Remember that in order to ensure a complete test, the paragraph must be displayed on more"
          text run at (0,40) width 85: "than one line."
      LayoutNGBlockFlow {P} at (0,207) size 769x77
        LayoutInline {<pseudo:first-letter>} at (0,0) size 20x36 [color=#800000]
          LayoutTextFragment (anonymous) at (0,0) size 20x36
            text run at (0,0) width 20: "T"
        LayoutTextFragment {#text} at (20,13) size 756x63
          text run at (20,13) width 695: "he first letter of this paragraph, and only that one, should be a larger font size, as well as maroon. If this precise"
          text run at (0,37) width 756: "combination does not occur, then the user agent has failed this test. Remember that in order to ensure a complete test, the"
          text run at (0,57) width 325: "paragraph must be displayed on more than one line."
      LayoutNGBlockFlow {P} at (0,300) size 769x106
        LayoutInline {<pseudo:first-letter>} at (0,0) size 76x64 [color=#800000]
          LayoutTextFragment (anonymous) at (0,1) size 76x64
            text run at (0,1) width 76: "\"W"
        LayoutTextFragment {#text} at (76,36) size 760x69
          text run at (76,36) width 684: "e should check for quotation support,\" it was said. The first two characters in this paragraph-- a double-quote"
          text run at (0,66) width 756: "mark and a capital 'W'-- should be 350% bigger than the rest of the paragraph, and maroon. Note that this is not required"
          text run at (0,86) width 228: "under CSS1, but it is recommended."
      LayoutTable {TABLE} at (0,422) size 769x313 [border: (1px outset #808080)]
        LayoutTableSection {TBODY} at (1,1) size 767x311
          LayoutTableRow {TR} at (0,0) size 767x28
            LayoutNGTableCell {TD} at (0,0) size 767x28 [bgcolor=#C0C0C0] [border: (1px inset #808080)] [r=0 c=0 rs=1 cs=2]
              LayoutInline {STRONG} at (0,0) size 161x19
                LayoutText {#text} at (4,4) size 161x19
                  text run at (4,4) width 161: "TABLE Testing Section"
          LayoutTableRow {TR} at (0,28) size 767x283
            LayoutNGTableCell {TD} at (0,155) size 12x28 [bgcolor=#C0C0C0] [border: (1px inset #808080)] [r=1 c=0 rs=1 cs=1]
              LayoutText {#text} at (4,131) size 4x19
                text run at (4,131) width 4: " "
            LayoutNGTableCell {TD} at (12,28) size 755x283 [border: (1px inset #808080)] [r=1 c=1 rs=1 cs=1]
              LayoutNGBlockFlow {P} at (4,4) size 747x60
                LayoutInline {<pseudo:first-letter>} at (0,0) size 10x19 [color=#800000]
                  LayoutTextFragment (anonymous) at (0,0) size 10x19
                    text run at (0,0) width 10: "T"
                LayoutTextFragment {#text} at (10,0) size 740x59
                  text run at (10,0) width 730: "he first letter of this paragraph, and only that one, should be maroon. If this precise combination does not occur, then"
                  text run at (0,20) width 728: "the user agent has failed this test. Remember that in order to ensure a complete test, the paragraph must be displayed"
                  text run at (0,40) width 141: "on more than one line."
              LayoutNGBlockFlow {P} at (4,80) size 747x77
                LayoutInline {<pseudo:first-letter>} at (0,0) size 20x36 [color=#800000]
                  LayoutTextFragment (anonymous) at (0,0) size 20x36
                    text run at (0,0) width 20: "T"
                LayoutTextFragment {#text} at (20,13) size 733x63
                  text run at (20,13) width 695: "he first letter of this paragraph, and only that one, should be a larger font size, as well as maroon. If this precise"
                  text run at (0,37) width 733: "combination does not occur, then the user agent has failed this test. Remember that in order to ensure a complete test,"
                  text run at (0,57) width 348: "the paragraph must be displayed on more than one line."
              LayoutNGBlockFlow {P} at (4,173) size 747x106
                LayoutInline {<pseudo:first-letter>} at (0,0) size 76x64 [color=#800000]
                  LayoutTextFragment (anonymous) at (0,1) size 76x64
                    text run at (0,1) width 76: "\"W"
                LayoutTextFragment {#text} at (76,36) size 739x69
                  text run at (76,36) width 649: "e should check for quotation support,\" it was said. The first two characters in this paragraph-- a double-"
                  text run at (0,66) width 739: "quote mark and a capital 'W'-- should be 350% bigger than the rest of the paragraph, and maroon. Note that this is not"
                  text run at (0,86) width 284: "required under CSS1, but it is recommended."
layer at (8,121) size 769x2 clip at (0,0) size 0x0
  LayoutNGBlockFlow {HR} at (0,113) size 769x2 [border: (1px inset #EEEEEE)]
