layer at (0,0) size 800x600
  LayoutView at (0,0) size 800x600
layer at (0,0) size 800x172
  LayoutBlockFlow {HTML} at (0,0) size 800x172
    LayoutBlockFlow {BODY} at (8,8) size 784x52
      LayoutBlockFlow (anonymous) at (0,0) size 784x18
        LayoutInline {DIV} at (0,0) size 528x16 [color=#FFFFFF] [bgcolor=#FF0000]
          LayoutText {#text} at (0,1) size 528x16
            text run at (0,1) width 528: "Ahem_font_required_for_this_test."
        LayoutText {#text} at (0,0) size 0x0
      LayoutBlockFlow {P} at (0,34) size 784x18
        LayoutText {#text} at (0,0) size 294x18
          text run at (0,0) width 294: "The following two blocks should be identical."
      LayoutBlockFlow (floating) {DIV} at (16,84) size 112x16 [color=#00FF00] [bgcolor=#008000]
        LayoutText {#text} at (0,0) size 16x16
          text run at (0,0) width 16: "["
        LayoutInline {SPAN} at (0,0) size 16x16
          LayoutText {#text} at (16,0) size 16x16
            text run at (16,0) width 16: " "
        LayoutInline {SPAN} at (0,0) size 16x16
          LayoutText {#text} at (32,0) size 16x16
            text run at (32,0) width 16: " "
        LayoutInline {SPAN} at (0,0) size 16x16
          LayoutText {#text} at (48,0) size 16x16
            text run at (48,0) width 16: " "
        LayoutInline {SPAN} at (0,0) size 16x16
          LayoutText {#text} at (64,0) size 16x16
            text run at (64,0) width 16: " "
        LayoutInline {SPAN} at (0,0) size 16x16
          LayoutText {#text} at (80,0) size 16x16
            text run at (80,0) width 16: " "
        LayoutText {#text} at (96,0) size 16x16
          text run at (96,0) width 16: "]"
      LayoutBlockFlow (floating) {DIV} at (16,132) size 112x16 [color=#00FF00] [bgcolor=#008000]
        LayoutText {#text} at (0,0) size 112x16
          text run at (0,0) width 112: "[     ]"
