layer at (0,0) size 800x600
  LayoutView at (0,0) size 800x600
layer at (0,0) size 800x600
  LayoutBlockFlow {HTML} at (0,0) size 800x600
    LayoutBlockFlow {BODY} at (8,8) size 784x584
      LayoutBlockFlow {DIV} at (0,0) size 204x43 [border: (2px solid #FF0000)]
        LayoutInline {FONT} at (0,0) size 178x36 [color=#996699]
          LayoutText {#text} at (0,0) size 0x0
          LayoutInline {NOBR} at (0,0) size 152x18
            LayoutText {#text} at (2,2) size 10x18
              text run at (2,2) width 10: "\x{2022} "
            LayoutInline {A} at (0,0) size 123x18 [color=#0000EE]
              LayoutText {#text} at (11,2) size 123x18
                text run at (11,2) width 123: "Corporate Services"
            LayoutText {#text} at (133,2) size 21x18
              text run at (133,2) width 21: "     "
          LayoutText {#text} at (0,0) size 0x0
          LayoutInline {NOBR} at (0,0) size 178x18
            LayoutText {#text} at (2,20) size 10x18
              text run at (2,20) width 10: "\x{2022} "
            LayoutInline {A} at (0,0) size 149x18 [color=#0000EE]
              LayoutText {#text} at (11,20) size 134x18
                text run at (11,20) width 134: "1-800-las-flores.com"
              LayoutInline {SUB} at (0,0) size 16x15
                LayoutText {#text} at (144,26) size 16x15
                  text run at (144,26) width 16: "sm"
            LayoutText {#text} at (160,20) size 20x18
              text run at (160,20) width 20: "     "
          LayoutText {#text} at (0,0) size 0x0
      LayoutBlockFlow (anonymous) at (0,43) size 784x0
        LayoutInline {FONT} at (0,0) size 0x0 [color=#996699]
          LayoutText {#text} at (0,0) size 0x0
