layer at (0,0) size 800x600 clip at (0,0) size 785x600 scrollHeight 1187
  LayoutView at (0,0) size 800x600
layer at (0,0) size 785x1187 backgroundClip at (0,0) size 785x600 clip at (0,0) size 785x600
  LayoutBlockFlow {HTML} at (0,0) size 785x1186.69
    LayoutBlockFlow {BODY} at (8,8) size 769x1170.69 [bgcolor=#FFFFFF]
      LayoutBlockFlow {H1} at (0,0) size 769x37
        LayoutText {#text} at (0,0) size 350x37
          text run at (0,0) width 350: "Safari 1.0 PRE width bug"
      LayoutBlockFlow (anonymous) at (0,58.44) size 769x72
        LayoutText {#text} at (0,0) size 103x18
          text run at (0,0) width 103: "As noted in my "
        LayoutInline {A} at (0,0) size 29x18 [color=#0000EE]
          LayoutText {#text} at (102,0) size 29x18
            text run at (102,0) width 29: "blog"
        LayoutText {#text} at (130,0) size 765x72
          text run at (130,0) width 9: ", "
          text run at (138,0) width 442: "in certain cases Safari will miscalculate the width of a PRE element. "
          text run at (579,0) width 186: "I think I've found the trigger."
          text run at (0,18) width 286: "If a nested container element is preceded by "
          text run at (285,18) width 449: "uncontained text and a blank line, and there are \"too many\" characters"
          text run at (0,36) width 419: "contained in the nested element, the PRE width will be too wide. "
          text run at (418,36) width 341: "In the examples below, the nested element is a SPAN"
          text run at (0,54) width 96: "whose content "
          text run at (95,54) width 233: "is the days-of-week line, as follows:"
      LayoutBlockFlow {PRE} at (0,143.44) size 769x15
        LayoutText {#text} at (0,0) size 367x15
          text run at (0,0) width 367: "    <SPAN CLASS=dow> D  M  T  W  J  F  S</SPAN>"
          text run at (366,0) width 1: " "
      LayoutBlockFlow {H2} at (0,178.34) size 769x28
        LayoutText {#text} at (0,0) size 109x28
          text run at (0,0) width 109: "Example 1"
      LayoutTable {TABLE} at (0,226.25) size 769x171
        LayoutTableSection {TBODY} at (0,0) size 769x171
          LayoutTableRow {TR} at (0,2) size 769x167
            LayoutTableCell {TD} at (2,2) size 174x167 [r=0 c=0 rs=1 cs=1]
              LayoutBlockFlow {PRE} at (1,1) size 172x165 [bgcolor=#CCCC99] [border: (1px solid #000000)]
                LayoutText {#text} at (7,8) size 95x30
                  text run at (7,8) width 95: "        2003"
                  text run at (101,8) width 1: " "
                  text run at (7,23) width 1: " "
                LayoutInline {SPAN} at (0,0) size 157x19 [border: (1px solid #000000) none (2px solid #000000) none]
                  LayoutText {#text} at (7,37) size 157x16
                    text run at (7,37) width 157: " D  M  T  W  J  F  S"
                LayoutText {#text} at (163,37) size 157x121
                  text run at (163,37) width 1: " "
                  text run at (7,53) width 1: " "
                  text run at (7,68) width 118: "      September"
                  text run at (124,68) width 1: " "
                  text run at (7,83) width 157: "    1  2  3  4  5  6"
                  text run at (163,83) width 1: " "
                  text run at (7,98) width 157: " 7  8  9 10 11 12 13"
                  text run at (163,98) width 1: " "
                  text run at (7,113) width 157: "14 15 16 17 18 19 20"
                  text run at (163,113) width 1: " "
                  text run at (7,128) width 157: "21 22 23 24 25 26 27"
                  text run at (163,128) width 1: " "
                  text run at (7,143) width 63: "28 29 30"
            LayoutTableCell {TD} at (178,2) size 589x20 [r=0 c=1 rs=1 cs=1]
              LayoutText {#text} at (1,1) size 491x18
                text run at (1,1) width 346: "The blank line between '2003' and the nested element "
                text run at (346,1) width 146: "triggers the width bug."
      LayoutBlockFlow (anonymous) at (0,397.25) size 769x18
        LayoutBR {BR} at (0,0) size 0x18
      LayoutBlockFlow {H2} at (0,435.16) size 769x28
        LayoutText {#text} at (0,0) size 109x28
          text run at (0,0) width 109: "Example 2"
      LayoutTable {TABLE} at (0,483.06) size 769x171
        LayoutTableSection {TBODY} at (0,0) size 769x171
          LayoutTableRow {TR} at (0,2) size 769x167
            LayoutTableCell {TD} at (2,2) size 174x167 [r=0 c=0 rs=1 cs=1]
              LayoutBlockFlow {PRE} at (1,1) size 172x165 [bgcolor=#CCCC99] [border: (1px solid #000000)]
                LayoutText {#text} at (7,8) size 95x30
                  text run at (7,8) width 95: "        2003"
                  text run at (101,8) width 1: " "
                  text run at (7,23) width 1: " "
                LayoutInline {SPAN} at (0,0) size 95x19 [border: (1px solid #000000) none (2px solid #000000) none]
                  LayoutText {#text} at (7,37) size 95x16
                    text run at (7,37) width 95: " D  M  TWJFS"
                LayoutText {#text} at (101,37) size 157x121
                  text run at (101,37) width 1: " "
                  text run at (7,53) width 1: " "
                  text run at (7,68) width 118: "      September"
                  text run at (124,68) width 1: " "
                  text run at (7,83) width 157: "    1  2  3  4  5  6"
                  text run at (163,83) width 1: " "
                  text run at (7,98) width 157: " 7  8  9 10 11 12 13"
                  text run at (163,98) width 1: " "
                  text run at (7,113) width 157: "14 15 16 17 18 19 20"
                  text run at (163,113) width 1: " "
                  text run at (7,128) width 157: "21 22 23 24 25 26 27"
                  text run at (163,128) width 1: " "
                  text run at (7,143) width 63: "28 29 30"
            LayoutTableCell {TD} at (178,2) size 589x72 [r=0 c=1 rs=1 cs=1]
              LayoutBlockFlow (anonymous) at (1,1) size 587x18
                LayoutText {#text} at (0,0) size 491x18
                  text run at (0,0) width 346: "The blank line between '2003' and the nested element "
                  text run at (345,0) width 146: "triggers the width bug."
              LayoutBlockFlow {P} at (1,35) size 587x36
                LayoutText {#text} at (0,0) size 578x36
                  text run at (0,0) width 357: "Here, the excess whitespace is reduced by reducing the "
                  text run at (356,0) width 222: "number of characters contained by"
                  text run at (0,18) width 124: "the nested element."
      LayoutBlockFlow (anonymous) at (0,654.06) size 769x18
        LayoutBR {BR} at (0,0) size 0x18
      LayoutBlockFlow {H2} at (0,691.97) size 769x28
        LayoutText {#text} at (0,0) size 109x28
          text run at (0,0) width 109: "Example 3"
      LayoutTable {TABLE} at (0,739.88) size 769x156
        LayoutTableSection {TBODY} at (0,0) size 769x156
          LayoutTableRow {TR} at (0,2) size 769x152
            LayoutTableCell {TD} at (2,2) size 174x152 [r=0 c=0 rs=1 cs=1]
              LayoutBlockFlow {PRE} at (1,1) size 172x150 [bgcolor=#CCCC99] [border: (1px solid #000000)]
                LayoutText {#text} at (7,8) size 95x15
                  text run at (7,8) width 95: "        2003"
                  text run at (101,8) width 1: " "
                LayoutInline {SPAN} at (0,0) size 157x19 [border: (1px solid #000000) none (2px solid #000000) none]
                  LayoutText {#text} at (7,22) size 157x16
                    text run at (7,22) width 157: " D  M  T  W  J  F  S"
                LayoutText {#text} at (163,22) size 157x121
                  text run at (163,22) width 1: " "
                  text run at (7,38) width 1: " "
                  text run at (7,53) width 118: "      September"
                  text run at (124,53) width 1: " "
                  text run at (7,68) width 157: "    1  2  3  4  5  6"
                  text run at (163,68) width 1: " "
                  text run at (7,83) width 157: " 7  8  9 10 11 12 13"
                  text run at (163,83) width 1: " "
                  text run at (7,98) width 157: "14 15 16 17 18 19 20"
                  text run at (163,98) width 1: " "
                  text run at (7,113) width 157: "21 22 23 24 25 26 27"
                  text run at (163,113) width 1: " "
                  text run at (7,128) width 63: "28 29 30"
            LayoutTableCell {TD} at (178,2) size 589x38 [r=0 c=1 rs=1 cs=1]
              LayoutText {#text} at (1,1) size 575x36
                text run at (1,1) width 346: "The blank line between '2003' and the nested element "
                text run at (346,1) width 230: "has been removed, so the bug is not"
                text run at (1,19) width 62: "triggered."
      LayoutBlockFlow (anonymous) at (0,895.88) size 769x18
        LayoutBR {BR} at (0,0) size 0x18
      LayoutBlockFlow {H2} at (0,933.78) size 769x28
        LayoutText {#text} at (0,0) size 109x28
          text run at (0,0) width 109: "Example 4"
      LayoutTable {TABLE} at (0,981.69) size 769x171
        LayoutTableSection {TBODY} at (0,0) size 769x171
          LayoutTableRow {TR} at (0,2) size 769x167
            LayoutTableCell {TD} at (2,2) size 174x167 [r=0 c=0 rs=1 cs=1]
              LayoutBlockFlow {PRE} at (1,1) size 172x165 [bgcolor=#CCCC99] [border: (1px solid #000000)]
                LayoutInline {SPAN} at (0,0) size 95x15
                  LayoutText {#text} at (7,8) size 95x15
                    text run at (7,8) width 95: "        2003"
                LayoutText {#text} at (101,8) size 95x30
                  text run at (101,8) width 1: " "
                  text run at (7,23) width 1: " "
                LayoutInline {SPAN} at (0,0) size 157x19 [border: (1px solid #000000) none (2px solid #000000) none]
                  LayoutText {#text} at (7,37) size 157x16
                    text run at (7,37) width 157: " D  M  T  W  J  F  S"
                LayoutText {#text} at (163,37) size 157x121
                  text run at (163,37) width 1: " "
                  text run at (7,53) width 1: " "
                  text run at (7,68) width 118: "      September"
                  text run at (124,68) width 1: " "
                  text run at (7,83) width 157: "    1  2  3  4  5  6"
                  text run at (163,83) width 1: " "
                  text run at (7,98) width 157: " 7  8  9 10 11 12 13"
                  text run at (163,98) width 1: " "
                  text run at (7,113) width 157: "14 15 16 17 18 19 20"
                  text run at (163,113) width 1: " "
                  text run at (7,128) width 157: "21 22 23 24 25 26 27"
                  text run at (163,128) width 1: " "
                  text run at (7,143) width 63: "28 29 30"
            LayoutTableCell {TD} at (178,2) size 589x38 [r=0 c=1 rs=1 cs=1]
              LayoutText {#text} at (1,1) size 585x36
                text run at (1,1) width 346: "The blank line between '2003' and the nested element "
                text run at (346,1) width 211: "no longer triggers the width bug,"
                text run at (1,19) width 289: "because now the '2003' is itself contained by "
                text run at (289,19) width 297: "a nested element (in this case, another SPAN)."
      LayoutBlockFlow (anonymous) at (0,1152.69) size 769x18
        LayoutBR {BR} at (0,0) size 0x18
