layer at (0,0) size 800x600
  LayoutView at (0,0) size 800x600
layer at (0,0) size 800x600
  LayoutBlockFlow {HTML} at (0,0) size 800x600
    LayoutBlockFlow {BODY} at (8,8) size 784x584
      LayoutTable {TABLE} at (0,0) size 314x32
        LayoutTableSection {TBODY} at (0,0) size 314x32
          LayoutTableRow {TR} at (0,2) size 314x28
            LayoutTableCell {TD} at (2,2) size 310x28 [border: (2px solid #0000FF)] [r=0 c=0 rs=1 cs=1]
              LayoutBlockFlow {DIV} at (3,3) size 304x22 [border: (2px solid #008000)]
                LayoutInline {NOBR} at (0,0) size 649x18
                  LayoutText {#text} at (2,2) size 649x18
                    text run at (2,2) width 226: "This text should be all on one line. "
                    text run at (227,2) width 297: "It should spill out of the 300 pixel wide green "
                    text run at (523,2) width 128: "and blue rectangles."
                LayoutText {#text} at (0,0) size 0x0
