layer at (0,0) size 800x600
  LayoutView at (0,0) size 800x600
layer at (0,0) size 800x600
  LayoutBlockFlow {HTML} at (0,0) size 800x600
    LayoutBlockFlow {BODY} at (8,8) size 784x584
      LayoutText {#text} at (0,0) size 16x18
        text run at (0,0) width 16: "A "
      LayoutText {#text} at (15,0) size 12x18
        text run at (15,0) width 12: "C"
hidden layer at (24,8) size 10x18
  LayoutBlockFlow (positioned) {SPAN} at (23.55,8) size 10.67x18
    LayoutText {#text} at (0,0) size 11x18
      text run at (0,0) width 11: "B"
