layer at (0,0) size 800x600 scrollWidth 1983
  LayoutView at (0,0) size 800x600
layer at (0,0) size 800x600
  LayoutBlockFlow {HTML} at (0,0) size 800x600
    LayoutBlockFlow {BODY} at (8,8) size 784x584
layer at (100,8) size 1883x84 backgroundClip at (0,0) size 800x600 clip at (0,0) size 800x600
  LayoutBlockFlow (positioned) {DIV} at (100,8) size 1883.08x84 [border: (2px solid #FF0000)]
    LayoutText {#text} at (14,14) size 1856x56
      text run at (14,14) width 1833: "This div is absolutely positioned to the left. All the spaces in this div are replaced with non-breaking spaces, and the nbsp-mode for this div is 'space', so when calculating line breaks, the non-"
      text run at (14,42) width 1856: "breaking spaces should be treated as normal spaces. If this isn't the case, then all the text for this paragraph will be rendered in two lines, and a horizontal scroll bar will appear along the bottom."
