layer at (0,0) size 800x600
  LayoutView at (0,0) size 800x600
layer at (0,0) size 800x600
  LayoutBlockFlow {HTML} at (0,0) size 800x600
    LayoutBlockFlow {BODY} at (8,8) size 784x584
      LayoutTable {TABLE} at (0,0) size 784x60
        LayoutTableSection {TBODY} at (0,0) size 784x60
          LayoutTableRow {TR} at (0,2) size 784x56
            LayoutTableCell {TD} at (2,2) size 780x56 [r=0 c=0 rs=1 cs=1]
              LayoutBlockFlow {DIV} at (1,1) size 778x54
                LayoutText {#text} at (0,0) size 778x54
                  text run at (0,0) width 753: "Three cheers    for OldVet and the letter he wrote to Senator Dodd (see above Comment).  We all need to be proactive"
                  text run at (752,0) width 5: " "
                  text run at (0,18) width 775: "and contact our senators and representatives to let them know our strong feelings on this subject.  I would lose what little"
                  text run at (774,18) width 4: " "
                  text run at (0,36) width 471: "faith I have left in our government if they engineered a tax payer bailout. "
                  text run at (470,36) width 1: " "
