layer at (0,0) size 800x600
  LayoutView at (0,0) size 800x600
layer at (0,0) size 800x600
  LayoutBlockFlow {HTML} at (0,0) size 800x600
    LayoutBlockFlow {BODY} at (8,8) size 784x579
      LayoutBlockFlow {PRE} at (0,0) size 784x166
        LayoutText {#text} at (0,53) size 24x15
          text run at (0,53) width 24: "One"
        LayoutInline {SPAN} at (0,0) size 130x166
          LayoutText {#text} at (23,0) size 130x166
            text run at (23,0) width 1: " "
            text run at (0,83) width 130: "Two"
