layer at (0,0) size 800x600
  LayoutView at (0,0) size 800x600
layer at (0,0) size 800x52
  LayoutBlockFlow {HTML} at (0,0) size 800x52
    LayoutBlockFlow {BODY} at (8,8) size 784x36
      LayoutBlockFlow {DIV} at (0,0) size 200x36 [bgcolor=#FFFF00]
        LayoutText {#text} at (0,0) size 152x18
          text run at (0,0) width 152: "Overflow should "
        LayoutInline {SPAN} at (0,0) size 21x18
          LayoutText {#text} at (151,0) size 21x18
            text run at (151,0) width 21: "not"
        LayoutText {#text} at (0,18) size 154x18
          text run at (0,18) width 154: "even be tolerated."
