layer at (0,0) size 800x600
  LayoutView at (0,0) size 800x600
layer at (0,0) size 800x481
  LayoutBlockFlow {HTML} at (0,0) size 800x481
    LayoutBlockFlow {BODY} at (8,8) size 646x465 [border: (3px solid #FF0000)]
      LayoutBlockFlow {P} at (3,19) size 640x21 [color=#0000FF]
        LayoutText {#text} at (0,0) size 509x20
          text run at (0,0) width 509: "-- Following text and list are whitespace:NORMAL only"
      LayoutBlockFlow {P} at (3,56) size 640x42
        LayoutText {#text} at (0,0) size 298x20
          text run at (0,0) width 298: "0123456789012345678901234567890"
        LayoutBR {BR} at (297,0) size 1x20
        LayoutText {#text} at (0,21) size 77x20
          text run at (0,21) width 77: "X\x{9}XX\x{9}XXX"
      LayoutBlockFlow {OL} at (3,114) size 640x63
        LayoutListItem {LI} at (40,0) size 600x21
          LayoutListMarker (anonymous) at (-28.80,0) size 28.80x20: "1"
          LayoutText {#text} at (0,0) size 29x20
            text run at (0,0) width 29: "a\x{9}X"
        LayoutListItem {LI} at (40,21) size 600x21
          LayoutListMarker (anonymous) at (-28.80,0) size 28.80x20: "2"
          LayoutText {#text} at (0,0) size 39x20
            text run at (0,0) width 39: "bb\x{9}X"
        LayoutListItem {LI} at (40,42) size 600x21
          LayoutListMarker (anonymous) at (-28.80,0) size 28.80x20: "3"
          LayoutText {#text} at (0,0) size 48x20
            text run at (0,0) width 48: "ccc\x{9}X"
      LayoutBlockFlow {P} at (3,193) size 640x21 [color=#0000FF]
        LayoutText {#text} at (0,0) size 481x20
          text run at (0,0) width 481: "-- Following text and list are whitespace:PRE only"
      LayoutBlockFlow {OL} at (3,230) size 640x63
        LayoutListItem {LI} at (40,0) size 600x21
          LayoutListMarker (anonymous) at (-28.80,0) size 28.80x20: "1"
          LayoutText {#text} at (0,0) size 164x20
            text run at (0,0) width 164: "a\x{9}\x{9}X"
        LayoutListItem {LI} at (40,21) size 600x21
          LayoutListMarker (anonymous) at (-28.80,0) size 28.80x20: "2"
          LayoutText {#text} at (0,0) size 87x20
            text run at (0,0) width 87: "bb\x{9}X"
        LayoutListItem {LI} at (40,42) size 600x21
          LayoutListMarker (anonymous) at (-28.80,0) size 28.80x20: "3"
          LayoutText {#text} at (0,0) size 87x20
            text run at (0,0) width 87: "ccc\x{9}X"
      LayoutBlockFlow {P} at (3,309) size 640x42
        LayoutText {#text} at (0,0) size 490x20
          text run at (0,0) width 490: "012345678901234567890123456789012345678901234567890"
        LayoutBR {BR} at (489,0) size 1x20
        LayoutText {#text} at (0,21) size 663x20
          text run at (0,21) width 663: "X\x{9}\x{9}XX\x{9}\x{9}XXX\x{9}\x{9}XXXX\x{9}\x{9}XXXXX"
      LayoutBlockFlow {P} at (3,367) size 640x21 [color=#0000FF]
        LayoutText {#text} at (0,0) size 577x20
          text run at (0,0) width 577: "-- Following text mixes whitespace:NORMAL and whitespace:PRE"
      LayoutBlockFlow {P} at (3,404) size 640x42
        LayoutText {#text} at (0,0) size 471x20
          text run at (0,0) width 471: "AAAA BBBB CCCC DDDD EEEE FFFF GGGG HHHH IIII JJJJ"
        LayoutInline {SPAN} at (0,0) size 308x20
          LayoutText {#text} at (0,21) size 308x20
            text run at (0,21) width 308: "\x{9}\x{9}\x{9}\x{9}"
        LayoutText {#text} at (307,21) size 39x20
          text run at (307,21) width 39: "KKKK"
