layer at (0,0) size 800x600
  LayoutView at (0,0) size 800x600
layer at (0,0) size 800x84
  LayoutBlockFlow {HTML} at (0,0) size 800x84
    LayoutBlockFlow {BODY} at (8,8) size 784x68
layer at (8,8) size 784x68
  LayoutBlockFlow {DIV} at (0,0) size 784x68
    LayoutMultiColumnSet (anonymous) at (0,0) size 784x68
layer at (8,8) size 384x136 backgroundClip at (0,0) size 400x76 clip at (0,0) size 400x76
  LayoutMultiColumnFlowThread (anonymous) at (0,0) size 384x136
    LayoutBlockFlow {DIV} at (0,0) size 384x100
layer at (408,40) size 384x36 scrollHeight 37
  LayoutBlockFlow {DIV} at (0,100) size 384x36
    LayoutBlockFlow (anonymous) at (0,0) size 384x18
      LayoutText {#text} at (0,0) size 318x18
        text run at (0,0) width 318: "There should be a black rectangle below this text."
layer at (408,58) size 384x18
  LayoutBlockFlow {DIV} at (0,18) size 384x18
    LayoutInline {<pseudo:before>} at (0,0) size 12x18
      LayoutTextFragment (anonymous) at (0,0) size 12x18
        text run at (0,0) width 12: "\x{E8A7}"
    LayoutText {#text} at (0,0) size 0x0
