layer at (0,0) size 800x600
  LayoutView at (0,0) size 800x600
layer at (0,0) size 800x444
  LayoutBlockFlow {HTML} at (0,0) size 800x444
    LayoutBlockFlow {BODY} at (8,8) size 784x428
      LayoutBlockFlow {DIV} at (0,0) size 784x60
        LayoutText {#text} at (0,0) size 324x19
          text run at (0,0) width 324: "Test all of the values of text-justify for 8bits characters"
        LayoutBR {BR} at (323,0) size 1x19
        LayoutText {#text} at (0,20) size 583x19
          text run at (0,20) width 583: "This test checks that all of the values for text-justify property works properly for 8bits characters."
        LayoutBR {BR} at (583,20) size 0x19
        LayoutText {#text} at (0,40) size 429x19
          text run at (0,40) width 429: "Every block has been set as 'text-align: justify' and 'text-align-last: start'."
      LayoutBlockFlow (anonymous) at (0,60) size 784x40
        LayoutBR {BR} at (0,0) size 0x19
        LayoutInline {B} at (0,0) size 110x19
          LayoutText {#text} at (0,20) size 110x19
            text run at (0,20) width 110: "text-justify: auto"
        LayoutBR {BR} at (110,20) size 0x19
      LayoutBlockFlow {DIV} at (0,100) size 302x47 [border: (1px solid #000000)]
        LayoutText {#text} at (1,1) size 300x45
          text run at (1,1) width 300: "Lorem ipsum dolor sit amet, consectetuer"
          text run at (1,16) width 300: "adipiscing elit. Aenean commodo ligula"
          text run at (1,31) width 77: "eget dolor."
      LayoutBlockFlow (anonymous) at (0,147) size 784x40
        LayoutBR {BR} at (0,0) size 0x19
        LayoutInline {B} at (0,0) size 113x19
          LayoutText {#text} at (0,20) size 113x19
            text run at (0,20) width 113: "text-justify: none"
        LayoutBR {BR} at (113,20) size 0x19
      LayoutBlockFlow {DIV} at (0,187) size 302x47 [border: (1px solid #000000)]
        LayoutText {#text} at (1,1) size 280x45
          text run at (1,1) width 280: "Lorem ipsum dolor sit amet, consectetuer"
          text run at (1,16) width 266: "adipiscing elit. Aenean commodo ligula"
          text run at (1,31) width 77: "eget dolor."
      LayoutBlockFlow (anonymous) at (0,234) size 784x40
        LayoutBR {BR} at (0,0) size 0x19
        LayoutInline {B} at (0,0) size 149x19
          LayoutText {#text} at (0,20) size 149x19
            text run at (0,20) width 149: "text-justify: inter-word"
        LayoutBR {BR} at (148,20) size 1x19
      LayoutBlockFlow {DIV} at (0,274) size 302x47 [border: (1px solid #000000)]
        LayoutText {#text} at (1,1) size 300x45
          text run at (1,1) width 300: "Lorem ipsum dolor sit amet, consectetuer"
          text run at (1,16) width 300: "adipiscing elit. Aenean commodo ligula"
          text run at (1,31) width 77: "eget dolor."
      LayoutBlockFlow (anonymous) at (0,321) size 784x40
        LayoutBR {BR} at (0,0) size 0x19
        LayoutInline {B} at (0,0) size 144x19
          LayoutText {#text} at (0,20) size 144x19
            text run at (0,20) width 144: "text-justify: distribute"
        LayoutBR {BR} at (144,20) size 0x19
      LayoutBlockFlow {DIV} at (0,361) size 302x47 [border: (1px solid #000000)]
        LayoutText {#text} at (1,1) size 300x45
          text run at (1,1) width 300: "Lorem ipsum dolor sit amet, consectetuer"
          text run at (1,16) width 300: "adipiscing elit. Aenean commodo ligula"
          text run at (1,31) width 77: "eget dolor."
      LayoutBlockFlow (anonymous) at (0,408) size 784x20
        LayoutBR {BR} at (0,0) size 0x19
