layer at (0,0) size 800x600
  LayoutView at (0,0) size 800x600
layer at (0,0) size 800x238
  LayoutBlockFlow {HTML} at (0,0) size 800x238
    LayoutBlockFlow {BODY} at (8,16) size 784x206
      LayoutBlockFlow {P} at (0,0) size 784x18
        LayoutText {#text} at (0,0) size 465x18
          text run at (0,0) width 465: "Each link below should display the text \"n(href=n)\" where n is a number"
      LayoutBlockFlow {P} at (0,34) size 784x18
        LayoutText {#text} at (0,0) size 330x18
          text run at (0,0) width 330: "The href attribute of the last one is changed onload."
      LayoutBlockFlow {P} at (0,86) size 784x18
        LayoutInline {A} at (0,0) size 62x18 [color=#0000EE]
          LayoutText {#text} at (0,0) size 8x18
            text run at (0,0) width 8: "1"
          LayoutInline {<pseudo:after>} at (0,0) size 54x18
            LayoutTextFragment (anonymous) at (8,0) size 54x18
              text run at (8,0) width 54: "(href=1)"
      LayoutBlockFlow {P} at (0,120) size 784x18
        LayoutInline {A} at (0,0) size 62x18 [color=#0000EE]
          LayoutText {#text} at (0,0) size 8x18
            text run at (0,0) width 8: "2"
          LayoutInline {<pseudo:after>} at (0,0) size 54x18
            LayoutTextFragment (anonymous) at (8,0) size 54x18
              text run at (8,0) width 54: "(href=2)"
      LayoutBlockFlow {P} at (0,154) size 784x18
        LayoutInline {A} at (0,0) size 62x18 [color=#0000EE]
          LayoutText {#text} at (0,0) size 8x18
            text run at (0,0) width 8: "3"
          LayoutInline {<pseudo:after>} at (0,0) size 54x18
            LayoutTextFragment (anonymous) at (8,0) size 54x18
              text run at (8,0) width 54: "(href=3)"
      LayoutBlockFlow {P} at (0,188) size 784x18
        LayoutInline {A} at (0,0) size 62x18 [color=#0000EE]
          LayoutText {#text} at (0,0) size 8x18
            text run at (0,0) width 8: "4"
          LayoutInline {<pseudo:after>} at (0,0) size 54x18
            LayoutTextFragment (anonymous) at (8,0) size 54x18
              text run at (8,0) width 54: "(href=4)"
layer at (8,84) size 784x2 clip at (0,0) size 0x0
  LayoutBlockFlow {HR} at (0,68) size 784x2 [border: (1px inset #EEEEEE)]
