layer at (0,0) size 800x600
  LayoutView at (0,0) size 800x600
layer at (0,0) size 800x600
  LayoutBlockFlow {HTML} at (0,0) size 800x600
    LayoutBlockFlow {BODY} at (8,8) size 784x572
      LayoutBlockFlow {P} at (0,0) size 784x40
        LayoutText {#text} at (0,0) size 752x39
          text run at (0,0) width 752: "Test that opacity doesn't cause clipping of transformed, reflected content. You should see a rotated green box and its full"
          text run at (0,20) width 63: "reflection."
layer at (108,68) size 102x102 transparent
  LayoutBlockFlow {DIV} at (100,60) size 102x102 [border: (1px solid #000000)]
layer at (109,69) size 200x100
  LayoutBlockFlow {DIV} at (1,1) size 200x100 [bgcolor=#008000]
