layer at (0,0) size 800x600
  LayoutView at (0,0) size 800x600
layer at (0,0) size 800x32
  LayoutBlockFlow {HTML} at (0,0) size 800x32
    LayoutBlockFlow {BODY} at (8,8) size 784x16
      LayoutRuby (inline) {RUBY} at (0,0) size 64x16
        LayoutRubyRun (anonymous) at (0,0) size 64x16
          LayoutRubyBase (anonymous) at (0,0) size 64x16
            LayoutText {#text} at (0,0) size 64x16
              text run at (0,0) width 64: "PASS"
            LayoutInline {I} at (0,0) size 0x0
              LayoutText {#text} at (0,0) size 0x0
            LayoutInline {I} at (0,0) size 0x0
              LayoutInline {SPAN} at (0,0) size 0x0
                LayoutInline {SPAN} at (0,0) size 0x0
                  LayoutText {#text} at (0,0) size 0x0
            LayoutInline {I} at (0,0) size 0x0
