layer at (0,0) size 800x600
  LayoutView at (0,0) size 800x600
layer at (0,0) size 800x208
  LayoutBlockFlow {HTML} at (0,0) size 800x208
layer at (8,8) size 784x192
  LayoutBlockFlow (relative positioned) {BODY} at (8,8) size 784x192
layer at (8,8) size 242x192
  LayoutBlockFlow (relative positioned) {DIV} at (0,0) size 242x192 [border: (1px solid #000000)]
    LayoutBlockFlow (anonymous) at (21,21) size 200x20
      LayoutText {#text} at (0,0) size 164x19
        text run at (0,0) width 164: "This content is in the parent"
layer at (129,49) size 250x100
  LayoutBlockFlow (relative positioned) {DIV} at (21,41) size 250x100 [bgcolor=#008000]
    LayoutText {#text} at (0,0) size 173x19
      text run at (0,0) width 173: "Box should have perspective"
