layer at (0,0) size 800x600
  LayoutView at (0,0) size 800x600
layer at (0,0) size 800x544
  LayoutBlockFlow {HTML} at (0,0) size 800x544
    LayoutBlockFlow {BODY} at (8,8) size 784x528
      LayoutBlockFlow {DIV} at (10,10) size 202x152 [border: (1px solid #008000)]
      LayoutText {#text} at (222,158) size 4x18
        text run at (222,158) width 4: " "
      LayoutBlockFlow {DIV} at (236,10) size 202x152 [border: (1px solid #008000)]
      LayoutText {#text} at (448,158) size 4x18
        text run at (448,158) width 4: " "
      LayoutBlockFlow {DIV} at (462,10) size 202x152 [border: (1px solid #008000)]
      LayoutText {#text} at (674,158) size 4x18
        text run at (674,158) width 4: " "
      LayoutBR {BR} at (0,0) size 0x0
      LayoutBlockFlow {DIV} at (10,186) size 202x152 [border: (1px solid #008000)]
      LayoutText {#text} at (222,334) size 4x18
        text run at (222,334) width 4: " "
      LayoutBlockFlow {DIV} at (236,186) size 202x152 [border: (1px solid #008000)]
      LayoutText {#text} at (448,334) size 4x18
        text run at (448,334) width 4: " "
      LayoutBlockFlow {DIV} at (462,186) size 202x152 [border: (1px solid #008000)]
      LayoutText {#text} at (674,334) size 4x18
        text run at (674,334) width 4: " "
      LayoutBR {BR} at (0,0) size 0x0
      LayoutBlockFlow {DIV} at (10,362) size 202x152 [border: (1px solid #008000)]
      LayoutText {#text} at (222,510) size 4x18
        text run at (222,510) width 4: " "
      LayoutBlockFlow {DIV} at (236,362) size 202x152 [border: (1px solid #008000)]
      LayoutText {#text} at (448,510) size 4x18
        text run at (448,510) width 4: " "
      LayoutBlockFlow {DIV} at (462,362) size 202x152 [border: (1px solid #008000)]
      LayoutText {#text} at (674,510) size 4x18
        text run at (674,510) width 4: " "
      LayoutBR {BR} at (0,0) size 0x0
