layer at (0,0) size 800x600
  LayoutView at (0,0) size 800x600
layer at (0,0) size 800x52
  LayoutBlockFlow {HTML} at (0,0) size 800x52
    LayoutBlockFlow {BODY} at (8,16) size 784x20
      LayoutBlockFlow {P} at (0,0) size 784x20
        LayoutText {#text} at (0,0) size 515x19
          text run at (0,0) width 515: "Testing masks on compositing layers. Top and bottom rows should look the same."
layer at (8,52) size 0x0
  LayoutBlockFlow (positioned) {DIV} at (8,52) size 0x0
layer at (8,52) size 208x208 clip at (12,56) size 200x200 scrollWidth 500 scrollHeight 500
  LayoutBlockFlow (positioned) {DIV} at (0,0) size 208x208 [bgcolor=#808080] [border: (4px solid #FF0000)]
layer at (12,56) size 500x500 backgroundClip at (16,56) size 400x200 clip at (16,56) size 400x200
  LayoutBlockFlow (positioned) {DIV} at (4,4) size 500x500 [bgcolor=#000000]
layer at (8,300) size 0x0
  LayoutBlockFlow (positioned) {DIV} at (8,300) size 0x0
layer at (8,300) size 208x208 clip at (12,304) size 200x200 scrollWidth 500 scrollHeight 500
  LayoutBlockFlow (positioned) {DIV} at (0,0) size 208x208 [bgcolor=#808080] [border: (4px solid #FF0000)]
layer at (12,304) size 500x500 backgroundClip at (16,304) size 400x200 clip at (16,304) size 400x200
  LayoutBlockFlow (positioned) {DIV} at (4,4) size 500x500 [bgcolor=#000000]
