layer at (0,0) size 800x600
  LayoutView at (0,0) size 800x600
layer at (0,0) size 800x58
  LayoutBlockFlow {HTML} at (0,0) size 800x58
    LayoutBlockFlow {BODY} at (8,8) size 784x42
      LayoutBlockFlow (anonymous) at (0,0) size 784x20
        LayoutText {#text} at (0,0) size 423x19
          text run at (0,0) width 423: "Passes if top of all text in second row is visible when fully selected."
      LayoutBlockFlow {DIV} at (0,20) size 784x22
        LayoutText {#text} at (0,-4) size 12x19
          text run at (0,-4) width 12: "X"
        LayoutBR {BR} at (12,-4) size 0x19
        LayoutText {#text} at (0,7) size 48x19
          text run at (0,7) width 48: "YYYY"
selection start: position 0 of child 0 {#text} of body
selection end:   position 4 of child 2 {#text} of child 1 {DIV} of body
