layer at (0,0) size 800x600
  LayoutView at (0,0) size 800x600
layer at (0,0) size 800x600
  LayoutBlockFlow {HTML} at (0,0) size 800x600
    LayoutBlockFlow {BODY} at (8,8) size 784x579
      LayoutBlockFlow {PRE} at (0,0) size 784x16
        LayoutText {#text} at (0,0) size 104x16
          text run at (0,0) width 104: "Some pre text"
