layer at (0,0) size 800x600
  LayoutView at (0,0) size 800x600
layer at (0,0) size 800x600
  LayoutBlockFlow {HTML} at (0,0) size 800x600
    LayoutBlockFlow {BODY} at (8,8) size 784x584
      LayoutTable {TABLE} at (0,0) size 450x66
        LayoutTableSection {TBODY} at (0,0) size 450x66
          LayoutTableRow {TR} at (0,2) size 450x62
            LayoutTableCell {TD} at (2,2) size 446x62 [bgcolor=#CCCC44] [r=0 c=0 rs=1 cs=1]
              LayoutText {#text} at (1,1) size 418x39
                text run at (1,1) width 418: "This stuff should all be within the table boundaries, and not off the"
                text run at (1,21) width 38: "edge. "
                text run at (39,21) width 324: "No way should it be off the edge of the damn table."
              LayoutInline {SPAN} at (0,0) size 202x19
                LayoutImage {IMG} at (1,56) size 50x0
                LayoutText {#text} at (51,41) size 152x19
                  text run at (51,41) width 152: "oh, no I fell off the edge"
              LayoutText {#text} at (0,0) size 0x0
