layer at (0,0) size 800x600
  LayoutView at (0,0) size 800x600
layer at (0,0) size 800x600
  LayoutBlockFlow {HTML} at (0,0) size 800x600
    LayoutBlockFlow {BODY} at (8,8) size 784x584
      LayoutTable {TABLE} at (0,0) size 784x20
        LayoutTableSection {TBODY} at (0,0) size 784x20
          LayoutTableRow {TR} at (0,0) size 784x20
            LayoutTableCell {TD} at (0,0) size 4x20 [r=0 c=0 rs=1 cs=1]
              LayoutInline {B} at (0,0) size 4x19
                LayoutText {#text} at (0,0) size 4x19
                  text run at (0,0) width 4: "\x{B7}"
            LayoutTableCell {TD} at (4,0) size 780x20 [r=0 c=1 rs=1 cs=1]
              LayoutText {#text} at (0,0) size 388x19
                text run at (0,0) width 388: "There should be space between the bullet and this line of text."
