layer at (0,0) size 800x600
  LayoutView at (0,0) size 800x600
layer at (0,0) size 800x600
  LayoutBlockFlow {HTML} at (0,0) size 800x600
    LayoutBlockFlow {BODY} at (8,8) size 784x584
      LayoutText {#text} at (0,0) size 16x19
        text run at (0,0) width 16: "A "
      LayoutText {#text} at (16,0) size 11x19
        text run at (16,0) width 11: "C"
hidden layer at (24,8) size 11x20
  LayoutBlockFlow (positioned) {SPAN} at (24,8) size 11x20
    LayoutText {#text} at (0,0) size 11x19
      text run at (0,0) width 11: "B"
