layer at (0,0) size 800x600
  LayoutView at (0,0) size 800x600
layer at (0,0) size 800x600
  LayoutBlockFlow {HTML} at (0,0) size 800x600
    LayoutBlockFlow {BODY} at (8,8) size 784x584
      LayoutFieldset {FIELDSET} at (2,0) size 780x370.59 [border: (2px groove #C0C0C0)]
        LayoutBlockFlow {DIV} at (14,7.59) size 752x351
          LayoutInline {DIV} at (0,0) size 123x19
            LayoutInline {DIV} at (0,0) size 123x19
              LayoutText {#text} at (0,0) size 0x0
              LayoutInline {A} at (0,0) size 50x19 [color=#0000EE]
                LayoutBlockFlow {IMG} at (0,0) size 50x34
              LayoutText {#text} at (50,19) size 4x19
                text run at (50,19) width 4: " "
              LayoutBlockFlow {INPUT} at (58,21) size 13x13
              LayoutInline {LABEL} at (0,0) size 45x19
                LayoutText {#text} at (74,19) size 45x19
                  text run at (74,19) width 45: "Classic"
              LayoutText {#text} at (119,19) size 4x19
                text run at (119,19) width 4: " "
          LayoutText {#text} at (0,0) size 0x0
          LayoutInline {DIV} at (0,0) size 118x19
            LayoutInline {DIV} at (0,0) size 118x19
              LayoutText {#text} at (0,0) size 0x0
              LayoutInline {A} at (0,0) size 50x19 [color=#0000EE]
                LayoutBlockFlow {IMG} at (123,0) size 50x34
              LayoutText {#text} at (173,19) size 4x19
                text run at (173,19) width 4: " "
              LayoutBlockFlow {INPUT} at (181,21) size 13x13
              LayoutInline {LABEL} at (0,0) size 40x19
                LayoutText {#text} at (197,19) size 40x19
                  text run at (197,19) width 40: "Africa"
              LayoutText {#text} at (237,19) size 4x19
                text run at (237,19) width 4: " "
          LayoutText {#text} at (0,0) size 0x0
          LayoutInline {DIV} at (0,0) size 203x19
            LayoutInline {DIV} at (0,0) size 203x19
              LayoutText {#text} at (0,0) size 0x0
              LayoutInline {A} at (0,0) size 50x19 [color=#0000EE]
                LayoutBlockFlow {IMG} at (241,0) size 50x34
              LayoutText {#text} at (291,19) size 4x19
                text run at (291,19) width 4: " "
              LayoutBlockFlow {INPUT} at (299,21) size 13x13
              LayoutInline {LABEL} at (0,0) size 125x19
                LayoutText {#text} at (315,19) size 125x19
                  text run at (315,19) width 125: "Alexander's Empire"
              LayoutText {#text} at (440,19) size 4x19
                text run at (440,19) width 4: " "
          LayoutText {#text} at (0,0) size 0x0
          LayoutInline {DIV} at (0,0) size 177x19
            LayoutInline {DIV} at (0,0) size 177x19
              LayoutText {#text} at (0,0) size 0x0
              LayoutInline {A} at (0,0) size 50x19 [color=#0000EE]
                LayoutBlockFlow {IMG} at (444,0) size 50x34
              LayoutText {#text} at (494,19) size 4x19
                text run at (494,19) width 4: " "
              LayoutBlockFlow {INPUT} at (502,21) size 13x13
              LayoutInline {LABEL} at (0,0) size 99x19
                LayoutText {#text} at (518,19) size 99x19
                  text run at (518,19) width 99: "Ancient Greece"
              LayoutText {#text} at (617,19) size 4x19
                text run at (617,19) width 4: " "
          LayoutText {#text} at (0,0) size 0x0
          LayoutInline {DIV} at (0,0) size 119x19
            LayoutInline {DIV} at (0,0) size 119x19
              LayoutText {#text} at (0,0) size 0x0
              LayoutInline {A} at (0,0) size 50x19 [color=#0000EE]
                LayoutBlockFlow {IMG} at (621,0) size 50x34
              LayoutText {#text} at (671,19) size 4x19
                text run at (671,19) width 4: " "
              LayoutBlockFlow {INPUT} at (679,21) size 13x13
              LayoutInline {LABEL} at (0,0) size 45x19
                LayoutText {#text} at (695,19) size 45x19
                  text run at (695,19) width 45: "Classic"
              LayoutText {#text} at (0,0) size 0x0
          LayoutText {#text} at (0,0) size 0x0
          LayoutInline {DIV} at (0,0) size 118x19
            LayoutInline {DIV} at (0,0) size 118x19
              LayoutText {#text} at (0,0) size 0x0
              LayoutInline {A} at (0,0) size 50x19 [color=#0000EE]
                LayoutBlockFlow {IMG} at (0,39) size 50x34
              LayoutText {#text} at (50,58) size 4x19
                text run at (50,58) width 4: " "
              LayoutBlockFlow {INPUT} at (58,60) size 13x13
              LayoutInline {LABEL} at (0,0) size 40x19
                LayoutText {#text} at (74,58) size 40x19
                  text run at (74,58) width 40: "Africa"
              LayoutText {#text} at (114,58) size 4x19
                text run at (114,58) width 4: " "
          LayoutText {#text} at (0,0) size 0x0
          LayoutInline {DIV} at (0,0) size 203x19
            LayoutInline {DIV} at (0,0) size 203x19
              LayoutText {#text} at (0,0) size 0x0
              LayoutInline {A} at (0,0) size 50x19 [color=#0000EE]
                LayoutBlockFlow {IMG} at (118,39) size 50x34
              LayoutText {#text} at (168,58) size 4x19
                text run at (168,58) width 4: " "
              LayoutBlockFlow {INPUT} at (176,60) size 13x13
              LayoutInline {LABEL} at (0,0) size 125x19
                LayoutText {#text} at (192,58) size 125x19
                  text run at (192,58) width 125: "Alexander's Empire"
              LayoutText {#text} at (317,58) size 4x19
                text run at (317,58) width 4: " "
          LayoutText {#text} at (0,0) size 0x0
          LayoutInline {DIV} at (0,0) size 177x19
            LayoutInline {DIV} at (0,0) size 177x19
              LayoutText {#text} at (0,0) size 0x0
              LayoutInline {A} at (0,0) size 50x19 [color=#0000EE]
                LayoutBlockFlow {IMG} at (321,39) size 50x34
              LayoutText {#text} at (371,58) size 4x19
                text run at (371,58) width 4: " "
              LayoutBlockFlow {INPUT} at (379,60) size 13x13
              LayoutInline {LABEL} at (0,0) size 99x19
                LayoutText {#text} at (395,58) size 99x19
                  text run at (395,58) width 99: "Ancient Greece"
              LayoutText {#text} at (494,58) size 4x19
                text run at (494,58) width 4: " "
          LayoutText {#text} at (0,0) size 0x0
          LayoutInline {DIV} at (0,0) size 123x19
            LayoutInline {DIV} at (0,0) size 123x19
              LayoutText {#text} at (0,0) size 0x0
              LayoutInline {A} at (0,0) size 50x19 [color=#0000EE]
                LayoutBlockFlow {IMG} at (498,39) size 50x34
              LayoutText {#text} at (548,58) size 4x19
                text run at (548,58) width 4: " "
              LayoutBlockFlow {INPUT} at (556,60) size 13x13
              LayoutInline {LABEL} at (0,0) size 45x19
                LayoutText {#text} at (572,58) size 45x19
                  text run at (572,58) width 45: "Classic"
              LayoutText {#text} at (617,58) size 4x19
                text run at (617,58) width 4: " "
          LayoutText {#text} at (0,0) size 0x0
          LayoutInline {DIV} at (0,0) size 114x19
            LayoutInline {DIV} at (0,0) size 114x19
              LayoutText {#text} at (0,0) size 0x0
              LayoutInline {A} at (0,0) size 50x19 [color=#0000EE]
                LayoutBlockFlow {IMG} at (621,39) size 50x34
              LayoutText {#text} at (671,58) size 4x19
                text run at (671,58) width 4: " "
              LayoutBlockFlow {INPUT} at (679,60) size 13x13
              LayoutInline {LABEL} at (0,0) size 40x19
                LayoutText {#text} at (695,58) size 40x19
                  text run at (695,58) width 40: "Africa"
              LayoutText {#text} at (0,0) size 0x0
          LayoutText {#text} at (0,0) size 0x0
          LayoutInline {DIV} at (0,0) size 203x19
            LayoutInline {DIV} at (0,0) size 203x19
              LayoutText {#text} at (0,0) size 0x0
              LayoutInline {A} at (0,0) size 50x19 [color=#0000EE]
                LayoutBlockFlow {IMG} at (0,78) size 50x34
              LayoutText {#text} at (50,97) size 4x19
                text run at (50,97) width 4: " "
              LayoutBlockFlow {INPUT} at (58,99) size 13x13
              LayoutInline {LABEL} at (0,0) size 125x19
                LayoutText {#text} at (74,97) size 125x19
                  text run at (74,97) width 125: "Alexander's Empire"
              LayoutText {#text} at (199,97) size 4x19
                text run at (199,97) width 4: " "
          LayoutText {#text} at (0,0) size 0x0
          LayoutInline {DIV} at (0,0) size 177x19
            LayoutInline {DIV} at (0,0) size 177x19
              LayoutText {#text} at (0,0) size 0x0
              LayoutInline {A} at (0,0) size 50x19 [color=#0000EE]
                LayoutBlockFlow {IMG} at (203,78) size 50x34
              LayoutText {#text} at (253,97) size 4x19
                text run at (253,97) width 4: " "
              LayoutBlockFlow {INPUT} at (261,99) size 13x13
              LayoutInline {LABEL} at (0,0) size 99x19
                LayoutText {#text} at (277,97) size 99x19
                  text run at (277,97) width 99: "Ancient Greece"
              LayoutText {#text} at (376,97) size 4x19
                text run at (376,97) width 4: " "
          LayoutText {#text} at (0,0) size 0x0
          LayoutInline {DIV} at (0,0) size 123x19
            LayoutInline {DIV} at (0,0) size 123x19
              LayoutText {#text} at (0,0) size 0x0
              LayoutInline {A} at (0,0) size 50x19 [color=#0000EE]
                LayoutBlockFlow {IMG} at (380,78) size 50x34
              LayoutText {#text} at (430,97) size 4x19
                text run at (430,97) width 4: " "
              LayoutBlockFlow {INPUT} at (438,99) size 13x13
              LayoutInline {LABEL} at (0,0) size 45x19
                LayoutText {#text} at (454,97) size 45x19
                  text run at (454,97) width 45: "Classic"
              LayoutText {#text} at (499,97) size 4x19
                text run at (499,97) width 4: " "
          LayoutText {#text} at (0,0) size 0x0
          LayoutInline {DIV} at (0,0) size 114x19
            LayoutInline {DIV} at (0,0) size 114x19
              LayoutText {#text} at (0,0) size 0x0
              LayoutInline {A} at (0,0) size 50x19 [color=#0000EE]
                LayoutBlockFlow {IMG} at (503,78) size 50x34
              LayoutText {#text} at (553,97) size 4x19
                text run at (553,97) width 4: " "
              LayoutBlockFlow {INPUT} at (561,99) size 13x13
              LayoutInline {LABEL} at (0,0) size 40x19
                LayoutText {#text} at (577,97) size 40x19
                  text run at (577,97) width 40: "Africa"
              LayoutText {#text} at (0,0) size 0x0
          LayoutText {#text} at (0,0) size 0x0
          LayoutInline {DIV} at (0,0) size 203x19
            LayoutInline {DIV} at (0,0) size 203x19
              LayoutText {#text} at (0,0) size 0x0
              LayoutInline {A} at (0,0) size 50x19 [color=#0000EE]
                LayoutBlockFlow {IMG} at (0,117) size 50x34
              LayoutText {#text} at (50,136) size 4x19
                text run at (50,136) width 4: " "
              LayoutBlockFlow {INPUT} at (58,138) size 13x13
              LayoutInline {LABEL} at (0,0) size 125x19
                LayoutText {#text} at (74,136) size 125x19
                  text run at (74,136) width 125: "Alexander's Empire"
              LayoutText {#text} at (199,136) size 4x19
                text run at (199,136) width 4: " "
          LayoutText {#text} at (0,0) size 0x0
          LayoutInline {DIV} at (0,0) size 177x19
            LayoutInline {DIV} at (0,0) size 177x19
              LayoutText {#text} at (0,0) size 0x0
              LayoutInline {A} at (0,0) size 50x19 [color=#0000EE]
                LayoutBlockFlow {IMG} at (203,117) size 50x34
              LayoutText {#text} at (253,136) size 4x19
                text run at (253,136) width 4: " "
              LayoutBlockFlow {INPUT} at (261,138) size 13x13
              LayoutInline {LABEL} at (0,0) size 99x19
                LayoutText {#text} at (277,136) size 99x19
                  text run at (277,136) width 99: "Ancient Greece"
              LayoutText {#text} at (376,136) size 4x19
                text run at (376,136) width 4: " "
          LayoutText {#text} at (0,0) size 0x0
          LayoutInline {DIV} at (0,0) size 123x19
            LayoutInline {DIV} at (0,0) size 123x19
              LayoutText {#text} at (0,0) size 0x0
              LayoutInline {A} at (0,0) size 50x19 [color=#0000EE]
                LayoutBlockFlow {IMG} at (380,117) size 50x34
              LayoutText {#text} at (430,136) size 4x19
                text run at (430,136) width 4: " "
              LayoutBlockFlow {INPUT} at (438,138) size 13x13
              LayoutInline {LABEL} at (0,0) size 45x19
                LayoutText {#text} at (454,136) size 45x19
                  text run at (454,136) width 45: "Classic"
              LayoutText {#text} at (499,136) size 4x19
                text run at (499,136) width 4: " "
          LayoutText {#text} at (0,0) size 0x0
          LayoutInline {DIV} at (0,0) size 114x19
            LayoutInline {DIV} at (0,0) size 114x19
              LayoutText {#text} at (0,0) size 0x0
              LayoutInline {A} at (0,0) size 50x19 [color=#0000EE]
                LayoutBlockFlow {IMG} at (503,117) size 50x34
              LayoutText {#text} at (553,136) size 4x19
                text run at (553,136) width 4: " "
              LayoutBlockFlow {INPUT} at (561,138) size 13x13
              LayoutInline {LABEL} at (0,0) size 40x19
                LayoutText {#text} at (577,136) size 40x19
                  text run at (577,136) width 40: "Africa"
              LayoutText {#text} at (0,0) size 0x0
          LayoutText {#text} at (0,0) size 0x0
          LayoutInline {DIV} at (0,0) size 203x19
            LayoutInline {DIV} at (0,0) size 203x19
              LayoutText {#text} at (0,0) size 0x0
              LayoutInline {A} at (0,0) size 50x19 [color=#0000EE]
                LayoutBlockFlow {IMG} at (0,156) size 50x34
              LayoutText {#text} at (50,175) size 4x19
                text run at (50,175) width 4: " "
              LayoutBlockFlow {INPUT} at (58,177) size 13x13
              LayoutInline {LABEL} at (0,0) size 125x19
                LayoutText {#text} at (74,175) size 125x19
                  text run at (74,175) width 125: "Alexander's Empire"
              LayoutText {#text} at (199,175) size 4x19
                text run at (199,175) width 4: " "
          LayoutText {#text} at (0,0) size 0x0
          LayoutInline {DIV} at (0,0) size 177x19
            LayoutInline {DIV} at (0,0) size 177x19
              LayoutText {#text} at (0,0) size 0x0
              LayoutInline {A} at (0,0) size 50x19 [color=#0000EE]
                LayoutBlockFlow {IMG} at (203,156) size 50x34
              LayoutText {#text} at (253,175) size 4x19
                text run at (253,175) width 4: " "
              LayoutBlockFlow {INPUT} at (261,177) size 13x13
              LayoutInline {LABEL} at (0,0) size 99x19
                LayoutText {#text} at (277,175) size 99x19
                  text run at (277,175) width 99: "Ancient Greece"
              LayoutText {#text} at (376,175) size 4x19
                text run at (376,175) width 4: " "
          LayoutText {#text} at (0,0) size 0x0
          LayoutInline {DIV} at (0,0) size 123x19
            LayoutInline {DIV} at (0,0) size 123x19
              LayoutText {#text} at (0,0) size 0x0
              LayoutInline {A} at (0,0) size 50x19 [color=#0000EE]
                LayoutBlockFlow {IMG} at (380,156) size 50x34
              LayoutText {#text} at (430,175) size 4x19
                text run at (430,175) width 4: " "
              LayoutBlockFlow {INPUT} at (438,177) size 13x13
              LayoutInline {LABEL} at (0,0) size 45x19
                LayoutText {#text} at (454,175) size 45x19
                  text run at (454,175) width 45: "Classic"
              LayoutText {#text} at (499,175) size 4x19
                text run at (499,175) width 4: " "
          LayoutText {#text} at (0,0) size 0x0
          LayoutInline {DIV} at (0,0) size 114x19
            LayoutInline {DIV} at (0,0) size 114x19
              LayoutText {#text} at (0,0) size 0x0
              LayoutInline {A} at (0,0) size 50x19 [color=#0000EE]
                LayoutBlockFlow {IMG} at (503,156) size 50x34
              LayoutText {#text} at (553,175) size 4x19
                text run at (553,175) width 4: " "
              LayoutBlockFlow {INPUT} at (561,177) size 13x13
              LayoutInline {LABEL} at (0,0) size 40x19
                LayoutText {#text} at (577,175) size 40x19
                  text run at (577,175) width 40: "Africa"
              LayoutText {#text} at (0,0) size 0x0
          LayoutText {#text} at (0,0) size 0x0
          LayoutInline {DIV} at (0,0) size 203x19
            LayoutInline {DIV} at (0,0) size 203x19
              LayoutText {#text} at (0,0) size 0x0
              LayoutInline {A} at (0,0) size 50x19 [color=#0000EE]
                LayoutBlockFlow {IMG} at (0,195) size 50x34
              LayoutText {#text} at (50,214) size 4x19
                text run at (50,214) width 4: " "
              LayoutBlockFlow {INPUT} at (58,216) size 13x13
              LayoutInline {LABEL} at (0,0) size 125x19
                LayoutText {#text} at (74,214) size 125x19
                  text run at (74,214) width 125: "Alexander's Empire"
              LayoutText {#text} at (199,214) size 4x19
                text run at (199,214) width 4: " "
          LayoutText {#text} at (0,0) size 0x0
          LayoutInline {DIV} at (0,0) size 177x19
            LayoutInline {DIV} at (0,0) size 177x19
              LayoutText {#text} at (0,0) size 0x0
              LayoutInline {A} at (0,0) size 50x19 [color=#0000EE]
                LayoutBlockFlow {IMG} at (203,195) size 50x34
              LayoutText {#text} at (253,214) size 4x19
                text run at (253,214) width 4: " "
              LayoutBlockFlow {INPUT} at (261,216) size 13x13
              LayoutInline {LABEL} at (0,0) size 99x19
                LayoutText {#text} at (277,214) size 99x19
                  text run at (277,214) width 99: "Ancient Greece"
              LayoutText {#text} at (376,214) size 4x19
                text run at (376,214) width 4: " "
          LayoutText {#text} at (0,0) size 0x0
          LayoutInline {DIV} at (0,0) size 123x19
            LayoutInline {DIV} at (0,0) size 123x19
              LayoutText {#text} at (0,0) size 0x0
              LayoutInline {A} at (0,0) size 50x19 [color=#0000EE]
                LayoutBlockFlow {IMG} at (380,195) size 50x34
              LayoutText {#text} at (430,214) size 4x19
                text run at (430,214) width 4: " "
              LayoutBlockFlow {INPUT} at (438,216) size 13x13
              LayoutInline {LABEL} at (0,0) size 45x19
                LayoutText {#text} at (454,214) size 45x19
                  text run at (454,214) width 45: "Classic"
              LayoutText {#text} at (499,214) size 4x19
                text run at (499,214) width 4: " "
          LayoutText {#text} at (0,0) size 0x0
          LayoutInline {DIV} at (0,0) size 114x19
            LayoutInline {DIV} at (0,0) size 114x19
              LayoutText {#text} at (0,0) size 0x0
              LayoutInline {A} at (0,0) size 50x19 [color=#0000EE]
                LayoutBlockFlow {IMG} at (503,195) size 50x34
              LayoutText {#text} at (553,214) size 4x19
                text run at (553,214) width 4: " "
              LayoutBlockFlow {INPUT} at (561,216) size 13x13
              LayoutInline {LABEL} at (0,0) size 40x19
                LayoutText {#text} at (577,214) size 40x19
                  text run at (577,214) width 40: "Africa"
              LayoutText {#text} at (0,0) size 0x0
          LayoutText {#text} at (0,0) size 0x0
          LayoutInline {DIV} at (0,0) size 203x19
            LayoutInline {DIV} at (0,0) size 203x19
              LayoutText {#text} at (0,0) size 0x0
              LayoutInline {A} at (0,0) size 50x19 [color=#0000EE]
                LayoutBlockFlow {IMG} at (0,234) size 50x34
              LayoutText {#text} at (50,253) size 4x19
                text run at (50,253) width 4: " "
              LayoutBlockFlow {INPUT} at (58,255) size 13x13
              LayoutInline {LABEL} at (0,0) size 125x19
                LayoutText {#text} at (74,253) size 125x19
                  text run at (74,253) width 125: "Alexander's Empire"
              LayoutText {#text} at (199,253) size 4x19
                text run at (199,253) width 4: " "
          LayoutText {#text} at (0,0) size 0x0
          LayoutInline {DIV} at (0,0) size 177x19
            LayoutInline {DIV} at (0,0) size 177x19
              LayoutText {#text} at (0,0) size 0x0
              LayoutInline {A} at (0,0) size 50x19 [color=#0000EE]
                LayoutBlockFlow {IMG} at (203,234) size 50x34
              LayoutText {#text} at (253,253) size 4x19
                text run at (253,253) width 4: " "
              LayoutBlockFlow {INPUT} at (261,255) size 13x13
              LayoutInline {LABEL} at (0,0) size 99x19
                LayoutText {#text} at (277,253) size 99x19
                  text run at (277,253) width 99: "Ancient Greece"
              LayoutText {#text} at (376,253) size 4x19
                text run at (376,253) width 4: " "
          LayoutText {#text} at (0,0) size 0x0
          LayoutInline {DIV} at (0,0) size 123x19
            LayoutInline {DIV} at (0,0) size 123x19
              LayoutText {#text} at (0,0) size 0x0
              LayoutInline {A} at (0,0) size 50x19 [color=#0000EE]
                LayoutBlockFlow {IMG} at (380,234) size 50x34
              LayoutText {#text} at (430,253) size 4x19
                text run at (430,253) width 4: " "
              LayoutBlockFlow {INPUT} at (438,255) size 13x13
              LayoutInline {LABEL} at (0,0) size 45x19
                LayoutText {#text} at (454,253) size 45x19
                  text run at (454,253) width 45: "Classic"
              LayoutText {#text} at (499,253) size 4x19
                text run at (499,253) width 4: " "
          LayoutText {#text} at (0,0) size 0x0
          LayoutInline {DIV} at (0,0) size 114x19
            LayoutInline {DIV} at (0,0) size 114x19
              LayoutText {#text} at (0,0) size 0x0
              LayoutInline {A} at (0,0) size 50x19 [color=#0000EE]
                LayoutBlockFlow {IMG} at (503,234) size 50x34
              LayoutText {#text} at (553,253) size 4x19
                text run at (553,253) width 4: " "
              LayoutBlockFlow {INPUT} at (561,255) size 13x13
              LayoutInline {LABEL} at (0,0) size 40x19
                LayoutText {#text} at (577,253) size 40x19
                  text run at (577,253) width 40: "Africa"
              LayoutText {#text} at (0,0) size 0x0
          LayoutText {#text} at (0,0) size 0x0
          LayoutInline {DIV} at (0,0) size 203x19
            LayoutInline {DIV} at (0,0) size 203x19
              LayoutText {#text} at (0,0) size 0x0
              LayoutInline {A} at (0,0) size 50x19 [color=#0000EE]
                LayoutBlockFlow {IMG} at (0,273) size 50x34
              LayoutText {#text} at (50,292) size 4x19
                text run at (50,292) width 4: " "
              LayoutBlockFlow {INPUT} at (58,294) size 13x13
              LayoutInline {LABEL} at (0,0) size 125x19
                LayoutText {#text} at (74,292) size 125x19
                  text run at (74,292) width 125: "Alexander's Empire"
              LayoutText {#text} at (199,292) size 4x19
                text run at (199,292) width 4: " "
          LayoutText {#text} at (0,0) size 0x0
          LayoutInline {DIV} at (0,0) size 177x19
            LayoutInline {DIV} at (0,0) size 177x19
              LayoutText {#text} at (0,0) size 0x0
              LayoutInline {A} at (0,0) size 50x19 [color=#0000EE]
                LayoutBlockFlow {IMG} at (203,273) size 50x34
              LayoutText {#text} at (253,292) size 4x19
                text run at (253,292) width 4: " "
              LayoutBlockFlow {INPUT} at (261,294) size 13x13
              LayoutInline {LABEL} at (0,0) size 99x19
                LayoutText {#text} at (277,292) size 99x19
                  text run at (277,292) width 99: "Ancient Greece"
              LayoutText {#text} at (376,292) size 4x19
                text run at (376,292) width 4: " "
          LayoutText {#text} at (0,0) size 0x0
          LayoutInline {DIV} at (0,0) size 123x19
            LayoutInline {DIV} at (0,0) size 123x19
              LayoutText {#text} at (0,0) size 0x0
              LayoutInline {A} at (0,0) size 50x19 [color=#0000EE]
                LayoutBlockFlow {IMG} at (380,273) size 50x34
              LayoutText {#text} at (430,292) size 4x19
                text run at (430,292) width 4: " "
              LayoutBlockFlow {INPUT} at (438,294) size 13x13
              LayoutInline {LABEL} at (0,0) size 45x19
                LayoutText {#text} at (454,292) size 45x19
                  text run at (454,292) width 45: "Classic"
              LayoutText {#text} at (499,292) size 4x19
                text run at (499,292) width 4: " "
          LayoutText {#text} at (0,0) size 0x0
          LayoutInline {DIV} at (0,0) size 114x19
            LayoutInline {DIV} at (0,0) size 114x19
              LayoutText {#text} at (0,0) size 0x0
              LayoutInline {A} at (0,0) size 50x19 [color=#0000EE]
                LayoutBlockFlow {IMG} at (503,273) size 50x34
              LayoutText {#text} at (553,292) size 4x19
                text run at (553,292) width 4: " "
              LayoutBlockFlow {INPUT} at (561,294) size 13x13
              LayoutInline {LABEL} at (0,0) size 40x19
                LayoutText {#text} at (577,292) size 40x19
                  text run at (577,292) width 40: "Africa"
              LayoutText {#text} at (0,0) size 0x0
          LayoutText {#text} at (0,0) size 0x0
          LayoutInline {DIV} at (0,0) size 203x19
            LayoutInline {DIV} at (0,0) size 203x19
              LayoutText {#text} at (0,0) size 0x0
              LayoutInline {A} at (0,0) size 50x19 [color=#0000EE]
                LayoutBlockFlow {IMG} at (0,312) size 50x34
              LayoutText {#text} at (50,331) size 4x19
                text run at (50,331) width 4: " "
              LayoutBlockFlow {INPUT} at (58,333) size 13x13
              LayoutInline {LABEL} at (0,0) size 125x19
                LayoutText {#text} at (74,331) size 125x19
                  text run at (74,331) width 125: "Alexander's Empire"
              LayoutText {#text} at (199,331) size 4x19
                text run at (199,331) width 4: " "
          LayoutText {#text} at (0,0) size 0x0
          LayoutInline {DIV} at (0,0) size 173x19
            LayoutInline {DIV} at (0,0) size 173x19
              LayoutText {#text} at (0,0) size 0x0
              LayoutInline {A} at (0,0) size 50x19 [color=#0000EE]
                LayoutBlockFlow {IMG} at (203,312) size 50x34
              LayoutText {#text} at (253,331) size 4x19
                text run at (253,331) width 4: " "
              LayoutBlockFlow {INPUT} at (261,333) size 13x13
              LayoutInline {LABEL} at (0,0) size 99x19
                LayoutText {#text} at (277,331) size 99x19
                  text run at (277,331) width 99: "Ancient Greece"
              LayoutText {#text} at (0,0) size 0x0
          LayoutText {#text} at (0,0) size 0x0
layer at (24,16) size 50x34 clip at (25,17) size 48x32 scrollWidth 63
  LayoutBlockFlow {SPAN} at (0,0) size 50x34 [border: (1px solid #C0C0C0)]
    LayoutImage (floating) {IMG} at (2,2) size 16x16
    LayoutInline {SPAN} at (0,0) size 45x19
      LayoutText {#text} at (18,2) size 45x19
        text run at (18,2) width 45: "Classic"
layer at (147,16) size 50x34 clip at (148,17) size 48x32 scrollWidth 58
  LayoutBlockFlow {SPAN} at (0,0) size 50x34 [border: (1px solid #C0C0C0)]
    LayoutImage (floating) {IMG} at (2,2) size 16x16
    LayoutInline {SPAN} at (0,0) size 40x19
      LayoutText {#text} at (18,2) size 40x19
        text run at (18,2) width 40: "Africa"
layer at (265,16) size 50x34 clip at (266,17) size 48x32 scrollWidth 143
  LayoutBlockFlow {SPAN} at (0,0) size 50x34 [border: (1px solid #C0C0C0)]
    LayoutImage (floating) {IMG} at (2,2) size 16x16
    LayoutInline {SPAN} at (0,0) size 125x19
      LayoutText {#text} at (18,2) size 125x19
        text run at (18,2) width 125: "Alexander's Empire"
layer at (468,16) size 50x34 clip at (469,17) size 48x32 scrollWidth 117
  LayoutBlockFlow {SPAN} at (0,0) size 50x34 [border: (1px solid #C0C0C0)]
    LayoutImage (floating) {IMG} at (2,2) size 16x16
    LayoutInline {SPAN} at (0,0) size 99x19
      LayoutText {#text} at (18,2) size 99x19
        text run at (18,2) width 99: "Ancient Greece"
layer at (645,16) size 50x34 clip at (646,17) size 48x32 scrollWidth 63
  LayoutBlockFlow {SPAN} at (0,0) size 50x34 [border: (1px solid #C0C0C0)]
    LayoutImage (floating) {IMG} at (2,2) size 16x16
    LayoutInline {SPAN} at (0,0) size 45x19
      LayoutText {#text} at (18,2) size 45x19
        text run at (18,2) width 45: "Classic"
layer at (24,55) size 50x34 clip at (25,56) size 48x32 scrollWidth 58
  LayoutBlockFlow {SPAN} at (0,0) size 50x34 [border: (1px solid #C0C0C0)]
    LayoutImage (floating) {IMG} at (2,2) size 16x16
    LayoutInline {SPAN} at (0,0) size 40x19
      LayoutText {#text} at (18,2) size 40x19
        text run at (18,2) width 40: "Africa"
layer at (142,55) size 50x34 clip at (143,56) size 48x32 scrollWidth 143
  LayoutBlockFlow {SPAN} at (0,0) size 50x34 [border: (1px solid #C0C0C0)]
    LayoutImage (floating) {IMG} at (2,2) size 16x16
    LayoutInline {SPAN} at (0,0) size 125x19
      LayoutText {#text} at (18,2) size 125x19
        text run at (18,2) width 125: "Alexander's Empire"
layer at (345,55) size 50x34 clip at (346,56) size 48x32 scrollWidth 117
  LayoutBlockFlow {SPAN} at (0,0) size 50x34 [border: (1px solid #C0C0C0)]
    LayoutImage (floating) {IMG} at (2,2) size 16x16
    LayoutInline {SPAN} at (0,0) size 99x19
      LayoutText {#text} at (18,2) size 99x19
        text run at (18,2) width 99: "Ancient Greece"
layer at (522,55) size 50x34 clip at (523,56) size 48x32 scrollWidth 63
  LayoutBlockFlow {SPAN} at (0,0) size 50x34 [border: (1px solid #C0C0C0)]
    LayoutImage (floating) {IMG} at (2,2) size 16x16
    LayoutInline {SPAN} at (0,0) size 45x19
      LayoutText {#text} at (18,2) size 45x19
        text run at (18,2) width 45: "Classic"
layer at (645,55) size 50x34 clip at (646,56) size 48x32 scrollWidth 58
  LayoutBlockFlow {SPAN} at (0,0) size 50x34 [border: (1px solid #C0C0C0)]
    LayoutImage (floating) {IMG} at (2,2) size 16x16
    LayoutInline {SPAN} at (0,0) size 40x19
      LayoutText {#text} at (18,2) size 40x19
        text run at (18,2) width 40: "Africa"
layer at (24,94) size 50x34 clip at (25,95) size 48x32 scrollWidth 143
  LayoutBlockFlow {SPAN} at (0,0) size 50x34 [border: (1px solid #C0C0C0)]
    LayoutImage (floating) {IMG} at (2,2) size 16x16
    LayoutInline {SPAN} at (0,0) size 125x19
      LayoutText {#text} at (18,2) size 125x19
        text run at (18,2) width 125: "Alexander's Empire"
layer at (227,94) size 50x34 clip at (228,95) size 48x32 scrollWidth 117
  LayoutBlockFlow {SPAN} at (0,0) size 50x34 [border: (1px solid #C0C0C0)]
    LayoutImage (floating) {IMG} at (2,2) size 16x16
    LayoutInline {SPAN} at (0,0) size 99x19
      LayoutText {#text} at (18,2) size 99x19
        text run at (18,2) width 99: "Ancient Greece"
layer at (404,94) size 50x34 clip at (405,95) size 48x32 scrollWidth 63
  LayoutBlockFlow {SPAN} at (0,0) size 50x34 [border: (1px solid #C0C0C0)]
    LayoutImage (floating) {IMG} at (2,2) size 16x16
    LayoutInline {SPAN} at (0,0) size 45x19
      LayoutText {#text} at (18,2) size 45x19
        text run at (18,2) width 45: "Classic"
layer at (527,94) size 50x34 clip at (528,95) size 48x32 scrollWidth 58
  LayoutBlockFlow {SPAN} at (0,0) size 50x34 [border: (1px solid #C0C0C0)]
    LayoutImage (floating) {IMG} at (2,2) size 16x16
    LayoutInline {SPAN} at (0,0) size 40x19
      LayoutText {#text} at (18,2) size 40x19
        text run at (18,2) width 40: "Africa"
layer at (24,133) size 50x34 clip at (25,134) size 48x32 scrollWidth 143
  LayoutBlockFlow {SPAN} at (0,0) size 50x34 [border: (1px solid #C0C0C0)]
    LayoutImage (floating) {IMG} at (2,2) size 16x16
    LayoutInline {SPAN} at (0,0) size 125x19
      LayoutText {#text} at (18,2) size 125x19
        text run at (18,2) width 125: "Alexander's Empire"
layer at (227,133) size 50x34 clip at (228,134) size 48x32 scrollWidth 117
  LayoutBlockFlow {SPAN} at (0,0) size 50x34 [border: (1px solid #C0C0C0)]
    LayoutImage (floating) {IMG} at (2,2) size 16x16
    LayoutInline {SPAN} at (0,0) size 99x19
      LayoutText {#text} at (18,2) size 99x19
        text run at (18,2) width 99: "Ancient Greece"
layer at (404,133) size 50x34 clip at (405,134) size 48x32 scrollWidth 63
  LayoutBlockFlow {SPAN} at (0,0) size 50x34 [border: (1px solid #C0C0C0)]
    LayoutImage (floating) {IMG} at (2,2) size 16x16
    LayoutInline {SPAN} at (0,0) size 45x19
      LayoutText {#text} at (18,2) size 45x19
        text run at (18,2) width 45: "Classic"
layer at (527,133) size 50x34 clip at (528,134) size 48x32 scrollWidth 58
  LayoutBlockFlow {SPAN} at (0,0) size 50x34 [border: (1px solid #C0C0C0)]
    LayoutImage (floating) {IMG} at (2,2) size 16x16
    LayoutInline {SPAN} at (0,0) size 40x19
      LayoutText {#text} at (18,2) size 40x19
        text run at (18,2) width 40: "Africa"
layer at (24,172) size 50x34 clip at (25,173) size 48x32 scrollWidth 143
  LayoutBlockFlow {SPAN} at (0,0) size 50x34 [border: (1px solid #C0C0C0)]
    LayoutImage (floating) {IMG} at (2,2) size 16x16
    LayoutInline {SPAN} at (0,0) size 125x19
      LayoutText {#text} at (18,2) size 125x19
        text run at (18,2) width 125: "Alexander's Empire"
layer at (227,172) size 50x34 clip at (228,173) size 48x32 scrollWidth 117
  LayoutBlockFlow {SPAN} at (0,0) size 50x34 [border: (1px solid #C0C0C0)]
    LayoutImage (floating) {IMG} at (2,2) size 16x16
    LayoutInline {SPAN} at (0,0) size 99x19
      LayoutText {#text} at (18,2) size 99x19
        text run at (18,2) width 99: "Ancient Greece"
layer at (404,172) size 50x34 clip at (405,173) size 48x32 scrollWidth 63
  LayoutBlockFlow {SPAN} at (0,0) size 50x34 [border: (1px solid #C0C0C0)]
    LayoutImage (floating) {IMG} at (2,2) size 16x16
    LayoutInline {SPAN} at (0,0) size 45x19
      LayoutText {#text} at (18,2) size 45x19
        text run at (18,2) width 45: "Classic"
layer at (527,172) size 50x34 clip at (528,173) size 48x32 scrollWidth 58
  LayoutBlockFlow {SPAN} at (0,0) size 50x34 [border: (1px solid #C0C0C0)]
    LayoutImage (floating) {IMG} at (2,2) size 16x16
    LayoutInline {SPAN} at (0,0) size 40x19
      LayoutText {#text} at (18,2) size 40x19
        text run at (18,2) width 40: "Africa"
layer at (24,211) size 50x34 clip at (25,212) size 48x32 scrollWidth 143
  LayoutBlockFlow {SPAN} at (0,0) size 50x34 [border: (1px solid #C0C0C0)]
    LayoutImage (floating) {IMG} at (2,2) size 16x16
    LayoutInline {SPAN} at (0,0) size 125x19
      LayoutText {#text} at (18,2) size 125x19
        text run at (18,2) width 125: "Alexander's Empire"
layer at (227,211) size 50x34 clip at (228,212) size 48x32 scrollWidth 117
  LayoutBlockFlow {SPAN} at (0,0) size 50x34 [border: (1px solid #C0C0C0)]
    LayoutImage (floating) {IMG} at (2,2) size 16x16
    LayoutInline {SPAN} at (0,0) size 99x19
      LayoutText {#text} at (18,2) size 99x19
        text run at (18,2) width 99: "Ancient Greece"
layer at (404,211) size 50x34 clip at (405,212) size 48x32 scrollWidth 63
  LayoutBlockFlow {SPAN} at (0,0) size 50x34 [border: (1px solid #C0C0C0)]
    LayoutImage (floating) {IMG} at (2,2) size 16x16
    LayoutInline {SPAN} at (0,0) size 45x19
      LayoutText {#text} at (18,2) size 45x19
        text run at (18,2) width 45: "Classic"
layer at (527,211) size 50x34 clip at (528,212) size 48x32 scrollWidth 58
  LayoutBlockFlow {SPAN} at (0,0) size 50x34 [border: (1px solid #C0C0C0)]
    LayoutImage (floating) {IMG} at (2,2) size 16x16
    LayoutInline {SPAN} at (0,0) size 40x19
      LayoutText {#text} at (18,2) size 40x19
        text run at (18,2) width 40: "Africa"
layer at (24,250) size 50x34 clip at (25,251) size 48x32 scrollWidth 143
  LayoutBlockFlow {SPAN} at (0,0) size 50x34 [border: (1px solid #C0C0C0)]
    LayoutImage (floating) {IMG} at (2,2) size 16x16
    LayoutInline {SPAN} at (0,0) size 125x19
      LayoutText {#text} at (18,2) size 125x19
        text run at (18,2) width 125: "Alexander's Empire"
layer at (227,250) size 50x34 clip at (228,251) size 48x32 scrollWidth 117
  LayoutBlockFlow {SPAN} at (0,0) size 50x34 [border: (1px solid #C0C0C0)]
    LayoutImage (floating) {IMG} at (2,2) size 16x16
    LayoutInline {SPAN} at (0,0) size 99x19
      LayoutText {#text} at (18,2) size 99x19
        text run at (18,2) width 99: "Ancient Greece"
layer at (404,250) size 50x34 clip at (405,251) size 48x32 scrollWidth 63
  LayoutBlockFlow {SPAN} at (0,0) size 50x34 [border: (1px solid #C0C0C0)]
    LayoutImage (floating) {IMG} at (2,2) size 16x16
    LayoutInline {SPAN} at (0,0) size 45x19
      LayoutText {#text} at (18,2) size 45x19
        text run at (18,2) width 45: "Classic"
layer at (527,250) size 50x34 clip at (528,251) size 48x32 scrollWidth 58
  LayoutBlockFlow {SPAN} at (0,0) size 50x34 [border: (1px solid #C0C0C0)]
    LayoutImage (floating) {IMG} at (2,2) size 16x16
    LayoutInline {SPAN} at (0,0) size 40x19
      LayoutText {#text} at (18,2) size 40x19
        text run at (18,2) width 40: "Africa"
layer at (24,289) size 50x34 clip at (25,290) size 48x32 scrollWidth 143
  LayoutBlockFlow {SPAN} at (0,0) size 50x34 [border: (1px solid #C0C0C0)]
    LayoutImage (floating) {IMG} at (2,2) size 16x16
    LayoutInline {SPAN} at (0,0) size 125x19
      LayoutText {#text} at (18,2) size 125x19
        text run at (18,2) width 125: "Alexander's Empire"
layer at (227,289) size 50x34 clip at (228,290) size 48x32 scrollWidth 117
  LayoutBlockFlow {SPAN} at (0,0) size 50x34 [border: (1px solid #C0C0C0)]
    LayoutImage (floating) {IMG} at (2,2) size 16x16
    LayoutInline {SPAN} at (0,0) size 99x19
      LayoutText {#text} at (18,2) size 99x19
        text run at (18,2) width 99: "Ancient Greece"
layer at (404,289) size 50x34 clip at (405,290) size 48x32 scrollWidth 63
  LayoutBlockFlow {SPAN} at (0,0) size 50x34 [border: (1px solid #C0C0C0)]
    LayoutImage (floating) {IMG} at (2,2) size 16x16
    LayoutInline {SPAN} at (0,0) size 45x19
      LayoutText {#text} at (18,2) size 45x19
        text run at (18,2) width 45: "Classic"
layer at (527,289) size 50x34 clip at (528,290) size 48x32 scrollWidth 58
  LayoutBlockFlow {SPAN} at (0,0) size 50x34 [border: (1px solid #C0C0C0)]
    LayoutImage (floating) {IMG} at (2,2) size 16x16
    LayoutInline {SPAN} at (0,0) size 40x19
      LayoutText {#text} at (18,2) size 40x19
        text run at (18,2) width 40: "Africa"
layer at (24,328) size 50x34 clip at (25,329) size 48x32 scrollWidth 143
  LayoutBlockFlow {SPAN} at (0,0) size 50x34 [border: (1px solid #C0C0C0)]
    LayoutImage (floating) {IMG} at (2,2) size 16x16
    LayoutInline {SPAN} at (0,0) size 125x19
      LayoutText {#text} at (18,2) size 125x19
        text run at (18,2) width 125: "Alexander's Empire"
layer at (227,328) size 50x34 clip at (228,329) size 48x32 scrollWidth 117
  LayoutBlockFlow {SPAN} at (0,0) size 50x34 [border: (1px solid #C0C0C0)]
    LayoutImage (floating) {IMG} at (2,2) size 16x16
    LayoutInline {SPAN} at (0,0) size 99x19
      LayoutText {#text} at (18,2) size 99x19
        text run at (18,2) width 99: "Ancient Greece"
