layer at (0,0) size 800x600
  LayoutView at (0,0) size 800x600
layer at (0,0) size 800x600
  LayoutBlockFlow {HTML} at (0,0) size 800x600
    LayoutBlockFlow {BODY} at (8,8) size 784x584
      LayoutBlockFlow {P} at (0,0) size 784x40
        LayoutText {#text} at (0,0) size 52x19
          text run at (0,0) width 52: "Test for "
        LayoutInline {I} at (0,0) size 779x39
          LayoutInline {A} at (0,0) size 302x19 [color=#0000EE]
            LayoutText {#text} at (51,0) size 302x19
              text run at (51,0) width 302: "http://bugs.webkit.org/show_bug.cgi?id=13072"
          LayoutText {#text} at (352,0) size 779x39
            text run at (352,0) width 5: " "
            text run at (356,0) width 423: "REGRESSION (r15617): white-space: pre-wrap breaks off the last"
            text run at (0,20) width 160: "character of a wide word"
        LayoutText {#text} at (159,20) size 5x19
          text run at (159,20) width 5: "."
      LayoutBlockFlow {P} at (0,56) size 784x20
        LayoutText {#text} at (0,0) size 227x19
          text run at (0,0) width 227: "The following line should not wrap."
      LayoutBlockFlow {DIV} at (0,92) size 150x20 [bgcolor=#D3D3D3]
        LayoutText {#text} at (0,0) size 188x19
          text run at (0,0) width 188: "abcdefghijklmnopqrstuvwxyz"
