layer at (0,0) size 800x600
  LayoutView at (0,0) size 800x600
layer at (0,0) size 800x600
  LayoutBlockFlow {HTML} at (0,0) size 800x600
    LayoutBlockFlow {BODY} at (8,8) size 784x579
      LayoutBlockFlow {PRE} at (0,0) size 784x154
        LayoutText {#text} at (0,45) size 24x16
          text run at (0,45) width 24: "One"
        LayoutInline {SPAN} at (0,0) size 129x154
          LayoutText {#text} at (24,0) size 129x154
            text run at (24,0) width 0: " "
            text run at (0,77) width 129: "Two"
