layer at (0,0) size 800x600
  LayoutView at (0,0) size 800x600
layer at (0,0) size 800x600
  LayoutBlockFlow {HTML} at (0,0) size 800x600
    LayoutBlockFlow {BODY} at (8,8) size 784x584
      LayoutMenuList {SELECT} at (0,1) size 58x18 [bgcolor=#F8F8F8]
        LayoutBlockFlow (anonymous) at (0,0) size 58x18
          LayoutText (anonymous) at (8,2) size 27x13
            text run at (8,2) width 27: "Hello"
      LayoutText {#text} at (58,0) size 4x18
        text run at (58,0) width 4: " "
      LayoutMenuList {SELECT} at (62,1) size 78x18 [bgcolor=#F8F8F8]
        LayoutBlockFlow (anonymous) at (0,0) size 78x18
          LayoutText (anonymous) at (8,2) size 47x13
            text run at (8,2) width 47: "Goodbye"
      LayoutText {#text} at (0,0) size 0x0
