layer at (0,0) size 800x600
  LayoutView at (0,0) size 800x600
layer at (0,0) size 800x600
  LayoutBlockFlow {HTML} at (0,0) size 800x600
    LayoutBlockFlow {BODY} at (8,8) size 784x584
      LayoutMenuList {SELECT} at (0,0) size 59x18 [color=#808080] [bgcolor=#F8F8F8]
        LayoutBlockFlow (anonymous) at (0,0) size 59x18
          LayoutText (anonymous) at (8,2) size 28x13
            text run at (8,2) width 28: "PASS"
      LayoutBR {BR} at (59,13) size 0x0
      LayoutMenuList {SELECT} at (0,18) size 59x18 [color=#808080] [bgcolor=#F8F8F8]
        LayoutBlockFlow (anonymous) at (0,0) size 59x18
          LayoutText (anonymous) at (8,2) size 28x13
            text run at (8,2) width 28: "PASS"
      LayoutBR {BR} at (59,31) size 0x0
      LayoutMenuList {SELECT} at (0,36) size 59x18 [bgcolor=#F8F8F8]
        LayoutBlockFlow (anonymous) at (0,0) size 59x18
          LayoutText (anonymous) at (8,2) size 28x13
            text run at (8,2) width 28: "PASS"
      LayoutBR {BR} at (59,49) size 0x0
      LayoutMenuList {SELECT} at (0,54) size 59x18 [bgcolor=#F8F8F8]
        LayoutBlockFlow (anonymous) at (0,0) size 59x18
          LayoutText (anonymous) at (8,2) size 28x13
            text run at (8,2) width 28: "PASS"
      LayoutBR {BR} at (59,67) size 0x0
      LayoutBR {BR} at (44,98) size 1x1
      LayoutBR {BR} at (44,128) size 1x1
      LayoutBR {BR} at (44,159) size 1x1
      LayoutBR {BR} at (44,189) size 1x1
      LayoutText {#text} at (0,193) size 495x19
        text run at (0,193) width 495: "PASS: sel1 correctly set to selectedIndex 1 by sel1.options[1].selected = true."
      LayoutBR {BR} at (494,207) size 1x1
      LayoutText {#text} at (0,211) size 445x19
        text run at (0,211) width 445: "PASS: sel2 correctly set to selectedIndex 1 by sel2.selectedIndex = 1."
      LayoutBR {BR} at (444,225) size 1x1
      LayoutText {#text} at (0,229) size 495x19
        text run at (0,229) width 495: "PASS: sel3 correctly set to selectedIndex 1 by sel3.options[1].selected = true."
      LayoutBR {BR} at (494,243) size 1x1
      LayoutText {#text} at (0,247) size 445x19
        text run at (0,247) width 445: "PASS: sel4 correctly set to selectedIndex 1 by sel4.selectedIndex = 1."
      LayoutBR {BR} at (444,261) size 1x1
      LayoutText {#text} at (0,265) size 495x19
        text run at (0,265) width 495: "PASS: sel5 correctly set to selectedIndex 1 by sel5.options[1].selected = true."
      LayoutBR {BR} at (494,279) size 1x1
      LayoutText {#text} at (0,283) size 445x19
        text run at (0,283) width 445: "PASS: sel6 correctly set to selectedIndex 1 by sel6.selectedIndex = 1."
      LayoutBR {BR} at (444,297) size 1x1
      LayoutText {#text} at (0,301) size 495x19
        text run at (0,301) width 495: "PASS: sel7 correctly set to selectedIndex 1 by sel7.options[1].selected = true."
      LayoutBR {BR} at (494,315) size 1x1
      LayoutText {#text} at (0,319) size 445x19
        text run at (0,319) width 445: "PASS: sel8 correctly set to selectedIndex 1 by sel8.selectedIndex = 1."
      LayoutBR {BR} at (444,333) size 1x1
layer at (8,80) size 45x30 clip at (9,81) size 32x28
  LayoutListBox {SELECT} at (0,72) size 44.94x30.38 [color=#7F7F7F] [bgcolor=#FFFFFF] [border: (1px solid #999999)]
    LayoutBlockFlow {OPTION} at (1,1) size 31.94x14.19
      LayoutText {#text} at (2,0) size 23x13
        text run at (2,0) width 23: "FAIL"
    LayoutBlockFlow {OPTION} at (1,15.19) size 31.94x14.19 [color=#808080] [bgcolor=#D4D4D4]
      LayoutText {#text} at (2,0) size 28x13
        text run at (2,0) width 28: "PASS"
layer at (8,110) size 45x31 clip at (9,111) size 32x29
  LayoutListBox {SELECT} at (0,102.38) size 44.94x30.38 [color=#7F7F7F] [bgcolor=#FFFFFF] [border: (1px solid #999999)]
    LayoutBlockFlow {OPTION} at (1,1) size 31.94x14.19
      LayoutText {#text} at (2,0) size 23x13
        text run at (2,0) width 23: "FAIL"
    LayoutBlockFlow {OPTION} at (1,15.19) size 31.94x14.19 [color=#808080] [bgcolor=#D4D4D4]
      LayoutText {#text} at (2,0) size 28x13
        text run at (2,0) width 28: "PASS"
layer at (8,141) size 45x30 clip at (9,142) size 32x28
  LayoutListBox {SELECT} at (0,132.75) size 44.94x30.38 [bgcolor=#FFFFFF] [border: (1px solid #999999)]
    LayoutBlockFlow {OPTION} at (1,1) size 31.94x14.19
      LayoutText {#text} at (2,0) size 23x13
        text run at (2,0) width 23: "FAIL"
    LayoutBlockFlow {OPTION} at (1,15.19) size 31.94x14.19 [color=#808080] [bgcolor=#D4D4D4]
      LayoutText {#text} at (2,0) size 28x13
        text run at (2,0) width 28: "PASS"
layer at (8,171) size 45x31 clip at (9,172) size 32x29
  LayoutListBox {SELECT} at (0,163.13) size 44.94x30.38 [bgcolor=#FFFFFF] [border: (1px solid #999999)]
    LayoutBlockFlow {OPTION} at (1,1) size 31.94x14.19
      LayoutText {#text} at (2,0) size 23x13
        text run at (2,0) width 23: "FAIL"
    LayoutBlockFlow {OPTION} at (1,15.19) size 31.94x14.19 [color=#808080] [bgcolor=#D4D4D4]
      LayoutText {#text} at (2,0) size 28x13
        text run at (2,0) width 28: "PASS"
