layer at (0,0) size 800x600
  LayoutView at (0,0) size 800x600
layer at (0,0) size 800x488
  LayoutBlockFlow {HTML} at (0,0) size 800x488
    LayoutBlockFlow {BODY} at (8,8) size 784x472
      LayoutMenuList {SELECT} at (4,4) size 48x18 [bgcolor=#F8F8F8]
        LayoutBlockFlow (anonymous) at (0,0) size 48x18
          LayoutText (anonymous) at (8,2) size 17x13
            text run at (8,2) width 17: "foo"
      LayoutText {#text} at (56,3) size 4x18
        text run at (56,3) width 4: " "
      LayoutBR {BR} at (60,3) size 0x18
      LayoutMenuList {SELECT} at (4,30) size 48x18 [bgcolor=#F8F8F8]
        LayoutBlockFlow (anonymous) at (0,0) size 48x18
          LayoutText (anonymous) at (8,2) size 17x13
            text run at (8,2) width 17: "foo"
      LayoutText {#text} at (56,29) size 4x18
        text run at (56,29) width 4: " "
      LayoutMenuList {SELECT} at (64,30) size 48x18 [bgcolor=#F8F8F8]
        LayoutBlockFlow (anonymous) at (0,0) size 48x18
          LayoutText (anonymous) at (8,2) size 17x13
            text run at (8,2) width 17: "foo"
      LayoutText {#text} at (116,29) size 4x18
        text run at (116,29) width 4: " "
      LayoutMenuList {SELECT} at (124,30) size 48x18 [bgcolor=#F8F8F8]
        LayoutBlockFlow (anonymous) at (0,0) size 48x18
          LayoutText (anonymous) at (8,2) size 17x13
            text run at (8,2) width 17: "foo"
      LayoutText {#text} at (176,29) size 4x18
        text run at (176,29) width 4: " "
      LayoutMenuList {SELECT} at (184,30) size 48x18 [bgcolor=#F8F8F8]
        LayoutBlockFlow (anonymous) at (0,0) size 48x18
          LayoutText (anonymous) at (8,2) size 17x13
            text run at (8,2) width 17: "foo"
      LayoutText {#text} at (236,29) size 4x18
        text run at (236,29) width 4: " "
      LayoutBR {BR} at (240,29) size 0x18
      LayoutMenuList {SELECT} at (4,56) size 44x22 [bgcolor=#F8F8F8] [border: (3px solid #00FF00)]
        LayoutBlockFlow (anonymous) at (3,3) size 38x16
          LayoutText (anonymous) at (8,1) size 17x13
            text run at (8,1) width 17: "foo"
      LayoutText {#text} at (52,57) size 4x18
        text run at (52,57) width 4: " "
      LayoutMenuList {SELECT} at (60,58) size 40x18 [bgcolor=#F8F8F8] [border: (1px solid #A6A6A6)]
        LayoutBlockFlow (anonymous) at (1,1) size 38x16
          LayoutText (anonymous) at (8,1) size 17x13
            text run at (8,1) width 17: "foo"
      LayoutText {#text} at (104,57) size 4x18
        text run at (104,57) width 4: " "
      LayoutBR {BR} at (108,57) size 0x18
      LayoutMenuList {SELECT} at (4,93) size 40x18 [color=#FFFFFF] [border: (1px solid #A6A6A6)]
        LayoutBlockFlow (anonymous) at (1,1) size 38x16
          LayoutText (anonymous) at (8,1) size 17x13
            text run at (8,1) width 17: "foo"
      LayoutText {#text} at (48,92) size 4x18
        text run at (48,92) width 4: " "
      LayoutBlockFlow {DIV} at (52,82) size 63x40 [bgcolor=#DBB102]
        LayoutMenuList {SELECT} at (12,12) size 39x16
          LayoutBlockFlow (anonymous) at (0,0) size 39x16
            LayoutText (anonymous) at (8,1) size 18x13
              text run at (8,1) width 18: "bar"
      LayoutText {#text} at (115,92) size 4x18
        text run at (115,92) width 4: " "
      LayoutBR {BR} at (119,92) size 0x18
      LayoutMenuList {SELECT} at (4,126) size 40x18 [bgcolor=#F8F8F8] [border: (1px solid #A6A6A6)]
        LayoutBlockFlow (anonymous) at (1,1) size 38x16
          LayoutText (anonymous) at (8,1) size 17x13
            text run at (8,1) width 17: "foo"
      LayoutText {#text} at (48,125) size 4x18
        text run at (48,125) width 4: " "
      LayoutBR {BR} at (52,125) size 0x18
      LayoutMenuList {SELECT} at (4,160) size 51x23 [bgcolor=#F8F8F8] [border: (1px solid #A6A6A6)]
        LayoutBlockFlow (anonymous) at (1,1) size 49x21
          LayoutText (anonymous) at (8,1) size 25x18
            text run at (8,1) width 25: "foo"
      LayoutText {#text} at (59,163) size 4x18
        text run at (59,163) width 4: " "
      LayoutMenuList {SELECT} at (67,156) size 56x28 [bgcolor=#F8F8F8] [border: (1px solid #A6A6A6)]
        LayoutBlockFlow (anonymous) at (1,1) size 54x26
          LayoutText (anonymous) at (8,1) size 28x23
            text run at (8,1) width 28: "foo"
      LayoutText {#text} at (127,163) size 4x18
        text run at (127,163) width 4: " "
      LayoutMenuList {SELECT} at (135,152) size 63x33 [bgcolor=#F8F8F8] [border: (1px solid #A6A6A6)]
        LayoutBlockFlow (anonymous) at (1,1) size 61x31
          LayoutText (anonymous) at (8,1) size 34x28
            text run at (8,1) width 34: "foo"
      LayoutText {#text} at (202,163) size 4x18
        text run at (202,163) width 4: " "
      LayoutMenuList {SELECT} at (210,164) size 115x18 [bgcolor=#F8F8F8] [border: (1px solid #A6A6A6)]
        LayoutBlockFlow (anonymous) at (1,1) size 113x16
          LayoutText (anonymous) at (8,1) size 92x13
            text run at (8,1) width 92: "September 2016"
      LayoutText {#text} at (329,163) size 4x18
        text run at (329,163) width 4: " "
      LayoutBR {BR} at (333,163) size 0x18
      LayoutMenuList {SELECT} at (6,203.50) size 61x26 [bgcolor=#F8F8F8] [border: (1.50px solid #A6A6A6)]
        LayoutBlockFlow (anonymous) at (1.50,1.50) size 58x23
          LayoutText (anonymous) at (12,1) size 26x19
            text run at (12,1) width 26: "foo"
      LayoutText {#text} at (73,208) size 4x18
        text run at (73,208) width 4: " "
      LayoutMenuList {SELECT} at (85,197) size 77x36 [bgcolor=#F8F8F8] [border: (2px solid #A6A6A6)]
        LayoutBlockFlow (anonymous) at (2,2) size 73x32
          LayoutText (anonymous) at (16,2) size 31x26
            text run at (16,2) width 31: "foo"
      LayoutText {#text} at (170,208) size 4x18
        text run at (170,208) width 4: " "
      LayoutMenuList {SELECT} at (176,211.50) size 28x15 [bgcolor=#F8F8F8] [border: (0.50px solid #A6A6A6)]
        LayoutBlockFlow (anonymous) at (0.50,1.50) size 27x12
          LayoutText (anonymous) at (4,0) size 14x11
            text run at (4,0) width 14: "foo"
      LayoutText {#text} at (206,208) size 4x18
        text run at (206,208) width 4: " "
      LayoutBR {BR} at (210,208) size 0x18
      LayoutText {#text} at (208,256) size 4x18
        text run at (208,256) width 4: " "
      LayoutBR {BR} at (212,256) size 0x18
      LayoutText {#text} at (208,289) size 4x18
        text run at (208,289) width 4: " "
      LayoutBR {BR} at (212,289) size 0x18
      LayoutText {#text} at (208,322) size 4x18
        text run at (208,322) width 4: " "
      LayoutBR {BR} at (212,322) size 0x18
      LayoutText {#text} at (208,355) size 4x18
        text run at (208,355) width 4: " "
      LayoutBR {BR} at (212,355) size 0x18
      LayoutText {#text} at (208,388) size 4x18
        text run at (208,388) width 4: " "
      LayoutBR {BR} at (212,388) size 0x18
      LayoutMenuList {SELECT} at (4,410) size 60x18 [bgcolor=#F8F8F8]
        LayoutBlockFlow (anonymous) at (0,0) size 60x18
          LayoutText (anonymous) at (8,2) size 34x13
            text run at (8,2) width 34: "Month"
      LayoutText {#text} at (68,409) size 4x18
        text run at (68,409) width 4: " "
      LayoutBR {BR} at (72,409) size 0x18
      LayoutMenuList {SELECT} at (4,443) size 48x18 [bgcolor=#F8F8F8]
        LayoutBlockFlow (anonymous) at (0,0) size 48x18
          LayoutText (anonymous) at (23,2) size 17x13
            text run at (23,2) width 17: "foo"
      LayoutText {#text} at (56,442) size 4x18
        text run at (56,442) width 4: " "
      LayoutMenuList {SELECT} at (64,441) size 44x22 [bgcolor=#F8F8F8] [border: (3px solid #00FF00)]
        LayoutBlockFlow (anonymous) at (3,3) size 38x16
          LayoutText (anonymous) at (13,1) size 17x13
            text run at (13,1) width 17: "foo"
      LayoutText {#text} at (112,442) size 4x18
        text run at (112,442) width 4: " "
      LayoutMenuList {SELECT} at (120,436) size 54x32 [bgcolor=#F8F8F8] [border: (8px solid #00FF00)]
        LayoutBlockFlow (anonymous) at (8,8) size 38x16
          LayoutText (anonymous) at (13,1) size 17x13
            text run at (13,1) width 17: "foo"
      LayoutText {#text} at (178,442) size 4x18
        text run at (178,442) width 4: " "
      LayoutMenuList {SELECT} at (186,443) size 40x18 [bgcolor=#F8F8F8] [border: (1px solid #A6A6A6)]
        LayoutBlockFlow (anonymous) at (1,1) size 38x16
          LayoutText (anonymous) at (13,1) size 17x13
            text run at (13,1) width 17: "foo"
      LayoutText {#text} at (230,442) size 4x18
        text run at (230,442) width 4: " "
      LayoutBR {BR} at (234,442) size 0x18
layer at (12,253) size 200x25 clip at (13,254) size 187x23 scrollHeight 43
  LayoutListBox {SELECT} at (4,245) size 200x25 [bgcolor=#FFFFFF] [border: (1px solid #999999)]
    LayoutBlockFlow {OPTION} at (1,1) size 187x14.19
      LayoutText {#text} at (2,0) size 31x13
        text run at (2,0) width 31: "Item 1"
    LayoutBlockFlow {OPTION} at (1,15.19) size 187x14.19
      LayoutText {#text} at (2,0) size 33x13
        text run at (2,0) width 33: "Item 2"
    LayoutBlockFlow {OPTION} at (1,29.38) size 187x14.19
      LayoutText {#text} at (2,0) size 33x13
        text run at (2,0) width 33: "Item 3"
layer at (12,286) size 200x25 clip at (13,287) size 187x23 scrollY 5.00 scrollHeight 43
  LayoutListBox {SELECT} at (4,278) size 200x25 [bgcolor=#FFFFFF] [border: (1px solid #999999)]
    LayoutBlockFlow {OPTION} at (1,1) size 187x14.19
      LayoutText {#text} at (2,0) size 31x13
        text run at (2,0) width 31: "Item 1"
    LayoutBlockFlow {OPTION} at (1,15.19) size 187x14.19 [bgcolor=#D4D4D4]
      LayoutText {#text} at (2,0) size 33x13
        text run at (2,0) width 33: "Item 2"
    LayoutBlockFlow {OPTION} at (1,29.38) size 187x14.19
      LayoutText {#text} at (2,0) size 33x13
        text run at (2,0) width 33: "Item 3"
layer at (12,319) size 200x25 clip at (13,320) size 187x23 scrollY 5.00 scrollHeight 43
  LayoutListBox {SELECT} at (4,311) size 200x25 [bgcolor=#FFFFFF] [border: (1px solid #999999)]
    LayoutBlockFlow {OPTION} at (1,1) size 187x14.19
      LayoutText {#text} at (2,0) size 31x13
        text run at (2,0) width 31: "Item 1"
    LayoutBlockFlow {OPTION} at (1,15.19) size 187x14.19 [bgcolor=#D4D4D4]
      LayoutText {#text} at (2,0) size 33x13
        text run at (2,0) width 33: "Item 2"
    LayoutBlockFlow {OPTION} at (1,29.38) size 187x14.19 [bgcolor=#D4D4D4]
      LayoutText {#text} at (2,0) size 33x13
        text run at (2,0) width 33: "Item 3"
layer at (12,352) size 200x25 clip at (13,353) size 187x23 scrollHeight 312
  LayoutListBox {SELECT} at (4,344) size 200x25 [bgcolor=#FFFFFF] [border: (1px solid #999999)]
    LayoutBlockFlow {OPTION} at (1,1) size 187x14.19 [bgcolor=#D4D4D4]
      LayoutText {#text} at (2,0) size 41x13
        text run at (2,0) width 41: "Item 0.1"
    LayoutBlockFlow {OPTGROUP} at (1,15.19) size 187x56.75
      LayoutBlockFlow {DIV} at (0,0) size 187x14.19
        LayoutText {#text} at (2,0) size 43x13
          text run at (2,0) width 43: "Group 1"
      LayoutBlockFlow {OPTION} at (0,14.19) size 187x14.19
        LayoutInline {<pseudo:before>} at (0,0) size 13x13
          LayoutTextFragment (anonymous) at (2,0) size 13x13
            text run at (2,0) width 13: "    "
        LayoutText {#text} at (14,0) size 40x13
          text run at (14,0) width 40: "Item 1.1"
      LayoutBlockFlow {OPTION} at (0,28.38) size 187x14.19
        LayoutInline {<pseudo:before>} at (0,0) size 13x13
          LayoutTextFragment (anonymous) at (2,0) size 13x13
            text run at (2,0) width 13: "    "
        LayoutText {#text} at (14,0) size 41x13
          text run at (14,0) width 41: "Item 1.2"
      LayoutBlockFlow {OPTION} at (0,42.56) size 187x14.19
        LayoutInline {<pseudo:before>} at (0,0) size 13x13
          LayoutTextFragment (anonymous) at (2,0) size 13x13
            text run at (2,0) width 13: "    "
        LayoutText {#text} at (14,0) size 41x13
          text run at (14,0) width 41: "Item 1.3"
    LayoutBlockFlow {OPTGROUP} at (1,71.94) size 187x56.75
      LayoutBlockFlow {DIV} at (0,0) size 187x14.19
        LayoutText {#text} at (2,0) size 44x13
          text run at (2,0) width 44: "Group 2"
      LayoutBlockFlow {OPTION} at (0,14.19) size 187x14.19
        LayoutInline {<pseudo:before>} at (0,0) size 13x13
          LayoutTextFragment (anonymous) at (2,0) size 13x13
            text run at (2,0) width 13: "    "
        LayoutText {#text} at (14,0) size 41x13
          text run at (14,0) width 41: "Item 2.1"
      LayoutBlockFlow {OPTION} at (0,28.38) size 187x14.19
        LayoutInline {<pseudo:before>} at (0,0) size 13x13
          LayoutTextFragment (anonymous) at (2,0) size 13x13
            text run at (2,0) width 13: "    "
        LayoutText {#text} at (14,0) size 43x13
          text run at (14,0) width 43: "Item 2.2"
      LayoutBlockFlow {OPTION} at (0,42.56) size 187x14.19 [bgcolor=#D4D4D4]
        LayoutInline {<pseudo:before>} at (0,0) size 13x13
          LayoutTextFragment (anonymous) at (2,0) size 13x13
            text run at (2,0) width 13: "    "
        LayoutText {#text} at (14,0) size 43x13
          text run at (14,0) width 43: "Item 2.3"
    LayoutBlockFlow {OPTGROUP} at (1,128.69) size 187x56.75
      LayoutBlockFlow {DIV} at (0,0) size 187x14.19
        LayoutText {#text} at (2,0) size 45x13
          text run at (2,0) width 45: "Group 3"
      LayoutBlockFlow {OPTION} at (0,14.19) size 187x14.19 [bgcolor=#D4D4D4]
        LayoutInline {<pseudo:before>} at (0,0) size 13x13
          LayoutTextFragment (anonymous) at (2,0) size 13x13
            text run at (2,0) width 13: "    "
        LayoutText {#text} at (14,0) size 41x13
          text run at (14,0) width 41: "Item 3.1"
      LayoutBlockFlow {OPTION} at (0,28.38) size 187x14.19
        LayoutInline {<pseudo:before>} at (0,0) size 13x13
          LayoutTextFragment (anonymous) at (2,0) size 13x13
            text run at (2,0) width 13: "    "
        LayoutText {#text} at (14,0) size 43x13
          text run at (14,0) width 43: "Item 3.2"
      LayoutBlockFlow {OPTION} at (0,42.56) size 187x14.19 [bgcolor=#D4D4D4]
        LayoutInline {<pseudo:before>} at (0,0) size 13x13
          LayoutTextFragment (anonymous) at (2,0) size 13x13
            text run at (2,0) width 13: "    "
        LayoutText {#text} at (14,0) size 43x13
          text run at (14,0) width 43: "Item 3.3"
    LayoutBlockFlow {OPTGROUP} at (1,185.44) size 187x56.75
      LayoutBlockFlow {DIV} at (0,0) size 187x14.19
        LayoutText {#text} at (2,0) size 45x13
          text run at (2,0) width 45: "Group 4"
      LayoutBlockFlow {OPTION} at (0,14.19) size 187x14.19
        LayoutInline {<pseudo:before>} at (0,0) size 13x13
          LayoutTextFragment (anonymous) at (2,0) size 13x13
            text run at (2,0) width 13: "    "
        LayoutText {#text} at (14,0) size 41x13
          text run at (14,0) width 41: "Item 4.1"
      LayoutBlockFlow {OPTION} at (0,28.38) size 187x14.19 [bgcolor=#D4D4D4]
        LayoutInline {<pseudo:before>} at (0,0) size 13x13
          LayoutTextFragment (anonymous) at (2,0) size 13x13
            text run at (2,0) width 13: "    "
        LayoutText {#text} at (14,0) size 43x13
          text run at (14,0) width 43: "Item 4.2"
      LayoutBlockFlow {OPTION} at (0,42.56) size 187x14.19
        LayoutInline {<pseudo:before>} at (0,0) size 13x13
          LayoutTextFragment (anonymous) at (2,0) size 13x13
            text run at (2,0) width 13: "    "
        LayoutText {#text} at (14,0) size 43x13
          text run at (14,0) width 43: "Item 4.3"
    LayoutBlockFlow {OPTGROUP} at (1,242.19) size 187x56.75
      LayoutBlockFlow {DIV} at (0,0) size 187x14.19
        LayoutText {#text} at (2,0) size 44x13
          text run at (2,0) width 44: "Group 5"
      LayoutBlockFlow {OPTION} at (0,14.19) size 187x14.19 [bgcolor=#D4D4D4]
        LayoutInline {<pseudo:before>} at (0,0) size 13x13
          LayoutTextFragment (anonymous) at (2,0) size 13x13
            text run at (2,0) width 13: "    "
        LayoutText {#text} at (14,0) size 41x13
          text run at (14,0) width 41: "Item 5.1"
      LayoutBlockFlow {OPTION} at (0,28.38) size 187x14.19
        LayoutInline {<pseudo:before>} at (0,0) size 13x13
          LayoutTextFragment (anonymous) at (2,0) size 13x13
            text run at (2,0) width 13: "    "
        LayoutText {#text} at (14,0) size 43x13
          text run at (14,0) width 43: "Item 5.2"
      LayoutBlockFlow {OPTION} at (0,42.56) size 187x14.19
        LayoutInline {<pseudo:before>} at (0,0) size 13x13
          LayoutTextFragment (anonymous) at (2,0) size 13x13
            text run at (2,0) width 13: "    "
        LayoutText {#text} at (14,0) size 43x13
          text run at (14,0) width 43: "Item 5.3"
    LayoutBlockFlow {OPTION} at (1,298.94) size 187x14.19 [bgcolor=#D4D4D4]
      LayoutText {#text} at (2,0) size 42x13
        text run at (2,0) width 42: "Item 0.2"
layer at (12,385) size 200x25 clip at (13,386) size 187x23 scrollHeight 17507
  LayoutListBox {SELECT} at (4,377) size 200x25 [bgcolor=#FFFFFF] [border: (1px solid #999999)]
    LayoutBlockFlow {OPTION} at (1,1) size 187x14.19 [bgcolor=#D4D4D4]
      LayoutText {#text} at (2,0) size 31x13
        text run at (2,0) width 31: "Item 1"
    LayoutBlockFlow {OPTION} at (1,15.19) size 187x14.19 [bgcolor=#D4D4D4]
      LayoutText {#text} at (2,0) size 33x13
        text run at (2,0) width 33: "Item 2"
    LayoutBlockFlow {OPTION} at (1,29.38) size 187x14.19 [bgcolor=#D4D4D4]
      LayoutText {#text} at (2,0) size 33x13
        text run at (2,0) width 33: "Item 3"
    LayoutBlockFlow {OPTION} at (1,43.56) size 187x14.19 [bgcolor=#D4D4D4]
      LayoutText {#text} at (2,0) size 33x13
        text run at (2,0) width 33: "Item 4"
    LayoutBlockFlow {OPTION} at (1,57.75) size 187x14.19 [bgcolor=#D4D4D4]
      LayoutText {#text} at (2,0) size 33x13
        text run at (2,0) width 33: "Item 5"
    LayoutBlockFlow {OPTION} at (1,71.94) size 187x14.19 [bgcolor=#D4D4D4]
      LayoutText {#text} at (2,0) size 33x13
        text run at (2,0) width 33: "Item 6"
    LayoutBlockFlow {OPTION} at (1,86.13) size 187x14.19 [bgcolor=#D4D4D4]
      LayoutText {#text} at (2,0) size 33x13
        text run at (2,0) width 33: "Item 7"
    LayoutBlockFlow {OPTION} at (1,100.31) size 187x14.19 [bgcolor=#D4D4D4]
      LayoutText {#text} at (2,0) size 33x13
        text run at (2,0) width 33: "Item 8"
    LayoutBlockFlow {OPTION} at (1,114.50) size 187x14.19 [bgcolor=#D4D4D4]
      LayoutText {#text} at (2,0) size 33x13
        text run at (2,0) width 33: "Item 9"
    LayoutBlockFlow {OPTION} at (1,128.69) size 187x14.19 [bgcolor=#D4D4D4]
      LayoutText {#text} at (2,0) size 38x13
        text run at (2,0) width 38: "Item 10"
    LayoutBlockFlow {OPTION} at (1,142.88) size 187x14.19 [bgcolor=#D4D4D4]
      LayoutText {#text} at (2,0) size 37x13
        text run at (2,0) width 37: "Item 11"
    LayoutBlockFlow {OPTION} at (1,157.06) size 187x14.19 [bgcolor=#D4D4D4]
      LayoutText {#text} at (2,0) size 38x13
        text run at (2,0) width 38: "Item 12"
    LayoutBlockFlow {OPTION} at (1,171.25) size 187x14.19 [bgcolor=#D4D4D4]
      LayoutText {#text} at (2,0) size 38x13
        text run at (2,0) width 38: "Item 13"
    LayoutBlockFlow {OPTION} at (1,185.44) size 187x14.19 [bgcolor=#D4D4D4]
      LayoutText {#text} at (2,0) size 39x13
        text run at (2,0) width 39: "Item 14"
    LayoutBlockFlow {OPTION} at (1,199.63) size 187x14.19 [bgcolor=#D4D4D4]
      LayoutText {#text} at (2,0) size 38x13
        text run at (2,0) width 38: "Item 15"
    LayoutBlockFlow {OPTION} at (1,213.81) size 187x14.19 [bgcolor=#D4D4D4]
      LayoutText {#text} at (2,0) size 38x13
        text run at (2,0) width 38: "Item 16"
    LayoutBlockFlow {OPTION} at (1,228) size 187x14.19 [bgcolor=#D4D4D4]
      LayoutText {#text} at (2,0) size 38x13
        text run at (2,0) width 38: "Item 17"
    LayoutBlockFlow {OPTION} at (1,242.19) size 187x14.19 [bgcolor=#D4D4D4]
      LayoutText {#text} at (2,0) size 38x13
        text run at (2,0) width 38: "Item 18"
    LayoutBlockFlow {OPTION} at (1,256.38) size 187x14.19 [bgcolor=#D4D4D4]
      LayoutText {#text} at (2,0) size 38x13
        text run at (2,0) width 38: "Item 19"
    LayoutBlockFlow {OPTION} at (1,270.56) size 187x14.19 [bgcolor=#D4D4D4]
      LayoutText {#text} at (2,0) size 40x13
        text run at (2,0) width 40: "Item 20"
    LayoutBlockFlow {OPTION} at (1,284.75) size 187x14.19 [bgcolor=#D4D4D4]
      LayoutText {#text} at (2,0) size 38x13
        text run at (2,0) width 38: "Item 21"
    LayoutBlockFlow {OPTION} at (1,298.94) size 187x14.19 [bgcolor=#D4D4D4]
      LayoutText {#text} at (2,0) size 40x13
        text run at (2,0) width 40: "Item 22"
    LayoutBlockFlow {OPTION} at (1,313.13) size 187x14.19 [bgcolor=#D4D4D4]
      LayoutText {#text} at (2,0) size 40x13
        text run at (2,0) width 40: "Item 23"
    LayoutBlockFlow {OPTION} at (1,327.31) size 187x14.19 [bgcolor=#D4D4D4]
      LayoutText {#text} at (2,0) size 40x13
        text run at (2,0) width 40: "Item 24"
    LayoutBlockFlow {OPTION} at (1,341.50) size 187x14.19 [bgcolor=#D4D4D4]
      LayoutText {#text} at (2,0) size 40x13
        text run at (2,0) width 40: "Item 25"
    LayoutBlockFlow {OPTION} at (1,355.69) size 187x14.19 [bgcolor=#D4D4D4]
      LayoutText {#text} at (2,0) size 40x13
        text run at (2,0) width 40: "Item 26"
    LayoutBlockFlow {OPTION} at (1,369.88) size 187x14.19 [bgcolor=#D4D4D4]
      LayoutText {#text} at (2,0) size 39x13
        text run at (2,0) width 39: "Item 27"
    LayoutBlockFlow {OPTION} at (1,384.06) size 187x14.19 [bgcolor=#D4D4D4]
      LayoutText {#text} at (2,0) size 40x13
        text run at (2,0) width 40: "Item 28"
    LayoutBlockFlow {OPTION} at (1,398.25) size 187x14.19 [bgcolor=#D4D4D4]
      LayoutText {#text} at (2,0) size 40x13
        text run at (2,0) width 40: "Item 29"
    LayoutBlockFlow {OPTION} at (1,412.44) size 187x14.19 [bgcolor=#D4D4D4]
      LayoutText {#text} at (2,0) size 40x13
        text run at (2,0) width 40: "Item 30"
    LayoutBlockFlow {OPTION} at (1,426.63) size 187x14.19 [bgcolor=#D4D4D4]
      LayoutText {#text} at (2,0) size 38x13
        text run at (2,0) width 38: "Item 31"
    LayoutBlockFlow {OPTION} at (1,440.81) size 187x14.19 [bgcolor=#D4D4D4]
      LayoutText {#text} at (2,0) size 40x13
        text run at (2,0) width 40: "Item 32"
    LayoutBlockFlow {OPTION} at (1,455) size 187x14.19 [bgcolor=#D4D4D4]
      LayoutText {#text} at (2,0) size 40x13
        text run at (2,0) width 40: "Item 33"
    LayoutBlockFlow {OPTION} at (1,469.19) size 187x14.19 [bgcolor=#D4D4D4]
      LayoutText {#text} at (2,0) size 40x13
        text run at (2,0) width 40: "Item 34"
    LayoutBlockFlow {OPTION} at (1,483.38) size 187x14.19 [bgcolor=#D4D4D4]
      LayoutText {#text} at (2,0) size 40x13
        text run at (2,0) width 40: "Item 35"
    LayoutBlockFlow {OPTION} at (1,497.56) size 187x14.19 [bgcolor=#D4D4D4]
      LayoutText {#text} at (2,0) size 40x13
        text run at (2,0) width 40: "Item 36"
    LayoutBlockFlow {OPTION} at (1,511.75) size 187x14.19 [bgcolor=#D4D4D4]
      LayoutText {#text} at (2,0) size 39x13
        text run at (2,0) width 39: "Item 37"
    LayoutBlockFlow {OPTION} at (1,525.94) size 187x14.19 [bgcolor=#D4D4D4]
      LayoutText {#text} at (2,0) size 40x13
        text run at (2,0) width 40: "Item 38"
    LayoutBlockFlow {OPTION} at (1,540.13) size 187x14.19 [bgcolor=#D4D4D4]
      LayoutText {#text} at (2,0) size 40x13
        text run at (2,0) width 40: "Item 39"
    LayoutBlockFlow {OPTION} at (1,554.31) size 187x14.19 [bgcolor=#D4D4D4]
      LayoutText {#text} at (2,0) size 40x13
        text run at (2,0) width 40: "Item 40"
    LayoutBlockFlow {OPTION} at (1,568.50) size 187x14.19 [bgcolor=#D4D4D4]
      LayoutText {#text} at (2,0) size 38x13
        text run at (2,0) width 38: "Item 41"
    LayoutBlockFlow {OPTION} at (1,582.69) size 187x14.19 [bgcolor=#D4D4D4]
      LayoutText {#text} at (2,0) size 40x13
        text run at (2,0) width 40: "Item 42"
    LayoutBlockFlow {OPTION} at (1,596.88) size 187x14.19 [bgcolor=#D4D4D4]
      LayoutText {#text} at (2,0) size 40x13
        text run at (2,0) width 40: "Item 43"
    LayoutBlockFlow {OPTION} at (1,611.06) size 187x14.19 [bgcolor=#D4D4D4]
      LayoutText {#text} at (2,0) size 40x13
        text run at (2,0) width 40: "Item 44"
    LayoutBlockFlow {OPTION} at (1,625.25) size 187x14.19 [bgcolor=#D4D4D4]
      LayoutText {#text} at (2,0) size 40x13
        text run at (2,0) width 40: "Item 45"
    LayoutBlockFlow {OPTION} at (1,639.44) size 187x14.19 [bgcolor=#D4D4D4]
      LayoutText {#text} at (2,0) size 40x13
        text run at (2,0) width 40: "Item 46"
    LayoutBlockFlow {OPTION} at (1,653.63) size 187x14.19 [bgcolor=#D4D4D4]
      LayoutText {#text} at (2,0) size 40x13
        text run at (2,0) width 40: "Item 47"
    LayoutBlockFlow {OPTION} at (1,667.81) size 187x14.19 [bgcolor=#D4D4D4]
      LayoutText {#text} at (2,0) size 40x13
        text run at (2,0) width 40: "Item 48"
    LayoutBlockFlow {OPTION} at (1,682) size 187x14.19 [bgcolor=#D4D4D4]
      LayoutText {#text} at (2,0) size 40x13
        text run at (2,0) width 40: "Item 49"
    LayoutBlockFlow {OPTION} at (1,696.19) size 187x14.19 [bgcolor=#D4D4D4]
      LayoutText {#text} at (2,0) size 40x13
        text run at (2,0) width 40: "Item 50"
    LayoutBlockFlow {OPTION} at (1,710.38) size 187x14.19 [bgcolor=#D4D4D4]
      LayoutText {#text} at (2,0) size 38x13
        text run at (2,0) width 38: "Item 51"
    LayoutBlockFlow {OPTION} at (1,724.56) size 187x14.19 [bgcolor=#D4D4D4]
      LayoutText {#text} at (2,0) size 40x13
        text run at (2,0) width 40: "Item 52"
    LayoutBlockFlow {OPTION} at (1,738.75) size 187x14.19 [bgcolor=#D4D4D4]
      LayoutText {#text} at (2,0) size 40x13
        text run at (2,0) width 40: "Item 53"
    LayoutBlockFlow {OPTION} at (1,752.94) size 187x14.19 [bgcolor=#D4D4D4]
      LayoutText {#text} at (2,0) size 40x13
        text run at (2,0) width 40: "Item 54"
    LayoutBlockFlow {OPTION} at (1,767.13) size 187x14.19 [bgcolor=#D4D4D4]
      LayoutText {#text} at (2,0) size 40x13
        text run at (2,0) width 40: "Item 55"
    LayoutBlockFlow {OPTION} at (1,781.31) size 187x14.19 [bgcolor=#D4D4D4]
      LayoutText {#text} at (2,0) size 40x13
        text run at (2,0) width 40: "Item 56"
    LayoutBlockFlow {OPTION} at (1,795.50) size 187x14.19 [bgcolor=#D4D4D4]
      LayoutText {#text} at (2,0) size 39x13
        text run at (2,0) width 39: "Item 57"
    LayoutBlockFlow {OPTION} at (1,809.69) size 187x14.19 [bgcolor=#D4D4D4]
      LayoutText {#text} at (2,0) size 40x13
        text run at (2,0) width 40: "Item 58"
    LayoutBlockFlow {OPTION} at (1,823.88) size 187x14.19 [bgcolor=#D4D4D4]
      LayoutText {#text} at (2,0) size 40x13
        text run at (2,0) width 40: "Item 59"
    LayoutBlockFlow {OPTION} at (1,838.06) size 187x14.19 [bgcolor=#D4D4D4]
      LayoutText {#text} at (2,0) size 40x13
        text run at (2,0) width 40: "Item 60"
    LayoutBlockFlow {OPTION} at (1,852.25) size 187x14.19 [bgcolor=#D4D4D4]
      LayoutText {#text} at (2,0) size 38x13
        text run at (2,0) width 38: "Item 61"
    LayoutBlockFlow {OPTION} at (1,866.44) size 187x14.19 [bgcolor=#D4D4D4]
      LayoutText {#text} at (2,0) size 40x13
        text run at (2,0) width 40: "Item 62"
    LayoutBlockFlow {OPTION} at (1,880.63) size 187x14.19 [bgcolor=#D4D4D4]
      LayoutText {#text} at (2,0) size 40x13
        text run at (2,0) width 40: "Item 63"
    LayoutBlockFlow {OPTION} at (1,894.81) size 187x14.19 [bgcolor=#D4D4D4]
      LayoutText {#text} at (2,0) size 40x13
        text run at (2,0) width 40: "Item 64"
    LayoutBlockFlow {OPTION} at (1,909) size 187x14.19 [bgcolor=#D4D4D4]
      LayoutText {#text} at (2,0) size 40x13
        text run at (2,0) width 40: "Item 65"
    LayoutBlockFlow {OPTION} at (1,923.19) size 187x14.19 [bgcolor=#D4D4D4]
      LayoutText {#text} at (2,0) size 40x13
        text run at (2,0) width 40: "Item 66"
    LayoutBlockFlow {OPTION} at (1,937.38) size 187x14.19 [bgcolor=#D4D4D4]
      LayoutText {#text} at (2,0) size 40x13
        text run at (2,0) width 40: "Item 67"
    LayoutBlockFlow {OPTION} at (1,951.56) size 187x14.19 [bgcolor=#D4D4D4]
      LayoutText {#text} at (2,0) size 40x13
        text run at (2,0) width 40: "Item 68"
    LayoutBlockFlow {OPTION} at (1,965.75) size 187x14.19 [bgcolor=#D4D4D4]
      LayoutText {#text} at (2,0) size 40x13
        text run at (2,0) width 40: "Item 69"
    LayoutBlockFlow {OPTION} at (1,979.94) size 187x14.19 [bgcolor=#D4D4D4]
      LayoutText {#text} at (2,0) size 39x13
        text run at (2,0) width 39: "Item 70"
    LayoutBlockFlow {OPTION} at (1,994.13) size 187x14.19 [bgcolor=#D4D4D4]
      LayoutText {#text} at (2,0) size 38x13
        text run at (2,0) width 38: "Item 71"
    LayoutBlockFlow {OPTION} at (1,1008.31) size 187x14.19 [bgcolor=#D4D4D4]
      LayoutText {#text} at (2,0) size 39x13
        text run at (2,0) width 39: "Item 72"
    LayoutBlockFlow {OPTION} at (1,1022.50) size 187x14.19 [bgcolor=#D4D4D4]
      LayoutText {#text} at (2,0) size 39x13
        text run at (2,0) width 39: "Item 73"
    LayoutBlockFlow {OPTION} at (1,1036.69) size 187x14.19 [bgcolor=#D4D4D4]
      LayoutText {#text} at (2,0) size 39x13
        text run at (2,0) width 39: "Item 74"
    LayoutBlockFlow {OPTION} at (1,1050.88) size 187x14.19 [bgcolor=#D4D4D4]
      LayoutText {#text} at (2,0) size 39x13
        text run at (2,0) width 39: "Item 75"
    LayoutBlockFlow {OPTION} at (1,1065.06) size 187x14.19 [bgcolor=#D4D4D4]
      LayoutText {#text} at (2,0) size 39x13
        text run at (2,0) width 39: "Item 76"
    LayoutBlockFlow {OPTION} at (1,1079.25) size 187x14.19 [bgcolor=#D4D4D4]
      LayoutText {#text} at (2,0) size 39x13
        text run at (2,0) width 39: "Item 77"
    LayoutBlockFlow {OPTION} at (1,1093.44) size 187x14.19 [bgcolor=#D4D4D4]
      LayoutText {#text} at (2,0) size 39x13
        text run at (2,0) width 39: "Item 78"
    LayoutBlockFlow {OPTION} at (1,1107.63) size 187x14.19 [bgcolor=#D4D4D4]
      LayoutText {#text} at (2,0) size 39x13
        text run at (2,0) width 39: "Item 79"
    LayoutBlockFlow {OPTION} at (1,1121.81) size 187x14.19 [bgcolor=#D4D4D4]
      LayoutText {#text} at (2,0) size 40x13
        text run at (2,0) width 40: "Item 80"
    LayoutBlockFlow {OPTION} at (1,1136) size 187x14.19 [bgcolor=#D4D4D4]
      LayoutText {#text} at (2,0) size 38x13
        text run at (2,0) width 38: "Item 81"
    LayoutBlockFlow {OPTION} at (1,1150.19) size 187x14.19 [bgcolor=#D4D4D4]
      LayoutText {#text} at (2,0) size 40x13
        text run at (2,0) width 40: "Item 82"
    LayoutBlockFlow {OPTION} at (1,1164.38) size 187x14.19 [bgcolor=#D4D4D4]
      LayoutText {#text} at (2,0) size 40x13
        text run at (2,0) width 40: "Item 83"
    LayoutBlockFlow {OPTION} at (1,1178.56) size 187x14.19 [bgcolor=#D4D4D4]
      LayoutText {#text} at (2,0) size 40x13
        text run at (2,0) width 40: "Item 84"
    LayoutBlockFlow {OPTION} at (1,1192.75) size 187x14.19 [bgcolor=#D4D4D4]
      LayoutText {#text} at (2,0) size 40x13
        text run at (2,0) width 40: "Item 85"
    LayoutBlockFlow {OPTION} at (1,1206.94) size 187x14.19 [bgcolor=#D4D4D4]
      LayoutText {#text} at (2,0) size 40x13
        text run at (2,0) width 40: "Item 86"
    LayoutBlockFlow {OPTION} at (1,1221.13) size 187x14.19 [bgcolor=#D4D4D4]
      LayoutText {#text} at (2,0) size 40x13
        text run at (2,0) width 40: "Item 87"
    LayoutBlockFlow {OPTION} at (1,1235.31) size 187x14.19 [bgcolor=#D4D4D4]
      LayoutText {#text} at (2,0) size 40x13
        text run at (2,0) width 40: "Item 88"
    LayoutBlockFlow {OPTION} at (1,1249.50) size 187x14.19 [bgcolor=#D4D4D4]
      LayoutText {#text} at (2,0) size 40x13
        text run at (2,0) width 40: "Item 89"
    LayoutBlockFlow {OPTION} at (1,1263.69) size 187x14.19 [bgcolor=#D4D4D4]
      LayoutText {#text} at (2,0) size 40x13
        text run at (2,0) width 40: "Item 90"
    LayoutBlockFlow {OPTION} at (1,1277.88) size 187x14.19 [bgcolor=#D4D4D4]
      LayoutText {#text} at (2,0) size 38x13
        text run at (2,0) width 38: "Item 91"
    LayoutBlockFlow {OPTION} at (1,1292.06) size 187x14.19 [bgcolor=#D4D4D4]
      LayoutText {#text} at (2,0) size 40x13
        text run at (2,0) width 40: "Item 92"
    LayoutBlockFlow {OPTION} at (1,1306.25) size 187x14.19 [bgcolor=#D4D4D4]
      LayoutText {#text} at (2,0) size 40x13
        text run at (2,0) width 40: "Item 93"
    LayoutBlockFlow {OPTION} at (1,1320.44) size 187x14.19 [bgcolor=#D4D4D4]
      LayoutText {#text} at (2,0) size 40x13
        text run at (2,0) width 40: "Item 94"
    LayoutBlockFlow {OPTION} at (1,1334.63) size 187x14.19 [bgcolor=#D4D4D4]
      LayoutText {#text} at (2,0) size 40x13
        text run at (2,0) width 40: "Item 95"
    LayoutBlockFlow {OPTION} at (1,1348.81) size 187x14.19 [bgcolor=#D4D4D4]
      LayoutText {#text} at (2,0) size 40x13
        text run at (2,0) width 40: "Item 96"
    LayoutBlockFlow {OPTION} at (1,1363) size 187x14.19 [bgcolor=#D4D4D4]
      LayoutText {#text} at (2,0) size 39x13
        text run at (2,0) width 39: "Item 97"
    LayoutBlockFlow {OPTION} at (1,1377.19) size 187x14.19 [bgcolor=#D4D4D4]
      LayoutText {#text} at (2,0) size 40x13
        text run at (2,0) width 40: "Item 98"
    LayoutBlockFlow {OPTION} at (1,1391.38) size 187x14.19 [bgcolor=#D4D4D4]
      LayoutText {#text} at (2,0) size 40x13
        text run at (2,0) width 40: "Item 99"
    LayoutBlockFlow {OPTION} at (1,1405.56) size 187x14.19 [bgcolor=#D4D4D4]
      LayoutText {#text} at (2,0) size 45x13
        text run at (2,0) width 45: "Item 100"
    LayoutBlockFlow {OPTION} at (1,1419.75) size 187x14.19 [bgcolor=#D4D4D4]
      LayoutText {#text} at (2,0) size 43x13
        text run at (2,0) width 43: "Item 101"
    LayoutBlockFlow {OPTION} at (1,1433.94) size 187x14.19 [bgcolor=#D4D4D4]
      LayoutText {#text} at (2,0) size 45x13
        text run at (2,0) width 45: "Item 102"
    LayoutBlockFlow {OPTION} at (1,1448.13) size 187x14.19 [bgcolor=#D4D4D4]
      LayoutText {#text} at (2,0) size 45x13
        text run at (2,0) width 45: "Item 103"
    LayoutBlockFlow {OPTION} at (1,1462.31) size 187x14.19 [bgcolor=#D4D4D4]
      LayoutText {#text} at (2,0) size 45x13
        text run at (2,0) width 45: "Item 104"
    LayoutBlockFlow {OPTION} at (1,1476.50) size 187x14.19 [bgcolor=#D4D4D4]
      LayoutText {#text} at (2,0) size 45x13
        text run at (2,0) width 45: "Item 105"
    LayoutBlockFlow {OPTION} at (1,1490.69) size 187x14.19 [bgcolor=#D4D4D4]
      LayoutText {#text} at (2,0) size 45x13
        text run at (2,0) width 45: "Item 106"
    LayoutBlockFlow {OPTION} at (1,1504.88) size 187x14.19 [bgcolor=#D4D4D4]
      LayoutText {#text} at (2,0) size 44x13
        text run at (2,0) width 44: "Item 107"
    LayoutBlockFlow {OPTION} at (1,1519.06) size 187x14.19 [bgcolor=#D4D4D4]
      LayoutText {#text} at (2,0) size 45x13
        text run at (2,0) width 45: "Item 108"
    LayoutBlockFlow {OPTION} at (1,1533.25) size 187x14.19 [bgcolor=#D4D4D4]
      LayoutText {#text} at (2,0) size 45x13
        text run at (2,0) width 45: "Item 109"
    LayoutBlockFlow {OPTION} at (1,1547.44) size 187x14.19 [bgcolor=#D4D4D4]
      LayoutText {#text} at (2,0) size 43x13
        text run at (2,0) width 43: "Item 110"
    LayoutBlockFlow {OPTION} at (1,1561.63) size 187x14.19 [bgcolor=#D4D4D4]
      LayoutText {#text} at (2,0) size 42x13
        text run at (2,0) width 42: "Item 111"
    LayoutBlockFlow {OPTION} at (1,1575.81) size 187x14.19 [bgcolor=#D4D4D4]
      LayoutText {#text} at (2,0) size 43x13
        text run at (2,0) width 43: "Item 112"
    LayoutBlockFlow {OPTION} at (1,1590) size 187x14.19 [bgcolor=#D4D4D4]
      LayoutText {#text} at (2,0) size 43x13
        text run at (2,0) width 43: "Item 113"
    LayoutBlockFlow {OPTION} at (1,1604.19) size 187x14.19 [bgcolor=#D4D4D4]
      LayoutText {#text} at (2,0) size 44x13
        text run at (2,0) width 44: "Item 114"
    LayoutBlockFlow {OPTION} at (1,1618.38) size 187x14.19 [bgcolor=#D4D4D4]
      LayoutText {#text} at (2,0) size 43x13
        text run at (2,0) width 43: "Item 115"
    LayoutBlockFlow {OPTION} at (1,1632.56) size 187x14.19 [bgcolor=#D4D4D4]
      LayoutText {#text} at (2,0) size 44x13
        text run at (2,0) width 44: "Item 116"
    LayoutBlockFlow {OPTION} at (1,1646.75) size 187x14.19 [bgcolor=#D4D4D4]
      LayoutText {#text} at (2,0) size 43x13
        text run at (2,0) width 43: "Item 117"
    LayoutBlockFlow {OPTION} at (1,1660.94) size 187x14.19 [bgcolor=#D4D4D4]
      LayoutText {#text} at (2,0) size 44x13
        text run at (2,0) width 44: "Item 118"
    LayoutBlockFlow {OPTION} at (1,1675.13) size 187x14.19 [bgcolor=#D4D4D4]
      LayoutText {#text} at (2,0) size 44x13
        text run at (2,0) width 44: "Item 119"
    LayoutBlockFlow {OPTION} at (1,1689.31) size 187x14.19 [bgcolor=#D4D4D4]
      LayoutText {#text} at (2,0) size 45x13
        text run at (2,0) width 45: "Item 120"
    LayoutBlockFlow {OPTION} at (1,1703.50) size 187x14.19 [bgcolor=#D4D4D4]
      LayoutText {#text} at (2,0) size 43x13
        text run at (2,0) width 43: "Item 121"
    LayoutBlockFlow {OPTION} at (1,1717.69) size 187x14.19 [bgcolor=#D4D4D4]
      LayoutText {#text} at (2,0) size 45x13
        text run at (2,0) width 45: "Item 122"
    LayoutBlockFlow {OPTION} at (1,1731.88) size 187x14.19 [bgcolor=#D4D4D4]
      LayoutText {#text} at (2,0) size 45x13
        text run at (2,0) width 45: "Item 123"
    LayoutBlockFlow {OPTION} at (1,1746.06) size 187x14.19 [bgcolor=#D4D4D4]
      LayoutText {#text} at (2,0) size 45x13
        text run at (2,0) width 45: "Item 124"
    LayoutBlockFlow {OPTION} at (1,1760.25) size 187x14.19 [bgcolor=#D4D4D4]
      LayoutText {#text} at (2,0) size 45x13
        text run at (2,0) width 45: "Item 125"
    LayoutBlockFlow {OPTION} at (1,1774.44) size 187x14.19 [bgcolor=#D4D4D4]
      LayoutText {#text} at (2,0) size 45x13
        text run at (2,0) width 45: "Item 126"
    LayoutBlockFlow {OPTION} at (1,1788.63) size 187x14.19 [bgcolor=#D4D4D4]
      LayoutText {#text} at (2,0) size 44x13
        text run at (2,0) width 44: "Item 127"
    LayoutBlockFlow {OPTION} at (1,1802.81) size 187x14.19 [bgcolor=#D4D4D4]
      LayoutText {#text} at (2,0) size 45x13
        text run at (2,0) width 45: "Item 128"
    LayoutBlockFlow {OPTION} at (1,1817) size 187x14.19 [bgcolor=#D4D4D4]
      LayoutText {#text} at (2,0) size 45x13
        text run at (2,0) width 45: "Item 129"
    LayoutBlockFlow {OPTION} at (1,1831.19) size 187x14.19 [bgcolor=#D4D4D4]
      LayoutText {#text} at (2,0) size 45x13
        text run at (2,0) width 45: "Item 130"
    LayoutBlockFlow {OPTION} at (1,1845.38) size 187x14.19 [bgcolor=#D4D4D4]
      LayoutText {#text} at (2,0) size 43x13
        text run at (2,0) width 43: "Item 131"
    LayoutBlockFlow {OPTION} at (1,1859.56) size 187x14.19 [bgcolor=#D4D4D4]
      LayoutText {#text} at (2,0) size 45x13
        text run at (2,0) width 45: "Item 132"
    LayoutBlockFlow {OPTION} at (1,1873.75) size 187x14.19 [bgcolor=#D4D4D4]
      LayoutText {#text} at (2,0) size 45x13
        text run at (2,0) width 45: "Item 133"
    LayoutBlockFlow {OPTION} at (1,1887.94) size 187x14.19 [bgcolor=#D4D4D4]
      LayoutText {#text} at (2,0) size 45x13
        text run at (2,0) width 45: "Item 134"
    LayoutBlockFlow {OPTION} at (1,1902.13) size 187x14.19 [bgcolor=#D4D4D4]
      LayoutText {#text} at (2,0) size 45x13
        text run at (2,0) width 45: "Item 135"
    LayoutBlockFlow {OPTION} at (1,1916.31) size 187x14.19 [bgcolor=#D4D4D4]
      LayoutText {#text} at (2,0) size 45x13
        text run at (2,0) width 45: "Item 136"
    LayoutBlockFlow {OPTION} at (1,1930.50) size 187x14.19 [bgcolor=#D4D4D4]
      LayoutText {#text} at (2,0) size 45x13
        text run at (2,0) width 45: "Item 137"
    LayoutBlockFlow {OPTION} at (1,1944.69) size 187x14.19 [bgcolor=#D4D4D4]
      LayoutText {#text} at (2,0) size 45x13
        text run at (2,0) width 45: "Item 138"
    LayoutBlockFlow {OPTION} at (1,1958.88) size 187x14.19 [bgcolor=#D4D4D4]
      LayoutText {#text} at (2,0) size 45x13
        text run at (2,0) width 45: "Item 139"
    LayoutBlockFlow {OPTION} at (1,1973.06) size 187x14.19 [bgcolor=#D4D4D4]
      LayoutText {#text} at (2,0) size 45x13
        text run at (2,0) width 45: "Item 140"
    LayoutBlockFlow {OPTION} at (1,1987.25) size 187x14.19 [bgcolor=#D4D4D4]
      LayoutText {#text} at (2,0) size 44x13
        text run at (2,0) width 44: "Item 141"
    LayoutBlockFlow {OPTION} at (1,2001.44) size 187x14.19 [bgcolor=#D4D4D4]
      LayoutText {#text} at (2,0) size 45x13
        text run at (2,0) width 45: "Item 142"
    LayoutBlockFlow {OPTION} at (1,2015.63) size 187x14.19 [bgcolor=#D4D4D4]
      LayoutText {#text} at (2,0) size 45x13
        text run at (2,0) width 45: "Item 143"
    LayoutBlockFlow {OPTION} at (1,2029.81) size 187x14.19 [bgcolor=#D4D4D4]
      LayoutText {#text} at (2,0) size 46x13
        text run at (2,0) width 46: "Item 144"
    LayoutBlockFlow {OPTION} at (1,2044) size 187x14.19 [bgcolor=#D4D4D4]
      LayoutText {#text} at (2,0) size 45x13
        text run at (2,0) width 45: "Item 145"
    LayoutBlockFlow {OPTION} at (1,2058.19) size 187x14.19 [bgcolor=#D4D4D4]
      LayoutText {#text} at (2,0) size 46x13
        text run at (2,0) width 46: "Item 146"
    LayoutBlockFlow {OPTION} at (1,2072.38) size 187x14.19 [bgcolor=#D4D4D4]
      LayoutText {#text} at (2,0) size 45x13
        text run at (2,0) width 45: "Item 147"
    LayoutBlockFlow {OPTION} at (1,2086.56) size 187x14.19 [bgcolor=#D4D4D4]
      LayoutText {#text} at (2,0) size 46x13
        text run at (2,0) width 46: "Item 148"
    LayoutBlockFlow {OPTION} at (1,2100.75) size 187x14.19 [bgcolor=#D4D4D4]
      LayoutText {#text} at (2,0) size 46x13
        text run at (2,0) width 46: "Item 149"
    LayoutBlockFlow {OPTION} at (1,2114.94) size 187x14.19 [bgcolor=#D4D4D4]
      LayoutText {#text} at (2,0) size 45x13
        text run at (2,0) width 45: "Item 150"
    LayoutBlockFlow {OPTION} at (1,2129.13) size 187x14.19 [bgcolor=#D4D4D4]
      LayoutText {#text} at (2,0) size 43x13
        text run at (2,0) width 43: "Item 151"
    LayoutBlockFlow {OPTION} at (1,2143.31) size 187x14.19 [bgcolor=#D4D4D4]
      LayoutText {#text} at (2,0) size 45x13
        text run at (2,0) width 45: "Item 152"
    LayoutBlockFlow {OPTION} at (1,2157.50) size 187x14.19 [bgcolor=#D4D4D4]
      LayoutText {#text} at (2,0) size 45x13
        text run at (2,0) width 45: "Item 153"
    LayoutBlockFlow {OPTION} at (1,2171.69) size 187x14.19 [bgcolor=#D4D4D4]
      LayoutText {#text} at (2,0) size 45x13
        text run at (2,0) width 45: "Item 154"
    LayoutBlockFlow {OPTION} at (1,2185.88) size 187x14.19 [bgcolor=#D4D4D4]
      LayoutText {#text} at (2,0) size 45x13
        text run at (2,0) width 45: "Item 155"
    LayoutBlockFlow {OPTION} at (1,2200.06) size 187x14.19 [bgcolor=#D4D4D4]
      LayoutText {#text} at (2,0) size 45x13
        text run at (2,0) width 45: "Item 156"
    LayoutBlockFlow {OPTION} at (1,2214.25) size 187x14.19 [bgcolor=#D4D4D4]
      LayoutText {#text} at (2,0) size 45x13
        text run at (2,0) width 45: "Item 157"
    LayoutBlockFlow {OPTION} at (1,2228.44) size 187x14.19 [bgcolor=#D4D4D4]
      LayoutText {#text} at (2,0) size 45x13
        text run at (2,0) width 45: "Item 158"
    LayoutBlockFlow {OPTION} at (1,2242.63) size 187x14.19 [bgcolor=#D4D4D4]
      LayoutText {#text} at (2,0) size 45x13
        text run at (2,0) width 45: "Item 159"
    LayoutBlockFlow {OPTION} at (1,2256.81) size 187x14.19 [bgcolor=#D4D4D4]
      LayoutText {#text} at (2,0) size 45x13
        text run at (2,0) width 45: "Item 160"
    LayoutBlockFlow {OPTION} at (1,2271) size 187x14.19 [bgcolor=#D4D4D4]
      LayoutText {#text} at (2,0) size 44x13
        text run at (2,0) width 44: "Item 161"
    LayoutBlockFlow {OPTION} at (1,2285.19) size 187x14.19 [bgcolor=#D4D4D4]
      LayoutText {#text} at (2,0) size 45x13
        text run at (2,0) width 45: "Item 162"
    LayoutBlockFlow {OPTION} at (1,2299.38) size 187x14.19 [bgcolor=#D4D4D4]
      LayoutText {#text} at (2,0) size 45x13
        text run at (2,0) width 45: "Item 163"
    LayoutBlockFlow {OPTION} at (1,2313.56) size 187x14.19 [bgcolor=#D4D4D4]
      LayoutText {#text} at (2,0) size 46x13
        text run at (2,0) width 46: "Item 164"
    LayoutBlockFlow {OPTION} at (1,2327.75) size 187x14.19 [bgcolor=#D4D4D4]
      LayoutText {#text} at (2,0) size 45x13
        text run at (2,0) width 45: "Item 165"
    LayoutBlockFlow {OPTION} at (1,2341.94) size 187x14.19 [bgcolor=#D4D4D4]
      LayoutText {#text} at (2,0) size 45x13
        text run at (2,0) width 45: "Item 166"
    LayoutBlockFlow {OPTION} at (1,2356.13) size 187x14.19 [bgcolor=#D4D4D4]
      LayoutText {#text} at (2,0) size 45x13
        text run at (2,0) width 45: "Item 167"
    LayoutBlockFlow {OPTION} at (1,2370.31) size 187x14.19 [bgcolor=#D4D4D4]
      LayoutText {#text} at (2,0) size 45x13
        text run at (2,0) width 45: "Item 168"
    LayoutBlockFlow {OPTION} at (1,2384.50) size 187x14.19 [bgcolor=#D4D4D4]
      LayoutText {#text} at (2,0) size 45x13
        text run at (2,0) width 45: "Item 169"
    LayoutBlockFlow {OPTION} at (1,2398.69) size 187x14.19 [bgcolor=#D4D4D4]
      LayoutText {#text} at (2,0) size 44x13
        text run at (2,0) width 44: "Item 170"
    LayoutBlockFlow {OPTION} at (1,2412.88) size 187x14.19 [bgcolor=#D4D4D4]
      LayoutText {#text} at (2,0) size 43x13
        text run at (2,0) width 43: "Item 171"
    LayoutBlockFlow {OPTION} at (1,2427.06) size 187x14.19 [bgcolor=#D4D4D4]
      LayoutText {#text} at (2,0) size 44x13
        text run at (2,0) width 44: "Item 172"
    LayoutBlockFlow {OPTION} at (1,2441.25) size 187x14.19 [bgcolor=#D4D4D4]
      LayoutText {#text} at (2,0) size 44x13
        text run at (2,0) width 44: "Item 173"
    LayoutBlockFlow {OPTION} at (1,2455.44) size 187x14.19 [bgcolor=#D4D4D4]
      LayoutText {#text} at (2,0) size 44x13
        text run at (2,0) width 44: "Item 174"
    LayoutBlockFlow {OPTION} at (1,2469.63) size 187x14.19 [bgcolor=#D4D4D4]
      LayoutText {#text} at (2,0) size 44x13
        text run at (2,0) width 44: "Item 175"
    LayoutBlockFlow {OPTION} at (1,2483.81) size 187x14.19 [bgcolor=#D4D4D4]
      LayoutText {#text} at (2,0) size 45x13
        text run at (2,0) width 45: "Item 176"
    LayoutBlockFlow {OPTION} at (1,2498) size 187x14.19 [bgcolor=#D4D4D4]
      LayoutText {#text} at (2,0) size 44x13
        text run at (2,0) width 44: "Item 177"
    LayoutBlockFlow {OPTION} at (1,2512.19) size 187x14.19 [bgcolor=#D4D4D4]
      LayoutText {#text} at (2,0) size 45x13
        text run at (2,0) width 45: "Item 178"
    LayoutBlockFlow {OPTION} at (1,2526.38) size 187x14.19 [bgcolor=#D4D4D4]
      LayoutText {#text} at (2,0) size 45x13
        text run at (2,0) width 45: "Item 179"
    LayoutBlockFlow {OPTION} at (1,2540.56) size 187x14.19 [bgcolor=#D4D4D4]
      LayoutText {#text} at (2,0) size 45x13
        text run at (2,0) width 45: "Item 180"
    LayoutBlockFlow {OPTION} at (1,2554.75) size 187x14.19 [bgcolor=#D4D4D4]
      LayoutText {#text} at (2,0) size 44x13
        text run at (2,0) width 44: "Item 181"
    LayoutBlockFlow {OPTION} at (1,2568.94) size 187x14.19 [bgcolor=#D4D4D4]
      LayoutText {#text} at (2,0) size 45x13
        text run at (2,0) width 45: "Item 182"
    LayoutBlockFlow {OPTION} at (1,2583.13) size 187x14.19 [bgcolor=#D4D4D4]
      LayoutText {#text} at (2,0) size 45x13
        text run at (2,0) width 45: "Item 183"
    LayoutBlockFlow {OPTION} at (1,2597.31) size 187x14.19 [bgcolor=#D4D4D4]
      LayoutText {#text} at (2,0) size 46x13
        text run at (2,0) width 46: "Item 184"
    LayoutBlockFlow {OPTION} at (1,2611.50) size 187x14.19 [bgcolor=#D4D4D4]
      LayoutText {#text} at (2,0) size 45x13
        text run at (2,0) width 45: "Item 185"
    LayoutBlockFlow {OPTION} at (1,2625.69) size 187x14.19 [bgcolor=#D4D4D4]
      LayoutText {#text} at (2,0) size 45x13
        text run at (2,0) width 45: "Item 186"
    LayoutBlockFlow {OPTION} at (1,2639.88) size 187x14.19 [bgcolor=#D4D4D4]
      LayoutText {#text} at (2,0) size 45x13
        text run at (2,0) width 45: "Item 187"
    LayoutBlockFlow {OPTION} at (1,2654.06) size 187x14.19 [bgcolor=#D4D4D4]
      LayoutText {#text} at (2,0) size 45x13
        text run at (2,0) width 45: "Item 188"
    LayoutBlockFlow {OPTION} at (1,2668.25) size 187x14.19 [bgcolor=#D4D4D4]
      LayoutText {#text} at (2,0) size 45x13
        text run at (2,0) width 45: "Item 189"
    LayoutBlockFlow {OPTION} at (1,2682.44) size 187x14.19 [bgcolor=#D4D4D4]
      LayoutText {#text} at (2,0) size 45x13
        text run at (2,0) width 45: "Item 190"
    LayoutBlockFlow {OPTION} at (1,2696.63) size 187x14.19 [bgcolor=#D4D4D4]
      LayoutText {#text} at (2,0) size 44x13
        text run at (2,0) width 44: "Item 191"
    LayoutBlockFlow {OPTION} at (1,2710.81) size 187x14.19 [bgcolor=#D4D4D4]
      LayoutText {#text} at (2,0) size 45x13
        text run at (2,0) width 45: "Item 192"
    LayoutBlockFlow {OPTION} at (1,2725) size 187x14.19 [bgcolor=#D4D4D4]
      LayoutText {#text} at (2,0) size 45x13
        text run at (2,0) width 45: "Item 193"
    LayoutBlockFlow {OPTION} at (1,2739.19) size 187x14.19 [bgcolor=#D4D4D4]
      LayoutText {#text} at (2,0) size 46x13
        text run at (2,0) width 46: "Item 194"
    LayoutBlockFlow {OPTION} at (1,2753.38) size 187x14.19 [bgcolor=#D4D4D4]
      LayoutText {#text} at (2,0) size 45x13
        text run at (2,0) width 45: "Item 195"
    LayoutBlockFlow {OPTION} at (1,2767.56) size 187x14.19 [bgcolor=#D4D4D4]
      LayoutText {#text} at (2,0) size 45x13
        text run at (2,0) width 45: "Item 196"
    LayoutBlockFlow {OPTION} at (1,2781.75) size 187x14.19 [bgcolor=#D4D4D4]
      LayoutText {#text} at (2,0) size 44x13
        text run at (2,0) width 44: "Item 197"
    LayoutBlockFlow {OPTION} at (1,2795.94) size 187x14.19 [bgcolor=#D4D4D4]
      LayoutText {#text} at (2,0) size 45x13
        text run at (2,0) width 45: "Item 198"
    LayoutBlockFlow {OPTION} at (1,2810.13) size 187x14.19 [bgcolor=#D4D4D4]
      LayoutText {#text} at (2,0) size 45x13
        text run at (2,0) width 45: "Item 199"
    LayoutBlockFlow {OPTION} at (1,2824.31) size 187x14.19 [bgcolor=#D4D4D4]
      LayoutText {#text} at (2,0) size 47x13
        text run at (2,0) width 47: "Item 200"
    LayoutBlockFlow {OPTION} at (1,2838.50) size 187x14.19 [bgcolor=#D4D4D4]
      LayoutText {#text} at (2,0) size 45x13
        text run at (2,0) width 45: "Item 201"
    LayoutBlockFlow {OPTION} at (1,2852.69) size 187x14.19 [bgcolor=#D4D4D4]
      LayoutText {#text} at (2,0) size 47x13
        text run at (2,0) width 47: "Item 202"
    LayoutBlockFlow {OPTION} at (1,2866.88) size 187x14.19 [bgcolor=#D4D4D4]
      LayoutText {#text} at (2,0) size 47x13
        text run at (2,0) width 47: "Item 203"
    LayoutBlockFlow {OPTION} at (1,2881.06) size 187x14.19 [bgcolor=#D4D4D4]
      LayoutText {#text} at (2,0) size 47x13
        text run at (2,0) width 47: "Item 204"
    LayoutBlockFlow {OPTION} at (1,2895.25) size 187x14.19 [bgcolor=#D4D4D4]
      LayoutText {#text} at (2,0) size 47x13
        text run at (2,0) width 47: "Item 205"
    LayoutBlockFlow {OPTION} at (1,2909.44) size 187x14.19 [bgcolor=#D4D4D4]
      LayoutText {#text} at (2,0) size 47x13
        text run at (2,0) width 47: "Item 206"
    LayoutBlockFlow {OPTION} at (1,2923.63) size 187x14.19 [bgcolor=#D4D4D4]
      LayoutText {#text} at (2,0) size 46x13
        text run at (2,0) width 46: "Item 207"
    LayoutBlockFlow {OPTION} at (1,2937.81) size 187x14.19 [bgcolor=#D4D4D4]
      LayoutText {#text} at (2,0) size 47x13
        text run at (2,0) width 47: "Item 208"
    LayoutBlockFlow {OPTION} at (1,2952) size 187x14.19 [bgcolor=#D4D4D4]
      LayoutText {#text} at (2,0) size 47x13
        text run at (2,0) width 47: "Item 209"
    LayoutBlockFlow {OPTION} at (1,2966.19) size 187x14.19 [bgcolor=#D4D4D4]
      LayoutText {#text} at (2,0) size 45x13
        text run at (2,0) width 45: "Item 210"
    LayoutBlockFlow {OPTION} at (1,2980.38) size 187x14.19 [bgcolor=#D4D4D4]
      LayoutText {#text} at (2,0) size 43x13
        text run at (2,0) width 43: "Item 211"
    LayoutBlockFlow {OPTION} at (1,2994.56) size 187x14.19 [bgcolor=#D4D4D4]
      LayoutText {#text} at (2,0) size 45x13
        text run at (2,0) width 45: "Item 212"
    LayoutBlockFlow {OPTION} at (1,3008.75) size 187x14.19 [bgcolor=#D4D4D4]
      LayoutText {#text} at (2,0) size 45x13
        text run at (2,0) width 45: "Item 213"
    LayoutBlockFlow {OPTION} at (1,3022.94) size 187x14.19 [bgcolor=#D4D4D4]
      LayoutText {#text} at (2,0) size 45x13
        text run at (2,0) width 45: "Item 214"
    LayoutBlockFlow {OPTION} at (1,3037.13) size 187x14.19 [bgcolor=#D4D4D4]
      LayoutText {#text} at (2,0) size 45x13
        text run at (2,0) width 45: "Item 215"
    LayoutBlockFlow {OPTION} at (1,3051.31) size 187x14.19 [bgcolor=#D4D4D4]
      LayoutText {#text} at (2,0) size 45x13
        text run at (2,0) width 45: "Item 216"
    LayoutBlockFlow {OPTION} at (1,3065.50) size 187x14.19 [bgcolor=#D4D4D4]
      LayoutText {#text} at (2,0) size 44x13
        text run at (2,0) width 44: "Item 217"
    LayoutBlockFlow {OPTION} at (1,3079.69) size 187x14.19 [bgcolor=#D4D4D4]
      LayoutText {#text} at (2,0) size 45x13
        text run at (2,0) width 45: "Item 218"
    LayoutBlockFlow {OPTION} at (1,3093.88) size 187x14.19 [bgcolor=#D4D4D4]
      LayoutText {#text} at (2,0) size 45x13
        text run at (2,0) width 45: "Item 219"
    LayoutBlockFlow {OPTION} at (1,3108.06) size 187x14.19 [bgcolor=#D4D4D4]
      LayoutText {#text} at (2,0) size 47x13
        text run at (2,0) width 47: "Item 220"
    LayoutBlockFlow {OPTION} at (1,3122.25) size 187x14.19 [bgcolor=#D4D4D4]
      LayoutText {#text} at (2,0) size 45x13
        text run at (2,0) width 45: "Item 221"
    LayoutBlockFlow {OPTION} at (1,3136.44) size 187x14.19 [bgcolor=#D4D4D4]
      LayoutText {#text} at (2,0) size 46x13
        text run at (2,0) width 46: "Item 222"
    LayoutBlockFlow {OPTION} at (1,3150.63) size 187x14.19 [bgcolor=#D4D4D4]
      LayoutText {#text} at (2,0) size 46x13
        text run at (2,0) width 46: "Item 223"
    LayoutBlockFlow {OPTION} at (1,3164.81) size 187x14.19 [bgcolor=#D4D4D4]
      LayoutText {#text} at (2,0) size 47x13
        text run at (2,0) width 47: "Item 224"
    LayoutBlockFlow {OPTION} at (1,3179) size 187x14.19 [bgcolor=#D4D4D4]
      LayoutText {#text} at (2,0) size 46x13
        text run at (2,0) width 46: "Item 225"
    LayoutBlockFlow {OPTION} at (1,3193.19) size 187x14.19 [bgcolor=#D4D4D4]
      LayoutText {#text} at (2,0) size 47x13
        text run at (2,0) width 47: "Item 226"
    LayoutBlockFlow {OPTION} at (1,3207.38) size 187x14.19 [bgcolor=#D4D4D4]
      LayoutText {#text} at (2,0) size 46x13
        text run at (2,0) width 46: "Item 227"
    LayoutBlockFlow {OPTION} at (1,3221.56) size 187x14.19 [bgcolor=#D4D4D4]
      LayoutText {#text} at (2,0) size 47x13
        text run at (2,0) width 47: "Item 228"
    LayoutBlockFlow {OPTION} at (1,3235.75) size 187x14.19 [bgcolor=#D4D4D4]
      LayoutText {#text} at (2,0) size 47x13
        text run at (2,0) width 47: "Item 229"
    LayoutBlockFlow {OPTION} at (1,3249.94) size 187x14.19 [bgcolor=#D4D4D4]
      LayoutText {#text} at (2,0) size 47x13
        text run at (2,0) width 47: "Item 230"
    LayoutBlockFlow {OPTION} at (1,3264.13) size 187x14.19 [bgcolor=#D4D4D4]
      LayoutText {#text} at (2,0) size 45x13
        text run at (2,0) width 45: "Item 231"
    LayoutBlockFlow {OPTION} at (1,3278.31) size 187x14.19 [bgcolor=#D4D4D4]
      LayoutText {#text} at (2,0) size 46x13
        text run at (2,0) width 46: "Item 232"
    LayoutBlockFlow {OPTION} at (1,3292.50) size 187x14.19 [bgcolor=#D4D4D4]
      LayoutText {#text} at (2,0) size 47x13
        text run at (2,0) width 47: "Item 233"
    LayoutBlockFlow {OPTION} at (1,3306.69) size 187x14.19 [bgcolor=#D4D4D4]
      LayoutText {#text} at (2,0) size 47x13
        text run at (2,0) width 47: "Item 234"
    LayoutBlockFlow {OPTION} at (1,3320.88) size 187x14.19 [bgcolor=#D4D4D4]
      LayoutText {#text} at (2,0) size 47x13
        text run at (2,0) width 47: "Item 235"
    LayoutBlockFlow {OPTION} at (1,3335.06) size 187x14.19 [bgcolor=#D4D4D4]
      LayoutText {#text} at (2,0) size 47x13
        text run at (2,0) width 47: "Item 236"
    LayoutBlockFlow {OPTION} at (1,3349.25) size 187x14.19 [bgcolor=#D4D4D4]
      LayoutText {#text} at (2,0) size 46x13
        text run at (2,0) width 46: "Item 237"
    LayoutBlockFlow {OPTION} at (1,3363.44) size 187x14.19 [bgcolor=#D4D4D4]
      LayoutText {#text} at (2,0) size 47x13
        text run at (2,0) width 47: "Item 238"
    LayoutBlockFlow {OPTION} at (1,3377.63) size 187x14.19 [bgcolor=#D4D4D4]
      LayoutText {#text} at (2,0) size 47x13
        text run at (2,0) width 47: "Item 239"
    LayoutBlockFlow {OPTION} at (1,3391.81) size 187x14.19 [bgcolor=#D4D4D4]
      LayoutText {#text} at (2,0) size 47x13
        text run at (2,0) width 47: "Item 240"
    LayoutBlockFlow {OPTION} at (1,3406) size 187x14.19 [bgcolor=#D4D4D4]
      LayoutText {#text} at (2,0) size 45x13
        text run at (2,0) width 45: "Item 241"
    LayoutBlockFlow {OPTION} at (1,3420.19) size 187x14.19 [bgcolor=#D4D4D4]
      LayoutText {#text} at (2,0) size 47x13
        text run at (2,0) width 47: "Item 242"
    LayoutBlockFlow {OPTION} at (1,3434.38) size 187x14.19 [bgcolor=#D4D4D4]
      LayoutText {#text} at (2,0) size 47x13
        text run at (2,0) width 47: "Item 243"
    LayoutBlockFlow {OPTION} at (1,3448.56) size 187x14.19 [bgcolor=#D4D4D4]
      LayoutText {#text} at (2,0) size 47x13
        text run at (2,0) width 47: "Item 244"
    LayoutBlockFlow {OPTION} at (1,3462.75) size 187x14.19 [bgcolor=#D4D4D4]
      LayoutText {#text} at (2,0) size 47x13
        text run at (2,0) width 47: "Item 245"
    LayoutBlockFlow {OPTION} at (1,3476.94) size 187x14.19 [bgcolor=#D4D4D4]
      LayoutText {#text} at (2,0) size 47x13
        text run at (2,0) width 47: "Item 246"
    LayoutBlockFlow {OPTION} at (1,3491.13) size 187x14.19 [bgcolor=#D4D4D4]
      LayoutText {#text} at (2,0) size 46x13
        text run at (2,0) width 46: "Item 247"
    LayoutBlockFlow {OPTION} at (1,3505.31) size 187x14.19 [bgcolor=#D4D4D4]
      LayoutText {#text} at (2,0) size 47x13
        text run at (2,0) width 47: "Item 248"
    LayoutBlockFlow {OPTION} at (1,3519.50) size 187x14.19 [bgcolor=#D4D4D4]
      LayoutText {#text} at (2,0) size 47x13
        text run at (2,0) width 47: "Item 249"
    LayoutBlockFlow {OPTION} at (1,3533.69) size 187x14.19 [bgcolor=#D4D4D4]
      LayoutText {#text} at (2,0) size 47x13
        text run at (2,0) width 47: "Item 250"
    LayoutBlockFlow {OPTION} at (1,3547.88) size 187x14.19 [bgcolor=#D4D4D4]
      LayoutText {#text} at (2,0) size 45x13
        text run at (2,0) width 45: "Item 251"
    LayoutBlockFlow {OPTION} at (1,3562.06) size 187x14.19 [bgcolor=#D4D4D4]
      LayoutText {#text} at (2,0) size 46x13
        text run at (2,0) width 46: "Item 252"
    LayoutBlockFlow {OPTION} at (1,3576.25) size 187x14.19 [bgcolor=#D4D4D4]
      LayoutText {#text} at (2,0) size 47x13
        text run at (2,0) width 47: "Item 253"
    LayoutBlockFlow {OPTION} at (1,3590.44) size 187x14.19 [bgcolor=#D4D4D4]
      LayoutText {#text} at (2,0) size 47x13
        text run at (2,0) width 47: "Item 254"
    LayoutBlockFlow {OPTION} at (1,3604.63) size 187x14.19 [bgcolor=#D4D4D4]
      LayoutText {#text} at (2,0) size 47x13
        text run at (2,0) width 47: "Item 255"
    LayoutBlockFlow {OPTION} at (1,3618.81) size 187x14.19 [bgcolor=#D4D4D4]
      LayoutText {#text} at (2,0) size 47x13
        text run at (2,0) width 47: "Item 256"
    LayoutBlockFlow {OPTION} at (1,3633) size 187x14.19 [bgcolor=#D4D4D4]
      LayoutText {#text} at (2,0) size 46x13
        text run at (2,0) width 46: "Item 257"
    LayoutBlockFlow {OPTION} at (1,3647.19) size 187x14.19 [bgcolor=#D4D4D4]
      LayoutText {#text} at (2,0) size 47x13
        text run at (2,0) width 47: "Item 258"
    LayoutBlockFlow {OPTION} at (1,3661.38) size 187x14.19 [bgcolor=#D4D4D4]
      LayoutText {#text} at (2,0) size 47x13
        text run at (2,0) width 47: "Item 259"
    LayoutBlockFlow {OPTION} at (1,3675.56) size 187x14.19 [bgcolor=#D4D4D4]
      LayoutText {#text} at (2,0) size 47x13
        text run at (2,0) width 47: "Item 260"
    LayoutBlockFlow {OPTION} at (1,3689.75) size 187x14.19 [bgcolor=#D4D4D4]
      LayoutText {#text} at (2,0) size 45x13
        text run at (2,0) width 45: "Item 261"
    LayoutBlockFlow {OPTION} at (1,3703.94) size 187x14.19 [bgcolor=#D4D4D4]
      LayoutText {#text} at (2,0) size 47x13
        text run at (2,0) width 47: "Item 262"
    LayoutBlockFlow {OPTION} at (1,3718.13) size 187x14.19 [bgcolor=#D4D4D4]
      LayoutText {#text} at (2,0) size 47x13
        text run at (2,0) width 47: "Item 263"
    LayoutBlockFlow {OPTION} at (1,3732.31) size 187x14.19 [bgcolor=#D4D4D4]
      LayoutText {#text} at (2,0) size 47x13
        text run at (2,0) width 47: "Item 264"
    LayoutBlockFlow {OPTION} at (1,3746.50) size 187x14.19 [bgcolor=#D4D4D4]
      LayoutText {#text} at (2,0) size 47x13
        text run at (2,0) width 47: "Item 265"
    LayoutBlockFlow {OPTION} at (1,3760.69) size 187x14.19 [bgcolor=#D4D4D4]
      LayoutText {#text} at (2,0) size 47x13
        text run at (2,0) width 47: "Item 266"
    LayoutBlockFlow {OPTION} at (1,3774.88) size 187x14.19 [bgcolor=#D4D4D4]
      LayoutText {#text} at (2,0) size 46x13
        text run at (2,0) width 46: "Item 267"
    LayoutBlockFlow {OPTION} at (1,3789.06) size 187x14.19 [bgcolor=#D4D4D4]
      LayoutText {#text} at (2,0) size 47x13
        text run at (2,0) width 47: "Item 268"
    LayoutBlockFlow {OPTION} at (1,3803.25) size 187x14.19 [bgcolor=#D4D4D4]
      LayoutText {#text} at (2,0) size 47x13
        text run at (2,0) width 47: "Item 269"
    LayoutBlockFlow {OPTION} at (1,3817.44) size 187x14.19 [bgcolor=#D4D4D4]
      LayoutText {#text} at (2,0) size 46x13
        text run at (2,0) width 46: "Item 270"
    LayoutBlockFlow {OPTION} at (1,3831.63) size 187x14.19 [bgcolor=#D4D4D4]
      LayoutText {#text} at (2,0) size 44x13
        text run at (2,0) width 44: "Item 271"
    LayoutBlockFlow {OPTION} at (1,3845.81) size 187x14.19 [bgcolor=#D4D4D4]
      LayoutText {#text} at (2,0) size 46x13
        text run at (2,0) width 46: "Item 272"
    LayoutBlockFlow {OPTION} at (1,3860) size 187x14.19 [bgcolor=#D4D4D4]
      LayoutText {#text} at (2,0) size 46x13
        text run at (2,0) width 46: "Item 273"
    LayoutBlockFlow {OPTION} at (1,3874.19) size 187x14.19 [bgcolor=#D4D4D4]
      LayoutText {#text} at (2,0) size 46x13
        text run at (2,0) width 46: "Item 274"
    LayoutBlockFlow {OPTION} at (1,3888.38) size 187x14.19 [bgcolor=#D4D4D4]
      LayoutText {#text} at (2,0) size 46x13
        text run at (2,0) width 46: "Item 275"
    LayoutBlockFlow {OPTION} at (1,3902.56) size 187x14.19 [bgcolor=#D4D4D4]
      LayoutText {#text} at (2,0) size 46x13
        text run at (2,0) width 46: "Item 276"
    LayoutBlockFlow {OPTION} at (1,3916.75) size 187x14.19 [bgcolor=#D4D4D4]
      LayoutText {#text} at (2,0) size 46x13
        text run at (2,0) width 46: "Item 277"
    LayoutBlockFlow {OPTION} at (1,3930.94) size 187x14.19 [bgcolor=#D4D4D4]
      LayoutText {#text} at (2,0) size 46x13
        text run at (2,0) width 46: "Item 278"
    LayoutBlockFlow {OPTION} at (1,3945.13) size 187x14.19 [bgcolor=#D4D4D4]
      LayoutText {#text} at (2,0) size 46x13
        text run at (2,0) width 46: "Item 279"
    LayoutBlockFlow {OPTION} at (1,3959.31) size 187x14.19 [bgcolor=#D4D4D4]
      LayoutText {#text} at (2,0) size 47x13
        text run at (2,0) width 47: "Item 280"
    LayoutBlockFlow {OPTION} at (1,3973.50) size 187x14.19 [bgcolor=#D4D4D4]
      LayoutText {#text} at (2,0) size 45x13
        text run at (2,0) width 45: "Item 281"
    LayoutBlockFlow {OPTION} at (1,3987.69) size 187x14.19 [bgcolor=#D4D4D4]
      LayoutText {#text} at (2,0) size 47x13
        text run at (2,0) width 47: "Item 282"
    LayoutBlockFlow {OPTION} at (1,4001.88) size 187x14.19 [bgcolor=#D4D4D4]
      LayoutText {#text} at (2,0) size 47x13
        text run at (2,0) width 47: "Item 283"
    LayoutBlockFlow {OPTION} at (1,4016.06) size 187x14.19 [bgcolor=#D4D4D4]
      LayoutText {#text} at (2,0) size 47x13
        text run at (2,0) width 47: "Item 284"
    LayoutBlockFlow {OPTION} at (1,4030.25) size 187x14.19 [bgcolor=#D4D4D4]
      LayoutText {#text} at (2,0) size 47x13
        text run at (2,0) width 47: "Item 285"
    LayoutBlockFlow {OPTION} at (1,4044.44) size 187x14.19 [bgcolor=#D4D4D4]
      LayoutText {#text} at (2,0) size 47x13
        text run at (2,0) width 47: "Item 286"
    LayoutBlockFlow {OPTION} at (1,4058.63) size 187x14.19 [bgcolor=#D4D4D4]
      LayoutText {#text} at (2,0) size 46x13
        text run at (2,0) width 46: "Item 287"
    LayoutBlockFlow {OPTION} at (1,4072.81) size 187x14.19 [bgcolor=#D4D4D4]
      LayoutText {#text} at (2,0) size 47x13
        text run at (2,0) width 47: "Item 288"
    LayoutBlockFlow {OPTION} at (1,4087) size 187x14.19 [bgcolor=#D4D4D4]
      LayoutText {#text} at (2,0) size 47x13
        text run at (2,0) width 47: "Item 289"
    LayoutBlockFlow {OPTION} at (1,4101.19) size 187x14.19 [bgcolor=#D4D4D4]
      LayoutText {#text} at (2,0) size 47x13
        text run at (2,0) width 47: "Item 290"
    LayoutBlockFlow {OPTION} at (1,4115.38) size 187x14.19 [bgcolor=#D4D4D4]
      LayoutText {#text} at (2,0) size 45x13
        text run at (2,0) width 45: "Item 291"
    LayoutBlockFlow {OPTION} at (1,4129.56) size 187x14.19 [bgcolor=#D4D4D4]
      LayoutText {#text} at (2,0) size 47x13
        text run at (2,0) width 47: "Item 292"
    LayoutBlockFlow {OPTION} at (1,4143.75) size 187x14.19 [bgcolor=#D4D4D4]
      LayoutText {#text} at (2,0) size 47x13
        text run at (2,0) width 47: "Item 293"
    LayoutBlockFlow {OPTION} at (1,4157.94) size 187x14.19 [bgcolor=#D4D4D4]
      LayoutText {#text} at (2,0) size 47x13
        text run at (2,0) width 47: "Item 294"
    LayoutBlockFlow {OPTION} at (1,4172.13) size 187x14.19 [bgcolor=#D4D4D4]
      LayoutText {#text} at (2,0) size 47x13
        text run at (2,0) width 47: "Item 295"
    LayoutBlockFlow {OPTION} at (1,4186.31) size 187x14.19 [bgcolor=#D4D4D4]
      LayoutText {#text} at (2,0) size 47x13
        text run at (2,0) width 47: "Item 296"
    LayoutBlockFlow {OPTION} at (1,4200.50) size 187x14.19 [bgcolor=#D4D4D4]
      LayoutText {#text} at (2,0) size 46x13
        text run at (2,0) width 46: "Item 297"
    LayoutBlockFlow {OPTION} at (1,4214.69) size 187x14.19 [bgcolor=#D4D4D4]
      LayoutText {#text} at (2,0) size 47x13
        text run at (2,0) width 47: "Item 298"
    LayoutBlockFlow {OPTION} at (1,4228.88) size 187x14.19 [bgcolor=#D4D4D4]
      LayoutText {#text} at (2,0) size 47x13
        text run at (2,0) width 47: "Item 299"
    LayoutBlockFlow {OPTION} at (1,4243.06) size 187x14.19 [bgcolor=#D4D4D4]
      LayoutText {#text} at (2,0) size 47x13
        text run at (2,0) width 47: "Item 300"
    LayoutBlockFlow {OPTION} at (1,4257.25) size 187x14.19 [bgcolor=#D4D4D4]
      LayoutText {#text} at (2,0) size 45x13
        text run at (2,0) width 45: "Item 301"
    LayoutBlockFlow {OPTION} at (1,4271.44) size 187x14.19 [bgcolor=#D4D4D4]
      LayoutText {#text} at (2,0) size 47x13
        text run at (2,0) width 47: "Item 302"
    LayoutBlockFlow {OPTION} at (1,4285.63) size 187x14.19 [bgcolor=#D4D4D4]
      LayoutText {#text} at (2,0) size 47x13
        text run at (2,0) width 47: "Item 303"
    LayoutBlockFlow {OPTION} at (1,4299.81) size 187x14.19 [bgcolor=#D4D4D4]
      LayoutText {#text} at (2,0) size 47x13
        text run at (2,0) width 47: "Item 304"
    LayoutBlockFlow {OPTION} at (1,4314) size 187x14.19 [bgcolor=#D4D4D4]
      LayoutText {#text} at (2,0) size 47x13
        text run at (2,0) width 47: "Item 305"
    LayoutBlockFlow {OPTION} at (1,4328.19) size 187x14.19 [bgcolor=#D4D4D4]
      LayoutText {#text} at (2,0) size 47x13
        text run at (2,0) width 47: "Item 306"
    LayoutBlockFlow {OPTION} at (1,4342.38) size 187x14.19 [bgcolor=#D4D4D4]
      LayoutText {#text} at (2,0) size 46x13
        text run at (2,0) width 46: "Item 307"
    LayoutBlockFlow {OPTION} at (1,4356.56) size 187x14.19 [bgcolor=#D4D4D4]
      LayoutText {#text} at (2,0) size 47x13
        text run at (2,0) width 47: "Item 308"
    LayoutBlockFlow {OPTION} at (1,4370.75) size 187x14.19 [bgcolor=#D4D4D4]
      LayoutText {#text} at (2,0) size 47x13
        text run at (2,0) width 47: "Item 309"
    LayoutBlockFlow {OPTION} at (1,4384.94) size 187x14.19 [bgcolor=#D4D4D4]
      LayoutText {#text} at (2,0) size 45x13
        text run at (2,0) width 45: "Item 310"
    LayoutBlockFlow {OPTION} at (1,4399.13) size 187x14.19 [bgcolor=#D4D4D4]
      LayoutText {#text} at (2,0) size 43x13
        text run at (2,0) width 43: "Item 311"
    LayoutBlockFlow {OPTION} at (1,4413.31) size 187x14.19 [bgcolor=#D4D4D4]
      LayoutText {#text} at (2,0) size 45x13
        text run at (2,0) width 45: "Item 312"
    LayoutBlockFlow {OPTION} at (1,4427.50) size 187x14.19 [bgcolor=#D4D4D4]
      LayoutText {#text} at (2,0) size 45x13
        text run at (2,0) width 45: "Item 313"
    LayoutBlockFlow {OPTION} at (1,4441.69) size 187x14.19 [bgcolor=#D4D4D4]
      LayoutText {#text} at (2,0) size 45x13
        text run at (2,0) width 45: "Item 314"
    LayoutBlockFlow {OPTION} at (1,4455.88) size 187x14.19 [bgcolor=#D4D4D4]
      LayoutText {#text} at (2,0) size 45x13
        text run at (2,0) width 45: "Item 315"
    LayoutBlockFlow {OPTION} at (1,4470.06) size 187x14.19 [bgcolor=#D4D4D4]
      LayoutText {#text} at (2,0) size 45x13
        text run at (2,0) width 45: "Item 316"
    LayoutBlockFlow {OPTION} at (1,4484.25) size 187x14.19 [bgcolor=#D4D4D4]
      LayoutText {#text} at (2,0) size 45x13
        text run at (2,0) width 45: "Item 317"
    LayoutBlockFlow {OPTION} at (1,4498.44) size 187x14.19 [bgcolor=#D4D4D4]
      LayoutText {#text} at (2,0) size 45x13
        text run at (2,0) width 45: "Item 318"
    LayoutBlockFlow {OPTION} at (1,4512.63) size 187x14.19 [bgcolor=#D4D4D4]
      LayoutText {#text} at (2,0) size 45x13
        text run at (2,0) width 45: "Item 319"
    LayoutBlockFlow {OPTION} at (1,4526.81) size 187x14.19 [bgcolor=#D4D4D4]
      LayoutText {#text} at (2,0) size 47x13
        text run at (2,0) width 47: "Item 320"
    LayoutBlockFlow {OPTION} at (1,4541) size 187x14.19 [bgcolor=#D4D4D4]
      LayoutText {#text} at (2,0) size 45x13
        text run at (2,0) width 45: "Item 321"
    LayoutBlockFlow {OPTION} at (1,4555.19) size 187x14.19 [bgcolor=#D4D4D4]
      LayoutText {#text} at (2,0) size 46x13
        text run at (2,0) width 46: "Item 322"
    LayoutBlockFlow {OPTION} at (1,4569.38) size 187x14.19 [bgcolor=#D4D4D4]
      LayoutText {#text} at (2,0) size 47x13
        text run at (2,0) width 47: "Item 323"
    LayoutBlockFlow {OPTION} at (1,4583.56) size 187x14.19 [bgcolor=#D4D4D4]
      LayoutText {#text} at (2,0) size 47x13
        text run at (2,0) width 47: "Item 324"
    LayoutBlockFlow {OPTION} at (1,4597.75) size 187x14.19 [bgcolor=#D4D4D4]
      LayoutText {#text} at (2,0) size 47x13
        text run at (2,0) width 47: "Item 325"
    LayoutBlockFlow {OPTION} at (1,4611.94) size 187x14.19 [bgcolor=#D4D4D4]
      LayoutText {#text} at (2,0) size 47x13
        text run at (2,0) width 47: "Item 326"
    LayoutBlockFlow {OPTION} at (1,4626.13) size 187x14.19 [bgcolor=#D4D4D4]
      LayoutText {#text} at (2,0) size 46x13
        text run at (2,0) width 46: "Item 327"
    LayoutBlockFlow {OPTION} at (1,4640.31) size 187x14.19 [bgcolor=#D4D4D4]
      LayoutText {#text} at (2,0) size 47x13
        text run at (2,0) width 47: "Item 328"
    LayoutBlockFlow {OPTION} at (1,4654.50) size 187x14.19 [bgcolor=#D4D4D4]
      LayoutText {#text} at (2,0) size 47x13
        text run at (2,0) width 47: "Item 329"
    LayoutBlockFlow {OPTION} at (1,4668.69) size 187x14.19 [bgcolor=#D4D4D4]
      LayoutText {#text} at (2,0) size 47x13
        text run at (2,0) width 47: "Item 330"
    LayoutBlockFlow {OPTION} at (1,4682.88) size 187x14.19 [bgcolor=#D4D4D4]
      LayoutText {#text} at (2,0) size 45x13
        text run at (2,0) width 45: "Item 331"
    LayoutBlockFlow {OPTION} at (1,4697.06) size 187x14.19 [bgcolor=#D4D4D4]
      LayoutText {#text} at (2,0) size 47x13
        text run at (2,0) width 47: "Item 332"
    LayoutBlockFlow {OPTION} at (1,4711.25) size 187x14.19 [bgcolor=#D4D4D4]
      LayoutText {#text} at (2,0) size 47x13
        text run at (2,0) width 47: "Item 333"
    LayoutBlockFlow {OPTION} at (1,4725.44) size 187x14.19 [bgcolor=#D4D4D4]
      LayoutText {#text} at (2,0) size 47x13
        text run at (2,0) width 47: "Item 334"
    LayoutBlockFlow {OPTION} at (1,4739.63) size 187x14.19 [bgcolor=#D4D4D4]
      LayoutText {#text} at (2,0) size 47x13
        text run at (2,0) width 47: "Item 335"
    LayoutBlockFlow {OPTION} at (1,4753.81) size 187x14.19 [bgcolor=#D4D4D4]
      LayoutText {#text} at (2,0) size 47x13
        text run at (2,0) width 47: "Item 336"
    LayoutBlockFlow {OPTION} at (1,4768) size 187x14.19 [bgcolor=#D4D4D4]
      LayoutText {#text} at (2,0) size 46x13
        text run at (2,0) width 46: "Item 337"
    LayoutBlockFlow {OPTION} at (1,4782.19) size 187x14.19 [bgcolor=#D4D4D4]
      LayoutText {#text} at (2,0) size 47x13
        text run at (2,0) width 47: "Item 338"
    LayoutBlockFlow {OPTION} at (1,4796.38) size 187x14.19 [bgcolor=#D4D4D4]
      LayoutText {#text} at (2,0) size 47x13
        text run at (2,0) width 47: "Item 339"
    LayoutBlockFlow {OPTION} at (1,4810.56) size 187x14.19 [bgcolor=#D4D4D4]
      LayoutText {#text} at (2,0) size 47x13
        text run at (2,0) width 47: "Item 340"
    LayoutBlockFlow {OPTION} at (1,4824.75) size 187x14.19 [bgcolor=#D4D4D4]
      LayoutText {#text} at (2,0) size 45x13
        text run at (2,0) width 45: "Item 341"
    LayoutBlockFlow {OPTION} at (1,4838.94) size 187x14.19 [bgcolor=#D4D4D4]
      LayoutText {#text} at (2,0) size 47x13
        text run at (2,0) width 47: "Item 342"
    LayoutBlockFlow {OPTION} at (1,4853.13) size 187x14.19 [bgcolor=#D4D4D4]
      LayoutText {#text} at (2,0) size 47x13
        text run at (2,0) width 47: "Item 343"
    LayoutBlockFlow {OPTION} at (1,4867.31) size 187x14.19 [bgcolor=#D4D4D4]
      LayoutText {#text} at (2,0) size 47x13
        text run at (2,0) width 47: "Item 344"
    LayoutBlockFlow {OPTION} at (1,4881.50) size 187x14.19 [bgcolor=#D4D4D4]
      LayoutText {#text} at (2,0) size 47x13
        text run at (2,0) width 47: "Item 345"
    LayoutBlockFlow {OPTION} at (1,4895.69) size 187x14.19 [bgcolor=#D4D4D4]
      LayoutText {#text} at (2,0) size 47x13
        text run at (2,0) width 47: "Item 346"
    LayoutBlockFlow {OPTION} at (1,4909.88) size 187x14.19 [bgcolor=#D4D4D4]
      LayoutText {#text} at (2,0) size 47x13
        text run at (2,0) width 47: "Item 347"
    LayoutBlockFlow {OPTION} at (1,4924.06) size 187x14.19 [bgcolor=#D4D4D4]
      LayoutText {#text} at (2,0) size 47x13
        text run at (2,0) width 47: "Item 348"
    LayoutBlockFlow {OPTION} at (1,4938.25) size 187x14.19 [bgcolor=#D4D4D4]
      LayoutText {#text} at (2,0) size 47x13
        text run at (2,0) width 47: "Item 349"
    LayoutBlockFlow {OPTION} at (1,4952.44) size 187x14.19 [bgcolor=#D4D4D4]
      LayoutText {#text} at (2,0) size 47x13
        text run at (2,0) width 47: "Item 350"
    LayoutBlockFlow {OPTION} at (1,4966.63) size 187x14.19 [bgcolor=#D4D4D4]
      LayoutText {#text} at (2,0) size 45x13
        text run at (2,0) width 45: "Item 351"
    LayoutBlockFlow {OPTION} at (1,4980.81) size 187x14.19 [bgcolor=#D4D4D4]
      LayoutText {#text} at (2,0) size 47x13
        text run at (2,0) width 47: "Item 352"
    LayoutBlockFlow {OPTION} at (1,4995) size 187x14.19 [bgcolor=#D4D4D4]
      LayoutText {#text} at (2,0) size 47x13
        text run at (2,0) width 47: "Item 353"
    LayoutBlockFlow {OPTION} at (1,5009.19) size 187x14.19 [bgcolor=#D4D4D4]
      LayoutText {#text} at (2,0) size 47x13
        text run at (2,0) width 47: "Item 354"
    LayoutBlockFlow {OPTION} at (1,5023.38) size 187x14.19 [bgcolor=#D4D4D4]
      LayoutText {#text} at (2,0) size 47x13
        text run at (2,0) width 47: "Item 355"
    LayoutBlockFlow {OPTION} at (1,5037.56) size 187x14.19 [bgcolor=#D4D4D4]
      LayoutText {#text} at (2,0) size 47x13
        text run at (2,0) width 47: "Item 356"
    LayoutBlockFlow {OPTION} at (1,5051.75) size 187x14.19 [bgcolor=#D4D4D4]
      LayoutText {#text} at (2,0) size 46x13
        text run at (2,0) width 46: "Item 357"
    LayoutBlockFlow {OPTION} at (1,5065.94) size 187x14.19 [bgcolor=#D4D4D4]
      LayoutText {#text} at (2,0) size 47x13
        text run at (2,0) width 47: "Item 358"
    LayoutBlockFlow {OPTION} at (1,5080.13) size 187x14.19 [bgcolor=#D4D4D4]
      LayoutText {#text} at (2,0) size 47x13
        text run at (2,0) width 47: "Item 359"
    LayoutBlockFlow {OPTION} at (1,5094.31) size 187x14.19 [bgcolor=#D4D4D4]
      LayoutText {#text} at (2,0) size 47x13
        text run at (2,0) width 47: "Item 360"
    LayoutBlockFlow {OPTION} at (1,5108.50) size 187x14.19 [bgcolor=#D4D4D4]
      LayoutText {#text} at (2,0) size 45x13
        text run at (2,0) width 45: "Item 361"
    LayoutBlockFlow {OPTION} at (1,5122.69) size 187x14.19 [bgcolor=#D4D4D4]
      LayoutText {#text} at (2,0) size 47x13
        text run at (2,0) width 47: "Item 362"
    LayoutBlockFlow {OPTION} at (1,5136.88) size 187x14.19 [bgcolor=#D4D4D4]
      LayoutText {#text} at (2,0) size 47x13
        text run at (2,0) width 47: "Item 363"
    LayoutBlockFlow {OPTION} at (1,5151.06) size 187x14.19 [bgcolor=#D4D4D4]
      LayoutText {#text} at (2,0) size 47x13
        text run at (2,0) width 47: "Item 364"
    LayoutBlockFlow {OPTION} at (1,5165.25) size 187x14.19 [bgcolor=#D4D4D4]
      LayoutText {#text} at (2,0) size 47x13
        text run at (2,0) width 47: "Item 365"
    LayoutBlockFlow {OPTION} at (1,5179.44) size 187x14.19 [bgcolor=#D4D4D4]
      LayoutText {#text} at (2,0) size 47x13
        text run at (2,0) width 47: "Item 366"
    LayoutBlockFlow {OPTION} at (1,5193.63) size 187x14.19 [bgcolor=#D4D4D4]
      LayoutText {#text} at (2,0) size 46x13
        text run at (2,0) width 46: "Item 367"
    LayoutBlockFlow {OPTION} at (1,5207.81) size 187x14.19 [bgcolor=#D4D4D4]
      LayoutText {#text} at (2,0) size 47x13
        text run at (2,0) width 47: "Item 368"
    LayoutBlockFlow {OPTION} at (1,5222) size 187x14.19 [bgcolor=#D4D4D4]
      LayoutText {#text} at (2,0) size 47x13
        text run at (2,0) width 47: "Item 369"
    LayoutBlockFlow {OPTION} at (1,5236.19) size 187x14.19 [bgcolor=#D4D4D4]
      LayoutText {#text} at (2,0) size 46x13
        text run at (2,0) width 46: "Item 370"
    LayoutBlockFlow {OPTION} at (1,5250.38) size 187x14.19 [bgcolor=#D4D4D4]
      LayoutText {#text} at (2,0) size 45x13
        text run at (2,0) width 45: "Item 371"
    LayoutBlockFlow {OPTION} at (1,5264.56) size 187x14.19 [bgcolor=#D4D4D4]
      LayoutText {#text} at (2,0) size 46x13
        text run at (2,0) width 46: "Item 372"
    LayoutBlockFlow {OPTION} at (1,5278.75) size 187x14.19 [bgcolor=#D4D4D4]
      LayoutText {#text} at (2,0) size 46x13
        text run at (2,0) width 46: "Item 373"
    LayoutBlockFlow {OPTION} at (1,5292.94) size 187x14.19 [bgcolor=#D4D4D4]
      LayoutText {#text} at (2,0) size 46x13
        text run at (2,0) width 46: "Item 374"
    LayoutBlockFlow {OPTION} at (1,5307.13) size 187x14.19 [bgcolor=#D4D4D4]
      LayoutText {#text} at (2,0) size 46x13
        text run at (2,0) width 46: "Item 375"
    LayoutBlockFlow {OPTION} at (1,5321.31) size 187x14.19 [bgcolor=#D4D4D4]
      LayoutText {#text} at (2,0) size 46x13
        text run at (2,0) width 46: "Item 376"
    LayoutBlockFlow {OPTION} at (1,5335.50) size 187x14.19 [bgcolor=#D4D4D4]
      LayoutText {#text} at (2,0) size 46x13
        text run at (2,0) width 46: "Item 377"
    LayoutBlockFlow {OPTION} at (1,5349.69) size 187x14.19 [bgcolor=#D4D4D4]
      LayoutText {#text} at (2,0) size 46x13
        text run at (2,0) width 46: "Item 378"
    LayoutBlockFlow {OPTION} at (1,5363.88) size 187x14.19 [bgcolor=#D4D4D4]
      LayoutText {#text} at (2,0) size 46x13
        text run at (2,0) width 46: "Item 379"
    LayoutBlockFlow {OPTION} at (1,5378.06) size 187x14.19 [bgcolor=#D4D4D4]
      LayoutText {#text} at (2,0) size 47x13
        text run at (2,0) width 47: "Item 380"
    LayoutBlockFlow {OPTION} at (1,5392.25) size 187x14.19 [bgcolor=#D4D4D4]
      LayoutText {#text} at (2,0) size 45x13
        text run at (2,0) width 45: "Item 381"
    LayoutBlockFlow {OPTION} at (1,5406.44) size 187x14.19 [bgcolor=#D4D4D4]
      LayoutText {#text} at (2,0) size 47x13
        text run at (2,0) width 47: "Item 382"
    LayoutBlockFlow {OPTION} at (1,5420.63) size 187x14.19 [bgcolor=#D4D4D4]
      LayoutText {#text} at (2,0) size 47x13
        text run at (2,0) width 47: "Item 383"
    LayoutBlockFlow {OPTION} at (1,5434.81) size 187x14.19 [bgcolor=#D4D4D4]
      LayoutText {#text} at (2,0) size 47x13
        text run at (2,0) width 47: "Item 384"
    LayoutBlockFlow {OPTION} at (1,5449) size 187x14.19 [bgcolor=#D4D4D4]
      LayoutText {#text} at (2,0) size 47x13
        text run at (2,0) width 47: "Item 385"
    LayoutBlockFlow {OPTION} at (1,5463.19) size 187x14.19 [bgcolor=#D4D4D4]
      LayoutText {#text} at (2,0) size 47x13
        text run at (2,0) width 47: "Item 386"
    LayoutBlockFlow {OPTION} at (1,5477.38) size 187x14.19 [bgcolor=#D4D4D4]
      LayoutText {#text} at (2,0) size 46x13
        text run at (2,0) width 46: "Item 387"
    LayoutBlockFlow {OPTION} at (1,5491.56) size 187x14.19 [bgcolor=#D4D4D4]
      LayoutText {#text} at (2,0) size 47x13
        text run at (2,0) width 47: "Item 388"
    LayoutBlockFlow {OPTION} at (1,5505.75) size 187x14.19 [bgcolor=#D4D4D4]
      LayoutText {#text} at (2,0) size 47x13
        text run at (2,0) width 47: "Item 389"
    LayoutBlockFlow {OPTION} at (1,5519.94) size 187x14.19 [bgcolor=#D4D4D4]
      LayoutText {#text} at (2,0) size 47x13
        text run at (2,0) width 47: "Item 390"
    LayoutBlockFlow {OPTION} at (1,5534.13) size 187x14.19 [bgcolor=#D4D4D4]
      LayoutText {#text} at (2,0) size 45x13
        text run at (2,0) width 45: "Item 391"
    LayoutBlockFlow {OPTION} at (1,5548.31) size 187x14.19 [bgcolor=#D4D4D4]
      LayoutText {#text} at (2,0) size 47x13
        text run at (2,0) width 47: "Item 392"
    LayoutBlockFlow {OPTION} at (1,5562.50) size 187x14.19 [bgcolor=#D4D4D4]
      LayoutText {#text} at (2,0) size 47x13
        text run at (2,0) width 47: "Item 393"
    LayoutBlockFlow {OPTION} at (1,5576.69) size 187x14.19 [bgcolor=#D4D4D4]
      LayoutText {#text} at (2,0) size 47x13
        text run at (2,0) width 47: "Item 394"
    LayoutBlockFlow {OPTION} at (1,5590.88) size 187x14.19 [bgcolor=#D4D4D4]
      LayoutText {#text} at (2,0) size 47x13
        text run at (2,0) width 47: "Item 395"
    LayoutBlockFlow {OPTION} at (1,5605.06) size 187x14.19 [bgcolor=#D4D4D4]
      LayoutText {#text} at (2,0) size 47x13
        text run at (2,0) width 47: "Item 396"
    LayoutBlockFlow {OPTION} at (1,5619.25) size 187x14.19 [bgcolor=#D4D4D4]
      LayoutText {#text} at (2,0) size 46x13
        text run at (2,0) width 46: "Item 397"
    LayoutBlockFlow {OPTION} at (1,5633.44) size 187x14.19 [bgcolor=#D4D4D4]
      LayoutText {#text} at (2,0) size 47x13
        text run at (2,0) width 47: "Item 398"
    LayoutBlockFlow {OPTION} at (1,5647.63) size 187x14.19 [bgcolor=#D4D4D4]
      LayoutText {#text} at (2,0) size 47x13
        text run at (2,0) width 47: "Item 399"
    LayoutBlockFlow {OPTION} at (1,5661.81) size 187x14.19 [bgcolor=#D4D4D4]
      LayoutText {#text} at (2,0) size 47x13
        text run at (2,0) width 47: "Item 400"
    LayoutBlockFlow {OPTION} at (1,5676) size 187x14.19 [bgcolor=#D4D4D4]
      LayoutText {#text} at (2,0) size 45x13
        text run at (2,0) width 45: "Item 401"
    LayoutBlockFlow {OPTION} at (1,5690.19) size 187x14.19 [bgcolor=#D4D4D4]
      LayoutText {#text} at (2,0) size 47x13
        text run at (2,0) width 47: "Item 402"
    LayoutBlockFlow {OPTION} at (1,5704.38) size 187x14.19 [bgcolor=#D4D4D4]
      LayoutText {#text} at (2,0) size 47x13
        text run at (2,0) width 47: "Item 403"
    LayoutBlockFlow {OPTION} at (1,5718.56) size 187x14.19 [bgcolor=#D4D4D4]
      LayoutText {#text} at (2,0) size 47x13
        text run at (2,0) width 47: "Item 404"
    LayoutBlockFlow {OPTION} at (1,5732.75) size 187x14.19 [bgcolor=#D4D4D4]
      LayoutText {#text} at (2,0) size 47x13
        text run at (2,0) width 47: "Item 405"
    LayoutBlockFlow {OPTION} at (1,5746.94) size 187x14.19 [bgcolor=#D4D4D4]
      LayoutText {#text} at (2,0) size 47x13
        text run at (2,0) width 47: "Item 406"
    LayoutBlockFlow {OPTION} at (1,5761.13) size 187x14.19 [bgcolor=#D4D4D4]
      LayoutText {#text} at (2,0) size 46x13
        text run at (2,0) width 46: "Item 407"
    LayoutBlockFlow {OPTION} at (1,5775.31) size 187x14.19 [bgcolor=#D4D4D4]
      LayoutText {#text} at (2,0) size 47x13
        text run at (2,0) width 47: "Item 408"
    LayoutBlockFlow {OPTION} at (1,5789.50) size 187x14.19 [bgcolor=#D4D4D4]
      LayoutText {#text} at (2,0) size 47x13
        text run at (2,0) width 47: "Item 409"
    LayoutBlockFlow {OPTION} at (1,5803.69) size 187x14.19 [bgcolor=#D4D4D4]
      LayoutText {#text} at (2,0) size 45x13
        text run at (2,0) width 45: "Item 410"
    LayoutBlockFlow {OPTION} at (1,5817.88) size 187x14.19 [bgcolor=#D4D4D4]
      LayoutText {#text} at (2,0) size 44x13
        text run at (2,0) width 44: "Item 411"
    LayoutBlockFlow {OPTION} at (1,5832.06) size 187x14.19 [bgcolor=#D4D4D4]
      LayoutText {#text} at (2,0) size 45x13
        text run at (2,0) width 45: "Item 412"
    LayoutBlockFlow {OPTION} at (1,5846.25) size 187x14.19 [bgcolor=#D4D4D4]
      LayoutText {#text} at (2,0) size 45x13
        text run at (2,0) width 45: "Item 413"
    LayoutBlockFlow {OPTION} at (1,5860.44) size 187x14.19 [bgcolor=#D4D4D4]
      LayoutText {#text} at (2,0) size 45x13
        text run at (2,0) width 45: "Item 414"
    LayoutBlockFlow {OPTION} at (1,5874.63) size 187x14.19 [bgcolor=#D4D4D4]
      LayoutText {#text} at (2,0) size 45x13
        text run at (2,0) width 45: "Item 415"
    LayoutBlockFlow {OPTION} at (1,5888.81) size 187x14.19 [bgcolor=#D4D4D4]
      LayoutText {#text} at (2,0) size 45x13
        text run at (2,0) width 45: "Item 416"
    LayoutBlockFlow {OPTION} at (1,5903) size 187x14.19 [bgcolor=#D4D4D4]
      LayoutText {#text} at (2,0) size 45x13
        text run at (2,0) width 45: "Item 417"
    LayoutBlockFlow {OPTION} at (1,5917.19) size 187x14.19 [bgcolor=#D4D4D4]
      LayoutText {#text} at (2,0) size 45x13
        text run at (2,0) width 45: "Item 418"
    LayoutBlockFlow {OPTION} at (1,5931.38) size 187x14.19 [bgcolor=#D4D4D4]
      LayoutText {#text} at (2,0) size 45x13
        text run at (2,0) width 45: "Item 419"
    LayoutBlockFlow {OPTION} at (1,5945.56) size 187x14.19 [bgcolor=#D4D4D4]
      LayoutText {#text} at (2,0) size 47x13
        text run at (2,0) width 47: "Item 420"
    LayoutBlockFlow {OPTION} at (1,5959.75) size 187x14.19 [bgcolor=#D4D4D4]
      LayoutText {#text} at (2,0) size 45x13
        text run at (2,0) width 45: "Item 421"
    LayoutBlockFlow {OPTION} at (1,5973.94) size 187x14.19 [bgcolor=#D4D4D4]
      LayoutText {#text} at (2,0) size 47x13
        text run at (2,0) width 47: "Item 422"
    LayoutBlockFlow {OPTION} at (1,5988.13) size 187x14.19 [bgcolor=#D4D4D4]
      LayoutText {#text} at (2,0) size 47x13
        text run at (2,0) width 47: "Item 423"
    LayoutBlockFlow {OPTION} at (1,6002.31) size 187x14.19 [bgcolor=#D4D4D4]
      LayoutText {#text} at (2,0) size 47x13
        text run at (2,0) width 47: "Item 424"
    LayoutBlockFlow {OPTION} at (1,6016.50) size 187x14.19 [bgcolor=#D4D4D4]
      LayoutText {#text} at (2,0) size 47x13
        text run at (2,0) width 47: "Item 425"
    LayoutBlockFlow {OPTION} at (1,6030.69) size 187x14.19 [bgcolor=#D4D4D4]
      LayoutText {#text} at (2,0) size 47x13
        text run at (2,0) width 47: "Item 426"
    LayoutBlockFlow {OPTION} at (1,6044.88) size 187x14.19 [bgcolor=#D4D4D4]
      LayoutText {#text} at (2,0) size 46x13
        text run at (2,0) width 46: "Item 427"
    LayoutBlockFlow {OPTION} at (1,6059.06) size 187x14.19 [bgcolor=#D4D4D4]
      LayoutText {#text} at (2,0) size 47x13
        text run at (2,0) width 47: "Item 428"
    LayoutBlockFlow {OPTION} at (1,6073.25) size 187x14.19 [bgcolor=#D4D4D4]
      LayoutText {#text} at (2,0) size 47x13
        text run at (2,0) width 47: "Item 429"
    LayoutBlockFlow {OPTION} at (1,6087.44) size 187x14.19 [bgcolor=#D4D4D4]
      LayoutText {#text} at (2,0) size 47x13
        text run at (2,0) width 47: "Item 430"
    LayoutBlockFlow {OPTION} at (1,6101.63) size 187x14.19 [bgcolor=#D4D4D4]
      LayoutText {#text} at (2,0) size 45x13
        text run at (2,0) width 45: "Item 431"
    LayoutBlockFlow {OPTION} at (1,6115.81) size 187x14.19 [bgcolor=#D4D4D4]
      LayoutText {#text} at (2,0) size 47x13
        text run at (2,0) width 47: "Item 432"
    LayoutBlockFlow {OPTION} at (1,6130) size 187x14.19 [bgcolor=#D4D4D4]
      LayoutText {#text} at (2,0) size 47x13
        text run at (2,0) width 47: "Item 433"
    LayoutBlockFlow {OPTION} at (1,6144.19) size 187x14.19 [bgcolor=#D4D4D4]
      LayoutText {#text} at (2,0) size 47x13
        text run at (2,0) width 47: "Item 434"
    LayoutBlockFlow {OPTION} at (1,6158.38) size 187x14.19 [bgcolor=#D4D4D4]
      LayoutText {#text} at (2,0) size 47x13
        text run at (2,0) width 47: "Item 435"
    LayoutBlockFlow {OPTION} at (1,6172.56) size 187x14.19 [bgcolor=#D4D4D4]
      LayoutText {#text} at (2,0) size 47x13
        text run at (2,0) width 47: "Item 436"
    LayoutBlockFlow {OPTION} at (1,6186.75) size 187x14.19 [bgcolor=#D4D4D4]
      LayoutText {#text} at (2,0) size 47x13
        text run at (2,0) width 47: "Item 437"
    LayoutBlockFlow {OPTION} at (1,6200.94) size 187x14.19 [bgcolor=#D4D4D4]
      LayoutText {#text} at (2,0) size 47x13
        text run at (2,0) width 47: "Item 438"
    LayoutBlockFlow {OPTION} at (1,6215.13) size 187x14.19 [bgcolor=#D4D4D4]
      LayoutText {#text} at (2,0) size 47x13
        text run at (2,0) width 47: "Item 439"
    LayoutBlockFlow {OPTION} at (1,6229.31) size 187x14.19 [bgcolor=#D4D4D4]
      LayoutText {#text} at (2,0) size 47x13
        text run at (2,0) width 47: "Item 440"
    LayoutBlockFlow {OPTION} at (1,6243.50) size 187x14.19 [bgcolor=#D4D4D4]
      LayoutText {#text} at (2,0) size 45x13
        text run at (2,0) width 45: "Item 441"
    LayoutBlockFlow {OPTION} at (1,6257.69) size 187x14.19 [bgcolor=#D4D4D4]
      LayoutText {#text} at (2,0) size 47x13
        text run at (2,0) width 47: "Item 442"
    LayoutBlockFlow {OPTION} at (1,6271.88) size 187x14.19 [bgcolor=#D4D4D4]
      LayoutText {#text} at (2,0) size 47x13
        text run at (2,0) width 47: "Item 443"
    LayoutBlockFlow {OPTION} at (1,6286.06) size 187x14.19 [bgcolor=#D4D4D4]
      LayoutText {#text} at (2,0) size 48x13
        text run at (2,0) width 48: "Item 444"
    LayoutBlockFlow {OPTION} at (1,6300.25) size 187x14.19 [bgcolor=#D4D4D4]
      LayoutText {#text} at (2,0) size 47x13
        text run at (2,0) width 47: "Item 445"
    LayoutBlockFlow {OPTION} at (1,6314.44) size 187x14.19 [bgcolor=#D4D4D4]
      LayoutText {#text} at (2,0) size 47x13
        text run at (2,0) width 47: "Item 446"
    LayoutBlockFlow {OPTION} at (1,6328.63) size 187x14.19 [bgcolor=#D4D4D4]
      LayoutText {#text} at (2,0) size 47x13
        text run at (2,0) width 47: "Item 447"
    LayoutBlockFlow {OPTION} at (1,6342.81) size 187x14.19 [bgcolor=#D4D4D4]
      LayoutText {#text} at (2,0) size 47x13
        text run at (2,0) width 47: "Item 448"
    LayoutBlockFlow {OPTION} at (1,6357) size 187x14.19 [bgcolor=#D4D4D4]
      LayoutText {#text} at (2,0) size 47x13
        text run at (2,0) width 47: "Item 449"
    LayoutBlockFlow {OPTION} at (1,6371.19) size 187x14.19 [bgcolor=#D4D4D4]
      LayoutText {#text} at (2,0) size 47x13
        text run at (2,0) width 47: "Item 450"
    LayoutBlockFlow {OPTION} at (1,6385.38) size 187x14.19 [bgcolor=#D4D4D4]
      LayoutText {#text} at (2,0) size 45x13
        text run at (2,0) width 45: "Item 451"
    LayoutBlockFlow {OPTION} at (1,6399.56) size 187x14.19 [bgcolor=#D4D4D4]
      LayoutText {#text} at (2,0) size 47x13
        text run at (2,0) width 47: "Item 452"
    LayoutBlockFlow {OPTION} at (1,6413.75) size 187x14.19 [bgcolor=#D4D4D4]
      LayoutText {#text} at (2,0) size 47x13
        text run at (2,0) width 47: "Item 453"
    LayoutBlockFlow {OPTION} at (1,6427.94) size 187x14.19 [bgcolor=#D4D4D4]
      LayoutText {#text} at (2,0) size 47x13
        text run at (2,0) width 47: "Item 454"
    LayoutBlockFlow {OPTION} at (1,6442.13) size 187x14.19 [bgcolor=#D4D4D4]
      LayoutText {#text} at (2,0) size 47x13
        text run at (2,0) width 47: "Item 455"
    LayoutBlockFlow {OPTION} at (1,6456.31) size 187x14.19 [bgcolor=#D4D4D4]
      LayoutText {#text} at (2,0) size 47x13
        text run at (2,0) width 47: "Item 456"
    LayoutBlockFlow {OPTION} at (1,6470.50) size 187x14.19 [bgcolor=#D4D4D4]
      LayoutText {#text} at (2,0) size 46x13
        text run at (2,0) width 46: "Item 457"
    LayoutBlockFlow {OPTION} at (1,6484.69) size 187x14.19 [bgcolor=#D4D4D4]
      LayoutText {#text} at (2,0) size 47x13
        text run at (2,0) width 47: "Item 458"
    LayoutBlockFlow {OPTION} at (1,6498.88) size 187x14.19 [bgcolor=#D4D4D4]
      LayoutText {#text} at (2,0) size 47x13
        text run at (2,0) width 47: "Item 459"
    LayoutBlockFlow {OPTION} at (1,6513.06) size 187x14.19 [bgcolor=#D4D4D4]
      LayoutText {#text} at (2,0) size 47x13
        text run at (2,0) width 47: "Item 460"
    LayoutBlockFlow {OPTION} at (1,6527.25) size 187x14.19 [bgcolor=#D4D4D4]
      LayoutText {#text} at (2,0) size 46x13
        text run at (2,0) width 46: "Item 461"
    LayoutBlockFlow {OPTION} at (1,6541.44) size 187x14.19 [bgcolor=#D4D4D4]
      LayoutText {#text} at (2,0) size 47x13
        text run at (2,0) width 47: "Item 462"
    LayoutBlockFlow {OPTION} at (1,6555.63) size 187x14.19 [bgcolor=#D4D4D4]
      LayoutText {#text} at (2,0) size 47x13
        text run at (2,0) width 47: "Item 463"
    LayoutBlockFlow {OPTION} at (1,6569.81) size 187x14.19 [bgcolor=#D4D4D4]
      LayoutText {#text} at (2,0) size 47x13
        text run at (2,0) width 47: "Item 464"
    LayoutBlockFlow {OPTION} at (1,6584) size 187x14.19 [bgcolor=#D4D4D4]
      LayoutText {#text} at (2,0) size 47x13
        text run at (2,0) width 47: "Item 465"
    LayoutBlockFlow {OPTION} at (1,6598.19) size 187x14.19 [bgcolor=#D4D4D4]
      LayoutText {#text} at (2,0) size 47x13
        text run at (2,0) width 47: "Item 466"
    LayoutBlockFlow {OPTION} at (1,6612.38) size 187x14.19 [bgcolor=#D4D4D4]
      LayoutText {#text} at (2,0) size 47x13
        text run at (2,0) width 47: "Item 467"
    LayoutBlockFlow {OPTION} at (1,6626.56) size 187x14.19 [bgcolor=#D4D4D4]
      LayoutText {#text} at (2,0) size 47x13
        text run at (2,0) width 47: "Item 468"
    LayoutBlockFlow {OPTION} at (1,6640.75) size 187x14.19 [bgcolor=#D4D4D4]
      LayoutText {#text} at (2,0) size 47x13
        text run at (2,0) width 47: "Item 469"
    LayoutBlockFlow {OPTION} at (1,6654.94) size 187x14.19 [bgcolor=#D4D4D4]
      LayoutText {#text} at (2,0) size 46x13
        text run at (2,0) width 46: "Item 470"
    LayoutBlockFlow {OPTION} at (1,6669.13) size 187x14.19 [bgcolor=#D4D4D4]
      LayoutText {#text} at (2,0) size 45x13
        text run at (2,0) width 45: "Item 471"
    LayoutBlockFlow {OPTION} at (1,6683.31) size 187x14.19 [bgcolor=#D4D4D4]
      LayoutText {#text} at (2,0) size 46x13
        text run at (2,0) width 46: "Item 472"
    LayoutBlockFlow {OPTION} at (1,6697.50) size 187x14.19 [bgcolor=#D4D4D4]
      LayoutText {#text} at (2,0) size 46x13
        text run at (2,0) width 46: "Item 473"
    LayoutBlockFlow {OPTION} at (1,6711.69) size 187x14.19 [bgcolor=#D4D4D4]
      LayoutText {#text} at (2,0) size 46x13
        text run at (2,0) width 46: "Item 474"
    LayoutBlockFlow {OPTION} at (1,6725.88) size 187x14.19 [bgcolor=#D4D4D4]
      LayoutText {#text} at (2,0) size 46x13
        text run at (2,0) width 46: "Item 475"
    LayoutBlockFlow {OPTION} at (1,6740.06) size 187x14.19 [bgcolor=#D4D4D4]
      LayoutText {#text} at (2,0) size 46x13
        text run at (2,0) width 46: "Item 476"
    LayoutBlockFlow {OPTION} at (1,6754.25) size 187x14.19 [bgcolor=#D4D4D4]
      LayoutText {#text} at (2,0) size 46x13
        text run at (2,0) width 46: "Item 477"
    LayoutBlockFlow {OPTION} at (1,6768.44) size 187x14.19 [bgcolor=#D4D4D4]
      LayoutText {#text} at (2,0) size 47x13
        text run at (2,0) width 47: "Item 478"
    LayoutBlockFlow {OPTION} at (1,6782.63) size 187x14.19 [bgcolor=#D4D4D4]
      LayoutText {#text} at (2,0) size 47x13
        text run at (2,0) width 47: "Item 479"
    LayoutBlockFlow {OPTION} at (1,6796.81) size 187x14.19 [bgcolor=#D4D4D4]
      LayoutText {#text} at (2,0) size 47x13
        text run at (2,0) width 47: "Item 480"
    LayoutBlockFlow {OPTION} at (1,6811) size 187x14.19 [bgcolor=#D4D4D4]
      LayoutText {#text} at (2,0) size 46x13
        text run at (2,0) width 46: "Item 481"
    LayoutBlockFlow {OPTION} at (1,6825.19) size 187x14.19 [bgcolor=#D4D4D4]
      LayoutText {#text} at (2,0) size 47x13
        text run at (2,0) width 47: "Item 482"
    LayoutBlockFlow {OPTION} at (1,6839.38) size 187x14.19 [bgcolor=#D4D4D4]
      LayoutText {#text} at (2,0) size 47x13
        text run at (2,0) width 47: "Item 483"
    LayoutBlockFlow {OPTION} at (1,6853.56) size 187x14.19 [bgcolor=#D4D4D4]
      LayoutText {#text} at (2,0) size 47x13
        text run at (2,0) width 47: "Item 484"
    LayoutBlockFlow {OPTION} at (1,6867.75) size 187x14.19 [bgcolor=#D4D4D4]
      LayoutText {#text} at (2,0) size 47x13
        text run at (2,0) width 47: "Item 485"
    LayoutBlockFlow {OPTION} at (1,6881.94) size 187x14.19 [bgcolor=#D4D4D4]
      LayoutText {#text} at (2,0) size 47x13
        text run at (2,0) width 47: "Item 486"
    LayoutBlockFlow {OPTION} at (1,6896.13) size 187x14.19 [bgcolor=#D4D4D4]
      LayoutText {#text} at (2,0) size 47x13
        text run at (2,0) width 47: "Item 487"
    LayoutBlockFlow {OPTION} at (1,6910.31) size 187x14.19 [bgcolor=#D4D4D4]
      LayoutText {#text} at (2,0) size 47x13
        text run at (2,0) width 47: "Item 488"
    LayoutBlockFlow {OPTION} at (1,6924.50) size 187x14.19 [bgcolor=#D4D4D4]
      LayoutText {#text} at (2,0) size 47x13
        text run at (2,0) width 47: "Item 489"
    LayoutBlockFlow {OPTION} at (1,6938.69) size 187x14.19 [bgcolor=#D4D4D4]
      LayoutText {#text} at (2,0) size 47x13
        text run at (2,0) width 47: "Item 490"
    LayoutBlockFlow {OPTION} at (1,6952.88) size 187x14.19 [bgcolor=#D4D4D4]
      LayoutText {#text} at (2,0) size 46x13
        text run at (2,0) width 46: "Item 491"
    LayoutBlockFlow {OPTION} at (1,6967.06) size 187x14.19 [bgcolor=#D4D4D4]
      LayoutText {#text} at (2,0) size 47x13
        text run at (2,0) width 47: "Item 492"
    LayoutBlockFlow {OPTION} at (1,6981.25) size 187x14.19 [bgcolor=#D4D4D4]
      LayoutText {#text} at (2,0) size 47x13
        text run at (2,0) width 47: "Item 493"
    LayoutBlockFlow {OPTION} at (1,6995.44) size 187x14.19 [bgcolor=#D4D4D4]
      LayoutText {#text} at (2,0) size 47x13
        text run at (2,0) width 47: "Item 494"
    LayoutBlockFlow {OPTION} at (1,7009.63) size 187x14.19 [bgcolor=#D4D4D4]
      LayoutText {#text} at (2,0) size 47x13
        text run at (2,0) width 47: "Item 495"
    LayoutBlockFlow {OPTION} at (1,7023.81) size 187x14.19 [bgcolor=#D4D4D4]
      LayoutText {#text} at (2,0) size 47x13
        text run at (2,0) width 47: "Item 496"
    LayoutBlockFlow {OPTION} at (1,7038) size 187x14.19 [bgcolor=#D4D4D4]
      LayoutText {#text} at (2,0) size 46x13
        text run at (2,0) width 46: "Item 497"
    LayoutBlockFlow {OPTION} at (1,7052.19) size 187x14.19 [bgcolor=#D4D4D4]
      LayoutText {#text} at (2,0) size 47x13
        text run at (2,0) width 47: "Item 498"
    LayoutBlockFlow {OPTION} at (1,7066.38) size 187x14.19 [bgcolor=#D4D4D4]
      LayoutText {#text} at (2,0) size 47x13
        text run at (2,0) width 47: "Item 499"
    LayoutBlockFlow {OPTION} at (1,7080.56) size 187x14.19 [bgcolor=#D4D4D4]
      LayoutText {#text} at (2,0) size 47x13
        text run at (2,0) width 47: "Item 500"
    LayoutBlockFlow {OPTION} at (1,7094.75) size 187x14.19 [bgcolor=#D4D4D4]
      LayoutText {#text} at (2,0) size 45x13
        text run at (2,0) width 45: "Item 501"
    LayoutBlockFlow {OPTION} at (1,7108.94) size 187x14.19 [bgcolor=#D4D4D4]
      LayoutText {#text} at (2,0) size 47x13
        text run at (2,0) width 47: "Item 502"
    LayoutBlockFlow {OPTION} at (1,7123.13) size 187x14.19 [bgcolor=#D4D4D4]
      LayoutText {#text} at (2,0) size 47x13
        text run at (2,0) width 47: "Item 503"
    LayoutBlockFlow {OPTION} at (1,7137.31) size 187x14.19 [bgcolor=#D4D4D4]
      LayoutText {#text} at (2,0) size 47x13
        text run at (2,0) width 47: "Item 504"
    LayoutBlockFlow {OPTION} at (1,7151.50) size 187x14.19 [bgcolor=#D4D4D4]
      LayoutText {#text} at (2,0) size 47x13
        text run at (2,0) width 47: "Item 505"
    LayoutBlockFlow {OPTION} at (1,7165.69) size 187x14.19 [bgcolor=#D4D4D4]
      LayoutText {#text} at (2,0) size 47x13
        text run at (2,0) width 47: "Item 506"
    LayoutBlockFlow {OPTION} at (1,7179.88) size 187x14.19 [bgcolor=#D4D4D4]
      LayoutText {#text} at (2,0) size 46x13
        text run at (2,0) width 46: "Item 507"
    LayoutBlockFlow {OPTION} at (1,7194.06) size 187x14.19 [bgcolor=#D4D4D4]
      LayoutText {#text} at (2,0) size 47x13
        text run at (2,0) width 47: "Item 508"
    LayoutBlockFlow {OPTION} at (1,7208.25) size 187x14.19 [bgcolor=#D4D4D4]
      LayoutText {#text} at (2,0) size 47x13
        text run at (2,0) width 47: "Item 509"
    LayoutBlockFlow {OPTION} at (1,7222.44) size 187x14.19 [bgcolor=#D4D4D4]
      LayoutText {#text} at (2,0) size 45x13
        text run at (2,0) width 45: "Item 510"
    LayoutBlockFlow {OPTION} at (1,7236.63) size 187x14.19 [bgcolor=#D4D4D4]
      LayoutText {#text} at (2,0) size 43x13
        text run at (2,0) width 43: "Item 511"
    LayoutBlockFlow {OPTION} at (1,7250.81) size 187x14.19 [bgcolor=#D4D4D4]
      LayoutText {#text} at (2,0) size 45x13
        text run at (2,0) width 45: "Item 512"
    LayoutBlockFlow {OPTION} at (1,7265) size 187x14.19 [bgcolor=#D4D4D4]
      LayoutText {#text} at (2,0) size 45x13
        text run at (2,0) width 45: "Item 513"
    LayoutBlockFlow {OPTION} at (1,7279.19) size 187x14.19 [bgcolor=#D4D4D4]
      LayoutText {#text} at (2,0) size 45x13
        text run at (2,0) width 45: "Item 514"
    LayoutBlockFlow {OPTION} at (1,7293.38) size 187x14.19 [bgcolor=#D4D4D4]
      LayoutText {#text} at (2,0) size 45x13
        text run at (2,0) width 45: "Item 515"
    LayoutBlockFlow {OPTION} at (1,7307.56) size 187x14.19 [bgcolor=#D4D4D4]
      LayoutText {#text} at (2,0) size 45x13
        text run at (2,0) width 45: "Item 516"
    LayoutBlockFlow {OPTION} at (1,7321.75) size 187x14.19 [bgcolor=#D4D4D4]
      LayoutText {#text} at (2,0) size 45x13
        text run at (2,0) width 45: "Item 517"
    LayoutBlockFlow {OPTION} at (1,7335.94) size 187x14.19 [bgcolor=#D4D4D4]
      LayoutText {#text} at (2,0) size 45x13
        text run at (2,0) width 45: "Item 518"
    LayoutBlockFlow {OPTION} at (1,7350.13) size 187x14.19 [bgcolor=#D4D4D4]
      LayoutText {#text} at (2,0) size 45x13
        text run at (2,0) width 45: "Item 519"
    LayoutBlockFlow {OPTION} at (1,7364.31) size 187x14.19 [bgcolor=#D4D4D4]
      LayoutText {#text} at (2,0) size 47x13
        text run at (2,0) width 47: "Item 520"
    LayoutBlockFlow {OPTION} at (1,7378.50) size 187x14.19 [bgcolor=#D4D4D4]
      LayoutText {#text} at (2,0) size 45x13
        text run at (2,0) width 45: "Item 521"
    LayoutBlockFlow {OPTION} at (1,7392.69) size 187x14.19 [bgcolor=#D4D4D4]
      LayoutText {#text} at (2,0) size 46x13
        text run at (2,0) width 46: "Item 522"
    LayoutBlockFlow {OPTION} at (1,7406.88) size 187x14.19 [bgcolor=#D4D4D4]
      LayoutText {#text} at (2,0) size 47x13
        text run at (2,0) width 47: "Item 523"
    LayoutBlockFlow {OPTION} at (1,7421.06) size 187x14.19 [bgcolor=#D4D4D4]
      LayoutText {#text} at (2,0) size 47x13
        text run at (2,0) width 47: "Item 524"
    LayoutBlockFlow {OPTION} at (1,7435.25) size 187x14.19 [bgcolor=#D4D4D4]
      LayoutText {#text} at (2,0) size 47x13
        text run at (2,0) width 47: "Item 525"
    LayoutBlockFlow {OPTION} at (1,7449.44) size 187x14.19 [bgcolor=#D4D4D4]
      LayoutText {#text} at (2,0) size 47x13
        text run at (2,0) width 47: "Item 526"
    LayoutBlockFlow {OPTION} at (1,7463.63) size 187x14.19 [bgcolor=#D4D4D4]
      LayoutText {#text} at (2,0) size 46x13
        text run at (2,0) width 46: "Item 527"
    LayoutBlockFlow {OPTION} at (1,7477.81) size 187x14.19 [bgcolor=#D4D4D4]
      LayoutText {#text} at (2,0) size 47x13
        text run at (2,0) width 47: "Item 528"
    LayoutBlockFlow {OPTION} at (1,7492) size 187x14.19 [bgcolor=#D4D4D4]
      LayoutText {#text} at (2,0) size 47x13
        text run at (2,0) width 47: "Item 529"
    LayoutBlockFlow {OPTION} at (1,7506.19) size 187x14.19 [bgcolor=#D4D4D4]
      LayoutText {#text} at (2,0) size 47x13
        text run at (2,0) width 47: "Item 530"
    LayoutBlockFlow {OPTION} at (1,7520.38) size 187x14.19 [bgcolor=#D4D4D4]
      LayoutText {#text} at (2,0) size 45x13
        text run at (2,0) width 45: "Item 531"
    LayoutBlockFlow {OPTION} at (1,7534.56) size 187x14.19 [bgcolor=#D4D4D4]
      LayoutText {#text} at (2,0) size 47x13
        text run at (2,0) width 47: "Item 532"
    LayoutBlockFlow {OPTION} at (1,7548.75) size 187x14.19 [bgcolor=#D4D4D4]
      LayoutText {#text} at (2,0) size 47x13
        text run at (2,0) width 47: "Item 533"
    LayoutBlockFlow {OPTION} at (1,7562.94) size 187x14.19 [bgcolor=#D4D4D4]
      LayoutText {#text} at (2,0) size 47x13
        text run at (2,0) width 47: "Item 534"
    LayoutBlockFlow {OPTION} at (1,7577.13) size 187x14.19 [bgcolor=#D4D4D4]
      LayoutText {#text} at (2,0) size 47x13
        text run at (2,0) width 47: "Item 535"
    LayoutBlockFlow {OPTION} at (1,7591.31) size 187x14.19 [bgcolor=#D4D4D4]
      LayoutText {#text} at (2,0) size 47x13
        text run at (2,0) width 47: "Item 536"
    LayoutBlockFlow {OPTION} at (1,7605.50) size 187x14.19 [bgcolor=#D4D4D4]
      LayoutText {#text} at (2,0) size 46x13
        text run at (2,0) width 46: "Item 537"
    LayoutBlockFlow {OPTION} at (1,7619.69) size 187x14.19 [bgcolor=#D4D4D4]
      LayoutText {#text} at (2,0) size 47x13
        text run at (2,0) width 47: "Item 538"
    LayoutBlockFlow {OPTION} at (1,7633.88) size 187x14.19 [bgcolor=#D4D4D4]
      LayoutText {#text} at (2,0) size 47x13
        text run at (2,0) width 47: "Item 539"
    LayoutBlockFlow {OPTION} at (1,7648.06) size 187x14.19 [bgcolor=#D4D4D4]
      LayoutText {#text} at (2,0) size 47x13
        text run at (2,0) width 47: "Item 540"
    LayoutBlockFlow {OPTION} at (1,7662.25) size 187x14.19 [bgcolor=#D4D4D4]
      LayoutText {#text} at (2,0) size 45x13
        text run at (2,0) width 45: "Item 541"
    LayoutBlockFlow {OPTION} at (1,7676.44) size 187x14.19 [bgcolor=#D4D4D4]
      LayoutText {#text} at (2,0) size 47x13
        text run at (2,0) width 47: "Item 542"
    LayoutBlockFlow {OPTION} at (1,7690.63) size 187x14.19 [bgcolor=#D4D4D4]
      LayoutText {#text} at (2,0) size 47x13
        text run at (2,0) width 47: "Item 543"
    LayoutBlockFlow {OPTION} at (1,7704.81) size 187x14.19 [bgcolor=#D4D4D4]
      LayoutText {#text} at (2,0) size 47x13
        text run at (2,0) width 47: "Item 544"
    LayoutBlockFlow {OPTION} at (1,7719) size 187x14.19 [bgcolor=#D4D4D4]
      LayoutText {#text} at (2,0) size 47x13
        text run at (2,0) width 47: "Item 545"
    LayoutBlockFlow {OPTION} at (1,7733.19) size 187x14.19 [bgcolor=#D4D4D4]
      LayoutText {#text} at (2,0) size 47x13
        text run at (2,0) width 47: "Item 546"
    LayoutBlockFlow {OPTION} at (1,7747.38) size 187x14.19 [bgcolor=#D4D4D4]
      LayoutText {#text} at (2,0) size 46x13
        text run at (2,0) width 46: "Item 547"
    LayoutBlockFlow {OPTION} at (1,7761.56) size 187x14.19 [bgcolor=#D4D4D4]
      LayoutText {#text} at (2,0) size 47x13
        text run at (2,0) width 47: "Item 548"
    LayoutBlockFlow {OPTION} at (1,7775.75) size 187x14.19 [bgcolor=#D4D4D4]
      LayoutText {#text} at (2,0) size 47x13
        text run at (2,0) width 47: "Item 549"
    LayoutBlockFlow {OPTION} at (1,7789.94) size 187x14.19 [bgcolor=#D4D4D4]
      LayoutText {#text} at (2,0) size 47x13
        text run at (2,0) width 47: "Item 550"
    LayoutBlockFlow {OPTION} at (1,7804.13) size 187x14.19 [bgcolor=#D4D4D4]
      LayoutText {#text} at (2,0) size 45x13
        text run at (2,0) width 45: "Item 551"
    LayoutBlockFlow {OPTION} at (1,7818.31) size 187x14.19 [bgcolor=#D4D4D4]
      LayoutText {#text} at (2,0) size 47x13
        text run at (2,0) width 47: "Item 552"
    LayoutBlockFlow {OPTION} at (1,7832.50) size 187x14.19 [bgcolor=#D4D4D4]
      LayoutText {#text} at (2,0) size 47x13
        text run at (2,0) width 47: "Item 553"
    LayoutBlockFlow {OPTION} at (1,7846.69) size 187x14.19 [bgcolor=#D4D4D4]
      LayoutText {#text} at (2,0) size 47x13
        text run at (2,0) width 47: "Item 554"
    LayoutBlockFlow {OPTION} at (1,7860.88) size 187x14.19 [bgcolor=#D4D4D4]
      LayoutText {#text} at (2,0) size 47x13
        text run at (2,0) width 47: "Item 555"
    LayoutBlockFlow {OPTION} at (1,7875.06) size 187x14.19 [bgcolor=#D4D4D4]
      LayoutText {#text} at (2,0) size 47x13
        text run at (2,0) width 47: "Item 556"
    LayoutBlockFlow {OPTION} at (1,7889.25) size 187x14.19 [bgcolor=#D4D4D4]
      LayoutText {#text} at (2,0) size 46x13
        text run at (2,0) width 46: "Item 557"
    LayoutBlockFlow {OPTION} at (1,7903.44) size 187x14.19 [bgcolor=#D4D4D4]
      LayoutText {#text} at (2,0) size 47x13
        text run at (2,0) width 47: "Item 558"
    LayoutBlockFlow {OPTION} at (1,7917.63) size 187x14.19 [bgcolor=#D4D4D4]
      LayoutText {#text} at (2,0) size 47x13
        text run at (2,0) width 47: "Item 559"
    LayoutBlockFlow {OPTION} at (1,7931.81) size 187x14.19 [bgcolor=#D4D4D4]
      LayoutText {#text} at (2,0) size 47x13
        text run at (2,0) width 47: "Item 560"
    LayoutBlockFlow {OPTION} at (1,7946) size 187x14.19 [bgcolor=#D4D4D4]
      LayoutText {#text} at (2,0) size 45x13
        text run at (2,0) width 45: "Item 561"
    LayoutBlockFlow {OPTION} at (1,7960.19) size 187x14.19 [bgcolor=#D4D4D4]
      LayoutText {#text} at (2,0) size 47x13
        text run at (2,0) width 47: "Item 562"
    LayoutBlockFlow {OPTION} at (1,7974.38) size 187x14.19 [bgcolor=#D4D4D4]
      LayoutText {#text} at (2,0) size 47x13
        text run at (2,0) width 47: "Item 563"
    LayoutBlockFlow {OPTION} at (1,7988.56) size 187x14.19 [bgcolor=#D4D4D4]
      LayoutText {#text} at (2,0) size 47x13
        text run at (2,0) width 47: "Item 564"
    LayoutBlockFlow {OPTION} at (1,8002.75) size 187x14.19 [bgcolor=#D4D4D4]
      LayoutText {#text} at (2,0) size 47x13
        text run at (2,0) width 47: "Item 565"
    LayoutBlockFlow {OPTION} at (1,8016.94) size 187x14.19 [bgcolor=#D4D4D4]
      LayoutText {#text} at (2,0) size 47x13
        text run at (2,0) width 47: "Item 566"
    LayoutBlockFlow {OPTION} at (1,8031.13) size 187x14.19 [bgcolor=#D4D4D4]
      LayoutText {#text} at (2,0) size 46x13
        text run at (2,0) width 46: "Item 567"
    LayoutBlockFlow {OPTION} at (1,8045.31) size 187x14.19 [bgcolor=#D4D4D4]
      LayoutText {#text} at (2,0) size 47x13
        text run at (2,0) width 47: "Item 568"
    LayoutBlockFlow {OPTION} at (1,8059.50) size 187x14.19 [bgcolor=#D4D4D4]
      LayoutText {#text} at (2,0) size 47x13
        text run at (2,0) width 47: "Item 569"
    LayoutBlockFlow {OPTION} at (1,8073.69) size 187x14.19 [bgcolor=#D4D4D4]
      LayoutText {#text} at (2,0) size 46x13
        text run at (2,0) width 46: "Item 570"
    LayoutBlockFlow {OPTION} at (1,8087.88) size 187x14.19 [bgcolor=#D4D4D4]
      LayoutText {#text} at (2,0) size 45x13
        text run at (2,0) width 45: "Item 571"
    LayoutBlockFlow {OPTION} at (1,8102.06) size 187x14.19 [bgcolor=#D4D4D4]
      LayoutText {#text} at (2,0) size 46x13
        text run at (2,0) width 46: "Item 572"
    LayoutBlockFlow {OPTION} at (1,8116.25) size 187x14.19 [bgcolor=#D4D4D4]
      LayoutText {#text} at (2,0) size 46x13
        text run at (2,0) width 46: "Item 573"
    LayoutBlockFlow {OPTION} at (1,8130.44) size 187x14.19 [bgcolor=#D4D4D4]
      LayoutText {#text} at (2,0) size 46x13
        text run at (2,0) width 46: "Item 574"
    LayoutBlockFlow {OPTION} at (1,8144.63) size 187x14.19 [bgcolor=#D4D4D4]
      LayoutText {#text} at (2,0) size 46x13
        text run at (2,0) width 46: "Item 575"
    LayoutBlockFlow {OPTION} at (1,8158.81) size 187x14.19 [bgcolor=#D4D4D4]
      LayoutText {#text} at (2,0) size 46x13
        text run at (2,0) width 46: "Item 576"
    LayoutBlockFlow {OPTION} at (1,8173) size 187x14.19 [bgcolor=#D4D4D4]
      LayoutText {#text} at (2,0) size 46x13
        text run at (2,0) width 46: "Item 577"
    LayoutBlockFlow {OPTION} at (1,8187.19) size 187x14.19 [bgcolor=#D4D4D4]
      LayoutText {#text} at (2,0) size 46x13
        text run at (2,0) width 46: "Item 578"
    LayoutBlockFlow {OPTION} at (1,8201.38) size 187x14.19 [bgcolor=#D4D4D4]
      LayoutText {#text} at (2,0) size 46x13
        text run at (2,0) width 46: "Item 579"
    LayoutBlockFlow {OPTION} at (1,8215.56) size 187x14.19 [bgcolor=#D4D4D4]
      LayoutText {#text} at (2,0) size 47x13
        text run at (2,0) width 47: "Item 580"
    LayoutBlockFlow {OPTION} at (1,8229.75) size 187x14.19 [bgcolor=#D4D4D4]
      LayoutText {#text} at (2,0) size 45x13
        text run at (2,0) width 45: "Item 581"
    LayoutBlockFlow {OPTION} at (1,8243.94) size 187x14.19 [bgcolor=#D4D4D4]
      LayoutText {#text} at (2,0) size 47x13
        text run at (2,0) width 47: "Item 582"
    LayoutBlockFlow {OPTION} at (1,8258.13) size 187x14.19 [bgcolor=#D4D4D4]
      LayoutText {#text} at (2,0) size 47x13
        text run at (2,0) width 47: "Item 583"
    LayoutBlockFlow {OPTION} at (1,8272.31) size 187x14.19 [bgcolor=#D4D4D4]
      LayoutText {#text} at (2,0) size 47x13
        text run at (2,0) width 47: "Item 584"
    LayoutBlockFlow {OPTION} at (1,8286.50) size 187x14.19 [bgcolor=#D4D4D4]
      LayoutText {#text} at (2,0) size 47x13
        text run at (2,0) width 47: "Item 585"
    LayoutBlockFlow {OPTION} at (1,8300.69) size 187x14.19 [bgcolor=#D4D4D4]
      LayoutText {#text} at (2,0) size 47x13
        text run at (2,0) width 47: "Item 586"
    LayoutBlockFlow {OPTION} at (1,8314.88) size 187x14.19 [bgcolor=#D4D4D4]
      LayoutText {#text} at (2,0) size 46x13
        text run at (2,0) width 46: "Item 587"
    LayoutBlockFlow {OPTION} at (1,8329.06) size 187x14.19 [bgcolor=#D4D4D4]
      LayoutText {#text} at (2,0) size 47x13
        text run at (2,0) width 47: "Item 588"
    LayoutBlockFlow {OPTION} at (1,8343.25) size 187x14.19 [bgcolor=#D4D4D4]
      LayoutText {#text} at (2,0) size 47x13
        text run at (2,0) width 47: "Item 589"
    LayoutBlockFlow {OPTION} at (1,8357.44) size 187x14.19 [bgcolor=#D4D4D4]
      LayoutText {#text} at (2,0) size 47x13
        text run at (2,0) width 47: "Item 590"
    LayoutBlockFlow {OPTION} at (1,8371.63) size 187x14.19 [bgcolor=#D4D4D4]
      LayoutText {#text} at (2,0) size 45x13
        text run at (2,0) width 45: "Item 591"
    LayoutBlockFlow {OPTION} at (1,8385.81) size 187x14.19 [bgcolor=#D4D4D4]
      LayoutText {#text} at (2,0) size 47x13
        text run at (2,0) width 47: "Item 592"
    LayoutBlockFlow {OPTION} at (1,8400) size 187x14.19 [bgcolor=#D4D4D4]
      LayoutText {#text} at (2,0) size 47x13
        text run at (2,0) width 47: "Item 593"
    LayoutBlockFlow {OPTION} at (1,8414.19) size 187x14.19 [bgcolor=#D4D4D4]
      LayoutText {#text} at (2,0) size 47x13
        text run at (2,0) width 47: "Item 594"
    LayoutBlockFlow {OPTION} at (1,8428.38) size 187x14.19 [bgcolor=#D4D4D4]
      LayoutText {#text} at (2,0) size 47x13
        text run at (2,0) width 47: "Item 595"
    LayoutBlockFlow {OPTION} at (1,8442.56) size 187x14.19 [bgcolor=#D4D4D4]
      LayoutText {#text} at (2,0) size 47x13
        text run at (2,0) width 47: "Item 596"
    LayoutBlockFlow {OPTION} at (1,8456.75) size 187x14.19 [bgcolor=#D4D4D4]
      LayoutText {#text} at (2,0) size 46x13
        text run at (2,0) width 46: "Item 597"
    LayoutBlockFlow {OPTION} at (1,8470.94) size 187x14.19 [bgcolor=#D4D4D4]
      LayoutText {#text} at (2,0) size 47x13
        text run at (2,0) width 47: "Item 598"
    LayoutBlockFlow {OPTION} at (1,8485.13) size 187x14.19 [bgcolor=#D4D4D4]
      LayoutText {#text} at (2,0) size 47x13
        text run at (2,0) width 47: "Item 599"
    LayoutBlockFlow {OPTION} at (1,8499.31) size 187x14.19 [bgcolor=#D4D4D4]
      LayoutText {#text} at (2,0) size 47x13
        text run at (2,0) width 47: "Item 600"
    LayoutBlockFlow {OPTION} at (1,8513.50) size 187x14.19 [bgcolor=#D4D4D4]
      LayoutText {#text} at (2,0) size 45x13
        text run at (2,0) width 45: "Item 601"
    LayoutBlockFlow {OPTION} at (1,8527.69) size 187x14.19 [bgcolor=#D4D4D4]
      LayoutText {#text} at (2,0) size 47x13
        text run at (2,0) width 47: "Item 602"
    LayoutBlockFlow {OPTION} at (1,8541.88) size 187x14.19 [bgcolor=#D4D4D4]
      LayoutText {#text} at (2,0) size 47x13
        text run at (2,0) width 47: "Item 603"
    LayoutBlockFlow {OPTION} at (1,8556.06) size 187x14.19 [bgcolor=#D4D4D4]
      LayoutText {#text} at (2,0) size 47x13
        text run at (2,0) width 47: "Item 604"
    LayoutBlockFlow {OPTION} at (1,8570.25) size 187x14.19 [bgcolor=#D4D4D4]
      LayoutText {#text} at (2,0) size 47x13
        text run at (2,0) width 47: "Item 605"
    LayoutBlockFlow {OPTION} at (1,8584.44) size 187x14.19 [bgcolor=#D4D4D4]
      LayoutText {#text} at (2,0) size 47x13
        text run at (2,0) width 47: "Item 606"
    LayoutBlockFlow {OPTION} at (1,8598.63) size 187x14.19 [bgcolor=#D4D4D4]
      LayoutText {#text} at (2,0) size 46x13
        text run at (2,0) width 46: "Item 607"
    LayoutBlockFlow {OPTION} at (1,8612.81) size 187x14.19 [bgcolor=#D4D4D4]
      LayoutText {#text} at (2,0) size 47x13
        text run at (2,0) width 47: "Item 608"
    LayoutBlockFlow {OPTION} at (1,8627) size 187x14.19 [bgcolor=#D4D4D4]
      LayoutText {#text} at (2,0) size 47x13
        text run at (2,0) width 47: "Item 609"
    LayoutBlockFlow {OPTION} at (1,8641.19) size 187x14.19 [bgcolor=#D4D4D4]
      LayoutText {#text} at (2,0) size 45x13
        text run at (2,0) width 45: "Item 610"
    LayoutBlockFlow {OPTION} at (1,8655.38) size 187x14.19 [bgcolor=#D4D4D4]
      LayoutText {#text} at (2,0) size 44x13
        text run at (2,0) width 44: "Item 611"
    LayoutBlockFlow {OPTION} at (1,8669.56) size 187x14.19 [bgcolor=#D4D4D4]
      LayoutText {#text} at (2,0) size 45x13
        text run at (2,0) width 45: "Item 612"
    LayoutBlockFlow {OPTION} at (1,8683.75) size 187x14.19 [bgcolor=#D4D4D4]
      LayoutText {#text} at (2,0) size 45x13
        text run at (2,0) width 45: "Item 613"
    LayoutBlockFlow {OPTION} at (1,8697.94) size 187x14.19 [bgcolor=#D4D4D4]
      LayoutText {#text} at (2,0) size 46x13
        text run at (2,0) width 46: "Item 614"
    LayoutBlockFlow {OPTION} at (1,8712.13) size 187x14.19 [bgcolor=#D4D4D4]
      LayoutText {#text} at (2,0) size 45x13
        text run at (2,0) width 45: "Item 615"
    LayoutBlockFlow {OPTION} at (1,8726.31) size 187x14.19 [bgcolor=#D4D4D4]
      LayoutText {#text} at (2,0) size 45x13
        text run at (2,0) width 45: "Item 616"
    LayoutBlockFlow {OPTION} at (1,8740.50) size 187x14.19 [bgcolor=#D4D4D4]
      LayoutText {#text} at (2,0) size 45x13
        text run at (2,0) width 45: "Item 617"
    LayoutBlockFlow {OPTION} at (1,8754.69) size 187x14.19 [bgcolor=#D4D4D4]
      LayoutText {#text} at (2,0) size 45x13
        text run at (2,0) width 45: "Item 618"
    LayoutBlockFlow {OPTION} at (1,8768.88) size 187x14.19 [bgcolor=#D4D4D4]
      LayoutText {#text} at (2,0) size 45x13
        text run at (2,0) width 45: "Item 619"
    LayoutBlockFlow {OPTION} at (1,8783.06) size 187x14.19 [bgcolor=#D4D4D4]
      LayoutText {#text} at (2,0) size 47x13
        text run at (2,0) width 47: "Item 620"
    LayoutBlockFlow {OPTION} at (1,8797.25) size 187x14.19 [bgcolor=#D4D4D4]
      LayoutText {#text} at (2,0) size 45x13
        text run at (2,0) width 45: "Item 621"
    LayoutBlockFlow {OPTION} at (1,8811.44) size 187x14.19 [bgcolor=#D4D4D4]
      LayoutText {#text} at (2,0) size 47x13
        text run at (2,0) width 47: "Item 622"
    LayoutBlockFlow {OPTION} at (1,8825.63) size 187x14.19 [bgcolor=#D4D4D4]
      LayoutText {#text} at (2,0) size 47x13
        text run at (2,0) width 47: "Item 623"
    LayoutBlockFlow {OPTION} at (1,8839.81) size 187x14.19 [bgcolor=#D4D4D4]
      LayoutText {#text} at (2,0) size 47x13
        text run at (2,0) width 47: "Item 624"
    LayoutBlockFlow {OPTION} at (1,8854) size 187x14.19 [bgcolor=#D4D4D4]
      LayoutText {#text} at (2,0) size 47x13
        text run at (2,0) width 47: "Item 625"
    LayoutBlockFlow {OPTION} at (1,8868.19) size 187x14.19 [bgcolor=#D4D4D4]
      LayoutText {#text} at (2,0) size 47x13
        text run at (2,0) width 47: "Item 626"
    LayoutBlockFlow {OPTION} at (1,8882.38) size 187x14.19 [bgcolor=#D4D4D4]
      LayoutText {#text} at (2,0) size 46x13
        text run at (2,0) width 46: "Item 627"
    LayoutBlockFlow {OPTION} at (1,8896.56) size 187x14.19 [bgcolor=#D4D4D4]
      LayoutText {#text} at (2,0) size 47x13
        text run at (2,0) width 47: "Item 628"
    LayoutBlockFlow {OPTION} at (1,8910.75) size 187x14.19 [bgcolor=#D4D4D4]
      LayoutText {#text} at (2,0) size 47x13
        text run at (2,0) width 47: "Item 629"
    LayoutBlockFlow {OPTION} at (1,8924.94) size 187x14.19 [bgcolor=#D4D4D4]
      LayoutText {#text} at (2,0) size 47x13
        text run at (2,0) width 47: "Item 630"
    LayoutBlockFlow {OPTION} at (1,8939.13) size 187x14.19 [bgcolor=#D4D4D4]
      LayoutText {#text} at (2,0) size 45x13
        text run at (2,0) width 45: "Item 631"
    LayoutBlockFlow {OPTION} at (1,8953.31) size 187x14.19 [bgcolor=#D4D4D4]
      LayoutText {#text} at (2,0) size 47x13
        text run at (2,0) width 47: "Item 632"
    LayoutBlockFlow {OPTION} at (1,8967.50) size 187x14.19 [bgcolor=#D4D4D4]
      LayoutText {#text} at (2,0) size 47x13
        text run at (2,0) width 47: "Item 633"
    LayoutBlockFlow {OPTION} at (1,8981.69) size 187x14.19 [bgcolor=#D4D4D4]
      LayoutText {#text} at (2,0) size 47x13
        text run at (2,0) width 47: "Item 634"
    LayoutBlockFlow {OPTION} at (1,8995.88) size 187x14.19 [bgcolor=#D4D4D4]
      LayoutText {#text} at (2,0) size 47x13
        text run at (2,0) width 47: "Item 635"
    LayoutBlockFlow {OPTION} at (1,9010.06) size 187x14.19 [bgcolor=#D4D4D4]
      LayoutText {#text} at (2,0) size 47x13
        text run at (2,0) width 47: "Item 636"
    LayoutBlockFlow {OPTION} at (1,9024.25) size 187x14.19 [bgcolor=#D4D4D4]
      LayoutText {#text} at (2,0) size 46x13
        text run at (2,0) width 46: "Item 637"
    LayoutBlockFlow {OPTION} at (1,9038.44) size 187x14.19 [bgcolor=#D4D4D4]
      LayoutText {#text} at (2,0) size 47x13
        text run at (2,0) width 47: "Item 638"
    LayoutBlockFlow {OPTION} at (1,9052.63) size 187x14.19 [bgcolor=#D4D4D4]
      LayoutText {#text} at (2,0) size 47x13
        text run at (2,0) width 47: "Item 639"
    LayoutBlockFlow {OPTION} at (1,9066.81) size 187x14.19 [bgcolor=#D4D4D4]
      LayoutText {#text} at (2,0) size 47x13
        text run at (2,0) width 47: "Item 640"
    LayoutBlockFlow {OPTION} at (1,9081) size 187x14.19 [bgcolor=#D4D4D4]
      LayoutText {#text} at (2,0) size 45x13
        text run at (2,0) width 45: "Item 641"
    LayoutBlockFlow {OPTION} at (1,9095.19) size 187x14.19 [bgcolor=#D4D4D4]
      LayoutText {#text} at (2,0) size 47x13
        text run at (2,0) width 47: "Item 642"
    LayoutBlockFlow {OPTION} at (1,9109.38) size 187x14.19 [bgcolor=#D4D4D4]
      LayoutText {#text} at (2,0) size 47x13
        text run at (2,0) width 47: "Item 643"
    LayoutBlockFlow {OPTION} at (1,9123.56) size 187x14.19 [bgcolor=#D4D4D4]
      LayoutText {#text} at (2,0) size 47x13
        text run at (2,0) width 47: "Item 644"
    LayoutBlockFlow {OPTION} at (1,9137.75) size 187x14.19 [bgcolor=#D4D4D4]
      LayoutText {#text} at (2,0) size 47x13
        text run at (2,0) width 47: "Item 645"
    LayoutBlockFlow {OPTION} at (1,9151.94) size 187x14.19 [bgcolor=#D4D4D4]
      LayoutText {#text} at (2,0) size 47x13
        text run at (2,0) width 47: "Item 646"
    LayoutBlockFlow {OPTION} at (1,9166.13) size 187x14.19 [bgcolor=#D4D4D4]
      LayoutText {#text} at (2,0) size 47x13
        text run at (2,0) width 47: "Item 647"
    LayoutBlockFlow {OPTION} at (1,9180.31) size 187x14.19 [bgcolor=#D4D4D4]
      LayoutText {#text} at (2,0) size 47x13
        text run at (2,0) width 47: "Item 648"
    LayoutBlockFlow {OPTION} at (1,9194.50) size 187x14.19 [bgcolor=#D4D4D4]
      LayoutText {#text} at (2,0) size 47x13
        text run at (2,0) width 47: "Item 649"
    LayoutBlockFlow {OPTION} at (1,9208.69) size 187x14.19 [bgcolor=#D4D4D4]
      LayoutText {#text} at (2,0) size 47x13
        text run at (2,0) width 47: "Item 650"
    LayoutBlockFlow {OPTION} at (1,9222.88) size 187x14.19 [bgcolor=#D4D4D4]
      LayoutText {#text} at (2,0) size 45x13
        text run at (2,0) width 45: "Item 651"
    LayoutBlockFlow {OPTION} at (1,9237.06) size 187x14.19 [bgcolor=#D4D4D4]
      LayoutText {#text} at (2,0) size 47x13
        text run at (2,0) width 47: "Item 652"
    LayoutBlockFlow {OPTION} at (1,9251.25) size 187x14.19 [bgcolor=#D4D4D4]
      LayoutText {#text} at (2,0) size 47x13
        text run at (2,0) width 47: "Item 653"
    LayoutBlockFlow {OPTION} at (1,9265.44) size 187x14.19 [bgcolor=#D4D4D4]
      LayoutText {#text} at (2,0) size 47x13
        text run at (2,0) width 47: "Item 654"
    LayoutBlockFlow {OPTION} at (1,9279.63) size 187x14.19 [bgcolor=#D4D4D4]
      LayoutText {#text} at (2,0) size 47x13
        text run at (2,0) width 47: "Item 655"
    LayoutBlockFlow {OPTION} at (1,9293.81) size 187x14.19 [bgcolor=#D4D4D4]
      LayoutText {#text} at (2,0) size 47x13
        text run at (2,0) width 47: "Item 656"
    LayoutBlockFlow {OPTION} at (1,9308) size 187x14.19 [bgcolor=#D4D4D4]
      LayoutText {#text} at (2,0) size 46x13
        text run at (2,0) width 46: "Item 657"
    LayoutBlockFlow {OPTION} at (1,9322.19) size 187x14.19 [bgcolor=#D4D4D4]
      LayoutText {#text} at (2,0) size 47x13
        text run at (2,0) width 47: "Item 658"
    LayoutBlockFlow {OPTION} at (1,9336.38) size 187x14.19 [bgcolor=#D4D4D4]
      LayoutText {#text} at (2,0) size 47x13
        text run at (2,0) width 47: "Item 659"
    LayoutBlockFlow {OPTION} at (1,9350.56) size 187x14.19 [bgcolor=#D4D4D4]
      LayoutText {#text} at (2,0) size 47x13
        text run at (2,0) width 47: "Item 660"
    LayoutBlockFlow {OPTION} at (1,9364.75) size 187x14.19 [bgcolor=#D4D4D4]
      LayoutText {#text} at (2,0) size 45x13
        text run at (2,0) width 45: "Item 661"
    LayoutBlockFlow {OPTION} at (1,9378.94) size 187x14.19 [bgcolor=#D4D4D4]
      LayoutText {#text} at (2,0) size 47x13
        text run at (2,0) width 47: "Item 662"
    LayoutBlockFlow {OPTION} at (1,9393.13) size 187x14.19 [bgcolor=#D4D4D4]
      LayoutText {#text} at (2,0) size 47x13
        text run at (2,0) width 47: "Item 663"
    LayoutBlockFlow {OPTION} at (1,9407.31) size 187x14.19 [bgcolor=#D4D4D4]
      LayoutText {#text} at (2,0) size 47x13
        text run at (2,0) width 47: "Item 664"
    LayoutBlockFlow {OPTION} at (1,9421.50) size 187x14.19 [bgcolor=#D4D4D4]
      LayoutText {#text} at (2,0) size 47x13
        text run at (2,0) width 47: "Item 665"
    LayoutBlockFlow {OPTION} at (1,9435.69) size 187x14.19 [bgcolor=#D4D4D4]
      LayoutText {#text} at (2,0) size 47x13
        text run at (2,0) width 47: "Item 666"
    LayoutBlockFlow {OPTION} at (1,9449.88) size 187x14.19 [bgcolor=#D4D4D4]
      LayoutText {#text} at (2,0) size 47x13
        text run at (2,0) width 47: "Item 667"
    LayoutBlockFlow {OPTION} at (1,9464.06) size 187x14.19 [bgcolor=#D4D4D4]
      LayoutText {#text} at (2,0) size 47x13
        text run at (2,0) width 47: "Item 668"
    LayoutBlockFlow {OPTION} at (1,9478.25) size 187x14.19 [bgcolor=#D4D4D4]
      LayoutText {#text} at (2,0) size 47x13
        text run at (2,0) width 47: "Item 669"
    LayoutBlockFlow {OPTION} at (1,9492.44) size 187x14.19 [bgcolor=#D4D4D4]
      LayoutText {#text} at (2,0) size 46x13
        text run at (2,0) width 46: "Item 670"
    LayoutBlockFlow {OPTION} at (1,9506.63) size 187x14.19 [bgcolor=#D4D4D4]
      LayoutText {#text} at (2,0) size 45x13
        text run at (2,0) width 45: "Item 671"
    LayoutBlockFlow {OPTION} at (1,9520.81) size 187x14.19 [bgcolor=#D4D4D4]
      LayoutText {#text} at (2,0) size 46x13
        text run at (2,0) width 46: "Item 672"
    LayoutBlockFlow {OPTION} at (1,9535) size 187x14.19 [bgcolor=#D4D4D4]
      LayoutText {#text} at (2,0) size 46x13
        text run at (2,0) width 46: "Item 673"
    LayoutBlockFlow {OPTION} at (1,9549.19) size 187x14.19 [bgcolor=#D4D4D4]
      LayoutText {#text} at (2,0) size 46x13
        text run at (2,0) width 46: "Item 674"
    LayoutBlockFlow {OPTION} at (1,9563.38) size 187x14.19 [bgcolor=#D4D4D4]
      LayoutText {#text} at (2,0) size 46x13
        text run at (2,0) width 46: "Item 675"
    LayoutBlockFlow {OPTION} at (1,9577.56) size 187x14.19 [bgcolor=#D4D4D4]
      LayoutText {#text} at (2,0) size 46x13
        text run at (2,0) width 46: "Item 676"
    LayoutBlockFlow {OPTION} at (1,9591.75) size 187x14.19 [bgcolor=#D4D4D4]
      LayoutText {#text} at (2,0) size 46x13
        text run at (2,0) width 46: "Item 677"
    LayoutBlockFlow {OPTION} at (1,9605.94) size 187x14.19 [bgcolor=#D4D4D4]
      LayoutText {#text} at (2,0) size 46x13
        text run at (2,0) width 46: "Item 678"
    LayoutBlockFlow {OPTION} at (1,9620.13) size 187x14.19 [bgcolor=#D4D4D4]
      LayoutText {#text} at (2,0) size 46x13
        text run at (2,0) width 46: "Item 679"
    LayoutBlockFlow {OPTION} at (1,9634.31) size 187x14.19 [bgcolor=#D4D4D4]
      LayoutText {#text} at (2,0) size 47x13
        text run at (2,0) width 47: "Item 680"
    LayoutBlockFlow {OPTION} at (1,9648.50) size 187x14.19 [bgcolor=#D4D4D4]
      LayoutText {#text} at (2,0) size 45x13
        text run at (2,0) width 45: "Item 681"
    LayoutBlockFlow {OPTION} at (1,9662.69) size 187x14.19 [bgcolor=#D4D4D4]
      LayoutText {#text} at (2,0) size 47x13
        text run at (2,0) width 47: "Item 682"
    LayoutBlockFlow {OPTION} at (1,9676.88) size 187x14.19 [bgcolor=#D4D4D4]
      LayoutText {#text} at (2,0) size 47x13
        text run at (2,0) width 47: "Item 683"
    LayoutBlockFlow {OPTION} at (1,9691.06) size 187x14.19 [bgcolor=#D4D4D4]
      LayoutText {#text} at (2,0) size 47x13
        text run at (2,0) width 47: "Item 684"
    LayoutBlockFlow {OPTION} at (1,9705.25) size 187x14.19 [bgcolor=#D4D4D4]
      LayoutText {#text} at (2,0) size 47x13
        text run at (2,0) width 47: "Item 685"
    LayoutBlockFlow {OPTION} at (1,9719.44) size 187x14.19 [bgcolor=#D4D4D4]
      LayoutText {#text} at (2,0) size 47x13
        text run at (2,0) width 47: "Item 686"
    LayoutBlockFlow {OPTION} at (1,9733.63) size 187x14.19 [bgcolor=#D4D4D4]
      LayoutText {#text} at (2,0) size 47x13
        text run at (2,0) width 47: "Item 687"
    LayoutBlockFlow {OPTION} at (1,9747.81) size 187x14.19 [bgcolor=#D4D4D4]
      LayoutText {#text} at (2,0) size 47x13
        text run at (2,0) width 47: "Item 688"
    LayoutBlockFlow {OPTION} at (1,9762) size 187x14.19 [bgcolor=#D4D4D4]
      LayoutText {#text} at (2,0) size 47x13
        text run at (2,0) width 47: "Item 689"
    LayoutBlockFlow {OPTION} at (1,9776.19) size 187x14.19 [bgcolor=#D4D4D4]
      LayoutText {#text} at (2,0) size 47x13
        text run at (2,0) width 47: "Item 690"
    LayoutBlockFlow {OPTION} at (1,9790.38) size 187x14.19 [bgcolor=#D4D4D4]
      LayoutText {#text} at (2,0) size 45x13
        text run at (2,0) width 45: "Item 691"
    LayoutBlockFlow {OPTION} at (1,9804.56) size 187x14.19 [bgcolor=#D4D4D4]
      LayoutText {#text} at (2,0) size 47x13
        text run at (2,0) width 47: "Item 692"
    LayoutBlockFlow {OPTION} at (1,9818.75) size 187x14.19 [bgcolor=#D4D4D4]
      LayoutText {#text} at (2,0) size 47x13
        text run at (2,0) width 47: "Item 693"
    LayoutBlockFlow {OPTION} at (1,9832.94) size 187x14.19 [bgcolor=#D4D4D4]
      LayoutText {#text} at (2,0) size 47x13
        text run at (2,0) width 47: "Item 694"
    LayoutBlockFlow {OPTION} at (1,9847.13) size 187x14.19 [bgcolor=#D4D4D4]
      LayoutText {#text} at (2,0) size 47x13
        text run at (2,0) width 47: "Item 695"
    LayoutBlockFlow {OPTION} at (1,9861.31) size 187x14.19 [bgcolor=#D4D4D4]
      LayoutText {#text} at (2,0) size 47x13
        text run at (2,0) width 47: "Item 696"
    LayoutBlockFlow {OPTION} at (1,9875.50) size 187x14.19 [bgcolor=#D4D4D4]
      LayoutText {#text} at (2,0) size 46x13
        text run at (2,0) width 46: "Item 697"
    LayoutBlockFlow {OPTION} at (1,9889.69) size 187x14.19 [bgcolor=#D4D4D4]
      LayoutText {#text} at (2,0) size 47x13
        text run at (2,0) width 47: "Item 698"
    LayoutBlockFlow {OPTION} at (1,9903.88) size 187x14.19 [bgcolor=#D4D4D4]
      LayoutText {#text} at (2,0) size 47x13
        text run at (2,0) width 47: "Item 699"
    LayoutBlockFlow {OPTION} at (1,9918.06) size 187x14.19 [bgcolor=#D4D4D4]
      LayoutText {#text} at (2,0) size 46x13
        text run at (2,0) width 46: "Item 700"
    LayoutBlockFlow {OPTION} at (1,9932.25) size 187x14.19 [bgcolor=#D4D4D4]
      LayoutText {#text} at (2,0) size 44x13
        text run at (2,0) width 44: "Item 701"
    LayoutBlockFlow {OPTION} at (1,9946.44) size 187x14.19 [bgcolor=#D4D4D4]
      LayoutText {#text} at (2,0) size 46x13
        text run at (2,0) width 46: "Item 702"
    LayoutBlockFlow {OPTION} at (1,9960.63) size 187x14.19 [bgcolor=#D4D4D4]
      LayoutText {#text} at (2,0) size 46x13
        text run at (2,0) width 46: "Item 703"
    LayoutBlockFlow {OPTION} at (1,9974.81) size 187x14.19 [bgcolor=#D4D4D4]
      LayoutText {#text} at (2,0) size 46x13
        text run at (2,0) width 46: "Item 704"
    LayoutBlockFlow {OPTION} at (1,9989) size 187x14.19 [bgcolor=#D4D4D4]
      LayoutText {#text} at (2,0) size 46x13
        text run at (2,0) width 46: "Item 705"
    LayoutBlockFlow {OPTION} at (1,10003.19) size 187x14.19 [bgcolor=#D4D4D4]
      LayoutText {#text} at (2,0) size 46x13
        text run at (2,0) width 46: "Item 706"
    LayoutBlockFlow {OPTION} at (1,10017.38) size 187x14.19 [bgcolor=#D4D4D4]
      LayoutText {#text} at (2,0) size 45x13
        text run at (2,0) width 45: "Item 707"
    LayoutBlockFlow {OPTION} at (1,10031.56) size 187x14.19 [bgcolor=#D4D4D4]
      LayoutText {#text} at (2,0) size 46x13
        text run at (2,0) width 46: "Item 708"
    LayoutBlockFlow {OPTION} at (1,10045.75) size 187x14.19 [bgcolor=#D4D4D4]
      LayoutText {#text} at (2,0) size 46x13
        text run at (2,0) width 46: "Item 709"
    LayoutBlockFlow {OPTION} at (1,10059.94) size 187x14.19 [bgcolor=#D4D4D4]
      LayoutText {#text} at (2,0) size 45x13
        text run at (2,0) width 45: "Item 710"
    LayoutBlockFlow {OPTION} at (1,10074.13) size 187x14.19 [bgcolor=#D4D4D4]
      LayoutText {#text} at (2,0) size 43x13
        text run at (2,0) width 43: "Item 711"
    LayoutBlockFlow {OPTION} at (1,10088.31) size 187x14.19 [bgcolor=#D4D4D4]
      LayoutText {#text} at (2,0) size 44x13
        text run at (2,0) width 44: "Item 712"
    LayoutBlockFlow {OPTION} at (1,10102.50) size 187x14.19 [bgcolor=#D4D4D4]
      LayoutText {#text} at (2,0) size 45x13
        text run at (2,0) width 45: "Item 713"
    LayoutBlockFlow {OPTION} at (1,10116.69) size 187x14.19 [bgcolor=#D4D4D4]
      LayoutText {#text} at (2,0) size 45x13
        text run at (2,0) width 45: "Item 714"
    LayoutBlockFlow {OPTION} at (1,10130.88) size 187x14.19 [bgcolor=#D4D4D4]
      LayoutText {#text} at (2,0) size 45x13
        text run at (2,0) width 45: "Item 715"
    LayoutBlockFlow {OPTION} at (1,10145.06) size 187x14.19 [bgcolor=#D4D4D4]
      LayoutText {#text} at (2,0) size 45x13
        text run at (2,0) width 45: "Item 716"
    LayoutBlockFlow {OPTION} at (1,10159.25) size 187x14.19 [bgcolor=#D4D4D4]
      LayoutText {#text} at (2,0) size 44x13
        text run at (2,0) width 44: "Item 717"
    LayoutBlockFlow {OPTION} at (1,10173.44) size 187x14.19 [bgcolor=#D4D4D4]
      LayoutText {#text} at (2,0) size 45x13
        text run at (2,0) width 45: "Item 718"
    LayoutBlockFlow {OPTION} at (1,10187.63) size 187x14.19 [bgcolor=#D4D4D4]
      LayoutText {#text} at (2,0) size 45x13
        text run at (2,0) width 45: "Item 719"
    LayoutBlockFlow {OPTION} at (1,10201.81) size 187x14.19 [bgcolor=#D4D4D4]
      LayoutText {#text} at (2,0) size 46x13
        text run at (2,0) width 46: "Item 720"
    LayoutBlockFlow {OPTION} at (1,10216) size 187x14.19 [bgcolor=#D4D4D4]
      LayoutText {#text} at (2,0) size 44x13
        text run at (2,0) width 44: "Item 721"
    LayoutBlockFlow {OPTION} at (1,10230.19) size 187x14.19 [bgcolor=#D4D4D4]
      LayoutText {#text} at (2,0) size 46x13
        text run at (2,0) width 46: "Item 722"
    LayoutBlockFlow {OPTION} at (1,10244.38) size 187x14.19 [bgcolor=#D4D4D4]
      LayoutText {#text} at (2,0) size 46x13
        text run at (2,0) width 46: "Item 723"
    LayoutBlockFlow {OPTION} at (1,10258.56) size 187x14.19 [bgcolor=#D4D4D4]
      LayoutText {#text} at (2,0) size 46x13
        text run at (2,0) width 46: "Item 724"
    LayoutBlockFlow {OPTION} at (1,10272.75) size 187x14.19 [bgcolor=#D4D4D4]
      LayoutText {#text} at (2,0) size 46x13
        text run at (2,0) width 46: "Item 725"
    LayoutBlockFlow {OPTION} at (1,10286.94) size 187x14.19 [bgcolor=#D4D4D4]
      LayoutText {#text} at (2,0) size 46x13
        text run at (2,0) width 46: "Item 726"
    LayoutBlockFlow {OPTION} at (1,10301.13) size 187x14.19 [bgcolor=#D4D4D4]
      LayoutText {#text} at (2,0) size 45x13
        text run at (2,0) width 45: "Item 727"
    LayoutBlockFlow {OPTION} at (1,10315.31) size 187x14.19 [bgcolor=#D4D4D4]
      LayoutText {#text} at (2,0) size 46x13
        text run at (2,0) width 46: "Item 728"
    LayoutBlockFlow {OPTION} at (1,10329.50) size 187x14.19 [bgcolor=#D4D4D4]
      LayoutText {#text} at (2,0) size 46x13
        text run at (2,0) width 46: "Item 729"
    LayoutBlockFlow {OPTION} at (1,10343.69) size 187x14.19 [bgcolor=#D4D4D4]
      LayoutText {#text} at (2,0) size 46x13
        text run at (2,0) width 46: "Item 730"
    LayoutBlockFlow {OPTION} at (1,10357.88) size 187x14.19 [bgcolor=#D4D4D4]
      LayoutText {#text} at (2,0) size 44x13
        text run at (2,0) width 44: "Item 731"
    LayoutBlockFlow {OPTION} at (1,10372.06) size 187x14.19 [bgcolor=#D4D4D4]
      LayoutText {#text} at (2,0) size 46x13
        text run at (2,0) width 46: "Item 732"
    LayoutBlockFlow {OPTION} at (1,10386.25) size 187x14.19 [bgcolor=#D4D4D4]
      LayoutText {#text} at (2,0) size 46x13
        text run at (2,0) width 46: "Item 733"
    LayoutBlockFlow {OPTION} at (1,10400.44) size 187x14.19 [bgcolor=#D4D4D4]
      LayoutText {#text} at (2,0) size 46x13
        text run at (2,0) width 46: "Item 734"
    LayoutBlockFlow {OPTION} at (1,10414.63) size 187x14.19 [bgcolor=#D4D4D4]
      LayoutText {#text} at (2,0) size 46x13
        text run at (2,0) width 46: "Item 735"
    LayoutBlockFlow {OPTION} at (1,10428.81) size 187x14.19 [bgcolor=#D4D4D4]
      LayoutText {#text} at (2,0) size 46x13
        text run at (2,0) width 46: "Item 736"
    LayoutBlockFlow {OPTION} at (1,10443) size 187x14.19 [bgcolor=#D4D4D4]
      LayoutText {#text} at (2,0) size 46x13
        text run at (2,0) width 46: "Item 737"
    LayoutBlockFlow {OPTION} at (1,10457.19) size 187x14.19 [bgcolor=#D4D4D4]
      LayoutText {#text} at (2,0) size 46x13
        text run at (2,0) width 46: "Item 738"
    LayoutBlockFlow {OPTION} at (1,10471.38) size 187x14.19 [bgcolor=#D4D4D4]
      LayoutText {#text} at (2,0) size 46x13
        text run at (2,0) width 46: "Item 739"
    LayoutBlockFlow {OPTION} at (1,10485.56) size 187x14.19 [bgcolor=#D4D4D4]
      LayoutText {#text} at (2,0) size 46x13
        text run at (2,0) width 46: "Item 740"
    LayoutBlockFlow {OPTION} at (1,10499.75) size 187x14.19 [bgcolor=#D4D4D4]
      LayoutText {#text} at (2,0) size 44x13
        text run at (2,0) width 44: "Item 741"
    LayoutBlockFlow {OPTION} at (1,10513.94) size 187x14.19 [bgcolor=#D4D4D4]
      LayoutText {#text} at (2,0) size 46x13
        text run at (2,0) width 46: "Item 742"
    LayoutBlockFlow {OPTION} at (1,10528.13) size 187x14.19 [bgcolor=#D4D4D4]
      LayoutText {#text} at (2,0) size 46x13
        text run at (2,0) width 46: "Item 743"
    LayoutBlockFlow {OPTION} at (1,10542.31) size 187x14.19 [bgcolor=#D4D4D4]
      LayoutText {#text} at (2,0) size 46x13
        text run at (2,0) width 46: "Item 744"
    LayoutBlockFlow {OPTION} at (1,10556.50) size 187x14.19 [bgcolor=#D4D4D4]
      LayoutText {#text} at (2,0) size 46x13
        text run at (2,0) width 46: "Item 745"
    LayoutBlockFlow {OPTION} at (1,10570.69) size 187x14.19 [bgcolor=#D4D4D4]
      LayoutText {#text} at (2,0) size 46x13
        text run at (2,0) width 46: "Item 746"
    LayoutBlockFlow {OPTION} at (1,10584.88) size 187x14.19 [bgcolor=#D4D4D4]
      LayoutText {#text} at (2,0) size 45x13
        text run at (2,0) width 45: "Item 747"
    LayoutBlockFlow {OPTION} at (1,10599.06) size 187x14.19 [bgcolor=#D4D4D4]
      LayoutText {#text} at (2,0) size 46x13
        text run at (2,0) width 46: "Item 748"
    LayoutBlockFlow {OPTION} at (1,10613.25) size 187x14.19 [bgcolor=#D4D4D4]
      LayoutText {#text} at (2,0) size 46x13
        text run at (2,0) width 46: "Item 749"
    LayoutBlockFlow {OPTION} at (1,10627.44) size 187x14.19 [bgcolor=#D4D4D4]
      LayoutText {#text} at (2,0) size 46x13
        text run at (2,0) width 46: "Item 750"
    LayoutBlockFlow {OPTION} at (1,10641.63) size 187x14.19 [bgcolor=#D4D4D4]
      LayoutText {#text} at (2,0) size 44x13
        text run at (2,0) width 44: "Item 751"
    LayoutBlockFlow {OPTION} at (1,10655.81) size 187x14.19 [bgcolor=#D4D4D4]
      LayoutText {#text} at (2,0) size 46x13
        text run at (2,0) width 46: "Item 752"
    LayoutBlockFlow {OPTION} at (1,10670) size 187x14.19 [bgcolor=#D4D4D4]
      LayoutText {#text} at (2,0) size 46x13
        text run at (2,0) width 46: "Item 753"
    LayoutBlockFlow {OPTION} at (1,10684.19) size 187x14.19 [bgcolor=#D4D4D4]
      LayoutText {#text} at (2,0) size 46x13
        text run at (2,0) width 46: "Item 754"
    LayoutBlockFlow {OPTION} at (1,10698.38) size 187x14.19 [bgcolor=#D4D4D4]
      LayoutText {#text} at (2,0) size 46x13
        text run at (2,0) width 46: "Item 755"
    LayoutBlockFlow {OPTION} at (1,10712.56) size 187x14.19 [bgcolor=#D4D4D4]
      LayoutText {#text} at (2,0) size 46x13
        text run at (2,0) width 46: "Item 756"
    LayoutBlockFlow {OPTION} at (1,10726.75) size 187x14.19 [bgcolor=#D4D4D4]
      LayoutText {#text} at (2,0) size 46x13
        text run at (2,0) width 46: "Item 757"
    LayoutBlockFlow {OPTION} at (1,10740.94) size 187x14.19 [bgcolor=#D4D4D4]
      LayoutText {#text} at (2,0) size 46x13
        text run at (2,0) width 46: "Item 758"
    LayoutBlockFlow {OPTION} at (1,10755.13) size 187x14.19 [bgcolor=#D4D4D4]
      LayoutText {#text} at (2,0) size 46x13
        text run at (2,0) width 46: "Item 759"
    LayoutBlockFlow {OPTION} at (1,10769.31) size 187x14.19 [bgcolor=#D4D4D4]
      LayoutText {#text} at (2,0) size 46x13
        text run at (2,0) width 46: "Item 760"
    LayoutBlockFlow {OPTION} at (1,10783.50) size 187x14.19 [bgcolor=#D4D4D4]
      LayoutText {#text} at (2,0) size 45x13
        text run at (2,0) width 45: "Item 761"
    LayoutBlockFlow {OPTION} at (1,10797.69) size 187x14.19 [bgcolor=#D4D4D4]
      LayoutText {#text} at (2,0) size 46x13
        text run at (2,0) width 46: "Item 762"
    LayoutBlockFlow {OPTION} at (1,10811.88) size 187x14.19 [bgcolor=#D4D4D4]
      LayoutText {#text} at (2,0) size 46x13
        text run at (2,0) width 46: "Item 763"
    LayoutBlockFlow {OPTION} at (1,10826.06) size 187x14.19 [bgcolor=#D4D4D4]
      LayoutText {#text} at (2,0) size 46x13
        text run at (2,0) width 46: "Item 764"
    LayoutBlockFlow {OPTION} at (1,10840.25) size 187x14.19 [bgcolor=#D4D4D4]
      LayoutText {#text} at (2,0) size 46x13
        text run at (2,0) width 46: "Item 765"
    LayoutBlockFlow {OPTION} at (1,10854.44) size 187x14.19 [bgcolor=#D4D4D4]
      LayoutText {#text} at (2,0) size 46x13
        text run at (2,0) width 46: "Item 766"
    LayoutBlockFlow {OPTION} at (1,10868.63) size 187x14.19 [bgcolor=#D4D4D4]
      LayoutText {#text} at (2,0) size 46x13
        text run at (2,0) width 46: "Item 767"
    LayoutBlockFlow {OPTION} at (1,10882.81) size 187x14.19 [bgcolor=#D4D4D4]
      LayoutText {#text} at (2,0) size 46x13
        text run at (2,0) width 46: "Item 768"
    LayoutBlockFlow {OPTION} at (1,10897) size 187x14.19 [bgcolor=#D4D4D4]
      LayoutText {#text} at (2,0) size 46x13
        text run at (2,0) width 46: "Item 769"
    LayoutBlockFlow {OPTION} at (1,10911.19) size 187x14.19 [bgcolor=#D4D4D4]
      LayoutText {#text} at (2,0) size 46x13
        text run at (2,0) width 46: "Item 770"
    LayoutBlockFlow {OPTION} at (1,10925.38) size 187x14.19 [bgcolor=#D4D4D4]
      LayoutText {#text} at (2,0) size 44x13
        text run at (2,0) width 44: "Item 771"
    LayoutBlockFlow {OPTION} at (1,10939.56) size 187x14.19 [bgcolor=#D4D4D4]
      LayoutText {#text} at (2,0) size 46x13
        text run at (2,0) width 46: "Item 772"
    LayoutBlockFlow {OPTION} at (1,10953.75) size 187x14.19 [bgcolor=#D4D4D4]
      LayoutText {#text} at (2,0) size 46x13
        text run at (2,0) width 46: "Item 773"
    LayoutBlockFlow {OPTION} at (1,10967.94) size 187x14.19 [bgcolor=#D4D4D4]
      LayoutText {#text} at (2,0) size 45x13
        text run at (2,0) width 45: "Item 774"
    LayoutBlockFlow {OPTION} at (1,10982.13) size 187x14.19 [bgcolor=#D4D4D4]
      LayoutText {#text} at (2,0) size 46x13
        text run at (2,0) width 46: "Item 775"
    LayoutBlockFlow {OPTION} at (1,10996.31) size 187x14.19 [bgcolor=#D4D4D4]
      LayoutText {#text} at (2,0) size 46x13
        text run at (2,0) width 46: "Item 776"
    LayoutBlockFlow {OPTION} at (1,11010.50) size 187x14.19 [bgcolor=#D4D4D4]
      LayoutText {#text} at (2,0) size 46x13
        text run at (2,0) width 46: "Item 777"
    LayoutBlockFlow {OPTION} at (1,11024.69) size 187x14.19 [bgcolor=#D4D4D4]
      LayoutText {#text} at (2,0) size 46x13
        text run at (2,0) width 46: "Item 778"
    LayoutBlockFlow {OPTION} at (1,11038.88) size 187x14.19 [bgcolor=#D4D4D4]
      LayoutText {#text} at (2,0) size 46x13
        text run at (2,0) width 46: "Item 779"
    LayoutBlockFlow {OPTION} at (1,11053.06) size 187x14.19 [bgcolor=#D4D4D4]
      LayoutText {#text} at (2,0) size 46x13
        text run at (2,0) width 46: "Item 780"
    LayoutBlockFlow {OPTION} at (1,11067.25) size 187x14.19 [bgcolor=#D4D4D4]
      LayoutText {#text} at (2,0) size 45x13
        text run at (2,0) width 45: "Item 781"
    LayoutBlockFlow {OPTION} at (1,11081.44) size 187x14.19 [bgcolor=#D4D4D4]
      LayoutText {#text} at (2,0) size 46x13
        text run at (2,0) width 46: "Item 782"
    LayoutBlockFlow {OPTION} at (1,11095.63) size 187x14.19 [bgcolor=#D4D4D4]
      LayoutText {#text} at (2,0) size 46x13
        text run at (2,0) width 46: "Item 783"
    LayoutBlockFlow {OPTION} at (1,11109.81) size 187x14.19 [bgcolor=#D4D4D4]
      LayoutText {#text} at (2,0) size 47x13
        text run at (2,0) width 47: "Item 784"
    LayoutBlockFlow {OPTION} at (1,11124) size 187x14.19 [bgcolor=#D4D4D4]
      LayoutText {#text} at (2,0) size 46x13
        text run at (2,0) width 46: "Item 785"
    LayoutBlockFlow {OPTION} at (1,11138.19) size 187x14.19 [bgcolor=#D4D4D4]
      LayoutText {#text} at (2,0) size 46x13
        text run at (2,0) width 46: "Item 786"
    LayoutBlockFlow {OPTION} at (1,11152.38) size 187x14.19 [bgcolor=#D4D4D4]
      LayoutText {#text} at (2,0) size 46x13
        text run at (2,0) width 46: "Item 787"
    LayoutBlockFlow {OPTION} at (1,11166.56) size 187x14.19 [bgcolor=#D4D4D4]
      LayoutText {#text} at (2,0) size 46x13
        text run at (2,0) width 46: "Item 788"
    LayoutBlockFlow {OPTION} at (1,11180.75) size 187x14.19 [bgcolor=#D4D4D4]
      LayoutText {#text} at (2,0) size 46x13
        text run at (2,0) width 46: "Item 789"
    LayoutBlockFlow {OPTION} at (1,11194.94) size 187x14.19 [bgcolor=#D4D4D4]
      LayoutText {#text} at (2,0) size 46x13
        text run at (2,0) width 46: "Item 790"
    LayoutBlockFlow {OPTION} at (1,11209.13) size 187x14.19 [bgcolor=#D4D4D4]
      LayoutText {#text} at (2,0) size 45x13
        text run at (2,0) width 45: "Item 791"
    LayoutBlockFlow {OPTION} at (1,11223.31) size 187x14.19 [bgcolor=#D4D4D4]
      LayoutText {#text} at (2,0) size 46x13
        text run at (2,0) width 46: "Item 792"
    LayoutBlockFlow {OPTION} at (1,11237.50) size 187x14.19 [bgcolor=#D4D4D4]
      LayoutText {#text} at (2,0) size 46x13
        text run at (2,0) width 46: "Item 793"
    LayoutBlockFlow {OPTION} at (1,11251.69) size 187x14.19 [bgcolor=#D4D4D4]
      LayoutText {#text} at (2,0) size 47x13
        text run at (2,0) width 47: "Item 794"
    LayoutBlockFlow {OPTION} at (1,11265.88) size 187x14.19 [bgcolor=#D4D4D4]
      LayoutText {#text} at (2,0) size 46x13
        text run at (2,0) width 46: "Item 795"
    LayoutBlockFlow {OPTION} at (1,11280.06) size 187x14.19 [bgcolor=#D4D4D4]
      LayoutText {#text} at (2,0) size 46x13
        text run at (2,0) width 46: "Item 796"
    LayoutBlockFlow {OPTION} at (1,11294.25) size 187x14.19 [bgcolor=#D4D4D4]
      LayoutText {#text} at (2,0) size 46x13
        text run at (2,0) width 46: "Item 797"
    LayoutBlockFlow {OPTION} at (1,11308.44) size 187x14.19 [bgcolor=#D4D4D4]
      LayoutText {#text} at (2,0) size 46x13
        text run at (2,0) width 46: "Item 798"
    LayoutBlockFlow {OPTION} at (1,11322.63) size 187x14.19 [bgcolor=#D4D4D4]
      LayoutText {#text} at (2,0) size 46x13
        text run at (2,0) width 46: "Item 799"
    LayoutBlockFlow {OPTION} at (1,11336.81) size 187x14.19 [bgcolor=#D4D4D4]
      LayoutText {#text} at (2,0) size 47x13
        text run at (2,0) width 47: "Item 800"
    LayoutBlockFlow {OPTION} at (1,11351) size 187x14.19 [bgcolor=#D4D4D4]
      LayoutText {#text} at (2,0) size 45x13
        text run at (2,0) width 45: "Item 801"
    LayoutBlockFlow {OPTION} at (1,11365.19) size 187x14.19 [bgcolor=#D4D4D4]
      LayoutText {#text} at (2,0) size 47x13
        text run at (2,0) width 47: "Item 802"
    LayoutBlockFlow {OPTION} at (1,11379.38) size 187x14.19 [bgcolor=#D4D4D4]
      LayoutText {#text} at (2,0) size 47x13
        text run at (2,0) width 47: "Item 803"
    LayoutBlockFlow {OPTION} at (1,11393.56) size 187x14.19 [bgcolor=#D4D4D4]
      LayoutText {#text} at (2,0) size 47x13
        text run at (2,0) width 47: "Item 804"
    LayoutBlockFlow {OPTION} at (1,11407.75) size 187x14.19 [bgcolor=#D4D4D4]
      LayoutText {#text} at (2,0) size 47x13
        text run at (2,0) width 47: "Item 805"
    LayoutBlockFlow {OPTION} at (1,11421.94) size 187x14.19 [bgcolor=#D4D4D4]
      LayoutText {#text} at (2,0) size 47x13
        text run at (2,0) width 47: "Item 806"
    LayoutBlockFlow {OPTION} at (1,11436.13) size 187x14.19 [bgcolor=#D4D4D4]
      LayoutText {#text} at (2,0) size 46x13
        text run at (2,0) width 46: "Item 807"
    LayoutBlockFlow {OPTION} at (1,11450.31) size 187x14.19 [bgcolor=#D4D4D4]
      LayoutText {#text} at (2,0) size 47x13
        text run at (2,0) width 47: "Item 808"
    LayoutBlockFlow {OPTION} at (1,11464.50) size 187x14.19 [bgcolor=#D4D4D4]
      LayoutText {#text} at (2,0) size 47x13
        text run at (2,0) width 47: "Item 809"
    LayoutBlockFlow {OPTION} at (1,11478.69) size 187x14.19 [bgcolor=#D4D4D4]
      LayoutText {#text} at (2,0) size 45x13
        text run at (2,0) width 45: "Item 810"
    LayoutBlockFlow {OPTION} at (1,11492.88) size 187x14.19 [bgcolor=#D4D4D4]
      LayoutText {#text} at (2,0) size 44x13
        text run at (2,0) width 44: "Item 811"
    LayoutBlockFlow {OPTION} at (1,11507.06) size 187x14.19 [bgcolor=#D4D4D4]
      LayoutText {#text} at (2,0) size 45x13
        text run at (2,0) width 45: "Item 812"
    LayoutBlockFlow {OPTION} at (1,11521.25) size 187x14.19 [bgcolor=#D4D4D4]
      LayoutText {#text} at (2,0) size 45x13
        text run at (2,0) width 45: "Item 813"
    LayoutBlockFlow {OPTION} at (1,11535.44) size 187x14.19 [bgcolor=#D4D4D4]
      LayoutText {#text} at (2,0) size 46x13
        text run at (2,0) width 46: "Item 814"
    LayoutBlockFlow {OPTION} at (1,11549.63) size 187x14.19 [bgcolor=#D4D4D4]
      LayoutText {#text} at (2,0) size 45x13
        text run at (2,0) width 45: "Item 815"
    LayoutBlockFlow {OPTION} at (1,11563.81) size 187x14.19 [bgcolor=#D4D4D4]
      LayoutText {#text} at (2,0) size 45x13
        text run at (2,0) width 45: "Item 816"
    LayoutBlockFlow {OPTION} at (1,11578) size 187x14.19 [bgcolor=#D4D4D4]
      LayoutText {#text} at (2,0) size 45x13
        text run at (2,0) width 45: "Item 817"
    LayoutBlockFlow {OPTION} at (1,11592.19) size 187x14.19 [bgcolor=#D4D4D4]
      LayoutText {#text} at (2,0) size 45x13
        text run at (2,0) width 45: "Item 818"
    LayoutBlockFlow {OPTION} at (1,11606.38) size 187x14.19 [bgcolor=#D4D4D4]
      LayoutText {#text} at (2,0) size 45x13
        text run at (2,0) width 45: "Item 819"
    LayoutBlockFlow {OPTION} at (1,11620.56) size 187x14.19 [bgcolor=#D4D4D4]
      LayoutText {#text} at (2,0) size 47x13
        text run at (2,0) width 47: "Item 820"
    LayoutBlockFlow {OPTION} at (1,11634.75) size 187x14.19 [bgcolor=#D4D4D4]
      LayoutText {#text} at (2,0) size 45x13
        text run at (2,0) width 45: "Item 821"
    LayoutBlockFlow {OPTION} at (1,11648.94) size 187x14.19 [bgcolor=#D4D4D4]
      LayoutText {#text} at (2,0) size 47x13
        text run at (2,0) width 47: "Item 822"
    LayoutBlockFlow {OPTION} at (1,11663.13) size 187x14.19 [bgcolor=#D4D4D4]
      LayoutText {#text} at (2,0) size 47x13
        text run at (2,0) width 47: "Item 823"
    LayoutBlockFlow {OPTION} at (1,11677.31) size 187x14.19 [bgcolor=#D4D4D4]
      LayoutText {#text} at (2,0) size 47x13
        text run at (2,0) width 47: "Item 824"
    LayoutBlockFlow {OPTION} at (1,11691.50) size 187x14.19 [bgcolor=#D4D4D4]
      LayoutText {#text} at (2,0) size 47x13
        text run at (2,0) width 47: "Item 825"
    LayoutBlockFlow {OPTION} at (1,11705.69) size 187x14.19 [bgcolor=#D4D4D4]
      LayoutText {#text} at (2,0) size 47x13
        text run at (2,0) width 47: "Item 826"
    LayoutBlockFlow {OPTION} at (1,11719.88) size 187x14.19 [bgcolor=#D4D4D4]
      LayoutText {#text} at (2,0) size 46x13
        text run at (2,0) width 46: "Item 827"
    LayoutBlockFlow {OPTION} at (1,11734.06) size 187x14.19 [bgcolor=#D4D4D4]
      LayoutText {#text} at (2,0) size 47x13
        text run at (2,0) width 47: "Item 828"
    LayoutBlockFlow {OPTION} at (1,11748.25) size 187x14.19 [bgcolor=#D4D4D4]
      LayoutText {#text} at (2,0) size 47x13
        text run at (2,0) width 47: "Item 829"
    LayoutBlockFlow {OPTION} at (1,11762.44) size 187x14.19 [bgcolor=#D4D4D4]
      LayoutText {#text} at (2,0) size 47x13
        text run at (2,0) width 47: "Item 830"
    LayoutBlockFlow {OPTION} at (1,11776.63) size 187x14.19 [bgcolor=#D4D4D4]
      LayoutText {#text} at (2,0) size 45x13
        text run at (2,0) width 45: "Item 831"
    LayoutBlockFlow {OPTION} at (1,11790.81) size 187x14.19 [bgcolor=#D4D4D4]
      LayoutText {#text} at (2,0) size 47x13
        text run at (2,0) width 47: "Item 832"
    LayoutBlockFlow {OPTION} at (1,11805) size 187x14.19 [bgcolor=#D4D4D4]
      LayoutText {#text} at (2,0) size 47x13
        text run at (2,0) width 47: "Item 833"
    LayoutBlockFlow {OPTION} at (1,11819.19) size 187x14.19 [bgcolor=#D4D4D4]
      LayoutText {#text} at (2,0) size 47x13
        text run at (2,0) width 47: "Item 834"
    LayoutBlockFlow {OPTION} at (1,11833.38) size 187x14.19 [bgcolor=#D4D4D4]
      LayoutText {#text} at (2,0) size 47x13
        text run at (2,0) width 47: "Item 835"
    LayoutBlockFlow {OPTION} at (1,11847.56) size 187x14.19 [bgcolor=#D4D4D4]
      LayoutText {#text} at (2,0) size 47x13
        text run at (2,0) width 47: "Item 836"
    LayoutBlockFlow {OPTION} at (1,11861.75) size 187x14.19 [bgcolor=#D4D4D4]
      LayoutText {#text} at (2,0) size 46x13
        text run at (2,0) width 46: "Item 837"
    LayoutBlockFlow {OPTION} at (1,11875.94) size 187x14.19 [bgcolor=#D4D4D4]
      LayoutText {#text} at (2,0) size 47x13
        text run at (2,0) width 47: "Item 838"
    LayoutBlockFlow {OPTION} at (1,11890.13) size 187x14.19 [bgcolor=#D4D4D4]
      LayoutText {#text} at (2,0) size 47x13
        text run at (2,0) width 47: "Item 839"
    LayoutBlockFlow {OPTION} at (1,11904.31) size 187x14.19 [bgcolor=#D4D4D4]
      LayoutText {#text} at (2,0) size 47x13
        text run at (2,0) width 47: "Item 840"
    LayoutBlockFlow {OPTION} at (1,11918.50) size 187x14.19 [bgcolor=#D4D4D4]
      LayoutText {#text} at (2,0) size 45x13
        text run at (2,0) width 45: "Item 841"
    LayoutBlockFlow {OPTION} at (1,11932.69) size 187x14.19 [bgcolor=#D4D4D4]
      LayoutText {#text} at (2,0) size 47x13
        text run at (2,0) width 47: "Item 842"
    LayoutBlockFlow {OPTION} at (1,11946.88) size 187x14.19 [bgcolor=#D4D4D4]
      LayoutText {#text} at (2,0) size 47x13
        text run at (2,0) width 47: "Item 843"
    LayoutBlockFlow {OPTION} at (1,11961.06) size 187x14.19 [bgcolor=#D4D4D4]
      LayoutText {#text} at (2,0) size 47x13
        text run at (2,0) width 47: "Item 844"
    LayoutBlockFlow {OPTION} at (1,11975.25) size 187x14.19 [bgcolor=#D4D4D4]
      LayoutText {#text} at (2,0) size 47x13
        text run at (2,0) width 47: "Item 845"
    LayoutBlockFlow {OPTION} at (1,11989.44) size 187x14.19 [bgcolor=#D4D4D4]
      LayoutText {#text} at (2,0) size 47x13
        text run at (2,0) width 47: "Item 846"
    LayoutBlockFlow {OPTION} at (1,12003.63) size 187x14.19 [bgcolor=#D4D4D4]
      LayoutText {#text} at (2,0) size 47x13
        text run at (2,0) width 47: "Item 847"
    LayoutBlockFlow {OPTION} at (1,12017.81) size 187x14.19 [bgcolor=#D4D4D4]
      LayoutText {#text} at (2,0) size 47x13
        text run at (2,0) width 47: "Item 848"
    LayoutBlockFlow {OPTION} at (1,12032) size 187x14.19 [bgcolor=#D4D4D4]
      LayoutText {#text} at (2,0) size 47x13
        text run at (2,0) width 47: "Item 849"
    LayoutBlockFlow {OPTION} at (1,12046.19) size 187x14.19 [bgcolor=#D4D4D4]
      LayoutText {#text} at (2,0) size 47x13
        text run at (2,0) width 47: "Item 850"
    LayoutBlockFlow {OPTION} at (1,12060.38) size 187x14.19 [bgcolor=#D4D4D4]
      LayoutText {#text} at (2,0) size 45x13
        text run at (2,0) width 45: "Item 851"
    LayoutBlockFlow {OPTION} at (1,12074.56) size 187x14.19 [bgcolor=#D4D4D4]
      LayoutText {#text} at (2,0) size 47x13
        text run at (2,0) width 47: "Item 852"
    LayoutBlockFlow {OPTION} at (1,12088.75) size 187x14.19 [bgcolor=#D4D4D4]
      LayoutText {#text} at (2,0) size 47x13
        text run at (2,0) width 47: "Item 853"
    LayoutBlockFlow {OPTION} at (1,12102.94) size 187x14.19 [bgcolor=#D4D4D4]
      LayoutText {#text} at (2,0) size 47x13
        text run at (2,0) width 47: "Item 854"
    LayoutBlockFlow {OPTION} at (1,12117.13) size 187x14.19 [bgcolor=#D4D4D4]
      LayoutText {#text} at (2,0) size 47x13
        text run at (2,0) width 47: "Item 855"
    LayoutBlockFlow {OPTION} at (1,12131.31) size 187x14.19 [bgcolor=#D4D4D4]
      LayoutText {#text} at (2,0) size 47x13
        text run at (2,0) width 47: "Item 856"
    LayoutBlockFlow {OPTION} at (1,12145.50) size 187x14.19 [bgcolor=#D4D4D4]
      LayoutText {#text} at (2,0) size 46x13
        text run at (2,0) width 46: "Item 857"
    LayoutBlockFlow {OPTION} at (1,12159.69) size 187x14.19 [bgcolor=#D4D4D4]
      LayoutText {#text} at (2,0) size 47x13
        text run at (2,0) width 47: "Item 858"
    LayoutBlockFlow {OPTION} at (1,12173.88) size 187x14.19 [bgcolor=#D4D4D4]
      LayoutText {#text} at (2,0) size 47x13
        text run at (2,0) width 47: "Item 859"
    LayoutBlockFlow {OPTION} at (1,12188.06) size 187x14.19 [bgcolor=#D4D4D4]
      LayoutText {#text} at (2,0) size 47x13
        text run at (2,0) width 47: "Item 860"
    LayoutBlockFlow {OPTION} at (1,12202.25) size 187x14.19 [bgcolor=#D4D4D4]
      LayoutText {#text} at (2,0) size 45x13
        text run at (2,0) width 45: "Item 861"
    LayoutBlockFlow {OPTION} at (1,12216.44) size 187x14.19 [bgcolor=#D4D4D4]
      LayoutText {#text} at (2,0) size 47x13
        text run at (2,0) width 47: "Item 862"
    LayoutBlockFlow {OPTION} at (1,12230.63) size 187x14.19 [bgcolor=#D4D4D4]
      LayoutText {#text} at (2,0) size 47x13
        text run at (2,0) width 47: "Item 863"
    LayoutBlockFlow {OPTION} at (1,12244.81) size 187x14.19 [bgcolor=#D4D4D4]
      LayoutText {#text} at (2,0) size 47x13
        text run at (2,0) width 47: "Item 864"
    LayoutBlockFlow {OPTION} at (1,12259) size 187x14.19 [bgcolor=#D4D4D4]
      LayoutText {#text} at (2,0) size 47x13
        text run at (2,0) width 47: "Item 865"
    LayoutBlockFlow {OPTION} at (1,12273.19) size 187x14.19 [bgcolor=#D4D4D4]
      LayoutText {#text} at (2,0) size 47x13
        text run at (2,0) width 47: "Item 866"
    LayoutBlockFlow {OPTION} at (1,12287.38) size 187x14.19 [bgcolor=#D4D4D4]
      LayoutText {#text} at (2,0) size 47x13
        text run at (2,0) width 47: "Item 867"
    LayoutBlockFlow {OPTION} at (1,12301.56) size 187x14.19 [bgcolor=#D4D4D4]
      LayoutText {#text} at (2,0) size 47x13
        text run at (2,0) width 47: "Item 868"
    LayoutBlockFlow {OPTION} at (1,12315.75) size 187x14.19 [bgcolor=#D4D4D4]
      LayoutText {#text} at (2,0) size 47x13
        text run at (2,0) width 47: "Item 869"
    LayoutBlockFlow {OPTION} at (1,12329.94) size 187x14.19 [bgcolor=#D4D4D4]
      LayoutText {#text} at (2,0) size 46x13
        text run at (2,0) width 46: "Item 870"
    LayoutBlockFlow {OPTION} at (1,12344.13) size 187x14.19 [bgcolor=#D4D4D4]
      LayoutText {#text} at (2,0) size 45x13
        text run at (2,0) width 45: "Item 871"
    LayoutBlockFlow {OPTION} at (1,12358.31) size 187x14.19 [bgcolor=#D4D4D4]
      LayoutText {#text} at (2,0) size 46x13
        text run at (2,0) width 46: "Item 872"
    LayoutBlockFlow {OPTION} at (1,12372.50) size 187x14.19 [bgcolor=#D4D4D4]
      LayoutText {#text} at (2,0) size 46x13
        text run at (2,0) width 46: "Item 873"
    LayoutBlockFlow {OPTION} at (1,12386.69) size 187x14.19 [bgcolor=#D4D4D4]
      LayoutText {#text} at (2,0) size 46x13
        text run at (2,0) width 46: "Item 874"
    LayoutBlockFlow {OPTION} at (1,12400.88) size 187x14.19 [bgcolor=#D4D4D4]
      LayoutText {#text} at (2,0) size 46x13
        text run at (2,0) width 46: "Item 875"
    LayoutBlockFlow {OPTION} at (1,12415.06) size 187x14.19 [bgcolor=#D4D4D4]
      LayoutText {#text} at (2,0) size 46x13
        text run at (2,0) width 46: "Item 876"
    LayoutBlockFlow {OPTION} at (1,12429.25) size 187x14.19 [bgcolor=#D4D4D4]
      LayoutText {#text} at (2,0) size 46x13
        text run at (2,0) width 46: "Item 877"
    LayoutBlockFlow {OPTION} at (1,12443.44) size 187x14.19 [bgcolor=#D4D4D4]
      LayoutText {#text} at (2,0) size 46x13
        text run at (2,0) width 46: "Item 878"
    LayoutBlockFlow {OPTION} at (1,12457.63) size 187x14.19 [bgcolor=#D4D4D4]
      LayoutText {#text} at (2,0) size 46x13
        text run at (2,0) width 46: "Item 879"
    LayoutBlockFlow {OPTION} at (1,12471.81) size 187x14.19 [bgcolor=#D4D4D4]
      LayoutText {#text} at (2,0) size 47x13
        text run at (2,0) width 47: "Item 880"
    LayoutBlockFlow {OPTION} at (1,12486) size 187x14.19 [bgcolor=#D4D4D4]
      LayoutText {#text} at (2,0) size 45x13
        text run at (2,0) width 45: "Item 881"
    LayoutBlockFlow {OPTION} at (1,12500.19) size 187x14.19 [bgcolor=#D4D4D4]
      LayoutText {#text} at (2,0) size 47x13
        text run at (2,0) width 47: "Item 882"
    LayoutBlockFlow {OPTION} at (1,12514.38) size 187x14.19 [bgcolor=#D4D4D4]
      LayoutText {#text} at (2,0) size 47x13
        text run at (2,0) width 47: "Item 883"
    LayoutBlockFlow {OPTION} at (1,12528.56) size 187x14.19 [bgcolor=#D4D4D4]
      LayoutText {#text} at (2,0) size 47x13
        text run at (2,0) width 47: "Item 884"
    LayoutBlockFlow {OPTION} at (1,12542.75) size 187x14.19 [bgcolor=#D4D4D4]
      LayoutText {#text} at (2,0) size 47x13
        text run at (2,0) width 47: "Item 885"
    LayoutBlockFlow {OPTION} at (1,12556.94) size 187x14.19 [bgcolor=#D4D4D4]
      LayoutText {#text} at (2,0) size 47x13
        text run at (2,0) width 47: "Item 886"
    LayoutBlockFlow {OPTION} at (1,12571.13) size 187x14.19 [bgcolor=#D4D4D4]
      LayoutText {#text} at (2,0) size 47x13
        text run at (2,0) width 47: "Item 887"
    LayoutBlockFlow {OPTION} at (1,12585.31) size 187x14.19 [bgcolor=#D4D4D4]
      LayoutText {#text} at (2,0) size 47x13
        text run at (2,0) width 47: "Item 888"
    LayoutBlockFlow {OPTION} at (1,12599.50) size 187x14.19 [bgcolor=#D4D4D4]
      LayoutText {#text} at (2,0) size 47x13
        text run at (2,0) width 47: "Item 889"
    LayoutBlockFlow {OPTION} at (1,12613.69) size 187x14.19 [bgcolor=#D4D4D4]
      LayoutText {#text} at (2,0) size 47x13
        text run at (2,0) width 47: "Item 890"
    LayoutBlockFlow {OPTION} at (1,12627.88) size 187x14.19 [bgcolor=#D4D4D4]
      LayoutText {#text} at (2,0) size 45x13
        text run at (2,0) width 45: "Item 891"
    LayoutBlockFlow {OPTION} at (1,12642.06) size 187x14.19 [bgcolor=#D4D4D4]
      LayoutText {#text} at (2,0) size 47x13
        text run at (2,0) width 47: "Item 892"
    LayoutBlockFlow {OPTION} at (1,12656.25) size 187x14.19 [bgcolor=#D4D4D4]
      LayoutText {#text} at (2,0) size 47x13
        text run at (2,0) width 47: "Item 893"
    LayoutBlockFlow {OPTION} at (1,12670.44) size 187x14.19 [bgcolor=#D4D4D4]
      LayoutText {#text} at (2,0) size 47x13
        text run at (2,0) width 47: "Item 894"
    LayoutBlockFlow {OPTION} at (1,12684.63) size 187x14.19 [bgcolor=#D4D4D4]
      LayoutText {#text} at (2,0) size 47x13
        text run at (2,0) width 47: "Item 895"
    LayoutBlockFlow {OPTION} at (1,12698.81) size 187x14.19 [bgcolor=#D4D4D4]
      LayoutText {#text} at (2,0) size 47x13
        text run at (2,0) width 47: "Item 896"
    LayoutBlockFlow {OPTION} at (1,12713) size 187x14.19 [bgcolor=#D4D4D4]
      LayoutText {#text} at (2,0) size 46x13
        text run at (2,0) width 46: "Item 897"
    LayoutBlockFlow {OPTION} at (1,12727.19) size 187x14.19 [bgcolor=#D4D4D4]
      LayoutText {#text} at (2,0) size 47x13
        text run at (2,0) width 47: "Item 898"
    LayoutBlockFlow {OPTION} at (1,12741.38) size 187x14.19 [bgcolor=#D4D4D4]
      LayoutText {#text} at (2,0) size 47x13
        text run at (2,0) width 47: "Item 899"
    LayoutBlockFlow {OPTION} at (1,12755.56) size 187x14.19 [bgcolor=#D4D4D4]
      LayoutText {#text} at (2,0) size 47x13
        text run at (2,0) width 47: "Item 900"
    LayoutBlockFlow {OPTION} at (1,12769.75) size 187x14.19 [bgcolor=#D4D4D4]
      LayoutText {#text} at (2,0) size 45x13
        text run at (2,0) width 45: "Item 901"
    LayoutBlockFlow {OPTION} at (1,12783.94) size 187x14.19 [bgcolor=#D4D4D4]
      LayoutText {#text} at (2,0) size 47x13
        text run at (2,0) width 47: "Item 902"
    LayoutBlockFlow {OPTION} at (1,12798.13) size 187x14.19 [bgcolor=#D4D4D4]
      LayoutText {#text} at (2,0) size 47x13
        text run at (2,0) width 47: "Item 903"
    LayoutBlockFlow {OPTION} at (1,12812.31) size 187x14.19 [bgcolor=#D4D4D4]
      LayoutText {#text} at (2,0) size 47x13
        text run at (2,0) width 47: "Item 904"
    LayoutBlockFlow {OPTION} at (1,12826.50) size 187x14.19 [bgcolor=#D4D4D4]
      LayoutText {#text} at (2,0) size 47x13
        text run at (2,0) width 47: "Item 905"
    LayoutBlockFlow {OPTION} at (1,12840.69) size 187x14.19 [bgcolor=#D4D4D4]
      LayoutText {#text} at (2,0) size 47x13
        text run at (2,0) width 47: "Item 906"
    LayoutBlockFlow {OPTION} at (1,12854.88) size 187x14.19 [bgcolor=#D4D4D4]
      LayoutText {#text} at (2,0) size 46x13
        text run at (2,0) width 46: "Item 907"
    LayoutBlockFlow {OPTION} at (1,12869.06) size 187x14.19 [bgcolor=#D4D4D4]
      LayoutText {#text} at (2,0) size 47x13
        text run at (2,0) width 47: "Item 908"
    LayoutBlockFlow {OPTION} at (1,12883.25) size 187x14.19 [bgcolor=#D4D4D4]
      LayoutText {#text} at (2,0) size 47x13
        text run at (2,0) width 47: "Item 909"
    LayoutBlockFlow {OPTION} at (1,12897.44) size 187x14.19 [bgcolor=#D4D4D4]
      LayoutText {#text} at (2,0) size 45x13
        text run at (2,0) width 45: "Item 910"
    LayoutBlockFlow {OPTION} at (1,12911.63) size 187x14.19 [bgcolor=#D4D4D4]
      LayoutText {#text} at (2,0) size 44x13
        text run at (2,0) width 44: "Item 911"
    LayoutBlockFlow {OPTION} at (1,12925.81) size 187x14.19 [bgcolor=#D4D4D4]
      LayoutText {#text} at (2,0) size 45x13
        text run at (2,0) width 45: "Item 912"
    LayoutBlockFlow {OPTION} at (1,12940) size 187x14.19 [bgcolor=#D4D4D4]
      LayoutText {#text} at (2,0) size 45x13
        text run at (2,0) width 45: "Item 913"
    LayoutBlockFlow {OPTION} at (1,12954.19) size 187x14.19 [bgcolor=#D4D4D4]
      LayoutText {#text} at (2,0) size 46x13
        text run at (2,0) width 46: "Item 914"
    LayoutBlockFlow {OPTION} at (1,12968.38) size 187x14.19 [bgcolor=#D4D4D4]
      LayoutText {#text} at (2,0) size 45x13
        text run at (2,0) width 45: "Item 915"
    LayoutBlockFlow {OPTION} at (1,12982.56) size 187x14.19 [bgcolor=#D4D4D4]
      LayoutText {#text} at (2,0) size 45x13
        text run at (2,0) width 45: "Item 916"
    LayoutBlockFlow {OPTION} at (1,12996.75) size 187x14.19 [bgcolor=#D4D4D4]
      LayoutText {#text} at (2,0) size 45x13
        text run at (2,0) width 45: "Item 917"
    LayoutBlockFlow {OPTION} at (1,13010.94) size 187x14.19 [bgcolor=#D4D4D4]
      LayoutText {#text} at (2,0) size 45x13
        text run at (2,0) width 45: "Item 918"
    LayoutBlockFlow {OPTION} at (1,13025.13) size 187x14.19 [bgcolor=#D4D4D4]
      LayoutText {#text} at (2,0) size 45x13
        text run at (2,0) width 45: "Item 919"
    LayoutBlockFlow {OPTION} at (1,13039.31) size 187x14.19 [bgcolor=#D4D4D4]
      LayoutText {#text} at (2,0) size 47x13
        text run at (2,0) width 47: "Item 920"
    LayoutBlockFlow {OPTION} at (1,13053.50) size 187x14.19 [bgcolor=#D4D4D4]
      LayoutText {#text} at (2,0) size 45x13
        text run at (2,0) width 45: "Item 921"
    LayoutBlockFlow {OPTION} at (1,13067.69) size 187x14.19 [bgcolor=#D4D4D4]
      LayoutText {#text} at (2,0) size 47x13
        text run at (2,0) width 47: "Item 922"
    LayoutBlockFlow {OPTION} at (1,13081.88) size 187x14.19 [bgcolor=#D4D4D4]
      LayoutText {#text} at (2,0) size 47x13
        text run at (2,0) width 47: "Item 923"
    LayoutBlockFlow {OPTION} at (1,13096.06) size 187x14.19 [bgcolor=#D4D4D4]
      LayoutText {#text} at (2,0) size 47x13
        text run at (2,0) width 47: "Item 924"
    LayoutBlockFlow {OPTION} at (1,13110.25) size 187x14.19 [bgcolor=#D4D4D4]
      LayoutText {#text} at (2,0) size 47x13
        text run at (2,0) width 47: "Item 925"
    LayoutBlockFlow {OPTION} at (1,13124.44) size 187x14.19 [bgcolor=#D4D4D4]
      LayoutText {#text} at (2,0) size 47x13
        text run at (2,0) width 47: "Item 926"
    LayoutBlockFlow {OPTION} at (1,13138.63) size 187x14.19 [bgcolor=#D4D4D4]
      LayoutText {#text} at (2,0) size 46x13
        text run at (2,0) width 46: "Item 927"
    LayoutBlockFlow {OPTION} at (1,13152.81) size 187x14.19 [bgcolor=#D4D4D4]
      LayoutText {#text} at (2,0) size 47x13
        text run at (2,0) width 47: "Item 928"
    LayoutBlockFlow {OPTION} at (1,13167) size 187x14.19 [bgcolor=#D4D4D4]
      LayoutText {#text} at (2,0) size 47x13
        text run at (2,0) width 47: "Item 929"
    LayoutBlockFlow {OPTION} at (1,13181.19) size 187x14.19 [bgcolor=#D4D4D4]
      LayoutText {#text} at (2,0) size 47x13
        text run at (2,0) width 47: "Item 930"
    LayoutBlockFlow {OPTION} at (1,13195.38) size 187x14.19 [bgcolor=#D4D4D4]
      LayoutText {#text} at (2,0) size 45x13
        text run at (2,0) width 45: "Item 931"
    LayoutBlockFlow {OPTION} at (1,13209.56) size 187x14.19 [bgcolor=#D4D4D4]
      LayoutText {#text} at (2,0) size 47x13
        text run at (2,0) width 47: "Item 932"
    LayoutBlockFlow {OPTION} at (1,13223.75) size 187x14.19 [bgcolor=#D4D4D4]
      LayoutText {#text} at (2,0) size 47x13
        text run at (2,0) width 47: "Item 933"
    LayoutBlockFlow {OPTION} at (1,13237.94) size 187x14.19 [bgcolor=#D4D4D4]
      LayoutText {#text} at (2,0) size 47x13
        text run at (2,0) width 47: "Item 934"
    LayoutBlockFlow {OPTION} at (1,13252.13) size 187x14.19 [bgcolor=#D4D4D4]
      LayoutText {#text} at (2,0) size 47x13
        text run at (2,0) width 47: "Item 935"
    LayoutBlockFlow {OPTION} at (1,13266.31) size 187x14.19 [bgcolor=#D4D4D4]
      LayoutText {#text} at (2,0) size 47x13
        text run at (2,0) width 47: "Item 936"
    LayoutBlockFlow {OPTION} at (1,13280.50) size 187x14.19 [bgcolor=#D4D4D4]
      LayoutText {#text} at (2,0) size 46x13
        text run at (2,0) width 46: "Item 937"
    LayoutBlockFlow {OPTION} at (1,13294.69) size 187x14.19 [bgcolor=#D4D4D4]
      LayoutText {#text} at (2,0) size 47x13
        text run at (2,0) width 47: "Item 938"
    LayoutBlockFlow {OPTION} at (1,13308.88) size 187x14.19 [bgcolor=#D4D4D4]
      LayoutText {#text} at (2,0) size 47x13
        text run at (2,0) width 47: "Item 939"
    LayoutBlockFlow {OPTION} at (1,13323.06) size 187x14.19 [bgcolor=#D4D4D4]
      LayoutText {#text} at (2,0) size 47x13
        text run at (2,0) width 47: "Item 940"
    LayoutBlockFlow {OPTION} at (1,13337.25) size 187x14.19 [bgcolor=#D4D4D4]
      LayoutText {#text} at (2,0) size 45x13
        text run at (2,0) width 45: "Item 941"
    LayoutBlockFlow {OPTION} at (1,13351.44) size 187x14.19 [bgcolor=#D4D4D4]
      LayoutText {#text} at (2,0) size 47x13
        text run at (2,0) width 47: "Item 942"
    LayoutBlockFlow {OPTION} at (1,13365.63) size 187x14.19 [bgcolor=#D4D4D4]
      LayoutText {#text} at (2,0) size 47x13
        text run at (2,0) width 47: "Item 943"
    LayoutBlockFlow {OPTION} at (1,13379.81) size 187x14.19 [bgcolor=#D4D4D4]
      LayoutText {#text} at (2,0) size 47x13
        text run at (2,0) width 47: "Item 944"
    LayoutBlockFlow {OPTION} at (1,13394) size 187x14.19 [bgcolor=#D4D4D4]
      LayoutText {#text} at (2,0) size 47x13
        text run at (2,0) width 47: "Item 945"
    LayoutBlockFlow {OPTION} at (1,13408.19) size 187x14.19 [bgcolor=#D4D4D4]
      LayoutText {#text} at (2,0) size 47x13
        text run at (2,0) width 47: "Item 946"
    LayoutBlockFlow {OPTION} at (1,13422.38) size 187x14.19 [bgcolor=#D4D4D4]
      LayoutText {#text} at (2,0) size 47x13
        text run at (2,0) width 47: "Item 947"
    LayoutBlockFlow {OPTION} at (1,13436.56) size 187x14.19 [bgcolor=#D4D4D4]
      LayoutText {#text} at (2,0) size 47x13
        text run at (2,0) width 47: "Item 948"
    LayoutBlockFlow {OPTION} at (1,13450.75) size 187x14.19 [bgcolor=#D4D4D4]
      LayoutText {#text} at (2,0) size 47x13
        text run at (2,0) width 47: "Item 949"
    LayoutBlockFlow {OPTION} at (1,13464.94) size 187x14.19 [bgcolor=#D4D4D4]
      LayoutText {#text} at (2,0) size 47x13
        text run at (2,0) width 47: "Item 950"
    LayoutBlockFlow {OPTION} at (1,13479.13) size 187x14.19 [bgcolor=#D4D4D4]
      LayoutText {#text} at (2,0) size 45x13
        text run at (2,0) width 45: "Item 951"
    LayoutBlockFlow {OPTION} at (1,13493.31) size 187x14.19 [bgcolor=#D4D4D4]
      LayoutText {#text} at (2,0) size 47x13
        text run at (2,0) width 47: "Item 952"
    LayoutBlockFlow {OPTION} at (1,13507.50) size 187x14.19 [bgcolor=#D4D4D4]
      LayoutText {#text} at (2,0) size 47x13
        text run at (2,0) width 47: "Item 953"
    LayoutBlockFlow {OPTION} at (1,13521.69) size 187x14.19 [bgcolor=#D4D4D4]
      LayoutText {#text} at (2,0) size 47x13
        text run at (2,0) width 47: "Item 954"
    LayoutBlockFlow {OPTION} at (1,13535.88) size 187x14.19 [bgcolor=#D4D4D4]
      LayoutText {#text} at (2,0) size 47x13
        text run at (2,0) width 47: "Item 955"
    LayoutBlockFlow {OPTION} at (1,13550.06) size 187x14.19 [bgcolor=#D4D4D4]
      LayoutText {#text} at (2,0) size 47x13
        text run at (2,0) width 47: "Item 956"
    LayoutBlockFlow {OPTION} at (1,13564.25) size 187x14.19 [bgcolor=#D4D4D4]
      LayoutText {#text} at (2,0) size 46x13
        text run at (2,0) width 46: "Item 957"
    LayoutBlockFlow {OPTION} at (1,13578.44) size 187x14.19 [bgcolor=#D4D4D4]
      LayoutText {#text} at (2,0) size 47x13
        text run at (2,0) width 47: "Item 958"
    LayoutBlockFlow {OPTION} at (1,13592.63) size 187x14.19 [bgcolor=#D4D4D4]
      LayoutText {#text} at (2,0) size 47x13
        text run at (2,0) width 47: "Item 959"
    LayoutBlockFlow {OPTION} at (1,13606.81) size 187x14.19 [bgcolor=#D4D4D4]
      LayoutText {#text} at (2,0) size 47x13
        text run at (2,0) width 47: "Item 960"
    LayoutBlockFlow {OPTION} at (1,13621) size 187x14.19 [bgcolor=#D4D4D4]
      LayoutText {#text} at (2,0) size 45x13
        text run at (2,0) width 45: "Item 961"
    LayoutBlockFlow {OPTION} at (1,13635.19) size 187x14.19 [bgcolor=#D4D4D4]
      LayoutText {#text} at (2,0) size 47x13
        text run at (2,0) width 47: "Item 962"
    LayoutBlockFlow {OPTION} at (1,13649.38) size 187x14.19 [bgcolor=#D4D4D4]
      LayoutText {#text} at (2,0) size 47x13
        text run at (2,0) width 47: "Item 963"
    LayoutBlockFlow {OPTION} at (1,13663.56) size 187x14.19 [bgcolor=#D4D4D4]
      LayoutText {#text} at (2,0) size 47x13
        text run at (2,0) width 47: "Item 964"
    LayoutBlockFlow {OPTION} at (1,13677.75) size 187x14.19 [bgcolor=#D4D4D4]
      LayoutText {#text} at (2,0) size 47x13
        text run at (2,0) width 47: "Item 965"
    LayoutBlockFlow {OPTION} at (1,13691.94) size 187x14.19 [bgcolor=#D4D4D4]
      LayoutText {#text} at (2,0) size 47x13
        text run at (2,0) width 47: "Item 966"
    LayoutBlockFlow {OPTION} at (1,13706.13) size 187x14.19 [bgcolor=#D4D4D4]
      LayoutText {#text} at (2,0) size 47x13
        text run at (2,0) width 47: "Item 967"
    LayoutBlockFlow {OPTION} at (1,13720.31) size 187x14.19 [bgcolor=#D4D4D4]
      LayoutText {#text} at (2,0) size 47x13
        text run at (2,0) width 47: "Item 968"
    LayoutBlockFlow {OPTION} at (1,13734.50) size 187x14.19 [bgcolor=#D4D4D4]
      LayoutText {#text} at (2,0) size 47x13
        text run at (2,0) width 47: "Item 969"
    LayoutBlockFlow {OPTION} at (1,13748.69) size 187x14.19 [bgcolor=#D4D4D4]
      LayoutText {#text} at (2,0) size 46x13
        text run at (2,0) width 46: "Item 970"
    LayoutBlockFlow {OPTION} at (1,13762.88) size 187x14.19 [bgcolor=#D4D4D4]
      LayoutText {#text} at (2,0) size 44x13
        text run at (2,0) width 44: "Item 971"
    LayoutBlockFlow {OPTION} at (1,13777.06) size 187x14.19 [bgcolor=#D4D4D4]
      LayoutText {#text} at (2,0) size 46x13
        text run at (2,0) width 46: "Item 972"
    LayoutBlockFlow {OPTION} at (1,13791.25) size 187x14.19 [bgcolor=#D4D4D4]
      LayoutText {#text} at (2,0) size 46x13
        text run at (2,0) width 46: "Item 973"
    LayoutBlockFlow {OPTION} at (1,13805.44) size 187x14.19 [bgcolor=#D4D4D4]
      LayoutText {#text} at (2,0) size 46x13
        text run at (2,0) width 46: "Item 974"
    LayoutBlockFlow {OPTION} at (1,13819.63) size 187x14.19 [bgcolor=#D4D4D4]
      LayoutText {#text} at (2,0) size 46x13
        text run at (2,0) width 46: "Item 975"
    LayoutBlockFlow {OPTION} at (1,13833.81) size 187x14.19 [bgcolor=#D4D4D4]
      LayoutText {#text} at (2,0) size 46x13
        text run at (2,0) width 46: "Item 976"
    LayoutBlockFlow {OPTION} at (1,13848) size 187x14.19 [bgcolor=#D4D4D4]
      LayoutText {#text} at (2,0) size 46x13
        text run at (2,0) width 46: "Item 977"
    LayoutBlockFlow {OPTION} at (1,13862.19) size 187x14.19 [bgcolor=#D4D4D4]
      LayoutText {#text} at (2,0) size 46x13
        text run at (2,0) width 46: "Item 978"
    LayoutBlockFlow {OPTION} at (1,13876.38) size 187x14.19 [bgcolor=#D4D4D4]
      LayoutText {#text} at (2,0) size 46x13
        text run at (2,0) width 46: "Item 979"
    LayoutBlockFlow {OPTION} at (1,13890.56) size 187x14.19 [bgcolor=#D4D4D4]
      LayoutText {#text} at (2,0) size 47x13
        text run at (2,0) width 47: "Item 980"
    LayoutBlockFlow {OPTION} at (1,13904.75) size 187x14.19 [bgcolor=#D4D4D4]
      LayoutText {#text} at (2,0) size 45x13
        text run at (2,0) width 45: "Item 981"
    LayoutBlockFlow {OPTION} at (1,13918.94) size 187x14.19 [bgcolor=#D4D4D4]
      LayoutText {#text} at (2,0) size 47x13
        text run at (2,0) width 47: "Item 982"
    LayoutBlockFlow {OPTION} at (1,13933.13) size 187x14.19 [bgcolor=#D4D4D4]
      LayoutText {#text} at (2,0) size 47x13
        text run at (2,0) width 47: "Item 983"
    LayoutBlockFlow {OPTION} at (1,13947.31) size 187x14.19 [bgcolor=#D4D4D4]
      LayoutText {#text} at (2,0) size 47x13
        text run at (2,0) width 47: "Item 984"
    LayoutBlockFlow {OPTION} at (1,13961.50) size 187x14.19 [bgcolor=#D4D4D4]
      LayoutText {#text} at (2,0) size 47x13
        text run at (2,0) width 47: "Item 985"
    LayoutBlockFlow {OPTION} at (1,13975.69) size 187x14.19 [bgcolor=#D4D4D4]
      LayoutText {#text} at (2,0) size 47x13
        text run at (2,0) width 47: "Item 986"
    LayoutBlockFlow {OPTION} at (1,13989.88) size 187x14.19 [bgcolor=#D4D4D4]
      LayoutText {#text} at (2,0) size 47x13
        text run at (2,0) width 47: "Item 987"
    LayoutBlockFlow {OPTION} at (1,14004.06) size 187x14.19 [bgcolor=#D4D4D4]
      LayoutText {#text} at (2,0) size 47x13
        text run at (2,0) width 47: "Item 988"
    LayoutBlockFlow {OPTION} at (1,14018.25) size 187x14.19 [bgcolor=#D4D4D4]
      LayoutText {#text} at (2,0) size 47x13
        text run at (2,0) width 47: "Item 989"
    LayoutBlockFlow {OPTION} at (1,14032.44) size 187x14.19 [bgcolor=#D4D4D4]
      LayoutText {#text} at (2,0) size 47x13
        text run at (2,0) width 47: "Item 990"
    LayoutBlockFlow {OPTION} at (1,14046.63) size 187x14.19 [bgcolor=#D4D4D4]
      LayoutText {#text} at (2,0) size 45x13
        text run at (2,0) width 45: "Item 991"
    LayoutBlockFlow {OPTION} at (1,14060.81) size 187x14.19 [bgcolor=#D4D4D4]
      LayoutText {#text} at (2,0) size 47x13
        text run at (2,0) width 47: "Item 992"
    LayoutBlockFlow {OPTION} at (1,14075) size 187x14.19 [bgcolor=#D4D4D4]
      LayoutText {#text} at (2,0) size 47x13
        text run at (2,0) width 47: "Item 993"
    LayoutBlockFlow {OPTION} at (1,14089.19) size 187x14.19 [bgcolor=#D4D4D4]
      LayoutText {#text} at (2,0) size 47x13
        text run at (2,0) width 47: "Item 994"
    LayoutBlockFlow {OPTION} at (1,14103.38) size 187x14.19 [bgcolor=#D4D4D4]
      LayoutText {#text} at (2,0) size 47x13
        text run at (2,0) width 47: "Item 995"
    LayoutBlockFlow {OPTION} at (1,14117.56) size 187x14.19 [bgcolor=#D4D4D4]
      LayoutText {#text} at (2,0) size 47x13
        text run at (2,0) width 47: "Item 996"
    LayoutBlockFlow {OPTION} at (1,14131.75) size 187x14.19 [bgcolor=#D4D4D4]
      LayoutText {#text} at (2,0) size 46x13
        text run at (2,0) width 46: "Item 997"
    LayoutBlockFlow {OPTION} at (1,14145.94) size 187x14.19 [bgcolor=#D4D4D4]
      LayoutText {#text} at (2,0) size 47x13
        text run at (2,0) width 47: "Item 998"
    LayoutBlockFlow {OPTION} at (1,14160.13) size 187x14.19 [bgcolor=#D4D4D4]
      LayoutText {#text} at (2,0) size 47x13
        text run at (2,0) width 47: "Item 999"
    LayoutBlockFlow {OPTION} at (1,14174.31) size 187x14.19 [bgcolor=#D4D4D4]
      LayoutText {#text} at (2,0) size 52x13
        text run at (2,0) width 52: "Item 1000"
    LayoutBlockFlow {OPTION} at (1,14188.50) size 187x14.19 [bgcolor=#D4D4D4]
      LayoutText {#text} at (2,0) size 50x13
        text run at (2,0) width 50: "Item 1001"
    LayoutBlockFlow {OPTION} at (1,14202.69) size 187x14.19 [bgcolor=#D4D4D4]
      LayoutText {#text} at (2,0) size 52x13
        text run at (2,0) width 52: "Item 1002"
    LayoutBlockFlow {OPTION} at (1,14216.88) size 187x14.19 [bgcolor=#D4D4D4]
      LayoutText {#text} at (2,0) size 52x13
        text run at (2,0) width 52: "Item 1003"
    LayoutBlockFlow {OPTION} at (1,14231.06) size 187x14.19 [bgcolor=#D4D4D4]
      LayoutText {#text} at (2,0) size 52x13
        text run at (2,0) width 52: "Item 1004"
    LayoutBlockFlow {OPTION} at (1,14245.25) size 187x14.19 [bgcolor=#D4D4D4]
      LayoutText {#text} at (2,0) size 52x13
        text run at (2,0) width 52: "Item 1005"
    LayoutBlockFlow {OPTION} at (1,14259.44) size 187x14.19 [bgcolor=#D4D4D4]
      LayoutText {#text} at (2,0) size 52x13
        text run at (2,0) width 52: "Item 1006"
    LayoutBlockFlow {OPTION} at (1,14273.63) size 187x14.19 [bgcolor=#D4D4D4]
      LayoutText {#text} at (2,0) size 51x13
        text run at (2,0) width 51: "Item 1007"
    LayoutBlockFlow {OPTION} at (1,14287.81) size 187x14.19 [bgcolor=#D4D4D4]
      LayoutText {#text} at (2,0) size 52x13
        text run at (2,0) width 52: "Item 1008"
    LayoutBlockFlow {OPTION} at (1,14302) size 187x14.19 [bgcolor=#D4D4D4]
      LayoutText {#text} at (2,0) size 52x13
        text run at (2,0) width 52: "Item 1009"
    LayoutBlockFlow {OPTION} at (1,14316.19) size 187x14.19 [bgcolor=#D4D4D4]
      LayoutText {#text} at (2,0) size 50x13
        text run at (2,0) width 50: "Item 1010"
    LayoutBlockFlow {OPTION} at (1,14330.38) size 187x14.19 [bgcolor=#D4D4D4]
      LayoutText {#text} at (2,0) size 49x13
        text run at (2,0) width 49: "Item 1011"
    LayoutBlockFlow {OPTION} at (1,14344.56) size 187x14.19 [bgcolor=#D4D4D4]
      LayoutText {#text} at (2,0) size 50x13
        text run at (2,0) width 50: "Item 1012"
    LayoutBlockFlow {OPTION} at (1,14358.75) size 187x14.19 [bgcolor=#D4D4D4]
      LayoutText {#text} at (2,0) size 50x13
        text run at (2,0) width 50: "Item 1013"
    LayoutBlockFlow {OPTION} at (1,14372.94) size 187x14.19 [bgcolor=#D4D4D4]
      LayoutText {#text} at (2,0) size 51x13
        text run at (2,0) width 51: "Item 1014"
    LayoutBlockFlow {OPTION} at (1,14387.13) size 187x14.19 [bgcolor=#D4D4D4]
      LayoutText {#text} at (2,0) size 50x13
        text run at (2,0) width 50: "Item 1015"
    LayoutBlockFlow {OPTION} at (1,14401.31) size 187x14.19 [bgcolor=#D4D4D4]
      LayoutText {#text} at (2,0) size 51x13
        text run at (2,0) width 51: "Item 1016"
    LayoutBlockFlow {OPTION} at (1,14415.50) size 187x14.19 [bgcolor=#D4D4D4]
      LayoutText {#text} at (2,0) size 50x13
        text run at (2,0) width 50: "Item 1017"
    LayoutBlockFlow {OPTION} at (1,14429.69) size 187x14.19 [bgcolor=#D4D4D4]
      LayoutText {#text} at (2,0) size 51x13
        text run at (2,0) width 51: "Item 1018"
    LayoutBlockFlow {OPTION} at (1,14443.88) size 187x14.19 [bgcolor=#D4D4D4]
      LayoutText {#text} at (2,0) size 51x13
        text run at (2,0) width 51: "Item 1019"
    LayoutBlockFlow {OPTION} at (1,14458.06) size 187x14.19 [bgcolor=#D4D4D4]
      LayoutText {#text} at (2,0) size 52x13
        text run at (2,0) width 52: "Item 1020"
    LayoutBlockFlow {OPTION} at (1,14472.25) size 187x14.19 [bgcolor=#D4D4D4]
      LayoutText {#text} at (2,0) size 50x13
        text run at (2,0) width 50: "Item 1021"
    LayoutBlockFlow {OPTION} at (1,14486.44) size 187x14.19 [bgcolor=#D4D4D4]
      LayoutText {#text} at (2,0) size 52x13
        text run at (2,0) width 52: "Item 1022"
    LayoutBlockFlow {OPTION} at (1,14500.63) size 187x14.19 [bgcolor=#D4D4D4]
      LayoutText {#text} at (2,0) size 52x13
        text run at (2,0) width 52: "Item 1023"
    LayoutBlockFlow {OPTION} at (1,14514.81) size 187x14.19 [bgcolor=#D4D4D4]
      LayoutText {#text} at (2,0) size 52x13
        text run at (2,0) width 52: "Item 1024"
    LayoutBlockFlow {OPTION} at (1,14529) size 187x14.19 [bgcolor=#D4D4D4]
      LayoutText {#text} at (2,0) size 52x13
        text run at (2,0) width 52: "Item 1025"
    LayoutBlockFlow {OPTION} at (1,14543.19) size 187x14.19 [bgcolor=#D4D4D4]
      LayoutText {#text} at (2,0) size 52x13
        text run at (2,0) width 52: "Item 1026"
    LayoutBlockFlow {OPTION} at (1,14557.38) size 187x14.19 [bgcolor=#D4D4D4]
      LayoutText {#text} at (2,0) size 51x13
        text run at (2,0) width 51: "Item 1027"
    LayoutBlockFlow {OPTION} at (1,14571.56) size 187x14.19 [bgcolor=#D4D4D4]
      LayoutText {#text} at (2,0) size 52x13
        text run at (2,0) width 52: "Item 1028"
    LayoutBlockFlow {OPTION} at (1,14585.75) size 187x14.19 [bgcolor=#D4D4D4]
      LayoutText {#text} at (2,0) size 52x13
        text run at (2,0) width 52: "Item 1029"
    LayoutBlockFlow {OPTION} at (1,14599.94) size 187x14.19 [bgcolor=#D4D4D4]
      LayoutText {#text} at (2,0) size 52x13
        text run at (2,0) width 52: "Item 1030"
    LayoutBlockFlow {OPTION} at (1,14614.13) size 187x14.19 [bgcolor=#D4D4D4]
      LayoutText {#text} at (2,0) size 50x13
        text run at (2,0) width 50: "Item 1031"
    LayoutBlockFlow {OPTION} at (1,14628.31) size 187x14.19 [bgcolor=#D4D4D4]
      LayoutText {#text} at (2,0) size 52x13
        text run at (2,0) width 52: "Item 1032"
    LayoutBlockFlow {OPTION} at (1,14642.50) size 187x14.19 [bgcolor=#D4D4D4]
      LayoutText {#text} at (2,0) size 52x13
        text run at (2,0) width 52: "Item 1033"
    LayoutBlockFlow {OPTION} at (1,14656.69) size 187x14.19 [bgcolor=#D4D4D4]
      LayoutText {#text} at (2,0) size 52x13
        text run at (2,0) width 52: "Item 1034"
    LayoutBlockFlow {OPTION} at (1,14670.88) size 187x14.19 [bgcolor=#D4D4D4]
      LayoutText {#text} at (2,0) size 52x13
        text run at (2,0) width 52: "Item 1035"
    LayoutBlockFlow {OPTION} at (1,14685.06) size 187x14.19 [bgcolor=#D4D4D4]
      LayoutText {#text} at (2,0) size 52x13
        text run at (2,0) width 52: "Item 1036"
    LayoutBlockFlow {OPTION} at (1,14699.25) size 187x14.19 [bgcolor=#D4D4D4]
      LayoutText {#text} at (2,0) size 52x13
        text run at (2,0) width 52: "Item 1037"
    LayoutBlockFlow {OPTION} at (1,14713.44) size 187x14.19 [bgcolor=#D4D4D4]
      LayoutText {#text} at (2,0) size 52x13
        text run at (2,0) width 52: "Item 1038"
    LayoutBlockFlow {OPTION} at (1,14727.63) size 187x14.19 [bgcolor=#D4D4D4]
      LayoutText {#text} at (2,0) size 52x13
        text run at (2,0) width 52: "Item 1039"
    LayoutBlockFlow {OPTION} at (1,14741.81) size 187x14.19 [bgcolor=#D4D4D4]
      LayoutText {#text} at (2,0) size 52x13
        text run at (2,0) width 52: "Item 1040"
    LayoutBlockFlow {OPTION} at (1,14756) size 187x14.19 [bgcolor=#D4D4D4]
      LayoutText {#text} at (2,0) size 50x13
        text run at (2,0) width 50: "Item 1041"
    LayoutBlockFlow {OPTION} at (1,14770.19) size 187x14.19 [bgcolor=#D4D4D4]
      LayoutText {#text} at (2,0) size 52x13
        text run at (2,0) width 52: "Item 1042"
    LayoutBlockFlow {OPTION} at (1,14784.38) size 187x14.19 [bgcolor=#D4D4D4]
      LayoutText {#text} at (2,0) size 52x13
        text run at (2,0) width 52: "Item 1043"
    LayoutBlockFlow {OPTION} at (1,14798.56) size 187x14.19 [bgcolor=#D4D4D4]
      LayoutText {#text} at (2,0) size 53x13
        text run at (2,0) width 53: "Item 1044"
    LayoutBlockFlow {OPTION} at (1,14812.75) size 187x14.19 [bgcolor=#D4D4D4]
      LayoutText {#text} at (2,0) size 52x13
        text run at (2,0) width 52: "Item 1045"
    LayoutBlockFlow {OPTION} at (1,14826.94) size 187x14.19 [bgcolor=#D4D4D4]
      LayoutText {#text} at (2,0) size 52x13
        text run at (2,0) width 52: "Item 1046"
    LayoutBlockFlow {OPTION} at (1,14841.13) size 187x14.19 [bgcolor=#D4D4D4]
      LayoutText {#text} at (2,0) size 52x13
        text run at (2,0) width 52: "Item 1047"
    LayoutBlockFlow {OPTION} at (1,14855.31) size 187x14.19 [bgcolor=#D4D4D4]
      LayoutText {#text} at (2,0) size 52x13
        text run at (2,0) width 52: "Item 1048"
    LayoutBlockFlow {OPTION} at (1,14869.50) size 187x14.19 [bgcolor=#D4D4D4]
      LayoutText {#text} at (2,0) size 52x13
        text run at (2,0) width 52: "Item 1049"
    LayoutBlockFlow {OPTION} at (1,14883.69) size 187x14.19 [bgcolor=#D4D4D4]
      LayoutText {#text} at (2,0) size 52x13
        text run at (2,0) width 52: "Item 1050"
    LayoutBlockFlow {OPTION} at (1,14897.88) size 187x14.19 [bgcolor=#D4D4D4]
      LayoutText {#text} at (2,0) size 50x13
        text run at (2,0) width 50: "Item 1051"
    LayoutBlockFlow {OPTION} at (1,14912.06) size 187x14.19 [bgcolor=#D4D4D4]
      LayoutText {#text} at (2,0) size 52x13
        text run at (2,0) width 52: "Item 1052"
    LayoutBlockFlow {OPTION} at (1,14926.25) size 187x14.19 [bgcolor=#D4D4D4]
      LayoutText {#text} at (2,0) size 52x13
        text run at (2,0) width 52: "Item 1053"
    LayoutBlockFlow {OPTION} at (1,14940.44) size 187x14.19 [bgcolor=#D4D4D4]
      LayoutText {#text} at (2,0) size 52x13
        text run at (2,0) width 52: "Item 1054"
    LayoutBlockFlow {OPTION} at (1,14954.63) size 187x14.19 [bgcolor=#D4D4D4]
      LayoutText {#text} at (2,0) size 52x13
        text run at (2,0) width 52: "Item 1055"
    LayoutBlockFlow {OPTION} at (1,14968.81) size 187x14.19 [bgcolor=#D4D4D4]
      LayoutText {#text} at (2,0) size 52x13
        text run at (2,0) width 52: "Item 1056"
    LayoutBlockFlow {OPTION} at (1,14983) size 187x14.19 [bgcolor=#D4D4D4]
      LayoutText {#text} at (2,0) size 51x13
        text run at (2,0) width 51: "Item 1057"
    LayoutBlockFlow {OPTION} at (1,14997.19) size 187x14.19 [bgcolor=#D4D4D4]
      LayoutText {#text} at (2,0) size 52x13
        text run at (2,0) width 52: "Item 1058"
    LayoutBlockFlow {OPTION} at (1,15011.38) size 187x14.19 [bgcolor=#D4D4D4]
      LayoutText {#text} at (2,0) size 52x13
        text run at (2,0) width 52: "Item 1059"
    LayoutBlockFlow {OPTION} at (1,15025.56) size 187x14.19 [bgcolor=#D4D4D4]
      LayoutText {#text} at (2,0) size 52x13
        text run at (2,0) width 52: "Item 1060"
    LayoutBlockFlow {OPTION} at (1,15039.75) size 187x14.19 [bgcolor=#D4D4D4]
      LayoutText {#text} at (2,0) size 51x13
        text run at (2,0) width 51: "Item 1061"
    LayoutBlockFlow {OPTION} at (1,15053.94) size 187x14.19 [bgcolor=#D4D4D4]
      LayoutText {#text} at (2,0) size 52x13
        text run at (2,0) width 52: "Item 1062"
    LayoutBlockFlow {OPTION} at (1,15068.13) size 187x14.19 [bgcolor=#D4D4D4]
      LayoutText {#text} at (2,0) size 52x13
        text run at (2,0) width 52: "Item 1063"
    LayoutBlockFlow {OPTION} at (1,15082.31) size 187x14.19 [bgcolor=#D4D4D4]
      LayoutText {#text} at (2,0) size 52x13
        text run at (2,0) width 52: "Item 1064"
    LayoutBlockFlow {OPTION} at (1,15096.50) size 187x14.19 [bgcolor=#D4D4D4]
      LayoutText {#text} at (2,0) size 52x13
        text run at (2,0) width 52: "Item 1065"
    LayoutBlockFlow {OPTION} at (1,15110.69) size 187x14.19 [bgcolor=#D4D4D4]
      LayoutText {#text} at (2,0) size 52x13
        text run at (2,0) width 52: "Item 1066"
    LayoutBlockFlow {OPTION} at (1,15124.88) size 187x14.19 [bgcolor=#D4D4D4]
      LayoutText {#text} at (2,0) size 52x13
        text run at (2,0) width 52: "Item 1067"
    LayoutBlockFlow {OPTION} at (1,15139.06) size 187x14.19 [bgcolor=#D4D4D4]
      LayoutText {#text} at (2,0) size 52x13
        text run at (2,0) width 52: "Item 1068"
    LayoutBlockFlow {OPTION} at (1,15153.25) size 187x14.19 [bgcolor=#D4D4D4]
      LayoutText {#text} at (2,0) size 52x13
        text run at (2,0) width 52: "Item 1069"
    LayoutBlockFlow {OPTION} at (1,15167.44) size 187x14.19 [bgcolor=#D4D4D4]
      LayoutText {#text} at (2,0) size 51x13
        text run at (2,0) width 51: "Item 1070"
    LayoutBlockFlow {OPTION} at (1,15181.63) size 187x14.19 [bgcolor=#D4D4D4]
      LayoutText {#text} at (2,0) size 50x13
        text run at (2,0) width 50: "Item 1071"
    LayoutBlockFlow {OPTION} at (1,15195.81) size 187x14.19 [bgcolor=#D4D4D4]
      LayoutText {#text} at (2,0) size 51x13
        text run at (2,0) width 51: "Item 1072"
    LayoutBlockFlow {OPTION} at (1,15210) size 187x14.19 [bgcolor=#D4D4D4]
      LayoutText {#text} at (2,0) size 51x13
        text run at (2,0) width 51: "Item 1073"
    LayoutBlockFlow {OPTION} at (1,15224.19) size 187x14.19 [bgcolor=#D4D4D4]
      LayoutText {#text} at (2,0) size 51x13
        text run at (2,0) width 51: "Item 1074"
    LayoutBlockFlow {OPTION} at (1,15238.38) size 187x14.19 [bgcolor=#D4D4D4]
      LayoutText {#text} at (2,0) size 51x13
        text run at (2,0) width 51: "Item 1075"
    LayoutBlockFlow {OPTION} at (1,15252.56) size 187x14.19 [bgcolor=#D4D4D4]
      LayoutText {#text} at (2,0) size 51x13
        text run at (2,0) width 51: "Item 1076"
    LayoutBlockFlow {OPTION} at (1,15266.75) size 187x14.19 [bgcolor=#D4D4D4]
      LayoutText {#text} at (2,0) size 51x13
        text run at (2,0) width 51: "Item 1077"
    LayoutBlockFlow {OPTION} at (1,15280.94) size 187x14.19 [bgcolor=#D4D4D4]
      LayoutText {#text} at (2,0) size 51x13
        text run at (2,0) width 51: "Item 1078"
    LayoutBlockFlow {OPTION} at (1,15295.13) size 187x14.19 [bgcolor=#D4D4D4]
      LayoutText {#text} at (2,0) size 51x13
        text run at (2,0) width 51: "Item 1079"
    LayoutBlockFlow {OPTION} at (1,15309.31) size 187x14.19 [bgcolor=#D4D4D4]
      LayoutText {#text} at (2,0) size 52x13
        text run at (2,0) width 52: "Item 1080"
    LayoutBlockFlow {OPTION} at (1,15323.50) size 187x14.19 [bgcolor=#D4D4D4]
      LayoutText {#text} at (2,0) size 51x13
        text run at (2,0) width 51: "Item 1081"
    LayoutBlockFlow {OPTION} at (1,15337.69) size 187x14.19 [bgcolor=#D4D4D4]
      LayoutText {#text} at (2,0) size 52x13
        text run at (2,0) width 52: "Item 1082"
    LayoutBlockFlow {OPTION} at (1,15351.88) size 187x14.19 [bgcolor=#D4D4D4]
      LayoutText {#text} at (2,0) size 52x13
        text run at (2,0) width 52: "Item 1083"
    LayoutBlockFlow {OPTION} at (1,15366.06) size 187x14.19 [bgcolor=#D4D4D4]
      LayoutText {#text} at (2,0) size 52x13
        text run at (2,0) width 52: "Item 1084"
    LayoutBlockFlow {OPTION} at (1,15380.25) size 187x14.19 [bgcolor=#D4D4D4]
      LayoutText {#text} at (2,0) size 52x13
        text run at (2,0) width 52: "Item 1085"
    LayoutBlockFlow {OPTION} at (1,15394.44) size 187x14.19 [bgcolor=#D4D4D4]
      LayoutText {#text} at (2,0) size 52x13
        text run at (2,0) width 52: "Item 1086"
    LayoutBlockFlow {OPTION} at (1,15408.63) size 187x14.19 [bgcolor=#D4D4D4]
      LayoutText {#text} at (2,0) size 52x13
        text run at (2,0) width 52: "Item 1087"
    LayoutBlockFlow {OPTION} at (1,15422.81) size 187x14.19 [bgcolor=#D4D4D4]
      LayoutText {#text} at (2,0) size 52x13
        text run at (2,0) width 52: "Item 1088"
    LayoutBlockFlow {OPTION} at (1,15437) size 187x14.19 [bgcolor=#D4D4D4]
      LayoutText {#text} at (2,0) size 52x13
        text run at (2,0) width 52: "Item 1089"
    LayoutBlockFlow {OPTION} at (1,15451.19) size 187x14.19 [bgcolor=#D4D4D4]
      LayoutText {#text} at (2,0) size 52x13
        text run at (2,0) width 52: "Item 1090"
    LayoutBlockFlow {OPTION} at (1,15465.38) size 187x14.19 [bgcolor=#D4D4D4]
      LayoutText {#text} at (2,0) size 51x13
        text run at (2,0) width 51: "Item 1091"
    LayoutBlockFlow {OPTION} at (1,15479.56) size 187x14.19 [bgcolor=#D4D4D4]
      LayoutText {#text} at (2,0) size 52x13
        text run at (2,0) width 52: "Item 1092"
    LayoutBlockFlow {OPTION} at (1,15493.75) size 187x14.19 [bgcolor=#D4D4D4]
      LayoutText {#text} at (2,0) size 52x13
        text run at (2,0) width 52: "Item 1093"
    LayoutBlockFlow {OPTION} at (1,15507.94) size 187x14.19 [bgcolor=#D4D4D4]
      LayoutText {#text} at (2,0) size 52x13
        text run at (2,0) width 52: "Item 1094"
    LayoutBlockFlow {OPTION} at (1,15522.13) size 187x14.19 [bgcolor=#D4D4D4]
      LayoutText {#text} at (2,0) size 52x13
        text run at (2,0) width 52: "Item 1095"
    LayoutBlockFlow {OPTION} at (1,15536.31) size 187x14.19 [bgcolor=#D4D4D4]
      LayoutText {#text} at (2,0) size 52x13
        text run at (2,0) width 52: "Item 1096"
    LayoutBlockFlow {OPTION} at (1,15550.50) size 187x14.19 [bgcolor=#D4D4D4]
      LayoutText {#text} at (2,0) size 51x13
        text run at (2,0) width 51: "Item 1097"
    LayoutBlockFlow {OPTION} at (1,15564.69) size 187x14.19 [bgcolor=#D4D4D4]
      LayoutText {#text} at (2,0) size 52x13
        text run at (2,0) width 52: "Item 1098"
    LayoutBlockFlow {OPTION} at (1,15578.88) size 187x14.19 [bgcolor=#D4D4D4]
      LayoutText {#text} at (2,0) size 52x13
        text run at (2,0) width 52: "Item 1099"
    LayoutBlockFlow {OPTION} at (1,15593.06) size 187x14.19 [bgcolor=#D4D4D4]
      LayoutText {#text} at (2,0) size 50x13
        text run at (2,0) width 50: "Item 1100"
    LayoutBlockFlow {OPTION} at (1,15607.25) size 187x14.19 [bgcolor=#D4D4D4]
      LayoutText {#text} at (2,0) size 49x13
        text run at (2,0) width 49: "Item 1101"
    LayoutBlockFlow {OPTION} at (1,15621.44) size 187x14.19 [bgcolor=#D4D4D4]
      LayoutText {#text} at (2,0) size 50x13
        text run at (2,0) width 50: "Item 1102"
    LayoutBlockFlow {OPTION} at (1,15635.63) size 187x14.19 [bgcolor=#D4D4D4]
      LayoutText {#text} at (2,0) size 50x13
        text run at (2,0) width 50: "Item 1103"
    LayoutBlockFlow {OPTION} at (1,15649.81) size 187x14.19 [bgcolor=#D4D4D4]
      LayoutText {#text} at (2,0) size 51x13
        text run at (2,0) width 51: "Item 1104"
    LayoutBlockFlow {OPTION} at (1,15664) size 187x14.19 [bgcolor=#D4D4D4]
      LayoutText {#text} at (2,0) size 50x13
        text run at (2,0) width 50: "Item 1105"
    LayoutBlockFlow {OPTION} at (1,15678.19) size 187x14.19 [bgcolor=#D4D4D4]
      LayoutText {#text} at (2,0) size 51x13
        text run at (2,0) width 51: "Item 1106"
    LayoutBlockFlow {OPTION} at (1,15692.38) size 187x14.19 [bgcolor=#D4D4D4]
      LayoutText {#text} at (2,0) size 50x13
        text run at (2,0) width 50: "Item 1107"
    LayoutBlockFlow {OPTION} at (1,15706.56) size 187x14.19 [bgcolor=#D4D4D4]
      LayoutText {#text} at (2,0) size 51x13
        text run at (2,0) width 51: "Item 1108"
    LayoutBlockFlow {OPTION} at (1,15720.75) size 187x14.19 [bgcolor=#D4D4D4]
      LayoutText {#text} at (2,0) size 51x13
        text run at (2,0) width 51: "Item 1109"
    LayoutBlockFlow {OPTION} at (1,15734.94) size 187x14.19 [bgcolor=#D4D4D4]
      LayoutText {#text} at (2,0) size 49x13
        text run at (2,0) width 49: "Item 1110"
    LayoutBlockFlow {OPTION} at (1,15749.13) size 187x14.19 [bgcolor=#D4D4D4]
      LayoutText {#text} at (2,0) size 47x13
        text run at (2,0) width 47: "Item 1111"
    LayoutBlockFlow {OPTION} at (1,15763.31) size 187x14.19 [bgcolor=#D4D4D4]
      LayoutText {#text} at (2,0) size 48x13
        text run at (2,0) width 48: "Item 1112"
    LayoutBlockFlow {OPTION} at (1,15777.50) size 187x14.19 [bgcolor=#D4D4D4]
      LayoutText {#text} at (2,0) size 49x13
        text run at (2,0) width 49: "Item 1113"
    LayoutBlockFlow {OPTION} at (1,15791.69) size 187x14.19 [bgcolor=#D4D4D4]
      LayoutText {#text} at (2,0) size 49x13
        text run at (2,0) width 49: "Item 1114"
    LayoutBlockFlow {OPTION} at (1,15805.88) size 187x14.19 [bgcolor=#D4D4D4]
      LayoutText {#text} at (2,0) size 48x13
        text run at (2,0) width 48: "Item 1115"
    LayoutBlockFlow {OPTION} at (1,15820.06) size 187x14.19 [bgcolor=#D4D4D4]
      LayoutText {#text} at (2,0) size 49x13
        text run at (2,0) width 49: "Item 1116"
    LayoutBlockFlow {OPTION} at (1,15834.25) size 187x14.19 [bgcolor=#D4D4D4]
      LayoutText {#text} at (2,0) size 48x13
        text run at (2,0) width 48: "Item 1117"
    LayoutBlockFlow {OPTION} at (1,15848.44) size 187x14.19 [bgcolor=#D4D4D4]
      LayoutText {#text} at (2,0) size 49x13
        text run at (2,0) width 49: "Item 1118"
    LayoutBlockFlow {OPTION} at (1,15862.63) size 187x14.19 [bgcolor=#D4D4D4]
      LayoutText {#text} at (2,0) size 49x13
        text run at (2,0) width 49: "Item 1119"
    LayoutBlockFlow {OPTION} at (1,15876.81) size 187x14.19 [bgcolor=#D4D4D4]
      LayoutText {#text} at (2,0) size 50x13
        text run at (2,0) width 50: "Item 1120"
    LayoutBlockFlow {OPTION} at (1,15891) size 187x14.19 [bgcolor=#D4D4D4]
      LayoutText {#text} at (2,0) size 48x13
        text run at (2,0) width 48: "Item 1121"
    LayoutBlockFlow {OPTION} at (1,15905.19) size 187x14.19 [bgcolor=#D4D4D4]
      LayoutText {#text} at (2,0) size 50x13
        text run at (2,0) width 50: "Item 1122"
    LayoutBlockFlow {OPTION} at (1,15919.38) size 187x14.19 [bgcolor=#D4D4D4]
      LayoutText {#text} at (2,0) size 50x13
        text run at (2,0) width 50: "Item 1123"
    LayoutBlockFlow {OPTION} at (1,15933.56) size 187x14.19 [bgcolor=#D4D4D4]
      LayoutText {#text} at (2,0) size 50x13
        text run at (2,0) width 50: "Item 1124"
    LayoutBlockFlow {OPTION} at (1,15947.75) size 187x14.19 [bgcolor=#D4D4D4]
      LayoutText {#text} at (2,0) size 50x13
        text run at (2,0) width 50: "Item 1125"
    LayoutBlockFlow {OPTION} at (1,15961.94) size 187x14.19 [bgcolor=#D4D4D4]
      LayoutText {#text} at (2,0) size 50x13
        text run at (2,0) width 50: "Item 1126"
    LayoutBlockFlow {OPTION} at (1,15976.13) size 187x14.19 [bgcolor=#D4D4D4]
      LayoutText {#text} at (2,0) size 49x13
        text run at (2,0) width 49: "Item 1127"
    LayoutBlockFlow {OPTION} at (1,15990.31) size 187x14.19 [bgcolor=#D4D4D4]
      LayoutText {#text} at (2,0) size 50x13
        text run at (2,0) width 50: "Item 1128"
    LayoutBlockFlow {OPTION} at (1,16004.50) size 187x14.19 [bgcolor=#D4D4D4]
      LayoutText {#text} at (2,0) size 50x13
        text run at (2,0) width 50: "Item 1129"
    LayoutBlockFlow {OPTION} at (1,16018.69) size 187x14.19 [bgcolor=#D4D4D4]
      LayoutText {#text} at (2,0) size 50x13
        text run at (2,0) width 50: "Item 1130"
    LayoutBlockFlow {OPTION} at (1,16032.88) size 187x14.19 [bgcolor=#D4D4D4]
      LayoutText {#text} at (2,0) size 49x13
        text run at (2,0) width 49: "Item 1131"
    LayoutBlockFlow {OPTION} at (1,16047.06) size 187x14.19 [bgcolor=#D4D4D4]
      LayoutText {#text} at (2,0) size 50x13
        text run at (2,0) width 50: "Item 1132"
    LayoutBlockFlow {OPTION} at (1,16061.25) size 187x14.19 [bgcolor=#D4D4D4]
      LayoutText {#text} at (2,0) size 50x13
        text run at (2,0) width 50: "Item 1133"
    LayoutBlockFlow {OPTION} at (1,16075.44) size 187x14.19 [bgcolor=#D4D4D4]
      LayoutText {#text} at (2,0) size 51x13
        text run at (2,0) width 51: "Item 1134"
    LayoutBlockFlow {OPTION} at (1,16089.63) size 187x14.19 [bgcolor=#D4D4D4]
      LayoutText {#text} at (2,0) size 50x13
        text run at (2,0) width 50: "Item 1135"
    LayoutBlockFlow {OPTION} at (1,16103.81) size 187x14.19 [bgcolor=#D4D4D4]
      LayoutText {#text} at (2,0) size 50x13
        text run at (2,0) width 50: "Item 1136"
    LayoutBlockFlow {OPTION} at (1,16118) size 187x14.19 [bgcolor=#D4D4D4]
      LayoutText {#text} at (2,0) size 50x13
        text run at (2,0) width 50: "Item 1137"
    LayoutBlockFlow {OPTION} at (1,16132.19) size 187x14.19 [bgcolor=#D4D4D4]
      LayoutText {#text} at (2,0) size 50x13
        text run at (2,0) width 50: "Item 1138"
    LayoutBlockFlow {OPTION} at (1,16146.38) size 187x14.19 [bgcolor=#D4D4D4]
      LayoutText {#text} at (2,0) size 50x13
        text run at (2,0) width 50: "Item 1139"
    LayoutBlockFlow {OPTION} at (1,16160.56) size 187x14.19 [bgcolor=#D4D4D4]
      LayoutText {#text} at (2,0) size 51x13
        text run at (2,0) width 51: "Item 1140"
    LayoutBlockFlow {OPTION} at (1,16174.75) size 187x14.19 [bgcolor=#D4D4D4]
      LayoutText {#text} at (2,0) size 49x13
        text run at (2,0) width 49: "Item 1141"
    LayoutBlockFlow {OPTION} at (1,16188.94) size 187x14.19 [bgcolor=#D4D4D4]
      LayoutText {#text} at (2,0) size 50x13
        text run at (2,0) width 50: "Item 1142"
    LayoutBlockFlow {OPTION} at (1,16203.13) size 187x14.19 [bgcolor=#D4D4D4]
      LayoutText {#text} at (2,0) size 51x13
        text run at (2,0) width 51: "Item 1143"
    LayoutBlockFlow {OPTION} at (1,16217.31) size 187x14.19 [bgcolor=#D4D4D4]
      LayoutText {#text} at (2,0) size 51x13
        text run at (2,0) width 51: "Item 1144"
    LayoutBlockFlow {OPTION} at (1,16231.50) size 187x14.19 [bgcolor=#D4D4D4]
      LayoutText {#text} at (2,0) size 50x13
        text run at (2,0) width 50: "Item 1145"
    LayoutBlockFlow {OPTION} at (1,16245.69) size 187x14.19 [bgcolor=#D4D4D4]
      LayoutText {#text} at (2,0) size 51x13
        text run at (2,0) width 51: "Item 1146"
    LayoutBlockFlow {OPTION} at (1,16259.88) size 187x14.19 [bgcolor=#D4D4D4]
      LayoutText {#text} at (2,0) size 50x13
        text run at (2,0) width 50: "Item 1147"
    LayoutBlockFlow {OPTION} at (1,16274.06) size 187x14.19 [bgcolor=#D4D4D4]
      LayoutText {#text} at (2,0) size 51x13
        text run at (2,0) width 51: "Item 1148"
    LayoutBlockFlow {OPTION} at (1,16288.25) size 187x14.19 [bgcolor=#D4D4D4]
      LayoutText {#text} at (2,0) size 51x13
        text run at (2,0) width 51: "Item 1149"
    LayoutBlockFlow {OPTION} at (1,16302.44) size 187x14.19 [bgcolor=#D4D4D4]
      LayoutText {#text} at (2,0) size 50x13
        text run at (2,0) width 50: "Item 1150"
    LayoutBlockFlow {OPTION} at (1,16316.63) size 187x14.19 [bgcolor=#D4D4D4]
      LayoutText {#text} at (2,0) size 48x13
        text run at (2,0) width 48: "Item 1151"
    LayoutBlockFlow {OPTION} at (1,16330.81) size 187x14.19 [bgcolor=#D4D4D4]
      LayoutText {#text} at (2,0) size 50x13
        text run at (2,0) width 50: "Item 1152"
    LayoutBlockFlow {OPTION} at (1,16345) size 187x14.19 [bgcolor=#D4D4D4]
      LayoutText {#text} at (2,0) size 50x13
        text run at (2,0) width 50: "Item 1153"
    LayoutBlockFlow {OPTION} at (1,16359.19) size 187x14.19 [bgcolor=#D4D4D4]
      LayoutText {#text} at (2,0) size 50x13
        text run at (2,0) width 50: "Item 1154"
    LayoutBlockFlow {OPTION} at (1,16373.38) size 187x14.19 [bgcolor=#D4D4D4]
      LayoutText {#text} at (2,0) size 50x13
        text run at (2,0) width 50: "Item 1155"
    LayoutBlockFlow {OPTION} at (1,16387.56) size 187x14.19 [bgcolor=#D4D4D4]
      LayoutText {#text} at (2,0) size 50x13
        text run at (2,0) width 50: "Item 1156"
    LayoutBlockFlow {OPTION} at (1,16401.75) size 187x14.19 [bgcolor=#D4D4D4]
      LayoutText {#text} at (2,0) size 50x13
        text run at (2,0) width 50: "Item 1157"
    LayoutBlockFlow {OPTION} at (1,16415.94) size 187x14.19 [bgcolor=#D4D4D4]
      LayoutText {#text} at (2,0) size 50x13
        text run at (2,0) width 50: "Item 1158"
    LayoutBlockFlow {OPTION} at (1,16430.13) size 187x14.19 [bgcolor=#D4D4D4]
      LayoutText {#text} at (2,0) size 50x13
        text run at (2,0) width 50: "Item 1159"
    LayoutBlockFlow {OPTION} at (1,16444.31) size 187x14.19 [bgcolor=#D4D4D4]
      LayoutText {#text} at (2,0) size 51x13
        text run at (2,0) width 51: "Item 1160"
    LayoutBlockFlow {OPTION} at (1,16458.50) size 187x14.19 [bgcolor=#D4D4D4]
      LayoutText {#text} at (2,0) size 49x13
        text run at (2,0) width 49: "Item 1161"
    LayoutBlockFlow {OPTION} at (1,16472.69) size 187x14.19 [bgcolor=#D4D4D4]
      LayoutText {#text} at (2,0) size 50x13
        text run at (2,0) width 50: "Item 1162"
    LayoutBlockFlow {OPTION} at (1,16486.88) size 187x14.19 [bgcolor=#D4D4D4]
      LayoutText {#text} at (2,0) size 50x13
        text run at (2,0) width 50: "Item 1163"
    LayoutBlockFlow {OPTION} at (1,16501.06) size 187x14.19 [bgcolor=#D4D4D4]
      LayoutText {#text} at (2,0) size 51x13
        text run at (2,0) width 51: "Item 1164"
    LayoutBlockFlow {OPTION} at (1,16515.25) size 187x14.19 [bgcolor=#D4D4D4]
      LayoutText {#text} at (2,0) size 50x13
        text run at (2,0) width 50: "Item 1165"
    LayoutBlockFlow {OPTION} at (1,16529.44) size 187x14.19 [bgcolor=#D4D4D4]
      LayoutText {#text} at (2,0) size 51x13
        text run at (2,0) width 51: "Item 1166"
    LayoutBlockFlow {OPTION} at (1,16543.63) size 187x14.19 [bgcolor=#D4D4D4]
      LayoutText {#text} at (2,0) size 50x13
        text run at (2,0) width 50: "Item 1167"
    LayoutBlockFlow {OPTION} at (1,16557.81) size 187x14.19 [bgcolor=#D4D4D4]
      LayoutText {#text} at (2,0) size 51x13
        text run at (2,0) width 51: "Item 1168"
    LayoutBlockFlow {OPTION} at (1,16572) size 187x14.19 [bgcolor=#D4D4D4]
      LayoutText {#text} at (2,0) size 51x13
        text run at (2,0) width 51: "Item 1169"
    LayoutBlockFlow {OPTION} at (1,16586.19) size 187x14.19 [bgcolor=#D4D4D4]
      LayoutText {#text} at (2,0) size 50x13
        text run at (2,0) width 50: "Item 1170"
    LayoutBlockFlow {OPTION} at (1,16600.38) size 187x14.19 [bgcolor=#D4D4D4]
      LayoutText {#text} at (2,0) size 48x13
        text run at (2,0) width 48: "Item 1171"
    LayoutBlockFlow {OPTION} at (1,16614.56) size 187x14.19 [bgcolor=#D4D4D4]
      LayoutText {#text} at (2,0) size 49x13
        text run at (2,0) width 49: "Item 1172"
    LayoutBlockFlow {OPTION} at (1,16628.75) size 187x14.19 [bgcolor=#D4D4D4]
      LayoutText {#text} at (2,0) size 50x13
        text run at (2,0) width 50: "Item 1173"
    LayoutBlockFlow {OPTION} at (1,16642.94) size 187x14.19 [bgcolor=#D4D4D4]
      LayoutText {#text} at (2,0) size 49x13
        text run at (2,0) width 49: "Item 1174"
    LayoutBlockFlow {OPTION} at (1,16657.13) size 187x14.19 [bgcolor=#D4D4D4]
      LayoutText {#text} at (2,0) size 50x13
        text run at (2,0) width 50: "Item 1175"
    LayoutBlockFlow {OPTION} at (1,16671.31) size 187x14.19 [bgcolor=#D4D4D4]
      LayoutText {#text} at (2,0) size 50x13
        text run at (2,0) width 50: "Item 1176"
    LayoutBlockFlow {OPTION} at (1,16685.50) size 187x14.19 [bgcolor=#D4D4D4]
      LayoutText {#text} at (2,0) size 49x13
        text run at (2,0) width 49: "Item 1177"
    LayoutBlockFlow {OPTION} at (1,16699.69) size 187x14.19 [bgcolor=#D4D4D4]
      LayoutText {#text} at (2,0) size 50x13
        text run at (2,0) width 50: "Item 1178"
    LayoutBlockFlow {OPTION} at (1,16713.88) size 187x14.19 [bgcolor=#D4D4D4]
      LayoutText {#text} at (2,0) size 50x13
        text run at (2,0) width 50: "Item 1179"
    LayoutBlockFlow {OPTION} at (1,16728.06) size 187x14.19 [bgcolor=#D4D4D4]
      LayoutText {#text} at (2,0) size 51x13
        text run at (2,0) width 51: "Item 1180"
    LayoutBlockFlow {OPTION} at (1,16742.25) size 187x14.19 [bgcolor=#D4D4D4]
      LayoutText {#text} at (2,0) size 49x13
        text run at (2,0) width 49: "Item 1181"
    LayoutBlockFlow {OPTION} at (1,16756.44) size 187x14.19 [bgcolor=#D4D4D4]
      LayoutText {#text} at (2,0) size 50x13
        text run at (2,0) width 50: "Item 1182"
    LayoutBlockFlow {OPTION} at (1,16770.63) size 187x14.19 [bgcolor=#D4D4D4]
      LayoutText {#text} at (2,0) size 50x13
        text run at (2,0) width 50: "Item 1183"
    LayoutBlockFlow {OPTION} at (1,16784.81) size 187x14.19 [bgcolor=#D4D4D4]
      LayoutText {#text} at (2,0) size 51x13
        text run at (2,0) width 51: "Item 1184"
    LayoutBlockFlow {OPTION} at (1,16799) size 187x14.19 [bgcolor=#D4D4D4]
      LayoutText {#text} at (2,0) size 50x13
        text run at (2,0) width 50: "Item 1185"
    LayoutBlockFlow {OPTION} at (1,16813.19) size 187x14.19 [bgcolor=#D4D4D4]
      LayoutText {#text} at (2,0) size 51x13
        text run at (2,0) width 51: "Item 1186"
    LayoutBlockFlow {OPTION} at (1,16827.38) size 187x14.19 [bgcolor=#D4D4D4]
      LayoutText {#text} at (2,0) size 50x13
        text run at (2,0) width 50: "Item 1187"
    LayoutBlockFlow {OPTION} at (1,16841.56) size 187x14.19 [bgcolor=#D4D4D4]
      LayoutText {#text} at (2,0) size 51x13
        text run at (2,0) width 51: "Item 1188"
    LayoutBlockFlow {OPTION} at (1,16855.75) size 187x14.19 [bgcolor=#D4D4D4]
      LayoutText {#text} at (2,0) size 51x13
        text run at (2,0) width 51: "Item 1189"
    LayoutBlockFlow {OPTION} at (1,16869.94) size 187x14.19 [bgcolor=#D4D4D4]
      LayoutText {#text} at (2,0) size 51x13
        text run at (2,0) width 51: "Item 1190"
    LayoutBlockFlow {OPTION} at (1,16884.13) size 187x14.19 [bgcolor=#D4D4D4]
      LayoutText {#text} at (2,0) size 49x13
        text run at (2,0) width 49: "Item 1191"
    LayoutBlockFlow {OPTION} at (1,16898.31) size 187x14.19 [bgcolor=#D4D4D4]
      LayoutText {#text} at (2,0) size 50x13
        text run at (2,0) width 50: "Item 1192"
    LayoutBlockFlow {OPTION} at (1,16912.50) size 187x14.19 [bgcolor=#D4D4D4]
      LayoutText {#text} at (2,0) size 50x13
        text run at (2,0) width 50: "Item 1193"
    LayoutBlockFlow {OPTION} at (1,16926.69) size 187x14.19 [bgcolor=#D4D4D4]
      LayoutText {#text} at (2,0) size 51x13
        text run at (2,0) width 51: "Item 1194"
    LayoutBlockFlow {OPTION} at (1,16940.88) size 187x14.19 [bgcolor=#D4D4D4]
      LayoutText {#text} at (2,0) size 50x13
        text run at (2,0) width 50: "Item 1195"
    LayoutBlockFlow {OPTION} at (1,16955.06) size 187x14.19 [bgcolor=#D4D4D4]
      LayoutText {#text} at (2,0) size 51x13
        text run at (2,0) width 51: "Item 1196"
    LayoutBlockFlow {OPTION} at (1,16969.25) size 187x14.19 [bgcolor=#D4D4D4]
      LayoutText {#text} at (2,0) size 50x13
        text run at (2,0) width 50: "Item 1197"
    LayoutBlockFlow {OPTION} at (1,16983.44) size 187x14.19 [bgcolor=#D4D4D4]
      LayoutText {#text} at (2,0) size 51x13
        text run at (2,0) width 51: "Item 1198"
    LayoutBlockFlow {OPTION} at (1,16997.63) size 187x14.19 [bgcolor=#D4D4D4]
      LayoutText {#text} at (2,0) size 51x13
        text run at (2,0) width 51: "Item 1199"
    LayoutBlockFlow {OPTION} at (1,17011.81) size 187x14.19 [bgcolor=#D4D4D4]
      LayoutText {#text} at (2,0) size 52x13
        text run at (2,0) width 52: "Item 1200"
    LayoutBlockFlow {OPTION} at (1,17026) size 187x14.19 [bgcolor=#D4D4D4]
      LayoutText {#text} at (2,0) size 50x13
        text run at (2,0) width 50: "Item 1201"
    LayoutBlockFlow {OPTION} at (1,17040.19) size 187x14.19 [bgcolor=#D4D4D4]
      LayoutText {#text} at (2,0) size 52x13
        text run at (2,0) width 52: "Item 1202"
    LayoutBlockFlow {OPTION} at (1,17054.38) size 187x14.19 [bgcolor=#D4D4D4]
      LayoutText {#text} at (2,0) size 52x13
        text run at (2,0) width 52: "Item 1203"
    LayoutBlockFlow {OPTION} at (1,17068.56) size 187x14.19 [bgcolor=#D4D4D4]
      LayoutText {#text} at (2,0) size 52x13
        text run at (2,0) width 52: "Item 1204"
    LayoutBlockFlow {OPTION} at (1,17082.75) size 187x14.19 [bgcolor=#D4D4D4]
      LayoutText {#text} at (2,0) size 52x13
        text run at (2,0) width 52: "Item 1205"
    LayoutBlockFlow {OPTION} at (1,17096.94) size 187x14.19 [bgcolor=#D4D4D4]
      LayoutText {#text} at (2,0) size 52x13
        text run at (2,0) width 52: "Item 1206"
    LayoutBlockFlow {OPTION} at (1,17111.13) size 187x14.19 [bgcolor=#D4D4D4]
      LayoutText {#text} at (2,0) size 51x13
        text run at (2,0) width 51: "Item 1207"
    LayoutBlockFlow {OPTION} at (1,17125.31) size 187x14.19 [bgcolor=#D4D4D4]
      LayoutText {#text} at (2,0) size 52x13
        text run at (2,0) width 52: "Item 1208"
    LayoutBlockFlow {OPTION} at (1,17139.50) size 187x14.19 [bgcolor=#D4D4D4]
      LayoutText {#text} at (2,0) size 52x13
        text run at (2,0) width 52: "Item 1209"
    LayoutBlockFlow {OPTION} at (1,17153.69) size 187x14.19 [bgcolor=#D4D4D4]
      LayoutText {#text} at (2,0) size 50x13
        text run at (2,0) width 50: "Item 1210"
    LayoutBlockFlow {OPTION} at (1,17167.88) size 187x14.19 [bgcolor=#D4D4D4]
      LayoutText {#text} at (2,0) size 48x13
        text run at (2,0) width 48: "Item 1211"
    LayoutBlockFlow {OPTION} at (1,17182.06) size 187x14.19 [bgcolor=#D4D4D4]
      LayoutText {#text} at (2,0) size 50x13
        text run at (2,0) width 50: "Item 1212"
    LayoutBlockFlow {OPTION} at (1,17196.25) size 187x14.19 [bgcolor=#D4D4D4]
      LayoutText {#text} at (2,0) size 50x13
        text run at (2,0) width 50: "Item 1213"
    LayoutBlockFlow {OPTION} at (1,17210.44) size 187x14.19 [bgcolor=#D4D4D4]
      LayoutText {#text} at (2,0) size 50x13
        text run at (2,0) width 50: "Item 1214"
    LayoutBlockFlow {OPTION} at (1,17224.63) size 187x14.19 [bgcolor=#D4D4D4]
      LayoutText {#text} at (2,0) size 50x13
        text run at (2,0) width 50: "Item 1215"
    LayoutBlockFlow {OPTION} at (1,17238.81) size 187x14.19 [bgcolor=#D4D4D4]
      LayoutText {#text} at (2,0) size 50x13
        text run at (2,0) width 50: "Item 1216"
    LayoutBlockFlow {OPTION} at (1,17253) size 187x14.19 [bgcolor=#D4D4D4]
      LayoutText {#text} at (2,0) size 49x13
        text run at (2,0) width 49: "Item 1217"
    LayoutBlockFlow {OPTION} at (1,17267.19) size 187x14.19 [bgcolor=#D4D4D4]
      LayoutText {#text} at (2,0) size 50x13
        text run at (2,0) width 50: "Item 1218"
    LayoutBlockFlow {OPTION} at (1,17281.38) size 187x14.19 [bgcolor=#D4D4D4]
      LayoutText {#text} at (2,0) size 50x13
        text run at (2,0) width 50: "Item 1219"
    LayoutBlockFlow {OPTION} at (1,17295.56) size 187x14.19 [bgcolor=#D4D4D4]
      LayoutText {#text} at (2,0) size 52x13
        text run at (2,0) width 52: "Item 1220"
    LayoutBlockFlow {OPTION} at (1,17309.75) size 187x14.19 [bgcolor=#D4D4D4]
      LayoutText {#text} at (2,0) size 50x13
        text run at (2,0) width 50: "Item 1221"
    LayoutBlockFlow {OPTION} at (1,17323.94) size 187x14.19 [bgcolor=#D4D4D4]
      LayoutText {#text} at (2,0) size 51x13
        text run at (2,0) width 51: "Item 1222"
    LayoutBlockFlow {OPTION} at (1,17338.13) size 187x14.19 [bgcolor=#D4D4D4]
      LayoutText {#text} at (2,0) size 52x13
        text run at (2,0) width 52: "Item 1223"
    LayoutBlockFlow {OPTION} at (1,17352.31) size 187x14.19 [bgcolor=#D4D4D4]
      LayoutText {#text} at (2,0) size 52x13
        text run at (2,0) width 52: "Item 1224"
    LayoutBlockFlow {OPTION} at (1,17366.50) size 187x14.19 [bgcolor=#D4D4D4]
      LayoutText {#text} at (2,0) size 52x13
        text run at (2,0) width 52: "Item 1225"
    LayoutBlockFlow {OPTION} at (1,17380.69) size 187x14.19 [bgcolor=#D4D4D4]
      LayoutText {#text} at (2,0) size 52x13
        text run at (2,0) width 52: "Item 1226"
    LayoutBlockFlow {OPTION} at (1,17394.88) size 187x14.19 [bgcolor=#D4D4D4]
      LayoutText {#text} at (2,0) size 51x13
        text run at (2,0) width 51: "Item 1227"
    LayoutBlockFlow {OPTION} at (1,17409.06) size 187x14.19 [bgcolor=#D4D4D4]
      LayoutText {#text} at (2,0) size 52x13
        text run at (2,0) width 52: "Item 1228"
    LayoutBlockFlow {OPTION} at (1,17423.25) size 187x14.19 [bgcolor=#D4D4D4]
      LayoutText {#text} at (2,0) size 52x13
        text run at (2,0) width 52: "Item 1229"
    LayoutBlockFlow {OPTION} at (1,17437.44) size 187x14.19 [bgcolor=#D4D4D4]
      LayoutText {#text} at (2,0) size 52x13
        text run at (2,0) width 52: "Item 1230"
    LayoutBlockFlow {OPTION} at (1,17451.63) size 187x14.19 [bgcolor=#D4D4D4]
      LayoutText {#text} at (2,0) size 50x13
        text run at (2,0) width 50: "Item 1231"
    LayoutBlockFlow {OPTION} at (1,17465.81) size 187x14.19 [bgcolor=#D4D4D4]
      LayoutText {#text} at (2,0) size 52x13
        text run at (2,0) width 52: "Item 1232"
    LayoutBlockFlow {OPTION} at (1,17480) size 187x14.19 [bgcolor=#D4D4D4]
      LayoutText {#text} at (2,0) size 52x13
        text run at (2,0) width 52: "Item 1233"
    LayoutBlockFlow {OPTION} at (1,17494.19) size 187x14.19 [bgcolor=#D4D4D4]
      LayoutText {#text} at (2,0) size 52x13
        text run at (2,0) width 52: "Item 1234"
