layer at (0,0) size 800x600
  LayoutView at (0,0) size 800x600
layer at (0,0) size 800x600
  LayoutBlockFlow {HTML} at (0,0) size 800x600
    LayoutBlockFlow {BODY} at (8,8) size 784x584
      LayoutText {#text} at (0,0) size 426x18
        text run at (0,0) width 426: "This tests that we don't honor line-height for styled popup buttons."
      LayoutBR {BR} at (425,14) size 1x0
      LayoutMenuList {SELECT} at (0,18) size 187x18 [bgcolor=#ADD8E6] [border: (1px solid #A6A6A6)]
        LayoutBlockFlow (anonymous) at (1,1) size 185x16
          LayoutText (anonymous) at (8,1) size 164x13
            text run at (8,1) width 164: "This text should not be clipped."
