layer at (0,0) size 800x600
  LayoutView at (0,0) size 800x600
layer at (0,0) size 800x600
  LayoutBlockFlow {HTML} at (0,0) size 800x600
    LayoutBlockFlow {BODY} at (8,8) size 784x584
      LayoutMenuList {SELECT} at (0,0) size 243x16 [bgcolor=#F8F8F8] [border: (1px solid #A6A6A6)]
        LayoutBlockFlow (anonymous) at (1,1) size 241x14
          LayoutText (anonymous) at (8,1) size 220x11
            text run at (8,1) width 220: "No overflow should be allowed on popup menus!"
      LayoutText {#text} at (0,0) size 0x0
