layer at (0,0) size 800x600
  LayoutView at (0,0) size 800x600
layer at (0,0) size 800x321
  LayoutBlockFlow {HTML} at (0,0) size 800x320.75
    LayoutBlockFlow {BODY} at (8,8) size 784x304.75
      LayoutBlockFlow {FORM} at (0,0) size 784x304.75
        LayoutText {#text} at (68,267) size 5x19
          text run at (68,267) width 5: " "
        LayoutBR {BR} at (72,267) size 1x19
        LayoutMenuList {SELECT} at (0,286.75) size 74x18 [bgcolor=#F8F8F8]
          LayoutBlockFlow (anonymous) at (0,0) size 74x18
            LayoutText (anonymous) at (8,2) size 31x13
              text run at (8,2) width 31: "Three"
        LayoutText {#text} at (0,0) size 0x0
layer at (8,8) size 69x286 clip at (9,9) size 56x284
  LayoutListBox {SELECT} at (0,0) size 68.50x285.75 [bgcolor=#FFFFFF] [border: (1px solid #999999)]
    LayoutBlockFlow {OPTGROUP} at (1,1) size 55.50x70.94 [color=#008000]
      LayoutBlockFlow {DIV} at (0,0) size 55.50x14.19
        LayoutText {#text} at (2,0) size 45x13
          text run at (2,0) width 45: "Enabled"
      LayoutBlockFlow {OPTION} at (0,14.19) size 55.50x14.19 [color=#0000FF]
        LayoutInline {<pseudo:before>} at (0,0) size 13x13
          LayoutTextFragment (anonymous) at (2,0) size 13x13
            text run at (2,0) width 13: "    "
        LayoutText {#text} at (14,0) size 22x13
          text run at (14,0) width 22: "One"
      LayoutBlockFlow {OPTION} at (0,28.38) size 55.50x14.19 [color=#0000FF]
        LayoutInline {<pseudo:before>} at (0,0) size 13x13
          LayoutTextFragment (anonymous) at (2,0) size 13x13
            text run at (2,0) width 13: "    "
        LayoutText {#text} at (14,0) size 22x13
          text run at (14,0) width 22: "Two"
      LayoutBlockFlow {OPTION} at (0,42.56) size 55.50x14.19 [color=#0000FF]
        LayoutInline {<pseudo:before>} at (0,0) size 13x13
          LayoutTextFragment (anonymous) at (2,0) size 13x13
            text run at (2,0) width 13: "    "
        LayoutText {#text} at (14,0) size 31x13
          text run at (14,0) width 31: "Three"
      LayoutBlockFlow {OPTION} at (0,56.75) size 55.50x14.19 [color=#0000FF]
        LayoutInline {<pseudo:before>} at (0,0) size 13x13
          LayoutTextFragment (anonymous) at (2,0) size 13x13
            text run at (2,0) width 13: "    "
        LayoutText {#text} at (14,0) size 24x13
          text run at (14,0) width 24: "Four"
    LayoutBlockFlow {OPTGROUP} at (1,71.94) size 55.50x70.94 [color=#FFC0CB]
      LayoutBlockFlow {DIV} at (0,0) size 55.50x14.19
        LayoutText {#text} at (2,0) size 49x13
          text run at (2,0) width 49: "Disabled"
      LayoutBlockFlow {OPTION} at (0,14.19) size 55.50x14.19 [color=#FF0000]
        LayoutInline {<pseudo:before>} at (0,0) size 13x13
          LayoutTextFragment (anonymous) at (2,0) size 13x13
            text run at (2,0) width 13: "    "
        LayoutText {#text} at (14,0) size 22x13
          text run at (14,0) width 22: "One"
      LayoutBlockFlow {OPTION} at (0,28.38) size 55.50x14.19 [color=#FF0000]
        LayoutInline {<pseudo:before>} at (0,0) size 13x13
          LayoutTextFragment (anonymous) at (2,0) size 13x13
            text run at (2,0) width 13: "    "
        LayoutText {#text} at (14,0) size 22x13
          text run at (14,0) width 22: "Two"
      LayoutBlockFlow {OPTION} at (0,42.56) size 55.50x14.19 [color=#FF0000]
        LayoutInline {<pseudo:before>} at (0,0) size 13x13
          LayoutTextFragment (anonymous) at (2,0) size 13x13
            text run at (2,0) width 13: "    "
        LayoutText {#text} at (14,0) size 31x13
          text run at (14,0) width 31: "Three"
      LayoutBlockFlow {OPTION} at (0,56.75) size 55.50x14.19 [color=#FF0000]
        LayoutInline {<pseudo:before>} at (0,0) size 13x13
          LayoutTextFragment (anonymous) at (2,0) size 13x13
            text run at (2,0) width 13: "    "
        LayoutText {#text} at (14,0) size 24x13
          text run at (14,0) width 24: "Four"
    LayoutBlockFlow {OPTGROUP} at (1,142.88) size 55.50x70.94 [color=#008000]
      LayoutBlockFlow {DIV} at (0,0) size 55.50x14.19
        LayoutText {#text} at (2,0) size 52x13
          text run at (2,0) width 52: "Enabled2"
      LayoutBlockFlow {OPTION} at (0,14.19) size 55.50x14.19 [color=#0000FF]
        LayoutInline {<pseudo:before>} at (0,0) size 13x13
          LayoutTextFragment (anonymous) at (2,0) size 13x13
            text run at (2,0) width 13: "    "
        LayoutText {#text} at (14,0) size 22x13
          text run at (14,0) width 22: "One"
      LayoutBlockFlow {OPTION} at (0,28.38) size 55.50x14.19 [color=#FF0000]
        LayoutInline {<pseudo:before>} at (0,0) size 13x13
          LayoutTextFragment (anonymous) at (2,0) size 13x13
            text run at (2,0) width 13: "    "
        LayoutText {#text} at (14,0) size 22x13
          text run at (14,0) width 22: "Two"
      LayoutBlockFlow {OPTION} at (0,42.56) size 55.50x14.19 [color=#000000] [bgcolor=#D4D4D4]
        LayoutInline {<pseudo:before>} at (0,0) size 13x13
          LayoutTextFragment (anonymous) at (2,0) size 13x13
            text run at (2,0) width 13: "    "
        LayoutText {#text} at (14,0) size 31x13
          text run at (14,0) width 31: "Three"
      LayoutBlockFlow {OPTION} at (0,56.75) size 55.50x14.19 [color=#0000FF]
        LayoutInline {<pseudo:before>} at (0,0) size 13x13
          LayoutTextFragment (anonymous) at (2,0) size 13x13
            text run at (2,0) width 13: "    "
        LayoutText {#text} at (14,0) size 24x13
          text run at (14,0) width 24: "Four"
