layer at (0,0) size 800x600
  LayoutView at (0,0) size 800x600
layer at (0,0) size 800x600
  LayoutBlockFlow {HTML} at (0,0) size 800x600
    LayoutBlockFlow {BODY} at (8,8) size 784x584
      LayoutMenuList {SELECT} at (0,0) size 24x15 [bgcolor=#F8F8F8] [border: (1px solid #A6A6A6)]
        LayoutBlockFlow (anonymous) at (1,1) size 22x13
          LayoutText (anonymous) at (0,0) size 4x13
            text run at (0,0) width 4: " "
      LayoutText {#text} at (0,0) size 0x0
