layer at (0,0) size 800x600
  LayoutView at (0,0) size 800x600
layer at (0,0) size 800x121
  LayoutBlockFlow {HTML} at (0,0) size 800x121.13
    LayoutBlockFlow {BODY} at (8,8) size 784x105.13
      LayoutBlockFlow (anonymous) at (0,0) size 784x18
        LayoutInline {SPAN} at (0,0) size 642x18
          LayoutText {#text} at (0,0) size 642x18
            text run at (0,0) width 642: "Test for crbug.com/335285: On OS Mac, Options of a multiple select are shifted right in RTL mode."
        LayoutText {#text} at (0,0) size 0x0
      LayoutBlockFlow {DIV} at (0,18) size 784x87.13
        LayoutText {#text} at (0,0) size 0x0
layer at (592,26) size 200x87 clip at (604,27) size 187x85
  LayoutListBox {SELECT} at (584,0) size 200x87.13 [bgcolor=#FFFFFF] [border: (1px solid #999999)]
    LayoutBlockFlow {OPTION} at (12,1) size 187x14.19
      LayoutText {#text} at (154,0) size 31x13
        text run at (154,0) width 31: "Test 1"
    LayoutBlockFlow {OPTION} at (12,15.19) size 187x14.19
      LayoutText {#text} at (153,0) size 32x13
        text run at (153,0) width 32: "Test 2"
    LayoutBlockFlow {OPTION} at (12,29.38) size 187x14.19
      LayoutText {#text} at (152,0) size 33x13
        text run at (152,0) width 33: "Test 3"
    LayoutBlockFlow {OPTION} at (12,43.56) size 187x14.19
      LayoutText {#text} at (152,0) size 33x13
        text run at (152,0) width 33: "Test 4"
    LayoutBlockFlow {OPTION} at (12,57.75) size 187x14.19
      LayoutText {#text} at (153,0) size 32x13
        text run at (153,0) width 32: "Test 5"
