layer at (0,0) size 800x600
  LayoutView at (0,0) size 800x600
layer at (0,0) size 800x600
  LayoutBlockFlow {HTML} at (0,0) size 800x600
    LayoutBlockFlow {BODY} at (8,8) size 784x584
      LayoutTable {TABLE} at (0,0) size 488x142
        LayoutBlockFlow {CAPTION} at (0,0) size 488x20
          LayoutText {#text} at (50,0) size 388x19
            text run at (50,0) width 388: "Communicator 4.5 Installers for Mac and Windows Platforms"
        LayoutTableSection {THEAD} at (0,20) size 488x26
          LayoutTableRow {TR} at (0,2) size 488x22
            LayoutTableCell {TD} at (2,2) size 190x22 [r=0 c=0 rs=1 cs=1]
              LayoutText {#text} at (1,1) size 188x19
                text run at (1,1) width 188: "This is the header information"
        LayoutTableSection {TBODY} at (0,46) size 488x96
          LayoutTableRow {TR} at (0,0) size 488x22
            LayoutTableCell {TH} at (2,10) size 190x2 [r=0 c=0 rs=1 cs=1]
            LayoutTableCell {TH} at (194,0) size 109x22 [r=0 c=1 rs=1 cs=1]
              LayoutText {#text} at (1,1) size 107x19
                text run at (1,1) width 107: "Macintosh PPC"
            LayoutTableCell {TH} at (305,0) size 86x22 [r=0 c=2 rs=1 cs=1]
              LayoutText {#text} at (1,1) size 84x19
                text run at (1,1) width 84: "Windows 95"
            LayoutTableCell {TH} at (393,0) size 93x22 [r=0 c=3 rs=1 cs=1]
              LayoutText {#text} at (1,1) size 91x19
                text run at (1,1) width 91: "Windows NT"
          LayoutTableRow {TR} at (0,24) size 488x22
            LayoutTableCell {TD} at (2,24) size 190x22 [r=1 c=0 rs=1 cs=1]
              LayoutText {#text} at (1,1) size 73x19
                text run at (1,1) width 73: "Base Install"
            LayoutTableCell {TD} at (194,24) size 109x22 [r=1 c=1 rs=1 cs=1]
              LayoutText {#text} at (1,1) size 21x19
                text run at (1,1) width 21: "yes"
            LayoutTableCell {TD} at (305,24) size 86x22 [r=1 c=2 rs=1 cs=1]
              LayoutText {#text} at (1,1) size 21x19
                text run at (1,1) width 21: "yes"
            LayoutTableCell {TD} at (393,24) size 93x22 [r=1 c=3 rs=1 cs=1]
              LayoutText {#text} at (1,1) size 21x19
                text run at (1,1) width 21: "yes"
          LayoutTableRow {TR} at (0,48) size 488x22
            LayoutTableCell {TD} at (2,48) size 190x22 [r=2 c=0 rs=1 cs=1]
              LayoutText {#text} at (1,1) size 103x19
                text run at (1,1) width 103: "Complete Install"
            LayoutTableCell {TD} at (194,48) size 109x22 [r=2 c=1 rs=1 cs=1]
              LayoutText {#text} at (1,1) size 21x19
                text run at (1,1) width 21: "yes"
            LayoutTableCell {TD} at (305,48) size 86x22 [r=2 c=2 rs=1 cs=1]
              LayoutText {#text} at (1,1) size 21x19
                text run at (1,1) width 21: "yes"
            LayoutTableCell {TD} at (393,48) size 93x22 [r=2 c=3 rs=1 cs=1]
              LayoutText {#text} at (1,1) size 21x19
                text run at (1,1) width 21: "yes"
          LayoutTableRow {TR} at (0,72) size 488x22
            LayoutTableCell {TD} at (2,72) size 190x22 [r=3 c=0 rs=1 cs=1]
              LayoutText {#text} at (1,1) size 114x19
                text run at (1,1) width 114: "Pro Edition Install"
            LayoutTableCell {TD} at (194,72) size 109x22 [r=3 c=1 rs=1 cs=1]
              LayoutText {#text} at (1,1) size 21x19
                text run at (1,1) width 21: "yes"
            LayoutTableCell {TD} at (305,72) size 86x22 [r=3 c=2 rs=1 cs=1]
              LayoutText {#text} at (1,1) size 21x19
                text run at (1,1) width 21: "yes"
            LayoutTableCell {TD} at (393,72) size 93x22 [r=3 c=3 rs=1 cs=1]
              LayoutText {#text} at (1,1) size 21x19
                text run at (1,1) width 21: "yes"
