layer at (0,0) size 800x600
  LayoutView at (0,0) size 800x600
layer at (0,0) size 800x600
  LayoutBlockFlow {HTML} at (0,0) size 800x600
    LayoutBlockFlow {BODY} at (8,8) size 784x584
      LayoutTable {TABLE} at (0,0) size 414x118
        LayoutBlockFlow {CAPTION} at (0,0) size 414x20
          LayoutText {#text} at (13,0) size 388x19
            text run at (13,0) width 388: "Communicator 4.5 Installers for Mac and Windows Platforms"
        LayoutTableSection {TBODY} at (0,20) size 414x98
          LayoutTableRow {TR} at (0,2) size 414x22
            LayoutTableCell {TH} at (2,12) size 116x2 [r=0 c=0 rs=1 cs=1]
            LayoutTableCell {TH} at (120,2) size 109x22 [r=0 c=1 rs=1 cs=1]
              LayoutText {#text} at (1,1) size 107x19
                text run at (1,1) width 107: "Macintosh PPC"
            LayoutTableCell {TH} at (231,2) size 86x22 [r=0 c=2 rs=1 cs=1]
              LayoutText {#text} at (1,1) size 84x19
                text run at (1,1) width 84: "Windows 95"
            LayoutTableCell {TH} at (319,2) size 93x22 [r=0 c=3 rs=1 cs=1]
              LayoutText {#text} at (1,1) size 91x19
                text run at (1,1) width 91: "Windows NT"
          LayoutTableRow {TR} at (0,26) size 414x22
            LayoutTableCell {TD} at (2,26) size 116x22 [r=1 c=0 rs=1 cs=1]
              LayoutText {#text} at (1,1) size 73x19
                text run at (1,1) width 73: "Base Install"
            LayoutTableCell {TD} at (120,26) size 109x22 [r=1 c=1 rs=1 cs=1]
              LayoutText {#text} at (1,1) size 21x19
                text run at (1,1) width 21: "yes"
            LayoutTableCell {TD} at (231,26) size 86x22 [r=1 c=2 rs=1 cs=1]
              LayoutText {#text} at (1,1) size 21x19
                text run at (1,1) width 21: "yes"
            LayoutTableCell {TD} at (319,26) size 93x22 [r=1 c=3 rs=1 cs=1]
              LayoutText {#text} at (1,1) size 21x19
                text run at (1,1) width 21: "yes"
          LayoutTableRow {TR} at (0,50) size 414x22
            LayoutTableCell {TD} at (2,50) size 116x22 [r=2 c=0 rs=1 cs=1]
              LayoutText {#text} at (1,1) size 103x19
                text run at (1,1) width 103: "Complete Install"
            LayoutTableCell {TD} at (120,50) size 109x22 [r=2 c=1 rs=1 cs=1]
              LayoutText {#text} at (1,1) size 21x19
                text run at (1,1) width 21: "yes"
            LayoutTableCell {TD} at (231,50) size 86x22 [r=2 c=2 rs=1 cs=1]
              LayoutText {#text} at (1,1) size 21x19
                text run at (1,1) width 21: "yes"
            LayoutTableCell {TD} at (319,50) size 93x22 [r=2 c=3 rs=1 cs=1]
              LayoutText {#text} at (1,1) size 21x19
                text run at (1,1) width 21: "yes"
          LayoutTableRow {TR} at (0,74) size 414x22
            LayoutTableCell {TD} at (2,74) size 116x22 [r=3 c=0 rs=1 cs=1]
              LayoutText {#text} at (1,1) size 114x19
                text run at (1,1) width 114: "Pro Edition Install"
            LayoutTableCell {TD} at (120,74) size 109x22 [r=3 c=1 rs=1 cs=1]
              LayoutText {#text} at (1,1) size 21x19
                text run at (1,1) width 21: "yes"
            LayoutTableCell {TD} at (231,74) size 86x22 [r=3 c=2 rs=1 cs=1]
              LayoutText {#text} at (1,1) size 21x19
                text run at (1,1) width 21: "yes"
            LayoutTableCell {TD} at (319,74) size 93x22 [r=3 c=3 rs=1 cs=1]
              LayoutText {#text} at (1,1) size 21x19
                text run at (1,1) width 21: "yes"
