layer at (0,0) size 800x600
  LayoutView at (0,0) size 800x600
layer at (0,0) size 800x600
  LayoutBlockFlow {HTML} at (0,0) size 800x600
    LayoutBlockFlow {BODY} at (8,8) size 784x584
      LayoutBlockFlow {P} at (0,0) size 784x40
        LayoutText {#text} at (0,0) size 768x39
          text run at (0,0) width 768: "The COL element specifies attributes for a table column. In this test case, the COL element is used in conjunction with the"
          text run at (0,20) width 100: "SPAN attribute."
      LayoutTable {TABLE} at (0,56) size 560x56 [border: (1px outset #808080)]
        LayoutTableCol {COLGROUP} at (0,0) size 0x0
          LayoutTableCol {COL} at (0,0) size 0x0
        LayoutTableSection {TBODY} at (1,1) size 558x54
          LayoutTableRow {TR} at (0,2) size 558x24
            LayoutTableCell {TH} at (2,2) size 423x24 [border: (1px inset #808080)] [r=0 c=0 rs=1 cs=1]
              LayoutText {#text} at (2,2) size 419x19
                text run at (2,2) width 419: "This heading should span across the two columns in this table."
          LayoutTableRow {TR} at (0,28) size 558x24
            LayoutTableCell {TD} at (2,28) size 423x24 [border: (1px inset #808080)] [r=1 c=0 rs=1 cs=1]
              LayoutText {#text} at (2,2) size 124x19
                text run at (2,2) width 124: "This is column one."
            LayoutTableCell {TD} at (427,28) size 129x24 [border: (1px inset #808080)] [r=1 c=1 rs=1 cs=1]
              LayoutText {#text} at (2,2) size 125x19
                text run at (2,2) width 125: "This is column two."
