layer at (0,0) size 800x600
  LayoutView at (0,0) size 800x600
layer at (0,0) size 800x600
  LayoutBlockFlow {HTML} at (0,0) size 800x600
    LayoutBlockFlow {BODY} at (8,8) size 784x584
      LayoutBlockFlow {P} at (0,0) size 784x40
        LayoutText {#text} at (0,0) size 775x39
          text run at (0,0) width 775: "Colgroups are used to identify column groups. The table below has two distinct column groups; 'Airport Location' and 'Car"
          text run at (0,20) width 758: "Rental Information'. The first column group contains two columns and the second column group contains three columns."
      LayoutBlockFlow {P} at (0,56) size 784x20
        LayoutText {#text} at (0,0) size 222x19
          text run at (0,0) width 222: "Text in the cells should be justified."
      LayoutTable {TABLE} at (0,92) size 742x186 [border: (1px outset #808080)]
        LayoutTableCol {COLGROUP} at (0,0) size 0x0
        LayoutTableCol {COLGROUP} at (0,0) size 0x0
        LayoutTableSection {TBODY} at (1,1) size 740x184
          LayoutTableRow {TR} at (0,2) size 740x24
            LayoutTableCell {TH} at (2,2) size 402x24 [border: (1px inset #808080)] [r=0 c=0 rs=1 cs=2]
              LayoutText {#text} at (143,2) size 116x19
                text run at (143,2) width 116: "Airport Location"
            LayoutTableCell {TH} at (406,2) size 332x24 [border: (1px inset #808080)] [r=0 c=2 rs=1 cs=3]
              LayoutText {#text} at (86,2) size 160x19
                text run at (86,2) width 160: "Car Rental information"
          LayoutTableRow {TR} at (0,28) size 740x24
            LayoutTableCell {TH} at (2,28) size 100x24 [border: (1px inset #808080)] [r=1 c=0 rs=1 cs=1]
              LayoutText {#text} at (21,2) size 58x19
                text run at (21,2) width 58: "Country"
            LayoutTableCell {TH} at (104,28) size 300x24 [border: (1px inset #808080)] [r=1 c=1 rs=1 cs=1]
              LayoutText {#text} at (135,2) size 30x19
                text run at (135,2) width 30: "City"
            LayoutTableCell {TH} at (406,28) size 110x24 [border: (1px inset #808080)] [r=1 c=2 rs=1 cs=1]
              LayoutText {#text} at (2,2) size 106x19
                text run at (2,2) width 106: "ABC Company"
            LayoutTableCell {TH} at (518,28) size 108x24 [border: (1px inset #808080)] [r=1 c=3 rs=1 cs=1]
              LayoutText {#text} at (2,2) size 104x19
                text run at (2,2) width 104: "EFG Company"
            LayoutTableCell {TH} at (628,28) size 110x24 [border: (1px inset #808080)] [r=1 c=4 rs=1 cs=1]
              LayoutText {#text} at (2,2) size 106x19
                text run at (2,2) width 106: "XYZ Company"
          LayoutTableRow {TR} at (0,54) size 740x24
            LayoutTableCell {TD} at (2,54) size 100x24 [border: (1px inset #808080)] [r=2 c=0 rs=1 cs=1]
              LayoutText {#text} at (2,2) size 43x19
                text run at (2,2) width 43: "France"
            LayoutTableCell {TD} at (104,54) size 300x24 [border: (1px inset #808080)] [r=2 c=1 rs=1 cs=1]
              LayoutText {#text} at (2,2) size 31x19
                text run at (2,2) width 31: "Paris"
            LayoutTableCell {TD} at (406,54) size 110x24 [border: (1px inset #808080)] [r=2 c=2 rs=1 cs=1]
              LayoutText {#text} at (2,2) size 21x19
                text run at (2,2) width 21: "yes"
            LayoutTableCell {TD} at (518,54) size 108x24 [border: (1px inset #808080)] [r=2 c=3 rs=1 cs=1]
              LayoutText {#text} at (2,2) size 21x19
                text run at (2,2) width 21: "yes"
            LayoutTableCell {TD} at (628,54) size 110x24 [border: (1px inset #808080)] [r=2 c=4 rs=1 cs=1]
              LayoutText {#text} at (2,2) size 21x19
                text run at (2,2) width 21: "yes"
          LayoutTableRow {TR} at (0,80) size 740x24
            LayoutTableCell {TD} at (2,80) size 100x24 [border: (1px inset #808080)] [r=3 c=0 rs=1 cs=1]
              LayoutText {#text} at (2,2) size 59x19
                text run at (2,2) width 59: "Germany"
            LayoutTableCell {TD} at (104,80) size 300x24 [border: (1px inset #808080)] [r=3 c=1 rs=1 cs=1]
              LayoutText {#text} at (2,2) size 59x19
                text run at (2,2) width 59: "Frankfurt"
            LayoutTableCell {TD} at (406,80) size 110x24 [border: (1px inset #808080)] [r=3 c=2 rs=1 cs=1]
              LayoutText {#text} at (2,2) size 21x19
                text run at (2,2) width 21: "yes"
            LayoutTableCell {TD} at (518,80) size 108x24 [border: (1px inset #808080)] [r=3 c=3 rs=1 cs=1]
              LayoutText {#text} at (2,2) size 21x19
                text run at (2,2) width 21: "yes"
            LayoutTableCell {TD} at (628,80) size 110x24 [border: (1px inset #808080)] [r=3 c=4 rs=1 cs=1]
              LayoutText {#text} at (2,2) size 21x19
                text run at (2,2) width 21: "yes"
          LayoutTableRow {TR} at (0,106) size 740x24
            LayoutTableCell {TD} at (2,106) size 100x24 [border: (1px inset #808080)] [r=4 c=0 rs=1 cs=1]
              LayoutText {#text} at (2,2) size 53x19
                text run at (2,2) width 53: "England"
            LayoutTableCell {TD} at (104,106) size 300x24 [border: (1px inset #808080)] [r=4 c=1 rs=1 cs=1]
              LayoutText {#text} at (2,2) size 50x19
                text run at (2,2) width 50: "London"
            LayoutTableCell {TD} at (406,106) size 110x24 [border: (1px inset #808080)] [r=4 c=2 rs=1 cs=1]
              LayoutText {#text} at (2,2) size 21x19
                text run at (2,2) width 21: "yes"
            LayoutTableCell {TD} at (518,106) size 108x24 [border: (1px inset #808080)] [r=4 c=3 rs=1 cs=1]
              LayoutText {#text} at (2,2) size 21x19
                text run at (2,2) width 21: "yes"
            LayoutTableCell {TD} at (628,106) size 110x24 [border: (1px inset #808080)] [r=4 c=4 rs=1 cs=1]
              LayoutText {#text} at (2,2) size 21x19
                text run at (2,2) width 21: "yes"
          LayoutTableRow {TR} at (0,132) size 740x24
            LayoutTableCell {TD} at (2,132) size 100x24 [border: (1px inset #808080)] [r=5 c=0 rs=1 cs=1]
              LayoutText {#text} at (2,2) size 76x19
                text run at (2,2) width 76: "Netherlands"
            LayoutTableCell {TD} at (104,132) size 300x24 [border: (1px inset #808080)] [r=5 c=1 rs=1 cs=1]
              LayoutText {#text} at (2,2) size 73x19
                text run at (2,2) width 73: "Amsterdam"
            LayoutTableCell {TD} at (406,132) size 110x24 [border: (1px inset #808080)] [r=5 c=2 rs=1 cs=1]
              LayoutText {#text} at (2,2) size 21x19
                text run at (2,2) width 21: "yes"
            LayoutTableCell {TD} at (518,132) size 108x24 [border: (1px inset #808080)] [r=5 c=3 rs=1 cs=1]
              LayoutText {#text} at (2,2) size 21x19
                text run at (2,2) width 21: "yes"
            LayoutTableCell {TD} at (628,132) size 110x24 [border: (1px inset #808080)] [r=5 c=4 rs=1 cs=1]
              LayoutText {#text} at (2,2) size 21x19
                text run at (2,2) width 21: "yes"
          LayoutTableRow {TR} at (0,158) size 740x24
            LayoutTableCell {TD} at (2,158) size 100x24 [border: (1px inset #808080)] [r=6 c=0 rs=1 cs=1]
              LayoutText {#text} at (2,2) size 33x19
                text run at (2,2) width 33: "USA"
            LayoutTableCell {TD} at (104,158) size 300x24 [border: (1px inset #808080)] [r=6 c=1 rs=1 cs=1]
              LayoutText {#text} at (2,2) size 67x19
                text run at (2,2) width 67: "New York"
            LayoutTableCell {TD} at (406,158) size 110x24 [border: (1px inset #808080)] [r=6 c=2 rs=1 cs=1]
              LayoutText {#text} at (2,2) size 21x19
                text run at (2,2) width 21: "yes"
            LayoutTableCell {TD} at (518,158) size 108x24 [border: (1px inset #808080)] [r=6 c=3 rs=1 cs=1]
              LayoutText {#text} at (2,2) size 21x19
                text run at (2,2) width 21: "yes"
            LayoutTableCell {TD} at (628,158) size 110x24 [border: (1px inset #808080)] [r=6 c=4 rs=1 cs=1]
              LayoutText {#text} at (2,2) size 21x19
                text run at (2,2) width 21: "yes"
