layer at (0,0) size 800x600
  LayoutView at (0,0) size 800x600
layer at (0,0) size 800x600
  LayoutBlockFlow {HTML} at (0,0) size 800x600
    LayoutBlockFlow {BODY} at (8,8) size 784x584
      LayoutBlockFlow {P} at (0,0) size 784x40
        LayoutText {#text} at (0,0) size 766x39
          text run at (0,0) width 766: "Colgroups are used to identify column groups. This table has two distinct column groups titled 'Airport Location' and 'Car"
          text run at (0,20) width 586: "Rental Information'. The first has a width of 200 pixels; the second has a width of 400 pixels."
      LayoutTable {TABLE} at (0,56) size 784x206 [border: (1px outset #808080)]
        LayoutTableCol {COLGROUP} at (0,0) size 0x0
        LayoutTableCol {COLGROUP} at (0,0) size 0x0
        LayoutTableSection {TBODY} at (1,1) size 782x204
          LayoutTableRow {TR} at (0,2) size 782x24
            LayoutTableCell {TH} at (2,2) size 559x24 [border: (1px inset #808080)] [r=0 c=0 rs=1 cs=2]
              LayoutText {#text} at (221,2) size 117x19
                text run at (221,2) width 117: "Airport Location"
            LayoutTableCell {TH} at (563,2) size 217x24 [border: (1px inset #808080)] [r=0 c=2 rs=1 cs=3]
              LayoutText {#text} at (27,2) size 163x19
                text run at (27,2) width 163: "Car Rental Information"
          LayoutTableRow {TR} at (0,28) size 782x44
            LayoutTableCell {TH} at (2,38) size 188x24 [border: (1px inset #808080)] [r=1 c=0 rs=1 cs=1]
              LayoutText {#text} at (65,2) size 58x19
                text run at (65,2) width 58: "Country"
            LayoutTableCell {TH} at (192,38) size 369x24 [border: (1px inset #808080)] [r=1 c=1 rs=1 cs=1]
              LayoutText {#text} at (170,2) size 29x19
                text run at (170,2) width 29: "City"
            LayoutTableCell {TH} at (563,28) size 71x44 [border: (1px inset #808080)] [r=1 c=2 rs=1 cs=1]
              LayoutText {#text} at (18,2) size 67x39
                text run at (18,2) width 35: "ABC"
                text run at (2,22) width 67: "Company"
            LayoutTableCell {TH} at (636,28) size 71x44 [border: (1px inset #808080)] [r=1 c=3 rs=1 cs=1]
              LayoutText {#text} at (19,2) size 67x39
                text run at (19,2) width 33: "EFG"
                text run at (2,22) width 67: "Company"
            LayoutTableCell {TH} at (709,28) size 71x44 [border: (1px inset #808080)] [r=1 c=4 rs=1 cs=1]
              LayoutText {#text} at (18,2) size 67x39
                text run at (18,2) width 35: "XYZ"
                text run at (2,22) width 67: "Company"
          LayoutTableRow {TR} at (0,74) size 782x24
            LayoutTableCell {TD} at (2,74) size 188x24 [border: (1px inset #808080)] [r=2 c=0 rs=1 cs=1]
              LayoutText {#text} at (2,2) size 43x19
                text run at (2,2) width 43: "France"
            LayoutTableCell {TD} at (192,74) size 369x24 [border: (1px inset #808080)] [r=2 c=1 rs=1 cs=1]
              LayoutText {#text} at (2,2) size 31x19
                text run at (2,2) width 31: "Paris"
            LayoutTableCell {TD} at (563,74) size 71x24 [border: (1px inset #808080)] [r=2 c=2 rs=1 cs=1]
              LayoutText {#text} at (2,2) size 21x19
                text run at (2,2) width 21: "yes"
            LayoutTableCell {TD} at (636,74) size 71x24 [border: (1px inset #808080)] [r=2 c=3 rs=1 cs=1]
              LayoutText {#text} at (2,2) size 21x19
                text run at (2,2) width 21: "yes"
            LayoutTableCell {TD} at (709,74) size 71x24 [border: (1px inset #808080)] [r=2 c=4 rs=1 cs=1]
              LayoutText {#text} at (2,2) size 21x19
                text run at (2,2) width 21: "yes"
          LayoutTableRow {TR} at (0,100) size 782x24
            LayoutTableCell {TD} at (2,100) size 188x24 [border: (1px inset #808080)] [r=3 c=0 rs=1 cs=1]
              LayoutText {#text} at (2,2) size 59x19
                text run at (2,2) width 59: "Germany"
            LayoutTableCell {TD} at (192,100) size 369x24 [border: (1px inset #808080)] [r=3 c=1 rs=1 cs=1]
              LayoutText {#text} at (2,2) size 59x19
                text run at (2,2) width 59: "Frankfurt"
            LayoutTableCell {TD} at (563,100) size 71x24 [border: (1px inset #808080)] [r=3 c=2 rs=1 cs=1]
              LayoutText {#text} at (2,2) size 21x19
                text run at (2,2) width 21: "yes"
            LayoutTableCell {TD} at (636,100) size 71x24 [border: (1px inset #808080)] [r=3 c=3 rs=1 cs=1]
              LayoutText {#text} at (2,2) size 21x19
                text run at (2,2) width 21: "yes"
            LayoutTableCell {TD} at (709,100) size 71x24 [border: (1px inset #808080)] [r=3 c=4 rs=1 cs=1]
              LayoutText {#text} at (2,2) size 21x19
                text run at (2,2) width 21: "yes"
          LayoutTableRow {TR} at (0,126) size 782x24
            LayoutTableCell {TD} at (2,126) size 188x24 [border: (1px inset #808080)] [r=4 c=0 rs=1 cs=1]
              LayoutText {#text} at (2,2) size 53x19
                text run at (2,2) width 53: "England"
            LayoutTableCell {TD} at (192,126) size 369x24 [border: (1px inset #808080)] [r=4 c=1 rs=1 cs=1]
              LayoutText {#text} at (2,2) size 50x19
                text run at (2,2) width 50: "London"
            LayoutTableCell {TD} at (563,126) size 71x24 [border: (1px inset #808080)] [r=4 c=2 rs=1 cs=1]
              LayoutText {#text} at (2,2) size 21x19
                text run at (2,2) width 21: "yes"
            LayoutTableCell {TD} at (636,126) size 71x24 [border: (1px inset #808080)] [r=4 c=3 rs=1 cs=1]
              LayoutText {#text} at (2,2) size 21x19
                text run at (2,2) width 21: "yes"
            LayoutTableCell {TD} at (709,126) size 71x24 [border: (1px inset #808080)] [r=4 c=4 rs=1 cs=1]
              LayoutText {#text} at (2,2) size 21x19
                text run at (2,2) width 21: "yes"
          LayoutTableRow {TR} at (0,152) size 782x24
            LayoutTableCell {TD} at (2,152) size 188x24 [border: (1px inset #808080)] [r=5 c=0 rs=1 cs=1]
              LayoutText {#text} at (2,2) size 76x19
                text run at (2,2) width 76: "Netherlands"
            LayoutTableCell {TD} at (192,152) size 369x24 [border: (1px inset #808080)] [r=5 c=1 rs=1 cs=1]
              LayoutText {#text} at (2,2) size 73x19
                text run at (2,2) width 73: "Amsterdam"
            LayoutTableCell {TD} at (563,152) size 71x24 [border: (1px inset #808080)] [r=5 c=2 rs=1 cs=1]
              LayoutText {#text} at (2,2) size 21x19
                text run at (2,2) width 21: "yes"
            LayoutTableCell {TD} at (636,152) size 71x24 [border: (1px inset #808080)] [r=5 c=3 rs=1 cs=1]
              LayoutText {#text} at (2,2) size 21x19
                text run at (2,2) width 21: "yes"
            LayoutTableCell {TD} at (709,152) size 71x24 [border: (1px inset #808080)] [r=5 c=4 rs=1 cs=1]
              LayoutText {#text} at (2,2) size 21x19
                text run at (2,2) width 21: "yes"
          LayoutTableRow {TR} at (0,178) size 782x24
            LayoutTableCell {TD} at (2,178) size 188x24 [border: (1px inset #808080)] [r=6 c=0 rs=1 cs=1]
              LayoutText {#text} at (2,2) size 33x19
                text run at (2,2) width 33: "USA"
            LayoutTableCell {TD} at (192,178) size 369x24 [border: (1px inset #808080)] [r=6 c=1 rs=1 cs=1]
              LayoutText {#text} at (2,2) size 67x19
                text run at (2,2) width 67: "New York"
            LayoutTableCell {TD} at (563,178) size 71x24 [border: (1px inset #808080)] [r=6 c=2 rs=1 cs=1]
              LayoutText {#text} at (2,2) size 21x19
                text run at (2,2) width 21: "yes"
            LayoutTableCell {TD} at (636,178) size 71x24 [border: (1px inset #808080)] [r=6 c=3 rs=1 cs=1]
              LayoutText {#text} at (2,2) size 21x19
                text run at (2,2) width 21: "yes"
            LayoutTableCell {TD} at (709,178) size 71x24 [border: (1px inset #808080)] [r=6 c=4 rs=1 cs=1]
              LayoutText {#text} at (2,2) size 21x19
                text run at (2,2) width 21: "yes"
