layer at (0,0) size 800x600
  LayoutView at (0,0) size 800x600
layer at (0,0) size 800x600
  LayoutBlockFlow {HTML} at (0,0) size 800x600
    LayoutBlockFlow {BODY} at (8,8) size 784x584
      LayoutBlockFlow (anonymous) at (0,0) size 784x20
        LayoutText {#text} at (0,0) size 451x19
          text run at (0,0) width 451: "The table displayed is two rows by three columns with a 1 pixel border."
        LayoutBR {BR} at (450,15) size 1x0
      LayoutTable {TABLE} at (0,20) size 214x56 [border: (1px outset #808080)]
        LayoutTableSection {TBODY} at (1,1) size 212x54
          LayoutTableRow {TR} at (0,2) size 212x24
            LayoutTableCell {TD} at (2,2) size 69x24 [border: (1px inset #808080)] [r=0 c=0 rs=1 cs=1]
              LayoutText {#text} at (2,2) size 63x19
                text run at (2,2) width 63: "Navigator"
            LayoutTableCell {TD} at (73,2) size 72x24 [border: (1px inset #808080)] [r=0 c=1 rs=1 cs=1]
              LayoutText {#text} at (2,2) size 68x19
                text run at (2,2) width 68: "Messenger"
            LayoutTableCell {TD} at (147,2) size 63x24 [border: (1px inset #808080)] [r=0 c=2 rs=1 cs=1]
              LayoutText {#text} at (2,2) size 54x19
                text run at (2,2) width 54: "Collabra"
          LayoutTableRow {TR} at (0,28) size 212x24
            LayoutTableCell {TD} at (2,28) size 69x24 [border: (1px inset #808080)] [r=1 c=0 rs=1 cs=1]
              LayoutText {#text} at (2,2) size 65x19
                text run at (2,2) width 65: "Composer"
            LayoutTableCell {TD} at (73,28) size 72x24 [border: (1px inset #808080)] [r=1 c=1 rs=1 cs=1]
              LayoutText {#text} at (2,2) size 57x19
                text run at (2,2) width 57: "Calendar"
            LayoutTableCell {TD} at (147,28) size 63x24 [border: (1px inset #808080)] [r=1 c=2 rs=1 cs=1]
              LayoutText {#text} at (2,2) size 59x19
                text run at (2,2) width 59: "Netcaster"
