layer at (0,0) size 800x600
  LayoutView at (0,0) size 800x600
layer at (0,0) size 800x600
  LayoutBlockFlow {HTML} at (0,0) size 800x600
    LayoutBlockFlow {BODY} at (8,8) size 784x584
      LayoutBlockFlow (anonymous) at (0,0) size 784x20
        LayoutText {#text} at (0,0) size 756x19
          text run at (0,0) width 756: "The TD tag uses the ALIGN attribute. The contents in the first TD tag (Netscape Communicator) should be aligned left."
        LayoutBR {BR} at (756,15) size 0x0
      LayoutTable {TABLE} at (0,20) size 292x56 [border: (1px outset #808080)]
        LayoutTableSection {TBODY} at (1,1) size 290x54
          LayoutTableRow {TR} at (0,2) size 290x24
            LayoutTableCell {TD} at (2,2) size 280x24 [border: (1px inset #808080)] [r=0 c=0 rs=1 cs=1]
              LayoutText {#text} at (2,2) size 156x19
                text run at (2,2) width 156: "Netscape Communicator"
            LayoutTableCell {TD} at (284,12) size 4x4 [border: (1px inset #808080)] [r=0 c=1 rs=1 cs=1]
          LayoutTableRow {TR} at (0,28) size 290x24
            LayoutTableCell {TD} at (2,28) size 280x24 [border: (1px inset #808080)] [r=1 c=0 rs=1 cs=1]
              LayoutText {#text} at (2,2) size 276x19
                text run at (2,2) width 276: "Available on the Mac/PC/UNIX platforms !"
