layer at (0,0) size 800x600
  LayoutView at (0,0) size 800x600
layer at (0,0) size 800x600
  LayoutBlockFlow {HTML} at (0,0) size 800x600
    LayoutBlockFlow {BODY} at (8,8) size 784x584
      LayoutBlockFlow (anonymous) at (0,0) size 784x40
        LayoutText {#text} at (0,0) size 783x39
          text run at (0,0) width 528: "The table displayed is two rows by three columns. Each table row has been aligned "
          text run at (528,0) width 255: "left. The table has been assigned a width"
          text run at (0,20) width 237: "and border value so that it is easier to "
          text run at (237,20) width 113: "see the alignment."
        LayoutBR {BR} at (350,35) size 0x0
      LayoutTable {TABLE} at (0,40) size 300x56 [border: (1px outset #808080)]
        LayoutTableSection {TBODY} at (1,1) size 298x54
          LayoutTableRow {TR} at (0,2) size 298x24
            LayoutTableCell {TD} at (2,2) size 98x24 [border: (1px inset #808080)] [r=0 c=0 rs=1 cs=1]
              LayoutText {#text} at (17,2) size 64x19
                text run at (17,2) width 64: "Navigator"
            LayoutTableCell {TD} at (102,2) size 102x24 [border: (1px inset #808080)] [r=0 c=1 rs=1 cs=1]
              LayoutText {#text} at (17,2) size 68x19
                text run at (17,2) width 68: "Messenger"
            LayoutTableCell {TD} at (206,2) size 90x24 [border: (1px inset #808080)] [r=0 c=2 rs=1 cs=1]
              LayoutText {#text} at (18,2) size 54x19
                text run at (18,2) width 54: "Collabra"
          LayoutTableRow {TR} at (0,28) size 298x24
            LayoutTableCell {TD} at (2,28) size 98x24 [border: (1px inset #808080)] [r=1 c=0 rs=1 cs=1]
              LayoutText {#text} at (16,2) size 66x19
                text run at (16,2) width 66: "Composer"
            LayoutTableCell {TD} at (102,28) size 102x24 [border: (1px inset #808080)] [r=1 c=1 rs=1 cs=1]
              LayoutText {#text} at (22,2) size 58x19
                text run at (22,2) width 58: "Calendar"
            LayoutTableCell {TD} at (206,28) size 90x24 [border: (1px inset #808080)] [r=1 c=2 rs=1 cs=1]
              LayoutText {#text} at (15,2) size 60x19
                text run at (15,2) width 60: "Netcaster"
