layer at (0,0) size 800x600
  LayoutView at (0,0) size 800x600
layer at (0,0) size 800x600
  LayoutBlockFlow {HTML} at (0,0) size 800x600
    LayoutBlockFlow {BODY} at (8,8) size 784x584
      LayoutBlockFlow (anonymous) at (0,0) size 784x20
        LayoutText {#text} at (0,0) size 535x19
          text run at (0,0) width 535: "The TD tag uses the WIDTH attribute. The first table's TD width is set to 500 pixels."
        LayoutBR {BR} at (535,15) size 0x0
      LayoutTable {TABLE} at (0,20) size 610x56 [border: (1px outset #808080)]
        LayoutTableSection {TBODY} at (1,1) size 608x54
          LayoutTableRow {TR} at (0,2) size 608x24
            LayoutTableCell {TD} at (2,2) size 604x24 [border: (1px inset #808080)] [r=0 c=0 rs=1 cs=1]
              LayoutText {#text} at (2,2) size 245x19
                text run at (2,2) width 245: "Netscape Communicator Version 4.0.6"
          LayoutTableRow {TR} at (0,28) size 608x24
            LayoutTableCell {TD} at (2,28) size 604x24 [border: (1px inset #808080)] [r=1 c=0 rs=1 cs=1]
              LayoutText {#text} at (2,2) size 60x19
                text run at (2,2) width 60: "Platforms"
      LayoutBlockFlow (anonymous) at (0,76) size 784x40
        LayoutBR {BR} at (0,0) size 0x19
        LayoutText {#text} at (0,20) size 309x19
          text run at (0,20) width 309: "This second table's TD width is set to 200 pixels."
        LayoutBR {BR} at (309,35) size 0x0
      LayoutTable {TABLE} at (0,116) size 210x76 [border: (1px outset #808080)]
        LayoutTableSection {TBODY} at (1,1) size 208x74
          LayoutTableRow {TR} at (0,2) size 208x44
            LayoutTableCell {TD} at (2,2) size 204x44 [border: (1px inset #808080)] [r=0 c=0 rs=1 cs=1]
              LayoutText {#text} at (2,2) size 156x39
                text run at (2,2) width 156: "Netscape Communicator"
                text run at (2,22) width 85: "Version 4.0.6"
          LayoutTableRow {TR} at (0,48) size 208x24
            LayoutTableCell {TD} at (2,48) size 204x24 [border: (1px inset #808080)] [r=1 c=0 rs=1 cs=1]
              LayoutText {#text} at (2,2) size 60x19
                text run at (2,2) width 60: "Platforms"
