layer at (0,0) size 800x600
  LayoutView at (0,0) size 800x600
layer at (0,0) size 800x600
  LayoutBlockFlow {HTML} at (0,0) size 800x600
    LayoutBlockFlow {BODY} at (8,8) size 784x584
      LayoutBlockFlow (anonymous) at (0,0) size 784x40
        LayoutText {#text} at (0,0) size 752x39
          text run at (0,0) width 528: "The table displayed is two rows by three columns. Each table row has been aligned "
          text run at (528,0) width 224: "right. The table has been assigned a"
          text run at (0,20) width 277: "width and border value so that it is easier to "
          text run at (277,20) width 113: "see the alignment."
        LayoutBR {BR} at (390,35) size 0x0
      LayoutTable {TABLE} at (0,40) size 300x56 [border: (1px outset #808080)]
        LayoutTableSection {TBODY} at (1,1) size 298x54
          LayoutTableRow {TR} at (0,2) size 298x24
            LayoutTableCell {TD} at (2,2) size 98x24 [border: (1px inset #808080)] [r=0 c=0 rs=1 cs=1]
              LayoutText {#text} at (33,2) size 63x19
                text run at (33,2) width 63: "Navigator"
            LayoutTableCell {TD} at (102,2) size 102x24 [border: (1px inset #808080)] [r=0 c=1 rs=1 cs=1]
              LayoutText {#text} at (32,2) size 68x19
                text run at (32,2) width 68: "Messenger"
            LayoutTableCell {TD} at (206,2) size 90x24 [border: (1px inset #808080)] [r=0 c=2 rs=1 cs=1]
              LayoutText {#text} at (34,2) size 54x19
                text run at (34,2) width 54: "Collabra"
          LayoutTableRow {TR} at (0,28) size 298x24
            LayoutTableCell {TD} at (2,28) size 98x24 [border: (1px inset #808080)] [r=1 c=0 rs=1 cs=1]
              LayoutText {#text} at (31,2) size 65x19
                text run at (31,2) width 65: "Composer"
            LayoutTableCell {TD} at (102,28) size 102x24 [border: (1px inset #808080)] [r=1 c=1 rs=1 cs=1]
              LayoutText {#text} at (43,2) size 57x19
                text run at (43,2) width 57: "Calendar"
            LayoutTableCell {TD} at (206,28) size 90x24 [border: (1px inset #808080)] [r=1 c=2 rs=1 cs=1]
              LayoutText {#text} at (29,2) size 59x19
                text run at (29,2) width 59: "Netcaster"
