layer at (0,0) size 800x600
  LayoutView at (0,0) size 800x600
layer at (0,0) size 800x600
  LayoutBlockFlow {HTML} at (0,0) size 800x600
    LayoutBlockFlow {BODY} at (8,8) size 784x584
      LayoutBlockFlow {P} at (0,0) size 784x40
        LayoutText {#text} at (0,0) size 725x39
          text run at (0,0) width 725: "CELLPADDING specifies the amount of space between the border of the cell and its contents. The first table has a"
          text run at (0,20) width 442: "cellpadding value of 20%; the second table does not have cellpadding."
      LayoutTable {TABLE} at (0,56) size 205x132 [border: (1px outset #808080)]
        LayoutTableSection {TBODY} at (1,1) size 203x130
          LayoutTableRow {TR} at (0,2) size 203x62
            LayoutTableCell {TD} at (2,2) size 65x62 [border: (1px inset #808080)] [r=0 c=0 rs=1 cs=1]
              LayoutText {#text} at (21,21) size 23x19
                text run at (21,21) width 23: "text"
            LayoutTableCell {TD} at (69,2) size 65x62 [border: (1px inset #808080)] [r=0 c=1 rs=1 cs=1]
              LayoutText {#text} at (21,21) size 23x19
                text run at (21,21) width 23: "text"
            LayoutTableCell {TD} at (136,2) size 65x62 [border: (1px inset #808080)] [r=0 c=2 rs=1 cs=1]
              LayoutText {#text} at (21,21) size 23x19
                text run at (21,21) width 23: "text"
          LayoutTableRow {TR} at (0,66) size 203x62
            LayoutTableCell {TD} at (2,66) size 65x62 [border: (1px inset #808080)] [r=1 c=0 rs=1 cs=1]
              LayoutText {#text} at (21,21) size 23x19
                text run at (21,21) width 23: "text"
            LayoutTableCell {TD} at (69,66) size 65x62 [border: (1px inset #808080)] [r=1 c=1 rs=1 cs=1]
              LayoutText {#text} at (21,21) size 23x19
                text run at (21,21) width 23: "text"
            LayoutTableCell {TD} at (136,66) size 65x62 [border: (1px inset #808080)] [r=1 c=2 rs=1 cs=1]
              LayoutText {#text} at (21,21) size 23x19
                text run at (21,21) width 23: "text"
      LayoutBlockFlow (anonymous) at (0,188) size 784x40
        LayoutBR {BR} at (0,0) size 0x19
        LayoutBR {BR} at (0,20) size 0x19
      LayoutTable {TABLE} at (0,228) size 91x56 [border: (1px outset #808080)]
        LayoutTableSection {TBODY} at (1,1) size 89x54
          LayoutTableRow {TR} at (0,2) size 89x24
            LayoutTableCell {TD} at (2,2) size 27x24 [border: (1px inset #808080)] [r=0 c=0 rs=1 cs=1]
              LayoutText {#text} at (2,2) size 23x19
                text run at (2,2) width 23: "text"
            LayoutTableCell {TD} at (31,2) size 27x24 [border: (1px inset #808080)] [r=0 c=1 rs=1 cs=1]
              LayoutText {#text} at (2,2) size 23x19
                text run at (2,2) width 23: "text"
            LayoutTableCell {TD} at (60,2) size 27x24 [border: (1px inset #808080)] [r=0 c=2 rs=1 cs=1]
              LayoutText {#text} at (2,2) size 23x19
                text run at (2,2) width 23: "text"
          LayoutTableRow {TR} at (0,28) size 89x24
            LayoutTableCell {TD} at (2,28) size 27x24 [border: (1px inset #808080)] [r=1 c=0 rs=1 cs=1]
              LayoutText {#text} at (2,2) size 23x19
                text run at (2,2) width 23: "text"
            LayoutTableCell {TD} at (31,28) size 27x24 [border: (1px inset #808080)] [r=1 c=1 rs=1 cs=1]
              LayoutText {#text} at (2,2) size 23x19
                text run at (2,2) width 23: "text"
            LayoutTableCell {TD} at (60,28) size 27x24 [border: (1px inset #808080)] [r=1 c=2 rs=1 cs=1]
              LayoutText {#text} at (2,2) size 23x19
                text run at (2,2) width 23: "text"
