layer at (0,0) size 800x600
  LayoutView at (0,0) size 800x600
layer at (0,0) size 800x600
  LayoutBlockFlow {HTML} at (0,0) size 800x600
    LayoutBlockFlow {BODY} at (8,8) size 784x584
      LayoutBlockFlow {P} at (0,0) size 784x20
        LayoutText {#text} at (0,0) size 276x19
          text run at (0,0) width 276: "The caption should be at the top of the table"
      LayoutTable {TABLE} at (0,36) size 168x76 [border: (1px outset #808080)]
        LayoutBlockFlow {CAPTION} at (0,0) size 168x20
          LayoutText {#text} at (52,0) size 64x19
            text run at (52,0) width 64: "Wild Cats"
        LayoutTableSection {TBODY} at (1,21) size 166x54
          LayoutTableRow {TR} at (0,2) size 166x24
            LayoutTableCell {TD} at (2,2) size 45x24 [border: (1px inset #808080)] [r=0 c=0 rs=1 cs=1]
              LayoutText {#text} at (2,2) size 30x19
                text run at (2,2) width 30: "Lion"
            LayoutTableCell {TD} at (49,2) size 57x24 [border: (1px inset #808080)] [r=0 c=1 rs=1 cs=1]
              LayoutText {#text} at (2,2) size 53x19
                text run at (2,2) width 53: "Leopard"
            LayoutTableCell {TD} at (108,2) size 56x24 [border: (1px inset #808080)] [r=0 c=2 rs=1 cs=1]
              LayoutText {#text} at (2,2) size 52x19
                text run at (2,2) width 52: "Cheetah"
          LayoutTableRow {TR} at (0,28) size 166x24
            LayoutTableCell {TD} at (2,28) size 45x24 [border: (1px inset #808080)] [r=1 c=0 rs=1 cs=1]
              LayoutText {#text} at (2,2) size 41x19
                text run at (2,2) width 41: "Jaguar"
            LayoutTableCell {TD} at (49,28) size 57x24 [border: (1px inset #808080)] [r=1 c=1 rs=1 cs=1]
              LayoutText {#text} at (2,2) size 45x19
                text run at (2,2) width 45: "Bobcat"
            LayoutTableCell {TD} at (108,28) size 56x24 [border: (1px inset #808080)] [r=1 c=2 rs=1 cs=1]
              LayoutText {#text} at (2,2) size 42x19
                text run at (2,2) width 42: "Ocelot"
