layer at (0,0) size 800x600
  LayoutView at (0,0) size 800x600
layer at (0,0) size 800x600
  LayoutBlockFlow {HTML} at (0,0) size 800x600
    LayoutBlockFlow {BODY} at (8,8) size 784x584
      LayoutBlockFlow (anonymous) at (0,0) size 784x40
        LayoutText {#text} at (0,0) size 636x19
          text run at (0,0) width 636: "This table uses a ROWSPAN attribute in the first TD tag. The ROWSPAN attribute has a value of 2."
        LayoutBR {BR} at (635,15) size 1x0
        LayoutBR {BR} at (0,20) size 0x19
      LayoutTable {TABLE} at (0,40) size 268x56 [border: (1px outset #808080)]
        LayoutTableSection {TBODY} at (1,1) size 266x54
          LayoutTableRow {TR} at (0,2) size 266x24
            LayoutTableCell {TD} at (2,15) size 64x24 [border: (1px inset #808080)] [r=0 c=0 rs=2 cs=1]
              LayoutText {#text} at (2,2) size 60x19
                text run at (2,2) width 60: "Platforms"
            LayoutTableCell {TD} at (68,2) size 196x24 [border: (1px inset #808080)] [r=0 c=1 rs=1 cs=1]
              LayoutText {#text} at (2,2) size 192x19
                text run at (2,2) width 192: "Netscape Communicator 4.0.6"
          LayoutTableRow {TR} at (0,28) size 266x24
            LayoutTableCell {TD} at (68,28) size 196x24 [border: (1px inset #808080)] [r=1 c=1 rs=1 cs=1]
              LayoutText {#text} at (2,2) size 141x19
                text run at (2,2) width 141: "Available Everywhere"
