layer at (0,0) size 800x600
  LayoutView at (0,0) size 800x600
layer at (0,0) size 800x600
  LayoutBlockFlow {HTML} at (0,0) size 800x600
    LayoutBlockFlow {BODY} at (8,8) size 784x584
      LayoutBlockFlow (anonymous) at (0,0) size 784x40
        LayoutText {#text} at (0,0) size 776x39
          text run at (0,0) width 698: "The TD cell (The EggPlant Exchange) should not wrap when window is resized. However, the cell below the "
          text run at (697,0) width 79: "heading will"
          text run at (0,20) width 123: "wrap atuomatically."
        LayoutBR {BR} at (122,35) size 1x0
      LayoutTable {TABLE} at (0,40) size 244x56 [border: (1px outset #808080)]
        LayoutTableSection {TBODY} at (1,1) size 242x54
          LayoutTableRow {TR} at (0,2) size 242x24
            LayoutTableCell {TD} at (2,2) size 238x24 [border: (1px inset #808080)] [r=0 c=0 rs=1 cs=1]
              LayoutText {#text} at (2,2) size 153x19
                text run at (2,2) width 153: "The Eggplant Exchange"
          LayoutTableRow {TR} at (0,28) size 242x24
            LayoutTableCell {TD} at (2,28) size 238x24 [border: (1px inset #808080)] [r=1 c=0 rs=1 cs=1]
              LayoutText {#text} at (2,2) size 234x19
                text run at (2,2) width 234: "Lots of Recipies for Eggplant Lovers"
