layer at (0,0) size 800x600
  LayoutView at (0,0) size 800x600
layer at (0,0) size 800x600
  LayoutBlockFlow {HTML} at (0,0) size 800x600
    LayoutBlockFlow {BODY} at (8,8) size 784x584
      LayoutBlockFlow (anonymous) at (0,0) size 784x20
        LayoutText {#text} at (0,0) size 434x19
          text run at (0,0) width 434: "The table displayed is two rows by three columns with no alignment."
        LayoutBR {BR} at (434,15) size 0x0
      LayoutTable {TABLE} at (0,20) size 206x50
        LayoutTableSection {TBODY} at (0,0) size 206x50
          LayoutTableRow {TR} at (0,2) size 206x22
            LayoutTableCell {TD} at (2,2) size 67x22 [r=0 c=0 rs=1 cs=1]
              LayoutText {#text} at (1,1) size 63x19
                text run at (1,1) width 63: "Navigator"
            LayoutTableCell {TD} at (71,2) size 70x22 [r=0 c=1 rs=1 cs=1]
              LayoutText {#text} at (1,1) size 68x19
                text run at (1,1) width 68: "Messenger"
            LayoutTableCell {TD} at (143,2) size 61x22 [r=0 c=2 rs=1 cs=1]
              LayoutText {#text} at (1,1) size 54x19
                text run at (1,1) width 54: "Collabra"
          LayoutTableRow {TR} at (0,26) size 206x22
            LayoutTableCell {TD} at (2,26) size 67x22 [r=1 c=0 rs=1 cs=1]
              LayoutText {#text} at (1,1) size 65x19
                text run at (1,1) width 65: "Composer"
            LayoutTableCell {TD} at (71,26) size 70x22 [r=1 c=1 rs=1 cs=1]
              LayoutText {#text} at (1,1) size 57x19
                text run at (1,1) width 57: "Calendar"
            LayoutTableCell {TD} at (143,26) size 61x22 [r=1 c=2 rs=1 cs=1]
              LayoutText {#text} at (1,1) size 59x19
                text run at (1,1) width 59: "Netcaster"
