layer at (0,0) size 800x600
  LayoutView at (0,0) size 800x600
layer at (0,0) size 800x600
  LayoutBlockFlow {HTML} at (0,0) size 800x600
    LayoutBlockFlow {BODY} at (8,8) size 784x584
      LayoutTable {TABLE} at (0,0) size 784x30 [bgcolor=#00FF00] [border: (1px outset #808080)]
        LayoutTableSection {TBODY} at (1,1) size 782x28
          LayoutTableRow {TR} at (0,2) size 782x24
            LayoutTableCell {TD} at (2,2) size 388x24 [border: (1px inset #808080)] [r=0 c=0 rs=1 cs=1]
              LayoutText {#text} at (2,2) size 384x19
                text run at (2,2) width 384: "Here is a table with a lime background using the ID attribute."
            LayoutTableCell {TD} at (392,2) size 388x24 [border: (1px inset #808080)] [r=0 c=1 rs=1 cs=1]
              LayoutText {#text} at (2,2) size 384x19
                text run at (2,2) width 384: "Here is a table with a lime background using the ID attribute."
      LayoutBlockFlow (anonymous) at (0,30) size 784x40
        LayoutBR {BR} at (0,0) size 0x19
        LayoutBR {BR} at (0,20) size 0x19
      LayoutTable {TABLE} at (0,70) size 536x30 [border: (1px outset #808080)]
        LayoutTableSection {TBODY} at (1,1) size 534x28
          LayoutTableRow {TR} at (0,2) size 534x24
            LayoutTableCell {TD} at (2,2) size 264x24 [border: (1px inset #808080)] [r=0 c=0 rs=1 cs=1]
              LayoutText {#text} at (2,2) size 260x19
                text run at (2,2) width 260: "Here is a table with no ID attribute value."
            LayoutTableCell {TD} at (268,2) size 264x24 [border: (1px inset #808080)] [r=0 c=1 rs=1 cs=1]
              LayoutText {#text} at (2,2) size 260x19
                text run at (2,2) width 260: "Here is a table with no ID attribute value."
