layer at (0,0) size 800x600
  LayoutView at (0,0) size 800x600
layer at (0,0) size 800x600
  LayoutBlockFlow {HTML} at (0,0) size 800x600
    LayoutBlockFlow {BODY} at (8,8) size 784x584
      LayoutBlockFlow (anonymous) at (0,0) size 784x20
        LayoutText {#text} at (0,0) size 774x19
          text run at (0,0) width 774: "The TD tag uses the ALIGN attribute. The contents in the first TD tag (Netscape Communicator) should be aligned center."
      LayoutTable {TABLE} at (0,20) size 286x56 [border: (1px outset #808080)]
        LayoutTableSection {TBODY} at (1,1) size 284x54
          LayoutTableRow {TR} at (0,2) size 284x24
            LayoutTableCell {TD} at (2,2) size 280x24 [border: (1px inset #808080)] [r=0 c=0 rs=1 cs=1]
              LayoutText {#text} at (62,2) size 156x19
                text run at (62,2) width 156: "Netscape Communicator"
          LayoutTableRow {TR} at (0,28) size 284x24
            LayoutTableCell {TD} at (2,28) size 280x24 [border: (1px inset #808080)] [r=1 c=0 rs=1 cs=1]
              LayoutText {#text} at (2,2) size 276x19
                text run at (2,2) width 276: "Available on the Mac/PC/UNIX platforms !"
