layer at (0,0) size 800x600
  LayoutView at (0,0) size 800x600
layer at (0,0) size 800x600
  LayoutBlockFlow {HTML} at (0,0) size 800x600
    LayoutBlockFlow {BODY} at (8,8) size 784x584
      LayoutBlockFlow (anonymous) at (0,0) size 784x40
        LayoutText {#text} at (0,0) size 598x19
          text run at (0,0) width 598: "This table uses a COLSPAN attribute in the TD tag. The COLSPAN attribute has a value of 6."
        LayoutBR {BR} at (597,15) size 1x0
        LayoutBR {BR} at (0,20) size 0x19
      LayoutTable {TABLE} at (0,40) size 346x56 [border: (1px outset #808080)]
        LayoutTableSection {TBODY} at (1,1) size 344x54
          LayoutTableRow {TR} at (0,2) size 344x24
            LayoutTableCell {TD} at (2,2) size 340x24 [border: (1px inset #808080)] [r=0 c=0 rs=1 cs=6]
              LayoutText {#text} at (2,2) size 256x19
                text run at (2,2) width 256: "Netscape Communicator 4.0.6 Platforms"
          LayoutTableRow {TR} at (0,28) size 344x24
            LayoutTableCell {TD} at (2,28) size 60x24 [border: (1px inset #808080)] [r=1 c=0 rs=1 cs=1]
              LayoutText {#text} at (2,2) size 56x19
                text run at (2,2) width 56: "Mac 68k"
            LayoutTableCell {TD} at (64,28) size 77x24 [border: (1px inset #808080)] [r=1 c=1 rs=1 cs=1]
              LayoutText {#text} at (2,2) size 73x19
                text run at (2,2) width 73: "Power Mac"
            LayoutTableCell {TD} at (143,28) size 55x24 [border: (1px inset #808080)] [r=1 c=2 rs=1 cs=1]
              LayoutText {#text} at (2,2) size 51x19
                text run at (2,2) width 51: "Win 3.1"
            LayoutTableCell {TD} at (200,28) size 51x24 [border: (1px inset #808080)] [r=1 c=3 rs=1 cs=1]
              LayoutText {#text} at (2,2) size 47x19
                text run at (2,2) width 47: "Win 95"
            LayoutTableCell {TD} at (253,28) size 51x24 [border: (1px inset #808080)] [r=1 c=4 rs=1 cs=1]
              LayoutText {#text} at (2,2) size 47x19
                text run at (2,2) width 47: "Win 98"
            LayoutTableCell {TD} at (306,28) size 36x24 [border: (1px inset #808080)] [r=1 c=5 rs=1 cs=1]
              LayoutText {#text} at (2,2) size 32x19
                text run at (2,2) width 32: "Unix"
