layer at (0,0) size 800x600
  LayoutView at (0,0) size 800x600
layer at (0,0) size 800x600
  LayoutBlockFlow {HTML} at (0,0) size 800x600
    LayoutBlockFlow {BODY} at (8,8) size 784x584
      LayoutBlockFlow {P} at (0,0) size 784x40
        LayoutText {#text} at (0,0) size 770x39
          text run at (0,0) width 770: "The TBODY element defines the table body within a table. In this test, the numbers contained in the TBODY cells should"
          text run at (0,20) width 167: "align on the decimal point."
      LayoutTable {TABLE} at (0,56) size 526x108 [border: (1px outset #808080)]
        LayoutTableSection {THEAD} at (1,1) size 524x28
          LayoutTableRow {TR} at (0,2) size 524x24
            LayoutTableCell {TD} at (2,2) size 172x24 [border: (1px inset #808080)] [r=0 c=0 rs=1 cs=1]
              LayoutText {#text} at (2,2) size 168x19
                text run at (2,2) width 168: "This text is in the THEAD"
            LayoutTableCell {TD} at (176,2) size 172x24 [border: (1px inset #808080)] [r=0 c=1 rs=1 cs=1]
              LayoutText {#text} at (2,2) size 168x19
                text run at (2,2) width 168: "This text is in the THEAD"
            LayoutTableCell {TD} at (350,2) size 172x24 [border: (1px inset #808080)] [r=0 c=2 rs=1 cs=1]
              LayoutText {#text} at (2,2) size 168x19
                text run at (2,2) width 168: "This text is in the THEAD"
        LayoutTableSection {TFOOT} at (1,81) size 524x26
          LayoutTableRow {TR} at (0,0) size 524x24
            LayoutTableCell {TD} at (2,0) size 172x24 [border: (1px inset #808080)] [r=0 c=0 rs=1 cs=1]
              LayoutText {#text} at (2,2) size 165x19
                text run at (2,2) width 165: "This text is in the TFOOT"
            LayoutTableCell {TD} at (176,0) size 172x24 [border: (1px inset #808080)] [r=0 c=1 rs=1 cs=1]
              LayoutText {#text} at (2,2) size 165x19
                text run at (2,2) width 165: "This text is in the TFOOT"
            LayoutTableCell {TD} at (350,0) size 172x24 [border: (1px inset #808080)] [r=0 c=2 rs=1 cs=1]
              LayoutText {#text} at (2,2) size 165x19
                text run at (2,2) width 165: "This text is in the TFOOT"
        LayoutTableSection {TBODY} at (1,29) size 524x52
          LayoutTableRow {TR} at (0,0) size 524x24
            LayoutTableCell {TD} at (2,0) size 172x24 [border: (1px inset #808080)] [r=0 c=0 rs=1 cs=1]
              LayoutText {#text} at (2,2) size 36x19
                text run at (2,2) width 36: "55.00"
            LayoutTableCell {TD} at (176,0) size 172x24 [border: (1px inset #808080)] [r=0 c=1 rs=1 cs=1]
              LayoutText {#text} at (2,2) size 60x19
                text run at (2,2) width 60: "55555.00"
            LayoutTableCell {TD} at (350,0) size 172x24 [border: (1px inset #808080)] [r=0 c=2 rs=1 cs=1]
              LayoutText {#text} at (2,2) size 44x19
                text run at (2,2) width 44: "555.00"
          LayoutTableRow {TR} at (0,26) size 524x24
            LayoutTableCell {TD} at (2,26) size 172x24 [border: (1px inset #808080)] [r=1 c=0 rs=1 cs=1]
              LayoutText {#text} at (2,2) size 52x19
                text run at (2,2) width 52: "1234.56"
            LayoutTableCell {TD} at (176,26) size 172x24 [border: (1px inset #808080)] [r=1 c=1 rs=1 cs=1]
              LayoutText {#text} at (2,2) size 44x19
                text run at (2,2) width 44: "123.45"
            LayoutTableCell {TD} at (350,26) size 172x24 [border: (1px inset #808080)] [r=1 c=2 rs=1 cs=1]
              LayoutText {#text} at (2,2) size 60x19
                text run at (2,2) width 60: "12345.67"
        LayoutTableSection {TBODY} at (1,81) size 524x0
