layer at (0,0) size 800x600
  LayoutView at (0,0) size 800x600
layer at (0,0) size 800x600
  LayoutBlockFlow {HTML} at (0,0) size 800x600
    LayoutBlockFlow {BODY} at (8,8) size 784x584
      LayoutBlockFlow {P} at (0,0) size 784x40
        LayoutText {#text} at (0,0) size 755x39
          text run at (0,0) width 755: "The TFOOT element defines a table footer within a table. In this test, the numbers contained in the TFOOT cells should"
          text run at (0,20) width 167: "align on the decimal point."
      LayoutTable {TABLE} at (0,56) size 529x108 [border: (1px outset #808080)]
        LayoutTableSection {THEAD} at (1,1) size 527x28
          LayoutTableRow {TR} at (0,2) size 527x24
            LayoutTableCell {TD} at (2,2) size 173x24 [border: (1px inset #808080)] [r=0 c=0 rs=1 cs=1]
              LayoutText {#text} at (2,2) size 168x19
                text run at (2,2) width 168: "This text is in the THEAD"
            LayoutTableCell {TD} at (177,2) size 173x24 [border: (1px inset #808080)] [r=0 c=1 rs=1 cs=1]
              LayoutText {#text} at (2,2) size 168x19
                text run at (2,2) width 168: "This text is in the THEAD"
            LayoutTableCell {TD} at (352,2) size 173x24 [border: (1px inset #808080)] [r=0 c=2 rs=1 cs=1]
              LayoutText {#text} at (2,2) size 168x19
                text run at (2,2) width 168: "This text is in the THEAD"
        LayoutTableSection {TFOOT} at (1,55) size 527x52
          LayoutTableRow {TR} at (0,0) size 527x24
            LayoutTableCell {TD} at (2,0) size 173x24 [border: (1px inset #808080)] [r=0 c=0 rs=1 cs=1]
              LayoutText {#text} at (2,2) size 36x19
                text run at (2,2) width 36: "55.00"
            LayoutTableCell {TD} at (177,0) size 173x24 [border: (1px inset #808080)] [r=0 c=1 rs=1 cs=1]
              LayoutText {#text} at (2,2) size 60x19
                text run at (2,2) width 60: "55555.00"
            LayoutTableCell {TD} at (352,0) size 173x24 [border: (1px inset #808080)] [r=0 c=2 rs=1 cs=1]
              LayoutText {#text} at (2,2) size 44x19
                text run at (2,2) width 44: "555.00"
          LayoutTableRow {TR} at (0,26) size 527x24
            LayoutTableCell {TD} at (2,26) size 173x24 [border: (1px inset #808080)] [r=1 c=0 rs=1 cs=1]
              LayoutText {#text} at (2,2) size 52x19
                text run at (2,2) width 52: "1234.56"
            LayoutTableCell {TD} at (177,26) size 173x24 [border: (1px inset #808080)] [r=1 c=1 rs=1 cs=1]
              LayoutText {#text} at (2,2) size 44x19
                text run at (2,2) width 44: "123.45"
            LayoutTableCell {TD} at (352,26) size 173x24 [border: (1px inset #808080)] [r=1 c=2 rs=1 cs=1]
              LayoutText {#text} at (2,2) size 60x19
                text run at (2,2) width 60: "12345.67"
        LayoutTableSection {TBODY} at (1,29) size 527x26
          LayoutTableRow {TR} at (0,0) size 527x24
            LayoutTableCell {TD} at (2,0) size 173x24 [border: (1px inset #808080)] [r=0 c=0 rs=1 cs=1]
              LayoutText {#text} at (2,2) size 169x19
                text run at (2,2) width 169: "This text is in the TBODY"
            LayoutTableCell {TD} at (177,0) size 173x24 [border: (1px inset #808080)] [r=0 c=1 rs=1 cs=1]
              LayoutText {#text} at (2,2) size 169x19
                text run at (2,2) width 169: "This text is in the TBODY"
            LayoutTableCell {TD} at (352,0) size 173x24 [border: (1px inset #808080)] [r=0 c=2 rs=1 cs=1]
              LayoutText {#text} at (2,2) size 169x19
                text run at (2,2) width 169: "This text is in the TBODY"
        LayoutTableSection {TBODY} at (1,55) size 527x0
