layer at (0,0) size 800x600
  LayoutView at (0,0) size 800x600
layer at (0,0) size 800x600
  LayoutBlockFlow {HTML} at (0,0) size 800x600
    LayoutBlockFlow {BODY} at (8,8) size 784x584
      LayoutBlockFlow {P} at (0,0) size 784x40
        LayoutText {#text} at (0,0) size 667x39
          text run at (0,0) width 667: "The THEAD element labels the head area of a table. In this test, the THEAD text has an attribute value of"
          text run at (0,20) width 629: "ALIGN=JUSTIFY. ALIGN-JUSTIFY should attempt to justify text within all cells of the THEAD."
      LayoutTable {TABLE} at (0,56) size 692x82 [border: (1px outset #808080)]
        LayoutTableSection {THEAD} at (1,1) size 690x28
          LayoutTableRow {TR} at (0,2) size 690x24
            LayoutTableCell {TD} at (2,2) size 342x24 [border: (1px inset #808080)] [r=0 c=0 rs=1 cs=1]
              LayoutText {#text} at (2,2) size 168x19
                text run at (2,2) width 168: "This text is in the THEAD"
            LayoutTableCell {TD} at (346,2) size 342x24 [border: (1px inset #808080)] [r=0 c=1 rs=1 cs=1]
              LayoutText {#text} at (2,2) size 168x19
                text run at (2,2) width 168: "This text is in the THEAD"
        LayoutTableSection {TFOOT} at (1,55) size 690x26
          LayoutTableRow {TR} at (0,0) size 690x24
            LayoutTableCell {TD} at (2,0) size 342x24 [border: (1px inset #808080)] [r=0 c=0 rs=1 cs=1]
              LayoutText {#text} at (2,2) size 330x19
                text run at (2,2) width 330: "This text is in the TFOOTThis text is in the TFOOT"
            LayoutTableCell {TD} at (346,0) size 342x24 [border: (1px inset #808080)] [r=0 c=1 rs=1 cs=1]
              LayoutText {#text} at (2,2) size 330x19
                text run at (2,2) width 330: "This text is in the TFOOTThis text is in the TFOOT"
        LayoutTableSection {TBODY} at (1,29) size 690x26
          LayoutTableRow {TR} at (0,0) size 690x24
            LayoutTableCell {TD} at (2,0) size 342x24 [border: (1px inset #808080)] [r=0 c=0 rs=1 cs=1]
              LayoutText {#text} at (2,2) size 338x19
                text run at (2,2) width 338: "This text is in the TBODYThis text is in the TBODY"
            LayoutTableCell {TD} at (346,0) size 342x24 [border: (1px inset #808080)] [r=0 c=1 rs=1 cs=1]
              LayoutText {#text} at (2,2) size 338x19
                text run at (2,2) width 338: "This text is in the TBODYThis text is in the TBODY"
        LayoutTableSection {TBODY} at (1,55) size 690x0
