layer at (0,0) size 800x600
  LayoutView at (0,0) size 800x600
layer at (0,0) size 800x275
  LayoutBlockFlow {html} at (0,0) size 800x275
    LayoutBlockFlow {body} at (8,16) size 784x251
      LayoutBlockFlow {p} at (0,0) size 784x20
        LayoutText {#text} at (0,0) size 194x19
          text run at (0,0) width 194: "COLGROUP VALIGN=TOP"
      LayoutTable {table} at (0,36) size 657x215 [border: (1px outset #808080)]
        LayoutTableCol {colgroup} at (0,0) size 0x0
          LayoutTableCol {col} at (0,0) size 0x0
          LayoutTableCol {col} at (0,0) size 0x0
        LayoutTableSection (anonymous) at (1,1) size 655x213
          LayoutTableRow {tr} at (0,2) size 655x209
            LayoutTableCell {td} at (2,2) size 204x209 [border: (1px inset #808080)] [r=0 c=0 rs=1 cs=1]
              LayoutImage {img} at (2,2) size 200x200
            LayoutTableCell {td} at (208,94) size 445x24 [border: (1px inset #808080)] [r=0 c=1 rs=1 cs=1]
              LayoutText {#text} at (2,2) size 441x19
                text run at (2,2) width 380: "The top of this text should be vertically aligned to the top of "
                text run at (382,2) width 61: "the image"
