layer at (0,0) size 800x600
  LayoutView at (0,0) size 800x600
layer at (0,0) size 800x150
  LayoutBlockFlow {html} at (0,0) size 800x150
    LayoutBlockFlow {body} at (8,16) size 784x126
      LayoutBlockFlow {p} at (0,0) size 784x20
        LayoutText {#text} at (0,0) size 478x19
          text run at (0,0) width 402: "There should be no rules between any rows and columns in the "
          text run at (402,0) width 76: "table below."
      LayoutTable {table} at (0,36) size 182x90 [border: none]
        LayoutTableCol {colgroup} at (0,0) size 0x0
          LayoutTableCol {col} at (0,0) size 0x0
        LayoutTableCol {colgroup} at (0,0) size 0x0
          LayoutTableCol {col} at (0,0) size 0x0
        LayoutTableCol {colgroup} at (0,0) size 0x0
          LayoutTableCol {col} at (0,0) size 0x0
        LayoutTableSection {thead} at (0,0) size 181x23
          LayoutTableRow {tr} at (0,0) size 181x23
            LayoutTableCell {th} at (0,0) size 61x23 [border: (1px none #000000)] [r=0 c=0 rs=1 cs=1]
              LayoutText {#text} at (2,2) size 58x19
                text run at (2,2) width 58: "THEAD"
            LayoutTableCell {th} at (61,0) size 60x23 [border: (1px none #000000)] [r=0 c=1 rs=1 cs=1]
              LayoutText {#text} at (1,2) size 58x19
                text run at (1,2) width 58: "THEAD"
            LayoutTableCell {th} at (121,0) size 60x23 [border: (1px none #000000)] [r=0 c=2 rs=1 cs=1]
              LayoutText {#text} at (1,2) size 58x19
                text run at (1,2) width 58: "THEAD"
        LayoutTableSection {tfoot} at (0,67) size 181x22
          LayoutTableRow {tr} at (0,0) size 181x22
            LayoutTableCell {td} at (0,0) size 61x22 [border: none] [r=0 c=0 rs=1 cs=1]
              LayoutText {#text} at (2,1) size 53x19
                text run at (2,1) width 53: "TFOOT"
            LayoutTableCell {td} at (61,0) size 60x22 [r=0 c=1 rs=1 cs=1]
              LayoutText {#text} at (1,1) size 53x19
                text run at (1,1) width 53: "TFOOT"
            LayoutTableCell {td} at (121,0) size 60x22 [r=0 c=2 rs=1 cs=1]
              LayoutText {#text} at (1,1) size 53x19
                text run at (1,1) width 53: "TFOOT"
        LayoutTableSection {tbody} at (0,23) size 181x44
          LayoutTableRow {tr} at (0,0) size 181x22
            LayoutTableCell {td} at (0,0) size 61x22 [border: none] [r=0 c=0 rs=1 cs=1]
              LayoutText {#text} at (2,1) size 57x19
                text run at (2,1) width 57: "TBODY"
            LayoutTableCell {td} at (61,0) size 60x22 [r=0 c=1 rs=1 cs=1]
              LayoutText {#text} at (1,1) size 57x19
                text run at (1,1) width 57: "TBODY"
            LayoutTableCell {td} at (121,0) size 60x22 [r=0 c=2 rs=1 cs=1]
              LayoutText {#text} at (1,1) size 57x19
                text run at (1,1) width 57: "TBODY"
          LayoutTableRow {tr} at (0,22) size 181x22
            LayoutTableCell {td} at (0,22) size 61x22 [border: none] [r=1 c=0 rs=1 cs=1]
              LayoutText {#text} at (2,1) size 57x19
                text run at (2,1) width 57: "TBODY"
            LayoutTableCell {td} at (61,22) size 60x22 [r=1 c=1 rs=1 cs=1]
              LayoutText {#text} at (1,1) size 57x19
                text run at (1,1) width 57: "TBODY"
            LayoutTableCell {td} at (121,22) size 60x22 [r=1 c=2 rs=1 cs=1]
              LayoutText {#text} at (1,1) size 57x19
                text run at (1,1) width 57: "TBODY"
