layer at (0,0) size 800x600
  LayoutView at (0,0) size 800x600
layer at (0,0) size 800x152
  LayoutBlockFlow {html} at (0,0) size 800x152
    LayoutBlockFlow {body} at (8,16) size 784x128
      LayoutBlockFlow {p} at (0,0) size 784x20
        LayoutText {#text} at (0,0) size 484x19
          text run at (0,0) width 408: "There should be rules around each row and column group in the "
          text run at (408,0) width 76: "table below."
      LayoutTable {table} at (0,36) size 184x92 [border: none]
        LayoutTableCol {colgroup} at (0,0) size 0x0 [border: none (1px solid #000000) none (1px solid #000000)]
          LayoutTableCol {col} at (0,0) size 0x0
        LayoutTableCol {colgroup} at (0,0) size 0x0 [border: none (1px solid #000000) none (1px solid #000000)]
          LayoutTableCol {col} at (0,0) size 0x0
        LayoutTableCol {colgroup} at (0,0) size 0x0 [border: none (1px solid #000000) none (1px solid #000000)]
          LayoutTableCol {col} at (0,0) size 0x0
        LayoutTableSection {thead} at (0,0) size 183x23 [border: (1px solid #808080) none (1px solid #808080) none]
          LayoutTableRow {tr} at (0,0) size 183x23
            LayoutTableCell {th} at (0,0) size 61x23 [border: (1px none #000000)] [r=0 c=0 rs=1 cs=1]
              LayoutText {#text} at (2,2) size 58x19
                text run at (2,2) width 58: "THEAD"
            LayoutTableCell {th} at (61,0) size 61x23 [border: (1px none #000000)] [r=0 c=1 rs=1 cs=1]
              LayoutText {#text} at (2,2) size 58x19
                text run at (2,2) width 58: "THEAD"
            LayoutTableCell {th} at (122,0) size 61x23 [border: (1px none #000000)] [r=0 c=2 rs=1 cs=1]
              LayoutText {#text} at (2,2) size 58x19
                text run at (2,2) width 58: "THEAD"
        LayoutTableSection {tfoot} at (0,68) size 183x23 [border: (1px solid #808080) none (1px solid #808080) none]
          LayoutTableRow {tr} at (0,0) size 183x23
            LayoutTableCell {td} at (0,0) size 61x23 [border: (1px none #000000)] [r=0 c=0 rs=1 cs=1]
              LayoutText {#text} at (2,2) size 53x19
                text run at (2,2) width 53: "TFOOT"
            LayoutTableCell {td} at (61,0) size 61x23 [border: (1px none #000000)] [r=0 c=1 rs=1 cs=1]
              LayoutText {#text} at (2,2) size 53x19
                text run at (2,2) width 53: "TFOOT"
            LayoutTableCell {td} at (122,0) size 61x23 [border: (1px none #000000)] [r=0 c=2 rs=1 cs=1]
              LayoutText {#text} at (2,2) size 53x19
                text run at (2,2) width 53: "TFOOT"
        LayoutTableSection {tbody} at (0,23) size 183x45 [border: (1px solid #808080) none (1px solid #808080) none]
          LayoutTableRow {tr} at (0,0) size 183x23
            LayoutTableCell {td} at (0,0) size 61x23 [border: (1px none #000000)] [r=0 c=0 rs=1 cs=1]
              LayoutText {#text} at (2,2) size 57x19
                text run at (2,2) width 57: "TBODY"
            LayoutTableCell {td} at (61,0) size 61x23 [border: (1px none #000000)] [r=0 c=1 rs=1 cs=1]
              LayoutText {#text} at (2,2) size 57x19
                text run at (2,2) width 57: "TBODY"
            LayoutTableCell {td} at (122,0) size 61x23 [border: (1px none #000000)] [r=0 c=2 rs=1 cs=1]
              LayoutText {#text} at (2,2) size 57x19
                text run at (2,2) width 57: "TBODY"
          LayoutTableRow {tr} at (0,23) size 183x22
            LayoutTableCell {td} at (0,23) size 61x22 [border: none] [r=1 c=0 rs=1 cs=1]
              LayoutText {#text} at (2,1) size 57x19
                text run at (2,1) width 57: "TBODY"
            LayoutTableCell {td} at (61,23) size 61x22 [border: none] [r=1 c=1 rs=1 cs=1]
              LayoutText {#text} at (2,1) size 57x19
                text run at (2,1) width 57: "TBODY"
            LayoutTableCell {td} at (122,23) size 61x22 [border: none] [r=1 c=2 rs=1 cs=1]
              LayoutText {#text} at (2,1) size 57x19
                text run at (2,1) width 57: "TBODY"
