layer at (0,0) size 800x600 clip at (0,0) size 785x600 scrollHeight 1736
  LayoutView at (0,0) size 800x600
layer at (0,0) size 785x1736 backgroundClip at (0,0) size 785x600 clip at (0,0) size 785x600
  LayoutBlockFlow {html} at (0,0) size 785x1736
    LayoutBlockFlow {body} at (8,16) size 769x1712 [bgcolor=#FFFFFF]
      LayoutBlockFlow {p} at (0,0) size 769x20
        LayoutText {#text} at (0,0) size 268x19
          text run at (0,0) width 268: "Black table with a white body background"
      LayoutTable {table} at (0,36) size 418x56 [bgcolor=#000000] [border: (1px outset #808080)]
        LayoutTableSection (anonymous) at (1,1) size 416x54
          LayoutTableRow {tr} at (0,2) size 416x24
            LayoutTableCell {td} at (2,2) size 136x24 [border: (1px inset #808080)] [r=0 c=0 rs=1 cs=1]
              LayoutText {#text} at (2,2) size 132x19
                text run at (2,2) width 132: "table table table table"
            LayoutTableCell {td} at (140,2) size 136x24 [border: (1px inset #808080)] [r=0 c=1 rs=1 cs=1]
              LayoutText {#text} at (2,2) size 132x19
                text run at (2,2) width 132: "table table table table"
            LayoutTableCell {td} at (278,2) size 136x24 [border: (1px inset #808080)] [r=0 c=2 rs=1 cs=1]
              LayoutText {#text} at (2,2) size 132x19
                text run at (2,2) width 132: "table table table table"
          LayoutTableRow {tr} at (0,28) size 416x24
            LayoutTableCell {td} at (2,28) size 136x24 [border: (1px inset #808080)] [r=1 c=0 rs=1 cs=1]
              LayoutText {#text} at (2,2) size 132x19
                text run at (2,2) width 132: "table table table table"
            LayoutTableCell {td} at (140,28) size 136x24 [border: (1px inset #808080)] [r=1 c=1 rs=1 cs=1]
              LayoutText {#text} at (2,2) size 132x19
                text run at (2,2) width 132: "table table table table"
            LayoutTableCell {td} at (278,28) size 136x24 [border: (1px inset #808080)] [r=1 c=2 rs=1 cs=1]
              LayoutText {#text} at (2,2) size 132x19
                text run at (2,2) width 132: "table table table table"
      LayoutBlockFlow {p} at (0,108) size 769x20
        LayoutText {#text} at (0,0) size 268x19
          text run at (0,0) width 268: "Silver table with a white body background"
      LayoutTable {table} at (0,144) size 418x56 [bgcolor=#C0C0C0] [border: (1px outset #808080)]
        LayoutTableSection (anonymous) at (1,1) size 416x54
          LayoutTableRow {tr} at (0,2) size 416x24
            LayoutTableCell {td} at (2,2) size 136x24 [border: (1px inset #808080)] [r=0 c=0 rs=1 cs=1]
              LayoutText {#text} at (2,2) size 132x19
                text run at (2,2) width 132: "table table table table"
            LayoutTableCell {td} at (140,2) size 136x24 [border: (1px inset #808080)] [r=0 c=1 rs=1 cs=1]
              LayoutText {#text} at (2,2) size 132x19
                text run at (2,2) width 132: "table table table table"
            LayoutTableCell {td} at (278,2) size 136x24 [border: (1px inset #808080)] [r=0 c=2 rs=1 cs=1]
              LayoutText {#text} at (2,2) size 132x19
                text run at (2,2) width 132: "table table table table"
          LayoutTableRow {tr} at (0,28) size 416x24
            LayoutTableCell {td} at (2,28) size 136x24 [border: (1px inset #808080)] [r=1 c=0 rs=1 cs=1]
              LayoutText {#text} at (2,2) size 132x19
                text run at (2,2) width 132: "table table table table"
            LayoutTableCell {td} at (140,28) size 136x24 [border: (1px inset #808080)] [r=1 c=1 rs=1 cs=1]
              LayoutText {#text} at (2,2) size 132x19
                text run at (2,2) width 132: "table table table table"
            LayoutTableCell {td} at (278,28) size 136x24 [border: (1px inset #808080)] [r=1 c=2 rs=1 cs=1]
              LayoutText {#text} at (2,2) size 132x19
                text run at (2,2) width 132: "table table table table"
      LayoutBlockFlow {p} at (0,216) size 769x20
        LayoutText {#text} at (0,0) size 263x19
          text run at (0,0) width 263: "Gray table with a white body background"
      LayoutTable {table} at (0,252) size 418x56 [bgcolor=#808080] [border: (1px outset #808080)]
        LayoutTableSection (anonymous) at (1,1) size 416x54
          LayoutTableRow {tr} at (0,2) size 416x24
            LayoutTableCell {td} at (2,2) size 136x24 [border: (1px inset #808080)] [r=0 c=0 rs=1 cs=1]
              LayoutText {#text} at (2,2) size 132x19
                text run at (2,2) width 132: "table table table table"
            LayoutTableCell {td} at (140,2) size 136x24 [border: (1px inset #808080)] [r=0 c=1 rs=1 cs=1]
              LayoutText {#text} at (2,2) size 132x19
                text run at (2,2) width 132: "table table table table"
            LayoutTableCell {td} at (278,2) size 136x24 [border: (1px inset #808080)] [r=0 c=2 rs=1 cs=1]
              LayoutText {#text} at (2,2) size 132x19
                text run at (2,2) width 132: "table table table table"
          LayoutTableRow {tr} at (0,28) size 416x24
            LayoutTableCell {td} at (2,28) size 136x24 [border: (1px inset #808080)] [r=1 c=0 rs=1 cs=1]
              LayoutText {#text} at (2,2) size 132x19
                text run at (2,2) width 132: "table table table table"
            LayoutTableCell {td} at (140,28) size 136x24 [border: (1px inset #808080)] [r=1 c=1 rs=1 cs=1]
              LayoutText {#text} at (2,2) size 132x19
                text run at (2,2) width 132: "table table table table"
            LayoutTableCell {td} at (278,28) size 136x24 [border: (1px inset #808080)] [r=1 c=2 rs=1 cs=1]
              LayoutText {#text} at (2,2) size 132x19
                text run at (2,2) width 132: "table table table table"
      LayoutBlockFlow {p} at (0,324) size 769x20
        LayoutText {#text} at (0,0) size 269x19
          text run at (0,0) width 269: "White table with a white body background"
      LayoutTable {table} at (0,360) size 418x56 [border: (1px outset #808080)]
        LayoutTableSection (anonymous) at (1,1) size 416x54
          LayoutTableRow {tr} at (0,2) size 416x24
            LayoutTableCell {td} at (2,2) size 136x24 [border: (1px inset #808080)] [r=0 c=0 rs=1 cs=1]
              LayoutText {#text} at (2,2) size 132x19
                text run at (2,2) width 132: "table table table table"
            LayoutTableCell {td} at (140,2) size 136x24 [border: (1px inset #808080)] [r=0 c=1 rs=1 cs=1]
              LayoutText {#text} at (2,2) size 132x19
                text run at (2,2) width 132: "table table table table"
            LayoutTableCell {td} at (278,2) size 136x24 [border: (1px inset #808080)] [r=0 c=2 rs=1 cs=1]
              LayoutText {#text} at (2,2) size 132x19
                text run at (2,2) width 132: "table table table table"
          LayoutTableRow {tr} at (0,28) size 416x24
            LayoutTableCell {td} at (2,28) size 136x24 [border: (1px inset #808080)] [r=1 c=0 rs=1 cs=1]
              LayoutText {#text} at (2,2) size 132x19
                text run at (2,2) width 132: "table table table table"
            LayoutTableCell {td} at (140,28) size 136x24 [border: (1px inset #808080)] [r=1 c=1 rs=1 cs=1]
              LayoutText {#text} at (2,2) size 132x19
                text run at (2,2) width 132: "table table table table"
            LayoutTableCell {td} at (278,28) size 136x24 [border: (1px inset #808080)] [r=1 c=2 rs=1 cs=1]
              LayoutText {#text} at (2,2) size 132x19
                text run at (2,2) width 132: "table table table table"
      LayoutBlockFlow {p} at (0,432) size 769x20
        LayoutText {#text} at (0,0) size 281x19
          text run at (0,0) width 281: "Maroon table with a white body background"
      LayoutTable {table} at (0,468) size 418x56 [bgcolor=#800000] [border: (1px outset #808080)]
        LayoutTableSection (anonymous) at (1,1) size 416x54
          LayoutTableRow {tr} at (0,2) size 416x24
            LayoutTableCell {td} at (2,2) size 136x24 [border: (1px inset #808080)] [r=0 c=0 rs=1 cs=1]
              LayoutText {#text} at (2,2) size 132x19
                text run at (2,2) width 132: "table table table table"
            LayoutTableCell {td} at (140,2) size 136x24 [border: (1px inset #808080)] [r=0 c=1 rs=1 cs=1]
              LayoutText {#text} at (2,2) size 132x19
                text run at (2,2) width 132: "table table table table"
            LayoutTableCell {td} at (278,2) size 136x24 [border: (1px inset #808080)] [r=0 c=2 rs=1 cs=1]
              LayoutText {#text} at (2,2) size 132x19
                text run at (2,2) width 132: "table table table table"
          LayoutTableRow {tr} at (0,28) size 416x24
            LayoutTableCell {td} at (2,28) size 136x24 [border: (1px inset #808080)] [r=1 c=0 rs=1 cs=1]
              LayoutText {#text} at (2,2) size 132x19
                text run at (2,2) width 132: "table table table table"
            LayoutTableCell {td} at (140,28) size 136x24 [border: (1px inset #808080)] [r=1 c=1 rs=1 cs=1]
              LayoutText {#text} at (2,2) size 132x19
                text run at (2,2) width 132: "table table table table"
            LayoutTableCell {td} at (278,28) size 136x24 [border: (1px inset #808080)] [r=1 c=2 rs=1 cs=1]
              LayoutText {#text} at (2,2) size 132x19
                text run at (2,2) width 132: "table table table table"
      LayoutBlockFlow {p} at (0,540) size 769x20
        LayoutText {#text} at (0,0) size 257x19
          text run at (0,0) width 257: "Red table with a white body background"
      LayoutTable {table} at (0,576) size 418x56 [bgcolor=#FF0000] [border: (1px outset #808080)]
        LayoutTableSection (anonymous) at (1,1) size 416x54
          LayoutTableRow {tr} at (0,2) size 416x24
            LayoutTableCell {td} at (2,2) size 136x24 [border: (1px inset #808080)] [r=0 c=0 rs=1 cs=1]
              LayoutText {#text} at (2,2) size 132x19
                text run at (2,2) width 132: "table table table table"
            LayoutTableCell {td} at (140,2) size 136x24 [border: (1px inset #808080)] [r=0 c=1 rs=1 cs=1]
              LayoutText {#text} at (2,2) size 132x19
                text run at (2,2) width 132: "table table table table"
            LayoutTableCell {td} at (278,2) size 136x24 [border: (1px inset #808080)] [r=0 c=2 rs=1 cs=1]
              LayoutText {#text} at (2,2) size 132x19
                text run at (2,2) width 132: "table table table table"
          LayoutTableRow {tr} at (0,28) size 416x24
            LayoutTableCell {td} at (2,28) size 136x24 [border: (1px inset #808080)] [r=1 c=0 rs=1 cs=1]
              LayoutText {#text} at (2,2) size 132x19
                text run at (2,2) width 132: "table table table table"
            LayoutTableCell {td} at (140,28) size 136x24 [border: (1px inset #808080)] [r=1 c=1 rs=1 cs=1]
              LayoutText {#text} at (2,2) size 132x19
                text run at (2,2) width 132: "table table table table"
            LayoutTableCell {td} at (278,28) size 136x24 [border: (1px inset #808080)] [r=1 c=2 rs=1 cs=1]
              LayoutText {#text} at (2,2) size 132x19
                text run at (2,2) width 132: "table table table table"
      LayoutBlockFlow {p} at (0,648) size 769x20
        LayoutText {#text} at (0,0) size 272x19
          text run at (0,0) width 272: "Purple table with a white body background"
      LayoutTable {table} at (0,684) size 418x56 [bgcolor=#800080] [border: (1px outset #808080)]
        LayoutTableSection (anonymous) at (1,1) size 416x54
          LayoutTableRow {tr} at (0,2) size 416x24
            LayoutTableCell {td} at (2,2) size 136x24 [border: (1px inset #808080)] [r=0 c=0 rs=1 cs=1]
              LayoutText {#text} at (2,2) size 132x19
                text run at (2,2) width 132: "table table table table"
            LayoutTableCell {td} at (140,2) size 136x24 [border: (1px inset #808080)] [r=0 c=1 rs=1 cs=1]
              LayoutText {#text} at (2,2) size 132x19
                text run at (2,2) width 132: "table table table table"
            LayoutTableCell {td} at (278,2) size 136x24 [border: (1px inset #808080)] [r=0 c=2 rs=1 cs=1]
              LayoutText {#text} at (2,2) size 132x19
                text run at (2,2) width 132: "table table table table"
          LayoutTableRow {tr} at (0,28) size 416x24
            LayoutTableCell {td} at (2,28) size 136x24 [border: (1px inset #808080)] [r=1 c=0 rs=1 cs=1]
              LayoutText {#text} at (2,2) size 132x19
                text run at (2,2) width 132: "table table table table"
            LayoutTableCell {td} at (140,28) size 136x24 [border: (1px inset #808080)] [r=1 c=1 rs=1 cs=1]
              LayoutText {#text} at (2,2) size 132x19
                text run at (2,2) width 132: "table table table table"
            LayoutTableCell {td} at (278,28) size 136x24 [border: (1px inset #808080)] [r=1 c=2 rs=1 cs=1]
              LayoutText {#text} at (2,2) size 132x19
                text run at (2,2) width 132: "table table table table"
      LayoutBlockFlow {p} at (0,756) size 769x20
        LayoutText {#text} at (0,0) size 280x19
          text run at (0,0) width 280: "Fuchsia table with a white body background"
      LayoutTable {table} at (0,792) size 418x56 [bgcolor=#FF00FF] [border: (1px outset #808080)]
        LayoutTableSection (anonymous) at (1,1) size 416x54
          LayoutTableRow {tr} at (0,2) size 416x24
            LayoutTableCell {td} at (2,2) size 136x24 [border: (1px inset #808080)] [r=0 c=0 rs=1 cs=1]
              LayoutText {#text} at (2,2) size 132x19
                text run at (2,2) width 132: "table table table table"
            LayoutTableCell {td} at (140,2) size 136x24 [border: (1px inset #808080)] [r=0 c=1 rs=1 cs=1]
              LayoutText {#text} at (2,2) size 132x19
                text run at (2,2) width 132: "table table table table"
            LayoutTableCell {td} at (278,2) size 136x24 [border: (1px inset #808080)] [r=0 c=2 rs=1 cs=1]
              LayoutText {#text} at (2,2) size 132x19
                text run at (2,2) width 132: "table table table table"
          LayoutTableRow {tr} at (0,28) size 416x24
            LayoutTableCell {td} at (2,28) size 136x24 [border: (1px inset #808080)] [r=1 c=0 rs=1 cs=1]
              LayoutText {#text} at (2,2) size 132x19
                text run at (2,2) width 132: "table table table table"
            LayoutTableCell {td} at (140,28) size 136x24 [border: (1px inset #808080)] [r=1 c=1 rs=1 cs=1]
              LayoutText {#text} at (2,2) size 132x19
                text run at (2,2) width 132: "table table table table"
            LayoutTableCell {td} at (278,28) size 136x24 [border: (1px inset #808080)] [r=1 c=2 rs=1 cs=1]
              LayoutText {#text} at (2,2) size 132x19
                text run at (2,2) width 132: "table table table table"
      LayoutBlockFlow {p} at (0,864) size 769x20
        LayoutText {#text} at (0,0) size 270x19
          text run at (0,0) width 270: "Green table with a white body background"
      LayoutTable {table} at (0,900) size 418x56 [bgcolor=#008000] [border: (1px outset #808080)]
        LayoutTableSection (anonymous) at (1,1) size 416x54
          LayoutTableRow {tr} at (0,2) size 416x24
            LayoutTableCell {td} at (2,2) size 136x24 [border: (1px inset #808080)] [r=0 c=0 rs=1 cs=1]
              LayoutText {#text} at (2,2) size 132x19
                text run at (2,2) width 132: "table table table table"
            LayoutTableCell {td} at (140,2) size 136x24 [border: (1px inset #808080)] [r=0 c=1 rs=1 cs=1]
              LayoutText {#text} at (2,2) size 132x19
                text run at (2,2) width 132: "table table table table"
            LayoutTableCell {td} at (278,2) size 136x24 [border: (1px inset #808080)] [r=0 c=2 rs=1 cs=1]
              LayoutText {#text} at (2,2) size 132x19
                text run at (2,2) width 132: "table table table table"
          LayoutTableRow {tr} at (0,28) size 416x24
            LayoutTableCell {td} at (2,28) size 136x24 [border: (1px inset #808080)] [r=1 c=0 rs=1 cs=1]
              LayoutText {#text} at (2,2) size 132x19
                text run at (2,2) width 132: "table table table table"
            LayoutTableCell {td} at (140,28) size 136x24 [border: (1px inset #808080)] [r=1 c=1 rs=1 cs=1]
              LayoutText {#text} at (2,2) size 132x19
                text run at (2,2) width 132: "table table table table"
            LayoutTableCell {td} at (278,28) size 136x24 [border: (1px inset #808080)] [r=1 c=2 rs=1 cs=1]
              LayoutText {#text} at (2,2) size 132x19
                text run at (2,2) width 132: "table table table table"
      LayoutBlockFlow {p} at (0,972) size 769x20
        LayoutText {#text} at (0,0) size 264x19
          text run at (0,0) width 264: "Lime table with a white body background"
      LayoutTable {table} at (0,1008) size 418x56 [bgcolor=#00FF00] [border: (1px outset #808080)]
        LayoutTableSection (anonymous) at (1,1) size 416x54
          LayoutTableRow {tr} at (0,2) size 416x24
            LayoutTableCell {td} at (2,2) size 136x24 [border: (1px inset #808080)] [r=0 c=0 rs=1 cs=1]
              LayoutText {#text} at (2,2) size 132x19
                text run at (2,2) width 132: "table table table table"
            LayoutTableCell {td} at (140,2) size 136x24 [border: (1px inset #808080)] [r=0 c=1 rs=1 cs=1]
              LayoutText {#text} at (2,2) size 132x19
                text run at (2,2) width 132: "table table table table"
            LayoutTableCell {td} at (278,2) size 136x24 [border: (1px inset #808080)] [r=0 c=2 rs=1 cs=1]
              LayoutText {#text} at (2,2) size 132x19
                text run at (2,2) width 132: "table table table table"
          LayoutTableRow {tr} at (0,28) size 416x24
            LayoutTableCell {td} at (2,28) size 136x24 [border: (1px inset #808080)] [r=1 c=0 rs=1 cs=1]
              LayoutText {#text} at (2,2) size 132x19
                text run at (2,2) width 132: "table table table table"
            LayoutTableCell {td} at (140,28) size 136x24 [border: (1px inset #808080)] [r=1 c=1 rs=1 cs=1]
              LayoutText {#text} at (2,2) size 132x19
                text run at (2,2) width 132: "table table table table"
            LayoutTableCell {td} at (278,28) size 136x24 [border: (1px inset #808080)] [r=1 c=2 rs=1 cs=1]
              LayoutText {#text} at (2,2) size 132x19
                text run at (2,2) width 132: "table table table table"
      LayoutBlockFlow {p} at (0,1080) size 769x20
        LayoutText {#text} at (0,0) size 266x19
          text run at (0,0) width 266: "Olive table with a white body background"
      LayoutTable {table} at (0,1116) size 418x56 [bgcolor=#808000] [border: (1px outset #808080)]
        LayoutTableSection (anonymous) at (1,1) size 416x54
          LayoutTableRow {tr} at (0,2) size 416x24
            LayoutTableCell {td} at (2,2) size 136x24 [border: (1px inset #808080)] [r=0 c=0 rs=1 cs=1]
              LayoutText {#text} at (2,2) size 132x19
                text run at (2,2) width 132: "table table table table"
            LayoutTableCell {td} at (140,2) size 136x24 [border: (1px inset #808080)] [r=0 c=1 rs=1 cs=1]
              LayoutText {#text} at (2,2) size 132x19
                text run at (2,2) width 132: "table table table table"
            LayoutTableCell {td} at (278,2) size 136x24 [border: (1px inset #808080)] [r=0 c=2 rs=1 cs=1]
              LayoutText {#text} at (2,2) size 132x19
                text run at (2,2) width 132: "table table table table"
          LayoutTableRow {tr} at (0,28) size 416x24
            LayoutTableCell {td} at (2,28) size 136x24 [border: (1px inset #808080)] [r=1 c=0 rs=1 cs=1]
              LayoutText {#text} at (2,2) size 132x19
                text run at (2,2) width 132: "table table table table"
            LayoutTableCell {td} at (140,28) size 136x24 [border: (1px inset #808080)] [r=1 c=1 rs=1 cs=1]
              LayoutText {#text} at (2,2) size 132x19
                text run at (2,2) width 132: "table table table table"
            LayoutTableCell {td} at (278,28) size 136x24 [border: (1px inset #808080)] [r=1 c=2 rs=1 cs=1]
              LayoutText {#text} at (2,2) size 132x19
                text run at (2,2) width 132: "table table table table"
      LayoutBlockFlow {p} at (0,1188) size 769x20
        LayoutText {#text} at (0,0) size 277x19
          text run at (0,0) width 277: "Yellow table with a white body background"
      LayoutTable {table} at (0,1224) size 418x56 [bgcolor=#FFFF00] [border: (1px outset #808080)]
        LayoutTableSection (anonymous) at (1,1) size 416x54
          LayoutTableRow {tr} at (0,2) size 416x24
            LayoutTableCell {td} at (2,2) size 136x24 [border: (1px inset #808080)] [r=0 c=0 rs=1 cs=1]
              LayoutText {#text} at (2,2) size 132x19
                text run at (2,2) width 132: "table table table table"
            LayoutTableCell {td} at (140,2) size 136x24 [border: (1px inset #808080)] [r=0 c=1 rs=1 cs=1]
              LayoutText {#text} at (2,2) size 132x19
                text run at (2,2) width 132: "table table table table"
            LayoutTableCell {td} at (278,2) size 136x24 [border: (1px inset #808080)] [r=0 c=2 rs=1 cs=1]
              LayoutText {#text} at (2,2) size 132x19
                text run at (2,2) width 132: "table table table table"
          LayoutTableRow {tr} at (0,28) size 416x24
            LayoutTableCell {td} at (2,28) size 136x24 [border: (1px inset #808080)] [r=1 c=0 rs=1 cs=1]
              LayoutText {#text} at (2,2) size 132x19
                text run at (2,2) width 132: "table table table table"
            LayoutTableCell {td} at (140,28) size 136x24 [border: (1px inset #808080)] [r=1 c=1 rs=1 cs=1]
              LayoutText {#text} at (2,2) size 132x19
                text run at (2,2) width 132: "table table table table"
            LayoutTableCell {td} at (278,28) size 136x24 [border: (1px inset #808080)] [r=1 c=2 rs=1 cs=1]
              LayoutText {#text} at (2,2) size 132x19
                text run at (2,2) width 132: "table table table table"
      LayoutBlockFlow {p} at (0,1296) size 769x20
        LayoutText {#text} at (0,0) size 266x19
          text run at (0,0) width 266: "Navy table with a white body background"
      LayoutTable {table} at (0,1332) size 418x56 [bgcolor=#000080] [border: (1px outset #808080)]
        LayoutTableSection (anonymous) at (1,1) size 416x54
          LayoutTableRow {tr} at (0,2) size 416x24
            LayoutTableCell {td} at (2,2) size 136x24 [border: (1px inset #808080)] [r=0 c=0 rs=1 cs=1]
              LayoutText {#text} at (2,2) size 132x19
                text run at (2,2) width 132: "table table table table"
            LayoutTableCell {td} at (140,2) size 136x24 [border: (1px inset #808080)] [r=0 c=1 rs=1 cs=1]
              LayoutText {#text} at (2,2) size 132x19
                text run at (2,2) width 132: "table table table table"
            LayoutTableCell {td} at (278,2) size 136x24 [border: (1px inset #808080)] [r=0 c=2 rs=1 cs=1]
              LayoutText {#text} at (2,2) size 132x19
                text run at (2,2) width 132: "table table table table"
          LayoutTableRow {tr} at (0,28) size 416x24
            LayoutTableCell {td} at (2,28) size 136x24 [border: (1px inset #808080)] [r=1 c=0 rs=1 cs=1]
              LayoutText {#text} at (2,2) size 132x19
                text run at (2,2) width 132: "table table table table"
            LayoutTableCell {td} at (140,28) size 136x24 [border: (1px inset #808080)] [r=1 c=1 rs=1 cs=1]
              LayoutText {#text} at (2,2) size 132x19
                text run at (2,2) width 132: "table table table table"
            LayoutTableCell {td} at (278,28) size 136x24 [border: (1px inset #808080)] [r=1 c=2 rs=1 cs=1]
              LayoutText {#text} at (2,2) size 132x19
                text run at (2,2) width 132: "table table table table"
      LayoutBlockFlow {p} at (0,1404) size 769x20
        LayoutText {#text} at (0,0) size 261x19
          text run at (0,0) width 261: "Blue table with a white body background"
      LayoutTable {table} at (0,1440) size 418x56 [bgcolor=#0000FF] [border: (1px outset #808080)]
        LayoutTableSection (anonymous) at (1,1) size 416x54
          LayoutTableRow {tr} at (0,2) size 416x24
            LayoutTableCell {td} at (2,2) size 136x24 [border: (1px inset #808080)] [r=0 c=0 rs=1 cs=1]
              LayoutText {#text} at (2,2) size 132x19
                text run at (2,2) width 132: "table table table table"
            LayoutTableCell {td} at (140,2) size 136x24 [border: (1px inset #808080)] [r=0 c=1 rs=1 cs=1]
              LayoutText {#text} at (2,2) size 132x19
                text run at (2,2) width 132: "table table table table"
            LayoutTableCell {td} at (278,2) size 136x24 [border: (1px inset #808080)] [r=0 c=2 rs=1 cs=1]
              LayoutText {#text} at (2,2) size 132x19
                text run at (2,2) width 132: "table table table table"
          LayoutTableRow {tr} at (0,28) size 416x24
            LayoutTableCell {td} at (2,28) size 136x24 [border: (1px inset #808080)] [r=1 c=0 rs=1 cs=1]
              LayoutText {#text} at (2,2) size 132x19
                text run at (2,2) width 132: "table table table table"
            LayoutTableCell {td} at (140,28) size 136x24 [border: (1px inset #808080)] [r=1 c=1 rs=1 cs=1]
              LayoutText {#text} at (2,2) size 132x19
                text run at (2,2) width 132: "table table table table"
            LayoutTableCell {td} at (278,28) size 136x24 [border: (1px inset #808080)] [r=1 c=2 rs=1 cs=1]
              LayoutText {#text} at (2,2) size 132x19
                text run at (2,2) width 132: "table table table table"
      LayoutBlockFlow {p} at (0,1512) size 769x20
        LayoutText {#text} at (0,0) size 258x19
          text run at (0,0) width 258: "Teal table with a white body background"
      LayoutTable {table} at (0,1548) size 418x56 [bgcolor=#008080] [border: (1px outset #808080)]
        LayoutTableSection (anonymous) at (1,1) size 416x54
          LayoutTableRow {tr} at (0,2) size 416x24
            LayoutTableCell {td} at (2,2) size 136x24 [border: (1px inset #808080)] [r=0 c=0 rs=1 cs=1]
              LayoutText {#text} at (2,2) size 132x19
                text run at (2,2) width 132: "table table table table"
            LayoutTableCell {td} at (140,2) size 136x24 [border: (1px inset #808080)] [r=0 c=1 rs=1 cs=1]
              LayoutText {#text} at (2,2) size 132x19
                text run at (2,2) width 132: "table table table table"
            LayoutTableCell {td} at (278,2) size 136x24 [border: (1px inset #808080)] [r=0 c=2 rs=1 cs=1]
              LayoutText {#text} at (2,2) size 132x19
                text run at (2,2) width 132: "table table table table"
          LayoutTableRow {tr} at (0,28) size 416x24
            LayoutTableCell {td} at (2,28) size 136x24 [border: (1px inset #808080)] [r=1 c=0 rs=1 cs=1]
              LayoutText {#text} at (2,2) size 132x19
                text run at (2,2) width 132: "table table table table"
            LayoutTableCell {td} at (140,28) size 136x24 [border: (1px inset #808080)] [r=1 c=1 rs=1 cs=1]
              LayoutText {#text} at (2,2) size 132x19
                text run at (2,2) width 132: "table table table table"
            LayoutTableCell {td} at (278,28) size 136x24 [border: (1px inset #808080)] [r=1 c=2 rs=1 cs=1]
              LayoutText {#text} at (2,2) size 132x19
                text run at (2,2) width 132: "table table table table"
      LayoutBlockFlow {p} at (0,1620) size 769x20
        LayoutText {#text} at (0,0) size 266x19
          text run at (0,0) width 266: "Aqua table with a white body background"
      LayoutTable {table} at (0,1656) size 418x56 [bgcolor=#00FFFF] [border: (1px outset #808080)]
        LayoutTableSection (anonymous) at (1,1) size 416x54
          LayoutTableRow {tr} at (0,2) size 416x24
            LayoutTableCell {td} at (2,2) size 136x24 [border: (1px inset #808080)] [r=0 c=0 rs=1 cs=1]
              LayoutText {#text} at (2,2) size 132x19
                text run at (2,2) width 132: "table table table table"
            LayoutTableCell {td} at (140,2) size 136x24 [border: (1px inset #808080)] [r=0 c=1 rs=1 cs=1]
              LayoutText {#text} at (2,2) size 132x19
                text run at (2,2) width 132: "table table table table"
            LayoutTableCell {td} at (278,2) size 136x24 [border: (1px inset #808080)] [r=0 c=2 rs=1 cs=1]
              LayoutText {#text} at (2,2) size 132x19
                text run at (2,2) width 132: "table table table table"
          LayoutTableRow {tr} at (0,28) size 416x24
            LayoutTableCell {td} at (2,28) size 136x24 [border: (1px inset #808080)] [r=1 c=0 rs=1 cs=1]
              LayoutText {#text} at (2,2) size 132x19
                text run at (2,2) width 132: "table table table table"
            LayoutTableCell {td} at (140,28) size 136x24 [border: (1px inset #808080)] [r=1 c=1 rs=1 cs=1]
              LayoutText {#text} at (2,2) size 132x19
                text run at (2,2) width 132: "table table table table"
            LayoutTableCell {td} at (278,28) size 136x24 [border: (1px inset #808080)] [r=1 c=2 rs=1 cs=1]
              LayoutText {#text} at (2,2) size 132x19
                text run at (2,2) width 132: "table table table table"
