layer at (0,0) size 800x600
  LayoutView at (0,0) size 800x600
layer at (0,0) size 800x168
  LayoutBlockFlow {html} at (0,0) size 800x168
    LayoutBlockFlow {body} at (8,16) size 784x144
      LayoutBlockFlow {p} at (0,0) size 784x20
        LayoutText {#text} at (0,0) size 725x19
          text run at (0,0) width 406: "No 'number' specification is given for border. There should be a "
          text run at (405,0) width 320: "2 pixel border around the frame of the table below."
      LayoutTable {table} at (0,36) size 196x108 [border: (1px outset #808080)]
        LayoutTableCol {colgroup} at (0,0) size 0x0
          LayoutTableCol {col} at (0,0) size 0x0
        LayoutTableCol {colgroup} at (0,0) size 0x0
          LayoutTableCol {col} at (0,0) size 0x0
        LayoutTableCol {colgroup} at (0,0) size 0x0
          LayoutTableCol {col} at (0,0) size 0x0
        LayoutTableSection {thead} at (1,1) size 194x28
          LayoutTableRow {tr} at (0,2) size 194x24
            LayoutTableCell {th} at (2,2) size 62x24 [border: (1px inset #808080)] [r=0 c=0 rs=1 cs=1]
              LayoutText {#text} at (2,2) size 58x19
                text run at (2,2) width 58: "THEAD"
            LayoutTableCell {th} at (66,2) size 62x24 [border: (1px inset #808080)] [r=0 c=1 rs=1 cs=1]
              LayoutText {#text} at (2,2) size 58x19
                text run at (2,2) width 58: "THEAD"
            LayoutTableCell {th} at (130,2) size 62x24 [border: (1px inset #808080)] [r=0 c=2 rs=1 cs=1]
              LayoutText {#text} at (2,2) size 58x19
                text run at (2,2) width 58: "THEAD"
        LayoutTableSection {tfoot} at (1,81) size 194x26
          LayoutTableRow {tr} at (0,0) size 194x24
            LayoutTableCell {td} at (2,0) size 62x24 [border: (1px inset #808080)] [r=0 c=0 rs=1 cs=1]
              LayoutText {#text} at (2,2) size 53x19
                text run at (2,2) width 53: "TFOOT"
            LayoutTableCell {td} at (66,0) size 62x24 [border: (1px inset #808080)] [r=0 c=1 rs=1 cs=1]
              LayoutText {#text} at (2,2) size 53x19
                text run at (2,2) width 53: "TFOOT"
            LayoutTableCell {td} at (130,0) size 62x24 [border: (1px inset #808080)] [r=0 c=2 rs=1 cs=1]
              LayoutText {#text} at (2,2) size 53x19
                text run at (2,2) width 53: "TFOOT"
        LayoutTableSection {tbody} at (1,29) size 194x52
          LayoutTableRow {tr} at (0,0) size 194x24
            LayoutTableCell {td} at (2,0) size 62x24 [border: (1px inset #808080)] [r=0 c=0 rs=1 cs=1]
              LayoutText {#text} at (2,2) size 57x19
                text run at (2,2) width 57: "TBODY"
            LayoutTableCell {td} at (66,0) size 62x24 [border: (1px inset #808080)] [r=0 c=1 rs=1 cs=1]
              LayoutText {#text} at (2,2) size 57x19
                text run at (2,2) width 57: "TBODY"
            LayoutTableCell {td} at (130,0) size 62x24 [border: (1px inset #808080)] [r=0 c=2 rs=1 cs=1]
              LayoutText {#text} at (2,2) size 57x19
                text run at (2,2) width 57: "TBODY"
          LayoutTableRow {tr} at (0,26) size 194x24
            LayoutTableCell {td} at (2,26) size 62x24 [border: (1px inset #808080)] [r=1 c=0 rs=1 cs=1]
              LayoutText {#text} at (2,2) size 57x19
                text run at (2,2) width 57: "TBODY"
            LayoutTableCell {td} at (66,26) size 62x24 [border: (1px inset #808080)] [r=1 c=1 rs=1 cs=1]
              LayoutText {#text} at (2,2) size 57x19
                text run at (2,2) width 57: "TBODY"
            LayoutTableCell {td} at (130,26) size 62x24 [border: (1px inset #808080)] [r=1 c=2 rs=1 cs=1]
              LayoutText {#text} at (2,2) size 57x19
                text run at (2,2) width 57: "TBODY"
