layer at (0,0) size 800x600
  LayoutView at (0,0) size 800x600
layer at (0,0) size 800x256
  LayoutBlockFlow {html} at (0,0) size 800x256
    LayoutBlockFlow {body} at (8,8) size 784x240
      LayoutTable {table} at (0,0) size 784x30 [border: (1px outset #808080)]
        LayoutTableSection (anonymous) at (1,1) size 782x28
          LayoutTableRow {tr} at (0,2) size 782x24
            LayoutTableCell {td} at (2,2) size 778x24 [border: (1px inset #808080)] [r=0 c=0 rs=1 cs=1]
              LayoutText {#text} at (2,2) size 440x19
                text run at (2,2) width 405: "This table should have a width 100% of the available horizontal "
                text run at (407,2) width 35: "space"
      LayoutBlockFlow (anonymous) at (0,30) size 784x20
        LayoutBR {br} at (0,0) size 0x19
      LayoutTable {table} at (0,50) size 588x30 [border: (1px outset #808080)]
        LayoutTableSection (anonymous) at (1,1) size 586x28
          LayoutTableRow {tr} at (0,2) size 586x24
            LayoutTableCell {td} at (2,2) size 582x24 [border: (1px inset #808080)] [r=0 c=0 rs=1 cs=1]
              LayoutText {#text} at (2,2) size 432x19
                text run at (2,2) width 397: "This table should have a width 75% of the available horizontal "
                text run at (399,2) width 35: "space"
      LayoutBlockFlow (anonymous) at (0,80) size 784x20
        LayoutBR {br} at (0,0) size 0x19
      LayoutTable {table} at (0,100) size 392x50 [border: (1px outset #808080)]
        LayoutTableSection (anonymous) at (1,1) size 390x48
          LayoutTableRow {tr} at (0,2) size 390x44
            LayoutTableCell {td} at (2,2) size 386x44 [border: (1px inset #808080)] [r=0 c=0 rs=1 cs=1]
              LayoutText {#text} at (2,2) size 326x39
                text run at (2,2) width 326: "This table should have a width 50% of the available"
                text run at (2,22) width 67: "horizontal "
                text run at (69,22) width 35: "space"
      LayoutBlockFlow (anonymous) at (0,150) size 784x20
        LayoutBR {br} at (0,0) size 0x19
      LayoutTable {table} at (0,170) size 196x70 [border: (1px outset #808080)]
        LayoutTableSection (anonymous) at (1,1) size 194x68
          LayoutTableRow {tr} at (0,2) size 194x64
            LayoutTableCell {td} at (2,2) size 190x64 [border: (1px inset #808080)] [r=0 c=0 rs=1 cs=1]
              LayoutText {#text} at (2,2) size 169x59
                text run at (2,2) width 153: "This table should have a"
                text run at (2,22) width 169: "width 25% of the available"
                text run at (2,42) width 67: "horizontal "
                text run at (69,42) width 35: "space"
