layer at (0,0) size 800x600
  LayoutView at (0,0) size 800x600
layer at (0,0) size 800x142
  LayoutBlockFlow {html} at (0,0) size 800x142
    LayoutBlockFlow {body} at (8,16) size 784x118
      LayoutBlockFlow {p} at (0,0) size 784x20
        LayoutText {#text} at (0,0) size 340x19
          text run at (0,0) width 340: "In this test, the TBODY text should be center aligned."
      LayoutTable {table} at (0,36) size 178x82 [border: (1px outset #808080)]
        LayoutTableSection {thead} at (1,1) size 176x28
          LayoutTableRow {tr} at (0,2) size 176x24
            LayoutTableCell {td} at (2,2) size 172x24 [border: (1px inset #808080)] [r=0 c=0 rs=1 cs=1]
              LayoutText {#text} at (2,2) size 168x19
                text run at (2,2) width 168: "This text is in the THEAD"
        LayoutTableSection {tfoot} at (1,55) size 176x26
          LayoutTableRow {tr} at (0,0) size 176x24
            LayoutTableCell {td} at (2,0) size 172x24 [border: (1px inset #808080)] [r=0 c=0 rs=1 cs=1]
              LayoutText {#text} at (2,2) size 165x19
                text run at (2,2) width 165: "This text is in the TFOOT"
        LayoutTableSection {tbody} at (1,29) size 176x26
          LayoutTableRow {tr} at (0,0) size 176x24
            LayoutTableCell {td} at (2,0) size 172x24 [border: (1px inset #808080)] [r=0 c=0 rs=1 cs=1]
              LayoutText {#text} at (57,2) size 58x19
                text run at (57,2) width 58: "TBODY"
