layer at (0,0) size 800x600
  LayoutView at (0,0) size 800x600
layer at (0,0) size 800x362
  LayoutBlockFlow {html} at (0,0) size 800x362
    LayoutBlockFlow {body} at (8,16) size 784x338
      LayoutBlockFlow {p} at (0,0) size 784x20
        LayoutText {#text} at (0,0) size 210x19
          text run at (0,0) width 210: "TBODY VALIGN=BASELINE"
      LayoutTable {table} at (0,36) size 784x302 [border: (1px outset #808080)]
        LayoutTableSection {thead} at (1,1) size 782x28
          LayoutTableRow {tr} at (0,2) size 782x24
            LayoutTableCell {td} at (2,2) size 213x24 [border: (1px inset #808080)] [r=0 c=0 rs=1 cs=1]
              LayoutText {#text} at (2,2) size 56x19
                text run at (2,2) width 56: "THEAD"
            LayoutTableCell {td} at (217,2) size 563x24 [border: (1px inset #808080)] [r=0 c=1 rs=1 cs=1]
              LayoutText {#text} at (2,2) size 56x19
                text run at (2,2) width 56: "THEAD"
        LayoutTableSection {tfoot} at (1,275) size 782x26
          LayoutTableRow {tr} at (0,0) size 782x24
            LayoutTableCell {td} at (2,0) size 213x24 [border: (1px inset #808080)] [r=0 c=0 rs=1 cs=1]
              LayoutText {#text} at (2,2) size 53x19
                text run at (2,2) width 53: "TFOOT"
            LayoutTableCell {td} at (217,0) size 563x24 [border: (1px inset #808080)] [r=0 c=1 rs=1 cs=1]
              LayoutText {#text} at (2,2) size 53x19
                text run at (2,2) width 53: "TFOOT"
        LayoutTableSection {tbody} at (1,29) size 782x246
          LayoutTableRow {tr} at (0,0) size 782x244
            LayoutTableCell {td} at (2,22) size 213x104 [border: (1px inset #808080)] [r=0 c=0 rs=1 cs=1]
              LayoutText {#text} at (2,2) size 206x99
                text run at (2,2) width 204: "Compare the baseline of the first"
                text run at (2,22) width 139: "line of text in this cell "
                text run at (141,22) width 51: "with the"
                text run at (2,42) width 206: "baseline of the first line of text in"
                text run at (2,62) width 115: "the next cell: they "
                text run at (117,62) width 61: "should be"
                text run at (2,82) width 108: "vertically aligned"
            LayoutTableCell {td} at (217,0) size 563x244 [border: (1px inset #808080)] [r=0 c=1 rs=1 cs=1]
              LayoutText {#text} at (2,3) size 532x238
                text run at (2,3) width 524: "Compare the baseline of the first"
                text run at (2,51) width 70: "line "
                text run at (72,51) width 420: "of text in this cell with the"
                text run at (2,99) width 532: "baseline of the first line of text in"
                text run at (2,147) width 520: "the previous cell: they should be"
                text run at (2,195) width 279: "vertically aligned"
