layer at (0,0) size 800x600 clip at (0,0) size 785x600 scrollHeight 1646
  LayoutView at (0,0) size 800x600
layer at (0,0) size 785x1646 backgroundClip at (0,0) size 785x600 clip at (0,0) size 785x600
  LayoutBlockFlow {html} at (0,0) size 785x1646
    LayoutBlockFlow {body} at (8,8) size 769x1630
      LayoutTable {table} at (0,0) size 281x110 [border: (1px outset #808080)]
        LayoutTableSection (anonymous) at (1,1) size 279x108
          LayoutTableRow {tr} at (0,2) size 279x104
            LayoutTableCell {td} at (2,42) size 275x24 [border: (1px inset #808080)] [r=0 c=0 rs=1 cs=1]
              LayoutText {#text} at (2,2) size 271x19
                text run at (2,2) width 271: "The height of this cell should be 100 pixels"
      LayoutBlockFlow (anonymous) at (0,110) size 769x20
        LayoutBR {br} at (0,0) size 0x19
      LayoutTable {table} at (0,130) size 281x210 [border: (1px outset #808080)]
        LayoutTableSection (anonymous) at (1,1) size 279x208
          LayoutTableRow {tr} at (0,2) size 279x204
            LayoutTableCell {td} at (2,92) size 275x24 [border: (1px inset #808080)] [r=0 c=0 rs=1 cs=1]
              LayoutText {#text} at (2,2) size 271x19
                text run at (2,2) width 271: "The height of this cell should be 200 pixels"
      LayoutBlockFlow (anonymous) at (0,340) size 769x20
        LayoutBR {br} at (0,0) size 0x19
      LayoutTable {table} at (0,360) size 281x310 [border: (1px outset #808080)]
        LayoutTableSection (anonymous) at (1,1) size 279x308
          LayoutTableRow {tr} at (0,2) size 279x304
            LayoutTableCell {td} at (2,142) size 275x24 [border: (1px inset #808080)] [r=0 c=0 rs=1 cs=1]
              LayoutText {#text} at (2,2) size 271x19
                text run at (2,2) width 271: "The height of this cell should be 300 pixels"
      LayoutBlockFlow (anonymous) at (0,670) size 769x20
        LayoutBR {br} at (0,0) size 0x19
      LayoutTable {table} at (0,690) size 281x410 [border: (1px outset #808080)]
        LayoutTableSection (anonymous) at (1,1) size 279x408
          LayoutTableRow {tr} at (0,2) size 279x404
            LayoutTableCell {td} at (2,192) size 275x24 [border: (1px inset #808080)] [r=0 c=0 rs=1 cs=1]
              LayoutText {#text} at (2,2) size 271x19
                text run at (2,2) width 271: "The height of this cell should be 400 pixels"
      LayoutBlockFlow (anonymous) at (0,1100) size 769x20
        LayoutBR {br} at (0,0) size 0x19
      LayoutTable {table} at (0,1120) size 281x510 [border: (1px outset #808080)]
        LayoutTableSection (anonymous) at (1,1) size 279x508
          LayoutTableRow {tr} at (0,2) size 279x504
            LayoutTableCell {td} at (2,242) size 275x24 [border: (1px inset #808080)] [r=0 c=0 rs=1 cs=1]
              LayoutText {#text} at (2,2) size 271x19
                text run at (2,2) width 271: "The height of this cell should be 500 pixels"
