layer at (0,0) size 800x600
  LayoutView at (0,0) size 800x600
layer at (0,0) size 800x310
  LayoutBlockFlow {html} at (0,0) size 800x310
    LayoutBlockFlow {body} at (8,16) size 784x286
      LayoutBlockFlow {p} at (0,0) size 784x20
        LayoutText {#text} at (0,0) size 175x19
          text run at (0,0) width 175: "TD VALIGN=BASELINE"
      LayoutTable {table} at (0,36) size 784x250 [border: (1px outset #808080)]
        LayoutTableSection (anonymous) at (1,1) size 782x248
          LayoutTableRow {tr} at (0,2) size 782x244
            LayoutTableCell {td} at (2,24) size 213x104 [border: (1px inset #808080)] [r=0 c=0 rs=1 cs=1]
              LayoutText {#text} at (2,2) size 206x99
                text run at (2,2) width 204: "Compare the baseline of the first"
                text run at (2,22) width 44: "line of "
                text run at (46,22) width 146: "text in this cell with the"
                text run at (2,42) width 206: "baseline of the first line of text in"
                text run at (2,62) width 176: "the next cell: they should be"
                text run at (2,82) width 108: "vertically aligned"
            LayoutTableCell {td} at (217,2) size 563x244 [border: (1px inset #808080)] [r=0 c=1 rs=1 cs=1]
              LayoutText {#text} at (2,3) size 532x238
                text run at (2,3) width 358: "Compare the baseline "
                text run at (360,3) width 166: "of the first"
                text run at (2,51) width 490: "line of text in this cell with the"
                text run at (2,99) width 244: "baseline of the "
                text run at (246,99) width 288: "first line of text in"
                text run at (2,147) width 520: "the previous cell: they should be"
                text run at (2,195) width 161: "vertically "
                text run at (163,195) width 118: "aligned"
