layer at (0,0) size 800x600
  LayoutView at (0,0) size 800x600
layer at (0,0) size 800x327
  LayoutBlockFlow {html} at (0,0) size 800x327
    LayoutBlockFlow {body} at (8,16) size 784x303
      LayoutBlockFlow {p} at (0,0) size 784x20
        LayoutText {#text} at (0,0) size 190x19
          text run at (0,0) width 190: "TFOOT VALIGN=MIDDLE"
      LayoutTable {table} at (0,36) size 616x267 [border: (1px outset #808080)]
        LayoutTableSection {thead} at (1,1) size 614x28
          LayoutTableRow {tr} at (0,2) size 614x24
            LayoutTableCell {td} at (2,2) size 204x24 [border: (1px inset #808080)] [r=0 c=0 rs=1 cs=1]
              LayoutText {#text} at (2,2) size 56x19
                text run at (2,2) width 56: "THEAD"
            LayoutTableCell {td} at (208,2) size 404x24 [border: (1px inset #808080)] [r=0 c=1 rs=1 cs=1]
              LayoutText {#text} at (2,2) size 56x19
                text run at (2,2) width 56: "THEAD"
        LayoutTableSection {tfoot} at (1,55) size 614x211
          LayoutTableRow {tr} at (0,0) size 614x209
            LayoutTableCell {td} at (2,0) size 204x209 [border: (1px inset #808080)] [r=0 c=0 rs=1 cs=1]
              LayoutImage {img} at (2,2) size 200x200
            LayoutTableCell {td} at (208,92) size 404x24 [border: (1px inset #808080)] [r=0 c=1 rs=1 cs=1]
              LayoutText {#text} at (2,2) size 400x19
                text run at (2,2) width 362: "This text should be vertically aligned to the middle of the "
                text run at (364,2) width 38: "image"
        LayoutTableSection {tbody} at (1,29) size 614x26
          LayoutTableRow {tr} at (0,0) size 614x24
            LayoutTableCell {td} at (2,0) size 204x24 [border: (1px inset #808080)] [r=0 c=0 rs=1 cs=1]
              LayoutText {#text} at (2,2) size 57x19
                text run at (2,2) width 57: "TBODY"
            LayoutTableCell {td} at (208,0) size 404x24 [border: (1px inset #808080)] [r=0 c=1 rs=1 cs=1]
              LayoutText {#text} at (2,2) size 57x19
                text run at (2,2) width 57: "TBODY"
