layer at (0,0) size 800x600 scrollWidth 932
  LayoutView at (0,0) size 800x600
layer at (0,0) size 800x72
  LayoutBlockFlow {html} at (0,0) size 800x72
    LayoutBlockFlow {body} at (8,8) size 784x56
      LayoutTable {table} at (0,0) size 924x56 [border: (1px outset #808080)]
        LayoutTableSection (anonymous) at (1,1) size 922x54
          LayoutTableRow {tr} at (0,2) size 922x24
            LayoutTableCell {th} at (2,2) size 918x24 [border: (1px inset #808080)] [r=0 c=0 rs=1 cs=1]
              LayoutText {#text} at (2,2) size 914x19
                text run at (2,2) width 283: "The text in the cell should not wrap upon "
                text run at (284,2) width 262: "window resizing    x-fill x-fill x-fill x-fill "
                text run at (545,2) width 307: "x-fill x-fill x-fill x-fill x-fill x-fill x-fill x-fill x-fill "
                text run at (851,2) width 65: "x-fill x-fill"
          LayoutTableRow {tr} at (0,28) size 922x24
            LayoutTableCell {th} at (2,28) size 918x24 [border: (1px inset #808080)] [r=1 c=0 rs=1 cs=1]
              LayoutText {#text} at (2,2) size 914x19
                text run at (2,2) width 283: "The text in the cell should not wrap upon "
                text run at (284,2) width 262: "window resizing    x-fill x-fill x-fill x-fill "
                text run at (545,2) width 307: "x-fill x-fill x-fill x-fill x-fill x-fill x-fill x-fill x-fill "
                text run at (851,2) width 65: "x-fill x-fill"
