layer at (0,0) size 800x600
  LayoutView at (0,0) size 800x600
layer at (0,0) size 800x274
  LayoutBlockFlow {html} at (0,0) size 800x274
    LayoutBlockFlow {body} at (8,16) size 784x250
      LayoutBlockFlow {p} at (0,0) size 784x20
        LayoutText {#text} at (0,0) size 155x19
          text run at (0,0) width 155: "TEST: th align=\"center\""
      LayoutBlockFlow {p} at (0,36) size 784x40
        LayoutInline {b} at (0,0) size 76x19
          LayoutText {#text} at (0,0) size 76x19
            text run at (0,0) width 76: "Example 1."
        LayoutBR {br} at (76,0) size 0x19
        LayoutText {#text} at (0,20) size 121x19
          text run at (0,20) width 121: "Table width=100%"
      LayoutTable {table} at (0,92) size 784x30 [border: (1px outset #808080)]
        LayoutTableSection (anonymous) at (1,1) size 782x28
          LayoutTableRow {tr} at (0,2) size 782x24
            LayoutTableCell {th} at (2,2) size 778x24 [border: (1px inset #808080)] [r=0 c=0 rs=1 cs=1]
              LayoutText {#text} at (277,2) size 224x19
                text run at (277,2) width 224: "Cell text should be center aligned"
      LayoutBlockFlow {p} at (0,138) size 784x40
        LayoutInline {b} at (0,0) size 76x19
          LayoutText {#text} at (0,0) size 76x19
            text run at (0,0) width 76: "Example 2."
        LayoutBR {br} at (76,0) size 0x19
        LayoutText {#text} at (0,20) size 424x19
          text run at (0,20) width 399: "No specific table width; text in second row exceeds text in first "
          text run at (399,20) width 25: "row"
      LayoutTable {table} at (0,194) size 566x56 [border: (1px outset #808080)]
        LayoutTableSection (anonymous) at (1,1) size 564x54
          LayoutTableRow {tr} at (0,2) size 564x24
            LayoutTableCell {th} at (2,2) size 560x24 [border: (1px inset #808080)] [r=0 c=0 rs=1 cs=1]
              LayoutText {#text} at (168,2) size 224x19
                text run at (168,2) width 224: "Cell text should be center aligned"
          LayoutTableRow {tr} at (0,28) size 564x24
            LayoutTableCell {th} at (2,28) size 560x24 [border: (1px inset #808080)] [r=1 c=0 rs=1 cs=1]
              LayoutText {#text} at (2,2) size 556x19
                text run at (2,2) width 448: "xxx xxx xxx xxx xxx xxx xxx xxx xxx xxx xxx xxx xxx xxx xxx xxx "
                text run at (450,2) width 108: "xxx xxx xxx xxx"
