layer at (0,0) size 800x600
  LayoutView at (0,0) size 800x600
layer at (0,0) size 800x106
  LayoutBlockFlow {html} at (0,0) size 800x106
    LayoutBlockFlow {body} at (8,8) size 784x90
      LayoutTable {table} at (0,0) size 784x90 [border: (1px outset #808080)]
        LayoutTableSection (anonymous) at (1,1) size 782x88
          LayoutTableRow {tr} at (0,2) size 782x84
            LayoutTableCell {th} at (2,2) size 388x84 [border: (1px inset #808080)] [r=0 c=0 rs=1 cs=1]
              LayoutText {#text} at (2,2) size 384x79
                text run at (2,2) width 232: "This cell text should be justified "
                text run at (234,2) width 152: "which means that the"
                text run at (2,22) width 302: "right and left margins should line up, no "
                text run at (304,22) width 82: "matter how"
                text run at (2,42) width 384: "long the content becomes (except the last line which"
                text run at (2,62) width 148: "should be left aligned)"
            LayoutTableCell {th} at (392,32) size 388x24 [border: (1px inset #808080)] [r=0 c=1 rs=1 cs=1]
              LayoutText {#text} at (2,2) size 237x19
                text run at (2,2) width 183: "This cell text should be left "
                text run at (185,2) width 54: "justified"
