layer at (0,0) size 800x600
  LayoutView at (0,0) size 800x600
layer at (0,0) size 800x305
  LayoutBlockFlow {html} at (0,0) size 800x305
    LayoutBlockFlow {body} at (8,16) size 784x281
      LayoutBlockFlow {p} at (0,0) size 784x20
        LayoutText {#text} at (0,0) size 175x19
          text run at (0,0) width 175: "TH VALIGN=BASELINE"
      LayoutTable {table} at (0,36) size 784x245 [border: (1px outset #808080)]
        LayoutTableSection (anonymous) at (1,1) size 782x243
          LayoutTableRow {tr} at (0,2) size 782x239
            LayoutTableCell {th} at (2,24) size 214x104 [border: (1px inset #808080)] [r=0 c=0 rs=1 cs=1]
              LayoutText {#text} at (12,2) size 206x99
                text run at (12,2) width 190: "Compare the baseline of the"
                text run at (4,22) width 76: "first line of "
                text run at (80,22) width 130: "text in this cell with"
                text run at (8,42) width 198: "the baseline of the first line of"
                text run at (25,62) width 46: "text in "
                text run at (71,62) width 118: "the next cell: they"
                text run at (15,82) width 184: "should be vertically aligned"
            LayoutTableCell {th} at (218,2) size 562x239 [border: (1px inset #808080)] [r=0 c=1 rs=1 cs=1]
              LayoutText {#text} at (2,3) size 558x233
                text run at (2,3) width 381: "Compare the baseline "
                text run at (382,3) width 178: "of the first"
                text run at (26,50) width 510: "line of text in this cell with the"
                text run at (2,97) width 255: "baseline of the "
                text run at (256,97) width 304: "first line of text in"
                text run at (7,144) width 548: "the previous cell: they should be"
                text run at (134,191) width 170: "vertically "
                text run at (304,191) width 124: "aligned"
