layer at (0,0) size 800x600
  LayoutView at (0,0) size 800x600
layer at (0,0) size 800x98
  LayoutBlockFlow {html} at (0,0) size 800x98
    LayoutBlockFlow {body} at (8,8) size 784x82
      LayoutTable {table} at (0,0) size 630x82 [border: (1px outset #808080)]
        LayoutTableSection {thead} at (1,1) size 628x28 [bgcolor=#00FF00]
          LayoutTableRow {tr} at (0,2) size 628x24
            LayoutTableCell {td} at (2,2) size 311x24 [border: (1px inset #808080)] [r=0 c=0 rs=1 cs=1]
              LayoutText {#text} at (2,2) size 267x19
                text run at (2,2) width 267: "This thead should have a lime background"
            LayoutTableCell {td} at (315,2) size 311x24 [border: (1px inset #808080)] [r=0 c=1 rs=1 cs=1]
              LayoutText {#text} at (2,2) size 267x19
                text run at (2,2) width 267: "This thead should have a lime background"
        LayoutTableSection {tfoot} at (1,55) size 628x26
          LayoutTableRow {tr} at (0,0) size 628x24
            LayoutTableCell {td} at (2,0) size 311x24 [border: (1px inset #808080)] [r=0 c=0 rs=1 cs=1]
              LayoutText {#text} at (2,2) size 300x19
                text run at (2,2) width 300: "This tfoot should NOT have a lime background"
            LayoutTableCell {td} at (315,0) size 311x24 [border: (1px inset #808080)] [r=0 c=1 rs=1 cs=1]
              LayoutText {#text} at (2,2) size 300x19
                text run at (2,2) width 300: "This tfoot should NOT have a lime background"
        LayoutTableSection {tbody} at (1,29) size 628x26
          LayoutTableRow {tr} at (0,0) size 628x24
            LayoutTableCell {td} at (2,0) size 311x24 [border: (1px inset #808080)] [r=0 c=0 rs=1 cs=1]
              LayoutText {#text} at (2,2) size 307x19
                text run at (2,2) width 307: "This tbody should NOT have a lime background"
            LayoutTableCell {td} at (315,0) size 311x24 [border: (1px inset #808080)] [r=0 c=1 rs=1 cs=1]
              LayoutText {#text} at (2,2) size 307x19
                text run at (2,2) width 307: "This tbody should NOT have a lime background"
