layer at (0,0) size 800x600
  LayoutView at (0,0) size 800x600
layer at (0,0) size 800x220
  LayoutBlockFlow {html} at (0,0) size 800x220
    LayoutBlockFlow {body} at (8,16) size 784x196
      LayoutBlockFlow {p} at (0,0) size 784x20
        LayoutText {#text} at (0,0) size 396x19
          text run at (0,0) width 396: "The numbers in the THEAD should align at the decimal points"
      LayoutTable {table} at (0,36) size 374x160 [border: (1px outset #808080)]
        LayoutTableSection {thead} at (1,1) size 372x54
          LayoutTableRow {tr} at (0,2) size 372x24
            LayoutTableCell {td} at (2,2) size 116x24 [border: (1px inset #808080)] [r=0 c=0 rs=1 cs=1]
              LayoutText {#text} at (2,2) size 96x19
                text run at (2,2) width 96: "THEAD 55.00"
            LayoutTableCell {td} at (120,2) size 124x24 [border: (1px inset #808080)] [r=0 c=1 rs=1 cs=1]
              LayoutText {#text} at (2,2) size 120x19
                text run at (2,2) width 120: "THEAD 55555.00"
            LayoutTableCell {td} at (246,2) size 124x24 [border: (1px inset #808080)] [r=0 c=2 rs=1 cs=1]
              LayoutText {#text} at (2,2) size 104x19
                text run at (2,2) width 104: "THEAD 555.00"
          LayoutTableRow {tr} at (0,28) size 372x24
            LayoutTableCell {td} at (2,28) size 116x24 [border: (1px inset #808080)] [r=1 c=0 rs=1 cs=1]
              LayoutText {#text} at (2,2) size 112x19
                text run at (2,2) width 112: "THEAD 1234.56"
            LayoutTableCell {td} at (120,28) size 124x24 [border: (1px inset #808080)] [r=1 c=1 rs=1 cs=1]
              LayoutText {#text} at (2,2) size 104x19
                text run at (2,2) width 104: "THEAD 123.45"
            LayoutTableCell {td} at (246,28) size 124x24 [border: (1px inset #808080)] [r=1 c=2 rs=1 cs=1]
              LayoutText {#text} at (2,2) size 120x19
                text run at (2,2) width 120: "THEAD 12345.67"
        LayoutTableSection {tfoot} at (1,107) size 372x52
          LayoutTableRow {tr} at (0,0) size 372x24
            LayoutTableCell {td} at (2,0) size 116x24 [border: (1px inset #808080)] [r=0 c=0 rs=1 cs=1]
              LayoutText {#text} at (2,2) size 53x19
                text run at (2,2) width 53: "TFOOT"
            LayoutTableCell {td} at (120,0) size 124x24 [border: (1px inset #808080)] [r=0 c=1 rs=1 cs=1]
              LayoutText {#text} at (2,2) size 53x19
                text run at (2,2) width 53: "TFOOT"
            LayoutTableCell {td} at (246,0) size 124x24 [border: (1px inset #808080)] [r=0 c=2 rs=1 cs=1]
              LayoutText {#text} at (2,2) size 53x19
                text run at (2,2) width 53: "TFOOT"
          LayoutTableRow {tr} at (0,26) size 372x24
            LayoutTableCell {td} at (2,26) size 116x24 [border: (1px inset #808080)] [r=1 c=0 rs=1 cs=1]
              LayoutText {#text} at (2,2) size 53x19
                text run at (2,2) width 53: "TFOOT"
            LayoutTableCell {td} at (120,26) size 124x24 [border: (1px inset #808080)] [r=1 c=1 rs=1 cs=1]
              LayoutText {#text} at (2,2) size 53x19
                text run at (2,2) width 53: "TFOOT"
            LayoutTableCell {td} at (246,26) size 124x24 [border: (1px inset #808080)] [r=1 c=2 rs=1 cs=1]
              LayoutText {#text} at (2,2) size 53x19
                text run at (2,2) width 53: "TFOOT"
        LayoutTableSection {tbody} at (1,55) size 372x52
          LayoutTableRow {tr} at (0,0) size 372x24
            LayoutTableCell {td} at (2,0) size 116x24 [border: (1px inset #808080)] [r=0 c=0 rs=1 cs=1]
              LayoutText {#text} at (2,2) size 57x19
                text run at (2,2) width 57: "TBODY"
            LayoutTableCell {td} at (120,0) size 124x24 [border: (1px inset #808080)] [r=0 c=1 rs=1 cs=1]
              LayoutText {#text} at (2,2) size 57x19
                text run at (2,2) width 57: "TBODY"
            LayoutTableCell {td} at (246,0) size 124x24 [border: (1px inset #808080)] [r=0 c=2 rs=1 cs=1]
              LayoutText {#text} at (2,2) size 57x19
                text run at (2,2) width 57: "TBODY"
          LayoutTableRow {tr} at (0,26) size 372x24
            LayoutTableCell {td} at (2,26) size 116x24 [border: (1px inset #808080)] [r=1 c=0 rs=1 cs=1]
              LayoutText {#text} at (2,2) size 57x19
                text run at (2,2) width 57: "TBODY"
            LayoutTableCell {td} at (120,26) size 124x24 [border: (1px inset #808080)] [r=1 c=1 rs=1 cs=1]
              LayoutText {#text} at (2,2) size 57x19
                text run at (2,2) width 57: "TBODY"
            LayoutTableCell {td} at (246,26) size 124x24 [border: (1px inset #808080)] [r=1 c=2 rs=1 cs=1]
              LayoutText {#text} at (2,2) size 57x19
                text run at (2,2) width 57: "TBODY"
