layer at (0,0) size 800x600
  LayoutView at (0,0) size 800x600
layer at (0,0) size 800x46
  LayoutBlockFlow {html} at (0,0) size 800x46
    LayoutBlockFlow {body} at (8,8) size 784x30
      LayoutTable {table} at (0,0) size 676x30 [border: (1px outset #808080)]
        LayoutTableSection (anonymous) at (1,1) size 674x28
          LayoutTableRow {tr} at (0,2) size 674x24
            LayoutTableCell {th} at (2,2) size 334x24 [bgcolor=#00FF00] [border: (1px inset #808080)] [r=0 c=0 rs=1 cs=1]
              LayoutText {#text} at (2,2) size 330x19
                text run at (2,2) width 248: "This heading cell should have a lime "
                text run at (249,2) width 83: "background"
            LayoutTableCell {th} at (338,2) size 334x24 [bgcolor=#00FF00] [border: (1px inset #808080)] [r=0 c=1 rs=1 cs=1]
              LayoutText {#text} at (2,2) size 330x19
                text run at (2,2) width 248: "This heading cell should have a lime "
                text run at (249,2) width 83: "background"
