layer at (0,0) size 800x600 clip at (0,0) size 785x600 scrollHeight 1646
  LayoutView at (0,0) size 800x600
layer at (0,0) size 785x1646 backgroundClip at (0,0) size 785x600 clip at (0,0) size 785x600
  LayoutBlockFlow {html} at (0,0) size 785x1646
    LayoutBlockFlow {body} at (8,8) size 769x1630
      LayoutTable {table} at (0,0) size 293x110 [border: (1px outset #808080)]
        LayoutTableSection (anonymous) at (1,1) size 291x108
          LayoutTableRow {tr} at (0,2) size 291x104
            LayoutTableCell {th} at (2,42) size 287x24 [border: (1px inset #808080)] [r=0 c=0 rs=1 cs=1]
              LayoutText {#text} at (2,2) size 283x19
                text run at (2,2) width 283: "The height of this cell should be 100 pixels"
      LayoutBlockFlow (anonymous) at (0,110) size 769x20
        LayoutBR {br} at (0,0) size 0x19
      LayoutTable {table} at (0,130) size 293x210 [border: (1px outset #808080)]
        LayoutTableSection (anonymous) at (1,1) size 291x208
          LayoutTableRow {tr} at (0,2) size 291x204
            LayoutTableCell {th} at (2,92) size 287x24 [border: (1px inset #808080)] [r=0 c=0 rs=1 cs=1]
              LayoutText {#text} at (2,2) size 283x19
                text run at (2,2) width 283: "The height of this cell should be 200 pixels"
      LayoutBlockFlow (anonymous) at (0,340) size 769x20
        LayoutBR {br} at (0,0) size 0x19
      LayoutTable {table} at (0,360) size 293x310 [border: (1px outset #808080)]
        LayoutTableSection (anonymous) at (1,1) size 291x308
          LayoutTableRow {tr} at (0,2) size 291x304
            LayoutTableCell {th} at (2,142) size 287x24 [border: (1px inset #808080)] [r=0 c=0 rs=1 cs=1]
              LayoutText {#text} at (2,2) size 283x19
                text run at (2,2) width 283: "The height of this cell should be 300 pixels"
      LayoutBlockFlow (anonymous) at (0,670) size 769x20
        LayoutBR {br} at (0,0) size 0x19
      LayoutTable {table} at (0,690) size 293x410 [border: (1px outset #808080)]
        LayoutTableSection (anonymous) at (1,1) size 291x408
          LayoutTableRow {tr} at (0,2) size 291x404
            LayoutTableCell {th} at (2,192) size 287x24 [border: (1px inset #808080)] [r=0 c=0 rs=1 cs=1]
              LayoutText {#text} at (2,2) size 283x19
                text run at (2,2) width 283: "The height of this cell should be 400 pixels"
      LayoutBlockFlow (anonymous) at (0,1100) size 769x20
        LayoutBR {br} at (0,0) size 0x19
      LayoutTable {table} at (0,1120) size 293x510 [border: (1px outset #808080)]
        LayoutTableSection (anonymous) at (1,1) size 291x508
          LayoutTableRow {tr} at (0,2) size 291x504
            LayoutTableCell {th} at (2,242) size 287x24 [border: (1px inset #808080)] [r=0 c=0 rs=1 cs=1]
              LayoutText {#text} at (2,2) size 283x19
                text run at (2,2) width 283: "The height of this cell should be 500 pixels"
