layer at (0,0) size 800x600
  LayoutView at (0,0) size 800x600
layer at (0,0) size 800x600
  LayoutBlockFlow {HTML} at (0,0) size 800x600
    LayoutBlockFlow {BODY} at (8,20) size 784x480
      LayoutBlockFlow {DIV} at (20,0) size 744x112
        LayoutInline {SPAN} at (0,0) size 363x56
          LayoutText {#text} at (0,0) size 363x56
            text run at (0,0) width 363: "      multiple    "
        LayoutText {#text} at (362,0) size 723x112
          text run at (362,0) width 361: "     shadows    "
          text run at (0,56) width 16: " "
      LayoutBlockFlow {DIV} at (100,212) size 100x100
