layer at (0,0) size 800x600
  LayoutView at (0,0) size 800x600
layer at (0,0) size 800x600
  LayoutBlockFlow {HTML} at (0,0) size 800x600
    LayoutBlockFlow {BODY} at (8,8) size 784x584
      LayoutBlockFlow {H3} at (0,0) size 784x22
        LayoutText {#text} at (0,0) size 161x22
          text run at (0,0) width 161: "Default Appearance"
      LayoutBlockFlow (anonymous) at (0,40.72) size 784x41
        LayoutText {#text} at (0,0) size 291x18
          text run at (0,0) width 291: "List color controls have different appearance."
        LayoutBR {BR} at (290,14) size 1x0
        LayoutBlockFlow {INPUT} at (0,18) size 44x23 [bgcolor=#FFFFFF] [border: none (1px solid #A9A9A9) none (1px solid #A9A9A9)]
          LayoutFlexibleBox {DIV} at (3,1) size 38x21
            LayoutBlockFlow {DIV} at (2,4) size 34x13 [bgcolor=#000000] [border: (1px solid #777777)]
        LayoutBlockFlow {INPUT} at (44,18) size 88x23 [bgcolor=#F8F8F8] [border: (1px solid #A6A6A6)]
          LayoutFlexibleBox {DIV} at (1,1) size 86x21
            LayoutBlockFlow {DIV} at (8,4) size 54x13 [bgcolor=#000000] [border: (1px solid #000000)]
        LayoutText {#text} at (0,0) size 0x0
      LayoutBlockFlow {H3} at (0,100.44) size 784x22
        LayoutText {#text} at (0,0) size 159x22
          text run at (0,0) width 159: "Different Font Sizes"
      LayoutBlockFlow (anonymous) at (0,141.16) size 784x41
        LayoutText {#text} at (0,0) size 590x18
          text run at (0,0) width 590: "List color controls have different sizes depending on font sizes. Normal color controls don't."
        LayoutBR {BR} at (589,14) size 1x0
        LayoutBlockFlow {INPUT} at (0,18) size 44x23 [bgcolor=#FFFFFF] [border: none (1px solid #A9A9A9) none (1px solid #A9A9A9)]
          LayoutFlexibleBox {DIV} at (3,1) size 38x21
            LayoutBlockFlow {DIV} at (2,4) size 34x13 [bgcolor=#00FF00] [border: (1px solid #777777)]
        LayoutText {#text} at (44,21) size 4x18
          text run at (44,21) width 4: " "
        LayoutBlockFlow {INPUT} at (48,18) size 44x23 [bgcolor=#FFFFFF] [border: none (1px solid #A9A9A9) none (1px solid #A9A9A9)]
          LayoutFlexibleBox {DIV} at (3,1) size 38x21
            LayoutBlockFlow {DIV} at (2,4) size 34x13 [bgcolor=#00FF00] [border: (1px solid #777777)]
        LayoutText {#text} at (92,21) size 4x18
          text run at (92,21) width 4: " "
        LayoutBlockFlow {INPUT} at (96,18) size 44x23 [bgcolor=#FFFFFF] [border: none (1px solid #A9A9A9) none (1px solid #A9A9A9)]
          LayoutFlexibleBox {DIV} at (3,1) size 38x21
            LayoutBlockFlow {DIV} at (2,4) size 34x13 [bgcolor=#00FF00] [border: (1px solid #777777)]
        LayoutText {#text} at (140,21) size 4x18
          text run at (140,21) width 4: " "
        LayoutBlockFlow {INPUT} at (144,18) size 88x23 [bgcolor=#F8F8F8] [border: (1px solid #A6A6A6)]
          LayoutFlexibleBox {DIV} at (1,1) size 86x21
            LayoutBlockFlow {DIV} at (8,4) size 54x13 [bgcolor=#00FF00] [border: (1px solid #000000)]
        LayoutText {#text} at (232,21) size 4x18
          text run at (232,21) width 4: " "
        LayoutBlockFlow {INPUT} at (236,18) size 88x23 [bgcolor=#F8F8F8] [border: (1px solid #A6A6A6)]
          LayoutFlexibleBox {DIV} at (1,1) size 86x21
            LayoutBlockFlow {DIV} at (8,4) size 54x13 [bgcolor=#00FF00] [border: (1px solid #000000)]
        LayoutText {#text} at (324,21) size 4x18
          text run at (324,21) width 4: " "
        LayoutBlockFlow {INPUT} at (328,18) size 88x23 [bgcolor=#F8F8F8] [border: (1px solid #A6A6A6)]
          LayoutFlexibleBox {DIV} at (1,1) size 86x21
            LayoutBlockFlow {DIV} at (8,4) size 54x13 [bgcolor=#00FF00] [border: (1px solid #000000)]
        LayoutText {#text} at (0,0) size 0x0
      LayoutBlockFlow {H3} at (0,200.88) size 784x22
        LayoutText {#text} at (0,0) size 120x22
          text run at (0,0) width 120: "Various Colors"
      LayoutBlockFlow (anonymous) at (0,241.59) size 784x23
        LayoutBlockFlow {INPUT} at (0,0) size 44x23 [bgcolor=#FFFFFF] [border: none (1px solid #A9A9A9) none (1px solid #A9A9A9)]
          LayoutFlexibleBox {DIV} at (3,1) size 38x21
            LayoutBlockFlow {DIV} at (2,4) size 34x13 [bgcolor=#FF0000] [border: (1px solid #777777)]
        LayoutText {#text} at (44,3) size 4x18
          text run at (44,3) width 4: " "
        LayoutBlockFlow {INPUT} at (48,0) size 44x23 [bgcolor=#FFFFFF] [border: none (1px solid #A9A9A9) none (1px solid #A9A9A9)]
          LayoutFlexibleBox {DIV} at (3,1) size 38x21
            LayoutBlockFlow {DIV} at (2,4) size 34x13 [bgcolor=#00FF00] [border: (1px solid #777777)]
        LayoutText {#text} at (92,3) size 4x18
          text run at (92,3) width 4: " "
        LayoutBlockFlow {INPUT} at (96,0) size 44x23 [bgcolor=#FFFFFF] [border: none (1px solid #A9A9A9) none (1px solid #A9A9A9)]
          LayoutFlexibleBox {DIV} at (3,1) size 38x21
            LayoutBlockFlow {DIV} at (2,4) size 34x13 [bgcolor=#0000FF] [border: (1px solid #777777)]
        LayoutText {#text} at (140,3) size 4x18
          text run at (140,3) width 4: " "
        LayoutBlockFlow {INPUT} at (144,0) size 44x23 [bgcolor=#FFFFFF] [border: none (1px solid #A9A9A9) none (1px solid #A9A9A9)]
          LayoutFlexibleBox {DIV} at (3,1) size 38x21
            LayoutBlockFlow {DIV} at (2,4) size 34x13 [bgcolor=#EC008C] [border: (1px solid #777777)]
        LayoutText {#text} at (188,3) size 4x18
          text run at (188,3) width 4: " "
        LayoutBlockFlow {INPUT} at (192,0) size 44x23 [bgcolor=#FFFFFF] [border: none (1px solid #A9A9A9) none (1px solid #A9A9A9)]
          LayoutFlexibleBox {DIV} at (3,1) size 38x21
            LayoutBlockFlow {DIV} at (2,4) size 34x13 [bgcolor=#40E0D0] [border: (1px solid #777777)]
        LayoutText {#text} at (236,3) size 4x18
          text run at (236,3) width 4: " "
        LayoutBlockFlow {INPUT} at (240,0) size 88x23 [bgcolor=#F8F8F8] [border: (1px solid #A6A6A6)]
          LayoutFlexibleBox {DIV} at (1,1) size 86x21
            LayoutBlockFlow {DIV} at (8,4) size 54x13 [bgcolor=#FF0000] [border: (1px solid #000000)]
        LayoutText {#text} at (328,3) size 4x18
          text run at (328,3) width 4: " "
        LayoutBlockFlow {INPUT} at (332,0) size 88x23 [bgcolor=#F8F8F8] [border: (1px solid #A6A6A6)]
          LayoutFlexibleBox {DIV} at (1,1) size 86x21
            LayoutBlockFlow {DIV} at (8,4) size 54x13 [bgcolor=#00FF00] [border: (1px solid #000000)]
        LayoutText {#text} at (420,3) size 4x18
          text run at (420,3) width 4: " "
        LayoutBlockFlow {INPUT} at (424,0) size 88x23 [bgcolor=#F8F8F8] [border: (1px solid #A6A6A6)]
          LayoutFlexibleBox {DIV} at (1,1) size 86x21
            LayoutBlockFlow {DIV} at (8,4) size 54x13 [bgcolor=#0000FF] [border: (1px solid #000000)]
        LayoutText {#text} at (512,3) size 4x18
          text run at (512,3) width 4: " "
        LayoutBlockFlow {INPUT} at (516,0) size 88x23 [bgcolor=#F8F8F8] [border: (1px solid #A6A6A6)]
          LayoutFlexibleBox {DIV} at (1,1) size 86x21
            LayoutBlockFlow {DIV} at (8,4) size 54x13 [bgcolor=#EC008C] [border: (1px solid #000000)]
        LayoutText {#text} at (604,3) size 4x18
          text run at (604,3) width 4: " "
        LayoutBlockFlow {INPUT} at (608,0) size 88x23 [bgcolor=#F8F8F8] [border: (1px solid #A6A6A6)]
          LayoutFlexibleBox {DIV} at (1,1) size 86x21
            LayoutBlockFlow {DIV} at (8,4) size 54x13 [bgcolor=#40E0D0] [border: (1px solid #000000)]
        LayoutText {#text} at (0,0) size 0x0
      LayoutBlockFlow {H3} at (0,283.31) size 784x22
        LayoutText {#text} at (0,0) size 116x22
          text run at (0,0) width 116: "Arbitrary Size"
      LayoutBlockFlow (anonymous) at (0,324.03) size 784x48
        LayoutBlockFlow {INPUT} at (0,10) size 100x30 [bgcolor=#FFFFFF] [border: none (1px solid #A9A9A9) none (1px solid #A9A9A9)]
          LayoutFlexibleBox {DIV} at (3,1) size 94x28
            LayoutBlockFlow {DIV} at (2,4) size 90x20 [bgcolor=#FF0000] [border: (1px solid #777777)]
        LayoutText {#text} at (100,20) size 4x18
          text run at (100,20) width 4: " "
        LayoutBlockFlow {INPUT} at (104,2) size 88x46 [bgcolor=#FFFFFF] [border: (2px solid #A9A9A9)]
          LayoutFlexibleBox {DIV} at (6,4) size 76x38
            LayoutBlockFlow {DIV} at (4,8) size 68x22 [bgcolor=#FF0000] [border: (2px solid #777777)]
        LayoutText {#text} at (192,20) size 4x18
          text run at (192,20) width 4: " "
        LayoutBlockFlow {INPUT} at (196,0) size 176x46 [bgcolor=#F8F8F8] [border: (2px solid #A6A6A6)]
          LayoutFlexibleBox {DIV} at (2,2) size 172x42
            LayoutBlockFlow {DIV} at (16,8) size 108x26 [bgcolor=#FF0000] [border: (2px solid #000000)]
        LayoutText {#text} at (0,0) size 0x0
      LayoutBlockFlow {H3} at (0,390.75) size 784x22
        LayoutText {#text} at (0,0) size 97x22
          text run at (0,0) width 97: "Other styles"
      LayoutBlockFlow (anonymous) at (0,431.47) size 784x24
        LayoutBlockFlow {INPUT} at (0,1) size 44x23 [bgcolor=#FFFF00] [border: (1px solid #A9A9A9)]
          LayoutFlexibleBox {DIV} at (3,2) size 38x19
            LayoutBlockFlow {DIV} at (2,4) size 34x11 [bgcolor=#FF0000] [border: (1px solid #777777)]
        LayoutText {#text} at (44,3) size 4x18
          text run at (44,3) width 4: " "
        LayoutBlockFlow {INPUT} at (48,0) size 88x23 [bgcolor=#FFFF00] [border: (1px solid #A6A6A6)]
          LayoutFlexibleBox {DIV} at (1,1) size 86x21
            LayoutBlockFlow {DIV} at (8,4) size 54x13 [bgcolor=#FF0000] [border: (1px solid #000000)]
        LayoutText {#text} at (136,3) size 4x18
          text run at (136,3) width 4: " "
        LayoutBlockFlow {INPUT} at (140,1) size 44x23 [bgcolor=#FFFFFF] [border: (1px solid #00FF00)]
          LayoutFlexibleBox {DIV} at (3,2) size 38x19
            LayoutBlockFlow {DIV} at (2,4) size 34x11 [bgcolor=#FF0000] [border: (1px solid #777777)]
        LayoutText {#text} at (184,3) size 4x18
          text run at (184,3) width 4: " "
        LayoutBlockFlow {INPUT} at (188,0) size 88x23 [bgcolor=#F8F8F8] [border: (1px solid #00FF00)]
          LayoutFlexibleBox {DIV} at (1,1) size 86x21
            LayoutBlockFlow {DIV} at (8,4) size 54x13 [bgcolor=#FF0000] [border: (1px solid #000000)]
        LayoutText {#text} at (276,3) size 4x18
          text run at (276,3) width 4: " "
        LayoutBlockFlow {INPUT} at (280,0) size 44x23 [bgcolor=#FFFFFF] [border: none (1px solid #A9A9A9) none (1px solid #A9A9A9)]
          LayoutFlexibleBox {DIV} at (3,1) size 38x21
            LayoutBlockFlow {DIV} at (2,4) size 34x13 [bgcolor=#40E0D0] [border: (1px solid #777777)]
        LayoutText {#text} at (324,3) size 4x18
          text run at (324,3) width 4: " "
        LayoutBlockFlow {INPUT} at (328,0) size 88x23 [bgcolor=#F8F8F8] [border: (1px solid #A6A6A6)]
          LayoutFlexibleBox {DIV} at (1,1) size 86x21
            LayoutBlockFlow {DIV} at (24,4) size 54x13 [bgcolor=#FF0000] [border: (1px solid #000000)]
        LayoutText {#text} at (0,0) size 0x0
