layer at (0,0) size 800x600
  LayoutView at (0,0) size 800x600
layer at (0,0) size 800x582
  LayoutBlockFlow {html} at (0,0) size 800x582
    LayoutBlockFlow {body} at (8,8) size 784x566
      LayoutBlockFlow {div} at (10,10) size 220x545.63
        LayoutBlockFlow {h2} at (0,19.91) size 220x28
          LayoutText {#text} at (0,0) size 121x28
            text run at (0,0) width 121: "SVG nested"
        LayoutBlockFlow {h2} at (0,287.72) size 220x28
          LayoutText {#text} at (0,0) size 116x28
            text run at (0,0) width 116: "CSS nested"
      LayoutText {#text} at (240,0) size 4x18
        text run at (240,0) width 4: " "
      LayoutBlockFlow {div} at (254,10) size 220x545.63
        LayoutBlockFlow {h2} at (0,19.91) size 220x28
          LayoutText {#text} at (0,0) size 164x28
            text run at (0,0) width 164: "SVG compound"
        LayoutBlockFlow {h2} at (0,287.72) size 220x28
          LayoutText {#text} at (0,0) size 159x28
            text run at (0,0) width 159: "CSS compound"
      LayoutText {#text} at (0,0) size 0x0
layer at (28,86) size 200x200
  LayoutBlockFlow (relative positioned) {div} at (10,67.81) size 200x200 [bgcolor=#C0C0C0] [border: (1px solid #000000)]
    LayoutSVGRoot {svg} at (1,1) size 200x200
      LayoutSVGContainer {g} at (-84.85,0) size 204.85x169.71 [transform={m=((1.00,0.00)(0.00,1.00)) t=(75.00,25.00)}]
        LayoutSVGRect {rect} at (0,0) size 60x60 [stroke={[type=SOLID] [color=#000000] [dash array={1.00, 1.00}]}] [x=0.00] [y=0.00] [width=60.00] [height=60.00]
        LayoutSVGContainer {g} at (-42.43,0) size 102.43x84.85 [transform={m=((2.00,0.00)(0.00,2.00)) t=(0.00,0.00)}]
          LayoutSVGRect {rect} at (0,0) size 60x60 [stroke={[type=SOLID] [color=#000000] [dash array={1.00, 1.00}]}] [x=0.00] [y=0.00] [width=60.00] [height=60.00]
          LayoutSVGRect {rect} at (0,0) size 60x60 [transform={m=((0.71,0.71)(-0.71,0.71)) t=(0.00,0.00)}] [stroke={[type=SOLID] [color=#0000FF]}] [x=0.00] [y=0.00] [width=60.00] [height=60.00]
    LayoutText {#text} at (0,0) size 0x0
layer at (28,354) size 200x200
  LayoutBlockFlow (relative positioned) {div} at (10,335.63) size 200x200 [bgcolor=#C0C0C0] [border: (1px solid #000000)]
layer at (29,355) size 60x60
  LayoutBlockFlow (positioned) {div} at (1,1) size 60x60 [border: (1px dotted #000000)]
layer at (105,381) size 60x60
  LayoutBlockFlow (positioned) {div} at (1,1) size 60x60 [border: (1px dotted #000000)]
layer at (31,357) size 60x60
  LayoutBlockFlow (positioned) {div} at (1,1) size 60x60 [border: (1px solid #0000FF)]
layer at (272,86) size 200x200
  LayoutBlockFlow (relative positioned) {div} at (10,67.81) size 200x200 [bgcolor=#C0C0C0] [border: (1px solid #000000)]
    LayoutSVGRoot {svg} at (1,1) size 200x200
      LayoutSVGRect {rect} at (0,0) size 60x60 [transform={m=((1.41,1.41)(-1.41,1.41)) t=(75.00,25.00)}] [stroke={[type=SOLID] [color=#0000FF]}] [x=0.00] [y=0.00] [width=60.00] [height=60.00]
    LayoutText {#text} at (0,0) size 0x0
layer at (272,354) size 200x200
  LayoutBlockFlow (relative positioned) {div} at (10,335.63) size 200x200 [bgcolor=#C0C0C0] [border: (1px solid #000000)]
layer at (273,355) size 60x60
  LayoutBlockFlow (positioned) {div} at (1,1) size 60x60 [border: (1px solid #0000FF)]
