layer at (0,0) size 800x600
  LayoutView at (0,0) size 800x600
layer at (0,0) size 800x600
  LayoutBlockFlow {HTML} at (0,0) size 800x600
    LayoutBlockFlow {BODY} at (8,8) size 784x584
      LayoutBR {BR} at (0,0) size 0x18
      LayoutBR {BR} at (0,18) size 0x18
      LayoutBR {BR} at (0,36) size 0x18
      LayoutBR {BR} at (0,54) size 0x18
      LayoutText {#text} at (0,72) size 182x18
        text run at (0,72) width 182: "24 green box with word ok: "
      LayoutBR {BR} at (181,86) size 1x0
      LayoutBR {BR} at (0,90) size 0x18
      LayoutBR {BR} at (0,108) size 0x18
      LayoutBR {BR} at (0,126) size 0x18
      LayoutText {#text} at (0,144) size 182x18
        text run at (0,144) width 182: "25 green box with word ok: "
      LayoutBR {BR} at (181,158) size 1x0
      LayoutBR {BR} at (0,162) size 0x18
      LayoutBR {BR} at (0,180) size 0x18
      LayoutBR {BR} at (0,198) size 0x18
      LayoutText {#text} at (0,216) size 182x18
        text run at (0,216) width 182: "26 green box with word ok: "
      LayoutBR {BR} at (181,230) size 1x0
      LayoutBR {BR} at (0,234) size 0x18
      LayoutBR {BR} at (0,252) size 0x18
      LayoutBR {BR} at (0,270) size 0x18
hidden layer at (0,98) size 800x34
  LayoutBlockFlow (positioned) {DIV} at (0,98) size 800x34 [border: (2px solid #FF0000)]
    LayoutBlockFlow {DIV} at (2,2) size 796x4 [border: (2px solid #FF0000)]
    LayoutBlockFlow {DIV} at (2,6) size 796x22 [border: (2px solid #008000)]
      LayoutText {#text} at (2,2) size 16x18
        text run at (2,2) width 16: "ok"
hidden layer at (2,100) size 796x30
  LayoutBlockFlow (positioned) {DIV} at (2,2) size 796x30 [border: (2px solid #FF0000)]
    LayoutInline {SPAN} at (0,0) size 28x18
      LayoutText {#text} at (2,2) size 28x18
        text run at (2,2) width 28: "blah"
    LayoutText {#text} at (0,0) size 0x0
hidden layer at (0,170) size 800x34
  LayoutBlockFlow (positioned) {DIV} at (0,170) size 800x34 [border: (2px solid #FF0000)]
    LayoutBlockFlow {DIV} at (2,2) size 796x4 [border: (2px solid #FF0000)]
    LayoutBlockFlow {DIV} at (2,6) size 796x4 [border: (2px solid #FF0000)]
    LayoutBlockFlow {DIV} at (2,10) size 796x22 [border: (2px solid #008000)]
      LayoutText {#text} at (2,2) size 16x18
        text run at (2,2) width 16: "ok"
hidden layer at (2,172) size 796x30
  LayoutBlockFlow (positioned) {DIV} at (2,2) size 796x30 [border: (2px solid #FF0000)]
hidden layer at (0,242) size 800x34
  LayoutBlockFlow (positioned) {DIV} at (0,242) size 800x34 [border: (2px solid #FF0000)]
    LayoutBlockFlow {DIV} at (2,2) size 796x22 [border: (2px solid #FF0000)]
      LayoutBlockFlow {DIV} at (2,2) size 792x18
        LayoutText {#text} at (0,0) size 28x18
          text run at (0,0) width 28: "blah"
    LayoutBlockFlow {DIV} at (2,24) size 796x4 [border: (2px solid #FF0000)]
    LayoutBlockFlow {DIV} at (2,28) size 796x22 [border: (2px solid #008000)]
      LayoutText {#text} at (2,2) size 16x18
        text run at (2,2) width 16: "ok"
hidden layer at (2,244) size 796x30
  LayoutBlockFlow (positioned) {DIV} at (2,2) size 796x30 [border: (2px solid #FF0000)]
    LayoutInline {SPAN} at (0,0) size 28x18
      LayoutText {#text} at (2,2) size 28x18
        text run at (2,2) width 28: "blah"
    LayoutText {#text} at (0,0) size 0x0
