layer at (0,0) size 800x600
  LayoutView at (0,0) size 800x600
layer at (0,0) size 800x84
  LayoutBlockFlow {HTML} at (0,0) size 800x84
    LayoutBlockFlow {BODY} at (8,16) size 784x52
      LayoutBlockFlow {P} at (0,0) size 784x18
        LayoutInline {A} at (0,0) size 310x18 [color=#0000EE]
          LayoutText {#text} at (0,0) size 310x18
            text run at (0,0) width 310: "https://bugs.webkit.org/show_bug.cgi?id=22026"
      LayoutBlockFlow {P} at (0,34) size 784x18
        LayoutText {#text} at (0,0) size 662x18
          text run at (0,0) width 662: "Test that elements with transform and opacity on a parent are not clipped. You should see no red below."
layer at (150,200) size 100x100
  LayoutBlockFlow (positioned) {DIV} at (150,200) size 100x100 [bgcolor=#FF0000]
layer at (100,150) size 100x100 transparent
  LayoutBlockFlow (positioned) {DIV} at (100,150) size 100x100
layer at (100,150) size 10x10
  LayoutBlockFlow {DIV} at (0,0) size 10x10
layer at (150,200) size 100x100
  LayoutBlockFlow (positioned) {DIV} at (0,0) size 100x100 [bgcolor=#008000]
