layer at (0,0) size 800x600
  LayoutView at (0,0) size 800x600
layer at (0,0) size 800x479
  LayoutBlockFlow {HTML} at (0,0) size 800x479
    LayoutBlockFlow {BODY} at (8,16) size 784x455 [color=#0000FF]
      LayoutBlockFlow {P} at (0,0) size 784x250
        LayoutInline {<pseudo:first-letter>} at (0,0) size 88x164 [color=#00FFFF]
          LayoutTextFragment (anonymous) at (0,3) size 88x164
            text run at (0,3) width 88: "T"
        LayoutTextFragment {#text} at (88,89) size 56x55
          text run at (88,89) width 56: "he "
        LayoutInline {STRONG} at (0,0) size 205x55
          LayoutText {#text} at (144,88) size 205x55
            text run at (144,88) width 205: "first letter"
        LayoutText {#text} at (349,89) size 772x100
          text run at (349,89) width 423: " of this paragraph, and"
          text run at (0,170) width 55: "only that "
          text run at (55,170) width 92: "one, should be "
        LayoutInline {STRONG} at (0,0) size 86x19
          LayoutText {#text} at (147,170) size 86x19
            text run at (147,170) width 86: "600% bigger"
        LayoutText {#text} at (233,170) size 492x19
          text run at (233,170) width 126: " than the normal text "
          text run at (359,170) width 366: "(300% bigger than the rest of first line of this paragraph) and "
        LayoutInline {STRONG} at (0,0) size 32x19
          LayoutText {#text} at (725,170) size 32x19
            text run at (725,170) width 32: "aqua"
        LayoutText {#text} at (757,170) size 761x39
          text run at (757,170) width 4: ","
          text run at (0,190) width 94: "while the entire "
        LayoutInline {STRONG} at (0,0) size 55x19
          LayoutText {#text} at (94,190) size 55x19
            text run at (94,190) width 55: "first line"
        LayoutText {#text} at (149,190) size 66x19
          text run at (149,190) width 4: " "
          text run at (153,190) width 62: "should be "
        LayoutInline {STRONG} at (0,0) size 86x19
          LayoutText {#text} at (215,190) size 86x19
            text run at (215,190) width 86: "300% bigger"
        LayoutText {#text} at (301,190) size 104x19
          text run at (301,190) width 104: " than normal and "
        LayoutInline {STRONG} at (0,0) size 25x19
          LayoutText {#text} at (405,190) size 25x19
            text run at (405,190) width 25: "teal"
        LayoutText {#text} at (430,190) size 772x59
          text run at (430,190) width 266: ". If this precise combination does not occur, "
          text run at (696,190) width 76: "then the user"
          text run at (0,210) width 312: "agent has failed this test. Remember that in order to "
          text run at (312,210) width 395: "ensure a complete test, the paragraph must be displayed on more "
          text run at (707,210) width 51: "than one"
          text run at (0,230) width 82: "line. (TEST1)"
      LayoutBlockFlow {P} at (0,266) size 784x77
        LayoutInline {<pseudo:first-letter>} at (0,0) size 32x36 [color=#00FFFF]
          LayoutTextFragment (anonymous) at (0,0) size 32x36
            text run at (0,0) width 32: "\"T"
        LayoutTextFragment {#text} at (32,13) size 94x19
          text run at (32,13) width 94: "est\": The first "
        LayoutInline {STRONG} at (0,0) size 110x19
          LayoutText {#text} at (126,13) size 110x19
            text run at (126,13) width 110: "two characters"
        LayoutText {#text} at (236,13) size 449x19
          text run at (236,13) width 119: " in this paragraph "
          text run at (355,13) width 330: "(a double-quote mark and a capital 'T') should be "
        LayoutInline {STRONG} at (0,0) size 88x19
          LayoutText {#text} at (685,13) size 88x19
            text run at (685,13) width 44: "200% "
            text run at (729,13) width 44: "bigger"
        LayoutText {#text} at (0,37) size 210x19
          text run at (0,37) width 210: "than the rest of the paragraph, and "
        LayoutInline {STRONG} at (0,0) size 32x19
          LayoutText {#text} at (210,37) size 32x19
            text run at (210,37) width 32: "aqua"
        LayoutText {#text} at (242,37) size 139x19
          text run at (242,37) width 139: ". In addition, the entire "
        LayoutInline {STRONG} at (0,0) size 55x19
          LayoutText {#text} at (381,37) size 55x19
            text run at (381,37) width 31: "first "
            text run at (412,37) width 24: "line"
        LayoutText {#text} at (436,37) size 91x19
          text run at (436,37) width 91: " should be in a "
        LayoutInline {STRONG} at (0,0) size 157x19
          LayoutText {#text} at (527,37) size 157x19
            text run at (527,37) width 132: "small-caps font and "
            text run at (659,37) width 25: "teal"
        LayoutText {#text} at (684,37) size 784x39
          text run at (684,37) width 100: ". Remember that"
          text run at (0,57) width 209: "in order to ensure a complete test, "
          text run at (209,57) width 390: "the paragraph must be displayed on more than one line. (TEST2)"
      LayoutBlockFlow {P} at (0,359) size 784x60
        LayoutInline {<pseudo:first-letter>} at (0,0) size 9x19 [color=#00FFFF]
          LayoutTextFragment (anonymous) at (0,0) size 9x19
            text run at (0,0) width 9: "T"
        LayoutTextFragment {#text} at (9,0) size 18x19
          text run at (9,0) width 18: "he "
        LayoutInline {STRONG} at (0,0) size 67x19
          LayoutText {#text} at (27,0) size 67x19
            text run at (27,0) width 67: "first letter"
        LayoutText {#text} at (94,0) size 286x19
          text run at (94,0) width 194: " of this paragraph, and only that "
          text run at (288,0) width 92: "one, should be "
        LayoutInline {STRONG} at (0,0) size 32x19
          LayoutText {#text} at (380,0) size 32x19
            text run at (380,0) width 32: "aqua"
        LayoutText {#text} at (412,0) size 102x19
          text run at (412,0) width 102: ", while the entire "
        LayoutInline {STRONG} at (0,0) size 55x19
          LayoutText {#text} at (514,0) size 55x19
            text run at (514,0) width 55: "first line"
        LayoutText {#text} at (569,0) size 66x19
          text run at (569,0) width 66: " should be "
        LayoutInline {STRONG} at (0,0) size 25x19
          LayoutText {#text} at (635,0) size 25x19
            text run at (635,0) width 25: "teal"
        LayoutText {#text} at (660,0) size 748x59
          text run at (660,0) width 21: ". If "
          text run at (681,0) width 67: "this precise"
          text run at (0,20) width 314: "combination does not occur, then the user agent has "
          text run at (314,20) width 394: "failed this test. Remember that in order to ensure a complete test, "
          text run at (708,20) width 18: "the"
          text run at (0,40) width 368: "paragraph must be displayed on more than one line. (TEST3)"
      LayoutBlockFlow {DIV} at (0,435) size 784x20
        LayoutText {#text} at (0,0) size 159x19
          text run at (0,0) width 159: "You should see the words "
        LayoutInline {STRONG} at (0,0) size 65x19
          LayoutText {#text} at (159,0) size 65x19
            text run at (159,0) width 65: "\"TEST1\""
        LayoutText {#text} at (224,0) size 8x19
          text run at (224,0) width 8: ", "
        LayoutInline {STRONG} at (0,0) size 65x19
          LayoutText {#text} at (232,0) size 65x19
            text run at (232,0) width 65: "\"TEST2\""
        LayoutText {#text} at (297,0) size 34x19
          text run at (297,0) width 34: ", and "
        LayoutInline {STRONG} at (0,0) size 65x19
          LayoutText {#text} at (331,0) size 65x19
            text run at (331,0) width 65: "\"TEST3\""
        LayoutText {#text} at (396,0) size 229x19
          text run at (396,0) width 83: " at the end of "
          text run at (479,0) width 146: "three paragraphs above."
