layer at (0,0) size 800x600
  LayoutView at (0,0) size 800x600
layer at (0,0) size 800x102
  LayoutBlockFlow {HTML} at (0,0) size 800x102
    LayoutBlockFlow {BODY} at (8,16) size 784x78
      LayoutBlockFlow {P} at (0,0) size 784x20
        LayoutText {#text} at (0,0) size 216x19
          text run at (0,0) width 216: "The following two lines should look "
        LayoutInline {EM} at (0,0) size 93x19
          LayoutText {#text} at (216,0) size 93x19
            text run at (216,0) width 93: "approximately"
        LayoutText {#text} at (308,0) size 61x19
          text run at (308,0) width 61: " the same:"
      LayoutBlockFlow {DIV} at (0,36) size 784x20
        LayoutInline {SPAN} at (0,0) size 22x19
          LayoutInline {<pseudo:before>} at (0,0) size 22x19
            LayoutCounter (anonymous) at (0,0) size 22x19
              text run at (0,0) width 22: "\x{25A0}.\x{25A0}"
        LayoutText {#text} at (22,0) size 4x19
          text run at (22,0) width 4: " "
        LayoutInline {SPAN} at (0,0) size 22x19
          LayoutInline {<pseudo:before>} at (0,0) size 22x19
            LayoutCounter (anonymous) at (26,0) size 22x19
              text run at (26,0) width 22: "\x{25A0}.\x{25A0}"
        LayoutText {#text} at (48,0) size 4x19
          text run at (48,0) width 4: " "
        LayoutInline {SPAN} at (0,0) size 22x19
          LayoutInline {<pseudo:before>} at (0,0) size 22x19
            LayoutCounter (anonymous) at (52,0) size 22x19
              text run at (52,0) width 22: "\x{25A0}.\x{25A0}"
        LayoutText {#text} at (74,0) size 4x19
          text run at (74,0) width 4: " "
        LayoutInline {SPAN} at (0,0) size 22x19
          LayoutInline {<pseudo:before>} at (0,0) size 22x19
            LayoutCounter (anonymous) at (78,0) size 22x19
              text run at (78,0) width 22: "\x{25A0}.\x{25A0}"
        LayoutText {#text} at (100,0) size 4x19
          text run at (100,0) width 4: " "
        LayoutInline {SPAN} at (0,0) size 22x19
          LayoutInline {<pseudo:before>} at (0,0) size 22x19
            LayoutCounter (anonymous) at (104,0) size 22x19
              text run at (104,0) width 22: "\x{25A0}.\x{25A0}"
        LayoutText {#text} at (126,0) size 4x19
          text run at (126,0) width 4: " "
        LayoutInline {SPAN} at (0,0) size 22x19
          LayoutInline {<pseudo:before>} at (0,0) size 22x19
            LayoutCounter (anonymous) at (130,0) size 22x19
              text run at (130,0) width 22: "\x{25A0}.\x{25A0}"
        LayoutText {#text} at (152,0) size 4x19
          text run at (152,0) width 4: " "
        LayoutInline {SPAN} at (0,0) size 22x19
          LayoutInline {<pseudo:before>} at (0,0) size 22x19
            LayoutCounter (anonymous) at (156,0) size 22x19
              text run at (156,0) width 22: "\x{25A0}.\x{25A0}"
        LayoutText {#text} at (178,0) size 4x19
          text run at (178,0) width 4: " "
        LayoutInline {SPAN} at (0,0) size 22x19
          LayoutInline {<pseudo:before>} at (0,0) size 22x19
            LayoutCounter (anonymous) at (182,0) size 22x19
              text run at (182,0) width 22: "\x{25A0}.\x{25A0}"
        LayoutText {#text} at (204,0) size 4x19
          text run at (204,0) width 4: " "
        LayoutInline {SPAN} at (0,0) size 22x19
          LayoutInline {<pseudo:before>} at (0,0) size 22x19
            LayoutCounter (anonymous) at (208,0) size 22x19
              text run at (208,0) width 22: "\x{25A0}.\x{25A0}"
        LayoutText {#text} at (230,0) size 4x19
          text run at (230,0) width 4: " "
        LayoutInline {SPAN} at (0,0) size 22x19
          LayoutInline {<pseudo:before>} at (0,0) size 22x19
            LayoutCounter (anonymous) at (234,0) size 22x19
              text run at (234,0) width 22: "\x{25A0}.\x{25A0}"
        LayoutText {#text} at (256,0) size 4x19
          text run at (256,0) width 4: " "
        LayoutInline {SPAN} at (0,0) size 22x19
          LayoutInline {<pseudo:before>} at (0,0) size 22x19
            LayoutCounter (anonymous) at (260,0) size 22x19
              text run at (260,0) width 22: "\x{25A0}.\x{25A0}"
        LayoutText {#text} at (282,0) size 4x19
          text run at (282,0) width 4: " "
        LayoutInline {SPAN} at (0,0) size 22x19
          LayoutInline {<pseudo:before>} at (0,0) size 22x19
            LayoutCounter (anonymous) at (286,0) size 22x19
              text run at (286,0) width 22: "\x{25A0}.\x{25A0}"
        LayoutText {#text} at (0,0) size 0x0
      LayoutBlockFlow {DIV} at (0,56) size 784x22
        LayoutText {#text} at (0,2) size 428x19
          text run at (0,2) width 36: "\x{25FE}.\x{25FE} "
          text run at (36,2) width 36: "\x{25FE}.\x{25FE} "
          text run at (72,2) width 36: "\x{25FE}.\x{25FE} "
          text run at (108,2) width 36: "\x{25FE}.\x{25FE} "
          text run at (144,2) width 36: "\x{25FE}.\x{25FE} "
          text run at (180,2) width 36: "\x{25FE}.\x{25FE} "
          text run at (216,2) width 36: "\x{25FE}.\x{25FE} "
          text run at (252,2) width 36: "\x{25FE}.\x{25FE} "
          text run at (288,2) width 36: "\x{25FE}.\x{25FE} "
          text run at (324,2) width 36: "\x{25FE}.\x{25FE} "
          text run at (360,2) width 36: "\x{25FE}.\x{25FE} "
          text run at (396,2) width 32: "\x{25FE}.\x{25FE}"
