layer at (0,0) size 800x600
  LayoutView at (0,0) size 800x600
layer at (0,0) size 800x600
  LayoutBlockFlow {HTML} at (0,0) size 800x600
    LayoutBlockFlow {BODY} at (0,0) size 800x584
      LayoutBlockFlow {P} at (0,216) size 800x20
        LayoutText {#text} at (0,0) size 240x19
          text run at (0,0) width 240: "You should see one green square above"
layer at (50,50) size 100x100
  LayoutBlockFlow (positioned) {DIV} at (50,50) size 100x100 [bgcolor=#FF0000]
layer at (0,0) size 200x200 backgroundClip at (50,50) size 100x100 clip at (50,50) size 100x100
  LayoutBlockFlow {DIV} at (0,0) size 200x200 [bgcolor=#008000]
