layer at (0,0) size 800x600
  LayoutView at (0,0) size 800x600
layer at (0,0) size 800x600
  LayoutBlockFlow {HTML} at (0,0) size 800x600
    LayoutBlockFlow {BODY} at (8,8) size 784x584 [color=#444444]
      LayoutTable {TABLE} at (0,0) size 734x364
        LayoutTableSection {TBODY} at (0,0) size 734x364
          LayoutTableRow {TR} at (0,2) size 734x360
            LayoutTableCell {TD} at (2,2) size 242x360.44 [r=0 c=0 rs=1 cs=1]
              LayoutBlockFlow {H1} at (1,1) size 240x37
                LayoutText {#text} at (0,0) size 178x36
                  text run at (0,0) width 178: "Blue-on-blue"
              LayoutBlockFlow (anonymous) at (1,59.44) size 240x20
                LayoutText {#text} at (0,0) size 135x19
                  text run at (0,0) width 135: "Background color first"
              LayoutBlockFlow {DIV} at (17,95.44) size 98x98 [color=#0000FF] [bgcolor=#0000FF] [border: (1px solid #000000)]
                LayoutText {#text} at (20,1) size 58x59
                  text run at (20,1) width 58: "Az"
              LayoutBlockFlow (anonymous) at (1,209.44) size 240x20
                LayoutText {#text} at (0,0) size 87x19
                  text run at (0,0) width 87: "Text color first"
              LayoutBlockFlow {DIV} at (17,245.44) size 98x98 [color=#0000FF] [bgcolor=#0000FF] [border: (1px solid #000000)]
                LayoutText {#text} at (20,1) size 58x59
                  text run at (20,1) width 58: "Az"
            LayoutTableCell {TD} at (246,2) size 242x360.44 [r=0 c=1 rs=1 cs=1]
              LayoutBlockFlow {H1} at (1,1) size 240x37
                LayoutText {#text} at (0,0) size 164x36
                  text run at (0,0) width 164: "Blue-on-red"
              LayoutBlockFlow (anonymous) at (1,59.44) size 240x20
                LayoutText {#text} at (0,0) size 135x19
                  text run at (0,0) width 135: "Background color first"
              LayoutBlockFlow {DIV} at (17,95.44) size 98x98 [color=#0000FF] [bgcolor=#FF0000] [border: (1px solid #000000)]
                LayoutText {#text} at (20,1) size 58x59
                  text run at (20,1) width 58: "Az"
              LayoutBlockFlow (anonymous) at (1,209.44) size 240x20
                LayoutText {#text} at (0,0) size 87x19
                  text run at (0,0) width 87: "Text color first"
              LayoutBlockFlow {DIV} at (17,245.44) size 98x98 [color=#0000FF] [bgcolor=#FF0000] [border: (1px solid #000000)]
                LayoutText {#text} at (20,1) size 58x59
                  text run at (20,1) width 58: "Az"
            LayoutTableCell {TD} at (490,2) size 242x360.44 [r=0 c=2 rs=1 cs=1]
              LayoutBlockFlow {H1} at (1,1) size 240x37
                LayoutText {#text} at (0,0) size 178x36
                  text run at (0,0) width 178: "Blue-on-blue"
              LayoutBlockFlow (anonymous) at (1,59.44) size 240x20
                LayoutText {#text} at (0,0) size 135x19
                  text run at (0,0) width 135: "Background color first"
              LayoutBlockFlow {DIV} at (17,95.44) size 98x98 [color=#0000FF] [bgcolor=#0000FF] [border: (1px solid #000000)]
                LayoutText {#text} at (20,1) size 58x59
                  text run at (20,1) width 58: "Az"
              LayoutBlockFlow (anonymous) at (1,209.44) size 240x20
                LayoutText {#text} at (0,0) size 87x19
                  text run at (0,0) width 87: "Text color first"
              LayoutBlockFlow {DIV} at (17,245.44) size 98x98 [color=#0000FF] [bgcolor=#0000FF] [border: (1px solid #000000)]
                LayoutText {#text} at (20,1) size 58x59
                  text run at (20,1) width 58: "Az"
