layer at (0,0) size 800x600
  LayoutView at (0,0) size 800x600
layer at (0,0) size 800x600
  LayoutBlockFlow {HTML} at (0,0) size 800x600
    LayoutBlockFlow {BODY} at (8,8) size 784x576
      LayoutBlockFlow {P} at (0,0) size 784x40
        LayoutText {#text} at (0,0) size 771x39
          text run at (0,0) width 771: "The two squares below should not match each other. On the left is an uncorrected image and border, and on the right is the same"
          text run at (0,20) width 315: "image and same border color corrected from sRGB."
      LayoutImage (floating) {IMG} at (0,56) size 140x140 [border: (20px solid #560063)]
      LayoutImage (floating) {IMG} at (140,56) size 140x140 [border: (20px solid #560063)]
