layer at (0,0) size 800x600
  LayoutView at (0,0) size 800x600
layer at (0,0) size 800x600
  LayoutBlockFlow {HTML} at (0,0) size 800x600
    LayoutBlockFlow {BODY} at (8,8) size 784x584
      LayoutBlockFlow {P} at (0,0) size 784x20
        LayoutText {#text} at (0,0) size 50x19
          text run at (0,0) width 50: "Test for "
        LayoutInline {I} at (0,0) size 693x19
          LayoutInline {A} at (0,0) size 349x19 [color=#0000EE]
            LayoutText {#text} at (50,0) size 349x19
              text run at (50,0) width 349: "http://bugzilla.opendarwin.org/show_bug.cgi?id=4227"
          LayoutText {#text} at (399,0) size 344x19
            text run at (399,0) width 4: " "
            text run at (403,0) width 340: "The ex unit doesn't work for font-variant: small-caps"
        LayoutText {#text} at (743,0) size 4x19
          text run at (743,0) width 4: "."
      LayoutBlockFlow {P} at (0,36) size 784x20
        LayoutText {#text} at (0,0) size 233x19
          text run at (0,0) width 233: "There should be a green square below:"
      LayoutBlockFlow {DIV} at (0,72) size 140x140 [bgcolor=#008000]
