layer at (0,0) size 800x600
  LayoutView at (0,0) size 800x600
layer at (0,0) size 800x600
  LayoutBlockFlow {HTML} at (0,0) size 800x600
    LayoutBlockFlow {BODY} at (8,8) size 784x576
      LayoutBlockFlow {P} at (0,0) size 784x40
        LayoutText {#text} at (0,0) size 50x19
          text run at (0,0) width 50: "Test for "
        LayoutInline {I} at (0,0) size 781x39
          LayoutInline {A} at (0,0) size 304x19 [color=#0000EE]
            LayoutText {#text} at (50,0) size 304x19
              text run at (50,0) width 304: "http://bugs.webkit.org/show_bug.cgi?id=17834"
          LayoutText {#text} at (354,0) size 781x39
            text run at (354,0) width 4: " "
            text run at (358,0) width 423: "REGRESSION: floated first-letter does not work when included in"
            text run at (0,20) width 32: "table"
        LayoutText {#text} at (32,20) size 4x19
          text run at (32,20) width 4: "."
      LayoutBlockFlow {P} at (0,56) size 784x20
        LayoutText {#text} at (0,0) size 254x19
          text run at (0,0) width 254: "The following three lines should look like \x{201C}"
        LayoutInline {SPAN} at (0,0) size 11x19 [color=#008000]
          LayoutText {#text} at (254,0) size 11x19
            text run at (254,0) width 11: "A"
        LayoutText {#text} at (265,0) size 25x19
          text run at (265,0) width 25: "-Z\x{201D}."
      LayoutTable {TABLE} at (0,92) size 32x26
        LayoutTableSection {TBODY} at (0,0) size 32x26
          LayoutTableRow {TR} at (0,2) size 32x22
            LayoutTableCell {TD} at (2,2) size 28x22 [r=0 c=0 rs=1 cs=1]
              LayoutBlockFlow {DIV} at (1,1) size 26x20
                LayoutBlockFlow {P} at (0,0) size 26x20
                  LayoutBlockFlow (floating) {<pseudo:first-letter>} at (0,0) size 11x20 [color=#008000]
                    LayoutTextFragment (anonymous) at (0,0) size 11x19
                      text run at (0,0) width 11: "A"
                  LayoutTextFragment {#text} at (11,0) size 15x19
                    text run at (11,0) width 15: "-Z"
      LayoutTable {TABLE} at (0,118) size 32x26
        LayoutTableSection {TBODY} at (0,0) size 32x26
          LayoutTableRow {TR} at (0,2) size 32x22
            LayoutTableCell {TD} at (2,2) size 28x22 [r=0 c=0 rs=1 cs=1]
              LayoutBlockFlow {P} at (1,1) size 26x20
                LayoutBlockFlow (floating) {<pseudo:first-letter>} at (0,0) size 11x20 [color=#008000]
                  LayoutTextFragment (anonymous) at (0,0) size 11x19
                    text run at (0,0) width 11: "A"
                LayoutTextFragment {#text} at (11,0) size 15x19
                  text run at (11,0) width 15: "-Z"
      LayoutBlockFlow {P} at (0,160) size 784x20
        LayoutBlockFlow (floating) {<pseudo:first-letter>} at (0,0) size 11x20 [color=#008000]
          LayoutTextFragment (anonymous) at (0,0) size 11x19
            text run at (0,0) width 11: "A"
        LayoutTextFragment {#text} at (11,0) size 15x19
          text run at (11,0) width 15: "-Z"
