layer at (0,0) size 800x600
  LayoutView at (0,0) size 800x600
layer at (0,0) size 800x600
  LayoutBlockFlow {HTML} at (0,0) size 800x600
    LayoutBlockFlow {BODY} at (8,8) size 784x584
      LayoutBlockFlow {P} at (0,0) size 784x40
        LayoutText {#text} at (0,0) size 50x19
          text run at (0,0) width 50: "Test for "
        LayoutInline {I} at (0,0) size 751x39
          LayoutInline {A} at (0,0) size 312x19 [color=#0000EE]
            LayoutText {#text} at (49,0) size 312x19
              text run at (49,0) width 312: "https://bugs.webkit.org/show_bug.cgi?id=34735"
          LayoutText {#text} at (360,0) size 751x39
            text run at (360,0) width 391: " [Chromium] OpenType font with CFF glyphs is not handled"
            text run at (0,20) width 162: "correctly on Windows XP"
        LayoutText {#text} at (161,20) size 5x19
          text run at (161,20) width 5: "."
      LayoutBlockFlow {P} at (0,56) size 784x20
        LayoutText {#text} at (0,0) size 783x19
          text run at (0,0) width 783: "Check if glyphs in Ahem.otf can be rendered correctly. If the test passes, you should see dozens of black square characters below:"
      LayoutBlockFlow (anonymous) at (0,92) size 784x32
        LayoutInline {SPAN} at (0,0) size 736x16
          LayoutText {#text} at (0,0) size 736x16
            text run at (0,0) width 736: "!\"#$%&()*+,-./0123456789:;<=>?@ABCDEFGHIJKLMNO"
        LayoutText {#text} at (0,0) size 0x0
        LayoutInline {SPAN} at (0,0) size 736x16
          LayoutText {#text} at (0,16) size 736x16
            text run at (0,16) width 736: "PQRSTUVWXYZ[\\]^_`abcdefghijklmnoqrstuvwxyz{|}~"
        LayoutText {#text} at (0,0) size 0x0
      LayoutBlockFlow {P} at (0,140) size 784x40
        LayoutText {#text} at (0,0) size 768x39
          text run at (0,0) width 768: "Check if glyphs not in Ahem.otf can be rendered using a fallback font. If the test passes, you should see a single-quote character"
          text run at (0,20) width 40: "below:"
      LayoutBlockFlow (anonymous) at (0,196) size 784x20
        LayoutInline {SPAN} at (0,0) size 3x16
          LayoutText {#text} at (0,2) size 3x16
            text run at (0,2) width 3: "'"
        LayoutText {#text} at (0,0) size 0x0
