layer at (0,0) size 800x600
  LayoutView at (0,0) size 800x600
layer at (0,0) size 800x510
  LayoutBlockFlow {HTML} at (0,0) size 800x510
    LayoutBlockFlow {BODY} at (8,16) size 784x486
      LayoutBlockFlow {P} at (0,0) size 784x20
        LayoutText {#text} at (0,0) size 252x19
          text run at (0,0) width 252: "You should see the numbers 1 to 9 below."
      LayoutBlockFlow {DIV} at (0,36) size 784x50
        LayoutText {#text} at (0,0) size 24x50
          text run at (0,0) width 24: "A"
      LayoutBlockFlow {DIV} at (0,86) size 784x50
        LayoutText {#text} at (0,0) size 25x50
          text run at (0,0) width 25: "A"
      LayoutBlockFlow {DIV} at (0,136) size 784x50
        LayoutText {#text} at (0,0) size 26x50
          text run at (0,0) width 26: "A"
      LayoutBlockFlow {DIV} at (0,186) size 784x50
        LayoutText {#text} at (0,0) size 27x50
          text run at (0,0) width 27: "A"
      LayoutBlockFlow {DIV} at (0,236) size 784x50
        LayoutText {#text} at (0,0) size 29x50
          text run at (0,0) width 29: "A"
      LayoutBlockFlow {DIV} at (0,286) size 784x50
        LayoutText {#text} at (0,0) size 30x50
          text run at (0,0) width 30: "A"
      LayoutBlockFlow {DIV} at (0,336) size 784x50
        LayoutText {#text} at (0,0) size 31x50
          text run at (0,0) width 31: "A"
      LayoutBlockFlow {DIV} at (0,386) size 784x50
        LayoutText {#text} at (0,0) size 32x50
          text run at (0,0) width 32: "A"
      LayoutBlockFlow {DIV} at (0,436) size 784x50
        LayoutText {#text} at (0,0) size 33x50
          text run at (0,0) width 33: "A"
