layer at (0,0) size 800x600
  LayoutView at (0,0) size 800x600
layer at (0,0) size 800x600
  LayoutBlockFlow {HTML} at (0,0) size 800x600
    LayoutBlockFlow {BODY} at (8,8) size 784x576
      LayoutBlockFlow {P} at (0,0) size 784x20
        LayoutText {#text} at (0,0) size 50x19
          text run at (0,0) width 50: "Test for "
        LayoutInline {I} at (0,0) size 717x19
          LayoutInline {A} at (0,0) size 349x19 [color=#0000EE]
            LayoutText {#text} at (50,0) size 349x19
              text run at (50,0) width 349: "http://bugzilla.opendarwin.org/show_bug.cgi?id=9341"
          LayoutText {#text} at (399,0) size 368x19
            text run at (399,0) width 4: " "
            text run at (403,0) width 364: "REGRESSION: Repro crash caused by style=\"font:bold\""
        LayoutText {#text} at (767,0) size 4x19
          text run at (767,0) width 4: "."
      LayoutBlockFlow {P} at (0,36) size 784x20
        LayoutText {#text} at (0,0) size 122x19
          text run at (0,0) width 122: "PASS (didn\x{2019}t crash)"
