layer at (0,0) size 800x600
  LayoutView at (0,0) size 800x600
layer at (0,0) size 800x600
  LayoutBlockFlow {HTML} at (0,0) size 800x600
    LayoutBlockFlow {BODY} at (8,8) size 784x576
      LayoutBlockFlow {P} at (0,0) size 784x40
        LayoutText {#text} at (0,0) size 50x19
          text run at (0,0) width 50: "Test for "
        LayoutInline {I} at (0,0) size 756x39
          LayoutInline {A} at (0,0) size 312x19 [color=#0000EE]
            LayoutText {#text} at (49,0) size 312x19
              text run at (49,0) width 312: "https://bugs.webkit.org/show_bug.cgi?id=34147"
          LayoutText {#text} at (360,0) size 756x39
            text run at (360,0) width 396: " If @font-face does not provide an explicit italic/bold variant,"
            text run at (0,20) width 94: "regular is used"
        LayoutText {#text} at (93,20) size 5x19
          text run at (93,20) width 5: "."
      LayoutBlockFlow {P} at (0,56) size 784x20
        LayoutText {#text} at (0,0) size 84x19
          text run at (0,0) width 84: "Ahem regular:"
      LayoutBlockFlow {P} at (0,92) size 784x16
        LayoutText {#text} at (0,0) size 192x16
          text run at (0,0) width 192: "Ahem regular"
      LayoutBlockFlow {P} at (0,124) size 784x20
        LayoutText {#text} at (0,0) size 126x19
          text run at (0,0) width 126: "Ahem synthetic bold:"
      LayoutBlockFlow (anonymous) at (0,160) size 784x0
        LayoutInline {STRONG} at (0,0) size 0x0
      LayoutBlockFlow (anonymous) at (0,160) size 784x16
        LayoutBlockFlow {P} at (0,0) size 784x16
          LayoutText {#text} at (0,0) size 304x16
            text run at (0,0) width 304: "Ahem synthetic bold"
      LayoutBlockFlow (anonymous) at (0,192) size 784x0
        LayoutInline {STRONG} at (0,0) size 0x0
        LayoutText {#text} at (0,0) size 0x0
      LayoutBlockFlow {P} at (0,192) size 784x20
        LayoutText {#text} at (0,0) size 126x19
          text run at (0,0) width 126: "Ahem synthetic italic:"
      LayoutBlockFlow (anonymous) at (0,228) size 784x0
        LayoutInline {I} at (0,0) size 0x0
      LayoutBlockFlow (anonymous) at (0,228) size 784x16
        LayoutBlockFlow {P} at (0,0) size 784x16
          LayoutText {#text} at (0,0) size 336x16
            text run at (0,0) width 336: "Ahem synthetic italic"
      LayoutBlockFlow (anonymous) at (0,260) size 784x0
        LayoutInline {I} at (0,0) size 0x0
        LayoutText {#text} at (0,0) size 0x0
      LayoutBlockFlow {P} at (0,260) size 784x20
        LayoutText {#text} at (0,0) size 157x19
          text run at (0,0) width 157: "Ahem synthetic bold italic:"
      LayoutBlockFlow (anonymous) at (0,296) size 784x0
        LayoutInline {STRONG} at (0,0) size 0x0
          LayoutInline {I} at (0,0) size 0x0
      LayoutBlockFlow (anonymous) at (0,296) size 784x16
        LayoutBlockFlow {P} at (0,0) size 784x16
          LayoutText {#text} at (0,0) size 416x16
            text run at (0,0) width 416: "Ahem synthetic bold italic"
      LayoutBlockFlow (anonymous) at (0,328) size 784x0
        LayoutInline {STRONG} at (0,0) size 0x0
          LayoutInline {I} at (0,0) size 0x0
        LayoutText {#text} at (0,0) size 0x0
