layer at (0,0) size 800x600
  LayoutView at (0,0) size 800x600
layer at (0,0) size 800x600
  LayoutBlockFlow {HTML} at (0,0) size 800x600
    LayoutBlockFlow {BODY} at (8,8) size 784x570.56 [bgcolor=#FFFF00]
      LayoutBlockFlow {H1} at (0,0) size 784x37 [color=#FF000080]
        LayoutText {#text} at (0,0) size 393x36
          text run at (0,0) width 393: "This should be red, alpha 0.5"
      LayoutBlockFlow {H1} at (0,58.44) size 784x37 [color=#FF000080]
        LayoutText {#text} at (0,0) size 454x36
          text run at (0,0) width 454: "This should also be red, alpha 0.5"
      LayoutBlockFlow {H1} at (0,116.88) size 784x37 [color=#00FF0000]
        LayoutText {#text} at (0,0) size 423x36
          text run at (0,0) width 423: "This should be green, alpha 0.0"
      LayoutBlockFlow {H1} at (0,175.31) size 784x37 [color=#00FF0000]
        LayoutText {#text} at (0,0) size 484x36
          text run at (0,0) width 484: "This should also be green, alpha 0.0"
      LayoutBlockFlow {H1} at (0,233.75) size 784x37 [color=#00FF00]
        LayoutText {#text} at (0,0) size 423x36
          text run at (0,0) width 423: "This should be green, alpha 1.0"
      LayoutBlockFlow {H1} at (0,292.19) size 784x37 [color=#00FF00]
        LayoutText {#text} at (0,0) size 484x36
          text run at (0,0) width 484: "This should also be green, alpha 1.0"
