layer at (0,0) size 800x600
  LayoutView at (0,0) size 800x600
layer at (0,0) size 800x600
  LayoutBlockFlow {HTML} at (0,0) size 800x600
    LayoutBlockFlow {BODY} at (8,8) size 784x584
      LayoutBlockFlow {P} at (0,0) size 784x20
        LayoutText {#text} at (0,0) size 50x19
          text run at (0,0) width 50: "Test for "
        LayoutInline {A} at (0,0) size 65x19 [color=#0000EE]
          LayoutText {#text} at (50,0) size 65x19
            text run at (50,0) width 65: "bug 11590"
        LayoutText {#text} at (115,0) size 546x19
          text run at (115,0) width 546: ": REGRESSION (r17726-r17742): Wikipedia page intermittently loads but doesn't render."
      LayoutBlockFlow {P} at (0,36) size 784x20
        LayoutText {#text} at (0,0) size 773x19
          text run at (0,0) width 773: "All four sides of the square below should be present for this test to really pass, and WebKit shouldn't crash for it to pass partially."
      LayoutBlockFlow {DIV} at (0,72) size 106x106 [border: (3px solid #000000)]
