layer at (0,0) size 800x600
  LayoutView at (0,0) size 800x600
layer at (0,0) size 800x600
  LayoutBlockFlow {HTML} at (0,0) size 800x600
    LayoutBlockFlow {BODY} at (8,8) size 784x573.28
      LayoutBlockFlow {P} at (0,0) size 784x20
        LayoutText {#text} at (0,0) size 50x19
          text run at (0,0) width 50: "Test for "
        LayoutInline {A} at (0,0) size 285x19 [color=#0000EE]
          LayoutText {#text} at (50,0) size 285x19
            text run at (50,0) width 285: "http://bugs.webkit.org/show_bug.cgi?id=15260"
        LayoutText {#text} at (335,0) size 145x19
          text run at (335,0) width 145: "Any styles defined after "
        LayoutInline {ELEMENT} at (0,0) size 192x19
          LayoutText {#text} at (480,0) size 7x19
            text run at (480,0) width 7: "{"
          LayoutInline {PROPERTY} at (0,0) size 185x19
            LayoutText {#text} at (487,0) size 185x19
              text run at (487,0) width 185: ":%} style are ignored by Safari"
      LayoutBlockFlow {H3} at (0,38.72) size 784x23 [color=#008000]
        LayoutText {#text} at (0,0) size 252x22
          text run at (0,0) width 252: "This text should show in green."
