layer at (0,0) size 800x600
  LayoutView at (0,0) size 800x600
layer at (0,0) size 800x600
  LayoutBlockFlow {HTML} at (0,0) size 800x600
    LayoutBlockFlow {BODY} at (8,8) size 784x542
      LayoutBlockFlow {P} at (0,18) size 784x20
        LayoutText {#text} at (0,0) size 50x19
          text run at (0,0) width 50: "Test for "
        LayoutInline {I} at (0,0) size 653x19
          LayoutInline {A} at (0,0) size 309x19 [color=#0000EE]
            LayoutText {#text} at (50,0) size 309x19
              text run at (50,0) width 309: "https://bugs.webkit.org/show_bug.cgi?id=22118"
          LayoutText {#text} at (359,0) size 344x19
            text run at (359,0) width 4: " "
            text run at (363,0) width 340: "Resize corner does not track in transformed elements"
        LayoutText {#text} at (703,0) size 4x19
          text run at (703,0) width 4: "."
layer at (8,8) size 784x2 clip at (0,0) size 0x0
  LayoutBlockFlow {HR} at (0,0) size 784x2 [border: (1px inset #EEEEEE)]
layer at (8,62) size 784x2 clip at (0,0) size 0x0
  LayoutBlockFlow {HR} at (0,54) size 784x2 [border: (1px inset #EEEEEE)]
layer at (58,114) size 163x129 clip at (60,116) size 159x125
  LayoutBlockFlow {DIV} at (50,106) size 163x129 [border: (2px solid #0000FF)]
