layer at (0,0) size 800x600
  LayoutView at (0,0) size 800x600
layer at (0,0) size 800x600
  LayoutBlockFlow {HTML} at (0,0) size 800x600
    LayoutBlockFlow {BODY} at (8,8) size 784x584
      LayoutBlockFlow {P} at (0,18) size 784x20
        LayoutText {#text} at (0,0) size 50x19
          text run at (0,0) width 50: "Test for "
        LayoutInline {I} at (0,0) size 676x19
          LayoutInline {A} at (0,0) size 351x19 [color=#0000EE]
            LayoutText {#text} at (49,0) size 351x19
              text run at (49,0) width 351: "http://bugzilla.opendarwin.org/show_bug.cgi?id=9547"
          LayoutText {#text} at (399,0) size 326x19
            text run at (399,0) width 5: " "
            text run at (403,0) width 322: "Resize corner does not track the mouse accurately"
        LayoutText {#text} at (724,0) size 5x19
          text run at (724,0) width 5: "."
      LayoutBlockFlow (anonymous) at (0,189) size 784x363
        LayoutText {#text} at (169,106) size 4x19
          text run at (169,106) width 4: " "
        LayoutBR {BR} at (0,0) size 0x0
        LayoutText {#text} at (198,168) size 4x19
          text run at (198,168) width 4: " "
        LayoutBR {BR} at (0,0) size 0x0
        LayoutText {#text} at (0,0) size 0x0
layer at (8,8) size 784x2 clip at (0,0) size 0x0
  LayoutBlockFlow {HR} at (0,0) size 784x2 [border: (1px inset #EEEEEE)]
layer at (8,62) size 784x2 clip at (0,0) size 0x0
  LayoutBlockFlow {HR} at (0,54) size 784x2 [border: (1px inset #EEEEEE)]
layer at (8,72) size 173x125 clip at (10,74) size 169x121
  LayoutBlockFlow {DIV} at (0,64) size 173x125 [border: (2px solid #0000FF)]
layer at (8,197) size 169x121 clip at (10,199) size 165x117
  LayoutTextControl {TEXTAREA} at (0,0) size 169x121 [bgcolor=#FFFFFF] [border: (2px solid #0000FF)]
    LayoutBlockFlow {DIV} at (4,4) size 163x16
layer at (8,323) size 198x57 clip at (9,324) size 196x55
  LayoutTextControl {TEXTAREA} at (0,126) size 198x57 [bgcolor=#FFFFFF] [border: (1px solid #A9A9A9)]
    LayoutBlockFlow {DIV} at (3,3) size 194x16
layer at (8,385) size 323x175
  LayoutIFrame {IFRAME} at (0,188) size 323x175 [border: (2px inset #EEEEEE)]
    layer at (0,0) size 319x171
      LayoutView at (0,0) size 319x171
    layer at (0,0) size 319x171
      LayoutBlockFlow {HTML} at (0,0) size 319x171
        LayoutBlockFlow {BODY} at (8,8) size 303x155
