layer at (0,0) size 800x600
  LayoutView at (0,0) size 800x600
layer at (0,0) size 800x600
  LayoutBlockFlow {HTML} at (0,0) size 800x600
    LayoutBlockFlow {BODY} at (8,8) size 784x576
      LayoutBlockFlow {H1} at (0,0) size 784x37
        LayoutText {#text} at (0,0) size 251x36
          text run at (0,0) width 251: "setAttribute() Test"
      LayoutBlockFlow {P} at (0,58.44) size 784x20 [color=#008000]
        LayoutText {#text} at (0,0) size 446x19
          text run at (0,0) width 446: "This element's Class attribute is set using setAttribute(). It should be green."
      LayoutBlockFlow {P} at (0,94.44) size 784x20 [color=#008000]
        LayoutText {#text} at (0,0) size 429x19
          text run at (0,0) width 429: "This element's ID attribute is set using setAttribute(). It should be green."
      LayoutBlockFlow {P} at (0,130.44) size 784x20 [color=#008000]
        LayoutText {#text} at (0,0) size 438x19
          text run at (0,0) width 438: "This element's Title attribute is set using setAttribute(). It should be green."
      LayoutBlockFlow {P} at (0,166.44) size 784x20 [color=#008000]
        LayoutText {#text} at (0,0) size 374x19
          text run at (0,0) width 374: "This element's Title attribute is hard-coded. It should be green."
      LayoutBlockFlow {P} at (0,202.44) size 784x20 [color=#008000]
        LayoutText {#text} at (0,0) size 443x19
          text run at (0,0) width 443: "This element's Lang attribute is set using setAttribute(). It should be green."
