layer at (0,0) size 800x600
  LayoutView at (0,0) size 800x600
layer at (0,0) size 800x216
  LayoutBlockFlow {HTML} at (0,0) size 800x216
    LayoutBlockFlow {BODY} at (8,8) size 784x200
      LayoutBlockFlow (anonymous) at (0,0) size 784x80
        LayoutText {#text} at (0,0) size 533x19
          text run at (0,0) width 533: "Each consecutive pair of lines should look exactly the same apart from the trailing ellipsis."
        LayoutBR {BR} at (533,0) size 0x19
        LayoutText {#text} at (0,20) size 511x19
          text run at (0,20) width 511: "The ellipsis should appear on the left for the RTL case and on the right for LTR case. "
        LayoutBR {BR} at (0,0) size 0x0
        LayoutBR {BR} at (0,40) size 0x19
        LayoutText {#text} at (0,60) size 57x19
          text run at (0,60) width 57: "RTL text:"
      LayoutBlockFlow (anonymous) at (0,120) size 784x40
        LayoutBR {BR} at (0,0) size 0x19
        LayoutText {#text} at (0,20) size 57x19
          text run at (0,20) width 57: "LTR Text"
layer at (8,88) size 207x20 scrollX 91.00 scrollWidth 298
  LayoutBlockFlow {DIV} at (0,80) size 207x20
    LayoutText {#text} at (-90,0) size 298x19
      text run at (-90,0) width 0 RTL: "\x{202C}"
      text run at (-90,0) width 222 RTL: " \x{5D8}\x{5E7}\x{5E1}\x{5D8} \x{5E2}\x{5D1}\x{5E8}\x{5D9} \x{5DC}\x{5D3}\x{5D5}\x{5D2}\x{5DE}\x{5D0} \x{5D8}\x{5E7}\x{5E1}\x{5D8} \x{5E2}\x{5D1}\x{5E8}\x{5D9} \x{5DC}\x{5D3}\x{5D5}\x{5D2}\x{5DE}\x{5D0} "
      text run at (131,0) width 72: "English Text"
      text run at (203,0) width 4 RTL: "\x{202B} "
layer at (8,108) size 207x20 scrollX 91.00 scrollWidth 298
  LayoutBlockFlow {DIV} at (0,100) size 207x20
    LayoutText {#text} at (-90,0) size 298x19
      text run at (-90,0) width 0 RTL: "\x{202C}"
      text run at (-90,0) width 222 RTL: " \x{5D8}\x{5E7}\x{5E1}\x{5D8} \x{5E2}\x{5D1}\x{5E8}\x{5D9} \x{5DC}\x{5D3}\x{5D5}\x{5D2}\x{5DE}\x{5D0} \x{5D8}\x{5E7}\x{5E1}\x{5D8} \x{5E2}\x{5D1}\x{5E8}\x{5D9} \x{5DC}\x{5D3}\x{5D5}\x{5D2}\x{5DE}\x{5D0} "
      text run at (131,0) width 72: "English Text"
      text run at (203,0) width 4 RTL: "\x{202B} "
layer at (8,168) size 207x20 scrollWidth 224
  LayoutBlockFlow {DIV} at (0,160) size 207x20
    LayoutText {#text} at (0,0) size 224x19
      text run at (0,0) width 27 RTL: "\x{5DE}\x{5D9}\x{5DC}\x{5D4}"
      text run at (27,0) width 40: " word "
      text run at (67,0) width 32 RTL: "\x{5D0}\x{5D7}\x{5E8}\x{5EA}"
      text run at (99,0) width 53: " another "
      text run at (152,0) width 22 RTL: "\x{5D5}\x{5E2}\x{5D5}\x{5D3}"
      text run at (174,0) width 26: " yet "
      text run at (200,0) width 24 RTL: "\x{5D0}\x{5D7}\x{5EA}"
layer at (8,188) size 207x20 scrollWidth 224
  LayoutBlockFlow {DIV} at (0,180) size 207x20
    LayoutText {#text} at (0,0) size 224x19
      text run at (0,0) width 27 RTL: "\x{5DE}\x{5D9}\x{5DC}\x{5D4}"
      text run at (27,0) width 40: " word "
      text run at (67,0) width 32 RTL: "\x{5D0}\x{5D7}\x{5E8}\x{5EA}"
      text run at (99,0) width 53: " another "
      text run at (152,0) width 22 RTL: "\x{5D5}\x{5E2}\x{5D5}\x{5D3}"
      text run at (174,0) width 26: " yet "
      text run at (200,0) width 24 RTL: "\x{5D0}\x{5D7}\x{5EA}"
