layer at (0,0) size 800x600 clip at (0,0) size 785x600 scrollHeight 912
  LayoutView at (0,0) size 800x600
layer at (0,0) size 785x912 backgroundClip at (0,0) size 785x600 clip at (0,0) size 785x600
  LayoutBlockFlow {HTML} at (0,0) size 785x912.47
    LayoutBlockFlow {BODY} at (8,8) size 769x884.47
      LayoutBlockFlow {P} at (0,0) size 769x20
        LayoutText {#text} at (0,0) size 520x19
          text run at (0,0) width 520: "This test checks that text with text-overflow:ellipsis follows 'text-align: center' correctly."
      LayoutBlockFlow {P} at (0,36) size 769x20
        LayoutText {#text} at (0,0) size 366x19
          text run at (0,0) width 366: "The text in all boxes should have the text centered in the box."
      LayoutBlockFlow {H3} at (0,74.72) size 769x23
        LayoutText {#text} at (0,0) size 84x22
          text run at (0,0) width 84: "Single line"
      LayoutBlockFlow {H3} at (0,158.44) size 769x23
        LayoutText {#text} at (0,0) size 78x22
          text run at (0,0) width 78: "Multi line"
      LayoutBlockFlow {H3} at (0,302.16) size 769x23
        LayoutText {#text} at (0,0) size 230x22
          text run at (0,0) width 230: "Containing replaced content"
      LayoutBlockFlow {H3} at (0,395.88) size 769x23
        LayoutText {#text} at (0,0) size 395x22
          text run at (0,0) width 395: "Containing replaced content blocking the ellipsis"
      LayoutBlockFlow {H3} at (0,489.59) size 769x23
        LayoutText {#text} at (0,0) size 198x22
          text run at (0,0) width 198: "Right-To-Left single line"
      LayoutBlockFlow {H3} at (0,573.31) size 769x23
        LayoutText {#text} at (0,0) size 195x22
          text run at (0,0) width 195: "Right-To-Left Multi line"
      LayoutBlockFlow {H3} at (0,717.03) size 769x23
        LayoutText {#text} at (0,0) size 341x22
          text run at (0,0) width 341: "Right-To-Left containing replaced content"
      LayoutBlockFlow {H3} at (0,810.75) size 769x23
        LayoutText {#text} at (0,0) size 506x22
          text run at (0,0) width 506: "Right-To-Left containing replaced content blocking the ellipsis"
layer at (8,124) size 310x22 clip at (9,125) size 308x20 scrollWidth 683
  LayoutBlockFlow {DIV} at (0,116.44) size 310x22 [border: (1px solid #000000)]
    LayoutText {#text} at (1,1) size 683x19
      text run at (1,1) width 683: "Lorem ipsum dolor sit amet, consectetur adipiscing elit. Vivamus vitae eros non libero faucibus sagittis sed ut eros."
layer at (8,208) size 310x82 clip at (9,209) size 308x80 scrollWidth 683
  LayoutBlockFlow {DIV} at (0,200.16) size 310x82 [border: (1px solid #000000)]
    LayoutText {#text} at (1,1) size 683x19
      text run at (1,1) width 683: "Lorem ipsum dolor sit amet, consectetur adipiscing elit. Vivamus vitae eros non libero faucibus sagittis sed ut eros."
    LayoutBR {BR} at (0,0) size 0x0
    LayoutText {#text} at (2,21) size 674x19
      text run at (2,21) width 674: "orem ipsum dolor sit amet, consectetur adipiscing elit. Vivamus vitae eros non libero faucibus sagittis sed ut eros."
    LayoutBR {BR} at (0,0) size 0x0
    LayoutText {#text} at (1,41) size 666x19
      text run at (1,41) width 666: "rem ipsum dolor sit amet, consectetur adipiscing elit. Vivamus vitae eros non libero faucibus sagittis sed ut eros."
    LayoutBR {BR} at (0,0) size 0x0
    LayoutText {#text} at (3,61) size 661x19
      text run at (3,61) width 661: "em ipsum dolor sit amet, consectetur adipiscing elit. Vivamus vitae eros non libero faucibus sagittis sed ut eros."
    LayoutBR {BR} at (0,0) size 0x0
layer at (8,352) size 310x32 clip at (9,353) size 308x30 scrollWidth 712
  LayoutBlockFlow {DIV} at (0,343.88) size 310x32 [border: (1px solid #000000)]
    LayoutText {#text} at (2,11) size 173x19
      text run at (2,11) width 173: "Lorem ipsum dolor sit amet, "
    LayoutImage {IMG} at (175,1) size 25x25
    LayoutText {#text} at (200,11) size 514x19
      text run at (200,11) width 514: " consectetur adipiscing elit. Vivamus vitae eros non libero faucibus sagittis sed ut eros."
layer at (8,446) size 310x32 clip at (9,447) size 308x30 scrollWidth 709
  LayoutBlockFlow {DIV} at (0,437.59) size 310x32 [border: (1px solid #000000)]
    LayoutText {#text} at (2,11) size 262x19
      text run at (2,11) width 262: "Lorem ipsum dolor sit amet, consectetur ad"
    LayoutImage {IMG} at (263.50,1) size 25x25
    LayoutText {#text} at (288,11) size 422x19
      text run at (288,11) width 422: "ipiscing elit. Vivamus vitae eros non libero faucibus sagittis sed ut eros."
layer at (8,539) size 310x22 clip at (9,540) size 308x20 scrollX 374.00 scrollWidth 683
  LayoutBlockFlow {DIV} at (0,531.31) size 310x22 [border: (1px solid #000000)]
    LayoutText {#text} at (-373,1) size 683x19
      text run at (-373,1) width 682 RTL override: "Lorem ipsum dolor sit amet, consectetur adipiscing elit. Vivamus vitae eros non libero faucibus sagittis sed ut eros."
layer at (8,623) size 310x82 backgroundClip at (0,0) size 0x0 clip at (0,0) size 0x0 scrollX 374.00 scrollWidth 683
  LayoutBlockFlow {DIV} at (0,615.03) size 310x82 [border: (1px solid #000000)]
    LayoutText {#text} at (-373,1) size 683x19
      text run at (-373,1) width 682 RTL override: "Lorem ipsum dolor sit amet, consectetur adipiscing elit. Vivamus vitae eros non libero faucibus sagittis sed ut eros."
    LayoutBR {BR} at (0,0) size 0x0
    LayoutText {#text} at (-364,21) size 674x19
      text run at (-364,21) width 673 RTL override: "orem ipsum dolor sit amet, consectetur adipiscing elit. Vivamus vitae eros non libero faucibus sagittis sed ut eros."
    LayoutBR {BR} at (0,0) size 0x0
    LayoutText {#text} at (-356,41) size 666x19
      text run at (-356,41) width 665 RTL override: "rem ipsum dolor sit amet, consectetur adipiscing elit. Vivamus vitae eros non libero faucibus sagittis sed ut eros."
    LayoutBR {BR} at (0,0) size 0x0
    LayoutText {#text} at (-351,61) size 661x19
      text run at (-351,61) width 660 RTL override: "em ipsum dolor sit amet, consectetur adipiscing elit. Vivamus vitae eros non libero faucibus sagittis sed ut eros."
    LayoutBR {BR} at (0,0) size 0x0
layer at (8,767) size 310x32 backgroundClip at (0,0) size 0x0 clip at (0,0) size 0x0 scrollX 403.00 scrollWidth 711
  LayoutBlockFlow {DIV} at (0,758.75) size 310x32 [border: (1px solid #000000)]
    LayoutText {#text} at (136,11) size 173x19
      text run at (136,11) width 173 RTL override: "Lorem ipsum dolor sit amet, "
    LayoutImage {IMG} at (111,1) size 25x25
    LayoutText {#text} at (-402,11) size 514x19
      text run at (-402,11) width 513 RTL override: " consectetur adipiscing elit. Vivamus vitae eros non libero faucibus sagittis sed ut eros."
layer at (8,860) size 310x32 backgroundClip at (0,0) size 0x0 clip at (0,0) size 0x0 scrollX 400.00 scrollWidth 709
  LayoutBlockFlow {DIV} at (0,852.47) size 310x32 [border: (1px solid #000000)]
    LayoutText {#text} at (46,11) size 262x19
      text run at (46,11) width 262 RTL override: "Lorem ipsum dolor sit amet, consectetur ad"
    LayoutImage {IMG} at (21.50,1) size 25x25
    LayoutText {#text} at (-399,11) size 422x19
      text run at (-399,11) width 421 RTL override: "ipiscing elit. Vivamus vitae eros non libero faucibus sagittis sed ut eros."
