layer at (0,0) size 800x600
  LayoutView at (0,0) size 800x600
layer at (0,0) size 800x600
  LayoutBlockFlow {HTML} at (0,0) size 800x600
    LayoutBlockFlow {BODY} at (8,8) size 784x572
      LayoutBlockFlow {P} at (0,0) size 784x60
        LayoutText {#text} at (0,0) size 780x59
          text run at (0,0) width 780: "This file tests capitalisation with all sorts of odd things. There is some RTL text, some text with an inlined-div placed inside a word,"
          text run at (0,20) width 780: "an image between words as well as a div between words. Each word below should be capitalised, and there should be no capitals"
          text run at (0,40) width 135: "n the middle of words."
      LayoutBlockFlow {DIV} at (20,80) size 744x120 [border: (5px solid #FF0000)]
        LayoutBlockFlow {DIV} at (25,25) size 694x20
          LayoutText {#text} at (665,0) size 29x19
            text run at (665,0) width 29 RTL override: "Capi"
          LayoutInline {SPAN} at (0,0) size 14x19
            LayoutText {#text} at (651,0) size 14x19
              text run at (651,0) width 14 RTL override: "tal"
          LayoutText {#text} at (635,0) size 16x19
            text run at (635,0) width 16 RTL override: "ise"
        LayoutBlockFlow {DIV} at (25,45) size 694x50
          LayoutBlockFlow (anonymous) at (0,0) size 694x30
            LayoutText {#text} at (0,10) size 30x19
              text run at (0,10) width 30: "A W"
            LayoutInline {DIV} at (0,0) size 13x19
              LayoutText {#text} at (30,10) size 13x19
                text run at (30,10) width 13: "or"
            LayoutText {#text} at (43,10) size 40x19
              text run at (43,10) width 40: "d With"
            LayoutImage {IMG} at (83,0) size 25x25
            LayoutText {#text} at (108,10) size 59x19
              text run at (108,10) width 59: "An Image"
          LayoutBlockFlow {DIV} at (0,30) size 694x0
          LayoutBlockFlow (anonymous) at (0,30) size 694x20
            LayoutText {#text} at (0,0) size 33x19
              text run at (0,0) width 33: "In Be"
            LayoutInline {SPAN} at (0,0) size 15x19
              LayoutText {#text} at (33,0) size 15x19
                text run at (33,0) width 15: "tw"
            LayoutText {#text} at (48,0) size 21x19
              text run at (48,0) width 21: "een"
