layer at (0,0) size 800x600
  LayoutView at (0,0) size 800x600
layer at (0,0) size 800x205
  LayoutBlockFlow {HTML} at (0,0) size 800x205
    LayoutBlockFlow {BODY} at (8,16) size 784x181
      LayoutBlockFlow {P} at (0,0) size 784x20
        LayoutText {#text} at (0,0) size 359x19
          text run at (0,0) width 359: "You should not see any pixel artifacts around the reflections."
      LayoutBlockFlow (anonymous) at (0,36) size 784x145
        LayoutText {#text} at (140,125) size 4x19
          text run at (140,125) width 4: " "
        LayoutText {#text} at (284,125) size 4x19
          text run at (284,125) width 4: " "
        LayoutText {#text} at (0,0) size 0x0
layer at (28,72) size 100x100
  LayoutBlockFlow {DIV} at (20,20) size 100x100 [bgcolor=#000000]
layer at (172,72) size 100x100
  LayoutBlockFlow {DIV} at (164,20) size 100x100 [bgcolor=#000000]
layer at (316,72) size 100x100
  LayoutBlockFlow {DIV} at (308,20) size 100x100 [bgcolor=#000000]
