layer at (0,0) size 800x600
  LayoutView at (0,0) size 800x600
layer at (0,0) size 800x600
  LayoutBlockFlow {HTML} at (0,0) size 800x600
    LayoutBlockFlow {BODY} at (8,8) size 784x576
      LayoutBlockFlow {DIV} at (0,0) size 784x20
        LayoutInline {SPAN} at (0,0) size 235x19
          LayoutText {#text} at (0,0) size 235x19
            text run at (0,0) width 235: "This should not turn red when hovered."
        LayoutText {#text} at (0,0) size 0x0
      LayoutBlockFlow {P} at (0,46) size 784x40
        LayoutText {#text} at (0,0) size 50x19
          text run at (0,0) width 50: "Test for "
        LayoutInline {I} at (0,0) size 552x19
          LayoutInline {A} at (0,0) size 351x19 [color=#0000EE]
            LayoutText {#text} at (49,0) size 351x19
              text run at (49,0) width 351: "http://bugzilla.opendarwin.org/show_bug.cgi?id=7218"
          LayoutText {#text} at (399,0) size 202x19
            text run at (399,0) width 202: " Text underlined on mouse over"
        LayoutText {#text} at (600,0) size 95x19
          text run at (600,0) width 95: ". This tests that "
        LayoutInline {CODE} at (0,0) size 57x16
          LayoutText {#text} at (694,3) size 57x16
            text run at (694,3) width 57: "*:hover"
        LayoutText {#text} at (750,0) size 784x39
          text run at (750,0) width 34: " does"
          text run at (0,20) width 209: "not match anything in quirks mode."
layer at (8,36) size 784x2 clip at (0,0) size 0x0
  LayoutBlockFlow {HR} at (0,28) size 784x2 [border: (1px inset #EEEEEE)]
caret: position 1 of child 0 {#text} of child 1 {SPAN} of child 1 {DIV} of body
