layer at (0,0) size 800x600 clip at (0,0) size 785x600 scrollHeight 2982
  LayoutView at (0,0) size 800x600
layer at (0,0) size 785x2982 backgroundClip at (0,0) size 785x600 clip at (0,0) size 785x600
  LayoutBlockFlow {HTML} at (0,0) size 785x2981.75
    LayoutBlockFlow {BODY} at (8,8) size 769x2953.75
      LayoutBlockFlow {H3} at (0,0) size 769x23
        LayoutText {#text} at (0,0) size 84x22
          text run at (0,0) width 84: "Single line"
      LayoutBlockFlow {H3} at (0,371.72) size 769x23
        LayoutText {#text} at (0,0) size 78x22
          text run at (0,0) width 78: "Multi line"
      LayoutBlockFlow {H3} at (0,743.44) size 769x23
        LayoutText {#text} at (0,0) size 230x22
          text run at (0,0) width 230: "Containing replaced content"
      LayoutBlockFlow {H3} at (0,1115.16) size 769x23
        LayoutText {#text} at (0,0) size 395x22
          text run at (0,0) width 395: "Containing replaced content blocking the ellipsis"
      LayoutBlockFlow {H3} at (0,1486.88) size 769x23
        LayoutText {#text} at (0,0) size 198x22
          text run at (0,0) width 198: "Right-To-Left single line"
      LayoutBlockFlow {H3} at (0,1858.59) size 769x23
        LayoutText {#text} at (0,0) size 195x22
          text run at (0,0) width 195: "Right-To-Left Multi line"
      LayoutBlockFlow {H3} at (0,2230.31) size 769x23
        LayoutText {#text} at (0,0) size 341x22
          text run at (0,0) width 341: "Right-To-Left containing replaced content"
      LayoutBlockFlow {H3} at (0,2602.03) size 769x23
        LayoutText {#text} at (0,0) size 506x22
          text run at (0,0) width 506: "Right-To-Left containing replaced content blocking the ellipsis"
layer at (8,50) size 22x310 clip at (9,51) size 20x308 scrollHeight 682
  LayoutBlockFlow {DIV} at (0,41.72) size 22x310 [border: (1px solid #000000)]
    LayoutText {#text} at (1,1) size 19x683
      text run at (1,1) width 683: "Lorem ipsum dolor sit amet, consectetur adipiscing elit. Vivamus vitae eros non libero faucibus sagittis sed ut eros."
layer at (8,421) size 82x310 backgroundClip at (8,421) size 82x179 clip at (9,422) size 80x178 scrollHeight 683
  LayoutBlockFlow {DIV} at (0,413.44) size 82x310 [border: (1px solid #000000)]
    LayoutText {#text} at (1,1) size 19x683
      text run at (1,1) width 682: "Lorem ipsum dolor sit amet, consectetur adipiscing elit. Vivamus vitae eros non libero faucibus sagittis sed ut eros."
    LayoutBR {BR} at (0,0) size 0x0
    LayoutText {#text} at (21,2) size 19x674
      text run at (21,2) width 673: "orem ipsum dolor sit amet, consectetur adipiscing elit. Vivamus vitae eros non libero faucibus sagittis sed ut eros."
    LayoutBR {BR} at (0,0) size 0x0
    LayoutText {#text} at (41,1) size 19x665
      text run at (41,1) width 665: "rem ipsum dolor sit amet, consectetur adipiscing elit. Vivamus vitae eros non libero faucibus sagittis sed ut eros."
    LayoutBR {BR} at (0,0) size 0x0
    LayoutText {#text} at (61,3) size 19x661
      text run at (61,3) width 660: "em ipsum dolor sit amet, consectetur adipiscing elit. Vivamus vitae eros non libero faucibus sagittis sed ut eros."
    LayoutBR {BR} at (0,0) size 0x0
layer at (8,793) size 32x310 backgroundClip at (0,0) size 0x0 clip at (0,0) size 0x0 scrollHeight 712
  LayoutBlockFlow {DIV} at (0,785.16) size 32x310 [border: (1px solid #000000)]
    LayoutText {#text} at (11,2) size 19x173
      text run at (11,2) width 173: "Lorem ipsum dolor sit amet, "
    LayoutImage {IMG} at (1,175) size 25x25
    LayoutText {#text} at (11,200) size 19x514
      text run at (11,200) width 514: " consectetur adipiscing elit. Vivamus vitae eros non libero faucibus sagittis sed ut eros."
layer at (8,1165) size 32x310 backgroundClip at (0,0) size 0x0 clip at (0,0) size 0x0 scrollHeight 708
  LayoutBlockFlow {DIV} at (0,1156.88) size 32x310 [border: (1px solid #000000)]
    LayoutText {#text} at (11,2) size 19x262
      text run at (11,2) width 261: "Lorem ipsum dolor sit amet, consectetur ad"
    LayoutImage {IMG} at (1,263.50) size 25x25
    LayoutText {#text} at (11,288) size 19x422
      text run at (11,288) width 422: "ipiscing elit. Vivamus vitae eros non libero faucibus sagittis sed ut eros."
layer at (8,1537) size 22x310 backgroundClip at (0,0) size 0x0 clip at (0,0) size 0x0 scrollY 375.00 scrollHeight 683
  LayoutBlockFlow {DIV} at (0,1528.59) size 22x310 [border: (1px solid #000000)]
    LayoutText {#text} at (1,-374) size 19x684
      text run at (1,-374) width 683 RTL override: "Lorem ipsum dolor sit amet, consectetur adipiscing elit. Vivamus vitae eros non libero faucibus sagittis sed ut eros."
layer at (8,1908) size 82x310 backgroundClip at (0,0) size 0x0 clip at (0,0) size 0x0 scrollY 375.00 scrollHeight 684
  LayoutBlockFlow {DIV} at (0,1900.31) size 82x310 [border: (1px solid #000000)]
    LayoutText {#text} at (1,-374) size 19x684
      text run at (1,-374) width 683 RTL override: "Lorem ipsum dolor sit amet, consectetur adipiscing elit. Vivamus vitae eros non libero faucibus sagittis sed ut eros."
    LayoutBR {BR} at (0,0) size 0x0
    LayoutText {#text} at (21,-366) size 19x675
      text run at (21,-366) width 674 RTL override: "orem ipsum dolor sit amet, consectetur adipiscing elit. Vivamus vitae eros non libero faucibus sagittis sed ut eros."
    LayoutBR {BR} at (0,0) size 0x0
    LayoutText {#text} at (41,-356) size 19x666
      text run at (41,-356) width 666 RTL override: "rem ipsum dolor sit amet, consectetur adipiscing elit. Vivamus vitae eros non libero faucibus sagittis sed ut eros."
    LayoutBR {BR} at (0,0) size 0x0
    LayoutText {#text} at (61,-351) size 19x661
      text run at (61,-351) width 661 RTL override: "em ipsum dolor sit amet, consectetur adipiscing elit. Vivamus vitae eros non libero faucibus sagittis sed ut eros."
    LayoutBR {BR} at (0,0) size 0x0
layer at (8,2280) size 32x310 backgroundClip at (0,0) size 0x0 clip at (0,0) size 0x0 scrollY 404.00 scrollHeight 712
  LayoutBlockFlow {DIV} at (0,2272.03) size 32x310 [border: (1px solid #000000)]
    LayoutText {#text} at (11,136) size 19x173
      text run at (11,136) width 173 RTL override: "Lorem ipsum dolor sit amet, "
    LayoutImage {IMG} at (1,111) size 25x25
    LayoutText {#text} at (11,-403) size 19x514
      text run at (11,-403) width 514 RTL override: " consectetur adipiscing elit. Vivamus vitae eros non libero faucibus sagittis sed ut eros."
layer at (8,2652) size 32x310 backgroundClip at (0,0) size 0x0 clip at (0,0) size 0x0 scrollY 400.00 scrollHeight 708
  LayoutBlockFlow {DIV} at (0,2643.75) size 32x310 [border: (1px solid #000000)]
    LayoutText {#text} at (11,48) size 19x261
      text run at (11,48) width 261 RTL override: "Lorem ipsum dolor sit amet, consectetur ad"
    LayoutImage {IMG} at (1,23) size 25x25
    LayoutText {#text} at (11,-399) size 19x422
      text run at (11,-399) width 422 RTL override: "ipiscing elit. Vivamus vitae eros non libero faucibus sagittis sed ut eros."
