layer at (0,0) size 800x600 scrollWidth 2053 scrollHeight 2576
  LayoutView at (0,0) size 800x600
layer at (0,0) size 800x2576 backgroundClip at (0,0) size 800x600 clip at (0,0) size 800x600
  LayoutBlockFlow {HTML} at (0,0) size 800x2576.28
    LayoutBlockFlow {BODY} at (8,8) size 784x2560.28
      LayoutBlockFlow {H2} at (0,0) size 784x27
        LayoutText {#text} at (0,0) size 138x26
          text run at (0,0) width 138: "word-spacing"
      LayoutBlockFlow (anonymous) at (0,46.91) size 784x208.41
        LayoutBlockFlow (floating) {PRE} at (0,13) size 1224x182.41
          LayoutBlockFlow {H3} at (0,15.20) size 1224x17
            LayoutText {#text} at (0,0) size 204x17
              text run at (0,0) width 204: "In a floated pre"
          LayoutBlockFlow (anonymous) at (0,47.41) size 1224x135
            LayoutText {#text} at (0,0) size 260x33
              text run at (0,0) width 0: " "
              text run at (0,17) width 260: "Word   spacing test "
            LayoutInline {EM} at (0,0) size 24x17
              LayoutText {#text} at (260,16) size 24x17
                text run at (260,16) width 24: "for"
            LayoutText {#text} at (304,17) size 8x16
              text run at (304,17) width 8: " "
            LayoutInline {STRONG} at (0,0) size 64x16
              LayoutText {#text} at (312,17) size 64x16
                text run at (312,17) width 64: "elements"
            LayoutText {#text} at (396,17) size 8x16
              text run at (396,17) width 8: " "
            LayoutInline {TT} at (0,0) size 48x16
              LayoutText {#text} at (404,17) size 48x16
                text run at (404,17) width 48: "within"
            LayoutText {#text} at (472,17) size 624x33
              text run at (472,17) width 132: " elements too."
              text run at (624,17) width 0: " "
              text run at (0,34) width 260: "Word   spacing test "
            LayoutInline {EM} at (0,0) size 24x17
              LayoutText {#text} at (260,33) size 24x17
                text run at (260,33) width 24: "for"
            LayoutText {#text} at (304,34) size 8x16
              text run at (304,34) width 8: " "
            LayoutInline {STRONG} at (0,0) size 64x16
              LayoutText {#text} at (312,34) size 64x16
                text run at (312,34) width 64: "elements"
            LayoutText {#text} at (396,34) size 8x16
              text run at (396,34) width 8: " "
            LayoutInline {TT} at (0,0) size 48x16
              LayoutText {#text} at (404,34) size 48x16
                text run at (404,34) width 48: "within"
            LayoutText {#text} at (472,34) size 100x16
              text run at (472,34) width 100: " elements "
            LayoutText {#text} at (572,34) size 1072x33
              text run at (572,34) width 480: " too. (with comment between elements and too)"
              text run at (1072,34) width 0: " "
              text run at (0,51) width 260: "Word   spacing test "
            LayoutInline {EM} at (0,0) size 24x17
              LayoutText {#text} at (260,50) size 24x17
                text run at (260,50) width 24: "for"
            LayoutText {#text} at (304,51) size 8x16
              text run at (304,51) width 8: " "
            LayoutInline {STRONG} at (0,0) size 64x16
              LayoutText {#text} at (312,51) size 64x16
                text run at (312,51) width 64: "elements"
            LayoutText {#text} at (396,51) size 8x16
              text run at (396,51) width 8: " "
            LayoutInline {TT} at (0,0) size 48x16
              LayoutText {#text} at (404,51) size 48x16
                text run at (404,51) width 48: "within"
            LayoutText {#text} at (472,51) size 72x16
              text run at (472,51) width 72: " elements"
            LayoutText {#text} at (564,51) size 1292x33
              text run at (564,51) width 708: " too. (with comment (no preceding space) between elements and too)"
              text run at (1292,51) width 0: " "
              text run at (0,68) width 260: "Word   spacing test "
            LayoutInline {EM} at (0,0) size 24x17
              LayoutText {#text} at (260,67) size 24x17
                text run at (260,67) width 24: "for"
            LayoutText {#text} at (304,68) size 8x16
              text run at (304,68) width 8: " "
            LayoutInline {STRONG} at (0,0) size 64x16
              LayoutText {#text} at (312,68) size 64x16
                text run at (312,68) width 64: "elements"
            LayoutText {#text} at (396,68) size 8x16
              text run at (396,68) width 8: " "
            LayoutInline {TT} at (0,0) size 48x16
              LayoutText {#text} at (404,68) size 48x16
                text run at (404,68) width 48: "within"
            LayoutText {#text} at (472,68) size 100x16
              text run at (472,68) width 100: " elements "
            LayoutText {#text} at (572,68) size 712x16
              text run at (572,68) width 692: "too. (with comment (no trailing space) between elements and too)"
              text run at (1284,68) width 0: " "
            LayoutInline {SPAN} at (0,0) size 376x16
              LayoutText {#text} at (0,85) size 260x16
                text run at (0,85) width 260: "Word   spacing test "
              LayoutInline {EM} at (0,0) size 24x17
                LayoutText {#text} at (260,84) size 24x17
                  text run at (260,84) width 24: "for"
              LayoutText {#text} at (304,85) size 8x16
                text run at (304,85) width 8: " "
              LayoutInline {STRONG} at (0,0) size 64x16
                LayoutText {#text} at (312,85) size 64x16
                  text run at (312,85) width 64: "elements"
            LayoutText {#text} at (396,85) size 8x16
              text run at (396,85) width 8: " "
            LayoutInline {TT} at (0,0) size 48x16
              LayoutText {#text} at (404,85) size 48x16
                text run at (404,85) width 48: "within"
            LayoutText {#text} at (472,85) size 1116x33
              text run at (472,85) width 624: " elements too. (with monospace font from Word to elements)"
              text run at (1116,85) width 0: " "
              text run at (0,102) width 260: "Word   spacing test "
            LayoutInline {SPAN} at (0,0) size 192x16
              LayoutInline {EM} at (0,0) size 24x17
                LayoutText {#text} at (260,101) size 24x17
                  text run at (260,101) width 24: "for"
              LayoutText {#text} at (304,102) size 8x16
                text run at (304,102) width 8: " "
              LayoutInline {STRONG} at (0,0) size 64x16
                LayoutText {#text} at (312,102) size 64x16
                  text run at (312,102) width 64: "elements"
              LayoutText {#text} at (396,102) size 8x16
                text run at (396,102) width 8: " "
              LayoutInline {TT} at (0,0) size 48x16
                LayoutText {#text} at (404,102) size 48x16
                  text run at (404,102) width 48: "within"
            LayoutText {#text} at (472,102) size 1092x33
              text run at (472,102) width 600: " elements too. (with monospace font from for to within)"
              text run at (1092,102) width 0: " "
              text run at (0,119) width 260: "Word   spacing test "
            LayoutInline {EM} at (0,0) size 24x17
              LayoutText {#text} at (260,118) size 24x17
                text run at (260,118) width 24: "for"
            LayoutText {#text} at (304,119) size 8x16
              text run at (304,119) width 8: " "
            LayoutInline {STRONG} at (0,0) size 64x16
              LayoutText {#text} at (312,119) size 64x16
                text run at (312,119) width 64: "elements"
            LayoutText {#text} at (396,119) size 8x16
              text run at (396,119) width 8: " "
            LayoutInline {SPAN} at (0,0) size 192x16
              LayoutInline {TT} at (0,0) size 48x16
                LayoutText {#text} at (404,119) size 48x16
                  text run at (404,119) width 48: "within"
              LayoutText {#text} at (472,119) size 124x16
                text run at (472,119) width 124: " elements too"
            LayoutText {#text} at (596,119) size 512x16
              text run at (596,119) width 492: ". (with monospace font from elements to too)"
              text run at (1108,119) width 0: " "
        LayoutBR {BR} at (1224,0) size 0x19
      LayoutBlockFlow {PRE} at (0,270.52) size 784x167.20
        LayoutBlockFlow {H3} at (0,0) size 784x17
          LayoutText {#text} at (0,0) size 240x17
            text run at (0,0) width 240: "In an un-floated pre"
        LayoutBlockFlow (anonymous) at (0,32.20) size 784x135
          LayoutText {#text} at (0,0) size 260x33
            text run at (0,0) width 0: " "
            text run at (0,17) width 260: "Word   spacing test "
          LayoutInline {EM} at (0,0) size 24x17
            LayoutText {#text} at (260,16) size 24x17
              text run at (260,16) width 24: "for"
          LayoutText {#text} at (304,17) size 8x16
            text run at (304,17) width 8: " "
          LayoutInline {STRONG} at (0,0) size 64x16
            LayoutText {#text} at (312,17) size 64x16
              text run at (312,17) width 64: "elements"
          LayoutText {#text} at (396,17) size 8x16
            text run at (396,17) width 8: " "
          LayoutInline {TT} at (0,0) size 48x16
            LayoutText {#text} at (404,17) size 48x16
              text run at (404,17) width 48: "within"
          LayoutText {#text} at (472,17) size 624x33
            text run at (472,17) width 132: " elements too."
            text run at (624,17) width 0: " "
            text run at (0,34) width 260: "Word   spacing test "
          LayoutInline {EM} at (0,0) size 24x17
            LayoutText {#text} at (260,33) size 24x17
              text run at (260,33) width 24: "for"
          LayoutText {#text} at (304,34) size 8x16
            text run at (304,34) width 8: " "
          LayoutInline {STRONG} at (0,0) size 64x16
            LayoutText {#text} at (312,34) size 64x16
              text run at (312,34) width 64: "elements"
          LayoutText {#text} at (396,34) size 8x16
            text run at (396,34) width 8: " "
          LayoutInline {TT} at (0,0) size 48x16
            LayoutText {#text} at (404,34) size 48x16
              text run at (404,34) width 48: "within"
          LayoutText {#text} at (472,34) size 100x16
            text run at (472,34) width 100: " elements "
          LayoutText {#text} at (572,34) size 1072x33
            text run at (572,34) width 480: " too. (with comment between elements and too)"
            text run at (1072,34) width 0: " "
            text run at (0,51) width 260: "Word   spacing test "
          LayoutInline {EM} at (0,0) size 24x17
            LayoutText {#text} at (260,50) size 24x17
              text run at (260,50) width 24: "for"
          LayoutText {#text} at (304,51) size 8x16
            text run at (304,51) width 8: " "
          LayoutInline {STRONG} at (0,0) size 64x16
            LayoutText {#text} at (312,51) size 64x16
              text run at (312,51) width 64: "elements"
          LayoutText {#text} at (396,51) size 8x16
            text run at (396,51) width 8: " "
          LayoutInline {TT} at (0,0) size 48x16
            LayoutText {#text} at (404,51) size 48x16
              text run at (404,51) width 48: "within"
          LayoutText {#text} at (472,51) size 72x16
            text run at (472,51) width 72: " elements"
          LayoutText {#text} at (564,51) size 1292x33
            text run at (564,51) width 708: " too. (with comment (no preceding space) between elements and too)"
            text run at (1292,51) width 0: " "
            text run at (0,68) width 260: "Word   spacing test "
          LayoutInline {EM} at (0,0) size 24x17
            LayoutText {#text} at (260,67) size 24x17
              text run at (260,67) width 24: "for"
          LayoutText {#text} at (304,68) size 8x16
            text run at (304,68) width 8: " "
          LayoutInline {STRONG} at (0,0) size 64x16
            LayoutText {#text} at (312,68) size 64x16
              text run at (312,68) width 64: "elements"
          LayoutText {#text} at (396,68) size 8x16
            text run at (396,68) width 8: " "
          LayoutInline {TT} at (0,0) size 48x16
            LayoutText {#text} at (404,68) size 48x16
              text run at (404,68) width 48: "within"
          LayoutText {#text} at (472,68) size 100x16
            text run at (472,68) width 100: " elements "
          LayoutText {#text} at (572,68) size 712x16
            text run at (572,68) width 692: "too. (with comment (no trailing space) between elements and too)"
            text run at (1284,68) width 0: " "
          LayoutInline {SPAN} at (0,0) size 376x16
            LayoutText {#text} at (0,85) size 260x16
              text run at (0,85) width 260: "Word   spacing test "
            LayoutInline {EM} at (0,0) size 24x17
              LayoutText {#text} at (260,84) size 24x17
                text run at (260,84) width 24: "for"
            LayoutText {#text} at (304,85) size 8x16
              text run at (304,85) width 8: " "
            LayoutInline {STRONG} at (0,0) size 64x16
              LayoutText {#text} at (312,85) size 64x16
                text run at (312,85) width 64: "elements"
          LayoutText {#text} at (396,85) size 8x16
            text run at (396,85) width 8: " "
          LayoutInline {TT} at (0,0) size 48x16
            LayoutText {#text} at (404,85) size 48x16
              text run at (404,85) width 48: "within"
          LayoutText {#text} at (472,85) size 1116x33
            text run at (472,85) width 624: " elements too. (with monospace font from Word to elements)"
            text run at (1116,85) width 0: " "
            text run at (0,102) width 260: "Word   spacing test "
          LayoutInline {SPAN} at (0,0) size 192x16
            LayoutInline {EM} at (0,0) size 24x17
              LayoutText {#text} at (260,101) size 24x17
                text run at (260,101) width 24: "for"
            LayoutText {#text} at (304,102) size 8x16
              text run at (304,102) width 8: " "
            LayoutInline {STRONG} at (0,0) size 64x16
              LayoutText {#text} at (312,102) size 64x16
                text run at (312,102) width 64: "elements"
            LayoutText {#text} at (396,102) size 8x16
              text run at (396,102) width 8: " "
            LayoutInline {TT} at (0,0) size 48x16
              LayoutText {#text} at (404,102) size 48x16
                text run at (404,102) width 48: "within"
          LayoutText {#text} at (472,102) size 1092x33
            text run at (472,102) width 600: " elements too. (with monospace font from for to within)"
            text run at (1092,102) width 0: " "
            text run at (0,119) width 260: "Word   spacing test "
          LayoutInline {EM} at (0,0) size 24x17
            LayoutText {#text} at (260,118) size 24x17
              text run at (260,118) width 24: "for"
          LayoutText {#text} at (304,119) size 8x16
            text run at (304,119) width 8: " "
          LayoutInline {STRONG} at (0,0) size 64x16
            LayoutText {#text} at (312,119) size 64x16
              text run at (312,119) width 64: "elements"
          LayoutText {#text} at (396,119) size 8x16
            text run at (396,119) width 8: " "
          LayoutInline {SPAN} at (0,0) size 192x16
            LayoutInline {TT} at (0,0) size 48x16
              LayoutText {#text} at (404,119) size 48x16
                text run at (404,119) width 48: "within"
            LayoutText {#text} at (472,119) size 124x16
              text run at (472,119) width 124: " elements too"
          LayoutText {#text} at (596,119) size 512x16
            text run at (596,119) width 492: ". (with monospace font from elements to too)"
            text run at (1108,119) width 0: " "
      LayoutBlockFlow (anonymous) at (0,450.72) size 784x0
        LayoutInline {SPAN} at (0,0) size 0x0
          LayoutText {#text} at (0,0) size 0x0
      LayoutBlockFlow (anonymous) at (0,456.44) size 784x23
        LayoutBlockFlow {H3} at (0,0) size 784x23
          LayoutText {#text} at (0,0) size 115x22
            text run at (0,0) width 115: "In a span"
      LayoutBlockFlow (anonymous) at (0,498.16) size 784x300
        LayoutInline {SPAN} at (0,0) size 776x259
          LayoutText {#text} at (0,0) size 173x19
            text run at (0,0) width 59: "Word "
            text run at (59,0) width 114: "spacing test "
          LayoutInline {EM} at (0,0) size 19x19
            LayoutText {#text} at (173,0) size 19x19
              text run at (173,0) width 19: "for"
          LayoutText {#text} at (212,0) size 4x19
            text run at (212,0) width 4: " "
          LayoutInline {STRONG} at (0,0) size 60x19
            LayoutText {#text} at (216,0) size 60x19
              text run at (216,0) width 60: "elements"
          LayoutText {#text} at (296,0) size 4x19
            text run at (296,0) width 4: " "
          LayoutInline {TT} at (0,0) size 48x16
            LayoutText {#text} at (300,3) size 48x16
              text run at (300,3) width 48: "within"
          LayoutText {#text} at (368,0) size 104x19
            text run at (368,0) width 104: " elements too."
          LayoutBR {BR} at (492,15) size 0x0
          LayoutText {#text} at (0,20) size 173x19
            text run at (0,20) width 59: "Word "
            text run at (59,20) width 114: "spacing test "
          LayoutInline {EM} at (0,0) size 19x19
            LayoutText {#text} at (173,20) size 19x19
              text run at (173,20) width 19: "for"
          LayoutText {#text} at (212,20) size 4x19
            text run at (212,20) width 4: " "
          LayoutInline {STRONG} at (0,0) size 60x19
            LayoutText {#text} at (216,20) size 60x19
              text run at (216,20) width 60: "elements"
          LayoutText {#text} at (296,20) size 4x19
            text run at (296,20) width 4: " "
          LayoutInline {TT} at (0,0) size 48x16
            LayoutText {#text} at (300,23) size 48x16
              text run at (300,23) width 48: "within"
          LayoutText {#text} at (368,20) size 80x19
            text run at (368,20) width 80: " elements "
          LayoutText {#text} at (448,20) size 756x39
            text run at (448,20) width 308: "too. (with comment between elements"
            text run at (0,40) width 71: "and too)"
          LayoutBR {BR} at (91,55) size 0x0
          LayoutText {#text} at (0,60) size 173x19
            text run at (0,60) width 59: "Word "
            text run at (59,60) width 114: "spacing test "
          LayoutInline {EM} at (0,0) size 19x19
            LayoutText {#text} at (173,60) size 19x19
              text run at (173,60) width 19: "for"
          LayoutText {#text} at (212,60) size 4x19
            text run at (212,60) width 4: " "
          LayoutInline {STRONG} at (0,0) size 60x19
            LayoutText {#text} at (216,60) size 60x19
              text run at (216,60) width 60: "elements"
          LayoutText {#text} at (296,60) size 4x19
            text run at (296,60) width 4: " "
          LayoutInline {TT} at (0,0) size 48x16
            LayoutText {#text} at (300,63) size 48x16
              text run at (300,63) width 48: "within"
          LayoutText {#text} at (368,60) size 56x19
            text run at (368,60) width 56: " elements"
          LayoutText {#text} at (444,60) size 732x39
            text run at (444,60) width 288: " too. (with comment (no preceding"
            text run at (0,80) width 286: "space) between elements and too)"
          LayoutBR {BR} at (306,95) size 0x0
          LayoutText {#text} at (0,100) size 173x19
            text run at (0,100) width 59: "Word "
            text run at (59,100) width 114: "spacing test "
          LayoutInline {EM} at (0,0) size 19x19
            LayoutText {#text} at (173,100) size 19x19
              text run at (173,100) width 19: "for"
          LayoutText {#text} at (212,100) size 4x19
            text run at (212,100) width 4: " "
          LayoutInline {STRONG} at (0,0) size 60x19
            LayoutText {#text} at (216,100) size 60x19
              text run at (216,100) width 60: "elements"
          LayoutText {#text} at (296,100) size 4x19
            text run at (296,100) width 4: " "
          LayoutInline {TT} at (0,0) size 48x16
            LayoutText {#text} at (300,103) size 48x16
              text run at (300,103) width 48: "within"
          LayoutText {#text} at (368,100) size 80x19
            text run at (368,100) width 80: " elements "
          LayoutText {#text} at (448,100) size 776x39
            text run at (448,100) width 328: "too. (with comment (no trailing space)"
            text run at (0,120) width 222: "between elements and too)"
          LayoutBR {BR} at (242,135) size 0x0
          LayoutInline {SPAN} at (0,0) size 320x16
            LayoutText {#text} at (0,143) size 204x16
              text run at (0,143) width 60: "Word "
              text run at (60,143) width 144: "spacing test "
            LayoutInline {EM} at (0,0) size 24x17
              LayoutText {#text} at (204,142) size 24x17
                text run at (204,142) width 24: "for"
            LayoutText {#text} at (248,143) size 8x16
              text run at (248,143) width 8: " "
            LayoutInline {STRONG} at (0,0) size 64x16
              LayoutText {#text} at (256,143) size 64x16
                text run at (256,143) width 64: "elements"
          LayoutText {#text} at (340,140) size 4x19
            text run at (340,140) width 4: " "
          LayoutInline {TT} at (0,0) size 48x16
            LayoutText {#text} at (344,143) size 48x16
              text run at (344,143) width 48: "within"
          LayoutText {#text} at (412,140) size 762x39
            text run at (412,140) width 350: " elements too. (with monospace font from"
            text run at (0,160) width 152: "Word to elements)"
          LayoutBR {BR} at (172,175) size 0x0
          LayoutText {#text} at (0,180) size 173x19
            text run at (0,180) width 59: "Word "
            text run at (59,180) width 114: "spacing test "
          LayoutInline {SPAN} at (0,0) size 192x16
            LayoutInline {EM} at (0,0) size 24x17
              LayoutText {#text} at (173,182) size 24x17
                text run at (173,182) width 24: "for"
            LayoutText {#text} at (217,183) size 8x16
              text run at (217,183) width 8: " "
            LayoutInline {STRONG} at (0,0) size 64x16
              LayoutText {#text} at (225,183) size 64x16
                text run at (225,183) width 64: "elements"
            LayoutText {#text} at (309,183) size 8x16
              text run at (309,183) width 8: " "
            LayoutInline {TT} at (0,0) size 48x16
              LayoutText {#text} at (317,183) size 48x16
                text run at (317,183) width 48: "within"
          LayoutText {#text} at (385,180) size 776x39
            text run at (385,180) width 391: " elements too. (with monospace font from for"
            text run at (0,200) width 76: "to within)"
          LayoutBR {BR} at (96,215) size 0x0
          LayoutText {#text} at (0,220) size 173x19
            text run at (0,220) width 59: "Word "
            text run at (59,220) width 114: "spacing test "
          LayoutInline {EM} at (0,0) size 19x19
            LayoutText {#text} at (173,220) size 19x19
              text run at (173,220) width 19: "for"
          LayoutText {#text} at (212,220) size 4x19
            text run at (212,220) width 4: " "
          LayoutInline {STRONG} at (0,0) size 60x19
            LayoutText {#text} at (216,220) size 60x19
              text run at (216,220) width 60: "elements"
          LayoutText {#text} at (296,220) size 4x19
            text run at (296,220) width 4: " "
          LayoutInline {SPAN} at (0,0) size 192x16
            LayoutInline {TT} at (0,0) size 48x16
              LayoutText {#text} at (300,223) size 48x16
                text run at (300,223) width 48: "within"
            LayoutText {#text} at (368,223) size 124x16
              text run at (368,223) width 124: " elements too"
          LayoutText {#text} at (492,220) size 742x39
            text run at (492,220) width 250: ". (with monospace font from"
            text run at (0,240) width 161: "elements to too) "
        LayoutText {#text} at (0,0) size 0x0
        LayoutBR {BR} at (0,0) size 0x0
        LayoutBR {BR} at (0,260) size 0x19
        LayoutBR {BR} at (0,280) size 0x19
      LayoutBlockFlow {H2} at (0,818.06) size 784x27
        LayoutText {#text} at (0,0) size 140x26
          text run at (0,0) width 140: "letter-spacing"
      LayoutBlockFlow (anonymous) at (0,864.97) size 784x208.41
        LayoutBlockFlow (floating) {PRE} at (0,13) size 1508x182.41
          LayoutBlockFlow {H3} at (0,15.20) size 1508x17
            LayoutText {#text} at (0,0) size 224x17
              text run at (0,0) width 224: "In a floated pre"
          LayoutBlockFlow (anonymous) at (0,47.41) size 1508x135
            LayoutText {#text} at (0,0) size 286x33
              text run at (0,0) width 0: " "
              text run at (0,17) width 286: "Letter   spacing test "
            LayoutInline {EM} at (0,0) size 39x17
              LayoutText {#text} at (286,16) size 39x17
                text run at (286,16) width 39: "for"
            LayoutText {#text} at (325,17) size 13x16
              text run at (325,17) width 13: " "
            LayoutInline {STRONG} at (0,0) size 104x16
              LayoutText {#text} at (338,17) size 104x16
                text run at (338,17) width 104: "elements"
            LayoutText {#text} at (442,17) size 13x16
              text run at (442,17) width 13: " "
            LayoutInline {TT} at (0,0) size 78x16
              LayoutText {#text} at (455,17) size 78x16
                text run at (455,17) width 78: "within"
            LayoutText {#text} at (533,17) size 715x33
              text run at (533,17) width 182: " elements too."
              text run at (715,17) width 0: " "
              text run at (0,34) width 286: "Letter   spacing test "
            LayoutInline {EM} at (0,0) size 39x17
              LayoutText {#text} at (286,33) size 39x17
                text run at (286,33) width 39: "for"
            LayoutText {#text} at (325,34) size 13x16
              text run at (325,34) width 13: " "
            LayoutInline {STRONG} at (0,0) size 104x16
              LayoutText {#text} at (338,34) size 104x16
                text run at (338,34) width 104: "elements"
            LayoutText {#text} at (442,34) size 13x16
              text run at (442,34) width 13: " "
            LayoutInline {TT} at (0,0) size 78x16
              LayoutText {#text} at (455,34) size 78x16
                text run at (455,34) width 78: "within"
            LayoutText {#text} at (533,34) size 130x16
              text run at (533,34) width 130: " elements "
            LayoutText {#text} at (663,34) size 1248x33
              text run at (663,34) width 585: " too. (with comment between elements and too)"
              text run at (1248,34) width 0: " "
              text run at (0,51) width 286: "Letter   spacing test "
            LayoutInline {EM} at (0,0) size 39x17
              LayoutText {#text} at (286,50) size 39x17
                text run at (286,50) width 39: "for"
            LayoutText {#text} at (325,51) size 13x16
              text run at (325,51) width 13: " "
            LayoutInline {STRONG} at (0,0) size 104x16
              LayoutText {#text} at (338,51) size 104x16
                text run at (338,51) width 104: "elements"
            LayoutText {#text} at (442,51) size 13x16
              text run at (442,51) width 13: " "
            LayoutInline {TT} at (0,0) size 78x16
              LayoutText {#text} at (455,51) size 78x16
                text run at (455,51) width 78: "within"
            LayoutText {#text} at (533,51) size 117x16
              text run at (533,51) width 117: " elements"
            LayoutText {#text} at (650,51) size 1508x33
              text run at (650,51) width 858: " too. (with comment (no preceding space) between elements and too)"
              text run at (1508,51) width 0: " "
              text run at (0,68) width 286: "Letter   spacing test "
            LayoutInline {EM} at (0,0) size 39x17
              LayoutText {#text} at (286,67) size 39x17
                text run at (286,67) width 39: "for"
            LayoutText {#text} at (325,68) size 13x16
              text run at (325,68) width 13: " "
            LayoutInline {STRONG} at (0,0) size 104x16
              LayoutText {#text} at (338,68) size 104x16
                text run at (338,68) width 104: "elements"
            LayoutText {#text} at (442,68) size 13x16
              text run at (442,68) width 13: " "
            LayoutInline {TT} at (0,0) size 78x16
              LayoutText {#text} at (455,68) size 78x16
                text run at (455,68) width 78: "within"
            LayoutText {#text} at (533,68) size 130x16
              text run at (533,68) width 130: " elements "
            LayoutText {#text} at (663,68) size 832x16
              text run at (663,68) width 832: "too. (with comment (no trailing space) between elements and too)"
              text run at (1495,68) width 0: " "
            LayoutInline {SPAN} at (0,0) size 442x16
              LayoutText {#text} at (0,85) size 286x16
                text run at (0,85) width 286: "Letter   spacing test "
              LayoutInline {EM} at (0,0) size 39x17
                LayoutText {#text} at (286,84) size 39x17
                  text run at (286,84) width 39: "for"
              LayoutText {#text} at (325,85) size 13x16
                text run at (325,85) width 13: " "
              LayoutInline {STRONG} at (0,0) size 104x16
                LayoutText {#text} at (338,85) size 104x16
                  text run at (338,85) width 104: "elements"
            LayoutText {#text} at (442,85) size 13x16
              text run at (442,85) width 13: " "
            LayoutInline {TT} at (0,0) size 78x16
              LayoutText {#text} at (455,85) size 78x16
                text run at (455,85) width 78: "within"
            LayoutText {#text} at (533,85) size 1313x33
              text run at (533,85) width 780: " elements too. (with monospace font from Letter to elements)"
              text run at (1313,85) width 0: " "
              text run at (0,102) width 286: "Letter   spacing test "
            LayoutInline {SPAN} at (0,0) size 247x16
              LayoutInline {EM} at (0,0) size 39x17
                LayoutText {#text} at (286,101) size 39x17
                  text run at (286,101) width 39: "for"
              LayoutText {#text} at (325,102) size 13x16
                text run at (325,102) width 13: " "
              LayoutInline {STRONG} at (0,0) size 104x16
                LayoutText {#text} at (338,102) size 104x16
                  text run at (338,102) width 104: "elements"
              LayoutText {#text} at (442,102) size 13x16
                text run at (442,102) width 13: " "
              LayoutInline {TT} at (0,0) size 78x16
                LayoutText {#text} at (455,102) size 78x16
                  text run at (455,102) width 78: "within"
            LayoutText {#text} at (533,102) size 1248x33
              text run at (533,102) width 715: " elements too. (with monospace font from for to within)"
              text run at (1248,102) width 0: " "
              text run at (0,119) width 286: "Letter   spacing test "
            LayoutInline {EM} at (0,0) size 39x17
              LayoutText {#text} at (286,118) size 39x17
                text run at (286,118) width 39: "for"
            LayoutText {#text} at (325,119) size 13x16
              text run at (325,119) width 13: " "
            LayoutInline {STRONG} at (0,0) size 104x16
              LayoutText {#text} at (338,119) size 104x16
                text run at (338,119) width 104: "elements"
            LayoutText {#text} at (442,119) size 13x16
              text run at (442,119) width 13: " "
            LayoutInline {SPAN} at (0,0) size 247x16
              LayoutInline {TT} at (0,0) size 78x16
                LayoutText {#text} at (455,119) size 78x16
                  text run at (455,119) width 78: "within"
              LayoutText {#text} at (533,119) size 169x16
                text run at (533,119) width 169: " elements too"
            LayoutText {#text} at (702,119) size 572x16
              text run at (702,119) width 572: ". (with monospace font from elements to too)"
              text run at (1274,119) width 0: " "
        LayoutBR {BR} at (1508,0) size 0x19
      LayoutBlockFlow {PRE} at (0,1088.58) size 784x167.20
        LayoutBlockFlow {H3} at (0,0) size 784x17
          LayoutText {#text} at (0,0) size 280x17
            text run at (0,0) width 280: "In an un-floated pre"
        LayoutBlockFlow (anonymous) at (0,32.20) size 784x135
          LayoutText {#text} at (0,0) size 286x33
            text run at (0,0) width 0: " "
            text run at (0,17) width 286: "Letter   spacing test "
          LayoutInline {EM} at (0,0) size 39x17
            LayoutText {#text} at (286,16) size 39x17
              text run at (286,16) width 39: "for"
          LayoutText {#text} at (325,17) size 13x16
            text run at (325,17) width 13: " "
          LayoutInline {STRONG} at (0,0) size 104x16
            LayoutText {#text} at (338,17) size 104x16
              text run at (338,17) width 104: "elements"
          LayoutText {#text} at (442,17) size 13x16
            text run at (442,17) width 13: " "
          LayoutInline {TT} at (0,0) size 78x16
            LayoutText {#text} at (455,17) size 78x16
              text run at (455,17) width 78: "within"
          LayoutText {#text} at (533,17) size 715x33
            text run at (533,17) width 182: " elements too."
            text run at (715,17) width 0: " "
            text run at (0,34) width 286: "Letter   spacing test "
          LayoutInline {EM} at (0,0) size 39x17
            LayoutText {#text} at (286,33) size 39x17
              text run at (286,33) width 39: "for"
          LayoutText {#text} at (325,34) size 13x16
            text run at (325,34) width 13: " "
          LayoutInline {STRONG} at (0,0) size 104x16
            LayoutText {#text} at (338,34) size 104x16
              text run at (338,34) width 104: "elements"
          LayoutText {#text} at (442,34) size 13x16
            text run at (442,34) width 13: " "
          LayoutInline {TT} at (0,0) size 78x16
            LayoutText {#text} at (455,34) size 78x16
              text run at (455,34) width 78: "within"
          LayoutText {#text} at (533,34) size 130x16
            text run at (533,34) width 130: " elements "
          LayoutText {#text} at (663,34) size 1248x33
            text run at (663,34) width 585: " too. (with comment between elements and too)"
            text run at (1248,34) width 0: " "
            text run at (0,51) width 286: "Letter   spacing test "
          LayoutInline {EM} at (0,0) size 39x17
            LayoutText {#text} at (286,50) size 39x17
              text run at (286,50) width 39: "for"
          LayoutText {#text} at (325,51) size 13x16
            text run at (325,51) width 13: " "
          LayoutInline {STRONG} at (0,0) size 104x16
            LayoutText {#text} at (338,51) size 104x16
              text run at (338,51) width 104: "elements"
          LayoutText {#text} at (442,51) size 13x16
            text run at (442,51) width 13: " "
          LayoutInline {TT} at (0,0) size 78x16
            LayoutText {#text} at (455,51) size 78x16
              text run at (455,51) width 78: "within"
          LayoutText {#text} at (533,51) size 117x16
            text run at (533,51) width 117: " elements"
          LayoutText {#text} at (650,51) size 1508x33
            text run at (650,51) width 858: " too. (with comment (no preceding space) between elements and too)"
            text run at (1508,51) width 0: " "
            text run at (0,68) width 286: "Letter   spacing test "
          LayoutInline {EM} at (0,0) size 39x17
            LayoutText {#text} at (286,67) size 39x17
              text run at (286,67) width 39: "for"
          LayoutText {#text} at (325,68) size 13x16
            text run at (325,68) width 13: " "
          LayoutInline {STRONG} at (0,0) size 104x16
            LayoutText {#text} at (338,68) size 104x16
              text run at (338,68) width 104: "elements"
          LayoutText {#text} at (442,68) size 13x16
            text run at (442,68) width 13: " "
          LayoutInline {TT} at (0,0) size 78x16
            LayoutText {#text} at (455,68) size 78x16
              text run at (455,68) width 78: "within"
          LayoutText {#text} at (533,68) size 130x16
            text run at (533,68) width 130: " elements "
          LayoutText {#text} at (663,68) size 832x16
            text run at (663,68) width 832: "too. (with comment (no trailing space) between elements and too)"
            text run at (1495,68) width 0: " "
          LayoutInline {SPAN} at (0,0) size 442x16
            LayoutText {#text} at (0,85) size 286x16
              text run at (0,85) width 286: "Letter   spacing test "
            LayoutInline {EM} at (0,0) size 39x17
              LayoutText {#text} at (286,84) size 39x17
                text run at (286,84) width 39: "for"
            LayoutText {#text} at (325,85) size 13x16
              text run at (325,85) width 13: " "
            LayoutInline {STRONG} at (0,0) size 104x16
              LayoutText {#text} at (338,85) size 104x16
                text run at (338,85) width 104: "elements"
          LayoutText {#text} at (442,85) size 13x16
            text run at (442,85) width 13: " "
          LayoutInline {TT} at (0,0) size 78x16
            LayoutText {#text} at (455,85) size 78x16
              text run at (455,85) width 78: "within"
          LayoutText {#text} at (533,85) size 1313x33
            text run at (533,85) width 780: " elements too. (with monospace font from Letter to elements)"
            text run at (1313,85) width 0: " "
            text run at (0,102) width 286: "Letter   spacing test "
          LayoutInline {SPAN} at (0,0) size 247x16
            LayoutInline {EM} at (0,0) size 39x17
              LayoutText {#text} at (286,101) size 39x17
                text run at (286,101) width 39: "for"
            LayoutText {#text} at (325,102) size 13x16
              text run at (325,102) width 13: " "
            LayoutInline {STRONG} at (0,0) size 104x16
              LayoutText {#text} at (338,102) size 104x16
                text run at (338,102) width 104: "elements"
            LayoutText {#text} at (442,102) size 13x16
              text run at (442,102) width 13: " "
            LayoutInline {TT} at (0,0) size 78x16
              LayoutText {#text} at (455,102) size 78x16
                text run at (455,102) width 78: "within"
          LayoutText {#text} at (533,102) size 1248x33
            text run at (533,102) width 715: " elements too. (with monospace font from for to within)"
            text run at (1248,102) width 0: " "
            text run at (0,119) width 286: "Letter   spacing test "
          LayoutInline {EM} at (0,0) size 39x17
            LayoutText {#text} at (286,118) size 39x17
              text run at (286,118) width 39: "for"
          LayoutText {#text} at (325,119) size 13x16
            text run at (325,119) width 13: " "
          LayoutInline {STRONG} at (0,0) size 104x16
            LayoutText {#text} at (338,119) size 104x16
              text run at (338,119) width 104: "elements"
          LayoutText {#text} at (442,119) size 13x16
            text run at (442,119) width 13: " "
          LayoutInline {SPAN} at (0,0) size 247x16
            LayoutInline {TT} at (0,0) size 78x16
              LayoutText {#text} at (455,119) size 78x16
                text run at (455,119) width 78: "within"
            LayoutText {#text} at (533,119) size 169x16
              text run at (533,119) width 169: " elements too"
          LayoutText {#text} at (702,119) size 572x16
            text run at (702,119) width 572: ". (with monospace font from elements to too)"
            text run at (1274,119) width 0: " "
      LayoutBlockFlow (anonymous) at (0,1268.78) size 784x20
        LayoutBR {BR} at (0,0) size 0x19
        LayoutInline {SPAN} at (0,0) size 0x0
          LayoutText {#text} at (0,0) size 0x0
      LayoutBlockFlow (anonymous) at (0,1307.50) size 784x23
        LayoutBlockFlow {H3} at (0,0) size 784x23
          LayoutText {#text} at (0,0) size 120x22
            text run at (0,0) width 120: "In a span"
      LayoutBlockFlow (anonymous) at (0,1349.22) size 784x300
        LayoutInline {SPAN} at (0,0) size 761x259
          LayoutText {#text} at (0,0) size 214x19
            text run at (0,0) width 75: "Letter "
            text run at (75,0) width 139: "spacing test "
          LayoutInline {EM} at (0,0) size 34x19
            LayoutText {#text} at (214,0) size 34x19
              text run at (214,0) width 34: "for"
          LayoutText {#text} at (248,0) size 9x19
            text run at (248,0) width 9: " "
          LayoutInline {STRONG} at (0,0) size 100x19
            LayoutText {#text} at (257,0) size 100x19
              text run at (257,0) width 100: "elements"
          LayoutText {#text} at (357,0) size 9x19
            text run at (357,0) width 9: " "
          LayoutInline {TT} at (0,0) size 78x16
            LayoutText {#text} at (366,3) size 78x16
              text run at (366,3) width 78: "within"
          LayoutText {#text} at (444,0) size 154x19
            text run at (444,0) width 154: " elements too."
          LayoutBR {BR} at (598,15) size 0x0
          LayoutText {#text} at (0,20) size 214x19
            text run at (0,20) width 75: "Letter "
            text run at (75,20) width 139: "spacing test "
          LayoutInline {EM} at (0,0) size 34x19
            LayoutText {#text} at (214,20) size 34x19
              text run at (214,20) width 34: "for"
          LayoutText {#text} at (248,20) size 9x19
            text run at (248,20) width 9: " "
          LayoutInline {STRONG} at (0,0) size 100x19
            LayoutText {#text} at (257,20) size 100x19
              text run at (257,20) width 100: "elements"
          LayoutText {#text} at (357,20) size 9x19
            text run at (357,20) width 9: " "
          LayoutInline {TT} at (0,0) size 78x16
            LayoutText {#text} at (366,23) size 78x16
              text run at (366,23) width 78: "within"
          LayoutText {#text} at (444,20) size 110x19
            text run at (444,20) width 110: " elements "
          LayoutText {#text} at (554,20) size 761x39
            text run at (554,20) width 207: "too. (with comment"
            text run at (0,40) width 287: "between elements and too)"
          LayoutBR {BR} at (287,55) size 0x0
          LayoutText {#text} at (0,60) size 214x19
            text run at (0,60) width 75: "Letter "
            text run at (75,60) width 139: "spacing test "
          LayoutInline {EM} at (0,0) size 34x19
            LayoutText {#text} at (214,60) size 34x19
              text run at (214,60) width 34: "for"
          LayoutText {#text} at (248,60) size 9x19
            text run at (248,60) width 9: " "
          LayoutInline {STRONG} at (0,0) size 100x19
            LayoutText {#text} at (257,60) size 100x19
              text run at (257,60) width 100: "elements"
          LayoutText {#text} at (357,60) size 9x19
            text run at (357,60) width 9: " "
          LayoutInline {TT} at (0,0) size 78x16
            LayoutText {#text} at (366,63) size 78x16
              text run at (366,63) width 78: "within"
          LayoutText {#text} at (444,60) size 101x19
            text run at (444,60) width 101: " elements"
          LayoutText {#text} at (545,60) size 761x39
            text run at (545,60) width 216: " too. (with comment"
            text run at (0,80) width 523: "(no preceding space) between elements and too)"
          LayoutBR {BR} at (523,95) size 0x0
          LayoutText {#text} at (0,100) size 214x19
            text run at (0,100) width 75: "Letter "
            text run at (75,100) width 139: "spacing test "
          LayoutInline {EM} at (0,0) size 34x19
            LayoutText {#text} at (214,100) size 34x19
              text run at (214,100) width 34: "for"
          LayoutText {#text} at (248,100) size 9x19
            text run at (248,100) width 9: " "
          LayoutInline {STRONG} at (0,0) size 100x19
            LayoutText {#text} at (257,100) size 100x19
              text run at (257,100) width 100: "elements"
          LayoutText {#text} at (357,100) size 9x19
            text run at (357,100) width 9: " "
          LayoutInline {TT} at (0,0) size 78x16
            LayoutText {#text} at (366,103) size 78x16
              text run at (366,103) width 78: "within"
          LayoutText {#text} at (444,100) size 110x19
            text run at (444,100) width 110: " elements "
          LayoutText {#text} at (554,100) size 761x39
            text run at (554,100) width 207: "too. (with comment"
            text run at (0,120) width 498: "(no trailing space) between elements and too)"
          LayoutBR {BR} at (498,135) size 0x0
          LayoutInline {SPAN} at (0,0) size 416x16
            LayoutText {#text} at (0,143) size 260x16
              text run at (0,143) width 91: "Letter "
              text run at (91,143) width 169: "spacing test "
            LayoutInline {EM} at (0,0) size 39x17
              LayoutText {#text} at (260,142) size 39x17
                text run at (260,142) width 39: "for"
            LayoutText {#text} at (299,143) size 13x16
              text run at (299,143) width 13: " "
            LayoutInline {STRONG} at (0,0) size 104x16
              LayoutText {#text} at (312,143) size 104x16
                text run at (312,143) width 104: "elements"
          LayoutText {#text} at (416,140) size 9x19
            text run at (416,140) width 9: " "
          LayoutInline {TT} at (0,0) size 78x16
            LayoutText {#text} at (425,143) size 78x16
              text run at (425,143) width 78: "within"
          LayoutText {#text} at (503,140) size 721x39
            text run at (503,140) width 218: " elements too. (with"
            text run at (0,160) width 440: "monospace font from Letter to elements)"
          LayoutBR {BR} at (440,175) size 0x0
          LayoutText {#text} at (0,180) size 214x19
            text run at (0,180) width 75: "Letter "
            text run at (75,180) width 139: "spacing test "
          LayoutInline {SPAN} at (0,0) size 247x16
            LayoutInline {EM} at (0,0) size 39x17
              LayoutText {#text} at (214,182) size 39x17
                text run at (214,182) width 39: "for"
            LayoutText {#text} at (253,183) size 13x16
              text run at (253,183) width 13: " "
            LayoutInline {STRONG} at (0,0) size 104x16
              LayoutText {#text} at (266,183) size 104x16
                text run at (266,183) width 104: "elements"
            LayoutText {#text} at (370,183) size 13x16
              text run at (370,183) width 13: " "
            LayoutInline {TT} at (0,0) size 78x16
              LayoutText {#text} at (383,183) size 78x16
                text run at (383,183) width 78: "within"
          LayoutText {#text} at (461,180) size 679x39
            text run at (461,180) width 218: " elements too. (with"
            text run at (0,200) width 379: "monospace font from for to within)"
          LayoutBR {BR} at (379,215) size 0x0
          LayoutText {#text} at (0,220) size 214x19
            text run at (0,220) width 75: "Letter "
            text run at (75,220) width 139: "spacing test "
          LayoutInline {EM} at (0,0) size 34x19
            LayoutText {#text} at (214,220) size 34x19
              text run at (214,220) width 34: "for"
          LayoutText {#text} at (248,220) size 9x19
            text run at (248,220) width 9: " "
          LayoutInline {STRONG} at (0,0) size 100x19
            LayoutText {#text} at (257,220) size 100x19
              text run at (257,220) width 100: "elements"
          LayoutText {#text} at (357,220) size 9x19
            text run at (357,220) width 9: " "
          LayoutInline {SPAN} at (0,0) size 247x16
            LayoutInline {TT} at (0,0) size 78x16
              LayoutText {#text} at (366,223) size 78x16
                text run at (366,223) width 78: "within"
            LayoutText {#text} at (444,223) size 169x16
              text run at (444,223) width 169: " elements too"
          LayoutText {#text} at (613,220) size 686x39
            text run at (613,220) width 73: ". (with"
            text run at (0,240) width 418: "monospace font from elements to too) "
        LayoutText {#text} at (0,0) size 0x0
        LayoutBR {BR} at (0,0) size 0x0
        LayoutBR {BR} at (0,260) size 0x19
        LayoutBR {BR} at (0,280) size 0x19
      LayoutBlockFlow {H2} at (0,1669.13) size 784x27
        LayoutText {#text} at (0,0) size 131x26
          text run at (0,0) width 131: "both-spacing"
      LayoutBlockFlow (anonymous) at (0,1716.03) size 784x208.41
        LayoutBlockFlow (floating) {PRE} at (0,13) size 1972x182.41
          LayoutBlockFlow {H3} at (0,15.20) size 1972x17
            LayoutText {#text} at (0,0) size 284x17
              text run at (0,0) width 284: "In a floated pre"
          LayoutBlockFlow (anonymous) at (0,47.41) size 1972x135
            LayoutText {#text} at (0,0) size 543x33
              text run at (0,0) width 0: " "
              text run at (0,17) width 543: "Word and letter   spacing test "
            LayoutInline {EM} at (0,0) size 39x17
              LayoutText {#text} at (543,16) size 39x17
                text run at (543,16) width 39: "for"
            LayoutText {#text} at (602,17) size 13x16
              text run at (602,17) width 13: " "
            LayoutInline {STRONG} at (0,0) size 104x16
              LayoutText {#text} at (615,17) size 104x16
                text run at (615,17) width 104: "elements"
            LayoutText {#text} at (739,17) size 13x16
              text run at (739,17) width 13: " "
            LayoutInline {TT} at (0,0) size 78x16
              LayoutText {#text} at (752,17) size 78x16
                text run at (752,17) width 78: "within"
            LayoutText {#text} at (850,17) size 1072x33
              text run at (850,17) width 202: " elements too."
              text run at (1072,17) width 0: " "
              text run at (0,34) width 543: "Word and letter   spacing test "
            LayoutInline {EM} at (0,0) size 39x17
              LayoutText {#text} at (543,33) size 39x17
                text run at (543,33) width 39: "for"
            LayoutText {#text} at (602,34) size 13x16
              text run at (602,34) width 13: " "
            LayoutInline {STRONG} at (0,0) size 104x16
              LayoutText {#text} at (615,34) size 104x16
                text run at (615,34) width 104: "elements"
            LayoutText {#text} at (739,34) size 13x16
              text run at (739,34) width 13: " "
            LayoutInline {TT} at (0,0) size 78x16
              LayoutText {#text} at (752,34) size 78x16
                text run at (752,34) width 78: "within"
            LayoutText {#text} at (850,34) size 150x16
              text run at (850,34) width 150: " elements "
            LayoutText {#text} at (1000,34) size 1725x33
              text run at (1000,34) width 705: " too. (with comment between elements and too)"
              text run at (1725,34) width 0: " "
              text run at (0,51) width 543: "Word and letter   spacing test "
            LayoutInline {EM} at (0,0) size 39x17
              LayoutText {#text} at (543,50) size 39x17
                text run at (543,50) width 39: "for"
            LayoutText {#text} at (602,51) size 13x16
              text run at (602,51) width 13: " "
            LayoutInline {STRONG} at (0,0) size 104x16
              LayoutText {#text} at (615,51) size 104x16
                text run at (615,51) width 104: "elements"
            LayoutText {#text} at (739,51) size 13x16
              text run at (739,51) width 13: " "
            LayoutInline {TT} at (0,0) size 78x16
              LayoutText {#text} at (752,51) size 78x16
                text run at (752,51) width 78: "within"
            LayoutText {#text} at (850,51) size 117x16
              text run at (850,51) width 117: " elements"
            LayoutText {#text} at (987,51) size 2045x33
              text run at (987,51) width 1038: " too. (with comment (no preceding space) between elements and too)"
              text run at (2045,51) width 0: " "
              text run at (0,68) width 543: "Word and letter   spacing test "
            LayoutInline {EM} at (0,0) size 39x17
              LayoutText {#text} at (543,67) size 39x17
                text run at (543,67) width 39: "for"
            LayoutText {#text} at (602,68) size 13x16
              text run at (602,68) width 13: " "
            LayoutInline {STRONG} at (0,0) size 104x16
              LayoutText {#text} at (615,68) size 104x16
                text run at (615,68) width 104: "elements"
            LayoutText {#text} at (739,68) size 13x16
              text run at (739,68) width 13: " "
            LayoutInline {TT} at (0,0) size 78x16
              LayoutText {#text} at (752,68) size 78x16
                text run at (752,68) width 78: "within"
            LayoutText {#text} at (850,68) size 150x16
              text run at (850,68) width 150: " elements "
            LayoutText {#text} at (1000,68) size 1032x16
              text run at (1000,68) width 1012: "too. (with comment (no trailing space) between elements and too)"
              text run at (2032,68) width 0: " "
            LayoutInline {SPAN} at (0,0) size 719x16
              LayoutText {#text} at (0,85) size 543x16
                text run at (0,85) width 543: "Word and letter   spacing test "
              LayoutInline {EM} at (0,0) size 39x17
                LayoutText {#text} at (543,84) size 39x17
                  text run at (543,84) width 39: "for"
              LayoutText {#text} at (602,85) size 13x16
                text run at (602,85) width 13: " "
              LayoutInline {STRONG} at (0,0) size 104x16
                LayoutText {#text} at (615,85) size 104x16
                  text run at (615,85) width 104: "elements"
            LayoutText {#text} at (739,85) size 13x16
              text run at (739,85) width 13: " "
            LayoutInline {TT} at (0,0) size 78x16
              LayoutText {#text} at (752,85) size 78x16
                text run at (752,85) width 78: "within"
            LayoutText {#text} at (850,85) size 1784x33
              text run at (850,85) width 914: " elements too. (with monospace font from Word to elements)"
              text run at (1784,85) width 0: " "
              text run at (0,102) width 543: "Word and letter   spacing test "
            LayoutInline {SPAN} at (0,0) size 287x16
              LayoutInline {EM} at (0,0) size 39x17
                LayoutText {#text} at (543,101) size 39x17
                  text run at (543,101) width 39: "for"
              LayoutText {#text} at (602,102) size 13x16
                text run at (602,102) width 13: " "
              LayoutInline {STRONG} at (0,0) size 104x16
                LayoutText {#text} at (615,102) size 104x16
                  text run at (615,102) width 104: "elements"
              LayoutText {#text} at (739,102) size 13x16
                text run at (739,102) width 13: " "
              LayoutInline {TT} at (0,0) size 78x16
                LayoutText {#text} at (752,102) size 78x16
                  text run at (752,102) width 78: "within"
            LayoutText {#text} at (850,102) size 1745x33
              text run at (850,102) width 875: " elements too. (with monospace font from for to within)"
              text run at (1745,102) width 0: " "
              text run at (0,119) width 543: "Word and letter   spacing test "
            LayoutInline {EM} at (0,0) size 39x17
              LayoutText {#text} at (543,118) size 39x17
                text run at (543,118) width 39: "for"
            LayoutText {#text} at (602,119) size 13x16
              text run at (602,119) width 13: " "
            LayoutInline {STRONG} at (0,0) size 104x16
              LayoutText {#text} at (615,119) size 104x16
                text run at (615,119) width 104: "elements"
            LayoutText {#text} at (739,119) size 13x16
              text run at (739,119) width 13: " "
            LayoutInline {SPAN} at (0,0) size 287x16
              LayoutInline {TT} at (0,0) size 78x16
                LayoutText {#text} at (752,119) size 78x16
                  text run at (752,119) width 78: "within"
              LayoutText {#text} at (850,119) size 189x16
                text run at (850,119) width 189: " elements too"
            LayoutText {#text} at (1039,119) size 732x16
              text run at (1039,119) width 712: ". (with monospace font from elements to too)"
              text run at (1771,119) width 0: " "
        LayoutBR {BR} at (1972,0) size 0x19
      LayoutBlockFlow {PRE} at (0,1939.64) size 784x167.20
        LayoutBlockFlow {H3} at (0,0) size 784x17
          LayoutText {#text} at (0,0) size 340x17
            text run at (0,0) width 340: "In an un-floated pre"
        LayoutBlockFlow (anonymous) at (0,32.20) size 784x135
          LayoutText {#text} at (0,0) size 543x33
            text run at (0,0) width 0: " "
            text run at (0,17) width 543: "Word and letter   spacing test "
          LayoutInline {EM} at (0,0) size 39x17
            LayoutText {#text} at (543,16) size 39x17
              text run at (543,16) width 39: "for"
          LayoutText {#text} at (602,17) size 13x16
            text run at (602,17) width 13: " "
          LayoutInline {STRONG} at (0,0) size 104x16
            LayoutText {#text} at (615,17) size 104x16
              text run at (615,17) width 104: "elements"
          LayoutText {#text} at (739,17) size 13x16
            text run at (739,17) width 13: " "
          LayoutInline {TT} at (0,0) size 78x16
            LayoutText {#text} at (752,17) size 78x16
              text run at (752,17) width 78: "within"
          LayoutText {#text} at (850,17) size 1072x33
            text run at (850,17) width 202: " elements too."
            text run at (1072,17) width 0: " "
            text run at (0,34) width 543: "Word and letter   spacing test "
          LayoutInline {EM} at (0,0) size 39x17
            LayoutText {#text} at (543,33) size 39x17
              text run at (543,33) width 39: "for"
          LayoutText {#text} at (602,34) size 13x16
            text run at (602,34) width 13: " "
          LayoutInline {STRONG} at (0,0) size 104x16
            LayoutText {#text} at (615,34) size 104x16
              text run at (615,34) width 104: "elements"
          LayoutText {#text} at (739,34) size 13x16
            text run at (739,34) width 13: " "
          LayoutInline {TT} at (0,0) size 78x16
            LayoutText {#text} at (752,34) size 78x16
              text run at (752,34) width 78: "within"
          LayoutText {#text} at (850,34) size 150x16
            text run at (850,34) width 150: " elements "
          LayoutText {#text} at (1000,34) size 1725x33
            text run at (1000,34) width 705: " too. (with comment between elements and too)"
            text run at (1725,34) width 0: " "
            text run at (0,51) width 543: "Word and letter   spacing test "
          LayoutInline {EM} at (0,0) size 39x17
            LayoutText {#text} at (543,50) size 39x17
              text run at (543,50) width 39: "for"
          LayoutText {#text} at (602,51) size 13x16
            text run at (602,51) width 13: " "
          LayoutInline {STRONG} at (0,0) size 104x16
            LayoutText {#text} at (615,51) size 104x16
              text run at (615,51) width 104: "elements"
          LayoutText {#text} at (739,51) size 13x16
            text run at (739,51) width 13: " "
          LayoutInline {TT} at (0,0) size 78x16
            LayoutText {#text} at (752,51) size 78x16
              text run at (752,51) width 78: "within"
          LayoutText {#text} at (850,51) size 117x16
            text run at (850,51) width 117: " elements"
          LayoutText {#text} at (987,51) size 2045x33
            text run at (987,51) width 1038: " too. (with comment (no preceding space) between elements and too)"
            text run at (2045,51) width 0: " "
            text run at (0,68) width 543: "Word and letter   spacing test "
          LayoutInline {EM} at (0,0) size 39x17
            LayoutText {#text} at (543,67) size 39x17
              text run at (543,67) width 39: "for"
          LayoutText {#text} at (602,68) size 13x16
            text run at (602,68) width 13: " "
          LayoutInline {STRONG} at (0,0) size 104x16
            LayoutText {#text} at (615,68) size 104x16
              text run at (615,68) width 104: "elements"
          LayoutText {#text} at (739,68) size 13x16
            text run at (739,68) width 13: " "
          LayoutInline {TT} at (0,0) size 78x16
            LayoutText {#text} at (752,68) size 78x16
              text run at (752,68) width 78: "within"
          LayoutText {#text} at (850,68) size 150x16
            text run at (850,68) width 150: " elements "
          LayoutText {#text} at (1000,68) size 1032x16
            text run at (1000,68) width 1012: "too. (with comment (no trailing space) between elements and too)"
            text run at (2032,68) width 0: " "
          LayoutInline {SPAN} at (0,0) size 719x16
            LayoutText {#text} at (0,85) size 543x16
              text run at (0,85) width 543: "Word and letter   spacing test "
            LayoutInline {EM} at (0,0) size 39x17
              LayoutText {#text} at (543,84) size 39x17
                text run at (543,84) width 39: "for"
            LayoutText {#text} at (602,85) size 13x16
              text run at (602,85) width 13: " "
            LayoutInline {STRONG} at (0,0) size 104x16
              LayoutText {#text} at (615,85) size 104x16
                text run at (615,85) width 104: "elements"
          LayoutText {#text} at (739,85) size 13x16
            text run at (739,85) width 13: " "
          LayoutInline {TT} at (0,0) size 78x16
            LayoutText {#text} at (752,85) size 78x16
              text run at (752,85) width 78: "within"
          LayoutText {#text} at (850,85) size 1784x33
            text run at (850,85) width 914: " elements too. (with monospace font from Word to elements)"
            text run at (1784,85) width 0: " "
            text run at (0,102) width 543: "Word and letter   spacing test "
          LayoutInline {SPAN} at (0,0) size 287x16
            LayoutInline {EM} at (0,0) size 39x17
              LayoutText {#text} at (543,101) size 39x17
                text run at (543,101) width 39: "for"
            LayoutText {#text} at (602,102) size 13x16
              text run at (602,102) width 13: " "
            LayoutInline {STRONG} at (0,0) size 104x16
              LayoutText {#text} at (615,102) size 104x16
                text run at (615,102) width 104: "elements"
            LayoutText {#text} at (739,102) size 13x16
              text run at (739,102) width 13: " "
            LayoutInline {TT} at (0,0) size 78x16
              LayoutText {#text} at (752,102) size 78x16
                text run at (752,102) width 78: "within"
          LayoutText {#text} at (850,102) size 1745x33
            text run at (850,102) width 875: " elements too. (with monospace font from for to within)"
            text run at (1745,102) width 0: " "
            text run at (0,119) width 543: "Word and letter   spacing test "
          LayoutInline {EM} at (0,0) size 39x17
            LayoutText {#text} at (543,118) size 39x17
              text run at (543,118) width 39: "for"
          LayoutText {#text} at (602,119) size 13x16
            text run at (602,119) width 13: " "
          LayoutInline {STRONG} at (0,0) size 104x16
            LayoutText {#text} at (615,119) size 104x16
              text run at (615,119) width 104: "elements"
          LayoutText {#text} at (739,119) size 13x16
            text run at (739,119) width 13: " "
          LayoutInline {SPAN} at (0,0) size 287x16
            LayoutInline {TT} at (0,0) size 78x16
              LayoutText {#text} at (752,119) size 78x16
                text run at (752,119) width 78: "within"
            LayoutText {#text} at (850,119) size 189x16
              text run at (850,119) width 189: " elements too"
          LayoutText {#text} at (1039,119) size 732x16
            text run at (1039,119) width 712: ". (with monospace font from elements to too)"
            text run at (1771,119) width 0: " "
      LayoutBlockFlow (anonymous) at (0,2119.84) size 784x20
        LayoutBR {BR} at (0,0) size 0x19
        LayoutInline {SPAN} at (0,0) size 0x0
          LayoutText {#text} at (0,0) size 0x0
      LayoutBlockFlow (anonymous) at (0,2158.56) size 784x23
        LayoutBlockFlow {H3} at (0,0) size 784x23
          LayoutText {#text} at (0,0) size 160x22
            text run at (0,0) width 160: "In a span"
      LayoutBlockFlow (anonymous) at (0,2200.28) size 784x360
        LayoutInline {SPAN} at (0,0) size 779x359
          LayoutText {#text} at (0,0) size 418x19
            text run at (0,0) width 239: "Word and letter "
            text run at (239,0) width 179: "spacing test "
          LayoutInline {EM} at (0,0) size 34x19
            LayoutText {#text} at (418,0) size 34x19
              text run at (418,0) width 34: "for"
          LayoutText {#text} at (472,0) size 9x19
            text run at (472,0) width 9: " "
          LayoutInline {STRONG} at (0,0) size 100x19
            LayoutText {#text} at (481,0) size 100x19
              text run at (481,0) width 100: "elements"
          LayoutText {#text} at (601,0) size 9x19
            text run at (601,0) width 9: " "
          LayoutInline {TT} at (0,0) size 78x16
            LayoutText {#text} at (610,3) size 78x16
              text run at (610,3) width 78: "within"
          LayoutText {#text} at (0,20) size 165x19
            text run at (0,20) width 165: "elements too."
          LayoutBR {BR} at (185,35) size 0x0
          LayoutText {#text} at (0,40) size 418x19
            text run at (0,40) width 239: "Word and letter "
            text run at (239,40) width 179: "spacing test "
          LayoutInline {EM} at (0,0) size 34x19
            LayoutText {#text} at (418,40) size 34x19
              text run at (418,40) width 34: "for"
          LayoutText {#text} at (472,40) size 9x19
            text run at (472,40) width 9: " "
          LayoutInline {STRONG} at (0,0) size 100x19
            LayoutText {#text} at (481,40) size 100x19
              text run at (481,40) width 100: "elements"
          LayoutText {#text} at (601,40) size 9x19
            text run at (601,40) width 9: " "
          LayoutInline {TT} at (0,0) size 78x16
            LayoutText {#text} at (610,43) size 78x16
              text run at (610,43) width 78: "within"
          LayoutText {#text} at (0,60) size 121x19
            text run at (0,60) width 121: "elements "
          LayoutText {#text} at (121,60) size 623x19
            text run at (121,60) width 623: "too. (with comment between elements and too)"
          LayoutBR {BR} at (764,75) size 0x0
          LayoutText {#text} at (0,80) size 418x19
            text run at (0,80) width 239: "Word and letter "
            text run at (239,80) width 179: "spacing test "
          LayoutInline {EM} at (0,0) size 34x19
            LayoutText {#text} at (418,80) size 34x19
              text run at (418,80) width 34: "for"
          LayoutText {#text} at (472,80) size 9x19
            text run at (472,80) width 9: " "
          LayoutInline {STRONG} at (0,0) size 100x19
            LayoutText {#text} at (481,80) size 100x19
              text run at (481,80) width 100: "elements"
          LayoutText {#text} at (601,80) size 9x19
            text run at (601,80) width 9: " "
          LayoutInline {TT} at (0,0) size 78x16
            LayoutText {#text} at (610,83) size 78x16
              text run at (610,83) width 78: "within"
          LayoutText {#text} at (0,100) size 92x19
            text run at (0,100) width 92: "elements"
          LayoutText {#text} at (112,100) size 779x39
            text run at (112,100) width 667: " too. (with comment (no preceding space) between"
            text run at (0,120) width 232: "elements and too)"
          LayoutBR {BR} at (252,135) size 0x0
          LayoutText {#text} at (0,140) size 418x19
            text run at (0,140) width 239: "Word and letter "
            text run at (239,140) width 179: "spacing test "
          LayoutInline {EM} at (0,0) size 34x19
            LayoutText {#text} at (418,140) size 34x19
              text run at (418,140) width 34: "for"
          LayoutText {#text} at (472,140) size 9x19
            text run at (472,140) width 9: " "
          LayoutInline {STRONG} at (0,0) size 100x19
            LayoutText {#text} at (481,140) size 100x19
              text run at (481,140) width 100: "elements"
          LayoutText {#text} at (601,140) size 9x19
            text run at (601,140) width 9: " "
          LayoutInline {TT} at (0,0) size 78x16
            LayoutText {#text} at (610,143) size 78x16
              text run at (610,143) width 78: "within"
          LayoutText {#text} at (0,160) size 121x19
            text run at (0,160) width 121: "elements "
          LayoutText {#text} at (121,160) size 754x39
            text run at (121,160) width 633: "too. (with comment (no trailing space) between"
            text run at (0,180) width 232: "elements and too)"
          LayoutBR {BR} at (252,195) size 0x0
          LayoutInline {SPAN} at (0,0) size 653x16
            LayoutText {#text} at (0,203) size 477x16
              text run at (0,203) width 268: "Word and letter "
              text run at (268,203) width 209: "spacing test "
            LayoutInline {EM} at (0,0) size 39x17
              LayoutText {#text} at (477,202) size 39x17
                text run at (477,202) width 39: "for"
            LayoutText {#text} at (536,203) size 13x16
              text run at (536,203) width 13: " "
            LayoutInline {STRONG} at (0,0) size 104x16
              LayoutText {#text} at (549,203) size 104x16
                text run at (549,203) width 104: "elements"
          LayoutText {#text} at (673,200) size 9x19
            text run at (673,200) width 9: " "
          LayoutInline {TT} at (0,0) size 78x16
            LayoutText {#text} at (682,203) size 78x16
              text run at (682,203) width 78: "within"
          LayoutText {#text} at (0,220) size 676x39
            text run at (0,220) width 676: "elements too. (with monospace font from Word to"
            text run at (0,240) width 102: "elements)"
          LayoutBR {BR} at (122,255) size 0x0
          LayoutText {#text} at (0,260) size 418x19
            text run at (0,260) width 239: "Word and letter "
            text run at (239,260) width 179: "spacing test "
          LayoutInline {SPAN} at (0,0) size 287x16
            LayoutInline {EM} at (0,0) size 39x17
              LayoutText {#text} at (418,262) size 39x17
                text run at (418,262) width 39: "for"
            LayoutText {#text} at (477,263) size 13x16
              text run at (477,263) width 13: " "
            LayoutInline {STRONG} at (0,0) size 104x16
              LayoutText {#text} at (490,263) size 104x16
                text run at (490,263) width 104: "elements"
            LayoutText {#text} at (614,263) size 13x16
              text run at (614,263) width 13: " "
            LayoutInline {TT} at (0,0) size 78x16
              LayoutText {#text} at (627,263) size 78x16
                text run at (627,263) width 78: "within"
          LayoutText {#text} at (0,280) size 757x19
            text run at (0,280) width 757: "elements too. (with monospace font from for to within)"
          LayoutBR {BR} at (777,295) size 0x0
          LayoutText {#text} at (0,300) size 418x19
            text run at (0,300) width 239: "Word and letter "
            text run at (239,300) width 179: "spacing test "
          LayoutInline {EM} at (0,0) size 34x19
            LayoutText {#text} at (418,300) size 34x19
              text run at (418,300) width 34: "for"
          LayoutText {#text} at (472,300) size 9x19
            text run at (472,300) width 9: " "
          LayoutInline {STRONG} at (0,0) size 100x19
            LayoutText {#text} at (481,300) size 100x19
              text run at (481,300) width 100: "elements"
          LayoutText {#text} at (601,300) size 9x19
            text run at (601,300) width 9: " "
          LayoutInline {SPAN} at (0,0) size 688x36
            LayoutInline {TT} at (0,0) size 78x16
              LayoutText {#text} at (610,303) size 78x16
                text run at (610,303) width 78: "within"
            LayoutText {#text} at (0,323) size 176x16
              text run at (0,323) width 176: "elements too"
          LayoutText {#text} at (176,320) size 733x39
            text run at (176,320) width 557: ". (with monospace font from elements to"
            text run at (0,340) width 45: "too)"
        LayoutText {#text} at (0,0) size 0x0
