layer at (0,0) size 800x600
  LayoutView at (0,0) size 800x600
layer at (0,0) size 800x600
  LayoutBlockFlow {HTML} at (0,0) size 800x600
    LayoutBlockFlow {BODY} at (8,8) size 784x584 [bgcolor=#CCCCCC]
      LayoutBlockFlow {P} at (0,0) size 784x20
        LayoutText {#text} at (0,0) size 355x19
          text run at (0,0) width 355: "The style declarations which apply to the text below are:"
      LayoutBlockFlow {PRE} at (0,36) size 784x48
        LayoutText {#text} at (0,0) size 376x48
          text run at (0,0) width 376: "P {background-image: url(../resources/bg.gif);}"
          text run at (376,0) width 0: " "
          text run at (0,16) width 240: ".one {background-image: none;}"
          text run at (240,16) width 0: " "
          text run at (0,32) width 0: " "
      LayoutBlockFlow {P} at (0,115) size 784x40
        LayoutText {#text} at (0,0) size 746x39
          text run at (0,0) width 502: "This sentence should be backed by an image-- a green grid pattern, in this case. "
          text run at (502,0) width 244: "The background image should also tile"
          text run at (0,20) width 664: "along both axes, because no repeat direction is specified (specific tests for repeating are found elsewhere)."
      LayoutBlockFlow {P} at (0,171) size 784x80
        LayoutText {#text} at (0,0) size 596x19
          text run at (0,0) width 596: "This sentence should be backed by a repeated green-grid image, as should the last three words "
        LayoutInline {STRONG} at (0,0) size 102x19
          LayoutInline {SPAN} at (0,0) size 102x19
            LayoutText {#text} at (596,0) size 102x19
              text run at (596,0) width 102: "in this sentence"
        LayoutText {#text} at (698,0) size 770x39
          text run at (698,0) width 8: ". "
          text run at (706,0) width 64: "If it is not,"
          text run at (0,20) width 31: "then "
        LayoutInline {CODE} at (0,0) size 32x16
          LayoutText {#text} at (31,23) size 32x16
            text run at (31,23) width 32: "none"
        LayoutText {#text} at (63,20) size 168x19
          text run at (63,20) width 163: " is interpreted incorrectly. "
          text run at (225,20) width 6: "("
        LayoutInline {CODE} at (0,0) size 33x16
          LayoutText {#text} at (230,23) size 33x16
            text run at (230,23) width 33: "none"
        LayoutText {#text} at (262,20) size 771x59
          text run at (262,20) width 503: " means that the element has no background image, allowing the parent to \"shine"
          text run at (0,40) width 771: "through\" by default; since the parent of the words \"in this sentence\" is the paragraph, then the paragraph's image should be"
          text run at (0,60) width 50: "visible.)"
      LayoutBlockFlow {P} at (0,267) size 784x40
        LayoutText {#text} at (0,0) size 765x39
          text run at (0,0) width 765: "This sentence should NOT be backed by a repeated green-grid image, allowing the page's background to \"shine through\""
          text run at (0,20) width 48: "instead."
      LayoutTable {TABLE} at (0,323) size 784x230 [border: (1px outset #808080)]
        LayoutTableSection {TBODY} at (1,1) size 782x228
          LayoutTableRow {TR} at (0,0) size 782x28
            LayoutTableCell {TD} at (0,0) size 782x28 [bgcolor=#C0C0C0] [border: (1px inset #808080)] [r=0 c=0 rs=1 cs=2]
              LayoutInline {STRONG} at (0,0) size 161x19
                LayoutText {#text} at (4,4) size 161x19
                  text run at (4,4) width 161: "TABLE Testing Section"
          LayoutTableRow {TR} at (0,28) size 782x200
            LayoutTableCell {TD} at (0,114) size 12x28 [bgcolor=#C0C0C0] [border: (1px inset #808080)] [r=1 c=0 rs=1 cs=1]
              LayoutText {#text} at (4,4) size 4x19
                text run at (4,4) width 4: " "
            LayoutTableCell {TD} at (12,28) size 770x200 [border: (1px inset #808080)] [r=1 c=1 rs=1 cs=1]
              LayoutBlockFlow {P} at (4,4) size 762x40
                LayoutText {#text} at (0,0) size 746x39
                  text run at (0,0) width 502: "This sentence should be backed by an image-- a green grid pattern, in this case. "
                  text run at (502,0) width 244: "The background image should also tile"
                  text run at (0,20) width 664: "along both axes, because no repeat direction is specified (specific tests for repeating are found elsewhere)."
              LayoutBlockFlow {P} at (4,60) size 762x80
                LayoutText {#text} at (0,0) size 596x19
                  text run at (0,0) width 596: "This sentence should be backed by a repeated green-grid image, as should the last three words "
                LayoutInline {STRONG} at (0,0) size 102x19
                  LayoutInline {SPAN} at (0,0) size 102x19
                    LayoutText {#text} at (596,0) size 102x19
                      text run at (596,0) width 102: "in this sentence"
                LayoutText {#text} at (698,0) size 742x39
                  text run at (698,0) width 8: ". "
                  text run at (706,0) width 36: "If it is"
                  text run at (0,20) width 59: "not, then "
                LayoutInline {CODE} at (0,0) size 32x16
                  LayoutText {#text} at (59,23) size 32x16
                    text run at (59,23) width 32: "none"
                LayoutText {#text} at (91,20) size 168x19
                  text run at (91,20) width 163: " is interpreted incorrectly. "
                  text run at (253,20) width 6: "("
                LayoutInline {CODE} at (0,0) size 33x16
                  LayoutText {#text} at (258,23) size 33x16
                    text run at (258,23) width 33: "none"
                LayoutText {#text} at (290,20) size 750x59
                  text run at (290,20) width 459: " means that the element has no background image, allowing the parent to"
                  text run at (0,40) width 750: "\"shine through\" by default; since the parent of the words \"in this sentence\" is the paragraph, then the paragraph's image"
                  text run at (0,60) width 115: "should be visible.)"
              LayoutBlockFlow {P} at (4,156) size 762x40
                LayoutText {#text} at (0,0) size 705x39
                  text run at (0,0) width 705: "This sentence should NOT be backed by a repeated green-grid image, allowing the page's background to \"shine"
                  text run at (0,20) width 108: "through\" instead."
layer at (8,105) size 784x2 clip at (0,0) size 0x0
  LayoutBlockFlow {HR} at (0,97) size 784x2 [border: (1px inset #EEEEEE)]
