layer at (0,0) size 800x600
  LayoutView at (0,0) size 800x600
layer at (0,0) size 800x600
  LayoutBlockFlow {HTML} at (0,0) size 800x600
    LayoutBlockFlow {BODY} at (8,8) size 784x584 [bgcolor=#CCCCCC]
      LayoutBlockFlow {P} at (0,0) size 784x20 [bgcolor=#008000]
        LayoutText {#text} at (0,0) size 355x19
          text run at (0,0) width 355: "The style declarations which apply to the text below are:"
      LayoutBlockFlow {PRE} at (0,36) size 784x64
        LayoutText {#text} at (0,0) size 296x64
          text run at (0,0) width 224: "P {background-color: green;}"
          text run at (224,0) width 0: " "
          text run at (0,16) width 240: ".one {background-color: lime;}"
          text run at (240,16) width 0: " "
          text run at (0,32) width 296: ".two {background-color: transparent;}"
          text run at (296,32) width 0: " "
          text run at (0,48) width 0: " "
      LayoutBlockFlow {P} at (0,131) size 784x20 [bgcolor=#008000]
        LayoutText {#text} at (0,0) size 277x19
          text run at (0,0) width 277: "This element's background should be green."
      LayoutBlockFlow {P} at (0,167) size 784x20 [bgcolor=#00FF00]
        LayoutText {#text} at (0,0) size 350x19
          text run at (0,0) width 350: "This element's background should be lime (light green)."
      LayoutBlockFlow {P} at (0,203) size 784x60 [bgcolor=#008000]
        LayoutText {#text} at (0,0) size 652x19
          text run at (0,0) width 652: "This element's background should be green, and the last word in this sentence should also have a green "
        LayoutInline {SPAN} at (0,0) size 75x19
          LayoutText {#text} at (652,0) size 75x19
            text run at (652,0) width 75: "background"
        LayoutText {#text} at (727,0) size 778x59
          text run at (727,0) width 8: ". "
          text run at (735,0) width 42: "This is"
          text run at (0,20) width 778: "because the background color of the parent element (the paragraph) should \"shine through\" the SPANned word \"sentence,\""
          text run at (0,40) width 109: "which was set to "
        LayoutInline {CODE} at (0,0) size 88x16
          LayoutText {#text} at (109,43) size 88x16
            text run at (109,43) width 88: "transparent"
        LayoutText {#text} at (197,40) size 395x19
          text run at (197,40) width 8: ". "
          text run at (205,40) width 387: "If the document background is visible, the browser is in error."
      LayoutBlockFlow {P} at (0,279) size 784x20
        LayoutText {#text} at (0,0) size 744x19
          text run at (0,0) width 462: "This element should allow the document background to \"shine through.\" "
          text run at (462,0) width 282: "There should be no green backgrounds here!"
      LayoutTable {TABLE} at (0,315) size 784x206 [border: (1px outset #808080)]
        LayoutTableSection {TBODY} at (1,1) size 782x204
          LayoutTableRow {TR} at (0,0) size 782x28
            LayoutTableCell {TD} at (0,0) size 782x28 [bgcolor=#C0C0C0] [border: (1px inset #808080)] [r=0 c=0 rs=1 cs=2]
              LayoutInline {STRONG} at (0,0) size 161x19
                LayoutText {#text} at (4,4) size 161x19
                  text run at (4,4) width 161: "TABLE Testing Section"
          LayoutTableRow {TR} at (0,28) size 782x176
            LayoutTableCell {TD} at (0,102) size 12x28 [bgcolor=#C0C0C0] [border: (1px inset #808080)] [r=1 c=0 rs=1 cs=1]
              LayoutText {#text} at (4,4) size 4x19
                text run at (4,4) width 4: " "
            LayoutTableCell {TD} at (12,28) size 770x176 [border: (1px inset #808080)] [r=1 c=1 rs=1 cs=1]
              LayoutBlockFlow {P} at (4,4) size 762x20 [bgcolor=#008000]
                LayoutText {#text} at (0,0) size 277x19
                  text run at (0,0) width 277: "This element's background should be green."
              LayoutBlockFlow {P} at (4,40) size 762x20 [bgcolor=#00FF00]
                LayoutText {#text} at (0,0) size 350x19
                  text run at (0,0) width 350: "This element's background should be lime (light green)."
              LayoutBlockFlow {P} at (4,76) size 762x60 [bgcolor=#008000]
                LayoutText {#text} at (0,0) size 652x19
                  text run at (0,0) width 652: "This element's background should be green, and the last word in this sentence should also have a green "
                LayoutInline {SPAN} at (0,0) size 75x19
                  LayoutText {#text} at (652,0) size 75x19
                    text run at (652,0) width 75: "background"
                LayoutText {#text} at (727,0) size 748x59
                  text run at (727,0) width 4: "."
                  text run at (0,20) width 748: "This is because the background color of the parent element (the paragraph) should \"shine through\" the SPANned word"
                  text run at (0,40) width 185: "\"sentence,\" which was set to "
                LayoutInline {CODE} at (0,0) size 88x16
                  LayoutText {#text} at (185,43) size 88x16
                    text run at (185,43) width 88: "transparent"
                LayoutText {#text} at (273,40) size 395x19
                  text run at (273,40) width 8: ". "
                  text run at (281,40) width 387: "If the document background is visible, the browser is in error."
              LayoutBlockFlow {P} at (4,152) size 762x20
                LayoutText {#text} at (0,0) size 744x19
                  text run at (0,0) width 462: "This element should allow the document background to \"shine through.\" "
                  text run at (462,0) width 282: "There should be no green backgrounds here!"
layer at (8,121) size 784x2 clip at (0,0) size 0x0
  LayoutBlockFlow {HR} at (0,113) size 784x2 [border: (1px inset #EEEEEE)]
