layer at (0,0) size 800x600
  LayoutView at (0,0) size 800x600
layer at (0,0) size 800x600
  LayoutBlockFlow {HTML} at (0,0) size 800x600
    LayoutBlockFlow {BODY} at (8,8) size 784x584 [bgcolor=#CCCCCC]
      LayoutBlockFlow {P} at (0,0) size 784x20
        LayoutText {#text} at (0,0) size 355x19
          text run at (0,0) width 355: "The style declarations which apply to the text below are:"
      LayoutBlockFlow {PRE} at (0,36) size 784x32
        LayoutText {#text} at (0,0) size 160x32
          text run at (0,0) width 160: ".one {color: green;}"
          text run at (160,0) width 0: " "
          text run at (0,16) width 0: " "
      LayoutBlockFlow {P} at (0,99) size 784x20 [color=#008000]
        LayoutText {#text} at (0,0) size 194x19
          text run at (0,0) width 194: "This sentence should be green."
      LayoutBlockFlow {P} at (0,135) size 784x20 [color=#008000]
        LayoutText {#text} at (0,0) size 194x19
          text run at (0,0) width 194: "This sentence should be green."
      LayoutTable {TABLE} at (0,171) size 216x94 [border: (1px outset #808080)]
        LayoutTableSection {TBODY} at (1,1) size 214x92
          LayoutTableRow {TR} at (0,0) size 214x28
            LayoutTableCell {TD} at (0,0) size 214x28 [bgcolor=#C0C0C0] [border: (1px inset #808080)] [r=0 c=0 rs=1 cs=2]
              LayoutInline {STRONG} at (0,0) size 161x19
                LayoutText {#text} at (4,4) size 161x19
                  text run at (4,4) width 161: "TABLE Testing Section"
          LayoutTableRow {TR} at (0,28) size 214x64
            LayoutTableCell {TD} at (0,46) size 12x28 [bgcolor=#C0C0C0] [border: (1px inset #808080)] [r=1 c=0 rs=1 cs=1]
              LayoutText {#text} at (4,4) size 4x19
                text run at (4,4) width 4: " "
            LayoutTableCell {TD} at (12,28) size 202x64 [border: (1px inset #808080)] [r=1 c=1 rs=1 cs=1]
              LayoutBlockFlow {P} at (4,4) size 194x20 [color=#008000]
                LayoutText {#text} at (0,0) size 194x19
                  text run at (0,0) width 194: "This sentence should be green."
              LayoutBlockFlow {P} at (4,40) size 194x20 [color=#008000]
                LayoutText {#text} at (0,0) size 194x19
                  text run at (0,0) width 194: "This sentence should be green."
layer at (8,89) size 784x2 clip at (0,0) size 0x0
  LayoutBlockFlow {HR} at (0,81) size 784x2 [border: (1px inset #EEEEEE)]
