layer at (0,0) size 800x600
  LayoutView at (0,0) size 800x600
layer at (0,0) size 800x600
  LayoutNGBlockFlow {HTML} at (0,0) size 800x600
    LayoutNGBlockFlow {BODY} at (8,8) size 784x584
      LayoutNGBlockFlow (floating) {DIV} at (0,0) size 54.67x28 [border: (1px solid #000000)]
        LayoutNGBlockFlow {SPAN} at (1,1) size 52.67x26
          LayoutNGBlockFlow {SPAN} at (0,0) size 52.67x26
            LayoutText {#text} at (0,4) size 53x15
              text run at (0,4) width 53: "Float Text"
          LayoutText {#text} at (0,0) size 0x0
        LayoutText {#text} at (0,0) size 0x0
      LayoutNGBlockFlow (anonymous) at (0,0) size 784x18
        LayoutText {#text} at (56,0) size 477x18
          text run at (56,0) width 477: "The float on the left should have a black border enclosing its text contents."
