layer at (0,0) size 800x600
  LayoutView at (0,0) size 800x600
layer at (0,0) size 800x105
  LayoutBlockFlow {html} at (0,0) size 800x105
    LayoutInline {body} at (0,0) size 226x19
      LayoutText {#text} at (0,0) size 0x0
      LayoutInline {h1} at (0,0) size 54x19
        LayoutText {#text} at (0,85) size 54x19
          text run at (0,85) width 54: "Test 123"
      LayoutText {#text} at (54,85) size 4x19
        text run at (54,85) width 4: " "
      LayoutSVGRoot {svg} at (58,0) size 100x100
        LayoutSVGText {text} at (0,-15) size 191x19 contains 1 chunk(s)
          LayoutSVGInlineText {#text} at (0,-15) size 191x19
            chunk 1 text run 1 at (0.00,0.00) startOffset 0 endOffset 29 width 191.00: "You should see an error above"
        LayoutSVGRect {rect} at (0,0) size 100x100 [fill={[type=SOLID] [color=#008000]}] [x=0.00] [y=0.00] [width=100.00] [height=100.00]
      LayoutText {#text} at (158,85) size 4x19
        text run at (158,85) width 4: " "
      LayoutInline {h1} at (0,0) size 64x19
        LayoutText {#text} at (162,85) size 64x19
          text run at (162,85) width 64: "Test ABC"
      LayoutText {#text} at (0,0) size 0x0
    LayoutText {#text} at (0,0) size 0x0
