layer at (0,0) size 800x600
  LayoutView at (0,0) size 800x600
layer at (0,0) size 800x334
  LayoutBlockFlow {html} at (0,0) size 800x334
    LayoutBlockFlow {body} at (0,16) size 800x302 [bgcolor=#BBBBBB]
      LayoutBlockFlow {p} at (50,0) size 750x45
        LayoutText {#text} at (0,25) size 239x19
          text run at (0,25) width 239: "SVG in a \"transparent\" EMBED tag: "
      LayoutBlockFlow {p} at (50,61) size 750x35
        LayoutText {#text} at (0,15) size 134x19
          text run at (0,15) width 134: "SVG in an IMG tag: "
        LayoutImage {img} at (134,0) size 30x30
      LayoutBlockFlow {p} at (50,112) size 750x20
        LayoutText {#text} at (0,0) size 186x19
          text run at (0,0) width 186: "SVG in a background-image:"
      LayoutBlockFlow {p} at (50,206) size 750x45
        LayoutText {#text} at (0,25) size 199x19
          text run at (0,25) width 199: "SVG in a \"transparent\" iframe: "
      LayoutBlockFlow {p} at (50,267) size 750x35
        LayoutText {#text} at (0,15) size 40x19
          text run at (0,15) width 40: "Inline "
        LayoutSVGRoot {svg:svg} at (40,0) size 30x30
          LayoutSVGContainer {svg:g} at (0,0) size 50x50
            LayoutSVGPath {svg:polygon} at (22,0) size 6x12 [fill={[type=SOLID] [color=#000000] [opacity=0.04]}] [points="22 0 28 0 27 12 23 12"]
            LayoutSVGPath {svg:polygon} at (22,0) size 6x12 [transform={m=((0.87,0.50)(-0.50,0.87)) t=(15.85,-9.15)}] [fill={[type=SOLID] [color=#000000] [opacity=0.08]}] [points="22 0 28 0 27 12 23 12"]
            LayoutSVGPath {svg:polygon} at (22,0) size 6x12 [transform={m=((0.50,0.87)(-0.87,0.50)) t=(34.15,-9.15)}] [fill={[type=SOLID] [color=#000000] [opacity=0.12]}] [points="22 0 28 0 27 12 23 12"]
            LayoutSVGPath {svg:polygon} at (22,0) size 6x12 [transform={m=((0.00,1.00)(-1.00,0.00)) t=(50.00,0.00)}] [fill={[type=SOLID] [color=#000000] [opacity=0.16]}] [points="22 0 28 0 27 12 23 12"]
            LayoutSVGPath {svg:polygon} at (22,0) size 6x12 [transform={m=((-0.50,0.87)(-0.87,-0.50)) t=(59.15,15.85)}] [fill={[type=SOLID] [color=#000000] [opacity=0.20]}] [points="22 0 28 0 27 12 23 12"]
            LayoutSVGPath {svg:polygon} at (22,0) size 6x12 [transform={m=((-0.87,0.50)(-0.50,-0.87)) t=(59.15,34.15)}] [fill={[type=SOLID] [color=#000000] [opacity=0.24]}] [points="22 0 28 0 27 12 23 12"]
            LayoutSVGPath {svg:polygon} at (22,0) size 6x12 [transform={m=((-1.00,0.00)(-0.00,-1.00)) t=(50.00,50.00)}] [fill={[type=SOLID] [color=#000000] [opacity=0.29]}] [points="22 0 28 0 27 12 23 12"]
            LayoutSVGPath {svg:polygon} at (22,0) size 6x12 [transform={m=((-0.87,-0.50)(0.50,-0.87)) t=(34.15,59.15)}] [fill={[type=SOLID] [color=#000000] [opacity=0.33]}] [points="22 0 28 0 27 12 23 12"]
            LayoutSVGPath {svg:polygon} at (22,0) size 6x12 [transform={m=((-0.50,-0.87)(0.87,-0.50)) t=(15.85,59.15)}] [fill={[type=SOLID] [color=#000000] [opacity=0.37]}] [points="22 0 28 0 27 12 23 12"]
            LayoutSVGPath {svg:polygon} at (22,0) size 6x12 [transform={m=((-0.00,-1.00)(1.00,-0.00)) t=(0.00,50.00)}] [fill={[type=SOLID] [color=#000000] [opacity=0.41]}] [points="22 0 28 0 27 12 23 12"]
            LayoutSVGPath {svg:polygon} at (22,0) size 6x12 [transform={m=((0.50,-0.87)(0.87,0.50)) t=(-9.15,34.15)}] [fill={[type=SOLID] [color=#000000] [opacity=0.45]}] [points="22 0 28 0 27 12 23 12"]
            LayoutSVGPath {svg:polygon} at (22,0) size 6x12 [transform={m=((0.87,-0.50)(0.50,0.87)) t=(-9.15,15.85)}] [fill={[type=SOLID] [color=#000000] [opacity=0.50]}] [points="22 0 28 0 27 12 23 12"]
        LayoutText {#text} at (0,0) size 0x0
layer at (289,16) size 40x40
  LayoutEmbeddedObject {embed} at (239,0) size 40x40
    layer at (0,0) size 40x40
      LayoutView at (0,0) size 40x40
    layer at (0,0) size 40x40
      LayoutSVGRoot {svg} at (0,0) size 40x40
        LayoutSVGHiddenContainer {symbol} at (22,0) size 6x15
          LayoutSVGPath {polygon} at (22,0) size 6x15 [fill={[type=SOLID] [color=#000000]}] [points="22 0 28 0 23 15 23 15"]
        LayoutSVGContainer {g} at (0,0) size 50x50
          LayoutSVGContainer {use} at (22,0) size 6x15
            LayoutSVGViewportContainer {svg} at (22,0) size 6x15
              LayoutSVGPath {polygon} at (22,0) size 6x15 [fill={[type=SOLID] [color=#000000] [opacity=0.50]}] [points="22 0 28 0 23 15 23 15"]
          LayoutSVGContainer {use} at (22,0) size 6x15 [transform={m=((0.87,0.50)(-0.50,0.87)) t=(15.85,-9.15)}]
            LayoutSVGViewportContainer {svg} at (22,0) size 6x15
              LayoutSVGPath {polygon} at (22,0) size 6x15 [fill={[type=SOLID] [color=#000000] [opacity=0.08]}] [points="22 0 28 0 23 15 23 15"]
          LayoutSVGContainer {use} at (22,0) size 6x15 [transform={m=((0.50,0.87)(-0.87,0.50)) t=(34.15,-9.15)}]
            LayoutSVGViewportContainer {svg} at (22,0) size 6x15
              LayoutSVGPath {polygon} at (22,0) size 6x15 [fill={[type=SOLID] [color=#000000] [opacity=0.12]}] [points="22 0 28 0 23 15 23 15"]
          LayoutSVGContainer {use} at (22,0) size 6x15 [transform={m=((0.00,1.00)(-1.00,0.00)) t=(50.00,0.00)}]
            LayoutSVGViewportContainer {svg} at (22,0) size 6x15
              LayoutSVGPath {polygon} at (22,0) size 6x15 [fill={[type=SOLID] [color=#000000] [opacity=0.16]}] [points="22 0 28 0 23 15 23 15"]
          LayoutSVGContainer {use} at (22,0) size 6x15 [transform={m=((-0.50,0.87)(-0.87,-0.50)) t=(59.15,15.85)}]
            LayoutSVGViewportContainer {svg} at (22,0) size 6x15
              LayoutSVGPath {polygon} at (22,0) size 6x15 [fill={[type=SOLID] [color=#000000] [opacity=0.20]}] [points="22 0 28 0 23 15 23 15"]
          LayoutSVGContainer {use} at (22,0) size 6x15 [transform={m=((-0.87,0.50)(-0.50,-0.87)) t=(59.15,34.15)}]
            LayoutSVGViewportContainer {svg} at (22,0) size 6x15
              LayoutSVGPath {polygon} at (22,0) size 6x15 [fill={[type=SOLID] [color=#000000] [opacity=0.24]}] [points="22 0 28 0 23 15 23 15"]
          LayoutSVGContainer {use} at (22,0) size 6x15 [transform={m=((-1.00,0.00)(-0.00,-1.00)) t=(50.00,50.00)}]
            LayoutSVGViewportContainer {svg} at (22,0) size 6x15
              LayoutSVGPath {polygon} at (22,0) size 6x15 [fill={[type=SOLID] [color=#000000] [opacity=0.29]}] [points="22 0 28 0 23 15 23 15"]
          LayoutSVGContainer {use} at (22,0) size 6x15 [transform={m=((-0.87,-0.50)(0.50,-0.87)) t=(34.15,59.15)}]
            LayoutSVGViewportContainer {svg} at (22,0) size 6x15
              LayoutSVGPath {polygon} at (22,0) size 6x15 [fill={[type=SOLID] [color=#000000] [opacity=0.33]}] [points="22 0 28 0 23 15 23 15"]
          LayoutSVGContainer {use} at (22,0) size 6x15 [transform={m=((-0.50,-0.87)(0.87,-0.50)) t=(15.85,59.15)}]
            LayoutSVGViewportContainer {svg} at (22,0) size 6x15
              LayoutSVGPath {polygon} at (22,0) size 6x15 [fill={[type=SOLID] [color=#000000] [opacity=0.37]}] [points="22 0 28 0 23 15 23 15"]
          LayoutSVGContainer {use} at (22,0) size 6x15 [transform={m=((-0.00,-1.00)(1.00,-0.00)) t=(0.00,50.00)}]
            LayoutSVGViewportContainer {svg} at (22,0) size 6x15
              LayoutSVGPath {polygon} at (22,0) size 6x15 [fill={[type=SOLID] [color=#000000] [opacity=0.41]}] [points="22 0 28 0 23 15 23 15"]
          LayoutSVGContainer {use} at (22,0) size 6x15 [transform={m=((0.50,-0.87)(0.87,0.50)) t=(-9.15,34.15)}]
            LayoutSVGViewportContainer {svg} at (22,0) size 6x15
              LayoutSVGPath {polygon} at (22,0) size 6x15 [fill={[type=SOLID] [color=#000000] [opacity=0.45]}] [points="22 0 28 0 23 15 23 15"]
          LayoutSVGContainer {use} at (22,0) size 6x15 [transform={m=((0.87,-0.50)(0.50,0.87)) t=(-9.15,15.85)}]
            LayoutSVGViewportContainer {svg} at (22,0) size 6x15
              LayoutSVGPath {polygon} at (22,0) size 6x15 [fill={[type=SOLID] [color=#000000] [opacity=0.50]}] [points="22 0 28 0 23 15 23 15"]
layer at (249,222) size 40x40
  LayoutIFrame {iframe} at (199,0) size 40x40
    layer at (0,0) size 40x40
      LayoutView at (0,0) size 40x40
    layer at (0,0) size 40x40
      LayoutSVGRoot {svg} at (0,0) size 40x40
        LayoutSVGHiddenContainer {symbol} at (22,0) size 6x15
          LayoutSVGPath {polygon} at (22,0) size 6x15 [fill={[type=SOLID] [color=#000000]}] [points="22 0 28 0 23 15 23 15"]
        LayoutSVGContainer {g} at (0,0) size 50x50
          LayoutSVGContainer {use} at (22,0) size 6x15
            LayoutSVGViewportContainer {svg} at (22,0) size 6x15
              LayoutSVGPath {polygon} at (22,0) size 6x15 [fill={[type=SOLID] [color=#000000] [opacity=0.50]}] [points="22 0 28 0 23 15 23 15"]
          LayoutSVGContainer {use} at (22,0) size 6x15 [transform={m=((0.87,0.50)(-0.50,0.87)) t=(15.85,-9.15)}]
            LayoutSVGViewportContainer {svg} at (22,0) size 6x15
              LayoutSVGPath {polygon} at (22,0) size 6x15 [fill={[type=SOLID] [color=#000000] [opacity=0.08]}] [points="22 0 28 0 23 15 23 15"]
          LayoutSVGContainer {use} at (22,0) size 6x15 [transform={m=((0.50,0.87)(-0.87,0.50)) t=(34.15,-9.15)}]
            LayoutSVGViewportContainer {svg} at (22,0) size 6x15
              LayoutSVGPath {polygon} at (22,0) size 6x15 [fill={[type=SOLID] [color=#000000] [opacity=0.12]}] [points="22 0 28 0 23 15 23 15"]
          LayoutSVGContainer {use} at (22,0) size 6x15 [transform={m=((0.00,1.00)(-1.00,0.00)) t=(50.00,0.00)}]
            LayoutSVGViewportContainer {svg} at (22,0) size 6x15
              LayoutSVGPath {polygon} at (22,0) size 6x15 [fill={[type=SOLID] [color=#000000] [opacity=0.16]}] [points="22 0 28 0 23 15 23 15"]
          LayoutSVGContainer {use} at (22,0) size 6x15 [transform={m=((-0.50,0.87)(-0.87,-0.50)) t=(59.15,15.85)}]
            LayoutSVGViewportContainer {svg} at (22,0) size 6x15
              LayoutSVGPath {polygon} at (22,0) size 6x15 [fill={[type=SOLID] [color=#000000] [opacity=0.20]}] [points="22 0 28 0 23 15 23 15"]
          LayoutSVGContainer {use} at (22,0) size 6x15 [transform={m=((-0.87,0.50)(-0.50,-0.87)) t=(59.15,34.15)}]
            LayoutSVGViewportContainer {svg} at (22,0) size 6x15
              LayoutSVGPath {polygon} at (22,0) size 6x15 [fill={[type=SOLID] [color=#000000] [opacity=0.24]}] [points="22 0 28 0 23 15 23 15"]
          LayoutSVGContainer {use} at (22,0) size 6x15 [transform={m=((-1.00,0.00)(-0.00,-1.00)) t=(50.00,50.00)}]
            LayoutSVGViewportContainer {svg} at (22,0) size 6x15
              LayoutSVGPath {polygon} at (22,0) size 6x15 [fill={[type=SOLID] [color=#000000] [opacity=0.29]}] [points="22 0 28 0 23 15 23 15"]
          LayoutSVGContainer {use} at (22,0) size 6x15 [transform={m=((-0.87,-0.50)(0.50,-0.87)) t=(34.15,59.15)}]
            LayoutSVGViewportContainer {svg} at (22,0) size 6x15
              LayoutSVGPath {polygon} at (22,0) size 6x15 [fill={[type=SOLID] [color=#000000] [opacity=0.33]}] [points="22 0 28 0 23 15 23 15"]
          LayoutSVGContainer {use} at (22,0) size 6x15 [transform={m=((-0.50,-0.87)(0.87,-0.50)) t=(15.85,59.15)}]
            LayoutSVGViewportContainer {svg} at (22,0) size 6x15
              LayoutSVGPath {polygon} at (22,0) size 6x15 [fill={[type=SOLID] [color=#000000] [opacity=0.37]}] [points="22 0 28 0 23 15 23 15"]
          LayoutSVGContainer {use} at (22,0) size 6x15 [transform={m=((-0.00,-1.00)(1.00,-0.00)) t=(0.00,50.00)}]
            LayoutSVGViewportContainer {svg} at (22,0) size 6x15
              LayoutSVGPath {polygon} at (22,0) size 6x15 [fill={[type=SOLID] [color=#000000] [opacity=0.41]}] [points="22 0 28 0 23 15 23 15"]
          LayoutSVGContainer {use} at (22,0) size 6x15 [transform={m=((0.50,-0.87)(0.87,0.50)) t=(-9.15,34.15)}]
            LayoutSVGViewportContainer {svg} at (22,0) size 6x15
              LayoutSVGPath {polygon} at (22,0) size 6x15 [fill={[type=SOLID] [color=#000000] [opacity=0.45]}] [points="22 0 28 0 23 15 23 15"]
          LayoutSVGContainer {use} at (22,0) size 6x15 [transform={m=((0.87,-0.50)(0.50,0.87)) t=(-9.15,15.85)}]
            LayoutSVGViewportContainer {svg} at (22,0) size 6x15
              LayoutSVGPath {polygon} at (22,0) size 6x15 [fill={[type=SOLID] [color=#000000] [opacity=0.50]}] [points="22 0 28 0 23 15 23 15"]
layer at (250,116) size 42x42
  LayoutBlockFlow (relative positioned) {div} at (0,148) size 42x42 [border: (1px solid #AAAAAA)]
