layer at (0,0) size 800x600
  LayoutView at (0,0) size 800x600
layer at (0,0) size 800x56
  LayoutBlockFlow {html} at (0,0) size 800x56
    LayoutBlockFlow {body} at (8,8) size 784x40
      LayoutText {#text} at (0,0) size 170x19
        text run at (0,0) width 170: "This tests the behaviour of "
      LayoutInline {code} at (0,0) size 224x16
        LayoutText {#text} at (170,3) size 224x16
          text run at (170,3) width 224: "SVGLocatable::getScreenCTM()"
      LayoutText {#text} at (394,0) size 113x19
        text run at (394,0) width 113: " in mixed content "
      LayoutBR {br} at (507,0) size 0x19
      LayoutText {#text} at (0,20) size 315x19
        text run at (0,20) width 315: "If the test passes you should see a green rectangle."
layer at (30,100) size 400x200
  LayoutBlockFlow (positioned) {div} at (30,100) size 400x200
    LayoutSVGRoot {svg} at (0,0) size 400x200
      LayoutSVGRect {rect} at (0,0) size 200x100 [fill={[type=SOLID] [color=#008000]}] [x=0.00] [y=0.00] [width=200.00] [height=100.00]
    LayoutText {#text} at (0,0) size 0x0
layer at (30,330) size 0x0
  LayoutBlockFlow (positioned) {div} at (30,330) size 0x0 [color=#FF0000]
