layer at (0,0) size 800x600
  LayoutView at (0,0) size 800x600
layer at (0,0) size 800x296
  LayoutBlockFlow {html} at (0,0) size 800x296
    LayoutBlockFlow {body} at (8,8) size 784x280
      LayoutText {#text} at (175,260) size 4x19
        text run at (175,260) width 4: " "
      LayoutText {#text} at (354,260) size 4x19
        text run at (354,260) width 4: " "
      LayoutText {#text} at (533,260) size 4x19
        text run at (533,260) width 4: " "
      LayoutText {#text} at (0,0) size 0x0
layer at (8,8) size 175x275
  LayoutEmbeddedObject {object} at (0,0) size 175x275 [bgcolor=#FFA500]
    layer at (0,0) size 175x275
      LayoutView at (0,0) size 175x275
    layer at (0,0) size 175x275
      LayoutSVGRoot {svg} at (0,0) size 175x275
        LayoutSVGRect {rect} at (0,0) size 300x300 [fill={[type=SOLID] [color=#0000FF]}] [x=0.00] [y=0.00] [width=300.00] [height=300.00]
        LayoutSVGEllipse {circle} at (120,120) size 60x60 [fill={[type=SOLID] [color=#008000]}] [cx=150.00] [cy=150.00] [r=30.00]
layer at (187,8) size 175x275
  LayoutEmbeddedObject {object} at (179,0) size 175x275 [bgcolor=#FFA500]
    layer at (0,0) size 175x275
      LayoutView at (0,0) size 175x275
    layer at (0,0) size 175x275
      LayoutSVGRoot {svg} at (0,0) size 175x275
        LayoutSVGRect {rect} at (0,0) size 300x300 [fill={[type=SOLID] [color=#0000FF]}] [x=0.00] [y=0.00] [width=300.00] [height=300.00]
        LayoutSVGEllipse {circle} at (120,120) size 60x60 [fill={[type=SOLID] [color=#008000]}] [cx=150.00] [cy=150.00] [r=30.00]
layer at (366,8) size 175x275
  LayoutEmbeddedObject {object} at (358,0) size 175x275 [bgcolor=#FFA500]
    layer at (0,0) size 175x275
      LayoutView at (0,0) size 175x275
    layer at (0,0) size 175x275
      LayoutSVGRoot {svg} at (0,0) size 175x275
        LayoutSVGRect {rect} at (0,0) size 300x300 [fill={[type=SOLID] [color=#0000FF]}] [x=0.00] [y=0.00] [width=300.00] [height=300.00]
        LayoutSVGEllipse {circle} at (120,120) size 60x60 [fill={[type=SOLID] [color=#008000]}] [cx=150.00] [cy=150.00] [r=30.00]
layer at (545,8) size 175x275
  LayoutEmbeddedObject {object} at (537,0) size 175x275 [bgcolor=#FFA500]
    layer at (0,0) size 175x275
      LayoutView at (0,0) size 175x275
    layer at (0,0) size 175x275
      LayoutSVGRoot {svg} at (0,0) size 175x275
        LayoutSVGRect {rect} at (0,0) size 300x300 [fill={[type=SOLID] [color=#0000FF]}] [x=0.00] [y=0.00] [width=300.00] [height=300.00]
        LayoutSVGEllipse {circle} at (120,120) size 60x60 [fill={[type=SOLID] [color=#008000]}] [cx=150.00] [cy=150.00] [r=30.00]
