layer at (0,0) size 800x600
  LayoutView at (0,0) size 800x600
layer at (0,0) size 800x309
  LayoutBlockFlow {html} at (0,0) size 800x309
    LayoutBlockFlow {body} at (8,16) size 784x277
      LayoutBlockFlow {p} at (0,0) size 784x20
        LayoutText {#text} at (0,0) size 135x19
          text run at (0,0) width 135: "This is a test of CDF:"
      LayoutBlockFlow (anonymous) at (0,36) size 784x205
        LayoutSVGRoot {svg} at (0,0) size 200x200
          LayoutSVGRect {rect} at (0,0) size 200x200 [fill={[type=SOLID] [color=#0000FF]}] [x=0.00] [y=0.00] [width=200.00] [height=200.00]
        LayoutText {#text} at (0,0) size 0x0
      LayoutBlockFlow {p} at (0,257) size 784x20
        LayoutText {#text} at (0,0) size 267x19
          text run at (0,0) width 267: "You should see an SVG image above this!"
