layer at (0,0) size 800x600
  LayoutView at (0,0) size 800x600
layer at (0,0) size 800x518
  LayoutBlockFlow {HTML} at (0,0) size 800x517.53
layer at (173,32) size 454x454
  LayoutBlockFlow (relative positioned) {BODY} at (173.23,32) size 453.53x453.53 [color=#FFFFFF] [bgcolor=#DD6600]
    LayoutBlockFlow {DIV} at (0,0) size 453.53x0
      LayoutBlockFlow {DIV} at (0,0) size 453.53x0
        LayoutBlockFlow {DIV} at (0,0) size 453.53x0
    LayoutBlockFlow {DIV} at (0,0) size 453.53x0
      LayoutInline {SPAN} at (0,0) size 0x0
    LayoutBlockFlow {DIV} at (0,0) size 453.53x0
      LayoutInline {SPAN} at (0,0) size 0x0
    LayoutBlockFlow {DIV} at (0,0) size 453.53x0
      LayoutInline {SPAN} at (0,0) size 0x0
    LayoutBlockFlow {DIV} at (0,0) size 453.53x0
      LayoutInline {SPAN} at (0,0) size 0x0
    LayoutBlockFlow {DIV} at (0,0) size 453.53x0
      LayoutInline {SPAN} at (0,0) size 0x0
    LayoutBlockFlow {DIV} at (0,0) size 453.53x0
      LayoutInline {SPAN} at (0,0) size 0x0
layer at (173,47) size 454x190
  LayoutBlockFlow (positioned) {H1} at (0,15.11) size 453.53x190 [color=#DD9955]
    LayoutInline {SPAN} at (0,0) size 339x183
      LayoutText {#text} at (69,3) size 339x183
        text run at (69,3) width 316: "CSS ZEN"
        text run at (57,98) width 339: "GARDEN"
layer at (173,119) size 454x22
  LayoutBlockFlow (positioned) {H2} at (0,87.47) size 453.53x22 [color=#EEFF00]
    LayoutInline {SPAN} at (0,0) size 210x21
      LayoutText {#text} at (122,0) size 116x21
        text run at (122,0) width 116: "The Beauty of "
      LayoutInline {ACRONYM} at (0,0) size 36x21
        LayoutText {#text} at (237,0) size 36x21
          text run at (237,0) width 36: "CSS"
      LayoutText {#text} at (272,0) size 60x21
        text run at (272,0) width 60: " Design"
layer at (173,365) size 454x121
  LayoutBlockFlow (positioned) {DIV} at (0,333.34) size 453.53x120.19
    LayoutInline {P} at (0,0) size 431x29
      LayoutInline {SPAN} at (0,0) size 431x29
        LayoutText {#text} at (11,-1) size 431x29
          text run at (11,-1) width 431: "Littering a dark and dreary road lay the past relics of browser-specific tags,"
          text run at (11,13) width 79: "incompatible "
        LayoutInline {ACRONYM} at (0,0) size 29x15
          LayoutText {#text} at (89,13) size 29x15
            text run at (89,13) width 29: "DOM"
        LayoutText {#text} at (117,13) size 89x15
          text run at (117,13) width 89: "s, and broken "
        LayoutInline {ACRONYM} at (0,0) size 26x15
          LayoutText {#text} at (205,13) size 26x15
            text run at (205,13) width 26: "CSS"
        LayoutText {#text} at (230,13) size 54x15
          text run at (230,13) width 54: " support."
    LayoutText {#text} at (283,13) size 7x15
      text run at (283,13) width 7: " "
    LayoutInline {P} at (0,0) size 431x43
      LayoutInline {SPAN} at (0,0) size 431x43
        LayoutText {#text} at (289,13) size 431x43
          text run at (289,13) width 153: "Today, we must clear the"
          text run at (11,27) width 431: "mind of past practices. Web enlightenment has been achieved thanks to the"
          text run at (11,41) width 174: "tireless efforts of folk like the "
        LayoutInline {ACRONYM} at (0,0) size 28x15
          LayoutText {#text} at (184,41) size 28x15
            text run at (184,41) width 28: "W3C"
        LayoutText {#text} at (211,41) size 7x15
          text run at (211,41) width 7: ", "
        LayoutInline {ACRONYM} at (0,0) size 35x15
          LayoutText {#text} at (217,41) size 35x15
            text run at (217,41) width 35: "WaSP"
        LayoutText {#text} at (251,41) size 191x15
          text run at (251,41) width 191: " and the major browser creators."
    LayoutText {#text} at (0,0) size 0x0
    LayoutInline {P} at (0,0) size 431x57
      LayoutInline {SPAN} at (0,0) size 431x57
        LayoutText {#text} at (11,55) size 431x57
          text run at (11,55) width 431: "The css Zen Garden invites you to relax and meditate on the important"
          text run at (11,69) width 431: "lessons of the masters. Begin to see with clarity. Learn to use the (yet to be)"
          text run at (11,83) width 431: "time-honored techniques in new and invigorating fashion. Become one with"
          text run at (11,97) width 48: "the web."
    LayoutText {#text} at (0,0) size 0x0
layer at (321,234) size 307x81
  LayoutBlockFlow (positioned) {H3} at (147.42,-131.41) size 306.11x81.53 [color=#CCCC77] [bgcolor=#888811] [border: (3.77px solid #888811) none (3.77px solid #888811)]
    LayoutInline {SPAN} at (0,0) size 243x82
      LayoutText {#text} at (66,0) size 243x82
        text run at (66,0) width 210: "The Road to"
        text run at (33,36) width 243: "Enlightenment"
