layer at (0,0) size 800x600
  LayoutView at (0,0) size 800x600
layer at (0,0) size 800x600
  LayoutSVGRoot {svg} at (0,0) size 800x600
    LayoutSVGContainer {g} at (54.37,54.76) size 3066.23x2168.26
      LayoutSVGContainer {g} at (54.37,54.76) size 3066.23x2168.26
        LayoutSVGForeignObject {foreignObject} at (10,10) size 580x380
          LayoutBlockFlow {xhtml:div} at (0,0) size 580x20
            LayoutText {#text} at (0,0) size 242x19
              text run at (0,0) width 242: "You should only see this string ONCE"
    LayoutSVGContainer {use} at (0,0) size 0x0 [transform={m=((0.71,0.71)(-0.71,0.71)) t=(250.00,-35.86)}]
      LayoutSVGContainer {g} at (0,0) size 0x0
        LayoutSVGContainer {g} at (0,0) size 0x0
    LayoutSVGContainer {use} at (0,0) size 0x0 [transform={m=((0.71,0.71)(-0.71,0.71)) t=(250.00,-35.86)}]
      LayoutSVGContainer {g} at (0,0) size 0x0 [transform={m=((0.71,0.71)(-0.71,0.71)) t=(250.00,-35.86)}]
        LayoutSVGContainer {g} at (0,0) size 0x0
          LayoutSVGContainer {g} at (0,0) size 0x0
layer at (10,10) size 580x380 backgroundClip at (54,55) size 746x545 clip at (54,55) size 536x335
  LayoutSVGForeignObject {foreignObject} at (10,10) size 580x380
    LayoutBlockFlow {xhtml:div} at (0,0) size 580x20
      LayoutText {#text} at (0,0) size 242x19
        text run at (0,0) width 242: "You should only see this string ONCE"
