layer at (0,0) size 800x600
  LayoutView at (0,0) size 800x600
layer at (0,0) size 800x600
  LayoutNGBlockFlow {HTML} at (0,0) size 800x600
    LayoutNGBlockFlow {BODY} at (8,8) size 784x576
      LayoutNGBlockFlow {DIV} at (0,0) size 784x100
      LayoutNGBlockFlow (anonymous) at (0,100) size 784x20
        LayoutText {#text} at (0,0) size 347x19
          text run at (0,0) width 347: "This file has no doctype. We should be in quirks mode."
      LayoutNGBlockFlow {UL} at (0,136) size 784x40
        LayoutNGListItem {LI} at (40,0) size 744x40
          LayoutNGListMarker (anonymous) at (-18,0) size 7x20
            LayoutText (anonymous) at (0,0) size 7x19
              text run at (0,0) width 7: "\x{2022} "
          LayoutNGBlockFlow {UL} at (0,20) size 744x20
            LayoutNGListItem {LI} at (40,0) size 704x20
              LayoutNGListMarker (anonymous) at (-18,0) size 7x20
                LayoutText (anonymous) at (0,0) size 7x19
                  text run at (0,0) width 7: "\x{25E6} "
              LayoutText {#text} at (0,0) size 238x19
                text run at (0,0) width 238: "I should be underneath the first bullet."
layer at (10,10) size 80x80
  LayoutNGBlockFlow (positioned) {DIV} at (10,10) size 80x80 [bgcolor=#008000]
