layer at (0,0) size 800x600
  LayoutView at (0,0) size 800x600
layer at (0,0) size 800x180
  LayoutNGBlockFlow {HTML} at (0,0) size 800x180
    LayoutNGBlockFlow {BODY} at (8,8) size 784x156
      LayoutNGBlockFlow {DIV} at (0,0) size 784x100
      LayoutNGBlockFlow (anonymous) at (0,100) size 784x20
        LayoutText {#text} at (0,0) size 487x19
          text run at (0,0) width 487: "This file has a doc type with no public identifier. We should be in strict mode."
      LayoutNGBlockFlow {UL} at (0,136) size 784x20
        LayoutNGListItem {LI} at (40,0) size 744x20
          LayoutNGListMarker (anonymous) at (-18,0) size 10x20
            LayoutText (anonymous) at (0,0) size 10x19
              text run at (0,0) width 10: "\x{2022} "
          LayoutNGBlockFlow {UL} at (0,0) size 744x20
            LayoutNGListItem {LI} at (40,0) size 704x20
              LayoutNGListMarker (anonymous) at (-18,0) size 10x20
                LayoutText (anonymous) at (0,0) size 10x19
                  text run at (0,0) width 10: "\x{25E6} "
              LayoutText {#text} at (0,0) size 251x19
                text run at (0,0) width 251: "Both bullets should be on the same line."
layer at (8,8) size 80x80
  LayoutNGBlockFlow (positioned) {DIV} at (8,8) size 80x80 [bgcolor=#008000]
