layer at (0,0) size 800x600
  LayoutView at (0,0) size 800x600
layer at (0,0) size 800x58
  LayoutBlockFlow {HTML} at (0,0) size 800x58
    LayoutBlockFlow {BODY} at (8,8) size 784x42
      LayoutBlockFlow (anonymous) at (0,0) size 784x20
        LayoutText {#text} at (0,0) size 663x19
          text run at (0,0) width 663: "Passes if there is some \"testtest..\" content inside of an input box, shifted to the right into a second column."
layer at (8,28) size 784x22
  LayoutBlockFlow {DIV} at (0,20) size 784x22
    LayoutMultiColumnSet (anonymous) at (0,0) size 784x22
layer at (8,28) size 117x88
  LayoutMultiColumnFlowThread (anonymous) at (0,0) size 117.33x88
    LayoutBlockFlow {DIV} at (0,0) size 117.33x50
    LayoutBlockFlow (anonymous) at (0,66) size 117.33x22
      LayoutTextControl {INPUT} at (0,0) size 64x22 [bgcolor=#FFFFFF] [border: (2px inset #EEEEEE)]
      LayoutText {#text} at (0,0) size 0x0
layer at (10,97) size 60x16 scrollWidth 111
  LayoutBlockFlow {DIV} at (2,3) size 60x16
    LayoutText {#text} at (0,0) size 110x16
      text run at (0,0) width 110: "testtesttesttesttest"
