layer at (0,0) size 800x600
  LayoutView at (0,0) size 800x600
layer at (0,0) size 800x600
  LayoutSVGRoot {svg} at (0,0) size 800x600
    LayoutSVGHiddenContainer {g} at (0,0) size 0x0
      LayoutSVGContainer {g} at (0,0) size 0x0
        LayoutSVGForeignObject {foreignObject} at (0,0) size 0x0
          LayoutBlockFlow {html} at (0,0) size 0x100
            LayoutBlockFlow {body} at (0,0) size 100x100 [color=#FF0000]
              LayoutText {#text} at (0,0) size 74x36
                text run at (0,0) width 74: "FAILED IF"
                text run at (0,18) width 62: "VISIBLE"
    LayoutSVGRect {rect} at (0,0) size 100x90 [fill={[type=SOLID] [color=#008000]}] [x=0.00] [y=0.00] [width=100.00] [height=90.00]
layer at (0,0) size 0x0 scrollWidth 100 scrollHeight 100
  LayoutSVGForeignObject {foreignObject} at (0,0) size 0x0
    LayoutBlockFlow {html} at (0,0) size 0x100
      LayoutBlockFlow {body} at (0,0) size 100x100 [color=#FF0000]
        LayoutText {#text} at (0,0) size 74x36
          text run at (0,0) width 74: "FAILED IF"
          text run at (0,18) width 62: "VISIBLE"
