layer at (0,0) size 800x600
  LayoutView at (0,0) size 800x600
layer at (0,0) size 800x600
  LayoutSVGRoot {svg} at (0,0) size 800x600
    LayoutSVGRect {rect} at (0,0) size 100x90 [fill={[type=SOLID] [color=#008000]}] [x=0.00] [y=0.00] [width=100.00] [height=90.00]
    LayoutSVGContainer {g} at (0,0) size 100x90
      LayoutSVGForeignObject {foreignObject} at (0,0) size 100x90
        LayoutBlockFlow {html} at (0,0) size 100x100
          LayoutBlockFlow {body} at (0,0) size 100x100 [color=#FFFFFF]
            LayoutText {#text} at (0,0) size 37x18
              text run at (0,0) width 37: "PASS"
