layer at (0,0) size 800x600
  LayoutView at (0,0) size 800x600
layer at (0,0) size 800x600
  LayoutSVGRoot {svg} at (0,0) size 800x600
    LayoutSVGForeignObject {foreignObject} at (0,0) size 300x100
      LayoutBlockFlow {html} at (0,0) size 300x18
        LayoutBlockFlow {p} at (0,0) size 300x18
          LayoutText {#text} at (0,0) size 138x18
            text run at (0,0) width 138: "This should not crash"
        LayoutBlockFlow (anonymous) at (0,18) size 300x0
          LayoutInline {g} at (0,0) size 0x0
          LayoutText {#text} at (0,0) size 0x0
layer at (0,0) size 300x100
  LayoutSVGForeignObject {foreignObject} at (0,0) size 300x100
    LayoutBlockFlow {html} at (0,0) size 300x18
      LayoutBlockFlow {p} at (0,0) size 300x18
        LayoutText {#text} at (0,0) size 138x18
          text run at (0,0) width 138: "This should not crash"
      LayoutBlockFlow (anonymous) at (0,18) size 300x0
        LayoutInline {g} at (0,0) size 0x0
        LayoutText {#text} at (0,0) size 0x0
