layer at (0,0) size 800x600
  LayoutView at (0,0) size 800x600
layer at (0,0) size 800x600
  LayoutSVGRoot {svg} at (0,0) size 800x600
    LayoutSVGForeignObject {foreignObject} at (0,0) size 300x100
      LayoutBlockFlow {html} at (0,0) size 300x188
        LayoutBlockFlow {p} at (0,0) size 300x18
          LayoutText {#text} at (0,0) size 221x18
            text run at (0,0) width 221: "Test from HTML in foreignObject"
        LayoutBlockFlow (anonymous) at (0,34) size 300x154
          LayoutSVGRoot {svg} at (0,0) size 300x150
            LayoutSVGRect {rect} at (0,0) size 20x20 [fill={[type=SOLID] [color=#008000]}] [x=0.00] [y=0.00] [width=20.00] [height=20.00]
            LayoutSVGText {text} at (0,36) size 272.63x18 contains 1 chunk(s)
              LayoutSVGInlineText {#text} at (0,36) size 272.63x18
                chunk 1 text run 1 at (0.00,50.00) startOffset 0 endOffset 38 width 272.61: "Test from SVG in HTML in foreignObject"
          LayoutText {#text} at (0,0) size 0x0
layer at (0,0) size 300x100 scrollHeight 188
  LayoutSVGForeignObject {foreignObject} at (0,0) size 300x100
    LayoutBlockFlow {html} at (0,0) size 300x188
      LayoutBlockFlow {p} at (0,0) size 300x18
        LayoutText {#text} at (0,0) size 221x18
          text run at (0,0) width 221: "Test from HTML in foreignObject"
      LayoutBlockFlow (anonymous) at (0,34) size 300x154
        LayoutSVGRoot {svg} at (0,0) size 300x150
          LayoutSVGRect {rect} at (0,0) size 20x20 [fill={[type=SOLID] [color=#008000]}] [x=0.00] [y=0.00] [width=20.00] [height=20.00]
          LayoutSVGText {text} at (0,36) size 272.63x18 contains 1 chunk(s)
            LayoutSVGInlineText {#text} at (0,36) size 272.63x18
              chunk 1 text run 1 at (0.00,50.00) startOffset 0 endOffset 38 width 272.61: "Test from SVG in HTML in foreignObject"
        LayoutText {#text} at (0,0) size 0x0
