layer at (0,0) size 800x600
  LayoutView at (0,0) size 800x600
layer at (0,0) size 800x600
  LayoutBlockFlow {HTML} at (0,0) size 800x600
    LayoutBlockFlow {BODY} at (8,8) size 784x576
      LayoutBlockFlow (anonymous) at (0,0) size 784x40
        LayoutText {#text} at (0,0) size 764x39
          text run at (0,0) width 764: "This tests whether alt text is shown for image elements with no src attribute. You should see \"Success\" twice, followed by a blue"
          text run at (0,20) width 58: "rectangle."
      LayoutBlockFlow {P} at (0,56) size 784x97
        LayoutBlockFlow {IMG} at (0,0) size 65x20
          LayoutInline {SPAN} at (0,0) size 49x19
            LayoutImage (floating) {IMG} at (0,0) size 16x16
            LayoutInline {SPAN} at (0,0) size 49x19
              LayoutText {#text} at (16,0) size 49x19
                text run at (16,0) width 49: "Success"
        LayoutBR {BR} at (65,15) size 0x0
        LayoutBlockFlow {IMG} at (0,20) size 102x52 [border: (1px solid #000000)]
        LayoutBR {BR} at (102,71) size 0x0
        LayoutImage {IMG} at (0,72) size 75x25
        LayoutBR {BR} at (75,97) size 0x0
layer at (9,85) size 100x50 clip at (10,86) size 98x48
  LayoutBlockFlow {SPAN} at (1,1) size 100x50 [border: (1px solid #C0C0C0)]
    LayoutImage (floating) {IMG} at (2,2) size 16x16
    LayoutInline {SPAN} at (0,0) size 49x19
      LayoutText {#text} at (18,2) size 49x19
        text run at (18,2) width 49: "Success"
