layer at (0,0) size 800x600
  LayoutView at (0,0) size 800x600
layer at (0,0) size 800x600
  LayoutBlockFlow {HTML} at (0,0) size 800x600
    LayoutBlockFlow {BODY} at (8,8) size 784x584
      LayoutBlockFlow {INPUT} at (2.88,3) size 12x13
      LayoutText {#text} at (17,0) size 5x18
        text run at (17,0) width 5: " "
      LayoutBR {BR} at (21,14) size 1x0
      LayoutText {#text} at (0,0) size 0x0
      LayoutText {#text} at (0,0) size 0x0
      LayoutText {#text} at (0,0) size 0x0
layer at (8,27) size 0x0
  LayoutBlockFlow (positioned) {DIV} at (8,27) size 0x0
