layer at (0,0) size 800x600
  LayoutView at (0,0) size 800x600
layer at (0,0) size 800x600
  LayoutBlockFlow {HTML} at (0,0) size 800x600
    LayoutBlockFlow {BODY} at (8,8) size 784x584
      LayoutTable {TABLE} at (0,0) size 106x212
        LayoutTableSection {TBODY} at (0,0) size 106x212
          LayoutTableRow {TR} at (0,2) size 106x100
            LayoutTableCell {TD} at (2,51) size 102x2 [r=0 c=0 rs=1 cs=1]
          LayoutTableRow {TR} at (0,104) size 106x106
            LayoutTableCell {TD} at (2,104) size 102x106 [bgcolor=#008000] [r=1 c=0 rs=1 cs=1]
              LayoutText {#text} at (1,87) size 4x18
                text run at (1,87) width 4: " "
              LayoutBlockFlow {DIV} at (5,1) size 10x100
