layer at (0,0) size 800x600 scrollWidth 866 scrollHeight 1838
  LayoutView at (0,0) size 800x600
layer at (0,0) size 800x1838 backgroundClip at (0,0) size 800x600 clip at (0,0) size 800x600
  LayoutBlockFlow {HTML} at (0,0) size 800x1838
    LayoutBlockFlow {BODY} at (8,8) size 784x1822 [bgcolor=#CCCCCC]
      LayoutBlockFlow {P} at (0,0) size 784x18
        LayoutText {#text} at (0,0) size 363x18
          text run at (0,0) width 363: "The style declarations which apply to the text below are:"
      LayoutBlockFlow {PRE} at (0,34) size 784x225
        LayoutText {#text} at (0,0) size 859x225
          text run at (0,0) width 656: ".one {background-image: url(../resources/oransqr.gif); background-repeat: repeat-y;}"
          text run at (655,0) width 1: " "
          text run at (0,15) width 656: ".two {background-image: url(../resources/oransqr.gif); background-repeat: repeat-x;}"
          text run at (655,15) width 1: " "
          text run at (0,30) width 679: ".three {background-image: url(../resources/oransqr.gif); background-repeat: no-repeat;}"
          text run at (678,30) width 1: " "
          text run at (0,45) width 859: ".four {background-image: url(../resources/bg.gif); background-position: 50% 50%; background-repeat: repeat-y;}"
          text run at (858,45) width 1: " "
          text run at (0,60) width 687: ".five {background-image: url(../resources/crosshair2.gif); background-position: 50% 50%;"
          text run at (686,60) width 1: " "
          text run at (0,75) width 235: "       background-color: red;}"
          text run at (234,75) width 1: " "
          text run at (0,90) width 703: ".six {background-image: url(../resources/crosshair2.gif); background-position: center top;"
          text run at (702,90) width 1: " "
          text run at (0,105) width 227: "      background-color: red;}"
          text run at (226,105) width 1: " "
          text run at (0,120) width 703: ".seven {background-image: url(../resources/crosshair2.gif); background-position: top left;"
          text run at (702,120) width 1: " "
          text run at (0,135) width 242: "        background-color: red;}"
          text run at (241,135) width 1: " "
          text run at (0,150) width 734: ".eight {background-image: url(../resources/crosshair2.gif); background-position: bottom right;"
          text run at (733,150) width 1: " "
          text run at (0,165) width 242: "        background-color: red;}"
          text run at (241,165) width 1: " "
          text run at (0,180) width 687: ".nine {background-image: url(../resources/crosshair2.gif); background-position: 50% 50%;"
          text run at (686,180) width 1: " "
          text run at (0,195) width 235: "       background-color: red;}"
          text run at (234,195) width 1: " "
          text run at (0,210) width 0: " "
      LayoutBlockFlow {P} at (0,290) size 784x54
        LayoutText {#text} at (0,0) size 779x36
          text run at (0,0) width 779: "This sentence should have an orange stripe repeated in the \"y\" direction, starting at the upper left corner (since the default"
          text run at (0,18) width 23: "for "
        LayoutInline {CODE} at (0,0) size 149x15
          LayoutText {#text} at (22,20) size 149x15
            text run at (22,20) width 149: "background-position"
        LayoutText {#text} at (170,18) size 740x36
          text run at (170,18) width 328: " is '0% 0%' and that property is not declared here). "
          text run at (497,18) width 243: "This is extra text included for the sole"
          text run at (0,36) width 264: "purpose of making the paragraph longer. "
          text run at (263,36) width 224: "Thank you for your understanding."
      LayoutBlockFlow {P} at (0,360) size 784x54
        LayoutText {#text} at (0,0) size 779x36
          text run at (0,0) width 779: "This sentence should have an orange stripe repeated in the \"x\" direction, starting at the upper left corner (since the default"
          text run at (0,18) width 23: "for "
        LayoutInline {CODE} at (0,0) size 149x15
          LayoutText {#text} at (22,20) size 149x15
            text run at (22,20) width 149: "background-position"
        LayoutText {#text} at (170,18) size 740x36
          text run at (170,18) width 328: " is '0% 0%' and that property is not declared here). "
          text run at (497,18) width 243: "This is extra text included for the sole"
          text run at (0,36) width 264: "purpose of making the paragraph longer. "
          text run at (263,36) width 224: "Thank you for your understanding."
      LayoutBlockFlow {P} at (0,430) size 784x54
        LayoutText {#text} at (0,0) size 712x18
          text run at (0,0) width 712: "This sentence should have a single orange square behind it, placed at the upper left corner (since the default for"
        LayoutInline {CODE} at (0,0) size 149x15
          LayoutText {#text} at (0,20) size 149x15
            text run at (0,20) width 149: "background-position"
        LayoutText {#text} at (148,18) size 772x36
          text run at (148,18) width 327: " is '0% 0%' and that property is not declared here). "
          text run at (474,18) width 298: "This is extra text included for the sole purpose"
          text run at (0,36) width 209: "of making the paragraph longer. "
          text run at (208,36) width 225: "Thank you for your understanding."
      LayoutBlockFlow {P} at (0,500) size 784x72
        LayoutText {#text} at (0,0) size 778x36
          text run at (0,0) width 778: "This sentence should have a green-hatch stripe running vertically down the center of the paragraph, with the origin image"
          text run at (0,18) width 221: "exactly centered in the paragraph. "
          text run at (220,18) width 103: "This is because "
        LayoutInline {CODE} at (0,0) size 63x15
          LayoutText {#text} at (322,20) size 63x15
            text run at (322,20) width 63: "repeat-y"
        LayoutText {#text} at (384,18) size 118x18
          text run at (384,18) width 118: " specifies tiling in "
        LayoutInline {EM} at (0,0) size 30x18
          LayoutText {#text} at (501,18) size 30x18
            text run at (501,18) width 30: "both"
        LayoutText {#text} at (530,18) size 779x36
          text run at (530,18) width 162: " directions on the y-axis. "
          text run at (691,18) width 88: "Note that this"
          text run at (0,36) width 275: "test is only valid if the user agent supports "
        LayoutInline {CODE} at (0,0) size 149x15
          LayoutText {#text} at (274,38) size 149x15
            text run at (274,38) width 149: "background-position"
        LayoutText {#text} at (422,36) size 35x18
          text run at (422,36) width 35: " (see "
        LayoutInline {A} at (0,0) size 59x18 [color=#0000FF]
          LayoutText {#text} at (456,36) size 59x18
            text run at (456,36) width 59: "test 5.3.6"
        LayoutText {#text} at (514,36) size 771x36
          text run at (514,36) width 14: "). "
          text run at (527,36) width 244: "I'll fill the paragraph with extra text to"
          text run at (0,54) width 350: "make the conformance (or lack thereof) more obvious."
      LayoutBlockFlow {P} at (0,588) size 784x90 [bgcolor=#FF0000]
        LayoutText {#text} at (0,0) size 768x18
          text run at (0,0) width 670: "This paragraph should have a tiled background, with the origin image exactly centered in the paragraph. "
          text run at (669,0) width 99: "This is because"
        LayoutInline {CODE} at (0,0) size 133x15
          LayoutText {#text} at (0,20) size 133x15
            text run at (0,20) width 133: "background-repeat"
        LayoutText {#text} at (132,18) size 118x18
          text run at (132,18) width 118: " specifies tiling in "
        LayoutInline {EM} at (0,0) size 18x18
          LayoutText {#text} at (249,18) size 18x18
            text run at (249,18) width 18: "all"
        LayoutText {#text} at (266,18) size 765x36
          text run at (266,18) width 372: " directions, regardless of the position of the origin image. "
          text run at (637,18) width 128: "Note that this test is"
          text run at (0,36) width 234: "only valid if the user agent supports "
        LayoutInline {CODE} at (0,0) size 149x15
          LayoutText {#text} at (233,38) size 149x15
            text run at (233,38) width 149: "background-position"
        LayoutText {#text} at (381,36) size 35x18
          text run at (381,36) width 35: " (see "
        LayoutInline {A} at (0,0) size 59x18 [color=#0000FF]
          LayoutText {#text} at (415,36) size 59x18
            text run at (415,36) width 59: "test 5.3.6"
        LayoutText {#text} at (473,36) size 783x54
          text run at (473,36) width 14: "). "
          text run at (486,36) width 283: "I'll fill the paragraph with extra text to make"
          text run at (0,54) width 315: "the conformance (or lack thereof) more obvious. "
          text run at (314,54) width 469: "A background color is present, although if it is visible then the image has"
          text run at (0,72) width 144: "not bee correctly tiled."
      LayoutBlockFlow {P} at (0,694) size 784x54 [bgcolor=#FF0000]
        LayoutText {#text} at (0,0) size 781x54
          text run at (0,0) width 781: "This sentence should have a fully tiled background which starts at its center top; that is, the background's origin should be"
          text run at (0,18) width 283: "the exact center of the top of the paragraph. "
          text run at (282,18) width 460: "I'll fill it with extra text to make the conformance (or lack thereof) more"
          text run at (0,36) width 59: "obvious. "
          text run at (58,36) width 669: "A background color is present, although if it is visible, then the image may not have been tiled correctly."
      LayoutBlockFlow {P} at (0,764) size 784x54 [bgcolor=#FF0000]
        LayoutText {#text} at (0,0) size 770x54
          text run at (0,0) width 499: "This sentence should have a fully tiled background which starts at its top left. "
          text run at (498,0) width 228: "I'll fill it with extra text to make the"
          text run at (0,18) width 291: "conformance (or lack thereof) more obvious. "
          text run at (290,18) width 480: "A background color is present, although if it is visible, then the image may"
          text run at (0,36) width 186: "not have been tiled correctly."
      LayoutBlockFlow {P} at (0,834) size 784x72 [bgcolor=#FF0000]
        LayoutText {#text} at (0,0) size 778x72
          text run at (0,0) width 778: "This sentence should have a fully tiled background which starts at its bottom right; in other words, a complete instance of"
          text run at (0,18) width 702: "the image should be anchored in the bottom right corner, with the tiled background extending out from there. "
          text run at (701,18) width 53: "I'll fill it"
          text run at (0,36) width 467: "with extra text to make the conformance (or lack thereof) more obvious. "
          text run at (466,36) width 299: "A background color is present, although if it is"
          text run at (0,54) width 366: "visible, then the image may not have been tiled correctly."
      LayoutBlockFlow {P} at (0,922) size 784x108 [bgcolor=#FF0000]
        LayoutText {#text} at (0,0) size 782x108
          text run at (0,0) width 737: "This sentence should have a fully tiled background which starts at its center and is tiled in all directions; that is, the"
          text run at (0,18) width 414: "background's origin should be the exact center of the paragraph. "
          text run at (413,18) width 369: "I'll fill it with extra text to make the conformance (or lack"
          text run at (0,36) width 151: "thereof) more obvious. "
          text run at (150,36) width 454: "In fact, a lot of extra text will be necessary to make this at all obvious. "
          text run at (603,36) width 160: "This is true because I am"
          text run at (0,54) width 765: "not able to increase the text size without resorting to either headings or other CSS properties, neither of which I want to"
          text run at (0,72) width 162: "use in this circumstance. "
          text run at (161,72) width 245: "This ought to be enough text, though. "
          text run at (405,72) width 350: "A background color is present, although if it is visible,"
          text run at (0,90) width 315: "then the image may not have been tiled correctly."
      LayoutTable {TABLE} at (0,1046) size 784x776 [border: (1px outset #808080)]
        LayoutTableSection {TBODY} at (1,1) size 782x774
          LayoutTableRow {TR} at (0,0) size 782x26
            LayoutTableCell {TD} at (0,0) size 782x26 [bgcolor=#C0C0C0] [border: (1px inset #808080)] [r=0 c=0 rs=1 cs=2]
              LayoutInline {STRONG} at (0,0) size 161x18
                LayoutText {#text} at (4,4) size 161x18
                  text run at (4,4) width 161: "TABLE Testing Section"
          LayoutTableRow {TR} at (0,26) size 782x748
            LayoutTableCell {TD} at (0,387) size 12x26 [bgcolor=#C0C0C0] [border: (1px inset #808080)] [r=1 c=0 rs=1 cs=1]
              LayoutText {#text} at (4,4) size 4x18
                text run at (4,4) width 4: " "
            LayoutTableCell {TD} at (12,26) size 770x748 [border: (1px inset #808080)] [r=1 c=1 rs=1 cs=1]
              LayoutBlockFlow {P} at (4,4) size 762x54
                LayoutText {#text} at (0,0) size 731x36
                  text run at (0,0) width 731: "This sentence should have an orange stripe repeated in the \"y\" direction, starting at the upper left corner (since the"
                  text run at (0,18) width 72: "default for "
                LayoutInline {CODE} at (0,0) size 149x15
                  LayoutText {#text} at (71,20) size 149x15
                    text run at (71,20) width 149: "background-position"
                LayoutText {#text} at (219,18) size 759x36
                  text run at (219,18) width 327: " is '0% 0%' and that property is not declared here). "
                  text run at (545,18) width 214: "This is extra text included for the"
                  text run at (0,36) width 294: "sole purpose of making the paragraph longer. "
                  text run at (293,36) width 224: "Thank you for your understanding."
              LayoutBlockFlow {P} at (4,74) size 762x54
                LayoutText {#text} at (0,0) size 731x36
                  text run at (0,0) width 731: "This sentence should have an orange stripe repeated in the \"x\" direction, starting at the upper left corner (since the"
                  text run at (0,18) width 72: "default for "
                LayoutInline {CODE} at (0,0) size 149x15
                  LayoutText {#text} at (71,20) size 149x15
                    text run at (71,20) width 149: "background-position"
                LayoutText {#text} at (219,18) size 759x36
                  text run at (219,18) width 327: " is '0% 0%' and that property is not declared here). "
                  text run at (545,18) width 214: "This is extra text included for the"
                  text run at (0,36) width 294: "sole purpose of making the paragraph longer. "
                  text run at (293,36) width 224: "Thank you for your understanding."
              LayoutBlockFlow {P} at (4,144) size 762x54
                LayoutText {#text} at (0,0) size 712x18
                  text run at (0,0) width 712: "This sentence should have a single orange square behind it, placed at the upper left corner (since the default for"
                LayoutInline {CODE} at (0,0) size 149x15
                  LayoutText {#text} at (0,20) size 149x15
                    text run at (0,20) width 149: "background-position"
                LayoutText {#text} at (148,18) size 717x36
                  text run at (148,18) width 327: " is '0% 0%' and that property is not declared here). "
                  text run at (474,18) width 243: "This is extra text included for the sole"
                  text run at (0,36) width 264: "purpose of making the paragraph longer. "
                  text run at (263,36) width 224: "Thank you for your understanding."
              LayoutBlockFlow {P} at (4,214) size 762x72
                LayoutText {#text} at (0,0) size 734x36
                  text run at (0,0) width 734: "This sentence should have a green-hatch stripe running vertically down the center of the paragraph, with the origin"
                  text run at (0,18) width 264: "image exactly centered in the paragraph. "
                  text run at (263,18) width 103: "This is because "
                LayoutInline {CODE} at (0,0) size 63x15
                  LayoutText {#text} at (365,20) size 63x15
                    text run at (365,20) width 63: "repeat-y"
                LayoutText {#text} at (427,18) size 118x18
                  text run at (427,18) width 118: " specifies tiling in "
                LayoutInline {EM} at (0,0) size 30x18
                  LayoutText {#text} at (544,18) size 30x18
                    text run at (544,18) width 30: "both"
                LayoutText {#text} at (573,18) size 732x36
                  text run at (573,18) width 159: " directions on the y-axis."
                  text run at (0,36) width 365: "Note that this test is only valid if the user agent supports "
                LayoutInline {CODE} at (0,0) size 149x15
                  LayoutText {#text} at (364,38) size 149x15
                    text run at (364,38) width 149: "background-position"
                LayoutText {#text} at (512,36) size 35x18
                  text run at (512,36) width 35: " (see "
                LayoutInline {A} at (0,0) size 59x18 [color=#0000FF]
                  LayoutText {#text} at (546,36) size 59x18
                    text run at (546,36) width 59: "test 5.3.6"
                LayoutText {#text} at (604,36) size 749x36
                  text run at (604,36) width 14: "). "
                  text run at (617,36) width 132: "I'll fill the paragraph"
                  text run at (0,54) width 463: "with extra text to make the conformance (or lack thereof) more obvious."
              LayoutBlockFlow {P} at (4,302) size 762x90 [bgcolor=#FF0000]
                LayoutText {#text} at (0,0) size 714x36
                  text run at (0,0) width 670: "This paragraph should have a tiled background, with the origin image exactly centered in the paragraph. "
                  text run at (669,0) width 45: "This is"
                  text run at (0,18) width 55: "because "
                LayoutInline {CODE} at (0,0) size 134x15
                  LayoutText {#text} at (54,20) size 134x15
                    text run at (54,20) width 134: "background-repeat"
                LayoutText {#text} at (187,18) size 118x18
                  text run at (187,18) width 118: " specifies tiling in "
                LayoutInline {EM} at (0,0) size 18x18
                  LayoutText {#text} at (304,18) size 18x18
                    text run at (304,18) width 18: "all"
                LayoutText {#text} at (321,18) size 752x36
                  text run at (321,18) width 372: " directions, regardless of the position of the origin image. "
                  text run at (692,18) width 60: "Note that"
                  text run at (0,36) width 302: "this test is only valid if the user agent supports "
                LayoutInline {CODE} at (0,0) size 149x15
                  LayoutText {#text} at (301,38) size 149x15
                    text run at (301,38) width 149: "background-position"
                LayoutText {#text} at (449,36) size 35x18
                  text run at (449,36) width 35: " (see "
                LayoutInline {A} at (0,0) size 59x18 [color=#0000FF]
                  LayoutText {#text} at (483,36) size 59x18
                    text run at (483,36) width 59: "test 5.3.6"
                LayoutText {#text} at (541,36) size 754x54
                  text run at (541,36) width 14: "). "
                  text run at (554,36) width 200: "I'll fill the paragraph with extra"
                  text run at (0,54) width 398: "text to make the conformance (or lack thereof) more obvious. "
                  text run at (397,54) width 346: "A background color is present, although if it is visible"
                  text run at (0,72) width 268: "then the image has not bee correctly tiled."
              LayoutBlockFlow {P} at (4,408) size 762x54 [bgcolor=#FF0000]
                LayoutText {#text} at (0,0) size 761x54
                  text run at (0,0) width 761: "This sentence should have a fully tiled background which starts at its center top; that is, the background's origin should"
                  text run at (0,18) width 302: "be the exact center of the top of the paragraph. "
                  text run at (301,18) width 460: "I'll fill it with extra text to make the conformance (or lack thereof) more"
                  text run at (0,36) width 59: "obvious. "
                  text run at (58,36) width 669: "A background color is present, although if it is visible, then the image may not have been tiled correctly."
              LayoutBlockFlow {P} at (4,478) size 762x54 [bgcolor=#FF0000]
                LayoutText {#text} at (0,0) size 738x54
                  text run at (0,0) width 499: "This sentence should have a fully tiled background which starts at its top left. "
                  text run at (498,0) width 228: "I'll fill it with extra text to make the"
                  text run at (0,18) width 291: "conformance (or lack thereof) more obvious. "
                  text run at (290,18) width 448: "A background color is present, although if it is visible, then the image"
                  text run at (0,36) width 217: "may not have been tiled correctly."
              LayoutBlockFlow {P} at (4,548) size 762x72 [bgcolor=#FF0000]
                LayoutText {#text} at (0,0) size 760x72
                  text run at (0,0) width 760: "This sentence should have a fully tiled background which starts at its bottom right; in other words, a complete instance"
                  text run at (0,18) width 719: "of the image should be anchored in the bottom right corner, with the tiled background extending out from there. "
                  text run at (718,18) width 40: "I'll fill"
                  text run at (0,36) width 479: "it with extra text to make the conformance (or lack thereof) more obvious. "
                  text run at (478,36) width 272: "A background color is present, although if"
                  text run at (0,54) width 394: "it is visible, then the image may not have been tiled correctly."
              LayoutBlockFlow {P} at (4,636) size 762x108 [bgcolor=#FF0000]
                LayoutText {#text} at (0,0) size 761x108
                  text run at (0,0) width 737: "This sentence should have a fully tiled background which starts at its center and is tiled in all directions; that is, the"
                  text run at (0,18) width 414: "background's origin should be the exact center of the paragraph. "
                  text run at (413,18) width 338: "I'll fill it with extra text to make the conformance (or"
                  text run at (0,36) width 181: "lack thereof) more obvious. "
                  text run at (180,36) width 455: "In fact, a lot of extra text will be necessary to make this at all obvious. "
                  text run at (634,36) width 127: "This is true because"
                  text run at (0,54) width 746: "I am not able to increase the text size without resorting to either headings or other CSS properties, neither of which I"
                  text run at (0,72) width 213: "want to use in this circumstance. "
                  text run at (212,72) width 245: "This ought to be enough text, though. "
                  text run at (456,72) width 299: "A background color is present, although if it is"
                  text run at (0,90) width 366: "visible, then the image may not have been tiled correctly."
layer at (8,280) size 784x2 clip at (0,0) size 0x0
  LayoutBlockFlow {HR} at (0,272) size 784x2 [border: (1px inset #EEEEEE)]
