layer at (0,0) size 800x600
  LayoutView at (0,0) size 800x600
layer at (0,0) size 800x436
  LayoutNGBlockFlow {HTML} at (0,0) size 800x436
    LayoutNGBlockFlow {BODY} at (8,8) size 784x420
      LayoutNGBlockFlow {DIV} at (0,0) size 671x200
        LayoutNGBlockFlow {DIV} at (0,0) size 177.75x177.75 [border: (5px solid #000000)]
        LayoutText {#text} at (177,162) size 5x20
          text run at (177,162) width 5: " "
        LayoutNGBlockFlow {DIV} at (181.75,0) size 177.75x177.75 [border: (5px solid #000000)]
        LayoutText {#text} at (0,0) size 0x0
      LayoutNGBlockFlow (anonymous) at (0,200) size 784x20
        LayoutBR {BR} at (0,0) size 0x0
      LayoutNGBlockFlow {DIV} at (0,220) size 671x200
        LayoutNGBlockFlow {DIV} at (0,0) size 177.75x177.75 [border: (5px solid #000000)]
        LayoutText {#text} at (177,162) size 5x20
          text run at (177,162) width 5: " "
        LayoutNGBlockFlow {DIV} at (181.75,0) size 177.75x177.75 [border: (5px solid #000000)]
        LayoutText {#text} at (0,0) size 0x0
