layer at (0,0) size 800x600
  LayoutView at (0,0) size 800x600
layer at (0,0) size 800x360
  LayoutBlockFlow {HTML} at (0,0) size 800x360
    LayoutBlockFlow {BODY} at (8,16) size 784x336
      LayoutBlockFlow {P} at (0,0) size 784x18
        LayoutText {#text} at (0,0) size 299x18
          text run at (0,0) width 299: "The orange bar should be in front of the video."
layer at (8,50) size 402x302
  LayoutBlockFlow (relative positioned) {DIV} at (0,34) size 402x302 [border: (1px solid #000000)]
    LayoutBlockFlow (anonymous) at (1,1) size 400x304
      LayoutText {#text} at (0,0) size 0x0
layer at (9,51) size 400x300
  LayoutVideo {VIDEO} at (0,0) size 400x300
layer at (9,51) size 400x300
  LayoutFlexibleBox (relative positioned) {DIV} at (0,0) size 400x300
    LayoutBlockFlow {DIV} at (200,0) size 0x0
    LayoutFlexibleBox {DIV} at (0,0) size 400x300
layer at (9,355) size 10x10 transparent
  LayoutBlockFlow {DIV} at (1,305) size 10x10 [bgcolor=#008000]
layer at (9,291) size 400x60
  LayoutBlockFlow (positioned) {DIV} at (1,241) size 400x60 [bgcolor=#FFA500]
