layer at (0,0) size 800x600
  LayoutView at (0,0) size 800x600
layer at (0,0) size 800x120
  LayoutBlockFlow {HTML} at (0,0) size 800x120
    LayoutBlockFlow {BODY} at (8,16) size 784x96
      LayoutBlockFlow {P} at (0,0) size 784x20
        LayoutText {#text} at (0,0) size 510x19
          text run at (0,0) width 510: "Test passes if there are two pairs of black and blue 'Filler Text' instances on page."
      LayoutBlockFlow {DIV} at (0,36) size 784x30
        LayoutText {#text} at (679,0) size 105x29
          text run at (679,0) width 105: "Filler Text"
      LayoutBlockFlow {DIV} at (0,66) size 784x30
        LayoutText {#text} at (679,0) size 105x29
          text run at (679,0) width 105: "Filler Text"
