EDITING DELEGATE: webViewDidChangeSelection:WebViewDidChangeSelectionNotification
EDITING DELEGATE: webViewDidChangeSelection:WebViewDidChangeSelectionNotification
layer at (0,0) size 800x600
  LayoutView at (0,0) size 800x600
layer at (0,0) size 800x600
  LayoutBlockFlow {HTML} at (0,0) size 800x600
    LayoutBlockFlow {BODY} at (8,8) size 784x576
      LayoutBlockFlow {P} at (0,0) size 784x20
        LayoutText {#text} at (0,0) size 126x19
          text run at (0,0) width 126: "Test case for fix for "
        LayoutInline {A} at (0,0) size 344x19 [color=#0000EE]
          LayoutText {#text} at (125,0) size 344x19
            text run at (125,0) width 344: "http://bugzilla.opendarwin.org/show_bug.cgi?id=5354"
        LayoutText {#text} at (468,0) size 5x19
          text run at (468,0) width 5: "."
      LayoutBlockFlow {P} at (0,36) size 784x40
        LayoutText {#text} at (0,0) size 772x39
          text run at (0,0) width 772: "Changes were made to VisiblePosition's so that init() will not leave the block containing the requested position unless there"
          text run at (0,20) width 231: "are no VisiblePositions in that block."
      LayoutBlockFlow {P} at (0,92) size 784x0
      LayoutBlockFlow {DIV} at (0,92) size 784x56 [border: (2px solid #AAAAFF)]
        LayoutBlockFlow {P} at (2,18) size 780x20
          LayoutText {#text} at (0,0) size 682x19
            text run at (0,0) width 682: "Select All while inside this editable block should create a selection that does not extend outside of this block."
layer at (8,172) size 784x20
  LayoutBlockFlow {P} at (0,164) size 784x20
    LayoutText {#text} at (0,0) size 424x19
      text run at (0,0) width 424: "This is a paragraph outside the editable block with overflow:hidden"
selection start: position 0 of child 0 {#text} of child 1 {P} of child 5 {DIV} of body
selection end:   position 113 of child 0 {#text} of child 1 {P} of child 5 {DIV} of body
