layer at (0,0) size 800x600
  LayoutView at (0,0) size 800x600
layer at (0,0) size 800x600
  LayoutBlockFlow {HTML} at (0,0) size 800x600
    LayoutBlockFlow {BODY} at (8,8) size 784x584
      LayoutBlockFlow {P} at (0,0) size 784x36
        LayoutText {#text} at (0,0) size 781x36
          text run at (0,0) width 458: "This tests for a bug when removing links from a selection with Unlink. "
          text run at (457,0) width 324: "There shouldn't be any links *inside the selection*"
          text run at (0,18) width 43: "below."
      LayoutBlockFlow {DIV} at (0,52) size 784x36
        LayoutBlockFlow {DIV} at (0,0) size 784x18
          LayoutInline {A} at (0,0) size 24x18 [color=#0000EE]
            LayoutText {#text} at (0,0) size 24x18
              text run at (0,0) width 24: "Hel"
          LayoutInline {SPAN} at (0,0) size 13x18
            LayoutText {#text} at (23,0) size 13x18
              text run at (23,0) width 13: "lo"
        LayoutBlockFlow (anonymous) at (0,18) size 784x0
        LayoutBlockFlow {DIV} at (0,18) size 784x18
          LayoutInline {SPAN} at (0,0) size 16x18
            LayoutText {#text} at (0,0) size 16x18
              text run at (0,0) width 16: "W"
          LayoutText {#text} at (15,0) size 32x18
            text run at (15,0) width 32: "orld!"
selection start: position 0 of child 0 {#text} of child 1 {SPAN} of child 0 {DIV} of child 2 {DIV} of body
selection end:   position 1 of child 0 {#text} of child 0 {SPAN} of child 1 {DIV} of child 2 {DIV} of body
