layer at (0,0) size 800x600
  LayoutView at (0,0) size 800x600
layer at (0,0) size 800x600
  LayoutBlockFlow {HTML} at (0,0) size 800x600
    LayoutBlockFlow {BODY} at (8,8) size 784x576
      LayoutBlockFlow {OL} at (0,0) size 784x54
        LayoutListItem {LI} at (40,0) size 744x18
          LayoutListMarker (anonymous) at (-16,0) size 16x18: "1"
          LayoutInline {U} at (0,0) size 508x18
            LayoutText {#text} at (0,0) size 508x18
              text run at (0,0) width 508: "This tests for a crash when making and removing lists from underlined content."
        LayoutListItem {LI} at (40,18) size 744x18
          LayoutListMarker (anonymous) at (-16,0) size 16x18: "2"
          LayoutInline {U} at (0,0) size 280x18
            LayoutText {#text} at (0,0) size 280x18
              text run at (0,0) width 280: "All three paragraphs should be in list items."
        LayoutListItem {LI} at (40,36) size 744x18
          LayoutListMarker (anonymous) at (-16,0) size 16x18: "3"
          LayoutInline {U} at (0,0) size 226x18
            LayoutText {#text} at (0,0) size 226x18
              text run at (0,0) width 226: "And all three should be underlined."
selection start: position 0 of child 0 {#text} of child 0 {U} of child 0 {LI} of child 0 {OL} of body
selection end:   position 35 of child 0 {#text} of child 0 {U} of child 2 {LI} of child 0 {OL} of body
