layer at (0,0) size 800x600 clip at (0,0) size 785x600 scrollHeight 4336
  LayoutView at (0,0) size 800x600
layer at (0,0) size 785x4336 backgroundClip at (0,0) size 785x600 clip at (0,0) size 785x600
  LayoutBlockFlow {HTML} at (0,0) size 785x4336
    LayoutBlockFlow {BODY} at (8,8) size 769x4320
      LayoutTable {TABLE} at (0,0) size 40x584 [bgcolor=#0000FF] [border: (1px outset #808080)]
        LayoutTableSection {TBODY} at (1,1) size 38x582
          LayoutTableRow {TR} at (0,2) size 38x114
            LayoutTableCell {TD} at (2,48) size 34x22 [border: (1px inset #808080)] [r=0 c=0 rs=1 cs=1]
              LayoutText {#text} at (2,2) size 30x18
                text run at (2,2) width 30: "20%"
          LayoutTableRow {TR} at (0,118) size 38x462
            LayoutTableCell {TD} at (2,338) size 34x22 [border: (1px inset #808080)] [r=1 c=0 rs=1 cs=1]
              LayoutText {#text} at (2,2) size 30x18
                text run at (2,2) width 30: "80%"
      LayoutBlockFlow (anonymous) at (0,584) size 769x18
        LayoutBR {BR} at (0,0) size 0x18
      LayoutTable {TABLE} at (0,602) size 55x108 [bgcolor=#0000FF] [border: (1px outset #808080)]
        LayoutTableSection {TBODY} at (1,1) size 53x106
          LayoutTableRow {TR} at (0,2) size 53x50
            LayoutTableCell {TD} at (2,16) size 49x22 [border: (1px inset #808080)] [r=0 c=0 rs=1 cs=1]
              LayoutText {#text} at (2,2) size 45x18
                text run at (2,2) width 45: "row 50"
          LayoutTableRow {TR} at (0,54) size 53x50
            LayoutTableCell {TD} at (2,68) size 49x22 [border: (1px inset #808080)] [r=1 c=0 rs=1 cs=1]
              LayoutText {#text} at (2,2) size 16x18
                text run at (2,2) width 16: "50"
      LayoutBlockFlow (anonymous) at (0,710) size 769x18
        LayoutBR {BR} at (0,0) size 0x18
      LayoutTable {TABLE} at (0,728) size 26x116 [bgcolor=#0000FF] [border: (1px outset #808080)]
        LayoutTableSection {TBODY} at (1,1) size 24x114
          LayoutTableRow {TR} at (0,2) size 24x58
            LayoutTableCell {TD} at (2,2) size 20x58 [border: (1px inset #808080)] [r=0 c=0 rs=1 cs=1]
              LayoutText {#text} at (2,2) size 8x54
                text run at (2,2) width 8: "5"
                text run at (2,20) width 8: "5"
                text run at (2,38) width 8: "5"
          LayoutTableRow {TR} at (0,62) size 24x50
            LayoutTableCell {TD} at (2,76) size 20x22 [border: (1px inset #808080)] [r=1 c=0 rs=1 cs=1]
              LayoutText {#text} at (2,2) size 16x18
                text run at (2,2) width 16: "50"
      LayoutTable {TABLE} at (0,844) size 34x258 [bgcolor=#0000FF] [border: (1px outset #808080)]
        LayoutTableSection {TBODY} at (1,1) size 32x256
          LayoutTableRow {TR} at (0,2) size 32x200
            LayoutTableCell {TD} at (2,91) size 28x22 [border: (1px inset #808080)] [r=0 c=0 rs=1 cs=1]
              LayoutText {#text} at (2,2) size 24x18
                text run at (2,2) width 24: "200"
          LayoutTableRow {TR} at (0,204) size 32x50
            LayoutTableCell {TD} at (2,218) size 28x22 [border: (1px inset #808080)] [r=1 c=0 rs=1 cs=1]
              LayoutText {#text} at (2,2) size 16x18
                text run at (2,2) width 16: "50"
      LayoutBlockFlow (anonymous) at (0,1102) size 769x18
        LayoutBR {BR} at (0,0) size 0x18
      LayoutTable {TABLE} at (0,1120) size 34x258 [bgcolor=#0000FF] [border: (1px outset #808080)]
        LayoutTableSection {TBODY} at (1,1) size 32x256
          LayoutTableRow {TR} at (0,2) size 32x200
            LayoutTableCell {TD} at (2,91) size 28x22 [border: (1px inset #808080)] [r=0 c=0 rs=1 cs=1]
              LayoutText {#text} at (2,2) size 24x18
                text run at (2,2) width 24: "200"
          LayoutTableRow {TR} at (0,204) size 32x50
            LayoutTableCell {TD} at (2,218) size 28x22 [border: (1px inset #808080)] [r=1 c=0 rs=1 cs=1]
              LayoutText {#text} at (2,2) size 16x18
                text run at (2,2) width 16: "50"
      LayoutBlockFlow (anonymous) at (0,1378) size 769x18
        LayoutBR {BR} at (0,0) size 0x18
      LayoutTable {TABLE} at (0,1396) size 64x208 [bgcolor=#FFA500] [border: (1px outset #808080)]
        LayoutTableSection {TBODY} at (1,1) size 62x206
          LayoutTableRow {TR} at (0,2) size 62x100
            LayoutTableCell {TD} at (2,92) size 28x22 [border: (1px inset #808080)] [r=0 c=0 rs=2 cs=1]
              LayoutText {#text} at (2,2) size 24x18
                text run at (2,2) width 24: "100"
            LayoutTableCell {TD} at (32,41) size 28x22 [border: (1px inset #808080)] [r=0 c=1 rs=1 cs=1]
              LayoutText {#text} at (2,2) size 24x18
                text run at (2,2) width 24: "100"
          LayoutTableRow {TR} at (0,104) size 62x100
            LayoutTableCell {TD} at (32,125) size 28x58 [border: (1px inset #808080)] [r=1 c=1 rs=1 cs=1]
              LayoutText {#text} at (2,2) size 24x54
                text run at (2,2) width 24: "100"
                text run at (2,20) width 24: "100"
                text run at (2,38) width 24: "100"
      LayoutBlockFlow (anonymous) at (0,1604) size 769x18
        LayoutBR {BR} at (0,0) size 0x18
      LayoutTable {TABLE} at (0,1622) size 48x28 [bgcolor=#FFFF00] [border: (1px outset #808080)]
        LayoutTableSection {TBODY} at (1,1) size 46x26
          LayoutTableRow {TR} at (0,2) size 46x22
            LayoutTableCell {TD} at (2,2) size 42x22 [border: (1px inset #808080)] [r=0 c=0 rs=1 cs=1]
              LayoutText {#text} at (2,2) size 38x18
                text run at (2,2) width 38: "100%"
      LayoutBlockFlow (anonymous) at (0,1650) size 769x18
        LayoutBR {BR} at (0,0) size 0x18
      LayoutTable {TABLE} at (0,1668) size 40x584 [bgcolor=#FFA500] [border: (1px outset #808080)]
        LayoutTableSection {TBODY} at (1,1) size 38x582
          LayoutTableRow {TR} at (0,2) size 38x114
            LayoutTableCell {TD} at (2,48) size 34x22 [border: (1px inset #808080)] [r=0 c=0 rs=1 cs=1]
              LayoutText {#text} at (2,2) size 30x18
                text run at (2,2) width 30: "20%"
          LayoutTableRow {TR} at (0,118) size 38x462
            LayoutTableCell {TD} at (2,338) size 34x22 [border: (1px inset #808080)] [r=1 c=0 rs=1 cs=1]
              LayoutText {#text} at (2,2) size 30x18
                text run at (2,2) width 30: "80%"
      LayoutBlockFlow (anonymous) at (0,2252) size 769x18
        LayoutBR {BR} at (0,0) size 0x18
      LayoutTable {TABLE} at (0,2270) size 62x206 [bgcolor=#808080] [border: (1px outset #808080)]
        LayoutTableSection {TBODY} at (1,1) size 60x204
          LayoutTableRow {TR} at (0,2) size 60x200
            LayoutTableCell {TD} at (2,91) size 26x22 [border: (1px inset #808080)] [r=0 c=0 rs=1 cs=1]
              LayoutText {#text} at (2,2) size 22x18
                text run at (2,2) width 22: "5%"
            LayoutTableCell {TD} at (30,91) size 28x22 [border: (1px inset #808080)] [r=0 c=1 rs=1 cs=1]
              LayoutText {#text} at (2,2) size 24x18
                text run at (2,2) width 24: "200"
      LayoutBlockFlow (anonymous) at (0,2476) size 769x18
        LayoutBR {BR} at (0,0) size 0x18
      LayoutTable {TABLE} at (0,2494) size 62x198 [bgcolor=#FFA500] [border: (1px outset #808080)]
        LayoutTableSection {TBODY} at (1,1) size 60x196
          LayoutTableRow {TR} at (0,2) size 60x192
            LayoutTableCell {TD} at (2,87) size 34x22 [border: (1px inset #808080)] [r=0 c=0 rs=1 cs=1]
              LayoutText {#text} at (2,2) size 30x18
                text run at (2,2) width 30: "50%"
            LayoutTableCell {TD} at (38,87) size 20x22 [border: (1px inset #808080)] [r=0 c=1 rs=1 cs=1]
              LayoutText {#text} at (2,2) size 16x18
                text run at (2,2) width 16: "20"
      LayoutBlockFlow (anonymous) at (0,2692) size 769x18
        LayoutBR {BR} at (0,0) size 0x18
      LayoutTable {TABLE} at (0,2710) size 40x584 [border: (1px outset #808080)]
        LayoutTableSection {TBODY} at (1,1) size 38x582
          LayoutTableRow {TR} at (0,2) size 38x500
            LayoutTableCell {TD} at (2,241) size 34x22 [border: (1px inset #808080)] [r=0 c=0 rs=1 cs=1]
              LayoutText {#text} at (2,2) size 24x18
                text run at (2,2) width 24: "500"
          LayoutTableRow {TR} at (0,504) size 38x76
            LayoutTableCell {TD} at (2,531) size 34x22 [border: (1px inset #808080)] [r=1 c=0 rs=1 cs=1]
              LayoutText {#text} at (2,2) size 30x18
                text run at (2,2) width 30: "80%"
      LayoutBlockFlow (anonymous) at (0,3294) size 769x18
        LayoutBR {BR} at (0,0) size 0x18
      LayoutTable {TABLE} at (0,3312) size 106x584 [bgcolor=#FF0000] [border: (1px outset #808080)]
        LayoutTableSection {TBODY} at (1,1) size 104x582
          LayoutTableRow {TR} at (0,2) size 104x267
            LayoutTableCell {TD} at (2,259) size 32x22 [border: (1px inset #808080)] [r=0 c=0 rs=2 cs=1]
              LayoutText {#text} at (2,2) size 24x18
                text run at (2,2) width 24: "500"
            LayoutTableCell {TD} at (36,124) size 32x22 [border: (1px inset #808080)] [r=0 c=1 rs=1 cs=1]
              LayoutText {#text} at (2,2) size 28x18
                text run at (2,2) width 28: "auto"
          LayoutTableRow {TR} at (0,271) size 104x267
            LayoutTableCell {TD} at (36,393) size 32x22 [border: (1px inset #808080)] [r=1 c=1 rs=1 cs=1]
              LayoutText {#text} at (2,2) size 28x18
                text run at (2,2) width 28: "auto"
            LayoutTableCell {TD} at (70,393) size 32x22 [border: (1px inset #808080)] [r=1 c=2 rs=1 cs=1]
              LayoutText {#text} at (2,2) size 28x18
                text run at (2,2) width 28: "auto"
          LayoutTableRow {TR} at (0,540) size 104x40
            LayoutTableCell {TD} at (2,549) size 32x22 [border: (1px inset #808080)] [r=2 c=0 rs=1 cs=1]
              LayoutText {#text} at (2,2) size 28x18
                text run at (2,2) width 28: "auto"
            LayoutTableCell {TD} at (36,549) size 32x22 [border: (1px inset #808080)] [r=2 c=1 rs=1 cs=1]
              LayoutText {#text} at (2,2) size 28x18
                text run at (2,2) width 28: "auto"
      LayoutBlockFlow (anonymous) at (0,3896) size 769x18
        LayoutBR {BR} at (0,0) size 0x18
      LayoutTable {TABLE} at (0,3914) size 54x406 [bgcolor=#FFA500] [border: (1px outset #808080)]
        LayoutTableSection {TBODY} at (1,1) size 52x404
          LayoutTableRow {TR} at (0,2) size 52x400
            LayoutTableCell {TD} at (2,2) size 48x400 [border: (1px inset #808080)] [r=0 c=0 rs=1 cs=1]
              LayoutTable {TABLE} at (2,2) size 44x396 [bgcolor=#0000FF]
                LayoutTableSection {TBODY} at (0,0) size 44x396
                  LayoutTableRow {TR} at (0,2) size 44x392
                    LayoutTableCell {TD} at (2,188) size 40x20 [r=0 c=0 rs=1 cs=1]
                      LayoutText {#text} at (1,1) size 38x18
                        text run at (1,1) width 38: "100%"
