layer at (0,0) size 800x600 scrollHeight 722
  LayoutView at (0,0) size 800x600
layer at (0,0) size 800x722 backgroundClip at (0,0) size 800x600 clip at (0,0) size 800x600
  LayoutBlockFlow {HTML} at (0,0) size 800x722
    LayoutBlockFlow {BODY} at (8,8) size 784x706
      LayoutTable {TABLE} at (0,0) size 150x28 [bgcolor=#00FF00] [border: (1px outset #808080)]
        LayoutTableSection {TBODY} at (1,1) size 148x26
          LayoutTableRow {TR} at (0,2) size 148x22
            LayoutTableCell {TD} at (2,2) size 66x22 [border: (1px inset #808080)] [r=0 c=0 rs=1 cs=1]
              LayoutText {#text} at (2,2) size 24x18
                text run at (2,2) width 24: "200"
            LayoutTableCell {TD} at (70,2) size 76x22 [border: (1px inset #808080)] [r=0 c=1 rs=1 cs=1]
              LayoutText {#text} at (2,2) size 64x18
                text run at (2,2) width 64: "one_hund"
      LayoutBlockFlow (anonymous) at (0,28) size 784x18
        LayoutBR {BR} at (0,0) size 0x18
      LayoutTable {TABLE} at (0,46) size 500x28 [border: (1px outset #808080)]
        LayoutTableSection {TBODY} at (1,1) size 498x26
          LayoutTableRow {TR} at (0,2) size 498x22
            LayoutTableCell {TD} at (2,2) size 174x22 [bgcolor=#FF0000] [border: (1px inset #808080)] [r=0 c=0 rs=1 cs=1]
              LayoutText {#text} at (2,2) size 78x18
                text run at (2,2) width 78: "fooooooooo"
            LayoutTableCell {TD} at (178,2) size 174x22 [bgcolor=#008000] [border: (1px inset #808080)] [r=0 c=1 rs=1 cs=1]
              LayoutText {#text} at (2,2) size 78x18
                text run at (2,2) width 78: "fooooooooo"
            LayoutTableCell {TD} at (354,2) size 142x22 [bgcolor=#FFA500] [border: (1px inset #808080)] [r=0 c=2 rs=1 cs=1]
              LayoutText {#text} at (2,2) size 98x18
                text run at (2,2) width 98: "foo foo foo foo"
      LayoutBlockFlow (anonymous) at (0,74) size 784x36
        LayoutBR {BR} at (0,0) size 0x18
        LayoutText {#text} at (0,18) size 371x18
          text run at (0,18) width 371: "fixed table - fixed cells are increased based on fixed width"
      LayoutTable {TABLE} at (0,110) size 400x46 [border: (1px outset #808080)]
        LayoutTableSection {TBODY} at (1,1) size 398x44
          LayoutTableRow {TR} at (0,2) size 398x40
            LayoutTableCell {TD} at (2,11) size 259x22 [border: (1px inset #808080)] [r=0 c=0 rs=1 cs=1]
              LayoutText {#text} at (2,2) size 22x18
                text run at (2,2) width 22: "foo"
            LayoutTableCell {TD} at (263,2) size 133x40 [border: (1px inset #808080)] [r=0 c=1 rs=1 cs=1]
              LayoutText {#text} at (2,2) size 123x36
                text run at (2,2) width 123: "foo foo foo foo foo"
                text run at (2,20) width 72: "foo foo foo"
      LayoutBlockFlow (anonymous) at (0,156) size 784x54
        LayoutBR {BR} at (0,0) size 0x18
        LayoutBR {BR} at (0,18) size 0x18
        LayoutText {#text} at (0,36) size 382x18
          text run at (0,36) width 382: "excess above min allocated based on fixed widths (not min)"
      LayoutTable {TABLE} at (0,210) size 100x46 [border: (1px outset #808080)]
        LayoutTableSection {TBODY} at (1,1) size 98x44
          LayoutTableRow {TR} at (0,2) size 98x40
            LayoutTableCell {TD} at (2,2) size 34x40 [border: (1px inset #808080)] [r=0 c=0 rs=1 cs=1]
              LayoutText {#text} at (2,2) size 22x36
                text run at (2,2) width 22: "foo"
                text run at (2,20) width 22: "foo"
            LayoutTableCell {TD} at (38,11) size 58x22 [border: (1px inset #808080)] [r=0 c=1 rs=1 cs=1]
              LayoutText {#text} at (2,2) size 22x18
                text run at (2,2) width 22: "foo"
      LayoutBlockFlow (anonymous) at (0,256) size 784x36
        LayoutBR {BR} at (0,0) size 0x18
        LayoutText {#text} at (0,18) size 382x18
          text run at (0,18) width 382: "excess above min allocated based on fixed widths (not min)"
      LayoutTable {TABLE} at (0,292) size 100x46 [border: (1px outset #808080)]
        LayoutTableSection {TBODY} at (1,1) size 98x44
          LayoutTableRow {TR} at (0,2) size 98x40
            LayoutTableCell {TD} at (2,2) size 26x40 [border: (1px inset #808080)] [r=0 c=0 rs=1 cs=1]
              LayoutText {#text} at (2,2) size 22x36
                text run at (2,2) width 22: "foo"
                text run at (2,20) width 22: "foo"
            LayoutTableCell {TD} at (30,11) size 66x22 [border: (1px inset #808080)] [r=0 c=1 rs=1 cs=1]
              LayoutText {#text} at (2,2) size 22x18
                text run at (2,2) width 22: "foo"
      LayoutBlockFlow (anonymous) at (0,338) size 784x18
        LayoutBR {BR} at (0,0) size 0x18
      LayoutTable {TABLE} at (0,356) size 600x28 [border: (1px outset #808080)]
        LayoutTableSection {TBODY} at (1,1) size 598x26
          LayoutTableRow {TR} at (0,2) size 598x22
            LayoutTableCell {TD} at (2,2) size 26x22 [border: (1px inset #808080)] [r=0 c=0 rs=1 cs=1]
              LayoutText {#text} at (2,2) size 22x18
                text run at (2,2) width 22: "foo"
            LayoutTableCell {TD} at (30,2) size 566x22 [border: (1px inset #808080)] [r=0 c=1 rs=1 cs=1]
              LayoutText {#text} at (2,2) size 22x18
                text run at (2,2) width 22: "foo"
      LayoutBlockFlow (anonymous) at (0,384) size 784x18
        LayoutBR {BR} at (0,0) size 0x18
      LayoutTable {TABLE} at (0,402) size 40x28 [border: (1px outset #808080)]
        LayoutTableSection {TBODY} at (1,1) size 38x26
          LayoutTableRow {TR} at (0,2) size 38x22
            LayoutTableCell {TD} at (2,2) size 34x22 [border: (1px inset #808080)] [r=0 c=0 rs=1 cs=1]
              LayoutText {#text} at (2,2) size 22x18
                text run at (2,2) width 22: "foo"
      LayoutBlockFlow (anonymous) at (0,430) size 784x36
        LayoutBR {BR} at (0,0) size 0x18
        LayoutText {#text} at (0,18) size 343x18
          text run at (0,18) width 343: "auto table - fixed width cell does not exceed viewport"
      LayoutTable {TABLE} at (0,466) size 784x28 [border: (1px outset #808080)]
        LayoutTableSection {TBODY} at (1,1) size 782x26
          LayoutTableRow {TR} at (0,2) size 782x22
            LayoutTableCell {TD} at (2,2) size 778x22 [border: (1px inset #808080)] [r=0 c=0 rs=1 cs=1]
              LayoutText {#text} at (2,2) size 22x18
                text run at (2,2) width 22: "foo"
      LayoutBlockFlow (anonymous) at (0,494) size 784x36
        LayoutBR {BR} at (0,0) size 0x18
        LayoutText {#text} at (0,18) size 298x18
          text run at (0,18) width 298: "auto table - fixed cells cannot exceed viewport"
      LayoutTable {TABLE} at (0,530) size 784x28 [border: (1px outset #808080)]
        LayoutTableSection {TBODY} at (1,1) size 782x26
          LayoutTableRow {TR} at (0,2) size 782x22
            LayoutTableCell {TD} at (2,2) size 154x22 [border: (1px inset #808080)] [r=0 c=0 rs=1 cs=1]
              LayoutText {#text} at (2,2) size 40x18
                text run at (2,2) width 40: "200px"
            LayoutTableCell {TD} at (158,2) size 154x22 [border: (1px inset #808080)] [r=0 c=1 rs=1 cs=1]
              LayoutText {#text} at (2,2) size 40x18
                text run at (2,2) width 40: "200px"
            LayoutTableCell {TD} at (314,2) size 154x22 [border: (1px inset #808080)] [r=0 c=2 rs=1 cs=1]
              LayoutText {#text} at (2,2) size 40x18
                text run at (2,2) width 40: "200px"
            LayoutTableCell {TD} at (470,2) size 154x22 [border: (1px inset #808080)] [r=0 c=3 rs=1 cs=1]
              LayoutText {#text} at (2,2) size 40x18
                text run at (2,2) width 40: "200px"
            LayoutTableCell {TD} at (626,2) size 154x22 [border: (1px inset #808080)] [r=0 c=4 rs=1 cs=1]
              LayoutText {#text} at (2,2) size 40x18
                text run at (2,2) width 40: "200px"
      LayoutBlockFlow (anonymous) at (0,558) size 784x36
        LayoutBR {BR} at (0,0) size 0x18
        LayoutText {#text} at (0,18) size 304x18
          text run at (0,18) width 304: "auto table - cell width does not include padding"
      LayoutTable {TABLE} at (0,594) size 148x66 [border: (1px outset #808080)]
        LayoutTableSection {TBODY} at (1,1) size 146x64
          LayoutTableRow {TR} at (0,2) size 146x60
            LayoutTableCell {TD} at (2,2) size 142x60 [border: (1px inset #808080)] [r=0 c=0 rs=1 cs=1]
              LayoutText {#text} at (21,21) size 73x18
                text run at (21,21) width 73: "cell=100px"
      LayoutBlockFlow (anonymous) at (0,660) size 784x18
        LayoutBR {BR} at (0,0) size 0x18
      LayoutTable {TABLE} at (0,678) size 110x28 [border: (1px outset #808080)]
        LayoutTableSection {TBODY} at (1,1) size 108x26
          LayoutTableRow {TR} at (0,2) size 108x22
            LayoutTableCell {TD} at (2,2) size 104x22 [border: (1px inset #808080)] [r=0 c=0 rs=1 cs=1]
              LayoutText {#text} at (2,2) size 73x18
                text run at (2,2) width 73: "cell=100px"
