layer at (0,0) size 800x600
  LayoutView at (0,0) size 800x600
layer at (0,0) size 800x600
  LayoutBlockFlow {HTML} at (0,0) size 800x600
    LayoutBlockFlow {BODY} at (8,8) size 784x584
      LayoutTable {TABLE} at (0,0) size 784x28 [border: (1px outset #808080)]
        LayoutTableSection {TBODY} at (1,1) size 782x26
          LayoutTableRow {TR} at (0,2) size 782x22
            LayoutTableCell {TD} at (2,2) size 82x22 [bgcolor=#FF0000] [border: (1px inset #808080)] [r=0 c=0 rs=1 cs=1]
              LayoutText {#text} at (2,2) size 78x18
                text run at (2,2) width 78: "fooooooooo"
            LayoutTableCell {TD} at (86,2) size 82x22 [bgcolor=#008000] [border: (1px inset #808080)] [r=0 c=1 rs=1 cs=1]
              LayoutText {#text} at (2,2) size 78x18
                text run at (2,2) width 78: "fooooooooo"
            LayoutTableCell {TD} at (170,2) size 304x22 [bgcolor=#FFA500] [border: (1px inset #808080)] [r=0 c=2 rs=1 cs=1]
              LayoutText {#text} at (2,2) size 98x18
                text run at (2,2) width 98: "foo foo foo foo"
            LayoutTableCell {TD} at (476,2) size 304x22 [bgcolor=#0000FF] [border: (1px inset #808080)] [r=0 c=3 rs=1 cs=1]
              LayoutText {#text} at (2,2) size 98x18
                text run at (2,2) width 98: "foo foo foo foo"
      LayoutBlockFlow (anonymous) at (0,28) size 784x18
        LayoutBR {BR} at (0,0) size 0x18
      LayoutTable {TABLE} at (0,46) size 784x82 [border: (1px outset #808080)]
        LayoutTableSection {TBODY} at (1,1) size 782x80
          LayoutTableRow {TR} at (0,2) size 782x76
            LayoutTableCell {TD} at (2,2) size 26x76 [bgcolor=#FF0000] [border: (1px inset #808080)] [r=0 c=0 rs=1 cs=1]
              LayoutText {#text} at (2,2) size 22x72
                text run at (2,2) width 22: "foo"
                text run at (2,20) width 22: "foo"
                text run at (2,38) width 22: "foo"
                text run at (2,56) width 22: "foo"
            LayoutTableCell {TD} at (30,29) size 144x22 [bgcolor=#FFA500] [border: (1px inset #808080)] [r=0 c=1 rs=1 cs=1]
              LayoutText {#text} at (2,2) size 98x18
                text run at (2,2) width 98: "foo foo foo foo"
            LayoutTableCell {TD} at (176,29) size 144x22 [bgcolor=#0000FF] [border: (1px inset #808080)] [r=0 c=2 rs=1 cs=1]
              LayoutText {#text} at (2,2) size 98x18
                text run at (2,2) width 98: "foo foo foo foo"
            LayoutTableCell {TD} at (322,29) size 430x22 [bgcolor=#008000] [border: (1px inset #808080)] [r=0 c=3 rs=1 cs=1]
              LayoutText {#text} at (330,2) size 98x18
                text run at (330,2) width 98: "foo foo foo foo"
            LayoutTableCell {TD} at (754,2) size 26x76 [bgcolor=#FF0000] [border: (1px inset #808080)] [r=0 c=4 rs=1 cs=1]
              LayoutText {#text} at (2,2) size 22x72
                text run at (2,2) width 22: "foo"
                text run at (2,20) width 22: "foo"
                text run at (2,38) width 22: "foo"
                text run at (2,56) width 22: "foo"
      LayoutBlockFlow (anonymous) at (0,128) size 784x36
        LayoutBR {BR} at (0,0) size 0x18
        LayoutText {#text} at (0,18) size 548x18
          text run at (0,18) width 548: "auto table - % width cell increases table width based on % cell which makes it largest"
      LayoutTable {TABLE} at (0,164) size 784x44 [border: (1px outset #808080)]
        LayoutTableSection {TBODY} at (1,1) size 782x42
          LayoutTableRow {TR} at (0,10) size 782x22
            LayoutTableCell {TD} at (10,10) size 26x22 [border: (1px inset #808080)] [r=0 c=0 rs=1 cs=1]
              LayoutText {#text} at (2,2) size 22x18
                text run at (2,2) width 22: "1%"
            LayoutTableCell {TD} at (46,10) size 74x22 [border: (1px inset #808080)] [r=0 c=1 rs=1 cs=1]
              LayoutText {#text} at (2,2) size 30x18
                text run at (2,2) width 30: "10%"
            LayoutTableCell {TD} at (130,10) size 642x22 [border: (1px inset #808080)] [r=0 c=2 rs=1 cs=1]
              LayoutText {#text} at (2,2) size 32x18
                text run at (2,2) width 32: "20px"
      LayoutBlockFlow (anonymous) at (0,208) size 784x18
        LayoutBR {BR} at (0,0) size 0x18
