layer at (0,0) size 800x600
  LayoutView at (0,0) size 800x600
layer at (0,0) size 800x600
  LayoutBlockFlow {HTML} at (0,0) size 800x600
    LayoutBlockFlow {BODY} at (8,8) size 784x584
      LayoutTable {TABLE} at (0,0) size 254x46 [border: (1px outset #808080)]
        LayoutTableSection {TBODY} at (1,1) size 252x44
          LayoutTableRow {TR} at (0,2) size 252x40
            LayoutTableCell {TD} at (2,11) size 173x22 [border: (1px inset #808080)] [r=0 c=0 rs=1 cs=1]
              LayoutText {#text} at (2,2) size 24x18
                text run at (2,2) width 24: "100"
            LayoutTableCell {TD} at (177,2) size 73x40 [border: (1px inset #808080)] [r=0 c=1 rs=1 cs=1]
              LayoutText {#text} at (2,2) size 37x36
                text run at (2,2) width 30: "30%"
                text run at (2,20) width 37: "width"
      LayoutBlockFlow (anonymous) at (0,46) size 784x18
        LayoutBR {BR} at (0,0) size 0x18
      LayoutTable {TABLE} at (0,64) size 216x46 [border: (1px outset #808080)]
        LayoutTableSection {TBODY} at (1,1) size 214x44
          LayoutTableRow {TR} at (0,2) size 214x40
            LayoutTableCell {TD} at (2,2) size 104x40 [border: (1px inset #808080)] [r=0 c=0 rs=1 cs=1]
              LayoutText {#text} at (2,2) size 80x36
                text run at (2,2) width 80: "100 100 100"
                text run at (2,20) width 80: "100 100 100"
            LayoutTableCell {TD} at (108,11) size 104x22 [border: (1px inset #808080)] [r=0 c=1 rs=1 cs=1]
              LayoutText {#text} at (2,2) size 70x18
                text run at (2,2) width 70: "50% width"
      LayoutBlockFlow (anonymous) at (0,110) size 784x18
        LayoutBR {BR} at (0,0) size 0x18
      LayoutTable {TABLE} at (0,128) size 532x52 [border: (1px outset #808080)]
        LayoutTableSection {TBODY} at (1,1) size 530x50
          LayoutTableRow {TR} at (0,2) size 530x22
            LayoutTableCell {TD} at (2,2) size 104x22 [border: (1px inset #808080)] [r=0 c=0 rs=1 cs=1]
              LayoutText {#text} at (2,2) size 24x18
                text run at (2,2) width 24: "100"
            LayoutTableCell {TD} at (108,2) size 262x22 [border: (1px inset #808080)] [r=0 c=1 rs=1 cs=1]
              LayoutText {#text} at (2,2) size 96x18
                text run at (2,2) width 96: "no width given"
            LayoutTableCell {TD} at (372,2) size 156x22 [border: (1px inset #808080)] [r=0 c=2 rs=1 cs=1]
              LayoutText {#text} at (2,2) size 70x18
                text run at (2,2) width 70: "30% width"
          LayoutTableRow {TR} at (0,26) size 530x22
            LayoutTableCell {TD} at (2,26) size 526x22 [border: (1px inset #808080)] [r=1 c=0 rs=1 cs=3]
              LayoutText {#text} at (2,2) size 94x18
                text run at (2,2) width 94: "500 colspan=3"
      LayoutBlockFlow (anonymous) at (0,180) size 784x18
        LayoutBR {BR} at (0,0) size 0x18
      LayoutTable {TABLE} at (0,198) size 440x76 [border: (1px outset #808080)]
        LayoutTableSection {TBODY} at (1,1) size 438x74
          LayoutTableRow {TR} at (0,2) size 438x22
            LayoutTableCell {TD} at (2,2) size 104x22 [border: (1px inset #808080)] [r=0 c=0 rs=1 cs=1]
              LayoutText {#text} at (2,2) size 22x18
                text run at (2,2) width 22: "foo"
            LayoutTableCell {TD} at (108,2) size 197x22 [border: (1px inset #808080)] [r=0 c=1 rs=1 cs=1]
              LayoutText {#text} at (2,2) size 96x18
                text run at (2,2) width 96: "no width given"
            LayoutTableCell {TD} at (307,2) size 129x22 [border: (1px inset #808080)] [r=0 c=2 rs=1 cs=1]
              LayoutText {#text} at (2,2) size 70x18
                text run at (2,2) width 70: "30% width"
          LayoutTableRow {TR} at (0,26) size 438x22
            LayoutTableCell {TD} at (2,26) size 303x22 [border: (1px inset #808080)] [r=1 c=0 rs=1 cs=2]
              LayoutText {#text} at (2,2) size 113x18
                text run at (2,2) width 113: "200 spans col 1-2"
            LayoutTableCell {TD} at (307,26) size 129x22 [border: (1px inset #808080)] [r=1 c=2 rs=1 cs=1]
              LayoutText {#text} at (2,2) size 50x18
                text run at (2,2) width 50: "last cell"
          LayoutTableRow {TR} at (0,50) size 438x22
            LayoutTableCell {TD} at (2,50) size 104x22 [border: (1px inset #808080)] [r=2 c=0 rs=1 cs=1]
              LayoutText {#text} at (2,2) size 52x18
                text run at (2,2) width 52: "first cell"
            LayoutTableCell {TD} at (108,50) size 328x22 [border: (1px inset #808080)] [r=2 c=1 rs=1 cs=2]
              LayoutText {#text} at (2,2) size 113x18
                text run at (2,2) width 113: "300 spans col 2-3"
      LayoutBlockFlow (anonymous) at (0,274) size 784x18
        LayoutBR {BR} at (0,0) size 0x18
      LayoutTable {TABLE} at (0,292) size 700x64 [border: (1px outset #808080)]
        LayoutTableSection {TBODY} at (1,1) size 698x62
          LayoutTableRow {TR} at (0,2) size 698x58
            LayoutTableCell {TD} at (2,2) size 104x58 [border: (1px inset #808080)] [r=0 c=0 rs=1 cs=1]
              LayoutText {#text} at (2,2) size 100x54
                text run at (2,2) width 98: "fooooo oooooo"
                text run at (2,20) width 100: "oooooo oooooo"
                text run at (2,38) width 48: "oooooo"
            LayoutTableCell {TD} at (108,20) size 588x22 [border: (1px inset #808080)] [r=0 c=1 rs=1 cs=1]
              LayoutText {#text} at (2,2) size 21x18
                text run at (2,2) width 21: "bar"
      LayoutBlockFlow (anonymous) at (0,356) size 784x18
        LayoutBR {BR} at (0,0) size 0x18
      LayoutTable {TABLE} at (0,374) size 400x90 [border: (1px outset #808080)]
        LayoutTableSection {TBODY} at (1,1) size 398x88
          LayoutTableRow {TR} at (0,0) size 398x44
            LayoutTableCell {TD} at (0,0) size 114x44 [border: (1px inset #808080)] [r=0 c=0 rs=1 cs=2]
              LayoutBlockFlow {P} at (4,4) size 106x36
                LayoutInline {B} at (0,0) size 69x36
                  LayoutText {#text} at (0,0) size 69x36
                    text run at (0,0) width 45: "This is"
                    text run at (0,18) width 69: "colspan=2"
            LayoutTableCell {TD} at (114,0) size 284x44 [border: (1px inset #808080)] [r=0 c=2 rs=1 cs=1]
              LayoutText {#text} at (4,4) size 270x36
                text run at (4,4) width 270: "Blah Blah Blah Blah Blah Blah Blah Blah"
                text run at (4,22) width 31: "Blah"
          LayoutTableRow {TR} at (0,44) size 398x44
            LayoutTableCell {TD} at (0,44) size 398x44 [border: (1px inset #808080)] [r=1 c=0 rs=1 cs=3]
              LayoutBlockFlow {P} at (4,4) size 390x36
                LayoutInline {B} at (0,0) size 118x18
                  LayoutText {#text} at (0,0) size 118x18
                    text run at (0,0) width 118: "This is colspan=3"
                LayoutText {#text} at (117,0) size 370x36
                  text run at (117,0) width 163: " blah blah blah blah blah "
                  text run at (279,0) width 91: "blah blah blah"
                  text run at (0,18) width 217: "blah blah blah blah blah blah blah"
      LayoutBlockFlow (anonymous) at (0,464) size 784x36
        LayoutBR {BR} at (0,0) size 0x18
        LayoutBR {BR} at (0,18) size 0x18
      LayoutTable {TABLE} at (0,500) size 400x72 [border: (1px outset #808080)]
        LayoutTableSection {TBODY} at (1,1) size 398x70
          LayoutTableRow {TR} at (0,0) size 398x26
            LayoutTableCell {TD} at (0,0) size 160x26 [border: (1px inset #808080)] [r=0 c=0 rs=1 cs=1]
              LayoutBlockFlow {P} at (4,4) size 152x18
                LayoutInline {B} at (0,0) size 135x18
                  LayoutText {#text} at (0,0) size 135x18
                    text run at (0,0) width 135: "no colspan declared"
            LayoutTableCell {TD} at (160,0) size 238x26 [border: (1px inset #808080)] [r=0 c=1 rs=1 cs=1]
              LayoutText {#text} at (4,4) size 202x18
                text run at (4,4) width 202: "Blah Blah Blah Blah Blah Blah"
          LayoutTableRow {TR} at (0,26) size 398x44
            LayoutTableCell {TD} at (0,26) size 398x44 [border: (1px inset #808080)] [r=1 c=0 rs=1 cs=2]
              LayoutBlockFlow {P} at (4,4) size 390x36
                LayoutInline {B} at (0,0) size 118x18
                  LayoutText {#text} at (0,0) size 118x18
                    text run at (0,0) width 118: "This is colspan=2"
                LayoutText {#text} at (117,0) size 370x36
                  text run at (117,0) width 163: " blah blah blah blah blah "
                  text run at (279,0) width 91: "blah blah blah"
                  text run at (0,18) width 217: "blah blah blah blah blah blah blah"
