layer at (0,0) size 800x600
  LayoutView at (0,0) size 800x600
layer at (0,0) size 800x600
  LayoutBlockFlow {HTML} at (0,0) size 800x600
    LayoutBlockFlow {BODY} at (8,8) size 784x584
      LayoutBlockFlow (anonymous) at (0,0) size 784x18
        LayoutText {#text} at (0,0) size 63x18
          text run at (0,0) width 63: "auto table"
      LayoutTable {TABLE} at (0,18) size 142x28 [border: (1px outset #808080)]
        LayoutTableSection {TBODY} at (1,1) size 140x26
          LayoutTableRow {TR} at (0,2) size 140x22
            LayoutTableCell {TD} at (2,2) size 102x22 [border: (1px inset #808080)] [r=0 c=0 rs=1 cs=1]
              LayoutText {#text} at (2,2) size 98x18
                text run at (2,2) width 98: "0% 0% 0% 0%"
            LayoutTableCell {TD} at (106,2) size 32x22 [border: (1px inset #808080)] [r=0 c=1 rs=1 cs=1]
              LayoutText {#text} at (2,2) size 28x18
                text run at (2,2) width 28: "auto"
      LayoutBlockFlow (anonymous) at (0,46) size 784x36
        LayoutBR {BR} at (0,0) size 0x18
        LayoutText {#text} at (0,18) size 400x18
          text run at (0,18) width 400: "auto table - % width cell increases table width based on % cell"
      LayoutTable {TABLE} at (0,82) size 784x80 [border: (1px outset #808080)]
        LayoutTableSection {TBODY} at (1,1) size 782x78
          LayoutTableRow {TR} at (0,10) size 782x58
            LayoutTableCell {TD} at (10,10) size 75x58 [border: (1px inset #808080)] [r=0 c=0 rs=1 cs=1]
              LayoutText {#text} at (11,11) size 30x36
                text run at (11,11) width 30: "10%"
                text run at (11,29) width 30: "10%"
            LayoutTableCell {TD} at (95,19) size 677x40 [border: (1px inset #808080)] [r=0 c=1 rs=1 cs=1]
              LayoutText {#text} at (11,11) size 28x18
                text run at (11,11) width 28: "auto"
      LayoutBlockFlow (anonymous) at (0,162) size 784x18
        LayoutText {#text} at (0,0) size 400x18
          text run at (0,0) width 400: "auto table - % width cell increases table width based on % cell"
      LayoutTable {TABLE} at (0,180) size 372x44 [border: (1px outset #808080)]
        LayoutTableSection {TBODY} at (1,1) size 370x42
          LayoutTableRow {TR} at (0,10) size 370x22
            LayoutTableCell {TD} at (10,10) size 34x22 [border: (1px inset #808080)] [r=0 c=0 rs=1 cs=1]
              LayoutText {#text} at (2,2) size 30x18
                text run at (2,2) width 30: "10%"
            LayoutTableCell {TD} at (54,10) size 306x22 [border: (1px inset #808080)] [r=0 c=1 rs=1 cs=1]
              LayoutText {#text} at (2,2) size 28x18
                text run at (2,2) width 28: "auto"
      LayoutBlockFlow (anonymous) at (0,224) size 784x36
        LayoutBR {BR} at (0,0) size 0x18
        LayoutText {#text} at (0,18) size 548x18
          text run at (0,18) width 548: "auto table - % width cell increases table width based on % cell which makes it largest"
      LayoutTable {TABLE} at (0,260) size 784x44 [border: (1px outset #808080)]
        LayoutTableSection {TBODY} at (1,1) size 782x42
          LayoutTableRow {TR} at (0,10) size 782x22
            LayoutTableCell {TD} at (10,10) size 74x22 [border: (1px inset #808080)] [r=0 c=0 rs=1 cs=1]
              LayoutText {#text} at (2,2) size 30x18
                text run at (2,2) width 30: "10%"
            LayoutTableCell {TD} at (94,10) size 26x22 [border: (1px inset #808080)] [r=0 c=1 rs=1 cs=1]
              LayoutText {#text} at (2,2) size 22x18
                text run at (2,2) width 22: "1%"
            LayoutTableCell {TD} at (130,10) size 642x22 [border: (1px inset #808080)] [r=0 c=2 rs=1 cs=1]
              LayoutText {#text} at (2,2) size 28x18
                text run at (2,2) width 28: "auto"
      LayoutBlockFlow (anonymous) at (0,304) size 784x18
        LayoutBR {BR} at (0,0) size 0x18
