layer at (0,0) size 800x600 clip at (0,0) size 785x600 scrollHeight 964
  LayoutView at (0,0) size 800x600
layer at (0,0) size 785x964 backgroundClip at (0,0) size 785x600 clip at (0,0) size 785x600
  LayoutBlockFlow {HTML} at (0,0) size 785x964
    LayoutBlockFlow {BODY} at (8,8) size 769x948
      LayoutBlockFlow (anonymous) at (0,0) size 769x18
        LayoutText {#text} at (0,0) size 319x18
          text run at (0,0) width 319: "fixed table - percentage width cell honored to min"
      LayoutTable {TABLE} at (0,18) size 300x28 [border: (1px outset #808080)]
        LayoutTableSection {TBODY} at (1,1) size 298x26
          LayoutTableRow {TR} at (0,2) size 298x22
            LayoutTableCell {TD} at (2,2) size 26x22 [border: (1px inset #808080)] [r=0 c=0 rs=1 cs=1]
              LayoutText {#text} at (2,2) size 22x18
                text run at (2,2) width 22: "foo"
            LayoutTableCell {TD} at (30,2) size 266x22 [border: (1px inset #808080)] [r=0 c=1 rs=1 cs=1]
              LayoutText {#text} at (2,2) size 22x18
                text run at (2,2) width 22: "foo"
      LayoutBlockFlow (anonymous) at (0,46) size 769x36
        LayoutBR {BR} at (0,0) size 0x18
        LayoutText {#text} at (0,18) size 350x18
          text run at (0,18) width 350: "fixed table - percentage cells allocated left to rigth first"
      LayoutTable {TABLE} at (0,82) size 300x46 [border: (1px outset #808080)]
        LayoutTableSection {TBODY} at (1,1) size 298x44
          LayoutTableRow {TR} at (0,2) size 298x40
            LayoutTableCell {TD} at (2,2) size 44x40 [border: (1px inset #808080)] [r=0 c=0 rs=1 cs=1]
              LayoutText {#text} at (2,2) size 40x36
                text run at (2,2) width 40: "100px"
                text run at (2,20) width 40: "100px"
            LayoutTableCell {TD} at (48,11) size 123x22 [border: (1px inset #808080)] [r=0 c=1 rs=1 cs=1]
              LayoutText {#text} at (2,2) size 30x18
                text run at (2,2) width 30: "50%"
            LayoutTableCell {TD} at (173,11) size 123x22 [border: (1px inset #808080)] [r=0 c=2 rs=1 cs=1]
              LayoutText {#text} at (2,2) size 30x18
                text run at (2,2) width 30: "50%"
      LayoutBlockFlow (anonymous) at (0,128) size 769x36
        LayoutBR {BR} at (0,0) size 0x18
        LayoutText {#text} at (0,18) size 523x18
          text run at (0,18) width 523: "fixed table - percentage cells allocated left to rigth first allocated from left to right"
      LayoutTable {TABLE} at (0,164) size 300x46 [border: (1px outset #808080)]
        LayoutTableSection {TBODY} at (1,1) size 298x44
          LayoutTableRow {TR} at (0,2) size 298x40
            LayoutTableCell {TD} at (2,2) size 44x40 [border: (1px inset #808080)] [r=0 c=0 rs=1 cs=1]
              LayoutText {#text} at (2,2) size 40x36
                text run at (2,2) width 40: "100px"
                text run at (2,20) width 40: "100px"
            LayoutTableCell {TD} at (48,11) size 212x22 [border: (1px inset #808080)] [r=0 c=1 rs=1 cs=1]
              LayoutText {#text} at (2,2) size 30x18
                text run at (2,2) width 30: "95%"
            LayoutTableCell {TD} at (262,11) size 34x22 [border: (1px inset #808080)] [r=0 c=2 rs=1 cs=1]
              LayoutText {#text} at (2,2) size 30x18
                text run at (2,2) width 30: "95%"
      LayoutBlockFlow (anonymous) at (0,210) size 769x36
        LayoutBR {BR} at (0,0) size 0x18
        LayoutText {#text} at (0,18) size 350x18
          text run at (0,18) width 350: "fixed table - percentage cells allocated left to rigth first"
      LayoutTable {TABLE} at (0,246) size 200x62 [border: (1px outset #808080)]
        LayoutTableSection {TBODY} at (1,1) size 198x60
          LayoutTableRow {TR} at (0,10) size 198x40
            LayoutTableCell {TD} at (10,10) size 84x40 [border: (1px inset #808080)] [r=0 c=0 rs=1 cs=1]
              LayoutText {#text} at (2,2) size 40x36
                text run at (2,2) width 40: "100px"
                text run at (2,20) width 40: "100px"
            LayoutTableCell {TD} at (104,19) size 84x22 [border: (1px inset #808080)] [r=0 c=1 rs=1 cs=1]
              LayoutText {#text} at (2,2) size 30x18
                text run at (2,2) width 30: "50%"
      LayoutBlockFlow (anonymous) at (0,308) size 769x36
        LayoutBR {BR} at (0,0) size 0x18
        LayoutText {#text} at (0,18) size 350x18
          text run at (0,18) width 350: "fixed table - percentage cells allocated left to right first"
      LayoutTable {TABLE} at (0,344) size 200x80 [border: (1px outset #808080)]
        LayoutTableSection {TBODY} at (1,1) size 198x78
          LayoutTableRow {TR} at (0,10) size 198x58
            LayoutTableCell {TD} at (10,19) size 44x40 [border: (1px inset #808080)] [r=0 c=0 rs=1 cs=1]
              LayoutText {#text} at (2,2) size 40x36
                text run at (2,2) width 40: "100px"
                text run at (2,20) width 40: "100px"
            LayoutTableCell {TD} at (64,10) size 57x58 [border: (1px inset #808080)] [r=0 c=1 rs=1 cs=1]
              LayoutText {#text} at (2,2) size 30x54
                text run at (2,2) width 30: "50%"
                text run at (2,20) width 30: "50%"
                text run at (2,38) width 30: "50%"
            LayoutTableCell {TD} at (131,10) size 57x58 [border: (1px inset #808080)] [r=0 c=2 rs=1 cs=1]
              LayoutText {#text} at (2,2) size 30x54
                text run at (2,2) width 30: "50%"
                text run at (2,20) width 30: "50%"
                text run at (2,38) width 30: "50%"
      LayoutBlockFlow (anonymous) at (0,424) size 769x36
        LayoutBR {BR} at (0,0) size 0x18
        LayoutText {#text} at (0,18) size 350x18
          text run at (0,18) width 350: "fixed table - percentage cells allocated left to right first"
      LayoutTable {TABLE} at (0,460) size 400x62 [border: (1px outset #808080)]
        LayoutTableSection {TBODY} at (1,1) size 398x60
          LayoutTableRow {TR} at (0,10) size 398x40
            LayoutTableCell {TD} at (10,10) size 44x40 [border: (1px inset #808080)] [r=0 c=0 rs=1 cs=1]
              LayoutText {#text} at (2,2) size 40x36
                text run at (2,2) width 40: "100px"
                text run at (2,20) width 40: "100px"
            LayoutTableCell {TD} at (64,10) size 44x40 [border: (1px inset #808080)] [r=0 c=1 rs=1 cs=1]
              LayoutText {#text} at (2,2) size 40x36
                text run at (2,2) width 40: "100px"
                text run at (2,20) width 40: "100px"
            LayoutTableCell {TD} at (118,19) size 130x22 [border: (1px inset #808080)] [r=0 c=2 rs=1 cs=1]
              LayoutText {#text} at (2,2) size 96x18
                text run at (2,2) width 96: "50% 50% 50%"
            LayoutTableCell {TD} at (258,19) size 130x22 [border: (1px inset #808080)] [r=0 c=3 rs=1 cs=1]
              LayoutText {#text} at (2,2) size 96x18
                text run at (2,2) width 96: "50% 50% 50%"
      LayoutBlockFlow (anonymous) at (0,522) size 769x36
        LayoutBR {BR} at (0,0) size 0x18
        LayoutText {#text} at (0,18) size 350x18
          text run at (0,18) width 350: "fixed table - percentage cells allocated left to right first"
      LayoutTable {TABLE} at (0,558) size 400x80 [border: (1px outset #808080)]
        LayoutTableSection {TBODY} at (1,1) size 398x78
          LayoutTableRow {TR} at (0,10) size 398x58
            LayoutTableCell {TD} at (10,19) size 44x40 [border: (1px inset #808080)] [r=0 c=0 rs=1 cs=1]
              LayoutText {#text} at (2,2) size 40x36
                text run at (2,2) width 40: "100px"
                text run at (2,20) width 40: "100px"
            LayoutTableCell {TD} at (64,19) size 44x40 [border: (1px inset #808080)] [r=0 c=1 rs=1 cs=1]
              LayoutText {#text} at (2,2) size 40x36
                text run at (2,2) width 40: "100px"
                text run at (2,20) width 40: "100px"
            LayoutTableCell {TD} at (118,28) size 108x22 [border: (1px inset #808080)] [r=0 c=2 rs=1 cs=1]
              LayoutText {#text} at (2,2) size 96x18
                text run at (2,2) width 96: "50% 50% 50%"
            LayoutTableCell {TD} at (236,28) size 108x22 [border: (1px inset #808080)] [r=0 c=3 rs=1 cs=1]
              LayoutText {#text} at (2,2) size 96x18
                text run at (2,2) width 96: "50% 50% 50%"
            LayoutTableCell {TD} at (354,10) size 34x58 [border: (1px inset #808080)] [r=0 c=4 rs=1 cs=1]
              LayoutText {#text} at (2,2) size 30x54
                text run at (2,2) width 30: "50%"
                text run at (2,20) width 30: "50%"
                text run at (2,38) width 30: "50%"
      LayoutBlockFlow (anonymous) at (0,638) size 769x18
        LayoutBR {BR} at (0,0) size 0x18
      LayoutTable {TABLE} at (0,656) size 200x28 [border: (1px outset #808080)]
        LayoutTableSection {TBODY} at (1,1) size 198x26
          LayoutTableRow {TR} at (0,2) size 198x22
            LayoutTableCell {TD} at (2,2) size 26x22 [border: (1px inset #808080)] [r=0 c=0 rs=1 cs=1]
              LayoutText {#text} at (2,2) size 22x18
                text run at (2,2) width 22: "foo"
            LayoutTableCell {TD} at (30,2) size 81x22 [border: (1px inset #808080)] [r=0 c=1 rs=1 cs=1]
              LayoutText {#text} at (2,2) size 21x18
                text run at (2,2) width 21: "bar"
            LayoutTableCell {TD} at (113,2) size 83x22 [border: (1px inset #808080)] [r=0 c=2 rs=1 cs=1]
              LayoutText {#text} at (2,2) size 23x18
                text run at (2,2) width 23: "zap"
      LayoutBlockFlow (anonymous) at (0,684) size 769x36
        LayoutBR {BR} at (0,0) size 0x18
        LayoutText {#text} at (0,18) size 224x18
          text run at (0,18) width 224: "PERCENTAGE WIDTH TABLES"
      LayoutTable {TABLE} at (0,720) size 769x82 [border: (1px outset #808080)]
        LayoutTableSection {TBODY} at (1,1) size 767x80
          LayoutTableRow {TR} at (0,2) size 767x76
            LayoutTableCell {TD} at (2,29) size 146x22 [bgcolor=#FFA500] [border: (1px inset #808080)] [r=0 c=0 rs=1 cs=1]
              LayoutText {#text} at (2,2) size 98x18
                text run at (2,2) width 98: "foo foo foo foo"
            LayoutTableCell {TD} at (150,29) size 146x22 [bgcolor=#0000FF] [border: (1px inset #808080)] [r=0 c=1 rs=1 cs=1]
              LayoutText {#text} at (2,2) size 98x18
                text run at (2,2) width 98: "foo foo foo foo"
            LayoutTableCell {TD} at (298,29) size 439x22 [bgcolor=#008000] [border: (1px inset #808080)] [r=0 c=2 rs=1 cs=1]
              LayoutText {#text} at (339,2) size 98x18
                text run at (339,2) width 98: "foo foo foo foo"
            LayoutTableCell {TD} at (739,2) size 26x76 [bgcolor=#FF0000] [border: (1px inset #808080)] [r=0 c=3 rs=1 cs=1]
              LayoutText {#text} at (2,2) size 22x72
                text run at (2,2) width 22: "foo"
                text run at (2,20) width 22: "foo"
                text run at (2,38) width 22: "foo"
                text run at (2,56) width 22: "foo"
      LayoutBlockFlow (anonymous) at (0,802) size 769x18
        LayoutBR {BR} at (0,0) size 0x18
      LayoutTable {TABLE} at (0,820) size 769x82 [border: (1px outset #808080)]
        LayoutTableSection {TBODY} at (1,1) size 767x80
          LayoutTableRow {TR} at (0,2) size 767x76
            LayoutTableCell {TD} at (2,2) size 26x76 [bgcolor=#FF0000] [border: (1px inset #808080)] [r=0 c=0 rs=1 cs=1]
              LayoutText {#text} at (2,2) size 22x72
                text run at (2,2) width 22: "foo"
                text run at (2,20) width 22: "foo"
                text run at (2,38) width 22: "foo"
                text run at (2,56) width 22: "foo"
            LayoutTableCell {TD} at (30,29) size 141x22 [bgcolor=#FFA500] [border: (1px inset #808080)] [r=0 c=1 rs=1 cs=1]
              LayoutText {#text} at (2,2) size 98x18
                text run at (2,2) width 98: "foo foo foo foo"
            LayoutTableCell {TD} at (173,29) size 141x22 [bgcolor=#0000FF] [border: (1px inset #808080)] [r=0 c=2 rs=1 cs=1]
              LayoutText {#text} at (2,2) size 98x18
                text run at (2,2) width 98: "foo foo foo foo"
            LayoutTableCell {TD} at (316,29) size 421x22 [bgcolor=#008000] [border: (1px inset #808080)] [r=0 c=3 rs=1 cs=1]
              LayoutText {#text} at (321,2) size 98x18
                text run at (321,2) width 98: "foo foo foo foo"
            LayoutTableCell {TD} at (739,2) size 26x76 [bgcolor=#FF0000] [border: (1px inset #808080)] [r=0 c=4 rs=1 cs=1]
              LayoutText {#text} at (2,2) size 22x72
                text run at (2,2) width 22: "foo"
                text run at (2,20) width 22: "foo"
                text run at (2,38) width 22: "foo"
                text run at (2,56) width 22: "foo"
      LayoutBlockFlow (anonymous) at (0,902) size 769x18
        LayoutBR {BR} at (0,0) size 0x18
      LayoutTable {TABLE} at (0,920) size 769x28 [border: (1px outset #808080)]
        LayoutTableSection {TBODY} at (1,1) size 767x26
          LayoutTableRow {TR} at (0,2) size 767x22
            LayoutTableCell {TD} at (2,2) size 151x22 [bgcolor=#FF0000] [border: (1px inset #808080)] [r=0 c=0 rs=1 cs=1]
              LayoutText {#text} at (2,2) size 98x18
                text run at (2,2) width 98: "foo foo foo foo"
            LayoutTableCell {TD} at (155,2) size 151x22 [bgcolor=#FFA500] [border: (1px inset #808080)] [r=0 c=1 rs=1 cs=1]
              LayoutText {#text} at (2,2) size 98x18
                text run at (2,2) width 98: "foo foo foo foo"
            LayoutTableCell {TD} at (308,2) size 151x22 [bgcolor=#0000FF] [border: (1px inset #808080)] [r=0 c=2 rs=1 cs=1]
              LayoutText {#text} at (2,2) size 98x18
                text run at (2,2) width 98: "foo foo foo foo"
            LayoutTableCell {TD} at (461,2) size 151x22 [bgcolor=#008000] [border: (1px inset #808080)] [r=0 c=3 rs=1 cs=1]
              LayoutText {#text} at (51,2) size 98x18
                text run at (51,2) width 98: "foo foo foo foo"
            LayoutTableCell {TD} at (614,2) size 151x22 [bgcolor=#FF0000] [border: (1px inset #808080)] [r=0 c=4 rs=1 cs=1]
              LayoutText {#text} at (2,2) size 98x18
                text run at (2,2) width 98: "foo foo foo foo"
