layer at (0,0) size 800x600
  LayoutView at (0,0) size 800x600
layer at (0,0) size 800x600
  LayoutBlockFlow {HTML} at (0,0) size 800x600
    LayoutBlockFlow {BODY} at (8,8) size 784x584
      LayoutBlockFlow (anonymous) at (0,0) size 784x18
        LayoutText {#text} at (0,0) size 382x18
          text run at (0,0) width 382: "auto table - % width single cell has no effect (not so in IE5)"
      LayoutTable {TABLE} at (0,18) size 692x44 [border: (1px outset #808080)]
        LayoutTableSection {TBODY} at (1,1) size 690x42
          LayoutTableRow {TR} at (0,10) size 690x22
            LayoutTableCell {TD} at (10,10) size 670x22 [border: (1px inset #808080)] [r=0 c=0 rs=1 cs=1]
              LayoutText {#text} at (2,2) size 63x18
                text run at (2,2) width 63: "10% 10%"
      LayoutBlockFlow (anonymous) at (0,62) size 784x54
        LayoutBR {BR} at (0,0) size 0x18
        LayoutText {#text} at (0,18) size 775x36
          text run at (0,18) width 775: "auto table - % width cell increases table width based on % cell which makes it largest. Nav4.x does not increase the table"
          text run at (0,36) width 204: "too much if the only cells are %"
      LayoutTable {TABLE} at (0,116) size 784x44 [border: (1px outset #808080)]
        LayoutTableSection {TBODY} at (1,1) size 782x42
          LayoutTableRow {TR} at (0,10) size 782x22
            LayoutTableCell {TD} at (10,10) size 85x22 [border: (1px inset #808080)] [r=0 c=0 rs=1 cs=1]
              LayoutText {#text} at (2,2) size 22x18
                text run at (2,2) width 22: "1%"
            LayoutTableCell {TD} at (105,10) size 667x22 [border: (1px inset #808080)] [r=0 c=1 rs=1 cs=1]
              LayoutText {#text} at (2,2) size 30x18
                text run at (2,2) width 30: "10%"
      LayoutBlockFlow (anonymous) at (0,160) size 784x18
        LayoutBR {BR} at (0,0) size 0x18
