layer at (0,0) size 800x600
  LayoutView at (0,0) size 800x600
layer at (0,0) size 800x600
  LayoutBlockFlow {HTML} at (0,0) size 800x600
    LayoutBlockFlow {BODY} at (8,8) size 784x584
      LayoutTable {TABLE} at (0,0) size 784x52 [border: (1px outset #808080)]
        LayoutTableSection {TBODY} at (1,1) size 782x50
          LayoutTableRow {TR} at (0,2) size 782x22
            LayoutTableCell {TD} at (2,2) size 82x22 [bgcolor=#FF0000] [border: (1px inset #808080)] [r=0 c=0 rs=1 cs=1]
              LayoutText {#text} at (2,2) size 78x18
                text run at (2,2) width 78: "fooooooooo"
            LayoutTableCell {TD} at (86,2) size 82x22 [bgcolor=#008000] [border: (1px inset #808080)] [r=0 c=1 rs=1 cs=1]
              LayoutText {#text} at (2,2) size 78x18
                text run at (2,2) width 78: "fooooooooo"
            LayoutTableCell {TD} at (170,2) size 307x22 [bgcolor=#FFA500] [border: (1px inset #808080)] [r=0 c=2 rs=1 cs=2]
              LayoutText {#text} at (2,2) size 98x18
                text run at (2,2) width 98: "foo foo foo foo"
            LayoutTableCell {TD} at (479,2) size 301x22 [bgcolor=#0000FF] [border: (1px inset #808080)] [r=0 c=4 rs=1 cs=1]
              LayoutText {#text} at (2,2) size 98x18
                text run at (2,2) width 98: "foo foo foo foo"
          LayoutTableRow {TR} at (0,26) size 782x22
            LayoutTableCell {TD} at (2,26) size 82x22 [bgcolor=#FF0000] [border: (1px inset #808080)] [r=1 c=0 rs=1 cs=1]
              LayoutText {#text} at (2,2) size 78x18
                text run at (2,2) width 78: "fooooooooo"
            LayoutTableCell {TD} at (86,26) size 82x22 [bgcolor=#008000] [border: (1px inset #808080)] [r=1 c=1 rs=1 cs=1]
              LayoutText {#text} at (2,2) size 78x18
                text run at (2,2) width 78: "fooooooooo"
            LayoutTableCell {TD} at (170,26) size 152x22 [bgcolor=#FFA500] [border: (1px inset #808080)] [r=1 c=2 rs=1 cs=1]
              LayoutText {#text} at (2,2) size 98x18
                text run at (2,2) width 98: "foo foo foo foo"
            LayoutTableCell {TD} at (324,26) size 153x22 [bgcolor=#FFA500] [border: (1px inset #808080)] [r=1 c=3 rs=1 cs=1]
              LayoutText {#text} at (2,2) size 98x18
                text run at (2,2) width 98: "foo foo foo foo"
            LayoutTableCell {TD} at (479,26) size 301x22 [bgcolor=#0000FF] [border: (1px inset #808080)] [r=1 c=4 rs=1 cs=1]
              LayoutText {#text} at (2,2) size 98x18
                text run at (2,2) width 98: "foo foo foo foo"
      LayoutBlockFlow (anonymous) at (0,52) size 784x18
        LayoutBR {BR} at (0,0) size 0x18
      LayoutTable {TABLE} at (0,70) size 280x28 [border: (1px outset #808080)]
        LayoutTableSection {TBODY} at (1,1) size 278x26
          LayoutTableRow {TR} at (0,2) size 278x22
            LayoutTableCell {TD} at (2,2) size 216x22 [border: (1px inset #808080)] [r=0 c=0 rs=1 cs=1]
              LayoutText {#text} at (2,2) size 22x18
                text run at (2,2) width 22: "foo"
            LayoutTableCell {TD} at (220,2) size 27x22 [border: (1px inset #808080)] [r=0 c=1 rs=1 cs=1]
              LayoutText {#text} at (2,2) size 21x18
                text run at (2,2) width 21: "bar"
            LayoutTableCell {TD} at (249,2) size 27x22 [border: (1px inset #808080)] [r=0 c=2 rs=1 cs=1]
              LayoutText {#text} at (2,2) size 23x18
                text run at (2,2) width 23: "zap"
