layer at (0,0) size 800x600
  LayoutView at (0,0) size 800x600
layer at (0,0) size 800x600
  LayoutBlockFlow {HTML} at (0,0) size 800x600
    LayoutBlockFlow {BODY} at (8,8) size 784x584
      LayoutTable {TABLE} at (0,0) size 135x28 [border: (1px outset #808080)]
        LayoutTableSection {TBODY} at (1,1) size 133x26
          LayoutTableRow {TR} at (0,2) size 133x22
            LayoutTableCell {TD} at (2,2) size 95x22 [border: (1px inset #808080)] [r=0 c=0 rs=1 cs=1]
              LayoutText {#text} at (2,2) size 91x18
                text run at (2,2) width 91: "auto auto auto"
            LayoutTableCell {TD} at (99,2) size 32x22 [border: (1px inset #808080)] [r=0 c=1 rs=1 cs=1]
              LayoutText {#text} at (2,2) size 28x18
                text run at (2,2) width 28: "auto"
