layer at (0,0) size 800x600
  LayoutView at (0,0) size 800x600
layer at (0,0) size 800x600
  LayoutBlockFlow {HTML} at (0,0) size 800x600
    LayoutBlockFlow {BODY} at (8,8) size 784x584
      LayoutBlockFlow (anonymous) at (0,0) size 784x18
        LayoutText {#text} at (0,0) size 444x18
          text run at (0,0) width 444: "fixed table - fixed cells get expanded in Quirks mode, not in Standard"
      LayoutTable {TABLE} at (0,18) size 200x46 [border: (1px outset #808080)]
        LayoutTableSection {TBODY} at (1,1) size 198x44
          LayoutTableRow {TR} at (0,2) size 198x40
            LayoutTableCell {TD} at (2,2) size 104x40 [border: (1px inset #808080)] [r=0 c=0 rs=1 cs=1]
              LayoutText {#text} at (2,2) size 84x36
                text run at (2,2) width 84: "100px 100px"
                text run at (2,20) width 40: "100px"
            LayoutTableCell {TD} at (108,11) size 88x22 [border: (1px inset #808080)] [r=0 c=1 rs=1 cs=1]
              LayoutText {#text} at (2,2) size 60x18
                text run at (2,2) width 60: "auto auto"
      LayoutBlockFlow (anonymous) at (0,64) size 784x18
        LayoutBR {BR} at (0,0) size 0x18
      LayoutBlockFlow {HR} at (0,90) size 102x2 [border: (1px inset #EEEEEE)]
      LayoutBlockFlow (anonymous) at (0,100) size 784x18
        LayoutText {#text} at (0,0) size 319x18
          text run at (0,0) width 319: "table fixed at 600, 1st 2 cells fixed at 100, 2nd not"
      LayoutTable {TABLE} at (0,118) size 600x28 [border: (1px outset #808080)]
        LayoutTableSection {TBODY} at (1,1) size 598x26
          LayoutTableRow {TR} at (0,2) size 598x22
            LayoutTableCell {TD} at (2,2) size 104x22 [border: (1px inset #808080)] [r=0 c=0 rs=1 cs=1]
              LayoutText {#text} at (2,2) size 22x18
                text run at (2,2) width 22: "foo"
            LayoutTableCell {TD} at (108,2) size 104x22 [border: (1px inset #808080)] [r=0 c=1 rs=1 cs=1]
              LayoutText {#text} at (2,2) size 21x18
                text run at (2,2) width 21: "bar"
            LayoutTableCell {TD} at (214,2) size 382x22 [border: (1px inset #808080)] [r=0 c=2 rs=1 cs=1]
              LayoutText {#text} at (2,2) size 22x18
                text run at (2,2) width 22: "foo"
      LayoutBlockFlow (anonymous) at (0,146) size 784x36
        LayoutBR {BR} at (0,0) size 0x18
        LayoutText {#text} at (0,18) size 319x18
          text run at (0,18) width 319: "table fixed at 600, 1st 2 cells fixed at 100, 2nd not"
      LayoutTable {TABLE} at (0,182) size 600x28 [border: (1px outset #808080)]
        LayoutTableSection {TBODY} at (1,1) size 598x26
          LayoutTableRow {TR} at (0,2) size 598x22
            LayoutTableCell {TD} at (2,2) size 104x22 [border: (1px inset #808080)] [r=0 c=0 rs=1 cs=1]
              LayoutText {#text} at (2,2) size 22x18
                text run at (2,2) width 22: "foo"
            LayoutTableCell {TD} at (108,2) size 104x22 [border: (1px inset #808080)] [r=0 c=1 rs=1 cs=1]
              LayoutText {#text} at (2,2) size 21x18
                text run at (2,2) width 21: "bar"
            LayoutTableCell {TD} at (214,2) size 382x22 [border: (1px inset #808080)] [r=0 c=2 rs=1 cs=1]
              LayoutText {#text} at (2,2) size 22x18
                text run at (2,2) width 22: "foo"
      LayoutBlockFlow (anonymous) at (0,210) size 784x36
        LayoutBR {BR} at (0,0) size 0x18
        LayoutText {#text} at (0,18) size 311x18
          text run at (0,18) width 311: "table fixed at 600, 1st 2 cells fixed at 50, 2nd not"
      LayoutTable {TABLE} at (0,246) size 600x28 [border: (1px outset #808080)]
        LayoutTableSection {TBODY} at (1,1) size 598x26
          LayoutTableRow {TR} at (0,2) size 598x22
            LayoutTableCell {TD} at (2,2) size 54x22 [border: (1px inset #808080)] [r=0 c=0 rs=1 cs=1]
              LayoutText {#text} at (2,2) size 22x18
                text run at (2,2) width 22: "foo"
            LayoutTableCell {TD} at (58,2) size 54x22 [border: (1px inset #808080)] [r=0 c=1 rs=1 cs=1]
              LayoutText {#text} at (2,2) size 21x18
                text run at (2,2) width 21: "bar"
            LayoutTableCell {TD} at (114,2) size 482x22 [border: (1px inset #808080)] [r=0 c=2 rs=1 cs=1]
              LayoutText {#text} at (2,2) size 22x18
                text run at (2,2) width 22: "foo"
      LayoutBlockFlow (anonymous) at (0,274) size 784x36
        LayoutBR {BR} at (0,0) size 0x18
        LayoutText {#text} at (0,18) size 327x18
          text run at (0,18) width 327: "table fixed at 600, 1st 2 cells fixed at 1000, 2nd not"
      LayoutTable {TABLE} at (0,310) size 600x28 [border: (1px outset #808080)]
        LayoutTableSection {TBODY} at (1,1) size 598x26
          LayoutTableRow {TR} at (0,2) size 598x22
            LayoutTableCell {TD} at (2,2) size 282x22 [border: (1px inset #808080)] [r=0 c=0 rs=1 cs=1]
              LayoutText {#text} at (2,2) size 22x18
                text run at (2,2) width 22: "foo"
            LayoutTableCell {TD} at (286,2) size 282x22 [border: (1px inset #808080)] [r=0 c=1 rs=1 cs=1]
              LayoutText {#text} at (2,2) size 21x18
                text run at (2,2) width 21: "bar"
            LayoutTableCell {TD} at (570,2) size 26x22 [border: (1px inset #808080)] [r=0 c=2 rs=1 cs=1]
              LayoutText {#text} at (2,2) size 22x18
                text run at (2,2) width 22: "foo"
      LayoutBlockFlow (anonymous) at (0,338) size 784x36
        LayoutBR {BR} at (0,0) size 0x18
        LayoutText {#text} at (0,18) size 303x18
          text run at (0,18) width 303: "table fixed at 600, 1st 2 cells fixed at 5, 2nd not"
      LayoutTable {TABLE} at (0,374) size 600x28 [border: (1px outset #808080)]
        LayoutTableSection {TBODY} at (1,1) size 598x26
          LayoutTableRow {TR} at (0,2) size 598x22
            LayoutTableCell {TD} at (2,2) size 26x22 [border: (1px inset #808080)] [r=0 c=0 rs=1 cs=1]
              LayoutText {#text} at (2,2) size 22x18
                text run at (2,2) width 22: "foo"
            LayoutTableCell {TD} at (30,2) size 25x22 [border: (1px inset #808080)] [r=0 c=1 rs=1 cs=1]
              LayoutText {#text} at (2,2) size 21x18
                text run at (2,2) width 21: "bar"
            LayoutTableCell {TD} at (57,2) size 539x22 [border: (1px inset #808080)] [r=0 c=2 rs=1 cs=1]
              LayoutText {#text} at (2,2) size 22x18
                text run at (2,2) width 22: "foo"
      LayoutBlockFlow (anonymous) at (0,402) size 784x18
        LayoutBR {BR} at (0,0) size 0x18
