layer at (0,0) size 800x600
  LayoutView at (0,0) size 800x600
layer at (0,0) size 800x600
  LayoutBlockFlow {HTML} at (0,0) size 800x600
    LayoutBlockFlow {BODY} at (8,8) size 784x584
      LayoutBlockFlow (anonymous) at (0,0) size 784x18
        LayoutText {#text} at (0,0) size 233x18
          text run at (0,0) width 233: "cell split with color (standard mode)"
      LayoutTable {TABLE} at (0,18) size 32x28 [border: (1px outset #808080)]
        LayoutTableCol {COLGROUP} at (0,0) size 0x0
          LayoutTableCol {COL} at (0,0) size 0x0 [bgcolor=#FF0000]
          LayoutTableCol {COL} at (0,0) size 0x0 [bgcolor=#0000FF]
        LayoutTableSection {TBODY} at (1,1) size 30x26
          LayoutTableRow {TR} at (0,2) size 30x22
            LayoutTableCell {TD} at (2,2) size 26x22 [border: (1px inset #808080)] [r=0 c=0 rs=1 cs=2]
              LayoutText {#text} at (2,2) size 22x18
                text run at (2,2) width 22: "foo"
      LayoutBlockFlow (anonymous) at (0,46) size 784x18
        LayoutBR {BR} at (0,0) size 0x18
      LayoutBlockFlow {HR} at (0,72) size 602x2 [border: (1px inset #EEEEEE)]
      LayoutBlockFlow (anonymous) at (0,82) size 784x18
        LayoutBR {BR} at (0,0) size 0x18
      LayoutTable {TABLE} at (0,100) size 600x110
        LayoutTableSection {TBODY} at (0,0) size 600x110
          LayoutTableRow {TR} at (0,2) size 600x44
            LayoutTableCell {TD} at (2,2) size 594x44 [r=0 c=0 rs=1 cs=3]
              LayoutImage {IMG} at (7.50,1) size 579x42
              LayoutText {#text} at (0,0) size 0x0
          LayoutTableRow {TR} at (0,48) size 600x38
            LayoutTableCell {TD} at (2,48) size 242x37 [r=1 c=0 rs=1 cs=1]
              LayoutImage {IMG} at (1,1) size 232x35 [border: (1px solid #000000)]
            LayoutTableCell {TD} at (246,48) size 142x38 [r=1 c=1 rs=1 cs=1]
              LayoutText {#text} at (32,1) size 78x36
                text run at (32,1) width 78: "Hassle-Free"
                text run at (40,19) width 62: "Upgrades"
          LayoutTableRow {TR} at (0,88) size 600x20
            LayoutTableCell {TD} at (2,88) size 596x20 [bgcolor=#99CCCC] [r=2 c=0 rs=1 cs=4]
              LayoutText {#text} at (1,1) size 8x18
                text run at (1,1) width 8: "x"
