layer at (0,0) size 800x600 scrollWidth 808
  LayoutView at (0,0) size 800x600
layer at (0,0) size 800x600
  LayoutBlockFlow {HTML} at (0,0) size 800x600
    LayoutBlockFlow {BODY} at (8,8) size 784x584
      LayoutTable {TABLE} at (0,0) size 196x34 [border: (1px outset #808080)]
        LayoutTableSection {TBODY} at (1,1) size 194x32
          LayoutTableRow {TR} at (0,2) size 194x28
            LayoutTableCell {TD} at (2,2) size 190x28 [border: (1px inset #808080)] [r=0 c=0 rs=1 cs=1]
              LayoutTable {TABLE} at (2,2) size 186x24 [bgcolor=#FFA500]
                LayoutTableSection {TBODY} at (0,0) size 186x24
                  LayoutTableRow {TR} at (0,2) size 186x20
                    LayoutTableCell {TD} at (2,2) size 182x20 [r=0 c=0 rs=1 cs=1]
                      LayoutText {#text} at (1,1) size 180x18
                        text run at (1,1) width 180: "nested in auto, width=100%"
      LayoutBlockFlow (anonymous) at (0,34) size 784x18
        LayoutBR {BR} at (0,0) size 0x18
      LayoutTable {TABLE} at (0,52) size 200x52 [border: (1px outset #808080)]
        LayoutTableSection {TBODY} at (1,1) size 198x50
          LayoutTableRow {TR} at (0,2) size 198x46
            LayoutTableCell {TD} at (2,2) size 194x46 [border: (1px inset #808080)] [r=0 c=0 rs=1 cs=1]
              LayoutTable {TABLE} at (2,2) size 190x42 [bgcolor=#00FF00]
                LayoutTableSection {TBODY} at (0,0) size 190x42
                  LayoutTableRow {TR} at (0,2) size 190x38
                    LayoutTableCell {TD} at (2,2) size 186x38 [r=0 c=0 rs=1 cs=1]
                      LayoutText {#text} at (1,1) size 98x36
                        text run at (1,1) width 98: "nested in fixed,"
                        text run at (1,19) width 83: "width=100%"
      LayoutBlockFlow (anonymous) at (0,104) size 784x18
        LayoutBR {BR} at (0,0) size 0x18
      LayoutTable {TABLE} at (0,122) size 800x34 [border: (1px outset #808080)]
        LayoutTableSection {TBODY} at (1,1) size 798x32
          LayoutTableRow {TR} at (0,2) size 798x28
            LayoutTableCell {TD} at (2,2) size 794x28 [border: (1px inset #808080)] [r=0 c=0 rs=1 cs=1]
              LayoutTable {TABLE} at (2,2) size 790x24 [bgcolor=#00FF00]
                LayoutTableSection {TBODY} at (0,0) size 790x24
                  LayoutTableRow {TR} at (0,2) size 790x20
                    LayoutTableCell {TD} at (2,2) size 786x20 [r=0 c=0 rs=1 cs=1]
                      LayoutText {#text} at (1,1) size 185x18
                        text run at (1,1) width 185: "nested in fixed, width=100%"
      LayoutBlockFlow (anonymous) at (0,156) size 784x18
        LayoutBR {BR} at (0,0) size 0x18
      LayoutTable {TABLE} at (0,174) size 230x34 [border: (1px outset #808080)]
        LayoutTableSection {TBODY} at (1,1) size 228x32
          LayoutTableRow {TR} at (0,2) size 228x28
            LayoutTableCell {TD} at (2,2) size 190x28 [border: (1px inset #808080)] [r=0 c=0 rs=1 cs=1]
              LayoutTable {TABLE} at (2,2) size 186x24
                LayoutTableSection {TBODY} at (0,0) size 186x24
                  LayoutTableRow {TR} at (0,2) size 186x20
                    LayoutTableCell {TD} at (2,2) size 182x20 [r=0 c=0 rs=1 cs=1]
                      LayoutText {#text} at (1,1) size 180x18
                        text run at (1,1) width 180: "nested in auto, width=100%"
            LayoutTableCell {TD} at (194,5) size 32x22 [border: (1px inset #808080)] [r=0 c=1 rs=1 cs=1]
              LayoutText {#text} at (2,2) size 28x18
                text run at (2,2) width 28: "auto"
      LayoutBlockFlow (anonymous) at (0,208) size 784x18
        LayoutBR {BR} at (0,0) size 0x18
      LayoutTable {TABLE} at (0,226) size 784x34 [border: (1px outset #808080)]
        LayoutTableSection {TBODY} at (1,1) size 782x32
          LayoutTableRow {TR} at (0,2) size 782x28
            LayoutTableCell {TD} at (2,2) size 683x28 [border: (1px inset #808080)] [r=0 c=0 rs=1 cs=1]
              LayoutTable {TABLE} at (2,2) size 339x24 [bgcolor=#00FF00]
                LayoutTableSection {TBODY} at (0,0) size 339x24
                  LayoutTableRow {TR} at (0,2) size 339x20
                    LayoutTableCell {TD} at (2,2) size 335x20 [r=0 c=0 rs=1 cs=1]
                      LayoutText {#text} at (1,1) size 182x18
                        text run at (1,1) width 182: "nested in 100%, width=50%"
            LayoutTableCell {TD} at (687,5) size 93x22 [border: (1px inset #808080)] [r=0 c=1 rs=1 cs=1]
              LayoutText {#text} at (2,2) size 22x18
                text run at (2,2) width 22: "foo"
      LayoutBlockFlow (anonymous) at (0,260) size 784x18
        LayoutBR {BR} at (0,0) size 0x18
      LayoutTable {TABLE} at (0,278) size 784x40 [border: (1px outset #808080)]
        LayoutTableSection {TBODY} at (1,1) size 782x38
          LayoutTableRow {TR} at (0,2) size 782x34
            LayoutTableCell {TD} at (2,2) size 546x34 [border: (1px inset #808080)] [r=0 c=0 rs=1 cs=1]
              LayoutTable {TABLE} at (2,2) size 271x30 [bgcolor=#00FF00]
                LayoutTableSection {TBODY} at (0,0) size 271x30
                  LayoutTableRow {TR} at (0,2) size 271x26
                    LayoutTableCell {TD} at (2,2) size 267x26 [r=0 c=0 rs=1 cs=1]
                      LayoutTable {TABLE} at (1,1) size 132x24 [bgcolor=#FF0000]
                        LayoutTableSection {TBODY} at (0,0) size 132x24
                          LayoutTableRow {TR} at (0,2) size 132x20
                            LayoutTableCell {TD} at (2,2) size 128x20 [r=0 c=0 rs=1 cs=1]
                              LayoutText {#text} at (1,1) size 46x18
                                text run at (1,1) width 46: "2n50%"
            LayoutTableCell {TD} at (550,8) size 230x22 [border: (1px inset #808080)] [r=0 c=1 rs=1 cs=1]
              LayoutText {#text} at (2,2) size 22x18
                text run at (2,2) width 22: "foo"
