layer at (0,0) size 800x600 scrollHeight 756
  LayoutView at (0,0) size 800x600
layer at (0,0) size 800x756 backgroundClip at (0,0) size 800x600 clip at (0,0) size 800x600
  LayoutBlockFlow {HTML} at (0,0) size 800x756
    LayoutBlockFlow {BODY} at (8,8) size 784x740
      LayoutBlockFlow (anonymous) at (0,0) size 784x18
        LayoutText {#text} at (0,0) size 161x18
          text run at (0,0) width 161: "Table auto, no cells fixed"
      LayoutTable {TABLE} at (0,18) size 347x28 [border: (1px outset #808080)]
        LayoutTableSection {TBODY} at (1,1) size 345x26
          LayoutTableRow {TR} at (0,2) size 345x22
            LayoutTableCell {TD} at (2,2) size 242x22 [border: (1px inset #808080)] [r=0 c=0 rs=1 cs=1]
              LayoutText {#text} at (2,2) size 238x18
                text run at (2,2) width 238: "fooooooooooooooooooooooooooooo"
            LayoutTableCell {TD} at (246,2) size 68x22 [border: (1px inset #808080)] [r=0 c=1 rs=1 cs=1]
              LayoutText {#text} at (2,2) size 64x18
                text run at (2,2) width 64: "barrrrrrrrr"
            LayoutTableCell {TD} at (316,2) size 27x22 [border: (1px inset #808080)] [r=0 c=2 rs=1 cs=1]
              LayoutText {#text} at (2,2) size 23x18
                text run at (2,2) width 23: "zap"
      LayoutBlockFlow (anonymous) at (0,46) size 784x36
        LayoutBR {BR} at (0,0) size 0x18
        LayoutText {#text} at (0,18) size 165x18
          text run at (0,18) width 165: "Table fixed, no cells fixed"
      LayoutTable {TABLE} at (0,82) size 500x28 [border: (1px outset #808080)]
        LayoutTableSection {TBODY} at (1,1) size 498x26
          LayoutTableRow {TR} at (0,2) size 498x22
            LayoutTableCell {TD} at (2,2) size 351x22 [border: (1px inset #808080)] [r=0 c=0 rs=1 cs=1]
              LayoutText {#text} at (2,2) size 238x18
                text run at (2,2) width 238: "fooooooooooooooooooooooooooooo"
            LayoutTableCell {TD} at (355,2) size 99x22 [border: (1px inset #808080)] [r=0 c=1 rs=1 cs=1]
              LayoutText {#text} at (2,2) size 64x18
                text run at (2,2) width 64: "barrrrrrrrr"
            LayoutTableCell {TD} at (456,2) size 40x22 [border: (1px inset #808080)] [r=0 c=2 rs=1 cs=1]
              LayoutText {#text} at (2,2) size 23x18
                text run at (2,2) width 23: "zap"
      LayoutBlockFlow (anonymous) at (0,110) size 784x36
        LayoutBR {BR} at (0,0) size 0x18
        LayoutText {#text} at (0,18) size 165x18
          text run at (0,18) width 165: "Table fixed, no cells fixed"
      LayoutTable {TABLE} at (0,146) size 200x64 [border: (1px outset #808080)]
        LayoutTableSection {TBODY} at (1,1) size 198x62
          LayoutTableRow {TR} at (0,2) size 198x58
            LayoutTableCell {TD} at (2,2) size 125x58 [border: (1px inset #808080)] [r=0 c=0 rs=1 cs=1]
              LayoutText {#text} at (2,2) size 116x54
                text run at (2,2) width 114: "fo oo oo oo oo oo"
                text run at (2,20) width 116: "oo oo oo oo oo oo"
                text run at (2,38) width 56: "oo oo oo"
            LayoutTableCell {TD} at (129,2) size 38x58 [border: (1px inset #808080)] [r=0 c=1 rs=1 cs=1]
              LayoutText {#text} at (2,2) size 26x54
                text run at (2,2) width 26: "barr"
                text run at (2,20) width 22: "rrrr"
                text run at (2,38) width 22: "rrrr"
            LayoutTableCell {TD} at (169,20) size 27x22 [border: (1px inset #808080)] [r=0 c=2 rs=1 cs=1]
              LayoutText {#text} at (2,2) size 23x18
                text run at (2,2) width 23: "zap"
      LayoutBlockFlow (anonymous) at (0,210) size 784x36
        LayoutBR {BR} at (0,0) size 0x18
        LayoutText {#text} at (0,18) size 157x18
          text run at (0,18) width 157: "Table auto, 1st cell fixed"
      LayoutTable {TABLE} at (0,246) size 137x28 [border: (1px outset #808080)]
        LayoutTableSection {TBODY} at (1,1) size 135x26
          LayoutTableRow {TR} at (0,2) size 135x22
            LayoutTableCell {TD} at (2,2) size 104x22 [border: (1px inset #808080)] [r=0 c=0 rs=1 cs=1]
              LayoutText {#text} at (2,2) size 46x18
                text run at (2,2) width 46: "fooooo"
            LayoutTableCell {TD} at (108,2) size 25x22 [border: (1px inset #808080)] [r=0 c=1 rs=1 cs=1]
              LayoutText {#text} at (2,2) size 21x18
                text run at (2,2) width 21: "bar"
      LayoutBlockFlow (anonymous) at (0,274) size 784x36
        LayoutBR {BR} at (0,0) size 0x18
        LayoutText {#text} at (0,18) size 162x18
          text run at (0,18) width 162: "Table fixed, 1st cell fixed"
      LayoutTable {TABLE} at (0,310) size 500x28 [border: (1px outset #808080)]
        LayoutTableSection {TBODY} at (1,1) size 498x26
          LayoutTableRow {TR} at (0,2) size 498x22
            LayoutTableCell {TD} at (2,2) size 104x22 [border: (1px inset #808080)] [r=0 c=0 rs=1 cs=1]
              LayoutText {#text} at (2,2) size 46x18
                text run at (2,2) width 46: "fooooo"
            LayoutTableCell {TD} at (108,2) size 388x22 [border: (1px inset #808080)] [r=0 c=1 rs=1 cs=1]
              LayoutText {#text} at (2,2) size 21x18
                text run at (2,2) width 21: "bar"
      LayoutBlockFlow (anonymous) at (0,338) size 784x36
        LayoutBR {BR} at (0,0) size 0x18
        LayoutText {#text} at (0,18) size 220x18
          text run at (0,18) width 220: "Table auto, 1st cell fixed too small"
      LayoutTable {TABLE} at (0,374) size 275x28 [border: (1px outset #808080)]
        LayoutTableSection {TBODY} at (1,1) size 273x26
          LayoutTableRow {TR} at (0,2) size 273x22
            LayoutTableCell {TD} at (2,2) size 242x22 [border: (1px inset #808080)] [r=0 c=0 rs=1 cs=1]
              LayoutText {#text} at (2,2) size 238x18
                text run at (2,2) width 238: "fooooooooooooooooooooooooooooo"
            LayoutTableCell {TD} at (246,2) size 25x22 [border: (1px inset #808080)] [r=0 c=1 rs=1 cs=1]
              LayoutText {#text} at (2,2) size 21x18
                text run at (2,2) width 21: "bar"
      LayoutBlockFlow (anonymous) at (0,402) size 784x36
        LayoutBR {BR} at (0,0) size 0x18
        LayoutText {#text} at (0,18) size 225x18
          text run at (0,18) width 225: "Table fixed, 1st cell fixed too small"
      LayoutTable {TABLE} at (0,438) size 500x28 [border: (1px outset #808080)]
        LayoutTableSection {TBODY} at (1,1) size 498x26
          LayoutTableRow {TR} at (0,2) size 498x22
            LayoutTableCell {TD} at (2,2) size 242x22 [border: (1px inset #808080)] [r=0 c=0 rs=1 cs=1]
              LayoutText {#text} at (2,2) size 238x18
                text run at (2,2) width 238: "fooooooooooooooooooooooooooooo"
            LayoutTableCell {TD} at (246,2) size 250x22 [border: (1px inset #808080)] [r=0 c=1 rs=1 cs=1]
              LayoutText {#text} at (2,2) size 21x18
                text run at (2,2) width 21: "bar"
      LayoutBlockFlow (anonymous) at (0,466) size 784x36
        LayoutBR {BR} at (0,0) size 0x18
        LayoutText {#text} at (0,18) size 173x18
          text run at (0,18) width 173: "Table auto, both cells fixed"
      LayoutTable {TABLE} at (0,502) size 216x28 [border: (1px outset #808080)]
        LayoutTableSection {TBODY} at (1,1) size 214x26
          LayoutTableRow {TR} at (0,2) size 214x22
            LayoutTableCell {TD} at (2,2) size 104x22 [border: (1px inset #808080)] [r=0 c=0 rs=1 cs=1]
              LayoutText {#text} at (2,2) size 38x18
                text run at (2,2) width 38: "foooo"
            LayoutTableCell {TD} at (108,2) size 104x22 [border: (1px inset #808080)] [r=0 c=1 rs=1 cs=1]
              LayoutText {#text} at (2,2) size 21x18
                text run at (2,2) width 21: "bar"
      LayoutBlockFlow (anonymous) at (0,530) size 784x36
        LayoutBR {BR} at (0,0) size 0x18
        LayoutText {#text} at (0,18) size 178x18
          text run at (0,18) width 178: "Table fixed, both cells fixed"
      LayoutTable {TABLE} at (0,566) size 500x28 [border: (1px outset #808080)]
        LayoutTableSection {TBODY} at (1,1) size 498x26
          LayoutTableRow {TR} at (0,2) size 498x22
            LayoutTableCell {TD} at (2,2) size 246x22 [border: (1px inset #808080)] [r=0 c=0 rs=1 cs=1]
              LayoutText {#text} at (2,2) size 38x18
                text run at (2,2) width 38: "foooo"
            LayoutTableCell {TD} at (250,2) size 246x22 [border: (1px inset #808080)] [r=0 c=1 rs=1 cs=1]
              LayoutText {#text} at (2,2) size 21x18
                text run at (2,2) width 21: "bar"
      LayoutBlockFlow (anonymous) at (0,594) size 784x36
        LayoutBR {BR} at (0,0) size 0x18
        LayoutText {#text} at (0,18) size 290x18
          text run at (0,18) width 290: "Table auto, both cells fixed, 1st one too small"
      LayoutTable {TABLE} at (0,630) size 354x28 [border: (1px outset #808080)]
        LayoutTableSection {TBODY} at (1,1) size 352x26
          LayoutTableRow {TR} at (0,2) size 352x22
            LayoutTableCell {TD} at (2,2) size 242x22 [border: (1px inset #808080)] [r=0 c=0 rs=1 cs=1]
              LayoutText {#text} at (2,2) size 238x18
                text run at (2,2) width 238: "fooooooooooooooooooooooooooooo"
            LayoutTableCell {TD} at (246,2) size 104x22 [border: (1px inset #808080)] [r=0 c=1 rs=1 cs=1]
              LayoutText {#text} at (2,2) size 21x18
                text run at (2,2) width 21: "bar"
      LayoutBlockFlow (anonymous) at (0,658) size 784x36
        LayoutBR {BR} at (0,0) size 0x18
        LayoutText {#text} at (0,18) size 330x18
          text run at (0,18) width 330: "Table fixed, both cells fixed, 1st cell fixed too small"
      LayoutTable {TABLE} at (0,694) size 500x28 [border: (1px outset #808080)]
        LayoutTableSection {TBODY} at (1,1) size 498x26
          LayoutTableRow {TR} at (0,2) size 498x22
            LayoutTableCell {TD} at (2,2) size 344x22 [border: (1px inset #808080)] [r=0 c=0 rs=1 cs=1]
              LayoutText {#text} at (2,2) size 238x18
                text run at (2,2) width 238: "fooooooooooooooooooooooooooooo"
            LayoutTableCell {TD} at (348,2) size 148x22 [border: (1px inset #808080)] [r=0 c=1 rs=1 cs=1]
              LayoutText {#text} at (2,2) size 21x18
                text run at (2,2) width 21: "bar"
      LayoutBlockFlow (anonymous) at (0,722) size 784x18
        LayoutBR {BR} at (0,0) size 0x18
