layer at (0,0) size 800x600
  LayoutView at (0,0) size 800x600
layer at (0,0) size 800x600
  LayoutBlockFlow {HTML} at (0,0) size 800x600
    LayoutBlockFlow {BODY} at (8,8) size 784x584
      LayoutBlockFlow (anonymous) at (0,0) size 784x18
        LayoutText {#text} at (0,0) size 175x18
          text run at (0,0) width 175: "table width includes border"
      LayoutBlockFlow {HR} at (0,26) size 202x2 [border: (1px inset #EEEEEE)]
      LayoutTable {TABLE} at (0,36) size 200x46 [border: (10px outset #808080)]
        LayoutTableSection {TBODY} at (10,10) size 180x26
          LayoutTableRow {TR} at (0,2) size 180x22
            LayoutTableCell {TD} at (2,2) size 176x22 [border: (1px inset #808080)] [r=0 c=0 rs=1 cs=1]
              LayoutText {#text} at (2,2) size 60x18
                text run at (2,2) width 60: "200 table"
      LayoutBlockFlow (anonymous) at (0,82) size 784x36
        LayoutBR {BR} at (0,0) size 0x18
        LayoutText {#text} at (0,18) size 220x18
          text run at (0,18) width 220: "nested table width includes border"
      LayoutTable {TABLE} at (0,118) size 204x50 [border: (1px outset #808080)]
        LayoutTableSection {TBODY} at (1,1) size 202x48
          LayoutTableRow {TR} at (0,0) size 202x48
            LayoutTableCell {TD} at (0,0) size 202x48 [border: (1px inset #808080)] [r=0 c=0 rs=1 cs=1]
              LayoutTable {TABLE} at (1,1) size 200x46 [border: (10px outset #808080)]
                LayoutTableSection {TBODY} at (10,10) size 180x26
                  LayoutTableRow {TR} at (0,2) size 180x22
                    LayoutTableCell {TD} at (2,2) size 176x22 [border: (1px inset #808080)] [r=0 c=0 rs=1 cs=1]
                      LayoutText {#text} at (2,2) size 104x18
                        text run at (2,2) width 104: "200 nested table"
      LayoutBlockFlow (anonymous) at (0,168) size 784x18
        LayoutText {#text} at (0,0) size 220x18
          text run at (0,0) width 220: "nested table width includes border"
      LayoutTable {TABLE} at (0,186) size 150x50 [border: (1px outset #808080)]
        LayoutTableSection {TBODY} at (1,1) size 148x48
          LayoutTableRow {TR} at (0,0) size 148x48
            LayoutTableCell {TD} at (0,0) size 148x48 [border: (1px inset #808080)] [r=0 c=0 rs=1 cs=1]
              LayoutTable {TABLE} at (1,1) size 146x46 [border: (10px outset #808080)]
                LayoutTableSection {TBODY} at (10,10) size 126x26
                  LayoutTableRow {TR} at (0,2) size 126x22
                    LayoutTableCell {TD} at (2,2) size 122x22 [border: (1px inset #808080)] [r=0 c=0 rs=1 cs=1]
                      LayoutText {#text} at (2,2) size 118x18
                        text run at (2,2) width 118: "100% nested table"
