layer at (0,0) size 800x600
  LayoutView at (0,0) size 800x600
layer at (0,0) size 800x600
  LayoutBlockFlow {HTML} at (0,0) size 800x600
    LayoutBlockFlow {BODY} at (8,8) size 784x584
      LayoutTable {TABLE} at (0,0) size 81x26
        LayoutTableSection {TBODY} at (0,0) size 81x26
          LayoutTableRow {TR} at (0,2) size 81x22
            LayoutTableCell {TD} at (2,2) size 42x22 [border: (1px inset #808080)] [r=0 c=0 rs=1 cs=1]
              LayoutText {#text} at (2,2) size 38x18
                text run at (2,2) width 38: "frame"
            LayoutTableCell {TD} at (46,2) size 33x22 [border: (1px inset #808080)] [r=0 c=1 rs=1 cs=1]
              LayoutText {#text} at (2,2) size 29x18
                text run at (2,2) width 29: "void"
      LayoutBlockFlow (anonymous) at (0,26) size 784x18
        LayoutBR {BR} at (0,0) size 0x18
      LayoutTable {TABLE} at (0,44) size 91x27 [border: (1px solid #808080) none]
        LayoutTableSection {TBODY} at (0,1) size 91x26
          LayoutTableRow {TR} at (0,2) size 91x22
            LayoutTableCell {TD} at (2,2) size 42x22 [border: (1px inset #808080)] [r=0 c=0 rs=1 cs=1]
              LayoutText {#text} at (2,2) size 38x18
                text run at (2,2) width 38: "frame"
            LayoutTableCell {TD} at (46,2) size 43x22 [border: (1px inset #808080)] [r=0 c=1 rs=1 cs=1]
              LayoutText {#text} at (2,2) size 39x18
                text run at (2,2) width 39: "above"
      LayoutBlockFlow (anonymous) at (0,71) size 784x18
        LayoutBR {BR} at (0,0) size 0x18
      LayoutTable {TABLE} at (0,89) size 92x27 [border: none (1px solid #808080) none]
        LayoutTableSection {TBODY} at (0,0) size 92x26
          LayoutTableRow {TR} at (0,2) size 92x22
            LayoutTableCell {TD} at (2,2) size 42x22 [border: (1px inset #808080)] [r=0 c=0 rs=1 cs=1]
              LayoutText {#text} at (2,2) size 38x18
                text run at (2,2) width 38: "frame"
            LayoutTableCell {TD} at (46,2) size 44x22 [border: (1px inset #808080)] [r=0 c=1 rs=1 cs=1]
              LayoutText {#text} at (2,2) size 40x18
                text run at (2,2) width 40: "below"
      LayoutBlockFlow (anonymous) at (0,116) size 784x18
        LayoutBR {BR} at (0,0) size 0x18
      LayoutTable {TABLE} at (0,134) size 92x28 [border: (1px solid #808080) none (1px solid #808080) none]
        LayoutTableSection {TBODY} at (0,1) size 92x26
          LayoutTableRow {TR} at (0,2) size 92x22
            LayoutTableCell {TD} at (2,2) size 42x22 [border: (1px inset #808080)] [r=0 c=0 rs=1 cs=1]
              LayoutText {#text} at (2,2) size 38x18
                text run at (2,2) width 38: "frame"
            LayoutTableCell {TD} at (46,2) size 44x22 [border: (1px inset #808080)] [r=0 c=1 rs=1 cs=1]
              LayoutText {#text} at (2,2) size 40x18
                text run at (2,2) width 40: "hsides"
      LayoutBlockFlow (anonymous) at (0,162) size 784x18
        LayoutBR {BR} at (0,0) size 0x18
      LayoutTable {TABLE} at (0,180) size 94x26 [border: none (1px solid #808080) none (1px solid #808080)]
        LayoutTableSection {TBODY} at (1,0) size 92x26
          LayoutTableRow {TR} at (0,2) size 92x22
            LayoutTableCell {TD} at (2,2) size 42x22 [border: (1px inset #808080)] [r=0 c=0 rs=1 cs=1]
              LayoutText {#text} at (2,2) size 38x18
                text run at (2,2) width 38: "frame"
            LayoutTableCell {TD} at (46,2) size 44x22 [border: (1px inset #808080)] [r=0 c=1 rs=1 cs=1]
              LayoutText {#text} at (2,2) size 40x18
                text run at (2,2) width 40: "vsides"
      LayoutBlockFlow (anonymous) at (0,206) size 784x18
        LayoutBR {BR} at (0,0) size 0x18
      LayoutTable {TABLE} at (0,224) size 73x26 [border: none (1px solid #808080) none]
        LayoutTableSection {TBODY} at (0,0) size 72x26
          LayoutTableRow {TR} at (0,2) size 72x22
            LayoutTableCell {TD} at (2,2) size 42x22 [border: (1px inset #808080)] [r=0 c=0 rs=1 cs=1]
              LayoutText {#text} at (2,2) size 38x18
                text run at (2,2) width 38: "frame"
            LayoutTableCell {TD} at (46,2) size 24x22 [border: (1px inset #808080)] [r=0 c=1 rs=1 cs=1]
              LayoutText {#text} at (2,2) size 20x18
                text run at (2,2) width 20: "rhs"
      LayoutBlockFlow (anonymous) at (0,250) size 784x18
        LayoutBR {BR} at (0,0) size 0x18
      LayoutTable {TABLE} at (0,268) size 72x26 [border: none (1px solid #808080)]
        LayoutTableSection {TBODY} at (1,0) size 71x26
          LayoutTableRow {TR} at (0,2) size 71x22
            LayoutTableCell {TD} at (2,2) size 42x22 [border: (1px inset #808080)] [r=0 c=0 rs=1 cs=1]
              LayoutText {#text} at (2,2) size 38x18
                text run at (2,2) width 38: "frame"
            LayoutTableCell {TD} at (46,2) size 23x22 [border: (1px inset #808080)] [r=0 c=1 rs=1 cs=1]
              LayoutText {#text} at (2,2) size 19x18
                text run at (2,2) width 19: "lhs"
      LayoutBlockFlow (anonymous) at (0,294) size 784x18
        LayoutBR {BR} at (0,0) size 0x18
      LayoutTable {TABLE} at (0,312) size 78x28 [border: (1px solid #808080)]
        LayoutTableSection {TBODY} at (1,1) size 76x26
          LayoutTableRow {TR} at (0,2) size 76x22
            LayoutTableCell {TD} at (2,2) size 42x22 [border: (1px inset #808080)] [r=0 c=0 rs=1 cs=1]
              LayoutText {#text} at (2,2) size 38x18
                text run at (2,2) width 38: "frame"
            LayoutTableCell {TD} at (46,2) size 28x22 [border: (1px inset #808080)] [r=0 c=1 rs=1 cs=1]
              LayoutText {#text} at (2,2) size 24x18
                text run at (2,2) width 24: "box"
      LayoutBlockFlow (anonymous) at (0,340) size 784x18
        LayoutBR {BR} at (0,0) size 0x18
      LayoutTable {TABLE} at (0,358) size 96x28 [border: (1px solid #808080)]
        LayoutTableSection {TBODY} at (1,1) size 94x26
          LayoutTableRow {TR} at (0,2) size 94x22
            LayoutTableCell {TD} at (2,2) size 42x22 [border: (1px inset #808080)] [r=0 c=0 rs=1 cs=1]
              LayoutText {#text} at (2,2) size 38x18
                text run at (2,2) width 38: "frame"
            LayoutTableCell {TD} at (46,2) size 46x22 [border: (1px inset #808080)] [r=0 c=1 rs=1 cs=1]
              LayoutText {#text} at (2,2) size 42x18
                text run at (2,2) width 42: "border"
      LayoutBlockFlow (anonymous) at (0,386) size 784x18
        LayoutBR {BR} at (0,0) size 0x18
