layer at (0,0) size 800x600
  LayoutView at (0,0) size 800x600
layer at (0,0) size 800x600
  LayoutBlockFlow {HTML} at (0,0) size 800x600
    LayoutBlockFlow {BODY} at (8,8) size 784x584
      LayoutTable {TABLE} at (0,0) size 70x42 [border: none]
        LayoutTableSection {TBODY} at (0,0) size 69x41
          LayoutTableRow {TR} at (0,0) size 69x21
            LayoutTableCell {TD} at (0,0) size 35x21 [border: (1px none #000000)] [r=0 c=0 rs=1 cs=1]
              LayoutText {#text} at (2,2) size 32x18
                text run at (2,2) width 32: "rules"
            LayoutTableCell {TD} at (35,0) size 34x21 [border: (1px none #000000)] [r=0 c=1 rs=1 cs=1]
              LayoutText {#text} at (1,2) size 32x18
                text run at (1,2) width 32: "none"
          LayoutTableRow {TR} at (0,21) size 69x20
            LayoutTableCell {TD} at (0,21) size 35x20 [border: none] [r=1 c=0 rs=1 cs=1]
              LayoutText {#text} at (2,1) size 32x18
                text run at (2,1) width 32: "rules"
            LayoutTableCell {TD} at (35,21) size 34x20 [r=1 c=1 rs=1 cs=1]
              LayoutText {#text} at (1,1) size 32x18
                text run at (1,1) width 32: "none"
      LayoutBlockFlow (anonymous) at (0,42) size 784x18
        LayoutBR {BR} at (0,0) size 0x18
      LayoutTable {TABLE} at (0,60) size 117x83 [border: none]
        LayoutTableSection {TBODY} at (0,0) size 116x41 [border: (1px solid #808080) none (1px solid #808080) none]
          LayoutTableRow {TR} at (0,0) size 116x21
            LayoutTableCell {TD} at (0,0) size 35x21 [border: (1px none #000000)] [r=0 c=0 rs=1 cs=1]
              LayoutText {#text} at (2,2) size 32x18
                text run at (2,2) width 32: "rules"
            LayoutTableCell {TD} at (35,0) size 81x21 [border: (1px none #000000)] [r=0 c=1 rs=1 cs=1]
              LayoutText {#text} at (1,2) size 79x18
                text run at (1,2) width 79: "row group 1"
          LayoutTableRow {TR} at (0,21) size 116x20
            LayoutTableCell {TD} at (0,21) size 35x20 [border: none] [r=1 c=0 rs=1 cs=1]
              LayoutText {#text} at (2,1) size 32x18
                text run at (2,1) width 32: "rules"
            LayoutTableCell {TD} at (35,21) size 81x20 [r=1 c=1 rs=1 cs=1]
              LayoutText {#text} at (1,1) size 79x18
                text run at (1,1) width 79: "row group 1"
        LayoutTableSection {TBODY} at (0,41) size 116x41 [border: (1px solid #808080) none (1px solid #808080) none]
          LayoutTableRow {TR} at (0,0) size 116x21
            LayoutTableCell {TD} at (0,0) size 35x21 [border: (1px none #000000)] [r=0 c=0 rs=1 cs=1]
              LayoutText {#text} at (2,2) size 32x18
                text run at (2,2) width 32: "rules"
            LayoutTableCell {TD} at (35,0) size 81x21 [border: (1px none #000000)] [r=0 c=1 rs=1 cs=1]
              LayoutText {#text} at (1,2) size 79x18
                text run at (1,2) width 79: "row group 2"
          LayoutTableRow {TR} at (0,21) size 116x20
            LayoutTableCell {TD} at (0,21) size 35x20 [border: none] [r=1 c=0 rs=1 cs=1]
              LayoutText {#text} at (2,1) size 32x18
                text run at (2,1) width 32: "rules"
            LayoutTableCell {TD} at (35,21) size 81x20 [r=1 c=1 rs=1 cs=1]
              LayoutText {#text} at (1,1) size 79x18
                text run at (1,1) width 79: "row group 2"
      LayoutBlockFlow (anonymous) at (0,143) size 784x18
        LayoutBR {BR} at (0,0) size 0x18
      LayoutTable {TABLE} at (0,161) size 221x42 [border: none]
        LayoutTableCol {COLGROUP} at (0,0) size 0x0 [border: none (1px solid #000000) none (1px solid #000000)]
          LayoutTableCol {COL} at (0,0) size 0x0
          LayoutTableCol {COL} at (0,0) size 0x0
        LayoutTableCol {COLGROUP} at (0,0) size 0x0 [border: none (1px solid #000000) none (1px solid #000000)]
          LayoutTableCol {COL} at (0,0) size 0x0
          LayoutTableCol {COL} at (0,0) size 0x0
        LayoutTableSection {TBODY} at (0,0) size 220x41 [border: (1px solid #808080) none (1px solid #808080) none]
          LayoutTableRow {TR} at (0,0) size 220x21
            LayoutTableCell {TD} at (0,0) size 35x21 [border: (1px none #000000)] [r=0 c=0 rs=1 cs=1]
              LayoutText {#text} at (2,2) size 32x18
                text run at (2,2) width 32: "rules"
            LayoutTableCell {TD} at (35,0) size 75x21 [border: (1px none #000000)] [r=0 c=1 rs=1 cs=1]
              LayoutText {#text} at (1,2) size 73x18
                text run at (1,2) width 73: "col group 1"
            LayoutTableCell {TD} at (110,0) size 35x21 [border: (1px none #000000)] [r=0 c=2 rs=1 cs=1]
              LayoutText {#text} at (2,2) size 32x18
                text run at (2,2) width 32: "rules"
            LayoutTableCell {TD} at (145,0) size 75x21 [border: (1px none #000000)] [r=0 c=3 rs=1 cs=1]
              LayoutText {#text} at (1,2) size 73x18
                text run at (1,2) width 73: "col group 2"
          LayoutTableRow {TR} at (0,21) size 220x20
            LayoutTableCell {TD} at (0,21) size 35x20 [border: none] [r=1 c=0 rs=1 cs=1]
              LayoutText {#text} at (2,1) size 32x18
                text run at (2,1) width 32: "rules"
            LayoutTableCell {TD} at (35,21) size 75x20 [r=1 c=1 rs=1 cs=1]
              LayoutText {#text} at (1,1) size 73x18
                text run at (1,1) width 73: "col group 1"
            LayoutTableCell {TD} at (110,21) size 35x20 [border: none] [r=1 c=2 rs=1 cs=1]
              LayoutText {#text} at (2,1) size 32x18
                text run at (2,1) width 32: "rules"
            LayoutTableCell {TD} at (145,21) size 75x20 [r=1 c=3 rs=1 cs=1]
              LayoutText {#text} at (1,1) size 73x18
                text run at (1,1) width 73: "col group 2"
      LayoutBlockFlow (anonymous) at (0,203) size 784x18
        LayoutBR {BR} at (0,0) size 0x18
      LayoutTable {TABLE} at (0,221) size 70x43 [border: none]
        LayoutTableSection {TBODY} at (0,0) size 69x42
          LayoutTableRow {TR} at (0,0) size 69x21
            LayoutTableCell {TD} at (0,0) size 35x21 [border: (1px solid #808080) none none (1px none #808080)] [r=0 c=0 rs=1 cs=1]
              LayoutText {#text} at (2,2) size 32x18
                text run at (2,2) width 32: "rules"
            LayoutTableCell {TD} at (35,0) size 34x21 [border: (1px solid #808080) none none none] [r=0 c=1 rs=1 cs=1]
              LayoutText {#text} at (1,2) size 32x18
                text run at (1,2) width 32: "rows"
          LayoutTableRow {TR} at (0,21) size 69x21
            LayoutTableCell {TD} at (0,21) size 35x21 [border: (1px solid #808080) none none (1px none #808080)] [r=1 c=0 rs=1 cs=1]
              LayoutText {#text} at (2,2) size 32x18
                text run at (2,2) width 32: "rules"
            LayoutTableCell {TD} at (35,21) size 34x21 [border: (1px solid #808080) none none none] [r=1 c=1 rs=1 cs=1]
              LayoutText {#text} at (1,2) size 32x18
                text run at (1,2) width 32: "rows"
      LayoutBlockFlow (anonymous) at (0,264) size 784x18
        LayoutBR {BR} at (0,0) size 0x18
      LayoutTable {TABLE} at (0,282) size 65x42 [border: none]
        LayoutTableSection {TBODY} at (0,0) size 64x41
          LayoutTableRow {TR} at (0,0) size 64x21
            LayoutTableCell {TD} at (0,0) size 35x21 [border: (1px none #808080) none none (1px solid #808080)] [r=0 c=0 rs=1 cs=1]
              LayoutText {#text} at (2,2) size 32x18
                text run at (2,2) width 32: "rules"
            LayoutTableCell {TD} at (35,0) size 29x21 [border: (1px none #808080) none none (1px solid #808080)] [r=0 c=1 rs=1 cs=1]
              LayoutText {#text} at (2,2) size 26x18
                text run at (2,2) width 26: "cols"
          LayoutTableRow {TR} at (0,21) size 64x20
            LayoutTableCell {TD} at (0,21) size 35x20 [border: none none none (1px solid #808080)] [r=1 c=0 rs=1 cs=1]
              LayoutText {#text} at (2,1) size 32x18
                text run at (2,1) width 32: "rules"
            LayoutTableCell {TD} at (35,21) size 29x20 [border: none none none (1px solid #808080)] [r=1 c=1 rs=1 cs=1]
              LayoutText {#text} at (2,1) size 26x18
                text run at (2,1) width 26: "cols"
      LayoutBlockFlow (anonymous) at (0,324) size 784x18
        LayoutBR {BR} at (0,0) size 0x18
      LayoutTable {TABLE} at (0,342) size 55x43 [border: none]
        LayoutTableSection {TBODY} at (0,0) size 54x42
          LayoutTableRow {TR} at (0,0) size 54x21
            LayoutTableCell {TD} at (0,0) size 35x21 [border: (1px solid #808080)] [r=0 c=0 rs=1 cs=1]
              LayoutText {#text} at (2,2) size 32x18
                text run at (2,2) width 32: "rules"
            LayoutTableCell {TD} at (35,0) size 19x21 [border: (1px solid #808080)] [r=0 c=1 rs=1 cs=1]
              LayoutText {#text} at (2,2) size 16x18
                text run at (2,2) width 16: "all"
          LayoutTableRow {TR} at (0,21) size 54x21
            LayoutTableCell {TD} at (0,21) size 35x21 [border: (1px solid #808080)] [r=1 c=0 rs=1 cs=1]
              LayoutText {#text} at (2,2) size 32x18
                text run at (2,2) width 32: "rules"
            LayoutTableCell {TD} at (35,21) size 19x21 [border: (1px solid #808080)] [r=1 c=1 rs=1 cs=1]
              LayoutText {#text} at (2,2) size 16x18
                text run at (2,2) width 16: "all"
      LayoutBlockFlow (anonymous) at (0,385) size 784x18
        LayoutBR {BR} at (0,0) size 0x18
