layer at (0,0) size 800x600
  LayoutView at (0,0) size 800x600
layer at (0,0) size 800x600
  LayoutBlockFlow {HTML} at (0,0) size 800x600
    LayoutBlockFlow {BODY} at (8,8) size 784x576
      LayoutBlockFlow {P} at (0,0) size 784x18
        LayoutText {#text} at (0,0) size 256x18
          text run at (0,0) width 256: "You should see one green square below."
layer at (20,40) size 100x100
  LayoutBlockFlow (positioned) {DIV} at (20,40) size 100x100 [bgcolor=#FF0000]
hidden layer at (20,40) size 100x100
  LayoutBlockFlow (positioned) {DIV} at (20,40) size 100x100
layer at (20,40) size 100x100
  LayoutBlockFlow (relative positioned) {DIV} at (0,0) size 100x100 [bgcolor=#008000]
