layer at (0,0) size 800x600
  LayoutView at (0,0) size 800x600
layer at (0,0) size 800x294
  LayoutBlockFlow {HTML} at (0,0) size 800x294
    LayoutBlockFlow {BODY} at (8,8) size 784x270
      LayoutBlockFlow {P} at (0,218) size 784x18
        LayoutInline {A} at (0,0) size 310x18 [color=#0000EE]
          LayoutText {#text} at (0,0) size 310x18
            text run at (0,0) width 310: "https://bugs.webkit.org/show_bug.cgi?id=26430"
      LayoutBlockFlow {P} at (0,252) size 784x18
        LayoutText {#text} at (0,0) size 272x18
          text run at (0,0) width 272: "Green box should not move when hovered"
layer at (8,8) size 202x202
  LayoutBlockFlow (relative positioned) {DIV} at (0,0) size 202x202 [border: (1px solid #000000)]
layer at (59,59) size 60x60
  LayoutBlockFlow (positioned) {DIV} at (51,51) size 60x60 [bgcolor=#008000]
layer at (-41,-41) size 100x100 backgroundClip at (0,0) size 800x600 clip at (0,0) size 800x600 transparent
  LayoutBlockFlow (positioned) {DIV} at (-49,-49) size 100x100 [bgcolor=#808080]
