layer at (0,0) size 800x600 scrollWidth 2003 scrollHeight 10001
  LayoutView at (0,0) size 800x600
layer at (0,0) size 800x8
  LayoutBlockFlow {HTML} at (0,0) size 800x8
    LayoutBlockFlow {BODY} at (8,8) size 784x0
layer at (3,1) size 2000x10000 backgroundClip at (0,0) size 800x600 clip at (0,0) size 800x600
  LayoutBlockFlow (positioned) {DIV} at (3,1) size 2000x10000
    LayoutText {#text} at (0,0) size 557x18
      text run at (0,0) width 557: "This is some text inside a very large composited layer to test that it is rendered sharply."
    LayoutBR {BR} at (556,0) size 1x18
    LayoutText {#text} at (0,18) size 219x18
      text run at (0,18) width 219: "The test passes if this text is crisp."
