layer at (0,0) size 800x600
  LayoutView at (0,0) size 800x600
layer at (0,0) size 800x600
  LayoutBlockFlow {HTML} at (0,0) size 800x600
    LayoutBlockFlow {BODY} at (8,8) size 784x584
      LayoutTable {TABLE} at (0,0) size 784x52
        LayoutTableSection {TBODY} at (0,0) size 784x52
          LayoutTableRow {TR} at (0,2) size 784x24
            LayoutTableCell {TD} at (2,3) size 50x22 [r=0 c=0 rs=1 cs=1]
              LayoutText {#text} at (1,1) size 37x19
                text run at (1,1) width 37: "URL:"
            LayoutTableCell {TD} at (54,2) size 728x24 [r=0 c=1 rs=1 cs=1]
              LayoutTextControl {INPUT} at (1,1) size 726x22 [bgcolor=#FFFFFF] [border: (2px inset #EEEEEE)]
          LayoutTableRow {TR} at (0,28) size 784x22
            LayoutTableCell {TD} at (2,28) size 780x22 [bgcolor=#FF0000] [r=1 c=0 rs=1 cs=2]
              LayoutText {#text} at (1,1) size 253x19
                text run at (1,1) width 253: "Alongwordtogiveyouanicebigminwidth."
      LayoutTable {TABLE} at (0,52) size 100x100 [bgcolor=#FF0000] [border: (2px outset #808080)]
        LayoutTableSection {TBODY} at (2,2) size 96x96
          LayoutTableRow {TR} at (0,2) size 96x92
            LayoutTableCell {TD} at (2,46) size 92x4 [border: (1px inset #808080)] [r=0 c=0 rs=1 cs=1]
      LayoutTable {TABLE} at (0,152) size 191x126 [border: (2px outset #808080)]
        LayoutTableSection {TBODY} at (2,2) size 187x122
          LayoutTableRow {TR} at (0,2) size 187x24
            LayoutTableCell {TD} at (2,2) size 183x24 [border: (1px inset #808080)] [r=0 c=0 rs=1 cs=1]
              LayoutText {#text} at (2,2) size 31x19
                text run at (2,2) width 31: "hello"
          LayoutTableRow {TR} at (0,28) size 187x24
            LayoutTableCell {TD} at (2,28) size 183x24 [border: (1px inset #808080)] [r=1 c=0 rs=1 cs=1]
              LayoutText {#text} at (2,2) size 67x19
                text run at (2,2) width 67: "more hello"
          LayoutTableRow {TR} at (0,54) size 187x24
            LayoutTableCell {TD} at (2,54) size 183x24 [border: (1px inset #808080)] [r=2 c=0 rs=1 cs=1]
              LayoutText {#text} at (2,2) size 37x19
                text run at (2,2) width 37: "world"
          LayoutTableRow {TR} at (0,80) size 187x40
            LayoutTableCell {TD} at (2,80) size 183x40 [border: (1px inset #808080)] [r=3 c=0 rs=1 cs=1]
              LayoutText {#text} at (0,0) size 0x0
      LayoutTable {TABLE} at (0,278) size 106x86
        LayoutTableSection {TBODY} at (0,0) size 106x86
          LayoutTableRow {TR} at (0,2) size 106x82
            LayoutTableCell {TD} at (2,2) size 102x82 [r=0 c=0 rs=1 cs=1]
              LayoutText {#text} at (1,1) size 100x79
                text run at (1,1) width 87: "I should wrap"
                text run at (1,21) width 81: "and not have"
                text run at (1,41) width 56: "nowrap. "
                text run at (57,41) width 44: "I really"
                text run at (1,61) width 46: "should."
      LayoutTable {TABLE} at (0,364) size 106x86
        LayoutTableSection {TBODY} at (0,0) size 106x86
          LayoutTableRow {TR} at (0,2) size 106x82
            LayoutTableCell {TD} at (2,2) size 102x82 [r=0 c=0 rs=1 cs=1]
              LayoutBlockFlow {DIV} at (1,1) size 100x80
                LayoutText {#text} at (0,0) size 100x79
                  text run at (0,0) width 87: "I should wrap"
                  text run at (0,20) width 81: "and not have"
                  text run at (0,40) width 56: "nowrap. "
                  text run at (56,40) width 44: "I really"
                  text run at (0,60) width 46: "should."
      LayoutTable {TABLE} at (0,450) size 368x26
        LayoutTableSection {TBODY} at (0,0) size 368x26
          LayoutTableRow {TR} at (0,2) size 368x22
            LayoutTableCell {TD} at (2,2) size 364x22 [r=0 c=0 rs=1 cs=1]
              LayoutText {#text} at (1,1) size 362x19
                text run at (1,1) width 145: "I should have nowrap. "
                text run at (146,1) width 98: "I really should. "
                text run at (244,1) width 119: "Definitely. Should."
      LayoutTable {TABLE} at (0,476) size 368x26
        LayoutTableSection {TBODY} at (0,0) size 368x26
          LayoutTableRow {TR} at (0,2) size 368x22
            LayoutTableCell {TD} at (2,2) size 364x22 [r=0 c=0 rs=1 cs=1]
              LayoutBlockFlow {DIV} at (1,1) size 362x20
                LayoutText {#text} at (0,0) size 362x19
                  text run at (0,0) width 145: "I should have nowrap. "
                  text run at (145,0) width 98: "I really should. "
                  text run at (243,0) width 119: "Definitely. Should."
layer at (65,14) size 722x16
  LayoutBlockFlow {DIV} at (2,3) size 722x16
layer at (14,244) size 179x36 clip at (15,245) size 177x34
  LayoutTextControl {TEXTAREA} at (2,2) size 179x36 [bgcolor=#FFFFFF] [border: (1px solid #A9A9A9)]
    LayoutBlockFlow {DIV} at (3,3) size 175x16
