layer at (0,0) size 800x600
  LayoutView at (0,0) size 800x600
layer at (0,0) size 800x600
  LayoutBlockFlow {HTML} at (0,0) size 800x600
    LayoutBlockFlow {BODY} at (8,8) size 784x584
      LayoutTable {TABLE} at (0,0) size 308x230 [border: (2px outset #808080)]
        LayoutTableSection {TBODY} at (2,2) size 304x226
          LayoutTableRow {TR} at (0,2) size 304x222
            LayoutTableCell {TD} at (2,2) size 237x222 [border: (1px inset #808080)] [r=0 c=0 rs=1 cs=1]
              LayoutText {#text} at (101,101) size 35x19
                text run at (101,101) width 35: "Hello"
            LayoutTableCell {TD} at (241,102) size 61x22 [border: (1px inset #808080)] [r=0 c=1 rs=1 cs=1]
              LayoutText {#text} at (1,1) size 59x19
                text run at (1,1) width 59: "Goodbye"
      LayoutBlockFlow {DIV} at (0,230) size 784x0
