layer at (0,0) size 800x600
  LayoutView at (0,0) size 800x600
layer at (0,0) size 800x600
  LayoutBlockFlow {HTML} at (0,0) size 800x600
    LayoutBlockFlow {BODY} at (8,8) size 784x584
      LayoutTable {TABLE} at (0,0) size 784x120 [bgcolor=#808000]
        LayoutTableSection {TBODY} at (0,0) size 784x120
          LayoutTableRow {TR} at (0,0) size 784x120
            LayoutTableCell {TD} at (0,0) size 72x120 [r=0 c=0 rs=1 cs=1]
              LayoutText {#text} at (0,0) size 72x119
                text run at (0,0) width 53: "Dorothy"
                text run at (0,20) width 72: "Rothschild:"
                text run at (0,40) width 37: "Love,"
                text run at (0,60) width 57: "curiosity,"
                text run at (0,80) width 49: "freckles"
                text run at (0,100) width 23: "and"
            LayoutTableCell {TD} at (72,0) size 712x20 [bgcolor=#008000] [r=0 c=1 rs=1 cs=1]
              LayoutText {#text} at (0,0) size 196x19
                text run at (0,0) width 196: "Animal Friends Rescue Project"
