layer at (0,0) size 800x600
  LayoutView at (0,0) size 800x600
layer at (0,0) size 800x600
  LayoutBlockFlow {HTML} at (0,0) size 800x600
    LayoutBlockFlow {BODY} at (8,8) size 784x584
      LayoutTable {TABLE} at (0,0) size 744x56 [border: (1px outset #808080)]
        LayoutTableSection {TBODY} at (1,1) size 742x54
          LayoutTableRow {TR} at (0,2) size 742x50
            LayoutTableCell {TD} at (2,2) size 237x50 [border: (1px inset #808080)] [r=0 c=0 rs=1 cs=1]
              LayoutTable {TABLE} at (2,2) size 233x46
                LayoutTableSection {TBODY} at (0,0) size 233x46
                  LayoutTableRow {TR} at (0,2) size 233x42
                    LayoutTableCell {TD} at (2,2) size 229x42 [r=0 c=0 rs=1 cs=1]
                      LayoutText {#text} at (1,1) size 223x39
                        text run at (1,1) width 223: "This is the first column. It has some"
                        text run at (1,21) width 55: "text in it."
            LayoutTableCell {TD} at (241,2) size 499x50 [border: (1px inset #808080)] [r=0 c=1 rs=1 cs=1]
              LayoutTable {TABLE} at (2,2) size 495x46
                LayoutTableSection {TBODY} at (0,0) size 495x46
                  LayoutTableRow {TR} at (0,2) size 495x42
                    LayoutTableCell {TD} at (2,2) size 491x42 [r=0 c=0 rs=1 cs=1]
                      LayoutText {#text} at (1,1) size 460x39
                        text run at (1,1) width 172: "This is the second column. "
                        text run at (173,1) width 288: "It has a lot more content than the first column."
                        text run at (1,21) width 137: "That shouldn't matter."
