layer at (0,0) size 800x600
  LayoutView at (0,0) size 800x600
layer at (0,0) size 800x600
  LayoutBlockFlow {HTML} at (0,0) size 800x600
    LayoutBlockFlow {BODY} at (8,8) size 784x584
      LayoutTable {TABLE} at (0,0) size 153x46
        LayoutTableSection {TBODY} at (0,0) size 153x46
          LayoutTableRow {TR} at (0,2) size 153x42
            LayoutTableCell {TD} at (2,2) size 49x42 [r=0 c=0 rs=1 cs=1]
              LayoutText {#text} at (1,1) size 47x39
                text run at (1,1) width 29: "first-"
                text run at (1,21) width 47: "column"
            LayoutTableCell {TD} at (53,12) size 98x22 [bgcolor=#BBBBBB] [r=0 c=1 rs=1 cs=1]
              LayoutText {#text} at (1,1) size 96x19
                text run at (1,1) width 96: "second-column"
