layer at (0,0) size 800x600 clip at (0,0) size 785x600 scrollHeight 808
  LayoutView at (0,0) size 800x600
layer at (0,0) size 785x808 backgroundClip at (0,0) size 785x600 clip at (0,0) size 785x600
  LayoutBlockFlow {HTML} at (0,0) size 785x808
    LayoutBlockFlow {BODY} at (8,8) size 769x784
      LayoutTable {TABLE} at (0,0) size 769x88
        LayoutTableSection {TBODY} at (0,0) size 769x88
          LayoutTableRow {TR} at (0,2) size 769x84
            LayoutTableCell {TD} at (2,32) size 689x24 [border: (1px solid #008000)] [r=0 c=0 rs=1 cs=1]
              LayoutText {#text} at (2,2) size 8x19
                text run at (2,2) width 8: "1"
            LayoutTableCell {TD} at (693,2) size 60x84 [border: (1px solid #008000)] [r=0 c=1 rs=1 cs=1]
              LayoutText {#text} at (2,2) size 56x79
                text run at (2,2) width 53: "See, this"
                text run at (2,22) width 33: "is the"
                text run at (2,42) width 56: "problem."
                text run at (2,62) width 49: "It will..."
            LayoutTableCell {TD} at (755,32) size 12x24 [border: (1px solid #008000)] [r=0 c=2 rs=1 cs=1]
              LayoutText {#text} at (2,2) size 8x19
                text run at (2,2) width 8: "3"
      LayoutBlockFlow {P} at (0,104) size 769x0
      LayoutTable {TABLE} at (0,104) size 769x216
        LayoutTableSection {TBODY} at (0,0) size 769x216
          LayoutTableRow {TR} at (0,2) size 769x212
            LayoutTableCell {TD} at (2,2) size 765x212 [border: (1px solid #008000)] [r=0 c=0 rs=1 cs=1]
              LayoutTable {TABLE} at (2,2) size 761x208
                LayoutTableSection {TBODY} at (0,0) size 761x208
                  LayoutTableRow {TR} at (0,2) size 761x204
                    LayoutTableCell {TD} at (2,92) size 681x24 [border: (1px solid #008000)] [r=0 c=0 rs=1 cs=1]
                      LayoutText {#text} at (2,2) size 8x19
                        text run at (2,2) width 8: "1"
                    LayoutTableCell {TD} at (685,2) size 60x204 [border: (1px solid #008000)] [r=0 c=1 rs=1 cs=1]
                      LayoutText {#text} at (2,2) size 56x199
                        text run at (2,2) width 53: "See, this"
                        text run at (2,22) width 33: "is the"
                        text run at (2,42) width 56: "problem."
                        text run at (2,62) width 40: "S See,"
                        text run at (2,82) width 36: "this is"
                        text run at (2,102) width 19: "the"
                        text run at (2,122) width 56: "problem."
                        text run at (2,142) width 53: "See, this"
                        text run at (2,162) width 33: "is the"
                        text run at (2,182) width 56: "problem."
                    LayoutTableCell {TD} at (747,92) size 12x24 [border: (1px solid #008000)] [r=0 c=2 rs=1 cs=1]
                      LayoutText {#text} at (2,2) size 8x19
                        text run at (2,2) width 8: "3"
      LayoutBlockFlow {P} at (0,336) size 769x0
      LayoutTable {TABLE} at (0,336) size 515x216
        LayoutTableSection {TBODY} at (0,0) size 515x216
          LayoutTableRow {TR} at (0,2) size 515x212
            LayoutTableCell {TD} at (2,2) size 511x212 [border: (1px solid #008000)] [r=0 c=0 rs=1 cs=1]
              LayoutTable {TABLE} at (2,2) size 507x208
                LayoutTableSection {TBODY} at (0,0) size 507x208
                  LayoutTableRow {TR} at (0,2) size 507x204
                    LayoutTableCell {TD} at (2,92) size 427x24 [border: (1px solid #008000)] [r=0 c=0 rs=1 cs=1]
                      LayoutText {#text} at (2,2) size 8x19
                        text run at (2,2) width 8: "1"
                    LayoutTableCell {TD} at (431,2) size 60x204 [border: (1px solid #008000)] [r=0 c=1 rs=1 cs=1]
                      LayoutText {#text} at (2,2) size 56x199
                        text run at (2,2) width 53: "See, this"
                        text run at (2,22) width 33: "is the"
                        text run at (2,42) width 56: "problem."
                        text run at (2,62) width 40: "S See,"
                        text run at (2,82) width 36: "this is"
                        text run at (2,102) width 19: "the"
                        text run at (2,122) width 56: "problem."
                        text run at (2,142) width 53: "See, this"
                        text run at (2,162) width 33: "is the"
                        text run at (2,182) width 56: "problem."
                    LayoutTableCell {TD} at (493,92) size 12x24 [border: (1px solid #008000)] [r=0 c=2 rs=1 cs=1]
                      LayoutText {#text} at (2,2) size 8x19
                        text run at (2,2) width 8: "3"
      LayoutBlockFlow {P} at (0,568) size 769x0
      LayoutTable {TABLE} at (0,568) size 515x216
        LayoutTableSection {TBODY} at (0,0) size 515x216
          LayoutTableRow {TR} at (0,2) size 515x212
            LayoutTableCell {TD} at (2,2) size 511x212 [border: (1px solid #008000)] [r=0 c=0 rs=1 cs=1]
              LayoutBlockFlow {DIV} at (2,2) size 507x208
                LayoutTable {TABLE} at (0,0) size 507x208
                  LayoutTableSection {TBODY} at (0,0) size 507x208
                    LayoutTableRow {TR} at (0,2) size 507x204
                      LayoutTableCell {TD} at (2,92) size 427x24 [border: (1px solid #008000)] [r=0 c=0 rs=1 cs=1]
                        LayoutText {#text} at (2,2) size 8x19
                          text run at (2,2) width 8: "1"
                      LayoutTableCell {TD} at (431,2) size 60x204 [border: (1px solid #008000)] [r=0 c=1 rs=1 cs=1]
                        LayoutText {#text} at (2,2) size 56x199
                          text run at (2,2) width 53: "See, this"
                          text run at (2,22) width 33: "is the"
                          text run at (2,42) width 56: "problem."
                          text run at (2,62) width 40: "S See,"
                          text run at (2,82) width 36: "this is"
                          text run at (2,102) width 19: "the"
                          text run at (2,122) width 56: "problem."
                          text run at (2,142) width 53: "See, this"
                          text run at (2,162) width 33: "is the"
                          text run at (2,182) width 56: "problem."
                      LayoutTableCell {TD} at (493,92) size 12x24 [border: (1px solid #008000)] [r=0 c=2 rs=1 cs=1]
                        LayoutText {#text} at (2,2) size 8x19
                          text run at (2,2) width 8: "3"
      LayoutBlockFlow {P} at (0,800) size 769x0
