layer at (0,0) size 800x600
  LayoutView at (0,0) size 800x600
layer at (0,0) size 800x600
  LayoutBlockFlow {HTML} at (0,0) size 800x600
    LayoutBlockFlow {BODY} at (8,8) size 784x584
      LayoutTable {TABLE} at (0,0) size 784x44
        LayoutTableSection {TBODY} at (0,0) size 784x44
          LayoutTableRow {TR} at (0,0) size 784x44
            LayoutTableCell {TD} at (0,8) size 208x28 [bgcolor=#FFA500] [border: (1px solid #000000)] [r=0 c=0 rs=1 cs=1]
              LayoutText {#text} at (4,4) size 8x19
                text run at (4,4) width 8: "d"
            LayoutTableCell {TD} at (208,0) size 340x44 [bgcolor=#FFA500] [border: (1px solid #000000)] [r=0 c=1 rs=1 cs=1]
              LayoutTable {TABLE} at (4,4) size 332x36
                LayoutTableSection {TBODY} at (0,0) size 332x36
                  LayoutTableRow {TR} at (0,2) size 332x32
                    LayoutTableCell {TD} at (2,2) size 328x32 [bgcolor=#FFA500] [border: (1px solid #000000)] [r=0 c=0 rs=1 cs=1]
                      LayoutTable {TABLE} at (2,2) size 324x28
                        LayoutTableSection {TBODY} at (0,0) size 324x28
                          LayoutTableRow {TR} at (0,2) size 324x24
                            LayoutTableCell {TD} at (2,12) size 40x4 [bgcolor=#FFA500] [border: (1px solid #000000)] [r=0 c=0 rs=1 cs=1]
                            LayoutTableCell {TD} at (44,2) size 235x24 [bgcolor=#FFA500] [border: (1px solid #000000)] [r=0 c=1 rs=1 cs=2]
                              LayoutImage {IMG} at (2,2) size 21x15 [bgcolor=#800080]
                              LayoutText {#text} at (23,2) size 4x19
                                text run at (23,2) width 4: " "
                              LayoutInline {B} at (0,0) size 89x19
                                LayoutText {#text} at (27,2) size 89x19
                                  text run at (27,2) width 89: "Yellow Pages"
                              LayoutText {#text} at (115,2) size 5x19
                                text run at (115,2) width 5: " "
                              LayoutImage {IMG} at (119.22,2) size 21x15 [bgcolor=#800080]
                              LayoutText {#text} at (140,2) size 5x19
                                text run at (140,2) width 5: " "
                              LayoutInline {B} at (0,0) size 85x19
                                LayoutText {#text} at (144,2) size 85x19
                                  text run at (144,2) width 85: "White Pages"
                              LayoutText {#text} at (228,2) size 5x19
                                text run at (228,2) width 5: " "
                            LayoutTableCell {TD} at (281,12) size 41x4 [bgcolor=#FFA500] [border: (1px solid #000000)] [r=0 c=3 rs=1 cs=1]
            LayoutTableCell {TD} at (548,1) size 236x42 [bgcolor=#FFA500] [border: (1px solid #000000)] [r=0 c=2 rs=1 cs=1]
              LayoutTable {TABLE} at (4,4) size 228x34
                LayoutTableSection {TBODY} at (0,0) size 228x34
                  LayoutTableRow {TR} at (0,2) size 228x30
                    LayoutTableCell {TD} at (2,2) size 224x30 [bgcolor=#FFA500] [border: (1px solid #000000)] [r=0 c=0 rs=1 cs=1]
                      LayoutTable {TABLE} at (2,2) size 220x26
                        LayoutTableSection {TBODY} at (0,0) size 220x26
                          LayoutTableRow {TR} at (0,2) size 220x22
                            LayoutTableCell {TD} at (2,2) size 216x22 [bgcolor=#FFA500] [border: (1px solid #000000)] [r=0 c=0 rs=1 cs=1]
                              LayoutImage {IMG} at (2,2) size 212x18 [bgcolor=#800080]
                              LayoutText {#text} at (0,0) size 0x0
      LayoutBlockFlow {P} at (0,60) size 784x0
      LayoutTable {TABLE} at (0,60) size 784x44
        LayoutTableSection {TBODY} at (0,0) size 784x44
          LayoutTableRow {TR} at (0,0) size 784x44
            LayoutTableCell {TD} at (0,8) size 219x28 [bgcolor=#FFA500] [border: (1px solid #000000)] [r=0 c=0 rs=1 cs=1]
              LayoutText {#text} at (4,4) size 8x19
                text run at (4,4) width 8: "d"
            LayoutTableCell {TD} at (219,0) size 329x44 [bgcolor=#FFA500] [border: (1px solid #000000)] [r=0 c=1 rs=1 cs=1]
              LayoutTable {TABLE} at (4,4) size 321x36
                LayoutTableSection {TBODY} at (0,0) size 321x36
                  LayoutTableRow {TR} at (0,2) size 321x32
                    LayoutTableCell {TD} at (2,2) size 317x32 [bgcolor=#FFA500] [border: (1px solid #000000)] [r=0 c=0 rs=1 cs=1]
                      LayoutTable {TABLE} at (2,2) size 313x28
                        LayoutTableSection {TBODY} at (0,0) size 313x28
                          LayoutTableRow {TR} at (0,2) size 313x24
                            LayoutTableCell {TD} at (2,12) size 35x4 [bgcolor=#FFA500] [border: (1px solid #000000)] [r=0 c=0 rs=1 cs=1]
                            LayoutTableCell {TD} at (39,2) size 235x24 [bgcolor=#FFA500] [border: (1px solid #000000)] [r=0 c=1 rs=1 cs=2]
                              LayoutImage {IMG} at (2,2) size 21x15 [bgcolor=#800080]
                              LayoutText {#text} at (23,2) size 4x19
                                text run at (23,2) width 4: " "
                              LayoutInline {B} at (0,0) size 89x19
                                LayoutText {#text} at (27,2) size 89x19
                                  text run at (27,2) width 89: "Yellow Pages"
                              LayoutText {#text} at (115,2) size 5x19
                                text run at (115,2) width 5: " "
                              LayoutImage {IMG} at (119.22,2) size 21x15 [bgcolor=#800080]
                              LayoutText {#text} at (140,2) size 5x19
                                text run at (140,2) width 5: " "
                              LayoutInline {B} at (0,0) size 85x19
                                LayoutText {#text} at (144,2) size 85x19
                                  text run at (144,2) width 85: "White Pages"
                              LayoutText {#text} at (228,2) size 5x19
                                text run at (228,2) width 5: " "
                            LayoutTableCell {TD} at (276,12) size 35x4 [bgcolor=#FFA500] [border: (1px solid #000000)] [r=0 c=3 rs=1 cs=1]
            LayoutTableCell {TD} at (548,1) size 236x42 [bgcolor=#FFA500] [border: (1px solid #000000)] [r=0 c=2 rs=1 cs=1]
              LayoutTable {TABLE} at (4,4) size 228x34
                LayoutTableSection {TBODY} at (0,0) size 228x34
                  LayoutTableRow {TR} at (0,2) size 228x30
                    LayoutTableCell {TD} at (2,2) size 224x30 [bgcolor=#FFA500] [border: (1px solid #000000)] [r=0 c=0 rs=1 cs=1]
                      LayoutTable {TABLE} at (2,2) size 220x26
                        LayoutTableSection {TBODY} at (0,0) size 220x26
                          LayoutTableRow {TR} at (0,2) size 220x22
                            LayoutTableCell {TD} at (2,2) size 216x22 [bgcolor=#FFA500] [border: (1px solid #000000)] [r=0 c=0 rs=1 cs=1]
                              LayoutImage {IMG} at (2,2) size 212x18 [bgcolor=#800080]
                              LayoutText {#text} at (0,0) size 0x0
