layer at (0,0) size 800x600
  LayoutView at (0,0) size 800x600
layer at (0,0) size 800x600
  LayoutBlockFlow {HTML} at (0,0) size 800x600
    LayoutBlockFlow {BODY} at (8,8) size 784x584
      LayoutTable (floating) {TABLE} at (715,0) size 69x32
        LayoutTableSection {TBODY} at (0,0) size 69x32
          LayoutTableRow {TR} at (0,2) size 69x28
            LayoutTableCell {TD} at (2,2) size 65x28 [r=0 c=0 rs=1 cs=1]
              LayoutBlockFlow (floating) {DIV} at (1,1) size 63x26
                LayoutTable (floating) {TABLE} at (0,0) size 63x26
                  LayoutTableSection {TBODY} at (0,0) size 63x26
                    LayoutTableRow {TR} at (0,2) size 63x22
                      LayoutTableCell {TD} at (2,2) size 9x22 [r=0 c=0 rs=1 cs=1]
                        LayoutText {#text} at (1,1) size 7x19
                          text run at (1,1) width 7: "a"
                      LayoutTableCell {TD} at (13,2) size 37x22 [r=0 c=1 rs=1 cs=1]
                        LayoutText {#text} at (1,1) size 35x19
                          text run at (1,1) width 35: "Hello"
                      LayoutTableCell {TD} at (52,2) size 9x22 [r=0 c=2 rs=1 cs=1]
                        LayoutText {#text} at (1,1) size 7x19
                          text run at (1,1) width 7: "c"
