layer at (0,0) size 800x600
  LayoutView at (0,0) size 800x600
layer at (0,0) size 800x600
  LayoutBlockFlow {HTML} at (0,0) size 800x600
    LayoutBlockFlow {BODY} at (8,8) size 784x584
      LayoutTable {TABLE} at (0,0) size 784x372
        LayoutTableSection {TBODY} at (0,0) size 784x372
          LayoutTableRow {TR} at (0,0) size 784x28
            LayoutTableCell {TD} at (0,0) size 784x28 [border: (1px solid #008000)] [r=0 c=0 rs=1 cs=3]
              LayoutText {#text} at (4,4) size 236x19
                text run at (4,4) width 144: "   Join Now   Sign In   "
                text run at (148,4) width 92: "   Personalize: "
              LayoutInline {A} at (0,0) size 50x19
                LayoutText {#text} at (240,4) size 50x19
                  text run at (240,4) width 50: "Settings"
              LayoutText {#text} at (290,4) size 14x19
                text run at (290,4) width 14: " \x{2022} "
              LayoutInline {A} at (0,0) size 50x19
                LayoutText {#text} at (304,4) size 50x19
                  text run at (304,4) width 50: "Content"
              LayoutText {#text} at (354,4) size 14x19
                text run at (354,4) width 14: " \x{2022} "
              LayoutInline {A} at (0,0) size 45x19
                LayoutText {#text} at (368,4) size 45x19
                  text run at (368,4) width 45: "Layout"
              LayoutText {#text} at (413,4) size 14x19
                text run at (413,4) width 14: " \x{2022} "
              LayoutInline {A} at (0,0) size 112x19
                LayoutText {#text} at (427,4) size 112x19
                  text run at (427,4) width 112: "Colors & Themes"
              LayoutText {#text} at (539,4) size 14x19
                text run at (539,4) width 14: " \x{2022} "
              LayoutInline {A} at (0,0) size 46x19
                LayoutText {#text} at (553,4) size 46x19
                  text run at (553,4) width 46: "Sign In"
              LayoutText {#text} at (599,4) size 182x19
                text run at (599,4) width 8: "  "
                text run at (607,4) width 90: "   My Links:   "
                text run at (697,4) width 84: "  Lite \x{2022} Email"
          LayoutTableRow {TR} at (0,28) size 784x344
            LayoutTableCell {TD} at (0,196) size 219x8 [border: (1px solid #008000)] [r=1 c=0 rs=1 cs=1]
            LayoutTableCell {TD} at (219,28) size 345x344 [border: (1px solid #008000)] [r=1 c=1 rs=1 cs=1]
              LayoutTable {TABLE} at (4,4) size 337x336
                LayoutTableSection {TBODY} at (0,0) size 337x336
                  LayoutTableRow {TR} at (0,2) size 337x332
                    LayoutTableCell {TD} at (2,2) size 333x332 [border: (1px solid #008000)] [r=0 c=0 rs=1 cs=1]
                      LayoutTable {TABLE} at (2,2) size 329x328
                        LayoutTableSection {TBODY} at (0,0) size 329x328
                          LayoutTableRow {TR} at (0,2) size 329x324
                            LayoutTableCell {TD} at (2,162) size 125x4 [border: (1px solid #008000)] [r=0 c=0 rs=1 cs=1]
                            LayoutTableCell {TD} at (129,2) size 71x324 [border: (1px solid #008000)] [r=0 c=1 rs=1 cs=1]
                              LayoutText {#text} at (2,2) size 67x319
                                text run at (2,2) width 56: "This guy"
                                text run at (2,22) width 42: "should"
                                text run at (2,42) width 53: "have the"
                                text run at (2,62) width 59: "really big"
                                text run at (2,82) width 67: "maxwidth."
                                text run at (2,102) width 13: "It "
                                text run at (15,102) width 42: "should"
                                text run at (2,122) width 39: "be big"
                                text run at (2,142) width 63: "enough to"
                                text run at (2,162) width 35: "really"
                                text run at (2,182) width 35: "really"
                                text run at (2,202) width 37: "screw"
                                text run at (2,222) width 62: "things up."
                                text run at (2,242) width 43: "That is"
                                text run at (2,262) width 40: "what I"
                                text run at (2,282) width 60: "think will"
                                text run at (2,302) width 37: "work."
                            LayoutTableCell {TD} at (202,162) size 125x4 [border: (1px solid #008000)] [r=0 c=2 rs=1 cs=1]
            LayoutTableCell {TD} at (564,187) size 220x26 [border: (1px solid #008000)] [r=1 c=2 rs=1 cs=1]
              LayoutImage {IMG} at (4,4) size 212x18
              LayoutText {#text} at (0,0) size 0x0
