layer at (0,0) size 800x600 clip at (0,0) size 785x600 scrollHeight 800
  LayoutView at (0,0) size 800x600
layer at (0,0) size 785x800 backgroundClip at (0,0) size 785x600 clip at (0,0) size 785x600
  LayoutBlockFlow {HTML} at (0,0) size 785x800
    LayoutBlockFlow {BODY} at (8,8) size 769x784
      LayoutTable {TABLE} at (0,0) size 372x784
        LayoutTableSection {TBODY} at (0,0) size 372x784
          LayoutTableRow {TR} at (0,0) size 28x784
            LayoutTableCell {TD} at (0,0) size 28x784 [border: (1px solid #008000)] [r=0 c=0 rs=1 cs=3]
              LayoutText {#text} at (4,4) size 19x236
                text run at (4,4) width 144: "   Join Now   Sign In   "
                text run at (4,148) width 92: "   Personalize: "
              LayoutInline {A} at (0,0) size 19x50
                LayoutText {#text} at (4,240) size 19x50
                  text run at (4,240) width 50: "Settings"
              LayoutText {#text} at (4,290) size 19x14
                text run at (4,290) width 14: " \x{2022} "
              LayoutInline {A} at (0,0) size 19x50
                LayoutText {#text} at (4,304) size 19x50
                  text run at (4,304) width 50: "Content"
              LayoutText {#text} at (4,354) size 19x14
                text run at (4,354) width 14: " \x{2022} "
              LayoutInline {A} at (0,0) size 19x45
                LayoutText {#text} at (4,368) size 19x45
                  text run at (4,368) width 45: "Layout"
              LayoutText {#text} at (4,413) size 19x14
                text run at (4,413) width 14: " \x{2022} "
              LayoutInline {A} at (0,0) size 19x112
                LayoutText {#text} at (4,427) size 19x112
                  text run at (4,427) width 112: "Colors & Themes"
              LayoutText {#text} at (4,539) size 19x14
                text run at (4,539) width 14: " \x{2022} "
              LayoutInline {A} at (0,0) size 19x46
                LayoutText {#text} at (4,553) size 19x46
                  text run at (4,553) width 46: "Sign In"
              LayoutText {#text} at (4,599) size 19x182
                text run at (4,599) width 8: "  "
                text run at (4,607) width 90: "   My Links:   "
                text run at (4,697) width 84: "  Lite \x{2022} Email"
          LayoutTableRow {TR} at (28,0) size 344x784
            LayoutTableCell {TD} at (28,168) size 344x-117 [border: (1px solid #008000)] [r=1 c=0 rs=1 cs=1]
            LayoutTableCell {TD} at (28,219) size 344x345 [border: (1px solid #008000)] [r=1 c=1 rs=1 cs=1]
              LayoutTable {TABLE} at (4,4) size 336x337
                LayoutTableSection {TBODY} at (0,0) size 336x337
                  LayoutTableRow {TR} at (2,0) size 332x337
                    LayoutTableCell {TD} at (2,2) size 332x333 [border: (1px solid #008000)] [r=0 c=0 rs=1 cs=1]
                      LayoutTable {TABLE} at (2,2) size 328x329
                        LayoutTableSection {TBODY} at (0,0) size 328x329
                          LayoutTableRow {TR} at (2,0) size 324x329
                            LayoutTableCell {TD} at (2,162) size 324x-195 [border: (1px solid #008000)] [r=0 c=0 rs=1 cs=1]
                            LayoutTableCell {TD} at (2,129) size 324x71 [border: (1px solid #008000)] [r=0 c=1 rs=1 cs=1]
                              LayoutText {#text} at (2,2) size 319x67
                                text run at (2,2) width 56: "This guy"
                                text run at (22,2) width 42: "should"
                                text run at (42,2) width 53: "have the"
                                text run at (62,2) width 59: "really big"
                                text run at (82,2) width 67: "maxwidth."
                                text run at (102,2) width 13: "It "
                                text run at (102,15) width 42: "should"
                                text run at (122,2) width 39: "be big"
                                text run at (142,2) width 63: "enough to"
                                text run at (162,2) width 35: "really"
                                text run at (182,2) width 35: "really"
                                text run at (202,2) width 37: "screw"
                                text run at (222,2) width 62: "things up."
                                text run at (242,2) width 43: "That is"
                                text run at (262,2) width 40: "what I"
                                text run at (282,2) width 60: "think will"
                                text run at (302,2) width 37: "work."
                            LayoutTableCell {TD} at (2,362) size 324x-195 [border: (1px solid #008000)] [r=0 c=2 rs=1 cs=1]
            LayoutTableCell {TD} at (28,723) size 344x-98 [border: (1px solid #008000)] [r=1 c=2 rs=1 cs=1]
              LayoutImage {IMG} at (163,-155) size 18x212
              LayoutText {#text} at (0,0) size 0x0
