layer at (0,0) size 800x600
  LayoutView at (0,0) size 800x600
layer at (0,0) size 800x600
  LayoutBlockFlow {HTML} at (0,0) size 800x600
    LayoutBlockFlow {BODY} at (8,8) size 784x584
      LayoutBlockFlow (anonymous) at (0,0) size 784x20
        LayoutText {#text} at (0,0) size 277x19
          text run at (0,0) width 277: "These two tables should be the same height."
      LayoutBlockFlow {DIV} at (0,20) size 82x320
        LayoutTable {TABLE} at (0,0) size 22x320
          LayoutTableSection {TBODY} at (0,0) size 22x320
            LayoutTableRow {TR} at (0,0) size 22x320
              LayoutTableCell {TD} at (0,0) size 22x70 [border: (1px solid #008000)] [r=0 c=0 rs=1 cs=1]
                LayoutText {#text} at (1,1) size 19x8
                  text run at (1,1) width 8: "1"
              LayoutTableCell {TD} at (0,70) size 22x244 [border: (1px solid #008000)] [r=0 c=1 rs=1 cs=1]
                LayoutText {#text} at (1,1) size 19x8
                  text run at (1,1) width 8: "2"
              LayoutTableCell {TD} at (0,314) size 22x6 [border: (1px solid #008000)] [r=0 c=2 rs=1 cs=1]
                LayoutImage {IMG} at (1,1) size 20x4 [bgcolor=#FFA500]
        LayoutBlockFlow {P} at (38,0) size 0x320
        LayoutTable {TABLE} at (38,0) size 44x320
          LayoutTableSection {TBODY} at (0,0) size 44x320
            LayoutTableRow {TR} at (0,0) size 22x320
              LayoutTableCell {TD} at (0,0) size 22x64 [border: (1px solid #008000)] [r=0 c=0 rs=1 cs=1]
                LayoutText {#text} at (1,1) size 19x8
                  text run at (1,1) width 8: "1"
              LayoutTableCell {TD} at (0,69) size 22x246 [border: (1px solid #008000)] [r=0 c=1 rs=1 cs=1]
                LayoutImage {IMG} at (6,-4) size 10x254 [bgcolor=#FFA500]
            LayoutTableRow {TR} at (22,0) size 22x320
              LayoutTableCell {TD} at (22,0) size 22x320 [border: (1px solid #008000)] [r=1 c=0 rs=1 cs=3]
                LayoutText {#text} at (1,1) size 19x8
                  text run at (1,1) width 8: "1"
