layer at (0,0) size 800x600
  LayoutView at (0,0) size 800x600
layer at (0,0) size 800x600
  LayoutBlockFlow {HTML} at (0,0) size 800x600
    LayoutBlockFlow {BODY} at (8,8) size 784x584 [color=#FFFFFF]
      LayoutTable {TABLE} at (0,0) size 400x32
        LayoutTableSection {TBODY} at (0,0) size 400x32
          LayoutTableRow {TR} at (0,2) size 400x28
            LayoutTableCell {TD} at (2,2) size 396x28 [color=#800080] [bgcolor=#008000] [r=0 c=0 rs=1 cs=1]
              LayoutTable {TABLE} at (1,1) size 345x26 [color=#FFFFFF]
                LayoutTableSection {TBODY} at (0,0) size 345x26
                  LayoutTableRow {TR} at (0,2) size 345x22
                    LayoutTableCell {TD} at (2,2) size 341x22 [r=0 c=0 rs=1 cs=1]
                      LayoutText {#text} at (1,1) size 339x19
                        text run at (1,1) width 339: "This text should be white, since we're in quirks mode."
