layer at (0,0) size 800x600
  LayoutView at (0,0) size 800x600
layer at (676,0) size 124x600
  LayoutBlockFlow {HTML} at (0,0) size 124x600
    LayoutBlockFlow {BODY} at (8,8) size 108x584
      LayoutBlockFlow (anonymous) at (0,0) size 20x584
        LayoutText {#text} at (0,0) size 19x404
          text run at (0,0) width 404: "This test should have two centered tables and two centered divs."
      LayoutTable {TABLE} at (20,199) size 24x186 [border: (1px outset #808080)]
        LayoutTableSection {TBODY} at (1,1) size 22x184
          LayoutTableRow {TR} at (0,0) size 22x184
            LayoutTableCell {TD} at (0,0) size 22x184 [border: (1px inset #808080)] [r=0 c=0 rs=1 cs=1]
              LayoutText {#text} at (1,1) size 19x182
                text run at (1,1) width 182: "This table is aligned \"center\""
      LayoutTable {TABLE} at (44,186) size 24x212 [border: (1px outset #808080)]
        LayoutTableSection {TBODY} at (1,1) size 22x210
          LayoutTableRow {TR} at (0,0) size 22x210
            LayoutTableCell {TD} at (0,0) size 22x210 [border: (1px inset #808080)] [r=0 c=0 rs=1 cs=1]
              LayoutText {#text} at (1,1) size 19x208
                text run at (1,1) width 208: "This table is aligned \"CENTER\""
      LayoutBlockFlow {DIV} at (68,0) size 20x584
        LayoutText {#text} at (0,206) size 19x172
          text run at (0,206) width 172: "This div is aligned \"center\""
      LayoutBlockFlow {DIV} at (88,0) size 20x584
        LayoutText {#text} at (0,193) size 19x198
          text run at (0,193) width 198: "This div is aligned \"CENTER\""
