layer at (0,0) size 800x600
  LayoutView at (0,0) size 800x600
layer at (0,0) size 800x124
  LayoutBlockFlow {HTML} at (0,0) size 800x124
    LayoutBlockFlow {BODY} at (8,8) size 784x108
      LayoutBlockFlow (anonymous) at (0,0) size 784x20
        LayoutText {#text} at (0,0) size 404x19
          text run at (0,0) width 404: "This test should have two centered tables and two centered divs."
      LayoutTable {TABLE} at (299,20) size 186x24 [border: (1px outset #808080)]
        LayoutTableSection {TBODY} at (1,1) size 184x22
          LayoutTableRow {TR} at (0,0) size 184x22
            LayoutTableCell {TD} at (0,0) size 184x22 [border: (1px inset #808080)] [r=0 c=0 rs=1 cs=1]
              LayoutText {#text} at (1,1) size 182x19
                text run at (1,1) width 182: "This table is aligned \"center\""
      LayoutTable {TABLE} at (286,44) size 212x24 [border: (1px outset #808080)]
        LayoutTableSection {TBODY} at (1,1) size 210x22
          LayoutTableRow {TR} at (0,0) size 210x22
            LayoutTableCell {TD} at (0,0) size 210x22 [border: (1px inset #808080)] [r=0 c=0 rs=1 cs=1]
              LayoutText {#text} at (1,1) size 208x19
                text run at (1,1) width 208: "This table is aligned \"CENTER\""
      LayoutBlockFlow {DIV} at (0,68) size 784x20
        LayoutText {#text} at (306,0) size 172x19
          text run at (306,0) width 172: "This div is aligned \"center\""
      LayoutBlockFlow {DIV} at (0,88) size 784x20
        LayoutText {#text} at (293,0) size 198x19
          text run at (293,0) width 198: "This div is aligned \"CENTER\""
