layer at (0,0) size 800x600
  LayoutView at (0,0) size 800x600
layer at (0,0) size 800x62
  LayoutBlockFlow {html} at (0,0) size 800x62
    LayoutBlockFlow {body} at (8,8) size 784x46
      LayoutTable {table} at (0,0) size 82x26
        LayoutTableSection (anonymous) at (0,0) size 82x26
          LayoutTableRow {tr} at (0,2) size 82x22
            LayoutTableCell {td} at (2,2) size 78x22 [r=0 c=0 rs=1 cs=1]
              LayoutText {#text} at (1,1) size 76x19
                text run at (1,1) width 76: "Hello world"
      LayoutBlockFlow (anonymous) at (0,26) size 784x20
        LayoutText {#text} at (0,0) size 213x19
          text run at (0,0) width 213: "Hello also? Why isn't this visible?"
