layer at (0,0) size 800x600
  LayoutView at (0,0) size 800x600
layer at (0,0) size 800x196
  LayoutBlockFlow {HTML} at (0,0) size 800x195.88
    LayoutBlockFlow {BODY} at (8,8) size 784x179.88
      LayoutBlockFlow {P} at (0,0) size 784x20
        LayoutText {#text} at (0,0) size 107x19
          text run at (0,0) width 107: "Testcase for bug "
        LayoutInline {A} at (0,0) size 33x19 [color=#0000EE]
          LayoutText {#text} at (106,0) size 33x19
            text run at (106,0) width 33: "4874"
        LayoutText {#text} at (138,0) size 416x19
          text run at (138,0) width 416: " - Table with absolute bottom positioning is positioned incorrectly."
      LayoutBlockFlow {H1} at (0,41.44) size 784x37
        LayoutText {#text} at (0,0) size 170x36
          text run at (0,0) width 170: "Look Down!"
      LayoutBlockFlow {P} at (0,99.88) size 784x80
        LayoutText {#text} at (0,0) size 781x79
          text run at (0,0) width 507: "At the bottom of the window you should see the word \"Paragraph\" followed by "
          text run at (507,0) width 265: "three boxes containing text. The entire red"
          text run at (0,20) width 200: "border around each box should "
          text run at (200,20) width 454: "be visible without scrolling (the window should not be scrollable at all). "
          text run at (654,20) width 101: "The three boxes"
          text run at (0,40) width 344: "should be aligned at the bottom with the bottom of the "
          text run at (344,40) width 437: "window. The text \"Tall table\" should be vertically centered in its box,"
          text run at (0,60) width 480: "which should be 50px tall. The other two boxes should both be shorter than "
          text run at (480,60) width 203: "50px, and have the same height."
layer at (120,550) size 120x50
  LayoutTable (positioned) {TABLE} at (120,550) size 120x50 [border: (1px solid #FF0000)]
    LayoutTableSection {TBODY} at (1,1) size 118x48
      LayoutTableRow {TR} at (0,2) size 118x44
        LayoutTableCell {TD} at (2,13) size 114x22 [r=0 c=0 rs=1 cs=1]
          LayoutText {#text} at (1,1) size 58x19
            text run at (1,1) width 58: "Tall table"
layer at (240,572) size 120x28
  LayoutTable (positioned) {TABLE} at (240,572) size 120x28 [border: (1px solid #FF0000)]
    LayoutTableSection {TBODY} at (1,1) size 118x26
      LayoutTableRow {TR} at (0,2) size 118x22
        LayoutTableCell {TD} at (2,2) size 114x22 [r=0 c=0 rs=1 cs=1]
          LayoutText {#text} at (1,1) size 82x19
            text run at (1,1) width 82: "Normal table"
layer at (360,572) size 120x28
  LayoutTable (positioned) {TABLE} at (360,572) size 120x28 [border: (1px solid #FF0000)]
    LayoutTableSection {TBODY} at (1,1) size 118x26
      LayoutTableRow {TR} at (0,2) size 118x22
        LayoutTableCell {TD} at (2,2) size 114x22 [r=0 c=0 rs=1 cs=1]
          LayoutText {#text} at (1,1) size 68x19
            text run at (1,1) width 68: "Short table"
layer at (0,580) size 64x20
  LayoutBlockFlow (positioned) {P} at (0,580) size 64x20
    LayoutText {#text} at (0,0) size 64x19
      text run at (0,0) width 64: "Paragraph"
