layer at (0,0) size 800x600
  LayoutView at (0,0) size 800x600
layer at (0,0) size 800x203
  LayoutBlockFlow {HTML} at (0,0) size 800x203
    LayoutBlockFlow {BODY} at (8,16) size 784x171
      LayoutTable {TABLE} at (16,0) size 64x86 [border: (3px solid #FF0000)]
        LayoutTableSection {TBODY} at (3,3) size 58x80
          LayoutTableRow {TR} at (2,0) size 54x80
            LayoutTableCell {TD} at (2,2) size 54x76 [r=0 c=0 rs=1 cs=1]
              LayoutTable {TABLE} at (1,1) size 26x72 [color=#FFFFFF] [bgcolor=#800080]
                LayoutTableSection {TBODY} at (0,0) size 26x72
                  LayoutTableRow {TR} at (2,0) size 22x72
                    LayoutTableCell {TD} at (2,2) size 22x68 [r=0 c=0 rs=1 cs=1]
                      LayoutText {#text} at (1,1) size 19x66
                        text run at (1,1) width 66: "Table One"
              LayoutTable {TABLE} at (27,1) size 26x74 [color=#FFFFFF] [bgcolor=#800080]
                LayoutTableSection {TBODY} at (0,0) size 26x74
                  LayoutTableRow {TR} at (2,0) size 22x74
                    LayoutTableCell {TD} at (2,2) size 22x70 [r=0 c=0 rs=1 cs=1]
                      LayoutText {#text} at (1,1) size 19x68
                        text run at (1,1) width 68: "Table Two"
      LayoutTable {TABLE} at (16,102) size 52x69 [border: (3px solid #FF0000)]
        LayoutTableSection {TBODY} at (3,3) size 46x63
          LayoutTableRow {TR} at (2,0) size 42x63
            LayoutTableCell {TD} at (2,2) size 42x59 [r=0 c=0 rs=1 cs=1]
              LayoutBlockFlow {DIV} at (1,1) size 20x57 [color=#FFFFFF] [bgcolor=#800080]
                LayoutText {#text} at (0,0) size 19x55
                  text run at (0,0) width 55: "Div One"
              LayoutBlockFlow {DIV} at (21,1) size 20x57 [color=#FFFFFF] [bgcolor=#800080]
                LayoutText {#text} at (0,0) size 19x57
                  text run at (0,0) width 57: "Div Two"
