layer at (0,0) size 800x600
  LayoutView at (0,0) size 800x600
layer at (0,0) size 800x164
  LayoutBlockFlow {HTML} at (0,0) size 800x164
    LayoutBlockFlow {BODY} at (8,16) size 784x132
      LayoutTable {TABLE} at (16,0) size 86x64 [border: (3px solid #FF0000)]
        LayoutTableSection {TBODY} at (3,3) size 80x58
          LayoutTableRow {TR} at (0,2) size 80x54
            LayoutTableCell {TD} at (2,2) size 76x54 [r=0 c=0 rs=1 cs=1]
              LayoutTable {TABLE} at (1,1) size 72x26 [color=#FFFFFF] [bgcolor=#800080]
                LayoutTableSection {TBODY} at (0,0) size 72x26
                  LayoutTableRow {TR} at (0,2) size 72x22
                    LayoutTableCell {TD} at (2,2) size 68x22 [r=0 c=0 rs=1 cs=1]
                      LayoutText {#text} at (1,1) size 66x19
                        text run at (1,1) width 66: "Table One"
              LayoutTable {TABLE} at (1,27) size 74x26 [color=#FFFFFF] [bgcolor=#800080]
                LayoutTableSection {TBODY} at (0,0) size 74x26
                  LayoutTableRow {TR} at (0,2) size 74x22
                    LayoutTableCell {TD} at (2,2) size 70x22 [r=0 c=0 rs=1 cs=1]
                      LayoutText {#text} at (1,1) size 68x19
                        text run at (1,1) width 68: "Table Two"
      LayoutTable {TABLE} at (16,80) size 69x52 [border: (3px solid #FF0000)]
        LayoutTableSection {TBODY} at (3,3) size 63x46
          LayoutTableRow {TR} at (0,2) size 63x42
            LayoutTableCell {TD} at (2,2) size 59x42 [r=0 c=0 rs=1 cs=1]
              LayoutBlockFlow {DIV} at (1,1) size 57x20 [color=#FFFFFF] [bgcolor=#800080]
                LayoutText {#text} at (0,0) size 55x19
                  text run at (0,0) width 55: "Div One"
              LayoutBlockFlow {DIV} at (1,21) size 57x20 [color=#FFFFFF] [bgcolor=#800080]
                LayoutText {#text} at (0,0) size 57x19
                  text run at (0,0) width 57: "Div Two"
