layer at (0,0) size 800x600 clip at (0,0) size 785x600 scrollHeight 811
  LayoutView at (0,0) size 800x600
layer at (0,0) size 785x811 backgroundClip at (0,0) size 785x600 clip at (0,0) size 785x600
  LayoutBlockFlow {HTML} at (0,0) size 785x811.41
    LayoutBlockFlow {BODY} at (8,15.20) size 769x788.20 [color=#00FF00] [bgcolor=#333333]
      LayoutBlockFlow {H3} at (0,0) size 769x17
        LayoutText {#text} at (0,0) size 378x17
          text run at (0,0) width 378: "crbug.com/35679: Background on 'table-row'"
      LayoutTable {TABLE} at (0,32.20) size 630x479 [color=#FFFFFF] [border: (3px dotted #FFFFFF)]
        LayoutBlockFlow {CAPTION} at (0,0) size 630x23
          LayoutText {#text} at (169,0) size 292x22
            text run at (169,0) width 292: "With 'border-collapse: separate'"
        LayoutTableCol {COLGROUP} at (0,0) size 0x0
          LayoutTableCol {COL} at (0,0) size 0x0
          LayoutTableCol {COL} at (0,0) size 0x0
          LayoutTableCol {COL} at (0,0) size 0x0
        LayoutTableCol {COLGROUP} at (0,0) size 0x0
          LayoutTableCol {COL} at (0,0) size 0x0
        LayoutTableSection {THEAD} at (3,26) size 624x122
          LayoutTableRow {TR} at (0,7) size 624x108 [bgcolor=#000000] [border: (5px dashed #FFFFFF)]
            LayoutTableCell {TH} at (7,47) size 130x27 [border: (1px dotted #FFFFFF)] [r=0 c=0 rs=1 cs=1]
              LayoutText {#text} at (42,2) size 46x22
                text run at (42,2) width 46: "TH A"
            LayoutTableCell {TH} at (144,35) size 220x51 [border: (13px dotted #FFFFFF)] [r=0 c=1 rs=1 cs=1]
              LayoutText {#text} at (87,14) size 46x22
                text run at (87,14) width 46: "TH B"
            LayoutTableCell {TH} at (371,47) size 118x27 [border: (1px dotted #FFFFFF)] [r=0 c=2 rs=1 cs=1]
              LayoutText {#text} at (36,2) size 46x22
                text run at (36,2) width 46: "TH C"
            LayoutTableCell {TH} at (496,43) size 121x35 [border: (5px dashed #FFFFFF)] [r=0 c=3 rs=1 cs=1]
              LayoutText {#text} at (38,6) size 45x22
                text run at (38,6) width 45: "TH D"
        LayoutTableSection {TFOOT} at (3,354) size 624x122
          LayoutTableRow {TR} at (0,0) size 624x115
            LayoutTableCell {TD} at (7,44) size 357x27 [border: (1px dotted #FFFFFF)] [r=0 c=0 rs=1 cs=2]
              LayoutText {#text} at (2,2) size 47x22
                text run at (2,2) width 47: "TD M"
            LayoutTableCell {TD} at (371,44) size 118x27 [border: (1px dotted #FFFFFF)] [r=0 c=2 rs=1 cs=1]
              LayoutText {#text} at (2,2) size 46x22
                text run at (2,2) width 46: "TD O"
            LayoutTableCell {TD} at (496,44) size 121x27 [border: (1px dotted #FFFFFF)] [r=0 c=3 rs=1 cs=1]
              LayoutText {#text} at (2,2) size 44x22
                text run at (2,2) width 44: "TD P"
        LayoutTableSection {TBODY} at (3,148) size 624x206
          LayoutTableRow {TR} at (0,0) size 624x108 [bgcolor=#000000] [border: (9px dashed #FFFFFF)]
            LayoutTableCell {TD} at (7,74) size 130x51 [border: (13px dotted #FFFFFF)] [r=0 c=0 rs=2 cs=1]
              LayoutText {#text} at (14,14) size 44x22
                text run at (14,14) width 44: "TD E"
            LayoutTableCell {TD} at (144,40) size 220x27 [border: (1px dotted #FFFFFF)] [r=0 c=1 rs=1 cs=1]
              LayoutText {#text} at (2,2) size 43x22
                text run at (2,2) width 43: "TD F"
            LayoutTableCell {TD} at (371,32) size 118x43 [border: (9px dashed #FFFFFF)] [r=0 c=2 rs=1 cs=1]
              LayoutText {#text} at (10,10) size 46x22
                text run at (10,10) width 46: "TD G"
            LayoutTableCell {TD} at (496,40) size 121x27 [border: (1px dotted #FFFFFF)] [r=0 c=3 rs=1 cs=1]
              LayoutText {#text} at (2,2) size 45x22
                text run at (2,2) width 45: "TD H"
          LayoutTableRow {TR} at (0,115) size 624x84 [bgcolor=#000000] [border: (5px dashed #FFFFFF)]
            LayoutTableCell {TD} at (144,143) size 220x27 [border: (1px dotted #FFFFFF)] [r=1 c=1 rs=1 cs=1]
              LayoutText {#text} at (2,2) size 42x22
                text run at (2,2) width 42: "TD J"
            LayoutTableCell {TD} at (371,139) size 118x35 [border: (5px dashed #FFFFFF)] [r=1 c=2 rs=1 cs=1]
              LayoutText {#text} at (6,6) size 45x22
                text run at (6,6) width 45: "TD K"
            LayoutTableCell {TD} at (496,143) size 121x27 [border: (1px dotted #FFFFFF)] [r=1 c=3 rs=1 cs=1]
              LayoutText {#text} at (2,2) size 43x22
                text run at (2,2) width 43: "TD L"
      LayoutBlockFlow {P} at (0,524.20) size 769x16
        LayoutText {#text} at (0,0) size 176x16
          text run at (0,0) width 176: "Three rows are styled."
      LayoutBlockFlow {P} at (0,553.20) size 769x64
        LayoutText {#text} at (0,0) size 752x64
          text run at (0,0) width 752: "The first row should have three aqua stripes just inside the bottom and right padding edges of"
          text run at (0,16) width 728: "its last cell. The bottom three stripes should continue across the row, appearing along the"
          text run at (0,32) width 728: "bottom of cells A, B, and C. (The bottom aqua stripe will be obscured by the thicker bottom"
          text run at (0,48) width 144: "border in cell B.)"
      LayoutBlockFlow {P} at (0,630.20) size 769x48
        LayoutText {#text} at (0,0) size 768x48
          text run at (0,0) width 736: "The second row should have three vertical aqua stripes a few pixels to the right of the left"
          text run at (0,16) width 768: "padding edge. Three horizontal aqua stripes should cut across the first cell and align along the"
          text run at (0,32) width 232: "bottom border edge of cell G."
      LayoutBlockFlow {P} at (0,691.20) size 769x32
        LayoutText {#text} at (0,0) size 752x32
          text run at (0,0) width 752: "The third row should have three horizontal aqua stripes along the top of the last three cells,"
          text run at (0,16) width 672: "aligning along cell K's top padding edge. The stripes will not continue into cell E."
      LayoutBlockFlow {DIV} at (0,736.20) size 769x35
        LayoutInline {A} at (0,0) size 88x16 [color=#FFFF00]
          LayoutImage {IMG} at (0,0) size 88x31
        LayoutText {#text} at (0,0) size 0x0
      LayoutBlockFlow {ADDRESS} at (0,771.20) size 769x17
        LayoutText {#text} at (0,0) size 704x17
          text run at (0,0) width 704: "CSS2 Table Backgrounds Test Suite designed and written by fantasai <fantasai@escape.com>"
