layer at (0,0) size 800x600 clip at (0,0) size 785x600 scrollHeight 783
  LayoutView at (0,0) size 800x600
layer at (0,0) size 785x783 backgroundClip at (0,0) size 785x600 clip at (0,0) size 785x600
  LayoutBlockFlow {HTML} at (0,0) size 785x783.41
    LayoutBlockFlow {BODY} at (8,15.20) size 769x760.20 [color=#00FF00] [bgcolor=#333333]
      LayoutBlockFlow {H3} at (0,0) size 769x17
        LayoutText {#text} at (0,0) size 405x17
          text run at (0,0) width 405: "crbug.com/35679: Background on 'table-column'"
      LayoutTable {TABLE} at (0,32.20) size 618x467 [color=#FFFFFF] [border: (1px dotted #FFFFFF)]
        LayoutBlockFlow {CAPTION} at (0,0) size 618x23
          LayoutText {#text} at (163,0) size 292x22
            text run at (163,0) width 292: "With 'border-collapse: separate'"
        LayoutTableCol {COLGROUP} at (0,0) size 0x0
          LayoutTableCol {COL} at (0,0) size 0x0 [bgcolor=#000000]
          LayoutTableCol {COL} at (0,0) size 0x0 [bgcolor=#000000]
          LayoutTableCol {COL} at (0,0) size 0x0 [bgcolor=#000000]
        LayoutTableCol {COLGROUP} at (0,0) size 0x0
          LayoutTableCol {COL} at (0,0) size 0x0
        LayoutTableSection {THEAD} at (1,24) size 616x114
          LayoutTableRow {TR} at (0,7) size 616x100
            LayoutTableCell {TH} at (7,43) size 130x27 [border: (1px dotted #FFFFFF)] [r=0 c=0 rs=1 cs=1]
              LayoutText {#text} at (42,2) size 46x22
                text run at (42,2) width 46: "TH A"
            LayoutTableCell {TH} at (144,31) size 220x51 [border: (13px dotted #FFFFFF)] [r=0 c=1 rs=1 cs=1]
              LayoutText {#text} at (87,14) size 46x22
                text run at (87,14) width 46: "TH B"
            LayoutTableCell {TH} at (371,43) size 118x27 [border: (1px dotted #FFFFFF)] [r=0 c=2 rs=1 cs=1]
              LayoutText {#text} at (36,2) size 46x22
                text run at (36,2) width 46: "TH C"
            LayoutTableCell {TH} at (496,43) size 113x27 [border: (1px dotted #FFFFFF)] [r=0 c=3 rs=1 cs=1]
              LayoutText {#text} at (34,2) size 45x22
                text run at (34,2) width 45: "TH D"
        LayoutTableSection {TFOOT} at (1,344) size 616x122
          LayoutTableRow {TR} at (0,0) size 616x115
            LayoutTableCell {TD} at (7,44) size 357x27 [border: (1px dotted #FFFFFF)] [r=0 c=0 rs=1 cs=2]
              LayoutText {#text} at (2,2) size 47x22
                text run at (2,2) width 47: "TD M"
            LayoutTableCell {TD} at (371,44) size 118x27 [border: (1px dotted #FFFFFF)] [r=0 c=2 rs=1 cs=1]
              LayoutText {#text} at (2,2) size 46x22
                text run at (2,2) width 46: "TD O"
            LayoutTableCell {TD} at (496,44) size 113x27 [border: (1px dotted #FFFFFF)] [r=0 c=3 rs=1 cs=1]
              LayoutText {#text} at (2,2) size 44x22
                text run at (2,2) width 44: "TD P"
        LayoutTableSection {TBODY} at (1,138) size 616x206
          LayoutTableRow {TR} at (0,0) size 616x108
            LayoutTableCell {TD} at (7,74) size 130x51 [border: (13px dotted #FFFFFF)] [r=0 c=0 rs=2 cs=1]
              LayoutText {#text} at (14,14) size 44x22
                text run at (14,14) width 44: "TD E"
            LayoutTableCell {TD} at (144,40) size 220x27 [border: (1px dotted #FFFFFF)] [r=0 c=1 rs=1 cs=1]
              LayoutText {#text} at (2,2) size 43x22
                text run at (2,2) width 43: "TD F"
            LayoutTableCell {TD} at (371,40) size 118x27 [border: (1px dotted #FFFFFF)] [r=0 c=2 rs=1 cs=1]
              LayoutText {#text} at (2,2) size 46x22
                text run at (2,2) width 46: "TD G"
            LayoutTableCell {TD} at (496,40) size 113x27 [border: (1px dotted #FFFFFF)] [r=0 c=3 rs=1 cs=1]
              LayoutText {#text} at (2,2) size 45x22
                text run at (2,2) width 45: "TD H"
          LayoutTableRow {TR} at (0,115) size 616x84
            LayoutTableCell {TD} at (144,143) size 220x27 [border: (1px dotted #FFFFFF)] [r=1 c=1 rs=1 cs=1]
              LayoutText {#text} at (2,2) size 42x22
                text run at (2,2) width 42: "TD J"
            LayoutTableCell {TD} at (371,143) size 118x27 [border: (1px dotted #FFFFFF)] [r=1 c=2 rs=1 cs=1]
              LayoutText {#text} at (2,2) size 45x22
                text run at (2,2) width 45: "TD K"
            LayoutTableCell {TD} at (496,143) size 113x27 [border: (1px dotted #FFFFFF)] [r=1 c=3 rs=1 cs=1]
              LayoutText {#text} at (2,2) size 43x22
                text run at (2,2) width 43: "TD L"
      LayoutBlockFlow {P} at (0,512.20) size 769x16
        LayoutText {#text} at (0,0) size 200x16
          text run at (0,0) width 200: "Three columns are styled."
      LayoutBlockFlow {P} at (0,541.20) size 769x64
        LayoutText {#text} at (0,0) size 768x64
          text run at (0,0) width 768: "In the first column, there should be three vertical stripes just inside the right border edge of"
          text run at (0,16) width 744: "the first three cells. The stripes should continue in the last cell, turning a right angle to"
          text run at (0,32) width 744: "the left into three aqua stripes along the bottom border edge of the last cell. The last cell"
          text run at (0,48) width 536: "should not have three vertical stripes along its right border edge."
      LayoutBlockFlow {P} at (0,618.20) size 769x32
        LayoutText {#text} at (0,0) size 752x32
          text run at (0,0) width 752: "In the second column, there should be three vertical stripes just inside the right border edge"
          text run at (0,16) width 200: "of the first three cells."
      LayoutBlockFlow {P} at (0,663.20) size 769x32
        LayoutText {#text} at (0,0) size 752x32
          text run at (0,0) width 752: "In the third column, there should be three vertical stripes just inside the top border edge of"
          text run at (0,16) width 504: "the first cell and just inside the left edge of all four cells."
      LayoutBlockFlow {DIV} at (0,708.20) size 769x35
        LayoutInline {A} at (0,0) size 88x16 [color=#FFFF00]
          LayoutImage {IMG} at (0,0) size 88x31
        LayoutText {#text} at (0,0) size 0x0
      LayoutBlockFlow {ADDRESS} at (0,743.20) size 769x17
        LayoutText {#text} at (0,0) size 704x17
          text run at (0,0) width 704: "CSS2 Table Backgrounds Test Suite designed and written by fantasai <fantasai@escape.com>"
