layer at (0,0) size 800x600
  LayoutView at (0,0) size 800x600
layer at (0,0) size 800x358
  LayoutBlockFlow {HTML} at (0,0) size 800x358.44
    LayoutBlockFlow {BODY} at (8,18.72) size 784x331.72
      LayoutBlockFlow {H3} at (0,0) size 784x23
        LayoutText {#text} at (0,0) size 249x22
          text run at (0,0) width 249: "crbug.com/35679: opacity: 0.5"
      LayoutTable {TABLE} at (0,41.72) size 172x138 [bgcolor=#FFFFFF]
        LayoutBlockFlow {CAPTION} at (0,0) size 172x40 [color=#FFFFFF]
          LayoutText {#text} at (16,0) size 140x39
            text run at (16,0) width 140: "With 'border-collapse:"
            text run at (59,20) width 54: "collapse'"
        LayoutTableCol {COLGROUP} at (0,0) size 0x0
          LayoutTableCol {COL} at (0,0) size 0x0
          LayoutTableCol {COL} at (0,0) size 0x0
          LayoutTableCol {COL} at (0,0) size 0x0
        LayoutTableCol {COLGROUP} at (0,0) size 0x0
          LayoutTableCol {COL} at (0,0) size 0x0
        LayoutTableSection {THEAD} at (0,40) size 172x26
        LayoutTableSection {TBODY} at (0,66) size 172x48
      LayoutBlockFlow {UL} at (0,195.72) size 784x80
        LayoutListItem {LI} at (40,0) size 744x20
          LayoutListMarker (anonymous) at (-18,0) size 7x19: bullet
          LayoutText {#text} at (0,0) size 216x19
            text run at (0,0) width 216: "The first three rows should be red."
        LayoutListItem {LI} at (40,20) size 744x20
          LayoutListMarker (anonymous) at (-18,0) size 7x19: bullet
          LayoutText {#text} at (0,0) size 195x19
            text run at (0,0) width 195: "The last row should be orange."
        LayoutListItem {LI} at (40,40) size 744x40
          LayoutListMarker (anonymous) at (-18,0) size 7x19: bullet
          LayoutText {#text} at (0,0) size 744x39
            text run at (0,0) width 744: "Cell A should be purple. Cell P should also be purple, but of a shade that reflects the underlying orange rather than the"
            text run at (0,20) width 24: "red."
      LayoutBlockFlow {DIV} at (0,291.72) size 784x20
        LayoutInline {A} at (0,0) size 121x19 [color=#0000EE]
          LayoutBlockFlow {IMG} at (0,0) size 120.23x20
            LayoutInline {SPAN} at (0,0) size 121x19
              LayoutInline {SPAN} at (0,0) size 121x19
                LayoutText {#text} at (0,0) size 121x19
                  text run at (0,0) width 121: "Valid HTML 4.01!"
        LayoutText {#text} at (0,0) size 0x0
      LayoutBlockFlow {ADDRESS} at (0,311.72) size 784x20
        LayoutText {#text} at (0,0) size 599x19
          text run at (0,0) width 599: "CSS2 Table Backgrounds Test Suite designed and written by fantasai <fantasai@escape.com>"
layer at (8,102) size 172x22 transparent
  LayoutTableRow {TR} at (0,2) size 172x22 [bgcolor=#FF0000]
    LayoutTableCell {TH} at (45,2) size 40x22 [r=0 c=1 rs=1 cs=1]
      LayoutText {#text} at (1,1) size 38x19
        text run at (1,1) width 38: "TH B"
    LayoutTableCell {TH} at (87,12) size 40x2 [r=0 c=2 rs=1 cs=1]
    LayoutTableCell {TH} at (129,2) size 41x22 [r=0 c=3 rs=1 cs=1]
      LayoutText {#text} at (1,1) size 39x19
        text run at (1,1) width 39: "TH D"
layer at (10,102) size 41x22 transparent
  LayoutTableCell {TH} at (2,2) size 41x22 [bgcolor=#0000FF] [r=0 c=0 rs=1 cs=1]
    LayoutText {#text} at (1,1) size 39x19
      text run at (1,1) width 39: "TH A"
layer at (8,174) size 172x24 transparent
  LayoutTableSection {TFOOT} at (0,114) size 172x24 [bgcolor=#FFFF00]
layer at (8,174) size 172x22 transparent
  LayoutTableRow {TR} at (0,0) size 172x22 [bgcolor=#FF0000]
    LayoutTableCell {TD} at (2,0) size 83x22 [r=0 c=0 rs=1 cs=2]
      LayoutText {#text} at (1,1) size 40x19
        text run at (1,1) width 40: "TD M"
    LayoutTableCell {TD} at (87,0) size 40x22 [r=0 c=2 rs=1 cs=1]
      LayoutText {#text} at (1,1) size 38x19
        text run at (1,1) width 38: "TD O"
layer at (137,174) size 41x22 transparent
  LayoutTableCell {TD} at (129,0) size 41x22 [bgcolor=#0000FF] [r=0 c=3 rs=1 cs=1]
    LayoutText {#text} at (1,1) size 35x19
      text run at (1,1) width 35: "TD P"
layer at (8,126) size 172x22 transparent
  LayoutTableRow {TR} at (0,0) size 172x22 [bgcolor=#FF0000]
    LayoutTableCell {TD} at (2,12) size 41x22 [r=0 c=0 rs=2 cs=1]
      LayoutText {#text} at (1,1) size 36x19
        text run at (1,1) width 36: "TD E"
    LayoutTableCell {TD} at (45,0) size 40x22 [r=0 c=1 rs=1 cs=1]
      LayoutText {#text} at (1,1) size 35x19
        text run at (1,1) width 35: "TD F"
    LayoutTableCell {TD} at (87,0) size 40x22 [r=0 c=2 rs=1 cs=1]
      LayoutText {#text} at (1,1) size 38x19
        text run at (1,1) width 38: "TD G"
    LayoutTableCell {TD} at (129,0) size 41x22 [r=0 c=3 rs=1 cs=1]
      LayoutText {#text} at (1,1) size 38x19
        text run at (1,1) width 38: "TD H"
layer at (8,150) size 172x22 transparent
  LayoutTableRow {TR} at (0,24) size 172x22 [bgcolor=#FF0000]
    LayoutTableCell {TD} at (45,24) size 40x22 [r=1 c=1 rs=1 cs=1]
      LayoutText {#text} at (1,1) size 32x19
        text run at (1,1) width 32: "TD J"
    LayoutTableCell {TD} at (87,24) size 40x22 [r=1 c=2 rs=1 cs=1]
      LayoutText {#text} at (1,1) size 38x19
        text run at (1,1) width 38: "TD K"
    LayoutTableCell {TD} at (129,24) size 41x22 [r=1 c=3 rs=1 cs=1]
      LayoutText {#text} at (1,1) size 36x19
        text run at (1,1) width 36: "TD L"
