layer at (0,0) size 800x600 clip at (0,0) size 785x600 scrollHeight 720
  LayoutView at (0,0) size 800x600
layer at (0,0) size 785x720 backgroundClip at (0,0) size 785x600 clip at (0,0) size 785x600
  LayoutBlockFlow {HTML} at (0,0) size 785x720.41
    LayoutBlockFlow {BODY} at (8,15.20) size 769x697.20 [color=#00FF00] [bgcolor=#333333]
      LayoutBlockFlow {H3} at (0,0) size 769x17
        LayoutText {#text} at (0,0) size 405x17
          text run at (0,0) width 405: "crbug.com/35679: Background on 'table-column'"
      LayoutTable {TABLE} at (0,32.20) size 578x433 [color=#FFFFFF] [border: (6px dotted #FFFFFF)]
        LayoutBlockFlow {CAPTION} at (0,0) size 578x23
          LayoutText {#text} at (144,0) size 290x22
            text run at (144,0) width 290: "With 'border-collapse: collapse'"
        LayoutTableCol {COLGROUP} at (0,0) size 0x0
          LayoutTableCol {COL} at (0,0) size 0x0 [bgcolor=#000000]
          LayoutTableCol {COL} at (0,0) size 0x0 [bgcolor=#000000]
          LayoutTableCol {COL} at (0,0) size 0x0 [bgcolor=#000000]
        LayoutTableCol {COLGROUP} at (0,0) size 0x0
          LayoutTableCol {COL} at (0,0) size 0x0 [bgcolor=#000000]
        LayoutTableSection {THEAD} at (0,29) size 577x99
          LayoutTableRow {TR} at (0,0) size 577x99
            LayoutTableCell {TH} at (0,33) size 135x32 [border: (1px dotted #FFFFFF)] [r=0 c=0 rs=1 cs=1]
              LayoutText {#text} at (42,2) size 46x22
                text run at (42,2) width 46: "TH A"
            LayoutTableCell {TH} at (135,30) size 207x38 [border: (7px dotted #FFFFFF)] [r=0 c=1 rs=1 cs=1]
              LayoutText {#text} at (81,8) size 46x22
                text run at (81,8) width 46: "TH B"
            LayoutTableCell {TH} at (342,36) size 123x26 [border: (1px dotted #FFFFFF)] [r=0 c=2 rs=1 cs=1]
              LayoutText {#text} at (42,2) size 46x22
                text run at (42,2) width 46: "TH C"
            LayoutTableCell {TH} at (465,36) size 112x26 [border: (1px dotted #FFFFFF)] [r=0 c=3 rs=1 cs=1]
              LayoutText {#text} at (34,2) size 45x22
                text run at (34,2) width 45: "TH D"
        LayoutTableSection {TFOOT} at (0,318) size 577x114
          LayoutTableRow {TR} at (0,0) size 577x114
            LayoutTableCell {TD} at (0,41) size 342x32 [border: (7px dotted #FFFFFF)] [r=0 c=0 rs=1 cs=2]
              LayoutText {#text} at (2,8) size 47x22
                text run at (2,8) width 47: "TD M"
            LayoutTableCell {TD} at (342,44) size 123x26 [border: (1px dotted #FFFFFF)] [r=0 c=2 rs=1 cs=1]
              LayoutText {#text} at (2,2) size 46x22
                text run at (2,2) width 46: "TD O"
            LayoutTableCell {TD} at (465,44) size 112x26 [border: (1px dotted #FFFFFF)] [r=0 c=3 rs=1 cs=1]
              LayoutText {#text} at (2,2) size 44x22
                text run at (2,2) width 44: "TD P"
        LayoutTableSection {TBODY} at (0,128) size 577x190
          LayoutTableRow {TR} at (0,0) size 577x107
            LayoutTableCell {TD} at (0,76) size 135x38 [border: (7px dotted #FFFFFF)] [r=0 c=0 rs=2 cs=1]
              LayoutText {#text} at (8,8) size 44x22
                text run at (8,8) width 44: "TD E"
            LayoutTableCell {TD} at (135,37) size 207x32 [border: (7px dotted #FFFFFF)] [r=0 c=1 rs=1 cs=1]
              LayoutText {#text} at (8,8) size 43x22
                text run at (8,8) width 43: "TD F"
            LayoutTableCell {TD} at (342,40) size 123x26 [border: (1px dotted #FFFFFF)] [r=0 c=2 rs=1 cs=1]
              LayoutText {#text} at (2,2) size 46x22
                text run at (2,2) width 46: "TD G"
            LayoutTableCell {TD} at (465,40) size 112x26 [border: (1px dotted #FFFFFF)] [r=0 c=3 rs=1 cs=1]
              LayoutText {#text} at (2,2) size 45x22
                text run at (2,2) width 45: "TD H"
          LayoutTableRow {TR} at (0,107) size 577x83
            LayoutTableCell {TD} at (135,135) size 207x26 [border: (1px dotted #FFFFFF)] [r=1 c=1 rs=1 cs=1]
              LayoutText {#text} at (8,2) size 42x22
                text run at (8,2) width 42: "TD J"
            LayoutTableCell {TD} at (342,135) size 123x26 [border: (1px dotted #FFFFFF)] [r=1 c=2 rs=1 cs=1]
              LayoutText {#text} at (2,2) size 45x22
                text run at (2,2) width 45: "TD K"
            LayoutTableCell {TD} at (465,135) size 112x26 [border: (1px dotted #FFFFFF)] [r=1 c=3 rs=1 cs=1]
              LayoutText {#text} at (2,2) size 43x22
                text run at (2,2) width 43: "TD L"
      LayoutBlockFlow {P} at (0,478.20) size 769x16
        LayoutText {#text} at (0,0) size 224x16
          text run at (0,0) width 224: "All four columns are styled."
      LayoutBlockFlow {P} at (0,507.20) size 769x64
        LayoutText {#text} at (0,0) size 768x64
          text run at (0,0) width 424: "The table column background should be visible within "
          text run at (424,0) width 344: "the border edge of each cell originating in"
          text run at (0,16) width 160: "the column, and the "
          text run at (160,16) width 520: "background should be continuously tiled to fill the entire cell. "
          text run at (680,16) width 80: "Within the"
          text run at (0,32) width 448: "column, all stripes should line up as if the cells were "
          text run at (448,32) width 288: "cutouts in a stencil placed over the"
          text run at (0,48) width 152: "column background. "
          text run at (152,48) width 480: "Furthermore, horizontal stripes should align across columns."
      LayoutBlockFlow {P} at (0,584.20) size 769x48
        LayoutText {#text} at (0,0) size 752x48
          text run at (0,0) width 320: "A red band should align with the bottom "
          text run at (320,0) width 432: "border edge of the last cell in each column. An orange"
          text run at (0,16) width 56: "stripe "
          text run at (56,16) width 520: "should align a few pixels to the left of the right border of the "
          text run at (576,16) width 152: "non-column-spanning"
          text run at (0,32) width 168: "cells in each column."
      LayoutBlockFlow {DIV} at (0,645.20) size 769x35
        LayoutInline {A} at (0,0) size 88x16 [color=#FFFF00]
          LayoutImage {IMG} at (0,0) size 88x31
        LayoutText {#text} at (0,0) size 0x0
      LayoutBlockFlow {ADDRESS} at (0,680.20) size 769x17
        LayoutText {#text} at (0,0) size 704x17
          text run at (0,0) width 704: "CSS2 Table Backgrounds Test Suite designed and written by fantasai <fantasai@escape.com>"
