layer at (0,0) size 800x600
  LayoutView at (0,0) size 800x600
layer at (0,0) size 800x600
  LayoutBlockFlow {HTML} at (0,0) size 800x600
    LayoutBlockFlow {BODY} at (8,8) size 784x584
      LayoutTable {TABLE} at (0,0) size 152x26
        LayoutTableSection {TBODY} at (0,0) size 152x26
          LayoutTableRow {TR} at (0,2) size 152x22
            LayoutTableCell {TH} at (2,2) size 64x22 [r=0 c=0 rs=1 cs=1]
              LayoutText {#text} at (1,1) size 62x19
                text run at (1,1) width 62: "Header 1"
            LayoutTableCell {TD} at (68,2) size 40x22 [r=0 c=1 rs=1 cs=1]
              LayoutText {#text} at (1,1) size 38x19
                text run at (1,1) width 38: "Cell 1"
            LayoutTableCell {TD} at (110,2) size 40x22 [r=0 c=2 rs=1 cs=1]
              LayoutText {#text} at (1,1) size 38x19
                text run at (1,1) width 38: "Cell 2"
      LayoutBlockFlow (anonymous) at (0,26) size 784x60
        LayoutText {#text} at (0,0) size 92x19
          text run at (0,0) width 92: "h1 has index 0"
        LayoutBR {BR} at (92,15) size 0x0
        LayoutText {#text} at (0,20) size 91x19
          text run at (0,20) width 91: "c1 has index 1"
        LayoutBR {BR} at (91,35) size 0x0
        LayoutText {#text} at (0,40) size 91x19
          text run at (0,40) width 91: "c2 has index 2"
        LayoutBR {BR} at (91,55) size 0x0
