layer at (0,0) size 800x600
  LayoutView at (0,0) size 800x600
layer at (0,0) size 800x600
  LayoutBlockFlow {HTML} at (0,0) size 800x600
    LayoutBlockFlow {BODY} at (8,8) size 784x584
      LayoutBlockFlow {P} at (0,0) size 784x40
        LayoutText {#text} at (0,0) size 207x19
          text run at (0,0) width 207: "This tests for regressions against "
        LayoutInline {I} at (0,0) size 776x39
          LayoutInline {A} at (0,0) size 348x19 [color=#0000EE]
            LayoutText {#text} at (207,0) size 348x19
              text run at (207,0) width 348: "http://bugzilla.opendarwin.org/show_bug.cgi?id=8081"
          LayoutText {#text} at (554,0) size 776x39
            text run at (554,0) width 5: " "
            text run at (558,0) width 218: "REGRESSION: Drop-down menu"
            text run at (0,20) width 90: "has gap at top"
        LayoutText {#text} at (90,20) size 4x19
          text run at (90,20) width 4: "."
      LayoutBlockFlow {P} at (0,56) size 784x20
        LayoutText {#text} at (0,0) size 533x19
          text run at (0,0) width 533: "You should see two identical green squares, 100x100 pixels each, next to each other."
      LayoutTable {TABLE} at (0,92) size 106x156
        LayoutTableSection {TBODY} at (0,0) size 106x156
          LayoutTableRow {TR} at (0,2) size 106x50
            LayoutTableCell {TD} at (2,26) size 102x2 [r=0 c=0 rs=1 cs=2]
          LayoutTableRow {TR} at (0,54) size 106x100
            LayoutTableCell {TD} at (2,54) size 100x2 [bgcolor=#008000] [r=1 c=0 rs=1 cs=1]
            LayoutTableCell (anonymous) at (104,54) size 0x0 [r=1 c=1 rs=1 cs=1]
layer at (11,155) size 98x98
  LayoutBlockFlow (positioned) {DIV} at (11,155) size 98x98
layer at (112,154) size 102x102
  LayoutBlockFlow (positioned) {TD} at (112,154) size 102x102 [bgcolor=#008000]
