layer at (0,0) size 800x600
  LayoutView at (0,0) size 800x600
layer at (0,0) size 800x600
  LayoutBlockFlow {HTML} at (0,0) size 800x600
    LayoutBlockFlow {BODY} at (8,8) size 784x584
      LayoutBlockFlow {P} at (0,0) size 784x40
        LayoutText {#text} at (0,0) size 172x19
          text run at (0,0) width 172: "This is a regression test for "
        LayoutInline {I} at (0,0) size 744x39
          LayoutInline {A} at (0,0) size 348x19 [color=#0000EE]
            LayoutText {#text} at (172,0) size 348x19
              text run at (172,0) width 348: "http://bugzilla.opendarwin.org/show_bug.cgi?id=9879"
          LayoutText {#text} at (519,0) size 744x39
            text run at (519,0) width 5: " "
            text run at (523,0) width 221: "REGRESSION: Repro crash when"
            text run at (0,20) width 265: "clicking to the side of an anonymous table"
        LayoutText {#text} at (265,20) size 4x19
          text run at (265,20) width 4: "."
      LayoutBlockFlow {P} at (0,56) size 784x20
        LayoutText {#text} at (0,0) size 610x19
          text run at (0,0) width 610: "If the browser does not crash as you click to the right of each of the lines below, it passes the test."
      LayoutBlockFlow {HR} at (0,92) size 784x2 [border: (1px inset #EEEEEE)]
      LayoutBlockFlow {DIV} at (0,102) size 784x80
        LayoutTable (anonymous) at (0,0) size 176x80
          LayoutTableSection (anonymous) at (0,20) size 176x40
            LayoutTableRow {DIV} at (0,0) size 176x20
              LayoutTableCell (anonymous) at (0,0) size 176x20 [r=0 c=0 rs=1 cs=1]
                LayoutText {#text} at (0,0) size 176x19
                  text run at (0,0) width 176: "Click to the right of this text"
            LayoutTableRow (anonymous) at (0,20) size 176x20
              LayoutTableCell {DIV} at (0,20) size 176x20 [r=1 c=0 rs=1 cs=1]
                LayoutText {#text} at (0,0) size 176x19
                  text run at (0,0) width 176: "Click to the right of this text"
          LayoutBlockFlow {DIV} at (0,0) size 176x20
            LayoutText {#text} at (0,0) size 176x19
              text run at (0,0) width 176: "Click to the right of this text"
          LayoutTableSection {DIV} at (0,60) size 176x20
            LayoutTableRow (anonymous) at (0,0) size 176x20
              LayoutTableCell (anonymous) at (0,0) size 176x20 [r=0 c=0 rs=1 cs=1]
                LayoutText {#text} at (0,0) size 176x19
                  text run at (0,0) width 176: "Click to the right of this text"
caret: position 40 of child 0 {#text} of child 7 {DIV} of child 7 {DIV} of body
