layer at (0,0) size 800x600
  LayoutView at (0,0) size 800x600
layer at (0,0) size 800x148
  LayoutBlockFlow {HTML} at (0,0) size 800x148
    LayoutBlockFlow {BODY} at (8,8) size 784x132
      LayoutTable {TABLE} at (0,0) size 271x66
        LayoutBlockFlow {CAPTION} at (0,0) size 271x40
          LayoutText {#text} at (30,0) size 211x39
            text run at (30,0) width 211: "The next line should have yellow"
            text run at (96,20) width 79: "background."
        LayoutTableCol {COLGROUP} at (0,0) size 0x0
          LayoutTableCol {COL} at (0,0) size 0x0 [bgcolor=#FFFF00]
        LayoutTableSection {TBODY} at (0,40) size 271x26
          LayoutTableRow {TR} at (0,2) size 271x22
            LayoutTableCell {TD} at (2,2) size 267x22 [r=0 c=0 rs=1 cs=1]
              LayoutText {#text} at (1,1) size 265x19
                text run at (1,1) width 265: "This line should have yellow background."
      LayoutTable {TABLE} at (0,66) size 271x66
        LayoutBlockFlow {CAPTION} at (0,0) size 271x40
          LayoutText {#text} at (30,0) size 211x39
            text run at (30,0) width 211: "The next line should have yellow"
            text run at (96,20) width 79: "background."
        LayoutTableCol {COLGROUP} at (0,0) size 0x0
          LayoutTableCol {COL} at (0,0) size 0x0 [bgcolor=#FFFF00]
        LayoutTableSection {TBODY} at (0,40) size 271x26
          LayoutTableRow {TR} at (0,2) size 271x22
            LayoutTableCell {TD} at (2,2) size 267x22 [r=0 c=0 rs=1 cs=1]
              LayoutText {#text} at (1,1) size 265x19
                text run at (1,1) width 265: "This line should have yellow background."
