layer at (0,0) size 800x600
  LayoutView at (0,0) size 800x600
layer at (0,0) size 800x256
  LayoutBlockFlow {html} at (0,0) size 800x256
    LayoutBlockFlow {body} at (8,8) size 784x240
      LayoutTable {table} at (0,0) size 81x240
        LayoutBlockFlow {caption} at (0,0) size 81x80
          LayoutText {#text} at (19,0) size 81x79
            text run at (19,0) width 43: "PASS:"
            text run at (0,20) width 81: "Dynamically"
            text run at (21,40) width 39: "added"
            text run at (17,60) width 47: "caption"
        LayoutBlockFlow {caption} at (0,80) size 81x40
          LayoutText {#text} at (3,0) size 75x39
            text run at (3,0) width 75: "PASS: Text"
            text run at (3,20) width 75: "in caption 1"
layer at (8,128) size 81x40 transparent
  LayoutBlockFlow {caption} at (0,120) size 81x40
    LayoutText {#text} at (3,0) size 75x39
      text run at (3,0) width 75: "PASS: Text"
      text run at (3,20) width 75: "in caption 2"
layer at (8,168) size 81x40 transparent
  LayoutBlockFlow {caption} at (0,160) size 81x40
    LayoutText {#text} at (3,0) size 75x39
      text run at (3,0) width 75: "PASS: Text"
      text run at (3,20) width 75: "in caption 3"
layer at (8,208) size 81x40 transparent
  LayoutBlockFlow {caption} at (0,200) size 81x40
    LayoutText {#text} at (3,0) size 75x39
      text run at (3,0) width 75: "PASS: Text"
      text run at (3,20) width 75: "in caption 4"
