layer at (0,0) size 800x600
  LayoutView at (0,0) size 800x600
layer at (0,0) size 800x600
  LayoutBlockFlow {HTML} at (0,0) size 800x600
    LayoutBlockFlow {BODY} at (8,8) size 784x584
      LayoutBlockFlow {P} at (0,0) size 784x20
        LayoutText {#text} at (0,0) size 376x19
          text run at (0,0) width 376: "This page has a few form elements on it with various styles."
      LayoutBlockFlow {P} at (0,36) size 784x20
        LayoutText {#text} at (0,0) size 571x19
          text run at (0,0) width 571: "In older versions of WebKit, the table styles would cause infinite recursion and hangs. See "
        LayoutInline {A} at (0,0) size 115x19 [color=#0000EE]
          LayoutText {#text} at (570,0) size 115x19
            text run at (570,0) width 115: "bugzilla bug 5731"
        LayoutText {#text} at (684,0) size 5x19
          text run at (684,0) width 5: "."
      LayoutBlockFlow {DIV} at (0,72) size 784x20
        LayoutInline {FORM} at (0,0) size 88x19
          LayoutText {#text} at (0,0) size 88x19
            text run at (0,0) width 88: "display: inline"
      LayoutBlockFlow {DIV} at (0,92) size 784x20
        LayoutBlockFlow {FORM} at (0,0) size 784x20
          LayoutText {#text} at (0,0) size 88x19
            text run at (0,0) width 88: "display: block"
      LayoutBlockFlow {DIV} at (0,128) size 784x20
        LayoutListItem {FORM} at (0,0) size 784x20
          LayoutListMarker (anonymous) at (-18,0) size 7x19: bullet
          LayoutText {#text} at (0,0) size 103x19
            text run at (0,0) width 103: "display: list-item"
      LayoutBlockFlow {DIV} at (0,164) size 784x20
        LayoutBlockFlow {FORM} at (0,0) size 784x20
          LayoutText {#text} at (0,0) size 106x19
            text run at (0,0) width 106: "display: compact"
      LayoutBlockFlow {DIV} at (0,200) size 784x36
        LayoutBlockFlow {FORM} at (0,0) size 128x20
          LayoutText {#text} at (0,0) size 128x19
            text run at (0,0) width 128: "display: inline-block"
      LayoutBlockFlow {DIV} at (0,236) size 784x20
        LayoutTable {FORM} at (0,0) size 83x20
          LayoutTableSection (anonymous) at (0,0) size 83x20
            LayoutTableRow (anonymous) at (0,0) size 83x20
              LayoutTableCell (anonymous) at (0,0) size 83x20 [r=0 c=0 rs=1 cs=1]
                LayoutText {#text} at (0,0) size 83x19
                  text run at (0,0) width 83: "display: table"
      LayoutBlockFlow {DIV} at (0,272) size 784x36
        LayoutTable {FORM} at (0,0) size 123x20
          LayoutTableSection (anonymous) at (0,0) size 123x20
            LayoutTableRow (anonymous) at (0,0) size 123x20
              LayoutTableCell (anonymous) at (0,0) size 123x20 [r=0 c=0 rs=1 cs=1]
                LayoutText {#text} at (0,0) size 123x19
                  text run at (0,0) width 123: "display: inline-table"
      LayoutBlockFlow {DIV} at (0,308) size 784x20
        LayoutTable (anonymous) at (0,0) size 155x20
          LayoutTableSection {FORM} at (0,0) size 155x20
            LayoutTableRow (anonymous) at (0,0) size 155x20
              LayoutTableCell (anonymous) at (0,0) size 155x20 [r=0 c=0 rs=1 cs=1]
                LayoutText {#text} at (0,0) size 155x19
                  text run at (0,0) width 155: "display: table-row-group"
      LayoutBlockFlow {DIV} at (0,328) size 784x20
        LayoutTable (anonymous) at (0,0) size 172x20
          LayoutTableSection {FORM} at (0,0) size 172x20
            LayoutTableRow (anonymous) at (0,0) size 172x20
              LayoutTableCell (anonymous) at (0,0) size 172x20 [r=0 c=0 rs=1 cs=1]
                LayoutText {#text} at (0,0) size 172x19
                  text run at (0,0) width 172: "display: table-header-group"
      LayoutBlockFlow {DIV} at (0,348) size 784x20
        LayoutTable (anonymous) at (0,0) size 167x20
          LayoutTableSection {FORM} at (0,0) size 167x20
            LayoutTableRow (anonymous) at (0,0) size 167x20
              LayoutTableCell (anonymous) at (0,0) size 167x20 [r=0 c=0 rs=1 cs=1]
                LayoutText {#text} at (0,0) size 167x19
                  text run at (0,0) width 167: "display: table-footer-group"
      LayoutBlockFlow {DIV} at (0,368) size 784x20
        LayoutTable (anonymous) at (0,0) size 113x20
          LayoutTableSection (anonymous) at (0,0) size 113x20
            LayoutTableRow {FORM} at (0,0) size 113x20
              LayoutTableCell (anonymous) at (0,0) size 113x20 [r=0 c=0 rs=1 cs=1]
                LayoutText {#text} at (0,0) size 113x19
                  text run at (0,0) width 113: "display: table-row"
      LayoutBlockFlow {DIV} at (0,388) size 784x0
        LayoutTable (anonymous) at (0,0) size 0x0
          LayoutTableCol {FORM} at (0,0) size 0x0
      LayoutBlockFlow {DIV} at (0,388) size 784x0
        LayoutTable (anonymous) at (0,0) size 0x0
          LayoutTableCol {FORM} at (0,0) size 0x0
      LayoutBlockFlow {DIV} at (0,388) size 784x20
        LayoutTable (anonymous) at (0,0) size 110x20
          LayoutTableSection (anonymous) at (0,0) size 110x20
            LayoutTableRow (anonymous) at (0,0) size 110x20
              LayoutTableCell {FORM} at (0,0) size 110x20 [r=0 c=0 rs=1 cs=1]
                LayoutText {#text} at (0,0) size 110x19
                  text run at (0,0) width 110: "display: table-cell"
      LayoutBlockFlow {DIV} at (0,408) size 784x76
        LayoutTable (anonymous) at (0,0) size 49x76
          LayoutBlockFlow {FORM} at (0,0) size 49x60
            LayoutText {#text} at (0,0) size 49x59
              text run at (0,0) width 49: "display:"
              text run at (0,20) width 35: "table-"
              text run at (0,40) width 46: "caption"
