layer at (0,0) size 800x600 clip at (0,0) size 785x600 scrollHeight 8148
  LayoutView at (0,0) size 800x600
layer at (0,0) size 785x8148 backgroundClip at (0,0) size 785x600 clip at (0,0) size 785x600
  LayoutBlockFlow {HTML} at (0,0) size 785x8148
    LayoutBlockFlow {BODY} at (8,8) size 769x8092
      LayoutTable {TABLE} at (0,0) size 273x130
        LayoutBlockFlow {CAPTION} at (0,0) size 273x20
          LayoutInline {A} at (0,0) size 224x19
            LayoutText {#text} at (22,0) size 224x19
              text run at (22,0) width 224: "Frame=\x{201C}void\x{201D} and Rules=\x{201C}none\x{201D}"
          LayoutInline {<pseudo:after>} at (0,0) size 5x19
            LayoutTextFragment (anonymous) at (246,0) size 5x19
              text run at (246,0) width 5: ":"
        LayoutTableSection {THEAD} at (0,20) size 273x22
          LayoutTableRow {TR} at (0,0) size 273x22
            LayoutTableCell {TD} at (0,0) size 91x22 [r=0 c=0 rs=1 cs=1]
              LayoutText {#text} at (1,1) size 89x19
                text run at (1,1) width 89: "Row 1, Cell 1"
            LayoutTableCell {TD} at (91,0) size 91x22 [r=0 c=1 rs=1 cs=1]
              LayoutText {#text} at (1,1) size 89x19
                text run at (1,1) width 89: "Row 1, Cell 2"
            LayoutTableCell {TD} at (182,0) size 91x22 [r=0 c=2 rs=1 cs=1]
              LayoutText {#text} at (1,1) size 89x19
                text run at (1,1) width 89: "Row 1, Cell 3"
        LayoutTableSection {TBODY} at (0,42) size 273x66
          LayoutTableRow {TR} at (0,0) size 273x22
            LayoutTableCell {TD} at (0,11) size 91x22 [r=0 c=0 rs=2 cs=1]
              LayoutText {#text} at (1,1) size 89x19
                text run at (1,1) width 89: "Row 2, Cell 1"
            LayoutTableCell {TD} at (91,0) size 182x22 [r=0 c=1 rs=1 cs=2]
              LayoutText {#text} at (1,1) size 89x19
                text run at (1,1) width 89: "Row 2, Cell 2"
          LayoutTableRow {TR} at (0,22) size 273x22
            LayoutTableCell {TD} at (91,22) size 91x22 [r=1 c=1 rs=1 cs=1]
              LayoutText {#text} at (1,1) size 89x19
                text run at (1,1) width 89: "Row 3, Cell 2"
            LayoutTableCell {TD} at (182,33) size 91x22 [r=1 c=2 rs=2 cs=1]
              LayoutText {#text} at (1,1) size 89x19
                text run at (1,1) width 89: "Row 3, Cell 3"
          LayoutTableRow {TR} at (0,44) size 273x22
            LayoutTableCell {TD} at (0,44) size 182x22 [r=2 c=0 rs=1 cs=2]
              LayoutText {#text} at (1,1) size 89x19
                text run at (1,1) width 89: "Row 4, Cell 1"
        LayoutTableSection {TFOOT} at (0,108) size 273x22
          LayoutTableRow {TR} at (0,0) size 273x22
            LayoutTableCell {TD} at (0,0) size 91x22 [r=0 c=0 rs=1 cs=1]
              LayoutText {#text} at (1,1) size 89x19
                text run at (1,1) width 89: "Row 5, Cell 1"
            LayoutTableCell {TD} at (91,0) size 91x22 [r=0 c=1 rs=1 cs=1]
              LayoutText {#text} at (1,1) size 89x19
                text run at (1,1) width 89: "Row 5, Cell 2"
            LayoutTableCell {TD} at (182,0) size 91x22 [r=0 c=2 rs=1 cs=1]
              LayoutText {#text} at (1,1) size 89x19
                text run at (1,1) width 89: "Row 5, Cell 3"
      LayoutTable {TABLE} at (0,178) size 273x131
        LayoutBlockFlow {CAPTION} at (0,0) size 273x20
          LayoutInline {A} at (0,0) size 236x19
            LayoutText {#text} at (16,0) size 236x19
              text run at (16,0) width 236: "Frame=\x{201C}above\x{201D} and Rules=\x{201C}none\x{201D}"
          LayoutInline {<pseudo:after>} at (0,0) size 6x19
            LayoutTextFragment (anonymous) at (251,0) size 6x19
              text run at (251,0) width 6: ":"
        LayoutTableSection {THEAD} at (0,20) size 273x23
          LayoutTableRow {TR} at (0,0) size 273x23
            LayoutTableCell {TD} at (0,0) size 91x23 [border: (1px none #000000)] [r=0 c=0 rs=1 cs=1]
              LayoutText {#text} at (1,2) size 89x19
                text run at (1,2) width 89: "Row 1, Cell 1"
            LayoutTableCell {TD} at (91,0) size 91x23 [border: (1px none #000000)] [r=0 c=1 rs=1 cs=1]
              LayoutText {#text} at (1,2) size 89x19
                text run at (1,2) width 89: "Row 1, Cell 2"
            LayoutTableCell {TD} at (182,0) size 91x23 [border: (1px none #000000)] [r=0 c=2 rs=1 cs=1]
              LayoutText {#text} at (1,2) size 89x19
                text run at (1,2) width 89: "Row 1, Cell 3"
        LayoutTableSection {TBODY} at (0,43) size 273x66
          LayoutTableRow {TR} at (0,0) size 273x22
            LayoutTableCell {TD} at (0,11) size 91x22 [r=0 c=0 rs=2 cs=1]
              LayoutText {#text} at (1,1) size 89x19
                text run at (1,1) width 89: "Row 2, Cell 1"
            LayoutTableCell {TD} at (91,0) size 182x22 [r=0 c=1 rs=1 cs=2]
              LayoutText {#text} at (1,1) size 89x19
                text run at (1,1) width 89: "Row 2, Cell 2"
          LayoutTableRow {TR} at (0,22) size 273x22
            LayoutTableCell {TD} at (91,22) size 91x22 [r=1 c=1 rs=1 cs=1]
              LayoutText {#text} at (1,1) size 89x19
                text run at (1,1) width 89: "Row 3, Cell 2"
            LayoutTableCell {TD} at (182,33) size 91x22 [r=1 c=2 rs=2 cs=1]
              LayoutText {#text} at (1,1) size 89x19
                text run at (1,1) width 89: "Row 3, Cell 3"
          LayoutTableRow {TR} at (0,44) size 273x22
            LayoutTableCell {TD} at (0,44) size 182x22 [r=2 c=0 rs=1 cs=2]
              LayoutText {#text} at (1,1) size 89x19
                text run at (1,1) width 89: "Row 4, Cell 1"
        LayoutTableSection {TFOOT} at (0,109) size 273x22
          LayoutTableRow {TR} at (0,0) size 273x22
            LayoutTableCell {TD} at (0,0) size 91x22 [r=0 c=0 rs=1 cs=1]
              LayoutText {#text} at (1,1) size 89x19
                text run at (1,1) width 89: "Row 5, Cell 1"
            LayoutTableCell {TD} at (91,0) size 91x22 [r=0 c=1 rs=1 cs=1]
              LayoutText {#text} at (1,1) size 89x19
                text run at (1,1) width 89: "Row 5, Cell 2"
            LayoutTableCell {TD} at (182,0) size 91x22 [r=0 c=2 rs=1 cs=1]
              LayoutText {#text} at (1,1) size 89x19
                text run at (1,1) width 89: "Row 5, Cell 3"
      LayoutTable {TABLE} at (0,357) size 273x131 [border: none (1px solid #808080) none]
        LayoutBlockFlow {CAPTION} at (0,0) size 273x20
          LayoutInline {A} at (0,0) size 236x19
            LayoutText {#text} at (16,0) size 236x19
              text run at (16,0) width 236: "Frame=\x{201C}below\x{201D} and Rules=\x{201C}none\x{201D}"
          LayoutInline {<pseudo:after>} at (0,0) size 6x19
            LayoutTextFragment (anonymous) at (251,0) size 6x19
              text run at (251,0) width 6: ":"
        LayoutTableSection {THEAD} at (0,20) size 273x22
          LayoutTableRow {TR} at (0,0) size 273x22
            LayoutTableCell {TD} at (0,0) size 91x22 [r=0 c=0 rs=1 cs=1]
              LayoutText {#text} at (1,1) size 89x19
                text run at (1,1) width 89: "Row 1, Cell 1"
            LayoutTableCell {TD} at (91,0) size 91x22 [r=0 c=1 rs=1 cs=1]
              LayoutText {#text} at (1,1) size 89x19
                text run at (1,1) width 89: "Row 1, Cell 2"
            LayoutTableCell {TD} at (182,0) size 91x22 [r=0 c=2 rs=1 cs=1]
              LayoutText {#text} at (1,1) size 89x19
                text run at (1,1) width 89: "Row 1, Cell 3"
        LayoutTableSection {TBODY} at (0,42) size 273x66
          LayoutTableRow {TR} at (0,0) size 273x22
            LayoutTableCell {TD} at (0,11) size 91x22 [r=0 c=0 rs=2 cs=1]
              LayoutText {#text} at (1,1) size 89x19
                text run at (1,1) width 89: "Row 2, Cell 1"
            LayoutTableCell {TD} at (91,0) size 182x22 [r=0 c=1 rs=1 cs=2]
              LayoutText {#text} at (1,1) size 89x19
                text run at (1,1) width 89: "Row 2, Cell 2"
          LayoutTableRow {TR} at (0,22) size 273x22
            LayoutTableCell {TD} at (91,22) size 91x22 [r=1 c=1 rs=1 cs=1]
              LayoutText {#text} at (1,1) size 89x19
                text run at (1,1) width 89: "Row 3, Cell 2"
            LayoutTableCell {TD} at (182,33) size 91x22 [r=1 c=2 rs=2 cs=1]
              LayoutText {#text} at (1,1) size 89x19
                text run at (1,1) width 89: "Row 3, Cell 3"
          LayoutTableRow {TR} at (0,44) size 273x22
            LayoutTableCell {TD} at (0,44) size 182x22 [r=2 c=0 rs=1 cs=2]
              LayoutText {#text} at (1,1) size 89x19
                text run at (1,1) width 89: "Row 4, Cell 1"
        LayoutTableSection {TFOOT} at (0,108) size 273x22
          LayoutTableRow {TR} at (0,0) size 273x22
            LayoutTableCell {TD} at (0,0) size 91x22 [r=0 c=0 rs=1 cs=1]
              LayoutText {#text} at (1,1) size 89x19
                text run at (1,1) width 89: "Row 5, Cell 1"
            LayoutTableCell {TD} at (91,0) size 91x22 [r=0 c=1 rs=1 cs=1]
              LayoutText {#text} at (1,1) size 89x19
                text run at (1,1) width 89: "Row 5, Cell 2"
            LayoutTableCell {TD} at (182,0) size 91x22 [r=0 c=2 rs=1 cs=1]
              LayoutText {#text} at (1,1) size 89x19
                text run at (1,1) width 89: "Row 5, Cell 3"
      LayoutTable {TABLE} at (0,536) size 273x132 [border: none none (1px solid #808080) none]
        LayoutBlockFlow {CAPTION} at (0,0) size 273x20
          LayoutInline {A} at (0,0) size 238x19
            LayoutText {#text} at (15,0) size 238x19
              text run at (15,0) width 238: "Frame=\x{201C}hsides\x{201D} and Rules=\x{201C}none\x{201D}"
          LayoutInline {<pseudo:after>} at (0,0) size 6x19
            LayoutTextFragment (anonymous) at (252,0) size 6x19
              text run at (252,0) width 6: ":"
        LayoutTableSection {THEAD} at (0,20) size 273x23
          LayoutTableRow {TR} at (0,0) size 273x23
            LayoutTableCell {TD} at (0,0) size 91x23 [border: (1px none #000000)] [r=0 c=0 rs=1 cs=1]
              LayoutText {#text} at (1,2) size 89x19
                text run at (1,2) width 89: "Row 1, Cell 1"
            LayoutTableCell {TD} at (91,0) size 91x23 [border: (1px none #000000)] [r=0 c=1 rs=1 cs=1]
              LayoutText {#text} at (1,2) size 89x19
                text run at (1,2) width 89: "Row 1, Cell 2"
            LayoutTableCell {TD} at (182,0) size 91x23 [border: (1px none #000000)] [r=0 c=2 rs=1 cs=1]
              LayoutText {#text} at (1,2) size 89x19
                text run at (1,2) width 89: "Row 1, Cell 3"
        LayoutTableSection {TBODY} at (0,43) size 273x66
          LayoutTableRow {TR} at (0,0) size 273x22
            LayoutTableCell {TD} at (0,11) size 91x22 [r=0 c=0 rs=2 cs=1]
              LayoutText {#text} at (1,1) size 89x19
                text run at (1,1) width 89: "Row 2, Cell 1"
            LayoutTableCell {TD} at (91,0) size 182x22 [r=0 c=1 rs=1 cs=2]
              LayoutText {#text} at (1,1) size 89x19
                text run at (1,1) width 89: "Row 2, Cell 2"
          LayoutTableRow {TR} at (0,22) size 273x22
            LayoutTableCell {TD} at (91,22) size 91x22 [r=1 c=1 rs=1 cs=1]
              LayoutText {#text} at (1,1) size 89x19
                text run at (1,1) width 89: "Row 3, Cell 2"
            LayoutTableCell {TD} at (182,33) size 91x22 [r=1 c=2 rs=2 cs=1]
              LayoutText {#text} at (1,1) size 89x19
                text run at (1,1) width 89: "Row 3, Cell 3"
          LayoutTableRow {TR} at (0,44) size 273x22
            LayoutTableCell {TD} at (0,44) size 182x22 [r=2 c=0 rs=1 cs=2]
              LayoutText {#text} at (1,1) size 89x19
                text run at (1,1) width 89: "Row 4, Cell 1"
        LayoutTableSection {TFOOT} at (0,109) size 273x22
          LayoutTableRow {TR} at (0,0) size 273x22
            LayoutTableCell {TD} at (0,0) size 91x22 [r=0 c=0 rs=1 cs=1]
              LayoutText {#text} at (1,1) size 89x19
                text run at (1,1) width 89: "Row 5, Cell 1"
            LayoutTableCell {TD} at (91,0) size 91x22 [r=0 c=1 rs=1 cs=1]
              LayoutText {#text} at (1,1) size 89x19
                text run at (1,1) width 89: "Row 5, Cell 2"
            LayoutTableCell {TD} at (182,0) size 91x22 [r=0 c=2 rs=1 cs=1]
              LayoutText {#text} at (1,1) size 89x19
                text run at (1,1) width 89: "Row 5, Cell 3"
      LayoutTable {TABLE} at (0,716) size 275x130 [border: none (1px solid #808080) none none]
        LayoutBlockFlow {CAPTION} at (0,0) size 275x20
          LayoutInline {A} at (0,0) size 236x19
            LayoutText {#text} at (17,0) size 236x19
              text run at (17,0) width 236: "Frame=\x{201C}vsides\x{201D} and Rules=\x{201C}none\x{201D}"
          LayoutInline {<pseudo:after>} at (0,0) size 6x19
            LayoutTextFragment (anonymous) at (252,0) size 6x19
              text run at (252,0) width 6: ":"
        LayoutTableSection {THEAD} at (0,20) size 274x22
          LayoutTableRow {TR} at (0,0) size 274x22
            LayoutTableCell {TD} at (0,0) size 92x22 [border: none] [r=0 c=0 rs=1 cs=1]
              LayoutText {#text} at (2,1) size 89x19
                text run at (2,1) width 89: "Row 1, Cell 1"
            LayoutTableCell {TD} at (92,0) size 91x22 [r=0 c=1 rs=1 cs=1]
              LayoutText {#text} at (1,1) size 89x19
                text run at (1,1) width 89: "Row 1, Cell 2"
            LayoutTableCell {TD} at (183,0) size 91x22 [r=0 c=2 rs=1 cs=1]
              LayoutText {#text} at (1,1) size 89x19
                text run at (1,1) width 89: "Row 1, Cell 3"
        LayoutTableSection {TBODY} at (0,42) size 274x66
          LayoutTableRow {TR} at (0,0) size 274x22
            LayoutTableCell {TD} at (0,11) size 92x22 [border: none] [r=0 c=0 rs=2 cs=1]
              LayoutText {#text} at (2,1) size 89x19
                text run at (2,1) width 89: "Row 2, Cell 1"
            LayoutTableCell {TD} at (92,0) size 182x22 [r=0 c=1 rs=1 cs=2]
              LayoutText {#text} at (1,1) size 89x19
                text run at (1,1) width 89: "Row 2, Cell 2"
          LayoutTableRow {TR} at (0,22) size 274x22
            LayoutTableCell {TD} at (92,22) size 91x22 [r=1 c=1 rs=1 cs=1]
              LayoutText {#text} at (1,1) size 89x19
                text run at (1,1) width 89: "Row 3, Cell 2"
            LayoutTableCell {TD} at (183,33) size 91x22 [r=1 c=2 rs=2 cs=1]
              LayoutText {#text} at (1,1) size 89x19
                text run at (1,1) width 89: "Row 3, Cell 3"
          LayoutTableRow {TR} at (0,44) size 274x22
            LayoutTableCell {TD} at (0,44) size 183x22 [border: none] [r=2 c=0 rs=1 cs=2]
              LayoutText {#text} at (2,1) size 89x19
                text run at (2,1) width 89: "Row 4, Cell 1"
        LayoutTableSection {TFOOT} at (0,108) size 274x22
          LayoutTableRow {TR} at (0,0) size 274x22
            LayoutTableCell {TD} at (0,0) size 92x22 [border: none] [r=0 c=0 rs=1 cs=1]
              LayoutText {#text} at (2,1) size 89x19
                text run at (2,1) width 89: "Row 5, Cell 1"
            LayoutTableCell {TD} at (92,0) size 91x22 [r=0 c=1 rs=1 cs=1]
              LayoutText {#text} at (1,1) size 89x19
                text run at (1,1) width 89: "Row 5, Cell 2"
            LayoutTableCell {TD} at (183,0) size 91x22 [r=0 c=2 rs=1 cs=1]
              LayoutText {#text} at (1,1) size 89x19
                text run at (1,1) width 89: "Row 5, Cell 3"
      LayoutTable {TABLE} at (0,894) size 274x130
        LayoutBlockFlow {CAPTION} at (0,0) size 274x20
          LayoutInline {A} at (0,0) size 217x19
            LayoutText {#text} at (26,0) size 217x19
              text run at (26,0) width 217: "Frame=\x{201C}lhs\x{201D} and Rules=\x{201C}none\x{201D}"
          LayoutInline {<pseudo:after>} at (0,0) size 6x19
            LayoutTextFragment (anonymous) at (242,0) size 6x19
              text run at (242,0) width 6: ":"
        LayoutTableSection {THEAD} at (0,20) size 274x22
          LayoutTableRow {TR} at (0,0) size 274x22
            LayoutTableCell {TD} at (0,0) size 92x22 [border: none] [r=0 c=0 rs=1 cs=1]
              LayoutText {#text} at (2,1) size 89x19
                text run at (2,1) width 89: "Row 1, Cell 1"
            LayoutTableCell {TD} at (92,0) size 91x22 [r=0 c=1 rs=1 cs=1]
              LayoutText {#text} at (1,1) size 89x19
                text run at (1,1) width 89: "Row 1, Cell 2"
            LayoutTableCell {TD} at (183,0) size 91x22 [r=0 c=2 rs=1 cs=1]
              LayoutText {#text} at (1,1) size 89x19
                text run at (1,1) width 89: "Row 1, Cell 3"
        LayoutTableSection {TBODY} at (0,42) size 274x66
          LayoutTableRow {TR} at (0,0) size 274x22
            LayoutTableCell {TD} at (0,11) size 92x22 [border: none] [r=0 c=0 rs=2 cs=1]
              LayoutText {#text} at (2,1) size 89x19
                text run at (2,1) width 89: "Row 2, Cell 1"
            LayoutTableCell {TD} at (92,0) size 182x22 [r=0 c=1 rs=1 cs=2]
              LayoutText {#text} at (1,1) size 89x19
                text run at (1,1) width 89: "Row 2, Cell 2"
          LayoutTableRow {TR} at (0,22) size 274x22
            LayoutTableCell {TD} at (92,22) size 91x22 [r=1 c=1 rs=1 cs=1]
              LayoutText {#text} at (1,1) size 89x19
                text run at (1,1) width 89: "Row 3, Cell 2"
            LayoutTableCell {TD} at (183,33) size 91x22 [r=1 c=2 rs=2 cs=1]
              LayoutText {#text} at (1,1) size 89x19
                text run at (1,1) width 89: "Row 3, Cell 3"
          LayoutTableRow {TR} at (0,44) size 274x22
            LayoutTableCell {TD} at (0,44) size 183x22 [border: none] [r=2 c=0 rs=1 cs=2]
              LayoutText {#text} at (2,1) size 89x19
                text run at (2,1) width 89: "Row 4, Cell 1"
        LayoutTableSection {TFOOT} at (0,108) size 274x22
          LayoutTableRow {TR} at (0,0) size 274x22
            LayoutTableCell {TD} at (0,0) size 92x22 [border: none] [r=0 c=0 rs=1 cs=1]
              LayoutText {#text} at (2,1) size 89x19
                text run at (2,1) width 89: "Row 5, Cell 1"
            LayoutTableCell {TD} at (92,0) size 91x22 [r=0 c=1 rs=1 cs=1]
              LayoutText {#text} at (1,1) size 89x19
                text run at (1,1) width 89: "Row 5, Cell 2"
            LayoutTableCell {TD} at (183,0) size 91x22 [r=0 c=2 rs=1 cs=1]
              LayoutText {#text} at (1,1) size 89x19
                text run at (1,1) width 89: "Row 5, Cell 3"
      LayoutTable {TABLE} at (0,1072) size 274x130 [border: none (1px solid #808080) none]
        LayoutBlockFlow {CAPTION} at (0,0) size 274x20
          LayoutInline {A} at (0,0) size 219x19
            LayoutText {#text} at (25,0) size 219x19
              text run at (25,0) width 219: "Frame=\x{201C}rhs\x{201D} and Rules=\x{201C}none\x{201D}"
          LayoutInline {<pseudo:after>} at (0,0) size 6x19
            LayoutTextFragment (anonymous) at (243,0) size 6x19
              text run at (243,0) width 6: ":"
        LayoutTableSection {THEAD} at (0,20) size 273x22
          LayoutTableRow {TR} at (0,0) size 273x22
            LayoutTableCell {TD} at (0,0) size 91x22 [r=0 c=0 rs=1 cs=1]
              LayoutText {#text} at (1,1) size 89x19
                text run at (1,1) width 89: "Row 1, Cell 1"
            LayoutTableCell {TD} at (91,0) size 91x22 [r=0 c=1 rs=1 cs=1]
              LayoutText {#text} at (1,1) size 89x19
                text run at (1,1) width 89: "Row 1, Cell 2"
            LayoutTableCell {TD} at (182,0) size 91x22 [r=0 c=2 rs=1 cs=1]
              LayoutText {#text} at (1,1) size 89x19
                text run at (1,1) width 89: "Row 1, Cell 3"
        LayoutTableSection {TBODY} at (0,42) size 273x66
          LayoutTableRow {TR} at (0,0) size 273x22
            LayoutTableCell {TD} at (0,11) size 91x22 [r=0 c=0 rs=2 cs=1]
              LayoutText {#text} at (1,1) size 89x19
                text run at (1,1) width 89: "Row 2, Cell 1"
            LayoutTableCell {TD} at (91,0) size 182x22 [r=0 c=1 rs=1 cs=2]
              LayoutText {#text} at (1,1) size 89x19
                text run at (1,1) width 89: "Row 2, Cell 2"
          LayoutTableRow {TR} at (0,22) size 273x22
            LayoutTableCell {TD} at (91,22) size 91x22 [r=1 c=1 rs=1 cs=1]
              LayoutText {#text} at (1,1) size 89x19
                text run at (1,1) width 89: "Row 3, Cell 2"
            LayoutTableCell {TD} at (182,33) size 91x22 [r=1 c=2 rs=2 cs=1]
              LayoutText {#text} at (1,1) size 89x19
                text run at (1,1) width 89: "Row 3, Cell 3"
          LayoutTableRow {TR} at (0,44) size 273x22
            LayoutTableCell {TD} at (0,44) size 182x22 [r=2 c=0 rs=1 cs=2]
              LayoutText {#text} at (1,1) size 89x19
                text run at (1,1) width 89: "Row 4, Cell 1"
        LayoutTableSection {TFOOT} at (0,108) size 273x22
          LayoutTableRow {TR} at (0,0) size 273x22
            LayoutTableCell {TD} at (0,0) size 91x22 [r=0 c=0 rs=1 cs=1]
              LayoutText {#text} at (1,1) size 89x19
                text run at (1,1) width 89: "Row 5, Cell 1"
            LayoutTableCell {TD} at (91,0) size 91x22 [r=0 c=1 rs=1 cs=1]
              LayoutText {#text} at (1,1) size 89x19
                text run at (1,1) width 89: "Row 5, Cell 2"
            LayoutTableCell {TD} at (182,0) size 91x22 [r=0 c=2 rs=1 cs=1]
              LayoutText {#text} at (1,1) size 89x19
                text run at (1,1) width 89: "Row 5, Cell 3"
      LayoutTable {TABLE} at (0,1250) size 275x132 [border: none]
        LayoutBlockFlow {CAPTION} at (0,0) size 275x20
          LayoutInline {A} at (0,0) size 222x19
            LayoutText {#text} at (24,0) size 222x19
              text run at (24,0) width 222: "Frame=\x{201C}box\x{201D} and Rules=\x{201C}none\x{201D}"
          LayoutInline {<pseudo:after>} at (0,0) size 6x19
            LayoutTextFragment (anonymous) at (245,0) size 6x19
              text run at (245,0) width 6: ":"
        LayoutTableSection {THEAD} at (0,20) size 274x23
          LayoutTableRow {TR} at (0,0) size 274x23
            LayoutTableCell {TD} at (0,0) size 92x23 [border: (1px none #000000)] [r=0 c=0 rs=1 cs=1]
              LayoutText {#text} at (2,2) size 89x19
                text run at (2,2) width 89: "Row 1, Cell 1"
            LayoutTableCell {TD} at (92,0) size 91x23 [border: (1px none #000000)] [r=0 c=1 rs=1 cs=1]
              LayoutText {#text} at (1,2) size 89x19
                text run at (1,2) width 89: "Row 1, Cell 2"
            LayoutTableCell {TD} at (183,0) size 91x23 [border: (1px none #000000)] [r=0 c=2 rs=1 cs=1]
              LayoutText {#text} at (1,2) size 89x19
                text run at (1,2) width 89: "Row 1, Cell 3"
        LayoutTableSection {TBODY} at (0,43) size 274x66
          LayoutTableRow {TR} at (0,0) size 274x22
            LayoutTableCell {TD} at (0,11) size 92x22 [border: none] [r=0 c=0 rs=2 cs=1]
              LayoutText {#text} at (2,1) size 89x19
                text run at (2,1) width 89: "Row 2, Cell 1"
            LayoutTableCell {TD} at (92,0) size 182x22 [r=0 c=1 rs=1 cs=2]
              LayoutText {#text} at (1,1) size 89x19
                text run at (1,1) width 89: "Row 2, Cell 2"
          LayoutTableRow {TR} at (0,22) size 274x22
            LayoutTableCell {TD} at (92,22) size 91x22 [r=1 c=1 rs=1 cs=1]
              LayoutText {#text} at (1,1) size 89x19
                text run at (1,1) width 89: "Row 3, Cell 2"
            LayoutTableCell {TD} at (183,33) size 91x22 [r=1 c=2 rs=2 cs=1]
              LayoutText {#text} at (1,1) size 89x19
                text run at (1,1) width 89: "Row 3, Cell 3"
          LayoutTableRow {TR} at (0,44) size 274x22
            LayoutTableCell {TD} at (0,44) size 183x22 [border: none] [r=2 c=0 rs=1 cs=2]
              LayoutText {#text} at (2,1) size 89x19
                text run at (2,1) width 89: "Row 4, Cell 1"
        LayoutTableSection {TFOOT} at (0,109) size 274x22
          LayoutTableRow {TR} at (0,0) size 274x22
            LayoutTableCell {TD} at (0,0) size 92x22 [border: none] [r=0 c=0 rs=1 cs=1]
              LayoutText {#text} at (2,1) size 89x19
                text run at (2,1) width 89: "Row 5, Cell 1"
            LayoutTableCell {TD} at (92,0) size 91x22 [r=0 c=1 rs=1 cs=1]
              LayoutText {#text} at (1,1) size 89x19
                text run at (1,1) width 89: "Row 5, Cell 2"
            LayoutTableCell {TD} at (183,0) size 91x22 [r=0 c=2 rs=1 cs=1]
              LayoutText {#text} at (1,1) size 89x19
                text run at (1,1) width 89: "Row 5, Cell 3"
      LayoutTable {TABLE} at (0,1430) size 275x132 [border: none]
        LayoutBlockFlow {CAPTION} at (0,0) size 275x20
          LayoutInline {A} at (0,0) size 240x19
            LayoutText {#text} at (15,0) size 240x19
              text run at (15,0) width 240: "Frame=\x{201C}border\x{201D} and Rules=\x{201C}none\x{201D}"
          LayoutInline {<pseudo:after>} at (0,0) size 5x19
            LayoutTextFragment (anonymous) at (255,0) size 5x19
              text run at (255,0) width 5: ":"
        LayoutTableSection {THEAD} at (0,20) size 274x23
          LayoutTableRow {TR} at (0,0) size 274x23
            LayoutTableCell {TD} at (0,0) size 92x23 [border: (1px none #000000)] [r=0 c=0 rs=1 cs=1]
              LayoutText {#text} at (2,2) size 89x19
                text run at (2,2) width 89: "Row 1, Cell 1"
            LayoutTableCell {TD} at (92,0) size 91x23 [border: (1px none #000000)] [r=0 c=1 rs=1 cs=1]
              LayoutText {#text} at (1,2) size 89x19
                text run at (1,2) width 89: "Row 1, Cell 2"
            LayoutTableCell {TD} at (183,0) size 91x23 [border: (1px none #000000)] [r=0 c=2 rs=1 cs=1]
              LayoutText {#text} at (1,2) size 89x19
                text run at (1,2) width 89: "Row 1, Cell 3"
        LayoutTableSection {TBODY} at (0,43) size 274x66
          LayoutTableRow {TR} at (0,0) size 274x22
            LayoutTableCell {TD} at (0,11) size 92x22 [border: none] [r=0 c=0 rs=2 cs=1]
              LayoutText {#text} at (2,1) size 89x19
                text run at (2,1) width 89: "Row 2, Cell 1"
            LayoutTableCell {TD} at (92,0) size 182x22 [r=0 c=1 rs=1 cs=2]
              LayoutText {#text} at (1,1) size 89x19
                text run at (1,1) width 89: "Row 2, Cell 2"
          LayoutTableRow {TR} at (0,22) size 274x22
            LayoutTableCell {TD} at (92,22) size 91x22 [r=1 c=1 rs=1 cs=1]
              LayoutText {#text} at (1,1) size 89x19
                text run at (1,1) width 89: "Row 3, Cell 2"
            LayoutTableCell {TD} at (183,33) size 91x22 [r=1 c=2 rs=2 cs=1]
              LayoutText {#text} at (1,1) size 89x19
                text run at (1,1) width 89: "Row 3, Cell 3"
          LayoutTableRow {TR} at (0,44) size 274x22
            LayoutTableCell {TD} at (0,44) size 183x22 [border: none] [r=2 c=0 rs=1 cs=2]
              LayoutText {#text} at (2,1) size 89x19
                text run at (2,1) width 89: "Row 4, Cell 1"
        LayoutTableSection {TFOOT} at (0,109) size 274x22
          LayoutTableRow {TR} at (0,0) size 274x22
            LayoutTableCell {TD} at (0,0) size 92x22 [border: none] [r=0 c=0 rs=1 cs=1]
              LayoutText {#text} at (2,1) size 89x19
                text run at (2,1) width 89: "Row 5, Cell 1"
            LayoutTableCell {TD} at (92,0) size 91x22 [r=0 c=1 rs=1 cs=1]
              LayoutText {#text} at (1,1) size 89x19
                text run at (1,1) width 89: "Row 5, Cell 2"
            LayoutTableCell {TD} at (183,0) size 91x22 [r=0 c=2 rs=1 cs=1]
              LayoutText {#text} at (1,1) size 89x19
                text run at (1,1) width 89: "Row 5, Cell 3"
      LayoutTable {TABLE} at (0,1610) size 273x132
        LayoutBlockFlow {CAPTION} at (0,0) size 273x20
          LayoutInline {A} at (0,0) size 236x19
            LayoutText {#text} at (16,0) size 236x19
              text run at (16,0) width 236: "Frame=\x{201C}void\x{201D} and Rules=\x{201C}groups\x{201D}"
          LayoutInline {<pseudo:after>} at (0,0) size 5x19
            LayoutTextFragment (anonymous) at (252,0) size 5x19
              text run at (252,0) width 5: ":"
        LayoutTableSection {THEAD} at (0,20) size 273x22 [border: (1px solid #808080) none (1px solid #808080) none]
          LayoutTableRow {TR} at (0,0) size 273x22
            LayoutTableCell {TD} at (0,0) size 91x22 [r=0 c=0 rs=1 cs=1]
              LayoutText {#text} at (1,1) size 89x19
                text run at (1,1) width 89: "Row 1, Cell 1"
            LayoutTableCell {TD} at (91,0) size 91x22 [r=0 c=1 rs=1 cs=1]
              LayoutText {#text} at (1,1) size 89x19
                text run at (1,1) width 89: "Row 1, Cell 2"
            LayoutTableCell {TD} at (182,0) size 91x22 [r=0 c=2 rs=1 cs=1]
              LayoutText {#text} at (1,1) size 89x19
                text run at (1,1) width 89: "Row 1, Cell 3"
        LayoutTableSection {TBODY} at (0,42) size 273x67 [border: (1px solid #808080) none (1px solid #808080) none]
          LayoutTableRow {TR} at (0,0) size 273x23
            LayoutTableCell {TD} at (0,11) size 91x23 [border: (1px none #000000)] [r=0 c=0 rs=2 cs=1]
              LayoutText {#text} at (1,2) size 89x19
                text run at (1,2) width 89: "Row 2, Cell 1"
            LayoutTableCell {TD} at (91,0) size 182x23 [border: (1px none #000000)] [r=0 c=1 rs=1 cs=2]
              LayoutText {#text} at (1,2) size 89x19
                text run at (1,2) width 89: "Row 2, Cell 2"
          LayoutTableRow {TR} at (0,23) size 273x22
            LayoutTableCell {TD} at (91,23) size 91x22 [r=1 c=1 rs=1 cs=1]
              LayoutText {#text} at (1,1) size 89x19
                text run at (1,1) width 89: "Row 3, Cell 2"
            LayoutTableCell {TD} at (182,34) size 91x22 [r=1 c=2 rs=2 cs=1]
              LayoutText {#text} at (1,1) size 89x19
                text run at (1,1) width 89: "Row 3, Cell 3"
          LayoutTableRow {TR} at (0,45) size 273x22
            LayoutTableCell {TD} at (0,45) size 182x22 [r=2 c=0 rs=1 cs=2]
              LayoutText {#text} at (1,1) size 89x19
                text run at (1,1) width 89: "Row 4, Cell 1"
        LayoutTableSection {TFOOT} at (0,109) size 273x23 [border: (1px solid #808080) none (1px solid #808080) none]
          LayoutTableRow {TR} at (0,0) size 273x23
            LayoutTableCell {TD} at (0,0) size 91x23 [border: (1px none #000000)] [r=0 c=0 rs=1 cs=1]
              LayoutText {#text} at (1,2) size 89x19
                text run at (1,2) width 89: "Row 5, Cell 1"
            LayoutTableCell {TD} at (91,0) size 91x23 [border: (1px none #000000)] [r=0 c=1 rs=1 cs=1]
              LayoutText {#text} at (1,2) size 89x19
                text run at (1,2) width 89: "Row 5, Cell 2"
            LayoutTableCell {TD} at (182,0) size 91x23 [border: (1px none #000000)] [r=0 c=2 rs=1 cs=1]
              LayoutText {#text} at (1,2) size 89x19
                text run at (1,2) width 89: "Row 5, Cell 3"
      LayoutTable {TABLE} at (0,1790) size 273x133
        LayoutBlockFlow {CAPTION} at (0,0) size 273x20
          LayoutInline {A} at (0,0) size 248x19
            LayoutText {#text} at (10,0) size 248x19
              text run at (10,0) width 248: "Frame=\x{201C}above\x{201D} and Rules=\x{201C}groups\x{201D}"
          LayoutInline {<pseudo:after>} at (0,0) size 6x19
            LayoutTextFragment (anonymous) at (257,0) size 6x19
              text run at (257,0) width 6: ":"
        LayoutTableSection {THEAD} at (0,20) size 273x23 [border: (1px solid #808080) none (1px solid #808080) none]
          LayoutTableRow {TR} at (0,0) size 273x23
            LayoutTableCell {TD} at (0,0) size 91x23 [border: (1px none #000000)] [r=0 c=0 rs=1 cs=1]
              LayoutText {#text} at (1,2) size 89x19
                text run at (1,2) width 89: "Row 1, Cell 1"
            LayoutTableCell {TD} at (91,0) size 91x23 [border: (1px none #000000)] [r=0 c=1 rs=1 cs=1]
              LayoutText {#text} at (1,2) size 89x19
                text run at (1,2) width 89: "Row 1, Cell 2"
            LayoutTableCell {TD} at (182,0) size 91x23 [border: (1px none #000000)] [r=0 c=2 rs=1 cs=1]
              LayoutText {#text} at (1,2) size 89x19
                text run at (1,2) width 89: "Row 1, Cell 3"
        LayoutTableSection {TBODY} at (0,43) size 273x67 [border: (1px solid #808080) none (1px solid #808080) none]
          LayoutTableRow {TR} at (0,0) size 273x23
            LayoutTableCell {TD} at (0,11) size 91x23 [border: (1px none #000000)] [r=0 c=0 rs=2 cs=1]
              LayoutText {#text} at (1,2) size 89x19
                text run at (1,2) width 89: "Row 2, Cell 1"
            LayoutTableCell {TD} at (91,0) size 182x23 [border: (1px none #000000)] [r=0 c=1 rs=1 cs=2]
              LayoutText {#text} at (1,2) size 89x19
                text run at (1,2) width 89: "Row 2, Cell 2"
          LayoutTableRow {TR} at (0,23) size 273x22
            LayoutTableCell {TD} at (91,23) size 91x22 [r=1 c=1 rs=1 cs=1]
              LayoutText {#text} at (1,1) size 89x19
                text run at (1,1) width 89: "Row 3, Cell 2"
            LayoutTableCell {TD} at (182,34) size 91x22 [r=1 c=2 rs=2 cs=1]
              LayoutText {#text} at (1,1) size 89x19
                text run at (1,1) width 89: "Row 3, Cell 3"
          LayoutTableRow {TR} at (0,45) size 273x22
            LayoutTableCell {TD} at (0,45) size 182x22 [r=2 c=0 rs=1 cs=2]
              LayoutText {#text} at (1,1) size 89x19
                text run at (1,1) width 89: "Row 4, Cell 1"
        LayoutTableSection {TFOOT} at (0,110) size 273x23 [border: (1px solid #808080) none (1px solid #808080) none]
          LayoutTableRow {TR} at (0,0) size 273x23
            LayoutTableCell {TD} at (0,0) size 91x23 [border: (1px none #000000)] [r=0 c=0 rs=1 cs=1]
              LayoutText {#text} at (1,2) size 89x19
                text run at (1,2) width 89: "Row 5, Cell 1"
            LayoutTableCell {TD} at (91,0) size 91x23 [border: (1px none #000000)] [r=0 c=1 rs=1 cs=1]
              LayoutText {#text} at (1,2) size 89x19
                text run at (1,2) width 89: "Row 5, Cell 2"
            LayoutTableCell {TD} at (182,0) size 91x23 [border: (1px none #000000)] [r=0 c=2 rs=1 cs=1]
              LayoutText {#text} at (1,2) size 89x19
                text run at (1,2) width 89: "Row 5, Cell 3"
      LayoutTable {TABLE} at (0,1971) size 273x133 [border: none (1px solid #808080) none]
        LayoutBlockFlow {CAPTION} at (0,0) size 273x20
          LayoutInline {A} at (0,0) size 248x19
            LayoutText {#text} at (10,0) size 248x19
              text run at (10,0) width 248: "Frame=\x{201C}below\x{201D} and Rules=\x{201C}groups\x{201D}"
          LayoutInline {<pseudo:after>} at (0,0) size 6x19
            LayoutTextFragment (anonymous) at (257,0) size 6x19
              text run at (257,0) width 6: ":"
        LayoutTableSection {THEAD} at (0,20) size 273x22 [border: (1px solid #808080) none (1px solid #808080) none]
          LayoutTableRow {TR} at (0,0) size 273x22
            LayoutTableCell {TD} at (0,0) size 91x22 [r=0 c=0 rs=1 cs=1]
              LayoutText {#text} at (1,1) size 89x19
                text run at (1,1) width 89: "Row 1, Cell 1"
            LayoutTableCell {TD} at (91,0) size 91x22 [r=0 c=1 rs=1 cs=1]
              LayoutText {#text} at (1,1) size 89x19
                text run at (1,1) width 89: "Row 1, Cell 2"
            LayoutTableCell {TD} at (182,0) size 91x22 [r=0 c=2 rs=1 cs=1]
              LayoutText {#text} at (1,1) size 89x19
                text run at (1,1) width 89: "Row 1, Cell 3"
        LayoutTableSection {TBODY} at (0,42) size 273x67 [border: (1px solid #808080) none (1px solid #808080) none]
          LayoutTableRow {TR} at (0,0) size 273x23
            LayoutTableCell {TD} at (0,11) size 91x23 [border: (1px none #000000)] [r=0 c=0 rs=2 cs=1]
              LayoutText {#text} at (1,2) size 89x19
                text run at (1,2) width 89: "Row 2, Cell 1"
            LayoutTableCell {TD} at (91,0) size 182x23 [border: (1px none #000000)] [r=0 c=1 rs=1 cs=2]
              LayoutText {#text} at (1,2) size 89x19
                text run at (1,2) width 89: "Row 2, Cell 2"
          LayoutTableRow {TR} at (0,23) size 273x22
            LayoutTableCell {TD} at (91,23) size 91x22 [r=1 c=1 rs=1 cs=1]
              LayoutText {#text} at (1,1) size 89x19
                text run at (1,1) width 89: "Row 3, Cell 2"
            LayoutTableCell {TD} at (182,34) size 91x22 [r=1 c=2 rs=2 cs=1]
              LayoutText {#text} at (1,1) size 89x19
                text run at (1,1) width 89: "Row 3, Cell 3"
          LayoutTableRow {TR} at (0,45) size 273x22
            LayoutTableCell {TD} at (0,45) size 182x22 [r=2 c=0 rs=1 cs=2]
              LayoutText {#text} at (1,1) size 89x19
                text run at (1,1) width 89: "Row 4, Cell 1"
        LayoutTableSection {TFOOT} at (0,109) size 273x23 [border: (1px solid #808080) none (1px solid #808080) none]
          LayoutTableRow {TR} at (0,0) size 273x23
            LayoutTableCell {TD} at (0,0) size 91x23 [border: (1px none #000000)] [r=0 c=0 rs=1 cs=1]
              LayoutText {#text} at (1,2) size 89x19
                text run at (1,2) width 89: "Row 5, Cell 1"
            LayoutTableCell {TD} at (91,0) size 91x23 [border: (1px none #000000)] [r=0 c=1 rs=1 cs=1]
              LayoutText {#text} at (1,2) size 89x19
                text run at (1,2) width 89: "Row 5, Cell 2"
            LayoutTableCell {TD} at (182,0) size 91x23 [border: (1px none #000000)] [r=0 c=2 rs=1 cs=1]
              LayoutText {#text} at (1,2) size 89x19
                text run at (1,2) width 89: "Row 5, Cell 3"
      LayoutTable {TABLE} at (0,2152) size 273x134 [border: none none (1px solid #808080) none]
        LayoutBlockFlow {CAPTION} at (0,0) size 273x20
          LayoutInline {A} at (0,0) size 250x19
            LayoutText {#text} at (9,0) size 250x19
              text run at (9,0) width 250: "Frame=\x{201C}hsides\x{201D} and Rules=\x{201C}groups\x{201D}"
          LayoutInline {<pseudo:after>} at (0,0) size 6x19
            LayoutTextFragment (anonymous) at (258,0) size 6x19
              text run at (258,0) width 6: ":"
        LayoutTableSection {THEAD} at (0,20) size 273x23 [border: (1px solid #808080) none (1px solid #808080) none]
          LayoutTableRow {TR} at (0,0) size 273x23
            LayoutTableCell {TD} at (0,0) size 91x23 [border: (1px none #000000)] [r=0 c=0 rs=1 cs=1]
              LayoutText {#text} at (1,2) size 89x19
                text run at (1,2) width 89: "Row 1, Cell 1"
            LayoutTableCell {TD} at (91,0) size 91x23 [border: (1px none #000000)] [r=0 c=1 rs=1 cs=1]
              LayoutText {#text} at (1,2) size 89x19
                text run at (1,2) width 89: "Row 1, Cell 2"
            LayoutTableCell {TD} at (182,0) size 91x23 [border: (1px none #000000)] [r=0 c=2 rs=1 cs=1]
              LayoutText {#text} at (1,2) size 89x19
                text run at (1,2) width 89: "Row 1, Cell 3"
        LayoutTableSection {TBODY} at (0,43) size 273x67 [border: (1px solid #808080) none (1px solid #808080) none]
          LayoutTableRow {TR} at (0,0) size 273x23
            LayoutTableCell {TD} at (0,11) size 91x23 [border: (1px none #000000)] [r=0 c=0 rs=2 cs=1]
              LayoutText {#text} at (1,2) size 89x19
                text run at (1,2) width 89: "Row 2, Cell 1"
            LayoutTableCell {TD} at (91,0) size 182x23 [border: (1px none #000000)] [r=0 c=1 rs=1 cs=2]
              LayoutText {#text} at (1,2) size 89x19
                text run at (1,2) width 89: "Row 2, Cell 2"
          LayoutTableRow {TR} at (0,23) size 273x22
            LayoutTableCell {TD} at (91,23) size 91x22 [r=1 c=1 rs=1 cs=1]
              LayoutText {#text} at (1,1) size 89x19
                text run at (1,1) width 89: "Row 3, Cell 2"
            LayoutTableCell {TD} at (182,34) size 91x22 [r=1 c=2 rs=2 cs=1]
              LayoutText {#text} at (1,1) size 89x19
                text run at (1,1) width 89: "Row 3, Cell 3"
          LayoutTableRow {TR} at (0,45) size 273x22
            LayoutTableCell {TD} at (0,45) size 182x22 [r=2 c=0 rs=1 cs=2]
              LayoutText {#text} at (1,1) size 89x19
                text run at (1,1) width 89: "Row 4, Cell 1"
        LayoutTableSection {TFOOT} at (0,110) size 273x23 [border: (1px solid #808080) none (1px solid #808080) none]
          LayoutTableRow {TR} at (0,0) size 273x23
            LayoutTableCell {TD} at (0,0) size 91x23 [border: (1px none #000000)] [r=0 c=0 rs=1 cs=1]
              LayoutText {#text} at (1,2) size 89x19
                text run at (1,2) width 89: "Row 5, Cell 1"
            LayoutTableCell {TD} at (91,0) size 91x23 [border: (1px none #000000)] [r=0 c=1 rs=1 cs=1]
              LayoutText {#text} at (1,2) size 89x19
                text run at (1,2) width 89: "Row 5, Cell 2"
            LayoutTableCell {TD} at (182,0) size 91x23 [border: (1px none #000000)] [r=0 c=2 rs=1 cs=1]
              LayoutText {#text} at (1,2) size 89x19
                text run at (1,2) width 89: "Row 5, Cell 3"
      LayoutTable {TABLE} at (0,2334) size 275x132 [border: none (1px solid #808080) none none]
        LayoutBlockFlow {CAPTION} at (0,0) size 275x20
          LayoutInline {A} at (0,0) size 248x19
            LayoutText {#text} at (11,0) size 248x19
              text run at (11,0) width 248: "Frame=\x{201C}vsides\x{201D} and Rules=\x{201C}groups\x{201D}"
          LayoutInline {<pseudo:after>} at (0,0) size 6x19
            LayoutTextFragment (anonymous) at (258,0) size 6x19
              text run at (258,0) width 6: ":"
        LayoutTableSection {THEAD} at (0,20) size 274x22 [border: (1px solid #808080) none (1px solid #808080) none]
          LayoutTableRow {TR} at (0,0) size 274x22
            LayoutTableCell {TD} at (0,0) size 92x22 [border: none] [r=0 c=0 rs=1 cs=1]
              LayoutText {#text} at (2,1) size 89x19
                text run at (2,1) width 89: "Row 1, Cell 1"
            LayoutTableCell {TD} at (92,0) size 91x22 [r=0 c=1 rs=1 cs=1]
              LayoutText {#text} at (1,1) size 89x19
                text run at (1,1) width 89: "Row 1, Cell 2"
            LayoutTableCell {TD} at (183,0) size 91x22 [r=0 c=2 rs=1 cs=1]
              LayoutText {#text} at (1,1) size 89x19
                text run at (1,1) width 89: "Row 1, Cell 3"
        LayoutTableSection {TBODY} at (0,42) size 274x67 [border: (1px solid #808080) none (1px solid #808080) none]
          LayoutTableRow {TR} at (0,0) size 274x23
            LayoutTableCell {TD} at (0,11) size 92x23 [border: (1px none #000000)] [r=0 c=0 rs=2 cs=1]
              LayoutText {#text} at (2,2) size 89x19
                text run at (2,2) width 89: "Row 2, Cell 1"
            LayoutTableCell {TD} at (92,0) size 182x23 [border: (1px none #000000)] [r=0 c=1 rs=1 cs=2]
              LayoutText {#text} at (1,2) size 89x19
                text run at (1,2) width 89: "Row 2, Cell 2"
          LayoutTableRow {TR} at (0,23) size 274x22
            LayoutTableCell {TD} at (92,23) size 91x22 [r=1 c=1 rs=1 cs=1]
              LayoutText {#text} at (1,1) size 89x19
                text run at (1,1) width 89: "Row 3, Cell 2"
            LayoutTableCell {TD} at (183,34) size 91x22 [r=1 c=2 rs=2 cs=1]
              LayoutText {#text} at (1,1) size 89x19
                text run at (1,1) width 89: "Row 3, Cell 3"
          LayoutTableRow {TR} at (0,45) size 274x22
            LayoutTableCell {TD} at (0,45) size 183x22 [border: none] [r=2 c=0 rs=1 cs=2]
              LayoutText {#text} at (2,1) size 89x19
                text run at (2,1) width 89: "Row 4, Cell 1"
        LayoutTableSection {TFOOT} at (0,109) size 274x23 [border: (1px solid #808080) none (1px solid #808080) none]
          LayoutTableRow {TR} at (0,0) size 274x23
            LayoutTableCell {TD} at (0,0) size 92x23 [border: (1px none #000000)] [r=0 c=0 rs=1 cs=1]
              LayoutText {#text} at (2,2) size 89x19
                text run at (2,2) width 89: "Row 5, Cell 1"
            LayoutTableCell {TD} at (92,0) size 91x23 [border: (1px none #000000)] [r=0 c=1 rs=1 cs=1]
              LayoutText {#text} at (1,2) size 89x19
                text run at (1,2) width 89: "Row 5, Cell 2"
            LayoutTableCell {TD} at (183,0) size 91x23 [border: (1px none #000000)] [r=0 c=2 rs=1 cs=1]
              LayoutText {#text} at (1,2) size 89x19
                text run at (1,2) width 89: "Row 5, Cell 3"
      LayoutTable {TABLE} at (0,2514) size 274x132
        LayoutBlockFlow {CAPTION} at (0,0) size 274x20
          LayoutInline {A} at (0,0) size 229x19
            LayoutText {#text} at (20,0) size 229x19
              text run at (20,0) width 229: "Frame=\x{201C}lhs\x{201D} and Rules=\x{201C}groups\x{201D}"
          LayoutInline {<pseudo:after>} at (0,0) size 6x19
            LayoutTextFragment (anonymous) at (248,0) size 6x19
              text run at (248,0) width 6: ":"
        LayoutTableSection {THEAD} at (0,20) size 274x22 [border: (1px solid #808080) none (1px solid #808080) none]
          LayoutTableRow {TR} at (0,0) size 274x22
            LayoutTableCell {TD} at (0,0) size 92x22 [border: none] [r=0 c=0 rs=1 cs=1]
              LayoutText {#text} at (2,1) size 89x19
                text run at (2,1) width 89: "Row 1, Cell 1"
            LayoutTableCell {TD} at (92,0) size 91x22 [r=0 c=1 rs=1 cs=1]
              LayoutText {#text} at (1,1) size 89x19
                text run at (1,1) width 89: "Row 1, Cell 2"
            LayoutTableCell {TD} at (183,0) size 91x22 [r=0 c=2 rs=1 cs=1]
              LayoutText {#text} at (1,1) size 89x19
                text run at (1,1) width 89: "Row 1, Cell 3"
        LayoutTableSection {TBODY} at (0,42) size 274x67 [border: (1px solid #808080) none (1px solid #808080) none]
          LayoutTableRow {TR} at (0,0) size 274x23
            LayoutTableCell {TD} at (0,11) size 92x23 [border: (1px none #000000)] [r=0 c=0 rs=2 cs=1]
              LayoutText {#text} at (2,2) size 89x19
                text run at (2,2) width 89: "Row 2, Cell 1"
            LayoutTableCell {TD} at (92,0) size 182x23 [border: (1px none #000000)] [r=0 c=1 rs=1 cs=2]
              LayoutText {#text} at (1,2) size 89x19
                text run at (1,2) width 89: "Row 2, Cell 2"
          LayoutTableRow {TR} at (0,23) size 274x22
            LayoutTableCell {TD} at (92,23) size 91x22 [r=1 c=1 rs=1 cs=1]
              LayoutText {#text} at (1,1) size 89x19
                text run at (1,1) width 89: "Row 3, Cell 2"
            LayoutTableCell {TD} at (183,34) size 91x22 [r=1 c=2 rs=2 cs=1]
              LayoutText {#text} at (1,1) size 89x19
                text run at (1,1) width 89: "Row 3, Cell 3"
          LayoutTableRow {TR} at (0,45) size 274x22
            LayoutTableCell {TD} at (0,45) size 183x22 [border: none] [r=2 c=0 rs=1 cs=2]
              LayoutText {#text} at (2,1) size 89x19
                text run at (2,1) width 89: "Row 4, Cell 1"
        LayoutTableSection {TFOOT} at (0,109) size 274x23 [border: (1px solid #808080) none (1px solid #808080) none]
          LayoutTableRow {TR} at (0,0) size 274x23
            LayoutTableCell {TD} at (0,0) size 92x23 [border: (1px none #000000)] [r=0 c=0 rs=1 cs=1]
              LayoutText {#text} at (2,2) size 89x19
                text run at (2,2) width 89: "Row 5, Cell 1"
            LayoutTableCell {TD} at (92,0) size 91x23 [border: (1px none #000000)] [r=0 c=1 rs=1 cs=1]
              LayoutText {#text} at (1,2) size 89x19
                text run at (1,2) width 89: "Row 5, Cell 2"
            LayoutTableCell {TD} at (183,0) size 91x23 [border: (1px none #000000)] [r=0 c=2 rs=1 cs=1]
              LayoutText {#text} at (1,2) size 89x19
                text run at (1,2) width 89: "Row 5, Cell 3"
      LayoutTable {TABLE} at (0,2694) size 274x132 [border: none (1px solid #808080) none]
        LayoutBlockFlow {CAPTION} at (0,0) size 274x20
          LayoutInline {A} at (0,0) size 231x19
            LayoutText {#text} at (19,0) size 231x19
              text run at (19,0) width 231: "Frame=\x{201C}rhs\x{201D} and Rules=\x{201C}groups\x{201D}"
          LayoutInline {<pseudo:after>} at (0,0) size 6x19
            LayoutTextFragment (anonymous) at (249,0) size 6x19
              text run at (249,0) width 6: ":"
        LayoutTableSection {THEAD} at (0,20) size 273x22 [border: (1px solid #808080) none (1px solid #808080) none]
          LayoutTableRow {TR} at (0,0) size 273x22
            LayoutTableCell {TD} at (0,0) size 91x22 [r=0 c=0 rs=1 cs=1]
              LayoutText {#text} at (1,1) size 89x19
                text run at (1,1) width 89: "Row 1, Cell 1"
            LayoutTableCell {TD} at (91,0) size 91x22 [r=0 c=1 rs=1 cs=1]
              LayoutText {#text} at (1,1) size 89x19
                text run at (1,1) width 89: "Row 1, Cell 2"
            LayoutTableCell {TD} at (182,0) size 91x22 [r=0 c=2 rs=1 cs=1]
              LayoutText {#text} at (1,1) size 89x19
                text run at (1,1) width 89: "Row 1, Cell 3"
        LayoutTableSection {TBODY} at (0,42) size 273x67 [border: (1px solid #808080) none (1px solid #808080) none]
          LayoutTableRow {TR} at (0,0) size 273x23
            LayoutTableCell {TD} at (0,11) size 91x23 [border: (1px none #000000)] [r=0 c=0 rs=2 cs=1]
              LayoutText {#text} at (1,2) size 89x19
                text run at (1,2) width 89: "Row 2, Cell 1"
            LayoutTableCell {TD} at (91,0) size 182x23 [border: (1px none #000000)] [r=0 c=1 rs=1 cs=2]
              LayoutText {#text} at (1,2) size 89x19
                text run at (1,2) width 89: "Row 2, Cell 2"
          LayoutTableRow {TR} at (0,23) size 273x22
            LayoutTableCell {TD} at (91,23) size 91x22 [r=1 c=1 rs=1 cs=1]
              LayoutText {#text} at (1,1) size 89x19
                text run at (1,1) width 89: "Row 3, Cell 2"
            LayoutTableCell {TD} at (182,34) size 91x22 [r=1 c=2 rs=2 cs=1]
              LayoutText {#text} at (1,1) size 89x19
                text run at (1,1) width 89: "Row 3, Cell 3"
          LayoutTableRow {TR} at (0,45) size 273x22
            LayoutTableCell {TD} at (0,45) size 182x22 [r=2 c=0 rs=1 cs=2]
              LayoutText {#text} at (1,1) size 89x19
                text run at (1,1) width 89: "Row 4, Cell 1"
        LayoutTableSection {TFOOT} at (0,109) size 273x23 [border: (1px solid #808080) none (1px solid #808080) none]
          LayoutTableRow {TR} at (0,0) size 273x23
            LayoutTableCell {TD} at (0,0) size 91x23 [border: (1px none #000000)] [r=0 c=0 rs=1 cs=1]
              LayoutText {#text} at (1,2) size 89x19
                text run at (1,2) width 89: "Row 5, Cell 1"
            LayoutTableCell {TD} at (91,0) size 91x23 [border: (1px none #000000)] [r=0 c=1 rs=1 cs=1]
              LayoutText {#text} at (1,2) size 89x19
                text run at (1,2) width 89: "Row 5, Cell 2"
            LayoutTableCell {TD} at (182,0) size 91x23 [border: (1px none #000000)] [r=0 c=2 rs=1 cs=1]
              LayoutText {#text} at (1,2) size 89x19
                text run at (1,2) width 89: "Row 5, Cell 3"
      LayoutTable {TABLE} at (0,2874) size 275x134 [border: none]
        LayoutBlockFlow {CAPTION} at (0,0) size 275x20
          LayoutInline {A} at (0,0) size 234x19
            LayoutText {#text} at (18,0) size 234x19
              text run at (18,0) width 234: "Frame=\x{201C}box\x{201D} and Rules=\x{201C}groups\x{201D}"
          LayoutInline {<pseudo:after>} at (0,0) size 6x19
            LayoutTextFragment (anonymous) at (251,0) size 6x19
              text run at (251,0) width 6: ":"
        LayoutTableSection {THEAD} at (0,20) size 274x23 [border: (1px solid #808080) none (1px solid #808080) none]
          LayoutTableRow {TR} at (0,0) size 274x23
            LayoutTableCell {TD} at (0,0) size 92x23 [border: (1px none #000000)] [r=0 c=0 rs=1 cs=1]
              LayoutText {#text} at (2,2) size 89x19
                text run at (2,2) width 89: "Row 1, Cell 1"
            LayoutTableCell {TD} at (92,0) size 91x23 [border: (1px none #000000)] [r=0 c=1 rs=1 cs=1]
              LayoutText {#text} at (1,2) size 89x19
                text run at (1,2) width 89: "Row 1, Cell 2"
            LayoutTableCell {TD} at (183,0) size 91x23 [border: (1px none #000000)] [r=0 c=2 rs=1 cs=1]
              LayoutText {#text} at (1,2) size 89x19
                text run at (1,2) width 89: "Row 1, Cell 3"
        LayoutTableSection {TBODY} at (0,43) size 274x67 [border: (1px solid #808080) none (1px solid #808080) none]
          LayoutTableRow {TR} at (0,0) size 274x23
            LayoutTableCell {TD} at (0,11) size 92x23 [border: (1px none #000000)] [r=0 c=0 rs=2 cs=1]
              LayoutText {#text} at (2,2) size 89x19
                text run at (2,2) width 89: "Row 2, Cell 1"
            LayoutTableCell {TD} at (92,0) size 182x23 [border: (1px none #000000)] [r=0 c=1 rs=1 cs=2]
              LayoutText {#text} at (1,2) size 89x19
                text run at (1,2) width 89: "Row 2, Cell 2"
          LayoutTableRow {TR} at (0,23) size 274x22
            LayoutTableCell {TD} at (92,23) size 91x22 [r=1 c=1 rs=1 cs=1]
              LayoutText {#text} at (1,1) size 89x19
                text run at (1,1) width 89: "Row 3, Cell 2"
            LayoutTableCell {TD} at (183,34) size 91x22 [r=1 c=2 rs=2 cs=1]
              LayoutText {#text} at (1,1) size 89x19
                text run at (1,1) width 89: "Row 3, Cell 3"
          LayoutTableRow {TR} at (0,45) size 274x22
            LayoutTableCell {TD} at (0,45) size 183x22 [border: none] [r=2 c=0 rs=1 cs=2]
              LayoutText {#text} at (2,1) size 89x19
                text run at (2,1) width 89: "Row 4, Cell 1"
        LayoutTableSection {TFOOT} at (0,110) size 274x23 [border: (1px solid #808080) none (1px solid #808080) none]
          LayoutTableRow {TR} at (0,0) size 274x23
            LayoutTableCell {TD} at (0,0) size 92x23 [border: (1px none #000000)] [r=0 c=0 rs=1 cs=1]
              LayoutText {#text} at (2,2) size 89x19
                text run at (2,2) width 89: "Row 5, Cell 1"
            LayoutTableCell {TD} at (92,0) size 91x23 [border: (1px none #000000)] [r=0 c=1 rs=1 cs=1]
              LayoutText {#text} at (1,2) size 89x19
                text run at (1,2) width 89: "Row 5, Cell 2"
            LayoutTableCell {TD} at (183,0) size 91x23 [border: (1px none #000000)] [r=0 c=2 rs=1 cs=1]
              LayoutText {#text} at (1,2) size 89x19
                text run at (1,2) width 89: "Row 5, Cell 3"
      LayoutTable {TABLE} at (0,3056) size 275x134 [border: none]
        LayoutBlockFlow {CAPTION} at (0,0) size 275x20
          LayoutInline {A} at (0,0) size 252x19
            LayoutText {#text} at (9,0) size 252x19
              text run at (9,0) width 252: "Frame=\x{201C}border\x{201D} and Rules=\x{201C}groups\x{201D}"
          LayoutInline {<pseudo:after>} at (0,0) size 5x19
            LayoutTextFragment (anonymous) at (261,0) size 5x19
              text run at (261,0) width 5: ":"
        LayoutTableSection {THEAD} at (0,20) size 274x23 [border: (1px solid #808080) none (1px solid #808080) none]
          LayoutTableRow {TR} at (0,0) size 274x23
            LayoutTableCell {TD} at (0,0) size 92x23 [border: (1px none #000000)] [r=0 c=0 rs=1 cs=1]
              LayoutText {#text} at (2,2) size 89x19
                text run at (2,2) width 89: "Row 1, Cell 1"
            LayoutTableCell {TD} at (92,0) size 91x23 [border: (1px none #000000)] [r=0 c=1 rs=1 cs=1]
              LayoutText {#text} at (1,2) size 89x19
                text run at (1,2) width 89: "Row 1, Cell 2"
            LayoutTableCell {TD} at (183,0) size 91x23 [border: (1px none #000000)] [r=0 c=2 rs=1 cs=1]
              LayoutText {#text} at (1,2) size 89x19
                text run at (1,2) width 89: "Row 1, Cell 3"
        LayoutTableSection {TBODY} at (0,43) size 274x67 [border: (1px solid #808080) none (1px solid #808080) none]
          LayoutTableRow {TR} at (0,0) size 274x23
            LayoutTableCell {TD} at (0,11) size 92x23 [border: (1px none #000000)] [r=0 c=0 rs=2 cs=1]
              LayoutText {#text} at (2,2) size 89x19
                text run at (2,2) width 89: "Row 2, Cell 1"
            LayoutTableCell {TD} at (92,0) size 182x23 [border: (1px none #000000)] [r=0 c=1 rs=1 cs=2]
              LayoutText {#text} at (1,2) size 89x19
                text run at (1,2) width 89: "Row 2, Cell 2"
          LayoutTableRow {TR} at (0,23) size 274x22
            LayoutTableCell {TD} at (92,23) size 91x22 [r=1 c=1 rs=1 cs=1]
              LayoutText {#text} at (1,1) size 89x19
                text run at (1,1) width 89: "Row 3, Cell 2"
            LayoutTableCell {TD} at (183,34) size 91x22 [r=1 c=2 rs=2 cs=1]
              LayoutText {#text} at (1,1) size 89x19
                text run at (1,1) width 89: "Row 3, Cell 3"
          LayoutTableRow {TR} at (0,45) size 274x22
            LayoutTableCell {TD} at (0,45) size 183x22 [border: none] [r=2 c=0 rs=1 cs=2]
              LayoutText {#text} at (2,1) size 89x19
                text run at (2,1) width 89: "Row 4, Cell 1"
        LayoutTableSection {TFOOT} at (0,110) size 274x23 [border: (1px solid #808080) none (1px solid #808080) none]
          LayoutTableRow {TR} at (0,0) size 274x23
            LayoutTableCell {TD} at (0,0) size 92x23 [border: (1px none #000000)] [r=0 c=0 rs=1 cs=1]
              LayoutText {#text} at (2,2) size 89x19
                text run at (2,2) width 89: "Row 5, Cell 1"
            LayoutTableCell {TD} at (92,0) size 91x23 [border: (1px none #000000)] [r=0 c=1 rs=1 cs=1]
              LayoutText {#text} at (1,2) size 89x19
                text run at (1,2) width 89: "Row 5, Cell 2"
            LayoutTableCell {TD} at (183,0) size 91x23 [border: (1px none #000000)] [r=0 c=2 rs=1 cs=1]
              LayoutText {#text} at (1,2) size 89x19
                text run at (1,2) width 89: "Row 5, Cell 3"
      LayoutTable {TABLE} at (0,3238) size 273x134
        LayoutBlockFlow {CAPTION} at (0,0) size 273x20
          LayoutInline {A} at (0,0) size 222x19
            LayoutText {#text} at (23,0) size 222x19
              text run at (23,0) width 222: "Frame=\x{201C}void\x{201D} and Rules=\x{201C}rows\x{201D}"
          LayoutInline {<pseudo:after>} at (0,0) size 5x19
            LayoutTextFragment (anonymous) at (245,0) size 5x19
              text run at (245,0) width 5: ":"
        LayoutTableSection {THEAD} at (0,20) size 273x22
          LayoutTableRow {TR} at (0,0) size 273x22
            LayoutTableCell {TD} at (0,0) size 91x22 [r=0 c=0 rs=1 cs=1]
              LayoutText {#text} at (1,1) size 89x19
                text run at (1,1) width 89: "Row 1, Cell 1"
            LayoutTableCell {TD} at (91,0) size 91x22 [r=0 c=1 rs=1 cs=1]
              LayoutText {#text} at (1,1) size 89x19
                text run at (1,1) width 89: "Row 1, Cell 2"
            LayoutTableCell {TD} at (182,0) size 91x22 [r=0 c=2 rs=1 cs=1]
              LayoutText {#text} at (1,1) size 89x19
                text run at (1,1) width 89: "Row 1, Cell 3"
        LayoutTableSection {TBODY} at (0,42) size 273x69
          LayoutTableRow {TR} at (0,0) size 273x23
            LayoutTableCell {TD} at (0,11) size 91x23 [border: (1px solid #808080) none none none] [r=0 c=0 rs=2 cs=1]
              LayoutText {#text} at (1,2) size 89x19
                text run at (1,2) width 89: "Row 2, Cell 1"
            LayoutTableCell {TD} at (91,0) size 182x23 [border: (1px solid #808080) none none none] [r=0 c=1 rs=1 cs=2]
              LayoutText {#text} at (1,2) size 89x19
                text run at (1,2) width 89: "Row 2, Cell 2"
          LayoutTableRow {TR} at (0,23) size 273x23
            LayoutTableCell {TD} at (91,23) size 91x23 [border: (1px solid #808080) none none none] [r=1 c=1 rs=1 cs=1]
              LayoutText {#text} at (1,2) size 89x19
                text run at (1,2) width 89: "Row 3, Cell 2"
            LayoutTableCell {TD} at (182,34) size 91x23 [border: (1px solid #808080) none none none] [r=1 c=2 rs=2 cs=1]
              LayoutText {#text} at (1,2) size 89x19
                text run at (1,2) width 89: "Row 3, Cell 3"
          LayoutTableRow {TR} at (0,46) size 273x23
            LayoutTableCell {TD} at (0,46) size 182x23 [border: (1px solid #808080) none none none] [r=2 c=0 rs=1 cs=2]
              LayoutText {#text} at (1,2) size 89x19
                text run at (1,2) width 89: "Row 4, Cell 1"
        LayoutTableSection {TFOOT} at (0,111) size 273x23
          LayoutTableRow {TR} at (0,0) size 273x23
            LayoutTableCell {TD} at (0,0) size 91x23 [border: (1px solid #808080) none none none] [r=0 c=0 rs=1 cs=1]
              LayoutText {#text} at (1,2) size 89x19
                text run at (1,2) width 89: "Row 5, Cell 1"
            LayoutTableCell {TD} at (91,0) size 91x23 [border: (1px solid #808080) none none none] [r=0 c=1 rs=1 cs=1]
              LayoutText {#text} at (1,2) size 89x19
                text run at (1,2) width 89: "Row 5, Cell 2"
            LayoutTableCell {TD} at (182,0) size 91x23 [border: (1px solid #808080) none none none] [r=0 c=2 rs=1 cs=1]
              LayoutText {#text} at (1,2) size 89x19
                text run at (1,2) width 89: "Row 5, Cell 3"
      LayoutTable {TABLE} at (0,3420) size 273x135
        LayoutBlockFlow {CAPTION} at (0,0) size 273x20
          LayoutInline {A} at (0,0) size 234x19
            LayoutText {#text} at (17,0) size 234x19
              text run at (17,0) width 234: "Frame=\x{201C}above\x{201D} and Rules=\x{201C}rows\x{201D}"
          LayoutInline {<pseudo:after>} at (0,0) size 6x19
            LayoutTextFragment (anonymous) at (250,0) size 6x19
              text run at (250,0) width 6: ":"
        LayoutTableSection {THEAD} at (0,20) size 273x23
          LayoutTableRow {TR} at (0,0) size 273x23
            LayoutTableCell {TD} at (0,0) size 91x23 [border: (1px solid #808080) none none none] [r=0 c=0 rs=1 cs=1]
              LayoutText {#text} at (1,2) size 89x19
                text run at (1,2) width 89: "Row 1, Cell 1"
            LayoutTableCell {TD} at (91,0) size 91x23 [border: (1px solid #808080) none none none] [r=0 c=1 rs=1 cs=1]
              LayoutText {#text} at (1,2) size 89x19
                text run at (1,2) width 89: "Row 1, Cell 2"
            LayoutTableCell {TD} at (182,0) size 91x23 [border: (1px solid #808080) none none none] [r=0 c=2 rs=1 cs=1]
              LayoutText {#text} at (1,2) size 89x19
                text run at (1,2) width 89: "Row 1, Cell 3"
        LayoutTableSection {TBODY} at (0,43) size 273x69
          LayoutTableRow {TR} at (0,0) size 273x23
            LayoutTableCell {TD} at (0,11) size 91x23 [border: (1px solid #808080) none none none] [r=0 c=0 rs=2 cs=1]
              LayoutText {#text} at (1,2) size 89x19
                text run at (1,2) width 89: "Row 2, Cell 1"
            LayoutTableCell {TD} at (91,0) size 182x23 [border: (1px solid #808080) none none none] [r=0 c=1 rs=1 cs=2]
              LayoutText {#text} at (1,2) size 89x19
                text run at (1,2) width 89: "Row 2, Cell 2"
          LayoutTableRow {TR} at (0,23) size 273x23
            LayoutTableCell {TD} at (91,23) size 91x23 [border: (1px solid #808080) none none none] [r=1 c=1 rs=1 cs=1]
              LayoutText {#text} at (1,2) size 89x19
                text run at (1,2) width 89: "Row 3, Cell 2"
            LayoutTableCell {TD} at (182,34) size 91x23 [border: (1px solid #808080) none none none] [r=1 c=2 rs=2 cs=1]
              LayoutText {#text} at (1,2) size 89x19
                text run at (1,2) width 89: "Row 3, Cell 3"
          LayoutTableRow {TR} at (0,46) size 273x23
            LayoutTableCell {TD} at (0,46) size 182x23 [border: (1px solid #808080) none none none] [r=2 c=0 rs=1 cs=2]
              LayoutText {#text} at (1,2) size 89x19
                text run at (1,2) width 89: "Row 4, Cell 1"
        LayoutTableSection {TFOOT} at (0,112) size 273x23
          LayoutTableRow {TR} at (0,0) size 273x23
            LayoutTableCell {TD} at (0,0) size 91x23 [border: (1px solid #808080) none none none] [r=0 c=0 rs=1 cs=1]
              LayoutText {#text} at (1,2) size 89x19
                text run at (1,2) width 89: "Row 5, Cell 1"
            LayoutTableCell {TD} at (91,0) size 91x23 [border: (1px solid #808080) none none none] [r=0 c=1 rs=1 cs=1]
              LayoutText {#text} at (1,2) size 89x19
                text run at (1,2) width 89: "Row 5, Cell 2"
            LayoutTableCell {TD} at (182,0) size 91x23 [border: (1px solid #808080) none none none] [r=0 c=2 rs=1 cs=1]
              LayoutText {#text} at (1,2) size 89x19
                text run at (1,2) width 89: "Row 5, Cell 3"
      LayoutTable {TABLE} at (0,3603) size 273x135 [border: none (1px solid #808080) none]
        LayoutBlockFlow {CAPTION} at (0,0) size 273x20
          LayoutInline {A} at (0,0) size 234x19
            LayoutText {#text} at (17,0) size 234x19
              text run at (17,0) width 234: "Frame=\x{201C}below\x{201D} and Rules=\x{201C}rows\x{201D}"
          LayoutInline {<pseudo:after>} at (0,0) size 6x19
            LayoutTextFragment (anonymous) at (250,0) size 6x19
              text run at (250,0) width 6: ":"
        LayoutTableSection {THEAD} at (0,20) size 273x22
          LayoutTableRow {TR} at (0,0) size 273x22
            LayoutTableCell {TD} at (0,0) size 91x22 [r=0 c=0 rs=1 cs=1]
              LayoutText {#text} at (1,1) size 89x19
                text run at (1,1) width 89: "Row 1, Cell 1"
            LayoutTableCell {TD} at (91,0) size 91x22 [r=0 c=1 rs=1 cs=1]
              LayoutText {#text} at (1,1) size 89x19
                text run at (1,1) width 89: "Row 1, Cell 2"
            LayoutTableCell {TD} at (182,0) size 91x22 [r=0 c=2 rs=1 cs=1]
              LayoutText {#text} at (1,1) size 89x19
                text run at (1,1) width 89: "Row 1, Cell 3"
        LayoutTableSection {TBODY} at (0,42) size 273x69
          LayoutTableRow {TR} at (0,0) size 273x23
            LayoutTableCell {TD} at (0,11) size 91x23 [border: (1px solid #808080) none none none] [r=0 c=0 rs=2 cs=1]
              LayoutText {#text} at (1,2) size 89x19
                text run at (1,2) width 89: "Row 2, Cell 1"
            LayoutTableCell {TD} at (91,0) size 182x23 [border: (1px solid #808080) none none none] [r=0 c=1 rs=1 cs=2]
              LayoutText {#text} at (1,2) size 89x19
                text run at (1,2) width 89: "Row 2, Cell 2"
          LayoutTableRow {TR} at (0,23) size 273x23
            LayoutTableCell {TD} at (91,23) size 91x23 [border: (1px solid #808080) none none none] [r=1 c=1 rs=1 cs=1]
              LayoutText {#text} at (1,2) size 89x19
                text run at (1,2) width 89: "Row 3, Cell 2"
            LayoutTableCell {TD} at (182,34) size 91x23 [border: (1px solid #808080) none none none] [r=1 c=2 rs=2 cs=1]
              LayoutText {#text} at (1,2) size 89x19
                text run at (1,2) width 89: "Row 3, Cell 3"
          LayoutTableRow {TR} at (0,46) size 273x23
            LayoutTableCell {TD} at (0,46) size 182x23 [border: (1px solid #808080) none none none] [r=2 c=0 rs=1 cs=2]
              LayoutText {#text} at (1,2) size 89x19
                text run at (1,2) width 89: "Row 4, Cell 1"
        LayoutTableSection {TFOOT} at (0,111) size 273x23
          LayoutTableRow {TR} at (0,0) size 273x23
            LayoutTableCell {TD} at (0,0) size 91x23 [border: (1px solid #808080) none none none] [r=0 c=0 rs=1 cs=1]
              LayoutText {#text} at (1,2) size 89x19
                text run at (1,2) width 89: "Row 5, Cell 1"
            LayoutTableCell {TD} at (91,0) size 91x23 [border: (1px solid #808080) none none none] [r=0 c=1 rs=1 cs=1]
              LayoutText {#text} at (1,2) size 89x19
                text run at (1,2) width 89: "Row 5, Cell 2"
            LayoutTableCell {TD} at (182,0) size 91x23 [border: (1px solid #808080) none none none] [r=0 c=2 rs=1 cs=1]
              LayoutText {#text} at (1,2) size 89x19
                text run at (1,2) width 89: "Row 5, Cell 3"
      LayoutTable {TABLE} at (0,3786) size 273x136 [border: none none (1px solid #808080) none]
        LayoutBlockFlow {CAPTION} at (0,0) size 273x20
          LayoutInline {A} at (0,0) size 236x19
            LayoutText {#text} at (16,0) size 236x19
              text run at (16,0) width 236: "Frame=\x{201C}hsides\x{201D} and Rules=\x{201C}rows\x{201D}"
          LayoutInline {<pseudo:after>} at (0,0) size 6x19
            LayoutTextFragment (anonymous) at (251,0) size 6x19
              text run at (251,0) width 6: ":"
        LayoutTableSection {THEAD} at (0,20) size 273x23
          LayoutTableRow {TR} at (0,0) size 273x23
            LayoutTableCell {TD} at (0,0) size 91x23 [border: (1px solid #808080) none none none] [r=0 c=0 rs=1 cs=1]
              LayoutText {#text} at (1,2) size 89x19
                text run at (1,2) width 89: "Row 1, Cell 1"
            LayoutTableCell {TD} at (91,0) size 91x23 [border: (1px solid #808080) none none none] [r=0 c=1 rs=1 cs=1]
              LayoutText {#text} at (1,2) size 89x19
                text run at (1,2) width 89: "Row 1, Cell 2"
            LayoutTableCell {TD} at (182,0) size 91x23 [border: (1px solid #808080) none none none] [r=0 c=2 rs=1 cs=1]
              LayoutText {#text} at (1,2) size 89x19
                text run at (1,2) width 89: "Row 1, Cell 3"
        LayoutTableSection {TBODY} at (0,43) size 273x69
          LayoutTableRow {TR} at (0,0) size 273x23
            LayoutTableCell {TD} at (0,11) size 91x23 [border: (1px solid #808080) none none none] [r=0 c=0 rs=2 cs=1]
              LayoutText {#text} at (1,2) size 89x19
                text run at (1,2) width 89: "Row 2, Cell 1"
            LayoutTableCell {TD} at (91,0) size 182x23 [border: (1px solid #808080) none none none] [r=0 c=1 rs=1 cs=2]
              LayoutText {#text} at (1,2) size 89x19
                text run at (1,2) width 89: "Row 2, Cell 2"
          LayoutTableRow {TR} at (0,23) size 273x23
            LayoutTableCell {TD} at (91,23) size 91x23 [border: (1px solid #808080) none none none] [r=1 c=1 rs=1 cs=1]
              LayoutText {#text} at (1,2) size 89x19
                text run at (1,2) width 89: "Row 3, Cell 2"
            LayoutTableCell {TD} at (182,34) size 91x23 [border: (1px solid #808080) none none none] [r=1 c=2 rs=2 cs=1]
              LayoutText {#text} at (1,2) size 89x19
                text run at (1,2) width 89: "Row 3, Cell 3"
          LayoutTableRow {TR} at (0,46) size 273x23
            LayoutTableCell {TD} at (0,46) size 182x23 [border: (1px solid #808080) none none none] [r=2 c=0 rs=1 cs=2]
              LayoutText {#text} at (1,2) size 89x19
                text run at (1,2) width 89: "Row 4, Cell 1"
        LayoutTableSection {TFOOT} at (0,112) size 273x23
          LayoutTableRow {TR} at (0,0) size 273x23
            LayoutTableCell {TD} at (0,0) size 91x23 [border: (1px solid #808080) none none none] [r=0 c=0 rs=1 cs=1]
              LayoutText {#text} at (1,2) size 89x19
                text run at (1,2) width 89: "Row 5, Cell 1"
            LayoutTableCell {TD} at (91,0) size 91x23 [border: (1px solid #808080) none none none] [r=0 c=1 rs=1 cs=1]
              LayoutText {#text} at (1,2) size 89x19
                text run at (1,2) width 89: "Row 5, Cell 2"
            LayoutTableCell {TD} at (182,0) size 91x23 [border: (1px solid #808080) none none none] [r=0 c=2 rs=1 cs=1]
              LayoutText {#text} at (1,2) size 89x19
                text run at (1,2) width 89: "Row 5, Cell 3"
      LayoutTable {TABLE} at (0,3970) size 275x134 [border: none (1px solid #808080) none none]
        LayoutBlockFlow {CAPTION} at (0,0) size 275x20
          LayoutInline {A} at (0,0) size 234x19
            LayoutText {#text} at (18,0) size 234x19
              text run at (18,0) width 234: "Frame=\x{201C}vsides\x{201D} and Rules=\x{201C}rows\x{201D}"
          LayoutInline {<pseudo:after>} at (0,0) size 6x19
            LayoutTextFragment (anonymous) at (251,0) size 6x19
              text run at (251,0) width 6: ":"
        LayoutTableSection {THEAD} at (0,20) size 274x22
          LayoutTableRow {TR} at (0,0) size 274x22
            LayoutTableCell {TD} at (0,0) size 92x22 [border: none none none (1px none #808080)] [r=0 c=0 rs=1 cs=1]
              LayoutText {#text} at (2,1) size 89x19
                text run at (2,1) width 89: "Row 1, Cell 1"
            LayoutTableCell {TD} at (92,0) size 91x22 [r=0 c=1 rs=1 cs=1]
              LayoutText {#text} at (1,1) size 89x19
                text run at (1,1) width 89: "Row 1, Cell 2"
            LayoutTableCell {TD} at (183,0) size 91x22 [r=0 c=2 rs=1 cs=1]
              LayoutText {#text} at (1,1) size 89x19
                text run at (1,1) width 89: "Row 1, Cell 3"
        LayoutTableSection {TBODY} at (0,42) size 274x69
          LayoutTableRow {TR} at (0,0) size 274x23
            LayoutTableCell {TD} at (0,11) size 92x23 [border: (1px solid #808080) none none (1px none #808080)] [r=0 c=0 rs=2 cs=1]
              LayoutText {#text} at (2,2) size 89x19
                text run at (2,2) width 89: "Row 2, Cell 1"
            LayoutTableCell {TD} at (92,0) size 182x23 [border: (1px solid #808080) none none none] [r=0 c=1 rs=1 cs=2]
              LayoutText {#text} at (1,2) size 89x19
                text run at (1,2) width 89: "Row 2, Cell 2"
          LayoutTableRow {TR} at (0,23) size 274x23
            LayoutTableCell {TD} at (92,23) size 91x23 [border: (1px solid #808080) none none none] [r=1 c=1 rs=1 cs=1]
              LayoutText {#text} at (1,2) size 89x19
                text run at (1,2) width 89: "Row 3, Cell 2"
            LayoutTableCell {TD} at (183,34) size 91x23 [border: (1px solid #808080) none none none] [r=1 c=2 rs=2 cs=1]
              LayoutText {#text} at (1,2) size 89x19
                text run at (1,2) width 89: "Row 3, Cell 3"
          LayoutTableRow {TR} at (0,46) size 274x23
            LayoutTableCell {TD} at (0,46) size 183x23 [border: (1px solid #808080) none none (1px none #808080)] [r=2 c=0 rs=1 cs=2]
              LayoutText {#text} at (2,2) size 89x19
                text run at (2,2) width 89: "Row 4, Cell 1"
        LayoutTableSection {TFOOT} at (0,111) size 274x23
          LayoutTableRow {TR} at (0,0) size 274x23
            LayoutTableCell {TD} at (0,0) size 92x23 [border: (1px solid #808080) none none (1px none #808080)] [r=0 c=0 rs=1 cs=1]
              LayoutText {#text} at (2,2) size 89x19
                text run at (2,2) width 89: "Row 5, Cell 1"
            LayoutTableCell {TD} at (92,0) size 91x23 [border: (1px solid #808080) none none none] [r=0 c=1 rs=1 cs=1]
              LayoutText {#text} at (1,2) size 89x19
                text run at (1,2) width 89: "Row 5, Cell 2"
            LayoutTableCell {TD} at (183,0) size 91x23 [border: (1px solid #808080) none none none] [r=0 c=2 rs=1 cs=1]
              LayoutText {#text} at (1,2) size 89x19
                text run at (1,2) width 89: "Row 5, Cell 3"
      LayoutTable {TABLE} at (0,4152) size 274x134
        LayoutBlockFlow {CAPTION} at (0,0) size 274x20
          LayoutInline {A} at (0,0) size 215x19
            LayoutText {#text} at (27,0) size 215x19
              text run at (27,0) width 215: "Frame=\x{201C}lhs\x{201D} and Rules=\x{201C}rows\x{201D}"
          LayoutInline {<pseudo:after>} at (0,0) size 6x19
            LayoutTextFragment (anonymous) at (241,0) size 6x19
              text run at (241,0) width 6: ":"
        LayoutTableSection {THEAD} at (0,20) size 274x22
          LayoutTableRow {TR} at (0,0) size 274x22
            LayoutTableCell {TD} at (0,0) size 92x22 [border: none none none (1px none #808080)] [r=0 c=0 rs=1 cs=1]
              LayoutText {#text} at (2,1) size 89x19
                text run at (2,1) width 89: "Row 1, Cell 1"
            LayoutTableCell {TD} at (92,0) size 91x22 [r=0 c=1 rs=1 cs=1]
              LayoutText {#text} at (1,1) size 89x19
                text run at (1,1) width 89: "Row 1, Cell 2"
            LayoutTableCell {TD} at (183,0) size 91x22 [r=0 c=2 rs=1 cs=1]
              LayoutText {#text} at (1,1) size 89x19
                text run at (1,1) width 89: "Row 1, Cell 3"
        LayoutTableSection {TBODY} at (0,42) size 274x69
          LayoutTableRow {TR} at (0,0) size 274x23
            LayoutTableCell {TD} at (0,11) size 92x23 [border: (1px solid #808080) none none (1px none #808080)] [r=0 c=0 rs=2 cs=1]
              LayoutText {#text} at (2,2) size 89x19
                text run at (2,2) width 89: "Row 2, Cell 1"
            LayoutTableCell {TD} at (92,0) size 182x23 [border: (1px solid #808080) none none none] [r=0 c=1 rs=1 cs=2]
              LayoutText {#text} at (1,2) size 89x19
                text run at (1,2) width 89: "Row 2, Cell 2"
          LayoutTableRow {TR} at (0,23) size 274x23
            LayoutTableCell {TD} at (92,23) size 91x23 [border: (1px solid #808080) none none none] [r=1 c=1 rs=1 cs=1]
              LayoutText {#text} at (1,2) size 89x19
                text run at (1,2) width 89: "Row 3, Cell 2"
            LayoutTableCell {TD} at (183,34) size 91x23 [border: (1px solid #808080) none none none] [r=1 c=2 rs=2 cs=1]
              LayoutText {#text} at (1,2) size 89x19
                text run at (1,2) width 89: "Row 3, Cell 3"
          LayoutTableRow {TR} at (0,46) size 274x23
            LayoutTableCell {TD} at (0,46) size 183x23 [border: (1px solid #808080) none none (1px none #808080)] [r=2 c=0 rs=1 cs=2]
              LayoutText {#text} at (2,2) size 89x19
                text run at (2,2) width 89: "Row 4, Cell 1"
        LayoutTableSection {TFOOT} at (0,111) size 274x23
          LayoutTableRow {TR} at (0,0) size 274x23
            LayoutTableCell {TD} at (0,0) size 92x23 [border: (1px solid #808080) none none (1px none #808080)] [r=0 c=0 rs=1 cs=1]
              LayoutText {#text} at (2,2) size 89x19
                text run at (2,2) width 89: "Row 5, Cell 1"
            LayoutTableCell {TD} at (92,0) size 91x23 [border: (1px solid #808080) none none none] [r=0 c=1 rs=1 cs=1]
              LayoutText {#text} at (1,2) size 89x19
                text run at (1,2) width 89: "Row 5, Cell 2"
            LayoutTableCell {TD} at (183,0) size 91x23 [border: (1px solid #808080) none none none] [r=0 c=2 rs=1 cs=1]
              LayoutText {#text} at (1,2) size 89x19
                text run at (1,2) width 89: "Row 5, Cell 3"
      LayoutTable {TABLE} at (0,4334) size 274x134 [border: none (1px solid #808080) none]
        LayoutBlockFlow {CAPTION} at (0,0) size 274x20
          LayoutInline {A} at (0,0) size 217x19
            LayoutText {#text} at (26,0) size 217x19
              text run at (26,0) width 217: "Frame=\x{201C}rhs\x{201D} and Rules=\x{201C}rows\x{201D}"
          LayoutInline {<pseudo:after>} at (0,0) size 6x19
            LayoutTextFragment (anonymous) at (242,0) size 6x19
              text run at (242,0) width 6: ":"
        LayoutTableSection {THEAD} at (0,20) size 273x22
          LayoutTableRow {TR} at (0,0) size 273x22
            LayoutTableCell {TD} at (0,0) size 91x22 [r=0 c=0 rs=1 cs=1]
              LayoutText {#text} at (1,1) size 89x19
                text run at (1,1) width 89: "Row 1, Cell 1"
            LayoutTableCell {TD} at (91,0) size 91x22 [r=0 c=1 rs=1 cs=1]
              LayoutText {#text} at (1,1) size 89x19
                text run at (1,1) width 89: "Row 1, Cell 2"
            LayoutTableCell {TD} at (182,0) size 91x22 [r=0 c=2 rs=1 cs=1]
              LayoutText {#text} at (1,1) size 89x19
                text run at (1,1) width 89: "Row 1, Cell 3"
        LayoutTableSection {TBODY} at (0,42) size 273x69
          LayoutTableRow {TR} at (0,0) size 273x23
            LayoutTableCell {TD} at (0,11) size 91x23 [border: (1px solid #808080) none none none] [r=0 c=0 rs=2 cs=1]
              LayoutText {#text} at (1,2) size 89x19
                text run at (1,2) width 89: "Row 2, Cell 1"
            LayoutTableCell {TD} at (91,0) size 182x23 [border: (1px solid #808080) none none none] [r=0 c=1 rs=1 cs=2]
              LayoutText {#text} at (1,2) size 89x19
                text run at (1,2) width 89: "Row 2, Cell 2"
          LayoutTableRow {TR} at (0,23) size 273x23
            LayoutTableCell {TD} at (91,23) size 91x23 [border: (1px solid #808080) none none none] [r=1 c=1 rs=1 cs=1]
              LayoutText {#text} at (1,2) size 89x19
                text run at (1,2) width 89: "Row 3, Cell 2"
            LayoutTableCell {TD} at (182,34) size 91x23 [border: (1px solid #808080) none none none] [r=1 c=2 rs=2 cs=1]
              LayoutText {#text} at (1,2) size 89x19
                text run at (1,2) width 89: "Row 3, Cell 3"
          LayoutTableRow {TR} at (0,46) size 273x23
            LayoutTableCell {TD} at (0,46) size 182x23 [border: (1px solid #808080) none none none] [r=2 c=0 rs=1 cs=2]
              LayoutText {#text} at (1,2) size 89x19
                text run at (1,2) width 89: "Row 4, Cell 1"
        LayoutTableSection {TFOOT} at (0,111) size 273x23
          LayoutTableRow {TR} at (0,0) size 273x23
            LayoutTableCell {TD} at (0,0) size 91x23 [border: (1px solid #808080) none none none] [r=0 c=0 rs=1 cs=1]
              LayoutText {#text} at (1,2) size 89x19
                text run at (1,2) width 89: "Row 5, Cell 1"
            LayoutTableCell {TD} at (91,0) size 91x23 [border: (1px solid #808080) none none none] [r=0 c=1 rs=1 cs=1]
              LayoutText {#text} at (1,2) size 89x19
                text run at (1,2) width 89: "Row 5, Cell 2"
            LayoutTableCell {TD} at (182,0) size 91x23 [border: (1px solid #808080) none none none] [r=0 c=2 rs=1 cs=1]
              LayoutText {#text} at (1,2) size 89x19
                text run at (1,2) width 89: "Row 5, Cell 3"
      LayoutTable {TABLE} at (0,4516) size 275x136 [border: none]
        LayoutBlockFlow {CAPTION} at (0,0) size 275x20
          LayoutInline {A} at (0,0) size 220x19
            LayoutText {#text} at (25,0) size 220x19
              text run at (25,0) width 220: "Frame=\x{201C}box\x{201D} and Rules=\x{201C}rows\x{201D}"
          LayoutInline {<pseudo:after>} at (0,0) size 6x19
            LayoutTextFragment (anonymous) at (244,0) size 6x19
              text run at (244,0) width 6: ":"
        LayoutTableSection {THEAD} at (0,20) size 274x23
          LayoutTableRow {TR} at (0,0) size 274x23
            LayoutTableCell {TD} at (0,0) size 92x23 [border: (1px solid #808080) none none (1px none #808080)] [r=0 c=0 rs=1 cs=1]
              LayoutText {#text} at (2,2) size 89x19
                text run at (2,2) width 89: "Row 1, Cell 1"
            LayoutTableCell {TD} at (92,0) size 91x23 [border: (1px solid #808080) none none none] [r=0 c=1 rs=1 cs=1]
              LayoutText {#text} at (1,2) size 89x19
                text run at (1,2) width 89: "Row 1, Cell 2"
            LayoutTableCell {TD} at (183,0) size 91x23 [border: (1px solid #808080) none none none] [r=0 c=2 rs=1 cs=1]
              LayoutText {#text} at (1,2) size 89x19
                text run at (1,2) width 89: "Row 1, Cell 3"
        LayoutTableSection {TBODY} at (0,43) size 274x69
          LayoutTableRow {TR} at (0,0) size 274x23
            LayoutTableCell {TD} at (0,11) size 92x23 [border: (1px solid #808080) none none (1px none #808080)] [r=0 c=0 rs=2 cs=1]
              LayoutText {#text} at (2,2) size 89x19
                text run at (2,2) width 89: "Row 2, Cell 1"
            LayoutTableCell {TD} at (92,0) size 182x23 [border: (1px solid #808080) none none none] [r=0 c=1 rs=1 cs=2]
              LayoutText {#text} at (1,2) size 89x19
                text run at (1,2) width 89: "Row 2, Cell 2"
          LayoutTableRow {TR} at (0,23) size 274x23
            LayoutTableCell {TD} at (92,23) size 91x23 [border: (1px solid #808080) none none none] [r=1 c=1 rs=1 cs=1]
              LayoutText {#text} at (1,2) size 89x19
                text run at (1,2) width 89: "Row 3, Cell 2"
            LayoutTableCell {TD} at (183,34) size 91x23 [border: (1px solid #808080) none none none] [r=1 c=2 rs=2 cs=1]
              LayoutText {#text} at (1,2) size 89x19
                text run at (1,2) width 89: "Row 3, Cell 3"
          LayoutTableRow {TR} at (0,46) size 274x23
            LayoutTableCell {TD} at (0,46) size 183x23 [border: (1px solid #808080) none none (1px none #808080)] [r=2 c=0 rs=1 cs=2]
              LayoutText {#text} at (2,2) size 89x19
                text run at (2,2) width 89: "Row 4, Cell 1"
        LayoutTableSection {TFOOT} at (0,112) size 274x23
          LayoutTableRow {TR} at (0,0) size 274x23
            LayoutTableCell {TD} at (0,0) size 92x23 [border: (1px solid #808080) none none (1px none #808080)] [r=0 c=0 rs=1 cs=1]
              LayoutText {#text} at (2,2) size 89x19
                text run at (2,2) width 89: "Row 5, Cell 1"
            LayoutTableCell {TD} at (92,0) size 91x23 [border: (1px solid #808080) none none none] [r=0 c=1 rs=1 cs=1]
              LayoutText {#text} at (1,2) size 89x19
                text run at (1,2) width 89: "Row 5, Cell 2"
            LayoutTableCell {TD} at (183,0) size 91x23 [border: (1px solid #808080) none none none] [r=0 c=2 rs=1 cs=1]
              LayoutText {#text} at (1,2) size 89x19
                text run at (1,2) width 89: "Row 5, Cell 3"
      LayoutTable {TABLE} at (0,4700) size 275x136 [border: none]
        LayoutBlockFlow {CAPTION} at (0,0) size 275x20
          LayoutInline {A} at (0,0) size 238x19
            LayoutText {#text} at (16,0) size 238x19
              text run at (16,0) width 238: "Frame=\x{201C}border\x{201D} and Rules=\x{201C}rows\x{201D}"
          LayoutInline {<pseudo:after>} at (0,0) size 5x19
            LayoutTextFragment (anonymous) at (254,0) size 5x19
              text run at (254,0) width 5: ":"
        LayoutTableSection {THEAD} at (0,20) size 274x23
          LayoutTableRow {TR} at (0,0) size 274x23
            LayoutTableCell {TD} at (0,0) size 92x23 [border: (1px solid #808080) none none (1px none #808080)] [r=0 c=0 rs=1 cs=1]
              LayoutText {#text} at (2,2) size 89x19
                text run at (2,2) width 89: "Row 1, Cell 1"
            LayoutTableCell {TD} at (92,0) size 91x23 [border: (1px solid #808080) none none none] [r=0 c=1 rs=1 cs=1]
              LayoutText {#text} at (1,2) size 89x19
                text run at (1,2) width 89: "Row 1, Cell 2"
            LayoutTableCell {TD} at (183,0) size 91x23 [border: (1px solid #808080) none none none] [r=0 c=2 rs=1 cs=1]
              LayoutText {#text} at (1,2) size 89x19
                text run at (1,2) width 89: "Row 1, Cell 3"
        LayoutTableSection {TBODY} at (0,43) size 274x69
          LayoutTableRow {TR} at (0,0) size 274x23
            LayoutTableCell {TD} at (0,11) size 92x23 [border: (1px solid #808080) none none (1px none #808080)] [r=0 c=0 rs=2 cs=1]
              LayoutText {#text} at (2,2) size 89x19
                text run at (2,2) width 89: "Row 2, Cell 1"
            LayoutTableCell {TD} at (92,0) size 182x23 [border: (1px solid #808080) none none none] [r=0 c=1 rs=1 cs=2]
              LayoutText {#text} at (1,2) size 89x19
                text run at (1,2) width 89: "Row 2, Cell 2"
          LayoutTableRow {TR} at (0,23) size 274x23
            LayoutTableCell {TD} at (92,23) size 91x23 [border: (1px solid #808080) none none none] [r=1 c=1 rs=1 cs=1]
              LayoutText {#text} at (1,2) size 89x19
                text run at (1,2) width 89: "Row 3, Cell 2"
            LayoutTableCell {TD} at (183,34) size 91x23 [border: (1px solid #808080) none none none] [r=1 c=2 rs=2 cs=1]
              LayoutText {#text} at (1,2) size 89x19
                text run at (1,2) width 89: "Row 3, Cell 3"
          LayoutTableRow {TR} at (0,46) size 274x23
            LayoutTableCell {TD} at (0,46) size 183x23 [border: (1px solid #808080) none none (1px none #808080)] [r=2 c=0 rs=1 cs=2]
              LayoutText {#text} at (2,2) size 89x19
                text run at (2,2) width 89: "Row 4, Cell 1"
        LayoutTableSection {TFOOT} at (0,112) size 274x23
          LayoutTableRow {TR} at (0,0) size 274x23
            LayoutTableCell {TD} at (0,0) size 92x23 [border: (1px solid #808080) none none (1px none #808080)] [r=0 c=0 rs=1 cs=1]
              LayoutText {#text} at (2,2) size 89x19
                text run at (2,2) width 89: "Row 5, Cell 1"
            LayoutTableCell {TD} at (92,0) size 91x23 [border: (1px solid #808080) none none none] [r=0 c=1 rs=1 cs=1]
              LayoutText {#text} at (1,2) size 89x19
                text run at (1,2) width 89: "Row 5, Cell 2"
            LayoutTableCell {TD} at (183,0) size 91x23 [border: (1px solid #808080) none none none] [r=0 c=2 rs=1 cs=1]
              LayoutText {#text} at (1,2) size 89x19
                text run at (1,2) width 89: "Row 5, Cell 3"
      LayoutTable {TABLE} at (0,4884) size 275x130
        LayoutBlockFlow {CAPTION} at (0,0) size 275x20
          LayoutInline {A} at (0,0) size 216x19
            LayoutText {#text} at (27,0) size 216x19
              text run at (27,0) width 216: "Frame=\x{201C}void\x{201D} and Rules=\x{201C}cols\x{201D}"
          LayoutInline {<pseudo:after>} at (0,0) size 5x19
            LayoutTextFragment (anonymous) at (243,0) size 5x19
              text run at (243,0) width 5: ":"
        LayoutTableSection {THEAD} at (0,20) size 275x22
          LayoutTableRow {TR} at (0,0) size 275x22
            LayoutTableCell {TD} at (0,0) size 91x22 [r=0 c=0 rs=1 cs=1]
              LayoutText {#text} at (1,1) size 89x19
                text run at (1,1) width 89: "Row 1, Cell 1"
            LayoutTableCell {TD} at (91,0) size 92x22 [border: none none none (1px solid #808080)] [r=0 c=1 rs=1 cs=1]
              LayoutText {#text} at (2,1) size 89x19
                text run at (2,1) width 89: "Row 1, Cell 2"
            LayoutTableCell {TD} at (183,0) size 92x22 [border: none none none (1px solid #808080)] [r=0 c=2 rs=1 cs=1]
              LayoutText {#text} at (2,1) size 89x19
                text run at (2,1) width 89: "Row 1, Cell 3"
        LayoutTableSection {TBODY} at (0,42) size 275x66
          LayoutTableRow {TR} at (0,0) size 275x22
            LayoutTableCell {TD} at (0,11) size 91x22 [r=0 c=0 rs=2 cs=1]
              LayoutText {#text} at (1,1) size 89x19
                text run at (1,1) width 89: "Row 2, Cell 1"
            LayoutTableCell {TD} at (91,0) size 184x22 [border: none none none (1px solid #808080)] [r=0 c=1 rs=1 cs=2]
              LayoutText {#text} at (2,1) size 89x19
                text run at (2,1) width 89: "Row 2, Cell 2"
          LayoutTableRow {TR} at (0,22) size 275x22
            LayoutTableCell {TD} at (91,22) size 92x22 [border: none none none (1px solid #808080)] [r=1 c=1 rs=1 cs=1]
              LayoutText {#text} at (2,1) size 89x19
                text run at (2,1) width 89: "Row 3, Cell 2"
            LayoutTableCell {TD} at (183,33) size 92x22 [border: none none none (1px solid #808080)] [r=1 c=2 rs=2 cs=1]
              LayoutText {#text} at (2,1) size 89x19
                text run at (2,1) width 89: "Row 3, Cell 3"
          LayoutTableRow {TR} at (0,44) size 275x22
            LayoutTableCell {TD} at (0,44) size 183x22 [r=2 c=0 rs=1 cs=2]
              LayoutText {#text} at (1,1) size 89x19
                text run at (1,1) width 89: "Row 4, Cell 1"
        LayoutTableSection {TFOOT} at (0,108) size 275x22
          LayoutTableRow {TR} at (0,0) size 275x22
            LayoutTableCell {TD} at (0,0) size 91x22 [r=0 c=0 rs=1 cs=1]
              LayoutText {#text} at (1,1) size 89x19
                text run at (1,1) width 89: "Row 5, Cell 1"
            LayoutTableCell {TD} at (91,0) size 92x22 [border: none none none (1px solid #808080)] [r=0 c=1 rs=1 cs=1]
              LayoutText {#text} at (2,1) size 89x19
                text run at (2,1) width 89: "Row 5, Cell 2"
            LayoutTableCell {TD} at (183,0) size 92x22 [border: none none none (1px solid #808080)] [r=0 c=2 rs=1 cs=1]
              LayoutText {#text} at (2,1) size 89x19
                text run at (2,1) width 89: "Row 5, Cell 3"
      LayoutTable {TABLE} at (0,5062) size 275x131
        LayoutBlockFlow {CAPTION} at (0,0) size 275x20
          LayoutInline {A} at (0,0) size 228x19
            LayoutText {#text} at (21,0) size 228x19
              text run at (21,0) width 228: "Frame=\x{201C}above\x{201D} and Rules=\x{201C}cols\x{201D}"
          LayoutInline {<pseudo:after>} at (0,0) size 6x19
            LayoutTextFragment (anonymous) at (248,0) size 6x19
              text run at (248,0) width 6: ":"
        LayoutTableSection {THEAD} at (0,20) size 275x23
          LayoutTableRow {TR} at (0,0) size 275x23
            LayoutTableCell {TD} at (0,0) size 91x23 [border: (1px none #808080) none none none] [r=0 c=0 rs=1 cs=1]
              LayoutText {#text} at (1,2) size 89x19
                text run at (1,2) width 89: "Row 1, Cell 1"
            LayoutTableCell {TD} at (91,0) size 92x23 [border: (1px none #808080) none none (1px solid #808080)] [r=0 c=1 rs=1 cs=1]
              LayoutText {#text} at (2,2) size 89x19
                text run at (2,2) width 89: "Row 1, Cell 2"
            LayoutTableCell {TD} at (183,0) size 92x23 [border: (1px none #808080) none none (1px solid #808080)] [r=0 c=2 rs=1 cs=1]
              LayoutText {#text} at (2,2) size 89x19
                text run at (2,2) width 89: "Row 1, Cell 3"
        LayoutTableSection {TBODY} at (0,43) size 275x66
          LayoutTableRow {TR} at (0,0) size 275x22
            LayoutTableCell {TD} at (0,11) size 91x22 [r=0 c=0 rs=2 cs=1]
              LayoutText {#text} at (1,1) size 89x19
                text run at (1,1) width 89: "Row 2, Cell 1"
            LayoutTableCell {TD} at (91,0) size 184x22 [border: none none none (1px solid #808080)] [r=0 c=1 rs=1 cs=2]
              LayoutText {#text} at (2,1) size 89x19
                text run at (2,1) width 89: "Row 2, Cell 2"
          LayoutTableRow {TR} at (0,22) size 275x22
            LayoutTableCell {TD} at (91,22) size 92x22 [border: none none none (1px solid #808080)] [r=1 c=1 rs=1 cs=1]
              LayoutText {#text} at (2,1) size 89x19
                text run at (2,1) width 89: "Row 3, Cell 2"
            LayoutTableCell {TD} at (183,33) size 92x22 [border: none none none (1px solid #808080)] [r=1 c=2 rs=2 cs=1]
              LayoutText {#text} at (2,1) size 89x19
                text run at (2,1) width 89: "Row 3, Cell 3"
          LayoutTableRow {TR} at (0,44) size 275x22
            LayoutTableCell {TD} at (0,44) size 183x22 [r=2 c=0 rs=1 cs=2]
              LayoutText {#text} at (1,1) size 89x19
                text run at (1,1) width 89: "Row 4, Cell 1"
        LayoutTableSection {TFOOT} at (0,109) size 275x22
          LayoutTableRow {TR} at (0,0) size 275x22
            LayoutTableCell {TD} at (0,0) size 91x22 [r=0 c=0 rs=1 cs=1]
              LayoutText {#text} at (1,1) size 89x19
                text run at (1,1) width 89: "Row 5, Cell 1"
            LayoutTableCell {TD} at (91,0) size 92x22 [border: none none none (1px solid #808080)] [r=0 c=1 rs=1 cs=1]
              LayoutText {#text} at (2,1) size 89x19
                text run at (2,1) width 89: "Row 5, Cell 2"
            LayoutTableCell {TD} at (183,0) size 92x22 [border: none none none (1px solid #808080)] [r=0 c=2 rs=1 cs=1]
              LayoutText {#text} at (2,1) size 89x19
                text run at (2,1) width 89: "Row 5, Cell 3"
      LayoutTable {TABLE} at (0,5241) size 275x131 [border: none (1px solid #808080) none]
        LayoutBlockFlow {CAPTION} at (0,0) size 275x20
          LayoutInline {A} at (0,0) size 228x19
            LayoutText {#text} at (21,0) size 228x19
              text run at (21,0) width 228: "Frame=\x{201C}below\x{201D} and Rules=\x{201C}cols\x{201D}"
          LayoutInline {<pseudo:after>} at (0,0) size 6x19
            LayoutTextFragment (anonymous) at (248,0) size 6x19
              text run at (248,0) width 6: ":"
        LayoutTableSection {THEAD} at (0,20) size 275x22
          LayoutTableRow {TR} at (0,0) size 275x22
            LayoutTableCell {TD} at (0,0) size 91x22 [r=0 c=0 rs=1 cs=1]
              LayoutText {#text} at (1,1) size 89x19
                text run at (1,1) width 89: "Row 1, Cell 1"
            LayoutTableCell {TD} at (91,0) size 92x22 [border: none none none (1px solid #808080)] [r=0 c=1 rs=1 cs=1]
              LayoutText {#text} at (2,1) size 89x19
                text run at (2,1) width 89: "Row 1, Cell 2"
            LayoutTableCell {TD} at (183,0) size 92x22 [border: none none none (1px solid #808080)] [r=0 c=2 rs=1 cs=1]
              LayoutText {#text} at (2,1) size 89x19
                text run at (2,1) width 89: "Row 1, Cell 3"
        LayoutTableSection {TBODY} at (0,42) size 275x66
          LayoutTableRow {TR} at (0,0) size 275x22
            LayoutTableCell {TD} at (0,11) size 91x22 [r=0 c=0 rs=2 cs=1]
              LayoutText {#text} at (1,1) size 89x19
                text run at (1,1) width 89: "Row 2, Cell 1"
            LayoutTableCell {TD} at (91,0) size 184x22 [border: none none none (1px solid #808080)] [r=0 c=1 rs=1 cs=2]
              LayoutText {#text} at (2,1) size 89x19
                text run at (2,1) width 89: "Row 2, Cell 2"
          LayoutTableRow {TR} at (0,22) size 275x22
            LayoutTableCell {TD} at (91,22) size 92x22 [border: none none none (1px solid #808080)] [r=1 c=1 rs=1 cs=1]
              LayoutText {#text} at (2,1) size 89x19
                text run at (2,1) width 89: "Row 3, Cell 2"
            LayoutTableCell {TD} at (183,33) size 92x22 [border: none none none (1px solid #808080)] [r=1 c=2 rs=2 cs=1]
              LayoutText {#text} at (2,1) size 89x19
                text run at (2,1) width 89: "Row 3, Cell 3"
          LayoutTableRow {TR} at (0,44) size 275x22
            LayoutTableCell {TD} at (0,44) size 183x22 [r=2 c=0 rs=1 cs=2]
              LayoutText {#text} at (1,1) size 89x19
                text run at (1,1) width 89: "Row 4, Cell 1"
        LayoutTableSection {TFOOT} at (0,108) size 275x22
          LayoutTableRow {TR} at (0,0) size 275x22
            LayoutTableCell {TD} at (0,0) size 91x22 [r=0 c=0 rs=1 cs=1]
              LayoutText {#text} at (1,1) size 89x19
                text run at (1,1) width 89: "Row 5, Cell 1"
            LayoutTableCell {TD} at (91,0) size 92x22 [border: none none none (1px solid #808080)] [r=0 c=1 rs=1 cs=1]
              LayoutText {#text} at (2,1) size 89x19
                text run at (2,1) width 89: "Row 5, Cell 2"
            LayoutTableCell {TD} at (183,0) size 92x22 [border: none none none (1px solid #808080)] [r=0 c=2 rs=1 cs=1]
              LayoutText {#text} at (2,1) size 89x19
                text run at (2,1) width 89: "Row 5, Cell 3"
      LayoutTable {TABLE} at (0,5420) size 275x132 [border: none none (1px solid #808080) none]
        LayoutBlockFlow {CAPTION} at (0,0) size 275x20
          LayoutInline {A} at (0,0) size 230x19
            LayoutText {#text} at (20,0) size 230x19
              text run at (20,0) width 230: "Frame=\x{201C}hsides\x{201D} and Rules=\x{201C}cols\x{201D}"
          LayoutInline {<pseudo:after>} at (0,0) size 6x19
            LayoutTextFragment (anonymous) at (249,0) size 6x19
              text run at (249,0) width 6: ":"
        LayoutTableSection {THEAD} at (0,20) size 275x23
          LayoutTableRow {TR} at (0,0) size 275x23
            LayoutTableCell {TD} at (0,0) size 91x23 [border: (1px none #808080) none none none] [r=0 c=0 rs=1 cs=1]
              LayoutText {#text} at (1,2) size 89x19
                text run at (1,2) width 89: "Row 1, Cell 1"
            LayoutTableCell {TD} at (91,0) size 92x23 [border: (1px none #808080) none none (1px solid #808080)] [r=0 c=1 rs=1 cs=1]
              LayoutText {#text} at (2,2) size 89x19
                text run at (2,2) width 89: "Row 1, Cell 2"
            LayoutTableCell {TD} at (183,0) size 92x23 [border: (1px none #808080) none none (1px solid #808080)] [r=0 c=2 rs=1 cs=1]
              LayoutText {#text} at (2,2) size 89x19
                text run at (2,2) width 89: "Row 1, Cell 3"
        LayoutTableSection {TBODY} at (0,43) size 275x66
          LayoutTableRow {TR} at (0,0) size 275x22
            LayoutTableCell {TD} at (0,11) size 91x22 [r=0 c=0 rs=2 cs=1]
              LayoutText {#text} at (1,1) size 89x19
                text run at (1,1) width 89: "Row 2, Cell 1"
            LayoutTableCell {TD} at (91,0) size 184x22 [border: none none none (1px solid #808080)] [r=0 c=1 rs=1 cs=2]
              LayoutText {#text} at (2,1) size 89x19
                text run at (2,1) width 89: "Row 2, Cell 2"
          LayoutTableRow {TR} at (0,22) size 275x22
            LayoutTableCell {TD} at (91,22) size 92x22 [border: none none none (1px solid #808080)] [r=1 c=1 rs=1 cs=1]
              LayoutText {#text} at (2,1) size 89x19
                text run at (2,1) width 89: "Row 3, Cell 2"
            LayoutTableCell {TD} at (183,33) size 92x22 [border: none none none (1px solid #808080)] [r=1 c=2 rs=2 cs=1]
              LayoutText {#text} at (2,1) size 89x19
                text run at (2,1) width 89: "Row 3, Cell 3"
          LayoutTableRow {TR} at (0,44) size 275x22
            LayoutTableCell {TD} at (0,44) size 183x22 [r=2 c=0 rs=1 cs=2]
              LayoutText {#text} at (1,1) size 89x19
                text run at (1,1) width 89: "Row 4, Cell 1"
        LayoutTableSection {TFOOT} at (0,109) size 275x22
          LayoutTableRow {TR} at (0,0) size 275x22
            LayoutTableCell {TD} at (0,0) size 91x22 [r=0 c=0 rs=1 cs=1]
              LayoutText {#text} at (1,1) size 89x19
                text run at (1,1) width 89: "Row 5, Cell 1"
            LayoutTableCell {TD} at (91,0) size 92x22 [border: none none none (1px solid #808080)] [r=0 c=1 rs=1 cs=1]
              LayoutText {#text} at (2,1) size 89x19
                text run at (2,1) width 89: "Row 5, Cell 2"
            LayoutTableCell {TD} at (183,0) size 92x22 [border: none none none (1px solid #808080)] [r=0 c=2 rs=1 cs=1]
              LayoutText {#text} at (2,1) size 89x19
                text run at (2,1) width 89: "Row 5, Cell 3"
      LayoutTable {TABLE} at (0,5600) size 277x130 [border: none (1px solid #808080) none none]
        LayoutBlockFlow {CAPTION} at (0,0) size 277x20
          LayoutInline {A} at (0,0) size 228x19
            LayoutText {#text} at (22,0) size 228x19
              text run at (22,0) width 228: "Frame=\x{201C}vsides\x{201D} and Rules=\x{201C}cols\x{201D}"
          LayoutInline {<pseudo:after>} at (0,0) size 6x19
            LayoutTextFragment (anonymous) at (249,0) size 6x19
              text run at (249,0) width 6: ":"
        LayoutTableSection {THEAD} at (0,20) size 276x22
          LayoutTableRow {TR} at (0,0) size 276x22
            LayoutTableCell {TD} at (0,0) size 92x22 [border: none none none (1px solid #808080)] [r=0 c=0 rs=1 cs=1]
              LayoutText {#text} at (2,1) size 89x19
                text run at (2,1) width 89: "Row 1, Cell 1"
            LayoutTableCell {TD} at (92,0) size 92x22 [border: none none none (1px solid #808080)] [r=0 c=1 rs=1 cs=1]
              LayoutText {#text} at (2,1) size 89x19
                text run at (2,1) width 89: "Row 1, Cell 2"
            LayoutTableCell {TD} at (184,0) size 92x22 [border: none none none (1px solid #808080)] [r=0 c=2 rs=1 cs=1]
              LayoutText {#text} at (2,1) size 89x19
                text run at (2,1) width 89: "Row 1, Cell 3"
        LayoutTableSection {TBODY} at (0,42) size 276x66
          LayoutTableRow {TR} at (0,0) size 276x22
            LayoutTableCell {TD} at (0,11) size 92x22 [border: none none none (1px solid #808080)] [r=0 c=0 rs=2 cs=1]
              LayoutText {#text} at (2,1) size 89x19
                text run at (2,1) width 89: "Row 2, Cell 1"
            LayoutTableCell {TD} at (92,0) size 184x22 [border: none none none (1px solid #808080)] [r=0 c=1 rs=1 cs=2]
              LayoutText {#text} at (2,1) size 89x19
                text run at (2,1) width 89: "Row 2, Cell 2"
          LayoutTableRow {TR} at (0,22) size 276x22
            LayoutTableCell {TD} at (92,22) size 92x22 [border: none none none (1px solid #808080)] [r=1 c=1 rs=1 cs=1]
              LayoutText {#text} at (2,1) size 89x19
                text run at (2,1) width 89: "Row 3, Cell 2"
            LayoutTableCell {TD} at (184,33) size 92x22 [border: none none none (1px solid #808080)] [r=1 c=2 rs=2 cs=1]
              LayoutText {#text} at (2,1) size 89x19
                text run at (2,1) width 89: "Row 3, Cell 3"
          LayoutTableRow {TR} at (0,44) size 276x22
            LayoutTableCell {TD} at (0,44) size 184x22 [border: none none none (1px solid #808080)] [r=2 c=0 rs=1 cs=2]
              LayoutText {#text} at (2,1) size 89x19
                text run at (2,1) width 89: "Row 4, Cell 1"
        LayoutTableSection {TFOOT} at (0,108) size 276x22
          LayoutTableRow {TR} at (0,0) size 276x22
            LayoutTableCell {TD} at (0,0) size 92x22 [border: none none none (1px solid #808080)] [r=0 c=0 rs=1 cs=1]
              LayoutText {#text} at (2,1) size 89x19
                text run at (2,1) width 89: "Row 5, Cell 1"
            LayoutTableCell {TD} at (92,0) size 92x22 [border: none none none (1px solid #808080)] [r=0 c=1 rs=1 cs=1]
              LayoutText {#text} at (2,1) size 89x19
                text run at (2,1) width 89: "Row 5, Cell 2"
            LayoutTableCell {TD} at (184,0) size 92x22 [border: none none none (1px solid #808080)] [r=0 c=2 rs=1 cs=1]
              LayoutText {#text} at (2,1) size 89x19
                text run at (2,1) width 89: "Row 5, Cell 3"
      LayoutTable {TABLE} at (0,5778) size 276x130
        LayoutBlockFlow {CAPTION} at (0,0) size 276x20
          LayoutInline {A} at (0,0) size 209x19
            LayoutText {#text} at (31,0) size 209x19
              text run at (31,0) width 209: "Frame=\x{201C}lhs\x{201D} and Rules=\x{201C}cols\x{201D}"
          LayoutInline {<pseudo:after>} at (0,0) size 6x19
            LayoutTextFragment (anonymous) at (239,0) size 6x19
              text run at (239,0) width 6: ":"
        LayoutTableSection {THEAD} at (0,20) size 276x22
          LayoutTableRow {TR} at (0,0) size 276x22
            LayoutTableCell {TD} at (0,0) size 92x22 [border: none none none (1px solid #808080)] [r=0 c=0 rs=1 cs=1]
              LayoutText {#text} at (2,1) size 89x19
                text run at (2,1) width 89: "Row 1, Cell 1"
            LayoutTableCell {TD} at (92,0) size 92x22 [border: none none none (1px solid #808080)] [r=0 c=1 rs=1 cs=1]
              LayoutText {#text} at (2,1) size 89x19
                text run at (2,1) width 89: "Row 1, Cell 2"
            LayoutTableCell {TD} at (184,0) size 92x22 [border: none none none (1px solid #808080)] [r=0 c=2 rs=1 cs=1]
              LayoutText {#text} at (2,1) size 89x19
                text run at (2,1) width 89: "Row 1, Cell 3"
        LayoutTableSection {TBODY} at (0,42) size 276x66
          LayoutTableRow {TR} at (0,0) size 276x22
            LayoutTableCell {TD} at (0,11) size 92x22 [border: none none none (1px solid #808080)] [r=0 c=0 rs=2 cs=1]
              LayoutText {#text} at (2,1) size 89x19
                text run at (2,1) width 89: "Row 2, Cell 1"
            LayoutTableCell {TD} at (92,0) size 184x22 [border: none none none (1px solid #808080)] [r=0 c=1 rs=1 cs=2]
              LayoutText {#text} at (2,1) size 89x19
                text run at (2,1) width 89: "Row 2, Cell 2"
          LayoutTableRow {TR} at (0,22) size 276x22
            LayoutTableCell {TD} at (92,22) size 92x22 [border: none none none (1px solid #808080)] [r=1 c=1 rs=1 cs=1]
              LayoutText {#text} at (2,1) size 89x19
                text run at (2,1) width 89: "Row 3, Cell 2"
            LayoutTableCell {TD} at (184,33) size 92x22 [border: none none none (1px solid #808080)] [r=1 c=2 rs=2 cs=1]
              LayoutText {#text} at (2,1) size 89x19
                text run at (2,1) width 89: "Row 3, Cell 3"
          LayoutTableRow {TR} at (0,44) size 276x22
            LayoutTableCell {TD} at (0,44) size 184x22 [border: none none none (1px solid #808080)] [r=2 c=0 rs=1 cs=2]
              LayoutText {#text} at (2,1) size 89x19
                text run at (2,1) width 89: "Row 4, Cell 1"
        LayoutTableSection {TFOOT} at (0,108) size 276x22
          LayoutTableRow {TR} at (0,0) size 276x22
            LayoutTableCell {TD} at (0,0) size 92x22 [border: none none none (1px solid #808080)] [r=0 c=0 rs=1 cs=1]
              LayoutText {#text} at (2,1) size 89x19
                text run at (2,1) width 89: "Row 5, Cell 1"
            LayoutTableCell {TD} at (92,0) size 92x22 [border: none none none (1px solid #808080)] [r=0 c=1 rs=1 cs=1]
              LayoutText {#text} at (2,1) size 89x19
                text run at (2,1) width 89: "Row 5, Cell 2"
            LayoutTableCell {TD} at (184,0) size 92x22 [border: none none none (1px solid #808080)] [r=0 c=2 rs=1 cs=1]
              LayoutText {#text} at (2,1) size 89x19
                text run at (2,1) width 89: "Row 5, Cell 3"
      LayoutTable {TABLE} at (0,5956) size 276x130 [border: none (1px solid #808080) none]
        LayoutBlockFlow {CAPTION} at (0,0) size 276x20
          LayoutInline {A} at (0,0) size 211x19
            LayoutText {#text} at (30,0) size 211x19
              text run at (30,0) width 211: "Frame=\x{201C}rhs\x{201D} and Rules=\x{201C}cols\x{201D}"
          LayoutInline {<pseudo:after>} at (0,0) size 6x19
            LayoutTextFragment (anonymous) at (240,0) size 6x19
              text run at (240,0) width 6: ":"
        LayoutTableSection {THEAD} at (0,20) size 275x22
          LayoutTableRow {TR} at (0,0) size 275x22
            LayoutTableCell {TD} at (0,0) size 91x22 [r=0 c=0 rs=1 cs=1]
              LayoutText {#text} at (1,1) size 89x19
                text run at (1,1) width 89: "Row 1, Cell 1"
            LayoutTableCell {TD} at (91,0) size 92x22 [border: none none none (1px solid #808080)] [r=0 c=1 rs=1 cs=1]
              LayoutText {#text} at (2,1) size 89x19
                text run at (2,1) width 89: "Row 1, Cell 2"
            LayoutTableCell {TD} at (183,0) size 92x22 [border: none none none (1px solid #808080)] [r=0 c=2 rs=1 cs=1]
              LayoutText {#text} at (2,1) size 89x19
                text run at (2,1) width 89: "Row 1, Cell 3"
        LayoutTableSection {TBODY} at (0,42) size 275x66
          LayoutTableRow {TR} at (0,0) size 275x22
            LayoutTableCell {TD} at (0,11) size 91x22 [r=0 c=0 rs=2 cs=1]
              LayoutText {#text} at (1,1) size 89x19
                text run at (1,1) width 89: "Row 2, Cell 1"
            LayoutTableCell {TD} at (91,0) size 184x22 [border: none none none (1px solid #808080)] [r=0 c=1 rs=1 cs=2]
              LayoutText {#text} at (2,1) size 89x19
                text run at (2,1) width 89: "Row 2, Cell 2"
          LayoutTableRow {TR} at (0,22) size 275x22
            LayoutTableCell {TD} at (91,22) size 92x22 [border: none none none (1px solid #808080)] [r=1 c=1 rs=1 cs=1]
              LayoutText {#text} at (2,1) size 89x19
                text run at (2,1) width 89: "Row 3, Cell 2"
            LayoutTableCell {TD} at (183,33) size 92x22 [border: none none none (1px solid #808080)] [r=1 c=2 rs=2 cs=1]
              LayoutText {#text} at (2,1) size 89x19
                text run at (2,1) width 89: "Row 3, Cell 3"
          LayoutTableRow {TR} at (0,44) size 275x22
            LayoutTableCell {TD} at (0,44) size 183x22 [r=2 c=0 rs=1 cs=2]
              LayoutText {#text} at (1,1) size 89x19
                text run at (1,1) width 89: "Row 4, Cell 1"
        LayoutTableSection {TFOOT} at (0,108) size 275x22
          LayoutTableRow {TR} at (0,0) size 275x22
            LayoutTableCell {TD} at (0,0) size 91x22 [r=0 c=0 rs=1 cs=1]
              LayoutText {#text} at (1,1) size 89x19
                text run at (1,1) width 89: "Row 5, Cell 1"
            LayoutTableCell {TD} at (91,0) size 92x22 [border: none none none (1px solid #808080)] [r=0 c=1 rs=1 cs=1]
              LayoutText {#text} at (2,1) size 89x19
                text run at (2,1) width 89: "Row 5, Cell 2"
            LayoutTableCell {TD} at (183,0) size 92x22 [border: none none none (1px solid #808080)] [r=0 c=2 rs=1 cs=1]
              LayoutText {#text} at (2,1) size 89x19
                text run at (2,1) width 89: "Row 5, Cell 3"
      LayoutTable {TABLE} at (0,6134) size 277x132 [border: none]
        LayoutBlockFlow {CAPTION} at (0,0) size 277x20
          LayoutInline {A} at (0,0) size 214x19
            LayoutText {#text} at (29,0) size 214x19
              text run at (29,0) width 214: "Frame=\x{201C}box\x{201D} and Rules=\x{201C}cols\x{201D}"
          LayoutInline {<pseudo:after>} at (0,0) size 6x19
            LayoutTextFragment (anonymous) at (242,0) size 6x19
              text run at (242,0) width 6: ":"
        LayoutTableSection {THEAD} at (0,20) size 276x23
          LayoutTableRow {TR} at (0,0) size 276x23
            LayoutTableCell {TD} at (0,0) size 92x23 [border: (1px none #808080) none none (1px solid #808080)] [r=0 c=0 rs=1 cs=1]
              LayoutText {#text} at (2,2) size 89x19
                text run at (2,2) width 89: "Row 1, Cell 1"
            LayoutTableCell {TD} at (92,0) size 92x23 [border: (1px none #808080) none none (1px solid #808080)] [r=0 c=1 rs=1 cs=1]
              LayoutText {#text} at (2,2) size 89x19
                text run at (2,2) width 89: "Row 1, Cell 2"
            LayoutTableCell {TD} at (184,0) size 92x23 [border: (1px none #808080) none none (1px solid #808080)] [r=0 c=2 rs=1 cs=1]
              LayoutText {#text} at (2,2) size 89x19
                text run at (2,2) width 89: "Row 1, Cell 3"
        LayoutTableSection {TBODY} at (0,43) size 276x66
          LayoutTableRow {TR} at (0,0) size 276x22
            LayoutTableCell {TD} at (0,11) size 92x22 [border: none none none (1px solid #808080)] [r=0 c=0 rs=2 cs=1]
              LayoutText {#text} at (2,1) size 89x19
                text run at (2,1) width 89: "Row 2, Cell 1"
            LayoutTableCell {TD} at (92,0) size 184x22 [border: none none none (1px solid #808080)] [r=0 c=1 rs=1 cs=2]
              LayoutText {#text} at (2,1) size 89x19
                text run at (2,1) width 89: "Row 2, Cell 2"
          LayoutTableRow {TR} at (0,22) size 276x22
            LayoutTableCell {TD} at (92,22) size 92x22 [border: none none none (1px solid #808080)] [r=1 c=1 rs=1 cs=1]
              LayoutText {#text} at (2,1) size 89x19
                text run at (2,1) width 89: "Row 3, Cell 2"
            LayoutTableCell {TD} at (184,33) size 92x22 [border: none none none (1px solid #808080)] [r=1 c=2 rs=2 cs=1]
              LayoutText {#text} at (2,1) size 89x19
                text run at (2,1) width 89: "Row 3, Cell 3"
          LayoutTableRow {TR} at (0,44) size 276x22
            LayoutTableCell {TD} at (0,44) size 184x22 [border: none none none (1px solid #808080)] [r=2 c=0 rs=1 cs=2]
              LayoutText {#text} at (2,1) size 89x19
                text run at (2,1) width 89: "Row 4, Cell 1"
        LayoutTableSection {TFOOT} at (0,109) size 276x22
          LayoutTableRow {TR} at (0,0) size 276x22
            LayoutTableCell {TD} at (0,0) size 92x22 [border: none none none (1px solid #808080)] [r=0 c=0 rs=1 cs=1]
              LayoutText {#text} at (2,1) size 89x19
                text run at (2,1) width 89: "Row 5, Cell 1"
            LayoutTableCell {TD} at (92,0) size 92x22 [border: none none none (1px solid #808080)] [r=0 c=1 rs=1 cs=1]
              LayoutText {#text} at (2,1) size 89x19
                text run at (2,1) width 89: "Row 5, Cell 2"
            LayoutTableCell {TD} at (184,0) size 92x22 [border: none none none (1px solid #808080)] [r=0 c=2 rs=1 cs=1]
              LayoutText {#text} at (2,1) size 89x19
                text run at (2,1) width 89: "Row 5, Cell 3"
      LayoutTable {TABLE} at (0,6314) size 277x132 [border: none]
        LayoutBlockFlow {CAPTION} at (0,0) size 277x20
          LayoutInline {A} at (0,0) size 232x19
            LayoutText {#text} at (20,0) size 232x19
              text run at (20,0) width 232: "Frame=\x{201C}border\x{201D} and Rules=\x{201C}cols\x{201D}"
          LayoutInline {<pseudo:after>} at (0,0) size 5x19
            LayoutTextFragment (anonymous) at (252,0) size 5x19
              text run at (252,0) width 5: ":"
        LayoutTableSection {THEAD} at (0,20) size 276x23
          LayoutTableRow {TR} at (0,0) size 276x23
            LayoutTableCell {TD} at (0,0) size 92x23 [border: (1px none #808080) none none (1px solid #808080)] [r=0 c=0 rs=1 cs=1]
              LayoutText {#text} at (2,2) size 89x19
                text run at (2,2) width 89: "Row 1, Cell 1"
            LayoutTableCell {TD} at (92,0) size 92x23 [border: (1px none #808080) none none (1px solid #808080)] [r=0 c=1 rs=1 cs=1]
              LayoutText {#text} at (2,2) size 89x19
                text run at (2,2) width 89: "Row 1, Cell 2"
            LayoutTableCell {TD} at (184,0) size 92x23 [border: (1px none #808080) none none (1px solid #808080)] [r=0 c=2 rs=1 cs=1]
              LayoutText {#text} at (2,2) size 89x19
                text run at (2,2) width 89: "Row 1, Cell 3"
        LayoutTableSection {TBODY} at (0,43) size 276x66
          LayoutTableRow {TR} at (0,0) size 276x22
            LayoutTableCell {TD} at (0,11) size 92x22 [border: none none none (1px solid #808080)] [r=0 c=0 rs=2 cs=1]
              LayoutText {#text} at (2,1) size 89x19
                text run at (2,1) width 89: "Row 2, Cell 1"
            LayoutTableCell {TD} at (92,0) size 184x22 [border: none none none (1px solid #808080)] [r=0 c=1 rs=1 cs=2]
              LayoutText {#text} at (2,1) size 89x19
                text run at (2,1) width 89: "Row 2, Cell 2"
          LayoutTableRow {TR} at (0,22) size 276x22
            LayoutTableCell {TD} at (92,22) size 92x22 [border: none none none (1px solid #808080)] [r=1 c=1 rs=1 cs=1]
              LayoutText {#text} at (2,1) size 89x19
                text run at (2,1) width 89: "Row 3, Cell 2"
            LayoutTableCell {TD} at (184,33) size 92x22 [border: none none none (1px solid #808080)] [r=1 c=2 rs=2 cs=1]
              LayoutText {#text} at (2,1) size 89x19
                text run at (2,1) width 89: "Row 3, Cell 3"
          LayoutTableRow {TR} at (0,44) size 276x22
            LayoutTableCell {TD} at (0,44) size 184x22 [border: none none none (1px solid #808080)] [r=2 c=0 rs=1 cs=2]
              LayoutText {#text} at (2,1) size 89x19
                text run at (2,1) width 89: "Row 4, Cell 1"
        LayoutTableSection {TFOOT} at (0,109) size 276x22
          LayoutTableRow {TR} at (0,0) size 276x22
            LayoutTableCell {TD} at (0,0) size 92x22 [border: none none none (1px solid #808080)] [r=0 c=0 rs=1 cs=1]
              LayoutText {#text} at (2,1) size 89x19
                text run at (2,1) width 89: "Row 5, Cell 1"
            LayoutTableCell {TD} at (92,0) size 92x22 [border: none none none (1px solid #808080)] [r=0 c=1 rs=1 cs=1]
              LayoutText {#text} at (2,1) size 89x19
                text run at (2,1) width 89: "Row 5, Cell 2"
            LayoutTableCell {TD} at (184,0) size 92x22 [border: none none none (1px solid #808080)] [r=0 c=2 rs=1 cs=1]
              LayoutText {#text} at (2,1) size 89x19
                text run at (2,1) width 89: "Row 5, Cell 3"
      LayoutTable {TABLE} at (0,6494) size 275x134
        LayoutBlockFlow {CAPTION} at (0,0) size 275x20
          LayoutInline {A} at (0,0) size 208x19
            LayoutText {#text} at (31,0) size 208x19
              text run at (31,0) width 208: "Frame=\x{201C}void\x{201D} and Rules=\x{201C}all\x{201D}"
          LayoutInline {<pseudo:after>} at (0,0) size 6x19
            LayoutTextFragment (anonymous) at (238,0) size 6x19
              text run at (238,0) width 6: ":"
        LayoutTableSection {THEAD} at (0,20) size 275x22
          LayoutTableRow {TR} at (0,0) size 275x22
            LayoutTableCell {TD} at (0,0) size 91x22 [r=0 c=0 rs=1 cs=1]
              LayoutText {#text} at (1,1) size 89x19
                text run at (1,1) width 89: "Row 1, Cell 1"
            LayoutTableCell {TD} at (91,0) size 92x22 [border: none] [r=0 c=1 rs=1 cs=1]
              LayoutText {#text} at (2,1) size 89x19
                text run at (2,1) width 89: "Row 1, Cell 2"
            LayoutTableCell {TD} at (183,0) size 92x22 [border: none] [r=0 c=2 rs=1 cs=1]
              LayoutText {#text} at (2,1) size 89x19
                text run at (2,1) width 89: "Row 1, Cell 3"
        LayoutTableSection {TBODY} at (0,42) size 275x69
          LayoutTableRow {TR} at (0,0) size 275x23
            LayoutTableCell {TD} at (0,11) size 91x23 [border: (1px solid #808080)] [r=0 c=0 rs=2 cs=1]
              LayoutText {#text} at (1,2) size 89x19
                text run at (1,2) width 89: "Row 2, Cell 1"
            LayoutTableCell {TD} at (91,0) size 184x23 [border: (1px solid #808080)] [r=0 c=1 rs=1 cs=2]
              LayoutText {#text} at (2,2) size 89x19
                text run at (2,2) width 89: "Row 2, Cell 2"
          LayoutTableRow {TR} at (0,23) size 275x23
            LayoutTableCell {TD} at (91,23) size 92x23 [border: (1px solid #808080)] [r=1 c=1 rs=1 cs=1]
              LayoutText {#text} at (2,2) size 89x19
                text run at (2,2) width 89: "Row 3, Cell 2"
            LayoutTableCell {TD} at (183,34) size 92x23 [border: (1px solid #808080)] [r=1 c=2 rs=2 cs=1]
              LayoutText {#text} at (2,2) size 89x19
                text run at (2,2) width 89: "Row 3, Cell 3"
          LayoutTableRow {TR} at (0,46) size 275x23
            LayoutTableCell {TD} at (0,46) size 183x23 [border: (1px solid #808080)] [r=2 c=0 rs=1 cs=2]
              LayoutText {#text} at (1,2) size 89x19
                text run at (1,2) width 89: "Row 4, Cell 1"
        LayoutTableSection {TFOOT} at (0,111) size 275x23
          LayoutTableRow {TR} at (0,0) size 275x23
            LayoutTableCell {TD} at (0,0) size 91x23 [border: (1px solid #808080)] [r=0 c=0 rs=1 cs=1]
              LayoutText {#text} at (1,2) size 89x19
                text run at (1,2) width 89: "Row 5, Cell 1"
            LayoutTableCell {TD} at (91,0) size 92x23 [border: (1px solid #808080)] [r=0 c=1 rs=1 cs=1]
              LayoutText {#text} at (2,2) size 89x19
                text run at (2,2) width 89: "Row 5, Cell 2"
            LayoutTableCell {TD} at (183,0) size 92x23 [border: (1px solid #808080)] [r=0 c=2 rs=1 cs=1]
              LayoutText {#text} at (2,2) size 89x19
                text run at (2,2) width 89: "Row 5, Cell 3"
      LayoutTable {TABLE} at (0,6676) size 275x135
        LayoutBlockFlow {CAPTION} at (0,0) size 275x20
          LayoutInline {A} at (0,0) size 218x19
            LayoutText {#text} at (26,0) size 218x19
              text run at (26,0) width 218: "Frame=\x{201C}above\x{201D} and Rules=\x{201C}all\x{201D}"
          LayoutInline {<pseudo:after>} at (0,0) size 5x19
            LayoutTextFragment (anonymous) at (244,0) size 5x19
              text run at (244,0) width 5: ":"
        LayoutTableSection {THEAD} at (0,20) size 275x23
          LayoutTableRow {TR} at (0,0) size 275x23
            LayoutTableCell {TD} at (0,0) size 91x23 [border: (1px solid #808080)] [r=0 c=0 rs=1 cs=1]
              LayoutText {#text} at (1,2) size 89x19
                text run at (1,2) width 89: "Row 1, Cell 1"
            LayoutTableCell {TD} at (91,0) size 92x23 [border: (1px solid #808080)] [r=0 c=1 rs=1 cs=1]
              LayoutText {#text} at (2,2) size 89x19
                text run at (2,2) width 89: "Row 1, Cell 2"
            LayoutTableCell {TD} at (183,0) size 92x23 [border: (1px solid #808080)] [r=0 c=2 rs=1 cs=1]
              LayoutText {#text} at (2,2) size 89x19
                text run at (2,2) width 89: "Row 1, Cell 3"
        LayoutTableSection {TBODY} at (0,43) size 275x69
          LayoutTableRow {TR} at (0,0) size 275x23
            LayoutTableCell {TD} at (0,11) size 91x23 [border: (1px solid #808080)] [r=0 c=0 rs=2 cs=1]
              LayoutText {#text} at (1,2) size 89x19
                text run at (1,2) width 89: "Row 2, Cell 1"
            LayoutTableCell {TD} at (91,0) size 184x23 [border: (1px solid #808080)] [r=0 c=1 rs=1 cs=2]
              LayoutText {#text} at (2,2) size 89x19
                text run at (2,2) width 89: "Row 2, Cell 2"
          LayoutTableRow {TR} at (0,23) size 275x23
            LayoutTableCell {TD} at (91,23) size 92x23 [border: (1px solid #808080)] [r=1 c=1 rs=1 cs=1]
              LayoutText {#text} at (2,2) size 89x19
                text run at (2,2) width 89: "Row 3, Cell 2"
            LayoutTableCell {TD} at (183,34) size 92x23 [border: (1px solid #808080)] [r=1 c=2 rs=2 cs=1]
              LayoutText {#text} at (2,2) size 89x19
                text run at (2,2) width 89: "Row 3, Cell 3"
          LayoutTableRow {TR} at (0,46) size 275x23
            LayoutTableCell {TD} at (0,46) size 183x23 [border: (1px solid #808080)] [r=2 c=0 rs=1 cs=2]
              LayoutText {#text} at (1,2) size 89x19
                text run at (1,2) width 89: "Row 4, Cell 1"
        LayoutTableSection {TFOOT} at (0,112) size 275x23
          LayoutTableRow {TR} at (0,0) size 275x23
            LayoutTableCell {TD} at (0,0) size 91x23 [border: (1px solid #808080)] [r=0 c=0 rs=1 cs=1]
              LayoutText {#text} at (1,2) size 89x19
                text run at (1,2) width 89: "Row 5, Cell 1"
            LayoutTableCell {TD} at (91,0) size 92x23 [border: (1px solid #808080)] [r=0 c=1 rs=1 cs=1]
              LayoutText {#text} at (2,2) size 89x19
                text run at (2,2) width 89: "Row 5, Cell 2"
            LayoutTableCell {TD} at (183,0) size 92x23 [border: (1px solid #808080)] [r=0 c=2 rs=1 cs=1]
              LayoutText {#text} at (2,2) size 89x19
                text run at (2,2) width 89: "Row 5, Cell 3"
      LayoutTable {TABLE} at (0,6859) size 275x135 [border: none (1px solid #808080) none]
        LayoutBlockFlow {CAPTION} at (0,0) size 275x20
          LayoutInline {A} at (0,0) size 218x19
            LayoutText {#text} at (26,0) size 218x19
              text run at (26,0) width 218: "Frame=\x{201C}below\x{201D} and Rules=\x{201C}all\x{201D}"
          LayoutInline {<pseudo:after>} at (0,0) size 5x19
            LayoutTextFragment (anonymous) at (244,0) size 5x19
              text run at (244,0) width 5: ":"
        LayoutTableSection {THEAD} at (0,20) size 275x22
          LayoutTableRow {TR} at (0,0) size 275x22
            LayoutTableCell {TD} at (0,0) size 91x22 [r=0 c=0 rs=1 cs=1]
              LayoutText {#text} at (1,1) size 89x19
                text run at (1,1) width 89: "Row 1, Cell 1"
            LayoutTableCell {TD} at (91,0) size 92x22 [border: none] [r=0 c=1 rs=1 cs=1]
              LayoutText {#text} at (2,1) size 89x19
                text run at (2,1) width 89: "Row 1, Cell 2"
            LayoutTableCell {TD} at (183,0) size 92x22 [border: none] [r=0 c=2 rs=1 cs=1]
              LayoutText {#text} at (2,1) size 89x19
                text run at (2,1) width 89: "Row 1, Cell 3"
        LayoutTableSection {TBODY} at (0,42) size 275x69
          LayoutTableRow {TR} at (0,0) size 275x23
            LayoutTableCell {TD} at (0,11) size 91x23 [border: (1px solid #808080)] [r=0 c=0 rs=2 cs=1]
              LayoutText {#text} at (1,2) size 89x19
                text run at (1,2) width 89: "Row 2, Cell 1"
            LayoutTableCell {TD} at (91,0) size 184x23 [border: (1px solid #808080)] [r=0 c=1 rs=1 cs=2]
              LayoutText {#text} at (2,2) size 89x19
                text run at (2,2) width 89: "Row 2, Cell 2"
          LayoutTableRow {TR} at (0,23) size 275x23
            LayoutTableCell {TD} at (91,23) size 92x23 [border: (1px solid #808080)] [r=1 c=1 rs=1 cs=1]
              LayoutText {#text} at (2,2) size 89x19
                text run at (2,2) width 89: "Row 3, Cell 2"
            LayoutTableCell {TD} at (183,34) size 92x23 [border: (1px solid #808080)] [r=1 c=2 rs=2 cs=1]
              LayoutText {#text} at (2,2) size 89x19
                text run at (2,2) width 89: "Row 3, Cell 3"
          LayoutTableRow {TR} at (0,46) size 275x23
            LayoutTableCell {TD} at (0,46) size 183x23 [border: (1px solid #808080)] [r=2 c=0 rs=1 cs=2]
              LayoutText {#text} at (1,2) size 89x19
                text run at (1,2) width 89: "Row 4, Cell 1"
        LayoutTableSection {TFOOT} at (0,111) size 275x23
          LayoutTableRow {TR} at (0,0) size 275x23
            LayoutTableCell {TD} at (0,0) size 91x23 [border: (1px solid #808080)] [r=0 c=0 rs=1 cs=1]
              LayoutText {#text} at (1,2) size 89x19
                text run at (1,2) width 89: "Row 5, Cell 1"
            LayoutTableCell {TD} at (91,0) size 92x23 [border: (1px solid #808080)] [r=0 c=1 rs=1 cs=1]
              LayoutText {#text} at (2,2) size 89x19
                text run at (2,2) width 89: "Row 5, Cell 2"
            LayoutTableCell {TD} at (183,0) size 92x23 [border: (1px solid #808080)] [r=0 c=2 rs=1 cs=1]
              LayoutText {#text} at (2,2) size 89x19
                text run at (2,2) width 89: "Row 5, Cell 3"
      LayoutTable {TABLE} at (0,7042) size 275x136 [border: none none (1px solid #808080) none]
        LayoutBlockFlow {CAPTION} at (0,0) size 275x20
          LayoutInline {A} at (0,0) size 220x19
            LayoutText {#text} at (25,0) size 220x19
              text run at (25,0) width 220: "Frame=\x{201C}hsides\x{201D} and Rules=\x{201C}all\x{201D}"
          LayoutInline {<pseudo:after>} at (0,0) size 5x19
            LayoutTextFragment (anonymous) at (245,0) size 5x19
              text run at (245,0) width 5: ":"
        LayoutTableSection {THEAD} at (0,20) size 275x23
          LayoutTableRow {TR} at (0,0) size 275x23
            LayoutTableCell {TD} at (0,0) size 91x23 [border: (1px solid #808080)] [r=0 c=0 rs=1 cs=1]
              LayoutText {#text} at (1,2) size 89x19
                text run at (1,2) width 89: "Row 1, Cell 1"
            LayoutTableCell {TD} at (91,0) size 92x23 [border: (1px solid #808080)] [r=0 c=1 rs=1 cs=1]
              LayoutText {#text} at (2,2) size 89x19
                text run at (2,2) width 89: "Row 1, Cell 2"
            LayoutTableCell {TD} at (183,0) size 92x23 [border: (1px solid #808080)] [r=0 c=2 rs=1 cs=1]
              LayoutText {#text} at (2,2) size 89x19
                text run at (2,2) width 89: "Row 1, Cell 3"
        LayoutTableSection {TBODY} at (0,43) size 275x69
          LayoutTableRow {TR} at (0,0) size 275x23
            LayoutTableCell {TD} at (0,11) size 91x23 [border: (1px solid #808080)] [r=0 c=0 rs=2 cs=1]
              LayoutText {#text} at (1,2) size 89x19
                text run at (1,2) width 89: "Row 2, Cell 1"
            LayoutTableCell {TD} at (91,0) size 184x23 [border: (1px solid #808080)] [r=0 c=1 rs=1 cs=2]
              LayoutText {#text} at (2,2) size 89x19
                text run at (2,2) width 89: "Row 2, Cell 2"
          LayoutTableRow {TR} at (0,23) size 275x23
            LayoutTableCell {TD} at (91,23) size 92x23 [border: (1px solid #808080)] [r=1 c=1 rs=1 cs=1]
              LayoutText {#text} at (2,2) size 89x19
                text run at (2,2) width 89: "Row 3, Cell 2"
            LayoutTableCell {TD} at (183,34) size 92x23 [border: (1px solid #808080)] [r=1 c=2 rs=2 cs=1]
              LayoutText {#text} at (2,2) size 89x19
                text run at (2,2) width 89: "Row 3, Cell 3"
          LayoutTableRow {TR} at (0,46) size 275x23
            LayoutTableCell {TD} at (0,46) size 183x23 [border: (1px solid #808080)] [r=2 c=0 rs=1 cs=2]
              LayoutText {#text} at (1,2) size 89x19
                text run at (1,2) width 89: "Row 4, Cell 1"
        LayoutTableSection {TFOOT} at (0,112) size 275x23
          LayoutTableRow {TR} at (0,0) size 275x23
            LayoutTableCell {TD} at (0,0) size 91x23 [border: (1px solid #808080)] [r=0 c=0 rs=1 cs=1]
              LayoutText {#text} at (1,2) size 89x19
                text run at (1,2) width 89: "Row 5, Cell 1"
            LayoutTableCell {TD} at (91,0) size 92x23 [border: (1px solid #808080)] [r=0 c=1 rs=1 cs=1]
              LayoutText {#text} at (2,2) size 89x19
                text run at (2,2) width 89: "Row 5, Cell 2"
            LayoutTableCell {TD} at (183,0) size 92x23 [border: (1px solid #808080)] [r=0 c=2 rs=1 cs=1]
              LayoutText {#text} at (2,2) size 89x19
                text run at (2,2) width 89: "Row 5, Cell 3"
      LayoutTable {TABLE} at (0,7226) size 277x134 [border: none (1px solid #808080) none none]
        LayoutBlockFlow {CAPTION} at (0,0) size 277x20
          LayoutInline {A} at (0,0) size 218x19
            LayoutText {#text} at (27,0) size 218x19
              text run at (27,0) width 218: "Frame=\x{201C}vsides\x{201D} and Rules=\x{201C}all\x{201D}"
          LayoutInline {<pseudo:after>} at (0,0) size 5x19
            LayoutTextFragment (anonymous) at (245,0) size 5x19
              text run at (245,0) width 5: ":"
        LayoutTableSection {THEAD} at (0,20) size 276x22
          LayoutTableRow {TR} at (0,0) size 276x22
            LayoutTableCell {TD} at (0,0) size 92x22 [border: none] [r=0 c=0 rs=1 cs=1]
              LayoutText {#text} at (2,1) size 89x19
                text run at (2,1) width 89: "Row 1, Cell 1"
            LayoutTableCell {TD} at (92,0) size 92x22 [border: none] [r=0 c=1 rs=1 cs=1]
              LayoutText {#text} at (2,1) size 89x19
                text run at (2,1) width 89: "Row 1, Cell 2"
            LayoutTableCell {TD} at (184,0) size 92x22 [border: none] [r=0 c=2 rs=1 cs=1]
              LayoutText {#text} at (2,1) size 89x19
                text run at (2,1) width 89: "Row 1, Cell 3"
        LayoutTableSection {TBODY} at (0,42) size 276x69
          LayoutTableRow {TR} at (0,0) size 276x23
            LayoutTableCell {TD} at (0,11) size 92x23 [border: (1px solid #808080)] [r=0 c=0 rs=2 cs=1]
              LayoutText {#text} at (2,2) size 89x19
                text run at (2,2) width 89: "Row 2, Cell 1"
            LayoutTableCell {TD} at (92,0) size 184x23 [border: (1px solid #808080)] [r=0 c=1 rs=1 cs=2]
              LayoutText {#text} at (2,2) size 89x19
                text run at (2,2) width 89: "Row 2, Cell 2"
          LayoutTableRow {TR} at (0,23) size 276x23
            LayoutTableCell {TD} at (92,23) size 92x23 [border: (1px solid #808080)] [r=1 c=1 rs=1 cs=1]
              LayoutText {#text} at (2,2) size 89x19
                text run at (2,2) width 89: "Row 3, Cell 2"
            LayoutTableCell {TD} at (184,34) size 92x23 [border: (1px solid #808080)] [r=1 c=2 rs=2 cs=1]
              LayoutText {#text} at (2,2) size 89x19
                text run at (2,2) width 89: "Row 3, Cell 3"
          LayoutTableRow {TR} at (0,46) size 276x23
            LayoutTableCell {TD} at (0,46) size 184x23 [border: (1px solid #808080)] [r=2 c=0 rs=1 cs=2]
              LayoutText {#text} at (2,2) size 89x19
                text run at (2,2) width 89: "Row 4, Cell 1"
        LayoutTableSection {TFOOT} at (0,111) size 276x23
          LayoutTableRow {TR} at (0,0) size 276x23
            LayoutTableCell {TD} at (0,0) size 92x23 [border: (1px solid #808080)] [r=0 c=0 rs=1 cs=1]
              LayoutText {#text} at (2,2) size 89x19
                text run at (2,2) width 89: "Row 5, Cell 1"
            LayoutTableCell {TD} at (92,0) size 92x23 [border: (1px solid #808080)] [r=0 c=1 rs=1 cs=1]
              LayoutText {#text} at (2,2) size 89x19
                text run at (2,2) width 89: "Row 5, Cell 2"
            LayoutTableCell {TD} at (184,0) size 92x23 [border: (1px solid #808080)] [r=0 c=2 rs=1 cs=1]
              LayoutText {#text} at (2,2) size 89x19
                text run at (2,2) width 89: "Row 5, Cell 3"
      LayoutTable {TABLE} at (0,7408) size 276x134
        LayoutBlockFlow {CAPTION} at (0,0) size 276x20
          LayoutInline {A} at (0,0) size 199x19
            LayoutText {#text} at (36,0) size 199x19
              text run at (36,0) width 199: "Frame=\x{201C}lhs\x{201D} and Rules=\x{201C}all\x{201D}"
          LayoutInline {<pseudo:after>} at (0,0) size 5x19
            LayoutTextFragment (anonymous) at (235,0) size 5x19
              text run at (235,0) width 5: ":"
        LayoutTableSection {THEAD} at (0,20) size 276x22
          LayoutTableRow {TR} at (0,0) size 276x22
            LayoutTableCell {TD} at (0,0) size 92x22 [border: none] [r=0 c=0 rs=1 cs=1]
              LayoutText {#text} at (2,1) size 89x19
                text run at (2,1) width 89: "Row 1, Cell 1"
            LayoutTableCell {TD} at (92,0) size 92x22 [border: none] [r=0 c=1 rs=1 cs=1]
              LayoutText {#text} at (2,1) size 89x19
                text run at (2,1) width 89: "Row 1, Cell 2"
            LayoutTableCell {TD} at (184,0) size 92x22 [border: none] [r=0 c=2 rs=1 cs=1]
              LayoutText {#text} at (2,1) size 89x19
                text run at (2,1) width 89: "Row 1, Cell 3"
        LayoutTableSection {TBODY} at (0,42) size 276x69
          LayoutTableRow {TR} at (0,0) size 276x23
            LayoutTableCell {TD} at (0,11) size 92x23 [border: (1px solid #808080)] [r=0 c=0 rs=2 cs=1]
              LayoutText {#text} at (2,2) size 89x19
                text run at (2,2) width 89: "Row 2, Cell 1"
            LayoutTableCell {TD} at (92,0) size 184x23 [border: (1px solid #808080)] [r=0 c=1 rs=1 cs=2]
              LayoutText {#text} at (2,2) size 89x19
                text run at (2,2) width 89: "Row 2, Cell 2"
          LayoutTableRow {TR} at (0,23) size 276x23
            LayoutTableCell {TD} at (92,23) size 92x23 [border: (1px solid #808080)] [r=1 c=1 rs=1 cs=1]
              LayoutText {#text} at (2,2) size 89x19
                text run at (2,2) width 89: "Row 3, Cell 2"
            LayoutTableCell {TD} at (184,34) size 92x23 [border: (1px solid #808080)] [r=1 c=2 rs=2 cs=1]
              LayoutText {#text} at (2,2) size 89x19
                text run at (2,2) width 89: "Row 3, Cell 3"
          LayoutTableRow {TR} at (0,46) size 276x23
            LayoutTableCell {TD} at (0,46) size 184x23 [border: (1px solid #808080)] [r=2 c=0 rs=1 cs=2]
              LayoutText {#text} at (2,2) size 89x19
                text run at (2,2) width 89: "Row 4, Cell 1"
        LayoutTableSection {TFOOT} at (0,111) size 276x23
          LayoutTableRow {TR} at (0,0) size 276x23
            LayoutTableCell {TD} at (0,0) size 92x23 [border: (1px solid #808080)] [r=0 c=0 rs=1 cs=1]
              LayoutText {#text} at (2,2) size 89x19
                text run at (2,2) width 89: "Row 5, Cell 1"
            LayoutTableCell {TD} at (92,0) size 92x23 [border: (1px solid #808080)] [r=0 c=1 rs=1 cs=1]
              LayoutText {#text} at (2,2) size 89x19
                text run at (2,2) width 89: "Row 5, Cell 2"
            LayoutTableCell {TD} at (184,0) size 92x23 [border: (1px solid #808080)] [r=0 c=2 rs=1 cs=1]
              LayoutText {#text} at (2,2) size 89x19
                text run at (2,2) width 89: "Row 5, Cell 3"
      LayoutTable {TABLE} at (0,7590) size 276x134 [border: none (1px solid #808080) none]
        LayoutBlockFlow {CAPTION} at (0,0) size 276x20
          LayoutInline {A} at (0,0) size 201x19
            LayoutText {#text} at (35,0) size 201x19
              text run at (35,0) width 201: "Frame=\x{201C}rhs\x{201D} and Rules=\x{201C}all\x{201D}"
          LayoutInline {<pseudo:after>} at (0,0) size 5x19
            LayoutTextFragment (anonymous) at (236,0) size 5x19
              text run at (236,0) width 5: ":"
        LayoutTableSection {THEAD} at (0,20) size 275x22
          LayoutTableRow {TR} at (0,0) size 275x22
            LayoutTableCell {TD} at (0,0) size 91x22 [r=0 c=0 rs=1 cs=1]
              LayoutText {#text} at (1,1) size 89x19
                text run at (1,1) width 89: "Row 1, Cell 1"
            LayoutTableCell {TD} at (91,0) size 92x22 [border: none] [r=0 c=1 rs=1 cs=1]
              LayoutText {#text} at (2,1) size 89x19
                text run at (2,1) width 89: "Row 1, Cell 2"
            LayoutTableCell {TD} at (183,0) size 92x22 [border: none] [r=0 c=2 rs=1 cs=1]
              LayoutText {#text} at (2,1) size 89x19
                text run at (2,1) width 89: "Row 1, Cell 3"
        LayoutTableSection {TBODY} at (0,42) size 275x69
          LayoutTableRow {TR} at (0,0) size 275x23
            LayoutTableCell {TD} at (0,11) size 91x23 [border: (1px solid #808080)] [r=0 c=0 rs=2 cs=1]
              LayoutText {#text} at (1,2) size 89x19
                text run at (1,2) width 89: "Row 2, Cell 1"
            LayoutTableCell {TD} at (91,0) size 184x23 [border: (1px solid #808080)] [r=0 c=1 rs=1 cs=2]
              LayoutText {#text} at (2,2) size 89x19
                text run at (2,2) width 89: "Row 2, Cell 2"
          LayoutTableRow {TR} at (0,23) size 275x23
            LayoutTableCell {TD} at (91,23) size 92x23 [border: (1px solid #808080)] [r=1 c=1 rs=1 cs=1]
              LayoutText {#text} at (2,2) size 89x19
                text run at (2,2) width 89: "Row 3, Cell 2"
            LayoutTableCell {TD} at (183,34) size 92x23 [border: (1px solid #808080)] [r=1 c=2 rs=2 cs=1]
              LayoutText {#text} at (2,2) size 89x19
                text run at (2,2) width 89: "Row 3, Cell 3"
          LayoutTableRow {TR} at (0,46) size 275x23
            LayoutTableCell {TD} at (0,46) size 183x23 [border: (1px solid #808080)] [r=2 c=0 rs=1 cs=2]
              LayoutText {#text} at (1,2) size 89x19
                text run at (1,2) width 89: "Row 4, Cell 1"
        LayoutTableSection {TFOOT} at (0,111) size 275x23
          LayoutTableRow {TR} at (0,0) size 275x23
            LayoutTableCell {TD} at (0,0) size 91x23 [border: (1px solid #808080)] [r=0 c=0 rs=1 cs=1]
              LayoutText {#text} at (1,2) size 89x19
                text run at (1,2) width 89: "Row 5, Cell 1"
            LayoutTableCell {TD} at (91,0) size 92x23 [border: (1px solid #808080)] [r=0 c=1 rs=1 cs=1]
              LayoutText {#text} at (2,2) size 89x19
                text run at (2,2) width 89: "Row 5, Cell 2"
            LayoutTableCell {TD} at (183,0) size 92x23 [border: (1px solid #808080)] [r=0 c=2 rs=1 cs=1]
              LayoutText {#text} at (2,2) size 89x19
                text run at (2,2) width 89: "Row 5, Cell 3"
      LayoutTable {TABLE} at (0,7772) size 277x136 [border: none]
        LayoutBlockFlow {CAPTION} at (0,0) size 277x20
          LayoutInline {A} at (0,0) size 204x19
            LayoutText {#text} at (34,0) size 204x19
              text run at (34,0) width 204: "Frame=\x{201C}box\x{201D} and Rules=\x{201C}all\x{201D}"
          LayoutInline {<pseudo:after>} at (0,0) size 5x19
            LayoutTextFragment (anonymous) at (238,0) size 5x19
              text run at (238,0) width 5: ":"
        LayoutTableSection {THEAD} at (0,20) size 276x23
          LayoutTableRow {TR} at (0,0) size 276x23
            LayoutTableCell {TD} at (0,0) size 92x23 [border: (1px solid #808080)] [r=0 c=0 rs=1 cs=1]
              LayoutText {#text} at (2,2) size 89x19
                text run at (2,2) width 89: "Row 1, Cell 1"
            LayoutTableCell {TD} at (92,0) size 92x23 [border: (1px solid #808080)] [r=0 c=1 rs=1 cs=1]
              LayoutText {#text} at (2,2) size 89x19
                text run at (2,2) width 89: "Row 1, Cell 2"
            LayoutTableCell {TD} at (184,0) size 92x23 [border: (1px solid #808080)] [r=0 c=2 rs=1 cs=1]
              LayoutText {#text} at (2,2) size 89x19
                text run at (2,2) width 89: "Row 1, Cell 3"
        LayoutTableSection {TBODY} at (0,43) size 276x69
          LayoutTableRow {TR} at (0,0) size 276x23
            LayoutTableCell {TD} at (0,11) size 92x23 [border: (1px solid #808080)] [r=0 c=0 rs=2 cs=1]
              LayoutText {#text} at (2,2) size 89x19
                text run at (2,2) width 89: "Row 2, Cell 1"
            LayoutTableCell {TD} at (92,0) size 184x23 [border: (1px solid #808080)] [r=0 c=1 rs=1 cs=2]
              LayoutText {#text} at (2,2) size 89x19
                text run at (2,2) width 89: "Row 2, Cell 2"
          LayoutTableRow {TR} at (0,23) size 276x23
            LayoutTableCell {TD} at (92,23) size 92x23 [border: (1px solid #808080)] [r=1 c=1 rs=1 cs=1]
              LayoutText {#text} at (2,2) size 89x19
                text run at (2,2) width 89: "Row 3, Cell 2"
            LayoutTableCell {TD} at (184,34) size 92x23 [border: (1px solid #808080)] [r=1 c=2 rs=2 cs=1]
              LayoutText {#text} at (2,2) size 89x19
                text run at (2,2) width 89: "Row 3, Cell 3"
          LayoutTableRow {TR} at (0,46) size 276x23
            LayoutTableCell {TD} at (0,46) size 184x23 [border: (1px solid #808080)] [r=2 c=0 rs=1 cs=2]
              LayoutText {#text} at (2,2) size 89x19
                text run at (2,2) width 89: "Row 4, Cell 1"
        LayoutTableSection {TFOOT} at (0,112) size 276x23
          LayoutTableRow {TR} at (0,0) size 276x23
            LayoutTableCell {TD} at (0,0) size 92x23 [border: (1px solid #808080)] [r=0 c=0 rs=1 cs=1]
              LayoutText {#text} at (2,2) size 89x19
                text run at (2,2) width 89: "Row 5, Cell 1"
            LayoutTableCell {TD} at (92,0) size 92x23 [border: (1px solid #808080)] [r=0 c=1 rs=1 cs=1]
              LayoutText {#text} at (2,2) size 89x19
                text run at (2,2) width 89: "Row 5, Cell 2"
            LayoutTableCell {TD} at (184,0) size 92x23 [border: (1px solid #808080)] [r=0 c=2 rs=1 cs=1]
              LayoutText {#text} at (2,2) size 89x19
                text run at (2,2) width 89: "Row 5, Cell 3"
      LayoutTable {TABLE} at (0,7956) size 277x136 [border: none]
        LayoutBlockFlow {CAPTION} at (0,0) size 277x20
          LayoutInline {A} at (0,0) size 224x19
            LayoutText {#text} at (24,0) size 224x19
              text run at (24,0) width 224: "Frame=\x{201C}border\x{201D} and Rules=\x{201C}all\x{201D}"
          LayoutInline {<pseudo:after>} at (0,0) size 6x19
            LayoutTextFragment (anonymous) at (247,0) size 6x19
              text run at (247,0) width 6: ":"
        LayoutTableSection {THEAD} at (0,20) size 276x23
          LayoutTableRow {TR} at (0,0) size 276x23
            LayoutTableCell {TD} at (0,0) size 92x23 [border: (1px solid #808080)] [r=0 c=0 rs=1 cs=1]
              LayoutText {#text} at (2,2) size 89x19
                text run at (2,2) width 89: "Row 1, Cell 1"
            LayoutTableCell {TD} at (92,0) size 92x23 [border: (1px solid #808080)] [r=0 c=1 rs=1 cs=1]
              LayoutText {#text} at (2,2) size 89x19
                text run at (2,2) width 89: "Row 1, Cell 2"
            LayoutTableCell {TD} at (184,0) size 92x23 [border: (1px solid #808080)] [r=0 c=2 rs=1 cs=1]
              LayoutText {#text} at (2,2) size 89x19
                text run at (2,2) width 89: "Row 1, Cell 3"
        LayoutTableSection {TBODY} at (0,43) size 276x69
          LayoutTableRow {TR} at (0,0) size 276x23
            LayoutTableCell {TD} at (0,11) size 92x23 [border: (1px solid #808080)] [r=0 c=0 rs=2 cs=1]
              LayoutText {#text} at (2,2) size 89x19
                text run at (2,2) width 89: "Row 2, Cell 1"
            LayoutTableCell {TD} at (92,0) size 184x23 [border: (1px solid #808080)] [r=0 c=1 rs=1 cs=2]
              LayoutText {#text} at (2,2) size 89x19
                text run at (2,2) width 89: "Row 2, Cell 2"
          LayoutTableRow {TR} at (0,23) size 276x23
            LayoutTableCell {TD} at (92,23) size 92x23 [border: (1px solid #808080)] [r=1 c=1 rs=1 cs=1]
              LayoutText {#text} at (2,2) size 89x19
                text run at (2,2) width 89: "Row 3, Cell 2"
            LayoutTableCell {TD} at (184,34) size 92x23 [border: (1px solid #808080)] [r=1 c=2 rs=2 cs=1]
              LayoutText {#text} at (2,2) size 89x19
                text run at (2,2) width 89: "Row 3, Cell 3"
          LayoutTableRow {TR} at (0,46) size 276x23
            LayoutTableCell {TD} at (0,46) size 184x23 [border: (1px solid #808080)] [r=2 c=0 rs=1 cs=2]
              LayoutText {#text} at (2,2) size 89x19
                text run at (2,2) width 89: "Row 4, Cell 1"
        LayoutTableSection {TFOOT} at (0,112) size 276x23
          LayoutTableRow {TR} at (0,0) size 276x23
            LayoutTableCell {TD} at (0,0) size 92x23 [border: (1px solid #808080)] [r=0 c=0 rs=1 cs=1]
              LayoutText {#text} at (2,2) size 89x19
                text run at (2,2) width 89: "Row 5, Cell 1"
            LayoutTableCell {TD} at (92,0) size 92x23 [border: (1px solid #808080)] [r=0 c=1 rs=1 cs=1]
              LayoutText {#text} at (2,2) size 89x19
                text run at (2,2) width 89: "Row 5, Cell 2"
            LayoutTableCell {TD} at (184,0) size 92x23 [border: (1px solid #808080)] [r=0 c=2 rs=1 cs=1]
              LayoutText {#text} at (2,2) size 89x19
                text run at (2,2) width 89: "Row 5, Cell 3"
layer at (393,24) size 392x150
  LayoutBlockFlow (positioned) {TABLE} at (392.50,24) size 392.50x150
    LayoutTable (anonymous) at (0,0) size 361x162
      LayoutBlockFlow {CAPTION} at (0,0) size 361x20
        LayoutText {#text} at (61,0) size 234x19
          text run at (61,0) width 234: "Local links to specific testcase tables"
        LayoutInline {<pseudo:after>} at (0,0) size 5x19
          LayoutTextFragment (anonymous) at (295,0) size 5x19
            text run at (295,0) width 5: ":"
      LayoutTableCol {COLGROUP} at (0,0) size 0x0
      LayoutTableCol {COLGROUP} at (0,0) size 0x0
      LayoutTableSection {THEAD} at (0,20) size 361x42
        LayoutTableRow {TR} at (0,2) size 361x18
          LayoutTableCell {TH} at (2,20) size 74x2 [r=0 c=0 rs=2 cs=2]
          LayoutTableCell {TH} at (78,2) size 281x18 [r=0 c=2 rs=1 cs=9]
            LayoutText {#text} at (124,1) size 33x15
              text run at (124,1) width 33: "Frame"
        LayoutTableRow {TR} at (0,22) size 361x18
          LayoutTableCell {TH} at (78,22) size 27x18 [r=1 c=2 rs=1 cs=1]
            LayoutText {#text} at (1,1) size 25x15
              text run at (1,1) width 25: "void"
          LayoutTableCell {TH} at (107,22) size 35x18 [r=1 c=3 rs=1 cs=1]
            LayoutText {#text} at (1,1) size 33x15
              text run at (1,1) width 33: "above"
          LayoutTableCell {TH} at (144,22) size 35x18 [r=1 c=4 rs=1 cs=1]
            LayoutText {#text} at (1,1) size 33x15
              text run at (1,1) width 33: "below"
          LayoutTableCell {TH} at (181,22) size 36x18 [r=1 c=5 rs=1 cs=1]
            LayoutText {#text} at (1,1) size 34x15
              text run at (1,1) width 34: "hsides"
          LayoutTableCell {TH} at (219,22) size 36x18 [r=1 c=6 rs=1 cs=1]
            LayoutText {#text} at (1,1) size 34x15
              text run at (1,1) width 34: "vsides"
          LayoutTableCell {TH} at (257,22) size 18x18 [r=1 c=7 rs=1 cs=1]
            LayoutText {#text} at (1,1) size 16x15
              text run at (1,1) width 16: "lhs"
          LayoutTableCell {TH} at (277,22) size 18x18 [r=1 c=8 rs=1 cs=1]
            LayoutText {#text} at (1,1) size 16x15
              text run at (1,1) width 16: "rhs"
          LayoutTableCell {TH} at (297,22) size 23x18 [r=1 c=9 rs=1 cs=1]
            LayoutText {#text} at (1,1) size 21x15
              text run at (1,1) width 21: "box"
          LayoutTableCell {TH} at (322,22) size 37x18 [r=1 c=10 rs=1 cs=1]
            LayoutText {#text} at (1,1) size 35x15
              text run at (1,1) width 35: "border"
      LayoutTableSection {TBODY} at (0,62) size 361x100
        LayoutTableRow {TR} at (0,0) size 361x18
          LayoutTableCell {TH} at (2,40) size 33x18 [r=0 c=0 rs=5 cs=1]
            LayoutText {#text} at (1,1) size 31x15
              text run at (1,1) width 31: "Rules"
          LayoutTableCell {TH} at (37,0) size 39x18 [r=0 c=1 rs=1 cs=1]
            LayoutText {#text} at (11,1) size 27x15
              text run at (11,1) width 27: "none"
          LayoutTableCell {TD} at (78,0) size 27x18 [bgcolor=#CCCCCC] [r=0 c=2 rs=1 cs=1]
            LayoutInline {A} at (0,0) size 15x15 [color=#0000EE]
              LayoutText {#text} at (6,1) size 15x15
                text run at (6,1) width 15: "Go"
          LayoutTableCell {TD} at (107,0) size 35x18 [bgcolor=#CCCCCC] [r=0 c=3 rs=1 cs=1]
            LayoutInline {A} at (0,0) size 15x15 [color=#0000EE]
              LayoutText {#text} at (10,1) size 15x15
                text run at (10,1) width 15: "Go"
          LayoutTableCell {TD} at (144,0) size 35x18 [bgcolor=#CCCCCC] [r=0 c=4 rs=1 cs=1]
            LayoutInline {A} at (0,0) size 15x15 [color=#0000EE]
              LayoutText {#text} at (10,1) size 15x15
                text run at (10,1) width 15: "Go"
          LayoutTableCell {TD} at (181,0) size 36x18 [bgcolor=#CCCCCC] [r=0 c=5 rs=1 cs=1]
            LayoutInline {A} at (0,0) size 16x15 [color=#0000EE]
              LayoutText {#text} at (10,1) size 16x15
                text run at (10,1) width 16: "Go"
          LayoutTableCell {TD} at (219,0) size 36x18 [bgcolor=#CCCCCC] [r=0 c=6 rs=1 cs=1]
            LayoutInline {A} at (0,0) size 16x15 [color=#0000EE]
              LayoutText {#text} at (10,1) size 16x15
                text run at (10,1) width 16: "Go"
          LayoutTableCell {TD} at (257,0) size 18x18 [bgcolor=#CCCCCC] [r=0 c=7 rs=1 cs=1]
            LayoutInline {A} at (0,0) size 16x15 [color=#0000EE]
              LayoutText {#text} at (1,1) size 16x15
                text run at (1,1) width 16: "Go"
          LayoutTableCell {TD} at (277,0) size 18x18 [bgcolor=#CCCCCC] [r=0 c=8 rs=1 cs=1]
            LayoutInline {A} at (0,0) size 16x15 [color=#0000EE]
              LayoutText {#text} at (1,1) size 16x15
                text run at (1,1) width 16: "Go"
          LayoutTableCell {TD} at (297,0) size 23x18 [bgcolor=#CCCCCC] [r=0 c=9 rs=1 cs=1]
            LayoutInline {A} at (0,0) size 15x15 [color=#0000EE]
              LayoutText {#text} at (4,1) size 15x15
                text run at (4,1) width 15: "Go"
          LayoutTableCell {TD} at (322,0) size 37x18 [bgcolor=#CCCCCC] [r=0 c=10 rs=1 cs=1]
            LayoutInline {A} at (0,0) size 15x15 [color=#0000EE]
              LayoutText {#text} at (11,1) size 15x15
                text run at (11,1) width 15: "Go"
        LayoutTableRow {TR} at (0,20) size 361x18
          LayoutTableCell {TH} at (37,20) size 39x18 [r=1 c=1 rs=1 cs=1]
            LayoutText {#text} at (1,1) size 37x15
              text run at (1,1) width 37: "groups"
          LayoutTableCell {TD} at (78,20) size 27x18 [bgcolor=#CCCCCC] [r=1 c=2 rs=1 cs=1]
            LayoutInline {A} at (0,0) size 15x15 [color=#0000EE]
              LayoutText {#text} at (6,1) size 15x15
                text run at (6,1) width 15: "Go"
          LayoutTableCell {TD} at (107,20) size 35x18 [bgcolor=#CCCCCC] [r=1 c=3 rs=1 cs=1]
            LayoutInline {A} at (0,0) size 15x15 [color=#0000EE]
              LayoutText {#text} at (10,1) size 15x15
                text run at (10,1) width 15: "Go"
          LayoutTableCell {TD} at (144,20) size 35x18 [bgcolor=#CCCCCC] [r=1 c=4 rs=1 cs=1]
            LayoutInline {A} at (0,0) size 15x15 [color=#0000EE]
              LayoutText {#text} at (10,1) size 15x15
                text run at (10,1) width 15: "Go"
          LayoutTableCell {TD} at (181,20) size 36x18 [bgcolor=#CCCCCC] [r=1 c=5 rs=1 cs=1]
            LayoutInline {A} at (0,0) size 16x15 [color=#0000EE]
              LayoutText {#text} at (10,1) size 16x15
                text run at (10,1) width 16: "Go"
          LayoutTableCell {TD} at (219,20) size 36x18 [bgcolor=#CCCCCC] [r=1 c=6 rs=1 cs=1]
            LayoutInline {A} at (0,0) size 16x15 [color=#0000EE]
              LayoutText {#text} at (10,1) size 16x15
                text run at (10,1) width 16: "Go"
          LayoutTableCell {TD} at (257,20) size 18x18 [bgcolor=#CCCCCC] [r=1 c=7 rs=1 cs=1]
            LayoutInline {A} at (0,0) size 16x15 [color=#0000EE]
              LayoutText {#text} at (1,1) size 16x15
                text run at (1,1) width 16: "Go"
          LayoutTableCell {TD} at (277,20) size 18x18 [bgcolor=#CCCCCC] [r=1 c=8 rs=1 cs=1]
            LayoutInline {A} at (0,0) size 16x15 [color=#0000EE]
              LayoutText {#text} at (1,1) size 16x15
                text run at (1,1) width 16: "Go"
          LayoutTableCell {TD} at (297,20) size 23x18 [bgcolor=#CCCCCC] [r=1 c=9 rs=1 cs=1]
            LayoutInline {A} at (0,0) size 15x15 [color=#0000EE]
              LayoutText {#text} at (4,1) size 15x15
                text run at (4,1) width 15: "Go"
          LayoutTableCell {TD} at (322,20) size 37x18 [bgcolor=#CCCCCC] [r=1 c=10 rs=1 cs=1]
            LayoutInline {A} at (0,0) size 15x15 [color=#0000EE]
              LayoutText {#text} at (11,1) size 15x15
                text run at (11,1) width 15: "Go"
        LayoutTableRow {TR} at (0,40) size 361x18
          LayoutTableCell {TH} at (37,40) size 39x18 [r=2 c=1 rs=1 cs=1]
            LayoutText {#text} at (13,1) size 25x15
              text run at (13,1) width 25: "rows"
          LayoutTableCell {TD} at (78,40) size 27x18 [bgcolor=#CCCCCC] [r=2 c=2 rs=1 cs=1]
            LayoutInline {A} at (0,0) size 15x15 [color=#0000EE]
              LayoutText {#text} at (6,1) size 15x15
                text run at (6,1) width 15: "Go"
          LayoutTableCell {TD} at (107,40) size 35x18 [bgcolor=#CCCCCC] [r=2 c=3 rs=1 cs=1]
            LayoutInline {A} at (0,0) size 15x15 [color=#0000EE]
              LayoutText {#text} at (10,1) size 15x15
                text run at (10,1) width 15: "Go"
          LayoutTableCell {TD} at (144,40) size 35x18 [bgcolor=#CCCCCC] [r=2 c=4 rs=1 cs=1]
            LayoutInline {A} at (0,0) size 15x15 [color=#0000EE]
              LayoutText {#text} at (10,1) size 15x15
                text run at (10,1) width 15: "Go"
          LayoutTableCell {TD} at (181,40) size 36x18 [bgcolor=#CCCCCC] [r=2 c=5 rs=1 cs=1]
            LayoutInline {A} at (0,0) size 16x15 [color=#0000EE]
              LayoutText {#text} at (10,1) size 16x15
                text run at (10,1) width 16: "Go"
          LayoutTableCell {TD} at (219,40) size 36x18 [bgcolor=#CCCCCC] [r=2 c=6 rs=1 cs=1]
            LayoutInline {A} at (0,0) size 16x15 [color=#0000EE]
              LayoutText {#text} at (10,1) size 16x15
                text run at (10,1) width 16: "Go"
          LayoutTableCell {TD} at (257,40) size 18x18 [bgcolor=#CCCCCC] [r=2 c=7 rs=1 cs=1]
            LayoutInline {A} at (0,0) size 16x15 [color=#0000EE]
              LayoutText {#text} at (1,1) size 16x15
                text run at (1,1) width 16: "Go"
          LayoutTableCell {TD} at (277,40) size 18x18 [bgcolor=#CCCCCC] [r=2 c=8 rs=1 cs=1]
            LayoutInline {A} at (0,0) size 16x15 [color=#0000EE]
              LayoutText {#text} at (1,1) size 16x15
                text run at (1,1) width 16: "Go"
          LayoutTableCell {TD} at (297,40) size 23x18 [bgcolor=#CCCCCC] [r=2 c=9 rs=1 cs=1]
            LayoutInline {A} at (0,0) size 15x15 [color=#0000EE]
              LayoutText {#text} at (4,1) size 15x15
                text run at (4,1) width 15: "Go"
          LayoutTableCell {TD} at (322,40) size 37x18 [bgcolor=#CCCCCC] [r=2 c=10 rs=1 cs=1]
            LayoutInline {A} at (0,0) size 15x15 [color=#0000EE]
              LayoutText {#text} at (11,1) size 15x15
                text run at (11,1) width 15: "Go"
        LayoutTableRow {TR} at (0,60) size 361x18
          LayoutTableCell {TH} at (37,60) size 39x18 [r=3 c=1 rs=1 cs=1]
            LayoutText {#text} at (16,1) size 22x15
              text run at (16,1) width 22: "cols"
          LayoutTableCell {TD} at (78,60) size 27x18 [bgcolor=#CCCCCC] [r=3 c=2 rs=1 cs=1]
            LayoutInline {A} at (0,0) size 15x15 [color=#0000EE]
              LayoutText {#text} at (6,1) size 15x15
                text run at (6,1) width 15: "Go"
          LayoutTableCell {TD} at (107,60) size 35x18 [bgcolor=#CCCCCC] [r=3 c=3 rs=1 cs=1]
            LayoutInline {A} at (0,0) size 15x15 [color=#0000EE]
              LayoutText {#text} at (10,1) size 15x15
                text run at (10,1) width 15: "Go"
          LayoutTableCell {TD} at (144,60) size 35x18 [bgcolor=#CCCCCC] [r=3 c=4 rs=1 cs=1]
            LayoutInline {A} at (0,0) size 15x15 [color=#0000EE]
              LayoutText {#text} at (10,1) size 15x15
                text run at (10,1) width 15: "Go"
          LayoutTableCell {TD} at (181,60) size 36x18 [bgcolor=#CCCCCC] [r=3 c=5 rs=1 cs=1]
            LayoutInline {A} at (0,0) size 16x15 [color=#0000EE]
              LayoutText {#text} at (10,1) size 16x15
                text run at (10,1) width 16: "Go"
          LayoutTableCell {TD} at (219,60) size 36x18 [bgcolor=#CCCCCC] [r=3 c=6 rs=1 cs=1]
            LayoutInline {A} at (0,0) size 16x15 [color=#0000EE]
              LayoutText {#text} at (10,1) size 16x15
                text run at (10,1) width 16: "Go"
          LayoutTableCell {TD} at (257,60) size 18x18 [bgcolor=#CCCCCC] [r=3 c=7 rs=1 cs=1]
            LayoutInline {A} at (0,0) size 16x15 [color=#0000EE]
              LayoutText {#text} at (1,1) size 16x15
                text run at (1,1) width 16: "Go"
          LayoutTableCell {TD} at (277,60) size 18x18 [bgcolor=#CCCCCC] [r=3 c=8 rs=1 cs=1]
            LayoutInline {A} at (0,0) size 16x15 [color=#0000EE]
              LayoutText {#text} at (1,1) size 16x15
                text run at (1,1) width 16: "Go"
          LayoutTableCell {TD} at (297,60) size 23x18 [bgcolor=#CCCCCC] [r=3 c=9 rs=1 cs=1]
            LayoutInline {A} at (0,0) size 15x15 [color=#0000EE]
              LayoutText {#text} at (4,1) size 15x15
                text run at (4,1) width 15: "Go"
          LayoutTableCell {TD} at (322,60) size 37x18 [bgcolor=#CCCCCC] [r=3 c=10 rs=1 cs=1]
            LayoutInline {A} at (0,0) size 15x15 [color=#0000EE]
              LayoutText {#text} at (11,1) size 15x15
                text run at (11,1) width 15: "Go"
        LayoutTableRow {TR} at (0,80) size 361x18
          LayoutTableCell {TH} at (37,80) size 39x18 [r=4 c=1 rs=1 cs=1]
            LayoutText {#text} at (24,1) size 14x15
              text run at (24,1) width 14: "all"
          LayoutTableCell {TD} at (78,80) size 27x18 [bgcolor=#CCCCCC] [r=4 c=2 rs=1 cs=1]
            LayoutInline {A} at (0,0) size 15x15 [color=#0000EE]
              LayoutText {#text} at (6,1) size 15x15
                text run at (6,1) width 15: "Go"
          LayoutTableCell {TD} at (107,80) size 35x18 [bgcolor=#CCCCCC] [r=4 c=3 rs=1 cs=1]
            LayoutInline {A} at (0,0) size 15x15 [color=#0000EE]
              LayoutText {#text} at (10,1) size 15x15
                text run at (10,1) width 15: "Go"
          LayoutTableCell {TD} at (144,80) size 35x18 [bgcolor=#CCCCCC] [r=4 c=4 rs=1 cs=1]
            LayoutInline {A} at (0,0) size 15x15 [color=#0000EE]
              LayoutText {#text} at (10,1) size 15x15
                text run at (10,1) width 15: "Go"
          LayoutTableCell {TD} at (181,80) size 36x18 [bgcolor=#CCCCCC] [r=4 c=5 rs=1 cs=1]
            LayoutInline {A} at (0,0) size 16x15 [color=#0000EE]
              LayoutText {#text} at (10,1) size 16x15
                text run at (10,1) width 16: "Go"
          LayoutTableCell {TD} at (219,80) size 36x18 [bgcolor=#CCCCCC] [r=4 c=6 rs=1 cs=1]
            LayoutInline {A} at (0,0) size 16x15 [color=#0000EE]
              LayoutText {#text} at (10,1) size 16x15
                text run at (10,1) width 16: "Go"
          LayoutTableCell {TD} at (257,80) size 18x18 [bgcolor=#CCCCCC] [r=4 c=7 rs=1 cs=1]
            LayoutInline {A} at (0,0) size 16x15 [color=#0000EE]
              LayoutText {#text} at (1,1) size 16x15
                text run at (1,1) width 16: "Go"
          LayoutTableCell {TD} at (277,80) size 18x18 [bgcolor=#CCCCCC] [r=4 c=8 rs=1 cs=1]
            LayoutInline {A} at (0,0) size 16x15 [color=#0000EE]
              LayoutText {#text} at (1,1) size 16x15
                text run at (1,1) width 16: "Go"
          LayoutTableCell {TD} at (297,80) size 23x18 [bgcolor=#CCCCCC] [r=4 c=9 rs=1 cs=1]
            LayoutInline {A} at (0,0) size 15x15 [color=#0000EE]
              LayoutText {#text} at (4,1) size 15x15
                text run at (4,1) width 15: "Go"
          LayoutTableCell {TD} at (322,80) size 37x18 [bgcolor=#CCCCCC] [r=4 c=10 rs=1 cs=1]
            LayoutInline {A} at (0,0) size 15x15 [color=#0000EE]
              LayoutText {#text} at (11,1) size 15x15
                text run at (11,1) width 15: "Go"
