layer at (0,0) size 800x600
  LayoutView at (0,0) size 800x600
layer at (0,0) size 800x600
  LayoutBlockFlow {HTML} at (0,0) size 800x600
    LayoutBlockFlow {BODY} at (8,8) size 784x576
      LayoutBlockFlow {P} at (0,0) size 784x20
        LayoutText {#text} at (0,0) size 52x19
          text run at (0,0) width 52: "Test for "
        LayoutInline {I} at (0,0) size 666x19
          LayoutInline {A} at (0,0) size 302x19 [color=#0000EE]
            LayoutText {#text} at (51,0) size 302x19
              text run at (51,0) width 302: "http://bugs.webkit.org/show_bug.cgi?id=15309"
          LayoutText {#text} at (352,0) size 365x19
            text run at (352,0) width 5: " "
            text run at (356,0) width 361: "Crash due to infinite recursion in LayoutTable::addChild"
        LayoutText {#text} at (716,0) size 5x19
          text run at (716,0) width 5: "."
      LayoutBlockFlow {P} at (0,36) size 784x20
        LayoutText {#text} at (0,0) size 502x19
          text run at (0,0) width 502: "The following should look the same (and have identical render tree hierarchies):"
      LayoutBlockFlow {P} at (0,72) size 784x40
        LayoutTable {SPAN} at (0,0) size 30x40
          LayoutTableSection (anonymous) at (0,0) size 30x20
            LayoutTableRow (anonymous) at (0,0) size 30x20
              LayoutTableCell (anonymous) at (0,0) size 30x20 [r=0 c=0 rs=1 cs=1]
                LayoutText {#text} at (0,0) size 30x19
                  text run at (0,0) width 30: "table"
          LayoutBlockFlow {<pseudo:after>} at (0,20) size 30x20
            LayoutTextFragment (anonymous) at (0,0) size 28x19
              text run at (0,0) width 28: "after"
      LayoutBlockFlow {P} at (0,128) size 784x40
        LayoutTable {TABLE} at (0,0) size 30x40
          LayoutTableSection {TBODY} at (0,0) size 30x20
            LayoutTableRow {TR} at (0,0) size 30x20
              LayoutTableCell {TD} at (0,0) size 30x20 [r=0 c=0 rs=1 cs=1]
                LayoutText {#text} at (0,0) size 30x19
                  text run at (0,0) width 30: "table"
          LayoutBlockFlow {CAPTION} at (0,20) size 30x20
            LayoutText {#text} at (1,0) size 28x19
              text run at (1,0) width 28: "after"
