layer at (0,0) size 800x600
  LayoutView at (0,0) size 800x600
layer at (0,0) size 800x600
  LayoutBlockFlow {HTML} at (0,0) size 800x600
    LayoutBlockFlow {BODY} at (8,8) size 784x584
      LayoutBlockFlow {P} at (0,0) size 784x20
        LayoutText {#text} at (0,0) size 52x19
          text run at (0,0) width 52: "Test for "
        LayoutInline {I} at (0,0) size 647x19
          LayoutInline {A} at (0,0) size 154x19 [color=#0000EE]
            LayoutText {#text} at (51,0) size 154x19
              text run at (51,0) width 154: "rdar://problem/5615307"
          LayoutText {#text} at (204,0) size 494x19
            text run at (204,0) width 494: " Repro crash in WebKit!WebCore::RenderContainer::destroyLeftoverChildren"
        LayoutText {#text} at (697,0) size 5x19
          text run at (697,0) width 5: "."
      LayoutBlockFlow {P} at (0,36) size 784x20
        LayoutText {#text} at (0,0) size 269x19
          text run at (0,0) width 269: "There should be a line of green text below."
      LayoutTable {TABLE} at (0,72) size 148x32 [color=#FF0000]
        LayoutTableSection {TBODY} at (0,0) size 148x32
          LayoutTableRow {TR} at (0,2) size 148x28
            LayoutTableCell {TD} at (2,2) size 144x28 [r=0 c=0 rs=1 cs=1]
              LayoutTable {TABLE} at (1,1) size 142x26 [color=#000000]
                LayoutTableSection {TBODY} at (0,0) size 142x26
                  LayoutTableRow {TR} at (0,2) size 142x22 [color=#008000]
                    LayoutTableCell {TD} at (2,2) size 138x22 [r=0 c=0 rs=1 cs=1]
                      LayoutText {#text} at (1,1) size 136x19
                        text run at (1,1) width 136: "This should be green."
