layer at (0,0) size 800x600
  LayoutView at (0,0) size 800x600
layer at (0,0) size 800x600
  LayoutBlockFlow {HTML} at (0,0) size 800x600
    LayoutBlockFlow {BODY} at (8,8) size 784x584
      LayoutBlockFlow {P} at (0,0) size 784x40
        LayoutText {#text} at (0,0) size 52x19
          text run at (0,0) width 52: "Test for "
        LayoutInline {I} at (0,0) size 733x39
          LayoutInline {A} at (0,0) size 302x19 [color=#0000EE]
            LayoutText {#text} at (51,0) size 302x19
              text run at (51,0) width 302: "http://bugs.webkit.org/show_bug.cgi?id=15208"
          LayoutText {#text} at (352,0) size 733x39
            text run at (352,0) width 5: " "
            text run at (356,0) width 377: "display:table causes the collapsed text to show at a different"
            text run at (0,20) width 153: "position when expanded"
        LayoutText {#text} at (153,20) size 4x19
          text run at (153,20) width 4: "."
      LayoutBlockFlow {P} at (0,56) size 784x20
        LayoutText {#text} at (0,0) size 205x19
          text run at (0,0) width 205: "This should say \x{201C}Lorem ipsum\x{201D}:"
      LayoutTable {DIV} at (0,92) size 84x20
        LayoutTableSection (anonymous) at (0,0) size 84x20
          LayoutTableRow (anonymous) at (0,0) size 84x20
            LayoutTableCell (anonymous) at (0,0) size 84x20 [r=0 c=0 rs=1 cs=1]
              LayoutText {#text} at (0,0) size 42x19
                text run at (0,0) width 42: "Lorem"
              LayoutText {#text} at (42,0) size 42x19
                text run at (42,0) width 4: " "
                text run at (46,0) width 38: "ipsum"
