layer at (0,0) size 800x600
  LayoutView at (0,0) size 800x600
layer at (0,0) size 800x308
  LayoutBlockFlow {html} at (0,0) size 800x308
    LayoutBlockFlow {body} at (8,8) size 784x292
      LayoutTable {table} at (0,0) size 126x292
        LayoutTableSection (anonymous) at (0,164) size 126x2
          LayoutTableRow (anonymous) at (0,0) size 126x0
            LayoutTableCell (anonymous) at (2,0) size 122x0 [r=0 c=0 rs=1 cs=1]
        LayoutBlockFlow {caption} at (0,40) size 126x40
          LayoutText {#text} at (16,0) size 94x39
            text run at (16,0) width 94: "PASS: Normal"
            text run at (38,20) width 50: "Caption"
        LayoutTableSection {thead} at (0,140) size 126x24
          LayoutTableRow (anonymous) at (0,2) size 126x20
            LayoutTableCell (anonymous) at (2,2) size 122x20 [r=0 c=0 rs=1 cs=1]
              LayoutText {#text} at (0,0) size 67x19
                text run at (0,0) width 67: "HEADER"
        LayoutTableSection {tbody} at (0,166) size 126x42
          LayoutTableRow (anonymous) at (0,0) size 126x40
            LayoutTableCell (anonymous) at (2,0) size 122x40 [r=0 c=0 rs=1 cs=1]
              LayoutBR {br} at (0,0) size 0x19
              LayoutText {#text} at (0,20) size 122x19
                text run at (0,20) width 122: "Some body content"
              LayoutBR {br} at (122,20) size 0x19
        LayoutTableSection {tfoot} at (0,210) size 126x22
          LayoutTableRow (anonymous) at (0,0) size 126x20
            LayoutTableCell (anonymous) at (2,0) size 122x20 [r=0 c=0 rs=1 cs=1]
              LayoutText {#text} at (0,0) size 64x19
                text run at (0,0) width 64: "FOOTER"
        LayoutTableSection (anonymous) at (0,208) size 126x2
          LayoutTableRow (anonymous) at (0,0) size 126x0
            LayoutTableCell (anonymous) at (2,0) size 122x0 [r=0 c=0 rs=1 cs=1]
        LayoutBlockFlow {caption} at (0,80) size 126x60
          LayoutText {#text} at (0,0) size 0x0
        LayoutBlockFlow {caption} at (0,140) size 126x0
layer at (8,240) size 126x60 transparent
  LayoutBlockFlow {caption} at (0,232) size 126x60
    LayoutText {#text} at (26,0) size 116x59
      text run at (26,0) width 74: "PASS: First"
      text run at (5,20) width 116: "Caption aligned to"
      text run at (29,40) width 68: "the bottom"
layer at (10,172) size 229x20
  LayoutBlockFlow (positioned) {caption} at (10,172) size 228.53x20
    LayoutText {#text} at (0,0) size 229x19
      text run at (0,0) width 229: "PASS: Caption with a fixed position"
layer at (8,8) size 126x40 transparent
  LayoutBlockFlow {caption} at (0,0) size 126x40
    LayoutText {#text} at (15,0) size 102x39
      text run at (15,0) width 96: "PASS: Caption"
      text run at (12,20) width 102: "with opacity 0.7"
layer at (10,216) size 330x20 transparent
  LayoutBlockFlow (positioned) {caption} at (10,216) size 329.53x20
    LayoutText {#text} at (0,0) size 330x19
      text run at (0,0) width 330: "PASS: Caption with a fixed position and opacity 0.6"
layer at (8,88) size 118x59 transparent
  LayoutInline {a} at (0,0) size 118x59
    LayoutText {#text} at (15,0) size 118x59
      text run at (15,0) width 96: "PASS: Caption"
      text run at (4,20) width 118: "with opacity 0.5 in"
      text run at (14,40) width 98: "one of its child."
layer at (71,148) size 442x20 transparent
  LayoutBlockFlow (positioned) {a} at (71,148) size 441.53x20
    LayoutText {#text} at (0,0) size 442x19
      text run at (0,0) width 442: "PASS: Caption with opacity 0.4 and fixed position of one of the child."
