layer at (0,0) size 800x600
  LayoutView at (0,0) size 800x600
layer at (0,0) size 800x600
  LayoutBlockFlow {HTML} at (0,0) size 800x600
    LayoutBlockFlow {BODY} at (8,8) size 784x584
      LayoutBlockFlow (anonymous) at (0,0) size 784x0
        LayoutInline {NOBR} at (0,0) size 0x0
          LayoutText {#text} at (0,0) size 0x0
      LayoutBlockFlow (anonymous) at (0,0) size 784x390
        LayoutTable {TABLE} at (0,0) size 70x390 [border: (1px outset #808080)]
          LayoutTableSection {TBODY} at (1,1) size 68x388
            LayoutTableRow {TR} at (0,2) size 68x384
              LayoutTableCell {TD} at (2,2) size 64x384 [border: (1px inset #808080)] [r=0 c=0 rs=1 cs=1]
                LayoutText {#text} at (2,2) size 60x379
                  text run at (2,2) width 53: "This is a"
                  text run at (2,22) width 52: "test case"
                  text run at (2,42) width 18: "for"
                  text run at (2,62) width 60: "3190580."
                  text run at (2,82) width 33: "Even"
                  text run at (2,102) width 44: "though"
                  text run at (2,122) width 56: "this table"
                  text run at (2,142) width 10: "is"
                  text run at (2,162) width 55: "enclosed"
                  text run at (2,182) width 56: "in a nobr"
                  text run at (2,202) width 49: "tag, this"
                  text run at (2,222) width 23: "text"
                  text run at (2,242) width 42: "should"
                  text run at (2,262) width 32: "wrap"
                  text run at (2,282) width 53: "anyway."
                  text run at (2,302) width 59: "The table"
                  text run at (2,322) width 42: "is only"
                  text run at (2,342) width 57: "50 pixels"
                  text run at (2,362) width 35: "wide."
      LayoutBlockFlow (anonymous) at (0,390) size 784x0
        LayoutInline {NOBR} at (0,0) size 0x0
        LayoutText {#text} at (0,0) size 0x0
