layer at (0,0) size 800x600
  LayoutView at (0,0) size 800x600
layer at (0,0) size 800x600
  LayoutBlockFlow {HTML} at (0,0) size 800x600
    LayoutBlockFlow {BODY} at (8,8) size 784x584
      LayoutBlockFlow {H3} at (0,0) size 784x23
        LayoutText {#text} at (0,0) size 247x22
          text run at (0,0) width 247: "Small Percentage Heights Bug"
      LayoutBlockFlow {P} at (0,41.72) size 784x40
        LayoutText {#text} at (0,0) size 767x39
          text run at (0,0) width 400: "In the example below, all eight cells should be the same height. "
          text run at (399,0) width 368: "It appears that any percentage heights cause cells to fill the"
          text run at (0,20) width 120: "entire table height. "
          text run at (120,20) width 533: "Note how cell 8 is correct but 2-7 are not, despite the cells all specifying height:30%."
      LayoutTable {TABLE} at (0,97.72) size 784x104 [border: (1px outset #808080)]
        LayoutTableSection {TBODY} at (1,1) size 782x102
          LayoutTableRow {TR} at (0,0) size 782x102
            LayoutTableCell {TD} at (0,0) size 474x102 [bgcolor=#FFFF00] [border: (1px inset #808080)] [r=0 c=0 rs=1 cs=1]
              LayoutText {#text} at (192,11) size 90x19
                text run at (192,11) width 90: "Table Data #1"
              LayoutBR {BR} at (281,26) size 1x0
              LayoutText {#text} at (203,31) size 68x19
                text run at (203,31) width 68: "Other cells"
              LayoutBR {BR} at (271,46) size 0x0
              LayoutText {#text} at (173,51) size 128x19
                text run at (173,51) width 128: "should be the height"
              LayoutBR {BR} at (300,66) size 1x0
              LayoutText {#text} at (204,71) size 66x19
                text run at (204,71) width 66: "of this cell"
            LayoutTableCell {TD} at (474,20) size 44x62 [bgcolor=#006000] [border: (1px inset #808080)] [r=0 c=1 rs=1 cs=1]
              LayoutText {#text} at (11,11) size 22x39
                text run at (11,11) width 22: "TD"
                text run at (14,31) width 16: "#2"
            LayoutTableCell {TD} at (518,20) size 44x62 [bgcolor=#00FFFF] [border: (1px inset #808080)] [r=0 c=2 rs=1 cs=1]
              LayoutText {#text} at (11,11) size 22x39
                text run at (11,11) width 22: "TD"
                text run at (14,31) width 16: "#3"
            LayoutTableCell {TD} at (562,20) size 44x62 [bgcolor=#0000FF] [border: (1px inset #808080)] [r=0 c=3 rs=1 cs=1]
              LayoutText {#text} at (11,11) size 22x39
                text run at (11,11) width 22: "TD"
                text run at (14,31) width 16: "#4"
            LayoutTableCell {TD} at (606,20) size 44x62 [bgcolor=#008000] [border: (1px inset #808080)] [r=0 c=4 rs=1 cs=1]
              LayoutText {#text} at (11,11) size 22x39
                text run at (11,11) width 22: "TD"
                text run at (14,31) width 16: "#5"
            LayoutTableCell {TD} at (650,20) size 44x62 [bgcolor=#000080] [border: (1px inset #808080)] [r=0 c=5 rs=1 cs=1]
              LayoutText {#text} at (11,11) size 22x39
                text run at (11,11) width 22: "TD"
                text run at (14,31) width 16: "#6"
            LayoutTableCell {TD} at (694,20) size 44x62 [bgcolor=#CACACA] [border: (1px inset #808080)] [r=0 c=6 rs=1 cs=1]
              LayoutText {#text} at (11,11) size 22x39
                text run at (11,11) width 22: "TD"
                text run at (14,31) width 16: "#7"
            LayoutTableCell {TD} at (738,20) size 44x62 [bgcolor=#000000] [border: (1px inset #808080)] [r=0 c=7 rs=1 cs=1]
              LayoutInline {FONT} at (0,0) size 22x39 [color=#FFFFFF]
                LayoutText {#text} at (11,11) size 22x39
                  text run at (11,11) width 22: "TD"
                  text run at (14,31) width 16: "#8"
