layer at (0,0) size 800x600
  LayoutView at (0,0) size 800x600
layer at (0,0) size 800x600
  LayoutBlockFlow {HTML} at (0,0) size 800x600
    LayoutBlockFlow {BODY} at (8,8) size 784x584
      LayoutTable {TABLE} at (0,0) size 784x100 [border: (2px outset #808080)]
        LayoutTableSection {TBODY} at (2,2) size 780x96
          LayoutTableRow {TR} at (0,0) size 780x22
            LayoutTableCell {TD} at (0,17) size 38x62 [bgcolor=#AAAAAA] [border: (1px inset #808080)] [r=0 c=0 rs=3 cs=1]
              LayoutText {#text} at (1,1) size 36x59
                text run at (1,1) width 26: "Left"
                text run at (1,21) width 13: "(3"
                text run at (1,41) width 36: "rows)"
            LayoutTableCell {TD} at (38,18) size 303x22 [bgcolor=#000000] [border: (1px inset #808080)] [r=0 c=1 rs=2 cs=1]
              LayoutText {#text} at (1,1) size 4x19
                text run at (1,1) width 4: " "
            LayoutTableCell {TD} at (341,0) size 98x22 [border: (1px inset #808080)] [r=0 c=2 rs=1 cs=10]
              LayoutText {#text} at (1,1) size 96x19
                text run at (1,1) width 96: "Middle (1 row)"
            LayoutTableCell {TD} at (439,18) size 303x22 [bgcolor=#000000] [border: (1px inset #808080)] [r=0 c=12 rs=2 cs=1]
              LayoutText {#text} at (1,1) size 4x19
                text run at (1,1) width 4: " "
            LayoutTableCell {TD} at (742,17) size 38x62 [bgcolor=#AAAAAA] [border: (1px inset #808080)] [r=0 c=13 rs=3 cs=1]
              LayoutText {#text} at (2,1) size 36x59
                text run at (2,1) width 35: "Right"
                text run at (24,21) width 13: "(3"
                text run at (1,41) width 36: "rows)"
          LayoutTableRow {TR} at (0,22) size 780x37
            LayoutTableCell {TD} at (341,29) size 10x22 [bgcolor=#EEEEEE] [border: (1px inset #808080)] [r=1 c=2 rs=1 cs=1]
              LayoutText {#text} at (1,1) size 4x19
                text run at (1,1) width 4: " "
            LayoutTableCell {TD} at (351,29) size 11x22 [bgcolor=#EEEEEE] [border: (1px inset #808080)] [r=1 c=3 rs=1 cs=1]
              LayoutText {#text} at (1,1) size 4x19
                text run at (1,1) width 4: " "
            LayoutTableCell {TD} at (362,29) size 11x22 [bgcolor=#EEEEEE] [border: (1px inset #808080)] [r=1 c=4 rs=1 cs=1]
              LayoutText {#text} at (1,1) size 4x19
                text run at (1,1) width 4: " "
            LayoutTableCell {TD} at (373,29) size 11x22 [bgcolor=#EEEEEE] [border: (1px inset #808080)] [r=1 c=5 rs=1 cs=1]
              LayoutText {#text} at (1,1) size 4x19
                text run at (1,1) width 4: " "
            LayoutTableCell {TD} at (384,29) size 11x22 [bgcolor=#EEEEEE] [border: (1px inset #808080)] [r=1 c=6 rs=1 cs=1]
              LayoutText {#text} at (1,1) size 4x19
                text run at (1,1) width 4: " "
            LayoutTableCell {TD} at (395,29) size 11x22 [bgcolor=#EEEEEE] [border: (1px inset #808080)] [r=1 c=7 rs=1 cs=1]
              LayoutText {#text} at (1,1) size 4x19
                text run at (1,1) width 4: " "
            LayoutTableCell {TD} at (406,29) size 11x22 [bgcolor=#EEEEEE] [border: (1px inset #808080)] [r=1 c=8 rs=1 cs=1]
              LayoutText {#text} at (1,1) size 4x19
                text run at (1,1) width 4: " "
            LayoutTableCell {TD} at (417,29) size 11x22 [bgcolor=#EEEEEE] [border: (1px inset #808080)] [r=1 c=9 rs=1 cs=1]
              LayoutText {#text} at (1,1) size 4x19
                text run at (1,1) width 4: " "
            LayoutTableCell {TD} at (428,29) size 11x22 [bgcolor=#EEEEEE] [border: (1px inset #808080)] [r=1 c=10 rs=1 cs=1]
              LayoutText {#text} at (1,1) size 4x19
                text run at (1,1) width 4: " "
          LayoutTableRow {TR} at (0,59) size 780x37
            LayoutTableCell {TD} at (38,66) size 742x22 [bgcolor=#008000] [border: (1px inset #808080)] [r=2 c=1 rs=1 cs=13]
              LayoutText {#text} at (469,1) size 272x19
                text run at (469,1) width 272: "Bottom Row Overlaps with the Right Cell!"
