layer at (0,0) size 800x600
  LayoutView at (0,0) size 800x600
layer at (0,0) size 800x600
  LayoutBlockFlow {HTML} at (0,0) size 800x600
    LayoutBlockFlow {BODY} at (8,8) size 784x584
      LayoutTable {TABLE} at (0,0) size 100x580 [border: (2px outset #808080)]
        LayoutTableSection {TBODY} at (2,2) size 96x576
          LayoutTableRow {TR} at (0,0) size 42x576
            LayoutTableCell {TD} at (0,17) size 96x4 [bgcolor=#AAAAAA] [border: (1px inset #808080)] [r=0 c=0 rs=3 cs=1]
              LayoutText {#text} at (18,-16) size 59x36
                text run at (18,-16) width 26: "Left"
                text run at (38,-16) width 13: "(3"
                text run at (58,-16) width 36: "rows)"
            LayoutTableCell {TD} at (0,61) size 69x176 [bgcolor=#000000] [border: (1px inset #808080)] [r=0 c=1 rs=2 cs=1]
              LayoutText {#text} at (24,-22) size 19x4
                text run at (24,-22) width 4: " "
            LayoutTableCell {TD} at (0,261) size 42x54 [border: (1px inset #808080)] [r=0 c=2 rs=1 cs=10]
              LayoutText {#text} at (1,4) size 39x48
                text run at (1,4) width 45: "Middle"
                text run at (21,3) width 47: "(1 row)"
            LayoutTableCell {TD} at (0,338) size 69x176 [bgcolor=#000000] [border: (1px inset #808080)] [r=0 c=12 rs=2 cs=1]
              LayoutText {#text} at (24,-22) size 19x4
                text run at (24,-22) width 4: " "
            LayoutTableCell {TD} at (0,555) size 96x4 [bgcolor=#AAAAAA] [border: (1px inset #808080)] [r=0 c=13 rs=3 cs=1]
              LayoutText {#text} at (18,-15) size 59x36
                text run at (18,-15) width 35: "Right"
                text run at (38,7) width 13: "(3"
                text run at (58,-16) width 36: "rows)"
          LayoutTableRow {TR} at (42,0) size 27x576
            LayoutTableCell {TD} at (42,263) size 27x1 [bgcolor=#EEEEEE] [border: (1px inset #808080)] [r=1 c=2 rs=1 cs=1]
              LayoutText {#text} at (3,-1) size 19x4
                text run at (3,-1) width 4: " "
            LayoutTableCell {TD} at (42,269) size 27x1 [bgcolor=#EEEEEE] [border: (1px inset #808080)] [r=1 c=3 rs=1 cs=1]
              LayoutText {#text} at (3,-1) size 19x4
                text run at (3,-1) width 4: " "
            LayoutTableCell {TD} at (42,275) size 27x1 [bgcolor=#EEEEEE] [border: (1px inset #808080)] [r=1 c=4 rs=1 cs=1]
              LayoutText {#text} at (3,-1) size 19x4
                text run at (3,-1) width 4: " "
            LayoutTableCell {TD} at (42,281) size 27x1 [bgcolor=#EEEEEE] [border: (1px inset #808080)] [r=1 c=5 rs=1 cs=1]
              LayoutText {#text} at (3,-1) size 19x4
                text run at (3,-1) width 4: " "
            LayoutTableCell {TD} at (42,287) size 27x1 [bgcolor=#EEEEEE] [border: (1px inset #808080)] [r=1 c=6 rs=1 cs=1]
              LayoutText {#text} at (3,-1) size 19x4
                text run at (3,-1) width 4: " "
            LayoutTableCell {TD} at (42,293) size 27x1 [bgcolor=#EEEEEE] [border: (1px inset #808080)] [r=1 c=7 rs=1 cs=1]
              LayoutText {#text} at (3,-1) size 19x4
                text run at (3,-1) width 4: " "
            LayoutTableCell {TD} at (42,299) size 27x1 [bgcolor=#EEEEEE] [border: (1px inset #808080)] [r=1 c=8 rs=1 cs=1]
              LayoutText {#text} at (3,-1) size 19x4
                text run at (3,-1) width 4: " "
            LayoutTableCell {TD} at (42,305) size 27x1 [bgcolor=#EEEEEE] [border: (1px inset #808080)] [r=1 c=9 rs=1 cs=1]
              LayoutText {#text} at (3,-1) size 19x4
                text run at (3,-1) width 4: " "
            LayoutTableCell {TD} at (42,311) size 27x1 [bgcolor=#EEEEEE] [border: (1px inset #808080)] [r=1 c=10 rs=1 cs=1]
              LayoutText {#text} at (3,-1) size 19x4
                text run at (3,-1) width 4: " "
          LayoutTableRow {TR} at (69,0) size 27x576
            LayoutTableCell {TD} at (69,40) size 27x533 [bgcolor=#008000] [border: (1px inset #808080)] [r=2 c=1 rs=1 cs=13]
              LayoutText {#text} at (3,263) size 19x272
                text run at (3,263) width 272: "Bottom Row Overlaps with the Right Cell!"
