layer at (0,0) size 800x600
  LayoutView at (0,0) size 800x600
layer at (0,0) size 800x600
  LayoutBlockFlow {HTML} at (0,0) size 800x600
    LayoutBlockFlow {BODY} at (8,8) size 784x584
      LayoutBlockFlow {P} at (0,0) size 784x40
        LayoutText {#text} at (0,0) size 172x19
          text run at (0,0) width 172: "This is a regression test for "
        LayoutInline {I} at (0,0) size 780x39
          LayoutInline {A} at (0,0) size 348x19 [color=#0000EE]
            LayoutText {#text} at (172,0) size 348x19
              text run at (172,0) width 348: "http://bugzilla.opendarwin.org/show_bug.cgi?id=9652"
          LayoutText {#text} at (519,0) size 780x39
            text run at (519,0) width 5: " "
            text run at (523,0) width 257: "Assertion failure when changing an RTL"
            text run at (0,20) width 158: "table cell to display:none"
        LayoutText {#text} at (158,20) size 4x19
          text run at (158,20) width 4: "."
      LayoutBlockFlow {HR} at (0,56) size 784x2 [border: (1px inset #EEEEEE)]
      LayoutBlockFlow {P} at (0,74) size 784x20
        LayoutText {#text} at (0,0) size 256x19
          text run at (0,0) width 256: "No assertion failure means TEST PASS."
      LayoutTable {TABLE} at (0,110) size 50x28 [border: (1px solid #008000)]
        LayoutTableSection {TBODY} at (1,1) size 48x26
          LayoutTableRow {TR} at (0,2) size 48x22
            LayoutTableCell {TD} at (2,2) size 44x22 [r=0 c=0 rs=1 cs=1]
              LayoutText {#text} at (1,1) size 42x19
                text run at (1,1) width 42: "Lorem"
