layer at (0,0) size 800x600
  LayoutView at (0,0) size 800x600
layer at (0,0) size 800x600
  LayoutBlockFlow {HTML} at (0,0) size 800x600
    LayoutBlockFlow {BODY} at (8,8) size 784x576
      LayoutTable {TABLE} at (0,0) size 153x68 [border: none]
        LayoutTableSection {TBODY} at (0,0) size 152x67
          LayoutTableRow {TR} at (0,0) size 152x23
            LayoutTableCell {TD} at (0,0) size 76x23 [border: (1px none #808080) none none (1px solid #808080)] [r=0 c=0 rs=1 cs=1]
              LayoutText {#text} at (2,2) size 73x19
                text run at (2,2) width 73: "Row1 cell1"
            LayoutTableCell {TD} at (76,0) size 76x23 [border: (1px none #808080) none none (1px solid #808080)] [r=0 c=1 rs=1 cs=1]
              LayoutText {#text} at (2,2) size 73x19
                text run at (2,2) width 73: "Row1 cell2"
          LayoutTableRow {TR} at (0,23) size 152x22
            LayoutTableCell {TD} at (0,23) size 76x22 [border: none none none (1px solid #808080)] [r=1 c=0 rs=1 cs=1]
              LayoutText {#text} at (2,1) size 73x19
                text run at (2,1) width 73: "Row2 cell1"
            LayoutTableCell {TD} at (76,23) size 76x22 [border: none none none (1px solid #808080)] [r=1 c=1 rs=1 cs=1]
              LayoutText {#text} at (2,1) size 73x19
                text run at (2,1) width 73: "Row2 cell2"
          LayoutTableRow {TR} at (0,45) size 152x22
            LayoutTableCell {TD} at (0,45) size 76x22 [border: none none none (1px solid #808080)] [r=2 c=0 rs=1 cs=1]
              LayoutText {#text} at (2,1) size 73x19
                text run at (2,1) width 73: "Row3 cell1"
            LayoutTableCell {TD} at (76,45) size 76x22 [border: none none none (1px solid #808080)] [r=2 c=1 rs=1 cs=1]
              LayoutText {#text} at (2,1) size 73x19
                text run at (2,1) width 73: "Row3 cell2"
      LayoutBlockFlow {P} at (0,84) size 784x20
        LayoutText {#text} at (0,0) size 769x19
          text run at (0,0) width 769: "The rules attribute is first set dynamically to rows, then to cols, so the table should show only column borders. Bug 14848."
