layer at (0,0) size 800x600
  LayoutView at (0,0) size 800x600
layer at (0,0) size 800x600
  LayoutBlockFlow {HTML} at (0,0) size 800x600
    LayoutBlockFlow {BODY} at (8,8) size 784x584
      LayoutTable {TABLE} at (0,0) size 178x48
        LayoutTableSection {TBODY} at (0,0) size 178x48
          LayoutTableRow {TR} at (0,2) size 178x2
            LayoutTableCell {TD} at (2,2) size 6x2 [r=0 c=0 rs=1 cs=1]
          LayoutTableRow {TR} at (0,6) size 178x0
            LayoutTableCell {TD} at (2,6) size 6x2 [r=1 c=0 rs=2 cs=1]
          LayoutTableRow {TR} at (0,8) size 178x0
            LayoutTableCell {TD} at (10,26) size 166x2 [r=2 c=1 rs=2 cs=1]
          LayoutTableRow {TR} at (0,10) size 178x36
            LayoutTableCell {TD} at (2,10) size 174x36 [r=3 c=0 rs=1 cs=2]
              LayoutTable {TABLE} at (1,1) size 172x34 [border: (2px outset #808080)]
                LayoutTableSection {TBODY} at (2,2) size 168x30
                  LayoutTableRow {TR} at (0,2) size 168x26
                    LayoutTableCell {TD} at (2,13) size 4x4 [border: (1px inset #808080)] [r=0 c=0 rs=1 cs=1]
                    LayoutTableCell {TD} at (8,2) size 158x26 [border: (1px inset #808080)] [r=0 c=1 rs=1 cs=1]
                      LayoutTextControl {INPUT} at (2,2) size 154x22 [bgcolor=#FFFFFF] [border: (2px inset #EEEEEE)]
                      LayoutText {#text} at (0,0) size 0x0
layer at (25,28) size 150x16
  LayoutBlockFlow {DIV} at (2,3) size 150x16
    LayoutText {#text} at (0,0) size 27x16
      text run at (0,0) width 27: "hello"
