layer at (0,0) size 800x600
  LayoutView at (0,0) size 800x600
layer at (0,0) size 800x100
  LayoutBlockFlow {HTML} at (0,0) size 800x100
    LayoutBlockFlow {BODY} at (8,16) size 784x76
      LayoutBlockFlow {P} at (0,0) size 784x40
        LayoutText {#text} at (0,0) size 754x39
          text run at (0,0) width 754: "crbug.com/568387: Should not ASSERT and should not leave an unnecessary anonymous block around the two inline-"
          text run at (0,20) width 45: "blocks."
      LayoutTable (anonymous) at (0,56) size 150x20
        LayoutTableSection {DIV} at (0,0) size 150x20
          LayoutTableRow (anonymous) at (0,0) size 150x0
            LayoutTableCell (anonymous) at (0,0) size 150x0 [r=0 c=0 rs=1 cs=1]
              LayoutBlockFlow {DIV} at (0,0) size 150x0
          LayoutTableRow {DIV} at (0,0) size 150x0
          LayoutTableRow (anonymous) at (0,0) size 150x20
            LayoutTableCell (anonymous) at (0,0) size 150x20 [r=2 c=0 rs=1 cs=1]
              LayoutBlockFlow {DIV} at (0,15) size 75x0 [bgcolor=#0000FF]
              LayoutBlockFlow {DIV} at (75,15) size 75x0 [bgcolor=#0000FF]
