layer at (0,0) size 800x600
  LayoutView at (0,0) size 800x600
layer at (0,0) size 800x600
  LayoutBlockFlow {HTML} at (0,0) size 800x600
    LayoutBlockFlow {BODY} at (8,8) size 784x584
      LayoutBlockFlow (anonymous) at (0,0) size 784x20
        LayoutText {#text} at (0,0) size 337x19
          text run at (0,0) width 337: "You should see a PASS with a solid outline around it."
        LayoutText {#text} at (0,0) size 0x0
      LayoutTable {TABLE} at (0,20) size 42x24
        LayoutTableSection (anonymous) at (0,0) size 42x24
          LayoutTableRow (anonymous) at (0,2) size 42x20
            LayoutTableCell (anonymous) at (2,2) size 38x20 [r=0 c=0 rs=1 cs=1]
              LayoutInline {SPAN} at (0,0) size 38x19
                LayoutText {#text} at (0,0) size 38x19
                  text run at (0,0) width 38: "PASS"
              LayoutInline {SPAN} at (0,0) size 1x19
