layer at (0,0) size 800x600
  LayoutView at (0,0) size 800x600
layer at (0,0) size 800x600
  LayoutBlockFlow {HTML} at (0,0) size 800x600
    LayoutBlockFlow {BODY} at (8,8) size 784x584
      LayoutTable {DIV} at (0,0) size 128x116 [color=#FF0000] [border: (3px solid #008000)]
        LayoutTableSection (anonymous) at (19,19) size 90x78
          LayoutTableRow (anonymous) at (0,0) size 90x78
            LayoutTableCell (anonymous) at (0,0) size 90x78 [r=0 c=0 rs=1 cs=1]
              LayoutBlockFlow (anonymous) at (0,0) size 90x20
                LayoutInline {SPAN} at (0,0) size 77x19
                  LayoutText {#text} at (0,0) size 77x19
                    text run at (0,0) width 77: "CONTENT"
              LayoutTable {<pseudo:after>} at (0,20) size 90x58 [border: (3px solid #0000FF)]
                LayoutTableSection (anonymous) at (19,19) size 52x20
                  LayoutTableRow (anonymous) at (0,0) size 52x20
                    LayoutTableCell (anonymous) at (0,0) size 52x20 [r=0 c=0 rs=1 cs=1]
                      LayoutTextFragment (anonymous) at (0,0) size 52x19
                        text run at (0,0) width 52: "AFTER"
