layer at (0,0) size 800x600
  LayoutView at (0,0) size 800x600
layer at (0,0) size 800x600
  LayoutBlockFlow {HTML} at (0,0) size 800x600
    LayoutBlockFlow {BODY} at (8,8) size 784x584
      LayoutTable {TABLE} at (0,0) size 202x84
        LayoutTableSection {TBODY} at (0,0) size 202x84
          LayoutTableRow {TR} at (0,2) size 202x80
            LayoutTableCell {TD} at (2,2) size 198x80 [r=0 c=0 rs=1 cs=1]
              LayoutTable {TABLE} at (1,1) size 196x26
                LayoutTableSection {TBODY} at (0,0) size 196x26
                  LayoutTableRow {TR} at (0,2) size 196x22
                    LayoutTableCell {TD} at (2,2) size 192x22 [r=0 c=0 rs=1 cs=1]
                      LayoutText {#text} at (1,1) size 190x19
                        text run at (1,1) width 190: "This should all be on one line."
              LayoutTable {TABLE} at (1,27) size 84x52
                LayoutTableSection {THEAD} at (0,26) size 84x2
                LayoutBlockFlow {CAPTION} at (0,0) size 84x26
                  LayoutTable {TABLE} at (14,0) size 56x26
                    LayoutTableSection {TBODY} at (0,0) size 56x26
                      LayoutTableRow {TR} at (0,2) size 56x22
                        LayoutTableCell {TD} at (2,2) size 52x22 [r=0 c=0 rs=1 cs=1]
                          LayoutText {#text} at (1,1) size 50x19
                            text run at (1,1) width 50: "Caption"
                LayoutTableSection {TBODY} at (0,28) size 84x24
                  LayoutTableRow {TR} at (0,0) size 84x22
                    LayoutTableCell {TD} at (2,0) size 49x22 [r=0 c=0 rs=1 cs=1]
                      LayoutText {#text} at (1,1) size 47x19
                        text run at (1,1) width 47: "Bottom"
                    LayoutTableCell {TD} at (53,0) size 29x22 [r=0 c=1 rs=1 cs=1]
                      LayoutText {#text} at (1,1) size 27x19
                        text run at (1,1) width 27: "line."
