layer at (0,0) size 800x600
  LayoutView at (0,0) size 800x600
layer at (0,0) size 800x600
  LayoutBlockFlow {HTML} at (0,0) size 800x600
    LayoutBlockFlow {BODY} at (8,8) size 784x584
      LayoutTable {DIV} at (0,0) size 216x96 [color=#FF0000] [border: (3px solid #008000)]
        LayoutTableSection (anonymous) at (19,19) size 178x58
          LayoutTableRow (anonymous) at (0,0) size 178x58
            LayoutTableCell {<pseudo:before>} at (0,0) size 101x58 [border: (3px solid #0000FF)] [r=0 c=0 rs=1 cs=1]
              LayoutTextFragment (anonymous) at (19,19) size 63x19
                text run at (19,19) width 63: "BEFORE"
            LayoutTableCell (anonymous) at (101,19) size 77x20 [r=0 c=1 rs=1 cs=1]
              LayoutInline {SPAN} at (0,0) size 77x19
                LayoutText {#text} at (0,0) size 77x19
                  text run at (0,0) width 77: "CONTENT"
