layer at (0,0) size 800x600
  LayoutView at (0,0) size 800x600
layer at (0,0) size 800x600
  LayoutBlockFlow {HTML} at (0,0) size 800x600
    LayoutBlockFlow {BODY} at (8,8) size 784x584
      LayoutTable {DIV} at (0,0) size 205x96 [color=#FF0000] [border: (3px solid #008000)]
        LayoutTableSection (anonymous) at (19,19) size 167x58
          LayoutTableRow (anonymous) at (0,0) size 167x58
            LayoutTableCell (anonymous) at (0,19) size 77x20 [r=0 c=0 rs=1 cs=1]
              LayoutInline {SPAN} at (0,0) size 77x19
                LayoutText {#text} at (0,0) size 77x19
                  text run at (0,0) width 77: "CONTENT"
            LayoutTableCell {<pseudo:after>} at (77,0) size 90x58 [border: (3px solid #0000FF)] [r=0 c=1 rs=1 cs=1]
              LayoutTextFragment (anonymous) at (19,19) size 52x19
                text run at (19,19) width 52: "AFTER"
