layer at (0,0) size 800x600
  LayoutView at (0,0) size 800x600
layer at (0,0) size 800x516
  LayoutBlockFlow {HTML} at (0,0) size 800x516
    LayoutBlockFlow {BODY} at (8,10) size 784x498
      LayoutBlockFlow {TABLE} at (10,0) size 764x100 [border: (1px solid #000000)]
        LayoutTable (anonymous) at (1,1) size 116x98
          LayoutTableSection {THEAD} at (0,0) size 116x26
            LayoutTableRow {TR} at (0,2) size 116x22
              LayoutTableCell {TD} at (2,2) size 55x22 [r=0 c=0 rs=1 cs=1]
                LayoutText {#text} at (1,1) size 46x19
                  text run at (1,1) width 46: "Head 1"
              LayoutTableCell {TD} at (59,2) size 55x22 [r=0 c=1 rs=1 cs=1]
                LayoutText {#text} at (1,1) size 46x19
                  text run at (1,1) width 46: "Head 2"
          LayoutTableSection {TFOOT} at (0,74) size 116x24
            LayoutTableRow {TR} at (0,0) size 116x22
              LayoutTableCell {TD} at (2,0) size 55x22 [r=0 c=0 rs=1 cs=1]
                LayoutText {#text} at (1,1) size 53x19
                  text run at (1,1) width 53: "Footer 1"
              LayoutTableCell {TD} at (59,0) size 55x22 [r=0 c=1 rs=1 cs=1]
                LayoutText {#text} at (1,1) size 53x19
                  text run at (1,1) width 53: "Footer 2"
          LayoutTableSection {TBODY} at (0,26) size 116x48
            LayoutTableRow {TR} at (0,0) size 116x22
              LayoutTableCell {TD} at (2,0) size 55x22 [r=0 c=0 rs=1 cs=1]
                LayoutText {#text} at (1,1) size 38x19
                  text run at (1,1) width 38: "Cell 1"
              LayoutTableCell {TD} at (59,0) size 55x22 [r=0 c=1 rs=1 cs=1]
                LayoutText {#text} at (1,1) size 38x19
                  text run at (1,1) width 38: "Cell 2"
            LayoutTableRow {TR} at (0,24) size 116x22
              LayoutTableCell {TD} at (2,24) size 55x22 [r=1 c=0 rs=1 cs=1]
                LayoutText {#text} at (1,1) size 38x19
                  text run at (1,1) width 38: "Cell 3"
              LayoutTableCell {TD} at (59,24) size 55x22 [r=1 c=1 rs=1 cs=1]
                LayoutText {#text} at (1,1) size 38x19
                  text run at (1,1) width 38: "Cell 4"
      LayoutBlockFlow {TABLE} at (10,110) size 764x56 [border: (1px solid #000000)]
        LayoutTable (anonymous) at (1,1) size 220x54
          LayoutTableSection (anonymous) at (0,0) size 220x30
            LayoutTableRow (anonymous) at (0,2) size 220x26
              LayoutTableCell {THEAD} at (2,2) size 100x26 [r=0 c=0 rs=1 cs=1]
                LayoutTable (anonymous) at (0,0) size 100x26
                  LayoutTableSection (anonymous) at (0,0) size 100x26
                    LayoutTableRow (anonymous) at (0,2) size 100x22
                      LayoutTableCell {TR} at (2,2) size 96x22 [r=0 c=0 rs=1 cs=1]
                        LayoutInline {TD} at (0,0) size 48x21
                          LayoutText {#text} at (1,2) size 46x19
                            text run at (1,2) width 46: "Head 1"
                        LayoutInline {TD} at (0,0) size 48x21
                          LayoutText {#text} at (49,2) size 46x19
                            text run at (49,2) width 46: "Head 2"
              LayoutTableCell {TFOOT} at (104,2) size 114x26 [r=0 c=1 rs=1 cs=1]
                LayoutTable (anonymous) at (0,0) size 114x26
                  LayoutTableSection (anonymous) at (0,0) size 114x26
                    LayoutTableRow (anonymous) at (0,2) size 114x22
                      LayoutTableCell {TR} at (2,2) size 110x22 [r=0 c=0 rs=1 cs=1]
                        LayoutInline {TD} at (0,0) size 55x21
                          LayoutText {#text} at (1,2) size 53x19
                            text run at (1,2) width 53: "Footer 1"
                        LayoutInline {TD} at (0,0) size 55x21
                          LayoutText {#text} at (56,2) size 53x19
                            text run at (56,2) width 53: "Footer 2"
          LayoutTableSection {TBODY} at (0,30) size 220x24
            LayoutTableRow (anonymous) at (0,0) size 220x22
              LayoutTableCell {TR} at (2,0) size 100x22 [r=0 c=0 rs=1 cs=1]
                LayoutInline {TD} at (0,0) size 40x21
                  LayoutText {#text} at (1,2) size 38x19
                    text run at (1,2) width 38: "Cell 1"
                LayoutInline {TD} at (0,0) size 40x21
                  LayoutText {#text} at (41,2) size 38x19
                    text run at (41,2) width 38: "Cell 2"
              LayoutTableCell {TR} at (104,0) size 114x22 [r=0 c=1 rs=1 cs=1]
                LayoutInline {TD} at (0,0) size 40x21
                  LayoutText {#text} at (1,2) size 38x19
                    text run at (1,2) width 38: "Cell 3"
                LayoutInline {TD} at (0,0) size 40x21
                  LayoutText {#text} at (41,2) size 38x19
                    text run at (41,2) width 38: "Cell 4"
      LayoutBlockFlow {TABLE} at (10,176) size 764x110 [border: (1px solid #000000)]
        LayoutBlockFlow {THEAD} at (1,1) size 762x26
          LayoutBlockFlow {TR} at (0,0) size 762x26
            LayoutTable (anonymous) at (0,0) size 102x26
              LayoutTableSection (anonymous) at (0,0) size 102x26
                LayoutTableRow (anonymous) at (0,2) size 102x22
                  LayoutTableCell {TD} at (2,2) size 48x22 [r=0 c=0 rs=1 cs=1]
                    LayoutText {#text} at (1,1) size 46x19
                      text run at (1,1) width 46: "Head 1"
                  LayoutTableCell {TD} at (52,2) size 48x22 [r=0 c=1 rs=1 cs=1]
                    LayoutText {#text} at (1,1) size 46x19
                      text run at (1,1) width 46: "Head 2"
        LayoutBlockFlow {TFOOT} at (1,27) size 762x26
          LayoutBlockFlow {TR} at (0,0) size 762x26
            LayoutTable (anonymous) at (0,0) size 116x26
              LayoutTableSection (anonymous) at (0,0) size 116x26
                LayoutTableRow (anonymous) at (0,2) size 116x22
                  LayoutTableCell {TD} at (2,2) size 55x22 [r=0 c=0 rs=1 cs=1]
                    LayoutText {#text} at (1,1) size 53x19
                      text run at (1,1) width 53: "Footer 1"
                  LayoutTableCell {TD} at (59,2) size 55x22 [r=0 c=1 rs=1 cs=1]
                    LayoutText {#text} at (1,1) size 53x19
                      text run at (1,1) width 53: "Footer 2"
        LayoutTable (anonymous) at (1,53) size 90x56
          LayoutTableSection {TBODY} at (0,0) size 90x56
            LayoutTableRow (anonymous) at (0,2) size 90x52
              LayoutTableCell (anonymous) at (2,2) size 86x52 [r=0 c=0 rs=1 cs=1]
                LayoutBlockFlow {TR} at (0,0) size 86x26
                  LayoutTable (anonymous) at (0,0) size 86x26
                    LayoutTableSection (anonymous) at (0,0) size 86x26
                      LayoutTableRow (anonymous) at (0,2) size 86x22
                        LayoutTableCell {TD} at (2,2) size 40x22 [r=0 c=0 rs=1 cs=1]
                          LayoutText {#text} at (1,1) size 38x19
                            text run at (1,1) width 38: "Cell 1"
                        LayoutTableCell {TD} at (44,2) size 40x22 [r=0 c=1 rs=1 cs=1]
                          LayoutText {#text} at (1,1) size 38x19
                            text run at (1,1) width 38: "Cell 2"
                LayoutBlockFlow {TR} at (0,26) size 86x26
                  LayoutTable (anonymous) at (0,0) size 86x26
                    LayoutTableSection (anonymous) at (0,0) size 86x26
                      LayoutTableRow (anonymous) at (0,2) size 86x22
                        LayoutTableCell {TD} at (2,2) size 40x22 [r=0 c=0 rs=1 cs=1]
                          LayoutText {#text} at (1,1) size 38x19
                            text run at (1,1) width 38: "Cell 3"
                        LayoutTableCell {TD} at (44,2) size 40x22 [r=0 c=1 rs=1 cs=1]
                          LayoutText {#text} at (1,1) size 38x19
                            text run at (1,1) width 38: "Cell 4"
      LayoutTable (anonymous) at (0,296) size 302x202
        LayoutTableSection (anonymous) at (0,0) size 302x202
          LayoutTableRow (anonymous) at (0,0) size 302x202
            LayoutTableCell {P} at (0,0) size 302x202 [border: (1px solid #000000)] [r=0 c=0 rs=1 cs=1]
              LayoutText {#text} at (1,1) size 299x199
                text run at (1,1) width 252: "Lorem ipsum dolor sit amet, consectetur"
                text run at (1,21) width 245: "adipisicing elit, sed do eiusmod tempor"
                text run at (1,41) width 293: "incididunt ut labore et dolore magna aliqua. Ut"
                text run at (1,61) width 229: "enim ad minim veniam, quis nostrud"
                text run at (1,81) width 299: "exercitation ullamco laboris nisi ut aliquip ex ea"
                text run at (1,101) width 284: "commodo consequat. Duis aute irure dolor in"
                text run at (1,121) width 265: "reprehenderit in voluptate velit esse cillum"
                text run at (1,141) width 284: "dolore eu fugiat nulla pariatur. Excepteur sint"
                text run at (1,161) width 287: "occaecat cupidatat non proident, sunt in culpa"
                text run at (1,181) width 293: "qui officia deserunt mollit anim id est laborum."
