layer at (0,0) size 800x600
  LayoutView at (0,0) size 800x600
layer at (0,0) size 800x600
  LayoutBlockFlow {HTML} at (0,0) size 800x600
    LayoutBlockFlow {BODY} at (8,8) size 784x584
      LayoutBlockFlow (anonymous) at (0,0) size 784x20
        LayoutText {#text} at (0,0) size 86x19
          text run at (0,0) width 86: "No line break"
      LayoutTable {TABLE} at (0,20) size 120x61 [bgcolor=#C0C0C0]
        LayoutTableSection {TBODY} at (0,0) size 120x61
          LayoutTableRow {TR} at (0,2) size 120x57
            LayoutTableCell {TD} at (2,2) size 116x57 [r=0 c=0 rs=1 cs=1]
              LayoutImage {IMG} at (1,1) size 20x50 [bgcolor=#ADD8E6]
              LayoutText {#text} at (21,36) size 74x19
                text run at (21,36) width 74: "loremipsum"
              LayoutImage {IMG} at (95,1) size 20x50 [bgcolor=#ADD8E6]
              LayoutText {#text} at (0,0) size 0x0
      LayoutBlockFlow {HR} at (0,89) size 784x2 [border: (1px inset #EEEEEE)]
      LayoutBlockFlow (anonymous) at (0,99) size 784x20
        LayoutText {#text} at (0,0) size 86x19
          text run at (0,0) width 86: "No line break"
      LayoutTable {TABLE} at (0,119) size 100x61 [bgcolor=#C0C0C0]
        LayoutTableSection {TBODY} at (0,0) size 100x61
          LayoutTableRow {TR} at (0,2) size 100x57
            LayoutTableCell {TD} at (2,2) size 96x57 [r=0 c=0 rs=1 cs=1]
              LayoutText {#text} at (1,36) size 74x19
                text run at (1,36) width 74: "loremipsum"
              LayoutImage {IMG} at (75,1) size 20x50 [bgcolor=#ADD8E6]
              LayoutText {#text} at (0,0) size 0x0
      LayoutBlockFlow {HR} at (0,188) size 784x2 [border: (1px inset #EEEEEE)]
      LayoutBlockFlow (anonymous) at (0,198) size 784x20
        LayoutText {#text} at (0,0) size 152x19
          text run at (0,0) width 152: "Line break after the \"a\"."
      LayoutTable {TABLE} at (0,218) size 100x81 [bgcolor=#C0C0C0]
        LayoutTableSection {TBODY} at (0,0) size 100x81
          LayoutTableRow {TR} at (0,2) size 100x77
            LayoutTableCell {TD} at (2,2) size 96x77 [r=0 c=0 rs=1 cs=1]
              LayoutText {#text} at (1,1) size 74x74
                text run at (1,1) width 7: "a"
                text run at (1,56) width 74: "loremipsum"
              LayoutImage {IMG} at (75,21) size 20x50 [bgcolor=#ADD8E6]
              LayoutText {#text} at (0,0) size 0x0
      LayoutBlockFlow {HR} at (0,307) size 784x2 [border: (1px inset #EEEEEE)]
      LayoutBlockFlow (anonymous) at (0,317) size 784x20
        LayoutText {#text} at (0,0) size 152x19
          text run at (0,0) width 152: "Line break after the \"a\"."
      LayoutTable {TABLE} at (0,337) size 120x81 [bgcolor=#C0C0C0]
        LayoutTableSection {TBODY} at (0,0) size 120x81
          LayoutTableRow {TR} at (0,2) size 120x77
            LayoutTableCell {TD} at (2,2) size 116x77 [r=0 c=0 rs=1 cs=1]
              LayoutText {#text} at (1,1) size 7x19
                text run at (1,1) width 7: "a"
              LayoutImage {IMG} at (1,21) size 20x50 [bgcolor=#ADD8E6]
              LayoutText {#text} at (21,56) size 74x19
                text run at (21,56) width 74: "loremipsum"
              LayoutImage {IMG} at (95,21) size 20x50 [bgcolor=#ADD8E6]
              LayoutText {#text} at (0,0) size 0x0
      LayoutBlockFlow {HR} at (0,426) size 784x2 [border: (1px inset #EEEEEE)]
      LayoutBlockFlow (anonymous) at (0,436) size 784x20
        LayoutText {#text} at (0,0) size 186x19
          text run at (0,0) width 186: "Line break after \"wideword\"."
      LayoutTable {TABLE} at (0,456) size 120x81 [bgcolor=#C0C0C0]
        LayoutTableSection {TBODY} at (0,0) size 120x81
          LayoutTableRow {TR} at (0,2) size 120x77
            LayoutTableCell {TD} at (2,2) size 116x77 [r=0 c=0 rs=1 cs=1]
              LayoutText {#text} at (1,1) size 64x19
                text run at (1,1) width 64: "wideword"
              LayoutImage {IMG} at (1,21) size 20x50 [bgcolor=#ADD8E6]
              LayoutText {#text} at (21,56) size 74x19
                text run at (21,56) width 74: "loremipsum"
              LayoutImage {IMG} at (95,21) size 20x50 [bgcolor=#ADD8E6]
              LayoutText {#text} at (0,0) size 0x0
