layer at (0,0) size 800x600
  LayoutView at (0,0) size 800x600
layer at (0,0) size 800x511
  LayoutBlockFlow {HTML} at (0,0) size 800x511
    LayoutBlockFlow {BODY} at (8,8) size 784x495
      LayoutTable {TABLE} at (0,0) size 656x495 [border: (1px outset #808080)]
        LayoutTableSection {TBODY} at (1,1) size 654x493
          LayoutTableRow {TR} at (0,2) size 654x489
            LayoutTableCell {TD} at (2,87) size 46x24 [border: (1px inset #808080)] [r=0 c=0 rs=1 cs=1]
              LayoutText {#text} at (2,2) size 42x19
                text run at (2,2) width 42: "Lorem"
            LayoutTableCell {TD} at (50,69) size 122x47 [border: (1px inset #808080)] [r=0 c=1 rs=1 cs=1]
              LayoutText {#text} at (2,20) size 42x19
                text run at (2,20) width 42: "ipsum "
              LayoutInline {SPAN} at (0,0) size 76x41
                LayoutText {#text} at (44,3) size 76x41
                  text run at (44,3) width 76: "dolor"
              LayoutText {#text} at (0,0) size 0x0
            LayoutTableCell {TD} at (174,87) size 18x24 [border: (1px inset #808080)] [r=0 c=2 rs=1 cs=1]
              LayoutBlockFlow {DIV} at (2,2) size 14x20
                LayoutText {#text} at (0,0) size 14x19
                  text run at (0,0) width 14: "sit"
            LayoutTableCell {TD} at (194,87) size 54x104 [border: (1px inset #808080)] [r=0 c=3 rs=1 cs=1]
              LayoutBlockFlow {DIV} at (2,2) size 50x100 [bgcolor=#ADD8E6]
                LayoutText {#text} at (0,0) size 30x19
                  text run at (0,0) width 30: "amet"
            LayoutTableCell {TD} at (250,87) size 64x24 [border: (1px inset #808080)] [r=0 c=4 rs=1 cs=1]
              LayoutText {#text} at (2,2) size 43x19
                text run at (2,2) width 43: "consec"
              LayoutText {#text} at (0,0) size 0x0
            LayoutTableCell {TD} at (316,61) size 82x87 [border: (1px inset #808080)] [r=0 c=5 rs=1 cs=1]
              LayoutTable {TABLE} at (2,2) size 78x83 [border: (1px outset #808080)]
                LayoutTableSection {TBODY} at (1,1) size 76x81
                  LayoutTableRow {TR} at (0,10) size 76x61
                    LayoutTableCell {TD} at (2,10) size 72x61 [border: (10px solid #0000FF) (1px inset #808080) (5px solid #0000FF) (1px inset #808080)] [r=0 c=0 rs=1 cs=1]
                      LayoutText {#text} at (2,15) size 35x19
                        text run at (2,15) width 35: "tetuer"
                      LayoutBR {BR} at (37,15) size 0x19
                      LayoutText {#text} at (2,35) size 68x19
                        text run at (2,35) width 68: "adipiscing."
            LayoutTableCell {TD} at (400,2) size 64x4 [border: (1px inset #808080)] [r=0 c=6 rs=1 cs=1]
            LayoutTableCell {TD} at (466,2) size 54x104 [border: (1px inset #808080)] [r=0 c=7 rs=1 cs=1]
              LayoutBlockFlow {DIV} at (2,2) size 50x100 [bgcolor=#FFB6C1]
            LayoutTableCell {TD} at (522,29) size 64x164 [border: (1px inset #808080)] [r=0 c=8 rs=1 cs=1]
              LayoutTable {TABLE} at (2,2) size 60x120 [border: (1px outset #808080)]
                LayoutTableSection {TBODY} at (1,1) size 58x118
                  LayoutTableRow {TR} at (0,2) size 58x80
                    LayoutTableCell {TD} at (2,27) size 54x55 [border: (10px solid #0000FF) (1px inset #808080) (5px solid #0000FF) (1px inset #808080)] [r=0 c=0 rs=1 cs=1]
                      LayoutBlockFlow {DIV} at (6,25) size 42x20 [bgcolor=#FFB6C1]
                        LayoutText {#text} at (0,0) size 42x19
                          text run at (0,0) width 42: "Lorem"
                  LayoutTableRow {TR} at (0,84) size 58x32
                    LayoutTableCell {TD} at (2,84) size 54x32 [border: (1px inset #808080)] [r=1 c=0 rs=1 cs=1]
                      LayoutText {#text} at (6,6) size 38x19
                        text run at (6,6) width 38: "ipsum"
              LayoutBlockFlow (anonymous) at (2,122) size 60x40
                LayoutText {#text} at (0,0) size 51x19
                  text run at (0,0) width 51: "dolor sit"
                LayoutBR {BR} at (51,0) size 0x19
                LayoutText {#text} at (0,20) size 34x19
                  text run at (0,20) width 34: "amet."
            LayoutTableCell {TD} at (588,42) size 64x64 [border: (1px inset #808080)] [r=0 c=9 rs=1 cs=1]
              LayoutBlockFlow (floating) {DIV} at (2,2) size 25x30 [bgcolor=#90EE90]
                LayoutText {#text} at (0,0) size 17x19
                  text run at (0,0) width 17: "F1"
              LayoutBlockFlow (floating) {DIV} at (27,2) size 25x30 [bgcolor=#90EE90]
                LayoutText {#text} at (0,0) size 17x19
                  text run at (0,0) width 17: "F2"
              LayoutBlockFlow (floating) {DIV} at (2,32) size 25x30 [bgcolor=#90EE90]
                LayoutText {#text} at (0,0) size 17x19
                  text run at (0,0) width 17: "F3"
layer at (261,0) size 60x50
  LayoutBlockFlow (positioned) {DIV} at (261,0) size 60x50 [bgcolor=#FFFFE0]
    LayoutText {#text} at (0,0) size 9x19
      text run at (0,0) width 9: "P"
layer at (411,13) size 60x50
  LayoutBlockFlow (positioned) {DIV} at (411,13) size 60x50 [bgcolor=#FFFFE0]
    LayoutText {#text} at (0,0) size 9x19
      text run at (0,0) width 9: "P"
