layer at (0,0) size 800x600
  LayoutView at (0,0) size 800x600
layer at (0,0) size 800x600
  LayoutBlockFlow {HTML} at (0,0) size 800x600
    LayoutBlockFlow {BODY} at (8,8) size 784x576
      LayoutBlockFlow {P} at (0,0) size 784x36
        LayoutText {#text} at (0,0) size 54x18
          text run at (0,0) width 54: "Test for "
        LayoutInline {I} at (0,0) size 779x36
          LayoutInline {A} at (0,0) size 304x18 [color=#0000EE]
            LayoutText {#text} at (53,0) size 304x18
              text run at (53,0) width 304: "http://bugs.webkit.org/show_bug.cgi?id=11671"
          LayoutText {#text} at (356,0) size 779x36
            text run at (356,0) width 5: " "
            text run at (360,0) width 419: "REGRESSION (r13702): text-transform: capitalize changes non-"
            text run at (0,18) width 167: "breaking spaces to spaces"
        LayoutText {#text} at (166,18) size 5x18
          text run at (166,18) width 5: "."
      LayoutBlockFlow {P} at (0,52) size 784x18
        LayoutText {#text} at (0,0) size 291x18
          text run at (0,0) width 291: "The next three lines should all look the same."
      LayoutBlockFlow {P} at (0,86) size 784x18
        LayoutText {#text} at (0,0) size 103x18
          text run at (0,0) width 103: "Lorem     Ipsum"
      LayoutBlockFlow {P} at (0,120) size 784x18
        LayoutText {#text} at (0,0) size 63x18
          text run at (0,0) width 63: "Lorem     "
        LayoutInline {SPAN} at (0,0) size 41x18
          LayoutText {#text} at (62,0) size 41x18
            text run at (62,0) width 41: "Ipsum"
      LayoutBlockFlow {P} at (0,154) size 784x18
        LayoutText {#text} at (0,0) size 103x18
          text run at (0,0) width 103: "Lorem     Ipsum"
