layer at (0,0) size 800x600
  LayoutView at (0,0) size 800x600
layer at (0,0) size 800x53
  LayoutBlockFlow {HTML} at (0,0) size 800x53
    LayoutBlockFlow {BODY} at (8,8) size 784x37
      LayoutText {#text} at (0,0) size 585x18
        text run at (0,0) width 585: "Test passes if password field does not include caps lock icon on right edge on any platform."
      LayoutBR {BR} at (584,0) size 1x18
      LayoutTextControl {INPUT} at (0,18) size 131x19 [bgcolor=#FFFFFF] [border: (2px inset #EEEEEE)]
      LayoutText {#text} at (0,0) size 0x0
      LayoutText {#text} at (0,0) size 0x0
layer at (11,29) size 125x13
  LayoutBlockFlow {DIV} at (3,3) size 125x13
caret: position 0 of child 0 {DIV} of {#document-fragment} of child 3 {INPUT} of body
