layer at (0,0) size 800x600
  LayoutView at (0,0) size 800x600
layer at (0,0) size 800x600
  LayoutBlockFlow {HTML} at (0,0) size 800x600
    LayoutBlockFlow {BODY} at (8,8) size 784x584
      LayoutBlockFlow (anonymous) at (0,0) size 784x18
        LayoutText {#text} at (0,0) size 429x18
          text run at (0,0) width 429: "Pixel test for complex text rendering with opacity (Chromium bug "
        LayoutInline {A} at (0,0) size 33x18 [color=#0000EE]
          LayoutText {#text} at (428,0) size 33x18
            text run at (428,0) width 33: "8768"
        LayoutText {#text} at (460,0) size 10x18
          text run at (460,0) width 10: ")."
      LayoutBlockFlow {P} at (0,34) size 784x0
      LayoutBlockFlow {DIV} at (0,34) size 784x38
        LayoutInline {SPAN} at (0,0) size 43x29
          LayoutText {#text} at (0,4) size 43x29
            text run at (0,4) width 43: "\x{916}\x{94B}\x{91C}\x{947}\x{902}"
        LayoutText {#text} at (42,4) size 7x29
          text run at (42,4) width 7: " "
        LayoutText {#text} at (91,4) size 7x29
          text run at (91,4) width 7: " "
        LayoutText {#text} at (139,4) size 7x29
          text run at (139,4) width 7: " "
        LayoutText {#text} at (188,4) size 7x29
          text run at (188,4) width 7: " "
        LayoutText {#text} at (236,4) size 8x29
          text run at (236,4) width 8: " "
        LayoutText {#text} at (285,4) size 7x29
          text run at (285,4) width 7: " "
        LayoutText {#text} at (334,4) size 7x29
          text run at (334,4) width 7: " "
        LayoutText {#text} at (382,4) size 8x29
          text run at (382,4) width 8: " "
        LayoutText {#text} at (431,4) size 7x29
          text run at (431,4) width 7: " "
        LayoutText {#text} at (480,4) size 7x29
          text run at (480,4) width 7: " "
        LayoutText {#text} at (0,0) size 0x0
      LayoutBlockFlow {DIV} at (0,72) size 784x33
        LayoutInline {SPAN} at (0,0) size 51x29
          LayoutText {#text} at (562,0) size 51x29
            text run at (562,0) width 51 RTL: "\x{64A}\x{624}\x{644}\x{645}\x{646}\x{64A}"
        LayoutText {#text} at (556,0) size 7x29
          text run at (556,0) width 7 RTL: " "
        LayoutText {#text} at (499,0) size 8x29
          text run at (499,0) width 8 RTL: " "
        LayoutText {#text} at (443,0) size 7x29
          text run at (443,0) width 7 RTL: " "
        LayoutText {#text} at (387,0) size 7x29
          text run at (387,0) width 7 RTL: " "
        LayoutText {#text} at (331,0) size 7x29
          text run at (331,0) width 7 RTL: " "
        LayoutText {#text} at (274,0) size 8x29
          text run at (274,0) width 8 RTL: " "
        LayoutText {#text} at (218,0) size 7x29
          text run at (218,0) width 7 RTL: " "
        LayoutText {#text} at (162,0) size 7x29
          text run at (162,0) width 7 RTL: " "
        LayoutText {#text} at (106,0) size 7x29
          text run at (106,0) width 7 RTL: " "
        LayoutText {#text} at (49,0) size 8x29
          text run at (49,0) width 8 RTL: " "
        LayoutText {#text} at (0,0) size 0x0
layer at (8,42) size 44x29 transparent
  LayoutInline {SPAN} at (0,0) size 44x29
    LayoutText {#text} at (48,4) size 44x29
      text run at (48,4) width 44: "\x{916}\x{94B}\x{91C}\x{947}\x{902}"
layer at (8,42) size 43x29 transparent
  LayoutInline {SPAN} at (0,0) size 43x29
    LayoutText {#text} at (97,4) size 43x29
      text run at (97,4) width 43: "\x{916}\x{94B}\x{91C}\x{947}\x{902}"
layer at (8,42) size 44x29 transparent
  LayoutInline {SPAN} at (0,0) size 44x29
    LayoutText {#text} at (145,4) size 44x29
      text run at (145,4) width 44: "\x{916}\x{94B}\x{91C}\x{947}\x{902}"
layer at (8,42) size 43x29 transparent
  LayoutInline {SPAN} at (0,0) size 43x29
    LayoutText {#text} at (194,4) size 43x29
      text run at (194,4) width 43: "\x{916}\x{94B}\x{91C}\x{947}\x{902}"
layer at (8,42) size 43x29 transparent
  LayoutInline {SPAN} at (0,0) size 43x29
    LayoutText {#text} at (243,4) size 43x29
      text run at (243,4) width 43: "\x{916}\x{94B}\x{91C}\x{947}\x{902}"
layer at (8,42) size 44x29 transparent
  LayoutInline {SPAN} at (0,0) size 44x29
    LayoutText {#text} at (291,4) size 44x29
      text run at (291,4) width 44: "\x{916}\x{94B}\x{91C}\x{947}\x{902}"
layer at (8,42) size 43x29 transparent
  LayoutInline {SPAN} at (0,0) size 43x29
    LayoutText {#text} at (340,4) size 43x29
      text run at (340,4) width 43: "\x{916}\x{94B}\x{91C}\x{947}\x{902}"
layer at (8,42) size 43x29 transparent
  LayoutInline {SPAN} at (0,0) size 43x29
    LayoutText {#text} at (389,4) size 43x29
      text run at (389,4) width 43: "\x{916}\x{94B}\x{91C}\x{947}\x{902}"
layer at (8,42) size 44x29 transparent
  LayoutInline {SPAN} at (0,0) size 44x29
    LayoutText {#text} at (437,4) size 44x29
      text run at (437,4) width 44: "\x{916}\x{94B}\x{91C}\x{947}\x{902}"
layer at (8,42) size 43x29 transparent
  LayoutInline {SPAN} at (0,0) size 43x29
    LayoutText {#text} at (486,4) size 43x29
      text run at (486,4) width 43: "\x{916}\x{94B}\x{91C}\x{947}\x{902}"
layer at (8,80) size 51x29 transparent
  LayoutInline {SPAN} at (0,0) size 51x29
    LayoutText {#text} at (506,0) size 51x29
      text run at (506,0) width 51 RTL: "\x{64A}\x{624}\x{644}\x{645}\x{646}\x{64A}"
layer at (8,80) size 51x29 transparent
  LayoutInline {SPAN} at (0,0) size 51x29
    LayoutText {#text} at (449,0) size 51x29
      text run at (449,0) width 51 RTL: "\x{64A}\x{624}\x{644}\x{645}\x{646}\x{64A}"
layer at (8,80) size 51x29 transparent
  LayoutInline {SPAN} at (0,0) size 51x29
    LayoutText {#text} at (393,0) size 51x29
      text run at (393,0) width 51 RTL: "\x{64A}\x{624}\x{644}\x{645}\x{646}\x{64A}"
layer at (8,80) size 51x29 transparent
  LayoutInline {SPAN} at (0,0) size 51x29
    LayoutText {#text} at (337,0) size 51x29
      text run at (337,0) width 51 RTL: "\x{64A}\x{624}\x{644}\x{645}\x{646}\x{64A}"
layer at (8,80) size 51x29 transparent
  LayoutInline {SPAN} at (0,0) size 51x29
    LayoutText {#text} at (281,0) size 51x29
      text run at (281,0) width 51 RTL: "\x{64A}\x{624}\x{644}\x{645}\x{646}\x{64A}"
layer at (8,80) size 51x29 transparent
  LayoutInline {SPAN} at (0,0) size 51x29
    LayoutText {#text} at (224,0) size 51x29
      text run at (224,0) width 51 RTL: "\x{64A}\x{624}\x{644}\x{645}\x{646}\x{64A}"
layer at (8,80) size 51x29 transparent
  LayoutInline {SPAN} at (0,0) size 51x29
    LayoutText {#text} at (168,0) size 51x29
      text run at (168,0) width 51 RTL: "\x{64A}\x{624}\x{644}\x{645}\x{646}\x{64A}"
layer at (8,80) size 51x29 transparent
  LayoutInline {SPAN} at (0,0) size 51x29
    LayoutText {#text} at (112,0) size 51x29
      text run at (112,0) width 51 RTL: "\x{64A}\x{624}\x{644}\x{645}\x{646}\x{64A}"
layer at (8,80) size 51x29 transparent
  LayoutInline {SPAN} at (0,0) size 51x29
    LayoutText {#text} at (56,0) size 51x29
      text run at (56,0) width 51 RTL: "\x{64A}\x{624}\x{644}\x{645}\x{646}\x{64A}"
layer at (8,80) size 50x29 transparent
  LayoutInline {SPAN} at (0,0) size 50x29
    LayoutText {#text} at (0,0) size 50x29
      text run at (0,0) width 50 RTL: "\x{64A}\x{624}\x{644}\x{645}\x{646}\x{64A}"
