layer at (0,0) size 800x600
  LayoutView at (0,0) size 800x600
layer at (0,0) size 800x228
  LayoutBlockFlow {HTML} at (0,0) size 800x228
    LayoutBlockFlow {BODY} at (8,16) size 784x204
      LayoutBlockFlow {P} at (0,0) size 784x18
        LayoutText {#text} at (0,0) size 199x18
          text run at (0,0) width 199: "All lines should look the same."
      LayoutBlockFlow {P} at (0,34) size 784x18
        LayoutText {#text} at (0,0) size 385x18
          text run at (0,0) width 385: "This test is intentionally a pixel test, see crbug.com/452914."
      LayoutBlockFlow {DIV} at (0,68) size 784x68
        LayoutText {#text} at (0,0) size 66x17
          text run at (0,0) width 66: "!!!!!!!!!!!!!!"
        LayoutBR {BR} at (65,0) size 1x17
        LayoutText {#text} at (0,17) size 66x17
          text run at (0,17) width 66: "!!!!!!!!!!!!!!"
        LayoutBR {BR} at (65,17) size 1x17
        LayoutText {#text} at (0,34) size 66x17
          text run at (0,34) width 66: "!!!!!!!!!!!!!!"
        LayoutBR {BR} at (65,34) size 1x17
        LayoutText {#text} at (0,51) size 66x17
          text run at (0,51) width 66: "!!!!!!!!!!!!!!"
      LayoutBlockFlow {DIV} at (0,136) size 784x68
        LayoutText {#text} at (0,0) size 66x17
          text run at (0,0) width 66: "!!!!!!!!!!!!!!"
        LayoutBR {BR} at (65,0) size 1x17
        LayoutText {#text} at (0,17) size 66x17
          text run at (0,17) width 66: "!!!!!!!!!!!!!!"
        LayoutBR {BR} at (65,17) size 1x17
        LayoutText {#text} at (0,34) size 66x17
          text run at (0,34) width 66: "!!!!!!!!!!!!!!"
        LayoutBR {BR} at (65,34) size 1x17
        LayoutText {#text} at (0,51) size 66x17
          text run at (0,51) width 66: "!!!!!!!!!!!!!!"
