layer at (0,0) size 800x600
  LayoutView at (0,0) size 800x600
layer at (0,0) size 800x112
  LayoutBlockFlow {HTML} at (0,0) size 800x112
    LayoutBlockFlow {BODY} at (8,16) size 784x88
      LayoutBlockFlow {P} at (0,0) size 784x18
        LayoutText {#text} at (0,0) size 778x18
          text run at (0,0) width 778: "crbug.com/636060: rtl text in a ltr flow should truncate the text left-to-right and underline correctly in composition mode."
      LayoutBlockFlow {P} at (0,34) size 784x18
        LayoutText {#text} at (0,0) size 290x18
          text run at (0,0) width 290: "You should see an underline beneath the text."
layer at (8,84) size 125x20 scrollX 111.00 scrollWidth 237
  LayoutBlockFlow {DIV} at (0,68) size 125x20
    LayoutText {#text} at (0,1) size 237x18
      text run at (0,1) width 228 RTL: "\x{5D0}\x{5D1}\x{5D2}\x{5D3}\x{5D4}\x{5D5}\x{5D6}\x{5D7}\x{5D8}\x{5D9}\x{5DB}\x{5DA}\x{5DC}\x{5DE}\x{5DD}\x{5E1}\x{5E2}\x{5E4}\x{5E3}\x{5E6}\x{5E5}\x{5E7}\x{5E8}\x{5E9}\x{5EA}"
      text run at (227,1) width 10: "<"
caret: position 26 of child 0 {#text} of child 4 {DIV} of body
