layer at (0,0) size 800x600
  LayoutView at (0,0) size 800x600
layer at (0,0) size 800x111
  LayoutBlockFlow {HTML} at (0,0) size 800x111
    LayoutBlockFlow {BODY} at (8,16) size 784x87
      LayoutBlockFlow {P} at (0,0) size 784x18
        LayoutText {#text} at (0,0) size 492x18
          text run at (0,0) width 492: "crbug.com/634445: Rtl text in a rtl flow should truncate the text right-to-left."
      LayoutBlockFlow {P} at (0,34) size 784x18
        LayoutText {#text} at (0,0) size 290x18
          text run at (0,0) width 290: "You should see an underline beneath the text."
layer at (8,84) size 125x19 scrollX 145.00 scrollWidth 270
  LayoutBlockFlow {DIV} at (0,68) size 125x19
    LayoutText {#text} at (-145,1) size 271x18
      text run at (-145,1) width 228 RTL: "\x{5D0}\x{5D1}\x{5D2}\x{5D3}\x{5D4}\x{5D5}\x{5D6}\x{5D7}\x{5D8}\x{5D9}\x{5DB}\x{5DA}\x{5DC}\x{5DE}\x{5DD}\x{5E1}\x{5E2}\x{5E4}\x{5E3}\x{5E6}\x{5E5}\x{5E7}\x{5E8}\x{5E9}\x{5EA}"
      text run at (82,1) width 43: "Lorem"
