layer at (0,0) size 800x600
  LayoutView at (0,0) size 800x600
layer at (0,0) size 800x112
  LayoutBlockFlow {HTML} at (0,0) size 800x112
    LayoutBlockFlow {BODY} at (8,16) size 784x88
      LayoutBlockFlow {P} at (0,0) size 784x18
        LayoutText {#text} at (0,0) size 783x18
          text run at (0,0) width 783: "crbug.com/636060: Ltr text in a rtl flow should truncate the text left-to-right and underline correctly in composition mode."
      LayoutBlockFlow {P} at (0,34) size 784x18
        LayoutText {#text} at (0,0) size 290x18
          text run at (0,0) width 290: "You should see an underline beneath the text."
layer at (8,84) size 125x20 scrollWidth 156
  LayoutBlockFlow {DIV} at (0,68) size 125x20
    LayoutText {#text} at (-31,0) size 157x18
      text run at (-31,0) width 156: "abcdefghijklmnopqrstuv"
caret: position 22 of child 0 {#text} of child 4 {DIV} of body
