layer at (0,0) size 800x600
  LayoutView at (0,0) size 800x600
layer at (0,0) size 800x188
  LayoutBlockFlow {HTML} at (0,0) size 800x188
    LayoutBlockFlow {BODY} at (8,16) size 784x156
      LayoutBlockFlow {P} at (0,0) size 784x18
        LayoutText {#text} at (0,0) size 524x18
          text run at (0,0) width 524: "crbug.com/645938: Text in an rtl flow with a list marker should truncate properly."
      LayoutBlockFlow {P} at (0,34) size 784x19
        LayoutText {#text} at (0,1) size 395x18
          text run at (0,1) width 114: "You should see ..."
          text run at (113,1) width 233 RTL: "\x{5D4}\x{5E0}\x{5E7}\x{5E8}\x{5D0} \x{5DC}\x{5E4}\x{5E2}\x{5DE}\x{5D9}\x{5DD} \x{5D2}\x{5DD} \x{5D3}\x{5DE}\x{5D9} \x{5D8}\x{5E7}\x{5E1}\x{5D8} \x{5D0}\x{5D5} \x{5D2}"
          text run at (345,1) width 50: "' below."
      LayoutBlockFlow {OL} at (0,69) size 784x19
      LayoutBlockFlow {P} at (0,104) size 784x18
        LayoutText {#text} at (0,0) size 343x18
          text run at (0,0) width 343: "You should see ...ajdklasd jsakldsja dsjjkl dsjk below."
      LayoutBlockFlow {OL} at (0,138) size 784x18
layer at (48,85) size 200x19 scrollX 236.00 scrollWidth 436
  LayoutListItem {LI} at (40,0) size 200x19
    LayoutListMarker (anonymous) at (200,1) size 16x18: "1"
    LayoutText {#text} at (-236,1) size 437x18
      text run at (-236,1) width 159 RTL: "\x{5E2}\x{5D3} \x{5E9}\x{5D9}\x{5D4}\x{5D9}\x{5D4} \x{5D8}\x{5E7}\x{5E1}\x{5D8} \x{5D0}\x{5DE}\x{5D9}\x{5EA}\x{5D9}"
      text run at (-77,1) width 277 RTL: "\x{5D4}\x{5E0}\x{5E7}\x{5E8}\x{5D0} \x{5DC}\x{5E4}\x{5E2}\x{5DE}\x{5D9}\x{5DD} \x{5D2}\x{5DD} \x{5D3}\x{5DE}\x{5D9} \x{5D8}\x{5E7}\x{5E1}\x{5D8} \x{5D0}\x{5D5} \x{5D2}'\x{5D9}\x{5D1}\x{5E8}\x{5D9}\x{5E9} "
layer at (48,154) size 200x18 scrollX 208.00 scrollWidth 409
  LayoutListItem {LI} at (40,0) size 200x18
    LayoutListMarker (anonymous) at (200,0) size 16x18: "1"
    LayoutText {#text} at (-208,0) size 409x18
      text run at (-208,0) width 408: "dsajkl dsjakld sajkld asjkld sajklds ajdklasd jsakldsja dsjjkl dsjk"
