layer at (0,0) size 800x600
  LayoutView at (0,0) size 800x600
layer at (0,0) size 800x111
  LayoutBlockFlow {HTML} at (0,0) size 800x111
    LayoutBlockFlow {BODY} at (8,16) size 784x87
      LayoutBlockFlow {P} at (0,0) size 784x18
        LayoutText {#text} at (0,0) size 491x18
          text run at (0,0) width 491: "crbug.com/155836: Ltr text in a rtl flow should truncate the text right-to-left."
      LayoutBlockFlow {P} at (0,34) size 784x18
        LayoutText {#text} at (0,0) size 272x18
          text run at (0,0) width 272: "You should see ...32109876543210 below."
layer at (8,84) size 125x19 scrollX 12.00 scrollWidth 137
  LayoutBlockFlow {DIV} at (0,68) size 125x19
    LayoutText {#text} at (-12,1) size 138x18
      text run at (-12,1) width 25 RTL: "\x{5DB}\x{5DE}\x{5D5}"
      text run at (13,1) width 112: "32109876543210"
