layer at (0,0) size 800x600
  LayoutView at (0,0) size 800x600
layer at (0,0) size 800x110
  LayoutBlockFlow {HTML} at (0,0) size 800x110
    LayoutBlockFlow {BODY} at (8,16) size 784x86
      LayoutBlockFlow {P} at (0,0) size 784x18
        LayoutText {#text} at (0,0) size 491x18
          text run at (0,0) width 491: "crbug.com/155836: Ltr text in a ltr flow should truncate the text left-to-right."
      LayoutBlockFlow {P} at (0,34) size 784x18
        LayoutText {#text} at (0,0) size 272x18
          text run at (0,0) width 272: "You should see 01234567890123... below."
layer at (8,84) size 125x18 scrollWidth 240
  LayoutBlockFlow {DIV} at (0,68) size 125x18
    LayoutText {#text} at (0,0) size 240x18
      text run at (0,0) width 240: "012345678901234567890123456789"
