layer at (0,0) size 800x600
  LayoutView at (0,0) size 800x600
layer at (0,0) size 800x110
  LayoutBlockFlow {HTML} at (0,0) size 800x110
    LayoutBlockFlow {BODY} at (8,16) size 784x86
      LayoutBlockFlow {P} at (0,0) size 784x18
        LayoutText {#text} at (0,0) size 565x18
          text run at (0,0) width 565: "crbug.com/667128: Ignore leading space when handling ellipsis on ltr text in an rtl flow."
      LayoutBlockFlow {P} at (0,34) size 784x18
        LayoutText {#text} at (0,0) size 253x18
          text run at (0,0) width 253: "The ellipsis should not overlap the text."
      LayoutBlockFlow {DIV} at (0,68) size 96x18
layer at (8,84) size 96x18 scrollX 304.00 scrollWidth 400
  LayoutBlockFlow {DIV} at (0,0) size 96x18
    LayoutText {#text} at (-304,0) size 401x18
      text run at (-304,0) width 400: "ButtonWithAReallyLongNameButtonWithAReallyLongName"
