CONSOLE WARNING: Failed to decode downloaded font: FruityGirl.ttf
CONSOLE WARNING: OTS parsing error: Not a valid font data
layer at (0,0) size 800x600
  LayoutView at (0,0) size 800x600
layer at (0,0) size 800x600
  LayoutBlockFlow {HTML} at (0,0) size 800x600
    LayoutBlockFlow {BODY} at (8,8) size 784x567
      LayoutBlockFlow {P} at (0,0) size 784x18
        LayoutText {#text} at (0,0) size 511x18
          text run at (0,0) width 511: "Following should show Asterisk with FruitGirl similar to Asterisk Image below"
      LayoutBlockFlow {P} at (0,43) size 784x29
        LayoutText {#text} at (0,0) size 13x29
          text run at (0,0) width 13: "*"
      LayoutBlockFlow (anonymous) at (0,97) size 784x25
        LayoutImage {IMG} at (0,0) size 25x25
        LayoutText {#text} at (0,0) size 0x0
      LayoutBlockFlow {P} at (0,138) size 784x18
        LayoutText {#text} at (0,0) size 300x18
          text run at (0,0) width 300: "Normal rendering of Asterisk with default font"
      LayoutBlockFlow {P} at (0,181) size 784x29
        LayoutText {#text} at (0,0) size 13x29
          text run at (0,0) width 13: "*"
