layer at (0,0) size 800x600
  LayoutView at (0,0) size 800x600
layer at (0,0) size 800x600
  LayoutBlockFlow {HTML} at (0,0) size 800x600
    LayoutBlockFlow {BODY} at (8,8) size 784x584
      LayoutBlockFlow {P} at (0,0) size 784x18
        LayoutText {#text} at (0,0) size 273x18
          text run at (0,0) width 273: "There should be no dots above the ellipsis."
layer at (8,42) size 220x91 scrollX 37.00 scrollWidth 257
  LayoutBlockFlow {DIV} at (0,34) size 220x91
    LayoutText {#text} at (-37,28) size 258x55
      text run at (-37,28) width 257 RTL: "\x{647}\x{630}\x{627} \x{647}\x{648} \x{627}\x{644}\x{627}\x{62E}\x{62A}\x{628}\x{627}\x{631}"
layer at (8,133) size 220x91 scrollWidth 257
  LayoutBlockFlow {DIV} at (0,125) size 220x91
    LayoutText {#text} at (0,28) size 258x55
      text run at (0,28) width 258 RTL: "\x{647}\x{630}\x{627} \x{647}\x{648} \x{627}\x{644}\x{627}\x{62E}\x{62A}\x{628}\x{627}\x{631}"
layer at (8,224) size 220x83 scrollX 30.00 scrollWidth 251
  LayoutBlockFlow {DIV} at (0,216) size 220x83
    LayoutText {#text} at (-30,28) size 251x55
      text run at (-30,28) width 250: "abcd efg hijk"
layer at (8,307) size 220x83 scrollWidth 251
  LayoutBlockFlow {DIV} at (0,299) size 220x83
    LayoutText {#text} at (0,28) size 251x55
      text run at (0,28) width 251: "abcd efg hijk"
layer at (8,390) size 220x91 scrollX 78.00 scrollWidth 299
  LayoutBlockFlow {DIV} at (0,382) size 220x91
    LayoutText {#text} at (-78,28) size 299x55
      text run at (-78,28) width 298 RTL: "\x{643}\x{62A}\x{627}\x{628} \x{623}\x{644}\x{641} \x{644}\x{64A}\x{644}\x{629} \x{648}\x{644}\x{64A}\x{644}\x{629}"
layer at (8,481) size 220x91 scrollWidth 299
  LayoutBlockFlow {DIV} at (0,473) size 220x91
    LayoutText {#text} at (0,28) size 299x55
      text run at (0,28) width 299 RTL: "\x{643}\x{62A}\x{627}\x{628} \x{623}\x{644}\x{641} \x{644}\x{64A}\x{644}\x{629} \x{648}\x{644}\x{64A}\x{644}\x{629}"
