layer at (0,0) size 800x600
  LayoutView at (0,0) size 800x600
layer at (109,0) size 691x600
  LayoutBlockFlow {HTML} at (0,0) size 691x600
    LayoutBlockFlow {BODY} at (8,8) size 0x584
      LayoutBlockFlow (floating) {DIV} at (8,8) size 146x366 [border: (3px solid #000000)]
        LayoutText {#text} at (12,3) size 18x270
          text run at (12,3) width 270: "\x{305B}\x{3063}\x{304B}\x{304F}\x{898B}\x{3064}\x{3051}\x{305F}\x{3059}\x{3070}\x{3089}\x{3057}\x{3044}\x{8A18}\x{4E8B}"
        LayoutInline {SPAN} at (0,0) size 45x360
          LayoutText {#text} at (12,273) size 45x360
            text run at (12,273) width 90: "\x{304C}\x{3069}\x{3053}\x{306B}\x{3042}"
            text run at (39,3) width 144: "\x{3063}\x{305F}\x{304B}\x{5FD8}\x{308C}\x{3066}\x{3057}\x{307E}"
        LayoutText {#text} at (39,147) size 18x180
          text run at (39,147) width 180: "\x{3063}\x{305F}\x{7D4C}\x{9A13}\x{306F}\x{3042}\x{308A}\x{307E}\x{3059}\x{304B}"
        LayoutInline {SPAN} at (0,0) size 45x360
          LayoutText {#text} at (39,327) size 45x360
            text run at (39,327) width 36: "\x{306A}\x{3089}"
            text run at (66,3) width 270: "\x{30BF}\x{30A4}\x{30C8}\x{30EB}\x{3068}\x{30A2}\x{30C9}\x{30EC}\x{30B9}\x{3060}\x{3051}\x{3067}\x{306A}\x{304F}\x{3001}"
        LayoutText {#text} at (66,273) size 72x360
          text run at (66,273) width 90: "\x{8A2A}\x{554F}\x{3057}\x{305F}\x{30A6}"
          text run at (93,3) width 360: "\x{30A7}\x{30D6}\x{30DA}\x{30FC}\x{30B8}\x{306E}\x{30B3}\x{30F3}\x{30C6}\x{30F3}\x{30C4}\x{304B}\x{3089}\x{3082}\x{691C}\x{7D22}\x{3059}\x{308B}\x{3053}\x{3068}"
          text run at (120,3) width 107: "\x{304C}\x{3067}\x{304D}\x{307E}\x{3059}\x{3002}"
      LayoutBlockFlow (floating) {DIV} at (170,8) size 146x366 [border: (3px solid #000000)]
        LayoutText {#text} at (12,3) size 18x54
          text run at (12,3) width 54: "\x{305B}\x{3063}\x{304B}"
        LayoutInline {SPAN} at (0,0) size 18x108
          LayoutText {#text} at (12,57) size 18x108
            text run at (12,57) width 108: "\x{304F}\x{898B}\x{3064}\x{3051}\x{305F}\x{3059}"
        LayoutInline {SPAN} at (0,0) size 18x72
          LayoutText {#text} at (12,165) size 18x72
            text run at (12,165) width 72: "\x{3070}\x{3089}\x{3057}\x{3044}"
        LayoutInline {SPAN} at (0,0) size 18x72
          LayoutText {#text} at (12,237) size 18x72
            text run at (12,237) width 72: "\x{8A18}\x{4E8B}\x{304C}\x{3069}"
        LayoutInline {SPAN} at (0,0) size 45x360
          LayoutText {#text} at (12,309) size 45x360
            text run at (12,309) width 54: "\x{3053}\x{306B}\x{3042}"
            text run at (39,3) width 18: "\x{3063}"
        LayoutInline {SPAN} at (0,0) size 18x108
          LayoutText {#text} at (39,21) size 18x108
            text run at (39,21) width 108: "\x{305F}\x{304B}\x{5FD8}\x{308C}\x{3066}\x{3057}"
        LayoutInline {SPAN} at (0,0) size 18x90
          LayoutText {#text} at (39,129) size 18x90
            text run at (39,129) width 90: "\x{307E}\x{3063}\x{305F}\x{7D4C}\x{9A13}"
        LayoutInline {SPAN} at (0,0) size 18x108
          LayoutText {#text} at (39,219) size 18x108
            text run at (39,219) width 108: "\x{306F}\x{3042}\x{308A}\x{307E}\x{3059}\x{304B}"
        LayoutInline {SPAN} at (0,0) size 45x360
          LayoutText {#text} at (39,327) size 45x360
            text run at (39,327) width 36: "\x{306A}\x{3089}"
            text run at (66,3) width 90: "\x{30BF}\x{30A4}\x{30C8}\x{30EB}\x{3068}"
        LayoutInline {SPAN} at (0,0) size 18x144
          LayoutText {#text} at (66,93) size 18x144
            text run at (66,93) width 144: "\x{30A2}\x{30C9}\x{30EC}\x{30B9}\x{3060}\x{3051}\x{3067}\x{306A}"
        LayoutInline {SPAN} at (0,0) size 18x126
          LayoutText {#text} at (66,237) size 18x126
            text run at (66,237) width 126: "\x{304F}\x{3001}\x{8A2A}\x{554F}\x{3057}\x{305F}\x{30A6}"
        LayoutInline {SPAN} at (0,0) size 18x162
          LayoutText {#text} at (93,3) size 18x162
            text run at (93,3) width 162: "\x{30A7}\x{30D6}\x{30DA}\x{30FC}\x{30B8}\x{306E}\x{30B3}\x{30F3}\x{30C6}"
        LayoutText {#text} at (93,165) size 45x360
          text run at (93,165) width 198: "\x{30F3}\x{30C4}\x{304B}\x{3089}\x{3082}\x{691C}\x{7D22}\x{3059}\x{308B}\x{3053}\x{3068}"
          text run at (120,3) width 107: "\x{304C}\x{3067}\x{304D}\x{307E}\x{3059}\x{3002}"
      LayoutBlockFlow (floating) {DIV} at (332,8) size 141x366 [border: (3px solid #000000)]
        LayoutText {#text} at (7,3) size 18x54
          text run at (7,3) width 54: "\x{305B}\x{3063}\x{304B}"
        LayoutInline {SPAN} at (0,0) size 18x108
          LayoutText {#text} at (7,57) size 18x108
            text run at (7,57) width 108: "\x{304F}\x{898B}\x{3064}\x{3051}\x{305F}\x{3059}"
        LayoutInline {SPAN} at (0,0) size 18x72
          LayoutText {#text} at (7,165) size 18x72
            text run at (7,165) width 72: "\x{3070}\x{3089}\x{3057}\x{3044}"
        LayoutInline {SPAN} at (0,0) size 18x72
          LayoutText {#text} at (7,237) size 18x72
            text run at (7,237) width 72: "\x{8A18}\x{4E8B}\x{304C}\x{3069}"
        LayoutInline {SPAN} at (0,0) size 45x360
          LayoutText {#text} at (7,309) size 45x360
            text run at (7,309) width 54: "\x{3053}\x{306B}\x{3042}"
            text run at (34,3) width 18: "\x{3063}"
        LayoutInline {SPAN} at (0,0) size 18x108
          LayoutText {#text} at (34,21) size 18x108
            text run at (34,21) width 108: "\x{305F}\x{304B}\x{5FD8}\x{308C}\x{3066}\x{3057}"
        LayoutInline {SPAN} at (0,0) size 18x90
          LayoutText {#text} at (34,129) size 18x90
            text run at (34,129) width 90: "\x{307E}\x{3063}\x{305F}\x{7D4C}\x{9A13}"
        LayoutInline {SPAN} at (0,0) size 18x108
          LayoutText {#text} at (34,219) size 18x108
            text run at (34,219) width 108: "\x{306F}\x{3042}\x{308A}\x{307E}\x{3059}\x{304B}"
        LayoutInline {SPAN} at (0,0) size 45x360
          LayoutText {#text} at (34,327) size 45x360
            text run at (34,327) width 36: "\x{306A}\x{3089}"
            text run at (61,3) width 90: "\x{30BF}\x{30A4}\x{30C8}\x{30EB}\x{3068}"
        LayoutInline {SPAN} at (0,0) size 18x144
          LayoutText {#text} at (61,93) size 18x144
            text run at (61,93) width 144: "\x{30A2}\x{30C9}\x{30EC}\x{30B9}\x{3060}\x{3051}\x{3067}\x{306A}"
        LayoutInline {SPAN} at (0,0) size 18x126
          LayoutText {#text} at (61,237) size 18x126
            text run at (61,237) width 126: "\x{304F}\x{3001}\x{8A2A}\x{554F}\x{3057}\x{305F}\x{30A6}"
        LayoutInline {SPAN} at (0,0) size 18x162
          LayoutText {#text} at (88,3) size 18x162
            text run at (88,3) width 162: "\x{30A7}\x{30D6}\x{30DA}\x{30FC}\x{30B8}\x{306E}\x{30B3}\x{30F3}\x{30C6}"
        LayoutText {#text} at (88,165) size 45x360
          text run at (88,165) width 198: "\x{30F3}\x{30C4}\x{304B}\x{3089}\x{3082}\x{691C}\x{7D22}\x{3059}\x{308B}\x{3053}\x{3068}"
          text run at (115,3) width 107: "\x{304C}\x{3067}\x{304D}\x{307E}\x{3059}\x{3002}"
      LayoutBlockFlow (floating) {DIV} at (489,8) size 186x366 [border: (3px solid #000000)]
        LayoutText {#text} at (12,3) size 18x270
          text run at (12,3) width 270: "\x{305B}\x{3063}\x{304B}\x{304F}\x{898B}\x{3064}\x{3051}\x{305F}\x{3059}\x{3070}\x{3089}\x{3057}\x{3044}\x{8A18}\x{4E8B}"
        LayoutInline {SPAN} at (0,0) size 54x360
          LayoutText {#text} at (12,273) size 54x360
            text run at (12,273) width 90: "\x{304C}\x{3069}\x{3053}\x{306B}\x{3042}"
            text run at (48,3) width 144: "\x{3063}\x{305F}\x{304B}\x{5FD8}\x{308C}\x{3066}\x{3057}\x{307E}"
        LayoutText {#text} at (48,147) size 18x180
          text run at (48,147) width 180: "\x{3063}\x{305F}\x{7D4C}\x{9A13}\x{306F}\x{3042}\x{308A}\x{307E}\x{3059}\x{304B}"
        LayoutInline {SPAN} at (0,0) size 54x360
          LayoutText {#text} at (48,327) size 54x360
            text run at (48,327) width 36: "\x{306A}\x{3089}"
            text run at (84,3) width 270: "\x{30BF}\x{30A4}\x{30C8}\x{30EB}\x{3068}\x{30A2}\x{30C9}\x{30EC}\x{30B9}\x{3060}\x{3051}\x{3067}\x{306A}\x{304F}\x{3001}"
        LayoutText {#text} at (84,273) size 90x360
          text run at (84,273) width 90: "\x{8A2A}\x{554F}\x{3057}\x{305F}\x{30A6}"
          text run at (120,3) width 360: "\x{30A7}\x{30D6}\x{30DA}\x{30FC}\x{30B8}\x{306E}\x{30B3}\x{30F3}\x{30C6}\x{30F3}\x{30C4}\x{304B}\x{3089}\x{3082}\x{691C}\x{7D22}\x{3059}\x{308B}\x{3053}\x{3068}"
          text run at (156,3) width 107: "\x{304C}\x{3067}\x{304D}\x{307E}\x{3059}\x{3002}"
