layer at (0,0) size 800x600
  LayoutView at (0,0) size 800x600
layer at (0,0) size 800x600
  LayoutBlockFlow {HTML} at (0,0) size 800x600
    LayoutBlockFlow {BODY} at (8,8) size 784x576
      LayoutBlockFlow {P} at (0,0) size 784x18
        LayoutText {#text} at (0,0) size 54x18
          text run at (0,0) width 54: "Test for "
        LayoutInline {I} at (0,0) size 512x18
          LayoutInline {A} at (0,0) size 156x18 [color=#0000EE]
            LayoutText {#text} at (53,0) size 156x18
              text run at (53,0) width 156: "rdar://problem/9528843"
          LayoutText {#text} at (208,0) size 357x18
            text run at (208,0) width 5: " "
            text run at (212,0) width 353: "STIX glyphs not rendered on this stackoverflow answer"
        LayoutText {#text} at (564,0) size 5x18
          text run at (564,0) width 5: "."
      LayoutBlockFlow {P} at (0,34) size 784x42
        LayoutText {#text} at (0,18) size 99x18
          text run at (0,18) width 99: "A black circle: "
        LayoutInline {SPAN} at (0,0) size 33x37
          LayoutText {#text} at (98,3) size 33x37
            text run at (98,3) width 33: "\x{26AB}"
        LayoutText {#text} at (0,0) size 0x0
      LayoutBlockFlow {P} at (0,92) size 784x42
        LayoutText {#text} at (0,18) size 140x18
          text run at (0,18) width 140: "Another black circle: "
        LayoutInline {SPAN} at (0,0) size 33x37
          LayoutText {#text} at (139,3) size 33x37
            text run at (139,3) width 33: "\x{26AB}"
        LayoutText {#text} at (0,0) size 0x0
