layer at (0,0) size 800x600
  LayoutView at (0,0) size 800x600
layer at (0,0) size 800x600
  LayoutBlockFlow {HTML} at (0,0) size 800x600
    LayoutBlockFlow {BODY} at (8,8) size 784x584
      LayoutBlockFlow {P} at (0,0) size 784x18
        LayoutText {#text} at (0,0) size 54x18
          text run at (0,0) width 54: "Test for "
        LayoutInline {I} at (0,0) size 628x18
          LayoutInline {A} at (0,0) size 305x18 [color=#0000EE]
            LayoutText {#text} at (53,0) size 305x18
              text run at (53,0) width 305: "http://bugs.webkit.org/show_bug.cgi?id=12039"
          LayoutText {#text} at (357,0) size 324x18
            text run at (357,0) width 5: " "
            text run at (361,0) width 320: "Assertion failure in WebCore::Font::primaryFont"
        LayoutText {#text} at (680,0) size 5x18
          text run at (680,0) width 5: "."
      LayoutBlockFlow (anonymous) at (0,34) size 784x18
        LayoutInline {SPAN} at (0,0) size 37x18
          LayoutText {#text} at (0,0) size 37x18
            text run at (0,0) width 37: "PASS"
        LayoutText {#text} at (0,0) size 0x0
