layer at (0,0) size 800x600
  LayoutView at (0,0) size 800x600
layer at (0,0) size 800x36
  LayoutBlockFlow {HTML} at (0,0) size 800x36
    LayoutBlockFlow {BODY} at (0,0) size 800x36
      LayoutText {#text} at (0,0) size 796x36
        text run at (0,0) width 796: "Testing for incorrect text overflow when using small caps in the complex test path. There should be no red characters visible"
        text run at (0,18) width 146: "on the green rectangle."
      LayoutText {#text} at (0,0) size 0x0
layer at (-500,36) size 1000x366 backgroundClip at (0,0) size 800x600 clip at (0,0) size 800x600
  LayoutBlockFlow (positioned) {DIV} at (-500,36) size 1000x366 [bgcolor=#90EE90]
    LayoutBlockFlow {P} at (0,30) size 500x306 [color=#FF0000] [bgcolor=#FFB6C1]
      LayoutText {#text} at (0,0) size 489x306
        text run at (0,0) width 376: "Lorem ipsum dolor sit amet,"
        text run at (0,34) width 446: "consectetuer adipiscing elit, sed"
        text run at (0,68) width 379: "diam nonummy nibh euismod"
        text run at (0,102) width 485: "tincidunt ut laoreet dolore magna"
        text run at (0,136) width 489: "aliquam erat volutpat. Ut wisi enim"
        text run at (0,170) width 410: "ad minim veniam, quis nostrud"
        text run at (0,204) width 471: "exerci tation ullamcorper suscipit"
        text run at (0,238) width 395: "lobortis nisl ut aliquip ex ea"
        text run at (0,272) width 277: "commodo consequat."
