layer at (0,0) size 800x600
  LayoutView at (0,0) size 800x600
layer at (0,0) size 800x411
  LayoutBlockFlow {HTML} at (0,0) size 800x411
    LayoutBlockFlow {BODY} at (8,8) size 784x395
      LayoutBlockFlow {H1} at (0,0) size 784x23
        LayoutText {#text} at (0,0) size 248x23
          text run at (0,0) width 248: "Tests support for font-weight"
      LayoutBlockFlow {P} at (0,25) size 784x17
        LayoutText {#text} at (0,0) size 343x17
          text run at (0,0) width 343: "Tests that CSS font-weight with numeric values is supported."
      LayoutBlockFlow {SECTION} at (0,50) size 784x173
        LayoutBlockFlow {H2} at (0,0) size 784x18
          LayoutText {#text} at (0,0) size 61x18
            text run at (0,0) width 61: "Segoe UI"
        LayoutBlockFlow {P} at (0,20) size 784x17
          LayoutText {#text} at (0,0) size 339x17
            text run at (0,0) width 339: "font-weight: 100 - Fix problem quickly with galvanized jets."
        LayoutBlockFlow {P} at (0,37) size 784x17
          LayoutText {#text} at (0,0) size 339x17
            text run at (0,0) width 339: "font-weight: 200 - Fix problem quickly with galvanized jets."
        LayoutBlockFlow {P} at (0,54) size 784x17
          LayoutText {#text} at (0,0) size 339x17
            text run at (0,0) width 339: "font-weight: 300 - Fix problem quickly with galvanized jets."
        LayoutBlockFlow {P} at (0,71) size 784x17
          LayoutText {#text} at (0,0) size 339x17
            text run at (0,0) width 339: "font-weight: 400 - Fix problem quickly with galvanized jets."
        LayoutBlockFlow {P} at (0,88) size 784x17
          LayoutText {#text} at (0,0) size 339x17
            text run at (0,0) width 339: "font-weight: 500 - Fix problem quickly with galvanized jets."
        LayoutBlockFlow {P} at (0,105) size 784x17
          LayoutText {#text} at (0,0) size 356x17
            text run at (0,0) width 356: "font-weight: 600 - Fix problem quickly with galvanized jets."
        LayoutBlockFlow {P} at (0,122) size 784x17
          LayoutText {#text} at (0,0) size 356x17
            text run at (0,0) width 356: "font-weight: 700 - Fix problem quickly with galvanized jets."
        LayoutBlockFlow {P} at (0,139) size 784x17
          LayoutText {#text} at (0,0) size 356x17
            text run at (0,0) width 356: "font-weight: 800 - Fix problem quickly with galvanized jets."
        LayoutBlockFlow {P} at (0,156) size 784x17
          LayoutText {#text} at (0,0) size 356x17
            text run at (0,0) width 356: "font-weight: 900 - Fix problem quickly with galvanized jets."
      LayoutBlockFlow {SECTION} at (0,231) size 784x164
        LayoutBlockFlow {H2} at (0,0) size 784x18
          LayoutText {#text} at (0,0) size 36x17
            text run at (0,0) width 36: "Arial"
        LayoutBlockFlow {P} at (0,20) size 784x16
          LayoutText {#text} at (0,0) size 362x16
            text run at (0,0) width 362: "font-weight: 100 - Fix problem quickly with galvanized jets."
        LayoutBlockFlow {P} at (0,36) size 784x16
          LayoutText {#text} at (0,0) size 362x16
            text run at (0,0) width 362: "font-weight: 200 - Fix problem quickly with galvanized jets."
        LayoutBlockFlow {P} at (0,52) size 784x16
          LayoutText {#text} at (0,0) size 362x16
            text run at (0,0) width 362: "font-weight: 300 - Fix problem quickly with galvanized jets."
        LayoutBlockFlow {P} at (0,68) size 784x16
          LayoutText {#text} at (0,0) size 362x16
            text run at (0,0) width 362: "font-weight: 400 - Fix problem quickly with galvanized jets."
        LayoutBlockFlow {P} at (0,84) size 784x16
          LayoutText {#text} at (0,0) size 362x16
            text run at (0,0) width 362: "font-weight: 500 - Fix problem quickly with galvanized jets."
        LayoutBlockFlow {P} at (0,100) size 784x16
          LayoutText {#text} at (0,0) size 391x16
            text run at (0,0) width 391: "font-weight: 600 - Fix problem quickly with galvanized jets."
        LayoutBlockFlow {P} at (0,116) size 784x16
          LayoutText {#text} at (0,0) size 391x16
            text run at (0,0) width 391: "font-weight: 700 - Fix problem quickly with galvanized jets."
        LayoutBlockFlow {P} at (0,132) size 784x16
          LayoutText {#text} at (0,0) size 391x16
            text run at (0,0) width 391: "font-weight: 800 - Fix problem quickly with galvanized jets."
        LayoutBlockFlow {P} at (0,148) size 784x16
          LayoutText {#text} at (0,0) size 391x16
            text run at (0,0) width 391: "font-weight: 900 - Fix problem quickly with galvanized jets."
