layer at (0,0) size 800x600
  LayoutView at (0,0) size 800x600
layer at (0,0) size 800x443
  LayoutBlockFlow {HTML} at (0,0) size 800x443
    LayoutBlockFlow {BODY} at (8,8) size 784x419
      LayoutBlockFlow (anonymous) at (0,0) size 784x75
        LayoutText {#text} at (0,3) size 763x43
          text run at (0,3) width 681: "The red line needs to cross the middle of the black square, as well as through half the ascent of the capital "
          text run at (680,3) width 67: "letters and"
          text run at (0,28) width 653: "digits, for example the middle horizontal bar of the F or the crossing point of the two diagonals in the "
          text run at (652,28) width 111: "letter X. See also"
        LayoutInline {A} at (0,0) size 76x18 [color=#0000EE]
          LayoutText {#text} at (0,53) size 76x18
            text run at (0,53) width 76: "bug 452967"
        LayoutText {#text} at (76,53) size 4x18
          text run at (76,53) width 4: "."
layer at (24,99) size 752x42
  LayoutFlexibleBox (relative positioned) {DIV} at (16,91) size 752x42 [bgcolor=#D3D3D3]
    LayoutBlockFlow {SPAN} at (16,13) size 16x16 [bgcolor=#000000]
    LayoutBlockFlow {SPAN} at (40,8) size 59.58x26
      LayoutInline {SPAN} at (0,0) size 60x18
        LayoutText {#text} at (0,3) size 60x18
          text run at (0,3) width 60: "38FGKX"
layer at (24,157) size 752x41
  LayoutFlexibleBox (relative positioned) {DIV} at (16,149) size 752x41 [bgcolor=#D3D3D3]
    LayoutBlockFlow {SPAN} at (16,12.50) size 16x16 [bgcolor=#000000]
    LayoutBlockFlow {SPAN} at (40,8) size 61.36x25
      LayoutInline {SPAN} at (0,0) size 62x18
        LayoutText {#text} at (0,3) size 62x18
          text run at (0,3) width 62: "38FGKX"
layer at (24,214) size 752x41
  LayoutFlexibleBox (relative positioned) {DIV} at (16,206) size 752x41 [bgcolor=#D3D3D3]
    LayoutBlockFlow {SPAN} at (16,12.50) size 16x16 [bgcolor=#000000]
    LayoutBlockFlow {SPAN} at (40,8) size 59.56x25
      LayoutInline {SPAN} at (0,0) size 60x18
        LayoutText {#text} at (0,3) size 60x18
          text run at (0,3) width 60: "38FGKX"
layer at (24,271) size 752x41
  LayoutFlexibleBox (relative positioned) {DIV} at (16,263) size 752x41 [bgcolor=#D3D3D3]
    LayoutBlockFlow {SPAN} at (16,12.50) size 16x16 [bgcolor=#000000]
    LayoutBlockFlow {SPAN} at (40,8) size 57.61x25
      LayoutInline {SPAN} at (0,0) size 58x18
        LayoutText {#text} at (0,3) size 58x18
          text run at (0,3) width 58: "38FGKX"
layer at (24,328) size 752x41
  LayoutFlexibleBox (relative positioned) {DIV} at (16,320) size 752x41 [bgcolor=#D3D3D3]
    LayoutBlockFlow {SPAN} at (16,12.50) size 16x16 [bgcolor=#000000]
    LayoutBlockFlow {SPAN} at (40,8) size 59.56x25
      LayoutInline {SPAN} at (0,0) size 60x18
        LayoutText {#text} at (0,3) size 60x18
          text run at (0,3) width 60: "38FGKX"
layer at (24,385) size 752x42
  LayoutFlexibleBox (relative positioned) {DIV} at (16,377) size 752x42 [bgcolor=#D3D3D3]
    LayoutBlockFlow {SPAN} at (16,13) size 16x16 [bgcolor=#000000]
    LayoutBlockFlow {SPAN} at (40,8) size 61.36x26
      LayoutInline {SPAN} at (0,0) size 62x17
        LayoutText {#text} at (0,4) size 62x17
          text run at (0,4) width 62: "38FGKX"
layer at (24,119) size 752x1
  LayoutBlockFlow (positioned) zI: 1 {<pseudo:before>} at (0,20) size 752x1 [bgcolor=#FF0000]
    LayoutTextFragment (anonymous) zI: 1 at (0,0) size 0x0
layer at (24,177) size 752x1
  LayoutBlockFlow (positioned) zI: 1 {<pseudo:before>} at (0,19.50) size 752x1 [bgcolor=#FF0000]
    LayoutTextFragment (anonymous) zI: 1 at (0,0) size 0x0
layer at (24,234) size 752x1
  LayoutBlockFlow (positioned) zI: 1 {<pseudo:before>} at (0,19.50) size 752x1 [bgcolor=#FF0000]
    LayoutTextFragment (anonymous) zI: 1 at (0,0) size 0x0
layer at (24,291) size 752x1
  LayoutBlockFlow (positioned) zI: 1 {<pseudo:before>} at (0,19.50) size 752x1 [bgcolor=#FF0000]
    LayoutTextFragment (anonymous) zI: 1 at (0,0) size 0x0
layer at (24,348) size 752x1
  LayoutBlockFlow (positioned) zI: 1 {<pseudo:before>} at (0,19.50) size 752x1 [bgcolor=#FF0000]
    LayoutTextFragment (anonymous) zI: 1 at (0,0) size 0x0
layer at (24,405) size 752x1
  LayoutBlockFlow (positioned) zI: 1 {<pseudo:before>} at (0,20) size 752x1 [bgcolor=#FF0000]
    LayoutTextFragment (anonymous) zI: 1 at (0,0) size 0x0
