layer at (0,0) size 800x600
  LayoutView at (0,0) size 800x600
layer at (0,0) size 800x411
  LayoutBlockFlow {HTML} at (0,0) size 800x411
    LayoutBlockFlow {BODY} at (8,8) size 784x395
      LayoutBlockFlow {H1} at (0,0) size 784x23
        LayoutText {#text} at (0,0) size 250x23
          text run at (0,0) width 250: "Tests support for font-stretch"
      LayoutBlockFlow {P} at (0,25) size 784x17
        LayoutText {#text} at (0,0) size 225x17
          text run at (0,0) width 225: "Tests that CSS font-stretch is supported."
      LayoutBlockFlow {SECTION} at (0,50) size 784x173
        LayoutBlockFlow {H2} at (0,0) size 784x18
          LayoutText {#text} at (0,0) size 61x18
            text run at (0,0) width 61: "Segoe UI"
        LayoutBlockFlow {P} at (0,20) size 784x17
          LayoutBlockFlow {SPAN} at (0,0) size 188.45x17
            LayoutText {#text} at (0,0) size 162x17
              text run at (0,0) width 162: "font-stretch: ultra-condensed"
          LayoutText {#text} at (188,0) size 347x17
            text run at (188,0) width 347: " - Just poets wax boldly as kings and queens march over fuzz."
        LayoutBlockFlow {P} at (0,37) size 784x17
          LayoutBlockFlow {SPAN} at (0,0) size 188.45x17
            LayoutText {#text} at (0,0) size 164x17
              text run at (0,0) width 164: "font-stretch: extra-condensed"
          LayoutText {#text} at (188,0) size 347x17
            text run at (188,0) width 347: " - Just poets wax boldly as kings and queens march over fuzz."
        LayoutBlockFlow {P} at (0,54) size 784x17
          LayoutBlockFlow {SPAN} at (0,0) size 188.45x17
            LayoutText {#text} at (0,0) size 131x17
              text run at (0,0) width 131: "font-stretch: condensed"
          LayoutText {#text} at (188,0) size 347x17
            text run at (188,0) width 347: " - Just poets wax boldly as kings and queens march over fuzz."
        LayoutBlockFlow {P} at (0,71) size 784x17
          LayoutBlockFlow {SPAN} at (0,0) size 188.45x17
            LayoutText {#text} at (0,0) size 163x17
              text run at (0,0) width 163: "font-stretch: semi-condensed"
          LayoutText {#text} at (188,0) size 347x17
            text run at (188,0) width 347: " - Just poets wax boldly as kings and queens march over fuzz."
        LayoutBlockFlow {P} at (0,88) size 784x17
          LayoutBlockFlow {SPAN} at (0,0) size 188.45x17
            LayoutText {#text} at (0,0) size 112x17
              text run at (0,0) width 112: "font-stretch: normal"
          LayoutText {#text} at (188,0) size 347x17
            text run at (188,0) width 347: " - Just poets wax boldly as kings and queens march over fuzz."
        LayoutBlockFlow {P} at (0,105) size 784x17
          LayoutBlockFlow {SPAN} at (0,0) size 188.45x17
            LayoutText {#text} at (0,0) size 157x17
              text run at (0,0) width 157: "font-stretch: semi-expanded"
          LayoutText {#text} at (188,0) size 347x17
            text run at (188,0) width 347: " - Just poets wax boldly as kings and queens march over fuzz."
        LayoutBlockFlow {P} at (0,122) size 784x17
          LayoutBlockFlow {SPAN} at (0,0) size 188.45x17
            LayoutText {#text} at (0,0) size 126x17
              text run at (0,0) width 126: "font-stretch: expanded"
          LayoutText {#text} at (188,0) size 347x17
            text run at (188,0) width 347: " - Just poets wax boldly as kings and queens march over fuzz."
        LayoutBlockFlow {P} at (0,139) size 784x17
          LayoutBlockFlow {SPAN} at (0,0) size 188.45x17
            LayoutText {#text} at (0,0) size 159x17
              text run at (0,0) width 159: "font-stretch: extra-expanded"
          LayoutText {#text} at (188,0) size 347x17
            text run at (188,0) width 347: " - Just poets wax boldly as kings and queens march over fuzz."
        LayoutBlockFlow {P} at (0,156) size 784x17
          LayoutBlockFlow {SPAN} at (0,0) size 188.45x17
            LayoutText {#text} at (0,0) size 156x17
              text run at (0,0) width 156: "font-stretch: ultra-expanded"
          LayoutText {#text} at (188,0) size 347x17
            text run at (188,0) width 347: " - Just poets wax boldly as kings and queens march over fuzz."
      LayoutBlockFlow {SECTION} at (0,231) size 784x164
        LayoutBlockFlow {H2} at (0,0) size 784x18
          LayoutText {#text} at (0,0) size 36x17
            text run at (0,0) width 36: "Arial"
        LayoutBlockFlow {P} at (0,20) size 784x16
          LayoutBlockFlow {SPAN} at (0,0) size 217.78x16
            LayoutText {#text} at (0,0) size 179x16
              text run at (0,0) width 179: "font-stretch: ultra-condensed"
          LayoutText {#text} at (217,0) size 386x16
            text run at (217,0) width 386: " - Just poets wax boldly as kings and queens march over fuzz."
        LayoutBlockFlow {P} at (0,36) size 784x16
          LayoutBlockFlow {SPAN} at (0,0) size 217.78x16
            LayoutText {#text} at (0,0) size 183x16
              text run at (0,0) width 183: "font-stretch: extra-condensed"
          LayoutText {#text} at (217,0) size 386x16
            text run at (217,0) width 386: " - Just poets wax boldly as kings and queens march over fuzz."
        LayoutBlockFlow {P} at (0,52) size 784x16
          LayoutBlockFlow {SPAN} at (0,0) size 217.78x16
            LayoutText {#text} at (0,0) size 147x16
              text run at (0,0) width 147: "font-stretch: condensed"
          LayoutText {#text} at (217,0) size 386x16
            text run at (217,0) width 386: " - Just poets wax boldly as kings and queens march over fuzz."
        LayoutBlockFlow {P} at (0,68) size 784x16
          LayoutBlockFlow {SPAN} at (0,0) size 217.78x16
            LayoutText {#text} at (0,0) size 181x16
              text run at (0,0) width 181: "font-stretch: semi-condensed"
          LayoutText {#text} at (217,0) size 386x16
            text run at (217,0) width 386: " - Just poets wax boldly as kings and queens march over fuzz."
        LayoutBlockFlow {P} at (0,84) size 784x16
          LayoutBlockFlow {SPAN} at (0,0) size 217.78x16
            LayoutText {#text} at (0,0) size 121x16
              text run at (0,0) width 121: "font-stretch: normal"
          LayoutText {#text} at (217,0) size 386x16
            text run at (217,0) width 386: " - Just poets wax boldly as kings and queens march over fuzz."
        LayoutBlockFlow {P} at (0,100) size 784x16
          LayoutBlockFlow {SPAN} at (0,0) size 217.78x16
            LayoutText {#text} at (0,0) size 174x16
              text run at (0,0) width 174: "font-stretch: semi-expanded"
          LayoutText {#text} at (217,0) size 386x16
            text run at (217,0) width 386: " - Just poets wax boldly as kings and queens march over fuzz."
        LayoutBlockFlow {P} at (0,116) size 784x16
          LayoutBlockFlow {SPAN} at (0,0) size 217.78x16
            LayoutText {#text} at (0,0) size 140x16
              text run at (0,0) width 140: "font-stretch: expanded"
          LayoutText {#text} at (217,0) size 386x16
            text run at (217,0) width 386: " - Just poets wax boldly as kings and queens march over fuzz."
        LayoutBlockFlow {P} at (0,132) size 784x16
          LayoutBlockFlow {SPAN} at (0,0) size 217.78x16
            LayoutText {#text} at (0,0) size 176x16
              text run at (0,0) width 176: "font-stretch: extra-expanded"
          LayoutText {#text} at (217,0) size 386x16
            text run at (217,0) width 386: " - Just poets wax boldly as kings and queens march over fuzz."
        LayoutBlockFlow {P} at (0,148) size 784x16
          LayoutBlockFlow {SPAN} at (0,0) size 217.78x16
            LayoutText {#text} at (0,0) size 172x16
              text run at (0,0) width 172: "font-stretch: ultra-expanded"
          LayoutText {#text} at (217,0) size 386x16
            text run at (217,0) width 386: " - Just poets wax boldly as kings and queens march over fuzz."
