layer at (0,0) size 800x600
  LayoutView at (0,0) size 800x600
layer at (0,0) size 800x429
  LayoutBlockFlow {HTML} at (0,0) size 800x429
    LayoutBlockFlow {BODY} at (8,8) size 784x413
      LayoutBlockFlow {DIV} at (0,0) size 784x201
        LayoutInline {SPAN} at (0,0) size 87x224
          LayoutText {#text} at (0,-11) size 87x224
            text run at (0,-11) width 87: "x"
        LayoutInline {SPAN} at (0,0) size 99x228
          LayoutText {#text} at (86,-14) size 99x228
            text run at (86,-14) width 99: "x"
        LayoutText {#text} at (0,0) size 0x0
      LayoutBlockFlow {DIV} at (0,201) size 784x212
        LayoutInline {SPAN} at (0,0) size 94x273
          LayoutText {#text} at (0,-37) size 94x273
            text run at (0,-37) width 94: "z"
        LayoutInline {SPAN} at (0,0) size 86x228
          LayoutText {#text} at (93,-2) size 86x228
            text run at (93,-2) width 86: "z"
        LayoutText {#text} at (0,0) size 0x0
