layer at (0,0) size 800x600
  LayoutView at (0,0) size 800x600
layer at (0,0) size 800x332
  LayoutBlockFlow {HTML} at (0,0) size 800x332
    LayoutBlockFlow {BODY} at (8,8) size 784x316
      LayoutBlockFlow {DIV} at (0,0) size 784x154
        LayoutBlockFlow {DIV} at (0,0) size 96x54 [border: (3px solid #000000)]
          LayoutText {#text} at (3,7) size 60x16
            text run at (3,7) width 60: "a. b. "
          LayoutInline {SPAN} at (0,0) size 5x16
            LayoutText {#text} at (62,7) size 5x16
              text run at (62,7) width 5: "i"
          LayoutText {#text} at (66,7) size 90x40
            text run at (66,7) width 27: "\x{306F}"
            text run at (3,31) width 61: "xxxxxxx"
        LayoutBlockFlow {DIV} at (0,62) size 96x54 [border: (3px solid #000000)]
          LayoutText {#text} at (3,7) size 90x40
            text run at (3,7) width 90: "a. b. i\x{306F}"
            text run at (3,31) width 61: "xxxxxxx"
        LayoutBlockFlow {DIV} at (0,124) size 96x30 [border: (3px solid #000000)]
          LayoutText {#text} at (3,7) size 230x16
            text run at (3,7) width 230: "xxxxxxxxxxxxxxxxxxxxx\x{FF08}\x{624B}\x{FF09}"
      LayoutBlockFlow {DIV} at (0,162) size 784x154
        LayoutBlockFlow {DIV} at (0,0) size 96x54 [border: (3px solid #000000)]
          LayoutText {#text} at (3,7) size 60x16
            text run at (3,7) width 60: "a. b. "
          LayoutInline {SPAN} at (0,0) size 5x16
            LayoutText {#text} at (62,7) size 5x16
              text run at (62,7) width 5: "i"
          LayoutText {#text} at (66,7) size 90x40
            text run at (66,7) width 27: "\x{306F}"
            text run at (3,31) width 61: "xxxxxxx"
        LayoutBlockFlow {DIV} at (0,62) size 96x54 [border: (3px solid #000000)]
          LayoutText {#text} at (3,7) size 90x40
            text run at (3,7) width 90: "a. b. i\x{306F}"
            text run at (3,31) width 61: "xxxxxxx"
        LayoutBlockFlow {DIV} at (0,124) size 96x30 [border: (3px solid #000000)]
          LayoutText {#text} at (3,7) size 230x16
            text run at (3,7) width 230: "xxxxxxxxxxxxxxxxxxxxx\x{FF08}\x{624B}\x{FF09}"
