layer at (0,0) size 800x600
  LayoutView at (0,0) size 800x600
layer at (0,0) size 800x600
  LayoutBlockFlow {HTML} at (0,0) size 800x600
    LayoutBlockFlow {BODY} at (8,8) size 784x584
layer at (8,8) size 263x163 transparent
  LayoutBlockFlow (positioned) {DIV} at (8,8) size 263.20x163 [border: (1px solid #FF0000)]
    LayoutText {#text} at (1,1) size 262x161
      text run at (1,1) width 262: "Testing the bug"
