layer at (0,0) size 800x600
  LayoutView at (0,0) size 800x600
layer at (0,0) size 800x600
  LayoutBlockFlow {HTML} at (0,0) size 800x600
    LayoutBlockFlow {BODY} at (8,8) size 784x584
      LayoutBlockFlow {P} at (0,0) size 784x18
        LayoutText {#text} at (0,0) size 653x18
          text run at (0,0) width 653: "The black text should be identical to, and overlap, the red text, so there should be no red pixels below."
      LayoutBlockFlow {DIV} at (0,34) size 784x144
        LayoutBlockFlow {DIV} at (0,0) size 784x144 [color=#FF0000]
          LayoutText {#text} at (0,0) size 255x144
            text run at (0,0) width 255: "v a\x{300} e"
        LayoutBlockFlow {DIV} at (0,0) size 784x144
          LayoutText {#text} at (0,0) size 255x144
            text run at (0,0) width 255: "v \x{E0} e"
      LayoutBlockFlow {DIV} at (0,178) size 784x144
        LayoutBlockFlow {DIV} at (0,0) size 784x144 [color=#FF0000]
          LayoutText {#text} at (0,0) size 292x144
            text run at (0,0) width 292: "v a\x{300} e"
        LayoutBlockFlow {DIV} at (0,0) size 784x144
          LayoutText {#text} at (0,0) size 292x144
            text run at (0,0) width 292: "v \x{E0} e"
