layer at (0,0) size 800x600
  LayoutView at (0,0) size 800x600
layer at (0,0) size 800x220
  LayoutBlockFlow {HTML} at (0,0) size 800x220
    LayoutBlockFlow {BODY} at (8,8) size 784x192
      LayoutBlockFlow (anonymous) at (0,0) size 784x18
        LayoutText {#text} at (0,0) size 84x18
          text run at (0,0) width 84: "This is good:"
      LayoutBlockFlow {DIV} at (0,38) size 200x48
        LayoutBlockFlow {P} at (0,0) size 200x48 [border: (1px solid #008000)]
          LayoutText {#text} at (1,1) size 190x46
            text run at (1,1) width 190: "lorem ipsum dolor sit??"
            text run at (1,24) width 39: "amet"
      LayoutBlockFlow (anonymous) at (0,106) size 784x18
        LayoutText {#text} at (0,0) size 253x18
          text run at (0,0) width 253: "The following should look like \x{201C}good\x{201D}:"
      LayoutBlockFlow {DIV} at (0,144) size 200x48
        LayoutBlockFlow {P} at (0,0) size 200x48 [border: (1px solid #008000)]
          LayoutText {#text} at (1,1) size 190x46
            text run at (1,1) width 190: "lorem ipsum dolor sit??"
            text run at (1,24) width 39: "amet"
