layer at (0,0) size 800x600
  LayoutView at (0,0) size 800x600
layer at (0,0) size 800x600
  LayoutBlockFlow {HTML} at (0,0) size 800x600
    LayoutBlockFlow {BODY} at (8,8) size 784x584
      LayoutBlockFlow {DIV} at (0,0) size 784x36
        LayoutText {#text} at (0,6) size 159x24
          text run at (0,6) width 159: "\x{653B}\x{6BBB}\x{2307}\x{30FC}\x{FF1C}\x{FF1D}4"
      LayoutBlockFlow {DIV} at (0,36) size 144x178.13
        LayoutBlockFlow {DIV} at (0,10) size 36x158.13
          LayoutText {#text} at (6,0) size 24x159
            text run at (6,0) width 159: "\x{653B}\x{6BBB}\x{2307}\x{30FC}\x{FF1C}\x{FF1D}4"
        LayoutBlockFlow {DIV} at (36,10) size 36x158.13 [color=#0000FF]
          LayoutText {#text} at (6,0) size 24x159
            text run at (6,0) width 159: "\x{653B}\x{6BBB}\x{2307}\x{30FC}\x{FF1C}\x{FF1D}4"
        LayoutBlockFlow {DIV} at (72,10) size 36x158.13 [color=#008080]
          LayoutText {#text} at (6,0) size 24x159
            text run at (6,0) width 159: "\x{653B}\x{6BBB}\x{2307}\x{30FC}\x{FF1C}\x{FF1D}4"
        LayoutBlockFlow {DIV} at (108,10) size 36x158.13 [color=#A52A2A]
          LayoutText {#text} at (6,0) size 24x159
            text run at (6,0) width 159: "\x{653B}\x{6BBB}\x{2307}\x{30FC}\x{FF1C}\x{FF1D}4"
      LayoutBlockFlow {DIV} at (0,214.13) size 144x182.50
        LayoutBlockFlow {DIV} at (0,10) size 36x162.50
          LayoutText {#text} at (4,0) size 28x156
            text run at (4,0) width 156: "\x{653B}\x{6BBB}\x{2307}\x{30FC}\x{FF1C}\x{FF1D}4"
        LayoutBlockFlow {DIV} at (36,10) size 36x162.50 [color=#0000FF]
          LayoutText {#text} at (4,0) size 28x163
            text run at (4,0) width 163: "\x{653B}\x{6BBB}\x{2307}\x{30FC}\x{FF1C}\x{FF1D}4"
        LayoutBlockFlow {DIV} at (72,10) size 36x162.50 [color=#008080]
          LayoutText {#text} at (5,0) size 28x156
            text run at (5,0) width 156: "\x{653B}\x{6BBB}\x{2307}\x{30FC}\x{FF1C}\x{FF1D}4"
        LayoutBlockFlow {DIV} at (108,10) size 36x162.50 [color=#A52A2A]
          LayoutText {#text} at (5,0) size 28x156
            text run at (5,0) width 156: "\x{653B}\x{6BBB}\x{2307}\x{30FC}\x{FF1C}\x{FF1D}4"
      LayoutBlockFlow {DIV} at (0,396.63) size 144x158.13
        LayoutBlockFlow {DIV} at (0,0) size 36x158.13
          LayoutText {#text} at (6,0) size 24x159
            text run at (6,0) width 159: "\x{653B}\x{6BBB}\x{2307}\x{30FC}\x{FF1C}\x{FF1D}4"
        LayoutBlockFlow {DIV} at (36,0) size 36x158.13 [color=#0000FF]
          LayoutText {#text} at (6,0) size 24x159
            text run at (6,0) width 159: "\x{653B}\x{6BBB}\x{2307}\x{30FC}\x{FF1C}\x{FF1D}4"
        LayoutBlockFlow {DIV} at (72,0) size 36x158.13 [color=#008080]
          LayoutText {#text} at (6,0) size 24x159
            text run at (6,0) width 159: "\x{653B}\x{6BBB}\x{2307}\x{30FC}\x{FF1C}\x{FF1D}4"
        LayoutBlockFlow {DIV} at (108,0) size 36x158.13 [color=#A52A2A]
          LayoutText {#text} at (6,0) size 24x159
            text run at (6,0) width 159: "\x{653B}\x{6BBB}\x{2307}\x{30FC}\x{FF1C}\x{FF1D}4"
