layer at (0,0) size 800x600
  LayoutView at (0,0) size 800x600
layer at (0,0) size 800x356
  LayoutBlockFlow {HTML} at (0,0) size 800x356
    LayoutBlockFlow {BODY} at (8,16) size 784x332
      LayoutBlockFlow {P} at (0,0) size 784x18
        LayoutText {#text} at (0,0) size 564x18
          text run at (0,0) width 564: "crbug.com/133700: Ellipsis placed correctly in rtl text in an inline-block wth an rtl flow."
      LayoutBlockFlow {P} at (0,34) size 784x18
        LayoutText {#text} at (0,0) size 302x18
          text run at (0,0) width 302: "You should see text followed by ellipsis below."
      LayoutBlockFlow {P} at (0,103) size 784x18
        LayoutText {#text} at (0,0) size 302x18
          text run at (0,0) width 302: "You should see ellipsis followed by text below."
      LayoutBlockFlow {P} at (0,172) size 784x18
        LayoutText {#text} at (0,0) size 302x18
          text run at (0,0) width 302: "You should see text followed by ellipsis below."
      LayoutBlockFlow {P} at (0,260) size 784x18
        LayoutText {#text} at (0,0) size 302x18
          text run at (0,0) width 302: "You should see ellipsis followed by text below."
layer at (8,84) size 55x19 scrollWidth 78
  LayoutBlockFlow {DIV} at (0,68) size 55x19
    LayoutBlockFlow {SPAN} at (0,0) size 26.17x19
      LayoutText {#text} at (0,1) size 27x18
        text run at (0,1) width 27 RTL: "\x{5D0}\x{5D1}\x{5D2}"
    LayoutBlockFlow {SPAN} at (26.17,0) size 24.53x19
      LayoutText {#text} at (0,1) size 25x18
        text run at (0,1) width 25 RTL: "\x{5D3}\x{5D4}\x{5D5}"
    LayoutBlockFlow {SPAN} at (50.70,0) size 27.14x19
      LayoutText {#text} at (0,1) size 28x18
        text run at (0,1) width 28 RTL: "\x{5D6}\x{5D7}\x{5D8}"
    LayoutText {#text} at (0,0) size 0x0
layer at (8,153) size 55x19 scrollX 22.00 scrollWidth 78
  LayoutBlockFlow {DIV} at (0,137) size 55x19
    LayoutBlockFlow {SPAN} at (28.83,0) size 26.17x19
      LayoutText {#text} at (0,1) size 27x18
        text run at (0,1) width 27 RTL: "\x{5D0}\x{5D1}\x{5D2}"
    LayoutBlockFlow {SPAN} at (4.30,0) size 24.53x19
      LayoutText {#text} at (0,1) size 25x18
        text run at (0,1) width 25 RTL: "\x{5D3}\x{5D4}\x{5D5}"
    LayoutBlockFlow {SPAN} at (-22.84,0) size 27.14x19
      LayoutText {#text} at (0,1) size 28x18
        text run at (0,1) width 28 RTL: "\x{5D6}\x{5D7}\x{5D8}"
    LayoutText {#text} at (0,0) size 0x0
layer at (8,222) size 55x38 scrollWidth 159
  LayoutBlockFlow {DIV} at (0,206) size 55x38
    LayoutBlockFlow {SPAN} at (0,0) size 109.03x38
      LayoutText {#text} at (0,1) size 110x18
        text run at (0,1) width 110 RTL: "\x{5D0}\x{5D1}\x{5D2}\x{5D3}\x{5D4}\x{5D5}\x{5D6}\x{5D7}\x{5D8}\x{5D9}\x{5DB}\x{5DA}\x{5DC}"
      LayoutBR {BR} at (109,1) size 1x18
      LayoutText {#text} at (0,20) size 110x18
        text run at (0,20) width 110 RTL: "\x{5D0}\x{5D1}\x{5D2}\x{5D3}\x{5D4}\x{5D5}\x{5D6}\x{5D7}\x{5D8}\x{5D9}\x{5DB}\x{5DA}\x{5DC}"
    LayoutBlockFlow {SPAN} at (109.03,19) size 27.14x19
      LayoutText {#text} at (0,1) size 28x18
        text run at (0,1) width 28 RTL: "\x{5D6}\x{5D7}\x{5D8}"
    LayoutBlockFlow {SPAN} at (136.17,19) size 22.67x19
      LayoutText {#text} at (0,1) size 23x18
        text run at (0,1) width 23 RTL: "\x{5D9}\x{5DB}\x{5DA}"
    LayoutText {#text} at (0,0) size 0x0
layer at (8,310) size 55x38 scrollX 103.00 scrollWidth 159
  LayoutBlockFlow {DIV} at (0,294) size 55x38
    LayoutBlockFlow {SPAN} at (-54.03,0) size 109.03x38
      LayoutText {#text} at (0,1) size 110x18
        text run at (0,1) width 110 RTL: "\x{5D0}\x{5D1}\x{5D2}\x{5D3}\x{5D4}\x{5D5}\x{5D6}\x{5D7}\x{5D8}\x{5D9}\x{5DB}\x{5DA}\x{5DC}"
      LayoutBR {BR} at (0,1) size 0x18
      LayoutText {#text} at (0,20) size 110x18
        text run at (0,20) width 110 RTL: "\x{5D0}\x{5D1}\x{5D2}\x{5D3}\x{5D4}\x{5D5}\x{5D6}\x{5D7}\x{5D8}\x{5D9}\x{5DB}\x{5DA}\x{5DC}"
    LayoutBlockFlow {SPAN} at (-81.17,19) size 27.14x19
      LayoutText {#text} at (0,1) size 28x18
        text run at (0,1) width 28 RTL: "\x{5D6}\x{5D7}\x{5D8}"
    LayoutBlockFlow {SPAN} at (-103.84,19) size 22.67x19
      LayoutText {#text} at (0,1) size 23x18
        text run at (0,1) width 23 RTL: "\x{5D9}\x{5DB}\x{5DA}"
    LayoutText {#text} at (0,0) size 0x0
