layer at (0,0) size 800x600
  LayoutView at (0,0) size 800x600
layer at (0,0) size 800x356
  LayoutBlockFlow {HTML} at (0,0) size 800x356
    LayoutBlockFlow {BODY} at (8,16) size 784x332
      LayoutBlockFlow {P} at (0,0) size 784x18
        LayoutText {#text} at (0,0) size 564x18
          text run at (0,0) width 564: "crbug.com/133700: Ellipsis placed correctly in rtl text in an inline-block wth an rtl flow."
      LayoutBlockFlow {P} at (0,34) size 784x18
        LayoutText {#text} at (0,0) size 302x18
          text run at (0,0) width 302: "You should see text followed by ellipsis below."
      LayoutBlockFlow {P} at (0,103) size 784x18
        LayoutText {#text} at (0,0) size 302x18
          text run at (0,0) width 302: "You should see ellipsis followed by text below."
      LayoutBlockFlow {P} at (0,172) size 784x18
        LayoutText {#text} at (0,0) size 302x18
          text run at (0,0) width 302: "You should see text followed by ellipsis below."
      LayoutBlockFlow {P} at (0,260) size 784x18
        LayoutText {#text} at (0,0) size 302x18
          text run at (0,0) width 302: "You should see ellipsis followed by text below."
layer at (8,84) size 55x19 scrollWidth 80
  LayoutBlockFlow {DIV} at (0,68) size 55x19
    LayoutBlockFlow {SPAN} at (0,0) size 27.33x19
      LayoutText {#text} at (0,1) size 28x18
        text run at (0,1) width 20 RTL: "\x{5D0}\x{5D1}"
        text run at (19,1) width 9: "x"
    LayoutBlockFlow {SPAN} at (27.33,0) size 27.41x19
      LayoutText {#text} at (0,1) size 28x18
        text run at (0,1) width 20 RTL: "\x{5D3}\x{5D4}"
        text run at (19,1) width 9: "x"
    LayoutBlockFlow {SPAN} at (54.73,0) size 24.84x19
      LayoutText {#text} at (0,1) size 25x18
        text run at (0,1) width 17 RTL: "\x{5D6}\x{5D7}"
        text run at (16,1) width 9: "x"
    LayoutText {#text} at (0,0) size 0x0
layer at (8,153) size 55x19 scrollX 24.00 scrollWidth 80
  LayoutBlockFlow {DIV} at (0,137) size 55x19
    LayoutBlockFlow {SPAN} at (27.67,0) size 27.33x19
      LayoutText {#text} at (0,1) size 28x18
        text run at (0,1) width 8: "x"
        text run at (8,1) width 20 RTL: "\x{5D0}\x{5D1}"
    LayoutBlockFlow {SPAN} at (0.27,0) size 27.41x19
      LayoutText {#text} at (0,1) size 28x18
        text run at (0,1) width 8: "x"
        text run at (8,1) width 20 RTL: "\x{5D3}\x{5D4}"
    LayoutBlockFlow {SPAN} at (-24.58,0) size 24.84x19
      LayoutText {#text} at (0,1) size 25x18
        text run at (0,1) width 9: "x"
        text run at (8,1) width 17 RTL: "\x{5D6}\x{5D7}"
    LayoutText {#text} at (0,0) size 0x0
layer at (8,222) size 55x38 scrollWidth 152
  LayoutBlockFlow {DIV} at (0,206) size 55x38
    LayoutBlockFlow {SPAN} at (0,0) size 106.77x38
      LayoutText {#text} at (0,1) size 107x18
        text run at (0,1) width 57 RTL: "\x{5D0}\x{5D1}\x{5D2}\x{5D3}\x{5D4}\x{5D5}\x{5D6}"
        text run at (56,1) width 51: "abcdefg"
      LayoutBR {BR} at (106,1) size 1x18
      LayoutText {#text} at (5,20) size 102x18
        text run at (5,20) width 52 RTL: "\x{5D0}\x{5D1}\x{5D2}\x{5D3}\x{5D4}\x{5D5}"
        text run at (56,20) width 51: "abcdefg"
    LayoutBlockFlow {SPAN} at (106.77,19) size 23.94x19
      LayoutText {#text} at (0,1) size 24x18
        text run at (0,1) width 17 RTL: "\x{5D6}\x{5D7}"
        text run at (16,1) width 8: "a"
    LayoutBlockFlow {SPAN} at (130.70,19) size 21.33x19
      LayoutText {#text} at (0,1) size 22x18
        text run at (0,1) width 15 RTL: "\x{5D9}\x{5DB}"
        text run at (14,1) width 8: "a"
    LayoutText {#text} at (0,0) size 0x0
layer at (8,310) size 55x38 scrollX 97.00 scrollWidth 152
  LayoutBlockFlow {DIV} at (0,294) size 55x38
    LayoutBlockFlow {SPAN} at (-51.77,0) size 106.77x38
      LayoutText {#text} at (0,1) size 107x18
        text run at (0,1) width 51: "abcdefg"
        text run at (50,1) width 57 RTL: "\x{5D0}\x{5D1}\x{5D2}\x{5D3}\x{5D4}\x{5D5}\x{5D6}"
      LayoutBR {BR} at (0,1) size 1x18
      LayoutText {#text} at (5,20) size 102x18
        text run at (5,20) width 52: "abcdefg"
        text run at (56,20) width 51 RTL: "\x{5D0}\x{5D1}\x{5D2}\x{5D3}\x{5D4}\x{5D5}"
    LayoutBlockFlow {SPAN} at (-75.70,19) size 23.94x19
      LayoutText {#text} at (0,1) size 24x18
        text run at (0,1) width 8: "a"
        text run at (7,1) width 17 RTL: "\x{5D6}\x{5D7}"
    LayoutBlockFlow {SPAN} at (-97.03,19) size 21.33x19
      LayoutText {#text} at (0,1) size 22x18
        text run at (0,1) width 8: "a"
        text run at (7,1) width 15 RTL: "\x{5D9}\x{5DB}"
    LayoutText {#text} at (0,0) size 0x0
