layer at (0,0) size 800x600
  LayoutView at (0,0) size 800x600
layer at (0,0) size 800x600
  LayoutBlockFlow {HTML} at (0,0) size 800x600
    LayoutBlockFlow {BODY} at (8,8) size 784x584
      LayoutBlockFlow {P} at (0,0) size 784x18
        LayoutText {#text} at (0,0) size 54x18
          text run at (0,0) width 54: "Test for "
        LayoutInline {I} at (0,0) size 714x18
          LayoutInline {A} at (0,0) size 305x18 [color=#0000EE]
            LayoutText {#text} at (53,0) size 305x18
              text run at (53,0) width 305: "http://bugs.webkit.org/show_bug.cgi?id=14758"
          LayoutText {#text} at (357,0) size 410x18
            text run at (357,0) width 5: " "
            text run at (361,0) width 406: "REGRESSION: Repeated text after line break on facebook.com"
        LayoutText {#text} at (766,0) size 5x18
          text run at (766,0) width 5: "."
      LayoutBlockFlow {P} at (0,34) size 784x18
        LayoutText {#text} at (0,0) size 237x18
          text run at (0,0) width 237: "These two boxes should be identical:"
      LayoutBlockFlow {DIV} at (0,68) size 76x60 [border: (3px solid #000000)]
        LayoutBlockFlow (anonymous) at (3,3) size 70x36
          LayoutText {#text} at (0,0) size 43x18
            text run at (0,0) width 43: "Lorem"
          LayoutInline {SPAN} at (0,0) size 40x18
            LayoutText {#text} at (0,18) size 40x18
              text run at (0,18) width 40: "ipsum"
          LayoutText {#text} at (0,0) size 0x0
        LayoutBlockFlow {DIV} at (3,39) size 70x18
          LayoutText {#text} at (0,0) size 34x18
            text run at (0,0) width 34: "dolor"
      LayoutBlockFlow (anonymous) at (0,128) size 784x18
        LayoutBR {BR} at (0,0) size 0x18
      LayoutBlockFlow {DIV} at (0,146) size 76x60 [border: (3px solid #000000)]
        LayoutBlockFlow (anonymous) at (3,3) size 70x36
          LayoutText {#text} at (0,0) size 43x36
            text run at (0,0) width 43: "Lorem"
            text run at (0,18) width 40: "ipsum"
        LayoutBlockFlow {DIV} at (3,39) size 70x18
          LayoutText {#text} at (0,0) size 34x18
            text run at (0,0) width 34: "dolor"
