layer at (0,0) size 800x600
  LayoutView at (0,0) size 800x600
layer at (0,0) size 800x600
  LayoutBlockFlow {HTML} at (0,0) size 800x600
    LayoutBlockFlow {BODY} at (8,8) size 784x584
      LayoutBlockFlow {DIV} at (0,0) size 784x280 [color=#00000080]
        LayoutBlockFlow {DIV} at (0,0) size 784x56
          LayoutText {#text} at (0,0) size 298x56
            text run at (0,0) width 298: "Text shadow"
        LayoutBlockFlow {DIV} at (0,56) size 784x56
          LayoutText {#text} at (0,0) size 298x56
            text run at (0,0) width 298: "Text shadow"
        LayoutBlockFlow {DIV} at (0,112) size 784x56
          LayoutText {#text} at (0,0) size 298x56
            text run at (0,0) width 298: "Text shadow"
        LayoutBlockFlow {DIV} at (0,168) size 784x56
          LayoutText {#text} at (0,0) size 298x56
            text run at (0,0) width 298: "Text shadow"
        LayoutBlockFlow {DIV} at (0,224) size 784x56
          LayoutText {#text} at (0,0) size 298x56
            text run at (0,0) width 298: "Text shadow"
