layer at (0,0) size 800x600
  LayoutView at (0,0) size 800x600
layer at (0,0) size 800x600
  LayoutBlockFlow {HTML} at (0,0) size 800x600
    LayoutBlockFlow {BODY} at (8,8) size 784x567
      LayoutBlockFlow {P} at (0,0) size 784x18
        LayoutText {#text} at (0,0) size 363x18
          text run at (0,0) width 363: "Test passes if there are two green rectangles on the page."
      LayoutBlockFlow {DIV} at (25,43) size 734x30 [color=#008000]
        LayoutText {#text} at (0,0) size 300x30
          text run at (0,0) width 300: "FillerText"
