layer at (0,0) size 800x600
  LayoutView at (0,0) size 800x600
layer at (0,0) size 800x600
  LayoutBlockFlow {HTML} at (0,0) size 800x600
    LayoutBlockFlow {BODY} at (8,8) size 784x584
      LayoutBlockFlow {P} at (0,0) size 784x18
        LayoutText {#text} at (0,0) size 257x18
          text run at (0,0) width 257: "These two glyphs should look the same:"
      LayoutBlockFlow {DIV} at (0,34) size 784x72
        LayoutText {#text} at (0,12) size 48x48
          text run at (0,12) width 48: "\x{D842}\x{DF9F}"
      LayoutBlockFlow {DIV} at (0,106) size 72x48
        LayoutText {#text} at (12,0) size 48x48
          text run at (12,0) width 48: "\x{D842}\x{DF9F}"
