layer at (0,0) size 800x600
  LayoutView at (0,0) size 800x600
layer at (0,0) size 800x600
  LayoutBlockFlow {HTML} at (0,0) size 800x600
    LayoutBlockFlow {BODY} at (8,8) size 784x576
      LayoutBlockFlow {P} at (0,0) size 784x18
        LayoutText {#text} at (0,0) size 93x18
          text run at (0,0) width 93: "This tests that "
        LayoutInline {TT} at (0,0) size 25x15
          LayoutText {#text} at (92,2) size 25x15
            text run at (92,2) width 25: "WBR"
        LayoutText {#text} at (116,0) size 309x18
          text run at (116,0) width 309: " elements cannot be styled and that setting their "
        LayoutInline {TT} at (0,0) size 63x15
          LayoutText {#text} at (424,2) size 63x15
            text run at (424,2) width 63: "position"
        LayoutText {#text} at (486,0) size 22x18
          text run at (486,0) width 22: " to "
        LayoutInline {TT} at (0,0) size 63x15
          LayoutText {#text} at (507,2) size 63x15
            text run at (507,2) width 63: "absolute"
        LayoutText {#text} at (569,0) size 154x18
          text run at (569,0) width 154: " does not crash WebKit."
      LayoutBlockFlow {P} at (0,34) size 784x18
        LayoutText {#text} at (0,0) size 128x18
          text run at (0,0) width 128: "There should be no "
        LayoutWordBreak {WBR} at (0,0) size 0x0
        LayoutText {#text} at (127,0) size 100x18
          text run at (127,0) width 100: "red on this line."
      LayoutBlockFlow {P} at (0,68) size 784x18
        LayoutText {#text} at (0,0) size 126x18
          text run at (0,0) width 126: "No crashing, please"
        LayoutWordBreak {WBR} at (0,0) size 0x0
        LayoutText {#text} at (125,0) size 5x18
          text run at (125,0) width 5: "."
