layer at (0,0) size 800x600
  LayoutView at (0,0) size 800x600
layer at (0,0) size 800x600
  LayoutBlockFlow {HTML} at (0,0) size 800x600
    LayoutBlockFlow {BODY} at (8,8) size 784x584
layer at (0,42) size 800x558 clip at (0,42) size 785x558 scrollY 278.00 scrollHeight 836
  LayoutBlockFlow (positioned) {DIV} at (0,42) size 800x558
layer at (0,-236) size 570x836 backgroundClip at (0,42) size 785x558 clip at (0,42) size 785x558
  LayoutBlockFlow (positioned) {DIV} at (0,0) size 570.41x836
    LayoutBlockFlow (anonymous) at (0,0) size 570.41x18
      LayoutText {#text} at (0,0) size 571x18
        text run at (0,0) width 571: "This tests that we can scroll to reveal something in a nested positioned block in overflow."
    LayoutBlockFlow {DIV} at (0,18) size 570.41x800
    LayoutBlockFlow (anonymous) at (0,818) size 570.41x18
      LayoutButton {INPUT} at (0,0) size 191.81x18 [bgcolor=#C0C0C0]
        LayoutBlockFlow (anonymous) at (8,2) size 175.81x13
          LayoutText {#text} at (0,0) size 176x13
            text run at (0,0) width 176: "If you can see this, test has passed"
      LayoutText {#text} at (0,0) size 0x0
