layer at (0,0) size 800x600 clip at (0,0) size 785x600 scrollY 5.00 scrollHeight 1188
  LayoutView at (0,0) size 800x600
layer at (0,0) size 785x1188 backgroundClip at (0,0) size 785x600 clip at (0,0) size 785x600
  LayoutBlockFlow {HTML} at (0,0) size 785x1188
    LayoutBlockFlow {BODY} at (8,8) size 769x1172
      LayoutBlockFlow (anonymous) at (0,0) size 769x18
        LayoutText {#text} at (0,0) size 348x18
          text run at (0,0) width 348: "This test should scroll recursively to reveal the button."
        LayoutText {#text} at (0,0) size 0x0
      LayoutBlockFlow {DIV} at (0,18) size 769x500
      LayoutBlockFlow (anonymous) at (0,518) size 769x154
        LayoutText {#text} at (0,0) size 0x0
      LayoutBlockFlow {DIV} at (0,672) size 769x500
layer at (8,526) size 304x154 backgroundClip at (0,0) size 785x600 clip at (0,0) size 785x600
  LayoutIFrame {IFRAME} at (0,0) size 304x154 [border: (2px inset #EEEEEE)]
    layer at (0,0) size 300x150 clip at (0,0) size 285x135 scrollY 90.00 scrollWidth 308 scrollHeight 316
      LayoutView at (0,0) size 300x150
    layer at (0,0) size 285x316 backgroundClip at (0,0) size 285x135 clip at (0,0) size 285x135
      LayoutBlockFlow {HTML} at (0,0) size 285x316
        LayoutBlockFlow {BODY} at (8,8) size 269x300
    layer at (8,8) size 300x300 backgroundClip at (8,8) size 277x127 clip at (8,8) size 277x127 scrollY 543.00 scrollHeight 1268
      LayoutBlockFlow {DIV} at (0,0) size 300x300
        LayoutBlockFlow (anonymous) at (0,0) size 285x18
          LayoutText {#text} at (0,0) size 89x18
            text run at (0,0) width 89: "overflow:auto"
        LayoutBlockFlow {DIV} at (0,18) size 285x600
        LayoutBlockFlow {DIV} at (0,768) size 285x500
    layer at (8,83) size 150x150 backgroundClip at (8,83) size 150x52 clip at (8,83) size 135x52 scrollY 470.00 scrollHeight 854
      LayoutBlockFlow {DIV} at (0,618) size 150x150
        LayoutBlockFlow (anonymous) at (0,0) size 135x18
          LayoutText {#text} at (0,0) size 89x18
            text run at (0,0) width 89: "overflow:auto"
        LayoutBlockFlow {DIV} at (0,18) size 135x500
        LayoutBlockFlow (anonymous) at (0,518) size 135x36
          LayoutBR {BR} at (0,0) size 0x18
          LayoutButton {INPUT} at (0,18) size 49.56x18 [bgcolor=#C0C0C0]
            LayoutBlockFlow (anonymous) at (8,2) size 33.56x13
              LayoutText {#text} at (0,0) size 34x13
                text run at (0,0) width 34: "Button"
          LayoutText {#text} at (0,0) size 0x0
        LayoutBlockFlow {DIV} at (0,554) size 135x300
scrolled to 0,5
frame 'fr' scrolled to 0,90
