layer at (0,0) size 800x600 clip at (0,0) size 785x600 scrollHeight 860
  LayoutView at (0,0) size 800x600
layer at (0,0) size 785x860 backgroundClip at (0,0) size 785x600 clip at (0,0) size 785x600
  LayoutBlockFlow {HTML} at (0,0) size 785x860
    LayoutBlockFlow {BODY} at (8,16) size 769x836
      LayoutBlockFlow {P} at (0,0) size 769x20
        LayoutText {#text} at (0,0) size 304x19
          text run at (0,0) width 304: "crbug.com/644802: Render alt text per html5 spec"
layer at (8,52) size 769x800 backgroundClip at (0,0) size 785x600 clip at (0,0) size 785x600
  LayoutBlockFlow {DIV} at (0,36) size 769x800
    LayoutMultiColumnSet (anonymous) at (0,0) size 769x409
layer at (8,52) size 180x1556 backgroundClip at (0,0) size 785x600 clip at (0,0) size 785x600
  LayoutMultiColumnFlowThread (anonymous) at (0,0) size 180.25x1556
    LayoutBlockFlow {DIV} at (0,16) size 180.25x136
      LayoutBlockFlow {P} at (0,0) size 180.25x20
        LayoutText {#text} at (0,0) size 122x19
          text run at (0,0) width 122: "Different dimensions"
      LayoutBlockFlow (anonymous) at (0,36) size 180.25x100
        LayoutText {#text} at (0,0) size 12x19
          text run at (0,0) width 12: "1."
        LayoutBlockFlow {IMG} at (12,0) size 56x20 [bgcolor=#008000]
          LayoutInline {SPAN} at (0,0) size 40x19
            LayoutImage (floating) {IMG} at (0,0) size 16x16
            LayoutInline {SPAN} at (0,0) size 40x19
              LayoutText {#text} at (16,0) size 40x19
                text run at (16,0) width 40: "alt text"
        LayoutText {#text} at (68,0) size 4x19
          text run at (68,0) width 4: " "
        LayoutBR {BR} at (72,0) size 0x19
        LayoutText {#text} at (0,20) size 12x19
          text run at (0,20) width 12: "2."
        LayoutBlockFlow {IMG} at (12,20) size 56x20 [bgcolor=#008000]
          LayoutInline {SPAN} at (0,0) size 40x19
            LayoutImage (floating) {IMG} at (0,0) size 16x16
            LayoutInline {SPAN} at (0,0) size 40x19
              LayoutText {#text} at (16,0) size 40x19
                text run at (16,0) width 40: "alt text"
        LayoutText {#text} at (68,20) size 4x19
          text run at (68,20) width 4: " "
        LayoutBR {BR} at (72,20) size 0x19
        LayoutText {#text} at (0,40) size 12x19
          text run at (0,40) width 12: "3."
        LayoutBlockFlow {IMG} at (12,40) size 56x20 [bgcolor=#008000]
          LayoutInline {SPAN} at (0,0) size 40x19
            LayoutImage (floating) {IMG} at (0,0) size 16x16
            LayoutInline {SPAN} at (0,0) size 40x19
              LayoutText {#text} at (16,0) size 40x19
                text run at (16,0) width 40: "alt text"
        LayoutBR {BR} at (68,40) size 0x19
        LayoutText {#text} at (0,60) size 12x19
          text run at (0,60) width 12: "4."
        LayoutBlockFlow {IMG} at (12,60) size 56x20 [bgcolor=#008000]
          LayoutInline {SPAN} at (0,0) size 40x19
            LayoutImage (floating) {IMG} at (0,0) size 16x16
            LayoutInline {SPAN} at (0,0) size 40x19
              LayoutText {#text} at (16,0) size 40x19
                text run at (16,0) width 40: "alt text"
        LayoutBR {BR} at (68,60) size 0x19
        LayoutText {#text} at (0,80) size 12x19
          text run at (0,80) width 12: "5."
        LayoutBlockFlow {IMG} at (12,80) size 56x20 [bgcolor=#008000]
          LayoutInline {SPAN} at (0,0) size 40x19
            LayoutImage (floating) {IMG} at (0,0) size 16x16
            LayoutInline {SPAN} at (0,0) size 40x19
              LayoutText {#text} at (16,0) size 40x19
                text run at (16,0) width 40: "alt text"
        LayoutText {#text} at (0,0) size 0x0
    LayoutBlockFlow {DIV} at (0,168) size 180.25x204
      LayoutBlockFlow {P} at (0,0) size 180.25x40
        LayoutText {#text} at (0,0) size 163x39
          text run at (0,0) width 163: "Different dimensions, no alt"
          text run at (0,20) width 22: "text"
      LayoutBlockFlow (anonymous) at (0,56) size 180.25x148
        LayoutText {#text} at (0,10) size 12x19
          text run at (0,10) width 12: "1."
        LayoutBlockFlow {IMG} at (12,0) size 25x25 [bgcolor=#008000]
        LayoutBR {BR} at (37,10) size 0x19
        LayoutText {#text} at (0,65) size 12x19
          text run at (0,65) width 12: "2."
        LayoutBlockFlow {IMG} at (12,30) size 50x50 [bgcolor=#008000]
        LayoutBR {BR} at (62,65) size 0x19
        LayoutText {#text} at (0,86) size 12x19
          text run at (0,86) width 12: "3."
        LayoutBlockFlow {IMG} at (12,85) size 16x16 [bgcolor=#008000]
          LayoutInline {SPAN} at (0,0) size 0x0
            LayoutImage (floating) {IMG} at (0,0) size 16x16
            LayoutInline {SPAN} at (0,0) size 0x0
        LayoutBR {BR} at (28,86) size 0x19
        LayoutText {#text} at (0,107) size 12x19
          text run at (0,107) width 12: "4."
        LayoutBlockFlow {IMG} at (12,106) size 16x16 [bgcolor=#008000]
          LayoutInline {SPAN} at (0,0) size 0x0
            LayoutImage (floating) {IMG} at (0,0) size 16x16
            LayoutInline {SPAN} at (0,0) size 0x0
        LayoutBR {BR} at (28,107) size 0x19
        LayoutText {#text} at (0,128) size 12x19
          text run at (0,128) width 12: "5."
        LayoutBlockFlow {IMG} at (12,127) size 16x16
          LayoutInline {SPAN} at (0,0) size 0x0
            LayoutImage (floating) {IMG} at (0,0) size 16x16
            LayoutInline {SPAN} at (0,0) size 0x0
        LayoutText {#text} at (0,0) size 0x0
    LayoutBlockFlow {DIV} at (0,409) size 180.25x204
      LayoutBlockFlow {P} at (0,0) size 180.25x40
        LayoutText {#text} at (0,0) size 163x39
          text run at (0,0) width 163: "Different dimensions, no alt"
          text run at (0,20) width 30: "text, "
          text run at (30,20) width 45: "src = \"\""
      LayoutBlockFlow (anonymous) at (0,56) size 180.25x148
        LayoutText {#text} at (0,10) size 12x19
          text run at (0,10) width 12: "1."
        LayoutBlockFlow {IMG} at (12,0) size 25x25 [bgcolor=#008000]
        LayoutBR {BR} at (37,10) size 0x19
        LayoutText {#text} at (0,65) size 12x19
          text run at (0,65) width 12: "2."
        LayoutBlockFlow {IMG} at (12,30) size 50x50 [bgcolor=#008000]
        LayoutBR {BR} at (62,65) size 0x19
        LayoutText {#text} at (0,86) size 12x19
          text run at (0,86) width 12: "3."
        LayoutBlockFlow {IMG} at (12,85) size 16x16 [bgcolor=#008000]
          LayoutInline {SPAN} at (0,0) size 0x0
            LayoutImage (floating) {IMG} at (0,0) size 16x16
            LayoutInline {SPAN} at (0,0) size 0x0
        LayoutBR {BR} at (28,86) size 0x19
        LayoutText {#text} at (0,107) size 12x19
          text run at (0,107) width 12: "4."
        LayoutBlockFlow {IMG} at (12,106) size 16x16 [bgcolor=#008000]
          LayoutInline {SPAN} at (0,0) size 0x0
            LayoutImage (floating) {IMG} at (0,0) size 16x16
            LayoutInline {SPAN} at (0,0) size 0x0
        LayoutBR {BR} at (28,107) size 0x19
        LayoutText {#text} at (0,128) size 12x19
          text run at (0,128) width 12: "5."
        LayoutBlockFlow {IMG} at (12,127) size 16x16
          LayoutInline {SPAN} at (0,0) size 0x0
            LayoutImage (floating) {IMG} at (0,0) size 16x16
            LayoutInline {SPAN} at (0,0) size 0x0
        LayoutBR {BR} at (28,128) size 0x19
    LayoutBlockFlow {DIV} at (0,818) size 180.25x236
      LayoutBlockFlow {P} at (0,0) size 180.25x40
        LayoutText {#text} at (0,0) size 163x39
          text run at (0,0) width 163: "Different dimensions, no alt"
          text run at (0,20) width 67: "text, no src"
      LayoutBlockFlow (anonymous) at (0,56) size 180.25x180
        LayoutText {#text} at (0,10) size 12x19
          text run at (0,10) width 12: "1."
        LayoutImage {IMG} at (12,0) size 25x25 [bgcolor=#008000]
        LayoutText {#text} at (37,10) size 4x19
          text run at (37,10) width 4: " "
        LayoutBR {BR} at (41,10) size 0x19
        LayoutText {#text} at (0,65) size 12x19
          text run at (0,65) width 12: "2."
        LayoutImage {IMG} at (12,30) size 50x50 [bgcolor=#008000]
        LayoutText {#text} at (62,65) size 4x19
          text run at (62,65) width 4: " "
        LayoutBR {BR} at (66,65) size 0x19
        LayoutText {#text} at (0,85) size 12x19
          text run at (0,85) width 12: "3."
        LayoutImage {IMG} at (12,100) size 50x0 [bgcolor=#008000]
        LayoutText {#text} at (62,85) size 4x19
          text run at (62,85) width 4: " "
        LayoutBR {BR} at (66,85) size 0x19
        LayoutText {#text} at (0,140) size 12x19
          text run at (0,140) width 12: "4."
        LayoutImage {IMG} at (12,105) size 0x50 [bgcolor=#008000]
        LayoutText {#text} at (12,140) size 4x19
          text run at (12,140) width 4: " "
        LayoutBR {BR} at (16,140) size 0x19
        LayoutText {#text} at (0,160) size 12x19
          text run at (0,160) width 12: "5."
        LayoutImage {IMG} at (12,175) size 0x0
        LayoutText {#text} at (0,0) size 0x0
    LayoutBlockFlow {DIV} at (0,1070) size 180.25x157
      LayoutBlockFlow {P} at (0,0) size 180.25x40
        LayoutText {#text} at (0,0) size 174x39
          text run at (0,0) width 174: "Different dimensions, alt text,"
          text run at (0,20) width 45: "src = \"\""
      LayoutBlockFlow (anonymous) at (0,56) size 180.25x101
        LayoutText {#text} at (0,0) size 12x19
          text run at (0,0) width 12: "1."
        LayoutBlockFlow {IMG} at (12,0) size 56x20 [bgcolor=#008000]
          LayoutInline {SPAN} at (0,0) size 40x19
            LayoutImage (floating) {IMG} at (0,0) size 16x16
            LayoutInline {SPAN} at (0,0) size 40x19
              LayoutText {#text} at (16,0) size 40x19
                text run at (16,0) width 40: "alt text"
        LayoutText {#text} at (68,0) size 4x19
          text run at (68,0) width 4: " "
        LayoutBR {BR} at (72,0) size 0x19
        LayoutText {#text} at (0,20) size 12x19
          text run at (0,20) width 12: "2."
        LayoutBlockFlow {IMG} at (12,20) size 56x20 [bgcolor=#008000]
          LayoutInline {SPAN} at (0,0) size 40x19
            LayoutImage (floating) {IMG} at (0,0) size 16x16
            LayoutInline {SPAN} at (0,0) size 40x19
              LayoutText {#text} at (16,0) size 40x19
                text run at (16,0) width 40: "alt text"
        LayoutText {#text} at (68,20) size 4x19
          text run at (68,20) width 4: " "
        LayoutBR {BR} at (72,20) size 0x19
        LayoutText {#text} at (0,40) size 12x19
          text run at (0,40) width 12: "3."
        LayoutBlockFlow {IMG} at (12,40) size 56x20 [bgcolor=#008000]
          LayoutInline {SPAN} at (0,0) size 40x19
            LayoutImage (floating) {IMG} at (0,0) size 16x16
            LayoutInline {SPAN} at (0,0) size 40x19
              LayoutText {#text} at (16,0) size 40x19
                text run at (16,0) width 40: "alt text"
        LayoutText {#text} at (68,40) size 4x19
          text run at (68,40) width 4: " "
        LayoutBR {BR} at (72,40) size 0x19
        LayoutText {#text} at (0,60) size 12x19
          text run at (0,60) width 12: "4."
        LayoutBlockFlow {IMG} at (12,60) size 56x20 [bgcolor=#008000]
          LayoutInline {SPAN} at (0,0) size 40x19
            LayoutImage (floating) {IMG} at (0,0) size 16x16
            LayoutInline {SPAN} at (0,0) size 40x19
              LayoutText {#text} at (16,0) size 40x19
                text run at (16,0) width 40: "alt text"
        LayoutText {#text} at (68,60) size 4x19
          text run at (68,60) width 4: " "
        LayoutBR {BR} at (72,60) size 0x19
        LayoutText {#text} at (0,81) size 12x19
          text run at (0,81) width 12: "5."
        LayoutBlockFlow {IMG} at (12,80) size 16x16
          LayoutInline {SPAN} at (0,0) size 0x0
            LayoutImage (floating) {IMG} at (0,0) size 16x16
            LayoutInline {SPAN} at (0,0) size 0x0
        LayoutText {#text} at (28,81) size 4x19
          text run at (28,81) width 4: " "
        LayoutBR {BR} at (32,81) size 0x19
    LayoutBlockFlow {DIV} at (0,1227) size 180.25x156
      LayoutBlockFlow {P} at (0,0) size 180.25x40
        LayoutText {#text} at (0,0) size 174x39
          text run at (0,0) width 174: "Different dimensions, alt text,"
          text run at (0,20) width 37: "no src"
      LayoutBlockFlow (anonymous) at (0,56) size 180.25x100
        LayoutText {#text} at (0,0) size 12x19
          text run at (0,0) width 12: "1."
        LayoutBlockFlow {IMG} at (12,0) size 56x20 [bgcolor=#008000]
          LayoutInline {SPAN} at (0,0) size 40x19
            LayoutImage (floating) {IMG} at (0,0) size 16x16
            LayoutInline {SPAN} at (0,0) size 40x19
              LayoutText {#text} at (16,0) size 40x19
                text run at (16,0) width 40: "alt text"
        LayoutText {#text} at (68,0) size 4x19
          text run at (68,0) width 4: " "
        LayoutBR {BR} at (72,0) size 0x19
        LayoutText {#text} at (0,20) size 12x19
          text run at (0,20) width 12: "2."
        LayoutBlockFlow {IMG} at (12,20) size 56x20 [bgcolor=#008000]
          LayoutInline {SPAN} at (0,0) size 40x19
            LayoutImage (floating) {IMG} at (0,0) size 16x16
            LayoutInline {SPAN} at (0,0) size 40x19
              LayoutText {#text} at (16,0) size 40x19
                text run at (16,0) width 40: "alt text"
        LayoutText {#text} at (68,20) size 4x19
          text run at (68,20) width 4: " "
        LayoutBR {BR} at (72,20) size 0x19
        LayoutText {#text} at (0,40) size 12x19
          text run at (0,40) width 12: "3."
        LayoutBlockFlow {IMG} at (12,40) size 56x20 [bgcolor=#008000]
          LayoutInline {SPAN} at (0,0) size 40x19
            LayoutImage (floating) {IMG} at (0,0) size 16x16
            LayoutInline {SPAN} at (0,0) size 40x19
              LayoutText {#text} at (16,0) size 40x19
                text run at (16,0) width 40: "alt text"
        LayoutText {#text} at (68,40) size 4x19
          text run at (68,40) width 4: " "
        LayoutBR {BR} at (72,40) size 0x19
        LayoutText {#text} at (0,60) size 12x19
          text run at (0,60) width 12: "4."
        LayoutBlockFlow {IMG} at (12,60) size 56x20 [bgcolor=#008000]
          LayoutInline {SPAN} at (0,0) size 40x19
            LayoutImage (floating) {IMG} at (0,0) size 16x16
            LayoutInline {SPAN} at (0,0) size 40x19
              LayoutText {#text} at (16,0) size 40x19
                text run at (16,0) width 40: "alt text"
        LayoutText {#text} at (68,60) size 4x19
          text run at (68,60) width 4: " "
        LayoutBR {BR} at (72,60) size 0x19
        LayoutText {#text} at (0,80) size 12x19
          text run at (0,80) width 12: "5."
        LayoutBlockFlow {IMG} at (12,80) size 56x20
          LayoutInline {SPAN} at (0,0) size 40x19
            LayoutImage (floating) {IMG} at (0,0) size 16x16
            LayoutInline {SPAN} at (0,0) size 40x19
              LayoutText {#text} at (16,0) size 40x19
                text run at (16,0) width 40: "alt text"
        LayoutText {#text} at (68,80) size 4x19
          text run at (68,80) width 4: " "
        LayoutBR {BR} at (72,80) size 0x19
    LayoutBlockFlow {DIV} at (0,1399) size 180.25x157
      LayoutBlockFlow {P} at (0,0) size 180.25x40
        LayoutText {#text} at (0,0) size 174x39
          text run at (0,0) width 174: "Different dimensions, alt text,"
          text run at (0,20) width 31: "src ="
      LayoutBlockFlow (anonymous) at (0,56) size 180.25x101
        LayoutText {#text} at (0,0) size 12x19
          text run at (0,0) width 12: "1."
        LayoutBlockFlow {IMG} at (12,0) size 56x20 [bgcolor=#008000]
          LayoutInline {SPAN} at (0,0) size 40x19
            LayoutImage (floating) {IMG} at (0,0) size 16x16
            LayoutInline {SPAN} at (0,0) size 40x19
              LayoutText {#text} at (16,0) size 40x19
                text run at (16,0) width 40: "alt text"
        LayoutText {#text} at (68,0) size 4x19
          text run at (68,0) width 4: " "
        LayoutBR {BR} at (72,0) size 0x19
        LayoutText {#text} at (0,20) size 12x19
          text run at (0,20) width 12: "2."
        LayoutBlockFlow {IMG} at (12,20) size 56x20 [bgcolor=#008000]
          LayoutInline {SPAN} at (0,0) size 40x19
            LayoutImage (floating) {IMG} at (0,0) size 16x16
            LayoutInline {SPAN} at (0,0) size 40x19
              LayoutText {#text} at (16,0) size 40x19
                text run at (16,0) width 40: "alt text"
        LayoutText {#text} at (68,20) size 4x19
          text run at (68,20) width 4: " "
        LayoutBR {BR} at (72,20) size 0x19
        LayoutText {#text} at (0,40) size 12x19
          text run at (0,40) width 12: "3."
        LayoutBlockFlow {IMG} at (12,40) size 56x20 [bgcolor=#008000]
          LayoutInline {SPAN} at (0,0) size 40x19
            LayoutImage (floating) {IMG} at (0,0) size 16x16
            LayoutInline {SPAN} at (0,0) size 40x19
              LayoutText {#text} at (16,0) size 40x19
                text run at (16,0) width 40: "alt text"
        LayoutText {#text} at (68,40) size 4x19
          text run at (68,40) width 4: " "
        LayoutBR {BR} at (72,40) size 0x19
        LayoutText {#text} at (0,60) size 12x19
          text run at (0,60) width 12: "4."
        LayoutBlockFlow {IMG} at (12,60) size 56x20 [bgcolor=#008000]
          LayoutInline {SPAN} at (0,0) size 40x19
            LayoutImage (floating) {IMG} at (0,0) size 16x16
            LayoutInline {SPAN} at (0,0) size 40x19
              LayoutText {#text} at (16,0) size 40x19
                text run at (16,0) width 40: "alt text"
        LayoutText {#text} at (68,60) size 4x19
          text run at (68,60) width 4: " "
        LayoutBR {BR} at (72,60) size 0x19
        LayoutText {#text} at (0,81) size 12x19
          text run at (0,81) width 12: "5."
        LayoutBlockFlow {IMG} at (12,80) size 16x16
          LayoutInline {SPAN} at (0,0) size 0x0
            LayoutImage (floating) {IMG} at (0,0) size 16x16
            LayoutInline {SPAN} at (0,0) size 0x0
        LayoutText {#text} at (28,81) size 4x19
          text run at (28,81) width 4: " "
        LayoutBR {BR} at (32,81) size 0x19
layer at (20,276) size 25x25 clip at (21,277) size 23x23
  LayoutBlockFlow {SPAN} at (0,0) size 25x25 [border: (1px solid #C0C0C0)]
    LayoutImage (floating) {IMG} at (2,2) size 16x16
    LayoutInline {SPAN} at (0,0) size 0x0
layer at (20,306) size 50x50 clip at (21,307) size 48x48
  LayoutBlockFlow {SPAN} at (0,0) size 50x50 [border: (1px solid #C0C0C0)]
    LayoutImage (floating) {IMG} at (2,2) size 16x16
    LayoutInline {SPAN} at (0,0) size 0x0
layer at (20,517) size 25x25 clip at (21,518) size 23x23
  LayoutBlockFlow {SPAN} at (0,0) size 25x25 [border: (1px solid #C0C0C0)]
    LayoutImage (floating) {IMG} at (2,2) size 16x16
    LayoutInline {SPAN} at (0,0) size 0x0
layer at (20,547) size 50x50 clip at (21,548) size 48x48
  LayoutBlockFlow {SPAN} at (0,0) size 50x50 [border: (1px solid #C0C0C0)]
    LayoutImage (floating) {IMG} at (2,2) size 16x16
    LayoutInline {SPAN} at (0,0) size 0x0
