layer at (0,0) size 800x600
  LayoutView at (0,0) size 800x600
layer at (0,0) size 800x547
  LayoutNGBlockFlow {HTML} at (0,0) size 800x547
    LayoutNGBlockFlow {BODY} at (8,8) size 784x531
      LayoutNGBlockFlow {DIV} at (10,10) size 202x152 [border: (1px solid #008000)]
      LayoutText {#text} at (222,157) size 4x19
        text run at (222,157) width 4: " "
      LayoutNGBlockFlow {DIV} at (236,10) size 202x152 [border: (1px solid #008000)]
      LayoutText {#text} at (448,157) size 4x19
        text run at (448,157) width 4: " "
      LayoutNGBlockFlow {DIV} at (462,10) size 202x152 [border: (1px solid #008000)]
      LayoutText {#text} at (0,0) size 0x0
      LayoutBR {BR} at (674,157) size 0x0
      LayoutNGBlockFlow {DIV} at (10,187) size 202x152 [border: (1px solid #008000)]
      LayoutText {#text} at (222,334) size 4x19
        text run at (222,334) width 4: " "
      LayoutNGBlockFlow {DIV} at (236,187) size 202x152 [border: (1px solid #008000)]
      LayoutText {#text} at (448,334) size 4x19
        text run at (448,334) width 4: " "
      LayoutNGBlockFlow {DIV} at (462,187) size 202x152 [border: (1px solid #008000)]
      LayoutText {#text} at (0,0) size 0x0
      LayoutBR {BR} at (674,334) size 0x0
      LayoutNGBlockFlow {DIV} at (10,364) size 202x152 [border: (1px solid #008000)]
      LayoutText {#text} at (222,511) size 4x19
        text run at (222,511) width 4: " "
      LayoutNGBlockFlow {DIV} at (236,364) size 202x152 [border: (1px solid #008000)]
      LayoutText {#text} at (448,511) size 4x19
        text run at (448,511) width 4: " "
      LayoutNGBlockFlow {DIV} at (462,364) size 202x152 [border: (1px solid #008000)]
      LayoutText {#text} at (0,0) size 0x0
      LayoutBR {BR} at (674,511) size 0x0
