layer at (0,0) size 800x600
  LayoutView at (0,0) size 800x600
layer at (0,0) size 800x600
  LayoutBlockFlow {HTML} at (0,0) size 800x600
    LayoutBlockFlow {BODY} at (8,8) size 784x584
      LayoutBlockFlow (anonymous) at (0,0) size 784x292
        LayoutText {#text} at (215,0) size 4x19
          text run at (215,0) width 4: " "
        LayoutText {#text} at (434,0) size 4x19
          text run at (434,0) width 4: " "
        LayoutText {#text} at (0,0) size 0x0
      LayoutBlockFlow {DIV} at (0,292) size 784x292
        LayoutText {#text} at (215,0) size 4x19
          text run at (215,0) width 4: " "
        LayoutText {#text} at (434,0) size 4x19
          text run at (434,0) width 4: " "
        LayoutText {#text} at (0,0) size 0x0
layer at (8,8) size 215x292
  LayoutBlockFlow (relative positioned) {DIV} at (0,0) size 215x292 [border: (2px solid #FFA500)]
    LayoutBlockFlow {DIV} at (3,3) size 93x126 [border: (1px solid #00FF00)]
      LayoutBlockFlow {DIV} at (1,1) size 70x21 [border: (1px solid #00FF00)]
        LayoutInline {U} at (0,0) size 68x19
          LayoutText {#text} at (1,1) size 68x19
            text run at (1,1) width 68: "\x{6F22}efg\x{6DF7}\x{690D}"
      LayoutBR {BR} at (71,2) size 0x19
      LayoutBlockFlow {DIV} at (1,22) size 70x21 [border: (1px solid #00FF00)]
        LayoutInline {U} at (0,0) size 68x19
          LayoutText {#text} at (1,1) size 68x19
            text run at (1,1) width 68: "\x{6F22}efg\x{6DF7}\x{690D}"
      LayoutBR {BR} at (71,23) size 0x19
      LayoutBlockFlow {DIV} at (1,43) size 70x21 [border: (1px solid #00FF00)]
        LayoutInline {U} at (0,0) size 68x19
          LayoutText {#text} at (1,1) size 68x19
            text run at (1,1) width 68: "\x{6F22}efg\x{6DF7}\x{690D}"
      LayoutBR {BR} at (71,44) size 0x19
      LayoutBlockFlow {DIV} at (1,64) size 72.75x21 [border: (1px solid #00FF00)]
        LayoutInline {U} at (0,0) size 71x24
          LayoutText {#text} at (1,-2) size 71x24
            text run at (1,-2) width 71: "\x{6F22}efg\x{6DF7}\x{690D}"
      LayoutBR {BR} at (73,66) size 1x19
      LayoutBlockFlow {DIV} at (1,85) size 91x40 [border: (1px solid #00FF00)]
        LayoutInline {U} at (0,0) size 89x19
          LayoutText {#text} at (1,15) size 16x19
            text run at (1,15) width 16: "\x{6F22}"
          LayoutInline {SPAN} at (0,0) size 41x36
            LayoutText {#text} at (17,2) size 41x36
              text run at (17,2) width 41: "efg"
          LayoutText {#text} at (58,15) size 32x19
            text run at (58,15) width 32: "\x{6DF7}\x{690D}"
      LayoutBR {BR} at (92,100) size 0x19
    LayoutBR {BR} at (96,103) size 0x19
    LayoutBlockFlow {DIV} at (3,215) size 21x70 [border: (1px solid #00FF00)]
      LayoutInline {U} at (0,0) size 19x68
        LayoutText {#text} at (1,1) size 19x68
          text run at (1,1) width 68: "\x{6F22}efg\x{6DF7}\x{690D}"
    LayoutText {#text} at (24,270) size 4x19
      text run at (24,270) width 4: " "
    LayoutBlockFlow {DIV} at (28,215) size 21x70 [border: (1px solid #00FF00)]
      LayoutInline {U} at (0,0) size 19x68
        LayoutText {#text} at (1,1) size 19x68
          text run at (1,1) width 68: "\x{6F22}efg\x{6DF7}\x{690D}"
    LayoutText {#text} at (49,270) size 4x19
      text run at (49,270) width 4: " "
    LayoutBlockFlow {DIV} at (53,215) size 21x70 [border: (1px solid #00FF00)]
      LayoutInline {U} at (0,0) size 19x68
        LayoutText {#text} at (1,1) size 19x68
          text run at (1,1) width 68: "\x{6F22}efg\x{6DF7}\x{690D}"
    LayoutText {#text} at (74,270) size 4x19
      text run at (74,270) width 4: " "
    LayoutBlockFlow {DIV} at (78,129) size 21x156 [border: (1px solid #00FF00)]
      LayoutInline {U} at (0,0) size 19x154
        LayoutText {#text} at (1,1) size 19x154
          text run at (1,1) width 154: "\x{182E}\x{1823}\x{1828}\x{182D}\x{182D}\x{1823}\x{182F} \x{182C}\x{1821}\x{182F}\x{1821} efg\x{6F22}"
    LayoutText {#text} at (99,270) size 4x19
      text run at (99,270) width 4: " "
    LayoutBlockFlow {DIV} at (103,129) size 21x156 [border: (1px solid #00FF00)]
      LayoutInline {U} at (0,0) size 19x154
        LayoutText {#text} at (1,1) size 19x154
          text run at (1,1) width 154: "\x{182E}\x{1823}\x{1828}\x{182D}\x{182D}\x{1823}\x{182F} \x{182C}\x{1821}\x{182F}\x{1821} efg\x{6F22}"
    LayoutText {#text} at (124,270) size 4x19
      text run at (124,270) width 4: " "
    LayoutBlockFlow {DIV} at (128,176) size 40x109 [border: (1px solid #00FF00)]
      LayoutInline {U} at (0,0) size 19x107
        LayoutText {#text} at (10,1) size 19x16
          text run at (10,1) width 16: "\x{6F22}"
        LayoutInline {SPAN} at (0,0) size 36x59
          LayoutText {#text} at (2,17) size 36x59
            text run at (2,17) width 59: "\x{6F22}fg"
        LayoutText {#text} at (10,76) size 19x32
          text run at (10,76) width 32: "\x{6DF7}\x{690D}"
    LayoutText {#text} at (168,270) size 4x19
      text run at (168,270) width 4: " "
    LayoutBlockFlow {DIV} at (172,176) size 40x109 [border: (1px solid #00FF00)]
      LayoutInline {U} at (0,0) size 19x107
        LayoutText {#text} at (11,1) size 19x16
          text run at (11,1) width 16: "\x{6F22}"
        LayoutInline {SPAN} at (0,0) size 36x59
          LayoutText {#text} at (2,17) size 36x59
            text run at (2,17) width 59: "\x{6F22}fg"
        LayoutText {#text} at (11,76) size 19x32
          text run at (11,76) width 32: "\x{6DF7}\x{690D}"
    LayoutText {#text} at (0,0) size 0x0
layer at (173,10) size 48x26
  LayoutBlockFlow (positioned) {<pseudo:before>} at (164.63,2) size 48.38x26.38 [bgcolor=#FFFFFF] [border: (2px solid #808080)]
    LayoutTextFragment (anonymous) at (5,4) size 39x19
      text run at (5,4) width 39: "initial"
layer at (227,8) size 215x292
  LayoutBlockFlow (relative positioned) {DIV} at (219,0) size 215x292 [border: (2px solid #FFA500)]
    LayoutBlockFlow {DIV} at (3,3) size 93x126 [border: (1px solid #00FF00)]
      LayoutBlockFlow {DIV} at (1,1) size 70x21 [border: (1px solid #00FF00)]
        LayoutInline {U} at (0,0) size 68x19
          LayoutText {#text} at (1,1) size 68x19
            text run at (1,1) width 68: "\x{6F22}efg\x{6DF7}\x{690D}"
      LayoutBR {BR} at (71,2) size 0x19
      LayoutBlockFlow {DIV} at (1,22) size 70x21 [border: (1px solid #00FF00)]
        LayoutInline {U} at (0,0) size 68x19
          LayoutText {#text} at (1,1) size 68x19
            text run at (1,1) width 68: "\x{6F22}efg\x{6DF7}\x{690D}"
      LayoutBR {BR} at (71,23) size 0x19
      LayoutBlockFlow {DIV} at (1,43) size 70x21 [border: (1px solid #00FF00)]
        LayoutInline {U} at (0,0) size 68x19
          LayoutText {#text} at (1,1) size 68x19
            text run at (1,1) width 68: "\x{6F22}efg\x{6DF7}\x{690D}"
      LayoutBR {BR} at (71,44) size 0x19
      LayoutBlockFlow {DIV} at (1,64) size 72.75x21 [border: (1px solid #00FF00)]
        LayoutInline {U} at (0,0) size 71x24
          LayoutText {#text} at (1,-2) size 71x24
            text run at (1,-2) width 71: "\x{6F22}efg\x{6DF7}\x{690D}"
      LayoutBR {BR} at (73,66) size 1x19
      LayoutBlockFlow {DIV} at (1,85) size 91x40 [border: (1px solid #00FF00)]
        LayoutInline {U} at (0,0) size 89x19
          LayoutText {#text} at (1,15) size 16x19
            text run at (1,15) width 16: "\x{6F22}"
          LayoutInline {SPAN} at (0,0) size 41x36
            LayoutText {#text} at (17,2) size 41x36
              text run at (17,2) width 41: "efg"
          LayoutText {#text} at (58,15) size 32x19
            text run at (58,15) width 32: "\x{6DF7}\x{690D}"
      LayoutBR {BR} at (92,100) size 0x19
    LayoutBR {BR} at (96,103) size 0x19
    LayoutBlockFlow {DIV} at (3,215) size 21x70 [border: (1px solid #00FF00)]
      LayoutInline {U} at (0,0) size 19x68
        LayoutText {#text} at (1,1) size 19x68
          text run at (1,1) width 68: "\x{6F22}efg\x{6DF7}\x{690D}"
    LayoutText {#text} at (24,270) size 4x19
      text run at (24,270) width 4: " "
    LayoutBlockFlow {DIV} at (28,215) size 21x70 [border: (1px solid #00FF00)]
      LayoutInline {U} at (0,0) size 19x68
        LayoutText {#text} at (1,1) size 19x68
          text run at (1,1) width 68: "\x{6F22}efg\x{6DF7}\x{690D}"
    LayoutText {#text} at (49,270) size 4x19
      text run at (49,270) width 4: " "
    LayoutBlockFlow {DIV} at (53,215) size 21x70 [border: (1px solid #00FF00)]
      LayoutInline {U} at (0,0) size 19x68
        LayoutText {#text} at (1,1) size 19x68
          text run at (1,1) width 68: "\x{6F22}efg\x{6DF7}\x{690D}"
    LayoutText {#text} at (74,270) size 4x19
      text run at (74,270) width 4: " "
    LayoutBlockFlow {DIV} at (78,129) size 21x156 [border: (1px solid #00FF00)]
      LayoutInline {U} at (0,0) size 19x154
        LayoutText {#text} at (1,1) size 19x154
          text run at (1,1) width 154: "\x{182E}\x{1823}\x{1828}\x{182D}\x{182D}\x{1823}\x{182F} \x{182C}\x{1821}\x{182F}\x{1821} efg\x{6F22}"
    LayoutText {#text} at (99,270) size 4x19
      text run at (99,270) width 4: " "
    LayoutBlockFlow {DIV} at (103,129) size 21x156 [border: (1px solid #00FF00)]
      LayoutInline {U} at (0,0) size 19x154
        LayoutText {#text} at (1,1) size 19x154
          text run at (1,1) width 154: "\x{182E}\x{1823}\x{1828}\x{182D}\x{182D}\x{1823}\x{182F} \x{182C}\x{1821}\x{182F}\x{1821} efg\x{6F22}"
    LayoutText {#text} at (124,270) size 4x19
      text run at (124,270) width 4: " "
    LayoutBlockFlow {DIV} at (128,176) size 40x109 [border: (1px solid #00FF00)]
      LayoutInline {U} at (0,0) size 19x107
        LayoutText {#text} at (10,1) size 19x16
          text run at (10,1) width 16: "\x{6F22}"
        LayoutInline {SPAN} at (0,0) size 36x59
          LayoutText {#text} at (2,17) size 36x59
            text run at (2,17) width 59: "\x{6F22}fg"
        LayoutText {#text} at (10,76) size 19x32
          text run at (10,76) width 32: "\x{6DF7}\x{690D}"
    LayoutText {#text} at (168,270) size 4x19
      text run at (168,270) width 4: " "
    LayoutBlockFlow {DIV} at (172,176) size 40x109 [border: (1px solid #00FF00)]
      LayoutInline {U} at (0,0) size 19x107
        LayoutText {#text} at (11,1) size 19x16
          text run at (11,1) width 16: "\x{6F22}"
        LayoutInline {SPAN} at (0,0) size 36x59
          LayoutText {#text} at (2,17) size 36x59
            text run at (2,17) width 59: "\x{6F22}fg"
        LayoutText {#text} at (11,76) size 19x32
          text run at (11,76) width 32: "\x{6DF7}\x{690D}"
    LayoutText {#text} at (0,0) size 0x0
layer at (373,10) size 67x26
  LayoutBlockFlow (positioned) {<pseudo:before>} at (145.63,2) size 67.38x26.38 [bgcolor=#FFFFFF] [border: (2px solid #808080)]
    LayoutTextFragment (anonymous) at (5,4) size 58x19
      text run at (5,4) width 58: "lang=zh"
layer at (446,8) size 215x292
  LayoutBlockFlow (relative positioned) {DIV} at (438,0) size 215x292 [border: (2px solid #FFA500)]
    LayoutBlockFlow {DIV} at (3,3) size 93x126 [border: (1px solid #00FF00)]
      LayoutBlockFlow {DIV} at (1,1) size 70x21 [border: (1px solid #00FF00)]
        LayoutInline {U} at (0,0) size 68x19
          LayoutText {#text} at (1,1) size 68x19
            text run at (1,1) width 68: "\x{6F22}efg\x{6DF7}\x{690D}"
      LayoutBR {BR} at (71,2) size 0x19
      LayoutBlockFlow {DIV} at (1,22) size 70x21 [border: (1px solid #00FF00)]
        LayoutInline {U} at (0,0) size 68x19
          LayoutText {#text} at (1,1) size 68x19
            text run at (1,1) width 68: "\x{6F22}efg\x{6DF7}\x{690D}"
      LayoutBR {BR} at (71,23) size 0x19
      LayoutBlockFlow {DIV} at (1,43) size 70x21 [border: (1px solid #00FF00)]
        LayoutInline {U} at (0,0) size 68x19
          LayoutText {#text} at (1,1) size 68x19
            text run at (1,1) width 68: "\x{6F22}efg\x{6DF7}\x{690D}"
      LayoutBR {BR} at (71,44) size 0x19
      LayoutBlockFlow {DIV} at (1,64) size 72.75x21 [border: (1px solid #00FF00)]
        LayoutInline {U} at (0,0) size 71x24
          LayoutText {#text} at (1,-2) size 71x24
            text run at (1,-2) width 71: "\x{6F22}efg\x{6DF7}\x{690D}"
      LayoutBR {BR} at (73,66) size 1x19
      LayoutBlockFlow {DIV} at (1,85) size 91x40 [border: (1px solid #00FF00)]
        LayoutInline {U} at (0,0) size 89x19
          LayoutText {#text} at (1,15) size 16x19
            text run at (1,15) width 16: "\x{6F22}"
          LayoutInline {SPAN} at (0,0) size 41x36
            LayoutText {#text} at (17,2) size 41x36
              text run at (17,2) width 41: "efg"
          LayoutText {#text} at (58,15) size 32x19
            text run at (58,15) width 32: "\x{6DF7}\x{690D}"
      LayoutBR {BR} at (92,100) size 0x19
    LayoutBR {BR} at (96,103) size 0x19
    LayoutBlockFlow {DIV} at (3,215) size 21x70 [border: (1px solid #00FF00)]
      LayoutInline {U} at (0,0) size 19x68
        LayoutText {#text} at (1,1) size 19x68
          text run at (1,1) width 68: "\x{6F22}efg\x{6DF7}\x{690D}"
    LayoutText {#text} at (24,270) size 4x19
      text run at (24,270) width 4: " "
    LayoutBlockFlow {DIV} at (28,215) size 21x70 [border: (1px solid #00FF00)]
      LayoutInline {U} at (0,0) size 19x68
        LayoutText {#text} at (1,1) size 19x68
          text run at (1,1) width 68: "\x{6F22}efg\x{6DF7}\x{690D}"
    LayoutText {#text} at (49,270) size 4x19
      text run at (49,270) width 4: " "
    LayoutBlockFlow {DIV} at (53,215) size 21x70 [border: (1px solid #00FF00)]
      LayoutInline {U} at (0,0) size 19x68
        LayoutText {#text} at (1,1) size 19x68
          text run at (1,1) width 68: "\x{6F22}efg\x{6DF7}\x{690D}"
    LayoutText {#text} at (74,270) size 4x19
      text run at (74,270) width 4: " "
    LayoutBlockFlow {DIV} at (78,129) size 21x156 [border: (1px solid #00FF00)]
      LayoutInline {U} at (0,0) size 19x154
        LayoutText {#text} at (1,1) size 19x154
          text run at (1,1) width 154: "\x{182E}\x{1823}\x{1828}\x{182D}\x{182D}\x{1823}\x{182F} \x{182C}\x{1821}\x{182F}\x{1821} efg\x{6F22}"
    LayoutText {#text} at (99,270) size 4x19
      text run at (99,270) width 4: " "
    LayoutBlockFlow {DIV} at (103,129) size 21x156 [border: (1px solid #00FF00)]
      LayoutInline {U} at (0,0) size 19x154
        LayoutText {#text} at (1,1) size 19x154
          text run at (1,1) width 154: "\x{182E}\x{1823}\x{1828}\x{182D}\x{182D}\x{1823}\x{182F} \x{182C}\x{1821}\x{182F}\x{1821} efg\x{6F22}"
    LayoutText {#text} at (124,270) size 4x19
      text run at (124,270) width 4: " "
    LayoutBlockFlow {DIV} at (128,176) size 40x109 [border: (1px solid #00FF00)]
      LayoutInline {U} at (0,0) size 19x107
        LayoutText {#text} at (10,1) size 19x16
          text run at (10,1) width 16: "\x{6F22}"
        LayoutInline {SPAN} at (0,0) size 36x59
          LayoutText {#text} at (2,17) size 36x59
            text run at (2,17) width 59: "\x{6F22}fg"
        LayoutText {#text} at (10,76) size 19x32
          text run at (10,76) width 32: "\x{6DF7}\x{690D}"
    LayoutText {#text} at (168,270) size 4x19
      text run at (168,270) width 4: " "
    LayoutBlockFlow {DIV} at (172,176) size 40x109 [border: (1px solid #00FF00)]
      LayoutInline {U} at (0,0) size 19x107
        LayoutText {#text} at (11,1) size 19x16
          text run at (11,1) width 16: "\x{6F22}"
        LayoutInline {SPAN} at (0,0) size 36x59
          LayoutText {#text} at (2,17) size 36x59
            text run at (2,17) width 59: "\x{6F22}fg"
        LayoutText {#text} at (11,76) size 19x32
          text run at (11,76) width 32: "\x{6DF7}\x{690D}"
    LayoutText {#text} at (0,0) size 0x0
layer at (596,10) size 63x26
  LayoutBlockFlow (positioned) {<pseudo:before>} at (149.63,2) size 63.38x26.38 [bgcolor=#FFFFFF] [border: (2px solid #808080)]
    LayoutTextFragment (anonymous) at (5,4) size 54x19
      text run at (5,4) width 54: "lang=ja"
layer at (8,300) size 215x292
  LayoutBlockFlow (relative positioned) {DIV} at (0,0) size 215x292 [border: (2px solid #FFA500)]
    LayoutBlockFlow {DIV} at (3,3) size 93x126 [border: (1px solid #00FF00)]
      LayoutBlockFlow {DIV} at (1,1) size 70x21 [border: (1px solid #00FF00)]
        LayoutInline {U} at (0,0) size 68x19
          LayoutText {#text} at (1,1) size 68x19
            text run at (1,1) width 68: "\x{6F22}efg\x{6DF7}\x{690D}"
      LayoutBR {BR} at (71,2) size 0x19
      LayoutBlockFlow {DIV} at (1,22) size 70x21 [border: (1px solid #00FF00)]
        LayoutInline {U} at (0,0) size 68x19
          LayoutText {#text} at (1,1) size 68x19
            text run at (1,1) width 68: "\x{6F22}efg\x{6DF7}\x{690D}"
      LayoutBR {BR} at (71,23) size 0x19
      LayoutBlockFlow {DIV} at (1,43) size 70x21 [border: (1px solid #00FF00)]
        LayoutInline {U} at (0,0) size 68x19
          LayoutText {#text} at (1,1) size 68x19
            text run at (1,1) width 68: "\x{6F22}efg\x{6DF7}\x{690D}"
      LayoutBR {BR} at (71,44) size 0x19
      LayoutBlockFlow {DIV} at (1,64) size 72.75x21 [border: (1px solid #00FF00)]
        LayoutInline {U} at (0,0) size 71x24
          LayoutText {#text} at (1,-2) size 71x24
            text run at (1,-2) width 71: "\x{6F22}efg\x{6DF7}\x{690D}"
      LayoutBR {BR} at (73,66) size 1x19
      LayoutBlockFlow {DIV} at (1,85) size 91x40 [border: (1px solid #00FF00)]
        LayoutInline {U} at (0,0) size 89x19
          LayoutText {#text} at (1,15) size 16x19
            text run at (1,15) width 16: "\x{6F22}"
          LayoutInline {SPAN} at (0,0) size 41x36
            LayoutText {#text} at (17,2) size 41x36
              text run at (17,2) width 41: "efg"
          LayoutText {#text} at (58,15) size 32x19
            text run at (58,15) width 32: "\x{6DF7}\x{690D}"
      LayoutBR {BR} at (92,100) size 0x19
    LayoutBR {BR} at (96,103) size 0x19
    LayoutBlockFlow {DIV} at (3,215) size 21x70 [border: (1px solid #00FF00)]
      LayoutInline {U} at (0,0) size 19x68
        LayoutText {#text} at (1,1) size 19x68
          text run at (1,1) width 68: "\x{6F22}efg\x{6DF7}\x{690D}"
    LayoutText {#text} at (24,270) size 4x19
      text run at (24,270) width 4: " "
    LayoutBlockFlow {DIV} at (28,215) size 21x70 [border: (1px solid #00FF00)]
      LayoutInline {U} at (0,0) size 19x68
        LayoutText {#text} at (1,1) size 19x68
          text run at (1,1) width 68: "\x{6F22}efg\x{6DF7}\x{690D}"
    LayoutText {#text} at (49,270) size 4x19
      text run at (49,270) width 4: " "
    LayoutBlockFlow {DIV} at (53,215) size 21x70 [border: (1px solid #00FF00)]
      LayoutInline {U} at (0,0) size 19x68
        LayoutText {#text} at (1,1) size 19x68
          text run at (1,1) width 68: "\x{6F22}efg\x{6DF7}\x{690D}"
    LayoutText {#text} at (74,270) size 4x19
      text run at (74,270) width 4: " "
    LayoutBlockFlow {DIV} at (78,129) size 21x156 [border: (1px solid #00FF00)]
      LayoutInline {U} at (0,0) size 19x154
        LayoutText {#text} at (1,1) size 19x154
          text run at (1,1) width 154: "\x{182E}\x{1823}\x{1828}\x{182D}\x{182D}\x{1823}\x{182F} \x{182C}\x{1821}\x{182F}\x{1821} efg\x{6F22}"
    LayoutText {#text} at (99,270) size 4x19
      text run at (99,270) width 4: " "
    LayoutBlockFlow {DIV} at (103,129) size 21x156 [border: (1px solid #00FF00)]
      LayoutInline {U} at (0,0) size 19x154
        LayoutText {#text} at (1,1) size 19x154
          text run at (1,1) width 154: "\x{182E}\x{1823}\x{1828}\x{182D}\x{182D}\x{1823}\x{182F} \x{182C}\x{1821}\x{182F}\x{1821} efg\x{6F22}"
    LayoutText {#text} at (124,270) size 4x19
      text run at (124,270) width 4: " "
    LayoutBlockFlow {DIV} at (128,176) size 40x109 [border: (1px solid #00FF00)]
      LayoutInline {U} at (0,0) size 19x107
        LayoutText {#text} at (10,1) size 19x16
          text run at (10,1) width 16: "\x{6F22}"
        LayoutInline {SPAN} at (0,0) size 36x59
          LayoutText {#text} at (2,17) size 36x59
            text run at (2,17) width 59: "\x{6F22}fg"
        LayoutText {#text} at (10,76) size 19x32
          text run at (10,76) width 32: "\x{6DF7}\x{690D}"
    LayoutText {#text} at (168,270) size 4x19
      text run at (168,270) width 4: " "
    LayoutBlockFlow {DIV} at (172,176) size 40x109 [border: (1px solid #00FF00)]
      LayoutInline {U} at (0,0) size 19x107
        LayoutText {#text} at (11,1) size 19x16
          text run at (11,1) width 16: "\x{6F22}"
        LayoutInline {SPAN} at (0,0) size 36x59
          LayoutText {#text} at (2,17) size 36x59
            text run at (2,17) width 59: "\x{6F22}fg"
        LayoutText {#text} at (11,76) size 19x32
          text run at (11,76) width 32: "\x{6DF7}\x{690D}"
    LayoutText {#text} at (0,0) size 0x0
layer at (170,302) size 51x26
  LayoutBlockFlow (positioned) {<pseudo:before>} at (161.63,2) size 51.38x26.38 [bgcolor=#FFFFFF] [border: (2px solid #808080)]
    LayoutTextFragment (anonymous) at (5,4) size 42x19
      text run at (5,4) width 42: "under"
layer at (227,300) size 215x292
  LayoutBlockFlow (relative positioned) {DIV} at (219,0) size 215x292 [border: (2px solid #FFA500)]
    LayoutBlockFlow {DIV} at (3,3) size 93x126 [border: (1px solid #00FF00)]
      LayoutBlockFlow {DIV} at (1,1) size 70x21 [border: (1px solid #00FF00)]
        LayoutInline {U} at (0,0) size 68x19
          LayoutText {#text} at (1,1) size 68x19
            text run at (1,1) width 68: "\x{6F22}efg\x{6DF7}\x{690D}"
      LayoutBR {BR} at (71,2) size 0x19
      LayoutBlockFlow {DIV} at (1,22) size 70x21 [border: (1px solid #00FF00)]
        LayoutInline {U} at (0,0) size 68x19
          LayoutText {#text} at (1,1) size 68x19
            text run at (1,1) width 68: "\x{6F22}efg\x{6DF7}\x{690D}"
      LayoutBR {BR} at (71,23) size 0x19
      LayoutBlockFlow {DIV} at (1,43) size 70x21 [border: (1px solid #00FF00)]
        LayoutInline {U} at (0,0) size 68x19
          LayoutText {#text} at (1,1) size 68x19
            text run at (1,1) width 68: "\x{6F22}efg\x{6DF7}\x{690D}"
      LayoutBR {BR} at (71,44) size 0x19
      LayoutBlockFlow {DIV} at (1,64) size 72.75x21 [border: (1px solid #00FF00)]
        LayoutInline {U} at (0,0) size 71x24
          LayoutText {#text} at (1,-2) size 71x24
            text run at (1,-2) width 71: "\x{6F22}efg\x{6DF7}\x{690D}"
      LayoutBR {BR} at (73,66) size 1x19
      LayoutBlockFlow {DIV} at (1,85) size 91x40 [border: (1px solid #00FF00)]
        LayoutInline {U} at (0,0) size 89x19
          LayoutText {#text} at (1,15) size 16x19
            text run at (1,15) width 16: "\x{6F22}"
          LayoutInline {SPAN} at (0,0) size 41x36
            LayoutText {#text} at (17,2) size 41x36
              text run at (17,2) width 41: "efg"
          LayoutText {#text} at (58,15) size 32x19
            text run at (58,15) width 32: "\x{6DF7}\x{690D}"
      LayoutBR {BR} at (92,100) size 0x19
    LayoutBR {BR} at (96,103) size 0x19
    LayoutBlockFlow {DIV} at (3,215) size 21x70 [border: (1px solid #00FF00)]
      LayoutInline {U} at (0,0) size 19x68
        LayoutText {#text} at (1,1) size 19x68
          text run at (1,1) width 68: "\x{6F22}efg\x{6DF7}\x{690D}"
    LayoutText {#text} at (24,270) size 4x19
      text run at (24,270) width 4: " "
    LayoutBlockFlow {DIV} at (28,215) size 21x70 [border: (1px solid #00FF00)]
      LayoutInline {U} at (0,0) size 19x68
        LayoutText {#text} at (1,1) size 19x68
          text run at (1,1) width 68: "\x{6F22}efg\x{6DF7}\x{690D}"
    LayoutText {#text} at (49,270) size 4x19
      text run at (49,270) width 4: " "
    LayoutBlockFlow {DIV} at (53,215) size 21x70 [border: (1px solid #00FF00)]
      LayoutInline {U} at (0,0) size 19x68
        LayoutText {#text} at (1,1) size 19x68
          text run at (1,1) width 68: "\x{6F22}efg\x{6DF7}\x{690D}"
    LayoutText {#text} at (74,270) size 4x19
      text run at (74,270) width 4: " "
    LayoutBlockFlow {DIV} at (78,129) size 21x156 [border: (1px solid #00FF00)]
      LayoutInline {U} at (0,0) size 19x154
        LayoutText {#text} at (1,1) size 19x154
          text run at (1,1) width 154: "\x{182E}\x{1823}\x{1828}\x{182D}\x{182D}\x{1823}\x{182F} \x{182C}\x{1821}\x{182F}\x{1821} efg\x{6F22}"
    LayoutText {#text} at (99,270) size 4x19
      text run at (99,270) width 4: " "
    LayoutBlockFlow {DIV} at (103,129) size 21x156 [border: (1px solid #00FF00)]
      LayoutInline {U} at (0,0) size 19x154
        LayoutText {#text} at (1,1) size 19x154
          text run at (1,1) width 154: "\x{182E}\x{1823}\x{1828}\x{182D}\x{182D}\x{1823}\x{182F} \x{182C}\x{1821}\x{182F}\x{1821} efg\x{6F22}"
    LayoutText {#text} at (124,270) size 4x19
      text run at (124,270) width 4: " "
    LayoutBlockFlow {DIV} at (128,176) size 40x109 [border: (1px solid #00FF00)]
      LayoutInline {U} at (0,0) size 19x107
        LayoutText {#text} at (10,1) size 19x16
          text run at (10,1) width 16: "\x{6F22}"
        LayoutInline {SPAN} at (0,0) size 36x59
          LayoutText {#text} at (2,17) size 36x59
            text run at (2,17) width 59: "\x{6F22}fg"
        LayoutText {#text} at (10,76) size 19x32
          text run at (10,76) width 32: "\x{6DF7}\x{690D}"
    LayoutText {#text} at (168,270) size 4x19
      text run at (168,270) width 4: " "
    LayoutBlockFlow {DIV} at (172,176) size 40x109 [border: (1px solid #00FF00)]
      LayoutInline {U} at (0,0) size 19x107
        LayoutText {#text} at (11,1) size 19x16
          text run at (11,1) width 16: "\x{6F22}"
        LayoutInline {SPAN} at (0,0) size 36x59
          LayoutText {#text} at (2,17) size 36x59
            text run at (2,17) width 59: "\x{6F22}fg"
        LayoutText {#text} at (11,76) size 19x32
          text run at (11,76) width 32: "\x{6DF7}\x{690D}"
    LayoutText {#text} at (0,0) size 0x0
layer at (368,302) size 72x26
  LayoutBlockFlow (positioned) {<pseudo:before>} at (140.63,2) size 72.38x26.38 [bgcolor=#FFFFFF] [border: (2px solid #808080)]
    LayoutTextFragment (anonymous) at (5,4) size 63x19
      text run at (5,4) width 63: "under zh"
layer at (446,300) size 215x292
  LayoutBlockFlow (relative positioned) {DIV} at (438,0) size 215x292 [border: (2px solid #FFA500)]
    LayoutBlockFlow {DIV} at (3,3) size 93x126 [border: (1px solid #00FF00)]
      LayoutBlockFlow {DIV} at (1,1) size 70x21 [border: (1px solid #00FF00)]
        LayoutInline {U} at (0,0) size 68x19
          LayoutText {#text} at (1,1) size 68x19
            text run at (1,1) width 68: "\x{6F22}efg\x{6DF7}\x{690D}"
      LayoutBR {BR} at (71,2) size 0x19
      LayoutBlockFlow {DIV} at (1,22) size 70x21 [border: (1px solid #00FF00)]
        LayoutInline {U} at (0,0) size 68x19
          LayoutText {#text} at (1,1) size 68x19
            text run at (1,1) width 68: "\x{6F22}efg\x{6DF7}\x{690D}"
      LayoutBR {BR} at (71,23) size 0x19
      LayoutBlockFlow {DIV} at (1,43) size 70x21 [border: (1px solid #00FF00)]
        LayoutInline {U} at (0,0) size 68x19
          LayoutText {#text} at (1,1) size 68x19
            text run at (1,1) width 68: "\x{6F22}efg\x{6DF7}\x{690D}"
      LayoutBR {BR} at (71,44) size 0x19
      LayoutBlockFlow {DIV} at (1,64) size 72.75x21 [border: (1px solid #00FF00)]
        LayoutInline {U} at (0,0) size 71x24
          LayoutText {#text} at (1,-2) size 71x24
            text run at (1,-2) width 71: "\x{6F22}efg\x{6DF7}\x{690D}"
      LayoutBR {BR} at (73,66) size 1x19
      LayoutBlockFlow {DIV} at (1,85) size 91x40 [border: (1px solid #00FF00)]
        LayoutInline {U} at (0,0) size 89x19
          LayoutText {#text} at (1,15) size 16x19
            text run at (1,15) width 16: "\x{6F22}"
          LayoutInline {SPAN} at (0,0) size 41x36
            LayoutText {#text} at (17,2) size 41x36
              text run at (17,2) width 41: "efg"
          LayoutText {#text} at (58,15) size 32x19
            text run at (58,15) width 32: "\x{6DF7}\x{690D}"
      LayoutBR {BR} at (92,100) size 0x19
    LayoutBR {BR} at (96,103) size 0x19
    LayoutBlockFlow {DIV} at (3,215) size 21x70 [border: (1px solid #00FF00)]
      LayoutInline {U} at (0,0) size 19x68
        LayoutText {#text} at (1,1) size 19x68
          text run at (1,1) width 68: "\x{6F22}efg\x{6DF7}\x{690D}"
    LayoutText {#text} at (24,270) size 4x19
      text run at (24,270) width 4: " "
    LayoutBlockFlow {DIV} at (28,215) size 21x70 [border: (1px solid #00FF00)]
      LayoutInline {U} at (0,0) size 19x68
        LayoutText {#text} at (1,1) size 19x68
          text run at (1,1) width 68: "\x{6F22}efg\x{6DF7}\x{690D}"
    LayoutText {#text} at (49,270) size 4x19
      text run at (49,270) width 4: " "
    LayoutBlockFlow {DIV} at (53,215) size 21x70 [border: (1px solid #00FF00)]
      LayoutInline {U} at (0,0) size 19x68
        LayoutText {#text} at (1,1) size 19x68
          text run at (1,1) width 68: "\x{6F22}efg\x{6DF7}\x{690D}"
    LayoutText {#text} at (74,270) size 4x19
      text run at (74,270) width 4: " "
    LayoutBlockFlow {DIV} at (78,129) size 21x156 [border: (1px solid #00FF00)]
      LayoutInline {U} at (0,0) size 19x154
        LayoutText {#text} at (1,1) size 19x154
          text run at (1,1) width 154: "\x{182E}\x{1823}\x{1828}\x{182D}\x{182D}\x{1823}\x{182F} \x{182C}\x{1821}\x{182F}\x{1821} efg\x{6F22}"
    LayoutText {#text} at (99,270) size 4x19
      text run at (99,270) width 4: " "
    LayoutBlockFlow {DIV} at (103,129) size 21x156 [border: (1px solid #00FF00)]
      LayoutInline {U} at (0,0) size 19x154
        LayoutText {#text} at (1,1) size 19x154
          text run at (1,1) width 154: "\x{182E}\x{1823}\x{1828}\x{182D}\x{182D}\x{1823}\x{182F} \x{182C}\x{1821}\x{182F}\x{1821} efg\x{6F22}"
    LayoutText {#text} at (124,270) size 4x19
      text run at (124,270) width 4: " "
    LayoutBlockFlow {DIV} at (128,176) size 40x109 [border: (1px solid #00FF00)]
      LayoutInline {U} at (0,0) size 19x107
        LayoutText {#text} at (10,1) size 19x16
          text run at (10,1) width 16: "\x{6F22}"
        LayoutInline {SPAN} at (0,0) size 36x59
          LayoutText {#text} at (2,17) size 36x59
            text run at (2,17) width 59: "\x{6F22}fg"
        LayoutText {#text} at (10,76) size 19x32
          text run at (10,76) width 32: "\x{6DF7}\x{690D}"
    LayoutText {#text} at (168,270) size 4x19
      text run at (168,270) width 4: " "
    LayoutBlockFlow {DIV} at (172,176) size 40x109 [border: (1px solid #00FF00)]
      LayoutInline {U} at (0,0) size 19x107
        LayoutText {#text} at (11,1) size 19x16
          text run at (11,1) width 16: "\x{6F22}"
        LayoutInline {SPAN} at (0,0) size 36x59
          LayoutText {#text} at (2,17) size 36x59
            text run at (2,17) width 59: "\x{6F22}fg"
        LayoutText {#text} at (11,76) size 19x32
          text run at (11,76) width 32: "\x{6DF7}\x{690D}"
    LayoutText {#text} at (0,0) size 0x0
layer at (591,302) size 68x26
  LayoutBlockFlow (positioned) {<pseudo:before>} at (144.63,2) size 68.38x26.38 [bgcolor=#FFFFFF] [border: (2px solid #808080)]
    LayoutTextFragment (anonymous) at (5,4) size 59x19
      text run at (5,4) width 59: "under ja"
