layer at (0,0) size 800x600
  LayoutView at (0,0) size 800x600
layer at (0,0) size 800x310
  LayoutBlockFlow {HTML} at (0,0) size 800x310
    LayoutBlockFlow {BODY} at (8,16) size 784x286
      LayoutBlockFlow {P} at (0,0) size 784x18
        LayoutText {#text} at (0,0) size 268x18
          text run at (0,0) width 268: "Left and right sides should look the same."
      LayoutBlockFlow (anonymous) at (0,34) size 784x252
        LayoutBlockFlow {DIV} at (50,50) size 202x152 [border: (1px solid #000000)]
        LayoutText {#text} at (302,151) size 4x19
          text run at (302,151) width 4: " "
        LayoutText {#text} at (0,0) size 0x0
layer at (59,138) size 200x86
  LayoutBlockFlow {P} at (1,38.33) size 200x86 [color=#0000FF]
    LayoutText {#text} at (22,0) size 156x86
      text run at (22,0) width 156: "Shadowed"
      text run at (72,43) width 56: "text"
layer at (364,100) size 202x152
  LayoutBlockFlow {DIV} at (356,50) size 202x152 [border: (1px solid #000000)]
layer at (365,138) size 200x86
  LayoutBlockFlow {P} at (1,38.33) size 200x86 [color=#0000FF]
    LayoutText {#text} at (22,0) size 156x86
      text run at (22,0) width 156: "Shadowed"
      text run at (72,43) width 56: "text"
