layer at (0,0) size 800x600
  LayoutView at (0,0) size 800x600
layer at (0,0) size 800x600
  LayoutBlockFlow {HTML} at (0,0) size 800x600
    LayoutBlockFlow {BODY} at (8,8) size 784x584 [bgcolor=#FFFFFF]
      LayoutTable {TABLE} at (0,0) size 72x74 [bgcolor=#008000] [border: (1px solid #0000FF)]
        LayoutTableSection {TBODY} at (1,1) size 70x72
          LayoutTableRow {TR} at (0,0) size 70x24
            LayoutTableCell {TD} at (0,0) size 34x24 [bgcolor=#FF0000] [border: (1px solid #0000FF)] [r=0 c=0 rs=1 cs=1]
              LayoutText {#text} at (2,2) size 26x19
                text run at (2,2) width 26: "asdf"
            LayoutTableCell {TD} at (34,0) size 36x24 [border: (1px solid #0000FF)] [r=0 c=1 rs=1 cs=1]
              LayoutText {#text} at (2,2) size 32x19
                text run at (2,2) width 32: "qwer"
          LayoutTableRow {TR} at (0,24) size 70x24
            LayoutTableCell {TD} at (0,24) size 34x24 [bgcolor=#FF0000] [border: (1px solid #0000FF)] [r=1 c=0 rs=1 cs=1]
              LayoutText {#text} at (2,2) size 26x19
                text run at (2,2) width 26: "fdsa"
            LayoutTableCell {TD} at (34,24) size 36x24 [bgcolor=#FF0000] [border: (1px solid #0000FF)] [r=1 c=1 rs=1 cs=1]
              LayoutText {#text} at (2,2) size 32x19
                text run at (2,2) width 32: "rewq"
          LayoutTableRow {TR} at (0,48) size 70x24
            LayoutTableCell {TD} at (0,48) size 34x24 [border: (1px solid #0000FF)] [r=2 c=0 rs=1 cs=1]
              LayoutText {#text} at (2,2) size 30x19
                text run at (2,2) width 30: "zxcv"
            LayoutTableCell {TD} at (34,48) size 36x24 [border: (1px solid #0000FF)] [r=2 c=1 rs=1 cs=1]
              LayoutText {#text} at (2,2) size 28x19
                text run at (2,2) width 28: "uiop"
