layer at (0,0) size 800x600 scrollHeight 676
  LayoutView at (0,0) size 800x600
layer at (0,0) size 800x676 backgroundClip at (0,0) size 800x600 clip at (0,0) size 800x600
  LayoutBlockFlow {HTML} at (0,0) size 800x676
    LayoutBlockFlow {BODY} at (8,16) size 784x644
      LayoutBlockFlow {P} at (0,0) size 784x60
        LayoutText {#text} at (0,0) size 780x59
          text run at (0,0) width 463: "Following table should have 6px solid blue border around cell 3, red 5px "
          text run at (463,0) width 317: "solid border around the rest of table and green 4px"
          text run at (0,20) width 174: "solid border between cell 1 "
          text run at (174,20) width 479: "and cell 2. The red border should override the green border around the cells "
          text run at (653,20) width 118: "because it's thicker"
          text run at (0,40) width 365: "and the blue border should override the red border for the "
          text run at (365,40) width 81: "same reason."
      LayoutTable {TABLE} at (0,76) size 165x34 [border: (3px solid #FF0000)]
        LayoutTableSection {TBODY} at (2,3) size 160x28
          LayoutTableRow {TR} at (0,0) size 160x28
            LayoutTableCell {TD} at (0,0) size 53x27 [border: (3px solid #008000)] [r=0 c=0 rs=1 cs=1]
              LayoutText {#text} at (4,4) size 46x19
                text run at (4,4) width 46: "Cell #1"
            LayoutTableCell {TD} at (53,0) size 53x27 [border: (3px solid #008000)] [r=0 c=1 rs=1 cs=1]
              LayoutText {#text} at (3,4) size 46x19
                text run at (3,4) width 46: "Cell #2"
            LayoutTableCell {TD} at (106,0) size 54x28 [border: (3px solid #0000FF)] [r=0 c=2 rs=1 cs=1]
              LayoutText {#text} at (4,4) size 46x19
                text run at (4,4) width 46: "Cell #3"
      LayoutBlockFlow {P} at (0,126) size 784x20
        LayoutText {#text} at (0,0) size 27x19
          text run at (0,0) width 27: "See "
        LayoutInline {A} at (0,0) size 225x19 [color=#0000EE]
          LayoutText {#text} at (27,0) size 225x19
            text run at (27,0) width 73: "17.6.2 The "
            text run at (100,0) width 152: "collapsing border model"
        LayoutText {#text} at (252,0) size 122x19
          text run at (252,0) width 122: " for following tests:"
      LayoutTable {TABLE} at (0,162) size 158x282 [border: (2px solid #FFFF00)]
        LayoutTableCol {COLGROUP} at (0,0) size 0x0
          LayoutTableCol {COL} at (0,0) size 0x0 [border: (3px solid #000000)]
          LayoutTableCol {COL} at (0,0) size 0x0
          LayoutTableCol {COL} at (0,0) size 0x0
        LayoutTableSection {TBODY} at (2,2) size 153x277
          LayoutTableRow {TR} at (0,0) size 153x57
            LayoutTableCell {TD} at (0,1) size 52x55 [border: (3px solid #FF0000)] [r=0 c=0 rs=1 cs=1]
              LayoutText {#text} at (19,19) size 8x19
                text run at (19,19) width 8: "1"
            LayoutTableCell {TD} at (52,0) size 50x57 [border: (3px solid #FF0000)] [r=0 c=1 rs=1 cs=1]
              LayoutText {#text} at (18,19) size 8x19
                text run at (18,19) width 8: "2"
            LayoutTableCell {TD} at (102,0) size 51x57 [border: (3px solid #FF0000)] [r=0 c=2 rs=1 cs=1]
              LayoutText {#text} at (17,19) size 8x19
                text run at (17,19) width 8: "3"
          LayoutTableRow {TR} at (0,57) size 153x57
            LayoutTableCell {TD} at (0,59) size 52x53 [border: (1px solid #FF0000)] [r=1 c=0 rs=1 cs=1]
              LayoutText {#text} at (19,17) size 8x19
                text run at (19,17) width 8: "4"
            LayoutTableCell {TD} at (52,57) size 50x57 [border: (3px dashed #0000FF)] [r=1 c=1 rs=1 cs=1]
              LayoutText {#text} at (19,19) size 8x19
                text run at (19,19) width 8: "5"
            LayoutTableCell {TD} at (102,57) size 51x57 [border: (3px solid #008000)] [r=1 c=2 rs=1 cs=1]
              LayoutText {#text} at (19,19) size 8x19
                text run at (19,19) width 8: "6"
          LayoutTableRow {TR} at (0,114) size 153x55
            LayoutTableCell {TD} at (0,115) size 52x53 [border: (1px solid #FF0000)] [r=2 c=0 rs=1 cs=1]
              LayoutText {#text} at (19,17) size 8x19
                text run at (19,17) width 8: "7"
            LayoutTableCell {TD} at (52,114) size 50x55 [border: (3px solid #FF0000)] [r=2 c=1 rs=1 cs=1]
              LayoutText {#text} at (18,19) size 8x19
                text run at (18,19) width 8: "8"
            LayoutTableCell {TD} at (102,114) size 51x55 [border: (3px solid #FF0000)] [r=2 c=2 rs=1 cs=1]
              LayoutText {#text} at (17,19) size 8x19
                text run at (17,19) width 8: "9"
          LayoutTableRow {TR} at (0,169) size 153x53
            LayoutTableCell {TD} at (0,169) size 52x53 [border: (1px solid #FF0000)] [r=3 c=0 rs=1 cs=1]
              LayoutText {#text} at (19,17) size 16x19
                text run at (19,17) width 16: "10"
            LayoutTableCell {TD} at (52,169) size 50x53 [border: (1px solid #FF0000)] [r=3 c=1 rs=1 cs=1]
              LayoutText {#text} at (18,17) size 16x19
                text run at (18,17) width 16: "11"
            LayoutTableCell {TD} at (102,169) size 51x53 [border: (1px solid #FF0000)] [r=3 c=2 rs=1 cs=1]
              LayoutText {#text} at (17,17) size 16x19
                text run at (17,17) width 16: "12"
          LayoutTableRow {TR} at (0,222) size 153x55
            LayoutTableCell {TD} at (0,222) size 52x55 [border: (1px solid #FF0000)] [r=4 c=0 rs=1 cs=1]
              LayoutText {#text} at (19,17) size 16x19
                text run at (19,17) width 16: "13"
            LayoutTableCell {TD} at (52,222) size 50x55 [border: (1px solid #FF0000)] [r=4 c=1 rs=1 cs=1]
              LayoutText {#text} at (18,17) size 16x19
                text run at (18,17) width 16: "14"
            LayoutTableCell {TD} at (102,222) size 51x55 [border: (1px solid #FF0000)] [r=4 c=2 rs=1 cs=1]
              LayoutText {#text} at (17,17) size 16x19
                text run at (17,17) width 16: "15"
      LayoutBlockFlow {P} at (0,460) size 784x40
        LayoutText {#text} at (0,0) size 357x19
          text run at (0,0) width 357: "This is an example rendering for the previous table from "
        LayoutInline {A} at (0,0) size 410x19 [color=#0000EE]
          LayoutText {#text} at (357,0) size 410x19
            text run at (357,0) width 410: "http://www.w3.org/TR/REC-CSS2/images/tbl-border-conflict.gif"
        LayoutText {#text} at (766,0) size 9x19
          text run at (766,0) width 9: ": "
        LayoutBR {BR} at (0,0) size 0x0
        LayoutBlockFlow {IMG} at (0,20) size 212.72x20
          LayoutInline {SPAN} at (0,0) size 213x19
            LayoutInline {SPAN} at (0,0) size 213x19
              LayoutText {#text} at (0,0) size 213x19
                text run at (0,0) width 213: "[Example rendering from w3.org]"
        LayoutText {#text} at (0,0) size 0x0
      LayoutBlockFlow {P} at (0,516) size 784x40
        LayoutText {#text} at (0,0) size 755x39
          text run at (0,0) width 493: "Following table should have 2px solid black line between rows. There should "
          text run at (493,0) width 262: "be a total of two lines. There will be three"
          text run at (0,20) width 213: "lines if user agent doesn't support "
        LayoutInline {CODE} at (0,0) size 112x16
          LayoutText {#text} at (213,23) size 112x16
            text run at (213,23) width 112: "tr:first-child"
        LayoutText {#text} at (325,20) size 4x19
          text run at (325,20) width 4: "."
      LayoutTable {TABLE} at (0,572) size 150x72 [border: (1px none #808080)]
        LayoutTableSection {TBODY} at (0,1) size 150x71
          LayoutTableRow {TR} at (0,0) size 150x24 [border: (2px solid #000000) none]
            LayoutTableCell {TD} at (0,0) size 50x24 [border: (1px none #000000)] [r=0 c=0 rs=1 cs=1]
              LayoutText {#text} at (21,2) size 8x19
                text run at (21,2) width 8: "a"
            LayoutTableCell {TD} at (50,0) size 50x24 [border: (1px none #000000)] [r=0 c=1 rs=1 cs=1]
              LayoutText {#text} at (20,2) size 10x19
                text run at (20,2) width 10: "b"
            LayoutTableCell {TD} at (100,0) size 50x24 [border: (1px none #000000)] [r=0 c=2 rs=1 cs=1]
              LayoutText {#text} at (21,2) size 8x19
                text run at (21,2) width 8: "c"
          LayoutTableRow {TR} at (0,24) size 150x24 [border: (2px solid #000000) none]
            LayoutTableCell {TD} at (0,24) size 50x24 [border: (1px none #000000)] [r=1 c=0 rs=1 cs=1]
              LayoutText {#text} at (21,2) size 8x19
                text run at (21,2) width 8: "3"
            LayoutTableCell {TD} at (50,24) size 50x24 [border: (1px none #000000)] [r=1 c=1 rs=1 cs=1]
              LayoutText {#text} at (21,2) size 8x19
                text run at (21,2) width 8: "4"
            LayoutTableCell {TD} at (100,24) size 50x24 [border: (1px none #000000)] [r=1 c=2 rs=1 cs=1]
              LayoutText {#text} at (21,2) size 8x19
                text run at (21,2) width 8: "5"
          LayoutTableRow {TR} at (0,48) size 150x23 [border: (2px solid #000000) none]
            LayoutTableCell {TD} at (0,48) size 50x23 [border: (1px none #000000)] [r=2 c=0 rs=1 cs=1]
              LayoutText {#text} at (21,2) size 8x19
                text run at (21,2) width 8: "5"
            LayoutTableCell {TD} at (50,48) size 50x23 [border: (1px none #000000)] [r=2 c=1 rs=1 cs=1]
              LayoutText {#text} at (17,2) size 16x19
                text run at (17,2) width 16: "12"
            LayoutTableCell {TD} at (100,48) size 50x23 [border: (1px none #000000)] [r=2 c=2 rs=1 cs=1]
              LayoutText {#text} at (17,2) size 16x19
                text run at (17,2) width 16: "13"
