layer at (0,0) size 800x600
  LayoutView at (0,0) size 800x600
layer at (0,0) size 800x142
  LayoutBlockFlow {HTML} at (0,0) size 800x142
    LayoutBlockFlow {BODY} at (8,16) size 784x118
      LayoutBlockFlow {P} at (0,0) size 784x18
        LayoutText {#text} at (0,0) size 273x18
          text run at (0,0) width 273: "Editable text should be centered vertically."
      LayoutBlockFlow {DIV} at (0,34) size 784x28
        LayoutTextControl {INPUT} at (0,0) size 194x28 [bgcolor=#FFFFFF] [border: (1px solid #000000)]
        LayoutTextControl {INPUT} at (194,0) size 194x28 [bgcolor=#FFFFFF] [border: (1px solid #000000)]
      LayoutBlockFlow {DIV} at (0,62) size 784x28
        LayoutTextControl {INPUT} at (0,0) size 255x28 [bgcolor=#FFFFFF] [border: (1px solid #000000)]
      LayoutBlockFlow {DIV} at (0,90) size 784x28
        LayoutTextControl {INPUT} at (0,0) size 173x28 [bgcolor=#FFFFFF] [border: (2px inset #EEEEEE)]
layer at (10,52) size 190x24
  LayoutBlockFlow {DIV} at (2,2) size 190x24
    LayoutText {#text} at (0,0) size 74x24
      text run at (0,0) width 74: "\x{3075} ABCgjy"
layer at (204,52) size 190x24
  LayoutBlockFlow {DIV} at (2,2) size 190x24
    LayoutText {#text} at (0,0) size 74x24
      text run at (0,0) width 74: "\x{3075} ABCgjy"
layer at (10,78) size 251x28
  LayoutBlockFlow {DIV} at (2,0) size 251x28
    LayoutText {#text} at (0,0) size 78x28
      text run at (0,0) width 78: "ABCgjy"
layer at (11,111) size 167x18
  LayoutBlockFlow {DIV} at (3,5) size 167x18
    LayoutText {#text} at (0,0) size 56x18
      text run at (0,0) width 56: "ABCgjy"
