layer at (0,0) size 800x600 scrollHeight 620
  LayoutView at (0,0) size 800x600
layer at (0,0) size 800x600
  LayoutBlockFlow {HTML} at (0,0) size 800x600
    LayoutBlockFlow {BODY} at (8,8) size 776x584
      LayoutBlockFlow {DIV} at (0,0) size 106x584 [border: (3px solid #FFA500)]
        LayoutListItem (floating) {DIV} at (11,11) size 122x122 [bgcolor=#FFA500] [border: (3px solid #FFA500)]
          LayoutListMarker (anonymous) at (11,-17) size 18x7: bullet
        LayoutListItem {DIV} at (11,11) size 84x562 [border: (3px solid #FFA500)]
          LayoutListItem {DIV} at (11,11) size 62x540 [border: (3px solid #FFA500)]
            LayoutListItem {DIV} at (11,11) size 40x518 [border: (3px solid #FFA500)]
              LayoutListMarker (anonymous) at (11,104) size 18x7: bullet
              LayoutListMarker (anonymous) at (11,104) size 18x7: bullet
              LayoutListMarker (anonymous) at (11,104) size 18x7: bullet
              LayoutText {#text} at (11,132) size 18x90
                text run at (11,132) width 90: "List item text."
      LayoutBlockFlow {UL} at (122,0) size 140x584
        LayoutListItem {LI} at (0,40) size 140x544 [border: (2px solid #FF0000)]
          LayoutListMarker (anonymous) at (52,554) size 18x7: bullet
          LayoutText {#text} at (52,52) size 36x428
            text run at (52,52) width 428: "Foo fofodfosjlkdf dslkdjlk asdlksjald djklsd klasjdkas sdajd lsadjkl"
            text run at (70,52) width 72: "asjdlksajdk"
