layer at (0,0) size 800x600 scrollWidth 809
  LayoutView at (0,0) size 800x600
layer at (0,0) size 800x600
  LayoutBlockFlow {HTML} at (0,0) size 800x600
    LayoutBlockFlow {BODY} at (8,8) size 784x576
      LayoutBlockFlow {DIV} at (0,0) size 784x106 [border: (3px solid #FFA500)]
        LayoutListItem (floating) {DIV} at (11,11) size 122x122 [bgcolor=#FFA500] [border: (3px solid #FFA500)]
          LayoutListMarker (anonymous) at (-17,11) size 7x18: bullet
        LayoutListItem {DIV} at (11,11) size 762x84 [border: (3px solid #FFA500)]
          LayoutListItem {DIV} at (11,11) size 740x62 [border: (3px solid #FFA500)]
            LayoutListItem {DIV} at (11,11) size 718x40 [border: (3px solid #FFA500)]
              LayoutListMarker (anonymous) at (104,11) size 7x18: bullet
              LayoutListMarker (anonymous) at (104,11) size 7x18: bullet
              LayoutListMarker (anonymous) at (104,11) size 7x18: bullet
              LayoutText {#text} at (132,11) size 90x18
                text run at (132,11) width 90: "List item text."
      LayoutBlockFlow {UL} at (0,122) size 784x122
        LayoutListItem {LI} at (40,0) size 744x122 [border: (2px solid #FF0000)]
          LayoutListMarker (anonymous) at (754,52) size 7x18: bullet
          LayoutText {#text} at (52,52) size 504x18
            text run at (52,52) width 504: "Foo fofodfosjlkdf dslkdjlk asdlksjald djklsd klasjdkas sdajd lsadjkl asjdlksajdk"
