layer at (0,0) size 800x600
  LayoutView at (0,0) size 800x600
layer at (0,0) size 800x600
  LayoutBlockFlow {HTML} at (0,0) size 800x600
    LayoutBlockFlow {BODY} at (8,8) size 784x576
      LayoutBlockFlow {DIV} at (0,0) size 784x36
        LayoutBlockFlow {UL} at (0,0) size 784x36
          LayoutListItem {LI} at (40,0) size 744x18
            LayoutListMarker (anonymous) at (-17,0) size 7x18: bullet
            LayoutInline {A} at (0,0) size 40x18 [color=#0000EE]
              LayoutText {#text} at (704,0) size 40x18
                text run at (704,0) width 40: "Home"
          LayoutListItem {LI} at (40,18) size 744x18
            LayoutListMarker (anonymous) at (-17,0) size 7x18: bullet
            LayoutInline {A} at (0,0) size 58x18 [color=#0000EE]
              LayoutText {#text} at (686,0) size 58x18
                text run at (686,0) width 58: "Archives"
      LayoutBlockFlow {P} at (0,52) size 784x36
        LayoutText {#text} at (0,0) size 755x36
          text run at (0,0) width 553: "This test case illustrates the correct positioning of list item bullets according to CSS3. "
          text run at (552,0) width 203: "The bullets should be on the far"
          text run at (0,18) width 316: "left, with the text of the list items on the far right."
