layer at (0,0) size 800x600
  LayoutView at (0,0) size 800x600
layer at (0,0) size 800x600
  LayoutBlockFlow {HTML} at (0,0) size 800x600
    LayoutBlockFlow {BODY} at (8,8) size 776x584
      LayoutBlockFlow {DIV} at (0,0) size 36x584
        LayoutBlockFlow {UL} at (0,0) size 36x584
          LayoutListItem {LI} at (0,40) size 18x544
            LayoutListMarker (anonymous) at (0,-17) size 18x7: bullet
            LayoutInline {A} at (0,0) size 18x40 [color=#0000EE]
              LayoutText {#text} at (0,504) size 18x40
                text run at (0,504) width 40: "Home"
          LayoutListItem {LI} at (18,40) size 18x544
            LayoutListMarker (anonymous) at (0,-17) size 18x7: bullet
            LayoutInline {A} at (0,0) size 18x58 [color=#0000EE]
              LayoutText {#text} at (0,486) size 18x58
                text run at (0,486) width 58: "Archives"
      LayoutBlockFlow {P} at (52,0) size 36x584
        LayoutText {#text} at (0,0) size 36x578
          text run at (0,0) width 553: "This test case illustrates the correct positioning of list item bullets according to CSS3. "
          text run at (0,552) width 25: "The"
          text run at (18,0) width 494: "bullets should be on the far left, with the text of the list items on the far right."
