layer at (0,0) size 800x600
  LayoutView at (0,0) size 800x600
layer at (0,0) size 800x600
  LayoutBlockFlow {HTML} at (0,0) size 800x600
    LayoutBlockFlow {BODY} at (8,8) size 784x584
      LayoutTable {TABLE} at (0,0) size 62x24 [border: (2px outset #808080)]
        LayoutTableSection {TBODY} at (2,2) size 58x20
          LayoutTableRow {TR} at (0,0) size 58x20
            LayoutTableCell {TD} at (0,0) size 24x20 [border: (1px inset #808080)] [r=0 c=0 rs=1 cs=1]
              LayoutListItem {LI} at (1,1) size 22x18
                LayoutListMarker (anonymous) at (-1,0) size 7x18: bullet
                LayoutImage {IMG} at (22,14) size 0x0
            LayoutTableCell {TD} at (24,0) size 34x20 [border: (1px inset #808080)] [r=0 c=1 rs=1 cs=1]
              LayoutText {#text} at (1,1) size 32x18
                text run at (1,1) width 32: "hello"
