layer at (0,0) size 800x600
  LayoutView at (0,0) size 800x600
layer at (0,0) size 800x600
  LayoutBlockFlow {HTML} at (0,0) size 800x600
    LayoutBlockFlow {BODY} at (8,8) size 776x584
      LayoutBlockFlow {UL} at (0,0) size 54x584
        LayoutListItem {LI} at (0,40) size 18x544
          LayoutListMarker (anonymous) at (0,-17) size 18x7: bullet
        LayoutListItem {LI} at (18,40) size 18x544
          LayoutListMarker (anonymous) at (0,-17) size 18x7: bullet
        LayoutListItem {LI} at (36,40) size 18x544
          LayoutListMarker (anonymous) at (0,-17) size 18x7: bullet
          LayoutText {#text} at (0,0) size 18x328
            text run at (0,0) width 328: "There should be two bullets with no text above me."
