layer at (0,0) size 800x600
  LayoutView at (0,0) size 800x600
layer at (0,0) size 800x600
  LayoutBlockFlow {HTML} at (0,0) size 800x600
    LayoutBlockFlow {BODY} at (8,8) size 776x584
      LayoutBlockFlow {OL} at (0,0) size 36x584
        LayoutListItem {LI} at (0,40) size 36x544
          LayoutBlockFlow (anonymous) at (0,0) size 18x544
            LayoutListMarker (anonymous) at (0,-16) size 18x16: "1"
            LayoutInline {I} at (0,0) size 18x77
              LayoutInline {U} at (0,0) size 18x77
                LayoutText {#text} at (0,0) size 18x77
                  text run at (0,0) width 77: "Hello world"
            LayoutText {#text} at (0,0) size 0x0
          LayoutBlockFlow {OL} at (18,0) size 18x544
            LayoutListItem {LI} at (0,40) size 18x504
              LayoutListMarker (anonymous) at (0,-16) size 18x16: "1"
              LayoutText {#text} at (0,0) size 18x59
                text run at (0,0) width 59: "Goodbye"
