layer at (0,0) size 800x600
  LayoutView at (0,0) size 800x600
layer at (0,0) size 800x600
  LayoutBlockFlow {HTML} at (0,0) size 800x600
    LayoutBlockFlow {BODY} at (8,8) size 776x584
      LayoutBlockFlow {UL} at (0,0) size 108x584 [bgcolor=#808080] [border: (25px solid #008000) none]
        LayoutListItem {LI} at (0,50) size 36x534
          LayoutListMarker (anonymous) at (0,-17) size 18x7: bullet
          LayoutText {#text} at (0,0) size 36x530
            text run at (0,0) width 530: "The top padding on this unordered list has been set to 25 pixels, which will require"
            text run at (18,0) width 197: "some extra test in order to test."
        LayoutListItem {LI} at (36,50) size 72x534 [bgcolor=#FFFFFF] [border: (25px solid #008000) none]
          LayoutListMarker (anonymous) at (0,-17) size 18x7: bullet
          LayoutText {#text} at (0,50) size 72x484
            text run at (0,50) width 484: "Another list item might not be such a bad idea, either, considering that such"
            text run at (18,50) width 243: "things do need to be double-checked. "
            text run at (18,292) width 240: "This list item has its left padding also"
            text run at (36,50) width 469: "set to 25 pixels, which should combine with the list's padding to make 50"
            text run at (54,50) width 109: "pixels of margin."
