layer at (0,0) size 800x600 scrollWidth 1880
  LayoutView at (0,0) size 800x600
layer at (0,0) size 1880x600 backgroundClip at (0,0) size 800x600 clip at (0,0) size 800x600
  LayoutBlockFlow {HTML} at (0,0) size 1880x600
    LayoutBlockFlow {BODY} at (8,8) size 1856x584
      LayoutBlockFlow {UL} at (0,0) size 134x185.59 [border: (1px solid #0000FF)]
        LayoutListItem {LI} at (1,41) size 38x143.59 [border: (5px solid #FFA500)]
          LayoutListMarker (anonymous) at (10,-17) size 18x7: bullet
          LayoutText {#text} at (10,10) size 18x62
            text run at (10,10) width 62: "First item"
        LayoutListItem {LI} at (39,41) size 56x143.59 [border: (5px solid #FFA500)]
          LayoutListMarker (anonymous) at (10,-17) size 18x7: bullet
          LayoutText {#text} at (10,10) size 36x107
            text run at (10,10) width 107: "Second and very"
            text run at (28,10) width 94: "very long item"
        LayoutListItem {LI} at (95,41) size 38x143.59 [border: (5px solid #FFA500)]
          LayoutListMarker (anonymous) at (10,-17) size 18x7: bullet
          LayoutText {#text} at (10,10) size 18x68
            text run at (10,10) width 68: "Third item"
      LayoutBlockFlow {UL} at (150,0) size 134x185.59 [border: (1px solid #FF0000)]
        LayoutListItem {LI} at (1,1) size 38x143.59 [border: (5px solid #FFA500)]
          LayoutListMarker (anonymous) at (10,153.59) size 18x7: bullet
          LayoutText {#text} at (10,71) size 18x63
            text run at (10,71) width 62: "First item"
        LayoutListItem {LI} at (39,1) size 56x143.59 [border: (5px solid #FFA500)]
          LayoutListMarker (anonymous) at (10,153.59) size 18x7: bullet
          LayoutText {#text} at (10,26) size 36x108
            text run at (10,26) width 107: "Second and very"
            text run at (28,40) width 94: "very long item"
        LayoutListItem {LI} at (95,1) size 38x143.59 [border: (5px solid #FFA500)]
          LayoutListMarker (anonymous) at (10,153.59) size 18x7: bullet
          LayoutText {#text} at (10,65) size 18x69
            text run at (10,65) width 68: "Third item"
      LayoutBlockFlow {UL} at (300,0) size 152x185.59 [border: (1px solid #0000FF)]
        LayoutListItem {LI} at (1,41) size 38x143.59 [border: (5px solid #FFA500)]
          LayoutListMarker (anonymous) at (10,9) size 18x7: bullet
          LayoutText {#text} at (10,32) size 18x62
            text run at (10,32) width 62: "First item"
        LayoutListItem {LI} at (39,41) size 74x143.59 [border: (5px solid #FFA500)]
          LayoutListMarker (anonymous) at (10,9) size 18x7: bullet
          LayoutText {#text} at (10,32) size 54x97
            text run at (10,32) width 75: "Second and"
            text run at (28,10) width 94: "very very long"
            text run at (46,10) width 29: "item"
        LayoutListItem {LI} at (113,41) size 38x143.59 [border: (5px solid #FFA500)]
          LayoutListMarker (anonymous) at (10,9) size 18x7: bullet
          LayoutText {#text} at (10,32) size 18x68
            text run at (10,32) width 68: "Third item"
      LayoutBlockFlow {UL} at (468,0) size 152x185.59 [border: (1px solid #FF0000)]
        LayoutListItem {LI} at (1,1) size 38x143.59 [border: (5px solid #FFA500)]
          LayoutListMarker (anonymous) at (10,127.59) size 18x7: bullet
          LayoutText {#text} at (10,49) size 18x63
            text run at (10,49) width 62: "First item"
        LayoutListItem {LI} at (39,1) size 74x143.59 [border: (5px solid #FFA500)]
          LayoutListMarker (anonymous) at (10,127.59) size 18x7: bullet
          LayoutText {#text} at (10,37) size 54x97
            text run at (10,37) width 75: "Second and"
            text run at (28,40) width 94: "very very long"
            text run at (46,105) width 29: "item"
        LayoutListItem {LI} at (113,1) size 38x143.59 [border: (5px solid #FFA500)]
          LayoutListMarker (anonymous) at (10,127.59) size 18x7: bullet
          LayoutText {#text} at (10,43) size 18x69
            text run at (10,43) width 68: "Third item"
      LayoutBlockFlow {UL} at (636,0) size 134x185.59 [border: (1px solid #0000FF)]
        LayoutListItem {LI} at (1,41) size 38x143.59 [border: (5px solid #FFA500)]
          LayoutListMarker (anonymous) at (14,-17) size 10x10
          LayoutText {#text} at (10,10) size 18x62
            text run at (10,10) width 62: "First item"
        LayoutListItem {LI} at (39,41) size 56x143.59 [border: (5px solid #FFA500)]
          LayoutListMarker (anonymous) at (14,-17) size 10x10
          LayoutText {#text} at (10,10) size 36x107
            text run at (10,10) width 107: "Second and very"
            text run at (28,10) width 94: "very long item"
        LayoutListItem {LI} at (95,41) size 38x143.59 [border: (5px solid #FFA500)]
          LayoutListMarker (anonymous) at (14,-17) size 10x10
          LayoutText {#text} at (10,10) size 18x68
            text run at (10,10) width 68: "Third item"
      LayoutBlockFlow {UL} at (786,0) size 134x185.59 [border: (1px solid #FF0000)]
        LayoutListItem {LI} at (1,1) size 38x143.59 [border: (5px solid #FFA500)]
          LayoutListMarker (anonymous) at (14,150.59) size 10x10
          LayoutText {#text} at (10,71) size 18x63
            text run at (10,71) width 62: "First item"
        LayoutListItem {LI} at (39,1) size 56x143.59 [border: (5px solid #FFA500)]
          LayoutListMarker (anonymous) at (14,150.59) size 10x10
          LayoutText {#text} at (10,26) size 36x108
            text run at (10,26) width 107: "Second and very"
            text run at (28,40) width 94: "very long item"
        LayoutListItem {LI} at (95,1) size 38x143.59 [border: (5px solid #FFA500)]
          LayoutListMarker (anonymous) at (14,150.59) size 10x10
          LayoutText {#text} at (10,65) size 18x69
            text run at (10,65) width 68: "Third item"
      LayoutBlockFlow {UL} at (936,0) size 152x185.59 [border: (1px solid #0000FF)]
        LayoutListItem {LI} at (1,41) size 38x143.59 [border: (5px solid #FFA500)]
          LayoutListMarker (anonymous) at (14,10) size 10x10
          LayoutText {#text} at (10,27) size 18x62
            text run at (10,27) width 62: "First item"
        LayoutListItem {LI} at (39,41) size 74x143.59 [border: (5px solid #FFA500)]
          LayoutListMarker (anonymous) at (14,10) size 10x10
          LayoutText {#text} at (10,27) size 54x94
            text run at (10,27) width 75: "Second and"
            text run at (28,10) width 94: "very very long"
            text run at (46,10) width 29: "item"
        LayoutListItem {LI} at (113,41) size 38x143.59 [border: (5px solid #FFA500)]
          LayoutListMarker (anonymous) at (14,10) size 10x10
          LayoutText {#text} at (10,27) size 18x68
            text run at (10,27) width 68: "Third item"
      LayoutBlockFlow {UL} at (1104,0) size 152x185.59 [border: (1px solid #FF0000)]
        LayoutListItem {LI} at (1,1) size 38x143.59 [border: (5px solid #FFA500)]
          LayoutListMarker (anonymous) at (14,123.59) size 10x10
          LayoutText {#text} at (10,54) size 18x63
            text run at (10,54) width 62: "First item"
        LayoutListItem {LI} at (39,1) size 74x143.59 [border: (5px solid #FFA500)]
          LayoutListMarker (anonymous) at (14,123.59) size 10x10
          LayoutText {#text} at (10,42) size 54x94
            text run at (10,42) width 75: "Second and"
            text run at (28,40) width 94: "very very long"
            text run at (46,105) width 29: "item"
        LayoutListItem {LI} at (113,1) size 38x143.59 [border: (5px solid #FFA500)]
          LayoutListMarker (anonymous) at (14,123.59) size 10x10
          LayoutText {#text} at (10,48) size 18x69
            text run at (10,48) width 68: "Third item"
      LayoutBlockFlow {OL} at (1272,0) size 134x185.59 [border: (1px solid #0000FF)]
        LayoutListItem {LI} at (1,41) size 38x143.59 [border: (5px solid #FFA500)]
          LayoutListMarker (anonymous) at (10,-16) size 18x16: "1"
          LayoutText {#text} at (10,10) size 18x62
            text run at (10,10) width 62: "First item"
        LayoutListItem {LI} at (39,41) size 56x143.59 [border: (5px solid #FFA500)]
          LayoutListMarker (anonymous) at (10,-16) size 18x16: "2"
          LayoutText {#text} at (10,10) size 36x107
            text run at (10,10) width 107: "Second and very"
            text run at (28,10) width 94: "very long item"
        LayoutListItem {LI} at (95,41) size 38x143.59 [border: (5px solid #FFA500)]
          LayoutListMarker (anonymous) at (10,-16) size 18x16: "3"
          LayoutText {#text} at (10,10) size 18x68
            text run at (10,10) width 68: "Third item"
      LayoutBlockFlow {OL} at (1422,0) size 134x185.59 [border: (1px solid #FF0000)]
        LayoutListItem {LI} at (1,1) size 38x143.59 [border: (5px solid #FFA500)]
          LayoutListMarker (anonymous) at (10,143.59) size 18x16: "1"
          LayoutText {#text} at (10,71) size 18x63
            text run at (10,71) width 62: "First item"
        LayoutListItem {LI} at (39,1) size 56x143.59 [border: (5px solid #FFA500)]
          LayoutListMarker (anonymous) at (10,143.59) size 18x16: "2"
          LayoutText {#text} at (10,26) size 36x108
            text run at (10,26) width 107: "Second and very"
            text run at (28,40) width 94: "very long item"
        LayoutListItem {LI} at (95,1) size 38x143.59 [border: (5px solid #FFA500)]
          LayoutListMarker (anonymous) at (10,143.59) size 18x16: "3"
          LayoutText {#text} at (10,65) size 18x69
            text run at (10,65) width 68: "Third item"
      LayoutBlockFlow {OL} at (1572,0) size 134x185.59 [border: (1px solid #0000FF)]
        LayoutListItem {LI} at (1,41) size 38x143.59 [border: (5px solid #FFA500)]
          LayoutListMarker (anonymous) at (10,10) size 18x16: "1"
          LayoutText {#text} at (10,26) size 18x62
            text run at (10,26) width 62: "First item"
        LayoutListItem {LI} at (39,41) size 56x143.59 [border: (5px solid #FFA500)]
          LayoutListMarker (anonymous) at (10,10) size 18x16: "2"
          LayoutText {#text} at (10,26) size 36x123
            text run at (10,26) width 107: "Second and very"
            text run at (28,10) width 94: "very long item"
        LayoutListItem {LI} at (95,41) size 38x143.59 [border: (5px solid #FFA500)]
          LayoutListMarker (anonymous) at (10,10) size 18x16: "3"
          LayoutText {#text} at (10,26) size 18x68
            text run at (10,26) width 68: "Third item"
      LayoutBlockFlow {OL} at (1722,0) size 134x185.59 [border: (1px solid #FF0000)]
        LayoutListItem {LI} at (1,1) size 38x143.59 [border: (5px solid #FFA500)]
          LayoutListMarker (anonymous) at (10,117.59) size 18x16: "1"
          LayoutText {#text} at (10,55) size 18x63
            text run at (10,55) width 62: "First item"
        LayoutListItem {LI} at (39,1) size 56x143.59 [border: (5px solid #FFA500)]
          LayoutListMarker (anonymous) at (10,117.59) size 18x16: "2"
          LayoutText {#text} at (10,10) size 36x124
            text run at (10,10) width 107: "Second and very"
            text run at (28,40) width 94: "very long item"
        LayoutListItem {LI} at (95,1) size 38x143.59 [border: (5px solid #FFA500)]
          LayoutListMarker (anonymous) at (10,117.59) size 18x16: "3"
          LayoutText {#text} at (10,49) size 18x69
            text run at (10,49) width 68: "Third item"
