layer at (0,0) size 800x600 clip at (0,0) size 785x600 scrollHeight 1880
  LayoutView at (0,0) size 800x600
layer at (0,0) size 785x1880 backgroundClip at (0,0) size 785x600 clip at (0,0) size 785x600
  LayoutBlockFlow {HTML} at (0,0) size 785x1880
    LayoutBlockFlow {BODY} at (8,8) size 769x1856
      LayoutBlockFlow {UL} at (0,0) size 185.59x134 [border: (1px solid #0000FF)]
        LayoutListItem {LI} at (41,1) size 143.59x38 [border: (5px solid #FFA500)]
          LayoutListMarker (anonymous) at (-17,10) size 7x18: bullet
          LayoutText {#text} at (10,10) size 62x18
            text run at (10,10) width 62: "First item"
        LayoutListItem {LI} at (41,39) size 143.59x56 [border: (5px solid #FFA500)]
          LayoutListMarker (anonymous) at (-17,10) size 7x18: bullet
          LayoutText {#text} at (10,10) size 107x36
            text run at (10,10) width 107: "Second and very"
            text run at (10,28) width 94: "very long item"
        LayoutListItem {LI} at (41,95) size 143.59x38 [border: (5px solid #FFA500)]
          LayoutListMarker (anonymous) at (-17,10) size 7x18: bullet
          LayoutText {#text} at (10,10) size 68x18
            text run at (10,10) width 68: "Third item"
      LayoutBlockFlow {UL} at (0,150) size 185.59x134 [border: (1px solid #FF0000)]
        LayoutListItem {LI} at (1,1) size 143.59x38 [border: (5px solid #FFA500)]
          LayoutListMarker (anonymous) at (153.59,10) size 7x18: bullet
          LayoutText {#text} at (71,10) size 63x18
            text run at (71,10) width 63: "First item"
        LayoutListItem {LI} at (1,39) size 143.59x56 [border: (5px solid #FFA500)]
          LayoutListMarker (anonymous) at (153.59,10) size 7x18: bullet
          LayoutText {#text} at (26,10) size 108x36
            text run at (26,10) width 108: "Second and very"
            text run at (40,28) width 94: "very long item"
        LayoutListItem {LI} at (1,95) size 143.59x38 [border: (5px solid #FFA500)]
          LayoutListMarker (anonymous) at (153.59,10) size 7x18: bullet
          LayoutText {#text} at (65,10) size 69x18
            text run at (65,10) width 69: "Third item"
      LayoutBlockFlow {UL} at (0,300) size 185.59x152 [border: (1px solid #0000FF)]
        LayoutListItem {LI} at (41,1) size 143.59x38 [border: (5px solid #FFA500)]
          LayoutListMarker (anonymous) at (9,10) size 7x18: bullet
          LayoutText {#text} at (32,10) size 62x18
            text run at (32,10) width 62: "First item"
        LayoutListItem {LI} at (41,39) size 143.59x74 [border: (5px solid #FFA500)]
          LayoutListMarker (anonymous) at (9,10) size 7x18: bullet
          LayoutText {#text} at (32,10) size 97x54
            text run at (32,10) width 75: "Second and"
            text run at (10,28) width 94: "very very long"
            text run at (10,46) width 29: "item"
        LayoutListItem {LI} at (41,113) size 143.59x38 [border: (5px solid #FFA500)]
          LayoutListMarker (anonymous) at (9,10) size 7x18: bullet
          LayoutText {#text} at (32,10) size 68x18
            text run at (32,10) width 68: "Third item"
      LayoutBlockFlow {UL} at (0,468) size 185.59x152 [border: (1px solid #FF0000)]
        LayoutListItem {LI} at (1,1) size 143.59x38 [border: (5px solid #FFA500)]
          LayoutListMarker (anonymous) at (127.59,10) size 7x18: bullet
          LayoutText {#text} at (49,10) size 63x18
            text run at (49,10) width 63: "First item"
        LayoutListItem {LI} at (1,39) size 143.59x74 [border: (5px solid #FFA500)]
          LayoutListMarker (anonymous) at (127.59,10) size 7x18: bullet
          LayoutText {#text} at (37,10) size 97x54
            text run at (37,10) width 75: "Second and"
            text run at (40,28) width 94: "very very long"
            text run at (105,46) width 29: "item"
        LayoutListItem {LI} at (1,113) size 143.59x38 [border: (5px solid #FFA500)]
          LayoutListMarker (anonymous) at (127.59,10) size 7x18: bullet
          LayoutText {#text} at (43,10) size 69x18
            text run at (43,10) width 69: "Third item"
      LayoutBlockFlow {UL} at (0,636) size 185.59x134 [border: (1px solid #0000FF)]
        LayoutListItem {LI} at (41,1) size 143.59x38 [border: (5px solid #FFA500)]
          LayoutListMarker (anonymous) at (-17,14) size 10x10
          LayoutText {#text} at (10,10) size 62x18
            text run at (10,10) width 62: "First item"
        LayoutListItem {LI} at (41,39) size 143.59x56 [border: (5px solid #FFA500)]
          LayoutListMarker (anonymous) at (-17,14) size 10x10
          LayoutText {#text} at (10,10) size 107x36
            text run at (10,10) width 107: "Second and very"
            text run at (10,28) width 94: "very long item"
        LayoutListItem {LI} at (41,95) size 143.59x38 [border: (5px solid #FFA500)]
          LayoutListMarker (anonymous) at (-17,14) size 10x10
          LayoutText {#text} at (10,10) size 68x18
            text run at (10,10) width 68: "Third item"
      LayoutBlockFlow {UL} at (0,786) size 185.59x134 [border: (1px solid #FF0000)]
        LayoutListItem {LI} at (1,1) size 143.59x38 [border: (5px solid #FFA500)]
          LayoutListMarker (anonymous) at (150.59,14) size 10x10
          LayoutText {#text} at (71,10) size 63x18
            text run at (71,10) width 63: "First item"
        LayoutListItem {LI} at (1,39) size 143.59x56 [border: (5px solid #FFA500)]
          LayoutListMarker (anonymous) at (150.59,14) size 10x10
          LayoutText {#text} at (26,10) size 108x36
            text run at (26,10) width 108: "Second and very"
            text run at (40,28) width 94: "very long item"
        LayoutListItem {LI} at (1,95) size 143.59x38 [border: (5px solid #FFA500)]
          LayoutListMarker (anonymous) at (150.59,14) size 10x10
          LayoutText {#text} at (65,10) size 69x18
            text run at (65,10) width 69: "Third item"
      LayoutBlockFlow {UL} at (0,936) size 185.59x152 [border: (1px solid #0000FF)]
        LayoutListItem {LI} at (41,1) size 143.59x38 [border: (5px solid #FFA500)]
          LayoutListMarker (anonymous) at (10,14) size 10x10
          LayoutText {#text} at (27,10) size 62x18
            text run at (27,10) width 62: "First item"
        LayoutListItem {LI} at (41,39) size 143.59x74 [border: (5px solid #FFA500)]
          LayoutListMarker (anonymous) at (10,14) size 10x10
          LayoutText {#text} at (27,10) size 94x54
            text run at (27,10) width 75: "Second and"
            text run at (10,28) width 94: "very very long"
            text run at (10,46) width 29: "item"
        LayoutListItem {LI} at (41,113) size 143.59x38 [border: (5px solid #FFA500)]
          LayoutListMarker (anonymous) at (10,14) size 10x10
          LayoutText {#text} at (27,10) size 68x18
            text run at (27,10) width 68: "Third item"
      LayoutBlockFlow {UL} at (0,1104) size 185.59x152 [border: (1px solid #FF0000)]
        LayoutListItem {LI} at (1,1) size 143.59x38 [border: (5px solid #FFA500)]
          LayoutListMarker (anonymous) at (123.59,14) size 10x10
          LayoutText {#text} at (54,10) size 63x18
            text run at (54,10) width 63: "First item"
        LayoutListItem {LI} at (1,39) size 143.59x74 [border: (5px solid #FFA500)]
          LayoutListMarker (anonymous) at (123.59,14) size 10x10
          LayoutText {#text} at (42,10) size 94x54
            text run at (42,10) width 75: "Second and"
            text run at (40,28) width 94: "very very long"
            text run at (105,46) width 29: "item"
        LayoutListItem {LI} at (1,113) size 143.59x38 [border: (5px solid #FFA500)]
          LayoutListMarker (anonymous) at (123.59,14) size 10x10
          LayoutText {#text} at (48,10) size 69x18
            text run at (48,10) width 69: "Third item"
      LayoutBlockFlow {OL} at (0,1272) size 185.59x134 [border: (1px solid #0000FF)]
        LayoutListItem {LI} at (41,1) size 143.59x38 [border: (5px solid #FFA500)]
          LayoutListMarker (anonymous) at (-16,10) size 16x18: "1"
          LayoutText {#text} at (10,10) size 62x18
            text run at (10,10) width 62: "First item"
        LayoutListItem {LI} at (41,39) size 143.59x56 [border: (5px solid #FFA500)]
          LayoutListMarker (anonymous) at (-16,10) size 16x18: "2"
          LayoutText {#text} at (10,10) size 107x36
            text run at (10,10) width 107: "Second and very"
            text run at (10,28) width 94: "very long item"
        LayoutListItem {LI} at (41,95) size 143.59x38 [border: (5px solid #FFA500)]
          LayoutListMarker (anonymous) at (-16,10) size 16x18: "3"
          LayoutText {#text} at (10,10) size 68x18
            text run at (10,10) width 68: "Third item"
      LayoutBlockFlow {OL} at (0,1422) size 185.59x134 [border: (1px solid #FF0000)]
        LayoutListItem {LI} at (1,1) size 143.59x38 [border: (5px solid #FFA500)]
          LayoutListMarker (anonymous) at (143.59,10) size 16x18: "1"
          LayoutText {#text} at (71,10) size 63x18
            text run at (71,10) width 63: "First item"
        LayoutListItem {LI} at (1,39) size 143.59x56 [border: (5px solid #FFA500)]
          LayoutListMarker (anonymous) at (143.59,10) size 16x18: "2"
          LayoutText {#text} at (26,10) size 108x36
            text run at (26,10) width 108: "Second and very"
            text run at (40,28) width 94: "very long item"
        LayoutListItem {LI} at (1,95) size 143.59x38 [border: (5px solid #FFA500)]
          LayoutListMarker (anonymous) at (143.59,10) size 16x18: "3"
          LayoutText {#text} at (65,10) size 69x18
            text run at (65,10) width 69: "Third item"
      LayoutBlockFlow {OL} at (0,1572) size 185.59x134 [border: (1px solid #0000FF)]
        LayoutListItem {LI} at (41,1) size 143.59x38 [border: (5px solid #FFA500)]
          LayoutListMarker (anonymous) at (10,10) size 16x18: "1"
          LayoutText {#text} at (26,10) size 62x18
            text run at (26,10) width 62: "First item"
        LayoutListItem {LI} at (41,39) size 143.59x56 [border: (5px solid #FFA500)]
          LayoutListMarker (anonymous) at (10,10) size 16x18: "2"
          LayoutText {#text} at (26,10) size 123x36
            text run at (26,10) width 107: "Second and very"
            text run at (10,28) width 94: "very long item"
        LayoutListItem {LI} at (41,95) size 143.59x38 [border: (5px solid #FFA500)]
          LayoutListMarker (anonymous) at (10,10) size 16x18: "3"
          LayoutText {#text} at (26,10) size 68x18
            text run at (26,10) width 68: "Third item"
      LayoutBlockFlow {OL} at (0,1722) size 185.59x134 [border: (1px solid #FF0000)]
        LayoutListItem {LI} at (1,1) size 143.59x38 [border: (5px solid #FFA500)]
          LayoutListMarker (anonymous) at (117.59,10) size 16x18: "1"
          LayoutText {#text} at (55,10) size 63x18
            text run at (55,10) width 63: "First item"
        LayoutListItem {LI} at (1,39) size 143.59x56 [border: (5px solid #FFA500)]
          LayoutListMarker (anonymous) at (117.59,10) size 16x18: "2"
          LayoutText {#text} at (10,10) size 124x36
            text run at (10,10) width 108: "Second and very"
            text run at (40,28) width 94: "very long item"
        LayoutListItem {LI} at (1,95) size 143.59x38 [border: (5px solid #FFA500)]
          LayoutListMarker (anonymous) at (117.59,10) size 16x18: "3"
          LayoutText {#text} at (49,10) size 69x18
            text run at (49,10) width 69: "Third item"
