layer at (0,0) size 800x600
  LayoutView at (0,0) size 800x600
layer at (0,0) size 800x600
  LayoutBlockFlow {HTML} at (0,0) size 800x600
    LayoutBlockFlow {BODY} at (8,8) size 776x584
      LayoutBlockFlow {DIV} at (0,0) size 52x584
        LayoutBlockFlow {DL} at (0,0) size 52x584
          LayoutBlockFlow {DT} at (0,0) size 18x584
            LayoutText {#text} at (0,0) size 18x156
              text run at (0,0) width 156: "DT text is rendered here"
          LayoutBlockFlow {DD} at (34,0) size 18x584
            LayoutBlockFlow {UL} at (0,0) size 18x584
              LayoutListItem {LI} at (0,0) size 18x584
                LayoutListMarker (anonymous) at (2,0) size 12x9
                LayoutText {#text} at (0,16) size 18x114
                  text run at (0,16) width 114: "LI text is here too"
