layer at (0,0) size 800x600
  LayoutView at (0,0) size 800x600
layer at (0,0) size 800x600
  LayoutBlockFlow {HTML} at (0,0) size 800x600
    LayoutBlockFlow {BODY} at (8,8) size 784x576
      LayoutBlockFlow {DIV} at (0,0) size 190x44
        LayoutBlockFlow {UL} at (0,0) size 190x44
          LayoutListItem {LI} at (40,0) size 150x44
            LayoutListMarker (anonymous) at (-17,26) size 7x18: bullet
            LayoutInline {A} at (0,0) size 150x18
              LayoutText {#text} at (0,0) size 0x0
              LayoutBlockFlow {IMG} at (0,0) size 150x40
            LayoutText {#text} at (0,0) size 0x0
layer at (48,8) size 150x40 clip at (49,9) size 148x38
  LayoutBlockFlow {DIV} at (0,0) size 150x40 [border: (1px solid #C0C0C0)]
    LayoutImage (floating) {IMG} at (2,2) size 16x16
layer at (66,10) size 130x36
  LayoutBlockFlow {DIV} at (18,2) size 130x36
    LayoutText {#text} at (0,0) size 113x36
      text run at (0,0) width 113: "Eriadan - Fumetti"
      text run at (0,18) width 86: "tanto per fare"
