layer at (0,0) size 800x600 scrollWidth 1539
  LayoutView at (0,0) size 800x600
layer at (0,0) size 800x600
  LayoutBlockFlow {HTML} at (0,0) size 800x600
    LayoutBlockFlow {BODY} at (8,8) size 784x576
      LayoutBlockFlow {OL} at (0,0) size 784x18
        LayoutListItem {LI} at (40,0) size 744x18
          LayoutListMarker (anonymous) at (-16,0) size 16x18: "1"
          LayoutText {#text} at (0,0) size 1492x18
            text run at (0,0) width 1492: "aaaaaaaaaaaaaaaaaaaaaaaaaaaaaaaaaaaaaaaaaaaaaaaaaaaaaaaaaaaaaaaaaaaaaaaaaaaaaaaaaaaaaaaaaaaaaaaaaaaaaaaaaaaaaaaaaaaaaaaaaaaaaaaaaaaaaaaaaaaaaaaaaaaaaaaaaaaaaaaaaaaaaaaaaaaaaaaaaaaaaaaaaaaaaaaaaaaaaaaaaaaaaaaaaa"
      LayoutBlockFlow {OL} at (0,34) size 784x36
        LayoutListItem {LI} at (40,0) size 744x36
          LayoutListMarker (anonymous) at (0,0) size 16x18: "1"
          LayoutText {#text} at (0,18) size 1492x18
            text run at (0,18) width 1492: "aaaaaaaaaaaaaaaaaaaaaaaaaaaaaaaaaaaaaaaaaaaaaaaaaaaaaaaaaaaaaaaaaaaaaaaaaaaaaaaaaaaaaaaaaaaaaaaaaaaaaaaaaaaaaaaaaaaaaaaaaaaaaaaaaaaaaaaaaaaaaaaaaaaaaaaaaaaaaaaaaaaaaaaaaaaaaaaaaaaaaaaaaaaaaaaaaaaaaaaaaaaaaaaaaa"
