layer at (0,0) size 800x600
  LayoutView at (0,0) size 800x600
layer at (0,0) size 800x600
  LayoutBlockFlow {HTML} at (0,0) size 800x600
    LayoutBlockFlow {BODY} at (8,8) size 784x576
      LayoutBlockFlow {BLOCKQUOTE} at (40,0) size 704x54
        LayoutBlockFlow {BLOCKQUOTE} at (40,0) size 624x54
          LayoutBlockFlow {OL} at (0,0) size 624x54
            LayoutListItem {LI} at (40,0) size 584x54
              LayoutListMarker (anonymous) at (-86.22,0) size 86.22x18: "CYWOQVJ"
              LayoutBR {BR} at (0,0) size 0x18
              LayoutText {#text} at (0,18) size 492x36
                text run at (0,18) width 190: "SUCCESS (you didn't crash) "
                text run at (189,18) width 303: "Our behavior here matches WinIE not FireFox."
                text run at (0,36) width 349: "http://bugzilla.opendarwin.org/show_bug.cgi?id=8542"
