layer at (0,0) size 800x600
  LayoutView at (0,0) size 800x600
layer at (0,0) size 800x140
  LayoutBlockFlow {HTML} at (0,0) size 800x140
    LayoutBlockFlow {BODY} at (8,16) size 784x108
layer at (8,16) size 784x108
  LayoutBlockFlow {OL} at (0,0) size 784x108
    LayoutListItem {LI} at (0,0) size 766.41x18
      LayoutListMarker (anonymous) at (766.41,0) size 16x18: "1"
      LayoutText {#text} at (741,0) size 26x18
        text run at (741,0) width 26: "Foo"
    LayoutListItem {LI} at (0,18) size 766.41x18
      LayoutListMarker (anonymous) at (766.41,0) size 16x18: "2"
      LayoutText {#text} at (741,0) size 26x18
        text run at (741,0) width 26: "Foo"
    LayoutListItem {LI} at (0,36) size 766.41x18
      LayoutListMarker (anonymous) at (766.41,0) size 16x18: "3"
      LayoutText {#text} at (741,0) size 26x18
        text run at (741,0) width 26: "Foo"
    LayoutListItem {LI} at (0,54) size 766.41x18
      LayoutListMarker (anonymous) at (766.41,0) size 16x18: "4"
      LayoutText {#text} at (741,0) size 26x18
        text run at (741,0) width 26: "Foo"
    LayoutListItem {LI} at (0,72) size 766.41x18
      LayoutListMarker (anonymous) at (766.41,0) size 16x18: "5"
      LayoutText {#text} at (741,0) size 26x18
        text run at (741,0) width 26: "Foo"
    LayoutListItem {LI} at (0,90) size 766.41x18
      LayoutListMarker (anonymous) at (766.41,0) size 16x18: "6"
      LayoutText {#text} at (741,0) size 26x18
        text run at (741,0) width 26: "Foo"
