layer at (0,0) size 800x600
  LayoutView at (0,0) size 800x600
layer at (0,0) size 800x600
  LayoutBlockFlow {HTML} at (0,0) size 800x600
    LayoutBlockFlow {BODY} at (8,8) size 784x576
      LayoutBlockFlow {P} at (0,0) size 784x36
        LayoutText {#text} at (0,0) size 755x18
          text run at (0,0) width 755: "This test verifies that setting a list with list-style: none to display: none does not crash. It checks for regression against"
        LayoutInline {A} at (0,0) size 32x18 [color=#0000EE]
          LayoutText {#text} at (0,18) size 32x18
            text run at (0,18) width 32: "6860"
