layer at (0,0) size 800x600
  LayoutView at (0,0) size 800x600
layer at (0,0) size 800x600
  LayoutBlockFlow {HTML} at (0,0) size 800x600
    LayoutBlockFlow {BODY} at (8,8) size 784x576
      LayoutBlockFlow (anonymous) at (0,0) size 784x18
        LayoutText {#text} at (0,0) size 707x18
          text run at (0,0) width 707: "This test demonstrates that list items are not affected by the quirk that shrinks line boxes with no text children."
      LayoutBlockFlow {UL} at (0,34) size 784x60
        LayoutListItem {LI} at (40,0) size 744x30
          LayoutListMarker (anonymous) at (-17,10) size 10x10
          LayoutInline {SPAN} at (0,0) size 27x18
            LayoutText {#text} at (0,6) size 27x18
              text run at (0,6) width 27: "One"
          LayoutText {#text} at (0,0) size 0x0
        LayoutListItem {LI} at (40,30) size 744x30
          LayoutListMarker (anonymous) at (-17,10) size 10x10
          LayoutInline {SPAN} at (0,0) size 29x18
            LayoutText {#text} at (0,6) size 29x18
              text run at (0,6) width 29: "Two"
          LayoutText {#text} at (0,0) size 0x0
      LayoutBlockFlow {UL} at (0,110) size 784x60
        LayoutListItem {LI} at (40,0) size 744x30
          LayoutInline {SPAN} at (0,0) size 38x18
            LayoutText {#text} at (0,6) size 38x18
              text run at (0,6) width 38: "Three"
          LayoutText {#text} at (0,0) size 0x0
        LayoutListItem {LI} at (40,30) size 744x30
          LayoutInline {SPAN} at (0,0) size 31x18
            LayoutText {#text} at (0,6) size 31x18
              text run at (0,6) width 31: "Four"
          LayoutText {#text} at (0,0) size 0x0
