layer at (0,0) size 800x600
  LayoutView at (0,0) size 800x600
layer at (0,0) size 800x84
  LayoutBlockFlow {HTML} at (0,0) size 800x84
    LayoutBlockFlow {BODY} at (8,16) size 784x52
      LayoutBlockFlow {P} at (0,0) size 784x18
        LayoutText {#text} at (0,0) size 598x18
          text run at (0,0) width 598: "crbug.com/548616: List markers shouldn't shift to avoid floats that come after them on a line."
      LayoutBlockFlow {OL} at (0,34) size 784x18
        LayoutListItem {LI} at (0,0) size 744x18
          LayoutListMarker (anonymous) at (744,0) size 16x18: "1"
          LayoutImage (floating) {IMG} at (724,0) size 20x20 [bgcolor=#000000]
