layer at (0,0) size 800x600
  LayoutView at (0,0) size 800x600
layer at (0,0) size 800x600
  LayoutBlockFlow {HTML} at (0,0) size 800x600
    LayoutBlockFlow {BODY} at (8,8) size 784x576
      LayoutBlockFlow {OL} at (0,0) size 784x24
        LayoutListItem {LI} at (40,0) size 744x24
          LayoutListMarker (anonymous) at (-16,3) size 16x18: "1"
          LayoutText {#text} at (0,3) size 419x18
            text run at (0,3) width 419: "This test passes if the list item and list marker are evenly aligned."
