layer at (0,0) size 800x600
  LayoutView at (0,0) size 800x600
layer at (0,0) size 800x120
  LayoutBlockFlow {HTML} at (0,0) size 800x120
    LayoutBlockFlow {BODY} at (8,16) size 784x88
      LayoutBlockFlow {P} at (0,0) size 784x18
        LayoutText {#text} at (0,0) size 598x18
          text run at (0,0) width 598: "crbug.com/548616: List markers shouldn't shift to avoid floats that come after them on a line."
      LayoutBlockFlow {OL} at (0,34) size 784x54
        LayoutListItem {LI} at (40,0) size 744x18
          LayoutListMarker (anonymous) at (-16,0) size 16x18: "1"
          LayoutImage (floating) {IMG} at (0,0) size 20x20 [bgcolor=#000000]
        LayoutListItem {LI} at (40,18) size 744x18
          LayoutListMarker (anonymous) at (4,0) size 16x18: "2"
          LayoutImage (floating) {IMG} at (20,0) size 20x20 [bgcolor=#000000]
        LayoutListItem {LI} at (40,36) size 744x18
          LayoutListMarker (anonymous) at (24,0) size 16x18: "3"
          LayoutImage (floating) {IMG} at (40,0) size 20x20 [bgcolor=#000000]
