layer at (0,0) size 800x600
  LayoutView at (0,0) size 800x600
layer at (0,0) size 800x140
  LayoutBlockFlow {HTML} at (0,0) size 800x140
    LayoutBlockFlow {BODY} at (8,16) size 784x108
layer at (8,16) size 784x108
  LayoutBlockFlow {OL} at (0,0) size 784x108
    LayoutListItem {LI} at (17.59,0) size 766.41x18
      LayoutListMarker (anonymous) at (-16,0) size 16x18: "1"
      LayoutText {#text} at (0,0) size 25x18
        text run at (0,0) width 25: "Foo"
    LayoutListItem {LI} at (17.59,18) size 766.41x18
      LayoutListMarker (anonymous) at (-16,0) size 16x18: "2"
      LayoutText {#text} at (0,0) size 25x18
        text run at (0,0) width 25: "Foo"
    LayoutListItem {LI} at (17.59,36) size 766.41x18
      LayoutListMarker (anonymous) at (-16,0) size 16x18: "3"
      LayoutText {#text} at (0,0) size 25x18
        text run at (0,0) width 25: "Foo"
    LayoutListItem {LI} at (17.59,54) size 766.41x18
      LayoutListMarker (anonymous) at (-16,0) size 16x18: "4"
      LayoutText {#text} at (0,0) size 25x18
        text run at (0,0) width 25: "Foo"
    LayoutListItem {LI} at (17.59,72) size 766.41x18
      LayoutListMarker (anonymous) at (-16,0) size 16x18: "5"
      LayoutText {#text} at (0,0) size 25x18
        text run at (0,0) width 25: "Foo"
    LayoutListItem {LI} at (17.59,90) size 766.41x18
      LayoutListMarker (anonymous) at (-16,0) size 16x18: "6"
      LayoutText {#text} at (0,0) size 25x18
        text run at (0,0) width 25: "Foo"
