layer at (0,0) size 800x600
  LayoutView at (0,0) size 800x600
layer at (0,0) size 800x600
  LayoutBlockFlow {HTML} at (0,0) size 800x600
    LayoutBlockFlow {BODY} at (8,8) size 784x576
      LayoutBlockFlow {P} at (0,0) size 784x36
        LayoutText {#text} at (0,0) size 764x36
          text run at (0,0) width 764: "Test of various CSS display types for list elements. All visible elements that have a display-type of list-item are given a"
          text run at (0,18) width 317: "number. This is generally going to be LI element."
      LayoutBlockFlow {OL} at (0,52) size 784x306
        LayoutListItem {LI} at (40,0) size 744x18
          LayoutListMarker (anonymous) at (-16,0) size 16x18: "3"
          LayoutText {#text} at (0,0) size 77x18
            text run at (0,0) width 77: "Should be 3"
        LayoutListItem {LI} at (40,18) size 744x18
          LayoutListMarker (anonymous) at (-16,0) size 16x18: "4"
          LayoutText {#text} at (0,0) size 77x18
            text run at (0,0) width 77: "Should be 4"
        LayoutBlockFlow {LI} at (40,36) size 744x18
          LayoutText {#text} at (0,0) size 168x18
            text run at (0,0) width 168: "Should not have a number"
        LayoutListItem {LI} at (40,54) size 744x18
          LayoutListMarker (anonymous) at (-16,0) size 16x18: "5"
          LayoutText {#text} at (0,0) size 77x18
            text run at (0,0) width 77: "Should be 5"
        LayoutBlockFlow (anonymous) at (40,72) size 744x18
          LayoutInline {LI} at (0,0) size 168x18
            LayoutText {#text} at (0,0) size 168x18
              text run at (0,0) width 168: "Should not have a number"
          LayoutText {#text} at (0,0) size 0x0
        LayoutListItem {LI} at (40,90) size 744x18
          LayoutListMarker (anonymous) at (-16,0) size 16x18: "6"
          LayoutText {#text} at (0,0) size 77x18
            text run at (0,0) width 77: "Should be 6"
        LayoutBlockFlow {DIV} at (40,108) size 744x18
          LayoutText {#text} at (0,0) size 168x18
            text run at (0,0) width 168: "Should not have a number"
        LayoutListItem {DIV} at (40,126) size 744x18
          LayoutListMarker (anonymous) at (-16,0) size 16x18: "7"
          LayoutText {#text} at (0,0) size 77x18
            text run at (0,0) width 77: "Should be 7"
        LayoutListItem {LI} at (40,144) size 744x18
          LayoutListMarker (anonymous) at (-16,0) size 16x18: "8"
          LayoutText {#text} at (0,0) size 77x18
            text run at (0,0) width 77: "Should be 8"
        LayoutListItem {LI} at (40,162) size 744x18
          LayoutText {#text} at (0,0) size 168x18
            text run at (0,0) width 168: "Should not have a number"
        LayoutListItem {LI} at (40,180) size 744x18
          LayoutListMarker (anonymous) at (-24,0) size 24x18: "10"
          LayoutText {#text} at (0,0) size 85x18
            text run at (0,0) width 85: "Should be 10"
        LayoutListItem {LI} at (40,198) size 744x18
          LayoutListMarker (anonymous) at (-17,0) size 7x18: bullet
          LayoutText {#text} at (0,0) size 121x18
            text run at (0,0) width 121: "Should have a disc"
        LayoutListItem {LI} at (40,216) size 744x18
          LayoutListMarker (anonymous) at (-24,0) size 24x18: "12"
          LayoutText {#text} at (0,0) size 85x18
            text run at (0,0) width 85: "Should be 12"
        LayoutListItem {LI} at (40,234) size 744x18
          LayoutListMarker (anonymous) at (-17,0) size 7x18: black square
          LayoutText {#text} at (0,0) size 137x18
            text run at (0,0) width 137: "Should have a square"
        LayoutListItem {LI} at (40,252) size 744x18
          LayoutListMarker (anonymous) at (-24,0) size 24x18: "14"
          LayoutText {#text} at (0,0) size 85x18
            text run at (0,0) width 85: "Should be 14"
        LayoutListItem {LI} at (40,270) size 744x18
          LayoutListMarker (anonymous) at (-17,0) size 7x18: white bullet
          LayoutText {#text} at (0,0) size 131x18
            text run at (0,0) width 131: "Should have a circle"
        LayoutListItem {LI} at (40,288) size 744x18
          LayoutListMarker (anonymous) at (-24,0) size 24x18: "16"
          LayoutText {#text} at (0,0) size 85x18
            text run at (0,0) width 85: "Should be 16"
