layer at (0,0) size 800x600
  LayoutView at (0,0) size 800x600
layer at (0,0) size 800x600
  LayoutBlockFlow {HTML} at (0,0) size 800x600
    LayoutBlockFlow {BODY} at (8,8) size 784x576
      LayoutBlockFlow {DIV} at (0,0) size 784x36
        LayoutBlockFlow {OL} at (0,0) size 784x36
          LayoutListItem {LI} at (40,0) size 744x18
            LayoutListMarker (anonymous) at (-16,0) size 16x18: "2"
            LayoutText {#text} at (0,0) size 22x18
              text run at (0,0) width 22: "foo"
          LayoutListItem {LI} at (40,18) size 744x18
            LayoutListMarker (anonymous) at (-16,0) size 16x18: "3"
            LayoutText {#text} at (0,0) size 21x18
              text run at (0,0) width 21: "bar"
