layer at (0,0) size 800x600
  LayoutView at (0,0) size 800x600
layer at (0,0) size 800x540
  LayoutBlockFlow {HTML} at (0,0) size 800x539.81
    LayoutBlockFlow {BODY} at (8,19.91) size 784x511.91
      LayoutBlockFlow {H2} at (0,0) size 784x28
        LayoutText {#text} at (0,0) size 303x28
          text run at (0,0) width 303: "A regular two level nested list"
      LayoutBlockFlow {P} at (0,47.91) size 784x18
        LayoutText {#text} at (0,0) size 566x18
          text run at (0,0) width 566: "The outer list is numbered using decimal numerals, the inner lists with lower case letters"
      LayoutBlockFlow {DIV} at (24,81.91) size 760x430 [border: (1px solid #000000)]
        LayoutListItem {DIV} at (33,1) size 726x20 [border: (1px solid #000000)]
          LayoutListMarker (anonymous) at (-16,1) size 16x18: "1"
          LayoutText {#text} at (33,1) size 42x18
            text run at (33,1) width 42: "Item 1"
        LayoutListItem {DIV} at (33,21) size 726x138 [border: (1px solid #000000)]
          LayoutBlockFlow (anonymous) at (33,1) size 692x18
            LayoutListMarker (anonymous) at (-49,0) size 16x18: "2"
            LayoutText {#text} at (0,0) size 42x18
              text run at (0,0) width 42: "Item 2"
          LayoutListItem {DIV} at (33,19) size 692x38 [border: (1px solid #000000)]
            LayoutListMarker (anonymous) at (-15.09,1) size 15.09x18: "a"
            LayoutText {#text} at (33,1) size 41x18
              text run at (33,1) width 41: "Item a"
            LayoutBR {BR} at (73,1) size 1x18
            LayoutText {#text} at (33,19) size 90x18
              text run at (33,19) width 90: "Item a, Line 2"
          LayoutListItem {DIV} at (33,57) size 692x20 [border: (1px solid #000000)]
            LayoutListMarker (anonymous) at (-16,1) size 16x18: "b"
            LayoutText {#text} at (33,1) size 42x18
              text run at (33,1) width 42: "Item b"
          LayoutListItem {DIV} at (33,77) size 692x20 [border: (1px solid #000000)]
            LayoutListMarker (anonymous) at (-15.09,1) size 15.09x18: "c"
            LayoutText {#text} at (33,1) size 41x18
              text run at (33,1) width 41: "Item c"
          LayoutBlockFlow {DIV} at (33,97) size 692x20 [border: (1px solid #000000)]
            LayoutText {#text} at (33,1) size 92x18
              text run at (33,1) width 92: "Not a list item"
          LayoutListItem {DIV} at (33,117) size 692x20 [border: (1px solid #000000)]
            LayoutListMarker (anonymous) at (-16,1) size 16x18: "d"
            LayoutText {#text} at (33,1) size 42x18
              text run at (33,1) width 42: "Item d"
        LayoutListItem {DIV} at (33,159) size 726x20 [border: (1px solid #000000)]
          LayoutListMarker (anonymous) at (-16,1) size 16x18: "3"
          LayoutText {#text} at (33,1) size 42x18
            text run at (33,1) width 42: "Item 3"
        LayoutBlockFlow {DIV} at (33,179) size 726x98 [border: (1px solid #000000)]
          LayoutBlockFlow (anonymous) at (33,1) size 692x18
            LayoutText {#text} at (0,0) size 92x18
              text run at (0,0) width 92: "Not a list item"
          LayoutListItem {DIV} at (33,19) size 692x38 [border: (1px solid #000000)]
            LayoutListMarker (anonymous) at (-15.09,1) size 15.09x18: "a"
            LayoutText {#text} at (33,1) size 41x18
              text run at (33,1) width 41: "Item a"
            LayoutBR {BR} at (73,1) size 1x18
            LayoutText {#text} at (33,19) size 90x18
              text run at (33,19) width 90: "Item a, Line 2"
          LayoutBlockFlow {DIV} at (33,57) size 692x20 [border: (1px solid #000000)]
            LayoutText {#text} at (33,1) size 92x18
              text run at (33,1) width 92: "Not a list item"
          LayoutListItem {DIV} at (33,77) size 692x20 [border: (1px solid #000000)]
            LayoutListMarker (anonymous) at (-16,1) size 16x18: "b"
            LayoutText {#text} at (33,1) size 42x18
              text run at (33,1) width 42: "Item b"
        LayoutListItem {DIV} at (33,277) size 726x20 [border: (1px solid #000000)]
          LayoutListMarker (anonymous) at (-16,1) size 16x18: "4"
          LayoutText {#text} at (33,1) size 42x18
            text run at (33,1) width 42: "Item 4"
        LayoutListItem {DIV} at (33,297) size 726x112 [border: (1px solid #000000)]
          LayoutBlockFlow (anonymous) at (33,1) size 692x18
            LayoutListMarker (anonymous) at (-49,0) size 16x18: "5"
            LayoutText {#text} at (0,0) size 42x18
              text run at (0,0) width 42: "Item 5"
          LayoutListItem {TABLE} at (33,19) size 692x46 [border: (1px dashed #000000)]
            LayoutBlockFlow (anonymous) at (1,1) size 690x18
              LayoutListMarker (anonymous) at (-16.09,0) size 15.09x18: "a"
            LayoutTable (anonymous) at (1,19) size 193x26
              LayoutTableSection {TBODY} at (0,0) size 193x26
                LayoutTableRow {TR} at (0,2) size 193x22
                  LayoutTableCell {TD} at (2,2) size 94x22 [border: (1px dotted #000000)] [r=0 c=0 rs=1 cs=1]
                    LayoutText {#text} at (2,2) size 90x18
                      text run at (2,2) width 90: "Table Cell A1"
                  LayoutTableCell {TD} at (98,2) size 93x22 [border: (1px dotted #000000)] [r=0 c=1 rs=1 cs=1]
                    LayoutText {#text} at (2,2) size 89x18
                      text run at (2,2) width 89: "Table Cell B1"
          LayoutListItem {TABLE} at (33,65) size 692x46 [border: (1px dashed #000000)]
            LayoutBlockFlow (anonymous) at (1,1) size 690x18
              LayoutListMarker (anonymous) at (-17,0) size 16x18: "b"
            LayoutTable (anonymous) at (1,19) size 217x26
              LayoutTableSection {TBODY} at (0,0) size 217x26
                LayoutTableRow {TR} at (0,2) size 217x22
                  LayoutTableCell {TD} at (2,2) size 106x22 [border: (1px dotted #000000)] [r=0 c=0 rs=1 cs=1]
                    LayoutText {#text} at (2,2) size 102x18
                      text run at (2,2) width 102: "Table 2 Cell A1"
                  LayoutTableCell {TD} at (110,2) size 105x22 [border: (1px dotted #000000)] [r=0 c=1 rs=1 cs=1]
                    LayoutText {#text} at (2,2) size 101x18
                      text run at (2,2) width 101: "Table 2 Cell B1"
        LayoutListItem {DIV} at (33,409) size 726x20 [border: (1px solid #000000)]
          LayoutListMarker (anonymous) at (-16,1) size 16x18: "6"
          LayoutText {#text} at (33,1) size 42x18
            text run at (33,1) width 42: "Item 6"
