layer at (0,0) size 800x600 clip at (0,0) size 785x600 scrollHeight 1282
  LayoutView at (0,0) size 800x600
layer at (0,0) size 785x1282 backgroundClip at (0,0) size 785x600 clip at (0,0) size 785x600
  LayoutBlockFlow {HTML} at (0,0) size 785x1282.19
    LayoutBlockFlow {BODY} at (8,17.41) size 769x1256.78 [color=#00FF00] [bgcolor=#333333]
      LayoutBlockFlow {H1} at (0,0) size 769x30
        LayoutText {#text} at (0,0) size 528x30
          text run at (0,0) width 528: "CSS2 Table Backgrounds Test Suite"
      LayoutBlockFlow {H2} at (0,47.41) size 769x23
        LayoutText {#text} at (0,0) size 252x23
          text run at (0,0) width 252: "Part E: Special Tests"
      LayoutBlockFlow {H3} at (0,86.58) size 769x17
        LayoutText {#text} at (0,0) size 108x17
          text run at (0,0) width 108: "opacity: 0.5"
      LayoutBlockFlow {UL} at (0,118.78) size 769x64
        LayoutListItem {LI} at (40,0) size 729x16
          LayoutListMarker (anonymous) at (-16,0) size 6x16: bullet
          LayoutText {#text} at (0,0) size 280x16
            text run at (0,0) width 280: "The first three rows should be red."
        LayoutListItem {LI} at (40,16) size 729x16
          LayoutListMarker (anonymous) at (-16,0) size 6x16: bullet
          LayoutText {#text} at (0,0) size 240x16
            text run at (0,0) width 240: "The last row should be orange."
        LayoutListItem {LI} at (40,32) size 729x32
          LayoutListMarker (anonymous) at (-16,0) size 6x16: bullet
          LayoutText {#text} at (0,0) size 696x32
            text run at (0,0) width 696: "Cell A should be purple. Cell P should also be purple, but of a shade that reflects the"
            text run at (0,16) width 304: "underlying orange rather than the red."
      LayoutBlockFlow {DL} at (0,195.78) size 769x96
        LayoutBlockFlow {DT} at (0,0) size 769x16
          LayoutText {#text} at (0,0) size 32x16
            text run at (0,0) width 32: "next"
        LayoutBlockFlow {DD} at (40,16) size 729x16
          LayoutInline {A} at (0,0) size 256x16 [color=#FFFF00]
            LayoutText {#text} at (0,0) size 256x16
              text run at (0,0) width 256: "Special Tests: Fixed Backgrounds"
          LayoutText {#text} at (0,0) size 0x0
        LayoutBlockFlow {DT} at (0,32) size 769x16
          LayoutText {#text} at (0,0) size 64x16
            text run at (0,0) width 64: "previous"
        LayoutBlockFlow {DD} at (40,48) size 729x16
          LayoutInline {A} at (0,0) size 408x16 [color=#FFFF00]
            LayoutText {#text} at (0,0) size 408x16
              text run at (0,0) width 408: "Background with Borders: Background on 'table-cell'"
          LayoutText {#text} at (0,0) size 0x0
        LayoutBlockFlow {DT} at (0,64) size 769x16
          LayoutText {#text} at (0,0) size 64x16
            text run at (0,0) width 64: "contents"
        LayoutBlockFlow {DD} at (40,80) size 729x16
          LayoutInline {A} at (0,0) size 136x16 [color=#FFFF00]
            LayoutText {#text} at (0,0) size 136x16
              text run at (0,0) width 136: "Table of Contents"
          LayoutText {#text} at (0,0) size 0x0
      LayoutTable {TABLE} at (0,304.78) size 618x467 [color=#000000] [bgcolor=#FFFFFF] [border: (1px dotted #000000)]
        LayoutBlockFlow {CAPTION} at (0,0) size 618x23 [color=#FFFFFF]
          LayoutText {#text} at (161,0) size 296x22
            text run at (161,0) width 296: "With 'border-collapse: separate'"
        LayoutTableCol {COLGROUP} at (0,0) size 0x0
          LayoutTableCol {COL} at (0,0) size 0x0
          LayoutTableCol {COL} at (0,0) size 0x0
          LayoutTableCol {COL} at (0,0) size 0x0
        LayoutTableCol {COLGROUP} at (0,0) size 0x0
          LayoutTableCol {COL} at (0,0) size 0x0
        LayoutTableSection {THEAD} at (1,24) size 616x114
        LayoutTableSection {TBODY} at (1,138) size 616x206
      LayoutTable {TABLE} at (0,771.78) size 578x433 [color=#000000] [bgcolor=#FFFFFF] [border: (6px dotted #000000)]
        LayoutBlockFlow {CAPTION} at (0,0) size 578x23 [color=#FFFFFF]
          LayoutText {#text} at (143,0) size 292x22
            text run at (143,0) width 292: "With 'border-collapse: collapse'"
        LayoutTableCol {COLGROUP} at (0,0) size 0x0
          LayoutTableCol {COL} at (0,0) size 0x0
          LayoutTableCol {COL} at (0,0) size 0x0
          LayoutTableCol {COL} at (0,0) size 0x0
        LayoutTableCol {COLGROUP} at (0,0) size 0x0
          LayoutTableCol {COL} at (0,0) size 0x0
        LayoutTableSection {THEAD} at (0,29) size 577x99
        LayoutTableSection {TBODY} at (0,128) size 577x190
      LayoutBlockFlow {DIV} at (0,1204.78) size 769x35
        LayoutInline {A} at (0,0) size 88x16 [color=#FFFF00]
          LayoutImage {IMG} at (0,0) size 88x31
        LayoutText {#text} at (0,0) size 0x0
      LayoutBlockFlow {ADDRESS} at (0,1239.78) size 769x17
        LayoutText {#text} at (0,0) size 704x17
          text run at (0,0) width 704: "CSS2 Table Backgrounds Test Suite designed and written by fantasai <fantasai@escape.com>"
layer at (9,353) size 616x100 transparent
  LayoutTableRow {TR} at (0,7) size 616x100 [bgcolor=#FF0000]
    LayoutTableCell {TH} at (144,31) size 220x51 [border: (13px dotted #000000)] [r=0 c=1 rs=1 cs=1]
      LayoutText {#text} at (87,14) size 46x22
        text run at (87,14) width 46: "TH B"
    LayoutTableCell {TH} at (371,55) size 118x4 [border: (1px dotted #000000)] [r=0 c=2 rs=1 cs=1]
    LayoutTableCell {TH} at (496,43) size 113x27 [border: (1px dotted #000000)] [r=0 c=3 rs=1 cs=1]
      LayoutText {#text} at (34,2) size 45x22
        text run at (34,2) width 45: "TH D"
layer at (16,353) size 130x100 transparent
  LayoutTableCell {TH} at (7,43) size 130x27 [bgcolor=#0000FF] [border: (1px dotted #000000)] [r=0 c=0 rs=1 cs=1]
    LayoutText {#text} at (43,2) size 44x22
      text run at (43,2) width 44: "TH A"
layer at (9,666) size 616x122 backgroundClip at (0,0) size 785x600 clip at (0,0) size 785x600 transparent
  LayoutTableSection {TFOOT} at (1,344) size 616x122 [bgcolor=#FFFF00]
layer at (9,666) size 616x115 backgroundClip at (0,0) size 785x600 clip at (0,0) size 785x600 transparent
  LayoutTableRow {TR} at (0,0) size 616x115 [bgcolor=#FF0000]
    LayoutTableCell {TD} at (7,44) size 357x27 [border: (1px dotted #000000)] [r=0 c=0 rs=1 cs=2]
      LayoutText {#text} at (2,2) size 49x22
        text run at (2,2) width 49: "TD M"
    LayoutTableCell {TD} at (371,44) size 118x27 [border: (1px dotted #000000)] [r=0 c=2 rs=1 cs=1]
      LayoutText {#text} at (2,2) size 47x22
        text run at (2,2) width 47: "TD O"
layer at (505,666) size 113x115 backgroundClip at (0,0) size 785x600 clip at (0,0) size 785x600 transparent
  LayoutTableCell {TD} at (496,44) size 113x27 [bgcolor=#0000FF] [border: (1px dotted #000000)] [r=0 c=3 rs=1 cs=1]
    LayoutText {#text} at (2,2) size 45x22
      text run at (2,2) width 45: "TD P"
layer at (9,460) size 616x108 transparent
  LayoutTableRow {TR} at (0,0) size 616x108 [bgcolor=#FF0000]
    LayoutTableCell {TD} at (7,74) size 130x51 [border: (13px dotted #000000)] [r=0 c=0 rs=2 cs=1]
      LayoutText {#text} at (14,14) size 45x22
        text run at (14,14) width 45: "TD E"
    LayoutTableCell {TD} at (144,40) size 220x27 [border: (1px dotted #000000)] [r=0 c=1 rs=1 cs=1]
      LayoutText {#text} at (2,2) size 44x22
        text run at (2,2) width 44: "TD F"
    LayoutTableCell {TD} at (371,40) size 118x27 [border: (1px dotted #000000)] [r=0 c=2 rs=1 cs=1]
      LayoutText {#text} at (2,2) size 47x22
        text run at (2,2) width 47: "TD G"
    LayoutTableCell {TD} at (496,40) size 113x27 [border: (1px dotted #000000)] [r=0 c=3 rs=1 cs=1]
      LayoutText {#text} at (2,2) size 45x22
        text run at (2,2) width 45: "TD H"
layer at (9,575) size 616x84 backgroundClip at (0,0) size 785x600 clip at (0,0) size 785x600 transparent
  LayoutTableRow {TR} at (0,115) size 616x84 [bgcolor=#FF0000]
    LayoutTableCell {TD} at (144,143) size 220x27 [border: (1px dotted #000000)] [r=1 c=1 rs=1 cs=1]
      LayoutText {#text} at (2,2) size 43x22
        text run at (2,2) width 43: "TD J"
    LayoutTableCell {TD} at (371,143) size 118x27 [border: (1px dotted #000000)] [r=1 c=2 rs=1 cs=1]
      LayoutText {#text} at (2,2) size 46x22
        text run at (2,2) width 46: "TD K"
    LayoutTableCell {TD} at (496,143) size 113x27 [border: (1px dotted #000000)] [r=1 c=3 rs=1 cs=1]
      LayoutText {#text} at (2,2) size 44x22
        text run at (2,2) width 44: "TD L"
layer at (8,818) size 577x99 backgroundClip at (0,0) size 785x600 clip at (0,0) size 785x600 transparent
  LayoutTableRow {TR} at (0,0) size 577x99 [bgcolor=#FF0000]
    LayoutTableCell {TH} at (135,30) size 207x38 [border: (7px dotted #000000)] [r=0 c=1 rs=1 cs=1]
      LayoutText {#text} at (81,8) size 46x22
        text run at (81,8) width 46: "TH B"
    LayoutTableCell {TH} at (342,48) size 123x3 [border: (1px dotted #000000)] [r=0 c=2 rs=1 cs=1]
    LayoutTableCell {TH} at (465,36) size 112x26 [border: (1px dotted #000000)] [r=0 c=3 rs=1 cs=1]
      LayoutText {#text} at (34,2) size 45x22
        text run at (34,2) width 45: "TH D"
layer at (8,818) size 135x99 backgroundClip at (0,0) size 785x600 clip at (0,0) size 785x600 transparent
  LayoutTableCell {TH} at (0,33) size 135x32 [bgcolor=#0000FF] [border: (1px dotted #000000)] [r=0 c=0 rs=1 cs=1]
    LayoutText {#text} at (43,2) size 44x22
      text run at (43,2) width 44: "TH A"
layer at (8,1107) size 577x114 backgroundClip at (0,0) size 785x600 clip at (0,0) size 785x600 transparent
  LayoutTableSection {TFOOT} at (0,318) size 577x114 [bgcolor=#FFFF00]
layer at (8,1107) size 577x114 backgroundClip at (0,0) size 785x600 clip at (0,0) size 785x600 transparent
  LayoutTableRow {TR} at (0,0) size 577x114 [bgcolor=#FF0000]
    LayoutTableCell {TD} at (0,41) size 342x32 [border: (7px dotted #000000)] [r=0 c=0 rs=1 cs=2]
      LayoutText {#text} at (2,8) size 49x22
        text run at (2,8) width 49: "TD M"
    LayoutTableCell {TD} at (342,44) size 123x26 [border: (1px dotted #000000)] [r=0 c=2 rs=1 cs=1]
      LayoutText {#text} at (2,2) size 47x22
        text run at (2,2) width 47: "TD O"
layer at (473,1107) size 112x114 backgroundClip at (0,0) size 785x600 clip at (0,0) size 785x600 transparent
  LayoutTableCell {TD} at (465,44) size 112x26 [bgcolor=#0000FF] [border: (1px dotted #000000)] [r=0 c=3 rs=1 cs=1]
    LayoutText {#text} at (2,2) size 45x22
      text run at (2,2) width 45: "TD P"
layer at (8,917) size 577x107 backgroundClip at (0,0) size 785x600 clip at (0,0) size 785x600 transparent
  LayoutTableRow {TR} at (0,0) size 577x107 [bgcolor=#FF0000]
    LayoutTableCell {TD} at (0,76) size 135x38 [border: (7px dotted #000000)] [r=0 c=0 rs=2 cs=1]
      LayoutText {#text} at (8,8) size 45x22
        text run at (8,8) width 45: "TD E"
    LayoutTableCell {TD} at (135,37) size 207x32 [border: (7px dotted #000000)] [r=0 c=1 rs=1 cs=1]
      LayoutText {#text} at (8,8) size 44x22
        text run at (8,8) width 44: "TD F"
    LayoutTableCell {TD} at (342,40) size 123x26 [border: (1px dotted #000000)] [r=0 c=2 rs=1 cs=1]
      LayoutText {#text} at (2,2) size 47x22
        text run at (2,2) width 47: "TD G"
    LayoutTableCell {TD} at (465,40) size 112x26 [border: (1px dotted #000000)] [r=0 c=3 rs=1 cs=1]
      LayoutText {#text} at (2,2) size 45x22
        text run at (2,2) width 45: "TD H"
layer at (8,1024) size 577x83 backgroundClip at (0,0) size 785x600 clip at (0,0) size 785x600 transparent
  LayoutTableRow {TR} at (0,107) size 577x83 [bgcolor=#FF0000]
    LayoutTableCell {TD} at (135,135) size 207x26 [border: (1px dotted #000000)] [r=1 c=1 rs=1 cs=1]
      LayoutText {#text} at (8,2) size 43x22
        text run at (8,2) width 43: "TD J"
    LayoutTableCell {TD} at (342,135) size 123x26 [border: (1px dotted #000000)] [r=1 c=2 rs=1 cs=1]
      LayoutText {#text} at (2,2) size 46x22
        text run at (2,2) width 46: "TD K"
    LayoutTableCell {TD} at (465,135) size 112x26 [border: (1px dotted #000000)] [r=1 c=3 rs=1 cs=1]
      LayoutText {#text} at (2,2) size 44x22
        text run at (2,2) width 44: "TD L"
