layer at (0,0) size 800x600
  LayoutView at (0,0) size 800x600
layer at (0,0) size 800x600
  LayoutBlockFlow {HTML} at (0,0) size 800x600
    LayoutBlockFlow {BODY} at (8,8) size 784x584
      LayoutText {#text} at (0,0) size 244x19
        text run at (0,0) width 244: "The two blue boxes should be aligned."
      LayoutBR {BR} at (244,15) size 0x0
      LayoutText {#text} at (0,20) size 237x19
        text run at (0,20) width 237: "The two red boxes should be aligned."
      LayoutBR {BR} at (237,35) size 0x0
      LayoutText {#text} at (0,40) size 338x19
        text run at (0,40) width 338: "The text in the blue boxes should be on the same line."
      LayoutBR {BR} at (338,55) size 0x0
      LayoutText {#text} at (0,60) size 331x19
        text run at (0,60) width 331: "The text in the red boxes should be on the same line."
      LayoutBR {BR} at (331,75) size 0x0
      LayoutText {#text} at (0,80) size 633x19
        text run at (0,80) width 633: "The top of the first red box should line up with the bottom of the second last line of the last blue box."
      LayoutBR {BR} at (633,95) size 0x0
      LayoutBlockFlow {P} at (0,100) size 67x84 [border: (2px solid #0000FF)]
        LayoutText {#text} at (2,2) size 63x19
          text run at (2,2) width 63: "All on the"
        LayoutBR {BR} at (65,17) size 0x0
        LayoutText {#text} at (2,22) size 63x19
          text run at (2,22) width 63: "All on the"
        LayoutBR {BR} at (65,37) size 0x0
        LayoutText {#text} at (2,42) size 63x19
          text run at (2,42) width 63: "All on the"
        LayoutBR {BR} at (65,57) size 0x0
        LayoutText {#text} at (2,62) size 63x19
          text run at (2,62) width 63: "All on the"
      LayoutText {#text} at (67,162) size 4x19
        text run at (67,162) width 4: " "
      LayoutBlockFlow {P} at (71,100) size 67x84 [border: (2px solid #0000FF)]
        LayoutBlockFlow {SPAN} at (2,2) size 63x80
          LayoutText {#text} at (0,0) size 63x19
            text run at (0,0) width 63: "same line."
          LayoutBR {BR} at (63,15) size 0x0
          LayoutText {#text} at (0,20) size 63x19
            text run at (0,20) width 63: "same line."
          LayoutBR {BR} at (63,35) size 0x0
          LayoutText {#text} at (0,40) size 63x19
            text run at (0,40) width 63: "same line."
          LayoutBR {BR} at (63,55) size 0x0
          LayoutText {#text} at (0,60) size 63x19
            text run at (0,60) width 63: "same line."
      LayoutText {#text} at (138,162) size 4x19
        text run at (138,162) width 4: " "
      LayoutTable {TABLE} at (142,155) size 67x84 [border: (2px solid #FF0000)]
        LayoutTableSection {TBODY} at (2,2) size 63x80
          LayoutTableRow {TR} at (0,0) size 63x20
            LayoutTableCell {TD} at (0,0) size 63x20 [r=0 c=0 rs=1 cs=1]
              LayoutText {#text} at (0,0) size 63x19
                text run at (0,0) width 63: "All on the"
          LayoutTableRow {TR} at (0,20) size 63x20
            LayoutTableCell {TD} at (0,20) size 63x20 [r=1 c=0 rs=1 cs=1]
              LayoutText {#text} at (0,0) size 63x19
                text run at (0,0) width 63: "All on the"
          LayoutTableRow {TR} at (0,40) size 63x20
            LayoutTableCell {TD} at (0,40) size 63x20 [r=2 c=0 rs=1 cs=1]
              LayoutText {#text} at (0,0) size 63x19
                text run at (0,0) width 63: "All on the"
          LayoutTableRow {TR} at (0,60) size 63x20
            LayoutTableCell {TD} at (0,60) size 63x20 [r=3 c=0 rs=1 cs=1]
              LayoutText {#text} at (0,0) size 63x19
                text run at (0,0) width 63: "All on the"
      LayoutText {#text} at (209,162) size 4x19
        text run at (209,162) width 4: " "
      LayoutTable {TABLE} at (213,155) size 71x84 [border: (2px solid #FF0000)]
        LayoutTableSection {TBODY} at (2,2) size 67x80
          LayoutTableRow {TR} at (0,0) size 67x20
            LayoutTableCell {TD} at (0,0) size 67x20 [r=0 c=0 rs=1 cs=1]
              LayoutText {#text} at (0,0) size 67x19
                text run at (0,0) width 67: "same line. "
          LayoutTableRow {TR} at (0,20) size 67x20
            LayoutTableCell {TD} at (0,20) size 67x20 [r=1 c=0 rs=1 cs=1]
              LayoutText {#text} at (0,0) size 67x19
                text run at (0,0) width 67: "same line. "
          LayoutTableRow {TR} at (0,40) size 67x20
            LayoutTableCell {TD} at (0,40) size 67x20 [r=2 c=0 rs=1 cs=1]
              LayoutText {#text} at (0,0) size 67x19
                text run at (0,0) width 67: "same line. "
          LayoutTableRow {TR} at (0,60) size 67x20
            LayoutTableCell {TD} at (0,60) size 67x20 [r=3 c=0 rs=1 cs=1]
              LayoutText {#text} at (0,0) size 63x19
                text run at (0,0) width 63: "same line."
      LayoutText {#text} at (0,0) size 0x0
