layer at (0,0) size 800x600
  LayoutView at (0,0) size 800x600
layer at (0,0) size 800x600
  LayoutBlockFlow {HTML} at (0,0) size 800x600
    LayoutBlockFlow {BODY} at (8,8) size 784x584
      LayoutBlockFlow {P} at (0,0) size 784x20
        LayoutText {#text} at (0,0) size 527x19
          text run at (0,0) width 527: "The two divs below should be on the same line, since they are display: inline-block."
      LayoutBlockFlow {CENTER} at (0,36) size 784x24
        LayoutBlockFlow {DIV} at (88,0) size 304x24 [border: (2px solid #0000FF)]
          LayoutText {#text} at (103,2) size 98x19
            text run at (103,2) width 98: "This is div one."
        LayoutBlockFlow {DIV} at (392,0) size 304x24 [border: (2px solid #0000FF)]
          LayoutText {#text} at (103,2) size 98x19
            text run at (103,2) width 98: "This is div two."
        LayoutText {#text} at (0,0) size 0x0
      LayoutBlockFlow {P} at (0,76) size 784x20
        LayoutText {#text} at (0,0) size 648x19
          text run at (0,0) width 648: "The two divs below should be on separate lines, since they are wrapped in elements with width: 100%."
      LayoutBlockFlow (anonymous) at (0,112) size 784x56
        LayoutBlockFlow {BLOCK} at (0,0) size 788x28 [border: (2px solid #008000)]
          LayoutBlockFlow {DIV} at (2,2) size 304x24 [border: (2px solid #0000FF)]
            LayoutText {#text} at (2,2) size 97x19
              text run at (2,2) width 97: "This is div one."
        LayoutText {#text} at (0,0) size 0x0
        LayoutBlockFlow {BLOCK} at (0,28) size 788x28 [border: (2px solid #008000)]
          LayoutBlockFlow {DIV} at (2,2) size 304x24 [border: (2px solid #0000FF)]
            LayoutText {#text} at (2,2) size 98x19
              text run at (2,2) width 98: "This is div two."
        LayoutText {#text} at (0,0) size 0x0
