layer at (0,0) size 800x600
  LayoutView at (0,0) size 800x600
layer at (0,0) size 800x600
  LayoutBlockFlow {HTML} at (0,0) size 800x600
    LayoutBlockFlow {BODY} at (8,8) size 784x584
      LayoutText {#text} at (0,0) size 772x39
        text run at (0,0) width 313: "This is a baseline alignment test for inline blocks. "
        text run at (313,0) width 459: "The last lines of the two red-bordered inline blocks should line up and be"
        text run at (0,20) width 102: "on the baseline. "
      LayoutBR {BR} at (102,35) size 0x0
      LayoutBlockFlow {DIV} at (0,70) size 255x64 [border: (2px solid #FF0000)]
        LayoutText {#text} at (12,12) size 81x19
          text run at (12,12) width 81: "This is block"
        LayoutBR {BR} at (93,27) size 0x0
        LayoutText {#text} at (12,32) size 231x19
          text run at (12,32) width 83: "number one. "
          text run at (95,32) width 148: "This line is the last one."
      LayoutText {#text} at (255,102) size 4x19
        text run at (255,102) width 4: " "
      LayoutBlockFlow {DIV} at (259,40) size 192x134 [border: (2px solid #FF0000)]
        LayoutBlockFlow (anonymous) at (12,12) size 168x40
          LayoutText {#text} at (0,0) size 42x19
            text run at (0,0) width 42: "This is"
          LayoutBR {BR} at (42,15) size 0x0
          LayoutText {#text} at (0,20) size 80x19
            text run at (0,20) width 80: "number two."
        LayoutBlockFlow {DIV} at (12,52) size 168x40
          LayoutText {#text} at (10,10) size 148x19
            text run at (10,10) width 148: "This line is the last one."
      LayoutText {#text} at (451,102) size 139x19
        text run at (451,102) width 139: " More text on the line."
      LayoutBR {BR} at (590,117) size 0x0
      LayoutText {#text} at (0,174) size 87x19
        text run at (0,174) width 87: "The next line."
