layer at (0,0) size 800x600
  LayoutView at (0,0) size 800x600
layer at (0,0) size 800x600
  LayoutBlockFlow {HTML} at (0,0) size 800x600
    LayoutBlockFlow {BODY} at (8,8) size 784x584
      LayoutBlockFlow {P} at (0,0) size 784x20
        LayoutText {#text} at (0,0) size 93x19
          text run at (0,0) width 93: "This test is for "
        LayoutInline {A} at (0,0) size 299x19 [color=#0000EE]
          LayoutText {#text} at (93,0) size 299x19
            text run at (93,0) width 299: "http://bugs.webkit.org/show_bug.cgi?id=14498"
        LayoutText {#text} at (391,0) size 5x19
          text run at (391,0) width 5: "."
      LayoutBlockFlow {P} at (0,36) size 784x20
        LayoutText {#text} at (0,0) size 402x19
          text run at (0,0) width 402: "Click inside the right border. The caret should move after \x{201C}bar\x{201D}."
      LayoutBlockFlow (anonymous) at (0,72) size 784x20
        LayoutInline {SPAN} at (0,0) size 65x39 [border: (10px solid #0000FF)]
          LayoutText {#text} at (0,0) size 0x0
          LayoutBlockFlow {DIV} at (10,0) size 21x20
            LayoutText {#text} at (0,0) size 21x19
              text run at (0,0) width 21: "foo"
          LayoutText {#text} at (31,0) size 4x19
            text run at (31,0) width 4: " "
          LayoutBlockFlow {DIV} at (35,0) size 20x20
            LayoutText {#text} at (0,0) size 20x19
              text run at (0,0) width 20: "bar"
          LayoutText {#text} at (0,0) size 0x0
        LayoutText {#text} at (0,0) size 0x0
caret: position 3 of child 0 {#text} of child 3 {DIV} of child 5 {SPAN} of body
