layer at (0,0) size 800x600
  LayoutView at (0,0) size 800x600
layer at (0,0) size 800x508
  LayoutBlockFlow {HTML} at (0,0) size 800x508
    LayoutBlockFlow {BODY} at (0,0) size 800x254
      LayoutBlockFlow (floating) {DIV} at (5,0) size 129.77x254
        LayoutBlockFlow {P} at (0,16) size 129.77x20
          LayoutText {#text} at (0,0) size 130x19
            text run at (0,0) width 130: "VerticalLR and LTR"
        LayoutBlockFlow {DIV} at (0,52) size 125x202 [bgcolor=#808080]
          LayoutBlockFlow {DIV} at (20,10) size 36x27 [border: (2px solid #000000) (5px solid #000000) (3px solid #000000) (4px solid #000000)]
            LayoutText {#text} at (12,8) size 15x9
              text run at (12,8) width 9: "A"
          LayoutBlockFlow {DIV} at (18,51) size 43x32 [border: (2px solid #000000) (5px solid #000000) (3px solid #000000) (4px solid #000000)]
            LayoutText {#text} at (12,8) size 22x14
              text run at (12,8) width 14: "A"
          LayoutBlockFlow {DIV} at (16,97) size 55x40 [border: (2px solid #000000) (5px solid #000000) (3px solid #000000) (4px solid #000000)]
            LayoutText {#text} at (12,8) size 34x22
              text run at (12,8) width 22: "A"
          LayoutBlockFlow {DIV} at (12,151) size 68x47 [border: (2px solid #000000) (5px solid #000000) (3px solid #000000) (4px solid #000000)]
            LayoutText {#text} at (13,8) size 46x29
              text run at (13,8) width 29: "A"
          LayoutText {#text} at (0,0) size 0x0
      LayoutBlockFlow (floating) {DIV} at (139.77,0) size 130.27x254
        LayoutBlockFlow {P} at (0,16) size 130.27x20
          LayoutText {#text} at (0,0) size 131x19
            text run at (0,0) width 131: "VerticalLR and RTL"
          LayoutBR {BR} at (130,0) size 1x19
        LayoutBlockFlow {DIV} at (0,52) size 125x202 [bgcolor=#808080]
          LayoutBlockFlow {DIV} at (20,171) size 36x27 [border: (2px solid #000000) (5px solid #000000) (3px solid #000000) (4px solid #000000)]
            LayoutText {#text} at (12,8) size 15x9
              text run at (12,8) width 9: "A"
          LayoutBlockFlow {DIV} at (18,125) size 43x32 [border: (2px solid #000000) (5px solid #000000) (3px solid #000000) (4px solid #000000)]
            LayoutText {#text} at (12,8) size 22x14
              text run at (12,8) width 14: "A"
          LayoutBlockFlow {DIV} at (16,71) size 55x40 [border: (2px solid #000000) (5px solid #000000) (3px solid #000000) (4px solid #000000)]
            LayoutText {#text} at (12,8) size 34x22
              text run at (12,8) width 22: "A"
          LayoutBlockFlow {DIV} at (12,10) size 68x47 [border: (2px solid #000000) (5px solid #000000) (3px solid #000000) (4px solid #000000)]
            LayoutText {#text} at (13,8) size 46x29
              text run at (13,8) width 29: "A"
          LayoutText {#text} at (0,0) size 0x0
      LayoutBlockFlow (floating) {DIV} at (275.03,0) size 175x254
        LayoutBlockFlow {P} at (0,16) size 175x20
          LayoutText {#text} at (0,0) size 130x19
            text run at (0,0) width 130: "VerticalLR and LTR"
        LayoutBlockFlow {DIV} at (0,52) size 175x202 [bgcolor=#808080]
          LayoutBlockFlow {DIV} at (12,10) size 58x27 [border: (2px solid #000000) (5px solid #000000) (3px solid #000000) (4px solid #000000)]
            LayoutText {#text} at (34,8) size 15x9
              text run at (34,8) width 9: "A"
          LayoutBlockFlow {DIV} at (32,51) size 43x32 [border: (2px solid #000000) (5px solid #000000) (3px solid #000000) (4px solid #000000)]
            LayoutText {#text} at (12,8) size 22x14
              text run at (12,8) width 14: "A"
          LayoutBlockFlow {DIV} at (30,97) size 82x40 [border: (2px solid #000000) (5px solid #000000) (3px solid #000000) (4px solid #000000)]
            LayoutText {#text} at (12,8) size 34x22
              text run at (12,8) width 22: "A"
          LayoutBlockFlow {DIV} at (26,151) size 68x47 [border: (2px solid #000000) (5px solid #000000) (3px solid #000000) (4px solid #000000)]
            LayoutText {#text} at (13,8) size 46x29
              text run at (13,8) width 29: "A"
          LayoutText {#text} at (0,0) size 0x0
      LayoutBlockFlow (floating) {DIV} at (455.03,0) size 175x254
        LayoutBlockFlow {P} at (0,16) size 175x20
          LayoutText {#text} at (0,0) size 131x19
            text run at (0,0) width 131: "VerticalLR and RTL"
        LayoutBlockFlow {DIV} at (0,52) size 175x202 [bgcolor=#808080]
          LayoutBlockFlow {DIV} at (12,171) size 58x27 [border: (2px solid #000000) (5px solid #000000) (3px solid #000000) (4px solid #000000)]
            LayoutText {#text} at (34,8) size 15x9
              text run at (34,8) width 9: "A"
          LayoutBlockFlow {DIV} at (32,125) size 43x32 [border: (2px solid #000000) (5px solid #000000) (3px solid #000000) (4px solid #000000)]
            LayoutText {#text} at (12,8) size 22x14
              text run at (12,8) width 14: "A"
          LayoutBlockFlow {DIV} at (30,71) size 82x40 [border: (2px solid #000000) (5px solid #000000) (3px solid #000000) (4px solid #000000)]
            LayoutText {#text} at (12,8) size 34x22
              text run at (12,8) width 22: "A"
          LayoutBlockFlow {DIV} at (26,10) size 68x47 [border: (2px solid #000000) (5px solid #000000) (3px solid #000000) (4px solid #000000)]
            LayoutText {#text} at (13,8) size 46x29
              text run at (13,8) width 29: "A"
          LayoutText {#text} at (0,0) size 0x0
      LayoutBR {BR} at (630,0) size 1x19
      LayoutBlockFlow (floating) {DIV} at (5,254) size 129.77x254
        LayoutBlockFlow {P} at (0,16) size 129.77x20
          LayoutText {#text} at (0,0) size 130x19
            text run at (0,0) width 130: "VerticalRL and LTR"
        LayoutBlockFlow {DIV} at (0,52) size 125x202 [bgcolor=#808080]
          LayoutBlockFlow {DIV} at (31,10) size 36x27 [border: (2px solid #000000) (5px solid #000000) (3px solid #000000) (4px solid #000000)]
            LayoutText {#text} at (8,8) size 15x9
              text run at (8,8) width 9: "A"
          LayoutBlockFlow {DIV} at (26,51) size 43x32 [border: (2px solid #000000) (5px solid #000000) (3px solid #000000) (4px solid #000000)]
            LayoutText {#text} at (8,8) size 22x14
              text run at (8,8) width 14: "A"
          LayoutBlockFlow {DIV} at (16,97) size 55x40 [border: (2px solid #000000) (5px solid #000000) (3px solid #000000) (4px solid #000000)]
            LayoutText {#text} at (8,8) size 34x22
              text run at (8,8) width 22: "A"
          LayoutBlockFlow {DIV} at (6,151) size 68x47 [border: (2px solid #000000) (5px solid #000000) (3px solid #000000) (4px solid #000000)]
            LayoutText {#text} at (9,8) size 46x29
              text run at (9,8) width 29: "A"
          LayoutText {#text} at (0,0) size 0x0
      LayoutText {#text} at (0,0) size 0x0
      LayoutBlockFlow (floating) {DIV} at (139.77,254) size 130.27x254
        LayoutBlockFlow {P} at (0,16) size 130.27x20
          LayoutText {#text} at (0,0) size 131x19
            text run at (0,0) width 131: "VerticalRL and RTL"
        LayoutBlockFlow {DIV} at (0,52) size 125x202 [bgcolor=#808080]
          LayoutBlockFlow {DIV} at (31,171) size 36x27 [border: (2px solid #000000) (5px solid #000000) (3px solid #000000) (4px solid #000000)]
            LayoutText {#text} at (8,8) size 15x9
              text run at (8,8) width 9: "A"
          LayoutBlockFlow {DIV} at (26,125) size 43x32 [border: (2px solid #000000) (5px solid #000000) (3px solid #000000) (4px solid #000000)]
            LayoutText {#text} at (8,8) size 22x14
              text run at (8,8) width 14: "A"
          LayoutBlockFlow {DIV} at (16,71) size 55x40 [border: (2px solid #000000) (5px solid #000000) (3px solid #000000) (4px solid #000000)]
            LayoutText {#text} at (8,8) size 34x22
              text run at (8,8) width 22: "A"
          LayoutBlockFlow {DIV} at (6,10) size 68x47 [border: (2px solid #000000) (5px solid #000000) (3px solid #000000) (4px solid #000000)]
            LayoutText {#text} at (9,8) size 46x29
              text run at (9,8) width 29: "A"
          LayoutText {#text} at (0,0) size 0x0
      LayoutText {#text} at (0,0) size 0x0
      LayoutBlockFlow (floating) {DIV} at (275.03,254) size 175x254
        LayoutBlockFlow {P} at (0,16) size 175x20
          LayoutText {#text} at (0,0) size 130x19
            text run at (0,0) width 130: "VerticalRL and LTR"
        LayoutBlockFlow {DIV} at (0,52) size 175x202 [bgcolor=#808080]
          LayoutBlockFlow {DIV} at (48,10) size 58x27 [border: (2px solid #000000) (5px solid #000000) (3px solid #000000) (4px solid #000000)]
            LayoutText {#text} at (8,8) size 15x9
              text run at (8,8) width 9: "A"
          LayoutBlockFlow {DIV} at (43,51) size 43x32 [border: (2px solid #000000) (5px solid #000000) (3px solid #000000) (4px solid #000000)]
            LayoutText {#text} at (8,8) size 22x14
              text run at (8,8) width 14: "A"
          LayoutBlockFlow {DIV} at (6,97) size 82x40 [border: (2px solid #000000) (5px solid #000000) (3px solid #000000) (4px solid #000000)]
            LayoutText {#text} at (35,8) size 34x22
              text run at (35,8) width 22: "A"
          LayoutBlockFlow {DIV} at (23,151) size 68x47 [border: (2px solid #000000) (5px solid #000000) (3px solid #000000) (4px solid #000000)]
            LayoutText {#text} at (9,8) size 46x29
              text run at (9,8) width 29: "A"
          LayoutText {#text} at (0,0) size 0x0
      LayoutText {#text} at (0,0) size 0x0
      LayoutBlockFlow (floating) {DIV} at (455.03,254) size 175x254
        LayoutBlockFlow {P} at (0,16) size 175x20
          LayoutText {#text} at (0,0) size 131x19
            text run at (0,0) width 131: "VerticalRL and RTL"
        LayoutBlockFlow {DIV} at (0,52) size 175x202 [bgcolor=#808080]
          LayoutBlockFlow {DIV} at (48,171) size 58x27 [border: (2px solid #000000) (5px solid #000000) (3px solid #000000) (4px solid #000000)]
            LayoutText {#text} at (8,8) size 15x9
              text run at (8,8) width 9: "A"
          LayoutBlockFlow {DIV} at (43,125) size 43x32 [border: (2px solid #000000) (5px solid #000000) (3px solid #000000) (4px solid #000000)]
            LayoutText {#text} at (8,8) size 22x14
              text run at (8,8) width 14: "A"
          LayoutBlockFlow {DIV} at (6,71) size 82x40 [border: (2px solid #000000) (5px solid #000000) (3px solid #000000) (4px solid #000000)]
            LayoutText {#text} at (35,8) size 34x22
              text run at (35,8) width 22: "A"
          LayoutBlockFlow {DIV} at (23,10) size 68x47 [border: (2px solid #000000) (5px solid #000000) (3px solid #000000) (4px solid #000000)]
            LayoutText {#text} at (9,8) size 46x29
              text run at (9,8) width 29: "A"
          LayoutText {#text} at (0,0) size 0x0
      LayoutText {#text} at (0,0) size 0x0
