layer at (0,0) size 800x600
  LayoutView at (0,0) size 800x600
layer at (0,0) size 800x600
  LayoutBlockFlow {HTML} at (0,0) size 800x600
    LayoutBlockFlow {BODY} at (8,8) size 784x584
      LayoutBlockFlow {P} at (0,0) size 784x40
        LayoutText {#text} at (0,0) size 104x19
          text run at (0,0) width 104: "This is a test for "
        LayoutInline {I} at (0,0) size 753x39
          LayoutInline {A} at (0,0) size 347x19 [color=#0000EE]
            LayoutText {#text} at (104,0) size 347x19
              text run at (104,0) width 347: "http://bugzilla.opendarwin.org/show_bug.cgi?id=8118"
          LayoutText {#text} at (450,0) size 753x39
            text run at (450,0) width 303: " REGRESSION (r13595): Inline block's clipped"
            text run at (0,20) width 224: "overflow increases table row height"
        LayoutText {#text} at (223,20) size 5x19
          text run at (223,20) width 5: "."
      LayoutBlockFlow {P} at (0,56) size 784x20
        LayoutText {#text} at (0,0) size 267x19
          text run at (0,0) width 267: "You should see a green square and no red."
      LayoutTable {TABLE} at (0,92) size 100x100 [bgcolor=#FF0000]
        LayoutTableSection {TBODY} at (0,0) size 100x100
          LayoutTableRow {TR} at (0,0) size 100x100
            LayoutTableCell {TD} at (0,0) size 100x100 [r=0 c=0 rs=1 cs=1]
              LayoutText {#text} at (0,0) size 0x0
layer at (8,100) size 100x100 scrollHeight 200
  LayoutBlockFlow {DIV} at (0,0) size 100x100
    LayoutBlockFlow {DIV} at (0,0) size 100x200 [bgcolor=#008000]
