layer at (0,0) size 800x600
  LayoutView at (0,0) size 800x600
layer at (0,0) size 800x600
  LayoutBlockFlow {HTML} at (0,0) size 800x600
    LayoutBlockFlow {BODY} at (8,8) size 784x584
      LayoutText {#text} at (104,389) size 4x19
        text run at (104,389) width 4: " "
      LayoutText {#text} at (0,0) size 0x0
layer at (8,208) size 104x204 clip at (10,210) size 85x200 scrollHeight 520
  LayoutBlockFlow {DIV} at (0,200) size 104x204 [border: (2px solid #800080)]
    LayoutText {#text} at (2,2) size 79x39
      text run at (2,2) width 79: "This is some"
      text run at (2,22) width 27: "text."
    LayoutBR {BR} at (29,37) size 0x0
    LayoutText {#text} at (2,42) size 79x39
      text run at (2,42) width 79: "This is some"
      text run at (2,62) width 27: "text."
    LayoutBR {BR} at (29,77) size 0x0
    LayoutText {#text} at (2,82) size 79x39
      text run at (2,82) width 79: "This is some"
      text run at (2,102) width 27: "text."
    LayoutBR {BR} at (29,117) size 0x0
    LayoutText {#text} at (2,122) size 79x39
      text run at (2,122) width 79: "This is some"
      text run at (2,142) width 27: "text."
    LayoutBR {BR} at (29,157) size 0x0
    LayoutText {#text} at (2,162) size 79x39
      text run at (2,162) width 79: "This is some"
      text run at (2,182) width 27: "text."
    LayoutBR {BR} at (29,197) size 0x0
    LayoutText {#text} at (2,202) size 79x39
      text run at (2,202) width 79: "This is some"
      text run at (2,222) width 27: "text."
    LayoutBR {BR} at (29,237) size 0x0
    LayoutText {#text} at (2,242) size 79x39
      text run at (2,242) width 79: "This is some"
      text run at (2,262) width 27: "text."
    LayoutBR {BR} at (29,277) size 0x0
    LayoutText {#text} at (2,282) size 79x39
      text run at (2,282) width 79: "This is some"
      text run at (2,302) width 27: "text."
    LayoutBR {BR} at (29,317) size 0x0
    LayoutText {#text} at (2,322) size 79x39
      text run at (2,322) width 79: "This is some"
      text run at (2,342) width 27: "text."
    LayoutBR {BR} at (29,357) size 0x0
    LayoutText {#text} at (2,362) size 79x39
      text run at (2,362) width 79: "This is some"
      text run at (2,382) width 27: "text."
    LayoutBR {BR} at (29,397) size 0x0
    LayoutText {#text} at (2,402) size 79x39
      text run at (2,402) width 79: "This is some"
      text run at (2,422) width 27: "text."
    LayoutBR {BR} at (29,437) size 0x0
    LayoutText {#text} at (2,442) size 79x39
      text run at (2,442) width 79: "This is some"
      text run at (2,462) width 27: "text."
    LayoutBR {BR} at (29,477) size 0x0
    LayoutText {#text} at (2,482) size 79x39
      text run at (2,482) width 79: "This is some"
      text run at (2,502) width 27: "text."
    LayoutBR {BR} at (29,517) size 0x0
layer at (116,8) size 204x404 clip at (118,10) size 200x400
  LayoutBlockFlow {DIV} at (108,0) size 204x404 [border: (2px solid #000000)]
    LayoutText {#text} at (2,2) size 110x19
      text run at (2,2) width 110: "This is some text."
    LayoutBR {BR} at (112,17) size 0x0
    LayoutText {#text} at (2,22) size 110x19
      text run at (2,22) width 110: "This is some text."
    LayoutBR {BR} at (112,37) size 0x0
    LayoutText {#text} at (2,42) size 110x19
      text run at (2,42) width 110: "This is some text."
    LayoutBR {BR} at (112,57) size 0x0
    LayoutText {#text} at (2,62) size 110x19
      text run at (2,62) width 110: "This is some text."
    LayoutBR {BR} at (112,77) size 0x0
    LayoutText {#text} at (2,82) size 110x19
      text run at (2,82) width 110: "This is some text."
    LayoutBR {BR} at (112,97) size 0x0
    LayoutText {#text} at (2,102) size 110x19
      text run at (2,102) width 110: "This is some text."
    LayoutBR {BR} at (112,117) size 0x0
    LayoutText {#text} at (2,122) size 110x19
      text run at (2,122) width 110: "This is some text."
    LayoutBR {BR} at (112,137) size 0x0
    LayoutText {#text} at (2,142) size 110x19
      text run at (2,142) width 110: "This is some text."
    LayoutBR {BR} at (112,157) size 0x0
    LayoutText {#text} at (2,162) size 110x19
      text run at (2,162) width 110: "This is some text."
    LayoutBR {BR} at (112,177) size 0x0
    LayoutText {#text} at (2,182) size 110x19
      text run at (2,182) width 110: "This is some text."
    LayoutBR {BR} at (112,197) size 0x0
    LayoutText {#text} at (2,202) size 110x19
      text run at (2,202) width 110: "This is some text."
    LayoutBR {BR} at (112,217) size 0x0
    LayoutText {#text} at (2,222) size 110x19
      text run at (2,222) width 110: "This is some text."
    LayoutBR {BR} at (112,237) size 0x0
    LayoutText {#text} at (2,242) size 110x19
      text run at (2,242) width 110: "This is some text."
    LayoutBR {BR} at (112,257) size 0x0
