layer at (0,0) size 800x600
  LayoutView at (0,0) size 800x600
layer at (0,0) size 800x600
  LayoutBlockFlow {HTML} at (0,0) size 800x600
    LayoutBlockFlow {BODY} at (8,8) size 784x584
      LayoutBlockFlow {P} at (0,0) size 784x20
        LayoutText {#text} at (0,0) size 437x19
          text run at (0,0) width 437: "This tests for a bug where the color of indented text couldn't be changed."
      LayoutBlockFlow {DIV} at (0,36) size 784x20
        LayoutBlockFlow {BLOCKQUOTE} at (40,0) size 744x20
          LayoutInline {FONT} at (0,0) size 146x19 [color=#0000FF]
            LayoutText {#text} at (0,0) size 146x19
              text run at (0,0) width 146: "This text should be blue."
selection start: position 0 of child 0 {#text} of child 0 {FONT} of child 0 {BLOCKQUOTE} of child 2 {DIV} of body
selection end:   position 25 of child 0 {#text} of child 0 {FONT} of child 0 {BLOCKQUOTE} of child 2 {DIV} of body
