layer at (0,0) size 800x600
  LayoutView at (0,0) size 800x600
layer at (0,0) size 800x600
  LayoutBlockFlow {HTML} at (0,0) size 800x600
    LayoutBlockFlow {BODY} at (8,8) size 784x584
      LayoutBlockFlow {P} at (0,0) size 784x20
        LayoutText {#text} at (0,0) size 429x19
          text run at (0,0) width 429: "This tests for a bug where the color of pasted text couldn't be changed.'"
      LayoutBlockFlow {DIV} at (0,36) size 784x40
        LayoutBlockFlow (anonymous) at (0,0) size 784x20
          LayoutInline {FONT} at (0,0) size 141x19 [color=#FF0000]
            LayoutText {#text} at (0,0) size 141x19
              text run at (0,0) width 141: "This text should be red."
        LayoutBlockFlow {DIV} at (0,20) size 784x20
          LayoutInline {FONT} at (0,0) size 117x19 [color=#0000FF]
            LayoutText {#text} at (0,0) size 117x19
              text run at (0,0) width 117: "This text should be "
          LayoutInline {FONT} at (0,0) size 223x19 [color=#008000]
            LayoutText {#text} at (117,0) size 223x19
              text run at (117,0) width 223: "a combination of green and blue, not "
          LayoutInline {FONT} at (0,0) size 24x19 [color=#0000FF]
            LayoutText {#text} at (340,0) size 24x19
              text run at (340,0) width 24: "red."
caret: position 37 of child 0 {#text} of child 1 {FONT} of child 1 {DIV} of child 2 {DIV} of body
