layer at (0,0) size 800x600
  LayoutView at (0,0) size 800x600
layer at (0,0) size 800x600
  LayoutNGBlockFlow {HTML} at (0,0) size 800x600
    LayoutNGBlockFlow {BODY} at (8,8) size 784x576
      LayoutNGBlockFlow {UL} at (0,0) size 784x40
        LayoutNGListItem {LI} at (40,0) size 744x40
          LayoutInline (anonymous) at (0,0) size 10x19
            LayoutText (anonymous) at (-1,0) size 10x19
              text run at (-1,0) width 10: "\x{2022} "
          LayoutText {#text} at (25,0) size 264x19
            text run at (25,0) width 264: "This list item should have an inside bullet."
          LayoutBR {BR} at (289,0) size 0x0
          LayoutText {#text} at (0,20) size 246x19
            text run at (0,20) width 246: "This line should begin under the bullet."
