layer at (0,0) size 800x600
  LayoutView at (0,0) size 800x600
layer at (0,0) size 800x600
  LayoutNGBlockFlow {HTML} at (0,0) size 800x600
    LayoutNGBlockFlow {BODY} at (8,8) size 784x576
      LayoutNGBlockFlow {P} at (0,0) size 784x60
        LayoutText {#text} at (0,0) size 768x59
          text run at (0,0) width 768: "On the left, you should see three blocks that are aligned left within a black box. They should be stacked vertically with the"
          text run at (0,20) width 750: "green box in between two olive boxes. The olive boxes and the green box should be 100x100, and there should be 100"
          text run at (0,40) width 322: "pixels of padding on the right side of the box stack."
      LayoutNGBlockFlow {P} at (0,76) size 784x60
        LayoutText {#text} at (0,0) size 753x59
          text run at (0,0) width 753: "On the right, you should see two blocks that are centered within a black box. They should be stacked vertically with the"
          text run at (0,20) width 747: "green box below the olive box. The olive box and the green box should be 100x100, and there should be 100 pixels of"
          text run at (0,40) width 247: "padding on either side of the box stack."
layer at (8,160) size 240x340
  LayoutNGBlockFlow (positioned) {DIV} at (8,160) size 240x340 [border: (20px solid #000000)]
    LayoutTable {TABLE} at (20,20) size 100x100
      LayoutTableSection {TBODY} at (0,0) size 100x100
        LayoutTableRow {TR} at (0,0) size 100x100
          LayoutNGTableCell {TD} at (0,0) size 100x100 [r=0 c=0 rs=1 cs=1]
            LayoutNGBlockFlow {DIV} at (0,0) size 100x100 [bgcolor=#808000]
layer at (28,280) size 100x100
  LayoutNGBlockFlow (positioned) {DIV} at (20,120) size 100x100 [bgcolor=#008000]
layer at (28,380) size 100x100
  LayoutNGBlockFlow (positioned) {DIV} at (20,220) size 100x100 [bgcolor=#808000]
layer at (300,160) size 340x240
  LayoutNGBlockFlow (positioned) {DIV} at (300,160) size 340x240 [border: (20px solid #000000)]
layer at (320,180) size 200x100
  LayoutNGBlockFlow (relative positioned) {DIV} at (20,20) size 200x100
    LayoutNGBlockFlow {DIV} at (100,0) size 100x100 [bgcolor=#808000]
layer at (420,280) size 100x100
  LayoutNGBlockFlow (positioned) {DIV} at (100,100) size 100x100 [bgcolor=#008000]
