layer at (0,0) size 800x600 scrollHeight 4054
  LayoutView at (0,0) size 800x600
layer at (0,0) size 800x4054 backgroundClip at (0,0) size 800x600 clip at (0,0) size 800x600
  LayoutNGBlockFlow {HTML} at (0,0) size 800x4054 [color=#FF0000]
    LayoutNGBlockFlow {BODY} at (0,84) size 800x2770
      LayoutNGBlockFlow {H2} at (72,2484) size 656x72 [color=#000080]
        LayoutText {#text} at (12,46) size 129x27
          text run at (12,46) width 129: "Hello World!"
layer at (36,2640) size 764x214 backgroundClip at (0,0) size 800x600 clip at (0,0) size 800x600
  LayoutNGBlockFlow (relative positioned) {DIV} at (36,2556) size 764x214 [border: (12px solid #00000000)]
    LayoutTable {TABLE} at (12,12) size 0x0
      LayoutTableSection {TBODY} at (0,0) size 0x0
        LayoutTableRow {TR} at (0,0) size 0x0
          LayoutNGTableCell {TD} at (0,0) size 0x0 [r=0 c=0 rs=1 cs=1]
    LayoutNGBlockFlow {DIV} at (60,60) size 120x12 [bgcolor=#FF0000] [border: none (12px solid #000000) none (12px solid #000000)]
      LayoutNGBlockFlow {DIV} at (12,0) size 144x12
        LayoutText {#text} at (0,-2) size 90x15
          text run at (0,-2) width 90: "                              "
    LayoutNGBlockFlow (floating) {DIV} at (36,96) size 168x60 [border: none (12px solid #000000)]
      LayoutNGBlockFlow {DIV} at (12,0) size 144x48 [bgcolor=#FFFF00]
        LayoutNGBlockFlow {DIV} at (60,12) size 24x24 [bgcolor=#FF0000]
          LayoutNGBlockFlow {<pseudo:before>} at (0,0) size 24x12 [border: none (12px solid #FFFF00) (12px solid #000000) (12px solid #FFFF00)]
            LayoutTextFragment (anonymous) at (0,0) size 0x0
          LayoutNGBlockFlow {<pseudo:after>} at (0,12) size 24x12 [border: (12px solid #000000) (12px solid #FFFF00) none (12px solid #FFFF00)]
            LayoutTextFragment (anonymous) at (0,0) size 0x0
    LayoutNGBlockFlow {DIV} at (87,75) size 590x0
      LayoutNGBlockFlow {DIV} at (48,0) size 518x0
    LayoutNGBlockFlow {DIV} at (48,144) size 668x0
    LayoutNGBlockFlow {DIV} at (60,156) size 120x12 [bgcolor=#FFFF00] [border: none (12px solid #000000) none (12px solid #000000)]
      LayoutInline {DIV} at (0,0) size 1x2
        LayoutText {#text} at (12,8) size 1x2
          text run at (12,8) width 1: " "
    LayoutNGBlockFlow {DIV} at (12,168) size 740x12
      LayoutNGBlockFlow {DIV} at (60,0) size 96x12 [color=#FFA500] [bgcolor=#FFFF00] [border: none (24px solid #000000) none (24px solid #000000)]
    LayoutTable {UL} at (96,180) size 48x12 [bgcolor=#FF0000]
      LayoutTableSection (anonymous) at (0,0) size 48x12
        LayoutTableRow (anonymous) at (0,0) size 48x12
          LayoutNGTableCell {LI} at (0,0) size 12x0 [bgcolor=#000000] [r=0 c=0 rs=1 cs=1]
          LayoutTableCell (anonymous) at (12,0) size 12x12 [r=0 c=1 rs=1 cs=1]
            LayoutTable {LI} at (0,0) size 12x12 [bgcolor=#000000]
          LayoutNGTableCell {LI} at (24,0) size 12x0 [bgcolor=#000000] [r=0 c=2 rs=1 cs=1]
          LayoutTableCell (anonymous) at (36,0) size 12x12 [r=0 c=3 rs=1 cs=1]
            LayoutNGListItem {LI} at (0,0) size 12x12 [bgcolor=#000000]
layer at (48,2832) size 740x10 backgroundClip at (0,0) size 0x0 clip at (0,0) size 0x0 scrollHeight 279
  LayoutNGBlockFlow {DIV} at (12,192) size 740x10
    LayoutTable {TABLE} at (0,0) size 64x279
      LayoutTableSection {TBODY} at (0,0) size 64x279
        LayoutTableRow {TR} at (0,0) size 64x279
          LayoutNGTableCell {TD} at (0,0) size 64x279 [r=0 c=0 rs=1 cs=1]
            LayoutImage {IMG} at (0,156) size 64x64
layer at (132,108) size 48x18
  LayoutNGBlockFlow (positioned) {P} at (132,108) size 48x18 [bgcolor=#000000] [border: none (6px solid #FFFF00) none]
layer at (132,144) size 48x15
  LayoutNGBlockFlow (positioned) {P} at (132,144) size 48x15 [bgcolor=#000000] [border: none (3px solid #FF0000) none]
layer at (108,2688) size 96x12 backgroundClip at (0,0) size 800x600 clip at (0,0) size 800x600
  LayoutNGBlockFlow (positioned) {BLOCKQUOTE} at (72,48) size 96x12 [border: none (24px solid #000000) none (24px solid #000000)]
    LayoutNGBlockFlow (floating) {ADDRESS} at (24,0) size 48x12 [bgcolor=#FFFF00]
layer at (84,2712) size 144x24 backgroundClip at (0,0) size 800x600 clip at (0,0) size 800x600
  LayoutNGBlockFlow (positioned) {DIV} at (48,72) size 144x24 [bgcolor=#FF0000]
    LayoutNGBlockFlow {DIV} at (0,0) size 144x0
      LayoutInline {OBJECT} at (0,0) size 131x24
        LayoutInline {OBJECT} at (0,0) size 131x24
          LayoutImage {OBJECT} at (13,0) size 131x24 [border: none (12px solid #000000) none]
    LayoutNGBlockFlow (floating) {DIV} at (0,0) size 144x24 [border: none (12px solid #FF0000) none (12px solid #000000)]
    LayoutNGBlockFlow {DIV} at (0,0) size 144x24 [border: none (24px solid #FFFF00)]
layer at (84,2727) size 144x24 backgroundClip at (0,0) size 800x600 clip at (0,0) size 800x600
  LayoutNGBlockFlow (relative positioned) {DIV} at (0,-69) size 144x24 [bgcolor=#000000]
layer at (96,2727) size 120x24 backgroundClip at (0,0) size 800x600 clip at (0,0) size 800x600
  LayoutNGBlockFlow (positioned) {DIV} at (12,0) size 120x24 [border: (12px solid #FFFF00)]
    LayoutNGBlockFlow (floating) {SPAN} at (12,0) size 96x12 [border: none (12px solid #00000000) none (12px solid #00000000)]
      LayoutNGBlockFlow (floating) {EM} at (12,0) size 72x24 [border: (12px solid #FFFF00) none (12px solid #000000) none]
        LayoutNGBlockFlow {STRONG} at (0,12) size 72x0
layer at (48,84) size 704x84
  LayoutNGBlockFlow (relative positioned) zI: 2 {DIV} at (48,0) size 704x84 [color=#000000] [bgcolor=#FFFFFF] [border: (1px solid #000000)]
    LayoutNGBlockFlow {H1} at (13,13) size 678x30
      LayoutText {#text} at (0,0) size 253x29
        text run at (0,0) width 253: "Standards compliant?"
    LayoutNGBlockFlow {P} at (13,43) size 678x28
      LayoutInline {A} at (0,0) size 214x27 [color=#0000FF]
        LayoutText {#text} at (0,0) size 214x27
          text run at (0,0) width 214: "Take The Acid2 Test"
      LayoutText {#text} at (214,0) size 198x27
        text run at (214,0) width 198: " and compare it to "
      LayoutInline {A} at (0,0) size 246x27 [color=#0000FF]
        LayoutText {#text} at (412,0) size 246x27
          text run at (412,0) width 246: "the reference rendering"
      LayoutText {#text} at (658,0) size 7x27
        text run at (658,0) width 7: "."
