layer at (0,0) size 800x600
  LayoutView at (0,0) size 800x600
layer at (0,0) size 800x600
  LayoutNGBlockFlow {HTML} at (0,0) size 800x600
    LayoutNGBlockFlow {BODY} at (8,8) size 784x584
      LayoutNGBlockFlow {P} at (0,0) size 784x20
        LayoutText {#text} at (0,0) size 725x19
          text run at (0,0) width 725: "The word \"PASSED\" should be shown below with a cirlce before and a square after. This is a test for WebKit bug "
        LayoutInline {A} at (0,0) size 40x19 [color=#0000EE]
          LayoutText {#text} at (724,0) size 40x19
            text run at (724,0) width 40: "11197"
        LayoutText {#text} at (763,0) size 5x19
          text run at (763,0) width 5: "."
      LayoutNGBlockFlow (anonymous) at (0,36) size 784x16
        LayoutInline {CODE} at (0,0) size 64x16
          LayoutInline {<pseudo:before>} at (0,0) size 8x16
            LayoutCounter (anonymous) at (0,0) size 8x16
              text run at (0,0) width 8: "\x{25E6}"
          LayoutText {#text} at (8,0) size 48x16
            text run at (8,0) width 48: "PASSED"
          LayoutInline {<pseudo:after>} at (0,0) size 8x16
            LayoutCounter (anonymous) at (56,0) size 8x16
              text run at (56,0) width 8: "\x{25A0}"
        LayoutText {#text} at (0,0) size 0x0
