layer at (0,0) size 800x600 clip at (0,0) size 785x600 scrollHeight 1296
  LayoutView at (0,0) size 800x600
layer at (0,0) size 785x1296 backgroundClip at (0,0) size 785x600 clip at (0,0) size 785x600
  LayoutNGBlockFlow {HTML} at (0,0) size 785x1296.03
    LayoutNGBlockFlow {BODY} at (8,16) size 769x1272.03
      LayoutNGBlockFlow {P} at (0,0) size 769x20
        LayoutText {#text} at (0,0) size 161x19
          text run at (0,0) width 161: "div, span, nested div/span"
      LayoutNGBlockFlow {P} at (0,36) size 769x20
        LayoutText {#text} at (0,0) size 64x19
          text run at (0,0) width 64: "Single div"
      LayoutNGBlockFlow {DIV} at (1.47,72) size 766.06x22.94 [border: (1.47px solid #000000)]
        LayoutText {#text} at (742,1) size 23x20
          text run at (742,1) width 23: "abc"
      LayoutNGBlockFlow {P} at (0,110.94) size 769x20
        LayoutText {#text} at (0,0) size 410x19
          text run at (0,0) width 410: "The following 2 lines should be identical, ignorning whitespaces:"
      LayoutNGBlockFlow {DIV} at (1.47,146.94) size 766.06x42.94 [border: (1.47px solid #000000)]
        LayoutNGBlockFlow (anonymous) at (1.47,1.47) size 763.13x20
          LayoutText {#text} at (741,0) size 23x19
            text run at (741,0) width 23: "abc"
        LayoutNGBlockFlow {DIV} at (1.47,21.47) size 763.13x20
          LayoutText {#text} at (741,0) size 23x19
            text run at (741,0) width 23: "cba"
      LayoutNGBlockFlow {P} at (0,205.88) size 769x20
        LayoutText {#text} at (0,0) size 417x19
          text run at (0,0) width 417: "The following 2 textes should be identical, ignorning whitespaces:"
      LayoutNGBlockFlow {DIV} at (1.47,241.88) size 766.06x22.94 [border: (1.47px solid #000000)]
        LayoutText {#text} at (738,1) size 27x20
          text run at (738,1) width 27: "abc "
        LayoutInline {SPAN} at (0,0) size 23x20
          LayoutText {#text} at (716,1) size 23x20
            text run at (716,1) width 23: "abc"
      LayoutNGBlockFlow {P} at (0,280.81) size 769x20
        LayoutText {#text} at (0,0) size 410x19
          text run at (0,0) width 410: "The following 2 lines should be identical, ignorning whitespaces:"
      LayoutNGBlockFlow {DIV} at (1.47,316.81) size 766.06x42.94 [border: (1.47px solid #000000)]
        LayoutNGBlockFlow {DIV} at (1.47,1.47) size 763.13x20
          LayoutText {#text} at (741,0) size 23x19
            text run at (741,0) width 23: "cba"
        LayoutNGBlockFlow (anonymous) at (1.47,21.47) size 763.13x20
          LayoutText {#text} at (741,0) size 23x19
            text run at (741,0) width 23: "abc"
      LayoutNGBlockFlow {P} at (0,375.75) size 769x20
        LayoutText {#text} at (0,0) size 417x19
          text run at (0,0) width 417: "The following 2 textes should be identical, ignorning whitespaces:"
      LayoutNGBlockFlow {DIV} at (1.47,411.75) size 766.06x22.94 [border: (1.47px solid #000000)]
        LayoutInline {SPAN} at (0,0) size 27x20
          LayoutText {#text} at (738,1) size 27x20
            text run at (738,1) width 27: "abc "
        LayoutText {#text} at (716,1) size 23x20
          text run at (716,1) width 23: "abc"
      LayoutNGBlockFlow {P} at (0,450.69) size 769x20
        LayoutText {#text} at (0,0) size 73x19
          text run at (0,0) width 73: "Single span"
      LayoutNGBlockFlow (anonymous) at (0,486.69) size 769x20
        LayoutInline {SPAN} at (0,0) size 26x23 [border: (1.47px solid #000000)]
          LayoutText {#text} at (2,0) size 23x19
            text run at (2,0) width 23: "abc"
        LayoutText {#text} at (0,0) size 0x0
      LayoutNGBlockFlow {P} at (0,522.69) size 769x20
        LayoutText {#text} at (0,0) size 417x19
          text run at (0,0) width 417: "The following 2 textes should be identical, ignorning whitespaces:"
      LayoutNGBlockFlow (anonymous) at (0,558.69) size 769x20
        LayoutInline {SPAN} at (0,0) size 52x23 [border: (1.47px solid #000000)]
          LayoutText {#text} at (24,0) size 27x19
            text run at (24,0) width 27: "abc "
          LayoutInline {SPAN} at (0,0) size 23x19
            LayoutText {#text} at (2,0) size 23x19
              text run at (2,0) width 23: "abc"
        LayoutText {#text} at (0,0) size 0x0
      LayoutNGBlockFlow {P} at (0,594.69) size 769x20
        LayoutText {#text} at (0,0) size 417x19
          text run at (0,0) width 417: "The following 2 textes should be identical, ignorning whitespaces:"
      LayoutNGBlockFlow (anonymous) at (0,630.69) size 769x20
        LayoutInline {SPAN} at (0,0) size 52x23 [border: (1.47px solid #000000)]
          LayoutInline {SPAN} at (0,0) size 27x19
            LayoutText {#text} at (24,0) size 27x19
              text run at (24,0) width 27: "abc "
          LayoutText {#text} at (2,0) size 23x19
            text run at (2,0) width 23: "abc"
        LayoutText {#text} at (0,0) size 0x0
      LayoutNGBlockFlow {P} at (0,666.69) size 769x20
        LayoutText {#text} at (0,0) size 417x19
          text run at (0,0) width 417: "The following 2 textes should be identical, ignorning whitespaces:"
      LayoutNGBlockFlow (anonymous) at (0,702.69) size 769x20
        LayoutInline {SPAN} at (0,0) size 24x23 [border: (1.47px solid #000000)]
          LayoutText {#text} at (0,0) size 22x19
            text run at (0,0) width 22: "abc"
      LayoutNGBlockFlow (anonymous) at (0,722.69) size 769x20
        LayoutNGBlockFlow {DIV} at (0,0) size 769x20
          LayoutText {#text} at (747,0) size 22x19
            text run at (747,0) width 22: "cba"
      LayoutNGBlockFlow (anonymous) at (0,742.69) size 769x20
        LayoutInline {SPAN} at (0,0) size 2x23 [border: (1.47px solid #000000)]
        LayoutText {#text} at (0,0) size 0x0
      LayoutNGBlockFlow {P} at (0,778.69) size 769x20
        LayoutText {#text} at (0,0) size 417x19
          text run at (0,0) width 417: "The following 2 textes should be identical, ignorning whitespaces:"
      LayoutNGBlockFlow (anonymous) at (0,814.69) size 769x20
        LayoutInline {SPAN} at (0,0) size 2x23 [border: (1.47px solid #000000)]
      LayoutNGBlockFlow (anonymous) at (0,834.69) size 769x20
        LayoutNGBlockFlow {DIV} at (0,0) size 769x20
          LayoutText {#text} at (747,0) size 22x19
            text run at (747,0) width 22: "cba"
      LayoutNGBlockFlow (anonymous) at (0,854.69) size 769x20
        LayoutInline {SPAN} at (0,0) size 24x23 [border: (1.47px solid #000000)]
          LayoutText {#text} at (2,0) size 23x19
            text run at (2,0) width 23: "abc"
        LayoutText {#text} at (0,0) size 0x0
      LayoutNGBlockFlow {P} at (0,890.69) size 769x20
        LayoutText {#text} at (0,0) size 29x19
          text run at (0,0) width 29: "ruby"
      LayoutNGBlockFlow {DIV} at (0,926.69) size 769x22.94 [border: (1.47px solid #000000)]
        LayoutRuby (inline) {RUBY} at (0,0) size 23x21
          LayoutRubyRun (anonymous) at (166.56,1.47) size 22x20
            LayoutRubyText {RT} at (0,-12) size 22x12
              LayoutText {#text} at (5,0) size 12x12
                text run at (5,0) width 12: "def"
            LayoutRubyBase (anonymous) at (0,0) size 22x20
              LayoutText {#text} at (0,0) size 22x19
                text run at (0,0) width 22 RTL override: "abc"
        LayoutText {#text} at (161,1) size 5x20
          text run at (161,1) width 5: " "
        LayoutRuby (inline) {RUBY} at (0,0) size 23x21
          LayoutRubyRun (anonymous) at (137.63,1.47) size 22x20
            LayoutRubyText {RT} at (0,-12) size 22x12
              LayoutText {#text} at (5,0) size 12x12
                text run at (5,0) width 12 RTL override: "def"
            LayoutRubyBase (anonymous) at (0,0) size 22x20
              LayoutText {#text} at (0,0) size 22x19
                text run at (0,0) width 22 RTL override: "abc"
        LayoutText {#text} at (132,1) size 5x20
          text run at (132,1) width 5: " "
        LayoutRuby (inline) {RUBY} at (0,0) size 23x21
          LayoutRubyRun (anonymous) at (108.69,1.47) size 22x20
            LayoutRubyBase (anonymous) at (0,0) size 22x20
              LayoutText {#text} at (0,0) size 22x19
                text run at (0,0) width 22 RTL override: "abc"
        LayoutText {#text} at (103,1) size 5x20
          text run at (103,1) width 5: " "
        LayoutRuby (inline) {RUBY} at (0,0) size 13x20
          LayoutRubyRun (anonymous) at (89.75,18.47) size 12x0
            LayoutRubyText {RT} at (0,-12) size 12x12
              LayoutText {#text} at (0,0) size 12x12
                text run at (0,0) width 12: "def"
        LayoutText {#text} at (84,1) size 5x20
          text run at (84,1) width 5: " "
        LayoutRuby (inline) {RUBY} at (0,0) size 23x21
          LayoutRubyRun (anonymous) at (60.81,1.47) size 22x20
            LayoutRubyBase (anonymous) at (0,0) size 22x20
              LayoutInline {RB} at (0,0) size 22x19
                LayoutText {#text} at (0,0) size 22x19
                  text run at (0,0) width 22 RTL override: "abc"
        LayoutText {#text} at (55,1) size 5x20
          text run at (55,1) width 5: " "
        LayoutRuby (inline) {RUBY} at (0,0) size 23x21
          LayoutRubyRun (anonymous) at (31.88,1.47) size 22x20
            LayoutRubyText {RT} at (0,-12) size 22x12
              LayoutText {#text} at (5,0) size 12x12
                text run at (5,0) width 12: "def"
            LayoutRubyBase (anonymous) at (0,0) size 22x20
              LayoutInline {RB} at (0,0) size 22x19
                LayoutText {#text} at (0,0) size 22x19
                  text run at (0,0) width 22 RTL override: "abc"
        LayoutText {#text} at (26,1) size 5x20
          text run at (26,1) width 5: " "
        LayoutRuby (inline) {RUBY} at (0,0) size 23x21
          LayoutRubyRun (anonymous) at (2.94,1.47) size 22x20
            LayoutRubyText {RT} at (0,-12) size 22x12
              LayoutText {#text} at (5,0) size 12x12
                text run at (5,0) width 12: "def"
            LayoutRubyBase (anonymous) at (0,0) size 22x20
              LayoutInline {RB} at (0,0) size 22x19
                LayoutText {#text} at (0,0) size 22x19
                  text run at (0,0) width 22 RTL override: "abc"
        LayoutText {#text} at (0,0) size 0x0
      LayoutNGBlockFlow {P} at (0,965.63) size 769x20
        LayoutText {#text} at (0,0) size 417x19
          text run at (0,0) width 417: "The following 2 tables should be identical, ignorning whitespaces:"
      LayoutTable {TABLE} at (1.47,1001.63) size 83x72 [border: (1px solid #808080)]
        LayoutBlockFlow {CAPTION} at (0,0) size 83x20
          LayoutText {#text} at (0,0) size 83x19
            text run at (0,0) width 83: "NormalTable"
        LayoutTableSection {TBODY} at (1,21) size 81x50
          LayoutTableRow {TR} at (0,2) size 81x22
            LayoutNGTableCell {TD} at (43,2) size 36x22 [r=0 c=0 rs=1 cs=1]
              LayoutText {#text} at (13,1) size 22x19
                text run at (13,1) width 22: "abc"
            LayoutNGTableCell {TD} at (2,2) size 39x22 [r=0 c=1 rs=1 cs=1]
              LayoutText {#text} at (18,1) size 20x19
                text run at (18,1) width 20: "def"
          LayoutTableRow {TR} at (0,26) size 81x22
            LayoutNGTableCell {TD} at (43,26) size 36x22 [r=1 c=0 rs=1 cs=1]
              LayoutText {#text} at (19,1) size 16x19
                text run at (19,1) width 16: "hij"
            LayoutNGTableCell {TD} at (2,26) size 39x22 [r=1 c=1 rs=1 cs=1]
              LayoutText {#text} at (14,1) size 24x19
                text run at (14,1) width 24: "opq"
      LayoutTable {DIV} at (1.47,1075.09) size 144x62 [border: (1px solid #000000)]
        LayoutBlockFlow {DIV} at (0,0) size 144x20
          LayoutText {#text} at (0,0) size 144x19
            text run at (0,0) width 144: "AnonymousTableRow"
        LayoutTableSection (anonymous) at (1,21) size 142x40
          LayoutTableRow {DIV} at (0,0) size 142x20
            LayoutNGTableCell {DIV} at (75,0) size 67x20 [r=0 c=0 rs=1 cs=1]
              LayoutText {#text} at (45,0) size 22x19
                text run at (45,0) width 22: "abc"
            LayoutNGTableCell {DIV} at (0,0) size 75x20 [r=0 c=1 rs=1 cs=1]
              LayoutText {#text} at (55,0) size 20x19
                text run at (55,0) width 20: "def"
          LayoutTableRow {DIV} at (0,20) size 142x20
            LayoutNGTableCell {DIV} at (75,20) size 67x20 [r=1 c=0 rs=1 cs=1]
              LayoutText {#text} at (51,0) size 16x19
                text run at (51,0) width 16: "hij"
            LayoutNGTableCell {DIV} at (0,20) size 75x20 [r=1 c=1 rs=1 cs=1]
              LayoutText {#text} at (51,0) size 24x19
                text run at (51,0) width 24: "opq"
      LayoutNGBlockFlow {P} at (0,1153.09) size 769x20
        LayoutText {#text} at (0,0) size 516x19
          text run at (0,0) width 516: "Anonymous TABLE, TABLE_ROW, TABLE_ROW_GROUP, TABLE_CELL"
      LayoutNGBlockFlow {DIV} at (0,1189.09) size 769x82.94 [border: (1.47px solid #000000)]
        LayoutTable (anonymous) at (1.47,1.47) size 24x80
          LayoutTableSection (anonymous) at (0,20) size 24x40
            LayoutTableRow {DIV} at (0,0) size 24x20
              LayoutTableCell (anonymous) at (0,0) size 24x20 [r=0 c=0 rs=1 cs=1]
                LayoutText {#text} at (2,0) size 22x19
                  text run at (2,0) width 22 RTL override: "abc"
            LayoutTableRow (anonymous) at (0,20) size 24x20
              LayoutNGTableCell {DIV} at (0,20) size 24x20 [r=1 c=0 rs=1 cs=1]
                LayoutText {#text} at (4,0) size 20x19
                  text run at (4,0) width 20: "def"
          LayoutBlockFlow {DIV} at (0,0) size 24x20
            LayoutText {#text} at (8,0) size 16x19
              text run at (8,0) width 16 RTL override: "hij"
          LayoutTableSection {DIV} at (0,60) size 24x20
            LayoutTableRow (anonymous) at (0,0) size 24x20
              LayoutTableCell (anonymous) at (0,0) size 24x20 [r=0 c=0 rs=1 cs=1]
                LayoutText {#text} at (0,0) size 24x19
                  text run at (0,0) width 24 RTL override: "opq"
