layer at (0,0) size 800x600
  LayoutView at (0,0) size 800x600
layer at (0,0) size 800x600
  LayoutNGBlockFlow {HTML} at (0,0) size 800x600
    LayoutNGBlockFlow {BODY} at (8,8) size 784x576
      LayoutNGBlockFlow {P} at (0,0) size 784x20
        LayoutText {#text} at (0,0) size 52x19
          text run at (0,0) width 52: "Test for "
        LayoutInline {I} at (0,0) size 618x19
          LayoutInline {A} at (0,0) size 301x19 [color=#0000EE]
            LayoutText {#text} at (51,0) size 301x19
              text run at (51,0) width 301: "http://bugs.webkit.org/show_bug.cgi?id=11930"
          LayoutText {#text} at (351,0) size 318x19
            text run at (351,0) width 318: " Specifying border-radius makes the outline shrink"
        LayoutText {#text} at (668,0) size 5x19
          text run at (668,0) width 5: "."
      LayoutNGBlockFlow {P} at (0,36) size 784x20
        LayoutText {#text} at (0,0) size 273x19
          text run at (0,0) width 273: "These two squares should be the same size:"
      LayoutNGBlockFlow (anonymous) at (0,72) size 784x20
        LayoutNGBlockFlow {DIV} at (0,5) size 10x10
        LayoutText {#text} at (10,0) size 4x19
          text run at (10,0) width 4: " "
        LayoutNGBlockFlow {DIV} at (14,5) size 10x10
        LayoutText {#text} at (0,0) size 0x0
      LayoutNGBlockFlow {P} at (0,108) size 784x0
