layer at (0,0) size 800x600
  LayoutView at (0,0) size 800x600
layer at (0,0) size 800x600
  LayoutNGBlockFlow {HTML} at (0,0) size 800x600
    LayoutNGBlockFlow {BODY} at (8,8) size 784x576
      LayoutNGBlockFlow (anonymous) at (0,0) size 784x0
        LayoutInline {SPAN} at (0,0) size 0x0
          LayoutInline {SPAN} at (0,0) size 0x0
        LayoutText {#text} at (0,0) size 0x0
      LayoutNGBlockFlow {H4} at (0,0) size 784x20
        LayoutText {#text} at (0,0) size 81x19
          text run at (0,0) width 81: "Instructions"
      LayoutNGBlockFlow {P} at (0,41.27) size 784x20
        LayoutText {#text} at (0,0) size 176x19
          text run at (0,0) width 176: "Click the following buttons."
      LayoutNGBlockFlow {OL} at (0,77.27) size 784x182
        LayoutNGListItem {LI} at (40,0) size 744x20
          LayoutNGListMarker (anonymous) at (-16,0) size 16x20
            LayoutText (anonymous) at (0,0) size 16x19
              text run at (0,0) width 16: "1. "
          LayoutText {#text} at (0,0) size 193x19
            text run at (0,0) width 193: "Start with the outmost left one."
        LayoutNGListItem {LI} at (40,20) size 744x20
          LayoutNGListMarker (anonymous) at (-16,0) size 16x20
            LayoutText (anonymous) at (0,0) size 16x19
              text run at (0,0) width 16: "2. "
          LayoutText {#text} at (0,0) size 135x19
            text run at (0,0) width 135: "Click the middle one."
        LayoutNGListItem {LI} at (40,40) size 744x20
          LayoutNGListMarker (anonymous) at (-16,0) size 16x20
            LayoutText (anonymous) at (0,0) size 16x19
              text run at (0,0) width 16: "3. "
          LayoutText {#text} at (0,0) size 265x19
            text run at (0,0) width 265: "(The ouline will not be updated correctly.)"
        LayoutNGListItem {LI} at (40,60) size 744x20
          LayoutNGListMarker (anonymous) at (-16,0) size 16x20
            LayoutText (anonymous) at (0,0) size 16x19
              text run at (0,0) width 16: "4. "
          LayoutText {#text} at (0,0) size 138x19
            text run at (0,0) width 138: "Click the right button."
        LayoutNGListItem {LI} at (40,80) size 744x20
          LayoutNGListMarker (anonymous) at (-16,0) size 16x20
            LayoutText (anonymous) at (0,0) size 16x19
              text run at (0,0) width 16: "5. "
          LayoutText {#text} at (0,0) size 465x19
            text run at (0,0) width 465: "This will crash Safari 1.3 (v176 and v170, no other configurations tested)."
        LayoutNGListItem {LI} at (40,100) size 744x20
          LayoutNGListMarker (anonymous) at (-16,0) size 16x20
            LayoutText (anonymous) at (0,0) size 16x19
              text run at (0,0) width 16: "6. "
          LayoutText {#text} at (0,0) size 294x19
            text run at (0,0) width 294: "The combination 2. 1. 3. will also crash Safari."
        LayoutNGListItem {LI} at (40,120) size 744x20
          LayoutNGListMarker (anonymous) at (-16,0) size 16x20
            LayoutText (anonymous) at (0,0) size 16x19
              text run at (0,0) width 16: "7. "
          LayoutText {#text} at (0,0) size 447x19
            text run at (0,0) width 447: "1. 3. will not crash Safari. (But the outline should vanish. Shouldn't it?)"
        LayoutNGListItem {LI} at (40,140) size 744x20
          LayoutNGListMarker (anonymous) at (-16,0) size 16x20
            LayoutText (anonymous) at (0,0) size 16x19
              text run at (0,0) width 16: "8. "
          LayoutText {#text} at (0,0) size 200x19
            text run at (0,0) width 200: "2. 3. will not crash Safari either."
        LayoutNGBlockFlow (anonymous) at (40,160) size 744x22
          LayoutButton {INPUT} at (0,0) size 144x22 [bgcolor=#C0C0C0] [border: (2px outset #C0C0C0)]
            LayoutNGBlockFlow (anonymous) at (8,3) size 128x16
              LayoutText {#text} at (0,0) size 128x16
                text run at (0,0) width 128: "1. Set outline property"
          LayoutText {#text} at (144,1) size 4x19
            text run at (144,1) width 4: " "
          LayoutButton {INPUT} at (148,0) size 147x22 [bgcolor=#C0C0C0] [border: (2px outset #C0C0C0)]
            LayoutNGBlockFlow (anonymous) at (8,3) size 131x16
              LayoutText {#text} at (0,0) size 131x16
                text run at (0,0) width 131: "2. Set display property"
          LayoutText {#text} at (295,1) size 4x19
            text run at (295,1) width 4: " "
          LayoutButton {INPUT} at (299,0) size 160x22 [bgcolor=#C0C0C0] [border: (2px outset #C0C0C0)]
            LayoutNGBlockFlow (anonymous) at (8,3) size 144x16
              LayoutText {#text} at (0,0) size 144x16
                text run at (0,0) width 144: "3. Replace span-element"
          LayoutText {#text} at (0,0) size 0x0
