layer at (0,0) size 800x600
  LayoutView at (0,0) size 800x600
layer at (0,0) size 800x427
  LayoutNGBlockFlow {HTML} at (0,0) size 800x427.42
    LayoutNGBlockFlow {BODY} at (8,16) size 784x395.42
      LayoutNGBlockFlow {DIV} at (0,0) size 784x40 [color=#008000] [bgcolor=#FFFFFF]
        LayoutNGBlockFlow {P} at (0,0) size 784x40
          LayoutText {#text} at (0,0) size 772x39
            text run at (0,0) width 772: "First sentence: this text should be green. The markup code is invalid according to W3C HTML validator and the CSS code"
            text run at (0,20) width 272: "is invalid according to W3C CSS validator."
      LayoutNGBlockFlow {DIV} at (0,56) size 784x40 [color=#008000] [bgcolor=#FFFFFF]
        LayoutNGBlockFlow {P} at (0,0) size 784x40 [color=#FF0000]
          LayoutText {#text} at (0,0) size 776x39
            text run at (0,0) width 776: "Second sentence: this text should be green according to CSS 1 but it should be red according to CSS 2.1. The markup code"
            text run at (0,20) width 751: "is also invalid according to W3C HTML validator but the CSS code is perfectly valid according to W3C CSS validator."
      LayoutNGBlockFlow {H3} at (0,114.72) size 784x46 [color=#008000] [bgcolor=#FFFFFF]
        LayoutText {#text} at (0,0) size 766x45
          text run at (0,0) width 766: "Third sentence: this text should be green. The markup code is valid according to W3C HTML"
          text run at (0,23) width 579: "validator but the CSS code is invalid according to W3C CSS validator."
      LayoutNGBlockFlow {H4} at (0,181.98) size 784x60 [color=#FF0000] [bgcolor=#FFFFFF]
        LayoutText {#text} at (0,0) size 776x59
          text run at (0,0) width 776: "Fourth sentence: this text should be green according to CSS 1 (class name can not start with a dash in CSS 1) but it"
          text run at (0,20) width 772: "should be red according to CSS 2.1 and the markup code is valid according to W3C HTML validator and the CSS"
          text run at (0,40) width 375: "code is perfectly valid according to W3C CSS validator."
      LayoutNGBlockFlow {H5} at (0,268.70) size 784x80 [color=#800080] [bgcolor=#FFFFFF]
        LayoutText {#text} at (0,0) size 775x79
          text run at (0,0) width 761: "Fifth sentence: this text should be green according to CSS 1 (class name can not start with a dash in CSS 1) but it"
          text run at (0,20) width 775: "should be purple according to latest CSS 2.1 WD (class name can not start with a dash unless immediately followed"
          text run at (0,40) width 770: "by [_A-Za-z] character in CSS 2.1) and the markup code is valid according to W3C HTML validator and the CSS"
          text run at (0,60) width 402: "code is perfectly valid according to the W3C CSS validator!"
      LayoutNGBlockFlow {P} at (0,375.42) size 784x20
        LayoutText {#text} at (0,0) size 27x19
          text run at (0,0) width 27: "See "
        LayoutInline {A} at (0,0) size 71x19 [color=#0000EE]
          LayoutText {#text} at (27,0) size 71x19
            text run at (27,0) width 71: "Bug 14373"
        LayoutInline {A} at (0,0) size 4x19
          LayoutText {#text} at (98,0) size 4x19
            text run at (98,0) width 4: "."
      LayoutNGBlockFlow (anonymous) at (0,411.42) size 784x0
        LayoutInline {A} at (0,0) size 0x0
          LayoutText {#text} at (0,0) size 0x0
