layer at (0,0) size 800x600
  LayoutView at (0,0) size 800x600
layer at (0,0) size 800x600
  LayoutNGBlockFlow {HTML} at (0,0) size 800x600
    LayoutNGBlockFlow {BODY} at (8,8) size 784x584
      LayoutNGBlockFlow {DIV} at (0,0) size 784x20 [color=#008000] [bgcolor=#FFFF00]
        LayoutText {#text} at (0,0) size 107x19
          text run at (0,0) width 107: "Green on Yellow"
      LayoutNGBlockFlow {DIV} at (0,20) size 784x20 [color=#0000FF] [bgcolor=#C0C0C0]
        LayoutText {#text} at (0,0) size 91x19
          text run at (0,0) width 91: "Blue on Silver"
      LayoutNGBlockFlow {DIV} at (0,40) size 784x20 [color=#008000]
        LayoutText {#text} at (0,0) size 39x19
          text run at (0,0) width 39: "Green"
      LayoutNGBlockFlow {DIV} at (0,60) size 784x20 [color=#0000FF]
        LayoutText {#text} at (0,0) size 30x19
          text run at (0,0) width 30: "Blue"
      LayoutNGBlockFlow {DIV} at (0,80) size 784x20 [color=#008000]
        LayoutText {#text} at (0,0) size 39x19
          text run at (0,0) width 39: "Green"
      LayoutNGBlockFlow {DIV} at (0,100) size 784x20 [color=#0000FF]
        LayoutText {#text} at (0,0) size 30x19
          text run at (0,0) width 30: "Blue"
