layer at (0,0) size 800x600
  LayoutView at (0,0) size 800x600
layer at (0,0) size 800x256 layerType: background only
layer at (8,8) size 784x240
  LayoutNGBlockFlow (positioned) zI: -1 {DIV} at (0,0) size 784x240 [bgcolor=#FF0000]
    LayoutText zI: -1 {#text} at (0,112) size 16x16
      text run at (0,112) width 16: "X"
layer at (0,0) size 800x256 layerType: foreground only
  LayoutNGBlockFlow {HTML} at (0,0) size 800x256
    LayoutNGBlockFlow {BODY} at (8,8) size 784x240
layer at (8,8) size 784x240
  LayoutNGBlockFlow (relative positioned) {DIV} at (0,0) size 784x240
    LayoutNGBlockFlow {DIV} at (0,0) size 784x240 [bgcolor=#00FF00]
      LayoutInline {SPAN} at (0,0) size 0x0
      LayoutBR {BR} at (0,32) size 0x0
      LayoutInline {SPAN} at (0,0) size 0x0
      LayoutText {#text} at (0,152) size 16x16
        text run at (0,152) width 16: "X"
