layer at (0,0) size 800x600
  LayoutView at (0,0) size 800x600
layer at (0,0) size 800x600
  LayoutNGBlockFlow {HTML} at (0,0) size 800x600
    LayoutNGBlockFlow {BODY} at (8,8) size 784x584
      LayoutNGBlockFlow {P} at (0,0) size 784x20
        LayoutText {#text} at (0,0) size 52x19
          text run at (0,0) width 52: "Test for "
        LayoutInline {I} at (0,0) size 724x19
          LayoutInline {A} at (0,0) size 347x19 [color=#0000EE]
            LayoutText {#text} at (52,0) size 347x19
              text run at (52,0) width 347: "http://bugzilla.opendarwin.org/show_bug.cgi?id=9124"
          LayoutText {#text} at (399,0) size 377x19
            text run at (399,0) width 377: " Drop shadow obscures \"add more stuff\" bubble at live.com"
        LayoutText {#text} at (776,0) size 4x19
          text run at (776,0) width 4: "."
layer at (8,44) size 784x2 clip at (0,0) size 0x0
  LayoutNGBlockFlow {HR} at (0,36) size 784x2 [border: (1px inset #EEEEEE)]
layer at (8,54) size 784x0
  LayoutNGBlockFlow (relative positioned) {DIV} at (0,46) size 784x0
layer at (8,54) size 100x100
  LayoutNGBlockFlow (positioned) {DIV} at (0,0) size 100x100 [bgcolor=#FF0000]
layer at (8,54) size 100x100
  LayoutNGBlockFlow (positioned) {DIV} at (0,0) size 100x100 [bgcolor=#008000]
layer at (8,54) size 100x0
  LayoutNGBlockFlow (relative positioned) {DIV} at (0,0) size 100x0
