layer at (0,0) size 800x600
  LayoutView at (0,0) size 800x600
layer at (0,0) size 800x600
  LayoutNGBlockFlow {HTML} at (0,0) size 800x600
    LayoutNGBlockFlow {BODY} at (8,8) size 784x576
      LayoutNGBlockFlow {P} at (0,0) size 784x40
        LayoutText {#text} at (0,0) size 52x19
          text run at (0,0) width 52: "Test for "
        LayoutInline {I} at (0,0) size 665x39
          LayoutInline {A} at (0,0) size 300x19 [color=#0000EE]
            LayoutText {#text} at (52,0) size 300x19
              text run at (52,0) width 300: "http://bugs.webkit.org/show_bug.cgi?id=14545"
          LayoutText {#text} at (352,0) size 665x39
            text run at (352,0) width 313: " REGRESSION (r21854-r21869): Repro crash in"
            text run at (0,20) width 349: "LayoutBlockFlow::updateFirstLetter @ nola.com/rose/"
        LayoutText {#text} at (349,20) size 4x19
          text run at (349,20) width 4: "."
      LayoutNGBlockFlow {P} at (0,56) size 784x20
        LayoutText {#text} at (0,0) size 249x19
          text run at (0,0) width 249: "The following lines should be identical:"
      LayoutNGBlockFlow {DIV} at (0,92) size 784x20
        LayoutInline {<pseudo:first-letter>} at (0,0) size 10x19 [color=#008000]
          LayoutTextFragment (anonymous) at (0,0) size 10x19
            text run at (0,0) width 10: "L"
        LayoutTextFragment {#text} at (10,0) size 75x19
          text run at (10,0) width 75: "orem Ipsum"
      LayoutNGBlockFlow {P} at (0,128) size 784x20
        LayoutInline {SPAN} at (0,0) size 10x19 [color=#008000]
          LayoutText {#text} at (0,0) size 10x19
            text run at (0,0) width 10: "L"
        LayoutText {#text} at (10,0) size 75x19
          text run at (10,0) width 75: "orem Ipsum"
