layer at (0,0) size 800x600
  LayoutView at (0,0) size 800x600
layer at (0,0) size 800x600
  LayoutNGBlockFlow {HTML} at (0,0) size 800x600
    LayoutNGBlockFlow {BODY} at (8,8) size 784x576
      LayoutNGBlockFlow {P} at (0,0) size 784x20
        LayoutText {#text} at (0,0) size 52x19
          text run at (0,0) width 52: "Test for "
        LayoutInline {I} at (0,0) size 716x19
          LayoutInline {A} at (0,0) size 349x19 [color=#0000EE]
            LayoutText {#text} at (51,0) size 349x19
              text run at (51,0) width 349: "http://bugzilla.opendarwin.org/show_bug.cgi?id=9341"
          LayoutText {#text} at (399,0) size 368x19
            text run at (399,0) width 368: " REGRESSION: Repro crash caused by style=\"font:bold\""
        LayoutText {#text} at (766,0) size 5x19
          text run at (766,0) width 5: "."
      LayoutNGBlockFlow {P} at (0,36) size 784x20
        LayoutText {#text} at (0,0) size 126x19
          text run at (0,0) width 126: "PASS (didn\x{2019}t crash)"
