layer at (0,0) size 800x600 scrollWidth 1031
  LayoutView at (0,0) size 800x600
layer at (0,0) size 800x266
  LayoutNGBlockFlow {HTML} at (0,0) size 800x266
    LayoutNGBlockFlow {BODY} at (8,8) size 784x250
      LayoutNGBlockFlow {DIV} at (0,0) size 784x25
        LayoutNGBlockFlow {P} at (5,0) size 774x25 [color=#FF000066]
          LayoutText {#text} at (0,0) size 483x25
            text run at (0,0) width 483: "Check if the underline is thick enough for 20px"
      LayoutNGBlockFlow {DIV} at (0,30) size 784x50
        LayoutNGBlockFlow {P} at (5,0) size 774x50 [color=#FF000066]
          LayoutText {#text} at (0,0) size 963x50
            text run at (0,0) width 963: "Check if the underline is thick enough for 40px"
      LayoutNGBlockFlow {P} at (5,85) size 774x25 [color=#FF000066]
        LayoutText {#text} at (0,0) size 514x25
          text run at (0,0) width 514: "Check if the line-through is thick enough for 20px"
      LayoutNGBlockFlow {P} at (5,115) size 774x50 [color=#FF000066]
        LayoutText {#text} at (0,0) size 1018x50
          text run at (0,0) width 1018: "Check if the line-through is thick enough for 40px"
      LayoutNGBlockFlow {P} at (5,170) size 774x25 [color=#FF000066]
        LayoutText {#text} at (0,0) size 466x25
          text run at (0,0) width 466: "Check if the overline is thick enough for 20px"
      LayoutNGBlockFlow {P} at (5,200) size 774x50 [color=#FF000066]
        LayoutText {#text} at (0,0) size 929x50
          text run at (0,0) width 929: "Check if the overline is thick enough for 40px"
