layer at (0,0) size 800x600
  LayoutView at (0,0) size 800x600
layer at (0,0) size 800x600
  LayoutNGBlockFlow {HTML} at (0,0) size 800x600
    LayoutNGBlockFlow {BODY} at (8,8) size 784x584
      LayoutNGBlockFlow {DIV} at (0,0) size 784x20
        LayoutText {#text} at (0,0) size 52x19
          text run at (0,0) width 52: "Test for "
        LayoutInline {A} at (0,0) size 120x19 [color=#0000EE]
          LayoutText {#text} at (52,0) size 120x19
            text run at (52,0) width 120: "Bugzilla Bug 9934"
        LayoutText {#text} at (172,0) size 451x19
          text run at (172,0) width 451: " Selecting text in text field with {line-height:100%} causes it to bounce."
      LayoutNGBlockFlow {DIV} at (0,20) size 784x22
        LayoutTextControl {INPUT} at (0,0) size 181x22 [bgcolor=#FFFFFF] [border: (2px inset #EEEEEE)]
      LayoutNGBlockFlow {DIV} at (0,42) size 784x40
        LayoutText {#text} at (0,0) size 735x39
          text run at (0,0) width 735: "Select the text in the text field using horizontal mouse movements, then drag up and down. The text should not move"
          text run at (0,20) width 61: "vertically."
layer at (10,31) size 177x16
  LayoutBlockFlow {DIV} at (2,3) size 177x16
    LayoutText {#text} at (0,0) size 76x16
      text run at (0,0) width 76: "Lorem Ipsum"
