layer at (0,0) size 800x600 clip at (0,0) size 785x600 scrollHeight 32804
  LayoutView at (0,0) size 800x600
layer at (0,0) size 785x32804 backgroundClip at (0,0) size 785x600 clip at (0,0) size 785x600
  LayoutNGBlockFlow {HTML} at (0,0) size 785x32804
    LayoutNGBlockFlow {BODY} at (8,8) size 769x32788
      LayoutNGBlockFlow (anonymous) at (0,0) size 769x20
        LayoutText {#text} at (0,0) size 557x19
          text run at (0,0) width 557: "You should see a large green block below that is 32,768px tall. No red should be visible."
        LayoutBR {BR} at (557,0) size 0x0
      LayoutNGBlockFlow {DIV} at (0,20) size 769x32768 [bgcolor=#FF0000]
        LayoutText {#text} at (0,0) size 0x0
layer at (8,28) size 769x32768 backgroundClip at (0,0) size 785x600 clip at (0,0) size 785x600
  LayoutIFrame {IFRAME} at (0,0) size 769x32768 [bgcolor=#008000]
    layer at (0,0) size 769x32768
      LayoutView at (0,0) size 769x32768
    layer at (0,0) size 769x32768
      LayoutNGBlockFlow {HTML} at (0,0) size 769x32768
        LayoutNGBlockFlow {BODY} at (8,8) size 753x32752
