layer at (0,0) size 800x600
  LayoutView at (0,0) size 800x600
layer at (0,0) size 800x84
  LayoutNGBlockFlow {HTML} at (0,0) size 800x84
    LayoutNGBlockFlow {BODY} at (8,16) size 784x52
      LayoutNGBlockFlow {OL} at (0,0) size 784x52
        LayoutNGListItem {LI} at (40,0) size 744x52
          LayoutNGListMarker (anonymous) at (-16,16) size 16x20
            LayoutText (anonymous) at (0,0) size 16x19
              text run at (0,0) width 16: "1. "
          LayoutText {#text} at (16,16) size 581x19
            text run at (16,16) width 581: "A single outline should only appear over the list element, and not over internal text elements."
