layer at (0,0) size 800x600
  LayoutView at (0,0) size 800x600
layer at (0,0) size 800x600
  LayoutNGBlockFlow {HTML} at (0,0) size 800x600
    LayoutNGBlockFlow {BODY} at (8,8) size 784x582
      LayoutNGBlockFlow {P} at (0,0) size 784x20
        LayoutText {#text} at (0,0) size 323x19
          text run at (0,0) width 323: "Test :nth-child() when dynamically adding siblings."
      LayoutNGBlockFlow {P} at (0,36) size 784x20
        LayoutInline {A} at (0,0) size 305x19 [color=#0000EE]
          LayoutText {#text} at (0,0) size 305x19
            text run at (0,0) width 305: "https://bugs.webkit.org/show_bug.cgi?id=26362"
      LayoutNGBlockFlow {DIV} at (10,72) size 764x232 [border: (1px solid #000000)]
        LayoutNGBlockFlow {P} at (11,6) size 747x20 [color=#FF0000]
          LayoutText {#text} at (0,0) size 59x19
            text run at (0,0) width 59: "P red text"
        LayoutNGBlockFlow {DIV} at (6,26) size 752x20
          LayoutText {#text} at (0,0) size 29x19
            text run at (0,0) width 29: "DIV"
        LayoutNGBlockFlow {P} at (11,46) size 747x20
          LayoutText {#text} at (0,0) size 8x19
            text run at (0,0) width 8: "P"
        LayoutNGBlockFlow {DIV} at (6,66) size 752x20 [color=#FF0000] [bgcolor=#9999FF]
          LayoutText {#text} at (0,0) size 131x19
            text run at (0,0) width 131: "DIV red text blue bg"
        LayoutNGBlockFlow {P} at (11,86) size 747x20
          LayoutText {#text} at (0,0) size 8x19
            text run at (0,0) width 8: "P"
        LayoutNGBlockFlow {DIV} at (6,106) size 752x20
          LayoutText {#text} at (0,0) size 29x19
            text run at (0,0) width 29: "DIV"
        LayoutNGBlockFlow {P} at (11,126) size 747x20 [color=#FF0000]
          LayoutText {#text} at (0,0) size 59x19
            text run at (0,0) width 59: "P red text"
        LayoutNGBlockFlow {DIV} at (6,146) size 752x20
          LayoutText {#text} at (0,0) size 29x19
            text run at (0,0) width 29: "DIV"
        LayoutNGBlockFlow {P} at (11,166) size 747x20
          LayoutText {#text} at (0,0) size 8x19
            text run at (0,0) width 8: "P"
        LayoutNGBlockFlow {DIV} at (6,186) size 752x20 [color=#FF0000]
          LayoutText {#text} at (0,0) size 80x19
            text run at (0,0) width 80: "DIV red text"
        LayoutNGBlockFlow {P} at (11,206) size 747x20
          LayoutText {#text} at (0,0) size 8x19
            text run at (0,0) width 8: "P"
      LayoutNGBlockFlow {DIV} at (10,314) size 764x252 [border: (1px solid #000000)]
        LayoutText {#text} at (6,6) size 261x19
          text run at (6,6) width 261: "child 0: PASS: found color rgb(255, 0, 0)"
        LayoutBR {BR} at (267,6) size 0x0
        LayoutText {#text} at (6,26) size 245x19
          text run at (6,26) width 245: "child 1: PASS: found color rgb(0, 0, 0)"
        LayoutBR {BR} at (251,26) size 0x0
        LayoutText {#text} at (6,46) size 245x19
          text run at (6,46) width 245: "child 2: PASS: found color rgb(0, 0, 0)"
        LayoutBR {BR} at (251,46) size 0x0
        LayoutText {#text} at (6,66) size 261x19
          text run at (6,66) width 261: "child 3: PASS: found color rgb(255, 0, 0)"
        LayoutBR {BR} at (267,66) size 0x0
        LayoutText {#text} at (6,86) size 245x19
          text run at (6,86) width 245: "child 4: PASS: found color rgb(0, 0, 0)"
        LayoutBR {BR} at (251,86) size 0x0
        LayoutText {#text} at (6,106) size 245x19
          text run at (6,106) width 245: "child 5: PASS: found color rgb(0, 0, 0)"
        LayoutBR {BR} at (251,106) size 0x0
        LayoutText {#text} at (6,126) size 261x19
          text run at (6,126) width 261: "child 6: PASS: found color rgb(255, 0, 0)"
        LayoutBR {BR} at (267,126) size 0x0
        LayoutText {#text} at (6,146) size 245x19
          text run at (6,146) width 245: "child 7: PASS: found color rgb(0, 0, 0)"
        LayoutBR {BR} at (251,146) size 0x0
        LayoutText {#text} at (6,166) size 245x19
          text run at (6,166) width 245: "child 8: PASS: found color rgb(0, 0, 0)"
        LayoutBR {BR} at (251,166) size 0x0
        LayoutText {#text} at (6,186) size 261x19
          text run at (6,186) width 261: "child 9: PASS: found color rgb(255, 0, 0)"
        LayoutBR {BR} at (267,186) size 0x0
        LayoutText {#text} at (6,206) size 253x19
          text run at (6,206) width 253: "child 10: PASS: found color rgb(0, 0, 0)"
        LayoutBR {BR} at (259,206) size 0x0
        LayoutText {#text} at (6,226) size 282x19
          text run at (6,226) width 282: "div 1: PASS: found color rgb(153, 153, 255)"
        LayoutBR {BR} at (288,226) size 0x0
