layer at (0,0) size 800x600
  LayoutView at (0,0) size 800x600
layer at (0,0) size 800x272
  LayoutNGBlockFlow {HTML} at (0,0) size 800x272
    LayoutNGBlockFlow {BODY} at (8,16) size 784x248
      LayoutNGBlockFlow {P} at (0,0) size 784x40
        LayoutText {#text} at (0,0) size 782x39
          text run at (0,0) width 782: "Test passes if each of the orange boxes is sandwiched between two blue boxes and two groups of blue and orange boxes are"
          text run at (0,20) width 390: "inside the big yellow box and the remaining group is below it."
layer at (8,72) size 192x192
  LayoutNGBlockFlow (relative positioned) {DIV} at (0,56) size 192x192 [bgcolor=#FFFF00]
    LayoutNGBlockFlow (anonymous) at (0,0) size 192x20
      LayoutInline {DIV} at (0,0) size 65x19 [bgcolor=#0000FF]
        LayoutText {#text} at (0,0) size 65x19
          text run at (0,0) width 65: "Filler Text"
    LayoutNGBlockFlow (anonymous) at (0,20) size 192x20
      LayoutNGBlockFlow {DIV} at (0,0) size 192x20 [bgcolor=#FFA500]
        LayoutText {#text} at (0,0) size 65x19
          text run at (0,0) width 65: "Filler Text"
    LayoutNGBlockFlow (anonymous) at (0,40) size 192x20
      LayoutInline {DIV} at (0,0) size 65x19 [bgcolor=#0000FF]
    LayoutNGBlockFlow (anonymous) at (0,80) size 192x20
      LayoutInline {DIV} at (0,0) size 65x19 [bgcolor=#0000FF]
        LayoutText {#text} at (0,0) size 0x0
    LayoutNGBlockFlow (anonymous) at (0,100) size 192x20
      LayoutNGBlockFlow {DIV} at (0,0) size 192x20 [bgcolor=#FFA500]
        LayoutText {#text} at (0,0) size 65x19
          text run at (0,0) width 65: "Filler Text"
    LayoutNGBlockFlow (anonymous) at (0,120) size 192x20
      LayoutInline {DIV} at (0,0) size 65x19 [bgcolor=#0000FF]
        LayoutText {#text} at (0,0) size 65x19
          text run at (0,0) width 65: "Filler Text"
      LayoutText {#text} at (0,0) size 0x0
layer at (8,304) size 65x19
  LayoutInline (relative positioned) {DIV} at (0,0) size 65x19
    LayoutText {#text} at (0,0) size 65x19
      text run at (0,0) width 65: "Filler Text"
layer at (8,324) size 192x20
  LayoutNGBlockFlow (anonymous) (relative positioned) at (0,60) size 192x20
    LayoutNGBlockFlow {DIV} at (0,0) size 192x20 [bgcolor=#FFA500]
      LayoutText {#text} at (0,0) size 65x19
        text run at (0,0) width 65: "Filler Text"
layer at (8,344) size 65x19
  LayoutInline (relative positioned) {DIV} at (0,0) size 65x19
    LayoutText {#text} at (0,0) size 65x19
      text run at (0,0) width 65: "Filler Text"
