layer at (0,0) size 800x600
  LayoutView at (0,0) size 800x600
layer at (0,0) size 800x600
  LayoutNGBlockFlow {HTML} at (0,0) size 800x600
    LayoutNGBlockFlow {BODY} at (8,8) size 784x584
      LayoutNGBlockFlow (anonymous) at (0,0) size 784x56
        LayoutText {#text} at (0,0) size 756x55
          text run at (0,0) width 744: "This is a test of dynamic rem unit scaling. Changes to the root element's font"
          text run at (0,28) width 756: "size need to cause dependent elements in the document tree to update as well."
      LayoutNGBlockFlow {DIV} at (0,56) size 784x40
        LayoutNGBlockFlow (anonymous) at (0,0) size 784x12
          LayoutText {#text} at (0,0) size 106x12
            text run at (0,0) width 106: "This text should be small."
        LayoutNGBlockFlow {DIV} at (0,12) size 784x28
          LayoutText {#text} at (0,0) size 449x27
            text run at (0,0) width 449: "This text should match the root (and be 24px)."
