layer at (0,0) size 800x600
  LayoutView at (0,0) size 800x600
layer at (0,0) size 800x600
  LayoutNGBlockFlow {HTML} at (0,0) size 800x600
    LayoutNGBlockFlow {BODY} at (8,8) size 784x542
      LayoutNGBlockFlow {P} at (0,18) size 784x20
        LayoutText {#text} at (0,0) size 51x19
          text run at (0,0) width 51: "Test for "
        LayoutInline {I} at (0,0) size 644x19
          LayoutInline {A} at (0,0) size 305x19 [color=#0000EE]
            LayoutText {#text} at (51,0) size 305x19
              text run at (51,0) width 305: "https://bugs.webkit.org/show_bug.cgi?id=22118"
          LayoutText {#text} at (356,0) size 339x19
            text run at (356,0) width 339: " Resize corner does not track in transformed elements"
        LayoutText {#text} at (695,0) size 4x19
          text run at (695,0) width 4: "."
layer at (8,8) size 784x2 clip at (0,0) size 0x0
  LayoutNGBlockFlow {HR} at (0,0) size 784x2 [border: (1px inset #EEEEEE)]
layer at (8,62) size 784x2 clip at (0,0) size 0x0
  LayoutNGBlockFlow {HR} at (0,54) size 784x2 [border: (1px inset #EEEEEE)]
layer at (58,114) size 163x129 clip at (60,116) size 159x125
  LayoutNGBlockFlow {DIV} at (50,106) size 163x129 [border: (2px solid #0000FF)]
