layer at (0,0) size 800x600
  LayoutView at (0,0) size 800x600
layer at (0,0) size 800x583
  LayoutNGBlockFlow {HTML} at (0,0) size 800x583
    LayoutNGBlockFlow {BODY} at (8,8) size 784x567
      LayoutNGBlockFlow {P} at (0,18) size 784x20
        LayoutText {#text} at (0,0) size 52x19
          text run at (0,0) width 52: "Test for "
        LayoutInline {I} at (0,0) size 668x19
          LayoutInline {A} at (0,0) size 347x19 [color=#0000EE]
            LayoutText {#text} at (52,0) size 347x19
              text run at (52,0) width 347: "http://bugzilla.opendarwin.org/show_bug.cgi?id=9547"
          LayoutText {#text} at (399,0) size 321x19
            text run at (399,0) width 321: " Resize corner does not track the mouse accurately"
        LayoutText {#text} at (720,0) size 4x19
          text run at (720,0) width 4: "."
      LayoutNGBlockFlow (anonymous) at (0,189) size 784x378
        LayoutText {#text} at (0,0) size 0x0
        LayoutBR {BR} at (177,114) size 0x0
        LayoutText {#text} at (0,0) size 0x0
        LayoutBR {BR} at (200,178) size 0x0
        LayoutText {#text} at (0,0) size 0x0
layer at (8,8) size 784x2 clip at (0,0) size 0x0
  LayoutNGBlockFlow {HR} at (0,0) size 784x2 [border: (1px inset #EEEEEE)]
layer at (8,62) size 784x2 clip at (0,0) size 0x0
  LayoutNGBlockFlow {HR} at (0,54) size 784x2 [border: (1px inset #EEEEEE)]
layer at (8,72) size 173x125 clip at (10,74) size 169x121
  LayoutNGBlockFlow {DIV} at (0,64) size 173x125 [border: (2px solid #0000FF)]
layer at (8,197) size 177x129 clip at (10,199) size 173x125
  LayoutTextControl {TEXTAREA} at (0,0) size 177x129 [bgcolor=#FFFFFF] [border: (2px solid #0000FF)]
    LayoutBlockFlow {DIV} at (4,4) size 169x16
layer at (8,331) size 200x59 clip at (9,332) size 198x57
  LayoutTextControl {TEXTAREA} at (0,134) size 200x59 [bgcolor=#FFFFFF] [border: (1px solid #A9A9A9)]
    LayoutBlockFlow {DIV} at (3,3) size 194x16
layer at (8,395) size 323x175
  LayoutIFrame {IFRAME} at (0,198) size 323x175 [border: (2px inset #EEEEEE)]
    layer at (0,0) size 319x171
      LayoutView at (0,0) size 319x171
    layer at (0,0) size 319x171
      LayoutNGBlockFlow {HTML} at (0,0) size 319x171
        LayoutNGBlockFlow {BODY} at (8,8) size 303x155
