layer at (0,0) size 800x600
  LayoutView at (0,0) size 800x600
layer at (696,0) size 104x104
  LayoutNGBlockFlow {HTML} at (696,0) size 104x104 [border: (2px solid #000000)]
    LayoutNGBlockFlow {BODY} at (10,10) size 84x20
      LayoutText {#text} at (21,0) size 63x19
        text run at (21,0) width 4: "."
        text run at (25,0) width 59: "This is rtl"
