layer at (0,0) size 800x600
  LayoutView at (0,0) size 800x600
layer at (0,0) size 800x600
  LayoutNGBlockFlow {HTML} at (0,0) size 800x600
    LayoutNGBlockFlow {BODY} at (8,8) size 784x576
      LayoutNGBlockFlow {H1} at (0,0) size 784x37
        LayoutText {#text} at (0,0) size 251x36
          text run at (0,0) width 251: "setAttribute() Test"
      LayoutNGBlockFlow {P} at (0,58.44) size 784x20 [color=#008000]
        LayoutText {#text} at (0,0) size 468x19
          text run at (0,0) width 468: "This element's Class attribute is set using setAttribute(). It should be green."
      LayoutNGBlockFlow {P} at (0,94.44) size 784x20 [color=#008000]
        LayoutText {#text} at (0,0) size 451x19
          text run at (0,0) width 451: "This element's ID attribute is set using setAttribute(). It should be green."
      LayoutNGBlockFlow {P} at (0,130.44) size 784x20 [color=#008000]
        LayoutText {#text} at (0,0) size 463x19
          text run at (0,0) width 463: "This element's Title attribute is set using setAttribute(). It should be green."
      LayoutNGBlockFlow {P} at (0,166.44) size 784x20 [color=#008000]
        LayoutText {#text} at (0,0) size 392x19
          text run at (0,0) width 392: "This element's Title attribute is hard-coded. It should be green."
      LayoutNGBlockFlow {P} at (0,202.44) size 784x20 [color=#008000]
        LayoutText {#text} at (0,0) size 467x19
          text run at (0,0) width 467: "This element's Lang attribute is set using setAttribute(). It should be green."
