layer at (0,0) size 800x600
  LayoutView at (0,0) size 800x600
layer at (0,0) size 800x551
  LayoutNGBlockFlow {HTML} at (0,0) size 800x550.72
    LayoutNGBlockFlow {BODY} at (8,10.72) size 784x524
      LayoutNGBlockFlow {H1} at (0,0) size 784x20
        LayoutText {#text} at (0,0) size 78x19
          text run at (0,0) width 78: "Simple case"
      LayoutNGBlockFlow {P} at (0,36) size 784x20
        LayoutText {#text} at (0,0) size 63x19
          text run at (0,0) width 63: "LTR Start"
      LayoutNGBlockFlow {P} at (0,72) size 784x20
        LayoutText {#text} at (724,0) size 60x19
          text run at (724,0) width 60: "LTR End"
      LayoutNGBlockFlow {P} at (0,108) size 784x20
        LayoutText {#text} at (721,0) size 63x19
          text run at (721,0) width 63: "RTL Start"
      LayoutNGBlockFlow {P} at (0,144) size 784x20
        LayoutText {#text} at (0,0) size 60x19
          text run at (0,0) width 60: "RTL End"
      LayoutNGBlockFlow {H1} at (0,180) size 784x20
        LayoutText {#text} at (0,0) size 95x19
          text run at (0,0) width 95: "Inherited case"
      LayoutNGBlockFlow {DIV} at (0,216) size 784x20
        LayoutNGBlockFlow {P} at (0,0) size 784x20
          LayoutText {#text} at (0,0) size 63x19
            text run at (0,0) width 63: "LTR Start"
      LayoutNGBlockFlow {DIV} at (0,252) size 784x20
        LayoutNGBlockFlow {P} at (0,0) size 784x20
          LayoutText {#text} at (724,0) size 60x19
            text run at (724,0) width 60: "LTR End"
      LayoutNGBlockFlow {DIV} at (0,288) size 784x20
        LayoutNGBlockFlow {P} at (0,0) size 784x20
          LayoutText {#text} at (721,0) size 63x19
            text run at (721,0) width 63: "RTL Start"
      LayoutNGBlockFlow {DIV} at (0,324) size 784x20
        LayoutNGBlockFlow {P} at (0,0) size 784x20
          LayoutText {#text} at (0,0) size 60x19
            text run at (0,0) width 60: "RTL End"
      LayoutNGBlockFlow {H1} at (0,360) size 784x20
        LayoutText {#text} at (0,0) size 414x19
          text run at (0,0) width 414: "Inherited case where parent block has opposite directionality."
      LayoutNGBlockFlow {DIV} at (0,396) size 784x20
        LayoutNGBlockFlow {P} at (0,0) size 784x20
          LayoutText {#text} at (0,0) size 63x19
            text run at (0,0) width 63: "LTR Start"
      LayoutNGBlockFlow {DIV} at (0,432) size 784x20
        LayoutNGBlockFlow {P} at (0,0) size 784x20
          LayoutText {#text} at (724,0) size 60x19
            text run at (724,0) width 60: "LTR End"
      LayoutNGBlockFlow {DIV} at (0,468) size 784x20
        LayoutNGBlockFlow {P} at (0,0) size 784x20
          LayoutText {#text} at (721,0) size 63x19
            text run at (721,0) width 63: "RTL Start"
      LayoutNGBlockFlow {DIV} at (0,504) size 784x20
        LayoutNGBlockFlow {P} at (0,0) size 784x20
          LayoutText {#text} at (0,0) size 60x19
            text run at (0,0) width 60: "RTL End"
