layer at (0,0) size 800x600
  LayoutView at (0,0) size 800x600
layer at (0,0) size 800x8
  LayoutNGBlockFlow {HTML} at (0,0) size 800x8
    LayoutNGBlockFlow {BODY} at (8,8) size 784x0
layer at (0,0) size 144x84
  LayoutNGBlockFlow (positioned) {DIV} at (0,0) size 144x84
    LayoutText {#text} at (0,1) size 140x81
      text run at (0,1) width 68: "Bl"
      text run at (68,1) width 72: "\x{2026}"
