layer at (0,0) size 800x600
  LayoutView at (0,0) size 800x600
layer at (0,0) size 800x216
  LayoutNGBlockFlow {HTML} at (0,0) size 800x216
    LayoutNGBlockFlow {BODY} at (8,8) size 784x200
      LayoutNGBlockFlow (anonymous) at (0,0) size 784x80
        LayoutText {#text} at (0,0) size 565x19
          text run at (0,0) width 565: "Each consecutive pair of lines should look exactly the same apart from the trailing ellipsis."
        LayoutBR {BR} at (565,0) size 0x0
        LayoutText {#text} at (0,20) size 535x19
          text run at (0,20) width 535: "The ellipsis should appear on the left for the RTL case and on the right for LTR case."
        LayoutBR {BR} at (535,20) size 0x0
        LayoutBR {BR} at (0,40) size 0x0
        LayoutText {#text} at (0,60) size 62x19
          text run at (0,60) width 62: "RTL text:"
      LayoutNGBlockFlow (anonymous) at (0,120) size 784x40
        LayoutBR {BR} at (0,0) size 0x0
        LayoutText {#text} at (0,20) size 60x19
          text run at (0,20) width 60: "LTR Text"
layer at (8,88) size 207x20
  LayoutNGBlockFlow {DIV} at (0,80) size 207x20
    LayoutText {#text} at (-98,0) size 305x19
      text run at (-98,0) width 4: " \x{202C}"
      text run at (-94,0) width 218: " \x{5D8}\x{5E7}\x{5E1}\x{5D8} \x{5E2}\x{5D1}\x{5E8}\x{5D9} \x{5DC}\x{5D3}\x{5D5}\x{5D2}\x{5DE}\x{5D0} \x{5D8}\x{5E7}\x{5E1}\x{5D8} \x{5E2}\x{5D1}\x{5E8}\x{5D9} \x{5DC}\x{5D3}\x{5D5}\x{5D2}\x{5DE}\x{5D0}"
      text run at (124,0) width 79: "English Text"
      text run at (203,0) width 4: "\x{202B} "
layer at (8,108) size 207x20
  LayoutNGBlockFlow {DIV} at (0,100) size 207x20
    LayoutText {#text} at (7,0) size 200x19
      text run at (7,0) width 16: "\x{2026}"
      text run at (23,0) width 101: " \x{5D8}\x{5E7}\x{5E1}\x{5D8} \x{5E2}\x{5D1}\x{5E8}\x{5D9} \x{5DC}\x{5D3}\x{5D5}\x{5D2}\x{5DE}"
      text run at (124,0) width 79: "English Text"
      text run at (203,0) width 4: "\x{202B} "
layer at (8,168) size 207x20
  LayoutNGBlockFlow {DIV} at (0,160) size 207x20
    LayoutText {#text} at (0,0) size 228x19
      text run at (0,0) width 27: "\x{5DE}\x{5D9}\x{5DC}\x{5D4}"
      text run at (27,0) width 41: " word "
      text run at (68,0) width 32: "\x{5D0}\x{5D7}\x{5E8}\x{5EA}"
      text run at (100,0) width 55: " another "
      text run at (155,0) width 22: "\x{5D5}\x{5E2}\x{5D5}\x{5D3}"
      text run at (177,0) width 27: " yet "
      text run at (204,0) width 24: "\x{5D0}\x{5D7}\x{5EA}"
layer at (8,188) size 207x20
  LayoutNGBlockFlow {DIV} at (0,180) size 207x20
    LayoutText {#text} at (0,0) size 205x19
      text run at (0,0) width 27: "\x{5DE}\x{5D9}\x{5DC}\x{5D4}"
      text run at (27,0) width 41: " word "
      text run at (68,0) width 32: "\x{5D0}\x{5D7}\x{5E8}\x{5EA}"
      text run at (100,0) width 55: " another "
      text run at (155,0) width 22: "\x{5D5}\x{5E2}\x{5D5}\x{5D3}"
      text run at (177,0) width 12: " y"
      text run at (189,0) width 16: "\x{2026}"
