layer at (0,0) size 800x600
  LayoutView at (0,0) size 800x600
layer at (0,0) size 800x600
  LayoutNGBlockFlow {HTML} at (0,0) size 800x600
    LayoutNGBlockFlow {BODY} at (8,8) size 784x584
      LayoutInline {SPAN} at (0,0) size 649x139
        LayoutText {#text} at (0,1) size 649x139
          text run at (0,1) width 649: "fin LYAWA (No kerning or"
          text run at (0,72) width 228: "ligatures)"
      LayoutText {#text} at (0,0) size 0x0
      LayoutBR {BR} at (228,126) size 0x0
      LayoutInline {SPAN} at (0,0) size 649x139
        LayoutText {#text} at (0,143) size 649x139
          text run at (0,143) width 649: "fin LYAWA (No kerning or"
          text run at (0,214) width 228: "ligatures)"
      LayoutText {#text} at (0,0) size 0x0
      LayoutBR {BR} at (228,268) size 0x0
      LayoutInline {SPAN} at (0,0) size 611x139
        LayoutText {#text} at (0,285) size 611x139
          text run at (0,285) width 611: "fin LYAWA (Kerning and"
          text run at (0,356) width 228: "ligatures)"
      LayoutText {#text} at (0,0) size 0x0
      LayoutBR {BR} at (228,410) size 0x0
      LayoutInline {SPAN} at (0,0) size 611x139
        LayoutText {#text} at (0,427) size 611x139
          text run at (0,427) width 611: "fin LYAWA (Kerning and"
          text run at (0,498) width 228: "ligatures)"
      LayoutText {#text} at (0,0) size 0x0
      LayoutBR {BR} at (228,552) size 0x0
