layer at (0,0) size 800x600 clip at (0,0) size 785x600 scrollHeight 2982
  LayoutView at (0,0) size 800x600
layer at (0,0) size 785x2982 backgroundClip at (0,0) size 785x600 clip at (0,0) size 785x600
  LayoutNGBlockFlow {HTML} at (0,0) size 785x2981.75
    LayoutNGBlockFlow {BODY} at (8,8) size 769x2953.75
      LayoutNGBlockFlow {H3} at (0,0) size 769x23
        LayoutText {#text} at (0,0) size 84x22
          text run at (0,0) width 84: "Single line"
      LayoutNGBlockFlow {H3} at (0,371.72) size 769x23
        LayoutText {#text} at (0,0) size 79x22
          text run at (0,0) width 79: "Multi line"
      LayoutNGBlockFlow {H3} at (0,743.44) size 769x23
        LayoutText {#text} at (0,0) size 232x22
          text run at (0,0) width 232: "Containing replaced content"
      LayoutNGBlockFlow {H3} at (0,1115.16) size 769x23
        LayoutText {#text} at (0,0) size 396x22
          text run at (0,0) width 396: "Containing replaced content blocking the ellipsis"
      LayoutNGBlockFlow {H3} at (0,1486.88) size 769x23
        LayoutText {#text} at (0,0) size 197x22
          text run at (0,0) width 197: "Right-To-Left single line"
      LayoutNGBlockFlow {H3} at (0,1858.59) size 769x23
        LayoutText {#text} at (0,0) size 196x22
          text run at (0,0) width 196: "Right-To-Left Multi line"
      LayoutNGBlockFlow {H3} at (0,2230.31) size 769x23
        LayoutText {#text} at (0,0) size 343x22
          text run at (0,0) width 343: "Right-To-Left containing replaced content"
      LayoutNGBlockFlow {H3} at (0,2602.03) size 769x23
        LayoutText {#text} at (0,0) size 507x22
          text run at (0,0) width 507: "Right-To-Left containing replaced content blocking the ellipsis"
layer at (8,50) size 22x310 clip at (9,51) size 20x308
  LayoutNGBlockFlow {DIV} at (0,41.72) size 22x310 [border: (1px solid #000000)]
    LayoutText {#text} at (2,1) size 19x303
      text run at (2,1) width 287: "Lorem ipsum dolor sit amet, consectetur adipi"
      text run at (2,288) width 16: "\x{2026}"
layer at (8,421) size 82x310 backgroundClip at (8,421) size 82x179 clip at (9,422) size 80x178
  LayoutNGBlockFlow {DIV} at (0,413.44) size 82x310 [border: (1px solid #000000)]
    LayoutText {#text} at (62,1) size 19x303
      text run at (62,1) width 287: "Lorem ipsum dolor sit amet, consectetur adipi"
      text run at (62,288) width 16: "\x{2026}"
    LayoutBR {BR} at (62,719) size 0x0
    LayoutText {#text} at (42,1) size 19x306
      text run at (42,1) width 290: "orem ipsum dolor sit amet, consectetur adipisc"
      text run at (42,291) width 16: "\x{2026}"
    LayoutBR {BR} at (42,709) size 0x0
    LayoutText {#text} at (22,1) size 19x302
      text run at (22,1) width 286: "rem ipsum dolor sit amet, consectetur adipisci"
      text run at (22,287) width 16: "\x{2026}"
    LayoutBR {BR} at (22,701) size 0x0
    LayoutText {#text} at (2,1) size 19x305
      text run at (2,1) width 289: "em ipsum dolor sit amet, consectetur adipiscin"
      text run at (2,290) width 16: "\x{2026}"
    LayoutBR {BR} at (2,696) size 0x0
layer at (8,793) size 32x310 backgroundClip at (0,0) size 0x0 clip at (0,0) size 0x0
  LayoutNGBlockFlow {DIV} at (0,785.16) size 32x310 [border: (1px solid #000000)]
    LayoutText {#text} at (2,1) size 19x181
      text run at (2,1) width 181: "Lorem ipsum dolor sit amet, "
    LayoutImage {IMG} at (1,182) size 25x25
    LayoutText {#text} at (2,207) size 19x102
      text run at (2,207) width 86: " consectetur a"
      text run at (2,293) width 16: "\x{2026}"
layer at (8,1165) size 32x310 backgroundClip at (0,0) size 0x0 clip at (0,0) size 0x0
  LayoutNGBlockFlow {DIV} at (0,1156.88) size 32x310 [border: (1px solid #000000)]
    LayoutText {#text} at (2,1) size 19x287
      text run at (2,1) width 271: "Lorem ipsum dolor sit amet, consectetur ad"
      text run at (2,272) width 16: "\x{2026}"
    LayoutImage {IMG} at (1,744) size 25x25
    LayoutText {#text} at (2,744) size 19x447
      text run at (2,744) width 447: "ipiscing elit. Vivamus vitae eros non libero faucibus sagittis sed ut eros."
layer at (8,1537) size 22x310 backgroundClip at (0,0) size 0x0 clip at (0,0) size 0x0
  LayoutNGBlockFlow {DIV} at (0,1528.59) size 22x310 [border: (1px solid #000000)]
    LayoutText {#text} at (2,22) size 19x303
      text run at (2,22) width 287: "Lorem ipsum dolor sit amet, consectetur adipi"
      text run at (2,6) width 16: "\x{2026}"
layer at (8,1908) size 82x310 backgroundClip at (0,0) size 0x0 clip at (0,0) size 0x0
  LayoutNGBlockFlow {DIV} at (0,1900.31) size 82x310 [border: (1px solid #000000)]
    LayoutText {#text} at (62,22) size 19x303
      text run at (62,22) width 287: "Lorem ipsum dolor sit amet, consectetur adipi"
      text run at (62,6) width 16: "\x{2026}"
    LayoutBR {BR} at (62,-410) size 0x0
    LayoutText {#text} at (42,19) size 19x306
      text run at (42,19) width 290: "orem ipsum dolor sit amet, consectetur adipisc"
      text run at (42,3) width 16: "\x{2026}"
    LayoutBR {BR} at (42,-400) size 0x0
    LayoutText {#text} at (22,23) size 19x302
      text run at (22,23) width 286: "rem ipsum dolor sit amet, consectetur adipisci"
      text run at (22,7) width 16: "\x{2026}"
    LayoutBR {BR} at (22,-392) size 0x0
    LayoutText {#text} at (2,20) size 19x305
      text run at (2,20) width 289: "em ipsum dolor sit amet, consectetur adipiscin"
      text run at (2,4) width 16: "\x{2026}"
    LayoutBR {BR} at (2,-387) size 0x0
layer at (8,2280) size 32x310 backgroundClip at (0,0) size 0x0 clip at (0,0) size 0x0
  LayoutNGBlockFlow {DIV} at (0,2272.03) size 32x310 [border: (1px solid #000000)]
    LayoutText {#text} at (2,128) size 19x181
      text run at (2,128) width 181: "Lorem ipsum dolor sit amet, "
    LayoutImage {IMG} at (1,103) size 25x25
    LayoutText {#text} at (2,17) size 19x102
      text run at (2,17) width 86: " consectetur a"
      text run at (2,1) width 16: "\x{2026}"
layer at (8,2652) size 32x310 backgroundClip at (0,0) size 0x0 clip at (0,0) size 0x0
  LayoutNGBlockFlow {DIV} at (0,2643.75) size 32x310 [border: (1px solid #000000)]
    LayoutText {#text} at (2,38) size 19x287
      text run at (2,38) width 271: "Lorem ipsum dolor sit amet, consectetur ad"
      text run at (2,22) width 16: "\x{2026}"
    LayoutImage {IMG} at (1,309) size 25x25
    LayoutText {#text} at (2,309) size 19x448
      text run at (2,309) width 448: "ipiscing elit. Vivamus vitae eros non libero faucibus sagittis sed ut eros."
