layer at (0,0) size 800x600
  LayoutView at (0,0) size 800x600
layer at (0,0) size 800x196
  LayoutNGBlockFlow {HTML} at (0,0) size 800x196
    LayoutNGBlockFlow {BODY} at (8,8) size 784x180
      LayoutInline {B} at (0,0) size 96x139
        LayoutText {#text} at (0,40) size 24x19
          text run at (0,40) width 24: "___"
        LayoutInline {B} at (0,0) size 72x99
          LayoutText {#text} at (24,80) size 24x19
            text run at (24,80) width 24: "___"
          LayoutInline {B} at (0,0) size 48x59
            LayoutText {#text} at (48,120) size 24x19
              text run at (48,120) width 24: "___"
            LayoutInline {B} at (0,0) size 24x19
              LayoutText {#text} at (72,160) size 24x19
                text run at (72,160) width 24: "___"
