layer at (0,0) size 800x600
  LayoutView at (0,0) size 800x600
layer at (0,0) size 800x600
  LayoutNGBlockFlow {HTML} at (0,0) size 800x600
    LayoutNGBlockFlow {BODY} at (0,0) size 800x600
      LayoutInline {A} at (0,0) size 300x300
        LayoutImage {IMG} at (0,0) size 300x300
      LayoutText {#text} at (300,285) size 4x19
        text run at (300,285) width 4: " "
      LayoutText {#text} at (303,285) size 444x19
        text run at (303,285) width 444: "The element at position (100, 100) should be the body. Result: BODY"
