layer at (0,0) size 800x600 scrollWidth 2033 scrollHeight 2576
  LayoutView at (0,0) size 800x600
layer at (0,0) size 800x2576 backgroundClip at (0,0) size 800x600 clip at (0,0) size 800x600
  LayoutNGBlockFlow {HTML} at (0,0) size 800x2576.28
    LayoutNGBlockFlow {BODY} at (8,8) size 784x2560.28
      LayoutNGBlockFlow {H2} at (0,0) size 784x27
        LayoutText {#text} at (0,0) size 138x26
          text run at (0,0) width 138: "word-spacing"
      LayoutNGBlockFlow (floating) {PRE} at (0,59.91) size 1272x182.41
        LayoutNGBlockFlow {H3} at (0,15.20) size 1272x17
          LayoutText {#text} at (0,0) size 204x17
            text run at (0,0) width 204: "In a floated pre"
        LayoutNGBlockFlow (anonymous) at (0,47.41) size 1272x135
          LayoutText {#text} at (0,0) size 260x16
            text run at (0,0) width 0: " "
            text run at (0,17) width 260: "Word   spacing test "
          LayoutInline {EM} at (0,0) size 24x17
            LayoutText {#text} at (260,16) size 24x17
              text run at (260,16) width 24: "for"
          LayoutText {#text} at (284,17) size 28x16
            text run at (284,17) width 28: " "
          LayoutInline {STRONG} at (0,0) size 64x16
            LayoutText {#text} at (312,17) size 64x16
              text run at (312,17) width 64: "elements"
          LayoutText {#text} at (376,17) size 28x16
            text run at (376,17) width 28: " "
          LayoutInline {TT} at (0,0) size 48x16
            LayoutText {#text} at (404,17) size 48x16
              text run at (404,17) width 48: "within"
          LayoutText {#text} at (452,17) size 604x33
            text run at (452,17) width 152: " elements too."
            text run at (604,17) width 0: " "
            text run at (0,34) width 260: "Word   spacing test "
          LayoutInline {EM} at (0,0) size 24x17
            LayoutText {#text} at (260,33) size 24x17
              text run at (260,33) width 24: "for"
          LayoutText {#text} at (284,34) size 28x16
            text run at (284,34) width 28: " "
          LayoutInline {STRONG} at (0,0) size 64x16
            LayoutText {#text} at (312,34) size 64x16
              text run at (312,34) width 64: "elements"
          LayoutText {#text} at (376,34) size 28x16
            text run at (376,34) width 28: " "
          LayoutInline {TT} at (0,0) size 48x16
            LayoutText {#text} at (404,34) size 48x16
              text run at (404,34) width 48: "within"
          LayoutText {#text} at (452,34) size 120x16
            text run at (452,34) width 120: " elements "
          LayoutText {#text} at (572,34) size 1072x33
            text run at (572,34) width 500: " too. (with comment between elements and too)"
            text run at (1072,34) width 0: " "
            text run at (0,51) width 260: "Word   spacing test "
          LayoutInline {EM} at (0,0) size 24x17
            LayoutText {#text} at (260,50) size 24x17
              text run at (260,50) width 24: "for"
          LayoutText {#text} at (284,51) size 28x16
            text run at (284,51) width 28: " "
          LayoutInline {STRONG} at (0,0) size 64x16
            LayoutText {#text} at (312,51) size 64x16
              text run at (312,51) width 64: "elements"
          LayoutText {#text} at (376,51) size 28x16
            text run at (376,51) width 28: " "
          LayoutInline {TT} at (0,0) size 48x16
            LayoutText {#text} at (404,51) size 48x16
              text run at (404,51) width 48: "within"
          LayoutText {#text} at (452,51) size 92x16
            text run at (452,51) width 92: " elements"
          LayoutText {#text} at (544,51) size 1272x33
            text run at (544,51) width 728: " too. (with comment (no preceding space) between elements and too)"
            text run at (1272,51) width 0: " "
            text run at (0,68) width 260: "Word   spacing test "
          LayoutInline {EM} at (0,0) size 24x17
            LayoutText {#text} at (260,67) size 24x17
              text run at (260,67) width 24: "for"
          LayoutText {#text} at (284,68) size 28x16
            text run at (284,68) width 28: " "
          LayoutInline {STRONG} at (0,0) size 64x16
            LayoutText {#text} at (312,68) size 64x16
              text run at (312,68) width 64: "elements"
          LayoutText {#text} at (376,68) size 28x16
            text run at (376,68) width 28: " "
          LayoutInline {TT} at (0,0) size 48x16
            LayoutText {#text} at (404,68) size 48x16
              text run at (404,68) width 48: "within"
          LayoutText {#text} at (452,68) size 120x16
            text run at (452,68) width 120: " elements "
          LayoutText {#text} at (572,68) size 692x16
            text run at (572,68) width 692: "too. (with comment (no trailing space) between elements and too)"
            text run at (1264,68) width 0: " "
          LayoutInline {SPAN} at (0,0) size 376x17
            LayoutText {#text} at (0,85) size 260x16
              text run at (0,85) width 260: "Word   spacing test "
            LayoutInline {EM} at (0,0) size 24x17
              LayoutText {#text} at (260,84) size 24x17
                text run at (260,84) width 24: "for"
            LayoutText {#text} at (284,85) size 28x16
              text run at (284,85) width 28: " "
            LayoutInline {STRONG} at (0,0) size 64x16
              LayoutText {#text} at (312,85) size 64x16
                text run at (312,85) width 64: "elements"
          LayoutText {#text} at (376,85) size 28x16
            text run at (376,85) width 28: " "
          LayoutInline {TT} at (0,0) size 48x16
            LayoutText {#text} at (404,85) size 48x16
              text run at (404,85) width 48: "within"
          LayoutText {#text} at (452,85) size 1096x33
            text run at (452,85) width 644: " elements too. (with monospace font from Word to elements)"
            text run at (1096,85) width 0: " "
            text run at (0,102) width 260: "Word   spacing test "
          LayoutInline {SPAN} at (0,0) size 192x17
            LayoutInline {EM} at (0,0) size 24x17
              LayoutText {#text} at (260,101) size 24x17
                text run at (260,101) width 24: "for"
            LayoutText {#text} at (284,102) size 28x16
              text run at (284,102) width 28: " "
            LayoutInline {STRONG} at (0,0) size 64x16
              LayoutText {#text} at (312,102) size 64x16
                text run at (312,102) width 64: "elements"
            LayoutText {#text} at (376,102) size 28x16
              text run at (376,102) width 28: " "
            LayoutInline {TT} at (0,0) size 48x16
              LayoutText {#text} at (404,102) size 48x16
                text run at (404,102) width 48: "within"
          LayoutText {#text} at (452,102) size 1072x33
            text run at (452,102) width 620: " elements too. (with monospace font from for to within)"
            text run at (1072,102) width 0: " "
            text run at (0,119) width 260: "Word   spacing test "
          LayoutInline {EM} at (0,0) size 24x17
            LayoutText {#text} at (260,118) size 24x17
              text run at (260,118) width 24: "for"
          LayoutText {#text} at (284,119) size 28x16
            text run at (284,119) width 28: " "
          LayoutInline {STRONG} at (0,0) size 64x16
            LayoutText {#text} at (312,119) size 64x16
              text run at (312,119) width 64: "elements"
          LayoutText {#text} at (376,119) size 28x16
            text run at (376,119) width 28: " "
          LayoutInline {SPAN} at (0,0) size 192x16
            LayoutInline {TT} at (0,0) size 48x16
              LayoutText {#text} at (404,119) size 48x16
                text run at (404,119) width 48: "within"
            LayoutText {#text} at (452,119) size 144x16
              text run at (452,119) width 144: " elements too"
          LayoutText {#text} at (596,119) size 492x16
            text run at (596,119) width 492: ". (with monospace font from elements to too)"
            text run at (1088,119) width 0: " "
      LayoutNGBlockFlow (anonymous) at (0,46.91) size 784x208.41
        LayoutBR {BR} at (1272,0) size 0x0
      LayoutNGBlockFlow {PRE} at (0,270.52) size 784x167.20
        LayoutNGBlockFlow {H3} at (0,0) size 784x17
          LayoutText {#text} at (0,0) size 240x17
            text run at (0,0) width 240: "In an un-floated pre"
        LayoutNGBlockFlow (anonymous) at (0,32.20) size 784x135
          LayoutText {#text} at (0,0) size 260x16
            text run at (0,0) width 0: " "
            text run at (0,17) width 260: "Word   spacing test "
          LayoutInline {EM} at (0,0) size 24x17
            LayoutText {#text} at (260,16) size 24x17
              text run at (260,16) width 24: "for"
          LayoutText {#text} at (284,17) size 28x16
            text run at (284,17) width 28: " "
          LayoutInline {STRONG} at (0,0) size 64x16
            LayoutText {#text} at (312,17) size 64x16
              text run at (312,17) width 64: "elements"
          LayoutText {#text} at (376,17) size 28x16
            text run at (376,17) width 28: " "
          LayoutInline {TT} at (0,0) size 48x16
            LayoutText {#text} at (404,17) size 48x16
              text run at (404,17) width 48: "within"
          LayoutText {#text} at (452,17) size 604x33
            text run at (452,17) width 152: " elements too."
            text run at (604,17) width 0: " "
            text run at (0,34) width 260: "Word   spacing test "
          LayoutInline {EM} at (0,0) size 24x17
            LayoutText {#text} at (260,33) size 24x17
              text run at (260,33) width 24: "for"
          LayoutText {#text} at (284,34) size 28x16
            text run at (284,34) width 28: " "
          LayoutInline {STRONG} at (0,0) size 64x16
            LayoutText {#text} at (312,34) size 64x16
              text run at (312,34) width 64: "elements"
          LayoutText {#text} at (376,34) size 28x16
            text run at (376,34) width 28: " "
          LayoutInline {TT} at (0,0) size 48x16
            LayoutText {#text} at (404,34) size 48x16
              text run at (404,34) width 48: "within"
          LayoutText {#text} at (452,34) size 120x16
            text run at (452,34) width 120: " elements "
          LayoutText {#text} at (572,34) size 1072x33
            text run at (572,34) width 500: " too. (with comment between elements and too)"
            text run at (1072,34) width 0: " "
            text run at (0,51) width 260: "Word   spacing test "
          LayoutInline {EM} at (0,0) size 24x17
            LayoutText {#text} at (260,50) size 24x17
              text run at (260,50) width 24: "for"
          LayoutText {#text} at (284,51) size 28x16
            text run at (284,51) width 28: " "
          LayoutInline {STRONG} at (0,0) size 64x16
            LayoutText {#text} at (312,51) size 64x16
              text run at (312,51) width 64: "elements"
          LayoutText {#text} at (376,51) size 28x16
            text run at (376,51) width 28: " "
          LayoutInline {TT} at (0,0) size 48x16
            LayoutText {#text} at (404,51) size 48x16
              text run at (404,51) width 48: "within"
          LayoutText {#text} at (452,51) size 92x16
            text run at (452,51) width 92: " elements"
          LayoutText {#text} at (544,51) size 1272x33
            text run at (544,51) width 728: " too. (with comment (no preceding space) between elements and too)"
            text run at (1272,51) width 0: " "
            text run at (0,68) width 260: "Word   spacing test "
          LayoutInline {EM} at (0,0) size 24x17
            LayoutText {#text} at (260,67) size 24x17
              text run at (260,67) width 24: "for"
          LayoutText {#text} at (284,68) size 28x16
            text run at (284,68) width 28: " "
          LayoutInline {STRONG} at (0,0) size 64x16
            LayoutText {#text} at (312,68) size 64x16
              text run at (312,68) width 64: "elements"
          LayoutText {#text} at (376,68) size 28x16
            text run at (376,68) width 28: " "
          LayoutInline {TT} at (0,0) size 48x16
            LayoutText {#text} at (404,68) size 48x16
              text run at (404,68) width 48: "within"
          LayoutText {#text} at (452,68) size 120x16
            text run at (452,68) width 120: " elements "
          LayoutText {#text} at (572,68) size 692x16
            text run at (572,68) width 692: "too. (with comment (no trailing space) between elements and too)"
            text run at (1264,68) width 0: " "
          LayoutInline {SPAN} at (0,0) size 376x17
            LayoutText {#text} at (0,85) size 260x16
              text run at (0,85) width 260: "Word   spacing test "
            LayoutInline {EM} at (0,0) size 24x17
              LayoutText {#text} at (260,84) size 24x17
                text run at (260,84) width 24: "for"
            LayoutText {#text} at (284,85) size 28x16
              text run at (284,85) width 28: " "
            LayoutInline {STRONG} at (0,0) size 64x16
              LayoutText {#text} at (312,85) size 64x16
                text run at (312,85) width 64: "elements"
          LayoutText {#text} at (376,85) size 28x16
            text run at (376,85) width 28: " "
          LayoutInline {TT} at (0,0) size 48x16
            LayoutText {#text} at (404,85) size 48x16
              text run at (404,85) width 48: "within"
          LayoutText {#text} at (452,85) size 1096x33
            text run at (452,85) width 644: " elements too. (with monospace font from Word to elements)"
            text run at (1096,85) width 0: " "
            text run at (0,102) width 260: "Word   spacing test "
          LayoutInline {SPAN} at (0,0) size 192x17
            LayoutInline {EM} at (0,0) size 24x17
              LayoutText {#text} at (260,101) size 24x17
                text run at (260,101) width 24: "for"
            LayoutText {#text} at (284,102) size 28x16
              text run at (284,102) width 28: " "
            LayoutInline {STRONG} at (0,0) size 64x16
              LayoutText {#text} at (312,102) size 64x16
                text run at (312,102) width 64: "elements"
            LayoutText {#text} at (376,102) size 28x16
              text run at (376,102) width 28: " "
            LayoutInline {TT} at (0,0) size 48x16
              LayoutText {#text} at (404,102) size 48x16
                text run at (404,102) width 48: "within"
          LayoutText {#text} at (452,102) size 1072x33
            text run at (452,102) width 620: " elements too. (with monospace font from for to within)"
            text run at (1072,102) width 0: " "
            text run at (0,119) width 260: "Word   spacing test "
          LayoutInline {EM} at (0,0) size 24x17
            LayoutText {#text} at (260,118) size 24x17
              text run at (260,118) width 24: "for"
          LayoutText {#text} at (284,119) size 28x16
            text run at (284,119) width 28: " "
          LayoutInline {STRONG} at (0,0) size 64x16
            LayoutText {#text} at (312,119) size 64x16
              text run at (312,119) width 64: "elements"
          LayoutText {#text} at (376,119) size 28x16
            text run at (376,119) width 28: " "
          LayoutInline {SPAN} at (0,0) size 192x16
            LayoutInline {TT} at (0,0) size 48x16
              LayoutText {#text} at (404,119) size 48x16
                text run at (404,119) width 48: "within"
            LayoutText {#text} at (452,119) size 144x16
              text run at (452,119) width 144: " elements too"
          LayoutText {#text} at (596,119) size 492x16
            text run at (596,119) width 492: ". (with monospace font from elements to too)"
            text run at (1088,119) width 0: " "
      LayoutNGBlockFlow (anonymous) at (0,450.72) size 784x0
        LayoutInline {SPAN} at (0,0) size 0x0
          LayoutText {#text} at (0,0) size 0x0
      LayoutNGBlockFlow (anonymous) at (0,456.44) size 784x23
        LayoutNGBlockFlow {H3} at (0,0) size 784x23
          LayoutText {#text} at (0,0) size 117x22
            text run at (0,0) width 117: "In a span"
      LayoutNGBlockFlow (anonymous) at (0,498.16) size 784x300
        LayoutInline {SPAN} at (0,0) size 774x259
          LayoutText {#text} at (0,0) size 176x19
            text run at (0,0) width 176: "Word spacing test "
          LayoutInline {EM} at (0,0) size 18x19
            LayoutText {#text} at (176,0) size 18x19
              text run at (176,0) width 18: "for"
          LayoutText {#text} at (194,0) size 24x19
            text run at (194,0) width 24: " "
          LayoutInline {STRONG} at (0,0) size 58x19
            LayoutText {#text} at (218,0) size 58x19
              text run at (218,0) width 58: "elements"
          LayoutText {#text} at (276,0) size 24x19
            text run at (276,0) width 24: " "
          LayoutInline {TT} at (0,0) size 48x16
            LayoutText {#text} at (300,3) size 48x16
              text run at (300,3) width 48: "within"
          LayoutText {#text} at (348,0) size 127x19
            text run at (348,0) width 127: " elements too."
          LayoutBR {BR} at (475,0) size 0x0
          LayoutText {#text} at (0,20) size 176x19
            text run at (0,20) width 176: "Word spacing test "
          LayoutInline {EM} at (0,0) size 18x19
            LayoutText {#text} at (176,20) size 18x19
              text run at (176,20) width 18: "for"
          LayoutText {#text} at (194,20) size 24x19
            text run at (194,20) width 24: " "
          LayoutInline {STRONG} at (0,0) size 58x19
            LayoutText {#text} at (218,20) size 58x19
              text run at (218,20) width 58: "elements"
          LayoutText {#text} at (276,20) size 24x19
            text run at (276,20) width 24: " "
          LayoutInline {TT} at (0,0) size 48x16
            LayoutText {#text} at (300,23) size 48x16
              text run at (300,23) width 48: "within"
          LayoutText {#text} at (348,20) size 103x19
            text run at (348,20) width 103: " elements "
          LayoutText {#text} at (451,20) size 770x39
            text run at (451,20) width 319: "too. (with comment between elements"
            text run at (0,40) width 72: "and too)"
          LayoutBR {BR} at (72,40) size 0x0
          LayoutText {#text} at (0,60) size 176x19
            text run at (0,60) width 176: "Word spacing test "
          LayoutInline {EM} at (0,0) size 18x19
            LayoutText {#text} at (176,60) size 18x19
              text run at (176,60) width 18: "for"
          LayoutText {#text} at (194,60) size 24x19
            text run at (194,60) width 24: " "
          LayoutInline {STRONG} at (0,0) size 58x19
            LayoutText {#text} at (218,60) size 58x19
              text run at (218,60) width 58: "elements"
          LayoutText {#text} at (276,60) size 24x19
            text run at (276,60) width 24: " "
          LayoutInline {TT} at (0,0) size 48x16
            LayoutText {#text} at (300,63) size 48x16
              text run at (300,63) width 48: "within"
          LayoutText {#text} at (348,60) size 79x19
            text run at (348,60) width 79: " elements"
          LayoutText {#text} at (427,60) size 745x39
            text run at (427,60) width 318: " too. (with comment (no preceding"
            text run at (0,80) width 292: "space) between elements and too)"
          LayoutBR {BR} at (292,80) size 0x0
          LayoutText {#text} at (0,100) size 176x19
            text run at (0,100) width 176: "Word spacing test "
          LayoutInline {EM} at (0,0) size 18x19
            LayoutText {#text} at (176,100) size 18x19
              text run at (176,100) width 18: "for"
          LayoutText {#text} at (194,100) size 24x19
            text run at (194,100) width 24: " "
          LayoutInline {STRONG} at (0,0) size 58x19
            LayoutText {#text} at (218,100) size 58x19
              text run at (218,100) width 58: "elements"
          LayoutText {#text} at (276,100) size 24x19
            text run at (276,100) width 24: " "
          LayoutInline {TT} at (0,0) size 48x16
            LayoutText {#text} at (300,103) size 48x16
              text run at (300,103) width 48: "within"
          LayoutText {#text} at (348,100) size 103x19
            text run at (348,100) width 103: " elements "
          LayoutText {#text} at (451,100) size 727x39
            text run at (451,100) width 276: "too. (with comment (no trailing"
            text run at (0,120) width 292: "space) between elements and too)"
          LayoutBR {BR} at (292,120) size 0x0
          LayoutInline {SPAN} at (0,0) size 320x17
            LayoutText {#text} at (0,143) size 204x16
              text run at (0,143) width 204: "Word spacing test "
            LayoutInline {EM} at (0,0) size 24x17
              LayoutText {#text} at (204,142) size 24x17
                text run at (204,142) width 24: "for"
            LayoutText {#text} at (228,143) size 28x16
              text run at (228,143) width 28: " "
            LayoutInline {STRONG} at (0,0) size 64x16
              LayoutText {#text} at (256,143) size 64x16
                text run at (256,143) width 64: "elements"
          LayoutText {#text} at (320,140) size 24x19
            text run at (320,140) width 24: " "
          LayoutInline {TT} at (0,0) size 48x16
            LayoutText {#text} at (344,143) size 48x16
              text run at (344,143) width 48: "within"
          LayoutText {#text} at (392,140) size 774x39
            text run at (392,140) width 382: " elements too. (with monospace font from"
            text run at (0,160) width 155: "Word to elements)"
          LayoutBR {BR} at (155,160) size 0x0
          LayoutText {#text} at (0,180) size 176x19
            text run at (0,180) width 176: "Word spacing test "
          LayoutInline {SPAN} at (0,0) size 192x17
            LayoutInline {EM} at (0,0) size 24x17
              LayoutText {#text} at (176,182) size 24x17
                text run at (176,182) width 24: "for"
            LayoutText {#text} at (200,183) size 28x16
              text run at (200,183) width 28: " "
            LayoutInline {STRONG} at (0,0) size 64x16
              LayoutText {#text} at (228,183) size 64x16
                text run at (228,183) width 64: "elements"
            LayoutText {#text} at (292,183) size 28x16
              text run at (292,183) width 28: " "
            LayoutInline {TT} at (0,0) size 48x16
              LayoutText {#text} at (320,183) size 48x16
                text run at (320,183) width 48: "within"
          LayoutText {#text} at (368,180) size 750x39
            text run at (368,180) width 382: " elements too. (with monospace font from"
            text run at (0,200) width 123: "for to within)"
          LayoutBR {BR} at (123,200) size 0x0
          LayoutText {#text} at (0,220) size 176x19
            text run at (0,220) width 176: "Word spacing test "
          LayoutInline {EM} at (0,0) size 18x19
            LayoutText {#text} at (176,220) size 18x19
              text run at (176,220) width 18: "for"
          LayoutText {#text} at (194,220) size 24x19
            text run at (194,220) width 24: " "
          LayoutInline {STRONG} at (0,0) size 58x19
            LayoutText {#text} at (218,220) size 58x19
              text run at (218,220) width 58: "elements"
          LayoutText {#text} at (276,220) size 24x19
            text run at (276,220) width 24: " "
          LayoutInline {SPAN} at (0,0) size 192x16
            LayoutInline {TT} at (0,0) size 48x16
              LayoutText {#text} at (300,223) size 48x16
                text run at (300,223) width 48: "within"
            LayoutText {#text} at (348,223) size 144x16
              text run at (348,223) width 144: " elements too"
          LayoutText {#text} at (492,220) size 751x39
            text run at (492,220) width 259: ". (with monospace font from"
            text run at (0,240) width 140: "elements to too)"
        LayoutText {#text} at (0,0) size 0x0
        LayoutBR {BR} at (140,255) size 0x0
        LayoutBR {BR} at (0,260) size 0x0
        LayoutBR {BR} at (0,280) size 0x0
      LayoutNGBlockFlow {H2} at (0,818.06) size 784x27
        LayoutText {#text} at (0,0) size 140x26
          text run at (0,0) width 140: "letter-spacing"
      LayoutNGBlockFlow (floating) {PRE} at (0,877.97) size 1508x182.41
        LayoutNGBlockFlow {H3} at (0,15.20) size 1508x17
          LayoutText {#text} at (0,0) size 224x17
            text run at (0,0) width 224: "In a floated pre"
        LayoutNGBlockFlow (anonymous) at (0,47.41) size 1508x135
          LayoutText {#text} at (0,0) size 286x16
            text run at (0,0) width 0: " "
            text run at (0,17) width 286: "Letter   spacing test "
          LayoutInline {EM} at (0,0) size 39x17
            LayoutText {#text} at (286,16) size 39x17
              text run at (286,16) width 39: "for"
          LayoutText {#text} at (325,17) size 13x16
            text run at (325,17) width 13: " "
          LayoutInline {STRONG} at (0,0) size 104x16
            LayoutText {#text} at (338,17) size 104x16
              text run at (338,17) width 104: "elements"
          LayoutText {#text} at (442,17) size 13x16
            text run at (442,17) width 13: " "
          LayoutInline {TT} at (0,0) size 78x16
            LayoutText {#text} at (455,17) size 78x16
              text run at (455,17) width 78: "within"
          LayoutText {#text} at (533,17) size 715x33
            text run at (533,17) width 182: " elements too."
            text run at (715,17) width 0: " "
            text run at (0,34) width 286: "Letter   spacing test "
          LayoutInline {EM} at (0,0) size 39x17
            LayoutText {#text} at (286,33) size 39x17
              text run at (286,33) width 39: "for"
          LayoutText {#text} at (325,34) size 13x16
            text run at (325,34) width 13: " "
          LayoutInline {STRONG} at (0,0) size 104x16
            LayoutText {#text} at (338,34) size 104x16
              text run at (338,34) width 104: "elements"
          LayoutText {#text} at (442,34) size 13x16
            text run at (442,34) width 13: " "
          LayoutInline {TT} at (0,0) size 78x16
            LayoutText {#text} at (455,34) size 78x16
              text run at (455,34) width 78: "within"
          LayoutText {#text} at (533,34) size 130x16
            text run at (533,34) width 130: " elements "
          LayoutText {#text} at (663,34) size 1248x33
            text run at (663,34) width 585: " too. (with comment between elements and too)"
            text run at (1248,34) width 0: " "
            text run at (0,51) width 286: "Letter   spacing test "
          LayoutInline {EM} at (0,0) size 39x17
            LayoutText {#text} at (286,50) size 39x17
              text run at (286,50) width 39: "for"
          LayoutText {#text} at (325,51) size 13x16
            text run at (325,51) width 13: " "
          LayoutInline {STRONG} at (0,0) size 104x16
            LayoutText {#text} at (338,51) size 104x16
              text run at (338,51) width 104: "elements"
          LayoutText {#text} at (442,51) size 13x16
            text run at (442,51) width 13: " "
          LayoutInline {TT} at (0,0) size 78x16
            LayoutText {#text} at (455,51) size 78x16
              text run at (455,51) width 78: "within"
          LayoutText {#text} at (533,51) size 117x16
            text run at (533,51) width 117: " elements"
          LayoutText {#text} at (650,51) size 1508x33
            text run at (650,51) width 858: " too. (with comment (no preceding space) between elements and too)"
            text run at (1508,51) width 0: " "
            text run at (0,68) width 286: "Letter   spacing test "
          LayoutInline {EM} at (0,0) size 39x17
            LayoutText {#text} at (286,67) size 39x17
              text run at (286,67) width 39: "for"
          LayoutText {#text} at (325,68) size 13x16
            text run at (325,68) width 13: " "
          LayoutInline {STRONG} at (0,0) size 104x16
            LayoutText {#text} at (338,68) size 104x16
              text run at (338,68) width 104: "elements"
          LayoutText {#text} at (442,68) size 13x16
            text run at (442,68) width 13: " "
          LayoutInline {TT} at (0,0) size 78x16
            LayoutText {#text} at (455,68) size 78x16
              text run at (455,68) width 78: "within"
          LayoutText {#text} at (533,68) size 130x16
            text run at (533,68) width 130: " elements "
          LayoutText {#text} at (663,68) size 832x16
            text run at (663,68) width 832: "too. (with comment (no trailing space) between elements and too)"
            text run at (1495,68) width 0: " "
          LayoutInline {SPAN} at (0,0) size 442x17
            LayoutText {#text} at (0,85) size 286x16
              text run at (0,85) width 286: "Letter   spacing test "
            LayoutInline {EM} at (0,0) size 39x17
              LayoutText {#text} at (286,84) size 39x17
                text run at (286,84) width 39: "for"
            LayoutText {#text} at (325,85) size 13x16
              text run at (325,85) width 13: " "
            LayoutInline {STRONG} at (0,0) size 104x16
              LayoutText {#text} at (338,85) size 104x16
                text run at (338,85) width 104: "elements"
          LayoutText {#text} at (442,85) size 13x16
            text run at (442,85) width 13: " "
          LayoutInline {TT} at (0,0) size 78x16
            LayoutText {#text} at (455,85) size 78x16
              text run at (455,85) width 78: "within"
          LayoutText {#text} at (533,85) size 1313x33
            text run at (533,85) width 780: " elements too. (with monospace font from Letter to elements)"
            text run at (1313,85) width 0: " "
            text run at (0,102) width 286: "Letter   spacing test "
          LayoutInline {SPAN} at (0,0) size 247x17
            LayoutInline {EM} at (0,0) size 39x17
              LayoutText {#text} at (286,101) size 39x17
                text run at (286,101) width 39: "for"
            LayoutText {#text} at (325,102) size 13x16
              text run at (325,102) width 13: " "
            LayoutInline {STRONG} at (0,0) size 104x16
              LayoutText {#text} at (338,102) size 104x16
                text run at (338,102) width 104: "elements"
            LayoutText {#text} at (442,102) size 13x16
              text run at (442,102) width 13: " "
            LayoutInline {TT} at (0,0) size 78x16
              LayoutText {#text} at (455,102) size 78x16
                text run at (455,102) width 78: "within"
          LayoutText {#text} at (533,102) size 1248x33
            text run at (533,102) width 715: " elements too. (with monospace font from for to within)"
            text run at (1248,102) width 0: " "
            text run at (0,119) width 286: "Letter   spacing test "
          LayoutInline {EM} at (0,0) size 39x17
            LayoutText {#text} at (286,118) size 39x17
              text run at (286,118) width 39: "for"
          LayoutText {#text} at (325,119) size 13x16
            text run at (325,119) width 13: " "
          LayoutInline {STRONG} at (0,0) size 104x16
            LayoutText {#text} at (338,119) size 104x16
              text run at (338,119) width 104: "elements"
          LayoutText {#text} at (442,119) size 13x16
            text run at (442,119) width 13: " "
          LayoutInline {SPAN} at (0,0) size 247x16
            LayoutInline {TT} at (0,0) size 78x16
              LayoutText {#text} at (455,119) size 78x16
                text run at (455,119) width 78: "within"
            LayoutText {#text} at (533,119) size 169x16
              text run at (533,119) width 169: " elements too"
          LayoutText {#text} at (702,119) size 572x16
            text run at (702,119) width 572: ". (with monospace font from elements to too)"
            text run at (1274,119) width 0: " "
      LayoutNGBlockFlow (anonymous) at (0,864.97) size 784x208.41
        LayoutBR {BR} at (1508,0) size 0x0
      LayoutNGBlockFlow {PRE} at (0,1088.58) size 784x167.20
        LayoutNGBlockFlow {H3} at (0,0) size 784x17
          LayoutText {#text} at (0,0) size 280x17
            text run at (0,0) width 280: "In an un-floated pre"
        LayoutNGBlockFlow (anonymous) at (0,32.20) size 784x135
          LayoutText {#text} at (0,0) size 286x16
            text run at (0,0) width 0: " "
            text run at (0,17) width 286: "Letter   spacing test "
          LayoutInline {EM} at (0,0) size 39x17
            LayoutText {#text} at (286,16) size 39x17
              text run at (286,16) width 39: "for"
          LayoutText {#text} at (325,17) size 13x16
            text run at (325,17) width 13: " "
          LayoutInline {STRONG} at (0,0) size 104x16
            LayoutText {#text} at (338,17) size 104x16
              text run at (338,17) width 104: "elements"
          LayoutText {#text} at (442,17) size 13x16
            text run at (442,17) width 13: " "
          LayoutInline {TT} at (0,0) size 78x16
            LayoutText {#text} at (455,17) size 78x16
              text run at (455,17) width 78: "within"
          LayoutText {#text} at (533,17) size 715x33
            text run at (533,17) width 182: " elements too."
            text run at (715,17) width 0: " "
            text run at (0,34) width 286: "Letter   spacing test "
          LayoutInline {EM} at (0,0) size 39x17
            LayoutText {#text} at (286,33) size 39x17
              text run at (286,33) width 39: "for"
          LayoutText {#text} at (325,34) size 13x16
            text run at (325,34) width 13: " "
          LayoutInline {STRONG} at (0,0) size 104x16
            LayoutText {#text} at (338,34) size 104x16
              text run at (338,34) width 104: "elements"
          LayoutText {#text} at (442,34) size 13x16
            text run at (442,34) width 13: " "
          LayoutInline {TT} at (0,0) size 78x16
            LayoutText {#text} at (455,34) size 78x16
              text run at (455,34) width 78: "within"
          LayoutText {#text} at (533,34) size 130x16
            text run at (533,34) width 130: " elements "
          LayoutText {#text} at (663,34) size 1248x33
            text run at (663,34) width 585: " too. (with comment between elements and too)"
            text run at (1248,34) width 0: " "
            text run at (0,51) width 286: "Letter   spacing test "
          LayoutInline {EM} at (0,0) size 39x17
            LayoutText {#text} at (286,50) size 39x17
              text run at (286,50) width 39: "for"
          LayoutText {#text} at (325,51) size 13x16
            text run at (325,51) width 13: " "
          LayoutInline {STRONG} at (0,0) size 104x16
            LayoutText {#text} at (338,51) size 104x16
              text run at (338,51) width 104: "elements"
          LayoutText {#text} at (442,51) size 13x16
            text run at (442,51) width 13: " "
          LayoutInline {TT} at (0,0) size 78x16
            LayoutText {#text} at (455,51) size 78x16
              text run at (455,51) width 78: "within"
          LayoutText {#text} at (533,51) size 117x16
            text run at (533,51) width 117: " elements"
          LayoutText {#text} at (650,51) size 1508x33
            text run at (650,51) width 858: " too. (with comment (no preceding space) between elements and too)"
            text run at (1508,51) width 0: " "
            text run at (0,68) width 286: "Letter   spacing test "
          LayoutInline {EM} at (0,0) size 39x17
            LayoutText {#text} at (286,67) size 39x17
              text run at (286,67) width 39: "for"
          LayoutText {#text} at (325,68) size 13x16
            text run at (325,68) width 13: " "
          LayoutInline {STRONG} at (0,0) size 104x16
            LayoutText {#text} at (338,68) size 104x16
              text run at (338,68) width 104: "elements"
          LayoutText {#text} at (442,68) size 13x16
            text run at (442,68) width 13: " "
          LayoutInline {TT} at (0,0) size 78x16
            LayoutText {#text} at (455,68) size 78x16
              text run at (455,68) width 78: "within"
          LayoutText {#text} at (533,68) size 130x16
            text run at (533,68) width 130: " elements "
          LayoutText {#text} at (663,68) size 832x16
            text run at (663,68) width 832: "too. (with comment (no trailing space) between elements and too)"
            text run at (1495,68) width 0: " "
          LayoutInline {SPAN} at (0,0) size 442x17
            LayoutText {#text} at (0,85) size 286x16
              text run at (0,85) width 286: "Letter   spacing test "
            LayoutInline {EM} at (0,0) size 39x17
              LayoutText {#text} at (286,84) size 39x17
                text run at (286,84) width 39: "for"
            LayoutText {#text} at (325,85) size 13x16
              text run at (325,85) width 13: " "
            LayoutInline {STRONG} at (0,0) size 104x16
              LayoutText {#text} at (338,85) size 104x16
                text run at (338,85) width 104: "elements"
          LayoutText {#text} at (442,85) size 13x16
            text run at (442,85) width 13: " "
          LayoutInline {TT} at (0,0) size 78x16
            LayoutText {#text} at (455,85) size 78x16
              text run at (455,85) width 78: "within"
          LayoutText {#text} at (533,85) size 1313x33
            text run at (533,85) width 780: " elements too. (with monospace font from Letter to elements)"
            text run at (1313,85) width 0: " "
            text run at (0,102) width 286: "Letter   spacing test "
          LayoutInline {SPAN} at (0,0) size 247x17
            LayoutInline {EM} at (0,0) size 39x17
              LayoutText {#text} at (286,101) size 39x17
                text run at (286,101) width 39: "for"
            LayoutText {#text} at (325,102) size 13x16
              text run at (325,102) width 13: " "
            LayoutInline {STRONG} at (0,0) size 104x16
              LayoutText {#text} at (338,102) size 104x16
                text run at (338,102) width 104: "elements"
            LayoutText {#text} at (442,102) size 13x16
              text run at (442,102) width 13: " "
            LayoutInline {TT} at (0,0) size 78x16
              LayoutText {#text} at (455,102) size 78x16
                text run at (455,102) width 78: "within"
          LayoutText {#text} at (533,102) size 1248x33
            text run at (533,102) width 715: " elements too. (with monospace font from for to within)"
            text run at (1248,102) width 0: " "
            text run at (0,119) width 286: "Letter   spacing test "
          LayoutInline {EM} at (0,0) size 39x17
            LayoutText {#text} at (286,118) size 39x17
              text run at (286,118) width 39: "for"
          LayoutText {#text} at (325,119) size 13x16
            text run at (325,119) width 13: " "
          LayoutInline {STRONG} at (0,0) size 104x16
            LayoutText {#text} at (338,119) size 104x16
              text run at (338,119) width 104: "elements"
          LayoutText {#text} at (442,119) size 13x16
            text run at (442,119) width 13: " "
          LayoutInline {SPAN} at (0,0) size 247x16
            LayoutInline {TT} at (0,0) size 78x16
              LayoutText {#text} at (455,119) size 78x16
                text run at (455,119) width 78: "within"
            LayoutText {#text} at (533,119) size 169x16
              text run at (533,119) width 169: " elements too"
          LayoutText {#text} at (702,119) size 572x16
            text run at (702,119) width 572: ". (with monospace font from elements to too)"
            text run at (1274,119) width 0: " "
      LayoutNGBlockFlow (anonymous) at (0,1268.78) size 784x20
        LayoutBR {BR} at (0,0) size 0x0
        LayoutInline {SPAN} at (0,0) size 0x0
          LayoutText {#text} at (0,0) size 0x0
      LayoutNGBlockFlow (anonymous) at (0,1307.50) size 784x23
        LayoutNGBlockFlow {H3} at (0,0) size 784x23
          LayoutText {#text} at (0,0) size 122x22
            text run at (0,0) width 122: "In a span"
      LayoutNGBlockFlow (anonymous) at (0,1349.22) size 784x300
        LayoutInline {SPAN} at (0,0) size 771x259
          LayoutText {#text} at (0,0) size 218x19
            text run at (0,0) width 218: "Letter spacing test "
          LayoutInline {EM} at (0,0) size 33x19
            LayoutText {#text} at (218,0) size 33x19
              text run at (218,0) width 33: "for"
          LayoutText {#text} at (251,0) size 9x19
            text run at (251,0) width 9: " "
          LayoutInline {STRONG} at (0,0) size 98x19
            LayoutText {#text} at (260,0) size 98x19
              text run at (260,0) width 98: "elements"
          LayoutText {#text} at (358,0) size 9x19
            text run at (358,0) width 9: " "
          LayoutInline {TT} at (0,0) size 78x16
            LayoutText {#text} at (367,3) size 78x16
              text run at (367,3) width 78: "within"
          LayoutText {#text} at (445,0) size 157x19
            text run at (445,0) width 157: " elements too."
          LayoutBR {BR} at (602,0) size 0x0
          LayoutText {#text} at (0,20) size 218x19
            text run at (0,20) width 218: "Letter spacing test "
          LayoutInline {EM} at (0,0) size 33x19
            LayoutText {#text} at (218,20) size 33x19
              text run at (218,20) width 33: "for"
          LayoutText {#text} at (251,20) size 9x19
            text run at (251,20) width 9: " "
          LayoutInline {STRONG} at (0,0) size 98x19
            LayoutText {#text} at (260,20) size 98x19
              text run at (260,20) width 98: "elements"
          LayoutText {#text} at (358,20) size 9x19
            text run at (358,20) width 9: " "
          LayoutInline {TT} at (0,0) size 78x16
            LayoutText {#text} at (367,23) size 78x16
              text run at (367,23) width 78: "within"
          LayoutText {#text} at (445,20) size 113x19
            text run at (445,20) width 113: " elements "
          LayoutText {#text} at (558,20) size 771x39
            text run at (558,20) width 213: "too. (with comment"
            text run at (0,40) width 293: "between elements and too)"
          LayoutBR {BR} at (293,40) size 0x0
          LayoutText {#text} at (0,60) size 218x19
            text run at (0,60) width 218: "Letter spacing test "
          LayoutInline {EM} at (0,0) size 33x19
            LayoutText {#text} at (218,60) size 33x19
              text run at (218,60) width 33: "for"
          LayoutText {#text} at (251,60) size 9x19
            text run at (251,60) width 9: " "
          LayoutInline {STRONG} at (0,0) size 98x19
            LayoutText {#text} at (260,60) size 98x19
              text run at (260,60) width 98: "elements"
          LayoutText {#text} at (358,60) size 9x19
            text run at (358,60) width 9: " "
          LayoutInline {TT} at (0,0) size 78x16
            LayoutText {#text} at (367,63) size 78x16
              text run at (367,63) width 78: "within"
          LayoutText {#text} at (445,60) size 104x19
            text run at (445,60) width 104: " elements"
          LayoutText {#text} at (549,60) size 771x39
            text run at (549,60) width 222: " too. (with comment"
            text run at (0,80) width 533: "(no preceding space) between elements and too)"
          LayoutBR {BR} at (533,80) size 0x0
          LayoutText {#text} at (0,100) size 218x19
            text run at (0,100) width 218: "Letter spacing test "
          LayoutInline {EM} at (0,0) size 33x19
            LayoutText {#text} at (218,100) size 33x19
              text run at (218,100) width 33: "for"
          LayoutText {#text} at (251,100) size 9x19
            text run at (251,100) width 9: " "
          LayoutInline {STRONG} at (0,0) size 98x19
            LayoutText {#text} at (260,100) size 98x19
              text run at (260,100) width 98: "elements"
          LayoutText {#text} at (358,100) size 9x19
            text run at (358,100) width 9: " "
          LayoutInline {TT} at (0,0) size 78x16
            LayoutText {#text} at (367,103) size 78x16
              text run at (367,103) width 78: "within"
          LayoutText {#text} at (445,100) size 113x19
            text run at (445,100) width 113: " elements "
          LayoutText {#text} at (558,100) size 771x39
            text run at (558,100) width 213: "too. (with comment"
            text run at (0,120) width 510: "(no trailing space) between elements and too)"
          LayoutBR {BR} at (510,120) size 0x0
          LayoutInline {SPAN} at (0,0) size 416x17
            LayoutText {#text} at (0,143) size 260x16
              text run at (0,143) width 260: "Letter spacing test "
            LayoutInline {EM} at (0,0) size 39x17
              LayoutText {#text} at (260,142) size 39x17
                text run at (260,142) width 39: "for"
            LayoutText {#text} at (299,143) size 13x16
              text run at (299,143) width 13: " "
            LayoutInline {STRONG} at (0,0) size 104x16
              LayoutText {#text} at (312,143) size 104x16
                text run at (312,143) width 104: "elements"
          LayoutText {#text} at (416,140) size 9x19
            text run at (416,140) width 9: " "
          LayoutInline {TT} at (0,0) size 78x16
            LayoutText {#text} at (425,143) size 78x16
              text run at (425,143) width 78: "within"
          LayoutText {#text} at (503,140) size 727x39
            text run at (503,140) width 224: " elements too. (with"
            text run at (0,160) width 450: "monospace font from Letter to elements)"
          LayoutBR {BR} at (450,160) size 0x0
          LayoutText {#text} at (0,180) size 218x19
            text run at (0,180) width 218: "Letter spacing test "
          LayoutInline {SPAN} at (0,0) size 247x17
            LayoutInline {EM} at (0,0) size 39x17
              LayoutText {#text} at (218,182) size 39x17
                text run at (218,182) width 39: "for"
            LayoutText {#text} at (257,183) size 13x16
              text run at (257,183) width 13: " "
            LayoutInline {STRONG} at (0,0) size 104x16
              LayoutText {#text} at (270,183) size 104x16
                text run at (270,183) width 104: "elements"
            LayoutText {#text} at (374,183) size 13x16
              text run at (374,183) width 13: " "
            LayoutInline {TT} at (0,0) size 78x16
              LayoutText {#text} at (387,183) size 78x16
                text run at (387,183) width 78: "within"
          LayoutText {#text} at (465,180) size 689x39
            text run at (465,180) width 224: " elements too. (with"
            text run at (0,200) width 391: "monospace font from for to within)"
          LayoutBR {BR} at (391,200) size 0x0
          LayoutText {#text} at (0,220) size 218x19
            text run at (0,220) width 218: "Letter spacing test "
          LayoutInline {EM} at (0,0) size 33x19
            LayoutText {#text} at (218,220) size 33x19
              text run at (218,220) width 33: "for"
          LayoutText {#text} at (251,220) size 9x19
            text run at (251,220) width 9: " "
          LayoutInline {STRONG} at (0,0) size 98x19
            LayoutText {#text} at (260,220) size 98x19
              text run at (260,220) width 98: "elements"
          LayoutText {#text} at (358,220) size 9x19
            text run at (358,220) width 9: " "
          LayoutInline {SPAN} at (0,0) size 247x16
            LayoutInline {TT} at (0,0) size 78x16
              LayoutText {#text} at (367,223) size 78x16
                text run at (367,223) width 78: "within"
            LayoutText {#text} at (445,223) size 169x16
              text run at (445,223) width 169: " elements too"
          LayoutText {#text} at (614,220) size 690x39
            text run at (614,220) width 76: ". (with"
            text run at (0,240) width 418: "monospace font from elements to too)"
        LayoutText {#text} at (0,0) size 0x0
        LayoutBR {BR} at (418,255) size 0x0
        LayoutBR {BR} at (0,260) size 0x0
        LayoutBR {BR} at (0,280) size 0x0
      LayoutNGBlockFlow {H2} at (0,1669.13) size 784x27
        LayoutText {#text} at (0,0) size 131x26
          text run at (0,0) width 131: "both-spacing"
      LayoutNGBlockFlow (floating) {PRE} at (0,1729.03) size 2025x182.41
        LayoutNGBlockFlow {H3} at (0,15.20) size 2025x17
          LayoutText {#text} at (0,0) size 284x17
            text run at (0,0) width 284: "In a floated pre"
        LayoutNGBlockFlow (anonymous) at (0,47.41) size 2025x135
          LayoutText {#text} at (0,0) size 543x16
            text run at (0,0) width 0: " "
            text run at (0,17) width 543: "Word and letter   spacing test "
          LayoutInline {EM} at (0,0) size 39x17
            LayoutText {#text} at (543,16) size 39x17
              text run at (543,16) width 39: "for"
          LayoutText {#text} at (582,17) size 33x16
            text run at (582,17) width 33: " "
          LayoutInline {STRONG} at (0,0) size 104x16
            LayoutText {#text} at (615,17) size 104x16
              text run at (615,17) width 104: "elements"
          LayoutText {#text} at (719,17) size 33x16
            text run at (719,17) width 33: " "
          LayoutInline {TT} at (0,0) size 78x16
            LayoutText {#text} at (752,17) size 78x16
              text run at (752,17) width 78: "within"
          LayoutText {#text} at (830,17) size 1052x33
            text run at (830,17) width 222: " elements too."
            text run at (1052,17) width 0: " "
            text run at (0,34) width 543: "Word and letter   spacing test "
          LayoutInline {EM} at (0,0) size 39x17
            LayoutText {#text} at (543,33) size 39x17
              text run at (543,33) width 39: "for"
          LayoutText {#text} at (582,34) size 33x16
            text run at (582,34) width 33: " "
          LayoutInline {STRONG} at (0,0) size 104x16
            LayoutText {#text} at (615,34) size 104x16
              text run at (615,34) width 104: "elements"
          LayoutText {#text} at (719,34) size 33x16
            text run at (719,34) width 33: " "
          LayoutInline {TT} at (0,0) size 78x16
            LayoutText {#text} at (752,34) size 78x16
              text run at (752,34) width 78: "within"
          LayoutText {#text} at (830,34) size 170x16
            text run at (830,34) width 170: " elements "
          LayoutText {#text} at (1000,34) size 1725x33
            text run at (1000,34) width 725: " too. (with comment between elements and too)"
            text run at (1725,34) width 0: " "
            text run at (0,51) width 543: "Word and letter   spacing test "
          LayoutInline {EM} at (0,0) size 39x17
            LayoutText {#text} at (543,50) size 39x17
              text run at (543,50) width 39: "for"
          LayoutText {#text} at (582,51) size 33x16
            text run at (582,51) width 33: " "
          LayoutInline {STRONG} at (0,0) size 104x16
            LayoutText {#text} at (615,51) size 104x16
              text run at (615,51) width 104: "elements"
          LayoutText {#text} at (719,51) size 33x16
            text run at (719,51) width 33: " "
          LayoutInline {TT} at (0,0) size 78x16
            LayoutText {#text} at (752,51) size 78x16
              text run at (752,51) width 78: "within"
          LayoutText {#text} at (830,51) size 137x16
            text run at (830,51) width 137: " elements"
          LayoutText {#text} at (967,51) size 2025x33
            text run at (967,51) width 1058: " too. (with comment (no preceding space) between elements and too)"
            text run at (2025,51) width 0: " "
            text run at (0,68) width 543: "Word and letter   spacing test "
          LayoutInline {EM} at (0,0) size 39x17
            LayoutText {#text} at (543,67) size 39x17
              text run at (543,67) width 39: "for"
          LayoutText {#text} at (582,68) size 33x16
            text run at (582,68) width 33: " "
          LayoutInline {STRONG} at (0,0) size 104x16
            LayoutText {#text} at (615,68) size 104x16
              text run at (615,68) width 104: "elements"
          LayoutText {#text} at (719,68) size 33x16
            text run at (719,68) width 33: " "
          LayoutInline {TT} at (0,0) size 78x16
            LayoutText {#text} at (752,68) size 78x16
              text run at (752,68) width 78: "within"
          LayoutText {#text} at (830,68) size 170x16
            text run at (830,68) width 170: " elements "
          LayoutText {#text} at (1000,68) size 1012x16
            text run at (1000,68) width 1012: "too. (with comment (no trailing space) between elements and too)"
            text run at (2012,68) width 0: " "
          LayoutInline {SPAN} at (0,0) size 719x17
            LayoutText {#text} at (0,85) size 543x16
              text run at (0,85) width 543: "Word and letter   spacing test "
            LayoutInline {EM} at (0,0) size 39x17
              LayoutText {#text} at (543,84) size 39x17
                text run at (543,84) width 39: "for"
            LayoutText {#text} at (582,85) size 33x16
              text run at (582,85) width 33: " "
            LayoutInline {STRONG} at (0,0) size 104x16
              LayoutText {#text} at (615,85) size 104x16
                text run at (615,85) width 104: "elements"
          LayoutText {#text} at (719,85) size 33x16
            text run at (719,85) width 33: " "
          LayoutInline {TT} at (0,0) size 78x16
            LayoutText {#text} at (752,85) size 78x16
              text run at (752,85) width 78: "within"
          LayoutText {#text} at (830,85) size 1764x33
            text run at (830,85) width 934: " elements too. (with monospace font from Word to elements)"
            text run at (1764,85) width 0: " "
            text run at (0,102) width 543: "Word and letter   spacing test "
          LayoutInline {SPAN} at (0,0) size 287x17
            LayoutInline {EM} at (0,0) size 39x17
              LayoutText {#text} at (543,101) size 39x17
                text run at (543,101) width 39: "for"
            LayoutText {#text} at (582,102) size 33x16
              text run at (582,102) width 33: " "
            LayoutInline {STRONG} at (0,0) size 104x16
              LayoutText {#text} at (615,102) size 104x16
                text run at (615,102) width 104: "elements"
            LayoutText {#text} at (719,102) size 33x16
              text run at (719,102) width 33: " "
            LayoutInline {TT} at (0,0) size 78x16
              LayoutText {#text} at (752,102) size 78x16
                text run at (752,102) width 78: "within"
          LayoutText {#text} at (830,102) size 1725x33
            text run at (830,102) width 895: " elements too. (with monospace font from for to within)"
            text run at (1725,102) width 0: " "
            text run at (0,119) width 543: "Word and letter   spacing test "
          LayoutInline {EM} at (0,0) size 39x17
            LayoutText {#text} at (543,118) size 39x17
              text run at (543,118) width 39: "for"
          LayoutText {#text} at (582,119) size 33x16
            text run at (582,119) width 33: " "
          LayoutInline {STRONG} at (0,0) size 104x16
            LayoutText {#text} at (615,119) size 104x16
              text run at (615,119) width 104: "elements"
          LayoutText {#text} at (719,119) size 33x16
            text run at (719,119) width 33: " "
          LayoutInline {SPAN} at (0,0) size 287x16
            LayoutInline {TT} at (0,0) size 78x16
              LayoutText {#text} at (752,119) size 78x16
                text run at (752,119) width 78: "within"
            LayoutText {#text} at (830,119) size 209x16
              text run at (830,119) width 209: " elements too"
          LayoutText {#text} at (1039,119) size 712x16
            text run at (1039,119) width 712: ". (with monospace font from elements to too)"
            text run at (1751,119) width 0: " "
      LayoutNGBlockFlow (anonymous) at (0,1716.03) size 784x208.41
        LayoutBR {BR} at (2025,0) size 0x0
      LayoutNGBlockFlow {PRE} at (0,1939.64) size 784x167.20
        LayoutNGBlockFlow {H3} at (0,0) size 784x17
          LayoutText {#text} at (0,0) size 340x17
            text run at (0,0) width 340: "In an un-floated pre"
        LayoutNGBlockFlow (anonymous) at (0,32.20) size 784x135
          LayoutText {#text} at (0,0) size 543x16
            text run at (0,0) width 0: " "
            text run at (0,17) width 543: "Word and letter   spacing test "
          LayoutInline {EM} at (0,0) size 39x17
            LayoutText {#text} at (543,16) size 39x17
              text run at (543,16) width 39: "for"
          LayoutText {#text} at (582,17) size 33x16
            text run at (582,17) width 33: " "
          LayoutInline {STRONG} at (0,0) size 104x16
            LayoutText {#text} at (615,17) size 104x16
              text run at (615,17) width 104: "elements"
          LayoutText {#text} at (719,17) size 33x16
            text run at (719,17) width 33: " "
          LayoutInline {TT} at (0,0) size 78x16
            LayoutText {#text} at (752,17) size 78x16
              text run at (752,17) width 78: "within"
          LayoutText {#text} at (830,17) size 1052x33
            text run at (830,17) width 222: " elements too."
            text run at (1052,17) width 0: " "
            text run at (0,34) width 543: "Word and letter   spacing test "
          LayoutInline {EM} at (0,0) size 39x17
            LayoutText {#text} at (543,33) size 39x17
              text run at (543,33) width 39: "for"
          LayoutText {#text} at (582,34) size 33x16
            text run at (582,34) width 33: " "
          LayoutInline {STRONG} at (0,0) size 104x16
            LayoutText {#text} at (615,34) size 104x16
              text run at (615,34) width 104: "elements"
          LayoutText {#text} at (719,34) size 33x16
            text run at (719,34) width 33: " "
          LayoutInline {TT} at (0,0) size 78x16
            LayoutText {#text} at (752,34) size 78x16
              text run at (752,34) width 78: "within"
          LayoutText {#text} at (830,34) size 170x16
            text run at (830,34) width 170: " elements "
          LayoutText {#text} at (1000,34) size 1725x33
            text run at (1000,34) width 725: " too. (with comment between elements and too)"
            text run at (1725,34) width 0: " "
            text run at (0,51) width 543: "Word and letter   spacing test "
          LayoutInline {EM} at (0,0) size 39x17
            LayoutText {#text} at (543,50) size 39x17
              text run at (543,50) width 39: "for"
          LayoutText {#text} at (582,51) size 33x16
            text run at (582,51) width 33: " "
          LayoutInline {STRONG} at (0,0) size 104x16
            LayoutText {#text} at (615,51) size 104x16
              text run at (615,51) width 104: "elements"
          LayoutText {#text} at (719,51) size 33x16
            text run at (719,51) width 33: " "
          LayoutInline {TT} at (0,0) size 78x16
            LayoutText {#text} at (752,51) size 78x16
              text run at (752,51) width 78: "within"
          LayoutText {#text} at (830,51) size 137x16
            text run at (830,51) width 137: " elements"
          LayoutText {#text} at (967,51) size 2025x33
            text run at (967,51) width 1058: " too. (with comment (no preceding space) between elements and too)"
            text run at (2025,51) width 0: " "
            text run at (0,68) width 543: "Word and letter   spacing test "
          LayoutInline {EM} at (0,0) size 39x17
            LayoutText {#text} at (543,67) size 39x17
              text run at (543,67) width 39: "for"
          LayoutText {#text} at (582,68) size 33x16
            text run at (582,68) width 33: " "
          LayoutInline {STRONG} at (0,0) size 104x16
            LayoutText {#text} at (615,68) size 104x16
              text run at (615,68) width 104: "elements"
          LayoutText {#text} at (719,68) size 33x16
            text run at (719,68) width 33: " "
          LayoutInline {TT} at (0,0) size 78x16
            LayoutText {#text} at (752,68) size 78x16
              text run at (752,68) width 78: "within"
          LayoutText {#text} at (830,68) size 170x16
            text run at (830,68) width 170: " elements "
          LayoutText {#text} at (1000,68) size 1012x16
            text run at (1000,68) width 1012: "too. (with comment (no trailing space) between elements and too)"
            text run at (2012,68) width 0: " "
          LayoutInline {SPAN} at (0,0) size 719x17
            LayoutText {#text} at (0,85) size 543x16
              text run at (0,85) width 543: "Word and letter   spacing test "
            LayoutInline {EM} at (0,0) size 39x17
              LayoutText {#text} at (543,84) size 39x17
                text run at (543,84) width 39: "for"
            LayoutText {#text} at (582,85) size 33x16
              text run at (582,85) width 33: " "
            LayoutInline {STRONG} at (0,0) size 104x16
              LayoutText {#text} at (615,85) size 104x16
                text run at (615,85) width 104: "elements"
          LayoutText {#text} at (719,85) size 33x16
            text run at (719,85) width 33: " "
          LayoutInline {TT} at (0,0) size 78x16
            LayoutText {#text} at (752,85) size 78x16
              text run at (752,85) width 78: "within"
          LayoutText {#text} at (830,85) size 1764x33
            text run at (830,85) width 934: " elements too. (with monospace font from Word to elements)"
            text run at (1764,85) width 0: " "
            text run at (0,102) width 543: "Word and letter   spacing test "
          LayoutInline {SPAN} at (0,0) size 287x17
            LayoutInline {EM} at (0,0) size 39x17
              LayoutText {#text} at (543,101) size 39x17
                text run at (543,101) width 39: "for"
            LayoutText {#text} at (582,102) size 33x16
              text run at (582,102) width 33: " "
            LayoutInline {STRONG} at (0,0) size 104x16
              LayoutText {#text} at (615,102) size 104x16
                text run at (615,102) width 104: "elements"
            LayoutText {#text} at (719,102) size 33x16
              text run at (719,102) width 33: " "
            LayoutInline {TT} at (0,0) size 78x16
              LayoutText {#text} at (752,102) size 78x16
                text run at (752,102) width 78: "within"
          LayoutText {#text} at (830,102) size 1725x33
            text run at (830,102) width 895: " elements too. (with monospace font from for to within)"
            text run at (1725,102) width 0: " "
            text run at (0,119) width 543: "Word and letter   spacing test "
          LayoutInline {EM} at (0,0) size 39x17
            LayoutText {#text} at (543,118) size 39x17
              text run at (543,118) width 39: "for"
          LayoutText {#text} at (582,119) size 33x16
            text run at (582,119) width 33: " "
          LayoutInline {STRONG} at (0,0) size 104x16
            LayoutText {#text} at (615,119) size 104x16
              text run at (615,119) width 104: "elements"
          LayoutText {#text} at (719,119) size 33x16
            text run at (719,119) width 33: " "
          LayoutInline {SPAN} at (0,0) size 287x16
            LayoutInline {TT} at (0,0) size 78x16
              LayoutText {#text} at (752,119) size 78x16
                text run at (752,119) width 78: "within"
            LayoutText {#text} at (830,119) size 209x16
              text run at (830,119) width 209: " elements too"
          LayoutText {#text} at (1039,119) size 712x16
            text run at (1039,119) width 712: ". (with monospace font from elements to too)"
            text run at (1751,119) width 0: " "
      LayoutNGBlockFlow (anonymous) at (0,2119.84) size 784x20
        LayoutBR {BR} at (0,0) size 0x0
        LayoutInline {SPAN} at (0,0) size 0x0
          LayoutText {#text} at (0,0) size 0x0
      LayoutNGBlockFlow (anonymous) at (0,2158.56) size 784x23
        LayoutNGBlockFlow {H3} at (0,0) size 784x23
          LayoutText {#text} at (0,0) size 162x22
            text run at (0,0) width 162: "In a span"
      LayoutNGBlockFlow (anonymous) at (0,2200.28) size 784x360
        LayoutInline {SPAN} at (0,0) size 775x359
          LayoutText {#text} at (0,0) size 423x19
            text run at (0,0) width 423: "Word and letter spacing test "
          LayoutInline {EM} at (0,0) size 33x19
            LayoutText {#text} at (423,0) size 33x19
              text run at (423,0) width 33: "for"
          LayoutText {#text} at (456,0) size 29x19
            text run at (456,0) width 29: " "
          LayoutInline {STRONG} at (0,0) size 98x19
            LayoutText {#text} at (485,0) size 98x19
              text run at (485,0) width 98: "elements"
          LayoutText {#text} at (583,0) size 29x19
            text run at (583,0) width 29: " "
          LayoutInline {TT} at (0,0) size 78x16
            LayoutText {#text} at (612,3) size 78x16
              text run at (612,3) width 78: "within"
          LayoutText {#text} at (0,20) size 168x19
            text run at (0,20) width 168: "elements too."
          LayoutBR {BR} at (168,20) size 0x0
          LayoutText {#text} at (0,40) size 423x19
            text run at (0,40) width 423: "Word and letter spacing test "
          LayoutInline {EM} at (0,0) size 33x19
            LayoutText {#text} at (423,40) size 33x19
              text run at (423,40) width 33: "for"
          LayoutText {#text} at (456,40) size 29x19
            text run at (456,40) width 29: " "
          LayoutInline {STRONG} at (0,0) size 98x19
            LayoutText {#text} at (485,40) size 98x19
              text run at (485,40) width 98: "elements"
          LayoutText {#text} at (583,40) size 29x19
            text run at (583,40) width 29: " "
          LayoutInline {TT} at (0,0) size 78x16
            LayoutText {#text} at (612,43) size 78x16
              text run at (612,43) width 78: "within"
          LayoutText {#text} at (0,60) size 124x19
            text run at (0,60) width 124: "elements "
          LayoutText {#text} at (124,60) size 635x19
            text run at (124,60) width 635: "too. (with comment between elements and too)"
          LayoutBR {BR} at (759,60) size 0x0
          LayoutText {#text} at (0,80) size 423x19
            text run at (0,80) width 423: "Word and letter spacing test "
          LayoutInline {EM} at (0,0) size 33x19
            LayoutText {#text} at (423,80) size 33x19
              text run at (423,80) width 33: "for"
          LayoutText {#text} at (456,80) size 29x19
            text run at (456,80) width 29: " "
          LayoutInline {STRONG} at (0,0) size 98x19
            LayoutText {#text} at (485,80) size 98x19
              text run at (485,80) width 98: "elements"
          LayoutText {#text} at (583,80) size 29x19
            text run at (583,80) width 29: " "
          LayoutInline {TT} at (0,0) size 78x16
            LayoutText {#text} at (612,83) size 78x16
              text run at (612,83) width 78: "within"
          LayoutText {#text} at (0,100) size 95x19
            text run at (0,100) width 95: "elements"
          LayoutText {#text} at (95,100) size 677x39
            text run at (95,100) width 582: " too. (with comment (no preceding space)"
            text run at (0,120) width 353: "between elements and too)"
          LayoutBR {BR} at (353,120) size 0x0
          LayoutText {#text} at (0,140) size 423x19
            text run at (0,140) width 423: "Word and letter spacing test "
          LayoutInline {EM} at (0,0) size 33x19
            LayoutText {#text} at (423,140) size 33x19
              text run at (423,140) width 33: "for"
          LayoutText {#text} at (456,140) size 29x19
            text run at (456,140) width 29: " "
          LayoutInline {STRONG} at (0,0) size 98x19
            LayoutText {#text} at (485,140) size 98x19
              text run at (485,140) width 98: "elements"
          LayoutText {#text} at (583,140) size 29x19
            text run at (583,140) width 29: " "
          LayoutInline {TT} at (0,0) size 78x16
            LayoutText {#text} at (612,143) size 78x16
              text run at (612,143) width 78: "within"
          LayoutText {#text} at (0,160) size 124x19
            text run at (0,160) width 124: "elements "
          LayoutText {#text} at (124,160) size 771x39
            text run at (124,160) width 647: "too. (with comment (no trailing space) between"
            text run at (0,180) width 236: "elements and too)"
          LayoutBR {BR} at (236,180) size 0x0
          LayoutInline {SPAN} at (0,0) size 653x17
            LayoutText {#text} at (0,203) size 477x16
              text run at (0,203) width 477: "Word and letter spacing test "
            LayoutInline {EM} at (0,0) size 39x17
              LayoutText {#text} at (477,202) size 39x17
                text run at (477,202) width 39: "for"
            LayoutText {#text} at (516,203) size 33x16
              text run at (516,203) width 33: " "
            LayoutInline {STRONG} at (0,0) size 104x16
              LayoutText {#text} at (549,203) size 104x16
                text run at (549,203) width 104: "elements"
          LayoutText {#text} at (653,200) size 29x19
            text run at (653,200) width 29: " "
          LayoutInline {TT} at (0,0) size 78x16
            LayoutText {#text} at (682,203) size 78x16
              text run at (682,203) width 78: "within"
          LayoutText {#text} at (0,220) size 688x39
            text run at (0,220) width 688: "elements too. (with monospace font from Word to"
            text run at (0,240) width 105: "elements)"
          LayoutBR {BR} at (105,240) size 0x0
          LayoutText {#text} at (0,260) size 423x19
            text run at (0,260) width 423: "Word and letter spacing test "
          LayoutInline {SPAN} at (0,0) size 287x17
            LayoutInline {EM} at (0,0) size 39x17
              LayoutText {#text} at (423,262) size 39x17
                text run at (423,262) width 39: "for"
            LayoutText {#text} at (462,263) size 33x16
              text run at (462,263) width 33: " "
            LayoutInline {STRONG} at (0,0) size 104x16
              LayoutText {#text} at (495,263) size 104x16
                text run at (495,263) width 104: "elements"
            LayoutText {#text} at (599,263) size 33x16
              text run at (599,263) width 33: " "
            LayoutInline {TT} at (0,0) size 78x16
              LayoutText {#text} at (632,263) size 78x16
                text run at (632,263) width 78: "within"
          LayoutText {#text} at (0,280) size 775x19
            text run at (0,280) width 775: "elements too. (with monospace font from for to within)"
          LayoutBR {BR} at (775,280) size 0x0
          LayoutText {#text} at (0,300) size 423x19
            text run at (0,300) width 423: "Word and letter spacing test "
          LayoutInline {EM} at (0,0) size 33x19
            LayoutText {#text} at (423,300) size 33x19
              text run at (423,300) width 33: "for"
          LayoutText {#text} at (456,300) size 29x19
            text run at (456,300) width 29: " "
          LayoutInline {STRONG} at (0,0) size 98x19
            LayoutText {#text} at (485,300) size 98x19
              text run at (485,300) width 98: "elements"
          LayoutText {#text} at (583,300) size 29x19
            text run at (583,300) width 29: " "
          LayoutInline {SPAN} at (0,0) size 690x36
            LayoutInline {TT} at (0,0) size 78x16
              LayoutText {#text} at (612,303) size 78x16
                text run at (612,303) width 78: "within"
            LayoutText {#text} at (0,323) size 176x16
              text run at (0,323) width 176: "elements too"
          LayoutText {#text} at (176,320) size 745x39
            text run at (176,320) width 569: ". (with monospace font from elements to"
            text run at (0,340) width 45: "too)"
        LayoutText {#text} at (0,0) size 0x0
