layer at (0,0) size 800x600
  LayoutView at (0,0) size 800x600
layer at (0,0) size 800x600
  LayoutNGBlockFlow {HTML} at (0,0) size 800x600
    LayoutNGBlockFlow {BODY} at (8,8) size 784x584
layer at (10,10) size 200x200
  LayoutNGBlockFlow (positioned) {DIV} at (10,10) size 200x200 [bgcolor=#0000FF]
layer at (20,20) size 180x180
  LayoutNGBlockFlow (positioned) {DIV} at (10,10) size 180x180 [bgcolor=#00FF00]
layer at (30,30) size 160x160 transparent
  LayoutNGBlockFlow (positioned) {DIV} at (10,10) size 160x160 [bgcolor=#FF0000]
    LayoutText {#text} at (0,0) size 150x19
      text run at (0,0) width 150: "Should not see this text."
layer at (40,40) size 140x140 transparent
  LayoutNGBlockFlow (positioned) {DIV} at (10,10) size 140x140 [bgcolor=#FFFFFF]
    LayoutText {#text} at (0,0) size 119x39
      text run at (0,0) width 119: "Should not see this"
      text run at (0,20) width 27: "text."
layer at (100,100) size 200x200 transparent
  LayoutNGBlockFlow (positioned) {DIV} at (80,80) size 200x200 [bgcolor=#FFFF00]
layer at (10,316) size 790x60
  LayoutNGBlockFlow (positioned) {P} at (10,316) size 790x60
    LayoutText {#text} at (0,0) size 787x59
      text run at (0,0) width 787: "Below are four boxes all within each other, and a box overlaping other boxes. The 3rd inner box is red, and has an opacity of"
      text run at (0,20) width 782: "zero, and the box within it is black and has an opacity of 0.5. As the third box has opacity zero, the inner black is not visible."
      text run at (0,40) width 623: "The yellow block has opacity of 0.5, and is as the same level in the DOM tree as the 3rd inner box."
