layer at (0,0) size 800x600
  LayoutView at (0,0) size 800x600
layer at (0,0) size 800x56
  LayoutBlockFlow {HTML} at (0,0) size 800x56
    LayoutBlockFlow {BODY} at (8,8) size 784x40
      LayoutBlockFlow {DIV} at (0,0) size 784x20
        LayoutText {#text} at (0,0) size 22x19
          text run at (0,0) width 22: "abc"
        LayoutText {#text} at (22,0) size 29x19
          text run at (22,0) width 29: " xxx "
        LayoutText {#text} at (51,0) size 19x19
          text run at (51,0) width 19: "def"
layer at (8,28) size 128x20 scrollWidth 149
  LayoutBlockFlow {DIV} at (0,20) size 128x20
    LayoutText {#text} at (0,0) size 58x19
      text run at (0,0) width 58: "abcdefghi"
    LayoutText {#text} at (58,0) size 29x19
      text run at (58,0) width 29: " xxx "
    LayoutText {#text} at (87,0) size 62x19
      text run at (87,0) width 62: "jklmnopqr"
