layer at (0,0) size 800x600
  LayoutView at (0,0) size 800x600
layer at (0,0) size 800x260
  LayoutBlockFlow {HTML} at (0,0) size 800x260
    LayoutBlockFlow {BODY} at (8,8) size 784x0
      LayoutBlockFlow (floating) {DIV} at (711,0) size 73x192
        LayoutBlockFlow {P} at (0,16) size 73x20
          LayoutText {#text} at (45,0) size 28x19
            text run at (45,0) width 28: "RTL"
        LayoutBlockFlow {DIV} at (0,52) size 73x20
          LayoutText {#text} at (32,0) size 41x19
            text run at (32,0) width 41: "abcdef"
        LayoutBlockFlow {DIV} at (0,72) size 73x20
          LayoutText {#text} at (32,0) size 41x19
            text run at (32,0) width 41: "abcdef"
        LayoutBlockFlow {DIV} at (0,92) size 73x20
          LayoutText {#text} at (32,0) size 41x19
            text run at (32,0) width 41: "abcdef"
        LayoutBlockFlow {DIV} at (0,112) size 73x20
          LayoutText {#text} at (32,0) size 41x19
            text run at (32,0) width 41: "abcdef"
        LayoutBlockFlow {DIV} at (0,132) size 73x20
          LayoutText {#text} at (32,0) size 41x19
            text run at (32,0) width 41: "abcdef"
        LayoutBlockFlow {DIV} at (0,152) size 73x40
          LayoutBlockFlow {DIV} at (0,0) size 73x20
            LayoutText {#text} at (0,0) size 41x19
              text run at (0,0) width 41: "abcdef"
            LayoutInline {SPAN} at (0,0) size 32x19
              LayoutText {#text} at (41,0) size 32x19
                text run at (41,0) width 32: "ghijkl"
          LayoutBlockFlow {DIV} at (0,20) size 73x20
            LayoutText {#text} at (26,0) size 47x19
              text run at (26,0) width 47: "mnopqr"
      LayoutBlockFlow (floating) {DIV} at (0,0) size 73x252
        LayoutBlockFlow {P} at (0,16) size 73x20
          LayoutText {#text} at (0,0) size 27x19
            text run at (0,0) width 27: "LTR"
        LayoutBlockFlow {DIV} at (0,52) size 73x20
          LayoutText {#text} at (0,0) size 41x19
            text run at (0,0) width 41: "abcdef"
        LayoutBlockFlow {DIV} at (0,72) size 73x20
          LayoutText {#text} at (0,0) size 41x19
            text run at (0,0) width 41: "abcdef"
        LayoutBlockFlow {DIV} at (0,92) size 73x20
          LayoutText {#text} at (0,0) size 41x19
            text run at (0,0) width 41: "abcdef"
        LayoutBlockFlow {DIV} at (0,112) size 73x20
          LayoutText {#text} at (0,0) size 41x19
            text run at (0,0) width 41: "abcdef"
        LayoutBlockFlow {DIV} at (0,132) size 73x20
          LayoutText {#text} at (0,0) size 41x19
            text run at (0,0) width 41: "abcdef"
        LayoutBlockFlow {DIV} at (0,152) size 73x20
          LayoutText {#text} at (0,0) size 41x19
            text run at (0,0) width 41: "abcdef"
        LayoutBlockFlow {DIV} at (0,172) size 73x20
          LayoutText {#text} at (0,0) size 41x19
            text run at (0,0) width 41: "abcdef"
        LayoutBlockFlow {DIV} at (0,192) size 73x20
          LayoutText {#text} at (0,0) size 41x19
            text run at (0,0) width 41: "abcdef"
        LayoutBlockFlow {DIV} at (0,212) size 73x40
          LayoutBlockFlow {DIV} at (0,0) size 73x20
            LayoutText {#text} at (0,0) size 41x19
              text run at (0,0) width 41: "abcdef"
            LayoutInline {SPAN} at (0,0) size 32x19
              LayoutText {#text} at (41,0) size 32x19
                text run at (41,0) width 32: "ghijkl"
          LayoutBlockFlow {DIV} at (0,20) size 73x20
            LayoutText {#text} at (0,0) size 47x19
              text run at (0,0) width 47: "mnopqr"
