layer at (0,0) size 800x600 clip at (0,0) size 785x600 scrollHeight 2682
  LayoutView at (0,0) size 800x600
layer at (0,0) size 785x2682 backgroundClip at (0,0) size 785x600 clip at (0,0) size 785x600
  LayoutBlockFlow {HTML} at (0,0) size 785x2682.44
    LayoutBlockFlow {BODY} at (8,8) size 769x2658.44
      LayoutBlockFlow {H1} at (0,0) size 769x37
        LayoutText {#text} at (0,0) size 432x36
          text run at (0,0) width 432: "Example 4: Some simple tables."
      LayoutTable {TABLE} at (0,58.44) size 467x108 [border: (1px outset #808080)]
        LayoutTableSection {TBODY} at (1,1) size 465x106
          LayoutTableRow {TR} at (0,2) size 465x24
            LayoutTableCell {TH} at (2,2) size 67x24 [border: (1px inset #808080)] [r=0 c=0 rs=1 cs=1]
              LayoutText {#text} at (12,2) size 43x19
                text run at (12,2) width 43: "Color "
            LayoutTableCell {TH} at (71,2) size 392x24 [border: (1px inset #808080)] [r=0 c=1 rs=1 cs=1]
              LayoutText {#text} at (164,2) size 64x19
                text run at (164,2) width 64: "Meaning "
          LayoutTableRow {TR} at (0,28) size 465x24
            LayoutTableCell {TD} at (2,28) size 67x24 [bgcolor=#90EE90] [border: (1px inset #808080)] [r=1 c=0 rs=1 cs=1]
              LayoutText {#text} at (2,2) size 63x19
                text run at (2,2) width 63: "lightgreen"
            LayoutTableCell {TD} at (71,28) size 392x24 [border: (1px inset #808080)] [r=1 c=1 rs=1 cs=1]
              LayoutText {#text} at (2,2) size 296x19
                text run at (2,2) width 296: "Light green is used on cells that have a colspan"
          LayoutTableRow {TR} at (0,54) size 465x24
            LayoutTableCell {TD} at (2,54) size 67x24 [bgcolor=#F0E68C] [border: (1px inset #808080)] [r=2 c=0 rs=1 cs=1]
              LayoutText {#text} at (2,2) size 35x19
                text run at (2,2) width 35: "khaki"
            LayoutTableCell {TD} at (71,54) size 392x24 [border: (1px inset #808080)] [r=2 c=1 rs=1 cs=1]
              LayoutText {#text} at (2,2) size 268x19
                text run at (2,2) width 268: "Khaki is used on cells that have a rowspan"
          LayoutTableRow {TR} at (0,80) size 465x24
            LayoutTableCell {TD} at (2,80) size 67x24 [bgcolor=#D3D3D3] [border: (1px inset #808080)] [r=3 c=0 rs=1 cs=1]
              LayoutText {#text} at (2,2) size 56x19
                text run at (2,2) width 56: "lightgrey"
            LayoutTableCell {TD} at (71,80) size 392x24 [border: (1px inset #808080)] [r=3 c=1 rs=1 cs=1]
              LayoutText {#text} at (2,2) size 299x19
                text run at (2,2) width 299: "Light grey is used on cells that have a rowspan "
              LayoutInline {B} at (0,0) size 26x19
                LayoutText {#text} at (301,2) size 26x19
                  text run at (301,2) width 26: "and"
              LayoutText {#text} at (327,2) size 63x19
                text run at (327,2) width 63: " a colspan"
      LayoutBlockFlow (anonymous) at (0,166.44) size 769x40
        LayoutBR {BR} at (0,0) size 0x19
        LayoutText {#text} at (0,20) size 4x19
          text run at (0,20) width 4: " "
      LayoutTable {TABLE} at (0,206.44) size 769x142 [border: (1px outset #808080)]
        LayoutBlockFlow {CAPTION} at (0,0) size 769x20
          LayoutText {#text} at (131,0) size 507x19
            text run at (131,0) width 507: "Table 1 has this caption at the top.  It is defined to be 100% of it's parent's width."
        LayoutTableSection {TBODY} at (1,21) size 767x120
          LayoutTableRow {TR} at (0,2) size 767x44
            LayoutTableCell {TD} at (2,12) size 396x24 [bgcolor=#90EE90] [border: (1px inset #808080)] [r=0 c=0 rs=1 cs=2]
              LayoutText {#text} at (2,2) size 26x19
                text run at (2,2) width 26: "Cell"
            LayoutTableCell {TD} at (400,2) size 365x44 [border: (1px inset #808080)] [r=0 c=2 rs=1 cs=1]
              LayoutText {#text} at (2,2) size 332x39
                text run at (2,2) width 332: "Stuff to test out table cell layout. This should be long"
                text run at (2,22) width 51: "enough."
          LayoutTableRow {TR} at (0,48) size 767x24
            LayoutTableCell {TD} at (2,48) size 30x24 [border: (1px inset #808080)] [r=1 c=0 rs=1 cs=1]
              LayoutText {#text} at (2,2) size 26x19
                text run at (2,2) width 26: "Cell"
            LayoutTableCell {TD} at (34,48) size 731x24 [bgcolor=#90EE90] [border: (1px inset #808080)] [r=1 c=1 rs=1 cs=2]
              LayoutText {#text} at (2,2) size 387x19
                text run at (2,2) width 387: "Stuff to test out table cell layout. This should be long enough."
          LayoutTableRow {TR} at (0,74) size 767x44
            LayoutTableCell {TD} at (2,84) size 30x24 [border: (1px inset #808080)] [r=2 c=0 rs=1 cs=1]
              LayoutText {#text} at (2,2) size 26x19
                text run at (2,2) width 26: "Cell"
            LayoutTableCell {TD} at (34,74) size 364x44 [border: (1px inset #808080)] [r=2 c=1 rs=1 cs=1]
              LayoutText {#text} at (2,2) size 332x39
                text run at (2,2) width 332: "Stuff to test out table cell layout. This should be long"
                text run at (2,22) width 51: "enough."
            LayoutTableCell {TD} at (400,84) size 365x24 [border: (1px inset #808080)] [r=2 c=2 rs=1 cs=1]
              LayoutText {#text} at (2,2) size 26x19
                text run at (2,2) width 26: "Cell"
      LayoutBlockFlow (anonymous) at (0,348.44) size 769x40
        LayoutBR {BR} at (0,0) size 0x19
        LayoutText {#text} at (0,20) size 4x19
          text run at (0,20) width 4: " "
      LayoutTable {TABLE} at (0,388.44) size 494x102 [border: (1px outset #808080)]
        LayoutBlockFlow {CAPTION} at (0,0) size 494x20
          LayoutText {#text} at (86,0) size 322x19
            text run at (86,0) width 322: "Table 2 has auto-width (no width param specified.)"
        LayoutTableSection {TBODY} at (1,21) size 492x80
          LayoutTableRow {TR} at (0,2) size 492x24
            LayoutTableCell {TD} at (2,2) size 30x24 [border: (1px inset #808080)] [r=0 c=0 rs=1 cs=1]
              LayoutText {#text} at (2,2) size 26x19
                text run at (2,2) width 26: "Cell"
            LayoutTableCell {TD} at (34,15) size 456x24 [bgcolor=#D3D3D3] [border: (1px inset #808080)] [r=0 c=1 rs=2 cs=2]
              LayoutText {#text} at (2,2) size 387x19
                text run at (2,2) width 387: "Stuff to test out table cell layout. This should be long enough."
          LayoutTableRow {TR} at (0,28) size 492x24
            LayoutTableCell {TD} at (2,28) size 30x24 [border: (1px inset #808080)] [r=1 c=0 rs=1 cs=1]
              LayoutText {#text} at (2,2) size 26x19
                text run at (2,2) width 26: "Cell"
          LayoutTableRow {TR} at (0,54) size 492x24
            LayoutTableCell {TD} at (2,54) size 30x24 [border: (1px inset #808080)] [r=2 c=0 rs=1 cs=1]
              LayoutText {#text} at (2,2) size 26x19
                text run at (2,2) width 26: "Cell"
            LayoutTableCell {TD} at (34,54) size 391x24 [border: (1px inset #808080)] [r=2 c=1 rs=1 cs=1]
              LayoutText {#text} at (2,2) size 387x19
                text run at (2,2) width 387: "Stuff to test out table cell layout. This should be long enough."
            LayoutTableCell {TD} at (427,54) size 63x24 [border: (1px inset #808080)] [r=2 c=2 rs=1 cs=1]
              LayoutText {#text} at (2,2) size 59x19
                text run at (2,2) width 59: "more text"
      LayoutBlockFlow (anonymous) at (0,490.44) size 769x20
        LayoutText {#text} at (0,0) size 4x19
          text run at (0,0) width 4: " "
      LayoutTable {TABLE} at (0,510.44) size 494x102 [border: (1px outset #808080)]
        LayoutBlockFlow {CAPTION} at (0,0) size 494x20
          LayoutText {#text} at (51,0) size 392x19
            text run at (51,0) width 392: "Table 3 is the same as Table 2, but with equal column widths. "
        LayoutTableSection {TBODY} at (1,21) size 492x80
          LayoutTableRow {TR} at (0,2) size 492x24
            LayoutTableCell {TD} at (2,2) size 30x24 [border: (1px inset #808080)] [r=0 c=0 rs=1 cs=1]
              LayoutText {#text} at (2,2) size 26x19
                text run at (2,2) width 26: "Cell"
            LayoutTableCell {TD} at (34,15) size 456x24 [bgcolor=#D3D3D3] [border: (1px inset #808080)] [r=0 c=1 rs=2 cs=2]
              LayoutText {#text} at (2,2) size 387x19
                text run at (2,2) width 387: "Stuff to test out table cell layout. This should be long enough."
          LayoutTableRow {TR} at (0,28) size 492x24
            LayoutTableCell {TD} at (2,28) size 30x24 [border: (1px inset #808080)] [r=1 c=0 rs=1 cs=1]
              LayoutText {#text} at (2,2) size 26x19
                text run at (2,2) width 26: "Cell"
          LayoutTableRow {TR} at (0,54) size 492x24
            LayoutTableCell {TD} at (2,54) size 30x24 [border: (1px inset #808080)] [r=2 c=0 rs=1 cs=1]
              LayoutText {#text} at (2,2) size 26x19
                text run at (2,2) width 26: "Cell"
            LayoutTableCell {TD} at (34,54) size 391x24 [border: (1px inset #808080)] [r=2 c=1 rs=1 cs=1]
              LayoutText {#text} at (2,2) size 387x19
                text run at (2,2) width 387: "Stuff to test out table cell layout. This should be long enough."
            LayoutTableCell {TD} at (427,54) size 63x24 [border: (1px inset #808080)] [r=2 c=2 rs=1 cs=1]
              LayoutText {#text} at (2,2) size 59x19
                text run at (2,2) width 59: "more text"
      LayoutBlockFlow (anonymous) at (0,612.44) size 769x40
        LayoutBR {BR} at (0,0) size 0x19
        LayoutText {#text} at (0,20) size 4x19
          text run at (0,20) width 4: " "
      LayoutTable {TABLE} at (0,652.44) size 252x190 [border: (1px none #808080)]
        LayoutBlockFlow {CAPTION} at (0,130) size 252x60
          LayoutText {#text} at (11,0) size 240x59
            text run at (11,0) width 230: "Table 4 has this bottom caption. The"
            text run at (6,20) width 240: "table has specified column widths and"
            text run at (66,40) width 120: "collapsing borders."
        LayoutTableCol {COLGROUP} at (0,0) size 0x0
          LayoutTableCol {COL} at (0,0) size 0x0 [border: none (2px dashed #0000FF) none (2px solid #000000)]
          LayoutTableCol {COL} at (0,0) size 0x0 [border: none (1px solid #FF0000) none]
          LayoutTableCol {COL} at (0,0) size 0x0 [border: none (2px solid #000000) none]
        LayoutTableSection {THEAD} at (1,1) size 250x28 [border: none (6px solid #000000) none]
          LayoutTableRow {TR} at (0,0) size 250x28 [border: (2px solid #000000)]
            LayoutTableCell {TH} at (0,0) size 90x28 [border: (1px none #000000) none (3px none #000000)] [r=0 c=0 rs=1 cs=1]
              LayoutText {#text} at (23,3) size 45x19
                text run at (23,3) width 45: "Player"
            LayoutTableCell {TH} at (90,0) size 80x28 [border: (1px none #000000) none (3px none #000000)] [r=0 c=1 rs=1 cs=1]
              LayoutText {#text} at (10,3) size 60x19
                text run at (10,3) width 60: "Ranking"
            LayoutTableCell {TH} at (170,0) size 80x28 [border: (1px none #000000)] [r=0 c=2 rs=1 cs=1]
              LayoutText {#text} at (14,3) size 51x19
                text run at (14,3) width 51: "Record"
        LayoutTableSection {TBODY} at (1,29) size 250x100
          LayoutTableRow {TR} at (0,0) size 250x28 [border: (2px solid #000000)]
            LayoutTableCell {TD} at (0,0) size 90x28 [border: (3px none #000000)] [r=0 c=0 rs=1 cs=1]
              LayoutText {#text} at (3,5) size 74x19
                text run at (3,5) width 74: "Steve Clark"
            LayoutTableCell {TD} at (90,0) size 80x28 [border: (3px none #000000)] [r=0 c=1 rs=1 cs=1]
              LayoutText {#text} at (36,5) size 9x19
                text run at (36,5) width 9: "1"
            LayoutTableCell {TD} at (170,0) size 80x28 [border: (3px none #000000)] [r=0 c=2 rs=1 cs=1]
              LayoutText {#text} at (25,5) size 30x19
                text run at (25,5) width 30: "77-0"
          LayoutTableRow {TR} at (0,28) size 250x26 [border: (2px solid #000000)]
            LayoutTableCell {TD} at (0,28) size 90x26 [border: (1px none #000000)] [r=1 c=0 rs=1 cs=1]
              LayoutText {#text} at (3,3) size 73x19
                text run at (3,3) width 73: "Cliff Swain"
            LayoutTableCell {TD} at (90,28) size 80x26 [border: (1px none #000000)] [r=1 c=1 rs=1 cs=1]
              LayoutText {#text} at (36,3) size 9x19
                text run at (36,3) width 9: "2"
            LayoutTableCell {TD} at (170,28) size 80x26 [border: (1px none #000000)] [r=1 c=2 rs=1 cs=1]
              LayoutText {#text} at (21,3) size 38x19
                text run at (21,3) width 38: "67-10"
          LayoutTableRow {TR} at (0,54) size 250x46 [border: (2px solid #000000)]
            LayoutTableCell {TD} at (0,54) size 90x46 [border: (1px none #000000)] [r=2 c=0 rs=1 cs=1]
              LayoutText {#text} at (3,3) size 43x39
                text run at (3,3) width 38: "Marty"
                text run at (3,23) width 43: "Hogan"
            LayoutTableCell {TD} at (90,64) size 80x26 [border: (1px none #000000)] [r=2 c=1 rs=1 cs=1]
              LayoutText {#text} at (36,3) size 9x19
                text run at (36,3) width 9: "3"
            LayoutTableCell {TD} at (170,64) size 80x26 [border: (1px none #000000)] [r=2 c=2 rs=1 cs=1]
              LayoutText {#text} at (21,3) size 38x19
                text run at (21,3) width 38: "57-15"
      LayoutBlockFlow (anonymous) at (0,842.44) size 769x20
        LayoutBR {BR} at (0,0) size 0x19
      LayoutTable {TABLE} at (0,862.44) size 190x460
        LayoutBlockFlow {CAPTION} at (0,420) size 190x20
          LayoutText {#text} at (3,0) size 184x19
            text run at (3,0) width 184: "Table 5 has a scrolling tbody."
        LayoutTableSection {THEAD} at (0,0) size 190x19
          LayoutTableRow {TR} at (0,2) size 190x15
            LayoutTableCell {TD} at (2,2) size 92x15 [r=0 c=0 rs=1 cs=2]
              LayoutText {#text} at (1,1) size 47x13
                text run at (1,1) width 47: "HEADER"
        LayoutTableSection {TBODY} at (0,19) size 190x384 [border: (1px solid #000000)]
          LayoutTableRow {TR} at (0,0) size 190x22
            LayoutTableCell {TD} at (2,0) size 45x22 [r=0 c=0 rs=1 cs=1]
              LayoutText {#text} at (1,1) size 43x19
                text run at (1,1) width 43: "cell-00"
            LayoutTableCell {TD} at (49,0) size 45x22 [r=0 c=1 rs=1 cs=1]
              LayoutText {#text} at (1,1) size 43x19
                text run at (1,1) width 43: "cell-01"
            LayoutTableCell {TD} at (96,0) size 45x22 [r=0 c=2 rs=1 cs=1]
              LayoutText {#text} at (1,1) size 43x19
                text run at (1,1) width 43: "cell-02"
            LayoutTableCell {TD} at (143,0) size 45x22 [r=0 c=3 rs=1 cs=1]
              LayoutText {#text} at (1,1) size 43x19
                text run at (1,1) width 43: "cell-03"
          LayoutTableRow {TR} at (0,24) size 190x22
            LayoutTableCell {TD} at (2,24) size 45x22 [r=1 c=0 rs=1 cs=1]
              LayoutText {#text} at (1,1) size 43x19
                text run at (1,1) width 43: "cell-10"
            LayoutTableCell {TD} at (49,24) size 45x22 [r=1 c=1 rs=1 cs=1]
              LayoutText {#text} at (1,1) size 43x19
                text run at (1,1) width 43: "cell-11"
            LayoutTableCell {TD} at (96,24) size 45x22 [r=1 c=2 rs=1 cs=1]
              LayoutText {#text} at (1,1) size 43x19
                text run at (1,1) width 43: "cell-12"
            LayoutTableCell {TD} at (143,24) size 45x22 [r=1 c=3 rs=1 cs=1]
              LayoutText {#text} at (1,1) size 43x19
                text run at (1,1) width 43: "cell-13"
          LayoutTableRow {TR} at (0,48) size 190x22
            LayoutTableCell {TD} at (2,48) size 45x22 [r=2 c=0 rs=1 cs=1]
              LayoutText {#text} at (1,1) size 43x19
                text run at (1,1) width 43: "cell-20"
            LayoutTableCell {TD} at (49,48) size 45x22 [r=2 c=1 rs=1 cs=1]
              LayoutText {#text} at (1,1) size 43x19
                text run at (1,1) width 43: "cell-21"
            LayoutTableCell {TD} at (96,48) size 45x22 [r=2 c=2 rs=1 cs=1]
              LayoutText {#text} at (1,1) size 43x19
                text run at (1,1) width 43: "cell-22"
            LayoutTableCell {TD} at (143,48) size 45x22 [r=2 c=3 rs=1 cs=1]
              LayoutText {#text} at (1,1) size 43x19
                text run at (1,1) width 43: "cell-23"
          LayoutTableRow {TR} at (0,72) size 190x22
            LayoutTableCell {TD} at (2,72) size 45x22 [r=3 c=0 rs=1 cs=1]
              LayoutText {#text} at (1,1) size 43x19
                text run at (1,1) width 43: "cell-30"
            LayoutTableCell {TD} at (49,72) size 45x22 [r=3 c=1 rs=1 cs=1]
              LayoutText {#text} at (1,1) size 43x19
                text run at (1,1) width 43: "cell-31"
            LayoutTableCell {TD} at (96,72) size 45x22 [r=3 c=2 rs=1 cs=1]
              LayoutText {#text} at (1,1) size 43x19
                text run at (1,1) width 43: "cell-32"
            LayoutTableCell {TD} at (143,72) size 45x22 [r=3 c=3 rs=1 cs=1]
              LayoutText {#text} at (1,1) size 43x19
                text run at (1,1) width 43: "cell-33"
          LayoutTableRow {TR} at (0,96) size 190x22
            LayoutTableCell {TD} at (2,96) size 45x22 [r=4 c=0 rs=1 cs=1]
              LayoutText {#text} at (1,1) size 43x19
                text run at (1,1) width 43: "cell-40"
            LayoutTableCell {TD} at (49,96) size 45x22 [r=4 c=1 rs=1 cs=1]
              LayoutText {#text} at (1,1) size 43x19
                text run at (1,1) width 43: "cell-41"
            LayoutTableCell {TD} at (96,96) size 45x22 [r=4 c=2 rs=1 cs=1]
              LayoutText {#text} at (1,1) size 43x19
                text run at (1,1) width 43: "cell-42"
            LayoutTableCell {TD} at (143,96) size 45x22 [r=4 c=3 rs=1 cs=1]
              LayoutText {#text} at (1,1) size 43x19
                text run at (1,1) width 43: "cell-43"
          LayoutTableRow {TR} at (0,120) size 190x22
            LayoutTableCell {TD} at (2,120) size 45x22 [r=5 c=0 rs=1 cs=1]
              LayoutText {#text} at (1,1) size 43x19
                text run at (1,1) width 43: "cell-50"
            LayoutTableCell {TD} at (49,120) size 45x22 [r=5 c=1 rs=1 cs=1]
              LayoutText {#text} at (1,1) size 43x19
                text run at (1,1) width 43: "cell-51"
            LayoutTableCell {TD} at (96,120) size 45x22 [r=5 c=2 rs=1 cs=1]
              LayoutText {#text} at (1,1) size 43x19
                text run at (1,1) width 43: "cell-52"
            LayoutTableCell {TD} at (143,120) size 45x22 [r=5 c=3 rs=1 cs=1]
              LayoutText {#text} at (1,1) size 43x19
                text run at (1,1) width 43: "cell-53"
          LayoutTableRow {TR} at (0,144) size 190x22
            LayoutTableCell {TD} at (2,144) size 45x22 [r=6 c=0 rs=1 cs=1]
              LayoutText {#text} at (1,1) size 43x19
                text run at (1,1) width 43: "cell-60"
            LayoutTableCell {TD} at (49,144) size 45x22 [r=6 c=1 rs=1 cs=1]
              LayoutText {#text} at (1,1) size 43x19
                text run at (1,1) width 43: "cell-61"
            LayoutTableCell {TD} at (96,144) size 45x22 [r=6 c=2 rs=1 cs=1]
              LayoutText {#text} at (1,1) size 43x19
                text run at (1,1) width 43: "cell-62"
            LayoutTableCell {TD} at (143,144) size 45x22 [r=6 c=3 rs=1 cs=1]
              LayoutText {#text} at (1,1) size 43x19
                text run at (1,1) width 43: "cell-63"
          LayoutTableRow {TR} at (0,168) size 190x22
            LayoutTableCell {TD} at (2,168) size 45x22 [r=7 c=0 rs=1 cs=1]
              LayoutText {#text} at (1,1) size 43x19
                text run at (1,1) width 43: "cell-70"
            LayoutTableCell {TD} at (49,168) size 45x22 [r=7 c=1 rs=1 cs=1]
              LayoutText {#text} at (1,1) size 43x19
                text run at (1,1) width 43: "cell-71"
            LayoutTableCell {TD} at (96,168) size 45x22 [r=7 c=2 rs=1 cs=1]
              LayoutText {#text} at (1,1) size 43x19
                text run at (1,1) width 43: "cell-72"
            LayoutTableCell {TD} at (143,168) size 45x22 [r=7 c=3 rs=1 cs=1]
              LayoutText {#text} at (1,1) size 43x19
                text run at (1,1) width 43: "cell-73"
          LayoutTableRow {TR} at (0,192) size 190x22
            LayoutTableCell {TD} at (2,192) size 45x22 [r=8 c=0 rs=1 cs=1]
              LayoutText {#text} at (1,1) size 43x19
                text run at (1,1) width 43: "cell-80"
            LayoutTableCell {TD} at (49,192) size 45x22 [r=8 c=1 rs=1 cs=1]
              LayoutText {#text} at (1,1) size 43x19
                text run at (1,1) width 43: "cell-81"
            LayoutTableCell {TD} at (96,192) size 45x22 [r=8 c=2 rs=1 cs=1]
              LayoutText {#text} at (1,1) size 43x19
                text run at (1,1) width 43: "cell-82"
            LayoutTableCell {TD} at (143,192) size 45x22 [r=8 c=3 rs=1 cs=1]
              LayoutText {#text} at (1,1) size 43x19
                text run at (1,1) width 43: "cell-83"
          LayoutTableRow {TR} at (0,216) size 190x22
            LayoutTableCell {TD} at (2,216) size 45x22 [r=9 c=0 rs=1 cs=1]
              LayoutText {#text} at (1,1) size 43x19
                text run at (1,1) width 43: "cell-90"
            LayoutTableCell {TD} at (49,216) size 45x22 [r=9 c=1 rs=1 cs=1]
              LayoutText {#text} at (1,1) size 43x19
                text run at (1,1) width 43: "cell-91"
            LayoutTableCell {TD} at (96,216) size 45x22 [r=9 c=2 rs=1 cs=1]
              LayoutText {#text} at (1,1) size 43x19
                text run at (1,1) width 43: "cell-92"
            LayoutTableCell {TD} at (143,216) size 45x22 [r=9 c=3 rs=1 cs=1]
              LayoutText {#text} at (1,1) size 43x19
                text run at (1,1) width 43: "cell-93"
          LayoutTableRow {TR} at (0,240) size 190x22
            LayoutTableCell {TD} at (2,240) size 45x22 [r=10 c=0 rs=1 cs=1]
              LayoutText {#text} at (1,1) size 42x19
                text run at (1,1) width 42: "cell-a0"
            LayoutTableCell {TD} at (49,240) size 45x22 [r=10 c=1 rs=1 cs=1]
              LayoutText {#text} at (1,1) size 42x19
                text run at (1,1) width 42: "cell-a1"
            LayoutTableCell {TD} at (96,240) size 45x22 [r=10 c=2 rs=1 cs=1]
              LayoutText {#text} at (1,1) size 42x19
                text run at (1,1) width 42: "cell-a2"
            LayoutTableCell {TD} at (143,240) size 45x22 [r=10 c=3 rs=1 cs=1]
              LayoutText {#text} at (1,1) size 42x19
                text run at (1,1) width 42: "cell-a3"
          LayoutTableRow {TR} at (0,264) size 190x22
            LayoutTableCell {TD} at (2,264) size 45x22 [r=11 c=0 rs=1 cs=1]
              LayoutText {#text} at (1,1) size 43x19
                text run at (1,1) width 43: "cell-b0"
            LayoutTableCell {TD} at (49,264) size 45x22 [r=11 c=1 rs=1 cs=1]
              LayoutText {#text} at (1,1) size 43x19
                text run at (1,1) width 43: "cell-b1"
            LayoutTableCell {TD} at (96,264) size 45x22 [r=11 c=2 rs=1 cs=1]
              LayoutText {#text} at (1,1) size 43x19
                text run at (1,1) width 43: "cell-b2"
            LayoutTableCell {TD} at (143,264) size 45x22 [r=11 c=3 rs=1 cs=1]
              LayoutText {#text} at (1,1) size 43x19
                text run at (1,1) width 43: "cell-b3"
          LayoutTableRow {TR} at (0,288) size 190x22
            LayoutTableCell {TD} at (2,288) size 45x22 [r=12 c=0 rs=1 cs=1]
              LayoutText {#text} at (1,1) size 42x19
                text run at (1,1) width 42: "cell-c0"
            LayoutTableCell {TD} at (49,288) size 45x22 [r=12 c=1 rs=1 cs=1]
              LayoutText {#text} at (1,1) size 42x19
                text run at (1,1) width 42: "cell-c1"
            LayoutTableCell {TD} at (96,288) size 45x22 [r=12 c=2 rs=1 cs=1]
              LayoutText {#text} at (1,1) size 42x19
                text run at (1,1) width 42: "cell-c2"
            LayoutTableCell {TD} at (143,288) size 45x22 [r=12 c=3 rs=1 cs=1]
              LayoutText {#text} at (1,1) size 42x19
                text run at (1,1) width 42: "cell-c3"
          LayoutTableRow {TR} at (0,312) size 190x22
            LayoutTableCell {TD} at (2,312) size 45x22 [r=13 c=0 rs=1 cs=1]
              LayoutText {#text} at (1,1) size 43x19
                text run at (1,1) width 43: "cell-d0"
            LayoutTableCell {TD} at (49,312) size 45x22 [r=13 c=1 rs=1 cs=1]
              LayoutText {#text} at (1,1) size 43x19
                text run at (1,1) width 43: "cell-d1"
            LayoutTableCell {TD} at (96,312) size 45x22 [r=13 c=2 rs=1 cs=1]
              LayoutText {#text} at (1,1) size 43x19
                text run at (1,1) width 43: "cell-d2"
            LayoutTableCell {TD} at (143,312) size 45x22 [r=13 c=3 rs=1 cs=1]
              LayoutText {#text} at (1,1) size 43x19
                text run at (1,1) width 43: "cell-d3"
          LayoutTableRow {TR} at (0,336) size 190x22
            LayoutTableCell {TD} at (2,336) size 45x22 [r=14 c=0 rs=1 cs=1]
              LayoutText {#text} at (1,1) size 42x19
                text run at (1,1) width 42: "cell-e0"
            LayoutTableCell {TD} at (49,336) size 45x22 [r=14 c=1 rs=1 cs=1]
              LayoutText {#text} at (1,1) size 42x19
                text run at (1,1) width 42: "cell-e1"
            LayoutTableCell {TD} at (96,336) size 45x22 [r=14 c=2 rs=1 cs=1]
              LayoutText {#text} at (1,1) size 42x19
                text run at (1,1) width 42: "cell-e2"
            LayoutTableCell {TD} at (143,336) size 45x22 [r=14 c=3 rs=1 cs=1]
              LayoutText {#text} at (1,1) size 42x19
                text run at (1,1) width 42: "cell-e3"
          LayoutTableRow {TR} at (0,360) size 190x22
            LayoutTableCell {TD} at (2,360) size 45x22 [r=15 c=0 rs=1 cs=1]
              LayoutText {#text} at (1,1) size 40x19
                text run at (1,1) width 40: "cell-f0"
            LayoutTableCell {TD} at (49,360) size 45x22 [r=15 c=1 rs=1 cs=1]
              LayoutText {#text} at (1,1) size 40x19
                text run at (1,1) width 40: "cell-f1"
            LayoutTableCell {TD} at (96,360) size 45x22 [r=15 c=2 rs=1 cs=1]
              LayoutText {#text} at (1,1) size 40x19
                text run at (1,1) width 40: "cell-f2"
            LayoutTableCell {TD} at (143,360) size 45x22 [r=15 c=3 rs=1 cs=1]
              LayoutText {#text} at (1,1) size 40x19
                text run at (1,1) width 40: "cell-f3"
        LayoutTableSection {TFOOT} at (0,403) size 190x17
          LayoutTableRow {TR} at (0,0) size 190x15
            LayoutTableCell {TD} at (2,0) size 92x15 [r=0 c=0 rs=1 cs=2]
              LayoutText {#text} at (1,1) size 47x13
                text run at (1,1) width 47: "FOOTER"
        LayoutBlockFlow {CAPTION} at (0,440) size 190x20
          LayoutText {#text} at (3,0) size 184x19
            text run at (3,0) width 184: "Table 5 has a scrolling tbody."
      LayoutBlockFlow (anonymous) at (0,1322.44) size 769x40
        LayoutBR {BR} at (0,0) size 0x19
        LayoutText {#text} at (0,20) size 614x19
          text run at (0,20) width 614: "This is a table formed from a list with display of table-row and list items with display of table-cell."
      LayoutTable (anonymous) at (0,1362.44) size 204x20
        LayoutTableSection (anonymous) at (0,0) size 204x20
          LayoutTableRow {UL} at (0,0) size 204x20 [bgcolor=#FFA500]
            LayoutTableCell {LI} at (0,0) size 34x20 [r=0 c=0 rs=1 cs=1]
              LayoutText {#text} at (0,0) size 34x19
                text run at (0,0) width 34: "ONE"
            LayoutTableCell {LI} at (34,0) size 37x20 [r=0 c=1 rs=1 cs=1]
              LayoutText {#text} at (0,0) size 37x19
                text run at (0,0) width 37: "TWO"
            LayoutTableCell {LI} at (71,0) size 53x20 [r=0 c=2 rs=1 cs=1]
              LayoutText {#text} at (0,0) size 53x19
                text run at (0,0) width 53: "THREE"
            LayoutTableCell {LI} at (124,0) size 44x20 [r=0 c=3 rs=1 cs=1]
              LayoutText {#text} at (0,0) size 44x19
                text run at (0,0) width 44: "FOUR"
            LayoutTableCell {LI} at (168,0) size 36x20 [r=0 c=4 rs=1 cs=1]
              LayoutText {#text} at (0,0) size 36x19
                text run at (0,0) width 36: "FIVE"
      LayoutBlockFlow (anonymous) at (0,1382.44) size 769x40
        LayoutBR {BR} at (0,0) size 0x19
        LayoutText {#text} at (0,20) size 660x19
          text run at (0,20) width 660: "This is a table formed from a list with display of table-row-group and list items with display of table-cell. "
        LayoutBR {BR} at (0,0) size 0x0
      LayoutTable (anonymous) at (0,1422.44) size 230x20
        LayoutTableSection {UL} at (0,0) size 230x20
          LayoutTableRow (anonymous) at (0,0) size 230x20
            LayoutTableCell {LI} at (0,0) size 34x20 [bgcolor=#FFA500] [r=0 c=0 rs=1 cs=1]
              LayoutText {#text} at (0,0) size 34x19
                text run at (0,0) width 34: "ONE"
            LayoutTableCell {LI} at (34,0) size 37x20 [bgcolor=#FFA500] [r=0 c=1 rs=1 cs=1]
              LayoutText {#text} at (0,0) size 37x19
                text run at (0,0) width 37: "TWO"
            LayoutTableCell {LI} at (71,0) size 53x20 [bgcolor=#FFA500] [r=0 c=2 rs=1 cs=1]
              LayoutText {#text} at (0,0) size 53x19
                text run at (0,0) width 53: "THREE"
            LayoutTableCell {LI} at (124,0) size 44x20 [bgcolor=#FFA500] [r=0 c=3 rs=1 cs=1]
              LayoutText {#text} at (0,0) size 44x19
                text run at (0,0) width 44: "FOUR"
            LayoutTableCell {LI} at (168,0) size 36x20 [bgcolor=#FFA500] [r=0 c=4 rs=1 cs=1]
              LayoutText {#text} at (0,0) size 36x19
                text run at (0,0) width 36: "FIVE"
            LayoutTableCell {LI} at (204,0) size 26x20 [bgcolor=#FFA500] [r=0 c=5 rs=1 cs=1]
              LayoutText {#text} at (0,0) size 26x19
                text run at (0,0) width 26: "SIX"
      LayoutBlockFlow (anonymous) at (0,1442.44) size 769x40
        LayoutBR {BR} at (0,0) size 0x19
        LayoutText {#text} at (0,20) size 407x19
          text run at (0,20) width 407: "This is like the previous table plus the list's overflow property set"
      LayoutTable (anonymous) at (0,1482.44) size 230x20
        LayoutTableSection {UL} at (0,0) size 230x20
          LayoutTableRow (anonymous) at (0,0) size 230x20
            LayoutTableCell {LI} at (0,0) size 34x20 [bgcolor=#FFA500] [r=0 c=0 rs=1 cs=1]
              LayoutText {#text} at (0,0) size 34x19
                text run at (0,0) width 34: "ONE"
            LayoutTableCell {LI} at (34,0) size 37x20 [bgcolor=#FFA500] [r=0 c=1 rs=1 cs=1]
              LayoutText {#text} at (0,0) size 37x19
                text run at (0,0) width 37: "TWO"
            LayoutTableCell {LI} at (71,0) size 53x20 [bgcolor=#FFA500] [r=0 c=2 rs=1 cs=1]
              LayoutText {#text} at (0,0) size 53x19
                text run at (0,0) width 53: "THREE"
            LayoutTableCell {LI} at (124,0) size 44x20 [bgcolor=#FFA500] [r=0 c=3 rs=1 cs=1]
              LayoutText {#text} at (0,0) size 44x19
                text run at (0,0) width 44: "FOUR"
            LayoutTableCell {LI} at (168,0) size 36x20 [bgcolor=#FFA500] [r=0 c=4 rs=1 cs=1]
              LayoutText {#text} at (0,0) size 36x19
                text run at (0,0) width 36: "FIVE"
            LayoutTableCell {LI} at (204,0) size 26x20 [bgcolor=#FFA500] [r=0 c=5 rs=1 cs=1]
              LayoutText {#text} at (0,0) size 26x19
                text run at (0,0) width 26: "SIX"
      LayoutBlockFlow (anonymous) at (0,1502.44) size 769x20
        LayoutBR {BR} at (0,0) size 0x19
      LayoutBlockFlow {P} at (0,1538.44) size 769x244
        LayoutBlockFlow (anonymous) at (0,0) size 769x20
          LayoutText {#text} at (0,0) size 430x19
            text run at (0,0) width 430: "The following table will have its rows and columns in red collapsed "
          LayoutBR {BR} at (0,0) size 0x0
        LayoutTable {TABLE} at (0,20) size 138x102 [bgcolor=#FFA500] [border: (1px outset #808080)]
          LayoutBlockFlow {CAPTION} at (0,0) size 138x20
            LayoutInline {B} at (0,0) size 44x19
              LayoutText {#text} at (47,0) size 44x19
                text run at (47,0) width 44: "before"
          LayoutTableCol {COLGROUP} at (0,0) size 0x0
            LayoutTableCol {COL} at (0,0) size 0x0
            LayoutTableCol {COL} at (0,0) size 0x0
            LayoutTableCol {COL} at (0,0) size 0x0
          LayoutTableSection {TBODY} at (1,21) size 136x80
            LayoutTableRow {TR} at (0,2) size 136x24
              LayoutTableCell {TD} at (2,2) size 31x24 [border: (1px inset #808080)] [r=0 c=0 rs=1 cs=1]
                LayoutText {#text} at (2,2) size 27x19
                  text run at (2,2) width 27: "C11"
              LayoutTableCell {TD} at (35,2) size 31x24 [bgcolor=#FF0000] [border: (1px inset #808080)] [r=0 c=1 rs=1 cs=1]
                LayoutText {#text} at (2,2) size 27x19
                  text run at (2,2) width 27: "C12"
              LayoutTableCell {TD} at (68,2) size 66x24 [border: (1px inset #808080)] [r=0 c=2 rs=1 cs=1]
                LayoutText {#text} at (2,2) size 62x19
                  text run at (2,2) width 62: "C13 large"
            LayoutTableRow {TR} at (0,28) size 136x24 [bgcolor=#FF0000]
              LayoutTableCell {TD} at (2,28) size 31x24 [border: (1px inset #808080)] [r=1 c=0 rs=1 cs=1]
                LayoutText {#text} at (2,2) size 27x19
                  text run at (2,2) width 27: "C21"
              LayoutTableCell {TD} at (35,28) size 31x24 [border: (1px inset #808080)] [r=1 c=1 rs=1 cs=1]
                LayoutText {#text} at (2,2) size 27x19
                  text run at (2,2) width 27: "C22"
              LayoutTableCell {TD} at (68,28) size 66x24 [border: (1px inset #808080)] [r=1 c=2 rs=1 cs=1]
                LayoutText {#text} at (2,2) size 27x19
                  text run at (2,2) width 27: "C23"
            LayoutTableRow {TR} at (0,54) size 136x24
              LayoutTableCell {TD} at (2,54) size 31x24 [border: (1px inset #808080)] [r=2 c=0 rs=1 cs=1]
                LayoutText {#text} at (2,2) size 27x19
                  text run at (2,2) width 27: "C31"
              LayoutTableCell {TD} at (35,54) size 31x24 [bgcolor=#FF0000] [border: (1px inset #808080)] [r=2 c=1 rs=1 cs=1]
                LayoutText {#text} at (2,2) size 27x19
                  text run at (2,2) width 27: "C32"
              LayoutTableCell {TD} at (68,54) size 66x24 [border: (1px inset #808080)] [r=2 c=2 rs=1 cs=1]
                LayoutText {#text} at (2,2) size 27x19
                  text run at (2,2) width 27: "C33"
        LayoutBlockFlow (anonymous) at (0,122) size 769x20
          LayoutBR {BR} at (0,0) size 0x19
        LayoutTable {TABLE} at (0,142) size 138x102 [bgcolor=#FFA500] [border: (1px outset #808080)]
          LayoutBlockFlow {CAPTION} at (0,0) size 138x20
            LayoutInline {B} at (0,0) size 32x19
              LayoutText {#text} at (53,0) size 32x19
                text run at (53,0) width 32: "after"
          LayoutTableCol {COLGROUP} at (0,0) size 0x0
            LayoutTableCol {COL} at (0,0) size 0x0
            LayoutTableCol {COL} at (0,0) size 0x0
            LayoutTableCol {COL} at (0,0) size 0x0
          LayoutTableSection {TBODY} at (1,21) size 136x80
            LayoutTableRow {TR} at (0,2) size 136x24
              LayoutTableCell {TD} at (2,2) size 31x24 [border: (1px inset #808080)] [r=0 c=0 rs=1 cs=1]
                LayoutText {#text} at (2,2) size 27x19
                  text run at (2,2) width 27: "C11"
              LayoutTableCell {TD} at (35,2) size 31x24 [border: (1px inset #808080)] [r=0 c=1 rs=1 cs=1]
                LayoutText {#text} at (2,2) size 27x19
                  text run at (2,2) width 27: "C12"
              LayoutTableCell {TD} at (68,2) size 66x24 [border: (1px inset #808080)] [r=0 c=2 rs=1 cs=1]
                LayoutText {#text} at (2,2) size 62x19
                  text run at (2,2) width 62: "C13 large"
            LayoutTableRow {TR} at (0,28) size 136x24
              LayoutTableCell {TD} at (2,28) size 31x24 [border: (1px inset #808080)] [r=1 c=0 rs=1 cs=1]
                LayoutText {#text} at (2,2) size 27x19
                  text run at (2,2) width 27: "C21"
              LayoutTableCell {TD} at (35,28) size 31x24 [border: (1px inset #808080)] [r=1 c=1 rs=1 cs=1]
                LayoutText {#text} at (2,2) size 27x19
                  text run at (2,2) width 27: "C22"
              LayoutTableCell {TD} at (68,28) size 66x24 [border: (1px inset #808080)] [r=1 c=2 rs=1 cs=1]
                LayoutText {#text} at (2,2) size 27x19
                  text run at (2,2) width 27: "C23"
            LayoutTableRow {TR} at (0,54) size 136x24
              LayoutTableCell {TD} at (2,54) size 31x24 [border: (1px inset #808080)] [r=2 c=0 rs=1 cs=1]
                LayoutText {#text} at (2,2) size 27x19
                  text run at (2,2) width 27: "C31"
              LayoutTableCell {TD} at (35,54) size 31x24 [border: (1px inset #808080)] [r=2 c=1 rs=1 cs=1]
                LayoutText {#text} at (2,2) size 27x19
                  text run at (2,2) width 27: "C32"
              LayoutTableCell {TD} at (68,54) size 66x24 [border: (1px inset #808080)] [r=2 c=2 rs=1 cs=1]
                LayoutText {#text} at (2,2) size 27x19
                  text run at (2,2) width 27: "C33"
      LayoutBlockFlow {P} at (0,1798.44) size 769x256
        LayoutBlockFlow (anonymous) at (0,0) size 769x20
          LayoutText {#text} at (0,0) size 749x19
            text run at (0,0) width 749: "The following table will have its 2nd row and 2nd col collapsed. A window resize may be necessary to see it properly. "
          LayoutBR {BR} at (748,15) size 1x0
        LayoutTable {TABLE} at (0,20) size 188x118 [bgcolor=#FFA500] [border: (1px outset #808080)]
          LayoutBlockFlow {CAPTION} at (0,0) size 188x20
            LayoutInline {B} at (0,0) size 44x19
              LayoutText {#text} at (72,0) size 44x19
                text run at (72,0) width 44: "before"
          LayoutTableCol {COLGROUP} at (0,0) size 0x0
            LayoutTableCol {COL} at (0,0) size 0x0
            LayoutTableCol {COL} at (0,0) size 0x0
            LayoutTableCol {COL} at (0,0) size 0x0
            LayoutTableCol {COL} at (0,0) size 0x0
          LayoutTableSection {TBODY} at (1,21) size 186x96
            LayoutTableRow {TR} at (0,0) size 186x24
              LayoutTableCell {TD} at (0,0) size 31x24 [border: (1px inset #808080)] [r=0 c=0 rs=1 cs=1]
                LayoutText {#text} at (2,2) size 27x19
                  text run at (2,2) width 27: "C11"
              LayoutTableCell {TD} at (31,0) size 62x24 [border: (1px inset #808080)] [r=0 c=1 rs=1 cs=1]
                LayoutText {#text} at (2,2) size 27x19
                  text run at (2,2) width 27: "C12"
              LayoutTableCell {TD} at (93,0) size 62x24 [border: (1px inset #808080)] [r=0 c=2 rs=1 cs=1]
                LayoutText {#text} at (2,2) size 27x19
                  text run at (2,2) width 27: "C13"
              LayoutTableCell {TD} at (155,0) size 31x24 [border: (1px inset #808080)] [r=0 c=3 rs=1 cs=1]
                LayoutText {#text} at (2,2) size 27x19
                  text run at (2,2) width 27: "C14"
            LayoutTableRow {TR} at (0,24) size 186x24
              LayoutTableCell {TD} at (0,24) size 31x24 [border: (1px inset #808080)] [r=1 c=0 rs=1 cs=1]
                LayoutText {#text} at (2,2) size 27x19
                  text run at (2,2) width 27: "C21"
              LayoutTableCell {TD} at (31,36) size 124x24 [border: (1px inset #808080)] [r=1 c=1 rs=2 cs=2]
                LayoutText {#text} at (2,2) size 120x19
                  text run at (2,2) width 120: "C12 C13 C22 C23"
              LayoutTableCell {TD} at (155,24) size 31x24 [border: (1px inset #808080)] [r=1 c=3 rs=1 cs=1]
                LayoutText {#text} at (2,2) size 27x19
                  text run at (2,2) width 27: "C14"
            LayoutTableRow {TR} at (0,48) size 186x24
              LayoutTableCell {TD} at (0,48) size 31x24 [border: (1px inset #808080)] [r=2 c=0 rs=1 cs=1]
                LayoutText {#text} at (2,2) size 27x19
                  text run at (2,2) width 27: "C31"
              LayoutTableCell {TD} at (155,48) size 31x24 [border: (1px inset #808080)] [r=2 c=3 rs=1 cs=1]
                LayoutText {#text} at (2,2) size 27x19
                  text run at (2,2) width 27: "C34"
            LayoutTableRow {TR} at (0,72) size 186x24
              LayoutTableCell {TD} at (0,72) size 31x24 [border: (1px inset #808080)] [r=3 c=0 rs=1 cs=1]
                LayoutText {#text} at (2,2) size 27x19
                  text run at (2,2) width 27: "C41"
              LayoutTableCell {TD} at (31,72) size 62x24 [border: (1px inset #808080)] [r=3 c=1 rs=1 cs=1]
                LayoutText {#text} at (2,2) size 27x19
                  text run at (2,2) width 27: "C42"
              LayoutTableCell {TD} at (93,72) size 62x24 [border: (1px inset #808080)] [r=3 c=2 rs=1 cs=1]
                LayoutText {#text} at (2,2) size 27x19
                  text run at (2,2) width 27: "C43"
              LayoutTableCell {TD} at (155,72) size 31x24 [border: (1px inset #808080)] [r=3 c=3 rs=1 cs=1]
                LayoutText {#text} at (2,2) size 27x19
                  text run at (2,2) width 27: "C44"
        LayoutTable {TABLE} at (0,138) size 188x118 [bgcolor=#FFA500] [border: (1px outset #808080)]
          LayoutBlockFlow {CAPTION} at (0,0) size 188x20
            LayoutInline {B} at (0,0) size 32x19
              LayoutText {#text} at (78,0) size 32x19
                text run at (78,0) width 32: "after"
          LayoutTableCol {COLGROUP} at (0,0) size 0x0
            LayoutTableCol {COL} at (0,0) size 0x0
            LayoutTableCol {COL} at (0,0) size 0x0
            LayoutTableCol {COL} at (0,0) size 0x0
            LayoutTableCol {COL} at (0,0) size 0x0
          LayoutTableSection {TBODY} at (1,21) size 186x96
            LayoutTableRow {TR} at (0,0) size 186x24
              LayoutTableCell {TD} at (0,0) size 31x24 [border: (1px inset #808080)] [r=0 c=0 rs=1 cs=1]
                LayoutText {#text} at (2,2) size 27x19
                  text run at (2,2) width 27: "C11"
              LayoutTableCell {TD} at (31,0) size 62x24 [border: (1px inset #808080)] [r=0 c=1 rs=1 cs=1]
                LayoutText {#text} at (2,2) size 27x19
                  text run at (2,2) width 27: "C12"
              LayoutTableCell {TD} at (93,0) size 62x24 [border: (1px inset #808080)] [r=0 c=2 rs=1 cs=1]
                LayoutText {#text} at (2,2) size 27x19
                  text run at (2,2) width 27: "C13"
              LayoutTableCell {TD} at (155,0) size 31x24 [border: (1px inset #808080)] [r=0 c=3 rs=1 cs=1]
                LayoutText {#text} at (2,2) size 27x19
                  text run at (2,2) width 27: "C14"
            LayoutTableRow {TR} at (0,24) size 186x24
              LayoutTableCell {TD} at (0,24) size 31x24 [border: (1px inset #808080)] [r=1 c=0 rs=1 cs=1]
                LayoutText {#text} at (2,2) size 27x19
                  text run at (2,2) width 27: "C21"
              LayoutTableCell {TD} at (31,36) size 124x24 [border: (1px inset #808080)] [r=1 c=1 rs=2 cs=2]
                LayoutText {#text} at (2,2) size 120x19
                  text run at (2,2) width 120: "C12 C13 C22 C23"
              LayoutTableCell {TD} at (155,24) size 31x24 [border: (1px inset #808080)] [r=1 c=3 rs=1 cs=1]
                LayoutText {#text} at (2,2) size 27x19
                  text run at (2,2) width 27: "C14"
            LayoutTableRow {TR} at (0,48) size 186x24
              LayoutTableCell {TD} at (0,48) size 31x24 [border: (1px inset #808080)] [r=2 c=0 rs=1 cs=1]
                LayoutText {#text} at (2,2) size 27x19
                  text run at (2,2) width 27: "C31"
              LayoutTableCell {TD} at (155,48) size 31x24 [border: (1px inset #808080)] [r=2 c=3 rs=1 cs=1]
                LayoutText {#text} at (2,2) size 27x19
                  text run at (2,2) width 27: "C34"
            LayoutTableRow {TR} at (0,72) size 186x24
              LayoutTableCell {TD} at (0,72) size 31x24 [border: (1px inset #808080)] [r=3 c=0 rs=1 cs=1]
                LayoutText {#text} at (2,2) size 27x19
                  text run at (2,2) width 27: "C41"
              LayoutTableCell {TD} at (31,72) size 62x24 [border: (1px inset #808080)] [r=3 c=1 rs=1 cs=1]
                LayoutText {#text} at (2,2) size 27x19
                  text run at (2,2) width 27: "C42"
              LayoutTableCell {TD} at (93,72) size 62x24 [border: (1px inset #808080)] [r=3 c=2 rs=1 cs=1]
                LayoutText {#text} at (2,2) size 27x19
                  text run at (2,2) width 27: "C43"
              LayoutTableCell {TD} at (155,72) size 31x24 [border: (1px inset #808080)] [r=3 c=3 rs=1 cs=1]
                LayoutText {#text} at (2,2) size 27x19
                  text run at (2,2) width 27: "C44"
      LayoutBlockFlow {P} at (0,2070.44) size 769x296
        LayoutBlockFlow (anonymous) at (0,0) size 769x20
          LayoutText {#text} at (0,0) size 459x19
            text run at (0,0) width 459: "The following table will have its 1st row group collapsed (rows 1 and 2) "
          LayoutBR {BR} at (459,15) size 0x0
        LayoutTable {TABLE} at (0,20) size 126x118 [bgcolor=#FFA500] [border: (1px outset #808080)]
          LayoutBlockFlow {CAPTION} at (0,0) size 126x20
            LayoutInline {B} at (0,0) size 44x19
              LayoutText {#text} at (41,0) size 44x19
                text run at (41,0) width 44: "before"
          LayoutTableSection {TBODY} at (1,21) size 124x48 [bgcolor=#FF0000]
            LayoutTableRow {TR} at (0,0) size 124x24
              LayoutTableCell {TD} at (0,0) size 31x24 [border: (1px inset #808080)] [r=0 c=0 rs=1 cs=1]
                LayoutText {#text} at (2,2) size 27x19
                  text run at (2,2) width 27: "C11"
              LayoutTableCell {TD} at (31,0) size 31x24 [border: (1px inset #808080)] [r=0 c=1 rs=1 cs=1]
                LayoutText {#text} at (2,2) size 27x19
                  text run at (2,2) width 27: "C12"
              LayoutTableCell {TD} at (62,0) size 31x24 [border: (1px inset #808080)] [r=0 c=2 rs=1 cs=1]
                LayoutText {#text} at (2,2) size 27x19
                  text run at (2,2) width 27: "C13"
              LayoutTableCell {TD} at (93,0) size 31x24 [border: (1px inset #808080)] [r=0 c=3 rs=1 cs=1]
                LayoutText {#text} at (2,2) size 27x19
                  text run at (2,2) width 27: "C14"
            LayoutTableRow {TR} at (0,24) size 124x24
              LayoutTableCell {TD} at (0,24) size 31x24 [border: (1px inset #808080)] [r=1 c=0 rs=1 cs=1]
                LayoutText {#text} at (2,2) size 27x19
                  text run at (2,2) width 27: "C21"
              LayoutTableCell {TD} at (31,24) size 31x24 [border: (1px inset #808080)] [r=1 c=1 rs=1 cs=1]
                LayoutText {#text} at (2,2) size 27x19
                  text run at (2,2) width 27: "C22"
              LayoutTableCell {TD} at (62,24) size 31x24 [border: (1px inset #808080)] [r=1 c=2 rs=1 cs=1]
                LayoutText {#text} at (2,2) size 27x19
                  text run at (2,2) width 27: "C23"
              LayoutTableCell {TD} at (93,24) size 31x24 [border: (1px inset #808080)] [r=1 c=3 rs=1 cs=1]
                LayoutText {#text} at (2,2) size 27x19
                  text run at (2,2) width 27: "C24"
          LayoutTableSection {TBODY} at (1,69) size 124x48
            LayoutTableRow {TR} at (0,0) size 124x24
              LayoutTableCell {TD} at (0,0) size 31x24 [border: (1px inset #808080)] [r=0 c=0 rs=1 cs=1]
                LayoutText {#text} at (2,2) size 27x19
                  text run at (2,2) width 27: "C31"
              LayoutTableCell {TD} at (31,0) size 31x24 [border: (1px inset #808080)] [r=0 c=1 rs=1 cs=1]
                LayoutText {#text} at (2,2) size 27x19
                  text run at (2,2) width 27: "C32"
              LayoutTableCell {TD} at (62,0) size 31x24 [border: (1px inset #808080)] [r=0 c=2 rs=1 cs=1]
                LayoutText {#text} at (2,2) size 27x19
                  text run at (2,2) width 27: "C33"
              LayoutTableCell {TD} at (93,0) size 31x24 [border: (1px inset #808080)] [r=0 c=3 rs=1 cs=1]
                LayoutText {#text} at (2,2) size 27x19
                  text run at (2,2) width 27: "C34"
            LayoutTableRow {TR} at (0,24) size 124x24
              LayoutTableCell {TD} at (0,24) size 31x24 [border: (1px inset #808080)] [r=1 c=0 rs=1 cs=1]
                LayoutText {#text} at (2,2) size 27x19
                  text run at (2,2) width 27: "C41"
              LayoutTableCell {TD} at (31,24) size 31x24 [border: (1px inset #808080)] [r=1 c=1 rs=1 cs=1]
                LayoutText {#text} at (2,2) size 27x19
                  text run at (2,2) width 27: "C42"
              LayoutTableCell {TD} at (62,24) size 31x24 [border: (1px inset #808080)] [r=1 c=2 rs=1 cs=1]
                LayoutText {#text} at (2,2) size 27x19
                  text run at (2,2) width 27: "C43"
              LayoutTableCell {TD} at (93,24) size 31x24 [border: (1px inset #808080)] [r=1 c=3 rs=1 cs=1]
                LayoutText {#text} at (2,2) size 27x19
                  text run at (2,2) width 27: "C44"
        LayoutBlockFlow (anonymous) at (0,138) size 769x20
          LayoutBR {BR} at (0,0) size 0x19
        LayoutTable {TABLE} at (0,158) size 126x118 [bgcolor=#FFA500] [border: (1px outset #808080)]
          LayoutBlockFlow {CAPTION} at (0,0) size 126x20
            LayoutInline {B} at (0,0) size 32x19
              LayoutText {#text} at (47,0) size 32x19
                text run at (47,0) width 32: "after"
          LayoutTableSection {TBODY} at (1,21) size 124x48
            LayoutTableRow {TR} at (0,0) size 124x24
              LayoutTableCell {TD} at (0,0) size 31x24 [border: (1px inset #808080)] [r=0 c=0 rs=1 cs=1]
                LayoutText {#text} at (2,2) size 27x19
                  text run at (2,2) width 27: "C11"
              LayoutTableCell {TD} at (31,0) size 31x24 [border: (1px inset #808080)] [r=0 c=1 rs=1 cs=1]
                LayoutText {#text} at (2,2) size 27x19
                  text run at (2,2) width 27: "C12"
              LayoutTableCell {TD} at (62,0) size 31x24 [border: (1px inset #808080)] [r=0 c=2 rs=1 cs=1]
                LayoutText {#text} at (2,2) size 27x19
                  text run at (2,2) width 27: "C13"
              LayoutTableCell {TD} at (93,0) size 31x24 [border: (1px inset #808080)] [r=0 c=3 rs=1 cs=1]
                LayoutText {#text} at (2,2) size 27x19
                  text run at (2,2) width 27: "C14"
            LayoutTableRow {TR} at (0,24) size 124x24
              LayoutTableCell {TD} at (0,24) size 31x24 [border: (1px inset #808080)] [r=1 c=0 rs=1 cs=1]
                LayoutText {#text} at (2,2) size 27x19
                  text run at (2,2) width 27: "C21"
              LayoutTableCell {TD} at (31,24) size 31x24 [border: (1px inset #808080)] [r=1 c=1 rs=1 cs=1]
                LayoutText {#text} at (2,2) size 27x19
                  text run at (2,2) width 27: "C22"
              LayoutTableCell {TD} at (62,24) size 31x24 [border: (1px inset #808080)] [r=1 c=2 rs=1 cs=1]
                LayoutText {#text} at (2,2) size 27x19
                  text run at (2,2) width 27: "C23"
              LayoutTableCell {TD} at (93,24) size 31x24 [border: (1px inset #808080)] [r=1 c=3 rs=1 cs=1]
                LayoutText {#text} at (2,2) size 27x19
                  text run at (2,2) width 27: "C24"
          LayoutTableSection {TBODY} at (1,69) size 124x48
            LayoutTableRow {TR} at (0,0) size 124x24
              LayoutTableCell {TD} at (0,0) size 31x24 [border: (1px inset #808080)] [r=0 c=0 rs=1 cs=1]
                LayoutText {#text} at (2,2) size 27x19
                  text run at (2,2) width 27: "C31"
              LayoutTableCell {TD} at (31,0) size 31x24 [border: (1px inset #808080)] [r=0 c=1 rs=1 cs=1]
                LayoutText {#text} at (2,2) size 27x19
                  text run at (2,2) width 27: "C32"
              LayoutTableCell {TD} at (62,0) size 31x24 [border: (1px inset #808080)] [r=0 c=2 rs=1 cs=1]
                LayoutText {#text} at (2,2) size 27x19
                  text run at (2,2) width 27: "C33"
              LayoutTableCell {TD} at (93,0) size 31x24 [border: (1px inset #808080)] [r=0 c=3 rs=1 cs=1]
                LayoutText {#text} at (2,2) size 27x19
                  text run at (2,2) width 27: "C34"
            LayoutTableRow {TR} at (0,24) size 124x24
              LayoutTableCell {TD} at (0,24) size 31x24 [border: (1px inset #808080)] [r=1 c=0 rs=1 cs=1]
                LayoutText {#text} at (2,2) size 27x19
                  text run at (2,2) width 27: "C41"
              LayoutTableCell {TD} at (31,24) size 31x24 [border: (1px inset #808080)] [r=1 c=1 rs=1 cs=1]
                LayoutText {#text} at (2,2) size 27x19
                  text run at (2,2) width 27: "C42"
              LayoutTableCell {TD} at (62,24) size 31x24 [border: (1px inset #808080)] [r=1 c=2 rs=1 cs=1]
                LayoutText {#text} at (2,2) size 27x19
                  text run at (2,2) width 27: "C43"
              LayoutTableCell {TD} at (93,24) size 31x24 [border: (1px inset #808080)] [r=1 c=3 rs=1 cs=1]
                LayoutText {#text} at (2,2) size 27x19
                  text run at (2,2) width 27: "C44"
        LayoutBlockFlow (anonymous) at (0,276) size 769x20
          LayoutBR {BR} at (0,0) size 0x19
      LayoutBlockFlow {P} at (0,2382.44) size 769x276
        LayoutBlockFlow (anonymous) at (0,0) size 769x40
          LayoutText {#text} at (0,0) size 755x39
            text run at (0,0) width 554: "The following table is similar to a previous table except that the direction is right-to-left. "
            text run at (554,0) width 201: "It will have its 2nd row and 2nd"
            text run at (0,20) width 429: "col collapsed. A window resize may be necessary to see it properly. "
          LayoutBR {BR} at (428,35) size 1x0
        LayoutTable {TABLE} at (0,40) size 188x118 [bgcolor=#FFA500] [border: (1px outset #808080)]
          LayoutBlockFlow {CAPTION} at (0,0) size 188x20
            LayoutInline {B} at (0,0) size 44x19
              LayoutText {#text} at (72,0) size 44x19
                text run at (72,0) width 44: "before"
          LayoutTableCol {COLGROUP} at (0,0) size 0x0
            LayoutTableCol {COL} at (0,0) size 0x0
            LayoutTableCol {COL} at (0,0) size 0x0
            LayoutTableCol {COL} at (0,0) size 0x0
            LayoutTableCol {COL} at (0,0) size 0x0
          LayoutTableSection {TBODY} at (1,21) size 186x96
            LayoutTableRow {TR} at (0,0) size 186x24
              LayoutTableCell {TD} at (155,0) size 31x24 [border: (1px inset #808080)] [r=0 c=0 rs=1 cs=1]
                LayoutText {#text} at (2,2) size 27x19
                  text run at (2,2) width 27: "C11"
              LayoutTableCell {TD} at (93,0) size 62x24 [border: (1px inset #808080)] [r=0 c=1 rs=1 cs=1]
                LayoutText {#text} at (33,2) size 27x19
                  text run at (33,2) width 27: "C12"
              LayoutTableCell {TD} at (31,0) size 62x24 [border: (1px inset #808080)] [r=0 c=2 rs=1 cs=1]
                LayoutText {#text} at (33,2) size 27x19
                  text run at (33,2) width 27: "C13"
              LayoutTableCell {TD} at (0,0) size 31x24 [border: (1px inset #808080)] [r=0 c=3 rs=1 cs=1]
                LayoutText {#text} at (2,2) size 27x19
                  text run at (2,2) width 27: "C14"
            LayoutTableRow {TR} at (0,24) size 186x24
              LayoutTableCell {TD} at (155,24) size 31x24 [border: (1px inset #808080)] [r=1 c=0 rs=1 cs=1]
                LayoutText {#text} at (2,2) size 27x19
                  text run at (2,2) width 27: "C21"
              LayoutTableCell {TD} at (31,36) size 124x24 [border: (1px inset #808080)] [r=1 c=1 rs=2 cs=2]
                LayoutText {#text} at (2,2) size 120x19
                  text run at (2,2) width 120: "C12 C13 C22 C23"
              LayoutTableCell {TD} at (0,24) size 31x24 [border: (1px inset #808080)] [r=1 c=3 rs=1 cs=1]
                LayoutText {#text} at (2,2) size 27x19
                  text run at (2,2) width 27: "C14"
            LayoutTableRow {TR} at (0,48) size 186x24
              LayoutTableCell {TD} at (155,48) size 31x24 [border: (1px inset #808080)] [r=2 c=0 rs=1 cs=1]
                LayoutText {#text} at (2,2) size 27x19
                  text run at (2,2) width 27: "C31"
              LayoutTableCell {TD} at (0,48) size 31x24 [border: (1px inset #808080)] [r=2 c=3 rs=1 cs=1]
                LayoutText {#text} at (2,2) size 27x19
                  text run at (2,2) width 27: "C34"
            LayoutTableRow {TR} at (0,72) size 186x24
              LayoutTableCell {TD} at (155,72) size 31x24 [border: (1px inset #808080)] [r=3 c=0 rs=1 cs=1]
                LayoutText {#text} at (2,2) size 27x19
                  text run at (2,2) width 27: "C41"
              LayoutTableCell {TD} at (93,72) size 62x24 [border: (1px inset #808080)] [r=3 c=1 rs=1 cs=1]
                LayoutText {#text} at (33,2) size 27x19
                  text run at (33,2) width 27: "C42"
              LayoutTableCell {TD} at (31,72) size 62x24 [border: (1px inset #808080)] [r=3 c=2 rs=1 cs=1]
                LayoutText {#text} at (33,2) size 27x19
                  text run at (33,2) width 27: "C43"
              LayoutTableCell {TD} at (0,72) size 31x24 [border: (1px inset #808080)] [r=3 c=3 rs=1 cs=1]
                LayoutText {#text} at (2,2) size 27x19
                  text run at (2,2) width 27: "C44"
        LayoutTable {TABLE} at (0,158) size 188x118 [bgcolor=#FFA500] [border: (1px outset #808080)]
          LayoutBlockFlow {CAPTION} at (0,0) size 188x20
            LayoutInline {B} at (0,0) size 32x19
              LayoutText {#text} at (78,0) size 32x19
                text run at (78,0) width 32: "after"
          LayoutTableCol {COLGROUP} at (0,0) size 0x0
            LayoutTableCol {COL} at (0,0) size 0x0
            LayoutTableCol {COL} at (0,0) size 0x0
            LayoutTableCol {COL} at (0,0) size 0x0
            LayoutTableCol {COL} at (0,0) size 0x0
          LayoutTableSection {TBODY} at (1,21) size 186x96
            LayoutTableRow {TR} at (0,0) size 186x24
              LayoutTableCell {TD} at (155,0) size 31x24 [border: (1px inset #808080)] [r=0 c=0 rs=1 cs=1]
                LayoutText {#text} at (2,2) size 27x19
                  text run at (2,2) width 27: "C11"
              LayoutTableCell {TD} at (93,0) size 62x24 [border: (1px inset #808080)] [r=0 c=1 rs=1 cs=1]
                LayoutText {#text} at (33,2) size 27x19
                  text run at (33,2) width 27: "C12"
              LayoutTableCell {TD} at (31,0) size 62x24 [border: (1px inset #808080)] [r=0 c=2 rs=1 cs=1]
                LayoutText {#text} at (33,2) size 27x19
                  text run at (33,2) width 27: "C13"
              LayoutTableCell {TD} at (0,0) size 31x24 [border: (1px inset #808080)] [r=0 c=3 rs=1 cs=1]
                LayoutText {#text} at (2,2) size 27x19
                  text run at (2,2) width 27: "C14"
            LayoutTableRow {TR} at (0,24) size 186x24
              LayoutTableCell {TD} at (155,24) size 31x24 [border: (1px inset #808080)] [r=1 c=0 rs=1 cs=1]
                LayoutText {#text} at (2,2) size 27x19
                  text run at (2,2) width 27: "C21"
              LayoutTableCell {TD} at (31,36) size 124x24 [border: (1px inset #808080)] [r=1 c=1 rs=2 cs=2]
                LayoutText {#text} at (2,2) size 120x19
                  text run at (2,2) width 120: "C12 C13 C22 C23"
              LayoutTableCell {TD} at (0,24) size 31x24 [border: (1px inset #808080)] [r=1 c=3 rs=1 cs=1]
                LayoutText {#text} at (2,2) size 27x19
                  text run at (2,2) width 27: "C14"
            LayoutTableRow {TR} at (0,48) size 186x24
              LayoutTableCell {TD} at (155,48) size 31x24 [border: (1px inset #808080)] [r=2 c=0 rs=1 cs=1]
                LayoutText {#text} at (2,2) size 27x19
                  text run at (2,2) width 27: "C31"
              LayoutTableCell {TD} at (0,48) size 31x24 [border: (1px inset #808080)] [r=2 c=3 rs=1 cs=1]
                LayoutText {#text} at (2,2) size 27x19
                  text run at (2,2) width 27: "C34"
            LayoutTableRow {TR} at (0,72) size 186x24
              LayoutTableCell {TD} at (155,72) size 31x24 [border: (1px inset #808080)] [r=3 c=0 rs=1 cs=1]
                LayoutText {#text} at (2,2) size 27x19
                  text run at (2,2) width 27: "C41"
              LayoutTableCell {TD} at (93,72) size 62x24 [border: (1px inset #808080)] [r=3 c=1 rs=1 cs=1]
                LayoutText {#text} at (33,2) size 27x19
                  text run at (33,2) width 27: "C42"
              LayoutTableCell {TD} at (31,72) size 62x24 [border: (1px inset #808080)] [r=3 c=2 rs=1 cs=1]
                LayoutText {#text} at (33,2) size 27x19
                  text run at (33,2) width 27: "C43"
              LayoutTableCell {TD} at (0,72) size 31x24 [border: (1px inset #808080)] [r=3 c=3 rs=1 cs=1]
                LayoutText {#text} at (2,2) size 27x19
                  text run at (2,2) width 27: "C44"
