layer at (0,0) size 800x600
  LayoutView at (0,0) size 800x600
layer at (0,0) size 800x600
  LayoutNGBlockFlow {HTML} at (0,0) size 800x600
    LayoutNGBlockFlow {BODY} at (8,8) size 784x576
      LayoutNGBlockFlow (anonymous) at (0,0) size 784x20
        LayoutBR {BR} at (0,0) size 0x0
      LayoutNGBlockFlow {DIV} at (0,36) size 784x20
        LayoutNGBlockFlow {P} at (0,0) size 784x20
          LayoutText {#text} at (0,0) size 351x19
            text run at (0,0) width 351: "This test verifies correct paint of clipped, scaled images."
layer at (8,8) size 160x105 backgroundClip at (8,8) size 150x15 clip at (8,8) size 150x15
  LayoutNGBlockFlow (positioned) {DIV} at (8,8) size 160x105
    LayoutText {#text} at (0,0) size 0x0
layer at (13,13) size 160x105 backgroundClip at (8,8) size 150x15 clip at (8,8) size 150x15
  LayoutImage (relative positioned) {IMG} at (0,0) size 160x105
