layer at (0,0) size 800x600 scrollHeight 685
  LayoutView at (0,0) size 800x600
layer at (0,0) size 800x600
  LayoutNGBlockFlow {HTML} at (0,0) size 800x600
    LayoutNGBlockFlow {BODY} at (8,8) size 784x576
      LayoutNGBlockFlow {P} at (0,0) size 784x20
        LayoutText {#text} at (0,0) size 542x19
          text run at (0,0) width 542: "This test verifies correct repaint of scrolled/re-painted-after-uncovering, scaled images."
      LayoutNGBlockFlow {P} at (0,36) size 784x40
        LayoutText {#text} at (0,0) size 755x39
          text run at (0,0) width 755: "If successful, the image below extends past the bottom of the window, with no white bar occluding the part of the image"
          text run at (0,20) width 238: "adjacent to the bottom of the window."
layer at (50,580) size 160x105 backgroundClip at (0,0) size 800x600 clip at (0,0) size 800x600
  LayoutImage (positioned) {IMG} at (50,580) size 160x105
layer at (0,600) size 300x10 backgroundClip at (0,0) size 800x600 clip at (0,0) size 800x600
  LayoutNGBlockFlow (positioned) {DIV} at (0,600) size 300x10 [bgcolor=#FFFFFF]
