layer at (0,0) size 800x600
  LayoutView at (0,0) size 800x600
layer at (0,0) size 800x363
  LayoutNGBlockFlow {html} at (0,0) size 800x363
    LayoutNGBlockFlow {body} at (8,8) size 784x347
      LayoutText {#text} at (0,0) size 762x19
        text run at (0,0) width 762: "There should be no red displayed on the screen, and the patterns should not change when the browser window is resized."
      LayoutBR {br} at (762,0) size 0x0
      LayoutBR {br} at (0,20) size 0x0
      LayoutSVGRoot {svg} at (0,40) size 202x302
        LayoutSVGContainer {g} at (0,0) size 200x200
          LayoutSVGRect {rect} at (0,100) size 100x50 [fill={[type=SOLID] [color=#FF0000]}] [x=0.00] [y=100.00] [width=100.00] [height=50.00]
          LayoutSVGRect {rect} at (100,0) size 100x50 [fill={[type=SOLID] [color=#FF0000]}] [x=100.00] [y=0.00] [width=100.00] [height=50.00]
          LayoutSVGRect {rect} at (0,100) size 100x100 [fill={[type=PATTERN] [id="pattern"]}] [x=0.00] [y=100.00] [width=100.00] [height=100.00]
          LayoutSVGRect {rect} at (100,0) size 100x100 [fill={[type=PATTERN] [id="pattern"]}] [x=100.00] [y=0.00] [width=100.00] [height=100.00]
      LayoutText {#text} at (202,327) size 4x19
        text run at (202,327) width 4: " "
      LayoutSVGRoot {svg} at (206,40) size 202x302
        LayoutSVGText {text} at (5,265) size 80x19 contains 1 chunk(s)
          LayoutSVGInlineText {#text} at (5,265) size 80x19
            chunk 1 text run 1 at (5.00,280.00) startOffset 0 endOffset 11 width 80.00: "+Transforms"
        LayoutSVGContainer {g} at (0,0) size 100x100 [transform={m=((1.00,0.00)(0.00,1.00)) t=(0.00,100.00)}]
          LayoutSVGRect {rect} at (0,0) size 100x50 [fill={[type=SOLID] [color=#FF0000]}] [x=0.00] [y=0.00] [width=100.00] [height=50.00]
          LayoutSVGRect {rect} at (0,0) size 100x100 [fill={[type=PATTERN] [id="pattern"]}] [x=0.00] [y=0.00] [width=100.00] [height=100.00]
        LayoutSVGContainer {g} at (0,0) size 100x100 [transform={m=((1.00,0.00)(0.00,1.00)) t=(100.00,0.00)}]
          LayoutSVGRect {rect} at (0,0) size 100x50 [fill={[type=SOLID] [color=#FF0000]}] [x=0.00] [y=0.00] [width=100.00] [height=50.00]
          LayoutSVGRect {rect} at (0,0) size 100x100 [fill={[type=PATTERN] [id="pattern"]}] [x=0.00] [y=0.00] [width=100.00] [height=100.00]
        LayoutSVGHiddenContainer {defs} at (0,0) size 0x0
          LayoutSVGResourcePattern {pattern} [id="pattern"] [patternUnits=userSpaceOnUse] [patternContentUnits=userSpaceOnUse]
            LayoutSVGRect {rect} at (0,0) size 100x25 [fill={[type=SOLID] [color=#008000]}] [x=0.00] [y=0.00] [width=100.00] [height=25.00]
            LayoutSVGRect {rect} at (0,25) size 100x25 [fill={[type=SOLID] [color=#0000FF]}] [x=0.00] [y=25.00] [width=100.00] [height=25.00]
      LayoutText {#text} at (408,327) size 4x19
        text run at (408,327) width 4: " "
      LayoutText {#text} at (0,0) size 0x0
layer at (420,48) size 202x302 clip at (421,49) size 200x300
  LayoutSVGRoot {svg} at (412,40) size 202x302
    LayoutSVGText {text} at (5,265) size 169x19 contains 1 chunk(s)
      LayoutSVGInlineText {#text} at (5,265) size 169x19
        chunk 1 text run 1 at (5.00,280.00) startOffset 0 endOffset 24 width 169.00: "+Accelerated Compositing"
    LayoutSVGContainer {g} at (0,0) size 200x200
      LayoutSVGRect {rect} at (0,100) size 100x100 [fill={[type=PATTERN] [id="pattern"]}] [x=0.00] [y=100.00] [width=100.00] [height=100.00]
      LayoutSVGRect {rect} at (100,0) size 100x100 [fill={[type=PATTERN] [id="pattern"]}] [x=100.00] [y=0.00] [width=100.00] [height=100.00]
