layer at (0,0) size 800x600
  LayoutView at (0,0) size 800x600
layer at (0,0) size 800x421
  LayoutNGBlockFlow {HTML} at (0,0) size 800x421
    LayoutNGBlockFlow {BODY} at (8,8) size 784x405
      LayoutText {#text} at (0,0) size 449x19
        text run at (0,0) width 449: "Test for crbug.com/56580: There should be 9 highlighted instances of \""
      LayoutInline {SPAN} at (0,0) size 44x19
        LayoutText {#text} at (449,0) size 44x19
          text run at (449,0) width 44: "findme"
      LayoutText {#text} at (493,0) size 744x39
        text run at (493,0) width 251: "\". The 6th higlighted instance should be"
        text run at (0,20) width 41: "active."
      LayoutBR {BR} at (41,20) size 0x19
      LayoutBR {BR} at (0,40) size 0x19
      LayoutText {#text} at (0,60) size 89x19
        text run at (0,60) width 89: "Lorum ipsum "
      LayoutInline {SPAN} at (0,0) size 44x19
        LayoutText {#text} at (89,60) size 44x19
          text run at (89,60) width 44: "findme"
      LayoutText {#text} at (133,60) size 87x19
        text run at (133,60) width 87: " lorum ipsum "
      LayoutInline {SPAN} at (0,0) size 44x19
        LayoutText {#text} at (220,60) size 44x19
          text run at (220,60) width 44: "findme"
      LayoutInline {SPAN} at (0,0) size 44x19
        LayoutText {#text} at (264,60) size 44x19
          text run at (264,60) width 44: "findme"
      LayoutText {#text} at (308,60) size 45x19
        text run at (308,60) width 45: " lorum."
      LayoutBR {BR} at (353,60) size 0x19
      LayoutText {#text} at (0,80) size 51x19
        text run at (0,80) width 51: "longtext"
      LayoutInline {SPAN} at (0,0) size 44x19
        LayoutText {#text} at (51,80) size 44x19
          text run at (51,80) width 44: "findme"
      LayoutText {#text} at (95,80) size 44x19
        text run at (95,80) width 44: "noyou."
      LayoutBR {BR} at (139,80) size 0x19
      LayoutSVGRoot {svg} at (0,100) size 450x300
        LayoutSVGHiddenContainer {defs} at (100,58.58) size 800x182.84
          LayoutSVGPath {path} at (100,58.58) size 800x182.84 [fill={[type=SOLID] [color=#000000]}] [data="M 100 200 C 200 100 300 0 400 100 C 500 200 600 300 700 200 C 800 100 900 100 900 100"]
        LayoutSVGText {text} at (10,35) size 228x19 contains 1 chunk(s)
          LayoutSVGInlineText {#text} at (10,35) size 228x19
            chunk 1 text run 1 at (10.00,50.00) startOffset 0 endOffset 36 width 228.00: "Can you findme in this stroked text?"
        LayoutSVGText {text} at (10,91) size 138x12 contains 1 chunk(s)
          LayoutSVGInlineText {#text} at (10,91) size 138x12
            chunk 1 text run 1 at (10.00,100.00) startOffset 0 endOffset 23 width 138.00: "Findme in a typewriter!"
        LayoutSVGContainer {g} at (69.42,14.89) size 599.64x237.67 [transform={m=((0.30,0.00)(0.00,0.30)) t=(0.00,120.00)}]
          LayoutSVGText {text} at (69.42,14.89) size 599.64x237.67 contains 1 chunk(s)
            LayoutSVGTextPath {textPath} at (69.42,14.89) size 599.64x237.67
              LayoutSVGInlineText {#text} at (69.42,14.89) size 599.64x237.67
                chunk 1 text run 1 at (109.48,190.53) startOffset 0 endOffset 1 width 26.67: "F"
                chunk 1 text run 2 at (122.51,177.58) startOffset 1 endOffset 2 width 10.00: "i"
                chunk 1 text run 3 at (134.36,165.95) startOffset 2 endOffset 3 width 23.33: "n"
                chunk 1 text run 4 at (151.21,149.79) startOffset 3 endOffset 4 width 23.33: "d"
                chunk 1 text run 5 at (173.34,129.58) startOffset 4 endOffset 5 width 36.67: "m"
                chunk 1 text run 6 at (196.35,110.28) startOffset 5 endOffset 6 width 23.33: "e"
                chunk 1 text run 7 at (210.92,99.19) startOffset 6 endOffset 7 width 13.33: " "
                chunk 1 text run 8 at (226.09,88.76) startOffset 7 endOffset 8 width 23.33: "o"
                chunk 1 text run 9 at (246.19,76.95) startOffset 8 endOffset 9 width 23.33: "n"
                chunk 1 text run 10 at (262.81,69.16) startOffset 9 endOffset 10 width 13.33: " "
                chunk 1 text run 11 at (280.12,63.17) startOffset 10 endOffset 11 width 23.33: "a"
                chunk 1 text run 12 at (297.99,59.50) startOffset 11 endOffset 12 width 13.33: " "
                chunk 1 text run 13 at (316.28,58.66) startOffset 12 endOffset 13 width 23.33: "p"
                chunk 1 text run 14 at (339.27,62.20) startOffset 13 endOffset 14 width 23.33: "a"
                chunk 1 text run 15 at (356.46,68.49) startOffset 14 endOffset 15 width 13.33: "t"
                chunk 1 text run 16 at (372.50,77.39) startOffset 15 endOffset 16 width 23.33: "h"
                chunk 1 text run 17 at (387.18,88.26) startOffset 16 endOffset 17 width 13.33: "!"
                chunk 1 text run 18 at (397.11,97.16) startOffset 17 endOffset 18 width 13.33: " "
                chunk 1 text run 19 at (412.58,112.56) startOffset 18 endOffset 19 width 30.00: "D"
                chunk 1 text run 20 at (426.80,126.65) startOffset 19 endOffset 20 width 10.00: "i"
                chunk 1 text run 21 at (438.66,138.24) startOffset 20 endOffset 21 width 23.33: "d"
                chunk 1 text run 22 at (451.95,150.91) startOffset 21 endOffset 22 width 13.33: " "
                chunk 1 text run 23 at (465.45,163.38) startOffset 22 endOffset 23 width 23.33: "y"
                chunk 1 text run 24 at (483.01,178.77) startOffset 23 endOffset 24 width 23.33: "o"
                chunk 1 text run 25 at (501.14,193.48) startOffset 24 endOffset 25 width 23.33: "u"
                chunk 1 text run 26 at (515.86,204.34) startOffset 25 endOffset 26 width 13.33: " "
                chunk 1 text run 27 at (526.94,211.79) startOffset 26 endOffset 27 width 13.33: "f"
                chunk 1 text run 28 at (536.91,217.90) startOffset 27 endOffset 28 width 10.00: "i"
                chunk 1 text run 29 at (551.53,225.76) startOffset 28 endOffset 29 width 23.33: "n"
                chunk 1 text run 30 at (573.12,234.69) startOffset 29 endOffset 30 width 23.33: "d"
                chunk 1 text run 31 at (602.33,240.98) startOffset 30 endOffset 31 width 36.67: "m"
                chunk 1 text run 32 at (632.18,239.47) startOffset 31 endOffset 32 width 23.33: "e"
                chunk 1 text run 33 at (654.38,232.45) startOffset 32 endOffset 33 width 23.33: "?"
            LayoutSVGInlineText {#text} at (0,0) size 0x0
      LayoutText {#text} at (0,0) size 0x0
