layer at (0,0) size 800x600
  LayoutView at (0,0) size 800x600
layer at (0,0) size 800x220
  LayoutBlockFlow {html} at (0,0) size 800x220
    LayoutBlockFlow {body} at (8,8) size 784x204
      LayoutSVGRoot {svg} at (0,0) size 200x200
        LayoutSVGEllipse {circle} at (50,50) size 100x100 [fill={[type=SOLID] [color=#008000]}] [cx=100.00] [cy=100.00] [r=50.00]
        LayoutSVGForeignObject {foreignObject} at (0,0) size 200x200
      LayoutText {#text} at (0,0) size 0x0
layer at (50,0) size 150x200 backgroundClip at (0,8) size 149x283 clip at (0,8) size 149x283
  LayoutBlockFlow (positioned) {div} at (50,0) size 150x200
    LayoutText {#text} at (0,0) size 139x72
      text run at (0,0) width 115: "There should be a"
      text run at (0,18) width 130: "green circle and this"
      text run at (0,36) width 139: "text should be rotated"
      text run at (0,54) width 93: "by 45 degrees."
