layer at (0,0) size 800x600 clip at (0,0) size 785x600 scrollHeight 608
  LayoutView at (0,0) size 800x600
layer at (0,0) size 785x600
  LayoutBlockFlow {HTML} at (0,0) size 785x600
    LayoutBlockFlow {BODY} at (8,8) size 769x584
      LayoutBlockFlow {DIV} at (0,0) size 144x600
        LayoutInline {SPAN} at (0,0) size 137x586 [bgcolor=#FFFFE0] [border: (5px solid #008000)]
          LayoutText {#text} at (8,27) size 127x566
            text run at (8,27) width 565: "This sentence is too long to fit"
            text run at (80,143) width 294: "on a single line."
        LayoutText {#text} at (0,0) size 0x0
      LayoutBlockFlow {DIV} at (194,0) size 144x600
        LayoutInline {SPAN} at (0,0) size 137x586 [bgcolor=#FFFFE0] [border: (5px solid #008000)]
          LayoutText {#text} at (8,27) size 127x566
            text run at (8,27) width 565: "This sentence is too long to fit"
            text run at (80,143) width 294: "on a single line."
        LayoutText {#text} at (0,0) size 0x0
