layer at (0,0) size 800x600
  LayoutView at (0,0) size 800x600
layer at (0,0) size 800x600
  LayoutBlockFlow {HTML} at (0,0) size 800x600
    LayoutBlockFlow {BODY} at (8,8) size 784x584
      LayoutBlockFlow {DIV} at (0,0) size 126x500
        LayoutInline {SPAN} at (0,0) size 20x395
          LayoutText {#text} at (0,0) size 20x395
            text run at (0,0) width 395: "This text should be rotated 90 degrees and underlined."
        LayoutText {#text} at (0,395) size 20x5
          text run at (0,395) width 5: " "
        LayoutBR {BR} at (4,400) size 0x0
        LayoutInline {SPAN} at (0,0) size 20x386
          LayoutText {#text} at (21,0) size 20x386
            text run at (21,0) width 386: "This text should be rotated 90 degrees and overlined."
        LayoutText {#text} at (21,386) size 20x5
          text run at (21,386) width 5: " "
        LayoutBR {BR} at (25,391) size 0x0
        LayoutInline {SPAN} at (0,0) size 20x423
          LayoutText {#text} at (42,0) size 20x423
            text run at (42,0) width 423: "This text should be rotated 90 degrees and struck through."
        LayoutText {#text} at (42,423) size 20x5
          text run at (42,423) width 5: " "
        LayoutBR {BR} at (46,428) size 0x0
        LayoutInline {SPAN} at (0,0) size 20x448
          LayoutText {#text} at (63,0) size 20x448
            text run at (63,0) width 448: "This text should have a red shadow that is offset horizontally."
        LayoutText {#text} at (63,447) size 20x6
          text run at (63,447) width 5: " "
        LayoutBR {BR} at (67,452) size 0x1
        LayoutBR {BR} at (84,0) size 20x0
        LayoutInline {SPAN} at (0,0) size 20x460
          LayoutText {#text} at (105,0) size 20x460
            text run at (105,0) width 460: "This text should have an overline plus horizontal green shadow"
