layer at (0,0) size 800x600 scrollHeight 692
  LayoutView at (0,0) size 800x600
layer at (0,0) size 800x692 backgroundClip at (0,0) size 800x600 clip at (0,0) size 800x600
  LayoutBlockFlow {HTML} at (0,0) size 800x692
    LayoutBlockFlow {BODY} at (8,8) size 784x676
      LayoutBlockFlow {P} at (0,0) size 784x60
        LayoutText {#text} at (0,0) size 748x59
          text run at (0,0) width 700: "This test exercises the vertical text rendering feature of Blink's shaping code, and checks for errors in font code "
          text run at (700,0) width 27: "path"
          text run at (0,20) width 668: "selection: Vertical text should always go through the shaper. It exercises glyph orientation difficulties with "
          text run at (667,20) width 81: "two different"
          text run at (0,40) width 35: "fonts."
      LayoutBlockFlow {DIV} at (0,76) size 348x600
        LayoutBlockFlow {DIV} at (0,0) size 174x453 [border: (1px solid #008000)]
          LayoutInline {SPAN} at (0,0) size 41x173
            LayoutText {#text} at (2,1) size 41x173
              text run at (2,1) width 173: "Hello world"
          LayoutBR {BR} at (22,174) size 0x0
          LayoutInline {SPAN} at (0,0) size 41x451
            LayoutText {#text} at (45,1) size 41x451
              text run at (45,1) width 451: "Hello world"
          LayoutBR {BR} at (65,452) size 0x0
          LayoutInline {SPAN} at (0,0) size 41x173
            LayoutText {#text} at (88,1) size 41x173
              text run at (88,1) width 173: "Hello world"
          LayoutBR {BR} at (108,174) size 0x0
          LayoutInline {SPAN} at (0,0) size 41x451
            LayoutText {#text} at (131,1) size 41x451
              text run at (131,1) width 451: "Hello world"
          LayoutBR {BR} at (151,452) size 0x0
        LayoutText {#text} at (0,0) size 0x0
        LayoutBlockFlow {DIV} at (174,0) size 174x453 [border: (1px solid #008000)]
          LayoutInline {SPAN} at (0,0) size 41x173
            LayoutText {#text} at (2,1) size 41x173
              text run at (2,1) width 173: "Hello world"
          LayoutBR {BR} at (22,174) size 0x0
          LayoutInline {SPAN} at (0,0) size 41x451
            LayoutText {#text} at (45,1) size 41x451
              text run at (45,1) width 451: "Hello world"
          LayoutBR {BR} at (65,452) size 0x0
          LayoutInline {SPAN} at (0,0) size 41x173
            LayoutText {#text} at (88,1) size 41x173
              text run at (88,1) width 173: "Hello world"
          LayoutBR {BR} at (108,174) size 0x0
          LayoutInline {SPAN} at (0,0) size 41x451
            LayoutText {#text} at (131,1) size 41x451
              text run at (131,1) width 451: "Hello world"
          LayoutBR {BR} at (151,452) size 0x0
        LayoutText {#text} at (0,0) size 0x0
