layer at (0,0) size 800x600
  LayoutView at (0,0) size 800x600
layer at (0,0) size 254x600
  LayoutBlockFlow {HTML} at (0,0) size 254x600
    LayoutBlockFlow {BODY} at (8,8) size 238x584
      LayoutTable {TABLE} at (0,0) size 238x584 [border: (2px outset #808080)]
        LayoutTableSection {TBODY} at (2,2) size 234x580
          LayoutTableRow {TR} at (2,0) size 230x580
            LayoutTableCell {TD} at (2,30) size 230x79 [border: (1px inset #808080)] [r=0 c=0 rs=1 cs=1]
              LayoutText {#text} at (31,-26) size 112x144
                text run at (31,-26) width 144: "\x{7B2C}\x{4E00}\x{6BB5}"
                text run at (88,-26) width 48: "\x{843D}"
            LayoutTableCell {TD} at (2,195) size 230x383 [border: (1px inset #808080)] [r=0 c=1 rs=1 cs=1]
              LayoutText {#text} at (4,2) size 222x291
                text run at (4,2) width 291: "\x{7B2C}\x{4E8C}\x{6BB5}"
                text run at (117,2) width 97: "\x{843D}"
