layer at (0,0) size 800x600
  LayoutView at (0,0) size 800x600
layer at (0,0) size 800x600
  LayoutBlockFlow {HTML} at (0,0) size 800x600
    LayoutBlockFlow {BODY} at (8,8) size 784x584
      LayoutBlockFlow {P} at (0,0) size 784x36
        LayoutText {#text} at (0,0) size 755x36
          text run at (0,0) width 248: "Test for font-feature-settings property. "
          text run at (247,0) width 508: "The first word of the following three words should be displayed like \"WebKit\","
          text run at (0,18) width 312: "while others should be displayed as black boxes."
      LayoutBlockFlow {DIV} at (0,52) size 784x17
        LayoutText {#text} at (0,0) size 31x16
          text run at (0,0) width 31: "WebKit"
      LayoutBlockFlow {DIV} at (0,69) size 784x17
        LayoutText {#text} at (0,0) size 96x16
          text run at (0,0) width 96: "WebKit"
      LayoutBlockFlow {DIV} at (0,86) size 784x17
        LayoutText {#text} at (0,0) size 96x16
          text run at (0,0) width 96: "WebKit"
