layer at (0,0) size 800x600
  LayoutView at (0,0) size 800x600
layer at (0,0) size 800x212
  LayoutBlockFlow {HTML} at (0,0) size 800x212
    LayoutBlockFlow {BODY} at (8,16) size 784x188
      LayoutBlockFlow {P} at (0,0) size 784x18
        LayoutText {#text} at (0,0) size 191x18
          text run at (0,0) width 191: "This circle is drawn via SVG."
      LayoutBlockFlow (anonymous) at (0,34) size 784x154
        LayoutSVGRoot {svg} at (0,0) size 300x150
          LayoutSVGEllipse {circle} at (0,0) size 40x40 [fill={[type=SOLID] [color=#008000]}] [cx=20.00] [cy=20.00] [r=20.00]
        LayoutText {#text} at (0,0) size 0x0
