layer at (0,0) size 800x600
  LayoutView at (0,0) size 800x600
layer at (0,0) size 800x600
  LayoutBlockFlow {HTML} at (0,0) size 800x600
    LayoutBlockFlow {BODY} at (8,8) size 784x576
      LayoutBlockFlow {FORM} at (0,0) size 784x63
        LayoutBlockFlow (anonymous) at (0,0) size 784x63
          LayoutBlockFlow {INPUT} at (4,3) size 13x13
          LayoutInline {B} at (0,0) size 73x19
            LayoutText {#text} at (20,1) size 73x19
              text run at (20,1) width 73: "Attach File"
          LayoutBR {BR} at (93,16) size 0x0
          LayoutBR {BR} at (0,21) size 0x19
          LayoutText {#text} at (0,42) size 82x19
            text run at (0,42) width 82: "  Select File:  "
          LayoutFileUploadControl {INPUT} at (82,41) size 238x22 "No file chosen" [color=#545454]
            LayoutButton {INPUT} at (0,0) size 85x22 [color=#808080] [bgcolor=#C0C0C0] [border: (2px outset #C0C0C0)]
              LayoutBlockFlow (anonymous) at (8,3) size 69x16
                LayoutText {#text} at (0,0) size 69x16
                  text run at (0,0) width 69: "Choose File"
          LayoutBR {BR} at (320,57) size 0x0
        LayoutTable {TABLE} at (0,63) size 0x0
