layer at (0,0) size 800x600
  LayoutView at (0,0) size 800x600
layer at (0,0) size 800x600
  LayoutBlockFlow {HTML} at (0,0) size 800x600
    LayoutBlockFlow {BODY} at (8,8) size 784x584
      LayoutText {#text} at (0,0) size 24x18
        text run at (0,0) width 24: "text"
      LayoutText {#text} at (23,0) size 28x18
        text run at (23,0) width 5: " "
        text run at (27,0) width 24: "test"
