layer at (0,0) size 800x600
  LayoutView at (0,0) size 800x600
layer at (0,0) size 800x108
  LayoutNGBlockFlow {HTML} at (0,0) size 800x108
    LayoutNGBlockFlow {BODY} at (8,16) size 784x84
      LayoutNGBlockFlow {P} at (0,0) size 784x18
        LayoutText {#text} at (0,0) size 756x18
          text run at (0,0) width 756: "There should be one blue square below. It is not two because they are composited together, and hence not fragmented."
layer at (8,50) size 110x50
  LayoutNGBlockFlow {DIV} at (0,34) size 110x50
    LayoutMultiColumnSet (anonymous) at (0,0) size 110x50
layer at (8,50) size 50x100 backgroundClip at (0,0) size 63x100 clip at (0,0) size 63x100
  LayoutMultiColumnFlowThread (anonymous) at (0,0) size 50x100
layer at (8,50) size 50x100 backgroundClip at (0,0) size 63x100 clip at (0,0) size 63x100
  LayoutNGBlockFlow {DIV} at (0,0) size 50x100
    LayoutNGBlockFlow {DIV} at (0,0) size 50x100 [bgcolor=#0000FF]
      LayoutBR {BR} at (0,16) size 0x0
      LayoutBR {BR} at (0,0) size 0x0
