layer at (0,0) size 800x600
  LayoutView at (0,0) size 800x600
layer at (0,0) size 800x600
  LayoutBlockFlow {HTML} at (0,0) size 800x600
    LayoutFrameSet {FRAMESET} at (0,0) size 800x600
layer at (0,0) size 800x600
  LayoutFrame {FRAME} at (0,0) size 800x600
    layer at (0,0) size 800x600
      LayoutView at (0,0) size 800x600
    layer at (0,0) size 800x600
      LayoutBlockFlow {HTML} at (0,0) size 800x600
        LayoutBlockFlow {BODY} at (8,8) size 784x579
          LayoutBlockFlow {PRE} at (0,0) size 784x75
            LayoutText {#text} at (0,0) size 780x75
              text run at (0,0) width 406: "This line should wrap with no horizontal scroll bar:"
              text run at (405,0) width 1: " "
              text run at (0,15) width 0: " "
              text run at (0,30) width 780: "abcdefghijklmnopqrstuvwxyzabcdefghijklmnopqrstuvwxyzabcdefghijklmnopqrstuvwxyzabcdefghijklmnopqrstuv"
              text run at (0,45) width 780: "wxyzabcdefghijklmnopqrstuvwxyzabcdefghijklmnopqrstuvwxyzabcdefghijklmnopqrstuvwxyzabcdefghijklmnopqr"
              text run at (0,60) width 469: "stuvwxyzabcdefghijklmnopqrstuvwxyzabcdefghijklmnopqrstuvwxyz"
              text run at (468,60) width 1: " "
