layer at (0,0) size 800x600
  LayoutView at (0,0) size 800x600
layer at (0,0) size 800x600
  LayoutNGBlockFlow {HTML} at (0,0) size 800x600
    LayoutNGBlockFlow {BODY} at (8,8) size 784x584
      LayoutText {#text} at (0,0) size 298x19
        text run at (0,0) width 298: "With the label empty, the enclosing text is used."
      LayoutBR {BR} at (298,0) size 0x19
      LayoutMenuList {SELECT} at (0,20) size 324x20 [bgcolor=#C0C0C0] [border: (1px solid #A9A9A9)]
        LayoutBlockFlow (anonymous) at (1,1) size 322x18
          LayoutText (anonymous) at (4,1) size 302x16
            text run at (4,1) width 302: "empty label should display empty string to match IE"
      LayoutText {#text} at (0,0) size 0x0
