layer at (0,0) size 800x600
  LayoutView at (0,0) size 800x600
layer at (0,0) size 800x600
  LayoutNGBlockFlow {HTML} at (0,0) size 800x600
    LayoutNGBlockFlow {BODY} at (8,8) size 784x584
      LayoutText {#text} at (0,0) size 667x19
        text run at (0,0) width 667: "In the list box below, the text \"This text should appear\" should be shown as the first entry into the list box."
      LayoutBR {BR} at (667,0) size 0x19
      LayoutText {#text} at (0,0) size 0x0
layer at (8,28) size 157x87 clip at (9,29) size 140x85
  LayoutListBox {SELECT} at (0,20) size 157x87 [bgcolor=#FFFFFF] [border: (1px solid #A9A9A9)]
    LayoutBlockFlow {OPTION} at (1,1) size 140x17
      LayoutText {#text} at (2,0) size 136x16
        text run at (2,0) width 136: "This text should appear"
