layer at (0,0) size 800x600
  LayoutView at (0,0) size 800x600
layer at (0,0) size 800x600
  LayoutNGBlockFlow {HTML} at (0,0) size 800x600
    LayoutNGBlockFlow {BODY} at (8,8) size 784x576
      LayoutNGBlockFlow {P} at (0,0) size 784x20
        LayoutText {#text} at (0,0) size 52x19
          text run at (0,0) width 52: "Test for "
        LayoutInline {I} at (0,0) size 572x19
          LayoutInline {A} at (0,0) size 299x19 [color=#0000EE]
            LayoutText {#text} at (52,0) size 299x19
              text run at (52,0) width 299: "http://bugs.webkit.org/show_bug.cgi?id=11362"
          LayoutText {#text} at (351,0) size 273x19
            text run at (351,0) width 273: " Native popup with size=\"1\" wraps options"
        LayoutText {#text} at (624,0) size 4x19
          text run at (624,0) width 4: "."
      LayoutNGBlockFlow {P} at (0,36) size 784x20
        LayoutText {#text} at (0,0) size 34x19
          text run at (0,0) width 34: "With "
        LayoutInline {TT} at (0,0) size 64x16
          LayoutText {#text} at (34,3) size 64x16
            text run at (34,3) width 64: "size=\"1\""
        LayoutText {#text} at (98,0) size 8x19
          text run at (98,0) width 8: ": "
        LayoutMenuList {SELECT} at (106,1) size 100x18 [bgcolor=#C0C0C0] [border: (1px solid #A9A9A9)]
          LayoutNGBlockFlow (anonymous) at (1,1) size 98x16
            LayoutText (anonymous) at (0,0) size 188x16
              text run at (0,0) width 188: "Very long option that does not fit"
        LayoutText {#text} at (0,0) size 0x0
      LayoutNGBlockFlow {P} at (0,72) size 784x20
        LayoutText {#text} at (0,0) size 54x19
          text run at (0,0) width 54: "Without "
        LayoutInline {TT} at (0,0) size 32x16
          LayoutText {#text} at (54,3) size 32x16
            text run at (54,3) width 32: "size"
        LayoutText {#text} at (86,0) size 8x19
          text run at (86,0) width 8: ": "
        LayoutMenuList {SELECT} at (94,1) size 100x18 [bgcolor=#C0C0C0] [border: (1px solid #A9A9A9)]
          LayoutNGBlockFlow (anonymous) at (1,1) size 98x16
            LayoutText (anonymous) at (0,0) size 188x16
              text run at (0,0) width 188: "Very long option that does not fit"
        LayoutText {#text} at (0,0) size 0x0
