layer at (0,0) size 800x600
  LayoutView at (0,0) size 800x600
layer at (0,0) size 800x600
  LayoutNGBlockFlow {HTML} at (0,0) size 800x600
    LayoutNGBlockFlow {BODY} at (8,8) size 784x584
      LayoutNGBlockFlow {P} at (0,0) size 784x40
        LayoutText {#text} at (0,0) size 52x19
          text run at (0,0) width 52: "Test for "
        LayoutInline {I} at (0,0) size 708x39
          LayoutInline {A} at (0,0) size 300x19 [color=#0000EE]
            LayoutText {#text} at (52,0) size 300x19
              text run at (52,0) width 300: "http://bugs.webkit.org/show_bug.cgi?id=13775"
          LayoutText {#text} at (352,0) size 708x39
            text run at (352,0) width 356: " REGRESSION: Popup button text should use \"natural\""
            text run at (0,20) width 323: "directionality to match the items in the popup menu"
        LayoutText {#text} at (323,20) size 4x19
          text run at (323,20) width 4: "."
      LayoutNGBlockFlow {P} at (0,56) size 784x20
        LayoutText {#text} at (0,0) size 660x19
          text run at (0,0) width 505: "In all of the popup buttons below, the letter A should be on the left and the letter "
          text run at (505,0) width 10: "\x{5D0}"
          text run at (515,0) width 4: " "
          text run at (519,0) width 141: "should be on the right."
      LayoutNGBlockFlow {DIV} at (0,92) size 784x40
        LayoutNGBlockFlow {DIV} at (0,0) size 784x20
          LayoutMenuList {SELECT} at (0,0) size 70x20 [bgcolor=#C0C0C0] [border: (1px solid #A9A9A9)]
            LayoutBlockFlow (anonymous) at (1,1) size 68x18
              LayoutText (anonymous) at (4,1) size 17x16
                text run at (4,1) width 8 RTL: "\x{5D0}"
                text run at (12,1) width 9: "A"
          LayoutText {#text} at (70,0) size 4x19
            text run at (70,0) width 4: " "
          LayoutMenuList {SELECT} at (74,0) size 70x20 [bgcolor=#C0C0C0] [border: (1px solid #A9A9A9)]
            LayoutBlockFlow (anonymous) at (1,1) size 68x18
              LayoutText (anonymous) at (4,1) size 17x16
                text run at (4,1) width 9: "A"
                text run at (13,1) width 8 RTL: "\x{5D0}"
          LayoutText {#text} at (144,0) size 4x19
            text run at (144,0) width 4: " "
          LayoutMenuList {SELECT} at (148,0) size 70x20 [bgcolor=#C0C0C0] [border: (1px solid #A9A9A9)]
            LayoutBlockFlow (anonymous) at (1,1) size 68x18
              LayoutText (anonymous) at (4,1) size 21x16
                text run at (4,1) width 4: "("
                text run at (8,1) width 8 RTL: "\x{5D0}"
                text run at (16,1) width 9: "A"
          LayoutText {#text} at (218,0) size 4x19
            text run at (218,0) width 4: " "
          LayoutMenuList {SELECT} at (222,0) size 70x20 [bgcolor=#C0C0C0] [border: (1px solid #A9A9A9)]
            LayoutBlockFlow (anonymous) at (1,1) size 68x18
              LayoutText (anonymous) at (4,1) size 21x16
                text run at (4,1) width 13: "(A"
                text run at (17,1) width 8 RTL: "\x{5D0}"
          LayoutText {#text} at (0,0) size 0x0
        LayoutNGBlockFlow {DIV} at (0,20) size 784x20
          LayoutMenuList {SELECT} at (492,0) size 70x20 [bgcolor=#C0C0C0] [border: (1px solid #A9A9A9)]
            LayoutBlockFlow (anonymous) at (1,1) size 68x18
              LayoutText (anonymous) at (4,1) size 17x16
                text run at (4,1) width 8 RTL: "\x{5D0}"
                text run at (12,1) width 9: "A"
          LayoutText {#text} at (562,0) size 4x19
            text run at (562,0) width 4: " "
          LayoutMenuList {SELECT} at (566,0) size 70x20 [bgcolor=#C0C0C0] [border: (1px solid #A9A9A9)]
            LayoutBlockFlow (anonymous) at (1,1) size 68x18
              LayoutText (anonymous) at (4,1) size 17x16
                text run at (4,1) width 9: "A"
                text run at (13,1) width 8 RTL: "\x{5D0}"
          LayoutText {#text} at (636,0) size 4x19
            text run at (636,0) width 4: " "
          LayoutMenuList {SELECT} at (640,0) size 70x20 [bgcolor=#C0C0C0] [border: (1px solid #A9A9A9)]
            LayoutBlockFlow (anonymous) at (1,1) size 68x18
              LayoutText (anonymous) at (4,1) size 21x16
                text run at (4,1) width 4: "("
                text run at (8,1) width 8 RTL: "\x{5D0}"
                text run at (16,1) width 9: "A"
          LayoutText {#text} at (710,0) size 4x19
            text run at (710,0) width 4: " "
          LayoutMenuList {SELECT} at (714,0) size 70x20 [bgcolor=#C0C0C0] [border: (1px solid #A9A9A9)]
            LayoutBlockFlow (anonymous) at (1,1) size 68x18
              LayoutText (anonymous) at (4,1) size 21x16
                text run at (4,1) width 13: "(A"
                text run at (17,1) width 8 RTL: "\x{5D0}"
          LayoutText {#text} at (0,0) size 0x0
      LayoutNGBlockFlow {DIV} at (0,132) size 784x40
        LayoutNGBlockFlow {DIV} at (0,0) size 784x20
          LayoutMenuList {SELECT} at (222,0) size 70x20 [bgcolor=#C0C0C0] [border: (1px solid #A9A9A9)]
            LayoutBlockFlow (anonymous) at (1,1) size 68x18
              LayoutText (anonymous) at (47,1) size 17x16
                text run at (47,1) width 9: "A"
                text run at (56,1) width 8 RTL: "\x{5D0}"
          LayoutText {#text} at (218,0) size 4x19
            text run at (218,0) width 4: " "
          LayoutMenuList {SELECT} at (148,0) size 70x20 [bgcolor=#C0C0C0] [border: (1px solid #A9A9A9)]
            LayoutBlockFlow (anonymous) at (1,1) size 68x18
              LayoutText (anonymous) at (47,1) size 17x16
                text run at (47,1) width 8 RTL: "\x{5D0}"
                text run at (55,1) width 9: "A"
          LayoutText {#text} at (144,0) size 4x19
            text run at (144,0) width 4: " "
          LayoutMenuList {SELECT} at (74,0) size 70x20 [bgcolor=#C0C0C0] [border: (1px solid #A9A9A9)]
            LayoutBlockFlow (anonymous) at (1,1) size 68x18
              LayoutText (anonymous) at (43,1) size 21x16
                text run at (43,1) width 9: "A"
                text run at (52,1) width 12 RTL: "(\x{5D0}"
          LayoutText {#text} at (70,0) size 4x19
            text run at (70,0) width 4: " "
          LayoutMenuList {SELECT} at (0,0) size 70x20 [bgcolor=#C0C0C0] [border: (1px solid #A9A9A9)]
            LayoutBlockFlow (anonymous) at (1,1) size 68x18
              LayoutText (anonymous) at (43,1) size 21x16
                text run at (43,1) width 8 RTL: "\x{5D0}"
                text run at (51,1) width 9: "A"
                text run at (60,1) width 4 RTL: "("
          LayoutText {#text} at (0,0) size 0x0
        LayoutNGBlockFlow {DIV} at (0,20) size 784x20
          LayoutMenuList {SELECT} at (714,0) size 70x20 [bgcolor=#C0C0C0] [border: (1px solid #A9A9A9)]
            LayoutBlockFlow (anonymous) at (1,1) size 68x18
              LayoutText (anonymous) at (47,1) size 17x16
                text run at (47,1) width 9: "A"
                text run at (56,1) width 8 RTL: "\x{5D0}"
          LayoutText {#text} at (710,0) size 4x19
            text run at (710,0) width 4: " "
          LayoutMenuList {SELECT} at (640,0) size 70x20 [bgcolor=#C0C0C0] [border: (1px solid #A9A9A9)]
            LayoutBlockFlow (anonymous) at (1,1) size 68x18
              LayoutText (anonymous) at (47,1) size 17x16
                text run at (47,1) width 8 RTL: "\x{5D0}"
                text run at (55,1) width 9: "A"
          LayoutText {#text} at (636,0) size 4x19
            text run at (636,0) width 4: " "
          LayoutMenuList {SELECT} at (566,0) size 70x20 [bgcolor=#C0C0C0] [border: (1px solid #A9A9A9)]
            LayoutBlockFlow (anonymous) at (1,1) size 68x18
              LayoutText (anonymous) at (43,1) size 21x16
                text run at (43,1) width 9: "A"
                text run at (52,1) width 12 RTL: "(\x{5D0}"
          LayoutText {#text} at (562,0) size 4x19
            text run at (562,0) width 4: " "
          LayoutMenuList {SELECT} at (492,0) size 70x20 [bgcolor=#C0C0C0] [border: (1px solid #A9A9A9)]
            LayoutBlockFlow (anonymous) at (1,1) size 68x18
              LayoutText (anonymous) at (43,1) size 21x16
                text run at (43,1) width 8 RTL: "\x{5D0}"
                text run at (51,1) width 9: "A"
                text run at (60,1) width 4 RTL: "("
          LayoutText {#text} at (0,0) size 0x0
