layer at (0,0) size 800x600
  LayoutView at (0,0) size 800x600
layer at (0,0) size 800x600
  LayoutNGBlockFlow {HTML} at (0,0) size 800x600
    LayoutNGBlockFlow {BODY} at (8,8) size 784x584
      LayoutText {#text} at (0,0) size 553x19
        text run at (0,0) width 553: "This tests that styled popups look right. (Aqua for now- later, we will honor the styling)."
      LayoutBR {BR} at (553,0) size 0x19
      LayoutMenuList {SELECT} at (0,20) size 44x20 [bgcolor=#FF0000] [border: (1px solid #A9A9A9)]
        LayoutBlockFlow (anonymous) at (1,1) size 42x18
          LayoutText (anonymous) at (4,1) size 22x16
            text run at (4,1) width 22: "test"
      LayoutText {#text} at (0,0) size 0x0
      LayoutBR {BR} at (44,20) size 0x19
      LayoutText {#text} at (0,40) size 528x19
        text run at (0,40) width 528: "This tests that background color is white by default regardless of the parent element."
      LayoutBR {BR} at (528,40) size 0x19
      LayoutInline {SPAN} at (0,0) size 54x29 [bgcolor=#FF0000]
        LayoutText {#text} at (0,0) size 0x0
        LayoutMenuList {SELECT} at (5,60) size 44x20 [bgcolor=#C0C0C0] [border: (1px solid #A9A9A9)]
          LayoutBlockFlow (anonymous) at (1,1) size 42x18
            LayoutText (anonymous) at (4,1) size 22x16
              text run at (4,1) width 22: "test"
        LayoutText {#text} at (0,0) size 0x0
      LayoutText {#text} at (0,0) size 0x0
      LayoutBR {BR} at (54,60) size 0x19
      LayoutText {#text} at (0,80) size 625x19
        text run at (0,80) width 625: "This tests that background color is inherited from the parent if background-color:inherit is specified."
      LayoutBR {BR} at (625,80) size 0x19
      LayoutInline {SPAN} at (0,0) size 54x29 [bgcolor=#FF0000]
        LayoutText {#text} at (0,0) size 0x0
        LayoutMenuList {SELECT} at (5,100) size 44x20 [border: (1px solid #A9A9A9)]
          LayoutBlockFlow (anonymous) at (1,1) size 42x18
            LayoutText (anonymous) at (4,1) size 22x16
              text run at (4,1) width 22: "test"
        LayoutText {#text} at (0,0) size 0x0
      LayoutText {#text} at (0,0) size 0x0
      LayoutBR {BR} at (54,100) size 0x19
      LayoutText {#text} at (0,120) size 637x19
        text run at (0,120) width 637: "This tests that background color is the same as the parent if background-color:transparent is specified."
      LayoutBR {BR} at (637,120) size 0x19
      LayoutInline {SPAN} at (0,0) size 54x29 [bgcolor=#FF0000]
        LayoutText {#text} at (0,0) size 0x0
        LayoutMenuList {SELECT} at (5,140) size 44x20 [border: (1px solid #A9A9A9)]
          LayoutBlockFlow (anonymous) at (1,1) size 42x18
            LayoutText (anonymous) at (4,1) size 22x16
              text run at (4,1) width 22: "test"
        LayoutText {#text} at (0,0) size 0x0
      LayoutText {#text} at (0,0) size 0x0
      LayoutBR {BR} at (54,140) size 0x19
      LayoutText {#text} at (0,160) size 498x19
        text run at (0,160) width 498: "This tests that background is white if only background-image:none is specified."
      LayoutBR {BR} at (498,160) size 0x19
      LayoutMenuList {SELECT} at (0,180) size 44x20 [bgcolor=#C0C0C0] [border: (1px solid #A9A9A9)]
        LayoutBlockFlow (anonymous) at (1,1) size 42x18
          LayoutText (anonymous) at (4,1) size 22x16
            text run at (4,1) width 22: "test"
      LayoutText {#text} at (0,0) size 0x0
      LayoutBR {BR} at (44,180) size 0x19
      LayoutText {#text} at (0,200) size 418x19
        text run at (0,200) width 418: "This tests that the image specified for background-image is visible."
      LayoutBR {BR} at (418,200) size 0x19
      LayoutMenuList {SELECT} at (0,220) size 44x20 [bgcolor=#C0C0C0] [border: (1px solid #A9A9A9)]
        LayoutBlockFlow (anonymous) at (1,1) size 42x18
          LayoutText (anonymous) at (4,1) size 22x16
            text run at (4,1) width 22: "test"
      LayoutText {#text} at (0,0) size 0x0
