layer at (0,0) size 800x600 clip at (0,0) size 785x585
  LayoutView at (0,0) size 800x600
layer at (0,0) size 785x340
  LayoutBlockFlow {html} at (0,0) size 785x340
    LayoutBlockFlow {body} at (8,170) size 162x162 [color=#000080] [border: (1px solid #000080)]
      LayoutBlockFlow {p} at (1,17) size 160x140
        LayoutText {#text} at (0,0) size 154x139
          text run at (0,0) width 102: "There should be"
          text run at (0,20) width 105: "scrollbars for the"
          text run at (0,40) width 142: "viewport -- not for this"
          text run at (0,60) width 154: "box. (Additionally, there"
          text run at (0,80) width 142: "should be a box above"
          text run at (0,100) width 90: "that does have"
          text run at (0,120) width 69: "scrollbars.)"
      LayoutBlockFlow {p} at (1,173) size 160x20 [color=#808080]
        LayoutText {#text} at (0,0) size 106x19
          text run at (0,0) width 106: "This is filler text."
      LayoutBlockFlow {p} at (1,209) size 160x20 [color=#808080]
        LayoutText {#text} at (0,0) size 106x19
          text run at (0,0) width 106: "This is filler text."
      LayoutBlockFlow {p} at (1,245) size 160x20 [color=#808080]
        LayoutText {#text} at (0,0) size 106x19
          text run at (0,0) width 106: "This is filler text."
      LayoutBlockFlow {p} at (1,281) size 160x20 [color=#808080]
        LayoutText {#text} at (0,0) size 106x19
          text run at (0,0) width 106: "This is filler text."
layer at (0,0) size 162x162 clip at (1,1) size 145x145
  LayoutBlockFlow {body} at (0,0) size 162x162 [color=#000080] [border: (1px solid #000080)]
