layer at (0,0) size 800x600
  LayoutView at (0,0) size 800x600
layer at (0,0) size 800x416
  LayoutBlockFlow {HTML} at (0,0) size 800x416
    LayoutBlockFlow {BODY} at (8,8) size 784x400
layer at (8,8) size 400x400 clip at (8,8) size 400x385 scrollX 9636.00 scrollWidth 10036
  LayoutBlockFlow {DIV} at (0,0) size 400x400
    LayoutBlockFlow {DIV} at (36,0) size 10000x200 [bgcolor=#FFFF00]
layer at (372,8) size 36x385
  LayoutBlockFlow (relative positioned) {DIV} at (0,0) size 36x385
    LayoutBlockFlow (anonymous) at (0,0) size 18x385
      LayoutText {#text} at (0,0) size 18x65
        text run at (0,0) width 65: "Some text"
    LayoutBlockFlow {DIV} at (18,0) size 18x385
      LayoutText {#text} at (0,0) size 0x0
layer at (372,8) size 18x268
  LayoutInline (relative positioned) {A} at (0,0) size 18x268
    LayoutText {#text} at (0,0) size 18x268
      text run at (0,0) width 268: "This text should not overlap the other text"
