layer at (0,0) size 800x600
  LayoutView at (0,0) size 800x600
layer at (0,0) size 800x52
  LayoutBlockFlow {HTML} at (0,0) size 800x52
    LayoutBlockFlow {BODY} at (8,16) size 784x20
      LayoutBlockFlow {P} at (0,0) size 784x20
        LayoutText {#text} at (0,0) size 299x19
          text run at (0,0) width 299: "Gray div should be clipped by overflow: scroll div"
layer at (8,52) size 202x202 clip at (9,53) size 200x200 scrollHeight 516
  LayoutBlockFlow (positioned) {DIV} at (8,52) size 202x202 [border: (1px solid #000000)]
layer at (9,69) size 200x500 backgroundClip at (9,53) size 200x200 clip at (9,53) size 200x200
  LayoutBlockFlow (relative positioned) {DIV} at (1,17) size 200x500 [bgcolor=#808080]
    LayoutBlockFlow {P} at (0,0) size 200x120
      LayoutText {#text} at (0,0) size 197x119
        text run at (0,0) width 184: "ihasdkas sdkha sjdkahk dahsd"
        text run at (0,20) width 192: "jashd kashd kasdh aksd haskdh"
        text run at (0,40) width 44: "aksd h "
        text run at (44,40) width 135: "asfadjaskdh akdhaskd"
        text run at (0,60) width 178: "haskd haskd haskd haskdhka"
        text run at (0,80) width 113: "shdkasdh kas hdk "
        text run at (113,80) width 84: "asd asd asdas"
        text run at (0,100) width 33: "das d"
    LayoutBlockFlow {P} at (0,136) size 200x120
      LayoutText {#text} at (0,0) size 197x119
        text run at (0,0) width 184: "ihasdkas sdkha sjdkahk dahsd"
        text run at (0,20) width 192: "jashd kashd kasdh aksd haskdh"
        text run at (0,40) width 44: "aksd h "
        text run at (44,40) width 135: "asfadjaskdh akdhaskd"
        text run at (0,60) width 178: "haskd haskd haskd haskdhka"
        text run at (0,80) width 113: "shdkasdh kas hdk "
        text run at (113,80) width 84: "asd asd asdas"
        text run at (0,100) width 33: "das d"
    LayoutBlockFlow {P} at (0,272) size 200x120
      LayoutText {#text} at (0,0) size 197x119
        text run at (0,0) width 184: "ihasdkas sdkha sjdkahk dahsd"
        text run at (0,20) width 192: "jashd kashd kasdh aksd haskdh"
        text run at (0,40) width 44: "aksd h "
        text run at (44,40) width 135: "asfadjaskdh akdhaskd"
        text run at (0,60) width 178: "haskd haskd haskd haskdhka"
        text run at (0,80) width 113: "shdkasdh kas hdk "
        text run at (113,80) width 84: "asd asd asdas"
        text run at (0,100) width 33: "das d"
