layer at (0,0) size 800x600
  LayoutView at (0,0) size 800x600
layer at (0,0) size 800x600
  LayoutBlockFlow {HTML} at (0,0) size 800x600
    LayoutBlockFlow {BODY} at (8,8) size 784x492
      LayoutBlockFlow (anonymous) at (0,0) size 784x20
        LayoutText {#text} at (0,0) size 477x19
          text run at (0,0) width 477: "In the example below you should a y-skewed block (45 degree angle of skew)."
layer at (108,128) size 120x120
  LayoutBlockFlow {DIV} at (100,120) size 120x120 [bgcolor=#87CEEB] [border: (10px solid #000000)]
