layer at (0,0) size 800x600
  LayoutView at (0,0) size 800x600
layer at (0,0) size 800x418
  LayoutBlockFlow {HTML} at (0,0) size 800x418
    LayoutBlockFlow {BODY} at (8,16) size 784x322
      LayoutBlockFlow {P} at (0,0) size 784x40
        LayoutText {#text} at (0,0) size 346x19
          text run at (0,0) width 346: "The caret should render correctly in transformed elements"
        LayoutBR {BR} at (346,15) size 0x0
        LayoutInline {A} at (0,0) size 291x19 [color=#0000EE]
          LayoutText {#text} at (0,20) size 291x19
            text run at (0,20) width 291: "https://bugs.webkit.org/show_bug.cgi?id=15671"
layer at (88,136) size 302x202
  LayoutBlockFlow {DIV} at (80,120) size 302x202 [border: (1px solid #000000)]
    LayoutText {#text} at (1,2) size 174x90
      text run at (1,2) width 174: "Caret"
caret: position 6 of child 0 {#text} of child 3 {DIV} of body
