layer at (0,0) size 800x600
  LayoutView at (0,0) size 800x600
layer at (0,0) size 800x582
  LayoutBlockFlow {html} at (0,0) size 800x582
    LayoutBlockFlow {body} at (8,8) size 784x566
      LayoutBlockFlow {div} at (10,10) size 220x545.63
        LayoutBlockFlow {h2} at (0,19.91) size 220x28
          LayoutText {#text} at (0,0) size 155x28
            text run at (0,0) width 155: "SVG CSS scale"
        LayoutBlockFlow {h2} at (0,287.72) size 220x28
          LayoutText {#text} at (0,0) size 105x28
            text run at (0,0) width 105: "SVG scale"
      LayoutText {#text} at (240,0) size 4x18
        text run at (240,0) width 4: " "
      LayoutBlockFlow {div} at (254,10) size 220x545.63
        LayoutBlockFlow {h2} at (0,19.91) size 220x28
          LayoutText {#text} at (0,0) size 214x28
            text run at (0,0) width 214: "SVG CSS compound"
        LayoutBlockFlow {h2} at (0,287.72) size 220x28
          LayoutText {#text} at (0,0) size 164x28
            text run at (0,0) width 164: "SVG compound"
      LayoutText {#text} at (0,0) size 0x0
layer at (28,86) size 200x200
  LayoutBlockFlow (relative positioned) {div} at (10,67.81) size 200x200 [bgcolor=#C0C0C0] [border: (1px solid #000000)]
    LayoutSVGRoot {svg} at (1,1) size 198x198
      LayoutSVGHiddenContainer {defs} at (-50,-50) size 200x200
        LayoutSVGEllipse {circle} at (-10,-10) size 40x40 [transform={m=((5.00,0.00)(0.00,5.00)) t=(0.00,0.00)}] [fill={[type=SOLID] [color=#000000]}] [cx=10.00] [cy=10.00] [r=20.00]
        LayoutSVGResourceClipper {clipPath} [id="clip-circle1"] [clipPathUnits=userSpaceOnUse]
          LayoutSVGContainer {use} at (-50,-50) size 200x200
            LayoutSVGEllipse {circle} at (-10,-10) size 40x40 [transform={m=((5.00,0.00)(0.00,5.00)) t=(0.00,0.00)}] [fill={[type=SOLID] [color=#000000]}] [cx=10.00] [cy=10.00] [r=20.00]
      LayoutSVGRect {rect} at (10,10) size 200x200 [fill={[type=SOLID] [color=#008000]}] [x=10.00] [y=10.00] [width=200.00] [height=200.00]
        [clipPath="clip-circle1"] LayoutSVGResourceClipper {clipPath} at (-50,-50) size 200x200
    LayoutText {#text} at (0,0) size 0x0
layer at (28,354) size 200x200
  LayoutBlockFlow (relative positioned) {div} at (10,335.63) size 200x200 [bgcolor=#C0C0C0] [border: (1px solid #000000)]
    LayoutSVGRoot {svg} at (1,1) size 198x198
      LayoutSVGHiddenContainer {defs} at (-50,-50) size 200x200
        LayoutSVGEllipse {circle} at (-10,-10) size 40x40 [transform={m=((5.00,0.00)(0.00,5.00)) t=(0.00,0.00)}] [fill={[type=SOLID] [color=#000000]}] [cx=10.00] [cy=10.00] [r=20.00]
        LayoutSVGResourceClipper {clipPath} [id="clip-circle2"] [clipPathUnits=userSpaceOnUse]
          LayoutSVGContainer {use} at (-50,-50) size 200x200
            LayoutSVGEllipse {circle} at (-10,-10) size 40x40 [transform={m=((5.00,0.00)(0.00,5.00)) t=(0.00,0.00)}] [fill={[type=SOLID] [color=#000000]}] [cx=10.00] [cy=10.00] [r=20.00]
      LayoutSVGRect {rect} at (10,10) size 200x200 [fill={[type=SOLID] [color=#008000]}] [x=10.00] [y=10.00] [width=200.00] [height=200.00]
        [clipPath="clip-circle2"] LayoutSVGResourceClipper {clipPath} at (-50,-50) size 200x200
    LayoutText {#text} at (0,0) size 0x0
layer at (272,86) size 200x200
  LayoutBlockFlow (relative positioned) {div} at (10,67.81) size 200x200 [bgcolor=#C0C0C0] [border: (1px solid #000000)]
    LayoutSVGRoot {svg} at (1,1) size 198x198
      LayoutSVGHiddenContainer {defs} at (-141.42,7.07) size 282.84x282.84
        LayoutSVGRect {rect} at (1,1) size 40x40 [transform={m=((3.54,3.54)(-3.54,3.54)) t=(0.00,0.00)}] [fill={[type=SOLID] [color=#000000]}] [x=1.00] [y=1.00] [width=40.00] [height=40.00]
        LayoutSVGResourceClipper {clipPath} [id="clip-rect1"] [clipPathUnits=userSpaceOnUse]
          LayoutSVGContainer {use} at (-141.42,7.07) size 282.84x282.84
            LayoutSVGRect {rect} at (1,1) size 40x40 [transform={m=((3.54,3.54)(-3.54,3.54)) t=(0.00,0.00)}] [fill={[type=SOLID] [color=#000000]}] [x=1.00] [y=1.00] [width=40.00] [height=40.00]
      LayoutSVGRect {rect} at (10,10) size 200x200 [fill={[type=SOLID] [color=#008000]}] [x=10.00] [y=10.00] [width=200.00] [height=200.00]
        [clipPath="clip-rect1"] LayoutSVGResourceClipper {clipPath} at (-141.42,7.07) size 282.84x282.84
    LayoutText {#text} at (0,0) size 0x0
layer at (272,354) size 200x200
  LayoutBlockFlow (relative positioned) {div} at (10,335.63) size 200x200 [bgcolor=#C0C0C0] [border: (1px solid #000000)]
    LayoutSVGRoot {svg} at (1,1) size 198x198
      LayoutSVGHiddenContainer {defs} at (-141.42,7.07) size 282.84x282.84
        LayoutSVGRect {rect} at (1,1) size 40x40 [transform={m=((3.54,3.54)(-3.54,3.54)) t=(0.00,0.00)}] [fill={[type=SOLID] [color=#000000]}] [x=1.00] [y=1.00] [width=40.00] [height=40.00]
        LayoutSVGResourceClipper {clipPath} [id="clip-rect2"] [clipPathUnits=userSpaceOnUse]
          LayoutSVGContainer {use} at (-141.42,7.07) size 282.84x282.84
            LayoutSVGRect {rect} at (1,1) size 40x40 [transform={m=((3.54,3.54)(-3.54,3.54)) t=(0.00,0.00)}] [fill={[type=SOLID] [color=#000000]}] [x=1.00] [y=1.00] [width=40.00] [height=40.00]
      LayoutSVGRect {rect} at (10,10) size 200x200 [fill={[type=SOLID] [color=#008000]}] [x=10.00] [y=10.00] [width=200.00] [height=200.00]
        [clipPath="clip-rect2"] LayoutSVGResourceClipper {clipPath} at (-141.42,7.07) size 282.84x282.84
    LayoutText {#text} at (0,0) size 0x0
