layer at (0,0) size 800x600
  LayoutView at (0,0) size 800x600
layer at (0,0) size 800x600
  LayoutBlockFlow {HTML} at (0,0) size 800x600
    LayoutBlockFlow {BODY} at (8,8) size 784x584
      LayoutFieldset {FIELDSET} at (2,0) size 780x370.59 [border: (2px groove #C0C0C0)]
        LayoutBlockFlow {DIV} at (14,7.59) size 752x351
          LayoutInline {DIV} at (0,0) size 122x18
            LayoutInline {DIV} at (0,0) size 122x18
              LayoutText {#text} at (0,0) size 0x0
              LayoutInline {A} at (0,0) size 50x18 [color=#0000EE]
                LayoutBlockFlow {IMG} at (0,0) size 50x34
              LayoutText {#text} at (50,20) size 4x18
                text run at (50,20) width 4: " "
              LayoutBlockFlow {INPUT} at (56.88,24) size 12x12
              LayoutInline {LABEL} at (0,0) size 47x18
                LayoutText {#text} at (71,20) size 47x18
                  text run at (71,20) width 47: "Classic"
              LayoutText {#text} at (117,20) size 5x18
                text run at (117,20) width 5: " "
          LayoutText {#text} at (0,0) size 0x0
          LayoutInline {DIV} at (0,0) size 118x18
            LayoutInline {DIV} at (0,0) size 118x18
              LayoutText {#text} at (0,0) size 0x0
              LayoutInline {A} at (0,0) size 51x18 [color=#0000EE]
                LayoutBlockFlow {IMG} at (121.97,0) size 50x34
              LayoutText {#text} at (171,20) size 5x18
                text run at (171,20) width 5: " "
              LayoutBlockFlow {INPUT} at (178.84,24) size 12x12
              LayoutInline {LABEL} at (0,0) size 42x18
                LayoutText {#text} at (193,20) size 42x18
                  text run at (193,20) width 42: "Africa"
              LayoutText {#text} at (234,20) size 5x18
                text run at (234,20) width 5: " "
          LayoutText {#text} at (0,0) size 0x0
          LayoutInline {DIV} at (0,0) size 204x18
            LayoutInline {DIV} at (0,0) size 204x18
              LayoutText {#text} at (0,0) size 0x0
              LayoutInline {A} at (0,0) size 51x18 [color=#0000EE]
                LayoutBlockFlow {IMG} at (238.58,0) size 50x34
              LayoutText {#text} at (288,20) size 5x18
                text run at (288,20) width 5: " "
              LayoutBlockFlow {INPUT} at (295.45,24) size 12x12
              LayoutInline {LABEL} at (0,0) size 128x18
                LayoutText {#text} at (310,20) size 128x18
                  text run at (310,20) width 128: "Alexander's Empire"
              LayoutText {#text} at (437,20) size 5x18
                text run at (437,20) width 5: " "
          LayoutText {#text} at (0,0) size 0x0
          LayoutInline {DIV} at (0,0) size 176x18
            LayoutInline {DIV} at (0,0) size 176x18
              LayoutText {#text} at (0,0) size 0x0
              LayoutInline {A} at (0,0) size 51x18 [color=#0000EE]
                LayoutBlockFlow {IMG} at (441.16,0) size 50x34
              LayoutText {#text} at (491,20) size 5x18
                text run at (491,20) width 5: " "
              LayoutBlockFlow {INPUT} at (498.03,24) size 12x12
              LayoutInline {LABEL} at (0,0) size 101x18
                LayoutText {#text} at (512,20) size 101x18
                  text run at (512,20) width 101: "Ancient Greece"
              LayoutText {#text} at (612,20) size 5x18
                text run at (612,20) width 5: " "
          LayoutText {#text} at (0,0) size 0x0
          LayoutInline {DIV} at (0,0) size 119x18
            LayoutInline {DIV} at (0,0) size 119x18
              LayoutText {#text} at (0,0) size 0x0
              LayoutInline {A} at (0,0) size 51x18 [color=#0000EE]
                LayoutBlockFlow {IMG} at (616.84,0) size 50x34
              LayoutText {#text} at (666,20) size 5x18
                text run at (666,20) width 5: " "
              LayoutBlockFlow {INPUT} at (673.72,24) size 12x12
              LayoutInline {LABEL} at (0,0) size 47x18
                LayoutText {#text} at (688,20) size 47x18
                  text run at (688,20) width 47: "Classic"
              LayoutText {#text} at (0,0) size 0x0
          LayoutText {#text} at (0,0) size 0x0
          LayoutInline {DIV} at (0,0) size 117x18
            LayoutInline {DIV} at (0,0) size 117x18
              LayoutText {#text} at (0,0) size 0x0
              LayoutInline {A} at (0,0) size 50x18 [color=#0000EE]
                LayoutBlockFlow {IMG} at (0,39) size 50x34
              LayoutText {#text} at (50,59) size 4x18
                text run at (50,59) width 4: " "
              LayoutBlockFlow {INPUT} at (56.88,63) size 12x12
              LayoutInline {LABEL} at (0,0) size 42x18
                LayoutText {#text} at (71,59) size 42x18
                  text run at (71,59) width 42: "Africa"
              LayoutText {#text} at (112,59) size 5x18
                text run at (112,59) width 5: " "
          LayoutText {#text} at (0,0) size 0x0
          LayoutInline {DIV} at (0,0) size 204x18
            LayoutInline {DIV} at (0,0) size 204x18
              LayoutText {#text} at (0,0) size 0x0
              LayoutInline {A} at (0,0) size 51x18 [color=#0000EE]
                LayoutBlockFlow {IMG} at (116.61,39) size 50x34
              LayoutText {#text} at (166,59) size 5x18
                text run at (166,59) width 5: " "
              LayoutBlockFlow {INPUT} at (173.48,63) size 12x12
              LayoutInline {LABEL} at (0,0) size 128x18
                LayoutText {#text} at (188,59) size 128x18
                  text run at (188,59) width 128: "Alexander's Empire"
              LayoutText {#text} at (315,59) size 5x18
                text run at (315,59) width 5: " "
          LayoutText {#text} at (0,0) size 0x0
          LayoutInline {DIV} at (0,0) size 176x18
            LayoutInline {DIV} at (0,0) size 176x18
              LayoutText {#text} at (0,0) size 0x0
              LayoutInline {A} at (0,0) size 51x18 [color=#0000EE]
                LayoutBlockFlow {IMG} at (319.19,39) size 50x34
              LayoutText {#text} at (369,59) size 5x18
                text run at (369,59) width 5: " "
              LayoutBlockFlow {INPUT} at (376.06,63) size 12x12
              LayoutInline {LABEL} at (0,0) size 101x18
                LayoutText {#text} at (390,59) size 101x18
                  text run at (390,59) width 101: "Ancient Greece"
              LayoutText {#text} at (490,59) size 5x18
                text run at (490,59) width 5: " "
          LayoutText {#text} at (0,0) size 0x0
          LayoutInline {DIV} at (0,0) size 123x18
            LayoutInline {DIV} at (0,0) size 123x18
              LayoutText {#text} at (0,0) size 0x0
              LayoutInline {A} at (0,0) size 51x18 [color=#0000EE]
                LayoutBlockFlow {IMG} at (494.88,39) size 50x34
              LayoutText {#text} at (544,59) size 5x18
                text run at (544,59) width 5: " "
              LayoutBlockFlow {INPUT} at (551.75,63) size 12x12
              LayoutInline {LABEL} at (0,0) size 47x18
                LayoutText {#text} at (566,59) size 47x18
                  text run at (566,59) width 47: "Classic"
              LayoutText {#text} at (612,59) size 5x18
                text run at (612,59) width 5: " "
          LayoutText {#text} at (0,0) size 0x0
          LayoutInline {DIV} at (0,0) size 114x18
            LayoutInline {DIV} at (0,0) size 114x18
              LayoutText {#text} at (0,0) size 0x0
              LayoutInline {A} at (0,0) size 51x18 [color=#0000EE]
                LayoutBlockFlow {IMG} at (616.84,39) size 50x34
              LayoutText {#text} at (666,59) size 5x18
                text run at (666,59) width 5: " "
              LayoutBlockFlow {INPUT} at (673.72,63) size 12x12
              LayoutInline {LABEL} at (0,0) size 42x18
                LayoutText {#text} at (688,59) size 42x18
                  text run at (688,59) width 42: "Africa"
              LayoutText {#text} at (0,0) size 0x0
          LayoutText {#text} at (0,0) size 0x0
          LayoutInline {DIV} at (0,0) size 203x18
            LayoutInline {DIV} at (0,0) size 203x18
              LayoutText {#text} at (0,0) size 0x0
              LayoutInline {A} at (0,0) size 50x18 [color=#0000EE]
                LayoutBlockFlow {IMG} at (0,78) size 50x34
              LayoutText {#text} at (50,98) size 4x18
                text run at (50,98) width 4: " "
              LayoutBlockFlow {INPUT} at (56.88,102) size 12x12
              LayoutInline {LABEL} at (0,0) size 128x18
                LayoutText {#text} at (71,98) size 128x18
                  text run at (71,98) width 128: "Alexander's Empire"
              LayoutText {#text} at (198,98) size 5x18
                text run at (198,98) width 5: " "
          LayoutText {#text} at (0,0) size 0x0
          LayoutInline {DIV} at (0,0) size 177x18
            LayoutInline {DIV} at (0,0) size 177x18
              LayoutText {#text} at (0,0) size 0x0
              LayoutInline {A} at (0,0) size 51x18 [color=#0000EE]
                LayoutBlockFlow {IMG} at (202.58,78) size 50x34
              LayoutText {#text} at (252,98) size 5x18
                text run at (252,98) width 5: " "
              LayoutBlockFlow {INPUT} at (259.45,102) size 12x12
              LayoutInline {LABEL} at (0,0) size 101x18
                LayoutText {#text} at (274,98) size 101x18
                  text run at (274,98) width 101: "Ancient Greece"
              LayoutText {#text} at (374,98) size 5x18
                text run at (374,98) width 5: " "
          LayoutText {#text} at (0,0) size 0x0
          LayoutInline {DIV} at (0,0) size 123x18
            LayoutInline {DIV} at (0,0) size 123x18
              LayoutText {#text} at (0,0) size 0x0
              LayoutInline {A} at (0,0) size 51x18 [color=#0000EE]
                LayoutBlockFlow {IMG} at (378.27,78) size 50x34
              LayoutText {#text} at (428,98) size 5x18
                text run at (428,98) width 5: " "
              LayoutBlockFlow {INPUT} at (435.14,102) size 12x12
              LayoutInline {LABEL} at (0,0) size 47x18
                LayoutText {#text} at (450,98) size 47x18
                  text run at (450,98) width 47: "Classic"
              LayoutText {#text} at (496,98) size 5x18
                text run at (496,98) width 5: " "
          LayoutText {#text} at (0,0) size 0x0
          LayoutInline {DIV} at (0,0) size 113x18
            LayoutInline {DIV} at (0,0) size 113x18
              LayoutText {#text} at (0,0) size 0x0
              LayoutInline {A} at (0,0) size 51x18 [color=#0000EE]
                LayoutBlockFlow {IMG} at (500.23,78) size 50x34
              LayoutText {#text} at (550,98) size 5x18
                text run at (550,98) width 5: " "
              LayoutBlockFlow {INPUT} at (557.11,102) size 12x12
              LayoutInline {LABEL} at (0,0) size 42x18
                LayoutText {#text} at (571,98) size 42x18
                  text run at (571,98) width 42: "Africa"
              LayoutText {#text} at (0,0) size 0x0
          LayoutText {#text} at (0,0) size 0x0
          LayoutInline {DIV} at (0,0) size 203x18
            LayoutInline {DIV} at (0,0) size 203x18
              LayoutText {#text} at (0,0) size 0x0
              LayoutInline {A} at (0,0) size 50x18 [color=#0000EE]
                LayoutBlockFlow {IMG} at (0,117) size 50x34
              LayoutText {#text} at (50,137) size 4x18
                text run at (50,137) width 4: " "
              LayoutBlockFlow {INPUT} at (56.88,141) size 12x12
              LayoutInline {LABEL} at (0,0) size 128x18
                LayoutText {#text} at (71,137) size 128x18
                  text run at (71,137) width 128: "Alexander's Empire"
              LayoutText {#text} at (198,137) size 5x18
                text run at (198,137) width 5: " "
          LayoutText {#text} at (0,0) size 0x0
          LayoutInline {DIV} at (0,0) size 177x18
            LayoutInline {DIV} at (0,0) size 177x18
              LayoutText {#text} at (0,0) size 0x0
              LayoutInline {A} at (0,0) size 51x18 [color=#0000EE]
                LayoutBlockFlow {IMG} at (202.58,117) size 50x34
              LayoutText {#text} at (252,137) size 5x18
                text run at (252,137) width 5: " "
              LayoutBlockFlow {INPUT} at (259.45,141) size 12x12
              LayoutInline {LABEL} at (0,0) size 101x18
                LayoutText {#text} at (274,137) size 101x18
                  text run at (274,137) width 101: "Ancient Greece"
              LayoutText {#text} at (374,137) size 5x18
                text run at (374,137) width 5: " "
          LayoutText {#text} at (0,0) size 0x0
          LayoutInline {DIV} at (0,0) size 123x18
            LayoutInline {DIV} at (0,0) size 123x18
              LayoutText {#text} at (0,0) size 0x0
              LayoutInline {A} at (0,0) size 51x18 [color=#0000EE]
                LayoutBlockFlow {IMG} at (378.27,117) size 50x34
              LayoutText {#text} at (428,137) size 5x18
                text run at (428,137) width 5: " "
              LayoutBlockFlow {INPUT} at (435.14,141) size 12x12
              LayoutInline {LABEL} at (0,0) size 47x18
                LayoutText {#text} at (450,137) size 47x18
                  text run at (450,137) width 47: "Classic"
              LayoutText {#text} at (496,137) size 5x18
                text run at (496,137) width 5: " "
          LayoutText {#text} at (0,0) size 0x0
          LayoutInline {DIV} at (0,0) size 113x18
            LayoutInline {DIV} at (0,0) size 113x18
              LayoutText {#text} at (0,0) size 0x0
              LayoutInline {A} at (0,0) size 51x18 [color=#0000EE]
                LayoutBlockFlow {IMG} at (500.23,117) size 50x34
              LayoutText {#text} at (550,137) size 5x18
                text run at (550,137) width 5: " "
              LayoutBlockFlow {INPUT} at (557.11,141) size 12x12
              LayoutInline {LABEL} at (0,0) size 42x18
                LayoutText {#text} at (571,137) size 42x18
                  text run at (571,137) width 42: "Africa"
              LayoutText {#text} at (0,0) size 0x0
          LayoutText {#text} at (0,0) size 0x0
          LayoutInline {DIV} at (0,0) size 203x18
            LayoutInline {DIV} at (0,0) size 203x18
              LayoutText {#text} at (0,0) size 0x0
              LayoutInline {A} at (0,0) size 50x18 [color=#0000EE]
                LayoutBlockFlow {IMG} at (0,156) size 50x34
              LayoutText {#text} at (50,176) size 4x18
                text run at (50,176) width 4: " "
              LayoutBlockFlow {INPUT} at (56.88,180) size 12x12
              LayoutInline {LABEL} at (0,0) size 128x18
                LayoutText {#text} at (71,176) size 128x18
                  text run at (71,176) width 128: "Alexander's Empire"
              LayoutText {#text} at (198,176) size 5x18
                text run at (198,176) width 5: " "
          LayoutText {#text} at (0,0) size 0x0
          LayoutInline {DIV} at (0,0) size 177x18
            LayoutInline {DIV} at (0,0) size 177x18
              LayoutText {#text} at (0,0) size 0x0
              LayoutInline {A} at (0,0) size 51x18 [color=#0000EE]
                LayoutBlockFlow {IMG} at (202.58,156) size 50x34
              LayoutText {#text} at (252,176) size 5x18
                text run at (252,176) width 5: " "
              LayoutBlockFlow {INPUT} at (259.45,180) size 12x12
              LayoutInline {LABEL} at (0,0) size 101x18
                LayoutText {#text} at (274,176) size 101x18
                  text run at (274,176) width 101: "Ancient Greece"
              LayoutText {#text} at (374,176) size 5x18
                text run at (374,176) width 5: " "
          LayoutText {#text} at (0,0) size 0x0
          LayoutInline {DIV} at (0,0) size 123x18
            LayoutInline {DIV} at (0,0) size 123x18
              LayoutText {#text} at (0,0) size 0x0
              LayoutInline {A} at (0,0) size 51x18 [color=#0000EE]
                LayoutBlockFlow {IMG} at (378.27,156) size 50x34
              LayoutText {#text} at (428,176) size 5x18
                text run at (428,176) width 5: " "
              LayoutBlockFlow {INPUT} at (435.14,180) size 12x12
              LayoutInline {LABEL} at (0,0) size 47x18
                LayoutText {#text} at (450,176) size 47x18
                  text run at (450,176) width 47: "Classic"
              LayoutText {#text} at (496,176) size 5x18
                text run at (496,176) width 5: " "
          LayoutText {#text} at (0,0) size 0x0
          LayoutInline {DIV} at (0,0) size 113x18
            LayoutInline {DIV} at (0,0) size 113x18
              LayoutText {#text} at (0,0) size 0x0
              LayoutInline {A} at (0,0) size 51x18 [color=#0000EE]
                LayoutBlockFlow {IMG} at (500.23,156) size 50x34
              LayoutText {#text} at (550,176) size 5x18
                text run at (550,176) width 5: " "
              LayoutBlockFlow {INPUT} at (557.11,180) size 12x12
              LayoutInline {LABEL} at (0,0) size 42x18
                LayoutText {#text} at (571,176) size 42x18
                  text run at (571,176) width 42: "Africa"
              LayoutText {#text} at (0,0) size 0x0
          LayoutText {#text} at (0,0) size 0x0
          LayoutInline {DIV} at (0,0) size 203x18
            LayoutInline {DIV} at (0,0) size 203x18
              LayoutText {#text} at (0,0) size 0x0
              LayoutInline {A} at (0,0) size 50x18 [color=#0000EE]
                LayoutBlockFlow {IMG} at (0,195) size 50x34
              LayoutText {#text} at (50,215) size 4x18
                text run at (50,215) width 4: " "
              LayoutBlockFlow {INPUT} at (56.88,219) size 12x12
              LayoutInline {LABEL} at (0,0) size 128x18
                LayoutText {#text} at (71,215) size 128x18
                  text run at (71,215) width 128: "Alexander's Empire"
              LayoutText {#text} at (198,215) size 5x18
                text run at (198,215) width 5: " "
          LayoutText {#text} at (0,0) size 0x0
          LayoutInline {DIV} at (0,0) size 177x18
            LayoutInline {DIV} at (0,0) size 177x18
              LayoutText {#text} at (0,0) size 0x0
              LayoutInline {A} at (0,0) size 51x18 [color=#0000EE]
                LayoutBlockFlow {IMG} at (202.58,195) size 50x34
              LayoutText {#text} at (252,215) size 5x18
                text run at (252,215) width 5: " "
              LayoutBlockFlow {INPUT} at (259.45,219) size 12x12
              LayoutInline {LABEL} at (0,0) size 101x18
                LayoutText {#text} at (274,215) size 101x18
                  text run at (274,215) width 101: "Ancient Greece"
              LayoutText {#text} at (374,215) size 5x18
                text run at (374,215) width 5: " "
          LayoutText {#text} at (0,0) size 0x0
          LayoutInline {DIV} at (0,0) size 123x18
            LayoutInline {DIV} at (0,0) size 123x18
              LayoutText {#text} at (0,0) size 0x0
              LayoutInline {A} at (0,0) size 51x18 [color=#0000EE]
                LayoutBlockFlow {IMG} at (378.27,195) size 50x34
              LayoutText {#text} at (428,215) size 5x18
                text run at (428,215) width 5: " "
              LayoutBlockFlow {INPUT} at (435.14,219) size 12x12
              LayoutInline {LABEL} at (0,0) size 47x18
                LayoutText {#text} at (450,215) size 47x18
                  text run at (450,215) width 47: "Classic"
              LayoutText {#text} at (496,215) size 5x18
                text run at (496,215) width 5: " "
          LayoutText {#text} at (0,0) size 0x0
          LayoutInline {DIV} at (0,0) size 113x18
            LayoutInline {DIV} at (0,0) size 113x18
              LayoutText {#text} at (0,0) size 0x0
              LayoutInline {A} at (0,0) size 51x18 [color=#0000EE]
                LayoutBlockFlow {IMG} at (500.23,195) size 50x34
              LayoutText {#text} at (550,215) size 5x18
                text run at (550,215) width 5: " "
              LayoutBlockFlow {INPUT} at (557.11,219) size 12x12
              LayoutInline {LABEL} at (0,0) size 42x18
                LayoutText {#text} at (571,215) size 42x18
                  text run at (571,215) width 42: "Africa"
              LayoutText {#text} at (0,0) size 0x0
          LayoutText {#text} at (0,0) size 0x0
          LayoutInline {DIV} at (0,0) size 203x18
            LayoutInline {DIV} at (0,0) size 203x18
              LayoutText {#text} at (0,0) size 0x0
              LayoutInline {A} at (0,0) size 50x18 [color=#0000EE]
                LayoutBlockFlow {IMG} at (0,234) size 50x34
              LayoutText {#text} at (50,254) size 4x18
                text run at (50,254) width 4: " "
              LayoutBlockFlow {INPUT} at (56.88,258) size 12x12
              LayoutInline {LABEL} at (0,0) size 128x18
                LayoutText {#text} at (71,254) size 128x18
                  text run at (71,254) width 128: "Alexander's Empire"
              LayoutText {#text} at (198,254) size 5x18
                text run at (198,254) width 5: " "
          LayoutText {#text} at (0,0) size 0x0
          LayoutInline {DIV} at (0,0) size 177x18
            LayoutInline {DIV} at (0,0) size 177x18
              LayoutText {#text} at (0,0) size 0x0
              LayoutInline {A} at (0,0) size 51x18 [color=#0000EE]
                LayoutBlockFlow {IMG} at (202.58,234) size 50x34
              LayoutText {#text} at (252,254) size 5x18
                text run at (252,254) width 5: " "
              LayoutBlockFlow {INPUT} at (259.45,258) size 12x12
              LayoutInline {LABEL} at (0,0) size 101x18
                LayoutText {#text} at (274,254) size 101x18
                  text run at (274,254) width 101: "Ancient Greece"
              LayoutText {#text} at (374,254) size 5x18
                text run at (374,254) width 5: " "
          LayoutText {#text} at (0,0) size 0x0
          LayoutInline {DIV} at (0,0) size 123x18
            LayoutInline {DIV} at (0,0) size 123x18
              LayoutText {#text} at (0,0) size 0x0
              LayoutInline {A} at (0,0) size 51x18 [color=#0000EE]
                LayoutBlockFlow {IMG} at (378.27,234) size 50x34
              LayoutText {#text} at (428,254) size 5x18
                text run at (428,254) width 5: " "
              LayoutBlockFlow {INPUT} at (435.14,258) size 12x12
              LayoutInline {LABEL} at (0,0) size 47x18
                LayoutText {#text} at (450,254) size 47x18
                  text run at (450,254) width 47: "Classic"
              LayoutText {#text} at (496,254) size 5x18
                text run at (496,254) width 5: " "
          LayoutText {#text} at (0,0) size 0x0
          LayoutInline {DIV} at (0,0) size 113x18
            LayoutInline {DIV} at (0,0) size 113x18
              LayoutText {#text} at (0,0) size 0x0
              LayoutInline {A} at (0,0) size 51x18 [color=#0000EE]
                LayoutBlockFlow {IMG} at (500.23,234) size 50x34
              LayoutText {#text} at (550,254) size 5x18
                text run at (550,254) width 5: " "
              LayoutBlockFlow {INPUT} at (557.11,258) size 12x12
              LayoutInline {LABEL} at (0,0) size 42x18
                LayoutText {#text} at (571,254) size 42x18
                  text run at (571,254) width 42: "Africa"
              LayoutText {#text} at (0,0) size 0x0
          LayoutText {#text} at (0,0) size 0x0
          LayoutInline {DIV} at (0,0) size 203x18
            LayoutInline {DIV} at (0,0) size 203x18
              LayoutText {#text} at (0,0) size 0x0
              LayoutInline {A} at (0,0) size 50x18 [color=#0000EE]
                LayoutBlockFlow {IMG} at (0,273) size 50x34
              LayoutText {#text} at (50,293) size 4x18
                text run at (50,293) width 4: " "
              LayoutBlockFlow {INPUT} at (56.88,297) size 12x12
              LayoutInline {LABEL} at (0,0) size 128x18
                LayoutText {#text} at (71,293) size 128x18
                  text run at (71,293) width 128: "Alexander's Empire"
              LayoutText {#text} at (198,293) size 5x18
                text run at (198,293) width 5: " "
          LayoutText {#text} at (0,0) size 0x0
          LayoutInline {DIV} at (0,0) size 177x18
            LayoutInline {DIV} at (0,0) size 177x18
              LayoutText {#text} at (0,0) size 0x0
              LayoutInline {A} at (0,0) size 51x18 [color=#0000EE]
                LayoutBlockFlow {IMG} at (202.58,273) size 50x34
              LayoutText {#text} at (252,293) size 5x18
                text run at (252,293) width 5: " "
              LayoutBlockFlow {INPUT} at (259.45,297) size 12x12
              LayoutInline {LABEL} at (0,0) size 101x18
                LayoutText {#text} at (274,293) size 101x18
                  text run at (274,293) width 101: "Ancient Greece"
              LayoutText {#text} at (374,293) size 5x18
                text run at (374,293) width 5: " "
          LayoutText {#text} at (0,0) size 0x0
          LayoutInline {DIV} at (0,0) size 123x18
            LayoutInline {DIV} at (0,0) size 123x18
              LayoutText {#text} at (0,0) size 0x0
              LayoutInline {A} at (0,0) size 51x18 [color=#0000EE]
                LayoutBlockFlow {IMG} at (378.27,273) size 50x34
              LayoutText {#text} at (428,293) size 5x18
                text run at (428,293) width 5: " "
              LayoutBlockFlow {INPUT} at (435.14,297) size 12x12
              LayoutInline {LABEL} at (0,0) size 47x18
                LayoutText {#text} at (450,293) size 47x18
                  text run at (450,293) width 47: "Classic"
              LayoutText {#text} at (496,293) size 5x18
                text run at (496,293) width 5: " "
          LayoutText {#text} at (0,0) size 0x0
          LayoutInline {DIV} at (0,0) size 113x18
            LayoutInline {DIV} at (0,0) size 113x18
              LayoutText {#text} at (0,0) size 0x0
              LayoutInline {A} at (0,0) size 51x18 [color=#0000EE]
                LayoutBlockFlow {IMG} at (500.23,273) size 50x34
              LayoutText {#text} at (550,293) size 5x18
                text run at (550,293) width 5: " "
              LayoutBlockFlow {INPUT} at (557.11,297) size 12x12
              LayoutInline {LABEL} at (0,0) size 42x18
                LayoutText {#text} at (571,293) size 42x18
                  text run at (571,293) width 42: "Africa"
              LayoutText {#text} at (0,0) size 0x0
          LayoutText {#text} at (0,0) size 0x0
          LayoutInline {DIV} at (0,0) size 203x18
            LayoutInline {DIV} at (0,0) size 203x18
              LayoutText {#text} at (0,0) size 0x0
              LayoutInline {A} at (0,0) size 50x18 [color=#0000EE]
                LayoutBlockFlow {IMG} at (0,312) size 50x34
              LayoutText {#text} at (50,332) size 4x18
                text run at (50,332) width 4: " "
              LayoutBlockFlow {INPUT} at (56.88,336) size 12x12
              LayoutInline {LABEL} at (0,0) size 128x18
                LayoutText {#text} at (71,332) size 128x18
                  text run at (71,332) width 128: "Alexander's Empire"
              LayoutText {#text} at (198,332) size 5x18
                text run at (198,332) width 5: " "
          LayoutText {#text} at (0,0) size 0x0
          LayoutInline {DIV} at (0,0) size 173x18
            LayoutInline {DIV} at (0,0) size 173x18
              LayoutText {#text} at (0,0) size 0x0
              LayoutInline {A} at (0,0) size 51x18 [color=#0000EE]
                LayoutBlockFlow {IMG} at (202.58,312) size 50x34
              LayoutText {#text} at (252,332) size 5x18
                text run at (252,332) width 5: " "
              LayoutBlockFlow {INPUT} at (259.45,336) size 12x12
              LayoutInline {LABEL} at (0,0) size 101x18
                LayoutText {#text} at (274,332) size 101x18
                  text run at (274,332) width 101: "Ancient Greece"
              LayoutText {#text} at (0,0) size 0x0
          LayoutText {#text} at (0,0) size 0x0
layer at (24,16) size 50x34 clip at (25,17) size 48x32
  LayoutBlockFlow {DIV} at (0,0) size 50x34 [border: (1px solid #C0C0C0)]
    LayoutImage (floating) {IMG} at (2,2) size 16x16
layer at (42,18) size 30x18 scrollWidth 46
  LayoutBlockFlow {DIV} at (18,2) size 30x18
    LayoutText {#text} at (0,0) size 47x18
      text run at (0,0) width 47: "Classic"
layer at (146,16) size 50x34 clip at (147,17) size 48x32
  LayoutBlockFlow {DIV} at (0,0) size 50x34 [border: (1px solid #C0C0C0)]
    LayoutImage (floating) {IMG} at (2,2) size 16x16
layer at (164,18) size 30x18 scrollWidth 41
  LayoutBlockFlow {DIV} at (18,2) size 30x18
    LayoutText {#text} at (0,0) size 41x18
      text run at (0,0) width 41: "Africa"
layer at (263,16) size 50x34 clip at (264,17) size 48x32
  LayoutBlockFlow {DIV} at (0,0) size 50x34 [border: (1px solid #C0C0C0)]
    LayoutImage (floating) {IMG} at (2,2) size 16x16
layer at (281,18) size 30x18 scrollWidth 127
  LayoutBlockFlow {DIV} at (18,2) size 30x18
    LayoutText {#text} at (0,0) size 127x18
      text run at (0,0) width 127: "Alexander's Empire"
layer at (465,16) size 50x34 clip at (466,17) size 48x32
  LayoutBlockFlow {DIV} at (0,0) size 50x34 [border: (1px solid #C0C0C0)]
    LayoutImage (floating) {IMG} at (2,2) size 16x16
layer at (483,18) size 30x18 scrollWidth 100
  LayoutBlockFlow {DIV} at (18,2) size 30x18
    LayoutText {#text} at (0,0) size 100x18
      text run at (0,0) width 100: "Ancient Greece"
layer at (641,16) size 50x34 clip at (642,17) size 48x32
  LayoutBlockFlow {DIV} at (0,0) size 50x34 [border: (1px solid #C0C0C0)]
    LayoutImage (floating) {IMG} at (2,2) size 16x16
layer at (659,18) size 30x18 scrollWidth 46
  LayoutBlockFlow {DIV} at (18,2) size 30x18
    LayoutText {#text} at (0,0) size 47x18
      text run at (0,0) width 47: "Classic"
layer at (24,55) size 50x34 clip at (25,56) size 48x32
  LayoutBlockFlow {DIV} at (0,0) size 50x34 [border: (1px solid #C0C0C0)]
    LayoutImage (floating) {IMG} at (2,2) size 16x16
layer at (42,57) size 30x18 scrollWidth 41
  LayoutBlockFlow {DIV} at (18,2) size 30x18
    LayoutText {#text} at (0,0) size 41x18
      text run at (0,0) width 41: "Africa"
layer at (141,55) size 50x34 clip at (142,56) size 48x32
  LayoutBlockFlow {DIV} at (0,0) size 50x34 [border: (1px solid #C0C0C0)]
    LayoutImage (floating) {IMG} at (2,2) size 16x16
layer at (159,57) size 30x18 scrollWidth 127
  LayoutBlockFlow {DIV} at (18,2) size 30x18
    LayoutText {#text} at (0,0) size 127x18
      text run at (0,0) width 127: "Alexander's Empire"
layer at (343,55) size 50x34 clip at (344,56) size 48x32
  LayoutBlockFlow {DIV} at (0,0) size 50x34 [border: (1px solid #C0C0C0)]
    LayoutImage (floating) {IMG} at (2,2) size 16x16
layer at (361,57) size 30x18 scrollWidth 100
  LayoutBlockFlow {DIV} at (18,2) size 30x18
    LayoutText {#text} at (0,0) size 100x18
      text run at (0,0) width 100: "Ancient Greece"
layer at (519,55) size 50x34 clip at (520,56) size 48x32
  LayoutBlockFlow {DIV} at (0,0) size 50x34 [border: (1px solid #C0C0C0)]
    LayoutImage (floating) {IMG} at (2,2) size 16x16
layer at (537,57) size 30x18 scrollWidth 46
  LayoutBlockFlow {DIV} at (18,2) size 30x18
    LayoutText {#text} at (0,0) size 47x18
      text run at (0,0) width 47: "Classic"
layer at (641,55) size 50x34 clip at (642,56) size 48x32
  LayoutBlockFlow {DIV} at (0,0) size 50x34 [border: (1px solid #C0C0C0)]
    LayoutImage (floating) {IMG} at (2,2) size 16x16
layer at (659,57) size 30x18 scrollWidth 41
  LayoutBlockFlow {DIV} at (18,2) size 30x18
    LayoutText {#text} at (0,0) size 41x18
      text run at (0,0) width 41: "Africa"
layer at (24,94) size 50x34 clip at (25,95) size 48x32
  LayoutBlockFlow {DIV} at (0,0) size 50x34 [border: (1px solid #C0C0C0)]
    LayoutImage (floating) {IMG} at (2,2) size 16x16
layer at (42,96) size 30x18 scrollWidth 127
  LayoutBlockFlow {DIV} at (18,2) size 30x18
    LayoutText {#text} at (0,0) size 127x18
      text run at (0,0) width 127: "Alexander's Empire"
layer at (227,94) size 50x34 clip at (228,95) size 48x32
  LayoutBlockFlow {DIV} at (0,0) size 50x34 [border: (1px solid #C0C0C0)]
    LayoutImage (floating) {IMG} at (2,2) size 16x16
layer at (245,96) size 30x18 scrollWidth 100
  LayoutBlockFlow {DIV} at (18,2) size 30x18
    LayoutText {#text} at (0,0) size 100x18
      text run at (0,0) width 100: "Ancient Greece"
layer at (402,94) size 50x34 clip at (403,95) size 48x32
  LayoutBlockFlow {DIV} at (0,0) size 50x34 [border: (1px solid #C0C0C0)]
    LayoutImage (floating) {IMG} at (2,2) size 16x16
layer at (420,96) size 30x18 scrollWidth 46
  LayoutBlockFlow {DIV} at (18,2) size 30x18
    LayoutText {#text} at (0,0) size 47x18
      text run at (0,0) width 47: "Classic"
layer at (524,94) size 50x34 clip at (525,95) size 48x32
  LayoutBlockFlow {DIV} at (0,0) size 50x34 [border: (1px solid #C0C0C0)]
    LayoutImage (floating) {IMG} at (2,2) size 16x16
layer at (542,96) size 30x18 scrollWidth 41
  LayoutBlockFlow {DIV} at (18,2) size 30x18
    LayoutText {#text} at (0,0) size 41x18
      text run at (0,0) width 41: "Africa"
layer at (24,133) size 50x34 clip at (25,134) size 48x32
  LayoutBlockFlow {DIV} at (0,0) size 50x34 [border: (1px solid #C0C0C0)]
    LayoutImage (floating) {IMG} at (2,2) size 16x16
layer at (42,135) size 30x18 scrollWidth 127
  LayoutBlockFlow {DIV} at (18,2) size 30x18
    LayoutText {#text} at (0,0) size 127x18
      text run at (0,0) width 127: "Alexander's Empire"
layer at (227,133) size 50x34 clip at (228,134) size 48x32
  LayoutBlockFlow {DIV} at (0,0) size 50x34 [border: (1px solid #C0C0C0)]
    LayoutImage (floating) {IMG} at (2,2) size 16x16
layer at (245,135) size 30x18 scrollWidth 100
  LayoutBlockFlow {DIV} at (18,2) size 30x18
    LayoutText {#text} at (0,0) size 100x18
      text run at (0,0) width 100: "Ancient Greece"
layer at (402,133) size 50x34 clip at (403,134) size 48x32
  LayoutBlockFlow {DIV} at (0,0) size 50x34 [border: (1px solid #C0C0C0)]
    LayoutImage (floating) {IMG} at (2,2) size 16x16
layer at (420,135) size 30x18 scrollWidth 46
  LayoutBlockFlow {DIV} at (18,2) size 30x18
    LayoutText {#text} at (0,0) size 47x18
      text run at (0,0) width 47: "Classic"
layer at (524,133) size 50x34 clip at (525,134) size 48x32
  LayoutBlockFlow {DIV} at (0,0) size 50x34 [border: (1px solid #C0C0C0)]
    LayoutImage (floating) {IMG} at (2,2) size 16x16
layer at (542,135) size 30x18 scrollWidth 41
  LayoutBlockFlow {DIV} at (18,2) size 30x18
    LayoutText {#text} at (0,0) size 41x18
      text run at (0,0) width 41: "Africa"
layer at (24,172) size 50x34 clip at (25,173) size 48x32
  LayoutBlockFlow {DIV} at (0,0) size 50x34 [border: (1px solid #C0C0C0)]
    LayoutImage (floating) {IMG} at (2,2) size 16x16
layer at (42,174) size 30x18 scrollWidth 127
  LayoutBlockFlow {DIV} at (18,2) size 30x18
    LayoutText {#text} at (0,0) size 127x18
      text run at (0,0) width 127: "Alexander's Empire"
layer at (227,172) size 50x34 clip at (228,173) size 48x32
  LayoutBlockFlow {DIV} at (0,0) size 50x34 [border: (1px solid #C0C0C0)]
    LayoutImage (floating) {IMG} at (2,2) size 16x16
layer at (245,174) size 30x18 scrollWidth 100
  LayoutBlockFlow {DIV} at (18,2) size 30x18
    LayoutText {#text} at (0,0) size 100x18
      text run at (0,0) width 100: "Ancient Greece"
layer at (402,172) size 50x34 clip at (403,173) size 48x32
  LayoutBlockFlow {DIV} at (0,0) size 50x34 [border: (1px solid #C0C0C0)]
    LayoutImage (floating) {IMG} at (2,2) size 16x16
layer at (420,174) size 30x18 scrollWidth 46
  LayoutBlockFlow {DIV} at (18,2) size 30x18
    LayoutText {#text} at (0,0) size 47x18
      text run at (0,0) width 47: "Classic"
layer at (524,172) size 50x34 clip at (525,173) size 48x32
  LayoutBlockFlow {DIV} at (0,0) size 50x34 [border: (1px solid #C0C0C0)]
    LayoutImage (floating) {IMG} at (2,2) size 16x16
layer at (542,174) size 30x18 scrollWidth 41
  LayoutBlockFlow {DIV} at (18,2) size 30x18
    LayoutText {#text} at (0,0) size 41x18
      text run at (0,0) width 41: "Africa"
layer at (24,211) size 50x34 clip at (25,212) size 48x32
  LayoutBlockFlow {DIV} at (0,0) size 50x34 [border: (1px solid #C0C0C0)]
    LayoutImage (floating) {IMG} at (2,2) size 16x16
layer at (42,213) size 30x18 scrollWidth 127
  LayoutBlockFlow {DIV} at (18,2) size 30x18
    LayoutText {#text} at (0,0) size 127x18
      text run at (0,0) width 127: "Alexander's Empire"
layer at (227,211) size 50x34 clip at (228,212) size 48x32
  LayoutBlockFlow {DIV} at (0,0) size 50x34 [border: (1px solid #C0C0C0)]
    LayoutImage (floating) {IMG} at (2,2) size 16x16
layer at (245,213) size 30x18 scrollWidth 100
  LayoutBlockFlow {DIV} at (18,2) size 30x18
    LayoutText {#text} at (0,0) size 100x18
      text run at (0,0) width 100: "Ancient Greece"
layer at (402,211) size 50x34 clip at (403,212) size 48x32
  LayoutBlockFlow {DIV} at (0,0) size 50x34 [border: (1px solid #C0C0C0)]
    LayoutImage (floating) {IMG} at (2,2) size 16x16
layer at (420,213) size 30x18 scrollWidth 46
  LayoutBlockFlow {DIV} at (18,2) size 30x18
    LayoutText {#text} at (0,0) size 47x18
      text run at (0,0) width 47: "Classic"
layer at (524,211) size 50x34 clip at (525,212) size 48x32
  LayoutBlockFlow {DIV} at (0,0) size 50x34 [border: (1px solid #C0C0C0)]
    LayoutImage (floating) {IMG} at (2,2) size 16x16
layer at (542,213) size 30x18 scrollWidth 41
  LayoutBlockFlow {DIV} at (18,2) size 30x18
    LayoutText {#text} at (0,0) size 41x18
      text run at (0,0) width 41: "Africa"
layer at (24,250) size 50x34 clip at (25,251) size 48x32
  LayoutBlockFlow {DIV} at (0,0) size 50x34 [border: (1px solid #C0C0C0)]
    LayoutImage (floating) {IMG} at (2,2) size 16x16
layer at (42,252) size 30x18 scrollWidth 127
  LayoutBlockFlow {DIV} at (18,2) size 30x18
    LayoutText {#text} at (0,0) size 127x18
      text run at (0,0) width 127: "Alexander's Empire"
layer at (227,250) size 50x34 clip at (228,251) size 48x32
  LayoutBlockFlow {DIV} at (0,0) size 50x34 [border: (1px solid #C0C0C0)]
    LayoutImage (floating) {IMG} at (2,2) size 16x16
layer at (245,252) size 30x18 scrollWidth 100
  LayoutBlockFlow {DIV} at (18,2) size 30x18
    LayoutText {#text} at (0,0) size 100x18
      text run at (0,0) width 100: "Ancient Greece"
layer at (402,250) size 50x34 clip at (403,251) size 48x32
  LayoutBlockFlow {DIV} at (0,0) size 50x34 [border: (1px solid #C0C0C0)]
    LayoutImage (floating) {IMG} at (2,2) size 16x16
layer at (420,252) size 30x18 scrollWidth 46
  LayoutBlockFlow {DIV} at (18,2) size 30x18
    LayoutText {#text} at (0,0) size 47x18
      text run at (0,0) width 47: "Classic"
layer at (524,250) size 50x34 clip at (525,251) size 48x32
  LayoutBlockFlow {DIV} at (0,0) size 50x34 [border: (1px solid #C0C0C0)]
    LayoutImage (floating) {IMG} at (2,2) size 16x16
layer at (542,252) size 30x18 scrollWidth 41
  LayoutBlockFlow {DIV} at (18,2) size 30x18
    LayoutText {#text} at (0,0) size 41x18
      text run at (0,0) width 41: "Africa"
layer at (24,289) size 50x34 clip at (25,290) size 48x32
  LayoutBlockFlow {DIV} at (0,0) size 50x34 [border: (1px solid #C0C0C0)]
    LayoutImage (floating) {IMG} at (2,2) size 16x16
layer at (42,291) size 30x18 scrollWidth 127
  LayoutBlockFlow {DIV} at (18,2) size 30x18
    LayoutText {#text} at (0,0) size 127x18
      text run at (0,0) width 127: "Alexander's Empire"
layer at (227,289) size 50x34 clip at (228,290) size 48x32
  LayoutBlockFlow {DIV} at (0,0) size 50x34 [border: (1px solid #C0C0C0)]
    LayoutImage (floating) {IMG} at (2,2) size 16x16
layer at (245,291) size 30x18 scrollWidth 100
  LayoutBlockFlow {DIV} at (18,2) size 30x18
    LayoutText {#text} at (0,0) size 100x18
      text run at (0,0) width 100: "Ancient Greece"
layer at (402,289) size 50x34 clip at (403,290) size 48x32
  LayoutBlockFlow {DIV} at (0,0) size 50x34 [border: (1px solid #C0C0C0)]
    LayoutImage (floating) {IMG} at (2,2) size 16x16
layer at (420,291) size 30x18 scrollWidth 46
  LayoutBlockFlow {DIV} at (18,2) size 30x18
    LayoutText {#text} at (0,0) size 47x18
      text run at (0,0) width 47: "Classic"
layer at (524,289) size 50x34 clip at (525,290) size 48x32
  LayoutBlockFlow {DIV} at (0,0) size 50x34 [border: (1px solid #C0C0C0)]
    LayoutImage (floating) {IMG} at (2,2) size 16x16
layer at (542,291) size 30x18 scrollWidth 41
  LayoutBlockFlow {DIV} at (18,2) size 30x18
    LayoutText {#text} at (0,0) size 41x18
      text run at (0,0) width 41: "Africa"
layer at (24,328) size 50x34 clip at (25,329) size 48x32
  LayoutBlockFlow {DIV} at (0,0) size 50x34 [border: (1px solid #C0C0C0)]
    LayoutImage (floating) {IMG} at (2,2) size 16x16
layer at (42,330) size 30x18 scrollWidth 127
  LayoutBlockFlow {DIV} at (18,2) size 30x18
    LayoutText {#text} at (0,0) size 127x18
      text run at (0,0) width 127: "Alexander's Empire"
layer at (227,328) size 50x34 clip at (228,329) size 48x32
  LayoutBlockFlow {DIV} at (0,0) size 50x34 [border: (1px solid #C0C0C0)]
    LayoutImage (floating) {IMG} at (2,2) size 16x16
layer at (245,330) size 30x18 scrollWidth 100
  LayoutBlockFlow {DIV} at (18,2) size 30x18
    LayoutText {#text} at (0,0) size 100x18
      text run at (0,0) width 100: "Ancient Greece"
