layer at (0,0) size 800x600
  LayoutView at (0,0) size 800x600
layer at (0,0) size 800x600
  LayoutBlockFlow {HTML} at (0,0) size 800x600
    LayoutBlockFlow {BODY} at (8,8) size 784x584
      LayoutBlockFlow {P} at (0,0) size 784x36
        LayoutText {#text} at (0,0) size 744x36
          text run at (0,0) width 744: "This test ensures selection that crosses the shadow DOM boundary of a readonly input element cannot be made by a"
          text run at (0,18) width 79: "mouse drag."
      LayoutBlockFlow {P} at (0,52) size 784x36
        LayoutText {#text} at (0,0) size 766x36
          text run at (0,0) width 766: "To manually test, select text by a mouse drag starting in \"world\" and ending in \"hello\". Selection should not extend into"
          text run at (0,18) width 116: "the input element."
      LayoutBlockFlow {DIV} at (0,104) size 784x24
        LayoutTextControl {INPUT} at (0,0) size 58.95x24 [bgcolor=#FFFFFF] [border: (2px inset #EEEEEE)]
        LayoutText {#text} at (58,4) size 5x18
          text run at (58,4) width 5: " "
        LayoutInline {SPAN} at (0,0) size 39x18
          LayoutText {#text} at (62,4) size 39x18
            text run at (62,4) width 39: "world"
        LayoutText {#text} at (0,0) size 0x0
layer at (11,115) size 53x18
  LayoutBlockFlow {DIV} at (3,3) size 52.95x18
    LayoutText {#text} at (0,0) size 37x18
      text run at (0,0) width 37: "hello"
selection start: position 0 of child 2 {#text} of child 5 {DIV} of body
selection end:   position 2 of child 0 {#text} of child 3 {SPAN} of child 5 {DIV} of body
