layer at (0,0) size 800x600
  LayoutView at (0,0) size 800x600
layer at (0,0) size 800x600
  LayoutNGBlockFlow {HTML} at (0,0) size 800x600
    LayoutNGBlockFlow {BODY} at (8,8) size 784x584
      LayoutNGBlockFlow (floating) {DIV} at (0,0) size 50x400 [bgcolor=#008000]
      LayoutNGFieldset {FIELDSET} at (50,0) size 732x57.59 [border: (2px groove #C0C0C0)]
        LayoutNGBlockFlow (anonymous) at (2,20) size 728x35.59
          LayoutNGBlockFlow {LEGEND} at (12,-20) size 80x20
            LayoutText {#text} at (2,0) size 76x19
              text run at (2,0) width 76: "Hello world"
          LayoutNGBlockFlow (anonymous) at (12,5.59) size 704x20
            LayoutText {#text} at (0,0) size 139x19
              text run at (0,0) width 139: "Some fieldset content."
