layer at (0,0) size 800x600 scrollWidth 880 scrollHeight 1239
  LayoutView at (0,0) size 800x600
layer at (0,0) size 800x1239 backgroundClip at (0,0) size 800x600 clip at (0,0) size 800x600
  LayoutBlockFlow {HTML} at (0,0) size 800x1238.53
    LayoutBlockFlow {BODY} at (8,8) size 784x1222.53 [bgcolor=#CCCCCC]
      LayoutBlockFlow {P} at (0,0) size 784x20
        LayoutText {#text} at (0,0) size 337x19
          text run at (0,0) width 337: "The style declarations which apply to the text below are:"
      LayoutBlockFlow {PRE} at (0,36) size 784x32
        LayoutText {#text} at (0,0) size 872x32
          text run at (0,0) width 872: "BODY {background-image: url(../resources/bg.gif); background-repeat: repeat-x; background-attachment: fixed;}"
          text run at (872,0) width 0: " "
          text run at (0,16) width 0: " "
      LayoutBlockFlow {P} at (0,99) size 784x100
        LayoutText {#text} at (0,0) size 769x99
          text run at (0,0) width 768: "This document should have a green grid-pattern line across the top of the page (or at least a tiled background) which does NOT"
          text run at (0,20) width 154: "scroll with the document. "
          text run at (154,20) width 615: "It should, instead, appear to be a fixed pattern past which the content scrolls, even when the end of the"
          text run at (0,40) width 102: "page is reached. "
          text run at (102,40) width 663: "In addition, the default Test Suite background should NOT appear, as it's been overridden by the styles shown"
          text run at (0,60) width 45: "above. "
          text run at (45,60) width 619: "I'll have to add a lot of extra text to the page in order to make all this something we can actually check. "
          text run at (664,60) width 94: "Don't worry, I'll"
          text run at (0,80) width 113: "think of something."
      LayoutBlockFlow {P} at (0,215) size 784x20
        LayoutText {#text} at (0,0) size 484x19
          text run at (0,0) width 397: "In fact, why not the relevant section from the CSS1 specification? "
          text run at (397,0) width 87: "A capital idea."
      LayoutBlockFlow {H4} at (0,284.27) size 784x20
        LayoutInline {A} at (0,0) size 213x19
          LayoutText {#text} at (0,0) size 213x19
            text run at (0,0) width 213: "5.3.5    'background-attachment'"
        LayoutText {#text} at (0,0) size 0x0
      LayoutBlockFlow {P} at (0,325.53) size 784x100
        LayoutInline {EM} at (0,0) size 41x19
          LayoutText {#text} at (0,0) size 41x19
            text run at (0,0) width 41: "Value:"
        LayoutText {#text} at (40,0) size 77x19
          text run at (40,0) width 77: " scroll | fixed"
        LayoutBR {BR} at (116,15) size 1x0
        LayoutInline {EM} at (0,0) size 43x19
          LayoutText {#text} at (0,20) size 43x19
            text run at (0,20) width 43: "Initial:"
        LayoutText {#text} at (43,20) size 36x19
          text run at (43,20) width 36: " scroll"
        LayoutBR {BR} at (79,35) size 0x0
        LayoutInline {EM} at (0,0) size 69x19
          LayoutText {#text} at (0,40) size 69x19
            text run at (0,40) width 69: "Applies to:"
        LayoutText {#text} at (69,40) size 73x19
          text run at (69,40) width 73: " all elements"
        LayoutBR {BR} at (142,55) size 0x0
        LayoutInline {EM} at (0,0) size 63x19
          LayoutText {#text} at (0,60) size 63x19
            text run at (0,60) width 63: "Inherited:"
        LayoutText {#text} at (63,60) size 19x19
          text run at (63,60) width 19: " no"
        LayoutBR {BR} at (82,75) size 0x0
        LayoutInline {EM} at (0,0) size 123x19
          LayoutText {#text} at (0,80) size 123x19
            text run at (0,80) width 123: "Percentage values:"
        LayoutText {#text} at (122,80) size 32x19
          text run at (122,80) width 32: " N/A"
        LayoutBR {BR} at (153,95) size 1x0
      LayoutBlockFlow {P} at (0,441.53) size 784x40
        LayoutText {#text} at (0,0) size 766x39
          text run at (0,0) width 766: "If a background image is specified, the value of 'background-attachment' determines if it is fixed with regard to the canvas or if it"
          text run at (0,20) width 177: "scrolls along with the content."
      LayoutBlockFlow {PRE} at (0,497.53) size 784x80
        LayoutText {#text} at (0,0) size 296x80
          text run at (0,0) width 72: "  BODY { "
          text run at (72,0) width 0: " "
          text run at (0,16) width 296: "    background: red url(pendant.gif);"
          text run at (296,16) width 0: " "
          text run at (0,32) width 256: "    background-repeat: repeat-y;"
          text run at (256,32) width 0: " "
          text run at (0,48) width 264: "    background-attachment: fixed;"
          text run at (264,48) width 0: " "
          text run at (0,64) width 24: "  }"
          text run at (24,64) width 0: " "
      LayoutBlockFlow {P} at (0,593.53) size 784x40
        LayoutInline {EM} at (0,0) size 72x19
          LayoutText {#text} at (0,0) size 72x19
            text run at (0,0) width 72: "CSS1 core:"
        LayoutText {#text} at (71,0) size 759x39
          text run at (71,0) width 688: " UAs may treat 'fixed' as 'scroll'. However, it is recommended they interpret 'fixed' correctly, at least on the HTML"
          text run at (0,20) width 728: "and BODY elements, since there is no way for an author to provide an image only for those browsers that support 'fixed'."
      LayoutTable {TABLE} at (0,649.53) size 784x573 [border: (1px outset #808080)]
        LayoutTableSection {TBODY} at (1,1) size 782x571
          LayoutTableRow {TR} at (0,0) size 782x28
            LayoutTableCell {TD} at (0,0) size 782x28 [bgcolor=#C0C0C0] [border: (1px inset #808080)] [r=0 c=0 rs=1 cs=2]
              LayoutInline {STRONG} at (0,0) size 157x19
                LayoutText {#text} at (4,4) size 157x19
                  text run at (4,4) width 157: "TABLE Testing Section"
          LayoutTableRow {TR} at (0,28) size 782x543
            LayoutTableCell {TD} at (0,285) size 12x28 [bgcolor=#C0C0C0] [border: (1px inset #808080)] [r=1 c=0 rs=1 cs=1]
              LayoutText {#text} at (4,4) size 4x19
                text run at (4,4) width 4: " "
            LayoutTableCell {TD} at (12,28) size 770x542.53 [border: (1px inset #808080)] [r=1 c=1 rs=1 cs=1]
              LayoutBlockFlow {P} at (4,4) size 762x100
                LayoutText {#text} at (0,0) size 749x99
                  text run at (0,0) width 731: "This document should have a green grid-pattern line across the top of the page (or at least a tiled background) which does"
                  text run at (0,20) width 191: "NOT scroll with the document. "
                  text run at (191,20) width 551: "It should, instead, appear to be a fixed pattern past which the content scrolls, even when the"
                  text run at (0,40) width 166: "end of the page is reached. "
                  text run at (166,40) width 583: "In addition, the default Test Suite background should NOT appear, as it's been overridden by the"
                  text run at (0,60) width 125: "styles shown above. "
                  text run at (125,60) width 615: "I'll have to add a lot of extra text to the page in order to make all this something we can actually check."
                  text run at (0,80) width 211: "Don't worry, I'll think of something."
              LayoutBlockFlow {P} at (4,120) size 762x20
                LayoutText {#text} at (0,0) size 484x19
                  text run at (0,0) width 397: "In fact, why not the relevant section from the CSS1 specification? "
                  text run at (397,0) width 87: "A capital idea."
              LayoutBlockFlow {H4} at (4,189.27) size 762x20
                LayoutInline {A} at (0,0) size 213x19
                  LayoutText {#text} at (0,0) size 213x19
                    text run at (0,0) width 213: "5.3.5    'background-attachment'"
                LayoutText {#text} at (0,0) size 0x0
              LayoutBlockFlow {P} at (4,230.53) size 762x100
                LayoutInline {EM} at (0,0) size 41x19
                  LayoutText {#text} at (0,0) size 41x19
                    text run at (0,0) width 41: "Value:"
                LayoutText {#text} at (40,0) size 77x19
                  text run at (40,0) width 77: " scroll | fixed"
                LayoutBR {BR} at (116,15) size 1x0
                LayoutInline {EM} at (0,0) size 43x19
                  LayoutText {#text} at (0,20) size 43x19
                    text run at (0,20) width 43: "Initial:"
                LayoutText {#text} at (43,20) size 36x19
                  text run at (43,20) width 36: " scroll"
                LayoutBR {BR} at (79,35) size 0x0
                LayoutInline {EM} at (0,0) size 69x19
                  LayoutText {#text} at (0,40) size 69x19
                    text run at (0,40) width 69: "Applies to:"
                LayoutText {#text} at (69,40) size 73x19
                  text run at (69,40) width 73: " all elements"
                LayoutBR {BR} at (142,55) size 0x0
                LayoutInline {EM} at (0,0) size 63x19
                  LayoutText {#text} at (0,60) size 63x19
                    text run at (0,60) width 63: "Inherited:"
                LayoutText {#text} at (63,60) size 19x19
                  text run at (63,60) width 19: " no"
                LayoutBR {BR} at (82,75) size 0x0
                LayoutInline {EM} at (0,0) size 123x19
                  LayoutText {#text} at (0,80) size 123x19
                    text run at (0,80) width 123: "Percentage values:"
                LayoutText {#text} at (122,80) size 32x19
                  text run at (122,80) width 32: " N/A"
                LayoutBR {BR} at (153,95) size 1x0
              LayoutBlockFlow {P} at (4,346.53) size 762x40
                LayoutText {#text} at (0,0) size 755x39
                  text run at (0,0) width 755: "If a background image is specified, the value of 'background-attachment' determines if it is fixed with regard to the canvas or if"
                  text run at (0,20) width 188: "it scrolls along with the content."
              LayoutBlockFlow {PRE} at (4,402.53) size 762x80
                LayoutText {#text} at (0,0) size 296x80
                  text run at (0,0) width 72: "  BODY { "
                  text run at (72,0) width 0: " "
                  text run at (0,16) width 296: "    background: red url(pendant.gif);"
                  text run at (296,16) width 0: " "
                  text run at (0,32) width 256: "    background-repeat: repeat-y;"
                  text run at (256,32) width 0: " "
                  text run at (0,48) width 264: "    background-attachment: fixed;"
                  text run at (264,48) width 0: " "
                  text run at (0,64) width 24: "  }"
                  text run at (24,64) width 0: " "
              LayoutBlockFlow {P} at (4,498.53) size 762x40
                LayoutInline {EM} at (0,0) size 72x19
                  LayoutText {#text} at (0,0) size 72x19
                    text run at (0,0) width 72: "CSS1 core:"
                LayoutText {#text} at (71,0) size 759x39
                  text run at (71,0) width 688: " UAs may treat 'fixed' as 'scroll'. However, it is recommended they interpret 'fixed' correctly, at least on the HTML"
                  text run at (0,20) width 728: "and BODY elements, since there is no way for an author to provide an image only for those browsers that support 'fixed'."
layer at (8,89) size 784x2 clip at (0,0) size 0x0
  LayoutBlockFlow {HR} at (0,81) size 784x2 [border: (1px inset #EEEEEE)]
layer at (8,259) size 784x2 clip at (0,0) size 0x0
  LayoutBlockFlow {HR} at (0,251) size 784x2 [border: (1px inset #EEEEEE)]
layer at (8,269) size 784x2 clip at (0,0) size 0x0
  LayoutBlockFlow {HR} at (0,261) size 784x2 [border: (1px inset #EEEEEE)]
layer at (25,843) size 762x2 backgroundClip at (0,0) size 0x0 clip at (0,0) size 0x0
  LayoutBlockFlow {HR} at (4,156) size 762x2 [border: (1px inset #EEEEEE)]
layer at (25,853) size 762x2 backgroundClip at (0,0) size 0x0 clip at (0,0) size 0x0
  LayoutBlockFlow {HR} at (4,166) size 762x2 [border: (1px inset #EEEEEE)]
