layer at (0,0) size 1046x799 scrollHeight 2685
  LayoutView at (0,0) size 1046x799
layer at (0,0) size 1046x2685 backgroundClip at (0,0) size 1046x799 clip at (0,0) size 1046x799
  LayoutBlockFlow {HTML} at (0,0) size 1046x2685
    LayoutBlockFlow {BODY} at (8,16) size 1030x2653
      LayoutBlockFlow {P} at (0,0) size 1030x20
        LayoutText {#text} at (0,0) size 60x19
          text run at (0,0) width 60: "Filler lines"
      LayoutBlockFlow {P} at (0,36) size 1030x20
        LayoutText {#text} at (0,0) size 60x19
          text run at (0,0) width 60: "Filler lines"
      LayoutBlockFlow {P} at (0,72) size 1030x20
        LayoutText {#text} at (0,0) size 60x19
          text run at (0,0) width 60: "Filler lines"
      LayoutBlockFlow {P} at (0,108) size 1030x20
        LayoutText {#text} at (0,0) size 60x19
          text run at (0,0) width 60: "Filler lines"
      LayoutBlockFlow {P} at (0,144) size 1030x20
        LayoutText {#text} at (0,0) size 60x19
          text run at (0,0) width 60: "Filler lines"
      LayoutBlockFlow {P} at (0,180) size 1030x20
        LayoutText {#text} at (0,0) size 60x19
          text run at (0,0) width 60: "Filler lines"
      LayoutBlockFlow {P} at (0,216) size 1030x20
        LayoutText {#text} at (0,0) size 60x19
          text run at (0,0) width 60: "Filler lines"
      LayoutBlockFlow {P} at (0,252) size 1030x20
        LayoutText {#text} at (0,0) size 60x19
          text run at (0,0) width 60: "Filler lines"
      LayoutBlockFlow {P} at (0,288) size 1030x20
        LayoutText {#text} at (0,0) size 60x19
          text run at (0,0) width 60: "Filler lines"
      LayoutBlockFlow {P} at (0,324) size 1030x20
        LayoutText {#text} at (0,0) size 60x19
          text run at (0,0) width 60: "Filler lines"
      LayoutBlockFlow {P} at (0,360) size 1030x20
        LayoutText {#text} at (0,0) size 60x19
          text run at (0,0) width 60: "Filler lines"
      LayoutBlockFlow {P} at (0,396) size 1030x20
        LayoutText {#text} at (0,0) size 60x19
          text run at (0,0) width 60: "Filler lines"
      LayoutBlockFlow {P} at (0,432) size 1030x20
        LayoutText {#text} at (0,0) size 60x19
          text run at (0,0) width 60: "Filler lines"
      LayoutBlockFlow {P} at (0,468) size 1030x20
        LayoutText {#text} at (0,0) size 60x19
          text run at (0,0) width 60: "Filler lines"
      LayoutBlockFlow {P} at (0,504) size 1030x20
        LayoutText {#text} at (0,0) size 60x19
          text run at (0,0) width 60: "Filler lines"
      LayoutBlockFlow {P} at (0,540) size 1030x20
        LayoutText {#text} at (0,0) size 60x19
          text run at (0,0) width 60: "Filler lines"
      LayoutBlockFlow {P} at (0,576) size 1030x20
        LayoutText {#text} at (0,0) size 60x19
          text run at (0,0) width 60: "Filler lines"
      LayoutBlockFlow {P} at (0,612) size 1030x20
        LayoutText {#text} at (0,0) size 60x19
          text run at (0,0) width 60: "Filler lines"
      LayoutBlockFlow {P} at (0,648) size 1030x20
        LayoutText {#text} at (0,0) size 60x19
          text run at (0,0) width 60: "Filler lines"
      LayoutBlockFlow {P} at (0,684) size 1030x20
        LayoutText {#text} at (0,0) size 60x19
          text run at (0,0) width 60: "Filler lines"
      LayoutBlockFlow {P} at (0,720) size 1030x20
        LayoutText {#text} at (0,0) size 60x19
          text run at (0,0) width 60: "Filler lines"
      LayoutBlockFlow {P} at (0,756) size 1030x20
        LayoutText {#text} at (0,0) size 60x19
          text run at (0,0) width 60: "Filler lines"
      LayoutBlockFlow {P} at (0,783) size 1030x20
        LayoutText {#text} at (0,0) size 60x19
          text run at (0,0) width 60: "Filler lines"
      LayoutBlockFlow {P} at (0,819) size 1030x20
        LayoutText {#text} at (0,0) size 60x19
          text run at (0,0) width 60: "Filler lines"
      LayoutBlockFlow {P} at (0,855) size 1030x20
        LayoutText {#text} at (0,0) size 60x19
          text run at (0,0) width 60: "Filler lines"
      LayoutBlockFlow {P} at (0,891) size 1030x20
        LayoutText {#text} at (0,0) size 60x19
          text run at (0,0) width 60: "Filler lines"
      LayoutBlockFlow {P} at (0,927) size 1030x20
        LayoutText {#text} at (0,0) size 60x19
          text run at (0,0) width 60: "Filler lines"
      LayoutBlockFlow {P} at (0,963) size 1030x20
        LayoutText {#text} at (0,0) size 60x19
          text run at (0,0) width 60: "Filler lines"
      LayoutBlockFlow {P} at (0,999) size 1030x20
        LayoutText {#text} at (0,0) size 60x19
          text run at (0,0) width 60: "Filler lines"
      LayoutBlockFlow {P} at (0,1035) size 1030x20
        LayoutText {#text} at (0,0) size 60x19
          text run at (0,0) width 60: "Filler lines"
      LayoutBlockFlow {P} at (0,1071) size 1030x20
        LayoutText {#text} at (0,0) size 60x19
          text run at (0,0) width 60: "Filler lines"
      LayoutBlockFlow {P} at (0,1107) size 1030x20
        LayoutText {#text} at (0,0) size 60x19
          text run at (0,0) width 60: "Filler lines"
      LayoutBlockFlow {P} at (0,1143) size 1030x20
        LayoutText {#text} at (0,0) size 60x19
          text run at (0,0) width 60: "Filler lines"
      LayoutBlockFlow {P} at (0,1179) size 1030x20
        LayoutText {#text} at (0,0) size 60x19
          text run at (0,0) width 60: "Filler lines"
      LayoutBlockFlow {P} at (0,1215) size 1030x20
        LayoutText {#text} at (0,0) size 60x19
          text run at (0,0) width 60: "Filler lines"
      LayoutBlockFlow {P} at (0,1251) size 1030x20
        LayoutText {#text} at (0,0) size 60x19
          text run at (0,0) width 60: "Filler lines"
      LayoutBlockFlow {P} at (0,1287) size 1030x20
        LayoutText {#text} at (0,0) size 60x19
          text run at (0,0) width 60: "Filler lines"
      LayoutBlockFlow {P} at (0,1323) size 1030x20
        LayoutText {#text} at (0,0) size 60x19
          text run at (0,0) width 60: "Filler lines"
      LayoutBlockFlow {P} at (0,1359) size 1030x20
        LayoutText {#text} at (0,0) size 60x19
          text run at (0,0) width 60: "Filler lines"
      LayoutBlockFlow {P} at (0,1395) size 1030x20
        LayoutText {#text} at (0,0) size 60x19
          text run at (0,0) width 60: "Filler lines"
      LayoutBlockFlow {P} at (0,1431) size 1030x20
        LayoutText {#text} at (0,0) size 60x19
          text run at (0,0) width 60: "Filler lines"
      LayoutBlockFlow {P} at (0,1467) size 1030x20
        LayoutText {#text} at (0,0) size 60x19
          text run at (0,0) width 60: "Filler lines"
      LayoutBlockFlow {P} at (0,1503) size 1030x20
        LayoutText {#text} at (0,0) size 60x19
          text run at (0,0) width 60: "Filler lines"
      LayoutBlockFlow {P} at (0,1539) size 1030x20
        LayoutText {#text} at (0,0) size 60x19
          text run at (0,0) width 60: "Filler lines"
      LayoutBlockFlow {P} at (0,1582) size 1030x20
        LayoutText {#text} at (0,0) size 60x19
          text run at (0,0) width 60: "Filler lines"
      LayoutBlockFlow {P} at (0,1618) size 1030x20
        LayoutText {#text} at (0,0) size 60x19
          text run at (0,0) width 60: "Filler lines"
      LayoutBlockFlow {P} at (0,1654) size 1030x20
        LayoutText {#text} at (0,0) size 60x19
          text run at (0,0) width 60: "Filler lines"
      LayoutBlockFlow {P} at (0,1690) size 1030x20
        LayoutText {#text} at (0,0) size 60x19
          text run at (0,0) width 60: "Filler lines"
      LayoutBlockFlow {P} at (0,1726) size 1030x20
        LayoutText {#text} at (0,0) size 60x19
          text run at (0,0) width 60: "Filler lines"
      LayoutBlockFlow {P} at (0,1762) size 1030x20
        LayoutText {#text} at (0,0) size 60x19
          text run at (0,0) width 60: "Filler lines"
      LayoutBlockFlow {P} at (0,1798) size 1030x20
        LayoutText {#text} at (0,0) size 60x19
          text run at (0,0) width 60: "Filler lines"
      LayoutBlockFlow {P} at (0,1834) size 1030x20
        LayoutText {#text} at (0,0) size 60x19
          text run at (0,0) width 60: "Filler lines"
      LayoutBlockFlow {P} at (0,1870) size 1030x20
        LayoutText {#text} at (0,0) size 60x19
          text run at (0,0) width 60: "Filler lines"
      LayoutBlockFlow {P} at (0,1906) size 1030x20
        LayoutText {#text} at (0,0) size 60x19
          text run at (0,0) width 60: "Filler lines"
      LayoutBlockFlow {P} at (0,1942) size 1030x20
        LayoutText {#text} at (0,0) size 60x19
          text run at (0,0) width 60: "Filler lines"
      LayoutBlockFlow {P} at (0,1978) size 1030x20
        LayoutText {#text} at (0,0) size 60x19
          text run at (0,0) width 60: "Filler lines"
      LayoutBlockFlow {P} at (0,2014) size 1030x20
        LayoutText {#text} at (0,0) size 60x19
          text run at (0,0) width 60: "Filler lines"
      LayoutBlockFlow {P} at (0,2050) size 1030x20
        LayoutText {#text} at (0,0) size 60x19
          text run at (0,0) width 60: "Filler lines"
      LayoutBlockFlow {P} at (0,2086) size 1030x20
        LayoutText {#text} at (0,0) size 60x19
          text run at (0,0) width 60: "Filler lines"
      LayoutBlockFlow {P} at (0,2122) size 1030x20
        LayoutText {#text} at (0,0) size 60x19
          text run at (0,0) width 60: "Filler lines"
      LayoutBlockFlow {P} at (0,2158) size 1030x20
        LayoutText {#text} at (0,0) size 60x19
          text run at (0,0) width 60: "Filler lines"
      LayoutBlockFlow {P} at (0,2194) size 1030x20
        LayoutText {#text} at (0,0) size 60x19
          text run at (0,0) width 60: "Filler lines"
      LayoutBlockFlow {P} at (0,2230) size 1030x20
        LayoutText {#text} at (0,0) size 60x19
          text run at (0,0) width 60: "Filler lines"
      LayoutBlockFlow {P} at (0,2266) size 1030x20
        LayoutText {#text} at (0,0) size 60x19
          text run at (0,0) width 60: "Filler lines"
      LayoutBlockFlow {P} at (0,2302) size 1030x20
        LayoutText {#text} at (0,0) size 60x19
          text run at (0,0) width 60: "Filler lines"
      LayoutBlockFlow {P} at (0,2338) size 1030x20
        LayoutText {#text} at (0,0) size 60x19
          text run at (0,0) width 60: "Filler lines"
      LayoutBlockFlow {P} at (0,2381) size 1030x20
        LayoutText {#text} at (0,0) size 60x19
          text run at (0,0) width 60: "Filler lines"
      LayoutBlockFlow {P} at (0,2417) size 1030x20
        LayoutText {#text} at (0,0) size 60x19
          text run at (0,0) width 60: "Filler lines"
      LayoutBlockFlow {P} at (0,2453) size 1030x20
        LayoutText {#text} at (0,0) size 60x19
          text run at (0,0) width 60: "Filler lines"
      LayoutBlockFlow {P} at (0,2489) size 1030x20
        LayoutText {#text} at (0,0) size 60x19
          text run at (0,0) width 60: "Filler lines"
      LayoutBlockFlow {P} at (0,2525) size 1030x20
        LayoutText {#text} at (0,0) size 60x19
          text run at (0,0) width 60: "Filler lines"
      LayoutBlockFlow {P} at (0,2561) size 1030x20
        LayoutText {#text} at (0,0) size 60x19
          text run at (0,0) width 60: "Filler lines"
      LayoutBlockFlow {P} at (0,2597) size 1030x20
        LayoutText {#text} at (0,0) size 60x19
          text run at (0,0) width 60: "Filler lines"
      LayoutBlockFlow {P} at (0,2633) size 1030x20
        LayoutText {#text} at (0,0) size 60x19
          text run at (0,0) width 60: "Filler lines"
layer at (8,16) size 1030x0
  LayoutBlockFlow {DIV} at (0,0) size 1030x0
layer at (8,16) size 433x38
  LayoutBlockFlow (positioned) {DIV} at (0,0) size 433x38
    LayoutBlockFlow {DIV} at (0,0) size 433x30
      LayoutBlockFlow (anonymous) at (0,0) size 433x20
        LayoutText {#text} at (0,0) size 433x19
          text run at (0,0) width 433: "crbug.com/303728: Header Line should not be repeated on every page."
layer at (8,44) size 433x2 clip at (0,0) size 0x0
  LayoutBlockFlow {HR} at (0,28) size 433x2 [border: (1px inset #EEEEEE)]
layer at (8,2685) size 1030x0
  LayoutBlockFlow {DIV} at (0,2669) size 1030x0
layer at (8,2647) size 429x38 backgroundClip at (0,0) size 1046x799 clip at (0,0) size 1046x799
  LayoutBlockFlow (positioned) {DIV} at (0,-38) size 429x38
    LayoutBlockFlow {DIV} at (0,8) size 429x30
      LayoutBlockFlow (anonymous) at (0,10) size 429x20
        LayoutText {#text} at (0,0) size 429x19
          text run at (0,0) width 429: "crbug.com/303728: Footer Line should not be repeated on every page."
layer at (8,2655) size 429x2 backgroundClip at (0,0) size 0x0 clip at (0,0) size 0x0
  LayoutBlockFlow {HR} at (0,0) size 429x2 [border: (1px inset #EEEEEE)]
