Tests <select> text update when popup is visible and selectionIndex changes.
Needs run-layout-test.

A
B
C
layer at (0,0) size 39x18
  LayoutNGBlockFlow (positioned) {DIV} at (8,50) size 39x18
    LayoutFlexibleBox {SELECT} at (0,0) size 39x18 [bgcolor=#F8F8F8]
    LayoutText {#text} at (0,0) size 0x0
layer at (8,0) size 8x18
  LayoutBlockFlow {DIV} at (8,0) size 8x18
    LayoutText {#text} at (0,2) size 8x13
      text run at (0,2) width 8: "C"

