layer at (0,0) size 800x600 clip at (0,0) size 785x600 scrollHeight 4396
  LayoutView at (0,0) size 800x600
layer at (0,0) size 785x4396 backgroundClip at (0,0) size 785x600 clip at (0,0) size 785x600
  LayoutBlockFlow {HTML} at (0,0) size 785x4396.33
    LayoutBlockFlow {BODY} at (8,8) size 769x4380.33 [bgcolor=#CCCCCC]
      LayoutBlockFlow {P} at (0,0) size 769x16
        LayoutText {#text} at (0,0) size 274x15
          text run at (0,0) width 274: "The style declarations which apply to the text below are:"
      LayoutBlockFlow {PRE} at (0,28) size 769x180
        LayoutText {#text} at (0,0) size 399x180
          text run at (0,0) width 161: "BODY {font-size: 12px;}"
          text run at (161,0) width 0: " "
          text run at (0,15) width 322: ".one {font: italic small-caps 13pt Helvetica;}"
          text run at (322,15) width 0: " "
          text run at (0,30) width 203: ".two {font: 150%/150% serif;}"
          text run at (203,30) width 0: " "
          text run at (0,45) width 252: ".three {font: 150%/150% sans-serif;}"
          text run at (252,45) width 0: " "
          text run at (0,60) width 231: ".four {font: small/200% cursive;}"
          text run at (231,60) width 0: " "
          text run at (0,75) width 399: ".five {font: italic small-caps 900 150%/150% sans-serif;}"
          text run at (399,75) width 0: " "
          text run at (0,90) width 392: ".six {font: italic small-caps 100 150%/300% sans-serif;}"
          text run at (392,90) width 0: " "
          text run at (0,105) width 392: ".seven {font: italic small-caps 900 150%/2em monospace;}"
          text run at (392,105) width 0: " "
          text run at (0,120) width 399: ".eight {font: italic small-caps 500 150%/1in sans-serif;}"
          text run at (399,120) width 0: " "
          text run at (0,135) width 378: ".nine {font: oblique normal 700 18px/200% sans-serif;}"
          text run at (378,135) width 0: " "
          text run at (0,150) width 301: ".ten {font: normal 400 80%/2.5 sans-serif;}"
          text run at (301,150) width 0: " "
          text run at (0,165) width 266: "SPAN.color {background-color: silver;}"
          text run at (266,165) width 0: " "
      LayoutBlockFlow {P} at (0,234) size 769x16
        LayoutText {#text} at (0,0) size 721x15
          text run at (0,0) width 431: "This element is unstyled, and should inherit a font-size of 12px from the BODY element. "
          text run at (431,0) width 290: "This is the \"base font size\" referred to in the following tests."
      LayoutBlockFlow {P} at (0,267.33) size 769x21
        LayoutText {#text} at (0,0) size 501x20
          text run at (0,0) width 501: "This element should be 13pt. Helvetica which is in small-cap italics."
      LayoutBlockFlow {P} at (0,306.33) size 769x81
        LayoutText {#text} at (0,3) size 760x74
          text run at (0,3) width 278: "This element should be in a serif font. "
          text run at (278,3) width 472: "Its font-size should be 150% the base font size, and its line-height"
          text run at (0,30) width 417: "should 150% of that value (18px and 27px, respectively). "
          text run at (417,30) width 343: "Extra text is included for the purposes of testing"
          text run at (0,57) width 151: "this more effectively."
      LayoutBlockFlow {P} at (0,405.33) size 769x81
        LayoutText {#text} at (0,3) size 757x75
          text run at (0,3) width 348: "This element should be in a sans-serif font. "
          text run at (348,3) width 409: "Its font-size should be 150% the base font size, and"
          text run at (0,30) width 566: "its line-height should 150% of that value (18px and 27px, respectively). "
          text run at (566,30) width 190: "Extra text is included for"
          text run at (0,57) width 349: "the purposes of testing this more effectively."
      LayoutBlockFlow {P} at (0,504.33) size 769x80
        LayoutText {#text} at (0,4) size 726x44
          text run at (0,4) width 705: "This element should be in a cursive font, 'small' in size, with a line-height 200% the height of the text's actual size. "
          text run at (705,4) width 21: "For"
          text run at (0,30) width 189: "example, if the font-size value "
        LayoutInline {CODE} at (0,0) size 30x12
          LayoutText {#text} at (189,35) size 30x12
            text run at (189,35) width 30: "small"
        LayoutText {#text} at (219,30) size 753x46
          text run at (219,30) width 359: " is calculated at 10px, then the line-height should be 20px. "
          text run at (578,30) width 175: "The actual value of the font-"
          text run at (0,58) width 136: "size is UA-dependent. "
          text run at (136,58) width 434: "Extra text is included for the purposes of testing this more effectively."
      LayoutBlockFlow {P} at (0,602.33) size 769x108
        LayoutText {#text} at (0,0) size 766x107
          text run at (0,0) width 766: "This element should be in a sans-serif font, italicized and small caps, with a weight of"
          text run at (0,27) width 48: "900. "
          text run at (48,27) width 690: "Its font-size should be 150% the base font size, and its line-height should be"
          text run at (0,54) width 461: "150% of that value (18px and 27px, respectively). "
          text run at (461,54) width 267: "Extra text is included for the"
          text run at (0,81) width 370: "purposes of testing this more effectively."
      LayoutBlockFlow {P} at (0,728.33) size 769x216
        LayoutText {#text} at (0,16) size 745x184
          text run at (0,16) width 723: "This element should be in a sans-serif font, italicized and small caps, with a weight of 100. "
          text run at (722,16) width 23: "Its"
          text run at (0,70) width 743: "font-size should be 150% the base font size, and its line-height should be 300% of that value"
          text run at (0,124) width 244: "(18px and 54px, respectively). "
          text run at (243,124) width 479: "Extra text is included for the purposes of testing this more"
          text run at (0,178) width 93: "effectively."
      LayoutBlockFlow {P} at (0,962.33) size 769x144
        LayoutText {#text} at (0,8) size 750x128
          text run at (0,8) width 750: "This element should be in a monospace font, italicized and small caps, with a weight of"
          text run at (0,44) width 55: "900. "
          text run at (55,44) width 687: "Its font-size should be 150% the base font size, and its line-height should be"
          text run at (0,80) width 618: "2em, or twice the element's font size (18px and 36px, respectively). "
          text run at (618,80) width 113: "Extra text is"
          text run at (0,116) width 499: "included for the purposes of testing this more effectively."
      LayoutBlockFlow {P} at (0,1124.33) size 769x288
        LayoutText {#text} at (0,37) size 745x214
          text run at (0,37) width 723: "This element should be in a sans-serif font, italicized and small caps, with a weight of 500. "
          text run at (722,37) width 23: "Its"
          text run at (0,133) width 693: "font-size should be 150% the base font size, or 18px, and its line-height should be 1in. "
          text run at (693,133) width 47: "Extra"
          text run at (0,229) width 524: "text is included for the purposes of testing this more effectively."
      LayoutBlockFlow {P} at (0,1430.33) size 769x144
        LayoutText {#text} at (0,7) size 763x129
          text run at (0,7) width 763: "This element should be in a sans-serif font, oblique and not small-caps, with a weight of"
          text run at (0,43) width 40: "700. "
          text run at (40,43) width 674: "Its font-size should be 18 pixels, and its line-height should be 36px (200% this"
          text run at (0,79) width 181: "element's font size). "
          text run at (181,79) width 509: "Extra text is included for the purposes of testing this more"
          text run at (0,115) width 97: "effectively."
      LayoutBlockFlow {P} at (0,1592.33) size 769x46
        LayoutText {#text} at (0,5) size 760x36
          text run at (0,5) width 305: "This element should be in a sans-serif font, with a weight of 400. "
          text run at (305,5) width 455: "Its font-size should be 80% of 12px, or 9.6px, and its line-height shoud be 2.5 times that, or 24px."
          text run at (0,28) width 321: "Extra text is included for the purposes of testing this more effectively."
      LayoutBlockFlow {P} at (0,1656.33) size 769x270
        LayoutInline {SPAN} at (0,0) size 759x238 [bgcolor=#C0C0C0]
          LayoutText {#text} at (0,16) size 759x238
            text run at (0,16) width 723: "This element should be in a sans-serif font, italicized and small caps, with a weight of 100. "
            text run at (722,16) width 23: "Its"
            text run at (0,70) width 743: "font-size should be 150% the base font size, and its line-height should be 300% of that value"
            text run at (0,124) width 759: "(18px and 54px, respectively). The text should have a silver background. The background color"
            text run at (0,178) width 735: "has been set on an inline element and should therefore only cover the text, not the interline"
            text run at (0,232) width 64: "spacing."
        LayoutText {#text} at (0,0) size 0x0
      LayoutTable {TABLE} at (0,1944.33) size 769x2436 [border: (1px outset #808080)]
        LayoutTableSection {TBODY} at (1,1) size 767x2434
          LayoutTableRow {TR} at (0,0) size 767x28
            LayoutTableCell {TD} at (0,0) size 767x28 [bgcolor=#C0C0C0] [border: (1px inset #808080)] [r=0 c=0 rs=1 cs=2]
              LayoutInline {STRONG} at (0,0) size 157x19
                LayoutText {#text} at (4,4) size 157x19
                  text run at (4,4) width 157: "TABLE Testing Section"
          LayoutTableRow {TR} at (0,28) size 767x2406
            LayoutTableCell {TD} at (0,1217) size 12x28 [bgcolor=#C0C0C0] [border: (1px inset #808080)] [r=1 c=0 rs=1 cs=1]
              LayoutText {#text} at (4,4) size 4x19
                text run at (4,4) width 4: " "
            LayoutTableCell {TD} at (12,28) size 755x2406.33 [border: (1px inset #808080)] [r=1 c=1 rs=1 cs=1]
              LayoutBlockFlow {P} at (4,4) size 747x40
                LayoutText {#text} at (0,0) size 738x39
                  text run at (0,0) width 531: "This element is unstyled, and should inherit a font-size of 12px from the BODY element. "
                  text run at (531,0) width 207: "This is the \"base font size\" referred"
                  text run at (0,20) width 141: "to in the following tests."
              LayoutBlockFlow {P} at (4,61.33) size 747x21
                LayoutText {#text} at (0,0) size 501x20
                  text run at (0,0) width 501: "This element should be 13pt. Helvetica which is in small-cap italics."
              LayoutBlockFlow {P} at (4,106.33) size 747x144
                LayoutText {#text} at (0,4) size 725x135
                  text run at (0,4) width 367: "This element should be in a serif font. "
                  text run at (367,4) width 358: "Its font-size should be 150% the base"
                  text run at (0,40) width 685: "font size, and its line-height should 150% of that value (18px and 27px,"
                  text run at (0,76) width 136: "respectively). "
                  text run at (136,76) width 556: "Extra text is included for the purposes of testing this more"
                  text run at (0,112) width 107: "effectively."
              LayoutBlockFlow {P} at (4,274.33) size 747x144
                LayoutText {#text} at (0,4) size 708x135
                  text run at (0,4) width 471: "This element should be in a sans-serif font. "
                  text run at (471,4) width 237: "Its font-size should be"
                  text run at (0,40) width 685: "150% the base font size, and its line-height should 150% of that"
                  text run at (0,76) width 391: "value (18px and 27px, respectively). "
                  text run at (391,76) width 299: "Extra text is included for the"
                  text run at (0,112) width 430: "purposes of testing this more effectively."
              LayoutBlockFlow {P} at (4,442.33) size 747x80
                LayoutText {#text} at (0,4) size 726x44
                  text run at (0,4) width 705: "This element should be in a cursive font, 'small' in size, with a line-height 200% the height of the text's actual size. "
                  text run at (705,4) width 21: "For"
                  text run at (0,30) width 189: "example, if the font-size value "
                LayoutInline {CODE} at (0,0) size 30x12
                  LayoutText {#text} at (189,35) size 30x12
                    text run at (189,35) width 30: "small"
                LayoutText {#text} at (219,30) size 718x46
                  text run at (219,30) width 359: " is calculated at 10px, then the line-height should be 20px. "
                  text run at (578,30) width 140: "The actual value of the"
                  text run at (0,58) width 167: "font-size is UA-dependent. "
                  text run at (167,58) width 434: "Extra text is included for the purposes of testing this more effectively."
              LayoutBlockFlow {P} at (4,546.33) size 747x180
                LayoutText {#text} at (0,1) size 739x177
                  text run at (0,1) width 739: "This element should be in a sans-serif font, italicized and small"
                  text run at (0,37) width 326: "caps, with a weight of 900. "
                  text run at (326,37) width 388: "Its font-size should be 150% the"
                  text run at (0,73) width 679: "base font size, and its line-height should be 150% of that"
                  text run at (0,109) width 433: "value (18px and 27px, respectively). "
                  text run at (433,109) width 303: "Extra text is included for"
                  text run at (0,145) width 530: "the purposes of testing this more effectively."
              LayoutBlockFlow {P} at (4,750.33) size 747x360
                LayoutText {#text} at (0,22) size 717x316
                  text run at (0,22) width 701: "This element should be in a sans-serif font, italicized and small caps,"
                  text run at (0,94) width 227: "with a weight of 100. "
                  text run at (227,94) width 490: "Its font-size should be 150% the base font size,"
                  text run at (0,166) width 661: "and its line-height should be 300% of that value (18px and 54px,"
                  text run at (0,238) width 146: "respectively). "
                  text run at (145,238) width 560: "Extra text is included for the purposes of testing this"
                  text run at (0,310) width 174: "more effectively."
              LayoutBlockFlow {P} at (4,1134.33) size 747x156
                LayoutText {#text} at (0,8) size 740x140
                  text run at (0,8) width 740: "This element should be in a monospace font, italicized and small caps, with a weight"
                  text run at (0,47) width 88: "of 900. "
                  text run at (88,47) width 620: "Its font-size should be 150% the base font size, and its line-height"
                  text run at (0,86) width 716: "should be 2em, or twice the element's font size (18px and 36px, respectively)."
                  text run at (0,125) width 636: "Extra text is included for the purposes of testing this more effectively."
              LayoutBlockFlow {P} at (4,1314.33) size 747x384
                LayoutText {#text} at (0,34) size 739x316
                  text run at (0,34) width 701: "This element should be in a sans-serif font, italicized and small caps,"
                  text run at (0,130) width 227: "with a weight of 500. "
                  text run at (227,130) width 490: "Its font-size should be 150% the base font size,"
                  text run at (0,226) width 433: "or 18px, and its line-height should be 1in. "
                  text run at (433,226) width 306: "Extra text is included for the"
                  text run at (0,322) width 427: "purposes of testing this more effectively."
              LayoutBlockFlow {P} at (4,1722.33) size 747x144
                LayoutText {#text} at (0,7) size 741x129
                  text run at (0,7) width 741: "This element should be in a sans-serif font, oblique and not small-caps, with a weight"
                  text run at (0,43) width 62: "of 700. "
                  text run at (62,43) width 674: "Its font-size should be 18 pixels, and its line-height should be 36px (200% this"
                  text run at (0,79) width 181: "element's font size). "
                  text run at (181,79) width 509: "Extra text is included for the purposes of testing this more"
                  text run at (0,115) width 97: "effectively."
              LayoutBlockFlow {P} at (4,1884.33) size 747x62
                LayoutText {#text} at (0,7) size 742x47
                  text run at (0,7) width 374: "This element should be in a sans-serif font, with a weight of 400. "
                  text run at (374,7) width 368: "Its font-size should be 80% of 12px, or 9.6px, and its line-height"
                  text run at (0,38) width 196: "shoud be 2.5 times that, or 24px. "
                  text run at (196,38) width 398: "Extra text is included for the purposes of testing this more effectively."
              LayoutBlockFlow {P} at (4,1970.33) size 747x432
                LayoutInline {SPAN} at (0,0) size 747x388 [bgcolor=#C0C0C0]
                  LayoutText {#text} at (0,22) size 747x388
                    text run at (0,22) width 701: "This element should be in a sans-serif font, italicized and small caps,"
                    text run at (0,94) width 227: "with a weight of 100. "
                    text run at (227,94) width 490: "Its font-size should be 150% the base font size,"
                    text run at (0,166) width 661: "and its line-height should be 300% of that value (18px and 54px,"
                    text run at (0,238) width 747: "respectively). The text should have a silver background. The background"
                    text run at (0,310) width 743: "color has been set on an inline element and should therefore only cover"
                    text run at (0,382) width 353: "the text, not the interline spacing."
                LayoutText {#text} at (0,0) size 0x0
layer at (8,228) size 769x2 clip at (0,0) size 0x0
  LayoutBlockFlow {HR} at (0,220) size 769x2 [border: (1px inset #EEEEEE)]
