layer at (0,0) size 800x600
  LayoutView at (0,0) size 1066x799
layer at (0,0) size 1066x52 backgroundClip at (0,0) size 800x600 clip at (0,0) size 800x600
  LayoutBlockFlow {HTML} at (0,0) size 1066x52
    LayoutBlockFlow {BODY} at (8,8) size 1050x36
      LayoutBlockFlow {DIV} at (0,0) size 1050x36
        LayoutText {#text} at (0,0) size 546x36
          text run at (0,0) width 546: "Text shadow should be visible when printing."
