layer at (0,0) size 800x600 scrollHeight 728
  LayoutView at (0,0) size 800x600
layer at (0,0) size 800x728 backgroundClip at (0,0) size 800x600 clip at (0,0) size 800x600
  LayoutBlockFlow {HTML} at (0,0) size 800x728
    LayoutBlockFlow {BODY} at (8,8) size 784x704 [bgcolor=#CCCCCC]
      LayoutBlockFlow {P} at (10,0) size 774x20
        LayoutText {#text} at (0,0) size 286x19
          text run at (0,0) width 286: "This paragraph should be indented ten pixels."
      LayoutBlockFlow {DIV} at (10,36) size 774x20
        LayoutBlockFlow {P} at (10,0) size 764x20
          LayoutText {#text} at (0,0) size 570x19
            text run at (0,0) width 570: "This paragraph should be indented twenty pixels, since horizontal margins do not collapse."
      LayoutBlockFlow {P} at (0,72) size 392x100 [bgcolor=#808080]
        LayoutText {#text} at (0,0) size 389x99
          text run at (0,0) width 362: "This element has a width of 50%, and due to 'auto' values"
          text run at (0,20) width 389: "applied to the right margin, the element should be left justified"
          text run at (0,40) width 109: "within its parent. "
          text run at (109,40) width 270: "The gray rectangle should therefore appear"
          text run at (0,60) width 372: "on the left edge of the viewport (e.g. the browser window)."
          text run at (0,80) width 359: "The text inside the gray rectangle should not be centered."
      LayoutBlockFlow {P} at (196,188) size 392x120 [bgcolor=#808080]
        LayoutText {#text} at (0,0) size 390x119
          text run at (0,0) width 362: "This element has a width of 50%, and due to 'auto' values"
          text run at (0,20) width 368: "applied to the left and right margins, the element should be"
          text run at (0,40) width 166: "centered within its parent. "
          text run at (166,40) width 224: "The gray rectangle should therefore"
          text run at (0,60) width 338: "appear in the middle of the viewport (e.g. the browser"
          text run at (0,80) width 363: "window). The text inside the gray rectangle should not be"
          text run at (0,100) width 57: "centered."
      LayoutBlockFlow {P} at (392,324) size 392x100 [bgcolor=#808080]
        LayoutText {#text} at (0,0) size 389x99
          text run at (0,0) width 362: "This element has a width of 50%, and due to 'auto' values"
          text run at (0,20) width 389: "applied to the left margin, the element should be right justified"
          text run at (0,40) width 109: "within its parent. "
          text run at (109,40) width 270: "The gray rectangle should therefore appear"
          text run at (0,60) width 381: "on the right edge of the viewport (e.g. the browser window)."
          text run at (0,80) width 359: "The text inside the gray rectangle should not be centered."
      LayoutBlockFlow {P} at (0,440) size 784x40 [bgcolor=#808080]
        LayoutText {#text} at (0,0) size 762x39
          text run at (0,0) width 762: "Since the width is \"auto,\" the margins that are set to \"auto\" become zero and this paragraph should have width 100% and"
          text run at (0,20) width 193: "the text should be left justified."
      LayoutBlockFlow {P} at (0,496) size 784x40 [bgcolor=#808080]
        LayoutText {#text} at (0,0) size 762x39
          text run at (0,0) width 762: "Since the width is \"auto,\" the margins that are set to \"auto\" become zero and this paragraph should have width 100% and"
          text run at (0,20) width 193: "the text should be left justified."
      LayoutBlockFlow {P} at (0,552) size 784x40 [bgcolor=#808080]
        LayoutText {#text} at (0,0) size 762x39
          text run at (0,0) width 762: "Since the width is \"auto,\" the margins that are set to \"auto\" become zero and this paragraph should have width 100% and"
          text run at (0,20) width 193: "the text should be left justified."
      LayoutBlockFlow {P} at (0,608) size 392x60 [bgcolor=#808080]
        LayoutText {#text} at (0,0) size 387x39
          text run at (0,0) width 387: "Since auto is an invalid value for padding, the right-margin of"
          text run at (0,20) width 207: "this paragraph should be reset to "
        LayoutInline {CODE} at (0,0) size 32x16
          LayoutText {#text} at (207,23) size 32x16
            text run at (207,23) width 32: "auto"
        LayoutText {#text} at (239,20) size 391x39
          text run at (239,20) width 141: " and thus be expanded"
          text run at (0,40) width 391: "to 50% and it should only occupy the left half of the viewport."
      LayoutBlockFlow {P} at (0,684) size 784x20 [bgcolor=#808080]
        LayoutText {#text} at (0,0) size 632x19
          text run at (0,0) width 632: "Because this paragraph has width 100%, the auto margins become zero, so it should not be centered."
