layer at (0,0) size 800x600
  LayoutView at (0,0) size 800x600
layer at (0,0) size 800x600
  LayoutBlockFlow {HTML} at (0,0) size 800x600
    LayoutBlockFlow {BODY} at (8,8) size 784x584
      LayoutTable {TABLE} at (0,0) size 784x372 [border: (5px outset #808080)]
        LayoutTableSection {TBODY} at (5,5) size 774x362
          LayoutTableRow {TR} at (0,2) size 774x358
            LayoutTableCell {TD} at (2,179) size 716x4 [border: (1px inset #808080)] [r=0 c=0 rs=1 cs=1]
            LayoutTableCell {TD} at (720,2) size 52x358 [border: (1px inset #808080)] [r=0 c=1 rs=1 cs=1]
              LayoutInline {A} at (0,0) size 32x18 [color=#0000EE]
                LayoutText {#text} at (2,5) size 32x18
                  text run at (2,5) width 32: "\x{5CA1}\x{5C71}"
              LayoutText {#text} at (34,5) size 16x18
                text run at (34,5) width 16: "\x{FF5C}"
              LayoutInline {A} at (0,0) size 32x18 [color=#0000EE]
                LayoutText {#text} at (2,27) size 32x18
                  text run at (2,27) width 32: "\x{5E83}\x{5CF6}"
              LayoutText {#text} at (34,27) size 16x18
                text run at (34,27) width 16: "\x{FF5C}"
              LayoutInline {A} at (0,0) size 32x18 [color=#0000EE]
                LayoutText {#text} at (2,49) size 32x18
                  text run at (2,49) width 32: "\x{5C71}\x{53E3}"
              LayoutText {#text} at (34,49) size 16x18
                text run at (34,49) width 16: "\x{FF5C}"
              LayoutInline {A} at (0,0) size 32x18 [color=#0000EE]
                LayoutText {#text} at (2,71) size 32x18
                  text run at (2,71) width 32: "\x{5FB3}\x{5CF6}"
              LayoutText {#text} at (34,71) size 16x18
                text run at (34,71) width 16: "\x{FF5C}"
              LayoutInline {A} at (0,0) size 32x18 [color=#0000EE]
                LayoutText {#text} at (2,93) size 32x18
                  text run at (2,93) width 32: "\x{9999}\x{5DDD}"
              LayoutText {#text} at (34,93) size 16x18
                text run at (34,93) width 16: "\x{FF5C}"
              LayoutInline {A} at (0,0) size 32x18 [color=#0000EE]
                LayoutText {#text} at (2,115) size 32x18
                  text run at (2,115) width 32: "\x{611B}\x{5A9B}"
              LayoutText {#text} at (34,115) size 16x18
                text run at (34,115) width 16: "\x{FF5C}"
              LayoutInline {A} at (0,0) size 32x18 [color=#0000EE]
                LayoutText {#text} at (2,137) size 32x18
                  text run at (2,137) width 32: "\x{9AD8}\x{77E5}"
              LayoutText {#text} at (34,137) size 16x18
                text run at (34,137) width 16: "\x{FF5C}"
              LayoutInline {A} at (0,0) size 48x41 [color=#0000EE]
                LayoutText {#text} at (2,160) size 48x41
                  text run at (2,160) width 48: "\x{798F}\x{5CA1}\x{30FB}"
                  text run at (2,183) width 48: "\x{5317}\x{4E5D}\x{5DDE}"
              LayoutText {#text} at (2,205) size 16x18
                text run at (2,205) width 16: "\x{FF5C}"
              LayoutInline {A} at (0,0) size 32x18 [color=#0000EE]
                LayoutText {#text} at (18,205) size 32x18
                  text run at (18,205) width 32: "\x{4F50}\x{8CC0}"
              LayoutText {#text} at (2,227) size 16x18
                text run at (2,227) width 16: "\x{FF5C}"
              LayoutInline {A} at (0,0) size 32x18 [color=#0000EE]
                LayoutText {#text} at (18,227) size 32x18
                  text run at (18,227) width 32: "\x{9577}\x{5D0E}"
              LayoutText {#text} at (2,249) size 16x18
                text run at (2,249) width 16: "\x{FF5C}"
              LayoutInline {A} at (0,0) size 32x18 [color=#0000EE]
                LayoutText {#text} at (18,249) size 32x18
                  text run at (18,249) width 32: "\x{718A}\x{672C}"
              LayoutText {#text} at (2,271) size 16x18
                text run at (2,271) width 16: "\x{FF5C}"
              LayoutInline {A} at (0,0) size 32x18 [color=#0000EE]
                LayoutText {#text} at (18,271) size 32x18
                  text run at (18,271) width 32: "\x{5927}\x{5206}"
              LayoutText {#text} at (2,293) size 16x18
                text run at (2,293) width 16: "\x{FF5C}"
              LayoutInline {A} at (0,0) size 32x18 [color=#0000EE]
                LayoutText {#text} at (18,293) size 32x18
                  text run at (18,293) width 32: "\x{5BAE}\x{5D0E}"
              LayoutText {#text} at (2,315) size 16x18
                text run at (2,315) width 16: "\x{FF5C}"
              LayoutInline {A} at (0,0) size 48x40 [color=#0000EE]
                LayoutText {#text} at (18,315) size 48x40
                  text run at (18,315) width 32: "\x{9E7F}\x{5150}"
                  text run at (2,337) width 16: "\x{5CF6}"
              LayoutText {#text} at (18,337) size 16x18
                text run at (18,337) width 16: "\x{FF5C}"
