layer at (0,0) size 800x600
  LayoutView at (0,0) size 800x600
layer at (0,0) size 800x124
  LayoutBlockFlow {HTML} at (0,0) size 800x124
    LayoutBlockFlow {BODY} at (8,16) size 784x100
      LayoutBlockFlow {P} at (0,0) size 784x18
        LayoutText {#text} at (0,0) size 689x18
          text run at (0,0) width 403: "The base of the following three letters should all be connected "
          text run at (402,0) width 287: "and not have a gap between the | and _ parts."
      LayoutBlockFlow (anonymous) at (0,34) size 784x66
        LayoutInline {SPAN} at (0,0) size 25x55
          LayoutText {#text} at (55,3) size 25x55
            text run at (55,3) width 25 RTL: "\x{640}\x{622}"
        LayoutText {#text} at (51,32) size 5x18
          text run at (51,32) width 5 RTL: " "
        LayoutInline {SPAN} at (0,0) size 25x55
          LayoutText {#text} at (27,3) size 25x55
            text run at (27,3) width 25 RTL: "\x{640}\x{623}"
        LayoutText {#text} at (23,32) size 5x18
          text run at (23,32) width 5 RTL: " "
        LayoutInline {SPAN} at (0,0) size 24x55
          LayoutText {#text} at (0,3) size 24x55
            text run at (0,3) width 24 RTL: "\x{640}\x{625}"
        LayoutText {#text} at (0,0) size 0x0
