layer at (0,0) size 800x600
  LayoutView at (0,0) size 800x600
layer at (0,0) size 800x116
  LayoutBlockFlow {HTML} at (0,0) size 800x116
    LayoutBlockFlow {BODY} at (8,8) size 784x92
      LayoutBlockFlow (anonymous) at (0,0) size 784x18
        LayoutText {#text} at (0,0) size 284x18
          text run at (0,0) width 284: "The following two lines should be the same:"
      LayoutBlockFlow {P} at (0,34) size 784x21
        LayoutText {#text} at (0,1) size 74x18
          text run at (0,1) width 74 LTR override: "abc\x{5D2}\x{5D1}\x{5D0}\x{661}\x{662}\x{663}"
      LayoutBlockFlow {P} at (0,71) size 784x21
        LayoutText {#text} at (0,1) size 74x18
          text run at (0,1) width 23: "abc"
          text run at (22,1) width 27 RTL: "\x{5D0}\x{5D1}\x{5D2}"
          text run at (48,1) width 26: "\x{661}\x{662}\x{663}"
