layer at (0,0) size 800x600
  LayoutView at (0,0) size 800x600
layer at (0,0) size 800x565
  LayoutBlockFlow {HTML} at (0,0) size 800x564.88
    LayoutBlockFlow {BODY} at (8,21.44) size 784x527.44
      LayoutBlockFlow {H1} at (0,0) size 784x37
        LayoutText {#text} at (0,0) size 418x37
          text run at (0,0) width 418: "Bidirectional Text Test 2 - CSS"
      LayoutBlockFlow {P} at (0,58.44) size 784x18
        LayoutText {#text} at (0,0) size 134x18
          text run at (0,0) width 134: "This test is based on "
        LayoutInline {A} at (0,0) size 119x18 [color=#0000EE]
          LayoutText {#text} at (133,0) size 119x18
            text run at (133,0) width 119: "CSS2 section 9.10"
        LayoutText {#text} at (251,0) size 32x18
          text run at (251,0) width 32: " and "
        LayoutInline {A} at (0,0) size 64x18 [color=#0000EE]
          LayoutText {#text} at (282,0) size 64x18
            text run at (282,0) width 64: "Chapter 3"
        LayoutText {#text} at (345,0) size 46x18
          text run at (345,0) width 46: " of the "
        LayoutInline {A} at (0,0) size 116x18 [color=#0000EE]
          LayoutText {#text} at (390,0) size 116x18
            text run at (390,0) width 116: "Unicode Standard"
        LayoutText {#text} at (505,0) size 5x18
          text run at (505,0) width 5: "."
      LayoutBlockFlow {P} at (0,92.44) size 784x36
        LayoutText {#text} at (0,0) size 68x18
          text run at (0,0) width 68: "See also a "
        LayoutInline {A} at (0,0) size 233x18 [color=#0000EE]
          LayoutText {#text} at (67,0) size 233x18
            text run at (67,0) width 233: "test for the same concepts in HTML"
        LayoutText {#text} at (299,0) size 43x18
          text run at (299,0) width 43: " and a "
        LayoutInline {A} at (0,0) size 748x36 [color=#0000EE]
          LayoutText {#text} at (341,0) size 748x36
            text run at (341,0) width 407: "test for the same concepts using Unicode directional formatting"
            text run at (0,18) width 37: "codes"
        LayoutText {#text} at (36,18) size 5x18
          text run at (36,18) width 5: "."
      LayoutBlockFlow {P} at (0,144.44) size 784x18
        LayoutText {#text} at (0,0) size 287x18
          text run at (0,0) width 287: "In each box, all the lines should be the same."
      LayoutBlockFlow (anonymous) at (0,178.44) size 784x237
        LayoutBlockFlow {DIV} at (3,7) size 99.58x170 [border: (1px solid #008000)]
          LayoutBlockFlow {P} at (4,4) size 91.58x18
            LayoutText {#text} at (0,0) size 92x18
              text run at (0,0) width 92: "ABCDEFGHI"
          LayoutBlockFlow {P} at (4,22) size 91.58x18
            LayoutText {#text} at (0,0) size 92x18
              text run at (0,0) width 92: "ABCDEFGHI"
          LayoutBlockFlow {P} at (4,40) size 91.58x18
            LayoutText {#text} at (0,0) size 33x18
              text run at (0,0) width 33: "ABC"
            LayoutInline {SPAN} at (0,0) size 32x18
              LayoutText {#text} at (32,0) size 32x18
                text run at (32,0) width 32: "DEF"
            LayoutText {#text} at (63,0) size 29x18
              text run at (63,0) width 29: "GHI"
          LayoutBlockFlow {P} at (4,58) size 91.58x18
            LayoutText {#text} at (0,0) size 92x18
              text run at (0,0) width 92 RTL override: "IHGFEDCBA"
          LayoutBlockFlow {P} at (4,76) size 91.58x18
            LayoutText {#text} at (63,0) size 29x18
              text run at (63,0) width 29 RTL override: "IHG"
            LayoutInline {SPAN} at (0,0) size 32x18
              LayoutText {#text} at (32,0) size 32x18
                text run at (32,0) width 32 RTL override: "FED"
            LayoutText {#text} at (0,0) size 33x18
              text run at (0,0) width 33 RTL override: "CBA"
          LayoutBlockFlow {P} at (4,94) size 91.58x18
            LayoutText {#text} at (63,0) size 29x18
              text run at (63,0) width 29 RTL override: "IHG"
            LayoutInline {SPAN} at (0,0) size 32x18
              LayoutText {#text} at (32,0) size 32x18
                text run at (32,0) width 32: "DEF"
            LayoutText {#text} at (0,0) size 33x18
              text run at (0,0) width 33 RTL override: "CBA"
          LayoutBlockFlow {P} at (4,112) size 91.58x18
            LayoutText {#text} at (63,0) size 29x18
              text run at (63,0) width 29 RTL override: "IHG"
            LayoutInline {SPAN} at (0,0) size 32x18
              LayoutText {#text} at (32,0) size 32x18
                text run at (32,0) width 32 RTL override: "FED"
            LayoutText {#text} at (0,0) size 33x18
              text run at (0,0) width 33 RTL override: "CBA"
          LayoutBlockFlow {P} at (4,130) size 91.58x18
            LayoutText {#text} at (63,0) size 29x18
              text run at (63,0) width 29 RTL override: "IHG"
            LayoutInline {SPAN} at (0,0) size 32x18
              LayoutText {#text} at (32,0) size 32x18
                text run at (32,0) width 32 RTL override: "FED"
            LayoutText {#text} at (0,0) size 33x18
              text run at (0,0) width 33 RTL override: "CBA"
          LayoutBlockFlow {P} at (4,148) size 91.58x18
            LayoutText {#text} at (63,0) size 29x18
              text run at (63,0) width 29 RTL override: "IHG"
            LayoutInline {SPAN} at (0,0) size 32x18
              LayoutText {#text} at (32,0) size 32x18
                text run at (32,0) width 32 LTR override: "DEF"
            LayoutText {#text} at (0,0) size 33x18
              text run at (0,0) width 33 RTL override: "CBA"
        LayoutText {#text} at (105,82) size 5x18
          text run at (105,82) width 5: " "
        LayoutBlockFlow {DIV} at (112.58,50) size 36x84 [border: (1px solid #008000)]
          LayoutTable {TABLE} at (4,4) size 28x19
            LayoutTableSection {TBODY} at (0,0) size 28x19
              LayoutTableRow {TR} at (0,0) size 28x19
                LayoutTableCell {TD} at (0,0) size 7x19 [r=0 c=0 rs=1 cs=1]
                  LayoutText {#text} at (0,1) size 7x18
                    text run at (0,1) width 7 RTL: "\x{5D2}"
                LayoutTableCell {TD} at (7,0) size 10x19 [r=0 c=1 rs=1 cs=1]
                  LayoutText {#text} at (0,1) size 9x18
                    text run at (0,1) width 9 RTL: "\x{5D1}"
                LayoutTableCell {TD} at (17,0) size 11x19 [r=0 c=2 rs=1 cs=1]
                  LayoutText {#text} at (0,1) size 11x18
                    text run at (0,1) width 11 RTL: "\x{5D0}"
          LayoutBlockFlow {P} at (4,23) size 28x19
            LayoutText {#text} at (0,1) size 27x18
              text run at (0,1) width 27 RTL: "\x{5D0}\x{5D1}\x{5D2}"
          LayoutBlockFlow {P} at (4,42) size 28x19
            LayoutText {#text} at (0,1) size 27x18
              text run at (0,1) width 27 RTL: "\x{5D0}\x{5D1}\x{5D2}"
          LayoutBlockFlow {P} at (4,61) size 28x19
            LayoutText {#text} at (0,1) size 27x18
              text run at (0,1) width 27 LTR override: "\x{5D2}\x{5D1}\x{5D0}"
        LayoutText {#text} at (151,82) size 5x18
          text run at (151,82) width 5: " "
        LayoutBlockFlow {DIV} at (158.58,60) size 105x65 [border: (1px solid #008000)]
          LayoutTable {TABLE} at (4,4) size 97x19
            LayoutTableSection {TBODY} at (0,0) size 97x19
              LayoutTableRow {TR} at (0,0) size 97x19
                LayoutTableCell {TD} at (0,0) size 7x19 [r=0 c=0 rs=1 cs=1]
                  LayoutText {#text} at (0,1) size 7x18
                    text run at (0,1) width 7 RTL: "\x{5D2}"
                LayoutTableCell {TD} at (7,0) size 10x19 [r=0 c=1 rs=1 cs=1]
                  LayoutText {#text} at (0,1) size 9x18
                    text run at (0,1) width 9 RTL: "\x{5D1}"
                LayoutTableCell {TD} at (17,0) size 11x19 [r=0 c=2 rs=1 cs=1]
                  LayoutText {#text} at (0,1) size 11x18
                    text run at (0,1) width 11 RTL: "\x{5D0}"
                LayoutTableCell {TD} at (28,0) size 4x18 [r=0 c=3 rs=1 cs=1]
                  LayoutText {#text} at (0,0) size 4x18
                    text run at (0,0) width 4: " "
                LayoutTableCell {TD} at (32,0) size 12x18 [r=0 c=4 rs=1 cs=1]
                  LayoutText {#text} at (0,0) size 12x18
                    text run at (0,0) width 12: "A"
                LayoutTableCell {TD} at (44,0) size 11x18 [r=0 c=5 rs=1 cs=1]
                  LayoutText {#text} at (0,0) size 11x18
                    text run at (0,0) width 11: "B"
                LayoutTableCell {TD} at (55,0) size 11x18 [r=0 c=6 rs=1 cs=1]
                  LayoutText {#text} at (0,0) size 11x18
                    text run at (0,0) width 11: "C"
                LayoutTableCell {TD} at (66,0) size 4x18 [r=0 c=7 rs=1 cs=1]
                  LayoutText {#text} at (0,0) size 4x18
                    text run at (0,0) width 4: " "
                LayoutTableCell {TD} at (70,0) size 6x19 [r=0 c=8 rs=1 cs=1]
                  LayoutText {#text} at (0,1) size 6x18
                    text run at (0,1) width 6 RTL: "\x{5D5}"
                LayoutTableCell {TD} at (76,0) size 12x19 [r=0 c=9 rs=1 cs=1]
                  LayoutText {#text} at (0,1) size 12x18
                    text run at (0,1) width 12 RTL: "\x{5D4}"
                LayoutTableCell {TD} at (88,0) size 9x19 [r=0 c=10 rs=1 cs=1]
                  LayoutText {#text} at (0,1) size 9x18
                    text run at (0,1) width 9 RTL: "\x{5D3}"
          LayoutBlockFlow {P} at (4,23) size 97x19
            LayoutText {#text} at (0,1) size 92x18
              text run at (0,1) width 27 RTL: "\x{5D0}\x{5D1}\x{5D2}"
              text run at (26,1) width 42: " ABC "
              text run at (67,1) width 25 RTL: "\x{5D3}\x{5D4}\x{5D5}"
          LayoutBlockFlow {P} at (4,42) size 97x19
            LayoutText {#text} at (0,1) size 92x18
              text run at (0,1) width 31 RTL: " \x{5D0}\x{5D1}\x{5D2}"
              text run at (30,1) width 34: "ABC"
              text run at (63,1) width 29 RTL: "\x{5D3}\x{5D4}\x{5D5} "
        LayoutText {#text} at (266,82) size 5x18
          text run at (266,82) width 5: " "
        LayoutBlockFlow {DIV} at (273.58,3) size 173x179 [border: (1px solid #008000)]
          LayoutTable {TABLE} at (4,4) size 165x19
            LayoutTableSection {TBODY} at (0,0) size 165x19
              LayoutTableRow {TR} at (0,0) size 165x19
                LayoutTableCell {TD} at (0,0) size 7x19 [r=0 c=0 rs=1 cs=1]
                  LayoutText {#text} at (0,1) size 7x18
                    text run at (0,1) width 7 RTL: "\x{5D2}"
                LayoutTableCell {TD} at (7,0) size 10x19 [r=0 c=1 rs=1 cs=1]
                  LayoutText {#text} at (0,1) size 9x18
                    text run at (0,1) width 9 RTL: "\x{5D1}"
                LayoutTableCell {TD} at (17,0) size 11x19 [r=0 c=2 rs=1 cs=1]
                  LayoutText {#text} at (0,1) size 11x18
                    text run at (0,1) width 11 RTL: "\x{5D0}"
                LayoutTableCell {TD} at (28,0) size 4x18 [r=0 c=3 rs=1 cs=1]
                  LayoutText {#text} at (0,0) size 4x18
                    text run at (0,0) width 4: " "
                LayoutTableCell {TD} at (32,0) size 12x18 [r=0 c=4 rs=1 cs=1]
                  LayoutText {#text} at (0,0) size 12x18
                    text run at (0,0) width 12: "A"
                LayoutTableCell {TD} at (44,0) size 11x18 [r=0 c=5 rs=1 cs=1]
                  LayoutText {#text} at (0,0) size 11x18
                    text run at (0,0) width 11: "B"
                LayoutTableCell {TD} at (55,0) size 11x18 [r=0 c=6 rs=1 cs=1]
                  LayoutText {#text} at (0,0) size 11x18
                    text run at (0,0) width 11: "C"
                LayoutTableCell {TD} at (66,0) size 4x18 [r=0 c=7 rs=1 cs=1]
                  LayoutText {#text} at (0,0) size 4x18
                    text run at (0,0) width 4: " "
                LayoutTableCell {TD} at (70,0) size 6x19 [r=0 c=8 rs=1 cs=1]
                  LayoutText {#text} at (0,1) size 6x18
                    text run at (0,1) width 6 RTL: "\x{5D5}"
                LayoutTableCell {TD} at (76,0) size 12x19 [r=0 c=9 rs=1 cs=1]
                  LayoutText {#text} at (0,1) size 12x18
                    text run at (0,1) width 12 RTL: "\x{5D4}"
                LayoutTableCell {TD} at (88,0) size 9x19 [r=0 c=10 rs=1 cs=1]
                  LayoutText {#text} at (0,1) size 9x18
                    text run at (0,1) width 9 RTL: "\x{5D3}"
                LayoutTableCell {TD} at (97,0) size 4x18 [r=0 c=11 rs=1 cs=1]
                  LayoutText {#text} at (0,0) size 4x18
                    text run at (0,0) width 4: " "
                LayoutTableCell {TD} at (101,0) size 12x18 [r=0 c=12 rs=1 cs=1]
                  LayoutText {#text} at (0,0) size 12x18
                    text run at (0,0) width 12: "D"
                LayoutTableCell {TD} at (113,0) size 10x18 [r=0 c=13 rs=1 cs=1]
                  LayoutText {#text} at (0,0) size 10x18
                    text run at (0,0) width 10: "E"
                LayoutTableCell {TD} at (123,0) size 9x18 [r=0 c=14 rs=1 cs=1]
                  LayoutText {#text} at (0,0) size 9x18
                    text run at (0,0) width 9: "F"
                LayoutTableCell {TD} at (132,0) size 4x18 [r=0 c=15 rs=1 cs=1]
                  LayoutText {#text} at (0,0) size 4x18
                    text run at (0,0) width 4: " "
                LayoutTableCell {TD} at (136,0) size 11x19 [r=0 c=16 rs=1 cs=1]
                  LayoutText {#text} at (0,1) size 11x18
                    text run at (0,1) width 11 RTL: "\x{5D8}"
                LayoutTableCell {TD} at (147,0) size 12x19 [r=0 c=17 rs=1 cs=1]
                  LayoutText {#text} at (0,1) size 12x18
                    text run at (0,1) width 12 RTL: "\x{5D7}"
                LayoutTableCell {TD} at (159,0) size 6x19 [r=0 c=18 rs=1 cs=1]
                  LayoutText {#text} at (0,1) size 6x18
                    text run at (0,1) width 6 RTL: "\x{5D6}"
          LayoutBlockFlow {P} at (4,23) size 165x19
            LayoutText {#text} at (0,1) size 157x18
              text run at (0,1) width 27 RTL: "\x{5D0}\x{5D1}\x{5D2}"
              text run at (26,1) width 42: " ABC "
              text run at (67,1) width 25 RTL: "\x{5D3}\x{5D4}\x{5D5}"
              text run at (91,1) width 39: " DEF "
              text run at (129,1) width 28 RTL: "\x{5D6}\x{5D7}\x{5D8}"
          LayoutBlockFlow {P} at (4,42) size 165x19
            LayoutText {#text} at (0,1) size 31x18
              text run at (0,1) width 27 RTL: "\x{5D0}\x{5D1}\x{5D2}"
              text run at (26,1) width 5: " "
            LayoutInline {SPAN} at (0,0) size 62x18
              LayoutText {#text} at (30,1) size 62x18
                text run at (30,1) width 38: "ABC "
                text run at (67,1) width 25 RTL: "\x{5D3}\x{5D4}\x{5D5}"
            LayoutText {#text} at (91,1) size 66x18
              text run at (91,1) width 39: " DEF "
              text run at (129,1) width 28 RTL: "\x{5D6}\x{5D7}\x{5D8}"
          LayoutBlockFlow {P} at (4,61) size 165x19
            LayoutText {#text} at (0,1) size 31x18
              text run at (0,1) width 27 RTL: "\x{5D0}\x{5D1}\x{5D2}"
              text run at (26,1) width 5: " "
            LayoutInline {SPAN} at (0,0) size 96x18
              LayoutText {#text} at (30,1) size 96x18
                text run at (30,1) width 38: "ABC "
                text run at (67,1) width 25 RTL: "\x{5D3}\x{5D4}\x{5D5}"
                text run at (91,1) width 35: " DEF"
            LayoutText {#text} at (125,1) size 32x18
              text run at (125,1) width 5: " "
              text run at (129,1) width 28 RTL: "\x{5D6}\x{5D7}\x{5D8}"
          LayoutBlockFlow {P} at (4,80) size 165x19
            LayoutText {#text} at (125,1) size 32x18
              text run at (125,1) width 32 RTL: "\x{5D6}\x{5D7}\x{5D8} "
            LayoutInline {SPAN} at (0,0) size 96x18
              LayoutText {#text} at (30,1) size 96x18
                text run at (30,1) width 34: "ABC"
                text run at (63,1) width 33 RTL: " \x{5D3}\x{5D4}\x{5D5} "
                text run at (95,1) width 31: "DEF"
            LayoutText {#text} at (0,1) size 31x18
              text run at (0,1) width 31 RTL: " \x{5D0}\x{5D1}\x{5D2}"
          LayoutBlockFlow {P} at (4,99) size 165x19
            LayoutText {#text} at (63,1) size 29x18
              text run at (63,1) width 29 RTL: "\x{5D3}\x{5D4}\x{5D5} "
            LayoutInline {SPAN} at (0,0) size 64x18
              LayoutText {#text} at (0,1) size 64x18
                text run at (0,1) width 31 RTL: " \x{5D0}\x{5D1}\x{5D2}"
                text run at (30,1) width 34: "ABC"
            LayoutText {#text} at (91,1) size 66x18
              text run at (91,1) width 39: " DEF "
              text run at (129,1) width 28 RTL: "\x{5D6}\x{5D7}\x{5D8}"
          LayoutBlockFlow {P} at (4,118) size 165x19
            LayoutText {#text} at (63,1) size 29x18
              text run at (63,1) width 29 RTL: "\x{5D3}\x{5D4}\x{5D5} "
            LayoutInline {SPAN} at (0,0) size 64x18
              LayoutText {#text} at (0,1) size 64x18
                text run at (0,1) width 64 RTL override: "CBA \x{5D0}\x{5D1}\x{5D2}"
            LayoutText {#text} at (91,1) size 66x18
              text run at (91,1) width 39: " DEF "
              text run at (129,1) width 28 RTL: "\x{5D6}\x{5D7}\x{5D8}"
          LayoutBlockFlow {P} at (4,137) size 165x19
            LayoutText {#text} at (0,1) size 31x18
              text run at (0,1) width 27 RTL: "\x{5D0}\x{5D1}\x{5D2}"
              text run at (26,1) width 5: " "
            LayoutInline {SPAN} at (0,0) size 62x18
              LayoutText {#text} at (30,1) size 62x18
                text run at (30,1) width 62 LTR override: "ABC \x{5D5}\x{5D4}\x{5D3}"
            LayoutText {#text} at (91,1) size 66x18
              text run at (91,1) width 39: " DEF "
              text run at (129,1) width 28 RTL: "\x{5D6}\x{5D7}\x{5D8}"
          LayoutBlockFlow {P} at (4,156) size 165x19
            LayoutText {#text} at (125,1) size 32x18
              text run at (125,1) width 32 RTL: "\x{5D6}\x{5D7}\x{5D8} "
            LayoutInline {SPAN} at (0,0) size 62x18
              LayoutText {#text} at (30,1) size 62x18
                text run at (30,1) width 62 LTR override: "ABC \x{5D5}\x{5D4}\x{5D3}"
            LayoutText {#text} at (0,1) size 126x18
              text run at (0,1) width 31 RTL: " \x{5D0}\x{5D1}\x{5D2}"
              text run at (91,1) width 35: " DEF"
        LayoutText {#text} at (449,82) size 5x18
          text run at (449,82) width 5: " "
        LayoutBlockFlow {DIV} at (456.58,69) size 207x46 [border: (1px solid #008000)]
          LayoutTable {TABLE} at (4,4) size 199x19
            LayoutTableSection {TBODY} at (0,0) size 199x19
              LayoutTableRow {TR} at (0,0) size 199x19
                LayoutTableCell {TD} at (0,0) size 7x19 [r=0 c=0 rs=1 cs=1]
                  LayoutText {#text} at (0,1) size 7x18
                    text run at (0,1) width 7 RTL: "\x{5D2}"
                LayoutTableCell {TD} at (7,0) size 10x19 [r=0 c=1 rs=1 cs=1]
                  LayoutText {#text} at (0,1) size 9x18
                    text run at (0,1) width 9 RTL: "\x{5D1}"
                LayoutTableCell {TD} at (17,0) size 11x19 [r=0 c=2 rs=1 cs=1]
                  LayoutText {#text} at (0,1) size 11x18
                    text run at (0,1) width 11 RTL: "\x{5D0}"
                LayoutTableCell {TD} at (28,0) size 4x18 [r=0 c=3 rs=1 cs=1]
                  LayoutText {#text} at (0,0) size 4x18
                    text run at (0,0) width 4: " "
                LayoutTableCell {TD} at (32,0) size 12x18 [r=0 c=4 rs=1 cs=1]
                  LayoutText {#text} at (0,0) size 12x18
                    text run at (0,0) width 12: "A"
                LayoutTableCell {TD} at (44,0) size 11x18 [r=0 c=5 rs=1 cs=1]
                  LayoutText {#text} at (0,0) size 11x18
                    text run at (0,0) width 11: "B"
                LayoutTableCell {TD} at (55,0) size 11x18 [r=0 c=6 rs=1 cs=1]
                  LayoutText {#text} at (0,0) size 11x18
                    text run at (0,0) width 11: "C"
                LayoutTableCell {TD} at (66,0) size 4x18 [r=0 c=7 rs=1 cs=1]
                  LayoutText {#text} at (0,0) size 4x18
                    text run at (0,0) width 4: " "
                LayoutTableCell {TD} at (70,0) size 6x19 [r=0 c=8 rs=1 cs=1]
                  LayoutText {#text} at (0,1) size 6x18
                    text run at (0,1) width 6 RTL: "\x{5D5}"
                LayoutTableCell {TD} at (76,0) size 12x19 [r=0 c=9 rs=1 cs=1]
                  LayoutText {#text} at (0,1) size 12x18
                    text run at (0,1) width 12 RTL: "\x{5D4}"
                LayoutTableCell {TD} at (88,0) size 9x19 [r=0 c=10 rs=1 cs=1]
                  LayoutText {#text} at (0,1) size 9x18
                    text run at (0,1) width 9 RTL: "\x{5D3}"
                LayoutTableCell {TD} at (97,0) size 4x18 [r=0 c=11 rs=1 cs=1]
                  LayoutText {#text} at (0,0) size 4x18
                    text run at (0,0) width 4: " "
                LayoutTableCell {TD} at (101,0) size 12x18 [r=0 c=12 rs=1 cs=1]
                  LayoutText {#text} at (0,0) size 12x18
                    text run at (0,0) width 12: "D"
                LayoutTableCell {TD} at (113,0) size 10x18 [r=0 c=13 rs=1 cs=1]
                  LayoutText {#text} at (0,0) size 10x18
                    text run at (0,0) width 10: "E"
                LayoutTableCell {TD} at (123,0) size 9x18 [r=0 c=14 rs=1 cs=1]
                  LayoutText {#text} at (0,0) size 9x18
                    text run at (0,0) width 9: "F"
                LayoutTableCell {TD} at (132,0) size 4x18 [r=0 c=15 rs=1 cs=1]
                  LayoutText {#text} at (0,0) size 4x18
                    text run at (0,0) width 4: " "
                LayoutTableCell {TD} at (136,0) size 12x18 [r=0 c=16 rs=1 cs=1]
                  LayoutText {#text} at (0,0) size 12x18
                    text run at (0,0) width 12: "G"
                LayoutTableCell {TD} at (148,0) size 12x18 [r=0 c=17 rs=1 cs=1]
                  LayoutText {#text} at (0,0) size 12x18
                    text run at (0,0) width 12: "H"
                LayoutTableCell {TD} at (160,0) size 6x18 [r=0 c=18 rs=1 cs=1]
                  LayoutText {#text} at (0,0) size 6x18
                    text run at (0,0) width 6: "I"
                LayoutTableCell {TD} at (166,0) size 4x18 [r=0 c=19 rs=1 cs=1]
                  LayoutText {#text} at (0,0) size 4x18
                    text run at (0,0) width 4: " "
                LayoutTableCell {TD} at (170,0) size 11x19 [r=0 c=20 rs=1 cs=1]
                  LayoutText {#text} at (0,1) size 11x18
                    text run at (0,1) width 11 RTL: "\x{5D8}"
                LayoutTableCell {TD} at (181,0) size 12x19 [r=0 c=21 rs=1 cs=1]
                  LayoutText {#text} at (0,1) size 12x18
                    text run at (0,1) width 12 RTL: "\x{5D7}"
                LayoutTableCell {TD} at (193,0) size 6x19 [r=0 c=22 rs=1 cs=1]
                  LayoutText {#text} at (0,1) size 6x18
                    text run at (0,1) width 6 RTL: "\x{5D6}"
          LayoutBlockFlow {P} at (4,23) size 199x19
            LayoutText {#text} at (0,1) size 190x18
              text run at (0,1) width 27 RTL: "\x{5D0}\x{5D1}\x{5D2}"
              text run at (26,1) width 42: " ABC "
              text run at (67,1) width 25 RTL: "\x{5D3}\x{5D4}\x{5D5}"
              text run at (91,1) width 72: " DEF GHI "
              text run at (162,1) width 28 RTL: "\x{5D6}\x{5D7}\x{5D8}"
        LayoutText {#text} at (666,82) size 5x18
          text run at (666,82) width 5: " "
        LayoutBR {BR} at (0,0) size 0x0
        LayoutBlockFlow {DIV} at (3,188) size 207x46 [border: (1px solid #008000)]
          LayoutTable {TABLE} at (4,4) size 199x19
            LayoutTableSection {TBODY} at (0,0) size 199x19
              LayoutTableRow {TR} at (0,0) size 199x19
                LayoutTableCell {TD} at (0,0) size 9x18 [r=0 c=0 rs=1 cs=1]
                  LayoutText {#text} at (0,0) size 9x18
                    text run at (0,0) width 9: "F"
                LayoutTableCell {TD} at (9,0) size 10x18 [r=0 c=1 rs=1 cs=1]
                  LayoutText {#text} at (0,0) size 10x18
                    text run at (0,0) width 10: "E"
                LayoutTableCell {TD} at (19,0) size 12x18 [r=0 c=2 rs=1 cs=1]
                  LayoutText {#text} at (0,0) size 12x18
                    text run at (0,0) width 12: "D"
                LayoutTableCell {TD} at (31,0) size 4x18 [r=0 c=3 rs=1 cs=1]
                  LayoutText {#text} at (0,0) size 4x18
                    text run at (0,0) width 4: " "
                LayoutTableCell {TD} at (35,0) size 6x19 [r=0 c=4 rs=1 cs=1]
                  LayoutText {#text} at (0,1) size 6x18
                    text run at (0,1) width 6 RTL: "\x{5D5}"
                LayoutTableCell {TD} at (41,0) size 12x19 [r=0 c=5 rs=1 cs=1]
                  LayoutText {#text} at (0,1) size 12x18
                    text run at (0,1) width 12 RTL: "\x{5D4}"
                LayoutTableCell {TD} at (53,0) size 9x19 [r=0 c=6 rs=1 cs=1]
                  LayoutText {#text} at (0,1) size 9x18
                    text run at (0,1) width 9 RTL: "\x{5D3}"
                LayoutTableCell {TD} at (62,0) size 4x18 [r=0 c=7 rs=1 cs=1]
                  LayoutText {#text} at (0,0) size 4x18
                    text run at (0,0) width 4: " "
                LayoutTableCell {TD} at (66,0) size 11x18 [r=0 c=8 rs=1 cs=1]
                  LayoutText {#text} at (0,0) size 11x18
                    text run at (0,0) width 11: "C"
                LayoutTableCell {TD} at (77,0) size 11x18 [r=0 c=9 rs=1 cs=1]
                  LayoutText {#text} at (0,0) size 11x18
                    text run at (0,0) width 11: "B"
                LayoutTableCell {TD} at (88,0) size 12x18 [r=0 c=10 rs=1 cs=1]
                  LayoutText {#text} at (0,0) size 12x18
                    text run at (0,0) width 12: "A"
                LayoutTableCell {TD} at (100,0) size 4x18 [r=0 c=11 rs=1 cs=1]
                  LayoutText {#text} at (0,0) size 4x18
                    text run at (0,0) width 4: " "
                LayoutTableCell {TD} at (104,0) size 7x19 [r=0 c=12 rs=1 cs=1]
                  LayoutText {#text} at (0,1) size 7x18
                    text run at (0,1) width 7 RTL: "\x{5D2}"
                LayoutTableCell {TD} at (111,0) size 10x19 [r=0 c=13 rs=1 cs=1]
                  LayoutText {#text} at (0,1) size 9x18
                    text run at (0,1) width 9 RTL: "\x{5D1}"
                LayoutTableCell {TD} at (121,0) size 11x19 [r=0 c=14 rs=1 cs=1]
                  LayoutText {#text} at (0,1) size 11x18
                    text run at (0,1) width 11 RTL: "\x{5D0}"
                LayoutTableCell {TD} at (132,0) size 4x18 [r=0 c=15 rs=1 cs=1]
                  LayoutText {#text} at (0,0) size 4x18
                    text run at (0,0) width 4: " "
                LayoutTableCell {TD} at (136,0) size 12x18 [r=0 c=16 rs=1 cs=1]
                  LayoutText {#text} at (0,0) size 12x18
                    text run at (0,0) width 12: "G"
                LayoutTableCell {TD} at (148,0) size 12x18 [r=0 c=17 rs=1 cs=1]
                  LayoutText {#text} at (0,0) size 12x18
                    text run at (0,0) width 12: "H"
                LayoutTableCell {TD} at (160,0) size 6x18 [r=0 c=18 rs=1 cs=1]
                  LayoutText {#text} at (0,0) size 6x18
                    text run at (0,0) width 6: "I"
                LayoutTableCell {TD} at (166,0) size 4x18 [r=0 c=19 rs=1 cs=1]
                  LayoutText {#text} at (0,0) size 4x18
                    text run at (0,0) width 4: " "
                LayoutTableCell {TD} at (170,0) size 11x19 [r=0 c=20 rs=1 cs=1]
                  LayoutText {#text} at (0,1) size 11x18
                    text run at (0,1) width 11 RTL: "\x{5D8}"
                LayoutTableCell {TD} at (181,0) size 12x19 [r=0 c=21 rs=1 cs=1]
                  LayoutText {#text} at (0,1) size 12x18
                    text run at (0,1) width 12 RTL: "\x{5D7}"
                LayoutTableCell {TD} at (193,0) size 6x19 [r=0 c=22 rs=1 cs=1]
                  LayoutText {#text} at (0,1) size 6x18
                    text run at (0,1) width 6 RTL: "\x{5D6}"
          LayoutBlockFlow {P} at (4,23) size 199x19
            LayoutText {#text} at (95,1) size 31x18
              text run at (95,1) width 31 RTL: "\x{5D0}\x{5D1}\x{5D2} "
            LayoutInline {SPAN} at (0,0) size 96x18
              LayoutText {#text} at (0,1) size 96x18
                text run at (0,1) width 96 RTL override: "ABC \x{5D3}\x{5D4}\x{5D5} DEF"
            LayoutText {#text} at (125,1) size 65x18
              text run at (125,1) width 38: " GHI "
              text run at (162,1) width 28 RTL: "\x{5D6}\x{5D7}\x{5D8}"
        LayoutText {#text} at (213,201) size 4x18
          text run at (213,201) width 4: " "
        LayoutBlockFlow {DIV} at (220,188) size 207x46 [border: (1px solid #008000)]
          LayoutTable {TABLE} at (4,4) size 199x19
            LayoutTableSection {TBODY} at (0,0) size 199x19
              LayoutTableRow {TR} at (0,0) size 199x19
                LayoutTableCell {TD} at (0,0) size 7x19 [r=0 c=0 rs=1 cs=1]
                  LayoutText {#text} at (0,1) size 7x18
                    text run at (0,1) width 7 RTL: "\x{5D2}"
                LayoutTableCell {TD} at (7,0) size 10x19 [r=0 c=1 rs=1 cs=1]
                  LayoutText {#text} at (0,1) size 9x18
                    text run at (0,1) width 9 RTL: "\x{5D1}"
                LayoutTableCell {TD} at (17,0) size 11x19 [r=0 c=2 rs=1 cs=1]
                  LayoutText {#text} at (0,1) size 11x18
                    text run at (0,1) width 11 RTL: "\x{5D0}"
                LayoutTableCell {TD} at (28,0) size 4x18 [r=0 c=3 rs=1 cs=1]
                  LayoutText {#text} at (0,0) size 4x18
                    text run at (0,0) width 4: " "
                LayoutTableCell {TD} at (32,0) size 12x18 [r=0 c=4 rs=1 cs=1]
                  LayoutText {#text} at (0,0) size 12x18
                    text run at (0,0) width 12: "A"
                LayoutTableCell {TD} at (44,0) size 11x18 [r=0 c=5 rs=1 cs=1]
                  LayoutText {#text} at (0,0) size 11x18
                    text run at (0,0) width 11: "B"
                LayoutTableCell {TD} at (55,0) size 11x18 [r=0 c=6 rs=1 cs=1]
                  LayoutText {#text} at (0,0) size 11x18
                    text run at (0,0) width 11: "C"
                LayoutTableCell {TD} at (66,0) size 4x18 [r=0 c=7 rs=1 cs=1]
                  LayoutText {#text} at (0,0) size 4x18
                    text run at (0,0) width 4: " "
                LayoutTableCell {TD} at (70,0) size 9x18 [r=0 c=8 rs=1 cs=1]
                  LayoutText {#text} at (0,0) size 9x18
                    text run at (0,0) width 9: "F"
                LayoutTableCell {TD} at (79,0) size 10x18 [r=0 c=9 rs=1 cs=1]
                  LayoutText {#text} at (0,0) size 10x18
                    text run at (0,0) width 10: "E"
                LayoutTableCell {TD} at (89,0) size 12x18 [r=0 c=10 rs=1 cs=1]
                  LayoutText {#text} at (0,0) size 12x18
                    text run at (0,0) width 12: "D"
                LayoutTableCell {TD} at (101,0) size 4x18 [r=0 c=11 rs=1 cs=1]
                  LayoutText {#text} at (0,0) size 4x18
                    text run at (0,0) width 4: " "
                LayoutTableCell {TD} at (105,0) size 6x19 [r=0 c=12 rs=1 cs=1]
                  LayoutText {#text} at (0,1) size 6x18
                    text run at (0,1) width 6 RTL: "\x{5D5}"
                LayoutTableCell {TD} at (111,0) size 12x19 [r=0 c=13 rs=1 cs=1]
                  LayoutText {#text} at (0,1) size 12x18
                    text run at (0,1) width 12 RTL: "\x{5D4}"
                LayoutTableCell {TD} at (123,0) size 9x19 [r=0 c=14 rs=1 cs=1]
                  LayoutText {#text} at (0,1) size 9x18
                    text run at (0,1) width 9 RTL: "\x{5D3}"
                LayoutTableCell {TD} at (132,0) size 4x18 [r=0 c=15 rs=1 cs=1]
                  LayoutText {#text} at (0,0) size 4x18
                    text run at (0,0) width 4: " "
                LayoutTableCell {TD} at (136,0) size 12x18 [r=0 c=16 rs=1 cs=1]
                  LayoutText {#text} at (0,0) size 12x18
                    text run at (0,0) width 12: "G"
                LayoutTableCell {TD} at (148,0) size 12x18 [r=0 c=17 rs=1 cs=1]
                  LayoutText {#text} at (0,0) size 12x18
                    text run at (0,0) width 12: "H"
                LayoutTableCell {TD} at (160,0) size 6x18 [r=0 c=18 rs=1 cs=1]
                  LayoutText {#text} at (0,0) size 6x18
                    text run at (0,0) width 6: "I"
                LayoutTableCell {TD} at (166,0) size 4x18 [r=0 c=19 rs=1 cs=1]
                  LayoutText {#text} at (0,0) size 4x18
                    text run at (0,0) width 4: " "
                LayoutTableCell {TD} at (170,0) size 11x19 [r=0 c=20 rs=1 cs=1]
                  LayoutText {#text} at (0,1) size 11x18
                    text run at (0,1) width 11 RTL: "\x{5D8}"
                LayoutTableCell {TD} at (181,0) size 12x19 [r=0 c=21 rs=1 cs=1]
                  LayoutText {#text} at (0,1) size 12x18
                    text run at (0,1) width 12 RTL: "\x{5D7}"
                LayoutTableCell {TD} at (193,0) size 6x19 [r=0 c=22 rs=1 cs=1]
                  LayoutText {#text} at (0,1) size 6x18
                    text run at (0,1) width 6 RTL: "\x{5D6}"
          LayoutBlockFlow {P} at (4,23) size 199x19
            LayoutText {#text} at (0,1) size 68x18
              text run at (0,1) width 27 RTL: "\x{5D0}\x{5D1}\x{5D2}"
              text run at (26,1) width 42: " ABC "
            LayoutInline {SPAN} at (0,0) size 59x18
              LayoutText {#text} at (67,1) size 59x18
                text run at (67,1) width 59 RTL override: "\x{5D3}\x{5D4}\x{5D5} DEF"
            LayoutText {#text} at (125,1) size 65x18
              text run at (125,1) width 38: " GHI "
              text run at (162,1) width 28 RTL: "\x{5D6}\x{5D7}\x{5D8}"
        LayoutText {#text} at (0,0) size 0x0
      LayoutBlockFlow {HR} at (0,423.44) size 784x2 [border: (1px inset #EEEEEE)]
      LayoutBlockFlow {P} at (0,441.44) size 784x18
        LayoutText {#text} at (0,0) size 59x18
          text run at (0,0) width 59: "(Back to "
        LayoutInline {A} at (0,0) size 161x18 [color=#0000EE]
          LayoutText {#text} at (58,0) size 161x18
            text run at (58,0) width 161: "CSS Testing Information"
        LayoutText {#text} at (218,0) size 9x18
          text run at (218,0) width 9: ", "
        LayoutInline {A} at (0,0) size 83x18 [color=#0000EE]
          LayoutText {#text} at (226,0) size 83x18
            text run at (226,0) width 83: "David Baron"
        LayoutText {#text} at (308,0) size 6x18
          text run at (308,0) width 6: ")"
      LayoutBlockFlow {P} at (0,475.44) size 784x18
        LayoutInline {A} at (0,0) size 32x18 [color=#0000EE]
          LayoutText {#text} at (0,0) size 32x18
            text run at (0,0) width 32: "LDB"
        LayoutText {#text} at (32,0) size 8x18
          text run at (32,0) width 8: ", "
        LayoutInline {A} at (0,0) size 129x18 [color=#0000EE]
          LayoutText {#text} at (40,0) size 129x18
            text run at (40,0) width 129: "dbaron@dbaron.org"
        LayoutText {#text} at (168,0) size 84x18
          text run at (168,0) width 84: ", 2001-06-05"
      LayoutBlockFlow {P} at (0,509.44) size 784x18
        LayoutText {#text} at (0,0) size 310x18
          text run at (0,0) width 310: "Modified and used with the author\x{2019}s permission."
