layer at (0,0) size 800x600
  LayoutView at (0,0) size 800x600
layer at (0,0) size 800x492
  LayoutBlockFlow {HTML} at (0,0) size 800x492
    LayoutBlockFlow {BODY} at (8,16) size 784x468
      LayoutBlockFlow {P} at (0,0) size 784x18
        LayoutText {#text} at (0,0) size 580x18
          text run at (0,0) width 580: "The T column should match the R column. The H columns uses <br/> to force line breaks."
      LayoutTable {TABLE} at (0,34) size 173x434 [border: none]
        LayoutTableSection {TBODY} at (0,0) size 172x433
          LayoutTableRow {TR} at (0,0) size 172x23
            LayoutTableCell {TD} at (0,9) size 49x4 [r=0 c=0 rs=1 cs=1]
            LayoutTableCell {TD} at (49,0) size 45x23 [border: (1px solid #008000)] [r=0 c=1 rs=1 cs=1]
              LayoutText {#text} at (3,3) size 12x18
                text run at (3,3) width 12: "H"
            LayoutTableCell {TD} at (94,0) size 33x23 [border: (1px solid #008000)] [r=0 c=2 rs=1 cs=1]
              LayoutText {#text} at (3,3) size 11x18
                text run at (3,3) width 11: "T"
            LayoutTableCell {TD} at (127,0) size 45x23 [border: (1px solid #008000)] [r=0 c=3 rs=1 cs=1]
              LayoutText {#text} at (3,3) size 11x18
                text run at (3,3) width 11: "R"
          LayoutTableRow {TR} at (0,23) size 172x41
            LayoutTableCell {TD} at (0,32) size 49x23 [border: (1px solid #008000)] [r=1 c=0 rs=1 cs=1]
              LayoutText {#text} at (3,3) size 11x18
                text run at (3,3) width 11: "1"
            LayoutTableCell {TD} at (49,23) size 45x41 [border: (1px solid #008000)] [r=1 c=1 rs=1 cs=1]
              LayoutText {#text} at (3,3) size 16x18
                text run at (3,3) width 11 RTL: "\x{5D0}"
                text run at (13,3) width 6: "."
              LayoutBR {BR} at (18,18) size 1x0
              LayoutText {#text} at (3,21) size 11x18
                text run at (3,21) width 11: "b"
            LayoutTableCell {TD} at (94,23) size 33x41 [border: (1px solid #008000)] [r=1 c=2 rs=1 cs=1]
              LayoutText {#text} at (3,3) size 16x36
                text run at (3,3) width 11 RTL: "\x{5D0}"
                text run at (13,3) width 6: "."
                text run at (3,21) width 11: "b"
            LayoutTableCell {TD} at (127,23) size 45x41 [border: (1px solid #008000)] [r=1 c=3 rs=1 cs=1]
              LayoutBlockFlow {P} at (3,3) size 40x18
                LayoutText {#text} at (0,0) size 16x18
                  text run at (0,0) width 16 LTR override: "\x{5D0}."
              LayoutBlockFlow {P} at (3,21) size 40x18
                LayoutText {#text} at (0,0) size 11x18
                  text run at (0,0) width 11 LTR override: "b"
          LayoutTableRow {TR} at (0,64) size 172x41
            LayoutTableCell {TD} at (0,73) size 49x23 [border: (1px solid #008000)] [r=2 c=0 rs=1 cs=1]
              LayoutText {#text} at (3,3) size 11x18
                text run at (3,3) width 11: "2"
            LayoutTableCell {TD} at (49,64) size 45x41 [border: (1px solid #008000)] [r=2 c=1 rs=1 cs=1]
              LayoutText {#text} at (3,3) size 16x18
                text run at (3,3) width 11 RTL: "\x{5D0}"
                text run at (13,3) width 6: "."
              LayoutBR {BR} at (18,18) size 1x0
              LayoutText {#text} at (3,21) size 9x18
                text run at (3,21) width 9 RTL: "\x{5D1}"
            LayoutTableCell {TD} at (94,64) size 33x41 [border: (1px solid #008000)] [r=2 c=2 rs=1 cs=1]
              LayoutText {#text} at (3,3) size 16x36
                text run at (3,3) width 16 RTL: "\x{5D0}."
                text run at (3,21) width 9 RTL: "\x{5D1}"
            LayoutTableCell {TD} at (127,64) size 45x41 [border: (1px solid #008000)] [r=2 c=3 rs=1 cs=1]
              LayoutBlockFlow {P} at (3,3) size 40x18
                LayoutText {#text} at (0,0) size 16x18
                  text run at (0,0) width 16 LTR override: ".\x{5D0}"
              LayoutBlockFlow {P} at (3,21) size 40x18
                LayoutText {#text} at (0,0) size 9x18
                  text run at (0,0) width 9 LTR override: "\x{5D1}"
          LayoutTableRow {TR} at (0,105) size 172x41
            LayoutTableCell {TD} at (0,114) size 49x23 [border: (1px solid #008000)] [r=3 c=0 rs=1 cs=1]
              LayoutText {#text} at (3,3) size 11x18
                text run at (3,3) width 11: "3"
            LayoutTableCell {TD} at (49,105) size 45x41 [border: (1px solid #008000)] [r=3 c=1 rs=1 cs=1]
              LayoutText {#text} at (3,3) size 21x18
                text run at (3,3) width 21 RTL: "\x{5D0}\x{5D0}"
              LayoutBR {BR} at (3,18) size 0x0
              LayoutText {#text} at (3,21) size 26x18
                text run at (3,21) width 11: "b"
                text run at (13,21) width 6 RTL: " "
                text run at (18,21) width 11: "1"
            LayoutTableCell {TD} at (94,105) size 33x41 [border: (1px solid #008000)] [r=3 c=2 rs=1 cs=1]
              LayoutText {#text} at (3,3) size 26x36
                text run at (3,3) width 21 RTL: "\x{5D0}\x{5D0}"
                text run at (3,21) width 11: "b"
                text run at (13,21) width 6 RTL: " "
                text run at (18,21) width 11: "1"
            LayoutTableCell {TD} at (127,105) size 45x41 [border: (1px solid #008000)] [r=3 c=3 rs=1 cs=1]
              LayoutBlockFlow {P} at (3,3) size 40x18
                LayoutText {#text} at (0,0) size 21x18
                  text run at (0,0) width 21 LTR override: "\x{5D0}\x{5D0}"
              LayoutBlockFlow {P} at (3,21) size 40x18
                LayoutText {#text} at (0,0) size 26x18
                  text run at (0,0) width 26 LTR override: "b 1"
          LayoutTableRow {TR} at (0,146) size 172x41
            LayoutTableCell {TD} at (0,155) size 49x23 [border: (1px solid #008000)] [r=4 c=0 rs=1 cs=1]
              LayoutText {#text} at (3,3) size 11x18
                text run at (3,3) width 11: "4"
            LayoutTableCell {TD} at (49,146) size 45x41 [border: (1px solid #008000)] [r=4 c=1 rs=1 cs=1]
              LayoutText {#text} at (3,3) size 18x18
                text run at (3,3) width 18: "aa"
              LayoutBR {BR} at (3,18) size 0x0
              LayoutText {#text} at (3,21) size 26x18
                text run at (3,21) width 11: "b"
                text run at (13,21) width 6 RTL: " "
                text run at (18,21) width 11: "1"
            LayoutTableCell {TD} at (94,146) size 33x41 [border: (1px solid #008000)] [r=4 c=2 rs=1 cs=1]
              LayoutText {#text} at (3,3) size 26x36
                text run at (3,3) width 18: "aa"
                text run at (3,21) width 26: "1 b"
            LayoutTableCell {TD} at (127,146) size 45x41 [border: (1px solid #008000)] [r=4 c=3 rs=1 cs=1]
              LayoutBlockFlow {P} at (3,3) size 40x18
                LayoutText {#text} at (0,0) size 18x18
                  text run at (0,0) width 18 LTR override: "aa"
              LayoutBlockFlow {P} at (3,21) size 40x18
                LayoutText {#text} at (0,0) size 26x18
                  text run at (0,0) width 26 LTR override: "1 b"
          LayoutTableRow {TR} at (0,187) size 172x41
            LayoutTableCell {TD} at (0,196) size 49x23 [border: (1px solid #008000)] [r=5 c=0 rs=1 cs=1]
              LayoutText {#text} at (3,3) size 11x18
                text run at (3,3) width 11: "5"
            LayoutTableCell {TD} at (49,187) size 45x41 [border: (1px solid #008000)] [r=5 c=1 rs=1 cs=1]
              LayoutText {#text} at (3,3) size 21x18
                text run at (3,3) width 21 RTL: "\x{5D0}\x{5D0}"
              LayoutBR {BR} at (3,18) size 0x0
              LayoutText {#text} at (3,21) size 25x18
                text run at (3,21) width 15 RTL: " \x{5D1}"
                text run at (17,21) width 11: "1"
            LayoutTableCell {TD} at (94,187) size 33x41 [border: (1px solid #008000)] [r=5 c=2 rs=1 cs=1]
              LayoutText {#text} at (3,3) size 25x36
                text run at (3,3) width 21 RTL: "\x{5D0}\x{5D0}"
                text run at (3,21) width 15 RTL: " \x{5D1}"
                text run at (17,21) width 11: "1"
            LayoutTableCell {TD} at (127,187) size 45x41 [border: (1px solid #008000)] [r=5 c=3 rs=1 cs=1]
              LayoutBlockFlow {P} at (3,3) size 40x18
                LayoutText {#text} at (0,0) size 21x18
                  text run at (0,0) width 21 LTR override: "\x{5D0}\x{5D0}"
              LayoutBlockFlow {P} at (3,21) size 40x18
                LayoutText {#text} at (0,0) size 25x18
                  text run at (0,0) width 25 LTR override: "\x{5D1} 1"
          LayoutTableRow {TR} at (0,228) size 172x41
            LayoutTableCell {TD} at (0,237) size 49x23 [border: (1px solid #008000)] [r=6 c=0 rs=1 cs=1]
              LayoutText {#text} at (3,3) size 11x18
                text run at (3,3) width 11: "6"
            LayoutTableCell {TD} at (49,228) size 45x41 [border: (1px solid #008000)] [r=6 c=1 rs=1 cs=1]
              LayoutText {#text} at (3,3) size 18x18
                text run at (3,3) width 18: "aa"
              LayoutBR {BR} at (3,18) size 0x0
              LayoutText {#text} at (3,21) size 25x18
                text run at (3,21) width 15 RTL: " \x{5D1}"
                text run at (17,21) width 11: "1"
            LayoutTableCell {TD} at (94,228) size 33x41 [border: (1px solid #008000)] [r=6 c=2 rs=1 cs=1]
              LayoutText {#text} at (3,3) size 25x36
                text run at (3,3) width 18: "aa"
                text run at (3,21) width 15 RTL: " \x{5D1}"
                text run at (17,21) width 11: "1"
            LayoutTableCell {TD} at (127,228) size 45x41 [border: (1px solid #008000)] [r=6 c=3 rs=1 cs=1]
              LayoutBlockFlow {P} at (3,3) size 40x18
                LayoutText {#text} at (0,0) size 18x18
                  text run at (0,0) width 18 LTR override: "aa"
              LayoutBlockFlow {P} at (3,21) size 40x18
                LayoutText {#text} at (0,0) size 25x18
                  text run at (0,0) width 25 LTR override: "\x{5D1} 1"
          LayoutTableRow {TR} at (0,269) size 172x41
            LayoutTableCell {TD} at (0,278) size 49x23 [border: (1px solid #008000)] [r=7 c=0 rs=1 cs=1]
              LayoutText {#text} at (3,3) size 11x18
                text run at (3,3) width 11: "7"
            LayoutTableCell {TD} at (49,269) size 45x41 [border: (1px solid #008000)] [r=7 c=1 rs=1 cs=1]
              LayoutText {#text} at (3,3) size 20x18
                text run at (3,3) width 20: "a ("
              LayoutBR {BR} at (22,18) size 1x0
              LayoutText {#text} at (3,21) size 21x18
                text run at (3,21) width 21: "] b"
            LayoutTableCell {TD} at (94,269) size 33x41 [border: (1px solid #008000)] [r=7 c=2 rs=1 cs=1]
              LayoutText {#text} at (3,3) size 21x36
                text run at (3,3) width 20: "a ("
                text run at (3,21) width 21: "] b"
            LayoutTableCell {TD} at (127,269) size 45x41 [border: (1px solid #008000)] [r=7 c=3 rs=1 cs=1]
              LayoutBlockFlow {P} at (3,3) size 40x18
                LayoutText {#text} at (0,0) size 20x18
                  text run at (0,0) width 20 LTR override: "a ("
              LayoutBlockFlow {P} at (3,21) size 40x18
                LayoutText {#text} at (0,0) size 21x18
                  text run at (0,0) width 21 LTR override: "] b"
          LayoutTableRow {TR} at (0,310) size 172x41
            LayoutTableCell {TD} at (0,319) size 49x23 [border: (1px solid #008000)] [r=8 c=0 rs=1 cs=1]
              LayoutText {#text} at (3,3) size 11x18
                text run at (3,3) width 11: "8"
            LayoutTableCell {TD} at (49,310) size 45x41 [border: (1px solid #008000)] [r=8 c=1 rs=1 cs=1]
              LayoutText {#text} at (3,3) size 21x18
                text run at (3,3) width 11 RTL: "\x{5D0}"
                text run at (13,3) width 11: " ("
              LayoutBR {BR} at (23,18) size 1x0
              LayoutText {#text} at (3,21) size 21x18
                text run at (3,21) width 21: "] b"
            LayoutTableCell {TD} at (94,310) size 33x41 [border: (1px solid #008000)] [r=8 c=2 rs=1 cs=1]
              LayoutText {#text} at (3,3) size 21x36
                text run at (3,3) width 11 RTL: "\x{5D0}"
                text run at (13,3) width 11: " ("
                text run at (3,21) width 21: "] b"
            LayoutTableCell {TD} at (127,310) size 45x41 [border: (1px solid #008000)] [r=8 c=3 rs=1 cs=1]
              LayoutBlockFlow {P} at (3,3) size 40x18
                LayoutText {#text} at (0,0) size 21x18
                  text run at (0,0) width 21 LTR override: "\x{5D0} ("
              LayoutBlockFlow {P} at (3,21) size 40x18
                LayoutText {#text} at (0,0) size 21x18
                  text run at (0,0) width 21 LTR override: "] b"
          LayoutTableRow {TR} at (0,351) size 172x41
            LayoutTableCell {TD} at (0,360) size 49x23 [border: (1px solid #008000)] [r=9 c=0 rs=1 cs=1]
              LayoutText {#text} at (3,3) size 11x18
                text run at (3,3) width 11: "9"
            LayoutTableCell {TD} at (49,351) size 45x41 [border: (1px solid #008000)] [r=9 c=1 rs=1 cs=1]
              LayoutText {#text} at (3,3) size 20x18
                text run at (3,3) width 20: "a ("
              LayoutBR {BR} at (22,18) size 1x0
              LayoutText {#text} at (3,21) size 20x18
                text run at (3,21) width 11: "] "
                text run at (13,21) width 10 RTL: "\x{5D1}"
            LayoutTableCell {TD} at (94,351) size 33x41 [border: (1px solid #008000)] [r=9 c=2 rs=1 cs=1]
              LayoutText {#text} at (3,3) size 20x36
                text run at (3,3) width 20: "a ("
                text run at (3,21) width 11: "] "
                text run at (13,21) width 10 RTL: "\x{5D1}"
            LayoutTableCell {TD} at (127,351) size 45x41 [border: (1px solid #008000)] [r=9 c=3 rs=1 cs=1]
              LayoutBlockFlow {P} at (3,3) size 40x18
                LayoutText {#text} at (0,0) size 20x18
                  text run at (0,0) width 20 LTR override: "a ("
              LayoutBlockFlow {P} at (3,21) size 40x18
                LayoutText {#text} at (0,0) size 20x18
                  text run at (0,0) width 20 LTR override: "] \x{5D1}"
          LayoutTableRow {TR} at (0,392) size 172x41
            LayoutTableCell {TD} at (0,401) size 49x23 [border: (1px solid #008000)] [r=10 c=0 rs=1 cs=1]
              LayoutText {#text} at (3,3) size 21x18
                text run at (3,3) width 21: "10"
            LayoutTableCell {TD} at (49,392) size 45x41 [border: (1px solid #008000)] [r=10 c=1 rs=1 cs=1]
              LayoutText {#text} at (3,3) size 21x18
                text run at (3,3) width 11 RTL: "\x{5D0}"
                text run at (13,3) width 11: " ("
              LayoutBR {BR} at (23,18) size 1x0
              LayoutText {#text} at (3,21) size 20x18
                text run at (3,21) width 11: "] "
                text run at (13,21) width 10 RTL: "\x{5D1}"
            LayoutTableCell {TD} at (94,392) size 33x41 [border: (1px solid #008000)] [r=10 c=2 rs=1 cs=1]
              LayoutText {#text} at (3,3) size 21x36
                text run at (3,3) width 21 RTL: "\x{5D0} ("
                text run at (3,21) width 20 RTL: "] \x{5D1}"
            LayoutTableCell {TD} at (127,392) size 45x41 [border: (1px solid #008000)] [r=10 c=3 rs=1 cs=1]
              LayoutBlockFlow {P} at (3,3) size 40x18
                LayoutText {#text} at (0,0) size 21x18
                  text run at (0,0) width 21 LTR override: ") \x{5D0}"
              LayoutBlockFlow {P} at (3,21) size 40x18
                LayoutText {#text} at (0,0) size 20x18
                  text run at (0,0) width 20 LTR override: "\x{5D1} ["
