layer at (0,0) size 800x600
  LayoutView at (0,0) size 800x600
layer at (0,0) size 800x87
  LayoutBlockFlow {HTML} at (0,0) size 800x87
    LayoutBlockFlow {BODY} at (8,16) size 784x55
      LayoutBlockFlow {P} at (0,0) size 784x18
        LayoutText {#text} at (0,0) size 480x18
          text run at (0,0) width 480: "The following should look like: Arabic characters 123.4 Arabic characters."
      LayoutBlockFlow {P} at (0,34) size 784x21
        LayoutText {#text} at (0,1) size 77x18
          text run at (0,1) width 19 RTL: " \x{644}\x{645}\x{646}"
          text run at (18,1) width 37: "123.4"
          text run at (54,1) width 23 RTL: "\x{627}\x{628}\x{62C} "
