layer at (0,0) size 800x600
  LayoutView at (0,0) size 800x600
layer at (0,0) size 800x600
  LayoutBlockFlow {HTML} at (0,0) size 800x600
    LayoutBlockFlow {BODY} at (8,8) size 784x584
      LayoutBlockFlow {P} at (0,0) size 784x18
        LayoutText {#text} at (456,0) size 328x18
          text run at (456,0) width 328: "This test tests bidi mirroring in Hebrew and Arabic"
      LayoutBlockFlow {P} at (0,34) size 784x18
        LayoutText {#text} at (317,0) size 467x18
          text run at (317,0) width 467: "The parenthesis should be displayed as \"(...)...\" visually from left to right"
      LayoutBlockFlow {DIV} at (0,68) size 784x19
        LayoutText {#text} at (750,1) size 34x18
          text run at (750,1) width 34 RTL: "\x{5E9}(\x{5E9})"
      LayoutBlockFlow {DIV} at (0,87) size 784x19
        LayoutText {#text} at (760,1) size 24x18
          text run at (760,1) width 24 RTL: "\x{5C6}(\x{5C6})"
      LayoutBlockFlow {DIV} at (0,106) size 784x21
        LayoutText {#text} at (758,1) size 26x18
          text run at (758,1) width 26 RTL: "\x{644}(\x{644})"
