layer at (0,0) size 800x600
  LayoutView at (0,0) size 800x600
layer at (0,0) size 800x103
  LayoutBlockFlow {HTML} at (0,0) size 800x103
    LayoutBlockFlow {BODY} at (8,16) size 784x71
      LayoutBlockFlow {P} at (0,0) size 784x36
        LayoutText {#text} at (0,0) size 745x36
          text run at (0,0) width 745: "The three boxes should be the same. The order in each box should be: Roman letters, Hebrew letters, digits, Hebrew"
          text run at (0,18) width 141: "letters, Roman letters."
      LayoutBlockFlow {P} at (0,52) size 784x19
        LayoutInline {SPAN} at (0,0) size 136x20 [border: (1px solid #008000)]
          LayoutText {#text} at (1,1) size 134x18
            text run at (1,1) width 27: "abc "
            text run at (27,1) width 29 RTL: " \x{5D3}\x{5D4}\x{5D5}"
            text run at (55,1) width 25: "123"
            text run at (79,1) width 31 RTL: "\x{5D0}\x{5D1}\x{5D2} "
            text run at (109,1) width 26: " def"
        LayoutText {#text} at (135,1) size 5x18
          text run at (135,1) width 5: " "
        LayoutInline {SPAN} at (0,0) size 136x20 [border: (1px solid #008000)]
          LayoutText {#text} at (140,1) size 134x18
            text run at (140,1) width 27: "abc "
            text run at (166,1) width 30 RTL: " \x{5D3}\x{5D4}\x{5D5}"
            text run at (195,1) width 25: "123"
            text run at (219,1) width 31 RTL: "\x{5D0}\x{5D1}\x{5D2} "
            text run at (249,1) width 25: " def"
        LayoutText {#text} at (274,1) size 5x18
          text run at (274,1) width 5: " "
        LayoutInline {SPAN} at (0,0) size 136x20 [border: (1px solid #008000)]
          LayoutText {#text} at (279,1) size 134x18
            text run at (279,1) width 27: "abc "
            text run at (305,1) width 30 RTL: " \x{5D3}\x{5D4}\x{5D5}"
            text run at (334,1) width 25: "123"
            text run at (358,1) width 31 RTL: "\x{5D0}\x{5D1}\x{5D2} "
            text run at (388,1) width 25: " def"
        LayoutText {#text} at (0,0) size 0x0
