layer at (0,0) size 800x600
  LayoutView at (0,0) size 800x600
layer at (0,0) size 800x600
  LayoutBlockFlow {HTML} at (0,0) size 800x600
    LayoutBlockFlow {BODY} at (8,8) size 784x584
      LayoutBlockFlow {P} at (0,0) size 784x36
        LayoutText {#text} at (0,0) size 592x18
          text run at (0,0) width 592: "This tests that bidirectional text is correctly rendered when using ATSUI in list box controls."
        LayoutBR {BR} at (591,14) size 1x0
        LayoutText {#text} at (0,18) size 578x18
          text run at (0,18) width 578: "The order of the text below each list box should match the order of the select's option text."
      LayoutBlockFlow (anonymous) at (0,52) size 784x48
        LayoutText {#text} at (0,0) size 102x18
          text run at (0,0) width 102: "1) direction: rtl;"
        LayoutBR {BR} at (101,14) size 1x0
        LayoutBR {BR} at (77,44) size 1x0
      LayoutBlockFlow {DIV} at (0,100) size 100x19
        LayoutText {#text} at (18,1) size 82x18
          text run at (18,1) width 60 RTL: "\x{5D0}\x{5E4}\x{5E8}\x{5E1}\x{5DE}\x{5D5}\x{5DF}"
          text run at (77,1) width 23: "a\x{300}bc"
      LayoutBlockFlow (anonymous) at (0,119) size 784x66
        LayoutBR {BR} at (0,0) size 0x18
        LayoutText {#text} at (0,18) size 102x18
          text run at (0,18) width 102: "2) direction: ltr;"
        LayoutBR {BR} at (101,32) size 1x0
        LayoutBR {BR} at (77,62) size 1x0
      LayoutBlockFlow {DIV} at (0,185) size 100x19
        LayoutText {#text} at (0,1) size 82x18
          text run at (0,1) width 23: "a\x{300}bc"
          text run at (22,1) width 60 RTL: "\x{5D0}\x{5E4}\x{5E8}\x{5E1}\x{5DE}\x{5D5}\x{5DF}"
      LayoutBlockFlow (anonymous) at (0,204) size 784x66
        LayoutBR {BR} at (0,0) size 0x18
        LayoutText {#text} at (0,18) size 72x18
          text run at (0,18) width 72: "3) No style"
        LayoutBR {BR} at (71,32) size 1x0
        LayoutBR {BR} at (77,62) size 1x0
      LayoutBlockFlow {DIV} at (0,270) size 100x19
        LayoutText {#text} at (0,1) size 82x18
          text run at (0,1) width 23: "a\x{300}bc"
          text run at (22,1) width 60 RTL: "\x{5D0}\x{5E4}\x{5E8}\x{5E1}\x{5DE}\x{5D5}\x{5DF}"
      LayoutBlockFlow (anonymous) at (0,289) size 784x18
        LayoutBR {BR} at (0,0) size 0x18
layer at (8,78) size 77x30 clip at (20,79) size 64x28
  LayoutListBox {SELECT} at (0,17.63) size 77.13x30.38 [bgcolor=#FFFFFF] [border: (1px solid #999999)]
    LayoutBlockFlow {OPTION} at (12,1) size 64.13x14.19
      LayoutText {#text} at (2,0) size 61x13
        text run at (2,0) width 42 RTL: "\x{5D0}\x{5E4}\x{5E8}\x{5E1}\x{5DE}\x{5D5}\x{5DF}"
        text run at (43,0) width 20: "a\x{300}bc"
layer at (8,163) size 77x30 clip at (9,164) size 64x28
  LayoutListBox {SELECT} at (0,35.63) size 77.13x30.38 [bgcolor=#FFFFFF] [border: (1px solid #999999)]
    LayoutBlockFlow {OPTION} at (1,1) size 64.13x14.19
      LayoutText {#text} at (2,0) size 61x13
        text run at (2,0) width 19: "a\x{300}bc"
        text run at (20,0) width 43 RTL: "\x{5D0}\x{5E4}\x{5E8}\x{5E1}\x{5DE}\x{5D5}\x{5DF}"
layer at (8,248) size 77x30 clip at (9,249) size 64x28
  LayoutListBox {SELECT} at (0,35.63) size 77.13x30.38 [bgcolor=#FFFFFF] [border: (1px solid #999999)]
    LayoutBlockFlow {OPTION} at (1,1) size 64.13x14.19
      LayoutText {#text} at (2,0) size 61x13
        text run at (2,0) width 19: "a\x{300}bc"
        text run at (20,0) width 43 RTL: "\x{5D0}\x{5E4}\x{5E8}\x{5E1}\x{5DE}\x{5D5}\x{5DF}"
