layer at (0,0) size 800x600
  LayoutView at (0,0) size 800x600
layer at (0,0) size 800x600
  LayoutBlockFlow {HTML} at (0,0) size 800x600
    LayoutBlockFlow {BODY} at (8,8) size 784x584
      LayoutBlockFlow {P} at (0,0) size 784x18
        LayoutText {#text} at (0,0) size 279x18
          text run at (0,0) width 279: "This test covers Hebrew vowel positioning."
      LayoutBlockFlow {HR} at (0,34) size 784x2 [border: (1px inset #EEEEEE)]
      LayoutBlockFlow {P} at (0,52) size 784x18
        LayoutText {#text} at (0,0) size 467x18
          text run at (0,0) width 467: "The vowel (two vertical dots) should be centered beneath the main letter."
      LayoutBlockFlow {DIV} at (0,86) size 784x97
        LayoutText {#text} at (57,5) size 74x92
          text run at (57,5) width 74 RTL: "\x{5E1}\x{5B0} "
        LayoutText {#text} at (0,5) size 58x92
          text run at (0,5) width 58 RTL: "\x{5E9}\x{5B0}"
        LayoutText {#text} at (0,0) size 0x0
      LayoutBlockFlow {HR} at (0,191) size 784x2 [border: (1px inset #EEEEEE)]
      LayoutBlockFlow {P} at (0,209) size 784x18
        LayoutText {#text} at (0,0) size 650x18
          text run at (0,0) width 650: "The dot should be positioned on the right side of the first letter, and on the left side of the second one."
      LayoutBlockFlow {DIV} at (0,243) size 784x194
        LayoutText {#text} at (0,5) size 58x92
          text run at (0,5) width 58 RTL: "\x{5E9}\x{5C1}"
        LayoutBR {BR} at (57,77) size 1x0
        LayoutText {#text} at (0,102) size 58x92
          text run at (0,102) width 58 RTL: "\x{5E9}\x{5C2}"
        LayoutText {#text} at (0,0) size 0x0
