layer at (0,0) size 800x600
  LayoutView at (0,0) size 800x600
layer at (0,0) size 800x600
  LayoutBlockFlow {HTML} at (0,0) size 800x600
    LayoutBlockFlow {BODY} at (8,8) size 784x584
      LayoutText {#text} at (0,0) size 769x54
        text run at (0,0) width 769: "This tests the width of a breaking space after a Hindi character to ensure that it's measured properly and enough space is"
        text run at (0,18) width 761: "left for it. Neither the Hindi on the button below nor the same text on two lines below that should be truncated at either"
        text run at (0,36) width 28: "end."
      LayoutBR {BR} at (27,50) size 1x0
      LayoutButton {INPUT} at (0,54) size 99.25x18 [bgcolor=#C0C0C0]
        LayoutBlockFlow (anonymous) at (8,2) size 83.25x17
          LayoutText {#text} at (0,1) size 84x13
            text run at (0,1) width 84: "\x{915}\x{93F}\x{938}\x{940} \x{92D}\x{940} \x{924}\x{930}\x{939} \x{906}\x{917}\x{947} \x{92C}"
      LayoutBR {BR} at (99,68) size 1x0
      LayoutInline {SPAN} at (0,0) size 113x18
        LayoutText {#text} at (0,76) size 113x18
          text run at (0,76) width 113: "\x{915}\x{93F}\x{938}\x{940} \x{92D}\x{940} \x{924}\x{930}\x{939} \x{906}\x{917}\x{947} \x{92C}"
      LayoutText {#text} at (113,76) size 25x18
        text run at (113,76) width 25: "Foo"
      LayoutBR {BR} at (137,90) size 1x0
      LayoutInline {SPAN} at (0,0) size 113x17
        LayoutText {#text} at (0,101) size 113x17
          text run at (0,101) width 113: "\x{915}\x{93F}\x{938}\x{940} \x{92D}\x{940} \x{924}\x{930}\x{939} \x{906}\x{917}\x{947} \x{92C}"
      LayoutText {#text} at (113,101) size 25x18
        text run at (113,101) width 25: "Foo"
      LayoutBR {BR} at (137,115) size 1x0
