layer at (0,0) size 800x600
  LayoutView at (0,0) size 800x600
layer at (0,0) size 800x600
  LayoutBlockFlow {HTML} at (0,0) size 800x600
    LayoutBlockFlow {BODY} at (8,8) size 784x576
      LayoutBlockFlow {P} at (0,0) size 784x36
        LayoutText {#text} at (0,0) size 774x36
          text run at (0,0) width 774: "This HTML tests if the 'while-space' property controls the behavors of line-break characters (U+000A and U+000D) in a"
          text run at (0,18) width 139: "complex text (Hindi)."
      LayoutBlockFlow {P} at (0,52) size 784x43
        LayoutText {#text} at (0,4) size 730x39
          text run at (0,4) width 730: "If this test succeeds, you can see this Hindi word \"\x{935}\x{93F}\x{937}\x{92F}\x{94B}\x{902}\" repeated three times separated by a space in the first two"
          text run at (0,25) width 503: "paragraphs. In the third paragraphs, it'll be shown three times in separate lines."
      LayoutBlockFlow {P} at (0,111) size 784x25
        LayoutText {#text} at (0,4) size 127x18
          text run at (0,4) width 127: "1. \x{935}\x{93F}\x{937}\x{92F}\x{94B}\x{902} \x{935}\x{93F}\x{937}\x{92F}\x{94B}\x{902}\x{D}\x{935}\x{93F}\x{937}\x{92F}\x{94B}\x{902}"
      LayoutBlockFlow {P} at (0,152) size 784x25
        LayoutText {#text} at (0,4) size 127x18
          text run at (0,4) width 127: "2. \x{935}\x{93F}\x{937}\x{92F}\x{94B}\x{902} \x{935}\x{93F}\x{937}\x{92F}\x{94B}\x{902}\x{D}\x{935}\x{93F}\x{937}\x{92F}\x{94B}\x{902}"
      LayoutBlockFlow {P} at (0,193) size 784x68
        LayoutText {#text} at (0,0) size 71x65
          text run at (0,0) width 12: "3."
          text run at (12,0) width 0: " "
          text run at (0,22) width 36: "\x{935}\x{93F}\x{937}\x{92F}\x{94B}\x{902}"
          text run at (35,22) width 1: " "
          text run at (0,47) width 71: "\x{935}\x{93F}\x{937}\x{92F}\x{94B}\x{902}\x{D}\x{935}\x{93F}\x{937}\x{92F}\x{94B}\x{902}"
