layer at (0,0) size 800x600
  LayoutView at (0,0) size 800x600
layer at (0,0) size 800x600
  LayoutBlockFlow {HTML} at (0,0) size 800x600
    LayoutBlockFlow {BODY} at (8,8) size 784x584
      LayoutBlockFlow {P} at (0,0) size 784x54
        LayoutText {#text} at (0,0) size 54x18
          text run at (0,0) width 54: "Test for "
        LayoutInline {A} at (0,0) size 69x18 [color=#0000EE]
          LayoutText {#text} at (53,0) size 69x18
            text run at (53,0) width 69: "bug 35605"
        LayoutText {#text} at (121,0) size 771x54
          text run at (121,0) width 640: ": Two lines below have one character from CJK Ideograph, one from CJK Ext A (both in BMP) and"
          text run at (0,18) width 771: "three characters from CJK Ext B (plane 2). The last group of characters are covered by Japanese fonts on Mac as well as"
          text run at (0,36) width 334: "two Chinese fonts for Ext B shipped with Windows."
      LayoutBlockFlow {DIV} at (0,70) size 784x96
        LayoutBlockFlow {DIV} at (0,0) size 784x48
          LayoutText {#text} at (0,7) size 176x37
            text run at (0,7) width 176: "\x{4E00} \x{3400} \x{D867}\x{DE8A}\x{D867}\x{DE49}\x{D867}\x{DEDB}"
        LayoutBlockFlow {DIV} at (0,48) size 784x48
          LayoutText {#text} at (0,7) size 176x37
            text run at (0,7) width 176: "\x{4E00} \x{3400} \x{D867}\x{DE8A}\x{D867}\x{DE49}\x{D867}\x{DEDB}"
