layer at (0,0) size 800x600
  LayoutView at (0,0) size 800x600
layer at (0,0) size 800x542
  LayoutBlockFlow {HTML} at (0,0) size 800x542
    LayoutBlockFlow {BODY} at (8,16) size 784x518
      LayoutBlockFlow {P} at (0,0) size 784x22
        LayoutText {#text} at (0,3) size 114x18
          text run at (0,3) width 114: "Simple text path: "
        LayoutInline {SPAN} at (0,0) size 165x18
          LayoutText {#text} at (113,3) size 165x18
            text run at (113,3) width 165: "string\x{300C}\x{3042}\x{3001}\x{5909}\x{3063}\x{FF01}\x{300D}\x{3002}"
      LayoutBlockFlow (anonymous) at (0,38) size 784x208
        LayoutBlockFlow {SPAN} at (0,0) size 22x164.45
          LayoutText {#text} at (2,0) size 18x165
            text run at (2,0) width 165: "string\x{300C}\x{3042}\x{3001}\x{5909}\x{3063}\x{FF01}\x{300D}\x{3002}"
        LayoutBR {BR} at (22,150) size 0x18
        LayoutInline {SPAN} at (0,0) size 224x18
          LayoutText {#text} at (0,171) size 224x18
            text run at (0,171) width 224: "\x{90CA}\x{5916}\x{306E}\x{304E}\x{3089}\x{304E}\x{3089}\x{3072}\x{304B}\x{308B}\x{8349}\x{306E}\x{6CE2}\x{3002}"
        LayoutBR {BR} at (224,171) size 0x18
        LayoutInline {SPAN} at (0,0) size 314x18
          LayoutText {#text} at (0,190) size 314x18
            text run at (0,190) width 314: "ABCDEFGHIJKLM abcdefghijklm 1234567890"
        LayoutBR {BR} at (313,190) size 1x18
      LayoutBlockFlow {HR} at (0,254) size 784x2 [border: (1px inset #EEEEEE)]
      LayoutBlockFlow {P} at (0,272) size 784x22
        LayoutText {#text} at (0,3) size 127x18
          text run at (0,3) width 127: "Complex text path: "
        LayoutInline {SPAN} at (0,0) size 166x18
          LayoutText {#text} at (126,3) size 166x18
            text run at (126,3) width 166: "string\x{300C}\x{3042}\x{3001}\x{5909}\x{3063}\x{FF01}\x{300D}\x{3002}"
      LayoutBlockFlow (anonymous) at (0,310) size 784x208
        LayoutBlockFlow {SPAN} at (0,0) size 22x164.45
          LayoutText {#text} at (2,0) size 18x165
            text run at (2,0) width 165: "string\x{300C}\x{3042}\x{3001}\x{5909}\x{3063}\x{FF01}\x{300D}\x{3002}"
        LayoutBR {BR} at (22,150) size 0x18
        LayoutInline {SPAN} at (0,0) size 224x18
          LayoutText {#text} at (0,171) size 224x18
            text run at (0,171) width 224: "\x{90CA}\x{5916}\x{306E}\x{304E}\x{3089}\x{304E}\x{3089}\x{3072}\x{304B}\x{308B}\x{8349}\x{306E}\x{6CE2}\x{3002}"
        LayoutBR {BR} at (224,171) size 0x18
        LayoutInline {SPAN} at (0,0) size 314x18
          LayoutText {#text} at (0,190) size 314x18
            text run at (0,190) width 314: "ABCDEFGHIJKLM abcdefghijklm 1234567890"
        LayoutBR {BR} at (313,190) size 1x18
