layer at (0,0) size 800x600
  LayoutView at (0,0) size 800x600
layer at (0,0) size 800x600
  LayoutBlockFlow {HTML} at (0,0) size 800x600
    LayoutBlockFlow {BODY} at (8,8) size 784x576
      LayoutBlockFlow (anonymous) at (0,0) size 784x36
        LayoutText {#text} at (0,0) size 54x18
          text run at (0,0) width 54: "Test for "
        LayoutInline {A} at (0,0) size 69x18 [color=#0000EE]
          LayoutText {#text} at (53,0) size 69x18
            text run at (53,0) width 69: "bug 25464"
        LayoutText {#text} at (121,0) size 783x36
          text run at (121,0) width 662: ". Characters belonging to 'Common' script followed / preceded by a space should be rendered correctly."
          text run at (0,18) width 582: "Two lines below have 4 Thai currency signs (U+0E3F) and all of them should be rendered."
      LayoutBlockFlow {P} at (0,52) size 784x44
        LayoutText {#text} at (0,3) size 286x18
          text run at (0,3) width 286: "abc \x{E25}\x{E07}\x{E17}\x{E38}\x{E19}4000\x{E3F} \x{E23}\x{E31}\x{E1A}\x{E1B}\x{E23}\x{E30}\x{E01}\x{E31}\x{E19}\x{E23}\x{E32}\x{E22}\x{E44}\x{E14}\x{E49} 50000\x{E3F}/M"
        LayoutBR {BR} at (285,17) size 1x0
        LayoutText {#text} at (0,25) size 286x18
          text run at (0,25) width 286: "abc \x{E25}\x{E07}\x{E17}\x{E38}\x{E19}4000 \x{E3F}\x{E23}\x{E31}\x{E1A}\x{E1B}\x{E23}\x{E30}\x{E01}\x{E31}\x{E19}\x{E23}\x{E32}\x{E22}\x{E44}\x{E14}\x{E49} 50000\x{E3F}/M"
