layer at (0,0) size 800x600
  LayoutView at (0,0) size 800x600
layer at (0,0) size 800x300
  LayoutBlockFlow {HTML} at (0,0) size 800x300
    LayoutBlockFlow {BODY} at (8,8) size 784x284
      LayoutBlockFlow {DIV} at (0,0) size 784x284
        LayoutBlockFlow (anonymous) at (0,0) size 784x36
          LayoutText {#text} at (0,0) size 777x36
            text run at (0,0) width 777: "In all four cases below, the exclamation mark should be on the left side of the first line and on the right side of the second"
            text run at (0,18) width 28: "line."
        LayoutBlockFlow {DIV} at (0,36) size 784x248
          LayoutBR {BR} at (321,44) size 0x18
          LayoutBR {BR} at (321,106) size 0x18
          LayoutBR {BR} at (321,168) size 0x18
          LayoutText {#text} at (0,0) size 0x0
layer at (8,44) size 321x58 clip at (9,45) size 319x56
  LayoutTextControl {TEXTAREA} at (0,0) size 321x58 [bgcolor=#FFFFFF] [border: (1px solid #000000)]
    LayoutBlockFlow {DIV} at (3,3) size 315x39
      LayoutText {#text} at (286,0) size 315x26
        text run at (286,0) width 1 RTL: " "
        text run at (286,0) width 29 RTL: "\x{5E9}\x{5DC}\x{5D5}\x{5DD}!"
        text run at (0,13) width 29: "hello!"
        text run at (28,13) width 1: " "
      LayoutBR {BR} at (0,26) size 0x13
layer at (8,106) size 321x58 clip at (9,107) size 319x56
  LayoutTextControl {TEXTAREA} at (0,62) size 321x58 [bgcolor=#FFFFFF] [border: (1px solid #000000)]
    LayoutBlockFlow {DIV} at (3,3) size 315x39
      LayoutText {#text} at (286,0) size 315x26
        text run at (286,0) width 1 RTL: " "
        text run at (286,0) width 29 RTL: "\x{5E9}\x{5DC}\x{5D5}\x{5DD}!"
        text run at (0,13) width 29: "hello!"
        text run at (28,13) width 1: " "
      LayoutBR {BR} at (0,26) size 0x13
layer at (8,168) size 321x58 clip at (9,169) size 319x56
  LayoutTextControl {TEXTAREA} at (0,124) size 321x58 [bgcolor=#FFFFFF] [border: (1px solid #000000)]
    LayoutBlockFlow {DIV} at (3,3) size 315x39
      LayoutText {#text} at (286,0) size 315x26
        text run at (286,0) width 1 RTL: " "
        text run at (286,0) width 29 RTL: "\x{5E9}\x{5DC}\x{5D5}\x{5DD}!"
        text run at (0,13) width 29: "hello!"
        text run at (28,13) width 1: " "
      LayoutBR {BR} at (0,26) size 0x13
layer at (8,230) size 321x58 clip at (9,231) size 319x56
  LayoutTextControl {TEXTAREA} at (0,186) size 321x58 [bgcolor=#FFFFFF] [border: (1px solid #000000)]
    LayoutBlockFlow {DIV} at (3,3) size 315x39
      LayoutText {#text} at (286,0) size 315x26
        text run at (286,0) width 1 RTL: " "
        text run at (286,0) width 29 RTL: "\x{5E9}\x{5DC}\x{5D5}\x{5DD}!"
        text run at (0,13) width 29: "hello!"
        text run at (28,13) width 1: " "
      LayoutBR {BR} at (0,26) size 0x13
