layer at (0,0) size 800x600
  LayoutView at (0,0) size 800x600
layer at (0,0) size 800x600
  LayoutBlockFlow {HTML} at (0,0) size 800x600
    LayoutBlockFlow {BODY} at (8,8) size 784x560
      LayoutBlockFlow (anonymous) at (0,0) size 784x78
        LayoutText {#text} at (0,0) size 745x78
          text run at (0,0) width 667: "These two lines should both be Verdana. "
          text run at (666,0) width 79: "They"
          text run at (0,39) width 313: "should be identical."
      LayoutBlockFlow {P} at (0,110) size 784x78
        LayoutText {#text} at (0,0) size 745x78
          text run at (0,0) width 667: "These two lines should both be Verdana. "
          text run at (666,0) width 79: "They"
          text run at (0,39) width 313: "should be identical."
