layer at (0,0) size 800x600
  LayoutView at (0,0) size 800x600
layer at (0,0) size 800x56
  LayoutBlockFlow {HTML} at (0,0) size 800x56
    LayoutBlockFlow {BODY} at (8,8) size 784x40
      LayoutTable {TABLE} at (0,0) size 106x40 [border: none]
        LayoutTableSection (anonymous) at (0,0) size 106x2
          LayoutTableRow (anonymous) at (0,0) size 106x2
            LayoutTableCell (anonymous) at (0,0) size 106x2 [border: none] [r=0 c=0 rs=1 cs=1]
        LayoutTableSection {TBODY} at (0,2) size 106x36
          LayoutTableRow {TR} at (0,0) size 106x36
            LayoutTableCell {TD} at (0,15) size 106x6 [border: (2px solid #FFA500)] [r=0 c=0 rs=1 cs=1]
layer at (8,8) size 56x20
  LayoutBlockFlow (positioned) {CAPTION} at (8,8) size 56x20 [border: (4px solid #008000)]
    LayoutText {#text} at (4,4) size 48x12
      text run at (4,4) width 48: "xxxx"
