layer at (0,0) size 800x600
  LayoutView at (0,0) size 800x600
layer at (0,0) size 800x600 layerType: background only
layer at (8,8) size 784x240
  LayoutBlockFlow (positioned) zI: -1 {DIV} at (0,0) size 784x240 [bgcolor=#FF0000]
    LayoutText zI: -1 {#text} at (0,112) size 16x16
      text run at (0,112) width 16: "X"
layer at (0,0) size 800x600 layerType: foreground only
  LayoutBlockFlow {HTML} at (0,0) size 800x600
    LayoutBlockFlow {BODY} at (8,8) size 784x584
layer at (8,8) size 784x96
  LayoutBlockFlow (relative positioned) {DIV} at (0,0) size 784x96
    LayoutBlockFlow {DIV} at (0,0) size 784x96 [bgcolor=#00FF00]
      LayoutInline {SPAN} at (0,0) size 0x0
      LayoutBR {BR} at (0,32) size 0x16
      LayoutInline {SPAN} at (0,0) size 0x0
      LayoutText {#text} at (0,80) size 16x16
        text run at (0,80) width 16: "X"
