layer at (0,0) size 800x600
  LayoutView at (0,0) size 800x600
layer at (0,0) size 800x450
  LayoutBlockFlow {HTML} at (0,0) size 800x450
    LayoutBlockFlow {BODY} at (8,8) size 784x342
      LayoutBlockFlow {DIV} at (0,0) size 784x32
        LayoutText {#text} at (0,0) size 144x16
          text run at (0,0) width 144: "Test for "
        LayoutInline {A} at (0,0) size 736x32 [color=#0000EE]
          LayoutText {#text} at (144,0) size 736x32
            text run at (144,0) width 592: "https://bugs.webkit.org/show_bug.cgi?"
            text run at (0,16) width 128: "id=79526"
      LayoutBlockFlow {P} at (0,132) size 784x210
        LayoutText {#text} at (0,0) size 350x10
          text run at (0,0) width 350: "A green 10px border on the left of "
        LayoutInline {SPAN} at (0,0) size 500x210 [border: none (100px solid #008000)]
          LayoutText {#text} at (360,0) size 50x10
            text run at (360,0) width 50: "this,"
          LayoutBR {BR} at (410,0) size 0x10
          LayoutText {#text} at (0,10) size 500x200
            text run at (0,10) width 400: "is a"
            text run at (0,110) width 500: "pass."
