layer at (0,0) size 800x600
  LayoutView at (0,0) size 800x600
layer at (0,0) size 800x34
  LayoutBlockFlow {HTML} at (0,0) size 800x34
    LayoutBlockFlow {BODY} at (8,8) size 784x18
      LayoutText {#text} at (0,0) size 498x18
        text run at (0,0) width 498: "Tests that we paint area outline properly when the image's container is scaled."
layer at (100,100) size 100x100
  LayoutBlockFlow (positioned) {DIV} at (100,100) size 100x100
    LayoutImage {IMG} at (0,0) size 50x50
    LayoutText {#text} at (0,0) size 0x0
    LayoutInline {MAP} at (0,0) size 0x0
      LayoutInline {AREA} at (0,0) size 0x0
    LayoutText {#text} at (0,0) size 0x0
