layer at (0,0) size 800x600
  LayoutView at (0,0) size 800x600
layer at (0,0) size 800x34
  LayoutBlockFlow {HTML} at (0,0) size 800x34
    LayoutBlockFlow {BODY} at (8,8) size 784x18
      LayoutText {#text} at (0,0) size 447x18
        text run at (0,0) width 447: "Tests that we paint area outline properly when the paintroot is shifted."
layer at (5,50) size 50x54
  LayoutBlockFlow (positioned) {DIV} at (5,50) size 50x54
    LayoutImage {IMG} at (0,0) size 50x50
    LayoutText {#text} at (0,0) size 0x0
    LayoutInline {MAP} at (0,0) size 0x0
      LayoutInline {AREA} at (0,0) size 0x0
    LayoutText {#text} at (0,0) size 0x0
