layer at (0,0) size 800x600
  LayoutView at (0,0) size 800x600
layer at (0,0) size 800x541
  LayoutBlockFlow {HTML} at (0,0) size 800x541
    LayoutBlockFlow {BODY} at (8,8) size 784x525
      LayoutText {#text} at (0,0) size 255x19
        text run at (0,0) width 255: "No glyphs should extend outside the rects."
      LayoutBR {BR} at (255,0) size 0x19
      LayoutSVGRoot {svg} at (0,20) size 700x500
        LayoutSVGHiddenContainer {defs} at (50,100) size 350x350
          LayoutSVGPath {path} at (50,100) size 350x0 [fill={[type=SOLID] [color=#000000]}] [data="M 50 100 L 400 100"]
          LayoutSVGPath {path} at (50,150) size 350x0 [fill={[type=SOLID] [color=#000000]}] [data="M 400 150 L 50 150"]
          LayoutSVGPath {path} at (50,250) size 350x100 [fill={[type=SOLID] [color=#000000]}] [data="M 50 250 L 400 350"]
          LayoutSVGPath {path} at (50,450) size 350x0 [fill={[type=SOLID] [color=#000000]}] [data="M 50 450 L 400 450"]
        LayoutSVGText {text} at (41,55) size 362x57 contains 1 chunk(s)
          LayoutSVGTextPath {textPath} at (41,55) size 362x57
            LayoutSVGInlineText {#text} at (41,55) size 362x57
              chunk 1 text run 1 at (57.50,100.00) startOffset 0 endOffset 1 width 15.00: "f"
              chunk 1 text run 2 at (72.50,100.00) startOffset 1 endOffset 2 width 15.00: "f"
              chunk 1 text run 3 at (87.50,100.00) startOffset 2 endOffset 3 width 15.00: "f"
              chunk 1 text run 4 at (102.50,100.00) startOffset 3 endOffset 4 width 15.00: "f"
              chunk 1 text run 5 at (117.50,100.00) startOffset 4 endOffset 5 width 15.00: "f"
              chunk 1 text run 6 at (132.50,100.00) startOffset 5 endOffset 6 width 15.00: "f"
              chunk 1 text run 7 at (147.50,100.00) startOffset 6 endOffset 7 width 15.00: "f"
              chunk 1 text run 8 at (162.50,100.00) startOffset 7 endOffset 8 width 15.00: "f"
              chunk 1 text run 9 at (177.50,100.00) startOffset 8 endOffset 9 width 15.00: "f"
              chunk 1 text run 10 at (192.50,100.00) startOffset 9 endOffset 10 width 15.00: "f"
              chunk 1 text run 11 at (207.50,100.00) startOffset 10 endOffset 11 width 15.00: "f"
              chunk 1 text run 12 at (222.50,100.00) startOffset 11 endOffset 12 width 15.00: "f"
              chunk 1 text run 13 at (237.50,100.00) startOffset 12 endOffset 13 width 15.00: "f"
              chunk 1 text run 14 at (252.50,100.00) startOffset 13 endOffset 14 width 15.00: "f"
              chunk 1 text run 15 at (267.50,100.00) startOffset 14 endOffset 15 width 15.00: "f"
              chunk 1 text run 16 at (282.50,100.00) startOffset 15 endOffset 16 width 15.00: "f"
              chunk 1 text run 17 at (297.50,100.00) startOffset 16 endOffset 17 width 15.00: "f"
              chunk 1 text run 18 at (312.50,100.00) startOffset 17 endOffset 18 width 15.00: "f"
              chunk 1 text run 19 at (327.50,100.00) startOffset 18 endOffset 19 width 15.00: "f"
              chunk 1 text run 20 at (342.50,100.00) startOffset 19 endOffset 20 width 15.00: "f"
              chunk 1 text run 21 at (357.50,100.00) startOffset 20 endOffset 21 width 15.00: "f"
              chunk 1 text run 22 at (372.50,100.00) startOffset 21 endOffset 22 width 15.00: "f"
              chunk 1 text run 23 at (387.50,100.00) startOffset 22 endOffset 23 width 15.00: "f"
          LayoutSVGInlineText {#text} at (0,0) size 0x0
        LayoutSVGText {text} at (47,138) size 362x57 contains 1 chunk(s)
          LayoutSVGTextPath {textPath} at (47,138) size 362x57
            LayoutSVGInlineText {#text} at (47,138) size 362x57
              chunk 1 text run 1 at (392.50,150.00) startOffset 0 endOffset 1 width 15.00: "f"
              chunk 1 text run 2 at (377.50,150.00) startOffset 1 endOffset 2 width 15.00: "f"
              chunk 1 text run 3 at (362.50,150.00) startOffset 2 endOffset 3 width 15.00: "f"
              chunk 1 text run 4 at (347.50,150.00) startOffset 3 endOffset 4 width 15.00: "f"
              chunk 1 text run 5 at (332.50,150.00) startOffset 4 endOffset 5 width 15.00: "f"
              chunk 1 text run 6 at (317.50,150.00) startOffset 5 endOffset 6 width 15.00: "f"
              chunk 1 text run 7 at (302.50,150.00) startOffset 6 endOffset 7 width 15.00: "f"
              chunk 1 text run 8 at (287.50,150.00) startOffset 7 endOffset 8 width 15.00: "f"
              chunk 1 text run 9 at (272.50,150.00) startOffset 8 endOffset 9 width 15.00: "f"
              chunk 1 text run 10 at (257.50,150.00) startOffset 9 endOffset 10 width 15.00: "f"
              chunk 1 text run 11 at (242.50,150.00) startOffset 10 endOffset 11 width 15.00: "f"
              chunk 1 text run 12 at (227.50,150.00) startOffset 11 endOffset 12 width 15.00: "f"
              chunk 1 text run 13 at (212.50,150.00) startOffset 12 endOffset 13 width 15.00: "f"
              chunk 1 text run 14 at (197.50,150.00) startOffset 13 endOffset 14 width 15.00: "f"
              chunk 1 text run 15 at (182.50,150.00) startOffset 14 endOffset 15 width 15.00: "f"
              chunk 1 text run 16 at (167.50,150.00) startOffset 15 endOffset 16 width 15.00: "f"
              chunk 1 text run 17 at (152.50,150.00) startOffset 16 endOffset 17 width 15.00: "f"
              chunk 1 text run 18 at (137.50,150.00) startOffset 17 endOffset 18 width 15.00: "f"
              chunk 1 text run 19 at (122.50,150.00) startOffset 18 endOffset 19 width 15.00: "f"
              chunk 1 text run 20 at (107.50,150.00) startOffset 19 endOffset 20 width 15.00: "f"
              chunk 1 text run 21 at (92.50,150.00) startOffset 20 endOffset 21 width 15.00: "f"
              chunk 1 text run 22 at (77.50,150.00) startOffset 21 endOffset 22 width 15.00: "f"
              chunk 1 text run 23 at (62.50,150.00) startOffset 22 endOffset 23 width 15.00: "f"
          LayoutSVGInlineText {#text} at (0,0) size 0x0
        LayoutSVGText {text} at (38.05,204.25) size 378.14x158.38 contains 1 chunk(s)
          LayoutSVGTextPath {textPath} at (38.05,204.25) size 378.14x158.38
            LayoutSVGInlineText {#text} at (38.05,204.25) size 378.14x158.38
              chunk 1 text run 1 at (57.21,252.06) startOffset 0 endOffset 1 width 15.00: "f"
              chunk 1 text run 2 at (71.63,256.18) startOffset 1 endOffset 2 width 15.00: "f"
              chunk 1 text run 3 at (86.06,260.30) startOffset 2 endOffset 3 width 15.00: "f"
              chunk 1 text run 4 at (100.48,264.42) startOffset 3 endOffset 4 width 15.00: "f"
              chunk 1 text run 5 at (114.90,268.54) startOffset 4 endOffset 5 width 15.00: "f"
              chunk 1 text run 6 at (129.33,272.66) startOffset 5 endOffset 6 width 15.00: "f"
              chunk 1 text run 7 at (143.75,276.79) startOffset 6 endOffset 7 width 15.00: "f"
              chunk 1 text run 8 at (158.17,280.91) startOffset 7 endOffset 8 width 15.00: "f"
              chunk 1 text run 9 at (172.59,285.03) startOffset 8 endOffset 9 width 15.00: "f"
              chunk 1 text run 10 at (187.02,289.15) startOffset 9 endOffset 10 width 15.00: "f"
              chunk 1 text run 11 at (201.44,293.27) startOffset 10 endOffset 11 width 15.00: "f"
              chunk 1 text run 12 at (215.86,297.39) startOffset 11 endOffset 12 width 15.00: "f"
              chunk 1 text run 13 at (230.29,301.51) startOffset 12 endOffset 13 width 15.00: "f"
              chunk 1 text run 14 at (244.71,305.63) startOffset 13 endOffset 14 width 15.00: "f"
              chunk 1 text run 15 at (259.13,309.75) startOffset 14 endOffset 15 width 15.00: "f"
              chunk 1 text run 16 at (273.55,313.87) startOffset 15 endOffset 16 width 15.00: "f"
              chunk 1 text run 17 at (287.98,317.99) startOffset 16 endOffset 17 width 15.00: "f"
              chunk 1 text run 18 at (302.40,322.11) startOffset 17 endOffset 18 width 15.00: "f"
              chunk 1 text run 19 at (316.82,326.24) startOffset 18 endOffset 19 width 15.00: "f"
              chunk 1 text run 20 at (331.25,330.36) startOffset 19 endOffset 20 width 15.00: "f"
              chunk 1 text run 21 at (345.67,334.48) startOffset 20 endOffset 21 width 15.00: "f"
              chunk 1 text run 22 at (360.09,338.60) startOffset 21 endOffset 22 width 15.00: "f"
              chunk 1 text run 23 at (374.51,342.72) startOffset 22 endOffset 23 width 15.00: "f"
              chunk 1 text run 24 at (388.94,346.84) startOffset 23 endOffset 24 width 15.00: "f"
          LayoutSVGInlineText {#text} at (0,0) size 0x0
        LayoutSVGText {text} at (50,394) size 139x71 contains 1 chunk(s)
          LayoutSVGTextPath {textPath} at (50,394) size 139x71
            LayoutSVGInlineText {#text} at (50,394) size 139x71
              chunk 1 text run 1 at (59.50,450.00) startOffset 0 endOffset 1 width 19.00: "'"
              chunk 1 text run 2 at (81.50,450.00) startOffset 1 endOffset 2 width 25.00: "f"
              chunk 1 text run 3 at (107.00,450.00) startOffset 2 endOffset 3 width 26.00: "a"
              chunk 1 text run 4 at (142.00,450.00) startOffset 3 endOffset 4 width 44.00: "Q"
              chunk 1 text run 5 at (173.50,450.00) startOffset 4 endOffset 5 width 19.00: "'"
          LayoutSVGInlineText {#text} at (0,0) size 0x0
        LayoutSVGRect {rect} at (41,55) size 362x57 [stroke={[type=SOLID] [color=#008000]}] [fill={[type=SOLID] [color=#00000000]}] [x=41.00] [y=55.00] [width=362.00] [height=57.00]
        LayoutSVGRect {rect} at (47,138) size 362x57 [stroke={[type=SOLID] [color=#008000]}] [fill={[type=SOLID] [color=#00000000]}] [x=47.00] [y=138.00] [width=362.00] [height=57.00]
        LayoutSVGRect {rect} at (38.05,204.25) size 378.14x158.38 [stroke={[type=SOLID] [color=#008000]}] [fill={[type=SOLID] [color=#00000000]}] [x=38.05] [y=204.25] [width=378.14] [height=158.38]
        LayoutSVGRect {rect} at (50,394) size 139x71 [stroke={[type=SOLID] [color=#008000]}] [fill={[type=SOLID] [color=#00000000]}] [x=50.00] [y=394.00] [width=139.00] [height=71.00]
      LayoutText {#text} at (0,0) size 0x0
