layer at (0,0) size 800x600
  LayoutView at (0,0) size 800x600
layer at (0,0) size 800x100
  LayoutBlockFlow {HTML} at (0,0) size 800x100
    LayoutBlockFlow {BODY} at (8,16) size 784x76
      LayoutBlockFlow {P} at (0,0) size 784x20
        LayoutText {#text} at (0,0) size 272x19
          text run at (0,0) width 272: "The following two lines should look the same:"
      LayoutBlockFlow {DIV} at (0,36) size 784x20
        LayoutInline {SPAN} at (0,0) size 3x19
          LayoutInline {<pseudo:before>} at (0,0) size 3x19
            LayoutCounter (anonymous) at (0,0) size 3x19
              text run at (0,0) width 3: "i"
        LayoutText {#text} at (3,0) size 4x19
          text run at (3,0) width 4: " "
        LayoutInline {SPAN} at (0,0) size 6x19
          LayoutInline {<pseudo:before>} at (0,0) size 6x19
            LayoutCounter (anonymous) at (7,0) size 6x19
              text run at (7,0) width 6: "ii"
        LayoutText {#text} at (13,0) size 4x19
          text run at (13,0) width 4: " "
        LayoutInline {SPAN} at (0,0) size 9x19
          LayoutInline {<pseudo:before>} at (0,0) size 9x19
            LayoutCounter (anonymous) at (17,0) size 9x19
              text run at (17,0) width 9: "iii"
        LayoutText {#text} at (26,0) size 4x19
          text run at (26,0) width 4: " "
        LayoutInline {SPAN} at (0,0) size 10x19
          LayoutInline {<pseudo:before>} at (0,0) size 10x19
            LayoutCounter (anonymous) at (30,0) size 10x19
              text run at (30,0) width 10: "iv"
        LayoutText {#text} at (0,0) size 0x0
      LayoutBlockFlow {DIV} at (0,56) size 784x20
        LayoutText {#text} at (0,0) size 40x19
          text run at (0,0) width 7: "i "
          text run at (7,0) width 10: "ii "
          text run at (17,0) width 13: "iii "
          text run at (30,0) width 10: "iv"
