layer at (0,0) size 800x600
  LayoutView at (0,0) size 800x600
layer at (0,0) size 800x600
  LayoutBlockFlow {HTML} at (0,0) size 800x600
    LayoutBlockFlow {BODY} at (8,8) size 784x576
      LayoutBlockFlow {P} at (0,0) size 784x282
        LayoutTable {TABLE} at (0,0) size 158x282 [border: (2px solid #FFFF00)]
          LayoutTableCol {COLGROUP} at (0,0) size 0x0
            LayoutTableCol {COL} at (0,0) size 0x0 [border: (3px solid #000000)]
            LayoutTableCol {COL} at (0,0) size 0x0
            LayoutTableCol {COL} at (0,0) size 0x0
          LayoutTableSection {TBODY} at (2,2) size 153x277
            LayoutTableRow {TR} at (0,0) size 153x57
              LayoutTableCell {TD} at (0,1) size 52x55 [border: (3px solid #FF0000)] [r=0 c=0 rs=1 cs=1]
                LayoutText {#text} at (19,19) size 8x19
                  text run at (19,19) width 8: "1"
              LayoutTableCell {TD} at (52,0) size 50x57 [border: (3px solid #FF0000)] [r=0 c=1 rs=1 cs=1]
                LayoutText {#text} at (18,19) size 8x19
                  text run at (18,19) width 8: "2"
              LayoutTableCell {TD} at (102,0) size 51x57 [border: (3px solid #FF0000)] [r=0 c=2 rs=1 cs=1]
                LayoutText {#text} at (17,19) size 8x19
                  text run at (17,19) width 8: "3"
            LayoutTableRow {TR} at (0,57) size 153x57
              LayoutTableCell {TD} at (0,59) size 52x53 [border: (1px solid #FF0000)] [r=1 c=0 rs=1 cs=1]
                LayoutText {#text} at (19,17) size 8x19
                  text run at (19,17) width 8: "4"
              LayoutTableCell {TD} at (52,57) size 50x57 [border: (3px dashed #0000FF)] [r=1 c=1 rs=1 cs=1]
                LayoutText {#text} at (19,19) size 8x19
                  text run at (19,19) width 8: "5"
              LayoutTableCell {TD} at (102,57) size 51x57 [border: (3px solid #008000)] [r=1 c=2 rs=1 cs=1]
                LayoutText {#text} at (19,19) size 8x19
                  text run at (19,19) width 8: "6"
            LayoutTableRow {TR} at (0,114) size 153x55
              LayoutTableCell {TD} at (0,115) size 52x53 [border: (1px solid #FF0000)] [r=2 c=0 rs=1 cs=1]
                LayoutText {#text} at (19,17) size 8x19
                  text run at (19,17) width 8: "7"
              LayoutTableCell {TD} at (52,114) size 50x55 [border: (3px solid #FF0000)] [r=2 c=1 rs=1 cs=1]
                LayoutText {#text} at (18,19) size 8x19
                  text run at (18,19) width 8: "8"
              LayoutTableCell {TD} at (102,114) size 51x55 [border: (3px solid #FF0000)] [r=2 c=2 rs=1 cs=1]
                LayoutText {#text} at (17,19) size 8x19
                  text run at (17,19) width 8: "9"
            LayoutTableRow {TR} at (0,169) size 153x53
              LayoutTableCell {TD} at (0,169) size 52x53 [border: (1px solid #FF0000)] [r=3 c=0 rs=1 cs=1]
                LayoutText {#text} at (19,17) size 16x19
                  text run at (19,17) width 16: "10"
              LayoutTableCell {TD} at (52,169) size 50x53 [border: (1px solid #FF0000)] [r=3 c=1 rs=1 cs=1]
                LayoutText {#text} at (18,17) size 16x19
                  text run at (18,17) width 16: "11"
              LayoutTableCell {TD} at (102,169) size 51x53 [border: (1px solid #FF0000)] [r=3 c=2 rs=1 cs=1]
                LayoutText {#text} at (17,17) size 16x19
                  text run at (17,17) width 16: "12"
            LayoutTableRow {TR} at (0,222) size 153x55
              LayoutTableCell {TD} at (0,222) size 52x55 [border: (1px solid #FF0000)] [r=4 c=0 rs=1 cs=1]
                LayoutText {#text} at (19,17) size 16x19
                  text run at (19,17) width 16: "13"
              LayoutTableCell {TD} at (52,222) size 50x55 [border: (1px solid #FF0000)] [r=4 c=1 rs=1 cs=1]
                LayoutText {#text} at (18,17) size 16x19
                  text run at (18,17) width 16: "14"
              LayoutTableCell {TD} at (102,222) size 51x55 [border: (1px solid #FF0000)] [r=4 c=2 rs=1 cs=1]
                LayoutText {#text} at (17,17) size 16x19
                  text run at (17,17) width 16: "15"
