layer at (0,0) size 800x600
  LayoutView at (0,0) size 800x600
layer at (0,0) size 800x600
  LayoutBlockFlow {HTML} at (0,0) size 800x600
    LayoutBlockFlow {BODY} at (8,8) size 784x576
      LayoutBlockFlow {P} at (0,0) size 784x316
        LayoutTable {TABLE} at (0,0) size 282x158 [border: (2px solid #FFFF00)]
          LayoutTableCol {COLGROUP} at (0,0) size 0x0
            LayoutTableCol {COL} at (0,0) size 0x0 [border: (3px solid #000000)]
            LayoutTableCol {COL} at (0,0) size 0x0
            LayoutTableCol {COL} at (0,0) size 0x0
          LayoutTableSection {TBODY} at (2,2) size 277x153
            LayoutTableRow {TR} at (0,0) size 57x153
              LayoutTableCell {TD} at (0,1) size 57x50 [border: (3px solid #FF0000)] [r=0 c=0 rs=1 cs=1]
                LayoutText {#text} at (19,18) size 19x8
                  text run at (19,18) width 8: "1"
              LayoutTableCell {TD} at (0,52) size 57x50 [border: (2px solid #FF0000)] [r=0 c=1 rs=1 cs=1]
                LayoutText {#text} at (18,18) size 19x8
                  text run at (18,18) width 8: "2"
              LayoutTableCell {TD} at (0,102) size 57x51 [border: (1px solid #FF0000)] [r=0 c=2 rs=1 cs=1]
                LayoutText {#text} at (18,17) size 19x8
                  text run at (18,17) width 8: "3"
            LayoutTableRow {TR} at (57,0) size 57x153
              LayoutTableCell {TD} at (57,2) size 57x48 [border: (3px solid #FF0000)] [r=1 c=0 rs=1 cs=1]
                LayoutText {#text} at (18,17) size 19x8
                  text run at (18,17) width 8: "4"
              LayoutTableCell {TD} at (57,52) size 57x50 [border: (3px dashed #0000FF)] [r=1 c=1 rs=1 cs=1]
                LayoutText {#text} at (18,19) size 19x8
                  text run at (18,19) width 8: "5"
              LayoutTableCell {TD} at (57,102) size 57x51 [border: (3px solid #008000)] [r=1 c=2 rs=1 cs=1]
                LayoutText {#text} at (18,19) size 19x8
                  text run at (18,19) width 8: "6"
            LayoutTableRow {TR} at (114,0) size 55x153
              LayoutTableCell {TD} at (114,1) size 55x50 [border: (3px solid #FF0000)] [r=2 c=0 rs=1 cs=1]
                LayoutText {#text} at (17,18) size 19x8
                  text run at (17,18) width 8: "7"
              LayoutTableCell {TD} at (114,52) size 55x50 [border: (2px solid #FF0000)] [r=2 c=1 rs=1 cs=1]
                LayoutText {#text} at (18,18) size 19x8
                  text run at (18,18) width 8: "8"
              LayoutTableCell {TD} at (114,102) size 55x51 [border: (1px solid #FF0000)] [r=2 c=2 rs=1 cs=1]
                LayoutText {#text} at (18,17) size 19x8
                  text run at (18,17) width 8: "9"
            LayoutTableRow {TR} at (169,0) size 53x153
              LayoutTableCell {TD} at (169,0) size 53x52 [border: (3px solid #FF0000)] [r=3 c=0 rs=1 cs=1]
                LayoutText {#text} at (16,19) size 19x16
                  text run at (16,19) width 16: "10"
              LayoutTableCell {TD} at (169,52) size 53x50 [border: (2px solid #FF0000)] [r=3 c=1 rs=1 cs=1]
                LayoutText {#text} at (16,18) size 19x16
                  text run at (16,18) width 16: "11"
              LayoutTableCell {TD} at (169,102) size 53x51 [border: (1px solid #FF0000)] [r=3 c=2 rs=1 cs=1]
                LayoutText {#text} at (16,17) size 19x16
                  text run at (16,17) width 16: "12"
            LayoutTableRow {TR} at (222,0) size 55x153
              LayoutTableCell {TD} at (222,0) size 55x52 [border: (3px solid #FF0000)] [r=4 c=0 rs=1 cs=1]
                LayoutText {#text} at (16,19) size 19x16
                  text run at (16,19) width 16: "13"
              LayoutTableCell {TD} at (222,52) size 55x50 [border: (2px solid #FF0000)] [r=4 c=1 rs=1 cs=1]
                LayoutText {#text} at (16,18) size 19x16
                  text run at (16,18) width 16: "14"
              LayoutTableCell {TD} at (222,102) size 55x51 [border: (1px solid #FF0000)] [r=4 c=2 rs=1 cs=1]
                LayoutText {#text} at (16,17) size 19x16
                  text run at (16,17) width 16: "15"
        LayoutTable {TABLE} at (0,158) size 282x158 [border: (2px solid #FFFF00)]
          LayoutTableCol {COLGROUP} at (0,0) size 0x0
            LayoutTableCol {COL} at (0,0) size 0x0 [border: (3px solid #000000)]
            LayoutTableCol {COL} at (0,0) size 0x0
            LayoutTableCol {COL} at (0,0) size 0x0
          LayoutTableSection {TBODY} at (2,2) size 277x153
            LayoutTableRow {TR} at (0,0) size 57x153
              LayoutTableCell {TD} at (0,1) size 57x50 [border: (3px solid #FF0000)] [r=0 c=0 rs=1 cs=1]
                LayoutText {#text} at (20,18) size 19x8
                  text run at (20,18) width 8: "1"
              LayoutTableCell {TD} at (0,52) size 57x50 [border: (2px solid #FF0000)] [r=0 c=1 rs=1 cs=1]
                LayoutText {#text} at (19,18) size 19x8
                  text run at (19,18) width 8: "2"
              LayoutTableCell {TD} at (0,102) size 57x51 [border: (1px solid #FF0000)] [r=0 c=2 rs=1 cs=1]
                LayoutText {#text} at (19,17) size 19x8
                  text run at (19,17) width 8: "3"
            LayoutTableRow {TR} at (57,0) size 57x153
              LayoutTableCell {TD} at (57,2) size 57x48 [border: (3px solid #FF0000)] [r=1 c=0 rs=1 cs=1]
                LayoutText {#text} at (19,17) size 19x8
                  text run at (19,17) width 8: "4"
              LayoutTableCell {TD} at (57,52) size 57x50 [border: (3px dashed #0000FF)] [r=1 c=1 rs=1 cs=1]
                LayoutText {#text} at (19,19) size 19x8
                  text run at (19,19) width 8: "5"
              LayoutTableCell {TD} at (57,102) size 57x51 [border: (3px solid #008000)] [r=1 c=2 rs=1 cs=1]
                LayoutText {#text} at (19,19) size 19x8
                  text run at (19,19) width 8: "6"
            LayoutTableRow {TR} at (114,0) size 55x153
              LayoutTableCell {TD} at (114,1) size 55x50 [border: (3px solid #FF0000)] [r=2 c=0 rs=1 cs=1]
                LayoutText {#text} at (18,18) size 19x8
                  text run at (18,18) width 8: "7"
              LayoutTableCell {TD} at (114,52) size 55x50 [border: (2px solid #FF0000)] [r=2 c=1 rs=1 cs=1]
                LayoutText {#text} at (19,18) size 19x8
                  text run at (19,18) width 8: "8"
              LayoutTableCell {TD} at (114,102) size 55x51 [border: (1px solid #FF0000)] [r=2 c=2 rs=1 cs=1]
                LayoutText {#text} at (19,17) size 19x8
                  text run at (19,17) width 8: "9"
            LayoutTableRow {TR} at (169,0) size 53x153
              LayoutTableCell {TD} at (169,0) size 53x52 [border: (3px solid #FF0000)] [r=3 c=0 rs=1 cs=1]
                LayoutText {#text} at (17,19) size 19x16
                  text run at (17,19) width 16: "10"
              LayoutTableCell {TD} at (169,52) size 53x50 [border: (2px solid #FF0000)] [r=3 c=1 rs=1 cs=1]
                LayoutText {#text} at (17,18) size 19x16
                  text run at (17,18) width 16: "11"
              LayoutTableCell {TD} at (169,102) size 53x51 [border: (1px solid #FF0000)] [r=3 c=2 rs=1 cs=1]
                LayoutText {#text} at (17,17) size 19x16
                  text run at (17,17) width 16: "12"
            LayoutTableRow {TR} at (222,0) size 55x153
              LayoutTableCell {TD} at (222,0) size 55x52 [border: (3px solid #FF0000)] [r=4 c=0 rs=1 cs=1]
                LayoutText {#text} at (17,19) size 19x16
                  text run at (17,19) width 16: "13"
              LayoutTableCell {TD} at (222,52) size 55x50 [border: (2px solid #FF0000)] [r=4 c=1 rs=1 cs=1]
                LayoutText {#text} at (17,18) size 19x16
                  text run at (17,18) width 16: "14"
              LayoutTableCell {TD} at (222,102) size 55x51 [border: (1px solid #FF0000)] [r=4 c=2 rs=1 cs=1]
                LayoutText {#text} at (17,17) size 19x16
                  text run at (17,17) width 16: "15"
