layer at (0,0) size 800x600
  LayoutView at (0,0) size 800x600
layer at (0,0) size 800x600
  LayoutBlockFlow {HTML} at (0,0) size 800x600
    LayoutBlockFlow {BODY} at (8,8) size 784x584
      LayoutBlockFlow {P} at (0,0) size 784x20
        LayoutText {#text} at (0,0) size 50x19
          text run at (0,0) width 50: "Test for "
        LayoutInline {I} at (0,0) size 680x19
          LayoutInline {A} at (0,0) size 351x19 [color=#0000EE]
            LayoutText {#text} at (49,0) size 351x19
              text run at (49,0) width 351: "http://bugzilla.opendarwin.org/show_bug.cgi?id=8848"
          LayoutText {#text} at (399,0) size 330x19
            text run at (399,0) width 5: " "
            text run at (403,0) width 326: "TFOOT borders are copied to THEAD and TBODY"
        LayoutText {#text} at (728,0) size 5x19
          text run at (728,0) width 5: "."
      LayoutBlockFlow {HR} at (0,36) size 784x2 [border: (1px inset #EEEEEE)]
      LayoutTable {TABLE} at (0,46) size 314x331
        LayoutTableSection {TBODY} at (0,0) size 314x331
          LayoutTableRow {TR} at (0,2) size 314x327
            LayoutTableCell {TD} at (2,2) size 76x327 [r=0 c=0 rs=1 cs=1]
              LayoutTable {TABLE} at (11,11) size 54x95 [border: none]
                LayoutTableSection {THEAD} at (0,0) size 53x23
                  LayoutTableRow {TR} at (0,0) size 53x23
                    LayoutTableCell {TH} at (0,0) size 53x23 [border: (1px solid #D3D3D3)] [r=0 c=0 rs=1 cs=1]
                      LayoutText {#text} at (2,2) size 50x19
                        text run at (2,2) width 50: "Header"
                LayoutTableSection {TBODY} at (0,23) size 53x23
                  LayoutTableRow {TR} at (0,0) size 53x23
                    LayoutTableCell {TD} at (0,0) size 53x23 [border: (1px solid #D3D3D3)] [r=0 c=0 rs=1 cs=1]
                      LayoutText {#text} at (2,2) size 45x19
                        text run at (2,2) width 45: "Body 1"
                LayoutTableSection {TBODY} at (0,46) size 53x24
                  LayoutTableRow {TR} at (0,0) size 53x24
                    LayoutTableCell {TD} at (0,0) size 53x24 [border: (1px solid #D3D3D3)] [r=0 c=0 rs=1 cs=1]
                      LayoutText {#text} at (2,2) size 45x19
                        text run at (2,2) width 45: "Body 2"
                LayoutTableSection {TFOOT} at (0,70) size 53x24 [border: (2px solid #0000FF) none (2px solid #008000) none]
                  LayoutTableRow {TR} at (0,0) size 53x24
                    LayoutTableCell {TD} at (0,0) size 53x24 [border: (1px solid #D3D3D3)] [r=0 c=0 rs=1 cs=1]
                      LayoutText {#text} at (2,2) size 41x19
                        text run at (2,2) width 41: "Footer"
              LayoutTable {TABLE} at (11,116) size 54x95 [border: none]
                LayoutTableSection {TBODY} at (0,23) size 53x23
                  LayoutTableRow {TR} at (0,0) size 53x23
                    LayoutTableCell {TD} at (0,0) size 53x23 [border: (1px solid #D3D3D3)] [r=0 c=0 rs=1 cs=1]
                      LayoutText {#text} at (2,2) size 45x19
                        text run at (2,2) width 45: "Body 1"
                LayoutTableSection {THEAD} at (0,0) size 53x23
                  LayoutTableRow {TR} at (0,0) size 53x23
                    LayoutTableCell {TH} at (0,0) size 53x23 [border: (1px solid #D3D3D3)] [r=0 c=0 rs=1 cs=1]
                      LayoutText {#text} at (2,2) size 50x19
                        text run at (2,2) width 50: "Header"
                LayoutTableSection {TBODY} at (0,46) size 53x24
                  LayoutTableRow {TR} at (0,0) size 53x24
                    LayoutTableCell {TD} at (0,0) size 53x24 [border: (1px solid #D3D3D3)] [r=0 c=0 rs=1 cs=1]
                      LayoutText {#text} at (2,2) size 45x19
                        text run at (2,2) width 45: "Body 2"
                LayoutTableSection {TFOOT} at (0,70) size 53x24 [border: (2px solid #0000FF) none (2px solid #008000) none]
                  LayoutTableRow {TR} at (0,0) size 53x24
                    LayoutTableCell {TD} at (0,0) size 53x24 [border: (1px solid #D3D3D3)] [r=0 c=0 rs=1 cs=1]
                      LayoutText {#text} at (2,2) size 41x19
                        text run at (2,2) width 41: "Footer"
              LayoutTable {TABLE} at (11,221) size 54x95 [border: none]
                LayoutTableSection {TBODY} at (0,23) size 53x23
                  LayoutTableRow {TR} at (0,0) size 53x23
                    LayoutTableCell {TD} at (0,0) size 53x23 [border: (1px solid #D3D3D3)] [r=0 c=0 rs=1 cs=1]
                      LayoutText {#text} at (2,2) size 45x19
                        text run at (2,2) width 45: "Body 1"
                LayoutTableSection {THEAD} at (0,0) size 53x23
                  LayoutTableRow {TR} at (0,0) size 53x23
                    LayoutTableCell {TH} at (0,0) size 53x23 [border: (1px solid #D3D3D3)] [r=0 c=0 rs=1 cs=1]
                      LayoutText {#text} at (2,2) size 50x19
                        text run at (2,2) width 50: "Header"
                LayoutTableSection {TFOOT} at (0,70) size 53x24 [border: (2px solid #0000FF) none (2px solid #008000) none]
                  LayoutTableRow {TR} at (0,0) size 53x24
                    LayoutTableCell {TD} at (0,0) size 53x24 [border: (1px solid #D3D3D3)] [r=0 c=0 rs=1 cs=1]
                      LayoutText {#text} at (2,2) size 41x19
                        text run at (2,2) width 41: "Footer"
                LayoutTableSection {TBODY} at (0,46) size 53x24
                  LayoutTableRow {TR} at (0,0) size 53x24
                    LayoutTableCell {TD} at (0,0) size 53x24 [border: (1px solid #D3D3D3)] [r=0 c=0 rs=1 cs=1]
                      LayoutText {#text} at (2,2) size 45x19
                        text run at (2,2) width 45: "Body 2"
            LayoutTableCell {TD} at (80,2) size 76x327 [r=0 c=1 rs=1 cs=1]
              LayoutTable {TABLE} at (11,11) size 54x95 [border: none]
                LayoutTableSection {TBODY} at (0,23) size 53x23
                  LayoutTableRow {TR} at (0,0) size 53x23
                    LayoutTableCell {TD} at (0,0) size 53x23 [border: (1px solid #D3D3D3)] [r=0 c=0 rs=1 cs=1]
                      LayoutText {#text} at (2,2) size 45x19
                        text run at (2,2) width 45: "Body 1"
                LayoutTableSection {TFOOT} at (0,70) size 53x24 [border: (2px solid #0000FF) none (2px solid #008000) none]
                  LayoutTableRow {TR} at (0,0) size 53x24
                    LayoutTableCell {TD} at (0,0) size 53x24 [border: (1px solid #D3D3D3)] [r=0 c=0 rs=1 cs=1]
                      LayoutText {#text} at (2,2) size 41x19
                        text run at (2,2) width 41: "Footer"
                LayoutTableSection {THEAD} at (0,0) size 53x23
                  LayoutTableRow {TR} at (0,0) size 53x23
                    LayoutTableCell {TH} at (0,0) size 53x23 [border: (1px solid #D3D3D3)] [r=0 c=0 rs=1 cs=1]
                      LayoutText {#text} at (2,2) size 50x19
                        text run at (2,2) width 50: "Header"
                LayoutTableSection {TBODY} at (0,46) size 53x24
                  LayoutTableRow {TR} at (0,0) size 53x24
                    LayoutTableCell {TD} at (0,0) size 53x24 [border: (1px solid #D3D3D3)] [r=0 c=0 rs=1 cs=1]
                      LayoutText {#text} at (2,2) size 45x19
                        text run at (2,2) width 45: "Body 2"
              LayoutTable {TABLE} at (11,116) size 54x95 [border: none]
                LayoutTableSection {TFOOT} at (0,70) size 53x24 [border: (2px solid #0000FF) none (2px solid #008000) none]
                  LayoutTableRow {TR} at (0,0) size 53x24
                    LayoutTableCell {TD} at (0,0) size 53x24 [border: (1px solid #D3D3D3)] [r=0 c=0 rs=1 cs=1]
                      LayoutText {#text} at (2,2) size 41x19
                        text run at (2,2) width 41: "Footer"
                LayoutTableSection {TBODY} at (0,23) size 53x23
                  LayoutTableRow {TR} at (0,0) size 53x23
                    LayoutTableCell {TD} at (0,0) size 53x23 [border: (1px solid #D3D3D3)] [r=0 c=0 rs=1 cs=1]
                      LayoutText {#text} at (2,2) size 45x19
                        text run at (2,2) width 45: "Body 1"
                LayoutTableSection {THEAD} at (0,0) size 53x23
                  LayoutTableRow {TR} at (0,0) size 53x23
                    LayoutTableCell {TH} at (0,0) size 53x23 [border: (1px solid #D3D3D3)] [r=0 c=0 rs=1 cs=1]
                      LayoutText {#text} at (2,2) size 50x19
                        text run at (2,2) width 50: "Header"
                LayoutTableSection {TBODY} at (0,46) size 53x24
                  LayoutTableRow {TR} at (0,0) size 53x24
                    LayoutTableCell {TD} at (0,0) size 53x24 [border: (1px solid #D3D3D3)] [r=0 c=0 rs=1 cs=1]
                      LayoutText {#text} at (2,2) size 45x19
                        text run at (2,2) width 45: "Body 2"
              LayoutTable {TABLE} at (11,221) size 54x95 [border: none]
                LayoutTableSection {TBODY} at (0,23) size 53x23
                  LayoutTableRow {TR} at (0,0) size 53x23
                    LayoutTableCell {TD} at (0,0) size 53x23 [border: (1px solid #D3D3D3)] [r=0 c=0 rs=1 cs=1]
                      LayoutText {#text} at (2,2) size 45x19
                        text run at (2,2) width 45: "Body 1"
                LayoutTableSection {TBODY} at (0,46) size 53x24
                  LayoutTableRow {TR} at (0,0) size 53x24
                    LayoutTableCell {TD} at (0,0) size 53x24 [border: (1px solid #D3D3D3)] [r=0 c=0 rs=1 cs=1]
                      LayoutText {#text} at (2,2) size 45x19
                        text run at (2,2) width 45: "Body 2"
                LayoutTableSection {TFOOT} at (0,70) size 53x24 [border: (2px solid #0000FF) none (2px solid #008000) none]
                  LayoutTableRow {TR} at (0,0) size 53x24
                    LayoutTableCell {TD} at (0,0) size 53x24 [border: (1px solid #D3D3D3)] [r=0 c=0 rs=1 cs=1]
                      LayoutText {#text} at (2,2) size 41x19
                        text run at (2,2) width 41: "Footer"
                LayoutTableSection {THEAD} at (0,0) size 53x23
                  LayoutTableRow {TR} at (0,0) size 53x23
                    LayoutTableCell {TH} at (0,0) size 53x23 [border: (1px solid #D3D3D3)] [r=0 c=0 rs=1 cs=1]
                      LayoutText {#text} at (2,2) size 50x19
                        text run at (2,2) width 50: "Header"
            LayoutTableCell {TD} at (158,2) size 76x327 [r=0 c=2 rs=1 cs=1]
              LayoutTable {TABLE} at (11,11) size 54x95 [border: (1px none #808080)]
                LayoutTableSection {THEAD} at (0,1) size 53x24 [border: (2px solid #0000FF) none (2px solid #008000) none]
                  LayoutTableRow {TR} at (0,0) size 53x24
                    LayoutTableCell {TH} at (0,0) size 53x24 [border: (1px solid #D3D3D3)] [r=0 c=0 rs=1 cs=1]
                      LayoutText {#text} at (2,2) size 50x19
                        text run at (2,2) width 50: "Header"
                LayoutTableSection {TBODY} at (0,25) size 53x23
                  LayoutTableRow {TR} at (0,0) size 53x23
                    LayoutTableCell {TD} at (0,0) size 53x23 [border: (1px solid #D3D3D3)] [r=0 c=0 rs=1 cs=1]
                      LayoutText {#text} at (2,2) size 45x19
                        text run at (2,2) width 45: "Body 1"
                LayoutTableSection {TBODY} at (0,48) size 53x23
                  LayoutTableRow {TR} at (0,0) size 53x23
                    LayoutTableCell {TD} at (0,0) size 53x23 [border: (1px solid #D3D3D3)] [r=0 c=0 rs=1 cs=1]
                      LayoutText {#text} at (2,2) size 45x19
                        text run at (2,2) width 45: "Body 2"
                LayoutTableSection {TFOOT} at (0,71) size 53x23
                  LayoutTableRow {TR} at (0,0) size 53x23
                    LayoutTableCell {TD} at (0,0) size 53x23 [border: (1px solid #D3D3D3)] [r=0 c=0 rs=1 cs=1]
                      LayoutText {#text} at (2,2) size 41x19
                        text run at (2,2) width 41: "Footer"
              LayoutTable {TABLE} at (11,116) size 54x95 [border: (1px none #808080)]
                LayoutTableSection {TBODY} at (0,25) size 53x23
                  LayoutTableRow {TR} at (0,0) size 53x23
                    LayoutTableCell {TD} at (0,0) size 53x23 [border: (1px solid #D3D3D3)] [r=0 c=0 rs=1 cs=1]
                      LayoutText {#text} at (2,2) size 45x19
                        text run at (2,2) width 45: "Body 1"
                LayoutTableSection {THEAD} at (0,1) size 53x24 [border: (2px solid #0000FF) none (2px solid #008000) none]
                  LayoutTableRow {TR} at (0,0) size 53x24
                    LayoutTableCell {TH} at (0,0) size 53x24 [border: (1px solid #D3D3D3)] [r=0 c=0 rs=1 cs=1]
                      LayoutText {#text} at (2,2) size 50x19
                        text run at (2,2) width 50: "Header"
                LayoutTableSection {TBODY} at (0,48) size 53x23
                  LayoutTableRow {TR} at (0,0) size 53x23
                    LayoutTableCell {TD} at (0,0) size 53x23 [border: (1px solid #D3D3D3)] [r=0 c=0 rs=1 cs=1]
                      LayoutText {#text} at (2,2) size 45x19
                        text run at (2,2) width 45: "Body 2"
                LayoutTableSection {TFOOT} at (0,71) size 53x23
                  LayoutTableRow {TR} at (0,0) size 53x23
                    LayoutTableCell {TD} at (0,0) size 53x23 [border: (1px solid #D3D3D3)] [r=0 c=0 rs=1 cs=1]
                      LayoutText {#text} at (2,2) size 41x19
                        text run at (2,2) width 41: "Footer"
              LayoutTable {TABLE} at (11,221) size 54x95 [border: (1px none #808080)]
                LayoutTableSection {TBODY} at (0,25) size 53x23
                  LayoutTableRow {TR} at (0,0) size 53x23
                    LayoutTableCell {TD} at (0,0) size 53x23 [border: (1px solid #D3D3D3)] [r=0 c=0 rs=1 cs=1]
                      LayoutText {#text} at (2,2) size 45x19
                        text run at (2,2) width 45: "Body 1"
                LayoutTableSection {THEAD} at (0,1) size 53x24 [border: (2px solid #0000FF) none (2px solid #008000) none]
                  LayoutTableRow {TR} at (0,0) size 53x24
                    LayoutTableCell {TH} at (0,0) size 53x24 [border: (1px solid #D3D3D3)] [r=0 c=0 rs=1 cs=1]
                      LayoutText {#text} at (2,2) size 50x19
                        text run at (2,2) width 50: "Header"
                LayoutTableSection {TFOOT} at (0,71) size 53x23
                  LayoutTableRow {TR} at (0,0) size 53x23
                    LayoutTableCell {TD} at (0,0) size 53x23 [border: (1px solid #D3D3D3)] [r=0 c=0 rs=1 cs=1]
                      LayoutText {#text} at (2,2) size 41x19
                        text run at (2,2) width 41: "Footer"
                LayoutTableSection {TBODY} at (0,48) size 53x23
                  LayoutTableRow {TR} at (0,0) size 53x23
                    LayoutTableCell {TD} at (0,0) size 53x23 [border: (1px solid #D3D3D3)] [r=0 c=0 rs=1 cs=1]
                      LayoutText {#text} at (2,2) size 45x19
                        text run at (2,2) width 45: "Body 2"
            LayoutTableCell {TD} at (236,2) size 76x327 [r=0 c=3 rs=1 cs=1]
              LayoutTable {TABLE} at (11,11) size 54x95 [border: (1px none #808080)]
                LayoutTableSection {TBODY} at (0,25) size 53x23
                  LayoutTableRow {TR} at (0,0) size 53x23
                    LayoutTableCell {TD} at (0,0) size 53x23 [border: (1px solid #D3D3D3)] [r=0 c=0 rs=1 cs=1]
                      LayoutText {#text} at (2,2) size 45x19
                        text run at (2,2) width 45: "Body 1"
                LayoutTableSection {TFOOT} at (0,71) size 53x23
                  LayoutTableRow {TR} at (0,0) size 53x23
                    LayoutTableCell {TD} at (0,0) size 53x23 [border: (1px solid #D3D3D3)] [r=0 c=0 rs=1 cs=1]
                      LayoutText {#text} at (2,2) size 41x19
                        text run at (2,2) width 41: "Footer"
                LayoutTableSection {THEAD} at (0,1) size 53x24 [border: (2px solid #0000FF) none (2px solid #008000) none]
                  LayoutTableRow {TR} at (0,0) size 53x24
                    LayoutTableCell {TH} at (0,0) size 53x24 [border: (1px solid #D3D3D3)] [r=0 c=0 rs=1 cs=1]
                      LayoutText {#text} at (2,2) size 50x19
                        text run at (2,2) width 50: "Header"
                LayoutTableSection {TBODY} at (0,48) size 53x23
                  LayoutTableRow {TR} at (0,0) size 53x23
                    LayoutTableCell {TD} at (0,0) size 53x23 [border: (1px solid #D3D3D3)] [r=0 c=0 rs=1 cs=1]
                      LayoutText {#text} at (2,2) size 45x19
                        text run at (2,2) width 45: "Body 2"
              LayoutTable {TABLE} at (11,116) size 54x95 [border: (1px none #808080)]
                LayoutTableSection {TFOOT} at (0,71) size 53x23
                  LayoutTableRow {TR} at (0,0) size 53x23
                    LayoutTableCell {TD} at (0,0) size 53x23 [border: (1px solid #D3D3D3)] [r=0 c=0 rs=1 cs=1]
                      LayoutText {#text} at (2,2) size 41x19
                        text run at (2,2) width 41: "Footer"
                LayoutTableSection {TBODY} at (0,25) size 53x23
                  LayoutTableRow {TR} at (0,0) size 53x23
                    LayoutTableCell {TD} at (0,0) size 53x23 [border: (1px solid #D3D3D3)] [r=0 c=0 rs=1 cs=1]
                      LayoutText {#text} at (2,2) size 45x19
                        text run at (2,2) width 45: "Body 1"
                LayoutTableSection {THEAD} at (0,1) size 53x24 [border: (2px solid #0000FF) none (2px solid #008000) none]
                  LayoutTableRow {TR} at (0,0) size 53x24
                    LayoutTableCell {TH} at (0,0) size 53x24 [border: (1px solid #D3D3D3)] [r=0 c=0 rs=1 cs=1]
                      LayoutText {#text} at (2,2) size 50x19
                        text run at (2,2) width 50: "Header"
                LayoutTableSection {TBODY} at (0,48) size 53x23
                  LayoutTableRow {TR} at (0,0) size 53x23
                    LayoutTableCell {TD} at (0,0) size 53x23 [border: (1px solid #D3D3D3)] [r=0 c=0 rs=1 cs=1]
                      LayoutText {#text} at (2,2) size 45x19
                        text run at (2,2) width 45: "Body 2"
              LayoutTable {TABLE} at (11,221) size 54x95 [border: (1px none #808080)]
                LayoutTableSection {TBODY} at (0,25) size 53x23
                  LayoutTableRow {TR} at (0,0) size 53x23
                    LayoutTableCell {TD} at (0,0) size 53x23 [border: (1px solid #D3D3D3)] [r=0 c=0 rs=1 cs=1]
                      LayoutText {#text} at (2,2) size 45x19
                        text run at (2,2) width 45: "Body 1"
                LayoutTableSection {TBODY} at (0,48) size 53x23
                  LayoutTableRow {TR} at (0,0) size 53x23
                    LayoutTableCell {TD} at (0,0) size 53x23 [border: (1px solid #D3D3D3)] [r=0 c=0 rs=1 cs=1]
                      LayoutText {#text} at (2,2) size 45x19
                        text run at (2,2) width 45: "Body 2"
                LayoutTableSection {TFOOT} at (0,71) size 53x23
                  LayoutTableRow {TR} at (0,0) size 53x23
                    LayoutTableCell {TD} at (0,0) size 53x23 [border: (1px solid #D3D3D3)] [r=0 c=0 rs=1 cs=1]
                      LayoutText {#text} at (2,2) size 41x19
                        text run at (2,2) width 41: "Footer"
                LayoutTableSection {THEAD} at (0,1) size 53x24 [border: (2px solid #0000FF) none (2px solid #008000) none]
                  LayoutTableRow {TR} at (0,0) size 53x24
                    LayoutTableCell {TH} at (0,0) size 53x24 [border: (1px solid #D3D3D3)] [r=0 c=0 rs=1 cs=1]
                      LayoutText {#text} at (2,2) size 50x19
                        text run at (2,2) width 50: "Header"
