layer at (0,0) size 800x600
  LayoutView at (0,0) size 800x600
layer at (0,0) size 800x600
  LayoutBlockFlow {HTML} at (0,0) size 800x600
    LayoutBlockFlow {BODY} at (8,8) size 784x584
      LayoutBlockFlow {P} at (0,0) size 784x40
        LayoutText {#text} at (0,0) size 202x19
          text run at (0,0) width 202: "This tests for a regression against "
        LayoutInline {I} at (0,0) size 765x39
          LayoutInline {A} at (0,0) size 350x19 [color=#0000EE]
            LayoutText {#text} at (202,0) size 350x19
              text run at (202,0) width 350: "http://bugzilla.opendarwin.org/show_bug.cgi?id=6888"
          LayoutText {#text} at (551,0) size 765x39
            text run at (551,0) width 214: " Collapsed borders appear on the"
            text run at (0,20) width 291: "wrong side or on the wrong cell in RTL tables"
        LayoutText {#text} at (290,20) size 5x19
          text run at (290,20) width 5: "."
      LayoutBlockFlow {P} at (0,56) size 784x20
        LayoutText {#text} at (0,0) size 346x19
          text run at (0,0) width 346: "The RTL table should be a mirror image of the LTR table."
      LayoutBlockFlow {HR} at (0,92) size 784x2 [border: (1px inset #EEEEEE)]
      LayoutTable {TABLE} at (0,102) size 80x139
        LayoutTableSection {TBODY} at (0,0) size 80x139
          LayoutTableRow {TR} at (0,0) size 28x139
            LayoutTableCell {TD} at (0,0) size 28x70 [border: none (1px solid #000000) none] [r=0 c=0 rs=1 cs=1]
              LayoutText {#text} at (4,20) size 19x29
                text run at (4,20) width 28: "RTL"
            LayoutTableCell {TD} at (0,70) size 28x69 [r=0 c=1 rs=1 cs=1]
              LayoutText {#text} at (4,21) size 19x27
                text run at (4,21) width 27: "LTR"
          LayoutTableRow {TR} at (28,0) size 52x139
            LayoutTableCell {TD} at (28,0) size 52x70 [border: none (1px solid #000000) none] [r=1 c=0 rs=1 cs=1]
              LayoutTable {TABLE} at (4,4) size 44x61 [border: (1px solid #0000FF) none (1px solid #FF0000) none]
                LayoutTableCol {COLGROUP} at (0,0) size 0x0
                  LayoutTableCol {COL} at (0,0) size 0x0
                  LayoutTableCol {COL} at (0,0) size 0x0
                  LayoutTableCol {COL} at (0,0) size 0x0 [bgcolor=#FFFF00] [border: (2px dotted #008000) none (1px solid #000000) none]
                  LayoutTableCol {COL} at (0,0) size 0x0 [bgcolor=#C0C0C0]
                LayoutTableSection {TBODY} at (0,1) size 44x59
                  LayoutTableRow {TR} at (0,0) size 22x59
                    LayoutTableCell {TD} at (0,46) size 22x13 [border: none] [r=0 c=0 rs=1 cs=1]
                      LayoutText {#text} at (1,3) size 19x8
                        text run at (1,3) width 8 RTL: "  "
                    LayoutTableCell {TD} at (0,33) size 22x13 [border: (1px none #000000)] [r=0 c=1 rs=1 cs=1]
                      LayoutText {#text} at (1,4) size 19x8
                        text run at (1,4) width 8 RTL: "  "
                    LayoutTableCell {TD} at (0,11) size 22x22 [r=0 c=2 rs=1 cs=2]
                      LayoutText {#text} at (1,13) size 19x8
                        text run at (1,13) width 8 RTL: "  "
                    LayoutTableCell {TD} at (0,0) size 22x11 [border: (1px none #000000)] [r=0 c=4 rs=1 cs=1]
                      LayoutText {#text} at (1,2) size 19x8
                        text run at (1,2) width 8 RTL: "  "
                  LayoutTableRow {TR} at (22,0) size 22x59
                    LayoutTableCell {TD} at (22,46) size 22x13 [border: (2px solid #800000) none] [r=1 c=0 rs=1 cs=1]
                      LayoutText {#text} at (1,3) size 19x8
                        text run at (1,3) width 8 RTL: "  "
                    LayoutTableCell {TD} at (22,33) size 22x13 [border: (1px none #000000)] [r=1 c=1 rs=1 cs=1]
                      LayoutText {#text} at (1,2) size 19x8
                        text run at (1,2) width 8 RTL: "  "
                    LayoutTableCell {TD} at (22,22) size 22x11 [border: (1px none #000000)] [r=1 c=2 rs=1 cs=1]
                      LayoutText {#text} at (1,2) size 19x8
                        text run at (1,2) width 8 RTL: "  "
                    LayoutTableCell {TD} at (22,11) size 22x11 [border: none] [r=1 c=3 rs=1 cs=1]
                      LayoutText {#text} at (1,1) size 19x8
                        text run at (1,1) width 8 RTL: "  "
                    LayoutTableCell {TD} at (22,0) size 22x11 [border: (1px none #000000)] [r=1 c=4 rs=1 cs=1]
                      LayoutText {#text} at (1,2) size 19x8
                        text run at (1,2) width 8 RTL: "  "
            LayoutTableCell {TD} at (28,70) size 52x69 [r=1 c=1 rs=1 cs=1]
              LayoutTable {TABLE} at (4,4) size 44x61 [border: (1px solid #FF0000) none (1px solid #0000FF) none]
                LayoutTableCol {COLGROUP} at (0,0) size 0x0
                  LayoutTableCol {COL} at (0,0) size 0x0
                  LayoutTableCol {COL} at (0,0) size 0x0
                  LayoutTableCol {COL} at (0,0) size 0x0 [bgcolor=#FFFF00] [border: (1px solid #000000) none (2px dotted #008000) none]
                  LayoutTableCol {COL} at (0,0) size 0x0 [bgcolor=#C0C0C0]
                LayoutTableSection {TBODY} at (0,1) size 44x59
                  LayoutTableRow {TR} at (0,0) size 22x59
                    LayoutTableCell {TD} at (0,0) size 22x13 [border: (1px none #000000)] [r=0 c=0 rs=1 cs=1]
                      LayoutText {#text} at (1,2) size 19x8
                        text run at (1,2) width 8: "  "
                    LayoutTableCell {TD} at (0,13) size 22x12 [r=0 c=1 rs=1 cs=1]
                      LayoutText {#text} at (1,1) size 19x8
                        text run at (1,1) width 8: "  "
                    LayoutTableCell {TD} at (0,25) size 22x23 [border: (1px none #000000)] [r=0 c=2 rs=1 cs=2]
                      LayoutText {#text} at (1,2) size 19x8
                        text run at (1,2) width 8: "  "
                    LayoutTableCell {TD} at (0,48) size 22x11 [border: none] [r=0 c=4 rs=1 cs=1]
                      LayoutText {#text} at (1,1) size 19x8
                        text run at (1,1) width 8: "  "
                  LayoutTableRow {TR} at (22,0) size 22x59
                    LayoutTableCell {TD} at (22,0) size 22x13 [border: (1px none #000000) (2px solid #800000) none] [r=1 c=0 rs=1 cs=1]
                      LayoutText {#text} at (1,2) size 19x8
                        text run at (1,2) width 8: "  "
                    LayoutTableCell {TD} at (22,13) size 22x12 [border: (2px none #000000)] [r=1 c=1 rs=1 cs=1]
                      LayoutText {#text} at (1,3) size 19x8
                        text run at (1,3) width 8: "  "
                    LayoutTableCell {TD} at (22,25) size 22x12 [border: (1px none #000000)] [r=1 c=2 rs=1 cs=1]
                      LayoutText {#text} at (1,2) size 19x8
                        text run at (1,2) width 8: "  "
                    LayoutTableCell {TD} at (22,37) size 22x11 [border: (1px none #000000)] [r=1 c=3 rs=1 cs=1]
                      LayoutText {#text} at (1,2) size 19x8
                        text run at (1,2) width 8: "  "
                    LayoutTableCell {TD} at (22,48) size 22x11 [border: none] [r=1 c=4 rs=1 cs=1]
                      LayoutText {#text} at (1,1) size 19x8
                        text run at (1,1) width 8: "  "
