layer at (0,0) size 800x600
  LayoutView at (0,0) size 800x600
layer at (0,0) size 800x600
  LayoutBlockFlow {HTML} at (0,0) size 800x600
    LayoutBlockFlow {BODY} at (8,8) size 784x584
      LayoutBlockFlow {DIV} at (0,0) size 366x437.81 [border: (1px solid #000000)]
        LayoutBlockFlow {H2} at (1,20.91) size 364x28
          LayoutText {#text} at (0,0) size 195x28
            text run at (0,0) width 195: "SVG border-image"
        LayoutBlockFlow (anonymous) at (1,68.81) size 364x368
          LayoutBlockFlow {DIV} at (10,10) size 160x160 [border: (30px solid #000000)]
          LayoutText {#text} at (180,166) size 4x18
            text run at (180,166) width 4: " "
          LayoutBlockFlow {DIV} at (194,10) size 160x160 [border: (30px solid #000000)]
          LayoutBR {BR} at (364,180) size 0x0
          LayoutBlockFlow {DIV} at (10,194) size 160x160 [border: (30px solid #000000)]
          LayoutText {#text} at (180,350) size 4x18
            text run at (180,350) width 4: " "
          LayoutBlockFlow {DIV} at (194,194) size 160x160 [border: (30px solid #000000)]
          LayoutText {#text} at (0,0) size 0x0
      LayoutText {#text} at (366,418) size 4x19
        text run at (366,418) width 4: " "
      LayoutBlockFlow {DIV} at (370,0) size 366x437.81 [border: (1px solid #000000)]
        LayoutBlockFlow {H2} at (1,20.91) size 364x28
          LayoutText {#text} at (0,0) size 196x28
            text run at (0,0) width 196: "PNG border-image"
        LayoutBlockFlow (anonymous) at (1,68.81) size 364x368
          LayoutBlockFlow {DIV} at (10,10) size 160x160 [border: (30px solid #000000)]
          LayoutText {#text} at (180,166) size 4x18
            text run at (180,166) width 4: " "
          LayoutBlockFlow {DIV} at (194,10) size 160x160 [border: (30px solid #000000)]
          LayoutBR {BR} at (364,180) size 0x0
          LayoutBlockFlow {DIV} at (10,194) size 160x160 [border: (30px solid #000000)]
          LayoutText {#text} at (180,350) size 4x18
            text run at (180,350) width 4: " "
          LayoutBlockFlow {DIV} at (194,194) size 160x160 [border: (30px solid #000000)]
          LayoutText {#text} at (0,0) size 0x0
      LayoutText {#text} at (0,0) size 0x0
