layer at (0,0) size 800x600
  LayoutView at (0,0) size 800x600
layer at (0,0) size 800x164
  LayoutBlockFlow {HTML} at (0,0) size 800x164
    LayoutBlockFlow {BODY} at (4.63,4.63) size 790.75x154.75
      LayoutBlockFlow {DIV} at (11.56,11.56) size 129.63x129.63 [border: (1.16px solid #000000)]
      LayoutText {#text} at (152,144) size 4x11
        text run at (152,144) width 4: " "
      LayoutBlockFlow {DIV} at (166.63,11.56) size 129.63x129.63 [border: (1.16px solid #000000)]
      LayoutText {#text} at (307,144) size 4x11
        text run at (307,144) width 4: " "
      LayoutBlockFlow {DIV} at (321.69,11.56) size 129.63x129.63 [border: (1.16px solid #000000)]
      LayoutText {#text} at (462,144) size 4x11
        text run at (462,144) width 4: " "
      LayoutImage {IMG} at (476.75,11.56) size 129.63x129.63 [border: (1.16px solid #000000)]
      LayoutText {#text} at (0,0) size 0x0
