layer at (0,0) size 800x600
  LayoutView at (0,0) size 800x600
layer at (0,0) size 800x401
  LayoutBlockFlow {html} at (0,0) size 800x400.61
    LayoutBlockFlow {body} at (11.52,23.03) size 776.97x366.06
      LayoutBlockFlow {p} at (0,0) size 776.97x26 [color=#000080]
        LayoutText {#text} at (0,0) size 710x26
          text run at (0,0) width 710: "Zoom in and out. The following two squares should always be the same size."
      LayoutBlockFlow {div} at (0,49.03) size 144x144 [bgcolor=#000080]
      LayoutBlockFlow (anonymous) at (0,216.06) size 776.97x150
        LayoutSVGRoot {svg} at (0,0) size 144x144
          LayoutSVGRect {rect} at (0,0) size 100x100 [fill={[type=SOLID] [color=#000080]}] [x=0.00] [y=0.00] [width=100.00] [height=100.00]
        LayoutText {#text} at (0,0) size 0x0
