layer at (0,0) size 800x600
  LayoutView at (0,0) size 800x600
layer at (0,0) size 800x600
  LayoutBlockFlow {HTML} at (0,0) size 800x600
    LayoutBlockFlow {BODY} at (0,0) size 800x600
      LayoutBlockFlow {DIV} at (0,0) size 289.34x289.34 [bgcolor=#008000]
        LayoutText {#text} at (0,0) size 3x10
          text run at (0,0) width 3: " "
