layer at (0,0) size 800x600
  LayoutView at (0,0) size 800x600
layer at (0,0) size 800x600
  LayoutNGBlockFlow {HTML} at (0,0) size 800x600
    LayoutNGBlockFlow {BODY} at (8,8) size 784x576
      LayoutNGBlockFlow (anonymous) at (0,0) size 784x40
        LayoutText {#text} at (0,0) size 776x39
          text run at (0,0) width 776: "This tests whether alt text is shown for image elements with no src attribute. You should see \"Success\" twice, followed by a"
          text run at (0,20) width 92: "blue rectangle."
      LayoutNGBlockFlow {P} at (0,56) size 784x97
        LayoutNGBlockFlow {IMG} at (0,0) size 66x20
          LayoutInline {SPAN} at (0,0) size 50x19
            LayoutImage (floating) {IMG} at (0,0) size 16x16
            LayoutInline {SPAN} at (0,0) size 50x19
              LayoutText {#text} at (16,0) size 50x19
                text run at (16,0) width 50: "Success"
        LayoutBR {BR} at (66,15) size 0x0
        LayoutNGBlockFlow {IMG} at (0,20) size 102x52 [border: (1px solid #000000)]
        LayoutBR {BR} at (102,71) size 0x0
        LayoutImage {IMG} at (0,72) size 75x25
        LayoutBR {BR} at (75,97) size 0x0
layer at (9,85) size 100x50 clip at (10,86) size 98x48
  LayoutNGBlockFlow {SPAN} at (1,1) size 100x50 [border: (1px solid #C0C0C0)]
    LayoutImage (floating) {IMG} at (2,2) size 16x16
    LayoutNGBlockFlow (anonymous) at (2,2) size 96x20
      LayoutInline {SPAN} at (0,0) size 50x19
        LayoutText {#text} at (16,0) size 50x19
          text run at (16,0) width 50: "Success"
