layer at (0,0) size 800x600
  LayoutView at (0,0) size 800x600
layer at (0,0) size 800x271
  LayoutBlockFlow {html} at (0,0) size 800x271
    LayoutBlockFlow {body} at (8,8) size 784x255
      LayoutBlockFlow {p} at (0,0) size 784x20 [color=#000080]
        LayoutText {#text} at (0,0) size 430x19
          text run at (0,0) width 430: "The word \"TEST \" should appear twice below, the same size each time."
      LayoutBlockFlow (anonymous) at (0,20) size 784x125
        LayoutSVGRoot {svg} at (0,0) size 400x120
          LayoutSVGRect {rect} at (1,1) size 60x12 [transform={m=((10.00,0.00)(0.00,10.00)) t=(0.00,0.00)}] [fill={[type=SOLID] [color=#D3D3D3]}] [x=1.00] [y=1.00] [width=60.00] [height=12.00]
          LayoutSVGForeignObject {foreignObject} at (1,1) size 60x10
            LayoutBlockFlow {div} at (0,0) size 60x12 [color=#000080]
              LayoutText {#text} at (0,0) size 26x12
                text run at (0,0) width 26: "TEST"
        LayoutText {#text} at (0,0) size 0x0
layer at (9,29) size 60x10 backgroundClip at (18,38) size 390x100 clip at (18,38) size 51x1 scrollHeight 12
  LayoutSVGForeignObject {foreignObject} at (1,1) size 60x10
    LayoutBlockFlow {div} at (0,0) size 60x12 [color=#000080]
      LayoutText {#text} at (0,0) size 26x12
        text run at (0,0) width 26: "TEST"
layer at (18,163) size 390x110
  LayoutBlockFlow (relative positioned) {div} at (0,145) size 390x110 [color=#000080] [bgcolor=#D3D3D3]
    LayoutBlockFlow {div} at (0,0) size 390x118
      LayoutText {#text} at (0,2) size 239x114
        text run at (0,2) width 239: "TEST"
selection start: position 0 of child 0 {#text} of child 1 {p} of body
selection end:   position 4 of child 0 {#text} of child 1 {div} of child 5 {div} of body
