layer at (0,0) size 800x600
  LayoutView at (0,0) size 800x600
layer at (0,0) size 800x322
  LayoutBlockFlow {HTML} at (0,0) size 800x322
    LayoutBlockFlow {BODY} at (8,16) size 784x298
      LayoutBlockFlow {P} at (0,0) size 784x20
        LayoutInline {A} at (0,0) size 83x19 [color=#0000EE]
          LayoutText {#text} at (0,0) size 83x19
            text run at (0,0) width 83: "Issue 449638"
        LayoutText {#text} at (83,0) size 633x19
          text run at (83,0) width 633: " - [CSS Masking][CSS Shapes] Large corner radii use with inset() clip-path are not properly constrained"
      LayoutBlockFlow {P} at (0,36) size 784x40
        LayoutText {#text} at (0,0) size 744x39
          text run at (0,0) width 744: "The radii for this inset should be constrained in the same way that border-radii are constrained. If this happens correctly, you"
          text run at (0,20) width 148: "should see a blue ellipse."
      LayoutBlockFlow {P} at (0,92) size 784x40
        LayoutText {#text} at (0,0) size 747x39
          text run at (0,0) width 747: "NOTE: we should have a reftest but currently comparing this clip-path with a border-radius expectation will show small pixel"
          text run at (0,20) width 174: "differences around the curve."
layer at (8,164) size 200x150
  LayoutBlockFlow {DIV} at (0,148) size 200x150 [bgcolor=#0000FF]
