layer at (0,0) size 800x600 clip at (0,0) size 785x600 scrollHeight 2642
  LayoutView at (0,0) size 800x600
layer at (0,0) size 785x2642 backgroundClip at (0,0) size 785x600 clip at (0,0) size 785x600
  LayoutBlockFlow {HTML} at (0,0) size 785x2642
    LayoutBlockFlow {BODY} at (8,8) size 769x2626
      LayoutBlockFlow (anonymous) at (0,0) size 769x40
        LayoutBR {BR} at (0,0) size 0x19
        LayoutText {#text} at (0,20) size 75x19
          text run at (0,20) width 75: "table - color"
      LayoutTable {TABLE} at (0,40) size 69x38 [bgcolor=#FFA500] [border: (1px outset #808080)]
        LayoutTableSection {TBODY} at (1,1) size 67x36
          LayoutTableRow {TR} at (0,6) size 67x24
            LayoutTableCell {TD} at (6,6) size 25x24 [border: (1px inset #808080)] [r=0 c=0 rs=1 cs=1]
              LayoutText {#text} at (2,2) size 21x19
                text run at (2,2) width 21: "foo"
            LayoutTableCell {TD} at (37,6) size 24x24 [border: (1px inset #808080)] [r=0 c=1 rs=1 cs=1]
              LayoutText {#text} at (2,2) size 20x19
                text run at (2,2) width 20: "bar"
      LayoutBlockFlow (anonymous) at (0,78) size 769x40
        LayoutBR {BR} at (0,0) size 0x19
        LayoutText {#text} at (0,20) size 81x19
          text run at (0,20) width 81: "table - image"
      LayoutTable {TABLE} at (0,118) size 69x38 [border: (1px outset #808080)]
        LayoutTableSection {TBODY} at (1,1) size 67x36
          LayoutTableRow {TR} at (0,6) size 67x24
            LayoutTableCell {TD} at (6,6) size 25x24 [border: (1px inset #808080)] [r=0 c=0 rs=1 cs=1]
              LayoutText {#text} at (2,2) size 21x19
                text run at (2,2) width 21: "foo"
            LayoutTableCell {TD} at (37,6) size 24x24 [border: (1px inset #808080)] [r=0 c=1 rs=1 cs=1]
              LayoutText {#text} at (2,2) size 20x19
                text run at (2,2) width 20: "bar"
      LayoutBlockFlow (anonymous) at (0,156) size 769x40
        LayoutBR {BR} at (0,0) size 0x19
        LayoutText {#text} at (0,20) size 121x19
          text run at (0,20) width 121: "table - color, image"
      LayoutTable {TABLE} at (0,196) size 69x38 [bgcolor=#FFA500] [border: (1px outset #808080)]
        LayoutTableSection {TBODY} at (1,1) size 67x36
          LayoutTableRow {TR} at (0,6) size 67x24
            LayoutTableCell {TD} at (6,6) size 25x24 [border: (1px inset #808080)] [r=0 c=0 rs=1 cs=1]
              LayoutText {#text} at (2,2) size 21x19
                text run at (2,2) width 21: "foo"
            LayoutTableCell {TD} at (37,6) size 24x24 [border: (1px inset #808080)] [r=0 c=1 rs=1 cs=1]
              LayoutText {#text} at (2,2) size 20x19
                text run at (2,2) width 20: "bar"
      LayoutBlockFlow (anonymous) at (0,234) size 769x40
        LayoutBR {BR} at (0,0) size 0x19
        LayoutText {#text} at (0,20) size 67x19
          text run at (0,20) width 67: "cell - color"
      LayoutTable {TABLE} at (0,274) size 69x38 [border: (1px outset #808080)]
        LayoutTableSection {TBODY} at (1,1) size 67x36
          LayoutTableRow {TR} at (0,6) size 67x24
            LayoutTableCell {TD} at (6,6) size 25x24 [bgcolor=#FF55DD] [border: (1px inset #808080)] [r=0 c=0 rs=1 cs=1]
              LayoutText {#text} at (2,2) size 21x19
                text run at (2,2) width 21: "foo"
            LayoutTableCell {TD} at (37,6) size 24x24 [border: (1px inset #808080)] [r=0 c=1 rs=1 cs=1]
              LayoutText {#text} at (2,2) size 20x19
                text run at (2,2) width 20: "bar"
      LayoutBlockFlow (anonymous) at (0,312) size 769x40
        LayoutBR {BR} at (0,0) size 0x19
        LayoutText {#text} at (0,20) size 73x19
          text run at (0,20) width 73: "cell - image"
      LayoutTable {TABLE} at (0,352) size 69x38 [border: (1px outset #808080)]
        LayoutTableSection {TBODY} at (1,1) size 67x36
          LayoutTableRow {TR} at (0,6) size 67x24
            LayoutTableCell {TD} at (6,6) size 25x24 [border: (1px inset #808080)] [r=0 c=0 rs=1 cs=1]
              LayoutText {#text} at (2,2) size 21x19
                text run at (2,2) width 21: "foo"
            LayoutTableCell {TD} at (37,6) size 24x24 [border: (1px inset #808080)] [r=0 c=1 rs=1 cs=1]
              LayoutText {#text} at (2,2) size 20x19
                text run at (2,2) width 20: "bar"
      LayoutBlockFlow (anonymous) at (0,390) size 769x40
        LayoutBR {BR} at (0,0) size 0x19
        LayoutText {#text} at (0,20) size 113x19
          text run at (0,20) width 113: "cell - color, image"
      LayoutTable {TABLE} at (0,430) size 69x38 [border: (1px outset #808080)]
        LayoutTableSection {TBODY} at (1,1) size 67x36
          LayoutTableRow {TR} at (0,6) size 67x24
            LayoutTableCell {TD} at (6,6) size 25x24 [bgcolor=#FF55DD] [border: (1px inset #808080)] [r=0 c=0 rs=1 cs=1]
              LayoutText {#text} at (2,2) size 21x19
                text run at (2,2) width 21: "foo"
            LayoutTableCell {TD} at (37,6) size 24x24 [border: (1px inset #808080)] [r=0 c=1 rs=1 cs=1]
              LayoutText {#text} at (2,2) size 20x19
                text run at (2,2) width 20: "bar"
      LayoutBlockFlow (anonymous) at (0,468) size 769x40
        LayoutBR {BR} at (0,0) size 0x19
        LayoutText {#text} at (0,20) size 150x19
          text run at (0,20) width 150: "table - color; cell - color"
      LayoutTable {TABLE} at (0,508) size 69x38 [bgcolor=#FFA500] [border: (1px outset #808080)]
        LayoutTableSection {TBODY} at (1,1) size 67x36
          LayoutTableRow {TR} at (0,6) size 67x24
            LayoutTableCell {TD} at (6,6) size 25x24 [bgcolor=#FF55DD] [border: (1px inset #808080)] [r=0 c=0 rs=1 cs=1]
              LayoutText {#text} at (2,2) size 21x19
                text run at (2,2) width 21: "foo"
            LayoutTableCell {TD} at (37,6) size 24x24 [border: (1px inset #808080)] [r=0 c=1 rs=1 cs=1]
              LayoutText {#text} at (2,2) size 20x19
                text run at (2,2) width 20: "bar"
      LayoutBlockFlow (anonymous) at (0,546) size 769x40
        LayoutBR {BR} at (0,0) size 0x19
        LayoutText {#text} at (0,20) size 156x19
          text run at (0,20) width 156: "table - image; cell - color"
      LayoutTable {TABLE} at (0,586) size 69x38 [border: (1px outset #808080)]
        LayoutTableSection {TBODY} at (1,1) size 67x36
          LayoutTableRow {TR} at (0,6) size 67x24
            LayoutTableCell {TD} at (6,6) size 25x24 [bgcolor=#FF55DD] [border: (1px inset #808080)] [r=0 c=0 rs=1 cs=1]
              LayoutText {#text} at (2,2) size 21x19
                text run at (2,2) width 21: "foo"
            LayoutTableCell {TD} at (37,6) size 24x24 [border: (1px inset #808080)] [r=0 c=1 rs=1 cs=1]
              LayoutText {#text} at (2,2) size 20x19
                text run at (2,2) width 20: "bar"
      LayoutBlockFlow (anonymous) at (0,624) size 769x40
        LayoutBR {BR} at (0,0) size 0x19
        LayoutText {#text} at (0,20) size 162x19
          text run at (0,20) width 162: "table - image; cell - image"
      LayoutTable {TABLE} at (0,664) size 69x38 [border: (1px outset #808080)]
        LayoutTableSection {TBODY} at (1,1) size 67x36
          LayoutTableRow {TR} at (0,6) size 67x24
            LayoutTableCell {TD} at (6,6) size 25x24 [border: (1px inset #808080)] [r=0 c=0 rs=1 cs=1]
              LayoutText {#text} at (2,2) size 21x19
                text run at (2,2) width 21: "foo"
            LayoutTableCell {TD} at (37,6) size 24x24 [border: (1px inset #808080)] [r=0 c=1 rs=1 cs=1]
              LayoutText {#text} at (2,2) size 20x19
                text run at (2,2) width 20: "bar"
      LayoutBlockFlow (anonymous) at (0,702) size 769x40
        LayoutBR {BR} at (0,0) size 0x19
        LayoutText {#text} at (0,20) size 102x19
          text run at (0,20) width 102: "row group color"
      LayoutTable {TABLE} at (0,742) size 69x38 [border: (1px outset #808080)]
        LayoutTableSection {TBODY} at (1,1) size 67x36 [bgcolor=#FF0000]
          LayoutTableRow {TR} at (0,6) size 67x24
            LayoutTableCell {TD} at (6,6) size 25x24 [border: (1px inset #808080)] [r=0 c=0 rs=1 cs=1]
              LayoutText {#text} at (2,2) size 21x19
                text run at (2,2) width 21: "foo"
            LayoutTableCell {TD} at (37,6) size 24x24 [border: (1px inset #808080)] [r=0 c=1 rs=1 cs=1]
              LayoutText {#text} at (2,2) size 20x19
                text run at (2,2) width 20: "bar"
      LayoutBlockFlow (anonymous) at (0,780) size 769x40
        LayoutBR {BR} at (0,0) size 0x19
        LayoutText {#text} at (0,20) size 102x19
          text run at (0,20) width 102: "row group color"
      LayoutTable {TABLE} at (0,820) size 69x68 [border: (1px outset #808080)]
        LayoutTableSection {TBODY} at (1,1) size 67x36 [bgcolor=#FF0000]
          LayoutTableRow {TR} at (0,6) size 67x24
            LayoutTableCell {TD} at (6,6) size 25x24 [border: (1px inset #808080)] [r=0 c=0 rs=1 cs=1]
              LayoutText {#text} at (2,2) size 21x19
                text run at (2,2) width 21: "foo"
            LayoutTableCell {TD} at (37,6) size 24x24 [border: (1px inset #808080)] [r=0 c=1 rs=1 cs=1]
              LayoutText {#text} at (2,2) size 20x19
                text run at (2,2) width 20: "bar"
        LayoutTableSection {TBODY} at (1,37) size 67x30
          LayoutTableRow {TR} at (0,0) size 67x24
            LayoutTableCell {TD} at (6,0) size 25x24 [border: (1px inset #808080)] [r=0 c=0 rs=1 cs=1]
              LayoutText {#text} at (2,2) size 21x19
                text run at (2,2) width 21: "foo"
            LayoutTableCell {TD} at (37,0) size 24x24 [border: (1px inset #808080)] [r=0 c=1 rs=1 cs=1]
              LayoutText {#text} at (2,2) size 20x19
                text run at (2,2) width 20: "bar"
      LayoutBlockFlow (anonymous) at (0,888) size 769x40
        LayoutBR {BR} at (0,0) size 0x19
        LayoutText {#text} at (0,20) size 61x19
          text run at (0,20) width 61: "row color"
      LayoutTable {TABLE} at (0,928) size 69x38 [border: (1px outset #808080)]
        LayoutTableSection {TBODY} at (1,1) size 67x36
          LayoutTableRow {TR} at (0,6) size 67x24 [bgcolor=#FF0000]
            LayoutTableCell {TD} at (6,6) size 25x24 [border: (1px inset #808080)] [r=0 c=0 rs=1 cs=1]
              LayoutText {#text} at (2,2) size 21x19
                text run at (2,2) width 21: "foo"
            LayoutTableCell {TD} at (37,6) size 24x24 [border: (1px inset #808080)] [r=0 c=1 rs=1 cs=1]
              LayoutText {#text} at (2,2) size 20x19
                text run at (2,2) width 20: "bar"
      LayoutBlockFlow (anonymous) at (0,966) size 769x40
        LayoutBR {BR} at (0,0) size 0x19
        LayoutText {#text} at (0,20) size 61x19
          text run at (0,20) width 61: "row color"
      LayoutTable {TABLE} at (0,1006) size 69x68 [border: (1px outset #808080)]
        LayoutTableSection {TBODY} at (1,1) size 67x66
          LayoutTableRow {TR} at (0,6) size 67x24 [bgcolor=#FF0000]
            LayoutTableCell {TD} at (6,6) size 25x24 [border: (1px inset #808080)] [r=0 c=0 rs=1 cs=1]
              LayoutText {#text} at (2,2) size 21x19
                text run at (2,2) width 21: "foo"
            LayoutTableCell {TD} at (37,6) size 24x24 [border: (1px inset #808080)] [r=0 c=1 rs=1 cs=1]
              LayoutText {#text} at (2,2) size 20x19
                text run at (2,2) width 20: "bar"
          LayoutTableRow {TR} at (0,36) size 67x24
            LayoutTableCell {TD} at (6,36) size 25x24 [border: (1px inset #808080)] [r=1 c=0 rs=1 cs=1]
              LayoutText {#text} at (2,2) size 21x19
                text run at (2,2) width 21: "foo"
            LayoutTableCell {TD} at (37,36) size 24x24 [border: (1px inset #808080)] [r=1 c=1 rs=1 cs=1]
              LayoutText {#text} at (2,2) size 20x19
                text run at (2,2) width 20: "bar"
      LayoutBlockFlow (anonymous) at (0,1074) size 769x40
        LayoutBR {BR} at (0,0) size 0x19
        LayoutText {#text} at (0,20) size 67x19
          text run at (0,20) width 67: "row image"
      LayoutTable {TABLE} at (0,1114) size 69x38 [border: (1px outset #808080)]
        LayoutTableSection {TBODY} at (1,1) size 67x36
          LayoutTableRow {TR} at (0,6) size 67x24
            LayoutTableCell {TD} at (6,6) size 25x24 [border: (1px inset #808080)] [r=0 c=0 rs=1 cs=1]
              LayoutText {#text} at (2,2) size 21x19
                text run at (2,2) width 21: "foo"
            LayoutTableCell {TD} at (37,6) size 24x24 [border: (1px inset #808080)] [r=0 c=1 rs=1 cs=1]
              LayoutText {#text} at (2,2) size 20x19
                text run at (2,2) width 20: "bar"
      LayoutBlockFlow (anonymous) at (0,1152) size 769x40
        LayoutBR {BR} at (0,0) size 0x19
        LayoutText {#text} at (0,20) size 144x19
          text run at (0,20) width 144: "table - color, row color"
      LayoutTable {TABLE} at (0,1192) size 69x68 [bgcolor=#FFA500] [border: (1px outset #808080)]
        LayoutTableSection {TBODY} at (1,1) size 67x66
          LayoutTableRow {TR} at (0,6) size 67x24 [bgcolor=#FF0000]
            LayoutTableCell {TD} at (6,6) size 25x24 [border: (1px inset #808080)] [r=0 c=0 rs=1 cs=1]
              LayoutText {#text} at (2,2) size 21x19
                text run at (2,2) width 21: "foo"
            LayoutTableCell {TD} at (37,6) size 24x24 [border: (1px inset #808080)] [r=0 c=1 rs=1 cs=1]
              LayoutText {#text} at (2,2) size 20x19
                text run at (2,2) width 20: "bar"
          LayoutTableRow {TR} at (0,36) size 67x24
            LayoutTableCell {TD} at (6,36) size 25x24 [border: (1px inset #808080)] [r=1 c=0 rs=1 cs=1]
              LayoutText {#text} at (2,2) size 21x19
                text run at (2,2) width 21: "foo"
            LayoutTableCell {TD} at (37,36) size 24x24 [border: (1px inset #808080)] [r=1 c=1 rs=1 cs=1]
              LayoutText {#text} at (2,2) size 20x19
                text run at (2,2) width 20: "bar"
      LayoutBlockFlow (anonymous) at (0,1260) size 769x40
        LayoutBR {BR} at (0,0) size 0x19
        LayoutText {#text} at (0,20) size 150x19
          text run at (0,20) width 150: "table - image, row color"
      LayoutTable {TABLE} at (0,1300) size 69x68 [border: (1px outset #808080)]
        LayoutTableSection {TBODY} at (1,1) size 67x66
          LayoutTableRow {TR} at (0,6) size 67x24 [bgcolor=#FF0000]
            LayoutTableCell {TD} at (6,6) size 25x24 [border: (1px inset #808080)] [r=0 c=0 rs=1 cs=1]
              LayoutText {#text} at (2,2) size 21x19
                text run at (2,2) width 21: "foo"
            LayoutTableCell {TD} at (37,6) size 24x24 [border: (1px inset #808080)] [r=0 c=1 rs=1 cs=1]
              LayoutText {#text} at (2,2) size 20x19
                text run at (2,2) width 20: "bar"
          LayoutTableRow {TR} at (0,36) size 67x24
            LayoutTableCell {TD} at (6,36) size 25x24 [border: (1px inset #808080)] [r=1 c=0 rs=1 cs=1]
              LayoutText {#text} at (2,2) size 21x19
                text run at (2,2) width 21: "foo"
            LayoutTableCell {TD} at (37,36) size 24x24 [border: (1px inset #808080)] [r=1 c=1 rs=1 cs=1]
              LayoutText {#text} at (2,2) size 20x19
                text run at (2,2) width 20: "bar"
      LayoutBlockFlow (anonymous) at (0,1368) size 769x40
        LayoutBR {BR} at (0,0) size 0x19
        LayoutText {#text} at (0,20) size 150x19
          text run at (0,20) width 150: "table - color; row image"
      LayoutTable {TABLE} at (0,1408) size 69x38 [bgcolor=#FFA500] [border: (1px outset #808080)]
        LayoutTableSection {TBODY} at (1,1) size 67x36
          LayoutTableRow {TR} at (0,6) size 67x24
            LayoutTableCell {TD} at (6,6) size 25x24 [border: (1px inset #808080)] [r=0 c=0 rs=1 cs=1]
              LayoutText {#text} at (2,2) size 21x19
                text run at (2,2) width 21: "foo"
            LayoutTableCell {TD} at (37,6) size 24x24 [border: (1px inset #808080)] [r=0 c=1 rs=1 cs=1]
              LayoutText {#text} at (2,2) size 20x19
                text run at (2,2) width 20: "bar"
      LayoutBlockFlow (anonymous) at (0,1446) size 769x40
        LayoutBR {BR} at (0,0) size 0x19
        LayoutText {#text} at (0,20) size 156x19
          text run at (0,20) width 156: "table - image, row image"
      LayoutTable {TABLE} at (0,1486) size 69x38 [border: (1px outset #808080)]
        LayoutTableSection {TBODY} at (1,1) size 67x36
          LayoutTableRow {TR} at (0,6) size 67x24
            LayoutTableCell {TD} at (6,6) size 25x24 [border: (1px inset #808080)] [r=0 c=0 rs=1 cs=1]
              LayoutText {#text} at (2,2) size 21x19
                text run at (2,2) width 21: "foo"
            LayoutTableCell {TD} at (37,6) size 24x24 [border: (1px inset #808080)] [r=0 c=1 rs=1 cs=1]
              LayoutText {#text} at (2,2) size 20x19
                text run at (2,2) width 20: "bar"
      LayoutBlockFlow (anonymous) at (0,1524) size 769x40
        LayoutBR {BR} at (0,0) size 0x19
        LayoutText {#text} at (0,20) size 210x19
          text run at (0,20) width 210: "table - color; row color; cell color"
      LayoutTable {TABLE} at (0,1564) size 69x68 [bgcolor=#FFA500] [border: (1px outset #808080)]
        LayoutTableSection {TBODY} at (1,1) size 67x66
          LayoutTableRow {TR} at (0,6) size 67x24 [bgcolor=#FF0000]
            LayoutTableCell {TD} at (6,6) size 25x24 [bgcolor=#FF55DD] [border: (1px inset #808080)] [r=0 c=0 rs=1 cs=1]
              LayoutText {#text} at (2,2) size 21x19
                text run at (2,2) width 21: "foo"
            LayoutTableCell {TD} at (37,6) size 24x24 [border: (1px inset #808080)] [r=0 c=1 rs=1 cs=1]
              LayoutText {#text} at (2,2) size 20x19
                text run at (2,2) width 20: "bar"
          LayoutTableRow {TR} at (0,36) size 67x24
            LayoutTableCell {TD} at (6,36) size 25x24 [border: (1px inset #808080)] [r=1 c=0 rs=1 cs=1]
              LayoutText {#text} at (2,2) size 21x19
                text run at (2,2) width 21: "foo"
            LayoutTableCell {TD} at (37,36) size 24x24 [border: (1px inset #808080)] [r=1 c=1 rs=1 cs=1]
              LayoutText {#text} at (2,2) size 20x19
                text run at (2,2) width 20: "bar"
      LayoutBlockFlow (anonymous) at (0,1632) size 769x40
        LayoutBR {BR} at (0,0) size 0x19
        LayoutText {#text} at (0,20) size 216x19
          text run at (0,20) width 216: "table - image; row color; cell color"
      LayoutTable {TABLE} at (0,1672) size 69x68 [border: (1px outset #808080)]
        LayoutTableSection {TBODY} at (1,1) size 67x66
          LayoutTableRow {TR} at (0,6) size 67x24 [bgcolor=#FF0000]
            LayoutTableCell {TD} at (6,6) size 25x24 [bgcolor=#FF55DD] [border: (1px inset #808080)] [r=0 c=0 rs=1 cs=1]
              LayoutText {#text} at (2,2) size 21x19
                text run at (2,2) width 21: "foo"
            LayoutTableCell {TD} at (37,6) size 24x24 [border: (1px inset #808080)] [r=0 c=1 rs=1 cs=1]
              LayoutText {#text} at (2,2) size 20x19
                text run at (2,2) width 20: "bar"
          LayoutTableRow {TR} at (0,36) size 67x24
            LayoutTableCell {TD} at (6,36) size 25x24 [border: (1px inset #808080)] [r=1 c=0 rs=1 cs=1]
              LayoutText {#text} at (2,2) size 21x19
                text run at (2,2) width 21: "foo"
            LayoutTableCell {TD} at (37,36) size 24x24 [border: (1px inset #808080)] [r=1 c=1 rs=1 cs=1]
              LayoutText {#text} at (2,2) size 20x19
                text run at (2,2) width 20: "bar"
      LayoutBlockFlow (anonymous) at (0,1740) size 769x40
        LayoutBR {BR} at (0,0) size 0x19
        LayoutText {#text} at (0,20) size 216x19
          text run at (0,20) width 216: "table - color; row image; cell color"
      LayoutTable {TABLE} at (0,1780) size 69x68 [bgcolor=#FFA500] [border: (1px outset #808080)]
        LayoutTableSection {TBODY} at (1,1) size 67x66
          LayoutTableRow {TR} at (0,6) size 67x24
            LayoutTableCell {TD} at (6,6) size 25x24 [bgcolor=#FF55DD] [border: (1px inset #808080)] [r=0 c=0 rs=1 cs=1]
              LayoutText {#text} at (2,2) size 21x19
                text run at (2,2) width 21: "foo"
            LayoutTableCell {TD} at (37,6) size 24x24 [border: (1px inset #808080)] [r=0 c=1 rs=1 cs=1]
              LayoutText {#text} at (2,2) size 20x19
                text run at (2,2) width 20: "bar"
          LayoutTableRow {TR} at (0,36) size 67x24
            LayoutTableCell {TD} at (6,36) size 25x24 [border: (1px inset #808080)] [r=1 c=0 rs=1 cs=1]
              LayoutText {#text} at (2,2) size 21x19
                text run at (2,2) width 21: "foo"
            LayoutTableCell {TD} at (37,36) size 24x24 [border: (1px inset #808080)] [r=1 c=1 rs=1 cs=1]
              LayoutText {#text} at (2,2) size 20x19
                text run at (2,2) width 20: "bar"
      LayoutBlockFlow (anonymous) at (0,1848) size 769x40
        LayoutBR {BR} at (0,0) size 0x19
        LayoutText {#text} at (0,20) size 216x19
          text run at (0,20) width 216: "table - color; row color; cell image"
      LayoutTable {TABLE} at (0,1888) size 69x68 [bgcolor=#FFA500] [border: (1px outset #808080)]
        LayoutTableSection {TBODY} at (1,1) size 67x66
          LayoutTableRow {TR} at (0,6) size 67x24 [bgcolor=#FF0000]
            LayoutTableCell {TD} at (6,6) size 25x24 [border: (1px inset #808080)] [r=0 c=0 rs=1 cs=1]
              LayoutText {#text} at (2,2) size 21x19
                text run at (2,2) width 21: "foo"
            LayoutTableCell {TD} at (37,6) size 24x24 [border: (1px inset #808080)] [r=0 c=1 rs=1 cs=1]
              LayoutText {#text} at (2,2) size 20x19
                text run at (2,2) width 20: "bar"
          LayoutTableRow {TR} at (0,36) size 67x24
            LayoutTableCell {TD} at (6,36) size 25x24 [border: (1px inset #808080)] [r=1 c=0 rs=1 cs=1]
              LayoutText {#text} at (2,2) size 21x19
                text run at (2,2) width 21: "foo"
            LayoutTableCell {TD} at (37,36) size 24x24 [border: (1px inset #808080)] [r=1 c=1 rs=1 cs=1]
              LayoutText {#text} at (2,2) size 20x19
                text run at (2,2) width 20: "bar"
      LayoutBlockFlow (anonymous) at (0,1956) size 769x40
        LayoutBR {BR} at (0,0) size 0x19
        LayoutText {#text} at (0,20) size 96x19
          text run at (0,20) width 96: "col group color"
      LayoutTable {TABLE} at (0,1996) size 39x38 [border: (1px outset #808080)]
        LayoutTableCol {COLGROUP} at (0,0) size 0x0 [bgcolor=#FF0000]
          LayoutTableCol {COL} at (0,0) size 0x0
        LayoutTableSection {TBODY} at (1,1) size 37x36
          LayoutTableRow {TR} at (0,6) size 37x24
            LayoutTableCell {TD} at (6,6) size 25x24 [border: (1px inset #808080)] [r=0 c=0 rs=1 cs=1]
              LayoutText {#text} at (2,2) size 21x19
                text run at (2,2) width 21: "foo"
      LayoutBlockFlow (anonymous) at (0,2034) size 769x40
        LayoutBR {BR} at (0,0) size 0x19
        LayoutText {#text} at (0,20) size 55x19
          text run at (0,20) width 55: "col color"
      LayoutTable {TABLE} at (0,2074) size 39x38 [border: (1px outset #808080)]
        LayoutTableCol {COLGROUP} at (0,0) size 0x0
          LayoutTableCol {COL} at (0,0) size 0x0 [bgcolor=#FF0000]
        LayoutTableSection {TBODY} at (1,1) size 37x36
          LayoutTableRow {TR} at (0,6) size 37x24
            LayoutTableCell {TD} at (6,6) size 25x24 [border: (1px inset #808080)] [r=0 c=0 rs=1 cs=1]
              LayoutText {#text} at (2,2) size 21x19
                text run at (2,2) width 21: "foo"
      LayoutBlockFlow (anonymous) at (0,2112) size 769x40
        LayoutBR {BR} at (0,0) size 0x19
        LayoutText {#text} at (0,20) size 228x19
          text run at (0,20) width 228: "table - image; row image; cell image"
      LayoutTable {TABLE} at (0,2152) size 69x68 [border: (1px outset #808080)]
        LayoutTableSection {TBODY} at (1,1) size 67x66
          LayoutTableRow {TR} at (0,6) size 67x24
            LayoutTableCell {TD} at (6,6) size 25x24 [border: (1px inset #808080)] [r=0 c=0 rs=1 cs=1]
              LayoutText {#text} at (2,2) size 21x19
                text run at (2,2) width 21: "foo"
            LayoutTableCell {TD} at (37,6) size 24x24 [border: (1px inset #808080)] [r=0 c=1 rs=1 cs=1]
              LayoutText {#text} at (2,2) size 20x19
                text run at (2,2) width 20: "bar"
          LayoutTableRow {TR} at (0,36) size 67x24
            LayoutTableCell {TD} at (6,36) size 25x24 [border: (1px inset #808080)] [r=1 c=0 rs=1 cs=1]
              LayoutText {#text} at (2,2) size 21x19
                text run at (2,2) width 21: "foo"
            LayoutTableCell {TD} at (37,36) size 24x24 [border: (1px inset #808080)] [r=1 c=1 rs=1 cs=1]
              LayoutText {#text} at (2,2) size 20x19
                text run at (2,2) width 20: "bar"
      LayoutBlockFlow (anonymous) at (0,2220) size 769x40
        LayoutBR {BR} at (0,0) size 0x19
        LayoutText {#text} at (0,20) size 232x19
          text run at (0,20) width 232: "table - color, tbodies color, row color"
      LayoutTable {TABLE} at (0,2260) size 47x102 [bgcolor=#FFA500] [border: (1px outset #808080)]
        LayoutTableSection {TBODY} at (7,7) size 33x60 [bgcolor=#FF0000]
          LayoutTableRow {TR} at (0,4) size 33x24 [bgcolor=#FFFF00]
            LayoutTableCell {TD} at (4,4) size 25x24 [border: (1px inset #808080)] [r=0 c=0 rs=1 cs=1]
              LayoutText {#text} at (2,2) size 21x19
                text run at (2,2) width 21: "foo"
          LayoutTableRow {TR} at (0,32) size 33x24
            LayoutTableCell {TD} at (4,32) size 25x24 [border: (1px inset #808080)] [r=1 c=0 rs=1 cs=1]
              LayoutText {#text} at (2,2) size 21x19
                text run at (2,2) width 21: "foo"
        LayoutTableSection {TBODY} at (7,67) size 33x28 [bgcolor=#008000]
          LayoutTableRow {TR} at (0,0) size 33x24
            LayoutTableCell {TD} at (4,0) size 25x24 [border: (1px inset #808080)] [r=0 c=0 rs=1 cs=1]
              LayoutText {#text} at (2,2) size 21x19
                text run at (2,2) width 21: "foo"
      LayoutBlockFlow (anonymous) at (0,2362) size 769x40
        LayoutBR {BR} at (0,0) size 0x19
        LayoutText {#text} at (0,20) size 61x19
          text run at (0,20) width 61: "col image"
      LayoutTable {TABLE} at (0,2402) size 75x74 [border: (1px outset #808080)]
        LayoutTableCol {COLGROUP} at (0,0) size 0x0
          LayoutTableCol {COL} at (0,0) size 0x0 [bgcolor=#FF0000]
        LayoutTableSection {TBODY} at (7,7) size 61x60
          LayoutTableRow {TR} at (0,4) size 61x24
            LayoutTableCell {TD} at (4,4) size 25x24 [border: (1px inset #808080)] [r=0 c=0 rs=1 cs=1]
              LayoutText {#text} at (2,2) size 21x19
                text run at (2,2) width 21: "foo"
            LayoutTableCell {TD} at (33,4) size 24x24 [border: (1px inset #808080)] [r=0 c=1 rs=1 cs=1]
              LayoutText {#text} at (2,2) size 20x19
                text run at (2,2) width 20: "bar"
          LayoutTableRow {TR} at (0,32) size 61x24
            LayoutTableCell {TD} at (4,32) size 25x24 [border: (1px inset #808080)] [r=1 c=0 rs=1 cs=1]
              LayoutText {#text} at (2,2) size 21x19
                text run at (2,2) width 21: "foo"
            LayoutTableCell {TD} at (33,32) size 24x24 [border: (1px inset #808080)] [r=1 c=1 rs=1 cs=1]
              LayoutText {#text} at (2,2) size 20x19
                text run at (2,2) width 20: "bar"
      LayoutBlockFlow (anonymous) at (0,2476) size 769x40
        LayoutBR {BR} at (0,0) size 0x19
        LayoutText {#text} at (0,20) size 368x19
          text run at (0,20) width 368: "table color; col group color; col color; row color; cell color"
      LayoutTable {TABLE} at (0,2516) size 120x90 [bgcolor=#FFA500] [border: (1px outset #808080)]
        LayoutTableCol {COLGROUP} at (0,0) size 0x0 [bgcolor=#FF0000]
          LayoutTableCol {COL} at (0,0) size 0x0 [bgcolor=#FF9999]
          LayoutTableCol {COL} at (0,0) size 0x0
        LayoutTableCol {COLGROUP} at (0,0) size 0x0 [bgcolor=#0000FF]
          LayoutTableCol {COL} at (0,0) size 0x0
          LayoutTableCol {COL} at (0,0) size 0x0 [bgcolor=#9999FF]
        LayoutTableSection {TBODY} at (1,1) size 118x88
          LayoutTableRow {TR} at (0,4) size 118x24 [bgcolor=#FFFF00]
            LayoutTableCell {TD} at (4,4) size 25x24 [border: (1px inset #808080)] [r=0 c=0 rs=1 cs=1]
              LayoutText {#text} at (2,2) size 21x19
                text run at (2,2) width 21: "foo"
            LayoutTableCell {TD} at (33,4) size 24x24 [bgcolor=#FFA500] [border: (1px inset #808080)] [r=0 c=1 rs=1 cs=1]
              LayoutText {#text} at (2,2) size 20x19
                text run at (2,2) width 20: "bar"
            LayoutTableCell {TD} at (61,4) size 25x24 [border: (1px inset #808080)] [r=0 c=2 rs=1 cs=1]
              LayoutText {#text} at (2,2) size 21x19
                text run at (2,2) width 21: "foo"
            LayoutTableCell {TD} at (90,4) size 24x24 [border: (1px inset #808080)] [r=0 c=3 rs=1 cs=1]
              LayoutText {#text} at (2,2) size 20x19
                text run at (2,2) width 20: "bar"
          LayoutTableRow {TR} at (0,32) size 118x24
            LayoutTableCell {TD} at (4,32) size 25x24 [border: (1px inset #808080)] [r=1 c=0 rs=1 cs=1]
              LayoutText {#text} at (2,2) size 21x19
                text run at (2,2) width 21: "foo"
            LayoutTableCell {TD} at (33,32) size 24x24 [border: (1px inset #808080)] [r=1 c=1 rs=1 cs=1]
              LayoutText {#text} at (2,2) size 20x19
                text run at (2,2) width 20: "bar"
            LayoutTableCell {TD} at (61,32) size 25x24 [border: (1px inset #808080)] [r=1 c=2 rs=1 cs=1]
              LayoutText {#text} at (2,2) size 21x19
                text run at (2,2) width 21: "foo"
            LayoutTableCell {TD} at (90,32) size 24x24 [border: (1px inset #808080)] [r=1 c=3 rs=1 cs=1]
              LayoutText {#text} at (2,2) size 20x19
                text run at (2,2) width 20: "bar"
          LayoutTableRow {TR} at (0,60) size 118x24
            LayoutTableCell {TD} at (4,60) size 25x24 [border: (1px inset #808080)] [r=2 c=0 rs=1 cs=1]
              LayoutText {#text} at (2,2) size 21x19
                text run at (2,2) width 21: "foo"
            LayoutTableCell {TD} at (33,60) size 24x24 [border: (1px inset #808080)] [r=2 c=1 rs=1 cs=1]
              LayoutText {#text} at (2,2) size 20x19
                text run at (2,2) width 20: "bar"
            LayoutTableCell {TD} at (61,60) size 25x24 [border: (1px inset #808080)] [r=2 c=2 rs=1 cs=1]
              LayoutText {#text} at (2,2) size 21x19
                text run at (2,2) width 21: "foo"
            LayoutTableCell {TD} at (90,60) size 24x24 [border: (1px inset #808080)] [r=2 c=3 rs=1 cs=1]
              LayoutText {#text} at (2,2) size 20x19
                text run at (2,2) width 20: "bar"
      LayoutBlockFlow (anonymous) at (0,2606) size 769x20
        LayoutText {#text} at (0,0) size 19x19
          text run at (0,0) width 19: "-->"
