layer at (0,0) size 800x600 clip at (0,0) size 785x600 scrollHeight 1136
  LayoutView at (0,0) size 800x600
layer at (0,0) size 785x1136 backgroundClip at (0,0) size 785x600 clip at (0,0) size 785x600
  LayoutBlockFlow {HTML} at (0,0) size 785x1136
    LayoutBlockFlow {BODY} at (8,8) size 769x1120
      LayoutBlockFlow {CENTER} at (0,0) size 769x20
        LayoutText {#text} at (322,0) size 125x19
          text run at (322,0) width 125: "bottom caption tests"
      LayoutBlockFlow (anonymous) at (0,20) size 769x20
        LayoutText {#text} at (0,0) size 103x19
          text run at (0,0) width 103: "table 1 - original"
      LayoutTable {TABLE} at (5,50) size 90x99 [border: (10px solid #008000)]
        LayoutBlockFlow {CAPTION} at (10,72) size 80x27 [border: (3px solid #800080)]
          LayoutText {#text} at (6,4) size 47x19
            text run at (6,4) width 47: "caption"
          LayoutBlockFlow {INPUT} at (57.50,6) size 13x13
        LayoutTableSection {TBODY} at (10,10) size 70x50
          LayoutTableRow {TR} at (0,2) size 70x22
            LayoutTableCell {TD} at (2,2) size 32x22 [r=0 c=0 rs=1 cs=1]
              LayoutText {#text} at (1,1) size 30x19
                text run at (1,1) width 30: "Data"
            LayoutTableCell {TD} at (36,2) size 32x22 [r=0 c=1 rs=1 cs=1]
              LayoutText {#text} at (1,1) size 30x19
                text run at (1,1) width 30: "Data"
          LayoutTableRow {TR} at (0,26) size 70x22
            LayoutTableCell {TD} at (2,26) size 32x22 [r=1 c=0 rs=1 cs=1]
              LayoutText {#text} at (1,1) size 30x19
                text run at (1,1) width 30: "Data"
            LayoutTableCell {TD} at (36,26) size 32x22 [r=1 c=1 rs=1 cs=1]
              LayoutText {#text} at (1,1) size 30x19
                text run at (1,1) width 30: "Data"
      LayoutBlockFlow (anonymous) at (0,154) size 769x20
        LayoutText {#text} at (0,0) size 188x19
          text run at (0,0) width 188: "table 2 - caption gains content"
      LayoutTable {TABLE} at (5,184) size 90x119 [border: (10px solid #008000)]
        LayoutBlockFlow {CAPTION} at (10,72) size 80x47 [border: (3px solid #800080)]
          LayoutText {#text} at (6,4) size 47x19
            text run at (6,4) width 47: "caption"
          LayoutBlockFlow {INPUT} at (57.50,6) size 13x13
          LayoutText {#text} at (17,24) size 46x19
            text run at (17,24) width 46: "foo foo"
        LayoutTableSection {TBODY} at (10,10) size 70x50
          LayoutTableRow {TR} at (0,2) size 70x22
            LayoutTableCell {TD} at (2,2) size 32x22 [r=0 c=0 rs=1 cs=1]
              LayoutText {#text} at (1,1) size 30x19
                text run at (1,1) width 30: "Data"
            LayoutTableCell {TD} at (36,2) size 32x22 [r=0 c=1 rs=1 cs=1]
              LayoutText {#text} at (1,1) size 30x19
                text run at (1,1) width 30: "Data"
          LayoutTableRow {TR} at (0,26) size 70x22
            LayoutTableCell {TD} at (2,26) size 32x22 [r=1 c=0 rs=1 cs=1]
              LayoutText {#text} at (1,1) size 30x19
                text run at (1,1) width 30: "Data"
            LayoutTableCell {TD} at (36,26) size 32x22 [r=1 c=1 rs=1 cs=1]
              LayoutText {#text} at (1,1) size 30x19
                text run at (1,1) width 30: "Data"
      LayoutBlockFlow (anonymous) at (0,308) size 769x20
        LayoutText {#text} at (0,0) size 384x19
          text run at (0,0) width 384: "table 3 - caption gains content extending its max element size"
      LayoutTable {TABLE} at (5,338) size 147x119 [border: (10px solid #008000)]
        LayoutBlockFlow {CAPTION} at (10,72) size 137x47 [border: (3px solid #800080)]
          LayoutText {#text} at (35,4) size 46x19
            text run at (35,4) width 46: "caption"
          LayoutBlockFlow {INPUT} at (86,6) size 13x13
          LayoutText {#text} at (3,24) size 142x19
            text run at (3,24) width 142: "very_large_very_large"
        LayoutTableSection {TBODY} at (10,10) size 127x50
          LayoutTableRow {TR} at (0,2) size 127x22
            LayoutTableCell {TD} at (2,2) size 60x22 [r=0 c=0 rs=1 cs=1]
              LayoutText {#text} at (1,1) size 30x19
                text run at (1,1) width 30: "Data"
            LayoutTableCell {TD} at (64,2) size 61x22 [r=0 c=1 rs=1 cs=1]
              LayoutText {#text} at (1,1) size 30x19
                text run at (1,1) width 30: "Data"
          LayoutTableRow {TR} at (0,26) size 127x22
            LayoutTableCell {TD} at (2,26) size 60x22 [r=1 c=0 rs=1 cs=1]
              LayoutText {#text} at (1,1) size 30x19
                text run at (1,1) width 30: "Data"
            LayoutTableCell {TD} at (64,26) size 61x22 [r=1 c=1 rs=1 cs=1]
              LayoutText {#text} at (1,1) size 30x19
                text run at (1,1) width 30: "Data"
      LayoutBlockFlow (anonymous) at (0,462) size 769x20
        LayoutText {#text} at (0,0) size 186x19
          text run at (0,0) width 186: "table 4 - caption loses content"
      LayoutTable {TABLE} at (5,492) size 90x98 [border: (10px solid #008000)]
        LayoutBlockFlow {CAPTION} at (10,72) size 80x26 [border: (3px solid #800080)]
          LayoutText {#text} at (17,3) size 46x19
            text run at (17,3) width 46: "caption"
        LayoutTableSection {TBODY} at (10,10) size 70x50
          LayoutTableRow {TR} at (0,2) size 70x22
            LayoutTableCell {TD} at (2,2) size 32x22 [r=0 c=0 rs=1 cs=1]
              LayoutText {#text} at (1,1) size 30x19
                text run at (1,1) width 30: "Data"
            LayoutTableCell {TD} at (36,2) size 32x22 [r=0 c=1 rs=1 cs=1]
              LayoutText {#text} at (1,1) size 30x19
                text run at (1,1) width 30: "Data"
          LayoutTableRow {TR} at (0,26) size 70x22
            LayoutTableCell {TD} at (2,26) size 32x22 [r=1 c=0 rs=1 cs=1]
              LayoutText {#text} at (1,1) size 30x19
                text run at (1,1) width 30: "Data"
            LayoutTableCell {TD} at (36,26) size 32x22 [r=1 c=1 rs=1 cs=1]
              LayoutText {#text} at (1,1) size 30x19
                text run at (1,1) width 30: "Data"
      LayoutBlockFlow (anonymous) at (0,595) size 769x20
        LayoutText {#text} at (0,0) size 154x19
          text run at (0,0) width 154: "table 5 - table gets wider"
      LayoutTable {TABLE} at (5,625) size 136x99 [border: (10px solid #008000)]
        LayoutBlockFlow {CAPTION} at (10,72) size 126x27 [border: (3px solid #800080)]
          LayoutText {#text} at (29,4) size 47x19
            text run at (29,4) width 47: "caption"
          LayoutBlockFlow {INPUT} at (80.50,6) size 13x13
        LayoutTableSection {TBODY} at (10,10) size 116x50
          LayoutTableRow {TR} at (0,2) size 116x22
            LayoutTableCell {TD} at (2,2) size 78x22 [r=0 c=0 rs=1 cs=1]
              LayoutText {#text} at (1,1) size 30x19
                text run at (1,1) width 30: "Data"
              LayoutText {#text} at (31,1) size 46x19
                text run at (31,1) width 46: "foo foo"
            LayoutTableCell {TD} at (82,2) size 32x22 [r=0 c=1 rs=1 cs=1]
              LayoutText {#text} at (1,1) size 30x19
                text run at (1,1) width 30: "Data"
          LayoutTableRow {TR} at (0,26) size 116x22
            LayoutTableCell {TD} at (2,26) size 78x22 [r=1 c=0 rs=1 cs=1]
              LayoutText {#text} at (1,1) size 30x19
                text run at (1,1) width 30: "Data"
            LayoutTableCell {TD} at (82,26) size 32x22 [r=1 c=1 rs=1 cs=1]
              LayoutText {#text} at (1,1) size 30x19
                text run at (1,1) width 30: "Data"
      LayoutBlockFlow (anonymous) at (0,729) size 769x20
        LayoutText {#text} at (0,0) size 149x19
          text run at (0,0) width 149: "table 6 - table gets taller"
      LayoutTable {TABLE} at (5,759) size 106x123 [border: (10px solid #008000)]
        LayoutTableSection {TBODY} at (10,10) size 86x26
          LayoutTableRow {TR} at (0,2) size 86x22
            LayoutTableCell {TD} at (2,2) size 48x22 [r=0 c=0 rs=1 cs=1]
              LayoutText {#text} at (1,1) size 46x19
                text run at (1,1) width 46: "foo foo"
        LayoutBlockFlow {CAPTION} at (10,96) size 96x27 [border: (3px solid #800080)]
          LayoutText {#text} at (14,4) size 47x19
            text run at (14,4) width 47: "caption"
          LayoutBlockFlow {INPUT} at (65.50,6) size 13x13
        LayoutTableSection {TBODY} at (10,36) size 86x48
          LayoutTableRow {TR} at (0,0) size 86x22
            LayoutTableCell {TD} at (2,0) size 48x22 [r=0 c=0 rs=1 cs=1]
              LayoutText {#text} at (1,1) size 30x19
                text run at (1,1) width 30: "Data"
            LayoutTableCell {TD} at (52,0) size 32x22 [r=0 c=1 rs=1 cs=1]
              LayoutText {#text} at (1,1) size 30x19
                text run at (1,1) width 30: "Data"
          LayoutTableRow {TR} at (0,24) size 86x22
            LayoutTableCell {TD} at (2,24) size 48x22 [r=1 c=0 rs=1 cs=1]
              LayoutText {#text} at (1,1) size 30x19
                text run at (1,1) width 30: "Data"
            LayoutTableCell {TD} at (52,24) size 32x22 [r=1 c=1 rs=1 cs=1]
              LayoutText {#text} at (1,1) size 30x19
                text run at (1,1) width 30: "Data"
      LayoutBlockFlow (anonymous) at (0,887) size 769x20
        LayoutText {#text} at (0,0) size 139x19
          text run at (0,0) width 139: "table 7 - insert caption"
      LayoutTable {TABLE} at (5,917) size 90x98 [border: (10px solid #008000)]
        LayoutTableSection {TBODY} at (10,10) size 70x50
          LayoutTableRow {TR} at (0,2) size 70x22
            LayoutTableCell {TD} at (2,2) size 32x22 [r=0 c=0 rs=1 cs=1]
              LayoutText {#text} at (1,1) size 30x19
                text run at (1,1) width 30: "Data"
            LayoutTableCell {TD} at (36,2) size 32x22 [r=0 c=1 rs=1 cs=1]
              LayoutText {#text} at (1,1) size 30x19
                text run at (1,1) width 30: "Data"
          LayoutTableRow {TR} at (0,26) size 70x22
            LayoutTableCell {TD} at (2,26) size 32x22 [r=1 c=0 rs=1 cs=1]
              LayoutText {#text} at (1,1) size 30x19
                text run at (1,1) width 30: "Data"
            LayoutTableCell {TD} at (36,26) size 32x22 [r=1 c=1 rs=1 cs=1]
              LayoutText {#text} at (1,1) size 30x19
                text run at (1,1) width 30: "Data"
        LayoutBlockFlow {CAPTION} at (10,72) size 80x26 [border: (3px solid #800080)]
          LayoutText {#text} at (13,3) size 54x19
            text run at (13,3) width 54: "new cap"
      LayoutBlockFlow (anonymous) at (0,1020) size 769x20
        LayoutText {#text} at (0,0) size 152x19
          text run at (0,0) width 152: "table 8 - remove caption"
      LayoutTable {TABLE} at (5,1050) size 90x70 [border: (10px solid #008000)]
        LayoutTableSection {TBODY} at (10,10) size 70x50
          LayoutTableRow {TR} at (0,2) size 70x22
            LayoutTableCell {TD} at (2,2) size 32x22 [r=0 c=0 rs=1 cs=1]
              LayoutText {#text} at (1,1) size 30x19
                text run at (1,1) width 30: "Data"
            LayoutTableCell {TD} at (36,2) size 32x22 [r=0 c=1 rs=1 cs=1]
              LayoutText {#text} at (1,1) size 30x19
                text run at (1,1) width 30: "Data"
          LayoutTableRow {TR} at (0,26) size 70x22
            LayoutTableCell {TD} at (2,26) size 32x22 [r=1 c=0 rs=1 cs=1]
              LayoutText {#text} at (1,1) size 30x19
                text run at (1,1) width 30: "Data"
            LayoutTableCell {TD} at (36,26) size 32x22 [r=1 c=1 rs=1 cs=1]
              LayoutText {#text} at (1,1) size 30x19
                text run at (1,1) width 30: "Data"
