layer at (0,0) size 800x600
  LayoutView at (0,0) size 800x600
layer at (0,0) size 800x273
  LayoutBlockFlow {HTML} at (0,0) size 800x273
    LayoutBlockFlow {BODY} at (8,16) size 784x249
      LayoutBlockFlow {P} at (0,0) size 784x20
        LayoutText {#text} at (0,0) size 494x19
          text run at (0,0) width 494: "Testing masks on compositing layers. Left and right columns should look the same."
      LayoutBlockFlow (anonymous) at (0,36) size 784x213
        LayoutText {#text} at (208,193) size 4x19
          text run at (208,193) width 4: " "
        LayoutText {#text} at (0,0) size 0x0
layer at (8,52) size 208x208 clip at (12,56) size 200x200 scrollWidth 225 scrollHeight 225
  LayoutBlockFlow (relative positioned) {DIV} at (0,0) size 208x208 [bgcolor=#0000FF] [border: (4px solid #FF0000)]
layer at (187,231) size 50x50 backgroundClip at (12,56) size 200x200 clip at (12,56) size 200x200
  LayoutBlockFlow (positioned) {DIV} at (179,179) size 50x50 [bgcolor=#000000]
layer at (270,52) size 208x208 clip at (274,56) size 200x200 scrollWidth 225 scrollHeight 225
  LayoutBlockFlow (relative positioned) {DIV} at (212,0) size 208x208 [bgcolor=#0000FF] [border: (4px solid #FF0000)]
layer at (449,231) size 50x50 backgroundClip at (274,56) size 200x200 clip at (274,56) size 200x200
  LayoutBlockFlow (positioned) {DIV} at (179,179) size 50x50 [bgcolor=#000000]
