layer at (0,0) size 800x600
  LayoutView at (0,0) size 800x600
layer at (0,0) size 800x272
  LayoutBlockFlow {HTML} at (0,0) size 800x272
    LayoutBlockFlow {BODY} at (8,16) size 784x246
      LayoutBlockFlow {P} at (0,0) size 784x20
        LayoutText {#text} at (0,0) size 454x19
          text run at (0,0) width 454: "You should see scrollbars on the gray square, and a resizer control below it."
layer at (18,52) size 100x100 clip at (18,52) size 85x85 scrollWidth 500 scrollHeight 500
  LayoutBlockFlow (relative positioned) {DIV} at (10,36) size 100x100
layer at (18,52) size 500x500 backgroundClip at (18,52) size 85x85 clip at (18,52) size 85x85
  LayoutBlockFlow {DIV} at (0,0) size 500x500 [bgcolor=#808080]
layer at (18,162) size 100x100
  LayoutBlockFlow {DIV} at (10,146) size 100x100
