layer at (0,0) size 800x600
  LayoutView at (0,0) size 800x600
layer at (0,0) size 800x600
  LayoutBlockFlow {HTML} at (0,0) size 800x600
    LayoutBlockFlow {BODY} at (8,8) size 784x584
      LayoutBlockFlow {P} at (0,0) size 784x18
        LayoutText {#text} at (0,0) size 639x18
          text run at (0,0) width 639: "This tests for a bug where inserting at the end of a link would place content in the wrong paragraph."
      LayoutBlockFlow {DIV} at (0,34) size 784x18
        LayoutInline {A} at (0,0) size 429x18 [color=#0000EE]
          LayoutText {#text} at (0,0) size 429x18
            text run at (0,0) width 429: "Everything in this editable region should be in the same paragraph."
          LayoutBR {BR} at (428,14) size 1x0
caret: position 67 of child 0 {#text} of child 0 {A} of child 3 {DIV} of body
