layer at (0,0) size 800x600
  LayoutView at (0,0) size 800x600
layer at (0,0) size 800x600
  LayoutBlockFlow {HTML} at (0,0) size 800x600
    LayoutBlockFlow {BODY} at (8,8) size 784x579
      LayoutBlockFlow {P} at (0,0) size 784x36
        LayoutText {#text} at (0,0) size 759x36
          text run at (0,0) width 682: "This tests that inserting a newline in place of a full line of quoted content doesn't add an extra quoted line. "
          text run at (681,0) width 78: "The test has"
          text run at (0,18) width 468: "passed if there are no empty lines (quoted or unquoted) in the box below."
      LayoutBlockFlow {DIV} at (0,52) size 784x54
        LayoutBlockFlow {BLOCKQUOTE} at (0,0) size 784x18 [color=#0000FF] [border: none (2px solid #0000FF)]
          LayoutBlockFlow {DIV} at (12,0) size 772x18
            LayoutText {#text} at (0,0) size 44x18
              text run at (0,0) width 44: "quoted"
          LayoutBlockFlow {DIV} at (12,18) size 772x0
        LayoutBlockFlow (anonymous) at (0,18) size 784x18
          LayoutText {#text} at (0,0) size 60x18
            text run at (0,0) width 60: "unquoted"
          LayoutBR {BR} at (59,14) size 1x0
        LayoutBlockFlow {BLOCKQUOTE} at (0,36) size 784x18 [color=#0000FF] [border: none (2px solid #0000FF)]
          LayoutBlockFlow {DIV} at (12,0) size 772x18
            LayoutText {#text} at (0,0) size 44x18
              text run at (0,0) width 44: "quoted"
      LayoutBlockFlow {PRE} at (0,119) size 784x0
caret: position 8 of child 2 {#text} of child 3 {DIV} of body
