layer at (0,0) size 800x600
  LayoutView at (0,0) size 800x600
layer at (0,0) size 800x600
  LayoutBlockFlow {HTML} at (0,0) size 800x600
    LayoutBlockFlow {BODY} at (8,8) size 784x576
      LayoutBlockFlow {FORM} at (0,0) size 784x56
        LayoutBlockFlow (anonymous) at (0,0) size 784x56
          LayoutBlockFlow {INPUT} at (2.88,4) size 12x12
          LayoutInline {B} at (0,0) size 77x18
            LayoutText {#text} at (17,0) size 77x18
              text run at (17,0) width 77: "Attach File"
          LayoutBR {BR} at (93,14) size 1x0
          LayoutBR {BR} at (0,19) size 0x18
          LayoutText {#text} at (0,37) size 89x18
            text run at (0,37) width 89: "  Select File:  "
          LayoutFileUploadControl {INPUT} at (88.42,38) size 212x18 "No file chosen" [color=#545454]
            LayoutButton {INPUT} at (0,0) size 75.22x18 [color=#7F7F7F] [bgcolor=#FFFFFF]
              LayoutBlockFlow (anonymous) at (8,2) size 59.22x13
                LayoutText {#text} at (0,0) size 60x13
                  text run at (0,0) width 60: "Choose File"
          LayoutBR {BR} at (300,51) size 1x0
        LayoutTable {TABLE} at (0,56) size 0x0
