layer at (0,0) size 800x600
  LayoutView at (0,0) size 800x600
layer at (0,0) size 800x442
  LayoutBlockFlow {HTML} at (0,0) size 800x442
    LayoutBlockFlow {BODY} at (8,16) size 784x418
      LayoutBlockFlow {P} at (0,0) size 784x18
        LayoutText {#text} at (0,0) size 432x18
          text run at (0,0) width 432: "Test passes if the orange and blue boxes below are the same height."
layer at (8,50) size 192x384
  LayoutBlockFlow (relative positioned) {DIV} at (0,34) size 192x384 [color=#FFA500]
layer at (8,50) size 192x96
  LayoutBlockFlow (positioned) {DIV} at (0,0) size 192x96 [bgcolor=#0000FF]
    LayoutText {#text} at (0,0) size 96x96
      text run at (0,0) width 96: "X"
