layer at (0,0) size 800x600
  LayoutView at (0,0) size 800x600
layer at (0,0) size 800x442
  LayoutBlockFlow {HTML} at (0,0) size 800x442
    LayoutBlockFlow {BODY} at (8,16) size 784x418
      LayoutBlockFlow {P} at (0,0) size 784x18
        LayoutText {#text} at (0,0) size 432x18
          text run at (0,0) width 432: "Test passes if the blue and orange boxes below are the same height."
layer at (8,50) size 96x384
  LayoutBlockFlow (relative positioned) {DIV} at (0,34) size 96x384
layer at (8,98) size 96x48
  LayoutBlockFlow (relative positioned) {DIV} at (0,0) size 96x48 [bgcolor=#FFA500]
layer at (8,98) size 48x48
  LayoutBlockFlow (positioned) {DIV} at (0,48) size 48x48 [bgcolor=#0000FF]
    LayoutText {#text} at (0,0) size 96x96
      text run at (0,0) width 96: " "
