layer at (0,0) size 800x600
  LayoutView at (0,0) size 800x600
layer at (0,0) size 800x274
  LayoutBlockFlow {HTML} at (0,0) size 800x274
    LayoutBlockFlow {BODY} at (8,16) size 784x250
      LayoutBlockFlow {P} at (0,0) size 784x36
        LayoutText {#text} at (0,0) size 754x36
          text run at (0,0) width 754: "Test passes if the blue and orange boxes below are the same width, and the blue box is in the upper-right corner of the"
          text run at (0,18) width 67: "black box."
layer at (8,68) size 198x198
  LayoutBlockFlow (relative positioned) {DIV} at (0,52) size 198x198 [border: (3px solid #000000)]
    LayoutBlockFlow {DIV} at (99,99) size 96x96 [bgcolor=#FFA500]
layer at (107,71) size 96x96
  LayoutImage (positioned) {IMG} at (99,3) size 96x96
