layer at (0,0) size 800x600
  LayoutView at (0,0) size 800x600
layer at (0,0) size 800x370
  LayoutBlockFlow {HTML} at (0,0) size 800x370
    LayoutBlockFlow {BODY} at (8,16) size 784x346
      LayoutBlockFlow {P} at (0,0) size 784x36
        LayoutText {#text} at (0,0) size 784x36
          text run at (0,0) width 784: "Test passes if the blue and orange boxes below are the same width, and the blue box is in the upper-left corner of the black"
          text run at (0,18) width 28: "box."
layer at (8,68) size 198x294
  LayoutBlockFlow (relative positioned) {DIV} at (0,52) size 198x294 [border: (3px solid #000000)]
    LayoutBlockFlow {DIV} at (3,99) size 96x96 [bgcolor=#FFA500]
layer at (11,71) size 96x96
  LayoutImage (positioned) {IMG} at (3,3) size 96x96
