layer at (0,0) size 800x600
  LayoutView at (0,0) size 800x600
layer at (0,0) size 800x346
  LayoutBlockFlow {HTML} at (0,0) size 800x346
    LayoutBlockFlow {BODY} at (8,16) size 784x322
      LayoutBlockFlow {P} at (0,0) size 784x18
        LayoutText {#text} at (0,0) size 473x18
          text run at (0,0) width 473: "Test passes if there are two boxes below, a blue box below an orange box."
layer at (8,50) size 96x288
  LayoutBlockFlow (relative positioned) {DIV} at (0,34) size 96x288 [bgcolor=#0000FF]
layer at (8,50) size 96x48
  LayoutBlockFlow (positioned) {DIV} at (0,0) size 96x48 [bgcolor=#FFA500]
