layer at (0,0) size 800x600
  LayoutView at (0,0) size 800x600
layer at (0,0) size 800x18
  LayoutBlockFlow {HTML} at (0,0) size 800x18
    LayoutBlockFlow {BODY} at (0,0) size 800x18
      LayoutBlockFlow {P} at (0,0) size 800x18
        LayoutText {#text} at (0,0) size 520x18
          text run at (0,0) width 520: "Test passes the a filled blue square touches the upper-left corner of the black box."
layer at (0,96) size 294x198
  LayoutBlockFlow (positioned) {DIV} at (0,96) size 294x198 [border: (3px solid #000000)]
layer at (3,99) size 96x96
  LayoutBlockFlow (positioned) {DIV} at (3,99) size 96x96 [bgcolor=#0000FF]
