layer at (0,0) size 800x600
  LayoutView at (0,0) size 800x600
layer at (0,0) size 800x18
  LayoutBlockFlow {HTML} at (0,0) size 800x18
    LayoutBlockFlow {BODY} at (0,0) size 800x18
      LayoutBlockFlow {P} at (0,0) size 800x18
        LayoutText {#text} at (0,0) size 433x18
          text run at (0,0) width 433: "Test passes the blue box is in the upper-left corner of the black box."
layer at (0,18) size 198x198
  LayoutBlockFlow (positioned) {DIV} at (0,18) size 198x198 [border: (3px solid #000000)]
layer at (3,21) size 96x48
  LayoutBlockFlow (positioned) {DIV} at (3,21) size 96x48 [bgcolor=#0000FF]
