layer at (0,0) size 800x600
  LayoutView at (0,0) size 800x600
layer at (0,0) size 800x250
  LayoutBlockFlow {HTML} at (0,0) size 800x250
    LayoutBlockFlow {BODY} at (8,16) size 784x226
      LayoutBlockFlow {P} at (0,0) size 784x18
        LayoutText {#text} at (0,0) size 432x18
          text run at (0,0) width 432: "Test passes if the blue and orange boxes below are the same height."
layer at (8,50) size 784x192
  LayoutBlockFlow (relative positioned) {DIV} at (0,34) size 784x192
layer at (8,50) size 96x192
  LayoutBlockFlow (relative positioned) {DIV} at (0,0) size 96x192
layer at (8,50) size 96x192
  LayoutBlockFlow (relative positioned) {DIV} at (0,0) size 96x192 [bgcolor=#0000FF]
layer at (104,50) size 96x192
  LayoutBlockFlow (positioned) {DIV} at (96,0) size 96x192 [bgcolor=#FFA500]
