layer at (0,0) size 800x600 clip at (0,0) size 785x585
  LayoutView at (0,0) size 800x600
layer at (0,0) size 785x353
  LayoutBlockFlow {HTML} at (0,0) size 785x353
layer at (8,8) size 769x337 clip at (8,8) size 754x322
  LayoutBlockFlow {BODY} at (8,8) size 769x337
    LayoutBlockFlow {P} at (0,16) size 754x18
      LayoutText {#text} at (0,0) size 271x18
        text run at (0,0) width 271: "Test passes if there is a blue square below."
layer at (8,90) size 754x192
  LayoutBlockFlow (relative positioned) {DIV} at (0,82) size 754x192
    LayoutBlockFlow {DIV} at (0,0) size 96x96 [bgcolor=#0000FF] [border: (48px solid #0000FF) none]
    LayoutBlockFlow {DIV} at (0,96) size 96x96 [bgcolor=#0000FF] [border: none (48px solid #0000FF) none]
layer at (104,90) size 96x192
  LayoutBlockFlow (positioned) {DIV} at (96,0) size 96x192 [bgcolor=#0000FF]
