layer at (0,0) size 800x600
  LayoutView at (0,0) size 800x600
layer at (0,0) size 800x88
  LayoutBlockFlow {HTML} at (0,0) size 800x88
    LayoutBlockFlow {BODY} at (8,16) size 784x64
      LayoutBlockFlow {P} at (0,0) size 784x18
        LayoutText {#text} at (0,0) size 428x18
          text run at (0,0) width 428: "Test passes if the orange and blue boxes below are the same width."
layer at (8,50) size 784x30
  LayoutBlockFlow (relative positioned) {DIV} at (0,34) size 784x30
layer at (692,50) size 100x30
  LayoutBlockFlow (relative positioned) {DIV} at (684,0) size 100x30 [bgcolor=#FFA500]
layer at (642,50) size 140x30
  LayoutBlockFlow (relative positioned) {DIV} at (-50,0) size 140x30 [border: none (10px solid #FFA500) none (10px solid #FFA500)]
layer at (642,80) size 150x30
  LayoutBlockFlow (positioned) {DIV} at (634,30) size 150x30 [bgcolor=#0000FF]
