layer at (0,0) size 800x600
  LayoutView at (0,0) size 800x600
layer at (0,0) size 800x146
  LayoutBlockFlow {HTML} at (0,0) size 800x146
    LayoutBlockFlow {BODY} at (8,16) size 784x18
      LayoutBlockFlow {P} at (0,0) size 784x18
        LayoutText {#text} at (0,0) size 309x18
          text run at (0,0) width 309: "Test passes if there is no red visible on the page."
      LayoutBlockFlow {DIV} at (0,34) size 784x0 [bgcolor=#FF0000]
        LayoutBlockFlow (floating) {DIV} at (0,0) size 96x96
