layer at (0,0) size 800x600 clip at (0,0) size 785x585
  LayoutView at (0,0) size 800x600
layer at (0,0) size 785x177
  LayoutBlockFlow {HTML} at (0,0) size 785x177
layer at (8,8) size 769x161 clip at (8,8) size 754x146 scrollHeight 242
  LayoutBlockFlow {BODY} at (8,8) size 769x161
    LayoutBlockFlow {P} at (0,16) size 754x18
      LayoutText {#text} at (0,0) size 432x18
        text run at (0,0) width 432: "Test passes if the blue and orange boxes below are the same height."
layer at (8,58) size 754x96
  LayoutBlockFlow (relative positioned) {DIV} at (0,50) size 754x96
    LayoutBlockFlow {DIV} at (0,0) size 96x96 [bgcolor=#0000FF]
layer at (8,154) size 96x96 backgroundClip at (8,8) size 754x146 clip at (8,8) size 754x146
  LayoutBlockFlow (relative positioned) {DIV} at (0,0) size 96x96
layer at (104,58) size 96x96
  LayoutBlockFlow (positioned) {DIV} at (96,0) size 96x96 [bgcolor=#FFA500]
