layer at (0,0) size 800x600 clip at (0,0) size 785x585
  LayoutView at (0,0) size 800x600
layer at (0,0) size 785x81
  LayoutBlockFlow {HTML} at (0,0) size 785x81
layer at (8,8) size 769x65 clip at (8,8) size 754x50
  LayoutBlockFlow {BODY} at (8,8) size 769x65
    LayoutBlockFlow {P} at (0,16) size 754x18
      LayoutText {#text} at (0,0) size 309x18
        text run at (0,0) width 309: "Test passes if there is no red visible on the page."
    LayoutBlockFlow {DIV} at (0,50) size 754x0 [bgcolor=#FF0000]
layer at (8,58) size 96x96
  LayoutBlockFlow (positioned) {DIV} at (8,58) size 96x96
