layer at (0,0) size 800x600 clip at (0,0) size 785x585
  LayoutView at (0,0) size 800x600
layer at (0,0) size 785x273
  LayoutBlockFlow {HTML} at (0,0) size 785x273
layer at (8,8) size 769x257 clip at (8,8) size 754x242
  LayoutBlockFlow {BODY} at (8,8) size 769x257
    LayoutBlockFlow {P} at (0,16) size 754x18
      LayoutText {#text} at (0,0) size 432x18
        text run at (0,0) width 432: "Test passes if the blue and orange boxes below are the same height."
layer at (8,58) size 754x192
  LayoutBlockFlow (relative positioned) {DIV} at (0,50) size 754x192
layer at (8,58) size 96x192
  LayoutBlockFlow (relative positioned) {DIV} at (0,0) size 96x192
layer at (8,58) size 96x192
  LayoutBlockFlow (relative positioned) {DIV} at (0,0) size 96x192 [bgcolor=#0000FF]
layer at (104,58) size 96x192
  LayoutBlockFlow (positioned) {DIV} at (96,0) size 96x192 [bgcolor=#FFA500]
