layer at (0,0) size 800x600
  LayoutView at (0,0) size 800x600
layer at (0,0) size 800x258
  LayoutBlockFlow {HTML} at (0,0) size 800x258
    LayoutBlockFlow {BODY} at (8,16) size 784x234
      LayoutBlockFlow {P} at (0,0) size 784x18
        LayoutText {#text} at (0,0) size 344x18
          text run at (0,0) width 344: "Test passes if there is a filled green square below and "
        LayoutInline {STRONG} at (0,0) size 44x18
          LayoutText {#text} at (343,0) size 44x18
            text run at (343,0) width 44: "no red"
        LayoutText {#text} at (386,0) size 5x18
          text run at (386,0) width 5: "."
      LayoutBlockFlow {DIV} at (0,34) size 400x200 [border: none (200px solid #FF0000) none]
        LayoutBlockFlow {DIV} at (0,0) size 400x200 [border: none (200px solid #008000) none]
