layer at (0,0) size 800x600
  LayoutView at (0,0) size 800x600
layer at (0,0) size 800x50
  LayoutBlockFlow {HTML} at (0,0) size 800x50
    LayoutBlockFlow {BODY} at (8,16) size 784x18
      LayoutBlockFlow {P} at (0,0) size 784x18
        LayoutText {#text} at (0,0) size 152x18
          text run at (0,0) width 152: "There should be no red."
layer at (8,32) size 100x100
  LayoutBlockFlow (positioned) {DIV} at (8,32) size 100x100
    LayoutTable {DIV} at (0,0) size 100x100
      LayoutTableSection (anonymous) at (0,0) size 100x100
        LayoutTableRow (anonymous) at (0,0) size 100x100
          LayoutTableCell (anonymous) at (0,0) size 100x100 [r=0 c=0 rs=1 cs=1]
layer at (8,64) size 100x100
  LayoutBlockFlow (relative positioned) {DIV} at (0,0) size 100x100 [bgcolor=#FF0000]
layer at (8,64) size 100x100
  LayoutBlockFlow (positioned) {DIV} at (8,64) size 100x100 [bgcolor=#008000]
