layer at (0,0) size 800x600
  LayoutView at (0,0) size 800x600
layer at (0,0) size 800x426 layerType: background only
layer at (8,130) size 528x144
  LayoutBlockFlow (relative positioned) zI: -1 {DIV} at (0,144) size 528x144 [border: (24px solid #FF0000)]
layer at (128,34) size 240x336
  LayoutBlockFlow (relative positioned) {DIV} at (120,24) size 240x336 [bgcolor=#FF0000] [border: (24px solid #FF0000)]
layer at (0,0) size 800x426 layerType: foreground only
  LayoutBlockFlow {HTML} at (0,0) size 800x426
    LayoutBlockFlow {BODY} at (8,16) size 784x402
      LayoutBlockFlow {P} at (0,0) size 784x18
        LayoutText {#text} at (0,0) size 309x18
          text run at (0,0) width 309: "Test passes if there is no red visible on the page."
      LayoutBlockFlow {DIV} at (0,114) size 784x288
        LayoutBlockFlow {DIV} at (0,0) size 528x144 [border: (24px solid #008000)]
          LayoutInline {SPAN} at (0,0) size 240x336 [bgcolor=#008000] [border: (24px solid #008000)]
          LayoutText {#text} at (0,0) size 0x0
