layer at (0,0) size 800x600
  LayoutView at (0,0) size 800x600
layer at (0,0) size 800x71
  LayoutBlockFlow {HTML} at (0,0) size 800x71
    LayoutBlockFlow {BODY} at (8,16) size 784x18
      LayoutBlockFlow {P} at (0,0) size 784x18
        LayoutText {#text} at (0,0) size 555x18
          text run at (0,0) width 555: "Test passes if there is no white space between the blue box below and the orange lines."
      LayoutBlockFlow (floating) {DIV} at (0,34) size 96x21 [border: (3px solid #FFA500) none (3px solid #FFA500) none]
        LayoutImage (floating) {IMG} at (0,3) size 15x15
