layer at (0,0) size 800x600
  LayoutView at (0,0) size 800x600
layer at (0,0) size 800x282
  LayoutBlockFlow {HTML} at (0,0) size 800x282
    LayoutBlockFlow {BODY} at (8,16) size 784x258
      LayoutBlockFlow {P} at (0,0) size 784x18
        LayoutText {#text} at (0,0) size 432x18
          text run at (0,0) width 432: "Test passes if the blue and orange boxes below are the same height."
layer at (8,130) size 784x144
  LayoutBlockFlow (relative positioned) {DIV} at (0,114) size 784x144
    LayoutInline {SPAN} at (0,0) size 96x192 [color=#0000FF] [bgcolor=#0000FF] [border: (48px solid #0000FF) none (48px solid #0000FF) none]
      LayoutText {#text} at (0,24) size 96x96
        text run at (0,24) width 96: "X"
    LayoutText {#text} at (0,0) size 0x0
    LayoutText {#text} at (0,0) size 0x0
layer at (104,106) size 96x192
  LayoutBlockFlow (positioned) {DIV} at (96,-24) size 96x192 [bgcolor=#FFA500]
