layer at (0,0) size 800x600
  LayoutView at (0,0) size 800x600
layer at (0,0) size 800x474
  LayoutBlockFlow {HTML} at (0,0) size 800x474
    LayoutBlockFlow {BODY} at (8,16) size 784x450
      LayoutBlockFlow {P} at (0,0) size 784x18
        LayoutText {#text} at (0,0) size 450x18
          text run at (0,0) width 450: "There should be no red below, just two 300x200 pixel lime rectangles."
layer at (8,50) size 300x200
  LayoutBlockFlow (relative positioned) {DIV} at (0,34) size 300x200 [bgcolor=#FF0000]
    LayoutBlockFlow {DIV} at (0,0) size 300x100 [bgcolor=#00FF00]
      LayoutBlockFlow {P} at (0,0) size 375x100
        LayoutImage (floating) {IMG} at (0,0) size 100x100
        LayoutImage {IMG} at (0,100) size 300x100
        LayoutText {#text} at (0,0) size 0x0
layer at (8,266) size 300x200
  LayoutBlockFlow (relative positioned) {DIV} at (0,250) size 300x200 [bgcolor=#FF0000]
    LayoutBlockFlow {DIV} at (0,0) size 300x100 [bgcolor=#00FF00]
      LayoutBlockFlow {P} at (0,0) size 375x100
        LayoutImage (floating) {IMG} at (0,0) size 100x100
        LayoutImage {IMG} at (0,100) size 300x100
        LayoutText {#text} at (0,0) size 0x0
        LayoutText {#text} at (0,0) size 0x0
layer at (8,366) size 300x100
  LayoutBlockFlow (positioned) {SPAN} at (0,100) size 300x100 [bgcolor=#00FF00]
