layer at (0,0) size 800x600
  LayoutView at (0,0) size 800x600
layer at (0,0) size 800x68
  LayoutBlockFlow {HTML} at (0,0) size 800x68
    LayoutBlockFlow {BODY} at (8,16) size 784x36
      LayoutBlockFlow {P} at (0,0) size 784x36
        LayoutText {#text} at (0,0) size 8x18
          text run at (0,0) width 8: "a"
        LayoutTable {SPAN} at (7.09,0) size 24x36
          LayoutTableSection (anonymous) at (0,0) size 24x36
            LayoutTableRow (anonymous) at (0,0) size 24x36
              LayoutTableCell (anonymous) at (0,0) size 24x36 [r=0 c=0 rs=1 cs=1]
                LayoutBlockFlow (anonymous) at (0,0) size 24x18
                  LayoutText {#text} at (0,0) size 24x18
                    text run at (0,0) width 24: "bcd"
                LayoutBlockFlow {SPAN} at (0,18) size 24x18
                  LayoutText {#text} at (0,0) size 8x18
                    text run at (0,0) width 8: "x"
        LayoutText {#text} at (31,0) size 8x18
          text run at (31,0) width 8: "e"
