layer at (0,0) size 800x600
  LayoutView at (0,0) size 800x600
layer at (0,0) size 800x73
  LayoutBlockFlow {HTML} at (0,0) size 800x73
    LayoutBlockFlow {BODY} at (8,16) size 784x49
      LayoutBlockFlow {P} at (0,0) size 784x18
        LayoutText {#text} at (0,0) size 432x18
          text run at (0,0) width 432: "Test passes if the blue and orange boxes below are the same height."
layer at (8,50) size 784x15
  LayoutBlockFlow (relative positioned) {DIV} at (0,34) size 784x15
    LayoutImage {IMG} at (0,0) size 15x15
    LayoutText {#text} at (0,0) size 0x0
    LayoutText {#text} at (0,0) size 0x0
layer at (23,50) size 15x15
  LayoutBlockFlow (positioned) {DIV} at (15,0) size 15x15 [bgcolor=#FFA500]
