layer at (0,0) size 800x600
  LayoutView at (0,0) size 800x600
layer at (0,0) size 800x214
  LayoutBlockFlow {HTML} at (0,0) size 800x214
    LayoutBlockFlow {BODY} at (8,16) size 784x190
      LayoutBlockFlow {P} at (0,0) size 784x18
        LayoutText {#text} at (0,0) size 309x18
          text run at (0,0) width 309: "Test passes if there is no red visible on the page."
layer at (8,50) size 784x156
  LayoutBlockFlow (relative positioned) {DIV} at (0,34) size 784x156
    LayoutText {#text} at (0,0) size 0x0
    LayoutText {#text} at (0,0) size 0x0
layer at (8,50) size 306x156
  LayoutIFrame {IFRAME} at (0,0) size 306x156 [border: (3px solid #FF0000)]
    layer at (0,0) size 300x150
      LayoutView at (0,0) size 300x150
    layer at (0,0) size 300x150
      LayoutBlockFlow {HTML} at (0,0) size 300x150
        LayoutBlockFlow {BODY} at (8,8) size 284x134
layer at (8,50) size 306x156
  LayoutBlockFlow (positioned) {DIV} at (0,0) size 306x156 [border: (3px solid #008000)]
