layer at (0,0) size 800x600
  LayoutView at (0,0) size 800x600
layer at (0,0) size 800x154
  LayoutBlockFlow {HTML} at (0,0) size 800x154
    LayoutBlockFlow {BODY} at (8,16) size 784x130
      LayoutBlockFlow {P} at (0,0) size 784x18
        LayoutText {#text} at (0,0) size 309x18
          text run at (0,0) width 309: "Test passes if there is no red visible on the page."
      LayoutBlockFlow (anonymous) at (0,34) size 784x96
        LayoutBlockFlow {DIV} at (0,0) size 96x96 [color=#0000FF] [bgcolor=#FF0000]
          LayoutText {#text} at (0,0) size 96x96
            text run at (0,0) width 96: "X"
        LayoutText {#text} at (0,0) size 0x0
