layer at (0,0) size 800x600
  LayoutView at (0,0) size 800x600
layer at (0,0) size 800x162
  LayoutBlockFlow {HTML} at (0,0) size 800x162
    LayoutBlockFlow {BODY} at (8,16) size 784x138
      LayoutBlockFlow {P} at (0,0) size 784x18
        LayoutText {#text} at (0,0) size 289x18
          text run at (0,0) width 289: "There must be a green box below and no red."
      LayoutBlockFlow {DIV} at (0,34) size 784x104
        LayoutText {#text} at (0,0) size 0x0
layer at (8,50) size 100x100
  LayoutEmbeddedObject {OBJECT} at (0,0) size 100x100 [bgcolor=#008000] [border: (20px solid #FF0000)]
    layer at (0,0) size 60x60
      LayoutView at (0,0) size 60x60
    layer at (0,0) size 60x60
      LayoutSVGRoot {svg} at (0,0) size 60x60
layer at (8,50) size 100x100
  LayoutBlockFlow (positioned) {DIV} at (8,50) size 100x100 [border: (20px solid #008000)]
