layer at (0,0) size 800x600
  LayoutView at (0,0) size 800x600
layer at (8,8) size 150x175
  LayoutBlockFlow (relative positioned) {HTML} at (8,8) size 150x175
    LayoutBlockFlow {BODY} at (0,0) size 150x175
      LayoutBlockFlow {P} at (0,0) size 150x175
        LayoutText {#text} at (0,1) size 366x18
          text run at (0,1) width 366: "There should be an exact square of green below this line:"
        LayoutText {#text} at (0,0) size 0x0
layer at (8,28) size 300x150
  LayoutEmbeddedObject {OBJECT} at (0,20) size 300x150
    layer at (0,0) size 300x150
      LayoutView at (0,0) size 300x150
    layer at (0,0) size 300x150
      LayoutSVGRoot {svg} at (0,0) size 300x150
        LayoutSVGRect {rect} at (0,0) size 300x200 [fill={[type=SOLID] [color=#FF0000]}] [x=0.00] [y=0.00] [width=300.00] [height=200.00]
layer at (8,28) size 150x150
  LayoutBlockFlow (positioned) {DIV} at (0,20) size 150x150 [bgcolor=#008000]
