layer at (0,0) size 800x600
  LayoutView at (0,0) size 800x600
layer at (8,8) size 150x244 layerType: background only
layer at (6,96) size 154x154
  LayoutBlockFlow (positioned) zI: -1 {P} at (6,96) size 154x154 [bgcolor=#FF0000] [border: (2px solid #00FF00)]
    LayoutText zI: -1 {#text} at (2,2) size 98x54
      text run at (2,2) width 98: "FAIL (absolute"
      text run at (2,20) width 97: "positioning not"
      text run at (2,38) width 69: "supported)"
layer at (8,8) size 150x244 layerType: foreground only
  LayoutBlockFlow {HTML} at (8,8) size 150x244
    LayoutBlockFlow {BODY} at (0,0) size 150x244
      LayoutBlockFlow {P} at (0,0) size 150x90
        LayoutText {#text} at (0,0) size 148x90
          text run at (0,0) width 115: "There should be a"
          text run at (0,18) width 125: "green square below"
          text run at (0,36) width 148: "this line, exactly fitting"
          text run at (0,54) width 110: "inside a 2px lime"
          text run at (0,72) width 45: "border."
      LayoutBlockFlow {P} at (0,90) size 150x154
layer at (8,98) size 300x150
  LayoutEmbeddedObject {OBJECT} at (0,0) size 300x150
    layer at (0,0) size 300x150
      LayoutView at (0,0) size 300x150
    layer at (0,0) size 300x150
      LayoutSVGRoot {svg} at (0,0) size 300x150
        LayoutSVGRect {rect} at (0,0) size 300x200 [fill={[type=SOLID] [color=#008000]}] [x=0.00] [y=0.00] [width=300.00] [height=200.00]
