layer at (0,0) size 800x600
  LayoutView at (0,0) size 800x600
layer at (0,0) size 800x162
  LayoutBlockFlow {HTML} at (0,0) size 800x162
    LayoutBlockFlow {BODY} at (8,16) size 784x130
      LayoutBlockFlow {P} at (0,0) size 784x18
        LayoutText {#text} at (0,0) size 609x18
          text run at (0,0) width 609: "Below, there should be 2 orange boxes horizontally centered within their respective green bars."
      LayoutBlockFlow {DIV} at (16,34) size 752x40 [bgcolor=#008000]
        LayoutBlockFlow (anonymous) at (0,0) size 752x18
          LayoutText {#text} at (0,0) size 36x18
            text run at (0,0) width 36: "         "
        LayoutButton {INPUT} at (368,18) size 16x22 [bgcolor=#FFA500] [border: (2px outset #C0C0C0)]
      LayoutBlockFlow {FORM} at (0,90) size 784x40
        LayoutBlockFlow {DIV} at (16,0) size 752x40 [bgcolor=#008000]
          LayoutBlockFlow (anonymous) at (0,0) size 752x18
            LayoutText {#text} at (0,0) size 36x18
              text run at (0,0) width 36: "         "
          LayoutButton {INPUT} at (368,18) size 16x22 [bgcolor=#FFA500] [border: (2px outset #C0C0C0)]
