layer at (0,0) size 800x600
  LayoutView at (0,0) size 800x600
layer at (0,0) size 800x73
  LayoutBlockFlow {HTML} at (0,0) size 800x73
    LayoutBlockFlow {BODY} at (8,16) size 784x49
      LayoutBlockFlow {P} at (0,0) size 784x18
        LayoutText {#text} at (0,0) size 501x18
          text run at (0,0) width 501: "Test passes if the blue square is the same size or larger than the orange square."
layer at (8,50) size 784x15
  LayoutBlockFlow (relative positioned) {DIV} at (0,34) size 784x15
layer at (8,50) size 15x15
  LayoutBlockFlow (relative positioned) {DIV} at (0,0) size 15x15 [bgcolor=#FFA500]
layer at (32,50) size 96x96
  LayoutImage (positioned) {IMG} at (24,0) size 96x96
