layer at (0,0) size 800x600
  LayoutView at (0,0) size 800x600
layer at (0,0) size 800x76
  LayoutBlockFlow {HTML} at (0,0) size 800x76
    LayoutBlockFlow {BODY} at (8,16) size 784x52
      LayoutBlockFlow {P} at (0,0) size 784x18
        LayoutText {#text} at (0,0) size 514x18
          text run at (0,0) width 514: "Test passes if the left and right borders start and end where the 'Filler Text' does."
      LayoutBlockFlow {DIV} at (0,34) size 784x18
        LayoutInline {SPAN} at (0,0) size 290x18 [border: none (5px solid #000000) none (5px solid #000000)]
          LayoutText {#text} at (5,0) size 280x18
            text run at (5,0) width 280: "Filler Text Filler Text Filler Text Filler Text"
        LayoutText {#text} at (0,0) size 0x0
