layer at (0,0) size 800x600
  LayoutView at (0,0) size 800x600
layer at (0,0) size 800x172
  LayoutNGBlockFlow {HTML} at (0,0) size 800x172
    LayoutNGBlockFlow {BODY} at (8,16) size 784x140
      LayoutNGBlockFlow (floating) {DIV} at (556.28,0) size 227.72x60 [bgcolor=#CC6666]
        LayoutText {#text} at (20,20) size 188x19
          text run at (20,20) width 188: "DIV NUMBER 1: float:right;"
      LayoutNGBlockFlow (floating) {DIV} at (485.28,60) size 298.72x60 [bgcolor=#99CC66]
        LayoutText {#text} at (20,20) size 259x19
          text run at (20,20) width 259: "DIV NUMBER 2: clear:right; float:right;"
      LayoutNGBlockFlow (floating) {DIV} at (0,60) size 218.72x60 [bgcolor=#6699FF]
        LayoutText {#text} at (20,20) size 179x19
          text run at (20,20) width 179: "DIV NUMBER 3: float:left;"
      LayoutNGBlockFlow {P} at (0,0) size 784x140
        LayoutText {#text} at (0,0) size 556x119
          text run at (0,0) width 528: "The first element is floated to the right. The second element clears the right float and"
          text run at (0,20) width 556: "also floats right. The third element is floated to the left, but is forced below the bottom of"
          text run at (0,40) width 523: "the first element. Yet, somehow this paragraph comes at the end of the markup, and"
          text run at (218,60) width 239: "manages to rise to the top of the page."
          text run at (218,80) width 262: "This behavior is present in Firefox, Safari"
          text run at (218,100) width 75: "and Opera. "
        LayoutInline {A} at (0,0) size 472x39 [color=#0000EE]
          LayoutInline {STRONG} at (0,0) size 472x39
            LayoutText {#text} at (292,100) size 472x39
              text run at (292,100) width 180: "Click here for a real world"
              text run at (0,120) width 135: "example of this bug."
