layer at (0,0) size 800x600 clip at (0,0) size 785x600 scrollY 50.00 scrollHeight 1000
  LayoutView at (0,0) size 800x600
layer at (0,0) size 785x1000 backgroundClip at (0,0) size 785x600 clip at (0,0) size 785x600
  LayoutBlockFlow {HTML} at (0,0) size 785x1000
    LayoutBlockFlow {BODY} at (0,0) size 785x1000
      LayoutBlockFlow {P} at (0,210) size 785x20
        LayoutText {#text} at (0,0) size 180x19
          text run at (0,0) width 180: "You should see no red above."
layer at (20,70) size 100x100
  LayoutBlockFlow (positioned) {DIV} at (20,70) size 100x100 [bgcolor=#FF0000]
layer at (220,120) size 100x100
  LayoutBlockFlow (positioned) {DIV} at (220,120) size 100x100 [bgcolor=#FF0000]
layer at (420,120) size 100x100
  LayoutBlockFlow (positioned) {DIV} at (420,120) size 100x100 [bgcolor=#FF0000]
layer at (0,0) size 60x60
  LayoutBlockFlow {DIV} at (0,0) size 60x60 [bgcolor=#0000FF33]
layer at (95,145) size 50x50
  LayoutBlockFlow (positioned) zI: 1 {DIV} at (95,145) size 50x50
layer at (20,70) size 100x100
  LayoutBlockFlow (positioned) {DIV} at (20,20) size 100x100 [bgcolor=#008000]
layer at (200,100) size 50x50
  LayoutBlockFlow (positioned) zI: 1 {DIV} at (200,100) size 50x50
layer at (220,120) size 100x100
  LayoutBlockFlow (positioned) {DIV} at (20,20) size 100x100 [bgcolor=#008000]
layer at (400,100) size 50x50
  LayoutBlockFlow (positioned) zI: 1 {DIV} at (400,100) size 50x50
layer at (400,100) size 100x100
  LayoutBlockFlow {DIV} at (0,0) size 100x100
layer at (420,120) size 100x100
  LayoutBlockFlow (positioned) {DIV} at (20,20) size 100x100 [bgcolor=#008000]
scrolled to 0,50
