layer at (0,0) size 800x600 clip at (0,0) size 785x600 scrollY 50.00 scrollHeight 1016
  LayoutView at (0,0) size 800x600
layer at (0,0) size 785x1016 backgroundClip at (0,0) size 785x600 clip at (0,0) size 785x600
  LayoutBlockFlow {HTML} at (0,0) size 785x1016
    LayoutBlockFlow {BODY} at (8,8) size 769x1000
      LayoutBlockFlow (anonymous) at (0,0) size 769x385
        LayoutText {#text} at (0,0) size 0x0
      LayoutBlockFlow {P} at (0,401) size 769x20
        LayoutText {#text} at (0,0) size 425x19
          text run at (0,0) width 425: "The blue bar should be in front of the video, and at the top of the page."
layer at (8,88) size 400x300
  LayoutVideo {VIDEO} at (0,80) size 400x300
layer at (8,88) size 400x300
  LayoutFlexibleBox (relative positioned) {DIV} at (0,0) size 400x300
    LayoutBlockFlow {DIV} at (0,268) size 400x32
layer at (8,88) size 400x258
  LayoutFlexibleBox (relative positioned) {DIV} at (0,0) size 400x258
layer at (0,50) size 500x60
  LayoutBlockFlow (positioned) {DIV} at (0,0) size 500x60 [bgcolor=#0000FFCC]
scrolled to 0,50
