layer at (0,0) size 800x600
  LayoutView at (0,0) size 800x600
layer at (0,0) size 800x600
  LayoutBlockFlow {HTML} at (0,0) size 800x600
    LayoutBlockFlow {BODY} at (8,8) size 784x579
      LayoutBlockFlow {P} at (0,0) size 784x40
        LayoutText {#text} at (0,0) size 773x39
          text run at (0,0) width 639: "This tests that inserting a newline at the beginning of quoted content doesn't add an extra quoted line. "
          text run at (639,0) width 134: "The test has passed if"
          text run at (0,20) width 400: "there are no empty lines (quoted or unquoted) in the box below."
      LayoutBlockFlow {DIV} at (0,56) size 784x100
        LayoutBlockFlow (anonymous) at (0,0) size 784x20
          LayoutText {#text} at (0,0) size 59x19
            text run at (0,0) width 59: "unquoted"
          LayoutBR {BR} at (59,15) size 0x0
        LayoutBlockFlow {BLOCKQUOTE} at (0,20) size 784x20 [color=#0000FF] [border: none (2px solid #0000FF)]
          LayoutBlockFlow {DIV} at (12,0) size 772x20
            LayoutText {#text} at (0,0) size 96x19
              text run at (0,0) width 96: "quote level one"
        LayoutBlockFlow {BLOCKQUOTE} at (0,40) size 784x20 [color=#0000FF] [border: none (2px solid #0000FF)]
          LayoutBlockFlow {DIV} at (12,0) size 772x20
            LayoutText {#text} at (0,0) size 96x19
              text run at (0,0) width 96: "quote level one"
        LayoutBlockFlow (anonymous) at (0,60) size 784x20
          LayoutText {#text} at (0,0) size 59x19
            text run at (0,0) width 59: "unquoted"
          LayoutBR {BR} at (59,15) size 0x0
        LayoutBlockFlow {BLOCKQUOTE} at (0,80) size 784x20 [color=#0000FF] [border: none (2px solid #0000FF)]
          LayoutBlockFlow {DIV} at (12,0) size 772x20
            LayoutBlockFlow {BLOCKQUOTE} at (0,0) size 772x20 [border: none (2px solid #0000FF)]
              LayoutBlockFlow {DIV} at (12,0) size 760x20
                LayoutText {#text} at (0,0) size 97x19
                  text run at (0,0) width 97: "quote level two"
      LayoutBlockFlow {PRE} at (0,169) size 784x0
caret: position 8 of child 6 {#text} of child 3 {DIV} of body
