layer at (0,0) size 800x600
  LayoutView at (0,0) size 800x600
layer at (0,0) size 800x600
  LayoutBlockFlow {HTML} at (0,0) size 800x600
    LayoutBlockFlow {BODY} at (8,8) size 784x584
      LayoutBlockFlow (anonymous) at (0,0) size 784x40
        LayoutText {#text} at (0,0) size 759x19
          text run at (0,0) width 759: "This tests that the blockquote's typing style doesn't remain after breaking the blockquote and typing in the unquoted area."
        LayoutBR {BR} at (759,15) size 0x0
        LayoutBR {BR} at (0,20) size 0x19
      LayoutBlockFlow {DIV} at (0,40) size 784x60
        LayoutBlockFlow {BLOCKQUOTE} at (0,0) size 784x20 [color=#0000FF] [border: none (2px solid #0000FF)]
          LayoutText {#text} at (12,0) size 27x19
            text run at (12,0) width 27: "blue"
        LayoutBlockFlow (anonymous) at (0,20) size 784x20
          LayoutText {#text} at (0,0) size 34x19
            text run at (0,0) width 34: "black"
          LayoutBR {BR} at (34,15) size 0x0
        LayoutBlockFlow {BLOCKQUOTE} at (0,40) size 784x20 [color=#0000FF] [border: none (2px solid #0000FF)]
          LayoutBlockFlow {DIV} at (12,0) size 772x20
            LayoutBlockFlow {BLOCKQUOTE} at (0,0) size 772x20 [color=#008000] [border: none (2px solid #008000)]
              LayoutText {#text} at (12,0) size 35x19
                text run at (12,0) width 35: "green"
caret: position 5 of child 2 {#text} of child 4 {DIV} of body
