layer at (0,0) size 800x600
  LayoutView at (0,0) size 800x600
layer at (0,0) size 800x600
  LayoutNGBlockFlow {HTML} at (0,0) size 800x600
    LayoutNGBlockFlow {BODY} at (8,8) size 784x584
      LayoutNGBlockFlow {P} at (0,0) size 784x20
        LayoutText {#text} at (0,0) size 67x19
          text run at (0,0) width 67: "All of this "
        LayoutInline {SPAN} at (0,0) size 88x19
          LayoutText {#text} at (67,0) size 88x19
            text run at (67,0) width 88: "text should be"
        LayoutText {#text} at (155,0) size 43x19
          text run at (155,0) width 43: " green."
      LayoutNGBlockFlow {UL} at (0,36) size 784x20
        LayoutNGListItem {LI} at (40,0) size 744x20
          LayoutNGListMarker (anonymous) at (-18,0) size 10x20
            LayoutText (anonymous) at (0,0) size 10x19
              text run at (0,0) width 10: "\x{2022} "
          LayoutText {#text} at (0,0) size 373x19
            text run at (0,0) width 373: "All of this text should be green. The bullet should be black."
      LayoutNGBlockFlow {DIV} at (0,72) size 784x57 [color=#FF0000]
        LayoutInline {SPAN} at (0,0) size 428x55 [color=#008000]
          LayoutInline {<pseudo:first-letter>} at (0,0) size 35x55
            LayoutTextFragment (anonymous) at (0,1) size 35x55
              text run at (0,1) width 35: "A"
          LayoutTextFragment {#text} at (35,29) size 393x19
            text run at (35,29) width 393: "ll of this text should be green, including the big \"A\" first-letter."
      LayoutNGBlockFlow {P} at (0,145) size 784x0
      LayoutNGBlockFlow {DIV} at (0,145) size 784x20
        LayoutNGBlockFlow {DIV} at (0,0) size 163x20 [color=#FF0000]
          LayoutText {#text} at (0,0) size 163x19
            text run at (0,0) width 163: "This text should be green."
