layer at (0,0) size 800x600
  LayoutView at (0,0) size 800x600
layer at (0,0) size 800x600
  LayoutNGBlockFlow {HTML} at (0,0) size 800x600
    LayoutNGBlockFlow {BODY} at (8,8) size 784x568
      LayoutNGBlockFlow {H1} at (0,0) size 784x57
        LayoutText {#text} at (0,1) size 772x55
          text run at (0,1) width 772: "Inheritance bug for floated first-letter"
      LayoutNGBlockFlow {P} at (0,89.16) size 784x172 [bgcolor=#EEEEEE] [border: (1px solid #000000)]
        LayoutInline {<pseudo:first-letter>} at (0,0) size 54x86 [color=#008000] [border: (1px dashed #008000)]
          LayoutTextFragment (anonymous) at (2,2) size 52x84
            text run at (2,2) width 52: "H"
        LayoutTextFragment {#text} at (55,48) size 780x122
          text run at (55,48) width 726: "ere is the first paragraph. Here the CSS :first-line rule sets the text to"
          text run at (1,87) width 773: "a green, sans-serif font. Then, the CSS :first-letter rule sets the font size to 3em,"
          text run at (1,115) width 742: "and makes the text bold. And here's some more text to pad out the paragraph"
          text run at (1,143) width 722: "and make things look nice (or, at least, to illustrate the problem correctly)."
      LayoutNGBlockFlow {P} at (0,285.16) size 784x142 [bgcolor=#EEEEEE] [border: (1px solid #000000)]
        LayoutNGBlockFlow (floating) {<pseudo:first-letter>} at (1,1) size 54x88 [color=#008000] [border: (1px dashed #008000)]
          LayoutTextFragment (anonymous) at (1,2) size 52x84
            text run at (1,2) width 52: "H"
        LayoutTextFragment {#text} at (55,1) size 768x139
          text run at (55,1) width 714: "ere is the second paragraph. This is just like the first except that the"
          text run at (55,29) width 679: "rule p.floated:first-letter floats the first letter to the left. However, this"
          text run at (55,57) width 683: "floated element should still inherit the font properties (green and sans-"
          text run at (55,85) width 703: "serif) from the first-line: selector. It does not -- instead, the font is black,"
          text run at (1,113) width 541: "and uses the serif font. .... And here's some more text ...."
