layer at (0,0) size 800x600
  LayoutView at (0,0) size 800x600
layer at (0,0) size 800x600
  LayoutNGBlockFlow {HTML} at (0,0) size 800x600
    LayoutNGBlockFlow {BODY} at (8,8) size 784x584
      LayoutNGBlockFlow {H1} at (0,0) size 784x37
        LayoutText {#text} at (0,0) size 90x36
          text run at (0,0) width 90: "Blocks"
      LayoutNGBlockFlow {DIV} at (0,58.44) size 784x20
        LayoutInline {<pseudo:before>} at (0,0) size 33x19
          LayoutTextFragment (anonymous) at (0,0) size 33x19
            text run at (0,0) width 33: "Test: "
        LayoutText {#text} at (33,0) size 46x19
          text run at (33,0) width 46: "content"
      LayoutNGBlockFlow {DIV} at (0,78.44) size 784x20
        LayoutNGBlockFlow {<pseudo:before>} at (0,0) size 29x20
          LayoutTextFragment (anonymous) at (0,0) size 29x19
            text run at (0,0) width 29: "Test:"
        LayoutText {#text} at (29,0) size 46x19
          text run at (29,0) width 46: "content"
      LayoutNGBlockFlow {DIV} at (0,98.44) size 784x20
        LayoutTable {<pseudo:before>} at (0,0) size 29x20
          LayoutTableSection (anonymous) at (0,0) size 29x20
            LayoutTableRow (anonymous) at (0,0) size 29x20
              LayoutTableCell (anonymous) at (0,0) size 29x20 [r=0 c=0 rs=1 cs=1]
                LayoutTextFragment (anonymous) at (0,0) size 29x19
                  text run at (0,0) width 29: "Test:"
        LayoutText {#text} at (29,0) size 46x19
          text run at (29,0) width 46: "content"
      LayoutNGBlockFlow {H1} at (0,139.88) size 784x37
        LayoutText {#text} at (0,0) size 92x36
          text run at (0,0) width 92: "Inlines"
      LayoutNGBlockFlow (anonymous) at (0,198.31) size 784x60
        LayoutInline {SPAN} at (0,0) size 79x19
          LayoutInline {<pseudo:before>} at (0,0) size 33x19
            LayoutTextFragment (anonymous) at (0,0) size 33x19
              text run at (0,0) width 33: "Test: "
          LayoutText {#text} at (33,0) size 46x19
            text run at (33,0) width 46: "content"
        LayoutBR {BR} at (79,15) size 0x0
        LayoutInline {SPAN} at (0,0) size 75x20
          LayoutNGBlockFlow {<pseudo:before>} at (0,20) size 29x20
            LayoutTextFragment (anonymous) at (0,0) size 29x19
              text run at (0,0) width 29: "Test:"
          LayoutText {#text} at (29,20) size 46x19
            text run at (29,20) width 46: "content"
        LayoutBR {BR} at (75,35) size 0x0
        LayoutInline {SPAN} at (0,0) size 75x20
          LayoutTable {<pseudo:before>} at (0,40) size 29x20
            LayoutTableSection (anonymous) at (0,0) size 29x20
              LayoutTableRow (anonymous) at (0,0) size 29x20
                LayoutTableCell (anonymous) at (0,0) size 29x20 [r=0 c=0 rs=1 cs=1]
                  LayoutTextFragment (anonymous) at (0,0) size 29x19
                    text run at (0,0) width 29: "Test:"
          LayoutText {#text} at (29,40) size 46x19
            text run at (29,40) width 46: "content"
        LayoutBR {BR} at (75,55) size 0x0
