layer at (0,0) size 800x600
  LayoutView at (0,0) size 800x600
layer at (0,0) size 800x600
  LayoutNGBlockFlow {HTML} at (0,0) size 800x600
    LayoutNGBlockFlow {BODY} at (8,8) size 784x576
      LayoutNGBlockFlow {P} at (0,0) size 784x20
        LayoutInline {<pseudo:before>} at (0,0) size 8x19
          LayoutTextFragment (anonymous) at (0,0) size 8x19
            text run at (0,0) width 8: "*"
          LayoutQuote (anonymous) at (0,0) size 0x0
            LayoutTextFragment (anonymous) at (0,0) size 0x0
        LayoutText {#text} at (8,0) size 425x19
          text run at (8,0) width 425: "This is some text. It should have a single asterisk before and after it."
        LayoutInline {<pseudo:after>} at (0,0) size 8x19
          LayoutTextFragment (anonymous) at (433,0) size 8x19
            text run at (433,0) width 8: "*"
          LayoutQuote (anonymous) at (0,0) size 0x0
            LayoutTextFragment (anonymous) at (0,0) size 0x0
