layer at (0,0) size 800x600
  LayoutView at (0,0) size 800x600
layer at (0,0) size 800x600
  LayoutNGBlockFlow {HTML} at (0,0) size 800x600
    LayoutNGBlockFlow {BODY} at (8,8) size 784x576
      LayoutNGBlockFlow (anonymous) at (0,0) size 784x20
        LayoutInline {SPAN} at (0,0) size 220x19
          LayoutText {#text} at (0,0) size 220x19
            text run at (0,0) width 220: "This test passes if it does not crash."
        LayoutText {#text} at (0,0) size 0x0
        LayoutBR {BR} at (220,15) size 0x0
      LayoutNGBlockFlow {UL} at (0,36) size 784x40
        LayoutNGListItem {LI} at (40,0) size 744x40
          LayoutNGListMarker (anonymous) at (-18,0) size 10x20
            LayoutText (anonymous) at (0,0) size 10x19
              text run at (0,0) width 10: "\x{2022} "
          LayoutTable (anonymous) at (0,0) size 31x20
            LayoutTableSection {<pseudo:before>} at (0,0) size 31x20
              LayoutTableRow (anonymous) at (0,0) size 31x20
                LayoutTableCell (anonymous) at (0,0) size 31x20 [r=0 c=0 rs=1 cs=1]
                  LayoutTextFragment (anonymous) at (0,0) size 31x19
                    text run at (0,0) width 31: "hello"
          LayoutNGBlockFlow (anonymous) at (0,20) size 744x20
            LayoutText {#text} at (0,0) size 21x19
              text run at (0,0) width 21: "test"
