layer at (0,0) size 800x600
  LayoutView at (0,0) size 800x600
layer at (0,0) size 800x600
  LayoutNGBlockFlow {HTML} at (0,0) size 800x600
    LayoutNGBlockFlow {BODY} at (8,8) size 784x584
      LayoutNGBlockFlow (anonymous) at (0,0) size 784x20
        LayoutText {#text} at (0,0) size 185x19
          text run at (0,0) width 185: "You should not see any cyan."
      LayoutNGBlockFlow {DIV} at (0,20) size 202x27 [bgcolor=#00FFFF] [border: (1px solid #777777)]
        LayoutNGBlockFlow {A} at (1,1) size 200x25 [color=#0000EE] [bgcolor=#FFFFFF]
          LayoutText {#text} at (0,3) size 21x19
            text run at (0,3) width 21: "foo"
          LayoutWordBreak {WBR} at (21,3) size 0x0
            text run at (21,3) width 0: "\x{200B}"
          LayoutText {#text} at (21,3) size 20x19
            text run at (21,3) width 20: "bar"
