layer at (0,0) size 800x600
  LayoutView at (0,0) size 800x600
layer at (0,0) size 800x600
  LayoutBlockFlow {HTML} at (0,0) size 800x600
    LayoutBlockFlow {BODY} at (12,12) size 776x576
      LayoutBlockFlow {H1} at (0,0) size 776x57
        LayoutText {#text} at (0,1) size 408x55
          text run at (0,1) width 408: "Zooming Menu List"
      LayoutBlockFlow (anonymous) at (0,89.16) size 776x84
        LayoutMenuList {SELECT} at (0,0) size 255x84 [bgcolor=#C0C0C0] [border: (4.50px solid #A9A9A9)]
          LayoutBlockFlow (anonymous) at (4.50,4.50) size 246x77
            LayoutText (anonymous) at (18,5) size 113x67
              text run at (18,5) width 113: "One"
        LayoutText {#text} at (0,0) size 0x0
