layer at (0,0) size 800x600 clip at (0,0) size 785x600 scrollHeight 664
  LayoutView at (0,0) size 800x600
layer at (0,0) size 785x664 backgroundClip at (0,0) size 785x600 clip at (0,0) size 785x600
  LayoutBlockFlow {HTML} at (0,0) size 785x664
    LayoutBlockFlow {BODY} at (8,8) size 769x648
      LayoutTable {TABLE} at (0,0) size 769x648
        LayoutTableSection {TBODY} at (0,0) size 769x648
          LayoutTableRow {TR} at (0,0) size 769x324
            LayoutTableCell {TD} at (0,0) size 234x324 [r=0 c=0 rs=1 cs=1]
              LayoutTable {TABLE} at (0,0) size 234x324
                LayoutTableSection {THEAD} at (0,0) size 234x18
                  LayoutTableRow {TR} at (0,0) size 234x18
                    LayoutTableCell {TH} at (0,0) size 234x18 [r=0 c=0 rs=1 cs=1]
                      LayoutText {#text} at (79,0) size 76x18
                        text run at (79,0) width 76: "Header 1/1"
                LayoutTableSection {TBODY} at (0,18) size 234x306
                  LayoutTableRow {TR} at (0,0) size 234x306
                    LayoutTableCell {TD} at (0,0) size 234x306 [r=0 c=0 rs=1 cs=1]
                      LayoutText {#text} at (0,0) size 230x306
                        text run at (0,0) width 228: "1 2 3 - - - - - - - - - - - - - - - - - - - - -"
                        text run at (0,18) width 230: "- - - - - - - - - - - - - - - - - - - - - - - - -"
                        text run at (0,36) width 230: "- - - - - - - - - - - - - - - - - - - - - - - - -"
                        text run at (0,54) width 230: "- - - - - - - - - - - - - - - - - - - - - - - - -"
                        text run at (0,72) width 230: "- - - - - - - - - - - - - - - - - - - - - - - - -"
                        text run at (0,90) width 230: "- - - - - - - - - - - - - - - - - - - - - - - - -"
                        text run at (0,108) width 230: "- - - - - - - - - - - - - - - - - - - - - - - - -"
                        text run at (0,126) width 230: "- - - - - - - - - - - - - - - - - - - - - - - - -"
                        text run at (0,144) width 103: "- - - - - - - - - - - "
                        text run at (102,144) width 128: "- - - - - - - - - - - - - -"
                        text run at (0,162) width 230: "- - - - - - - - - - - - - - - - - - - - - - - - -"
                        text run at (0,180) width 230: "- - - - - - - - - - - - - - - - - - - - - - - - -"
                        text run at (0,198) width 230: "- - - - - - - - - - - - - - - - - - - - - - - - -"
                        text run at (0,216) width 230: "- - - - - - - - - - - - - - - - - - - - - - - - -"
                        text run at (0,234) width 230: "- - - - - - - - - - - - - - - - - - - - - - - - -"
                        text run at (0,252) width 230: "- - - - - - - - - - - - - - - - - - - - - - - - -"
                        text run at (0,270) width 230: "- - - - - - - - - - - - - - - - - - - - - - - - -"
                        text run at (0,288) width 192: "- - - - - - - - - - - - - - - - - - - - -"
            LayoutTableCell {TD} at (234,0) size 300x324 [r=0 c=1 rs=1 cs=1]
              LayoutTable {TABLE} at (0,0) size 300x324
                LayoutTableSection {THEAD} at (0,0) size 300x18
                  LayoutTableRow {TR} at (0,0) size 300x18
                    LayoutTableCell {TH} at (0,0) size 300x18 [r=0 c=0 rs=1 cs=1]
                      LayoutText {#text} at (112,0) size 76x18
                        text run at (112,0) width 76: "Header 2/1"
                LayoutTableSection {TBODY} at (0,18) size 300x306
                  LayoutTableRow {TR} at (0,0) size 300x306
                    LayoutTableCell {TD} at (0,0) size 300x306 [r=0 c=0 rs=1 cs=1]
                      LayoutText {#text} at (0,0) size 296x306
                        text run at (0,0) width 296: "1 2 3 # # # # # # # # # # # # # # # # # # # # # #"
                        text run at (0,18) width 296: "# # # # # # # # # # # # # # # # # # # # # # # # #"
                        text run at (0,36) width 296: "# # # # # # # # # # # # # # # # # # # # # # # # #"
                        text run at (0,54) width 296: "# # # # # # # # # # # # # # # # # # # # # # # # #"
                        text run at (0,72) width 296: "# # # # # # # # # # # # # # # # # # # # # # # # #"
                        text run at (0,90) width 296: "# # # # # # # # # # # # # # # # # # # # # # # # #"
                        text run at (0,108) width 296: "# # # # # # # # # # # # # # # # # # # # # # # # #"
                        text run at (0,126) width 296: "# # # # # # # # # # # # # # # # # # # # # # # # #"
                        text run at (0,144) width 120: "# # # # # # # # # # "
                        text run at (120,144) width 176: "# # # # # # # # # # # # # # #"
                        text run at (0,162) width 296: "# # # # # # # # # # # # # # # # # # # # # # # # #"
                        text run at (0,180) width 296: "# # # # # # # # # # # # # # # # # # # # # # # # #"
                        text run at (0,198) width 296: "# # # # # # # # # # # # # # # # # # # # # # # # #"
                        text run at (0,216) width 296: "# # # # # # # # # # # # # # # # # # # # # # # # #"
                        text run at (0,234) width 296: "# # # # # # # # # # # # # # # # # # # # # # # # #"
                        text run at (0,252) width 296: "# # # # # # # # # # # # # # # # # # # # # # # # #"
                        text run at (0,270) width 296: "# # # # # # # # # # # # # # # # # # # # # # # # #"
                        text run at (0,288) width 236: "# # # # # # # # # # # # # # # # # # # #"
            LayoutTableCell {TD} at (534,0) size 235x324 [r=0 c=2 rs=1 cs=1]
              LayoutTable {TABLE} at (0,0) size 235x324
                LayoutTableSection {THEAD} at (0,0) size 235x18
                  LayoutTableRow {TR} at (0,0) size 235x18
                    LayoutTableCell {TH} at (0,0) size 235x18 [r=0 c=0 rs=1 cs=1]
                      LayoutText {#text} at (79,0) size 77x18
                        text run at (79,0) width 77: "Header 3/1"
                LayoutTableSection {TBODY} at (0,18) size 235x306
                  LayoutTableRow {TR} at (0,0) size 235x306
                    LayoutTableCell {TD} at (0,0) size 235x306 [r=0 c=0 rs=1 cs=1]
                      LayoutText {#text} at (0,0) size 230x306
                        text run at (0,0) width 228: "1 2 3 ! ! ! ! ! ! ! ! ! ! ! ! ! ! ! ! ! ! ! ! !"
                        text run at (0,18) width 230: "! ! ! ! ! ! ! ! ! ! ! ! ! ! ! ! ! ! ! ! ! ! ! ! !"
                        text run at (0,36) width 230: "! ! ! ! ! ! ! ! ! ! ! ! ! ! ! ! ! ! ! ! ! ! ! ! !"
                        text run at (0,54) width 230: "! ! ! ! ! ! ! ! ! ! ! ! ! ! ! ! ! ! ! ! ! ! ! ! !"
                        text run at (0,72) width 230: "! ! ! ! ! ! ! ! ! ! ! ! ! ! ! ! ! ! ! ! ! ! ! ! !"
                        text run at (0,90) width 230: "! ! ! ! ! ! ! ! ! ! ! ! ! ! ! ! ! ! ! ! ! ! ! ! !"
                        text run at (0,108) width 230: "! ! ! ! ! ! ! ! ! ! ! ! ! ! ! ! ! ! ! ! ! ! ! ! !"
                        text run at (0,126) width 230: "! ! ! ! ! ! ! ! ! ! ! ! ! ! ! ! ! ! ! ! ! ! ! ! !"
                        text run at (0,144) width 103: "! ! ! ! ! ! ! ! ! ! ! "
                        text run at (102,144) width 128: "! ! ! ! ! ! ! ! ! ! ! ! ! !"
                        text run at (0,162) width 230: "! ! ! ! ! ! ! ! ! ! ! ! ! ! ! ! ! ! ! ! ! ! ! ! !"
                        text run at (0,180) width 230: "! ! ! ! ! ! ! ! ! ! ! ! ! ! ! ! ! ! ! ! ! ! ! ! !"
                        text run at (0,198) width 230: "! ! ! ! ! ! ! ! ! ! ! ! ! ! ! ! ! ! ! ! ! ! ! ! !"
                        text run at (0,216) width 230: "! ! ! ! ! ! ! ! ! ! ! ! ! ! ! ! ! ! ! ! ! ! ! ! !"
                        text run at (0,234) width 230: "! ! ! ! ! ! ! ! ! ! ! ! ! ! ! ! ! ! ! ! ! ! ! ! !"
                        text run at (0,252) width 230: "! ! ! ! ! ! ! ! ! ! ! ! ! ! ! ! ! ! ! ! ! ! ! ! !"
                        text run at (0,270) width 230: "! ! ! ! ! ! ! ! ! ! ! ! ! ! ! ! ! ! ! ! ! ! ! ! !"
                        text run at (0,288) width 192: "! ! ! ! ! ! ! ! ! ! ! ! ! ! ! ! ! ! ! ! !"
            LayoutTableCell {TD} at (769,0) size 0x0 [r=0 c=3 rs=1 cs=1]
          LayoutTableRow {TR} at (0,324) size 769x324
            LayoutTableCell {TD} at (0,324) size 234x324 [r=1 c=0 rs=1 cs=1]
              LayoutTable {TABLE} at (0,0) size 234x324
                LayoutTableSection {THEAD} at (0,0) size 234x18
                  LayoutTableRow {TR} at (0,0) size 234x18
                    LayoutTableCell {TH} at (0,0) size 234x18 [r=0 c=0 rs=1 cs=1]
                      LayoutText {#text} at (79,0) size 76x18
                        text run at (79,0) width 76: "Header 1/2"
                LayoutTableSection {TBODY} at (0,18) size 234x306
                  LayoutTableRow {TR} at (0,0) size 234x306
                    LayoutTableCell {TD} at (0,0) size 234x306 [r=0 c=0 rs=1 cs=1]
                      LayoutText {#text} at (0,0) size 230x306
                        text run at (0,0) width 228: "1 2 3 - - - - - - - - - - - - - - - - - - - - -"
                        text run at (0,18) width 230: "- - - - - - - - - - - - - - - - - - - - - - - - -"
                        text run at (0,36) width 230: "- - - - - - - - - - - - - - - - - - - - - - - - -"
                        text run at (0,54) width 230: "- - - - - - - - - - - - - - - - - - - - - - - - -"
                        text run at (0,72) width 230: "- - - - - - - - - - - - - - - - - - - - - - - - -"
                        text run at (0,90) width 230: "- - - - - - - - - - - - - - - - - - - - - - - - -"
                        text run at (0,108) width 230: "- - - - - - - - - - - - - - - - - - - - - - - - -"
                        text run at (0,126) width 230: "- - - - - - - - - - - - - - - - - - - - - - - - -"
                        text run at (0,144) width 103: "- - - - - - - - - - - "
                        text run at (102,144) width 128: "- - - - - - - - - - - - - -"
                        text run at (0,162) width 230: "- - - - - - - - - - - - - - - - - - - - - - - - -"
                        text run at (0,180) width 230: "- - - - - - - - - - - - - - - - - - - - - - - - -"
                        text run at (0,198) width 230: "- - - - - - - - - - - - - - - - - - - - - - - - -"
                        text run at (0,216) width 230: "- - - - - - - - - - - - - - - - - - - - - - - - -"
                        text run at (0,234) width 230: "- - - - - - - - - - - - - - - - - - - - - - - - -"
                        text run at (0,252) width 230: "- - - - - - - - - - - - - - - - - - - - - - - - -"
                        text run at (0,270) width 230: "- - - - - - - - - - - - - - - - - - - - - - - - -"
                        text run at (0,288) width 192: "- - - - - - - - - - - - - - - - - - - - -"
            LayoutTableCell {TD} at (234,324) size 300x324 [r=1 c=1 rs=1 cs=1]
              LayoutTable {TABLE} at (0,0) size 300x324
                LayoutTableSection {THEAD} at (0,0) size 300x18
                  LayoutTableRow {TR} at (0,0) size 300x18
                    LayoutTableCell {TH} at (0,0) size 300x18 [r=0 c=0 rs=1 cs=1]
                      LayoutText {#text} at (112,0) size 76x18
                        text run at (112,0) width 76: "Header 2/2"
                LayoutTableSection {TBODY} at (0,18) size 300x306
                  LayoutTableRow {TR} at (0,0) size 300x306
                    LayoutTableCell {TD} at (0,0) size 300x306 [r=0 c=0 rs=1 cs=1]
                      LayoutText {#text} at (0,0) size 296x306
                        text run at (0,0) width 296: "1 2 3 # # # # # # # # # # # # # # # # # # # # # #"
                        text run at (0,18) width 296: "# # # # # # # # # # # # # # # # # # # # # # # # #"
                        text run at (0,36) width 296: "# # # # # # # # # # # # # # # # # # # # # # # # #"
                        text run at (0,54) width 296: "# # # # # # # # # # # # # # # # # # # # # # # # #"
                        text run at (0,72) width 296: "# # # # # # # # # # # # # # # # # # # # # # # # #"
                        text run at (0,90) width 296: "# # # # # # # # # # # # # # # # # # # # # # # # #"
                        text run at (0,108) width 296: "# # # # # # # # # # # # # # # # # # # # # # # # #"
                        text run at (0,126) width 296: "# # # # # # # # # # # # # # # # # # # # # # # # #"
                        text run at (0,144) width 120: "# # # # # # # # # # "
                        text run at (120,144) width 176: "# # # # # # # # # # # # # # #"
                        text run at (0,162) width 296: "# # # # # # # # # # # # # # # # # # # # # # # # #"
                        text run at (0,180) width 296: "# # # # # # # # # # # # # # # # # # # # # # # # #"
                        text run at (0,198) width 296: "# # # # # # # # # # # # # # # # # # # # # # # # #"
                        text run at (0,216) width 296: "# # # # # # # # # # # # # # # # # # # # # # # # #"
                        text run at (0,234) width 296: "# # # # # # # # # # # # # # # # # # # # # # # # #"
                        text run at (0,252) width 296: "# # # # # # # # # # # # # # # # # # # # # # # # #"
                        text run at (0,270) width 296: "# # # # # # # # # # # # # # # # # # # # # # # # #"
                        text run at (0,288) width 236: "# # # # # # # # # # # # # # # # # # # #"
            LayoutTableCell {TD} at (534,324) size 235x324 [r=1 c=2 rs=1 cs=1]
              LayoutTable {TABLE} at (0,0) size 235x324
                LayoutTableSection {THEAD} at (0,0) size 235x18
                  LayoutTableRow {TR} at (0,0) size 235x18
                    LayoutTableCell {TH} at (0,0) size 235x18 [r=0 c=0 rs=1 cs=1]
                      LayoutText {#text} at (79,0) size 77x18
                        text run at (79,0) width 77: "Header 3/2"
                LayoutTableSection {TBODY} at (0,18) size 235x306
                  LayoutTableRow {TR} at (0,0) size 235x306
                    LayoutTableCell {TD} at (0,0) size 235x306 [r=0 c=0 rs=1 cs=1]
                      LayoutText {#text} at (0,0) size 230x306
                        text run at (0,0) width 228: "1 2 3 ! ! ! ! ! ! ! ! ! ! ! ! ! ! ! ! ! ! ! ! !"
                        text run at (0,18) width 230: "! ! ! ! ! ! ! ! ! ! ! ! ! ! ! ! ! ! ! ! ! ! ! ! !"
                        text run at (0,36) width 230: "! ! ! ! ! ! ! ! ! ! ! ! ! ! ! ! ! ! ! ! ! ! ! ! !"
                        text run at (0,54) width 230: "! ! ! ! ! ! ! ! ! ! ! ! ! ! ! ! ! ! ! ! ! ! ! ! !"
                        text run at (0,72) width 230: "! ! ! ! ! ! ! ! ! ! ! ! ! ! ! ! ! ! ! ! ! ! ! ! !"
                        text run at (0,90) width 230: "! ! ! ! ! ! ! ! ! ! ! ! ! ! ! ! ! ! ! ! ! ! ! ! !"
                        text run at (0,108) width 230: "! ! ! ! ! ! ! ! ! ! ! ! ! ! ! ! ! ! ! ! ! ! ! ! !"
                        text run at (0,126) width 230: "! ! ! ! ! ! ! ! ! ! ! ! ! ! ! ! ! ! ! ! ! ! ! ! !"
                        text run at (0,144) width 103: "! ! ! ! ! ! ! ! ! ! ! "
                        text run at (102,144) width 128: "! ! ! ! ! ! ! ! ! ! ! ! ! !"
                        text run at (0,162) width 230: "! ! ! ! ! ! ! ! ! ! ! ! ! ! ! ! ! ! ! ! ! ! ! ! !"
                        text run at (0,180) width 230: "! ! ! ! ! ! ! ! ! ! ! ! ! ! ! ! ! ! ! ! ! ! ! ! !"
                        text run at (0,198) width 230: "! ! ! ! ! ! ! ! ! ! ! ! ! ! ! ! ! ! ! ! ! ! ! ! !"
                        text run at (0,216) width 230: "! ! ! ! ! ! ! ! ! ! ! ! ! ! ! ! ! ! ! ! ! ! ! ! !"
                        text run at (0,234) width 230: "! ! ! ! ! ! ! ! ! ! ! ! ! ! ! ! ! ! ! ! ! ! ! ! !"
                        text run at (0,252) width 230: "! ! ! ! ! ! ! ! ! ! ! ! ! ! ! ! ! ! ! ! ! ! ! ! !"
                        text run at (0,270) width 230: "! ! ! ! ! ! ! ! ! ! ! ! ! ! ! ! ! ! ! ! ! ! ! ! !"
                        text run at (0,288) width 192: "! ! ! ! ! ! ! ! ! ! ! ! ! ! ! ! ! ! ! ! !"
