layer at (0,0) size 800x600
  LayoutView at (0,0) size 800x600
layer at (0,0) size 800x600
  LayoutBlockFlow {HTML} at (0,0) size 800x600
    LayoutBlockFlow {BODY} at (8,8) size 784x576
      LayoutBlockFlow {P} at (0,0) size 784x154
        LayoutBlockFlow (anonymous) at (0,0) size 784x72
          LayoutText {#text} at (0,0) size 344x18
            text run at (0,0) width 344: "In the yellow table the \"W\" is clipped on its left edge."
          LayoutBR {BR} at (343,14) size 1x0
          LayoutText {#text} at (0,18) size 173x18
            text run at (0,18) width 173: "The only difference is that:"
          LayoutBR {BR} at (172,32) size 1x0
          LayoutText {#text} at (0,36) size 249x18
            text run at (0,36) width 249: "yellow table has CELLPADDING=\"0\""
          LayoutBR {BR} at (248,50) size 1x0
          LayoutText {#text} at (0,54) size 238x18
            text run at (0,54) width 238: "grey table has CELLPADDING=\"1\"."
        LayoutTable {TABLE} at (0,72) size 40x40 [bgcolor=#FFFF00]
          LayoutTableSection {TBODY} at (0,0) size 40x40
            LayoutTableRow {TR} at (0,2) size 40x36
              LayoutTableCell {TD} at (2,2) size 36x36 [r=0 c=0 rs=1 cs=1]
                LayoutInline {FONT} at (0,0) size 29x36
                  LayoutText {#text} at (0,0) size 29x36
                    text run at (0,0) width 29: "Online"
                    text run at (0,12) width 24: "Web-"
                    text run at (0,24) width 24: "Store"
        LayoutTable {TABLE} at (0,112) size 40x42 [bgcolor=#EEEEEE]
          LayoutTableSection {TBODY} at (0,0) size 40x42
            LayoutTableRow {TR} at (0,2) size 40x38
              LayoutTableCell {TD} at (2,2) size 36x38 [r=0 c=0 rs=1 cs=1]
                LayoutInline {FONT} at (0,0) size 29x36
                  LayoutText {#text} at (1,1) size 29x36
                    text run at (1,1) width 29: "Online"
                    text run at (1,13) width 24: "Web-"
                    text run at (1,25) width 24: "Store"
