layer at (0,0) size 800x600
  LayoutView at (0,0) size 800x600
layer at (0,0) size 800x600
  LayoutBlockFlow {HTML} at (0,0) size 800x600
    LayoutBlockFlow {BODY} at (8,8) size 784x584
      LayoutTable {TABLE} at (0,0) size 784x260 [border: (1px outset #808080)]
        LayoutTableSection {TBODY} at (1,1) size 782x258
          LayoutTableRow {TR} at (0,2) size 782x126
            LayoutTableCell {TD} at (2,2) size 668x254 [border: (1px inset #808080)] [r=0 c=0 rs=2 cs=1]
              LayoutBlockFlow {UL} at (2,2) size 664x234
                LayoutListItem {LI} at (40,0) size 624x18
                  LayoutListMarker (anonymous) at (-17,0) size 7x18: bullet
                  LayoutInline {A} at (0,0) size 182x18 [color=#0000EE]
                    LayoutText {#text} at (0,0) size 182x18
                      text run at (0,0) width 182: "500 list items in a single UL"
                LayoutListItem {LI} at (40,18) size 624x18
                  LayoutListMarker (anonymous) at (-17,0) size 7x18: bullet
                  LayoutInline {A} at (0,0) size 216x18 [color=#0000EE]
                    LayoutText {#text} at (0,0) size 216x18
                      text run at (0,0) width 216: "500 list items in 25 top-level ULs"
                LayoutListItem {LI} at (40,36) size 624x18
                  LayoutListMarker (anonymous) at (-17,0) size 7x18: bullet
                  LayoutInline {A} at (0,0) size 241x18 [color=#0000EE]
                    LayoutText {#text} at (0,0) size 241x18
                      text run at (0,0) width 220: "500 list items in a 25-level nested "
                      text run at (219,0) width 22: "UL"
                LayoutListItem {LI} at (40,54) size 624x18
                  LayoutListMarker (anonymous) at (-17,0) size 7x18: bullet
                  LayoutInline {A} at (0,0) size 163x18 [color=#0000EE]
                    LayoutText {#text} at (0,0) size 163x18
                      text run at (0,0) width 163: "300 text input form fields"
                LayoutListItem {LI} at (40,72) size 624x18
                  LayoutListMarker (anonymous) at (-17,0) size 7x18: bullet
                  LayoutInline {A} at (0,0) size 152x18 [color=#0000EE]
                    LayoutText {#text} at (0,0) size 152x18
                      text run at (0,0) width 152: "Massively nested tables"
                LayoutListItem {LI} at (40,90) size 624x18
                  LayoutListMarker (anonymous) at (-17,0) size 7x18: bullet
                  LayoutInline {A} at (0,0) size 317x18 [color=#0000EE]
                    LayoutText {#text} at (0,0) size 317x18
                      text run at (0,0) width 269: "Massively nested DIVs with padding and "
                      text run at (268,0) width 49: "borders"
                LayoutListItem {LI} at (40,108) size 624x18
                  LayoutListMarker (anonymous) at (-17,0) size 7x18: bullet
                  LayoutInline {A} at (0,0) size 324x18 [color=#0000EE]
                    LayoutText {#text} at (0,0) size 324x18
                      text run at (0,0) width 324: "1000 OPTIONs in a single SELECT form element"
                LayoutListItem {LI} at (40,126) size 624x18
                  LayoutListMarker (anonymous) at (-17,0) size 7x18: bullet
                  LayoutInline {A} at (0,0) size 244x18 [color=#0000EE]
                    LayoutText {#text} at (0,0) size 244x18
                      text run at (0,0) width 244: "10,000 cell table with text in each cell"
                LayoutListItem {LI} at (40,144) size 624x18
                  LayoutListMarker (anonymous) at (-17,0) size 7x18: bullet
                  LayoutInline {A} at (0,0) size 308x18 [color=#0000EE]
                    LayoutText {#text} at (0,0) size 308x18
                      text run at (0,0) width 285: "10,000 cell table with text and color in each "
                      text run at (284,0) width 24: "cell"
                LayoutListItem {LI} at (40,162) size 624x18
                  LayoutListMarker (anonymous) at (-17,0) size 7x18: bullet
                  LayoutInline {A} at (0,0) size 292x18 [color=#0000EE]
                    LayoutText {#text} at (0,0) size 292x18
                      text run at (0,0) width 292: "A 713k HTML document packed full of links"
                LayoutListItem {LI} at (40,180) size 624x18
                  LayoutListMarker (anonymous) at (-17,0) size 7x18: bullet
                  LayoutInline {A} at (0,0) size 312x18 [color=#0000EE]
                    LayoutText {#text} at (0,0) size 312x18
                      text run at (0,0) width 277: "Extraordinarily long HTML doc (approx 1 "
                      text run at (276,0) width 36: "Meg)"
                LayoutListItem {LI} at (40,198) size 624x18
                  LayoutListMarker (anonymous) at (-17,0) size 7x18: bullet
                  LayoutInline {A} at (0,0) size 281x18 [color=#0000EE]
                    LayoutText {#text} at (0,0) size 281x18
                      text run at (0,0) width 281: "Another large HTML doc, with colored text"
                LayoutListItem {LI} at (40,216) size 624x18
                  LayoutListMarker (anonymous) at (-17,0) size 7x18: bullet
                  LayoutInline {A} at (0,0) size 478x18 [color=#0000EE]
                    LayoutText {#text} at (0,0) size 478x18
                      text run at (0,0) width 335: "A relatively large (150k) document with an average "
                      text run at (334,0) width 144: "mix of HTML content"
            LayoutTableCell {TD} at (672,54) size 53x22 [border: (1px inset #808080)] [r=0 c=1 rs=1 cs=1]
              LayoutText {#text} at (2,2) size 34x18
                text run at (2,2) width 34: "foo 1"
            LayoutTableCell {TD} at (727,54) size 53x22 [border: (1px inset #808080)] [r=0 c=2 rs=1 cs=1]
              LayoutText {#text} at (2,2) size 34x18
                text run at (2,2) width 34: "foo 2"
          LayoutTableRow {TR} at (0,130) size 782x126
            LayoutTableCell {TD} at (672,182) size 53x22 [border: (1px inset #808080)] [r=1 c=1 rs=1 cs=1]
              LayoutText {#text} at (2,2) size 37x18
                text run at (2,2) width 37: "Foo 3"
            LayoutTableCell {TD} at (727,182) size 53x22 [border: (1px inset #808080)] [r=1 c=2 rs=1 cs=1]
              LayoutText {#text} at (2,2) size 37x18
                text run at (2,2) width 37: "Foo 4"
