layer at (0,0) size 800x600 clip at (0,0) size 785x600 scrollHeight 1322
  LayoutView at (0,0) size 800x600
layer at (0,0) size 785x1322 backgroundClip at (0,0) size 785x600 clip at (0,0) size 785x600
  LayoutBlockFlow {HTML} at (0,0) size 785x1322
    LayoutBlockFlow {BODY} at (8,8) size 769x1298
      LayoutBlockFlow {CENTER} at (0,0) size 769x1298
        LayoutBlockFlow (anonymous) at (0,0) size 769x18
          LayoutText {#text} at (250,0) size 269x18
            text run at (250,0) width 269: "Build 1999/10/27/08 Win95 - Daily Build"
          LayoutBR {BR} at (518,14) size 1x0
        LayoutTable {TABLE} at (70.50,18) size 628x1138 [border: (10px outset #808080)]
          LayoutBlockFlow {CAPTION} at (0,0) size 628x18
            LayoutText {#text} at (271,0) size 86x18
              text run at (271,0) width 86: "January 2000"
          LayoutTableSection {TBODY} at (10,28) size 608x1100
            LayoutTableRow {TR} at (0,0) size 608x412
              LayoutTableCell {TD} at (0,0) size 89x22 [color=#FFFFFF] [bgcolor=#404080] [border: (1px inset #808080)] [r=0 c=0 rs=1 cs=1]
                LayoutText {#text} at (2,2) size 6x18
                  text run at (2,2) width 6: "-"
              LayoutTableCell {TD} at (89,0) size 85x22 [color=#FFFFFF] [bgcolor=#404080] [border: (1px inset #808080)] [r=0 c=1 rs=1 cs=1]
                LayoutText {#text} at (2,2) size 6x18
                  text run at (2,2) width 6: "-"
              LayoutTableCell {TD} at (174,0) size 84x22 [color=#FFFFFF] [bgcolor=#404080] [border: (1px inset #808080)] [r=0 c=2 rs=1 cs=1]
                LayoutText {#text} at (2,2) size 6x18
                  text run at (2,2) width 6: "-"
              LayoutTableCell {TD} at (258,0) size 85x22 [color=#FFFFFF] [bgcolor=#404080] [border: (1px inset #808080)] [r=0 c=3 rs=1 cs=1]
                LayoutText {#text} at (2,2) size 6x18
                  text run at (2,2) width 6: "-"
              LayoutTableCell {TD} at (343,0) size 85x22 [color=#FFFFFF] [bgcolor=#404080] [border: (1px inset #808080)] [r=0 c=4 rs=1 cs=1]
                LayoutText {#text} at (2,2) size 6x18
                  text run at (2,2) width 6: "-"
              LayoutTableCell {TD} at (428,0) size 88x22 [color=#FFFFFF] [bgcolor=#404080] [border: (1px inset #808080)] [r=0 c=5 rs=1 cs=1]
                LayoutText {#text} at (2,2) size 6x18
                  text run at (2,2) width 6: "-"
              LayoutTableCell {TD} at (516,0) size 92x412 [color=#FFFFFF] [bgcolor=#404080] [border: (1px inset #808080)] [r=0 c=6 rs=1 cs=1]
                LayoutTable {TABLE} at (2,2) size 88x390 [color=#000000]
                  LayoutTableSection {TBODY} at (0,0) size 88x390
                    LayoutTableRow {TR} at (0,0) size 88x390
                      LayoutTableCell {TD} at (0,0) size 18x26 [color=#FFFF00] [bgcolor=#404080] [r=0 c=0 rs=1 cs=1]
                        LayoutText {#text} at (1,1) size 16x24
                          text run at (1,1) width 16: "1."
                      LayoutTableCell {TD} at (18,0) size 70x390 [color=#FFFFFF] [bgcolor=#404080] [r=0 c=1 rs=1 cs=1]
                        LayoutTable {TABLE} at (1,1) size 68x388 [color=#000000]
                          LayoutTableSection {TBODY} at (0,0) size 68x388 [bgcolor=#FFFF00]
                            LayoutTableRow {TR} at (0,0) size 68x388
                              LayoutTableCell {TD} at (0,0) size 68x388 [color=#FFFFFF] [bgcolor=#404080] [r=0 c=0 rs=1 cs=1]
                                LayoutBlockFlow {P} at (1,1) size 66x72
                                  LayoutText {#text} at (0,0) size 50x72
                                    text run at (0,0) width 27: "Test"
                                    text run at (0,18) width 48: "mozilla"
                                    text run at (0,36) width 50: "one last"
                                    text run at (0,54) width 33: "time."
                                LayoutBlockFlow {P} at (1,89) size 66x36
                                  LayoutText {#text} at (0,0) size 66x36
                                    text run at (0,0) width 31: "New"
                                    text run at (0,18) width 66: "Years day."
                                LayoutBlockFlow {P} at (1,141) size 66x18
                                  LayoutText {#text} at (0,0) size 48x18
                                    text run at (0,0) width 48: "Y2K!!!"
                                LayoutBlockFlow {P} at (1,175) size 66x54
                                  LayoutText {#text} at (0,0) size 63x54
                                    text run at (0,0) width 30: "Find"
                                    text run at (0,18) width 48: "Abacus"
                                    text run at (0,36) width 63: "from attic"
                                LayoutBlockFlow {P} at (1,245) size 66x72
                                  LayoutText {#text} at (0,0) size 54x72
                                    text run at (0,0) width 45: "Eat Ice"
                                    text run at (0,18) width 43: "Cream"
                                    text run at (0,36) width 54: "before it"
                                    text run at (0,54) width 35: "melts"
                                LayoutBlockFlow {P} at (1,333) size 66x54
                                  LayoutText {#text} at (0,0) size 52x54
                                    text run at (0,0) width 33: "Lock"
                                    text run at (0,18) width 52: "doors &"
                                    text run at (0,36) width 28: "hide"
                LayoutBlockFlow (anonymous) at (2,392) size 88x18
                  LayoutBR {BR} at (0,0) size 0x18
            LayoutTableRow {TR} at (0,412) size 608x274
              LayoutTableCell {TD} at (0,412) size 89x202 [color=#FFFFFF] [bgcolor=#404080] [border: (1px inset #808080)] [r=1 c=0 rs=1 cs=1]
                LayoutTable {TABLE} at (2,2) size 85x180 [color=#000000]
                  LayoutTableSection {TBODY} at (0,0) size 85x180
                    LayoutTableRow {TR} at (0,0) size 85x180
                      LayoutTableCell {TD} at (0,0) size 18x26 [color=#FFFF00] [bgcolor=#404080] [r=0 c=0 rs=1 cs=1]
                        LayoutText {#text} at (1,1) size 16x24
                          text run at (1,1) width 16: "2."
                      LayoutTableCell {TD} at (18,0) size 67x180 [color=#FFFFFF] [bgcolor=#404080] [r=0 c=1 rs=1 cs=1]
                        LayoutTable {TABLE} at (1,1) size 65x178 [color=#000000]
                          LayoutTableSection {TBODY} at (0,0) size 65x178 [bgcolor=#FFFF00]
                            LayoutTableRow {TR} at (0,0) size 65x178
                              LayoutTableCell {TD} at (0,0) size 65x178 [color=#FFFFFF] [bgcolor=#404080] [r=0 c=0 rs=1 cs=1]
                                LayoutBlockFlow {P} at (1,1) size 63x54
                                  LayoutText {#text} at (0,0) size 63x54
                                    text run at (0,0) width 57: "Look for"
                                    text run at (0,18) width 32: "Y2K"
                                    text run at (0,36) width 63: "survivers."
                                LayoutBlockFlow {P} at (1,71) size 63x36
                                  LayoutText {#text} at (0,0) size 58x36
                                    text run at (0,0) width 36: "Build"
                                    text run at (0,18) width 58: "outhouse"
                                LayoutBlockFlow {P} at (1,123) size 63x54
                                  LayoutText {#text} at (0,0) size 47x54
                                    text run at (0,0) width 22: "Eat"
                                    text run at (0,18) width 47: "reserve"
                                    text run at (0,36) width 30: "food"
                LayoutBlockFlow (anonymous) at (2,182) size 85x18
                  LayoutBR {BR} at (0,0) size 0x18
              LayoutTableCell {TD} at (89,412) size 85x80 [color=#FFFFFF] [bgcolor=#404080] [border: (1px inset #808080)] [r=1 c=1 rs=1 cs=1]
                LayoutTable {TABLE} at (2,2) size 81x76 [color=#000000]
                  LayoutTableSection {TBODY} at (0,0) size 81x76
                    LayoutTableRow {TR} at (0,0) size 81x76
                      LayoutTableCell {TD} at (0,0) size 18x26 [color=#FFFF00] [bgcolor=#404080] [r=0 c=0 rs=1 cs=1]
                        LayoutText {#text} at (1,1) size 16x24
                          text run at (1,1) width 16: "3."
                      LayoutTableCell {TD} at (18,0) size 63x76 [color=#FFFFFF] [bgcolor=#404080] [r=0 c=1 rs=1 cs=1]
                        LayoutTable {TABLE} at (1,1) size 61x74 [color=#000000]
                          LayoutTableSection {TBODY} at (0,0) size 61x74 [bgcolor=#FFFF00]
                            LayoutTableRow {TR} at (0,0) size 61x74
                              LayoutTableCell {TD} at (0,0) size 61x74 [color=#FFFFFF] [bgcolor=#404080] [r=0 c=0 rs=1 cs=1]
                                LayoutBlockFlow {P} at (1,1) size 59x72
                                  LayoutText {#text} at (0,0) size 59x72
                                    text run at (0,0) width 36: "Write"
                                    text run at (0,18) width 50: "letter to"
                                    text run at (0,36) width 48: "electric"
                                    text run at (0,54) width 59: "company"
              LayoutTableCell {TD} at (174,412) size 84x238 [color=#FFFFFF] [bgcolor=#404080] [border: (1px inset #808080)] [r=1 c=2 rs=1 cs=1]
                LayoutTable {TABLE} at (2,2) size 80x234 [color=#000000]
                  LayoutTableSection {TBODY} at (0,0) size 80x234
                    LayoutTableRow {TR} at (0,0) size 80x234
                      LayoutTableCell {TD} at (0,0) size 18x26 [color=#FFFF00] [bgcolor=#404080] [r=0 c=0 rs=1 cs=1]
                        LayoutText {#text} at (1,1) size 16x24
                          text run at (1,1) width 16: "4."
                      LayoutTableCell {TD} at (18,0) size 62x234 [color=#FFFFFF] [bgcolor=#404080] [r=0 c=1 rs=1 cs=1]
                        LayoutTable {TABLE} at (1,1) size 60x232 [color=#000000]
                          LayoutTableSection {TBODY} at (0,0) size 60x232 [bgcolor=#FFFF00]
                            LayoutTableRow {TR} at (0,0) size 60x232
                              LayoutTableCell {TD} at (0,0) size 60x232 [color=#FFFFFF] [bgcolor=#404080] [r=0 c=0 rs=1 cs=1]
                                LayoutBlockFlow {P} at (1,1) size 58x54
                                  LayoutText {#text} at (0,0) size 56x54
                                    text run at (0,0) width 56: "Send the"
                                    text run at (0,18) width 31: "snail"
                                    text run at (0,36) width 29: "mail"
                                LayoutBlockFlow {P} at (1,71) size 58x90
                                  LayoutText {#text} at (0,0) size 58x90
                                    text run at (0,0) width 36: "Go to"
                                    text run at (0,18) width 33: "work"
                                    text run at (0,36) width 58: "and stare"
                                    text run at (0,54) width 46: "at dead"
                                    text run at (0,72) width 51: "monitor"
                                LayoutBlockFlow {P} at (1,177) size 58x54
                                  LayoutText {#text} at (0,0) size 47x54
                                    text run at (0,0) width 22: "Eat"
                                    text run at (0,18) width 47: "reserve"
                                    text run at (0,36) width 30: "food"
              LayoutTableCell {TD} at (258,412) size 85x168 [color=#FFFFFF] [bgcolor=#404080] [border: (1px inset #808080)] [r=1 c=3 rs=1 cs=1]
                LayoutTable {TABLE} at (2,2) size 81x164 [color=#000000]
                  LayoutTableSection {TBODY} at (0,0) size 81x164
                    LayoutTableRow {TR} at (0,0) size 81x164
                      LayoutTableCell {TD} at (0,0) size 18x26 [color=#FFFF00] [bgcolor=#404080] [r=0 c=0 rs=1 cs=1]
                        LayoutText {#text} at (1,1) size 16x24
                          text run at (1,1) width 16: "5."
                      LayoutTableCell {TD} at (18,0) size 63x164 [color=#FFFFFF] [bgcolor=#404080] [r=0 c=1 rs=1 cs=1]
                        LayoutTable {TABLE} at (1,1) size 61x162 [color=#000000]
                          LayoutTableSection {TBODY} at (0,0) size 61x162 [bgcolor=#FFFF00]
                            LayoutTableRow {TR} at (0,0) size 61x162
                              LayoutTableCell {TD} at (0,0) size 61x162 [color=#FFFFFF] [bgcolor=#404080] [r=0 c=0 rs=1 cs=1]
                                LayoutBlockFlow {P} at (1,1) size 59x90
                                  LayoutText {#text} at (0,0) size 58x90
                                    text run at (0,0) width 36: "Go to"
                                    text run at (0,18) width 33: "work"
                                    text run at (0,36) width 58: "and stare"
                                    text run at (0,54) width 46: "at dead"
                                    text run at (0,72) width 51: "monitor"
                                LayoutBlockFlow {P} at (1,107) size 59x54
                                  LayoutText {#text} at (0,0) size 47x54
                                    text run at (0,0) width 22: "Eat"
                                    text run at (0,18) width 47: "reserve"
                                    text run at (0,36) width 30: "food"
              LayoutTableCell {TD} at (343,412) size 85x168 [color=#FFFFFF] [bgcolor=#404080] [border: (1px inset #808080)] [r=1 c=4 rs=1 cs=1]
                LayoutTable {TABLE} at (2,2) size 81x164 [color=#000000]
                  LayoutTableSection {TBODY} at (0,0) size 81x164
                    LayoutTableRow {TR} at (0,0) size 81x164
                      LayoutTableCell {TD} at (0,0) size 18x26 [color=#FFFF00] [bgcolor=#404080] [r=0 c=0 rs=1 cs=1]
                        LayoutText {#text} at (1,1) size 16x24
                          text run at (1,1) width 16: "6."
                      LayoutTableCell {TD} at (18,0) size 63x164 [color=#FFFFFF] [bgcolor=#404080] [r=0 c=1 rs=1 cs=1]
                        LayoutTable {TABLE} at (1,1) size 61x162 [color=#000000]
                          LayoutTableSection {TBODY} at (0,0) size 61x162 [bgcolor=#FFFF00]
                            LayoutTableRow {TR} at (0,0) size 61x162
                              LayoutTableCell {TD} at (0,0) size 61x162 [color=#FFFFFF] [bgcolor=#404080] [r=0 c=0 rs=1 cs=1]
                                LayoutBlockFlow {P} at (1,1) size 59x90
                                  LayoutText {#text} at (0,0) size 58x90
                                    text run at (0,0) width 36: "Go to"
                                    text run at (0,18) width 33: "work"
                                    text run at (0,36) width 58: "and stare"
                                    text run at (0,54) width 46: "at dead"
                                    text run at (0,72) width 51: "monitor"
                                LayoutBlockFlow {P} at (1,107) size 59x54
                                  LayoutText {#text} at (0,0) size 47x54
                                    text run at (0,0) width 22: "Eat"
                                    text run at (0,18) width 47: "reserve"
                                    text run at (0,36) width 30: "food"
              LayoutTableCell {TD} at (428,412) size 88x238 [color=#FFFFFF] [bgcolor=#404080] [border: (1px inset #808080)] [r=1 c=5 rs=1 cs=1]
                LayoutTable {TABLE} at (2,2) size 84x234 [color=#000000]
                  LayoutTableSection {TBODY} at (0,0) size 84x234
                    LayoutTableRow {TR} at (0,0) size 84x234
                      LayoutTableCell {TD} at (0,0) size 18x26 [color=#FFFF00] [bgcolor=#404080] [r=0 c=0 rs=1 cs=1]
                        LayoutText {#text} at (1,1) size 16x24
                          text run at (1,1) width 16: "7."
                      LayoutTableCell {TD} at (18,0) size 66x234 [color=#FFFFFF] [bgcolor=#404080] [r=0 c=1 rs=1 cs=1]
                        LayoutTable {TABLE} at (1,1) size 64x232 [color=#000000]
                          LayoutTableSection {TBODY} at (0,0) size 64x232 [bgcolor=#FFFF00]
                            LayoutTableRow {TR} at (0,0) size 64x232
                              LayoutTableCell {TD} at (0,0) size 64x232 [color=#FFFFFF] [bgcolor=#404080] [r=0 c=0 rs=1 cs=1]
                                LayoutBlockFlow {P} at (1,1) size 62x72
                                  LayoutText {#text} at (0,0) size 62x72
                                    text run at (0,0) width 20: "Go"
                                    text run at (0,18) width 49: "internet"
                                    text run at (0,36) width 62: "exploring"
                                    text run at (0,54) width 56: "for food."
                                LayoutBlockFlow {P} at (1,89) size 62x72
                                  LayoutText {#text} at (0,0) size 62x72
                                    text run at (0,0) width 50: "Internet"
                                    text run at (0,18) width 62: "exploring"
                                    text run at (0,36) width 45: "doesn't"
                                    text run at (0,54) width 37: "work."
                                LayoutBlockFlow {P} at (1,177) size 62x54
                                  LayoutText {#text} at (0,0) size 47x54
                                    text run at (0,0) width 22: "Eat"
                                    text run at (0,18) width 47: "reserve"
                                    text run at (0,36) width 30: "food"
              LayoutTableCell {TD} at (516,412) size 92x274 [color=#FFFFFF] [bgcolor=#404080] [border: (1px inset #808080)] [r=1 c=6 rs=1 cs=1]
                LayoutTable {TABLE} at (2,2) size 88x270 [color=#000000]
                  LayoutTableSection {TBODY} at (0,0) size 88x270
                    LayoutTableRow {TR} at (0,0) size 88x270
                      LayoutTableCell {TD} at (0,0) size 18x26 [color=#FFFF00] [bgcolor=#404080] [r=0 c=0 rs=1 cs=1]
                        LayoutText {#text} at (1,1) size 16x24
                          text run at (1,1) width 16: "8."
                      LayoutTableCell {TD} at (18,0) size 70x270 [color=#FFFFFF] [bgcolor=#404080] [r=0 c=1 rs=1 cs=1]
                        LayoutTable {TABLE} at (1,1) size 68x268 [color=#000000]
                          LayoutTableSection {TBODY} at (0,0) size 68x268 [bgcolor=#FFFF00]
                            LayoutTableRow {TR} at (0,0) size 68x268
                              LayoutTableCell {TD} at (0,0) size 68x268 [color=#FFFFFF] [bgcolor=#404080] [r=0 c=0 rs=1 cs=1]
                                LayoutBlockFlow {P} at (1,1) size 66x90
                                  LayoutText {#text} at (0,0) size 62x90
                                    text run at (0,0) width 20: "Go"
                                    text run at (0,18) width 49: "internet"
                                    text run at (0,36) width 62: "exploring"
                                    text run at (0,54) width 52: "for food"
                                    text run at (0,72) width 39: "again."
                                LayoutBlockFlow {P} at (1,107) size 66x90
                                  LayoutText {#text} at (0,0) size 62x90
                                    text run at (0,0) width 50: "Internet"
                                    text run at (0,18) width 62: "exploring"
                                    text run at (0,36) width 45: "doesn't"
                                    text run at (0,54) width 33: "work"
                                    text run at (0,72) width 39: "again."
                                LayoutBlockFlow {P} at (1,213) size 66x54
                                  LayoutText {#text} at (0,0) size 47x54
                                    text run at (0,0) width 22: "Eat"
                                    text run at (0,18) width 47: "reserve"
                                    text run at (0,36) width 30: "food"
            LayoutTableRow {TR} at (0,686) size 608x362
              LayoutTableCell {TD} at (0,686) size 89x362 [color=#FFFFFF] [bgcolor=#404080] [border: (1px inset #808080)] [r=2 c=0 rs=1 cs=1]
                LayoutTable {TABLE} at (2,2) size 85x340 [color=#000000]
                  LayoutTableSection {TBODY} at (0,0) size 85x340
                    LayoutTableRow {TR} at (0,0) size 85x340
                      LayoutTableCell {TD} at (0,0) size 18x26 [color=#FFFF00] [bgcolor=#404080] [r=0 c=0 rs=1 cs=1]
                        LayoutText {#text} at (1,1) size 16x24
                          text run at (1,1) width 16: "9."
                      LayoutTableCell {TD} at (18,0) size 67x340 [color=#FFFFFF] [bgcolor=#404080] [r=0 c=1 rs=1 cs=1]
                        LayoutTable {TABLE} at (1,1) size 65x338 [color=#000000]
                          LayoutTableSection {TBODY} at (0,0) size 65x338 [bgcolor=#FFFF00]
                            LayoutTableRow {TR} at (0,0) size 65x338
                              LayoutTableCell {TD} at (0,0) size 65x338 [color=#FFFFFF] [bgcolor=#404080] [r=0 c=0 rs=1 cs=1]
                                LayoutBlockFlow {P} at (1,1) size 63x72
                                  LayoutText {#text} at (0,0) size 62x72
                                    text run at (0,0) width 20: "Go"
                                    text run at (0,18) width 49: "internet"
                                    text run at (0,36) width 62: "exploring"
                                    text run at (0,54) width 56: "for food."
                                LayoutBlockFlow {P} at (1,89) size 63x90
                                  LayoutText {#text} at (0,0) size 62x90
                                    text run at (0,0) width 50: "Internet"
                                    text run at (0,18) width 62: "exploring"
                                    text run at (0,36) width 24: "still"
                                    text run at (0,54) width 45: "doesn't"
                                    text run at (0,72) width 37: "work."
                                LayoutBlockFlow {P} at (1,195) size 63x72
                                  LayoutText {#text} at (0,0) size 62x72
                                    text run at (0,0) width 52: "Give up"
                                    text run at (0,18) width 49: "internet"
                                    text run at (0,36) width 62: "exploring"
                                    text run at (0,54) width 56: "for food."
                                LayoutBlockFlow {P} at (1,283) size 63x54
                                  LayoutText {#text} at (0,0) size 47x54
                                    text run at (0,0) width 22: "Eat"
                                    text run at (0,18) width 47: "reserve"
                                    text run at (0,36) width 30: "food"
                LayoutBlockFlow (anonymous) at (2,342) size 85x18
                  LayoutBR {BR} at (0,0) size 0x18
              LayoutTableCell {TD} at (89,686) size 85x290 [color=#FFFFFF] [bgcolor=#404080] [border: (1px inset #808080)] [r=2 c=1 rs=1 cs=1]
                LayoutTable {TABLE} at (2,2) size 81x286 [color=#000000]
                  LayoutTableSection {TBODY} at (0,0) size 81x286
                    LayoutTableRow {TR} at (0,0) size 81x286
                      LayoutTableCell {TD} at (0,0) size 29x26 [color=#FFFF00] [bgcolor=#404080] [r=0 c=0 rs=1 cs=1]
                        LayoutText {#text} at (1,1) size 27x24
                          text run at (1,1) width 27: "10."
                      LayoutTableCell {TD} at (29,0) size 52x286 [color=#FFFFFF] [bgcolor=#404080] [r=0 c=1 rs=1 cs=1]
                        LayoutTable {TABLE} at (1,1) size 50x284 [color=#000000]
                          LayoutTableSection {TBODY} at (0,0) size 50x284 [bgcolor=#FFFF00]
                            LayoutTableRow {TR} at (0,0) size 50x284
                              LayoutTableCell {TD} at (0,0) size 50x284 [color=#FFFFFF] [bgcolor=#404080] [r=0 c=0 rs=1 cs=1]
                                LayoutBlockFlow {P} at (1,1) size 48x72
                                  LayoutText {#text} at (0,0) size 41x72
                                    text run at (0,0) width 41: "Power"
                                    text run at (0,18) width 41: "comes"
                                    text run at (0,36) width 31: "back"
                                    text run at (0,54) width 20: "on."
                                LayoutBlockFlow {P} at (1,89) size 48x90
                                  LayoutText {#text} at (0,0) size 47x90
                                    text run at (0,0) width 22: "Put"
                                    text run at (0,18) width 37: "trusty"
                                    text run at (0,36) width 44: "abacus"
                                    text run at (0,54) width 47: "back in"
                                    text run at (0,72) width 28: "attic"
                                LayoutBlockFlow {P} at (1,195) size 48x54
                                  LayoutText {#text} at (0,0) size 48x54
                                    text run at (0,0) width 32: "Grab"
                                    text run at (0,18) width 34: "latest"
                                    text run at (0,36) width 48: "mozilla"
                                LayoutBlockFlow {P} at (1,265) size 48x18
                                  LayoutText {#text} at (0,0) size 40x18
                                    text run at (0,0) width 40: "Test it"
              LayoutTableCell {TD} at (174,686) size 84x96 [color=#FFFFFF] [bgcolor=#404080] [border: (1px inset #808080)] [r=2 c=2 rs=1 cs=1]
                LayoutTable {TABLE} at (2,2) size 80x92 [color=#000000]
                  LayoutTableSection {TBODY} at (0,0) size 80x92
                    LayoutTableRow {TR} at (0,0) size 80x92
                      LayoutTableCell {TD} at (0,0) size 28x26 [color=#FFFF00] [bgcolor=#404080] [r=0 c=0 rs=1 cs=1]
                        LayoutText {#text} at (1,1) size 26x24
                          text run at (1,1) width 26: "11."
                      LayoutTableCell {TD} at (28,0) size 52x92 [color=#FFFFFF] [bgcolor=#404080] [r=0 c=1 rs=1 cs=1]
                        LayoutTable {TABLE} at (1,1) size 50x90 [color=#000000]
                          LayoutTableSection {TBODY} at (0,0) size 50x90 [bgcolor=#FFFF00]
                            LayoutTableRow {TR} at (0,0) size 50x90
                              LayoutTableCell {TD} at (0,0) size 50x90 [color=#FFFFFF] [bgcolor=#404080] [r=0 c=0 rs=1 cs=1]
                                LayoutBlockFlow {P} at (1,1) size 48x54
                                  LayoutText {#text} at (0,0) size 48x54
                                    text run at (0,0) width 32: "Grab"
                                    text run at (0,18) width 34: "latest"
                                    text run at (0,36) width 48: "mozilla"
                                LayoutBlockFlow {P} at (1,71) size 48x18
                                  LayoutText {#text} at (0,0) size 40x18
                                    text run at (0,0) width 40: "Test it"
              LayoutTableCell {TD} at (258,686) size 85x96 [color=#FFFFFF] [bgcolor=#404080] [border: (1px inset #808080)] [r=2 c=3 rs=1 cs=1]
                LayoutTable {TABLE} at (2,2) size 81x92 [color=#000000]
                  LayoutTableSection {TBODY} at (0,0) size 81x92
                    LayoutTableRow {TR} at (0,0) size 81x92
                      LayoutTableCell {TD} at (0,0) size 29x26 [color=#FFFF00] [bgcolor=#404080] [r=0 c=0 rs=1 cs=1]
                        LayoutText {#text} at (1,1) size 27x24
                          text run at (1,1) width 27: "12."
                      LayoutTableCell {TD} at (29,0) size 52x92 [color=#FFFFFF] [bgcolor=#404080] [r=0 c=1 rs=1 cs=1]
                        LayoutTable {TABLE} at (1,1) size 50x90 [color=#000000]
                          LayoutTableSection {TBODY} at (0,0) size 50x90 [bgcolor=#FFFF00]
                            LayoutTableRow {TR} at (0,0) size 50x90
                              LayoutTableCell {TD} at (0,0) size 50x90 [color=#FFFFFF] [bgcolor=#404080] [r=0 c=0 rs=1 cs=1]
                                LayoutBlockFlow {P} at (1,1) size 48x54
                                  LayoutText {#text} at (0,0) size 48x54
                                    text run at (0,0) width 32: "Grab"
                                    text run at (0,18) width 34: "latest"
                                    text run at (0,36) width 48: "mozilla"
                                LayoutBlockFlow {P} at (1,71) size 48x18
                                  LayoutText {#text} at (0,0) size 40x18
                                    text run at (0,0) width 40: "Test it"
              LayoutTableCell {TD} at (343,686) size 85x96 [color=#FFFFFF] [bgcolor=#404080] [border: (1px inset #808080)] [r=2 c=4 rs=1 cs=1]
                LayoutTable {TABLE} at (2,2) size 81x92 [color=#000000]
                  LayoutTableSection {TBODY} at (0,0) size 81x92
                    LayoutTableRow {TR} at (0,0) size 81x92
                      LayoutTableCell {TD} at (0,0) size 29x26 [color=#FFFF00] [bgcolor=#404080] [r=0 c=0 rs=1 cs=1]
                        LayoutText {#text} at (1,1) size 27x24
                          text run at (1,1) width 27: "13."
                      LayoutTableCell {TD} at (29,0) size 52x92 [color=#FFFFFF] [bgcolor=#404080] [r=0 c=1 rs=1 cs=1]
                        LayoutTable {TABLE} at (1,1) size 50x90 [color=#000000]
                          LayoutTableSection {TBODY} at (0,0) size 50x90 [bgcolor=#FFFF00]
                            LayoutTableRow {TR} at (0,0) size 50x90
                              LayoutTableCell {TD} at (0,0) size 50x90 [color=#FFFFFF] [bgcolor=#404080] [r=0 c=0 rs=1 cs=1]
                                LayoutBlockFlow {P} at (1,1) size 48x54
                                  LayoutText {#text} at (0,0) size 48x54
                                    text run at (0,0) width 32: "Grab"
                                    text run at (0,18) width 34: "latest"
                                    text run at (0,36) width 48: "mozilla"
                                LayoutBlockFlow {P} at (1,71) size 48x18
                                  LayoutText {#text} at (0,0) size 40x18
                                    text run at (0,0) width 40: "Test it"
              LayoutTableCell {TD} at (428,686) size 88x96 [color=#FFFFFF] [bgcolor=#404080] [border: (1px inset #808080)] [r=2 c=5 rs=1 cs=1]
                LayoutTable {TABLE} at (2,2) size 84x92 [color=#000000]
                  LayoutTableSection {TBODY} at (0,0) size 84x92
                    LayoutTableRow {TR} at (0,0) size 84x92
                      LayoutTableCell {TD} at (0,0) size 29x26 [color=#FFFF00] [bgcolor=#404080] [r=0 c=0 rs=1 cs=1]
                        LayoutText {#text} at (1,1) size 27x24
                          text run at (1,1) width 27: "14."
                      LayoutTableCell {TD} at (29,0) size 55x92 [color=#FFFFFF] [bgcolor=#404080] [r=0 c=1 rs=1 cs=1]
                        LayoutTable {TABLE} at (1,1) size 53x90 [color=#000000]
                          LayoutTableSection {TBODY} at (0,0) size 53x90 [bgcolor=#FFFF00]
                            LayoutTableRow {TR} at (0,0) size 53x90
                              LayoutTableCell {TD} at (0,0) size 53x90 [color=#FFFFFF] [bgcolor=#404080] [r=0 c=0 rs=1 cs=1]
                                LayoutBlockFlow {P} at (1,1) size 51x54
                                  LayoutText {#text} at (0,0) size 48x54
                                    text run at (0,0) width 32: "Grab"
                                    text run at (0,18) width 34: "latest"
                                    text run at (0,36) width 48: "mozilla"
                                LayoutBlockFlow {P} at (1,71) size 51x18
                                  LayoutText {#text} at (0,0) size 40x18
                                    text run at (0,0) width 40: "Test it"
              LayoutTableCell {TD} at (516,686) size 92x290 [color=#FFFFFF] [bgcolor=#404080] [border: (1px inset #808080)] [r=2 c=6 rs=1 cs=1]
                LayoutTable {TABLE} at (2,2) size 88x286 [color=#000000]
                  LayoutTableSection {TBODY} at (0,0) size 88x286
                    LayoutTableRow {TR} at (0,0) size 88x286
                      LayoutTableCell {TD} at (0,0) size 29x26 [color=#FFFF00] [bgcolor=#404080] [r=0 c=0 rs=1 cs=1]
                        LayoutText {#text} at (1,1) size 27x24
                          text run at (1,1) width 27: "15."
                      LayoutTableCell {TD} at (29,0) size 59x286 [color=#FFFFFF] [bgcolor=#404080] [r=0 c=1 rs=1 cs=1]
                        LayoutTable {TABLE} at (1,1) size 57x284 [color=#000000]
                          LayoutTableSection {TBODY} at (0,0) size 57x284 [bgcolor=#FFFF00]
                            LayoutTableRow {TR} at (0,0) size 57x284
                              LayoutTableCell {TD} at (0,0) size 57x284 [color=#FFFFFF] [bgcolor=#404080] [r=0 c=0 rs=1 cs=1]
                                LayoutBlockFlow {P} at (1,1) size 55x54
                                  LayoutText {#text} at (0,0) size 48x54
                                    text run at (0,0) width 32: "Grab"
                                    text run at (0,18) width 34: "latest"
                                    text run at (0,36) width 48: "mozilla"
                                LayoutBlockFlow {P} at (1,71) size 55x18
                                  LayoutText {#text} at (0,0) size 40x18
                                    text run at (0,0) width 40: "Test it"
                                LayoutBlockFlow {P} at (1,105) size 55x108
                                  LayoutText {#text} at (0,0) size 55x108
                                    text run at (0,0) width 50: "Mozilla"
                                    text run at (0,18) width 55: "removes"
                                    text run at (0,36) width 32: "Y2K"
                                    text run at (0,54) width 55: "Warning"
                                    text run at (0,72) width 32: "from"
                                    text run at (0,90) width 54: "FTP site"
                                LayoutBlockFlow {P} at (1,229) size 55x54
                                  LayoutText {#text} at (0,0) size 39x54
                                    text run at (0,0) width 29: "This"
                                    text run at (0,18) width 39: "bug is"
                                    text run at (0,36) width 32: "fixed"
            LayoutTableRow {TR} at (0,1048) size 608x30
              LayoutTableCell {TD} at (0,1048) size 89x30 [color=#FFFFFF] [bgcolor=#404080] [border: (1px inset #808080)] [r=3 c=0 rs=1 cs=1]
                LayoutTable {TABLE} at (2,2) size 85x26 [color=#000000]
                  LayoutTableSection {TBODY} at (0,0) size 85x26
                    LayoutTableRow {TR} at (0,0) size 85x26
                      LayoutTableCell {TD} at (0,0) size 29x26 [color=#FFFF00] [bgcolor=#404080] [r=0 c=0 rs=1 cs=1]
                        LayoutText {#text} at (1,1) size 27x24
                          text run at (1,1) width 27: "16."
                      LayoutTableCell {TD} at (29,0) size 56x22 [color=#FFFFFF] [bgcolor=#404080] [r=0 c=1 rs=1 cs=1]
                        LayoutTable {TABLE} at (1,1) size 54x20 [color=#000000]
                          LayoutTableSection {TBODY} at (0,0) size 54x20 [bgcolor=#FFFF00]
                            LayoutTableRow {TR} at (0,0) size 54x20
                              LayoutTableCell {TD} at (0,0) size 54x20 [color=#FFFFFF] [bgcolor=#404080] [r=0 c=0 rs=1 cs=1]
                                LayoutText {#text} at (1,1) size 8x18
                                  text run at (1,1) width 8: "?"
              LayoutTableCell {TD} at (89,1048) size 85x22 [color=#FFFFFF] [bgcolor=#404080] [border: (1px inset #808080)] [r=3 c=1 rs=1 cs=1]
                LayoutText {#text} at (2,2) size 6x18
                  text run at (2,2) width 6: "-"
              LayoutTableCell {TD} at (174,1048) size 84x22 [color=#FFFFFF] [bgcolor=#404080] [border: (1px inset #808080)] [r=3 c=2 rs=1 cs=1]
                LayoutText {#text} at (2,2) size 6x18
                  text run at (2,2) width 6: "-"
              LayoutTableCell {TD} at (258,1048) size 85x22 [color=#FFFFFF] [bgcolor=#404080] [border: (1px inset #808080)] [r=3 c=3 rs=1 cs=1]
                LayoutText {#text} at (2,2) size 6x18
                  text run at (2,2) width 6: "-"
              LayoutTableCell {TD} at (343,1048) size 85x22 [color=#FFFFFF] [bgcolor=#404080] [border: (1px inset #808080)] [r=3 c=4 rs=1 cs=1]
                LayoutText {#text} at (2,2) size 6x18
                  text run at (2,2) width 6: "-"
              LayoutTableCell {TD} at (428,1048) size 88x22 [color=#FFFFFF] [bgcolor=#404080] [border: (1px inset #808080)] [r=3 c=5 rs=1 cs=1]
                LayoutText {#text} at (2,2) size 6x18
                  text run at (2,2) width 6: "-"
              LayoutTableCell {TD} at (516,1048) size 92x22 [color=#FFFFFF] [bgcolor=#404080] [border: (1px inset #808080)] [r=3 c=6 rs=1 cs=1]
                LayoutText {#text} at (2,2) size 6x18
                  text run at (2,2) width 6: "-"
            LayoutTableRow {TR} at (0,1078) size 608x22
              LayoutTableCell {TD} at (0,1078) size 89x22 [color=#FFFFFF] [bgcolor=#404080] [border: (1px inset #808080)] [r=4 c=0 rs=1 cs=1]
                LayoutText {#text} at (2,2) size 6x18
                  text run at (2,2) width 6: "-"
              LayoutTableCell {TD} at (89,1078) size 85x22 [color=#FFFFFF] [bgcolor=#404080] [border: (1px inset #808080)] [r=4 c=1 rs=1 cs=1]
                LayoutText {#text} at (2,2) size 6x18
                  text run at (2,2) width 6: "-"
              LayoutTableCell {TD} at (174,1078) size 84x22 [color=#FFFFFF] [bgcolor=#404080] [border: (1px inset #808080)] [r=4 c=2 rs=1 cs=1]
                LayoutText {#text} at (2,2) size 6x18
                  text run at (2,2) width 6: "-"
              LayoutTableCell {TD} at (258,1078) size 85x22 [color=#FFFFFF] [bgcolor=#404080] [border: (1px inset #808080)] [r=4 c=3 rs=1 cs=1]
                LayoutText {#text} at (2,2) size 6x18
                  text run at (2,2) width 6: "-"
              LayoutTableCell {TD} at (343,1078) size 85x22 [color=#FFFFFF] [bgcolor=#404080] [border: (1px inset #808080)] [r=4 c=4 rs=1 cs=1]
                LayoutText {#text} at (2,2) size 6x18
                  text run at (2,2) width 6: "-"
              LayoutTableCell {TD} at (428,1078) size 88x22 [color=#FFFFFF] [bgcolor=#404080] [border: (1px inset #808080)] [r=4 c=5 rs=1 cs=1]
                LayoutText {#text} at (2,2) size 6x18
                  text run at (2,2) width 6: "-"
              LayoutTableCell {TD} at (516,1078) size 92x22 [color=#FFFFFF] [bgcolor=#404080] [border: (1px inset #808080)] [r=4 c=6 rs=1 cs=1]
                LayoutText {#text} at (2,2) size 6x18
                  text run at (2,2) width 6: "-"
        LayoutBlockFlow (anonymous) at (0,1156) size 769x54
          LayoutBR {BR} at (384,0) size 1x18
          LayoutText {#text} at (16,18) size 737x36
            text run at (16,18) width 737: "Notice the scrollbars, they are rendered outside of the table columns, and the yellow day numbers are hidden under"
            text run at (366,36) width 37: "them."
        LayoutBlockFlow {P} at (0,1226) size 769x72
          LayoutText {#text} at (4,0) size 766x72
            text run at (4,0) width 761: "This is probably another bug already covered, or fixed, but day 3 & 16 should have no scrollbar, but the area where the"
            text run at (1,18) width 424: "other scrollbars are drawn is drawn funny. They are not rendered. "
            text run at (424,18) width 343: "They seem to be whatever was drawn there before, or"
            text run at (16,36) width 737: "drawn somewhere else. Day 16 (contaings only the letter \"?\") has a region below the ? mark that is never rendered."
            text run at (120,54) width 529: "Resize the window so the window can scroll down and scroll the page up & down."
