layer at (0,0) size 800x600
  LayoutView at (0,0) size 800x600
layer at (0,0) size 800x412
  LayoutBlockFlow {HTML} at (0,0) size 800x412
    LayoutBlockFlow {BODY} at (8,16) size 784x380
      LayoutBlockFlow {P} at (0,0) size 784x6 [border: (3px solid #800080)]
      LayoutTable {TABLE} at (0,22) size 134x72 [border: (3px solid #008000)]
        LayoutBlockFlow {CAPTION} at (0,0) size 134x24 [border: (3px solid #FFA500)]
          LayoutText {#text} at (55,3) size 24x18
            text run at (55,3) width 24: "cap"
        LayoutTableSection {TBODY} at (35,27) size 64x42
          LayoutTableRow {TR} at (0,2) size 64x38
            LayoutTableCell {TD} at (2,2) size 60x38 [r=0 c=0 rs=1 cs=1]
              LayoutText {#text} at (1,1) size 58x18
                text run at (1,1) width 58: "Centered"
              LayoutBR {BR} at (58,1) size 1x18
              LayoutText {#text} at (1,19) size 24x18
                text run at (1,19) width 24: "OK"
      LayoutBlockFlow {P} at (0,110) size 784x6 [border: (3px solid #800080)]
      LayoutBlockFlow {P} at (0,132) size 784x6 [border: (3px solid #800080)]
      LayoutTable {TABLE} at (325,154) size 134x72 [border: (3px solid #008000)]
        LayoutBlockFlow {CAPTION} at (0,0) size 134x24 [border: (3px solid #FFA500)]
          LayoutText {#text} at (55,3) size 24x18
            text run at (55,3) width 24: "cap"
        LayoutTableSection {TBODY} at (35,27) size 64x42
          LayoutTableRow {TR} at (0,2) size 64x38
            LayoutTableCell {TD} at (2,2) size 60x38 [r=0 c=0 rs=1 cs=1]
              LayoutText {#text} at (1,1) size 58x18
                text run at (1,1) width 58: "Centered"
              LayoutBR {BR} at (58,1) size 1x18
              LayoutText {#text} at (1,19) size 45x18
                text run at (1,19) width 45: "SHIFT"
      LayoutBlockFlow {P} at (0,242) size 784x6 [border: (3px solid #800080)]
      LayoutBlockFlow {P} at (0,264) size 784x6 [border: (3px solid #800080)]
      LayoutTable {TABLE} at (0,286) size 134x72 [border: (3px solid #008000)]
        LayoutBlockFlow {CAPTION} at (0,0) size 134x24 [border: (3px solid #FFA500)]
          LayoutText {#text} at (55,3) size 24x18
            text run at (55,3) width 24: "cap"
        LayoutTableSection {TBODY} at (35,27) size 64x42
          LayoutTableRow {TR} at (0,2) size 64x38
            LayoutTableCell {TD} at (2,2) size 60x38 [r=0 c=0 rs=1 cs=1]
              LayoutText {#text} at (1,1) size 58x18
                text run at (1,1) width 58: "Centered"
              LayoutBR {BR} at (58,1) size 1x18
              LayoutText {#text} at (1,19) size 54x18
                text run at (1,19) width 54: "NOSTD"
      LayoutBlockFlow {P} at (0,374) size 784x6 [border: (3px solid #800080)]
