layer at (0,0) size 800x600
  LayoutView at (0,0) size 800x600
layer at (0,0) size 800x600
  LayoutBlockFlow {HTML} at (0,0) size 800x600
    LayoutBlockFlow {BODY} at (8,8) size 784x576
      LayoutTable {TABLE} at (0,0) size 784x76 [bgcolor=#CCCCCC] [border: (1px solid #FF0000)]
        LayoutTableSection {TBODY} at (1,1) size 782x74
          LayoutTableRow {TR} at (0,2) size 782x22
            LayoutTableCell {TD} at (2,2) size 146x22 [border: (1px solid #FF0000)] [r=0 c=0 rs=2 cs=1]
              LayoutText {#text} at (2,2) size 4x18
                text run at (2,2) width 4: " "
            LayoutTableCell {TD} at (150,2) size 329x22 [border: (1px solid #FF0000)] [r=0 c=1 rs=1 cs=6]
              LayoutText {#text} at (2,2) size 4x18
                text run at (2,2) width 4: " "
            LayoutTableCell {TD} at (481,2) size 150x22 [border: (1px solid #FF0000)] [r=0 c=7 rs=1 cs=1]
              LayoutText {#text} at (2,2) size 4x18
                text run at (2,2) width 4: " "
            LayoutTableCell {TD} at (633,2) size 147x22 [border: (1px solid #FF0000)] [r=0 c=8 rs=2 cs=1]
              LayoutText {#text} at (2,2) size 4x18
                text run at (2,2) width 4: " "
          LayoutTableRow {TR} at (0,26) size 782x22
            LayoutTableCell {TD} at (150,26) size 175x22 [border: (1px solid #FF0000)] [r=1 c=1 rs=1 cs=3]
              LayoutText {#text} at (2,2) size 102x18
                text run at (2,2) width 102: "Find a Business"
            LayoutTableCell {TD} at (327,26) size 152x22 [border: (1px solid #FF0000)] [r=1 c=4 rs=1 cs=3]
              LayoutText {#text} at (2,2) size 78x18
                text run at (2,2) width 78: "What's New"
            LayoutTableCell {TD} at (481,26) size 150x22 [border: (1px solid #FF0000)] [r=1 c=7 rs=1 cs=1]
              LayoutText {#text} at (2,2) size 76x18
                text run at (2,2) width 76: "Search Tips"
          LayoutTableRow {TR} at (0,50) size 782x22
            LayoutTableCell {TD} at (2,50) size 778x22 [border: (1px solid #FF0000)] [r=2 c=0 rs=1 cs=9]
              LayoutText {#text} at (2,2) size 4x18
                text run at (2,2) width 4: " "
      LayoutBlockFlow {P} at (0,92) size 784x36
        LayoutText {#text} at (0,0) size 739x36
          text run at (0,0) width 739: "bug #17826 : Drag the right edge of the window and either widen or narrow the window; the column widths should"
          text run at (0,18) width 408: "oscillate as you resize the window (tested 1999122008 WinNT)"
