layer at (0,0) size 800x600 clip at (0,0) size 785x600 scrollHeight 2274
  LayoutView at (0,0) size 800x600
layer at (0,0) size 785x2274 backgroundClip at (0,0) size 785x600 clip at (0,0) size 785x600
  LayoutBlockFlow {HTML} at (0,0) size 785x2274
    LayoutBlockFlow {BODY} at (8,8) size 769x2258 [bgcolor=#19BCD2]
      LayoutTable {TABLE} at (0,0) size 769x199 [bgcolor=#FFA500] [border: (1px outset #808080)]
        LayoutTableSection {TBODY} at (1,1) size 767x197
          LayoutTableRow {TR} at (0,0) size 767x158
            LayoutTableCell {TD} at (0,0) size 767x20 [border: (1px inset #808080)] [r=0 c=0 rs=1 cs=1]
              LayoutText {#text} at (1,1) size 161x18
                text run at (1,1) width 161: "80% of table 200px table"
          LayoutTableRow {TR} at (0,158) size 767x39
            LayoutTableCell {TD} at (0,158) size 767x20 [border: (1px inset #808080)] [r=1 c=0 rs=1 cs=1]
              LayoutText {#text} at (1,1) size 161x18
                text run at (1,1) width 161: "20% of table 200px table"
      LayoutBlockFlow (anonymous) at (0,199) size 769x18
        LayoutBR {BR} at (0,0) size 0x18
      LayoutTable {TABLE} at (0,217) size 769x42 [bgcolor=#FFA500] [border: (1px outset #808080)]
        LayoutTableSection {TBODY} at (1,1) size 767x40
          LayoutTableRow {TR} at (0,0) size 767x20
            LayoutTableCell {TD} at (0,0) size 767x20 [border: (1px inset #808080)] [r=0 c=0 rs=1 cs=1]
              LayoutText {#text} at (1,1) size 132x18
                text run at (1,1) width 132: "80% of 200px tbody"
          LayoutTableRow {TR} at (0,20) size 767x20
            LayoutTableCell {TD} at (0,20) size 767x20 [border: (1px inset #808080)] [r=1 c=0 rs=1 cs=1]
              LayoutText {#text} at (1,1) size 132x18
                text run at (1,1) width 132: "20% of 200px tbody"
      LayoutBlockFlow (anonymous) at (0,259) size 769x18
        LayoutBR {BR} at (0,0) size 0x18
      LayoutTable {TABLE} at (0,277) size 769x42 [bgcolor=#FFA500] [border: (1px outset #808080)]
        LayoutTableSection {TBODY} at (1,1) size 767x40
          LayoutTableRow {TR} at (0,0) size 767x20
            LayoutTableCell {TD} at (0,0) size 767x20 [border: (1px inset #808080)] [r=0 c=0 rs=1 cs=1]
              LayoutText {#text} at (1,1) size 132x18
                text run at (1,1) width 132: "80% of 200px tbody"
          LayoutTableRow {TR} at (0,20) size 767x20
            LayoutTableCell {TD} at (0,20) size 767x20 [border: (1px inset #808080)] [r=1 c=0 rs=1 cs=1]
              LayoutText {#text} at (1,1) size 132x18
                text run at (1,1) width 132: "20% of 200px tbody"
      LayoutBlockFlow (anonymous) at (0,319) size 769x18
        LayoutBR {BR} at (0,0) size 0x18
      LayoutTable {TABLE} at (0,337) size 769x199 [bgcolor=#FFA500] [border: (1px outset #808080)]
        LayoutTableSection {TBODY} at (1,1) size 767x197
          LayoutTableRow {TR} at (0,0) size 767x158
            LayoutTableCell {TD} at (0,0) size 767x20 [border: (1px inset #808080)] [r=0 c=0 rs=1 cs=1]
              LayoutText {#text} at (1,1) size 155x18
                text run at (1,1) width 155: "row 80% of 200px table"
          LayoutTableRow {TR} at (0,158) size 767x39
            LayoutTableCell {TD} at (0,158) size 767x20 [border: (1px inset #808080)] [r=1 c=0 rs=1 cs=1]
              LayoutText {#text} at (1,1) size 155x18
                text run at (1,1) width 155: "row 20% of 200px table"
      LayoutBlockFlow (anonymous) at (0,536) size 769x18
        LayoutBR {BR} at (0,0) size 0x18
      LayoutTable {TABLE} at (0,554) size 769x42 [bgcolor=#FFA500] [border: (1px outset #808080)]
        LayoutTableSection {TBODY} at (1,1) size 767x40
          LayoutTableRow {TR} at (0,0) size 767x20
            LayoutTableCell {TD} at (0,0) size 767x20 [border: (1px inset #808080)] [r=0 c=0 rs=1 cs=1]
              LayoutText {#text} at (1,1) size 160x18
                text run at (1,1) width 160: "row 80% of 200px tbody"
          LayoutTableRow {TR} at (0,20) size 767x20
            LayoutTableCell {TD} at (0,20) size 767x20 [border: (1px inset #808080)] [r=1 c=0 rs=1 cs=1]
              LayoutText {#text} at (1,1) size 160x18
                text run at (1,1) width 160: "row 20% of 200px tbody"
      LayoutBlockFlow (anonymous) at (0,596) size 769x18
        LayoutBR {BR} at (0,0) size 0x18
      LayoutTable {TABLE} at (0,614) size 769x380 [bgcolor=#FFA500] [border: (1px outset #808080)]
        LayoutTableSection {TBODY} at (1,1) size 767x378
          LayoutTableRow {TR} at (0,0) size 767x378
            LayoutTableCell {TD} at (0,0) size 767x648 [border: (1px inset #808080)] [r=0 c=0 rs=1 cs=1]
              LayoutTable {TABLE} at (1,1) size 765x376 [bgcolor=#FFFF00]
                LayoutTableSection {TBODY} at (0,0) size 765x376
                  LayoutTableRow {TR} at (0,0) size 765x376
                    LayoutTableCell {TD} at (0,179) size 765x18 [r=0 c=0 rs=1 cs=1]
                      LayoutText {#text} at (0,0) size 12x18
                        text run at (0,0) width 12: " x"
              LayoutTable {TABLE} at (1,377) size 765x270
                LayoutTableSection {TBODY} at (0,0) size 765x270
                  LayoutTableRow {TR} at (0,0) size 765x270
                    LayoutTableCell {TD} at (0,0) size 765x270 [bgcolor=#E0FFFF] [r=0 c=0 rs=1 cs=1]
                      LayoutText {#text} at (0,0) size 113x18
                        text run at (0,0) width 82: "yuiyututuyu "
                        text run at (81,0) width 32: "fesfe"
                      LayoutBR {BR} at (112,14) size 1x0
                      LayoutText {#text} at (0,18) size 4x18
                        text run at (0,18) width 4: " "
                      LayoutBR {BR} at (4,32) size 0x0
                      LayoutText {#text} at (0,36) size 4x18
                        text run at (0,36) width 4: " "
                      LayoutBR {BR} at (4,50) size 0x0
                      LayoutText {#text} at (0,54) size 4x18
                        text run at (0,54) width 4: " "
                      LayoutBR {BR} at (4,68) size 0x0
                      LayoutText {#text} at (0,72) size 4x18
                        text run at (0,72) width 4: " "
                      LayoutBR {BR} at (4,86) size 0x0
                      LayoutText {#text} at (0,90) size 4x18
                        text run at (0,90) width 4: " "
                      LayoutBR {BR} at (4,104) size 0x0
                      LayoutText {#text} at (0,108) size 4x18
                        text run at (0,108) width 4: " "
                      LayoutBR {BR} at (4,122) size 0x0
                      LayoutText {#text} at (0,126) size 4x18
                        text run at (0,126) width 4: " "
                      LayoutBR {BR} at (4,140) size 0x0
                      LayoutText {#text} at (0,144) size 4x18
                        text run at (0,144) width 4: " "
                      LayoutBR {BR} at (4,158) size 0x0
                      LayoutText {#text} at (0,162) size 4x18
                        text run at (0,162) width 4: " "
                      LayoutBR {BR} at (4,176) size 0x0
                      LayoutText {#text} at (0,180) size 4x18
                        text run at (0,180) width 4: " "
                      LayoutBR {BR} at (4,194) size 0x0
                      LayoutText {#text} at (0,198) size 4x18
                        text run at (0,198) width 4: " "
                      LayoutBR {BR} at (4,212) size 0x0
                      LayoutText {#text} at (0,216) size 4x18
                        text run at (0,216) width 4: " "
                      LayoutBR {BR} at (4,230) size 0x0
                      LayoutText {#text} at (0,234) size 4x18
                        text run at (0,234) width 4: " "
                      LayoutBR {BR} at (4,248) size 0x0
                      LayoutText {#text} at (0,252) size 4x18
                        text run at (0,252) width 4: " "
      LayoutBlockFlow (anonymous) at (0,994) size 769x18
        LayoutBR {BR} at (0,0) size 0x18
      LayoutTable {TABLE} at (0,1012) size 600x400 [border: (1px outset #808080)]
        LayoutTableSection {TBODY} at (1,1) size 598x398
          LayoutTableRow {TR} at (0,2) size 598x394
            LayoutTableCell {TD} at (2,2) size 594x394 [border: (1px inset #808080)] [r=0 c=0 rs=1 cs=1]
              LayoutTable {TABLE} at (2,2) size 590x390 [border: (1px outset #808080)]
                LayoutTableSection {TBODY} at (1,1) size 588x388
                  LayoutTableRow {TR} at (0,2) size 588x384
                    LayoutTableCell {TD} at (2,2) size 584x384 [border: (1px inset #808080)] [r=0 c=0 rs=1 cs=1]
                      LayoutTable {TABLE} at (2,2) size 580x380 [border: (1px outset #808080)]
                        LayoutTableSection {TBODY} at (1,1) size 578x378
                          LayoutTableRow {TR} at (0,2) size 578x374
                            LayoutTableCell {TD} at (2,178) size 574x22 [border: (1px inset #808080)] [r=0 c=0 rs=1 cs=1]
                              LayoutText {#text} at (2,2) size 22x18
                                text run at (2,2) width 22: "foo"
      LayoutBlockFlow (anonymous) at (0,1412) size 769x18
        LayoutBR {BR} at (0,0) size 0x18
      LayoutTable {TABLE} at (0,1430) size 64x22 [border: (1px outset #808080)]
        LayoutTableSection {TBODY} at (1,1) size 62x20
          LayoutTableRow {TR} at (0,0) size 62x10
            LayoutTableCell {TD} at (0,0) size 62x20 [border: (1px inset #808080)] [r=0 c=0 rs=2 cs=1]
              LayoutText {#text} at (1,1) size 60x18
                text run at (1,1) width 60: "blah blah"
          LayoutTableRow {TR} at (0,10) size 62x10
      LayoutBlockFlow (anonymous) at (0,1452) size 769x18
        LayoutBR {BR} at (0,0) size 0x18
      LayoutTable {TABLE} at (0,1470) size 602x364 [border: (1px outset #808080)]
        LayoutTableSection {TBODY} at (1,1) size 600x362
          LayoutTableRow {TR} at (0,0) size 600x0
            LayoutTableCell {TD} at (0,0) size 502x362 [bgcolor=#FFFFFF] [border: (1px inset #808080)] [r=0 c=0 rs=2 cs=2]
              LayoutImage {IMG} at (1,1) size 132x360
          LayoutTableRow {TR} at (0,0) size 600x362
            LayoutTableCell {TD} at (502,171) size 98x20 [border: (1px inset #808080)] [r=1 c=2 rs=1 cs=6]
              LayoutText {#text} at (73,1) size 24x18
                text run at (73,1) width 24: "xxx"
      LayoutBlockFlow (anonymous) at (0,1834) size 769x18
        LayoutBR {BR} at (0,0) size 0x18
      LayoutTable {TABLE} at (10.50,1852) size 748x406 [bgcolor=#808080]
        LayoutTableSection {TBODY} at (0,0) size 748x406
          LayoutTableRow {TR} at (0,4) size 748x398
            LayoutTableCell {TD} at (4,4) size 740x398 [r=0 c=0 rs=1 cs=1]
              LayoutTable {TABLE} at (3,3) size 734x392 [bgcolor=#FFA500] [border: (1px outset #808080)]
                LayoutTableSection {TBODY} at (1,1) size 732x390
                  LayoutTableRow {TR} at (0,0) size 732x390
                    LayoutTableCell {TD} at (0,0) size 732x390 [border: (1px inset #808080)] [r=0 c=0 rs=1 cs=1]
                      LayoutBlockFlow (anonymous) at (1,1) size 730x18
                        LayoutText {#text} at (0,0) size 8x18
                          text run at (0,0) width 8: "x"
                      LayoutTable {TABLE} at (1,19) size 730x100 [bgcolor=#FFFF00]
                        LayoutTableSection {TBODY} at (0,0) size 730x100
                          LayoutTableRow {TR} at (0,0) size 730x100
                            LayoutTableCell {TD} at (0,41) size 730x18 [r=0 c=0 rs=1 cs=1]
                              LayoutText {#text} at (0,0) size 4x18
                                text run at (0,0) width 4: " "
                      LayoutTable {TABLE} at (1,119) size 730x270
                        LayoutTableSection {TBODY} at (0,0) size 730x270
                          LayoutTableRow {TR} at (0,0) size 730x270
                            LayoutTableCell {TD} at (0,0) size 730x270 [bgcolor=#E0FFFF] [r=0 c=0 rs=1 cs=1]
                              LayoutText {#text} at (0,0) size 117x18
                                text run at (0,0) width 82: "yuiyututuyu "
                                text run at (81,0) width 36: "fesf e"
                              LayoutBR {BR} at (116,14) size 1x0
                              LayoutText {#text} at (0,18) size 4x18
                                text run at (0,18) width 4: " "
                              LayoutBR {BR} at (4,32) size 0x0
                              LayoutText {#text} at (0,36) size 4x18
                                text run at (0,36) width 4: " "
                              LayoutBR {BR} at (4,50) size 0x0
                              LayoutText {#text} at (0,54) size 4x18
                                text run at (0,54) width 4: " "
                              LayoutBR {BR} at (4,68) size 0x0
                              LayoutText {#text} at (0,72) size 4x18
                                text run at (0,72) width 4: " "
                              LayoutBR {BR} at (4,86) size 0x0
                              LayoutText {#text} at (0,90) size 4x18
                                text run at (0,90) width 4: " "
                              LayoutBR {BR} at (4,104) size 0x0
                              LayoutText {#text} at (0,108) size 4x18
                                text run at (0,108) width 4: " "
                              LayoutBR {BR} at (4,122) size 0x0
                              LayoutText {#text} at (0,126) size 4x18
                                text run at (0,126) width 4: " "
                              LayoutBR {BR} at (4,140) size 0x0
                              LayoutText {#text} at (0,144) size 4x18
                                text run at (0,144) width 4: " "
                              LayoutBR {BR} at (4,158) size 0x0
                              LayoutText {#text} at (0,162) size 4x18
                                text run at (0,162) width 4: " "
                              LayoutBR {BR} at (4,176) size 0x0
                              LayoutText {#text} at (0,180) size 4x18
                                text run at (0,180) width 4: " "
                              LayoutBR {BR} at (4,194) size 0x0
                              LayoutText {#text} at (0,198) size 4x18
                                text run at (0,198) width 4: " "
                              LayoutBR {BR} at (4,212) size 0x0
                              LayoutText {#text} at (0,216) size 4x18
                                text run at (0,216) width 4: " "
                              LayoutBR {BR} at (4,230) size 0x0
                              LayoutText {#text} at (0,234) size 4x18
                                text run at (0,234) width 4: " "
                              LayoutBR {BR} at (4,248) size 0x0
                              LayoutText {#text} at (0,252) size 4x18
                                text run at (0,252) width 4: " "
