layer at (0,0) size 800x600
  LayoutView at (0,0) size 800x600
layer at (0,0) size 800x600
  LayoutBlockFlow {HTML} at (0,0) size 800x600
    LayoutBlockFlow {BODY} at (8,8) size 784x584
      LayoutBlockFlow (anonymous) at (0,0) size 784x18
        LayoutText {#text} at (0,0) size 8x18
          text run at (0,0) width 8: "1"
      LayoutTable {TABLE} at (0,18) size 784x10 [border: (1px outset #808080)]
        LayoutTableSection {TBODY} at (1,1) size 782x8
          LayoutTableRow {TR} at (0,2) size 782x4
            LayoutTableCell {TD} at (2,2) size 778x4 [border: (1px inset #808080)] [r=0 c=0 rs=1 cs=1]
      LayoutBlockFlow (anonymous) at (0,28) size 784x36
        LayoutText {#text} at (0,0) size 12x18
          text run at (0,0) width 12: "2 "
        LayoutBR {BR} at (0,0) size 0x0
        LayoutText {#text} at (0,18) size 8x18
          text run at (0,18) width 8: "3"
      LayoutTable {TABLE} at (0,64) size 784x6 [border: (1px outset #808080)]
        LayoutTableSection {TBODY} at (1,1) size 782x4
          LayoutTableRow {TR} at (0,2) size 782x0
      LayoutBlockFlow (anonymous) at (0,70) size 784x18
        LayoutText {#text} at (0,0) size 8x18
          text run at (0,0) width 8: "4"
