layer at (0,0) size 800x600 clip at (0,0) size 785x600 scrollHeight 1341
  LayoutView at (0,0) size 800x600
layer at (0,0) size 785x1341 backgroundClip at (0,0) size 785x600 clip at (0,0) size 785x600
  LayoutBlockFlow {HTML} at (0,0) size 785x1341
    LayoutBlockFlow {BODY} at (8,8) size 769x1325
      LayoutTable {TABLE} at (0,0) size 200x118 [bgcolor=#FFA500] [border: (10px solid #0000FF)]
        LayoutBlockFlow {CAPTION} at (0,0) size 200x18
          LayoutText {#text} at (43,0) size 114x18
            text run at (43,0) width 114: "clip at table-outer"
        LayoutTableSection {TBODY} at (25,43) size 150x50
          LayoutTableRow {TR} at (0,15) size 150x20
            LayoutTableCell {TD} at (15,15) size 52x20 [bgcolor=#FFFF00] [r=0 c=0 rs=1 cs=1]
              LayoutText {#text} at (1,1) size 32x18
                text run at (1,1) width 32: "cell1"
            LayoutTableCell {TD} at (82,15) size 53x20 [bgcolor=#FFFF00] [r=0 c=1 rs=1 cs=1]
              LayoutText {#text} at (1,1) size 132x18
                text run at (1,1) width 132: "contentwithoutspace"
      LayoutBlockFlow (anonymous) at (0,118) size 769x18
        LayoutBR {BR} at (0,0) size 0x18
      LayoutTable {TABLE} at (0,254) size 200x153 [bgcolor=#FFA500] [border: (10px solid #0000FF)]
        LayoutBlockFlow {CAPTION} at (0,0) size 200x18
          LayoutText {#text} at (73,0) size 54x18
            text run at (73,0) width 54: "clip at tr"
        LayoutTableSection {TBODY} at (25,43) size 150x85
          LayoutTableRow {TR} at (0,15) size 150x20
            LayoutTableCell {TD} at (15,15) size 52x20 [bgcolor=#FFFF00] [r=0 c=0 rs=1 cs=1]
              LayoutText {#text} at (1,1) size 32x18
                text run at (1,1) width 32: "cell1"
            LayoutTableCell {TD} at (82,15) size 53x20 [bgcolor=#FFFF00] [r=0 c=1 rs=1 cs=1]
              LayoutText {#text} at (1,1) size 132x18
                text run at (1,1) width 132: "contentwithoutspace"
          LayoutTableRow {TR} at (0,50) size 150x20
            LayoutTableCell {TD} at (15,50) size 52x20 [bgcolor=#FFFF00] [r=1 c=0 rs=1 cs=1]
              LayoutText {#text} at (1,1) size 32x18
                text run at (1,1) width 32: "cell1"
            LayoutTableCell {TD} at (82,50) size 53x20 [bgcolor=#FFFF00] [r=1 c=1 rs=1 cs=1]
              LayoutText {#text} at (1,1) size 132x18
                text run at (1,1) width 132: "contentwithoutspace"
      LayoutTable {TABLE} at (0,407) size 200x153 [bgcolor=#FFA500] [border: (10px solid #0000FF)]
        LayoutTableCol {COLGROUP} at (0,0) size 0x0
          LayoutTableCol {COL} at (0,0) size 0x0
          LayoutTableCol {COL} at (0,0) size 0x0
        LayoutBlockFlow {CAPTION} at (0,0) size 200x18
          LayoutText {#text} at (62,0) size 76x18
            text run at (62,0) width 76: "clip column"
        LayoutTableSection {TBODY} at (25,43) size 150x85
          LayoutTableRow {TR} at (0,15) size 150x20
            LayoutTableCell {TD} at (15,15) size 52x20 [bgcolor=#FFFF00] [r=0 c=0 rs=1 cs=1]
              LayoutText {#text} at (1,1) size 32x18
                text run at (1,1) width 32: "cell1"
            LayoutTableCell {TD} at (82,15) size 53x20 [bgcolor=#FFFF00] [r=0 c=1 rs=1 cs=1]
              LayoutText {#text} at (1,1) size 132x18
                text run at (1,1) width 132: "contentwithoutspace"
          LayoutTableRow {TR} at (0,50) size 150x20
            LayoutTableCell {TD} at (15,50) size 52x20 [bgcolor=#FFFF00] [r=1 c=0 rs=1 cs=1]
              LayoutText {#text} at (1,1) size 32x18
                text run at (1,1) width 32: "cell1"
            LayoutTableCell {TD} at (82,50) size 53x20 [bgcolor=#FFFF00] [r=1 c=1 rs=1 cs=1]
              LayoutText {#text} at (1,1) size 132x18
                text run at (1,1) width 132: "contentwithoutspace"
      LayoutTable {TABLE} at (0,560) size 200x153 [bgcolor=#FFA500] [border: (10px solid #0000FF)]
        LayoutTableCol {COLGROUP} at (0,0) size 0x0
          LayoutTableCol {COL} at (0,0) size 0x0
        LayoutTableCol {COLGROUP} at (0,0) size 0x0
          LayoutTableCol {COL} at (0,0) size 0x0
        LayoutBlockFlow {CAPTION} at (0,0) size 200x18
          LayoutText {#text} at (43,0) size 114x18
            text run at (43,0) width 114: "clip columngroup"
        LayoutTableSection {TBODY} at (25,43) size 150x85
          LayoutTableRow {TR} at (0,15) size 150x20
            LayoutTableCell {TD} at (15,15) size 52x20 [bgcolor=#FFFF00] [r=0 c=0 rs=1 cs=1]
              LayoutText {#text} at (1,1) size 32x18
                text run at (1,1) width 32: "cell1"
            LayoutTableCell {TD} at (82,15) size 53x20 [bgcolor=#FFFF00] [r=0 c=1 rs=1 cs=1]
              LayoutText {#text} at (1,1) size 132x18
                text run at (1,1) width 132: "contentwithoutspace"
          LayoutTableRow {TR} at (0,50) size 150x20
            LayoutTableCell {TD} at (15,50) size 52x20 [bgcolor=#FFFF00] [r=1 c=0 rs=1 cs=1]
              LayoutText {#text} at (1,1) size 32x18
                text run at (1,1) width 32: "cell1"
            LayoutTableCell {TD} at (82,50) size 53x20 [bgcolor=#FFFF00] [r=1 c=1 rs=1 cs=1]
              LayoutText {#text} at (1,1) size 132x18
                text run at (1,1) width 132: "contentwithoutspace"
      LayoutTable {TABLE} at (0,713) size 200x153 [bgcolor=#FFA500] [border: (10px solid #0000FF)]
        LayoutBlockFlow {CAPTION} at (0,0) size 200x18
          LayoutText {#text} at (68,0) size 64x18
            text run at (68,0) width 64: "clip thead"
        LayoutTableSection {THEAD} at (25,43) size 150x50
          LayoutTableRow {TR} at (0,15) size 150x20
            LayoutTableCell {TD} at (15,15) size 52x20 [bgcolor=#FFFF00] [r=0 c=0 rs=1 cs=1]
              LayoutText {#text} at (1,1) size 32x18
                text run at (1,1) width 32: "cell1"
            LayoutTableCell {TD} at (82,15) size 53x20 [bgcolor=#FFFF00] [r=0 c=1 rs=1 cs=1]
              LayoutText {#text} at (1,1) size 132x18
                text run at (1,1) width 132: "contentwithoutspace"
        LayoutTableSection {TBODY} at (25,93) size 150x35
          LayoutTableRow {TR} at (0,0) size 150x20
            LayoutTableCell {TD} at (15,0) size 52x20 [bgcolor=#FFFF00] [r=0 c=0 rs=1 cs=1]
              LayoutText {#text} at (1,1) size 32x18
                text run at (1,1) width 32: "cell1"
            LayoutTableCell {TD} at (82,0) size 53x20 [bgcolor=#FFFF00] [r=0 c=1 rs=1 cs=1]
              LayoutText {#text} at (1,1) size 132x18
                text run at (1,1) width 132: "contentwithoutspace"
      LayoutTable {TABLE} at (0,866) size 200x153 [bgcolor=#FFA500] [border: (10px solid #0000FF)]
        LayoutBlockFlow {CAPTION} at (0,0) size 200x18
          LayoutText {#text} at (67,0) size 66x18
            text run at (67,0) width 66: "clip tbody"
        LayoutTableSection {THEAD} at (25,43) size 150x50
          LayoutTableRow {TR} at (0,15) size 150x20
            LayoutTableCell {TD} at (15,15) size 52x20 [bgcolor=#FFFF00] [r=0 c=0 rs=1 cs=1]
              LayoutText {#text} at (1,1) size 32x18
                text run at (1,1) width 32: "cell1"
            LayoutTableCell {TD} at (82,15) size 53x20 [bgcolor=#FFFF00] [r=0 c=1 rs=1 cs=1]
              LayoutText {#text} at (1,1) size 132x18
                text run at (1,1) width 132: "contentwithoutspace"
        LayoutTableSection {TBODY} at (25,93) size 150x35
          LayoutTableRow {TR} at (0,0) size 150x20
            LayoutTableCell {TD} at (15,0) size 52x20 [bgcolor=#FFFF00] [r=0 c=0 rs=1 cs=1]
              LayoutText {#text} at (1,1) size 32x18
                text run at (1,1) width 32: "cell1"
            LayoutTableCell {TD} at (82,0) size 53x20 [bgcolor=#FFFF00] [r=0 c=1 rs=1 cs=1]
              LayoutText {#text} at (1,1) size 132x18
                text run at (1,1) width 132: "contentwithoutspace"
      LayoutTable {TABLE} at (0,1019) size 200x153 [bgcolor=#FFA500] [border: (10px solid #0000FF)]
        LayoutBlockFlow {CAPTION} at (0,0) size 200x18
          LayoutText {#text} at (70,0) size 60x18
            text run at (70,0) width 60: "clip tfoot"
        LayoutTableSection {TBODY} at (25,43) size 150x50
          LayoutTableRow {TR} at (0,15) size 150x20
            LayoutTableCell {TD} at (15,15) size 52x20 [bgcolor=#FFFF00] [r=0 c=0 rs=1 cs=1]
              LayoutText {#text} at (1,1) size 32x18
                text run at (1,1) width 32: "cell1"
            LayoutTableCell {TD} at (82,15) size 53x20 [bgcolor=#FFFF00] [r=0 c=1 rs=1 cs=1]
              LayoutText {#text} at (1,1) size 132x18
                text run at (1,1) width 132: "contentwithoutspace"
        LayoutTableSection {TFOOT} at (25,93) size 150x35
          LayoutTableRow {TR} at (0,0) size 150x20
            LayoutTableCell {TD} at (15,0) size 52x20 [bgcolor=#FFFF00] [r=0 c=0 rs=1 cs=1]
              LayoutText {#text} at (1,1) size 32x18
                text run at (1,1) width 32: "cell1"
            LayoutTableCell {TD} at (82,0) size 53x20 [bgcolor=#FFFF00] [r=0 c=1 rs=1 cs=1]
              LayoutText {#text} at (1,1) size 132x18
                text run at (1,1) width 132: "contentwithoutspace"
      LayoutTable {TABLE} at (0,1172) size 200x153 [bgcolor=#FFA500] [border: (10px solid #0000FF)]
        LayoutBlockFlow {CAPTION} at (0,0) size 200x18
          LayoutText {#text} at (79,0) size 42x18
            text run at (79,0) width 42: "clip td"
        LayoutTableSection {TBODY} at (25,43) size 150x50
          LayoutTableRow {TR} at (0,15) size 150x20
            LayoutTableCell {TD} at (15,15) size 52x20 [bgcolor=#FFFF00] [r=0 c=0 rs=1 cs=1]
              LayoutText {#text} at (1,1) size 32x18
                text run at (1,1) width 32: "cell1"
            LayoutTableCell {TD} at (82,15) size 53x20 [bgcolor=#FFFF00] [r=0 c=1 rs=1 cs=1]
              LayoutText {#text} at (1,1) size 132x18
                text run at (1,1) width 132: "contentwithoutspace"
        LayoutTableSection {TFOOT} at (25,93) size 150x35
          LayoutTableRow {TR} at (0,0) size 150x20
            LayoutTableCell {TD} at (15,0) size 52x20 [bgcolor=#FFFF00] [r=0 c=0 rs=1 cs=1]
              LayoutText {#text} at (1,1) size 32x18
                text run at (1,1) width 32: "cell1"
layer at (8,144) size 200x118 clip at (18,144) size 180x118 scrollWidth 230
  LayoutTable {TABLE} at (0,136) size 200x118 [bgcolor=#FFA500] [border: (10px solid #0000FF)]
    LayoutBlockFlow {CAPTION} at (0,0) size 200x18
      LayoutText {#text} at (62,0) size 76x18
        text run at (62,0) width 76: "clip at table"
    LayoutTableSection {TBODY} at (25,43) size 150x50
      LayoutTableRow {TR} at (0,15) size 150x20
        LayoutTableCell {TD} at (15,15) size 52x20 [bgcolor=#FFFF00] [r=0 c=0 rs=1 cs=1]
          LayoutText {#text} at (1,1) size 32x18
            text run at (1,1) width 32: "cell1"
        LayoutTableCell {TD} at (82,15) size 53x20 [bgcolor=#FFFF00] [r=0 c=1 rs=1 cs=1]
          LayoutText {#text} at (1,1) size 132x18
            text run at (1,1) width 132: "contentwithoutspace"
layer at (115,1273) size 53x20 backgroundClip at (0,0) size 0x0 clip at (0,0) size 0x0 scrollWidth 134
  LayoutTableCell {TD} at (82,0) size 53x20 [bgcolor=#FFFF00] [r=0 c=1 rs=1 cs=1]
    LayoutText {#text} at (1,1) size 132x18
      text run at (1,1) width 132: "contentwithoutspace"
