layer at (0,0) size 800x600
  LayoutView at (0,0) size 800x600
layer at (0,0) size 800x600
  LayoutBlockFlow {HTML} at (0,0) size 800x600
    LayoutBlockFlow {BODY} at (8,8) size 784x584
      LayoutTable {TABLE} at (0,0) size 135x66 [border: (1px outset #808080)]
        LayoutTableSection {TBODY} at (1,1) size 133x64
          LayoutTableRow {TR} at (0,2) size 133x60
            LayoutTableCell {TD} at (2,2) size 64x60 [border: (1px inset #808080)] [r=0 c=0 rs=1 cs=1]
              LayoutText {#text} at (21,21) size 22x18
                text run at (21,21) width 22: "foo"
            LayoutTableCell {TD} at (68,2) size 63x60 [border: (1px inset #808080)] [r=0 c=1 rs=1 cs=1]
              LayoutText {#text} at (21,21) size 21x18
                text run at (21,21) width 21: "bar"
