layer at (0,0) size 800x600
  LayoutView at (0,0) size 800x600
layer at (0,0) size 800x600
  LayoutBlockFlow {HTML} at (0,0) size 800x600
    LayoutBlockFlow {BODY} at (8,8) size 784x584
      LayoutTable {TABLE} at (0,0) size 615x30
        LayoutTableSection {TBODY} at (0,0) size 615x30
          LayoutTableRow {TR} at (0,2) size 615x26
            LayoutTableCell {TD} at (2,2) size 611x26 [r=0 c=0 rs=1 cs=1]
              LayoutTable {TABLE} at (1,1) size 609x24
                LayoutTableSection {TBODY} at (0,0) size 609x24
                  LayoutTableRow {TR} at (0,2) size 609x20
                    LayoutTableCell {TD} at (2,2) size 35x20 [r=0 c=0 rs=1 cs=1]
                      LayoutText {#text} at (1,1) size 33x18
                        text run at (1,1) width 33: "news"
                    LayoutTableCell {TD} at (39,2) size 56x20 [r=0 c=1 rs=1 cs=1]
                      LayoutText {#text} at (1,1) size 54x18
                        text run at (1,1) width 54: "archives"
                    LayoutTableCell {TD} at (97,2) size 62x20 [r=0 c=2 rs=1 cs=1]
                      LayoutText {#text} at (1,1) size 60x18
                        text run at (1,1) width 60: "hardware"
                    LayoutTableCell {TD} at (161,2) size 35x20 [r=0 c=3 rs=1 cs=1]
                      LayoutText {#text} at (1,1) size 33x18
                        text run at (1,1) width 33: "shots"
                    LayoutTableCell {TD} at (198,2) size 43x20 [r=0 c=4 rs=1 cs=1]
                      LayoutText {#text} at (1,1) size 41x18
                        text run at (1,1) width 41: "games"
                    LayoutTableCell {TD} at (243,2) size 29x20 [r=0 c=5 rs=1 cs=1]
                      LayoutText {#text} at (1,1) size 27x18
                        text run at (1,1) width 27: "files"
                    LayoutTableCell {TD} at (274,2) size 74x20 [r=0 c=6 rs=1 cs=1]
                      LayoutText {#text} at (1,1) size 72x18
                        text run at (1,1) width 72: "reviewseek"
                    LayoutTableCell {TD} at (350,2) size 48x20 [r=0 c=7 rs=1 cs=1]
                      LayoutText {#text} at (1,1) size 46x18
                        text run at (1,1) width 46: "forums"
                    LayoutTableCell {TD} at (400,2) size 69x20 [r=0 c=8 rs=1 cs=1]
                      LayoutText {#text} at (1,1) size 67x18
                        text run at (1,1) width 67: "interviews"
                    LayoutTableCell {TD} at (471,2) size 38x20 [r=0 c=9 rs=1 cs=1]
                      LayoutText {#text} at (1,1) size 36x18
                        text run at (1,1) width 36: "about"
                    LayoutTableCell {TD} at (511,2) size 34x20 [r=0 c=10 rs=1 cs=1]
                      LayoutText {#text} at (1,1) size 32x18
                        text run at (1,1) width 32: "links"
                    LayoutTableCell {TD} at (547,2) size 60x20 [r=0 c=11 rs=1 cs=1]
                      LayoutText {#text} at (1,1) size 58x18
                        text run at (1,1) width 58: "advertise"
