layer at (0,0) size 800x600
  LayoutView at (0,0) size 800x600
layer at (0,0) size 800x600
  LayoutBlockFlow {HTML} at (0,0) size 800x600
    LayoutBlockFlow {BODY} at (8,8) size 784x584
      LayoutBlockFlow (anonymous) at (0,0) size 784x18
        LayoutText {#text} at (0,0) size 4x18
          text run at (0,0) width 4: " "
      LayoutTable {TABLE} at (0,18) size 392x86 [border: (1px outset #808080)]
        LayoutTableSection {TBODY} at (1,1) size 390x84
          LayoutTableRow {TR} at (0,2) size 390x56
            LayoutTableCell {TD} at (2,2) size 268x56 [border: (1px inset #808080)] [r=0 c=0 rs=1 cs=1]
              LayoutTable {TABLE} at (2,2) size 80x52 [border: (1px outset #808080)]
                LayoutTableSection {TBODY} at (1,1) size 78x50
                  LayoutTableRow {TR} at (0,2) size 78x22
                    LayoutTableCell {TD} at (2,2) size 36x22 [border: (1px inset #808080)] [r=0 c=0 rs=1 cs=1]
                      LayoutText {#text} at (2,2) size 32x18
                        text run at (2,2) width 32: "hello"
                    LayoutTableCell {TD} at (40,2) size 36x22 [border: (1px inset #808080)] [r=0 c=1 rs=1 cs=1]
                      LayoutText {#text} at (2,2) size 32x18
                        text run at (2,2) width 32: "hello"
                  LayoutTableRow {TR} at (0,26) size 78x22
                    LayoutTableCell {TD} at (2,26) size 36x22 [border: (1px inset #808080)] [r=1 c=0 rs=1 cs=1]
                      LayoutText {#text} at (2,2) size 32x18
                        text run at (2,2) width 32: "hello"
                    LayoutTableCell {TD} at (40,26) size 36x22 [border: (1px inset #808080)] [r=1 c=1 rs=1 cs=1]
                      LayoutText {#text} at (2,2) size 32x18
                        text run at (2,2) width 32: "hello"
            LayoutTableCell {TD} at (272,19) size 116x22 [border: (1px inset #808080)] [r=0 c=1 rs=1 cs=1]
              LayoutText {#text} at (2,2) size 32x18
                text run at (2,2) width 32: "hello"
          LayoutTableRow {TR} at (0,60) size 390x22
            LayoutTableCell {TD} at (2,60) size 268x22 [border: (1px inset #808080)] [r=1 c=0 rs=1 cs=1]
              LayoutText {#text} at (2,2) size 32x18
                text run at (2,2) width 32: "hello"
            LayoutTableCell {TD} at (272,60) size 116x22 [border: (1px inset #808080)] [r=1 c=1 rs=1 cs=1]
              LayoutText {#text} at (2,2) size 32x18
                text run at (2,2) width 32: "hello"
