layer at (0,0) size 800x600
  LayoutView at (0,0) size 800x600
layer at (0,0) size 800x600
  LayoutBlockFlow {HTML} at (0,0) size 800x600
    LayoutBlockFlow {BODY} at (8,8) size 784x584 [bgcolor=#C0C0C0]
      LayoutTable {TABLE} at (0,0) size 122x72 [border: (10px outset #808080)]
        LayoutTableSection {TBODY} at (10,10) size 102x52
          LayoutTableRow {TR} at (0,10) size 102x22
            LayoutTableCell {TD} at (10,15) size 36x22 [border: (1px inset #808080)] [r=0 c=0 rs=2 cs=1]
              LayoutText {#text} at (2,2) size 32x18
                text run at (2,2) width 32: "cell1"
            LayoutTableCell {TD} at (56,10) size 36x22 [border: (1px inset #808080)] [r=0 c=1 rs=1 cs=1]
              LayoutText {#text} at (2,2) size 32x18
                text run at (2,2) width 32: "cell2"
          LayoutTableRow {TR} at (0,42) size 102x0
      LayoutBlockFlow {P} at (0,88) size 784x18
        LayoutText {#text} at (0,0) size 302x18
          text run at (0,0) width 302: "See the behaviour when there is one more row:"
      LayoutTable {TABLE} at (0,122) size 122x104 [border: (10px outset #808080)]
        LayoutTableSection {TBODY} at (10,10) size 102x84
          LayoutTableRow {TR} at (0,10) size 102x22
            LayoutTableCell {TD} at (10,15) size 36x22 [border: (1px inset #808080)] [r=0 c=0 rs=2 cs=1]
              LayoutText {#text} at (2,2) size 32x18
                text run at (2,2) width 32: "cell1"
            LayoutTableCell {TD} at (56,10) size 36x22 [border: (1px inset #808080)] [r=0 c=1 rs=1 cs=1]
              LayoutText {#text} at (2,2) size 32x18
                text run at (2,2) width 32: "cell2"
          LayoutTableRow {TR} at (0,42) size 102x0
          LayoutTableRow {TR} at (0,52) size 102x22
            LayoutTableCell {TD} at (10,52) size 36x22 [border: (1px inset #808080)] [r=2 c=0 rs=1 cs=1]
              LayoutText {#text} at (2,2) size 32x18
                text run at (2,2) width 32: "cell3"
            LayoutTableCell {TD} at (56,52) size 36x22 [border: (1px inset #808080)] [r=2 c=1 rs=1 cs=1]
              LayoutText {#text} at (2,2) size 32x18
                text run at (2,2) width 32: "cell4"
      LayoutBlockFlow {P} at (0,242) size 784x18
        LayoutText {#text} at (0,0) size 356x18
          text run at (0,0) width 356: "Now move the rowspan to cell2 to have even more fun:"
      LayoutTable {TABLE} at (0,276) size 122x104 [border: (10px outset #808080)]
        LayoutTableSection {TBODY} at (10,10) size 102x84
          LayoutTableRow {TR} at (0,10) size 102x22
            LayoutTableCell {TD} at (10,10) size 36x22 [border: (1px inset #808080)] [r=0 c=0 rs=1 cs=1]
              LayoutText {#text} at (2,2) size 32x18
                text run at (2,2) width 32: "cell1"
            LayoutTableCell {TD} at (56,15) size 36x22 [border: (1px inset #808080)] [r=0 c=1 rs=2 cs=1]
              LayoutText {#text} at (2,2) size 32x18
                text run at (2,2) width 32: "cell2"
          LayoutTableRow {TR} at (0,42) size 102x0
          LayoutTableRow {TR} at (0,52) size 102x22
            LayoutTableCell {TD} at (10,52) size 36x22 [border: (1px inset #808080)] [r=2 c=0 rs=1 cs=1]
              LayoutText {#text} at (2,2) size 32x18
                text run at (2,2) width 32: "cell3"
            LayoutTableCell {TD} at (56,52) size 36x22 [border: (1px inset #808080)] [r=2 c=1 rs=1 cs=1]
              LayoutText {#text} at (2,2) size 32x18
                text run at (2,2) width 32: "cell4"
