layer at (0,0) size 800x600
  LayoutView at (0,0) size 800x600
layer at (0,0) size 800x600
  LayoutBlockFlow {HTML} at (0,0) size 800x600
    LayoutBlockFlow {BODY} at (8,8) size 784x584 [bgcolor=#C0C0C0]
      LayoutTable {TABLE} at (0,0) size 784x136 [border: (3px outset #808080)]
        LayoutTableSection {TBODY} at (3,3) size 778x130
          LayoutTableRow {TR} at (0,2) size 778x126
            LayoutTableCell {TD} at (2,2) size 774x126 [border: (1px inset #808080)] [r=0 c=0 rs=1 cs=1]
              LayoutTable (floating) {TABLE} at (2,2) size 385x122 [border: (3px outset #808080)]
                LayoutTableSection {TBODY} at (3,3) size 379x116
                  LayoutTableRow {TR} at (0,2) size 379x112
                    LayoutTableCell {TD} at (2,2) size 375x112 [border: (1px inset #808080)] [r=0 c=0 rs=1 cs=1]
                      LayoutText {#text} at (2,2) size 344x108
                        text run at (2,2) width 344: "blah blah blah blah blah blah blah blah blah blah blah"
                        text run at (2,20) width 64: "blah blah "
                        text run at (65,20) width 281: "blah blah blah blah blah blah blah blah blah"
                        text run at (2,38) width 127: "blah blah blah blah "
                        text run at (128,38) width 218: "blah blah blah blah blah blah blah"
                        text run at (2,56) width 190: "blah blah blah blah blah blah "
                        text run at (191,56) width 155: "blah blah blah blah blah"
                        text run at (2,74) width 253: "blah blah blah blah blah blah blah blah "
                        text run at (254,74) width 92: "blah blah blah"
                        text run at (2,92) width 312: "blah blah blah blah blah blah blah blah blah blah"
      LayoutBlockFlow (anonymous) at (0,136) size 784x18
        LayoutBR {BR} at (0,0) size 0x18
      LayoutTable {TABLE} at (0,154) size 784x136 [border: (3px outset #808080)]
        LayoutTableSection {TBODY} at (3,3) size 778x130
          LayoutTableRow {TR} at (0,2) size 778x126
            LayoutTableCell {TD} at (2,2) size 774x126 [border: (1px inset #808080)] [r=0 c=0 rs=1 cs=1]
              LayoutText {#text} at (387,2) size 60x18
                text run at (387,2) width 60: "blah blah"
              LayoutTable (floating) {TABLE} at (2,2) size 385x122 [border: (3px outset #808080)]
                LayoutTableSection {TBODY} at (3,3) size 379x116
                  LayoutTableRow {TR} at (0,2) size 379x112
                    LayoutTableCell {TD} at (2,2) size 375x112 [border: (1px inset #808080)] [r=0 c=0 rs=1 cs=1]
                      LayoutText {#text} at (2,2) size 344x108
                        text run at (2,2) width 344: "blah blah blah blah blah blah blah blah blah blah blah"
                        text run at (2,20) width 64: "blah blah "
                        text run at (65,20) width 281: "blah blah blah blah blah blah blah blah blah"
                        text run at (2,38) width 127: "blah blah blah blah "
                        text run at (128,38) width 218: "blah blah blah blah blah blah blah"
                        text run at (2,56) width 190: "blah blah blah blah blah blah "
                        text run at (191,56) width 155: "blah blah blah blah blah"
                        text run at (2,74) width 253: "blah blah blah blah blah blah blah blah "
                        text run at (254,74) width 92: "blah blah blah"
                        text run at (2,92) width 312: "blah blah blah blah blah blah blah blah blah blah"
              LayoutText {#text} at (0,0) size 0x0
      LayoutBlockFlow (anonymous) at (0,290) size 784x18
        LayoutBR {BR} at (0,0) size 0x18
      LayoutTable {TABLE} at (0,308) size 784x170 [border: (3px outset #808080)]
        LayoutTableSection {TBODY} at (3,3) size 778x164
          LayoutTableRow {TR} at (0,2) size 778x160
            LayoutTableCell {TD} at (2,2) size 774x160 [border: (1px inset #808080)] [r=0 c=0 rs=1 cs=1]
              LayoutBlockFlow (anonymous) at (2,2) size 770x18
                LayoutText {#text} at (0,0) size 60x18
                  text run at (0,0) width 60: "blah blah"
              LayoutBlockFlow {P} at (2,36) size 770x0
                LayoutTable (floating) {TABLE} at (0,0) size 385x122 [border: (3px outset #808080)]
                  LayoutTableSection {TBODY} at (3,3) size 379x116
                    LayoutTableRow {TR} at (0,2) size 379x112
                      LayoutTableCell {TD} at (2,2) size 375x112 [border: (1px inset #808080)] [r=0 c=0 rs=1 cs=1]
                        LayoutText {#text} at (2,2) size 344x108
                          text run at (2,2) width 344: "blah blah blah blah blah blah blah blah blah blah blah"
                          text run at (2,20) width 64: "blah blah "
                          text run at (65,20) width 281: "blah blah blah blah blah blah blah blah blah"
                          text run at (2,38) width 127: "blah blah blah blah "
                          text run at (128,38) width 218: "blah blah blah blah blah blah blah"
                          text run at (2,56) width 190: "blah blah blah blah blah blah "
                          text run at (191,56) width 155: "blah blah blah blah blah"
                          text run at (2,74) width 253: "blah blah blah blah blah blah blah blah "
                          text run at (254,74) width 92: "blah blah blah"
                          text run at (2,92) width 312: "blah blah blah blah blah blah blah blah blah blah"
