layer at (0,0) size 800x600
  LayoutView at (0,0) size 800x600
layer at (0,0) size 800x190
  LayoutBlockFlow {HTML} at (0,0) size 800x190
    LayoutBlockFlow {BODY} at (8,8) size 784x174
      LayoutBlockFlow (anonymous) at (0,0) size 784x18
        LayoutText {#text} at (0,0) size 4x18
          text run at (0,0) width 4: " "
      LayoutTable {TABLE} at (0,18) size 176x56 [border: (1px outset #808080)]
        LayoutTableSection {TBODY} at (1,1) size 174x54
          LayoutTableRow {TR} at (0,2) size 174x24
            LayoutTableCell {TD} at (2,2) size 76x24 [border: (1px inset #808080)] [r=0 c=0 rs=1 cs=1]
              LayoutText {#text} at (3,3) size 70x18
                text run at (3,3) width 70: "Colspan=0"
          LayoutTableRow {TR} at (0,28) size 174x24
            LayoutTableCell {TD} at (2,28) size 76x24 [border: (1px inset #808080)] [r=1 c=0 rs=1 cs=1]
              LayoutText {#text} at (3,3) size 39x18
                text run at (3,3) width 39: "Cell 2"
            LayoutTableCell {TD} at (80,28) size 45x24 [border: (1px inset #808080)] [r=1 c=1 rs=1 cs=1]
              LayoutText {#text} at (3,3) size 39x18
                text run at (3,3) width 39: "Cell 3"
            LayoutTableCell {TD} at (127,28) size 45x24 [border: (1px inset #808080)] [r=1 c=2 rs=1 cs=1]
              LayoutText {#text} at (3,3) size 39x18
                text run at (3,3) width 39: "Cell 4"
      LayoutBlockFlow (anonymous) at (0,74) size 784x18
        LayoutBR {BR} at (0,0) size 0x18
      LayoutTable {TABLE} at (0,92) size 176x82 [border: (1px outset #808080)]
        LayoutTableSection {TBODY} at (1,1) size 174x80
          LayoutTableRow {TR} at (0,2) size 174x24
            LayoutTableCell {TD} at (2,2) size 76x24 [border: (1px inset #808080)] [r=0 c=0 rs=1 cs=1]
              LayoutText {#text} at (3,3) size 39x18
                text run at (3,3) width 39: "Cell 2"
            LayoutTableCell {TD} at (80,2) size 45x24 [border: (1px inset #808080)] [r=0 c=1 rs=1 cs=1]
              LayoutText {#text} at (3,3) size 39x18
                text run at (3,3) width 39: "Cell 3"
            LayoutTableCell {TD} at (127,2) size 45x24 [border: (1px inset #808080)] [r=0 c=2 rs=1 cs=1]
              LayoutText {#text} at (3,3) size 39x18
                text run at (3,3) width 39: "Cell 4"
          LayoutTableRow {TR} at (0,28) size 174x24
            LayoutTableCell {TD} at (2,28) size 76x24 [border: (1px inset #808080)] [r=1 c=0 rs=1 cs=1]
              LayoutText {#text} at (3,3) size 70x18
                text run at (3,3) width 70: "Colspan=0"
          LayoutTableRow {TR} at (0,54) size 174x24
            LayoutTableCell {TD} at (2,54) size 76x24 [border: (1px inset #808080)] [r=2 c=0 rs=1 cs=1]
              LayoutText {#text} at (3,3) size 39x18
                text run at (3,3) width 39: "Cell 5"
            LayoutTableCell {TD} at (80,54) size 45x24 [border: (1px inset #808080)] [r=2 c=1 rs=1 cs=1]
              LayoutText {#text} at (3,3) size 39x18
                text run at (3,3) width 39: "Cell 6"
            LayoutTableCell {TD} at (127,54) size 45x24 [border: (1px inset #808080)] [r=2 c=2 rs=1 cs=1]
              LayoutText {#text} at (3,3) size 39x18
                text run at (3,3) width 39: "Cell 7"
