layer at (0,0) size 800x600
  LayoutView at (0,0) size 800x600
layer at (0,0) size 800x68
  LayoutBlockFlow {HTML} at (0,0) size 800x68
    LayoutBlockFlow {BODY} at (8,8) size 784x52 [bgcolor=#FFFFFF]
      LayoutTable {TABLE} at (0,0) size 748x52 [border: (1px outset #808080)]
        LayoutTableSection {TBODY} at (1,1) size 746x50
          LayoutTableRow {TR} at (0,2) size 746x22
            LayoutTableCell {TD} at (2,2) size 227x22 [border: (1px inset #808080)] [r=0 c=0 rs=1 cs=1]
              LayoutText {#text} at (2,2) size 108x18
                text run at (2,2) width 108: "R1C1 colspan=0"
            LayoutTableCell {TD} at (231,2) size 513x22 [border: (1px inset #808080)] [r=0 c=1 rs=1 cs=1]
              LayoutText {#text} at (2,2) size 108x18
                text run at (2,2) width 108: "R1C2 colspan=0"
          LayoutTableRow {TR} at (0,26) size 746x22
            LayoutTableCell {TD} at (2,26) size 742x22 [border: (1px inset #808080)] [r=1 c=0 rs=1 cs=2]
              LayoutText {#text} at (2,2) size 108x18
                text run at (2,2) width 108: "R2C1 colspan=2"
