layer at (0,0) size 800x600
  LayoutView at (0,0) size 800x600
layer at (0,0) size 800x542
  LayoutBlockFlow {HTML} at (0,0) size 800x542
    LayoutBlockFlow {BODY} at (8,8) size 784x518 [bgcolor=#999999]
      LayoutTable {TABLE} at (0,0) size 152x64 [border: (1px outset #808080)]
        LayoutBlockFlow {CAPTION} at (0,0) size 152x36
          LayoutText {#text} at (11,0) size 130x36
            text run at (11,0) width 130: "Table with no width"
            text run at (49,18) width 54: "attribute"
        LayoutTableCol {COLGROUP} at (0,0) size 0x0
          LayoutTableCol {COL} at (0,0) size 0x0
          LayoutTableCol {COL} at (0,0) size 0x0
          LayoutTableCol {COL} at (0,0) size 0x0
          LayoutTableCol {COL} at (0,0) size 0x0
        LayoutTableSection {TBODY} at (1,37) size 150x26
          LayoutTableRow {TR} at (0,2) size 150x22
            LayoutTableCell {TD} at (2,2) size 50x22 [border: (1px inset #808080)] [r=0 c=0 rs=1 cs=1]
              LayoutText {#text} at (2,2) size 32x18
                text run at (2,2) width 32: "50px"
            LayoutTableCell {TD} at (54,2) size 20x22 [border: (1px inset #808080)] [r=0 c=1 rs=1 cs=1]
              LayoutText {#text} at (2,2) size 16x18
                text run at (2,2) width 16: "1*"
            LayoutTableCell {TD} at (76,2) size 50x22 [border: (1px inset #808080)] [r=0 c=2 rs=1 cs=1]
              LayoutText {#text} at (2,2) size 32x18
                text run at (2,2) width 32: "50px"
            LayoutTableCell {TD} at (128,2) size 20x22 [border: (1px inset #808080)] [r=0 c=3 rs=1 cs=1]
              LayoutText {#text} at (2,2) size 16x18
                text run at (2,2) width 16: "3*"
      LayoutBlockFlow {P} at (0,80) size 784x18
        LayoutText {#text} at (0,0) size 45x18
          text run at (0,0) width 45: "correct"
      LayoutTable {TABLE} at (0,114) size 500x46 [border: (1px outset #808080)]
        LayoutBlockFlow {CAPTION} at (0,0) size 500x18
          LayoutText {#text} at (122,0) size 256x18
            text run at (122,0) width 256: "Table with fixed width attribute =500px"
        LayoutTableCol {COLGROUP} at (0,0) size 0x0
          LayoutTableCol {COL} at (0,0) size 0x0
          LayoutTableCol {COL} at (0,0) size 0x0
          LayoutTableCol {COL} at (0,0) size 0x0
          LayoutTableCol {COL} at (0,0) size 0x0
        LayoutTableSection {TBODY} at (1,19) size 498x26
          LayoutTableRow {TR} at (0,2) size 498x22
            LayoutTableCell {TD} at (2,2) size 50x22 [border: (1px inset #808080)] [r=0 c=0 rs=1 cs=1]
              LayoutText {#text} at (2,2) size 32x18
                text run at (2,2) width 32: "50px"
            LayoutTableCell {TD} at (54,2) size 194x22 [border: (1px inset #808080)] [r=0 c=1 rs=1 cs=1]
              LayoutText {#text} at (2,2) size 16x18
                text run at (2,2) width 16: "1*"
            LayoutTableCell {TD} at (250,2) size 50x22 [border: (1px inset #808080)] [r=0 c=2 rs=1 cs=1]
              LayoutText {#text} at (2,2) size 32x18
                text run at (2,2) width 32: "50px"
            LayoutTableCell {TD} at (302,2) size 194x22 [border: (1px inset #808080)] [r=0 c=3 rs=1 cs=1]
              LayoutText {#text} at (2,2) size 16x18
                text run at (2,2) width 16: "3*"
      LayoutBlockFlow {P} at (0,176) size 784x54
        LayoutText {#text} at (0,0) size 771x54
          text run at (0,0) width 523: "incorrect: it seems that the * columns start with the same width than the previous "
          text run at (522,0) width 249: "example, and then all the columnss are"
          text run at (0,18) width 331: "expanded proportionally to occupy the extra space. "
          text run at (330,18) width 438: "The * columns should use all the space unused by other columns, so"
          text run at (0,36) width 144: "no expand are needed "
          text run at (143,36) width 118: "for other columns."
      LayoutTable {TABLE} at (0,246) size 784x46 [border: (1px outset #808080)]
        LayoutBlockFlow {CAPTION} at (0,0) size 784x18
          LayoutText {#text} at (284,0) size 216x18
            text run at (284,0) width 216: "Table with width attribute =100%"
        LayoutTableCol {COLGROUP} at (0,0) size 0x0
          LayoutTableCol {COL} at (0,0) size 0x0
          LayoutTableCol {COL} at (0,0) size 0x0
          LayoutTableCol {COL} at (0,0) size 0x0
          LayoutTableCol {COL} at (0,0) size 0x0
        LayoutTableSection {TBODY} at (1,19) size 782x26
          LayoutTableRow {TR} at (0,2) size 782x22
            LayoutTableCell {TD} at (2,2) size 50x22 [border: (1px inset #808080)] [r=0 c=0 rs=1 cs=1]
              LayoutText {#text} at (2,2) size 32x18
                text run at (2,2) width 32: "50px"
            LayoutTableCell {TD} at (54,2) size 336x22 [border: (1px inset #808080)] [r=0 c=1 rs=1 cs=1]
              LayoutText {#text} at (2,2) size 16x18
                text run at (2,2) width 16: "1*"
            LayoutTableCell {TD} at (392,2) size 50x22 [border: (1px inset #808080)] [r=0 c=2 rs=1 cs=1]
              LayoutText {#text} at (2,2) size 32x18
                text run at (2,2) width 32: "50px"
            LayoutTableCell {TD} at (444,2) size 336x22 [border: (1px inset #808080)] [r=0 c=3 rs=1 cs=1]
              LayoutText {#text} at (2,2) size 16x18
                text run at (2,2) width 16: "3*"
      LayoutBlockFlow {P} at (0,308) size 784x18
        LayoutText {#text} at (0,0) size 162x18
          text run at (0,0) width 162: "incorrect: same as above."
      LayoutTable {TABLE} at (0,342) size 500x46 [border: (1px outset #808080)]
        LayoutBlockFlow {CAPTION} at (0,0) size 500x18
          LayoutText {#text} at (140,0) size 220x18
            text run at (140,0) width 220: "Table with width attribute =500px"
        LayoutTableCol {COLGROUP} at (0,0) size 0x0
          LayoutTableCol {COL} at (0,0) size 0x0
          LayoutTableCol {COL} at (0,0) size 0x0
          LayoutTableCol {COL} at (0,0) size 0x0
          LayoutTableCol {COL} at (0,0) size 0x0
        LayoutTableSection {TBODY} at (1,19) size 498x26
          LayoutTableRow {TR} at (0,2) size 498x22
            LayoutTableCell {TD} at (2,2) size 122x22 [border: (1px inset #808080)] [r=0 c=0 rs=1 cs=1]
              LayoutText {#text} at (2,2) size 16x18
                text run at (2,2) width 16: "1*"
            LayoutTableCell {TD} at (126,2) size 122x22 [border: (1px inset #808080)] [r=0 c=1 rs=1 cs=1]
              LayoutText {#text} at (2,2) size 16x18
                text run at (2,2) width 16: "2*"
            LayoutTableCell {TD} at (250,2) size 122x22 [border: (1px inset #808080)] [r=0 c=2 rs=1 cs=1]
              LayoutText {#text} at (2,2) size 16x18
                text run at (2,2) width 16: "1*"
            LayoutTableCell {TD} at (374,2) size 122x22 [border: (1px inset #808080)] [r=0 c=3 rs=1 cs=1]
              LayoutText {#text} at (2,2) size 16x18
                text run at (2,2) width 16: "6*"
      LayoutBlockFlow {P} at (0,404) size 784x18
        LayoutText {#text} at (0,0) size 45x18
          text run at (0,0) width 45: "correct"
      LayoutTable {TABLE} at (0,438) size 784x46 [border: (1px outset #808080)]
        LayoutBlockFlow {CAPTION} at (0,0) size 784x18
          LayoutText {#text} at (284,0) size 216x18
            text run at (284,0) width 216: "Table with width attribute =100%"
        LayoutTableCol {COLGROUP} at (0,0) size 0x0
          LayoutTableCol {COL} at (0,0) size 0x0
          LayoutTableCol {COL} at (0,0) size 0x0
          LayoutTableCol {COL} at (0,0) size 0x0
          LayoutTableCol {COL} at (0,0) size 0x0
        LayoutTableSection {TBODY} at (1,19) size 782x26
          LayoutTableRow {TR} at (0,2) size 782x22
            LayoutTableCell {TD} at (2,2) size 193x22 [border: (1px inset #808080)] [r=0 c=0 rs=1 cs=1]
              LayoutText {#text} at (2,2) size 16x18
                text run at (2,2) width 16: "1*"
            LayoutTableCell {TD} at (197,2) size 193x22 [border: (1px inset #808080)] [r=0 c=1 rs=1 cs=1]
              LayoutText {#text} at (2,2) size 16x18
                text run at (2,2) width 16: "2*"
            LayoutTableCell {TD} at (392,2) size 193x22 [border: (1px inset #808080)] [r=0 c=2 rs=1 cs=1]
              LayoutText {#text} at (2,2) size 16x18
                text run at (2,2) width 16: "1*"
            LayoutTableCell {TD} at (587,2) size 193x22 [border: (1px inset #808080)] [r=0 c=3 rs=1 cs=1]
              LayoutText {#text} at (2,2) size 16x18
                text run at (2,2) width 16: "6*"
      LayoutBlockFlow {P} at (0,500) size 784x18
        LayoutText {#text} at (0,0) size 45x18
          text run at (0,0) width 45: "correct"
