layer at (0,0) size 800x600
  LayoutView at (0,0) size 800x600
layer at (0,0) size 800x600
  LayoutBlockFlow {HTML} at (0,0) size 800x600
    LayoutBlockFlow {BODY} at (8,8) size 784x584
      LayoutTable {TABLE} at (0,0) size 160x66 [border: (3px solid #008000)]
        LayoutTableSection {TBODY} at (3,3) size 154x60
          LayoutTableRow {TR} at (0,2) size 154x56
            LayoutTableCell {TD} at (2,2) size 150x56 [r=0 c=0 rs=1 cs=1]
              LayoutTable {TABLE} at (1,1) size 148x54 [border: (3px solid #008000)]
                LayoutBlockFlow {CAPTION} at (0,0) size 80x24 [border: (3px solid #FFA500)]
                  LayoutText {#text} at (28,3) size 24x18
                    text run at (28,3) width 24: "cap"
                LayoutTableSection {TBODY} at (3,27) size 142x24
                  LayoutTableRow {TR} at (0,2) size 142x20
                    LayoutTableCell {TD} at (2,2) size 138x20 [r=0 c=0 rs=1 cs=1]
                      LayoutText {#text} at (1,1) size 136x18
                        text run at (1,1) width 136: "table cell foo and bar"
