layer at (0,0) size 800x600
  LayoutView at (0,0) size 800x600
layer at (0,0) size 800x600
  LayoutBlockFlow {HTML} at (0,0) size 800x600
    LayoutBlockFlow {BODY} at (8,8) size 784x584
      LayoutTable {TABLE} at (0,0) size 600x18
        LayoutTableSection {TBODY} at (0,0) size 600x18
          LayoutTableRow {TR} at (0,0) size 600x18
            LayoutTableCell {TD} at (0,0) size 600x18 [bgcolor=#000000] [r=0 c=0 rs=1 cs=1]
              LayoutBlockFlow {DIV} at (0,0) size 600x18 [color=#FFFFFF]
                LayoutBlockFlow {P} at (0,0) size 600x18
                  LayoutText {#text} at (0,0) size 50x18
                    text run at (0,0) width 50: "fooobar"
