layer at (0,0) size 800x600
  LayoutView at (0,0) size 800x600
layer at (0,0) size 800x600
  LayoutBlockFlow {HTML} at (0,0) size 800x600
    LayoutBlockFlow {BODY} at (128,8) size 664x584
      LayoutBlockFlow {P} at (0,0) size 664x18
        LayoutText {#text} at (0,0) size 656x18
          text run at (0,0) width 656: "text text text previous paragraph text text above the table more text text text normal paragraph etc. etc."
      LayoutTable {TABLE} at (253,34) size 158x246
        LayoutBlockFlow {CAPTION} at (-128,0) size 128x90
          LayoutText {#text} at (6,0) size 122x90
            text run at (6,0) width 122: "This is the caption."
            text run at (69,18) width 59: "It is right"
            text run at (46,36) width 82: "aligned.Also"
            text run at (41,54) width 87: "aligned at the"
            text run at (82,72) width 46: "bottom"
        LayoutTableSection {TBODY} at (0,90) size 158x156
          LayoutTableRow {TR} at (0,2) size 158x20
            LayoutTableCell {TH} at (2,2) size 50x20 [r=0 c=0 rs=1 cs=1]
              LayoutText {#text} at (1,1) size 48x18
                text run at (1,1) width 48: "header"
            LayoutTableCell {TH} at (54,2) size 50x20 [r=0 c=1 rs=1 cs=1]
              LayoutText {#text} at (1,1) size 48x18
                text run at (1,1) width 48: "header"
            LayoutTableCell {TH} at (106,2) size 50x20 [r=0 c=2 rs=1 cs=1]
              LayoutText {#text} at (1,1) size 48x18
                text run at (1,1) width 48: "header"
          LayoutTableRow {TR} at (0,24) size 158x20
            LayoutTableCell {TD} at (2,24) size 50x20 [r=1 c=0 rs=1 cs=1]
              LayoutText {#text} at (1,1) size 24x18
                text run at (1,1) width 24: "cell"
            LayoutTableCell {TD} at (54,24) size 50x20 [r=1 c=1 rs=1 cs=1]
              LayoutText {#text} at (1,1) size 24x18
                text run at (1,1) width 24: "cell"
            LayoutTableCell {TD} at (106,24) size 50x20 [r=1 c=2 rs=1 cs=1]
              LayoutText {#text} at (1,1) size 24x18
                text run at (1,1) width 24: "cell"
          LayoutTableRow {TR} at (0,46) size 158x20
            LayoutTableCell {TD} at (2,46) size 50x20 [r=2 c=0 rs=1 cs=1]
              LayoutText {#text} at (1,1) size 24x18
                text run at (1,1) width 24: "cell"
            LayoutTableCell {TD} at (54,46) size 50x20 [r=2 c=1 rs=1 cs=1]
              LayoutText {#text} at (1,1) size 24x18
                text run at (1,1) width 24: "cell"
            LayoutTableCell {TD} at (106,46) size 50x20 [r=2 c=2 rs=1 cs=1]
              LayoutText {#text} at (1,1) size 24x18
                text run at (1,1) width 24: "cell"
          LayoutTableRow {TR} at (0,68) size 158x20
            LayoutTableCell {TD} at (2,68) size 50x20 [r=3 c=0 rs=1 cs=1]
              LayoutText {#text} at (1,1) size 24x18
                text run at (1,1) width 24: "cell"
            LayoutTableCell {TD} at (54,68) size 50x20 [r=3 c=1 rs=1 cs=1]
              LayoutText {#text} at (1,1) size 24x18
                text run at (1,1) width 24: "cell"
            LayoutTableCell {TD} at (106,68) size 50x20 [r=3 c=2 rs=1 cs=1]
              LayoutText {#text} at (1,1) size 24x18
                text run at (1,1) width 24: "cell"
          LayoutTableRow {TR} at (0,90) size 158x20
            LayoutTableCell {TD} at (2,90) size 50x20 [r=4 c=0 rs=1 cs=1]
              LayoutText {#text} at (1,1) size 24x18
                text run at (1,1) width 24: "cell"
            LayoutTableCell {TD} at (54,90) size 50x20 [r=4 c=1 rs=1 cs=1]
              LayoutText {#text} at (1,1) size 24x18
                text run at (1,1) width 24: "cell"
            LayoutTableCell {TD} at (106,90) size 50x20 [r=4 c=2 rs=1 cs=1]
              LayoutText {#text} at (1,1) size 24x18
                text run at (1,1) width 24: "cell"
          LayoutTableRow {TR} at (0,112) size 158x20
            LayoutTableCell {TD} at (2,112) size 50x20 [r=5 c=0 rs=1 cs=1]
              LayoutText {#text} at (1,1) size 24x18
                text run at (1,1) width 24: "cell"
            LayoutTableCell {TD} at (54,112) size 50x20 [r=5 c=1 rs=1 cs=1]
              LayoutText {#text} at (1,1) size 24x18
                text run at (1,1) width 24: "cell"
            LayoutTableCell {TD} at (106,112) size 50x20 [r=5 c=2 rs=1 cs=1]
              LayoutText {#text} at (1,1) size 24x18
                text run at (1,1) width 24: "cell"
          LayoutTableRow {TR} at (0,134) size 158x20
            LayoutTableCell {TD} at (2,134) size 50x20 [r=6 c=0 rs=1 cs=1]
              LayoutText {#text} at (1,1) size 24x18
                text run at (1,1) width 24: "cell"
            LayoutTableCell {TD} at (54,134) size 50x20 [r=6 c=1 rs=1 cs=1]
              LayoutText {#text} at (1,1) size 24x18
                text run at (1,1) width 24: "cell"
            LayoutTableCell {TD} at (106,134) size 50x20 [r=6 c=2 rs=1 cs=1]
              LayoutText {#text} at (1,1) size 24x18
                text run at (1,1) width 24: "cell"
