layer at (0,0) size 800x600
  LayoutView at (0,0) size 800x600
layer at (0,0) size 800x600
  LayoutBlockFlow {HTML} at (0,0) size 800x600
    LayoutBlockFlow {BODY} at (8,8) size 784x584
      LayoutTable {TABLE} at (189,0) size 406x54 [border: (3px solid #008000)]
        LayoutBlockFlow {CAPTION} at (0,0) size 406x24 [border: (3px solid #FFA500)]
          LayoutText {#text} at (191,3) size 24x18
            text run at (191,3) width 24: "cap"
        LayoutTableSection {TBODY} at (3,27) size 400x24
          LayoutTableRow {TR} at (0,2) size 400x20
            LayoutTableCell {TD} at (2,2) size 396x20 [r=0 c=0 rs=1 cs=1]
              LayoutText {#text} at (1,1) size 59x18
                text run at (1,1) width 59: "table cell"
