layer at (0,0) size 800x600
  LayoutView at (0,0) size 800x600
layer at (0,0) size 800x600
  LayoutBlockFlow {HTML} at (0,0) size 800x600
    LayoutBlockFlow {BODY} at (8,8) size 784x584 [bgcolor=#FFFFFF]
      LayoutTable {TABLE} at (0,0) size 200x54 [border: (3px solid #008000)]
        LayoutBlockFlow {CAPTION} at (0,0) size 56x24 [border: (3px solid #FFA500)]
          LayoutText {#text} at (16,3) size 24x18
            text run at (16,3) width 24: "cap"
        LayoutTableSection {TBODY} at (3,27) size 194x24
          LayoutTableRow {TR} at (0,2) size 194x20
            LayoutTableCell {TD} at (2,2) size 190x20 [r=0 c=0 rs=1 cs=1]
              LayoutText {#text} at (1,1) size 32x18
                text run at (1,1) width 32: "table"
