layer at (0,0) size 800x600
  LayoutView at (0,0) size 800x600
layer at (0,0) size 800x600
  LayoutBlockFlow {HTML} at (0,0) size 800x600
    LayoutBlockFlow {BODY} at (8,8) size 784x584
      LayoutTable {TABLE} at (356.50,0) size 71x54 [border: (3px solid #008000)]
        LayoutBlockFlow {CAPTION} at (0,0) size 20.19x24 [border: (3px solid #FFA500)]
          LayoutText {#text} at (3,3) size 23x18
            text run at (3,3) width 23: "cap"
        LayoutTableSection {TBODY} at (3,27) size 65x24
          LayoutTableRow {TR} at (0,2) size 65x20
            LayoutTableCell {TD} at (2,2) size 61x20 [r=0 c=0 rs=1 cs=1]
              LayoutText {#text} at (1,1) size 59x18
                text run at (1,1) width 59: "table cell"
