layer at (0,0) size 800x600
  LayoutView at (0,0) size 800x600
layer at (0,0) size 800x375
  LayoutBlockFlow {HTML} at (0,0) size 800x375.34
    LayoutBlockFlow {BODY} at (8,22.17) size 784x345.17
      LayoutBlockFlow {H5} at (0,0) size 784x15
        LayoutText {#text} at (0,0) size 206x15
          text run at (0,0) width 206: "table - color, tbodies color, row color"
      LayoutTable {TABLE} at (0,37.17) size 188x308 [bgcolor=#FFA500] [border: (1px outset #808080)]
        LayoutTableSection {TBODY} at (41,41) size 106x164 [bgcolor=#FF0000]
          LayoutTableRow {TR} at (0,40) size 106x22 [bgcolor=#FFFF00]
            LayoutTableCell {TD} at (40,40) size 26x22 [border: (1px inset #808080)] [r=0 c=0 rs=1 cs=1]
              LayoutText {#text} at (2,2) size 22x18
                text run at (2,2) width 22: "foo"
          LayoutTableRow {TR} at (0,102) size 106x22
            LayoutTableCell {TD} at (40,102) size 26x22 [border: (1px inset #808080)] [r=1 c=0 rs=1 cs=1]
              LayoutText {#text} at (2,2) size 22x18
                text run at (2,2) width 22: "foo"
        LayoutTableSection {TBODY} at (41,205) size 106x62 [bgcolor=#008000]
          LayoutTableRow {TR} at (0,0) size 106x22
            LayoutTableCell {TD} at (40,0) size 26x22 [border: (1px inset #808080)] [r=0 c=0 rs=1 cs=1]
              LayoutText {#text} at (2,2) size 22x18
                text run at (2,2) width 22: "foo"
