layer at (0,0) size 800x600
  LayoutView at (0,0) size 800x600
layer at (0,0) size 800x84
  LayoutBlockFlow {HTML} at (0,0) size 800x84
    LayoutBlockFlow {BODY} at (8,8) size 784x68
      LayoutTable {TABLE} at (0,0) size 784x68
        LayoutTableCol {COLGROUP} at (0,0) size 0x0
          LayoutTableCol {COL} at (0,0) size 0x0
          LayoutTableCol {COL} at (0,0) size 0x0
          LayoutTableCol {COL} at (0,0) size 0x0
          LayoutTableCol {COL} at (0,0) size 0x0
          LayoutTableCol {COL} at (0,0) size 0x0
        LayoutTableSection {TBODY} at (0,0) size 784x68
          LayoutTableRow {TR} at (0,0) size 784x68
            LayoutTableCell {TD} at (0,34) size 26x0 [r=0 c=0 rs=1 cs=1]
            LayoutTableCell {TD} at (26,0) size 758x68 [r=0 c=1 rs=1 cs=2]
              LayoutBlockFlow {P} at (0,16) size 758x36
                LayoutText {#text} at (0,0) size 715x36
                  text run at (0,0) width 715: "Nach der Pruefung der Daten, (Normalerweise benoetigen wir f\x{FC}r die Pruefung nur wenige Minuten, aber wenn"
                  text run at (0,18) width 447: "einmal besonders viel los ist, kann es auch ein wenig laenger dauern.)"
