layer at (0,0) size 800x600
  LayoutView at (0,0) size 800x600
layer at (0,0) size 800x600
  LayoutBlockFlow {HTML} at (0,0) size 800x600
    LayoutBlockFlow {BODY} at (8,8) size 784x584
      LayoutBlockFlow {P} at (0,0) size 784x18
        LayoutText {#text} at (0,0) size 136x18
          text run at (0,0) width 136: "A paragraph of text"
      LayoutTable {TABLE} at (0,34) size 280x340 [border: (1px outset #808080)]
        LayoutTableSection {THEAD} at (1,1) size 278x26
          LayoutTableRow {TR} at (0,2) size 278x22
            LayoutTableCell {TH} at (2,2) size 67x22 [border: (1px inset #808080)] [r=0 c=0 rs=1 cs=1]
              LayoutText {#text} at (2,2) size 63x18
                text run at (2,2) width 63: "column 1"
            LayoutTableCell {TH} at (71,2) size 67x22 [border: (1px inset #808080)] [r=0 c=1 rs=1 cs=1]
              LayoutText {#text} at (2,2) size 63x18
                text run at (2,2) width 63: "column 2"
            LayoutTableCell {TH} at (140,2) size 67x22 [border: (1px inset #808080)] [r=0 c=2 rs=1 cs=1]
              LayoutText {#text} at (2,2) size 63x18
                text run at (2,2) width 63: "column 3"
            LayoutTableCell {TH} at (209,2) size 67x22 [border: (1px inset #808080)] [r=0 c=3 rs=1 cs=1]
              LayoutText {#text} at (2,2) size 63x18
                text run at (2,2) width 63: "column 4"
        LayoutTableSection {TBODY} at (1,27) size 278x312
          LayoutTableRow {TR} at (0,0) size 278x22
            LayoutTableCell {TD} at (2,0) size 67x22 [border: (1px inset #808080)] [r=0 c=0 rs=1 cs=1]
              LayoutText {#text} at (2,2) size 24x18
                text run at (2,2) width 24: "one"
            LayoutTableCell {TD} at (71,0) size 67x22 [border: (1px inset #808080)] [r=0 c=1 rs=1 cs=1]
              LayoutText {#text} at (2,2) size 24x18
                text run at (2,2) width 24: "two"
            LayoutTableCell {TD} at (140,0) size 67x22 [border: (1px inset #808080)] [r=0 c=2 rs=1 cs=1]
              LayoutText {#text} at (2,2) size 32x18
                text run at (2,2) width 32: "three"
            LayoutTableCell {TD} at (209,0) size 67x22 [border: (1px inset #808080)] [r=0 c=3 rs=1 cs=1]
              LayoutText {#text} at (2,2) size 27x18
                text run at (2,2) width 27: "four"
          LayoutTableRow {TR} at (0,24) size 278x22
            LayoutTableCell {TD} at (2,24) size 67x22 [border: (1px inset #808080)] [r=1 c=0 rs=1 cs=1]
              LayoutText {#text} at (2,2) size 24x18
                text run at (2,2) width 24: "one"
            LayoutTableCell {TD} at (71,24) size 67x22 [border: (1px inset #808080)] [r=1 c=1 rs=1 cs=1]
              LayoutText {#text} at (2,2) size 24x18
                text run at (2,2) width 24: "two"
            LayoutTableCell {TD} at (140,24) size 67x22 [border: (1px inset #808080)] [r=1 c=2 rs=1 cs=1]
              LayoutText {#text} at (2,2) size 32x18
                text run at (2,2) width 32: "three"
            LayoutTableCell {TD} at (209,24) size 67x22 [border: (1px inset #808080)] [r=1 c=3 rs=1 cs=1]
              LayoutText {#text} at (2,2) size 27x18
                text run at (2,2) width 27: "four"
          LayoutTableRow {TR} at (0,48) size 278x22
            LayoutTableCell {TD} at (2,48) size 67x22 [border: (1px inset #808080)] [r=2 c=0 rs=1 cs=1]
              LayoutText {#text} at (2,2) size 24x18
                text run at (2,2) width 24: "one"
            LayoutTableCell {TD} at (71,48) size 67x22 [border: (1px inset #808080)] [r=2 c=1 rs=1 cs=1]
              LayoutText {#text} at (2,2) size 24x18
                text run at (2,2) width 24: "two"
            LayoutTableCell {TD} at (140,48) size 67x22 [border: (1px inset #808080)] [r=2 c=2 rs=1 cs=1]
              LayoutText {#text} at (2,2) size 32x18
                text run at (2,2) width 32: "three"
            LayoutTableCell {TD} at (209,48) size 67x22 [border: (1px inset #808080)] [r=2 c=3 rs=1 cs=1]
              LayoutText {#text} at (2,2) size 27x18
                text run at (2,2) width 27: "four"
          LayoutTableRow {TR} at (0,72) size 278x22
            LayoutTableCell {TD} at (2,72) size 67x22 [border: (1px inset #808080)] [r=3 c=0 rs=1 cs=1]
              LayoutText {#text} at (2,2) size 24x18
                text run at (2,2) width 24: "one"
            LayoutTableCell {TD} at (71,72) size 67x22 [border: (1px inset #808080)] [r=3 c=1 rs=1 cs=1]
              LayoutText {#text} at (2,2) size 24x18
                text run at (2,2) width 24: "two"
            LayoutTableCell {TD} at (140,72) size 67x22 [border: (1px inset #808080)] [r=3 c=2 rs=1 cs=1]
              LayoutText {#text} at (2,2) size 32x18
                text run at (2,2) width 32: "three"
            LayoutTableCell {TD} at (209,72) size 67x22 [border: (1px inset #808080)] [r=3 c=3 rs=1 cs=1]
              LayoutText {#text} at (2,2) size 27x18
                text run at (2,2) width 27: "four"
          LayoutTableRow {TR} at (0,96) size 278x22
            LayoutTableCell {TD} at (2,96) size 67x22 [border: (1px inset #808080)] [r=4 c=0 rs=1 cs=1]
              LayoutText {#text} at (2,2) size 24x18
                text run at (2,2) width 24: "one"
            LayoutTableCell {TD} at (71,96) size 67x22 [border: (1px inset #808080)] [r=4 c=1 rs=1 cs=1]
              LayoutText {#text} at (2,2) size 24x18
                text run at (2,2) width 24: "two"
            LayoutTableCell {TD} at (140,96) size 67x22 [border: (1px inset #808080)] [r=4 c=2 rs=1 cs=1]
              LayoutText {#text} at (2,2) size 32x18
                text run at (2,2) width 32: "three"
            LayoutTableCell {TD} at (209,96) size 67x22 [border: (1px inset #808080)] [r=4 c=3 rs=1 cs=1]
              LayoutText {#text} at (2,2) size 27x18
                text run at (2,2) width 27: "four"
          LayoutTableRow {TR} at (0,120) size 278x22
            LayoutTableCell {TD} at (2,120) size 67x22 [border: (1px inset #808080)] [r=5 c=0 rs=1 cs=1]
              LayoutText {#text} at (2,2) size 24x18
                text run at (2,2) width 24: "one"
            LayoutTableCell {TD} at (71,120) size 67x22 [border: (1px inset #808080)] [r=5 c=1 rs=1 cs=1]
              LayoutText {#text} at (2,2) size 24x18
                text run at (2,2) width 24: "two"
            LayoutTableCell {TD} at (140,120) size 67x22 [border: (1px inset #808080)] [r=5 c=2 rs=1 cs=1]
              LayoutText {#text} at (2,2) size 32x18
                text run at (2,2) width 32: "three"
            LayoutTableCell {TD} at (209,120) size 67x22 [border: (1px inset #808080)] [r=5 c=3 rs=1 cs=1]
              LayoutText {#text} at (2,2) size 27x18
                text run at (2,2) width 27: "four"
          LayoutTableRow {TR} at (0,144) size 278x22
            LayoutTableCell {TD} at (2,144) size 67x22 [border: (1px inset #808080)] [r=6 c=0 rs=1 cs=1]
              LayoutText {#text} at (2,2) size 24x18
                text run at (2,2) width 24: "one"
            LayoutTableCell {TD} at (71,144) size 67x22 [border: (1px inset #808080)] [r=6 c=1 rs=1 cs=1]
              LayoutText {#text} at (2,2) size 24x18
                text run at (2,2) width 24: "two"
            LayoutTableCell {TD} at (140,144) size 67x22 [border: (1px inset #808080)] [r=6 c=2 rs=1 cs=1]
              LayoutText {#text} at (2,2) size 32x18
                text run at (2,2) width 32: "three"
            LayoutTableCell {TD} at (209,144) size 67x22 [border: (1px inset #808080)] [r=6 c=3 rs=1 cs=1]
              LayoutText {#text} at (2,2) size 27x18
                text run at (2,2) width 27: "four"
          LayoutTableRow {TR} at (0,168) size 278x22
            LayoutTableCell {TD} at (2,168) size 67x22 [border: (1px inset #808080)] [r=7 c=0 rs=1 cs=1]
              LayoutText {#text} at (2,2) size 24x18
                text run at (2,2) width 24: "one"
            LayoutTableCell {TD} at (71,168) size 67x22 [border: (1px inset #808080)] [r=7 c=1 rs=1 cs=1]
              LayoutText {#text} at (2,2) size 24x18
                text run at (2,2) width 24: "two"
            LayoutTableCell {TD} at (140,168) size 67x22 [border: (1px inset #808080)] [r=7 c=2 rs=1 cs=1]
              LayoutText {#text} at (2,2) size 32x18
                text run at (2,2) width 32: "three"
            LayoutTableCell {TD} at (209,168) size 67x22 [border: (1px inset #808080)] [r=7 c=3 rs=1 cs=1]
              LayoutText {#text} at (2,2) size 27x18
                text run at (2,2) width 27: "four"
          LayoutTableRow {TR} at (0,192) size 278x22
            LayoutTableCell {TD} at (2,192) size 67x22 [border: (1px inset #808080)] [r=8 c=0 rs=1 cs=1]
              LayoutText {#text} at (2,2) size 24x18
                text run at (2,2) width 24: "one"
            LayoutTableCell {TD} at (71,192) size 67x22 [border: (1px inset #808080)] [r=8 c=1 rs=1 cs=1]
              LayoutText {#text} at (2,2) size 24x18
                text run at (2,2) width 24: "two"
            LayoutTableCell {TD} at (140,192) size 67x22 [border: (1px inset #808080)] [r=8 c=2 rs=1 cs=1]
              LayoutText {#text} at (2,2) size 32x18
                text run at (2,2) width 32: "three"
            LayoutTableCell {TD} at (209,192) size 67x22 [border: (1px inset #808080)] [r=8 c=3 rs=1 cs=1]
              LayoutText {#text} at (2,2) size 27x18
                text run at (2,2) width 27: "four"
          LayoutTableRow {TR} at (0,216) size 278x22
            LayoutTableCell {TD} at (2,216) size 67x22 [border: (1px inset #808080)] [r=9 c=0 rs=1 cs=1]
              LayoutText {#text} at (2,2) size 24x18
                text run at (2,2) width 24: "one"
            LayoutTableCell {TD} at (71,216) size 67x22 [border: (1px inset #808080)] [r=9 c=1 rs=1 cs=1]
              LayoutText {#text} at (2,2) size 24x18
                text run at (2,2) width 24: "two"
            LayoutTableCell {TD} at (140,216) size 67x22 [border: (1px inset #808080)] [r=9 c=2 rs=1 cs=1]
              LayoutText {#text} at (2,2) size 32x18
                text run at (2,2) width 32: "three"
            LayoutTableCell {TD} at (209,216) size 67x22 [border: (1px inset #808080)] [r=9 c=3 rs=1 cs=1]
              LayoutText {#text} at (2,2) size 27x18
                text run at (2,2) width 27: "four"
          LayoutTableRow {TR} at (0,240) size 278x22
            LayoutTableCell {TD} at (2,240) size 67x22 [border: (1px inset #808080)] [r=10 c=0 rs=1 cs=1]
              LayoutText {#text} at (2,2) size 24x18
                text run at (2,2) width 24: "one"
            LayoutTableCell {TD} at (71,240) size 67x22 [border: (1px inset #808080)] [r=10 c=1 rs=1 cs=1]
              LayoutText {#text} at (2,2) size 24x18
                text run at (2,2) width 24: "two"
            LayoutTableCell {TD} at (140,240) size 67x22 [border: (1px inset #808080)] [r=10 c=2 rs=1 cs=1]
              LayoutText {#text} at (2,2) size 32x18
                text run at (2,2) width 32: "three"
            LayoutTableCell {TD} at (209,240) size 67x22 [border: (1px inset #808080)] [r=10 c=3 rs=1 cs=1]
              LayoutText {#text} at (2,2) size 27x18
                text run at (2,2) width 27: "four"
          LayoutTableRow {TR} at (0,264) size 278x22
            LayoutTableCell {TD} at (2,264) size 67x22 [border: (1px inset #808080)] [r=11 c=0 rs=1 cs=1]
              LayoutText {#text} at (2,2) size 24x18
                text run at (2,2) width 24: "one"
            LayoutTableCell {TD} at (71,264) size 67x22 [border: (1px inset #808080)] [r=11 c=1 rs=1 cs=1]
              LayoutText {#text} at (2,2) size 24x18
                text run at (2,2) width 24: "two"
            LayoutTableCell {TD} at (140,264) size 67x22 [border: (1px inset #808080)] [r=11 c=2 rs=1 cs=1]
              LayoutText {#text} at (2,2) size 32x18
                text run at (2,2) width 32: "three"
            LayoutTableCell {TD} at (209,264) size 67x22 [border: (1px inset #808080)] [r=11 c=3 rs=1 cs=1]
              LayoutText {#text} at (2,2) size 27x18
                text run at (2,2) width 27: "four"
          LayoutTableRow {TR} at (0,288) size 278x22
            LayoutTableCell {TD} at (2,288) size 67x22 [border: (1px inset #808080)] [r=12 c=0 rs=1 cs=1]
              LayoutText {#text} at (2,2) size 24x18
                text run at (2,2) width 24: "one"
            LayoutTableCell {TD} at (71,288) size 67x22 [border: (1px inset #808080)] [r=12 c=1 rs=1 cs=1]
              LayoutText {#text} at (2,2) size 24x18
                text run at (2,2) width 24: "two"
            LayoutTableCell {TD} at (140,288) size 67x22 [border: (1px inset #808080)] [r=12 c=2 rs=1 cs=1]
              LayoutText {#text} at (2,2) size 32x18
                text run at (2,2) width 32: "three"
            LayoutTableCell {TD} at (209,288) size 67x22 [border: (1px inset #808080)] [r=12 c=3 rs=1 cs=1]
              LayoutText {#text} at (2,2) size 27x18
                text run at (2,2) width 27: "four"
