layer at (0,0) size 800x600
  LayoutView at (0,0) size 800x600
layer at (0,0) size 800x600
  LayoutBlockFlow {HTML} at (0,0) size 800x600
    LayoutBlockFlow {BODY} at (8,8) size 784x584
      LayoutTable {TABLE} at (0,0) size 504x108 [border: (3px outset #808080)]
        LayoutTableSection {TBODY} at (3,3) size 498x102
          LayoutTableRow {TR} at (0,2) size 498x98
            LayoutTableCell {TD} at (2,2) size 494x98 [border: (1px inset #808080)] [r=0 c=0 rs=1 cs=1]
              LayoutTable {TABLE} at (2,2) size 500x94 [border: (2px outset #808080)]
                LayoutTableSection {TBODY} at (2,2) size 496x90
                  LayoutTableRow {TR} at (0,2) size 496x86
                    LayoutTableCell {TD} at (2,2) size 422x86 [border: (1px inset #808080)] [r=0 c=0 rs=1 cs=1]
                      LayoutTable {TABLE} at (11,11) size 400x64 [border: (1px outset #808080)]
                        LayoutTableSection {TBODY} at (1,1) size 398x62
                          LayoutTableRow {TR} at (0,2) size 398x58
                            LayoutTableCell {TD} at (2,2) size 394x58 [border: (1px inset #808080)] [r=0 c=0 rs=1 cs=1]
                              LayoutText {#text} at (2,2) size 368x54
                                text run at (2,2) width 368: "Have a tip or rumor to share? Just click on the icon and if"
                                text run at (2,20) width 368: "you get a BrowserWatch net.fame be sure and display the"
                                text run at (2,38) width 276: "icon on your own home page for all to see!"
                    LayoutTableCell {TD} at (426,25) size 68x40 [border: (1px inset #808080)] [r=0 c=1 rs=1 cs=1]
                      LayoutText {#text} at (11,11) size 22x18
                        text run at (11,11) width 22: "foo"
