layer at (0,0) size 800x600
  LayoutView at (0,0) size 800x600
layer at (0,0) size 800x96
  LayoutBlockFlow {HTML} at (0,0) size 800x96
    LayoutBlockFlow {BODY} at (8,8) size 784x80
      LayoutTable {TABLE} at (0,0) size 400x80 [border: (1px outset #808080)]
        LayoutTableSection {TBODY} at (1,1) size 398x78
          LayoutTableRow {TR} at (0,0) size 398x78
            LayoutTableCell {TD} at (0,0) size 302x78 [border: (1px inset #808080)] [r=0 c=0 rs=1 cs=2]
              LayoutTable {TABLE} at (1,1) size 300x76 [border: (1px outset #808080)]
                LayoutTableSection {TBODY} at (1,1) size 298x74
                  LayoutTableRow {TR} at (0,0) size 298x74
                    LayoutTableCell {TD} at (0,0) size 298x74 [border: (1px inset #808080)] [r=0 c=0 rs=1 cs=1]
                      LayoutText {#text} at (1,1) size 294x72
                        text run at (1,1) width 284: "Presidential candidates George W. Bush and"
                        text run at (1,19) width 250: "Al Gore are expected to show a kinder,"
                        text run at (1,37) width 294: "gentler side Wednesday in the second of three"
                        text run at (1,55) width 185: "nationally televised debates. "
                      LayoutBR {BR} at (185,69) size 1x0
            LayoutTableCell {TD} at (302,2) size 96x74 [border: (1px inset #808080)] [r=0 c=2 rs=1 cs=1]
              LayoutBlockFlow (anonymous) at (1,1) size 94x72
                LayoutInline {FONT} at (0,0) size 84x72 [color=#CC3333]
                  LayoutText {#text} at (0,0) size 84x72
                    text run at (0,0) width 71: "Avon.com:"
                    text run at (0,18) width 80: "Fall makeup"
                    text run at (0,36) width 84: "sale. Save up"
                    text run at (0,54) width 50: "to 47%."
              LayoutBlockFlow (anonymous) at (1,73) size 94x0
                LayoutBlockFlow {FORM} at (0,0) size 94x0 [color=#CC3333]
              LayoutBlockFlow (anonymous) at (1,73) size 94x0
                LayoutInline {FONT} at (0,0) size 0x0 [color=#CC3333]
