layer at (0,0) size 800x600
  LayoutView at (0,0) size 800x600
layer at (0,0) size 800x600
  LayoutBlockFlow {HTML} at (0,0) size 800x600
    LayoutBlockFlow {BODY} at (8,8) size 784x584
      LayoutBlockFlow {P} at (0,0) size 784x18
        LayoutText {#text} at (0,0) size 371x18
          text run at (0,0) width 371: "300xp height value set on THEAD, TBODY, and TFOOT"
      LayoutTable {TABLE} at (0,34) size 250x76 [border: (1px outset #808080)]
        LayoutTableSection {THEAD} at (1,1) size 248x26
          LayoutTableRow {TR} at (0,2) size 248x22
            LayoutTableCell {TH} at (2,2) size 244x22 [border: (1px inset #808080)] [r=0 c=0 rs=1 cs=1]
              LayoutText {#text} at (2,2) size 240x18
                text run at (2,2) width 240: "This THEAD should be 300px high"
        LayoutTableSection {TFOOT} at (1,51) size 248x24
          LayoutTableRow {TR} at (0,0) size 248x22
            LayoutTableCell {TD} at (2,0) size 244x22 [border: (1px inset #808080)] [r=0 c=0 rs=1 cs=1]
              LayoutText {#text} at (2,2) size 227x18
                text run at (2,2) width 227: "This TFOOT should be 300px high"
        LayoutTableSection {TBODY} at (1,27) size 248x24
          LayoutTableRow {TR} at (0,0) size 248x22
            LayoutTableCell {TD} at (2,0) size 244x22 [border: (1px inset #808080)] [r=0 c=0 rs=1 cs=1]
              LayoutText {#text} at (2,2) size 235x18
                text run at (2,2) width 235: "This TBODY should be 300px hight"
