layer at (0,0) size 800x600
  LayoutView at (0,0) size 800x600
layer at (0,0) size 800x600
  LayoutBlockFlow {HTML} at (0,0) size 800x600
    LayoutBlockFlow {BODY} at (8,8) size 784x584
      LayoutTable {TABLE} at (0,0) size 197x246 [bgcolor=#FF0000] [border: (1px outset #808080)]
        LayoutTableSection {TBODY} at (1,1) size 195x244
          LayoutTableRow {TR} at (0,20) size 195x92
            LayoutTableCell {TD} at (20,55) size 31x22 [border: (1px inset #808080)] [r=0 c=0 rs=1 cs=1]
              LayoutText {#text} at (2,2) size 27x18
                text run at (2,2) width 27: "Cell"
            LayoutTableCell {TD} at (71,20) size 104x204 [border: (1px inset #808080)] [r=0 c=1 rs=2 cs=1]
              LayoutImage {IMG} at (2,2) size 100x200
              LayoutText {#text} at (0,0) size 0x0
          LayoutTableRow {TR} at (0,132) size 195x92
            LayoutTableCell {TD} at (20,167) size 31x22 [border: (1px inset #808080)] [r=1 c=0 rs=1 cs=1]
              LayoutText {#text} at (2,2) size 27x18
                text run at (2,2) width 27: "Cell"
