layer at (0,0) size 800x600
  LayoutView at (0,0) size 800x600
layer at (0,0) size 800x150
  LayoutBlockFlow {HTML} at (0,0) size 800x150
    LayoutBlockFlow {BODY} at (8,8) size 784x134
      LayoutBlockFlow {DIV} at (0,0) size 784x134
        LayoutTable {TABLE} at (78.50,0) size 627x134 [bgcolor=#0000FF] [border: (1px outset #808080)]
          LayoutTableSection {TBODY} at (1,1) size 625x132
            LayoutTableRow {TR} at (0,2) size 625x128
              LayoutTableCell {TD} at (2,2) size 621x128 [border: (1px inset #808080)] [r=0 c=0 rs=1 cs=1]
                LayoutBlockFlow (anonymous) at (2,2) size 617x18
                  LayoutText {#text} at (0,0) size 41x18
                    text run at (0,0) width 41: "before"
                LayoutTable {TABLE} at (2,20) size 617x88 [bgcolor=#FF0000] [border: (1px outset #808080)]
                  LayoutTableSection {TBODY} at (1,1) size 615x86
                    LayoutTableRow {TR} at (0,2) size 615x22
                      LayoutTableCell {TD} at (2,2) size 385x22 [border: (1px inset #808080)] [r=0 c=0 rs=1 cs=1]
                        LayoutText {#text} at (2,2) size 273x18
                          text run at (2,2) width 273: "This is some text. This is some text. Cell 1"
                      LayoutTableCell {TD} at (389,2) size 224x22 [border: (1px inset #808080)] [r=0 c=1 rs=1 cs=1]
                        LayoutText {#text} at (2,2) size 156x18
                          text run at (2,2) width 156: "This is some text. Cell 2"
                    LayoutTableRow {TR} at (0,26) size 615x58
                      LayoutTableCell {TD} at (2,26) size 611x58 [border: (1px inset #808080)] [r=1 c=0 rs=1 cs=2]
                        LayoutText {#text} at (2,2) size 580x54
                          text run at (2,2) width 580: "This is some text. This is some text. This is some text. This is some text. This is some text."
                          text run at (2,20) width 580: "This is some text. This is some text. This is some text. This is some text. This is some text."
                          text run at (2,38) width 463: "This is some text. This is some text. This is some text. This is some text."
                LayoutBlockFlow (anonymous) at (2,108) size 617x18
                  LayoutText {#text} at (0,0) size 30x18
                    text run at (0,0) width 30: "after"
