layer at (0,0) size 800x600 scrollWidth 948
  LayoutView at (0,0) size 800x600
layer at (0,0) size 800x600
  LayoutBlockFlow {HTML} at (0,0) size 800x600
    LayoutBlockFlow {BODY} at (8,8) size 784x584
      LayoutTable {TABLE} at (0,0) size 940x28 [border: (1px outset #808080)]
        LayoutTableSection {TBODY} at (1,1) size 938x26
          LayoutTableRow {TR} at (0,2) size 938x22
            LayoutTableCell {TD} at (2,2) size 934x22 [border: (1px inset #808080)] [r=0 c=0 rs=1 cs=1]
              LayoutText {#text} at (2,2) size 22x18
                text run at (2,2) width 22: "foo"
