layer at (0,0) size 800x600
  LayoutView at (0,0) size 800x600
layer at (0,0) size 800x600
  LayoutBlockFlow {HTML} at (0,0) size 800x600
    LayoutBlockFlow {BODY} at (8,8) size 784x584
      LayoutBlockFlow (anonymous) at (0,0) size 784x18
        LayoutText {#text} at (0,0) size 4x18
          text run at (0,0) width 4: " "
      LayoutTable {TABLE} at (0,18) size 69x52 [border: (1px outset #808080)]
        LayoutTableSection {TBODY} at (1,1) size 67x50
          LayoutTableRow {TR} at (0,2) size 67x10
            LayoutTableCell {TD} at (2,2) size 63x22 [border: (1px inset #808080)] [r=0 c=0 rs=2 cs=1]
              LayoutText {#text} at (2,2) size 59x18
                text run at (2,2) width 59: "First row"
          LayoutTableRow {TR} at (0,14) size 67x10
          LayoutTableRow {TR} at (0,26) size 67x22
            LayoutTableCell {TD} at (2,26) size 63x22 [border: (1px inset #808080)] [r=2 c=0 rs=1 cs=1]
              LayoutText {#text} at (2,2) size 57x18
                text run at (2,2) width 57: "Last row"
      LayoutBlockFlow (anonymous) at (0,70) size 784x18
        LayoutText {#text} at (0,0) size 8x18
          text run at (0,0) width 8: "  "
      LayoutTable {TABLE} at (0,88) size 69x52 [border: (1px outset #808080)]
        LayoutTableSection {TBODY} at (1,1) size 67x50
          LayoutTableRow {TR} at (0,2) size 67x6
            LayoutTableCell {TD} at (2,2) size 63x22 [border: (1px inset #808080)] [r=0 c=0 rs=3 cs=1]
              LayoutText {#text} at (2,2) size 59x18
                text run at (2,2) width 59: "First row"
          LayoutTableRow {TR} at (0,10) size 67x6
          LayoutTableRow {TR} at (0,18) size 67x6
          LayoutTableRow {TR} at (0,26) size 67x22
            LayoutTableCell {TD} at (2,26) size 63x22 [border: (1px inset #808080)] [r=3 c=0 rs=1 cs=1]
              LayoutText {#text} at (2,2) size 57x18
                text run at (2,2) width 57: "Last row"
      LayoutBlockFlow (anonymous) at (0,140) size 784x18
        LayoutText {#text} at (0,0) size 12x18
          text run at (0,0) width 12: "   "
      LayoutTable {TABLE} at (0,158) size 69x52 [border: (1px outset #808080)]
        LayoutTableSection {TBODY} at (1,1) size 67x50
          LayoutTableRow {TR} at (0,2) size 67x4
            LayoutTableCell {TD} at (2,2) size 63x22 [border: (1px inset #808080)] [r=0 c=0 rs=4 cs=1]
              LayoutText {#text} at (2,2) size 59x18
                text run at (2,2) width 59: "First row"
          LayoutTableRow {TR} at (0,8) size 67x4
          LayoutTableRow {TR} at (0,14) size 67x4
          LayoutTableRow {TR} at (0,20) size 67x4
          LayoutTableRow {TR} at (0,26) size 67x22
            LayoutTableCell {TD} at (2,26) size 63x22 [border: (1px inset #808080)] [r=4 c=0 rs=1 cs=1]
              LayoutText {#text} at (2,2) size 57x18
                text run at (2,2) width 57: "Last row"
      LayoutBlockFlow (anonymous) at (0,210) size 784x36
        LayoutBR {BR} at (0,0) size 0x18
        LayoutText {#text} at (0,18) size 110x18
          text run at (0,18) width 110: "an additional test"
      LayoutTable {TABLE} at (0,246) size 33x52 [border: (1px outset #808080)]
        LayoutTableSection {TBODY} at (1,1) size 31x50
          LayoutTableRow {TR} at (0,2) size 31x10
            LayoutTableCell {TD} at (2,2) size 27x22 [border: (1px inset #808080)] [r=0 c=0 rs=2 cs=1]
              LayoutText {#text} at (2,2) size 8x18
                text run at (2,2) width 8: "1"
          LayoutTableRow {TR} at (0,14) size 31x10
          LayoutTableRow {TR} at (0,26) size 31x22
            LayoutTableCell {TD} at (2,26) size 27x22 [border: (1px inset #808080)] [r=2 c=0 rs=1 cs=1]
              LayoutText {#text} at (2,2) size 23x18
                text run at (2,2) width 23: "abc"
