layer at (0,0) size 800x600
  LayoutView at (0,0) size 800x600
layer at (0,0) size 800x600
  LayoutBlockFlow {HTML} at (0,0) size 800x600
    LayoutBlockFlow {BODY} at (8,8) size 784x584
      LayoutTable {TABLE} at (0,0) size 150x28 [border: (1px outset #808080)]
        LayoutTableSection {TBODY} at (1,1) size 148x26
          LayoutTableRow {TR} at (0,2) size 148x22
            LayoutTableCell {TD} at (2,2) size 144x22 [border: (1px inset #808080)] [r=0 c=0 rs=1 cs=4]
              LayoutImage (floating) {IMG} at (124,2) size 18x15
              LayoutImage (floating) {IMG} at (93,2) size 28x15
              LayoutImage (floating) {IMG} at (72,2) size 18x15
              LayoutInline {B} at (0,0) size 67x18
                LayoutInline {B} at (0,0) size 67x18
                  LayoutText {#text} at (2,2) size 67x18
                    text run at (2,2) width 67: "Portfolios"
              LayoutText {#text} at (0,0) size 0x0
      LayoutBlockFlow (anonymous) at (0,28) size 784x18
        LayoutBR {BR} at (0,0) size 0x18
      LayoutTable {TABLE} at (0,46) size 784x30 [bgcolor=#EEEEEE] [border: (1px outset #808080)]
        LayoutTableSection {TBODY} at (1,1) size 782x28
          LayoutTableRow {TR} at (0,0) size 782x28 [bgcolor=#CCCCFF]
            LayoutTableCell {TD} at (0,0) size 782x28 [border: (1px inset #808080)] [r=0 c=0 rs=1 cs=1]
              LayoutInline {A} at (0,0) size 0x0 [color=#0000EE]
                LayoutText {#text} at (0,0) size 0x0
                LayoutImage (floating) {IMG} at (759,5) size 18x15
              LayoutText {#text} at (0,0) size 0x0
              LayoutInline {A} at (0,0) size 0x0 [color=#0000EE]
                LayoutText {#text} at (0,0) size 0x0
                LayoutImage (floating) {IMG} at (728,5) size 28x15
                LayoutText {#text} at (0,0) size 0x0
              LayoutText {#text} at (5,5) size 65x18
                text run at (5,5) width 65: "Some text"
