layer at (0,0) size 800x600
  LayoutView at (0,0) size 800x600
layer at (0,0) size 800x600
  LayoutBlockFlow {HTML} at (0,0) size 800x600
    LayoutBlockFlow {BODY} at (8,8) size 784x584
      LayoutTable {TABLE} at (0,0) size 484x74 [border: (1px outset #808080)]
        LayoutTableSection {TBODY} at (1,1) size 482x72
          LayoutTableRow {TR} at (0,2) size 482x68
            LayoutTableCell {TD} at (2,2) size 288x68 [border: (1px inset #808080)] [r=0 c=0 rs=1 cs=1]
              LayoutBlockFlow (anonymous) at (2,2) size 284x18
                LayoutText {#text} at (0,0) size 260x18
                  text run at (0,0) width 260: "some normal text before the nested table"
              LayoutTable {TABLE} at (52,20) size 269x28 [border: (1px outset #808080)]
                LayoutTableSection {TBODY} at (1,1) size 267x26
                  LayoutTableRow {TR} at (0,2) size 267x22
                    LayoutTableCell {TD} at (2,2) size 263x22 [border: (1px inset #808080)] [r=0 c=0 rs=1 cs=1]
                      LayoutText {#text} at (2,2) size 224x18
                        text run at (2,2) width 224: "selection of words to pad table cell"
              LayoutBlockFlow (anonymous) at (2,48) size 284x18
                LayoutText {#text} at (0,0) size 248x18
                  text run at (0,0) width 248: "some normal text after the nested table"
            LayoutTableCell {TD} at (292,25) size 188x22 [border: (1px inset #808080)] [r=0 c=1 rs=1 cs=1]
              LayoutText {#text} at (2,2) size 184x18
                text run at (2,2) width 184: "contents of table cell to right"
      LayoutTable {TABLE} at (0,74) size 42x38 [border: (1px outset #808080)]
        LayoutTableSection {TBODY} at (1,1) size 40x36
          LayoutTableRow {TR} at (0,2) size 40x32
            LayoutTableCell {TD} at (2,2) size 36x32 [border: (1px inset #808080)] [r=0 c=0 rs=1 cs=1]
              LayoutTable {TABLE} at (2,2) size 38x28 [border: (1px outset #808080)]
                LayoutTableSection {TBODY} at (1,1) size 36x26
                  LayoutTableRow {TR} at (0,2) size 36x22
                    LayoutTableCell {TD} at (2,2) size 32x22 [border: (1px inset #808080)] [r=0 c=0 rs=1 cs=1]
                      LayoutText {#text} at (2,2) size 22x18
                        text run at (2,2) width 22: "foo"
