layer at (0,0) size 800x600
  LayoutView at (0,0) size 800x600
layer at (0,0) size 800x600
  LayoutBlockFlow {HTML} at (0,0) size 800x600
    LayoutBlockFlow {BODY} at (8,8) size 784x584
      LayoutTable {TABLE} at (0,0) size 332x44 [border: (1px outset #808080)]
        LayoutTableCol {COLGROUP} at (0,0) size 0x0
          LayoutTableCol {COL} at (0,0) size 0x0
          LayoutTableCol {COL} at (0,0) size 0x0
        LayoutTableSection {TBODY} at (1,1) size 330x42
          LayoutTableRow {TR} at (0,10) size 330x22
            LayoutTableCell {TD} at (10,10) size 100x22 [border: (1px inset #808080)] [r=0 c=0 rs=1 cs=1]
              LayoutText {#text} at (2,2) size 22x18
                text run at (2,2) width 22: "foo"
            LayoutTableCell {TD} at (120,10) size 200x22 [border: (1px inset #808080)] [r=0 c=1 rs=1 cs=1]
              LayoutText {#text} at (2,2) size 21x18
                text run at (2,2) width 21: "bar"
      LayoutBlockFlow (anonymous) at (0,44) size 784x18
        LayoutBR {BR} at (0,0) size 0x18
      LayoutTable {TABLE} at (0,62) size 400x24 [border: (1px outset #808080)]
        LayoutTableCol {COLGROUP} at (0,0) size 0x0
          LayoutTableCol {COL} at (0,0) size 0x0
          LayoutTableCol {COL} at (0,0) size 0x0
        LayoutTableSection {TBODY} at (1,1) size 398x22
          LayoutTableRow {TR} at (0,0) size 398x22
            LayoutTableCell {TD} at (0,0) size 133x22 [border: (1px inset #808080)] [r=0 c=0 rs=1 cs=1]
              LayoutText {#text} at (2,2) size 22x18
                text run at (2,2) width 22: "foo"
            LayoutTableCell {TD} at (133,0) size 265x22 [border: (1px inset #808080)] [r=0 c=1 rs=1 cs=1]
              LayoutText {#text} at (2,2) size 21x18
                text run at (2,2) width 21: "bar"
      LayoutBlockFlow (anonymous) at (0,86) size 784x18
        LayoutBR {BR} at (0,0) size 0x18
      LayoutTable {TABLE} at (0,104) size 302x24 [border: (1px outset #808080)]
        LayoutTableCol {COLGROUP} at (0,0) size 0x0
          LayoutTableCol {COL} at (0,0) size 0x0
          LayoutTableCol {COL} at (0,0) size 0x0
        LayoutTableSection {TBODY} at (1,1) size 300x22
          LayoutTableRow {TR} at (0,0) size 300x22
            LayoutTableCell {TD} at (0,0) size 100x22 [border: (1px inset #808080)] [r=0 c=0 rs=1 cs=1]
              LayoutText {#text} at (2,2) size 22x18
                text run at (2,2) width 22: "foo"
            LayoutTableCell {TD} at (100,0) size 200x22 [border: (1px inset #808080)] [r=0 c=1 rs=1 cs=1]
              LayoutText {#text} at (2,2) size 21x18
                text run at (2,2) width 21: "bar"
      LayoutBlockFlow (anonymous) at (0,128) size 784x18
        LayoutBR {BR} at (0,0) size 0x18
      LayoutTable {TABLE} at (0,146) size 336x44 [border: (1px outset #808080)]
        LayoutTableCol {COLGROUP} at (0,0) size 0x0
          LayoutTableCol {COL} at (0,0) size 0x0
        LayoutTableSection {TBODY} at (1,1) size 334x42
          LayoutTableRow {TR} at (0,10) size 334x22
            LayoutTableCell {TD} at (10,10) size 100x22 [border: (1px inset #808080)] [r=0 c=0 rs=1 cs=1]
              LayoutText {#text} at (2,2) size 22x18
                text run at (2,2) width 22: "foo"
            LayoutTableCell {TD} at (120,10) size 204x22 [border: (1px inset #808080)] [r=0 c=1 rs=1 cs=1]
              LayoutText {#text} at (2,2) size 21x18
                text run at (2,2) width 21: "bar"
      LayoutBlockFlow (anonymous) at (0,190) size 784x18
        LayoutBR {BR} at (0,0) size 0x18
      LayoutTable {TABLE} at (0,208) size 313x26 [border: (1px outset #808080)]
        LayoutTableSection {TBODY} at (1,1) size 311x24
          LayoutTableRow {TR} at (0,1) size 311x22
            LayoutTableCell {TD} at (1,1) size 104x22 [border: (1px inset #808080)] [r=0 c=0 rs=1 cs=1]
              LayoutText {#text} at (2,2) size 22x18
                text run at (2,2) width 22: "foo"
            LayoutTableCell {TD} at (106,1) size 204x22 [border: (1px inset #808080)] [r=0 c=1 rs=1 cs=1]
              LayoutText {#text} at (2,2) size 21x18
                text run at (2,2) width 21: "bar"
      LayoutBlockFlow (anonymous) at (0,234) size 784x18
        LayoutBR {BR} at (0,0) size 0x18
      LayoutTable {TABLE} at (0,252) size 784x106 [border: (1px outset #808080)]
        LayoutTableSection {TBODY} at (1,1) size 782x104
          LayoutTableRow {TR} at (0,20) size 782x22
            LayoutTableCell {TD} at (20,20) size 301x22 [border: (1px inset #808080)] [r=0 c=0 rs=1 cs=2]
              LayoutText {#text} at (2,2) size 22x18
                text run at (2,2) width 22: "foo"
            LayoutTableCell {TD} at (341,20) size 421x22 [border: (1px inset #808080)] [r=0 c=2 rs=1 cs=1]
              LayoutText {#text} at (2,2) size 21x18
                text run at (2,2) width 21: "bar"
          LayoutTableRow {TR} at (0,62) size 782x22
            LayoutTableCell {TD} at (20,62) size 141x22 [border: (1px inset #808080)] [r=1 c=0 rs=1 cs=1]
              LayoutText {#text} at (2,2) size 22x18
                text run at (2,2) width 22: "foo"
            LayoutTableCell {TD} at (181,62) size 140x22 [border: (1px inset #808080)] [r=1 c=1 rs=1 cs=1]
              LayoutText {#text} at (2,2) size 21x18
                text run at (2,2) width 21: "bar"
            LayoutTableCell {TD} at (341,62) size 421x22 [border: (1px inset #808080)] [r=1 c=2 rs=1 cs=1]
              LayoutText {#text} at (2,2) size 21x18
                text run at (2,2) width 21: "bar"
      LayoutBlockFlow (anonymous) at (0,358) size 784x18
        LayoutBR {BR} at (0,0) size 0x18
      LayoutTable {TABLE} at (0,376) size 784x100 [border: (1px outset #808080)]
        LayoutTableCol {COLGROUP} at (0,0) size 0x0
          LayoutTableCol {COL} at (0,0) size 0x0
          LayoutTableCol {COL} at (0,0) size 0x0
        LayoutTableSection {TBODY} at (1,1) size 782x98
          LayoutTableRow {TR} at (0,10) size 782x78
            LayoutTableCell {TD} at (10,10) size 301x78 [border: (10px solid #000000)] [r=0 c=0 rs=1 cs=1]
              LayoutText {#text} at (30,30) size 22x18
                text run at (30,30) width 22: "foo"
            LayoutTableCell {TD} at (321,19) size 451x60 [border: (1px inset #808080)] [r=0 c=1 rs=1 cs=1]
              LayoutText {#text} at (21,21) size 21x18
                text run at (21,21) width 21: "bar"
      LayoutBlockFlow (anonymous) at (0,476) size 784x18
        LayoutBR {BR} at (0,0) size 0x18
      LayoutTable {TABLE} at (0,494) size 100x44 [border: (1px outset #808080)]
        LayoutTableCol {COLGROUP} at (0,0) size 0x0
          LayoutTableCol {COL} at (0,0) size 0x0
          LayoutTableCol {COL} at (0,0) size 0x0
        LayoutTableSection {TBODY} at (1,1) size 98x42
          LayoutTableRow {TR} at (0,10) size 98x22
            LayoutTableCell {TD} at (10,10) size 14x22 [border: (1px inset #808080)] [r=0 c=0 rs=1 cs=1]
              LayoutText {#text} at (2,2) size 22x18
                text run at (2,2) width 22: "foo"
            LayoutTableCell {TD} at (34,10) size 20x22 [border: (1px inset #808080)] [r=0 c=1 rs=1 cs=1]
              LayoutText {#text} at (2,2) size 22x18
                text run at (2,2) width 22: "foo"
            LayoutTableCell {TD} at (64,10) size 24x22 [border: (1px inset #808080)] [r=0 c=2 rs=1 cs=1]
              LayoutText {#text} at (2,2) size 22x18
                text run at (2,2) width 22: "foo"
      LayoutBlockFlow (anonymous) at (0,538) size 784x18
        LayoutBR {BR} at (0,0) size 0x18
      LayoutTable {TABLE} at (0,556) size 302x24 [border: (1px outset #808080)]
        LayoutTableCol {COLGROUP} at (0,0) size 0x0
          LayoutTableCol {COL} at (0,0) size 0x0
          LayoutTableCol {COL} at (0,0) size 0x0
        LayoutTableSection {TBODY} at (1,1) size 300x22
          LayoutTableRow {TR} at (0,0) size 300x22
            LayoutTableCell {TD} at (0,0) size 100x22 [border: (1px inset #808080)] [r=0 c=0 rs=1 cs=1]
              LayoutText {#text} at (2,2) size 22x18
                text run at (2,2) width 22: "foo"
            LayoutTableCell {TD} at (100,0) size 200x22 [border: (1px inset #808080)] [r=0 c=1 rs=1 cs=1]
              LayoutText {#text} at (2,2) size 21x18
                text run at (2,2) width 21: "bar"
