layer at (0,0) size 800x600 scrollWidth 982 scrollHeight 2104
  LayoutView at (0,0) size 800x600
layer at (0,0) size 800x2104 backgroundClip at (0,0) size 800x600 clip at (0,0) size 800x600
  LayoutBlockFlow {HTML} at (0,0) size 800x2104
    LayoutBlockFlow {BODY} at (32,32) size 736x2040
      LayoutBlockFlow {DIV} at (32,0) size 672x668 [border: (1px solid #008000)]
        LayoutBlockFlow {DIV} at (33,33) size 606x602 [border: (1px solid #FF0000)]
          LayoutImage {IMG} at (1,1) size 604x600
          LayoutText {#text} at (0,0) size 0x0
      LayoutBlockFlow {P} at (0,700) size 736x18
        LayoutText {#text} at (0,0) size 550x18
          text run at (0,0) width 550: "percentage height images in DIV with no height (red) in a DIV with no height (green)"
      LayoutBlockFlow {DIV} at (32,750) size 672x672 [border: (3px dotted #008000)]
        LayoutBlockFlow {DIV} at (35,35) size 602x602 [border: (1px solid #FF0000)]
          LayoutImage {IMG} at (1,1) size 882.34x600
          LayoutText {#text} at (0,0) size 0x0
      LayoutBlockFlow {P} at (0,1454) size 736x18
        LayoutText {#text} at (0,0) size 481x18
          text run at (0,0) width 481: "percentage height image in table cell (red), in a DIV with no height (green)"
      LayoutBlockFlow {DIV} at (32,1504) size 672x536
        LayoutTable {TABLE} at (0,0) size 260x536 [border: (1px solid #FF0000)]
          LayoutTableSection {TBODY} at (1,1) size 258x534
            LayoutTableRow {TR} at (0,2) size 258x530
              LayoutTableCell {TD} at (2,180) size 254x174 [border: (1px solid #FF0000)] [r=0 c=0 rs=1 cs=1]
                LayoutImage {IMG} at (2,2) size 250x170
