layer at (0,0) size 800x600 clip at (0,0) size 785x600 scrollHeight 4680
  LayoutView at (0,0) size 800x600
layer at (0,0) size 785x4680 backgroundClip at (0,0) size 785x600 clip at (0,0) size 785x600
  LayoutBlockFlow {HTML} at (0,0) size 785x4680
    LayoutBlockFlow {BODY} at (8,8) size 769x4664
      LayoutBlockFlow {DIV} at (0,0) size 769x4648
        LayoutBlockFlow (anonymous) at (0,0) size 769x18
          LayoutText {#text} at (0,0) size 4x18
            text run at (0,0) width 4: " "
        LayoutTable {TABLE} at (67.19,18) size 473x4582 [border: none]
          LayoutTableSection {TBODY} at (0,0) size 472x4581
            LayoutTableRow {TR} at (0,0) size 472x22
              LayoutTableCell {TD} at (0,0) size 472x22 [border: (1px solid #000000)] [r=0 c=0 rs=1 cs=4]
                LayoutBlockFlow {P} at (8.19,1) size 457x0
                  LayoutInline {B} at (0,0) size 0x0
                    LayoutInline {SPAN} at (0,0) size 0x0
                      LayoutInline {O:P} at (0,0) size 0x0
                LayoutBlockFlow {P} at (8.19,1) size 457x21
                  LayoutInline {B} at (0,0) size 399x15
                    LayoutInline {SPAN} at (0,0) size 399x15
                      LayoutInline {FONT} at (0,0) size 399x20 [color=#008080]
                        LayoutText {#text} at (29,0) size 399x20
                          text run at (29,0) width 188: "Radio Channel usage at "
                          text run at (216,0) width 212: "Bayside.    Rev date 6-25-01"
                LayoutBlockFlow {P} at (8.19,22) size 457x0
                  LayoutInline {B} at (0,0) size 0x0
                    LayoutInline {SPAN} at (0,0) size 0x0
                      LayoutInline {O:P} at (0,0) size 0x0
            LayoutTableRow {TR} at (0,22) size 472x35
              LayoutTableCell {TD} at (0,22) size 98x35 [border: (1px solid #000000)] [r=1 c=0 rs=1 cs=1]
                LayoutInline {B} at (0,0) size 53x35
                  LayoutInline {SPAN} at (0,0) size 53x34
                    LayoutText {#text} at (23,1) size 53x34
                      text run at (23,1) width 53: "Channel"
                      text run at (24,18) width 51: "number"
                LayoutText {#text} at (0,0) size 0x0
              LayoutTableCell {TD} at (98,22) size 170x18 [border: (1px solid #000000) (1px none #808080)] [r=1 c=1 rs=1 cs=1]
                LayoutInline {B} at (0,0) size 93x18
                  LayoutInline {SPAN} at (0,0) size 93x17
                    LayoutText {#text} at (39,1) size 93x17
                      text run at (39,1) width 93: "Member name"
                LayoutText {#text} at (0,0) size 0x0
              LayoutTableCell {TD} at (268,22) size 99x35 [border: (1px solid #000000) (1px none #808080)] [r=1 c=2 rs=1 cs=1]
                LayoutBlockFlow {P} at (8.19,1) size 84x17
                  LayoutInline {B} at (0,0) size 44x15
                    LayoutInline {SPAN} at (0,0) size 44x16
                      LayoutText {#text} at (20,0) size 44x16
                        text run at (20,0) width 44: "Proper"
                      LayoutInline {SPAN} at (0,0) size 1x16
                        LayoutInline {O:P} at (0,0) size 1x16
                LayoutBlockFlow {P} at (8.19,18) size 84x17
                  LayoutInline {B} at (0,0) size 36x15
                    LayoutInline {SPAN} at (0,0) size 36x16
                      LayoutText {#text} at (24,0) size 36x16
                        text run at (24,0) width 36: "Plane"
              LayoutTableCell {TD} at (367,22) size 105x35 [border: (1px solid #000000) (1px none #808080)] [r=1 c=3 rs=1 cs=1]
                LayoutBlockFlow {P} at (8.19,1) size 90x17
                  LayoutInline {B} at (0,0) size 66x15
                    LayoutInline {SPAN} at (0,0) size 66x16
                      LayoutText {#text} at (12,0) size 66x16
                        text run at (12,0) width 66: "Helicopter"
                      LayoutInline {SPAN} at (0,0) size 1x16
                        LayoutInline {O:P} at (0,0) size 1x16
                LayoutBlockFlow {P} at (8.19,18) size 90x17
                  LayoutInline {B} at (0,0) size 48x15
                    LayoutInline {SPAN} at (0,0) size 48x16
                      LayoutText {#text} at (21,0) size 48x16
                        text run at (21,0) width 48: "thingy.-"
            LayoutTableRow {TR} at (0,57) size 472x33
              LayoutTableCell {TD} at (0,57) size 98x17 [border: (1px none #808080) none] [r=2 c=0 rs=1 cs=1]
                LayoutBlockFlow {P} at (8.19,1) size 83x16
                  LayoutText {#text} at (34,0) size 15x15
                    text run at (34,0) width 15: "00"
                  LayoutInline {SPAN} at (0,0) size 1x15
                    LayoutInline {O:P} at (0,0) size 1x15
              LayoutTableCell {TD} at (98,57) size 170x33 [border: (1px none #808080) none (1px none #808080)] [r=2 c=1 rs=1 cs=1]
                LayoutBlockFlow {P} at (8.19,1) size 155x16
                  LayoutText {#text} at (0,0) size 55x15
                    text run at (0,0) width 55: "Paul Scott"
                LayoutBlockFlow {P} at (8.19,17) size 155x16
                  LayoutText {#text} at (0,0) size 92x15
                    text run at (0,0) width 92: "Donald Carvalho"
                  LayoutInline {SPAN} at (0,0) size 1x15
                    LayoutInline {O:P} at (0,0) size 1x15
              LayoutTableCell {TD} at (268,57) size 99x17 [border: (1px none #808080) none (1px none #808080)] [r=2 c=2 rs=1 cs=1]
                LayoutBlockFlow {P} at (8.19,1) size 84x16
                  LayoutText {#text} at (33,0) size 18x15
                    text run at (33,0) width 18: "No"
                  LayoutInline {SPAN} at (0,0) size 1x15
                    LayoutInline {O:P} at (0,0) size 1x15
              LayoutTableCell {TD} at (367,57) size 105x17 [border: (1px none #808080) none (1px none #808080)] [r=2 c=3 rs=1 cs=1]
                LayoutBlockFlow {P} at (8.19,1) size 90x16
                  LayoutText {#text} at (35,0) size 20x15
                    text run at (35,0) width 20: "Yes"
                  LayoutInline {SPAN} at (0,0) size 1x15
                    LayoutInline {O:P} at (0,0) size 1x15
            LayoutTableRow {TR} at (0,90) size 472x17
              LayoutTableCell {TD} at (0,90) size 98x17 [border: (1px none #808080) none] [r=3 c=0 rs=1 cs=1]
                LayoutBlockFlow {P} at (8.19,1) size 83x16
                  LayoutText {#text} at (34,0) size 15x15
                    text run at (34,0) width 15: "01"
                  LayoutInline {SPAN} at (0,0) size 1x15
                    LayoutInline {O:P} at (0,0) size 1x15
              LayoutTableCell {TD} at (98,90) size 170x17 [border: (1px none #808080) none (1px none #808080)] [r=3 c=1 rs=1 cs=1]
                LayoutBlockFlow {P} at (8.19,1) size 155x16
                  LayoutText {#text} at (0,0) size 55x15
                    text run at (0,0) width 55: "Paul Scott"
                  LayoutInline {SPAN} at (0,0) size 1x15
                    LayoutInline {O:P} at (0,0) size 1x15
              LayoutTableCell {TD} at (268,90) size 99x17 [border: (1px none #808080) none (1px none #808080)] [r=3 c=2 rs=1 cs=1]
                LayoutBlockFlow {P} at (8.19,1) size 84x16
                  LayoutText {#text} at (33,0) size 18x15
                    text run at (33,0) width 18: "No"
                  LayoutInline {SPAN} at (0,0) size 1x15
                    LayoutInline {O:P} at (0,0) size 1x15
              LayoutTableCell {TD} at (367,90) size 105x17 [border: (1px none #808080) none (1px none #808080)] [r=3 c=3 rs=1 cs=1]
                LayoutBlockFlow {P} at (8.19,1) size 90x16
                  LayoutText {#text} at (35,0) size 20x15
                    text run at (35,0) width 20: "Yes"
                  LayoutInline {SPAN} at (0,0) size 1x15
                    LayoutInline {O:P} at (0,0) size 1x15
            LayoutTableRow {TR} at (0,107) size 472x19
              LayoutTableCell {TD} at (0,107) size 98x17 [border: (1px none #808080) none] [r=4 c=0 rs=1 cs=1]
                LayoutBlockFlow {P} at (8.19,1) size 83x16
                  LayoutInline {FONT} at (0,0) size 13x15
                    LayoutText {#text} at (35,0) size 13x15
                      text run at (35,0) width 13: "02"
                  LayoutText {#text} at (0,0) size 0x0
              LayoutTableCell {TD} at (98,107) size 170x17 [border: (1px none #808080) none (1px none #808080)] [r=4 c=1 rs=1 cs=1]
                LayoutInline {FONT} at (0,0) size 54x15
                  LayoutText {#text} at (8,1) size 54x15
                    text run at (8,1) width 54: "Don Coon"
                LayoutText {#text} at (0,0) size 0x0
              LayoutTableCell {TD} at (268,107) size 99x19 [border: (1px none #808080) none (1px none #808080)] [r=4 c=2 rs=1 cs=1]
                LayoutText {#text} at (8,1) size 4x18
                  text run at (8,1) width 4: " "
              LayoutTableCell {TD} at (367,107) size 105x19 [border: (1px none #808080) none (1px none #808080)] [r=4 c=3 rs=1 cs=1]
                LayoutText {#text} at (8,1) size 4x18
                  text run at (8,1) width 4: " "
            LayoutTableRow {TR} at (0,126) size 472x33
              LayoutTableCell {TD} at (0,126) size 98x17 [border: (1px none #808080) none] [r=5 c=0 rs=1 cs=1]
                LayoutInline {FONT} at (0,0) size 13x15
                  LayoutText {#text} at (43,1) size 13x15
                    text run at (43,1) width 13: "05"
                LayoutText {#text} at (0,0) size 0x0
              LayoutTableCell {TD} at (98,126) size 170x33 [border: (1px none #808080) none (1px none #808080)] [r=5 c=1 rs=1 cs=1]
                LayoutBlockFlow {P} at (8.19,1) size 155x16
                  LayoutInline {FONT} at (0,0) size 54x15
                    LayoutText {#text} at (0,0) size 54x15
                      text run at (0,0) width 54: "Paul Scott"
                LayoutBlockFlow {P} at (8.19,17) size 155x16
                  LayoutInline {FONT} at (0,0) size 49x15
                    LayoutText {#text} at (0,0) size 49x15
                      text run at (0,0) width 49: "Bill Hunt"
                    LayoutInline {SPAN} at (0,0) size 1x15
                      LayoutInline {O:P} at (0,0) size 1x15
              LayoutTableCell {TD} at (268,126) size 99x17 [border: (1px none #808080) none (1px none #808080)] [r=5 c=2 rs=1 cs=1]
                LayoutBlockFlow {P} at (8.19,1) size 84x16
                  LayoutInline {FONT} at (0,0) size 16x15
                    LayoutText {#text} at (34,0) size 16x15
                      text run at (34,0) width 16: "No"
                    LayoutInline {SPAN} at (0,0) size 1x15
                      LayoutInline {O:P} at (0,0) size 1x15
              LayoutTableCell {TD} at (367,126) size 105x17 [border: (1px none #808080) none (1px none #808080)] [r=5 c=3 rs=1 cs=1]
                LayoutBlockFlow {P} at (8.19,1) size 90x16
                  LayoutInline {FONT} at (0,0) size 20x15
                    LayoutText {#text} at (35,0) size 20x15
                      text run at (35,0) width 20: "Yes"
                    LayoutInline {SPAN} at (0,0) size 1x15
                      LayoutInline {O:P} at (0,0) size 1x15
            LayoutTableRow {TR} at (0,159) size 472x33
              LayoutTableCell {TD} at (0,159) size 98x17 [border: (1px none #808080) none] [r=6 c=0 rs=1 cs=1]
                LayoutInline {FONT} at (0,0) size 13x15
                  LayoutText {#text} at (43,1) size 13x15
                    text run at (43,1) width 13: "06"
                LayoutText {#text} at (0,0) size 0x0
              LayoutTableCell {TD} at (98,159) size 170x33 [border: (1px none #808080) none (1px none #808080)] [r=6 c=1 rs=1 cs=1]
                LayoutInline {FONT} at (0,0) size 135x31
                  LayoutText {#text} at (8,1) size 135x31
                    text run at (8,1) width 135: "Gene Pheiffer                   "
                    text run at (8,17) width 80: "Alberto Lanzas"
                LayoutText {#text} at (0,0) size 0x0
              LayoutTableCell {TD} at (268,159) size 99x33 [border: (1px none #808080) none (1px none #808080)] [r=6 c=2 rs=1 cs=1]
                LayoutBlockFlow {P} at (8.19,1) size 84x16
                  LayoutText {#text} at (32,0) size 20x15
                    text run at (32,0) width 20: "Yes"
                LayoutBlockFlow {P} at (8.19,17) size 84x16
                  LayoutText {#text} at (32,0) size 20x15
                    text run at (32,0) width 20: "Yes"
              LayoutTableCell {TD} at (367,159) size 105x33 [border: (1px none #808080) none (1px none #808080)] [r=6 c=3 rs=1 cs=1]
                LayoutBlockFlow (anonymous) at (8.19,1) size 90x16
                  LayoutInline {SPAN} at (0,0) size 16x18
                    LayoutInline {FONT} at (0,0) size 16x15
                      LayoutText {#text} at (37,0) size 16x15
                        text run at (37,0) width 16: "No"
                  LayoutText {#text} at (0,0) size 0x0
                LayoutBlockFlow {P} at (8.19,17) size 90x16
                  LayoutText {#text} at (35,0) size 20x15
                    text run at (35,0) width 20: "Yes"
            LayoutTableRow {TR} at (0,192) size 472x17
              LayoutTableCell {TD} at (0,192) size 98x17 [border: (1px none #808080) none] [r=7 c=0 rs=1 cs=1]
                LayoutBlockFlow {P} at (8.19,1) size 83x16
                  LayoutInline {FONT} at (0,0) size 13x15
                    LayoutText {#text} at (35,0) size 13x15
                      text run at (35,0) width 13: "07"
                  LayoutText {#text} at (0,0) size 0x0
              LayoutTableCell {TD} at (98,192) size 170x17 [border: (1px none #808080) none (1px none #808080)] [r=7 c=1 rs=1 cs=1]
                LayoutInline {FONT} at (0,0) size 49x15
                  LayoutText {#text} at (8,1) size 49x15
                    text run at (8,1) width 49: "Phil Cole"
                LayoutText {#text} at (0,0) size 0x0
              LayoutTableCell {TD} at (268,192) size 99x17 [border: (1px none #808080) none (1px none #808080)] [r=7 c=2 rs=1 cs=1]
                LayoutBlockFlow {P} at (8.19,1) size 84x16
                  LayoutInline {FONT} at (0,0) size 20x15
                    LayoutText {#text} at (32,0) size 20x15
                      text run at (32,0) width 20: "Yes"
                  LayoutText {#text} at (0,0) size 0x0
              LayoutTableCell {TD} at (367,192) size 105x17 [border: (1px none #808080) none (1px none #808080)] [r=7 c=3 rs=1 cs=1]
                LayoutBlockFlow {P} at (8.19,1) size 90x16
                  LayoutInline {FONT} at (0,0) size 20x15
                    LayoutText {#text} at (35,0) size 20x15
                      text run at (35,0) width 20: "Yes"
                  LayoutText {#text} at (0,0) size 0x0
            LayoutTableRow {TR} at (0,209) size 472x33
              LayoutTableCell {TD} at (0,209) size 98x17 [border: (1px none #808080) none] [r=8 c=0 rs=1 cs=1]
                LayoutBlockFlow {P} at (8.19,1) size 83x16
                  LayoutText {#text} at (34,0) size 15x15
                    text run at (34,0) width 15: "08"
                  LayoutInline {SPAN} at (0,0) size 1x15
                    LayoutInline {O:P} at (0,0) size 1x15
              LayoutTableCell {TD} at (98,209) size 170x33 [border: (1px none #808080) none (1px none #808080)] [r=8 c=1 rs=1 cs=1]
                LayoutBlockFlow {P} at (8.19,1) size 155x16
                  LayoutText {#text} at (0,0) size 55x15
                    text run at (0,0) width 55: "Paul Scott"
                LayoutBlockFlow {P} at (8.19,17) size 155x16
                  LayoutText {#text} at (0,0) size 75x15
                    text run at (0,0) width 75: "Gene Pheiffer"
                  LayoutInline {SPAN} at (0,0) size 1x15
                    LayoutInline {O:P} at (0,0) size 1x15
              LayoutTableCell {TD} at (268,209) size 99x33 [border: (1px none #808080) none (1px none #808080)] [r=8 c=2 rs=1 cs=1]
                LayoutBlockFlow {P} at (8.19,1) size 84x16
                  LayoutText {#text} at (33,0) size 18x15
                    text run at (33,0) width 18: "No"
                LayoutBlockFlow {P} at (8.19,17) size 84x16
                  LayoutText {#text} at (32,0) size 20x15
                    text run at (32,0) width 20: "Yes"
                  LayoutInline {SPAN} at (0,0) size 1x15
                    LayoutInline {O:P} at (0,0) size 1x15
              LayoutTableCell {TD} at (367,209) size 105x33 [border: (1px none #808080) none (1px none #808080)] [r=8 c=3 rs=1 cs=1]
                LayoutBlockFlow {P} at (8.19,1) size 90x16
                  LayoutText {#text} at (35,0) size 20x15
                    text run at (35,0) width 20: "Yes"
                LayoutBlockFlow {P} at (8.19,17) size 90x16
                  LayoutText {#text} at (36,0) size 18x15
                    text run at (36,0) width 18: "No"
                  LayoutInline {SPAN} at (0,0) size 1x15
                    LayoutInline {O:P} at (0,0) size 1x15
            LayoutTableRow {TR} at (0,242) size 472x49
              LayoutTableCell {TD} at (0,242) size 98x17 [border: (1px none #808080) none] [r=9 c=0 rs=1 cs=1]
                LayoutBlockFlow {P} at (8.19,1) size 83x16
                  LayoutText {#text} at (2,0) size 79x15
                    text run at (2,0) width 79: "Programmable"
                  LayoutInline {SPAN} at (0,0) size 1x15
                    LayoutInline {O:P} at (0,0) size 1x15
              LayoutTableCell {TD} at (98,242) size 170x49 [border: (1px none #808080) none (1px none #808080)] [r=9 c=1 rs=1 cs=1]
                LayoutBlockFlow {P} at (8.19,1) size 155x16
                  LayoutText {#text} at (0,0) size 103x15
                    text run at (0,0) width 103: "Richard Pevehouse"
                  LayoutInline {SPAN} at (0,0) size 1x15
                    LayoutInline {O:P} at (0,0) size 1x15
                LayoutBlockFlow {P} at (8.19,17) size 155x16
                  LayoutText {#text} at (0,0) size 62x15
                    text run at (0,0) width 62: "Gary Heath"
                LayoutBlockFlow {P} at (8.19,33) size 155x16
                  LayoutText {#text} at (0,0) size 63x15
                    text run at (0,0) width 63: "Scott Hersh"
                  LayoutInline {SPAN} at (0,0) size 1x15
                    LayoutInline {O:P} at (0,0) size 1x15
              LayoutTableCell {TD} at (268,242) size 99x33 [border: (1px none #808080) none (1px none #808080)] [r=9 c=2 rs=1 cs=1]
                LayoutBlockFlow {P} at (8.19,1) size 84x16
                  LayoutText {#text} at (32,0) size 20x15
                    text run at (32,0) width 20: "Yes"
                  LayoutInline {SPAN} at (0,0) size 1x15
                    LayoutInline {O:P} at (0,0) size 1x15
                LayoutBlockFlow {P} at (8.19,17) size 84x16
                  LayoutText {#text} at (33,0) size 18x15
                    text run at (33,0) width 18: "No"
                  LayoutInline {SPAN} at (0,0) size 1x15
                    LayoutInline {O:P} at (0,0) size 1x15
              LayoutTableCell {TD} at (367,242) size 105x33 [border: (1px none #808080) none (1px none #808080)] [r=9 c=3 rs=1 cs=1]
                LayoutBlockFlow {P} at (8.19,1) size 90x16
                  LayoutText {#text} at (36,0) size 18x15
                    text run at (36,0) width 18: "No"
                  LayoutInline {SPAN} at (0,0) size 1x15
                    LayoutInline {O:P} at (0,0) size 1x15
                LayoutBlockFlow {P} at (8.19,17) size 90x16
                  LayoutText {#text} at (35,0) size 20x15
                    text run at (35,0) width 20: "Yes"
                  LayoutInline {SPAN} at (0,0) size 1x15
                    LayoutInline {O:P} at (0,0) size 1x15
            LayoutTableRow {TR} at (0,291) size 472x113
              LayoutTableCell {TD} at (0,291) size 98x17 [border: (1px none #808080) none] [r=10 c=0 rs=1 cs=1]
                LayoutBlockFlow {P} at (8.19,1) size 83x16
                  LayoutText {#text} at (35,0) size 13x15
                    text run at (35,0) width 13: "11"
                  LayoutInline {SPAN} at (0,0) size 1x15
                    LayoutInline {O:P} at (0,0) size 1x15
              LayoutTableCell {TD} at (98,291) size 170x113 [border: (1px none #808080) none (1px none #808080)] [r=10 c=1 rs=1 cs=1]
                LayoutBlockFlow {P} at (8.19,1) size 155x16
                  LayoutText {#text} at (0,0) size 81x15
                    text run at (0,0) width 81: "George Cowan"
                  LayoutInline {SPAN} at (0,0) size 1x15
                    LayoutInline {O:P} at (0,0) size 1x15
                LayoutBlockFlow {P} at (8.19,17) size 155x16
                  LayoutText {#text} at (0,0) size 75x15
                    text run at (0,0) width 75: "Rick Klement"
                  LayoutInline {SPAN} at (0,0) size 1x15
                    LayoutInline {O:P} at (0,0) size 1x15
                LayoutBlockFlow {P} at (8.19,33) size 155x16
                  LayoutText {#text} at (0,0) size 78x15
                    text run at (0,0) width 78: "John Mathews"
                LayoutBlockFlow {P} at (8.19,49) size 155x16
                  LayoutText {#text} at (0,0) size 55x15
                    text run at (0,0) width 55: "Ed Cypret"
                LayoutBlockFlow {P} at (8.19,65) size 155x16
                  LayoutText {#text} at (0,0) size 83x15
                    text run at (0,0) width 83: "John Chamorro"
                LayoutBlockFlow {P} at (8.19,81) size 155x16
                  LayoutText {#text} at (0,0) size 83x15
                    text run at (0,0) width 83: "John Yearwood"
                LayoutBlockFlow {P} at (8.19,97) size 155x16
                  LayoutText {#text} at (0,0) size 85x15
                    text run at (0,0) width 85: "Jason Anderson"
                  LayoutInline {SPAN} at (0,0) size 1x15
                    LayoutInline {O:P} at (0,0) size 1x15
              LayoutTableCell {TD} at (268,291) size 99x113 [border: (1px none #808080) none (1px none #808080)] [r=10 c=2 rs=1 cs=1]
                LayoutBlockFlow {P} at (8.19,1) size 84x16
                  LayoutText {#text} at (32,0) size 20x15
                    text run at (32,0) width 20: "Yes"
                  LayoutInline {SPAN} at (0,0) size 1x15
                    LayoutInline {O:P} at (0,0) size 1x15
                LayoutBlockFlow {P} at (8.19,17) size 84x16
                  LayoutText {#text} at (32,0) size 20x15
                    text run at (32,0) width 20: "Yes"
                  LayoutInline {SPAN} at (0,0) size 1x15
                    LayoutInline {O:P} at (0,0) size 1x15
                LayoutBlockFlow {P} at (8.19,33) size 84x16
                  LayoutText {#text} at (32,0) size 20x15
                    text run at (32,0) width 20: "Yes"
                LayoutBlockFlow {P} at (8.19,49) size 84x16
                  LayoutText {#text} at (40,0) size 4x15
                    text run at (40,0) width 4: " "
                LayoutBlockFlow {P} at (8.19,65) size 84x16
                  LayoutText {#text} at (40,0) size 4x15
                    text run at (40,0) width 4: " "
                LayoutBlockFlow {P} at (8.19,81) size 84x16
                  LayoutText {#text} at (32,0) size 20x15
                    text run at (32,0) width 20: "Yes"
                LayoutBlockFlow {P} at (8.19,97) size 84x16
                  LayoutText {#text} at (32,0) size 20x15
                    text run at (32,0) width 20: "Yes"
                  LayoutInline {SPAN} at (0,0) size 1x15
                    LayoutInline {O:P} at (0,0) size 1x15
              LayoutTableCell {TD} at (367,291) size 105x113 [border: (1px none #808080) none (1px none #808080)] [r=10 c=3 rs=1 cs=1]
                LayoutBlockFlow {P} at (8.19,1) size 90x16
                  LayoutText {#text} at (36,0) size 18x15
                    text run at (36,0) width 18: "No"
                  LayoutInline {SPAN} at (0,0) size 1x15
                    LayoutInline {O:P} at (0,0) size 1x15
                LayoutBlockFlow {P} at (8.19,17) size 90x16
                  LayoutText {#text} at (35,0) size 20x15
                    text run at (35,0) width 20: "Yes"
                  LayoutInline {SPAN} at (0,0) size 1x15
                    LayoutInline {O:P} at (0,0) size 1x15
                LayoutBlockFlow {P} at (8.19,33) size 90x16
                  LayoutText {#text} at (36,0) size 18x15
                    text run at (36,0) width 18: "No"
                LayoutBlockFlow {P} at (8.19,49) size 90x16
                  LayoutText {#text} at (43,0) size 4x15
                    text run at (43,0) width 4: " "
                LayoutBlockFlow {P} at (8.19,65) size 90x16
                  LayoutText {#text} at (43,0) size 4x15
                    text run at (43,0) width 4: " "
                LayoutBlockFlow {P} at (8.19,81) size 90x16
                  LayoutText {#text} at (36,0) size 18x15
                    text run at (36,0) width 18: "No"
                LayoutBlockFlow {P} at (8.19,97) size 90x16
                  LayoutText {#text} at (36,0) size 18x15
                    text run at (36,0) width 18: "No"
                  LayoutInline {SPAN} at (0,0) size 1x15
                    LayoutInline {O:P} at (0,0) size 1x15
            LayoutTableRow {TR} at (0,404) size 472x81
              LayoutTableCell {TD} at (0,404) size 98x17 [border: (1px none #808080) none] [r=11 c=0 rs=1 cs=1]
                LayoutBlockFlow {P} at (8.19,1) size 83x16
                  LayoutText {#text} at (34,0) size 15x15
                    text run at (34,0) width 15: "12"
                  LayoutInline {SPAN} at (0,0) size 1x15
                    LayoutInline {O:P} at (0,0) size 1x15
              LayoutTableCell {TD} at (98,404) size 170x81 [border: (1px none #808080) none (1px none #808080)] [r=11 c=1 rs=1 cs=1]
                LayoutBlockFlow {P} at (8.19,1) size 155x16
                  LayoutText {#text} at (0,0) size 75x15
                    text run at (0,0) width 75: "Rick Klement"
                LayoutBlockFlow {P} at (8.19,17) size 155x16
                  LayoutText {#text} at (0,0) size 85x15
                    text run at (0,0) width 85: "George Coward"
                LayoutBlockFlow {P} at (8.19,33) size 155x16
                  LayoutText {#text} at (0,0) size 86x15
                    text run at (0,0) width 86: "Gerald Cardinal"
                LayoutBlockFlow {P} at (8.19,49) size 155x16
                  LayoutText {#text} at (0,0) size 73x15
                    text run at (0,0) width 73: "Brock Brown"
                LayoutBlockFlow {P} at (8.19,65) size 155x16
                  LayoutText {#text} at (0,0) size 99x15
                    text run at (0,0) width 99: "Ellsworth Crowell"
              LayoutTableCell {TD} at (268,404) size 99x81 [border: (1px none #808080) none (1px none #808080)] [r=11 c=2 rs=1 cs=1]
                LayoutBlockFlow {P} at (8.19,1) size 84x16
                  LayoutText {#text} at (32,0) size 20x15
                    text run at (32,0) width 20: "Yes"
                LayoutBlockFlow {P} at (8.19,17) size 84x16
                  LayoutText {#text} at (32,0) size 20x15
                    text run at (32,0) width 20: "Yes"
                LayoutBlockFlow {P} at (8.19,33) size 84x16
                  LayoutText {#text} at (40,0) size 4x15
                    text run at (40,0) width 4: " "
                LayoutBlockFlow {P} at (8.19,49) size 84x16
                  LayoutText {#text} at (32,0) size 20x15
                    text run at (32,0) width 20: "Yes"
                LayoutBlockFlow {P} at (8.19,65) size 84x16
                  LayoutText {#text} at (32,0) size 20x15
                    text run at (32,0) width 20: "Yes"
                  LayoutInline {SPAN} at (0,0) size 1x15
                    LayoutInline {O:P} at (0,0) size 1x15
              LayoutTableCell {TD} at (367,404) size 105x81 [border: (1px none #808080) none (1px none #808080)] [r=11 c=3 rs=1 cs=1]
                LayoutBlockFlow {P} at (8.19,1) size 90x16
                  LayoutText {#text} at (35,0) size 20x15
                    text run at (35,0) width 20: "Yes"
                LayoutBlockFlow {P} at (8.19,17) size 90x16
                  LayoutText {#text} at (36,0) size 18x15
                    text run at (36,0) width 18: "No"
                LayoutBlockFlow {P} at (8.19,33) size 90x16
                  LayoutText {#text} at (43,0) size 4x15
                    text run at (43,0) width 4: " "
                LayoutBlockFlow {P} at (8.19,49) size 90x16
                  LayoutText {#text} at (36,0) size 18x15
                    text run at (36,0) width 18: "No"
                LayoutBlockFlow {P} at (8.19,65) size 90x16
                  LayoutText {#text} at (36,0) size 18x15
                    text run at (36,0) width 18: "No"
                  LayoutInline {SPAN} at (0,0) size 1x15
                    LayoutInline {O:P} at (0,0) size 1x15
            LayoutTableRow {TR} at (0,485) size 472x65
              LayoutTableCell {TD} at (0,485) size 98x17 [border: (1px none #808080) none] [r=12 c=0 rs=1 cs=1]
                LayoutBlockFlow {P} at (8.19,1) size 83x16
                  LayoutText {#text} at (34,0) size 15x15
                    text run at (34,0) width 15: "13"
                  LayoutInline {SPAN} at (0,0) size 1x15
                    LayoutInline {O:P} at (0,0) size 1x15
              LayoutTableCell {TD} at (98,485) size 170x65 [border: (1px none #808080) none (1px none #808080)] [r=12 c=1 rs=1 cs=1]
                LayoutBlockFlow {P} at (8.19,1) size 155x16
                  LayoutText {#text} at (0,0) size 66x15
                    text run at (0,0) width 66: " Oliver Baer"
                LayoutBlockFlow {P} at (8.19,17) size 155x16
                  LayoutText {#text} at (0,0) size 59x15
                    text run at (0,0) width 59: "Joe Araujo"
                LayoutBlockFlow {P} at (8.19,33) size 155x16
                  LayoutText {#text} at (0,0) size 75x15
                    text run at (0,0) width 75: "Jim Mirowski"
                LayoutBlockFlow {P} at (8.19,49) size 155x16
                  LayoutText {#text} at (0,0) size 63x15
                    text run at (0,0) width 63: "Scott Hersh"
                  LayoutInline {SPAN} at (0,0) size 1x15
                    LayoutInline {O:P} at (0,0) size 1x15
              LayoutTableCell {TD} at (268,485) size 99x65 [border: (1px none #808080) none (1px none #808080)] [r=12 c=2 rs=1 cs=1]
                LayoutBlockFlow {P} at (8.19,1) size 84x16
                  LayoutText {#text} at (30,0) size 24x15
                    text run at (30,0) width 24: " Yes"
                LayoutBlockFlow {P} at (8.19,17) size 84x16
                  LayoutText {#text} at (40,0) size 4x15
                    text run at (40,0) width 4: " "
                LayoutBlockFlow {P} at (8.19,33) size 84x16
                  LayoutText {#text} at (40,0) size 4x15
                    text run at (40,0) width 4: " "
                LayoutBlockFlow {P} at (8.19,49) size 84x16
                  LayoutText {#text} at (32,0) size 20x15
                    text run at (32,0) width 20: "Yes"
                  LayoutInline {SPAN} at (0,0) size 1x15
                    LayoutInline {O:P} at (0,0) size 1x15
              LayoutTableCell {TD} at (367,485) size 105x65 [border: (1px none #808080) none (1px none #808080)] [r=12 c=3 rs=1 cs=1]
                LayoutBlockFlow {P} at (8.19,1) size 90x16
                  LayoutText {#text} at (35,0) size 20x15
                    text run at (35,0) width 20: " No"
                LayoutBlockFlow {P} at (8.19,17) size 90x16
                  LayoutText {#text} at (43,0) size 4x15
                    text run at (43,0) width 4: " "
                LayoutBlockFlow {P} at (8.19,33) size 90x16
                  LayoutText {#text} at (43,0) size 4x15
                    text run at (43,0) width 4: " "
                LayoutBlockFlow {P} at (8.19,49) size 90x16
                  LayoutText {#text} at (36,0) size 18x15
                    text run at (36,0) width 18: "No"
                  LayoutInline {SPAN} at (0,0) size 1x15
                    LayoutInline {O:P} at (0,0) size 1x15
            LayoutTableRow {TR} at (0,550) size 472x49
              LayoutTableCell {TD} at (0,550) size 98x17 [border: (1px none #808080) none] [r=13 c=0 rs=1 cs=1]
                LayoutBlockFlow {P} at (8.19,1) size 83x16
                  LayoutText {#text} at (34,0) size 15x15
                    text run at (34,0) width 15: "14"
                  LayoutInline {SPAN} at (0,0) size 1x15
                    LayoutInline {O:P} at (0,0) size 1x15
              LayoutTableCell {TD} at (98,550) size 170x49 [border: (1px none #808080) none (1px none #808080)] [r=13 c=1 rs=1 cs=1]
                LayoutBlockFlow {P} at (8.19,1) size 155x16
                  LayoutText {#text} at (0,0) size 62x15
                    text run at (0,0) width 62: " Joe Araujo"
                LayoutBlockFlow {P} at (8.19,17) size 155x16
                  LayoutText {#text} at (0,0) size 71x15
                    text run at (0,0) width 71: "Steve Gilbert"
                LayoutBlockFlow {P} at (8.19,33) size 155x16
                  LayoutText {#text} at (0,0) size 79x15
                    text run at (0,0) width 79: "Gary Williams"
                  LayoutInline {SPAN} at (0,0) size 1x15
                    LayoutInline {O:P} at (0,0) size 1x15
              LayoutTableCell {TD} at (268,550) size 99x33 [border: (1px none #808080) none (1px none #808080)] [r=13 c=2 rs=1 cs=1]
                LayoutBlockFlow {P} at (8.19,1) size 84x16
                  LayoutText {#text} at (40,0) size 4x15
                    text run at (40,0) width 4: " "
                LayoutBlockFlow {P} at (8.19,17) size 84x16
                  LayoutText {#text} at (32,0) size 20x15
                    text run at (32,0) width 20: "Yes"
                  LayoutInline {SPAN} at (0,0) size 1x15
                    LayoutInline {O:P} at (0,0) size 1x15
              LayoutTableCell {TD} at (367,550) size 105x33 [border: (1px none #808080) none (1px none #808080)] [r=13 c=3 rs=1 cs=1]
                LayoutBlockFlow {P} at (8.19,1) size 90x16
                  LayoutText {#text} at (43,0) size 4x15
                    text run at (43,0) width 4: " "
                LayoutBlockFlow {P} at (8.19,17) size 90x16
                  LayoutText {#text} at (36,0) size 18x15
                    text run at (36,0) width 18: "No"
                  LayoutInline {SPAN} at (0,0) size 1x15
                    LayoutInline {O:P} at (0,0) size 1x15
            LayoutTableRow {TR} at (0,599) size 472x81
              LayoutTableCell {TD} at (0,599) size 98x17 [border: (1px none #808080) none] [r=14 c=0 rs=1 cs=1]
                LayoutBlockFlow {P} at (8.19,1) size 83x16
                  LayoutText {#text} at (34,0) size 15x15
                    text run at (34,0) width 15: "15"
                  LayoutInline {SPAN} at (0,0) size 1x15
                    LayoutInline {O:P} at (0,0) size 1x15
              LayoutTableCell {TD} at (98,599) size 170x81 [border: (1px none #808080) none (1px none #808080)] [r=14 c=1 rs=1 cs=1]
                LayoutBlockFlow {P} at (8.19,1) size 155x16
                  LayoutText {#text} at (0,0) size 66x15
                    text run at (0,0) width 66: " Oliver Baer"
                LayoutBlockFlow {P} at (8.19,17) size 155x16
                  LayoutText {#text} at (0,0) size 53x15
                    text run at (0,0) width 53: "Joe Smith"
                LayoutBlockFlow {P} at (8.19,33) size 155x16
                  LayoutText {#text} at (0,0) size 55x15
                    text run at (0,0) width 55: "John Paye"
                LayoutBlockFlow {P} at (8.19,49) size 155x16
                  LayoutText {#text} at (0,0) size 83x15
                    text run at (0,0) width 83: "John Yearwood"
                LayoutBlockFlow {P} at (8.19,65) size 155x16
                  LayoutText {#text} at (0,0) size 70x15
                    text run at (0,0) width 70: "Harald Close"
                  LayoutInline {SPAN} at (0,0) size 1x15
                    LayoutInline {O:P} at (0,0) size 1x15
              LayoutTableCell {TD} at (268,599) size 99x81 [border: (1px none #808080) none (1px none #808080)] [r=14 c=2 rs=1 cs=1]
                LayoutBlockFlow {P} at (8.19,1) size 84x16
                  LayoutText {#text} at (30,0) size 24x15
                    text run at (30,0) width 24: " Yes"
                LayoutBlockFlow {P} at (8.19,17) size 84x16
                  LayoutText {#text} at (40,0) size 4x15
                    text run at (40,0) width 4: " "
                LayoutBlockFlow {P} at (8.19,33) size 84x16
                  LayoutText {#text} at (40,0) size 4x15
                    text run at (40,0) width 4: " "
                LayoutBlockFlow {P} at (8.19,49) size 84x16
                  LayoutText {#text} at (32,0) size 20x15
                    text run at (32,0) width 20: "Yes"
                LayoutBlockFlow {P} at (8.19,65) size 84x16
                  LayoutText {#text} at (32,0) size 20x15
                    text run at (32,0) width 20: "Yes"
                  LayoutInline {SPAN} at (0,0) size 1x15
                    LayoutInline {O:P} at (0,0) size 1x15
              LayoutTableCell {TD} at (367,599) size 105x81 [border: (1px none #808080) none (1px none #808080)] [r=14 c=3 rs=1 cs=1]
                LayoutBlockFlow {P} at (8.19,1) size 90x16
                  LayoutText {#text} at (35,0) size 20x15
                    text run at (35,0) width 20: " No"
                LayoutBlockFlow {P} at (8.19,17) size 90x16
                  LayoutText {#text} at (43,0) size 4x15
                    text run at (43,0) width 4: " "
                LayoutBlockFlow {P} at (8.19,33) size 90x16
                  LayoutText {#text} at (43,0) size 4x15
                    text run at (43,0) width 4: " "
                LayoutBlockFlow {P} at (8.19,49) size 90x16
                  LayoutText {#text} at (36,0) size 18x15
                    text run at (36,0) width 18: "No"
                LayoutBlockFlow {P} at (8.19,65) size 90x16
                  LayoutText {#text} at (36,0) size 18x15
                    text run at (36,0) width 18: "No"
                  LayoutInline {SPAN} at (0,0) size 1x15
                    LayoutInline {O:P} at (0,0) size 1x15
            LayoutTableRow {TR} at (0,680) size 472x33
              LayoutTableCell {TD} at (0,680) size 98x17 [border: (1px none #808080) none] [r=15 c=0 rs=1 cs=1]
                LayoutBlockFlow {P} at (8.19,1) size 83x16
                  LayoutText {#text} at (34,0) size 15x15
                    text run at (34,0) width 15: "16"
                  LayoutInline {SPAN} at (0,0) size 1x15
                    LayoutInline {O:P} at (0,0) size 1x15
              LayoutTableCell {TD} at (98,680) size 170x33 [border: (1px none #808080) none (1px none #808080)] [r=15 c=1 rs=1 cs=1]
                LayoutBlockFlow {P} at (8.19,1) size 155x16
                  LayoutText {#text} at (0,0) size 83x15
                    text run at (0,0) width 83: " James Haladus"
                LayoutBlockFlow {P} at (8.19,17) size 155x16
                  LayoutText {#text} at (0,0) size 53x15
                    text run at (0,0) width 53: "Joe Smith"
                  LayoutInline {SPAN} at (0,0) size 1x15
                    LayoutInline {O:P} at (0,0) size 1x15
              LayoutTableCell {TD} at (268,680) size 99x17 [border: (1px none #808080) none (1px none #808080)] [r=15 c=2 rs=1 cs=1]
                LayoutBlockFlow {P} at (8.19,1) size 84x16
                  LayoutText {#text} at (30,0) size 24x15
                    text run at (30,0) width 24: " Yes"
                  LayoutInline {SPAN} at (0,0) size 1x15
                    LayoutInline {O:P} at (0,0) size 1x15
              LayoutTableCell {TD} at (367,680) size 105x17 [border: (1px none #808080) none (1px none #808080)] [r=15 c=3 rs=1 cs=1]
                LayoutBlockFlow {P} at (8.19,1) size 90x16
                  LayoutText {#text} at (35,0) size 20x15
                    text run at (35,0) width 20: " No"
                  LayoutInline {SPAN} at (0,0) size 1x15
                    LayoutInline {O:P} at (0,0) size 1x15
            LayoutTableRow {TR} at (0,713) size 472x81
              LayoutTableCell {TD} at (0,713) size 98x17 [border: (1px none #808080) none] [r=16 c=0 rs=1 cs=1]
                LayoutBlockFlow {P} at (8.19,1) size 83x16
                  LayoutText {#text} at (34,0) size 15x15
                    text run at (34,0) width 15: "17"
                  LayoutInline {SPAN} at (0,0) size 1x15
                    LayoutInline {O:P} at (0,0) size 1x15
              LayoutTableCell {TD} at (98,713) size 170x81 [border: (1px none #808080) none (1px none #808080)] [r=16 c=1 rs=1 cs=1]
                LayoutBlockFlow {P} at (8.19,1) size 155x16
                  LayoutText {#text} at (0,0) size 61x15
                    text run at (0,0) width 61: "Doug Field"
                  LayoutInline {SPAN} at (0,0) size 1x15
                    LayoutInline {O:P} at (0,0) size 1x15
                LayoutBlockFlow {P} at (8.19,17) size 155x16
                  LayoutText {#text} at (0,0) size 65x15
                    text run at (0,0) width 65: "Dave Neves"
                LayoutBlockFlow {P} at (8.19,33) size 155x16
                  LayoutText {#text} at (0,0) size 63x15
                    text run at (0,0) width 63: "Oliver Baer"
                LayoutBlockFlow {P} at (8.19,49) size 155x16
                  LayoutText {#text} at (0,0) size 56x15
                    text run at (0,0) width 56: "John Todd"
                LayoutBlockFlow {P} at (8.19,65) size 155x16
                  LayoutText {#text} at (0,0) size 99x15
                    text run at (0,0) width 99: "Dave Christiansen"
                  LayoutInline {SPAN} at (0,0) size 1x15
                    LayoutInline {O:P} at (0,0) size 1x15
              LayoutTableCell {TD} at (268,713) size 99x81 [border: (1px none #808080) none (1px none #808080)] [r=16 c=2 rs=1 cs=1]
                LayoutBlockFlow {P} at (8.19,1) size 84x16
                  LayoutText {#text} at (32,0) size 20x15
                    text run at (32,0) width 20: "Yes"
                  LayoutInline {SPAN} at (0,0) size 1x15
                    LayoutInline {O:P} at (0,0) size 1x15
                LayoutBlockFlow {P} at (8.19,17) size 84x16
                  LayoutText {#text} at (32,0) size 20x15
                    text run at (32,0) width 20: "Yes"
                LayoutBlockFlow {P} at (8.19,33) size 84x16
                  LayoutText {#text} at (32,0) size 20x15
                    text run at (32,0) width 20: "Yes"
                LayoutBlockFlow {P} at (8.19,49) size 84x16
                  LayoutText {#text} at (40,0) size 4x15
                    text run at (40,0) width 4: " "
                LayoutBlockFlow {P} at (8.19,65) size 84x16
                  LayoutText {#text} at (32,0) size 20x15
                    text run at (32,0) width 20: "Yes"
                  LayoutInline {SPAN} at (0,0) size 1x15
                    LayoutInline {O:P} at (0,0) size 1x15
              LayoutTableCell {TD} at (367,713) size 105x81 [border: (1px none #808080) none (1px none #808080)] [r=16 c=3 rs=1 cs=1]
                LayoutBlockFlow {P} at (8.19,1) size 90x16
                  LayoutText {#text} at (36,0) size 18x15
                    text run at (36,0) width 18: "No"
                  LayoutInline {SPAN} at (0,0) size 1x15
                    LayoutInline {O:P} at (0,0) size 1x15
                LayoutBlockFlow {P} at (8.19,17) size 90x16
                  LayoutText {#text} at (35,0) size 20x15
                    text run at (35,0) width 20: "Yes"
                LayoutBlockFlow {P} at (8.19,33) size 90x16
                  LayoutText {#text} at (36,0) size 18x15
                    text run at (36,0) width 18: "No"
                LayoutBlockFlow {P} at (8.19,49) size 90x16
                  LayoutText {#text} at (43,0) size 4x15
                    text run at (43,0) width 4: " "
                LayoutBlockFlow {P} at (8.19,65) size 90x16
                  LayoutText {#text} at (36,0) size 18x15
                    text run at (36,0) width 18: "No"
                  LayoutInline {SPAN} at (0,0) size 1x15
                    LayoutInline {O:P} at (0,0) size 1x15
            LayoutTableRow {TR} at (0,794) size 472x113
              LayoutTableCell {TD} at (0,794) size 98x17 [border: (1px none #808080) none] [r=17 c=0 rs=1 cs=1]
                LayoutBlockFlow {P} at (8.19,1) size 83x16
                  LayoutText {#text} at (34,0) size 15x15
                    text run at (34,0) width 15: "18"
                  LayoutInline {SPAN} at (0,0) size 1x15
                    LayoutInline {O:P} at (0,0) size 1x15
              LayoutTableCell {TD} at (98,794) size 170x113 [border: (1px none #808080) none (1px none #808080)] [r=17 c=1 rs=1 cs=1]
                LayoutBlockFlow {P} at (8.19,1) size 155x16
                  LayoutText {#text} at (0,0) size 79x15
                    text run at (0,0) width 79: "Robert Barnett"
                LayoutBlockFlow {P} at (8.19,17) size 155x16
                  LayoutText {#text} at (0,0) size 73x15
                    text run at (0,0) width 73: "Jim Mahoney"
                LayoutBlockFlow {P} at (8.19,33) size 155x16
                  LayoutText {#text} at (0,0) size 79x15
                    text run at (0,0) width 79: "Dave Marshall"
                LayoutBlockFlow {P} at (8.19,49) size 155x16
                  LayoutText {#text} at (0,0) size 86x15
                    text run at (0,0) width 86: "Gerald Cardinal"
                LayoutBlockFlow {P} at (8.19,65) size 155x16
                  LayoutText {#text} at (0,0) size 104x15
                    text run at (0,0) width 104: "Dan & Will Sievert"
                LayoutBlockFlow {P} at (8.19,81) size 155x16
                  LayoutText {#text} at (0,0) size 99x15
                    text run at (0,0) width 99: "Ellsworth Crowell"
                LayoutBlockFlow {P} at (8.19,97) size 155x16
                  LayoutText {#text} at (0,0) size 59x15
                    text run at (0,0) width 59: "Jim Colvin"
                  LayoutInline {SPAN} at (0,0) size 1x15
                    LayoutInline {O:P} at (0,0) size 1x15
              LayoutTableCell {TD} at (268,794) size 99x97 [border: (1px none #808080) none (1px none #808080)] [r=17 c=2 rs=1 cs=1]
                LayoutBlockFlow {P} at (8.19,1) size 84x16
                  LayoutText {#text} at (32,0) size 20x15
                    text run at (32,0) width 20: "Yes"
                LayoutBlockFlow {P} at (8.19,17) size 84x16
                  LayoutText {#text} at (32,0) size 20x15
                    text run at (32,0) width 20: "Yes"
                LayoutBlockFlow {P} at (8.19,33) size 84x16
                  LayoutText {#text} at (32,0) size 20x15
                    text run at (32,0) width 20: "Yes"
                LayoutBlockFlow {P} at (8.19,49) size 84x16
                  LayoutText {#text} at (40,0) size 4x15
                    text run at (40,0) width 4: " "
                LayoutBlockFlow {P} at (8.19,65) size 84x16
                  LayoutText {#text} at (32,0) size 20x15
                    text run at (32,0) width 20: "Yes"
                LayoutBlockFlow {P} at (8.19,81) size 84x16
                  LayoutText {#text} at (32,0) size 20x15
                    text run at (32,0) width 20: "Yes"
                  LayoutInline {SPAN} at (0,0) size 1x15
                    LayoutInline {O:P} at (0,0) size 1x15
              LayoutTableCell {TD} at (367,794) size 105x97 [border: (1px none #808080) none (1px none #808080)] [r=17 c=3 rs=1 cs=1]
                LayoutBlockFlow {P} at (8.19,1) size 90x16
                  LayoutText {#text} at (36,0) size 18x15
                    text run at (36,0) width 18: "No"
                LayoutBlockFlow {P} at (8.19,17) size 90x16
                  LayoutText {#text} at (35,0) size 20x15
                    text run at (35,0) width 20: "Yes"
                LayoutBlockFlow {P} at (8.19,33) size 90x16
                  LayoutText {#text} at (36,0) size 18x15
                    text run at (36,0) width 18: "No"
                LayoutBlockFlow {P} at (8.19,49) size 90x16
                  LayoutText {#text} at (43,0) size 4x15
                    text run at (43,0) width 4: " "
                LayoutBlockFlow {P} at (8.19,65) size 90x16
                  LayoutText {#text} at (36,0) size 18x15
                    text run at (36,0) width 18: "No"
                LayoutBlockFlow {P} at (8.19,81) size 90x16
                  LayoutText {#text} at (36,0) size 18x15
                    text run at (36,0) width 18: "No"
                  LayoutInline {SPAN} at (0,0) size 1x15
                    LayoutInline {O:P} at (0,0) size 1x15
            LayoutTableRow {TR} at (0,907) size 472x65
              LayoutTableCell {TD} at (0,907) size 98x17 [border: (1px none #808080) none] [r=18 c=0 rs=1 cs=1]
                LayoutBlockFlow {P} at (8.19,1) size 83x16
                  LayoutText {#text} at (34,0) size 15x15
                    text run at (34,0) width 15: "19"
                  LayoutInline {SPAN} at (0,0) size 1x15
                    LayoutInline {O:P} at (0,0) size 1x15
              LayoutTableCell {TD} at (98,907) size 170x65 [border: (1px none #808080) none (1px none #808080)] [r=18 c=1 rs=1 cs=1]
                LayoutBlockFlow {P} at (8.19,1) size 155x16
                  LayoutInline {SPAN} at (0,0) size 67x15
                    LayoutText {#text} at (0,0) size 67x15
                      text run at (0,0) width 41: "Noriya "
                      text run at (40,0) width 27: "Kato"
                LayoutBlockFlow {P} at (8.19,17) size 155x16
                  LayoutText {#text} at (0,0) size 56x15
                    text run at (0,0) width 56: "John Todd"
                LayoutBlockFlow {P} at (8.19,33) size 155x16
                  LayoutText {#text} at (0,0) size 73x15
                    text run at (0,0) width 73: "James Brown"
                LayoutBlockFlow {P} at (8.19,49) size 155x16
                  LayoutText {#text} at (0,0) size 84x15
                    text run at (0,0) width 84: "Mike Anderson"
                  LayoutInline {SPAN} at (0,0) size 1x15
                    LayoutInline {O:P} at (0,0) size 1x15
              LayoutTableCell {TD} at (268,907) size 99x65 [border: (1px none #808080) none (1px none #808080)] [r=18 c=2 rs=1 cs=1]
                LayoutBlockFlow {P} at (8.19,1) size 84x16
                  LayoutInline {SPAN} at (0,0) size 20x15
                    LayoutText {#text} at (32,0) size 20x15
                      text run at (32,0) width 20: "Yes"
                LayoutBlockFlow {P} at (8.19,17) size 84x16
                  LayoutText {#text} at (40,0) size 4x15
                    text run at (40,0) width 4: " "
                LayoutBlockFlow {P} at (8.19,33) size 84x16
                  LayoutInline {SPAN} at (0,0) size 20x15
                    LayoutText {#text} at (32,0) size 20x15
                      text run at (32,0) width 20: "Yes"
                LayoutBlockFlow {P} at (8.19,49) size 84x16
                  LayoutInline {SPAN} at (0,0) size 20x15
                    LayoutText {#text} at (32,0) size 20x15
                      text run at (32,0) width 20: "Yes"
                  LayoutInline {SPAN} at (0,0) size 1x15
                    LayoutInline {O:P} at (0,0) size 1x15
              LayoutTableCell {TD} at (367,907) size 105x65 [border: (1px none #808080) none (1px none #808080)] [r=18 c=3 rs=1 cs=1]
                LayoutBlockFlow {P} at (8.19,1) size 90x16
                  LayoutInline {SPAN} at (0,0) size 18x15
                    LayoutText {#text} at (36,0) size 18x15
                      text run at (36,0) width 18: "No"
                LayoutBlockFlow {P} at (8.19,17) size 90x16
                  LayoutText {#text} at (43,0) size 4x15
                    text run at (43,0) width 4: " "
                LayoutBlockFlow {P} at (8.19,33) size 90x16
                  LayoutInline {SPAN} at (0,0) size 18x15
                    LayoutText {#text} at (36,0) size 18x15
                      text run at (36,0) width 18: "No"
                LayoutBlockFlow {P} at (8.19,49) size 90x16
                  LayoutInline {SPAN} at (0,0) size 18x15
                    LayoutText {#text} at (36,0) size 18x15
                      text run at (36,0) width 18: "No"
                  LayoutInline {SPAN} at (0,0) size 1x15
                    LayoutInline {O:P} at (0,0) size 1x15
            LayoutTableRow {TR} at (0,972) size 472x49
              LayoutTableCell {TD} at (0,972) size 98x17 [border: (1px none #808080) none] [r=19 c=0 rs=1 cs=1]
                LayoutBlockFlow {P} at (8.19,1) size 83x16
                  LayoutText {#text} at (34,0) size 15x15
                    text run at (34,0) width 15: "20"
                  LayoutInline {SPAN} at (0,0) size 1x15
                    LayoutInline {O:P} at (0,0) size 1x15
              LayoutTableCell {TD} at (98,972) size 170x49 [border: (1px none #808080) none (1px none #808080)] [r=19 c=1 rs=1 cs=1]
                LayoutBlockFlow {P} at (8.19,1) size 155x16
                  LayoutText {#text} at (0,0) size 68x15
                    text run at (0,0) width 68: "Bill Johnson"
                LayoutBlockFlow {P} at (8.19,17) size 155x16
                  LayoutText {#text} at (0,0) size 88x15
                    text run at (0,0) width 88: "Dominic Bayani"
                LayoutBlockFlow {P} at (8.19,33) size 155x16
                  LayoutText {#text} at (0,0) size 70x15
                    text run at (0,0) width 70: "Rick Latham"
                  LayoutInline {SPAN} at (0,0) size 1x15
                    LayoutInline {O:P} at (0,0) size 1x15
              LayoutTableCell {TD} at (268,972) size 99x49 [border: (1px none #808080) none (1px none #808080)] [r=19 c=2 rs=1 cs=1]
                LayoutBlockFlow {P} at (8.19,1) size 84x16
                  LayoutText {#text} at (32,0) size 20x15
                    text run at (32,0) width 20: "Yes"
                LayoutBlockFlow {P} at (8.19,17) size 84x16
                  LayoutText {#text} at (40,0) size 4x15
                    text run at (40,0) width 4: " "
                LayoutBlockFlow {P} at (8.19,33) size 84x16
                  LayoutText {#text} at (32,0) size 20x15
                    text run at (32,0) width 20: "Yes"
                  LayoutInline {SPAN} at (0,0) size 1x15
                    LayoutInline {O:P} at (0,0) size 1x15
              LayoutTableCell {TD} at (367,972) size 105x49 [border: (1px none #808080) none (1px none #808080)] [r=19 c=3 rs=1 cs=1]
                LayoutBlockFlow {P} at (8.19,1) size 90x16
                  LayoutText {#text} at (36,0) size 18x15
                    text run at (36,0) width 18: "No"
                LayoutBlockFlow {P} at (8.19,17) size 90x16
                  LayoutText {#text} at (43,0) size 4x15
                    text run at (43,0) width 4: " "
                LayoutBlockFlow {P} at (8.19,33) size 90x16
                  LayoutText {#text} at (36,0) size 18x15
                    text run at (36,0) width 18: "No"
                  LayoutInline {SPAN} at (0,0) size 1x15
                    LayoutInline {O:P} at (0,0) size 1x15
            LayoutTableRow {TR} at (0,1021) size 472x17
              LayoutTableCell {TD} at (0,1021) size 98x17 [border: (1px none #808080) none] [r=20 c=0 rs=1 cs=1]
                LayoutBlockFlow {P} at (8.19,1) size 83x16
                  LayoutText {#text} at (34,0) size 15x15
                    text run at (34,0) width 15: "21"
                  LayoutInline {SPAN} at (0,0) size 1x15
                    LayoutInline {O:P} at (0,0) size 1x15
              LayoutTableCell {TD} at (98,1021) size 170x17 [border: (1px none #808080) none (1px none #808080)] [r=20 c=1 rs=1 cs=1]
                LayoutBlockFlow {P} at (8.19,1) size 155x16
                  LayoutText {#text} at (0,0) size 65x15
                    text run at (0,0) width 65: " Simon Tam"
                  LayoutInline {SPAN} at (0,0) size 1x15
                    LayoutInline {O:P} at (0,0) size 1x15
              LayoutTableCell {TD} at (268,1021) size 99x17 [border: (1px none #808080) none (1px none #808080)] [r=20 c=2 rs=1 cs=1]
                LayoutBlockFlow {P} at (8.19,1) size 84x16
                  LayoutText {#text} at (40,0) size 4x15
                    text run at (40,0) width 4: " "
                  LayoutInline {SPAN} at (0,0) size 1x15
                    LayoutInline {O:P} at (0,0) size 1x15
              LayoutTableCell {TD} at (367,1021) size 105x17 [border: (1px none #808080) none (1px none #808080)] [r=20 c=3 rs=1 cs=1]
                LayoutBlockFlow {P} at (8.19,1) size 90x16
                  LayoutText {#text} at (43,0) size 4x15
                    text run at (43,0) width 4: " "
                  LayoutInline {SPAN} at (0,0) size 1x15
                    LayoutInline {O:P} at (0,0) size 1x15
            LayoutTableRow {TR} at (0,1038) size 472x81
              LayoutTableCell {TD} at (0,1038) size 98x17 [border: (1px none #808080) none] [r=21 c=0 rs=1 cs=1]
                LayoutBlockFlow {P} at (8.19,1) size 83x16
                  LayoutText {#text} at (34,0) size 15x15
                    text run at (34,0) width 15: "22"
                  LayoutInline {SPAN} at (0,0) size 1x15
                    LayoutInline {O:P} at (0,0) size 1x15
              LayoutTableCell {TD} at (98,1038) size 170x81 [border: (1px none #808080) none (1px none #808080)] [r=21 c=1 rs=1 cs=1]
                LayoutBlockFlow {P} at (8.19,1) size 155x16
                  LayoutText {#text} at (0,0) size 65x15
                    text run at (0,0) width 65: "Dave Neves"
                  LayoutInline {SPAN} at (0,0) size 1x15
                    LayoutInline {O:P} at (0,0) size 1x15
                LayoutBlockFlow {P} at (8.19,17) size 155x16
                  LayoutText {#text} at (0,0) size 90x15
                    text run at (0,0) width 90: "Grant Sanderson"
                  LayoutInline {SPAN} at (0,0) size 1x15
                    LayoutInline {O:P} at (0,0) size 1x15
                LayoutBlockFlow {P} at (8.19,33) size 155x16
                  LayoutText {#text} at (0,0) size 85x15
                    text run at (0,0) width 85: "Maurice Burton"
                LayoutBlockFlow {P} at (8.19,49) size 155x16
                  LayoutText {#text} at (0,0) size 117x15
                    text run at (0,0) width 117: "Mike Gilmartin ?????"
                LayoutBlockFlow {P} at (8.19,65) size 155x16
                  LayoutText {#text} at (0,0) size 66x15
                    text run at (0,0) width 66: "Chris Walsh"
                  LayoutInline {SPAN} at (0,0) size 1x15
                    LayoutInline {O:P} at (0,0) size 1x15
              LayoutTableCell {TD} at (268,1038) size 99x81 [border: (1px none #808080) none (1px none #808080)] [r=21 c=2 rs=1 cs=1]
                LayoutBlockFlow {P} at (8.19,1) size 84x16
                  LayoutText {#text} at (32,0) size 20x15
                    text run at (32,0) width 20: "Yes"
                  LayoutInline {SPAN} at (0,0) size 1x15
                    LayoutInline {O:P} at (0,0) size 1x15
                LayoutBlockFlow {P} at (8.19,17) size 84x16
                  LayoutText {#text} at (32,0) size 20x15
                    text run at (32,0) width 20: "Yes"
                  LayoutInline {SPAN} at (0,0) size 1x15
                    LayoutInline {O:P} at (0,0) size 1x15
                LayoutBlockFlow {P} at (8.19,33) size 84x16
                  LayoutText {#text} at (32,0) size 20x15
                    text run at (32,0) width 20: "Yes"
                LayoutBlockFlow {P} at (8.19,49) size 84x16
                  LayoutText {#text} at (32,0) size 20x15
                    text run at (32,0) width 20: "Yes"
                LayoutBlockFlow {P} at (8.19,65) size 84x16
                  LayoutText {#text} at (32,0) size 20x15
                    text run at (32,0) width 20: "Yes"
                  LayoutInline {SPAN} at (0,0) size 1x15
                    LayoutInline {O:P} at (0,0) size 1x15
              LayoutTableCell {TD} at (367,1038) size 105x81 [border: (1px none #808080) none (1px none #808080)] [r=21 c=3 rs=1 cs=1]
                LayoutBlockFlow {P} at (8.19,1) size 90x16
                  LayoutText {#text} at (35,0) size 20x15
                    text run at (35,0) width 20: "Yes"
                  LayoutInline {SPAN} at (0,0) size 1x15
                    LayoutInline {O:P} at (0,0) size 1x15
                LayoutBlockFlow {P} at (8.19,17) size 90x16
                  LayoutText {#text} at (36,0) size 18x15
                    text run at (36,0) width 18: "No"
                  LayoutInline {SPAN} at (0,0) size 1x15
                    LayoutInline {O:P} at (0,0) size 1x15
                LayoutBlockFlow {P} at (8.19,33) size 90x16
                  LayoutText {#text} at (36,0) size 18x15
                    text run at (36,0) width 18: "No"
                LayoutBlockFlow {P} at (8.19,49) size 90x16
                  LayoutText {#text} at (35,0) size 20x15
                    text run at (35,0) width 20: "Yes"
                LayoutBlockFlow {P} at (8.19,65) size 90x16
                  LayoutText {#text} at (36,0) size 18x15
                    text run at (36,0) width 18: "No"
                  LayoutInline {SPAN} at (0,0) size 1x15
                    LayoutInline {O:P} at (0,0) size 1x15
            LayoutTableRow {TR} at (0,1119) size 472x81
              LayoutTableCell {TD} at (0,1119) size 98x17 [border: (1px none #808080) none] [r=22 c=0 rs=1 cs=1]
                LayoutBlockFlow {P} at (8.19,1) size 83x16
                  LayoutText {#text} at (34,0) size 15x15
                    text run at (34,0) width 15: "23"
                  LayoutInline {SPAN} at (0,0) size 1x15
                    LayoutInline {O:P} at (0,0) size 1x15
              LayoutTableCell {TD} at (98,1119) size 170x81 [border: (1px none #808080) none (1px none #808080)] [r=22 c=1 rs=1 cs=1]
                LayoutBlockFlow {P} at (8.19,1) size 155x16
                  LayoutText {#text} at (0,0) size 65x15
                    text run at (0,0) width 65: "Dave Neves"
                  LayoutInline {SPAN} at (0,0) size 1x15
                    LayoutInline {O:P} at (0,0) size 1x15
                LayoutBlockFlow {P} at (8.19,17) size 155x16
                  LayoutText {#text} at (0,0) size 85x15
                    text run at (0,0) width 85: "Maurice Burton"
                LayoutBlockFlow {P} at (8.19,33) size 155x16
                  LayoutText {#text} at (0,0) size 63x15
                    text run at (0,0) width 63: "Oliver Baer"
                LayoutBlockFlow {P} at (8.19,49) size 155x16
                  LayoutText {#text} at (0,0) size 56x15
                    text run at (0,0) width 56: "John Todd"
                LayoutBlockFlow {P} at (8.19,65) size 155x16
                  LayoutText {#text} at (0,0) size 66x15
                    text run at (0,0) width 66: "Rich Saunef"
                  LayoutInline {SPAN} at (0,0) size 1x15
                    LayoutInline {O:P} at (0,0) size 1x15
              LayoutTableCell {TD} at (268,1119) size 99x81 [border: (1px none #808080) none (1px none #808080)] [r=22 c=2 rs=1 cs=1]
                LayoutBlockFlow {P} at (8.19,1) size 84x16
                  LayoutText {#text} at (32,0) size 20x15
                    text run at (32,0) width 20: "Yes"
                  LayoutInline {SPAN} at (0,0) size 1x15
                    LayoutInline {O:P} at (0,0) size 1x15
                LayoutBlockFlow {P} at (8.19,17) size 84x16
                  LayoutText {#text} at (32,0) size 20x15
                    text run at (32,0) width 20: "Yes"
                LayoutBlockFlow {P} at (8.19,33) size 84x16
                  LayoutText {#text} at (32,0) size 20x15
                    text run at (32,0) width 20: "Yes"
                LayoutBlockFlow {P} at (8.19,49) size 84x16
                  LayoutText {#text} at (40,0) size 4x15
                    text run at (40,0) width 4: " "
                LayoutBlockFlow {P} at (8.19,65) size 84x16
                  LayoutText {#text} at (32,0) size 20x15
                    text run at (32,0) width 20: "Yes"
                  LayoutInline {SPAN} at (0,0) size 1x15
                    LayoutInline {O:P} at (0,0) size 1x15
              LayoutTableCell {TD} at (367,1119) size 105x81 [border: (1px none #808080) none (1px none #808080)] [r=22 c=3 rs=1 cs=1]
                LayoutBlockFlow {P} at (8.19,1) size 90x16
                  LayoutText {#text} at (35,0) size 20x15
                    text run at (35,0) width 20: "Yes"
                  LayoutInline {SPAN} at (0,0) size 1x15
                    LayoutInline {O:P} at (0,0) size 1x15
                LayoutBlockFlow {P} at (8.19,17) size 90x16
                  LayoutText {#text} at (36,0) size 18x15
                    text run at (36,0) width 18: "No"
                LayoutBlockFlow {P} at (8.19,33) size 90x16
                  LayoutText {#text} at (36,0) size 18x15
                    text run at (36,0) width 18: "No"
                LayoutBlockFlow {P} at (8.19,49) size 90x16
                  LayoutText {#text} at (43,0) size 4x15
                    text run at (43,0) width 4: " "
                LayoutBlockFlow {P} at (8.19,65) size 90x16
                  LayoutText {#text} at (36,0) size 18x15
                    text run at (36,0) width 18: "No"
                  LayoutInline {SPAN} at (0,0) size 1x15
                    LayoutInline {O:P} at (0,0) size 1x15
            LayoutTableRow {TR} at (0,1200) size 472x81
              LayoutTableCell {TD} at (0,1200) size 98x17 [border: (1px none #808080) none] [r=23 c=0 rs=1 cs=1]
                LayoutBlockFlow {P} at (8.19,1) size 83x16
                  LayoutText {#text} at (34,0) size 15x15
                    text run at (34,0) width 15: "24"
                  LayoutInline {SPAN} at (0,0) size 1x15
                    LayoutInline {O:P} at (0,0) size 1x15
              LayoutTableCell {TD} at (98,1200) size 170x81 [border: (1px none #808080) none (1px none #808080)] [r=23 c=1 rs=1 cs=1]
                LayoutBlockFlow {P} at (8.19,1) size 155x16
                  LayoutText {#text} at (0,0) size 67x15
                    text run at (0,0) width 67: " Dan Sievert"
                LayoutBlockFlow {P} at (8.19,17) size 155x16
                  LayoutText {#text} at (0,0) size 62x15
                    text run at (0,0) width 62: "Jerry Davis"
                LayoutBlockFlow {P} at (8.19,33) size 155x16
                  LayoutText {#text} at (0,0) size 63x15
                    text run at (0,0) width 63: "Scott Hersh"
                LayoutBlockFlow {P} at (8.19,49) size 155x16
                  LayoutText {#text} at (0,0) size 51x15
                    text run at (0,0) width 51: "Rick Bell"
                LayoutBlockFlow {P} at (8.19,65) size 155x16
                  LayoutText {#text} at (0,0) size 57x15
                    text run at (0,0) width 57: "Eric Shum"
                  LayoutInline {SPAN} at (0,0) size 1x15
                    LayoutInline {O:P} at (0,0) size 1x15
              LayoutTableCell {TD} at (268,1200) size 99x81 [border: (1px none #808080) none (1px none #808080)] [r=23 c=2 rs=1 cs=1]
                LayoutBlockFlow {P} at (8.19,1) size 84x16
                  LayoutText {#text} at (30,0) size 24x15
                    text run at (30,0) width 24: " Yes"
                LayoutBlockFlow {P} at (8.19,17) size 84x16
                  LayoutText {#text} at (32,0) size 20x15
                    text run at (32,0) width 20: "Yes"
                LayoutBlockFlow {P} at (8.19,33) size 84x16
                  LayoutText {#text} at (32,0) size 20x15
                    text run at (32,0) width 20: "Yes"
                LayoutBlockFlow {P} at (8.19,49) size 84x16
                  LayoutText {#text} at (32,0) size 20x15
                    text run at (32,0) width 20: "Yes"
                LayoutBlockFlow {P} at (8.19,65) size 84x16
                  LayoutText {#text} at (32,0) size 20x15
                    text run at (32,0) width 20: "Yes"
                  LayoutInline {SPAN} at (0,0) size 1x15
                    LayoutInline {O:P} at (0,0) size 1x15
              LayoutTableCell {TD} at (367,1200) size 105x81 [border: (1px none #808080) none (1px none #808080)] [r=23 c=3 rs=1 cs=1]
                LayoutBlockFlow {P} at (8.19,1) size 90x16
                  LayoutText {#text} at (35,0) size 20x15
                    text run at (35,0) width 20: " No"
                LayoutBlockFlow {P} at (8.19,17) size 90x16
                  LayoutText {#text} at (36,0) size 18x15
                    text run at (36,0) width 18: "No"
                LayoutBlockFlow {P} at (8.19,33) size 90x16
                  LayoutText {#text} at (36,0) size 18x15
                    text run at (36,0) width 18: "No"
                LayoutBlockFlow {P} at (8.19,49) size 90x16
                  LayoutText {#text} at (36,0) size 18x15
                    text run at (36,0) width 18: "No"
                LayoutBlockFlow {P} at (8.19,65) size 90x16
                  LayoutText {#text} at (36,0) size 18x15
                    text run at (36,0) width 18: "No"
                  LayoutInline {SPAN} at (0,0) size 1x15
                    LayoutInline {O:P} at (0,0) size 1x15
            LayoutTableRow {TR} at (0,1281) size 472x33
              LayoutTableCell {TD} at (0,1281) size 98x17 [border: (1px none #808080) none] [r=24 c=0 rs=1 cs=1]
                LayoutBlockFlow {P} at (8.19,1) size 83x16
                  LayoutText {#text} at (34,0) size 15x15
                    text run at (34,0) width 15: "25"
                  LayoutInline {SPAN} at (0,0) size 1x15
                    LayoutInline {O:P} at (0,0) size 1x15
              LayoutTableCell {TD} at (98,1281) size 170x33 [border: (1px none #808080) none (1px none #808080)] [r=24 c=1 rs=1 cs=1]
                LayoutBlockFlow {P} at (8.19,1) size 155x16
                  LayoutText {#text} at (0,0) size 71x15
                    text run at (0,0) width 71: "James Davey"
                LayoutBlockFlow {P} at (8.19,17) size 155x16
                  LayoutText {#text} at (0,0) size 93x15
                    text run at (0,0) width 93: "Ruenjoe (Joe) Lu"
                  LayoutInline {SPAN} at (0,0) size 1x15
                    LayoutInline {O:P} at (0,0) size 1x15
              LayoutTableCell {TD} at (268,1281) size 99x17 [border: (1px none #808080) none (1px none #808080)] [r=24 c=2 rs=1 cs=1]
                LayoutBlockFlow {P} at (8.19,1) size 84x16
                  LayoutText {#text} at (32,0) size 20x15
                    text run at (32,0) width 20: "Yes"
                  LayoutInline {SPAN} at (0,0) size 1x15
                    LayoutInline {O:P} at (0,0) size 1x15
              LayoutTableCell {TD} at (367,1281) size 105x17 [border: (1px none #808080) none (1px none #808080)] [r=24 c=3 rs=1 cs=1]
                LayoutBlockFlow {P} at (8.19,1) size 90x16
                  LayoutText {#text} at (35,0) size 20x15
                    text run at (35,0) width 20: "Yes"
                  LayoutInline {SPAN} at (0,0) size 1x15
                    LayoutInline {O:P} at (0,0) size 1x15
            LayoutTableRow {TR} at (0,1314) size 472x161
              LayoutTableCell {TD} at (0,1314) size 98x17 [border: (1px none #808080) none] [r=25 c=0 rs=1 cs=1]
                LayoutBlockFlow {P} at (8.19,1) size 83x16
                  LayoutText {#text} at (34,0) size 15x15
                    text run at (34,0) width 15: "26"
                  LayoutInline {SPAN} at (0,0) size 1x15
                    LayoutInline {O:P} at (0,0) size 1x15
              LayoutTableCell {TD} at (98,1314) size 170x161 [border: (1px none #808080) none (1px none #808080)] [r=25 c=1 rs=1 cs=1]
                LayoutBlockFlow {P} at (8.19,1) size 155x16
                  LayoutText {#text} at (0,0) size 88x15
                    text run at (0,0) width 88: "Alan Littlewood"
                  LayoutInline {SPAN} at (0,0) size 1x15
                    LayoutInline {O:P} at (0,0) size 1x15
                LayoutBlockFlow {P} at (8.19,17) size 155x16
                  LayoutText {#text} at (0,0) size 73x15
                    text run at (0,0) width 73: "Darren Braun"
                  LayoutInline {SPAN} at (0,0) size 1x15
                    LayoutInline {O:P} at (0,0) size 1x15
                LayoutBlockFlow {P} at (8.19,33) size 155x16
                  LayoutText {#text} at (0,0) size 62x15
                    text run at (0,0) width 62: "Simon Tam"
                LayoutBlockFlow {P} at (8.19,49) size 155x16
                  LayoutText {#text} at (0,0) size 77x15
                    text run at (0,0) width 77: "Chuck Pringle"
                LayoutBlockFlow {P} at (8.19,65) size 155x16
                  LayoutText {#text} at (0,0) size 89x15
                    text run at (0,0) width 89: "Gary Pendergras"
                LayoutBlockFlow {P} at (8.19,81) size 155x16
                  LayoutText {#text} at (0,0) size 79x15
                    text run at (0,0) width 79: "Peter Mazanec"
                LayoutBlockFlow {P} at (8.19,97) size 155x16
                  LayoutText {#text} at (0,0) size 83x15
                    text run at (0,0) width 83: "Harry Imamura"
                LayoutBlockFlow {P} at (8.19,113) size 155x16
                  LayoutText {#text} at (0,0) size 59x15
                    text run at (0,0) width 59: "Joe Araujo"
                LayoutBlockFlow {P} at (8.19,129) size 155x16
                  LayoutText {#text} at (0,0) size 79x15
                    text run at (0,0) width 79: "Gary Williams"
                LayoutBlockFlow {P} at (8.19,145) size 155x16
                  LayoutText {#text} at (0,0) size 89x15
                    text run at (0,0) width 89: "Jack Goodfriend"
                  LayoutInline {SPAN} at (0,0) size 1x15
                    LayoutInline {O:P} at (0,0) size 1x15
              LayoutTableCell {TD} at (268,1314) size 99x113 [border: (1px none #808080) none (1px none #808080)] [r=25 c=2 rs=1 cs=1]
                LayoutBlockFlow {P} at (8.19,1) size 84x16
                  LayoutText {#text} at (32,0) size 20x15
                    text run at (32,0) width 20: "Yes"
                  LayoutInline {SPAN} at (0,0) size 1x15
                    LayoutInline {O:P} at (0,0) size 1x15
                LayoutBlockFlow {P} at (8.19,17) size 84x16
                  LayoutText {#text} at (32,0) size 20x15
                    text run at (32,0) width 20: "Yes"
                  LayoutInline {SPAN} at (0,0) size 1x15
                    LayoutInline {O:P} at (0,0) size 1x15
                LayoutBlockFlow {P} at (8.19,33) size 84x16
                  LayoutText {#text} at (32,0) size 20x15
                    text run at (32,0) width 20: "Yes"
                LayoutBlockFlow {P} at (8.19,49) size 84x16
                  LayoutText {#text} at (32,0) size 20x15
                    text run at (32,0) width 20: "Yes"
                LayoutBlockFlow {P} at (8.19,65) size 84x16
                  LayoutText {#text} at (32,0) size 20x15
                    text run at (32,0) width 20: "Yes"
                LayoutBlockFlow {P} at (8.19,81) size 84x16
                  LayoutText {#text} at (32,0) size 20x15
                    text run at (32,0) width 20: "Yes"
                LayoutBlockFlow {P} at (8.19,97) size 84x16
                  LayoutText {#text} at (33,0) size 18x15
                    text run at (33,0) width 18: "No"
                  LayoutInline {SPAN} at (0,0) size 1x15
                    LayoutInline {O:P} at (0,0) size 1x15
              LayoutTableCell {TD} at (367,1314) size 105x113 [border: (1px none #808080) none (1px none #808080)] [r=25 c=3 rs=1 cs=1]
                LayoutBlockFlow {P} at (8.19,1) size 90x16
                  LayoutText {#text} at (36,0) size 18x15
                    text run at (36,0) width 18: "No"
                  LayoutInline {SPAN} at (0,0) size 1x15
                    LayoutInline {O:P} at (0,0) size 1x15
                LayoutBlockFlow {P} at (8.19,17) size 90x16
                  LayoutText {#text} at (36,0) size 18x15
                    text run at (36,0) width 18: "No"
                  LayoutInline {SPAN} at (0,0) size 1x15
                    LayoutInline {O:P} at (0,0) size 1x15
                LayoutBlockFlow {P} at (8.19,33) size 90x16
                  LayoutText {#text} at (36,0) size 18x15
                    text run at (36,0) width 18: "No"
                LayoutBlockFlow {P} at (8.19,49) size 90x16
                  LayoutText {#text} at (36,0) size 18x15
                    text run at (36,0) width 18: "No"
                LayoutBlockFlow {P} at (8.19,65) size 90x16
                  LayoutText {#text} at (36,0) size 18x15
                    text run at (36,0) width 18: "No"
                LayoutBlockFlow {P} at (8.19,81) size 90x16
                  LayoutText {#text} at (36,0) size 18x15
                    text run at (36,0) width 18: "No"
                LayoutBlockFlow {P} at (8.19,97) size 90x16
                  LayoutText {#text} at (35,0) size 20x15
                    text run at (35,0) width 20: "Yes"
                  LayoutInline {SPAN} at (0,0) size 1x15
                    LayoutInline {O:P} at (0,0) size 1x15
            LayoutTableRow {TR} at (0,1475) size 472x97
              LayoutTableCell {TD} at (0,1475) size 98x17 [border: (1px none #808080) none] [r=26 c=0 rs=1 cs=1]
                LayoutBlockFlow {P} at (8.19,1) size 83x16
                  LayoutText {#text} at (34,0) size 15x15
                    text run at (34,0) width 15: "27"
                  LayoutInline {SPAN} at (0,0) size 1x15
                    LayoutInline {O:P} at (0,0) size 1x15
              LayoutTableCell {TD} at (98,1475) size 170x97 [border: (1px none #808080) none (1px none #808080)] [r=26 c=1 rs=1 cs=1]
                LayoutBlockFlow {P} at (8.19,1) size 155x16
                  LayoutText {#text} at (0,0) size 73x15
                    text run at (0,0) width 73: "Darren Braun"
                  LayoutInline {SPAN} at (0,0) size 1x15
                    LayoutInline {O:P} at (0,0) size 1x15
                LayoutBlockFlow {P} at (8.19,17) size 155x16
                  LayoutText {#text} at (0,0) size 94x15
                    text run at (0,0) width 94: "Ian + Brad Carter"
                  LayoutInline {SPAN} at (0,0) size 1x15
                    LayoutInline {O:P} at (0,0) size 1x15
                LayoutBlockFlow {P} at (8.19,33) size 155x16
                  LayoutText {#text} at (0,0) size 73x15
                    text run at (0,0) width 73: "Pete Peterson"
                LayoutBlockFlow {P} at (8.19,49) size 155x16
                  LayoutText {#text} at (0,0) size 83x15
                    text run at (0,0) width 83: "John Chamorro"
                LayoutBlockFlow {P} at (8.19,65) size 155x16
                  LayoutText {#text} at (0,0) size 69x15
                    text run at (0,0) width 69: "Ali Erdengiz"
                LayoutBlockFlow {P} at (8.19,81) size 155x16
                  LayoutText {#text} at (0,0) size 57x15
                    text run at (0,0) width 57: "Saibal Sen"
                  LayoutInline {SPAN} at (0,0) size 1x15
                    LayoutInline {O:P} at (0,0) size 1x15
              LayoutTableCell {TD} at (268,1475) size 99x97 [border: (1px none #808080) none (1px none #808080)] [r=26 c=2 rs=1 cs=1]
                LayoutBlockFlow {P} at (8.19,1) size 84x16
                  LayoutText {#text} at (32,0) size 20x15
                    text run at (32,0) width 20: "Yes"
                  LayoutInline {SPAN} at (0,0) size 1x15
                    LayoutInline {O:P} at (0,0) size 1x15
                LayoutBlockFlow {P} at (8.19,17) size 84x16
                  LayoutText {#text} at (32,0) size 20x15
                    text run at (32,0) width 20: "Yes"
                  LayoutInline {SPAN} at (0,0) size 1x15
                    LayoutInline {O:P} at (0,0) size 1x15
                LayoutBlockFlow {P} at (8.19,33) size 84x16
                  LayoutText {#text} at (32,0) size 20x15
                    text run at (32,0) width 20: "Yes"
                LayoutBlockFlow {P} at (8.19,49) size 84x16
                  LayoutText {#text} at (40,0) size 4x15
                    text run at (40,0) width 4: " "
                LayoutBlockFlow {P} at (8.19,65) size 84x16
                  LayoutText {#text} at (40,0) size 4x15
                    text run at (40,0) width 4: " "
                LayoutBlockFlow {P} at (8.19,81) size 84x16
                  LayoutText {#text} at (32,0) size 20x15
                    text run at (32,0) width 20: "Yes"
                  LayoutInline {SPAN} at (0,0) size 1x15
                    LayoutInline {O:P} at (0,0) size 1x15
              LayoutTableCell {TD} at (367,1475) size 105x97 [border: (1px none #808080) none (1px none #808080)] [r=26 c=3 rs=1 cs=1]
                LayoutBlockFlow {P} at (8.19,1) size 90x16
                  LayoutText {#text} at (36,0) size 18x15
                    text run at (36,0) width 18: "No"
                  LayoutInline {SPAN} at (0,0) size 1x15
                    LayoutInline {O:P} at (0,0) size 1x15
                LayoutBlockFlow {P} at (8.19,17) size 90x16
                  LayoutText {#text} at (36,0) size 18x15
                    text run at (36,0) width 18: "No"
                  LayoutInline {SPAN} at (0,0) size 1x15
                    LayoutInline {O:P} at (0,0) size 1x15
                LayoutBlockFlow {P} at (8.19,33) size 90x16
                  LayoutText {#text} at (36,0) size 18x15
                    text run at (36,0) width 18: "No"
                LayoutBlockFlow {P} at (8.19,49) size 90x16
                  LayoutText {#text} at (43,0) size 4x15
                    text run at (43,0) width 4: " "
                LayoutBlockFlow {P} at (8.19,65) size 90x16
                  LayoutText {#text} at (43,0) size 4x15
                    text run at (43,0) width 4: " "
                LayoutBlockFlow {P} at (8.19,81) size 90x16
                  LayoutText {#text} at (36,0) size 18x15
                    text run at (36,0) width 18: "No"
                  LayoutInline {SPAN} at (0,0) size 1x15
                    LayoutInline {O:P} at (0,0) size 1x15
            LayoutTableRow {TR} at (0,1572) size 472x145
              LayoutTableCell {TD} at (0,1572) size 98x17 [border: (1px none #808080) none] [r=27 c=0 rs=1 cs=1]
                LayoutBlockFlow {P} at (8.19,1) size 83x16
                  LayoutText {#text} at (34,0) size 15x15
                    text run at (34,0) width 15: "28"
                  LayoutInline {SPAN} at (0,0) size 1x15
                    LayoutInline {O:P} at (0,0) size 1x15
              LayoutTableCell {TD} at (98,1572) size 170x145 [border: (1px none #808080) none (1px none #808080)] [r=27 c=1 rs=1 cs=1]
                LayoutBlockFlow {P} at (8.19,1) size 155x16
                  LayoutText {#text} at (0,0) size 93x15
                    text run at (0,0) width 93: "Zak + Mike West"
                  LayoutInline {SPAN} at (0,0) size 1x15
                    LayoutInline {O:P} at (0,0) size 1x15
                LayoutBlockFlow {P} at (8.19,17) size 155x16
                  LayoutText {#text} at (0,0) size 65x15
                    text run at (0,0) width 65: "Dave Neves"
                  LayoutInline {SPAN} at (0,0) size 1x15
                    LayoutInline {O:P} at (0,0) size 1x15
                LayoutBlockFlow {P} at (8.19,33) size 155x16
                  LayoutText {#text} at (0,0) size 79x15
                    text run at (0,0) width 79: "Richard Green"
                  LayoutInline {SPAN} at (0,0) size 1x15
                    LayoutInline {O:P} at (0,0) size 1x15
                LayoutBlockFlow {P} at (8.19,49) size 155x16
                  LayoutText {#text} at (0,0) size 69x15
                    text run at (0,0) width 69: "Javier Flores"
                LayoutBlockFlow {P} at (8.19,65) size 155x16
                  LayoutText {#text} at (0,0) size 86x15
                    text run at (0,0) width 86: "Gerald Cardinal"
                LayoutBlockFlow {P} at (8.19,81) size 155x16
                  LayoutText {#text} at (0,0) size 64x15
                    text run at (0,0) width 64: "Dan Sievert"
                LayoutBlockFlow {P} at (8.19,97) size 155x16
                  LayoutText {#text} at (0,0) size 69x15
                    text run at (0,0) width 69: "Ali Erdengiz"
                LayoutBlockFlow {P} at (8.19,113) size 155x16
                  LayoutText {#text} at (0,0) size 63x15
                    text run at (0,0) width 63: "Paul Walter"
                LayoutBlockFlow {P} at (8.19,129) size 155x16
                  LayoutText {#text} at (0,0) size 62x15
                    text run at (0,0) width 62: "Jerry Davis"
                  LayoutInline {SPAN} at (0,0) size 1x15
                    LayoutInline {O:P} at (0,0) size 1x15
              LayoutTableCell {TD} at (268,1572) size 99x145 [border: (1px none #808080) none (1px none #808080)] [r=27 c=2 rs=1 cs=1]
                LayoutBlockFlow {P} at (8.19,1) size 84x16
                  LayoutText {#text} at (32,0) size 20x15
                    text run at (32,0) width 20: "Yes"
                  LayoutInline {SPAN} at (0,0) size 1x15
                    LayoutInline {O:P} at (0,0) size 1x15
                LayoutBlockFlow {P} at (8.19,17) size 84x16
                  LayoutText {#text} at (32,0) size 20x15
                    text run at (32,0) width 20: "Yes"
                  LayoutInline {SPAN} at (0,0) size 1x15
                    LayoutInline {O:P} at (0,0) size 1x15
                LayoutBlockFlow {P} at (8.19,33) size 84x16
                  LayoutText {#text} at (32,0) size 20x15
                    text run at (32,0) width 20: "Yes"
                  LayoutInline {SPAN} at (0,0) size 1x15
                    LayoutInline {O:P} at (0,0) size 1x15
                LayoutBlockFlow {P} at (8.19,49) size 84x16
                  LayoutText {#text} at (32,0) size 20x15
                    text run at (32,0) width 20: "Yes"
                LayoutBlockFlow {P} at (8.19,65) size 84x16
                  LayoutText {#text} at (40,0) size 4x15
                    text run at (40,0) width 4: " "
                LayoutBlockFlow {P} at (8.19,81) size 84x16
                  LayoutText {#text} at (32,0) size 20x15
                    text run at (32,0) width 20: "Yes"
                LayoutBlockFlow {P} at (8.19,97) size 84x16
                  LayoutText {#text} at (40,0) size 4x15
                    text run at (40,0) width 4: " "
                LayoutBlockFlow {P} at (8.19,113) size 84x16
                  LayoutText {#text} at (40,0) size 4x15
                    text run at (40,0) width 4: " "
                LayoutBlockFlow {P} at (8.19,129) size 84x16
                  LayoutText {#text} at (32,0) size 20x15
                    text run at (32,0) width 20: "Yes"
                  LayoutInline {SPAN} at (0,0) size 1x15
                    LayoutInline {O:P} at (0,0) size 1x15
              LayoutTableCell {TD} at (367,1572) size 105x145 [border: (1px none #808080) none (1px none #808080)] [r=27 c=3 rs=1 cs=1]
                LayoutBlockFlow {P} at (8.19,1) size 90x16
                  LayoutText {#text} at (35,0) size 20x15
                    text run at (35,0) width 20: "Yes"
                  LayoutInline {SPAN} at (0,0) size 1x15
                    LayoutInline {O:P} at (0,0) size 1x15
                LayoutBlockFlow {P} at (8.19,17) size 90x16
                  LayoutText {#text} at (35,0) size 20x15
                    text run at (35,0) width 20: "Yes"
                  LayoutInline {SPAN} at (0,0) size 1x15
                    LayoutInline {O:P} at (0,0) size 1x15
                LayoutBlockFlow {P} at (8.19,33) size 90x16
                  LayoutText {#text} at (36,0) size 18x15
                    text run at (36,0) width 18: "No"
                  LayoutInline {SPAN} at (0,0) size 1x15
                    LayoutInline {O:P} at (0,0) size 1x15
                LayoutBlockFlow {P} at (8.19,49) size 90x16
                  LayoutText {#text} at (36,0) size 18x15
                    text run at (36,0) width 18: "No"
                LayoutBlockFlow {P} at (8.19,65) size 90x16
                  LayoutText {#text} at (43,0) size 4x15
                    text run at (43,0) width 4: " "
                LayoutBlockFlow {P} at (8.19,81) size 90x16
                  LayoutText {#text} at (36,0) size 18x15
                    text run at (36,0) width 18: "No"
                LayoutBlockFlow {P} at (8.19,97) size 90x16
                  LayoutText {#text} at (43,0) size 4x15
                    text run at (43,0) width 4: " "
                LayoutBlockFlow {P} at (8.19,113) size 90x16
                  LayoutText {#text} at (43,0) size 4x15
                    text run at (43,0) width 4: " "
                LayoutBlockFlow {P} at (8.19,129) size 90x16
                  LayoutText {#text} at (36,0) size 18x15
                    text run at (36,0) width 18: "No"
                  LayoutInline {SPAN} at (0,0) size 1x15
                    LayoutInline {O:P} at (0,0) size 1x15
            LayoutTableRow {TR} at (0,1717) size 472x49
              LayoutTableCell {TD} at (0,1717) size 98x17 [border: (1px none #808080) none] [r=28 c=0 rs=1 cs=1]
                LayoutBlockFlow {P} at (8.19,1) size 83x16
                  LayoutText {#text} at (34,0) size 15x15
                    text run at (34,0) width 15: "29"
                  LayoutInline {SPAN} at (0,0) size 1x15
                    LayoutInline {O:P} at (0,0) size 1x15
              LayoutTableCell {TD} at (98,1717) size 170x49 [border: (1px none #808080) none (1px none #808080)] [r=28 c=1 rs=1 cs=1]
                LayoutBlockFlow {P} at (8.19,1) size 155x16
                  LayoutText {#text} at (0,0) size 69x15
                    text run at (0,0) width 69: "Javier Flores"
                  LayoutInline {SPAN} at (0,0) size 1x15
                    LayoutInline {O:P} at (0,0) size 1x15
                LayoutBlockFlow {P} at (8.19,17) size 155x16
                  LayoutText {#text} at (0,0) size 68x15
                    text run at (0,0) width 68: "Bill Johnson"
                LayoutBlockFlow {P} at (8.19,33) size 155x16
                  LayoutText {#text} at (0,0) size 56x15
                    text run at (0,0) width 56: "John Todd"
                  LayoutInline {SPAN} at (0,0) size 1x15
                    LayoutInline {O:P} at (0,0) size 1x15
              LayoutTableCell {TD} at (268,1717) size 99x33 [border: (1px none #808080) none (1px none #808080)] [r=28 c=2 rs=1 cs=1]
                LayoutBlockFlow {P} at (8.19,1) size 84x16
                  LayoutText {#text} at (32,0) size 20x15
                    text run at (32,0) width 20: "Yes"
                  LayoutInline {SPAN} at (0,0) size 1x15
                    LayoutInline {O:P} at (0,0) size 1x15
                LayoutBlockFlow {P} at (8.19,17) size 84x16
                  LayoutText {#text} at (32,0) size 20x15
                    text run at (32,0) width 20: "Yes"
                  LayoutInline {SPAN} at (0,0) size 1x15
                    LayoutInline {O:P} at (0,0) size 1x15
              LayoutTableCell {TD} at (367,1717) size 105x33 [border: (1px none #808080) none (1px none #808080)] [r=28 c=3 rs=1 cs=1]
                LayoutBlockFlow {P} at (8.19,1) size 90x16
                  LayoutText {#text} at (36,0) size 18x15
                    text run at (36,0) width 18: "No"
                  LayoutInline {SPAN} at (0,0) size 1x15
                    LayoutInline {O:P} at (0,0) size 1x15
                LayoutBlockFlow {P} at (8.19,17) size 90x16
                  LayoutText {#text} at (36,0) size 18x15
                    text run at (36,0) width 18: "No"
                  LayoutInline {SPAN} at (0,0) size 1x15
                    LayoutInline {O:P} at (0,0) size 1x15
            LayoutTableRow {TR} at (0,1766) size 472x113
              LayoutTableCell {TD} at (0,1766) size 98x17 [border: (1px none #808080) none] [r=29 c=0 rs=1 cs=1]
                LayoutBlockFlow {P} at (8.19,1) size 83x16
                  LayoutText {#text} at (34,0) size 15x15
                    text run at (34,0) width 15: "30"
                  LayoutInline {SPAN} at (0,0) size 1x15
                    LayoutInline {O:P} at (0,0) size 1x15
              LayoutTableCell {TD} at (98,1766) size 170x113 [border: (1px none #808080) none (1px none #808080)] [r=29 c=1 rs=1 cs=1]
                LayoutBlockFlow {P} at (8.19,1) size 155x16
                  LayoutText {#text} at (0,0) size 88x15
                    text run at (0,0) width 88: "Alan Littlewood"
                  LayoutInline {SPAN} at (0,0) size 1x15
                    LayoutInline {O:P} at (0,0) size 1x15
                LayoutBlockFlow {P} at (8.19,17) size 155x16
                  LayoutText {#text} at (0,0) size 85x15
                    text run at (0,0) width 85: "George Coward"
                  LayoutInline {SPAN} at (0,0) size 1x15
                    LayoutInline {O:P} at (0,0) size 1x15
                LayoutBlockFlow {P} at (8.19,33) size 155x16
                  LayoutText {#text} at (0,0) size 85x15
                    text run at (0,0) width 85: "Maurice Burton"
                LayoutBlockFlow {P} at (8.19,49) size 155x16
                  LayoutText {#text} at (0,0) size 64x15
                    text run at (0,0) width 64: "Dan Sievert"
                LayoutBlockFlow {P} at (8.19,65) size 155x16
                  LayoutText {#text} at (0,0) size 113x15
                    text run at (0,0) width 113: "Michael DeGiovanni"
                LayoutBlockFlow {P} at (8.19,81) size 155x16
                  LayoutText {#text} at (0,0) size 89x15
                    text run at (0,0) width 89: "Jack Goodfriend"
                LayoutBlockFlow {P} at (8.19,97) size 155x16
                  LayoutText {#text} at (0,0) size 90x15
                    text run at (0,0) width 90: "Richard Sanchez"
                  LayoutInline {SPAN} at (0,0) size 1x15
                    LayoutInline {O:P} at (0,0) size 1x15
              LayoutTableCell {TD} at (268,1766) size 99x113 [border: (1px none #808080) none (1px none #808080)] [r=29 c=2 rs=1 cs=1]
                LayoutBlockFlow {P} at (8.19,1) size 84x16
                  LayoutText {#text} at (32,0) size 20x15
                    text run at (32,0) width 20: "Yes"
                  LayoutInline {SPAN} at (0,0) size 1x15
                    LayoutInline {O:P} at (0,0) size 1x15
                LayoutBlockFlow {P} at (8.19,17) size 84x16
                  LayoutText {#text} at (32,0) size 20x15
                    text run at (32,0) width 20: "Yes"
                  LayoutInline {SPAN} at (0,0) size 1x15
                    LayoutInline {O:P} at (0,0) size 1x15
                LayoutBlockFlow {P} at (8.19,33) size 84x16
                  LayoutText {#text} at (32,0) size 20x15
                    text run at (32,0) width 20: "Yes"
                LayoutBlockFlow {P} at (8.19,49) size 84x16
                  LayoutText {#text} at (32,0) size 20x15
                    text run at (32,0) width 20: "Yes"
                LayoutBlockFlow {P} at (8.19,65) size 84x16
                  LayoutText {#text} at (40,0) size 4x15
                    text run at (40,0) width 4: " "
                LayoutBlockFlow {P} at (8.19,81) size 84x16
                  LayoutText {#text} at (40,0) size 4x15
                    text run at (40,0) width 4: " "
                LayoutBlockFlow {P} at (8.19,97) size 84x16
                  LayoutText {#text} at (33,0) size 18x15
                    text run at (33,0) width 18: "No"
                  LayoutInline {SPAN} at (0,0) size 1x15
                    LayoutInline {O:P} at (0,0) size 1x15
              LayoutTableCell {TD} at (367,1766) size 105x113 [border: (1px none #808080) none (1px none #808080)] [r=29 c=3 rs=1 cs=1]
                LayoutBlockFlow {P} at (8.19,1) size 90x16
                  LayoutText {#text} at (36,0) size 18x15
                    text run at (36,0) width 18: "No"
                  LayoutInline {SPAN} at (0,0) size 1x15
                    LayoutInline {O:P} at (0,0) size 1x15
                LayoutBlockFlow {P} at (8.19,17) size 90x16
                  LayoutText {#text} at (36,0) size 18x15
                    text run at (36,0) width 18: "No"
                  LayoutInline {SPAN} at (0,0) size 1x15
                    LayoutInline {O:P} at (0,0) size 1x15
                LayoutBlockFlow {P} at (8.19,33) size 90x16
                  LayoutText {#text} at (36,0) size 18x15
                    text run at (36,0) width 18: "No"
                LayoutBlockFlow {P} at (8.19,49) size 90x16
                  LayoutText {#text} at (36,0) size 18x15
                    text run at (36,0) width 18: "No"
                LayoutBlockFlow {P} at (8.19,65) size 90x16
                  LayoutText {#text} at (43,0) size 4x15
                    text run at (43,0) width 4: " "
                LayoutBlockFlow {P} at (8.19,81) size 90x16
                  LayoutText {#text} at (43,0) size 4x15
                    text run at (43,0) width 4: " "
                LayoutBlockFlow {P} at (8.19,97) size 90x16
                  LayoutText {#text} at (35,0) size 20x15
                    text run at (35,0) width 20: "Yes"
                  LayoutInline {SPAN} at (0,0) size 1x15
                    LayoutInline {O:P} at (0,0) size 1x15
            LayoutTableRow {TR} at (0,1879) size 472x49
              LayoutTableCell {TD} at (0,1879) size 98x17 [border: (1px none #808080) none] [r=30 c=0 rs=1 cs=1]
                LayoutBlockFlow {P} at (8.19,1) size 83x16
                  LayoutText {#text} at (34,0) size 15x15
                    text run at (34,0) width 15: "31"
                  LayoutInline {SPAN} at (0,0) size 1x15
                    LayoutInline {O:P} at (0,0) size 1x15
              LayoutTableCell {TD} at (98,1879) size 170x49 [border: (1px none #808080) none (1px none #808080)] [r=30 c=1 rs=1 cs=1]
                LayoutBlockFlow {P} at (8.19,1) size 155x16
                  LayoutText {#text} at (0,0) size 65x15
                    text run at (0,0) width 65: "Dave Neves"
                LayoutBlockFlow {P} at (8.19,17) size 155x16
                  LayoutText {#text} at (0,0) size 80x15
                    text run at (0,0) width 80: "James Haladus"
                LayoutBlockFlow {P} at (8.19,33) size 155x16
                  LayoutText {#text} at (0,0) size 64x15
                    text run at (0,0) width 64: "Randy Reid"
                  LayoutInline {SPAN} at (0,0) size 1x15
                    LayoutInline {O:P} at (0,0) size 1x15
              LayoutTableCell {TD} at (268,1879) size 99x33 [border: (1px none #808080) none (1px none #808080)] [r=30 c=2 rs=1 cs=1]
                LayoutBlockFlow {P} at (8.19,1) size 84x16
                  LayoutText {#text} at (32,0) size 20x15
                    text run at (32,0) width 20: "Yes"
                LayoutBlockFlow {P} at (8.19,17) size 84x16
                  LayoutText {#text} at (32,0) size 20x15
                    text run at (32,0) width 20: "Yes"
                  LayoutInline {SPAN} at (0,0) size 1x15
                    LayoutInline {O:P} at (0,0) size 1x15
              LayoutTableCell {TD} at (367,1879) size 105x33 [border: (1px none #808080) none (1px none #808080)] [r=30 c=3 rs=1 cs=1]
                LayoutBlockFlow {P} at (8.19,1) size 90x16
                  LayoutText {#text} at (35,0) size 20x15
                    text run at (35,0) width 20: "Yes"
                LayoutBlockFlow {P} at (8.19,17) size 90x16
                  LayoutText {#text} at (36,0) size 18x15
                    text run at (36,0) width 18: "No"
                  LayoutInline {SPAN} at (0,0) size 1x15
                    LayoutInline {O:P} at (0,0) size 1x15
            LayoutTableRow {TR} at (0,1928) size 472x65
              LayoutTableCell {TD} at (0,1928) size 98x17 [border: (1px none #808080) none] [r=31 c=0 rs=1 cs=1]
                LayoutBlockFlow {P} at (8.19,1) size 83x16
                  LayoutText {#text} at (34,0) size 15x15
                    text run at (34,0) width 15: "32"
                  LayoutInline {SPAN} at (0,0) size 1x15
                    LayoutInline {O:P} at (0,0) size 1x15
              LayoutTableCell {TD} at (98,1928) size 170x65 [border: (1px none #808080) none (1px none #808080)] [r=31 c=1 rs=1 cs=1]
                LayoutBlockFlow {P} at (8.19,1) size 155x16
                  LayoutText {#text} at (0,0) size 66x15
                    text run at (0,0) width 66: " Oliver Baer"
                LayoutBlockFlow {P} at (8.19,17) size 155x16
                  LayoutText {#text} at (0,0) size 68x15
                    text run at (0,0) width 68: "Dale Barnett"
                LayoutBlockFlow {P} at (8.19,33) size 155x16
                  LayoutText {#text} at (0,0) size 56x15
                    text run at (0,0) width 56: "John Todd"
                LayoutBlockFlow {P} at (8.19,49) size 155x16
                  LayoutText {#text} at (0,0) size 88x15
                    text run at (0,0) width 88: "Dominic Bayani"
                  LayoutInline {SPAN} at (0,0) size 1x15
                    LayoutInline {O:P} at (0,0) size 1x15
              LayoutTableCell {TD} at (268,1928) size 99x33 [border: (1px none #808080) none (1px none #808080)] [r=31 c=2 rs=1 cs=1]
                LayoutBlockFlow {P} at (8.19,1) size 84x16
                  LayoutText {#text} at (30,0) size 24x15
                    text run at (30,0) width 24: " Yes"
                LayoutBlockFlow {P} at (8.19,17) size 84x16
                  LayoutText {#text} at (32,0) size 20x15
                    text run at (32,0) width 20: "Yes"
                  LayoutInline {SPAN} at (0,0) size 1x15
                    LayoutInline {O:P} at (0,0) size 1x15
              LayoutTableCell {TD} at (367,1928) size 105x33 [border: (1px none #808080) none (1px none #808080)] [r=31 c=3 rs=1 cs=1]
                LayoutBlockFlow {P} at (8.19,1) size 90x16
                  LayoutText {#text} at (35,0) size 20x15
                    text run at (35,0) width 20: " No"
                LayoutBlockFlow {P} at (8.19,17) size 90x16
                  LayoutText {#text} at (36,0) size 18x15
                    text run at (36,0) width 18: "No"
                  LayoutInline {SPAN} at (0,0) size 1x15
                    LayoutInline {O:P} at (0,0) size 1x15
            LayoutTableRow {TR} at (0,1993) size 472x145
              LayoutTableCell {TD} at (0,1993) size 98x17 [border: (1px none #808080) none] [r=32 c=0 rs=1 cs=1]
                LayoutBlockFlow {P} at (8.19,1) size 83x16
                  LayoutText {#text} at (34,0) size 15x15
                    text run at (34,0) width 15: "33"
                  LayoutInline {SPAN} at (0,0) size 1x15
                    LayoutInline {O:P} at (0,0) size 1x15
              LayoutTableCell {TD} at (98,1993) size 170x145 [border: (1px none #808080) none (1px none #808080)] [r=32 c=1 rs=1 cs=1]
                LayoutBlockFlow {P} at (8.19,1) size 155x16
                  LayoutText {#text} at (0,0) size 69x15
                    text run at (0,0) width 69: "Tom Wagner"
                  LayoutInline {SPAN} at (0,0) size 1x15
                    LayoutInline {O:P} at (0,0) size 1x15
                LayoutBlockFlow {P} at (8.19,17) size 155x16
                  LayoutText {#text} at (0,0) size 76x15
                    text run at (0,0) width 76: "Gene Langley"
                LayoutBlockFlow {P} at (8.19,33) size 155x16
                  LayoutText {#text} at (0,0) size 80x15
                    text run at (0,0) width 80: "James Haladus"
                LayoutBlockFlow {P} at (8.19,49) size 155x16
                  LayoutText {#text} at (0,0) size 84x15
                    text run at (0,0) width 84: "Daniel Buckley"
                LayoutBlockFlow {P} at (8.19,65) size 155x16
                  LayoutText {#text} at (0,0) size 69x15
                    text run at (0,0) width 69: "Chris Larsen"
                LayoutBlockFlow {P} at (8.19,81) size 155x16
                  LayoutText {#text} at (0,0) size 72x15
                    text run at (0,0) width 72: "Mike Chansu"
                LayoutBlockFlow {P} at (8.19,97) size 155x16
                  LayoutText {#text} at (0,0) size 73x15
                    text run at (0,0) width 73: "James Brown"
                LayoutBlockFlow {P} at (8.19,113) size 155x16
                  LayoutText {#text} at (0,0) size 65x15
                    text run at (0,0) width 65: "Will Sievert"
                LayoutBlockFlow {P} at (8.19,129) size 155x16
                  LayoutText {#text} at (0,0) size 68x15
                    text run at (0,0) width 68: "Terry Chong"
                  LayoutInline {SPAN} at (0,0) size 1x15
                    LayoutInline {O:P} at (0,0) size 1x15
              LayoutTableCell {TD} at (268,1993) size 99x145 [border: (1px none #808080) none (1px none #808080)] [r=32 c=2 rs=1 cs=1]
                LayoutBlockFlow {P} at (8.19,1) size 84x16
                  LayoutText {#text} at (32,0) size 20x15
                    text run at (32,0) width 20: "Yes"
                  LayoutInline {SPAN} at (0,0) size 1x15
                    LayoutInline {O:P} at (0,0) size 1x15
                LayoutBlockFlow {P} at (8.19,17) size 84x16
                  LayoutText {#text} at (32,0) size 20x15
                    text run at (32,0) width 20: "Yes"
                LayoutBlockFlow {P} at (8.19,33) size 84x16
                  LayoutText {#text} at (32,0) size 20x15
                    text run at (32,0) width 20: "Yes"
                LayoutBlockFlow {P} at (8.19,49) size 84x16
                  LayoutText {#text} at (32,0) size 20x15
                    text run at (32,0) width 20: "Yes"
                LayoutBlockFlow {P} at (8.19,65) size 84x16
                  LayoutText {#text} at (40,0) size 4x15
                    text run at (40,0) width 4: " "
                LayoutBlockFlow {P} at (8.19,81) size 84x16
                  LayoutText {#text} at (32,0) size 20x15
                    text run at (32,0) width 20: "Yes"
                LayoutBlockFlow {P} at (8.19,97) size 84x16
                  LayoutText {#text} at (32,0) size 20x15
                    text run at (32,0) width 20: "Yes"
                LayoutBlockFlow {P} at (8.19,113) size 84x16
                  LayoutText {#text} at (32,0) size 20x15
                    text run at (32,0) width 20: "Yes"
                LayoutBlockFlow {P} at (8.19,129) size 84x16
                  LayoutText {#text} at (32,0) size 20x15
                    text run at (32,0) width 20: "Yes"
                  LayoutInline {SPAN} at (0,0) size 1x15
                    LayoutInline {O:P} at (0,0) size 1x15
              LayoutTableCell {TD} at (367,1993) size 105x145 [border: (1px none #808080) none (1px none #808080)] [r=32 c=3 rs=1 cs=1]
                LayoutBlockFlow {P} at (8.19,1) size 90x16
                  LayoutText {#text} at (36,0) size 18x15
                    text run at (36,0) width 18: "No"
                  LayoutInline {SPAN} at (0,0) size 1x15
                    LayoutInline {O:P} at (0,0) size 1x15
                LayoutBlockFlow {P} at (8.19,17) size 90x16
                  LayoutText {#text} at (5,0) size 80x15
                    text run at (5,0) width 80: "Gyro wannabe"
                LayoutBlockFlow {P} at (8.19,33) size 90x16
                  LayoutText {#text} at (36,0) size 18x15
                    text run at (36,0) width 18: "No"
                LayoutBlockFlow {P} at (8.19,49) size 90x16
                  LayoutText {#text} at (36,0) size 18x15
                    text run at (36,0) width 18: "No"
                LayoutBlockFlow {P} at (8.19,65) size 90x16
                  LayoutText {#text} at (43,0) size 4x15
                    text run at (43,0) width 4: " "
                LayoutBlockFlow {P} at (8.19,81) size 90x16
                  LayoutText {#text} at (36,0) size 18x15
                    text run at (36,0) width 18: "No"
                LayoutBlockFlow {P} at (8.19,97) size 90x16
                  LayoutText {#text} at (36,0) size 18x15
                    text run at (36,0) width 18: "No"
                LayoutBlockFlow {P} at (8.19,113) size 90x16
                  LayoutText {#text} at (36,0) size 18x15
                    text run at (36,0) width 18: "No"
                LayoutBlockFlow {P} at (8.19,129) size 90x16
                  LayoutText {#text} at (36,0) size 18x15
                    text run at (36,0) width 18: "No"
                  LayoutInline {SPAN} at (0,0) size 1x15
                    LayoutInline {O:P} at (0,0) size 1x15
            LayoutTableRow {TR} at (0,2138) size 472x129
              LayoutTableCell {TD} at (0,2138) size 98x17 [border: (1px none #808080) none] [r=33 c=0 rs=1 cs=1]
                LayoutBlockFlow {P} at (8.19,1) size 83x16
                  LayoutText {#text} at (34,0) size 15x15
                    text run at (34,0) width 15: "34"
                  LayoutInline {SPAN} at (0,0) size 1x15
                    LayoutInline {O:P} at (0,0) size 1x15
              LayoutTableCell {TD} at (98,2138) size 170x129 [border: (1px none #808080) none (1px none #808080)] [r=33 c=1 rs=1 cs=1]
                LayoutBlockFlow {P} at (8.19,1) size 155x16
                  LayoutText {#text} at (0,0) size 57x15
                    text run at (0,0) width 57: "Jay Ribera"
                LayoutBlockFlow {P} at (8.19,17) size 155x16
                  LayoutText {#text} at (0,0) size 86x15
                    text run at (0,0) width 86: "Gerald Cardinal"
                LayoutBlockFlow {P} at (8.19,33) size 155x16
                  LayoutText {#text} at (0,0) size 68x15
                    text run at (0,0) width 68: "Dale Barnett"
                LayoutBlockFlow {P} at (8.19,49) size 155x16
                  LayoutText {#text} at (0,0) size 63x15
                    text run at (0,0) width 63: "Paul Walter"
                LayoutBlockFlow {P} at (8.19,65) size 155x16
                  LayoutText {#text} at (0,0) size 88x15
                    text run at (0,0) width 88: "Dominic Bayani"
                LayoutBlockFlow {P} at (8.19,81) size 155x16
                  LayoutText {#text} at (0,0) size 92x15
                    text run at (0,0) width 92: "Donald Carvalho"
                LayoutBlockFlow {P} at (8.19,97) size 155x16
                  LayoutText {#text} at (0,0) size 73x15
                    text run at (0,0) width 73: "Jack Peterson"
                LayoutBlockFlow {P} at (8.19,113) size 155x16
                  LayoutText {#text} at (0,0) size 63x15
                    text run at (0,0) width 63: "Scott Hersh"
                  LayoutInline {SPAN} at (0,0) size 1x15
                    LayoutInline {O:P} at (0,0) size 1x15
              LayoutTableCell {TD} at (268,2138) size 99x129 [border: (1px none #808080) none (1px none #808080)] [r=33 c=2 rs=1 cs=1]
                LayoutBlockFlow {P} at (8.19,1) size 84x16
                  LayoutText {#text} at (32,0) size 20x15
                    text run at (32,0) width 20: "Yes"
                LayoutBlockFlow {P} at (8.19,17) size 84x16
                  LayoutText {#text} at (40,0) size 4x15
                    text run at (40,0) width 4: " "
                LayoutBlockFlow {P} at (8.19,33) size 84x16
                  LayoutText {#text} at (32,0) size 20x15
                    text run at (32,0) width 20: "Yes"
                LayoutBlockFlow {P} at (8.19,49) size 84x16
                  LayoutText {#text} at (40,0) size 4x15
                    text run at (40,0) width 4: " "
                LayoutBlockFlow {P} at (8.19,65) size 84x16
                  LayoutText {#text} at (40,0) size 4x15
                    text run at (40,0) width 4: " "
                LayoutBlockFlow {P} at (8.19,81) size 84x16
                  LayoutText {#text} at (40,0) size 4x15
                    text run at (40,0) width 4: " "
                LayoutBlockFlow {P} at (8.19,97) size 84x16
                  LayoutText {#text} at (40,0) size 4x15
                    text run at (40,0) width 4: " "
                LayoutBlockFlow {P} at (8.19,113) size 84x16
                  LayoutText {#text} at (32,0) size 20x15
                    text run at (32,0) width 20: "Yes"
                  LayoutInline {SPAN} at (0,0) size 1x15
                    LayoutInline {O:P} at (0,0) size 1x15
              LayoutTableCell {TD} at (367,2138) size 105x129 [border: (1px none #808080) none (1px none #808080)] [r=33 c=3 rs=1 cs=1]
                LayoutBlockFlow {P} at (8.19,1) size 90x16
                  LayoutText {#text} at (36,0) size 18x15
                    text run at (36,0) width 18: "No"
                LayoutBlockFlow {P} at (8.19,17) size 90x16
                  LayoutText {#text} at (43,0) size 4x15
                    text run at (43,0) width 4: " "
                LayoutBlockFlow {P} at (8.19,33) size 90x16
                  LayoutText {#text} at (36,0) size 18x15
                    text run at (36,0) width 18: "No"
                LayoutBlockFlow {P} at (8.19,49) size 90x16
                  LayoutText {#text} at (43,0) size 4x15
                    text run at (43,0) width 4: " "
                LayoutBlockFlow {P} at (8.19,65) size 90x16
                  LayoutText {#text} at (43,0) size 4x15
                    text run at (43,0) width 4: " "
                LayoutBlockFlow {P} at (8.19,81) size 90x16
                  LayoutText {#text} at (43,0) size 4x15
                    text run at (43,0) width 4: " "
                LayoutBlockFlow {P} at (8.19,97) size 90x16
                  LayoutText {#text} at (43,0) size 4x15
                    text run at (43,0) width 4: " "
                LayoutBlockFlow {P} at (8.19,113) size 90x16
                  LayoutText {#text} at (36,0) size 18x15
                    text run at (36,0) width 18: "No"
                  LayoutInline {SPAN} at (0,0) size 1x15
                    LayoutInline {O:P} at (0,0) size 1x15
            LayoutTableRow {TR} at (0,2267) size 472x81
              LayoutTableCell {TD} at (0,2267) size 98x17 [border: (1px none #808080) none] [r=34 c=0 rs=1 cs=1]
                LayoutBlockFlow {P} at (8.19,1) size 83x16
                  LayoutText {#text} at (34,0) size 15x15
                    text run at (34,0) width 15: "35"
                  LayoutInline {SPAN} at (0,0) size 1x15
                    LayoutInline {O:P} at (0,0) size 1x15
              LayoutTableCell {TD} at (98,2267) size 170x81 [border: (1px none #808080) none (1px none #808080)] [r=34 c=1 rs=1 cs=1]
                LayoutBlockFlow {P} at (8.19,1) size 155x16
                  LayoutText {#text} at (0,0) size 82x15
                    text run at (0,0) width 82: " Richard Green"
                LayoutBlockFlow {P} at (8.19,17) size 155x16
                  LayoutText {#text} at (0,0) size 66x15
                    text run at (0,0) width 66: "David Allen"
                LayoutBlockFlow {P} at (8.19,33) size 155x16
                  LayoutText {#text} at (0,0) size 59x15
                    text run at (0,0) width 59: "Jim Colvin"
                LayoutBlockFlow {P} at (8.19,49) size 155x16
                  LayoutText {#text} at (0,0) size 70x15
                    text run at (0,0) width 70: "Harald Close"
                LayoutBlockFlow {P} at (8.19,65) size 155x16
                  LayoutText {#text} at (0,0) size 63x15
                    text run at (0,0) width 63: "Oliver Baer"
                  LayoutInline {SPAN} at (0,0) size 1x15
                    LayoutInline {O:P} at (0,0) size 1x15
              LayoutTableCell {TD} at (268,2267) size 99x81 [border: (1px none #808080) none (1px none #808080)] [r=34 c=2 rs=1 cs=1]
                LayoutBlockFlow {P} at (8.19,1) size 84x16
                  LayoutText {#text} at (40,0) size 4x15
                    text run at (40,0) width 4: " "
                LayoutBlockFlow {P} at (8.19,17) size 84x16
                  LayoutText {#text} at (40,0) size 4x15
                    text run at (40,0) width 4: " "
                LayoutBlockFlow {P} at (8.19,33) size 84x16
                  LayoutText {#text} at (40,0) size 4x15
                    text run at (40,0) width 4: " "
                LayoutBlockFlow {P} at (8.19,49) size 84x16
                  LayoutText {#text} at (32,0) size 20x15
                    text run at (32,0) width 20: "Yes"
                LayoutBlockFlow {P} at (8.19,65) size 84x16
                  LayoutText {#text} at (32,0) size 20x15
                    text run at (32,0) width 20: "Yes"
                  LayoutInline {SPAN} at (0,0) size 1x15
                    LayoutInline {O:P} at (0,0) size 1x15
              LayoutTableCell {TD} at (367,2267) size 105x81 [border: (1px none #808080) none (1px none #808080)] [r=34 c=3 rs=1 cs=1]
                LayoutBlockFlow {P} at (8.19,1) size 90x16
                  LayoutText {#text} at (43,0) size 4x15
                    text run at (43,0) width 4: " "
                LayoutBlockFlow {P} at (8.19,17) size 90x16
                  LayoutText {#text} at (43,0) size 4x15
                    text run at (43,0) width 4: " "
                LayoutBlockFlow {P} at (8.19,33) size 90x16
                  LayoutText {#text} at (43,0) size 4x15
                    text run at (43,0) width 4: " "
                LayoutBlockFlow {P} at (8.19,49) size 90x16
                  LayoutText {#text} at (35,0) size 20x15
                    text run at (35,0) width 20: "Yes"
                LayoutBlockFlow {P} at (8.19,65) size 90x16
                  LayoutText {#text} at (36,0) size 18x15
                    text run at (36,0) width 18: "No"
                  LayoutInline {SPAN} at (0,0) size 1x15
                    LayoutInline {O:P} at (0,0) size 1x15
            LayoutTableRow {TR} at (0,2348) size 472x81
              LayoutTableCell {TD} at (0,2348) size 98x17 [border: (1px none #808080) none] [r=35 c=0 rs=1 cs=1]
                LayoutBlockFlow {P} at (8.19,1) size 83x16
                  LayoutText {#text} at (34,0) size 15x15
                    text run at (34,0) width 15: "36"
                  LayoutInline {SPAN} at (0,0) size 1x15
                    LayoutInline {O:P} at (0,0) size 1x15
              LayoutTableCell {TD} at (98,2348) size 170x81 [border: (1px none #808080) none (1px none #808080)] [r=35 c=1 rs=1 cs=1]
                LayoutBlockFlow {P} at (8.19,1) size 155x16
                  LayoutText {#text} at (0,0) size 71x15
                    text run at (0,0) width 71: "Jason Beehm"
                LayoutBlockFlow {P} at (8.19,17) size 155x16
                  LayoutText {#text} at (0,0) size 94x15
                    text run at (0,0) width 94: "Darrell Carpenter"
                LayoutBlockFlow {P} at (8.19,33) size 155x16
                  LayoutText {#text} at (0,0) size 82x15
                    text run at (0,0) width 82: "Stefan Kiritzov"
                LayoutBlockFlow {P} at (8.19,49) size 155x16
                  LayoutText {#text} at (0,0) size 68x15
                    text run at (0,0) width 68: "Dale Barnett"
                LayoutBlockFlow {P} at (8.19,65) size 155x16
                  LayoutText {#text} at (0,0) size 64x15
                    text run at (0,0) width 64: "Dan Sievert"
                  LayoutInline {SPAN} at (0,0) size 1x15
                    LayoutInline {O:P} at (0,0) size 1x15
              LayoutTableCell {TD} at (268,2348) size 99x81 [border: (1px none #808080) none (1px none #808080)] [r=35 c=2 rs=1 cs=1]
                LayoutBlockFlow {P} at (8.19,1) size 84x16
                  LayoutText {#text} at (32,0) size 20x15
                    text run at (32,0) width 20: "Yes"
                LayoutBlockFlow {P} at (8.19,17) size 84x16
                  LayoutText {#text} at (32,0) size 20x15
                    text run at (32,0) width 20: "Yes"
                LayoutBlockFlow {P} at (8.19,33) size 84x16
                  LayoutText {#text} at (32,0) size 20x15
                    text run at (32,0) width 20: "Yes"
                LayoutBlockFlow {P} at (8.19,49) size 84x16
                  LayoutText {#text} at (32,0) size 20x15
                    text run at (32,0) width 20: "Yes"
                LayoutBlockFlow {P} at (8.19,65) size 84x16
                  LayoutText {#text} at (32,0) size 20x15
                    text run at (32,0) width 20: "Yes"
                  LayoutInline {SPAN} at (0,0) size 1x15
                    LayoutInline {O:P} at (0,0) size 1x15
              LayoutTableCell {TD} at (367,2348) size 105x81 [border: (1px none #808080) none (1px none #808080)] [r=35 c=3 rs=1 cs=1]
                LayoutBlockFlow {P} at (8.19,1) size 90x16
                  LayoutText {#text} at (36,0) size 18x15
                    text run at (36,0) width 18: "No"
                LayoutBlockFlow {P} at (8.19,17) size 90x16
                  LayoutText {#text} at (36,0) size 18x15
                    text run at (36,0) width 18: "No"
                LayoutBlockFlow {P} at (8.19,33) size 90x16
                  LayoutText {#text} at (35,0) size 20x15
                    text run at (35,0) width 20: "Yes"
                LayoutBlockFlow {P} at (8.19,49) size 90x16
                  LayoutText {#text} at (36,0) size 18x15
                    text run at (36,0) width 18: "No"
                LayoutBlockFlow {P} at (8.19,65) size 90x16
                  LayoutText {#text} at (36,0) size 18x15
                    text run at (36,0) width 18: "No"
                  LayoutInline {SPAN} at (0,0) size 1x15
                    LayoutInline {O:P} at (0,0) size 1x15
            LayoutTableRow {TR} at (0,2429) size 472x65
              LayoutTableCell {TD} at (0,2429) size 98x17 [border: (1px none #808080) none] [r=36 c=0 rs=1 cs=1]
                LayoutBlockFlow {P} at (8.19,1) size 83x16
                  LayoutText {#text} at (34,0) size 15x15
                    text run at (34,0) width 15: "37"
                  LayoutInline {SPAN} at (0,0) size 1x15
                    LayoutInline {O:P} at (0,0) size 1x15
              LayoutTableCell {TD} at (98,2429) size 170x65 [border: (1px none #808080) none (1px none #808080)] [r=36 c=1 rs=1 cs=1]
                LayoutBlockFlow {P} at (8.19,1) size 155x16
                  LayoutText {#text} at (0,0) size 94x15
                    text run at (0,0) width 94: "Dominic Civiletti"
                LayoutBlockFlow {P} at (8.19,17) size 155x16
                  LayoutText {#text} at (0,0) size 83x15
                    text run at (0,0) width 83: "John Chamorro"
                LayoutBlockFlow {P} at (8.19,33) size 155x16
                  LayoutText {#text} at (0,0) size 75x15
                    text run at (0,0) width 75: "Jim Mirowski"
                LayoutBlockFlow {P} at (8.19,49) size 155x16
                  LayoutText {#text} at (0,0) size 78x15
                    text run at (0,0) width 78: "Soohong  Kim"
                  LayoutInline {SPAN} at (0,0) size 1x15
                    LayoutInline {O:P} at (0,0) size 1x15
              LayoutTableCell {TD} at (268,2429) size 99x65 [border: (1px none #808080) none (1px none #808080)] [r=36 c=2 rs=1 cs=1]
                LayoutBlockFlow {P} at (8.19,1) size 84x16
                  LayoutText {#text} at (32,0) size 20x15
                    text run at (32,0) width 20: "Yes"
                LayoutBlockFlow {P} at (8.19,17) size 84x16
                  LayoutText {#text} at (40,0) size 4x15
                    text run at (40,0) width 4: " "
                LayoutBlockFlow {P} at (8.19,33) size 84x16
                  LayoutText {#text} at (40,0) size 4x15
                    text run at (40,0) width 4: " "
                LayoutBlockFlow {P} at (8.19,49) size 84x16
                  LayoutText {#text} at (32,0) size 20x15
                    text run at (32,0) width 20: "Yes"
                  LayoutInline {SPAN} at (0,0) size 1x15
                    LayoutInline {O:P} at (0,0) size 1x15
              LayoutTableCell {TD} at (367,2429) size 105x65 [border: (1px none #808080) none (1px none #808080)] [r=36 c=3 rs=1 cs=1]
                LayoutBlockFlow {P} at (8.19,1) size 90x16
                  LayoutText {#text} at (36,0) size 18x15
                    text run at (36,0) width 18: "No"
                LayoutBlockFlow {P} at (8.19,17) size 90x16
                  LayoutText {#text} at (43,0) size 4x15
                    text run at (43,0) width 4: " "
                LayoutBlockFlow {P} at (8.19,33) size 90x16
                  LayoutText {#text} at (43,0) size 4x15
                    text run at (43,0) width 4: " "
                LayoutBlockFlow {P} at (8.19,49) size 90x16
                  LayoutText {#text} at (36,0) size 18x15
                    text run at (36,0) width 18: "No"
                  LayoutInline {SPAN} at (0,0) size 1x15
                    LayoutInline {O:P} at (0,0) size 1x15
            LayoutTableRow {TR} at (0,2494) size 472x97
              LayoutTableCell {TD} at (0,2494) size 98x17 [border: (1px none #808080) none] [r=37 c=0 rs=1 cs=1]
                LayoutBlockFlow {P} at (8.19,1) size 83x16
                  LayoutText {#text} at (34,0) size 15x15
                    text run at (34,0) width 15: "38"
                  LayoutInline {SPAN} at (0,0) size 1x15
                    LayoutInline {O:P} at (0,0) size 1x15
              LayoutTableCell {TD} at (98,2494) size 170x97 [border: (1px none #808080) none (1px none #808080)] [r=37 c=1 rs=1 cs=1]
                LayoutBlockFlow {P} at (8.19,1) size 155x16
                  LayoutText {#text} at (0,0) size 102x15
                    text run at (0,0) width 102: "Karl Allmendinger"
                  LayoutInline {SPAN} at (0,0) size 1x15
                    LayoutInline {O:P} at (0,0) size 1x15
                LayoutBlockFlow {P} at (8.19,17) size 155x16
                  LayoutText {#text} at (0,0) size 65x15
                    text run at (0,0) width 65: "John Bernal"
                  LayoutInline {SPAN} at (0,0) size 1x15
                    LayoutInline {O:P} at (0,0) size 1x15
                LayoutBlockFlow {P} at (8.19,33) size 155x16
                  LayoutText {#text} at (0,0) size 76x15
                    text run at (0,0) width 76: "Gene Langley"
                LayoutBlockFlow {P} at (8.19,49) size 155x16
                  LayoutText {#text} at (0,0) size 77x15
                    text run at (0,0) width 77: "Chuck Pringle"
                LayoutBlockFlow {P} at (8.19,65) size 155x16
                  LayoutText {#text} at (0,0) size 58x15
                    text run at (0,0) width 58: "Jimmy Lei"
                LayoutBlockFlow {P} at (8.19,81) size 155x16
                  LayoutText {#text} at (0,0) size 93x15
                    text run at (0,0) width 93: "Ruenjoe (Joe) Lu"
                  LayoutInline {SPAN} at (0,0) size 1x15
                    LayoutInline {O:P} at (0,0) size 1x15
              LayoutTableCell {TD} at (268,2494) size 99x65 [border: (1px none #808080) none (1px none #808080)] [r=37 c=2 rs=1 cs=1]
                LayoutBlockFlow {P} at (8.19,1) size 84x16
                  LayoutText {#text} at (32,0) size 20x15
                    text run at (32,0) width 20: "Yes"
                  LayoutInline {SPAN} at (0,0) size 1x15
                    LayoutInline {O:P} at (0,0) size 1x15
                LayoutBlockFlow {P} at (8.19,17) size 84x16
                  LayoutText {#text} at (32,0) size 20x15
                    text run at (32,0) width 20: "Yes"
                  LayoutInline {SPAN} at (0,0) size 1x15
                    LayoutInline {O:P} at (0,0) size 1x15
                LayoutBlockFlow {P} at (8.19,33) size 84x16
                  LayoutText {#text} at (32,0) size 20x15
                    text run at (32,0) width 20: "Yes"
                LayoutBlockFlow {P} at (8.19,49) size 84x16
                  LayoutText {#text} at (32,0) size 20x15
                    text run at (32,0) width 20: "Yes"
                  LayoutInline {SPAN} at (0,0) size 1x15
                    LayoutInline {O:P} at (0,0) size 1x15
              LayoutTableCell {TD} at (367,2494) size 105x65 [border: (1px none #808080) none (1px none #808080)] [r=37 c=3 rs=1 cs=1]
                LayoutBlockFlow {P} at (8.19,1) size 90x16
                  LayoutText {#text} at (36,0) size 18x15
                    text run at (36,0) width 18: "No"
                  LayoutInline {SPAN} at (0,0) size 1x15
                    LayoutInline {O:P} at (0,0) size 1x15
                LayoutBlockFlow {P} at (8.19,17) size 90x16
                  LayoutText {#text} at (36,0) size 18x15
                    text run at (36,0) width 18: "No"
                  LayoutInline {SPAN} at (0,0) size 1x15
                    LayoutInline {O:P} at (0,0) size 1x15
                LayoutBlockFlow {P} at (8.19,33) size 90x16
                  LayoutText {#text} at (5,0) size 80x15
                    text run at (5,0) width 80: "Gyro wannabe"
                LayoutBlockFlow {P} at (8.19,49) size 90x16
                  LayoutText {#text} at (36,0) size 18x15
                    text run at (36,0) width 18: "No"
                  LayoutInline {SPAN} at (0,0) size 1x15
                    LayoutInline {O:P} at (0,0) size 1x15
            LayoutTableRow {TR} at (0,2591) size 472x49
              LayoutTableCell {TD} at (0,2591) size 98x17 [border: (1px none #808080) none] [r=38 c=0 rs=1 cs=1]
                LayoutBlockFlow {P} at (8.19,1) size 83x16
                  LayoutText {#text} at (34,0) size 15x15
                    text run at (34,0) width 15: "39"
                  LayoutInline {SPAN} at (0,0) size 1x15
                    LayoutInline {O:P} at (0,0) size 1x15
              LayoutTableCell {TD} at (98,2591) size 170x49 [border: (1px none #808080) none (1px none #808080)] [r=38 c=1 rs=1 cs=1]
                LayoutBlockFlow {P} at (8.19,1) size 155x16
                  LayoutText {#text} at (0,0) size 69x15
                    text run at (0,0) width 69: "Tom Wagner"
                LayoutBlockFlow {P} at (8.19,17) size 155x16
                  LayoutText {#text} at (0,0) size 63x15
                    text run at (0,0) width 63: "Oliver Baer"
                LayoutBlockFlow {P} at (8.19,33) size 155x16
                  LayoutText {#text} at (0,0) size 65x15
                    text run at (0,0) width 65: "Will Sievert"
                  LayoutInline {SPAN} at (0,0) size 1x15
                    LayoutInline {O:P} at (0,0) size 1x15
              LayoutTableCell {TD} at (268,2591) size 99x49 [border: (1px none #808080) none (1px none #808080)] [r=38 c=2 rs=1 cs=1]
                LayoutBlockFlow {P} at (8.19,1) size 84x16
                  LayoutText {#text} at (32,0) size 20x15
                    text run at (32,0) width 20: "Yes"
                LayoutBlockFlow {P} at (8.19,17) size 84x16
                  LayoutText {#text} at (32,0) size 20x15
                    text run at (32,0) width 20: "Yes"
                LayoutBlockFlow {P} at (8.19,33) size 84x16
                  LayoutText {#text} at (32,0) size 20x15
                    text run at (32,0) width 20: "Yes"
                  LayoutInline {SPAN} at (0,0) size 1x15
                    LayoutInline {O:P} at (0,0) size 1x15
              LayoutTableCell {TD} at (367,2591) size 105x49 [border: (1px none #808080) none (1px none #808080)] [r=38 c=3 rs=1 cs=1]
                LayoutBlockFlow {P} at (8.19,1) size 90x16
                  LayoutText {#text} at (36,0) size 18x15
                    text run at (36,0) width 18: "No"
                LayoutBlockFlow {P} at (8.19,17) size 90x16
                  LayoutText {#text} at (36,0) size 18x15
                    text run at (36,0) width 18: "No"
                LayoutBlockFlow {P} at (8.19,33) size 90x16
                  LayoutText {#text} at (36,0) size 18x15
                    text run at (36,0) width 18: "No"
                  LayoutInline {SPAN} at (0,0) size 1x15
                    LayoutInline {O:P} at (0,0) size 1x15
            LayoutTableRow {TR} at (0,2640) size 472x129
              LayoutTableCell {TD} at (0,2640) size 98x17 [border: (1px none #808080) none] [r=39 c=0 rs=1 cs=1]
                LayoutBlockFlow {P} at (8.19,1) size 83x16
                  LayoutText {#text} at (34,0) size 15x15
                    text run at (34,0) width 15: "40"
                  LayoutInline {SPAN} at (0,0) size 1x15
                    LayoutInline {O:P} at (0,0) size 1x15
              LayoutTableCell {TD} at (98,2640) size 170x129 [border: (1px none #808080) none (1px none #808080)] [r=39 c=1 rs=1 cs=1]
                LayoutBlockFlow {P} at (8.19,1) size 155x16
                  LayoutText {#text} at (0,0) size 82x15
                    text run at (0,0) width 82: "Alberto Lanzas"
                  LayoutInline {SPAN} at (0,0) size 1x15
                    LayoutInline {O:P} at (0,0) size 1x15
                LayoutBlockFlow {P} at (8.19,17) size 155x16
                  LayoutText {#text} at (0,0) size 93x15
                    text run at (0,0) width 93: "Zak + Mike West"
                  LayoutInline {SPAN} at (0,0) size 1x15
                    LayoutInline {O:P} at (0,0) size 1x15
                LayoutBlockFlow {P} at (8.19,33) size 155x16
                  LayoutText {#text} at (0,0) size 69x15
                    text run at (0,0) width 69: "Javier Flores"
                  LayoutInline {SPAN} at (0,0) size 1x15
                    LayoutInline {O:P} at (0,0) size 1x15
                LayoutBlockFlow {P} at (8.19,49) size 155x16
                  LayoutText {#text} at (0,0) size 68x15
                    text run at (0,0) width 68: "Bill Johnson"
                  LayoutInline {SPAN} at (0,0) size 1x15
                    LayoutInline {O:P} at (0,0) size 1x15
                LayoutBlockFlow {P} at (8.19,65) size 155x16
                  LayoutText {#text} at (0,0) size 76x15
                    text run at (0,0) width 76: "Gene Langley"
                LayoutBlockFlow {P} at (8.19,81) size 155x16
                  LayoutText {#text} at (0,0) size 69x15
                    text run at (0,0) width 69: "Rich Burnett"
                LayoutBlockFlow {P} at (8.19,97) size 155x16
                  LayoutText {#text} at (0,0) size 89x15
                    text run at (0,0) width 89: "Jack Goodfriend"
                LayoutBlockFlow {P} at (8.19,113) size 155x16
                  LayoutText {#text} at (0,0) size 70x15
                    text run at (0,0) width 70: "Harald Close"
                  LayoutInline {SPAN} at (0,0) size 1x15
                    LayoutInline {O:P} at (0,0) size 1x15
              LayoutTableCell {TD} at (268,2640) size 99x129 [border: (1px none #808080) none (1px none #808080)] [r=39 c=2 rs=1 cs=1]
                LayoutBlockFlow {P} at (8.19,1) size 84x16
                  LayoutText {#text} at (32,0) size 20x15
                    text run at (32,0) width 20: "Yes"
                  LayoutInline {SPAN} at (0,0) size 1x15
                    LayoutInline {O:P} at (0,0) size 1x15
                LayoutBlockFlow {P} at (8.19,17) size 84x16
                  LayoutText {#text} at (32,0) size 20x15
                    text run at (32,0) width 20: "Yes"
                  LayoutInline {SPAN} at (0,0) size 1x15
                    LayoutInline {O:P} at (0,0) size 1x15
                LayoutBlockFlow {P} at (8.19,33) size 84x16
                  LayoutText {#text} at (32,0) size 20x15
                    text run at (32,0) width 20: "Yes"
                  LayoutInline {SPAN} at (0,0) size 1x15
                    LayoutInline {O:P} at (0,0) size 1x15
                LayoutBlockFlow {P} at (8.19,49) size 84x16
                  LayoutText {#text} at (32,0) size 20x15
                    text run at (32,0) width 20: "Yes"
                  LayoutInline {SPAN} at (0,0) size 1x15
                    LayoutInline {O:P} at (0,0) size 1x15
                LayoutBlockFlow {P} at (8.19,65) size 84x16
                  LayoutText {#text} at (32,0) size 20x15
                    text run at (32,0) width 20: "Yes"
                LayoutBlockFlow {P} at (8.19,81) size 84x16
                  LayoutText {#text} at (40,0) size 4x15
                    text run at (40,0) width 4: " "
                LayoutBlockFlow {P} at (8.19,97) size 84x16
                  LayoutText {#text} at (40,0) size 4x15
                    text run at (40,0) width 4: " "
                LayoutBlockFlow {P} at (8.19,113) size 84x16
                  LayoutText {#text} at (32,0) size 20x15
                    text run at (32,0) width 20: "Yes"
                  LayoutInline {SPAN} at (0,0) size 1x15
                    LayoutInline {O:P} at (0,0) size 1x15
              LayoutTableCell {TD} at (367,2640) size 105x129 [border: (1px none #808080) none (1px none #808080)] [r=39 c=3 rs=1 cs=1]
                LayoutBlockFlow {P} at (8.19,1) size 90x16
                  LayoutText {#text} at (35,0) size 20x15
                    text run at (35,0) width 20: "Yes"
                  LayoutInline {SPAN} at (0,0) size 1x15
                    LayoutInline {O:P} at (0,0) size 1x15
                LayoutBlockFlow {P} at (8.19,17) size 90x16
                  LayoutText {#text} at (35,0) size 20x15
                    text run at (35,0) width 20: "Yes"
                  LayoutInline {SPAN} at (0,0) size 1x15
                    LayoutInline {O:P} at (0,0) size 1x15
                LayoutBlockFlow {P} at (8.19,33) size 90x16
                  LayoutText {#text} at (36,0) size 18x15
                    text run at (36,0) width 18: "No"
                  LayoutInline {SPAN} at (0,0) size 1x15
                    LayoutInline {O:P} at (0,0) size 1x15
                LayoutBlockFlow {P} at (8.19,49) size 90x16
                  LayoutText {#text} at (36,0) size 18x15
                    text run at (36,0) width 18: "No"
                  LayoutInline {SPAN} at (0,0) size 1x15
                    LayoutInline {O:P} at (0,0) size 1x15
                LayoutBlockFlow {P} at (8.19,65) size 90x16
                  LayoutText {#text} at (27,0) size 36x15
                    text run at (27,0) width 36: "Glider"
                LayoutBlockFlow {P} at (8.19,81) size 90x16
                  LayoutText {#text} at (43,0) size 4x15
                    text run at (43,0) width 4: " "
                LayoutBlockFlow {P} at (8.19,97) size 90x16
                  LayoutText {#text} at (43,0) size 4x15
                    text run at (43,0) width 4: " "
                LayoutBlockFlow {P} at (8.19,113) size 90x16
                  LayoutText {#text} at (36,0) size 18x15
                    text run at (36,0) width 18: "No"
                  LayoutInline {SPAN} at (0,0) size 1x15
                    LayoutInline {O:P} at (0,0) size 1x15
            LayoutTableRow {TR} at (0,2769) size 472x129
              LayoutTableCell {TD} at (0,2769) size 98x17 [border: (1px none #808080) none] [r=40 c=0 rs=1 cs=1]
                LayoutBlockFlow {P} at (8.19,1) size 83x16
                  LayoutText {#text} at (34,0) size 15x15
                    text run at (34,0) width 15: "41"
                  LayoutInline {SPAN} at (0,0) size 1x15
                    LayoutInline {O:P} at (0,0) size 1x15
              LayoutTableCell {TD} at (98,2769) size 170x129 [border: (1px none #808080) none (1px none #808080)] [r=40 c=1 rs=1 cs=1]
                LayoutBlockFlow {P} at (8.19,1) size 155x16
                  LayoutText {#text} at (0,0) size 94x15
                    text run at (0,0) width 94: "Dominic Civiletti"
                  LayoutInline {SPAN} at (0,0) size 1x15
                    LayoutInline {O:P} at (0,0) size 1x15
                LayoutBlockFlow {P} at (8.19,17) size 155x16
                  LayoutText {#text} at (0,0) size 104x15
                    text run at (0,0) width 104: "Corbin Christensen"
                  LayoutInline {SPAN} at (0,0) size 1x15
                    LayoutInline {O:P} at (0,0) size 1x15
                LayoutBlockFlow {P} at (8.19,33) size 155x16
                  LayoutText {#text} at (0,0) size 59x15
                    text run at (0,0) width 59: "Hal Hirsch"
                  LayoutInline {SPAN} at (0,0) size 1x15
                    LayoutInline {O:P} at (0,0) size 1x15
                LayoutBlockFlow {P} at (8.19,49) size 155x16
                  LayoutText {#text} at (0,0) size 90x15
                    text run at (0,0) width 90: "Richard Sanchez"
                LayoutBlockFlow {P} at (8.19,65) size 155x16
                  LayoutText {#text} at (0,0) size 65x15
                    text run at (0,0) width 65: "John Bernal"
                LayoutBlockFlow {P} at (8.19,81) size 155x16
                  LayoutText {#text} at (0,0) size 69x15
                    text run at (0,0) width 69: "Rich Burnett"
                LayoutBlockFlow {P} at (8.19,97) size 155x16
                  LayoutText {#text} at (0,0) size 73x15
                    text run at (0,0) width 73: "Brock Brown"
                LayoutBlockFlow {P} at (8.19,113) size 155x16
                  LayoutText {#text} at (0,0) size 55x15
                    text run at (0,0) width 55: "John Paye"
                  LayoutInline {SPAN} at (0,0) size 1x15
                    LayoutInline {O:P} at (0,0) size 1x15
              LayoutTableCell {TD} at (268,2769) size 99x113 [border: (1px none #808080) none (1px none #808080)] [r=40 c=2 rs=1 cs=1]
                LayoutBlockFlow {P} at (8.19,1) size 84x16
                  LayoutText {#text} at (32,0) size 20x15
                    text run at (32,0) width 20: "Yes"
                  LayoutInline {SPAN} at (0,0) size 1x15
                    LayoutInline {O:P} at (0,0) size 1x15
                LayoutBlockFlow {P} at (8.19,17) size 84x16
                  LayoutText {#text} at (32,0) size 20x15
                    text run at (32,0) width 20: "Yes"
                  LayoutInline {SPAN} at (0,0) size 1x15
                    LayoutInline {O:P} at (0,0) size 1x15
                LayoutBlockFlow {P} at (8.19,33) size 84x16
                  LayoutText {#text} at (32,0) size 20x15
                    text run at (32,0) width 20: "Yes"
                  LayoutInline {SPAN} at (0,0) size 1x15
                    LayoutInline {O:P} at (0,0) size 1x15
                LayoutBlockFlow {P} at (8.19,49) size 84x16
                  LayoutText {#text} at (33,0) size 18x15
                    text run at (33,0) width 18: "No"
                LayoutBlockFlow {P} at (8.19,65) size 84x16
                  LayoutText {#text} at (32,0) size 20x15
                    text run at (32,0) width 20: "Yes"
                LayoutBlockFlow {P} at (8.19,81) size 84x16
                  LayoutText {#text} at (40,0) size 4x15
                    text run at (40,0) width 4: " "
                LayoutBlockFlow {P} at (8.19,97) size 84x16
                  LayoutText {#text} at (32,0) size 20x15
                    text run at (32,0) width 20: "Yes"
                  LayoutInline {SPAN} at (0,0) size 1x15
                    LayoutInline {O:P} at (0,0) size 1x15
              LayoutTableCell {TD} at (367,2769) size 105x113 [border: (1px none #808080) none (1px none #808080)] [r=40 c=3 rs=1 cs=1]
                LayoutBlockFlow {P} at (8.19,1) size 90x16
                  LayoutText {#text} at (36,0) size 18x15
                    text run at (36,0) width 18: "No"
                  LayoutInline {SPAN} at (0,0) size 1x15
                    LayoutInline {O:P} at (0,0) size 1x15
                LayoutBlockFlow {P} at (8.19,17) size 90x16
                  LayoutText {#text} at (36,0) size 18x15
                    text run at (36,0) width 18: "No"
                  LayoutInline {SPAN} at (0,0) size 1x15
                    LayoutInline {O:P} at (0,0) size 1x15
                LayoutBlockFlow {P} at (8.19,33) size 90x16
                  LayoutText {#text} at (36,0) size 18x15
                    text run at (36,0) width 18: "No"
                  LayoutInline {SPAN} at (0,0) size 1x15
                    LayoutInline {O:P} at (0,0) size 1x15
                LayoutBlockFlow {P} at (8.19,49) size 90x16
                  LayoutText {#text} at (35,0) size 20x15
                    text run at (35,0) width 20: "Yes"
                LayoutBlockFlow {P} at (8.19,65) size 90x16
                  LayoutText {#text} at (36,0) size 18x15
                    text run at (36,0) width 18: "No"
                LayoutBlockFlow {P} at (8.19,81) size 90x16
                  LayoutText {#text} at (43,0) size 4x15
                    text run at (43,0) width 4: " "
                LayoutBlockFlow {P} at (8.19,97) size 90x16
                  LayoutText {#text} at (36,0) size 18x15
                    text run at (36,0) width 18: "No"
                  LayoutInline {SPAN} at (0,0) size 1x15
                    LayoutInline {O:P} at (0,0) size 1x15
            LayoutTableRow {TR} at (0,2898) size 472x129
              LayoutTableCell {TD} at (0,2898) size 98x17 [border: (1px none #808080) none] [r=41 c=0 rs=1 cs=1]
                LayoutBlockFlow {P} at (8.19,1) size 83x16
                  LayoutText {#text} at (34,0) size 15x15
                    text run at (34,0) width 15: "42"
                  LayoutInline {SPAN} at (0,0) size 1x15
                    LayoutInline {O:P} at (0,0) size 1x15
              LayoutTableCell {TD} at (98,2898) size 170x129 [border: (1px none #808080) none (1px none #808080)] [r=41 c=1 rs=1 cs=1]
                LayoutBlockFlow {P} at (8.19,1) size 155x16
                  LayoutText {#text} at (0,0) size 46x15
                    text run at (0,0) width 46: "Tony Yu"
                  LayoutInline {SPAN} at (0,0) size 1x15
                    LayoutInline {O:P} at (0,0) size 1x15
                LayoutBlockFlow {P} at (8.19,17) size 155x16
                  LayoutText {#text} at (0,0) size 67x15
                    text run at (0,0) width 67: "Jason Miller"
                  LayoutInline {SPAN} at (0,0) size 1x15
                    LayoutInline {O:P} at (0,0) size 1x15
                LayoutBlockFlow {P} at (8.19,33) size 155x16
                  LayoutText {#text} at (0,0) size 85x15
                    text run at (0,0) width 85: "Maurice Burton"
                LayoutBlockFlow {P} at (8.19,49) size 155x16
                  LayoutText {#text} at (0,0) size 64x15
                    text run at (0,0) width 64: "Dan Sievert"
                LayoutBlockFlow {P} at (8.19,65) size 155x16
                  LayoutText {#text} at (0,0) size 62x15
                    text run at (0,0) width 62: "Jerry Davis"
                LayoutBlockFlow {P} at (8.19,81) size 155x16
                  LayoutText {#text} at (0,0) size 55x15
                    text run at (0,0) width 55: "John Paye"
                LayoutBlockFlow {P} at (8.19,97) size 155x16
                  LayoutText {#text} at (0,0) size 72x15
                    text run at (0,0) width 72: "Gordon Frost"
                LayoutBlockFlow {P} at (8.19,113) size 155x16
                  LayoutText {#text} at (0,0) size 66x15
                    text run at (0,0) width 66: "Chris Walsh"
                  LayoutInline {SPAN} at (0,0) size 1x15
                    LayoutInline {O:P} at (0,0) size 1x15
              LayoutTableCell {TD} at (268,2898) size 99x81 [border: (1px none #808080) none (1px none #808080)] [r=41 c=2 rs=1 cs=1]
                LayoutBlockFlow {P} at (8.19,1) size 84x16
                  LayoutText {#text} at (32,0) size 20x15
                    text run at (32,0) width 20: "Yes"
                  LayoutInline {SPAN} at (0,0) size 1x15
                    LayoutInline {O:P} at (0,0) size 1x15
                LayoutBlockFlow {P} at (8.19,17) size 84x16
                  LayoutText {#text} at (32,0) size 20x15
                    text run at (32,0) width 20: "Yes"
                  LayoutInline {SPAN} at (0,0) size 1x15
                    LayoutInline {O:P} at (0,0) size 1x15
                LayoutBlockFlow {P} at (8.19,33) size 84x16
                  LayoutText {#text} at (32,0) size 20x15
                    text run at (32,0) width 20: "Yes"
                LayoutBlockFlow {P} at (8.19,49) size 84x16
                  LayoutText {#text} at (32,0) size 20x15
                    text run at (32,0) width 20: "Yes"
                LayoutBlockFlow {P} at (8.19,65) size 84x16
                  LayoutText {#text} at (32,0) size 20x15
                    text run at (32,0) width 20: "Yes"
                  LayoutInline {SPAN} at (0,0) size 1x15
                    LayoutInline {O:P} at (0,0) size 1x15
              LayoutTableCell {TD} at (367,2898) size 105x81 [border: (1px none #808080) none (1px none #808080)] [r=41 c=3 rs=1 cs=1]
                LayoutBlockFlow {P} at (8.19,1) size 90x16
                  LayoutText {#text} at (36,0) size 18x15
                    text run at (36,0) width 18: "No"
                  LayoutInline {SPAN} at (0,0) size 1x15
                    LayoutInline {O:P} at (0,0) size 1x15
                LayoutBlockFlow {P} at (8.19,17) size 90x16
                  LayoutText {#text} at (36,0) size 18x15
                    text run at (36,0) width 18: "No"
                  LayoutInline {SPAN} at (0,0) size 1x15
                    LayoutInline {O:P} at (0,0) size 1x15
                LayoutBlockFlow {P} at (8.19,33) size 90x16
                  LayoutText {#text} at (36,0) size 18x15
                    text run at (36,0) width 18: "No"
                LayoutBlockFlow {P} at (8.19,49) size 90x16
                  LayoutText {#text} at (36,0) size 18x15
                    text run at (36,0) width 18: "No"
                LayoutBlockFlow {P} at (8.19,65) size 90x16
                  LayoutText {#text} at (36,0) size 18x15
                    text run at (36,0) width 18: "No"
                  LayoutInline {SPAN} at (0,0) size 1x15
                    LayoutInline {O:P} at (0,0) size 1x15
            LayoutTableRow {TR} at (0,3027) size 472x113
              LayoutTableCell {TD} at (0,3027) size 98x17 [border: (1px none #808080) none] [r=42 c=0 rs=1 cs=1]
                LayoutBlockFlow {P} at (8.19,1) size 83x16
                  LayoutText {#text} at (34,0) size 15x15
                    text run at (34,0) width 15: "43"
                  LayoutInline {SPAN} at (0,0) size 1x15
                    LayoutInline {O:P} at (0,0) size 1x15
              LayoutTableCell {TD} at (98,3027) size 170x113 [border: (1px none #808080) none (1px none #808080)] [r=42 c=1 rs=1 cs=1]
                LayoutBlockFlow {P} at (8.19,1) size 155x16
                  LayoutText {#text} at (0,0) size 94x15
                    text run at (0,0) width 94: "Dominic Civiletti"
                  LayoutInline {SPAN} at (0,0) size 1x15
                    LayoutInline {O:P} at (0,0) size 1x15
                LayoutBlockFlow {P} at (8.19,17) size 155x16
                  LayoutText {#text} at (0,0) size 67x15
                    text run at (0,0) width 67: "Ken Gullion"
                  LayoutInline {SPAN} at (0,0) size 1x15
                    LayoutInline {O:P} at (0,0) size 1x15
                LayoutBlockFlow {P} at (8.19,33) size 155x16
                  LayoutText {#text} at (0,0) size 65x15
                    text run at (0,0) width 65: "Will Sievert"
                LayoutBlockFlow {P} at (8.19,49) size 155x16
                  LayoutText {#text} at (0,0) size 73x15
                    text run at (0,0) width 73: "Jim Mahoney"
                LayoutBlockFlow {P} at (8.19,65) size 155x16
                  LayoutText {#text} at (0,0) size 67x15
                    text run at (0,0) width 67: "Ken Manuel"
                LayoutBlockFlow {P} at (8.19,81) size 155x16
                  LayoutText {#text} at (0,0) size 56x15
                    text run at (0,0) width 56: "John Todd"
                LayoutBlockFlow {P} at (8.19,97) size 155x16
                  LayoutText {#text} at (0,0) size 89x15
                    text run at (0,0) width 89: "Rick Rasmussen"
                  LayoutInline {SPAN} at (0,0) size 1x15
                    LayoutInline {O:P} at (0,0) size 1x15
              LayoutTableCell {TD} at (268,3027) size 99x81 [border: (1px none #808080) none (1px none #808080)] [r=42 c=2 rs=1 cs=1]
                LayoutBlockFlow {P} at (8.19,1) size 84x16
                  LayoutText {#text} at (32,0) size 20x15
                    text run at (32,0) width 20: "Yes"
                  LayoutInline {SPAN} at (0,0) size 1x15
                    LayoutInline {O:P} at (0,0) size 1x15
                LayoutBlockFlow {P} at (8.19,17) size 84x16
                  LayoutText {#text} at (32,0) size 20x15
                    text run at (32,0) width 20: "Yes"
                  LayoutInline {SPAN} at (0,0) size 1x15
                    LayoutInline {O:P} at (0,0) size 1x15
                LayoutBlockFlow {P} at (8.19,33) size 84x16
                  LayoutText {#text} at (32,0) size 20x15
                    text run at (32,0) width 20: "Yes"
                LayoutBlockFlow {P} at (8.19,49) size 84x16
                  LayoutText {#text} at (32,0) size 20x15
                    text run at (32,0) width 20: "Yes"
                LayoutBlockFlow {P} at (8.19,65) size 84x16
                  LayoutText {#text} at (32,0) size 20x15
                    text run at (32,0) width 20: "Yes"
                  LayoutInline {SPAN} at (0,0) size 1x15
                    LayoutInline {O:P} at (0,0) size 1x15
              LayoutTableCell {TD} at (367,3027) size 105x81 [border: (1px none #808080) none (1px none #808080)] [r=42 c=3 rs=1 cs=1]
                LayoutBlockFlow {P} at (8.19,1) size 90x16
                  LayoutText {#text} at (36,0) size 18x15
                    text run at (36,0) width 18: "No"
                  LayoutInline {SPAN} at (0,0) size 1x15
                    LayoutInline {O:P} at (0,0) size 1x15
                LayoutBlockFlow {P} at (8.19,17) size 90x16
                  LayoutText {#text} at (36,0) size 18x15
                    text run at (36,0) width 18: "No"
                  LayoutInline {SPAN} at (0,0) size 1x15
                    LayoutInline {O:P} at (0,0) size 1x15
                LayoutBlockFlow {P} at (8.19,33) size 90x16
                  LayoutText {#text} at (20,0) size 50x15
                    text run at (20,0) width 50: "Someday"
                LayoutBlockFlow {P} at (8.19,49) size 90x16
                  LayoutText {#text} at (35,0) size 20x15
                    text run at (35,0) width 20: "Yes"
                LayoutBlockFlow {P} at (8.19,65) size 90x16
                  LayoutText {#text} at (36,0) size 18x15
                    text run at (36,0) width 18: "No"
                  LayoutInline {SPAN} at (0,0) size 1x15
                    LayoutInline {O:P} at (0,0) size 1x15
            LayoutTableRow {TR} at (0,3140) size 472x65
              LayoutTableCell {TD} at (0,3140) size 98x17 [border: (1px none #808080) none] [r=43 c=0 rs=1 cs=1]
                LayoutBlockFlow {P} at (8.19,1) size 83x16
                  LayoutText {#text} at (34,0) size 15x15
                    text run at (34,0) width 15: "44"
                  LayoutInline {SPAN} at (0,0) size 1x15
                    LayoutInline {O:P} at (0,0) size 1x15
              LayoutTableCell {TD} at (98,3140) size 170x65 [border: (1px none #808080) none (1px none #808080)] [r=43 c=1 rs=1 cs=1]
                LayoutBlockFlow {P} at (8.19,1) size 155x16
                  LayoutText {#text} at (0,0) size 62x15
                    text run at (0,0) width 62: "Gary Heath"
                  LayoutInline {SPAN} at (0,0) size 1x15
                    LayoutInline {O:P} at (0,0) size 1x15
                LayoutBlockFlow {P} at (8.19,17) size 155x16
                  LayoutText {#text} at (0,0) size 79x15
                    text run at (0,0) width 79: "Quinn Chuong"
                LayoutBlockFlow {P} at (8.19,33) size 155x16
                  LayoutText {#text} at (0,0) size 64x15
                    text run at (0,0) width 64: "Dan Sievert"
                LayoutBlockFlow {P} at (8.19,49) size 155x16
                  LayoutText {#text} at (0,0) size 85x15
                    text run at (0,0) width 85: "Alexander Wert"
                  LayoutInline {SPAN} at (0,0) size 1x15
                    LayoutInline {O:P} at (0,0) size 1x15
              LayoutTableCell {TD} at (268,3140) size 99x65 [border: (1px none #808080) none (1px none #808080)] [r=43 c=2 rs=1 cs=1]
                LayoutBlockFlow {P} at (8.19,1) size 84x16
                  LayoutText {#text} at (33,0) size 18x15
                    text run at (33,0) width 18: "No"
                  LayoutInline {SPAN} at (0,0) size 1x15
                    LayoutInline {O:P} at (0,0) size 1x15
                LayoutBlockFlow {P} at (8.19,17) size 84x16
                  LayoutText {#text} at (32,0) size 20x15
                    text run at (32,0) width 20: "Yes"
                LayoutBlockFlow {P} at (8.19,33) size 84x16
                  LayoutText {#text} at (32,0) size 20x15
                    text run at (32,0) width 20: "Yes"
                LayoutBlockFlow {P} at (8.19,49) size 84x16
                  LayoutText {#text} at (33,0) size 18x15
                    text run at (33,0) width 18: "No"
                  LayoutInline {SPAN} at (0,0) size 1x15
                    LayoutInline {O:P} at (0,0) size 1x15
              LayoutTableCell {TD} at (367,3140) size 105x65 [border: (1px none #808080) none (1px none #808080)] [r=43 c=3 rs=1 cs=1]
                LayoutBlockFlow {P} at (8.19,1) size 90x16
                  LayoutText {#text} at (35,0) size 20x15
                    text run at (35,0) width 20: "Yes"
                  LayoutInline {SPAN} at (0,0) size 1x15
                    LayoutInline {O:P} at (0,0) size 1x15
                LayoutBlockFlow {P} at (8.19,17) size 90x16
                  LayoutText {#text} at (35,0) size 20x15
                    text run at (35,0) width 20: "Yes"
                LayoutBlockFlow {P} at (8.19,33) size 90x16
                  LayoutText {#text} at (36,0) size 18x15
                    text run at (36,0) width 18: "No"
                LayoutBlockFlow {P} at (8.19,49) size 90x16
                  LayoutText {#text} at (35,0) size 20x15
                    text run at (35,0) width 20: "Yes"
                  LayoutInline {SPAN} at (0,0) size 1x15
                    LayoutInline {O:P} at (0,0) size 1x15
            LayoutTableRow {TR} at (0,3205) size 472x49
              LayoutTableCell {TD} at (0,3205) size 98x17 [border: (1px none #808080) none] [r=44 c=0 rs=1 cs=1]
                LayoutBlockFlow {P} at (8.19,1) size 83x16
                  LayoutText {#text} at (34,0) size 15x15
                    text run at (34,0) width 15: "45"
                  LayoutInline {SPAN} at (0,0) size 1x15
                    LayoutInline {O:P} at (0,0) size 1x15
              LayoutTableCell {TD} at (98,3205) size 170x49 [border: (1px none #808080) none (1px none #808080)] [r=44 c=1 rs=1 cs=1]
                LayoutBlockFlow {P} at (8.19,1) size 155x16
                  LayoutText {#text} at (0,0) size 82x15
                    text run at (0,0) width 82: "James Holaduz"
                LayoutBlockFlow {P} at (8.19,17) size 155x16
                  LayoutInline {FONT} at (0,0) size 54x15
                    LayoutText {#text} at (0,0) size 54x15
                      text run at (0,0) width 54: "Don Coon"
                LayoutBlockFlow {P} at (8.19,33) size 155x16
                  LayoutText {#text} at (0,0) size 83x15
                    text run at (0,0) width 83: "John Yearwood"
                  LayoutInline {SPAN} at (0,0) size 1x15
                    LayoutInline {O:P} at (0,0) size 1x15
              LayoutTableCell {TD} at (268,3205) size 99x49 [border: (1px none #808080) none (1px none #808080)] [r=44 c=2 rs=1 cs=1]
                LayoutBlockFlow {P} at (8.19,1) size 84x16
                  LayoutText {#text} at (32,0) size 20x15
                    text run at (32,0) width 20: "Yes"
                LayoutBlockFlow {P} at (8.19,17) size 84x16
                  LayoutText {#text} at (40,0) size 4x15
                    text run at (40,0) width 4: " "
                LayoutBlockFlow {P} at (8.19,33) size 84x16
                  LayoutText {#text} at (32,0) size 20x15
                    text run at (32,0) width 20: "Yes"
                  LayoutInline {SPAN} at (0,0) size 1x15
                    LayoutInline {O:P} at (0,0) size 1x15
              LayoutTableCell {TD} at (367,3205) size 105x49 [border: (1px none #808080) none (1px none #808080)] [r=44 c=3 rs=1 cs=1]
                LayoutBlockFlow {P} at (8.19,1) size 90x16
                  LayoutText {#text} at (36,0) size 18x15
                    text run at (36,0) width 18: "No"
                LayoutBlockFlow {P} at (8.19,17) size 90x16
                  LayoutText {#text} at (43,0) size 4x15
                    text run at (43,0) width 4: " "
                LayoutBlockFlow {P} at (8.19,33) size 90x16
                  LayoutText {#text} at (36,0) size 18x15
                    text run at (36,0) width 18: "No"
                  LayoutInline {SPAN} at (0,0) size 1x15
                    LayoutInline {O:P} at (0,0) size 1x15
            LayoutTableRow {TR} at (0,3254) size 472x129
              LayoutTableCell {TD} at (0,3254) size 98x17 [border: (1px none #808080) none] [r=45 c=0 rs=1 cs=1]
                LayoutBlockFlow {P} at (8.19,1) size 83x16
                  LayoutText {#text} at (34,0) size 15x15
                    text run at (34,0) width 15: "46"
                  LayoutInline {SPAN} at (0,0) size 1x15
                    LayoutInline {O:P} at (0,0) size 1x15
              LayoutTableCell {TD} at (98,3254) size 170x129 [border: (1px none #808080) none (1px none #808080)] [r=45 c=1 rs=1 cs=1]
                LayoutBlockFlow {P} at (8.19,1) size 155x16
                  LayoutText {#text} at (0,0) size 51x15
                    text run at (0,0) width 51: "Zak West"
                  LayoutInline {SPAN} at (0,0) size 1x15
                    LayoutInline {O:P} at (0,0) size 1x15
                LayoutBlockFlow {P} at (8.19,17) size 155x16
                  LayoutText {#text} at (0,0) size 102x15
                    text run at (0,0) width 102: "Karl Allmendinger"
                LayoutBlockFlow {P} at (8.19,33) size 155x16
                  LayoutText {#text} at (0,0) size 83x15
                    text run at (0,0) width 83: "John Espectzde"
                LayoutBlockFlow {P} at (8.19,49) size 155x16
                  LayoutText {#text} at (0,0) size 75x15
                    text run at (0,0) width 75: "Gene Pheiffer"
                LayoutBlockFlow {P} at (8.19,65) size 155x16
                  LayoutText {#text} at (0,0) size 68x15
                    text run at (0,0) width 68: "Harold Todd"
                LayoutBlockFlow {P} at (8.19,81) size 155x16
                  LayoutText {#text} at (0,0) size 86x15
                    text run at (0,0) width 86: "Gerald Cardinal"
                LayoutBlockFlow {P} at (8.19,97) size 155x16
                  LayoutText {#text} at (0,0) size 69x15
                    text run at (0,0) width 69: "Ali Erdengiz"
                LayoutBlockFlow {P} at (8.19,113) size 155x16
                  LayoutText {#text} at (0,0) size 85x15
                    text run at (0,0) width 85: "Jason Anderson"
                  LayoutInline {SPAN} at (0,0) size 1x15
                    LayoutInline {O:P} at (0,0) size 1x15
              LayoutTableCell {TD} at (268,3254) size 99x129 [border: (1px none #808080) none (1px none #808080)] [r=45 c=2 rs=1 cs=1]
                LayoutBlockFlow {P} at (8.19,1) size 84x16
                  LayoutText {#text} at (32,0) size 20x15
                    text run at (32,0) width 20: "Yes"
                  LayoutInline {SPAN} at (0,0) size 1x15
                    LayoutInline {O:P} at (0,0) size 1x15
                LayoutBlockFlow {P} at (8.19,17) size 84x16
                  LayoutText {#text} at (32,0) size 20x15
                    text run at (32,0) width 20: "Yes"
                LayoutBlockFlow {P} at (8.19,33) size 84x16
                  LayoutText {#text} at (40,0) size 4x15
                    text run at (40,0) width 4: " "
                LayoutBlockFlow {P} at (8.19,49) size 84x16
                  LayoutText {#text} at (32,0) size 20x15
                    text run at (32,0) width 20: "Yes"
                LayoutBlockFlow {P} at (8.19,65) size 84x16
                  LayoutText {#text} at (40,0) size 4x15
                    text run at (40,0) width 4: " "
                LayoutBlockFlow {P} at (8.19,81) size 84x16
                  LayoutText {#text} at (40,0) size 4x15
                    text run at (40,0) width 4: " "
                LayoutBlockFlow {P} at (8.19,97) size 84x16
                  LayoutText {#text} at (40,0) size 4x15
                    text run at (40,0) width 4: " "
                LayoutBlockFlow {P} at (8.19,113) size 84x16
                  LayoutText {#text} at (32,0) size 20x15
                    text run at (32,0) width 20: "Yes"
                  LayoutInline {SPAN} at (0,0) size 1x15
                    LayoutInline {O:P} at (0,0) size 1x15
              LayoutTableCell {TD} at (367,3254) size 105x129 [border: (1px none #808080) none (1px none #808080)] [r=45 c=3 rs=1 cs=1]
                LayoutBlockFlow {P} at (8.19,1) size 90x16
                  LayoutText {#text} at (35,0) size 20x15
                    text run at (35,0) width 20: "Yes"
                  LayoutInline {SPAN} at (0,0) size 1x15
                    LayoutInline {O:P} at (0,0) size 1x15
                LayoutBlockFlow {P} at (8.19,17) size 90x16
                  LayoutText {#text} at (36,0) size 18x15
                    text run at (36,0) width 18: "No"
                LayoutBlockFlow {P} at (8.19,33) size 90x16
                  LayoutText {#text} at (43,0) size 4x15
                    text run at (43,0) width 4: " "
                LayoutBlockFlow {P} at (8.19,49) size 90x16
                  LayoutText {#text} at (36,0) size 18x15
                    text run at (36,0) width 18: "No"
                LayoutBlockFlow {P} at (8.19,65) size 90x16
                  LayoutText {#text} at (43,0) size 4x15
                    text run at (43,0) width 4: " "
                LayoutBlockFlow {P} at (8.19,81) size 90x16
                  LayoutText {#text} at (43,0) size 4x15
                    text run at (43,0) width 4: " "
                LayoutBlockFlow {P} at (8.19,97) size 90x16
                  LayoutText {#text} at (43,0) size 4x15
                    text run at (43,0) width 4: " "
                LayoutBlockFlow {P} at (8.19,113) size 90x16
                  LayoutText {#text} at (36,0) size 18x15
                    text run at (36,0) width 18: "No"
                  LayoutInline {SPAN} at (0,0) size 1x15
                    LayoutInline {O:P} at (0,0) size 1x15
            LayoutTableRow {TR} at (0,3383) size 472x177
              LayoutTableCell {TD} at (0,3383) size 98x17 [border: (1px none #808080) none] [r=46 c=0 rs=1 cs=1]
                LayoutBlockFlow {P} at (8.19,1) size 83x16
                  LayoutText {#text} at (34,0) size 15x15
                    text run at (34,0) width 15: "47"
                  LayoutInline {SPAN} at (0,0) size 1x15
                    LayoutInline {O:P} at (0,0) size 1x15
              LayoutTableCell {TD} at (98,3383) size 170x177 [border: (1px none #808080) none (1px none #808080)] [r=46 c=1 rs=1 cs=1]
                LayoutBlockFlow {P} at (8.19,1) size 155x16
                  LayoutText {#text} at (0,0) size 82x15
                    text run at (0,0) width 82: "James Holaduz"
                  LayoutInline {SPAN} at (0,0) size 1x15
                    LayoutInline {O:P} at (0,0) size 1x15
                LayoutBlockFlow {P} at (8.19,17) size 155x16
                  LayoutText {#text} at (0,0) size 46x15
                    text run at (0,0) width 46: "Tony Yu"
                  LayoutInline {SPAN} at (0,0) size 1x15
                    LayoutInline {O:P} at (0,0) size 1x15
                LayoutBlockFlow {P} at (8.19,33) size 155x16
                  LayoutText {#text} at (0,0) size 82x15
                    text run at (0,0) width 82: "Quang Nguyen"
                  LayoutInline {SPAN} at (0,0) size 1x15
                    LayoutInline {O:P} at (0,0) size 1x15
                LayoutBlockFlow {P} at (8.19,49) size 155x16
                  LayoutText {#text} at (0,0) size 75x15
                    text run at (0,0) width 75: "Rick Klement"
                  LayoutInline {SPAN} at (0,0) size 1x15
                    LayoutInline {O:P} at (0,0) size 1x15
                LayoutBlockFlow {P} at (8.19,65) size 155x16
                  LayoutText {#text} at (0,0) size 82x15
                    text run at (0,0) width 82: "Mark Glanville"
                  LayoutInline {SPAN} at (0,0) size 1x15
                    LayoutInline {O:P} at (0,0) size 1x15
                LayoutBlockFlow {P} at (8.19,81) size 155x16
                  LayoutText {#text} at (0,0) size 87x15
                    text run at (0,0) width 87: "Michael Chansu"
                LayoutBlockFlow {P} at (8.19,97) size 155x16
                  LayoutText {#text} at (0,0) size 68x15
                    text run at (0,0) width 68: "Harold Todd"
                LayoutBlockFlow {P} at (8.19,113) size 155x16
                  LayoutInline {FONT} at (0,0) size 54x15
                    LayoutText {#text} at (0,0) size 54x15
                      text run at (0,0) width 54: "Don Coon"
                LayoutBlockFlow {P} at (8.19,129) size 155x16
                  LayoutText {#text} at (0,0) size 55x15
                    text run at (0,0) width 55: "John Paye"
                LayoutBlockFlow {P} at (8.19,145) size 155x16
                  LayoutText {#text} at (0,0) size 66x15
                    text run at (0,0) width 66: "David Allen"
                LayoutBlockFlow {P} at (8.19,161) size 155x16
                  LayoutText {#text} at (0,0) size 107x15
                    text run at (0,0) width 107: "Raymund Leonardo"
                  LayoutInline {SPAN} at (0,0) size 1x15
                    LayoutInline {O:P} at (0,0) size 1x15
              LayoutTableCell {TD} at (268,3383) size 99x177 [border: (1px none #808080) none (1px none #808080)] [r=46 c=2 rs=1 cs=1]
                LayoutBlockFlow {P} at (8.19,1) size 84x16
                  LayoutText {#text} at (32,0) size 20x15
                    text run at (32,0) width 20: "Yes"
                  LayoutInline {SPAN} at (0,0) size 1x15
                    LayoutInline {O:P} at (0,0) size 1x15
                LayoutBlockFlow {P} at (8.19,17) size 84x16
                  LayoutText {#text} at (32,0) size 20x15
                    text run at (32,0) width 20: "Yes"
                  LayoutInline {SPAN} at (0,0) size 1x15
                    LayoutInline {O:P} at (0,0) size 1x15
                LayoutBlockFlow {P} at (8.19,33) size 84x16
                  LayoutText {#text} at (32,0) size 20x15
                    text run at (32,0) width 20: "Yes"
                  LayoutInline {SPAN} at (0,0) size 1x15
                    LayoutInline {O:P} at (0,0) size 1x15
                LayoutBlockFlow {P} at (8.19,49) size 84x16
                  LayoutText {#text} at (32,0) size 20x15
                    text run at (32,0) width 20: "Yes"
                  LayoutInline {SPAN} at (0,0) size 1x15
                    LayoutInline {O:P} at (0,0) size 1x15
                LayoutBlockFlow {P} at (8.19,65) size 84x16
                  LayoutText {#text} at (32,0) size 20x15
                    text run at (32,0) width 20: "Yes"
                  LayoutInline {SPAN} at (0,0) size 1x15
                    LayoutInline {O:P} at (0,0) size 1x15
                LayoutBlockFlow {P} at (8.19,81) size 84x16
                  LayoutText {#text} at (32,0) size 20x15
                    text run at (32,0) width 20: "Yes"
                LayoutBlockFlow {P} at (8.19,97) size 84x16
                  LayoutText {#text} at (40,0) size 4x15
                    text run at (40,0) width 4: " "
                LayoutBlockFlow {P} at (8.19,113) size 84x16
                  LayoutText {#text} at (40,0) size 4x15
                    text run at (40,0) width 4: " "
                LayoutBlockFlow {P} at (8.19,129) size 84x16
                  LayoutText {#text} at (40,0) size 4x15
                    text run at (40,0) width 4: " "
                LayoutBlockFlow {P} at (8.19,145) size 84x16
                  LayoutText {#text} at (40,0) size 4x15
                    text run at (40,0) width 4: " "
                LayoutBlockFlow {P} at (8.19,161) size 84x16
                  LayoutText {#text} at (33,0) size 18x15
                    text run at (33,0) width 18: "No"
                  LayoutInline {SPAN} at (0,0) size 1x15
                    LayoutInline {O:P} at (0,0) size 1x15
              LayoutTableCell {TD} at (367,3383) size 105x177 [border: (1px none #808080) none (1px none #808080)] [r=46 c=3 rs=1 cs=1]
                LayoutBlockFlow {P} at (8.19,1) size 90x16
                  LayoutText {#text} at (36,0) size 18x15
                    text run at (36,0) width 18: "No"
                  LayoutInline {SPAN} at (0,0) size 1x15
                    LayoutInline {O:P} at (0,0) size 1x15
                LayoutBlockFlow {P} at (8.19,17) size 90x16
                  LayoutText {#text} at (36,0) size 18x15
                    text run at (36,0) width 18: "No"
                  LayoutInline {SPAN} at (0,0) size 1x15
                    LayoutInline {O:P} at (0,0) size 1x15
                LayoutBlockFlow {P} at (8.19,33) size 90x16
                  LayoutText {#text} at (36,0) size 18x15
                    text run at (36,0) width 18: "No"
                  LayoutInline {SPAN} at (0,0) size 1x15
                    LayoutInline {O:P} at (0,0) size 1x15
                LayoutBlockFlow {P} at (8.19,49) size 90x16
                  LayoutText {#text} at (35,0) size 20x15
                    text run at (35,0) width 20: "Yes"
                  LayoutInline {SPAN} at (0,0) size 1x15
                    LayoutInline {O:P} at (0,0) size 1x15
                LayoutBlockFlow {P} at (8.19,65) size 90x16
                  LayoutText {#text} at (36,0) size 18x15
                    text run at (36,0) width 18: "No"
                  LayoutInline {SPAN} at (0,0) size 1x15
                    LayoutInline {O:P} at (0,0) size 1x15
                LayoutBlockFlow {P} at (8.19,81) size 90x16
                  LayoutText {#text} at (36,0) size 18x15
                    text run at (36,0) width 18: "No"
                LayoutBlockFlow {P} at (8.19,97) size 90x16
                  LayoutText {#text} at (43,0) size 4x15
                    text run at (43,0) width 4: " "
                LayoutBlockFlow {P} at (8.19,113) size 90x16
                  LayoutText {#text} at (43,0) size 4x15
                    text run at (43,0) width 4: " "
                LayoutBlockFlow {P} at (8.19,129) size 90x16
                  LayoutText {#text} at (43,0) size 4x15
                    text run at (43,0) width 4: " "
                LayoutBlockFlow {P} at (8.19,145) size 90x16
                  LayoutText {#text} at (43,0) size 4x15
                    text run at (43,0) width 4: " "
                LayoutBlockFlow {P} at (8.19,161) size 90x16
                  LayoutText {#text} at (35,0) size 20x15
                    text run at (35,0) width 20: "Yes"
                  LayoutInline {SPAN} at (0,0) size 1x15
                    LayoutInline {O:P} at (0,0) size 1x15
            LayoutTableRow {TR} at (0,3560) size 472x145
              LayoutTableCell {TD} at (0,3560) size 98x17 [border: (1px none #808080) none] [r=47 c=0 rs=1 cs=1]
                LayoutBlockFlow {P} at (8.19,1) size 83x16
                  LayoutText {#text} at (34,0) size 15x15
                    text run at (34,0) width 15: "48"
                  LayoutInline {SPAN} at (0,0) size 1x15
                    LayoutInline {O:P} at (0,0) size 1x15
              LayoutTableCell {TD} at (98,3560) size 170x145 [border: (1px none #808080) none (1px none #808080)] [r=47 c=1 rs=1 cs=1]
                LayoutBlockFlow {P} at (8.19,1) size 155x16
                  LayoutText {#text} at (0,0) size 82x15
                    text run at (0,0) width 82: "Mark Glanville"
                  LayoutInline {SPAN} at (0,0) size 1x15
                    LayoutInline {O:P} at (0,0) size 1x15
                LayoutBlockFlow {P} at (8.19,17) size 155x16
                  LayoutText {#text} at (0,0) size 94x15
                    text run at (0,0) width 94: "Ian + Brad Carter"
                LayoutBlockFlow {P} at (8.19,33) size 155x16
                  LayoutText {#text} at (0,0) size 82x15
                    text run at (0,0) width 82: "Stefan Kiritzov"
                LayoutBlockFlow {P} at (8.19,49) size 155x16
                  LayoutText {#text} at (0,0) size 59x15
                    text run at (0,0) width 59: "Joe Araujo"
                LayoutBlockFlow {P} at (8.19,65) size 155x16
                  LayoutText {#text} at (0,0) size 68x15
                    text run at (0,0) width 68: "Harold Todd"
                LayoutBlockFlow {P} at (8.19,81) size 155x16
                  LayoutText {#text} at (0,0) size 71x15
                    text run at (0,0) width 71: "Steve Gilbert"
                LayoutBlockFlow {P} at (8.19,97) size 155x16
                  LayoutText {#text} at (0,0) size 56x15
                    text run at (0,0) width 56: "Mark Diel"
                LayoutBlockFlow {P} at (8.19,113) size 155x16
                  LayoutText {#text} at (0,0) size 89x15
                    text run at (0,0) width 89: "Jack Goodfriend"
                LayoutBlockFlow {P} at (8.19,129) size 155x16
                  LayoutText {#text} at (0,0) size 93x15
                    text run at (0,0) width 93: "Ruenjoe (Joe) Lu"
                  LayoutInline {SPAN} at (0,0) size 1x15
                    LayoutInline {O:P} at (0,0) size 1x15
              LayoutTableCell {TD} at (268,3560) size 99x97 [border: (1px none #808080) none (1px none #808080)] [r=47 c=2 rs=1 cs=1]
                LayoutBlockFlow {P} at (8.19,1) size 84x16
                  LayoutText {#text} at (32,0) size 20x15
                    text run at (32,0) width 20: "Yes"
                  LayoutInline {SPAN} at (0,0) size 1x15
                    LayoutInline {O:P} at (0,0) size 1x15
                LayoutBlockFlow {P} at (8.19,17) size 84x16
                  LayoutText {#text} at (32,0) size 20x15
                    text run at (32,0) width 20: "Yes"
                LayoutBlockFlow {P} at (8.19,33) size 84x16
                  LayoutText {#text} at (32,0) size 20x15
                    text run at (32,0) width 20: "Yes"
                LayoutBlockFlow {P} at (8.19,49) size 84x16
                  LayoutText {#text} at (40,0) size 4x15
                    text run at (40,0) width 4: " "
                LayoutBlockFlow {P} at (8.19,65) size 84x16
                  LayoutText {#text} at (40,0) size 4x15
                    text run at (40,0) width 4: " "
                LayoutBlockFlow {P} at (8.19,81) size 84x16
                  LayoutText {#text} at (32,0) size 20x15
                    text run at (32,0) width 20: "Yes"
                  LayoutInline {SPAN} at (0,0) size 1x15
                    LayoutInline {O:P} at (0,0) size 1x15
              LayoutTableCell {TD} at (367,3560) size 105x97 [border: (1px none #808080) none (1px none #808080)] [r=47 c=3 rs=1 cs=1]
                LayoutBlockFlow {P} at (8.19,1) size 90x16
                  LayoutText {#text} at (36,0) size 18x15
                    text run at (36,0) width 18: "No"
                  LayoutInline {SPAN} at (0,0) size 1x15
                    LayoutInline {O:P} at (0,0) size 1x15
                LayoutBlockFlow {P} at (8.19,17) size 90x16
                  LayoutText {#text} at (36,0) size 18x15
                    text run at (36,0) width 18: "No"
                LayoutBlockFlow {P} at (8.19,33) size 90x16
                  LayoutText {#text} at (35,0) size 20x15
                    text run at (35,0) width 20: "Yes"
                LayoutBlockFlow {P} at (8.19,49) size 90x16
                  LayoutText {#text} at (43,0) size 4x15
                    text run at (43,0) width 4: " "
                LayoutBlockFlow {P} at (8.19,65) size 90x16
                  LayoutText {#text} at (43,0) size 4x15
                    text run at (43,0) width 4: " "
                LayoutBlockFlow {P} at (8.19,81) size 90x16
                  LayoutText {#text} at (36,0) size 18x15
                    text run at (36,0) width 18: "No"
                  LayoutInline {SPAN} at (0,0) size 1x15
                    LayoutInline {O:P} at (0,0) size 1x15
            LayoutTableRow {TR} at (0,3705) size 472x65
              LayoutTableCell {TD} at (0,3705) size 98x17 [border: (1px none #808080) none] [r=48 c=0 rs=1 cs=1]
                LayoutBlockFlow {P} at (8.19,1) size 83x16
                  LayoutText {#text} at (34,0) size 15x15
                    text run at (34,0) width 15: "49"
                  LayoutInline {SPAN} at (0,0) size 1x15
                    LayoutInline {O:P} at (0,0) size 1x15
              LayoutTableCell {TD} at (98,3705) size 170x65 [border: (1px none #808080) none (1px none #808080)] [r=48 c=1 rs=1 cs=1]
                LayoutBlockFlow {P} at (8.19,1) size 155x16
                  LayoutText {#text} at (0,0) size 69x15
                    text run at (0,0) width 69: "Ali Erdengiz"
                LayoutBlockFlow {P} at (8.19,17) size 155x16
                  LayoutText {#text} at (0,0) size 66x15
                    text run at (0,0) width 66: "David Allen"
                LayoutBlockFlow {P} at (8.19,33) size 155x16
                  LayoutInline {SPAN} at (0,0) size 74x15
                    LayoutInline {O:P} at (0,0) size 0x0
                    LayoutText {#text} at (0,0) size 74x15
                      text run at (0,0) width 74: "Narayen Raju"
                LayoutBlockFlow {P} at (8.19,49) size 155x16
                  LayoutInline {SPAN} at (0,0) size 85x15
                    LayoutText {#text} at (0,0) size 85x15
                      text run at (0,0) width 33: "Jason "
                      text run at (32,0) width 53: "Anderson"
              LayoutTableCell {TD} at (268,3705) size 99x65 [border: (1px none #808080) none (1px none #808080)] [r=48 c=2 rs=1 cs=1]
                LayoutBlockFlow {P} at (8.19,1) size 84x16
                  LayoutText {#text} at (40,0) size 4x15
                    text run at (40,0) width 4: " "
                LayoutBlockFlow {P} at (8.19,17) size 84x16
                  LayoutText {#text} at (40,0) size 4x15
                    text run at (40,0) width 4: " "
                LayoutBlockFlow {P} at (8.19,33) size 84x16
                  LayoutText {#text} at (40,0) size 4x15
                    text run at (40,0) width 4: " "
                LayoutBlockFlow {P} at (8.19,49) size 84x16
                  LayoutText {#text} at (32,0) size 20x15
                    text run at (32,0) width 20: "Yes"
                  LayoutInline {SPAN} at (0,0) size 1x15
                    LayoutInline {O:P} at (0,0) size 1x15
              LayoutTableCell {TD} at (367,3705) size 105x65 [border: (1px none #808080) none (1px none #808080)] [r=48 c=3 rs=1 cs=1]
                LayoutBlockFlow {P} at (8.19,1) size 90x16
                  LayoutText {#text} at (43,0) size 4x15
                    text run at (43,0) width 4: " "
                LayoutBlockFlow {P} at (8.19,17) size 90x16
                  LayoutText {#text} at (43,0) size 4x15
                    text run at (43,0) width 4: " "
                LayoutBlockFlow {P} at (8.19,33) size 90x16
                  LayoutText {#text} at (43,0) size 4x15
                    text run at (43,0) width 4: " "
                LayoutBlockFlow {P} at (8.19,49) size 90x16
                  LayoutText {#text} at (36,0) size 18x15
                    text run at (36,0) width 18: "No"
                  LayoutInline {SPAN} at (0,0) size 1x15
                    LayoutInline {O:P} at (0,0) size 1x15
            LayoutTableRow {TR} at (0,3770) size 472x145
              LayoutTableCell {TD} at (0,3770) size 98x17 [border: (1px none #808080) none] [r=49 c=0 rs=1 cs=1]
                LayoutBlockFlow {P} at (8.19,1) size 83x16
                  LayoutText {#text} at (34,0) size 15x15
                    text run at (34,0) width 15: "50"
                  LayoutInline {SPAN} at (0,0) size 1x15
                    LayoutInline {O:P} at (0,0) size 1x15
              LayoutTableCell {TD} at (98,3770) size 170x145 [border: (1px none #808080) none (1px none #808080)] [r=49 c=1 rs=1 cs=1]
                LayoutBlockFlow {P} at (8.19,1) size 155x16
                  LayoutText {#text} at (0,0) size 51x15
                    text run at (0,0) width 51: "Zak West"
                  LayoutInline {SPAN} at (0,0) size 1x15
                    LayoutInline {O:P} at (0,0) size 1x15
                LayoutBlockFlow {P} at (8.19,17) size 155x16
                  LayoutText {#text} at (0,0) size 75x15
                    text run at (0,0) width 75: "Rick Klement"
                  LayoutInline {SPAN} at (0,0) size 1x15
                    LayoutInline {O:P} at (0,0) size 1x15
                LayoutBlockFlow {P} at (8.19,33) size 155x16
                  LayoutText {#text} at (0,0) size 59x15
                    text run at (0,0) width 59: "Jim Bernal"
                LayoutBlockFlow {P} at (8.19,49) size 155x16
                  LayoutText {#text} at (0,0) size 88x15
                    text run at (0,0) width 88: "Alan Littlewood"
                LayoutBlockFlow {P} at (8.19,65) size 155x16
                  LayoutText {#text} at (0,0) size 62x15
                    text run at (0,0) width 62: "Jerry Davis"
                LayoutBlockFlow {P} at (8.19,81) size 155x16
                  LayoutText {#text} at (0,0) size 85x15
                    text run at (0,0) width 85: "Lauren Bussard"
                LayoutBlockFlow {P} at (8.19,97) size 155x16
                  LayoutText {#text} at (0,0) size 83x15
                    text run at (0,0) width 83: "John Yearwood"
                LayoutBlockFlow {P} at (8.19,113) size 155x16
                  LayoutText {#text} at (0,0) size 74x15
                    text run at (0,0) width 74: "Narayan Raju"
                LayoutBlockFlow {P} at (8.19,129) size 155x16
                  LayoutText {#text} at (0,0) size 67x15
                    text run at (0,0) width 67: "Ken Manuel"
                  LayoutInline {SPAN} at (0,0) size 1x15
                    LayoutInline {O:P} at (0,0) size 1x15
              LayoutTableCell {TD} at (268,3770) size 99x113 [border: (1px none #808080) none (1px none #808080)] [r=49 c=2 rs=1 cs=1]
                LayoutBlockFlow {P} at (8.19,1) size 84x16
                  LayoutText {#text} at (32,0) size 20x15
                    text run at (32,0) width 20: "Yes"
                  LayoutInline {SPAN} at (0,0) size 1x15
                    LayoutInline {O:P} at (0,0) size 1x15
                LayoutBlockFlow {P} at (8.19,17) size 84x16
                  LayoutText {#text} at (32,0) size 20x15
                    text run at (32,0) width 20: "Yes"
                  LayoutInline {SPAN} at (0,0) size 1x15
                    LayoutInline {O:P} at (0,0) size 1x15
                LayoutBlockFlow {P} at (8.19,33) size 84x16
                  LayoutText {#text} at (32,0) size 20x15
                    text run at (32,0) width 20: "Yes"
                LayoutBlockFlow {P} at (8.19,49) size 84x16
                  LayoutText {#text} at (32,0) size 20x15
                    text run at (32,0) width 20: "Yes"
                LayoutBlockFlow {P} at (8.19,65) size 84x16
                  LayoutText {#text} at (32,0) size 20x15
                    text run at (32,0) width 20: "Yes"
                LayoutBlockFlow {P} at (8.19,81) size 84x16
                  LayoutText {#text} at (40,0) size 4x15
                    text run at (40,0) width 4: " "
                LayoutBlockFlow {P} at (8.19,97) size 84x16
                  LayoutText {#text} at (32,0) size 20x15
                    text run at (32,0) width 20: "Yes"
                  LayoutInline {SPAN} at (0,0) size 1x15
                    LayoutInline {O:P} at (0,0) size 1x15
              LayoutTableCell {TD} at (367,3770) size 105x113 [border: (1px none #808080) none (1px none #808080)] [r=49 c=3 rs=1 cs=1]
                LayoutBlockFlow {P} at (8.19,1) size 90x16
                  LayoutText {#text} at (35,0) size 20x15
                    text run at (35,0) width 20: "Yes"
                  LayoutInline {SPAN} at (0,0) size 1x15
                    LayoutInline {O:P} at (0,0) size 1x15
                LayoutBlockFlow {P} at (8.19,17) size 90x16
                  LayoutText {#text} at (35,0) size 20x15
                    text run at (35,0) width 20: "Yes"
                  LayoutInline {SPAN} at (0,0) size 1x15
                    LayoutInline {O:P} at (0,0) size 1x15
                LayoutBlockFlow {P} at (8.19,33) size 90x16
                  LayoutText {#text} at (36,0) size 18x15
                    text run at (36,0) width 18: "No"
                LayoutBlockFlow {P} at (8.19,49) size 90x16
                  LayoutText {#text} at (36,0) size 18x15
                    text run at (36,0) width 18: "No"
                LayoutBlockFlow {P} at (8.19,65) size 90x16
                  LayoutText {#text} at (35,0) size 20x15
                    text run at (35,0) width 20: "Yes"
                LayoutBlockFlow {P} at (8.19,81) size 90x16
                  LayoutText {#text} at (43,0) size 4x15
                    text run at (43,0) width 4: " "
                LayoutBlockFlow {P} at (8.19,97) size 90x16
                  LayoutText {#text} at (36,0) size 18x15
                    text run at (36,0) width 18: "No"
                  LayoutInline {SPAN} at (0,0) size 1x15
                    LayoutInline {O:P} at (0,0) size 1x15
            LayoutTableRow {TR} at (0,3915) size 472x49
              LayoutTableCell {TD} at (0,3915) size 98x17 [border: (1px none #808080) none] [r=50 c=0 rs=1 cs=1]
                LayoutBlockFlow {P} at (8.19,1) size 83x16
                  LayoutText {#text} at (34,0) size 15x15
                    text run at (34,0) width 15: "51"
                  LayoutInline {SPAN} at (0,0) size 1x15
                    LayoutInline {O:P} at (0,0) size 1x15
              LayoutTableCell {TD} at (98,3915) size 170x49 [border: (1px none #808080) none (1px none #808080)] [r=50 c=1 rs=1 cs=1]
                LayoutBlockFlow {P} at (8.19,1) size 155x16
                  LayoutText {#text} at (0,0) size 79x15
                    text run at (0,0) width 79: "Robert Barnett"
                LayoutBlockFlow {P} at (8.19,17) size 155x16
                  LayoutText {#text} at (0,0) size 73x15
                    text run at (0,0) width 73: "Jim Mahoney"
                LayoutBlockFlow {P} at (8.19,33) size 155x16
                  LayoutText {#text} at (0,0) size 85x15
                    text run at (0,0) width 85: "Jason Anderson"
                  LayoutInline {SPAN} at (0,0) size 1x15
                    LayoutInline {O:P} at (0,0) size 1x15
              LayoutTableCell {TD} at (268,3915) size 99x49 [border: (1px none #808080) none (1px none #808080)] [r=50 c=2 rs=1 cs=1]
                LayoutBlockFlow {P} at (8.19,1) size 84x16
                  LayoutText {#text} at (32,0) size 20x15
                    text run at (32,0) width 20: "Yes"
                LayoutBlockFlow {P} at (8.19,17) size 84x16
                  LayoutText {#text} at (32,0) size 20x15
                    text run at (32,0) width 20: "Yes"
                LayoutBlockFlow {P} at (8.19,33) size 84x16
                  LayoutText {#text} at (32,0) size 20x15
                    text run at (32,0) width 20: "Yes"
                  LayoutInline {SPAN} at (0,0) size 1x15
                    LayoutInline {O:P} at (0,0) size 1x15
              LayoutTableCell {TD} at (367,3915) size 105x49 [border: (1px none #808080) none (1px none #808080)] [r=50 c=3 rs=1 cs=1]
                LayoutBlockFlow {P} at (8.19,1) size 90x16
                  LayoutInline {SPAN} at (0,0) size 18x15
                    LayoutText {#text} at (36,0) size 18x15
                      text run at (36,0) width 18: "No"
                    LayoutInline {O:P} at (0,0) size 1x15
                LayoutBlockFlow {P} at (8.19,17) size 90x16
                  LayoutInline {SPAN} at (0,0) size 20x15
                    LayoutText {#text} at (35,0) size 20x15
                      text run at (35,0) width 20: "Yes"
                LayoutBlockFlow {P} at (8.19,33) size 90x16
                  LayoutInline {SPAN} at (0,0) size 18x15
                    LayoutText {#text} at (36,0) size 18x15
                      text run at (36,0) width 18: "No"
                  LayoutInline {SPAN} at (0,0) size 1x15
                    LayoutInline {O:P} at (0,0) size 1x15
            LayoutTableRow {TR} at (0,3964) size 472x81
              LayoutTableCell {TD} at (0,3964) size 98x17 [border: (1px none #808080) none] [r=51 c=0 rs=1 cs=1]
                LayoutBlockFlow {P} at (8.19,1) size 83x16
                  LayoutText {#text} at (34,0) size 15x15
                    text run at (34,0) width 15: "52"
                  LayoutInline {SPAN} at (0,0) size 1x15
                    LayoutInline {O:P} at (0,0) size 1x15
              LayoutTableCell {TD} at (98,3964) size 170x81 [border: (1px none #808080) none (1px none #808080)] [r=51 c=1 rs=1 cs=1]
                LayoutBlockFlow {P} at (8.19,1) size 155x16
                  LayoutText {#text} at (0,0) size 58x15
                    text run at (0,0) width 58: "Mike West"
                  LayoutInline {SPAN} at (0,0) size 1x15
                    LayoutInline {O:P} at (0,0) size 1x15
                LayoutBlockFlow {P} at (8.19,17) size 155x16
                  LayoutText {#text} at (0,0) size 82x15
                    text run at (0,0) width 82: "Robert Frogner"
                LayoutBlockFlow {P} at (8.19,33) size 155x16
                  LayoutText {#text} at (0,0) size 90x15
                    text run at (0,0) width 90: "Chris McDowell"
                LayoutBlockFlow {P} at (8.19,49) size 155x16
                  LayoutText {#text} at (0,0) size 55x15
                    text run at (0,0) width 55: "Ed Cypret"
                LayoutBlockFlow {P} at (8.19,65) size 155x16
                  LayoutText {#text} at (0,0) size 68x15
                    text run at (0,0) width 68: "Dale Barnett"
                  LayoutInline {SPAN} at (0,0) size 1x15
                    LayoutInline {O:P} at (0,0) size 1x15
              LayoutTableCell {TD} at (268,3964) size 99x81 [border: (1px none #808080) none (1px none #808080)] [r=51 c=2 rs=1 cs=1]
                LayoutBlockFlow {P} at (8.19,1) size 84x16
                  LayoutText {#text} at (32,0) size 20x15
                    text run at (32,0) width 20: "Yes"
                  LayoutInline {SPAN} at (0,0) size 1x15
                    LayoutInline {O:P} at (0,0) size 1x15
                LayoutBlockFlow {P} at (8.19,17) size 84x16
                  LayoutText {#text} at (32,0) size 20x15
                    text run at (32,0) width 20: "Yes"
                LayoutBlockFlow {P} at (8.19,33) size 84x16
                  LayoutText {#text} at (32,0) size 20x15
                    text run at (32,0) width 20: "Yes"
                LayoutBlockFlow {P} at (8.19,49) size 84x16
                  LayoutText {#text} at (40,0) size 4x15
                    text run at (40,0) width 4: " "
                LayoutBlockFlow {P} at (8.19,65) size 84x16
                  LayoutText {#text} at (32,0) size 20x15
                    text run at (32,0) width 20: "Yes"
                  LayoutInline {SPAN} at (0,0) size 1x15
                    LayoutInline {O:P} at (0,0) size 1x15
              LayoutTableCell {TD} at (367,3964) size 105x81 [border: (1px none #808080) none (1px none #808080)] [r=51 c=3 rs=1 cs=1]
                LayoutBlockFlow {P} at (8.19,1) size 90x16
                  LayoutText {#text} at (35,0) size 20x15
                    text run at (35,0) width 20: "Yes"
                  LayoutInline {SPAN} at (0,0) size 1x15
                    LayoutInline {O:P} at (0,0) size 1x15
                LayoutBlockFlow {P} at (8.19,17) size 90x16
                  LayoutText {#text} at (36,0) size 18x15
                    text run at (36,0) width 18: "No"
                LayoutBlockFlow {P} at (8.19,33) size 90x16
                  LayoutText {#text} at (36,0) size 18x15
                    text run at (36,0) width 18: "No"
                LayoutBlockFlow {P} at (8.19,49) size 90x16
                  LayoutText {#text} at (43,0) size 4x15
                    text run at (43,0) width 4: " "
                LayoutBlockFlow {P} at (8.19,65) size 90x16
                  LayoutText {#text} at (36,0) size 18x15
                    text run at (36,0) width 18: "No"
                  LayoutInline {SPAN} at (0,0) size 1x15
                    LayoutInline {O:P} at (0,0) size 1x15
            LayoutTableRow {TR} at (0,4045) size 472x81
              LayoutTableCell {TD} at (0,4045) size 98x17 [border: (1px none #808080) none] [r=52 c=0 rs=1 cs=1]
                LayoutBlockFlow {P} at (8.19,1) size 83x16
                  LayoutText {#text} at (34,0) size 15x15
                    text run at (34,0) width 15: "53"
                  LayoutInline {SPAN} at (0,0) size 1x15
                    LayoutInline {O:P} at (0,0) size 1x15
              LayoutTableCell {TD} at (98,4045) size 170x81 [border: (1px none #808080) none (1px none #808080)] [r=52 c=1 rs=1 cs=1]
                LayoutBlockFlow {P} at (8.19,1) size 155x16
                  LayoutText {#text} at (0,0) size 82x15
                    text run at (0,0) width 82: "Alberto Lanzas"
                  LayoutInline {SPAN} at (0,0) size 1x15
                    LayoutInline {O:P} at (0,0) size 1x15
                LayoutBlockFlow {P} at (8.19,17) size 155x16
                  LayoutText {#text} at (0,0) size 68x15
                    text run at (0,0) width 68: "Bill Johnson"
                LayoutBlockFlow {P} at (8.19,33) size 155x16
                  LayoutText {#text} at (0,0) size 43x15
                    text run at (0,0) width 43: "Al Wert"
                LayoutBlockFlow {P} at (8.19,49) size 155x16
                  LayoutText {#text} at (0,0) size 68x15
                    text run at (0,0) width 68: "Dale Barnett"
                LayoutBlockFlow {P} at (8.19,65) size 155x16
                  LayoutText {#text} at (0,0) size 102x15
                    text run at (0,0) width 102: "Ramin Khoshnevis"
                  LayoutInline {SPAN} at (0,0) size 1x15
                    LayoutInline {O:P} at (0,0) size 1x15
              LayoutTableCell {TD} at (268,4045) size 99x81 [border: (1px none #808080) none (1px none #808080)] [r=52 c=2 rs=1 cs=1]
                LayoutBlockFlow {P} at (8.19,1) size 84x16
                  LayoutText {#text} at (32,0) size 20x15
                    text run at (32,0) width 20: "Yes"
                  LayoutInline {SPAN} at (0,0) size 1x15
                    LayoutInline {O:P} at (0,0) size 1x15
                LayoutBlockFlow {P} at (8.19,17) size 84x16
                  LayoutText {#text} at (32,0) size 20x15
                    text run at (32,0) width 20: "Yes"
                LayoutBlockFlow {P} at (8.19,33) size 84x16
                  LayoutText {#text} at (33,0) size 18x15
                    text run at (33,0) width 18: "No"
                LayoutBlockFlow {P} at (8.19,49) size 84x16
                  LayoutText {#text} at (32,0) size 20x15
                    text run at (32,0) width 20: "Yes"
                LayoutBlockFlow {P} at (8.19,65) size 84x16
                  LayoutText {#text} at (32,0) size 20x15
                    text run at (32,0) width 20: "Yes"
                  LayoutInline {SPAN} at (0,0) size 1x15
                    LayoutInline {O:P} at (0,0) size 1x15
              LayoutTableCell {TD} at (367,4045) size 105x81 [border: (1px none #808080) none (1px none #808080)] [r=52 c=3 rs=1 cs=1]
                LayoutBlockFlow {P} at (8.19,1) size 90x16
                  LayoutText {#text} at (35,0) size 20x15
                    text run at (35,0) width 20: "Yes"
                  LayoutInline {SPAN} at (0,0) size 1x15
                    LayoutInline {O:P} at (0,0) size 1x15
                LayoutBlockFlow {P} at (8.19,17) size 90x16
                  LayoutText {#text} at (36,0) size 18x15
                    text run at (36,0) width 18: "No"
                LayoutBlockFlow {P} at (8.19,33) size 90x16
                  LayoutText {#text} at (35,0) size 20x15
                    text run at (35,0) width 20: "Yes"
                LayoutBlockFlow {P} at (8.19,49) size 90x16
                  LayoutText {#text} at (36,0) size 18x15
                    text run at (36,0) width 18: "No"
                LayoutBlockFlow {P} at (8.19,65) size 90x16
                  LayoutText {#text} at (36,0) size 18x15
                    text run at (36,0) width 18: "No"
                  LayoutInline {SPAN} at (0,0) size 1x15
                    LayoutInline {O:P} at (0,0) size 1x15
            LayoutTableRow {TR} at (0,4126) size 472x113
              LayoutTableCell {TD} at (0,4126) size 98x17 [border: (1px none #808080) none] [r=53 c=0 rs=1 cs=1]
                LayoutBlockFlow {P} at (8.19,1) size 83x16
                  LayoutText {#text} at (34,0) size 15x15
                    text run at (34,0) width 15: "54"
                  LayoutInline {SPAN} at (0,0) size 1x15
                    LayoutInline {O:P} at (0,0) size 1x15
              LayoutTableCell {TD} at (98,4126) size 170x113 [border: (1px none #808080) none (1px none #808080)] [r=53 c=1 rs=1 cs=1]
                LayoutBlockFlow {P} at (8.19,1) size 155x16
                  LayoutText {#text} at (0,0) size 76x15
                    text run at (0,0) width 76: "Gene Langley"
                LayoutBlockFlow {P} at (8.19,17) size 155x16
                  LayoutText {#text} at (0,0) size 68x15
                    text run at (0,0) width 68: "Bill Johnson"
                LayoutBlockFlow {P} at (8.19,33) size 155x16
                  LayoutText {#text} at (0,0) size 56x15
                    text run at (0,0) width 56: "Mark Diel"
                LayoutBlockFlow {P} at (8.19,49) size 155x16
                  LayoutText {#text} at (0,0) size 62x15
                    text run at (0,0) width 62: "Jerry Davis"
                LayoutBlockFlow {P} at (8.19,65) size 155x16
                  LayoutText {#text} at (0,0) size 57x15
                    text run at (0,0) width 57: "Peter Starr"
                LayoutBlockFlow {P} at (8.19,81) size 155x16
                  LayoutText {#text} at (0,0) size 83x15
                    text run at (0,0) width 83: "John Yearwood"
                LayoutBlockFlow {P} at (8.19,97) size 155x16
                  LayoutText {#text} at (0,0) size 63x15
                    text run at (0,0) width 63: "Scott Hersh"
                  LayoutInline {SPAN} at (0,0) size 1x15
                    LayoutInline {O:P} at (0,0) size 1x15
              LayoutTableCell {TD} at (268,4126) size 99x113 [border: (1px none #808080) none (1px none #808080)] [r=53 c=2 rs=1 cs=1]
                LayoutBlockFlow {P} at (8.19,1) size 84x16
                  LayoutText {#text} at (32,0) size 20x15
                    text run at (32,0) width 20: "Yes"
                LayoutBlockFlow {P} at (8.19,17) size 84x16
                  LayoutText {#text} at (32,0) size 20x15
                    text run at (32,0) width 20: "Yes"
                LayoutBlockFlow {P} at (8.19,33) size 84x16
                  LayoutText {#text} at (40,0) size 4x15
                    text run at (40,0) width 4: " "
                LayoutBlockFlow {P} at (8.19,49) size 84x16
                  LayoutText {#text} at (32,0) size 20x15
                    text run at (32,0) width 20: "Yes"
                LayoutBlockFlow {P} at (8.19,65) size 84x16
                  LayoutText {#text} at (40,0) size 4x15
                    text run at (40,0) width 4: " "
                LayoutBlockFlow {P} at (8.19,81) size 84x16
                  LayoutText {#text} at (32,0) size 20x15
                    text run at (32,0) width 20: "Yes"
                LayoutBlockFlow {P} at (8.19,97) size 84x16
                  LayoutText {#text} at (32,0) size 20x15
                    text run at (32,0) width 20: "Yes"
                  LayoutInline {SPAN} at (0,0) size 1x15
                    LayoutInline {O:P} at (0,0) size 1x15
              LayoutTableCell {TD} at (367,4126) size 105x113 [border: (1px none #808080) none (1px none #808080)] [r=53 c=3 rs=1 cs=1]
                LayoutBlockFlow {P} at (8.19,1) size 90x16
                  LayoutText {#text} at (5,0) size 80x15
                    text run at (5,0) width 80: "Gyro wannabe"
                LayoutBlockFlow {P} at (8.19,17) size 90x16
                  LayoutText {#text} at (36,0) size 18x15
                    text run at (36,0) width 18: "No"
                LayoutBlockFlow {P} at (8.19,33) size 90x16
                  LayoutText {#text} at (43,0) size 4x15
                    text run at (43,0) width 4: " "
                LayoutBlockFlow {P} at (8.19,49) size 90x16
                  LayoutText {#text} at (36,0) size 18x15
                    text run at (36,0) width 18: "No"
                LayoutBlockFlow {P} at (8.19,65) size 90x16
                  LayoutText {#text} at (43,0) size 4x15
                    text run at (43,0) width 4: " "
                LayoutBlockFlow {P} at (8.19,81) size 90x16
                  LayoutText {#text} at (36,0) size 18x15
                    text run at (36,0) width 18: "No"
                LayoutBlockFlow {P} at (8.19,97) size 90x16
                  LayoutText {#text} at (36,0) size 18x15
                    text run at (36,0) width 18: "No"
                  LayoutInline {SPAN} at (0,0) size 1x15
                    LayoutInline {O:P} at (0,0) size 1x15
            LayoutTableRow {TR} at (0,4239) size 472x49
              LayoutTableCell {TD} at (0,4239) size 98x17 [border: (1px none #808080) none] [r=54 c=0 rs=1 cs=1]
                LayoutBlockFlow {P} at (8.19,1) size 83x16
                  LayoutText {#text} at (34,0) size 15x15
                    text run at (34,0) width 15: "55"
                  LayoutInline {SPAN} at (0,0) size 1x15
                    LayoutInline {O:P} at (0,0) size 1x15
              LayoutTableCell {TD} at (98,4239) size 170x49 [border: (1px none #808080) none (1px none #808080)] [r=54 c=1 rs=1 cs=1]
                LayoutBlockFlow {P} at (8.19,1) size 155x16
                  LayoutText {#text} at (0,0) size 82x15
                    text run at (0,0) width 82: "Alberto Lanzas"
                  LayoutInline {SPAN} at (0,0) size 1x15
                    LayoutInline {O:P} at (0,0) size 1x15
                LayoutBlockFlow {P} at (8.19,17) size 155x16
                  LayoutText {#text} at (0,0) size 59x15
                    text run at (0,0) width 59: "Bob Roger"
                LayoutBlockFlow {P} at (8.19,33) size 155x16
                  LayoutText {#text} at (0,0) size 76x15
                    text run at (0,0) width 76: "Randy StClair"
                  LayoutInline {SPAN} at (0,0) size 1x15
                    LayoutInline {O:P} at (0,0) size 1x15
              LayoutTableCell {TD} at (268,4239) size 99x49 [border: (1px none #808080) none (1px none #808080)] [r=54 c=2 rs=1 cs=1]
                LayoutBlockFlow {P} at (8.19,1) size 84x16
                  LayoutText {#text} at (32,0) size 20x15
                    text run at (32,0) width 20: "Yes"
                  LayoutInline {SPAN} at (0,0) size 1x15
                    LayoutInline {O:P} at (0,0) size 1x15
                LayoutBlockFlow {P} at (8.19,17) size 84x16
                  LayoutText {#text} at (32,0) size 20x15
                    text run at (32,0) width 20: "Yes"
                LayoutBlockFlow {P} at (8.19,33) size 84x16
                  LayoutText {#text} at (32,0) size 20x15
                    text run at (32,0) width 20: "Yes"
                  LayoutInline {SPAN} at (0,0) size 1x15
                    LayoutInline {O:P} at (0,0) size 1x15
              LayoutTableCell {TD} at (367,4239) size 105x49 [border: (1px none #808080) none (1px none #808080)] [r=54 c=3 rs=1 cs=1]
                LayoutBlockFlow {P} at (8.19,1) size 90x16
                  LayoutText {#text} at (35,0) size 20x15
                    text run at (35,0) width 20: "Yes"
                  LayoutInline {SPAN} at (0,0) size 1x15
                    LayoutInline {O:P} at (0,0) size 1x15
                LayoutBlockFlow {P} at (8.19,17) size 90x16
                  LayoutText {#text} at (36,0) size 18x15
                    text run at (36,0) width 18: "No"
                LayoutBlockFlow {P} at (8.19,33) size 90x16
                  LayoutText {#text} at (36,0) size 18x15
                    text run at (36,0) width 18: "No"
                  LayoutInline {SPAN} at (0,0) size 1x15
                    LayoutInline {O:P} at (0,0) size 1x15
            LayoutTableRow {TR} at (0,4288) size 472x81
              LayoutTableCell {TD} at (0,4288) size 98x17 [border: (1px none #808080) none] [r=55 c=0 rs=1 cs=1]
                LayoutBlockFlow {P} at (8.19,1) size 83x16
                  LayoutText {#text} at (34,0) size 15x15
                    text run at (34,0) width 15: "56"
                  LayoutInline {SPAN} at (0,0) size 1x15
                    LayoutInline {O:P} at (0,0) size 1x15
              LayoutTableCell {TD} at (98,4288) size 170x81 [border: (1px none #808080) none (1px none #808080)] [r=55 c=1 rs=1 cs=1]
                LayoutBlockFlow {P} at (8.19,1) size 155x16
                  LayoutText {#text} at (0,0) size 82x15
                    text run at (0,0) width 82: "Mark Glanville"
                LayoutBlockFlow {P} at (8.19,17) size 155x16
                  LayoutText {#text} at (0,0) size 71x15
                    text run at (0,0) width 71: "Steve Gilbert"
                LayoutBlockFlow {P} at (8.19,33) size 155x16
                  LayoutText {#text} at (0,0) size 62x15
                    text run at (0,0) width 62: "Jerry Davis"
                LayoutBlockFlow {P} at (8.19,49) size 155x16
                  LayoutText {#text} at (0,0) size 66x15
                    text run at (0,0) width 66: "Rich Saunef"
                LayoutBlockFlow {P} at (8.19,65) size 155x16
                  LayoutText {#text} at (0,0) size 70x15
                    text run at (0,0) width 70: "Harald Close"
                  LayoutInline {SPAN} at (0,0) size 1x15
                    LayoutInline {O:P} at (0,0) size 1x15
              LayoutTableCell {TD} at (268,4288) size 99x81 [border: (1px none #808080) none (1px none #808080)] [r=55 c=2 rs=1 cs=1]
                LayoutBlockFlow {P} at (8.19,1) size 84x16
                  LayoutText {#text} at (32,0) size 20x15
                    text run at (32,0) width 20: "Yes"
                LayoutBlockFlow {P} at (8.19,17) size 84x16
                  LayoutText {#text} at (32,0) size 20x15
                    text run at (32,0) width 20: "Yes"
                LayoutBlockFlow {P} at (8.19,33) size 84x16
                  LayoutText {#text} at (32,0) size 20x15
                    text run at (32,0) width 20: "Yes"
                LayoutBlockFlow {P} at (8.19,49) size 84x16
                  LayoutText {#text} at (32,0) size 20x15
                    text run at (32,0) width 20: "Yes"
                LayoutBlockFlow {P} at (8.19,65) size 84x16
                  LayoutText {#text} at (32,0) size 20x15
                    text run at (32,0) width 20: "Yes"
                  LayoutInline {SPAN} at (0,0) size 1x15
                    LayoutInline {O:P} at (0,0) size 1x15
              LayoutTableCell {TD} at (367,4288) size 105x81 [border: (1px none #808080) none (1px none #808080)] [r=55 c=3 rs=1 cs=1]
                LayoutBlockFlow {P} at (8.19,1) size 90x16
                  LayoutText {#text} at (36,0) size 18x15
                    text run at (36,0) width 18: "No"
                LayoutBlockFlow {P} at (8.19,17) size 90x16
                  LayoutText {#text} at (36,0) size 18x15
                    text run at (36,0) width 18: "No"
                LayoutBlockFlow {P} at (8.19,33) size 90x16
                  LayoutText {#text} at (36,0) size 18x15
                    text run at (36,0) width 18: "No"
                LayoutBlockFlow {P} at (8.19,49) size 90x16
                  LayoutText {#text} at (36,0) size 18x15
                    text run at (36,0) width 18: "No"
                LayoutBlockFlow {P} at (8.19,65) size 90x16
                  LayoutText {#text} at (36,0) size 18x15
                    text run at (36,0) width 18: "No"
                  LayoutInline {SPAN} at (0,0) size 1x15
                    LayoutInline {O:P} at (0,0) size 1x15
            LayoutTableRow {TR} at (0,4369) size 472x49
              LayoutTableCell {TD} at (0,4369) size 98x17 [border: (1px none #808080) none] [r=56 c=0 rs=1 cs=1]
                LayoutBlockFlow {P} at (8.19,1) size 83x16
                  LayoutText {#text} at (34,0) size 15x15
                    text run at (34,0) width 15: "57"
                  LayoutInline {SPAN} at (0,0) size 1x15
                    LayoutInline {O:P} at (0,0) size 1x15
              LayoutTableCell {TD} at (98,4369) size 170x49 [border: (1px none #808080) none (1px none #808080)] [r=56 c=1 rs=1 cs=1]
                LayoutBlockFlow {P} at (8.19,1) size 155x16
                  LayoutText {#text} at (0,0) size 59x15
                    text run at (0,0) width 59: "Bob Roger"
                LayoutBlockFlow {P} at (8.19,17) size 155x16
                  LayoutText {#text} at (0,0) size 69x15
                    text run at (0,0) width 69: "Rich Burnett"
                LayoutBlockFlow {P} at (8.19,33) size 155x16
                  LayoutText {#text} at (0,0) size 66x15
                    text run at (0,0) width 66: "David Dunn"
                  LayoutInline {SPAN} at (0,0) size 1x15
                    LayoutInline {O:P} at (0,0) size 1x15
              LayoutTableCell {TD} at (268,4369) size 99x17 [border: (1px none #808080) none (1px none #808080)] [r=56 c=2 rs=1 cs=1]
                LayoutBlockFlow {P} at (8.19,1) size 84x16
                  LayoutText {#text} at (32,0) size 20x15
                    text run at (32,0) width 20: "Yes"
                  LayoutInline {SPAN} at (0,0) size 1x15
                    LayoutInline {O:P} at (0,0) size 1x15
              LayoutTableCell {TD} at (367,4369) size 105x17 [border: (1px none #808080) none (1px none #808080)] [r=56 c=3 rs=1 cs=1]
                LayoutBlockFlow {P} at (8.19,1) size 90x16
                  LayoutText {#text} at (36,0) size 18x15
                    text run at (36,0) width 18: "No"
                  LayoutInline {SPAN} at (0,0) size 1x15
                    LayoutInline {O:P} at (0,0) size 1x15
            LayoutTableRow {TR} at (0,4418) size 472x65
              LayoutTableCell {TD} at (0,4418) size 98x17 [border: (1px none #808080) none] [r=57 c=0 rs=1 cs=1]
                LayoutBlockFlow {P} at (8.19,1) size 83x16
                  LayoutText {#text} at (34,0) size 15x15
                    text run at (34,0) width 15: "58"
                  LayoutInline {SPAN} at (0,0) size 1x15
                    LayoutInline {O:P} at (0,0) size 1x15
              LayoutTableCell {TD} at (98,4418) size 170x65 [border: (1px none #808080) none (1px none #808080)] [r=57 c=1 rs=1 cs=1]
                LayoutBlockFlow {P} at (8.19,1) size 155x16
                  LayoutText {#text} at (0,0) size 94x15
                    text run at (0,0) width 94: "Ian + Brad Carter"
                  LayoutInline {SPAN} at (0,0) size 1x15
                    LayoutInline {O:P} at (0,0) size 1x15
                LayoutBlockFlow {P} at (8.19,17) size 155x16
                  LayoutText {#text} at (0,0) size 68x15
                    text run at (0,0) width 68: "Bill Johnson"
                LayoutBlockFlow {P} at (8.19,33) size 155x16
                  LayoutText {#text} at (0,0) size 77x15
                    text run at (0,0) width 77: "Chuck Pringle"
                LayoutBlockFlow {P} at (8.19,49) size 155x16
                  LayoutText {#text} at (0,0) size 66x15
                    text run at (0,0) width 66: "David Dunn"
                  LayoutInline {SPAN} at (0,0) size 1x15
                    LayoutInline {O:P} at (0,0) size 1x15
              LayoutTableCell {TD} at (268,4418) size 99x49 [border: (1px none #808080) none (1px none #808080)] [r=57 c=2 rs=1 cs=1]
                LayoutBlockFlow {P} at (8.19,1) size 84x16
                  LayoutText {#text} at (32,0) size 20x15
                    text run at (32,0) width 20: "Yes"
                  LayoutInline {SPAN} at (0,0) size 1x15
                    LayoutInline {O:P} at (0,0) size 1x15
                LayoutBlockFlow {P} at (8.19,17) size 84x16
                  LayoutText {#text} at (32,0) size 20x15
                    text run at (32,0) width 20: "Yes"
                LayoutBlockFlow {P} at (8.19,33) size 84x16
                  LayoutText {#text} at (32,0) size 20x15
                    text run at (32,0) width 20: "Yes"
                  LayoutInline {SPAN} at (0,0) size 1x15
                    LayoutInline {O:P} at (0,0) size 1x15
              LayoutTableCell {TD} at (367,4418) size 105x49 [border: (1px none #808080) none (1px none #808080)] [r=57 c=3 rs=1 cs=1]
                LayoutBlockFlow {P} at (8.19,1) size 90x16
                  LayoutText {#text} at (36,0) size 18x15
                    text run at (36,0) width 18: "No"
                  LayoutInline {SPAN} at (0,0) size 1x15
                    LayoutInline {O:P} at (0,0) size 1x15
                LayoutBlockFlow {P} at (8.19,17) size 90x16
                  LayoutText {#text} at (36,0) size 18x15
                    text run at (36,0) width 18: "No"
                LayoutBlockFlow {P} at (8.19,33) size 90x16
                  LayoutText {#text} at (36,0) size 18x15
                    text run at (36,0) width 18: "No"
                  LayoutInline {SPAN} at (0,0) size 1x15
                    LayoutInline {O:P} at (0,0) size 1x15
            LayoutTableRow {TR} at (0,4483) size 472x33
              LayoutTableCell {TD} at (0,4483) size 98x17 [border: (1px none #808080) none] [r=58 c=0 rs=1 cs=1]
                LayoutBlockFlow {P} at (8.19,1) size 83x16
                  LayoutText {#text} at (34,0) size 15x15
                    text run at (34,0) width 15: "59"
                  LayoutInline {SPAN} at (0,0) size 1x15
                    LayoutInline {O:P} at (0,0) size 1x15
              LayoutTableCell {TD} at (98,4483) size 170x33 [border: (1px none #808080) none (1px none #808080)] [r=58 c=1 rs=1 cs=1]
                LayoutBlockFlow {P} at (8.19,1) size 155x16
                  LayoutText {#text} at (0,0) size 59x15
                    text run at (0,0) width 59: "Bob Roger"
                LayoutBlockFlow {P} at (8.19,17) size 155x16
                  LayoutText {#text} at (0,0) size 69x15
                    text run at (0,0) width 69: "Rich Burnett"
                  LayoutInline {SPAN} at (0,0) size 1x15
                    LayoutInline {O:P} at (0,0) size 1x15
              LayoutTableCell {TD} at (268,4483) size 99x17 [border: (1px none #808080) none (1px none #808080)] [r=58 c=2 rs=1 cs=1]
                LayoutBlockFlow {P} at (8.19,1) size 84x16
                  LayoutText {#text} at (32,0) size 20x15
                    text run at (32,0) width 20: "Yes"
                  LayoutInline {SPAN} at (0,0) size 1x15
                    LayoutInline {O:P} at (0,0) size 1x15
              LayoutTableCell {TD} at (367,4483) size 105x17 [border: (1px none #808080) none (1px none #808080)] [r=58 c=3 rs=1 cs=1]
                LayoutBlockFlow {P} at (8.19,1) size 90x16
                  LayoutText {#text} at (36,0) size 18x15
                    text run at (36,0) width 18: "No"
                  LayoutInline {SPAN} at (0,0) size 1x15
                    LayoutInline {O:P} at (0,0) size 1x15
            LayoutTableRow {TR} at (0,4516) size 472x65
              LayoutTableCell {TD} at (0,4516) size 98x17 [border: (1px none #808080) none] [r=59 c=0 rs=1 cs=1]
                LayoutBlockFlow {P} at (8.19,1) size 83x16
                  LayoutText {#text} at (34,0) size 15x15
                    text run at (34,0) width 15: "60"
                  LayoutInline {SPAN} at (0,0) size 1x15
                    LayoutInline {O:P} at (0,0) size 1x15
              LayoutTableCell {TD} at (98,4516) size 170x65 [border: (1px none #808080) none (1px none #808080)] [r=59 c=1 rs=1 cs=1]
                LayoutBlockFlow {P} at (8.19,1) size 155x16
                  LayoutText {#text} at (0,0) size 68x15
                    text run at (0,0) width 68: "Bill Johnson"
                LayoutBlockFlow {P} at (8.19,17) size 155x16
                  LayoutText {#text} at (0,0) size 96x15
                    text run at (0,0) width 96: "Vladimir Dvorkin"
                LayoutBlockFlow {P} at (8.19,33) size 155x16
                  LayoutText {#text} at (0,0) size 53x15
                    text run at (0,0) width 53: "Ken Price"
                LayoutBlockFlow {P} at (8.19,49) size 155x16
                  LayoutText {#text} at (0,0) size 89x15
                    text run at (0,0) width 89: "Rick Rasmussen"
                  LayoutInline {SPAN} at (0,0) size 1x15
                    LayoutInline {O:P} at (0,0) size 1x15
              LayoutTableCell {TD} at (268,4516) size 99x33 [border: (1px none #808080) none (1px none #808080)] [r=59 c=2 rs=1 cs=1]
                LayoutBlockFlow {P} at (8.19,1) size 84x16
                  LayoutText {#text} at (32,0) size 20x15
                    text run at (32,0) width 20: "Yes"
                LayoutBlockFlow {P} at (8.19,17) size 84x16
                  LayoutText {#text} at (33,0) size 18x15
                    text run at (33,0) width 18: "No"
                  LayoutInline {SPAN} at (0,0) size 1x15
                    LayoutInline {O:P} at (0,0) size 1x15
              LayoutTableCell {TD} at (367,4516) size 105x33 [border: (1px none #808080) none (1px none #808080)] [r=59 c=3 rs=1 cs=1]
                LayoutBlockFlow {P} at (8.19,1) size 90x16
                  LayoutText {#text} at (36,0) size 18x15
                    text run at (36,0) width 18: "No"
                LayoutBlockFlow {P} at (8.19,17) size 90x16
                  LayoutText {#text} at (35,0) size 20x15
                    text run at (35,0) width 20: "Yes"
                  LayoutInline {SPAN} at (0,0) size 1x15
                    LayoutInline {O:P} at (0,0) size 1x15
        LayoutBlockFlow {P} at (0,4600) size 769x16
          LayoutInline {SPAN} at (0,0) size 4x15
            LayoutText {#text} at (0,0) size 4x15
              text run at (0,0) width 4: " "
        LayoutBlockFlow {P} at (0,4616) size 769x16
          LayoutText {#text} at (0,0) size 4x15
            text run at (0,0) width 4: " "
        LayoutBlockFlow {P} at (0,4632) size 769x16
          LayoutText {#text} at (0,0) size 4x15
            text run at (0,0) width 4: " "
      LayoutBlockFlow {P} at (0,4648) size 769x16
        LayoutText {#text} at (382,0) size 5x15
          text run at (382,0) width 5: " "
