layer at (0,0) size 800x600
  LayoutView at (0,0) size 800x600
layer at (0,0) size 800x600
  LayoutBlockFlow {HTML} at (0,0) size 800x600
    LayoutBlockFlow {BODY} at (8,8) size 784x576
      LayoutBlockFlow {FORM} at (0,0) size 784x83
        LayoutTable {TABLE} at (0,0) size 281x83 [border: (1px outset #808080)]
          LayoutTableSection {TBODY} at (1,1) size 279x81
            LayoutTableRow {TR} at (0,2) size 279x77
              LayoutTableCell {TD} at (2,2) size 275x77 [border: (1px inset #808080)] [r=0 c=0 rs=1 cs=1]
                LayoutTable {TABLE} at (2,2) size 271x73 [border: (2px outset #808080)]
                  LayoutTableSection {TBODY} at (2,2) size 267x69
                    LayoutTableRow {TR} at (0,2) size 267x40
                      LayoutTableCell {TD} at (2,2) size 76x40 [border: (1px inset #808080)] [r=0 c=0 rs=1 cs=1]
                        LayoutText {#text} at (2,2) size 57x36
                          text run at (2,2) width 55: "Member"
                          text run at (2,20) width 57: "Number:"
                      LayoutTableCell {TD} at (80,10) size 179x23 [border: (1px inset #808080)] [r=0 c=1 rs=1 cs=1]
                        LayoutTextControl {INPUT} at (2,2) size 131x19 [bgcolor=#FFFFFF] [border: (2px inset #EEEEEE)]
                        LayoutText {#text} at (0,0) size 0x0
                    LayoutTableRow {TR} at (0,44) size 267x23
                      LayoutTableCell {TD} at (2,44) size 76x22 [border: (1px inset #808080)] [r=1 c=0 rs=1 cs=1]
                        LayoutText {#text} at (2,2) size 31x18
                          text run at (2,2) width 31: "PIN:"
                      LayoutTableCell {TD} at (80,44) size 179x23 [border: (1px inset #808080)] [r=1 c=1 rs=1 cs=1]
                        LayoutTextControl {INPUT} at (2,2) size 131x19 [bgcolor=#FFFFFF] [border: (2px inset #EEEEEE)]
                        LayoutText {#text} at (0,0) size 0x0
                      LayoutTableCell {TD} at (261,53) size 4x4 [border: (1px inset #808080)] [r=1 c=2 rs=1 cs=1]
layer at (100,30) size 125x13
  LayoutBlockFlow {DIV} at (3,3) size 125x13
layer at (100,64) size 125x13
  LayoutBlockFlow {DIV} at (3,3) size 125x13
