layer at (0,0) size 800x600
  LayoutView at (0,0) size 800x600
layer at (0,0) size 800x348
  LayoutBlockFlow {HTML} at (0,0) size 800x348
    LayoutBlockFlow {BODY} at (8,8) size 784x332
      LayoutTable {TABLE} at (0,0) size 144x52 [border: (1px outset #808080)]
        LayoutTableSection {TBODY} at (1,1) size 142x50
          LayoutTableRow {TR} at (0,2) size 142x22
            LayoutTableCell {TD} at (2,2) size 71x22 [border: (1px inset #808080)] [r=0 c=0 rs=1 cs=1]
              LayoutText {#text} at (2,2) size 67x18
                text run at (2,2) width 67: "rowspan 0"
            LayoutTableCell {TD} at (75,2) size 65x22 [border: (1px inset #808080)] [r=0 c=1 rs=1 cs=1]
              LayoutText {#text} at (2,2) size 61x18
                text run at (2,2) width 61: "colspan 0"
          LayoutTableRow {TR} at (0,26) size 142x22
            LayoutTableCell {TD} at (2,26) size 71x22 [border: (1px inset #808080)] [r=1 c=0 rs=1 cs=1]
              LayoutText {#text} at (2,2) size 8x18
                text run at (2,2) width 8: "5"
            LayoutTableCell {TD} at (75,26) size 65x22 [border: (1px inset #808080)] [r=1 c=1 rs=1 cs=1]
              LayoutText {#text} at (2,2) size 8x18
                text run at (2,2) width 8: "6"
      LayoutBlockFlow (anonymous) at (0,52) size 784x18
        LayoutBR {BR} at (0,0) size 0x18
      LayoutTable {TABLE} at (0,70) size 99x52 [border: (1px outset #808080)]
        LayoutTableSection {TBODY} at (1,1) size 97x50
          LayoutTableRow {TR} at (0,2) size 97x22
            LayoutTableCell {TD} at (2,2) size 65x22 [border: (1px inset #808080)] [r=0 c=0 rs=1 cs=1]
              LayoutText {#text} at (2,2) size 61x18
                text run at (2,2) width 61: "colspan 0"
            LayoutTableCell {TD} at (69,2) size 12x22 [border: (1px inset #808080)] [r=0 c=1 rs=1 cs=1]
              LayoutText {#text} at (2,2) size 8x18
                text run at (2,2) width 8: "3"
          LayoutTableRow {TR} at (0,26) size 97x22
            LayoutTableCell {TD} at (2,26) size 65x22 [border: (1px inset #808080)] [r=1 c=0 rs=1 cs=1]
              LayoutText {#text} at (2,2) size 8x18
                text run at (2,2) width 8: "4"
            LayoutTableCell {TD} at (69,26) size 12x22 [border: (1px inset #808080)] [r=1 c=1 rs=1 cs=1]
              LayoutText {#text} at (2,2) size 8x18
                text run at (2,2) width 8: "5"
            LayoutTableCell {TD} at (83,26) size 12x22 [border: (1px inset #808080)] [r=1 c=2 rs=1 cs=1]
              LayoutText {#text} at (2,2) size 8x18
                text run at (2,2) width 8: "6"
      LayoutBlockFlow (anonymous) at (0,122) size 784x18
        LayoutBR {BR} at (0,0) size 0x18
      LayoutTable {TABLE} at (0,140) size 170x52 [border: (1px outset #808080)]
        LayoutTableSection {TBODY} at (1,1) size 168x50
          LayoutTableRow {TR} at (0,2) size 168x22
            LayoutTableCell {TD} at (2,2) size 12x22 [border: (1px inset #808080)] [r=0 c=0 rs=1 cs=1]
              LayoutText {#text} at (2,2) size 8x18
                text run at (2,2) width 8: "1"
            LayoutTableCell {TD} at (16,14) size 136x22 [border: (1px inset #808080)] [r=0 c=1 rs=2 cs=1]
              LayoutText {#text} at (2,2) size 132x18
                text run at (2,2) width 132: "rowspan 0 colspan 0"
          LayoutTableRow {TR} at (0,26) size 168x22
            LayoutTableCell {TD} at (2,26) size 12x22 [border: (1px inset #808080)] [r=1 c=0 rs=1 cs=1]
              LayoutText {#text} at (2,2) size 8x18
                text run at (2,2) width 8: "4"
            LayoutTableCell {TD} at (154,26) size 12x22 [border: (1px inset #808080)] [r=1 c=2 rs=1 cs=1]
              LayoutText {#text} at (2,2) size 8x18
                text run at (2,2) width 8: "6"
      LayoutBlockFlow (anonymous) at (0,192) size 784x18
        LayoutBR {BR} at (0,0) size 0x18
      LayoutTable {TABLE} at (0,210) size 32x52 [border: (1px outset #808080)]
        LayoutTableSection {TBODY} at (1,1) size 30x50
          LayoutTableRow {TR} at (0,2) size 30x22
            LayoutTableCell {TD} at (2,2) size 12x22 [border: (1px inset #808080)] [r=0 c=0 rs=1 cs=1]
              LayoutText {#text} at (2,2) size 8x18
                text run at (2,2) width 8: "1"
            LayoutTableCell {TD} at (16,14) size 12x22 [border: (1px inset #808080)] [r=0 c=1 rs=2 cs=1]
              LayoutText {#text} at (2,2) size 8x18
                text run at (2,2) width 8: "2"
          LayoutTableRow {TR} at (0,26) size 30x22
            LayoutTableCell {TD} at (2,26) size 12x22 [border: (1px inset #808080)] [r=1 c=0 rs=1 cs=1]
              LayoutText {#text} at (2,2) size 8x18
                text run at (2,2) width 8: "3"
      LayoutBlockFlow (anonymous) at (0,262) size 784x18
        LayoutBR {BR} at (0,0) size 0x18
      LayoutTable {TABLE} at (0,280) size 145x52 [border: (1px outset #808080)]
        LayoutTableSection {TBODY} at (1,1) size 143x50
          LayoutTableRow {TR} at (0,2) size 143x22
            LayoutTableCell {TD} at (2,2) size 32x22 [border: (1px inset #808080)] [r=0 c=0 rs=1 cs=1]
              LayoutText {#text} at (2,2) size 28x18
                text run at (2,2) width 28: "auto"
            LayoutTableCell {TD} at (36,2) size 71x22 [border: (1px inset #808080)] [r=0 c=1 rs=1 cs=1]
              LayoutText {#text} at (2,2) size 67x18
                text run at (2,2) width 67: "rowspan 0"
            LayoutTableCell {TD} at (109,2) size 32x22 [border: (1px inset #808080)] [r=0 c=2 rs=1 cs=1]
              LayoutText {#text} at (2,2) size 28x18
                text run at (2,2) width 28: "auto"
          LayoutTableRow {TR} at (0,26) size 143x22
            LayoutTableCell {TD} at (2,26) size 32x22 [border: (1px inset #808080)] [r=1 c=0 rs=1 cs=1]
              LayoutText {#text} at (2,2) size 28x18
                text run at (2,2) width 28: "auto"
            LayoutTableCell {TD} at (36,26) size 71x22 [border: (1px inset #808080)] [r=1 c=1 rs=1 cs=1]
              LayoutText {#text} at (2,2) size 28x18
                text run at (2,2) width 28: "auto"
            LayoutTableCell {TD} at (109,26) size 32x22 [border: (1px inset #808080)] [r=1 c=2 rs=1 cs=1]
              LayoutText {#text} at (2,2) size 28x18
                text run at (2,2) width 28: "auto"
