layer at (0,0) size 800x600 clip at (0,0) size 785x600 scrollHeight 2579
  LayoutView at (0,0) size 800x600
layer at (0,0) size 785x2579 backgroundClip at (0,0) size 785x600 clip at (0,0) size 785x600
  LayoutBlockFlow {HTML} at (0,0) size 785x2578.78
    LayoutBlockFlow {BODY} at (8,8) size 769x2562.78 [bgcolor=#CCCCCC]
      LayoutBlockFlow {P} at (0,0) size 769x20
        LayoutText {#text} at (0,0) size 337x19
          text run at (0,0) width 337: "The style declarations which apply to the text below are:"
      LayoutBlockFlow {PRE} at (0,36) size 769x320
        LayoutText {#text} at (0,0) size 496x320
          text run at (0,0) width 368: "P.one {margin-bottom: 2cm; padding-bottom: 0;}"
          text run at (368,0) width 0: " "
          text run at (0,16) width 320: "P.two {margin-top: 2cm; padding-top: 0;}"
          text run at (320,16) width 0: " "
          text run at (0,32) width 320: "P.three {margin-top: 0; padding-top: 0;}"
          text run at (320,32) width 0: " "
          text run at (0,48) width 344: "P.four {margin-top: -1cm; margin-bottom: 0;"
          text run at (344,48) width 0: " "
          text run at (0,64) width 344: "        padding-top: 0; padding-bottom: 0;}"
          text run at (344,64) width 0: " "
          text run at (0,80) width 368: "DIV.five {margin-top: 1cm; margin-bottom: 1cm;"
          text run at (368,80) width 0: " "
          text run at (0,96) width 376: "          padding-top: 1cm; padding-bottom: 0;}"
          text run at (376,96) width 0: " "
          text run at (0,112) width 344: "P.six {margin-top: 1cm; margin-bottom: 1cm;"
          text run at (344,112) width 0: " "
          text run at (0,128) width 336: "       padding-top: 0; padding-bottom: 0;}"
          text run at (336,128) width 0: " "
          text run at (0,144) width 336: "P.seven {margin-top: 1cm; padding-top: 0;}"
          text run at (336,144) width 0: " "
          text run at (0,160) width 408: "P.eight {margin-bottom: -1cm; padding-bottom: 2cm;}"
          text run at (408,160) width 0: " "
          text run at (0,176) width 344: "P.nine {margin-top: -1cm; padding-top: 1cm;"
          text run at (344,176) width 0: " "
          text run at (0,192) width 376: "        padding-bottom: 0; margin-bottom: 1cm;}"
          text run at (376,192) width 0: " "
          text run at (0,208) width 304: "P.ten {margin-top: 1cm;padding-top: 0;"
          text run at (304,208) width 0: " "
          text run at (0,224) width 248: "       float: left;width: 50%;}"
          text run at (248,224) width 0: " "
          text run at (0,240) width 448: "P.eleven {margin-top: 1cm; padding-top: 0; clear: none;}"
          text run at (448,240) width 0: " "
          text run at (0,256) width 496: "P.twelve {margin-bottom: 0; padding-bottom: 1cm; clear: both;}"
          text run at (496,256) width 0: " "
          text run at (0,272) width 360: "P.thirteen {margin-top: 0; padding-top: 1cm;}"
          text run at (360,272) width 0: " "
          text run at (0,288) width 160: "TABLE {clear: both;}"
          text run at (160,288) width 0: " "
          text run at (0,304) width 0: " "
      LayoutBlockFlow {P} at (0,387) size 769x40
        LayoutText {#text} at (0,0) size 720x39
          text run at (0,0) width 720: "There should be a two-centimeter margin between this paragraph and the next, because adjacent vertical margins should"
          text run at (0,20) width 240: "collapse to the maximum of the margins."
      LayoutBlockFlow {P} at (0,502.58) size 769x20
        LayoutText {#text} at (0,0) size 156x19
          text run at (0,0) width 156: "This is another paragraph."
      LayoutBlockFlow {P} at (0,538.58) size 769x20
        LayoutText {#text} at (0,0) size 472x19
          text run at (0,0) width 472: "There should be a two-centimeter margin between this paragraph and the next."
      LayoutBlockFlow {P} at (0,634.16) size 769x20
        LayoutText {#text} at (0,0) size 156x19
          text run at (0,0) width 156: "This is another paragraph."
      LayoutBlockFlow {P} at (0,670.16) size 769x40
        LayoutText {#text} at (0,0) size 756x39
          text run at (0,0) width 756: "There should be a one-centimeter margin between this paragraph and the next, because when there is one negative margin, the"
          text run at (0,20) width 371: "two margins should be added (the minus sign should be kept)."
      LayoutBlockFlow {P} at (0,747.95) size 769x20
        LayoutText {#text} at (0,0) size 156x19
          text run at (0,0) width 156: "This is another paragraph."
      LayoutBlockFlow {DIV} at (0,805.73) size 769x115.56
        LayoutBlockFlow {P} at (0,75.56) size 769x40
          LayoutText {#text} at (0,0) size 752x39
            text run at (0,0) width 750: "There should be three centimeters between this text and the text above, but only one centimeter between this text and the text"
            text run at (0,20) width 752: "below, because vertical margins of nested elements should collapse only if there is no border or padding between the margins."
      LayoutBlockFlow {P} at (0,959.08) size 769x20
        LayoutText {#text} at (0,0) size 103x19
          text run at (0,0) width 103: "This is more text."
      LayoutBlockFlow {P} at (0,995.08) size 769x115.58
        LayoutText {#text} at (0,0) size 747x39
          text run at (0,0) width 747: "There should be two centimeters between this paragraph and the one below, because negative margins collapse to a negative"
          text run at (0,20) width 376: "margin with the largest absolute value of the margins collapsed."
      LayoutBlockFlow {P} at (0,1072.88) size 769x77.78
        LayoutText {#text} at (0,38) size 753x39
          text run at (0,38) width 753: "This is a paragraph, which I should make very long so that you can easily see how much space there is between it and the one"
          text run at (0,58) width 146: "below it and to the right."
      LayoutBlockFlow (floating) {P} at (0,1226.22) size 384.50x60
        LayoutText {#text} at (0,0) size 366x59
          text run at (0,0) width 366: "There should be two centimeters between this paragraph and"
          text run at (0,20) width 346: "the one above it, since margins do not collapse on floating"
          text run at (0,40) width 56: "elements."
      LayoutBlockFlow {P} at (0,1188.44) size 769x60
        LayoutText {#text} at (384,0) size 382x59
          text run at (384,0) width 382: "There should be one centimeter between this paragraph and the"
          text run at (384,20) width 375: "(non-floating) one above it, since the float should not effect the"
          text run at (384,40) width 115: "paragraph spacing."
      LayoutBlockFlow {P} at (0,1302.22) size 769x77.78
        LayoutText {#text} at (0,0) size 765x39
          text run at (0,0) width 530: "There should be two centimeters of padding between this paragraph and the one below. "
          text run at (529,0) width 236: "Padding does not collapse, and there is"
          text run at (0,20) width 177: "1cm of padding on each side."
      LayoutBlockFlow {P} at (0,1380) size 769x57.78
        LayoutText {#text} at (0,38) size 158x19
          text run at (0,38) width 158: "This is the next paragraph."
      LayoutTable {TABLE} at (0,1453.78) size 769x1109 [border: (1px outset #808080)]
        LayoutTableSection {TBODY} at (1,1) size 767x1107
          LayoutTableRow {TR} at (0,0) size 767x28
            LayoutTableCell {TD} at (0,0) size 767x28 [bgcolor=#C0C0C0] [border: (1px inset #808080)] [r=0 c=0 rs=1 cs=2]
              LayoutInline {STRONG} at (0,0) size 157x19
                LayoutText {#text} at (4,4) size 157x19
                  text run at (4,4) width 157: "TABLE Testing Section"
          LayoutTableRow {TR} at (0,28) size 767x1079
            LayoutTableCell {TD} at (0,553) size 12x28 [bgcolor=#C0C0C0] [border: (1px inset #808080)] [r=1 c=0 rs=1 cs=1]
              LayoutText {#text} at (4,4) size 4x19
                text run at (4,4) width 4: " "
            LayoutTableCell {TD} at (12,28) size 755x1078.78 [border: (1px inset #808080)] [r=1 c=1 rs=1 cs=1]
              LayoutBlockFlow {P} at (4,4) size 747x40
                LayoutText {#text} at (0,0) size 720x39
                  text run at (0,0) width 720: "There should be a two-centimeter margin between this paragraph and the next, because adjacent vertical margins should"
                  text run at (0,20) width 240: "collapse to the maximum of the margins."
              LayoutBlockFlow {P} at (4,119.58) size 747x20
                LayoutText {#text} at (0,0) size 156x19
                  text run at (0,0) width 156: "This is another paragraph."
              LayoutBlockFlow {P} at (4,155.58) size 747x20
                LayoutText {#text} at (0,0) size 472x19
                  text run at (0,0) width 472: "There should be a two-centimeter margin between this paragraph and the next."
              LayoutBlockFlow {P} at (4,251.16) size 747x20
                LayoutText {#text} at (0,0) size 156x19
                  text run at (0,0) width 156: "This is another paragraph."
              LayoutBlockFlow {P} at (4,287.16) size 747x40
                LayoutText {#text} at (0,0) size 734x39
                  text run at (0,0) width 734: "There should be a one-centimeter margin between this paragraph and the next, because when there is one negative margin,"
                  text run at (0,20) width 393: "the two margins should be added (the minus sign should be kept)."
              LayoutBlockFlow {P} at (4,364.95) size 747x20
                LayoutText {#text} at (0,0) size 156x19
                  text run at (0,0) width 156: "This is another paragraph."
              LayoutBlockFlow {DIV} at (4,422.73) size 747x135.56
                LayoutBlockFlow {P} at (0,75.56) size 747x60
                  LayoutText {#text} at (0,0) size 724x59
                    text run at (0,0) width 724: "There should be three centimeters between this text and the text above, but only one centimeter between this text and the"
                    text run at (0,20) width 724: "text below, because vertical margins of nested elements should collapse only if there is no border or padding between the"
                    text run at (0,40) width 50: "margins."
              LayoutBlockFlow {P} at (4,596.08) size 747x20
                LayoutText {#text} at (0,0) size 103x19
                  text run at (0,0) width 103: "This is more text."
              LayoutBlockFlow {P} at (4,632.08) size 747x115.58
                LayoutText {#text} at (0,0) size 747x39
                  text run at (0,0) width 747: "There should be two centimeters between this paragraph and the one below, because negative margins collapse to a negative"
                  text run at (0,20) width 376: "margin with the largest absolute value of the margins collapsed."
              LayoutBlockFlow {P} at (4,709.88) size 747x77.78
                LayoutText {#text} at (0,38) size 727x39
                  text run at (0,38) width 727: "This is a paragraph, which I should make very long so that you can easily see how much space there is between it and the"
                  text run at (0,58) width 172: "one below it and to the right."
              LayoutBlockFlow (floating) {P} at (4,863.22) size 373.50x60
                LayoutText {#text} at (0,0) size 366x59
                  text run at (0,0) width 366: "There should be two centimeters between this paragraph and"
                  text run at (0,20) width 346: "the one above it, since margins do not collapse on floating"
                  text run at (0,40) width 56: "elements."
              LayoutBlockFlow {P} at (4,825.44) size 747x60
                LayoutText {#text} at (373,0) size 360x59
                  text run at (373,0) width 360: "There should be one centimeter between this paragraph and"
                  text run at (373,20) width 338: "the (non-floating) one above it, since the float should not"
                  text run at (373,40) width 174: "effect the paragraph spacing."
              LayoutBlockFlow {P} at (4,939.22) size 747x77.78
                LayoutText {#text} at (0,0) size 718x39
                  text run at (0,0) width 530: "There should be two centimeters of padding between this paragraph and the one below. "
                  text run at (529,0) width 189: "Padding does not collapse, and"
                  text run at (0,20) width 224: "there is 1cm of padding on each side."
              LayoutBlockFlow {P} at (4,1017) size 747x57.78
                LayoutText {#text} at (0,38) size 158x19
                  text run at (0,38) width 158: "This is the next paragraph."
layer at (8,377) size 769x2 clip at (0,0) size 0x0
  LayoutBlockFlow {HR} at (0,369) size 769x2 [border: (1px inset #EEEEEE)]
