layer at (0,0) size 800x600 clip at (0,0) size 785x600 scrollHeight 716
  LayoutView at (0,0) size 800x600
layer at (0,0) size 785x716 backgroundClip at (0,0) size 785x600 clip at (0,0) size 785x600
  LayoutBlockFlow {HTML} at (0,0) size 785x716
    LayoutBlockFlow {BODY} at (8,8) size 769x692 [color=#333333] [bgcolor=#FFFFFF]
      LayoutTable {TABLE} at (0,0) size 636x663 [border: (1px outset #808080)]
        LayoutTableSection {TBODY} at (1,1) size 634x661
          LayoutTableRow {TR} at (0,0) size 634x28
            LayoutTableCell {TD} at (0,0) size 148x661 [bgcolor=#660000] [border: (1px inset #808080)] [r=0 c=0 rs=6 cs=1]
              LayoutInline {B} at (0,0) size 64x19
                LayoutInline {A} at (0,0) size 64x19
                  LayoutInline {FONT} at (0,0) size 64x16 [color=#FFFFFF]
                    LayoutText {#text} at (4,4) size 64x16
                      text run at (4,4) width 64: "MARKETS"
                  LayoutBR {BR} at (68,17) size 0x0
              LayoutText {#text} at (0,0) size 0x0
              LayoutInline {A} at (0,0) size 32x19
                LayoutInline {FONT} at (0,0) size 32x16 [color=#FFFFFF]
                  LayoutText {#text} at (4,20) size 32x16
                    text run at (4,20) width 32: "News"
                LayoutBR {BR} at (36,33) size 0x0
              LayoutText {#text} at (0,0) size 0x0
              LayoutInline {A} at (0,0) size 41x19
                LayoutInline {FONT} at (0,0) size 41x16 [color=#FFFFFF]
                  LayoutText {#text} at (4,36) size 41x16
                    text run at (4,36) width 41: "Stocks"
                LayoutBR {BR} at (45,49) size 0x0
              LayoutText {#text} at (0,0) size 0x0
              LayoutInline {A} at (0,0) size 73x19
                LayoutInline {FONT} at (0,0) size 73x16 [color=#FFFFFF]
                  LayoutText {#text} at (4,52) size 73x16
                    text run at (4,52) width 73: "Tech Stocks"
                LayoutBR {BR} at (76,65) size 1x0
              LayoutText {#text} at (0,0) size 0x0
              LayoutInline {A} at (0,0) size 117x19
                LayoutInline {FONT} at (0,0) size 117x16 [color=#FFFFFF]
                  LayoutText {#text} at (4,68) size 117x16
                    text run at (4,68) width 117: "Stocks on the Move"
                LayoutBR {BR} at (121,81) size 0x0
              LayoutText {#text} at (0,0) size 0x0
              LayoutInline {A} at (0,0) size 65x19
                LayoutInline {FONT} at (0,0) size 65x16 [color=#FFFFFF]
                  LayoutText {#text} at (4,84) size 65x16
                    text run at (4,84) width 65: "IPO Center"
                LayoutBR {BR} at (69,97) size 0x0
              LayoutText {#text} at (0,0) size 0x0
              LayoutInline {A} at (0,0) size 79x19
                LayoutInline {FONT} at (0,0) size 79x16 [color=#FFFFFF]
                  LayoutText {#text} at (4,100) size 79x16
                    text run at (4,100) width 79: "World Indices"
                LayoutBR {BR} at (82,113) size 1x0
              LayoutText {#text} at (0,0) size 0x0
              LayoutInline {A} at (0,0) size 88x19
                LayoutInline {FONT} at (0,0) size 88x16 [color=#FFFFFF]
                  LayoutInline {NOBR} at (0,0) size 88x16
                    LayoutText {#text} at (4,116) size 88x16
                      text run at (4,116) width 88: "Rates & Bonds"
                LayoutBR {BR} at (92,129) size 0x0
              LayoutText {#text} at (0,0) size 0x0
              LayoutInline {A} at (0,0) size 91x19
                LayoutInline {FONT} at (0,0) size 91x16 [color=#FFFFFF]
                  LayoutText {#text} at (4,132) size 91x16
                    text run at (4,132) width 91: "U.S. Treasuries"
                LayoutBR {BR} at (94,145) size 1x0
              LayoutText {#text} at (0,0) size 0x0
              LayoutInline {A} at (0,0) size 62x19
                LayoutInline {FONT} at (0,0) size 62x16 [color=#FFFFFF]
                  LayoutText {#text} at (4,148) size 62x16
                    text run at (4,148) width 62: "Currencies"
                LayoutBR {BR} at (66,161) size 0x0
              LayoutText {#text} at (0,0) size 0x0
              LayoutInline {A} at (0,0) size 114x19
                LayoutInline {FONT} at (0,0) size 114x16 [color=#FFFFFF]
                  LayoutText {#text} at (4,164) size 114x16
                    text run at (4,164) width 114: "Currency Calculator"
                LayoutBR {BR} at (118,177) size 0x0
              LayoutText {#text} at (0,0) size 0x0
              LayoutInline {A} at (0,0) size 76x19
                LayoutInline {FONT} at (0,0) size 76x16 [color=#FFFFFF]
                  LayoutText {#text} at (4,180) size 76x16
                    text run at (4,180) width 76: "Commodities"
                LayoutBR {BR} at (80,193) size 0x0
              LayoutText {#text} at (0,0) size 0x0
              LayoutBR {BR} at (4,196) size 0x19
              LayoutInline {B} at (0,0) size 48x19
                LayoutInline {A} at (0,0) size 48x19
                  LayoutInline {FONT} at (0,0) size 48x16 [color=#FFFFFF]
                    LayoutText {#text} at (4,216) size 48x16
                      text run at (4,216) width 48: "MONEY"
                  LayoutBR {BR} at (52,229) size 0x0
              LayoutText {#text} at (0,0) size 0x0
              LayoutInline {A} at (0,0) size 79x19
                LayoutInline {FONT} at (0,0) size 79x16 [color=#FFFFFF]
                  LayoutText {#text} at (4,232) size 79x16
                    text run at (4,232) width 79: "Mutual Funds"
                LayoutBR {BR} at (83,245) size 0x0
              LayoutText {#text} at (0,0) size 0x0
              LayoutInline {A} at (0,0) size 48x19
                LayoutInline {FONT} at (0,0) size 48x16 [color=#FFFFFF]
                  LayoutText {#text} at (4,248) size 48x16
                    text run at (4,248) width 48: "Portfolio"
                LayoutBR {BR} at (52,261) size 0x0
              LayoutText {#text} at (0,0) size 0x0
              LayoutInline {A} at (0,0) size 70x19
                LayoutInline {FONT} at (0,0) size 70x16 [color=#FFFFFF]
                  LayoutText {#text} at (4,264) size 70x16
                    text run at (4,264) width 70: "Loan Center"
                LayoutBR {BR} at (74,277) size 0x0
              LayoutText {#text} at (0,0) size 0x0
              LayoutInline {A} at (0,0) size 116x19
                LayoutInline {FONT} at (0,0) size 116x16 [color=#FFFFFF]
                  LayoutText {#text} at (4,280) size 116x16
                    text run at (4,280) width 116: "Mortgage Calculator"
                LayoutBR {BR} at (120,293) size 0x0
              LayoutText {#text} at (0,0) size 0x0
              LayoutInline {A} at (0,0) size 53x19
                LayoutInline {FONT} at (0,0) size 53x16 [color=#FFFFFF]
                  LayoutText {#text} at (4,296) size 53x16
                    text run at (4,296) width 53: "Investing"
                LayoutBR {BR} at (57,309) size 0x0
              LayoutText {#text} at (0,0) size 0x0
              LayoutInline {A} at (0,0) size 63x19
                LayoutInline {FONT} at (0,0) size 63x16 [color=#FFFFFF]
                  LayoutText {#text} at (4,312) size 63x16
                    text run at (4,312) width 63: "Retirement"
                LayoutBR {BR} at (67,325) size 0x0
              LayoutText {#text} at (0,0) size 0x0
              LayoutInline {A} at (0,0) size 120x19
                LayoutInline {FONT} at (0,0) size 120x16 [color=#FFFFFF]
                  LayoutText {#text} at (4,328) size 120x16
                    text run at (4,328) width 120: "Negocios Bloomberg"
                LayoutBR {BR} at (124,341) size 0x0
              LayoutText {#text} at (0,0) size 0x0
              LayoutBR {BR} at (4,344) size 0x19
              LayoutInline {B} at (0,0) size 78x19
                LayoutInline {A} at (0,0) size 78x19
                  LayoutInline {FONT} at (0,0) size 78x16 [color=#FFFFFF]
                    LayoutText {#text} at (4,364) size 78x16
                      text run at (4,364) width 78: "MAGAZINES"
                  LayoutBR {BR} at (82,377) size 0x0
              LayoutText {#text} at (0,0) size 0x0
              LayoutInline {A} at (0,0) size 101x19
                LayoutInline {FONT} at (0,0) size 101x16 [color=#FFFFFF]
                  LayoutText {#text} at (4,380) size 101x16
                    text run at (4,380) width 101: "Personal Finance"
                LayoutBR {BR} at (105,393) size 0x0
              LayoutText {#text} at (0,0) size 0x0
              LayoutInline {A} at (0,0) size 94x19
                LayoutInline {FONT} at (0,0) size 94x16 [color=#FFFFFF]
                  LayoutText {#text} at (4,396) size 94x16
                    text run at (4,396) width 94: "Wealth Manager"
                LayoutBR {BR} at (97,409) size 1x0
              LayoutText {#text} at (0,0) size 0x0
              LayoutBR {BR} at (4,412) size 0x19
              LayoutInline {FONT} at (0,0) size 124x16 [color=#FFFFFF]
                LayoutInline {B} at (0,0) size 124x16
                  LayoutText {#text} at (4,432) size 124x16
                    text run at (4,432) width 124: "BUSINESS CENTER"
                LayoutBR {BR} at (128,445) size 0x0
              LayoutText {#text} at (0,0) size 0x0
              LayoutInline {A} at (0,0) size 91x19
                LayoutInline {FONT} at (0,0) size 91x16 [color=#FFFFFF]
                  LayoutText {#text} at (4,448) size 91x16
                    text run at (4,448) width 91: "Small Business"
                LayoutBR {BR} at (95,461) size 0x0
              LayoutText {#text} at (0,0) size 0x0
              LayoutBR {BR} at (4,464) size 0x19
              LayoutInline {B} at (0,0) size 63x19
                LayoutInline {A} at (0,0) size 63x19
                  LayoutInline {FONT} at (0,0) size 63x16 [color=#FFFFFF]
                    LayoutText {#text} at (4,484) size 63x16
                      text run at (4,484) width 63: "CAREERS"
                  LayoutBR {BR} at (67,497) size 0x0
              LayoutText {#text} at (0,0) size 0x0
              LayoutBR {BR} at (4,500) size 0x19
              LayoutInline {B} at (0,0) size 29x19
                LayoutInline {A} at (0,0) size 29x19
                  LayoutInline {FONT} at (0,0) size 29x16 [color=#FFFFFF]
                    LayoutText {#text} at (4,520) size 29x16
                      text run at (4,520) width 29: "LIFE"
                  LayoutBR {BR} at (33,533) size 0x0
              LayoutText {#text} at (0,0) size 0x0
              LayoutInline {A} at (0,0) size 98x19
                LayoutInline {FONT} at (0,0) size 98x16 [color=#FFFFFF]
                  LayoutText {#text} at (4,536) size 98x16
                    text run at (4,536) width 98: "The Finer Things"
                LayoutBR {BR} at (102,549) size 0x0
              LayoutText {#text} at (0,0) size 0x0
              LayoutInline {A} at (0,0) size 38x19
                LayoutInline {FONT} at (0,0) size 38x16 [color=#FFFFFF]
                  LayoutText {#text} at (4,552) size 38x16
                    text run at (4,552) width 38: "Sports"
                LayoutBR {BR} at (42,565) size 0x0
              LayoutText {#text} at (0,0) size 0x0
              LayoutInline {A} at (0,0) size 74x19
                LayoutInline {FONT} at (0,0) size 74x16 [color=#FFFFFF]
                  LayoutText {#text} at (4,568) size 74x16
                    text run at (4,568) width 74: "Charlie Rose"
                LayoutBR {BR} at (78,581) size 0x0
              LayoutText {#text} at (0,0) size 0x0
              LayoutInline {A} at (0,0) size 76x19
                LayoutInline {FONT} at (0,0) size 76x16 [color=#FFFFFF]
                  LayoutText {#text} at (4,584) size 76x16
                    text run at (4,584) width 76: "B-Commerce"
                LayoutBR {BR} at (80,597) size 0x0
              LayoutBR {BR} at (4,600) size 0x19
              LayoutImage {IMG} at (4,620) size 140x1
              LayoutBR {BR} at (144,621) size 0x0
              LayoutInline {A} at (0,0) size 73x19
                LayoutInline {FONT} at (0,0) size 73x16 [color=#FFFFFF]
                  LayoutText {#text} at (4,621) size 73x16
                    text run at (4,621) width 73: "To Advertise"
                LayoutBR {BR} at (76,634) size 1x0
              LayoutBR {BR} at (4,637) size 0x19
            LayoutTableCell {TD} at (148,0) size 486x24 [bgcolor=#660000] [border: (1px inset #808080)] [r=0 c=1 rs=1 cs=3]
              LayoutImage {IMG} at (10.50,4) size 465x16
          LayoutTableRow {TR} at (0,28) size 634x83
            LayoutTableCell {TD} at (148,28) size 128x69 [border: (1px inset #808080)] [r=1 c=1 rs=1 cs=1]
              LayoutInline {A} at (0,0) size 120x19
                LayoutText {#text} at (0,0) size 0x0
                LayoutImage {IMG} at (4,4) size 120x60
              LayoutText {#text} at (0,0) size 0x0
              LayoutText {#text} at (0,0) size 0x0
              LayoutImage {IMG} at (4,64) size 120x1
            LayoutTableCell {TD} at (276,28) size 175x69 [border: (1px inset #808080)] [r=1 c=2 rs=1 cs=1]
              LayoutInline {A} at (0,0) size 167x19
                LayoutText {#text} at (0,0) size 0x0
                LayoutImage {IMG} at (4,4) size 167x60
              LayoutText {#text} at (0,0) size 0x0
              LayoutText {#text} at (0,0) size 0x0
              LayoutImage {IMG} at (4,64) size 167x1
            LayoutTableCell {TD} at (451,28) size 183x531 [bgcolor=#CCCC99] [border: (1px inset #808080)] [r=1 c=3 rs=6 cs=1]
              LayoutBlockFlow (anonymous) at (4,4) size 175x29
                LayoutInline {FONT} at (0,0) size 143x12
                  LayoutInline {FONT} at (0,0) size 143x13
                    LayoutInline {SPAN} at (0,0) size 143x13
                      LayoutText {#text} at (16,0) size 143x13
                        text run at (16,0) width 143: "Tue, 27 Jul 1999, 2:47pm EDT"
                      LayoutBR {BR} at (158,10) size 1x0
                LayoutText {#text} at (0,0) size 0x0
                LayoutInline {FONT} at (0,0) size 105x16 [color=#000000]
                  LayoutInline {B} at (0,0) size 105x16
                    LayoutInline {SPAN} at (0,0) size 105x16
                      LayoutText {#text} at (35,13) size 105x16
                        text run at (35,13) width 105: "Market Snapshot"
                      LayoutBR {BR} at (139,26) size 1x0
                LayoutText {#text} at (0,0) size 0x0
              LayoutBlockFlow {CENTER} at (4,33) size 175x494
                LayoutInline {A} at (0,0) size 175x19
                  LayoutImage {IMG} at (0,0) size 175x270
                LayoutText {#text} at (0,0) size 0x0
                LayoutText {#text} at (0,0) size 0x0
                LayoutInline {A} at (0,0) size 161x19
                  LayoutText {#text} at (0,0) size 0x0
                  LayoutImage {IMG} at (7,270) size 161x30
                LayoutText {#text} at (0,0) size 0x0
                LayoutText {#text} at (0,0) size 0x0
                LayoutInline {FONT} at (0,0) size 149x16 [color=#000000]
                  LayoutInline {B} at (0,0) size 149x16
                    LayoutInline {SPAN} at (0,0) size 149x16
                      LayoutText {#text} at (13,300) size 149x16
                        text run at (13,300) width 149: "Financial Market Update"
                      LayoutBR {BR} at (162,313) size 0x0
                LayoutText {#text} at (0,0) size 0x0
                LayoutInline {FONT} at (0,0) size 85x13
                  LayoutInline {A} at (0,0) size 32x13
                    LayoutText {#text} at (45,316) size 32x13
                      text run at (45,316) width 32: "AUDIO"
                  LayoutText {#text} at (77,316) size 18x13
                    text run at (77,316) width 18: "  |   "
                  LayoutInline {A} at (0,0) size 32x13
                    LayoutText {#text} at (95,316) size 32x13
                      text run at (95,316) width 32: "VIDEO"
                  LayoutText {#text} at (127,316) size 3x13
                    text run at (127,316) width 3: " "
                LayoutText {#text} at (0,0) size 0x0
                LayoutBR {BR} at (0,0) size 0x0
                LayoutBR {BR} at (87,329) size 1x19
                LayoutBR {BR} at (87,349) size 1x19
                LayoutInline {A} at (0,0) size 125x19
                  LayoutText {#text} at (0,0) size 0x0
                  LayoutImage {IMG} at (25,369) size 125x125
                LayoutText {#text} at (0,0) size 0x0
                LayoutText {#text} at (0,0) size 0x0
          LayoutTableRow {TR} at (0,111) size 634x153
            LayoutTableCell {TD} at (148,111) size 303x128 [bgcolor=#FFFFFF] [border: (1px inset #808080)] [r=2 c=1 rs=1 cs=2]
              LayoutInline {A} at (0,0) size 0x0
                LayoutImage (floating) {IMG} at (4,4) size 288x26
              LayoutBR {BR} at (295,4) size 0x19
              LayoutBR {BR} at (295,24) size 0x19
              LayoutInline {A} at (0,0) size 274x59
                LayoutInline {SPAN} at (0,0) size 274x59
                  LayoutText {#text} at (4,44) size 274x59
                    text run at (4,44) width 264: "Looking for a new approach to investing?"
                    text run at (4,64) width 274: "How about a portfolio where every holding"
                    text run at (4,84) width 207: "has a word for its stock symbol? "
              LayoutBR {BR} at (0,0) size 0x0
              LayoutInline {SPAN} at (0,0) size 46x19
                LayoutInline {A} at (0,0) size 46x19
                  LayoutText {#text} at (4,104) size 46x19
                    text run at (4,104) width 46: "More..."
              LayoutText {#text} at (0,0) size 0x0
          LayoutTableRow {TR} at (0,264) size 634x397
            LayoutTableCell {TD} at (148,264) size 303x331 [bgcolor=#C0C0C0] [border: (1px inset #808080)] [r=3 c=1 rs=1 cs=2]
              LayoutImage {IMG} at (4,4) size 290x35
              LayoutBR {BR} at (294,39) size 0x0
              LayoutInline {A} at (0,0) size 249x19
                LayoutInline {FONT} at (0,0) size 249x16
                  LayoutInline {SPAN} at (0,0) size 249x16
                    LayoutInline {STRON} at (0,0) size 249x16
                      LayoutInline {U} at (0,0) size 249x16
                        LayoutText {#text} at (4,39) size 249x16
                          text run at (4,39) width 249: "Use BLOOMBERG.com to Find a New Job"
              LayoutBR {BR} at (253,52) size 0x0
              LayoutInline {FONT} at (0,0) size 282x64
                LayoutInline {SPAN} at (0,0) size 282x64
                  LayoutText {#text} at (4,55) size 282x64
                    text run at (4,55) width 280: "Whether you know what you're looking for or just"
                    text run at (4,71) width 275: "know you're looking, the new career page offers"
                    text run at (4,87) width 282: "better searches, news, and calculators than ever"
                    text run at (4,103) width 40: "before."
              LayoutBR {BR} at (44,116) size 0x0
              LayoutInline {A} at (0,0) size 215x19
                LayoutInline {FONT} at (0,0) size 215x16
                  LayoutInline {SPAN} at (0,0) size 215x16
                    LayoutInline {STRONG} at (0,0) size 215x16
                      LayoutInline {U} at (0,0) size 215x16
                        LayoutText {#text} at (4,119) size 215x16
                          text run at (4,119) width 215: "Bloomberg News on Rocket eBook"
              LayoutBR {BR} at (219,132) size 0x0
              LayoutInline {FONT} at (0,0) size 292x80
                LayoutInline {SPAN} at (0,0) size 292x80
                  LayoutText {#text} at (4,135) size 292x80
                    text run at (4,135) width 284: "Bloomberg's Top Financial News is now available"
                    text run at (4,151) width 235: "for download on your Rocket eBook. Get"
                    text run at (4,167) width 292: "tomorrow's news today with Bloomberg's summary"
                    text run at (4,183) width 233: "of the day's top stories. Bloomberg daily"
                    text run at (4,199) width 259: "RocketEditions are FREE until September 1."
              LayoutBR {BR} at (263,212) size 0x0
              LayoutInline {A} at (0,0) size 144x19
                LayoutInline {FONT} at (0,0) size 144x16
                  LayoutInline {SPAN} at (0,0) size 144x16
                    LayoutInline {STRONG} at (0,0) size 144x16
                      LayoutInline {U} at (0,0) size 144x16
                        LayoutText {#text} at (4,215) size 144x16
                          text run at (4,215) width 144: "Bloomberg News to Go"
              LayoutBR {BR} at (148,228) size 0x0
              LayoutInline {FONT} at (0,0) size 294x48
                LayoutInline {SPAN} at (0,0) size 294x48
                  LayoutText {#text} at (4,231) size 294x48
                    text run at (4,231) width 165: "Get tomorrow's news today. "
                    text run at (168,231) width 126: "FREE weekday email"
                    text run at (4,247) width 294: "report of the top stories in business & finance from"
                    text run at (4,263) width 204: "BLOOMBERG NEWS at 5pm EST."
              LayoutBR {BR} at (207,276) size 1x0
              LayoutInline {A} at (0,0) size 179x19
                LayoutInline {FONT} at (0,0) size 179x16
                  LayoutInline {SPAN} at (0,0) size 179x16
                    LayoutInline {STRONG} at (0,0) size 179x16
                      LayoutInline {U} at (0,0) size 179x16
                        LayoutText {#text} at (4,279) size 179x16
                          text run at (4,279) width 179: "Bloomberg Year 2000 Letters"
              LayoutBR {BR} at (182,292) size 1x0
              LayoutInline {FONT} at (0,0) size 284x32
                LayoutInline {SPAN} at (0,0) size 284x32
                  LayoutText {#text} at (4,295) size 284x32
                    text run at (4,295) width 284: "For Y2K information on BLOOMBERG, download"
                    text run at (4,311) width 147: "our customer letters now."
              LayoutBR {BR} at (150,324) size 1x0
      LayoutBlockFlow {P} at (0,679) size 769x13
        LayoutInline {FONT} at (0,0) size 422x13
          LayoutText {#text} at (0,0) size 196x13
            text run at (0,0) width 196: "\x{A9}1999 Bloomberg L.P. All rights reserved. "
          LayoutInline {A} at (0,0) size 77x13
            LayoutText {#text} at (195,0) size 77x13
              text run at (195,0) width 77: "Terms of Service"
          LayoutText {#text} at (271,0) size 7x13
            text run at (271,0) width 7: ", "
          LayoutInline {A} at (0,0) size 64x13
            LayoutText {#text} at (277,0) size 64x13
              text run at (277,0) width 64: "Privacy Policy"
          LayoutText {#text} at (340,0) size 25x13
            text run at (340,0) width 25: " and "
          LayoutInline {A} at (0,0) size 55x13
            LayoutText {#text} at (364,0) size 55x13
              text run at (364,0) width 55: "Trademarks"
          LayoutText {#text} at (418,0) size 4x13
            text run at (418,0) width 4: "."
        LayoutText {#text} at (0,0) size 0x0
