layer at (0,0) size 800x600 scrollHeight 620
  LayoutView at (0,0) size 800x600
layer at (0,0) size 800x620 backgroundClip at (0,0) size 800x600 clip at (0,0) size 800x600
  LayoutBlockFlow {HTML} at (0,0) size 800x620
    LayoutBlockFlow {BODY} at (8,8) size 784x604
      LayoutTable {TABLE} at (0,0) size 74x32 [border: (2px solid #FF0000)]
        LayoutTableSection {TBODY} at (2,2) size 70x28
          LayoutTableRow {TR} at (0,2) size 70x24
            LayoutTableCell {TD} at (2,2) size 31x24 [border: (1px inset #FF0000)] [r=0 c=0 rs=1 cs=1]
              LayoutText {#text} at (2,2) size 27x19
                text run at (2,2) width 27: "One"
            LayoutTableCell {TD} at (35,2) size 33x24 [border: (1px inset #FF0000)] [r=0 c=1 rs=1 cs=1]
              LayoutText {#text} at (2,2) size 29x19
                text run at (2,2) width 29: "Two"
      LayoutBlockFlow (anonymous) at (0,32) size 784x20
        LayoutBR {BR} at (0,0) size 0x19
      LayoutTable {TABLE} at (0,52) size 76x34 [border: (3px solid #FF0000)]
        LayoutTableSection {TBODY} at (3,3) size 70x28
          LayoutTableRow {TR} at (0,2) size 70x24
            LayoutTableCell {TD} at (2,2) size 31x24 [border: (1px inset #FF0000)] [r=0 c=0 rs=1 cs=1]
              LayoutText {#text} at (2,2) size 27x19
                text run at (2,2) width 27: "One"
            LayoutTableCell {TD} at (35,2) size 33x24 [border: (1px inset #FF0000)] [r=0 c=1 rs=1 cs=1]
              LayoutText {#text} at (2,2) size 29x19
                text run at (2,2) width 29: "Two"
      LayoutTable {TABLE} at (0,86) size 63x30 [border: (1px outset #808080)]
        LayoutTableSection {TBODY} at (1,1) size 61x28
          LayoutTableRow {TR} at (0,2) size 61x24
            LayoutTableCell {TD} at (2,2) size 27x24 [border: (1px inset #808080)] [r=0 c=0 rs=1 cs=1]
              LayoutText {#text} at (2,2) size 23x19
                text run at (2,2) width 23: "one"
            LayoutTableCell {TD} at (31,2) size 28x24 [border: (1px inset #808080)] [r=0 c=1 rs=1 cs=1]
              LayoutText {#text} at (2,2) size 24x19
                text run at (2,2) width 24: "two"
      LayoutBlockFlow (anonymous) at (0,116) size 784x20
        LayoutBR {BR} at (0,0) size 0x19
      LayoutTable {TABLE} at (0,136) size 67x26
        LayoutTableSection {TBODY} at (0,0) size 67x26
          LayoutTableRow {TR} at (0,2) size 67x22
            LayoutTableCell {TD} at (2,2) size 18x22 [r=0 c=0 rs=1 cs=1]
              LayoutText {#text} at (1,1) size 16x19
                text run at (1,1) width 16: "no"
            LayoutTableCell {TD} at (22,2) size 43x22 [r=0 c=1 rs=1 cs=1]
              LayoutText {#text} at (1,1) size 41x19
                text run at (1,1) width 41: "border"
      LayoutBlockFlow (anonymous) at (0,162) size 784x20
        LayoutText {#text} at (0,0) size 66x19
          text run at (0,0) width 66: "This table:"
      LayoutTable {TABLE} at (0,182) size 72x30 [border: (1px solid #FF0000)]
        LayoutTableSection {TBODY} at (1,1) size 70x28
          LayoutTableRow {TR} at (0,2) size 70x24
            LayoutTableCell {TD} at (2,2) size 31x24 [border: (1px inset #FF0000)] [r=0 c=0 rs=1 cs=1]
              LayoutText {#text} at (2,2) size 27x19
                text run at (2,2) width 27: "One"
            LayoutTableCell {TD} at (35,2) size 33x24 [border: (1px inset #FF0000)] [r=0 c=1 rs=1 cs=1]
              LayoutText {#text} at (2,2) size 29x19
                text run at (2,2) width 29: "Two"
      LayoutBlockFlow (anonymous) at (0,212) size 784x40
        LayoutBR {BR} at (0,0) size 0x19
        LayoutText {#text} at (0,20) size 187x19
          text run at (0,20) width 187: "Should look just like this one:"
      LayoutTable {TABLE} at (0,252) size 74x32 [border: (2px outset #808080)]
        LayoutTableSection {TBODY} at (2,2) size 70x28
          LayoutTableRow {TR} at (0,2) size 70x24
            LayoutTableCell {TD} at (2,2) size 31x24 [border: (1px inset #808080)] [r=0 c=0 rs=1 cs=1]
              LayoutText {#text} at (2,2) size 27x19
                text run at (2,2) width 27: "One"
            LayoutTableCell {TD} at (35,2) size 33x24 [border: (1px inset #808080)] [r=0 c=1 rs=1 cs=1]
              LayoutText {#text} at (2,2) size 29x19
                text run at (2,2) width 29: "Two"
      LayoutBlockFlow (anonymous) at (0,284) size 784x20
        LayoutBR {BR} at (0,0) size 0x19
      LayoutTable {TABLE} at (0,304) size 63x30 [border: (1px solid #FF0000)]
        LayoutTableSection {TBODY} at (1,1) size 61x28
          LayoutTableRow {TR} at (0,2) size 61x24
            LayoutTableCell {TD} at (2,2) size 27x24 [border: (1px solid #008000)] [r=0 c=0 rs=1 cs=1]
              LayoutText {#text} at (2,2) size 23x19
                text run at (2,2) width 23: "one"
            LayoutTableCell {TD} at (31,2) size 28x24 [border: (1px solid #FF0000)] [r=0 c=1 rs=1 cs=1]
              LayoutText {#text} at (2,2) size 24x19
                text run at (2,2) width 24: "two"
      LayoutBlockFlow (anonymous) at (0,334) size 784x20
        LayoutBR {BR} at (0,0) size 0x19
      LayoutTable {TABLE} at (0,354) size 103x56 [border: (1px solid #FF0000)]
        LayoutTableSection {TBODY} at (1,1) size 101x54
          LayoutTableRow {TR} at (0,2) size 101x24
            LayoutTableCell {TD} at (2,2) size 30x24 [border: (1px solid #008000)] [r=0 c=0 rs=1 cs=1]
              LayoutText {#text} at (2,2) size 23x19
                text run at (2,2) width 23: "one"
            LayoutTableCell {TD} at (34,2) size 28x24 [border: (1px solid #FF0000)] [r=0 c=1 rs=1 cs=1]
              LayoutText {#text} at (2,2) size 24x19
                text run at (2,2) width 24: "two"
            LayoutTableCell {TD} at (64,2) size 35x24 [border: (1px solid #0000FF)] [r=0 c=2 rs=1 cs=1]
              LayoutText {#text} at (2,2) size 31x19
                text run at (2,2) width 31: "three"
          LayoutTableRow {TR} at (0,28) size 101x24
            LayoutTableCell {TD} at (2,28) size 30x24 [border: (1px solid #008000)] [r=1 c=0 rs=1 cs=1]
              LayoutText {#text} at (2,2) size 26x19
                text run at (2,2) width 26: "four"
            LayoutTableCell {TD} at (34,28) size 28x24 [border: (1px solid #FFFF00)] [r=1 c=1 rs=1 cs=1]
              LayoutText {#text} at (2,2) size 24x19
                text run at (2,2) width 24: "five"
            LayoutTableCell {TD} at (64,28) size 35x24 [border: (1px solid #FFA500)] [r=1 c=2 rs=1 cs=1]
              LayoutText {#text} at (2,2) size 18x19
                text run at (2,2) width 18: "six"
      LayoutBlockFlow (anonymous) at (0,410) size 784x20
        LayoutBR {BR} at (0,0) size 0x19
      LayoutTable {TABLE} at (0,430) size 103x56 [border: (1px solid #FF0000)]
        LayoutTableSection {TBODY} at (1,1) size 101x54
          LayoutTableRow {TR} at (0,2) size 101x24
            LayoutTableCell {TD} at (2,2) size 30x24 [border: (1px solid #008000)] [r=0 c=0 rs=1 cs=1]
              LayoutText {#text} at (2,2) size 23x19
                text run at (2,2) width 23: "one"
            LayoutTableCell {TD} at (34,2) size 28x24 [border: (1px solid #FF0000)] [r=0 c=1 rs=1 cs=1]
              LayoutText {#text} at (2,2) size 24x19
                text run at (2,2) width 24: "two"
            LayoutTableCell {TD} at (64,2) size 35x24 [border: (1px solid #0000FF)] [r=0 c=2 rs=1 cs=1]
              LayoutText {#text} at (2,2) size 31x19
                text run at (2,2) width 31: "three"
          LayoutTableRow {TR} at (0,28) size 101x24
            LayoutTableCell {TD} at (2,28) size 30x24 [border: (1px solid #008000)] [r=1 c=0 rs=1 cs=1]
              LayoutText {#text} at (2,2) size 26x19
                text run at (2,2) width 26: "four"
            LayoutTableCell {TD} at (34,28) size 28x24 [border: (1px solid #FFFF00)] [r=1 c=1 rs=1 cs=1]
              LayoutText {#text} at (2,2) size 24x19
                text run at (2,2) width 24: "five"
            LayoutTableCell {TD} at (64,28) size 35x24 [border: (1px solid #FFA500)] [r=1 c=2 rs=1 cs=1]
              LayoutText {#text} at (2,2) size 18x19
                text run at (2,2) width 18: "six"
      LayoutBlockFlow (anonymous) at (0,486) size 784x20
        LayoutBR {BR} at (0,0) size 0x19
      LayoutTable {TABLE} at (0,506) size 65x38 [border: (5px outset #808080)]
        LayoutTableSection {TBODY} at (5,5) size 55x28
          LayoutTableRow {TR} at (0,2) size 55x24
            LayoutTableCell {TD} at (2,2) size 25x24 [border: (1px inset #808080)] [r=0 c=0 rs=1 cs=1]
              LayoutText {#text} at (2,2) size 21x19
                text run at (2,2) width 21: "foo"
            LayoutTableCell {TD} at (29,2) size 24x24 [border: (1px inset #808080)] [r=0 c=1 rs=1 cs=1]
              LayoutText {#text} at (2,2) size 20x19
                text run at (2,2) width 20: "bar"
      LayoutBlockFlow (anonymous) at (0,544) size 784x20
        LayoutBR {BR} at (0,0) size 0x19
      LayoutTable {TABLE} at (0,564) size 69x40 [border: (5px outset #808080)]
        LayoutTableSection {TBODY} at (5,5) size 59x30
          LayoutTableRow {TR} at (0,2) size 59x26
            LayoutTableCell {TD} at (2,2) size 27x26 [border: (2px solid #FF0000)] [r=0 c=0 rs=1 cs=1]
              LayoutText {#text} at (3,3) size 21x19
                text run at (3,3) width 21: "foo"
            LayoutTableCell {TD} at (31,2) size 26x26 [border: (2px solid #FF0000)] [r=0 c=1 rs=1 cs=1]
              LayoutText {#text} at (3,3) size 20x19
                text run at (3,3) width 20: "bar"
