layer at (0,0) size 800x600
  LayoutView at (0,0) size 800x600
layer at (0,0) size 800x600
  LayoutBlockFlow {HTML} at (0,0) size 800x600
    LayoutBlockFlow {BODY} at (8,8) size 784x584
      LayoutTable {TABLE} at (0,0) size 150x30 [bgcolor=#00FF00] [border: (1px outset #808080)]
        LayoutTableSection {TBODY} at (1,1) size 148x28
          LayoutTableRow {TR} at (0,2) size 148x24
            LayoutTableCell {TD} at (2,2) size 66x24 [border: (1px inset #808080)] [r=0 c=0 rs=1 cs=1]
              LayoutText {#text} at (2,2) size 24x19
                text run at (2,2) width 24: "200"
            LayoutTableCell {TD} at (70,2) size 76x24 [border: (1px inset #808080)] [r=0 c=1 rs=1 cs=1]
              LayoutText {#text} at (2,2) size 63x19
                text run at (2,2) width 63: "one_hund"
      LayoutBlockFlow (anonymous) at (0,30) size 784x20
        LayoutBR {BR} at (0,0) size 0x19
      LayoutTable {TABLE} at (0,50) size 500x30 [border: (1px outset #808080)]
        LayoutTableSection {TBODY} at (1,1) size 498x28
          LayoutTableRow {TR} at (0,2) size 498x24
            LayoutTableCell {TD} at (2,2) size 174x24 [bgcolor=#FF0000] [border: (1px inset #808080)] [r=0 c=0 rs=1 cs=1]
              LayoutText {#text} at (2,2) size 77x19
                text run at (2,2) width 77: "fooooooooo"
            LayoutTableCell {TD} at (178,2) size 174x24 [bgcolor=#008000] [border: (1px inset #808080)] [r=0 c=1 rs=1 cs=1]
              LayoutText {#text} at (2,2) size 77x19
                text run at (2,2) width 77: "fooooooooo"
            LayoutTableCell {TD} at (354,2) size 142x24 [bgcolor=#FFA500] [border: (1px inset #808080)] [r=0 c=2 rs=1 cs=1]
              LayoutText {#text} at (2,2) size 96x19
                text run at (2,2) width 96: "foo foo foo foo"
      LayoutBlockFlow (anonymous) at (0,80) size 784x20
        LayoutBR {BR} at (0,0) size 0x19
      LayoutBlockFlow {HR} at (0,108) size 402x2 [border: (1px inset #EEEEEE)]
      LayoutBlockFlow (anonymous) at (0,118) size 784x20
        LayoutText {#text} at (0,0) size 365x19
          text run at (0,0) width 365: "fixed table - fixed cells are increased based on fixed width"
      LayoutTable {TABLE} at (0,138) size 400x50 [border: (1px outset #808080)]
        LayoutTableSection {TBODY} at (1,1) size 398x48
          LayoutTableRow {TR} at (0,2) size 398x44
            LayoutTableCell {TD} at (2,12) size 259x24 [border: (1px inset #808080)] [r=0 c=0 rs=1 cs=1]
              LayoutText {#text} at (2,2) size 21x19
                text run at (2,2) width 21: "foo"
            LayoutTableCell {TD} at (263,2) size 133x44 [border: (1px inset #808080)] [r=0 c=1 rs=1 cs=1]
              LayoutText {#text} at (2,2) size 121x39
                text run at (2,2) width 121: "foo foo foo foo foo"
                text run at (2,22) width 71: "foo foo foo"
      LayoutBlockFlow (anonymous) at (0,188) size 784x60
        LayoutBR {BR} at (0,0) size 0x19
        LayoutBR {BR} at (0,20) size 0x19
        LayoutText {#text} at (0,40) size 375x19
          text run at (0,40) width 375: "excess above min allocated based on fixed widths (not min)"
      LayoutTable {TABLE} at (0,248) size 100x50 [border: (1px outset #808080)]
        LayoutTableSection {TBODY} at (1,1) size 98x48
          LayoutTableRow {TR} at (0,2) size 98x44
            LayoutTableCell {TD} at (2,2) size 34x44 [border: (1px inset #808080)] [r=0 c=0 rs=1 cs=1]
              LayoutText {#text} at (2,2) size 21x39
                text run at (2,2) width 21: "foo"
                text run at (2,22) width 21: "foo"
            LayoutTableCell {TD} at (38,12) size 58x24 [border: (1px inset #808080)] [r=0 c=1 rs=1 cs=1]
              LayoutText {#text} at (2,2) size 21x19
                text run at (2,2) width 21: "foo"
      LayoutBlockFlow (anonymous) at (0,298) size 784x40
        LayoutBR {BR} at (0,0) size 0x19
        LayoutText {#text} at (0,20) size 375x19
          text run at (0,20) width 375: "excess above min allocated based on fixed widths (not min)"
      LayoutTable {TABLE} at (0,338) size 100x50 [border: (1px outset #808080)]
        LayoutTableSection {TBODY} at (1,1) size 98x48
          LayoutTableRow {TR} at (0,2) size 98x44
            LayoutTableCell {TD} at (2,2) size 25x44 [border: (1px inset #808080)] [r=0 c=0 rs=1 cs=1]
              LayoutText {#text} at (2,2) size 21x39
                text run at (2,2) width 21: "foo"
                text run at (2,22) width 21: "foo"
            LayoutTableCell {TD} at (29,12) size 67x24 [border: (1px inset #808080)] [r=0 c=1 rs=1 cs=1]
              LayoutText {#text} at (2,2) size 21x19
                text run at (2,2) width 21: "foo"
      LayoutBlockFlow (anonymous) at (0,388) size 784x20
        LayoutBR {BR} at (0,0) size 0x19
      LayoutTable {TABLE} at (0,408) size 600x30 [border: (1px outset #808080)]
        LayoutTableSection {TBODY} at (1,1) size 598x28
          LayoutTableRow {TR} at (0,2) size 598x24
            LayoutTableCell {TD} at (2,2) size 25x24 [border: (1px inset #808080)] [r=0 c=0 rs=1 cs=1]
              LayoutText {#text} at (2,2) size 21x19
                text run at (2,2) width 21: "foo"
            LayoutTableCell {TD} at (29,2) size 567x24 [border: (1px inset #808080)] [r=0 c=1 rs=1 cs=1]
              LayoutText {#text} at (2,2) size 21x19
                text run at (2,2) width 21: "foo"
      LayoutBlockFlow (anonymous) at (0,438) size 784x20
        LayoutBR {BR} at (0,0) size 0x19
      LayoutTable {TABLE} at (0,458) size 40x30 [border: (1px outset #808080)]
        LayoutTableSection {TBODY} at (1,1) size 38x28
          LayoutTableRow {TR} at (0,2) size 38x24
            LayoutTableCell {TD} at (2,2) size 34x24 [border: (1px inset #808080)] [r=0 c=0 rs=1 cs=1]
              LayoutText {#text} at (2,2) size 21x19
                text run at (2,2) width 21: "foo"
