layer at (0,0) size 800x600
  LayoutView at (0,0) size 800x600
layer at (0,0) size 800x600
  LayoutBlockFlow {HTML} at (0,0) size 800x600
    LayoutBlockFlow {BODY} at (8,8) size 784x584
      LayoutTable {TABLE} at (0,0) size 784x56 [border: (1px outset #808080)]
        LayoutTableSection {TBODY} at (1,1) size 782x54
          LayoutTableRow {TR} at (0,2) size 782x24
            LayoutTableCell {TD} at (2,2) size 81x24 [bgcolor=#FF0000] [border: (1px inset #808080)] [r=0 c=0 rs=1 cs=1]
              LayoutText {#text} at (2,2) size 77x19
                text run at (2,2) width 77: "fooooooooo"
            LayoutTableCell {TD} at (85,2) size 81x24 [bgcolor=#008000] [border: (1px inset #808080)] [r=0 c=1 rs=1 cs=1]
              LayoutText {#text} at (2,2) size 77x19
                text run at (2,2) width 77: "fooooooooo"
            LayoutTableCell {TD} at (168,2) size 308x24 [bgcolor=#FFA500] [border: (1px inset #808080)] [r=0 c=2 rs=1 cs=2]
              LayoutText {#text} at (2,2) size 96x19
                text run at (2,2) width 96: "foo foo foo foo"
            LayoutTableCell {TD} at (478,2) size 302x24 [bgcolor=#0000FF] [border: (1px inset #808080)] [r=0 c=4 rs=1 cs=1]
              LayoutText {#text} at (2,2) size 96x19
                text run at (2,2) width 96: "foo foo foo foo"
          LayoutTableRow {TR} at (0,28) size 782x24
            LayoutTableCell {TD} at (2,28) size 81x24 [bgcolor=#FF0000] [border: (1px inset #808080)] [r=1 c=0 rs=1 cs=1]
              LayoutText {#text} at (2,2) size 77x19
                text run at (2,2) width 77: "fooooooooo"
            LayoutTableCell {TD} at (85,28) size 81x24 [bgcolor=#008000] [border: (1px inset #808080)] [r=1 c=1 rs=1 cs=1]
              LayoutText {#text} at (2,2) size 77x19
                text run at (2,2) width 77: "fooooooooo"
            LayoutTableCell {TD} at (168,28) size 153x24 [bgcolor=#FFA500] [border: (1px inset #808080)] [r=1 c=2 rs=1 cs=1]
              LayoutText {#text} at (2,2) size 96x19
                text run at (2,2) width 96: "foo foo foo foo"
            LayoutTableCell {TD} at (323,28) size 153x24 [bgcolor=#FFA500] [border: (1px inset #808080)] [r=1 c=3 rs=1 cs=1]
              LayoutText {#text} at (2,2) size 96x19
                text run at (2,2) width 96: "foo foo foo foo"
            LayoutTableCell {TD} at (478,28) size 302x24 [bgcolor=#0000FF] [border: (1px inset #808080)] [r=1 c=4 rs=1 cs=1]
              LayoutText {#text} at (2,2) size 96x19
                text run at (2,2) width 96: "foo foo foo foo"
      LayoutBlockFlow (anonymous) at (0,56) size 784x20
        LayoutBR {BR} at (0,0) size 0x19
      LayoutTable {TABLE} at (0,76) size 270x30 [border: (1px outset #808080)]
        LayoutTableSection {TBODY} at (1,1) size 268x28
          LayoutTableRow {TR} at (0,2) size 268x24
            LayoutTableCell {TD} at (2,2) size 208x24 [border: (1px inset #808080)] [r=0 c=0 rs=1 cs=1]
              LayoutText {#text} at (2,2) size 21x19
                text run at (2,2) width 21: "foo"
            LayoutTableCell {TD} at (212,2) size 26x24 [border: (1px inset #808080)] [r=0 c=1 rs=1 cs=1]
              LayoutText {#text} at (2,2) size 20x19
                text run at (2,2) width 20: "bar"
            LayoutTableCell {TD} at (240,2) size 26x24 [border: (1px inset #808080)] [r=0 c=2 rs=1 cs=1]
              LayoutText {#text} at (2,2) size 22x19
                text run at (2,2) width 22: "zap"
