layer at (0,0) size 800x600
  LayoutView at (0,0) size 800x600
layer at (0,0) size 800x600
  LayoutBlockFlow {HTML} at (0,0) size 800x600
    LayoutBlockFlow {BODY} at (8,8) size 784x584
      LayoutBlockFlow (anonymous) at (0,0) size 784x20
        LayoutText {#text} at (0,0) size 437x19
          text run at (0,0) width 437: "fixed table - fixed cells get expanded in Quirks mode, not in Standard"
      LayoutTable {TABLE} at (0,20) size 200x50 [border: (1px outset #808080)]
        LayoutTableSection {TBODY} at (1,1) size 198x48
          LayoutTableRow {TR} at (0,2) size 198x44
            LayoutTableCell {TD} at (2,2) size 104x44 [border: (1px inset #808080)] [r=0 c=0 rs=1 cs=1]
              LayoutText {#text} at (2,2) size 84x39
                text run at (2,2) width 84: "100px 100px"
                text run at (2,22) width 40: "100px"
            LayoutTableCell {TD} at (108,12) size 88x24 [border: (1px inset #808080)] [r=0 c=1 rs=1 cs=1]
              LayoutText {#text} at (2,2) size 58x19
                text run at (2,2) width 58: "auto auto"
      LayoutBlockFlow (anonymous) at (0,70) size 784x20
        LayoutBR {BR} at (0,0) size 0x19
      LayoutBlockFlow {HR} at (0,98) size 102x2 [border: (1px inset #EEEEEE)]
      LayoutBlockFlow (anonymous) at (0,108) size 784x20
        LayoutText {#text} at (0,0) size 314x19
          text run at (0,0) width 314: "table fixed at 600, 1st 2 cells fixed at 100, 2nd not"
      LayoutTable {TABLE} at (0,128) size 600x30 [border: (1px outset #808080)]
        LayoutTableSection {TBODY} at (1,1) size 598x28
          LayoutTableRow {TR} at (0,2) size 598x24
            LayoutTableCell {TD} at (2,2) size 104x24 [border: (1px inset #808080)] [r=0 c=0 rs=1 cs=1]
              LayoutText {#text} at (2,2) size 21x19
                text run at (2,2) width 21: "foo"
            LayoutTableCell {TD} at (108,2) size 104x24 [border: (1px inset #808080)] [r=0 c=1 rs=1 cs=1]
              LayoutText {#text} at (2,2) size 20x19
                text run at (2,2) width 20: "bar"
            LayoutTableCell {TD} at (214,2) size 382x24 [border: (1px inset #808080)] [r=0 c=2 rs=1 cs=1]
              LayoutText {#text} at (2,2) size 21x19
                text run at (2,2) width 21: "foo"
      LayoutBlockFlow (anonymous) at (0,158) size 784x40
        LayoutBR {BR} at (0,0) size 0x19
        LayoutText {#text} at (0,20) size 314x19
          text run at (0,20) width 314: "table fixed at 600, 1st 2 cells fixed at 100, 2nd not"
      LayoutTable {TABLE} at (0,198) size 600x30 [border: (1px outset #808080)]
        LayoutTableSection {TBODY} at (1,1) size 598x28
          LayoutTableRow {TR} at (0,2) size 598x24
            LayoutTableCell {TD} at (2,2) size 104x24 [border: (1px inset #808080)] [r=0 c=0 rs=1 cs=1]
              LayoutText {#text} at (2,2) size 21x19
                text run at (2,2) width 21: "foo"
            LayoutTableCell {TD} at (108,2) size 104x24 [border: (1px inset #808080)] [r=0 c=1 rs=1 cs=1]
              LayoutText {#text} at (2,2) size 20x19
                text run at (2,2) width 20: "bar"
            LayoutTableCell {TD} at (214,2) size 382x24 [border: (1px inset #808080)] [r=0 c=2 rs=1 cs=1]
              LayoutText {#text} at (2,2) size 21x19
                text run at (2,2) width 21: "foo"
      LayoutBlockFlow (anonymous) at (0,228) size 784x40
        LayoutBR {BR} at (0,0) size 0x19
        LayoutText {#text} at (0,20) size 306x19
          text run at (0,20) width 306: "table fixed at 600, 1st 2 cells fixed at 50, 2nd not"
      LayoutTable {TABLE} at (0,268) size 600x30 [border: (1px outset #808080)]
        LayoutTableSection {TBODY} at (1,1) size 598x28
          LayoutTableRow {TR} at (0,2) size 598x24
            LayoutTableCell {TD} at (2,2) size 54x24 [border: (1px inset #808080)] [r=0 c=0 rs=1 cs=1]
              LayoutText {#text} at (2,2) size 21x19
                text run at (2,2) width 21: "foo"
            LayoutTableCell {TD} at (58,2) size 54x24 [border: (1px inset #808080)] [r=0 c=1 rs=1 cs=1]
              LayoutText {#text} at (2,2) size 20x19
                text run at (2,2) width 20: "bar"
            LayoutTableCell {TD} at (114,2) size 482x24 [border: (1px inset #808080)] [r=0 c=2 rs=1 cs=1]
              LayoutText {#text} at (2,2) size 21x19
                text run at (2,2) width 21: "foo"
      LayoutBlockFlow (anonymous) at (0,298) size 784x40
        LayoutBR {BR} at (0,0) size 0x19
        LayoutText {#text} at (0,20) size 322x19
          text run at (0,20) width 322: "table fixed at 600, 1st 2 cells fixed at 1000, 2nd not"
      LayoutTable {TABLE} at (0,338) size 600x30 [border: (1px outset #808080)]
        LayoutTableSection {TBODY} at (1,1) size 598x28
          LayoutTableRow {TR} at (0,2) size 598x24
            LayoutTableCell {TD} at (2,2) size 282x24 [border: (1px inset #808080)] [r=0 c=0 rs=1 cs=1]
              LayoutText {#text} at (2,2) size 21x19
                text run at (2,2) width 21: "foo"
            LayoutTableCell {TD} at (286,2) size 283x24 [border: (1px inset #808080)] [r=0 c=1 rs=1 cs=1]
              LayoutText {#text} at (2,2) size 20x19
                text run at (2,2) width 20: "bar"
            LayoutTableCell {TD} at (571,2) size 25x24 [border: (1px inset #808080)] [r=0 c=2 rs=1 cs=1]
              LayoutText {#text} at (2,2) size 21x19
                text run at (2,2) width 21: "foo"
      LayoutBlockFlow (anonymous) at (0,368) size 784x40
        LayoutBR {BR} at (0,0) size 0x19
        LayoutText {#text} at (0,20) size 298x19
          text run at (0,20) width 298: "table fixed at 600, 1st 2 cells fixed at 5, 2nd not"
      LayoutTable {TABLE} at (0,408) size 600x30 [border: (1px outset #808080)]
        LayoutTableSection {TBODY} at (1,1) size 598x28
          LayoutTableRow {TR} at (0,2) size 598x24
            LayoutTableCell {TD} at (2,2) size 25x24 [border: (1px inset #808080)] [r=0 c=0 rs=1 cs=1]
              LayoutText {#text} at (2,2) size 21x19
                text run at (2,2) width 21: "foo"
            LayoutTableCell {TD} at (29,2) size 24x24 [border: (1px inset #808080)] [r=0 c=1 rs=1 cs=1]
              LayoutText {#text} at (2,2) size 20x19
                text run at (2,2) width 20: "bar"
            LayoutTableCell {TD} at (55,2) size 541x24 [border: (1px inset #808080)] [r=0 c=2 rs=1 cs=1]
              LayoutText {#text} at (2,2) size 21x19
                text run at (2,2) width 21: "foo"
      LayoutBlockFlow (anonymous) at (0,438) size 784x20
        LayoutBR {BR} at (0,0) size 0x19
