layer at (0,0) size 800x600
  LayoutView at (0,0) size 800x600
layer at (0,0) size 800x600
  LayoutBlockFlow {HTML} at (0,0) size 800x600
    LayoutBlockFlow {BODY} at (8,8) size 784x584
      LayoutBlockFlow (anonymous) at (0,0) size 784x20
        LayoutText {#text} at (0,0) size 327x19
          text run at (0,0) width 327: "fixed table - percentage width cell is honored to min"
      LayoutTable {TABLE} at (0,20) size 300x30 [border: (1px outset #808080)]
        LayoutTableSection {TBODY} at (1,1) size 298x28
          LayoutTableRow {TR} at (0,2) size 298x24
            LayoutTableCell {TD} at (2,2) size 146x24 [border: (1px inset #808080)] [r=0 c=0 rs=1 cs=1]
              LayoutText {#text} at (2,2) size 21x19
                text run at (2,2) width 21: "foo"
            LayoutTableCell {TD} at (150,2) size 146x24 [border: (1px inset #808080)] [r=0 c=1 rs=1 cs=1]
              LayoutText {#text} at (2,2) size 21x19
                text run at (2,2) width 21: "foo"
      LayoutBlockFlow (anonymous) at (0,50) size 784x20
        LayoutBR {BR} at (0,0) size 0x19
      LayoutTable {TABLE} at (0,70) size 500x30 [border: (1px outset #808080)]
        LayoutTableSection {TBODY} at (1,1) size 498x28
          LayoutTableRow {TR} at (0,2) size 498x24
            LayoutTableCell {TD} at (2,2) size 174x24 [bgcolor=#FF0000] [border: (1px inset #808080)] [r=0 c=0 rs=1 cs=1]
              LayoutText {#text} at (2,2) size 77x19
                text run at (2,2) width 77: "fooooooooo"
            LayoutTableCell {TD} at (178,2) size 174x24 [bgcolor=#008000] [border: (1px inset #808080)] [r=0 c=1 rs=1 cs=1]
              LayoutText {#text} at (2,2) size 77x19
                text run at (2,2) width 77: "fooooooooo"
            LayoutTableCell {TD} at (354,2) size 142x24 [bgcolor=#FFA500] [border: (1px inset #808080)] [r=0 c=2 rs=1 cs=1]
              LayoutText {#text} at (2,2) size 96x19
                text run at (2,2) width 96: "foo foo foo foo"
      LayoutBlockFlow (anonymous) at (0,100) size 784x20
        LayoutBR {BR} at (0,0) size 0x19
      LayoutTable {TABLE} at (0,120) size 500x90 [border: (1px outset #808080)]
        LayoutTableSection {TBODY} at (1,1) size 498x88
          LayoutTableRow {TR} at (0,2) size 498x84
            LayoutTableCell {TD} at (2,32) size 232x24 [bgcolor=#FF0000] [border: (1px inset #808080)] [r=0 c=0 rs=1 cs=1]
              LayoutText {#text} at (2,2) size 77x19
                text run at (2,2) width 77: "fooooooooo"
            LayoutTableCell {TD} at (236,32) size 233x24 [bgcolor=#008000] [border: (1px inset #808080)] [r=0 c=1 rs=1 cs=1]
              LayoutText {#text} at (2,2) size 77x19
                text run at (2,2) width 77: "fooooooooo"
            LayoutTableCell {TD} at (471,2) size 25x84 [bgcolor=#FFA500] [border: (1px inset #808080)] [r=0 c=2 rs=1 cs=1]
              LayoutText {#text} at (2,2) size 21x79
                text run at (2,2) width 21: "foo"
                text run at (2,22) width 21: "foo"
                text run at (2,42) width 21: "foo"
                text run at (2,62) width 21: "foo"
      LayoutBlockFlow (anonymous) at (0,210) size 784x20
        LayoutBR {BR} at (0,0) size 0x19
      LayoutTable {TABLE} at (0,230) size 784x30 [border: (1px outset #808080)]
        LayoutTableSection {TBODY} at (1,1) size 782x28
          LayoutTableRow {TR} at (0,2) size 782x24
            LayoutTableCell {TD} at (2,2) size 155x24 [bgcolor=#FFA500] [border: (1px inset #808080)] [r=0 c=0 rs=1 cs=1]
              LayoutText {#text} at (2,2) size 96x19
                text run at (2,2) width 96: "foo foo foo foo"
            LayoutTableCell {TD} at (159,2) size 154x24 [bgcolor=#0000FF] [border: (1px inset #808080)] [r=0 c=1 rs=1 cs=1]
              LayoutText {#text} at (2,2) size 96x19
                text run at (2,2) width 96: "foo foo foo foo"
            LayoutTableCell {TD} at (315,2) size 465x24 [bgcolor=#008000] [border: (1px inset #808080)] [r=0 c=2 rs=1 cs=1]
              LayoutText {#text} at (367,2) size 96x19
                text run at (367,2) width 96: "foo foo foo foo"
      LayoutBlockFlow (anonymous) at (0,260) size 784x20
        LayoutBR {BR} at (0,0) size 0x19
