layer at (0,0) size 800x600
  LayoutView at (0,0) size 800x600
layer at (0,0) size 800x600
  LayoutBlockFlow {HTML} at (0,0) size 800x600
    LayoutBlockFlow {BODY} at (8,8) size 784x584
      LayoutTable {TABLE} at (0,0) size 784x30 [border: (1px outset #808080)]
        LayoutTableSection {TBODY} at (1,1) size 782x28
          LayoutTableRow {TR} at (0,2) size 782x24
            LayoutTableCell {TD} at (2,2) size 81x24 [bgcolor=#FF0000] [border: (1px inset #808080)] [r=0 c=0 rs=1 cs=1]
              LayoutText {#text} at (2,2) size 77x19
                text run at (2,2) width 77: "fooooooooo"
            LayoutTableCell {TD} at (85,2) size 81x24 [bgcolor=#008000] [border: (1px inset #808080)] [r=0 c=1 rs=1 cs=1]
              LayoutText {#text} at (2,2) size 77x19
                text run at (2,2) width 77: "fooooooooo"
            LayoutTableCell {TD} at (168,2) size 305x24 [bgcolor=#FFA500] [border: (1px inset #808080)] [r=0 c=2 rs=1 cs=1]
              LayoutText {#text} at (2,2) size 96x19
                text run at (2,2) width 96: "foo foo foo foo"
            LayoutTableCell {TD} at (475,2) size 305x24 [bgcolor=#0000FF] [border: (1px inset #808080)] [r=0 c=3 rs=1 cs=1]
              LayoutText {#text} at (2,2) size 96x19
                text run at (2,2) width 96: "foo foo foo foo"
      LayoutBlockFlow (anonymous) at (0,30) size 784x20
        LayoutBR {BR} at (0,0) size 0x19
      LayoutTable {TABLE} at (0,50) size 784x90 [border: (1px outset #808080)]
        LayoutTableSection {TBODY} at (1,1) size 782x88
          LayoutTableRow {TR} at (0,2) size 782x84
            LayoutTableCell {TD} at (2,2) size 25x84 [bgcolor=#FF0000] [border: (1px inset #808080)] [r=0 c=0 rs=1 cs=1]
              LayoutText {#text} at (2,2) size 21x79
                text run at (2,2) width 21: "foo"
                text run at (2,22) width 21: "foo"
                text run at (2,42) width 21: "foo"
                text run at (2,62) width 21: "foo"
            LayoutTableCell {TD} at (29,32) size 144x24 [bgcolor=#FFA500] [border: (1px inset #808080)] [r=0 c=1 rs=1 cs=1]
              LayoutText {#text} at (2,2) size 96x19
                text run at (2,2) width 96: "foo foo foo foo"
            LayoutTableCell {TD} at (175,32) size 145x24 [bgcolor=#0000FF] [border: (1px inset #808080)] [r=0 c=2 rs=1 cs=1]
              LayoutText {#text} at (2,2) size 96x19
                text run at (2,2) width 96: "foo foo foo foo"
            LayoutTableCell {TD} at (322,32) size 431x24 [bgcolor=#008000] [border: (1px inset #808080)] [r=0 c=3 rs=1 cs=1]
              LayoutText {#text} at (333,2) size 96x19
                text run at (333,2) width 96: "foo foo foo foo"
            LayoutTableCell {TD} at (755,2) size 25x84 [bgcolor=#FF0000] [border: (1px inset #808080)] [r=0 c=4 rs=1 cs=1]
              LayoutText {#text} at (2,2) size 21x79
                text run at (2,2) width 21: "foo"
                text run at (2,22) width 21: "foo"
                text run at (2,42) width 21: "foo"
                text run at (2,62) width 21: "foo"
      LayoutBlockFlow (anonymous) at (0,140) size 784x40
        LayoutBR {BR} at (0,0) size 0x19
        LayoutText {#text} at (0,20) size 535x19
          text run at (0,20) width 535: "auto table - % width cell increases table width based on % cell which makes it largest"
      LayoutTable {TABLE} at (0,180) size 784x46 [border: (1px outset #808080)]
        LayoutTableSection {TBODY} at (1,1) size 782x44
          LayoutTableRow {TR} at (0,10) size 782x24
            LayoutTableCell {TD} at (10,10) size 25x24 [border: (1px inset #808080)] [r=0 c=0 rs=1 cs=1]
              LayoutText {#text} at (2,2) size 21x19
                text run at (2,2) width 21: "1%"
            LayoutTableCell {TD} at (45,10) size 74x24 [border: (1px inset #808080)] [r=0 c=1 rs=1 cs=1]
              LayoutText {#text} at (2,2) size 29x19
                text run at (2,2) width 29: "10%"
            LayoutTableCell {TD} at (129,10) size 643x24 [border: (1px inset #808080)] [r=0 c=2 rs=1 cs=1]
              LayoutText {#text} at (2,2) size 32x19
                text run at (2,2) width 32: "20px"
      LayoutBlockFlow (anonymous) at (0,226) size 784x20
        LayoutBR {BR} at (0,0) size 0x19
