layer at (0,0) size 800x600 scrollWidth 808
  LayoutView at (0,0) size 800x600
layer at (0,0) size 800x600
  LayoutBlockFlow {HTML} at (0,0) size 800x600
    LayoutBlockFlow {BODY} at (8,8) size 784x584
      LayoutTable {TABLE} at (0,0) size 193x36 [border: (1px outset #808080)]
        LayoutTableSection {TBODY} at (1,1) size 191x34
          LayoutTableRow {TR} at (0,2) size 191x30
            LayoutTableCell {TD} at (2,2) size 187x30 [border: (1px inset #808080)] [r=0 c=0 rs=1 cs=1]
              LayoutTable {TABLE} at (2,2) size 183x26 [bgcolor=#FFA500]
                LayoutTableSection {TBODY} at (0,0) size 183x26
                  LayoutTableRow {TR} at (0,2) size 183x22
                    LayoutTableCell {TD} at (2,2) size 179x22 [r=0 c=0 rs=1 cs=1]
                      LayoutText {#text} at (1,1) size 177x19
                        text run at (1,1) width 177: "nested in auto, width=100%"
      LayoutBlockFlow (anonymous) at (0,36) size 784x20
        LayoutBR {BR} at (0,0) size 0x19
      LayoutTable {TABLE} at (0,56) size 200x36 [border: (1px outset #808080)]
        LayoutTableSection {TBODY} at (1,1) size 198x34
          LayoutTableRow {TR} at (0,2) size 198x30
            LayoutTableCell {TD} at (2,2) size 194x30 [border: (1px inset #808080)] [r=0 c=0 rs=1 cs=1]
              LayoutTable {TABLE} at (2,2) size 190x26 [bgcolor=#00FF00]
                LayoutTableSection {TBODY} at (0,0) size 190x26
                  LayoutTableRow {TR} at (0,2) size 190x22
                    LayoutTableCell {TD} at (2,2) size 186x22 [r=0 c=0 rs=1 cs=1]
                      LayoutText {#text} at (1,1) size 182x19
                        text run at (1,1) width 182: "nested in fixed, width=100%"
      LayoutBlockFlow (anonymous) at (0,92) size 784x20
        LayoutBR {BR} at (0,0) size 0x19
      LayoutTable {TABLE} at (0,112) size 800x36 [border: (1px outset #808080)]
        LayoutTableSection {TBODY} at (1,1) size 798x34
          LayoutTableRow {TR} at (0,2) size 798x30
            LayoutTableCell {TD} at (2,2) size 794x30 [border: (1px inset #808080)] [r=0 c=0 rs=1 cs=1]
              LayoutTable {TABLE} at (2,2) size 790x26 [bgcolor=#00FF00]
                LayoutTableSection {TBODY} at (0,0) size 790x26
                  LayoutTableRow {TR} at (0,2) size 790x22
                    LayoutTableCell {TD} at (2,2) size 786x22 [r=0 c=0 rs=1 cs=1]
                      LayoutText {#text} at (1,1) size 182x19
                        text run at (1,1) width 182: "nested in fixed, width=100%"
      LayoutBlockFlow (anonymous) at (0,148) size 784x20
        LayoutBR {BR} at (0,0) size 0x19
      LayoutTable {TABLE} at (0,168) size 226x36 [border: (1px outset #808080)]
        LayoutTableSection {TBODY} at (1,1) size 224x34
          LayoutTableRow {TR} at (0,2) size 224x30
            LayoutTableCell {TD} at (2,2) size 187x30 [border: (1px inset #808080)] [r=0 c=0 rs=1 cs=1]
              LayoutTable {TABLE} at (2,2) size 183x26
                LayoutTableSection {TBODY} at (0,0) size 183x26
                  LayoutTableRow {TR} at (0,2) size 183x22
                    LayoutTableCell {TD} at (2,2) size 179x22 [r=0 c=0 rs=1 cs=1]
                      LayoutText {#text} at (1,1) size 177x19
                        text run at (1,1) width 177: "nested in auto, width=100%"
            LayoutTableCell {TD} at (191,5) size 31x24 [border: (1px inset #808080)] [r=0 c=1 rs=1 cs=1]
              LayoutText {#text} at (2,2) size 27x19
                text run at (2,2) width 27: "auto"
      LayoutBlockFlow (anonymous) at (0,204) size 784x20
        LayoutBR {BR} at (0,0) size 0x19
      LayoutTable {TABLE} at (0,224) size 784x36 [border: (1px outset #808080)]
        LayoutTableSection {TBODY} at (1,1) size 782x34
          LayoutTableRow {TR} at (0,2) size 782x30
            LayoutTableCell {TD} at (2,2) size 685x30 [border: (1px inset #808080)] [r=0 c=0 rs=1 cs=1]
              LayoutTable {TABLE} at (2,2) size 340x26 [bgcolor=#00FF00]
                LayoutTableSection {TBODY} at (0,0) size 340x26
                  LayoutTableRow {TR} at (0,2) size 340x22
                    LayoutTableCell {TD} at (2,2) size 336x22 [r=0 c=0 rs=1 cs=1]
                      LayoutText {#text} at (1,1) size 179x19
                        text run at (1,1) width 179: "nested in 100%, width=50%"
            LayoutTableCell {TD} at (689,5) size 91x24 [border: (1px inset #808080)] [r=0 c=1 rs=1 cs=1]
              LayoutText {#text} at (2,2) size 21x19
                text run at (2,2) width 21: "foo"
      LayoutBlockFlow (anonymous) at (0,260) size 784x20
        LayoutBR {BR} at (0,0) size 0x19
      LayoutTable {TABLE} at (0,280) size 784x42 [border: (1px outset #808080)]
        LayoutTableSection {TBODY} at (1,1) size 782x40
          LayoutTableRow {TR} at (0,2) size 782x36
            LayoutTableCell {TD} at (2,2) size 550x36 [border: (1px inset #808080)] [r=0 c=0 rs=1 cs=1]
              LayoutTable {TABLE} at (2,2) size 273x32 [bgcolor=#00FF00]
                LayoutTableSection {TBODY} at (0,0) size 273x32
                  LayoutTableRow {TR} at (0,2) size 273x28
                    LayoutTableCell {TD} at (2,2) size 269x28 [r=0 c=0 rs=1 cs=1]
                      LayoutTable {TABLE} at (1,1) size 133x26 [bgcolor=#FF0000]
                        LayoutTableSection {TBODY} at (0,0) size 133x26
                          LayoutTableRow {TR} at (0,2) size 133x22
                            LayoutTableCell {TD} at (2,2) size 129x22 [r=0 c=0 rs=1 cs=1]
                              LayoutText {#text} at (1,1) size 45x19
                                text run at (1,1) width 45: "2n50%"
            LayoutTableCell {TD} at (554,8) size 226x24 [border: (1px inset #808080)] [r=0 c=1 rs=1 cs=1]
              LayoutText {#text} at (2,2) size 21x19
                text run at (2,2) width 21: "foo"
