layer at (0,0) size 800x600 scrollHeight 826
  LayoutView at (0,0) size 800x600
layer at (0,0) size 800x826 backgroundClip at (0,0) size 800x600 clip at (0,0) size 800x600
  LayoutBlockFlow {HTML} at (0,0) size 800x826
    LayoutBlockFlow {BODY} at (8,8) size 784x810
      LayoutBlockFlow (anonymous) at (0,0) size 784x20
        LayoutText {#text} at (0,0) size 158x19
          text run at (0,0) width 158: "Table auto, no cells fixed"
      LayoutTable {TABLE} at (0,20) size 341x30 [border: (1px outset #808080)]
        LayoutTableSection {TBODY} at (1,1) size 339x28
          LayoutTableRow {TR} at (0,2) size 339x24
            LayoutTableCell {TD} at (2,2) size 241x24 [border: (1px inset #808080)] [r=0 c=0 rs=1 cs=1]
              LayoutText {#text} at (2,2) size 237x19
                text run at (2,2) width 237: "fooooooooooooooooooooooooooooo"
            LayoutTableCell {TD} at (245,2) size 64x24 [border: (1px inset #808080)] [r=0 c=1 rs=1 cs=1]
              LayoutText {#text} at (2,2) size 60x19
                text run at (2,2) width 60: "barrrrrrrrr"
            LayoutTableCell {TD} at (311,2) size 26x24 [border: (1px inset #808080)] [r=0 c=2 rs=1 cs=1]
              LayoutText {#text} at (2,2) size 22x19
                text run at (2,2) width 22: "zap"
      LayoutBlockFlow (anonymous) at (0,50) size 784x40
        LayoutBR {BR} at (0,0) size 0x19
        LayoutText {#text} at (0,20) size 163x19
          text run at (0,20) width 163: "Table fixed, no cells fixed"
      LayoutTable {TABLE} at (0,90) size 500x30 [border: (1px outset #808080)]
        LayoutTableSection {TBODY} at (1,1) size 498x28
          LayoutTableRow {TR} at (0,2) size 498x24
            LayoutTableCell {TD} at (2,2) size 356x24 [border: (1px inset #808080)] [r=0 c=0 rs=1 cs=1]
              LayoutText {#text} at (2,2) size 237x19
                text run at (2,2) width 237: "fooooooooooooooooooooooooooooo"
            LayoutTableCell {TD} at (360,2) size 95x24 [border: (1px inset #808080)] [r=0 c=1 rs=1 cs=1]
              LayoutText {#text} at (2,2) size 60x19
                text run at (2,2) width 60: "barrrrrrrrr"
            LayoutTableCell {TD} at (457,2) size 39x24 [border: (1px inset #808080)] [r=0 c=2 rs=1 cs=1]
              LayoutText {#text} at (2,2) size 22x19
                text run at (2,2) width 22: "zap"
      LayoutBlockFlow (anonymous) at (0,120) size 784x40
        LayoutBR {BR} at (0,0) size 0x19
        LayoutText {#text} at (0,20) size 163x19
          text run at (0,20) width 163: "Table fixed, no cells fixed"
      LayoutTable {TABLE} at (0,160) size 200x70 [border: (1px outset #808080)]
        LayoutTableSection {TBODY} at (1,1) size 198x68
          LayoutTableRow {TR} at (0,2) size 198x64
            LayoutTableCell {TD} at (2,2) size 128x64 [border: (1px inset #808080)] [r=0 c=0 rs=1 cs=1]
              LayoutText {#text} at (2,2) size 116x59
                text run at (2,2) width 113: "fo oo oo oo oo oo"
                text run at (2,22) width 116: "oo oo oo oo oo oo"
                text run at (2,42) width 56: "oo oo oo"
            LayoutTableCell {TD} at (132,2) size 36x64 [border: (1px inset #808080)] [r=0 c=1 rs=1 cs=1]
              LayoutText {#text} at (2,2) size 25x59
                text run at (2,2) width 25: "barr"
                text run at (2,22) width 20: "rrrr"
                text run at (2,42) width 20: "rrrr"
            LayoutTableCell {TD} at (170,22) size 26x24 [border: (1px inset #808080)] [r=0 c=2 rs=1 cs=1]
              LayoutText {#text} at (2,2) size 22x19
                text run at (2,2) width 22: "zap"
      LayoutBlockFlow (anonymous) at (0,230) size 784x40
        LayoutBR {BR} at (0,0) size 0x19
        LayoutText {#text} at (0,20) size 154x19
          text run at (0,20) width 154: "Table auto, 1st cell fixed"
      LayoutTable {TABLE} at (0,270) size 136x30 [border: (1px outset #808080)]
        LayoutTableSection {TBODY} at (1,1) size 134x28
          LayoutTableRow {TR} at (0,2) size 134x24
            LayoutTableCell {TD} at (2,2) size 104x24 [border: (1px inset #808080)] [r=0 c=0 rs=1 cs=1]
              LayoutText {#text} at (2,2) size 45x19
                text run at (2,2) width 45: "fooooo"
            LayoutTableCell {TD} at (108,2) size 24x24 [border: (1px inset #808080)] [r=0 c=1 rs=1 cs=1]
              LayoutText {#text} at (2,2) size 20x19
                text run at (2,2) width 20: "bar"
      LayoutBlockFlow (anonymous) at (0,300) size 784x40
        LayoutBR {BR} at (0,0) size 0x19
        LayoutText {#text} at (0,20) size 159x19
          text run at (0,20) width 159: "Table fixed, 1st cell fixed"
      LayoutTable {TABLE} at (0,340) size 500x30 [border: (1px outset #808080)]
        LayoutTableSection {TBODY} at (1,1) size 498x28
          LayoutTableRow {TR} at (0,2) size 498x24
            LayoutTableCell {TD} at (2,2) size 104x24 [border: (1px inset #808080)] [r=0 c=0 rs=1 cs=1]
              LayoutText {#text} at (2,2) size 45x19
                text run at (2,2) width 45: "fooooo"
            LayoutTableCell {TD} at (108,2) size 388x24 [border: (1px inset #808080)] [r=0 c=1 rs=1 cs=1]
              LayoutText {#text} at (2,2) size 20x19
                text run at (2,2) width 20: "bar"
      LayoutBlockFlow (anonymous) at (0,370) size 784x40
        LayoutBR {BR} at (0,0) size 0x19
        LayoutText {#text} at (0,20) size 215x19
          text run at (0,20) width 215: "Table auto, 1st cell fixed too small"
      LayoutTable {TABLE} at (0,410) size 273x30 [border: (1px outset #808080)]
        LayoutTableSection {TBODY} at (1,1) size 271x28
          LayoutTableRow {TR} at (0,2) size 271x24
            LayoutTableCell {TD} at (2,2) size 241x24 [border: (1px inset #808080)] [r=0 c=0 rs=1 cs=1]
              LayoutText {#text} at (2,2) size 237x19
                text run at (2,2) width 237: "fooooooooooooooooooooooooooooo"
            LayoutTableCell {TD} at (245,2) size 24x24 [border: (1px inset #808080)] [r=0 c=1 rs=1 cs=1]
              LayoutText {#text} at (2,2) size 20x19
                text run at (2,2) width 20: "bar"
      LayoutBlockFlow (anonymous) at (0,440) size 784x40
        LayoutBR {BR} at (0,0) size 0x19
        LayoutText {#text} at (0,20) size 220x19
          text run at (0,20) width 220: "Table fixed, 1st cell fixed too small"
      LayoutTable {TABLE} at (0,480) size 500x30 [border: (1px outset #808080)]
        LayoutTableSection {TBODY} at (1,1) size 498x28
          LayoutTableRow {TR} at (0,2) size 498x24
            LayoutTableCell {TD} at (2,2) size 241x24 [border: (1px inset #808080)] [r=0 c=0 rs=1 cs=1]
              LayoutText {#text} at (2,2) size 237x19
                text run at (2,2) width 237: "fooooooooooooooooooooooooooooo"
            LayoutTableCell {TD} at (245,2) size 251x24 [border: (1px inset #808080)] [r=0 c=1 rs=1 cs=1]
              LayoutText {#text} at (2,2) size 20x19
                text run at (2,2) width 20: "bar"
      LayoutBlockFlow (anonymous) at (0,510) size 784x40
        LayoutBR {BR} at (0,0) size 0x19
        LayoutText {#text} at (0,20) size 170x19
          text run at (0,20) width 170: "Table auto, both cells fixed"
      LayoutTable {TABLE} at (0,550) size 216x30 [border: (1px outset #808080)]
        LayoutTableSection {TBODY} at (1,1) size 214x28
          LayoutTableRow {TR} at (0,2) size 214x24
            LayoutTableCell {TD} at (2,2) size 104x24 [border: (1px inset #808080)] [r=0 c=0 rs=1 cs=1]
              LayoutText {#text} at (2,2) size 37x19
                text run at (2,2) width 37: "foooo"
            LayoutTableCell {TD} at (108,2) size 104x24 [border: (1px inset #808080)] [r=0 c=1 rs=1 cs=1]
              LayoutText {#text} at (2,2) size 20x19
                text run at (2,2) width 20: "bar"
      LayoutBlockFlow (anonymous) at (0,580) size 784x40
        LayoutBR {BR} at (0,0) size 0x19
        LayoutText {#text} at (0,20) size 175x19
          text run at (0,20) width 175: "Table fixed, both cells fixed"
      LayoutTable {TABLE} at (0,620) size 500x30 [border: (1px outset #808080)]
        LayoutTableSection {TBODY} at (1,1) size 498x28
          LayoutTableRow {TR} at (0,2) size 498x24
            LayoutTableCell {TD} at (2,2) size 246x24 [border: (1px inset #808080)] [r=0 c=0 rs=1 cs=1]
              LayoutText {#text} at (2,2) size 37x19
                text run at (2,2) width 37: "foooo"
            LayoutTableCell {TD} at (250,2) size 246x24 [border: (1px inset #808080)] [r=0 c=1 rs=1 cs=1]
              LayoutText {#text} at (2,2) size 20x19
                text run at (2,2) width 20: "bar"
      LayoutBlockFlow (anonymous) at (0,650) size 784x40
        LayoutBR {BR} at (0,0) size 0x19
        LayoutText {#text} at (0,20) size 284x19
          text run at (0,20) width 284: "Table auto, both cells fixed, 1st one too small"
      LayoutTable {TABLE} at (0,690) size 353x30 [border: (1px outset #808080)]
        LayoutTableSection {TBODY} at (1,1) size 351x28
          LayoutTableRow {TR} at (0,2) size 351x24
            LayoutTableCell {TD} at (2,2) size 241x24 [border: (1px inset #808080)] [r=0 c=0 rs=1 cs=1]
              LayoutText {#text} at (2,2) size 237x19
                text run at (2,2) width 237: "fooooooooooooooooooooooooooooo"
            LayoutTableCell {TD} at (245,2) size 104x24 [border: (1px inset #808080)] [r=0 c=1 rs=1 cs=1]
              LayoutText {#text} at (2,2) size 20x19
                text run at (2,2) width 20: "bar"
      LayoutBlockFlow (anonymous) at (0,720) size 784x40
        LayoutBR {BR} at (0,0) size 0x19
        LayoutText {#text} at (0,20) size 324x19
          text run at (0,20) width 324: "Table fixed, both cells fixed, 1st cell fixed too small"
      LayoutTable {TABLE} at (0,760) size 500x30 [border: (1px outset #808080)]
        LayoutTableSection {TBODY} at (1,1) size 498x28
          LayoutTableRow {TR} at (0,2) size 498x24
            LayoutTableCell {TD} at (2,2) size 343x24 [border: (1px inset #808080)] [r=0 c=0 rs=1 cs=1]
              LayoutText {#text} at (2,2) size 237x19
                text run at (2,2) width 237: "fooooooooooooooooooooooooooooo"
            LayoutTableCell {TD} at (347,2) size 149x24 [border: (1px inset #808080)] [r=0 c=1 rs=1 cs=1]
              LayoutText {#text} at (2,2) size 20x19
                text run at (2,2) width 20: "bar"
      LayoutBlockFlow (anonymous) at (0,790) size 784x20
        LayoutBR {BR} at (0,0) size 0x19
