layer at (0,0) size 800x600
  LayoutView at (0,0) size 800x600
layer at (0,0) size 800x600
  LayoutBlockFlow {HTML} at (0,0) size 800x600
    LayoutBlockFlow {BODY} at (8,8) size 784x584
      LayoutTable {TABLE} at (0,0) size 67x46 [border: none]
        LayoutTableSection {TBODY} at (0,0) size 66x45
          LayoutTableRow {TR} at (0,0) size 66x23
            LayoutTableCell {TD} at (0,0) size 33x23 [border: (1px none #000000)] [r=0 c=0 rs=1 cs=1]
              LayoutText {#text} at (2,2) size 30x19
                text run at (2,2) width 30: "rules"
            LayoutTableCell {TD} at (33,0) size 33x23 [border: (1px none #000000)] [r=0 c=1 rs=1 cs=1]
              LayoutText {#text} at (1,2) size 31x19
                text run at (1,2) width 31: "none"
          LayoutTableRow {TR} at (0,23) size 66x22
            LayoutTableCell {TD} at (0,23) size 33x22 [border: none] [r=1 c=0 rs=1 cs=1]
              LayoutText {#text} at (2,1) size 30x19
                text run at (2,1) width 30: "rules"
            LayoutTableCell {TD} at (33,23) size 33x22 [r=1 c=1 rs=1 cs=1]
              LayoutText {#text} at (1,1) size 31x19
                text run at (1,1) width 31: "none"
      LayoutBlockFlow (anonymous) at (0,46) size 784x20
        LayoutBR {BR} at (0,0) size 0x19
      LayoutTable {TABLE} at (0,66) size 114x91 [border: none]
        LayoutTableSection {TBODY} at (0,0) size 113x45 [border: (1px solid #808080) none (1px solid #808080) none]
          LayoutTableRow {TR} at (0,0) size 113x23
            LayoutTableCell {TD} at (0,0) size 33x23 [border: (1px none #000000)] [r=0 c=0 rs=1 cs=1]
              LayoutText {#text} at (2,2) size 30x19
                text run at (2,2) width 30: "rules"
            LayoutTableCell {TD} at (33,0) size 80x23 [border: (1px none #000000)] [r=0 c=1 rs=1 cs=1]
              LayoutText {#text} at (1,2) size 78x19
                text run at (1,2) width 78: "row group 1"
          LayoutTableRow {TR} at (0,23) size 113x22
            LayoutTableCell {TD} at (0,23) size 33x22 [border: none] [r=1 c=0 rs=1 cs=1]
              LayoutText {#text} at (2,1) size 30x19
                text run at (2,1) width 30: "rules"
            LayoutTableCell {TD} at (33,23) size 80x22 [r=1 c=1 rs=1 cs=1]
              LayoutText {#text} at (1,1) size 78x19
                text run at (1,1) width 78: "row group 1"
        LayoutTableSection {TBODY} at (0,45) size 113x45 [border: (1px solid #808080) none (1px solid #808080) none]
          LayoutTableRow {TR} at (0,0) size 113x23
            LayoutTableCell {TD} at (0,0) size 33x23 [border: (1px none #000000)] [r=0 c=0 rs=1 cs=1]
              LayoutText {#text} at (2,2) size 30x19
                text run at (2,2) width 30: "rules"
            LayoutTableCell {TD} at (33,0) size 80x23 [border: (1px none #000000)] [r=0 c=1 rs=1 cs=1]
              LayoutText {#text} at (1,2) size 78x19
                text run at (1,2) width 78: "row group 2"
          LayoutTableRow {TR} at (0,23) size 113x22
            LayoutTableCell {TD} at (0,23) size 33x22 [border: none] [r=1 c=0 rs=1 cs=1]
              LayoutText {#text} at (2,1) size 30x19
                text run at (2,1) width 30: "rules"
            LayoutTableCell {TD} at (33,23) size 80x22 [r=1 c=1 rs=1 cs=1]
              LayoutText {#text} at (1,1) size 78x19
                text run at (1,1) width 78: "row group 2"
      LayoutBlockFlow (anonymous) at (0,157) size 784x20
        LayoutBR {BR} at (0,0) size 0x19
      LayoutTable {TABLE} at (0,177) size 215x46 [border: none]
        LayoutTableCol {COLGROUP} at (0,0) size 0x0 [border: none (1px solid #000000) none (1px solid #000000)]
          LayoutTableCol {COL} at (0,0) size 0x0
          LayoutTableCol {COL} at (0,0) size 0x0
        LayoutTableCol {COLGROUP} at (0,0) size 0x0 [border: none (1px solid #000000) none (1px solid #000000)]
          LayoutTableCol {COL} at (0,0) size 0x0
          LayoutTableCol {COL} at (0,0) size 0x0
        LayoutTableSection {TBODY} at (0,0) size 214x45 [border: (1px solid #808080) none (1px solid #808080) none]
          LayoutTableRow {TR} at (0,0) size 214x23
            LayoutTableCell {TD} at (0,0) size 33x23 [border: (1px none #000000)] [r=0 c=0 rs=1 cs=1]
              LayoutText {#text} at (2,2) size 30x19
                text run at (2,2) width 30: "rules"
            LayoutTableCell {TD} at (33,0) size 74x23 [border: (1px none #000000)] [r=0 c=1 rs=1 cs=1]
              LayoutText {#text} at (1,2) size 72x19
                text run at (1,2) width 72: "col group 1"
            LayoutTableCell {TD} at (107,0) size 33x23 [border: (1px none #000000)] [r=0 c=2 rs=1 cs=1]
              LayoutText {#text} at (2,2) size 30x19
                text run at (2,2) width 30: "rules"
            LayoutTableCell {TD} at (140,0) size 74x23 [border: (1px none #000000)] [r=0 c=3 rs=1 cs=1]
              LayoutText {#text} at (1,2) size 72x19
                text run at (1,2) width 72: "col group 2"
          LayoutTableRow {TR} at (0,23) size 214x22
            LayoutTableCell {TD} at (0,23) size 33x22 [border: none] [r=1 c=0 rs=1 cs=1]
              LayoutText {#text} at (2,1) size 30x19
                text run at (2,1) width 30: "rules"
            LayoutTableCell {TD} at (33,23) size 74x22 [r=1 c=1 rs=1 cs=1]
              LayoutText {#text} at (1,1) size 72x19
                text run at (1,1) width 72: "col group 1"
            LayoutTableCell {TD} at (107,23) size 33x22 [border: none] [r=1 c=2 rs=1 cs=1]
              LayoutText {#text} at (2,1) size 30x19
                text run at (2,1) width 30: "rules"
            LayoutTableCell {TD} at (140,23) size 74x22 [r=1 c=3 rs=1 cs=1]
              LayoutText {#text} at (1,1) size 72x19
                text run at (1,1) width 72: "col group 2"
      LayoutBlockFlow (anonymous) at (0,223) size 784x20
        LayoutBR {BR} at (0,0) size 0x19
      LayoutTable {TABLE} at (0,243) size 67x47 [border: none]
        LayoutTableSection {TBODY} at (0,0) size 66x46
          LayoutTableRow {TR} at (0,0) size 66x23
            LayoutTableCell {TD} at (0,0) size 33x23 [border: (1px solid #808080) none none (1px none #808080)] [r=0 c=0 rs=1 cs=1]
              LayoutText {#text} at (2,2) size 30x19
                text run at (2,2) width 30: "rules"
            LayoutTableCell {TD} at (33,0) size 33x23 [border: (1px solid #808080) none none none] [r=0 c=1 rs=1 cs=1]
              LayoutText {#text} at (1,2) size 31x19
                text run at (1,2) width 31: "rows"
          LayoutTableRow {TR} at (0,23) size 66x23
            LayoutTableCell {TD} at (0,23) size 33x23 [border: (1px solid #808080) none none (1px none #808080)] [r=1 c=0 rs=1 cs=1]
              LayoutText {#text} at (2,2) size 30x19
                text run at (2,2) width 30: "rules"
            LayoutTableCell {TD} at (33,23) size 33x23 [border: (1px solid #808080) none none none] [r=1 c=1 rs=1 cs=1]
              LayoutText {#text} at (1,2) size 31x19
                text run at (1,2) width 31: "rows"
      LayoutBlockFlow (anonymous) at (0,290) size 784x20
        LayoutBR {BR} at (0,0) size 0x19
      LayoutTable {TABLE} at (0,310) size 62x46 [border: none]
        LayoutTableSection {TBODY} at (0,0) size 61x45
          LayoutTableRow {TR} at (0,0) size 61x23
            LayoutTableCell {TD} at (0,0) size 33x23 [border: (1px none #808080) none none (1px solid #808080)] [r=0 c=0 rs=1 cs=1]
              LayoutText {#text} at (2,2) size 30x19
                text run at (2,2) width 30: "rules"
            LayoutTableCell {TD} at (33,0) size 28x23 [border: (1px none #808080) none none (1px solid #808080)] [r=0 c=1 rs=1 cs=1]
              LayoutText {#text} at (2,2) size 25x19
                text run at (2,2) width 25: "cols"
          LayoutTableRow {TR} at (0,23) size 61x22
            LayoutTableCell {TD} at (0,23) size 33x22 [border: none none none (1px solid #808080)] [r=1 c=0 rs=1 cs=1]
              LayoutText {#text} at (2,1) size 30x19
                text run at (2,1) width 30: "rules"
            LayoutTableCell {TD} at (33,23) size 28x22 [border: none none none (1px solid #808080)] [r=1 c=1 rs=1 cs=1]
              LayoutText {#text} at (2,1) size 25x19
                text run at (2,1) width 25: "cols"
      LayoutBlockFlow (anonymous) at (0,356) size 784x20
        LayoutBR {BR} at (0,0) size 0x19
      LayoutTable {TABLE} at (0,376) size 52x47 [border: none]
        LayoutTableSection {TBODY} at (0,0) size 51x46
          LayoutTableRow {TR} at (0,0) size 51x23
            LayoutTableCell {TD} at (0,0) size 33x23 [border: (1px solid #808080)] [r=0 c=0 rs=1 cs=1]
              LayoutText {#text} at (2,2) size 30x19
                text run at (2,2) width 30: "rules"
            LayoutTableCell {TD} at (33,0) size 18x23 [border: (1px solid #808080)] [r=0 c=1 rs=1 cs=1]
              LayoutText {#text} at (2,2) size 15x19
                text run at (2,2) width 15: "all"
          LayoutTableRow {TR} at (0,23) size 51x23
            LayoutTableCell {TD} at (0,23) size 33x23 [border: (1px solid #808080)] [r=1 c=0 rs=1 cs=1]
              LayoutText {#text} at (2,2) size 30x19
                text run at (2,2) width 30: "rules"
            LayoutTableCell {TD} at (33,23) size 18x23 [border: (1px solid #808080)] [r=1 c=1 rs=1 cs=1]
              LayoutText {#text} at (2,2) size 15x19
                text run at (2,2) width 15: "all"
      LayoutBlockFlow (anonymous) at (0,423) size 784x20
        LayoutBR {BR} at (0,0) size 0x19
