layer at (0,0) size 800x600
  LayoutView at (0,0) size 800x600
layer at (0,0) size 800x600
  LayoutBlockFlow {HTML} at (0,0) size 800x600
    LayoutBlockFlow {BODY} at (8,8) size 784x584
      LayoutBlockFlow (anonymous) at (0,0) size 784x20
        LayoutText {#text} at (0,0) size 171x19
          text run at (0,0) width 171: "table width includes border"
      LayoutBlockFlow {HR} at (0,28) size 202x2 [border: (1px inset #EEEEEE)]
      LayoutTable {TABLE} at (0,38) size 200x48 [border: (10px outset #808080)]
        LayoutTableSection {TBODY} at (10,10) size 180x28
          LayoutTableRow {TR} at (0,2) size 180x24
            LayoutTableCell {TD} at (2,2) size 176x24 [border: (1px inset #808080)] [r=0 c=0 rs=1 cs=1]
              LayoutText {#text} at (2,2) size 58x19
                text run at (2,2) width 58: "200 table"
      LayoutBlockFlow (anonymous) at (0,86) size 784x40
        LayoutBR {BR} at (0,0) size 0x19
        LayoutText {#text} at (0,20) size 215x19
          text run at (0,20) width 215: "nested table width includes border"
      LayoutTable {TABLE} at (0,126) size 204x52 [border: (1px outset #808080)]
        LayoutTableSection {TBODY} at (1,1) size 202x50
          LayoutTableRow {TR} at (0,0) size 202x50
            LayoutTableCell {TD} at (0,0) size 202x50 [border: (1px inset #808080)] [r=0 c=0 rs=1 cs=1]
              LayoutTable {TABLE} at (1,1) size 200x48 [border: (10px outset #808080)]
                LayoutTableSection {TBODY} at (10,10) size 180x28
                  LayoutTableRow {TR} at (0,2) size 180x24
                    LayoutTableCell {TD} at (2,2) size 176x24 [border: (1px inset #808080)] [r=0 c=0 rs=1 cs=1]
                      LayoutText {#text} at (2,2) size 102x19
                        text run at (2,2) width 102: "200 nested table"
      LayoutBlockFlow (anonymous) at (0,178) size 784x20
        LayoutText {#text} at (0,0) size 215x19
          text run at (0,0) width 215: "nested table width includes border"
      LayoutTable {TABLE} at (0,198) size 147x52 [border: (1px outset #808080)]
        LayoutTableSection {TBODY} at (1,1) size 145x50
          LayoutTableRow {TR} at (0,0) size 145x50
            LayoutTableCell {TD} at (0,0) size 145x50 [border: (1px inset #808080)] [r=0 c=0 rs=1 cs=1]
              LayoutTable {TABLE} at (1,1) size 143x48 [border: (10px outset #808080)]
                LayoutTableSection {TBODY} at (10,10) size 123x28
                  LayoutTableRow {TR} at (0,2) size 123x24
                    LayoutTableCell {TD} at (2,2) size 119x24 [border: (1px inset #808080)] [r=0 c=0 rs=1 cs=1]
                      LayoutText {#text} at (2,2) size 115x19
                        text run at (2,2) width 115: "100% nested table"
