layer at (0,0) size 800x600
  LayoutView at (0,0) size 800x600
layer at (0,0) size 800x600
  LayoutBlockFlow {HTML} at (0,0) size 800x600
    LayoutBlockFlow {BODY} at (8,8) size 784x584
      LayoutTable {TABLE} at (0,0) size 78x28
        LayoutTableSection {TBODY} at (0,0) size 78x28
          LayoutTableRow {TR} at (0,2) size 78x24
            LayoutTableCell {TD} at (2,2) size 40x24 [border: (1px inset #808080)] [r=0 c=0 rs=1 cs=1]
              LayoutText {#text} at (2,2) size 36x19
                text run at (2,2) width 36: "frame"
            LayoutTableCell {TD} at (44,2) size 32x24 [border: (1px inset #808080)] [r=0 c=1 rs=1 cs=1]
              LayoutText {#text} at (2,2) size 28x19
                text run at (2,2) width 28: "void"
      LayoutBlockFlow (anonymous) at (0,28) size 784x20
        LayoutBR {BR} at (0,0) size 0x19
      LayoutTable {TABLE} at (0,48) size 88x29 [border: (1px solid #808080) none]
        LayoutTableSection {TBODY} at (0,1) size 88x28
          LayoutTableRow {TR} at (0,2) size 88x24
            LayoutTableCell {TD} at (2,2) size 40x24 [border: (1px inset #808080)] [r=0 c=0 rs=1 cs=1]
              LayoutText {#text} at (2,2) size 36x19
                text run at (2,2) width 36: "frame"
            LayoutTableCell {TD} at (44,2) size 42x24 [border: (1px inset #808080)] [r=0 c=1 rs=1 cs=1]
              LayoutText {#text} at (2,2) size 38x19
                text run at (2,2) width 38: "above"
      LayoutBlockFlow (anonymous) at (0,77) size 784x20
        LayoutBR {BR} at (0,0) size 0x19
      LayoutTable {TABLE} at (0,97) size 89x29 [border: none (1px solid #808080) none]
        LayoutTableSection {TBODY} at (0,0) size 89x28
          LayoutTableRow {TR} at (0,2) size 89x24
            LayoutTableCell {TD} at (2,2) size 40x24 [border: (1px inset #808080)] [r=0 c=0 rs=1 cs=1]
              LayoutText {#text} at (2,2) size 36x19
                text run at (2,2) width 36: "frame"
            LayoutTableCell {TD} at (44,2) size 43x24 [border: (1px inset #808080)] [r=0 c=1 rs=1 cs=1]
              LayoutText {#text} at (2,2) size 39x19
                text run at (2,2) width 39: "below"
      LayoutBlockFlow (anonymous) at (0,126) size 784x20
        LayoutBR {BR} at (0,0) size 0x19
      LayoutTable {TABLE} at (0,146) size 89x30 [border: (1px solid #808080) none (1px solid #808080) none]
        LayoutTableSection {TBODY} at (0,1) size 89x28
          LayoutTableRow {TR} at (0,2) size 89x24
            LayoutTableCell {TD} at (2,2) size 40x24 [border: (1px inset #808080)] [r=0 c=0 rs=1 cs=1]
              LayoutText {#text} at (2,2) size 36x19
                text run at (2,2) width 36: "frame"
            LayoutTableCell {TD} at (44,2) size 43x24 [border: (1px inset #808080)] [r=0 c=1 rs=1 cs=1]
              LayoutText {#text} at (2,2) size 39x19
                text run at (2,2) width 39: "hsides"
      LayoutBlockFlow (anonymous) at (0,176) size 784x20
        LayoutBR {BR} at (0,0) size 0x19
      LayoutTable {TABLE} at (0,196) size 91x28 [border: none (1px solid #808080) none (1px solid #808080)]
        LayoutTableSection {TBODY} at (1,0) size 89x28
          LayoutTableRow {TR} at (0,2) size 89x24
            LayoutTableCell {TD} at (2,2) size 40x24 [border: (1px inset #808080)] [r=0 c=0 rs=1 cs=1]
              LayoutText {#text} at (2,2) size 36x19
                text run at (2,2) width 36: "frame"
            LayoutTableCell {TD} at (44,2) size 43x24 [border: (1px inset #808080)] [r=0 c=1 rs=1 cs=1]
              LayoutText {#text} at (2,2) size 39x19
                text run at (2,2) width 39: "vsides"
      LayoutBlockFlow (anonymous) at (0,224) size 784x20
        LayoutBR {BR} at (0,0) size 0x19
      LayoutTable {TABLE} at (0,244) size 70x28 [border: none (1px solid #808080) none]
        LayoutTableSection {TBODY} at (0,0) size 69x28
          LayoutTableRow {TR} at (0,2) size 69x24
            LayoutTableCell {TD} at (2,2) size 40x24 [border: (1px inset #808080)] [r=0 c=0 rs=1 cs=1]
              LayoutText {#text} at (2,2) size 36x19
                text run at (2,2) width 36: "frame"
            LayoutTableCell {TD} at (44,2) size 23x24 [border: (1px inset #808080)] [r=0 c=1 rs=1 cs=1]
              LayoutText {#text} at (2,2) size 19x19
                text run at (2,2) width 19: "rhs"
      LayoutBlockFlow (anonymous) at (0,272) size 784x20
        LayoutBR {BR} at (0,0) size 0x19
      LayoutTable {TABLE} at (0,292) size 69x28 [border: none (1px solid #808080)]
        LayoutTableSection {TBODY} at (1,0) size 68x28
          LayoutTableRow {TR} at (0,2) size 68x24
            LayoutTableCell {TD} at (2,2) size 40x24 [border: (1px inset #808080)] [r=0 c=0 rs=1 cs=1]
              LayoutText {#text} at (2,2) size 36x19
                text run at (2,2) width 36: "frame"
            LayoutTableCell {TD} at (44,2) size 22x24 [border: (1px inset #808080)] [r=0 c=1 rs=1 cs=1]
              LayoutText {#text} at (2,2) size 18x19
                text run at (2,2) width 18: "lhs"
      LayoutBlockFlow (anonymous) at (0,320) size 784x20
        LayoutBR {BR} at (0,0) size 0x19
      LayoutTable {TABLE} at (0,340) size 76x30 [border: (1px solid #808080)]
        LayoutTableSection {TBODY} at (1,1) size 74x28
          LayoutTableRow {TR} at (0,2) size 74x24
            LayoutTableCell {TD} at (2,2) size 40x24 [border: (1px inset #808080)] [r=0 c=0 rs=1 cs=1]
              LayoutText {#text} at (2,2) size 36x19
                text run at (2,2) width 36: "frame"
            LayoutTableCell {TD} at (44,2) size 28x24 [border: (1px inset #808080)] [r=0 c=1 rs=1 cs=1]
              LayoutText {#text} at (2,2) size 24x19
                text run at (2,2) width 24: "box"
      LayoutBlockFlow (anonymous) at (0,370) size 784x20
        LayoutBR {BR} at (0,0) size 0x19
      LayoutTable {TABLE} at (0,390) size 93x30 [border: (1px solid #808080)]
        LayoutTableSection {TBODY} at (1,1) size 91x28
          LayoutTableRow {TR} at (0,2) size 91x24
            LayoutTableCell {TD} at (2,2) size 40x24 [border: (1px inset #808080)] [r=0 c=0 rs=1 cs=1]
              LayoutText {#text} at (2,2) size 36x19
                text run at (2,2) width 36: "frame"
            LayoutTableCell {TD} at (44,2) size 45x24 [border: (1px inset #808080)] [r=0 c=1 rs=1 cs=1]
              LayoutText {#text} at (2,2) size 41x19
                text run at (2,2) width 41: "border"
      LayoutBlockFlow (anonymous) at (0,420) size 784x20
        LayoutBR {BR} at (0,0) size 0x19
