layer at (0,0) size 800x600
  LayoutView at (0,0) size 800x600
layer at (20,20) size 644x433
  LayoutBlockFlow {HTML} at (20,20) size 644x433 [border: none (4px solid #808080) none]
    LayoutBlockFlow {BODY} at (-4,-4) size 644x433 [bgcolor=#FFFFFF] [border: (1px solid #000000)]
      LayoutBlockFlow {H1} at (41,41) size 562x120
        LayoutText {#text} at (0,4) size 273x112
          text run at (0,4) width 273: "Acid3"
      LayoutBlockFlow {DIV} at (41,121) size 562x312
        LayoutBlockFlow {P} at (7,80) size 54x42 [bgcolor=#FF0000] [border: (1px solid #000000)]
        LayoutBlockFlow {P} at (70,64) size 64x50 [bgcolor=#FFA500] [border: (1px solid #000000)]
        LayoutBlockFlow {P} at (144.98,48) size 74x58 [bgcolor=#FFFF00] [border: (1px solid #000000)]
        LayoutBlockFlow {P} at (230.98,32) size 86x66 [bgcolor=#00FF00] [border: (1px solid #000000)]
        LayoutBlockFlow {P} at (329.98,16) size 96x74 [bgcolor=#0000FF] [border: (1px solid #000000)]
        LayoutBlockFlow {P} at (440.98,0) size 106x82 [bgcolor=#800080] [border: (1px solid #000000)]
        LayoutText {#text} at (0,0) size 0x0
      LayoutBlockFlow {P} at (41,214) size 568x120
        LayoutInline {SPAN} at (0,0) size 168x112
          LayoutText {#text} at (206,4) size 168x112
            text run at (206,4) width 168: "100"
        LayoutInline {SPAN} at (0,0) size 29x112
          LayoutText {#text} at (373,4) size 29x112
            text run at (373,4) width 29: "/"
        LayoutInline {SPAN} at (0,0) size 167x112
          LayoutText {#text} at (401,4) size 167x112
            text run at (401,4) width 167: "100"
      LayoutBlockFlow (anonymous) at (41,334) size 562x0
        LayoutInline {MAP} at (0,0) size 0x0
          LayoutInline {AREA} at (0,0) size 0x0 [color=#0000FF]
      LayoutBlockFlow (anonymous) at (41,334) size 562x0
        LayoutBlockFlow {FORM} at (0,0) size 562x0
        LayoutTable {TABLE} at (0,0) size 0x0
          LayoutTableSection {TBODY} at (0,0) size 0x0
            LayoutTableRow {TR} at (0,0) size 0x0
              LayoutTableCell {TD} at (0,0) size 0x0 [r=0 c=0 rs=1 cs=1]
                LayoutBlockFlow {P} at (0,0) size 0x0
      LayoutBlockFlow (anonymous) at (41,334) size 562x0
        LayoutInline {MAP} at (0,0) size 0x0
        LayoutText {#text} at (0,0) size 0x0
      LayoutBlockFlow {P} at (41,334) size 582x98 [color=#808080]
        LayoutText {#text} at (0,1) size 117x17
          text run at (0,1) width 117: "To pass the test,"
        LayoutBlockFlow (floating) {SPAN} at (562,0) size 20x20 [bgcolor=#FFFFFF]
        LayoutText {#text} at (116,1) size 547x55
          text run at (116,1) width 431: " a browser must use its default settings, the animation has to"
          text run at (0,20) width 532: "be smooth, the score has to end on 100/100, and the final page has to look"
          text run at (0,39) width 189: "exactly, pixel for pixel, like "
        LayoutInline {A} at (0,0) size 170x17 [color=#0000FF]
          LayoutText {#text} at (188,39) size 170x17
            text run at (188,39) width 170: "this reference rendering"
        LayoutText {#text} at (357,39) size 5x17
          text run at (357,39) width 5: "."
layer at (57,350) size 0x0
  LayoutIFrame (floating) {IFRAME} at (0,0) size 0x0
    layer at (0,0) size 0x0 scrollWidth 1 scrollHeight 1
      LayoutView at (0,0) size 0x0
    layer at (0,0) size 0x1
      LayoutBlockFlow {HTML} at (0,0) size 0x1
        LayoutBlockFlow {BODY} at (0,0) size 0x1
          LayoutImage {IMG} at (0,0) size 1x1
layer at (57,350) size 0x0
  LayoutIFrame (floating) {IFRAME} at (0,0) size 0x0
    layer at (0,0) size 0x0 scrollWidth 16 scrollHeight 2166
      LayoutView at (0,0) size 0x0
    layer at (0,0) size 0x2166
      LayoutBlockFlow {HTML} at (0,0) size 0x2166
        LayoutBlockFlow {BODY} at (8,8) size 0x2145
          LayoutBlockFlow {PRE} at (0,0) size 0x2145
            LayoutText {#text} at (0,0) size 8x2145
              text run at (0,0) width 8: "<"
              text run at (0,15) width 8: "!"
              text run at (0,30) width 8: "D"
              text run at (0,45) width 8: "O"
              text run at (0,60) width 8: "C"
              text run at (0,75) width 8: "T"
              text run at (0,90) width 8: "Y"
              text run at (0,105) width 8: "P"
              text run at (0,120) width 8: "E"
              text run at (0,135) width 0: " "
              text run at (0,150) width 8: "h"
              text run at (0,165) width 8: "t"
              text run at (0,180) width 8: "m"
              text run at (0,195) width 8: "l"
              text run at (0,210) width 8: ">"
              text run at (0,225) width 8: "<"
              text run at (0,240) width 8: "h"
              text run at (0,255) width 8: "t"
              text run at (0,270) width 8: "m"
              text run at (0,285) width 8: "l"
              text run at (0,300) width 8: ">"
              text run at (0,315) width 8: "<"
              text run at (0,330) width 8: "h"
              text run at (0,345) width 8: "e"
              text run at (0,360) width 8: "a"
              text run at (0,375) width 8: "d"
              text run at (0,390) width 8: ">"
              text run at (0,405) width 8: "<"
              text run at (0,420) width 8: "t"
              text run at (0,435) width 8: "i"
              text run at (0,450) width 8: "t"
              text run at (0,465) width 8: "l"
              text run at (0,480) width 8: "e"
              text run at (0,495) width 8: ">"
              text run at (0,510) width 8: "F"
              text run at (0,525) width 8: "A"
              text run at (0,540) width 8: "I"
              text run at (0,555) width 8: "L"
              text run at (0,570) width 8: "<"
              text run at (0,585) width 8: "/"
              text run at (0,600) width 8: "t"
              text run at (0,615) width 8: "i"
              text run at (0,630) width 8: "t"
              text run at (0,645) width 8: "l"
              text run at (0,660) width 8: "e"
              text run at (0,675) width 8: ">"
              text run at (0,690) width 8: "<"
              text run at (0,705) width 8: "/"
              text run at (0,720) width 8: "h"
              text run at (0,735) width 8: "e"
              text run at (0,750) width 8: "a"
              text run at (0,765) width 8: "d"
              text run at (0,780) width 8: ">"
              text run at (0,795) width 8: "<"
              text run at (0,810) width 8: "b"
              text run at (0,825) width 8: "o"
              text run at (0,840) width 8: "d"
              text run at (0,855) width 8: "y"
              text run at (0,870) width 8: ">"
              text run at (0,885) width 8: "<"
              text run at (0,900) width 8: "p"
              text run at (0,915) width 8: ">"
              text run at (0,930) width 8: "F"
              text run at (0,945) width 8: "A"
              text run at (0,960) width 8: "I"
              text run at (0,975) width 8: "L"
              text run at (0,990) width 8: "<"
              text run at (0,1005) width 8: "/"
              text run at (0,1020) width 8: "p"
              text run at (0,1035) width 8: ">"
              text run at (0,1050) width 8: "<"
              text run at (0,1065) width 8: "s"
              text run at (0,1080) width 8: "c"
              text run at (0,1095) width 8: "r"
              text run at (0,1110) width 8: "i"
              text run at (0,1125) width 8: "p"
              text run at (0,1140) width 8: "t"
              text run at (0,1155) width 8: ">"
              text run at (0,1170) width 8: "p"
              text run at (0,1185) width 8: "a"
              text run at (0,1200) width 8: "r"
              text run at (0,1215) width 8: "e"
              text run at (0,1230) width 8: "n"
              text run at (0,1245) width 8: "t"
              text run at (0,1260) width 8: "."
              text run at (0,1275) width 8: "n"
              text run at (0,1290) width 8: "o"
              text run at (0,1305) width 8: "t"
              text run at (0,1320) width 8: "i"
              text run at (0,1335) width 8: "f"
              text run at (0,1350) width 8: "y"
              text run at (0,1365) width 8: "("
              text run at (0,1380) width 8: "\""
              text run at (0,1395) width 8: "r"
              text run at (0,1410) width 8: "e"
              text run at (0,1425) width 8: "s"
              text run at (0,1440) width 8: "o"
              text run at (0,1455) width 8: "u"
              text run at (0,1470) width 8: "r"
              text run at (0,1485) width 8: "c"
              text run at (0,1500) width 8: "e"
              text run at (0,1515) width 8: "s"
              text run at (0,1530) width 8: "/"
              text run at (0,1545) width 8: "a"
              text run at (0,1560) width 8: "c"
              text run at (0,1575) width 8: "i"
              text run at (0,1590) width 8: "d"
              text run at (0,1605) width 8: "3"
              text run at (0,1620) width 8: "/"
              text run at (0,1635) width 8: "e"
              text run at (0,1650) width 8: "m"
              text run at (0,1665) width 8: "p"
              text run at (0,1680) width 8: "t"
              text run at (0,1695) width 8: "y"
              text run at (0,1710) width 8: "."
              text run at (0,1725) width 8: "t"
              text run at (0,1740) width 8: "x"
              text run at (0,1755) width 8: "t"
              text run at (0,1770) width 8: "\""
              text run at (0,1785) width 8: ")"
              text run at (0,1800) width 8: "<"
              text run at (0,1815) width 8: "/"
              text run at (0,1830) width 8: "s"
              text run at (0,1845) width 8: "c"
              text run at (0,1860) width 8: "r"
              text run at (0,1875) width 8: "i"
              text run at (0,1890) width 8: "p"
              text run at (0,1905) width 8: "t"
              text run at (0,1920) width 8: ">"
              text run at (0,1935) width 8: "<"
              text run at (0,1950) width 8: "/"
              text run at (0,1965) width 8: "b"
              text run at (0,1980) width 8: "o"
              text run at (0,1995) width 8: "d"
              text run at (0,2010) width 8: "y"
              text run at (0,2025) width 8: ">"
              text run at (0,2040) width 8: "<"
              text run at (0,2055) width 8: "/"
              text run at (0,2070) width 8: "h"
              text run at (0,2085) width 8: "t"
              text run at (0,2100) width 8: "m"
              text run at (0,2115) width 8: "l"
              text run at (0,2130) width 8: ">"
layer at (57,350) size 0x0
  LayoutIFrame (floating) {IFRAME} at (0,0) size 0x0
    layer at (0,0) size 0x0 scrollWidth 1 scrollHeight 8
      LayoutView at (0,0) size 0x0
    layer at (0,0) size 0x8
      LayoutBlockFlow {HTML} at (0,0) size 0x8
        LayoutBlockFlow {BODY} at (8,8) size 0x0
layer at (131,84) size 0x0
  LayoutBlockFlow (positioned) {OBJECT} at (130.50,84.30) size 0x0
layer at (131,84) size 300x150
  LayoutEmbeddedObject (positioned) {OBJECT} at (130.50,84.30) size 300x150
    layer at (0,0) size 300x150
      LayoutView at (0,0) size 300x150
    layer at (0,0) size 300x16
      LayoutBlockFlow {HTML} at (0,0) size 300x16
        LayoutBlockFlow {BODY} at (8,16) size 284x0
          LayoutBlockFlow {P} at (0,0) size 284x0
layer at (17,18) size 80x36
  LayoutBlockFlow (positioned) {A} at (17,18) size 80x36 [color=#FF0000]
    LayoutText {#text} at (0,0) size 70x36
      text run at (0,0) width 67: "YOU SHOULD"
      text run at (0,12) width 70: "NOT SEE THIS"
      text run at (0,24) width 35: "AT ALL"
layer at (638,18) size 20x20
  LayoutBlockFlow (positioned) {<pseudo:after>} at (638,18) size 20x20 [color=#FFFFFF] [bgcolor=#FF00FF]
    LayoutTextFragment (anonymous) at (0,0) size 20x20
      text run at (0,0) width 20: "X"
layer at (10,10) size 82x45
  LayoutBlockFlow (positioned) {DIV} at (10,10) size 82.27x45 [color=#00000000]
    LayoutText {#text} at (0,0) size 83x44
      text run at (0,0) width 83: "FAIL"
