layer at (0,0) size 800x600
  LayoutView at (0,0) size 800x600
layer at (0,0) size 800x600
  LayoutBlockFlow {HTML} at (0,0) size 800x600
    LayoutBlockFlow {BODY} at (8,8) size 784x576
      LayoutBlockFlow {P} at (0,0) size 784x36
        LayoutText {#text} at (0,0) size 755x36
          text run at (0,0) width 138: "This test verifies that "
          text run at (137,0) width 618: "accessing a frame's document while it is still loading does not prevent the load, but can access at"
          text run at (0,18) width 226: "least a temporary empty document."
      LayoutBlockFlow (anonymous) at (0,52) size 784x116
        LayoutBR {BR} at (300,40) size 0x0
        LayoutBR {BR} at (300,80) size 0x0
        LayoutText {#text} at (0,80) size 166x18
          text run at (0,80) width 166: "[object HTMLDocument]"
        LayoutBR {BR} at (165,94) size 1x0
        LayoutText {#text} at (0,98) size 166x18
          text run at (0,98) width 166: "[object HTMLDocument]"
      LayoutBlockFlow {P} at (0,184) size 784x18
        LayoutText {#text} at (0,0) size 622x18
          text run at (0,0) width 622: "If this test passes, you should see SUCCESS twice, followed by [object HTMLDocument] twice."
layer at (8,60) size 300x40
  LayoutIFrame {IFRAME} at (0,0) size 300x40
    layer at (0,0) size 300x40
      LayoutView at (0,0) size 300x40
    layer at (0,0) size 300x40
      LayoutBlockFlow {HTML} at (0,0) size 300x40
        LayoutBlockFlow {BODY} at (8,8) size 284x24
          LayoutText {#text} at (0,0) size 70x18
            text run at (0,0) width 70: "SUCCESS"
layer at (8,100) size 300x40
  LayoutIFrame {IFRAME} at (0,40) size 300x40
    layer at (0,0) size 300x40
      LayoutView at (0,0) size 300x40
    layer at (0,0) size 300x40
      LayoutBlockFlow {HTML} at (0,0) size 300x40
        LayoutBlockFlow {BODY} at (8,8) size 284x24
          LayoutText {#text} at (0,0) size 70x18
            text run at (0,0) width 70: "SUCCESS"
