layer at (0,0) size 800x600
  LayoutView at (0,0) size 800x600
layer at (0,0) size 800x600
  LayoutBlockFlow {HTML} at (0,0) size 800x600
    LayoutBlockFlow {BODY} at (8,8) size 784x584
      LayoutTable {TABLE} at (0,0) size 182x24
        LayoutTableSection {TBODY} at (0,0) size 182x24
          LayoutTableRow {TR} at (0,2) size 182x20
            LayoutTableCell {TD} at (2,2) size 178x20 [r=0 c=0 rs=1 cs=1]
              LayoutBlockFlow {DIV} at (1,1) size 176x18
                LayoutText {#text} at (0,0) size 172x18
                  text run at (0,0) width 172: "This text should not break "
                LayoutInline {<pseudo:after>} at (0,0) size 5x18
                  LayoutTextFragment (anonymous) at (171,0) size 5x18
                    text run at (171,0) width 5: "."
