layer at (0,0) size 800x600
  LayoutView at (0,0) size 800x600
layer at (0,0) size 800x600
  LayoutBlockFlow {HTML} at (0,0) size 800x600
    LayoutBlockFlow {BODY} at (8,8) size 784x584
      LayoutBlockFlow {P} at (0,0) size 784x36
        LayoutText {#text} at (0,0) size 54x18
          text run at (0,0) width 54: "Test for "
        LayoutInline {A} at (0,0) size 61x18 [color=#0000EE]
          LayoutText {#text} at (53,0) size 61x18
            text run at (53,0) width 61: "bug 8121"
        LayoutText {#text} at (113,0) size 291x18
          text run at (113,0) width 291: ": REGRESSION: 404s are not displayed and "
        LayoutInline {A} at (0,0) size 61x18 [color=#0000EE]
          LayoutText {#text} at (403,0) size 61x18
            text run at (403,0) width 61: "bug 7739"
        LayoutText {#text} at (463,0) size 777x36
          text run at (463,0) width 314: ": REGRESSION: Assertion failure loading acid2"
          text run at (0,18) width 305: "test in -[WebCoreFrameBridge installInFrame:]"
      LayoutBlockFlow {P} at (0,52) size 784x36
        LayoutText {#text} at (0,0) size 764x36
          text run at (0,0) width 168: "Here is an invalid iframe. "
          text run at (167,0) width 597: "It should contain a 404 error message, not any green fallback text. Note this will only work if"
          text run at (0,18) width 180: "this page is fetched via http."
      LayoutBlockFlow (anonymous) at (0,104) size 784x184
        LayoutText {#text} at (0,0) size 0x0
      LayoutBlockFlow {P} at (0,304) size 784x18
        LayoutText {#text} at (0,0) size 498x18
          text run at (0,0) width 165: "Here is an invalid object. "
          text run at (164,0) width 334: "It should be rendered with some green fallback text."
      LayoutBlockFlow (anonymous) at (0,338) size 784x18
        LayoutInline {OBJECT} at (0,0) size 80x18
          LayoutText {#text} at (0,0) size 0x0
          LayoutInline {SPAN} at (0,0) size 80x18 [color=#008000]
            LayoutText {#text} at (0,0) size 80x18
              text run at (0,0) width 80: "fallback text"
          LayoutText {#text} at (0,0) size 0x0
        LayoutText {#text} at (0,0) size 0x0
layer at (8,112) size 553x184
  LayoutIFrame {IFRAME} at (0,0) size 552.80x184 [border: (2px inset #EEEEEE)]
    layer at (0,0) size 549x180
      LayoutView at (0,0) size 549x180
    layer at (0,0) size 549x180
      LayoutBlockFlow {HTML} at (0,0) size 549x180
        LayoutBlockFlow {BODY} at (8,8) size 533x164
          LayoutText {#text} at (0,0) size 373x18
            text run at (0,0) width 373: "This 404 error was intentionally generated by a test script."
