layer at (0,0) size 800x600
  LayoutView at (0,0) size 800x600
layer at (0,0) size 800x423
  LayoutBlockFlow {HTML} at (0,0) size 800x423
    LayoutBlockFlow {BODY} at (8,8) size 784x407
      LayoutBlockFlow (anonymous) at (0,0) size 784x60
        LayoutText {#text} at (0,0) size 332x19
          text run at (0,0) width 332: "Tests if glyph caches of different languages interfere."
        LayoutBR {BR} at (331,0) size 1x19
        LayoutText {#text} at (0,20) size 727x39
          text run at (0,20) width 727: "On systems that the locales have different font preferences, the following divs should be displayed in corresponding"
          text run at (0,40) width 174: "preferred fonts respectively."
        LayoutBR {BR} at (173,40) size 1x19
      LayoutBlockFlow {DIV} at (0,60) size 784x116
        LayoutBlockFlow (anonymous) at (0,0) size 784x20
          LayoutText {#text} at (0,0) size 125x19
            text run at (0,0) width 125: "Default font-family:"
        LayoutBlockFlow {DIV} at (0,20) size 784x24
          LayoutText {#text} at (0,4) size 176x19
            text run at (0,4) width 176: "Simplified Chinese: \x{8AA4}\x{904E}\x{9AA8}"
        LayoutBlockFlow {DIV} at (0,44) size 784x24
          LayoutText {#text} at (0,4) size 180x19
            text run at (0,4) width 180: "Traditional Chinese: \x{8AA4}\x{904E}\x{9AA8}"
        LayoutBlockFlow {DIV} at (0,68) size 784x24
          LayoutText {#text} at (0,4) size 112x19
            text run at (0,4) width 112: "Japanese: \x{8AA4}\x{904E}\x{9AA8}"
        LayoutBlockFlow {DIV} at (0,92) size 784x24
          LayoutText {#text} at (0,4) size 103x19
            text run at (0,4) width 103: "Korean: \x{8AA4}\x{904E}\x{9AA8}"
      LayoutBlockFlow {DIV} at (0,176) size 784x115
        LayoutBlockFlow (anonymous) at (0,0) size 784x19
          LayoutText {#text} at (0,0) size 220x18
            text run at (0,0) width 220: "Generic font-family (sans-serif):"
        LayoutBlockFlow {DIV} at (0,19) size 784x24
          LayoutText {#text} at (0,4) size 191x18
            text run at (0,4) width 191: "Simplified Chinese: \x{8AA4}\x{904E}\x{9AA8}"
        LayoutBlockFlow {DIV} at (0,43) size 784x24
          LayoutText {#text} at (0,4) size 196x18
            text run at (0,4) width 196: "Traditional Chinese: \x{8AA4}\x{904E}\x{9AA8}"
        LayoutBlockFlow {DIV} at (0,67) size 784x24
          LayoutText {#text} at (0,4) size 126x18
            text run at (0,4) width 126: "Japanese: \x{8AA4}\x{904E}\x{9AA8}"
        LayoutBlockFlow {DIV} at (0,91) size 784x24
          LayoutText {#text} at (0,4) size 108x18
            text run at (0,4) width 108: "Korean: \x{8AA4}\x{904E}\x{9AA8}"
      LayoutBlockFlow {DIV} at (0,291) size 784x116
        LayoutBlockFlow (anonymous) at (0,0) size 784x20
          LayoutText {#text} at (0,0) size 295x19
            text run at (0,0) width 295: "Non-generic font-family (Times New Roman):"
        LayoutBlockFlow {DIV} at (0,20) size 784x24
          LayoutText {#text} at (0,4) size 176x19
            text run at (0,4) width 176: "Simplified Chinese: \x{8AA4}\x{904E}\x{9AA8}"
        LayoutBlockFlow {DIV} at (0,44) size 784x24
          LayoutText {#text} at (0,4) size 180x19
            text run at (0,4) width 180: "Traditional Chinese: \x{8AA4}\x{904E}\x{9AA8}"
        LayoutBlockFlow {DIV} at (0,68) size 784x24
          LayoutText {#text} at (0,4) size 112x19
            text run at (0,4) width 112: "Japanese: \x{8AA4}\x{904E}\x{9AA8}"
        LayoutBlockFlow {DIV} at (0,92) size 784x24
          LayoutText {#text} at (0,4) size 103x19
            text run at (0,4) width 103: "Korean: \x{8AA4}\x{904E}\x{9AA8}"
