layer at (0,0) size 800x600
  LayoutView at (0,0) size 800x600
layer at (0,0) size 800x36
  LayoutNGBlockFlow {HTML} at (0,0) size 800x36
    LayoutNGBlockFlow {BODY} at (8,8) size 784x20
      LayoutText {#text} at (0,0) size 551x19
        text run at (0,0) width 551: "Tests that we paint area outline properly when the image is inside positioned containers."
layer at (20,50) size 0x0
  LayoutNGBlockFlow (positioned) {DIV} at (20,50) size 0x0
layer at (30,60) size 50x55
  LayoutNGBlockFlow (positioned) {DIV} at (10,10) size 50x55
    LayoutImage {IMG} at (0,0) size 50x50
    LayoutText {#text} at (0,0) size 0x0
    LayoutInline {MAP} at (0,0) size 0x19
      LayoutInline {AREA} at (0,0) size 0x19
    LayoutText {#text} at (0,0) size 0x0
