layer at (0,0) size 800x600
  LayoutView at (0,0) size 800x600
layer at (0,0) size 800x348
  LayoutBlockFlow {HTML} at (0,0) size 800x348.27
    LayoutBlockFlow {BODY} at (8,8) size 784x332.27
      LayoutText {#text} at (0,0) size 0x0
layer at (8,8) size 400x327
  LayoutVideo {VIDEO} at (0,0) size 400x327.27
layer at (8,8) size 400x327
  LayoutFlexibleBox (relative positioned) {DIV} at (0,0) size 400x327.27
    LayoutBlockFlow {DIV} at (200,0) size 0x0
    LayoutFlexibleBox {DIV} at (0,0) size 400x327.27
layer at (8,8) size 400x327
  LayoutFlexibleBox {DIV} at (0,0) size 400x327.27
layer at (8,8) size 400x315 clip at (10,10) size 396x311
  LayoutButton (relative positioned) {INPUT} at (0,0) size 400x315.27 [border: (2px outset #C0C0C0)]
    LayoutFlexibleBox (anonymous) at (8,129.63) size 384x56
      LayoutBlockFlow {DIV} at (164,0) size 56x56 [bgcolor=#FFFFFFE6]
layer at (8,275) size 400x48
  LayoutFlexibleBox (relative positioned) {DIV} at (0,267.27) size 400x48
    LayoutBlockFlow {DIV} at (16,0) size 31x48 [color=#FFFFFF]
      LayoutText {#text} at (0,15) size 31x18
        text run at (0,15) width 31: "0:00"
    LayoutBlockFlow {DIV} at (51,0) size 39x48 [color=#FFFFFF]
      LayoutText {#text} at (0,15) size 39x18
        text run at (0,15) width 39: "/ 0:09"
    LayoutBlockFlow {DIV} at (90,48) size 214x0
    LayoutButton {INPUT} at (352,0) size 48x48
layer at (312,275) size 48x48 transparent
  LayoutButton {INPUT} at (304,0) size 48x48 [color=#808080]
layer at (8,323) size 400x12
  LayoutSlider {INPUT} at (0,315.27) size 400x12 [color=#C4C4C4]
    LayoutFlexibleBox {DIV} at (16,0) size 368x4
layer at (24,323) size 368x4
  LayoutBlockFlow (relative positioned) {DIV} at (0,0) size 368x4 [bgcolor=#FFFFFF4D]
layer at (24,319) size 12x12
  LayoutBlockFlow (relative positioned) {DIV} at (0,-4) size 12x12 [bgcolor=#FFFFFF]
layer at (24,323) size 368x4
  LayoutBlockFlow (positioned) {DIV} at (0,0) size 368x4
layer at (24,323) size 0x4
  LayoutBlockFlow (positioned) {DIV} at (0,0) size 0x4 [bgcolor=#FFFFFF]
layer at (24,323) size 368x4
  LayoutBlockFlow (positioned) {DIV} at (0,0) size 368x4 [bgcolor=#FFFFFF8A]
