layer at (0,0) size 800x600
  LayoutView at (0,0) size 800x600
layer at (0,0) size 800x56
  LayoutBlockFlow {HTML} at (0,0) size 800x56
    LayoutBlockFlow {BODY} at (8,8) size 784x40
      LayoutBlockFlow (anonymous) at (0,0) size 784x18
        LayoutText {#text} at (0,0) size 433x18
          text run at (0,0) width 433: "Passes if top of all text in second row is visible when fully selected."
      LayoutBlockFlow {DIV} at (0,18) size 784x22
        LayoutText {#text} at (0,-4) size 12x18
          text run at (0,-4) width 12: "X"
        LayoutBR {BR} at (11,-4) size 1x18
        LayoutText {#text} at (0,7) size 47x18
          text run at (0,7) width 47: "YYYY"
selection start: position 0 of child 0 {#text} of body
selection end:   position 4 of child 2 {#text} of child 1 {DIV} of body
