layer at (0,0) size 800x600
  LayoutView at (0,0) size 800x600
layer at (0,0) size 800x600
  LayoutBlockFlow {HTML} at (0,0) size 800x600
    LayoutBlockFlow {BODY} at (8,8) size 784x584
      LayoutButton {BUTTON} at (0,2) size 75.69x18 [bgcolor=#FFFFFF] [border: none (2px solid #D1D1D1) none (2px solid #D1D1D1)]
        LayoutBlockFlow (anonymous) at (8,2) size 59.69x13
          LayoutText {#text} at (0,0) size 60x13
            text run at (0,0) width 60: "Test Button"
      LayoutText {#text} at (75,1) size 5x18
        text run at (75,1) width 5: " "
      LayoutButton {BUTTON} at (79.69,2) size 75.69x18 [color=#FF0000] [bgcolor=#FFFFFF] [border: none (2px solid #D1D1D1) none (2px solid #D1D1D1)]
        LayoutBlockFlow (anonymous) at (8,2) size 59.69x13
          LayoutText {#text} at (0,0) size 60x13
            text run at (0,0) width 60: "Test Button"
      LayoutText {#text} at (155,1) size 5x18
        text run at (155,1) width 5: " "
      LayoutButton {BUTTON} at (159.38,0) size 75.69x22 [bgcolor=#008000] [border: (2px solid #D8D8D8) (2px solid #D1D1D1) (2px solid #BABABA) (2px solid #D1D1D1)]
        LayoutBlockFlow (anonymous) at (8,4) size 59.69x13
          LayoutText {#text} at (0,0) size 60x13
            text run at (0,0) width 60: "Test Button"
      LayoutText {#text} at (235,1) size 5x18
        text run at (235,1) width 5: " "
      LayoutButton {BUTTON} at (239.06,0) size 75.69x22 [color=#FF0000] [bgcolor=#008000] [border: (2px solid #D8D8D8) (2px solid #D1D1D1) (2px solid #BABABA) (2px solid #D1D1D1)]
        LayoutBlockFlow (anonymous) at (8,4) size 59.69x13
          LayoutText {#text} at (0,0) size 60x13
            text run at (0,0) width 60: "Test Button"
      LayoutText {#text} at (314,1) size 5x18
        text run at (314,1) width 5: " "
      LayoutButton {INPUT} at (318.75,2) size 75.69x18 [bgcolor=#FFFFFF]
        LayoutBlockFlow (anonymous) at (8,2) size 59.69x13
          LayoutText {#text} at (0,0) size 60x13
            text run at (0,0) width 60: "Test Button"
      LayoutText {#text} at (394,1) size 5x18
        text run at (394,1) width 5: " "
      LayoutButton {INPUT} at (398.44,2) size 75.69x18 [color=#FF0000] [bgcolor=#FFFFFF]
        LayoutBlockFlow (anonymous) at (8,2) size 59.69x13
          LayoutText {#text} at (0,0) size 60x13
            text run at (0,0) width 60: "Test Button"
      LayoutText {#text} at (474,1) size 5x18
        text run at (474,1) width 5: " "
      LayoutButton {INPUT} at (478.13,0) size 75.69x22 [bgcolor=#008000] [border: (2px solid #D8D8D8) (2px solid #D1D1D1) (2px solid #BABABA) (2px solid #D1D1D1)]
        LayoutBlockFlow (anonymous) at (8,4) size 59.69x13
          LayoutText {#text} at (0,0) size 60x13
            text run at (0,0) width 60: "Test Button"
      LayoutText {#text} at (553,1) size 5x18
        text run at (553,1) width 5: " "
      LayoutButton {INPUT} at (557.81,0) size 75.69x22 [color=#FF0000] [bgcolor=#008000] [border: (2px solid #D8D8D8) (2px solid #D1D1D1) (2px solid #BABABA) (2px solid #D1D1D1)]
        LayoutBlockFlow (anonymous) at (8,4) size 59.69x13
          LayoutText {#text} at (0,0) size 60x13
            text run at (0,0) width 60: "Test Button"
      LayoutText {#text} at (0,0) size 0x0
