layer at (0,0) size 800x600
  LayoutView at (0,0) size 800x600
layer at (0,0) size 800x600
  LayoutBlockFlow {HTML} at (0,0) size 800x600
    LayoutBlockFlow {BODY} at (8,8) size 784x584
      LayoutButton {INPUT} at (0,3) size 64.84x15 [bgcolor=#FFFFFF]
        LayoutBlockFlow (anonymous) at (8,2) size 48.84x11
          LayoutText {#text} at (0,0) size 49x11
            text run at (0,0) width 49: "Test Button"
      LayoutText {#text} at (64,0) size 5x18
        text run at (64,0) width 5: " "
      LayoutButton {INPUT} at (68.84,3) size 64.84x15 [bgcolor=#FFFFFF]
        LayoutBlockFlow (anonymous) at (8,2) size 48.84x11
          LayoutText {#text} at (0,0) size 49x11
            text run at (0,0) width 49: "Test Button"
      LayoutText {#text} at (133,0) size 5x18
        text run at (133,0) width 5: " "
      LayoutButton {INPUT} at (137.69,3) size 64.84x15 [bgcolor=#FFFFFF]
        LayoutBlockFlow (anonymous) at (8,2) size 48.84x11
          LayoutText {#text} at (0,0) size 49x11
            text run at (0,0) width 49: "Test Button"
      LayoutText {#text} at (202,0) size 5x18
        text run at (202,0) width 5: " "
      LayoutButton {INPUT} at (206.53,3) size 64.84x15 [bgcolor=#FFFFFF]
        LayoutBlockFlow (anonymous) at (8,2) size 48.84x11
          LayoutText {#text} at (0,0) size 49x11
            text run at (0,0) width 49: "Test Button"
      LayoutText {#text} at (271,0) size 5x18
        text run at (271,0) width 5: " "
      LayoutButton {INPUT} at (275.38,3) size 64.84x15 [bgcolor=#FFFFFF]
        LayoutBlockFlow (anonymous) at (8,2) size 48.84x11
          LayoutText {#text} at (0,0) size 49x11
            text run at (0,0) width 49: "Test Button"
      LayoutText {#text} at (340,0) size 5x18
        text run at (340,0) width 5: " "
      LayoutButton {INPUT} at (344.22,3) size 64.84x15 [bgcolor=#FFFFFF]
        LayoutBlockFlow (anonymous) at (8,2) size 48.84x11
          LayoutText {#text} at (0,0) size 49x11
            text run at (0,0) width 49: "Test Button"
      LayoutText {#text} at (409,0) size 5x18
        text run at (409,0) width 5: " "
      LayoutButton {INPUT} at (413.06,1) size 75.69x18 [bgcolor=#FFFFFF]
        LayoutBlockFlow (anonymous) at (8,2) size 59.69x13
          LayoutText {#text} at (0,0) size 60x13
            text run at (0,0) width 60: "Test Button"
      LayoutText {#text} at (488,0) size 5x18
        text run at (488,0) width 5: " "
      LayoutButton {INPUT} at (492.75,1) size 75.69x18 [bgcolor=#FFFFFF]
        LayoutBlockFlow (anonymous) at (8,2) size 59.69x13
          LayoutText {#text} at (0,0) size 60x13
            text run at (0,0) width 60: "Test Button"
      LayoutText {#text} at (568,0) size 5x18
        text run at (568,0) width 5: " "
      LayoutButton {INPUT} at (572.44,1) size 75.69x18 [bgcolor=#FFFFFF]
        LayoutBlockFlow (anonymous) at (8,2) size 59.69x13
          LayoutText {#text} at (0,0) size 60x13
            text run at (0,0) width 60: "Test Button"
      LayoutText {#text} at (648,0) size 5x18
        text run at (648,0) width 5: " "
      LayoutButton {INPUT} at (652.13,1) size 75.69x18 [bgcolor=#FFFFFF]
        LayoutBlockFlow (anonymous) at (8,2) size 59.69x13
          LayoutText {#text} at (0,0) size 60x13
            text run at (0,0) width 60: "Test Button"
      LayoutText {#text} at (727,0) size 5x18
        text run at (727,0) width 5: " "
      LayoutButton {INPUT} at (0,21) size 75.69x18 [bgcolor=#FFFFFF]
        LayoutBlockFlow (anonymous) at (8,2) size 59.69x13
          LayoutText {#text} at (0,0) size 60x13
            text run at (0,0) width 60: "Test Button"
      LayoutText {#text} at (75,20) size 5x18
        text run at (75,20) width 5: " "
      LayoutButton {INPUT} at (79.69,19) size 86.55x21 [bgcolor=#FFFFFF]
        LayoutBlockFlow (anonymous) at (8,2) size 70.55x16
          LayoutText {#text} at (0,0) size 71x16
            text run at (0,0) width 71: "Test Button"
      LayoutText {#text} at (166,20) size 5x18
        text run at (166,20) width 5: " "
      LayoutButton {INPUT} at (170.23,19) size 86.55x21 [bgcolor=#FFFFFF]
        LayoutBlockFlow (anonymous) at (8,2) size 70.55x16
          LayoutText {#text} at (0,0) size 71x16
            text run at (0,0) width 71: "Test Button"
      LayoutText {#text} at (256,20) size 5x18
        text run at (256,20) width 5: " "
      LayoutButton {INPUT} at (260.78,19) size 86.55x21 [bgcolor=#FFFFFF]
        LayoutBlockFlow (anonymous) at (8,2) size 70.55x16
          LayoutText {#text} at (0,0) size 71x16
            text run at (0,0) width 71: "Test Button"
      LayoutText {#text} at (347,20) size 5x18
        text run at (347,20) width 5: " "
      LayoutButton {INPUT} at (351.33,19) size 86.55x21 [bgcolor=#FFFFFF]
        LayoutBlockFlow (anonymous) at (8,2) size 70.55x16
          LayoutText {#text} at (0,0) size 71x16
            text run at (0,0) width 71: "Test Button"
      LayoutText {#text} at (437,20) size 5x18
        text run at (437,20) width 5: " "
      LayoutButton {INPUT} at (441.88,19) size 86.55x21 [bgcolor=#FFFFFF]
        LayoutBlockFlow (anonymous) at (8,2) size 70.55x16
          LayoutText {#text} at (0,0) size 71x16
            text run at (0,0) width 71: "Test Button"
      LayoutText {#text} at (528,20) size 5x18
        text run at (528,20) width 5: " "
      LayoutButton {INPUT} at (532.42,19) size 86.55x21 [bgcolor=#FFFFFF]
        LayoutBlockFlow (anonymous) at (8,2) size 70.55x16
          LayoutText {#text} at (0,0) size 71x16
            text run at (0,0) width 71: "Test Button"
      LayoutText {#text} at (0,0) size 0x0
