layer at (0,0) size 800x600
  LayoutView at (0,0) size 800x600
layer at (0,0) size 800x600
  LayoutBlockFlow {HTML} at (0,0) size 800x600
    LayoutBlockFlow {BODY} at (8,8) size 784x584
      LayoutBlockFlow {DIV} at (0,0) size 119.17x25 [bgcolor=#C3D9FF]
        LayoutTable {TABLE} at (0,0) size 119x25
          LayoutTableSection {TBODY} at (0,0) size 119x25
            LayoutTableRow {TR} at (0,2) size 119x21
              LayoutTableCell {TD} at (2,2) size 115x21 [r=0 c=0 rs=1 cs=1]
                LayoutTextControl {INPUT} at (1,1) size 113x19 [bgcolor=#FFFFFF] [border: (2px inset #EEEEEE)]
                LayoutText {#text} at (0,0) size 0x0
layer at (14,14) size 107x13 scrollWidth 110
  LayoutBlockFlow {DIV} at (3,3) size 107x13
    LayoutText {#text} at (0,0) size 110x13
      text run at (0,0) width 110: "Should fit in blue box"
