layer at (0,0) size 800x600
  LayoutView at (0,0) size 800x600
layer at (0,0) size 800x127
  LayoutBlockFlow {HTML} at (0,0) size 800x127.44
    LayoutBlockFlow {BODY} at (8,18.72) size 784x92.72
      LayoutBlockFlow {H3} at (0,0) size 784x22
        LayoutText {#text} at (0,0) size 202x21
          text run at (0,0) width 202: "Test for chromium bug : "
        LayoutInline {A} at (0,0) size 57x21 [color=#0000EE]
          LayoutText {#text} at (201,0) size 57x21
            text run at (201,0) width 57: "256333"
        LayoutText {#text} at (257,0) size 282x21
          text run at (257,0) width 282: ". Test case for Ignorable characters"
      LayoutBlockFlow {P} at (0,40.72) size 784x18
        LayoutText {#text} at (0,0) size 154x17
          text run at (0,0) width 154: "abc should be displayed"
      LayoutBlockFlow {P} at (0,74.72) size 784x18
        LayoutText {#text} at (0,0) size 23x17
          text run at (0,0) width 23: "a\x{2066}b\x{2069}c"
