layer at (0,0) size 800x600
  LayoutView at (0,0) size 800x600
layer at (0,0) size 800x430
  LayoutBlockFlow {HTML} at (0,0) size 800x430
    LayoutBlockFlow {BODY} at (8,8) size 784x414
      LayoutBlockFlow {DIV} at (0,0) size 784x226 [border: (10px dotted #0000FF)]
        LayoutTable {TABLE} at (10,10) size 322x206 [border: (5px solid #FF0000)]
          LayoutTableSection {TBODY} at (5,5) size 312x176
            LayoutTableRow {TR} at (0,0) size 312x42
              LayoutTableCell {TD} at (0,0) size 312x42 [border: (5px solid #008000)] [r=0 c=0 rs=1 cs=1]
                LayoutText {#text} at (6,6) size 35x19
                  text run at (6,6) width 35: "Hello"
            LayoutTableRow {TR} at (0,42) size 312x62
              LayoutTableCell {TD} at (0,42) size 312x62 [border: (15px solid #0000FF)] [r=1 c=0 rs=1 cs=1]
                LayoutText {#text} at (16,16) size 59x19
                  text run at (16,16) width 59: "Goodbye"
            LayoutTableRow {TR} at (0,104) size 312x72
              LayoutTableCell {TD} at (0,104) size 312x72 [border: (25px solid #FF0000)] [r=2 c=0 rs=1 cs=1]
                LayoutText {#text} at (26,26) size 59x19
                  text run at (26,26) width 59: "Goodbye"
      LayoutBlockFlow {DIV} at (0,386) size 784x28 [border: (1px solid #008000)]
        LayoutTable {TABLE} at (1,1) size 32x26 [border: (1px none #808080)]
          LayoutTableSection {TBODY} at (1,1) size 30x24
            LayoutTableRow {TR} at (0,0) size 30x24
              LayoutTableCell {TD} at (0,0) size 30x24 [border: (1px solid #000000)] [r=0 c=0 rs=1 cs=1]
                LayoutText {#text} at (2,2) size 26x19
                  text run at (2,2) width 26: "Test"
