layer at (0,0) size 800x600
  LayoutView at (0,0) size 800x600
layer at (0,0) size 800x390
  LayoutBlockFlow {HTML} at (0,0) size 800x390
    LayoutBlockFlow {BODY} at (8,16) size 784x342
      LayoutBlockFlow {P} at (0,0) size 784x40
        LayoutText {#text} at (0,0) size 201x19
          text run at (0,0) width 201: "The black border below should "
        LayoutInline {I} at (0,0) size 20x19
          LayoutText {#text} at (201,0) size 20x19
            text run at (201,0) width 20: "not"
        LayoutText {#text} at (221,0) size 746x39
          text run at (221,0) width 212: " cut through the top left corner of "
          text run at (433,0) width 313: "the blue border. It would cut through with our old"
          text run at (0,20) width 87: "behavior, but "
        LayoutInline {A} at (0,0) size 23x19 [color=#0000EE]
          LayoutText {#text} at (86,20) size 23x19
            text run at (86,20) width 23: "this"
        LayoutText {#text} at (108,20) size 308x19
          text run at (108,20) width 5: " "
          text run at (112,20) width 304: "bug fix changed our behavior to match the spec."
      LayoutBlockFlow {DIV} at (32,72) size 720x270 [border: (1px solid #0000FF)]
        LayoutTable {DIV} at (1,1) size 115x220 [border: (10px none #000000)]
          LayoutTableSection (anonymous) at (1,10) size 104x200
            LayoutTableRow {P} at (0,0) size 104x100
              LayoutTableCell {SPAN} at (0,0) size 52x11 [border: (1px solid #000000)] [r=0 c=0 rs=1 cs=1]
              LayoutTableCell {SPAN} at (52,0) size 52x68 [border: (10px solid #000000)] [r=0 c=1 rs=1 cs=1]
            LayoutTableRow {P} at (0,100) size 104x100 [border: (1px solid #0000FF)]
              LayoutTableCell {SPAN} at (0,100) size 52x20 [border: (10px solid #000000)] [r=1 c=0 rs=1 cs=1]
              LayoutTableCell {SPAN} at (52,100) size 52x68 [border: (10px solid #000000)] [r=1 c=1 rs=1 cs=1]
