layer at (0,0) size 800x600
  LayoutView at (0,0) size 800x600
layer at (390,0) size 410x600
  LayoutBlockFlow {HTML} at (0,0) size 410x600
    LayoutBlockFlow {BODY} at (16,8) size 362x584
      LayoutBlockFlow {P} at (0,0) size 60x584
        LayoutText {#text} at (0,0) size 19x201
          text run at (0,0) width 201: "The black border below should "
        LayoutInline {I} at (0,0) size 19x20
          LayoutText {#text} at (0,201) size 19x20
            text run at (0,201) width 20: "not"
        LayoutText {#text} at (0,221) size 39x545
          text run at (0,221) width 212: " cut through the top left corner of "
          text run at (0,433) width 112: "the blue border. It"
          text run at (20,0) width 288: "would cut through with our old behavior, but "
        LayoutInline {A} at (0,0) size 19x23 [color=#0000EE]
          LayoutText {#text} at (20,287) size 19x23
            text run at (20,287) width 22: "this"
        LayoutText {#text} at (20,309) size 39x581
          text run at (20,309) width 4: " "
          text run at (20,313) width 267: "bug fix changed our behavior to match the"
          text run at (40,0) width 32: "spec."
      LayoutBlockFlow {DIV} at (92,32) size 270x520 [border: (1px solid #0000FF)]
        LayoutTable {DIV} at (1,1) size 220x115 [border: (1px none #000000)]
          LayoutTableSection (anonymous) at (10,1) size 200x104
            LayoutTableRow {P} at (0,0) size 100x104
              LayoutTableCell {SPAN} at (0,0) size 100x-37 [border: (1px solid #000000)] [r=0 c=0 rs=1 cs=1]
              LayoutTableCell {SPAN} at (0,52) size 100x20 [border: (10px solid #000000)] [r=0 c=1 rs=1 cs=1]
            LayoutTableRow {P} at (100,0) size 100x104 [border: (1px solid #0000FF)]
              LayoutTableCell {SPAN} at (100,0) size 100x-28 [border: (10px solid #000000)] [r=1 c=0 rs=1 cs=1]
              LayoutTableCell {SPAN} at (100,52) size 100x20 [border: (10px solid #000000)] [r=1 c=1 rs=1 cs=1]
