layer at (0,0) size 800x600 scrollWidth 1616 scrollHeight 913
  LayoutView at (0,0) size 800x600
layer at (0,0) size 800x913 backgroundClip at (0,0) size 800x600 clip at (0,0) size 800x600
  LayoutBlockFlow {HTML} at (0,0) size 800x912.88
    LayoutBlockFlow {BODY} at (8,21.44) size 784x883.44
      LayoutBlockFlow {H1} at (0,0) size 784x37
        LayoutText {#text} at (0,0) size 288x36
          text run at (0,0) width 288: "Table Border Models"
      LayoutBlockFlow {P} at (0,58.44) size 784x20
        LayoutText {#text} at (0,0) size 117x19
          text run at (0,0) width 117: "This tests tests the "
        LayoutInline {A} at (0,0) size 208x19 [color=#0000EE]
          LayoutText {#text} at (117,0) size 208x19
            text run at (117,0) width 208: "CSS2 spec rules on table borders"
        LayoutText {#text} at (325,0) size 180x19
          text run at (325,0) width 8: ". "
          text run at (333,0) width 172: "The styles applied here are:"
      LayoutBlockFlow {PRE} at (0,94.44) size 784x192
        LayoutText {#text} at (0,0) size 688x192
          text run at (0,0) width 408: "TABLE   { margin: 1em; border: medium solid blue; }"
          text run at (408,0) width 0: " "
          text run at (0,16) width 376: "TD  { border: thin solid green; padding: 5px; }"
          text run at (376,16) width 0: " "
          text run at (0,32) width 392: "TH { border: medium solid purple; padding: 5px; }"
          text run at (392,32) width 0: " "
          text run at (0,48) width 360: "TABLE.one, TABLE.two { border-spacing: 1em; }"
          text run at (360,48) width 0: " "
          text run at (0,64) width 320: "TABLE.one { border-collapse: collapse; }"
          text run at (320,64) width 0: " "
          text run at (0,80) width 320: "TABLE.two { border-collapse: separate; }"
          text run at (320,80) width 0: " "
          text run at (0,96) width 536: "TABLE.three { border-collapse: separate; border-spacing: 0 0.5em; }"
          text run at (536,96) width 0: " "
          text run at (0,112) width 528: "TABLE.four { border-collapse: separate; border-spacing: 0.5em 0; }"
          text run at (528,112) width 0: " "
          text run at (0,128) width 328: "TABLE.five { border-collapse: separate; }"
          text run at (328,128) width 0: " "
          text run at (0,144) width 464: "TABLE.five, TABLE.five TD, TABLE.five TH { border: none; }"
          text run at (464,144) width 0: " "
          text run at (0,160) width 688: "TABLE.five TR, TABLE.five COL, TABLE.five COLGROUP, TABLE.five TBODY, TABLE.five THEAD"
          text run at (688,160) width 0: " "
          text run at (0,176) width 264: "    { border: medium solid red; }"
          text run at (264,176) width 0: " "
      LayoutBlockFlow {DIV} at (0,299.44) size 1608x584
        LayoutTable {TABLE} at (16,16) size 260x552 [border: (1px solid #0000FF)]
          LayoutTableSection {TBODY} at (1,1) size 257x549
            LayoutTableRow {TR} at (0,0) size 33x549
              LayoutTableCell {TH} at (0,0) size 33x184 [border: (2px solid #800080)] [r=0 c=0 rs=1 cs=1]
                LayoutText {#text} at (6,51) size 19x83
                  text run at (6,51) width 82: "Header One"
              LayoutTableCell {TH} at (0,184) size 33x173 [border: (2px solid #800080)] [r=0 c=1 rs=1 cs=1]
                LayoutText {#text} at (6,45) size 19x84
                  text run at (6,45) width 84: "Header Two"
              LayoutTableCell {TH} at (0,357) size 33x192 [border: (2px solid #800080)] [r=0 c=2 rs=1 cs=1]
                LayoutText {#text} at (6,49) size 19x95
                  text run at (6,49) width 95: "Header Three"
            LayoutTableRow {TR} at (33,0) size 112x549
              LayoutTableCell {TD} at (33,30) size 112x124 [border: (2px solid #008000)] [r=1 c=0 rs=1 cs=1]
                LayoutText {#text} at (36,-23) size 39x157
                  text run at (36,-23) width 116: "This table uses the"
                  text run at (56,-23) width 157: "collapsed borders model."
              LayoutTableCell {TD} at (33,204) size 112x133 [border: (1px solid #008000)] [r=1 c=1 rs=1 cs=1]
                LayoutText {#text} at (26,-14) size 59x158
                  text run at (26,-14) width 158: "This means that elements"
                  text run at (46,-14) width 143: "within the cell have no"
                  text run at (66,-14) width 98: "border-spacing."
              LayoutTableCell {TD} at (33,357) size 112x192 [border: (1px solid #008000)] [r=1 c=2 rs=1 cs=1]
                LayoutText {#text} at (6,6) size 99x168
                  text run at (6,6) width 135: "Since it has collapsed"
                  text run at (26,6) width 168: "borders, the borders on the"
                  text run at (46,6) width 82: "header cells, "
                  text run at (46,88) width 74: "on all sides,"
                  text run at (66,6) width 150: "should be medium solid"
                  text run at (86,6) width 44: "purple."
            LayoutTableRow {TR} at (145,0) size 112x549
              LayoutTableCell {TD} at (145,0) size 112x184 [border: (2px solid #008000)] [r=2 c=0 rs=1 cs=1]
                LayoutText {#text} at (5,7) size 99x153
                  text run at (5,7) width 144: "The border of the table"
                  text run at (25,7) width 150: "itself should be medium"
                  text run at (45,7) width 114: "solid blue, except "
                  text run at (45,121) width 39: "where"
                  text run at (65,7) width 153: "header cells override the"
                  text run at (85,7) width 45: "border."
              LayoutTableCell {TD} at (145,184) size 112x173 [border: (1px solid #008000)] [r=2 c=1 rs=1 cs=1]
                LayoutText {#text} at (5,6) size 99x161
                  text run at (5,6) width 161: "The borders that I haven't"
                  text run at (25,6) width 140: "already mentioned (all"
                  text run at (45,6) width 110: "the other internal "
                  text run at (45,116) width 34: "ones)"
                  text run at (65,6) width 123: "should be thin solid"
                  text run at (85,6) width 39: "green."
              LayoutTableCell {TD} at (145,357) size 112x192 [border: (1px solid #008000)] [r=2 c=2 rs=1 cs=1]
                LayoutText {#text} at (5,6) size 79x153
                  text run at (5,6) width 153: "This table should have a"
                  text run at (25,6) width 142: "1em margin around all"
                  text run at (45,6) width 44: "edges. "
                  text run at (45,50) width 80: "This margin "
                  text run at (45,129) width 10: "is"
                  text run at (65,6) width 121: "measured from the "
                LayoutInline {EM} at (0,0) size 19x43
                  LayoutText {#text} at (65,127) size 19x43
                    text run at (65,127) width 43: "middle"
                LayoutText {#text} at (85,6) size 19x80
                  text run at (85,6) width 80: "of its border."
        LayoutTable {TABLE} at (292,16) size 310x552 [border: (3px solid #0000FF)]
          LayoutTableSection {TBODY} at (3,3) size 304x546
            LayoutTableRow {TR} at (16,0) size 36x546
              LayoutTableCell {TH} at (16,16) size 36x117 [border: (3px solid #800080)] [r=0 c=0 rs=1 cs=1]
                LayoutText {#text} at (8,17) size 19x83
                  text run at (8,17) width 82: "Header One"
              LayoutTableCell {TH} at (16,149) size 36x139 [border: (3px solid #800080)] [r=0 c=1 rs=1 cs=1]
                LayoutText {#text} at (8,27) size 19x85
                  text run at (8,27) width 84: "Header Two"
              LayoutTableCell {TH} at (16,304) size 36x226 [border: (3px solid #800080)] [r=0 c=2 rs=1 cs=1]
                LayoutText {#text} at (8,65) size 19x96
                  text run at (8,65) width 95: "Header Three"
            LayoutTableRow {TR} at (68,0) size 92x546
              LayoutTableCell {TD} at (68,26) size 92x97 [border: (1px solid #008000)] [r=1 c=0 rs=1 cs=1]
                LayoutText {#text} at (16,-4) size 59x94
                  text run at (16,-4) width 93: "This table uses"
                  text run at (36,-4) width 82: "the separated"
                  text run at (56,-4) width 94: "borders model."
              LayoutTableCell {TD} at (68,149) size 92x139 [border: (1px solid #008000)] [r=1 c=1 rs=1 cs=1]
                LayoutText {#text} at (6,6) size 79x122
                  text run at (6,6) width 99: "This means that"
                  text run at (26,6) width 122: "elements within the"
                  text run at (46,6) width 106: "cell have border-"
                  text run at (66,6) width 100: "spacing of 1em."
              LayoutTableCell {TD} at (68,314) size 92x206 [border: (1px solid #008000)] [r=1 c=2 rs=1 cs=1]
                LayoutText {#text} at (16,-4) size 59x201
                  text run at (16,-4) width 201: "The borders on the header cells,"
                  text run at (36,-4) width 194: "on all sides, should be medium"
                  text run at (56,-4) width 78: "solid purple."
            LayoutTableRow {TR} at (176,0) size 112x546
              LayoutTableCell {TD} at (176,16) size 112x117 [border: (1px solid #008000)] [r=2 c=0 rs=1 cs=1]
                LayoutText {#text} at (6,6) size 99x87
                  text run at (6,6) width 87: "The border of"
                  text run at (26,6) width 87: "the table itself"
                  text run at (46,6) width 61: "should be"
                  text run at (66,6) width 85: "medium solid"
                  text run at (86,6) width 31: "blue."
              LayoutTableCell {TD} at (176,169) size 112x99 [border: (1px solid #008000)] [r=2 c=1 rs=1 cs=1]
                LayoutText {#text} at (26,-14) size 59x120
                  text run at (26,-14) width 93: "The borders of"
                  text run at (46,-14) width 110: "other cells should"
                  text run at (66,-14) width 120: "be thin solid green."
              LayoutTableCell {TD} at (176,314) size 112x206 [border: (1px solid #008000)] [r=2 c=2 rs=1 cs=1]
                LayoutText {#text} at (16,-4) size 59x187
                  text run at (16,-4) width 184: "This table should have a 1em"
                  text run at (36,-4) width 159: "margin around all edges. "
                  text run at (36,154) width 28: "This"
                  text run at (56,-4) width 48: "margin "
                  text run at (56,43) width 131: "is measured from the"
                LayoutInline {EM} at (0,0) size 19x67
                  LayoutText {#text} at (76,-4) size 19x67
                    text run at (76,-4) width 67: "outer edge"
                LayoutText {#text} at (76,63) size 19x84
                  text run at (76,63) width 84: " of its border."
        LayoutTable {TABLE} at (618,16) size 338x552 [border: (3px solid #0000FF)]
          LayoutTableSection {TBODY} at (3,3) size 332x546
            LayoutTableRow {TR} at (8,0) size 36x546
              LayoutTableCell {TH} at (8,0) size 36x141 [border: (3px solid #800080)] [r=0 c=0 rs=1 cs=1]
                LayoutText {#text} at (8,29) size 19x83
                  text run at (8,29) width 82: "Header One"
              LayoutTableCell {TH} at (8,141) size 36x199 [border: (3px solid #800080)] [r=0 c=1 rs=1 cs=1]
                LayoutText {#text} at (8,57) size 19x85
                  text run at (8,57) width 84: "Header Two"
              LayoutTableCell {TH} at (8,340) size 36x206 [border: (3px solid #800080)] [r=0 c=2 rs=1 cs=1]
                LayoutText {#text} at (8,55) size 19x96
                  text run at (8,55) width 95: "Header Three"
            LayoutTableRow {TR} at (52,0) size 132x546
              LayoutTableCell {TD} at (52,30) size 132x81 [border: (1px solid #008000)] [r=1 c=0 rs=1 cs=1]
                LayoutText {#text} at (36,-24) size 59x116
                  text run at (36,-24) width 116: "This table uses the"
                  text run at (56,-24) width 110: "separated borders"
                  text run at (76,-24) width 43: "model."
              LayoutTableCell {TD} at (52,141) size 132x199 [border: (1px solid #008000)] [r=1 c=1 rs=1 cs=1]
                LayoutText {#text} at (6,6) size 119x185
                  text run at (6,6) width 185: "Elements within the cell have"
                  text run at (26,6) width 161: "horizontal border-spacing"
                  text run at (46,6) width 89: "(i.e., width of "
                  text run at (46,95) width 84: "vertical lines)"
                  text run at (66,6) width 106: "of 0 and vertical "
                  text run at (66,112) width 46: "border-"
                  text run at (86,6) width 140: "spacing (i.e., height of"
                  text run at (106,6) width 165: "horizontal lines) of 0.5em."
              LayoutTableCell {TD} at (52,370) size 132x146 [border: (1px solid #008000)] [r=1 c=2 rs=1 cs=1]
                LayoutText {#text} at (36,-24) size 59x175
                  text run at (36,-24) width 165: "The borders on the header"
                  text run at (56,-24) width 36: "cells, "
                  text run at (56,12) width 139: "on all sides, should be"
                  text run at (76,-24) width 133: "medium solid purple."
            LayoutTableRow {TR} at (192,0) size 132x546
              LayoutTableCell {TD} at (192,0) size 132x141 [border: (1px solid #008000)] [r=2 c=0 rs=1 cs=1]
                LayoutText {#text} at (6,6) size 119x129
                  text run at (6,6) width 110: "The border of the"
                  text run at (26,6) width 129: "table itself should be"
                  text run at (46,6) width 120: "medium solid blue."
                  text run at (66,6) width 129: "The borders of other"
                  text run at (86,6) width 121: "cells should be thin"
                  text run at (106,6) width 73: "solid green."
              LayoutTableCell {TD} at (192,161) size 132x159 [border: (1px solid #008000)] [r=2 c=1 rs=1 cs=1]
                LayoutText {#text} at (26,-14) size 59x187
                  text run at (26,-14) width 184: "This table should have a 1em"
                  text run at (46,-14) width 159: "margin around all edges. "
                  text run at (46,144) width 28: "This"
                  text run at (66,-14) width 48: "margin "
                  text run at (66,33) width 131: "is measured from the"
                LayoutInline {EM} at (0,0) size 19x67
                  LayoutText {#text} at (86,-14) size 19x67
                    text run at (86,-14) width 67: "outer edge"
                LayoutText {#text} at (86,53) size 19x84
                  text run at (86,53) width 84: " of its border."
              LayoutTableCell {TD} at (192,340) size 132x206 [border: (1px solid #008000)] [r=2 c=2 rs=1 cs=1]
                LayoutText {#text} at (6,6) size 119x192
                  text run at (6,6) width 188: "The table should not be wider"
                  text run at (26,6) width 181: "than the room available for it"
                  text run at (46,6) width 43: "unless "
                  text run at (46,49) width 149: "that space is very small."
                  text run at (66,6) width 169: "Because of its margins, the"
                  text run at (86,6) width 80: "width of the "
                  text run at (86,86) width 95: "table should be"
                  text run at (106,6) width 99: "less than 100%."
        LayoutTable {TABLE} at (972,16) size 306x552 [border: (3px solid #0000FF)]
          LayoutTableSection {TBODY} at (3,3) size 300x546
            LayoutTableRow {TR} at (0,0) size 36x546
              LayoutTableCell {TH} at (0,8) size 36x148 [border: (3px solid #800080)] [r=0 c=0 rs=1 cs=1]
                LayoutText {#text} at (8,33) size 19x82
                  text run at (8,33) width 82: "Header One"
              LayoutTableCell {TH} at (0,164) size 36x150 [border: (3px solid #800080)] [r=0 c=1 rs=1 cs=1]
                LayoutText {#text} at (8,33) size 19x84
                  text run at (8,33) width 84: "Header Two"
              LayoutTableCell {TH} at (0,322) size 36x216 [border: (3px solid #800080)] [r=0 c=2 rs=1 cs=1]
                LayoutText {#text} at (8,60) size 19x96
                  text run at (8,60) width 95: "Header Three"
            LayoutTableRow {TR} at (36,0) size 112x546
              LayoutTableCell {TD} at (36,28) size 112x108 [border: (1px solid #008000)] [r=1 c=0 rs=1 cs=1]
                LayoutText {#text} at (26,-14) size 59x116
                  text run at (26,-14) width 116: "This table uses the"
                  text run at (46,-14) width 110: "separated borders"
                  text run at (66,-14) width 43: "model."
              LayoutTableCell {TD} at (36,164) size 112x150 [border: (1px solid #008000)] [r=1 c=1 rs=1 cs=1]
                LayoutText {#text} at (6,6) size 99x127
                  text run at (6,6) width 125: "Elements within the"
                  text run at (26,6) width 123: "cell have horizontal"
                  text run at (46,6) width 111: "border-spacing of"
                  text run at (66,6) width 116: "0.5em and vertical"
                  text run at (86,6) width 127: "border-spacing of 0."
              LayoutTableCell {TD} at (36,342) size 112x176 [border: (1px solid #008000)] [r=1 c=2 rs=1 cs=1]
                LayoutText {#text} at (26,-14) size 59x201
                  text run at (26,-14) width 201: "The borders on the header cells,"
                  text run at (46,-14) width 194: "on all sides, should be medium"
                  text run at (66,-14) width 78: "solid purple."
            LayoutTableRow {TR} at (148,0) size 152x546
              LayoutTableCell {TD} at (148,18) size 152x128 [border: (1px solid #008000)] [r=2 c=0 rs=1 cs=1]
                LayoutText {#text} at (16,-4) size 119x129
                  text run at (16,-4) width 110: "The border of the"
                  text run at (36,-4) width 129: "table itself should be"
                  text run at (56,-4) width 120: "medium solid blue."
                  text run at (76,-4) width 129: "The borders of other"
                  text run at (96,-4) width 121: "cells should be thin"
                  text run at (116,-4) width 73: "solid green."
              LayoutTableCell {TD} at (148,164) size 152x150 [border: (1px solid #008000)] [r=2 c=1 rs=1 cs=1]
                LayoutText {#text} at (6,6) size 99x120
                  text run at (6,6) width 108: "This table should"
                  text run at (26,6) width 120: "have a 1em margin"
                  text run at (46,6) width 107: "around all edges."
                  text run at (66,6) width 80: "This margin "
                  text run at (66,85) width 10: "is"
                  text run at (86,6) width 117: "measured from the"
                LayoutInline {EM} at (0,0) size 19x67
                  LayoutText {#text} at (106,6) size 19x67
                    text run at (106,6) width 67: "outer edge"
                LayoutText {#text} at (106,73) size 39x102
                  text run at (106,73) width 35: " of its"
                  text run at (126,6) width 45: "border."
              LayoutTableCell {TD} at (148,332) size 152x196 [border: (1px solid #008000)] [r=2 c=2 rs=1 cs=1]
                LayoutText {#text} at (16,-4) size 119x202
                  text run at (16,-4) width 188: "The table should not be wider"
                  text run at (36,-4) width 181: "than the room available for it"
                  text run at (56,-4) width 43: "unless "
                  text run at (56,39) width 149: "that space is very small."
                  text run at (76,-4) width 169: "Because of its margins, the"
                  text run at (96,-4) width 80: "width of the "
                  text run at (96,76) width 122: "table should be less"
                  text run at (116,-4) width 72: "than 100%."
        LayoutTable {TABLE} at (1294,16) size 298x552
          LayoutBlockFlow {CAPTION} at (0,0) size 20x552
            LayoutText {#text} at (0,216) size 19x120
              text run at (0,216) width 119: "This is the caption."
          LayoutTableCol {COLGROUP} at (0,0) size 0x0 [border: (3px solid #FF0000)]
            LayoutTableCol {COL} at (0,0) size 0x0 [border: (3px solid #FF0000)]
          LayoutTableCol {COLGROUP} at (0,0) size 0x0 [border: (3px solid #FF0000)]
            LayoutTableCol {COL} at (0,0) size 0x0 [border: (3px solid #FF0000)]
            LayoutTableCol {COL} at (0,0) size 0x0 [border: (3px solid #FF0000)]
          LayoutTableSection {THEAD} at (20,0) size 54x552 [border: (3px solid #FF0000)]
            LayoutTableRow {TR} at (2,0) size 50x552 [border: (3px solid #FF0000)]
              LayoutTableCell {TH} at (2,2) size 50x89 [r=0 c=0 rs=1 cs=1]
                LayoutText {#text} at (5,19) size 39x51
                  text run at (5,19) width 50: "Header"
                  text run at (25,30) width 28: "One"
              LayoutTableCell {TH} at (2,103) size 50x219 [r=0 c=1 rs=1 cs=1]
                LayoutText {#text} at (15,67) size 19x85
                  text run at (15,67) width 84: "Header Two"
              LayoutTableCell {TH} at (2,344) size 50x196 [r=0 c=2 rs=1 cs=1]
                LayoutText {#text} at (15,50) size 19x96
                  text run at (15,50) width 95: "Header Three"
          LayoutTableSection {TBODY} at (74,0) size 224x552 [border: (3px solid #FF0000)]
            LayoutTableRow {TR} at (0,0) size 110x552 [border: (3px solid #FF0000)]
              LayoutTableCell {TD} at (0,2) size 110x89 [r=0 c=0 rs=1 cs=1]
                LayoutText {#text} at (5,5) size 99x62
                  text run at (5,5) width 62: "This table"
                  text run at (25,5) width 50: "uses the"
                  text run at (45,5) width 59: "separated"
                  text run at (65,5) width 47: "borders"
                  text run at (85,5) width 43: "model."
              LayoutTableCell {TD} at (0,113) size 110x199 [r=0 c=1 rs=1 cs=1]
                LayoutText {#text} at (25,-15) size 59x227
                  text run at (25,-15) width 227: "This means that borders are allowed"
                  text run at (45,-15) width 196: "only on table elements or table "
                  text run at (45,181) width 22: "cell"
                  text run at (65,-15) width 59: "elements."
              LayoutTableCell {TD} at (0,344) size 110x196 [r=0 c=2 rs=1 cs=1]
                LayoutText {#text} at (15,-5) size 79x182
                  text run at (15,-5) width 154: "They are not allowed on"
                  text run at (35,-5) width 182: "elements that represent rows,"
                  text run at (55,-5) width 155: "row-groups, columns, or"
                  text run at (75,-5) width 99: "column-groups."
            LayoutTableRow {TR} at (112,0) size 110x552 [border: (3px solid #FF0000)]
              LayoutTableCell {TD} at (112,2) size 110x89 [r=1 c=0 rs=1 cs=1]
                LayoutText {#text} at (5,5) size 99x76
                  text run at (5,5) width 37: "There"
                  text run at (25,5) width 61: "should be"
                  text run at (45,5) width 67: "no borders"
                  text run at (65,5) width 76: "at all on this"
                  text run at (85,5) width 35: "table!"
              LayoutTableCell {TD} at (112,103) size 110x219 [r=1 c=1 rs=1 cs=1]
                LayoutText {#text} at (15,-5) size 79x219
                  text run at (15,-5) width 219: "If there are any borders shown that"
                  text run at (35,-5) width 195: "are not medium solid red, then "
                  text run at (35,190) width 19: "the"
                  text run at (55,-5) width 202: "problem is something other than"
                  text run at (75,-5) width 145: "what this test is testing."
              LayoutTableCell {TD} at (112,344) size 110x196 [r=1 c=2 rs=1 cs=1]
                LayoutText {#text} at (15,-5) size 59x187
                  text run at (15,-5) width 184: "This table should have a 1em"
                  text run at (35,-5) width 159: "margin around all edges. "
                  text run at (35,153) width 28: "This"
                  text run at (55,-5) width 48: "margin "
                  text run at (55,42) width 131: "is measured from the"
                LayoutInline {EM} at (0,0) size 19x67
                  LayoutText {#text} at (75,-5) size 19x67
                    text run at (75,-5) width 67: "outer edge"
                LayoutText {#text} at (75,62) size 19x84
                  text run at (75,62) width 84: " of its border."
