layer at (0,0) size 800x600
  LayoutView at (0,0) size 800x600
layer at (0,0) size 800x600
  LayoutBlockFlow {HTML} at (0,0) size 800x600
    LayoutBlockFlow {BODY} at (8,8) size 784x584
      LayoutText {#text} at (0,0) size 781x36
        text run at (0,0) width 781: "This tests that you can successfully add a DOMSubtreeModified event listener to a link element, and the page should load"
        text run at (0,18) width 112: "without crashing."
