layer at (0,0) size 800x600
  LayoutView at (0,0) size 800x600
layer at (0,0) size 800x600
  LayoutBlockFlow {HTML} at (0,0) size 800x600
    LayoutBlockFlow {BODY} at (8,8) size 784x584
      LayoutText {#text} at (0,0) size 610x18
        text run at (0,0) width 610: "The label attribute appears, but is missing the equals value piece, so the containing text is used."
      LayoutBR {BR} at (609,14) size 1x0
      LayoutMenuList {SELECT} at (0,18) size 447x18 [bgcolor=#F8F8F8]
        LayoutBlockFlow (anonymous) at (0,0) size 447x18
          LayoutText (anonymous) at (8,2) size 416x13
            text run at (8,2) width 416: "the label attribute is mentioned but no value is specified; this text should appear"
      LayoutText {#text} at (0,0) size 0x0
