layer at (0,0) size 800x600
  LayoutView at (0,0) size 800x600
layer at (0,0) size 800x550
  LayoutBlockFlow {HTML} at (0,0) size 800x549.75
    LayoutBlockFlow {BODY} at (8,8) size 784x533.75
      LayoutText {#text} at (41,48) size 5x19
        text run at (41,48) width 5: " "
      LayoutText {#text} at (116,48) size 5x19
        text run at (116,48) width 5: " "
      LayoutText {#text} at (162,48) size 5x19
        text run at (162,48) width 5: " "
      LayoutText {#text} at (223,48) size 5x19
        text run at (223,48) width 5: " "
      LayoutText {#text} at (276,48) size 5x19
        text run at (276,48) width 5: " "
      LayoutText {#text} at (329,48) size 5x19
        text run at (329,48) width 5: " "
      LayoutText {#text} at (382,48) size 5x19
        text run at (382,48) width 5: " "
      LayoutBR {BR} at (386,48) size 1x19
      LayoutText {#text} at (45,119) size 5x19
        text run at (45,119) width 5: " "
      LayoutText {#text} at (91,119) size 5x19
        text run at (91,119) width 5: " "
      LayoutBR {BR} at (95,119) size 1x19
      LayoutText {#text} at (41,186) size 5x19
        text run at (41,186) width 5: " "
      LayoutBR {BR} at (45,186) size 1x19
      LayoutText {#text} at (41,253) size 5x18
        text run at (41,253) width 5: " "
      LayoutBR {BR} at (45,253) size 1x18
      LayoutText {#text} at (48,382) size 5x19
        text run at (48,382) width 5: " "
      LayoutText {#text} at (106,382) size 5x19
        text run at (106,382) width 5: " "
      LayoutText {#text} at (169,382) size 5x19
        text run at (169,382) width 5: " "
      LayoutText {#text} at (233,382) size 5x19
        text run at (233,382) width 5: " "
      LayoutBR {BR} at (0,0) size 0x0
      LayoutText {#text} at (56,515) size 5x19
        text run at (56,515) width 5: " "
      LayoutText {#text} at (130,515) size 5x19
        text run at (130,515) width 5: " "
      LayoutBR {BR} at (134,515) size 1x19
layer at (12,12) size 34x59 clip at (13,13) size 21x57
  LayoutListBox {SELECT} at (4,4) size 33.94x58.75 [bgcolor=#FFFFFF] [border: (1px solid #999999)]
    LayoutBlockFlow {OPTION} at (1,1) size 20.94x14.19
      LayoutText {#text} at (2,0) size 17x13
        text run at (2,0) width 17: "foo"
layer at (58,12) size 63x59 clip at (59,13) size 50x57
  LayoutListBox {SELECT} at (49.94,4) size 62.61x58.75 [bgcolor=#FFFFFF] [border: (1px solid #999999)]
    LayoutBlockFlow {OPTION} at (1,1) size 49.61x14.19 [color=#FFFFFF] [bgcolor=#0069D9]
      LayoutText {#text} at (2,0) size 17x13
        text run at (2,0) width 17: "foo"
    LayoutBlockFlow {OPTION} at (1,15.19) size 49.61x14.19
      LayoutText {#text} at (2,0) size 18x13
        text run at (2,0) width 18: "bar"
    LayoutBlockFlow {OPTION} at (1,29.38) size 49.61x14.19 [color=#808080] [bgcolor=#D4D4D4]
      LayoutText {#text} at (2,0) size 46x13
        text run at (2,0) width 46: "Disabled"
layer at (133,12) size 34x59 clip at (134,13) size 21x57
  LayoutListBox {SELECT} at (124.55,4) size 34.22x58.75 [bgcolor=#FFFFFF] [border: (1px solid #999999)]
    LayoutBlockFlow {OPTION} at (1,1) size 21.22x14.19 [bgcolor=#D4D4D4]
      LayoutText {#text} at (2,0) size 17x13
        text run at (2,0) width 17: "foo"
    LayoutBlockFlow {OPTION} at (1,15.19) size 21.22x14.19 [color=#808080] [bgcolor=#D4D4D4]
      LayoutText {#text} at (2,0) size 18x13
        text run at (2,0) width 18: "bar"
layer at (179,12) size 48x59 clip at (180,13) size 35x57
  LayoutListBox {SELECT} at (170.77,4) size 48.64x58.75 [color=#7F7F7F] [bgcolor=#FFFFFF] [border: (1px solid #999999)]
    LayoutBlockFlow {OPTION} at (1,1) size 35.64x14.19 [color=#808080] [bgcolor=#D4D4D4]
      LayoutText {#text} at (2,0) size 17x13
        text run at (2,0) width 17: "foo"
    LayoutBlockFlow {OPTION} at (1,15.19) size 35.64x14.19
      LayoutText {#text} at (2,0) size 18x13
        text run at (2,0) width 18: "bar"
    LayoutBlockFlow {OPTGROUP} at (1,29.38) size 35.64x28.38
      LayoutBlockFlow {DIV} at (0,0) size 35.64x14.19
      LayoutBlockFlow {OPTION} at (0,14.19) size 35.64x14.19 [color=#808080] [bgcolor=#D4D4D4]
        LayoutInline {<pseudo:before>} at (0,0) size 13x13
          LayoutTextFragment (anonymous) at (2,0) size 13x13
            text run at (2,0) width 13: "    "
        LayoutText {#text} at (14,0) size 20x13
          text run at (14,0) width 20: "baz"
layer at (239,55) size 41x16 clip at (240,56) size 28x14 scrollHeight 56
  LayoutListBox {SELECT} at (231.41,46.56) size 41.08x16.19 [bgcolor=#FFFFFF] [border: (1px solid #999999)]
    LayoutBlockFlow {OPTION} at (1,1) size 28.08x14.19
      LayoutText {#text} at (2,0) size 22x13
        text run at (2,0) width 22: "foo1"
    LayoutBlockFlow {OPTION} at (1,15.19) size 28.08x14.19
      LayoutText {#text} at (2,0) size 24x13
        text run at (2,0) width 24: "foo2"
    LayoutBlockFlow {OPTION} at (1,29.38) size 28.08x14.19
      LayoutText {#text} at (2,0) size 24x13
        text run at (2,0) width 24: "foo3"
    LayoutBlockFlow {OPTION} at (1,43.56) size 28.08x14.19
      LayoutText {#text} at (2,0) size 25x13
        text run at (2,0) width 25: "foo4"
layer at (292,40) size 42x31 clip at (293,41) size 29x29 scrollHeight 57
  LayoutListBox {SELECT} at (284.48,32.38) size 41.08x30.38 [bgcolor=#FFFFFF] [border: (1px solid #999999)]
    LayoutBlockFlow {OPTION} at (1,1) size 28.08x14.19
      LayoutText {#text} at (2,0) size 22x13
        text run at (2,0) width 22: "foo1"
    LayoutBlockFlow {OPTION} at (1,15.19) size 28.08x14.19
      LayoutText {#text} at (2,0) size 24x13
        text run at (2,0) width 24: "foo2"
    LayoutBlockFlow {OPTION} at (1,29.38) size 28.08x14.19
      LayoutText {#text} at (2,0) size 24x13
        text run at (2,0) width 24: "foo3"
    LayoutBlockFlow {OPTION} at (1,43.56) size 28.08x14.19
      LayoutText {#text} at (2,0) size 25x13
        text run at (2,0) width 25: "foo4"
layer at (346,26) size 41x45 clip at (347,27) size 28x43 scrollHeight 57
  LayoutListBox {SELECT} at (337.56,18.19) size 41.08x44.56 [bgcolor=#FFFFFF] [border: (1px solid #999999)]
    LayoutBlockFlow {OPTION} at (1,1) size 28.08x14.19
      LayoutText {#text} at (2,0) size 22x13
        text run at (2,0) width 22: "foo1"
    LayoutBlockFlow {OPTION} at (1,15.19) size 28.08x14.19
      LayoutText {#text} at (2,0) size 24x13
        text run at (2,0) width 24: "foo2"
    LayoutBlockFlow {OPTION} at (1,29.38) size 28.08x14.19
      LayoutText {#text} at (2,0) size 24x13
        text run at (2,0) width 24: "foo3"
    LayoutBlockFlow {OPTION} at (1,43.56) size 28.08x14.19
      LayoutText {#text} at (2,0) size 25x13
        text run at (2,0) width 25: "foo4"
layer at (12,79) size 38x63 clip at (15,82) size 21x57
  LayoutListBox {SELECT} at (4,70.75) size 37.94x62.75 [bgcolor=#FFFFFF] [border: (3px solid #00FF00)]
    LayoutBlockFlow {OPTION} at (3,3) size 20.94x14.19
      LayoutText {#text} at (2,0) size 17x13
        text run at (2,0) width 17: "foo"
layer at (62,83) size 34x59 clip at (63,84) size 21x57
  LayoutListBox {SELECT} at (53.94,74.75) size 33.94x58.75 [bgcolor=#FFFFFF] [border: (1px solid #999999)]
    LayoutBlockFlow {OPTION} at (1,1) size 20.94x14.19
      LayoutText {#text} at (2,0) size 17x13
        text run at (2,0) width 17: "foo"
layer at (12,150) size 34x58 clip at (13,151) size 21x56
  LayoutListBox {SELECT} at (4,141.50) size 33.94x58.75 [border: (1px solid #999999)]
    LayoutBlockFlow {OPTION} at (1,1) size 20.94x14.19
      LayoutText {#text} at (2,0) size 17x13
        text run at (2,0) width 17: "foo"
layer at (12,216) size 34x59 clip at (13,217) size 21x57
  LayoutListBox {SELECT} at (4,208.25) size 33.94x58.75 [bgcolor=#FFFFFF] [border: (1px solid #999999)]
    LayoutBlockFlow {OPTION} at (1,1) size 20.94x14.19
      LayoutText {#text} at (2,0) size 17x13
        text run at (2,0) width 17: "foo"
layer at (12,321) size 40x83 clip at (13,322) size 27x81
  LayoutListBox {SELECT} at (4,313.44) size 40.41x82.75 [bgcolor=#FFFFFF] [border: (1px solid #999999)]
    LayoutBlockFlow {OPTION} at (1,1) size 27.41x20.19
      LayoutText {#text} at (2,0) size 24x18
        text run at (2,0) width 24: "foo"
layer at (64,302) size 46x102 clip at (65,303) size 33x100
  LayoutListBox {SELECT} at (56.41,294.19) size 45.70x102 [bgcolor=#FFFFFF] [border: (1px solid #999999)]
    LayoutBlockFlow {OPTION} at (1,1) size 32.70x25
      LayoutText {#text} at (2,0) size 29x23
        text run at (2,0) width 29: "foo"
layer at (122,283) size 51x121 clip at (123,284) size 38x119
  LayoutListBox {SELECT} at (114.11,275) size 51.19x121.19 [bgcolor=#FFFFFF] [border: (1px solid #999999)]
    LayoutBlockFlow {OPTION} at (1,1) size 38.19x29.80
      LayoutText {#text} at (2,0) size 35x28
        text run at (2,0) width 35: "foo"
layer at (185,283) size 52x121 clip at (186,284) size 39x119
  LayoutListBox {SELECT} at (177.30,275) size 51.86x121.19 [bgcolor=#FFFFFF] [border: (1px solid #999999)]
    LayoutBlockFlow {OPTION} at (1,1) size 38.86x20.19
      LayoutText {#text} at (2,0) size 24x18
        text run at (2,0) width 24: "foo"
    LayoutBlockFlow {OPTION} at (1,21.19) size 38.86x29.80
      LayoutText {#text} at (2,0) size 35x28
        text run at (2,0) width 35: "bar"
layer at (14,448) size 44x88 clip at (16,449) size 30x85
  LayoutListBox {SELECT} at (6,439.56) size 44.08x88.19 [bgcolor=#FFFFFF] [border: (1.50px solid #999999)]
    LayoutBlockFlow {OPTION} at (1.50,1.50) size 30.08x21.30
      LayoutText {#text} at (3,0) size 25x19
        text run at (3,0) width 25: "foo"
layer at (76,416) size 54x118 clip at (78,418) size 39x114
  LayoutListBox {SELECT} at (68.08,408.19) size 54.41x117.56 [bgcolor=#FFFFFF] [border: (2px solid #999999)]
    LayoutBlockFlow {OPTION} at (2,2) size 39.41x28.39
      LayoutText {#text} at (4,0) size 32x26
        text run at (4,0) width 32: "foo"
