layer at (0,0) size 800x600
  LayoutView at (0,0) size 800x600
layer at (0,0) size 800x408
  LayoutBlockFlow {HTML} at (0,0) size 800x408
    LayoutBlockFlow {BODY} at (8,8) size 784x392
      LayoutBlockFlow (anonymous) at (0,0) size 784x36
        LayoutText {#text} at (0,0) size 614x18
          text run at (0,0) width 614: "This test verifies the visual alignment of items in a select element while changing text direction."
        LayoutBR {BR} at (613,0) size 1x18
        LayoutText {#text} at (0,18) size 438x18
          text run at (0,18) width 438: "All the items in the following select elements should be left-aligned."
      LayoutTable {TABLE} at (0,36) size 642x100
        LayoutTableSection {TBODY} at (0,0) size 642x100
          LayoutTableRow {TR} at (0,2) size 642x47
            LayoutTableCell {TD} at (2,2) size 153x46.56 [r=0 c=0 rs=1 cs=1]
            LayoutTableCell {TD} at (157,2) size 163x46.56 [r=0 c=1 rs=1 cs=1]
            LayoutTableCell {TD} at (322,2) size 153x46.56 [r=0 c=2 rs=1 cs=1]
            LayoutTableCell {TD} at (477,2) size 163x46.56 [r=0 c=3 rs=1 cs=1]
          LayoutTableRow {TR} at (0,51) size 642x47
            LayoutTableCell {TD} at (2,51) size 153x46.56 [r=1 c=0 rs=1 cs=1]
            LayoutTableCell {TD} at (157,51) size 163x46.56 [r=1 c=1 rs=1 cs=1]
      LayoutBlockFlow (anonymous) at (0,136) size 784x18
        LayoutText {#text} at (0,0) size 447x18
          text run at (0,0) width 447: "All the items in the following select elements should be right-aligned."
      LayoutTable {TABLE} at (0,154) size 634x100
        LayoutTableSection {TBODY} at (0,0) size 634x100
          LayoutTableRow {TR} at (0,2) size 634x47
            LayoutTableCell {TD} at (2,2) size 161x46.56 [r=0 c=0 rs=1 cs=1]
            LayoutTableCell {TD} at (165,2) size 151x46.56 [r=0 c=1 rs=1 cs=1]
            LayoutTableCell {TD} at (318,2) size 161x46.56 [r=0 c=2 rs=1 cs=1]
            LayoutTableCell {TD} at (481,2) size 151x46.56 [r=0 c=3 rs=1 cs=1]
          LayoutTableRow {TR} at (0,51) size 634x47
            LayoutTableCell {TD} at (2,51) size 161x46.56 [r=1 c=0 rs=1 cs=1]
            LayoutTableCell {TD} at (165,51) size 151x46.56 [r=1 c=1 rs=1 cs=1]
      LayoutBlockFlow (anonymous) at (0,254) size 784x18
        LayoutText {#text} at (0,0) size 456x18
          text run at (0,0) width 456: "All the items in the following select elements should be center-aligned."
      LayoutTable {TABLE} at (0,272) size 672x51
        LayoutTableSection {TBODY} at (0,0) size 672x51
          LayoutTableRow {TR} at (0,2) size 672x47
            LayoutTableCell {TD} at (2,2) size 170x46.56 [r=0 c=0 rs=1 cs=1]
            LayoutTableCell {TD} at (174,2) size 161x46.56 [r=0 c=1 rs=1 cs=1]
            LayoutTableCell {TD} at (337,2) size 170x46.56 [r=0 c=2 rs=1 cs=1]
            LayoutTableCell {TD} at (509,2) size 161x46.56 [r=0 c=3 rs=1 cs=1]
      LayoutBlockFlow (anonymous) at (0,323) size 784x18
        LayoutText {#text} at (0,0) size 296x18
          text run at (0,0) width 296: "The following tables check mixed alignments."
      LayoutTable {TABLE} at (0,341) size 718x51
        LayoutTableSection {TBODY} at (0,0) size 718x51
          LayoutTableRow {TR} at (0,2) size 718x47
            LayoutTableCell {TD} at (2,2) size 165x46.56 [r=0 c=0 rs=1 cs=1]
            LayoutTableCell {TD} at (169,2) size 165x46.56 [r=0 c=1 rs=1 cs=1]
            LayoutTableCell {TD} at (336,2) size 189x46.56 [r=0 c=2 rs=1 cs=1]
            LayoutTableCell {TD} at (527,2) size 189x46.56 [r=0 c=3 rs=1 cs=1]
layer at (11,47) size 151x45 clip at (12,48) size 138x43
  LayoutListBox {SELECT} at (1,1) size 150.91x44.56 [bgcolor=#FFFFFF] [border: (1px solid #999999)]
    LayoutBlockFlow {OPTION} at (1,1) size 137.91x14.19
      LayoutText {#text} at (2,0) size 115x13
        text run at (2,0) width 115: "This is an English text"
    LayoutBlockFlow {OPTION} at (1,15.19) size 137.91x14.19
      LayoutText {#text} at (2,0) size 134x13
        text run at (2,0) width 134: "It needs to be left aligned"
    LayoutBlockFlow {OPTION} at (1,29.38) size 137.91x14.19
      LayoutText {#text} at (2,0) size 83x13
        text run at (2,0) width 83: "Some more text"
layer at (166,47) size 160x45 clip at (167,48) size 147x43
  LayoutListBox {SELECT} at (1,1) size 160.33x44.56 [bgcolor=#FFFFFF] [border: (1px solid #999999)]
    LayoutBlockFlow {OPTION} at (1,1) size 147.33x14.19
      LayoutText {#text} at (2,0) size 86x13
        text run at (2,0) width 86 RTL: "\x{5D6}\x{5D4} \x{5D8}\x{5E7}\x{5E1}\x{5D8} \x{5D1}\x{5E2}\x{5D1}\x{5E8}\x{5D9}\x{5EA}"
    LayoutBlockFlow {OPTION} at (1,15.19) size 147.33x14.19
      LayoutText {#text} at (2,0) size 144x13
        text run at (2,0) width 144 RTL: "\x{5D4}\x{5D5}\x{5D0} \x{5E6}\x{5E8}\x{5D9}\x{5DA} \x{5DC}\x{5D4}\x{5D9}\x{5D5}\x{5EA} \x{5DE}\x{5D9}\x{5D5}\x{5E9}\x{5E8} \x{5DC}\x{5E9}\x{5DE}\x{5D0}\x{5DC}"
    LayoutBlockFlow {OPTION} at (1,29.38) size 147.33x14.19
      LayoutText {#text} at (2,0) size 80x13
        text run at (2,0) width 80 RTL: "\x{5D9}\x{5E9}\x{5E8}\x{5D0}\x{5DC} \x{5DE}\x{5EA}\x{5D9}\x{5D9}\x{5D1}\x{5E9}\x{5EA}"
layer at (331,47) size 151x45 clip at (343,48) size 138x43
  LayoutListBox {SELECT} at (1,1) size 150.91x44.56 [bgcolor=#FFFFFF] [border: (1px solid #999999)]
    LayoutBlockFlow {OPTION} at (12,1) size 137.91x14.19
      LayoutText {#text} at (2,0) size 114x13
        text run at (2,0) width 114: "This is an English text"
    LayoutBlockFlow {OPTION} at (12,15.19) size 137.91x14.19
      LayoutText {#text} at (2,0) size 134x13
        text run at (2,0) width 134: "It needs to be left aligned"
    LayoutBlockFlow {OPTION} at (12,29.38) size 137.91x14.19
      LayoutText {#text} at (2,0) size 83x13
        text run at (2,0) width 83: "Some more text"
layer at (486,47) size 160x45 clip at (498,48) size 147x43
  LayoutListBox {SELECT} at (1,1) size 160.33x44.56 [bgcolor=#FFFFFF] [border: (1px solid #999999)]
    LayoutBlockFlow {OPTION} at (12,1) size 147.33x14.19
      LayoutText {#text} at (2,0) size 86x13
        text run at (2,0) width 86 RTL: "\x{5D6}\x{5D4} \x{5D8}\x{5E7}\x{5E1}\x{5D8} \x{5D1}\x{5E2}\x{5D1}\x{5E8}\x{5D9}\x{5EA}"
    LayoutBlockFlow {OPTION} at (12,15.19) size 147.33x14.19
      LayoutText {#text} at (2,0) size 144x13
        text run at (2,0) width 144 RTL: "\x{5D4}\x{5D5}\x{5D0} \x{5E6}\x{5E8}\x{5D9}\x{5DA} \x{5DC}\x{5D4}\x{5D9}\x{5D5}\x{5EA} \x{5DE}\x{5D9}\x{5D5}\x{5E9}\x{5E8} \x{5DC}\x{5E9}\x{5DE}\x{5D0}\x{5DC}"
    LayoutBlockFlow {OPTION} at (12,29.38) size 147.33x14.19
      LayoutText {#text} at (2,0) size 80x13
        text run at (2,0) width 80 RTL: "\x{5D9}\x{5E9}\x{5E8}\x{5D0}\x{5DC} \x{5DE}\x{5EA}\x{5D9}\x{5D9}\x{5D1}\x{5E9}\x{5EA}"
layer at (11,96) size 151x45 clip at (12,97) size 138x43
  LayoutListBox {SELECT} at (1,1) size 150.91x44.56 [bgcolor=#FFFFFF] [border: (1px solid #999999)]
    LayoutBlockFlow {OPTION} at (1,1) size 137.91x14.19
      LayoutText {#text} at (2,0) size 115x13
        text run at (2,0) width 115: "This is an English text"
    LayoutBlockFlow {OPTION} at (1,15.19) size 137.91x14.19
      LayoutText {#text} at (2,0) size 134x13
        text run at (2,0) width 134: "It needs to be left aligned"
    LayoutBlockFlow {OPTION} at (1,29.38) size 137.91x14.19
      LayoutText {#text} at (2,0) size 83x13
        text run at (2,0) width 83: "Some more text"
layer at (166,96) size 160x45 clip at (167,97) size 147x43
  LayoutListBox {SELECT} at (1,1) size 160.33x44.56 [bgcolor=#FFFFFF] [border: (1px solid #999999)]
    LayoutBlockFlow {OPTION} at (1,1) size 147.33x14.19
      LayoutText {#text} at (2,0) size 86x13
        text run at (2,0) width 86 RTL: "\x{5D6}\x{5D4} \x{5D8}\x{5E7}\x{5E1}\x{5D8} \x{5D1}\x{5E2}\x{5D1}\x{5E8}\x{5D9}\x{5EA}"
    LayoutBlockFlow {OPTION} at (1,15.19) size 147.33x14.19
      LayoutText {#text} at (2,0) size 144x13
        text run at (2,0) width 144 RTL: "\x{5D4}\x{5D5}\x{5D0} \x{5E6}\x{5E8}\x{5D9}\x{5DA} \x{5DC}\x{5D4}\x{5D9}\x{5D5}\x{5EA} \x{5DE}\x{5D9}\x{5D5}\x{5E9}\x{5E8} \x{5DC}\x{5E9}\x{5DE}\x{5D0}\x{5DC}"
    LayoutBlockFlow {OPTION} at (1,29.38) size 147.33x14.19
      LayoutText {#text} at (2,0) size 80x13
        text run at (2,0) width 80 RTL: "\x{5D9}\x{5E9}\x{5E8}\x{5D0}\x{5DC} \x{5DE}\x{5EA}\x{5D9}\x{5D9}\x{5D1}\x{5E9}\x{5EA}"
layer at (11,165) size 158x45 clip at (23,166) size 145x43
  LayoutListBox {SELECT} at (1,1) size 158.06x44.56 [bgcolor=#FFFFFF] [border: (1px solid #999999)]
    LayoutBlockFlow {OPTION} at (12,1) size 145.06x14.19
      LayoutText {#text} at (29,0) size 115x13
        text run at (29,0) width 115: "This is an English text"
    LayoutBlockFlow {OPTION} at (12,15.19) size 145.06x14.19
      LayoutText {#text} at (1,0) size 143x13
        text run at (1,0) width 143: "It needs to be right aligned"
    LayoutBlockFlow {OPTION} at (12,29.38) size 145.06x14.19
      LayoutText {#text} at (60,0) size 84x13
        text run at (60,0) width 84: "Some more text"
layer at (174,165) size 148x45 clip at (186,166) size 135x43
  LayoutListBox {SELECT} at (1,1) size 148.08x44.56 [bgcolor=#FFFFFF] [border: (1px solid #999999)]
    LayoutBlockFlow {OPTION} at (12,1) size 135.08x14.19
      LayoutText {#text} at (47,0) size 87x13
        text run at (47,0) width 87 RTL: "\x{5D6}\x{5D4} \x{5D8}\x{5E7}\x{5E1}\x{5D8} \x{5D1}\x{5E2}\x{5D1}\x{5E8}\x{5D9}\x{5EA}"
    LayoutBlockFlow {OPTION} at (12,15.19) size 135.08x14.19
      LayoutText {#text} at (2,0) size 132x13
        text run at (2,0) width 132 RTL: "\x{5D4}\x{5D5}\x{5D0} \x{5E6}\x{5E8}\x{5D9}\x{5DA} \x{5DC}\x{5D4}\x{5D9}\x{5D5}\x{5EA} \x{5DE}\x{5D9}\x{5D5}\x{5E9}\x{5E8} \x{5DC}\x{5D9}\x{5DE}\x{5D9}\x{5DF}"
    LayoutBlockFlow {OPTION} at (12,29.38) size 135.08x14.19
      LayoutText {#text} at (53,0) size 81x13
        text run at (53,0) width 81 RTL: "\x{5D9}\x{5E9}\x{5E8}\x{5D0}\x{5DC} \x{5DE}\x{5EA}\x{5D9}\x{5D9}\x{5D1}\x{5E9}\x{5EA}"
layer at (327,165) size 158x45 clip at (339,166) size 145x43
  LayoutListBox {SELECT} at (1,1) size 158.06x44.56 [bgcolor=#FFFFFF] [border: (1px solid #999999)]
    LayoutBlockFlow {OPTION} at (12,1) size 145.06x14.19
      LayoutText {#text} at (29,0) size 115x13
        text run at (29,0) width 115: "This is an English text"
    LayoutBlockFlow {OPTION} at (12,15.19) size 145.06x14.19
      LayoutText {#text} at (1,0) size 143x13
        text run at (1,0) width 143: "It needs to be right aligned"
    LayoutBlockFlow {OPTION} at (12,29.38) size 145.06x14.19
      LayoutText {#text} at (60,0) size 84x13
        text run at (60,0) width 84: "Some more text"
layer at (490,165) size 148x45 clip at (502,166) size 135x43
  LayoutListBox {SELECT} at (1,1) size 148.08x44.56 [bgcolor=#FFFFFF] [border: (1px solid #999999)]
    LayoutBlockFlow {OPTION} at (12,1) size 135.08x14.19
      LayoutText {#text} at (47,0) size 87x13
        text run at (47,0) width 87 RTL: "\x{5D6}\x{5D4} \x{5D8}\x{5E7}\x{5E1}\x{5D8} \x{5D1}\x{5E2}\x{5D1}\x{5E8}\x{5D9}\x{5EA}"
    LayoutBlockFlow {OPTION} at (12,15.19) size 135.08x14.19
      LayoutText {#text} at (2,0) size 132x13
        text run at (2,0) width 132 RTL: "\x{5D4}\x{5D5}\x{5D0} \x{5E6}\x{5E8}\x{5D9}\x{5DA} \x{5DC}\x{5D4}\x{5D9}\x{5D5}\x{5EA} \x{5DE}\x{5D9}\x{5D5}\x{5E9}\x{5E8} \x{5DC}\x{5D9}\x{5DE}\x{5D9}\x{5DF}"
    LayoutBlockFlow {OPTION} at (12,29.38) size 135.08x14.19
      LayoutText {#text} at (53,0) size 81x13
        text run at (53,0) width 81 RTL: "\x{5D9}\x{5E9}\x{5E8}\x{5D0}\x{5DC} \x{5DE}\x{5EA}\x{5D9}\x{5D9}\x{5D1}\x{5E9}\x{5EA}"
layer at (11,214) size 158x45 clip at (12,215) size 145x43
  LayoutListBox {SELECT} at (1,1) size 158.06x44.56 [bgcolor=#FFFFFF] [border: (1px solid #999999)]
    LayoutBlockFlow {OPTION} at (1,1) size 145.06x14.19
      LayoutText {#text} at (29,0) size 115x13
        text run at (29,0) width 115: "This is an English text"
    LayoutBlockFlow {OPTION} at (1,15.19) size 145.06x14.19
      LayoutText {#text} at (2,0) size 142x13
        text run at (2,0) width 142: "It needs to be right aligned"
    LayoutBlockFlow {OPTION} at (1,29.38) size 145.06x14.19
      LayoutText {#text} at (60,0) size 84x13
        text run at (60,0) width 84: "Some more text"
layer at (174,214) size 148x45 clip at (175,215) size 135x43
  LayoutListBox {SELECT} at (1,1) size 148.08x44.56 [bgcolor=#FFFFFF] [border: (1px solid #999999)]
    LayoutBlockFlow {OPTION} at (1,1) size 135.08x14.19
      LayoutText {#text} at (47,0) size 87x13
        text run at (47,0) width 87 RTL: "\x{5D6}\x{5D4} \x{5D8}\x{5E7}\x{5E1}\x{5D8} \x{5D1}\x{5E2}\x{5D1}\x{5E8}\x{5D9}\x{5EA}"
    LayoutBlockFlow {OPTION} at (1,15.19) size 135.08x14.19
      LayoutText {#text} at (2,0) size 132x13
        text run at (2,0) width 132 RTL: "\x{5D4}\x{5D5}\x{5D0} \x{5E6}\x{5E8}\x{5D9}\x{5DA} \x{5DC}\x{5D4}\x{5D9}\x{5D5}\x{5EA} \x{5DE}\x{5D9}\x{5D5}\x{5E9}\x{5E8} \x{5DC}\x{5D9}\x{5DE}\x{5D9}\x{5DF}"
    LayoutBlockFlow {OPTION} at (1,29.38) size 135.08x14.19
      LayoutText {#text} at (53,0) size 81x13
        text run at (53,0) width 81 RTL: "\x{5D9}\x{5E9}\x{5E8}\x{5D0}\x{5DC} \x{5DE}\x{5EA}\x{5D9}\x{5D9}\x{5D1}\x{5E9}\x{5EA}"
layer at (11,283) size 167x45 clip at (23,284) size 154x43
  LayoutListBox {SELECT} at (1,1) size 167.25x44.56 [bgcolor=#FFFFFF] [border: (1px solid #999999)]
    LayoutBlockFlow {OPTION} at (12,1) size 154.25x14.19
      LayoutText {#text} at (20,0) size 114x13
        text run at (20,0) width 114: "This is an English text"
    LayoutBlockFlow {OPTION} at (12,15.19) size 154.25x14.19
      LayoutText {#text} at (2,0) size 151x13
        text run at (2,0) width 151: "It needs to be center aligned"
    LayoutBlockFlow {OPTION} at (12,29.38) size 154.25x14.19
      LayoutText {#text} at (35,0) size 84x13
        text run at (35,0) width 84: "Some more text"
layer at (183,283) size 158x45 clip at (195,284) size 145x43
  LayoutListBox {SELECT} at (1,1) size 158.47x44.56 [bgcolor=#FFFFFF] [border: (1px solid #999999)]
    LayoutBlockFlow {OPTION} at (12,1) size 145.47x14.19
      LayoutText {#text} at (30,0) size 86x13
        text run at (30,0) width 86 RTL: "\x{5D6}\x{5D4} \x{5D8}\x{5E7}\x{5E1}\x{5D8} \x{5D1}\x{5E2}\x{5D1}\x{5E8}\x{5D9}\x{5EA}"
    LayoutBlockFlow {OPTION} at (12,15.19) size 145.47x14.19
      LayoutText {#text} at (2,0) size 142x13
        text run at (2,0) width 142 RTL: "\x{5D4}\x{5D5}\x{5D0} \x{5E6}\x{5E8}\x{5D9}\x{5DA} \x{5DC}\x{5D4}\x{5D9}\x{5D5}\x{5EA} \x{5DE}\x{5D9}\x{5D5}\x{5E9}\x{5E8} \x{5DC}\x{5D0}\x{5DE}\x{5E6}\x{5E2}"
    LayoutBlockFlow {OPTION} at (12,29.38) size 145.47x14.19
      LayoutText {#text} at (33,0) size 80x13
        text run at (33,0) width 80 RTL: "\x{5D9}\x{5E9}\x{5E8}\x{5D0}\x{5DC} \x{5DE}\x{5EA}\x{5D9}\x{5D9}\x{5D1}\x{5E9}\x{5EA}"
layer at (346,283) size 167x45 clip at (347,284) size 154x43
  LayoutListBox {SELECT} at (1,1) size 167.25x44.56 [bgcolor=#FFFFFF] [border: (1px solid #999999)]
    LayoutBlockFlow {OPTION} at (1,1) size 154.25x14.19
      LayoutText {#text} at (20,0) size 115x13
        text run at (20,0) width 115: "This is an English text"
    LayoutBlockFlow {OPTION} at (1,15.19) size 154.25x14.19
      LayoutText {#text} at (2,0) size 151x13
        text run at (2,0) width 151: "It needs to be center aligned"
    LayoutBlockFlow {OPTION} at (1,29.38) size 154.25x14.19
      LayoutText {#text} at (35,0) size 84x13
        text run at (35,0) width 84: "Some more text"
layer at (518,283) size 158x45 clip at (519,284) size 145x43
  LayoutListBox {SELECT} at (1,1) size 158.47x44.56 [bgcolor=#FFFFFF] [border: (1px solid #999999)]
    LayoutBlockFlow {OPTION} at (1,1) size 145.47x14.19
      LayoutText {#text} at (30,0) size 86x13
        text run at (30,0) width 86 RTL: "\x{5D6}\x{5D4} \x{5D8}\x{5E7}\x{5E1}\x{5D8} \x{5D1}\x{5E2}\x{5D1}\x{5E8}\x{5D9}\x{5EA}"
    LayoutBlockFlow {OPTION} at (1,15.19) size 145.47x14.19
      LayoutText {#text} at (2,0) size 142x13
        text run at (2,0) width 142 RTL: "\x{5D4}\x{5D5}\x{5D0} \x{5E6}\x{5E8}\x{5D9}\x{5DA} \x{5DC}\x{5D4}\x{5D9}\x{5D5}\x{5EA} \x{5DE}\x{5D9}\x{5D5}\x{5E9}\x{5E8} \x{5DC}\x{5D0}\x{5DE}\x{5E6}\x{5E2}"
    LayoutBlockFlow {OPTION} at (1,29.38) size 145.47x14.19
      LayoutText {#text} at (33,0) size 80x13
        text run at (33,0) width 80 RTL: "\x{5D9}\x{5E9}\x{5E8}\x{5D0}\x{5DC} \x{5DE}\x{5EA}\x{5D9}\x{5D9}\x{5D1}\x{5E9}\x{5EA}"
layer at (11,352) size 163x45 clip at (23,353) size 150x43
  LayoutListBox {SELECT} at (1,1) size 162.81x44.56 [bgcolor=#FFFFFF] [border: (1px solid #999999)]
    LayoutBlockFlow {OPTION} at (12,1) size 149.81x14.19
      LayoutText {#text} at (2,0) size 146x13
        text run at (2,0) width 146: "This should be right aligned"
    LayoutBlockFlow {OPTION} at (12,15.19) size 149.81x14.19
      LayoutText {#text} at (2,0) size 139x13
        text run at (2,0) width 139: "This should be left aligned"
    LayoutBlockFlow {OPTION} at (12,29.38) size 149.81x14.19
      LayoutText {#text} at (36,0) size 78x13
        text run at (36,0) width 78: "Center aligned"
layer at (178,352) size 163x45 clip at (179,353) size 150x43
  LayoutListBox {SELECT} at (1,1) size 162.81x44.56 [bgcolor=#FFFFFF] [border: (1px solid #999999)]
    LayoutBlockFlow {OPTION} at (1,1) size 149.81x14.19
      LayoutText {#text} at (2,0) size 139x13
        text run at (2,0) width 139: "This should be left aligned"
    LayoutBlockFlow {OPTION} at (1,15.19) size 149.81x14.19
      LayoutText {#text} at (2,0) size 146x13
        text run at (2,0) width 146: "This should be right aligned"
    LayoutBlockFlow {OPTION} at (1,29.38) size 149.81x14.19
      LayoutText {#text} at (36,0) size 78x13
        text run at (36,0) width 78: "Center aligned"
layer at (345,352) size 187x45 clip at (357,353) size 174x43
  LayoutListBox {SELECT} at (1,1) size 186.98x44.56 [bgcolor=#FFFFFF] [border: (1px solid #999999)]
    LayoutBlockFlow {OPTION} at (12,1) size 173.98x14.19
      LayoutText {#text} at (14,0) size 158x13
        text run at (14,0) width 158 RTL: "\x{5D8}\x{5E7}\x{5E1}\x{5D8} \x{5D6}\x{5D4} \x{5E6}\x{5E8}\x{5D9}\x{5DA} \x{5DC}\x{5D4}\x{5D9}\x{5D5}\x{5EA} \x{5DE}\x{5D9}\x{5D5}\x{5E9}\x{5E8} \x{5DC}\x{5D9}\x{5DE}\x{5D9}\x{5DF}"
    LayoutBlockFlow {OPTION} at (12,15.19) size 173.98x14.19
      LayoutText {#text} at (2,0) size 170x13
        text run at (2,0) width 170 RTL: "\x{5D8}\x{5E7}\x{5E1}\x{5D8} \x{5D6}\x{5D4} \x{5E6}\x{5E8}\x{5D9}\x{5DA} \x{5DC}\x{5D4}\x{5D9}\x{5D5}\x{5EA} \x{5DE}\x{5D9}\x{5D5}\x{5E9}\x{5E8} \x{5DC}\x{5E9}\x{5DE}\x{5D0}\x{5DC}"
    LayoutBlockFlow {OPTION} at (12,29.38) size 173.98x14.19
      LayoutText {#text} at (53,0) size 68x13
        text run at (53,0) width 68 RTL: "\x{5D8}\x{5E7}\x{5E1}\x{5D8} \x{5DE}\x{5DE}\x{5D5}\x{5E8}\x{5DB}\x{5D6}"
layer at (536,352) size 187x45 clip at (537,353) size 174x43
  LayoutListBox {SELECT} at (1,1) size 186.98x44.56 [bgcolor=#FFFFFF] [border: (1px solid #999999)]
    LayoutBlockFlow {OPTION} at (1,1) size 173.98x14.19
      LayoutText {#text} at (2,0) size 170x13
        text run at (2,0) width 170 RTL: "\x{5D8}\x{5E7}\x{5E1}\x{5D8} \x{5D6}\x{5D4} \x{5E6}\x{5E8}\x{5D9}\x{5DA} \x{5DC}\x{5D4}\x{5D9}\x{5D5}\x{5EA} \x{5DE}\x{5D9}\x{5D5}\x{5E9}\x{5E8} \x{5DC}\x{5E9}\x{5DE}\x{5D0}\x{5DC}"
    LayoutBlockFlow {OPTION} at (1,15.19) size 173.98x14.19
      LayoutText {#text} at (14,0) size 158x13
        text run at (14,0) width 158 RTL: "\x{5D8}\x{5E7}\x{5E1}\x{5D8} \x{5D6}\x{5D4} \x{5E6}\x{5E8}\x{5D9}\x{5DA} \x{5DC}\x{5D4}\x{5D9}\x{5D5}\x{5EA} \x{5DE}\x{5D9}\x{5D5}\x{5E9}\x{5E8} \x{5DC}\x{5D9}\x{5DE}\x{5D9}\x{5DF}"
    LayoutBlockFlow {OPTION} at (1,29.38) size 173.98x14.19
      LayoutText {#text} at (53,0) size 68x13
        text run at (53,0) width 68 RTL: "\x{5D8}\x{5E7}\x{5E1}\x{5D8} \x{5DE}\x{5DE}\x{5D5}\x{5E8}\x{5DB}\x{5D6}"
