layer at (0,0) size 800x600
  LayoutView at (0,0) size 800x600
layer at (0,0) size 800x174
  LayoutBlockFlow {HTML} at (0,0) size 800x174
    LayoutBlockFlow {BODY} at (8,16) size 784x150
      LayoutBlockFlow {P} at (0,0) size 784x18
        LayoutText {#text} at (0,0) size 608x18
          text run at (0,0) width 608: "The select list box should not display items (options and optgroups) with style \"display: none\"."
      LayoutBlockFlow (anonymous) at (0,34) size 784x116
        LayoutText {#text} at (48,97) size 5x18
          text run at (48,97) width 5: " "
        LayoutText {#text} at (118,97) size 5x18
          text run at (118,97) width 5: " "
        LayoutText {#text} at (187,97) size 5x18
          text run at (187,97) width 5: " "
        LayoutText {#text} at (240,97) size 5x18
          text run at (240,97) width 5: " "
        LayoutText {#text} at (293,97) size 5x18
          text run at (293,97) width 5: " "
        LayoutText {#text} at (0,0) size 0x0
layer at (8,64) size 49x101 clip at (9,65) size 36x99
  LayoutListBox {SELECT} at (0,13.69) size 48.97x101.31 [bgcolor=#FFFFFF] [border: (1px solid #999999)]
    LayoutBlockFlow {OPTION} at (1,1) size 35.97x14.19
      LayoutText {#text} at (2,0) size 22x13
        text run at (2,0) width 22: "One"
    LayoutBlockFlow {OPTION} at (1,15.19) size 35.97x14.19
      LayoutText {#text} at (2,0) size 22x13
        text run at (2,0) width 22: "Two"
    LayoutBlockFlow {OPTION} at (1,29.38) size 35.97x14.19
      LayoutText {#text} at (2,0) size 31x13
        text run at (2,0) width 31: "Three"
    LayoutBlockFlow {OPTION} at (1,43.56) size 35.97x14.19
      LayoutText {#text} at (2,0) size 22x13
        text run at (2,0) width 22: "Five"
    LayoutBlockFlow {OPTION} at (1,57.75) size 35.97x14.19
      LayoutText {#text} at (2,0) size 16x13
        text run at (2,0) width 16: "Six"
    LayoutBlockFlow {OPTION} at (1,71.94) size 35.97x14.19
      LayoutText {#text} at (2,0) size 32x13
        text run at (2,0) width 32: "Seven"
layer at (61,64) size 65x101 clip at (62,65) size 52x99
  LayoutListBox {SELECT} at (52.97,13.69) size 65.14x101.31 [bgcolor=#FFFFFF] [border: (1px solid #999999)]
    LayoutBlockFlow {OPTION} at (1,1) size 52.14x14.19
      LayoutText {#text} at (2,0) size 22x13
        text run at (2,0) width 22: "One"
    LayoutBlockFlow {OPTION} at (1,15.19) size 52.14x14.19
      LayoutText {#text} at (2,0) size 22x13
        text run at (2,0) width 22: "Two"
    LayoutBlockFlow {OPTION} at (1,29.38) size 52.14x14.19
      LayoutText {#text} at (2,0) size 31x13
        text run at (2,0) width 31: "Three"
    LayoutBlockFlow {OPTGROUP} at (1,43.56) size 52.14x28.38
      LayoutBlockFlow {DIV} at (0,0) size 52.14x14.19
        LayoutText {#text} at (2,0) size 49x13
          text run at (2,0) width 49: "***45***"
      LayoutBlockFlow {OPTION} at (0,14.19) size 52.14x14.19
        LayoutInline {<pseudo:before>} at (0,0) size 13x13
          LayoutTextFragment (anonymous) at (2,0) size 13x13
            text run at (2,0) width 13: "    "
        LayoutText {#text} at (14,0) size 22x13
          text run at (14,0) width 22: "Five"
    LayoutBlockFlow {OPTION} at (1,71.94) size 52.14x14.19
      LayoutText {#text} at (2,0) size 32x13
        text run at (2,0) width 32: "Seven"
layer at (130,64) size 65x101 clip at (131,65) size 52x99
  LayoutListBox {SELECT} at (122.11,13.69) size 65.14x101.31 [bgcolor=#FFFFFF] [border: (1px solid #999999)]
    LayoutBlockFlow {OPTION} at (1,1) size 52.14x14.19
      LayoutText {#text} at (2,0) size 22x13
        text run at (2,0) width 22: "One"
    LayoutBlockFlow {OPTION} at (1,15.19) size 52.14x14.19
      LayoutText {#text} at (2,0) size 22x13
        text run at (2,0) width 22: "Two"
    LayoutBlockFlow {OPTGROUP} at (1,29.38) size 52.14x28.38
      LayoutBlockFlow {DIV} at (0,0) size 52.14x14.19
        LayoutText {#text} at (2,0) size 49x13
          text run at (2,0) width 49: "***45***"
      LayoutBlockFlow {OPTION} at (0,14.19) size 52.14x14.19
        LayoutInline {<pseudo:before>} at (0,0) size 13x13
          LayoutTextFragment (anonymous) at (2,0) size 13x13
            text run at (2,0) width 13: "    "
        LayoutText {#text} at (14,0) size 24x13
          text run at (14,0) width 24: "Four"
    LayoutBlockFlow {OPTION} at (1,57.75) size 52.14x14.19
      LayoutText {#text} at (2,0) size 16x13
        text run at (2,0) width 16: "Six"
    LayoutBlockFlow {OPTION} at (1,71.94) size 52.14x14.19
      LayoutText {#text} at (2,0) size 32x13
        text run at (2,0) width 32: "Seven"
layer at (199,50) size 49x115 clip at (200,51) size 36x113
  LayoutListBox {SELECT} at (191.25,-0.50) size 48.97x115.50 [bgcolor=#FFFFFF] [border: (1px solid #999999)]
    LayoutBlockFlow {OPTION} at (1,1) size 35.97x14.19
      LayoutText {#text} at (2,0) size 22x13
        text run at (2,0) width 22: "One"
    LayoutBlockFlow {OPTION} at (1,15.19) size 35.97x14.19
      LayoutText {#text} at (2,0) size 22x13
        text run at (2,0) width 22: "Two"
    LayoutBlockFlow {OPTION} at (1,29.38) size 35.97x14.19
      LayoutText {#text} at (2,0) size 31x13
        text run at (2,0) width 31: "Three"
    LayoutBlockFlow {OPTION} at (1,43.56) size 35.97x14.19
      LayoutText {#text} at (2,0) size 32x13
        text run at (2,0) width 32: "Seven"
layer at (252,50) size 49x115 clip at (253,51) size 36x113
  LayoutListBox {SELECT} at (244.22,-0.50) size 48.97x115.50 [bgcolor=#FFFFFF] [border: (1px solid #999999)]
    LayoutBlockFlow {OPTION} at (1,1) size 35.97x14.19
      LayoutText {#text} at (2,0) size 22x13
        text run at (2,0) width 22: "One"
    LayoutBlockFlow {OPTION} at (1,15.19) size 35.97x14.19
      LayoutText {#text} at (2,0) size 22x13
        text run at (2,0) width 22: "Two"
    LayoutBlockFlow {OPTION} at (1,29.38) size 35.97x14.19
      LayoutText {#text} at (2,0) size 31x13
        text run at (2,0) width 31: "Three"
    LayoutBlockFlow {OPTION} at (1,43.56) size 35.97x14.19
      LayoutText {#text} at (2,0) size 32x13
        text run at (2,0) width 32: "Seven"
layer at (305,50) size 62x115 clip at (306,51) size 49x113
  LayoutListBox {SELECT} at (297.19,-0.50) size 61.58x115.50 [bgcolor=#FFFFFF] [border: (1px solid #999999)]
    LayoutBlockFlow {OPTION} at (1,1) size 48.58x14.19
      LayoutText {#text} at (2,0) size 22x13
        text run at (2,0) width 22: "One"
    LayoutBlockFlow {OPTION} at (1,15.19) size 48.58x14.19
      LayoutText {#text} at (2,0) size 22x13
        text run at (2,0) width 22: "Two"
    LayoutBlockFlow {OPTION} at (1,29.38) size 48.58x14.19
      LayoutText {#text} at (2,0) size 31x13
        text run at (2,0) width 31: "Three"
    LayoutBlockFlow {OPTGROUP} at (1,43.56) size 48.58x56.75
      LayoutBlockFlow {DIV} at (0,0) size 48.58x14.19
        LayoutText {#text} at (2,0) size 45x13
          text run at (2,0) width 45: "**456**"
      LayoutBlockFlow {OPTION} at (0,14.19) size 48.58x14.19
        LayoutInline {<pseudo:before>} at (0,0) size 13x13
          LayoutTextFragment (anonymous) at (2,0) size 13x13
            text run at (2,0) width 13: "    "
        LayoutText {#text} at (14,0) size 24x13
          text run at (14,0) width 24: "Four"
      LayoutBlockFlow {OPTION} at (0,28.38) size 48.58x14.19
        LayoutInline {<pseudo:before>} at (0,0) size 13x13
          LayoutTextFragment (anonymous) at (2,0) size 13x13
            text run at (2,0) width 13: "    "
        LayoutText {#text} at (14,0) size 22x13
          text run at (14,0) width 22: "Five"
      LayoutBlockFlow {OPTION} at (0,42.56) size 48.58x14.19
        LayoutInline {<pseudo:before>} at (0,0) size 13x13
          LayoutTextFragment (anonymous) at (2,0) size 13x13
            text run at (2,0) width 13: "    "
        LayoutText {#text} at (14,0) size 16x13
          text run at (14,0) width 16: "Six"
    LayoutBlockFlow {OPTION} at (1,100.31) size 48.58x14.19
      LayoutText {#text} at (2,0) size 32x13
        text run at (2,0) width 32: "Seven"
