layer at (0,0) size 800x600
  LayoutView at (0,0) size 800x600
layer at (0,0) size 800x600
  LayoutBlockFlow {HTML} at (0,0) size 800x600
    LayoutBlockFlow {BODY} at (8,8) size 784x584
      LayoutText {#text} at (0,0) size 665x18
        text run at (0,0) width 665: "This tests that when a list box's options get updated, the list box will recalculate its width, and relayout. "
      LayoutBR {BR} at (0,0) size 0x0
      LayoutText {#text} at (0,0) size 0x0
layer at (8,26) size 188x59 clip at (9,27) size 175x57
  LayoutListBox {SELECT} at (0,18) size 188.09x58.75 [bgcolor=#FFFFFF] [border: (1px solid #999999)]
    LayoutBlockFlow {OPTION} at (1,1) size 175.09x14.19
      LayoutText {#text} at (2,0) size 172x13
        text run at (2,0) width 172: "This text should fit in the list box"
