layer at (0,0) size 800x600
  LayoutView at (0,0) size 800x600
layer at (0,0) size 800x600
  LayoutBlockFlow {HTML} at (0,0) size 800x600
    LayoutBlockFlow {BODY} at (8,8) size 784x584
      LayoutMenuList {SELECT} at (0,1) size 69x18 [bgcolor=#F8F8F8]
        LayoutBlockFlow (anonymous) at (0,0) size 69x18
          LayoutText (anonymous) at (8,2) size 38x13
            text run at (8,2) width 38: "Default"
      LayoutText {#text} at (69,0) size 4x18
        text run at (69,0) width 4: " "
      LayoutMenuList {SELECT} at (73,1) size 52x18 [bgcolor=#F8F8F8]
        LayoutBlockFlow (anonymous) at (0,0) size 52x18
          LayoutText (anonymous) at (8,2) size 21x13
            text run at (8,2) width 21: "Red"
      LayoutText {#text} at (125,0) size 4x18
        text run at (125,0) width 4: " "
      LayoutMenuList {SELECT} at (129,1) size 111x18 [bgcolor=#008000] [border: (1px solid #A6A6A6)]
        LayoutBlockFlow (anonymous) at (1,1) size 109x16
          LayoutText (anonymous) at (8,1) size 88x13
            text run at (8,1) width 88: "Default on green"
      LayoutText {#text} at (240,0) size 4x18
        text run at (240,0) width 4: " "
      LayoutMenuList {SELECT} at (244,1) size 93x18 [color=#FF0000] [bgcolor=#008000] [border: (1px solid #A6A6A6)]
        LayoutBlockFlow (anonymous) at (1,1) size 91x16
          LayoutText (anonymous) at (8,1) size 70x13
            text run at (8,1) width 70: "Red on green"
      LayoutText {#text} at (0,0) size 0x0
