layer at (0,0) size 800x600
  LayoutView at (0,0) size 800x600
layer at (0,0) size 800x600
  LayoutBlockFlow {HTML} at (0,0) size 800x600
    LayoutBlockFlow {BODY} at (8,8) size 784x584
      LayoutBlockFlow {P} at (0,0) size 784x36
        LayoutText {#text} at (0,0) size 120x18
          text run at (0,0) width 120: "Rendering test for "
        LayoutInline {I} at (0,0) size 739x36
          LayoutInline {A} at (0,0) size 414x18 [color=#0000EE]
            LayoutText {#text} at (119,0) size 414x18
              text run at (119,0) width 414: "https://bugs.chromium.org/p/chromium/issues/detail?id=626278"
          LayoutText {#text} at (533,0) size 739x36
            text run at (533,0) width 4: " "
            text run at (537,0) width 202: "Regression: HTML Select's text"
            text run at (0,18) width 291: "appears chopped if appearance is set to none"
        LayoutText {#text} at (290,18) size 5x18
          text run at (290,18) width 5: "."
      LayoutBlockFlow (anonymous) at (0,52) size 784x42
        LayoutMenuList {SELECT} at (0,0) size 25x42 [bgcolor=#F8F8F8] [border: (1px solid #A6A6A6)]
          LayoutBlockFlow (anonymous) at (1,1) size 23x40
            LayoutText (anonymous) at (0,13) size 23x13
              text run at (0,13) width 23: "Test"
        LayoutText {#text} at (0,0) size 0x0
