layer at (0,0) size 800x600
  LayoutView at (0,0) size 800x600
layer at (0,0) size 800x600
  LayoutBlockFlow {HTML} at (0,0) size 800x600
    LayoutBlockFlow {BODY} at (8,8) size 784x584
      LayoutBlockFlow {P} at (0,0) size 784x18
        LayoutText {#text} at (0,0) size 411x18
          text run at (0,0) width 411: "All of these selects should have the same amount of whitespace."
      LayoutBlockFlow (anonymous) at (0,34) size 784x246.50
        LayoutText {#text} at (0,40) size 71x19
          text run at (0,40) width 71: "Five Tabs: "
        LayoutBR {BR} at (137,54) size 1x1
        LayoutBR {BR} at (0,58) size 0x19
        LayoutText {#text} at (0,117) size 86x19
          text run at (0,117) width 86: "Five Spaces: "
        LayoutBR {BR} at (151,131) size 1x1
        LayoutBR {BR} at (0,135) size 0x19
        LayoutText {#text} at (0,153) size 306x19
          text run at (0,153) width 306: "Five Spaces (with leading/trailing whitespace): "
        LayoutMenuList {SELECT} at (305.25,154.50) size 94x18 [bgcolor=#F8F8F8]
          LayoutBlockFlow (anonymous) at (0,0) size 94x18
            LayoutText (anonymous) at (8,2) size 63x13
              text run at (8,2) width 63: "Five Spaces"
        LayoutBR {BR} at (399,167) size 1x1
        LayoutBR {BR} at (0,172) size 0x19
        LayoutText {#text} at (0,190) size 291x19
          text run at (0,190) width 291: "Five Tabs (with leading/trailing whitespace): "
        LayoutMenuList {SELECT} at (290.80,191.50) size 81x18 [bgcolor=#F8F8F8]
          LayoutBlockFlow (anonymous) at (0,0) size 81x18
            LayoutText (anonymous) at (8,2) size 50x13
              text run at (8,2) width 50: "Five Tabs"
        LayoutBR {BR} at (371,204) size 1x1
        LayoutBR {BR} at (0,209) size 0x19
        LayoutText {#text} at (0,227) size 129x19
          text run at (0,227) width 129: "Mixed Whitespace: "
        LayoutMenuList {SELECT} at (128.84,228.50) size 81x18 [bgcolor=#F8F8F8]
          LayoutBlockFlow (anonymous) at (0,0) size 81x18
            LayoutText (anonymous) at (8,2) size 50x13
              text run at (8,2) width 50: "Five Tabs"
        LayoutText {#text} at (0,0) size 0x0
layer at (79,42) size 66x59 clip at (80,43) size 53x57
  LayoutListBox {SELECT} at (70.88,0) size 66.16x58.75 [bgcolor=#FFFFFF] [border: (1px solid #999999)]
    LayoutBlockFlow {OPTION} at (1,1) size 53.16x14.19
      LayoutText {#text} at (2,0) size 50x13
        text run at (2,0) width 50: "Five Tabs"
layer at (93,119) size 66x59 clip at (94,120) size 53x57
  LayoutListBox {SELECT} at (85.31,76.75) size 66.16x58.75 [bgcolor=#FFFFFF] [border: (1px solid #999999)]
    LayoutBlockFlow {OPTION} at (1,1) size 53.16x14.19
      LayoutText {#text} at (2,0) size 50x13
        text run at (2,0) width 50: "Five Tabs"
