layer at (0,0) size 800x600
  LayoutView at (0,0) size 800x600
layer at (0,0) size 800x75
  LayoutBlockFlow {HTML} at (0,0) size 800x74.75
    LayoutBlockFlow {BODY} at (8,8) size 784x58.75
      LayoutText {#text} at (0,0) size 0x0
layer at (8,8) size 356x59 clip at (9,9) size 343x57
  LayoutListBox {SELECT} at (0,0) size 355.88x58.75 [bgcolor=#FFFFFF] [border: (1px solid #999999)]
    LayoutBlockFlow {OPTION} at (1,1) size 342.88x14.19 [color=#FFFFFF] [bgcolor=#0069D9]
      LayoutText {#text} at (2,0) size 339x13
        text run at (2,0) width 339: "make-the-item-long-enough-to-make-a-difference-in-pixel-test"
    LayoutBlockFlow {OPTION} at (1,15.19) size 342.88x14.19
      LayoutText {#text} at (2,0) size 7x13
        text run at (2,0) width 7: "b"
