layer at (0,0) size 800x600
  LayoutView at (0,0) size 800x600
layer at (0,0) size 800x600
  LayoutBlockFlow {HTML} at (0,0) size 800x600
    LayoutBlockFlow {BODY} at (8,8) size 784x584
      LayoutText {#text} at (0,0) size 98x18
        text run at (0,0) width 98: "initial selected:"
      LayoutBR {BR} at (97,14) size 1x0
      LayoutText {#text} at (138,58) size 5x19
        text run at (138,58) width 5: " "
      LayoutBR {BR} at (142,72) size 1x1
      LayoutText {#text} at (0,76) size 165x19
        text run at (0,76) width 165: "dynamic selected change:"
      LayoutBR {BR} at (164,90) size 1x1
      LayoutText {#text} at (138,135) size 5x19
        text run at (138,135) width 5: " "
      LayoutBR {BR} at (142,149) size 1x1
      LayoutText {#text} at (0,153) size 217x19
        text run at (0,153) width 217: "dynamic insert of selected option:"
      LayoutBR {BR} at (216,167) size 1x1
      LayoutText {#text} at (138,212) size 5x19
        text run at (138,212) width 5: " "
      LayoutBR {BR} at (142,226) size 1x1
      LayoutText {#text} at (0,230) size 98x19
        text run at (0,230) width 98: "initial selected:"
      LayoutBR {BR} at (97,244) size 1x1
      LayoutMenuList {SELECT} at (0,249.25) size 153x18 [bgcolor=#F8F8F8]
        LayoutBlockFlow (anonymous) at (0,0) size 153x18
          LayoutText (anonymous) at (8,2) size 122x13
            text run at (8,2) width 122: "this should be selected"
      LayoutText {#text} at (153,248) size 4x19
        text run at (153,248) width 4: " "
      LayoutBR {BR} at (157,262) size 0x1
      LayoutText {#text} at (0,267) size 165x19
        text run at (0,267) width 165: "dynamic selected change:"
      LayoutBR {BR} at (164,281) size 1x1
      LayoutMenuList {SELECT} at (0,286.25) size 153x18 [bgcolor=#F8F8F8]
        LayoutBlockFlow (anonymous) at (0,0) size 153x18
          LayoutText (anonymous) at (8,2) size 122x13
            text run at (8,2) width 122: "this should be selected"
      LayoutText {#text} at (153,285) size 4x19
        text run at (153,285) width 4: " "
      LayoutBR {BR} at (157,299) size 0x1
      LayoutText {#text} at (0,304) size 217x19
        text run at (0,304) width 217: "dynamic insert of selected option:"
      LayoutBR {BR} at (216,318) size 1x1
      LayoutMenuList {SELECT} at (0,322.25) size 153x18 [bgcolor=#F8F8F8]
        LayoutBlockFlow (anonymous) at (0,0) size 153x18
          LayoutText (anonymous) at (8,2) size 122x13
            text run at (8,2) width 122: "this should be selected"
      LayoutText {#text} at (0,0) size 0x0
layer at (8,26) size 139x59 clip at (9,27) size 126x57 scrollY 99.00 scrollHeight 199
  LayoutListBox {SELECT} at (0,18) size 138.89x58.75 [bgcolor=#FFFFFF] [border: (1px solid #999999)]
    LayoutBlockFlow {OPTION} at (1,1) size 125.89x14.19
      LayoutText {#text} at (2,0) size 18x13
        text run at (2,0) width 18: "opt"
    LayoutBlockFlow {OPTION} at (1,15.19) size 125.89x14.19
      LayoutText {#text} at (2,0) size 18x13
        text run at (2,0) width 18: "opt"
    LayoutBlockFlow {OPTION} at (1,29.38) size 125.89x14.19
      LayoutText {#text} at (2,0) size 18x13
        text run at (2,0) width 18: "opt"
    LayoutBlockFlow {OPTION} at (1,43.56) size 125.89x14.19
      LayoutText {#text} at (2,0) size 18x13
        text run at (2,0) width 18: "opt"
    LayoutBlockFlow {OPTION} at (1,57.75) size 125.89x14.19
      LayoutText {#text} at (2,0) size 18x13
        text run at (2,0) width 18: "opt"
    LayoutBlockFlow {OPTION} at (1,71.94) size 125.89x14.19
      LayoutText {#text} at (2,0) size 18x13
        text run at (2,0) width 18: "opt"
    LayoutBlockFlow {OPTION} at (1,86.13) size 125.89x14.19
      LayoutText {#text} at (2,0) size 18x13
        text run at (2,0) width 18: "opt"
    LayoutBlockFlow {OPTION} at (1,100.31) size 125.89x14.19
      LayoutText {#text} at (2,0) size 18x13
        text run at (2,0) width 18: "opt"
    LayoutBlockFlow {OPTION} at (1,114.50) size 125.89x14.19
      LayoutText {#text} at (2,0) size 18x13
        text run at (2,0) width 18: "opt"
    LayoutBlockFlow {OPTION} at (1,128.69) size 125.89x14.19
      LayoutText {#text} at (2,0) size 18x13
        text run at (2,0) width 18: "opt"
    LayoutBlockFlow {OPTION} at (1,142.88) size 125.89x14.19 [bgcolor=#D4D4D4]
      LayoutText {#text} at (2,0) size 122x13
        text run at (2,0) width 122: "this should be selected"
    LayoutBlockFlow {OPTION} at (1,157.06) size 125.89x14.19
      LayoutText {#text} at (2,0) size 18x13
        text run at (2,0) width 18: "opt"
    LayoutBlockFlow {OPTION} at (1,171.25) size 125.89x14.19
      LayoutText {#text} at (2,0) size 18x13
        text run at (2,0) width 18: "opt"
    LayoutBlockFlow {OPTION} at (1,185.44) size 125.89x14.19
      LayoutText {#text} at (2,0) size 18x13
        text run at (2,0) width 18: "opt"
layer at (8,103) size 139x59 clip at (9,104) size 126x57 scrollY 99.00 scrollHeight 198
  LayoutListBox {SELECT} at (0,94.75) size 138.89x58.75 [bgcolor=#FFFFFF] [border: (1px solid #999999)]
    LayoutBlockFlow {OPTION} at (1,1) size 125.89x14.19
      LayoutText {#text} at (2,0) size 18x13
        text run at (2,0) width 18: "opt"
    LayoutBlockFlow {OPTION} at (1,15.19) size 125.89x14.19
      LayoutText {#text} at (2,0) size 18x13
        text run at (2,0) width 18: "opt"
    LayoutBlockFlow {OPTION} at (1,29.38) size 125.89x14.19
      LayoutText {#text} at (2,0) size 18x13
        text run at (2,0) width 18: "opt"
    LayoutBlockFlow {OPTION} at (1,43.56) size 125.89x14.19
      LayoutText {#text} at (2,0) size 18x13
        text run at (2,0) width 18: "opt"
    LayoutBlockFlow {OPTION} at (1,57.75) size 125.89x14.19
      LayoutText {#text} at (2,0) size 18x13
        text run at (2,0) width 18: "opt"
    LayoutBlockFlow {OPTION} at (1,71.94) size 125.89x14.19
      LayoutText {#text} at (2,0) size 18x13
        text run at (2,0) width 18: "opt"
    LayoutBlockFlow {OPTION} at (1,86.13) size 125.89x14.19
      LayoutText {#text} at (2,0) size 18x13
        text run at (2,0) width 18: "opt"
    LayoutBlockFlow {OPTION} at (1,100.31) size 125.89x14.19
      LayoutText {#text} at (2,0) size 18x13
        text run at (2,0) width 18: "opt"
    LayoutBlockFlow {OPTION} at (1,114.50) size 125.89x14.19
      LayoutText {#text} at (2,0) size 18x13
        text run at (2,0) width 18: "opt"
    LayoutBlockFlow {OPTION} at (1,128.69) size 125.89x14.19
      LayoutText {#text} at (2,0) size 18x13
        text run at (2,0) width 18: "opt"
    LayoutBlockFlow {OPTION} at (1,142.88) size 125.89x14.19 [bgcolor=#D4D4D4]
      LayoutText {#text} at (2,0) size 122x13
        text run at (2,0) width 122: "this should be selected"
    LayoutBlockFlow {OPTION} at (1,157.06) size 125.89x14.19
      LayoutText {#text} at (2,0) size 18x13
        text run at (2,0) width 18: "opt"
    LayoutBlockFlow {OPTION} at (1,171.25) size 125.89x14.19
      LayoutText {#text} at (2,0) size 18x13
        text run at (2,0) width 18: "opt"
    LayoutBlockFlow {OPTION} at (1,185.44) size 125.89x14.19
      LayoutText {#text} at (2,0) size 18x13
        text run at (2,0) width 18: "opt"
layer at (8,180) size 139x58 clip at (9,181) size 126x56 scrollY 43.00 scrollHeight 113
  LayoutListBox {SELECT} at (0,171.50) size 138.89x58.75 [bgcolor=#FFFFFF] [border: (1px solid #999999)]
    LayoutBlockFlow {OPTION} at (1,1) size 125.89x14.19
      LayoutText {#text} at (2,0) size 18x13
        text run at (2,0) width 18: "opt"
    LayoutBlockFlow {OPTION} at (1,15.19) size 125.89x14.19
      LayoutText {#text} at (2,0) size 18x13
        text run at (2,0) width 18: "opt"
    LayoutBlockFlow {OPTION} at (1,29.38) size 125.89x14.19
      LayoutText {#text} at (2,0) size 18x13
        text run at (2,0) width 18: "opt"
    LayoutBlockFlow {OPTION} at (1,43.56) size 125.89x14.19
      LayoutText {#text} at (2,0) size 18x13
        text run at (2,0) width 18: "opt"
    LayoutBlockFlow {OPTION} at (1,57.75) size 125.89x14.19
      LayoutText {#text} at (2,0) size 18x13
        text run at (2,0) width 18: "opt"
    LayoutBlockFlow {OPTION} at (1,71.94) size 125.89x14.19
      LayoutText {#text} at (2,0) size 18x13
        text run at (2,0) width 18: "opt"
    LayoutBlockFlow {OPTION} at (1,86.13) size 125.89x14.19 [bgcolor=#D4D4D4]
      LayoutText {#text} at (2,0) size 122x13
        text run at (2,0) width 122: "this should be selected"
    LayoutBlockFlow {OPTION} at (1,100.31) size 125.89x14.19
      LayoutText {#text} at (2,0) size 18x13
        text run at (2,0) width 18: "opt"
