layer at (0,0) size 800x600
  LayoutView at (0,0) size 800x600
layer at (0,0) size 800x600
  LayoutBlockFlow {HTML} at (0,0) size 800x600
    LayoutBlockFlow {BODY} at (8,8) size 784x584
      LayoutBlockFlow {P} at (0,0) size 784x36
        LayoutText {#text} at (0,0) size 54x18
          text run at (0,0) width 54: "Test for "
        LayoutInline {I} at (0,0) size 745x36
          LayoutInline {A} at (0,0) size 305x18 [color=#0000EE]
            LayoutText {#text} at (53,0) size 305x18
              text run at (53,0) width 305: "http://bugs.webkit.org/show_bug.cgi?id=12986"
          LayoutText {#text} at (357,0) size 745x36
            text run at (357,0) width 5: " "
            text run at (361,0) width 384: "REGRESSION(NativeListBox): Listboxes not updated when"
            text run at (0,18) width 127: "resized dynamically"
        LayoutText {#text} at (126,18) size 5x18
          text run at (126,18) width 5: "."
      LayoutBlockFlow {P} at (0,52) size 784x18
        LayoutText {#text} at (0,0) size 323x18
          text run at (0,0) width 323: "This list box should be tall enough to fit 6 options."
      LayoutBlockFlow (anonymous) at (0,86) size 784x87
        LayoutText {#text} at (0,0) size 0x0
layer at (8,94) size 47x87 clip at (9,95) size 34x85
  LayoutListBox {SELECT} at (0,-0.13) size 47.27x87.13 [bgcolor=#FFFFFF] [border: (1px solid #999999)]
    LayoutBlockFlow {OPTION} at (1,1) size 34.27x14.19
      LayoutText {#text} at (2,0) size 22x13
        text run at (2,0) width 22: "One"
    LayoutBlockFlow {OPTION} at (1,15.19) size 34.27x14.19
      LayoutText {#text} at (2,0) size 22x13
        text run at (2,0) width 22: "Two"
    LayoutBlockFlow {OPTION} at (1,29.38) size 34.27x14.19
      LayoutText {#text} at (2,0) size 31x13
        text run at (2,0) width 31: "Three"
    LayoutBlockFlow {OPTION} at (1,43.56) size 34.27x14.19
      LayoutText {#text} at (2,0) size 24x13
        text run at (2,0) width 24: "Four"
    LayoutBlockFlow {OPTION} at (1,57.75) size 34.27x14.19
      LayoutText {#text} at (2,0) size 22x13
        text run at (2,0) width 22: "Five"
    LayoutBlockFlow {OPTION} at (1,71.94) size 34.27x14.19
      LayoutText {#text} at (2,0) size 16x13
        text run at (2,0) width 16: "Six"
