layer at (0,0) size 800x600
  LayoutView at (0,0) size 800x600
layer at (0,0) size 800x600
  LayoutBlockFlow {HTML} at (0,0) size 800x600
    LayoutBlockFlow {BODY} at (8,8) size 784x584
      LayoutText {#text} at (0,0) size 782x36
        text run at (0,0) width 782: "This tests that a malformed size attribute will be parsed and corrected so that the right size attribute value is used to match"
        text run at (0,18) width 441: "the style rule that determines whether to use a menu list or a list box."
      LayoutBR {BR} at (440,32) size 1x0
      LayoutMenuList {SELECT} at (0,36) size 51x18 [bgcolor=#F8F8F8]
        LayoutBlockFlow (anonymous) at (0,0) size 51x18
          LayoutText (anonymous) at (8,2) size 20x13
            text run at (8,2) width 20: "test"
      LayoutText {#text} at (0,0) size 0x0
