layer at (0,0) size 800x600
  LayoutView at (0,0) size 800x600
layer at (0,0) size 800x87
  LayoutBlockFlow {HTML} at (0,0) size 800x87
    LayoutBlockFlow {BODY} at (8,8) size 784x63
      LayoutTable {TABLE} at (0,0) size 62x29 [border: (1px outset #808080)]
        LayoutTableSection {TBODY} at (1,1) size 60x27
          LayoutTableRow {TR} at (0,2) size 60x23
            LayoutTableCell {TD} at (2,2) size 56x23 [border: (1px inset #808080)] [r=0 c=0 rs=1 cs=1]
              LayoutMenuList {SELECT} at (2,3) size 52x18 [bgcolor=#F8F8F8]
                LayoutBlockFlow (anonymous) at (0,0) size 52x18
                  LayoutText (anonymous) at (8,2) size 21x13
                    text run at (8,2) width 21: "test"
      LayoutBlockFlow {P} at (0,45) size 784x18
        LayoutText {#text} at (0,0) size 459x18
          text run at (0,0) width 459: "The select element in the table above must not spill outside of the table."
