layer at (0,0) size 800x600
  LayoutView at (0,0) size 800x600
layer at (0,0) size 800x600
  LayoutBlockFlow {HTML} at (0,0) size 800x600
    LayoutBlockFlow {BODY} at (8,8) size 784x576
      LayoutBlockFlow {P} at (0,0) size 784x18
        LayoutText {#text} at (0,0) size 54x18
          text run at (0,0) width 54: "Test for "
        LayoutInline {I} at (0,0) size 659x18
          LayoutInline {A} at (0,0) size 305x18 [color=#0000EE]
            LayoutText {#text} at (53,0) size 305x18
              text run at (53,0) width 305: "http://bugs.webkit.org/show_bug.cgi?id=12345"
          LayoutText {#text} at (357,0) size 355x18
            text run at (357,0) width 5: " "
            text run at (361,0) width 351: "REGRESSION: Disabled pop-up text is not grayed out"
        LayoutText {#text} at (711,0) size 5x18
          text run at (711,0) width 5: "."
      LayoutBlockFlow {P} at (0,34) size 784x18
        LayoutMenuList {SELECT} at (0,0) size 156x18 [color=#808080] [bgcolor=#F8F8F8]
          LayoutBlockFlow (anonymous) at (0,0) size 156x18
            LayoutText (anonymous) at (8,2) size 125x13
              text run at (8,2) width 125: "This text should be gray"
        LayoutText {#text} at (0,0) size 0x0
      LayoutBlockFlow {P} at (0,68) size 784x18
        LayoutMenuList {SELECT} at (0,0) size 161x18 [bgcolor=#F8F8F8]
          LayoutBlockFlow (anonymous) at (0,0) size 161x18
            LayoutText (anonymous) at (8,2) size 130x13
              text run at (8,2) width 130: "This text should be black"
        LayoutText {#text} at (0,0) size 0x0
