layer at (0,0) size 800x600
  LayoutView at (0,0) size 800x600
layer at (0,0) size 800x600
  LayoutBlockFlow {HTML} at (0,0) size 800x600
    LayoutBlockFlow {BODY} at (8,8) size 784x584
      LayoutBlockFlow {P} at (0,0) size 784x18
        LayoutText {#text} at (0,0) size 372x18
          text run at (0,0) width 372: "The select below has a size of 3, but a much larger height."
      LayoutBlockFlow (anonymous) at (0,34) size 784x250
        LayoutText {#text} at (0,0) size 0x0
layer at (8,42) size 58x250 clip at (9,43) size 45x248
  LayoutListBox {SELECT} at (0,0) size 57.66x250 [bgcolor=#FFFFFF] [border: (1px solid #999999)]
    LayoutBlockFlow {OPTION} at (1,1) size 44.66x14.19
      LayoutText {#text} at (2,0) size 20x13
        text run at (2,0) width 20: "one"
    LayoutBlockFlow {OPTION} at (1,15.19) size 44.66x14.19
      LayoutText {#text} at (2,0) size 19x13
        text run at (2,0) width 19: "two"
    LayoutBlockFlow {OPTION} at (1,29.38) size 44.66x14.19
      LayoutText {#text} at (2,0) size 28x13
        text run at (2,0) width 28: "three"
    LayoutBlockFlow {OPTION} at (1,43.56) size 44.66x14.19
      LayoutText {#text} at (2,0) size 21x13
        text run at (2,0) width 21: "four"
    LayoutBlockFlow {OPTION} at (1,57.75) size 44.66x14.19
      LayoutText {#text} at (2,0) size 19x13
        text run at (2,0) width 19: "five"
    LayoutBlockFlow {OPTION} at (1,71.94) size 44.66x14.19
      LayoutText {#text} at (2,0) size 15x13
        text run at (2,0) width 15: "six"
    LayoutBlockFlow {OPTION} at (1,86.13) size 44.66x14.19
      LayoutText {#text} at (2,0) size 31x13
        text run at (2,0) width 31: "seven"
    LayoutBlockFlow {OPTION} at (1,100.31) size 44.66x14.19
      LayoutText {#text} at (2,0) size 27x13
        text run at (2,0) width 27: "eight"
    LayoutBlockFlow {OPTION} at (1,114.50) size 44.66x14.19
      LayoutText {#text} at (2,0) size 22x13
        text run at (2,0) width 22: "nine"
    LayoutBlockFlow {OPTION} at (1,128.69) size 44.66x14.19
      LayoutText {#text} at (2,0) size 17x13
        text run at (2,0) width 17: "ten"
    LayoutBlockFlow {OPTION} at (1,142.88) size 44.66x14.19
      LayoutText {#text} at (2,0) size 34x13
        text run at (2,0) width 34: "eleven"
    LayoutBlockFlow {OPTION} at (1,157.06) size 44.66x14.19
      LayoutText {#text} at (2,0) size 34x13
        text run at (2,0) width 34: "twelve"
    LayoutBlockFlow {OPTION} at (1,171.25) size 44.66x14.19
      LayoutText {#text} at (2,0) size 41x13
        text run at (2,0) width 41: "thirteen"
