layer at (0,0) size 800x600
  LayoutView at (0,0) size 800x600
layer at (0,0) size 800x50
  LayoutBlockFlow {HTML} at (0,0) size 800x50
    LayoutBlockFlow {BODY} at (8,16) size 784x18
      LayoutBlockFlow {P} at (0,0) size 784x18
        LayoutText {#text} at (0,0) size 309x18
          text run at (0,0) width 309: "Test passes if there is no red visible on the page."
layer at (8,50) size 784x0
  LayoutBlockFlow (relative positioned) {DIV} at (0,34) size 784x0
layer at (8,50) size 306x6
  LayoutIFrame (positioned) {IFRAME} at (0,0) size 306x6 [border: (3px solid #FF0000)]
    layer at (0,0) size 300x0 scrollHeight 8
      LayoutView at (0,0) size 300x0
    layer at (0,0) size 285x8 backgroundClip at (0,0) size 0x0 clip at (0,0) size 0x0
      LayoutBlockFlow {HTML} at (0,0) size 285x8
        LayoutBlockFlow {BODY} at (8,8) size 269x0
layer at (8,50) size 306x6
  LayoutBlockFlow (positioned) {DIV} at (0,0) size 306x6 [border: (3px solid #008000)]
