layer at (0,0) size 800x600
  LayoutView at (0,0) size 800x600
layer at (0,0) size 800x50
  LayoutBlockFlow {HTML} at (0,0) size 800x50
    LayoutBlockFlow {BODY} at (8,16) size 784x18
      LayoutBlockFlow {P} at (0,0) size 784x18
        LayoutText {#text} at (0,0) size 432x18
          text run at (0,0) width 432: "Test passes if the orange and blue boxes below are the same height."
layer at (8,50) size 784x0
  LayoutBlockFlow (relative positioned) {DIV} at (0,34) size 784x0
layer at (104,74) size 96x48
  LayoutBlockFlow (positioned) {DIV} at (96,24) size 96x48 [bgcolor=#0000FF]
layer at (8,74) size 96x48
  LayoutBlockFlow (positioned) {DIV} at (0,24) size 96x48 [bgcolor=#FFA500]
    LayoutText {#text} at (0,0) size 96x96
      text run at (0,0) width 96: " "
