layer at (0,0) size 800x600
  LayoutView at (0,0) size 800x600
layer at (0,0) size 800x274
  LayoutBlockFlow {HTML} at (0,0) size 800x274
    LayoutBlockFlow {BODY} at (8,16) size 784x250
      LayoutBlockFlow {P} at (0,0) size 784x36
        LayoutText {#text} at (0,0) size 754x36
          text run at (0,0) width 754: "Test passes if the blue and orange boxes below are the same width, and they are horizontally centered inside the black"
          text run at (0,18) width 28: "box."
      LayoutBlockFlow {DIV} at (0,52) size 198x198 [border: (3px solid #000000)]
        LayoutImage {IMG} at (91.50,3) size 15x15
        LayoutBlockFlow {DIV} at (3,18) size 192x15 [color=#FFA500]
          LayoutText {#text} at (88,0) size 16x15
            text run at (88,0) width 16: "X"
