layer at (0,0) size 800x600
  LayoutView at (0,0) size 800x600
layer at (0,0) size 800x138 layerType: background only
layer at (8,50) size 784x80
  LayoutBlockFlow (positioned) zI: -1 {DIV} at (0,0) size 784x80 [bgcolor=#FF0000]
    LayoutText zI: -1 {#text} at (0,31) size 12x18
      text run at (0,31) width 12: "X"
layer at (0,0) size 800x138 layerType: foreground only
  LayoutBlockFlow {HTML} at (0,0) size 800x138
    LayoutBlockFlow {BODY} at (8,16) size 784x114
      LayoutBlockFlow {P} at (0,0) size 784x18
        LayoutText {#text} at (0,0) size 627x18
          text run at (0,0) width 627: "Test passes if there is a wide bright green rectangle below with one \"X\" in it and if there is no red."
layer at (8,50) size 784x80
  LayoutBlockFlow (relative positioned) {DIV} at (0,34) size 784x80
    LayoutBlockFlow {DIV} at (0,0) size 784x80 [bgcolor=#00FF00]
      LayoutInline {SPAN} at (0,0) size 0x18
      LayoutText {#text} at (0,31) size 12x18
        text run at (0,31) width 12: "X"
