layer at (0,0) size 800x600
  LayoutView at (0,0) size 800x600
layer at (0,0) size 800x50
  LayoutBlockFlow {HTML} at (0,0) size 800x50
    LayoutBlockFlow {BODY} at (8,16) size 784x18
      LayoutBlockFlow {P} at (0,0) size 784x18
        LayoutText {#text} at (0,0) size 8x18
          text run at (0,0) width 8: "a"
        LayoutTable {SPAN} at (7.09,0) size 8x18
          LayoutTableSection (anonymous) at (0,0) size 8x18
            LayoutTableRow (anonymous) at (0,0) size 8x18
              LayoutTableCell (anonymous) at (0,0) size 8x18 [r=0 c=0 rs=1 cs=1]
                LayoutText {#text} at (0,0) size 8x18
                  text run at (0,0) width 8: "b"
        LayoutText {#text} at (15,0) size 8x18
          text run at (15,0) width 8: "c"
