layer at (0,0) size 800x600
  LayoutView at (0,0) size 800x600
layer at (0,0) size 800x258
  LayoutBlockFlow {HTML} at (0,0) size 800x258
    LayoutBlockFlow {BODY} at (8,16) size 784x234
      LayoutBlockFlow {P} at (0,0) size 784x18
        LayoutText {#text} at (0,0) size 194x18
          text run at (0,0) width 194: "There should be no red below."
      LayoutBlockFlow {DIV} at (0,34) size 600x200 [bgcolor=#FF0000]
        LayoutBlockFlow {P} at (0,0) size 600x100 [bgcolor=#008000]
          LayoutImage (floating) {IMG} at (0,0) size 100x100
          LayoutImage {IMG} at (0,100) size 600x100
          LayoutText {#text} at (0,0) size 0x0
