layer at (0,0) size 800x600
  LayoutView at (0,0) size 800x600
layer at (0,0) size 800x271
  LayoutBlockFlow {HTML} at (0,0) size 800x271
    LayoutBlockFlow {BODY} at (8,8) size 784x255
      LayoutBlockFlow {DIV} at (0,0) size 784x18
        LayoutText {#text} at (0,0) size 305x18
          text run at (0,0) width 305: "All twenty images should be identically square."
      LayoutBlockFlow (anonymous) at (0,18) size 784x237
        LayoutInline {P} at (0,0) size 75x18
          LayoutImage {IMG} at (0,0) size 75x75
        LayoutText {#text} at (75,61) size 4x18
          text run at (75,61) width 4: " "
        LayoutText {#text} at (0,0) size 0x0
        LayoutInline {P} at (0,0) size 75x18
          LayoutImage {IMG} at (79,0) size 75x75
        LayoutText {#text} at (154,61) size 4x18
          text run at (154,61) width 4: " "
        LayoutText {#text} at (0,0) size 0x0
        LayoutInline {P} at (0,0) size 75x18
          LayoutImage {IMG} at (158,0) size 75x75
        LayoutText {#text} at (233,61) size 4x18
          text run at (233,61) width 4: " "
        LayoutText {#text} at (0,0) size 0x0
        LayoutInline {P} at (0,0) size 75x18
          LayoutImage {IMG} at (237,0) size 75x75
        LayoutText {#text} at (312,61) size 4x18
          text run at (312,61) width 4: " "
        LayoutText {#text} at (0,0) size 0x0
        LayoutInline {P} at (0,0) size 75x18
          LayoutImage {IMG} at (316,0) size 75x75
        LayoutText {#text} at (391,61) size 4x18
          text run at (391,61) width 4: " "
        LayoutText {#text} at (0,0) size 0x0
        LayoutInline {P} at (0,0) size 75x18
          LayoutImage {IMG} at (395,0) size 75x75
        LayoutText {#text} at (470,61) size 4x18
          text run at (470,61) width 4: " "
        LayoutText {#text} at (0,0) size 0x0
        LayoutInline {P} at (0,0) size 75x18
          LayoutImage {IMG} at (474,0) size 75x75
        LayoutText {#text} at (549,61) size 4x18
          text run at (549,61) width 4: " "
        LayoutText {#text} at (0,0) size 0x0
        LayoutInline {P} at (0,0) size 75x18
          LayoutImage {IMG} at (553,0) size 75x75
        LayoutText {#text} at (628,61) size 4x18
          text run at (628,61) width 4: " "
        LayoutText {#text} at (0,0) size 0x0
        LayoutInline {P} at (0,0) size 75x18
          LayoutImage {IMG} at (632,0) size 75x75
        LayoutText {#text} at (0,0) size 0x0
        LayoutText {#text} at (0,0) size 0x0
        LayoutInline {P} at (0,0) size 75x18
          LayoutImage {IMG} at (0,79) size 75x75
        LayoutText {#text} at (75,140) size 4x18
          text run at (75,140) width 4: " "
        LayoutText {#text} at (0,0) size 0x0
        LayoutInline {P} at (0,0) size 75x18
          LayoutImage {IMG} at (79,79) size 75x75
        LayoutText {#text} at (154,140) size 4x18
          text run at (154,140) width 4: " "
        LayoutText {#text} at (0,0) size 0x0
        LayoutInline {P} at (0,0) size 75x18
          LayoutImage {IMG} at (158,79) size 75x75
        LayoutText {#text} at (233,140) size 4x18
          text run at (233,140) width 4: " "
        LayoutText {#text} at (0,0) size 0x0
        LayoutInline {P} at (0,0) size 75x18
          LayoutImage {IMG} at (237,79) size 75x75
        LayoutText {#text} at (312,140) size 4x18
          text run at (312,140) width 4: " "
        LayoutText {#text} at (0,0) size 0x0
        LayoutInline {P} at (0,0) size 75x18
          LayoutImage {IMG} at (316,79) size 75x75
        LayoutText {#text} at (391,140) size 4x18
          text run at (391,140) width 4: " "
        LayoutText {#text} at (0,0) size 0x0
        LayoutInline {P} at (0,0) size 75x18
          LayoutImage {IMG} at (395,79) size 75x75
        LayoutText {#text} at (470,140) size 4x18
          text run at (470,140) width 4: " "
        LayoutText {#text} at (0,0) size 0x0
        LayoutInline {P} at (0,0) size 75x18
          LayoutImage {IMG} at (474,79) size 75x75
        LayoutText {#text} at (549,140) size 4x18
          text run at (549,140) width 4: " "
        LayoutText {#text} at (0,0) size 0x0
        LayoutInline {P} at (0,0) size 75x18
          LayoutImage {IMG} at (553,79) size 75x75
        LayoutText {#text} at (628,140) size 4x18
          text run at (628,140) width 4: " "
        LayoutText {#text} at (0,0) size 0x0
        LayoutInline {P} at (0,0) size 75x18
          LayoutImage {IMG} at (632,79) size 75x75
        LayoutText {#text} at (0,0) size 0x0
        LayoutText {#text} at (0,0) size 0x0
        LayoutInline {P} at (0,0) size 75x18
          LayoutImage {IMG} at (0,158) size 75x75
        LayoutText {#text} at (75,219) size 4x18
          text run at (75,219) width 4: " "
        LayoutText {#text} at (0,0) size 0x0
        LayoutInline {P} at (0,0) size 75x18
          LayoutImage {IMG} at (79,158) size 75x75
        LayoutText {#text} at (0,0) size 0x0
        LayoutText {#text} at (0,0) size 0x0
