layer at (0,0) size 800x600 scrollHeight 634
  LayoutView at (0,0) size 800x600
layer at (0,0) size 800x536
  LayoutBlockFlow {html} at (0,0) size 800x536
    LayoutBlockFlow {body} at (8,16) size 784x470
      LayoutBlockFlow {p} at (0,0) size 784x20
        LayoutText {#text} at (0,0) size 550x19
          text run at (0,0) width 318: "CSS Transformed HTML div with SVG inside it. "
          text run at (317,0) width 233: "objectBoundingBox patterns on text."
layer at (58,86) size 400x400
  LayoutBlockFlow {div} at (50,70) size 400x400
    LayoutSVGRoot {svg} at (0,0) size 400x300
      LayoutSVGResourcePattern {pattern} [id="pat1"] [patternUnits=objectBoundingBox] [patternContentUnits=userSpaceOnUse]
        LayoutSVGRect {rect} at (5,5) size 10x10 [fill={[type=SOLID] [color=#FF0000]}] [x=5.00] [y=5.00] [width=10.00] [height=10.00]
        LayoutSVGRect {rect} at (10,10) size 10x10 [fill={[type=SOLID] [color=#008000]}] [x=10.00] [y=10.00] [width=10.00] [height=10.00]
      LayoutSVGRect {rect} at (25,10) size 430x60 [stroke={[type=SOLID] [color=#000000]}] [fill={[type=PATTERN] [id="pat1"]}] [x=25.00] [y=10.00] [width=430.00] [height=60.00]
      LayoutSVGText {text} at (25,73) size 406.80x15.59 contains 1 chunk(s)
        LayoutSVGInlineText {#text} at (25,73) size 406.80x15.59
          chunk 1 text run 1 at (25.00,85.00) startOffset 0 endOffset 75 width 406.80: "Pattern created using red and green rectangles applied to fill of rectangle"
      LayoutSVGResourcePattern {pattern} [id="pat2"] [patternUnits=objectBoundingBox] [patternContentUnits=userSpaceOnUse]
        LayoutSVGRect {rect} at (0,0) size 10x10 [fill={[type=SOLID] [color=#FF0000]}] [x=0.00] [y=0.00] [width=10.00] [height=10.00]
        LayoutSVGRect {rect} at (10,0) size 10x10 [fill={[type=SOLID] [color=#008000]}] [x=10.00] [y=0.00] [width=10.00] [height=10.00]
        LayoutSVGRect {rect} at (0,10) size 10x10 [fill={[type=SOLID] [color=#0000FF]}] [x=0.00] [y=10.00] [width=10.00] [height=10.00]
        LayoutSVGRect {rect} at (10,10) size 10x10 [fill={[type=SOLID] [color=#FFFF00]}] [x=10.00] [y=10.00] [width=10.00] [height=10.00]
      LayoutSVGRect {rect} at (35,110) size 410x40 [stroke={[type=PATTERN] [id="pat2"] [stroke width=20.00]}] [x=35.00] [y=110.00] [width=410.00] [height=40.00]
      LayoutSVGText {text} at (25,163) size 318x15.59 contains 1 chunk(s)
        LayoutSVGInlineText {#text} at (25,163) size 318x15.59
          chunk 1 text run 1 at (25.00,175.00) startOffset 0 endOffset 59 width 318.00: "Pattern of 4 rectangles applied to a stroke of a rectangle."
      LayoutSVGResourcePattern {pattern} [id="pat3"] [patternUnits=objectBoundingBox] [patternContentUnits=userSpaceOnUse]
        LayoutSVGRect {rect} at (0,0) size 10x10 [fill={[type=SOLID] [color=#FF0000]}] [x=0.00] [y=0.00] [width=10.00] [height=10.00]
        LayoutSVGRect {rect} at (0,10) size 10x10 [fill={[type=SOLID] [color=#008000]}] [x=0.00] [y=10.00] [width=10.00] [height=10.00]
      LayoutSVGText {text} at (25,174.39) size 292.80x56.39 contains 1 chunk(s)
        LayoutSVGInlineText {#text} at (25,174.39) size 292.80x56.39
          chunk 1 text run 1 at (25.00,220.00) startOffset 0 endOffset 15 width 292.80: "Pattern on fill"
      LayoutSVGText {text} at (25,223) size 214.80x15.59 contains 1 chunk(s)
        LayoutSVGInlineText {#text} at (25,223) size 214.80x15.59
          chunk 1 text run 1 at (25.00,235.00) startOffset 0 endOffset 38 width 214.80: "Pattern consists of red and green rows"
      LayoutSVGResourcePattern {pattern} [id="pat4"] [patternUnits=objectBoundingBox] [patternContentUnits=userSpaceOnUse]
        LayoutSVGRect {rect} at (0,0) size 10x10 [fill={[type=SOLID] [color=#FF0000]}] [x=0.00] [y=0.00] [width=10.00] [height=10.00]
        LayoutSVGRect {rect} at (10,0) size 10x10 [fill={[type=SOLID] [color=#0000FF]}] [x=10.00] [y=0.00] [width=10.00] [height=10.00]
      LayoutSVGText {text} at (25,237.80) size 298.80x45.59 contains 1 chunk(s)
        LayoutSVGInlineText {#text} at (25,237.80) size 298.80x45.59
          chunk 1 text run 1 at (25.00,275.00) startOffset 0 endOffset 17 width 298.80: "Pattern on stroke"
      LayoutSVGText {text} at (25,278) size 226.80x15.59 contains 1 chunk(s)
        LayoutSVGInlineText {#text} at (25,278) size 226.80x15.59
          chunk 1 text run 1 at (25.00,290.00) startOffset 0 endOffset 40 width 226.80: "Pattern consists of red and blue columns"
      LayoutSVGText {text} at (10,305.19) size 264x44.39 contains 1 chunk(s)
        LayoutSVGInlineText {#text} at (10,305.19) size 264x44.39
          chunk 1 text run 1 at (10.00,340.00) startOffset 0 endOffset 16 width 264.00: "$Revision: 1.6 $"
      LayoutSVGRect {rect} at (1,1) size 478x358 [stroke={[type=SOLID] [color=#000000]}] [x=1.00] [y=1.00] [width=478.00] [height=358.00]
    LayoutText {#text} at (0,0) size 0x0
