layer at (0,0) size 800x600
  LayoutView at (0,0) size 800x600
layer at (0,0) size 800x353
  LayoutBlockFlow {HTML} at (0,0) size 800x353
    LayoutBlockFlow {BODY} at (8,16) size 784x329
      LayoutBlockFlow {P} at (0,0) size 784x20
        LayoutText {#text} at (0,0) size 490x19
          text run at (0,0) width 490: "You should see a reflected video below, rather than the red video background."
layer at (8,52) size 300x293
  LayoutBlockFlow {DIV} at (0,36) size 300x293
    LayoutText {#text} at (0,0) size 0x0
layer at (8,52) size 352x288
  LayoutVideo {VIDEO} at (0,0) size 352x288 [bgcolor=#FF0000]
layer at (8,52) size 352x288
  LayoutFlexibleBox (relative positioned) {DIV} at (0,0) size 352x288
    LayoutFlexibleBox {DIV} at (0,0) size 352x288
layer at (8,52) size 352x288
  LayoutBlockFlow (positioned) {DIV} at (0,0) size 352x288
