layer at (0,0) size 800x600
  LayoutView at (0,0) size 800x600
layer at (0,0) size 800x464
  LayoutBlockFlow {HTML} at (0,0) size 800x464
    LayoutBlockFlow {BODY} at (8,8) size 784x448
      LayoutBlockFlow {DIV} at (0,0) size 784x18
        LayoutText {#text} at (0,0) size 60x18
          text run at (0,0) width 60: "Test Rect"
      LayoutBlockFlow (anonymous) at (0,18) size 784x206
        LayoutText {#text} at (0,0) size 0x0
      LayoutBlockFlow {DIV} at (0,224) size 784x18
        LayoutText {#text} at (0,0) size 71x18
          text run at (0,0) width 71: "Test Image"
      LayoutBlockFlow (anonymous) at (0,242) size 784x206
        LayoutText {#text} at (0,0) size 0x0
layer at (8,26) size 202x202
  LayoutHTMLCanvas {CANVAS} at (0,0) size 202x202 [border: (1px solid #999999)]
layer at (8,250) size 202x202
  LayoutHTMLCanvas {CANVAS} at (0,0) size 202x202 [border: (1px solid #999999)]
