EDITING DELEGATE: webViewDidChangeSelection:WebViewDidChangeSelectionNotification
EDITING DELEGATE: webViewDidChangeSelection:WebViewDidChangeSelectionNotification
EDITING DELEGATE: webViewDidChange:WebViewDidChangeNotification
layer at (0,0) size 800x600
  LayoutView at (0,0) size 800x600
layer at (0,0) size 800x600
  LayoutBlockFlow {HTML} at (0,0) size 800x600
    LayoutBlockFlow {BODY} at (8,8) size 784x584
      LayoutBlockFlow {P} at (0,0) size 784x18
        LayoutText {#text} at (0,0) size 753x18
          text run at (0,0) width 753: "This tests to make sure that rich editing commands like Bold can be performed on text in a document in design mode."
      LayoutBlockFlow {DIV} at (0,34) size 784x18
        LayoutInline {B} at (0,0) size 168x18
          LayoutText {#text} at (0,0) size 168x18
            text run at (0,0) width 168: "This text should be bold."
selection start: position 0 of child 0 {#text} of child 0 {B} of child 2 {DIV} of body
selection end:   position 25 of child 0 {#text} of child 0 {B} of child 2 {DIV} of body
