layer at (0,0) size 800x600
  LayoutView at (0,0) size 800x600
layer at (0,0) size 800x600
  LayoutBlockFlow {HTML} at (0,0) size 800x600
    LayoutBlockFlow {BODY} at (8,8) size 784x573.28
      LayoutBlockFlow {P} at (0,0) size 784x20
        LayoutText {#text} at (0,0) size 52x19
          text run at (0,0) width 52: "Test for "
        LayoutInline {A} at (0,0) size 300x19 [color=#0000EE]
          LayoutText {#text} at (51,0) size 300x19
            text run at (51,0) width 300: "http://bugs.webkit.org/show_bug.cgi?id=15260"
        LayoutText {#text} at (350,0) size 155x19
          text run at (350,0) width 155: "Any styles defined after "
        LayoutInline {ELEMENT} at (0,0) size 203x19
          LayoutText {#text} at (504,0) size 9x19
            text run at (504,0) width 9: "{"
          LayoutInline {PROPERTY} at (0,0) size 195x19
            LayoutText {#text} at (512,0) size 195x19
              text run at (512,0) width 195: ":%} style are ignored by Safari"
      LayoutBlockFlow {H3} at (0,38.72) size 784x23 [color=#008000]
        LayoutText {#text} at (0,0) size 254x22
          text run at (0,0) width 254: "This text should show in green."
