layer at (0,0) size 800x600
  LayoutView at (0,0) size 800x600
layer at (0,0) size 800x128
  LayoutBlockFlow {test} at (0,0) size 800x128
    LayoutBlockFlow {div} at (0,0) size 800x128
      LayoutBlockFlow {address} at (16,0) size 784x20 [bgcolor=#00FF00]
        LayoutText {#text} at (0,0) size 331x19
          text run at (0,0) width 331: "A first address that should have a green background"
      LayoutBlockFlow {address} at (16,36) size 784x20 [bgcolor=#00FF00]
        LayoutText {#text} at (0,0) size 351x19
          text run at (0,0) width 351: "A second address that should have a green background"
      LayoutBlockFlow {address} at (16,72) size 784x20
        LayoutText {#text} at (0,0) size 258x19
          text run at (0,0) width 258: "A third address with normal background"
      LayoutBlockFlow (anonymous) at (0,108) size 800x20
        LayoutText {#text} at (0,0) size 289x19
          text run at (0,0) width 289: "This div should have three addresses above it."
