layer at (0,0) size 800x600
  LayoutView at (0,0) size 800x600
layer at (0,0) size 800x72
  LayoutBlockFlow {test} at (0,0) size 800x72
    LayoutBlockFlow {p} at (0,16) size 800x20 [bgcolor=#00FF00]
      LayoutText {#text} at (0,0) size 484x19
        text run at (0,0) width 406: "This paragraph should have green background because CLASS "
        text run at (406,0) width 78: "contains \"b\""
    LayoutBlockFlow {address} at (0,52) size 800x20 [bgcolor=#00FF00]
      LayoutInline {span} at (0,0) size 156x19
        LayoutText {#text} at (0,0) size 156x19
          text run at (0,0) width 156: "This address should also"
      LayoutText {#text} at (156,0) size 4x19
        text run at (156,0) width 4: " "
      LayoutInline {span} at (0,0) size 598x19
        LayoutText {#text} at (160,0) size 598x19
          text run at (160,0) width 350: "have green background because the selector in the last "
          text run at (510,0) width 248: "rule does not apply to the inner SPANs."
      LayoutText {#text} at (0,0) size 0x0
