layer at (0,0) size 800x600
  LayoutView at (0,0) size 800x600
layer at (0,0) size 800x88
  LayoutBlockFlow {test} at (0,0) size 800x88
    LayoutBlockFlow {p} at (0,16) size 800x20
      LayoutText {#text} at (0,0) size 82x19
        text run at (0,0) width 82: "This test has "
      LayoutInline {span} at (0,0) size 60x19
        LayoutInline {<pseudo:before>} at (0,0) size 60x19 [bgcolor=#00FF00]
          LayoutTextFragment (anonymous) at (82,0) size 60x19
            text run at (82,0) width 60: "PASSED"
      LayoutText {#text} at (142,0) size 4x19
        text run at (142,0) width 4: "."
    LayoutBlockFlow {p} at (0,52) size 800x20
      LayoutText {#text} at (0,0) size 445x19
        text run at (0,0) width 445: "(If the previous line just reads \"This test has .\" then this test has failed.)"
