layer at (0,0) size 800x600
  LayoutView at (0,0) size 800x600
layer at (0,0) size 800x72
  LayoutBlockFlow {test} at (0,0) size 800x72
    LayoutBlockFlow {p} at (0,16) size 800x20 [bgcolor=#00FF00]
      LayoutText {#text} at (0,0) size 494x19
        text run at (0,0) width 494: "This paragraph should have green background because its language is \"en-gb\""
    LayoutBlockFlow {address} at (0,52) size 800x20 [bgcolor=#00FF00]
      LayoutInline {span} at (0,0) size 156x19
        LayoutText {#text} at (0,0) size 156x19
          text run at (0,0) width 156: "This address should also"
      LayoutText {#text} at (156,0) size 4x19
        text run at (156,0) width 4: " "
      LayoutInline {span} at (0,0) size 506x19
        LayoutText {#text} at (160,0) size 506x19
          text run at (160,0) width 418: "have green background because the language of the inner SPANs "
          text run at (578,0) width 88: "is not French."
      LayoutText {#text} at (0,0) size 0x0
