layer at (0,0) size 800x600
  LayoutView at (0,0) size 800x600
layer at (0,0) size 800x416
  LayoutBlockFlow {test} at (0,0) size 800x416
    LayoutBlockFlow {p} at (0,16) size 800x20
      LayoutText {#text} at (0,0) size 329x19
        text run at (0,0) width 329: "This paragraph is here only to fill space in the DOM"
    LayoutBlockFlow {address} at (0,52) size 800x20
      LayoutText {#text} at (0,0) size 136x19
        text run at (0,0) width 136: "And this address too.."
    LayoutBlockFlow {p} at (0,88) size 800x20
      LayoutText {#text} at (0,0) size 152x19
        text run at (0,0) width 152: "So does this paragraph !"
    LayoutBlockFlow {p} at (0,124) size 800x20 [bgcolor=#00FF00]
      LayoutText {#text} at (0,0) size 274x19
        text run at (0,0) width 274: "But this one should have green background"
    LayoutBlockFlow {dl} at (0,160) size 800x240
      LayoutBlockFlow {dt} at (0,0) size 800x20 [bgcolor=#00FF00]
        LayoutText {#text} at (0,0) size 349x19
          text run at (0,0) width 349: "First definition term that should have green background"
      LayoutBlockFlow {dd} at (40,20) size 760x20 [bgcolor=#00FF00]
        LayoutText {#text} at (0,0) size 317x19
          text run at (0,0) width 317: "First definition that should have green background"
      LayoutBlockFlow {dt} at (0,40) size 800x20
        LayoutText {#text} at (0,0) size 143x19
          text run at (0,0) width 143: "Second definition term"
      LayoutBlockFlow {dd} at (40,60) size 760x20
        LayoutText {#text} at (0,0) size 111x19
          text run at (0,0) width 111: "Second definition"
      LayoutBlockFlow {dt} at (0,80) size 800x20
        LayoutText {#text} at (0,0) size 131x19
          text run at (0,0) width 131: "Third definition term"
      LayoutBlockFlow {dd} at (40,100) size 760x20
        LayoutText {#text} at (0,0) size 99x19
          text run at (0,0) width 99: "Third definition"
      LayoutBlockFlow {dt} at (0,120) size 800x20 [bgcolor=#00FF00]
        LayoutText {#text} at (0,0) size 363x19
          text run at (0,0) width 363: "Fourth definition term that should have green background"
      LayoutBlockFlow {dd} at (40,140) size 760x20 [bgcolor=#00FF00]
        LayoutText {#text} at (0,0) size 331x19
          text run at (0,0) width 331: "Fourth definition that should have green background"
      LayoutBlockFlow {dt} at (0,160) size 800x20
        LayoutText {#text} at (0,0) size 126x19
          text run at (0,0) width 126: "Fifth definition term"
      LayoutBlockFlow {dd} at (40,180) size 760x20
        LayoutText {#text} at (0,0) size 94x19
          text run at (0,0) width 94: "Fifth definition"
      LayoutBlockFlow {dt} at (0,200) size 800x20
        LayoutText {#text} at (0,0) size 129x19
          text run at (0,0) width 129: "Sixth definition term"
      LayoutBlockFlow {dd} at (40,220) size 760x20
        LayoutText {#text} at (0,0) size 97x19
          text run at (0,0) width 97: "Sixth definition"
