layer at (0,0) size 800x600
  LayoutView at (0,0) size 800x600
layer at (0,0) size 800x196
  LayoutBlockFlow {test} at (0,0) size 800x196
    LayoutBlockFlow {div} at (0,16) size 800x164
      LayoutBlockFlow {p} at (0,0) size 800x20
        LayoutText {#text} at (0,0) size 221x19
          text run at (0,0) width 221: "This paragraph should be unstyled."
      LayoutBlockFlow {address} at (0,36) size 800x20 [bgcolor=#00FF00]
        LayoutText {#text} at (0,0) size 293x19
          text run at (0,0) width 293: "This address should have a green background."
      LayoutBlockFlow {address} at (0,72) size 800x20 [bgcolor=#00FF00]
        LayoutText {#text} at (0,0) size 293x19
          text run at (0,0) width 293: "This address should have a green background."
      LayoutBlockFlow {q} at (0,108) size 800x20
        LayoutText {#text} at (0,0) size 221x19
          text run at (0,0) width 221: "This paragraph should be unstyled."
      LayoutBlockFlow {r} at (0,144) size 800x20 [bgcolor=#00FF00]
        LayoutText {#text} at (0,0) size 308x19
          text run at (0,0) width 308: "This paragraph should have a green background."
