layer at (0,0) size 800x600
  LayoutView at (0,0) size 800x600
layer at (0,0) size 800x416
  LayoutBlockFlow {test} at (0,0) size 800x416
    LayoutBlockFlow {p} at (0,16) size 800x20
      LayoutText {#text} at (0,0) size 221x19
        text run at (0,0) width 221: "This paragraph should be unstyled."
    LayoutBlockFlow {address} at (0,52) size 800x20
      LayoutText {#text} at (0,0) size 204x19
        text run at (0,0) width 204: "This address should be unstyled."
    LayoutBlockFlow {p} at (0,88) size 800x20 [bgcolor=#00FF00]
      LayoutText {#text} at (0,0) size 297x19
        text run at (0,0) width 297: "This paragraph should have green background."
    LayoutBlockFlow {p} at (0,124) size 800x20 [bgcolor=#00FF00]
      LayoutText {#text} at (0,0) size 297x19
        text run at (0,0) width 297: "This paragraph should have green background."
    LayoutBlockFlow {dl} at (0,160) size 800x240
      LayoutBlockFlow {dt} at (0,0) size 800x20 [bgcolor=#00FF00]
        LayoutText {#text} at (0,0) size 353x19
          text run at (0,0) width 353: "First definition term that should have green background."
      LayoutBlockFlow {dd} at (40,20) size 760x20 [bgcolor=#00FF00]
        LayoutText {#text} at (0,0) size 361x19
          text run at (0,0) width 361: "First definition that should also have a green background."
      LayoutBlockFlow {dt} at (0,40) size 800x20 [bgcolor=#00FF00]
        LayoutText {#text} at (0,0) size 372x19
          text run at (0,0) width 372: "Second definition term that should have green background."
      LayoutBlockFlow {dd} at (40,60) size 760x20 [bgcolor=#00FF00]
        LayoutText {#text} at (0,0) size 340x19
          text run at (0,0) width 340: "Second definition that should have green background."
      LayoutBlockFlow {dt} at (0,80) size 800x20
        LayoutText {#text} at (0,0) size 135x19
          text run at (0,0) width 135: "Third definition term."
      LayoutBlockFlow {dd} at (40,100) size 760x20
        LayoutText {#text} at (0,0) size 103x19
          text run at (0,0) width 103: "Third definition."
      LayoutBlockFlow {dt} at (0,120) size 800x20 [bgcolor=#00FF00]
        LayoutText {#text} at (0,0) size 367x19
          text run at (0,0) width 367: "Fourth definition term that should have green background."
      LayoutBlockFlow {dd} at (40,140) size 760x20 [bgcolor=#00FF00]
        LayoutText {#text} at (0,0) size 335x19
          text run at (0,0) width 335: "Fourth definition that should have green background."
      LayoutBlockFlow {dt} at (0,160) size 800x20 [bgcolor=#00FF00]
        LayoutText {#text} at (0,0) size 355x19
          text run at (0,0) width 355: "Fifth definition term that should have green background."
      LayoutBlockFlow {dd} at (40,180) size 760x20 [bgcolor=#00FF00]
        LayoutText {#text} at (0,0) size 323x19
          text run at (0,0) width 323: "Fifth definition that should have green background."
      LayoutBlockFlow {dt} at (0,200) size 800x20
        LayoutText {#text} at (0,0) size 133x19
          text run at (0,0) width 133: "Sixth definition term."
      LayoutBlockFlow {dd} at (40,220) size 760x20
        LayoutText {#text} at (0,0) size 101x19
          text run at (0,0) width 101: "Sixth definition."
