layer at (0,0) size 800x600
  LayoutView at (0,0) size 800x600
layer at (0,0) size 800x196
  LayoutBlockFlow {test} at (0,0) size 800x196
    LayoutBlockFlow {div} at (0,16) size 800x164
      LayoutBlockFlow {p} at (0,0) size 800x20
        LayoutText {#text} at (0,0) size 221x19
          text run at (0,0) width 221: "This paragraph should be unstyled."
      LayoutBlockFlow {p} at (0,36) size 800x20 [bgcolor=#00FF00]
        LayoutText {#text} at (0,0) size 285x19
          text run at (0,0) width 285: "But this one should have a green background"
      LayoutBlockFlow {p} at (0,72) size 800x20 [bgcolor=#00FF00]
        LayoutText {#text} at (0,0) size 319x19
          text run at (0,0) width 319: "And this one should also have a green background"
      LayoutBlockFlow {address} at (0,108) size 800x20
        LayoutText {#text} at (0,0) size 429x19
          text run at (0,0) width 429: "This address is only here to fill some space between two paragraphs"
      LayoutBlockFlow {p} at (0,144) size 800x20 [bgcolor=#00FF00]
        LayoutText {#text} at (0,0) size 304x19
          text run at (0,0) width 304: "This paragraph should have a green background"
