layer at (0,0) size 800x600 clip at (0,0) size 785x600 scrollHeight 671
  LayoutView at (0,0) size 800x600
layer at (0,0) size 785x671 backgroundClip at (0,0) size 785x600 clip at (0,0) size 785x600
  LayoutBlockFlow {HTML} at (0,0) size 785x671
    LayoutBlockFlow {BODY} at (8,8) size 769x634
      LayoutBlockFlow (anonymous) at (0,0) size 769x150
        LayoutInline {SPAN} at (0,0) size 270x128 [border: (5px solid #000000)]
          LayoutText {#text} at (5,16) size 57x18
            text run at (5,16) width 57: "This text"
          LayoutBR {BR} at (61,30) size 1x0
          LayoutText {#text} at (0,66) size 77x18
            text run at (0,66) width 77: "should have"
          LayoutBR {BR} at (76,80) size 1x0
          LayoutText {#text} at (0,116) size 265x18
            text run at (0,116) width 265: "a multi-line shadow with a border-radius."
        LayoutText {#text} at (0,0) size 0x0
      LayoutBlockFlow {DIV} at (0,150) size 120x120 [border: (10px solid #000000)]
        LayoutText {#text} at (10,10) size 88x54
          text run at (10,10) width 30: "50%"
          text run at (10,28) width 72: "transparent"
          text run at (10,46) width 88: "black shadow"
      LayoutTable {TABLE} at (0,270) size 187x260
        LayoutTableSection {TBODY} at (0,0) size 187x260
          LayoutTableRow {TR} at (0,10) size 187x40
            LayoutTableCell {TD} at (10,10) size 49x40 [border: (1px solid #000000)] [r=0 c=0 rs=1 cs=1]
              LayoutText {#text} at (11,11) size 27x18
                text run at (11,11) width 27: "Cell"
            LayoutTableCell {TD} at (69,10) size 49x40 [border: (1px solid #000000)] [r=0 c=1 rs=1 cs=1]
              LayoutText {#text} at (11,11) size 27x18
                text run at (11,11) width 27: "Cell"
            LayoutTableCell {TD} at (128,10) size 49x40 [border: (1px solid #000000)] [r=0 c=2 rs=1 cs=1]
              LayoutText {#text} at (11,11) size 27x18
                text run at (11,11) width 27: "Cell"
          LayoutTableRow {TR} at (0,60) size 187x40
            LayoutTableCell {TD} at (10,60) size 49x40 [border: (1px solid #000000)] [r=1 c=0 rs=1 cs=1]
              LayoutText {#text} at (11,11) size 27x18
                text run at (11,11) width 27: "Cell"
            LayoutTableCell {TD} at (69,60) size 49x40 [border: (1px solid #000000)] [r=1 c=1 rs=1 cs=1]
              LayoutText {#text} at (11,11) size 27x18
                text run at (11,11) width 27: "Cell"
            LayoutTableCell {TD} at (128,60) size 49x40 [border: (1px solid #000000)] [r=1 c=2 rs=1 cs=1]
              LayoutText {#text} at (11,11) size 27x18
                text run at (11,11) width 27: "Cell"
          LayoutTableRow {TR} at (0,110) size 187x40
            LayoutTableCell {TD} at (10,110) size 49x40 [border: (1px solid #000000)] [r=2 c=0 rs=1 cs=1]
              LayoutText {#text} at (11,11) size 27x18
                text run at (11,11) width 27: "Cell"
            LayoutTableCell {TD} at (69,110) size 49x40 [border: (1px solid #000000)] [r=2 c=1 rs=1 cs=1]
              LayoutText {#text} at (11,11) size 27x18
                text run at (11,11) width 27: "Cell"
            LayoutTableCell {TD} at (128,110) size 49x40 [border: (1px solid #000000)] [r=2 c=2 rs=1 cs=1]
              LayoutText {#text} at (11,11) size 27x18
                text run at (11,11) width 27: "Cell"
          LayoutTableRow {TR} at (0,160) size 187x40
            LayoutTableCell {TD} at (10,160) size 49x40 [border: (1px solid #000000)] [r=3 c=0 rs=1 cs=1]
              LayoutText {#text} at (11,11) size 27x18
                text run at (11,11) width 27: "Cell"
            LayoutTableCell {TD} at (69,160) size 49x40 [border: (1px solid #000000)] [r=3 c=1 rs=1 cs=1]
              LayoutText {#text} at (11,11) size 27x18
                text run at (11,11) width 27: "Cell"
            LayoutTableCell {TD} at (128,160) size 49x40 [border: (1px solid #000000)] [r=3 c=2 rs=1 cs=1]
              LayoutText {#text} at (11,11) size 27x18
                text run at (11,11) width 27: "Cell"
          LayoutTableRow {TR} at (0,210) size 187x40
            LayoutTableCell {TD} at (10,210) size 49x40 [border: (1px solid #000000)] [r=4 c=0 rs=1 cs=1]
              LayoutText {#text} at (11,11) size 27x18
                text run at (11,11) width 27: "Cell"
            LayoutTableCell {TD} at (69,210) size 49x40 [border: (1px solid #000000)] [r=4 c=1 rs=1 cs=1]
              LayoutText {#text} at (11,11) size 27x18
                text run at (11,11) width 27: "Cell"
            LayoutTableCell {TD} at (128,210) size 49x40 [border: (1px solid #000000)] [r=4 c=2 rs=1 cs=1]
              LayoutText {#text} at (11,11) size 27x18
                text run at (11,11) width 27: "Cell"
      LayoutBlockFlow {P} at (0,546) size 769x36
        LayoutText {#text} at (0,0) size 362x18
          text run at (0,0) width 362: "The first line of this div should have a box-shadow on it."
        LayoutBR {BR} at (361,14) size 1x0
        LayoutText {#text} at (0,18) size 180x18
          text run at (0,18) width 180: "This second line should not."
      LayoutBlockFlow {P} at (0,598) size 769x36
        LayoutBlockFlow (floating) {<pseudo:first-letter>} at (0,0) size 39.33x65 [bgcolor=#EEEEEE] [border: (1px solid #000000)]
          LayoutTextFragment (anonymous) at (5,5) size 30x55
            text run at (5,5) width 30: "T"
        LayoutTextFragment {#text} at (43,0) size 498x18
          text run at (43,0) width 498: "he first letter of this paragraph should have a border and a nice shadow effect."
        LayoutBR {BR} at (540,14) size 1x0
        LayoutText {#text} at (43,18) size 167x18
          text run at (43,18) width 167: "It should look pretty cool."
