layer at (0,0) size 800x600
  LayoutView at (0,0) size 800x600
layer at (0,0) size 800x600
  LayoutBlockFlow {HTML} at (0,0) size 800x600
    LayoutBlockFlow {BODY} at (8,8) size 784x552
      LayoutBlockFlow {P} at (0,0) size 784x18
        LayoutText {#text} at (0,0) size 443x18
          text run at (0,0) width 443: "You should see a circle with a shadow above a square with a shadow."
      LayoutBlockFlow {DIV} at (40,58) size 60x60 [bgcolor=#008000]
      LayoutBlockFlow {DIV} at (40,158) size 60x60 [bgcolor=#008000]
