layer at (0,0) size 800x600
  LayoutView at (0,0) size 800x600
layer at (0,0) size 800x588
  LayoutBlockFlow {HTML} at (0,0) size 800x588
    LayoutBlockFlow {BODY} at (8,16) size 784x564
      LayoutBlockFlow {P} at (0,0) size 784x18
        LayoutText {#text} at (0,0) size 422x18
          text run at (0,0) width 422: "The shadow should look identical relative to the box in each case."
      LayoutBlockFlow (anonymous) at (0,34) size 784x530
        LayoutBlockFlow {DIV} at (20,20) size 300x150
          LayoutText {#text} at (0,0) size 0x0
        LayoutText {#text} at (340,131) size 4x18
          text run at (340,131) width 4: " "
        LayoutBlockFlow {DIV} at (364,20) size 300x150
          LayoutText {#text} at (0,0) size 0x0
        LayoutText {#text} at (0,0) size 0x0
        LayoutBlockFlow {DIV} at (20,210) size 300x300
          LayoutText {#text} at (0,0) size 0x0
        LayoutText {#text} at (340,396) size 4x18
          text run at (340,396) width 4: " "
        LayoutBlockFlow {DIV} at (364,210) size 300x300
          LayoutText {#text} at (0,0) size 0x0
        LayoutText {#text} at (0,0) size 0x0
layer at (128,95) size 100x100
  LayoutBlockFlow (relative positioned) {DIV} at (100,25) size 100x100
layer at (472,95) size 100x100
  LayoutBlockFlow (relative positioned) {DIV} at (100,25) size 100x100
layer at (128,360) size 100x100
  LayoutBlockFlow (relative positioned) {DIV} at (100,100) size 100x100
layer at (472,360) size 100x100
  LayoutBlockFlow (relative positioned) {DIV} at (100,100) size 100x100
