layer at (0,0) size 800x600
  LayoutView at (0,0) size 800x600
layer at (0,0) size 800x592
  LayoutBlockFlow {HTML} at (0,0) size 800x592
    LayoutBlockFlow {BODY} at (8,8) size 784x576
      LayoutBlockFlow {DIV} at (4,4) size 280x280
        LayoutText {#text} at (0,0) size 0x0
      LayoutText {#text} at (288,180) size 4x18
        text run at (288,180) width 4: " "
      LayoutBlockFlow {DIV} at (296,4) size 280x280
        LayoutText {#text} at (0,0) size 0x0
      LayoutText {#text} at (580,180) size 4x18
        text run at (580,180) width 4: " "
      LayoutBR {BR} at (0,0) size 0x0
      LayoutBlockFlow {DIV} at (4,292) size 280x280
        LayoutText {#text} at (0,0) size 0x0
      LayoutText {#text} at (288,468) size 4x18
        text run at (288,468) width 4: " "
      LayoutBlockFlow {DIV} at (296,292) size 280x280
        LayoutText {#text} at (0,0) size 0x0
      LayoutText {#text} at (0,0) size 0x0
layer at (102,102) size 100x100
  LayoutBlockFlow (positioned) {DIV} at (102,102) size 100x100
layer at (102,102) size 100x100
  LayoutBlockFlow (relative positioned) {DIV} at (90,90) size 100x100
layer at (394,102) size 100x100
  LayoutBlockFlow (positioned) {DIV} at (394,102) size 100x100
layer at (394,102) size 100x100
  LayoutBlockFlow (relative positioned) {DIV} at (90,90) size 100x100
layer at (102,390) size 100x100
  LayoutBlockFlow (positioned) {DIV} at (102,390) size 100x100
layer at (102,390) size 100x100
  LayoutBlockFlow (relative positioned) {DIV} at (90,90) size 100x100
layer at (394,390) size 100x100
  LayoutBlockFlow (positioned) {DIV} at (394,390) size 100x100
layer at (394,390) size 100x100
  LayoutBlockFlow (relative positioned) {DIV} at (90,90) size 100x100
