layer at (0,0) size 800x600
  LayoutView at (0,0) size 800x600
layer at (0,0) size 800x514
  LayoutBlockFlow {HTML} at (0,0) size 800x514
    LayoutBlockFlow {BODY} at (8,8) size 784x0
      LayoutBlockFlow (floating) {DIV} at (0,0) size 123.56x506
        LayoutBlockFlow {DIV} at (10,10) size 40x40 [bgcolor=#FFFF77]
        LayoutTable {TABLE} at (10,290) size 40x40 [bgcolor=#FFFF77]
        LayoutBlockFlow (anonymous) at (0,340) size 123.56x64
          LayoutText {#text} at (0,0) size 0x0
        LayoutBlockFlow {P} at (0,420) size 123.56x18
          LayoutText {#text} at (0,0) size 47x18
            text run at (0,0) width 47: "Lorem "
          LayoutInline {SPAN} at (0,0) size 40x18
            LayoutText {#text} at (46,0) size 40x18
              text run at (46,0) width 40: "ipsum"
          LayoutText {#text} at (85,0) size 39x18
            text run at (85,0) width 39: " dolor"
        LayoutBlockFlow {P} at (0,454) size 123.56x36
          LayoutText {#text} at (0,0) size 86x18
            text run at (0,0) width 86: "Lorem ipsum"
          LayoutBR {BR} at (85,0) size 1x18
          LayoutText {#text} at (0,18) size 88x18
            text run at (0,18) width 88: "dolor sit amet"
      LayoutBlockFlow (floating) {DIV} at (133.56,0) size 123.56x454
        LayoutBlockFlow {DIV} at (10,10) size 40x40 [bgcolor=#FFFF77]
        LayoutTable {TABLE} at (10,290) size 40x40 [bgcolor=#FFFF77]
        LayoutBlockFlow (anonymous) at (0,340) size 123.56x64
          LayoutText {#text} at (0,0) size 0x0
        LayoutBlockFlow {P} at (0,420) size 123.56x18
          LayoutText {#text} at (0,0) size 47x18
            text run at (0,0) width 47: "Lorem "
          LayoutInline {SPAN} at (0,0) size 40x18
            LayoutText {#text} at (46,0) size 40x18
              text run at (46,0) width 40: "ipsum"
          LayoutText {#text} at (85,0) size 39x18
            text run at (85,0) width 39: " dolor"
      LayoutBlockFlow (floating) {DIV} at (267.13,0) size 123.56x454
        LayoutBlockFlow {DIV} at (10,10) size 40x40 [bgcolor=#FFFF77]
        LayoutTable {TABLE} at (10,290) size 40x40 [bgcolor=#FFFF77]
        LayoutBlockFlow (anonymous) at (0,340) size 123.56x64
          LayoutText {#text} at (0,0) size 0x0
        LayoutBlockFlow {P} at (0,420) size 123.56x18
          LayoutText {#text} at (0,0) size 47x18
            text run at (0,0) width 47: "Lorem "
          LayoutInline {SPAN} at (0,0) size 40x18
            LayoutText {#text} at (46,0) size 40x18
              text run at (46,0) width 40: "ipsum"
          LayoutText {#text} at (85,0) size 39x18
            text run at (85,0) width 39: " dolor"
      LayoutBlockFlow (floating) {DIV} at (400.69,0) size 123.56x454
        LayoutBlockFlow {DIV} at (10,10) size 40x40 [bgcolor=#FFFF77]
        LayoutTable {TABLE} at (10,290) size 40x40 [bgcolor=#FFFF77]
        LayoutBlockFlow (anonymous) at (0,340) size 123.56x64
          LayoutText {#text} at (0,0) size 0x0
        LayoutBlockFlow {P} at (0,420) size 123.56x18
          LayoutText {#text} at (0,0) size 47x18
            text run at (0,0) width 47: "Lorem "
          LayoutInline {SPAN} at (0,0) size 40x18
            LayoutText {#text} at (46,0) size 40x18
              text run at (46,0) width 40: "ipsum"
          LayoutText {#text} at (85,0) size 39x18
            text run at (85,0) width 39: " dolor"
      LayoutBlockFlow (floating) {DIV} at (534.25,0) size 123.56x454
        LayoutBlockFlow {DIV} at (10,10) size 40x40 [bgcolor=#FFFF77]
        LayoutTable {TABLE} at (10,290) size 40x40 [bgcolor=#FFFF77]
        LayoutBlockFlow (anonymous) at (0,340) size 123.56x64
          LayoutText {#text} at (0,0) size 0x0
        LayoutBlockFlow {P} at (0,420) size 123.56x18
          LayoutText {#text} at (0,0) size 47x18
            text run at (0,0) width 47: "Lorem "
          LayoutInline {SPAN} at (0,0) size 40x18
            LayoutText {#text} at (46,0) size 40x18
              text run at (46,0) width 40: "ipsum"
          LayoutText {#text} at (85,0) size 39x18
            text run at (85,0) width 39: " dolor"
layer at (18,248) size 40x40
  LayoutBlockFlow {DIV} at (10,240) size 40x40 [bgcolor=#FFFF77]
layer at (18,358) size 40x40
  LayoutHTMLCanvas {CANVAS} at (10,10) size 40x40 [bgcolor=#FFFF77]
layer at (152,248) size 40x40
  LayoutBlockFlow {DIV} at (10,240) size 40x40 [bgcolor=#FFFF77]
layer at (152,358) size 40x40
  LayoutHTMLCanvas {CANVAS} at (10,10) size 40x40 [bgcolor=#FFFF77]
layer at (285,248) size 40x40
  LayoutBlockFlow {DIV} at (10,240) size 40x40 [bgcolor=#FFFF77]
layer at (285,358) size 40x40
  LayoutHTMLCanvas {CANVAS} at (10,10) size 40x40 [bgcolor=#FFFF77]
layer at (419,248) size 40x40
  LayoutBlockFlow {DIV} at (10,240) size 40x40 [bgcolor=#FFFF77]
layer at (419,358) size 40x40
  LayoutHTMLCanvas {CANVAS} at (10,10) size 40x40 [bgcolor=#FFFF77]
layer at (552,248) size 40x40
  LayoutBlockFlow {DIV} at (10,240) size 40x40 [bgcolor=#FFFF77]
layer at (552,358) size 40x40
  LayoutHTMLCanvas {CANVAS} at (10,10) size 40x40 [bgcolor=#FFFF77]
layer at (8,68) size 60x60
  LayoutBlockFlow (relative positioned) {DIV} at (0,60) size 60x60
layer at (18,78) size 40x40
  LayoutBlockFlow (positioned) {DIV} at (10,10) size 40x40 [bgcolor=#FFFF77]
layer at (8,128) size 60x60
  LayoutBlockFlow (relative positioned) {DIV} at (0,120) size 60x60
layer at (18,138) size 40x40 backgroundClip at (13,133) size 5x5 clip at (13,133) size 5x5
  LayoutBlockFlow (positioned) {DIV} at (10,10) size 40x40 [bgcolor=#FFFF77]
layer at (18,198) size 40x40 transparent
  LayoutBlockFlow {DIV} at (10,190) size 40x40 [bgcolor=#FFFF77]
layer at (142,68) size 60x60
  LayoutBlockFlow (relative positioned) {DIV} at (0,60) size 60x60
layer at (152,78) size 40x40
  LayoutBlockFlow (positioned) {DIV} at (10,10) size 40x40 [bgcolor=#FFFF77]
layer at (142,128) size 60x60
  LayoutBlockFlow (relative positioned) {DIV} at (0,120) size 60x60
layer at (152,138) size 40x40 backgroundClip at (147,178) size 5x5 clip at (147,178) size 5x5
  LayoutBlockFlow (positioned) {DIV} at (10,10) size 40x40 [bgcolor=#FFFF77]
layer at (152,198) size 40x40 transparent
  LayoutBlockFlow {DIV} at (10,190) size 40x40 [bgcolor=#FFFF77]
layer at (275,68) size 60x60
  LayoutBlockFlow (relative positioned) {DIV} at (0,60) size 60x60
layer at (285,78) size 40x40
  LayoutBlockFlow (positioned) {DIV} at (10,10) size 40x40 [bgcolor=#FFFF77]
layer at (275,128) size 60x60
  LayoutBlockFlow (relative positioned) {DIV} at (0,120) size 60x60
layer at (285,138) size 40x40 backgroundClip at (325,178) size 5x5 clip at (325,178) size 5x5
  LayoutBlockFlow (positioned) {DIV} at (10,10) size 40x40 [bgcolor=#FFFF77]
layer at (285,198) size 40x40 transparent
  LayoutBlockFlow {DIV} at (10,190) size 40x40 [bgcolor=#FFFF77]
layer at (409,68) size 60x60
  LayoutBlockFlow (relative positioned) {DIV} at (0,60) size 60x60
layer at (419,78) size 40x40
  LayoutBlockFlow (positioned) {DIV} at (10,10) size 40x40 [bgcolor=#FFFF77]
layer at (409,128) size 60x60
  LayoutBlockFlow (relative positioned) {DIV} at (0,120) size 60x60
layer at (419,138) size 40x40 backgroundClip at (459,133) size 5x5 clip at (459,133) size 5x5
  LayoutBlockFlow (positioned) {DIV} at (10,10) size 40x40 [bgcolor=#FFFF77]
layer at (419,198) size 40x40 transparent
  LayoutBlockFlow {DIV} at (10,190) size 40x40 [bgcolor=#FFFF77]
layer at (542,68) size 60x60
  LayoutBlockFlow (relative positioned) {DIV} at (0,60) size 60x60
layer at (552,78) size 40x40
  LayoutBlockFlow (positioned) {DIV} at (10,10) size 40x40 [bgcolor=#FFFF77]
layer at (542,128) size 60x60
  LayoutBlockFlow (relative positioned) {DIV} at (0,120) size 60x60
layer at (552,198) size 40x40 transparent
  LayoutBlockFlow {DIV} at (10,190) size 40x40 [bgcolor=#FFFF77]
