layer at (0,0) size 800x600
  LayoutView at (0,0) size 800x600
layer at (0,0) size 800x600
  LayoutBlockFlow {HTML} at (0,0) size 800x600
    LayoutBlockFlow {BODY} at (8,8) size 784x584
      LayoutBlockFlow {DIV} at (0,0) size 784x124
        LayoutBlockFlow {DIV} at (10,10) size 100x100 [bgcolor=#FFFFE0] [border: (10px solid #008000)]
        LayoutText {#text} at (120,106) size 4x18
          text run at (120,106) width 4: " "
        LayoutBlockFlow {DIV} at (134,10) size 100x100 [bgcolor=#FFFFE0] [border: (10px solid #008000)]
        LayoutText {#text} at (244,106) size 4x18
          text run at (244,106) width 4: " "
        LayoutBlockFlow {DIV} at (258,10) size 100x100 [bgcolor=#FFFFE0] [border: (10px solid #008000)]
        LayoutText {#text} at (368,106) size 4x18
          text run at (368,106) width 4: " "
        LayoutBlockFlow {DIV} at (382,10) size 100x100 [bgcolor=#FFFFE0] [border: (10px solid #008000)]
        LayoutText {#text} at (492,106) size 4x18
          text run at (492,106) width 4: " "
        LayoutBlockFlow {DIV} at (506,10) size 100x100 [bgcolor=#FFFFE0] [border: (10px solid #008000)]
        LayoutText {#text} at (0,0) size 0x0
      LayoutBlockFlow {DIV} at (0,124) size 784x124
        LayoutBlockFlow {DIV} at (10,10) size 100x100 [bgcolor=#FFFFE0] [border: (10px solid #008000)]
        LayoutText {#text} at (120,106) size 4x18
          text run at (120,106) width 4: " "
        LayoutBlockFlow {DIV} at (134,10) size 100x100 [bgcolor=#FFFFE0] [border: (10px solid #008000)]
        LayoutText {#text} at (244,106) size 4x18
          text run at (244,106) width 4: " "
        LayoutBlockFlow {DIV} at (258,10) size 100x100 [bgcolor=#FFFFE0] [border: (10px solid #008000)]
        LayoutText {#text} at (368,106) size 4x18
          text run at (368,106) width 4: " "
        LayoutBlockFlow {DIV} at (382,10) size 100x100 [bgcolor=#FFFFE0] [border: (10px solid #008000)]
        LayoutText {#text} at (492,106) size 4x18
          text run at (492,106) width 4: " "
        LayoutBlockFlow {DIV} at (506,10) size 100x100 [bgcolor=#FFFFE0] [border: (10px dashed #008000)]
        LayoutText {#text} at (0,0) size 0x0
      LayoutBlockFlow {DIV} at (0,248) size 600x324
        LayoutInline {SPAN} at (0,0) size 590x309 [bgcolor=#FFFFE0] [border: (5px solid #008000)]
          LayoutText {#text} at (25,12) size 570x299
            text run at (25,12) width 570: "This sentence is too"
            text run at (90,120) width 420: "long to fit on a"
            text run at (132,228) width 316: "single line."
        LayoutText {#text} at (0,0) size 0x0
