layer at (0,0) size 800x600
  LayoutView at (0,0) size 800x600
layer at (0,0) size 800x600
  LayoutBlockFlow {HTML} at (0,0) size 800x600
    LayoutBlockFlow {BODY} at (8,8) size 784x584
      LayoutButton {BUTTON} at (0,8) size 40x12 [bgcolor=#C0C0C0] [border: (2px outset #C0C0C0)]
        LayoutBlockFlow (anonymous) at (8,3) size 24x6
          LayoutText {#text} at (0,0) size 24x6
            text run at (0,0) width 24: "Test Button"
      LayoutText {#text} at (40,1) size 4x19
        text run at (40,1) width 4: " "
      LayoutButton {BUTTON} at (44,8) size 46x12 [bgcolor=#C0C0C0] [border: (2px outset #C0C0C0)]
        LayoutBlockFlow (anonymous) at (8,3) size 30x6
          LayoutText {#text} at (0,0) size 30x6
            text run at (0,0) width 30: "Test Button"
      LayoutText {#text} at (90,1) size 4x19
        text run at (90,1) width 4: " "
      LayoutButton {BUTTON} at (94,7) size 52x13 [bgcolor=#C0C0C0] [border: (2px outset #C0C0C0)]
        LayoutBlockFlow (anonymous) at (8,3) size 36x7
          LayoutText {#text} at (0,0) size 36x7
            text run at (0,0) width 36: "Test Button"
      LayoutText {#text} at (146,1) size 4x19
        text run at (146,1) width 4: " "
      LayoutButton {BUTTON} at (150,5) size 53x16 [bgcolor=#C0C0C0] [border: (2px outset #C0C0C0)]
        LayoutBlockFlow (anonymous) at (8,3) size 37x10
          LayoutText {#text} at (0,0) size 37x10
            text run at (0,0) width 37: "Test Button"
      LayoutText {#text} at (203,1) size 4x19
        text run at (203,1) width 4: " "
      LayoutButton {BUTTON} at (207,4) size 64x18 [bgcolor=#C0C0C0] [border: (2px outset #C0C0C0)]
        LayoutBlockFlow (anonymous) at (8,3) size 48x12
          LayoutText {#text} at (0,0) size 48x12
            text run at (0,0) width 48: "Test Button"
      LayoutText {#text} at (271,1) size 4x19
        text run at (271,1) width 4: " "
      LayoutButton {BUTTON} at (275,3) size 69x19 [bgcolor=#C0C0C0] [border: (2px outset #C0C0C0)]
        LayoutBlockFlow (anonymous) at (8,3) size 53x13
          LayoutText {#text} at (0,0) size 53x13
            text run at (0,0) width 53: "Test Button"
      LayoutText {#text} at (344,1) size 4x19
        text run at (344,1) width 4: " "
      LayoutButton {BUTTON} at (348,2) size 71x20 [bgcolor=#C0C0C0] [border: (2px outset #C0C0C0)]
        LayoutBlockFlow (anonymous) at (8,3) size 55x14
          LayoutText {#text} at (0,0) size 55x14
            text run at (0,0) width 55: "Test Button"
      LayoutText {#text} at (419,1) size 4x19
        text run at (419,1) width 4: " "
      LayoutButton {INPUT} at (423,0) size 83x22 [bgcolor=#C0C0C0] [border: (2px outset #C0C0C0)]
        LayoutBlockFlow (anonymous) at (8,3) size 67x16
          LayoutText {#text} at (0,0) size 67x16
            text run at (0,0) width 67: "Test Button"
      LayoutText {#text} at (506,1) size 4x19
        text run at (506,1) width 4: " "
      LayoutButton {BUTTON} at (510,1) size 76x21 [bgcolor=#C0C0C0] [border: (2px outset #C0C0C0)]
        LayoutBlockFlow (anonymous) at (8,3) size 60x15
          LayoutText {#text} at (0,0) size 60x15
            text run at (0,0) width 60: "Test Button"
      LayoutText {#text} at (586,1) size 4x19
        text run at (586,1) width 4: " "
      LayoutButton {BUTTON} at (590,0) size 83x22 [bgcolor=#C0C0C0] [border: (2px outset #C0C0C0)]
        LayoutBlockFlow (anonymous) at (8,3) size 67x16
          LayoutText {#text} at (0,0) size 67x16
            text run at (0,0) width 67: "Test Button"
      LayoutText {#text} at (673,1) size 4x19
        text run at (673,1) width 4: " "
      LayoutButton {BUTTON} at (677,0) size 87x22 [bgcolor=#C0C0C0] [border: (2px outset #C0C0C0)]
        LayoutBlockFlow (anonymous) at (8,3) size 71x16
          LayoutText {#text} at (0,0) size 71x16
            text run at (0,0) width 71: "Test Button"
      LayoutText {#text} at (764,1) size 4x19
        text run at (764,1) width 4: " "
      LayoutButton {BUTTON} at (0,27) size 89x23 [bgcolor=#C0C0C0] [border: (2px outset #C0C0C0)]
        LayoutBlockFlow (anonymous) at (8,3) size 73x17
          LayoutText {#text} at (0,0) size 73x17
            text run at (0,0) width 73: "Test Button"
      LayoutText {#text} at (89,29) size 4x19
        text run at (89,29) width 4: " "
      LayoutButton {BUTTON} at (93,26) size 95x25 [bgcolor=#C0C0C0] [border: (2px outset #C0C0C0)]
        LayoutBlockFlow (anonymous) at (8,3) size 79x19
          LayoutText {#text} at (0,0) size 79x18
            text run at (0,0) width 79: "Test Button"
      LayoutText {#text} at (188,29) size 4x19
        text run at (188,29) width 4: " "
      LayoutButton {BUTTON} at (192,26) size 100x26 [bgcolor=#C0C0C0] [border: (2px outset #C0C0C0)]
        LayoutBlockFlow (anonymous) at (8,3) size 84x20
          LayoutText {#text} at (0,0) size 84x19
            text run at (0,0) width 84: "Test Button"
      LayoutText {#text} at (292,29) size 4x19
        text run at (292,29) width 4: " "
      LayoutButton {BUTTON} at (296,24) size 106x28 [bgcolor=#C0C0C0] [border: (2px outset #C0C0C0)]
        LayoutBlockFlow (anonymous) at (8,3) size 90x22
          LayoutText {#text} at (0,0) size 90x21
            text run at (0,0) width 90: "Test Button"
      LayoutText {#text} at (402,29) size 4x19
        text run at (402,29) width 4: " "
      LayoutButton {BUTTON} at (406,23) size 113x29 [bgcolor=#C0C0C0] [border: (2px outset #C0C0C0)]
        LayoutBlockFlow (anonymous) at (8,3) size 97x23
          LayoutText {#text} at (0,0) size 97x22
            text run at (0,0) width 97: "Test Button"
      LayoutText {#text} at (519,29) size 4x19
        text run at (519,29) width 4: " "
      LayoutButton {BUTTON} at (523,22) size 117x30 [bgcolor=#C0C0C0] [border: (2px outset #C0C0C0)]
        LayoutBlockFlow (anonymous) at (8,3) size 101x24
          LayoutText {#text} at (0,0) size 101x23
            text run at (0,0) width 101: "Test Button"
      LayoutText {#text} at (640,29) size 4x19
        text run at (640,29) width 4: " "
      LayoutButton {BUTTON} at (644,22) size 124x31 [bgcolor=#C0C0C0] [border: (2px outset #C0C0C0)]
        LayoutBlockFlow (anonymous) at (8,3) size 108x25
          LayoutText {#text} at (0,0) size 108x24
            text run at (0,0) width 108: "Test Button"
      LayoutText {#text} at (0,0) size 0x0
