layer at (0,0) size 800x600
  LayoutView at (0,0) size 800x600
layer at (0,0) size 800x600
  LayoutBlockFlow {HTML} at (0,0) size 800x600
    LayoutBlockFlow {BODY} at (8,8) size 784x584
      LayoutBlockFlow {P} at (0,0) size 784x40
        LayoutText {#text} at (0,0) size 104x19
          text run at (0,0) width 104: "This is a test for "
        LayoutInline {I} at (0,0) size 750x39
          LayoutInline {A} at (0,0) size 348x19 [color=#0000EE]
            LayoutText {#text} at (104,0) size 348x19
              text run at (104,0) width 348: "http://bugzilla.opendarwin.org/show_bug.cgi?id=9316"
          LayoutText {#text} at (451,0) size 750x39
            text run at (451,0) width 5: " "
            text run at (455,0) width 295: "REGRESSION: text field width shrinks on first"
            text run at (0,20) width 59: "keystroke"
        LayoutText {#text} at (58,20) size 5x19
          text run at (58,20) width 5: "."
layer at (8,64) size 784x2 clip at (0,0) size 0x0
  LayoutBlockFlow {HR} at (0,56) size 784x2 [border: (1px inset #EEEEEE)]
layer at (8,74) size 784x0
  LayoutBlockFlow (relative positioned) {DIV} at (0,66) size 784x0
    LayoutTextControl (floating) {INPUT} at (0,0) size 392x22 [bgcolor=#FFFFFF] [border: (2px inset #EEEEEE)]
layer at (10,77) size 388x16
  LayoutBlockFlow {DIV} at (2,3) size 388x16
    LayoutText {#text} at (0,0) size 18x16
      text run at (0,0) width 18: "foo"
