layer at (0,0) size 800x600
  LayoutView at (0,0) size 800x600
layer at (0,0) size 800x600
  LayoutBlockFlow {HTML} at (0,0) size 800x600
    LayoutBlockFlow {BODY} at (8,8) size 784x584
      LayoutBlockFlow {FORM} at (0,0) size 784x21
        LayoutBlockFlow {INPUT} at (5,3) size 13x13
        LayoutText {#text} at (21,1) size 33x19
          text run at (21,1) width 33: "Two "
        LayoutBlockFlow {INPUT} at (59,3) size 13x13
        LayoutText {#text} at (75,1) size 37x19
          text run at (75,1) width 37: "Three"
      LayoutBlockFlow {FORM} at (0,37) size 784x21
        LayoutBlockFlow {INPUT} at (5,3) size 13x13
        LayoutText {#text} at (21,1) size 31x19
          text run at (21,1) width 31: "One "
        LayoutBlockFlow {INPUT} at (57,3) size 13x13
        LayoutText {#text} at (73,1) size 33x19
          text run at (73,1) width 33: "Two "
        LayoutBlockFlow {INPUT} at (111,3) size 13x13
        LayoutText {#text} at (127,1) size 41x19
          text run at (127,1) width 41: "Three "
        LayoutBlockFlow {INPUT} at (173,3) size 13x13
        LayoutText {#text} at (189,1) size 27x19
          text run at (189,1) width 27: "One"
      LayoutBlockFlow (anonymous) at (0,74) size 784x40
        LayoutText {#text} at (0,0) size 766x39
          text run at (0,0) width 505: "The count of the # of elements in form 1 should be 2 and in form 2 should be 4. "
          text run at (505,0) width 261: "The count in form 1 is 2, and the count in"
          text run at (0,20) width 68: "form 2 is 4"
