layer at (0,0) size 800x600
  LayoutView at (0,0) size 800x600
layer at (0,0) size 800x600
  LayoutBlockFlow {HTML} at (0,0) size 800x600
    LayoutBlockFlow {BODY} at (8,8) size 784x584
      LayoutButton {INPUT} at (0,9) size 41x12 [bgcolor=#C0C0C0] [border: (2px outset #C0C0C0)]
        LayoutBlockFlow (anonymous) at (8,3) size 25x6
          LayoutText {#text} at (0,0) size 25x6
            text run at (0,0) width 25: "Test Button"
      LayoutText {#text} at (41,2) size 4x19
        text run at (41,2) width 4: " "
      LayoutButton {INPUT} at (45,9) size 47x12 [bgcolor=#C0C0C0] [border: (2px outset #C0C0C0)]
        LayoutBlockFlow (anonymous) at (8,3) size 31x6
          LayoutText {#text} at (0,0) size 31x6
            text run at (0,0) width 31: "Test Button"
      LayoutText {#text} at (92,2) size 4x19
        text run at (92,2) width 4: " "
      LayoutButton {INPUT} at (96,8) size 53x13 [bgcolor=#C0C0C0] [border: (2px outset #C0C0C0)]
        LayoutBlockFlow (anonymous) at (8,3) size 37x7
          LayoutText {#text} at (0,0) size 37x7
            text run at (0,0) width 37: "Test Button"
      LayoutText {#text} at (149,2) size 4x19
        text run at (149,2) width 4: " "
      LayoutButton {INPUT} at (153,6) size 54x16 [bgcolor=#C0C0C0] [border: (2px outset #C0C0C0)]
        LayoutBlockFlow (anonymous) at (8,3) size 38x10
          LayoutText {#text} at (0,0) size 38x10
            text run at (0,0) width 38: "Test Button"
      LayoutText {#text} at (207,2) size 4x19
        text run at (207,2) width 4: " "
      LayoutButton {INPUT} at (211,5) size 65x18 [bgcolor=#C0C0C0] [border: (2px outset #C0C0C0)]
        LayoutBlockFlow (anonymous) at (8,3) size 49x12
          LayoutText {#text} at (0,0) size 49x12
            text run at (0,0) width 49: "Test Button"
      LayoutText {#text} at (276,2) size 4x19
        text run at (276,2) width 4: " "
      LayoutButton {INPUT} at (280,4) size 68x19 [bgcolor=#C0C0C0] [border: (2px outset #C0C0C0)]
        LayoutBlockFlow (anonymous) at (8,3) size 52x13
          LayoutText {#text} at (0,0) size 52x13
            text run at (0,0) width 52: "Test Button"
      LayoutText {#text} at (348,2) size 4x19
        text run at (348,2) width 4: " "
      LayoutButton {INPUT} at (352,3) size 70x20 [bgcolor=#C0C0C0] [border: (2px outset #C0C0C0)]
        LayoutBlockFlow (anonymous) at (8,3) size 54x14
          LayoutText {#text} at (0,0) size 54x14
            text run at (0,0) width 54: "Test Button"
      LayoutText {#text} at (422,2) size 4x19
        text run at (422,2) width 4: " "
      LayoutButton {INPUT} at (426,2) size 75x21 [bgcolor=#C0C0C0] [border: (2px outset #C0C0C0)]
        LayoutBlockFlow (anonymous) at (8,3) size 59x15
          LayoutText {#text} at (0,0) size 59x15
            text run at (0,0) width 59: "Test Button"
      LayoutText {#text} at (501,2) size 4x19
        text run at (501,2) width 4: " "
      LayoutButton {INPUT} at (505,1) size 82x22 [bgcolor=#C0C0C0] [border: (2px outset #C0C0C0)]
        LayoutBlockFlow (anonymous) at (8,3) size 66x16
          LayoutText {#text} at (0,0) size 66x16
            text run at (0,0) width 66: "Test Button"
      LayoutText {#text} at (587,2) size 4x19
        text run at (587,2) width 4: " "
      LayoutButton {INPUT} at (591,1) size 87x22 [bgcolor=#C0C0C0] [border: (2px outset #C0C0C0)]
        LayoutBlockFlow (anonymous) at (8,3) size 71x16
          LayoutText {#text} at (0,0) size 71x16
            text run at (0,0) width 71: "Test Button"
      LayoutText {#text} at (678,2) size 4x19
        text run at (678,2) width 4: " "
      LayoutButton {INPUT} at (682,0) size 89x23 [bgcolor=#C0C0C0] [border: (2px outset #C0C0C0)]
        LayoutBlockFlow (anonymous) at (8,3) size 73x17
          LayoutText {#text} at (0,0) size 73x17
            text run at (0,0) width 73: "Test Button"
      LayoutText {#text} at (771,2) size 4x19
        text run at (771,2) width 4: " "
      LayoutButton {INPUT} at (0,27) size 95x25 [bgcolor=#C0C0C0] [border: (2px outset #C0C0C0)]
        LayoutBlockFlow (anonymous) at (8,3) size 79x19
          LayoutText {#text} at (0,0) size 79x18
            text run at (0,0) width 79: "Test Button"
      LayoutText {#text} at (95,30) size 4x19
        text run at (95,30) width 4: " "
      LayoutButton {INPUT} at (99,27) size 100x26 [bgcolor=#C0C0C0] [border: (2px outset #C0C0C0)]
        LayoutBlockFlow (anonymous) at (8,3) size 84x20
          LayoutText {#text} at (0,0) size 84x19
            text run at (0,0) width 84: "Test Button"
      LayoutText {#text} at (199,30) size 4x19
        text run at (199,30) width 4: " "
      LayoutButton {INPUT} at (203,25) size 106x28 [bgcolor=#C0C0C0] [border: (2px outset #C0C0C0)]
        LayoutBlockFlow (anonymous) at (8,3) size 90x22
          LayoutText {#text} at (0,0) size 90x21
            text run at (0,0) width 90: "Test Button"
      LayoutText {#text} at (309,30) size 4x19
        text run at (309,30) width 4: " "
      LayoutButton {INPUT} at (313,24) size 113x29 [bgcolor=#C0C0C0] [border: (2px outset #C0C0C0)]
        LayoutBlockFlow (anonymous) at (8,3) size 97x23
          LayoutText {#text} at (0,0) size 97x22
            text run at (0,0) width 97: "Test Button"
      LayoutText {#text} at (426,30) size 4x19
        text run at (426,30) width 4: " "
      LayoutButton {INPUT} at (430,23) size 117x30 [bgcolor=#C0C0C0] [border: (2px outset #C0C0C0)]
        LayoutBlockFlow (anonymous) at (8,3) size 101x24
          LayoutText {#text} at (0,0) size 101x23
            text run at (0,0) width 101: "Test Button"
      LayoutText {#text} at (547,30) size 4x19
        text run at (547,30) width 4: " "
      LayoutButton {INPUT} at (551,23) size 124x31 [bgcolor=#C0C0C0] [border: (2px outset #C0C0C0)]
        LayoutBlockFlow (anonymous) at (8,3) size 108x25
          LayoutText {#text} at (0,0) size 108x24
            text run at (0,0) width 108: "Test Button"
      LayoutText {#text} at (0,0) size 0x0
