layer at (0,0) size 800x600
  LayoutView at (0,0) size 800x600
layer at (0,0) size 800x600
  LayoutBlockFlow {HTML} at (0,0) size 800x600
    LayoutBlockFlow {BODY} at (8,8) size 784x576
      LayoutBlockFlow {P} at (0,0) size 784x40
        LayoutText {#text} at (0,0) size 784x39
          text run at (0,0) width 784: "Results that match WinIE are two columns on the right that say \"after\" every time, except for the last row which should have"
          text run at (0,20) width 158: "nothing in either column."
      LayoutBlockFlow {P} at (0,56) size 784x20
        LayoutText {#text} at (0,0) size 712x19
          text run at (0,0) width 712: "Results that match Gecko are like WinIE, but with \"before\" for the attribute in the first two rows and the last row."
      LayoutBlockFlow {FORM} at (0,102) size 784x376
        LayoutTable {TABLE} at (0,0) size 758x376
          LayoutTableSection {THEAD} at (0,0) size 758x26
            LayoutTableRow {TR} at (0,2) size 758x22
              LayoutTableCell {TH} at (2,2) size 385x22 [r=0 c=0 rs=1 cs=1]
                LayoutText {#text} at (1,1) size 55x19
                  text run at (1,1) width 55: "test case"
              LayoutTableCell {TH} at (389,2) size 240x22 [r=0 c=1 rs=1 cs=1]
                LayoutText {#text} at (1,1) size 89x19
                  text run at (1,1) width 89: "form element"
              LayoutTableCell {TH} at (631,2) size 62x22 [r=0 c=2 rs=1 cs=1]
                LayoutText {#text} at (1,1) size 60x19
                  text run at (1,1) width 60: "property"
              LayoutTableCell {TH} at (695,2) size 61x22 [r=0 c=3 rs=1 cs=1]
                LayoutText {#text} at (1,1) size 59x19
                  text run at (1,1) width 59: "attribute"
          LayoutTableSection {TBODY} at (0,26) size 758x350
            LayoutTableRow {TR} at (0,0) size 758x24
              LayoutTableCell {TD} at (2,1) size 385x22 [r=0 c=0 rs=1 cs=1]
                LayoutText {#text} at (1,1) size 207x19
                  text run at (1,1) width 207: "text with value property changed"
              LayoutTableCell {TD} at (389,0) size 240x24 [r=0 c=1 rs=1 cs=1]
                LayoutTextControl {INPUT} at (1,1) size 154x22 [bgcolor=#FFFFFF] [border: (2px inset #EEEEEE)]
              LayoutTableCell {TD} at (631,1) size 62x22 [r=0 c=2 rs=1 cs=1]
                LayoutText {#text} at (1,1) size 28x19
                  text run at (1,1) width 28: "after"
              LayoutTableCell {TD} at (695,1) size 61x22 [r=0 c=3 rs=1 cs=1]
                LayoutText {#text} at (1,1) size 40x19
                  text run at (1,1) width 40: "before"
            LayoutTableRow {TR} at (0,26) size 758x24
              LayoutTableCell {TD} at (2,27) size 385x22 [r=1 c=0 rs=1 cs=1]
                LayoutText {#text} at (1,1) size 244x19
                  text run at (1,1) width 244: "password with value property changed"
              LayoutTableCell {TD} at (389,26) size 240x24 [r=1 c=1 rs=1 cs=1]
                LayoutTextControl {INPUT} at (1,1) size 154x22 [bgcolor=#FFFFFF] [border: (2px inset #EEEEEE)]
              LayoutTableCell {TD} at (631,27) size 62x22 [r=1 c=2 rs=1 cs=1]
                LayoutText {#text} at (1,1) size 28x19
                  text run at (1,1) width 28: "after"
              LayoutTableCell {TD} at (695,27) size 61x22 [r=1 c=3 rs=1 cs=1]
                LayoutText {#text} at (1,1) size 40x19
                  text run at (1,1) width 40: "before"
            LayoutTableRow {TR} at (0,52) size 758x22
              LayoutTableCell {TD} at (2,52) size 385x22 [r=2 c=0 rs=1 cs=1]
                LayoutText {#text} at (1,1) size 249x19
                  text run at (1,1) width 249: "check box with value property changed"
              LayoutTableCell {TD} at (389,52) size 240x21 [r=2 c=1 rs=1 cs=1]
                LayoutBlockFlow {INPUT} at (5,4) size 13x13
              LayoutTableCell {TD} at (631,52) size 62x22 [r=2 c=2 rs=1 cs=1]
                LayoutText {#text} at (1,1) size 28x19
                  text run at (1,1) width 28: "after"
              LayoutTableCell {TD} at (695,52) size 61x22 [r=2 c=3 rs=1 cs=1]
                LayoutText {#text} at (1,1) size 28x19
                  text run at (1,1) width 28: "after"
            LayoutTableRow {TR} at (0,76) size 758x22
              LayoutTableCell {TD} at (2,76) size 385x22 [r=3 c=0 rs=1 cs=1]
                LayoutText {#text} at (1,1) size 227x19
                  text run at (1,1) width 227: "hidden with value property changed"
              LayoutTableCell {TD} at (389,86) size 240x2 [r=3 c=1 rs=1 cs=1]
              LayoutTableCell {TD} at (631,76) size 62x22 [r=3 c=2 rs=1 cs=1]
                LayoutText {#text} at (1,1) size 28x19
                  text run at (1,1) width 28: "after"
              LayoutTableCell {TD} at (695,76) size 61x22 [r=3 c=3 rs=1 cs=1]
                LayoutText {#text} at (1,1) size 28x19
                  text run at (1,1) width 28: "after"
            LayoutTableRow {TR} at (0,100) size 758x24
              LayoutTableCell {TD} at (2,101) size 385x22 [r=4 c=0 rs=1 cs=1]
                LayoutText {#text} at (1,1) size 224x19
                  text run at (1,1) width 224: "button with value property changed"
              LayoutTableCell {TD} at (389,100) size 240x24 [r=4 c=1 rs=1 cs=1]
                LayoutButton {INPUT} at (1,1) size 42x22 [bgcolor=#C0C0C0] [border: (2px outset #C0C0C0)]
                  LayoutBlockFlow (anonymous) at (8,3) size 26x16
                    LayoutText {#text} at (0,0) size 26x16
                      text run at (0,0) width 26: "after"
              LayoutTableCell {TD} at (631,101) size 62x22 [r=4 c=2 rs=1 cs=1]
                LayoutText {#text} at (1,1) size 28x19
                  text run at (1,1) width 28: "after"
              LayoutTableCell {TD} at (695,101) size 61x22 [r=4 c=3 rs=1 cs=1]
                LayoutText {#text} at (1,1) size 28x19
                  text run at (1,1) width 28: "after"
            LayoutTableRow {TR} at (0,126) size 758x22
              LayoutTableCell {TD} at (2,126) size 385x22 [r=5 c=0 rs=1 cs=1]
                LayoutText {#text} at (1,1) size 222x19
                  text run at (1,1) width 222: "image with value property changed"
              LayoutTableCell {TD} at (389,128) size 240x18 [r=5 c=1 rs=1 cs=1]
                LayoutBlockFlow {INPUT} at (1,1) size 36x16
                  LayoutInline {SPAN} at (0,0) size 36x16
                    LayoutInline {SPAN} at (0,0) size 36x16
                      LayoutText {#text} at (0,0) size 36x16
                        text run at (0,0) width 36: "before"
              LayoutTableCell {TD} at (631,126) size 62x22 [r=5 c=2 rs=1 cs=1]
                LayoutText {#text} at (1,1) size 28x19
                  text run at (1,1) width 28: "after"
              LayoutTableCell {TD} at (695,126) size 61x22 [r=5 c=3 rs=1 cs=1]
                LayoutText {#text} at (1,1) size 28x19
                  text run at (1,1) width 28: "after"
            LayoutTableRow {TR} at (0,150) size 758x22
              LayoutTableCell {TD} at (2,150) size 385x22 [r=6 c=0 rs=1 cs=1]
                LayoutText {#text} at (1,1) size 216x19
                  text run at (1,1) width 216: "radio with value property changed"
              LayoutTableCell {TD} at (389,152) size 240x18 [r=6 c=1 rs=1 cs=1]
                LayoutBlockFlow {INPUT} at (6,4) size 13x13
              LayoutTableCell {TD} at (631,150) size 62x22 [r=6 c=2 rs=1 cs=1]
                LayoutText {#text} at (1,1) size 28x19
                  text run at (1,1) width 28: "after"
              LayoutTableCell {TD} at (695,150) size 61x22 [r=6 c=3 rs=1 cs=1]
                LayoutText {#text} at (1,1) size 28x19
                  text run at (1,1) width 28: "after"
            LayoutTableRow {TR} at (0,174) size 758x24
              LayoutTableCell {TD} at (2,175) size 385x22 [r=7 c=0 rs=1 cs=1]
                LayoutText {#text} at (1,1) size 205x19
                  text run at (1,1) width 205: "text with value attribute changed"
              LayoutTableCell {TD} at (389,174) size 240x24 [r=7 c=1 rs=1 cs=1]
                LayoutTextControl {INPUT} at (1,1) size 154x22 [bgcolor=#FFFFFF] [border: (2px inset #EEEEEE)]
              LayoutTableCell {TD} at (631,175) size 62x22 [r=7 c=2 rs=1 cs=1]
                LayoutText {#text} at (1,1) size 28x19
                  text run at (1,1) width 28: "after"
              LayoutTableCell {TD} at (695,175) size 61x22 [r=7 c=3 rs=1 cs=1]
                LayoutText {#text} at (1,1) size 28x19
                  text run at (1,1) width 28: "after"
            LayoutTableRow {TR} at (0,200) size 758x22
              LayoutTableCell {TD} at (2,200) size 385x22 [r=8 c=0 rs=1 cs=1]
                LayoutText {#text} at (1,1) size 247x19
                  text run at (1,1) width 247: "check box with value attribute changed"
              LayoutTableCell {TD} at (389,200) size 240x21 [r=8 c=1 rs=1 cs=1]
                LayoutBlockFlow {INPUT} at (5,4) size 13x13
              LayoutTableCell {TD} at (631,200) size 62x22 [r=8 c=2 rs=1 cs=1]
                LayoutText {#text} at (1,1) size 28x19
                  text run at (1,1) width 28: "after"
              LayoutTableCell {TD} at (695,200) size 61x22 [r=8 c=3 rs=1 cs=1]
                LayoutText {#text} at (1,1) size 28x19
                  text run at (1,1) width 28: "after"
            LayoutTableRow {TR} at (0,224) size 758x22
              LayoutTableCell {TD} at (2,224) size 385x22 [r=9 c=0 rs=1 cs=1]
                LayoutText {#text} at (1,1) size 383x19
                  text run at (1,1) width 383: "text with value property changed, then turned into check box"
              LayoutTableCell {TD} at (389,224) size 240x21 [r=9 c=1 rs=1 cs=1]
                LayoutBlockFlow {INPUT} at (5,4) size 13x13
              LayoutTableCell {TD} at (631,224) size 62x22 [r=9 c=2 rs=1 cs=1]
                LayoutText {#text} at (1,1) size 28x19
                  text run at (1,1) width 28: "after"
              LayoutTableCell {TD} at (695,224) size 61x22 [r=9 c=3 rs=1 cs=1]
                LayoutText {#text} at (1,1) size 28x19
                  text run at (1,1) width 28: "after"
            LayoutTableRow {TR} at (0,248) size 758x24
              LayoutTableCell {TD} at (2,249) size 385x22 [r=10 c=0 rs=1 cs=1]
                LayoutText {#text} at (1,1) size 383x19
                  text run at (1,1) width 383: "check box with value property changed, then turned into text"
              LayoutTableCell {TD} at (389,248) size 240x24 [r=10 c=1 rs=1 cs=1]
                LayoutTextControl {INPUT} at (1,1) size 154x22 [bgcolor=#FFFFFF] [border: (2px inset #EEEEEE)]
              LayoutTableCell {TD} at (631,249) size 62x22 [r=10 c=2 rs=1 cs=1]
                LayoutText {#text} at (1,1) size 28x19
                  text run at (1,1) width 28: "after"
              LayoutTableCell {TD} at (695,249) size 61x22 [r=10 c=3 rs=1 cs=1]
                LayoutText {#text} at (1,1) size 28x19
                  text run at (1,1) width 28: "after"
            LayoutTableRow {TR} at (0,274) size 758x22
              LayoutTableCell {TD} at (2,274) size 385x22 [r=11 c=0 rs=1 cs=1]
                LayoutText {#text} at (1,1) size 381x19
                  text run at (1,1) width 381: "text with value attribute changed, then turned into check box"
              LayoutTableCell {TD} at (389,274) size 240x21 [r=11 c=1 rs=1 cs=1]
                LayoutBlockFlow {INPUT} at (5,4) size 13x13
              LayoutTableCell {TD} at (631,274) size 62x22 [r=11 c=2 rs=1 cs=1]
                LayoutText {#text} at (1,1) size 28x19
                  text run at (1,1) width 28: "after"
              LayoutTableCell {TD} at (695,274) size 61x22 [r=11 c=3 rs=1 cs=1]
                LayoutText {#text} at (1,1) size 28x19
                  text run at (1,1) width 28: "after"
            LayoutTableRow {TR} at (0,298) size 758x24
              LayoutTableCell {TD} at (2,299) size 385x22 [r=12 c=0 rs=1 cs=1]
                LayoutText {#text} at (1,1) size 381x19
                  text run at (1,1) width 381: "check box with value attribute changed, then turned into text"
              LayoutTableCell {TD} at (389,298) size 240x24 [r=12 c=1 rs=1 cs=1]
                LayoutTextControl {INPUT} at (1,1) size 154x22 [bgcolor=#FFFFFF] [border: (2px inset #EEEEEE)]
              LayoutTableCell {TD} at (631,299) size 62x22 [r=12 c=2 rs=1 cs=1]
                LayoutText {#text} at (1,1) size 28x19
                  text run at (1,1) width 28: "after"
              LayoutTableCell {TD} at (695,299) size 61x22 [r=12 c=3 rs=1 cs=1]
                LayoutText {#text} at (1,1) size 28x19
                  text run at (1,1) width 28: "after"
            LayoutTableRow {TR} at (0,324) size 758x24
              LayoutTableCell {TD} at (2,325) size 385x22 [r=13 c=0 rs=1 cs=1]
                LayoutText {#text} at (1,1) size 204x19
                  text run at (1,1) width 204: "file with value property changed"
              LayoutTableCell {TD} at (389,324) size 240x24 [r=13 c=1 rs=1 cs=1]
                LayoutFileUploadControl {INPUT} at (1,1) size 238x22 "No file chosen"
                  LayoutButton {INPUT} at (0,0) size 85x22 [bgcolor=#C0C0C0] [border: (2px outset #C0C0C0)]
                    LayoutBlockFlow (anonymous) at (8,3) size 69x16
                      LayoutText {#text} at (0,0) size 69x16
                        text run at (0,0) width 69: "Choose File"
              LayoutTableCell {TD} at (631,335) size 62x2 [r=13 c=2 rs=1 cs=1]
              LayoutTableCell {TD} at (695,325) size 61x22 [r=13 c=3 rs=1 cs=1]
                LayoutText {#text} at (1,1) size 40x19
                  text run at (1,1) width 40: "before"
layer at (8,100) size 784x2 clip at (0,0) size 0x0
  LayoutBlockFlow {HR} at (0,92) size 784x2 [border: (1px inset #EEEEEE)]
layer at (400,140) size 150x16
  LayoutBlockFlow {DIV} at (2,3) size 150x16
    LayoutText {#text} at (0,0) size 36x16
      text run at (0,0) width 36: "before"
layer at (400,166) size 150x16
  LayoutBlockFlow {DIV} at (2,3) size 150x16
    LayoutText {#text} at (0,0) size 30x16
      text run at (0,0) width 30: "\x{2022}\x{2022}\x{2022}\x{2022}\x{2022}\x{2022}"
layer at (400,314) size 150x16
  LayoutBlockFlow {DIV} at (2,3) size 150x16
    LayoutText {#text} at (0,0) size 26x16
      text run at (0,0) width 26: "after"
layer at (400,388) size 150x16
  LayoutBlockFlow {DIV} at (2,3) size 150x16
    LayoutText {#text} at (0,0) size 26x16
      text run at (0,0) width 26: "after"
layer at (400,438) size 150x16
  LayoutBlockFlow {DIV} at (2,3) size 150x16
    LayoutText {#text} at (0,0) size 26x16
      text run at (0,0) width 26: "after"
