layer at (0,0) size 800x600
  LayoutView at (0,0) size 800x600
layer at (0,0) size 800x600
  LayoutBlockFlow {HTML} at (0,0) size 800x600
    LayoutBlockFlow {BODY} at (8,8) size 784x584
      LayoutTextControl {INPUT} at (0,0) size 181x22 [bgcolor=#FFFFFF] [border: (2px inset #EEEEEE)]
      LayoutText {#text} at (181,1) size 4x19
        text run at (181,1) width 4: " "
      LayoutTextControl {INPUT} at (185,0) size 181x22 [color=#FF0000] [bgcolor=#FFFFFF] [border: (2px inset #EEEEEE)]
      LayoutText {#text} at (366,1) size 4x19
        text run at (366,1) width 4: " "
      LayoutTextControl {INPUT} at (370,0) size 181x22 [bgcolor=#008000] [border: (2px inset #EEEEEE)]
      LayoutText {#text} at (551,1) size 4x19
        text run at (551,1) width 4: " "
      LayoutTextControl {INPUT} at (555,0) size 181x22 [color=#FF0000] [bgcolor=#008000] [border: (2px inset #EEEEEE)]
      LayoutText {#text} at (0,0) size 0x0
layer at (10,11) size 177x16
  LayoutBlockFlow {DIV} at (2,3) size 177x16
    LayoutText {#text} at (0,0) size 39x16
      text run at (0,0) width 39: "default"
layer at (195,11) size 177x16
  LayoutBlockFlow {DIV} at (2,3) size 177x16
    LayoutText {#text} at (0,0) size 18x16
      text run at (0,0) width 18: "red"
layer at (380,11) size 177x16
  LayoutBlockFlow {DIV} at (2,3) size 177x16
    LayoutText {#text} at (0,0) size 93x16
      text run at (0,0) width 93: "default on green"
layer at (565,11) size 177x16
  LayoutBlockFlow {DIV} at (2,3) size 177x16
    LayoutText {#text} at (0,0) size 72x16
      text run at (0,0) width 72: "red on green"
