layer at (0,0) size 800x600
  LayoutView at (0,0) size 800x600
layer at (0,0) size 800x600
  LayoutBlockFlow {HTML} at (0,0) size 800x600
    LayoutBlockFlow {BODY} at (8,8) size 784x584
      LayoutBlockFlow {P} at (0,0) size 784x40
        LayoutText {#text} at (0,0) size 212x19
          text run at (0,0) width 212 LTR override: "This tests for a regression against "
        LayoutInline {I} at (0,0) size 769x39
          LayoutInline {A} at (0,0) size 347x19 [color=#0000EE]
            LayoutText {#text} at (212,0) size 347x19
              text run at (212,0) width 347 LTR override: "http://bugzilla.opendarwin.org/show_bug.cgi?id=8076"
          LayoutText {#text} at (559,0) size 769x39
            text run at (559,0) width 210 LTR override: " REGRESSION: native text fields"
            text run at (0,20) width 247 LTR override: "are reversed on \"visual Hebrew\" pages"
        LayoutText {#text} at (247,20) size 4x19
          text run at (247,20) width 4 LTR override: "."
      LayoutBlockFlow {P} at (0,74) size 784x20
        LayoutText {#text} at (0,0) size 276x19
          text run at (0,0) width 276 LTR override: "Text in the field should look like this: \x{5E8}\x{5D5}\x{5EA}\x{5E4}\x{5DB}"
      LayoutBlockFlow (anonymous) at (0,110) size 784x22
        LayoutTextControl {INPUT} at (0,0) size 181x22 [bgcolor=#FFFFFF] [border: (2px inset #EEEEEE)]
        LayoutText {#text} at (0,0) size 0x0
layer at (8,64) size 784x2 clip at (0,0) size 0x0
  LayoutBlockFlow {HR} at (0,56) size 784x2 [border: (1px inset #EEEEEE)]
layer at (10,121) size 177x16
  LayoutBlockFlow {DIV} at (2,3) size 177x16
    LayoutText {#text} at (0,0) size 34x16
      text run at (0,0) width 34 RTL: "\x{5DB}\x{5E4}\x{5EA}\x{5D5}\x{5E8}"
