layer at (0,0) size 800x600
  LayoutView at (0,0) size 800x600
layer at (0,0) size 800x600
  LayoutBlockFlow {HTML} at (0,0) size 800x600
    LayoutBlockFlow {BODY} at (8,8) size 784x576
      LayoutBlockFlow {DIV} at (0,0) size 784x100
      LayoutBlockFlow (anonymous) at (0,100) size 784x20
        LayoutText {#text} at (0,0) size 330x19
          text run at (0,0) width 150: "This file has no doctype. "
          text run at (150,0) width 180: "We should be in quirks mode."
      LayoutBlockFlow {UL} at (0,136) size 784x40
        LayoutListItem {LI} at (40,0) size 744x40
          LayoutBlockFlow (anonymous) at (0,0) size 744x20
            LayoutListMarker (anonymous) at (-18,0) size 7x19: bullet
          LayoutBlockFlow {UL} at (0,20) size 744x20
            LayoutListItem {LI} at (40,0) size 704x20
              LayoutListMarker (anonymous) at (-18,0) size 7x19: white bullet
              LayoutText {#text} at (0,0) size 225x19
                text run at (0,0) width 225: "I should be underneath the first bullet."
layer at (10,10) size 80x80
  LayoutBlockFlow (positioned) {DIV} at (10,10) size 80x80 [bgcolor=#008000]
