layer at (0,0) size 800x600
  LayoutView at (0,0) size 800x600
layer at (0,0) size 800x600
  LayoutBlockFlow {HTML} at (0,0) size 800x600
    LayoutBlockFlow {BODY} at (8,8) size 784x584
      LayoutBlockFlow {P} at (0,0) size 784x40
        LayoutText {#text} at (0,0) size 197x19
          text run at (0,0) width 197: "This tests for regressions against "
        LayoutInline {I} at (0,0) size 778x39
          LayoutInline {A} at (0,0) size 350x19 [color=#0000EE]
            LayoutText {#text} at (197,0) size 350x19
              text run at (197,0) width 350: "http://bugzilla.opendarwin.org/show_bug.cgi?id=8420"
          LayoutText {#text} at (546,0) size 778x39
            text run at (546,0) width 5: " "
            text run at (550,0) width 228: "iExploder(#12): Assertion failure in"
            text run at (0,20) width 237: "RenderContainer::removeChildNode"
        LayoutText {#text} at (236,20) size 5x19
          text run at (236,20) width 5: "."
      LayoutBlockFlow {P} at (0,56) size 784x20
        LayoutText {#text} at (0,0) size 749x19
          text run at (0,0) width 530: "In the render tree, the button should have only one child, an anonymous block wrapping "
          text run at (530,0) width 219: "all of the button's other descendants."
      LayoutBlockFlow (anonymous) at (0,102) size 784x6
        LayoutButton {BUTTON} at (0,0) size 16x6 [bgcolor=#C0C0C0] [border: (2px outset #C0C0C0)]
          LayoutBlockFlow (anonymous) at (8,3) size 0x0
            LayoutBlockFlow (anonymous) at (0,0) size 0x0
              LayoutInline {SPAN} at (0,0) size 0x0
            LayoutBlockFlow (anonymous) at (0,0) size 0x0
              LayoutBlockFlow {DIV} at (0,0) size 0x0
            LayoutBlockFlow (anonymous) at (0,0) size 0x0
              LayoutInline {SPAN} at (0,0) size 0x0
        LayoutText {#text} at (0,0) size 0x0
layer at (8,100) size 784x2 clip at (0,0) size 0x0
  LayoutBlockFlow {HR} at (0,92) size 784x2 [border: (1px inset #EEEEEE)]
