layer at (0,0) size 800x600
  LayoutView at (0,0) size 800x600
layer at (0,0) size 800x222
  LayoutBlockFlow {HTML} at (0,0) size 800x222
    LayoutBlockFlow {BODY} at (8,16) size 784x198
      LayoutBlockFlow {P} at (0,0) size 784x18
        LayoutText {#text} at (0,0) size 760x18
          text run at (0,0) width 760: "Test passes if, when when the editable element below is focused is focused for editing, the text insertion caret is green."
      LayoutBlockFlow {P} at (0,34) size 784x18
        LayoutText {#text} at (0,0) size 441x18
          text run at (0,0) width 441: "The shape of the caret, and whether it flashes, are not part of the test."
      LayoutBlockFlow {DIV} at (0,68) size 500x130 [color=#FFFFFF] [bgcolor=#000000]
        LayoutText {#text} at (10,10) size 394x110
          text run at (10,10) width 382: "Focus this editable"
          text run at (391,10) width 13: " "
          text run at (10,65) width 160: "element"
caret: position 0 of child 0 {#text} of child 5 {DIV} of body
