layer at (0,0) size 800x600
  LayoutView at (0,0) size 800x600
layer at (0,0) size 800x298
  LayoutBlockFlow {HTML} at (0,0) size 800x298
    LayoutBlockFlow {BODY} at (8,16) size 784x274
      LayoutBlockFlow {P} at (0,0) size 784x20
        LayoutInline {A} at (0,0) size 305x19 [color=#0000EE]
          LayoutText {#text} at (0,0) size 305x19
            text run at (0,0) width 305: "https://bugs.webkit.org/show_bug.cgi?id=26095"
      LayoutBlockFlow {P} at (0,36) size 784x20
        LayoutText {#text} at (0,0) size 387x19
          text run at (0,0) width 387: "Tests that a 3D transform on a generated node does not crash."
      LayoutBlockFlow {DIV} at (0,72) size 202x202 [border: (1px solid #000000)]
layer at (9,89) size 200x200
  LayoutBlockFlow {<pseudo:after>} at (1,1) size 200x200
    LayoutTextFragment (anonymous) at (0,0) size 65x19
      text run at (0,0) width 65: "Generated"
