layer at (0,0) size 800x600
  LayoutView at (0,0) size 800x600
layer at (0,0) size 800x146
  LayoutBlockFlow {HTML} at (0,0) size 800x145.59
    LayoutBlockFlow {BODY} at (8,16) size 784x121.59
      LayoutBlockFlow {P} at (0,0) size 784x18
        LayoutText {#text} at (0,0) size 31x18
          text run at (0,0) width 31: "Bug "
        LayoutInline {A} at (0,0) size 41x18 [color=#0000EE]
          LayoutText {#text} at (30,0) size 41x18
            text run at (30,0) width 41: "78684"
        LayoutText {#text} at (70,0) size 275x18
          text run at (70,0) width 275: ": Layout issue with fieldset legend element"
      LayoutBlockFlow {P} at (0,34) size 784x18
        LayoutText {#text} at (0,0) size 735x18
          text run at (0,0) width 735: "For this test to pass, you should see a full border with out any clipping, especially under blue box(legend element)."
      LayoutBlockFlow {FORM} at (0,68) size 784x53.59
        LayoutFieldset {FIELDSET} at (2,0) size 780x53.59 [border: (2px groove #C0C0C0)]
          LayoutBlockFlow {LEGEND} at (14,0) size 36x36 [border: (1px solid #0000FF)]
