layer at (0,0) size 800x600
  LayoutView at (0,0) size 800x600
layer at (0,0) size 800x332
  LayoutBlockFlow {HTML} at (0,0) size 800x332
    LayoutBlockFlow {BODY} at (8,16) size 784x308
      LayoutBlockFlow {P} at (0,0) size 784x20
        LayoutText {#text} at (0,0) size 289x19
          text run at (0,0) width 289: "Test passes if there is no red visible on the page."
      LayoutBlockFlow {SPAN} at (0,36) size 272x272 [bgcolor=#FF0000] [border: (20px solid #000000)]
