layer at (0,0) size 800x600 clip at (0,0) size 785x600 scrollHeight 736
  LayoutView at (0,0) size 800x600
layer at (0,0) size 785x736 backgroundClip at (0,0) size 785x600 clip at (0,0) size 785x600
  LayoutBlockFlow {HTML} at (0,0) size 785x736
    LayoutBlockFlow {BODY} at (8,16) size 769x712
      LayoutBlockFlow {P} at (0,0) size 769x20
        LayoutText {#text} at (0,0) size 698x19
          text run at (0,0) width 698: "Test passes if there are four unclipped cats in each of the two boxes, and if all the cats on the page are the same size."
      LayoutBlockFlow {DIV} at (0,36) size 96x96
      LayoutBlockFlow {DIV} at (0,132) size 410x160 [border: (5px solid #000000)]
      LayoutBlockFlow {DIV} at (0,302) size 160x410 [border: (5px solid #000000)]
