layer at (0,0) size 800x600 clip at (0,0) size 785x600 scrollHeight 688
  LayoutView at (0,0) size 800x600
layer at (0,0) size 785x688 backgroundClip at (0,0) size 785x600 clip at (0,0) size 785x600
  LayoutBlockFlow {HTML} at (0,0) size 785x688
    LayoutBlockFlow {BODY} at (8,16) size 769x662
      LayoutBlockFlow {P} at (0,0) size 769x20
        LayoutText {#text} at (0,0) size 369x19
          text run at (0,0) width 369: "Test passes if the content of the three black boxes is identical."
      LayoutBlockFlow {DIV} at (10,36) size 298x202 [border: (5px solid #000000)]
      LayoutBlockFlow {DIV} at (10,248) size 298x202 [border: (5px solid #000000)]
      LayoutBlockFlow {DIV} at (10,460) size 298x202 [border: (5px solid #000000)]
