layer at (0,0) size 800x600
  LayoutView at (0,0) size 800x600
layer at (0,0) size 800x80
  LayoutBlockFlow {HTML} at (0,0) size 800x80
    LayoutBlockFlow {BODY} at (8,16) size 784x56
      LayoutBlockFlow {P} at (0,0) size 784x20
        LayoutText {#text} at (0,0) size 393x19
          text run at (0,0) width 393: "Test passes if there is an orange box with rounded corners below."
      LayoutBlockFlow (anonymous) at (0,36) size 784x20
        LayoutInline {DIV} at (0,0) size 90x49 [color=#FFA500] [bgcolor=#FFA500]
          LayoutText {#text} at (15,0) size 60x19
            text run at (15,0) width 60: "Filler Text"
        LayoutText {#text} at (0,0) size 0x0
