layer at (0,0) size 800x600
  LayoutView at (0,0) size 800x600
layer at (0,0) size 800x434
  LayoutBlockFlow {HTML} at (0,0) size 800x434
    LayoutBlockFlow {BODY} at (8,16) size 784x410
      LayoutBlockFlow {P} at (0,0) size 784x20
        LayoutText {#text} at (0,0) size 629x19
          text run at (0,0) width 629: "Test passes if the top right corner of each of the boxes is curved and if there is no red visible on the page."
      LayoutTable {TABLE} at (0,36) size 310x374
        LayoutTableSection {TBODY} at (0,0) size 310x374
          LayoutTableRow {TR} at (0,2) size 310x122
            LayoutTableCell {TD} at (2,12) size 152x102 [r=0 c=0 rs=1 cs=1]
              LayoutBlockFlow {DIV} at (1,1) size 140x100 [border: (20px solid #FF0000)]
              LayoutBlockFlow {DIV} at (1,1) size 140x100 [border: (20px solid #000000)]
            LayoutTableCell {TD} at (156,12) size 152x102 [r=0 c=1 rs=1 cs=1]
              LayoutBlockFlow {DIV} at (1,1) size 140x100 [border: (20px solid #FF0000)]
              LayoutBlockFlow {DIV} at (1,1) size 140x100 [border: (20px solid #000000)]
          LayoutTableRow {TR} at (0,126) size 310x122
            LayoutTableCell {TD} at (2,136) size 152x102 [r=1 c=0 rs=1 cs=1]
              LayoutBlockFlow {DIV} at (1,1) size 140x100 [border: (20px solid #FF0000)]
              LayoutBlockFlow {DIV} at (1,1) size 140x100 [border: (20px solid #000000)]
            LayoutTableCell {TD} at (156,136) size 152x102 [r=1 c=1 rs=1 cs=1]
              LayoutBlockFlow {DIV} at (1,1) size 140x100 [border: (20px solid #FF0000)]
              LayoutBlockFlow {DIV} at (1,1) size 140x100 [border: (20px solid #000000)]
          LayoutTableRow {TR} at (0,250) size 310x122
            LayoutTableCell {TD} at (2,260) size 152x102 [r=2 c=0 rs=1 cs=1]
              LayoutBlockFlow {DIV} at (1,1) size 140x100 [border: (20px solid #FF0000)]
              LayoutBlockFlow {DIV} at (1,1) size 140x100 [border: (20px solid #000000)]
            LayoutTableCell {TD} at (156,260) size 152x102 [r=2 c=1 rs=1 cs=1]
              LayoutBlockFlow {DIV} at (1,1) size 140x100 [border: (20px solid #FF0000)]
              LayoutBlockFlow {DIV} at (1,1) size 140x100 [border: (20px solid #000000)]
