layer at (0,0) size 800x600
  LayoutView at (0,0) size 800x600
layer at (0,0) size 800x365
  LayoutBlockFlow {HTML} at (0,0) size 800x365
    LayoutBlockFlow {BODY} at (8,16) size 784x341
      LayoutBlockFlow {P} at (0,0) size 784x20
        LayoutText {#text} at (0,0) size 250x19
          text run at (0,0) width 250: "Test passes if the four boxes are identical."
      LayoutTable {TABLE} at (0,36) size 320x305
        LayoutTableSection {TBODY} at (0,0) size 320x305
          LayoutTableRow {TR} at (0,2) size 320x301
            LayoutTableCell {TD} at (2,2) size 157x300.75 [r=0 c=0 rs=1 cs=1]
              LayoutBlockFlow {DIV} at (11,11) size 134.38x134.38 [border: (19.19px solid #000000)]
              LayoutBlockFlow {DIV} at (11,155.38) size 134.38x134.38 [border: (19.19px solid #000000)]
            LayoutTableCell {TD} at (161,2) size 157x300.75 [r=0 c=1 rs=1 cs=1]
              LayoutBlockFlow {DIV} at (11,11) size 134.38x134.38 [border: (19.19px solid #000000)]
              LayoutBlockFlow {DIV} at (11,155.38) size 134.38x134.38 [border: (19.19px solid #000000)]
