layer at (0,0) size 800x600
  LayoutView at (0,0) size 800x600
layer at (0,0) size 800x290
  LayoutBlockFlow {HTML} at (0,0) size 800x290.36
    LayoutBlockFlow {BODY} at (8,16) size 784x266.36
      LayoutBlockFlow {P} at (0,0) size 784x20
        LayoutText {#text} at (0,0) size 491x19
          text run at (0,0) width 491: "Test passes if the box has rounded corners and there is no red visible on the page."
      LayoutBlockFlow {DIV} at (0,36) size 230.38x230.38 [border: (19.19px solid #FF0000)]
      LayoutBlockFlow {DIV} at (0,35.98) size 230.38x230.38 [border: (19.19px solid #008000)]
