layer at (0,0) size 800x600
  LayoutView at (0,0) size 800x600
layer at (0,0) size 800x352
  LayoutBlockFlow {HTML} at (0,0) size 800x352
    LayoutBlockFlow {BODY} at (8,16) size 784x328
      LayoutBlockFlow {P} at (0,0) size 784x20
        LayoutText {#text} at (0,0) size 625x19
          text run at (0,0) width 625: "Test passes if the top-left corner of the box has a rounded corner and there is no red visible on the page."
      LayoutBlockFlow {DIV} at (0,36) size 388x292 [border: (2px solid #FF0000)]
      LayoutBlockFlow {DIV} at (0,36) size 388x292 [border: (2px solid #000000)]
