layer at (0,0) size 800x600
  LayoutView at (0,0) size 800x600
layer at (0,0) size 800x286
  LayoutBlockFlow {HTML} at (0,0) size 800x286
    LayoutBlockFlow {BODY} at (8,16) size 784x262
      LayoutBlockFlow {P} at (0,0) size 784x20
        LayoutText {#text} at (0,0) size 578x19
          text run at (0,0) width 578: "Test passes if there are two black boxes with rounded corners and red is not visible on the page."
      LayoutTable {TABLE} at (0,36) size 450x226
        LayoutTableSection {TBODY} at (0,0) size 450x226
          LayoutTableRow {TR} at (0,2) size 450x222
            LayoutTableCell {TD} at (2,2) size 222x222 [r=0 c=0 rs=1 cs=1]
              LayoutBlockFlow {DIV} at (1,1) size 220x220 [border: (10px solid #FF0000)]
              LayoutBlockFlow {DIV} at (1,1) size 220x220 [border: (10px solid #000000)]
            LayoutTableCell {TD} at (226,2) size 222x222 [r=0 c=1 rs=1 cs=1]
              LayoutBlockFlow {DIV} at (1,1) size 220x220 [border: (10px solid #FF0000)]
              LayoutBlockFlow {DIV} at (1,1) size 220x220 [border: (10px solid #000000)]
