layer at (0,0) size 800x600 scrollWidth 1028 scrollHeight 686
  LayoutView at (0,0) size 800x600
layer at (0,0) size 800x686 backgroundClip at (0,0) size 800x600 clip at (0,0) size 800x600
  LayoutBlockFlow {HTML} at (0,0) size 800x686
    LayoutBlockFlow {BODY} at (8,16) size 784x662
      LayoutBlockFlow {P} at (0,0) size 784x20
        LayoutText {#text} at (0,0) size 620x19
          text run at (0,0) width 620: "Test passes if there are no more than two rectangles on the page and there is no red visible on the page."
      LayoutTable {TABLE} at (0,36) size 314x106
        LayoutTableSection {TBODY} at (0,0) size 314x106
          LayoutTableRow {TR} at (0,2) size 314x102
            LayoutTableCell {TD} at (2,2) size 102x102 [r=0 c=0 rs=1 cs=1]
              LayoutBlockFlow {DIV} at (1,1) size 100x100 [border: (10px solid #FF0000)]
              LayoutBlockFlow {DIV} at (1,1) size 100x100 [border: (10px solid #000000)]
            LayoutTableCell {TD} at (106,2) size 102x102 [r=0 c=1 rs=1 cs=1]
              LayoutBlockFlow {DIV} at (1,1) size 100x100 [border: (10px solid #FF0000)]
              LayoutBlockFlow {DIV} at (1,1) size 100x100 [border: (10px solid #000000)]
            LayoutTableCell {TD} at (210,2) size 102x102 [r=0 c=2 rs=1 cs=1]
              LayoutBlockFlow {DIV} at (1,1) size 100x100 [border: (10px solid #FF0000)]
              LayoutBlockFlow {DIV} at (1,1) size 100x100 [border: (10px solid #000000)]
      LayoutBlockFlow {DIV} at (0,142) size 1020x520 [border: (10px solid #FF0000)]
      LayoutBlockFlow {DIV} at (0,142) size 1020x520 [border: (10px solid #000000)]
