layer at (0,0) size 800x600
  LayoutView at (0,0) size 800x600
layer at (0,0) size 800x162
  LayoutBlockFlow {HTML} at (0,0) size 800x162
    LayoutBlockFlow {BODY} at (8,16) size 784x138
      LayoutBlockFlow {P} at (0,0) size 784x20
        LayoutText {#text} at (0,0) size 395x19
          text run at (0,0) width 395: "Test passes if there is a box with sharp or rounded corners below."
      LayoutTable {DIV} at (0,36) size 102x102 [border: (1px none #000000)]
        LayoutTableCol {DIV} at (0,0) size 0x0 [border: (3px solid #008000)]
        LayoutTableSection (anonymous) at (1,1) size 99x99
          LayoutTableRow {DIV} at (0,0) size 99x99
            LayoutTableCell {DIV} at (0,0) size 99x3 [border: (2px none #000000)] [r=0 c=0 rs=1 cs=1]
