layer at (0,0) size 800x600
  LayoutView at (0,0) size 800x600
layer at (0,0) size 800x310
  LayoutBlockFlow {HTML} at (0,0) size 800x310.38
    LayoutBlockFlow {BODY} at (8,16) size 784x286.38
      LayoutBlockFlow {P} at (0,0) size 784x40
        LayoutText {#text} at (0,0) size 771x39
          text run at (0,0) width 771: "Test passes if there is a rounded border with purple dots on the top, green on the right side, blue on the bottom side, and grey on"
          text run at (0,20) width 72: "the left side."
      LayoutBlockFlow {DIV} at (0,56) size 230.38x230.38 [border: (19.19px dotted #800080) (19.19px dotted #008000) (19.19px dotted #0000FF) (19.19px dotted #808080)]
