layer at (0,0) size 800x600
  LayoutView at (0,0) size 800x600
layer at (0,0) size 800x180
  LayoutBlockFlow {HTML} at (0,0) size 800x180
    LayoutBlockFlow {BODY} at (8,16) size 784x156
      LayoutBlockFlow {P} at (0,0) size 784x20
        LayoutText {#text} at (0,0) size 289x19
          text run at (0,0) width 289: "Test passes if there is no red visible on the page."
      LayoutBlockFlow {DIV} at (0,36) size 140x140 [bgcolor=#FF0000] [border: (10px solid #000000)]
      LayoutBlockFlow {DIV} at (20,56) size 100x100 [bgcolor=#000000]
