layer at (0,0) size 800x600
  LayoutView at (0,0) size 800x600
layer at (0,0) size 800x162
  LayoutBlockFlow {HTML} at (0,0) size 800x162
    LayoutBlockFlow {BODY} at (8,16) size 784x138
      LayoutBlockFlow {P} at (0,0) size 784x20
        LayoutText {#text} at (0,0) size 341x19
          text run at (0,0) width 341: "Test passes if there is a box with rounded corners below."
      LayoutBlockFlow {DIV} at (0,36) size 102x102 [border: (3px solid #008000)]
