layer at (0,0) size 800x600
  LayoutView at (0,0) size 800x600
layer at (0,0) size 800x290
  LayoutBlockFlow {HTML} at (0,0) size 800x290.38
    LayoutBlockFlow {BODY} at (8,16) size 784x266.38
      LayoutBlockFlow {P} at (0,0) size 784x20
        LayoutText {#text} at (0,0) size 460x19
          text run at (0,0) width 460: "Test passes if there is a box below with dashed border and rounded corners."
      LayoutBlockFlow {DIV} at (0,36) size 230.38x230.38 [border: (19.19px dashed #000000)]
