layer at (0,0) size 800x600
  LayoutView at (0,0) size 800x600
layer at (0,0) size 800x201
  LayoutBlockFlow {HTML} at (0,0) size 800x201
    LayoutBlockFlow {BODY} at (8,16) size 784x177
      LayoutBlockFlow {P} at (0,0) size 784x20
        LayoutText {#text} at (0,0) size 289x19
          text run at (0,0) width 289: "Test passes if there is no red visible on the page."
      LayoutBlockFlow (anonymous) at (0,36) size 784x141
        LayoutImage {IMG} at (0,0) size 136x136 [border: (10px solid #000000)]
        LayoutText {#text} at (0,0) size 0x0
