layer at (0,0) size 800x600
  LayoutView at (0,0) size 800x600
layer at (0,0) size 800x478
  LayoutBlockFlow {HTML} at (0,0) size 800x478
    LayoutBlockFlow {BODY} at (8,16) size 784x454
      LayoutBlockFlow {P} at (0,0) size 784x20
        LayoutText {#text} at (0,0) size 515x19
          text run at (0,0) width 515: "Test passes if there are no squares on the page and there is no red visible on the page."
      LayoutTable {TABLE} at (0,36) size 210x418
        LayoutTableSection {TBODY} at (0,0) size 210x418
          LayoutTableRow {TR} at (0,2) size 210x102
            LayoutTableCell {TD} at (2,2) size 102x102 [r=0 c=0 rs=1 cs=1]
              LayoutBlockFlow {DIV} at (1,1) size 100x100 [border: (10px solid #FF0000)]
              LayoutBlockFlow {DIV} at (1,1) size 100x100 [border: (10px solid #000000)]
            LayoutTableCell {TD} at (106,2) size 102x102 [r=0 c=1 rs=1 cs=1]
              LayoutBlockFlow {DIV} at (1,1) size 100x100 [border: (10px solid #FF0000)]
              LayoutBlockFlow {DIV} at (1,1) size 100x100 [border: (10px solid #000000)]
          LayoutTableRow {TR} at (0,106) size 210x102
            LayoutTableCell {TD} at (2,106) size 102x102 [r=1 c=0 rs=1 cs=1]
              LayoutBlockFlow {DIV} at (1,1) size 100x100 [border: (10px solid #FF0000)]
              LayoutBlockFlow {DIV} at (1,1) size 100x100 [border: (10px solid #000000)]
            LayoutTableCell {TD} at (106,106) size 102x102 [r=1 c=1 rs=1 cs=1]
              LayoutBlockFlow {DIV} at (1,1) size 100x100 [border: (10px solid #FF0000)]
              LayoutBlockFlow {DIV} at (1,1) size 100x100 [border: (10px solid #000000)]
          LayoutTableRow {TR} at (0,210) size 210x102
            LayoutTableCell {TD} at (2,210) size 102x102 [r=2 c=0 rs=1 cs=1]
              LayoutBlockFlow {DIV} at (1,1) size 100x100 [border: (10px solid #FF0000)]
              LayoutBlockFlow {DIV} at (1,1) size 100x100 [border: (10px solid #000000)]
            LayoutTableCell {TD} at (106,210) size 102x102 [r=2 c=1 rs=1 cs=1]
              LayoutBlockFlow {DIV} at (1,1) size 100x100 [border: (10px solid #FF0000)]
              LayoutBlockFlow {DIV} at (1,1) size 100x100 [border: (10px solid #000000)]
          LayoutTableRow {TR} at (0,314) size 210x102
            LayoutTableCell {TD} at (2,314) size 102x102 [r=3 c=0 rs=1 cs=1]
              LayoutBlockFlow {DIV} at (1,1) size 100x100 [border: (10px solid #FF0000)]
              LayoutBlockFlow {DIV} at (1,1) size 100x100 [border: (10px solid #000000)]
            LayoutTableCell {TD} at (106,314) size 102x102 [r=3 c=1 rs=1 cs=1]
              LayoutBlockFlow {DIV} at (1,1) size 100x100 [border: (10px solid #FF0000)]
              LayoutBlockFlow {DIV} at (1,1) size 100x100 [border: (10px solid #000000)]
