layer at (0,0) size 800x600
  LayoutView at (0,0) size 800x600
layer at (0,0) size 800x292
  LayoutBlockFlow {HTML} at (0,0) size 800x292
    LayoutBlockFlow {BODY} at (8,16) size 784x268
      LayoutBlockFlow {P} at (0,0) size 784x20
        LayoutText {#text} at (0,0) size 295x19
          text run at (0,0) width 295: "Test passes if two drawings are exactly the same."
      LayoutBlockFlow {DIV} at (0,36) size 96x96
      LayoutBlockFlow {DIV} at (0,36) size 96x96
      LayoutBlockFlow {DIV} at (0,36) size 96x96
      LayoutBlockFlow {DIV} at (0,172) size 96x96
