layer at (0,0) size 800x600
  LayoutView at (0,0) size 800x600
layer at (0,0) size 800x158
  LayoutBlockFlow {HTML} at (0,0) size 800x158
    LayoutBlockFlow {BODY} at (8,16) size 784x134
      LayoutBlockFlow {P} at (0,0) size 784x20
        LayoutText {#text} at (0,0) size 289x19
          text run at (0,0) width 289: "Test passes if there is no red visible on the page."
      LayoutBlockFlow {DIV} at (0,36) size 194x98 [bgcolor=#FF0000] [border: (1px solid #000000)]
        LayoutBlockFlow {DIV} at (1,1) size 98x98 [bgcolor=#FFFFFF] [border: (1px solid #000000)]
