layer at (0,0) size 800x600
  LayoutView at (0,0) size 800x600
layer at (0,0) size 800x346
  LayoutBlockFlow {HTML} at (0,0) size 800x346
    LayoutBlockFlow {BODY} at (8,16) size 784x322
      LayoutBlockFlow {P} at (0,0) size 784x20
        LayoutText {#text} at (0,0) size 571x19
          text run at (0,0) width 571: "Test passes if there is green on the page and contents of the black boxes look exactly the same."
      LayoutTable {TABLE} at (0,36) size 570x286
        LayoutTableSection {TBODY} at (0,0) size 570x286
          LayoutTableRow {TR} at (0,2) size 570x282
            LayoutTableCell {TD} at (2,2) size 282x282 [r=0 c=0 rs=1 cs=1]
              LayoutBlockFlow {DIV} at (11,11) size 260x260 [border: (5px solid #000000)]
            LayoutTableCell {TD} at (286,2) size 282x282 [r=0 c=1 rs=1 cs=1]
              LayoutBlockFlow {DIV} at (11,11) size 260x260 [border: (5px solid #000000)]
