layer at (0,0) size 800x600
  LayoutView at (0,0) size 800x600
layer at (0,0) size 800x310
  LayoutBlockFlow {HTML} at (0,0) size 800x310
    LayoutBlockFlow {BODY} at (8,16) size 784x286
      LayoutBlockFlow {P} at (0,0) size 784x20
        LayoutText {#text} at (0,0) size 469x19
          text run at (0,0) width 469: "Test passes if a blue box overlaps an orange box, which overlaps a black box."
      LayoutBlockFlow {DIV} at (0,36) size 250x250
