layer at (0,0) size 800x600
  LayoutView at (0,0) size 800x600
layer at (0,0) size 800x600
  LayoutNGBlockFlow {HTML} at (0,0) size 800x600
    LayoutNGBlockFlow {BODY} at (8,8) size 784x584
      LayoutNGBlockFlow (floating) {DIV} at (0,0) size 50x400 [bgcolor=#008000]
      LayoutNGFieldset {FIELDSET} at (50,0) size 732x53.59 [border: (2px groove #C0C0C0)]
        LayoutNGBlockFlow (anonymous) at (2,18) size 728x33.59
          LayoutNGBlockFlow {LEGEND} at (12,-18) size 80.88x18
            LayoutText {#text} at (2,0) size 77x18
              text run at (2,0) width 77: "Hello world"
          LayoutNGBlockFlow (anonymous) at (12,5.59) size 704x18
            LayoutText {#text} at (0,0) size 142x18
              text run at (0,0) width 142: "Some fieldset content."
