layer at (0,0) size 800x600
  LayoutView at (0,0) size 800x600
layer at (0,0) size 800x230
  LayoutBlockFlow {HTML} at (0,0) size 800x230
    LayoutBlockFlow {BODY} at (8,16) size 784x206
      LayoutBlockFlow {P} at (0,0) size 784x18
        LayoutText {#text} at (0,0) size 602x18
          text run at (0,0) width 602: "Test passes if, when the text area below is focused for editing, the text insertion caret is green."
      LayoutBlockFlow {P} at (0,34) size 784x18
        LayoutText {#text} at (0,0) size 441x18
          text run at (0,0) width 441: "The shape of the caret, and whether it flashes, are not part of the test."
      LayoutBlockFlow {DIV} at (0,68) size 784x138 [color=#FF0000]
        LayoutText {#text} at (0,0) size 0x0
layer at (8,84) size 502x134 clip at (9,85) size 500x132
  LayoutTextControl {TEXTAREA} at (0,0) size 502x134 [color=#00FF00] [bgcolor=#000000] [border: (1px solid #00FF00)]
    LayoutBlockFlow {DIV} at (11,11) size 480x56
caret: position 0 of child 0 {DIV} of {#document-fragment} of child 1 {TEXTAREA} of child 5 {DIV} of body
