layer at (0,0) size 800x600
  LayoutView at (0,0) size 800x600
layer at (0,0) size 800x199
  LayoutBlockFlow {HTML} at (0,0) size 800x199
    LayoutBlockFlow {BODY} at (8,16) size 784x175
      LayoutBlockFlow {P} at (0,0) size 784x36
        LayoutText {#text} at (0,0) size 771x36
          text run at (0,0) width 771: "Before running this test, the link below must have been visited. It will have yellow text if this is not the case. If it its text"
          text run at (0,18) width 304: "is yellow, you need to navigate to this link first."
      LayoutBlockFlow {P} at (0,52) size 784x18
        LayoutText {#text} at (0,0) size 572x18
          text run at (0,0) width 572: "Test passes if, when the link below is focused for editing, the text insertion caret is green."
      LayoutBlockFlow {P} at (0,86) size 784x18
        LayoutText {#text} at (0,0) size 441x18
          text run at (0,0) width 441: "The shape of the caret, and whether it flashes, are not part of the test."
      LayoutBlockFlow (anonymous) at (0,120) size 784x55
        LayoutInline {A} at (0,0) size 101x75 [color=#FFFFFF] [bgcolor=#000000]
          LayoutText {#text} at (10,0) size 81x55
            text run at (10,0) width 81: "link"
        LayoutText {#text} at (0,0) size 0x0
caret: position 0 of child 0 {#text} of child 8 {A} of body
