layer at (0,0) size 800x600
  LayoutView at (0,0) size 800x600
layer at (0,0) size 800x172
  LayoutBlockFlow {HTML} at (0,0) size 800x172
    LayoutBlockFlow {BODY} at (8,16) size 784x148
      LayoutBlockFlow {P} at (0,0) size 784x18
        LayoutText {#text} at (0,0) size 613x18
          text run at (0,0) width 613: "Test passes if, when the input field below is focused for editing, the text insertion caret is green."
      LayoutBlockFlow {P} at (0,34) size 784x18
        LayoutText {#text} at (0,0) size 441x18
          text run at (0,0) width 441: "The shape of the caret, and whether it flashes, are not part of the test."
      LayoutBlockFlow (anonymous) at (0,68) size 784x80
        LayoutTextControl {INPUT} at (0,0) size 504x80 [color=#FFFFFF] [bgcolor=#000000] [border: (2px inset #EEEEEE)]
        LayoutText {#text} at (0,0) size 0x0
layer at (20,96) size 480x56
  LayoutBlockFlow {DIV} at (12,12) size 480x56
caret: position 0 of child 0 {DIV} of {#document-fragment} of child 5 {INPUT} of body
