layer at (0,0) size 800x600
  LayoutView at (0,0) size 800x600
layer at (0,0) size 800x147
  LayoutBlockFlow {HTML} at (0,0) size 800x147
    LayoutBlockFlow {BODY} at (8,16) size 784x123
      LayoutBlockFlow {P} at (0,0) size 784x18
        LayoutText {#text} at (0,0) size 529x18
          text run at (0,0) width 529: "Test passes if, when the link is focused for editing, the text insertion caret is green."
      LayoutBlockFlow {P} at (0,34) size 784x18
        LayoutText {#text} at (0,0) size 441x18
          text run at (0,0) width 441: "The shape of the caret, and whether it flashes, are not part of the test."
      LayoutBlockFlow (anonymous) at (0,68) size 784x55
        LayoutInline {A} at (0,0) size 101x75 [color=#FFFFFF] [bgcolor=#000000]
          LayoutText {#text} at (10,0) size 81x55
            text run at (10,0) width 81: "link"
        LayoutText {#text} at (0,0) size 0x0
caret: position 0 of child 0 {#text} of child 5 {A} of body
