layer at (0,0) size 800x600
  LayoutView at (0,0) size 800x600
layer at (0,0) size 800x68
  LayoutBlockFlow {HTML} at (0,0) size 800x68
    LayoutBlockFlow {BODY} at (8,8) size 784x52
      LayoutText {#text} at (0,0) size 0x0
layer at (8,8) size 208x48 clip at (10,10) size 204x44
  LayoutTextControl {TEXTAREA} at (0,0) size 208x48 [bgcolor=#FFFFFF] [border: (2px solid #000000)]
    LayoutBlockFlow {DIV} at (4,4) size 200x13
      LayoutText {#text} at (0,0) size 53x13
        text run at (0,0) width 53: "Some text"
caret: position 0 of child 0 {#text} of child 0 {DIV} of {#document-fragment} of child 0 {TEXTAREA} of body
