CONSOLE WARNING: line 16: document.getMatchedCSSRules() is deprecated and will be removed in M63, around December 2017. See https://www.chromestatus.com/features/4606972603138048 for more details.
layer at (0,0) size 800x600
  LayoutView at (0,0) size 800x600
layer at (0,0) size 800x600
  LayoutBlockFlow {HTML} at (0,0) size 800x600
    LayoutBlockFlow {BODY} at (8,8) size 784x576
      LayoutBlockFlow {DIV} at (0,0) size 784x18 [color=#FF0000]
        LayoutText {#text} at (0,0) size 77x18
          text run at (0,0) width 77: "Hello world"
      LayoutBlockFlow {P} at (0,34) size 784x18
        LayoutText {#text} at (0,0) size 220x18
          text run at (0,0) width 220: "The number of matched rules is: 1"
