layer at (0,0) size 800x600
  LayoutView at (0,0) size 800x600
layer at (0,0) size 800x600
  LayoutBlockFlow {HTML} at (0,0) size 800x600
    LayoutBlockFlow {BODY} at (8,8) size 784x584
      LayoutTable {TABLE} at (0,0) size 784x132 [border: (1px outset #808080)]
        LayoutTableSection {TBODY} at (1,1) size 782x130
          LayoutTableRow {TR} at (0,2) size 782x126
            LayoutTableCell {TD} at (2,2) size 74x126 [border: (1px inset #808080)] [r=0 c=0 rs=1 cs=1]
              LayoutText {#text} at (2,2) size 70x79
                text run at (2,2) width 59: "check for"
                text run at (2,22) width 55: "handling"
                text run at (2,42) width 13: "of"
                text run at (2,62) width 70: "whitespace"
              LayoutImage {IMG} at (2,82) size 20x16.66
              LayoutText {#text} at (22,84) size 68x39
                text run at (22,84) width 48: " around"
                text run at (2,104) width 61: "the image"
            LayoutTableCell {TD} at (78,53) size 702x24 [border: (1px inset #808080)] [r=0 c=1 rs=1 cs=1]
              LayoutText {#text} at (2,2) size 12x19
                text run at (2,2) width 12: "X"
      LayoutBlockFlow {HR} at (0,140) size 77x2 [border: (1px inset #EEEEEE)]
      LayoutTable {TABLE} at (0,150) size 784x167 [border: (1px outset #808080)]
        LayoutTableSection {TBODY} at (1,1) size 782x165
          LayoutTableRow {TR} at (0,2) size 782x161
            LayoutTableCell {TD} at (2,2) size 24x161 [border: (1px inset #808080)] [r=0 c=0 rs=1 cs=1]
              LayoutText {#text} at (2,2) size 16x79
                text run at (2,2) width 14: "aa"
                text run at (2,22) width 16: "bb"
                text run at (2,42) width 14: "cc"
                text run at (2,62) width 16: "dd"
              LayoutImage {IMG} at (2,82) size 20x16.66
              LayoutText {#text} at (2,99) size 16x59
                text run at (2,99) width 14: "ee"
                text run at (2,119) width 10: "ff"
                text run at (2,139) width 16: "gg"
            LayoutTableCell {TD} at (28,70) size 752x24 [border: (1px inset #808080)] [r=0 c=1 rs=1 cs=1]
              LayoutText {#text} at (2,2) size 12x19
                text run at (2,2) width 12: "X"
      LayoutBlockFlow {HR} at (0,325) size 77x2 [border: (1px inset #EEEEEE)]
      LayoutTable {TABLE} at (0,335) size 784x52 [border: (1px outset #808080)]
        LayoutTableSection {TBODY} at (1,1) size 782x50
          LayoutTableRow {TR} at (0,2) size 782x46
            LayoutTableCell {TD} at (2,2) size 213x46 [border: (1px inset #808080)] [r=0 c=0 rs=1 cs=1]
              LayoutText {#text} at (2,2) size 209x19
                text run at (2,2) width 209: "checkforhandlingofnowhitespace"
              LayoutImage {IMG} at (2,22) size 20x16.66
              LayoutText {#text} at (22,24) size 105x19
                text run at (22,24) width 105: " aroundtheimage"
            LayoutTableCell {TD} at (217,13) size 563x24 [border: (1px inset #808080)] [r=0 c=1 rs=1 cs=1]
              LayoutText {#text} at (2,2) size 12x19
                text run at (2,2) width 12: "X"
      LayoutBlockFlow {HR} at (0,395) size 77x2 [border: (1px inset #EEEEEE)]
      LayoutTable {TABLE} at (0,405) size 784x32 [border: (1px outset #808080)]
        LayoutTableSection {TBODY} at (1,1) size 782x30
          LayoutTableRow {TR} at (0,2) size 782x26
            LayoutTableCell {TD} at (2,2) size 334x26 [border: (1px inset #808080)] [r=0 c=0 rs=1 cs=1]
              LayoutText {#text} at (2,4) size 209x19
                text run at (2,4) width 209: "checkforhandlingofnowhitespace"
              LayoutImage {IMG} at (211,2) size 20x16.66
              LayoutText {#text} at (231,4) size 101x19
                text run at (231,4) width 101: "aroundtheimage"
            LayoutTableCell {TD} at (338,3) size 442x24 [border: (1px inset #808080)] [r=0 c=1 rs=1 cs=1]
              LayoutText {#text} at (2,2) size 12x19
                text run at (2,2) width 12: "X"
