layer at (0,0) size 800x600 clip at (0,0) size 785x600 scrollHeight 736
  LayoutView at (0,0) size 800x600
layer at (0,0) size 785x736 backgroundClip at (0,0) size 785x600 clip at (0,0) size 785x600
  LayoutBlockFlow {HTML} at (0,0) size 785x736
    LayoutBlockFlow {BODY} at (8,8) size 769x720
      LayoutTable {TABLE} at (0,0) size 769x720
        LayoutTableSection {TBODY} at (0,0) size 769x720
          LayoutTableRow {TR} at (0,0) size 769x360
            LayoutTableCell {TD} at (0,0) size 230x360 [r=0 c=0 rs=1 cs=1]
              LayoutTable {TABLE} at (0,0) size 230x360
                LayoutTableSection {THEAD} at (0,0) size 230x20
                  LayoutTableRow {TR} at (0,0) size 230x20
                    LayoutTableCell {TH} at (0,0) size 230x20 [r=0 c=0 rs=1 cs=1]
                      LayoutText {#text} at (78,0) size 74x19
                        text run at (78,0) width 74: "Header 1/1"
                LayoutTableSection {TBODY} at (0,20) size 230x340
                  LayoutTableRow {TR} at (0,0) size 230x340
                    LayoutTableCell {TD} at (0,0) size 230x340 [r=0 c=0 rs=1 cs=1]
                      LayoutText {#text} at (0,0) size 230x339
                        text run at (0,0) width 230: "1 2 3 - - - - - - - - - - - - - - - - - - - - - -"
                        text run at (0,20) width 230: "- - - - - - - - - - - - - - - - - - - - - - - - - -"
                        text run at (0,40) width 230: "- - - - - - - - - - - - - - - - - - - - - - - - - -"
                        text run at (0,60) width 230: "- - - - - - - - - - - - - - - - - - - - - - - - - -"
                        text run at (0,80) width 230: "- - - - - - - - - - - - - - - - - - - - - - - - - -"
                        text run at (0,100) width 230: "- - - - - - - - - - - - - - - - - - - - - - - - - -"
                        text run at (0,120) width 230: "- - - - - - - - - - - - - - - - - - - - - - - - - -"
                        text run at (0,140) width 230: "- - - - - - - - - - - - - - - - - - - - - - - - - -"
                        text run at (0,160) width 27: "- - - "
                        text run at (27,160) width 203: "- - - - - - - - - - - - - - - - - - - - - - -"
                        text run at (0,180) width 230: "- - - - - - - - - - - - - - - - - - - - - - - - - -"
                        text run at (0,200) width 230: "- - - - - - - - - - - - - - - - - - - - - - - - - -"
                        text run at (0,220) width 230: "- - - - - - - - - - - - - - - - - - - - - - - - - -"
                        text run at (0,240) width 230: "- - - - - - - - - - - - - - - - - - - - - - - - - -"
                        text run at (0,260) width 230: "- - - - - - - - - - - - - - - - - - - - - - - - - -"
                        text run at (0,280) width 230: "- - - - - - - - - - - - - - - - - - - - - - - - - -"
                        text run at (0,300) width 230: "- - - - - - - - - - - - - - - - - - - - - - - - - -"
                        text run at (0,320) width 41: "- - - - -"
            LayoutTableCell {TD} at (230,0) size 307x360 [r=0 c=1 rs=1 cs=1]
              LayoutTable {TABLE} at (0,0) size 307x360
                LayoutTableSection {THEAD} at (0,0) size 307x20
                  LayoutTableRow {TR} at (0,0) size 307x20
                    LayoutTableCell {TH} at (0,0) size 307x20 [r=0 c=0 rs=1 cs=1]
                      LayoutText {#text} at (116,0) size 75x19
                        text run at (116,0) width 75: "Header 2/1"
                LayoutTableSection {TBODY} at (0,20) size 307x340
                  LayoutTableRow {TR} at (0,0) size 307x340
                    LayoutTableCell {TD} at (0,0) size 307x340 [r=0 c=0 rs=1 cs=1]
                      LayoutText {#text} at (0,0) size 296x339
                        text run at (0,0) width 296: "1 2 3 # # # # # # # # # # # # # # # # # # # # # #"
                        text run at (0,20) width 296: "# # # # # # # # # # # # # # # # # # # # # # # # #"
                        text run at (0,40) width 296: "# # # # # # # # # # # # # # # # # # # # # # # # #"
                        text run at (0,60) width 296: "# # # # # # # # # # # # # # # # # # # # # # # # #"
                        text run at (0,80) width 296: "# # # # # # # # # # # # # # # # # # # # # # # # #"
                        text run at (0,100) width 296: "# # # # # # # # # # # # # # # # # # # # # # # # #"
                        text run at (0,120) width 296: "# # # # # # # # # # # # # # # # # # # # # # # # #"
                        text run at (0,140) width 296: "# # # # # # # # # # # # # # # # # # # # # # # # #"
                        text run at (0,160) width 120: "# # # # # # # # # # "
                        text run at (120,160) width 176: "# # # # # # # # # # # # # # #"
                        text run at (0,180) width 296: "# # # # # # # # # # # # # # # # # # # # # # # # #"
                        text run at (0,200) width 296: "# # # # # # # # # # # # # # # # # # # # # # # # #"
                        text run at (0,220) width 296: "# # # # # # # # # # # # # # # # # # # # # # # # #"
                        text run at (0,240) width 296: "# # # # # # # # # # # # # # # # # # # # # # # # #"
                        text run at (0,260) width 296: "# # # # # # # # # # # # # # # # # # # # # # # # #"
                        text run at (0,280) width 296: "# # # # # # # # # # # # # # # # # # # # # # # # #"
                        text run at (0,300) width 296: "# # # # # # # # # # # # # # # # # # # # # # # # #"
                        text run at (0,320) width 236: "# # # # # # # # # # # # # # # # # # # #"
            LayoutTableCell {TD} at (537,0) size 232x360 [r=0 c=2 rs=1 cs=1]
              LayoutTable {TABLE} at (0,0) size 232x360
                LayoutTableSection {THEAD} at (0,0) size 232x20
                  LayoutTableRow {TR} at (0,0) size 232x20
                    LayoutTableCell {TH} at (0,0) size 232x20 [r=0 c=0 rs=1 cs=1]
                      LayoutText {#text} at (79,0) size 74x19
                        text run at (79,0) width 74: "Header 3/1"
                LayoutTableSection {TBODY} at (0,20) size 232x340
                  LayoutTableRow {TR} at (0,0) size 232x340
                    LayoutTableCell {TD} at (0,0) size 232x340 [r=0 c=0 rs=1 cs=1]
                      LayoutText {#text} at (0,0) size 230x339
                        text run at (0,0) width 230: "1 2 3 ! ! ! ! ! ! ! ! ! ! ! ! ! ! ! ! ! ! ! ! ! !"
                        text run at (0,20) width 230: "! ! ! ! ! ! ! ! ! ! ! ! ! ! ! ! ! ! ! ! ! ! ! ! ! !"
                        text run at (0,40) width 230: "! ! ! ! ! ! ! ! ! ! ! ! ! ! ! ! ! ! ! ! ! ! ! ! ! !"
                        text run at (0,60) width 230: "! ! ! ! ! ! ! ! ! ! ! ! ! ! ! ! ! ! ! ! ! ! ! ! ! !"
                        text run at (0,80) width 230: "! ! ! ! ! ! ! ! ! ! ! ! ! ! ! ! ! ! ! ! ! ! ! ! ! !"
                        text run at (0,100) width 230: "! ! ! ! ! ! ! ! ! ! ! ! ! ! ! ! ! ! ! ! ! ! ! ! ! !"
                        text run at (0,120) width 230: "! ! ! ! ! ! ! ! ! ! ! ! ! ! ! ! ! ! ! ! ! ! ! ! ! !"
                        text run at (0,140) width 230: "! ! ! ! ! ! ! ! ! ! ! ! ! ! ! ! ! ! ! ! ! ! ! ! ! !"
                        text run at (0,160) width 27: "! ! ! "
                        text run at (27,160) width 203: "! ! ! ! ! ! ! ! ! ! ! ! ! ! ! ! ! ! ! ! ! ! !"
                        text run at (0,180) width 230: "! ! ! ! ! ! ! ! ! ! ! ! ! ! ! ! ! ! ! ! ! ! ! ! ! !"
                        text run at (0,200) width 230: "! ! ! ! ! ! ! ! ! ! ! ! ! ! ! ! ! ! ! ! ! ! ! ! ! !"
                        text run at (0,220) width 230: "! ! ! ! ! ! ! ! ! ! ! ! ! ! ! ! ! ! ! ! ! ! ! ! ! !"
                        text run at (0,240) width 230: "! ! ! ! ! ! ! ! ! ! ! ! ! ! ! ! ! ! ! ! ! ! ! ! ! !"
                        text run at (0,260) width 230: "! ! ! ! ! ! ! ! ! ! ! ! ! ! ! ! ! ! ! ! ! ! ! ! ! !"
                        text run at (0,280) width 230: "! ! ! ! ! ! ! ! ! ! ! ! ! ! ! ! ! ! ! ! ! ! ! ! ! !"
                        text run at (0,300) width 230: "! ! ! ! ! ! ! ! ! ! ! ! ! ! ! ! ! ! ! ! ! ! ! ! ! !"
                        text run at (0,320) width 41: "! ! ! ! !"
            LayoutTableCell {TD} at (769,0) size 0x0 [r=0 c=3 rs=1 cs=1]
          LayoutTableRow {TR} at (0,360) size 769x360
            LayoutTableCell {TD} at (0,360) size 230x360 [r=1 c=0 rs=1 cs=1]
              LayoutTable {TABLE} at (0,0) size 230x360
                LayoutTableSection {THEAD} at (0,0) size 230x20
                  LayoutTableRow {TR} at (0,0) size 230x20
                    LayoutTableCell {TH} at (0,0) size 230x20 [r=0 c=0 rs=1 cs=1]
                      LayoutText {#text} at (78,0) size 74x19
                        text run at (78,0) width 74: "Header 1/2"
                LayoutTableSection {TBODY} at (0,20) size 230x340
                  LayoutTableRow {TR} at (0,0) size 230x340
                    LayoutTableCell {TD} at (0,0) size 230x340 [r=0 c=0 rs=1 cs=1]
                      LayoutText {#text} at (0,0) size 230x339
                        text run at (0,0) width 230: "1 2 3 - - - - - - - - - - - - - - - - - - - - - -"
                        text run at (0,20) width 230: "- - - - - - - - - - - - - - - - - - - - - - - - - -"
                        text run at (0,40) width 230: "- - - - - - - - - - - - - - - - - - - - - - - - - -"
                        text run at (0,60) width 230: "- - - - - - - - - - - - - - - - - - - - - - - - - -"
                        text run at (0,80) width 230: "- - - - - - - - - - - - - - - - - - - - - - - - - -"
                        text run at (0,100) width 230: "- - - - - - - - - - - - - - - - - - - - - - - - - -"
                        text run at (0,120) width 230: "- - - - - - - - - - - - - - - - - - - - - - - - - -"
                        text run at (0,140) width 230: "- - - - - - - - - - - - - - - - - - - - - - - - - -"
                        text run at (0,160) width 27: "- - - "
                        text run at (27,160) width 203: "- - - - - - - - - - - - - - - - - - - - - - -"
                        text run at (0,180) width 230: "- - - - - - - - - - - - - - - - - - - - - - - - - -"
                        text run at (0,200) width 230: "- - - - - - - - - - - - - - - - - - - - - - - - - -"
                        text run at (0,220) width 230: "- - - - - - - - - - - - - - - - - - - - - - - - - -"
                        text run at (0,240) width 230: "- - - - - - - - - - - - - - - - - - - - - - - - - -"
                        text run at (0,260) width 230: "- - - - - - - - - - - - - - - - - - - - - - - - - -"
                        text run at (0,280) width 230: "- - - - - - - - - - - - - - - - - - - - - - - - - -"
                        text run at (0,300) width 230: "- - - - - - - - - - - - - - - - - - - - - - - - - -"
                        text run at (0,320) width 41: "- - - - -"
            LayoutTableCell {TD} at (230,360) size 307x360 [r=1 c=1 rs=1 cs=1]
              LayoutTable {TABLE} at (0,0) size 307x360
                LayoutTableSection {THEAD} at (0,0) size 307x20
                  LayoutTableRow {TR} at (0,0) size 307x20
                    LayoutTableCell {TH} at (0,0) size 307x20 [r=0 c=0 rs=1 cs=1]
                      LayoutText {#text} at (116,0) size 75x19
                        text run at (116,0) width 75: "Header 2/2"
                LayoutTableSection {TBODY} at (0,20) size 307x340
                  LayoutTableRow {TR} at (0,0) size 307x340
                    LayoutTableCell {TD} at (0,0) size 307x340 [r=0 c=0 rs=1 cs=1]
                      LayoutText {#text} at (0,0) size 296x339
                        text run at (0,0) width 296: "1 2 3 # # # # # # # # # # # # # # # # # # # # # #"
                        text run at (0,20) width 296: "# # # # # # # # # # # # # # # # # # # # # # # # #"
                        text run at (0,40) width 296: "# # # # # # # # # # # # # # # # # # # # # # # # #"
                        text run at (0,60) width 296: "# # # # # # # # # # # # # # # # # # # # # # # # #"
                        text run at (0,80) width 296: "# # # # # # # # # # # # # # # # # # # # # # # # #"
                        text run at (0,100) width 296: "# # # # # # # # # # # # # # # # # # # # # # # # #"
                        text run at (0,120) width 296: "# # # # # # # # # # # # # # # # # # # # # # # # #"
                        text run at (0,140) width 296: "# # # # # # # # # # # # # # # # # # # # # # # # #"
                        text run at (0,160) width 120: "# # # # # # # # # # "
                        text run at (120,160) width 176: "# # # # # # # # # # # # # # #"
                        text run at (0,180) width 296: "# # # # # # # # # # # # # # # # # # # # # # # # #"
                        text run at (0,200) width 296: "# # # # # # # # # # # # # # # # # # # # # # # # #"
                        text run at (0,220) width 296: "# # # # # # # # # # # # # # # # # # # # # # # # #"
                        text run at (0,240) width 296: "# # # # # # # # # # # # # # # # # # # # # # # # #"
                        text run at (0,260) width 296: "# # # # # # # # # # # # # # # # # # # # # # # # #"
                        text run at (0,280) width 296: "# # # # # # # # # # # # # # # # # # # # # # # # #"
                        text run at (0,300) width 296: "# # # # # # # # # # # # # # # # # # # # # # # # #"
                        text run at (0,320) width 236: "# # # # # # # # # # # # # # # # # # # #"
            LayoutTableCell {TD} at (537,360) size 232x360 [r=1 c=2 rs=1 cs=1]
              LayoutTable {TABLE} at (0,0) size 232x360
                LayoutTableSection {THEAD} at (0,0) size 232x20
                  LayoutTableRow {TR} at (0,0) size 232x20
                    LayoutTableCell {TH} at (0,0) size 232x20 [r=0 c=0 rs=1 cs=1]
                      LayoutText {#text} at (79,0) size 74x19
                        text run at (79,0) width 74: "Header 3/2"
                LayoutTableSection {TBODY} at (0,20) size 232x340
                  LayoutTableRow {TR} at (0,0) size 232x340
                    LayoutTableCell {TD} at (0,0) size 232x340 [r=0 c=0 rs=1 cs=1]
                      LayoutText {#text} at (0,0) size 230x339
                        text run at (0,0) width 230: "1 2 3 ! ! ! ! ! ! ! ! ! ! ! ! ! ! ! ! ! ! ! ! ! !"
                        text run at (0,20) width 230: "! ! ! ! ! ! ! ! ! ! ! ! ! ! ! ! ! ! ! ! ! ! ! ! ! !"
                        text run at (0,40) width 230: "! ! ! ! ! ! ! ! ! ! ! ! ! ! ! ! ! ! ! ! ! ! ! ! ! !"
                        text run at (0,60) width 230: "! ! ! ! ! ! ! ! ! ! ! ! ! ! ! ! ! ! ! ! ! ! ! ! ! !"
                        text run at (0,80) width 230: "! ! ! ! ! ! ! ! ! ! ! ! ! ! ! ! ! ! ! ! ! ! ! ! ! !"
                        text run at (0,100) width 230: "! ! ! ! ! ! ! ! ! ! ! ! ! ! ! ! ! ! ! ! ! ! ! ! ! !"
                        text run at (0,120) width 230: "! ! ! ! ! ! ! ! ! ! ! ! ! ! ! ! ! ! ! ! ! ! ! ! ! !"
                        text run at (0,140) width 230: "! ! ! ! ! ! ! ! ! ! ! ! ! ! ! ! ! ! ! ! ! ! ! ! ! !"
                        text run at (0,160) width 27: "! ! ! "
                        text run at (27,160) width 203: "! ! ! ! ! ! ! ! ! ! ! ! ! ! ! ! ! ! ! ! ! ! !"
                        text run at (0,180) width 230: "! ! ! ! ! ! ! ! ! ! ! ! ! ! ! ! ! ! ! ! ! ! ! ! ! !"
                        text run at (0,200) width 230: "! ! ! ! ! ! ! ! ! ! ! ! ! ! ! ! ! ! ! ! ! ! ! ! ! !"
                        text run at (0,220) width 230: "! ! ! ! ! ! ! ! ! ! ! ! ! ! ! ! ! ! ! ! ! ! ! ! ! !"
                        text run at (0,240) width 230: "! ! ! ! ! ! ! ! ! ! ! ! ! ! ! ! ! ! ! ! ! ! ! ! ! !"
                        text run at (0,260) width 230: "! ! ! ! ! ! ! ! ! ! ! ! ! ! ! ! ! ! ! ! ! ! ! ! ! !"
                        text run at (0,280) width 230: "! ! ! ! ! ! ! ! ! ! ! ! ! ! ! ! ! ! ! ! ! ! ! ! ! !"
                        text run at (0,300) width 230: "! ! ! ! ! ! ! ! ! ! ! ! ! ! ! ! ! ! ! ! ! ! ! ! ! !"
                        text run at (0,320) width 41: "! ! ! ! !"
