layer at (0,0) size 800x600
  LayoutView at (0,0) size 800x600
layer at (0,0) size 800x430
  LayoutBlockFlow {HTML} at (0,0) size 800x430
    LayoutBlockFlow {BODY} at (8,16) size 784x398
      LayoutBlockFlow {P} at (0,0) size 784x6 [border: (3px solid #800080)]
      LayoutTable {TABLE} at (0,22) size 133x78 [border: (3px solid #008000)]
        LayoutBlockFlow {CAPTION} at (0,0) size 133x26 [border: (3px solid #FFA500)]
          LayoutText {#text} at (55,3) size 23x19
            text run at (55,3) width 23: "cap"
        LayoutTableSection {TBODY} at (35,29) size 63x46
          LayoutTableRow {TR} at (0,2) size 63x42
            LayoutTableCell {TD} at (2,2) size 59x42 [r=0 c=0 rs=1 cs=1]
              LayoutText {#text} at (1,1) size 57x19
                text run at (1,1) width 57: "Centered"
              LayoutBR {BR} at (58,1) size 0x19
              LayoutText {#text} at (1,21) size 24x19
                text run at (1,21) width 24: "OK"
      LayoutBlockFlow {P} at (0,116) size 784x6 [border: (3px solid #800080)]
      LayoutBlockFlow {P} at (0,138) size 784x6 [border: (3px solid #800080)]
      LayoutTable {TABLE} at (325.50,160) size 133x78 [border: (3px solid #008000)]
        LayoutBlockFlow {CAPTION} at (0,0) size 133x26 [border: (3px solid #FFA500)]
          LayoutText {#text} at (55,3) size 23x19
            text run at (55,3) width 23: "cap"
        LayoutTableSection {TBODY} at (35,29) size 63x46
          LayoutTableRow {TR} at (0,2) size 63x42
            LayoutTableCell {TD} at (2,2) size 59x42 [r=0 c=0 rs=1 cs=1]
              LayoutText {#text} at (1,1) size 57x19
                text run at (1,1) width 57: "Centered"
              LayoutBR {BR} at (58,1) size 0x19
              LayoutText {#text} at (1,21) size 45x19
                text run at (1,21) width 45: "SHIFT"
      LayoutBlockFlow {P} at (0,254) size 784x6 [border: (3px solid #800080)]
      LayoutBlockFlow {P} at (0,276) size 784x6 [border: (3px solid #800080)]
      LayoutTable {TABLE} at (0,298) size 133x78 [border: (3px solid #008000)]
        LayoutBlockFlow {CAPTION} at (0,0) size 133x26 [border: (3px solid #FFA500)]
          LayoutText {#text} at (55,3) size 23x19
            text run at (55,3) width 23: "cap"
        LayoutTableSection {TBODY} at (35,29) size 63x46
          LayoutTableRow {TR} at (0,2) size 63x42
            LayoutTableCell {TD} at (2,2) size 59x42 [r=0 c=0 rs=1 cs=1]
              LayoutText {#text} at (1,1) size 57x19
                text run at (1,1) width 57: "Centered"
              LayoutBR {BR} at (58,1) size 0x19
              LayoutText {#text} at (1,21) size 55x19
                text run at (1,21) width 55: "NOSTD"
      LayoutBlockFlow {P} at (0,392) size 784x6 [border: (3px solid #800080)]
