layer at (0,0) size 800x600
  LayoutView at (0,0) size 800x600
layer at (0,0) size 800x600
  LayoutBlockFlow {HTML} at (0,0) size 800x600
    LayoutBlockFlow {BODY} at (8,8) size 784x584 [bgcolor=#C0C0C0]
      LayoutTable {TABLE} at (0,0) size 118x74 [border: (10px outset #808080)]
        LayoutTableSection {TBODY} at (10,10) size 98x54
          LayoutTableRow {TR} at (0,10) size 98x24
            LayoutTableCell {TD} at (10,15) size 34x24 [border: (1px inset #808080)] [r=0 c=0 rs=2 cs=1]
              LayoutText {#text} at (2,2) size 30x19
                text run at (2,2) width 30: "cell1"
            LayoutTableCell {TD} at (54,10) size 34x24 [border: (1px inset #808080)] [r=0 c=1 rs=1 cs=1]
              LayoutText {#text} at (2,2) size 30x19
                text run at (2,2) width 30: "cell2"
          LayoutTableRow {TR} at (0,44) size 98x0
      LayoutBlockFlow {P} at (0,90) size 784x20
        LayoutText {#text} at (0,0) size 297x19
          text run at (0,0) width 297: "See the behaviour when there is one more row:"
      LayoutTable {TABLE} at (0,126) size 118x108 [border: (10px outset #808080)]
        LayoutTableSection {TBODY} at (10,10) size 98x88
          LayoutTableRow {TR} at (0,10) size 98x24
            LayoutTableCell {TD} at (10,15) size 34x24 [border: (1px inset #808080)] [r=0 c=0 rs=2 cs=1]
              LayoutText {#text} at (2,2) size 30x19
                text run at (2,2) width 30: "cell1"
            LayoutTableCell {TD} at (54,10) size 34x24 [border: (1px inset #808080)] [r=0 c=1 rs=1 cs=1]
              LayoutText {#text} at (2,2) size 30x19
                text run at (2,2) width 30: "cell2"
          LayoutTableRow {TR} at (0,44) size 98x0
          LayoutTableRow {TR} at (0,54) size 98x24
            LayoutTableCell {TD} at (10,54) size 34x24 [border: (1px inset #808080)] [r=2 c=0 rs=1 cs=1]
              LayoutText {#text} at (2,2) size 30x19
                text run at (2,2) width 30: "cell3"
            LayoutTableCell {TD} at (54,54) size 34x24 [border: (1px inset #808080)] [r=2 c=1 rs=1 cs=1]
              LayoutText {#text} at (2,2) size 30x19
                text run at (2,2) width 30: "cell4"
      LayoutBlockFlow {P} at (0,250) size 784x20
        LayoutText {#text} at (0,0) size 351x19
          text run at (0,0) width 351: "Now move the rowspan to cell2 to have even more fun:"
      LayoutTable {TABLE} at (0,286) size 118x108 [border: (10px outset #808080)]
        LayoutTableSection {TBODY} at (10,10) size 98x88
          LayoutTableRow {TR} at (0,10) size 98x24
            LayoutTableCell {TD} at (10,10) size 34x24 [border: (1px inset #808080)] [r=0 c=0 rs=1 cs=1]
              LayoutText {#text} at (2,2) size 30x19
                text run at (2,2) width 30: "cell1"
            LayoutTableCell {TD} at (54,15) size 34x24 [border: (1px inset #808080)] [r=0 c=1 rs=2 cs=1]
              LayoutText {#text} at (2,2) size 30x19
                text run at (2,2) width 30: "cell2"
          LayoutTableRow {TR} at (0,44) size 98x0
          LayoutTableRow {TR} at (0,54) size 98x24
            LayoutTableCell {TD} at (10,54) size 34x24 [border: (1px inset #808080)] [r=2 c=0 rs=1 cs=1]
              LayoutText {#text} at (2,2) size 30x19
                text run at (2,2) width 30: "cell3"
            LayoutTableCell {TD} at (54,54) size 34x24 [border: (1px inset #808080)] [r=2 c=1 rs=1 cs=1]
              LayoutText {#text} at (2,2) size 30x19
                text run at (2,2) width 30: "cell4"
