layer at (0,0) size 800x600
  LayoutView at (0,0) size 800x600
layer at (0,0) size 800x600
  LayoutBlockFlow {HTML} at (0,0) size 800x600
    LayoutBlockFlow {BODY} at (8,8) size 784x584
      LayoutTable {TABLE} at (0,0) size 599x32
        LayoutTableSection {TBODY} at (0,0) size 599x32
          LayoutTableRow {TR} at (0,2) size 599x28
            LayoutTableCell {TD} at (2,2) size 595x28 [r=0 c=0 rs=1 cs=1]
              LayoutTable {TABLE} at (1,1) size 593x26
                LayoutTableSection {TBODY} at (0,0) size 593x26
                  LayoutTableRow {TR} at (0,2) size 593x22
                    LayoutTableCell {TD} at (2,2) size 35x22 [r=0 c=0 rs=1 cs=1]
                      LayoutText {#text} at (1,1) size 33x19
                        text run at (1,1) width 33: "news"
                    LayoutTableCell {TD} at (39,2) size 54x22 [r=0 c=1 rs=1 cs=1]
                      LayoutText {#text} at (1,1) size 52x19
                        text run at (1,1) width 52: "archives"
                    LayoutTableCell {TD} at (95,2) size 61x22 [r=0 c=2 rs=1 cs=1]
                      LayoutText {#text} at (1,1) size 59x19
                        text run at (1,1) width 59: "hardware"
                    LayoutTableCell {TD} at (158,2) size 34x22 [r=0 c=3 rs=1 cs=1]
                      LayoutText {#text} at (1,1) size 32x19
                        text run at (1,1) width 32: "shots"
                    LayoutTableCell {TD} at (194,2) size 42x22 [r=0 c=4 rs=1 cs=1]
                      LayoutText {#text} at (1,1) size 40x19
                        text run at (1,1) width 40: "games"
                    LayoutTableCell {TD} at (238,2) size 28x22 [r=0 c=5 rs=1 cs=1]
                      LayoutText {#text} at (1,1) size 26x19
                        text run at (1,1) width 26: "files"
                    LayoutTableCell {TD} at (268,2) size 73x22 [r=0 c=6 rs=1 cs=1]
                      LayoutText {#text} at (1,1) size 71x19
                        text run at (1,1) width 71: "reviewseek"
                    LayoutTableCell {TD} at (343,2) size 46x22 [r=0 c=7 rs=1 cs=1]
                      LayoutText {#text} at (1,1) size 44x19
                        text run at (1,1) width 44: "forums"
                    LayoutTableCell {TD} at (391,2) size 67x22 [r=0 c=8 rs=1 cs=1]
                      LayoutText {#text} at (1,1) size 65x19
                        text run at (1,1) width 65: "interviews"
                    LayoutTableCell {TD} at (460,2) size 37x22 [r=0 c=9 rs=1 cs=1]
                      LayoutText {#text} at (1,1) size 35x19
                        text run at (1,1) width 35: "about"
                    LayoutTableCell {TD} at (499,2) size 32x22 [r=0 c=10 rs=1 cs=1]
                      LayoutText {#text} at (1,1) size 30x19
                        text run at (1,1) width 30: "links"
                    LayoutTableCell {TD} at (533,2) size 58x22 [r=0 c=11 rs=1 cs=1]
                      LayoutText {#text} at (1,1) size 56x19
                        text run at (1,1) width 56: "advertise"
