layer at (0,0) size 800x600 clip at (0,0) size 785x600 scrollHeight 1439
  LayoutView at (0,0) size 800x600
layer at (0,0) size 785x1439 backgroundClip at (0,0) size 785x600 clip at (0,0) size 785x600
  LayoutBlockFlow {HTML} at (0,0) size 785x1439
    LayoutBlockFlow {BODY} at (8,8) size 769x1415
      LayoutBlockFlow {CENTER} at (0,0) size 769x1415
        LayoutBlockFlow (anonymous) at (0,0) size 769x20
          LayoutText {#text} at (252,0) size 265x19
            text run at (252,0) width 265: "Build 1999/10/27/08 Win95 - Daily Build"
          LayoutBR {BR} at (516,15) size 1x0
        LayoutTable {TABLE} at (74.50,20) size 620x1259 [border: (10px outset #808080)]
          LayoutBlockFlow {CAPTION} at (0,0) size 620x20
            LayoutText {#text} at (267,0) size 86x19
              text run at (267,0) width 86: "January 2000"
          LayoutTableSection {TBODY} at (10,30) size 600x1219
            LayoutTableRow {TR} at (0,0) size 600x468
              LayoutTableCell {TD} at (0,0) size 87x24 [color=#FFFFFF] [bgcolor=#404080] [border: (1px inset #808080)] [r=0 c=0 rs=1 cs=1]
                LayoutText {#text} at (2,2) size 5x19
                  text run at (2,2) width 5: "-"
              LayoutTableCell {TD} at (87,0) size 84x24 [color=#FFFFFF] [bgcolor=#404080] [border: (1px inset #808080)] [r=0 c=1 rs=1 cs=1]
                LayoutText {#text} at (2,2) size 5x19
                  text run at (2,2) width 5: "-"
              LayoutTableCell {TD} at (171,0) size 84x24 [color=#FFFFFF] [bgcolor=#404080] [border: (1px inset #808080)] [r=0 c=2 rs=1 cs=1]
                LayoutText {#text} at (2,2) size 5x19
                  text run at (2,2) width 5: "-"
              LayoutTableCell {TD} at (255,0) size 84x24 [color=#FFFFFF] [bgcolor=#404080] [border: (1px inset #808080)] [r=0 c=3 rs=1 cs=1]
                LayoutText {#text} at (2,2) size 5x19
                  text run at (2,2) width 5: "-"
              LayoutTableCell {TD} at (339,0) size 84x24 [color=#FFFFFF] [bgcolor=#404080] [border: (1px inset #808080)] [r=0 c=4 rs=1 cs=1]
                LayoutText {#text} at (2,2) size 5x19
                  text run at (2,2) width 5: "-"
              LayoutTableCell {TD} at (423,0) size 86x24 [color=#FFFFFF] [bgcolor=#404080] [border: (1px inset #808080)] [r=0 c=5 rs=1 cs=1]
                LayoutText {#text} at (2,2) size 5x19
                  text run at (2,2) width 5: "-"
              LayoutTableCell {TD} at (509,0) size 91x468 [color=#FFFFFF] [bgcolor=#404080] [border: (1px inset #808080)] [r=0 c=6 rs=1 cs=1]
                LayoutTable {TABLE} at (2,2) size 87x444 [color=#000000]
                  LayoutTableSection {TBODY} at (0,0) size 87x444
                    LayoutTableRow {TR} at (0,0) size 87x444
                      LayoutTableCell {TD} at (0,0) size 18x27 [color=#FFFF00] [bgcolor=#404080] [r=0 c=0 rs=1 cs=1]
                        LayoutText {#text} at (1,1) size 16x24
                          text run at (1,1) width 16: "1."
                      LayoutTableCell {TD} at (18,0) size 69x444 [color=#FFFFFF] [bgcolor=#404080] [r=0 c=1 rs=1 cs=1]
                        LayoutTable {TABLE} at (1,1) size 67x442 [color=#000000]
                          LayoutTableSection {TBODY} at (0,0) size 67x442 [bgcolor=#FFFF00]
                            LayoutTableRow {TR} at (0,0) size 67x442
                              LayoutTableCell {TD} at (0,0) size 67x442 [color=#FFFFFF] [bgcolor=#404080] [r=0 c=0 rs=1 cs=1]
                                LayoutBlockFlow {P} at (1,1) size 65x80
                                  LayoutText {#text} at (0,0) size 48x79
                                    text run at (0,0) width 26: "Test"
                                    text run at (0,20) width 46: "mozilla"
                                    text run at (0,40) width 48: "one last"
                                    text run at (0,60) width 31: "time."
                                LayoutBlockFlow {P} at (1,97) size 65x60
                                  LayoutText {#text} at (0,0) size 36x59
                                    text run at (0,0) width 31: "New"
                                    text run at (0,20) width 36: "Years"
                                    text run at (0,40) width 26: "day."
                                LayoutBlockFlow {P} at (1,173) size 65x20
                                  LayoutText {#text} at (0,0) size 47x19
                                    text run at (0,0) width 47: "Y2K!!!"
                                LayoutBlockFlow {P} at (1,209) size 65x60
                                  LayoutText {#text} at (0,0) size 60x59
                                    text run at (0,0) width 29: "Find"
                                    text run at (0,20) width 48: "Abacus"
                                    text run at (0,40) width 60: "from attic"
                                LayoutBlockFlow {P} at (1,285) size 65x80
                                  LayoutText {#text} at (0,0) size 52x79
                                    text run at (0,0) width 44: "Eat Ice"
                                    text run at (0,20) width 42: "Cream"
                                    text run at (0,40) width 52: "before it"
                                    text run at (0,60) width 33: "melts"
                                LayoutBlockFlow {P} at (1,381) size 65x60
                                  LayoutText {#text} at (0,0) size 51x59
                                    text run at (0,0) width 33: "Lock"
                                    text run at (0,20) width 51: "doors &"
                                    text run at (0,40) width 27: "hide"
                LayoutBlockFlow (anonymous) at (2,446) size 87x20
                  LayoutBR {BR} at (0,0) size 0x19
            LayoutTableRow {TR} at (0,468) size 600x300
              LayoutTableCell {TD} at (0,468) size 87x220 [color=#FFFFFF] [bgcolor=#404080] [border: (1px inset #808080)] [r=1 c=0 rs=1 cs=1]
                LayoutTable {TABLE} at (2,2) size 83x196 [color=#000000]
                  LayoutTableSection {TBODY} at (0,0) size 83x196
                    LayoutTableRow {TR} at (0,0) size 83x196
                      LayoutTableCell {TD} at (0,0) size 18x27 [color=#FFFF00] [bgcolor=#404080] [r=0 c=0 rs=1 cs=1]
                        LayoutText {#text} at (1,1) size 16x24
                          text run at (1,1) width 16: "2."
                      LayoutTableCell {TD} at (18,0) size 65x196 [color=#FFFFFF] [bgcolor=#404080] [r=0 c=1 rs=1 cs=1]
                        LayoutTable {TABLE} at (1,1) size 63x194 [color=#000000]
                          LayoutTableSection {TBODY} at (0,0) size 63x194 [bgcolor=#FFFF00]
                            LayoutTableRow {TR} at (0,0) size 63x194
                              LayoutTableCell {TD} at (0,0) size 63x194 [color=#FFFFFF] [bgcolor=#404080] [r=0 c=0 rs=1 cs=1]
                                LayoutBlockFlow {P} at (1,1) size 61x60
                                  LayoutText {#text} at (0,0) size 61x59
                                    text run at (0,0) width 56: "Look for"
                                    text run at (0,20) width 32: "Y2K"
                                    text run at (0,40) width 61: "survivers."
                                LayoutBlockFlow {P} at (1,77) size 61x40
                                  LayoutText {#text} at (0,0) size 57x39
                                    text run at (0,0) width 35: "Build"
                                    text run at (0,20) width 57: "outhouse"
                                LayoutBlockFlow {P} at (1,133) size 61x60
                                  LayoutText {#text} at (0,0) size 45x59
                                    text run at (0,0) width 21: "Eat"
                                    text run at (0,20) width 45: "reserve"
                                    text run at (0,40) width 29: "food"
                LayoutBlockFlow (anonymous) at (2,198) size 83x20
                  LayoutBR {BR} at (0,0) size 0x19
              LayoutTableCell {TD} at (87,468) size 84x88 [color=#FFFFFF] [bgcolor=#404080] [border: (1px inset #808080)] [r=1 c=1 rs=1 cs=1]
                LayoutTable {TABLE} at (2,2) size 80x84 [color=#000000]
                  LayoutTableSection {TBODY} at (0,0) size 80x84
                    LayoutTableRow {TR} at (0,0) size 80x84
                      LayoutTableCell {TD} at (0,0) size 18x27 [color=#FFFF00] [bgcolor=#404080] [r=0 c=0 rs=1 cs=1]
                        LayoutText {#text} at (1,1) size 16x24
                          text run at (1,1) width 16: "3."
                      LayoutTableCell {TD} at (18,0) size 62x84 [color=#FFFFFF] [bgcolor=#404080] [r=0 c=1 rs=1 cs=1]
                        LayoutTable {TABLE} at (1,1) size 60x82 [color=#000000]
                          LayoutTableSection {TBODY} at (0,0) size 60x82 [bgcolor=#FFFF00]
                            LayoutTableRow {TR} at (0,0) size 60x82
                              LayoutTableCell {TD} at (0,0) size 60x82 [color=#FFFFFF] [bgcolor=#404080] [r=0 c=0 rs=1 cs=1]
                                LayoutBlockFlow {P} at (1,1) size 58x80
                                  LayoutText {#text} at (0,0) size 58x79
                                    text run at (0,0) width 35: "Write"
                                    text run at (0,20) width 47: "letter to"
                                    text run at (0,40) width 45: "electric"
                                    text run at (0,60) width 58: "company"
              LayoutTableCell {TD} at (171,468) size 84x260 [color=#FFFFFF] [bgcolor=#404080] [border: (1px inset #808080)] [r=1 c=2 rs=1 cs=1]
                LayoutTable {TABLE} at (2,2) size 80x256 [color=#000000]
                  LayoutTableSection {TBODY} at (0,0) size 80x256
                    LayoutTableRow {TR} at (0,0) size 80x256
                      LayoutTableCell {TD} at (0,0) size 18x27 [color=#FFFF00] [bgcolor=#404080] [r=0 c=0 rs=1 cs=1]
                        LayoutText {#text} at (1,1) size 16x24
                          text run at (1,1) width 16: "4."
                      LayoutTableCell {TD} at (18,0) size 62x256 [color=#FFFFFF] [bgcolor=#404080] [r=0 c=1 rs=1 cs=1]
                        LayoutTable {TABLE} at (1,1) size 60x254 [color=#000000]
                          LayoutTableSection {TBODY} at (0,0) size 60x254 [bgcolor=#FFFF00]
                            LayoutTableRow {TR} at (0,0) size 60x254
                              LayoutTableCell {TD} at (0,0) size 60x254 [color=#FFFFFF] [bgcolor=#404080] [r=0 c=0 rs=1 cs=1]
                                LayoutBlockFlow {P} at (1,1) size 58x60
                                  LayoutText {#text} at (0,0) size 55x59
                                    text run at (0,0) width 55: "Send the"
                                    text run at (0,20) width 29: "snail"
                                    text run at (0,40) width 27: "mail"
                                LayoutBlockFlow {P} at (1,77) size 58x100
                                  LayoutText {#text} at (0,0) size 56x99
                                    text run at (0,0) width 36: "Go to"
                                    text run at (0,20) width 33: "work"
                                    text run at (0,40) width 56: "and stare"
                                    text run at (0,60) width 45: "at dead"
                                    text run at (0,80) width 49: "monitor"
                                LayoutBlockFlow {P} at (1,193) size 58x60
                                  LayoutText {#text} at (0,0) size 45x59
                                    text run at (0,0) width 21: "Eat"
                                    text run at (0,20) width 45: "reserve"
                                    text run at (0,40) width 29: "food"
              LayoutTableCell {TD} at (255,468) size 84x184 [color=#FFFFFF] [bgcolor=#404080] [border: (1px inset #808080)] [r=1 c=3 rs=1 cs=1]
                LayoutTable {TABLE} at (2,2) size 80x180 [color=#000000]
                  LayoutTableSection {TBODY} at (0,0) size 80x180
                    LayoutTableRow {TR} at (0,0) size 80x180
                      LayoutTableCell {TD} at (0,0) size 18x27 [color=#FFFF00] [bgcolor=#404080] [r=0 c=0 rs=1 cs=1]
                        LayoutText {#text} at (1,1) size 16x24
                          text run at (1,1) width 16: "5."
                      LayoutTableCell {TD} at (18,0) size 62x180 [color=#FFFFFF] [bgcolor=#404080] [r=0 c=1 rs=1 cs=1]
                        LayoutTable {TABLE} at (1,1) size 60x178 [color=#000000]
                          LayoutTableSection {TBODY} at (0,0) size 60x178 [bgcolor=#FFFF00]
                            LayoutTableRow {TR} at (0,0) size 60x178
                              LayoutTableCell {TD} at (0,0) size 60x178 [color=#FFFFFF] [bgcolor=#404080] [r=0 c=0 rs=1 cs=1]
                                LayoutBlockFlow {P} at (1,1) size 58x100
                                  LayoutText {#text} at (0,0) size 56x99
                                    text run at (0,0) width 36: "Go to"
                                    text run at (0,20) width 33: "work"
                                    text run at (0,40) width 56: "and stare"
                                    text run at (0,60) width 45: "at dead"
                                    text run at (0,80) width 49: "monitor"
                                LayoutBlockFlow {P} at (1,117) size 58x60
                                  LayoutText {#text} at (0,0) size 45x59
                                    text run at (0,0) width 21: "Eat"
                                    text run at (0,20) width 45: "reserve"
                                    text run at (0,40) width 29: "food"
              LayoutTableCell {TD} at (339,468) size 84x184 [color=#FFFFFF] [bgcolor=#404080] [border: (1px inset #808080)] [r=1 c=4 rs=1 cs=1]
                LayoutTable {TABLE} at (2,2) size 80x180 [color=#000000]
                  LayoutTableSection {TBODY} at (0,0) size 80x180
                    LayoutTableRow {TR} at (0,0) size 80x180
                      LayoutTableCell {TD} at (0,0) size 18x27 [color=#FFFF00] [bgcolor=#404080] [r=0 c=0 rs=1 cs=1]
                        LayoutText {#text} at (1,1) size 16x24
                          text run at (1,1) width 16: "6."
                      LayoutTableCell {TD} at (18,0) size 62x180 [color=#FFFFFF] [bgcolor=#404080] [r=0 c=1 rs=1 cs=1]
                        LayoutTable {TABLE} at (1,1) size 60x178 [color=#000000]
                          LayoutTableSection {TBODY} at (0,0) size 60x178 [bgcolor=#FFFF00]
                            LayoutTableRow {TR} at (0,0) size 60x178
                              LayoutTableCell {TD} at (0,0) size 60x178 [color=#FFFFFF] [bgcolor=#404080] [r=0 c=0 rs=1 cs=1]
                                LayoutBlockFlow {P} at (1,1) size 58x100
                                  LayoutText {#text} at (0,0) size 56x99
                                    text run at (0,0) width 36: "Go to"
                                    text run at (0,20) width 33: "work"
                                    text run at (0,40) width 56: "and stare"
                                    text run at (0,60) width 45: "at dead"
                                    text run at (0,80) width 49: "monitor"
                                LayoutBlockFlow {P} at (1,117) size 58x60
                                  LayoutText {#text} at (0,0) size 45x59
                                    text run at (0,0) width 21: "Eat"
                                    text run at (0,20) width 45: "reserve"
                                    text run at (0,40) width 29: "food"
              LayoutTableCell {TD} at (423,468) size 86x260 [color=#FFFFFF] [bgcolor=#404080] [border: (1px inset #808080)] [r=1 c=5 rs=1 cs=1]
                LayoutTable {TABLE} at (2,2) size 82x256 [color=#000000]
                  LayoutTableSection {TBODY} at (0,0) size 82x256
                    LayoutTableRow {TR} at (0,0) size 82x256
                      LayoutTableCell {TD} at (0,0) size 18x27 [color=#FFFF00] [bgcolor=#404080] [r=0 c=0 rs=1 cs=1]
                        LayoutText {#text} at (1,1) size 16x24
                          text run at (1,1) width 16: "7."
                      LayoutTableCell {TD} at (18,0) size 64x256 [color=#FFFFFF] [bgcolor=#404080] [r=0 c=1 rs=1 cs=1]
                        LayoutTable {TABLE} at (1,1) size 62x254 [color=#000000]
                          LayoutTableSection {TBODY} at (0,0) size 62x254 [bgcolor=#FFFF00]
                            LayoutTableRow {TR} at (0,0) size 62x254
                              LayoutTableCell {TD} at (0,0) size 62x254 [color=#FFFFFF] [bgcolor=#404080] [r=0 c=0 rs=1 cs=1]
                                LayoutBlockFlow {P} at (1,1) size 60x80
                                  LayoutText {#text} at (0,0) size 60x79
                                    text run at (0,0) width 20: "Go"
                                    text run at (0,20) width 47: "internet"
                                    text run at (0,40) width 60: "exploring"
                                    text run at (0,60) width 55: "for food."
                                LayoutBlockFlow {P} at (1,97) size 60x80
                                  LayoutText {#text} at (0,0) size 60x79
                                    text run at (0,0) width 48: "Internet"
                                    text run at (0,20) width 60: "exploring"
                                    text run at (0,40) width 44: "doesn't"
                                    text run at (0,60) width 37: "work."
                                LayoutBlockFlow {P} at (1,193) size 60x60
                                  LayoutText {#text} at (0,0) size 45x59
                                    text run at (0,0) width 21: "Eat"
                                    text run at (0,20) width 45: "reserve"
                                    text run at (0,40) width 29: "food"
              LayoutTableCell {TD} at (509,468) size 91x300 [color=#FFFFFF] [bgcolor=#404080] [border: (1px inset #808080)] [r=1 c=6 rs=1 cs=1]
                LayoutTable {TABLE} at (2,2) size 87x296 [color=#000000]
                  LayoutTableSection {TBODY} at (0,0) size 87x296
                    LayoutTableRow {TR} at (0,0) size 87x296
                      LayoutTableCell {TD} at (0,0) size 18x27 [color=#FFFF00] [bgcolor=#404080] [r=0 c=0 rs=1 cs=1]
                        LayoutText {#text} at (1,1) size 16x24
                          text run at (1,1) width 16: "8."
                      LayoutTableCell {TD} at (18,0) size 69x296 [color=#FFFFFF] [bgcolor=#404080] [r=0 c=1 rs=1 cs=1]
                        LayoutTable {TABLE} at (1,1) size 67x294 [color=#000000]
                          LayoutTableSection {TBODY} at (0,0) size 67x294 [bgcolor=#FFFF00]
                            LayoutTableRow {TR} at (0,0) size 67x294
                              LayoutTableCell {TD} at (0,0) size 67x294 [color=#FFFFFF] [bgcolor=#404080] [r=0 c=0 rs=1 cs=1]
                                LayoutBlockFlow {P} at (1,1) size 65x100
                                  LayoutText {#text} at (0,0) size 60x99
                                    text run at (0,0) width 20: "Go"
                                    text run at (0,20) width 47: "internet"
                                    text run at (0,40) width 60: "exploring"
                                    text run at (0,60) width 51: "for food"
                                    text run at (0,80) width 38: "again."
                                LayoutBlockFlow {P} at (1,117) size 65x100
                                  LayoutText {#text} at (0,0) size 60x99
                                    text run at (0,0) width 48: "Internet"
                                    text run at (0,20) width 60: "exploring"
                                    text run at (0,40) width 44: "doesn't"
                                    text run at (0,60) width 33: "work"
                                    text run at (0,80) width 38: "again."
                                LayoutBlockFlow {P} at (1,233) size 65x60
                                  LayoutText {#text} at (0,0) size 45x59
                                    text run at (0,0) width 21: "Eat"
                                    text run at (0,20) width 45: "reserve"
                                    text run at (0,40) width 29: "food"
            LayoutTableRow {TR} at (0,768) size 600x396
              LayoutTableCell {TD} at (0,768) size 87x396 [color=#FFFFFF] [bgcolor=#404080] [border: (1px inset #808080)] [r=2 c=0 rs=1 cs=1]
                LayoutTable {TABLE} at (2,2) size 83x372 [color=#000000]
                  LayoutTableSection {TBODY} at (0,0) size 83x372
                    LayoutTableRow {TR} at (0,0) size 83x372
                      LayoutTableCell {TD} at (0,0) size 18x27 [color=#FFFF00] [bgcolor=#404080] [r=0 c=0 rs=1 cs=1]
                        LayoutText {#text} at (1,1) size 16x24
                          text run at (1,1) width 16: "9."
                      LayoutTableCell {TD} at (18,0) size 65x372 [color=#FFFFFF] [bgcolor=#404080] [r=0 c=1 rs=1 cs=1]
                        LayoutTable {TABLE} at (1,1) size 63x370 [color=#000000]
                          LayoutTableSection {TBODY} at (0,0) size 63x370 [bgcolor=#FFFF00]
                            LayoutTableRow {TR} at (0,0) size 63x370
                              LayoutTableCell {TD} at (0,0) size 63x370 [color=#FFFFFF] [bgcolor=#404080] [r=0 c=0 rs=1 cs=1]
                                LayoutBlockFlow {P} at (1,1) size 61x80
                                  LayoutText {#text} at (0,0) size 60x79
                                    text run at (0,0) width 20: "Go"
                                    text run at (0,20) width 47: "internet"
                                    text run at (0,40) width 60: "exploring"
                                    text run at (0,60) width 55: "for food."
                                LayoutBlockFlow {P} at (1,97) size 61x100
                                  LayoutText {#text} at (0,0) size 60x99
                                    text run at (0,0) width 48: "Internet"
                                    text run at (0,20) width 60: "exploring"
                                    text run at (0,40) width 22: "still"
                                    text run at (0,60) width 44: "doesn't"
                                    text run at (0,80) width 37: "work."
                                LayoutBlockFlow {P} at (1,213) size 61x80
                                  LayoutText {#text} at (0,0) size 60x79
                                    text run at (0,0) width 51: "Give up"
                                    text run at (0,20) width 47: "internet"
                                    text run at (0,40) width 60: "exploring"
                                    text run at (0,60) width 55: "for food."
                                LayoutBlockFlow {P} at (1,309) size 61x60
                                  LayoutText {#text} at (0,0) size 45x59
                                    text run at (0,0) width 21: "Eat"
                                    text run at (0,20) width 45: "reserve"
                                    text run at (0,40) width 29: "food"
                LayoutBlockFlow (anonymous) at (2,374) size 83x20
                  LayoutBR {BR} at (0,0) size 0x19
              LayoutTableCell {TD} at (87,768) size 84x316 [color=#FFFFFF] [bgcolor=#404080] [border: (1px inset #808080)] [r=2 c=1 rs=1 cs=1]
                LayoutTable {TABLE} at (2,2) size 80x312 [color=#000000]
                  LayoutTableSection {TBODY} at (0,0) size 80x312
                    LayoutTableRow {TR} at (0,0) size 80x312
                      LayoutTableCell {TD} at (0,0) size 29x27 [color=#FFFF00] [bgcolor=#404080] [r=0 c=0 rs=1 cs=1]
                        LayoutText {#text} at (1,1) size 27x24
                          text run at (1,1) width 27: "10."
                      LayoutTableCell {TD} at (29,0) size 51x312 [color=#FFFFFF] [bgcolor=#404080] [r=0 c=1 rs=1 cs=1]
                        LayoutTable {TABLE} at (1,1) size 49x310 [color=#000000]
                          LayoutTableSection {TBODY} at (0,0) size 49x310 [bgcolor=#FFFF00]
                            LayoutTableRow {TR} at (0,0) size 49x310
                              LayoutTableCell {TD} at (0,0) size 49x310 [color=#FFFFFF] [bgcolor=#404080] [r=0 c=0 rs=1 cs=1]
                                LayoutBlockFlow {P} at (1,1) size 47x80
                                  LayoutText {#text} at (0,0) size 41x79
                                    text run at (0,0) width 41: "Power"
                                    text run at (0,20) width 40: "comes"
                                    text run at (0,40) width 30: "back"
                                    text run at (0,60) width 20: "on."
                                LayoutBlockFlow {P} at (1,97) size 47x100
                                  LayoutText {#text} at (0,0) size 46x99
                                    text run at (0,0) width 21: "Put"
                                    text run at (0,20) width 35: "trusty"
                                    text run at (0,40) width 43: "abacus"
                                    text run at (0,60) width 46: "back in"
                                    text run at (0,80) width 26: "attic"
                                LayoutBlockFlow {P} at (1,213) size 47x60
                                  LayoutText {#text} at (0,0) size 46x59
                                    text run at (0,0) width 32: "Grab"
                                    text run at (0,20) width 32: "latest"
                                    text run at (0,40) width 46: "mozilla"
                                LayoutBlockFlow {P} at (1,289) size 47x20
                                  LayoutText {#text} at (0,0) size 38x19
                                    text run at (0,0) width 38: "Test it"
              LayoutTableCell {TD} at (171,768) size 84x104 [color=#FFFFFF] [bgcolor=#404080] [border: (1px inset #808080)] [r=2 c=2 rs=1 cs=1]
                LayoutTable {TABLE} at (2,2) size 80x100 [color=#000000]
                  LayoutTableSection {TBODY} at (0,0) size 80x100
                    LayoutTableRow {TR} at (0,0) size 80x100
                      LayoutTableCell {TD} at (0,0) size 28x27 [color=#FFFF00] [bgcolor=#404080] [r=0 c=0 rs=1 cs=1]
                        LayoutText {#text} at (1,1) size 26x24
                          text run at (1,1) width 26: "11."
                      LayoutTableCell {TD} at (28,0) size 52x100 [color=#FFFFFF] [bgcolor=#404080] [r=0 c=1 rs=1 cs=1]
                        LayoutTable {TABLE} at (1,1) size 50x98 [color=#000000]
                          LayoutTableSection {TBODY} at (0,0) size 50x98 [bgcolor=#FFFF00]
                            LayoutTableRow {TR} at (0,0) size 50x98
                              LayoutTableCell {TD} at (0,0) size 50x98 [color=#FFFFFF] [bgcolor=#404080] [r=0 c=0 rs=1 cs=1]
                                LayoutBlockFlow {P} at (1,1) size 48x60
                                  LayoutText {#text} at (0,0) size 46x59
                                    text run at (0,0) width 32: "Grab"
                                    text run at (0,20) width 32: "latest"
                                    text run at (0,40) width 46: "mozilla"
                                LayoutBlockFlow {P} at (1,77) size 48x20
                                  LayoutText {#text} at (0,0) size 38x19
                                    text run at (0,0) width 38: "Test it"
              LayoutTableCell {TD} at (255,768) size 84x104 [color=#FFFFFF] [bgcolor=#404080] [border: (1px inset #808080)] [r=2 c=3 rs=1 cs=1]
                LayoutTable {TABLE} at (2,2) size 80x100 [color=#000000]
                  LayoutTableSection {TBODY} at (0,0) size 80x100
                    LayoutTableRow {TR} at (0,0) size 80x100
                      LayoutTableCell {TD} at (0,0) size 29x27 [color=#FFFF00] [bgcolor=#404080] [r=0 c=0 rs=1 cs=1]
                        LayoutText {#text} at (1,1) size 27x24
                          text run at (1,1) width 27: "12."
                      LayoutTableCell {TD} at (29,0) size 51x100 [color=#FFFFFF] [bgcolor=#404080] [r=0 c=1 rs=1 cs=1]
                        LayoutTable {TABLE} at (1,1) size 49x98 [color=#000000]
                          LayoutTableSection {TBODY} at (0,0) size 49x98 [bgcolor=#FFFF00]
                            LayoutTableRow {TR} at (0,0) size 49x98
                              LayoutTableCell {TD} at (0,0) size 49x98 [color=#FFFFFF] [bgcolor=#404080] [r=0 c=0 rs=1 cs=1]
                                LayoutBlockFlow {P} at (1,1) size 47x60
                                  LayoutText {#text} at (0,0) size 46x59
                                    text run at (0,0) width 32: "Grab"
                                    text run at (0,20) width 32: "latest"
                                    text run at (0,40) width 46: "mozilla"
                                LayoutBlockFlow {P} at (1,77) size 47x20
                                  LayoutText {#text} at (0,0) size 38x19
                                    text run at (0,0) width 38: "Test it"
              LayoutTableCell {TD} at (339,768) size 84x104 [color=#FFFFFF] [bgcolor=#404080] [border: (1px inset #808080)] [r=2 c=4 rs=1 cs=1]
                LayoutTable {TABLE} at (2,2) size 80x100 [color=#000000]
                  LayoutTableSection {TBODY} at (0,0) size 80x100
                    LayoutTableRow {TR} at (0,0) size 80x100
                      LayoutTableCell {TD} at (0,0) size 29x27 [color=#FFFF00] [bgcolor=#404080] [r=0 c=0 rs=1 cs=1]
                        LayoutText {#text} at (1,1) size 27x24
                          text run at (1,1) width 27: "13."
                      LayoutTableCell {TD} at (29,0) size 51x100 [color=#FFFFFF] [bgcolor=#404080] [r=0 c=1 rs=1 cs=1]
                        LayoutTable {TABLE} at (1,1) size 49x98 [color=#000000]
                          LayoutTableSection {TBODY} at (0,0) size 49x98 [bgcolor=#FFFF00]
                            LayoutTableRow {TR} at (0,0) size 49x98
                              LayoutTableCell {TD} at (0,0) size 49x98 [color=#FFFFFF] [bgcolor=#404080] [r=0 c=0 rs=1 cs=1]
                                LayoutBlockFlow {P} at (1,1) size 47x60
                                  LayoutText {#text} at (0,0) size 46x59
                                    text run at (0,0) width 32: "Grab"
                                    text run at (0,20) width 32: "latest"
                                    text run at (0,40) width 46: "mozilla"
                                LayoutBlockFlow {P} at (1,77) size 47x20
                                  LayoutText {#text} at (0,0) size 38x19
                                    text run at (0,0) width 38: "Test it"
              LayoutTableCell {TD} at (423,768) size 86x104 [color=#FFFFFF] [bgcolor=#404080] [border: (1px inset #808080)] [r=2 c=5 rs=1 cs=1]
                LayoutTable {TABLE} at (2,2) size 82x100 [color=#000000]
                  LayoutTableSection {TBODY} at (0,0) size 82x100
                    LayoutTableRow {TR} at (0,0) size 82x100
                      LayoutTableCell {TD} at (0,0) size 29x27 [color=#FFFF00] [bgcolor=#404080] [r=0 c=0 rs=1 cs=1]
                        LayoutText {#text} at (1,1) size 27x24
                          text run at (1,1) width 27: "14."
                      LayoutTableCell {TD} at (29,0) size 53x100 [color=#FFFFFF] [bgcolor=#404080] [r=0 c=1 rs=1 cs=1]
                        LayoutTable {TABLE} at (1,1) size 51x98 [color=#000000]
                          LayoutTableSection {TBODY} at (0,0) size 51x98 [bgcolor=#FFFF00]
                            LayoutTableRow {TR} at (0,0) size 51x98
                              LayoutTableCell {TD} at (0,0) size 51x98 [color=#FFFFFF] [bgcolor=#404080] [r=0 c=0 rs=1 cs=1]
                                LayoutBlockFlow {P} at (1,1) size 49x60
                                  LayoutText {#text} at (0,0) size 46x59
                                    text run at (0,0) width 32: "Grab"
                                    text run at (0,20) width 32: "latest"
                                    text run at (0,40) width 46: "mozilla"
                                LayoutBlockFlow {P} at (1,77) size 49x20
                                  LayoutText {#text} at (0,0) size 38x19
                                    text run at (0,0) width 38: "Test it"
              LayoutTableCell {TD} at (509,768) size 91x316 [color=#FFFFFF] [bgcolor=#404080] [border: (1px inset #808080)] [r=2 c=6 rs=1 cs=1]
                LayoutTable {TABLE} at (2,2) size 87x312 [color=#000000]
                  LayoutTableSection {TBODY} at (0,0) size 87x312
                    LayoutTableRow {TR} at (0,0) size 87x312
                      LayoutTableCell {TD} at (0,0) size 29x27 [color=#FFFF00] [bgcolor=#404080] [r=0 c=0 rs=1 cs=1]
                        LayoutText {#text} at (1,1) size 27x24
                          text run at (1,1) width 27: "15."
                      LayoutTableCell {TD} at (29,0) size 58x312 [color=#FFFFFF] [bgcolor=#404080] [r=0 c=1 rs=1 cs=1]
                        LayoutTable {TABLE} at (1,1) size 56x310 [color=#000000]
                          LayoutTableSection {TBODY} at (0,0) size 56x310 [bgcolor=#FFFF00]
                            LayoutTableRow {TR} at (0,0) size 56x310
                              LayoutTableCell {TD} at (0,0) size 56x310 [color=#FFFFFF] [bgcolor=#404080] [r=0 c=0 rs=1 cs=1]
                                LayoutBlockFlow {P} at (1,1) size 54x60
                                  LayoutText {#text} at (0,0) size 46x59
                                    text run at (0,0) width 32: "Grab"
                                    text run at (0,20) width 32: "latest"
                                    text run at (0,40) width 46: "mozilla"
                                LayoutBlockFlow {P} at (1,77) size 54x20
                                  LayoutText {#text} at (0,0) size 38x19
                                    text run at (0,0) width 38: "Test it"
                                LayoutBlockFlow {P} at (1,113) size 54x120
                                  LayoutText {#text} at (0,0) size 54x119
                                    text run at (0,0) width 48: "Mozilla"
                                    text run at (0,20) width 53: "removes"
                                    text run at (0,40) width 32: "Y2K"
                                    text run at (0,60) width 54: "Warning"
                                    text run at (0,80) width 30: "from"
                                    text run at (0,100) width 53: "FTP site"
                                LayoutBlockFlow {P} at (1,249) size 54x60
                                  LayoutText {#text} at (0,0) size 38x59
                                    text run at (0,0) width 28: "This"
                                    text run at (0,20) width 38: "bug is"
                                    text run at (0,40) width 32: "fixed"
            LayoutTableRow {TR} at (0,1164) size 600x31
              LayoutTableCell {TD} at (0,1164) size 87x31 [color=#FFFFFF] [bgcolor=#404080] [border: (1px inset #808080)] [r=3 c=0 rs=1 cs=1]
                LayoutTable {TABLE} at (2,2) size 83x27 [color=#000000]
                  LayoutTableSection {TBODY} at (0,0) size 83x27
                    LayoutTableRow {TR} at (0,0) size 83x27
                      LayoutTableCell {TD} at (0,0) size 29x27 [color=#FFFF00] [bgcolor=#404080] [r=0 c=0 rs=1 cs=1]
                        LayoutText {#text} at (1,1) size 27x24
                          text run at (1,1) width 27: "16."
                      LayoutTableCell {TD} at (29,0) size 54x24 [color=#FFFFFF] [bgcolor=#404080] [r=0 c=1 rs=1 cs=1]
                        LayoutTable {TABLE} at (1,1) size 52x22 [color=#000000]
                          LayoutTableSection {TBODY} at (0,0) size 52x22 [bgcolor=#FFFF00]
                            LayoutTableRow {TR} at (0,0) size 52x22
                              LayoutTableCell {TD} at (0,0) size 52x22 [color=#FFFFFF] [bgcolor=#404080] [r=0 c=0 rs=1 cs=1]
                                LayoutText {#text} at (1,1) size 7x19
                                  text run at (1,1) width 7: "?"
              LayoutTableCell {TD} at (87,1164) size 84x24 [color=#FFFFFF] [bgcolor=#404080] [border: (1px inset #808080)] [r=3 c=1 rs=1 cs=1]
                LayoutText {#text} at (2,2) size 5x19
                  text run at (2,2) width 5: "-"
              LayoutTableCell {TD} at (171,1164) size 84x24 [color=#FFFFFF] [bgcolor=#404080] [border: (1px inset #808080)] [r=3 c=2 rs=1 cs=1]
                LayoutText {#text} at (2,2) size 5x19
                  text run at (2,2) width 5: "-"
              LayoutTableCell {TD} at (255,1164) size 84x24 [color=#FFFFFF] [bgcolor=#404080] [border: (1px inset #808080)] [r=3 c=3 rs=1 cs=1]
                LayoutText {#text} at (2,2) size 5x19
                  text run at (2,2) width 5: "-"
              LayoutTableCell {TD} at (339,1164) size 84x24 [color=#FFFFFF] [bgcolor=#404080] [border: (1px inset #808080)] [r=3 c=4 rs=1 cs=1]
                LayoutText {#text} at (2,2) size 5x19
                  text run at (2,2) width 5: "-"
              LayoutTableCell {TD} at (423,1164) size 86x24 [color=#FFFFFF] [bgcolor=#404080] [border: (1px inset #808080)] [r=3 c=5 rs=1 cs=1]
                LayoutText {#text} at (2,2) size 5x19
                  text run at (2,2) width 5: "-"
              LayoutTableCell {TD} at (509,1164) size 91x24 [color=#FFFFFF] [bgcolor=#404080] [border: (1px inset #808080)] [r=3 c=6 rs=1 cs=1]
                LayoutText {#text} at (2,2) size 5x19
                  text run at (2,2) width 5: "-"
            LayoutTableRow {TR} at (0,1195) size 600x24
              LayoutTableCell {TD} at (0,1195) size 87x24 [color=#FFFFFF] [bgcolor=#404080] [border: (1px inset #808080)] [r=4 c=0 rs=1 cs=1]
                LayoutText {#text} at (2,2) size 5x19
                  text run at (2,2) width 5: "-"
              LayoutTableCell {TD} at (87,1195) size 84x24 [color=#FFFFFF] [bgcolor=#404080] [border: (1px inset #808080)] [r=4 c=1 rs=1 cs=1]
                LayoutText {#text} at (2,2) size 5x19
                  text run at (2,2) width 5: "-"
              LayoutTableCell {TD} at (171,1195) size 84x24 [color=#FFFFFF] [bgcolor=#404080] [border: (1px inset #808080)] [r=4 c=2 rs=1 cs=1]
                LayoutText {#text} at (2,2) size 5x19
                  text run at (2,2) width 5: "-"
              LayoutTableCell {TD} at (255,1195) size 84x24 [color=#FFFFFF] [bgcolor=#404080] [border: (1px inset #808080)] [r=4 c=3 rs=1 cs=1]
                LayoutText {#text} at (2,2) size 5x19
                  text run at (2,2) width 5: "-"
              LayoutTableCell {TD} at (339,1195) size 84x24 [color=#FFFFFF] [bgcolor=#404080] [border: (1px inset #808080)] [r=4 c=4 rs=1 cs=1]
                LayoutText {#text} at (2,2) size 5x19
                  text run at (2,2) width 5: "-"
              LayoutTableCell {TD} at (423,1195) size 86x24 [color=#FFFFFF] [bgcolor=#404080] [border: (1px inset #808080)] [r=4 c=5 rs=1 cs=1]
                LayoutText {#text} at (2,2) size 5x19
                  text run at (2,2) width 5: "-"
              LayoutTableCell {TD} at (509,1195) size 91x24 [color=#FFFFFF] [bgcolor=#404080] [border: (1px inset #808080)] [r=4 c=6 rs=1 cs=1]
                LayoutText {#text} at (2,2) size 5x19
                  text run at (2,2) width 5: "-"
        LayoutBlockFlow (anonymous) at (0,1279) size 769x40
          LayoutBR {BR} at (384,0) size 1x19
          LayoutText {#text} at (4,20) size 761x19
            text run at (4,20) width 761: "Notice the scrollbars, they are rendered outside of the table columns, and the yellow day numbers are hidden under them."
        LayoutBlockFlow {P} at (0,1335) size 769x80
          LayoutText {#text} at (9,0) size 755x79
            text run at (9,0) width 751: "This is probably another bug already covered, or fixed, but day 3 & 16 should have no scrollbar, but the area where the"
            text run at (7,20) width 416: "other scrollbars are drawn is drawn funny. They are not rendered. "
            text run at (422,20) width 340: "They seem to be whatever was drawn there before, or"
            text run at (22,40) width 725: "drawn somewhere else. Day 16 (contaings only the letter \"?\") has a region below the ? mark that is never rendered."
            text run at (122,60) width 525: "Resize the window so the window can scroll down and scroll the page up & down."
