layer at (0,0) size 800x600
  LayoutView at (0,0) size 800x600
layer at (0,0) size 800x600
  LayoutBlockFlow {HTML} at (0,0) size 800x600
    LayoutBlockFlow {BODY} at (8,8) size 784x584 [bgcolor=#C0C0C0]
      LayoutTable {TABLE} at (0,0) size 784x148 [border: (3px outset #808080)]
        LayoutTableSection {TBODY} at (3,3) size 778x142
          LayoutTableRow {TR} at (0,2) size 778x138
            LayoutTableCell {TD} at (2,2) size 774x138 [border: (1px inset #808080)] [r=0 c=0 rs=1 cs=1]
              LayoutTable (floating) {TABLE} at (2,2) size 385x134 [border: (3px outset #808080)]
                LayoutTableSection {TBODY} at (3,3) size 379x128
                  LayoutTableRow {TR} at (0,2) size 379x124
                    LayoutTableCell {TD} at (2,2) size 375x124 [border: (1px inset #808080)] [r=0 c=0 rs=1 cs=1]
                      LayoutText {#text} at (2,2) size 368x119
                        text run at (2,2) width 368: "blah blah blah blah blah blah blah blah blah blah blah blah"
                        text run at (2,22) width 31: "blah "
                        text run at (33,22) width 337: "blah blah blah blah blah blah blah blah blah blah blah"
                        text run at (2,42) width 62: "blah blah "
                        text run at (64,42) width 306: "blah blah blah blah blah blah blah blah blah blah"
                        text run at (2,62) width 93: "blah blah blah "
                        text run at (95,62) width 275: "blah blah blah blah blah blah blah blah blah"
                        text run at (2,82) width 124: "blah blah blah blah "
                        text run at (126,82) width 244: "blah blah blah blah blah blah blah blah"
                        text run at (2,102) width 151: "blah blah blah blah blah"
      LayoutBlockFlow (anonymous) at (0,148) size 784x20
        LayoutBR {BR} at (0,0) size 0x19
      LayoutTable {TABLE} at (0,168) size 784x148 [border: (3px outset #808080)]
        LayoutTableSection {TBODY} at (3,3) size 778x142
          LayoutTableRow {TR} at (0,2) size 778x138
            LayoutTableCell {TD} at (2,2) size 774x138 [border: (1px inset #808080)] [r=0 c=0 rs=1 cs=1]
              LayoutText {#text} at (387,2) size 58x19
                text run at (387,2) width 58: "blah blah"
              LayoutTable (floating) {TABLE} at (2,2) size 385x134 [border: (3px outset #808080)]
                LayoutTableSection {TBODY} at (3,3) size 379x128
                  LayoutTableRow {TR} at (0,2) size 379x124
                    LayoutTableCell {TD} at (2,2) size 375x124 [border: (1px inset #808080)] [r=0 c=0 rs=1 cs=1]
                      LayoutText {#text} at (2,2) size 368x119
                        text run at (2,2) width 368: "blah blah blah blah blah blah blah blah blah blah blah blah"
                        text run at (2,22) width 31: "blah "
                        text run at (33,22) width 337: "blah blah blah blah blah blah blah blah blah blah blah"
                        text run at (2,42) width 62: "blah blah "
                        text run at (64,42) width 306: "blah blah blah blah blah blah blah blah blah blah"
                        text run at (2,62) width 93: "blah blah blah "
                        text run at (95,62) width 275: "blah blah blah blah blah blah blah blah blah"
                        text run at (2,82) width 124: "blah blah blah blah "
                        text run at (126,82) width 244: "blah blah blah blah blah blah blah blah"
                        text run at (2,102) width 151: "blah blah blah blah blah"
              LayoutText {#text} at (0,0) size 0x0
      LayoutBlockFlow (anonymous) at (0,316) size 784x20
        LayoutBR {BR} at (0,0) size 0x19
      LayoutTable {TABLE} at (0,336) size 784x184 [border: (3px outset #808080)]
        LayoutTableSection {TBODY} at (3,3) size 778x178
          LayoutTableRow {TR} at (0,2) size 778x174
            LayoutTableCell {TD} at (2,2) size 774x174 [border: (1px inset #808080)] [r=0 c=0 rs=1 cs=1]
              LayoutBlockFlow (anonymous) at (2,2) size 770x20
                LayoutText {#text} at (0,0) size 58x19
                  text run at (0,0) width 58: "blah blah"
              LayoutBlockFlow {P} at (2,38) size 770x0
                LayoutTable (floating) {TABLE} at (0,0) size 385x134 [border: (3px outset #808080)]
                  LayoutTableSection {TBODY} at (3,3) size 379x128
                    LayoutTableRow {TR} at (0,2) size 379x124
                      LayoutTableCell {TD} at (2,2) size 375x124 [border: (1px inset #808080)] [r=0 c=0 rs=1 cs=1]
                        LayoutText {#text} at (2,2) size 368x119
                          text run at (2,2) width 368: "blah blah blah blah blah blah blah blah blah blah blah blah"
                          text run at (2,22) width 31: "blah "
                          text run at (33,22) width 337: "blah blah blah blah blah blah blah blah blah blah blah"
                          text run at (2,42) width 62: "blah blah "
                          text run at (64,42) width 306: "blah blah blah blah blah blah blah blah blah blah"
                          text run at (2,62) width 93: "blah blah blah "
                          text run at (95,62) width 275: "blah blah blah blah blah blah blah blah blah"
                          text run at (2,82) width 124: "blah blah blah blah "
                          text run at (126,82) width 244: "blah blah blah blah blah blah blah blah"
                          text run at (2,102) width 151: "blah blah blah blah blah"
