layer at (0,0) size 800x600
  LayoutView at (0,0) size 800x600
layer at (0,0) size 800x600
  LayoutBlockFlow {HTML} at (0,0) size 800x600
    LayoutBlockFlow {BODY} at (8,8) size 784x584
      LayoutTable {TABLE} at (0,0) size 784x286 [border: (1px outset #808080)]
        LayoutTableSection {TBODY} at (1,1) size 782x284
          LayoutTableRow {TR} at (0,2) size 782x139
            LayoutTableCell {TD} at (2,2) size 667x280 [border: (1px inset #808080)] [r=0 c=0 rs=2 cs=1]
              LayoutBlockFlow {UL} at (2,2) size 663x260
                LayoutListItem {LI} at (40,0) size 623x20
                  LayoutListMarker (anonymous) at (-18,0) size 7x19: bullet
                  LayoutInline {A} at (0,0) size 177x19 [color=#0000EE]
                    LayoutText {#text} at (0,0) size 177x19
                      text run at (0,0) width 177: "500 list items in a single UL"
                LayoutListItem {LI} at (40,20) size 623x20
                  LayoutListMarker (anonymous) at (-18,0) size 7x19: bullet
                  LayoutInline {A} at (0,0) size 210x19 [color=#0000EE]
                    LayoutText {#text} at (0,0) size 210x19
                      text run at (0,0) width 210: "500 list items in 25 top-level ULs"
                LayoutListItem {LI} at (40,40) size 623x20
                  LayoutListMarker (anonymous) at (-18,0) size 7x19: bullet
                  LayoutInline {A} at (0,0) size 235x19 [color=#0000EE]
                    LayoutText {#text} at (0,0) size 235x19
                      text run at (0,0) width 213: "500 list items in a 25-level nested "
                      text run at (213,0) width 22: "UL"
                LayoutListItem {LI} at (40,60) size 623x20
                  LayoutListMarker (anonymous) at (-18,0) size 7x19: bullet
                  LayoutInline {A} at (0,0) size 159x19 [color=#0000EE]
                    LayoutText {#text} at (0,0) size 159x19
                      text run at (0,0) width 159: "300 text input form fields"
                LayoutListItem {LI} at (40,80) size 623x20
                  LayoutListMarker (anonymous) at (-18,0) size 7x19: bullet
                  LayoutInline {A} at (0,0) size 148x19 [color=#0000EE]
                    LayoutText {#text} at (0,0) size 148x19
                      text run at (0,0) width 148: "Massively nested tables"
                LayoutListItem {LI} at (40,100) size 623x20
                  LayoutListMarker (anonymous) at (-18,0) size 7x19: bullet
                  LayoutInline {A} at (0,0) size 312x19 [color=#0000EE]
                    LayoutText {#text} at (0,0) size 312x19
                      text run at (0,0) width 265: "Massively nested DIVs with padding and "
                      text run at (265,0) width 47: "borders"
                LayoutListItem {LI} at (40,120) size 623x20
                  LayoutListMarker (anonymous) at (-18,0) size 7x19: bullet
                  LayoutInline {A} at (0,0) size 321x19 [color=#0000EE]
                    LayoutText {#text} at (0,0) size 321x19
                      text run at (0,0) width 321: "1000 OPTIONs in a single SELECT form element"
                LayoutListItem {LI} at (40,140) size 623x20
                  LayoutListMarker (anonymous) at (-18,0) size 7x19: bullet
                  LayoutInline {A} at (0,0) size 238x19 [color=#0000EE]
                    LayoutText {#text} at (0,0) size 238x19
                      text run at (0,0) width 238: "10,000 cell table with text in each cell"
                LayoutListItem {LI} at (40,160) size 623x20
                  LayoutListMarker (anonymous) at (-18,0) size 7x19: bullet
                  LayoutInline {A} at (0,0) size 301x19 [color=#0000EE]
                    LayoutText {#text} at (0,0) size 301x19
                      text run at (0,0) width 279: "10,000 cell table with text and color in each "
                      text run at (279,0) width 22: "cell"
                LayoutListItem {LI} at (40,180) size 623x20
                  LayoutListMarker (anonymous) at (-18,0) size 7x19: bullet
                  LayoutInline {A} at (0,0) size 289x19 [color=#0000EE]
                    LayoutText {#text} at (0,0) size 289x19
                      text run at (0,0) width 289: "A 713k HTML document packed full of links"
                LayoutListItem {LI} at (40,200) size 623x20
                  LayoutListMarker (anonymous) at (-18,0) size 7x19: bullet
                  LayoutInline {A} at (0,0) size 307x19 [color=#0000EE]
                    LayoutText {#text} at (0,0) size 307x19
                      text run at (0,0) width 273: "Extraordinarily long HTML doc (approx 1 "
                      text run at (273,0) width 34: "Meg)"
                LayoutListItem {LI} at (40,220) size 623x20
                  LayoutListMarker (anonymous) at (-18,0) size 7x19: bullet
                  LayoutInline {A} at (0,0) size 278x19 [color=#0000EE]
                    LayoutText {#text} at (0,0) size 278x19
                      text run at (0,0) width 278: "Another large HTML doc, with colored text"
                LayoutListItem {LI} at (40,240) size 623x20
                  LayoutListMarker (anonymous) at (-18,0) size 7x19: bullet
                  LayoutInline {A} at (0,0) size 470x19 [color=#0000EE]
                    LayoutText {#text} at (0,0) size 470x19
                      text run at (0,0) width 329: "A relatively large (150k) document with an average "
                      text run at (328,0) width 142: "mix of HTML content"
            LayoutTableCell {TD} at (671,59) size 53x24 [border: (1px inset #808080)] [r=0 c=1 rs=1 cs=1]
              LayoutText {#text} at (2,2) size 33x19
                text run at (2,2) width 33: "foo 1"
            LayoutTableCell {TD} at (726,59) size 54x24 [border: (1px inset #808080)] [r=0 c=2 rs=1 cs=1]
              LayoutText {#text} at (2,2) size 33x19
                text run at (2,2) width 33: "foo 2"
          LayoutTableRow {TR} at (0,143) size 782x139
            LayoutTableCell {TD} at (671,200) size 53x24 [border: (1px inset #808080)] [r=1 c=1 rs=1 cs=1]
              LayoutText {#text} at (2,2) size 37x19
                text run at (2,2) width 37: "Foo 3"
            LayoutTableCell {TD} at (726,200) size 54x24 [border: (1px inset #808080)] [r=1 c=2 rs=1 cs=1]
              LayoutText {#text} at (2,2) size 37x19
                text run at (2,2) width 37: "Foo 4"
