layer at (0,0) size 800x600
  LayoutView at (0,0) size 800x600
layer at (0,0) size 800x600
  LayoutBlockFlow {HTML} at (0,0) size 800x600
    LayoutBlockFlow {BODY} at (8,8) size 784x576
      LayoutTable {TABLE} at (0,0) size 784x82 [bgcolor=#CCCCCC] [border: (1px solid #FF0000)]
        LayoutTableSection {TBODY} at (1,1) size 782x80
          LayoutTableRow {TR} at (0,2) size 782x24
            LayoutTableCell {TD} at (2,2) size 147x24 [border: (1px solid #FF0000)] [r=0 c=0 rs=2 cs=1]
              LayoutText {#text} at (2,2) size 4x19
                text run at (2,2) width 4: " "
            LayoutTableCell {TD} at (151,2) size 328x24 [border: (1px solid #FF0000)] [r=0 c=1 rs=1 cs=6]
              LayoutText {#text} at (2,2) size 4x19
                text run at (2,2) width 4: " "
            LayoutTableCell {TD} at (481,2) size 149x24 [border: (1px solid #FF0000)] [r=0 c=7 rs=1 cs=1]
              LayoutText {#text} at (2,2) size 4x19
                text run at (2,2) width 4: " "
            LayoutTableCell {TD} at (632,2) size 148x24 [border: (1px solid #FF0000)] [r=0 c=8 rs=2 cs=1]
              LayoutText {#text} at (2,2) size 4x19
                text run at (2,2) width 4: " "
          LayoutTableRow {TR} at (0,28) size 782x24
            LayoutTableCell {TD} at (151,28) size 174x24 [border: (1px solid #FF0000)] [r=1 c=1 rs=1 cs=3]
              LayoutText {#text} at (2,2) size 100x19
                text run at (2,2) width 100: "Find a Business"
            LayoutTableCell {TD} at (327,28) size 152x24 [border: (1px solid #FF0000)] [r=1 c=4 rs=1 cs=3]
              LayoutText {#text} at (2,2) size 78x19
                text run at (2,2) width 78: "What's New"
            LayoutTableCell {TD} at (481,28) size 149x24 [border: (1px solid #FF0000)] [r=1 c=7 rs=1 cs=1]
              LayoutText {#text} at (2,2) size 75x19
                text run at (2,2) width 75: "Search Tips"
          LayoutTableRow {TR} at (0,54) size 782x24
            LayoutTableCell {TD} at (2,54) size 778x24 [border: (1px solid #FF0000)] [r=2 c=0 rs=1 cs=9]
              LayoutText {#text} at (2,2) size 4x19
                text run at (2,2) width 4: " "
      LayoutBlockFlow {P} at (0,98) size 784x40
        LayoutText {#text} at (0,0) size 730x39
          text run at (0,0) width 730: "bug #17826 : Drag the right edge of the window and either widen or narrow the window; the column widths should"
          text run at (0,20) width 402: "oscillate as you resize the window (tested 1999122008 WinNT)"
