layer at (0,0) size 800x600
  LayoutView at (0,0) size 800x600
layer at (0,0) size 800x461
  LayoutBlockFlow {HTML} at (0,0) size 800x460.88
    LayoutBlockFlow {BODY} at (8,8) size 784x444.88
      LayoutBlockFlow {HR} at (0,0) size 784x2 [border: (1px inset #EEEEEE)]
      LayoutBlockFlow {H3} at (0,20.72) size 784x23
        LayoutText {#text} at (0,0) size 61x22
          text run at (0,0) width 61: "Table 1"
      LayoutBlockFlow {PRE} at (0,62.44) size 784x64
        LayoutText {#text} at (0,0) size 224x64
          text run at (0,0) width 224: "<TABLE width=\"500\" border=1>"
          text run at (224,0) width 0: " "
          text run at (0,16) width 167: "<COLGROUP width=\"1*\">"
          text run at (167,16) width 0: " "
          text run at (0,32) width 167: "<COLGROUP width=\"1*\">"
          text run at (167,32) width 0: " "
          text run at (0,48) width 167: "<COLGROUP width=\"3*\">"
          text run at (167,48) width 0: " "
      LayoutTable {TABLE} at (0,139.44) size 500x82 [border: (1px outset #808080)]
        LayoutTableCol {COLGROUP} at (0,0) size 0x0
        LayoutTableCol {COLGROUP} at (0,0) size 0x0
        LayoutTableCol {COLGROUP} at (0,0) size 0x0
        LayoutTableSection {TBODY} at (1,1) size 498x80
          LayoutTableRow {TR} at (0,2) size 498x24
            LayoutTableCell {TD} at (2,2) size 164x24 [border: (1px inset #808080)] [r=0 c=0 rs=1 cs=1]
              LayoutText {#text} at (2,2) size 42x19
                text run at (2,2) width 42: "Cell A"
            LayoutTableCell {TD} at (168,2) size 164x24 [border: (1px inset #808080)] [r=0 c=1 rs=1 cs=1]
              LayoutText {#text} at (2,2) size 41x19
                text run at (2,2) width 41: "Cell B"
            LayoutTableCell {TD} at (334,2) size 162x24 [border: (1px inset #808080)] [r=0 c=2 rs=1 cs=1]
              LayoutText {#text} at (2,2) size 41x19
                text run at (2,2) width 41: "Cell C"
          LayoutTableRow {TR} at (0,28) size 498x24
            LayoutTableCell {TD} at (2,28) size 164x24 [border: (1px inset #808080)] [r=1 c=0 rs=1 cs=1]
              LayoutText {#text} at (2,2) size 42x19
                text run at (2,2) width 42: "Cell D"
            LayoutTableCell {TD} at (168,28) size 164x24 [border: (1px inset #808080)] [r=1 c=1 rs=1 cs=1]
              LayoutText {#text} at (2,2) size 40x19
                text run at (2,2) width 40: "Cell E"
            LayoutTableCell {TD} at (334,28) size 162x24 [border: (1px inset #808080)] [r=1 c=2 rs=1 cs=1]
              LayoutText {#text} at (2,2) size 39x19
                text run at (2,2) width 39: "Cell F"
          LayoutTableRow {TR} at (0,54) size 498x24
            LayoutTableCell {TD} at (2,54) size 164x24 [border: (1px inset #808080)] [r=2 c=0 rs=1 cs=1]
              LayoutText {#text} at (2,2) size 42x19
                text run at (2,2) width 42: "Cell G"
            LayoutTableCell {TD} at (168,54) size 164x24 [border: (1px inset #808080)] [r=2 c=1 rs=1 cs=1]
              LayoutText {#text} at (2,2) size 42x19
                text run at (2,2) width 42: "Cell H"
            LayoutTableCell {TD} at (334,54) size 162x24 [border: (1px inset #808080)] [r=2 c=2 rs=1 cs=1]
              LayoutText {#text} at (2,2) size 35x19
                text run at (2,2) width 35: "Cell I"
      LayoutBlockFlow {HR} at (0,229.44) size 784x2 [border: (1px inset #EEEEEE)]
      LayoutBlockFlow {H3} at (0,250.16) size 784x23
        LayoutText {#text} at (0,0) size 61x22
          text run at (0,0) width 61: "Table 2"
      LayoutBlockFlow {PRE} at (0,291.88) size 784x48
        LayoutText {#text} at (0,0) size 224x48
          text run at (0,0) width 224: "<TABLE width=\"500\" border=1>"
          text run at (224,0) width 0: " "
          text run at (0,16) width 223: "<COLGROUP span=2 width=\"1*\">"
          text run at (223,16) width 0: " "
          text run at (0,32) width 167: "<COLGROUP width=\"3*\">"
          text run at (167,32) width 0: " "
      LayoutTable {TABLE} at (0,352.88) size 500x82 [border: (1px outset #808080)]
        LayoutTableCol {COLGROUP} at (0,0) size 0x0
        LayoutTableCol {COLGROUP} at (0,0) size 0x0
        LayoutTableSection {TBODY} at (1,1) size 498x80
          LayoutTableRow {TR} at (0,2) size 498x24
            LayoutTableCell {TD} at (2,2) size 164x24 [border: (1px inset #808080)] [r=0 c=0 rs=1 cs=1]
              LayoutText {#text} at (2,2) size 42x19
                text run at (2,2) width 42: "Cell A"
            LayoutTableCell {TD} at (168,2) size 164x24 [border: (1px inset #808080)] [r=0 c=1 rs=1 cs=1]
              LayoutText {#text} at (2,2) size 41x19
                text run at (2,2) width 41: "Cell B"
            LayoutTableCell {TD} at (334,2) size 162x24 [border: (1px inset #808080)] [r=0 c=2 rs=1 cs=1]
              LayoutText {#text} at (2,2) size 41x19
                text run at (2,2) width 41: "Cell C"
          LayoutTableRow {TR} at (0,28) size 498x24
            LayoutTableCell {TD} at (2,28) size 164x24 [border: (1px inset #808080)] [r=1 c=0 rs=1 cs=1]
              LayoutText {#text} at (2,2) size 42x19
                text run at (2,2) width 42: "Cell D"
            LayoutTableCell {TD} at (168,28) size 164x24 [border: (1px inset #808080)] [r=1 c=1 rs=1 cs=1]
              LayoutText {#text} at (2,2) size 40x19
                text run at (2,2) width 40: "Cell E"
            LayoutTableCell {TD} at (334,28) size 162x24 [border: (1px inset #808080)] [r=1 c=2 rs=1 cs=1]
              LayoutText {#text} at (2,2) size 39x19
                text run at (2,2) width 39: "Cell F"
          LayoutTableRow {TR} at (0,54) size 498x24
            LayoutTableCell {TD} at (2,54) size 164x24 [border: (1px inset #808080)] [r=2 c=0 rs=1 cs=1]
              LayoutText {#text} at (2,2) size 42x19
                text run at (2,2) width 42: "Cell G"
            LayoutTableCell {TD} at (168,54) size 164x24 [border: (1px inset #808080)] [r=2 c=1 rs=1 cs=1]
              LayoutText {#text} at (2,2) size 42x19
                text run at (2,2) width 42: "Cell H"
            LayoutTableCell {TD} at (334,54) size 162x24 [border: (1px inset #808080)] [r=2 c=2 rs=1 cs=1]
              LayoutText {#text} at (2,2) size 35x19
                text run at (2,2) width 35: "Cell I"
      LayoutBlockFlow {HR} at (0,442.88) size 784x2 [border: (1px inset #EEEEEE)]
