layer at (0,0) size 800x600
  LayoutView at (0,0) size 800x600
layer at (0,0) size 800x600
  LayoutBlockFlow {HTML} at (0,0) size 800x600
    LayoutBlockFlow {BODY} at (8,8) size 784x576
      LayoutBlockFlow (anonymous) at (0,0) size 784x20
        LayoutText {#text} at (0,0) size 767x19
          text run at (0,0) width 767: "This page shows a difference between IE and Netscape 6 rendering of tables / cells with heights expressed in percentages."
      LayoutBlockFlow {P} at (0,36) size 784x40
        LayoutText {#text} at (0,0) size 735x39
          text run at (0,0) width 211: "The table A below has two cells. "
          text run at (211,0) width 395: "Cell A1 contains an invisible image to make the cell fairly tall. "
          text run at (606,0) width 129: "Cell A2 has a height"
          text run at (0,20) width 338: "attribute of 100%, and contains another table, table B."
      LayoutBlockFlow {P} at (0,92) size 784x40
        LayoutText {#text} at (0,0) size 784x39
          text run at (0,0) width 220: "Table B has two cells, B1 and B2. "
          text run at (219,0) width 256: "B1 has a fixed pixel height of 30 pixels. "
          text run at (474,0) width 165: "B2 has a height of 100%. "
          text run at (638,0) width 131: "In IE, this causes B2"
          text run at (0,20) width 784: "to stretch to fill the entire height of cell A2, while in Netscape 6 / Gecko, it seems to have no impact on the height of cell A2."
      LayoutBlockFlow {P} at (0,148) size 784x209
        LayoutTable {TABLE} at (0,0) size 127x209 [border: (1px outset #808080)]
          LayoutTableSection {TBODY} at (1,1) size 125x207
            LayoutTableRow {TR} at (0,0) size 125x207
              LayoutTableCell {TD} at (0,0) size 62x207 [border: (1px inset #808080)] [r=0 c=0 rs=1 cs=1]
                LayoutBlockFlow {IMG} at (1,1) size 10x200
                  LayoutInline {SPAN} at (0,0) size 0x0
                    LayoutInline {SPAN} at (0,0) size 0x0
                LayoutText {#text} at (11,186) size 50x19
                  text run at (11,186) width 50: "Cell A1"
              LayoutTableCell {TD} at (62,70) size 63x66 [border: (1px inset #808080)] [r=0 c=1 rs=1 cs=1]
                LayoutTable {TABLE} at (1,1) size 61x64 [border: (2px outset #808080)]
                  LayoutTableSection {TBODY} at (2,2) size 57x60
                    LayoutTableRow {TR} at (0,2) size 57x30
                      LayoutTableCell {TD} at (2,5) size 53x24 [border: (1px inset #808080)] [r=0 c=0 rs=1 cs=1]
                        LayoutText {#text} at (2,2) size 49x19
                          text run at (2,2) width 49: "Cell B1"
                    LayoutTableRow {TR} at (0,34) size 57x24
                      LayoutTableCell {TD} at (2,34) size 53x24 [bgcolor=#99CC99] [border: (1px inset #808080)] [r=1 c=0 rs=1 cs=1]
                        LayoutText {#text} at (2,2) size 49x19
                          text run at (2,2) width 49: "Cell B2"
