layer at (0,0) size 800x600
  LayoutView at (0,0) size 800x600
layer at (0,0) size 800x600
  LayoutBlockFlow {HTML} at (0,0) size 800x600
    LayoutBlockFlow {BODY} at (8,8) size 784x584
      LayoutBlockFlow {DIV} at (0,0) size 784x206 [border: (3px solid #0000FF)]
        LayoutTable {TABLE} at (358,3) size 68x93 [border: (3px solid #008000)]
          LayoutBlockFlow {CAPTION} at (0,0) size 19.59x33 [border: (3px solid #FFA500)]
            LayoutText {#text} at (3,3) size 22x19
              text run at (3,3) width 22: "cap"
          LayoutTableSection {TBODY} at (3,36) size 62x54
            LayoutTableRow {TR} at (0,2) size 62x50
              LayoutTableCell {TD} at (2,16) size 58x22 [r=0 c=0 rs=1 cs=1]
                LayoutText {#text} at (1,1) size 56x19
                  text run at (1,1) width 56: "table cell"
