layer at (0,0) size 800x600
  LayoutView at (0,0) size 800x600
layer at (0,0) size 800x600
  LayoutBlockFlow {HTML} at (0,0) size 800x600
    LayoutBlockFlow {BODY} at (8,8) size 784x584 [bgcolor=#FFFFFF]
      LayoutTable {TABLE} at (0,0) size 784x368 [border: (1px outset #808080)]
        LayoutTableSection {TBODY} at (1,1) size 782x366
          LayoutTableRow {TR} at (0,2) size 782x362
            LayoutTableCell {TD} at (2,2) size 778x362 [border: (1px inset #808080)] [r=0 c=0 rs=1 cs=1]
              LayoutTable {TABLE} at (2,2) size 774x358 [border: (3px solid #008000)]
                LayoutBlockFlow {CAPTION} at (0,0) size 406x26 [border: (3px solid #FFA500)]
                  LayoutText {#text} at (89,3) size 228x19
                    text run at (89,3) width 228: "caption text caption text caption text"
                LayoutTableSection {TBODY} at (3,29) size 768x326
                  LayoutTableRow {TR} at (0,2) size 768x322
                    LayoutTableCell {TD} at (2,2) size 764x322 [r=0 c=0 rs=1 cs=1]
                      LayoutText {#text} at (1,1) size 740x319
                        text run at (1,1) width 740: "table text which should wrap table text which should wrap table text which should wrap table text which should wrap"
                        text run at (1,21) width 740: "table text which should wrap table text which should wrap table text which should wrap table text which should wrap"
                        text run at (1,41) width 740: "table text which should wrap table text which should wrap table text which should wrap table text which should wrap"
                        text run at (1,61) width 740: "table text which should wrap table text which should wrap table text which should wrap table text which should wrap"
                        text run at (1,81) width 740: "table text which should wrap table text which should wrap table text which should wrap table text which should wrap"
                        text run at (1,101) width 740: "table text which should wrap table text which should wrap table text which should wrap table text which should wrap"
                        text run at (1,121) width 740: "table text which should wrap table text which should wrap table text which should wrap table text which should wrap"
                        text run at (1,141) width 740: "table text which should wrap table text which should wrap table text which should wrap table text which should wrap"
                        text run at (1,161) width 740: "table text which should wrap table text which should wrap table text which should wrap table text which should wrap"
                        text run at (1,181) width 740: "table text which should wrap table text which should wrap table text which should wrap table text which should wrap"
                        text run at (1,201) width 736: "table text which should wrap table text which should wraptable text which should wrap table text which should wrap"
                        text run at (1,221) width 740: "table text which should wrap table text which should wrap table text which should wrap table text which should wrap"
                        text run at (1,241) width 740: "table text which should wrap table text which should wrap table text which should wrap table text which should wrap"
                        text run at (1,261) width 740: "table text which should wrap table text which should wrap table text which should wrap table text which should wrap"
                        text run at (1,281) width 740: "table text which should wrap table text which should wrap table text which should wrap table text which should wrap"
                        text run at (1,301) width 554: "table text which should wrap table text which should wrap table text which should wrap"
