layer at (0,0) size 800x600
  LayoutView at (0,0) size 800x600
layer at (0,0) size 800x600
  LayoutBlockFlow {HTML} at (0,0) size 800x600
    LayoutBlockFlow {BODY} at (8,8) size 784x584
      LayoutBlockFlow {DIV} at (0,0) size 784x206 [border: (3px solid #0000FF)]
        LayoutTable {TABLE} at (358,3) size 68x243 [border: (3px solid #008000)]
          LayoutBlockFlow {CAPTION} at (0,0) size 19.59x83 [border: (3px solid #FFA500)]
            LayoutText {#text} at (3,3) size 22x19
              text run at (3,3) width 22: "cap"
          LayoutTableSection {TBODY} at (3,86) size 62x154
            LayoutTableRow {TR} at (0,2) size 62x150
              LayoutTableCell {TD} at (2,66) size 58x22 [r=0 c=0 rs=1 cs=1]
                LayoutText {#text} at (1,1) size 56x19
                  text run at (1,1) width 56: "table cell"
