layer at (0,0) size 800x600
  LayoutView at (0,0) size 800x600
layer at (0,0) size 800x600
  LayoutBlockFlow {HTML} at (0,0) size 800x600
    LayoutBlockFlow {BODY} at (128,8) size 664x584
      LayoutBlockFlow {P} at (0,0) size 664x20
        LayoutText {#text} at (0,0) size 639x19
          text run at (0,0) width 639: "text text text previous paragraph text text above the table more text text text normal paragraph etc. etc."
      LayoutTable {TABLE} at (254.50,36) size 155x270
        LayoutBlockFlow {CAPTION} at (-128,0) size 128x100
          LayoutText {#text} at (9,0) size 119x99
            text run at (9,0) width 119: "This is the caption."
            text run at (72,20) width 56: "It is right"
            text run at (48,40) width 80: "aligned.Also"
            text run at (44,60) width 84: "aligned at the"
            text run at (84,80) width 44: "bottom"
        LayoutTableSection {TBODY} at (0,100) size 155x170
          LayoutTableRow {TR} at (0,2) size 155x22
            LayoutTableCell {TH} at (2,2) size 49x22 [r=0 c=0 rs=1 cs=1]
              LayoutText {#text} at (1,1) size 47x19
                text run at (1,1) width 47: "header"
            LayoutTableCell {TH} at (53,2) size 49x22 [r=0 c=1 rs=1 cs=1]
              LayoutText {#text} at (1,1) size 47x19
                text run at (1,1) width 47: "header"
            LayoutTableCell {TH} at (104,2) size 49x22 [r=0 c=2 rs=1 cs=1]
              LayoutText {#text} at (1,1) size 47x19
                text run at (1,1) width 47: "header"
          LayoutTableRow {TR} at (0,26) size 155x22
            LayoutTableCell {TD} at (2,26) size 49x22 [r=1 c=0 rs=1 cs=1]
              LayoutText {#text} at (1,1) size 22x19
                text run at (1,1) width 22: "cell"
            LayoutTableCell {TD} at (53,26) size 49x22 [r=1 c=1 rs=1 cs=1]
              LayoutText {#text} at (1,1) size 22x19
                text run at (1,1) width 22: "cell"
            LayoutTableCell {TD} at (104,26) size 49x22 [r=1 c=2 rs=1 cs=1]
              LayoutText {#text} at (1,1) size 22x19
                text run at (1,1) width 22: "cell"
          LayoutTableRow {TR} at (0,50) size 155x22
            LayoutTableCell {TD} at (2,50) size 49x22 [r=2 c=0 rs=1 cs=1]
              LayoutText {#text} at (1,1) size 22x19
                text run at (1,1) width 22: "cell"
            LayoutTableCell {TD} at (53,50) size 49x22 [r=2 c=1 rs=1 cs=1]
              LayoutText {#text} at (1,1) size 22x19
                text run at (1,1) width 22: "cell"
            LayoutTableCell {TD} at (104,50) size 49x22 [r=2 c=2 rs=1 cs=1]
              LayoutText {#text} at (1,1) size 22x19
                text run at (1,1) width 22: "cell"
          LayoutTableRow {TR} at (0,74) size 155x22
            LayoutTableCell {TD} at (2,74) size 49x22 [r=3 c=0 rs=1 cs=1]
              LayoutText {#text} at (1,1) size 22x19
                text run at (1,1) width 22: "cell"
            LayoutTableCell {TD} at (53,74) size 49x22 [r=3 c=1 rs=1 cs=1]
              LayoutText {#text} at (1,1) size 22x19
                text run at (1,1) width 22: "cell"
            LayoutTableCell {TD} at (104,74) size 49x22 [r=3 c=2 rs=1 cs=1]
              LayoutText {#text} at (1,1) size 22x19
                text run at (1,1) width 22: "cell"
          LayoutTableRow {TR} at (0,98) size 155x22
            LayoutTableCell {TD} at (2,98) size 49x22 [r=4 c=0 rs=1 cs=1]
              LayoutText {#text} at (1,1) size 22x19
                text run at (1,1) width 22: "cell"
            LayoutTableCell {TD} at (53,98) size 49x22 [r=4 c=1 rs=1 cs=1]
              LayoutText {#text} at (1,1) size 22x19
                text run at (1,1) width 22: "cell"
            LayoutTableCell {TD} at (104,98) size 49x22 [r=4 c=2 rs=1 cs=1]
              LayoutText {#text} at (1,1) size 22x19
                text run at (1,1) width 22: "cell"
          LayoutTableRow {TR} at (0,122) size 155x22
            LayoutTableCell {TD} at (2,122) size 49x22 [r=5 c=0 rs=1 cs=1]
              LayoutText {#text} at (1,1) size 22x19
                text run at (1,1) width 22: "cell"
            LayoutTableCell {TD} at (53,122) size 49x22 [r=5 c=1 rs=1 cs=1]
              LayoutText {#text} at (1,1) size 22x19
                text run at (1,1) width 22: "cell"
            LayoutTableCell {TD} at (104,122) size 49x22 [r=5 c=2 rs=1 cs=1]
              LayoutText {#text} at (1,1) size 22x19
                text run at (1,1) width 22: "cell"
          LayoutTableRow {TR} at (0,146) size 155x22
            LayoutTableCell {TD} at (2,146) size 49x22 [r=6 c=0 rs=1 cs=1]
              LayoutText {#text} at (1,1) size 22x19
                text run at (1,1) width 22: "cell"
            LayoutTableCell {TD} at (53,146) size 49x22 [r=6 c=1 rs=1 cs=1]
              LayoutText {#text} at (1,1) size 22x19
                text run at (1,1) width 22: "cell"
            LayoutTableCell {TD} at (104,146) size 49x22 [r=6 c=2 rs=1 cs=1]
              LayoutText {#text} at (1,1) size 22x19
                text run at (1,1) width 22: "cell"
