layer at (0,0) size 800x600
  LayoutView at (0,0) size 800x600
layer at (0,0) size 800x600
  LayoutBlockFlow {HTML} at (0,0) size 800x600
    LayoutBlockFlow {BODY} at (8,8) size 784x584
      LayoutBlockFlow {P} at (0,0) size 784x60
        LayoutText {#text} at (0,0) size 776x39
          text run at (0,0) width 776: "(1) Table with 2 columns. Relative width value for first column is \"1*\" and for column 2 is \"3*\". Table width is 100%. The"
          text run at (0,20) width 710: "first column should span 1/4 of the window width and the second column should span 3/4 of the window width. "
        LayoutInline {B} at (0,0) size 730x39
          LayoutText {#text} at (710,20) size 730x39
            text run at (710,20) width 20: "5.0"
            text run at (0,40) width 147: "renders this correctly."
      LayoutTable {TABLE} at (0,76) size 784x30 [border: (1px outset #808080)]
        LayoutTableCol {COLGROUP} at (0,0) size 0x0
          LayoutTableCol {COL} at (0,0) size 0x0
          LayoutTableCol {COL} at (0,0) size 0x0
        LayoutTableSection {TBODY} at (1,1) size 782x28
          LayoutTableRow {TR} at (0,2) size 782x24
            LayoutTableCell {TD} at (2,2) size 388x24 [border: (1px inset #808080)] [r=0 c=0 rs=1 cs=1]
              LayoutText {#text} at (2,2) size 26x19
                text run at (2,2) width 26: "Test"
            LayoutTableCell {TD} at (392,2) size 388x24 [border: (1px inset #808080)] [r=0 c=1 rs=1 cs=1]
              LayoutText {#text} at (2,2) size 26x19
                text run at (2,2) width 26: "Test"
      LayoutBlockFlow (anonymous) at (0,106) size 784x40
        LayoutBR {BR} at (0,0) size 0x19
        LayoutBR {BR} at (0,20) size 0x19
      LayoutBlockFlow {P} at (0,162) size 784x40
        LayoutText {#text} at (0,0) size 761x39
          text run at (0,0) width 761: "(2) Table with 1 column. Relative width value for column is \"0*\" with table width of 100%. The column should span the"
          text run at (0,20) width 360: "minimum width necessary to hold the column's contents. "
        LayoutInline {B} at (0,0) size 62x19
          LayoutText {#text} at (360,20) size 62x19
            text run at (360,20) width 62: "Problem."
      LayoutTable {TABLE} at (0,218) size 784x30 [border: (1px outset #808080)]
        LayoutTableCol {COLGROUP} at (0,0) size 0x0
          LayoutTableCol {COL} at (0,0) size 0x0
        LayoutTableSection {TBODY} at (1,1) size 782x28
          LayoutTableRow {TR} at (0,2) size 782x24
            LayoutTableCell {TD} at (2,2) size 778x24 [border: (1px inset #808080)] [r=0 c=0 rs=1 cs=1]
              LayoutText {#text} at (2,2) size 26x19
                text run at (2,2) width 26: "Test"
      LayoutBlockFlow (anonymous) at (0,248) size 784x40
        LayoutBR {BR} at (0,0) size 0x19
        LayoutBR {BR} at (0,20) size 0x19
      LayoutBlockFlow {P} at (0,304) size 784x60
        LayoutText {#text} at (0,0) size 776x39
          text run at (0,0) width 776: "(3) Table with 2 columns. Relative width value for first column is \"0*\" and for column 2 is \"3*\". Table width is 100%. The"
          text run at (0,20) width 743: "first column should span the minimum width necessary to hold the column's contents. The second column should ????"
        LayoutInline {B} at (0,0) size 770x39
          LayoutText {#text} at (743,20) size 770x39
            text run at (743,20) width 27: "The"
            text run at (0,40) width 697: "first column is rendered properly, but there seems to be a problem with the width of the second column."
      LayoutTable {TABLE} at (0,380) size 784x30 [border: (1px outset #808080)]
        LayoutTableCol {COLGROUP} at (0,0) size 0x0
          LayoutTableCol {COL} at (0,0) size 0x0
          LayoutTableCol {COL} at (0,0) size 0x0
        LayoutTableSection {TBODY} at (1,1) size 782x28
          LayoutTableRow {TR} at (0,2) size 782x24
            LayoutTableCell {TD} at (2,2) size 388x24 [border: (1px inset #808080)] [r=0 c=0 rs=1 cs=1]
              LayoutText {#text} at (2,2) size 26x19
                text run at (2,2) width 26: "Test"
            LayoutTableCell {TD} at (392,2) size 388x24 [border: (1px inset #808080)] [r=0 c=1 rs=1 cs=1]
              LayoutText {#text} at (2,2) size 26x19
                text run at (2,2) width 26: "Test"
