layer at (0,0) size 800x600
  LayoutView at (0,0) size 800x600
layer at (0,0) size 800x600
  LayoutBlockFlow {HTML} at (0,0) size 800x600
    LayoutBlockFlow {BODY} at (8,8) size 784x584
      LayoutBlockFlow {P} at (0,0) size 784x20
        LayoutText {#text} at (0,0) size 135x19
          text run at (0,0) width 135: "A paragraph of text"
      LayoutTable {TABLE} at (0,36) size 276x368 [border: (1px outset #808080)]
        LayoutTableSection {THEAD} at (1,1) size 274x28
          LayoutTableRow {TR} at (0,2) size 274x24
            LayoutTableCell {TH} at (2,2) size 66x24 [border: (1px inset #808080)] [r=0 c=0 rs=1 cs=1]
              LayoutText {#text} at (2,2) size 62x19
                text run at (2,2) width 62: "column 1"
            LayoutTableCell {TH} at (70,2) size 66x24 [border: (1px inset #808080)] [r=0 c=1 rs=1 cs=1]
              LayoutText {#text} at (2,2) size 62x19
                text run at (2,2) width 62: "column 2"
            LayoutTableCell {TH} at (138,2) size 66x24 [border: (1px inset #808080)] [r=0 c=2 rs=1 cs=1]
              LayoutText {#text} at (2,2) size 62x19
                text run at (2,2) width 62: "column 3"
            LayoutTableCell {TH} at (206,2) size 66x24 [border: (1px inset #808080)] [r=0 c=3 rs=1 cs=1]
              LayoutText {#text} at (2,2) size 62x19
                text run at (2,2) width 62: "column 4"
        LayoutTableSection {TBODY} at (1,29) size 274x338
          LayoutTableRow {TR} at (0,0) size 274x24
            LayoutTableCell {TD} at (2,0) size 66x24 [border: (1px inset #808080)] [r=0 c=0 rs=1 cs=1]
              LayoutText {#text} at (2,2) size 23x19
                text run at (2,2) width 23: "one"
            LayoutTableCell {TD} at (70,0) size 66x24 [border: (1px inset #808080)] [r=0 c=1 rs=1 cs=1]
              LayoutText {#text} at (2,2) size 24x19
                text run at (2,2) width 24: "two"
            LayoutTableCell {TD} at (138,0) size 66x24 [border: (1px inset #808080)] [r=0 c=2 rs=1 cs=1]
              LayoutText {#text} at (2,2) size 31x19
                text run at (2,2) width 31: "three"
            LayoutTableCell {TD} at (206,0) size 66x24 [border: (1px inset #808080)] [r=0 c=3 rs=1 cs=1]
              LayoutText {#text} at (2,2) size 26x19
                text run at (2,2) width 26: "four"
          LayoutTableRow {TR} at (0,26) size 274x24
            LayoutTableCell {TD} at (2,26) size 66x24 [border: (1px inset #808080)] [r=1 c=0 rs=1 cs=1]
              LayoutText {#text} at (2,2) size 23x19
                text run at (2,2) width 23: "one"
            LayoutTableCell {TD} at (70,26) size 66x24 [border: (1px inset #808080)] [r=1 c=1 rs=1 cs=1]
              LayoutText {#text} at (2,2) size 24x19
                text run at (2,2) width 24: "two"
            LayoutTableCell {TD} at (138,26) size 66x24 [border: (1px inset #808080)] [r=1 c=2 rs=1 cs=1]
              LayoutText {#text} at (2,2) size 31x19
                text run at (2,2) width 31: "three"
            LayoutTableCell {TD} at (206,26) size 66x24 [border: (1px inset #808080)] [r=1 c=3 rs=1 cs=1]
              LayoutText {#text} at (2,2) size 26x19
                text run at (2,2) width 26: "four"
          LayoutTableRow {TR} at (0,52) size 274x24
            LayoutTableCell {TD} at (2,52) size 66x24 [border: (1px inset #808080)] [r=2 c=0 rs=1 cs=1]
              LayoutText {#text} at (2,2) size 23x19
                text run at (2,2) width 23: "one"
            LayoutTableCell {TD} at (70,52) size 66x24 [border: (1px inset #808080)] [r=2 c=1 rs=1 cs=1]
              LayoutText {#text} at (2,2) size 24x19
                text run at (2,2) width 24: "two"
            LayoutTableCell {TD} at (138,52) size 66x24 [border: (1px inset #808080)] [r=2 c=2 rs=1 cs=1]
              LayoutText {#text} at (2,2) size 31x19
                text run at (2,2) width 31: "three"
            LayoutTableCell {TD} at (206,52) size 66x24 [border: (1px inset #808080)] [r=2 c=3 rs=1 cs=1]
              LayoutText {#text} at (2,2) size 26x19
                text run at (2,2) width 26: "four"
          LayoutTableRow {TR} at (0,78) size 274x24
            LayoutTableCell {TD} at (2,78) size 66x24 [border: (1px inset #808080)] [r=3 c=0 rs=1 cs=1]
              LayoutText {#text} at (2,2) size 23x19
                text run at (2,2) width 23: "one"
            LayoutTableCell {TD} at (70,78) size 66x24 [border: (1px inset #808080)] [r=3 c=1 rs=1 cs=1]
              LayoutText {#text} at (2,2) size 24x19
                text run at (2,2) width 24: "two"
            LayoutTableCell {TD} at (138,78) size 66x24 [border: (1px inset #808080)] [r=3 c=2 rs=1 cs=1]
              LayoutText {#text} at (2,2) size 31x19
                text run at (2,2) width 31: "three"
            LayoutTableCell {TD} at (206,78) size 66x24 [border: (1px inset #808080)] [r=3 c=3 rs=1 cs=1]
              LayoutText {#text} at (2,2) size 26x19
                text run at (2,2) width 26: "four"
          LayoutTableRow {TR} at (0,104) size 274x24
            LayoutTableCell {TD} at (2,104) size 66x24 [border: (1px inset #808080)] [r=4 c=0 rs=1 cs=1]
              LayoutText {#text} at (2,2) size 23x19
                text run at (2,2) width 23: "one"
            LayoutTableCell {TD} at (70,104) size 66x24 [border: (1px inset #808080)] [r=4 c=1 rs=1 cs=1]
              LayoutText {#text} at (2,2) size 24x19
                text run at (2,2) width 24: "two"
            LayoutTableCell {TD} at (138,104) size 66x24 [border: (1px inset #808080)] [r=4 c=2 rs=1 cs=1]
              LayoutText {#text} at (2,2) size 31x19
                text run at (2,2) width 31: "three"
            LayoutTableCell {TD} at (206,104) size 66x24 [border: (1px inset #808080)] [r=4 c=3 rs=1 cs=1]
              LayoutText {#text} at (2,2) size 26x19
                text run at (2,2) width 26: "four"
          LayoutTableRow {TR} at (0,130) size 274x24
            LayoutTableCell {TD} at (2,130) size 66x24 [border: (1px inset #808080)] [r=5 c=0 rs=1 cs=1]
              LayoutText {#text} at (2,2) size 23x19
                text run at (2,2) width 23: "one"
            LayoutTableCell {TD} at (70,130) size 66x24 [border: (1px inset #808080)] [r=5 c=1 rs=1 cs=1]
              LayoutText {#text} at (2,2) size 24x19
                text run at (2,2) width 24: "two"
            LayoutTableCell {TD} at (138,130) size 66x24 [border: (1px inset #808080)] [r=5 c=2 rs=1 cs=1]
              LayoutText {#text} at (2,2) size 31x19
                text run at (2,2) width 31: "three"
            LayoutTableCell {TD} at (206,130) size 66x24 [border: (1px inset #808080)] [r=5 c=3 rs=1 cs=1]
              LayoutText {#text} at (2,2) size 26x19
                text run at (2,2) width 26: "four"
          LayoutTableRow {TR} at (0,156) size 274x24
            LayoutTableCell {TD} at (2,156) size 66x24 [border: (1px inset #808080)] [r=6 c=0 rs=1 cs=1]
              LayoutText {#text} at (2,2) size 23x19
                text run at (2,2) width 23: "one"
            LayoutTableCell {TD} at (70,156) size 66x24 [border: (1px inset #808080)] [r=6 c=1 rs=1 cs=1]
              LayoutText {#text} at (2,2) size 24x19
                text run at (2,2) width 24: "two"
            LayoutTableCell {TD} at (138,156) size 66x24 [border: (1px inset #808080)] [r=6 c=2 rs=1 cs=1]
              LayoutText {#text} at (2,2) size 31x19
                text run at (2,2) width 31: "three"
            LayoutTableCell {TD} at (206,156) size 66x24 [border: (1px inset #808080)] [r=6 c=3 rs=1 cs=1]
              LayoutText {#text} at (2,2) size 26x19
                text run at (2,2) width 26: "four"
          LayoutTableRow {TR} at (0,182) size 274x24
            LayoutTableCell {TD} at (2,182) size 66x24 [border: (1px inset #808080)] [r=7 c=0 rs=1 cs=1]
              LayoutText {#text} at (2,2) size 23x19
                text run at (2,2) width 23: "one"
            LayoutTableCell {TD} at (70,182) size 66x24 [border: (1px inset #808080)] [r=7 c=1 rs=1 cs=1]
              LayoutText {#text} at (2,2) size 24x19
                text run at (2,2) width 24: "two"
            LayoutTableCell {TD} at (138,182) size 66x24 [border: (1px inset #808080)] [r=7 c=2 rs=1 cs=1]
              LayoutText {#text} at (2,2) size 31x19
                text run at (2,2) width 31: "three"
            LayoutTableCell {TD} at (206,182) size 66x24 [border: (1px inset #808080)] [r=7 c=3 rs=1 cs=1]
              LayoutText {#text} at (2,2) size 26x19
                text run at (2,2) width 26: "four"
          LayoutTableRow {TR} at (0,208) size 274x24
            LayoutTableCell {TD} at (2,208) size 66x24 [border: (1px inset #808080)] [r=8 c=0 rs=1 cs=1]
              LayoutText {#text} at (2,2) size 23x19
                text run at (2,2) width 23: "one"
            LayoutTableCell {TD} at (70,208) size 66x24 [border: (1px inset #808080)] [r=8 c=1 rs=1 cs=1]
              LayoutText {#text} at (2,2) size 24x19
                text run at (2,2) width 24: "two"
            LayoutTableCell {TD} at (138,208) size 66x24 [border: (1px inset #808080)] [r=8 c=2 rs=1 cs=1]
              LayoutText {#text} at (2,2) size 31x19
                text run at (2,2) width 31: "three"
            LayoutTableCell {TD} at (206,208) size 66x24 [border: (1px inset #808080)] [r=8 c=3 rs=1 cs=1]
              LayoutText {#text} at (2,2) size 26x19
                text run at (2,2) width 26: "four"
          LayoutTableRow {TR} at (0,234) size 274x24
            LayoutTableCell {TD} at (2,234) size 66x24 [border: (1px inset #808080)] [r=9 c=0 rs=1 cs=1]
              LayoutText {#text} at (2,2) size 23x19
                text run at (2,2) width 23: "one"
            LayoutTableCell {TD} at (70,234) size 66x24 [border: (1px inset #808080)] [r=9 c=1 rs=1 cs=1]
              LayoutText {#text} at (2,2) size 24x19
                text run at (2,2) width 24: "two"
            LayoutTableCell {TD} at (138,234) size 66x24 [border: (1px inset #808080)] [r=9 c=2 rs=1 cs=1]
              LayoutText {#text} at (2,2) size 31x19
                text run at (2,2) width 31: "three"
            LayoutTableCell {TD} at (206,234) size 66x24 [border: (1px inset #808080)] [r=9 c=3 rs=1 cs=1]
              LayoutText {#text} at (2,2) size 26x19
                text run at (2,2) width 26: "four"
          LayoutTableRow {TR} at (0,260) size 274x24
            LayoutTableCell {TD} at (2,260) size 66x24 [border: (1px inset #808080)] [r=10 c=0 rs=1 cs=1]
              LayoutText {#text} at (2,2) size 23x19
                text run at (2,2) width 23: "one"
            LayoutTableCell {TD} at (70,260) size 66x24 [border: (1px inset #808080)] [r=10 c=1 rs=1 cs=1]
              LayoutText {#text} at (2,2) size 24x19
                text run at (2,2) width 24: "two"
            LayoutTableCell {TD} at (138,260) size 66x24 [border: (1px inset #808080)] [r=10 c=2 rs=1 cs=1]
              LayoutText {#text} at (2,2) size 31x19
                text run at (2,2) width 31: "three"
            LayoutTableCell {TD} at (206,260) size 66x24 [border: (1px inset #808080)] [r=10 c=3 rs=1 cs=1]
              LayoutText {#text} at (2,2) size 26x19
                text run at (2,2) width 26: "four"
          LayoutTableRow {TR} at (0,286) size 274x24
            LayoutTableCell {TD} at (2,286) size 66x24 [border: (1px inset #808080)] [r=11 c=0 rs=1 cs=1]
              LayoutText {#text} at (2,2) size 23x19
                text run at (2,2) width 23: "one"
            LayoutTableCell {TD} at (70,286) size 66x24 [border: (1px inset #808080)] [r=11 c=1 rs=1 cs=1]
              LayoutText {#text} at (2,2) size 24x19
                text run at (2,2) width 24: "two"
            LayoutTableCell {TD} at (138,286) size 66x24 [border: (1px inset #808080)] [r=11 c=2 rs=1 cs=1]
              LayoutText {#text} at (2,2) size 31x19
                text run at (2,2) width 31: "three"
            LayoutTableCell {TD} at (206,286) size 66x24 [border: (1px inset #808080)] [r=11 c=3 rs=1 cs=1]
              LayoutText {#text} at (2,2) size 26x19
                text run at (2,2) width 26: "four"
          LayoutTableRow {TR} at (0,312) size 274x24
            LayoutTableCell {TD} at (2,312) size 66x24 [border: (1px inset #808080)] [r=12 c=0 rs=1 cs=1]
              LayoutText {#text} at (2,2) size 23x19
                text run at (2,2) width 23: "one"
            LayoutTableCell {TD} at (70,312) size 66x24 [border: (1px inset #808080)] [r=12 c=1 rs=1 cs=1]
              LayoutText {#text} at (2,2) size 24x19
                text run at (2,2) width 24: "two"
            LayoutTableCell {TD} at (138,312) size 66x24 [border: (1px inset #808080)] [r=12 c=2 rs=1 cs=1]
              LayoutText {#text} at (2,2) size 31x19
                text run at (2,2) width 31: "three"
            LayoutTableCell {TD} at (206,312) size 66x24 [border: (1px inset #808080)] [r=12 c=3 rs=1 cs=1]
              LayoutText {#text} at (2,2) size 26x19
                text run at (2,2) width 26: "four"
