layer at (0,0) size 800x600
  LayoutView at (0,0) size 800x600
layer at (0,0) size 800x600
  LayoutBlockFlow {HTML} at (0,0) size 800x600
    LayoutBlockFlow {BODY} at (8,8) size 784x584
      LayoutBlockFlow {P} at (0,0) size 784x20
        LayoutText {#text} at (0,0) size 373x19
          text run at (0,0) width 373: "300xp height value set on THEAD, TBODY, and TFOOT"
      LayoutTable {TABLE} at (0,36) size 250x82 [border: (1px outset #808080)]
        LayoutTableSection {THEAD} at (1,1) size 248x28
          LayoutTableRow {TR} at (0,2) size 248x24
            LayoutTableCell {TH} at (2,2) size 244x24 [border: (1px inset #808080)] [r=0 c=0 rs=1 cs=1]
              LayoutText {#text} at (2,2) size 240x19
                text run at (2,2) width 240: "This THEAD should be 300px high"
        LayoutTableSection {TFOOT} at (1,55) size 248x26
          LayoutTableRow {TR} at (0,0) size 248x24
            LayoutTableCell {TD} at (2,0) size 244x24 [border: (1px inset #808080)] [r=0 c=0 rs=1 cs=1]
              LayoutText {#text} at (2,2) size 226x19
                text run at (2,2) width 226: "This TFOOT should be 300px high"
        LayoutTableSection {TBODY} at (1,29) size 248x26
          LayoutTableRow {TR} at (0,0) size 248x24
            LayoutTableCell {TD} at (2,0) size 244x24 [border: (1px inset #808080)] [r=0 c=0 rs=1 cs=1]
              LayoutText {#text} at (2,2) size 234x19
                text run at (2,2) width 234: "This TBODY should be 300px hight"
