layer at (0,0) size 800x600
  LayoutView at (0,0) size 800x600
layer at (0,0) size 800x600
  LayoutBlockFlow {HTML} at (0,0) size 800x600
    LayoutBlockFlow {BODY} at (8,8) size 784x584
      LayoutBlockFlow (anonymous) at (0,0) size 784x20
        LayoutText {#text} at (0,0) size 4x19
          text run at (0,0) width 4: " "
      LayoutTable {TABLE} at (0,20) size 67x56 [border: (1px outset #808080)]
        LayoutTableSection {TBODY} at (1,1) size 65x54
          LayoutTableRow {TR} at (0,2) size 65x11
            LayoutTableCell {TD} at (2,2) size 61x24 [border: (1px inset #808080)] [r=0 c=0 rs=2 cs=1]
              LayoutText {#text} at (2,2) size 57x19
                text run at (2,2) width 57: "First row"
          LayoutTableRow {TR} at (0,15) size 65x11
          LayoutTableRow {TR} at (0,28) size 65x24
            LayoutTableCell {TD} at (2,28) size 61x24 [border: (1px inset #808080)] [r=2 c=0 rs=1 cs=1]
              LayoutText {#text} at (2,2) size 56x19
                text run at (2,2) width 56: "Last row"
      LayoutBlockFlow (anonymous) at (0,76) size 784x20
        LayoutText {#text} at (0,0) size 8x19
          text run at (0,0) width 8: "  "
      LayoutTable {TABLE} at (0,96) size 67x56 [border: (1px outset #808080)]
        LayoutTableSection {TBODY} at (1,1) size 65x54
          LayoutTableRow {TR} at (0,2) size 65x6
            LayoutTableCell {TD} at (2,2) size 61x24 [border: (1px inset #808080)] [r=0 c=0 rs=3 cs=1]
              LayoutText {#text} at (2,2) size 57x19
                text run at (2,2) width 57: "First row"
          LayoutTableRow {TR} at (0,10) size 65x7
          LayoutTableRow {TR} at (0,19) size 65x7
          LayoutTableRow {TR} at (0,28) size 65x24
            LayoutTableCell {TD} at (2,28) size 61x24 [border: (1px inset #808080)] [r=3 c=0 rs=1 cs=1]
              LayoutText {#text} at (2,2) size 56x19
                text run at (2,2) width 56: "Last row"
      LayoutBlockFlow (anonymous) at (0,152) size 784x20
        LayoutText {#text} at (0,0) size 12x19
          text run at (0,0) width 12: "   "
      LayoutTable {TABLE} at (0,172) size 67x56 [border: (1px outset #808080)]
        LayoutTableSection {TBODY} at (1,1) size 65x54
          LayoutTableRow {TR} at (0,2) size 65x4
            LayoutTableCell {TD} at (2,2) size 61x24 [border: (1px inset #808080)] [r=0 c=0 rs=4 cs=1]
              LayoutText {#text} at (2,2) size 57x19
                text run at (2,2) width 57: "First row"
          LayoutTableRow {TR} at (0,8) size 65x4
          LayoutTableRow {TR} at (0,14) size 65x5
          LayoutTableRow {TR} at (0,21) size 65x5
          LayoutTableRow {TR} at (0,28) size 65x24
            LayoutTableCell {TD} at (2,28) size 61x24 [border: (1px inset #808080)] [r=4 c=0 rs=1 cs=1]
              LayoutText {#text} at (2,2) size 56x19
                text run at (2,2) width 56: "Last row"
      LayoutBlockFlow (anonymous) at (0,228) size 784x40
        LayoutBR {BR} at (0,0) size 0x19
        LayoutText {#text} at (0,20) size 106x19
          text run at (0,20) width 106: "an additional test"
      LayoutTable {TABLE} at (0,268) size 32x56 [border: (1px outset #808080)]
        LayoutTableSection {TBODY} at (1,1) size 30x54
          LayoutTableRow {TR} at (0,2) size 30x11
            LayoutTableCell {TD} at (2,2) size 26x24 [border: (1px inset #808080)] [r=0 c=0 rs=2 cs=1]
              LayoutText {#text} at (2,2) size 8x19
                text run at (2,2) width 8: "1"
          LayoutTableRow {TR} at (0,15) size 30x11
          LayoutTableRow {TR} at (0,28) size 30x24
            LayoutTableCell {TD} at (2,28) size 26x24 [border: (1px inset #808080)] [r=2 c=0 rs=1 cs=1]
              LayoutText {#text} at (2,2) size 22x19
                text run at (2,2) width 22: "abc"
