layer at (0,0) size 800x600
  LayoutView at (0,0) size 800x600
layer at (0,0) size 800x600
  LayoutBlockFlow {HTML} at (0,0) size 800x600
    LayoutBlockFlow {BODY} at (8,8) size 784x584
      LayoutBlockFlow {P} at (0,0) size 784x60
        LayoutText {#text} at (0,0) size 778x59
          text run at (0,0) width 778: "This table contains an <applet> that will not load -- you can see the space get allocated and then reflow. Notice that the final"
          text run at (0,20) width 594: "table is clipped on the right hand side -- try shrinking the window and notice how the clipping "
          text run at (594,20) width 168: "increases. (I couldn't really"
          text run at (0,40) width 298: "simplify this further without losing some of the "
          text run at (298,40) width 112: "original 'flavour'.)"
      LayoutBlockFlow (anonymous) at (0,76) size 784x20
        LayoutBR {BR} at (0,0) size 0x19
      LayoutTable {TABLE} at (0,96) size 780x148 [border: (1px outset #808080)]
        LayoutTableSection {TBODY} at (1,1) size 778x146
          LayoutTableRow {TR} at (0,2) size 778x142
            LayoutTableCell {TD} at (2,2) size 774x142 [border: (1px inset #808080)] [r=0 c=0 rs=1 cs=1]
              LayoutTable {TABLE} at (2,2) size 770x138 [border: (1px outset #808080)]
                LayoutTableSection {TBODY} at (1,1) size 768x136
                  LayoutTableRow {TR} at (0,2) size 768x72
                    LayoutTableCell {TD} at (2,2) size 764x72 [border: (1px inset #808080)] [r=0 c=0 rs=1 cs=1]
                      LayoutTable {TABLE} at (376,2) size 12x12 [border: (2px outset #808080)]
                        LayoutTableSection {TBODY} at (2,2) size 8x8
                          LayoutTableRow {TR} at (0,2) size 8x4
                            LayoutTableCell {TD} at (2,2) size 4x4 [border: (1px inset #808080)] [r=0 c=0 rs=1 cs=1]
                              LayoutInline {APPLET} at (0,0) size 0x0
                                LayoutText {#text} at (0,0) size 0x0
                                LayoutText {#text} at (0,0) size 0x0
                              LayoutText {#text} at (0,0) size 0x0
                      LayoutBlockFlow {P} at (2,30) size 760x40
                        LayoutText {#text} at (0,0) size 725x39
                          text run at (0,0) width 423: "The Porto Elounda Mare is built on the sea front, on a 110,000 m2 "
                          text run at (422,0) width 303: "plot of land with a 150 meter long private sandy"
                          text run at (0,20) width 143: "beach. The view from "
                          text run at (143,20) width 381: "decorated with antique and contemporary furniture and rugs."
                  LayoutTableRow {TR} at (0,76) size 768x58
                    LayoutTableCell {TD} at (2,76) size 764x58 [border: (1px inset #808080)] [r=1 c=0 rs=1 cs=1]
                      LayoutTable {TABLE} at (2,2) size 760x54 [border: (1px outset #808080)]
                        LayoutTableSection {TBODY} at (1,1) size 758x52
                          LayoutTableRow {TR} at (0,0) size 758x52
                            LayoutTableCell {TD} at (0,10) size 305x32 [border: (1px inset #808080)] [r=0 c=0 rs=1 cs=1]
                              LayoutText {#text} at (6,6) size 293x19
                                text run at (6,6) width 136: "99 Rates in Drahmas "
                                text run at (142,6) width 123: "Per Person on H/B "
                                text run at (265,6) width 34: "Basis"
                            LayoutTableCell {TD} at (305,0) size 101x52 [border: (1px inset #808080)] [r=0 c=1 rs=1 cs=1]
                              LayoutText {#text} at (6,6) size 89x19
                                text run at (6,6) width 89: "27/03 - 30/04 "
                              LayoutBR {BR} at (95,21) size 0x0
                              LayoutText {#text} at (6,26) size 85x19
                                text run at (6,26) width 85: "16/10 - 31/10"
                            LayoutTableCell {TD} at (406,10) size 174x32 [border: (1px inset #808080)] [r=0 c=2 rs=1 cs=1]
                              LayoutText {#text} at (6,6) size 162x19
                                text run at (6,6) width 162: "01/5- 21/5 & 2/10 - 15/10"
                            LayoutTableCell {TD} at (580,0) size 89x52 [border: (1px inset #808080)] [r=0 c=3 rs=1 cs=1]
                              LayoutText {#text} at (6,6) size 77x19
                                text run at (6,6) width 77: "22/5 - 16/07"
                              LayoutBR {BR} at (83,21) size 0x0
                              LayoutText {#text} at (6,26) size 77x19
                                text run at (6,26) width 77: "28/8 - 01/10"
                            LayoutTableCell {TD} at (669,10) size 89x32 [border: (1px inset #808080)] [r=0 c=4 rs=1 cs=1]
                              LayoutText {#text} at (6,6) size 77x19
                                text run at (6,6) width 77: "17/07 - 27/8"
      LayoutBlockFlow (anonymous) at (0,244) size 784x20
        LayoutBR {BR} at (0,0) size 0x19
      LayoutBlockFlow {P} at (0,280) size 784x20
        LayoutText {#text} at (0,0) size 536x19
          text run at (0,0) width 416: "This table repeats the previous table, but removes the 'bad applet'. "
          text run at (416,0) width 120: "Table lays out OK."
      LayoutBlockFlow (anonymous) at (0,316) size 784x20
        LayoutBR {BR} at (0,0) size 0x19
      LayoutTable {TABLE} at (0,336) size 780x168 [border: (1px outset #808080)]
        LayoutTableSection {TBODY} at (1,1) size 778x166
          LayoutTableRow {TR} at (0,2) size 778x162
            LayoutTableCell {TD} at (2,2) size 774x162 [border: (1px inset #808080)] [r=0 c=0 rs=1 cs=1]
              LayoutTable {TABLE} at (2,2) size 770x158 [border: (1px outset #808080)]
                LayoutTableSection {TBODY} at (1,1) size 768x156
                  LayoutTableRow {TR} at (0,2) size 768x92
                    LayoutTableCell {TD} at (2,2) size 764x92 [border: (1px inset #808080)] [r=0 c=0 rs=1 cs=1]
                      LayoutTable {TABLE} at (327,2) size 110x32 [border: (2px outset #808080)]
                        LayoutTableSection {TBODY} at (2,2) size 106x28
                          LayoutTableRow {TR} at (0,2) size 106x24
                            LayoutTableCell {TD} at (2,2) size 102x24 [border: (1px inset #808080)] [r=0 c=0 rs=1 cs=1]
                              LayoutText {#text} at (2,2) size 98x19
                                text run at (2,2) width 98: "applet was here"
                      LayoutBlockFlow {P} at (2,50) size 760x40
                        LayoutText {#text} at (0,0) size 725x39
                          text run at (0,0) width 423: "The Porto Elounda Mare is built on the sea front, on a 110,000 m2 "
                          text run at (422,0) width 303: "plot of land with a 150 meter long private sandy"
                          text run at (0,20) width 143: "beach. The view from "
                          text run at (143,20) width 381: "decorated with antique and contemporary furniture and rugs."
                  LayoutTableRow {TR} at (0,96) size 768x58
                    LayoutTableCell {TD} at (2,96) size 764x58 [border: (1px inset #808080)] [r=1 c=0 rs=1 cs=1]
                      LayoutTable {TABLE} at (2,2) size 760x54 [border: (1px outset #808080)]
                        LayoutTableSection {TBODY} at (1,1) size 758x52
                          LayoutTableRow {TR} at (0,0) size 758x52
                            LayoutTableCell {TD} at (0,10) size 305x32 [border: (1px inset #808080)] [r=0 c=0 rs=1 cs=1]
                              LayoutText {#text} at (6,6) size 293x19
                                text run at (6,6) width 136: "99 Rates in Drahmas "
                                text run at (142,6) width 123: "Per Person on H/B "
                                text run at (265,6) width 34: "Basis"
                            LayoutTableCell {TD} at (305,0) size 101x52 [border: (1px inset #808080)] [r=0 c=1 rs=1 cs=1]
                              LayoutText {#text} at (6,6) size 89x19
                                text run at (6,6) width 89: "27/03 - 30/04 "
                              LayoutBR {BR} at (95,21) size 0x0
                              LayoutText {#text} at (6,26) size 85x19
                                text run at (6,26) width 85: "16/10 - 31/10"
                            LayoutTableCell {TD} at (406,10) size 174x32 [border: (1px inset #808080)] [r=0 c=2 rs=1 cs=1]
                              LayoutText {#text} at (6,6) size 162x19
                                text run at (6,6) width 162: "01/5- 21/5 & 2/10 - 15/10"
                            LayoutTableCell {TD} at (580,0) size 89x52 [border: (1px inset #808080)] [r=0 c=3 rs=1 cs=1]
                              LayoutText {#text} at (6,6) size 77x19
                                text run at (6,6) width 77: "22/5 - 16/07"
                              LayoutBR {BR} at (83,21) size 0x0
                              LayoutText {#text} at (6,26) size 77x19
                                text run at (6,26) width 77: "28/8 - 01/10"
                            LayoutTableCell {TD} at (669,10) size 89x32 [border: (1px inset #808080)] [r=0 c=4 rs=1 cs=1]
                              LayoutText {#text} at (6,6) size 77x19
                                text run at (6,6) width 77: "17/07 - 27/8"
