layer at (0,0) size 800x600
  LayoutView at (0,0) size 800x600
layer at (0,0) size 800x600
  LayoutBlockFlow {HTML} at (0,0) size 800x600
    LayoutBlockFlow {BODY} at (8,8) size 784x576
      LayoutBlockFlow {FORM} at (0,0) size 784x90
        LayoutTable {TABLE} at (0,0) size 301x90 [border: (1px outset #808080)]
          LayoutTableSection {TBODY} at (1,1) size 299x88
            LayoutTableRow {TR} at (0,2) size 299x84
              LayoutTableCell {TD} at (2,2) size 295x84 [border: (1px inset #808080)] [r=0 c=0 rs=1 cs=1]
                LayoutTable {TABLE} at (2,2) size 291x80 [border: (2px outset #808080)]
                  LayoutTableSection {TBODY} at (2,2) size 287x76
                    LayoutTableRow {TR} at (0,2) size 287x44
                      LayoutTableCell {TD} at (2,2) size 81x44 [border: (1px inset #808080)] [r=0 c=0 rs=1 cs=1]
                        LayoutText {#text} at (2,2) size 56x39
                          text run at (2,2) width 53: "Member"
                          text run at (2,22) width 56: "Number:"
                      LayoutTableCell {TD} at (85,11) size 194x26 [border: (1px inset #808080)] [r=0 c=1 rs=1 cs=1]
                        LayoutTextControl {INPUT} at (2,2) size 154x22 [bgcolor=#FFFFFF] [border: (2px inset #EEEEEE)]
                        LayoutText {#text} at (0,0) size 0x0
                    LayoutTableRow {TR} at (0,48) size 287x26
                      LayoutTableCell {TD} at (2,49) size 81x24 [border: (1px inset #808080)] [r=1 c=0 rs=1 cs=1]
                        LayoutText {#text} at (2,2) size 30x19
                          text run at (2,2) width 30: "PIN:"
                      LayoutTableCell {TD} at (85,48) size 194x26 [border: (1px inset #808080)] [r=1 c=1 rs=1 cs=1]
                        LayoutTextControl {INPUT} at (2,2) size 154x22 [bgcolor=#FFFFFF] [border: (2px inset #EEEEEE)]
                        LayoutText {#text} at (0,0) size 0x0
                      LayoutTableCell {TD} at (281,59) size 4x4 [border: (1px inset #808080)] [r=1 c=2 rs=1 cs=1]
layer at (104,31) size 150x16
  LayoutBlockFlow {DIV} at (2,3) size 150x16
layer at (104,68) size 150x16
  LayoutBlockFlow {DIV} at (2,3) size 150x16
