layer at (0,0) size 800x600
  LayoutView at (0,0) size 800x600
layer at (0,0) size 800x600
  LayoutBlockFlow {HTML} at (0,0) size 800x600
    LayoutBlockFlow {BODY} at (8,8) size 784x576
      LayoutBlockFlow {H1} at (0,0) size 784x37
        LayoutText {#text} at (0,0) size 359x36
          text run at (0,0) width 359: "Meters with border values"
      LayoutBlockFlow {UL} at (0,58.44) size 784x300
        LayoutListItem {LI} at (40,0) size 744x20
          LayoutListMarker (anonymous) at (-18,0) size 7x19: bullet
          LayoutText {#text} at (0,0) size 165x19
            text run at (0,0) width 165: "min,low,optimal,high,max"
        LayoutListItem {LI} at (40,20) size 744x20
          LayoutListMarker (anonymous) at (-18,0) size 7x19: bullet
          LayoutInline {B} at (0,0) size 8x19
            LayoutText {#text} at (0,0) size 8x19
              text run at (0,0) width 8: "9"
          LayoutText {#text} at (8,0) size 107x19
            text run at (8,0) width 107: "|10,20,30,40,50: "
          LayoutBlockFlow {METER} at (115,2.19) size 80x16
            LayoutBlockFlow {DIV} at (0,0) size 80x16
              LayoutBlockFlow {DIV} at (0,0) size 80x16
                LayoutBlockFlow {DIV} at (0,0) size 0x16
        LayoutListItem {LI} at (40,40) size 744x20
          LayoutListMarker (anonymous) at (-18,0) size 7x19: bullet
          LayoutInline {B} at (0,0) size 16x19
            LayoutText {#text} at (0,0) size 16x19
              text run at (0,0) width 16: "10"
          LayoutText {#text} at (16,0) size 88x19
            text run at (16,0) width 88: ",20,30,40,50: "
          LayoutBlockFlow {METER} at (104,2.19) size 80x16
            LayoutBlockFlow {DIV} at (0,0) size 80x16
              LayoutBlockFlow {DIV} at (0,0) size 80x16
                LayoutBlockFlow {DIV} at (0,0) size 0x16
        LayoutListItem {LI} at (40,60) size 744x20
          LayoutListMarker (anonymous) at (-18,0) size 7x19: bullet
          LayoutText {#text} at (0,0) size 20x19
            text run at (0,0) width 20: "10,"
          LayoutInline {B} at (0,0) size 16x19
            LayoutText {#text} at (20,0) size 16x19
              text run at (20,0) width 16: "20"
          LayoutText {#text} at (36,0) size 68x19
            text run at (36,0) width 68: ",30,40,50: "
          LayoutBlockFlow {METER} at (104,2.19) size 80x16
            LayoutBlockFlow {DIV} at (0,0) size 80x16
              LayoutBlockFlow {DIV} at (0,0) size 80x16
                LayoutBlockFlow {DIV} at (0,0) size 20x16
          LayoutText {#text} at (184,0) size 110x19
            text run at (184,0) width 110: "(should be green)"
        LayoutListItem {LI} at (40,80) size 744x20
          LayoutListMarker (anonymous) at (-18,0) size 7x19: bullet
          LayoutText {#text} at (0,0) size 40x19
            text run at (0,0) width 40: "10,20,"
          LayoutInline {B} at (0,0) size 16x19
            LayoutText {#text} at (40,0) size 16x19
              text run at (40,0) width 16: "30"
          LayoutText {#text} at (56,0) size 48x19
            text run at (56,0) width 48: ",40,50: "
          LayoutBlockFlow {METER} at (104,2.19) size 80x16
            LayoutBlockFlow {DIV} at (0,0) size 80x16
              LayoutBlockFlow {DIV} at (0,0) size 80x16
                LayoutBlockFlow {DIV} at (0,0) size 40x16
          LayoutText {#text} at (184,0) size 110x19
            text run at (184,0) width 110: "(should be green)"
        LayoutListItem {LI} at (40,100) size 744x20
          LayoutListMarker (anonymous) at (-18,0) size 7x19: bullet
          LayoutText {#text} at (0,0) size 60x19
            text run at (0,0) width 60: "10,20,30,"
          LayoutInline {B} at (0,0) size 16x19
            LayoutText {#text} at (60,0) size 16x19
              text run at (60,0) width 16: "40"
          LayoutText {#text} at (76,0) size 28x19
            text run at (76,0) width 28: ",50: "
          LayoutBlockFlow {METER} at (104,2.19) size 80x16
            LayoutBlockFlow {DIV} at (0,0) size 80x16
              LayoutBlockFlow {DIV} at (0,0) size 80x16
                LayoutBlockFlow {DIV} at (0,0) size 60x16
          LayoutText {#text} at (184,0) size 110x19
            text run at (184,0) width 110: "(should be green)"
        LayoutListItem {LI} at (40,120) size 744x20
          LayoutListMarker (anonymous) at (-18,0) size 7x19: bullet
          LayoutText {#text} at (0,0) size 80x19
            text run at (0,0) width 80: "10,20,30,40,"
          LayoutInline {B} at (0,0) size 16x19
            LayoutText {#text} at (80,0) size 16x19
              text run at (80,0) width 16: "50"
          LayoutText {#text} at (96,0) size 8x19
            text run at (96,0) width 8: ": "
          LayoutBlockFlow {METER} at (104,2.19) size 80x16
            LayoutBlockFlow {DIV} at (0,0) size 80x16
              LayoutBlockFlow {DIV} at (0,0) size 80x16
                LayoutBlockFlow {DIV} at (0,0) size 80x16
          LayoutText {#text} at (184,0) size 118x19
            text run at (184,0) width 118: "(should be yellow)"
        LayoutListItem {LI} at (40,140) size 744x20
          LayoutListMarker (anonymous) at (-18,0) size 7x19: bullet
          LayoutText {#text} at (0,0) size 99x19
            text run at (0,0) width 99: "10,20,30,40,50|"
          LayoutInline {B} at (0,0) size 16x19
            LayoutText {#text} at (99,0) size 16x19
              text run at (99,0) width 16: "51"
          LayoutText {#text} at (115,0) size 8x19
            text run at (115,0) width 8: ": "
          LayoutBlockFlow {METER} at (123,2.19) size 80x16
            LayoutBlockFlow {DIV} at (0,0) size 80x16
              LayoutBlockFlow {DIV} at (0,0) size 80x16
                LayoutBlockFlow {DIV} at (0,0) size 80x16
          LayoutText {#text} at (203,0) size 118x19
            text run at (203,0) width 118: "(should be yellow)"
        LayoutListItem {LI} at (40,160) size 744x20
          LayoutListMarker (anonymous) at (-18,0) size 7x19: bullet
          LayoutText {#text} at (0,0) size 20x19
            text run at (0,0) width 20: "10,"
          LayoutInline {B} at (0,0) size 16x19
            LayoutText {#text} at (20,0) size 16x19
              text run at (20,0) width 16: "10"
          LayoutText {#text} at (36,0) size 68x19
            text run at (36,0) width 68: ",30,40,50: "
          LayoutBlockFlow {METER} at (104,2.19) size 80x16
            LayoutBlockFlow {DIV} at (0,0) size 80x16
              LayoutBlockFlow {DIV} at (0,0) size 80x16
                LayoutBlockFlow {DIV} at (0,0) size 0x16
        LayoutListItem {LI} at (40,180) size 744x20
          LayoutListMarker (anonymous) at (-18,0) size 7x19: bullet
          LayoutText {#text} at (0,0) size 60x19
            text run at (0,0) width 60: "10,20,30,"
          LayoutInline {B} at (0,0) size 16x19
            LayoutText {#text} at (60,0) size 16x19
              text run at (60,0) width 16: "40"
          LayoutText {#text} at (76,0) size 28x19
            text run at (76,0) width 28: ",40: "
          LayoutBlockFlow {METER} at (104,2.19) size 80x16
            LayoutBlockFlow {DIV} at (0,0) size 80x16
              LayoutBlockFlow {DIV} at (0,0) size 80x16
                LayoutBlockFlow {DIV} at (0,0) size 80x16
          LayoutText {#text} at (184,0) size 110x19
            text run at (184,0) width 110: "(should be green)"
        LayoutListItem {LI} at (40,200) size 744x20
          LayoutListMarker (anonymous) at (-18,0) size 7x19: bullet
          LayoutInline {B} at (0,0) size 8x19
            LayoutText {#text} at (0,0) size 8x19
              text run at (0,0) width 8: "9"
          LayoutText {#text} at (8,0) size 107x19
            text run at (8,0) width 107: "|10,10,10,20,30: "
          LayoutBlockFlow {METER} at (115,2.19) size 80x16
            LayoutBlockFlow {DIV} at (0,0) size 80x16
              LayoutBlockFlow {DIV} at (0,0) size 80x16
                LayoutBlockFlow {DIV} at (0,0) size 0x16
        LayoutListItem {LI} at (40,220) size 744x20
          LayoutListMarker (anonymous) at (-18,0) size 7x19: bullet
          LayoutText {#text} at (0,0) size 40x19
            text run at (0,0) width 40: "10,10,"
          LayoutInline {B} at (0,0) size 16x19
            LayoutText {#text} at (40,0) size 16x19
              text run at (40,0) width 16: "10"
          LayoutText {#text} at (56,0) size 48x19
            text run at (56,0) width 48: ",20,30: "
          LayoutBlockFlow {METER} at (104,2.19) size 80x16
            LayoutBlockFlow {DIV} at (0,0) size 80x16
              LayoutBlockFlow {DIV} at (0,0) size 80x16
                LayoutBlockFlow {DIV} at (0,0) size 0x16
        LayoutListItem {LI} at (40,240) size 744x20
          LayoutListMarker (anonymous) at (-18,0) size 7x19: bullet
          LayoutText {#text} at (0,0) size 40x19
            text run at (0,0) width 40: "10,20,"
          LayoutInline {B} at (0,0) size 16x19
            LayoutText {#text} at (40,0) size 16x19
              text run at (40,0) width 16: "30"
          LayoutText {#text} at (56,0) size 48x19
            text run at (56,0) width 48: ",30,30: "
          LayoutBlockFlow {METER} at (104,2.19) size 80x16
            LayoutBlockFlow {DIV} at (0,0) size 80x16
              LayoutBlockFlow {DIV} at (0,0) size 80x16
                LayoutBlockFlow {DIV} at (0,0) size 80x16
          LayoutText {#text} at (184,0) size 110x19
            text run at (184,0) width 110: "(should be green)"
        LayoutListItem {LI} at (40,260) size 744x20
          LayoutListMarker (anonymous) at (-18,0) size 7x19: bullet
          LayoutText {#text} at (0,0) size 99x19
            text run at (0,0) width 99: "10,20,30,30,30|"
          LayoutInline {B} at (0,0) size 16x19
            LayoutText {#text} at (99,0) size 16x19
              text run at (99,0) width 16: "31"
          LayoutText {#text} at (115,0) size 8x19
            text run at (115,0) width 8: ": "
          LayoutBlockFlow {METER} at (123,2.19) size 80x16
            LayoutBlockFlow {DIV} at (0,0) size 80x16
              LayoutBlockFlow {DIV} at (0,0) size 80x16
                LayoutBlockFlow {DIV} at (0,0) size 80x16
          LayoutText {#text} at (203,0) size 110x19
            text run at (203,0) width 110: "(should be green)"
        LayoutListItem {LI} at (40,280) size 744x20
          LayoutListMarker (anonymous) at (-18,0) size 7x19: bullet
          LayoutText {#text} at (0,0) size 40x19
            text run at (0,0) width 40: "10,20,"
          LayoutInline {B} at (0,0) size 16x19
            LayoutText {#text} at (40,0) size 16x19
              text run at (40,0) width 16: "20"
          LayoutText {#text} at (56,0) size 48x19
            text run at (56,0) width 48: ",20,30: "
          LayoutBlockFlow {METER} at (104,2.19) size 80x16
            LayoutBlockFlow {DIV} at (0,0) size 80x16
              LayoutBlockFlow {DIV} at (0,0) size 80x16
                LayoutBlockFlow {DIV} at (0,0) size 40x16
          LayoutText {#text} at (184,0) size 110x19
            text run at (184,0) width 110: "(should be green)"
