layer at (0,0) size 800x600
  LayoutView at (0,0) size 800x600
layer at (0,0) size 800x600
  LayoutBlockFlow {HTML} at (0,0) size 800x600
    LayoutBlockFlow {BODY} at (8,8) size 784x584
      LayoutText {#text} at (0,0) size 247x18
        text run at (0,0) width 247: "The two blue boxes should be aligned."
      LayoutBR {BR} at (246,14) size 1x0
      LayoutText {#text} at (0,18) size 240x18
        text run at (0,18) width 240: "The two red boxes should be aligned."
      LayoutBR {BR} at (239,32) size 1x0
      LayoutText {#text} at (0,36) size 344x18
        text run at (0,36) width 344: "The text in the blue boxes should be on the same line."
      LayoutBR {BR} at (343,50) size 1x0
      LayoutText {#text} at (0,54) size 337x18
        text run at (0,54) width 337: "The text in the red boxes should be on the same line."
      LayoutBR {BR} at (336,68) size 1x0
      LayoutText {#text} at (0,72) size 646x18
        text run at (0,72) width 646: "The top of the first red box should line up with the bottom of the second last line of the last blue box."
      LayoutBR {BR} at (645,86) size 1x0
      LayoutBlockFlow {P} at (0,90) size 68x76 [border: (2px solid #0000FF)]
        LayoutText {#text} at (2,2) size 64x18
          text run at (2,2) width 64: "All on the"
        LayoutBR {BR} at (65,16) size 1x0
        LayoutText {#text} at (2,20) size 64x18
          text run at (2,20) width 64: "All on the"
        LayoutBR {BR} at (65,34) size 1x0
        LayoutText {#text} at (2,38) size 64x18
          text run at (2,38) width 64: "All on the"
        LayoutBR {BR} at (65,52) size 1x0
        LayoutText {#text} at (2,56) size 64x18
          text run at (2,56) width 64: "All on the"
      LayoutText {#text} at (68,146) size 4x18
        text run at (68,146) width 4: " "
      LayoutBlockFlow {P} at (72,90) size 68.88x76 [border: (2px solid #0000FF)]
        LayoutBlockFlow {SPAN} at (2,2) size 64.88x72
          LayoutText {#text} at (0,0) size 65x18
            text run at (0,0) width 65: "same line."
          LayoutBR {BR} at (64,14) size 1x0
          LayoutText {#text} at (0,18) size 65x18
            text run at (0,18) width 65: "same line."
          LayoutBR {BR} at (64,32) size 1x0
          LayoutText {#text} at (0,36) size 65x18
            text run at (0,36) width 65: "same line."
          LayoutBR {BR} at (64,50) size 1x0
          LayoutText {#text} at (0,54) size 65x18
            text run at (0,54) width 65: "same line."
      LayoutText {#text} at (140,146) size 5x18
        text run at (140,146) width 5: " "
      LayoutTable {TABLE} at (144.88,140) size 68x76 [border: (2px solid #FF0000)]
        LayoutTableSection {TBODY} at (2,2) size 64x72
          LayoutTableRow {TR} at (0,0) size 64x18
            LayoutTableCell {TD} at (0,0) size 64x18 [r=0 c=0 rs=1 cs=1]
              LayoutText {#text} at (0,0) size 64x18
                text run at (0,0) width 64: "All on the"
          LayoutTableRow {TR} at (0,18) size 64x18
            LayoutTableCell {TD} at (0,18) size 64x18 [r=1 c=0 rs=1 cs=1]
              LayoutText {#text} at (0,0) size 64x18
                text run at (0,0) width 64: "All on the"
          LayoutTableRow {TR} at (0,36) size 64x18
            LayoutTableCell {TD} at (0,36) size 64x18 [r=2 c=0 rs=1 cs=1]
              LayoutText {#text} at (0,0) size 64x18
                text run at (0,0) width 64: "All on the"
          LayoutTableRow {TR} at (0,54) size 64x18
            LayoutTableCell {TD} at (0,54) size 64x18 [r=3 c=0 rs=1 cs=1]
              LayoutText {#text} at (0,0) size 64x18
                text run at (0,0) width 64: "All on the"
      LayoutText {#text} at (212,146) size 5x18
        text run at (212,146) width 5: " "
      LayoutTable {TABLE} at (216.88,140) size 73x76 [border: (2px solid #FF0000)]
        LayoutTableSection {TBODY} at (2,2) size 69x72
          LayoutTableRow {TR} at (0,0) size 69x18
            LayoutTableCell {TD} at (0,0) size 69x18 [r=0 c=0 rs=1 cs=1]
              LayoutText {#text} at (0,0) size 69x18
                text run at (0,0) width 69: "same line. "
          LayoutTableRow {TR} at (0,18) size 69x18
            LayoutTableCell {TD} at (0,18) size 69x18 [r=1 c=0 rs=1 cs=1]
              LayoutText {#text} at (0,0) size 69x18
                text run at (0,0) width 69: "same line. "
          LayoutTableRow {TR} at (0,36) size 69x18
            LayoutTableCell {TD} at (0,36) size 69x18 [r=2 c=0 rs=1 cs=1]
              LayoutText {#text} at (0,0) size 69x18
                text run at (0,0) width 69: "same line. "
          LayoutTableRow {TR} at (0,54) size 69x18
            LayoutTableCell {TD} at (0,54) size 69x18 [r=3 c=0 rs=1 cs=1]
              LayoutText {#text} at (0,0) size 65x18
                text run at (0,0) width 65: "same line."
      LayoutText {#text} at (0,0) size 0x0
