layer at (0,0) size 800x600
  LayoutView at (0,0) size 800x600
layer at (0,0) size 800x600
  LayoutBlockFlow {HTML} at (0,0) size 800x600
    LayoutBlockFlow {BODY} at (8,8) size 784x584
      LayoutBlockFlow {P} at (0,0) size 784x18
        LayoutText {#text} at (0,0) size 96x18
          text run at (0,0) width 96: "This test is for "
        LayoutInline {A} at (0,0) size 305x18 [color=#0000EE]
          LayoutText {#text} at (95,0) size 305x18
            text run at (95,0) width 305: "http://bugs.webkit.org/show_bug.cgi?id=14498"
        LayoutText {#text} at (399,0) size 5x18
          text run at (399,0) width 5: "."
      LayoutBlockFlow {P} at (0,34) size 784x18
        LayoutText {#text} at (0,0) size 410x18
          text run at (0,0) width 410: "Click inside the right border. The caret should move after \x{201C}bar\x{201D}."
      LayoutBlockFlow (anonymous) at (0,68) size 784x18
        LayoutInline {SPAN} at (0,0) size 66x38 [border: (10px solid #0000FF)]
          LayoutText {#text} at (0,0) size 0x0
          LayoutBlockFlow {DIV} at (10,0) size 21.33x18
            LayoutText {#text} at (0,0) size 22x18
              text run at (0,0) width 22: "foo"
          LayoutText {#text} at (31,0) size 5x18
            text run at (31,0) width 5: " "
          LayoutBlockFlow {DIV} at (35.33,0) size 20.44x18
            LayoutText {#text} at (0,0) size 21x18
              text run at (0,0) width 21: "bar"
          LayoutText {#text} at (0,0) size 0x0
        LayoutText {#text} at (0,0) size 0x0
caret: position 3 of child 0 {#text} of child 3 {DIV} of child 5 {SPAN} of body
