layer at (0,0) size 800x600
  LayoutView at (0,0) size 800x600
layer at (0,0) size 800x503
  LayoutBlockFlow {HTML} at (0,0) size 800x503.38
    LayoutBlockFlow {BODY} at (0,0) size 800x251.69
      LayoutBlockFlow (floating) {DIV} at (5,0) size 130.05x251.69
        LayoutBlockFlow {P} at (0,16) size 130.05x18
          LayoutText {#text} at (0,0) size 131x18
            text run at (0,0) width 131: "VerticalLR and LTR"
        LayoutBlockFlow {DIV} at (0,50) size 125x201.69 [bgcolor=#808080]
          LayoutBlockFlow {DIV} at (19,10) size 34x26.67 [border: (2px solid #000000) (5px solid #000000) (3px solid #000000) (4px solid #000000)]
            LayoutText {#text} at (12,8) size 14x9
              text run at (12,8) width 9: "A"
          LayoutBlockFlow {DIV} at (17,50.67) size 43x32.45 [border: (2px solid #000000) (5px solid #000000) (3px solid #000000) (4px solid #000000)]
            LayoutText {#text} at (12,8) size 23x15
              text run at (12,8) width 15: "A"
          LayoutBlockFlow {DIV} at (14,97.13) size 56x39.67 [border: (2px solid #000000) (5px solid #000000) (3px solid #000000) (4px solid #000000)]
            LayoutText {#text} at (12,8) size 36x22
              text run at (12,8) width 22: "A"
          LayoutBlockFlow {DIV} at (12,150.80) size 66x46.89 [border: (2px solid #000000) (5px solid #000000) (3px solid #000000) (4px solid #000000)]
            LayoutText {#text} at (12,8) size 46x29
              text run at (12,8) width 29: "A"
          LayoutText {#text} at (0,0) size 0x0
      LayoutBlockFlow (floating) {DIV} at (140.05,0) size 130.56x251.69
        LayoutBlockFlow {P} at (0,16) size 130.56x18
          LayoutText {#text} at (0,0) size 131x18
            text run at (0,0) width 131: "VerticalLR and RTL"
          LayoutBR {BR} at (130,0) size 1x18
        LayoutBlockFlow {DIV} at (0,50) size 125x201.69 [bgcolor=#808080]
          LayoutBlockFlow {DIV} at (19,171.02) size 34x26.67 [border: (2px solid #000000) (5px solid #000000) (3px solid #000000) (4px solid #000000)]
            LayoutText {#text} at (12,8) size 14x9
              text run at (12,8) width 9: "A"
          LayoutBlockFlow {DIV} at (17,124.56) size 43x32.45 [border: (2px solid #000000) (5px solid #000000) (3px solid #000000) (4px solid #000000)]
            LayoutText {#text} at (12,8) size 23x15
              text run at (12,8) width 15: "A"
          LayoutBlockFlow {DIV} at (14,70.89) size 56x39.67 [border: (2px solid #000000) (5px solid #000000) (3px solid #000000) (4px solid #000000)]
            LayoutText {#text} at (12,8) size 36x22
              text run at (12,8) width 22: "A"
          LayoutBlockFlow {DIV} at (12,10) size 66x46.89 [border: (2px solid #000000) (5px solid #000000) (3px solid #000000) (4px solid #000000)]
            LayoutText {#text} at (12,8) size 46x29
              text run at (12,8) width 29: "A"
          LayoutText {#text} at (0,0) size 0x0
      LayoutBlockFlow (floating) {DIV} at (275.61,0) size 175x251.69
        LayoutBlockFlow {P} at (0,16) size 175x18
          LayoutText {#text} at (0,0) size 131x18
            text run at (0,0) width 131: "VerticalLR and LTR"
        LayoutBlockFlow {DIV} at (0,50) size 175x201.69 [bgcolor=#808080]
          LayoutBlockFlow {DIV} at (12,10) size 56x26.67 [border: (2px solid #000000) (5px solid #000000) (3px solid #000000) (4px solid #000000)]
            LayoutText {#text} at (34,8) size 14x9
              text run at (34,8) width 9: "A"
          LayoutBlockFlow {DIV} at (32,50.67) size 43x32.45 [border: (2px solid #000000) (5px solid #000000) (3px solid #000000) (4px solid #000000)]
            LayoutText {#text} at (12,8) size 23x15
              text run at (12,8) width 15: "A"
          LayoutBlockFlow {DIV} at (29,97.13) size 83x39.67 [border: (2px solid #000000) (5px solid #000000) (3px solid #000000) (4px solid #000000)]
            LayoutText {#text} at (12,8) size 36x22
              text run at (12,8) width 22: "A"
          LayoutBlockFlow {DIV} at (27,150.80) size 66x46.89 [border: (2px solid #000000) (5px solid #000000) (3px solid #000000) (4px solid #000000)]
            LayoutText {#text} at (12,8) size 46x29
              text run at (12,8) width 29: "A"
          LayoutText {#text} at (0,0) size 0x0
      LayoutBlockFlow (floating) {DIV} at (455.61,0) size 175x251.69
        LayoutBlockFlow {P} at (0,16) size 175x18
          LayoutText {#text} at (0,0) size 131x18
            text run at (0,0) width 131: "VerticalLR and RTL"
        LayoutBlockFlow {DIV} at (0,50) size 175x201.69 [bgcolor=#808080]
          LayoutBlockFlow {DIV} at (12,171.02) size 56x26.67 [border: (2px solid #000000) (5px solid #000000) (3px solid #000000) (4px solid #000000)]
            LayoutText {#text} at (34,8) size 14x9
              text run at (34,8) width 9: "A"
          LayoutBlockFlow {DIV} at (32,124.56) size 43x32.45 [border: (2px solid #000000) (5px solid #000000) (3px solid #000000) (4px solid #000000)]
            LayoutText {#text} at (12,8) size 23x15
              text run at (12,8) width 15: "A"
          LayoutBlockFlow {DIV} at (29,70.89) size 83x39.67 [border: (2px solid #000000) (5px solid #000000) (3px solid #000000) (4px solid #000000)]
            LayoutText {#text} at (12,8) size 36x22
              text run at (12,8) width 22: "A"
          LayoutBlockFlow {DIV} at (27,10) size 66x46.89 [border: (2px solid #000000) (5px solid #000000) (3px solid #000000) (4px solid #000000)]
            LayoutText {#text} at (12,8) size 46x29
              text run at (12,8) width 29: "A"
          LayoutText {#text} at (0,0) size 0x0
      LayoutBR {BR} at (630,0) size 1x18
      LayoutBlockFlow (floating) {DIV} at (5,251.69) size 130.05x251.69
        LayoutBlockFlow {P} at (0,16) size 130.05x18
          LayoutText {#text} at (0,0) size 131x18
            text run at (0,0) width 131: "VerticalRL and LTR"
        LayoutBlockFlow {DIV} at (0,50) size 125x201.69 [bgcolor=#808080]
          LayoutBlockFlow {DIV} at (31,10) size 34x26.67 [border: (2px solid #000000) (5px solid #000000) (3px solid #000000) (4px solid #000000)]
            LayoutText {#text} at (8,8) size 14x9
              text run at (8,8) width 9: "A"
          LayoutBlockFlow {DIV} at (24,50.67) size 43x32.45 [border: (2px solid #000000) (5px solid #000000) (3px solid #000000) (4px solid #000000)]
            LayoutText {#text} at (8,8) size 23x15
              text run at (8,8) width 15: "A"
          LayoutBlockFlow {DIV} at (14,97.13) size 56x39.67 [border: (2px solid #000000) (5px solid #000000) (3px solid #000000) (4px solid #000000)]
            LayoutText {#text} at (8,8) size 36x22
              text run at (8,8) width 22: "A"
          LayoutBlockFlow {DIV} at (6,150.80) size 66x46.89 [border: (2px solid #000000) (5px solid #000000) (3px solid #000000) (4px solid #000000)]
            LayoutText {#text} at (8,8) size 46x29
              text run at (8,8) width 29: "A"
          LayoutText {#text} at (0,0) size 0x0
      LayoutText {#text} at (0,0) size 0x0
      LayoutBlockFlow (floating) {DIV} at (140.05,251.69) size 130.56x251.69
        LayoutBlockFlow {P} at (0,16) size 130.56x18
          LayoutText {#text} at (0,0) size 131x18
            text run at (0,0) width 131: "VerticalRL and RTL"
        LayoutBlockFlow {DIV} at (0,50) size 125x201.69 [bgcolor=#808080]
          LayoutBlockFlow {DIV} at (31,171.02) size 34x26.67 [border: (2px solid #000000) (5px solid #000000) (3px solid #000000) (4px solid #000000)]
            LayoutText {#text} at (8,8) size 14x9
              text run at (8,8) width 9: "A"
          LayoutBlockFlow {DIV} at (24,124.56) size 43x32.45 [border: (2px solid #000000) (5px solid #000000) (3px solid #000000) (4px solid #000000)]
            LayoutText {#text} at (8,8) size 23x15
              text run at (8,8) width 15: "A"
          LayoutBlockFlow {DIV} at (14,70.89) size 56x39.67 [border: (2px solid #000000) (5px solid #000000) (3px solid #000000) (4px solid #000000)]
            LayoutText {#text} at (8,8) size 36x22
              text run at (8,8) width 22: "A"
          LayoutBlockFlow {DIV} at (6,10) size 66x46.89 [border: (2px solid #000000) (5px solid #000000) (3px solid #000000) (4px solid #000000)]
            LayoutText {#text} at (8,8) size 46x29
              text run at (8,8) width 29: "A"
          LayoutText {#text} at (0,0) size 0x0
      LayoutText {#text} at (0,0) size 0x0
      LayoutBlockFlow (floating) {DIV} at (275.61,251.69) size 175x251.69
        LayoutBlockFlow {P} at (0,16) size 175x18
          LayoutText {#text} at (0,0) size 131x18
            text run at (0,0) width 131: "VerticalRL and LTR"
        LayoutBlockFlow {DIV} at (0,50) size 175x201.69 [bgcolor=#808080]
          LayoutBlockFlow {DIV} at (50,10) size 56x26.67 [border: (2px solid #000000) (5px solid #000000) (3px solid #000000) (4px solid #000000)]
            LayoutText {#text} at (8,8) size 14x9
              text run at (8,8) width 9: "A"
          LayoutBlockFlow {DIV} at (43,50.67) size 43x32.45 [border: (2px solid #000000) (5px solid #000000) (3px solid #000000) (4px solid #000000)]
            LayoutText {#text} at (8,8) size 23x15
              text run at (8,8) width 15: "A"
          LayoutBlockFlow {DIV} at (6,97.13) size 83x39.67 [border: (2px solid #000000) (5px solid #000000) (3px solid #000000) (4px solid #000000)]
            LayoutText {#text} at (35,8) size 36x22
              text run at (35,8) width 22: "A"
          LayoutBlockFlow {DIV} at (25,150.80) size 66x46.89 [border: (2px solid #000000) (5px solid #000000) (3px solid #000000) (4px solid #000000)]
            LayoutText {#text} at (8,8) size 46x29
              text run at (8,8) width 29: "A"
          LayoutText {#text} at (0,0) size 0x0
      LayoutText {#text} at (0,0) size 0x0
      LayoutBlockFlow (floating) {DIV} at (455.61,251.69) size 175x251.69
        LayoutBlockFlow {P} at (0,16) size 175x18
          LayoutText {#text} at (0,0) size 131x18
            text run at (0,0) width 131: "VerticalRL and RTL"
        LayoutBlockFlow {DIV} at (0,50) size 175x201.69 [bgcolor=#808080]
          LayoutBlockFlow {DIV} at (50,171.02) size 56x26.67 [border: (2px solid #000000) (5px solid #000000) (3px solid #000000) (4px solid #000000)]
            LayoutText {#text} at (8,8) size 14x9
              text run at (8,8) width 9: "A"
          LayoutBlockFlow {DIV} at (43,124.56) size 43x32.45 [border: (2px solid #000000) (5px solid #000000) (3px solid #000000) (4px solid #000000)]
            LayoutText {#text} at (8,8) size 23x15
              text run at (8,8) width 15: "A"
          LayoutBlockFlow {DIV} at (6,70.89) size 83x39.67 [border: (2px solid #000000) (5px solid #000000) (3px solid #000000) (4px solid #000000)]
            LayoutText {#text} at (35,8) size 36x22
              text run at (35,8) width 22: "A"
          LayoutBlockFlow {DIV} at (25,10) size 66x46.89 [border: (2px solid #000000) (5px solid #000000) (3px solid #000000) (4px solid #000000)]
            LayoutText {#text} at (8,8) size 46x29
              text run at (8,8) width 29: "A"
          LayoutText {#text} at (0,0) size 0x0
      LayoutText {#text} at (0,0) size 0x0
