layer at (0,0) size 800x600
  LayoutView at (0,0) size 800x600
layer at (0,0) size 800x600
  LayoutBlockFlow {HTML} at (0,0) size 800x600
    LayoutBlockFlow {BODY} at (8,8) size 784x584
      LayoutBlockFlow {DIV} at (0,0) size 784x56
        LayoutText {#text} at (0,0) size 27x18
          text run at (0,0) width 27: "One"
        LayoutBR {BR} at (26,14) size 1x0
        LayoutImage {IMG} at (0,32) size 11x11 [border: (1px dotted #FF0000)]
        LayoutText {#text} at (11,27) size 4x18
          text run at (11,27) width 4: " "
        LayoutBlockFlow {DIV} at (15,18) size 102x38 [border: (1px dotted #FF0000)]
          LayoutImage {IMG} at (1,1) size 1000x0
          LayoutText {#text} at (18,1) size 66x36
            text run at (18,1) width 66: "Text Goes"
            text run at (35,19) width 32: "Here"
        LayoutText {#text} at (0,0) size 0x0
