layer at (0,0) size 800x600
  LayoutView at (0,0) size 800x600
layer at (0,0) size 800x600
  LayoutBlockFlow {HTML} at (0,0) size 800x600
    LayoutBlockFlow {BODY} at (8,8) size 784x584
      LayoutBlockFlow {P} at (0,0) size 784x36
        LayoutText {#text} at (0,0) size 108x18
          text run at (0,0) width 108: "This is a test for "
        LayoutInline {I} at (0,0) size 764x36
          LayoutInline {A} at (0,0) size 352x18 [color=#0000EE]
            LayoutText {#text} at (107,0) size 352x18
              text run at (107,0) width 352: "http://bugzilla.opendarwin.org/show_bug.cgi?id=8118"
          LayoutText {#text} at (458,0) size 764x36
            text run at (458,0) width 306: " REGRESSION (r13595): Inline block's clipped"
            text run at (0,18) width 228: "overflow increases table row height"
        LayoutText {#text} at (227,18) size 5x18
          text run at (227,18) width 5: "."
      LayoutBlockFlow {P} at (0,52) size 784x18
        LayoutText {#text} at (0,0) size 269x18
          text run at (0,0) width 269: "You should see a green square and no red."
      LayoutTable {TABLE} at (0,86) size 100x100 [bgcolor=#FF0000]
        LayoutTableSection {TBODY} at (0,0) size 100x100
          LayoutTableRow {TR} at (0,0) size 100x100
            LayoutTableCell {TD} at (0,0) size 100x100 [r=0 c=0 rs=1 cs=1]
              LayoutText {#text} at (0,0) size 0x0
layer at (8,94) size 100x100 scrollHeight 200
  LayoutBlockFlow {DIV} at (0,0) size 100x100
    LayoutBlockFlow {DIV} at (0,0) size 100x200 [bgcolor=#008000]
