layer at (0,0) size 800x600
  LayoutView at (0,0) size 800x600
layer at (0,0) size 800x300
  LayoutBlockFlow {HTML} at (0,0) size 800x300
    LayoutBlockFlow {BODY} at (8,16) size 784x276
      LayoutBlockFlow {P} at (0,0) size 784x20
        LayoutText {#text} at (0,0) size 155x19
          text run at (0,0) width 155: "Deeply nested reflections."
layer at (10,52) size 234x240
  LayoutBlockFlow {DIV} at (2,36) size 234x240 [border: (1px solid #000000)]
layer at (13,55) size 228x234
  LayoutBlockFlow {DIV} at (3,3) size 228x234 [border: (1px solid #FFA500)]
layer at (16,58) size 222x112
  LayoutBlockFlow {DIV} at (3,3) size 222x112 [border: (1px solid #0000FF)]
layer at (19,61) size 106x106
  LayoutBlockFlow {DIV} at (3,3) size 106x106 [border: (1px solid #FF0000)]
layer at (22,64) size 100x100
  LayoutBlockFlow {DIV} at (3,3) size 100x100 [bgcolor=#008000] [border: (1px solid #000000)]
    LayoutText {#text} at (28,2) size 44x73
      text run at (28,2) width 44: "C"
