layer at (0,0) size 800x600
  LayoutView at (0,0) size 800x600
layer at (0,0) size 800x276
  LayoutBlockFlow {HTML} at (0,0) size 800x276
    LayoutBlockFlow {BODY} at (8,16) size 784x140
      LayoutBlockFlow {P} at (0,0) size 784x20
        LayoutText {#text} at (0,0) size 258x19
          text run at (0,0) width 258: "Reflection should be masked with gradient."
layer at (28,56) size 100x100
  LayoutBlockFlow {DIV} at (20,40) size 100x100 [bgcolor=#008000]
