layer at (0,0) size 800x600
  LayoutView at (0,0) size 800x600
layer at (0,0) size 800x308
  LayoutBlockFlow {HTML} at (0,0) size 800x308
    LayoutBlockFlow {BODY} at (8,16) size 784x272
      LayoutBlockFlow {P} at (0,0) size 784x20
        LayoutText {#text} at (0,0) size 340x19
          text run at (0,0) width 340: "The four green squares should all have the mask applied."
layer at (28,56) size 122x232
  LayoutBlockFlow {DIV} at (20,40) size 122x232 [border: (1px solid #000000)]
layer at (39,67) size 100x100 transparent
  LayoutBlockFlow {DIV} at (11,11) size 100x100 [bgcolor=#008000]
    LayoutText {#text} at (33,1) size 34x76
      text run at (33,1) width 34: "1"
