layer at (0,0) size 800x600
  LayoutView at (0,0) size 800x600
layer at (0,0) size 800x460
  LayoutBlockFlow {HTML} at (0,0) size 800x460
    LayoutBlockFlow {BODY} at (8,20) size 784x320
layer at (28,20) size 200x100
  LayoutBlockFlow {DIV} at (20,0) size 200x100 [bgcolor=#808080]
    LayoutText {#text} at (0,0) size 105x19
      text run at (0,0) width 105: "Here is some text"
layer at (8,240) size 784x100
  LayoutBlockFlow {DIV} at (0,220) size 784x100
layer at (28,240) size 200x100
  LayoutBlockFlow {DIV} at (20,0) size 200x100 [bgcolor=#808080]
    LayoutText {#text} at (0,0) size 105x19
      text run at (0,0) width 105: "Here is some text"
