layer at (0,0) size 800x600
  LayoutView at (0,0) size 800x600
layer at (0,0) size 800x180
  LayoutBlockFlow {HTML} at (0,0) size 800x180
    LayoutBlockFlow {BODY} at (8,16) size 784x156
      LayoutBlockFlow {P} at (0,0) size 784x40
        LayoutText {#text} at (0,0) size 739x39
          text run at (0,0) width 739: "Opacity should be applied after reflection, so you should see a green rectangle below. The overlap between the original and"
          text run at (0,20) width 185: "reflection should not be visible."
layer at (8,72) size 150x100 transparent
  LayoutBlockFlow (relative positioned) {DIV} at (0,56) size 150x100 [bgcolor=#008000]
