layer at (0,0) size 800x600
  LayoutView at (0,0) size 800x600
layer at (0,0) size 800x600
  LayoutBlockFlow {HTML} at (0,0) size 800x600
    LayoutBlockFlow {BODY} at (8,8) size 776x584
      LayoutBlockFlow {P} at (0,0) size 80x584
        LayoutText {#text} at (0,0) size 79x577
          text run at (0,0) width 544: "In this test, you should see three blocks that are centered vertically within a black box. "
          text run at (0,544) width 33: "They"
          text run at (20,0) width 498: "should be stacked horizontally with the green box in between two olive boxes. "
          text run at (20,498) width 60: "The olive"
          text run at (40,0) width 563: "boxes and the green box should be 100x100, and there should be 50 pixels of padding on"
          text run at (60,0) width 172: "either side of the box stack."
layer at (104,8) size 340x240
  LayoutBlockFlow (positioned) {DIV} at (104,8) size 340x240 [border: (20px solid #000000)]
    LayoutBlockFlow {DIV} at (70,70) size 0x50
layer at (224,78) size 100x100
  LayoutBlockFlow (positioned) {SPAN} at (120,70) size 100x100 [bgcolor=#008000]
layer at (124,78) size 100x100
  LayoutBlockFlow (positioned) {DIV} at (20,70) size 100x100 [bgcolor=#808000]
layer at (324,78) size 100x100
  LayoutBlockFlow (positioned) {DIV} at (220,70) size 100x100 [bgcolor=#808000]
