layer at (0,0) size 800x600
  LayoutView at (0,0) size 800x600
layer at (0,0) size 800x600
  LayoutBlockFlow {HTML} at (0,0) size 800x600
    LayoutBlockFlow {BODY} at (8,8) size 784x584
      LayoutText {#text} at (0,0) size 99x577
        text run at (0,0) width 558: "In this test, you should see three blocks that are aligned to the bottom within a black box."
        text run at (20,0) width 535: "They should be stacked horizontally with the green box in between two olive boxes. "
        text run at (20,535) width 25: "The"
        text run at (40,0) width 322: "olive boxes and the green box should be 100x100. "
        text run at (40,322) width 218: "The black box's left side should be"
        text run at (60,0) width 577: "aligned with the last line in this paragraph and its top side should begin right after the end of"
        text run at (80,0) width 84: "this sentence."
      LayoutText {#text} at (0,0) size 0x0
layer at (88,92) size 340x240
  LayoutBlockFlow (positioned) {SPAN} at (88,92) size 340x240 [border: (20px solid #000000)]
layer at (208,212) size 100x100
  LayoutBlockFlow (positioned) {DIV} at (120,120) size 100x100 [bgcolor=#008000]
layer at (108,212) size 100x100
  LayoutBlockFlow (positioned) {DIV} at (20,120) size 100x100 [bgcolor=#808000]
layer at (308,212) size 100x100
  LayoutBlockFlow (positioned) {DIV} at (220,120) size 100x100 [bgcolor=#808000]
