layer at (0,0) size 800x600
  LayoutView at (0,0) size 800x600
layer at (0,0) size 800x196
  LayoutNGBlockFlow {html} at (0,0) size 800x196
    LayoutNGBlockFlow {body} at (8,16) size 784x164
      LayoutNGBlockFlow {div} at (0,0) size 784x164
        LayoutNGBlockFlow {p} at (0,0) size 784x20 [bgcolor=#00FF00]
          LayoutText {#text} at (0,0) size 264x19
            text run at (0,0) width 264: "This line should have a green background"
        LayoutNGBlockFlow {p} at (0,36) size 784x20 [bgcolor=#00FF00]
          LayoutText {#text} at (0,0) size 264x19
            text run at (0,0) width 264: "This line should have a green background"
        LayoutNGBlockFlow {q} at (0,72) size 784x20 [bgcolor=#00FF00]
          LayoutText {#text} at (0,0) size 264x19
            text run at (0,0) width 264: "This line should have a green background"
        LayoutNGBlockFlow {p} at (0,108) size 784x20 [bgcolor=#00FF00]
          LayoutText {#text} at (0,0) size 264x19
            text run at (0,0) width 264: "This line should have a green background"
        LayoutNGBlockFlow {foo} at (0,144) size 784x20 [bgcolor=#00FF00]
          LayoutText {#text} at (0,0) size 264x19
            text run at (0,0) width 264: "This line should have a green background"
