layer at (0,0) size 800x600
  LayoutView at (0,0) size 800x600
layer at (0,0) size 800x160
  LayoutNGBlockFlow {html} at (0,0) size 800x160
    LayoutNGBlockFlow {body} at (8,16) size 784x128
      LayoutNGBlockFlow {div} at (0,0) size 784x128
        LayoutNGBlockFlow {p} at (0,0) size 784x20 [bgcolor=#00FF00]
          LayoutText {#text} at (0,0) size 304x19
            text run at (0,0) width 304: "This paragraph should have a green background"
        LayoutNGBlockFlow {p} at (0,36) size 784x20 [bgcolor=#00FF00]
          LayoutText {#text} at (0,0) size 304x19
            text run at (0,0) width 304: "This paragraph should have a green background"
        LayoutNGBlockFlow {l} at (0,72) size 784x20 [bgcolor=#00FF00]
          LayoutInline {p} at (0,0) size 304x19
            LayoutText {#text} at (0,0) size 304x19
              text run at (0,0) width 304: "This paragraph should have a green background"
          LayoutText {#text} at (0,0) size 0x0
        LayoutNGBlockFlow {p} at (0,108) size 784x20 [bgcolor=#00FF00]
          LayoutText {#text} at (0,0) size 304x19
            text run at (0,0) width 304: "This paragraph should have a green background"
