layer at (0,0) size 800x600
  LayoutView at (0,0) size 800x600
layer at (0,0) size 800x184
  LayoutNGBlockFlow {html} at (0,0) size 800x184
    LayoutNGBlockFlow {body} at (8,16) size 784x152
      LayoutNGBlockFlow {p} at (0,0) size 784x40
        LayoutText {#text} at (0,0) size 755x19
          text run at (0,0) width 755: "This paragraph should be unstyled. The background of the following paragraph should become green when you follow "
        LayoutInline {a} at (0,0) size 777x39 [color=#0000EE]
          LayoutText {#text} at (754,0) size 777x39
            text run at (754,0) width 23: "this"
            text run at (0,20) width 24: "link"
        LayoutText {#text} at (24,20) size 4x19
          text run at (24,20) width 4: "."
      LayoutNGBlockFlow {p} at (0,56) size 784x40
        LayoutText {#text} at (0,0) size 739x19
          text run at (0,0) width 739: "This paragraph should initially be unstyled. It should become green when you select the link above. When you select "
        LayoutInline {a} at (0,0) size 761x39 [color=#0000EE]
          LayoutText {#text} at (738,0) size 761x39
            text run at (738,0) width 23: "this"
            text run at (0,20) width 24: "link"
        LayoutText {#text} at (24,20) size 636x19
          text run at (24,20) width 636: ", it should return to being unstyled and the background of the paragraph below should become green."
      LayoutNGBlockFlow {p} at (0,112) size 784x40
        LayoutText {#text} at (0,0) size 745x19
          text run at (0,0) width 745: "This paragraph should initially be unstyled. It should become green when you select the link above. When you follow "
        LayoutInline {a} at (0,0) size 767x39 [color=#0000EE]
          LayoutText {#text} at (744,0) size 767x39
            text run at (744,0) width 23: "this"
            text run at (0,20) width 24: "link"
        LayoutText {#text} at (24,20) size 357x19
          text run at (24,20) width 357: ", the three paragraphs should all return to being unstyled."
