layer at (0,0) size 800x600
  LayoutView at (0,0) size 800x600
layer at (0,0) size 800x72
  LayoutNGBlockFlow {html} at (0,0) size 800x72
    LayoutNGBlockFlow {body} at (8,16) size 784x40
      LayoutNGBlockFlow {p} at (0,0) size 784x40 [color=#008000]
        LayoutBR {br} at (0,0) size 0x19
        LayoutText {#text} at (0,20) size 163x19
          text run at (0,20) width 163: "This line should be green."
