layer at (0,0) size 800x600
  LayoutView at (0,0) size 800x600
layer at (0,0) size 800x124
  LayoutNGBlockFlow {html} at (0,0) size 800x124
    LayoutNGBlockFlow {body} at (8,16) size 784x92
      LayoutNGBlockFlow {div} at (0,0) size 784x92
        LayoutNGBlockFlow {p} at (0,0) size 784x20 [bgcolor=#008000]
          LayoutText {#text} at (0,0) size 552x19
            text run at (0,0) width 552: "This paragraph should have a green background because the enclosing div is in english."
        LayoutNGBlockFlow {p} at (0,36) size 784x20 [bgcolor=#008000]
          LayoutText {#text} at (0,0) size 453x19
            text run at (0,0) width 453: "This paragraph should have a green background because it is in english."
        LayoutNGBlockFlow {div} at (0,72) size 784x20 [bgcolor=#FF0000]
          LayoutNGBlockFlow {p} at (0,0) size 784x20 [bgcolor=#008000]
            LayoutText {#text} at (0,0) size 453x19
              text run at (0,0) width 453: "This paragraph should have a green background because it is in english."
