layer at (0,0) size 800x600
  LayoutView at (0,0) size 800x600
layer at (0,0) size 800x144
  LayoutNGBlockFlow {html} at (0,0) size 800x144
    LayoutNGBlockFlow {body} at (8,8) size 784x128
      LayoutNGBlockFlow {div} at (0,0) size 784x128
        LayoutNGBlockFlow {address} at (16,0) size 768x20 [bgcolor=#00FF00]
          LayoutText {#text} at (0,0) size 329x19
            text run at (0,0) width 329: "A first address that should have a green background"
        LayoutNGBlockFlow {address} at (16,36) size 768x20 [bgcolor=#00FF00]
          LayoutText {#text} at (0,0) size 349x19
            text run at (0,0) width 349: "A second address that should have a green background"
        LayoutNGBlockFlow {address} at (16,72) size 768x20
          LayoutText {#text} at (0,0) size 256x19
            text run at (0,0) width 256: "A third address with normal background"
        LayoutNGBlockFlow (anonymous) at (0,108) size 784x20
          LayoutText {#text} at (0,0) size 289x19
            text run at (0,0) width 289: "This div should have three addresses above it."
