layer at (0,0) size 800x600
  LayoutView at (0,0) size 800x600
layer at (0,0) size 800x184
  LayoutNGBlockFlow {html} at (0,0) size 800x184
    LayoutNGBlockFlow {body} at (8,16) size 784x152
      LayoutNGBlockFlow {p} at (0,0) size 784x40 [bgcolor=#FFFFFF]
        LayoutText {#text} at (0,0) size 747x19
          text run at (0,0) width 747: "This paragraph should be unstyled. The background of the following paragraph should become blue when you follow "
        LayoutInline {a} at (0,0) size 769x39 [color=#0000EE]
          LayoutText {#text} at (746,0) size 769x39
            text run at (746,0) width 23: "this"
            text run at (0,20) width 24: "link"
        LayoutText {#text} at (24,20) size 4x19
          text run at (24,20) width 4: "."
      LayoutNGBlockFlow {p} at (0,56) size 784x40 [bgcolor=#FFFFFF]
        LayoutText {#text} at (0,0) size 731x19
          text run at (0,0) width 731: "This paragraph should initially be unstyled. It should become blue when you select the link above. When you select "
        LayoutInline {a} at (0,0) size 753x39 [color=#0000EE]
          LayoutText {#text} at (730,0) size 753x39
            text run at (730,0) width 23: "this"
            text run at (0,20) width 24: "link"
        LayoutText {#text} at (24,20) size 628x19
          text run at (24,20) width 628: ", it should return to being unstyled and the background of the paragraph below should become blue."
      LayoutNGBlockFlow {p} at (0,112) size 784x40 [bgcolor=#FFFFFF]
        LayoutText {#text} at (0,0) size 737x19
          text run at (0,0) width 737: "This paragraph should initially be unstyled. It should become blue when you select the link above. When you follow "
        LayoutInline {a} at (0,0) size 759x39 [color=#0000EE]
          LayoutText {#text} at (736,0) size 759x39
            text run at (736,0) width 23: "this"
            text run at (0,20) width 24: "link"
        LayoutText {#text} at (24,20) size 357x19
          text run at (24,20) width 357: ", the three paragraphs should all return to being unstyled."
