layer at (0,0) size 800x600
  LayoutView at (0,0) size 800x600
layer at (0,0) size 800x136
  LayoutNGBlockFlow {html} at (0,0) size 800x136
    LayoutNGBlockFlow {body} at (8,8) size 784x112
      LayoutNGBlockFlow {div} at (0,0) size 784x112
        LayoutNGBlockFlow (anonymous) at (0,0) size 784x20
          LayoutText {#text} at (0,0) size 192x19
            text run at (0,0) width 192: "This div contains 3 addresses :"
        LayoutNGBlockFlow {address} at (16,20) size 768x20
          LayoutText {#text} at (0,0) size 252x19
            text run at (0,0) width 252: "A first address with normal background"
        LayoutNGBlockFlow {address} at (16,56) size 768x20 [bgcolor=#00FF00]
          LayoutText {#text} at (0,0) size 351x19
            text run at (0,0) width 351: "A second address that should have a green background"
        LayoutNGBlockFlow {address} at (16,92) size 768x20 [bgcolor=#00FF00]
          LayoutText {#text} at (0,0) size 337x19
            text run at (0,0) width 337: "A third address that should have a green background"
