layer at (0,0) size 800x600
  LayoutView at (0,0) size 800x600
layer at (0,0) size 800x52
  LayoutNGBlockFlow {html} at (0,0) size 800x52
    LayoutNGBlockFlow {body} at (8,16) size 784x20
      LayoutNGBlockFlow {p} at (0,0) size 784x20
        LayoutText {#text} at (0,0) size 161x19
          text run at (0,0) width 161: "The background color of "
        LayoutInline {a} at (0,0) size 66x19 [color=#0000EE]
          LayoutText {#text} at (161,0) size 66x19
            text run at (161,0) width 66: "the anchor"
        LayoutText {#text} at (227,0) size 542x19
          text run at (227,0) width 542: " should turn to green when it is activated and come back to normal when it is released."
