layer at (0,0) size 800x600
  LayoutView at (0,0) size 800x600
layer at (0,0) size 800x92
  LayoutNGBlockFlow {html} at (0,0) size 800x92
    LayoutNGBlockFlow {body} at (8,16) size 784x60
      LayoutNGBlockFlow {ul} at (0,0) size 784x60
        LayoutNGListItem {li} at (40,0) size 744x20 [bgcolor=#00FF00]
          LayoutNGListMarker (anonymous) at (-18,0) size 10x20
            LayoutText (anonymous) at (0,0) size 10x19
              text run at (0,0) width 10: "\x{2022} "
          LayoutText {#text} at (0,0) size 429x19
            text run at (0,0) width 429: "This list item should have green background because its class is \"t1\""
        LayoutNGListItem {li} at (40,20) size 744x20 [bgcolor=#00FF00]
          LayoutNGListMarker (anonymous) at (-18,0) size 10x20
            LayoutText (anonymous) at (0,0) size 10x19
              text run at (0,0) width 10: "\x{2022} "
          LayoutText {#text} at (0,0) size 429x19
            text run at (0,0) width 429: "This list item should have green background because its class is \"t2\""
        LayoutNGListItem {li} at (40,40) size 744x20 [bgcolor=#00FF00]
          LayoutNGListMarker (anonymous) at (-18,0) size 10x20
            LayoutText (anonymous) at (0,0) size 10x19
              text run at (0,0) width 10: "\x{2022} "
          LayoutInline {span} at (0,0) size 597x19
            LayoutText {#text} at (0,0) size 597x19
              text run at (0,0) width 597: "This list item should have green background because the inner SPAN does not match SPAN.t3"
          LayoutText {#text} at (0,0) size 0x0
