layer at (0,0) size 800x600
  LayoutView at (0,0) size 800x600
layer at (0,0) size 800x144
  LayoutNGBlockFlow {html} at (0,0) size 800x144
    LayoutNGBlockFlow {body} at (8,16) size 784x112
      LayoutNGBlockFlow {p} at (0,0) size 784x20 [color=#000080]
        LayoutText {#text} at (0,0) size 161x19
          text run at (0,0) width 161: "The background color of "
        LayoutInline {a} at (0,0) size 113x19 [color=#0000EE]
          LayoutText {#text} at (161,0) size 78x19
            text run at (161,0) width 78: "this anchor ("
          LayoutInline {strong} at (0,0) size 30x19
            LayoutText {#text} at (239,0) size 30x19
              text run at (239,0) width 30: "here"
          LayoutText {#text} at (268,0) size 6x19
            text run at (268,0) width 6: ")"
        LayoutText {#text} at (273,0) size 388x19
          text run at (273,0) width 388: " should turn to green when the pointing device hovers over it."
      LayoutNGBlockFlow {p} at (0,36) size 784x20 [color=#000080]
        LayoutText {#text} at (0,0) size 161x19
          text run at (0,0) width 161: "The background color of "
        LayoutInline {a} at (0,0) size 113x19 [color=#FFFFFF] [bgcolor=#008000]
          LayoutText {#text} at (161,0) size 78x19
            text run at (161,0) width 78: "this anchor ("
          LayoutInline {strong} at (0,0) size 30x19
            LayoutText {#text} at (239,0) size 30x19
              text run at (239,0) width 30: "here"
          LayoutText {#text} at (268,0) size 6x19
            text run at (268,0) width 6: ")"
        LayoutText {#text} at (273,0) size 51x19
          text run at (273,0) width 51: " should "
        LayoutInline {strong} at (0,0) size 216x19
          LayoutText {#text} at (323,0) size 216x19
            text run at (323,0) width 216: "remain green when you hover it"
        LayoutText {#text} at (538,0) size 5x19
          text run at (538,0) width 5: "."
      LayoutNGBlockFlow {p} at (0,72) size 784x40 [color=#000080]
        LayoutText {#text} at (0,0) size 161x19
          text run at (0,0) width 161: "The background color of "
        LayoutInline {a} at (0,0) size 113x19 [color=#FFFFFF] [bgcolor=#008000]
          LayoutText {#text} at (161,0) size 78x19
            text run at (161,0) width 78: "this anchor ("
          LayoutInline {strong} at (0,0) size 30x19
            LayoutText {#text} at (239,0) size 30x19
              text run at (239,0) width 30: "here"
          LayoutText {#text} at (268,0) size 6x19
            text run at (268,0) width 6: ")"
        LayoutText {#text} at (273,0) size 51x19
          text run at (273,0) width 51: " should "
        LayoutInline {strong} at (0,0) size 358x19
          LayoutText {#text} at (323,0) size 358x19
            text run at (323,0) width 358: "remain green when the pointing device hovers over it"
        LayoutText {#text} at (680,0) size 775x39
          text run at (680,0) width 95: " (do not follow"
          text run at (0,20) width 60: "that link)."
