CONSOLE ERROR: line 16: Uncaught IndexSizeError: Failed to execute 'insertRow' on 'HTMLTableElement': The index provided (100) is greater than the number of rows in the table (6).
layer at (0,0) size 800x600
  LayoutView at (0,0) size 800x600
layer at (0,0) size 800x600
  LayoutBlockFlow {HTML} at (0,0) size 800x600
    LayoutBlockFlow {BODY} at (8,8) size 784x584
      LayoutBlockFlow {P} at (0,0) size 784x20
        LayoutText {#text} at (0,0) size 762x19
          text run at (0,0) width 762: "You should see a table with 6 rows, labeled \"Row_0\", \"Row_1\", \"Row_2\", \"Row_3\", \"Row_4\", \"Row_5\", from top to bottom."
      LayoutTable {TABLE} at (0,36) size 55x160 [border: (1px outset #808080)]
        LayoutTableSection {TBODY} at (1,1) size 53x158
          LayoutTableRow {TR} at (0,2) size 53x24
            LayoutTableCell {TD} at (2,2) size 49x24 [border: (1px inset #808080)] [r=0 c=0 rs=1 cs=1]
              LayoutText {#text} at (2,2) size 45x19
                text run at (2,2) width 45: "Row_0"
          LayoutTableRow {TR} at (0,28) size 53x24
            LayoutTableCell {TD} at (2,28) size 49x24 [border: (1px inset #808080)] [r=1 c=0 rs=1 cs=1]
              LayoutText {#text} at (2,2) size 45x19
                text run at (2,2) width 45: "Row_1"
          LayoutTableRow {TR} at (0,54) size 53x24
            LayoutTableCell {TD} at (2,54) size 49x24 [border: (1px inset #808080)] [r=2 c=0 rs=1 cs=1]
              LayoutText {#text} at (2,2) size 45x19
                text run at (2,2) width 45: "Row_2"
          LayoutTableRow {TR} at (0,80) size 53x24
            LayoutTableCell {TD} at (2,80) size 49x24 [border: (1px inset #808080)] [r=3 c=0 rs=1 cs=1]
              LayoutText {#text} at (2,2) size 45x19
                text run at (2,2) width 45: "Row_3"
          LayoutTableRow {TR} at (0,106) size 53x24
            LayoutTableCell {TD} at (2,106) size 49x24 [border: (1px inset #808080)] [r=4 c=0 rs=1 cs=1]
              LayoutText {#text} at (2,2) size 45x19
                text run at (2,2) width 45: "Row_4"
          LayoutTableRow {TR} at (0,132) size 53x24
            LayoutTableCell {TD} at (2,132) size 49x24 [border: (1px inset #808080)] [r=5 c=0 rs=1 cs=1]
              LayoutText {#text} at (2,2) size 45x19
                text run at (2,2) width 45: "Row_5"
