layer at (0,0) size 800x600
  LayoutView at (0,0) size 800x600
layer at (0,0) size 800x600
  LayoutBlockFlow {HTML} at (0,0) size 800x600
    LayoutBlockFlow {BODY} at (8,8) size 784x584
      LayoutBlockFlow {P} at (0,0) size 784x20
        LayoutText {#text} at (0,0) size 50x19
          text run at (0,0) width 50: "Test for "
        LayoutInline {I} at (0,0) size 586x19
          LayoutInline {A} at (0,0) size 304x19 [color=#0000EE]
            LayoutText {#text} at (50,0) size 304x19
              text run at (50,0) width 304: "http://bugs.webkit.org/show_bug.cgi?id=12886"
          LayoutText {#text} at (354,0) size 282x19
            text run at (354,0) width 4: " "
            text run at (358,0) width 278: "Crash with Scriptalicious javascript library"
        LayoutText {#text} at (636,0) size 4x19
          text run at (636,0) width 4: "."
      LayoutBlockFlow {P} at (0,36) size 784x20
        LayoutText {#text} at (0,0) size 285x19
          text run at (0,0) width 285: "You should see two purple 100\x{D7}50 rectangles, "
        LayoutInline {EM} at (0,0) size 21x19
          LayoutText {#text} at (285,0) size 21x19
            text run at (285,0) width 21: "not"
        LayoutText {#text} at (306,0) size 149x19
          text run at (306,0) width 149: " a checkerboard pattern."
      LayoutTable {TABLE} at (0,72) size 100x300
        LayoutTableSection {TBODY} at (0,0) size 100x300
          LayoutTableRow {TR} at (0,0) size 100x150
            LayoutTableCell {TD} at (0,0) size 50x100 [r=0 c=0 rs=1 cs=1]
              LayoutBlockFlow {DIV} at (0,0) size 50x100
                LayoutBlockFlow {DIV} at (0,0) size 50x50
                  LayoutBlockFlow (floating) {DIV} at (0,0) size 50x25
                LayoutBlockFlow {DIV} at (0,50) size 50x50
                  LayoutBlockFlow {DIV} at (0,0) size 50x50 [bgcolor=#800080]
            LayoutTableCell {TD} at (50,0) size 50x100 [r=0 c=1 rs=1 cs=1]
              LayoutBlockFlow {DIV} at (0,0) size 50x100
                LayoutBlockFlow {DIV} at (0,0) size 50x50
                  LayoutBlockFlow (floating) {DIV} at (0,0) size 50x25
                LayoutBlockFlow {DIV} at (0,50) size 50x50
                  LayoutBlockFlow {DIV} at (0,0) size 50x50 [bgcolor=#800080]
          LayoutTableRow {TR} at (0,150) size 100x150
            LayoutTableCell {TD} at (0,150) size 50x50 [r=1 c=0 rs=1 cs=1]
              LayoutBlockFlow {DIV} at (0,0) size 50x50
                LayoutBlockFlow {DIV} at (0,0) size 50x0
                  LayoutBlockFlow (floating) {DIV} at (0,0) size 50x0
                LayoutBlockFlow {DIV} at (0,0) size 50x50
                  LayoutBlockFlow {DIV} at (0,0) size 50x50 [bgcolor=#800080]
            LayoutTableCell {TD} at (50,150) size 50x50 [r=1 c=1 rs=1 cs=1]
              LayoutBlockFlow {DIV} at (0,0) size 50x50 [bgcolor=#800080]
      LayoutBlockFlow {DIV} at (0,372) size 784x200
