layer at (0,0) size 800x600
  LayoutView at (0,0) size 800x600
layer at (0,0) size 800x600
  LayoutBlockFlow {HTML} at (0,0) size 800x600
    LayoutBlockFlow {BODY} at (8,8) size 784x584
      LayoutBlockFlow {P} at (0,0) size 784x40
        LayoutText {#text} at (0,0) size 50x19
          text run at (0,0) width 50: "Test for "
        LayoutInline {I} at (0,0) size 740x39
          LayoutInline {A} at (0,0) size 312x19 [color=#0000EE]
            LayoutText {#text} at (49,0) size 312x19
              text run at (49,0) width 312: "https://bugs.webkit.org/show_bug.cgi?id=19278"
          LayoutText {#text} at (360,0) size 740x39
            text run at (360,0) width 5: " "
            text run at (364,0) width 376: "REGRESSION (r31114-r31132): image float disappears on"
            text run at (0,20) width 44: "refresh"
        LayoutText {#text} at (43,20) size 5x19
          text run at (43,20) width 5: "."
      LayoutBlockFlow {DIV} at (0,56) size 784x80
        LayoutBlockFlow (anonymous) at (0,0) size 784x40
          LayoutText {#text} at (0,0) size 248x19
            text run at (0,0) width 248: "Somewhere on this page, there should be"
          LayoutBR {BR} at (248,15) size 0x0
          LayoutBR {BR} at (0,20) size 0x19
          LayoutBlockFlow (floating) {DIV} at (0,40) size 100x100 [bgcolor=#008000]
        LayoutBlockFlow {DIV} at (0,40) size 150x40
          LayoutText {#text} at (100,0) size 44x39
            text run at (100,0) width 44: "a green"
            text run at (100,20) width 44: "square."
