layer at (0,0) size 800x600
  LayoutView at (0,0) size 800x600
layer at (0,0) size 800x600
  LayoutBlockFlow {HTML} at (0,0) size 800x600
    LayoutBlockFlow {BODY} at (8,8) size 784x584
      LayoutBlockFlow {P} at (0,0) size 784x20
        LayoutText {#text} at (0,0) size 46x19
          text run at (0,0) width 46: "test for "
        LayoutInline {A} at (0,0) size 55x19 [color=#0000EE]
          LayoutText {#text} at (46,0) size 55x19
            text run at (46,0) width 55: "4110775"
        LayoutText {#text} at (101,0) size 449x19
          text run at (101,0) width 449: " Crash will occur when double-clicking outerHTML link on W3 DOM test"
      LayoutBlockFlow {P} at (0,36) size 784x0
      LayoutBlockFlow {DIV} at (0,36) size 784x20
        LayoutText {#text} at (0,0) size 565x19
          text run at (0,0) width 441: "This test passed. We don't support outerHTML on the document object. "
          text run at (441,0) width 124: "Neither does WinIE."
