layer at (0,0) size 800x600
  LayoutView at (0,0) size 800x600
layer at (0,0) size 800x600
  LayoutBlockFlow {HTML} at (0,0) size 800x600
    LayoutBlockFlow {BODY} at (8,8) size 784x584
      LayoutBlockFlow {DIV} at (0,0) size 100x100 [bgcolor=#FF0000]
        LayoutText {#text} at (0,0) size 91x59
          text run at (0,0) width 90: "You should not"
          text run at (0,20) width 91: "see this. Resize"
          text run at (0,40) width 73: "the window."
hidden layer at (8,8) size 0x0
  LayoutBlockFlow (positioned) {DIV} at (8,8) size 0x0
hidden layer at (8,8) size 100x122
  LayoutBlockFlow (positioned) {DIV} at (0,0) size 100x122
    LayoutBlockFlow {DIV} at (0,0) size 100x100 [bgcolor=#008000]
    LayoutBlockFlow (anonymous) at (0,100) size 100x22
      LayoutButton {BUTTON} at (0,0) size 54x22 [bgcolor=#C0C0C0] [border: (2px outset #C0C0C0)]
        LayoutBlockFlow (anonymous) at (8,3) size 38x16
          LayoutText {#text} at (0,0) size 38x16
            text run at (0,0) width 38: "Button"
      LayoutText {#text} at (0,0) size 0x0
