CONSOLE ERROR: line 10: Error: <svg> attribute width: A negative value is not valid. ("-100")
layer at (0,0) size 800x600
  LayoutView at (0,0) size 800x600
layer at (0,0) size 800x105
  LayoutBlockFlow {html} at (0,0) size 800x105
    LayoutBlockFlow {body} at (8,8) size 784x81
      LayoutBlockFlow (anonymous) at (0,0) size 784x25
        LayoutSVGRoot {svg} at (0,0) size 0x20
          LayoutSVGText {text} at (10,20) size 124x12 contains 1 chunk(s)
            LayoutSVGInlineText {#text} at (10,20) size 124x12
              chunk 1 text run 1 at (10.00,30.00) startOffset 0 endOffset 30 width 124.00: "FAIL (This should not render.)"
        LayoutText {#text} at (0,0) size 0x0
      LayoutBlockFlow {p} at (0,41) size 784x40 [color=#008000]
        LayoutText {#text} at (0,0) size 767x39
          text run at (0,0) width 392: "This line should be green, the word \"FAIL\" should not appear on "
          text run at (392,0) width 375: "this page, but a highly perceivable indication of error should be"
          text run at (0,20) width 121: "present somewhere."
