layer at (0,0) size 800x600
  LayoutView at (0,0) size 800x600
layer at (0,0) size 800x600
  LayoutBlockFlow {HTML} at (0,0) size 800x600
    LayoutBlockFlow {BODY} at (8,8) size 784x584
      LayoutTable {TABLE} at (0,0) size 259x240 [border: (1px outset #808080)]
        LayoutTableSection {TBODY} at (1,1) size 257x238
          LayoutTableRow {TR} at (0,2) size 257x22
            LayoutTableCell {TD} at (2,11) size 41x4 [border: (1px inset #808080)] [r=0 c=0 rs=1 cs=1]
            LayoutTableCell {TD} at (45,2) size 76x22 [border: (1px inset #808080)] [r=0 c=1 rs=1 cs=1]
              LayoutText {#text} at (2,2) size 32x18
                text run at (2,2) width 32: "col 1"
            LayoutTableCell {TD} at (123,2) size 54x22 [border: (1px inset #808080)] [r=0 c=2 rs=1 cs=1]
              LayoutText {#text} at (2,2) size 32x18
                text run at (2,2) width 32: "col 2"
            LayoutTableCell {TD} at (179,2) size 76x22 [border: (1px inset #808080)] [r=0 c=3 rs=1 cs=1]
              LayoutText {#text} at (2,2) size 32x18
                text run at (2,2) width 32: "col 3"
          LayoutTableRow {TR} at (0,26) size 257x78
            LayoutTableCell {TD} at (2,54) size 41x22 [border: (1px inset #808080)] [r=1 c=0 rs=1 cs=1]
              LayoutText {#text} at (2,2) size 37x18
                text run at (2,2) width 37: "row 1"
            LayoutTableCell {TD} at (45,26) size 210x210 [border: (1px inset #808080)] [r=1 c=1 rs=3 cs=3]
              LayoutBlockFlow (floating) {DIV} at (2,2) size 206x206 [border: (3px solid #FF0000)]
                LayoutText {#text} at (83,3) size 40x18
                  text run at (83,3) width 40: "tjosan"
          LayoutTableRow {TR} at (0,106) size 257x50
            LayoutTableCell {TD} at (2,120) size 41x22 [border: (1px inset #808080)] [r=2 c=0 rs=1 cs=1]
              LayoutText {#text} at (2,2) size 37x18
                text run at (2,2) width 37: "row 2"
          LayoutTableRow {TR} at (0,158) size 257x78
            LayoutTableCell {TD} at (2,186) size 41x22 [border: (1px inset #808080)] [r=3 c=0 rs=1 cs=1]
              LayoutText {#text} at (2,2) size 37x18
                text run at (2,2) width 37: "row 3"
      LayoutBlockFlow (anonymous) at (0,240) size 784x19
        LayoutButton {INPUT} at (0,1) size 53.80x18 [bgcolor=#C0C0C0]
          LayoutBlockFlow (anonymous) at (8,2) size 37.80x13
            LayoutText {#text} at (0,0) size 38x13
              text run at (0,0) width 38: "expand"
        LayoutText {#text} at (53,0) size 5x18
          text run at (53,0) width 5: " "
        LayoutButton {INPUT} at (57.80,1) size 42.28x18 [bgcolor=#C0C0C0]
          LayoutBlockFlow (anonymous) at (8,2) size 26.28x13
            LayoutText {#text} at (0,0) size 27x13
              text run at (0,0) width 27: "sizes"
        LayoutText {#text} at (0,0) size 0x0
