layer at (0,0) size 800x600 clip at (0,0) size 785x600 scrollHeight 854
  LayoutView at (0,0) size 800x600
layer at (0,0) size 785x854 backgroundClip at (0,0) size 785x600 clip at (0,0) size 785x600
  LayoutNGBlockFlow {HTML} at (0,0) size 785x854
    LayoutNGBlockFlow {BODY} at (8,8) size 769x838
      LayoutNGBlockFlow {DIV} at (0,0) size 769x149
        LayoutNGBlockFlow {DIV} at (10,10) size 268x129
          LayoutNGBlockFlow {DIV} at (12,12) size 110x100 [bgcolor=#000000] [border: (20px solid #FFFFFF)]
          LayoutText {#text} at (132,107) size 4x19
            text run at (132,107) width 4: " "
          LayoutNGBlockFlow {DIV} at (146,12) size 110x100 [bgcolor=#000000] [border: (20px double #FFFFFF)]
          LayoutText {#text} at (0,0) size 0x0
        LayoutText {#text} at (288,117) size 4x19
          text run at (288,117) width 4: " "
        LayoutNGBlockFlow {DIV} at (302,10) size 268x129 [bgcolor=#808080]
          LayoutNGBlockFlow {DIV} at (12,12) size 110x100 [bgcolor=#FFFFFF] [border: (20px solid #0000FF80)]
          LayoutText {#text} at (132,107) size 4x19
            text run at (132,107) width 4: " "
          LayoutNGBlockFlow {DIV} at (146,12) size 110x100 [bgcolor=#FFFFFF] [border: (20px double #0000FF80)]
          LayoutText {#text} at (0,0) size 0x0
        LayoutText {#text} at (0,0) size 0x0
layer at (8,157) size 769x149
  LayoutNGBlockFlow {DIV} at (0,149) size 769x149
    LayoutNGBlockFlow {DIV} at (10,10) size 268x129
      LayoutNGBlockFlow {DIV} at (12,12) size 110x100 [bgcolor=#000000] [border: (20px solid #FFFFFF)]
      LayoutText {#text} at (132,107) size 4x19
        text run at (132,107) width 4: " "
      LayoutNGBlockFlow {DIV} at (146,12) size 110x100 [bgcolor=#000000] [border: (20px double #FFFFFF)]
      LayoutText {#text} at (0,0) size 0x0
    LayoutText {#text} at (288,117) size 4x19
      text run at (288,117) width 4: " "
    LayoutNGBlockFlow {DIV} at (302,10) size 268x129 [bgcolor=#808080]
      LayoutNGBlockFlow {DIV} at (12,12) size 110x100 [bgcolor=#FFFFFF] [border: (20px solid #0000FF80)]
      LayoutText {#text} at (132,107) size 4x19
        text run at (132,107) width 4: " "
      LayoutNGBlockFlow {DIV} at (146,12) size 110x100 [bgcolor=#FFFFFF] [border: (20px double #0000FF80)]
      LayoutText {#text} at (0,0) size 0x0
    LayoutText {#text} at (0,0) size 0x0
layer at (8,306) size 159x540 backgroundClip at (0,0) size 785x600 clip at (0,0) size 785x600
  LayoutNGBlockFlow {DIV} at (0,298) size 159x540
    LayoutNGBlockFlow {DIV} at (10,10) size 139x248
      LayoutNGBlockFlow {DIV} at (17,12) size 110x100 [bgcolor=#000000] [border: (20px solid #FFFFFF)]
      LayoutText {#text} at (3,122) size 19x4
        text run at (3,122) width 4: " "
      LayoutNGBlockFlow {DIV} at (17,136) size 110x100 [bgcolor=#000000] [border: (20px double #FFFFFF)]
      LayoutText {#text} at (0,0) size 0x0
    LayoutText {#text} at (13,268) size 19x4
      text run at (13,268) width 4: " "
    LayoutNGBlockFlow {DIV} at (10,282) size 139x248 [bgcolor=#808080]
      LayoutNGBlockFlow {DIV} at (17,12) size 110x100 [bgcolor=#FFFFFF] [border: (20px solid #0000FF80)]
      LayoutText {#text} at (3,122) size 19x4
        text run at (3,122) width 4: " "
      LayoutNGBlockFlow {DIV} at (17,136) size 110x100 [bgcolor=#FFFFFF] [border: (20px double #0000FF80)]
      LayoutText {#text} at (0,0) size 0x0
    LayoutText {#text} at (0,0) size 0x0
