layer at (0,0) size 800x600
  LayoutView at (0,0) size 800x600
layer at (0,0) size 800x156
  LayoutNGBlockFlow {HTML} at (0,0) size 800x156
    LayoutNGBlockFlow {BODY} at (8,8) size 784x132
      LayoutNGBlockFlow {DIV} at (0,0) size 784x132
        LayoutNGBlockFlow (anonymous) at (0,0) size 784x20
          LayoutText {#text} at (0,0) size 472x19
            text run at (0,0) width 472: "Test passes if backgrounds of list style in ul and ol are each red and yellow."
        LayoutNGBlockFlow {UL} at (0,36) size 784x40
          LayoutNGListItem {LI} at (40,0) size 744x20
            LayoutNGListMarker (anonymous) at (-18,0) size 7x20
              LayoutText (anonymous) at (0,0) size 7x19
                text run at (0,0) width 7: "\x{2022} "
            LayoutText {#text} at (0,0) size 27x19
              text run at (0,0) width 27: "One"
          LayoutNGListItem {LI} at (40,20) size 744x20
            LayoutNGListMarker (anonymous) at (-18,0) size 7x20
              LayoutText (anonymous) at (0,0) size 7x19
                text run at (0,0) width 7: "\x{2022} "
            LayoutText {#text} at (0,0) size 29x19
              text run at (0,0) width 29: "Two"
        LayoutNGBlockFlow {OL} at (0,92) size 784x40
          LayoutNGListItem {LI} at (40,0) size 744x20
            LayoutNGListMarker (anonymous) at (-16,0) size 16x20
              LayoutText (anonymous) at (0,0) size 16x19
                text run at (0,0) width 16: "1. "
            LayoutText {#text} at (0,0) size 27x19
              text run at (0,0) width 27: "One"
          LayoutNGListItem {LI} at (40,20) size 744x20
            LayoutNGListMarker (anonymous) at (-16,0) size 16x20
              LayoutText (anonymous) at (0,0) size 16x19
                text run at (0,0) width 16: "2. "
            LayoutText {#text} at (0,0) size 29x19
              text run at (0,0) width 29: "Two"
selection start: position 84 of child 0 {#text} of child 0 {DIV} of body
selection end:   position 3 of child 0 {#text} of child 3 {LI} of child 3 {OL} of child 0 {DIV} of body
