layer at (0,0) size 800x600
  LayoutView at (0,0) size 800x600
layer at (0,0) size 800x100
  LayoutNGBlockFlow {HTML} at (0,0) size 800x100
    LayoutNGBlockFlow {BODY} at (8,8) size 784x76
      LayoutNGBlockFlow {DIV} at (0,0) size 784x76
        LayoutNGBlockFlow (anonymous) at (0,0) size 784x20
          LayoutText {#text} at (0,0) size 359x19
            text run at (0,0) width 359: "Test pass if background of image list style in ul is yellow."
        LayoutNGBlockFlow {UL} at (0,36) size 784x40
          LayoutNGListItem {LI} at (40,0) size 744x20
            LayoutNGListMarker (anonymous) at (-17,0) size 10x20
              LayoutImage (anonymous) at (0,5) size 10x10
            LayoutText {#text} at (0,0) size 27x19
              text run at (0,0) width 27: "One"
          LayoutNGListItem {LI} at (40,20) size 744x20
            LayoutNGListMarker (anonymous) at (-17,0) size 10x20
              LayoutImage (anonymous) at (0,5) size 10x10
            LayoutText {#text} at (0,0) size 29x19
              text run at (0,0) width 29: "Two"
selection start: position 66 of child 0 {#text} of child 0 {DIV} of body
selection end:   position 3 of child 0 {#text} of child 3 {LI} of child 1 {UL} of child 0 {DIV} of body
