layer at (0,0) size 800x600
  LayoutView at (0,0) size 800x600
layer at (0,0) size 800x140
  LayoutBlockFlow {HTML} at (0,0) size 800x140
    LayoutBlockFlow {BODY} at (8,8) size 784x116
      LayoutBlockFlow (anonymous) at (0,0) size 784x82
        LayoutTextControl {INPUT} at (0,0) size 206x82 [bgcolor=#FFFFFF] [border: (2px inset #EEEEEE)]
        LayoutText {#text} at (0,0) size 0x0
      LayoutBlockFlow {P} at (0,98) size 784x18
        LayoutText {#text} at (0,0) size 560x18
          text run at (0,0) width 367: "The last character (and only the last character) should be "
          text run at (366,0) width 194: "selected in the text box above."
layer at (11,5) size 200x88
  LayoutBlockFlow {DIV} at (3,-3) size 200x88
    LayoutText {#text} at (27,0) size 173x76
      text run at (27,0) width 173 RTL: "[[\x{645}\x{642}\x{627}\x{644}\x{647}]]"
selection start: position 0 of child 0 {#text} of child 0 {DIV} of {#document-fragment} of child 1 {INPUT} of body
selection end:   position 1 of child 0 {#text} of child 0 {DIV} of {#document-fragment} of child 1 {INPUT} of body
