layer at (0,0) size 800x600 clip at (0,0) size 785x585 scrollWidth 1544 scrollHeight 1708
  LayoutView at (0,0) size 800x600
layer at (0,0) size 785x1708 backgroundClip at (0,0) size 785x585 clip at (0,0) size 785x585
  LayoutBlockFlow {HTML} at (0,0) size 785x1708.19
    LayoutBlockFlow {BODY} at (8,17.41) size 769x1677.78 [color=#00FF00] [bgcolor=#333333]
      LayoutBlockFlow {H1} at (0,0) size 769x30
        LayoutText {#text} at (0,0) size 528x30
          text run at (0,0) width 528: "CSS2 Table Backgrounds Test Suite"
      LayoutBlockFlow {H2} at (0,47.41) size 769x23
        LayoutText {#text} at (0,0) size 252x23
          text run at (0,0) width 252: "Part E: Special Tests"
      LayoutBlockFlow {H3} at (0,86.58) size 769x17
        LayoutText {#text} at (0,0) size 153x17
          text run at (0,0) width 153: "Fixed Backgrounds"
      LayoutBlockFlow {UL} at (0,118.78) size 769x64
        LayoutListItem {LI} at (40,0) size 729x48
          LayoutListMarker (anonymous) at (-16,0) size 6x16: bullet
          LayoutText {#text} at (0,0) size 704x48
            text run at (0,0) width 704: "If you scroll the table over the top left corner of the viewport, the first, second, and"
            text run at (0,16) width 688: "fourth rows as well as cell L should reveal a purple and aqua band forming a 90-degree"
            text run at (0,32) width 232: "angle in the top left corner."
        LayoutListItem {LI} at (40,48) size 729x16
          LayoutListMarker (anonymous) at (-16,0) size 6x16: bullet
          LayoutText {#text} at (0,0) size 664x16
            text run at (0,0) width 664: "Cells A and P should have a rainbow background that seems attached to the viewport."
      LayoutBlockFlow {DL} at (0,195.78) size 769x64
        LayoutBlockFlow {DT} at (0,0) size 769x16
          LayoutText {#text} at (0,0) size 64x16
            text run at (0,0) width 64: "previous"
        LayoutBlockFlow {DD} at (40,16) size 729x16
          LayoutInline {A} at (0,0) size 176x16 [color=#FFFF00]
            LayoutText {#text} at (0,0) size 176x16
              text run at (0,0) width 176: "Special Tests: opacity"
          LayoutText {#text} at (0,0) size 0x0
        LayoutBlockFlow {DT} at (0,32) size 769x16
          LayoutText {#text} at (0,0) size 64x16
            text run at (0,0) width 64: "contents"
        LayoutBlockFlow {DD} at (40,48) size 729x16
          LayoutInline {A} at (0,0) size 136x16 [color=#FFFF00]
            LayoutText {#text} at (0,0) size 136x16
              text run at (0,0) width 136: "Table of Contents"
          LayoutText {#text} at (0,0) size 0x0
      LayoutTable {TABLE} at (0,272.78) size 618x471 [color=#000000] [bgcolor=#FFFFFF] [border: (1px dotted #000000)]
        LayoutBlockFlow {CAPTION} at (0,0) size 618x27 [color=#FFFFFF]
          LayoutText {#text} at (143,0) size 332x27
            text run at (143,0) width 332: "With 'border-collapse: separate'"
        LayoutTableCol {COLGROUP} at (0,0) size 0x0
          LayoutTableCol {COL} at (0,0) size 0x0
          LayoutTableCol {COL} at (0,0) size 0x0
          LayoutTableCol {COL} at (0,0) size 0x0
        LayoutTableCol {COLGROUP} at (0,0) size 0x0
          LayoutTableCol {COL} at (0,0) size 0x0
        LayoutTableSection {THEAD} at (1,28) size 616x114
          LayoutTableRow {TR} at (0,7) size 616x100
            LayoutTableCell {TH} at (7,43) size 130x27 [border: (1px dotted #000000)] [r=0 c=0 rs=1 cs=1]
              LayoutText {#text} at (43,2) size 44x22
                text run at (43,2) width 44: "TH A"
            LayoutTableCell {TH} at (144,31) size 220x51 [border: (13px dotted #000000)] [r=0 c=1 rs=1 cs=1]
              LayoutText {#text} at (87,14) size 46x22
                text run at (87,14) width 46: "TH B"
            LayoutTableCell {TH} at (371,55) size 118x4 [border: (1px dotted #000000)] [r=0 c=2 rs=1 cs=1]
            LayoutTableCell {TH} at (496,43) size 113x27 [border: (1px dotted #000000)] [r=0 c=3 rs=1 cs=1]
              LayoutText {#text} at (34,2) size 45x22
                text run at (34,2) width 45: "TH D"
        LayoutTableSection {TFOOT} at (1,348) size 616x122
          LayoutTableRow {TR} at (0,0) size 616x115
            LayoutTableCell {TD} at (7,42) size 357x31 [border: (1px dotted #000000)] [r=0 c=0 rs=1 cs=2]
              LayoutText {#text} at (2,2) size 53x27
                text run at (2,2) width 53: "TD M"
            LayoutTableCell {TD} at (371,42) size 118x31 [border: (1px dotted #000000)] [r=0 c=2 rs=1 cs=1]
              LayoutText {#text} at (2,2) size 51x27
                text run at (2,2) width 51: "TD O"
            LayoutTableCell {TD} at (496,42) size 113x31 [border: (1px dotted #000000)] [r=0 c=3 rs=1 cs=1]
              LayoutText {#text} at (2,2) size 49x27
                text run at (2,2) width 49: "TD P"
        LayoutTableSection {TBODY} at (1,142) size 616x206
          LayoutTableRow {TR} at (0,0) size 616x108
            LayoutTableCell {TD} at (7,72) size 130x55 [border: (13px dotted #000000)] [r=0 c=0 rs=2 cs=1]
              LayoutText {#text} at (14,14) size 49x27
                text run at (14,14) width 49: "TD E"
            LayoutTableCell {TD} at (144,38) size 220x31 [border: (1px dotted #000000)] [r=0 c=1 rs=1 cs=1]
              LayoutText {#text} at (2,2) size 48x27
                text run at (2,2) width 48: "TD F"
            LayoutTableCell {TD} at (371,38) size 118x31 [border: (1px dotted #000000)] [r=0 c=2 rs=1 cs=1]
              LayoutText {#text} at (2,2) size 51x27
                text run at (2,2) width 51: "TD G"
            LayoutTableCell {TD} at (496,38) size 113x31 [border: (1px dotted #000000)] [r=0 c=3 rs=1 cs=1]
              LayoutText {#text} at (2,2) size 51x27
                text run at (2,2) width 51: "TD H"
          LayoutTableRow {TR} at (0,115) size 616x84
            LayoutTableCell {TD} at (144,141) size 220x31 [border: (1px dotted #000000)] [r=1 c=1 rs=1 cs=1]
              LayoutText {#text} at (2,2) size 48x27
                text run at (2,2) width 48: "TD J"
            LayoutTableCell {TD} at (371,141) size 118x31 [border: (1px dotted #000000)] [r=1 c=2 rs=1 cs=1]
              LayoutText {#text} at (2,2) size 51x27
                text run at (2,2) width 51: "TD K"
            LayoutTableCell {TD} at (496,141) size 113x31 [border: (1px dotted #000000)] [r=1 c=3 rs=1 cs=1]
              LayoutText {#text} at (2,2) size 48x27
                text run at (2,2) width 48: "TD L"
      LayoutTable {TABLE} at (0,743.78) size 578x437 [color=#000000] [bgcolor=#FFFFFF] [border: (6px dotted #000000)]
        LayoutBlockFlow {CAPTION} at (0,0) size 578x27 [color=#FFFFFF]
          LayoutText {#text} at (125,0) size 328x27
            text run at (125,0) width 328: "With 'border-collapse: collapse'"
        LayoutTableCol {COLGROUP} at (0,0) size 0x0
          LayoutTableCol {COL} at (0,0) size 0x0
          LayoutTableCol {COL} at (0,0) size 0x0
          LayoutTableCol {COL} at (0,0) size 0x0
        LayoutTableCol {COLGROUP} at (0,0) size 0x0
          LayoutTableCol {COL} at (0,0) size 0x0
        LayoutTableSection {THEAD} at (0,33) size 577x99
          LayoutTableRow {TR} at (0,0) size 577x99
            LayoutTableCell {TH} at (0,33) size 135x32 [border: (1px dotted #000000)] [r=0 c=0 rs=1 cs=1]
              LayoutText {#text} at (43,2) size 44x22
                text run at (43,2) width 44: "TH A"
            LayoutTableCell {TH} at (135,30) size 207x38 [border: (7px dotted #000000)] [r=0 c=1 rs=1 cs=1]
              LayoutText {#text} at (81,8) size 46x22
                text run at (81,8) width 46: "TH B"
            LayoutTableCell {TH} at (342,48) size 123x3 [border: (1px dotted #000000)] [r=0 c=2 rs=1 cs=1]
            LayoutTableCell {TH} at (465,36) size 112x26 [border: (1px dotted #000000)] [r=0 c=3 rs=1 cs=1]
              LayoutText {#text} at (34,2) size 45x22
                text run at (34,2) width 45: "TH D"
        LayoutTableSection {TFOOT} at (0,322) size 577x114
          LayoutTableRow {TR} at (0,0) size 577x114
            LayoutTableCell {TD} at (0,39) size 342x36 [border: (7px dotted #000000)] [r=0 c=0 rs=1 cs=2]
              LayoutText {#text} at (2,8) size 53x27
                text run at (2,8) width 53: "TD M"
            LayoutTableCell {TD} at (342,42) size 123x30 [border: (1px dotted #000000)] [r=0 c=2 rs=1 cs=1]
              LayoutText {#text} at (2,2) size 51x27
                text run at (2,2) width 51: "TD O"
            LayoutTableCell {TD} at (465,42) size 112x30 [border: (1px dotted #000000)] [r=0 c=3 rs=1 cs=1]
              LayoutText {#text} at (2,2) size 49x27
                text run at (2,2) width 49: "TD P"
        LayoutTableSection {TBODY} at (0,132) size 577x190
          LayoutTableRow {TR} at (0,0) size 577x107
            LayoutTableCell {TD} at (0,74) size 135x42 [border: (7px dotted #000000)] [r=0 c=0 rs=2 cs=1]
              LayoutText {#text} at (8,8) size 49x27
                text run at (8,8) width 49: "TD E"
            LayoutTableCell {TD} at (135,35) size 207x36 [border: (7px dotted #000000)] [r=0 c=1 rs=1 cs=1]
              LayoutText {#text} at (8,8) size 48x27
                text run at (8,8) width 48: "TD F"
            LayoutTableCell {TD} at (342,38) size 123x30 [border: (1px dotted #000000)] [r=0 c=2 rs=1 cs=1]
              LayoutText {#text} at (2,2) size 51x27
                text run at (2,2) width 51: "TD G"
            LayoutTableCell {TD} at (465,38) size 112x30 [border: (1px dotted #000000)] [r=0 c=3 rs=1 cs=1]
              LayoutText {#text} at (2,2) size 51x27
                text run at (2,2) width 51: "TD H"
          LayoutTableRow {TR} at (0,107) size 577x83
            LayoutTableCell {TD} at (135,133) size 207x30 [border: (1px dotted #000000)] [r=1 c=1 rs=1 cs=1]
              LayoutText {#text} at (8,2) size 48x27
                text run at (8,2) width 48: "TD J"
            LayoutTableCell {TD} at (342,133) size 123x30 [border: (1px dotted #000000)] [r=1 c=2 rs=1 cs=1]
              LayoutText {#text} at (2,2) size 51x27
                text run at (2,2) width 51: "TD K"
            LayoutTableCell {TD} at (465,133) size 112x30 [border: (1px dotted #000000)] [r=1 c=3 rs=1 cs=1]
              LayoutText {#text} at (2,2) size 48x27
                text run at (2,2) width 48: "TD L"
      LayoutBlockFlow {DIV} at (0,1180.78) size 769x35
        LayoutInline {A} at (0,0) size 88x16 [color=#FFFF00]
          LayoutImage {IMG} at (0,0) size 88x31
        LayoutText {#text} at (0,0) size 0x0
      LayoutBlockFlow {ADDRESS} at (0,1215.78) size 769x17
        LayoutText {#text} at (0,0) size 704x17
          text run at (0,0) width 704: "CSS2 Table Backgrounds Test Suite designed and written by fantasai <fantasai@escape.com>"
      LayoutBlockFlow {PRE} at (0,1245.78) size 769x432
        LayoutText {#text} at (0,0) size 1536x432
          text run at (0,0) width 1536: "................................................................................................................................................................................................"
          text run at (1536,0) width 0: " "
          text run at (0,16) width 8: "."
          text run at (8,16) width 0: " "
          text run at (0,32) width 8: "."
          text run at (8,32) width 0: " "
          text run at (0,48) width 8: "."
          text run at (8,48) width 0: " "
          text run at (0,64) width 8: "."
          text run at (8,64) width 0: " "
          text run at (0,80) width 8: "."
          text run at (8,80) width 0: " "
          text run at (0,96) width 8: "."
          text run at (8,96) width 0: " "
          text run at (0,112) width 8: "."
          text run at (8,112) width 0: " "
          text run at (0,128) width 8: "."
          text run at (8,128) width 0: " "
          text run at (0,144) width 8: "."
          text run at (8,144) width 0: " "
          text run at (0,160) width 8: "."
          text run at (8,160) width 0: " "
          text run at (0,176) width 8: "."
          text run at (8,176) width 0: " "
          text run at (0,192) width 8: "."
          text run at (8,192) width 0: " "
          text run at (0,208) width 8: "."
          text run at (8,208) width 0: " "
          text run at (0,224) width 8: "."
          text run at (8,224) width 0: " "
          text run at (0,240) width 8: "."
          text run at (8,240) width 0: " "
          text run at (0,256) width 8: "."
          text run at (8,256) width 0: " "
          text run at (0,272) width 8: "."
          text run at (8,272) width 0: " "
          text run at (0,288) width 8: "."
          text run at (8,288) width 0: " "
          text run at (0,304) width 8: "."
          text run at (8,304) width 0: " "
          text run at (0,320) width 8: "."
          text run at (8,320) width 0: " "
          text run at (0,336) width 8: "."
          text run at (8,336) width 0: " "
          text run at (0,352) width 8: "."
          text run at (8,352) width 0: " "
          text run at (0,368) width 8: "."
          text run at (8,368) width 0: " "
          text run at (0,384) width 8: "."
          text run at (8,384) width 0: " "
          text run at (0,400) width 8: "."
          text run at (8,400) width 0: " "
          text run at (0,416) width 8: "."
          text run at (8,416) width 0: " "
