layer at (0,0) size 800x600 clip at (0,0) size 785x600 scrollHeight 734
  LayoutView at (0,0) size 800x600
layer at (0,0) size 785x538
  LayoutBlockFlow {HTML} at (0,0) size 785x538
    LayoutBlockFlow {BODY} at (8,8) size 769x522
      LayoutTable {TABLE} at (0,0) size 228x522 [border: (1px outset #808080)]
        LayoutBlockFlow {CAPTION} at (0,0) size 228x206 [border: (3px solid #FFA500)]
          LayoutText {#text} at (103,3) size 22x19
            text run at (103,3) width 22: "cap"
        LayoutTableSection {TBODY} at (1,207) size 226x314
          LayoutTableRow {TR} at (0,30) size 226x92
            LayoutTableCell {TD} at (30,50) size 52x52 [border: (1px inset #808080)] [r=0 c=0 rs=1 cs=1]
              LayoutText {#text} at (16,16) size 20x19
                text run at (16,16) width 20: "foo"
            LayoutTableCell {TD} at (112,30) size 84x92 [border: (1px inset #808080)] [r=0 c=1 rs=1 cs=1]
              LayoutText {#text} at (16,16) size 20x19
                text run at (16,16) width 20: "bar"
              LayoutBR {BR} at (36,16) size 0x19
              LayoutText {#text} at (16,36) size 21x19
                text run at (16,36) width 21: "baz"
              LayoutBR {BR} at (37,36) size 0x19
              LayoutText {#text} at (16,56) size 21x19
                text run at (16,56) width 21: "zap"
          LayoutTableRow {TR} at (0,152) size 226x132
            LayoutTableCell {TD} at (30,192) size 52x52 [border: (1px inset #808080)] [r=1 c=0 rs=1 cs=1]
              LayoutText {#text} at (16,16) size 20x19
                text run at (16,16) width 20: "foo"
            LayoutTableCell {TD} at (112,200) size 84x84 [border: (1px inset #808080)] [r=1 c=1 rs=1 cs=1]
              LayoutBlockFlow {DIV} at (16,16) size 52x52 [border: (1px solid #008000)]
                LayoutBlockFlow {DIV} at (1,1) size 402x302 [border: (1px solid #FF0000)]
                  LayoutText {#text} at (1,1) size 8x19
                    text run at (1,1) width 8: "d"
