layer at (0,0) size 800x600 clip at (0,0) size 785x600 scrollHeight 688
  LayoutView at (0,0) size 800x600
layer at (0,0) size 785x477
  LayoutBlockFlow {HTML} at (0,0) size 785x477
    LayoutBlockFlow {BODY} at (8,8) size 769x461
      LayoutTable {TABLE} at (0,0) size 200x461 [border: (1px outset #808080)]
        LayoutBlockFlow {CAPTION} at (0,0) size 200x206 [border: (3px solid #FFA500)]
          LayoutText {#text} at (78,3) size 44x36
            text run at (78,3) width 44: "cap"
        LayoutTableSection {TBODY} at (1,207) size 198x253
          LayoutTableRow {TR} at (0,30) size 198x50
            LayoutTableCell {TD} at (30,46) size 54x18 [border: (1px inset #808080)] [r=0 c=0 rs=1 cs=1]
              LayoutText {#text} at (1,1) size 18x15
                text run at (1,1) width 18: "foo"
            LayoutTableCell {TD} at (114,30) size 54x50 [border: (1px inset #808080)] [r=0 c=1 rs=1 cs=1]
              LayoutText {#text} at (1,1) size 17x15
                text run at (1,1) width 17: "bar"
              LayoutBR {BR} at (18,1) size 0x15
              LayoutText {#text} at (1,17) size 18x15
                text run at (1,17) width 18: "baz"
              LayoutBR {BR} at (19,17) size 0x15
              LayoutText {#text} at (1,33) size 18x15
                text run at (1,33) width 18: "zap"
          LayoutTableRow {TR} at (0,110) size 198x113
            LayoutTableCell {TD} at (30,110) size 54x113 [border: (1px inset #808080)] [r=1 c=0 rs=1 cs=1]
              LayoutText {#text} at (1,1) size 44x110
                text run at (1,1) width 42: "foo"
                text run at (1,38) width 41: "bar"
                text run at (1,75) width 44: "baz"
            LayoutTableCell {TD} at (114,169) size 54x54 [border: (1px inset #808080)] [r=1 c=1 rs=1 cs=1]
              LayoutBlockFlow {DIV} at (1,1) size 52x52 [border: (1px solid #008000)]
                LayoutBlockFlow {DIV} at (1,1) size 402x302 [border: (1px solid #FF0000)]
                  LayoutText {#text} at (1,1) size 16x36
                    text run at (1,1) width 16: "d"
