layer at (0,0) size 800x600 clip at (0,0) size 785x600 scrollHeight 700
  LayoutView at (0,0) size 800x600
layer at (0,0) size 785x489
  LayoutBlockFlow {HTML} at (0,0) size 785x489
    LayoutBlockFlow {BODY} at (8,8) size 769x473
      LayoutTable {TABLE} at (0,0) size 200x473 [border: (1px outset #808080)]
        LayoutBlockFlow {CAPTION} at (0,0) size 200x206 [border: (3px solid #FFA500)]
          LayoutText {#text} at (78,3) size 44x36
            text run at (78,3) width 44: "cap"
        LayoutTableSection {TBODY} at (1,207) size 198x122
          LayoutTableRow {TR} at (0,30) size 198x62
            LayoutTableCell {TD} at (30,50) size 54x22 [border: (1px inset #808080)] [r=0 c=0 rs=1 cs=1]
              LayoutText {#text} at (1,1) size 20x19
                text run at (1,1) width 20: "foo"
            LayoutTableCell {TD} at (114,30) size 54x62 [border: (1px inset #808080)] [r=0 c=1 rs=1 cs=1]
              LayoutText {#text} at (1,1) size 20x19
                text run at (1,1) width 20: "bar"
              LayoutBR {BR} at (21,1) size 0x19
              LayoutText {#text} at (1,21) size 21x19
                text run at (1,21) width 21: "baz"
              LayoutBR {BR} at (22,21) size 0x19
              LayoutText {#text} at (1,41) size 21x19
                text run at (1,41) width 21: "zap"
        LayoutTableSection {TBODY} at (1,329) size 198x143
          LayoutTableRow {TR} at (0,0) size 198x113
            LayoutTableCell {TD} at (30,0) size 54x113 [border: (1px inset #808080)] [r=0 c=0 rs=1 cs=1]
              LayoutText {#text} at (1,1) size 44x110
                text run at (1,1) width 42: "foo"
                text run at (1,38) width 41: "bar"
                text run at (1,75) width 44: "baz"
            LayoutTableCell {TD} at (114,59) size 54x54 [border: (1px inset #808080)] [r=0 c=1 rs=1 cs=1]
              LayoutBlockFlow {DIV} at (1,1) size 52x52 [border: (1px solid #008000)]
                LayoutBlockFlow {DIV} at (1,1) size 402x302 [border: (1px solid #FF0000)]
                  LayoutText {#text} at (1,1) size 16x36
                    text run at (1,1) width 16: "d"
