layer at (0,0) size 800x600
  LayoutView at (0,0) size 800x600
layer at (0,0) size 800x356
  LayoutBlockFlow {HTML} at (0,0) size 800x356
    LayoutBlockFlow {BODY} at (8,8) size 784x340
      LayoutTable {TABLE} at (0,0) size 200x340 [bgcolor=#0000FF]
        LayoutBlockFlow {CAPTION} at (0,0) size 200x200 [bgcolor=#FFA500]
          LayoutText {#text} at (89,0) size 22x19
            text run at (89,0) width 22: "cap"
        LayoutTableSection {TBODY} at (0,200) size 200x140
          LayoutTableRow {TR} at (0,0) size 200x140
            LayoutTableCell {TD} at (0,40) size 80x60 [bgcolor=#FFFF00] [r=0 c=0 rs=1 cs=1]
              LayoutText {#text} at (20,20) size 20x19
                text run at (20,20) width 20: "foo"
            LayoutTableCell {TD} at (80,50) size 120x90 [bgcolor=#FFFF00] [r=0 c=1 rs=1 cs=1]
              LayoutBlockFlow {DIV} at (20,20) size 50x50 [bgcolor=#008000]
                LayoutBlockFlow {DIV} at (0,0) size 400x300 [bgcolor=#FF0000]
                  LayoutText {#text} at (0,0) size 8x19
                    text run at (0,0) width 8: "d"
