layer at (0,0) size 800x600
  LayoutView at (0,0) size 800x600
layer at (0,0) size 800x600
  LayoutBlockFlow {HTML} at (0,0) size 800x600
    LayoutBlockFlow {BODY} at (8,8) size 784x584
      LayoutTable {TABLE} at (0,0) size 398x118 [border: (2px outset #808080)]
        LayoutBlockFlow {CAPTION} at (0,0) size 398x20
          LayoutText {#text} at (13,0) size 372x19
            text run at (13,0) width 372: "Communicator 4.5 Installers for Mac and Windows Platforms"
        LayoutTableSection {TBODY} at (2,22) size 393x93
          LayoutTableRow {TR} at (0,0) size 393x25
            LayoutTableCell {TH} at (0,10) size 112x5 [border: (3px none #808080) none none (3px solid #808080)] [r=0 c=0 rs=1 cs=1]
            LayoutTableCell {TH} at (112,0) size 107x25 [border: (3px none #808080) none none (1px solid #808080)] [r=0 c=1 rs=1 cs=1]
              LayoutText {#text} at (2,4) size 104x19
                text run at (2,4) width 104: "Macintosh PPC"
            LayoutTableCell {TH} at (219,0) size 83x25 [border: (3px none #808080) none none (1px solid #808080)] [r=0 c=2 rs=1 cs=1]
              LayoutText {#text} at (2,4) size 80x19
                text run at (2,4) width 80: "Windows 95"
            LayoutTableCell {TH} at (302,0) size 91x25 [border: (3px none #808080) (2px solid #808080) none (1px solid #808080)] [r=0 c=3 rs=1 cs=1]
              LayoutText {#text} at (2,4) size 86x19
                text run at (2,4) width 86: "Windows NT"
          LayoutTableRow {TR} at (0,25) size 393x22
            LayoutTableCell {TD} at (0,25) size 112x22 [border: none none none (3px solid #808080)] [r=1 c=0 rs=1 cs=1]
              LayoutText {#text} at (4,1) size 69x19
                text run at (4,1) width 69: "Base Install"
            LayoutTableCell {TD} at (112,25) size 107x22 [border: none none none (1px solid #808080)] [r=1 c=1 rs=1 cs=1]
              LayoutText {#text} at (2,1) size 20x19
                text run at (2,1) width 20: "yes"
            LayoutTableCell {TD} at (219,25) size 83x22 [border: none none none (1px solid #808080)] [r=1 c=2 rs=1 cs=1]
              LayoutText {#text} at (2,1) size 20x19
                text run at (2,1) width 20: "yes"
            LayoutTableCell {TD} at (302,25) size 91x22 [border: none (2px solid #808080) none (1px solid #808080)] [r=1 c=3 rs=1 cs=1]
              LayoutText {#text} at (2,1) size 20x19
                text run at (2,1) width 20: "yes"
          LayoutTableRow {TR} at (0,47) size 393x22
            LayoutTableCell {TD} at (0,47) size 112x22 [border: none none none (3px solid #808080)] [r=2 c=0 rs=1 cs=1]
              LayoutText {#text} at (4,1) size 98x19
                text run at (4,1) width 98: "Complete Install"
            LayoutTableCell {TD} at (112,47) size 107x22 [border: none none none (1px solid #808080)] [r=2 c=1 rs=1 cs=1]
              LayoutText {#text} at (2,1) size 20x19
                text run at (2,1) width 20: "yes"
            LayoutTableCell {TD} at (219,47) size 83x22 [border: none none none (1px solid #808080)] [r=2 c=2 rs=1 cs=1]
              LayoutText {#text} at (2,1) size 20x19
                text run at (2,1) width 20: "yes"
            LayoutTableCell {TD} at (302,47) size 91x22 [border: none (2px solid #808080) none (1px solid #808080)] [r=2 c=3 rs=1 cs=1]
              LayoutText {#text} at (2,1) size 20x19
                text run at (2,1) width 20: "yes"
          LayoutTableRow {TR} at (0,69) size 393x24
            LayoutTableCell {TD} at (0,69) size 112x24 [border: none none (2px none #808080) (3px solid #808080)] [r=3 c=0 rs=1 cs=1]
              LayoutText {#text} at (4,1) size 107x19
                text run at (4,1) width 107: "Pro Edition Install"
            LayoutTableCell {TD} at (112,69) size 107x24 [border: none none (2px none #808080) (1px solid #808080)] [r=3 c=1 rs=1 cs=1]
              LayoutText {#text} at (2,1) size 20x19
                text run at (2,1) width 20: "yes"
            LayoutTableCell {TD} at (219,69) size 83x24 [border: none none (2px none #808080) (1px solid #808080)] [r=3 c=2 rs=1 cs=1]
              LayoutText {#text} at (2,1) size 20x19
                text run at (2,1) width 20: "yes"
            LayoutTableCell {TD} at (302,69) size 91x24 [border: none (2px solid #808080) (2px none #808080) (1px solid #808080)] [r=3 c=3 rs=1 cs=1]
              LayoutText {#text} at (2,1) size 20x19
                text run at (2,1) width 20: "yes"
