layer at (0,0) size 800x600
  LayoutView at (0,0) size 800x600
layer at (0,0) size 800x160
  LayoutBlockFlow {html} at (0,0) size 800x160
    LayoutBlockFlow {body} at (8,16) size 784x136
      LayoutBlockFlow {p} at (0,0) size 784x20
        LayoutText {#text} at (0,0) size 432x19
          text run at (0,0) width 372: "All four sides of the frame surrounding the table below should "
          text run at (372,0) width 60: "be visible."
      LayoutTable {table} at (0,36) size 181x100 [border: (1px solid #808080)]
        LayoutTableCol {colgroup} at (0,0) size 0x0
          LayoutTableCol {col} at (0,0) size 0x0
        LayoutTableCol {colgroup} at (0,0) size 0x0
          LayoutTableCol {col} at (0,0) size 0x0
        LayoutTableCol {colgroup} at (0,0) size 0x0
          LayoutTableCol {col} at (0,0) size 0x0
        LayoutTableSection {thead} at (1,1) size 179x26
          LayoutTableRow {tr} at (0,2) size 179x22
            LayoutTableCell {th} at (2,2) size 57x22 [r=0 c=0 rs=1 cs=1]
              LayoutText {#text} at (1,1) size 55x19
                text run at (1,1) width 55: "THEAD"
            LayoutTableCell {th} at (61,2) size 57x22 [r=0 c=1 rs=1 cs=1]
              LayoutText {#text} at (1,1) size 55x19
                text run at (1,1) width 55: "THEAD"
            LayoutTableCell {th} at (120,2) size 57x22 [r=0 c=2 rs=1 cs=1]
              LayoutText {#text} at (1,1) size 55x19
                text run at (1,1) width 55: "THEAD"
        LayoutTableSection {tfoot} at (1,75) size 179x24
          LayoutTableRow {tr} at (0,0) size 179x22
            LayoutTableCell {td} at (2,0) size 57x22 [r=0 c=0 rs=1 cs=1]
              LayoutText {#text} at (1,1) size 51x19
                text run at (1,1) width 51: "TFOOT"
            LayoutTableCell {td} at (61,0) size 57x22 [r=0 c=1 rs=1 cs=1]
              LayoutText {#text} at (1,1) size 51x19
                text run at (1,1) width 51: "TFOOT"
            LayoutTableCell {td} at (120,0) size 57x22 [r=0 c=2 rs=1 cs=1]
              LayoutText {#text} at (1,1) size 51x19
                text run at (1,1) width 51: "TFOOT"
        LayoutTableSection {tbody} at (1,27) size 179x48
          LayoutTableRow {tr} at (0,0) size 179x22
            LayoutTableCell {td} at (2,0) size 57x22 [r=0 c=0 rs=1 cs=1]
              LayoutText {#text} at (1,1) size 53x19
                text run at (1,1) width 53: "TBODY"
            LayoutTableCell {td} at (61,0) size 57x22 [r=0 c=1 rs=1 cs=1]
              LayoutText {#text} at (1,1) size 53x19
                text run at (1,1) width 53: "TBODY"
            LayoutTableCell {td} at (120,0) size 57x22 [r=0 c=2 rs=1 cs=1]
              LayoutText {#text} at (1,1) size 53x19
                text run at (1,1) width 53: "TBODY"
          LayoutTableRow {tr} at (0,24) size 179x22
            LayoutTableCell {td} at (2,24) size 57x22 [r=1 c=0 rs=1 cs=1]
              LayoutText {#text} at (1,1) size 53x19
                text run at (1,1) width 53: "TBODY"
            LayoutTableCell {td} at (61,24) size 57x22 [r=1 c=1 rs=1 cs=1]
              LayoutText {#text} at (1,1) size 53x19
                text run at (1,1) width 53: "TBODY"
            LayoutTableCell {td} at (120,24) size 57x22 [r=1 c=2 rs=1 cs=1]
              LayoutText {#text} at (1,1) size 53x19
                text run at (1,1) width 53: "TBODY"
