layer at (0,0) size 800x600
  LayoutView at (0,0) size 800x600
layer at (0,0) size 800x600
  LayoutNGBlockFlow {HTML} at (0,0) size 800x600
    LayoutNGBlockFlow {BODY} at (8,8) size 784x584
      LayoutNGBlockFlow {P} at (0,0) size 784x20
        LayoutText {#text} at (0,0) size 355x19
          text run at (0,0) width 355: "The style declarations which apply to the text below are:"
      LayoutNGBlockFlow {PRE} at (0,36) size 784x64
        LayoutText {#text} at (0,0) size 648x48
          text run at (0,0) width 648: "<LINK rel=\"stylesheet\" type=\"text/css\" media=\"screen\" href=\"../resources/bg.gif\">"
          text run at (648,0) width 0: " "
          text run at (0,16) width 296: "@import url(../resources/sec642.css);"
          text run at (296,16) width 0: " "
          text run at (0,32) width 352: "BODY {background: url(../resources/bg.gif);}"
          text run at (352,32) width 0: " "
          text run at (0,48) width 0: " "
      LayoutNGBlockFlow {P} at (0,131) size 784x20
        LayoutText {#text} at (0,0) size 386x19
          text run at (0,0) width 386: "This page should have a green grid pattern as its background."
      LayoutNGBlockFlow {P} at (0,167) size 784x60 [bgcolor=#FFFFFF]
        LayoutText {#text} at (0,0) size 779x59
          text run at (0,0) width 779: "This paragraph should have a white background, but NO image should appear in the background. If an image, in this case a"
          text run at (0,20) width 754: "red square-- or, indeed, any red at all-- is seen there, then the browser has incorrectly interpreted a URL in relation to the"
          text run at (0,40) width 274: "document's URL, not the stylesheet's URL."
      LayoutNGBlockFlow {P} at (0,243) size 784x60 [bgcolor=#FFFFFF]
        LayoutText {#text} at (0,0) size 779x59
          text run at (0,0) width 779: "This paragraph should have a white background, but NO image should appear in the background. If an image, in this case a"
          text run at (0,20) width 754: "red square-- or, indeed, any red at all-- is seen there, then the browser has incorrectly interpreted a URL in relation to the"
          text run at (0,40) width 274: "document's URL, not the stylesheet's URL."
      LayoutTable {TABLE} at (0,319) size 784x210 [border: (1px outset #808080)]
        LayoutTableSection {TBODY} at (1,1) size 782x208
          LayoutTableRow {TR} at (0,0) size 782x28
            LayoutNGTableCell {TD} at (0,0) size 782x28 [bgcolor=#C0C0C0] [border: (1px inset #808080)] [r=0 c=0 rs=1 cs=2]
              LayoutInline {STRONG} at (0,0) size 161x19
                LayoutText {#text} at (4,4) size 161x19
                  text run at (4,4) width 161: "TABLE Testing Section"
          LayoutTableRow {TR} at (0,28) size 782x180
            LayoutNGTableCell {TD} at (0,104) size 12x28 [bgcolor=#C0C0C0] [border: (1px inset #808080)] [r=1 c=0 rs=1 cs=1]
              LayoutText {#text} at (4,80) size 4x19
                text run at (4,80) width 4: " "
            LayoutNGTableCell {TD} at (12,28) size 770x180 [border: (1px inset #808080)] [r=1 c=1 rs=1 cs=1]
              LayoutNGBlockFlow {P} at (4,4) size 762x20
                LayoutText {#text} at (0,0) size 386x19
                  text run at (0,0) width 386: "This page should have a green grid pattern as its background."
              LayoutNGBlockFlow {P} at (4,40) size 762x60 [bgcolor=#FFFFFF]
                LayoutText {#text} at (0,0) size 757x59
                  text run at (0,0) width 737: "This paragraph should have a white background, but NO image should appear in the background. If an image, in this"
                  text run at (0,20) width 757: "case a red square-- or, indeed, any red at all-- is seen there, then the browser has incorrectly interpreted a URL in relation"
                  text run at (0,40) width 313: "to the document's URL, not the stylesheet's URL."
              LayoutNGBlockFlow {P} at (4,116) size 762x60 [bgcolor=#FFFFFF]
                LayoutText {#text} at (0,0) size 757x59
                  text run at (0,0) width 737: "This paragraph should have a white background, but NO image should appear in the background. If an image, in this"
                  text run at (0,20) width 757: "case a red square-- or, indeed, any red at all-- is seen there, then the browser has incorrectly interpreted a URL in relation"
                  text run at (0,40) width 313: "to the document's URL, not the stylesheet's URL."
layer at (8,121) size 784x2 clip at (0,0) size 0x0
  LayoutNGBlockFlow {HR} at (0,113) size 784x2 [border: (1px inset #EEEEEE)]
