layer at (0,0) size 800x600 clip at (0,0) size 785x600 scrollHeight 3116
  LayoutView at (0,0) size 800x600
layer at (0,0) size 785x3116 backgroundClip at (0,0) size 785x600 clip at (0,0) size 785x600
  LayoutBlockFlow {HTML} at (0,0) size 785x3116
    LayoutBlockFlow {BODY} at (8,8) size 769x3100
      LayoutBlockFlow {DIV} at (0,100) size 10x3000
layer at (8,8) size 250x100
  LayoutBlockFlow {DIV} at (0,0) size 250x100
    LayoutMultiColumnSet (anonymous) at (0,0) size 250x58.75
layer at (8,8) size 117x118 backgroundClip at (0,0) size 785x67 clip at (0,0) size 785x67
  LayoutMultiColumnFlowThread (anonymous) at (0,0) size 117x117.50
    LayoutBlockFlow {DIV} at (0,0) size 30x30
    LayoutBlockFlow (anonymous) at (0,58.75) size 117x58.75
      LayoutText {#text} at (0,0) size 0x0
layer at (8,67) size 36x59 backgroundClip at (3,62) size 46x5 clip at (0,0) size 0x0 scrollHeight 71
  LayoutListBox {SELECT} at (0,0) size 35.64x58.75 [bgcolor=#FFFFFF] [border: (1px solid #999999)]
    LayoutBlockFlow {OPTION} at (1,1) size 22.64x14.19
      LayoutText {#text} at (2,0) size 19x13
        text run at (2,0) width 19: "test"
    LayoutBlockFlow {OPTION} at (1,15.19) size 22.64x14.19
      LayoutText {#text} at (2,0) size 19x13
        text run at (2,0) width 19: "test"
    LayoutBlockFlow {OPTION} at (1,29.38) size 22.64x14.19
      LayoutText {#text} at (2,0) size 19x13
        text run at (2,0) width 19: "test"
    LayoutBlockFlow {OPTION} at (1,43.56) size 22.64x14.19
      LayoutText {#text} at (2,0) size 19x13
        text run at (2,0) width 19: "test"
    LayoutBlockFlow {OPTION} at (1,57.75) size 22.64x14.19
      LayoutText {#text} at (2,0) size 19x13
        text run at (2,0) width 19: "test"
