layer at (0,0) size 800x600
  LayoutView at (0,0) size 800x600
layer at (0,0) size 800x281
  LayoutBlockFlow {html} at (0,0) size 800x281
    LayoutBlockFlow {body} at (8,16) size 784x257
      LayoutBlockFlow {p} at (0,0) size 784x20 [color=#000080]
        LayoutText {#text} at (0,0) size 486x19
          text run at (0,0) width 486: "Zoom in and out. The following two squares should always be the same size."
      LayoutBlockFlow {div} at (0,36) size 100x100 [bgcolor=#000080]
      LayoutBlockFlow (anonymous) at (0,152) size 784x105
        LayoutSVGRoot {svg} at (0,0) size 100x100
          LayoutSVGRect {rect} at (0,0) size 100x100 [fill={[type=SOLID] [color=#000080]}] [x=0.00] [y=0.00] [width=100.00] [height=100.00]
        LayoutText {#text} at (0,0) size 0x0
