layer at (0,0) size 800x600
  LayoutView at (0,0) size 800x600
layer at (0,0) size 800x36
  LayoutBlockFlow {HTML} at (0,0) size 800x36
    LayoutBlockFlow {BODY} at (8,8) size 784x20
layer at (8,8) size 784x20
  LayoutBlockFlow {DIV} at (0,0) size 784x20
layer at (8,8) size 784x0
  LayoutBlockFlow {DIV} at (0,0) size 784x0
layer at (8,8) size 784x0
  LayoutBlockFlow {DIV} at (0,0) size 784x0
layer at (8,8) size 784x0
  LayoutBlockFlow (relative positioned) {DIV} at (0,0) size 784x0
    LayoutBlockFlow (floating) {DIV} at (0,0) size 21x20
      LayoutText {#text} at (0,0) size 21x19
        text run at (0,0) width 21: "test"
