layer at (0,0) size 800x600
  LayoutView at (0,0) size 800x600
layer at (0,0) size 800x600
  LayoutBlockFlow {HTML} at (0,0) size 800x600
    LayoutBlockFlow {BODY} at (8,8) size 784x576
      LayoutBlockFlow {P} at (0,0) size 784x20
        LayoutText {#text} at (0,0) size 649x19
          text run at (0,0) width 649: "This tests the xslt document() function. If this test is successful, there should be three paragraphs below."
      LayoutBlockFlow {P} at (0,36) size 784x20
        LayoutText {#text} at (0,0) size 120x19
          text run at (0,0) width 120: "This is a paragraph"
      LayoutBlockFlow {P} at (0,72) size 784x20
        LayoutText {#text} at (0,0) size 160x19
          text run at (0,0) width 160: "This is another paragraph"
      LayoutBlockFlow {P} at (0,108) size 784x20
        LayoutText {#text} at (0,0) size 157x19
          text run at (0,0) width 157: "This is a third paragraph."
