layer at (0,0) size 800x600
  LayoutView at (0,0) size 800x600
layer at (0,0) size 800x20
  LayoutBlockFlow {P} at (0,0) size 800x20
    LayoutText {#text} at (0,0) size 140x19
      text run at (0,0) width 140: "Hello World, Success!"
