layer at (0,0) size 800x600
  LayoutView at (0,0) size 800x600
layer at (0,0) size 800x600
  LayoutBlockFlow {HTML} at (0,0) size 800x600
    LayoutBlockFlow {BODY} at (8,8) size 784x576
      LayoutBlockFlow {P} at (0,0) size 784x20
        LayoutText {#text} at (0,0) size 509x19
          text run at (0,0) width 509: "Here is an attempt to extract the string \"Hello, Webkit!\" from the file findme.xml:"
      LayoutBlockFlow {P} at (0,36) size 784x20
        LayoutText {#text} at (0,0) size 375x19
          text run at (0,0) width 283: "using document('file:resources/findme.xml'): "
          text run at (283,0) width 92: "Hello, Webkit!"
      LayoutBlockFlow {P} at (0,72) size 784x20
        LayoutText {#text} at (0,0) size 351x19
          text run at (0,0) width 259: "using document('resources/findme.xml'): "
          text run at (259,0) width 92: "Hello, Webkit!"
