layer at (0,0) size 800x600
  LayoutView at (0,0) size 800x600
layer at (0,0) size 800x600
  LayoutBlockFlow {HTML} at (0,0) size 800x600
    LayoutBlockFlow {BODY} at (8,8) size 784x576
      LayoutBlockFlow {DIV} at (0,0) size 784x40
        LayoutBlockFlow {UL} at (0,0) size 784x40
          LayoutListItem {LI} at (40,0) size 744x20
            LayoutListMarker (anonymous) at (-18,0) size 7x19: bullet
            LayoutInline {A} at (0,0) size 39x19 [color=#0000EE]
              LayoutText {#text} at (705,0) size 39x19
                text run at (705,0) width 39: "Home"
          LayoutListItem {LI} at (40,20) size 744x20
            LayoutListMarker (anonymous) at (-18,0) size 7x19: bullet
            LayoutInline {A} at (0,0) size 57x19 [color=#0000EE]
              LayoutText {#text} at (687,0) size 57x19
                text run at (687,0) width 57: "Archives"
      LayoutBlockFlow {P} at (0,56) size 784x40
        LayoutText {#text} at (0,0) size 764x39
          text run at (0,0) width 537: "This test case illustrates the correct positioning of list item bullets according to CSS3. "
          text run at (537,0) width 227: "The bullets should be on the far left,"
          text run at (0,20) width 278: "with the text of the list items on the far right."
