layer at (0,0) size 800x600
  LayoutView at (0,0) size 800x600
layer at (0,0) size 500x600
  LayoutBlockFlow {HTML} at (0,0) size 500x600
    LayoutBlockFlow {BODY} at (16,8) size 332x584
      LayoutBlockFlow (floating) {DIV} at (0,0) size 484x350.39
        LayoutBlockFlow {P} at (16,0) size 80x350.39
          LayoutText {#text} at (0,0) size 39x319
            text run at (0,0) width 319: "This test case illustrates incorrect positioning of list"
            text run at (20,0) width 92: "items within a "
          LayoutInline {CODE} at (0,0) size 16x136
            LayoutText {#text} at (20,92) size 16x136
              text run at (20,92) width 136: "text-align: right"
          LayoutText {#text} at (20,228) size 19x71
            text run at (20,228) width 71: " div after a "
          LayoutInline {CODE} at (0,0) size 36x347
            LayoutText {#text} at (20,299) size 36x347
              text run at (20,299) width 48: "float:"
              text run at (40,0) width 32: "left"
          LayoutText {#text} at (40,32) size 19x31
            text run at (40,32) width 31: " div. "
          LayoutInline {A} at (0,0) size 19x193 [color=#0000EE]
            LayoutText {#text} at (40,62) size 19x193
              text run at (40,62) width 192: "Screenshot of correct behavior"
          LayoutText {#text} at (40,254) size 19x9
            text run at (40,254) width 8: "; "
          LayoutInline {A} at (0,0) size 39x346 [color=#0000EE]
            LayoutText {#text} at (40,262) size 39x346
              text run at (40,262) width 83: "screenshot of"
              text run at (60,0) width 37: "Safari"
          LayoutText {#text} at (60,37) size 19x4
            text run at (60,37) width 4: "."
        LayoutBlockFlow {P} at (112,0) size 60x350.39
          LayoutText {#text} at (0,0) size 39x304
            text run at (0,0) width 304: "This bug only occurs on pages with a standards-"
            text run at (20,0) width 150: "compliant DOCTYPE. "
          LayoutInline {A} at (0,0) size 39x330 [color=#0000EE]
            LayoutText {#text} at (20,150) size 39x330
              text run at (20,150) width 180: "View this test case without a"
              text run at (40,0) width 76: "DOCTYPE"
          LayoutText {#text} at (40,76) size 19x4
            text run at (40,76) width 4: "."
        LayoutBlockFlow {OL} at (188,0) size 280x350.39
          LayoutListItem {LI} at (0,40) size 40x310.39
            LayoutListMarker (anonymous) at (0,-16) size 19x16: "1"
            LayoutText {#text} at (0,0) size 39x302
              text run at (0,0) width 159: "New larger PowerBook. "
              text run at (0,158) width 143: "Still 1 GHz, but with a"
              text run at (20,0) width 144: "17-inch screen. $3299."
          LayoutListItem {LI} at (40,40) size 40x310.39
            LayoutListMarker (anonymous) at (0,-16) size 19x16: "2"
            LayoutText {#text} at (0,0) size 39x307
              text run at (0,0) width 307: "New smaller PowerBook, with a 12-inch screen."
              text run at (20,0) width 44: "$1799."
          LayoutListItem {LI} at (80,40) size 100x310.39
            LayoutListMarker (anonymous) at (0,-16) size 19x16: "3"
            LayoutText {#text} at (0,0) size 19x94
              text run at (0,0) width 94: "New browser: "
            LayoutInline {A} at (0,0) size 19x37 [color=#0000EE]
              LayoutText {#text} at (0,94) size 19x37
                text run at (0,94) width 37: "Safari"
            LayoutText {#text} at (0,131) size 19x71
              text run at (0,131) width 8: ". "
              text run at (0,139) width 63: "Engine is "
            LayoutInline {A} at (0,0) size 19x76 [color=#0000EE]
              LayoutText {#text} at (0,202) size 19x76
                text run at (0,202) width 76: "open source"
            LayoutText {#text} at (0,278) size 19x16
              text run at (0,278) width 16: " (a"
            LayoutInline {A} at (0,0) size 19x106 [color=#0000EE]
              LayoutText {#text} at (20,0) size 19x106
                text run at (20,0) width 106: "modified version"
            LayoutText {#text} at (20,106) size 19x21
              text run at (20,106) width 21: " of "
            LayoutInline {A} at (0,0) size 19x58 [color=#0000EE]
              LayoutText {#text} at (20,127) size 19x58
                text run at (20,127) width 58: "KHTML"
            LayoutText {#text} at (20,185) size 79x299
              text run at (20,185) width 75: "), rest of the"
              text run at (40,0) width 297: "application is free but not open source (just like"
              text run at (60,0) width 57: "the OS). "
              text run at (60,57) width 123: "Only runs on 10.2. "
              text run at (60,180) width 119: "Currently in public"
              text run at (80,0) width 30: "beta."
          LayoutListItem {LI} at (180,40) size 40x310.39
            LayoutListMarker (anonymous) at (0,-16) size 19x16: "4"
            LayoutText {#text} at (0,0) size 39x264
              text run at (0,0) width 239: "New presentation software: Keynote. "
              text run at (0,239) width 25: "The"
              text run at (20,0) width 160: "software Steve Jobs uses."
          LayoutListItem {LI} at (220,40) size 40x310.39
            LayoutListMarker (anonymous) at (0,-16) size 19x16: "5"
            LayoutText {#text} at (0,0) size 19x108
              text run at (0,0) width 108: "New versions of "
            LayoutInline {A} at (0,0) size 19x45 [color=#0000EE]
              LayoutText {#text} at (0,108) size 19x45
                text run at (0,108) width 45: "iMovie"
            LayoutText {#text} at (0,153) size 19x8
              text run at (0,153) width 8: ", "
            LayoutInline {A} at (0,0) size 19x41 [color=#0000EE]
              LayoutText {#text} at (0,161) size 19x41
                text run at (0,161) width 41: "iPhoto"
            LayoutText {#text} at (0,202) size 19x8
              text run at (0,202) width 8: ", "
            LayoutInline {A} at (0,0) size 19x43 [color=#0000EE]
              LayoutText {#text} at (0,210) size 19x43
                text run at (0,210) width 43: "iTunes"
            LayoutText {#text} at (0,252) size 39x257
              text run at (0,252) width 4: "."
              text run at (20,0) width 166: "Bundled into a box called "
            LayoutInline {A} at (0,0) size 19x30 [color=#0000EE]
              LayoutText {#text} at (20,166) size 19x30
                text run at (20,166) width 30: "iLife"
            LayoutText {#text} at (20,196) size 19x58
              text run at (20,196) width 58: ", for $49."
          LayoutListItem {LI} at (260,40) size 20x310.39
            LayoutListMarker (anonymous) at (0,-16) size 19x16: "6"
            LayoutInline {A} at (0,0) size 19x113 [color=#0000EE]
              LayoutText {#text} at (0,0) size 19x113
                text run at (0,0) width 113: "Final Cut Express"
            LayoutText {#text} at (0,113) size 19x166
              text run at (0,113) width 130: " for creating DVDs. "
              text run at (0,243) width 36: "$299."
      LayoutBlockFlow {DIV} at (0,0) size 332x584
        LayoutBlockFlow {UL} at (0,0) size 160x584
          LayoutListItem {LI} at (0,40) size 20x544
            LayoutListMarker (anonymous) at (0,292.39) size 19x7: bullet
            LayoutInline {A} at (0,0) size 19x40 [color=#0000EE]
              LayoutText {#text} at (0,504) size 19x40
                text run at (0,504) width 40: "About"
          LayoutListItem {LI} at (20,40) size 20x544
            LayoutListMarker (anonymous) at (0,292.39) size 19x7: bullet
            LayoutInline {A} at (0,0) size 19x55 [color=#0000EE]
              LayoutText {#text} at (0,489) size 19x55
                text run at (0,489) width 55: "Site map"
          LayoutListItem {LI} at (40,40) size 20x544
            LayoutListMarker (anonymous) at (0,292.39) size 19x7: bullet
            LayoutInline {A} at (0,0) size 19x57 [color=#0000EE]
              LayoutText {#text} at (0,487) size 19x57
                text run at (0,487) width 57: "Archives"
          LayoutListItem {LI} at (60,40) size 20x544
            LayoutListMarker (anonymous) at (0,292.39) size 19x7: bullet
            LayoutInline {A} at (0,0) size 19x50 [color=#0000EE]
              LayoutText {#text} at (0,494) size 19x50
                text run at (0,494) width 50: "Projects"
          LayoutListItem {LI} at (80,40) size 20x544
            LayoutListMarker (anonymous) at (0,292.39) size 19x7: bullet
            LayoutInline {A} at (0,0) size 19x43 [color=#0000EE]
              LayoutText {#text} at (0,501) size 19x43
                text run at (0,501) width 43: "Photos"
          LayoutListItem {LI} at (100,40) size 20x544
            LayoutListMarker (anonymous) at (0,292.39) size 19x7: bullet
            LayoutInline {A} at (0,0) size 19x55 [color=#0000EE]
              LayoutText {#text} at (0,489) size 19x55
                text run at (0,489) width 55: "Statistics"
          LayoutListItem {LI} at (120,40) size 20x544
            LayoutListMarker (anonymous) at (0,292.39) size 19x7: bullet
            LayoutInline {A} at (0,0) size 19x144 [color=#0000EE]
              LayoutText {#text} at (0,400) size 19x144
                text run at (0,400) width 144: "Accessibility statement"
          LayoutListItem {LI} at (140,40) size 20x544
            LayoutListMarker (anonymous) at (0,292.39) size 19x7: bullet
            LayoutInline {A} at (0,0) size 19x29 [color=#0000EE]
              LayoutText {#text} at (0,432) size 19x29
                text run at (0,432) width 29: "RSS"
            LayoutText {#text} at (0,461) size 19x9
              text run at (0,461) width 9: " ("
            LayoutInline {A} at (0,0) size 19x69 [color=#0000EE]
              LayoutText {#text} at (0,470) size 19x69
                text run at (0,470) width 69: "more feeds"
            LayoutText {#text} at (0,539) size 19x5
              text run at (0,539) width 5: ")"
        LayoutBlockFlow {UL} at (176,0) size 20x584
          LayoutListItem {LI} at (0,40) size 20x544
            LayoutListMarker (anonymous) at (0,292.39) size 19x7: bullet
            LayoutInline {A} at (0,0) size 19x88 [color=#0000EE]
              LayoutText {#text} at (0,456) size 19x88
                text run at (0,456) width 88: "What is RSS?"
        LayoutBlockFlow {UL} at (212,0) size 120x584
          LayoutListItem {LI} at (0,40) size 20x544
            LayoutListMarker (anonymous) at (0,292.39) size 19x7: bullet
            LayoutInline {A} at (0,0) size 19x91 [color=#0000EE]
              LayoutText {#text} at (0,453) size 19x91
                text run at (0,453) width 91: "RSS Validator"
          LayoutListItem {LI} at (20,40) size 20x544
            LayoutListMarker (anonymous) at (0,292.39) size 19x7: bullet
            LayoutInline {A} at (0,0) size 19x145 [color=#0000EE]
              LayoutText {#text} at (0,399) size 19x145
                text run at (0,399) width 145: "Dive Into Accessibility"
          LayoutListItem {LI} at (40,40) size 20x544
            LayoutListMarker (anonymous) at (0,292.39) size 19x7: bullet
            LayoutInline {A} at (0,0) size 19x101 [color=#0000EE]
              LayoutText {#text} at (0,443) size 19x101
                text run at (0,443) width 101: "Dive Into OS X"
          LayoutListItem {LI} at (60,40) size 20x544
            LayoutListMarker (anonymous) at (0,292.39) size 19x7: bullet
            LayoutInline {A} at (0,0) size 19x98 [color=#0000EE]
              LayoutText {#text} at (0,446) size 19x98
                text run at (0,446) width 98: "Dive Into J2EE"
          LayoutListItem {LI} at (80,40) size 20x544
            LayoutListMarker (anonymous) at (0,292.39) size 19x7: bullet
            LayoutInline {A} at (0,0) size 19x109 [color=#0000EE]
              LayoutText {#text} at (0,435) size 19x109
                text run at (0,435) width 109: "Dive Into Python"
          LayoutListItem {LI} at (100,40) size 20x544
            LayoutListMarker (anonymous) at (0,292.39) size 19x7: bullet
            LayoutInline {A} at (0,0) size 19x45 [color=#0000EE]
              LayoutText {#text} at (0,499) size 19x45
                text run at (0,499) width 45: "r\x{E9}sum\x{E9}"
