layer at (0,0) size 800x600
  LayoutView at (0,0) size 800x600
layer at (0,0) size 800x380
  LayoutBlockFlow {HTML} at (0,0) size 800x380
    LayoutBlockFlow {BODY} at (8,16) size 784x332
      LayoutBlockFlow (floating) {DIV} at (0,0) size 470.39x364
        LayoutBlockFlow {P} at (0,16) size 470.39x60
          LayoutText {#text} at (0,0) size 415x19
            text run at (0,0) width 415: "This test case illustrates incorrect positioning of list items within a "
          LayoutInline {CODE} at (0,0) size 455x36
            LayoutText {#text} at (415,3) size 455x36
              text run at (415,3) width 40: "text-"
              text run at (0,23) width 96: "align: right"
          LayoutText {#text} at (96,20) size 71x19
            text run at (96,20) width 71: " div after a "
          LayoutInline {CODE} at (0,0) size 88x16
            LayoutText {#text} at (167,23) size 88x16
              text run at (167,23) width 88: "float: left"
          LayoutText {#text} at (255,20) size 31x19
            text run at (255,20) width 31: " div. "
          LayoutInline {A} at (0,0) size 419x39 [color=#0000EE]
            LayoutText {#text} at (285,20) size 419x39
              text run at (285,20) width 134: "Screenshot of correct"
              text run at (0,40) width 55: "behavior"
          LayoutText {#text} at (55,40) size 8x19
            text run at (55,40) width 8: "; "
          LayoutInline {A} at (0,0) size 124x19 [color=#0000EE]
            LayoutText {#text} at (63,40) size 124x19
              text run at (63,40) width 124: "screenshot of Safari"
          LayoutText {#text} at (187,40) size 4x19
            text run at (187,40) width 4: "."
        LayoutBlockFlow {P} at (0,92) size 470.39x40
          LayoutText {#text} at (0,0) size 450x19
            text run at (0,0) width 450: "This bug only occurs on pages with a standards-compliant DOCTYPE."
          LayoutInline {A} at (0,0) size 260x19 [color=#0000EE]
            LayoutText {#text} at (0,20) size 260x19
              text run at (0,20) width 260: "View this test case without a DOCTYPE"
          LayoutText {#text} at (259,20) size 5x19
            text run at (259,20) width 5: "."
        LayoutBlockFlow {OL} at (0,148) size 470.39x200
          LayoutListItem {LI} at (40,0) size 430.39x40
            LayoutListMarker (anonymous) at (-16,0) size 16x19: "1"
            LayoutText {#text} at (0,0) size 402x39
              text run at (0,0) width 159: "New larger PowerBook. "
              text run at (158,0) width 244: "Still 1 GHz, but with a 17-inch screen."
              text run at (0,20) width 44: "$3299."
          LayoutListItem {LI} at (40,40) size 430.39x20
            LayoutListMarker (anonymous) at (-16,0) size 16x19: "2"
            LayoutText {#text} at (0,0) size 355x19
              text run at (0,0) width 311: "New smaller PowerBook, with a 12-inch screen. "
              text run at (311,0) width 44: "$1799."
          LayoutListItem {LI} at (40,60) size 430.39x60
            LayoutListMarker (anonymous) at (-16,0) size 16x19: "3"
            LayoutText {#text} at (0,0) size 94x19
              text run at (0,0) width 94: "New browser: "
            LayoutInline {A} at (0,0) size 37x19 [color=#0000EE]
              LayoutText {#text} at (94,0) size 37x19
                text run at (94,0) width 37: "Safari"
            LayoutText {#text} at (131,0) size 71x19
              text run at (131,0) width 8: ". "
              text run at (139,0) width 63: "Engine is "
            LayoutInline {A} at (0,0) size 76x19 [color=#0000EE]
              LayoutText {#text} at (202,0) size 76x19
                text run at (202,0) width 76: "open source"
            LayoutText {#text} at (278,0) size 20x19
              text run at (278,0) width 20: " (a "
            LayoutInline {A} at (0,0) size 106x19 [color=#0000EE]
              LayoutText {#text} at (298,0) size 106x19
                text run at (298,0) width 106: "modified version"
            LayoutText {#text} at (404,0) size 17x19
              text run at (404,0) width 17: " of"
            LayoutInline {A} at (0,0) size 58x19 [color=#0000EE]
              LayoutText {#text} at (0,20) size 58x19
                text run at (0,20) width 58: "KHTML"
            LayoutText {#text} at (58,20) size 407x39
              text run at (58,20) width 349: "), rest of the application is free but not open source (just"
              text run at (0,40) width 84: "like the OS). "
              text run at (84,40) width 123: "Only runs on 10.2. "
              text run at (207,40) width 153: "Currently in public beta."
          LayoutListItem {LI} at (40,120) size 430.39x20
            LayoutListMarker (anonymous) at (-16,0) size 16x19: "4"
            LayoutText {#text} at (0,0) size 428x19
              text run at (0,0) width 239: "New presentation software: Keynote. "
              text run at (239,0) width 189: "The software Steve Jobs uses."
          LayoutListItem {LI} at (40,140) size 430.39x40
            LayoutListMarker (anonymous) at (-16,0) size 16x19: "5"
            LayoutText {#text} at (0,0) size 108x19
              text run at (0,0) width 108: "New versions of "
            LayoutInline {A} at (0,0) size 45x19 [color=#0000EE]
              LayoutText {#text} at (108,0) size 45x19
                text run at (108,0) width 45: "iMovie"
            LayoutText {#text} at (153,0) size 8x19
              text run at (153,0) width 8: ", "
            LayoutInline {A} at (0,0) size 41x19 [color=#0000EE]
              LayoutText {#text} at (161,0) size 41x19
                text run at (161,0) width 41: "iPhoto"
            LayoutText {#text} at (202,0) size 8x19
              text run at (202,0) width 8: ", "
            LayoutInline {A} at (0,0) size 43x19 [color=#0000EE]
              LayoutText {#text} at (210,0) size 43x19
                text run at (210,0) width 43: "iTunes"
            LayoutText {#text} at (252,0) size 171x19
              text run at (252,0) width 9: ". "
              text run at (260,0) width 163: "Bundled into a box called"
            LayoutInline {A} at (0,0) size 30x19 [color=#0000EE]
              LayoutText {#text} at (0,20) size 30x19
                text run at (0,20) width 30: "iLife"
            LayoutText {#text} at (30,20) size 58x19
              text run at (30,20) width 58: ", for $49."
          LayoutListItem {LI} at (40,180) size 430.39x20
            LayoutListMarker (anonymous) at (-16,0) size 16x19: "6"
            LayoutInline {A} at (0,0) size 113x19 [color=#0000EE]
              LayoutText {#text} at (0,0) size 113x19
                text run at (0,0) width 113: "Final Cut Express"
            LayoutText {#text} at (113,0) size 166x19
              text run at (113,0) width 130: " for creating DVDs. "
              text run at (243,0) width 36: "$299."
      LayoutBlockFlow {DIV} at (0,0) size 784x332
        LayoutBlockFlow {UL} at (0,0) size 784x160
          LayoutListItem {LI} at (40,0) size 744x20
            LayoutListMarker (anonymous) at (412.39,0) size 7x19: bullet
            LayoutInline {A} at (0,0) size 40x19 [color=#0000EE]
              LayoutText {#text} at (704,0) size 40x19
                text run at (704,0) width 40: "About"
          LayoutListItem {LI} at (40,20) size 744x20
            LayoutListMarker (anonymous) at (412.39,0) size 7x19: bullet
            LayoutInline {A} at (0,0) size 55x19 [color=#0000EE]
              LayoutText {#text} at (689,0) size 55x19
                text run at (689,0) width 55: "Site map"
          LayoutListItem {LI} at (40,40) size 744x20
            LayoutListMarker (anonymous) at (412.39,0) size 7x19: bullet
            LayoutInline {A} at (0,0) size 57x19 [color=#0000EE]
              LayoutText {#text} at (687,0) size 57x19
                text run at (687,0) width 57: "Archives"
          LayoutListItem {LI} at (40,60) size 744x20
            LayoutListMarker (anonymous) at (412.39,0) size 7x19: bullet
            LayoutInline {A} at (0,0) size 50x19 [color=#0000EE]
              LayoutText {#text} at (694,0) size 50x19
                text run at (694,0) width 50: "Projects"
          LayoutListItem {LI} at (40,80) size 744x20
            LayoutListMarker (anonymous) at (412.39,0) size 7x19: bullet
            LayoutInline {A} at (0,0) size 43x19 [color=#0000EE]
              LayoutText {#text} at (701,0) size 43x19
                text run at (701,0) width 43: "Photos"
          LayoutListItem {LI} at (40,100) size 744x20
            LayoutListMarker (anonymous) at (412.39,0) size 7x19: bullet
            LayoutInline {A} at (0,0) size 55x19 [color=#0000EE]
              LayoutText {#text} at (689,0) size 55x19
                text run at (689,0) width 55: "Statistics"
          LayoutListItem {LI} at (40,120) size 744x20
            LayoutListMarker (anonymous) at (412.39,0) size 7x19: bullet
            LayoutInline {A} at (0,0) size 144x19 [color=#0000EE]
              LayoutText {#text} at (600,0) size 144x19
                text run at (600,0) width 144: "Accessibility statement"
          LayoutListItem {LI} at (40,140) size 744x20
            LayoutListMarker (anonymous) at (412.39,0) size 7x19: bullet
            LayoutInline {A} at (0,0) size 29x19 [color=#0000EE]
              LayoutText {#text} at (632,0) size 29x19
                text run at (632,0) width 29: "RSS"
            LayoutText {#text} at (661,0) size 9x19
              text run at (661,0) width 9: " ("
            LayoutInline {A} at (0,0) size 69x19 [color=#0000EE]
              LayoutText {#text} at (670,0) size 69x19
                text run at (670,0) width 69: "more feeds"
            LayoutText {#text} at (739,0) size 5x19
              text run at (739,0) width 5: ")"
        LayoutBlockFlow {UL} at (0,176) size 784x20
          LayoutListItem {LI} at (40,0) size 744x20
            LayoutListMarker (anonymous) at (412.39,0) size 7x19: bullet
            LayoutInline {A} at (0,0) size 88x19 [color=#0000EE]
              LayoutText {#text} at (656,0) size 88x19
                text run at (656,0) width 88: "What is RSS?"
        LayoutBlockFlow {UL} at (0,212) size 784x120
          LayoutListItem {LI} at (40,0) size 744x20
            LayoutListMarker (anonymous) at (412.39,0) size 7x19: bullet
            LayoutInline {A} at (0,0) size 91x19 [color=#0000EE]
              LayoutText {#text} at (653,0) size 91x19
                text run at (653,0) width 91: "RSS Validator"
          LayoutListItem {LI} at (40,20) size 744x20
            LayoutListMarker (anonymous) at (412.39,0) size 7x19: bullet
            LayoutInline {A} at (0,0) size 145x19 [color=#0000EE]
              LayoutText {#text} at (599,0) size 145x19
                text run at (599,0) width 145: "Dive Into Accessibility"
          LayoutListItem {LI} at (40,40) size 744x20
            LayoutListMarker (anonymous) at (412.39,0) size 7x19: bullet
            LayoutInline {A} at (0,0) size 101x19 [color=#0000EE]
              LayoutText {#text} at (643,0) size 101x19
                text run at (643,0) width 101: "Dive Into OS X"
          LayoutListItem {LI} at (40,60) size 744x20
            LayoutListMarker (anonymous) at (412.39,0) size 7x19: bullet
            LayoutInline {A} at (0,0) size 98x19 [color=#0000EE]
              LayoutText {#text} at (646,0) size 98x19
                text run at (646,0) width 98: "Dive Into J2EE"
          LayoutListItem {LI} at (40,80) size 744x20
            LayoutListMarker (anonymous) at (412.39,0) size 7x19: bullet
            LayoutInline {A} at (0,0) size 109x19 [color=#0000EE]
              LayoutText {#text} at (635,0) size 109x19
                text run at (635,0) width 109: "Dive Into Python"
          LayoutListItem {LI} at (40,100) size 744x20
            LayoutListMarker (anonymous) at (412.39,0) size 7x19: bullet
            LayoutInline {A} at (0,0) size 45x19 [color=#0000EE]
              LayoutText {#text} at (699,0) size 45x19
                text run at (699,0) width 45: "r\x{E9}sum\x{E9}"
