layer at (0,0) size 800x600
  LayoutView at (0,0) size 800x600
layer at (0,0) size 800x600
  LayoutBlockFlow {HTML} at (0,0) size 800x600
    LayoutBlockFlow {BODY} at (8,8) size 784x584
      LayoutTable {TABLE} at (0,0) size 61x26 [border: (2px outset #808080)]
        LayoutTableSection {TBODY} at (2,2) size 57x22
          LayoutTableRow {TR} at (0,0) size 57x22
            LayoutTableCell {TD} at (0,0) size 24x22 [border: (1px inset #808080)] [r=0 c=0 rs=1 cs=1]
              LayoutListItem {LI} at (1,1) size 22x20
                LayoutListMarker (anonymous) at (-1,0) size 7x19: bullet
                LayoutImage {IMG} at (22,15) size 0x0
            LayoutTableCell {TD} at (24,0) size 33x22 [border: (1px inset #808080)] [r=0 c=1 rs=1 cs=1]
              LayoutText {#text} at (1,1) size 31x19
                text run at (1,1) width 31: "hello"
