layer at (0,0) size 800x600
  LayoutView at (0,0) size 800x600
layer at (0,0) size 800x600
  LayoutBlockFlow {HTML} at (0,0) size 800x600
    LayoutBlockFlow {BODY} at (8,8) size 784x576
      LayoutBlockFlow {UL} at (0,0) size 784x80 [bgcolor=#808080] [border: none (25px solid #008000)]
        LayoutListItem {LI} at (50,0) size 734x20
          LayoutListMarker (anonymous) at (-18,0) size 7x19: bullet
          LayoutText {#text} at (0,0) size 715x19
            text run at (0,0) width 715: "The left padding on this unordered list has been set to 25 pixels, which will require some extra test in order to test."
        LayoutListItem {LI} at (50,20) size 734x60 [bgcolor=#FFFFFF] [border: none (25px solid #008000)]
          LayoutListMarker (anonymous) at (-18,0) size 7x19: bullet
          LayoutText {#text} at (50,0) size 682x59
            text run at (50,0) width 656: "Another list item might not be such a bad idea, either, considering that such things do need to be double-"
            text run at (50,20) width 60: "checked. "
            text run at (110,20) width 622: "This list item has its left padding also set to 25 pixels, which should combine with the list's padding"
            text run at (50,40) width 180: "to make 50 pixels of margin."
