layer at (0,0) size 800x600
  LayoutView at (0,0) size 800x600
layer at (0,0) size 800x600
  LayoutBlockFlow {HTML} at (0,0) size 800x600
    LayoutBlockFlow {BODY} at (8,8) size 776x584
      LayoutBlockFlow {UL} at (0,0) size 120x584 [bgcolor=#808080] [border: (25px solid #008000) none]
        LayoutListItem {LI} at (0,50) size 40x534
          LayoutListMarker (anonymous) at (0,-18) size 19x7: bullet
          LayoutText {#text} at (0,0) size 39x520
            text run at (0,0) width 520: "The top padding on this unordered list has been set to 25 pixels, which will require"
            text run at (20,0) width 191: "some extra test in order to test."
        LayoutListItem {LI} at (40,50) size 80x534 [bgcolor=#FFFFFF] [border: (25px solid #008000) none]
          LayoutListMarker (anonymous) at (0,-18) size 19x7: bullet
          LayoutText {#text} at (0,50) size 79x473
            text run at (0,50) width 473: "Another list item might not be such a bad idea, either, considering that such"
            text run at (20,50) width 239: "things do need to be double-checked. "
            text run at (20,289) width 232: "This list item has its left padding also"
            text run at (40,50) width 460: "set to 25 pixels, which should combine with the list's padding to make 50"
            text run at (60,50) width 106: "pixels of margin."
