layer at (0,0) size 800x600 clip at (0,0) size 785x600 scrollHeight 2024
  LayoutView at (0,0) size 800x600
layer at (0,0) size 785x2024 backgroundClip at (0,0) size 785x600 clip at (0,0) size 785x600
  LayoutBlockFlow {HTML} at (0,0) size 785x2024
    LayoutBlockFlow {BODY} at (8,8) size 769x2000
      LayoutBlockFlow {UL} at (0,0) size 182x142 [border: (1px solid #0000FF)]
        LayoutListItem {LI} at (41,1) size 140x40 [border: (5px solid #FFA500)]
          LayoutListMarker (anonymous) at (-18,10) size 7x19: bullet
          LayoutText {#text} at (10,10) size 59x19
            text run at (10,10) width 59: "First item"
        LayoutListItem {LI} at (41,41) size 140x60 [border: (5px solid #FFA500)]
          LayoutListMarker (anonymous) at (-18,10) size 7x19: bullet
          LayoutText {#text} at (10,10) size 106x39
            text run at (10,10) width 106: "Second and very"
            text run at (10,30) width 91: "very long item"
        LayoutListItem {LI} at (41,101) size 140x40 [border: (5px solid #FFA500)]
          LayoutListMarker (anonymous) at (-18,10) size 7x19: bullet
          LayoutText {#text} at (10,10) size 66x19
            text run at (10,10) width 66: "Third item"
      LayoutBlockFlow {UL} at (0,158) size 182x142 [border: (1px solid #FF0000)]
        LayoutListItem {LI} at (1,1) size 140x40 [border: (5px solid #FFA500)]
          LayoutListMarker (anonymous) at (151,10) size 7x19: bullet
          LayoutText {#text} at (71,10) size 59x19
            text run at (71,10) width 59: "First item"
        LayoutListItem {LI} at (1,41) size 140x60 [border: (5px solid #FFA500)]
          LayoutListMarker (anonymous) at (151,10) size 7x19: bullet
          LayoutText {#text} at (24,10) size 106x39
            text run at (24,10) width 106: "Second and very"
            text run at (39,30) width 91: "very long item"
        LayoutListItem {LI} at (1,101) size 140x40 [border: (5px solid #FFA500)]
          LayoutListMarker (anonymous) at (151,10) size 7x19: bullet
          LayoutText {#text} at (64,10) size 66x19
            text run at (64,10) width 66: "Third item"
      LayoutBlockFlow {UL} at (0,316) size 182x162 [border: (1px solid #0000FF)]
        LayoutListItem {LI} at (41,1) size 140x40 [border: (5px solid #FFA500)]
          LayoutListMarker (anonymous) at (9,10) size 7x19: bullet
          LayoutText {#text} at (32,10) size 59x19
            text run at (32,10) width 59: "First item"
        LayoutListItem {LI} at (41,41) size 140x80 [border: (5px solid #FFA500)]
          LayoutListMarker (anonymous) at (9,10) size 7x19: bullet
          LayoutText {#text} at (32,10) size 96x59
            text run at (32,10) width 74: "Second and"
            text run at (10,30) width 92: "very very long"
            text run at (10,50) width 27: "item"
        LayoutListItem {LI} at (41,121) size 140x40 [border: (5px solid #FFA500)]
          LayoutListMarker (anonymous) at (9,10) size 7x19: bullet
          LayoutText {#text} at (32,10) size 66x19
            text run at (32,10) width 66: "Third item"
      LayoutBlockFlow {UL} at (0,494) size 182x162 [border: (1px solid #FF0000)]
        LayoutListItem {LI} at (1,1) size 140x40 [border: (5px solid #FFA500)]
          LayoutListMarker (anonymous) at (124,10) size 7x19: bullet
          LayoutText {#text} at (49,10) size 59x19
            text run at (49,10) width 59: "First item"
        LayoutListItem {LI} at (1,41) size 140x80 [border: (5px solid #FFA500)]
          LayoutListMarker (anonymous) at (124,10) size 7x19: bullet
          LayoutText {#text} at (34,10) size 96x59
            text run at (34,10) width 74: "Second and"
            text run at (38,30) width 92: "very very long"
            text run at (103,50) width 27: "item"
        LayoutListItem {LI} at (1,121) size 140x40 [border: (5px solid #FFA500)]
          LayoutListMarker (anonymous) at (124,10) size 7x19: bullet
          LayoutText {#text} at (42,10) size 66x19
            text run at (42,10) width 66: "Third item"
      LayoutBlockFlow {UL} at (0,672) size 182x142 [border: (1px solid #0000FF)]
        LayoutListItem {LI} at (41,1) size 140x40 [border: (5px solid #FFA500)]
          LayoutListMarker (anonymous) at (-17,15) size 10x10
          LayoutText {#text} at (10,10) size 59x19
            text run at (10,10) width 59: "First item"
        LayoutListItem {LI} at (41,41) size 140x60 [border: (5px solid #FFA500)]
          LayoutListMarker (anonymous) at (-17,15) size 10x10
          LayoutText {#text} at (10,10) size 106x39
            text run at (10,10) width 106: "Second and very"
            text run at (10,30) width 91: "very long item"
        LayoutListItem {LI} at (41,101) size 140x40 [border: (5px solid #FFA500)]
          LayoutListMarker (anonymous) at (-17,15) size 10x10
          LayoutText {#text} at (10,10) size 66x19
            text run at (10,10) width 66: "Third item"
      LayoutBlockFlow {UL} at (0,830) size 182x142 [border: (1px solid #FF0000)]
        LayoutListItem {LI} at (1,1) size 140x40 [border: (5px solid #FFA500)]
          LayoutListMarker (anonymous) at (147,15) size 10x10
          LayoutText {#text} at (71,10) size 59x19
            text run at (71,10) width 59: "First item"
        LayoutListItem {LI} at (1,41) size 140x60 [border: (5px solid #FFA500)]
          LayoutListMarker (anonymous) at (147,15) size 10x10
          LayoutText {#text} at (24,10) size 106x39
            text run at (24,10) width 106: "Second and very"
            text run at (39,30) width 91: "very long item"
        LayoutListItem {LI} at (1,101) size 140x40 [border: (5px solid #FFA500)]
          LayoutListMarker (anonymous) at (147,15) size 10x10
          LayoutText {#text} at (64,10) size 66x19
            text run at (64,10) width 66: "Third item"
      LayoutBlockFlow {UL} at (0,988) size 182x162 [border: (1px solid #0000FF)]
        LayoutListItem {LI} at (41,1) size 140x40 [border: (5px solid #FFA500)]
          LayoutListMarker (anonymous) at (10,15) size 10x10
          LayoutText {#text} at (27,10) size 59x19
            text run at (27,10) width 59: "First item"
        LayoutListItem {LI} at (41,41) size 140x80 [border: (5px solid #FFA500)]
          LayoutListMarker (anonymous) at (10,15) size 10x10
          LayoutText {#text} at (27,10) size 92x59
            text run at (27,10) width 74: "Second and"
            text run at (10,30) width 92: "very very long"
            text run at (10,50) width 27: "item"
        LayoutListItem {LI} at (41,121) size 140x40 [border: (5px solid #FFA500)]
          LayoutListMarker (anonymous) at (10,15) size 10x10
          LayoutText {#text} at (27,10) size 66x19
            text run at (27,10) width 66: "Third item"
      LayoutBlockFlow {UL} at (0,1166) size 182x162 [border: (1px solid #FF0000)]
        LayoutListItem {LI} at (1,1) size 140x40 [border: (5px solid #FFA500)]
          LayoutListMarker (anonymous) at (120,15) size 10x10
          LayoutText {#text} at (54,10) size 59x19
            text run at (54,10) width 59: "First item"
        LayoutListItem {LI} at (1,41) size 140x80 [border: (5px solid #FFA500)]
          LayoutListMarker (anonymous) at (120,15) size 10x10
          LayoutText {#text} at (39,10) size 92x59
            text run at (39,10) width 74: "Second and"
            text run at (38,30) width 92: "very very long"
            text run at (103,50) width 27: "item"
        LayoutListItem {LI} at (1,121) size 140x40 [border: (5px solid #FFA500)]
          LayoutListMarker (anonymous) at (120,15) size 10x10
          LayoutText {#text} at (47,10) size 66x19
            text run at (47,10) width 66: "Third item"
      LayoutBlockFlow {OL} at (0,1344) size 182x142 [border: (1px solid #0000FF)]
        LayoutListItem {LI} at (41,1) size 140x40 [border: (5px solid #FFA500)]
          LayoutListMarker (anonymous) at (-16,10) size 16x19: "1"
          LayoutText {#text} at (10,10) size 59x19
            text run at (10,10) width 59: "First item"
        LayoutListItem {LI} at (41,41) size 140x60 [border: (5px solid #FFA500)]
          LayoutListMarker (anonymous) at (-16,10) size 16x19: "2"
          LayoutText {#text} at (10,10) size 106x39
            text run at (10,10) width 106: "Second and very"
            text run at (10,30) width 91: "very long item"
        LayoutListItem {LI} at (41,101) size 140x40 [border: (5px solid #FFA500)]
          LayoutListMarker (anonymous) at (-16,10) size 16x19: "3"
          LayoutText {#text} at (10,10) size 66x19
            text run at (10,10) width 66: "Third item"
      LayoutBlockFlow {OL} at (0,1502) size 182x142 [border: (1px solid #FF0000)]
        LayoutListItem {LI} at (1,1) size 140x40 [border: (5px solid #FFA500)]
          LayoutListMarker (anonymous) at (140,10) size 16x19: "1"
          LayoutText {#text} at (71,10) size 59x19
            text run at (71,10) width 59: "First item"
        LayoutListItem {LI} at (1,41) size 140x60 [border: (5px solid #FFA500)]
          LayoutListMarker (anonymous) at (140,10) size 16x19: "2"
          LayoutText {#text} at (24,10) size 106x39
            text run at (24,10) width 106: "Second and very"
            text run at (39,30) width 91: "very long item"
        LayoutListItem {LI} at (1,101) size 140x40 [border: (5px solid #FFA500)]
          LayoutListMarker (anonymous) at (140,10) size 16x19: "3"
          LayoutText {#text} at (64,10) size 66x19
            text run at (64,10) width 66: "Third item"
      LayoutBlockFlow {OL} at (0,1660) size 182x162 [border: (1px solid #0000FF)]
        LayoutListItem {LI} at (41,1) size 140x40 [border: (5px solid #FFA500)]
          LayoutListMarker (anonymous) at (10,10) size 16x19: "1"
          LayoutText {#text} at (26,10) size 59x19
            text run at (26,10) width 59: "First item"
        LayoutListItem {LI} at (41,41) size 140x80 [border: (5px solid #FFA500)]
          LayoutListMarker (anonymous) at (10,10) size 16x19: "2"
          LayoutText {#text} at (26,10) size 92x59
            text run at (26,10) width 74: "Second and"
            text run at (10,30) width 92: "very very long"
            text run at (10,50) width 27: "item"
        LayoutListItem {LI} at (41,121) size 140x40 [border: (5px solid #FFA500)]
          LayoutListMarker (anonymous) at (10,10) size 16x19: "3"
          LayoutText {#text} at (26,10) size 66x19
            text run at (26,10) width 66: "Third item"
      LayoutBlockFlow {OL} at (0,1838) size 182x162 [border: (1px solid #FF0000)]
        LayoutListItem {LI} at (1,1) size 140x40 [border: (5px solid #FFA500)]
          LayoutListMarker (anonymous) at (114,10) size 16x19: "1"
          LayoutText {#text} at (55,10) size 59x19
            text run at (55,10) width 59: "First item"
        LayoutListItem {LI} at (1,41) size 140x80 [border: (5px solid #FFA500)]
          LayoutListMarker (anonymous) at (114,10) size 16x19: "2"
          LayoutText {#text} at (40,10) size 92x59
            text run at (40,10) width 74: "Second and"
            text run at (38,30) width 92: "very very long"
            text run at (103,50) width 27: "item"
        LayoutListItem {LI} at (1,121) size 140x40 [border: (5px solid #FFA500)]
          LayoutListMarker (anonymous) at (114,10) size 16x19: "3"
          LayoutText {#text} at (48,10) size 66x19
            text run at (48,10) width 66: "Third item"
