layer at (0,0) size 800x600 scrollWidth 2024
  LayoutView at (0,0) size 800x600
layer at (0,0) size 2024x600 backgroundClip at (0,0) size 800x600 clip at (0,0) size 800x600
  LayoutBlockFlow {HTML} at (0,0) size 2024x600
    LayoutBlockFlow {BODY} at (8,8) size 2000x584
      LayoutBlockFlow {UL} at (0,0) size 142x182 [border: (1px solid #0000FF)]
        LayoutListItem {LI} at (1,41) size 40x140 [border: (5px solid #FFA500)]
          LayoutListMarker (anonymous) at (10,-18) size 19x7: bullet
          LayoutText {#text} at (10,10) size 19x59
            text run at (10,10) width 59: "First item"
        LayoutListItem {LI} at (41,41) size 60x140 [border: (5px solid #FFA500)]
          LayoutListMarker (anonymous) at (10,-18) size 19x7: bullet
          LayoutText {#text} at (10,10) size 39x106
            text run at (10,10) width 106: "Second and very"
            text run at (30,10) width 91: "very long item"
        LayoutListItem {LI} at (101,41) size 40x140 [border: (5px solid #FFA500)]
          LayoutListMarker (anonymous) at (10,-18) size 19x7: bullet
          LayoutText {#text} at (10,10) size 19x66
            text run at (10,10) width 66: "Third item"
      LayoutBlockFlow {UL} at (158,0) size 142x182 [border: (1px solid #FF0000)]
        LayoutListItem {LI} at (1,1) size 40x140 [border: (5px solid #FFA500)]
          LayoutListMarker (anonymous) at (10,151) size 19x7: bullet
          LayoutText {#text} at (10,71) size 19x59
            text run at (10,71) width 59: "First item"
        LayoutListItem {LI} at (41,1) size 60x140 [border: (5px solid #FFA500)]
          LayoutListMarker (anonymous) at (10,151) size 19x7: bullet
          LayoutText {#text} at (10,24) size 39x106
            text run at (10,24) width 106: "Second and very"
            text run at (30,39) width 91: "very long item"
        LayoutListItem {LI} at (101,1) size 40x140 [border: (5px solid #FFA500)]
          LayoutListMarker (anonymous) at (10,151) size 19x7: bullet
          LayoutText {#text} at (10,64) size 19x66
            text run at (10,64) width 66: "Third item"
      LayoutBlockFlow {UL} at (316,0) size 162x182 [border: (1px solid #0000FF)]
        LayoutListItem {LI} at (1,41) size 40x140 [border: (5px solid #FFA500)]
          LayoutListMarker (anonymous) at (10,9) size 19x7: bullet
          LayoutText {#text} at (10,32) size 19x59
            text run at (10,32) width 59: "First item"
        LayoutListItem {LI} at (41,41) size 80x140 [border: (5px solid #FFA500)]
          LayoutListMarker (anonymous) at (10,9) size 19x7: bullet
          LayoutText {#text} at (10,32) size 59x96
            text run at (10,32) width 74: "Second and"
            text run at (30,10) width 92: "very very long"
            text run at (50,10) width 27: "item"
        LayoutListItem {LI} at (121,41) size 40x140 [border: (5px solid #FFA500)]
          LayoutListMarker (anonymous) at (10,9) size 19x7: bullet
          LayoutText {#text} at (10,32) size 19x66
            text run at (10,32) width 66: "Third item"
      LayoutBlockFlow {UL} at (494,0) size 162x182 [border: (1px solid #FF0000)]
        LayoutListItem {LI} at (1,1) size 40x140 [border: (5px solid #FFA500)]
          LayoutListMarker (anonymous) at (10,124) size 19x7: bullet
          LayoutText {#text} at (10,49) size 19x59
            text run at (10,49) width 59: "First item"
        LayoutListItem {LI} at (41,1) size 80x140 [border: (5px solid #FFA500)]
          LayoutListMarker (anonymous) at (10,124) size 19x7: bullet
          LayoutText {#text} at (10,34) size 59x96
            text run at (10,34) width 74: "Second and"
            text run at (30,38) width 92: "very very long"
            text run at (50,103) width 27: "item"
        LayoutListItem {LI} at (121,1) size 40x140 [border: (5px solid #FFA500)]
          LayoutListMarker (anonymous) at (10,124) size 19x7: bullet
          LayoutText {#text} at (10,42) size 19x66
            text run at (10,42) width 66: "Third item"
      LayoutBlockFlow {UL} at (672,0) size 142x182 [border: (1px solid #0000FF)]
        LayoutListItem {LI} at (1,41) size 40x140 [border: (5px solid #FFA500)]
          LayoutListMarker (anonymous) at (14,-17) size 10x10
          LayoutText {#text} at (10,10) size 19x59
            text run at (10,10) width 59: "First item"
        LayoutListItem {LI} at (41,41) size 60x140 [border: (5px solid #FFA500)]
          LayoutListMarker (anonymous) at (14,-17) size 10x10
          LayoutText {#text} at (10,10) size 39x106
            text run at (10,10) width 106: "Second and very"
            text run at (30,10) width 91: "very long item"
        LayoutListItem {LI} at (101,41) size 40x140 [border: (5px solid #FFA500)]
          LayoutListMarker (anonymous) at (14,-17) size 10x10
          LayoutText {#text} at (10,10) size 19x66
            text run at (10,10) width 66: "Third item"
      LayoutBlockFlow {UL} at (830,0) size 142x182 [border: (1px solid #FF0000)]
        LayoutListItem {LI} at (1,1) size 40x140 [border: (5px solid #FFA500)]
          LayoutListMarker (anonymous) at (14,147) size 10x10
          LayoutText {#text} at (10,71) size 19x59
            text run at (10,71) width 59: "First item"
        LayoutListItem {LI} at (41,1) size 60x140 [border: (5px solid #FFA500)]
          LayoutListMarker (anonymous) at (14,147) size 10x10
          LayoutText {#text} at (10,24) size 39x106
            text run at (10,24) width 106: "Second and very"
            text run at (30,39) width 91: "very long item"
        LayoutListItem {LI} at (101,1) size 40x140 [border: (5px solid #FFA500)]
          LayoutListMarker (anonymous) at (14,147) size 10x10
          LayoutText {#text} at (10,64) size 19x66
            text run at (10,64) width 66: "Third item"
      LayoutBlockFlow {UL} at (988,0) size 162x182 [border: (1px solid #0000FF)]
        LayoutListItem {LI} at (1,41) size 40x140 [border: (5px solid #FFA500)]
          LayoutListMarker (anonymous) at (14,10) size 10x10
          LayoutText {#text} at (10,27) size 19x59
            text run at (10,27) width 59: "First item"
        LayoutListItem {LI} at (41,41) size 80x140 [border: (5px solid #FFA500)]
          LayoutListMarker (anonymous) at (14,10) size 10x10
          LayoutText {#text} at (10,27) size 59x92
            text run at (10,27) width 74: "Second and"
            text run at (30,10) width 92: "very very long"
            text run at (50,10) width 27: "item"
        LayoutListItem {LI} at (121,41) size 40x140 [border: (5px solid #FFA500)]
          LayoutListMarker (anonymous) at (14,10) size 10x10
          LayoutText {#text} at (10,27) size 19x66
            text run at (10,27) width 66: "Third item"
      LayoutBlockFlow {UL} at (1166,0) size 162x182 [border: (1px solid #FF0000)]
        LayoutListItem {LI} at (1,1) size 40x140 [border: (5px solid #FFA500)]
          LayoutListMarker (anonymous) at (14,120) size 10x10
          LayoutText {#text} at (10,54) size 19x59
            text run at (10,54) width 59: "First item"
        LayoutListItem {LI} at (41,1) size 80x140 [border: (5px solid #FFA500)]
          LayoutListMarker (anonymous) at (14,120) size 10x10
          LayoutText {#text} at (10,39) size 59x92
            text run at (10,39) width 74: "Second and"
            text run at (30,38) width 92: "very very long"
            text run at (50,103) width 27: "item"
        LayoutListItem {LI} at (121,1) size 40x140 [border: (5px solid #FFA500)]
          LayoutListMarker (anonymous) at (14,120) size 10x10
          LayoutText {#text} at (10,47) size 19x66
            text run at (10,47) width 66: "Third item"
      LayoutBlockFlow {OL} at (1344,0) size 142x182 [border: (1px solid #0000FF)]
        LayoutListItem {LI} at (1,41) size 40x140 [border: (5px solid #FFA500)]
          LayoutListMarker (anonymous) at (10,-16) size 19x16: "1"
          LayoutText {#text} at (10,10) size 19x59
            text run at (10,10) width 59: "First item"
        LayoutListItem {LI} at (41,41) size 60x140 [border: (5px solid #FFA500)]
          LayoutListMarker (anonymous) at (10,-16) size 19x16: "2"
          LayoutText {#text} at (10,10) size 39x106
            text run at (10,10) width 106: "Second and very"
            text run at (30,10) width 91: "very long item"
        LayoutListItem {LI} at (101,41) size 40x140 [border: (5px solid #FFA500)]
          LayoutListMarker (anonymous) at (10,-16) size 19x16: "3"
          LayoutText {#text} at (10,10) size 19x66
            text run at (10,10) width 66: "Third item"
      LayoutBlockFlow {OL} at (1502,0) size 142x182 [border: (1px solid #FF0000)]
        LayoutListItem {LI} at (1,1) size 40x140 [border: (5px solid #FFA500)]
          LayoutListMarker (anonymous) at (10,140) size 19x16: "1"
          LayoutText {#text} at (10,71) size 19x59
            text run at (10,71) width 59: "First item"
        LayoutListItem {LI} at (41,1) size 60x140 [border: (5px solid #FFA500)]
          LayoutListMarker (anonymous) at (10,140) size 19x16: "2"
          LayoutText {#text} at (10,24) size 39x106
            text run at (10,24) width 106: "Second and very"
            text run at (30,39) width 91: "very long item"
        LayoutListItem {LI} at (101,1) size 40x140 [border: (5px solid #FFA500)]
          LayoutListMarker (anonymous) at (10,140) size 19x16: "3"
          LayoutText {#text} at (10,64) size 19x66
            text run at (10,64) width 66: "Third item"
      LayoutBlockFlow {OL} at (1660,0) size 162x182 [border: (1px solid #0000FF)]
        LayoutListItem {LI} at (1,41) size 40x140 [border: (5px solid #FFA500)]
          LayoutListMarker (anonymous) at (10,10) size 19x16: "1"
          LayoutText {#text} at (10,26) size 19x59
            text run at (10,26) width 59: "First item"
        LayoutListItem {LI} at (41,41) size 80x140 [border: (5px solid #FFA500)]
          LayoutListMarker (anonymous) at (10,10) size 19x16: "2"
          LayoutText {#text} at (10,26) size 59x92
            text run at (10,26) width 74: "Second and"
            text run at (30,10) width 92: "very very long"
            text run at (50,10) width 27: "item"
        LayoutListItem {LI} at (121,41) size 40x140 [border: (5px solid #FFA500)]
          LayoutListMarker (anonymous) at (10,10) size 19x16: "3"
          LayoutText {#text} at (10,26) size 19x66
            text run at (10,26) width 66: "Third item"
      LayoutBlockFlow {OL} at (1838,0) size 162x182 [border: (1px solid #FF0000)]
        LayoutListItem {LI} at (1,1) size 40x140 [border: (5px solid #FFA500)]
          LayoutListMarker (anonymous) at (10,114) size 19x16: "1"
          LayoutText {#text} at (10,55) size 19x59
            text run at (10,55) width 59: "First item"
        LayoutListItem {LI} at (41,1) size 80x140 [border: (5px solid #FFA500)]
          LayoutListMarker (anonymous) at (10,114) size 19x16: "2"
          LayoutText {#text} at (10,40) size 59x92
            text run at (10,40) width 74: "Second and"
            text run at (30,38) width 92: "very very long"
            text run at (50,103) width 27: "item"
        LayoutListItem {LI} at (121,1) size 40x140 [border: (5px solid #FFA500)]
          LayoutListMarker (anonymous) at (10,114) size 19x16: "3"
          LayoutText {#text} at (10,48) size 19x66
            text run at (10,48) width 66: "Third item"
