layer at (0,0) size 800x600
  LayoutView at (0,0) size 800x600
layer at (0,0) size 800x600
  LayoutBlockFlow {HTML} at (0,0) size 800x600
    LayoutBlockFlow {BODY} at (8,8) size 784x576
      LayoutBlockFlow {P} at (0,0) size 784x20
        LayoutText {#text} at (0,0) size 394x19
          text run at (0,0) width 394: "Tests list item numbering when there are anonymous list items."
      LayoutBlockFlow {OL} at (0,36) size 784x20
        LayoutListItem {<pseudo:after>} at (40,0) size 744x20
          LayoutListMarker (anonymous) at (-16,0) size 16x19: "1"
          LayoutTextFragment (anonymous) at (0,0) size 34x19
            text run at (0,0) width 34: "ONE"
      LayoutBlockFlow {OL} at (0,72) size 784x40
        LayoutListItem {LI} at (40,0) size 744x20
          LayoutListMarker (anonymous) at (-16,0) size 16x19: "1"
          LayoutText {#text} at (0,0) size 23x19
            text run at (0,0) width 23: "one"
        LayoutListItem {<pseudo:after>} at (40,20) size 744x20
          LayoutListMarker (anonymous) at (-16,0) size 16x19: "2"
          LayoutTextFragment (anonymous) at (0,0) size 37x19
            text run at (0,0) width 37: "TWO"
      LayoutBlockFlow {OL} at (0,128) size 784x20
        LayoutListItem {<pseudo:before>} at (40,0) size 744x20
          LayoutListMarker (anonymous) at (-16,0) size 16x19: "1"
          LayoutTextFragment (anonymous) at (0,0) size 34x19
            text run at (0,0) width 34: "ONE"
      LayoutBlockFlow {OL} at (0,164) size 784x40
        LayoutListItem {<pseudo:before>} at (40,0) size 744x20
          LayoutListMarker (anonymous) at (-16,0) size 16x19: "1"
          LayoutTextFragment (anonymous) at (0,0) size 34x19
            text run at (0,0) width 34: "ONE"
        LayoutListItem {LI} at (40,20) size 744x20
          LayoutListMarker (anonymous) at (-16,0) size 16x19: "2"
          LayoutText {#text} at (0,0) size 24x19
            text run at (0,0) width 24: "two"
      LayoutBlockFlow {OL} at (0,220) size 784x80
        LayoutListItem {LI} at (40,0) size 744x20
          LayoutListMarker (anonymous) at (-16,0) size 16x19: "1"
          LayoutText {#text} at (0,0) size 23x19
            text run at (0,0) width 23: "one"
        LayoutBlockFlow {DIV} at (40,20) size 744x40
          LayoutBlockFlow (anonymous) at (0,0) size 744x20
            LayoutText {#text} at (0,0) size 20x19
              text run at (0,0) width 20: "div"
          LayoutListItem {<pseudo:after>} at (0,20) size 744x20
            LayoutListMarker (anonymous) at (-16,0) size 16x19: "2"
            LayoutTextFragment (anonymous) at (0,0) size 37x19
              text run at (0,0) width 37: "TWO"
        LayoutListItem {LI} at (40,60) size 744x20
          LayoutListMarker (anonymous) at (-16,0) size 16x19: "3"
          LayoutText {#text} at (0,0) size 31x19
            text run at (0,0) width 31: "three"
      LayoutBlockFlow {OL} at (0,316) size 784x80
        LayoutListItem {LI} at (40,0) size 744x20
          LayoutListMarker (anonymous) at (-16,0) size 16x19: "1"
          LayoutText {#text} at (0,0) size 23x19
            text run at (0,0) width 23: "one"
        LayoutBlockFlow {DIV} at (40,20) size 744x40
          LayoutListItem {<pseudo:before>} at (0,0) size 744x20
            LayoutListMarker (anonymous) at (-16,0) size 16x19: "2"
            LayoutTextFragment (anonymous) at (0,0) size 37x19
              text run at (0,0) width 37: "TWO"
          LayoutBlockFlow (anonymous) at (0,20) size 744x20
            LayoutText {#text} at (0,0) size 20x19
              text run at (0,0) width 20: "div"
        LayoutListItem {LI} at (40,60) size 744x20
          LayoutListMarker (anonymous) at (-16,0) size 16x19: "3"
          LayoutText {#text} at (0,0) size 31x19
            text run at (0,0) width 31: "three"
