layer at (0,0) size 800x600
  LayoutView at (0,0) size 800x600
layer at (0,0) size 800x600
  LayoutBlockFlow {HTML} at (0,0) size 800x600
    LayoutBlockFlow {BODY} at (8,16) size 784x568
      LayoutBlockFlow {UL} at (16,0) size 752x59 [border: (1px solid #000000)]
        LayoutListItem {LI} at (41,1) size 710x57
          LayoutListMarker (anonymous) at (-36,1) size 16x55: black square
          LayoutText {#text} at (0,1) size 219x55
            text run at (0,1) width 219: "world hello"
      LayoutBlockFlow {P} at (0,75) size 784x80
        LayoutText {#text} at (0,0) size 768x79
          text run at (0,0) width 562: "This is an automated test for elementAtPoint for points over position:outside list markers. "
          text run at (562,0) width 168: "The dictionary returned by"
          text run at (730,0) width 4: " "
          text run at (0,20) width 743: "elementAtPoint should contain the list item as the DOMNode, not the list, for points over position:outside list markers."
          text run at (0,40) width 743: "elementAtPoint is used to determine the drag operation that will occur when something is dropped over a given point. "
          text run at (743,40) width 21: "So,"
          text run at (764,40) width 4: " "
          text run at (0,60) width 371: "this test drags a bit of text over the list marker and drops it. "
          text run at (371,60) width 386: "It should be pasted into the list item, which is contenteditable."
selection start: position 0 of child 0 {#text} of child 0 {LI} of child 1 {UL} of body
selection end:   position 6 of child 0 {#text} of child 0 {LI} of child 1 {UL} of body
