layer at (0,0) size 800x600
  LayoutView at (0,0) size 800x600
layer at (0,0) size 800x90
  LayoutBlockFlow {HTML} at (0,0) size 800x90
    LayoutBlockFlow {BODY} at (8,16) size 784x58
      LayoutBlockFlow {UL} at (0,0) size 784x58
        LayoutListItem {LI} at (40,0) size 744x58
          LayoutBlockFlow {FORM} at (0,0) size 744x22
            LayoutBlockFlow {P} at (0,0) size 744x22
              LayoutListMarker (anonymous) at (-18,1) size 7x19: bullet
              LayoutTextControl {INPUT} at (0,0) size 274x22 [bgcolor=#FFFFFF] [border: (2px inset #EEEEEE)]
              LayoutText {#text} at (0,0) size 0x0
          LayoutBlockFlow {P} at (0,38) size 744x20
            LayoutText {#text} at (0,0) size 332x19
              text run at (0,0) width 332: "There should be an input field above this line of text."
layer at (50,19) size 270x16
  LayoutBlockFlow {DIV} at (2,3) size 270x16
    LayoutText {#text} at (0,0) size 59x16
      text run at (0,0) width 59: "blah blubb"
