layer at (0,0) size 800x600
  LayoutView at (0,0) size 800x600
layer at (0,0) size 800x600
  LayoutBlockFlow {HTML} at (0,0) size 800x600
    LayoutBlockFlow {BODY} at (8,8) size 784x576
      LayoutBlockFlow {DIV} at (0,0) size 190x40
        LayoutBlockFlow {UL} at (0,0) size 190x40
          LayoutListItem {LI} at (40,0) size 150x40
            LayoutListMarker (anonymous) at (-18,20) size 7x19: bullet
            LayoutInline {A} at (0,0) size 150x19
              LayoutText {#text} at (0,0) size 0x0
              LayoutBlockFlow {IMG} at (0,0) size 150x40
                LayoutInline {SPAN} at (0,0) size 145x39
                  LayoutInline {SPAN} at (0,0) size 145x39
                    LayoutText {#text} at (0,0) size 145x39
                      text run at (0,0) width 145: "Eriadan - Fumetti tanto"
                      text run at (0,20) width 48: "per fare"
            LayoutText {#text} at (0,0) size 0x0
