layer at (0,0) size 800x600
  LayoutView at (0,0) size 800x600
layer at (0,0) size 800x600
  LayoutBlockFlow {HTML} at (0,0) size 800x600
    LayoutBlockFlow {BODY} at (8,8) size 784x576
      LayoutBlockFlow {BLOCKQUOTE} at (40,0) size 704x60
        LayoutBlockFlow {BLOCKQUOTE} at (40,0) size 624x60
          LayoutBlockFlow {OL} at (0,0) size 624x60
            LayoutListItem {LI} at (40,0) size 584x60
              LayoutListMarker (anonymous) at (-88,0) size 88x19: "CYWOQVJ"
              LayoutBR {BR} at (0,0) size 0x19
              LayoutText {#text} at (0,20) size 487x39
                text run at (0,20) width 189: "SUCCESS (you didn't crash) "
                text run at (189,20) width 298: "Our behavior here matches WinIE not FireFox."
                text run at (0,40) width 343: "http://bugzilla.opendarwin.org/show_bug.cgi?id=8542"
