layer at (0,0) size 800x600
  LayoutView at (0,0) size 800x600
layer at (0,0) size 800x600
  LayoutBlockFlow {HTML} at (0,0) size 800x600
    LayoutBlockFlow {BODY} at (8,8) size 784x576
      LayoutBlockFlow {P} at (0,0) size 784x40
        LayoutText {#text} at (0,0) size 52x19
          text run at (0,0) width 52: "Test for "
        LayoutInline {I} at (0,0) size 765x39
          LayoutInline {A} at (0,0) size 302x19 [color=#0000EE]
            LayoutText {#text} at (51,0) size 302x19
              text run at (51,0) width 302: "http://bugs.webkit.org/show_bug.cgi?id=13157"
          LayoutText {#text} at (352,0) size 765x39
            text run at (352,0) width 5: " "
            text run at (356,0) width 409: "List markers positioned incorrectly and don't repaint properly on"
            text run at (0,20) width 115: "Oxford homepage"
        LayoutText {#text} at (114,20) size 5x19
          text run at (114,20) width 5: "."
      LayoutBlockFlow {P} at (0,56) size 784x20
        LayoutText {#text} at (0,0) size 397x19
          text run at (0,0) width 397: "There should be a bullet next to each item on the following list:"
      LayoutBlockFlow {UL} at (0,92) size 784x100
        LayoutListItem {LI} at (40,0) size 744x20
          LayoutListMarker (anonymous) at (-18,0) size 7x19: bullet
          LayoutText {#text} at (0,0) size 159x19
            text run at (0,0) width 159: "Prospectuses and courses"
        LayoutListItem {LI} at (40,20) size 744x20
          LayoutListMarker (anonymous) at (-18,0) size 7x19: bullet
          LayoutText {#text} at (0,0) size 167x19
            text run at (0,0) width 167: "Undergraduate admissions"
        LayoutListItem {LI} at (40,40) size 744x20
          LayoutListMarker (anonymous) at (-18,0) size 7x19: bullet
          LayoutText {#text} at (0,0) size 131x19
            text run at (0,0) width 131: "Graduate admissions"
        LayoutListItem {LI} at (40,60) size 744x20
          LayoutListMarker (anonymous) at (-18,0) size 7x19: bullet
          LayoutText {#text} at (0,0) size 136x19
            text run at (0,0) width 136: "Continuing education"
        LayoutListItem {LI} at (40,80) size 744x20
          LayoutListMarker (anonymous) at (-18,0) size 7x19: bullet
          LayoutText {#text} at (0,0) size 94x19
            text run at (0,0) width 94: "Online courses"
