layer at (0,0) size 800x600
  LayoutView at (0,0) size 800x600
layer at (0,0) size 800x600
  LayoutBlockFlow {HTML} at (0,0) size 800x600
    LayoutBlockFlow {BODY} at (8,8) size 784x584
      LayoutBlockFlow {P} at (0,0) size 784x20
        LayoutText {#text} at (0,0) size 52x19
          text run at (0,0) width 52: "Test for "
        LayoutInline {I} at (0,0) size 649x19
          LayoutInline {A} at (0,0) size 349x19 [color=#0000EE]
            LayoutText {#text} at (51,0) size 349x19
              text run at (51,0) width 349: "http://bugzilla.opendarwin.org/show_bug.cgi?id=8408"
          LayoutText {#text} at (399,0) size 301x19
            text run at (399,0) width 5: " "
            text run at (403,0) width 297: "Paint the highlight behind selected list markers"
        LayoutText {#text} at (699,0) size 5x19
          text run at (699,0) width 5: "."
      LayoutBlockFlow {P} at (0,36) size 784x20
        LayoutText {#text} at (0,0) size 366x19
          text run at (0,0) width 366: "This tests the rendering of list markers inside the selection."
      LayoutBlockFlow (anonymous) at (0,72) size 784x0
        LayoutInline {A} at (0,0) size 0x0
        LayoutText {#text} at (0,0) size 0x0
      LayoutBlockFlow {HR} at (0,72) size 784x2 [border: (1px inset #EEEEEE)]
      LayoutBlockFlow {UL} at (0,90) size 784x20
        LayoutListItem {LI} at (40,0) size 744x20
          LayoutListMarker (anonymous) at (-18,0) size 7x19: bullet
          LayoutText {#text} at (0,0) size 157x19
            text run at (0,0) width 157: "Item with outside marker"
      LayoutBlockFlow {UL} at (0,126) size 784x20
        LayoutListItem {LI} at (40,0) size 744x20
          LayoutListMarker (anonymous) at (-1,0) size 7x19: bullet
          LayoutText {#text} at (22,0) size 149x19
            text run at (22,0) width 149: "Item with inside marker"
      LayoutBlockFlow {UL} at (0,162) size 784x20
        LayoutListItem {LI} at (40,0) size 744x20
          LayoutListMarker (anonymous) at (-17,5) size 10x10
          LayoutText {#text} at (0,0) size 199x19
            text run at (0,0) width 199: "Item with outside image marker"
      LayoutBlockFlow {UL} at (0,198) size 784x20
        LayoutListItem {LI} at (40,0) size 744x20
          LayoutListMarker (anonymous) at (0,5) size 10x10
          LayoutText {#text} at (17,0) size 191x19
            text run at (17,0) width 191: "Item with inside image marker"
      LayoutBlockFlow {OL} at (0,234) size 784x40
        LayoutListItem {LI} at (40,0) size 744x20
          LayoutListMarker (anonymous) at (-16,0) size 16x19: "1"
          LayoutText {#text} at (0,0) size 157x19
            text run at (0,0) width 157: "Item with outside ordinal"
        LayoutListItem {LI} at (40,20) size 744x20
          LayoutListMarker (anonymous) at (-16,0) size 16x19: "2"
          LayoutText {#text} at (0,0) size 101x19
            text run at (0,0) width 101: "and another one"
      LayoutBlockFlow {OL} at (0,290) size 784x40
        LayoutListItem {LI} at (40,0) size 744x20
          LayoutListMarker (anonymous) at (0,0) size 16x19: "1"
          LayoutText {#text} at (16,0) size 149x19
            text run at (16,0) width 149: "Item with inside ordinal"
        LayoutListItem {LI} at (40,20) size 744x20
          LayoutListMarker (anonymous) at (0,0) size 16x19: "2"
          LayoutText {#text} at (16,0) size 101x19
            text run at (16,0) width 101: "and another one"
      LayoutBlockFlow {HR} at (0,346) size 784x2 [border: (1px inset #EEEEEE)]
      LayoutBlockFlow (anonymous) at (0,356) size 784x0
        LayoutInline {A} at (0,0) size 0x0
        LayoutText {#text} at (0,0) size 0x0
selection start: position 0 of child 7 {HR} of body
selection end:   position 1 of child 21 {HR} of body
