layer at (0,0) size 800x600
  LayoutView at (0,0) size 800x600
layer at (0,0) size 800x600
  LayoutBlockFlow {HTML} at (0,0) size 800x600
    LayoutBlockFlow {BODY} at (8,8) size 784x576
      LayoutBlockFlow {P} at (0,0) size 784x20
        LayoutText {#text} at (0,0) size 52x19
          text run at (0,0) width 52: "Test for "
        LayoutInline {I} at (0,0) size 640x19
          LayoutInline {A} at (0,0) size 302x19 [color=#0000EE]
            LayoutText {#text} at (51,0) size 302x19
              text run at (51,0) width 302: "http://bugs.webkit.org/show_bug.cgi?id=14395"
          LayoutText {#text} at (352,0) size 339x19
            text run at (352,0) width 5: " "
            text run at (356,0) width 335: "When a <p> is inside <li> two <BR>s are rendered"
        LayoutText {#text} at (690,0) size 5x19
          text run at (690,0) width 5: "."
      LayoutBlockFlow {P} at (0,36) size 784x20
        LayoutText {#text} at (0,0) size 487x19
          text run at (0,0) width 487: "In all of the following, the bullets should be lined up with the first line of text."
      LayoutBlockFlow {UL} at (0,72) size 784x20
        LayoutListItem {LI} at (40,0) size 744x20
          LayoutBlockFlow (anonymous) at (0,0) size 744x0
            LayoutInline {SPAN} at (0,0) size 0x0
              LayoutText {#text} at (0,0) size 0x0
          LayoutBlockFlow (anonymous) at (0,0) size 744x20
            LayoutBlockFlow {DIV} at (0,0) size 744x20
              LayoutListMarker (anonymous) at (-18,0) size 7x19: bullet
              LayoutText {#text} at (0,0) size 27x19
                text run at (0,0) width 27: "item"
          LayoutBlockFlow (anonymous) at (0,20) size 744x0
            LayoutInline {SPAN} at (0,0) size 0x0
      LayoutBlockFlow {UL} at (0,108) size 784x20
        LayoutListItem {LI} at (40,0) size 744x20
          LayoutBlockFlow (anonymous) at (0,0) size 744x0
            LayoutInline {SPAN} at (0,0) size 0x0
              LayoutText {#text} at (0,0) size 0x0
            LayoutText {#text} at (0,0) size 0x0
          LayoutBlockFlow {DIV} at (0,0) size 744x20
            LayoutListMarker (anonymous) at (-18,0) size 7x19: bullet
            LayoutText {#text} at (0,0) size 27x19
              text run at (0,0) width 27: "item"
      LayoutBlockFlow {UL} at (0,144) size 784x20
        LayoutListItem {LI} at (40,0) size 744x20
          LayoutBlockFlow (anonymous) at (0,0) size 744x0
            LayoutInline {SPAN} at (0,0) size 0x0
              LayoutText {#text} at (0,0) size 0x0
              LayoutInline {I} at (0,0) size 0x0
                LayoutText {#text} at (0,0) size 0x0
          LayoutBlockFlow (anonymous) at (0,0) size 744x20
            LayoutBlockFlow {DIV} at (0,0) size 744x20
              LayoutListMarker (anonymous) at (-18,0) size 7x19: bullet
              LayoutText {#text} at (0,0) size 27x19
                text run at (0,0) width 27: "item"
          LayoutBlockFlow (anonymous) at (0,20) size 744x0
            LayoutInline {SPAN} at (0,0) size 0x0
              LayoutInline {I} at (0,0) size 0x0
              LayoutText {#text} at (0,0) size 0x0
            LayoutText {#text} at (0,0) size 0x0
      LayoutBlockFlow {UL} at (0,180) size 784x40
        LayoutListItem {LI} at (40,0) size 744x40
          LayoutBlockFlow (anonymous) at (0,0) size 744x20
            LayoutListMarker (anonymous) at (-18,0) size 7x19: bullet
            LayoutInline {SPAN} at (0,0) size 40x19
              LayoutInline {<pseudo:before>} at (0,0) size 40x19
                LayoutTextFragment (anonymous) at (0,0) size 40x19
                  text run at (0,0) width 40: "before"
              LayoutText {#text} at (0,0) size 0x0
          LayoutBlockFlow (anonymous) at (0,20) size 744x20
            LayoutBlockFlow {DIV} at (0,0) size 744x20
              LayoutText {#text} at (0,0) size 27x19
                text run at (0,0) width 27: "item"
          LayoutBlockFlow (anonymous) at (0,40) size 744x0
            LayoutInline {SPAN} at (0,0) size 0x0
      LayoutBlockFlow {UL} at (0,236) size 784x40
        LayoutListItem {LI} at (40,0) size 744x40
          LayoutBlockFlow (anonymous) at (0,0) size 744x0
            LayoutInline {SPAN} at (0,0) size 0x0
          LayoutBlockFlow (anonymous) at (0,0) size 744x20
            LayoutBlockFlow {UL} at (0,0) size 744x20
              LayoutListItem {LI} at (40,0) size 704x20
                LayoutListMarker (anonymous) at (-58,0) size 7x19: bullet
                LayoutListMarker (anonymous) at (-18,0) size 7x19: white bullet
                LayoutText {#text} at (0,0) size 27x19
                  text run at (0,0) width 27: "item"
          LayoutBlockFlow (anonymous) at (0,20) size 744x20
            LayoutInline {SPAN} at (0,0) size 0x0
            LayoutBR {BR} at (0,0) size 0x19
      LayoutBlockFlow {UL} at (0,292) size 784x40
        LayoutListItem {LI} at (40,0) size 744x40
          LayoutBlockFlow {DIV} at (0,0) size 744x20
            LayoutBlockFlow {UL} at (0,0) size 744x20
              LayoutListItem {LI} at (40,0) size 704x20
                LayoutListMarker (anonymous) at (-58,0) size 7x19: bullet
                LayoutListMarker (anonymous) at (-18,0) size 7x19: white bullet
                LayoutText {#text} at (0,0) size 27x19
                  text run at (0,0) width 27: "item"
          LayoutBlockFlow (anonymous) at (0,20) size 744x20
            LayoutBR {BR} at (0,0) size 0x19
      LayoutBlockFlow {P} at (0,348) size 784x20
        LayoutText {#text} at (0,0) size 522x19
          text run at (0,0) width 522: "In this case, the solid bullet should be one line above the hollow bullet and the text."
      LayoutBlockFlow {UL} at (0,384) size 784x60
        LayoutListItem {LI} at (40,0) size 744x60
          LayoutBlockFlow (anonymous) at (0,0) size 744x20
            LayoutListMarker (anonymous) at (-18,0) size 7x19: bullet
          LayoutBlockFlow {UL} at (0,20) size 744x20
            LayoutListItem {LI} at (40,0) size 704x20
              LayoutListMarker (anonymous) at (-18,0) size 7x19: white bullet
              LayoutText {#text} at (0,0) size 27x19
                text run at (0,0) width 27: "item"
          LayoutBlockFlow (anonymous) at (0,40) size 744x20
            LayoutBR {BR} at (0,0) size 0x19
