layer at (0,0) size 800x600
  LayoutView at (0,0) size 800x600
layer at (0,0) size 800x583
  LayoutBlockFlow {HTML} at (0,0) size 800x582.81
    LayoutBlockFlow {BODY} at (8,19.91) size 784x554.91
      LayoutBlockFlow {H2} at (0,0) size 784x27
        LayoutText {#text} at (0,0) size 305x26
          text run at (0,0) width 305: "A regular two level nested list"
      LayoutBlockFlow {P} at (0,46.91) size 784x20
        LayoutText {#text} at (0,0) size 551x19
          text run at (0,0) width 551: "The outer list is numbered using decimal numerals, the inner lists with lower case letters"
      LayoutBlockFlow {DIV} at (24,82.91) size 760x472 [border: (1px solid #000000)]
        LayoutListItem {DIV} at (33,1) size 726x22 [border: (1px solid #000000)]
          LayoutListMarker (anonymous) at (-16,1) size 16x19: "1"
          LayoutText {#text} at (33,1) size 40x19
            text run at (33,1) width 40: "Item 1"
        LayoutListItem {DIV} at (33,23) size 726x152 [border: (1px solid #000000)]
          LayoutBlockFlow (anonymous) at (33,1) size 692x20
            LayoutListMarker (anonymous) at (-49,0) size 16x19: "2"
            LayoutText {#text} at (0,0) size 40x19
              text run at (0,0) width 40: "Item 2"
          LayoutListItem {DIV} at (33,21) size 692x42 [border: (1px solid #000000)]
            LayoutListMarker (anonymous) at (-15,1) size 15x19: "a"
            LayoutText {#text} at (33,1) size 39x19
              text run at (33,1) width 39: "Item a"
            LayoutBR {BR} at (72,1) size 0x19
            LayoutText {#text} at (33,21) size 88x19
              text run at (33,21) width 88: "Item a, Line 2"
          LayoutListItem {DIV} at (33,63) size 692x22 [border: (1px solid #000000)]
            LayoutListMarker (anonymous) at (-16,1) size 16x19: "b"
            LayoutText {#text} at (33,1) size 40x19
              text run at (33,1) width 40: "Item b"
          LayoutListItem {DIV} at (33,85) size 692x22 [border: (1px solid #000000)]
            LayoutListMarker (anonymous) at (-15,1) size 15x19: "c"
            LayoutText {#text} at (33,1) size 39x19
              text run at (33,1) width 39: "Item c"
          LayoutBlockFlow {DIV} at (33,107) size 692x22 [border: (1px solid #000000)]
            LayoutText {#text} at (33,1) size 88x19
              text run at (33,1) width 88: "Not a list item"
          LayoutListItem {DIV} at (33,129) size 692x22 [border: (1px solid #000000)]
            LayoutListMarker (anonymous) at (-16,1) size 16x19: "d"
            LayoutText {#text} at (33,1) size 40x19
              text run at (33,1) width 40: "Item d"
        LayoutListItem {DIV} at (33,175) size 726x22 [border: (1px solid #000000)]
          LayoutListMarker (anonymous) at (-16,1) size 16x19: "3"
          LayoutText {#text} at (33,1) size 40x19
            text run at (33,1) width 40: "Item 3"
        LayoutBlockFlow {DIV} at (33,197) size 726x108 [border: (1px solid #000000)]
          LayoutBlockFlow (anonymous) at (33,1) size 692x20
            LayoutText {#text} at (0,0) size 88x19
              text run at (0,0) width 88: "Not a list item"
          LayoutListItem {DIV} at (33,21) size 692x42 [border: (1px solid #000000)]
            LayoutListMarker (anonymous) at (-15,1) size 15x19: "a"
            LayoutText {#text} at (33,1) size 39x19
              text run at (33,1) width 39: "Item a"
            LayoutBR {BR} at (72,1) size 0x19
            LayoutText {#text} at (33,21) size 88x19
              text run at (33,21) width 88: "Item a, Line 2"
          LayoutBlockFlow {DIV} at (33,63) size 692x22 [border: (1px solid #000000)]
            LayoutText {#text} at (33,1) size 88x19
              text run at (33,1) width 88: "Not a list item"
          LayoutListItem {DIV} at (33,85) size 692x22 [border: (1px solid #000000)]
            LayoutListMarker (anonymous) at (-16,1) size 16x19: "b"
            LayoutText {#text} at (33,1) size 40x19
              text run at (33,1) width 40: "Item b"
        LayoutListItem {DIV} at (33,305) size 726x22 [border: (1px solid #000000)]
          LayoutListMarker (anonymous) at (-16,1) size 16x19: "4"
          LayoutText {#text} at (33,1) size 40x19
            text run at (33,1) width 40: "Item 4"
        LayoutListItem {DIV} at (33,327) size 726x122 [border: (1px solid #000000)]
          LayoutBlockFlow (anonymous) at (33,1) size 692x20
            LayoutListMarker (anonymous) at (-49,0) size 16x19: "5"
            LayoutText {#text} at (0,0) size 40x19
              text run at (0,0) width 40: "Item 5"
          LayoutListItem {TABLE} at (33,21) size 692x50 [border: (1px dashed #000000)]
            LayoutBlockFlow (anonymous) at (1,1) size 690x20
              LayoutListMarker (anonymous) at (-16,0) size 15x19: "a"
            LayoutTable (anonymous) at (1,21) size 191x28
              LayoutTableSection {TBODY} at (0,0) size 191x28
                LayoutTableRow {TR} at (0,2) size 191x24
                  LayoutTableCell {TD} at (2,2) size 93x24 [border: (1px dotted #000000)] [r=0 c=0 rs=1 cs=1]
                    LayoutText {#text} at (2,2) size 89x19
                      text run at (2,2) width 89: "Table Cell A1"
                  LayoutTableCell {TD} at (97,2) size 92x24 [border: (1px dotted #000000)] [r=0 c=1 rs=1 cs=1]
                    LayoutText {#text} at (2,2) size 88x19
                      text run at (2,2) width 88: "Table Cell B1"
          LayoutListItem {TABLE} at (33,71) size 692x50 [border: (1px dashed #000000)]
            LayoutBlockFlow (anonymous) at (1,1) size 690x20
              LayoutListMarker (anonymous) at (-17,0) size 16x19: "b"
            LayoutTable (anonymous) at (1,21) size 215x28
              LayoutTableSection {TBODY} at (0,0) size 215x28
                LayoutTableRow {TR} at (0,2) size 215x24
                  LayoutTableCell {TD} at (2,2) size 105x24 [border: (1px dotted #000000)] [r=0 c=0 rs=1 cs=1]
                    LayoutText {#text} at (2,2) size 101x19
                      text run at (2,2) width 101: "Table 2 Cell A1"
                  LayoutTableCell {TD} at (109,2) size 104x24 [border: (1px dotted #000000)] [r=0 c=1 rs=1 cs=1]
                    LayoutText {#text} at (2,2) size 100x19
                      text run at (2,2) width 100: "Table 2 Cell B1"
        LayoutListItem {DIV} at (33,449) size 726x22 [border: (1px solid #000000)]
          LayoutListMarker (anonymous) at (-16,1) size 16x19: "6"
          LayoutText {#text} at (33,1) size 40x19
            text run at (33,1) width 40: "Item 6"
