layer at (0,0) size 800x600
  LayoutView at (0,0) size 800x600
layer at (0,0) size 800x600
  LayoutBlockFlow {HTML} at (0,0) size 800x600
    LayoutBlockFlow {BODY} at (8,8) size 784x584
      LayoutBlockFlow {P} at (0,0) size 784x36
        LayoutText {#text} at (0,0) size 54x18
          text run at (0,0) width 54: "Test for "
        LayoutInline {I} at (0,0) size 759x36
          LayoutText {#text} at (53,0) size 759x36
            text run at (53,0) width 706: "http://bugzilla.opendarwin.org/show_bug.cgi?id=6137 Disable kerning and some ligatures in the ATSUI code"
            text run at (0,18) width 29: "path"
        LayoutText {#text} at (28,18) size 5x18
          text run at (28,18) width 5: "."
      LayoutBlockFlow {P} at (0,52) size 784x18
        LayoutText {#text} at (0,0) size 720x18
          text run at (0,0) width 720: "The word \x{201C}dolor\x{201D} below should be highlighted in its entirety. The highlight should not extend beyond that word."
      LayoutBlockFlow {DIV} at (0,86) size 784x42
        LayoutBlockFlow {HR} at (0,0) size 784x2 [border: (1px inset #EEEEEE)]
        LayoutBlockFlow (anonymous) at (0,14) size 784x28
          LayoutInline {SPAN} at (0,0) size 512x28
            LayoutText {#text} at (0,0) size 512x28
              text run at (0,0) width 512: "AVAVAVAVAVfififififififi Lorem ipsum dolor sit ame\x{300}t"
          LayoutText {#text} at (0,0) size 0x0
selection start: position 37 of child 0 {#text} of child 3 {SPAN} of child 5 {DIV} of body
selection end:   position 42 of child 0 {#text} of child 3 {SPAN} of child 5 {DIV} of body
