layer at (0,0) size 800x600
  LayoutView at (0,0) size 800x600
layer at (0,0) size 800x553
  LayoutBlockFlow {HTML} at (0,0) size 800x553
    LayoutBlockFlow {BODY} at (8,8) size 784x537
      LayoutBlockFlow {DIV} at (4,4) size 366x146 [border: (3px solid #000000)]
        LayoutText {#text} at (3,3) size 273x28
          text run at (3,3) width 273: "Lorem ipsum dolor sit amet,"
        LayoutInline {SPAN} at (0,0) size 214x28
          LayoutText {#text} at (3,45) size 214x28
            text run at (3,45) width 214: "consectetur adipiscing"
        LayoutText {#text} at (216,45) size 134x28
          text run at (216,45) width 7: " "
          text run at (222,45) width 128: "elit. Aliquam"
        LayoutInline {SPAN} at (0,0) size 110x28
          LayoutText {#text} at (3,73) size 110x28
            text run at (3,73) width 110: "odio sapien"
        LayoutText {#text} at (112,73) size 334x70
          text run at (112,73) width 13: ", "
          text run at (124,73) width 213: "lobortis eu iaculis vel,"
          text run at (3,115) width 208: "scelerisque nec dolor."
      LayoutText {#text} at (374,119) size 6x28
        text run at (374,119) width 6: " "
      LayoutBlockFlow {DIV} at (384,4) size 366x146 [border: (3px solid #000000)]
        LayoutText {#text} at (3,3) size 273x28
          text run at (3,3) width 273: "Lorem ipsum dolor sit amet,"
        LayoutInline {SPAN} at (0,0) size 214x28
          LayoutText {#text} at (3,45) size 214x28
            text run at (3,45) width 214: "consectetur adipiscing"
        LayoutText {#text} at (216,45) size 134x28
          text run at (216,45) width 7: " "
          text run at (222,45) width 128: "elit. Aliquam"
        LayoutInline {SPAN} at (0,0) size 110x28
          LayoutText {#text} at (3,73) size 110x28
            text run at (3,73) width 110: "odio sa\x{300}pien"
        LayoutText {#text} at (112,73) size 334x70
          text run at (112,73) width 13: ", "
          text run at (124,73) width 213: "lobortis eu iaculis vel,"
          text run at (3,115) width 208: "scelerisque nec dolor."
      LayoutText {#text} at (0,0) size 0x0
      LayoutBlockFlow {DIV} at (4,160) size 366x167 [border: (3px solid #000000)]
        LayoutText {#text} at (3,18) size 70x28
          text run at (3,18) width 70: "Lorem "
        LayoutInline {SPAN} at (0,0) size 60x28
          LayoutText {#text} at (72,18) size 60x28
            text run at (72,18) width 60: "ipsum"
        LayoutText {#text} at (131,18) size 7x28
          text run at (131,18) width 7: " "
        LayoutInline {SPAN} at (0,0) size 52x28
          LayoutText {#text} at (137,18) size 52x28
            text run at (137,18) width 52: "dolor"
        LayoutText {#text} at (188,18) size 7x28
          text run at (188,18) width 7: " "
        LayoutInline {SPAN} at (0,0) size 23x28
          LayoutText {#text} at (194,18) size 23x28
            text run at (194,18) width 23: "sit"
        LayoutText {#text} at (216,18) size 7x28
          text run at (216,18) width 7: " "
        LayoutInline {SPAN} at (0,0) size 48x28
          LayoutText {#text} at (222,18) size 48x28
            text run at (222,18) width 48: "amet"
        LayoutText {#text} at (269,18) size 7x28
          text run at (269,18) width 7: ","
        LayoutInline {SPAN} at (0,0) size 110x28
          LayoutText {#text} at (3,63) size 110x28
            text run at (3,63) width 110: "consectetur"
        LayoutText {#text} at (112,63) size 7x28
          text run at (112,63) width 7: " "
        LayoutInline {SPAN} at (0,0) size 99x28
          LayoutText {#text} at (118,63) size 99x28
            text run at (118,63) width 99: "adipiscing"
        LayoutText {#text} at (216,63) size 7x28
          text run at (216,63) width 7: " "
        LayoutInline {SPAN} at (0,0) size 32x28
          LayoutText {#text} at (222,63) size 32x28
            text run at (222,63) width 32: "elit"
        LayoutText {#text} at (253,63) size 13x28
          text run at (253,63) width 13: ". "
        LayoutInline {SPAN} at (0,0) size 85x28
          LayoutText {#text} at (265,63) size 85x28
            text run at (265,63) width 85: "Aliquam"
        LayoutText {#text} at (349,63) size 7x28
          text run at (349,63) width 7: ","
        LayoutInline {SPAN} at (0,0) size 43x28
          LayoutText {#text} at (3,108) size 43x28
            text run at (3,108) width 43: "odio"
        LayoutText {#text} at (45,108) size 7x28
          text run at (45,108) width 7: " "
        LayoutInline {SPAN} at (0,0) size 62x28
          LayoutText {#text} at (51,108) size 62x28
            text run at (51,108) width 62: "sapien"
        LayoutText {#text} at (112,108) size 13x28
          text run at (112,108) width 13: ", "
        LayoutInline {SPAN} at (0,0) size 75x28
          LayoutText {#text} at (124,108) size 75x28
            text run at (124,108) width 75: "lobortis"
        LayoutText {#text} at (198,108) size 334x56
          text run at (198,108) width 7: " "
          text run at (204,108) width 133: "eu iaculis vel,"
          text run at (3,136) width 208: "scelerisque nec dolor."
      LayoutText {#text} at (374,296) size 6x28
        text run at (374,296) width 6: " "
      LayoutBlockFlow {DIV} at (384,158) size 366x156 [border: (3px solid #000000)]
        LayoutText {#text} at (15,3) size 28x70
          text run at (15,3) width 70: "Lorem "
        LayoutInline {SPAN} at (0,0) size 28x60
          LayoutText {#text} at (15,72) size 28x60
            text run at (15,72) width 59: "ipsum"
        LayoutText {#text} at (0,0) size 0x0
        LayoutInline {SPAN} at (0,0) size 28x51
          LayoutText {#text} at (58,3) size 28x51
            text run at (58,3) width 51: "dolor"
        LayoutText {#text} at (58,53) size 28x7
          text run at (58,53) width 6: " "
        LayoutInline {SPAN} at (0,0) size 28x24
          LayoutText {#text} at (58,59) size 28x24
            text run at (58,59) width 23: "sit"
        LayoutText {#text} at (58,82) size 28x7
          text run at (58,82) width 6: " "
        LayoutInline {SPAN} at (0,0) size 28x47
          LayoutText {#text} at (58,88) size 28x47
            text run at (58,88) width 47: "amet"
        LayoutText {#text} at (58,134) size 28x7
          text run at (58,134) width 6: ","
        LayoutInline {SPAN} at (0,0) size 28x110
          LayoutText {#text} at (98,3) size 28x110
            text run at (98,3) width 110: "consectetur"
        LayoutText {#text} at (0,0) size 0x0
        LayoutInline {SPAN} at (0,0) size 28x99
          LayoutText {#text} at (143,3) size 28x99
            text run at (143,3) width 99: "adipiscing"
        LayoutText {#text} at (143,101) size 28x7
          text run at (143,101) width 6: " "
        LayoutInline {SPAN} at (0,0) size 28x32
          LayoutText {#text} at (143,107) size 28x32
            text run at (143,107) width 31: "elit"
        LayoutText {#text} at (143,138) size 28x7
          text run at (143,138) width 6: "."
        LayoutInline {SPAN} at (0,0) size 28x84
          LayoutText {#text} at (188,3) size 28x84
            text run at (188,3) width 84: "Aliquam"
        LayoutText {#text} at (188,86) size 28x13
          text run at (188,86) width 12: ", "
        LayoutInline {SPAN} at (0,0) size 28x44
          LayoutText {#text} at (188,98) size 28x44
            text run at (188,98) width 43: "odio"
        LayoutText {#text} at (0,0) size 0x0
        LayoutInline {SPAN} at (0,0) size 28x62
          LayoutText {#text} at (233,3) size 28x62
            text run at (233,3) width 62: "sapien"
        LayoutText {#text} at (233,64) size 28x13
          text run at (233,64) width 12: ", "
        LayoutInline {SPAN} at (0,0) size 28x74
          LayoutText {#text} at (233,76) size 28x74
            text run at (233,76) width 74: "lobortis"
        LayoutText {#text} at (261,3) size 84x146
          text run at (261,3) width 133: "eu iaculis vel,"
          text run at (289,3) width 146: "scelerisque nec"
          text run at (317,3) width 56: "dolor."
      LayoutText {#text} at (0,0) size 0x0
      LayoutBlockFlow {DIV} at (4,335) size 366x198 [border: (3px solid #000000)]
        LayoutText {#text} at (3,13) size 273x28
          text run at (3,13) width 273: "Lorem ipsum dolor sit amet,"
        LayoutInline {SPAN} at (0,0) size 214x28
          LayoutText {#text} at (3,61) size 214x28
            text run at (3,61) width 214: "consectetur adipiscing"
        LayoutText {#text} at (216,61) size 134x28
          text run at (216,61) width 7: " "
          text run at (222,61) width 128: "elit. Aliquam"
        LayoutInline {SPAN} at (0,0) size 110x28
          LayoutText {#text} at (3,109) size 110x28
            text run at (3,109) width 110: "odio sapien"
        LayoutText {#text} at (112,109) size 334x76
          text run at (112,109) width 13: ", "
          text run at (124,109) width 213: "lobortis eu iaculis vel,"
          text run at (3,157) width 208: "scelerisque nec dolor."
      LayoutText {#text} at (374,492) size 6x28
        text run at (374,492) width 6: " "
      LayoutBlockFlow {DIV} at (384,377) size 366x146 [border: (3px solid #000000)]
        LayoutText {#text} at (3,3) size 273x28
          text run at (3,3) width 273: "Lorem ipsum dolor sit amet,"
        LayoutInline {SPAN} at (0,0) size 214x28
          LayoutText {#text} at (3,45) size 214x28
            text run at (3,45) width 214: "consectetur adipiscing"
        LayoutText {#text} at (216,45) size 134x28
          text run at (216,45) width 7: " "
          text run at (222,45) width 128: "elit. Aliquam"
        LayoutInline {SPAN} at (0,0) size 110x28
          LayoutText {#text} at (3,73) size 110x28
            text run at (3,73) width 110: "odio sapien"
        LayoutText {#text} at (112,73) size 334x70
          text run at (112,73) width 13: ", "
          text run at (124,73) width 213: "lobortis eu iaculis vel,"
          text run at (3,115) width 208: "scelerisque nec dolor."
      LayoutText {#text} at (0,0) size 0x0
      LayoutText {#text} at (0,0) size 0x0
selection start: position 10 of child 0 {#text} of child 1 {SPAN} of child 10 {DIV} of body
selection end:   position 7 of child 0 {#text} of child 3 {SPAN} of child 10 {DIV} of body
