layer at (0,0) size 800x600
  LayoutView at (0,0) size 800x600
layer at (0,0) size 800x600
  LayoutBlockFlow {HTML} at (0,0) size 800x600
    LayoutBlockFlow {BODY} at (8,8) size 784x579
      LayoutBlockFlow {P} at (0,0) size 784x36
        LayoutText {#text} at (0,0) size 260x18
          text run at (0,0) width 260: "This test checks for a regression against "
        LayoutInline {I} at (0,0) size 746x36
          LayoutInline {A} at (0,0) size 353x18 [color=#0000EE]
            LayoutText {#text} at (259,0) size 353x18
              text run at (259,0) width 353: "http://bugzilla.opendarwin.org/show_bug.cgi?id=5619"
          LayoutText {#text} at (611,0) size 746x36
            text run at (611,0) width 135: " CSS2: pre-wrap has"
            text run at (0,18) width 180: "overflow/selection problems"
        LayoutText {#text} at (179,18) size 5x18
          text run at (179,18) width 5: "."
      LayoutBlockFlow {P} at (0,52) size 784x18
        LayoutText {#text} at (0,0) size 707x18
          text run at (0,0) width 707: "Both boxes should not have scroll bars. The selection should not spill out of the blue box to the right of \x{201C}text\x{201D}."
      LayoutBlockFlow {HR} at (0,86) size 784x2 [border: (1px inset #EEEEEE)]
      LayoutBlockFlow {HR} at (0,197) size 784x2 [border: (1px inset #EEEEEE)]
      LayoutBlockFlow {PRE} at (0,212) size 108x83 [border: (4px solid #0000FF)]
        LayoutText {#text} at (4,4) size 100x75
          text run at (4,4) width 86: "This   text"
          text run at (89,4) width 15: "     "
          text run at (4,19) width 71: "will wrap"
          text run at (74,19) width 1: " "
          text run at (4,34) width 71: "and   fit"
          text run at (74,34) width 24: "   "
          text run at (4,49) width 78: "within the"
          text run at (82,49) width 0: " "
          text run at (4,64) width 32: "box."
          text run at (35,64) width 1: " "
layer at (8,109) size 108x83 clip at (12,113) size 100x75
  LayoutBlockFlow {PRE} at (0,101) size 108x83 [border: (4px solid #A52A2A)]
    LayoutText {#text} at (4,4) size 100x75
      text run at (4,4) width 86: "This   text"
      text run at (89,4) width 15: "     "
      text run at (4,19) width 71: "will wrap"
      text run at (74,19) width 1: " "
      text run at (4,34) width 71: "and   fit"
      text run at (74,34) width 24: "   "
      text run at (4,49) width 78: "within the"
      text run at (82,49) width 0: " "
      text run at (4,64) width 32: "box."
      text run at (35,64) width 1: " "
selection start: position 7 of child 0 {#text} of child 7 {PRE} of body
selection end:   position 15 of child 0 {#text} of child 11 {PRE} of body
