layer at (0,0) size 800x600
  LayoutView at (0,0) size 800x600
layer at (0,0) size 800x34
  LayoutBlockFlow {HTML} at (0,0) size 800x34
    LayoutBlockFlow {BODY} at (8,8) size 784x18
      LayoutBlockFlow {DIV} at (0,0) size 300.39x18
        LayoutInline {SPAN} at (0,0) size 38x18
          LayoutText {#text} at (0,0) size 38x18
            text run at (0,0) width 38: "There"
        LayoutText {#text} at (37,0) size 5x18
          text run at (37,0) width 5: " "
        LayoutInline {SPAN} at (0,0) size 43x18
          LayoutText {#text} at (41,0) size 43x18
            text run at (41,0) width 43: "should"
        LayoutText {#text} at (83,0) size 5x18
          text run at (83,0) width 5: " "
        LayoutInline {SPAN} at (0,0) size 17x18
          LayoutText {#text} at (87,0) size 17x18
            text run at (87,0) width 17: "be"
        LayoutText {#text} at (103,0) size 5x18
          text run at (103,0) width 5: " "
        LayoutInline {SPAN} at (0,0) size 17x18
          LayoutText {#text} at (107,0) size 17x18
            text run at (107,0) width 17: "no"
        LayoutText {#text} at (123,0) size 5x18
          text run at (123,0) width 5: " "
        LayoutInline {SPAN} at (0,0) size 36x18
          LayoutText {#text} at (127,0) size 36x18
            text run at (127,0) width 36: "white"
        LayoutText {#text} at (162,0) size 5x18
          text run at (162,0) width 5: " "
        LayoutInline {SPAN} at (0,0) size 30x18
          LayoutText {#text} at (166,0) size 30x18
            text run at (166,0) width 30: "gaps"
        LayoutText {#text} at (195,0) size 5x18
          text run at (195,0) width 5: " "
        LayoutInline {SPAN} at (0,0) size 55x18
          LayoutText {#text} at (199,0) size 55x18
            text run at (199,0) width 55: "between"
        LayoutText {#text} at (253,0) size 5x18
          text run at (253,0) width 5: " "
        LayoutInline {SPAN} at (0,0) size 40x18
          LayoutText {#text} at (257,0) size 40x18
            text run at (257,0) width 40: "words"
        LayoutText {#text} at (296,0) size 5x18
          text run at (296,0) width 5: "."
      LayoutText {#text} at (0,0) size 0x0
      LayoutText {#text} at (0,0) size 0x0
selection start: position 0 of child 0 {#text} of child 1 {SPAN} of child 1 {DIV} of body
selection end:   position 1 of child 16 {#text} of child 1 {DIV} of body
