layer at (0,0) size 800x600
  LayoutView at (0,0) size 800x600
layer at (0,0) size 800x600
  LayoutBlockFlow {HTML} at (0,0) size 800x600
    LayoutBlockFlow {BODY} at (8,8) size 784x584
      LayoutBlockFlow {P} at (0,0) size 784x18
        LayoutText {#text} at (0,0) size 328x18
          text run at (0,0) width 328: "This tests repainting of a layer's children's outlines."
layer at (8,42) size 784x2 clip at (0,0) size 0x0
  LayoutBlockFlow {HR} at (0,34) size 784x2 [border: (1px inset #EEEEEE)]
layer at (8,52) size 100x100
  LayoutBlockFlow (relative positioned) {DIV} at (0,44) size 100x100 [bgcolor=#C0C0C0]
    LayoutBlockFlow {DIV} at (0,0) size 100x100
