layer at (0,0) size 800x600
  LayoutView at (0,0) size 800x600
layer at (0,0) size 800x362
  LayoutNGBlockFlow {HTML} at (0,0) size 800x362
    LayoutNGBlockFlow {BODY} at (8,16) size 784x338
      LayoutNGBlockFlow {P} at (0,0) size 784x20
        LayoutText {#text} at (0,0) size 425x19
          text run at (0,0) width 425: "Test for repaint in a composited layer. You should see no red below."
layer at (8,52) size 202x302
  LayoutNGBlockFlow {DIV} at (0,36) size 202x302 [border: (1px solid #000000)]
    LayoutNGBlockFlow {DIV} at (51,51) size 100x100 [bgcolor=#008000]
