layer at (0,0) size 800x600 clip at (0,0) size 785x600 scrollHeight 857
  LayoutView at (0,0) size 800x600
layer at (0,0) size 785x857 backgroundClip at (0,0) size 785x600 clip at (0,0) size 785x600
  LayoutNGBlockFlow {HTML} at (0,0) size 785x857
    LayoutNGBlockFlow {BODY} at (8,8) size 769x841 [bgcolor=#CCCCCC]
      LayoutNGBlockFlow {P} at (0,0) size 769x20
        LayoutText {#text} at (0,0) size 355x19
          text run at (0,0) width 355: "The style declarations which apply to the text below are:"
      LayoutNGBlockFlow {PRE} at (0,36) size 769x80
        LayoutText {#text} at (0,0) size 568x80
          text run at (0,0) width 176: ".one {display: block;}"
          text run at (176,0) width 0: " "
          text run at (0,16) width 184: ".two {display: inline;}"
          text run at (184,16) width 0: " "
          text run at (0,32) width 568: ".three {display: list-item; list-style-type: square; margin-left: 3em;}"
          text run at (568,32) width 0: " "
          text run at (0,48) width 272: ".four {display: none; color: red;}"
          text run at (272,48) width 0: " "
          text run at (0,64) width 152: "I {display: block;}"
          text run at (152,64) width 0: " "
      LayoutNGBlockFlow {P} at (0,147) size 769x20
        LayoutText {#text} at (0,0) size 293x19
          text run at (0,0) width 293: "This sentence should be a block-level element."
      LayoutNGBlockFlow (anonymous) at (0,183) size 769x60
        LayoutInline {P} at (0,0) size 448x19
          LayoutText {#text} at (0,0) size 448x19
            text run at (0,0) width 448: "This sentence should be part of an inline element, as are the next three. "
        LayoutInline {P} at (0,0) size 766x59
          LayoutText {#text} at (447,0) size 766x59
            text run at (447,0) width 275: "This sentence and the next two are part of a"
            text run at (0,20) width 766: "second inline element. They should therefore appear, along with the sentence above, to be all one paragraph which is four"
            text run at (0,40) width 350: "sentences long. If this is not the case, then the keyword "
          LayoutInline {CODE} at (0,0) size 48x16
            LayoutText {#text} at (350,43) size 48x16
              text run at (350,43) width 48: "inline"
          LayoutText {#text} at (398,40) size 109x19
            text run at (398,40) width 109: " is being ignored."
        LayoutText {#text} at (0,0) size 0x0
      LayoutNGListItem {P} at (48,259) size 721x60
        LayoutNGListMarker (anonymous) at (-18,0) size 14x20
          LayoutText (anonymous) at (0,0) size 14x19
            text run at (0,0) width 14: "\x{25A0} "
        LayoutText {#text} at (0,0) size 715x39
          text run at (0,0) width 715: "This sentence should be treated as a list-item, and therefore be rendered however this user agent displays list items"
          text run at (0,20) width 18: "(if "
        LayoutInline {CODE} at (0,0) size 120x16
          LayoutText {#text} at (18,23) size 120x16
            text run at (18,23) width 120: "list-style-type"
        LayoutText {#text} at (138,20) size 719x39
          text run at (138,20) width 581: " is supported, there will be a square for the item marker). A 3em left margin has been applied"
          text run at (0,40) width 376: "in order to ensure that there is space for the list-item marker."
      LayoutNGBlockFlow {P} at (0,335) size 769x20
        LayoutText {#text} at (0,0) size 456x19
          text run at (0,0) width 456: "The next paragraph should be invisible (if it's visible, you'll see red text)."
      LayoutNGBlockFlow {P} at (0,371) size 769x20
        LayoutText {#text} at (0,0) size 247x19
          text run at (0,0) width 247: "There should be no text after the colon:"
      LayoutNGBlockFlow {P} at (0,407) size 769x60
        LayoutNGBlockFlow (anonymous) at (0,0) size 769x20
          LayoutText {#text} at (0,0) size 112x19
            text run at (0,0) width 112: "The italicized text"
        LayoutNGBlockFlow {I} at (0,20) size 769x20
          LayoutText {#text} at (0,0) size 110x19
            text run at (0,0) width 110: "in this paragraph"
        LayoutNGBlockFlow (anonymous) at (0,40) size 769x20
          LayoutText {#text} at (0,0) size 203x19
            text run at (0,0) width 203: "should be a block-level element."
      LayoutTable {TABLE} at (0,483) size 769x358 [border: (1px outset #808080)]
        LayoutTableSection {TBODY} at (1,1) size 767x356
          LayoutTableRow {TR} at (0,0) size 767x28
            LayoutNGTableCell {TD} at (0,0) size 767x28 [bgcolor=#C0C0C0] [border: (1px inset #808080)] [r=0 c=0 rs=1 cs=2]
              LayoutInline {STRONG} at (0,0) size 161x19
                LayoutText {#text} at (4,4) size 161x19
                  text run at (4,4) width 161: "TABLE Testing Section"
          LayoutTableRow {TR} at (0,28) size 767x328
            LayoutNGTableCell {TD} at (0,178) size 12x28 [bgcolor=#C0C0C0] [border: (1px inset #808080)] [r=1 c=0 rs=1 cs=1]
              LayoutText {#text} at (4,154) size 4x19
                text run at (4,154) width 4: " "
            LayoutNGTableCell {TD} at (12,28) size 755x328 [border: (1px inset #808080)] [r=1 c=1 rs=1 cs=1]
              LayoutNGBlockFlow {P} at (4,4) size 747x20
                LayoutText {#text} at (0,0) size 293x19
                  text run at (0,0) width 293: "This sentence should be a block-level element."
              LayoutNGBlockFlow (anonymous) at (4,40) size 747x60
                LayoutInline {P} at (0,0) size 448x19
                  LayoutText {#text} at (0,0) size 448x19
                    text run at (0,0) width 448: "This sentence should be part of an inline element, as are the next three. "
                LayoutInline {P} at (0,0) size 736x59
                  LayoutText {#text} at (447,0) size 736x59
                    text run at (447,0) width 275: "This sentence and the next two are part of a"
                    text run at (0,20) width 736: "second inline element. They should therefore appear, along with the sentence above, to be all one paragraph which is"
                    text run at (0,40) width 380: "four sentences long. If this is not the case, then the keyword "
                  LayoutInline {CODE} at (0,0) size 48x16
                    LayoutText {#text} at (380,43) size 48x16
                      text run at (380,43) width 48: "inline"
                  LayoutText {#text} at (428,40) size 109x19
                    text run at (428,40) width 109: " is being ignored."
                LayoutText {#text} at (0,0) size 0x0
              LayoutNGListItem {P} at (52,116) size 699x60
                LayoutNGListMarker (anonymous) at (-18,0) size 14x20
                  LayoutText (anonymous) at (0,0) size 14x19
                    text run at (0,0) width 14: "\x{25A0} "
                LayoutText {#text} at (0,0) size 678x39
                  text run at (0,0) width 678: "This sentence should be treated as a list-item, and therefore be rendered however this user agent displays list"
                  text run at (0,20) width 55: "items (if "
                LayoutInline {CODE} at (0,0) size 120x16
                  LayoutText {#text} at (55,23) size 120x16
                    text run at (55,23) width 120: "list-style-type"
                LayoutText {#text} at (175,20) size 672x39
                  text run at (175,20) width 497: " is supported, there will be a square for the item marker). A 3em left margin has"
                  text run at (0,40) width 460: "been applied in order to ensure that there is space for the list-item marker."
              LayoutNGBlockFlow {P} at (4,192) size 747x20
                LayoutText {#text} at (0,0) size 456x19
                  text run at (0,0) width 456: "The next paragraph should be invisible (if it's visible, you'll see red text)."
              LayoutNGBlockFlow {P} at (4,228) size 747x20
                LayoutText {#text} at (0,0) size 247x19
                  text run at (0,0) width 247: "There should be no text after the colon:"
              LayoutNGBlockFlow {P} at (4,264) size 747x60
                LayoutNGBlockFlow (anonymous) at (0,0) size 747x20
                  LayoutText {#text} at (0,0) size 112x19
                    text run at (0,0) width 112: "The italicized text"
                LayoutNGBlockFlow {I} at (0,20) size 747x20
                  LayoutText {#text} at (0,0) size 110x19
                    text run at (0,0) width 110: "in this paragraph"
                LayoutNGBlockFlow (anonymous) at (0,40) size 747x20
                  LayoutText {#text} at (0,0) size 203x19
                    text run at (0,0) width 203: "should be a block-level element."
layer at (8,137) size 769x2 clip at (0,0) size 0x0
  LayoutNGBlockFlow {HR} at (0,129) size 769x2 [border: (1px inset #EEEEEE)]
