layer at (0,0) size 800x600
  LayoutView at (0,0) size 800x600
layer at (0,0) size 800x600
  LayoutNGBlockFlow {HTML} at (0,0) size 800x600
    LayoutNGBlockFlow {BODY} at (8,8) size 784x584 [bgcolor=#CCCCCC]
      LayoutNGBlockFlow {P} at (0,0) size 784x20
        LayoutText {#text} at (0,0) size 355x19
          text run at (0,0) width 355: "The style declarations which apply to the text below are:"
      LayoutNGBlockFlow {PRE} at (0,36) size 784x48
        LayoutText {#text} at (0,0) size 288x32
          text run at (0,0) width 288: ".one {list-style-position: outside;}"
          text run at (288,0) width 0: " "
          text run at (0,16) width 280: ".two {list-style-position: inside;}"
          text run at (280,16) width 0: " "
          text run at (0,32) width 0: " "
      LayoutNGBlockFlow {UL} at (0,115) size 784x40
        LayoutNGListItem {LI} at (40,0) size 744x40
          LayoutNGListMarker (anonymous) at (-18,0) size 10x20
            LayoutText (anonymous) at (0,0) size 10x19
              text run at (0,0) width 10: "\x{2022} "
          LayoutText {#text} at (0,0) size 725x39
            text run at (0,0) width 725: "The text in this item should behave as expected; that is, it should line up with itself on the left margin, leaving blank"
            text run at (0,20) width 154: "space beneath the bullet."
      LayoutNGBlockFlow {UL} at (0,171) size 784x40
        LayoutNGListItem {LI} at (40,0) size 744x40
          LayoutInline (anonymous) at (0,0) size 10x19
            LayoutText (anonymous) at (-1,0) size 10x19
              text run at (-1,0) width 10: "\x{2022} "
          LayoutText {#text} at (24,0) size 713x39
            text run at (24,0) width 689: "The text in this item should not behave as expected; that is, it should line up with the bullet on the left margin,"
            text run at (0,20) width 263: "leaving no blank space beneath the bullet."
      LayoutTable {TABLE} at (0,227) size 784x150 [border: (1px outset #808080)]
        LayoutTableSection {TBODY} at (1,1) size 782x148
          LayoutTableRow {TR} at (0,0) size 782x28
            LayoutNGTableCell {TD} at (0,0) size 782x28 [bgcolor=#C0C0C0] [border: (1px inset #808080)] [r=0 c=0 rs=1 cs=2]
              LayoutInline {STRONG} at (0,0) size 161x19
                LayoutText {#text} at (4,4) size 161x19
                  text run at (4,4) width 161: "TABLE Testing Section"
          LayoutTableRow {TR} at (0,28) size 782x120
            LayoutNGTableCell {TD} at (0,74) size 12x28 [bgcolor=#C0C0C0] [border: (1px inset #808080)] [r=1 c=0 rs=1 cs=1]
              LayoutText {#text} at (4,50) size 4x19
                text run at (4,50) width 4: " "
            LayoutNGTableCell {TD} at (12,28) size 770x120 [border: (1px inset #808080)] [r=1 c=1 rs=1 cs=1]
              LayoutNGBlockFlow {UL} at (4,4) size 762x40
                LayoutNGListItem {LI} at (40,0) size 722x40
                  LayoutNGListMarker (anonymous) at (-18,0) size 10x20
                    LayoutText (anonymous) at (0,0) size 10x19
                      text run at (0,0) width 10: "\x{2022} "
                  LayoutText {#text} at (0,0) size 686x39
                    text run at (0,0) width 686: "The text in this item should behave as expected; that is, it should line up with itself on the left margin, leaving"
                    text run at (0,20) width 193: "blank space beneath the bullet."
              LayoutNGBlockFlow {UL} at (4,60) size 762x40
                LayoutNGListItem {LI} at (40,0) size 722x40
                  LayoutInline (anonymous) at (0,0) size 10x19
                    LayoutText (anonymous) at (-1,0) size 10x19
                      text run at (-1,0) width 10: "\x{2022} "
                  LayoutText {#text} at (24,0) size 713x39
                    text run at (24,0) width 689: "The text in this item should not behave as expected; that is, it should line up with the bullet on the left margin,"
                    text run at (0,20) width 263: "leaving no blank space beneath the bullet."
layer at (8,105) size 784x2 clip at (0,0) size 0x0
  LayoutNGBlockFlow {HR} at (0,97) size 784x2 [border: (1px inset #EEEEEE)]
