layer at (0,0) size 800x600
  LayoutView at (0,0) size 800x600
layer at (0,0) size 800x600
  LayoutNGBlockFlow {HTML} at (0,0) size 800x600
    LayoutNGBlockFlow {BODY} at (8,8) size 784x584 [bgcolor=#CCCCCC]
      LayoutNGBlockFlow {P} at (0,0) size 784x20
        LayoutText {#text} at (0,0) size 355x19
          text run at (0,0) width 355: "The style declarations which apply to the text below are:"
      LayoutNGBlockFlow {PRE} at (0,36) size 784x48
        LayoutText {#text} at (0,0) size 440x48
          text run at (0,0) width 440: ".one {list-style-image: url(../resources/oransqr.gif);}"
          text run at (440,0) width 0: " "
          text run at (0,16) width 240: ".two {list-style-image: none;}"
          text run at (240,16) width 0: " "
          text run at (0,32) width 0: " "
      LayoutNGBlockFlow {UL} at (0,115) size 784x60
        LayoutNGListItem {LI} at (40,0) size 744x20
          LayoutNGListMarker (anonymous) at (-22,0) size 15x15
            LayoutImage (anonymous) at (0,0) size 15x15
          LayoutText {#text} at (0,0) size 62x19
            text run at (0,0) width 62: "This list..."
        LayoutNGListItem {LI} at (40,20) size 744x20
          LayoutNGListMarker (anonymous) at (-22,0) size 15x15
            LayoutImage (anonymous) at (0,0) size 15x15
          LayoutText {#text} at (0,0) size 113x19
            text run at (0,0) width 113: "...should feature..."
        LayoutNGListItem {LI} at (40,40) size 744x20
          LayoutNGListMarker (anonymous) at (-22,0) size 15x15
            LayoutImage (anonymous) at (0,0) size 15x15
          LayoutText {#text} at (0,0) size 146x19
            text run at (0,0) width 146: "...images for each item."
      LayoutNGBlockFlow {UL} at (0,191) size 784x60
        LayoutNGListItem {LI} at (40,0) size 744x20
          LayoutNGListMarker (anonymous) at (-18,0) size 7x20
            LayoutText (anonymous) at (0,0) size 7x19
              text run at (0,0) width 7: "\x{2022} "
          LayoutText {#text} at (0,0) size 62x19
            text run at (0,0) width 62: "This list..."
        LayoutNGListItem {LI} at (40,20) size 744x20
          LayoutNGListMarker (anonymous) at (-18,0) size 7x20
            LayoutText (anonymous) at (0,0) size 7x19
              text run at (0,0) width 7: "\x{2022} "
          LayoutText {#text} at (0,0) size 113x19
            text run at (0,0) width 113: "...should feature..."
        LayoutNGListItem {LI} at (40,40) size 744x20
          LayoutNGListMarker (anonymous) at (-18,0) size 7x20
            LayoutText (anonymous) at (0,0) size 7x19
              text run at (0,0) width 7: "\x{2022} "
          LayoutText {#text} at (0,0) size 231x19
            text run at (0,0) width 231: "...standard list markers for each item."
      LayoutTable {TABLE} at (0,267) size 293x190 [border: (1px outset #808080)]
        LayoutTableSection {TBODY} at (1,1) size 291x188
          LayoutTableRow {TR} at (0,0) size 291x28
            LayoutNGTableCell {TD} at (0,0) size 291x28 [bgcolor=#C0C0C0] [border: (1px inset #808080)] [r=0 c=0 rs=1 cs=2]
              LayoutInline {STRONG} at (0,0) size 161x19
                LayoutText {#text} at (4,4) size 161x19
                  text run at (4,4) width 161: "TABLE Testing Section"
          LayoutTableRow {TR} at (0,28) size 291x160
            LayoutNGTableCell {TD} at (0,94) size 12x28 [bgcolor=#C0C0C0] [border: (1px inset #808080)] [r=1 c=0 rs=1 cs=1]
              LayoutText {#text} at (4,70) size 4x19
                text run at (4,70) width 4: " "
            LayoutNGTableCell {TD} at (12,28) size 279x160 [border: (1px inset #808080)] [r=1 c=1 rs=1 cs=1]
              LayoutNGBlockFlow {UL} at (4,4) size 271x60
                LayoutNGListItem {LI} at (40,0) size 231x20
                  LayoutNGListMarker (anonymous) at (-22,0) size 15x15
                    LayoutImage (anonymous) at (0,0) size 15x15
                  LayoutText {#text} at (0,0) size 62x19
                    text run at (0,0) width 62: "This list..."
                LayoutNGListItem {LI} at (40,20) size 231x20
                  LayoutNGListMarker (anonymous) at (-22,0) size 15x15
                    LayoutImage (anonymous) at (0,0) size 15x15
                  LayoutText {#text} at (0,0) size 113x19
                    text run at (0,0) width 113: "...should feature..."
                LayoutNGListItem {LI} at (40,40) size 231x20
                  LayoutNGListMarker (anonymous) at (-22,0) size 15x15
                    LayoutImage (anonymous) at (0,0) size 15x15
                  LayoutText {#text} at (0,0) size 146x19
                    text run at (0,0) width 146: "...images for each item."
              LayoutNGBlockFlow {UL} at (4,80) size 271x60
                LayoutNGListItem {LI} at (40,0) size 231x20
                  LayoutNGListMarker (anonymous) at (-18,0) size 7x20
                    LayoutText (anonymous) at (0,0) size 7x19
                      text run at (0,0) width 7: "\x{2022} "
                  LayoutText {#text} at (0,0) size 62x19
                    text run at (0,0) width 62: "This list..."
                LayoutNGListItem {LI} at (40,20) size 231x20
                  LayoutNGListMarker (anonymous) at (-18,0) size 7x20
                    LayoutText (anonymous) at (0,0) size 7x19
                      text run at (0,0) width 7: "\x{2022} "
                  LayoutText {#text} at (0,0) size 113x19
                    text run at (0,0) width 113: "...should feature..."
                LayoutNGListItem {LI} at (40,40) size 231x20
                  LayoutNGListMarker (anonymous) at (-18,0) size 7x20
                    LayoutText (anonymous) at (0,0) size 7x19
                      text run at (0,0) width 7: "\x{2022} "
                  LayoutText {#text} at (0,0) size 231x19
                    text run at (0,0) width 231: "...standard list markers for each item."
layer at (8,105) size 784x2 clip at (0,0) size 0x0
  LayoutNGBlockFlow {HR} at (0,97) size 784x2 [border: (1px inset #EEEEEE)]
