layer at (0,0) size 800x600
  LayoutView at (0,0) size 800x600
layer at (0,0) size 800x172
  LayoutBlockFlow {html} at (0,0) size 800x172
    LayoutBlockFlow {body} at (8,16) size 784x140
      LayoutBlockFlow {p} at (0,0) size 784x36 [bgcolor=#FFFFFF]
        LayoutText {#text} at (0,0) size 757x18
          text run at (0,0) width 229: "This paragraph should be unstyled. "
          text run at (228,0) width 455: "The background of the following paragraph should become blue when "
          text run at (682,0) width 75: "you follow "
        LayoutInline {a} at (0,0) size 780x36 [color=#0000EE]
          LayoutText {#text} at (756,0) size 780x36
            text run at (756,0) width 24: "this"
            text run at (0,18) width 25: "link"
        LayoutText {#text} at (24,18) size 5x18
          text run at (24,18) width 5: "."
      LayoutBlockFlow {p} at (0,52) size 784x36 [bgcolor=#FFFFFF]
        LayoutText {#text} at (0,0) size 745x18
          text run at (0,0) width 283: "This paragraph should initially be unstyled. "
          text run at (282,0) width 463: "It should become blue when you select the link above. When you select "
        LayoutInline {a} at (0,0) size 768x36 [color=#0000EE]
          LayoutText {#text} at (744,0) size 768x36
            text run at (744,0) width 24: "this"
            text run at (0,18) width 25: "link"
        LayoutText {#text} at (24,18) size 639x18
          text run at (24,18) width 276: ", it should return to being unstyled and the "
          text run at (299,18) width 364: "background of the paragraph below should become blue."
      LayoutBlockFlow {p} at (0,104) size 784x36 [bgcolor=#FFFFFF]
        LayoutText {#text} at (0,0) size 750x18
          text run at (0,0) width 283: "This paragraph should initially be unstyled. "
          text run at (282,0) width 468: "It should become blue when you select the link above. When you follow "
        LayoutInline {a} at (0,0) size 773x36 [color=#0000EE]
          LayoutText {#text} at (749,0) size 773x36
            text run at (749,0) width 24: "this"
            text run at (0,18) width 25: "link"
        LayoutText {#text} at (24,18) size 366x18
          text run at (24,18) width 143: ", the three paragraphs "
          text run at (166,18) width 224: "should all return to being unstyled."
