layer at (0,0) size 800x600
  LayoutView at (0,0) size 800x600
layer at (0,0) size 800x267
  LayoutBlockFlow {html} at (0,0) size 800x267
    LayoutBlockFlow {body} at (8,16) size 784x235
      LayoutBlockFlow {p} at (0,0) size 784x235
        LayoutInline {<pseudo:first-letter>} at (0,0) size 20x37 [bgcolor=#00FF00]
          LayoutTextFragment (anonymous) at (0,0) size 20x37
            text run at (0,0) width 20: "T"
        LayoutTextFragment {#text} at (19,15) size 767x220
          text run at (19,15) width 519: "his very long paragraph should have a big first letter T with a green background. "
          text run at (537,15) width 230: "Dummy text. Dummy text. Dummy"
          text run at (0,37) width 736: "text. Dummy text. Dummy text. Dummy text. Dummy text. Dummy text. Dummy text. Dummy text. Dummy text."
          text run at (0,55) width 760: "Dummy text. Dummy text. Dummy text. Dummy text. Dummy text. Dummy text. Dummy text. Dummy text. Dummy"
          text run at (0,73) width 736: "text. Dummy text. Dummy text. Dummy text. Dummy text. Dummy text. Dummy text. Dummy text. Dummy text."
          text run at (0,91) width 760: "Dummy text. Dummy text. Dummy text. Dummy text. Dummy text. Dummy text. Dummy text. Dummy text. Dummy"
          text run at (0,109) width 736: "text. Dummy text. Dummy text. Dummy text. Dummy text. Dummy text. Dummy text. Dummy text. Dummy text."
          text run at (0,127) width 760: "Dummy text. Dummy text. Dummy text. Dummy text. Dummy text. Dummy text. Dummy text. Dummy text. Dummy"
          text run at (0,145) width 736: "text. Dummy text. Dummy text. Dummy text. Dummy text. Dummy text. Dummy text. Dummy text. Dummy text."
          text run at (0,163) width 760: "Dummy text. Dummy text. Dummy text. Dummy text. Dummy text. Dummy text. Dummy text. Dummy text. Dummy"
          text run at (0,181) width 736: "text. Dummy text. Dummy text. Dummy text. Dummy text. Dummy text. Dummy text. Dummy text. Dummy text."
          text run at (0,199) width 760: "Dummy text. Dummy text. Dummy text. Dummy text. Dummy text. Dummy text. Dummy text. Dummy text. Dummy"
          text run at (0,217) width 648: "text. Dummy text. Dummy text. Dummy text. Dummy text. Dummy text. Dummy text. Dummy text."
