layer at (0,0) size 800x600
  LayoutView at (0,0) size 800x600
layer at (0,0) size 800x152
  LayoutBlockFlow {html} at (0,0) size 800x152
    LayoutBlockFlow {body} at (8,16) size 784x120
      LayoutBlockFlow {div} at (0,0) size 784x120
        LayoutBlockFlow {div} at (0,0) size 784x120 [color=#008000]
          LayoutBlockFlow {p} at (0,0) size 784x18
            LayoutText {#text} at (0,0) size 166x18
              text run at (0,0) width 166: "This line should be green."
          LayoutBlockFlow {p} at (0,34) size 784x18
            LayoutText {#text} at (0,0) size 166x18
              text run at (0,0) width 166: "This line should be green."
          LayoutBlockFlow {p} at (0,68) size 784x18
            LayoutInline {SPAN} at (0,0) size 166x18
              LayoutText {#text} at (0,0) size 166x18
                text run at (0,0) width 166: "This line should be green."
          LayoutBlockFlow {p} at (0,102) size 784x18 [color=#FF0000]
            LayoutInline {SPAN} at (0,0) size 166x18 [color=#008000]
              LayoutText {#text} at (0,0) size 166x18
                text run at (0,0) width 166: "This line should be green."
