layer at (0,0) size 800x600
  LayoutView at (0,0) size 800x600
layer at (0,0) size 800x110
  LayoutBlockFlow {html} at (0,0) size 800x110 [color=#00FF00]
    LayoutBlockFlow {body} at (8,16) size 784x86
      LayoutBlockFlow {p} at (0,0) size 784x18 [color=#FF0000]
        LayoutInline {span} at (0,0) size 473x18 [color=#00FF00]
          LayoutText {#text} at (0,0) size 473x18
            text run at (0,0) width 368: "This paragraph, and all textual contents in the document, "
            text run at (367,0) width 106: "should be green."
        LayoutText {#text} at (0,0) size 0x0
      LayoutBlockFlow {ul} at (0,34) size 784x18 [color=#FF0000]
        LayoutListItem {li} at (40,0) size 744x18 [color=#00FF00]
          LayoutListMarker (anonymous) at (-17,0) size 7x18: bullet
          LayoutText {#text} at (0,0) size 171x18
            text run at (0,0) width 171: "This item should be green."
      LayoutBlockFlow (anonymous) at (0,68) size 784x18
        LayoutInline {foo} at (0,0) size 458x18
          LayoutText {#text} at (0,0) size 458x18
            text run at (0,0) width 332: "And this element, part of a non-HTML namespace, "
            text run at (331,0) width 127: "should be green too"
        LayoutText {#text} at (0,0) size 0x0
