layer at (0,0) size 800x600
  LayoutView at (0,0) size 800x600
layer at (0,0) size 800x220
  LayoutBlockFlow {html} at (0,0) size 800x220
    LayoutBlockFlow {body} at (8,16) size 784x188
      LayoutBlockFlow {div} at (0,0) size 784x188
        LayoutBlockFlow {p} at (0,0) size 784x18
          LayoutText {#text} at (0,0) size 185x18
            text run at (0,0) width 185: "This line should be unstyled."
        LayoutBlockFlow {elementA} at (0,34) size 784x18
          LayoutText {#text} at (0,0) size 185x18
            text run at (0,0) width 185: "This line should be unstyled."
        LayoutBlockFlow {elementB} at (0,68) size 784x18
          LayoutText {#text} at (0,0) size 185x18
            text run at (0,0) width 185: "This line should be unstyled."
        LayoutBlockFlow {div} at (0,102) size 784x86
          LayoutBlockFlow {p} at (0,0) size 784x18 [bgcolor=#00FF00]
            LayoutText {#text} at (0,0) size 268x18
              text run at (0,0) width 268: "This line should have a green background"
          LayoutBlockFlow {elementA} at (0,34) size 784x18 [bgcolor=#00FF00]
            LayoutText {#text} at (0,0) size 268x18
              text run at (0,0) width 268: "This line should have a green background"
          LayoutBlockFlow {elementB} at (0,68) size 784x18 [bgcolor=#00FF00]
            LayoutText {#text} at (0,0) size 268x18
              text run at (0,0) width 268: "This line should have a green background"
