layer at (0,0) size 800x600
  LayoutView at (0,0) size 800x600
layer at (0,0) size 800x52
  LayoutBlockFlow {html} at (0,0) size 800x52
    LayoutBlockFlow {body} at (8,8) size 784x36
      LayoutBlockFlow {div} at (0,0) size 784x18
        LayoutText {#text} at (0,0) size 157x18
          text run at (0,0) width 157: "This should be unstyled."
      LayoutBlockFlow {div} at (0,18) size 784x18 [bgcolor=#00FF00]
        LayoutText {#text} at (0,0) size 244x18
          text run at (0,0) width 244: "This should have a green background."
