layer at (0,0) size 800x600
  LayoutView at (0,0) size 800x600
layer at (0,0) size 800x84
  LayoutBlockFlow {html} at (0,0) size 800x84
    LayoutBlockFlow {body} at (8,16) size 784x52
      LayoutBlockFlow {p} at (0,0) size 784x18 [color=#00FF00]
        LayoutText {#text} at (0,0) size 166x18
          text run at (0,0) width 166: "This text should be green."
      LayoutBlockFlow {p} at (0,34) size 784x18 [color=#00FF00]
        LayoutText {#text} at (0,0) size 166x18
          text run at (0,0) width 166: "This text should be green."
