layer at (0,0) size 800x600
  LayoutView at (0,0) size 800x600
layer at (0,0) size 800x134
  LayoutBlockFlow {html} at (0,0) size 800x134
    LayoutBlockFlow {body} at (8,8) size 784x110
      LayoutBlockFlow {div} at (0,0) size 784x76
        LayoutTable {table} at (0,0) size 125x76 [border: (1px outset #808080)]
          LayoutTableSection (anonymous) at (1,1) size 123x74
            LayoutTableRow {tr} at (0,2) size 123x22
              LayoutTableCell {td} at (2,2) size 24x22 [border: (1px inset #808080)] [r=0 c=0 rs=1 cs=1]
                LayoutText {#text} at (2,2) size 20x18
                  text run at (2,2) width 20: "1.1"
              LayoutTableCell {td} at (28,2) size 24x22 [border: (1px inset #808080)] [r=0 c=1 rs=1 cs=1]
                LayoutText {#text} at (2,2) size 20x18
                  text run at (2,2) width 20: "1.2"
              LayoutTableCell {td} at (54,2) size 67x22 [bgcolor=#00FF00] [border: (1px inset #808080)] [r=0 c=2 rs=1 cs=1]
                LayoutText {#text} at (2,2) size 63x18
                  text run at (2,2) width 63: "green cell"
            LayoutTableRow {tr} at (0,26) size 123x22
              LayoutTableCell {td} at (2,26) size 24x22 [border: (1px inset #808080)] [r=1 c=0 rs=1 cs=1]
                LayoutText {#text} at (2,2) size 20x18
                  text run at (2,2) width 20: "2.1"
              LayoutTableCell {td} at (28,26) size 24x22 [border: (1px inset #808080)] [r=1 c=1 rs=1 cs=1]
                LayoutText {#text} at (2,2) size 20x18
                  text run at (2,2) width 20: "2.2"
              LayoutTableCell {td} at (54,26) size 67x22 [bgcolor=#00FF00] [border: (1px inset #808080)] [r=1 c=2 rs=1 cs=1]
                LayoutText {#text} at (2,2) size 63x18
                  text run at (2,2) width 63: "green cell"
            LayoutTableRow {tr} at (0,50) size 123x22
              LayoutTableCell {td} at (2,50) size 24x22 [border: (1px inset #808080)] [r=2 c=0 rs=1 cs=1]
                LayoutText {#text} at (2,2) size 20x18
                  text run at (2,2) width 20: "3.1"
              LayoutTableCell {td} at (28,50) size 24x22 [border: (1px inset #808080)] [r=2 c=1 rs=1 cs=1]
                LayoutText {#text} at (2,2) size 20x18
                  text run at (2,2) width 20: "3.2"
              LayoutTableCell {td} at (54,50) size 67x22 [bgcolor=#00FF00] [border: (1px inset #808080)] [r=2 c=2 rs=1 cs=1]
                LayoutText {#text} at (2,2) size 63x18
                  text run at (2,2) width 63: "green cell"
      LayoutBlockFlow {p} at (0,92) size 784x18
        LayoutInline {span} at (0,0) size 438x18 [bgcolor=#00FF00]
          LayoutText {#text} at (0,0) size 438x18
            text run at (0,0) width 277: "This paragraph contains a span that should "
            text run at (276,0) width 162: "have a green background"
        LayoutText {#text} at (437,0) size 144x18
          text run at (437,0) width 144: " and some text after it."
