layer at (0,0) size 800x600
  LayoutView at (0,0) size 800x600
layer at (0,0) size 800x51
  LayoutBlockFlow {html} at (0,0) size 800x51
    LayoutBlockFlow {body} at (8,16) size 784x19
      LayoutBlockFlow {p} at (0,0) size 784x19
        LayoutBlockFlow {input} at (2.89,4) size 12x12 [bgcolor=#00FF00]
        LayoutText {#text} at (17,0) size 5x18
          text run at (17,0) width 5: " "
        LayoutInline {span} at (0,0) size 395x18 [bgcolor=#00FF00]
          LayoutText {#text} at (21,0) size 395x18
            text run at (21,0) width 395: "Everything in this paragraph should have a green background"
