layer at (0,0) size 800x600
  LayoutView at (0,0) size 800x600
layer at (0,0) size 800x76
  LayoutBlockFlow {html} at (0,0) size 800x76
    LayoutBlockFlow {body} at (8,16) size 784x52
      LayoutBlockFlow {p} at (0,0) size 784x18 [bgcolor=#00FF00]
        LayoutText {#text} at (0,0) size 488x18
          text run at (0,0) width 409: "This paragraph should have green background because CLASS "
          text run at (408,0) width 80: "contains \"b\""
      LayoutBlockFlow {address} at (0,34) size 784x18 [bgcolor=#00FF00]
        LayoutInline {span} at (0,0) size 159x18
          LayoutText {#text} at (0,0) size 159x18
            text run at (0,0) width 159: "This address should also"
        LayoutText {#text} at (158,0) size 5x18
          text run at (158,0) width 5: " "
        LayoutInline {span} at (0,0) size 607x18
          LayoutText {#text} at (162,0) size 607x18
            text run at (162,0) width 355: "have green background because the selector in the last "
            text run at (516,0) width 253: "rule does not apply to the inner SPANs."
        LayoutText {#text} at (0,0) size 0x0
