layer at (0,0) size 800x600
  LayoutView at (0,0) size 800x600
layer at (0,0) size 800x118
  LayoutBlockFlow {html} at (0,0) size 800x118
    LayoutBlockFlow {body} at (8,16) size 784x86
      LayoutBlockFlow {p} at (0,0) size 784x18
        LayoutText {#text} at (0,0) size 307x18
          text run at (0,0) width 307: "This paragraph should have normal background"
      LayoutBlockFlow {div} at (0,34) size 784x52
        LayoutBlockFlow (anonymous) at (0,0) size 784x18
          LayoutText {#text} at (0,0) size 238x18
            text run at (0,0) width 238: "This div contains only one paragraph"
        LayoutBlockFlow {p} at (0,34) size 784x18 [bgcolor=#00FF00]
          LayoutText {#text} at (0,0) size 297x18
            text run at (0,0) width 297: "This paragraph should have green background"
