layer at (0,0) size 800x600
  LayoutView at (0,0) size 800x600
layer at (0,0) size 800x76
  LayoutBlockFlow {html} at (0,0) size 800x76
    LayoutBlockFlow {body} at (8,8) size 784x52
      LayoutBlockFlow {address} at (0,0) size 784x16 [bgcolor=#00FF00]
      LayoutBlockFlow {div} at (0,0) size 784x18
        LayoutText {#text} at (0,0) size 272x18
          text run at (0,0) width 272: "This line should have a green background."
      LayoutBlockFlow {p} at (0,34) size 784x18
        LayoutText {#text} at (0,0) size 307x18
          text run at (0,0) width 307: "(Note: This test is based on unpublished errata.)"
