layer at (0,0) size 800x600
  LayoutView at (0,0) size 800x600
layer at (0,0) size 800x186
  LayoutBlockFlow {html} at (0,0) size 800x186
    LayoutBlockFlow {body} at (8,16) size 784x154
      LayoutBlockFlow {p} at (0,0) size 784x18 [bgcolor=#00FF00]
        LayoutText {#text} at (0,0) size 308x18
          text run at (0,0) width 308: "This paragraph should have a green background"
      LayoutBlockFlow {q} at (0,34) size 784x18
        LayoutText {#text} at (0,0) size 225x18
          text run at (0,0) width 225: "This paragraph should be unstyled."
      LayoutBlockFlow {q} at (0,68) size 784x18
        LayoutText {#text} at (0,0) size 225x18
          text run at (0,0) width 225: "This paragraph should be unstyled."
      LayoutBlockFlow {r} at (0,102) size 784x18 [bgcolor=#00FF00]
        LayoutText {#text} at (0,0) size 312x18
          text run at (0,0) width 312: "This paragraph should have a green background."
      LayoutBlockFlow {s} at (0,136) size 784x18
        LayoutText {#text} at (0,0) size 225x18
          text run at (0,0) width 225: "This paragraph should be unstyled."
