layer at (0,0) size 800x600
  LayoutView at (0,0) size 800x600
layer at (0,0) size 800x90
  LayoutBlockFlow {html} at (0,0) size 800x90
    LayoutBlockFlow {body} at (8,16) size 784x66
      LayoutBlockFlow {div} at (0,0) size 784x66
        LayoutBlockFlow {p} at (0,0) size 784x18
          LayoutText {#text} at (0,0) size 225x18
            text run at (0,0) width 225: "The following bar should be green."
        LayoutBlockFlow {div} at (0,34) size 784x0
        LayoutBlockFlow {div} at (0,34) size 784x0
        LayoutBlockFlow {div} at (0,34) size 784x32
          LayoutBlockFlow {div} at (0,0) size 784x32
            LayoutBlockFlow {div} at (0,0) size 784x0
            LayoutBlockFlow {div} at (0,0) size 784x32
              LayoutBlockFlow {div} at (0,0) size 784x32 [bgcolor=#00FF00]
