layer at (0,0) size 800x600
  LayoutView at (0,0) size 800x600
layer at (0,0) size 800x94
  LayoutBlockFlow {html} at (0,0) size 800x94
    LayoutBlockFlow {body} at (8,16) size 784x70
      LayoutBlockFlow {p} at (0,0) size 784x18 [color=#FFFFFF] [bgcolor=#008000]
        LayoutText {#text} at (0,0) size 166x18
          text run at (0,0) width 166: "This line should be green."
      LayoutBlockFlow {div} at (0,34) size 784x18 [color=#FFFFFF] [bgcolor=#008000]
        LayoutText {#text} at (0,0) size 166x18
          text run at (0,0) width 166: "This line should be green."
      LayoutBlockFlow {address} at (0,52) size 784x18 [color=#FFFFFF] [bgcolor=#008000]
        LayoutText {#text} at (0,0) size 166x18
          text run at (0,0) width 166: "This line should be green."
