layer at (0,0) size 800x600
  LayoutView at (0,0) size 800x600
layer at (0,0) size 800x146
  LayoutBlockFlow {html} at (0,0) size 800x146
    LayoutBlockFlow {body} at (8,16) size 784x114
      LayoutBlockFlow {div} at (0,0) size 784x114
        LayoutBlockFlow {p} at (0,0) size 784x18
          LayoutText {#text} at (0,0) size 260x18
            text run at (0,0) width 260: "The following two bars should be green."
        LayoutBlockFlow {div} at (16,34) size 752x32 [bgcolor=#00FF00]
        LayoutBlockFlow {div} at (16,82) size 752x32 [bgcolor=#00FF00]
