layer at (0,0) size 800x600
  LayoutView at (0,0) size 800x600
layer at (0,0) size 800x394
  LayoutBlockFlow {html} at (0,0) size 800x394
    LayoutBlockFlow {body} at (8,8) size 784x378
      LayoutBlockFlow (anonymous) at (0,0) size 784x0
        LayoutInline {test} at (0,0) size 0x0
          LayoutText {#text} at (0,0) size 0x0
      LayoutBlockFlow (anonymous) at (0,0) size 784x378
        LayoutBlockFlow {line} at (0,0) size 784x18
          LayoutText {#text} at (0,0) size 185x18
            text run at (0,0) width 185: "This line should be unstyled."
        LayoutBlockFlow {line} at (0,18) size 784x18 [bgcolor=#00FF00]
          LayoutText {#text} at (0,0) size 166x18
            text run at (0,0) width 166: "This line should be green."
        LayoutBlockFlow {line} at (0,36) size 784x18
          LayoutText {#text} at (0,0) size 185x18
            text run at (0,0) width 185: "This line should be unstyled."
        LayoutBlockFlow {line} at (0,54) size 784x18
          LayoutText {#text} at (0,0) size 185x18
            text run at (0,0) width 185: "This line should be unstyled."
        LayoutBlockFlow {line} at (0,72) size 784x18 [bgcolor=#00FF00]
          LayoutText {#text} at (0,0) size 166x18
            text run at (0,0) width 166: "This line should be green."
        LayoutBlockFlow {line} at (0,90) size 784x18
          LayoutText {#text} at (0,0) size 185x18
            text run at (0,0) width 185: "This line should be unstyled."
        LayoutBlockFlow {line} at (0,108) size 784x18
          LayoutText {#text} at (0,0) size 185x18
            text run at (0,0) width 185: "This line should be unstyled."
        LayoutBlockFlow {line} at (0,126) size 784x18 [bgcolor=#00FF00]
          LayoutText {#text} at (0,0) size 166x18
            text run at (0,0) width 166: "This line should be green."
        LayoutBlockFlow {line} at (0,144) size 784x18
          LayoutText {#text} at (0,0) size 185x18
            text run at (0,0) width 185: "This line should be unstyled."
        LayoutBlockFlow {line} at (0,162) size 784x18
          LayoutText {#text} at (0,0) size 185x18
            text run at (0,0) width 185: "This line should be unstyled."
        LayoutBlockFlow {line} at (0,180) size 784x18 [bgcolor=#00FF00]
          LayoutText {#text} at (0,0) size 166x18
            text run at (0,0) width 166: "This line should be green."
        LayoutBlockFlow {line} at (0,198) size 784x18
          LayoutText {#text} at (0,0) size 185x18
            text run at (0,0) width 185: "This line should be unstyled."
        LayoutBlockFlow {line} at (0,216) size 784x18
          LayoutText {#text} at (0,0) size 185x18
            text run at (0,0) width 185: "This line should be unstyled."
        LayoutBlockFlow {line} at (0,234) size 784x18 [bgcolor=#00FF00]
          LayoutText {#text} at (0,0) size 166x18
            text run at (0,0) width 166: "This line should be green."
        LayoutBlockFlow {line} at (0,252) size 784x18
          LayoutText {#text} at (0,0) size 185x18
            text run at (0,0) width 185: "This line should be unstyled."
        LayoutBlockFlow {line} at (0,270) size 784x18
          LayoutText {#text} at (0,0) size 185x18
            text run at (0,0) width 185: "This line should be unstyled."
        LayoutBlockFlow {line} at (0,288) size 784x18 [bgcolor=#00FF00]
          LayoutText {#text} at (0,0) size 166x18
            text run at (0,0) width 166: "This line should be green."
        LayoutBlockFlow {line} at (0,306) size 784x18
          LayoutText {#text} at (0,0) size 185x18
            text run at (0,0) width 185: "This line should be unstyled."
        LayoutBlockFlow {line} at (0,324) size 784x18
          LayoutText {#text} at (0,0) size 185x18
            text run at (0,0) width 185: "This line should be unstyled."
        LayoutBlockFlow {line} at (0,342) size 784x18 [bgcolor=#00FF00]
          LayoutText {#text} at (0,0) size 166x18
            text run at (0,0) width 166: "This line should be green."
        LayoutBlockFlow {line} at (0,360) size 784x18
          LayoutText {#text} at (0,0) size 185x18
            text run at (0,0) width 185: "This line should be unstyled."
      LayoutBlockFlow (anonymous) at (0,378) size 784x0
        LayoutInline {test} at (0,0) size 0x0
        LayoutText {#text} at (0,0) size 0x0
