layer at (0,0) size 800x600
  LayoutView at (0,0) size 800x600
layer at (0,0) size 800x384
  LayoutBlockFlow {html} at (0,0) size 800x384
    LayoutBlockFlow {body} at (8,16) size 784x352
      LayoutBlockFlow {p} at (0,0) size 784x18 [bgcolor=#00FF00]
        LayoutText {#text} at (0,0) size 297x18
          text run at (0,0) width 297: "This paragraph should have green background"
      LayoutBlockFlow {address} at (0,34) size 784x18
        LayoutText {#text} at (0,0) size 338x18
          text run at (0,0) width 338: "But this address is here only to fill space in the dom.."
      LayoutBlockFlow {p} at (0,68) size 784x18
        LayoutText {#text} at (0,0) size 155x18
          text run at (0,0) width 155: "So does this paragraph !"
      LayoutBlockFlow {p} at (0,102) size 784x18
        LayoutText {#text} at (0,0) size 162x18
          text run at (0,0) width 162: "And so does this one too."
      LayoutBlockFlow {dl} at (0,136) size 784x216
        LayoutBlockFlow {dt} at (0,0) size 784x18
          LayoutText {#text} at (0,0) size 128x18
            text run at (0,0) width 128: "First definition term"
        LayoutBlockFlow {dd} at (40,18) size 744x18
          LayoutText {#text} at (0,0) size 95x18
            text run at (0,0) width 95: "First definition"
        LayoutBlockFlow {dt} at (0,36) size 784x18
          LayoutText {#text} at (0,0) size 146x18
            text run at (0,0) width 146: "Second definition term"
        LayoutBlockFlow {dd} at (40,54) size 744x18
          LayoutText {#text} at (0,0) size 113x18
            text run at (0,0) width 113: "Second definition"
        LayoutBlockFlow {dt} at (0,72) size 784x18 [bgcolor=#00FF00]
          LayoutText {#text} at (0,0) size 363x18
            text run at (0,0) width 363: "Third definition term that should have green background"
        LayoutBlockFlow {dd} at (40,90) size 744x18 [bgcolor=#00FF00]
          LayoutText {#text} at (0,0) size 329x18
            text run at (0,0) width 329: "Third definition that should have green background"
        LayoutBlockFlow {dt} at (0,108) size 784x18
          LayoutText {#text} at (0,0) size 142x18
            text run at (0,0) width 142: "Fourth definition term"
        LayoutBlockFlow {dd} at (40,126) size 744x18
          LayoutText {#text} at (0,0) size 108x18
            text run at (0,0) width 108: "Fourth definition"
        LayoutBlockFlow {dt} at (0,144) size 784x18
          LayoutText {#text} at (0,0) size 130x18
            text run at (0,0) width 130: "Fifth definition term"
        LayoutBlockFlow {dd} at (40,162) size 744x18
          LayoutText {#text} at (0,0) size 97x18
            text run at (0,0) width 97: "Fifth definition"
        LayoutBlockFlow {dt} at (0,180) size 784x18 [bgcolor=#00FF00]
          LayoutText {#text} at (0,0) size 361x18
            text run at (0,0) width 361: "Sixth definition term that should have green background"
        LayoutBlockFlow {dd} at (40,198) size 744x18 [bgcolor=#00FF00]
          LayoutText {#text} at (0,0) size 328x18
            text run at (0,0) width 328: "Sixth definition that should have green background"
