layer at (0,0) size 800x600
  LayoutView at (0,0) size 800x600
layer at (0,0) size 800x186
  LayoutBlockFlow {html} at (0,0) size 800x186
    LayoutBlockFlow {body} at (8,16) size 784x154
      LayoutBlockFlow {div} at (0,0) size 784x154
        LayoutBlockFlow {p} at (0,0) size 784x18
          LayoutText {#text} at (0,0) size 225x18
            text run at (0,0) width 225: "This paragraph should be unstyled."
        LayoutBlockFlow {p} at (0,34) size 784x18 [bgcolor=#00FF00]
          LayoutText {#text} at (0,0) size 293x18
            text run at (0,0) width 293: "But this one should have a green background."
        LayoutBlockFlow {p} at (0,68) size 784x18 [bgcolor=#00FF00]
          LayoutText {#text} at (0,0) size 327x18
            text run at (0,0) width 327: "And this one should also have a green background."
        LayoutBlockFlow {address} at (0,102) size 784x18
          LayoutText {#text} at (0,0) size 440x18
            text run at (0,0) width 440: "This address is only here to fill some space between two paragraphs."
        LayoutBlockFlow {p} at (0,136) size 784x18
          LayoutText {#text} at (0,0) size 225x18
            text run at (0,0) width 225: "This paragraph should be unstyled."
