CONSOLE ERROR: line 27: Uncaught TypeError: document.getElementsByTagNameNS(...)[0].setIdAttribute is not a function
layer at (0,0) size 800x600
  LayoutView at (0,0) size 800x600
layer at (0,0) size 800x186
  LayoutBlockFlow {html} at (0,0) size 800x186
    LayoutBlockFlow {body} at (8,16) size 784x154
      LayoutBlockFlow {p} at (0,0) size 784x18 [color=#000080]
        LayoutText {#text} at (0,0) size 515x18
          text run at (0,0) width 515: "This test requires support for two or more of XHTML, xml:id, and DOM3 Core."
      LayoutBlockFlow {div} at (0,34) size 784x18 [color=#FF0000]
        LayoutText {#text} at (0,0) size 166x18
          text run at (0,0) width 166: "This line should be green."
      LayoutBlockFlow {p} at (0,68) size 784x18 [color=#008000]
        LayoutText {#text} at (0,0) size 166x18
          text run at (0,0) width 166: "This line should be green."
      LayoutBlockFlow {p} at (0,102) size 784x18 [color=#008000]
        LayoutText {#text} at (0,0) size 166x18
          text run at (0,0) width 166: "This line should be green."
      LayoutBlockFlow {p} at (0,136) size 784x18 [color=#008000]
        LayoutText {#text} at (0,0) size 166x18
          text run at (0,0) width 166: "This line should be green."
