layer at (0,0) size 800x600
  LayoutView at (0,0) size 800x600
layer at (0,0) size 800x136
  LayoutBlockFlow {html} at (0,0) size 800x136
    LayoutBlockFlow {body} at (8,16) size 784x104
      LayoutBlockFlow {blockquote} at (40,0) size 704x18
        LayoutBlockFlow {div} at (0,0) size 704x18
          LayoutText {#text} at (0,0) size 185x18
            text run at (0,0) width 185: "This text should be unstyled."
      LayoutBlockFlow {div} at (0,34) size 784x18
        LayoutText {#text} at (0,0) size 185x18
          text run at (0,0) width 185: "This text should be unstyled."
      LayoutBlockFlow {div} at (0,52) size 784x18
        LayoutText {#text} at (0,0) size 185x18
          text run at (0,0) width 185: "This text should be unstyled."
      LayoutBlockFlow {p} at (0,86) size 784x18 [color=#008000]
        LayoutText {#text} at (0,0) size 166x18
          text run at (0,0) width 166: "This text should be green."
