layer at (0,0) size 800x600
  LayoutView at (0,0) size 800x600
layer at (0,0) size 800x34
  LayoutBlockFlow {html} at (0,0) size 800x34
    LayoutBlockFlow {body} at (8,8) size 784x18
      LayoutBlockFlow {div} at (0,0) size 784x18
        LayoutInline {a} at (0,0) size 288x18 [color=#551A8B] [bgcolor=#00FF00]
          LayoutText {#text} at (0,0) size 288x18
            text run at (0,0) width 288: "This anchor should have a green background"
        LayoutText {#text} at (0,0) size 0x0
