layer at (0,0) size 800x600
  LayoutView at (0,0) size 800x600
layer at (0,0) size 800x34
  LayoutBlockFlow {html} at (0,0) size 800x34
    LayoutBlockFlow {body} at (8,8) size 784x18
      LayoutInline {testa} at (0,0) size 308x18 [bgcolor=#00FF00]
        LayoutText {#text} at (0,0) size 308x18
          text run at (0,0) width 308: "This paragraph should have a green background"
      LayoutText {#text} at (0,0) size 0x0
