layer at (0,0) size 800x600
  LayoutView at (0,0) size 800x600
layer at (0,0) size 800x50
  LayoutBlockFlow {html} at (0,0) size 800x50
    LayoutBlockFlow {body} at (8,16) size 784x18
      LayoutBlockFlow {p} at (0,0) size 784x18
        LayoutText {#text} at (0,0) size 163x18
          text run at (0,0) width 163: "The background color of "
        LayoutInline {a} at (0,0) size 68x18 [color=#0000EE]
          LayoutText {#text} at (162,0) size 68x18
            text run at (162,0) width 68: "the anchor"
        LayoutText {#text} at (229,0) size 554x18
          text run at (229,0) width 5: " "
          text run at (233,0) width 378: "should turn to green when it is activated and come back to "
          text run at (610,0) width 173: "normal when it is released."
