layer at (0,0) size 800x600
  LayoutView at (0,0) size 800x600
layer at (0,0) size 800x108
  LayoutBlockFlow {html} at (0,0) size 800x108
    LayoutBlockFlow {body} at (8,16) size 784x84
      LayoutBlockFlow {div} at (0,0) size 784x84
        LayoutBlockFlow {p} at (0,0) size 784x18
          LayoutText {#text} at (0,0) size 225x18
            text run at (0,0) width 225: "The following bar should be green."
        LayoutBlockFlow {div} at (0,34) size 784x50 [bgcolor=#00FF00]
          LayoutText {#text} at (16,16) size 166x18
            text run at (16,16) width 166: "This line should be green."
