layer at (0,0) size 800x600
  LayoutView at (0,0) size 800x600
layer at (0,0) size 800x50
  LayoutBlockFlow {html} at (0,0) size 800x50
    LayoutBlockFlow {body} at (8,16) size 784x18
      LayoutBlockFlow {p} at (0,0) size 784x18
        LayoutText {#text} at (0,0) size 290x18
          text run at (0,0) width 290: "When you select this text, it shouldn't go red."
