layer at (0,0) size 800x600
  LayoutView at (0,0) size 800x600
layer at (0,0) size 800x136
  LayoutBlockFlow {html} at (0,0) size 800x136
    LayoutBlockFlow {body} at (8,8) size 784x120
      LayoutBlockFlow {div} at (0,0) size 784x120
        LayoutBlockFlow {address} at (16,0) size 768x18
          LayoutText {#text} at (0,0) size 254x18
            text run at (0,0) width 254: "A first address with normal background"
        LayoutBlockFlow {address} at (16,34) size 768x18
          LayoutText {#text} at (0,0) size 274x18
            text run at (0,0) width 274: "A second address with normal background"
        LayoutBlockFlow {address} at (16,68) size 768x18 [bgcolor=#00FF00]
          LayoutText {#text} at (0,0) size 339x18
            text run at (0,0) width 339: "A third address that should have a green background"
        LayoutBlockFlow (anonymous) at (0,102) size 784x18
          LayoutText {#text} at (0,0) size 320x18
            text run at (0,0) width 320: "This div contains 3 addresses above this sentence."
