layer at (0,0) size 800x600
  LayoutView at (0,0) size 800x600
layer at (0,0) size 800x68
  LayoutBlockFlow {html} at (0,0) size 800x68
    LayoutBlockFlow {body} at (8,16) size 784x36
      LayoutBlockFlow {p} at (0,0) size 784x36 [bgcolor=#00FF00]
        LayoutText {#text} at (0,0) size 308x18
          text run at (0,0) width 308: "This paragraph should have a green background"
        LayoutBR {br} at (307,0) size 1x18
        LayoutText {#text} at (0,18) size 273x18
          text run at (0,18) width 273: "because its title attribute begins with \"foo\""
