EDITING DELEGATE: webViewDidChangeSelection:WebViewDidChangeSelectionNotification
EDITING DELEGATE: webViewDidChangeSelection:WebViewDidChangeSelectionNotification
EDITING DELEGATE: webViewDidChangeSelection:WebViewDidChangeSelectionNotification
EDITING DELEGATE: webViewDidChangeSelection:WebViewDidChangeSelectionNotification
layer at (0,0) size 800x600
  LayoutView at (0,0) size 800x600
layer at (0,0) size 800x600
  LayoutBlockFlow {HTML} at (0,0) size 800x600
    LayoutBlockFlow {BODY} at (8,8) size 784x584
      LayoutBlockFlow {P} at (0,0) size 784x36
        LayoutText {#text} at (0,0) size 777x36
          text run at (0,0) width 777: "This tests that when a selection that ends at [replaced element, 0] is painted, the replaced element doesn't appear selected."
          text run at (0,18) width 329: "This test uses a select box for the replaced element."
      LayoutBlockFlow {DIV} at (0,52) size 784x36
        LayoutText {#text} at (0,0) size 23x18
          text run at (0,0) width 23: "abc"
        LayoutBR {BR} at (22,14) size 1x0
        LayoutMenuList {SELECT} at (0,18) size 215x18 [bgcolor=#F8F8F8]
          LayoutBlockFlow (anonymous) at (0,0) size 215x18
            LayoutText (anonymous) at (8,2) size 184x13
              text run at (8,2) width 184: "this select box shouldn't be selected"
        LayoutText {#text} at (0,0) size 0x0
selection start: position 1 of child 0 {#text} of child 3 {DIV} of body
selection end:   position 1 of child 1 {BR} of child 3 {DIV} of body
