layer at (0,0) size 800x600 clip at (0,0) size 785x600 scrollHeight 921
  LayoutView at (0,0) size 800x600
layer at (0,0) size 785x921 backgroundClip at (0,0) size 785x600 clip at (0,0) size 785x600
  LayoutBlockFlow {HTML} at (0,0) size 785x921
    LayoutBlockFlow {BODY} at (8,8) size 769x905 [bgcolor=#CCCCCC]
      LayoutBlockFlow {P} at (0,0) size 769x20
        LayoutText {#text} at (0,0) size 355x19
          text run at (0,0) width 355: "The style declarations which apply to the text below are:"
      LayoutBlockFlow {PRE} at (0,36) size 769x240
        LayoutText {#text} at (0,0) size 334x240
          text run at (0,0) width 230: "/* This is a CSS1 comment. */"
          text run at (230,0) width 0: " "
          text run at (0,16) width 334: ".one {color: green;} /* Another comment */"
          text run at (334,16) width 0: " "
          text run at (0,32) width 287: "/* The following should not be used:"
          text run at (287,32) width 0: " "
          text run at (0,48) width 167: ".two {color: red;} */"
          text run at (167,48) width 0: " "
          text run at (0,64) width 318: ".three {color: green; /* color: red; */}"
          text run at (318,64) width 0: " "
          text run at (0,80) width 22: "/**"
          text run at (22,80) width 0: " "
          text run at (0,96) width 175: ".four {color: red;} */"
          text run at (175,96) width 0: " "
          text run at (0,112) width 168: ".five {color: green;}"
          text run at (168,112) width 0: " "
          text run at (0,128) width 30: "/**/"
          text run at (30,128) width 0: " "
          text run at (0,144) width 160: ".six {color: green;}"
          text run at (160,144) width 0: " "
          text run at (0,160) width 79: "/*********/"
          text run at (79,160) width 0: " "
          text run at (0,176) width 176: ".seven {color: green;}"
          text run at (176,176) width 0: " "
          text run at (0,192) width 125: "/* a comment **/"
          text run at (125,192) width 0: " "
          text run at (0,208) width 176: ".eight {color: green;}"
          text run at (176,208) width 0: " "
          text run at (0,224) width 0: " "
      LayoutBlockFlow {P} at (0,307) size 769x20 [color=#008000]
        LayoutText {#text} at (0,0) size 194x19
          text run at (0,0) width 194: "This sentence should be green."
      LayoutBlockFlow {P} at (0,343) size 769x20
        LayoutText {#text} at (0,0) size 193x19
          text run at (0,0) width 193: "This sentence should be black."
      LayoutBlockFlow {P} at (0,379) size 769x20 [color=#008000]
        LayoutText {#text} at (0,0) size 194x19
          text run at (0,0) width 194: "This sentence should be green."
      LayoutBlockFlow {P} at (0,415) size 769x20
        LayoutText {#text} at (0,0) size 193x19
          text run at (0,0) width 193: "This sentence should be black."
      LayoutBlockFlow {P} at (0,451) size 769x20 [color=#008000]
        LayoutText {#text} at (0,0) size 194x19
          text run at (0,0) width 194: "This sentence should be green."
      LayoutBlockFlow {P} at (0,487) size 769x20 [color=#008000]
        LayoutText {#text} at (0,0) size 194x19
          text run at (0,0) width 194: "This sentence should be green."
      LayoutBlockFlow {P} at (0,523) size 769x20 [color=#008000]
        LayoutText {#text} at (0,0) size 194x19
          text run at (0,0) width 194: "This sentence should be green."
      LayoutBlockFlow {P} at (0,559) size 769x20 [color=#008000]
        LayoutText {#text} at (0,0) size 194x19
          text run at (0,0) width 194: "This sentence should be green."
      LayoutTable {TABLE} at (0,595) size 216x310 [border: (1px outset #808080)]
        LayoutTableSection {TBODY} at (1,1) size 214x308
          LayoutTableRow {TR} at (0,0) size 214x28
            LayoutTableCell {TD} at (0,0) size 214x28 [bgcolor=#C0C0C0] [border: (1px inset #808080)] [r=0 c=0 rs=1 cs=2]
              LayoutInline {STRONG} at (0,0) size 161x19
                LayoutText {#text} at (4,4) size 161x19
                  text run at (4,4) width 161: "TABLE Testing Section"
          LayoutTableRow {TR} at (0,28) size 214x280
            LayoutTableCell {TD} at (0,154) size 12x28 [bgcolor=#C0C0C0] [border: (1px inset #808080)] [r=1 c=0 rs=1 cs=1]
              LayoutText {#text} at (4,4) size 4x19
                text run at (4,4) width 4: " "
            LayoutTableCell {TD} at (12,28) size 202x280 [border: (1px inset #808080)] [r=1 c=1 rs=1 cs=1]
              LayoutBlockFlow {P} at (4,4) size 194x20 [color=#008000]
                LayoutText {#text} at (0,0) size 194x19
                  text run at (0,0) width 194: "This sentence should be green."
              LayoutBlockFlow {P} at (4,40) size 194x20
                LayoutText {#text} at (0,0) size 193x19
                  text run at (0,0) width 193: "This sentence should be black."
              LayoutBlockFlow {P} at (4,76) size 194x20 [color=#008000]
                LayoutText {#text} at (0,0) size 194x19
                  text run at (0,0) width 194: "This sentence should be green."
              LayoutBlockFlow {P} at (4,112) size 194x20
                LayoutText {#text} at (0,0) size 193x19
                  text run at (0,0) width 193: "This sentence should be black."
              LayoutBlockFlow {P} at (4,148) size 194x20 [color=#008000]
                LayoutText {#text} at (0,0) size 194x19
                  text run at (0,0) width 194: "This sentence should be green."
              LayoutBlockFlow {P} at (4,184) size 194x20 [color=#008000]
                LayoutText {#text} at (0,0) size 194x19
                  text run at (0,0) width 194: "This sentence should be green."
              LayoutBlockFlow {P} at (4,220) size 194x20 [color=#008000]
                LayoutText {#text} at (0,0) size 194x19
                  text run at (0,0) width 194: "This sentence should be green."
              LayoutBlockFlow {P} at (4,256) size 194x20 [color=#008000]
                LayoutText {#text} at (0,0) size 194x19
                  text run at (0,0) width 194: "This sentence should be green."
layer at (8,297) size 769x2 clip at (0,0) size 0x0
  LayoutBlockFlow {HR} at (0,289) size 769x2 [border: (1px inset #EEEEEE)]
