layer at (0,0) size 800x600
  LayoutView at (0,0) size 800x600
layer at (0,0) size 800x600
  LayoutBlockFlow {HTML} at (0,0) size 800x600
    LayoutBlockFlow {BODY} at (8,8) size 784x584
      LayoutBlockFlow {DIV} at (0,0) size 784x58 [border: (2px solid #FF0000)]
        LayoutText {#text} at (2,38) size 161x18
          text run at (2,38) width 161: "This image has a margin "
        LayoutImage {IMG} at (213,2) size 50x50 [bgcolor=#008000]
        LayoutText {#text} at (313,38) size 37x18
          text run at (313,38) width 37: " on it."
