layer at (0,0) size 800x600
  LayoutView at (0,0) size 800x600
layer at (0,0) size 800x600
  LayoutBlockFlow {HTML} at (0,0) size 800x600
    LayoutBlockFlow {BODY} at (8,8) size 784x584
      LayoutText {#text} at (0,0) size 46x18
        text run at (0,0) width 46: "Line 1 "
      LayoutInline {SPAN} at (0,0) size 46x18
        LayoutText {#text} at (0,0) size 0x0
        LayoutInline {SPAN} at (0,0) size 42x18
          LayoutText {#text} at (45,1) size 42x18
            text run at (45,1) width 42: "Line 2"
        LayoutText {#text} at (86,0) size 5x18
          text run at (86,0) width 5: " "
      LayoutText {#text} at (90,0) size 42x18
        text run at (90,0) width 42: "Line 3"
