layer at (0,0) size 800x600
  LayoutView at (0,0) size 800x600
layer at (0,0) size 800x102
  LayoutBlockFlow {HTML} at (0,0) size 800x102
    LayoutBlockFlow {BODY} at (8,16) size 784x70
      LayoutBlockFlow {P} at (0,0) size 784x36
        LayoutInline {SPAN} at (0,0) size 476x36
          LayoutBR {BR} at (0,0) size 0x18
          LayoutText {#text} at (0,18) size 476x18
            text run at (0,18) width 476: "There shouldn\x{2019}t be a black dot or line above the first letter of this sentence"
        LayoutText {#text} at (475,18) size 5x18
          text run at (475,18) width 5: "."
      LayoutBlockFlow {P} at (0,52) size 784x18
        LayoutText {#text} at (0,0) size 54x18
          text run at (0,0) width 54: "Test for "
        LayoutInline {I} at (0,0) size 659x18
          LayoutInline {A} at (0,0) size 305x18 [color=#0000EE]
            LayoutText {#text} at (53,0) size 305x18
              text run at (53,0) width 305: "http://bugs.webkit.org/show_bug.cgi?id=14245"
          LayoutText {#text} at (357,0) size 355x18
            text run at (357,0) width 5: " "
            text run at (361,0) width 351: "Underline painted under <br>, not repainted properly"
        LayoutText {#text} at (711,0) size 5x18
          text run at (711,0) width 5: "."
