layer at (0,0) size 800x600
  LayoutView at (0,0) size 800x600
layer at (0,0) size 800x316
  LayoutBlockFlow {HTML} at (0,0) size 800x316
    LayoutBlockFlow {BODY} at (8,16) size 784x284
      LayoutBlockFlow {P} at (0,0) size 784x18
        LayoutText {#text} at (0,0) size 332x18
          text run at (0,0) width 332: "This should be an unobscured fuzzy green polygon:"
      LayoutBlockFlow {DIV} at (0,34) size 784x100
        LayoutBlockFlow (anonymous) at (0,0) size 784x50
        LayoutBlockFlow (anonymous) at (0,50) size 784x50
          LayoutText {#text} at (0,0) size 0x0
      LayoutBlockFlow {P} at (0,150) size 784x18
        LayoutText {#text} at (0,0) size 161x18
          text run at (0,0) width 161: "This is just for reference:"
      LayoutBlockFlow {DIV} at (0,184) size 784x100
        LayoutBlockFlow (anonymous) at (0,0) size 784x50
          LayoutInline {SPAN} at (0,0) size 160x50 [bgcolor=#FFFFFF]
            LayoutText {#text} at (0,0) size 50x50
              text run at (0,0) width 50: " "
            LayoutInline {SPAN} at (0,0) size 110x50
              LayoutText {#text} at (60,0) size 100x50
                text run at (60,0) width 50: " "
                text run at (110,0) width 50: " "
        LayoutBlockFlow (anonymous) at (0,50) size 784x0
          LayoutBlockFlow {DIV} at (0,0) size 784x0
        LayoutBlockFlow (anonymous) at (0,50) size 784x50
          LayoutInline {SPAN} at (0,0) size 60x50 [bgcolor=#FFFFFF]
            LayoutInline {SPAN} at (0,0) size 60x50
              LayoutText {#text} at (0,0) size 50x50
                text run at (0,0) width 50: " "
            LayoutText {#text} at (0,0) size 0x0
          LayoutText {#text} at (0,0) size 0x0
layer at (8,50) size 160x50
  LayoutInline (relative positioned) {SPAN} at (0,0) size 160x50 [bgcolor=#FFFFFF]
    LayoutText {#text} at (0,0) size 50x50
      text run at (0,0) width 50: " "
    LayoutInline {SPAN} at (0,0) size 110x50
      LayoutText {#text} at (60,0) size 100x50
        text run at (60,0) width 50: " "
        text run at (110,0) width 50: " "
layer at (8,100) size 784x0
  LayoutBlockFlow (anonymous) (relative positioned) at (0,50) size 784x0
    LayoutBlockFlow {DIV} at (0,0) size 784x0
layer at (8,100) size 60x50
  LayoutInline (relative positioned) {SPAN} at (0,0) size 60x50 [bgcolor=#FFFFFF]
    LayoutInline {SPAN} at (0,0) size 60x50
      LayoutText {#text} at (0,0) size 50x50
        text run at (0,0) width 50: " "
    LayoutText {#text} at (0,0) size 0x0
