layer at (0,0) size 800x600
  LayoutView at (0,0) size 800x600
layer at (0,0) size 800x600
  LayoutBlockFlow {HTML} at (0,0) size 800x600
    LayoutBlockFlow {BODY} at (8,16) size 784x565.28
      LayoutBlockFlow {DIV} at (0,0) size 784x18
        LayoutText {#text} at (0,0) size 165x18
          text run at (0,0) width 165: "Outline ring painting test."
      LayoutBlockFlow {DIV} at (0,34) size 784x95.44
        LayoutBlockFlow (anonymous) at (0,0) size 784x18
        LayoutBlockFlow (anonymous) at (0,77.44) size 784x18
      LayoutBlockFlow {DIV} at (0,148.16) size 784x58.72
        LayoutBlockFlow (anonymous) at (0,0) size 784x0
        LayoutBlockFlow (anonymous) at (0,40.72) size 784x18
      LayoutBlockFlow {DIV} at (0,222.88) size 784x58.72
        LayoutBlockFlow (anonymous) at (0,0) size 784x18
        LayoutBlockFlow (anonymous) at (0,77.44) size 784x0
      LayoutBlockFlow {DIV} at (0,300.31) size 784x22
        LayoutBlockFlow (anonymous) at (0,0) size 784x0
        LayoutBlockFlow (anonymous) at (0,40.72) size 784x0
layer at (8,50) size 100x18
  LayoutInline (relative positioned) {SPAN} at (0,0) size 100x18
    LayoutText {#text} at (0,0) size 100x18
      text run at (0,0) width 100: "Content before."
layer at (8,87) size 784x22
  LayoutBlockFlow (anonymous) (relative positioned) at (0,36.72) size 784x22
    LayoutBlockFlow {H3} at (0,0) size 784x22
      LayoutText {#text} at (0,0) size 146x22
        text run at (0,0) width 146: "Bold with margin."
layer at (8,127) size 84x18
  LayoutInline (relative positioned) {SPAN} at (0,0) size 84x18
    LayoutText {#text} at (0,0) size 84x18
      text run at (0,0) width 84: "Content after"
layer at (8,164) size 0x0
  LayoutInline (relative positioned) {SPAN} at (0,0) size 0x0
layer at (8,164) size 784x22
  LayoutBlockFlow (anonymous) (relative positioned) at (0,0) size 784x22
    LayoutBlockFlow {H3} at (0,0) size 784x22
      LayoutText {#text} at (0,0) size 147x22
        text run at (0,0) width 147: "No content before."
layer at (8,205) size 88x18
  LayoutInline (relative positioned) {SPAN} at (0,0) size 88x18
    LayoutText {#text} at (0,0) size 88x18
      text run at (0,0) width 88: "Content after."
layer at (8,239) size 96x18
  LayoutInline (relative positioned) {SPAN} at (0,0) size 96x18
    LayoutText {#text} at (0,0) size 96x18
      text run at (0,0) width 96: "Content before"
layer at (8,276) size 784x22
  LayoutBlockFlow (anonymous) (relative positioned) at (0,36.72) size 784x22
    LayoutBlockFlow {H3} at (0,0) size 784x22
      LayoutText {#text} at (0,0) size 174x22
        text run at (0,0) width 174: "But No Content After"
layer at (8,316) size 0x0
  LayoutInline (relative positioned) {SPAN} at (0,0) size 0x0
layer at (8,316) size 0x0
  LayoutInline (relative positioned) {SPAN} at (0,0) size 0x0
layer at (8,316) size 784x22
  LayoutBlockFlow (anonymous) (relative positioned) at (0,0) size 784x22
    LayoutBlockFlow {H3} at (0,0) size 784x22
      LayoutText {#text} at (0,0) size 211x22
        text run at (0,0) width 211: "No content before or after."
layer at (8,357) size 0x0
  LayoutInline (relative positioned) {SPAN} at (0,0) size 0x0
