layer at (0,0) size 800x600
  LayoutView at (0,0) size 800x600
layer at (0,0) size 800x600
  LayoutBlockFlow {HTML} at (0,0) size 800x600
    LayoutBlockFlow {BODY} at (8,8) size 784x584
      LayoutBlockFlow {DIV} at (0,0) size 784x36
        LayoutText {#text} at (0,0) size 776x36
          text run at (0,0) width 776: "This is currently broken, and this text will have to be updated once it is fixed. There should be two boxes below, but right"
          text run at (0,18) width 146: "now, there is only one:"
      LayoutBlockFlow (anonymous) at (0,36) size 784x18
        LayoutInline {A} at (0,0) size 15x24 [color=#0000EE] [border: (3px solid #0000EE)]
          LayoutText {#text} at (0,0) size 0x0
        LayoutText {#text} at (0,0) size 0x0
        LayoutInline {A} at (0,0) size 27x24 [color=#0000EE] [border: (3px solid #0000EE)]
          LayoutText {#text} at (23,0) size 12x18
            text run at (23,0) width 12: "A"
        LayoutText {#text} at (0,0) size 0x0
