layer at (0,0) size 800x600
  LayoutView at (0,0) size 800x600
layer at (0,0) size 800x600
  LayoutBlockFlow {HTML} at (0,0) size 800x600
    LayoutBlockFlow {BODY} at (8,8) size 784x576
      LayoutBlockFlow {DIV} at (0,0) size 784x18
        LayoutText {#text} at (0,0) size 468x18
          text run at (0,0) width 468: "This test demonstrates our behavior regarding empty inlines in list items."
      LayoutBlockFlow {UL} at (0,34) size 784x90
        LayoutListItem {LI} at (40,0) size 744x18
          LayoutListMarker (anonymous) at (-17,0) size 7x18: bullet
          LayoutInline {SPAN} at (0,0) size 4x22 [border: (2px solid #FF0000)]
        LayoutListItem {LI} at (40,18) size 744x18
          LayoutListMarker (anonymous) at (-17,0) size 7x18: bullet
          LayoutInline {SPAN} at (0,0) size 8x26 [border: (2px solid #FF0000)]
          LayoutText {#text} at (8,0) size 29x18
            text run at (8,0) width 29: "Text"
        LayoutListItem {LI} at (40,36) size 744x18
          LayoutListMarker (anonymous) at (-17,0) size 7x18: bullet
          LayoutText {#text} at (0,0) size 89x18
            text run at (0,0) width 89: "TextTextText "
          LayoutInline {SPAN} at (0,0) size 9x26 [border: (2px solid #FF0000)]
        LayoutBlockFlow (anonymous) at (40,54) size 744x18
          LayoutInline {SPAN} at (0,0) size 8x26 [border: (2px solid #FF0000)]
        LayoutListItem {LI} at (40,72) size 744x18
          LayoutListMarker (anonymous) at (-17,0) size 7x18: bullet
          LayoutText {#text} at (0,0) size 29x18
            text run at (0,0) width 29: "Text"
