layer at (0,0) size 800x600 scrollWidth 903
  LayoutView at (0,0) size 800x600
layer at (0,0) size 800x600
  LayoutBlockFlow {HTML} at (0,0) size 800x600
    LayoutBlockFlow {BODY} at (8,8) size 800x584
      LayoutBlockFlow {DIV} at (0,0) size 800x0
      LayoutBlockFlow {DIV} at (0,0) size 800x0
      LayoutBlockFlow {DIV} at (0,0) size 800x0
      LayoutBlockFlow {DIV} at (0,0) size 800x0
      LayoutBlockFlow {DIV} at (0,0) size 800x0
      LayoutBlockFlow {DIV} at (0,0) size 800x0
      LayoutBlockFlow {DIV} at (0,0) size 800x0
      LayoutBlockFlow {DIV} at (0,0) size 800x0
layer at (161,562) size 247x28
  LayoutBlockFlow (positioned) {FONT} at (160.73,562) size 247.27x28
    LayoutText {#text} at (0,0) size 248x28
      text run at (0,0) width 248: "RTL-Center-Aligned"
layer at (-87,466) size 95x84 backgroundClip at (0,0) size 800x600 clip at (0,0) size 800x600
  LayoutBlockFlow (positioned) {FONT} at (-86.59,466) size 94.59x84
    LayoutText {#text} at (0,0) size 95x84
      text run at (0,0) width 60: "RTL-"
      text run at (0,28) width 63: "Left-"
      text run at (0,56) width 95: "Aligned"
layer at (577,472) size 231x28 backgroundClip at (0,0) size 800x600 clip at (0,0) size 800x600
  LayoutBlockFlow (positioned) {FONT} at (576.91,472) size 231.09x28
    LayoutText {#text} at (0,0) size 232x28
      text run at (0,0) width 232: "RTL-Right-Aligned"
layer at (610,422) size 198x28 backgroundClip at (0,0) size 800x600 clip at (0,0) size 800x600
  LayoutBlockFlow (positioned) {FONT} at (609.91,422) size 198.09x28
    LayoutText {#text} at (0,0) size 199x28
      text run at (0,0) width 199: "RTL-No-Aligned"
layer at (408,372) size 246x28
  LayoutBlockFlow (positioned) {FONT} at (408,372) size 246.48x28
    LayoutText {#text} at (0,0) size 247x28
      text run at (0,0) width 247: "LTR-Center-Aligned"
layer at (8,322) size 217x28
  LayoutBlockFlow (positioned) {FONT} at (8,322) size 216.59x28
    LayoutText {#text} at (0,0) size 217x28
      text run at (0,0) width 217: "LTR-Left-Aligned"
layer at (808,216) size 95x84 backgroundClip at (0,0) size 800x600 clip at (0,0) size 800x600
  LayoutBlockFlow (positioned) {FONT} at (808,216) size 94.59x84
    LayoutText {#text} at (35,0) size 95x84
      text run at (35,0) width 60: "LTR-"
      text run at (18,28) width 77: "Right-"
      text run at (0,56) width 95: "Aligned"
layer at (8,222) size 197x28
  LayoutBlockFlow (positioned) {FONT} at (8,222) size 197.31x28
    LayoutText {#text} at (0,0) size 198x28
      text run at (0,0) width 198: "LTR-No-Aligned"
