layer at (0,0) size 800x600
  LayoutView at (0,0) size 800x600
layer at (0,0) size 800x298
  LayoutBlockFlow {HTML} at (0,0) size 800x298
    LayoutBlockFlow {BODY} at (8,8) size 784x282
      LayoutInline {FONT} at (0,0) size 431x259 [color=#008000] [border: (100px solid #FFFFFF) none]
        LayoutText {#text} at (0,0) size 0x0
        LayoutText {#text} at (0,0) size 0x0
        LayoutText {#text} at (0,0) size 0x0
      LayoutText {#text} at (0,0) size 0x0
      LayoutText {#text} at (0,0) size 0x0
layer at (58,8) size 181x137 clip at (59,108) size 179x36
  LayoutTextControl {TEXTAREA} at (50,0) size 181x137 [color=#FFFFFF] [bgcolor=#FFFFFF] [border: (100px solid #FFFFFF) (1px solid #FFFFFF)]
    LayoutBlockFlow {DIV} at (3,102) size 175x13
layer at (33,149) size 181x137 clip at (34,249) size 179x36
  LayoutTextControl {TEXTAREA} at (25,141) size 181x137 [color=#FFFFFF] [bgcolor=#FFFFFF] [border: (100px solid #FFFFFF) (1px solid #FFFFFF)]
    LayoutBlockFlow {DIV} at (3,102) size 175x13
layer at (8,8) size 450x155
  LayoutBlockFlow (positioned) {DIV} at (8,8) size 450x155 [bgcolor=#FFFFFF]
layer at (60,155) size 450x155
  LayoutBlockFlow (positioned) {DIV} at (60,155) size 450x155 [bgcolor=#FFFFFF]
layer at (0,16) size 408x18
  LayoutBlockFlow (positioned) {P} at (0,16) size 408.09x18
    LayoutText {#text} at (0,0) size 409x18
      text run at (0,0) width 409: "Test passes if the page renders a green box with open right side."
