layer at (0,0) size 800x600
  LayoutView at (0,0) size 800x600
layer at (0,0) size 800x600
  LayoutBlockFlow {HTML} at (0,0) size 800x600
    LayoutBlockFlow {BODY} at (8,8) size 784x572.81
      LayoutBlockFlow (anonymous) at (0,0) size 784x22
        LayoutInline {BIG} at (0,0) size 50x22
          LayoutText {#text} at (0,0) size 0x0
          LayoutInline {PARSERERROR} at (0,0) size 50x22
            LayoutText {#text} at (0,0) size 50x22
              text run at (0,0) width 50: "TEXT"
      LayoutBlockFlow (anonymous) at (0,41.19) size 784x0
        LayoutBlockFlow {P} at (0,0) size 784x0
      LayoutBlockFlow (anonymous) at (0,41.19) size 784x0
        LayoutInline {BIG} at (0,0) size 0x0
          LayoutInline {PARSERERROR} at (0,0) size 0x0
