layer at (0,0) size 800x600
  LayoutView at (0,0) size 800x600
layer at (0,0) size 800x208
  LayoutBlockFlow {HTML} at (0,0) size 800x208
    LayoutBlockFlow {BODY} at (8,16) size 784x184
      LayoutBlockFlow {P} at (0,0) size 784x18
        LayoutText {#text} at (0,0) size 361x18
          text run at (0,0) width 361: "Test pass if all lines have superscripts enclosed in a box."
      LayoutBlockFlow {DIV} at (0,34) size 784x50
        LayoutText {#text} at (0,-4) size 37x58
          text run at (0,-4) width 37: "A"
        LayoutInline {SPAN} at (0,0) size 21x31 [border: (1px solid #000000)]
          LayoutText {#text} at (37,-2) size 19x29
            text run at (37,-2) width 19: "A"
      LayoutBlockFlow {DIV} at (0,84) size 784x50
        LayoutText {#text} at (0,-4) size 37x58
          text run at (0,-4) width 37: "A"
        LayoutInline {SPAN} at (0,0) size 19x31 [border: (1px solid #000000)]
          LayoutText {#text} at (37,-2) size 17x29
            text run at (37,-2) width 17: "B"
      LayoutBlockFlow {DIV} at (0,134) size 784x50
        LayoutText {#text} at (0,-4) size 37x58
          text run at (0,-4) width 37: "A"
        LayoutInline {SPAN} at (0,0) size 28x31 [border: (1px solid #000000)]
          LayoutText {#text} at (37,-2) size 26x29
            text run at (37,-2) width 26: "\x{3042}"
