layer at (0,0) size 800x600
  LayoutView at (0,0) size 800x600
layer at (0,0) size 800x306
  LayoutBlockFlow {HTML} at (0,0) size 800x306
    LayoutBlockFlow {BODY} at (8,8) size 784x290
      LayoutBlockFlow {DIV} at (0,0) size 784x42 [bgcolor=#CCCCCC]
        LayoutInline {SPAN} at (0,0) size 45x19 [bgcolor=#FF0000]
          LayoutText {#text} at (0,21) size 45x19
            text run at (0,21) width 45: "small"
        LayoutText {#text} at (45,21) size 10x20
          text run at (45,21) width 10: " "
        LayoutInline {SPAN} at (0,0) size 55x38 [bgcolor=#FF0000]
          LayoutText {#text} at (54,1) size 55x38
            text run at (54,1) width 55: "BIG"
        LayoutText {#text} at (0,0) size 0x0
      LayoutBlockFlow {DIV} at (0,46) size 784x140 [bgcolor=#CCCCCC]
        LayoutInline {SPAN} at (0,0) size 45x19 [bgcolor=#FF0000]
          LayoutText {#text} at (0,40) size 45x19
            text run at (0,40) width 45: "small"
        LayoutText {#text} at (45,80) size 10x20
          text run at (45,80) width 10: " "
        LayoutInline {SPAN} at (0,0) size 55x38 [bgcolor=#FF0000]
          LayoutText {#text} at (54,31) size 55x38
            text run at (54,31) width 55: "BIG"
        LayoutText {#text} at (0,0) size 0x0
      LayoutBlockFlow {DIV} at (0,190) size 784x100 [bgcolor=#CCCCCC]
        LayoutInline {SPAN} at (0,0) size 45x19 [bgcolor=#FF0000]
          LayoutText {#text} at (0,21) size 45x19
            text run at (0,21) width 45: "small"
        LayoutText {#text} at (45,21) size 10x20
          text run at (45,21) width 10: " "
        LayoutInline {SPAN} at (0,0) size 55x38 [bgcolor=#FF0000]
          LayoutText {#text} at (54,1) size 55x38
            text run at (54,1) width 55: "BIG"
        LayoutText {#text} at (0,0) size 0x0
