layer at (0,0) size 800x600
  LayoutView at (0,0) size 800x600
layer at (0,0) size 800x140
  LayoutBlockFlow {HTML} at (0,0) size 800x140
    LayoutBlockFlow {BODY} at (8,13) size 784x119
      LayoutBlockFlow {PRE} at (0,0) size 784x45
        LayoutText {#text} at (0,0) size 164x45
          text run at (0,0) width 118: "table width=50%"
          text run at (117,0) width 1: " "
          text run at (0,15) width 94: "  td nowrap "
          text run at (93,15) width 1: " "
          text run at (0,30) width 164: "    input width=100% "
          text run at (163,30) width 1: " "
      LayoutTable {TABLE} at (0,58) size 392x43 [bgcolor=#C0C0C0] [border: (1px outset #808080)]
        LayoutTableSection {TBODY} at (1,1) size 390x41
          LayoutTableRow {TR} at (0,2) size 390x37
            LayoutTableCell {TD} at (2,2) size 386x37 [bgcolor=#AABBFF] [border: (1px inset #808080)] [r=0 c=0 rs=1 cs=1]
              LayoutTextControl {INPUT} at (9,9) size 374x19 [bgcolor=#FFFFFF] [border: (2px inset #EEEEEE)]
              LayoutText {#text} at (0,0) size 0x0
      LayoutBlockFlow (anonymous) at (0,101) size 784x18
        LayoutBR {BR} at (0,0) size 0x18
layer at (23,86) size 368x13
  LayoutBlockFlow {DIV} at (3,3) size 368x13
