layer at (0,0) size 800x600 clip at (0,0) size 785x600 scrollHeight 1813
  LayoutView at (0,0) size 800x600
layer at (0,0) size 785x1813 backgroundClip at (0,0) size 785x600 clip at (0,0) size 785x600
  LayoutBlockFlow {HTML} at (0,0) size 785x1813
    LayoutBlockFlow {BODY} at (8,8) size 769x584
      LayoutText {#text} at (0,0) size 22x18
        text run at (0,0) width 22: "foo"
      LayoutTable (floating) {TABLE} at (653,0) size 116x1805
        LayoutTableSection {TBODY} at (0,0) size 116x1805
          LayoutTableRow {TR} at (0,2) size 116x998
            LayoutTableCell {TD} at (2,2) size 112x74 [r=0 c=0 rs=1 cs=1]
              LayoutBR {BR} at (1,1) size 0x18
              LayoutText {#text} at (1,19) size 103x54
                text run at (1,19) width 85: "Create a cool"
                text run at (1,37) width 103: "home page with"
                text run at (1,55) width 20: "the"
          LayoutTableRow {TR} at (0,1002) size 116x801
            LayoutTableCell {TD} at (2,1002) size 112x56 [r=1 c=0 rs=1 cs=1]
              LayoutBR {BR} at (1,1) size 0x18
              LayoutText {#text} at (1,19) size 96x36
                text run at (1,19) width 90: "Get organized"
                text run at (1,37) width 96: "online with the"
      LayoutText {#text} at (0,0) size 0x0
