layer at (0,0) size 800x600
  LayoutView at (0,0) size 800x600
layer at (0,0) size 800x600
  LayoutBlockFlow {HTML} at (0,0) size 800x600
    LayoutBlockFlow {BODY} at (8,8) size 784x584
      LayoutTable {TABLE} at (0,0) size 334x64 [border: (1px outset #808080)]
        LayoutTableSection {TBODY} at (1,1) size 332x62
          LayoutTableRow {TR} at (0,2) size 332x58
            LayoutTableCell {TD} at (2,2) size 267x58 [border: (1px inset #808080)] [r=0 c=0 rs=1 cs=1]
              LayoutText {#text} at (2,2) size 262x54
                text run at (2,2) width 240: "This section will provide you with all"
                text run at (2,20) width 132: "the information you "
                text run at (133,20) width 131: "may need to use any"
                text run at (2,38) width 164: "of your Internet software."
            LayoutTableCell {TD} at (271,3) size 59x55 [border: (1px inset #808080)] [r=0 c=1 rs=1 cs=1]
              LayoutImage (floating) {IMG} at (5,2) size 52x51
