layer at (0,0) size 800x600
  LayoutView at (0,0) size 800x600
layer at (0,0) size 800x600
  LayoutBlockFlow {HTML} at (0,0) size 800x600
    LayoutBlockFlow {BODY} at (8,8) size 784x584 [bgcolor=#FFFFFF]
      LayoutTable {TABLE} at (0,0) size 468x103
        LayoutTableSection {TBODY} at (0,0) size 468x103
          LayoutTableRow {TR} at (0,0) size 468x1
            LayoutTableCell {TD} at (0,0) size 18x0 [r=0 c=0 rs=1 cs=3]
            LayoutTableCell {TD} at (18,0) size 187x1 [r=0 c=3 rs=1 cs=1]
              LayoutImage {IMG} at (0,0) size 187x1
            LayoutTableCell {TD} at (205,0) size 20x1 [r=0 c=4 rs=1 cs=1]
              LayoutImage {IMG} at (0,0) size 20x1
            LayoutTableCell {TD} at (225,0) size 18x1 [r=0 c=5 rs=1 cs=1]
              LayoutImage {IMG} at (0,0) size 18x1
            LayoutTableCell {TD} at (243,0) size 18x0 [r=0 c=6 rs=1 cs=3]
            LayoutTableCell {TD} at (261,0) size 187x1 [r=0 c=9 rs=1 cs=1]
              LayoutImage {IMG} at (0,0) size 187x1
            LayoutTableCell {TD} at (448,0) size 20x1 [r=0 c=10 rs=1 cs=1]
              LayoutImage {IMG} at (0,0) size 20x1
          LayoutTableRow {TR} at (0,1) size 468x22
            LayoutTableCell {TD} at (0,1) size 18x22 [r=1 c=0 rs=1 cs=3]
              LayoutImage {IMG} at (0,0) size 18x22
            LayoutTableCell {TD} at (18,3) size 187x18 [bgcolor=#FFCC00] [r=1 c=3 rs=1 cs=1]
              LayoutInline {A} at (0,0) size 121x18 [color=#0000EE]
                LayoutInline {B} at (0,0) size 121x18
                  LayoutInline {FONT} at (0,0) size 121x17
                    LayoutText {#text} at (33,0) size 121x17
                      text run at (33,0) width 121: "Detailed Search"
              LayoutText {#text} at (0,0) size 0x0
            LayoutTableCell {TD} at (205,1) size 20x22 [r=1 c=4 rs=1 cs=1]
              LayoutImage {IMG} at (0,0) size 20x22
            LayoutTableCell {TD} at (225,3) size 18x18 [r=1 c=5 rs=1 cs=1]
              LayoutText {#text} at (0,0) size 4x18
                text run at (0,0) width 4: " "
            LayoutTableCell {TD} at (243,1) size 18x22 [r=1 c=6 rs=1 cs=3]
              LayoutImage {IMG} at (0,0) size 18x22
            LayoutTableCell {TD} at (261,3) size 187x18 [bgcolor=#FFCC00] [r=1 c=9 rs=1 cs=1]
              LayoutInline {A} at (0,0) size 151x18 [color=#0000EE]
                LayoutInline {B} at (0,0) size 151x18
                  LayoutInline {FONT} at (0,0) size 151x17
                    LayoutText {#text} at (18,0) size 151x17
                      text run at (18,0) width 151: "Search By Distance"
              LayoutText {#text} at (0,0) size 0x0
            LayoutTableCell {TD} at (448,1) size 20x22 [r=1 c=10 rs=1 cs=1]
              LayoutImage {IMG} at (0,0) size 20x22
          LayoutTableRow {TR} at (0,23) size 468x80
            LayoutTableCell {TD} at (0,54) size 6x18 [r=2 c=0 rs=1 cs=1]
              LayoutText {#text} at (0,0) size 4x18
                text run at (0,0) width 4: " "
            LayoutTableCell {TD} at (6,54) size 6x18 [bgcolor=#EBEBE4] [r=2 c=1 rs=1 cs=1]
              LayoutText {#text} at (0,0) size 4x18
                text run at (0,0) width 4: " "
            LayoutTableCell {TD} at (12,23) size 213x80 [bgcolor=#EBEBE4] [r=2 c=2 rs=1 cs=3]
              LayoutBlockFlow {P} at (0,0) size 213x80
                LayoutImage {IMG} at (0,0) size 1x5
                LayoutBR {BR} at (1,5) size 0x0
                LayoutInline {FONT} at (0,0) size 204x60
                  LayoutText {#text} at (0,5) size 204x60
                    text run at (0,5) width 122: "Search using almost "
                    text run at (121,5) width 22: "any"
                    text run at (0,20) width 180: "combination of business name,"
                    text run at (0,35) width 172: "category, street address, city, "
                    text run at (171,35) width 33: "state,"
                    text run at (0,50) width 128: "ZIP, or phone number."
                LayoutInline {FONT} at (0,0) size 128x30
                  LayoutBR {BR} at (127,62) size 1x0
                  LayoutText {#text} at (0,65) size 4x15
                    text run at (0,65) width 4: " "
            LayoutTableCell {TD} at (225,54) size 18x18 [r=2 c=5 rs=1 cs=1]
              LayoutText {#text} at (0,0) size 4x18
                text run at (0,0) width 4: " "
            LayoutTableCell {TD} at (243,54) size 7x18 [r=2 c=6 rs=1 cs=1]
              LayoutText {#text} at (0,0) size 4x18
                text run at (0,0) width 4: " "
            LayoutTableCell {TD} at (250,54) size 7x18 [bgcolor=#EBEBE4] [r=2 c=7 rs=1 cs=1]
              LayoutText {#text} at (0,0) size 4x18
                text run at (0,0) width 4: " "
            LayoutTableCell {TD} at (257,23) size 211x50 [bgcolor=#EBEBE4] [r=2 c=8 rs=1 cs=3]
              LayoutInline {FONT} at (0,0) size 205x57
                LayoutImage {IMG} at (0,0) size 1x5
                LayoutBR {BR} at (1,5) size 0x0
                LayoutText {#text} at (0,5) size 205x45
                  text run at (0,5) width 177: "Search for businesses within a"
                  text run at (0,20) width 205: "certain distance from a location you"
                  text run at (0,35) width 44: "specify."
