layer at (0,0) size 800x600
  LayoutView at (0,0) size 800x600
layer at (0,0) size 800x600
  LayoutBlockFlow {HTML} at (0,0) size 800x600
    LayoutBlockFlow {BODY} at (8,8) size 784x584
      LayoutTable {TABLE} at (0,0) size 78x82
        LayoutTableSection {TBODY} at (0,0) size 78x82
          LayoutTableRow {TR} at (0,2) size 78x38
            LayoutTableCell {TD} at (2,2) size 74x38 [r=0 c=0 rs=1 cs=1]
              LayoutText {#text} at (10,10) size 54x18
                text run at (10,10) width 54: "cell data"
          LayoutTableRow {TR} at (0,42) size 78x38
            LayoutTableCell {TD} at (2,42) size 74x38 [r=1 c=0 rs=1 cs=1]
              LayoutText {#text} at (10,10) size 54x18
                text run at (10,10) width 54: "cell data"
      LayoutBlockFlow (anonymous) at (0,82) size 784x18
        LayoutText {#text} at (0,0) size 30x18
          text run at (0,0) width 30: "10%"
