layer at (0,0) size 800x600
  LayoutView at (0,0) size 800x600
layer at (0,0) size 800x600
  LayoutBlockFlow {HTML} at (0,0) size 800x600
    LayoutBlockFlow {BODY} at (8,8) size 784x584
      LayoutBlockFlow (anonymous) at (0,0) size 784x18
        LayoutText {#text} at (0,0) size 4x18
          text run at (0,0) width 4: " "
      LayoutTable {TABLE} at (0,18) size 214x92 [border: (3px solid #0000BB)]
        LayoutBlockFlow {CAPTION} at (0,0) size 214x36
          LayoutText {#text} at (10,0) size 194x36
            text run at (10,0) width 194: "Testing BORDERCOLOR tag"
            text run at (25,18) width 164: "the border shood be blue."
        LayoutTableSection {TBODY} at (3,39) size 208x50
          LayoutTableRow {TR} at (0,2) size 208x22
            LayoutTableCell {TD} at (2,2) size 36x22 [border: (1px solid #0000BB)] [r=0 c=0 rs=1 cs=1]
              LayoutText {#text} at (2,2) size 32x18
                text run at (2,2) width 32: "mike"
            LayoutTableCell {TD} at (40,2) size 29x22 [border: (1px solid #0000BB)] [r=0 c=1 rs=1 cs=1]
              LayoutText {#text} at (2,2) size 25x18
                text run at (2,2) width 25: "was"
            LayoutTableCell {TD} at (71,2) size 32x22 [border: (1px solid #0000BB)] [r=0 c=2 rs=1 cs=1]
              LayoutText {#text} at (2,2) size 28x18
                text run at (2,2) width 28: "here"
            LayoutTableCell {TD} at (105,2) size 36x22 [border: (1px solid #0000BB)] [r=0 c=3 rs=1 cs=1]
              LayoutText {#text} at (2,2) size 32x18
                text run at (2,2) width 32: "mike"
            LayoutTableCell {TD} at (143,2) size 29x22 [border: (1px solid #0000BB)] [r=0 c=4 rs=1 cs=1]
              LayoutText {#text} at (2,2) size 25x18
                text run at (2,2) width 25: "was"
            LayoutTableCell {TD} at (174,2) size 32x22 [border: (1px solid #0000BB)] [r=0 c=5 rs=1 cs=1]
              LayoutText {#text} at (2,2) size 28x18
                text run at (2,2) width 28: "here"
          LayoutTableRow {TR} at (0,26) size 208x22
            LayoutTableCell {TD} at (2,26) size 36x22 [border: (1px solid #0000BB)] [r=1 c=0 rs=1 cs=1]
              LayoutText {#text} at (2,2) size 32x18
                text run at (2,2) width 32: "mike"
            LayoutTableCell {TD} at (40,26) size 29x22 [border: (1px solid #0000BB)] [r=1 c=1 rs=1 cs=1]
              LayoutText {#text} at (2,2) size 25x18
                text run at (2,2) width 25: "was"
            LayoutTableCell {TD} at (71,26) size 32x22 [border: (1px solid #0000BB)] [r=1 c=2 rs=1 cs=1]
              LayoutText {#text} at (2,2) size 28x18
                text run at (2,2) width 28: "here"
            LayoutTableCell {TD} at (105,26) size 36x22 [border: (1px solid #0000BB)] [r=1 c=3 rs=1 cs=1]
              LayoutText {#text} at (2,2) size 32x18
                text run at (2,2) width 32: "mike"
            LayoutTableCell {TD} at (143,26) size 29x22 [border: (1px solid #0000BB)] [r=1 c=4 rs=1 cs=1]
              LayoutText {#text} at (2,2) size 25x18
                text run at (2,2) width 25: "was"
            LayoutTableCell {TD} at (174,26) size 32x22 [border: (1px solid #0000BB)] [r=1 c=5 rs=1 cs=1]
              LayoutText {#text} at (2,2) size 28x18
                text run at (2,2) width 28: "here"
