layer at (0,0) size 800x600
  LayoutView at (0,0) size 800x600
layer at (0,0) size 800x600
  LayoutBlockFlow {HTML} at (0,0) size 800x600
    LayoutBlockFlow {BODY} at (8,8) size 784x584
      LayoutBlockFlow (anonymous) at (0,0) size 784x18
        LayoutText {#text} at (0,0) size 201x18
          text run at (0,0) width 201: "The simplified original testcase"
      LayoutBlockFlow {P} at (0,34) size 784x92
        LayoutTable {TABLE} at (0,0) size 640x92 [border: (1px outset #808080)]
          LayoutTableSection {TBODY} at (1,1) size 638x90
            LayoutTableRow {TR} at (0,2) size 638x62
              LayoutTableCell {TD} at (2,2) size 634x62 [border: (1px inset #808080)] [r=0 c=0 rs=1 cs=2]
                LayoutImage {IMG} at (2,2) size 600x58
            LayoutTableRow {TR} at (0,66) size 638x22
              LayoutTableCell {TD} at (2,66) size 127x22 [border: (1px inset #808080)] [r=1 c=0 rs=1 cs=1]
                LayoutText {#text} at (2,2) size 58x18
                  text run at (2,2) width 58: "MC Visa"
              LayoutTableCell {TD} at (131,66) size 505x22 [border: (1px inset #808080)] [r=1 c=1 rs=1 cs=1]
                LayoutText {#text} at (2,2) size 48x18
                  text run at (2,2) width 48: "SLmail"
      LayoutBlockFlow {HR} at (0,142) size 130x2 [border: (1px inset #EEEEEE)]
      LayoutBlockFlow (anonymous) at (0,152) size 784x18
        LayoutText {#text} at (0,0) size 416x18
          text run at (0,0) width 416: "The simplified original testcase with image size reduced to190px"
      LayoutBlockFlow {P} at (0,186) size 784x52
        LayoutTable {TABLE} at (0,0) size 640x52 [border: (1px outset #808080)]
          LayoutTableSection {TBODY} at (1,1) size 638x50
            LayoutTableRow {TR} at (0,2) size 638x22
              LayoutTableCell {TD} at (2,2) size 634x22 [border: (1px inset #808080)] [r=0 c=0 rs=1 cs=2]
                LayoutImage {IMG} at (2,2) size 190x18.36
            LayoutTableRow {TR} at (0,26) size 638x22
              LayoutTableCell {TD} at (2,26) size 127x22 [border: (1px inset #808080)] [r=1 c=0 rs=1 cs=1]
                LayoutText {#text} at (2,2) size 58x18
                  text run at (2,2) width 58: "MC Visa"
              LayoutTableCell {TD} at (131,26) size 505x22 [border: (1px inset #808080)] [r=1 c=1 rs=1 cs=1]
                LayoutText {#text} at (2,2) size 48x18
                  text run at (2,2) width 48: "SLmail"
      LayoutBlockFlow {HR} at (0,254) size 130x2 [border: (1px inset #EEEEEE)]
      LayoutBlockFlow (anonymous) at (0,264) size 784x18
        LayoutText {#text} at (0,0) size 150x18
          text run at (0,0) width 150: "Testcase without image"
      LayoutBlockFlow {P} at (0,298) size 784x70
        LayoutTable {TABLE} at (0,0) size 640x70 [border: (1px outset #808080)]
          LayoutTableSection {TBODY} at (1,1) size 638x68
            LayoutTableRow {TR} at (0,2) size 638x40
              LayoutTableCell {TD} at (2,2) size 634x40 [border: (1px inset #808080)] [r=0 c=0 rs=1 cs=2]
                LayoutText {#text} at (2,2) size 612x36
                  text run at (2,2) width 612: "text text text text text text text text text text text text text text text text text text text text text text"
                  text run at (2,20) width 192: "text text text text text text text"
            LayoutTableRow {TR} at (0,44) size 638x22
              LayoutTableCell {TD} at (2,44) size 127x22 [border: (1px inset #808080)] [r=1 c=0 rs=1 cs=1]
                LayoutText {#text} at (2,2) size 58x18
                  text run at (2,2) width 58: "MC Visa"
              LayoutTableCell {TD} at (131,44) size 505x22 [border: (1px inset #808080)] [r=1 c=1 rs=1 cs=1]
                LayoutText {#text} at (2,2) size 48x18
                  text run at (2,2) width 48: "SLmail"
      LayoutBlockFlow {HR} at (0,384) size 130x2 [border: (1px inset #EEEEEE)]
