layer at (0,0) size 800x600 clip at (0,0) size 785x600 scrollHeight 2031
  LayoutView at (0,0) size 800x600
layer at (0,0) size 785x2031 backgroundClip at (0,0) size 785x600 clip at (0,0) size 785x600
  LayoutBlockFlow {HTML} at (0,0) size 785x2031.19
    LayoutBlockFlow {BODY} at (8,8) size 769x2015.19
      LayoutBlockFlow (anonymous) at (0,0) size 769x18
        LayoutBR {BR} at (0,0) size 0x18
      LayoutBlockFlow {HR} at (0,26) size 769x2 [border: (1px inset #EEEEEE)]
      LayoutBlockFlow {H3} at (0,46.72) size 769x22
        LayoutText {#text} at (0,0) size 87x22
          text run at (0,0) width 87: "border-top"
      LayoutBlockFlow {P} at (0,87.44) size 769x18
        LayoutInline {CODE} at (0,0) size 55x15
          LayoutText {#text} at (0,2) size 55x15
            text run at (0,2) width 55: "<table>"
        LayoutText {#text} at (54,0) size 32x18
          text run at (54,0) width 32: " has "
        LayoutInline {CODE} at (0,0) size 48x15
          LayoutText {#text} at (85,2) size 48x15
            text run at (85,2) width 48: "border"
        LayoutText {#text} at (132,0) size 75x18
          text run at (132,0) width 75: " attribute; "
        LayoutInline {CODE} at (0,0) size 32x15
          LayoutText {#text} at (206,2) size 32x15
            text run at (206,2) width 32: "<td>"
        LayoutText {#text} at (237,0) size 41x18
          text run at (237,0) width 41: " have "
        LayoutInline {CODE} at (0,0) size 290x15
          LayoutText {#text} at (277,2) size 290x15
            text run at (277,2) width 290: "style=\"border-top: green 10px solid;\""
        LayoutText {#text} at (566,0) size 5x18
          text run at (566,0) width 5: "."
      LayoutTable {TABLE} at (0,121.44) size 458x116 [border: (1px outset #808080)]
        LayoutTableSection {TBODY} at (1,1) size 456x114
          LayoutTableRow {TR} at (0,5) size 456x31
            LayoutTableCell {TD} at (5,5) size 446x31 [border: (10px solid #008000) (1px inset #808080)] [r=0 c=0 rs=1 cs=2]
              LayoutText {#text} at (2,11) size 442x18
                text run at (2,11) width 442: "Every cell in this table should have a 10-pixel solid green top border."
          LayoutTableRow {TR} at (0,41) size 456x68
            LayoutTableCell {TD} at (5,59) size 112x31 [border: (10px solid #008000) (1px inset #808080)] [r=1 c=0 rs=1 cs=1]
              LayoutText {#text} at (2,11) size 54x18
                text run at (2,11) width 54: "Cell one"
            LayoutTableCell {TD} at (122,41) size 329x68 [border: (10px solid #008000) (1px inset #808080)] [r=1 c=1 rs=1 cs=1]
              LayoutBlockFlow (anonymous) at (2,11) size 325x18
                LayoutText {#text} at (0,0) size 55x18
                  text run at (0,0) width 55: "Cell two"
              LayoutTable {TABLE} at (2,29) size 166x37 [border: (1px outset #808080)]
                LayoutTableSection {TBODY} at (1,1) size 164x35
                  LayoutTableRow {TR} at (0,2) size 164x31
                    LayoutTableCell {TD} at (2,2) size 160x31 [border: (10px solid #008000) (1px inset #808080)] [r=0 c=0 rs=1 cs=1]
                      LayoutText {#text} at (2,11) size 156x18
                        text run at (2,11) width 156: "Nested single-cell table!"
      LayoutBlockFlow (anonymous) at (0,237.44) size 769x18
        LayoutBR {BR} at (0,0) size 0x18
      LayoutBlockFlow {P} at (0,271.44) size 769x18
        LayoutInline {CODE} at (0,0) size 55x15
          LayoutText {#text} at (0,2) size 55x15
            text run at (0,2) width 55: "<table>"
        LayoutText {#text} at (54,0) size 69x18
          text run at (54,0) width 69: " has *no* "
        LayoutInline {CODE} at (0,0) size 48x15
          LayoutText {#text} at (122,2) size 48x15
            text run at (122,2) width 48: "border"
        LayoutText {#text} at (169,0) size 75x18
          text run at (169,0) width 75: " attribute; "
        LayoutInline {CODE} at (0,0) size 32x15
          LayoutText {#text} at (243,2) size 32x15
            text run at (243,2) width 32: "<td>"
        LayoutText {#text} at (274,0) size 41x18
          text run at (274,0) width 41: " have "
        LayoutInline {CODE} at (0,0) size 289x15
          LayoutText {#text} at (314,2) size 289x15
            text run at (314,2) width 289: "style=\"border-top: green 10px solid;\""
        LayoutText {#text} at (603,0) size 4x18
          text run at (603,0) width 4: "."
      LayoutTable {TABLE} at (0,305.44) size 454x109
        LayoutTableSection {TBODY} at (0,0) size 454x109
          LayoutTableRow {TR} at (0,5) size 454x30
            LayoutTableCell {TD} at (5,5) size 444x30 [border: (10px solid #008000) none] [r=0 c=0 rs=1 cs=2]
              LayoutText {#text} at (1,11) size 442x18
                text run at (1,11) width 442: "Every cell in this table should have a 10-pixel solid green top border."
          LayoutTableRow {TR} at (0,40) size 454x64
            LayoutTableCell {TD} at (5,57) size 111x30 [border: (10px solid #008000) none] [r=1 c=0 rs=1 cs=1]
              LayoutText {#text} at (1,11) size 54x18
                text run at (1,11) width 54: "Cell one"
            LayoutTableCell {TD} at (121,40) size 328x64 [border: (10px solid #008000) none] [r=1 c=1 rs=1 cs=1]
              LayoutBlockFlow (anonymous) at (1,11) size 326x18
                LayoutText {#text} at (0,0) size 55x18
                  text run at (0,0) width 55: "Cell two"
              LayoutTable {TABLE} at (1,29) size 162x34
                LayoutTableSection {TBODY} at (0,0) size 162x34
                  LayoutTableRow {TR} at (0,2) size 162x30
                    LayoutTableCell {TD} at (2,2) size 158x30 [border: (10px solid #008000) none] [r=0 c=0 rs=1 cs=1]
                      LayoutText {#text} at (1,11) size 156x18
                        text run at (1,11) width 156: "Nested single-cell table!"
      LayoutBlockFlow (anonymous) at (0,414.44) size 769x18
        LayoutBR {BR} at (0,0) size 0x18
      LayoutBlockFlow {HR} at (0,440.44) size 769x2 [border: (1px inset #EEEEEE)]
      LayoutBlockFlow {H3} at (0,461.16) size 769x22
        LayoutText {#text} at (0,0) size 101x22
          text run at (0,0) width 101: "border-right"
      LayoutBlockFlow {P} at (0,501.88) size 769x18
        LayoutInline {CODE} at (0,0) size 55x15
          LayoutText {#text} at (0,2) size 55x15
            text run at (0,2) width 55: "<table>"
        LayoutText {#text} at (54,0) size 32x18
          text run at (54,0) width 32: " has "
        LayoutInline {CODE} at (0,0) size 48x15
          LayoutText {#text} at (85,2) size 48x15
            text run at (85,2) width 48: "border"
        LayoutText {#text} at (132,0) size 75x18
          text run at (132,0) width 75: " attribute; "
        LayoutInline {CODE} at (0,0) size 32x15
          LayoutText {#text} at (206,2) size 32x15
            text run at (206,2) width 32: "<td>"
        LayoutText {#text} at (237,0) size 41x18
          text run at (237,0) width 41: " have "
        LayoutInline {CODE} at (0,0) size 305x15
          LayoutText {#text} at (277,2) size 305x15
            text run at (277,2) width 305: "style=\"border-right: green 10px solid;\""
        LayoutText {#text} at (581,0) size 5x18
          text run at (581,0) width 5: "."
      LayoutTable {TABLE} at (0,535.88) size 476x89 [border: (1px outset #808080)]
        LayoutTableSection {TBODY} at (1,1) size 474x87
          LayoutTableRow {TR} at (0,5) size 474x22
            LayoutTableCell {TD} at (5,5) size 464x22 [border: (1px inset #808080) (10px solid #008000) (1px inset #808080)] [r=0 c=0 rs=1 cs=2]
              LayoutText {#text} at (2,2) size 451x18
                text run at (2,2) width 451: "Every cell in this table should have a 10-pixel solid green right border."
          LayoutTableRow {TR} at (0,32) size 474x50
            LayoutTableCell {TD} at (5,46) size 120x22 [border: (1px inset #808080) (10px solid #008000) (1px inset #808080)] [r=1 c=0 rs=1 cs=1]
              LayoutText {#text} at (2,2) size 54x18
                text run at (2,2) width 54: "Cell one"
            LayoutTableCell {TD} at (130,32) size 339x50 [border: (1px inset #808080) (10px solid #008000) (1px inset #808080)] [r=1 c=1 rs=1 cs=1]
              LayoutBlockFlow (anonymous) at (2,2) size 326x18
                LayoutText {#text} at (0,0) size 55x18
                  text run at (0,0) width 55: "Cell two"
              LayoutTable {TABLE} at (2,20) size 175x28 [border: (1px outset #808080)]
                LayoutTableSection {TBODY} at (1,1) size 173x26
                  LayoutTableRow {TR} at (0,2) size 173x22
                    LayoutTableCell {TD} at (2,2) size 169x22 [border: (1px inset #808080) (10px solid #008000) (1px inset #808080)] [r=0 c=0 rs=1 cs=1]
                      LayoutText {#text} at (2,2) size 156x18
                        text run at (2,2) width 156: "Nested single-cell table!"
      LayoutBlockFlow (anonymous) at (0,624.88) size 769x18
        LayoutBR {BR} at (0,0) size 0x18
      LayoutBlockFlow {P} at (0,658.88) size 769x18
        LayoutInline {CODE} at (0,0) size 55x15
          LayoutText {#text} at (0,2) size 55x15
            text run at (0,2) width 55: "<table>"
        LayoutText {#text} at (54,0) size 32x18
          text run at (54,0) width 32: " has "
        LayoutInline {CODE} at (0,0) size 48x15
          LayoutText {#text} at (85,2) size 48x15
            text run at (85,2) width 48: "border"
        LayoutText {#text} at (132,0) size 75x18
          text run at (132,0) width 75: " attribute; "
        LayoutInline {CODE} at (0,0) size 32x15
          LayoutText {#text} at (206,2) size 32x15
            text run at (206,2) width 32: "<td>"
        LayoutText {#text} at (237,0) size 41x18
          text run at (237,0) width 41: " have "
        LayoutInline {CODE} at (0,0) size 305x15
          LayoutText {#text} at (277,2) size 305x15
            text run at (277,2) width 305: "style=\"border-right: green 10px solid;\""
        LayoutText {#text} at (581,0) size 5x18
          text run at (581,0) width 5: "."
      LayoutTable {TABLE} at (0,692.88) size 473x79
        LayoutTableSection {TBODY} at (0,0) size 473x79
          LayoutTableRow {TR} at (0,5) size 473x20
            LayoutTableCell {TD} at (5,5) size 463x20 [border: none (10px solid #008000) none] [r=0 c=0 rs=1 cs=2]
              LayoutText {#text} at (1,1) size 451x18
                text run at (1,1) width 451: "Every cell in this table should have a 10-pixel solid green right border."
          LayoutTableRow {TR} at (0,30) size 473x44
            LayoutTableCell {TD} at (5,42) size 120x20 [border: none (10px solid #008000) none] [r=1 c=0 rs=1 cs=1]
              LayoutText {#text} at (1,1) size 54x18
                text run at (1,1) width 54: "Cell one"
            LayoutTableCell {TD} at (130,30) size 338x44 [border: none (10px solid #008000) none] [r=1 c=1 rs=1 cs=1]
              LayoutBlockFlow (anonymous) at (1,1) size 326x18
                LayoutText {#text} at (0,0) size 55x18
                  text run at (0,0) width 55: "Cell two"
              LayoutTable {TABLE} at (1,19) size 172x24
                LayoutTableSection {TBODY} at (0,0) size 172x24
                  LayoutTableRow {TR} at (0,2) size 172x20
                    LayoutTableCell {TD} at (2,2) size 168x20 [border: none (10px solid #008000) none] [r=0 c=0 rs=1 cs=1]
                      LayoutText {#text} at (1,1) size 156x18
                        text run at (1,1) width 156: "Nested single-cell table!"
      LayoutBlockFlow (anonymous) at (0,771.88) size 769x18
        LayoutBR {BR} at (0,0) size 0x18
      LayoutBlockFlow {HR} at (0,797.88) size 769x2 [border: (1px inset #EEEEEE)]
      LayoutBlockFlow {H3} at (0,818.59) size 769x22
        LayoutText {#text} at (0,0) size 118x22
          text run at (0,0) width 118: "border-bottom"
      LayoutBlockFlow {P} at (0,859.31) size 769x18
        LayoutInline {CODE} at (0,0) size 55x15
          LayoutText {#text} at (0,2) size 55x15
            text run at (0,2) width 55: "<table>"
        LayoutText {#text} at (54,0) size 32x18
          text run at (54,0) width 32: " has "
        LayoutInline {CODE} at (0,0) size 48x15
          LayoutText {#text} at (85,2) size 48x15
            text run at (85,2) width 48: "border"
        LayoutText {#text} at (132,0) size 75x18
          text run at (132,0) width 75: " attribute; "
        LayoutInline {CODE} at (0,0) size 32x15
          LayoutText {#text} at (206,2) size 32x15
            text run at (206,2) width 32: "<td>"
        LayoutText {#text} at (237,0) size 41x18
          text run at (237,0) width 41: " have "
        LayoutInline {CODE} at (0,0) size 313x15
          LayoutText {#text} at (277,2) size 313x15
            text run at (277,2) width 313: "style=\"border-bottom: green 10px solid;\""
        LayoutText {#text} at (589,0) size 5x18
          text run at (589,0) width 5: "."
      LayoutTable {TABLE} at (0,893.31) size 483x116 [border: (1px outset #808080)]
        LayoutTableSection {TBODY} at (1,1) size 481x114
          LayoutTableRow {TR} at (0,5) size 481x31
            LayoutTableCell {TD} at (5,5) size 471x31 [border: (1px inset #808080) (10px solid #008000) (1px inset #808080)] [r=0 c=0 rs=1 cs=2]
              LayoutText {#text} at (2,2) size 467x18
                text run at (2,2) width 467: "Every cell in this table should have a 10-pixel solid green bottom border."
          LayoutTableRow {TR} at (0,41) size 481x68
            LayoutTableCell {TD} at (5,59) size 118x31 [border: (1px inset #808080) (10px solid #008000) (1px inset #808080)] [r=1 c=0 rs=1 cs=1]
              LayoutText {#text} at (2,2) size 54x18
                text run at (2,2) width 54: "Cell one"
            LayoutTableCell {TD} at (128,41) size 348x68 [border: (1px inset #808080) (10px solid #008000) (1px inset #808080)] [r=1 c=1 rs=1 cs=1]
              LayoutBlockFlow (anonymous) at (2,2) size 344x18
                LayoutText {#text} at (0,0) size 55x18
                  text run at (0,0) width 55: "Cell two"
              LayoutTable {TABLE} at (2,20) size 166x37 [border: (1px outset #808080)]
                LayoutTableSection {TBODY} at (1,1) size 164x35
                  LayoutTableRow {TR} at (0,2) size 164x31
                    LayoutTableCell {TD} at (2,2) size 160x31 [border: (1px inset #808080) (10px solid #008000) (1px inset #808080)] [r=0 c=0 rs=1 cs=1]
                      LayoutText {#text} at (2,2) size 156x18
                        text run at (2,2) width 156: "Nested single-cell table!"
      LayoutBlockFlow (anonymous) at (0,1009.31) size 769x18
        LayoutBR {BR} at (0,0) size 0x18
      LayoutBlockFlow {P} at (0,1043.31) size 769x18
        LayoutInline {CODE} at (0,0) size 55x15
          LayoutText {#text} at (0,2) size 55x15
            text run at (0,2) width 55: "<table>"
        LayoutText {#text} at (54,0) size 69x18
          text run at (54,0) width 69: " has *no* "
        LayoutInline {CODE} at (0,0) size 48x15
          LayoutText {#text} at (122,2) size 48x15
            text run at (122,2) width 48: "border"
        LayoutText {#text} at (169,0) size 75x18
          text run at (169,0) width 75: " attribute; "
        LayoutInline {CODE} at (0,0) size 32x15
          LayoutText {#text} at (243,2) size 32x15
            text run at (243,2) width 32: "<td>"
        LayoutText {#text} at (274,0) size 41x18
          text run at (274,0) width 41: " have "
        LayoutInline {CODE} at (0,0) size 313x15
          LayoutText {#text} at (314,2) size 313x15
            text run at (314,2) width 313: "style=\"border-bottom: green 10px solid;\""
        LayoutText {#text} at (626,0) size 5x18
          text run at (626,0) width 5: "."
      LayoutTable {TABLE} at (0,1077.31) size 479x109
        LayoutTableSection {TBODY} at (0,0) size 479x109
          LayoutTableRow {TR} at (0,5) size 479x30
            LayoutTableCell {TD} at (5,5) size 469x30 [border: none (10px solid #008000) none] [r=0 c=0 rs=1 cs=2]
              LayoutText {#text} at (1,1) size 467x18
                text run at (1,1) width 467: "Every cell in this table should have a 10-pixel solid green bottom border."
          LayoutTableRow {TR} at (0,40) size 479x64
            LayoutTableCell {TD} at (5,57) size 118x30 [border: none (10px solid #008000) none] [r=1 c=0 rs=1 cs=1]
              LayoutText {#text} at (1,1) size 54x18
                text run at (1,1) width 54: "Cell one"
            LayoutTableCell {TD} at (128,40) size 346x64 [border: none (10px solid #008000) none] [r=1 c=1 rs=1 cs=1]
              LayoutBlockFlow (anonymous) at (1,1) size 344x18
                LayoutText {#text} at (0,0) size 55x18
                  text run at (0,0) width 55: "Cell two"
              LayoutTable {TABLE} at (1,19) size 162x34
                LayoutTableSection {TBODY} at (0,0) size 162x34
                  LayoutTableRow {TR} at (0,2) size 162x30
                    LayoutTableCell {TD} at (2,2) size 158x30 [border: none (10px solid #008000) none] [r=0 c=0 rs=1 cs=1]
                      LayoutText {#text} at (1,1) size 156x18
                        text run at (1,1) width 156: "Nested single-cell table!"
      LayoutBlockFlow (anonymous) at (0,1186.31) size 769x18
        LayoutBR {BR} at (0,0) size 0x18
      LayoutBlockFlow {HR} at (0,1212.31) size 769x2 [border: (1px inset #EEEEEE)]
      LayoutBlockFlow {H3} at (0,1233.03) size 769x22
        LayoutText {#text} at (0,0) size 87x22
          text run at (0,0) width 87: "border-left"
      LayoutBlockFlow {P} at (0,1273.75) size 769x18
        LayoutInline {CODE} at (0,0) size 55x15
          LayoutText {#text} at (0,2) size 55x15
            text run at (0,2) width 55: "<table>"
        LayoutText {#text} at (54,0) size 32x18
          text run at (54,0) width 32: " has "
        LayoutInline {CODE} at (0,0) size 48x15
          LayoutText {#text} at (85,2) size 48x15
            text run at (85,2) width 48: "border"
        LayoutText {#text} at (132,0) size 75x18
          text run at (132,0) width 75: " attribute; "
        LayoutInline {CODE} at (0,0) size 32x15
          LayoutText {#text} at (206,2) size 32x15
            text run at (206,2) width 32: "<td>"
        LayoutText {#text} at (237,0) size 41x18
          text run at (237,0) width 41: " have "
        LayoutInline {CODE} at (0,0) size 297x15
          LayoutText {#text} at (277,2) size 297x15
            text run at (277,2) width 297: "style=\"border-left: green 10px solid;\""
        LayoutText {#text} at (573,0) size 5x18
          text run at (573,0) width 5: "."
      LayoutTable {TABLE} at (0,1307.75) size 468x89 [border: (1px outset #808080)]
        LayoutTableSection {TBODY} at (1,1) size 466x87
          LayoutTableRow {TR} at (0,5) size 466x22
            LayoutTableCell {TD} at (5,5) size 456x22 [border: (1px inset #808080) (10px solid #008000)] [r=0 c=0 rs=1 cs=2]
              LayoutText {#text} at (11,2) size 443x18
                text run at (11,2) width 443: "Every cell in this table should have a 10-pixel solid green left border."
          LayoutTableRow {TR} at (0,32) size 466x50
            LayoutTableCell {TD} at (5,46) size 118x22 [border: (1px inset #808080) (10px solid #008000)] [r=1 c=0 rs=1 cs=1]
              LayoutText {#text} at (11,2) size 54x18
                text run at (11,2) width 54: "Cell one"
            LayoutTableCell {TD} at (128,32) size 333x50 [border: (1px inset #808080) (10px solid #008000)] [r=1 c=1 rs=1 cs=1]
              LayoutBlockFlow (anonymous) at (11,2) size 320x18
                LayoutText {#text} at (0,0) size 55x18
                  text run at (0,0) width 55: "Cell two"
              LayoutTable {TABLE} at (11,20) size 175x28 [border: (1px outset #808080)]
                LayoutTableSection {TBODY} at (1,1) size 173x26
                  LayoutTableRow {TR} at (0,2) size 173x22
                    LayoutTableCell {TD} at (2,2) size 169x22 [border: (1px inset #808080) (10px solid #008000)] [r=0 c=0 rs=1 cs=1]
                      LayoutText {#text} at (11,2) size 156x18
                        text run at (11,2) width 156: "Nested single-cell table!"
      LayoutBlockFlow (anonymous) at (0,1396.75) size 769x18
        LayoutBR {BR} at (0,0) size 0x18
      LayoutBlockFlow {P} at (0,1430.75) size 769x18
        LayoutInline {CODE} at (0,0) size 55x15
          LayoutText {#text} at (0,2) size 55x15
            text run at (0,2) width 55: "<table>"
        LayoutText {#text} at (54,0) size 69x18
          text run at (54,0) width 69: " has *no* "
        LayoutInline {CODE} at (0,0) size 48x15
          LayoutText {#text} at (122,2) size 48x15
            text run at (122,2) width 48: "border"
        LayoutText {#text} at (169,0) size 75x18
          text run at (169,0) width 75: " attribute; "
        LayoutInline {CODE} at (0,0) size 32x15
          LayoutText {#text} at (243,2) size 32x15
            text run at (243,2) width 32: "<td>"
        LayoutText {#text} at (274,0) size 41x18
          text run at (274,0) width 41: " have "
        LayoutInline {CODE} at (0,0) size 297x15
          LayoutText {#text} at (314,2) size 297x15
            text run at (314,2) width 297: "style=\"border-left: green 10px solid;\""
        LayoutText {#text} at (610,0) size 5x18
          text run at (610,0) width 5: "."
      LayoutTable {TABLE} at (0,1464.75) size 465x79
        LayoutTableSection {TBODY} at (0,0) size 465x79
          LayoutTableRow {TR} at (0,5) size 465x20
            LayoutTableCell {TD} at (5,5) size 455x20 [border: none (10px solid #008000)] [r=0 c=0 rs=1 cs=2]
              LayoutText {#text} at (11,1) size 443x18
                text run at (11,1) width 443: "Every cell in this table should have a 10-pixel solid green left border."
          LayoutTableRow {TR} at (0,30) size 465x44
            LayoutTableCell {TD} at (5,42) size 118x20 [border: none (10px solid #008000)] [r=1 c=0 rs=1 cs=1]
              LayoutText {#text} at (11,1) size 54x18
                text run at (11,1) width 54: "Cell one"
            LayoutTableCell {TD} at (128,30) size 332x44 [border: none (10px solid #008000)] [r=1 c=1 rs=1 cs=1]
              LayoutBlockFlow (anonymous) at (11,1) size 320x18
                LayoutText {#text} at (0,0) size 55x18
                  text run at (0,0) width 55: "Cell two"
              LayoutTable {TABLE} at (11,19) size 172x24
                LayoutTableSection {TBODY} at (0,0) size 172x24
                  LayoutTableRow {TR} at (0,2) size 172x20
                    LayoutTableCell {TD} at (2,2) size 168x20 [border: none (10px solid #008000)] [r=0 c=0 rs=1 cs=1]
                      LayoutText {#text} at (11,1) size 156x18
                        text run at (11,1) width 156: "Nested single-cell table!"
      LayoutBlockFlow (anonymous) at (0,1543.75) size 769x18
        LayoutBR {BR} at (0,0) size 0x18
      LayoutBlockFlow {HR} at (0,1569.75) size 769x2 [border: (1px inset #EEEEEE)]
      LayoutBlockFlow {H3} at (0,1590.47) size 769x22
        LayoutText {#text} at (0,0) size 56x22
          text run at (0,0) width 56: "border"
      LayoutBlockFlow {P} at (0,1631.19) size 769x18
        LayoutInline {CODE} at (0,0) size 55x15
          LayoutText {#text} at (0,2) size 55x15
            text run at (0,2) width 55: "<table>"
        LayoutText {#text} at (54,0) size 32x18
          text run at (54,0) width 32: " has "
        LayoutInline {CODE} at (0,0) size 48x15
          LayoutText {#text} at (85,2) size 48x15
            text run at (85,2) width 48: "border"
        LayoutText {#text} at (132,0) size 75x18
          text run at (132,0) width 75: " attribute; "
        LayoutInline {CODE} at (0,0) size 32x15
          LayoutText {#text} at (206,2) size 32x15
            text run at (206,2) width 32: "<td>"
        LayoutText {#text} at (237,0) size 41x18
          text run at (237,0) width 41: " have "
        LayoutInline {CODE} at (0,0) size 258x15
          LayoutText {#text} at (277,2) size 258x15
            text run at (277,2) width 258: "style=\"border: green 10px solid;\""
        LayoutText {#text} at (534,0) size 5x18
          text run at (534,0) width 5: "."
      LayoutTable {TABLE} at (0,1665.19) size 451x143 [border: (1px outset #808080)]
        LayoutTableSection {TBODY} at (1,1) size 449x141
          LayoutTableRow {TR} at (0,5) size 449x40
            LayoutTableCell {TD} at (5,5) size 439x40 [border: (10px solid #008000)] [r=0 c=0 rs=1 cs=2]
              LayoutText {#text} at (11,11) size 417x18
                text run at (11,11) width 417: "Every cell in this table should have a 10-pixel solid green border."
          LayoutTableRow {TR} at (0,50) size 449x86
            LayoutTableCell {TD} at (5,73) size 116x40 [border: (10px solid #008000)] [r=1 c=0 rs=1 cs=1]
              LayoutText {#text} at (11,11) size 54x18
                text run at (11,11) width 54: "Cell one"
            LayoutTableCell {TD} at (126,50) size 318x86 [border: (10px solid #008000)] [r=1 c=1 rs=1 cs=1]
              LayoutBlockFlow (anonymous) at (11,11) size 296x18
                LayoutText {#text} at (0,0) size 55x18
                  text run at (0,0) width 55: "Cell two"
              LayoutTable {TABLE} at (11,29) size 184x46 [border: (1px outset #808080)]
                LayoutTableSection {TBODY} at (1,1) size 182x44
                  LayoutTableRow {TR} at (0,2) size 182x40
                    LayoutTableCell {TD} at (2,2) size 178x40 [border: (10px solid #008000)] [r=0 c=0 rs=1 cs=1]
                      LayoutText {#text} at (11,11) size 156x18
                        text run at (11,11) width 156: "Nested single-cell table!"
      LayoutBlockFlow (anonymous) at (0,1808.19) size 769x18
        LayoutBR {BR} at (0,0) size 0x18
      LayoutBlockFlow {P} at (0,1842.19) size 769x18
        LayoutInline {CODE} at (0,0) size 55x15
          LayoutText {#text} at (0,2) size 55x15
            text run at (0,2) width 55: "<table>"
        LayoutText {#text} at (54,0) size 69x18
          text run at (54,0) width 69: " has *no* "
        LayoutInline {CODE} at (0,0) size 48x15
          LayoutText {#text} at (122,2) size 48x15
            text run at (122,2) width 48: "border"
        LayoutText {#text} at (169,0) size 75x18
          text run at (169,0) width 75: " attribute; "
        LayoutInline {CODE} at (0,0) size 32x15
          LayoutText {#text} at (243,2) size 32x15
            text run at (243,2) width 32: "<td>"
        LayoutText {#text} at (274,0) size 41x18
          text run at (274,0) width 41: " have "
        LayoutInline {CODE} at (0,0) size 258x15
          LayoutText {#text} at (314,2) size 258x15
            text run at (314,2) width 258: "style=\"border: green 10px solid;\""
        LayoutText {#text} at (571,0) size 5x18
          text run at (571,0) width 5: "."
      LayoutTable {TABLE} at (0,1876.19) size 449x139
        LayoutTableSection {TBODY} at (0,0) size 449x139
          LayoutTableRow {TR} at (0,5) size 449x40
            LayoutTableCell {TD} at (5,5) size 439x40 [border: (10px solid #008000)] [r=0 c=0 rs=1 cs=2]
              LayoutText {#text} at (11,11) size 417x18
                text run at (11,11) width 417: "Every cell in this table should have a 10-pixel solid green border."
          LayoutTableRow {TR} at (0,50) size 449x84
            LayoutTableCell {TD} at (5,72) size 117x40 [border: (10px solid #008000)] [r=1 c=0 rs=1 cs=1]
              LayoutText {#text} at (11,11) size 54x18
                text run at (11,11) width 54: "Cell one"
            LayoutTableCell {TD} at (127,50) size 317x84 [border: (10px solid #008000)] [r=1 c=1 rs=1 cs=1]
              LayoutBlockFlow (anonymous) at (11,11) size 295x18
                LayoutText {#text} at (0,0) size 55x18
                  text run at (0,0) width 55: "Cell two"
              LayoutTable {TABLE} at (11,29) size 182x44
                LayoutTableSection {TBODY} at (0,0) size 182x44
                  LayoutTableRow {TR} at (0,2) size 182x40
                    LayoutTableCell {TD} at (2,2) size 178x40 [border: (10px solid #008000)] [r=0 c=0 rs=1 cs=1]
                      LayoutText {#text} at (11,11) size 156x18
                        text run at (11,11) width 156: "Nested single-cell table!"
