layer at (0,0) size 800x600
  LayoutView at (0,0) size 800x600
layer at (0,0) size 800x600
  LayoutBlockFlow {HTML} at (0,0) size 800x600
    LayoutBlockFlow {BODY} at (8,8) size 784x584 [bgcolor=#C0C0C0]
      LayoutTable {TABLE} at (0,0) size 784x88 [border: (4px outset #808080)]
        LayoutTableSection {TBODY} at (4,4) size 776x80
          LayoutTableRow {TR} at (0,2) size 776x76
            LayoutTableCell {TD} at (2,20) size 723x40 [border: (1px inset #808080)] [r=0 c=0 rs=1 cs=1]
              LayoutTable {TABLE} at (2,2) size 101x36 [border: (5px outset #808080)]
                LayoutTableSection {TBODY} at (5,5) size 91x26
                  LayoutTableRow {TR} at (0,2) size 91x22
                    LayoutTableCell {TD} at (2,2) size 87x22 [border: (1px inset #808080)] [r=0 c=0 rs=1 cs=1]
                      LayoutText {#text} at (2,2) size 48x18
                        text run at (2,2) width 48: "This is "
                      LayoutText {#text} at (49,2) size 36x18
                        text run at (49,2) width 36: "cell 1"
            LayoutTableCell {TD} at (727,2) size 47x76 [border: (1px inset #808080)] [r=0 c=1 rs=1 cs=1]
              LayoutText {#text} at (2,2) size 43x72
                text run at (2,2) width 36: "Hello"
                text run at (2,20) width 43: "world!"
                text run at (2,38) width 36: "Hello"
                text run at (2,56) width 43: "world!"
