layer at (0,0) size 800x600 clip at (0,0) size 785x600 scrollHeight 1582
  LayoutView at (0,0) size 800x600
layer at (0,0) size 785x1582 backgroundClip at (0,0) size 785x600 clip at (0,0) size 785x600
  LayoutBlockFlow {HTML} at (0,0) size 785x1582
    LayoutBlockFlow {BODY} at (8,8) size 769x1566
      LayoutTable {TABLE} at (0,0) size 769x75 [border: (1px solid #000000)]
        LayoutTableSection {TBODY} at (1,1) size 767x73
          LayoutTableRow {TR} at (0,2) size 767x69
            LayoutTableCell {TD} at (2,2) size 444x69 [border: (1px solid #000000)] [r=0 c=0 rs=1 cs=1]
              LayoutImage {IMG} at (2,2) size 88x64.53
              LayoutImage {IMG} at (90,2) size 88x64.53
              LayoutImage {IMG} at (178,2) size 88x64.53
              LayoutImage {IMG} at (266,2) size 88x64.53
              LayoutImage {IMG} at (354,2) size 88x64.53
            LayoutTableCell {TD} at (448,25) size 317x22 [border: (1px solid #000000)] [r=0 c=1 rs=1 cs=1]
              LayoutText {#text} at (2,2) size 160x18
                text run at (2,2) width 160: "Nothing between images"
      LayoutTable {TABLE} at (0,75) size 769x335 [border: (1px solid #000000)]
        LayoutTableSection {TBODY} at (1,1) size 767x333
          LayoutTableRow {TR} at (0,2) size 767x329
            LayoutTableCell {TD} at (2,2) size 92x329 [border: (1px solid #000000)] [r=0 c=0 rs=1 cs=1]
              LayoutImage {IMG} at (2,2) size 88x64.53
              LayoutText {#text} at (0,0) size 0x0
              LayoutImage {IMG} at (2,67) size 88x64.53
              LayoutText {#text} at (0,0) size 0x0
              LayoutImage {IMG} at (2,132) size 88x64.53
              LayoutText {#text} at (0,0) size 0x0
              LayoutImage {IMG} at (2,197) size 88x64.53
              LayoutText {#text} at (0,0) size 0x0
              LayoutImage {IMG} at (2,262) size 88x64.53
            LayoutTableCell {TD} at (96,155) size 669x22 [border: (1px solid #000000)] [r=0 c=1 rs=1 cs=1]
              LayoutText {#text} at (2,2) size 152x18
                text run at (2,2) width 152: "Spaces between images"
      LayoutTable {TABLE} at (0,410) size 769x335 [border: (1px solid #000000)]
        LayoutTableSection {TBODY} at (1,1) size 767x333
          LayoutTableRow {TR} at (0,2) size 767x329
            LayoutTableCell {TD} at (2,2) size 92x329 [border: (1px solid #000000)] [r=0 c=0 rs=1 cs=1]
              LayoutImage {IMG} at (2,2) size 88x64.53
              LayoutText {#text} at (0,0) size 0x0
              LayoutImage {IMG} at (2,67) size 88x64.53
              LayoutText {#text} at (0,0) size 0x0
              LayoutImage {IMG} at (2,132) size 88x64.53
              LayoutText {#text} at (0,0) size 0x0
              LayoutImage {IMG} at (2,197) size 88x64.53
              LayoutText {#text} at (0,0) size 0x0
              LayoutImage {IMG} at (2,262) size 88x64.53
            LayoutTableCell {TD} at (96,155) size 669x22 [border: (1px solid #000000)] [r=0 c=1 rs=1 cs=1]
              LayoutText {#text} at (2,2) size 168x18
                text run at (2,2) width 168: "Newlines between images"
      LayoutTable {TABLE} at (0,745) size 769x79 [border: (1px solid #000000)]
        LayoutTableSection {TBODY} at (1,1) size 767x77
          LayoutTableRow {TR} at (0,2) size 767x73
            LayoutTableCell {TD} at (2,2) size 595x73 [border: (1px solid #000000)] [r=0 c=0 rs=1 cs=1]
              LayoutText {#text} at (2,53) size 27x18
                text run at (2,53) width 27: "One"
              LayoutImage {IMG} at (28.66,2) size 88x64.53
              LayoutText {#text} at (116,53) size 29x18
                text run at (116,53) width 29: "Two"
              LayoutImage {IMG} at (144.86,2) size 88x64.53
              LayoutText {#text} at (232,53) size 39x18
                text run at (232,53) width 39: "Three"
              LayoutImage {IMG} at (270.16,2) size 88x64.53
              LayoutText {#text} at (358,53) size 31x18
                text run at (358,53) width 31: "Four"
              LayoutImage {IMG} at (388.38,2) size 88x64.53
              LayoutText {#text} at (476,53) size 29x18
                text run at (476,53) width 29: "Five"
              LayoutImage {IMG} at (504.81,2) size 88x64.53
            LayoutTableCell {TD} at (599,27) size 166x22 [border: (1px solid #000000)] [r=0 c=1 rs=1 cs=1]
              LayoutText {#text} at (2,2) size 135x18
                text run at (2,2) width 135: "Text between images"
      LayoutTable {TABLE} at (0,824) size 769x369 [border: (1px solid #000000)]
        LayoutTableSection {TBODY} at (1,1) size 767x367
          LayoutTableRow {TR} at (0,2) size 767x363
            LayoutTableCell {TD} at (2,2) size 130x363 [border: (1px solid #000000)] [r=0 c=0 rs=1 cs=1]
              LayoutText {#text} at (2,2) size 27x18
                text run at (2,2) width 27: "One"
              LayoutImage {IMG} at (2,20) size 88x64.53
              LayoutText {#text} at (90,71) size 29x18
                text run at (90,71) width 29: "Two"
              LayoutImage {IMG} at (2,89) size 88x64.53
              LayoutText {#text} at (90,140) size 38x18
                text run at (90,140) width 38: "Three"
              LayoutImage {IMG} at (2,158) size 88x64.53
              LayoutText {#text} at (90,209) size 31x18
                text run at (90,209) width 31: "Four"
              LayoutImage {IMG} at (2,227) size 88x64.53
              LayoutText {#text} at (90,278) size 29x18
                text run at (90,278) width 29: "Five"
              LayoutImage {IMG} at (2,296) size 88x64.53
            LayoutTableCell {TD} at (134,172) size 631x22 [border: (1px solid #000000)] [r=0 c=1 rs=1 cs=1]
              LayoutText {#text} at (2,2) size 214x18
                text run at (2,2) width 214: "Text with spaces between images"
      LayoutTable {TABLE} at (0,1193) size 769x373 [border: (1px solid #000000)]
        LayoutTableSection {TBODY} at (1,1) size 767x371
          LayoutTableRow {TR} at (0,2) size 767x367
            LayoutTableCell {TD} at (2,2) size 138x367 [border: (1px solid #000000)] [r=0 c=0 rs=1 cs=1]
              LayoutText {#text} at (2,2) size 27x87
                text run at (2,2) width 27: "One"
                text run at (2,71) width 12: "A"
              LayoutImage {IMG} at (13.55,20) size 88x64.53
              LayoutText {#text} at (101,71) size 128x87
                text run at (101,71) width 29: "Two"
                text run at (2,140) width 8: "b"
              LayoutImage {IMG} at (10,89) size 88x64.53
              LayoutText {#text} at (98,140) size 134x87
                text run at (98,140) width 38: "Three"
                text run at (2,209) width 8: "c"
              LayoutImage {IMG} at (9.09,158) size 88x64.53
              LayoutText {#text} at (97,209) size 126x87
                text run at (97,209) width 31: "Four"
                text run at (2,278) width 8: "d"
              LayoutImage {IMG} at (10,227) size 88x64.53
              LayoutText {#text} at (98,278) size 125x87
                text run at (98,278) width 29: "Five"
                text run at (2,347) width 8: "e"
              LayoutImage {IMG} at (9.09,296) size 88x64.53
            LayoutTableCell {TD} at (142,174) size 623x22 [border: (1px solid #000000)] [r=0 c=1 rs=1 cs=1]
              LayoutText {#text} at (2,2) size 305x18
                text run at (2,2) width 305: "Text with spaces and more text between images"
