layer at (0,0) size 800x600 clip at (0,0) size 785x600 scrollHeight 5950
  LayoutView at (0,0) size 800x600
layer at (0,0) size 785x5950 backgroundClip at (0,0) size 785x600 clip at (0,0) size 785x600
  LayoutBlockFlow {HTML} at (0,0) size 785x5949.88
    LayoutBlockFlow {BODY} at (8,21.44) size 769x5912.44
      LayoutBlockFlow {H1} at (0,0) size 769x37
        LayoutText {#text} at (0,0) size 481x37
          text run at (0,0) width 481: "Vertical alignment and table height"
      LayoutBlockFlow {P} at (0,58.44) size 769x54
        LayoutText {#text} at (0,0) size 275x18
          text run at (0,0) width 275: "The following three tables have heights of "
        LayoutInline {CODE} at (0,0) size 32x15
          LayoutText {#text} at (274,2) size 32x15
            text run at (274,2) width 32: "auto"
        LayoutText {#text} at (305,0) size 9x18
          text run at (305,0) width 9: ", "
        LayoutInline {CODE} at (0,0) size 32x15
          LayoutText {#text} at (313,2) size 32x15
            text run at (313,2) width 32: "30px"
        LayoutText {#text} at (344,0) size 36x18
          text run at (344,0) width 36: ", and "
        LayoutInline {CODE} at (0,0) size 40x15
          LayoutText {#text} at (379,2) size 40x15
            text run at (379,2) width 40: "500px"
        LayoutText {#text} at (418,0) size 764x54
          text run at (418,0) width 9: ". "
          text run at (426,0) width 338: "The first one should have the height of the sum of its"
          text run at (0,18) width 40: "rows. "
          text run at (39,18) width 670: "The second and third can be handled however the browser wants, but there just here to make sure it does"
          text run at (0,36) width 144: "something reasonable."
      LayoutTable {TABLE} at (0,128.44) size 113x146
        LayoutTableSection {TBODY} at (0,0) size 113x146
          LayoutTableRow {TR} at (0,2) size 113x22
            LayoutTableCell {TD} at (2,2) size 35x22 [border: (1px solid #000000)] [r=0 c=0 rs=1 cs=1]
              LayoutText {#text} at (2,2) size 31x18
                text run at (2,2) width 31: "Data"
            LayoutTableCell {TD} at (39,2) size 35x22 [border: (1px solid #000000)] [r=0 c=1 rs=1 cs=1]
              LayoutText {#text} at (2,2) size 31x18
                text run at (2,2) width 31: "Data"
            LayoutTableCell {TD} at (76,2) size 35x22 [border: (1px solid #000000)] [r=0 c=2 rs=1 cs=1]
              LayoutText {#text} at (2,2) size 31x18
                text run at (2,2) width 31: "Data"
          LayoutTableRow {TR} at (0,26) size 113x22
            LayoutTableCell {TD} at (2,26) size 35x22 [border: (1px solid #000000)] [r=1 c=0 rs=1 cs=1]
              LayoutText {#text} at (2,2) size 31x18
                text run at (2,2) width 31: "Data"
            LayoutTableCell {TD} at (39,26) size 35x22 [border: (1px solid #000000)] [r=1 c=1 rs=1 cs=1]
              LayoutText {#text} at (2,2) size 31x18
                text run at (2,2) width 31: "Data"
            LayoutTableCell {TD} at (76,26) size 35x22 [border: (1px solid #000000)] [r=1 c=2 rs=1 cs=1]
              LayoutText {#text} at (2,2) size 31x18
                text run at (2,2) width 31: "Data"
          LayoutTableRow {TR} at (0,50) size 113x22
            LayoutTableCell {TD} at (2,50) size 35x22 [border: (1px solid #000000)] [r=2 c=0 rs=1 cs=1]
              LayoutText {#text} at (2,2) size 31x18
                text run at (2,2) width 31: "Data"
            LayoutTableCell {TD} at (39,50) size 35x22 [border: (1px solid #000000)] [r=2 c=1 rs=1 cs=1]
              LayoutText {#text} at (2,2) size 31x18
                text run at (2,2) width 31: "Data"
            LayoutTableCell {TD} at (76,50) size 35x22 [border: (1px solid #000000)] [r=2 c=2 rs=1 cs=1]
              LayoutText {#text} at (2,2) size 31x18
                text run at (2,2) width 31: "Data"
          LayoutTableRow {TR} at (0,74) size 113x22
            LayoutTableCell {TD} at (2,74) size 35x22 [border: (1px solid #000000)] [r=3 c=0 rs=1 cs=1]
              LayoutText {#text} at (2,2) size 31x18
                text run at (2,2) width 31: "Data"
            LayoutTableCell {TD} at (39,74) size 35x22 [border: (1px solid #000000)] [r=3 c=1 rs=1 cs=1]
              LayoutText {#text} at (2,2) size 31x18
                text run at (2,2) width 31: "Data"
            LayoutTableCell {TD} at (76,74) size 35x22 [border: (1px solid #000000)] [r=3 c=2 rs=1 cs=1]
              LayoutText {#text} at (2,2) size 31x18
                text run at (2,2) width 31: "Data"
          LayoutTableRow {TR} at (0,98) size 113x22
            LayoutTableCell {TD} at (2,98) size 35x22 [border: (1px solid #000000)] [r=4 c=0 rs=1 cs=1]
              LayoutText {#text} at (2,2) size 31x18
                text run at (2,2) width 31: "Data"
            LayoutTableCell {TD} at (39,98) size 35x22 [border: (1px solid #000000)] [r=4 c=1 rs=1 cs=1]
              LayoutText {#text} at (2,2) size 31x18
                text run at (2,2) width 31: "Data"
            LayoutTableCell {TD} at (76,98) size 35x22 [border: (1px solid #000000)] [r=4 c=2 rs=1 cs=1]
              LayoutText {#text} at (2,2) size 31x18
                text run at (2,2) width 31: "Data"
          LayoutTableRow {TR} at (0,122) size 113x22
            LayoutTableCell {TD} at (2,122) size 35x22 [border: (1px solid #000000)] [r=5 c=0 rs=1 cs=1]
              LayoutText {#text} at (2,2) size 31x18
                text run at (2,2) width 31: "Data"
            LayoutTableCell {TD} at (39,122) size 35x22 [border: (1px solid #000000)] [r=5 c=1 rs=1 cs=1]
              LayoutText {#text} at (2,2) size 31x18
                text run at (2,2) width 31: "Data"
            LayoutTableCell {TD} at (76,122) size 35x22 [border: (1px solid #000000)] [r=5 c=2 rs=1 cs=1]
              LayoutText {#text} at (2,2) size 31x18
                text run at (2,2) width 31: "Data"
      LayoutTable {TABLE} at (0,274.44) size 113x146
        LayoutTableSection {TBODY} at (0,0) size 113x146
          LayoutTableRow {TR} at (0,2) size 113x22
            LayoutTableCell {TD} at (2,2) size 35x22 [border: (1px solid #000000)] [r=0 c=0 rs=1 cs=1]
              LayoutText {#text} at (2,2) size 31x18
                text run at (2,2) width 31: "Data"
            LayoutTableCell {TD} at (39,2) size 35x22 [border: (1px solid #000000)] [r=0 c=1 rs=1 cs=1]
              LayoutText {#text} at (2,2) size 31x18
                text run at (2,2) width 31: "Data"
            LayoutTableCell {TD} at (76,2) size 35x22 [border: (1px solid #000000)] [r=0 c=2 rs=1 cs=1]
              LayoutText {#text} at (2,2) size 31x18
                text run at (2,2) width 31: "Data"
          LayoutTableRow {TR} at (0,26) size 113x22
            LayoutTableCell {TD} at (2,26) size 35x22 [border: (1px solid #000000)] [r=1 c=0 rs=1 cs=1]
              LayoutText {#text} at (2,2) size 31x18
                text run at (2,2) width 31: "Data"
            LayoutTableCell {TD} at (39,26) size 35x22 [border: (1px solid #000000)] [r=1 c=1 rs=1 cs=1]
              LayoutText {#text} at (2,2) size 31x18
                text run at (2,2) width 31: "Data"
            LayoutTableCell {TD} at (76,26) size 35x22 [border: (1px solid #000000)] [r=1 c=2 rs=1 cs=1]
              LayoutText {#text} at (2,2) size 31x18
                text run at (2,2) width 31: "Data"
          LayoutTableRow {TR} at (0,50) size 113x22
            LayoutTableCell {TD} at (2,50) size 35x22 [border: (1px solid #000000)] [r=2 c=0 rs=1 cs=1]
              LayoutText {#text} at (2,2) size 31x18
                text run at (2,2) width 31: "Data"
            LayoutTableCell {TD} at (39,50) size 35x22 [border: (1px solid #000000)] [r=2 c=1 rs=1 cs=1]
              LayoutText {#text} at (2,2) size 31x18
                text run at (2,2) width 31: "Data"
            LayoutTableCell {TD} at (76,50) size 35x22 [border: (1px solid #000000)] [r=2 c=2 rs=1 cs=1]
              LayoutText {#text} at (2,2) size 31x18
                text run at (2,2) width 31: "Data"
          LayoutTableRow {TR} at (0,74) size 113x22
            LayoutTableCell {TD} at (2,74) size 35x22 [border: (1px solid #000000)] [r=3 c=0 rs=1 cs=1]
              LayoutText {#text} at (2,2) size 31x18
                text run at (2,2) width 31: "Data"
            LayoutTableCell {TD} at (39,74) size 35x22 [border: (1px solid #000000)] [r=3 c=1 rs=1 cs=1]
              LayoutText {#text} at (2,2) size 31x18
                text run at (2,2) width 31: "Data"
            LayoutTableCell {TD} at (76,74) size 35x22 [border: (1px solid #000000)] [r=3 c=2 rs=1 cs=1]
              LayoutText {#text} at (2,2) size 31x18
                text run at (2,2) width 31: "Data"
          LayoutTableRow {TR} at (0,98) size 113x22
            LayoutTableCell {TD} at (2,98) size 35x22 [border: (1px solid #000000)] [r=4 c=0 rs=1 cs=1]
              LayoutText {#text} at (2,2) size 31x18
                text run at (2,2) width 31: "Data"
            LayoutTableCell {TD} at (39,98) size 35x22 [border: (1px solid #000000)] [r=4 c=1 rs=1 cs=1]
              LayoutText {#text} at (2,2) size 31x18
                text run at (2,2) width 31: "Data"
            LayoutTableCell {TD} at (76,98) size 35x22 [border: (1px solid #000000)] [r=4 c=2 rs=1 cs=1]
              LayoutText {#text} at (2,2) size 31x18
                text run at (2,2) width 31: "Data"
          LayoutTableRow {TR} at (0,122) size 113x22
            LayoutTableCell {TD} at (2,122) size 35x22 [border: (1px solid #000000)] [r=5 c=0 rs=1 cs=1]
              LayoutText {#text} at (2,2) size 31x18
                text run at (2,2) width 31: "Data"
            LayoutTableCell {TD} at (39,122) size 35x22 [border: (1px solid #000000)] [r=5 c=1 rs=1 cs=1]
              LayoutText {#text} at (2,2) size 31x18
                text run at (2,2) width 31: "Data"
            LayoutTableCell {TD} at (76,122) size 35x22 [border: (1px solid #000000)] [r=5 c=2 rs=1 cs=1]
              LayoutText {#text} at (2,2) size 31x18
                text run at (2,2) width 31: "Data"
      LayoutTable {TABLE} at (0,420.44) size 113x500
        LayoutTableSection {TBODY} at (0,0) size 113x500
          LayoutTableRow {TR} at (0,2) size 113x81
            LayoutTableCell {TD} at (2,31) size 35x22 [border: (1px solid #000000)] [r=0 c=0 rs=1 cs=1]
              LayoutText {#text} at (2,2) size 31x18
                text run at (2,2) width 31: "Data"
            LayoutTableCell {TD} at (39,31) size 35x22 [border: (1px solid #000000)] [r=0 c=1 rs=1 cs=1]
              LayoutText {#text} at (2,2) size 31x18
                text run at (2,2) width 31: "Data"
            LayoutTableCell {TD} at (76,31) size 35x22 [border: (1px solid #000000)] [r=0 c=2 rs=1 cs=1]
              LayoutText {#text} at (2,2) size 31x18
                text run at (2,2) width 31: "Data"
          LayoutTableRow {TR} at (0,85) size 113x81
            LayoutTableCell {TD} at (2,114) size 35x22 [border: (1px solid #000000)] [r=1 c=0 rs=1 cs=1]
              LayoutText {#text} at (2,2) size 31x18
                text run at (2,2) width 31: "Data"
            LayoutTableCell {TD} at (39,114) size 35x22 [border: (1px solid #000000)] [r=1 c=1 rs=1 cs=1]
              LayoutText {#text} at (2,2) size 31x18
                text run at (2,2) width 31: "Data"
            LayoutTableCell {TD} at (76,114) size 35x22 [border: (1px solid #000000)] [r=1 c=2 rs=1 cs=1]
              LayoutText {#text} at (2,2) size 31x18
                text run at (2,2) width 31: "Data"
          LayoutTableRow {TR} at (0,168) size 113x81
            LayoutTableCell {TD} at (2,197) size 35x22 [border: (1px solid #000000)] [r=2 c=0 rs=1 cs=1]
              LayoutText {#text} at (2,2) size 31x18
                text run at (2,2) width 31: "Data"
            LayoutTableCell {TD} at (39,197) size 35x22 [border: (1px solid #000000)] [r=2 c=1 rs=1 cs=1]
              LayoutText {#text} at (2,2) size 31x18
                text run at (2,2) width 31: "Data"
            LayoutTableCell {TD} at (76,197) size 35x22 [border: (1px solid #000000)] [r=2 c=2 rs=1 cs=1]
              LayoutText {#text} at (2,2) size 31x18
                text run at (2,2) width 31: "Data"
          LayoutTableRow {TR} at (0,251) size 113x81
            LayoutTableCell {TD} at (2,280) size 35x22 [border: (1px solid #000000)] [r=3 c=0 rs=1 cs=1]
              LayoutText {#text} at (2,2) size 31x18
                text run at (2,2) width 31: "Data"
            LayoutTableCell {TD} at (39,280) size 35x22 [border: (1px solid #000000)] [r=3 c=1 rs=1 cs=1]
              LayoutText {#text} at (2,2) size 31x18
                text run at (2,2) width 31: "Data"
            LayoutTableCell {TD} at (76,280) size 35x22 [border: (1px solid #000000)] [r=3 c=2 rs=1 cs=1]
              LayoutText {#text} at (2,2) size 31x18
                text run at (2,2) width 31: "Data"
          LayoutTableRow {TR} at (0,334) size 113x81
            LayoutTableCell {TD} at (2,363) size 35x22 [border: (1px solid #000000)] [r=4 c=0 rs=1 cs=1]
              LayoutText {#text} at (2,2) size 31x18
                text run at (2,2) width 31: "Data"
            LayoutTableCell {TD} at (39,363) size 35x22 [border: (1px solid #000000)] [r=4 c=1 rs=1 cs=1]
              LayoutText {#text} at (2,2) size 31x18
                text run at (2,2) width 31: "Data"
            LayoutTableCell {TD} at (76,363) size 35x22 [border: (1px solid #000000)] [r=4 c=2 rs=1 cs=1]
              LayoutText {#text} at (2,2) size 31x18
                text run at (2,2) width 31: "Data"
          LayoutTableRow {TR} at (0,417) size 113x81
            LayoutTableCell {TD} at (2,446) size 35x22 [border: (1px solid #000000)] [r=5 c=0 rs=1 cs=1]
              LayoutText {#text} at (2,2) size 31x18
                text run at (2,2) width 31: "Data"
            LayoutTableCell {TD} at (39,446) size 35x22 [border: (1px solid #000000)] [r=5 c=1 rs=1 cs=1]
              LayoutText {#text} at (2,2) size 31x18
                text run at (2,2) width 31: "Data"
            LayoutTableCell {TD} at (76,446) size 35x22 [border: (1px solid #000000)] [r=5 c=2 rs=1 cs=1]
              LayoutText {#text} at (2,2) size 31x18
                text run at (2,2) width 31: "Data"
      LayoutBlockFlow {P} at (0,936.44) size 769x36
        LayoutText {#text} at (0,0) size 747x36
          text run at (0,0) width 238: "These tables test percentage heights. "
          text run at (237,0) width 510: "The first should be its natural height; the second should be 50% of the height of"
          text run at (0,18) width 209: "the div (600px), which is 300px."
      LayoutTable {TABLE} at (0,988.44) size 113x146
        LayoutTableSection {TBODY} at (0,0) size 113x146
          LayoutTableRow {TR} at (0,2) size 113x22
            LayoutTableCell {TD} at (2,2) size 35x22 [border: (1px solid #000000)] [r=0 c=0 rs=1 cs=1]
              LayoutText {#text} at (2,2) size 31x18
                text run at (2,2) width 31: "Data"
            LayoutTableCell {TD} at (39,2) size 35x22 [border: (1px solid #000000)] [r=0 c=1 rs=1 cs=1]
              LayoutText {#text} at (2,2) size 31x18
                text run at (2,2) width 31: "Data"
            LayoutTableCell {TD} at (76,2) size 35x22 [border: (1px solid #000000)] [r=0 c=2 rs=1 cs=1]
              LayoutText {#text} at (2,2) size 31x18
                text run at (2,2) width 31: "Data"
          LayoutTableRow {TR} at (0,26) size 113x22
            LayoutTableCell {TD} at (2,26) size 35x22 [border: (1px solid #000000)] [r=1 c=0 rs=1 cs=1]
              LayoutText {#text} at (2,2) size 31x18
                text run at (2,2) width 31: "Data"
            LayoutTableCell {TD} at (39,26) size 35x22 [border: (1px solid #000000)] [r=1 c=1 rs=1 cs=1]
              LayoutText {#text} at (2,2) size 31x18
                text run at (2,2) width 31: "Data"
            LayoutTableCell {TD} at (76,26) size 35x22 [border: (1px solid #000000)] [r=1 c=2 rs=1 cs=1]
              LayoutText {#text} at (2,2) size 31x18
                text run at (2,2) width 31: "Data"
          LayoutTableRow {TR} at (0,50) size 113x22
            LayoutTableCell {TD} at (2,50) size 35x22 [border: (1px solid #000000)] [r=2 c=0 rs=1 cs=1]
              LayoutText {#text} at (2,2) size 31x18
                text run at (2,2) width 31: "Data"
            LayoutTableCell {TD} at (39,50) size 35x22 [border: (1px solid #000000)] [r=2 c=1 rs=1 cs=1]
              LayoutText {#text} at (2,2) size 31x18
                text run at (2,2) width 31: "Data"
            LayoutTableCell {TD} at (76,50) size 35x22 [border: (1px solid #000000)] [r=2 c=2 rs=1 cs=1]
              LayoutText {#text} at (2,2) size 31x18
                text run at (2,2) width 31: "Data"
          LayoutTableRow {TR} at (0,74) size 113x22
            LayoutTableCell {TD} at (2,74) size 35x22 [border: (1px solid #000000)] [r=3 c=0 rs=1 cs=1]
              LayoutText {#text} at (2,2) size 31x18
                text run at (2,2) width 31: "Data"
            LayoutTableCell {TD} at (39,74) size 35x22 [border: (1px solid #000000)] [r=3 c=1 rs=1 cs=1]
              LayoutText {#text} at (2,2) size 31x18
                text run at (2,2) width 31: "Data"
            LayoutTableCell {TD} at (76,74) size 35x22 [border: (1px solid #000000)] [r=3 c=2 rs=1 cs=1]
              LayoutText {#text} at (2,2) size 31x18
                text run at (2,2) width 31: "Data"
          LayoutTableRow {TR} at (0,98) size 113x22
            LayoutTableCell {TD} at (2,98) size 35x22 [border: (1px solid #000000)] [r=4 c=0 rs=1 cs=1]
              LayoutText {#text} at (2,2) size 31x18
                text run at (2,2) width 31: "Data"
            LayoutTableCell {TD} at (39,98) size 35x22 [border: (1px solid #000000)] [r=4 c=1 rs=1 cs=1]
              LayoutText {#text} at (2,2) size 31x18
                text run at (2,2) width 31: "Data"
            LayoutTableCell {TD} at (76,98) size 35x22 [border: (1px solid #000000)] [r=4 c=2 rs=1 cs=1]
              LayoutText {#text} at (2,2) size 31x18
                text run at (2,2) width 31: "Data"
          LayoutTableRow {TR} at (0,122) size 113x22
            LayoutTableCell {TD} at (2,122) size 35x22 [border: (1px solid #000000)] [r=5 c=0 rs=1 cs=1]
              LayoutText {#text} at (2,2) size 31x18
                text run at (2,2) width 31: "Data"
            LayoutTableCell {TD} at (39,122) size 35x22 [border: (1px solid #000000)] [r=5 c=1 rs=1 cs=1]
              LayoutText {#text} at (2,2) size 31x18
                text run at (2,2) width 31: "Data"
            LayoutTableCell {TD} at (76,122) size 35x22 [border: (1px solid #000000)] [r=5 c=2 rs=1 cs=1]
              LayoutText {#text} at (2,2) size 31x18
                text run at (2,2) width 31: "Data"
      LayoutBlockFlow {DIV} at (0,1134.44) size 769x606 [border: (3px solid #800080)]
        LayoutTable {TABLE} at (3,3) size 113x300
          LayoutTableSection {TBODY} at (0,0) size 113x300
            LayoutTableRow {TR} at (0,2) size 113x47
              LayoutTableCell {TD} at (2,14) size 35x22 [border: (1px solid #000000)] [r=0 c=0 rs=1 cs=1]
                LayoutText {#text} at (2,2) size 31x18
                  text run at (2,2) width 31: "Data"
              LayoutTableCell {TD} at (39,14) size 35x22 [border: (1px solid #000000)] [r=0 c=1 rs=1 cs=1]
                LayoutText {#text} at (2,2) size 31x18
                  text run at (2,2) width 31: "Data"
              LayoutTableCell {TD} at (76,14) size 35x22 [border: (1px solid #000000)] [r=0 c=2 rs=1 cs=1]
                LayoutText {#text} at (2,2) size 31x18
                  text run at (2,2) width 31: "Data"
            LayoutTableRow {TR} at (0,51) size 113x47
              LayoutTableCell {TD} at (2,63) size 35x22 [border: (1px solid #000000)] [r=1 c=0 rs=1 cs=1]
                LayoutText {#text} at (2,2) size 31x18
                  text run at (2,2) width 31: "Data"
              LayoutTableCell {TD} at (39,63) size 35x22 [border: (1px solid #000000)] [r=1 c=1 rs=1 cs=1]
                LayoutText {#text} at (2,2) size 31x18
                  text run at (2,2) width 31: "Data"
              LayoutTableCell {TD} at (76,63) size 35x22 [border: (1px solid #000000)] [r=1 c=2 rs=1 cs=1]
                LayoutText {#text} at (2,2) size 31x18
                  text run at (2,2) width 31: "Data"
            LayoutTableRow {TR} at (0,100) size 113x48
              LayoutTableCell {TD} at (2,113) size 35x22 [border: (1px solid #000000)] [r=2 c=0 rs=1 cs=1]
                LayoutText {#text} at (2,2) size 31x18
                  text run at (2,2) width 31: "Data"
              LayoutTableCell {TD} at (39,113) size 35x22 [border: (1px solid #000000)] [r=2 c=1 rs=1 cs=1]
                LayoutText {#text} at (2,2) size 31x18
                  text run at (2,2) width 31: "Data"
              LayoutTableCell {TD} at (76,113) size 35x22 [border: (1px solid #000000)] [r=2 c=2 rs=1 cs=1]
                LayoutText {#text} at (2,2) size 31x18
                  text run at (2,2) width 31: "Data"
            LayoutTableRow {TR} at (0,150) size 113x48
              LayoutTableCell {TD} at (2,163) size 35x22 [border: (1px solid #000000)] [r=3 c=0 rs=1 cs=1]
                LayoutText {#text} at (2,2) size 31x18
                  text run at (2,2) width 31: "Data"
              LayoutTableCell {TD} at (39,163) size 35x22 [border: (1px solid #000000)] [r=3 c=1 rs=1 cs=1]
                LayoutText {#text} at (2,2) size 31x18
                  text run at (2,2) width 31: "Data"
              LayoutTableCell {TD} at (76,163) size 35x22 [border: (1px solid #000000)] [r=3 c=2 rs=1 cs=1]
                LayoutText {#text} at (2,2) size 31x18
                  text run at (2,2) width 31: "Data"
            LayoutTableRow {TR} at (0,200) size 113x48
              LayoutTableCell {TD} at (2,213) size 35x22 [border: (1px solid #000000)] [r=4 c=0 rs=1 cs=1]
                LayoutText {#text} at (2,2) size 31x18
                  text run at (2,2) width 31: "Data"
              LayoutTableCell {TD} at (39,213) size 35x22 [border: (1px solid #000000)] [r=4 c=1 rs=1 cs=1]
                LayoutText {#text} at (2,2) size 31x18
                  text run at (2,2) width 31: "Data"
              LayoutTableCell {TD} at (76,213) size 35x22 [border: (1px solid #000000)] [r=4 c=2 rs=1 cs=1]
                LayoutText {#text} at (2,2) size 31x18
                  text run at (2,2) width 31: "Data"
            LayoutTableRow {TR} at (0,250) size 113x48
              LayoutTableCell {TD} at (2,263) size 35x22 [border: (1px solid #000000)] [r=5 c=0 rs=1 cs=1]
                LayoutText {#text} at (2,2) size 31x18
                  text run at (2,2) width 31: "Data"
              LayoutTableCell {TD} at (39,263) size 35x22 [border: (1px solid #000000)] [r=5 c=1 rs=1 cs=1]
                LayoutText {#text} at (2,2) size 31x18
                  text run at (2,2) width 31: "Data"
              LayoutTableCell {TD} at (76,263) size 35x22 [border: (1px solid #000000)] [r=5 c=2 rs=1 cs=1]
                LayoutText {#text} at (2,2) size 31x18
                  text run at (2,2) width 31: "Data"
      LayoutBlockFlow {P} at (0,1756.44) size 769x54
        LayoutText {#text} at (0,0) size 154x18
          text run at (0,0) width 154: "The following tests test "
        LayoutInline {CODE} at (0,0) size 48x15
          LayoutText {#text} at (153,2) size 48x15
            text run at (153,2) width 48: "height"
        LayoutText {#text} at (200,0) size 170x18
          text run at (200,0) width 170: " on table rows. A value of "
        LayoutInline {CODE} at (0,0) size 32x15
          LayoutText {#text} at (369,2) size 32x15
            text run at (369,2) width 32: "auto"
        LayoutText {#text} at (400,0) size 761x54
          text run at (400,0) width 325: " requires the minimum height needed by the cells. "
          text run at (724,0) width 25: "In a"
          text run at (0,18) width 761: "simple case, this is just the height of the tallest cell (excluding the increased padding, of course, since with the padding"
          text run at (0,36) width 202: "the cells have the same height):"
      LayoutTable {TABLE} at (0,1826.44) size 113x44
        LayoutTableSection {TBODY} at (0,0) size 113x44
          LayoutTableRow {TR} at (0,2) size 113x40
            LayoutTableCell {TD} at (2,11) size 35x22 [border: (1px solid #000000)] [r=0 c=0 rs=1 cs=1]
              LayoutText {#text} at (2,2) size 31x18
                text run at (2,2) width 31: "Data"
            LayoutTableCell {TD} at (39,2) size 35x40 [border: (1px solid #000000)] [r=0 c=1 rs=1 cs=1]
              LayoutText {#text} at (2,2) size 31x18
                text run at (2,2) width 31: "Data"
              LayoutBR {BR} at (32,2) size 1x18
              LayoutText {#text} at (2,20) size 31x18
                text run at (2,20) width 31: "Data"
            LayoutTableCell {TD} at (76,11) size 35x22 [border: (1px solid #000000)] [r=0 c=2 rs=1 cs=1]
              LayoutText {#text} at (2,2) size 31x18
                text run at (2,2) width 31: "Data"
      LayoutBlockFlow {P} at (0,1886.44) size 769x36
        LayoutText {#text} at (0,0) size 218x18
          text run at (0,0) width 218: "However, vertical-align values of "
        LayoutInline {CODE} at (0,0) size 63x15
          LayoutText {#text} at (217,2) size 63x15
            text run at (217,2) width 63: "baseline"
        LayoutText {#text} at (279,0) size 760x36
          text run at (279,0) width 481: " (the default, but could be overridden in a UA stylesheet) can make it taller"
          text run at (0,18) width 60: "than that:"
      LayoutTable {TABLE} at (0,1938.44) size 293x144
        LayoutTableSection {TBODY} at (0,0) size 293x144
          LayoutTableRow {TR} at (0,2) size 293x140
            LayoutTableCell {TD} at (2,46) size 35x22 [border: (1px solid #000000)] [r=0 c=0 rs=1 cs=1]
              LayoutText {#text} at (2,2) size 31x18
                text run at (2,2) width 31: "Data"
            LayoutTableCell {TD} at (39,2) size 125x96 [border: (1px solid #000000)] [r=0 c=1 rs=1 cs=1]
              LayoutInline {SPAN} at (0,0) size 121x74
                LayoutText {#text} at (2,2) size 121x74
                  text run at (2,2) width 121: "Data"
              LayoutBR {BR} at (122,46) size 1x18
              LayoutText {#text} at (2,76) size 31x18
                text run at (2,76) width 31: "Data"
            LayoutTableCell {TD} at (166,46) size 125x96 [border: (1px solid #000000)] [r=0 c=2 rs=1 cs=1]
              LayoutText {#text} at (2,2) size 31x18
                text run at (2,2) width 31: "Data"
              LayoutBR {BR} at (32,2) size 1x18
              LayoutInline {SPAN} at (0,0) size 121x74
                LayoutText {#text} at (2,20) size 121x74
                  text run at (2,20) width 121: "Data"
      LayoutBlockFlow {P} at (0,2098.44) size 769x18
        LayoutText {#text} at (0,0) size 537x18
          text run at (0,0) width 537: "The exact same thing should happen when the given height for the row is too small:"
      LayoutTable {TABLE} at (0,2132.44) size 293x144
        LayoutTableSection {TBODY} at (0,0) size 293x144
          LayoutTableRow {TR} at (0,2) size 293x140
            LayoutTableCell {TD} at (2,46) size 35x22 [border: (1px solid #000000)] [r=0 c=0 rs=1 cs=1]
              LayoutText {#text} at (2,2) size 31x18
                text run at (2,2) width 31: "Data"
            LayoutTableCell {TD} at (39,2) size 125x96 [border: (1px solid #000000)] [r=0 c=1 rs=1 cs=1]
              LayoutInline {SPAN} at (0,0) size 121x74
                LayoutText {#text} at (2,2) size 121x74
                  text run at (2,2) width 121: "Data"
              LayoutBR {BR} at (122,46) size 1x18
              LayoutText {#text} at (2,76) size 31x18
                text run at (2,76) width 31: "Data"
            LayoutTableCell {TD} at (166,46) size 125x96 [border: (1px solid #000000)] [r=0 c=2 rs=1 cs=1]
              LayoutText {#text} at (2,2) size 31x18
                text run at (2,2) width 31: "Data"
              LayoutBR {BR} at (32,2) size 1x18
              LayoutInline {SPAN} at (0,0) size 121x74
                LayoutText {#text} at (2,20) size 121x74
                  text run at (2,20) width 121: "Data"
      LayoutBlockFlow {P} at (0,2292.44) size 769x36
        LayoutText {#text} at (0,0) size 756x36
          text run at (0,0) width 756: "Padding should also be able to increase the height (here the first cell has 20px padding-top and the second has 20px of"
          text run at (0,18) width 112: "padding-bottom):"
      LayoutTable {TABLE} at (0,2344.44) size 113x45
        LayoutTableSection {TBODY} at (0,0) size 113x45
          LayoutTableRow {TR} at (0,2) size 113x41
            LayoutTableCell {TD} at (2,2) size 35x41 [border: (1px solid #000000)] [r=0 c=0 rs=1 cs=1]
              LayoutText {#text} at (2,21) size 31x18
                text run at (2,21) width 31: "Data"
            LayoutTableCell {TD} at (39,2) size 35x41 [border: (1px solid #000000)] [r=0 c=1 rs=1 cs=1]
              LayoutText {#text} at (2,2) size 31x18
                text run at (2,2) width 31: "Data"
            LayoutTableCell {TD} at (76,11) size 35x22 [border: (1px solid #000000)] [r=0 c=2 rs=1 cs=1]
              LayoutText {#text} at (2,2) size 31x18
                text run at (2,2) width 31: "Data"
      LayoutTable {TABLE} at (0,2389.44) size 113x45
        LayoutTableSection {TBODY} at (0,0) size 113x45
          LayoutTableRow {TR} at (0,2) size 113x41
            LayoutTableCell {TD} at (2,2) size 35x41 [border: (1px solid #000000)] [r=0 c=0 rs=1 cs=1]
              LayoutText {#text} at (2,21) size 31x18
                text run at (2,21) width 31: "Data"
            LayoutTableCell {TD} at (39,2) size 35x41 [border: (1px solid #000000)] [r=0 c=1 rs=1 cs=1]
              LayoutText {#text} at (2,2) size 31x18
                text run at (2,2) width 31: "Data"
            LayoutTableCell {TD} at (76,11) size 35x22 [border: (1px solid #000000)] [r=0 c=2 rs=1 cs=1]
              LayoutText {#text} at (2,2) size 31x18
                text run at (2,2) width 31: "Data"
      LayoutBlockFlow {P} at (0,2450.44) size 769x36
        LayoutText {#text} at (0,0) size 764x36
          text run at (0,0) width 488: "These two tables should be 200px tall, because of a height on the table row. "
          text run at (487,0) width 277: "The second one should have its second and"
          text run at (0,18) width 452: "third cell's contents offset from the middle by 10px (bottom, then top):"
      LayoutTable {TABLE} at (0,2502.44) size 293x204
        LayoutTableSection {TBODY} at (0,0) size 293x204
          LayoutTableRow {TR} at (0,2) size 293x200
            LayoutTableCell {TD} at (2,46) size 35x22 [border: (1px solid #000000)] [r=0 c=0 rs=1 cs=1]
              LayoutText {#text} at (2,2) size 31x18
                text run at (2,2) width 31: "Data"
            LayoutTableCell {TD} at (39,2) size 125x96 [border: (1px solid #000000)] [r=0 c=1 rs=1 cs=1]
              LayoutInline {SPAN} at (0,0) size 121x74
                LayoutText {#text} at (2,2) size 121x74
                  text run at (2,2) width 121: "Data"
              LayoutBR {BR} at (122,46) size 1x18
              LayoutText {#text} at (2,76) size 31x18
                text run at (2,76) width 31: "Data"
            LayoutTableCell {TD} at (166,46) size 125x96 [border: (1px solid #000000)] [r=0 c=2 rs=1 cs=1]
              LayoutText {#text} at (2,2) size 31x18
                text run at (2,2) width 31: "Data"
              LayoutBR {BR} at (32,2) size 1x18
              LayoutInline {SPAN} at (0,0) size 121x74
                LayoutText {#text} at (2,20) size 121x74
                  text run at (2,20) width 121: "Data"
      LayoutTable {TABLE} at (0,2706.44) size 113x204
        LayoutTableSection {TBODY} at (0,0) size 113x204
          LayoutTableRow {TR} at (0,2) size 113x200
            LayoutTableCell {TD} at (2,81) size 35x41 [border: (1px solid #000000)] [r=0 c=0 rs=1 cs=1]
              LayoutText {#text} at (2,21) size 31x18
                text run at (2,21) width 31: "Data"
            LayoutTableCell {TD} at (39,81) size 35x41 [border: (1px solid #000000)] [r=0 c=1 rs=1 cs=1]
              LayoutText {#text} at (2,2) size 31x18
                text run at (2,2) width 31: "Data"
            LayoutTableCell {TD} at (76,91) size 35x22 [border: (1px solid #000000)] [r=0 c=2 rs=1 cs=1]
              LayoutText {#text} at (2,2) size 31x18
                text run at (2,2) width 31: "Data"
      LayoutBlockFlow {P} at (0,2926.44) size 769x36
        LayoutText {#text} at (0,0) size 732x36
          text run at (0,0) width 527: "The behavior of percentage heights on table-row or table-row-group is undefined. "
          text run at (526,0) width 206: "However, I think they should be"
          text run at (0,18) width 283: "ignored, so these tables should look normal:"
      LayoutTable {TABLE} at (0,2978.44) size 113x74
        LayoutTableSection {TBODY} at (0,0) size 113x74
          LayoutTableRow {TR} at (0,2) size 113x22
            LayoutTableCell {TD} at (2,2) size 35x22 [border: (1px solid #000000)] [r=0 c=0 rs=1 cs=1]
              LayoutText {#text} at (2,2) size 31x18
                text run at (2,2) width 31: "Data"
            LayoutTableCell {TD} at (39,2) size 35x22 [border: (1px solid #000000)] [r=0 c=1 rs=1 cs=1]
              LayoutText {#text} at (2,2) size 31x18
                text run at (2,2) width 31: "Data"
            LayoutTableCell {TD} at (76,2) size 35x22 [border: (1px solid #000000)] [r=0 c=2 rs=1 cs=1]
              LayoutText {#text} at (2,2) size 31x18
                text run at (2,2) width 31: "Data"
          LayoutTableRow {TR} at (0,26) size 113x22
            LayoutTableCell {TD} at (2,26) size 35x22 [border: (1px solid #000000)] [r=1 c=0 rs=1 cs=1]
              LayoutText {#text} at (2,2) size 31x18
                text run at (2,2) width 31: "Data"
            LayoutTableCell {TD} at (39,26) size 35x22 [border: (1px solid #000000)] [r=1 c=1 rs=1 cs=1]
              LayoutText {#text} at (2,2) size 31x18
                text run at (2,2) width 31: "Data"
            LayoutTableCell {TD} at (76,26) size 35x22 [border: (1px solid #000000)] [r=1 c=2 rs=1 cs=1]
              LayoutText {#text} at (2,2) size 31x18
                text run at (2,2) width 31: "Data"
          LayoutTableRow {TR} at (0,50) size 113x22
            LayoutTableCell {TD} at (2,50) size 35x22 [border: (1px solid #000000)] [r=2 c=0 rs=1 cs=1]
              LayoutText {#text} at (2,2) size 31x18
                text run at (2,2) width 31: "Data"
            LayoutTableCell {TD} at (39,50) size 35x22 [border: (1px solid #000000)] [r=2 c=1 rs=1 cs=1]
              LayoutText {#text} at (2,2) size 31x18
                text run at (2,2) width 31: "Data"
            LayoutTableCell {TD} at (76,50) size 35x22 [border: (1px solid #000000)] [r=2 c=2 rs=1 cs=1]
              LayoutText {#text} at (2,2) size 31x18
                text run at (2,2) width 31: "Data"
      LayoutTable {TABLE} at (0,3052.44) size 113x74
        LayoutTableSection {TBODY} at (0,0) size 113x74
          LayoutTableRow {TR} at (0,2) size 113x22
            LayoutTableCell {TD} at (2,2) size 35x22 [border: (1px solid #000000)] [r=0 c=0 rs=1 cs=1]
              LayoutText {#text} at (2,2) size 31x18
                text run at (2,2) width 31: "Data"
            LayoutTableCell {TD} at (39,2) size 35x22 [border: (1px solid #000000)] [r=0 c=1 rs=1 cs=1]
              LayoutText {#text} at (2,2) size 31x18
                text run at (2,2) width 31: "Data"
            LayoutTableCell {TD} at (76,2) size 35x22 [border: (1px solid #000000)] [r=0 c=2 rs=1 cs=1]
              LayoutText {#text} at (2,2) size 31x18
                text run at (2,2) width 31: "Data"
          LayoutTableRow {TR} at (0,26) size 113x22
            LayoutTableCell {TD} at (2,26) size 35x22 [border: (1px solid #000000)] [r=1 c=0 rs=1 cs=1]
              LayoutText {#text} at (2,2) size 31x18
                text run at (2,2) width 31: "Data"
            LayoutTableCell {TD} at (39,26) size 35x22 [border: (1px solid #000000)] [r=1 c=1 rs=1 cs=1]
              LayoutText {#text} at (2,2) size 31x18
                text run at (2,2) width 31: "Data"
            LayoutTableCell {TD} at (76,26) size 35x22 [border: (1px solid #000000)] [r=1 c=2 rs=1 cs=1]
              LayoutText {#text} at (2,2) size 31x18
                text run at (2,2) width 31: "Data"
          LayoutTableRow {TR} at (0,50) size 113x22
            LayoutTableCell {TD} at (2,50) size 35x22 [border: (1px solid #000000)] [r=2 c=0 rs=1 cs=1]
              LayoutText {#text} at (2,2) size 31x18
                text run at (2,2) width 31: "Data"
            LayoutTableCell {TD} at (39,50) size 35x22 [border: (1px solid #000000)] [r=2 c=1 rs=1 cs=1]
              LayoutText {#text} at (2,2) size 31x18
                text run at (2,2) width 31: "Data"
            LayoutTableCell {TD} at (76,50) size 35x22 [border: (1px solid #000000)] [r=2 c=2 rs=1 cs=1]
              LayoutText {#text} at (2,2) size 31x18
                text run at (2,2) width 31: "Data"
      LayoutTable {TABLE} at (0,3126.44) size 113x170
        LayoutTableSection {THEAD} at (0,0) size 113x50
          LayoutTableRow {TR} at (0,2) size 113x22
            LayoutTableCell {TD} at (2,2) size 35x22 [border: (1px solid #000000)] [r=0 c=0 rs=1 cs=1]
              LayoutText {#text} at (2,2) size 31x18
                text run at (2,2) width 31: "Data"
            LayoutTableCell {TD} at (39,2) size 35x22 [border: (1px solid #000000)] [r=0 c=1 rs=1 cs=1]
              LayoutText {#text} at (2,2) size 31x18
                text run at (2,2) width 31: "Data"
            LayoutTableCell {TD} at (76,2) size 35x22 [border: (1px solid #000000)] [r=0 c=2 rs=1 cs=1]
              LayoutText {#text} at (2,2) size 31x18
                text run at (2,2) width 31: "Data"
          LayoutTableRow {TR} at (0,26) size 113x22
            LayoutTableCell {TD} at (2,26) size 35x22 [border: (1px solid #000000)] [r=1 c=0 rs=1 cs=1]
              LayoutText {#text} at (2,2) size 31x18
                text run at (2,2) width 31: "Data"
            LayoutTableCell {TD} at (39,26) size 35x22 [border: (1px solid #000000)] [r=1 c=1 rs=1 cs=1]
              LayoutText {#text} at (2,2) size 31x18
                text run at (2,2) width 31: "Data"
            LayoutTableCell {TD} at (76,26) size 35x22 [border: (1px solid #000000)] [r=1 c=2 rs=1 cs=1]
              LayoutText {#text} at (2,2) size 31x18
                text run at (2,2) width 31: "Data"
        LayoutTableSection {TFOOT} at (0,122) size 113x48
          LayoutTableRow {TR} at (0,0) size 113x22
            LayoutTableCell {TD} at (2,0) size 35x22 [border: (1px solid #000000)] [r=0 c=0 rs=1 cs=1]
              LayoutText {#text} at (2,2) size 31x18
                text run at (2,2) width 31: "Data"
            LayoutTableCell {TD} at (39,0) size 35x22 [border: (1px solid #000000)] [r=0 c=1 rs=1 cs=1]
              LayoutText {#text} at (2,2) size 31x18
                text run at (2,2) width 31: "Data"
            LayoutTableCell {TD} at (76,0) size 35x22 [border: (1px solid #000000)] [r=0 c=2 rs=1 cs=1]
              LayoutText {#text} at (2,2) size 31x18
                text run at (2,2) width 31: "Data"
          LayoutTableRow {TR} at (0,24) size 113x22
            LayoutTableCell {TD} at (2,24) size 35x22 [border: (1px solid #000000)] [r=1 c=0 rs=1 cs=1]
              LayoutText {#text} at (2,2) size 31x18
                text run at (2,2) width 31: "Data"
            LayoutTableCell {TD} at (39,24) size 35x22 [border: (1px solid #000000)] [r=1 c=1 rs=1 cs=1]
              LayoutText {#text} at (2,2) size 31x18
                text run at (2,2) width 31: "Data"
            LayoutTableCell {TD} at (76,24) size 35x22 [border: (1px solid #000000)] [r=1 c=2 rs=1 cs=1]
              LayoutText {#text} at (2,2) size 31x18
                text run at (2,2) width 31: "Data"
        LayoutTableSection {TBODY} at (0,50) size 113x72
          LayoutTableRow {TR} at (0,0) size 113x22
            LayoutTableCell {TD} at (2,0) size 35x22 [border: (1px solid #000000)] [r=0 c=0 rs=1 cs=1]
              LayoutText {#text} at (2,2) size 31x18
                text run at (2,2) width 31: "Data"
            LayoutTableCell {TD} at (39,0) size 35x22 [border: (1px solid #000000)] [r=0 c=1 rs=1 cs=1]
              LayoutText {#text} at (2,2) size 31x18
                text run at (2,2) width 31: "Data"
            LayoutTableCell {TD} at (76,0) size 35x22 [border: (1px solid #000000)] [r=0 c=2 rs=1 cs=1]
              LayoutText {#text} at (2,2) size 31x18
                text run at (2,2) width 31: "Data"
          LayoutTableRow {TR} at (0,24) size 113x22
            LayoutTableCell {TD} at (2,24) size 35x22 [border: (1px solid #000000)] [r=1 c=0 rs=1 cs=1]
              LayoutText {#text} at (2,2) size 31x18
                text run at (2,2) width 31: "Data"
            LayoutTableCell {TD} at (39,24) size 35x22 [border: (1px solid #000000)] [r=1 c=1 rs=1 cs=1]
              LayoutText {#text} at (2,2) size 31x18
                text run at (2,2) width 31: "Data"
            LayoutTableCell {TD} at (76,24) size 35x22 [border: (1px solid #000000)] [r=1 c=2 rs=1 cs=1]
              LayoutText {#text} at (2,2) size 31x18
                text run at (2,2) width 31: "Data"
          LayoutTableRow {TR} at (0,48) size 113x22
            LayoutTableCell {TD} at (2,48) size 35x22 [border: (1px solid #000000)] [r=2 c=0 rs=1 cs=1]
              LayoutText {#text} at (2,2) size 31x18
                text run at (2,2) width 31: "Data"
            LayoutTableCell {TD} at (39,48) size 35x22 [border: (1px solid #000000)] [r=2 c=1 rs=1 cs=1]
              LayoutText {#text} at (2,2) size 31x18
                text run at (2,2) width 31: "Data"
            LayoutTableCell {TD} at (76,48) size 35x22 [border: (1px solid #000000)] [r=2 c=2 rs=1 cs=1]
              LayoutText {#text} at (2,2) size 31x18
                text run at (2,2) width 31: "Data"
      LayoutTable {TABLE} at (0,3296.44) size 113x170
        LayoutTableSection {THEAD} at (0,0) size 113x50
          LayoutTableRow {TR} at (0,2) size 113x22
            LayoutTableCell {TD} at (2,2) size 35x22 [border: (1px solid #000000)] [r=0 c=0 rs=1 cs=1]
              LayoutText {#text} at (2,2) size 31x18
                text run at (2,2) width 31: "Data"
            LayoutTableCell {TD} at (39,2) size 35x22 [border: (1px solid #000000)] [r=0 c=1 rs=1 cs=1]
              LayoutText {#text} at (2,2) size 31x18
                text run at (2,2) width 31: "Data"
            LayoutTableCell {TD} at (76,2) size 35x22 [border: (1px solid #000000)] [r=0 c=2 rs=1 cs=1]
              LayoutText {#text} at (2,2) size 31x18
                text run at (2,2) width 31: "Data"
          LayoutTableRow {TR} at (0,26) size 113x22
            LayoutTableCell {TD} at (2,26) size 35x22 [border: (1px solid #000000)] [r=1 c=0 rs=1 cs=1]
              LayoutText {#text} at (2,2) size 31x18
                text run at (2,2) width 31: "Data"
            LayoutTableCell {TD} at (39,26) size 35x22 [border: (1px solid #000000)] [r=1 c=1 rs=1 cs=1]
              LayoutText {#text} at (2,2) size 31x18
                text run at (2,2) width 31: "Data"
            LayoutTableCell {TD} at (76,26) size 35x22 [border: (1px solid #000000)] [r=1 c=2 rs=1 cs=1]
              LayoutText {#text} at (2,2) size 31x18
                text run at (2,2) width 31: "Data"
        LayoutTableSection {TFOOT} at (0,122) size 113x48
          LayoutTableRow {TR} at (0,0) size 113x22
            LayoutTableCell {TD} at (2,0) size 35x22 [border: (1px solid #000000)] [r=0 c=0 rs=1 cs=1]
              LayoutText {#text} at (2,2) size 31x18
                text run at (2,2) width 31: "Data"
            LayoutTableCell {TD} at (39,0) size 35x22 [border: (1px solid #000000)] [r=0 c=1 rs=1 cs=1]
              LayoutText {#text} at (2,2) size 31x18
                text run at (2,2) width 31: "Data"
            LayoutTableCell {TD} at (76,0) size 35x22 [border: (1px solid #000000)] [r=0 c=2 rs=1 cs=1]
              LayoutText {#text} at (2,2) size 31x18
                text run at (2,2) width 31: "Data"
          LayoutTableRow {TR} at (0,24) size 113x22
            LayoutTableCell {TD} at (2,24) size 35x22 [border: (1px solid #000000)] [r=1 c=0 rs=1 cs=1]
              LayoutText {#text} at (2,2) size 31x18
                text run at (2,2) width 31: "Data"
            LayoutTableCell {TD} at (39,24) size 35x22 [border: (1px solid #000000)] [r=1 c=1 rs=1 cs=1]
              LayoutText {#text} at (2,2) size 31x18
                text run at (2,2) width 31: "Data"
            LayoutTableCell {TD} at (76,24) size 35x22 [border: (1px solid #000000)] [r=1 c=2 rs=1 cs=1]
              LayoutText {#text} at (2,2) size 31x18
                text run at (2,2) width 31: "Data"
        LayoutTableSection {TBODY} at (0,50) size 113x72
          LayoutTableRow {TR} at (0,0) size 113x22
            LayoutTableCell {TD} at (2,0) size 35x22 [border: (1px solid #000000)] [r=0 c=0 rs=1 cs=1]
              LayoutText {#text} at (2,2) size 31x18
                text run at (2,2) width 31: "Data"
            LayoutTableCell {TD} at (39,0) size 35x22 [border: (1px solid #000000)] [r=0 c=1 rs=1 cs=1]
              LayoutText {#text} at (2,2) size 31x18
                text run at (2,2) width 31: "Data"
            LayoutTableCell {TD} at (76,0) size 35x22 [border: (1px solid #000000)] [r=0 c=2 rs=1 cs=1]
              LayoutText {#text} at (2,2) size 31x18
                text run at (2,2) width 31: "Data"
          LayoutTableRow {TR} at (0,24) size 113x22
            LayoutTableCell {TD} at (2,24) size 35x22 [border: (1px solid #000000)] [r=1 c=0 rs=1 cs=1]
              LayoutText {#text} at (2,2) size 31x18
                text run at (2,2) width 31: "Data"
            LayoutTableCell {TD} at (39,24) size 35x22 [border: (1px solid #000000)] [r=1 c=1 rs=1 cs=1]
              LayoutText {#text} at (2,2) size 31x18
                text run at (2,2) width 31: "Data"
            LayoutTableCell {TD} at (76,24) size 35x22 [border: (1px solid #000000)] [r=1 c=2 rs=1 cs=1]
              LayoutText {#text} at (2,2) size 31x18
                text run at (2,2) width 31: "Data"
          LayoutTableRow {TR} at (0,48) size 113x22
            LayoutTableCell {TD} at (2,48) size 35x22 [border: (1px solid #000000)] [r=2 c=0 rs=1 cs=1]
              LayoutText {#text} at (2,2) size 31x18
                text run at (2,2) width 31: "Data"
            LayoutTableCell {TD} at (39,48) size 35x22 [border: (1px solid #000000)] [r=2 c=1 rs=1 cs=1]
              LayoutText {#text} at (2,2) size 31x18
                text run at (2,2) width 31: "Data"
            LayoutTableCell {TD} at (76,48) size 35x22 [border: (1px solid #000000)] [r=2 c=2 rs=1 cs=1]
              LayoutText {#text} at (2,2) size 31x18
                text run at (2,2) width 31: "Data"
      LayoutBlockFlow {P} at (0,3482.44) size 769x18
        LayoutText {#text} at (0,0) size 498x18
          text run at (0,0) width 498: "The following table should look normal, since very small heights get ignored:"
      LayoutTable {TABLE} at (0,3516.44) size 113x26
        LayoutTableSection {TBODY} at (0,0) size 113x26
          LayoutTableRow {TR} at (0,2) size 113x22
            LayoutTableCell {TD} at (2,2) size 35x22 [border: (1px solid #000000)] [r=0 c=0 rs=1 cs=1]
              LayoutText {#text} at (2,2) size 31x18
                text run at (2,2) width 31: "Data"
            LayoutTableCell {TD} at (39,2) size 35x22 [border: (1px solid #000000)] [r=0 c=1 rs=1 cs=1]
              LayoutText {#text} at (2,2) size 31x18
                text run at (2,2) width 31: "Data"
            LayoutTableCell {TD} at (76,2) size 35x22 [border: (1px solid #000000)] [r=0 c=2 rs=1 cs=1]
              LayoutText {#text} at (2,2) size 31x18
                text run at (2,2) width 31: "Data"
      LayoutBlockFlow {P} at (0,3558.44) size 769x18
        LayoutText {#text} at (0,0) size 258x18
          text run at (0,0) width 258: "So should this one, for auto cell heights:"
      LayoutTable {TABLE} at (0,3592.44) size 113x26
        LayoutTableSection {TBODY} at (0,0) size 113x26
          LayoutTableRow {TR} at (0,2) size 113x22
            LayoutTableCell {TD} at (2,2) size 35x22 [border: (1px solid #000000)] [r=0 c=0 rs=1 cs=1]
              LayoutText {#text} at (2,2) size 31x18
                text run at (2,2) width 31: "Data"
            LayoutTableCell {TD} at (39,2) size 35x22 [border: (1px solid #000000)] [r=0 c=1 rs=1 cs=1]
              LayoutText {#text} at (2,2) size 31x18
                text run at (2,2) width 31: "Data"
            LayoutTableCell {TD} at (76,2) size 35x22 [border: (1px solid #000000)] [r=0 c=2 rs=1 cs=1]
              LayoutText {#text} at (2,2) size 31x18
                text run at (2,2) width 31: "Data"
      LayoutBlockFlow {P} at (0,3634.44) size 769x18
        LayoutText {#text} at (0,0) size 643x18
          text run at (0,0) width 643: "These tables should look the same - all cells should be 100px tall with the text at the top of the cells:"
      LayoutTable {TABLE} at (0,3668.44) size 113x108
        LayoutTableSection {TBODY} at (0,0) size 113x108
          LayoutTableRow {TR} at (0,2) size 113x104
            LayoutTableCell {TD} at (2,2) size 35x22 [border: (1px solid #000000)] [r=0 c=0 rs=1 cs=1]
              LayoutText {#text} at (2,2) size 31x18
                text run at (2,2) width 31: "Data"
            LayoutTableCell {TD} at (39,2) size 35x22 [border: (1px solid #000000)] [r=0 c=1 rs=1 cs=1]
              LayoutText {#text} at (2,2) size 31x18
                text run at (2,2) width 31: "Data"
            LayoutTableCell {TD} at (76,2) size 35x22 [border: (1px solid #000000)] [r=0 c=2 rs=1 cs=1]
              LayoutText {#text} at (2,2) size 31x18
                text run at (2,2) width 31: "Data"
      LayoutTable {TABLE} at (0,3776.44) size 113x108
        LayoutTableSection {TBODY} at (0,0) size 113x108
          LayoutTableRow {TR} at (0,2) size 113x104
            LayoutTableCell {TD} at (2,43) size 35x22 [border: (1px solid #000000)] [r=0 c=0 rs=1 cs=1]
              LayoutText {#text} at (2,2) size 31x18
                text run at (2,2) width 31: "Data"
            LayoutTableCell {TD} at (39,43) size 35x22 [border: (1px solid #000000)] [r=0 c=1 rs=1 cs=1]
              LayoutText {#text} at (2,2) size 31x18
                text run at (2,2) width 31: "Data"
            LayoutTableCell {TD} at (76,43) size 35x22 [border: (1px solid #000000)] [r=0 c=2 rs=1 cs=1]
              LayoutText {#text} at (2,2) size 31x18
                text run at (2,2) width 31: "Data"
      LayoutTable {TABLE} at (0,3884.44) size 113x108
        LayoutTableSection {TBODY} at (0,0) size 113x108
          LayoutTableRow {TR} at (0,2) size 113x104
            LayoutTableCell {TD} at (2,2) size 35x22 [border: (1px solid #000000)] [r=0 c=0 rs=1 cs=1]
              LayoutText {#text} at (2,2) size 31x18
                text run at (2,2) width 31: "Data"
            LayoutTableCell {TD} at (39,2) size 35x22 [border: (1px solid #000000)] [r=0 c=1 rs=1 cs=1]
              LayoutText {#text} at (2,2) size 31x18
                text run at (2,2) width 31: "Data"
            LayoutTableCell {TD} at (76,2) size 35x22 [border: (1px solid #000000)] [r=0 c=2 rs=1 cs=1]
              LayoutText {#text} at (2,2) size 31x18
                text run at (2,2) width 31: "Data"
      LayoutTable {TABLE} at (0,3992.44) size 113x108
        LayoutTableSection {TBODY} at (0,0) size 113x108
          LayoutTableRow {TR} at (0,2) size 113x104
            LayoutTableCell {TD} at (2,2) size 35x22 [border: (1px solid #000000)] [r=0 c=0 rs=1 cs=1]
              LayoutText {#text} at (2,2) size 31x18
                text run at (2,2) width 31: "Data"
            LayoutTableCell {TD} at (39,2) size 35x22 [border: (1px solid #000000)] [r=0 c=1 rs=1 cs=1]
              LayoutText {#text} at (2,2) size 31x18
                text run at (2,2) width 31: "Data"
            LayoutTableCell {TD} at (76,2) size 35x22 [border: (1px solid #000000)] [r=0 c=2 rs=1 cs=1]
              LayoutText {#text} at (2,2) size 31x18
                text run at (2,2) width 31: "Data"
      LayoutBlockFlow {P} at (0,4116.44) size 769x18
        LayoutText {#text} at (0,0) size 730x18
          text run at (0,0) width 730: "In these four tables, the text should be 20px lower each cell, but should otherwise look like the above three tables:"
      LayoutTable {TABLE} at (0,4150.44) size 109x108
        LayoutTableSection {TBODY} at (0,0) size 109x108
          LayoutTableRow {TR} at (0,2) size 109x104
            LayoutTableCell {TD} at (2,2) size 35x22 [border: (1px solid #000000)] [r=0 c=0 rs=1 cs=1]
              LayoutText {#text} at (2,2) size 31x18
                text run at (2,2) width 31: "Data"
            LayoutTableCell {TD} at (39,2) size 33x60 [border: (1px solid #000000)] [r=0 c=1 rs=1 cs=1]
              LayoutText {#text} at (1,21) size 31x18
                text run at (1,21) width 31: "Data"
            LayoutTableCell {TD} at (74,2) size 33x100 [border: (1px solid #000000)] [r=0 c=2 rs=1 cs=1]
              LayoutText {#text} at (1,41) size 31x18
                text run at (1,41) width 31: "Data"
      LayoutTable {TABLE} at (0,4258.44) size 109x108
        LayoutTableSection {TBODY} at (0,0) size 109x108
          LayoutTableRow {TR} at (0,2) size 109x104
            LayoutTableCell {TD} at (2,2) size 35x22 [border: (1px solid #000000)] [r=0 c=0 rs=1 cs=1]
              LayoutText {#text} at (2,2) size 31x18
                text run at (2,2) width 31: "Data"
            LayoutTableCell {TD} at (39,2) size 33x40 [border: (1px solid #000000)] [r=0 c=1 rs=1 cs=1]
              LayoutText {#text} at (1,21) size 31x18
                text run at (1,21) width 31: "Data"
            LayoutTableCell {TD} at (74,2) size 33x60 [border: (1px solid #000000)] [r=0 c=2 rs=1 cs=1]
              LayoutText {#text} at (1,41) size 31x18
                text run at (1,41) width 31: "Data"
      LayoutTable {TABLE} at (0,4366.44) size 109x108
        LayoutTableSection {TBODY} at (0,0) size 109x108
          LayoutTableRow {TR} at (0,2) size 109x104
            LayoutTableCell {TD} at (2,43) size 35x22 [border: (1px solid #000000)] [r=0 c=0 rs=1 cs=1]
              LayoutText {#text} at (2,2) size 31x18
                text run at (2,2) width 31: "Data"
            LayoutTableCell {TD} at (39,24) size 33x60 [border: (1px solid #000000)] [r=0 c=1 rs=1 cs=1]
              LayoutText {#text} at (1,21) size 31x18
                text run at (1,21) width 31: "Data"
            LayoutTableCell {TD} at (74,4) size 33x100 [border: (1px solid #000000)] [r=0 c=2 rs=1 cs=1]
              LayoutText {#text} at (1,41) size 31x18
                text run at (1,41) width 31: "Data"
      LayoutTable {TABLE} at (0,4474.44) size 113x108
        LayoutTableSection {TBODY} at (0,0) size 113x108
          LayoutTableRow {TR} at (0,2) size 113x104
            LayoutTableCell {TD} at (2,43) size 35x22 [border: (1px solid #000000)] [r=0 c=0 rs=1 cs=1]
              LayoutText {#text} at (2,2) size 31x18
                text run at (2,2) width 31: "Data"
            LayoutTableCell {TD} at (39,43) size 35x22 [border: (1px solid #000000)] [r=0 c=1 rs=1 cs=1]
              LayoutText {#text} at (2,2) size 31x18
                text run at (2,2) width 31: "Data"
            LayoutTableCell {TD} at (76,43) size 35x22 [border: (1px solid #000000)] [r=0 c=2 rs=1 cs=1]
              LayoutText {#text} at (2,2) size 31x18
                text run at (2,2) width 31: "Data"
      LayoutBlockFlow {P} at (0,4598.44) size 769x18
        LayoutText {#text} at (0,0) size 378x18
          text run at (0,0) width 378: "These should have the text 40px from the top in every cell:"
      LayoutTable {TABLE} at (0,4632.44) size 109x107
        LayoutTableSection {TBODY} at (0,0) size 109x107
          LayoutTableRow {TR} at (0,2) size 109x103
            LayoutTableCell {TD} at (2,41) size 35x22 [border: (1px solid #000000)] [r=0 c=0 rs=1 cs=1]
              LayoutText {#text} at (2,2) size 31x18
                text run at (2,2) width 31: "Data"
            LayoutTableCell {TD} at (39,22) size 33x60 [border: (1px solid #000000)] [r=0 c=1 rs=1 cs=1]
              LayoutText {#text} at (1,21) size 31x18
                text run at (1,21) width 31: "Data"
            LayoutTableCell {TD} at (74,2) size 33x100 [border: (1px solid #000000)] [r=0 c=2 rs=1 cs=1]
              LayoutText {#text} at (1,41) size 31x18
                text run at (1,41) width 31: "Data"
      LayoutTable {TABLE} at (0,4739.44) size 109x106
        LayoutTableSection {TBODY} at (0,0) size 109x106
          LayoutTableRow {TR} at (0,2) size 109x102
            LayoutTableCell {TD} at (2,41) size 35x22 [border: (1px solid #000000)] [r=0 c=0 rs=1 cs=1]
              LayoutText {#text} at (2,2) size 31x18
                text run at (2,2) width 31: "Data"
            LayoutTableCell {TD} at (39,22) size 33x40 [border: (1px solid #000000)] [r=0 c=1 rs=1 cs=1]
              LayoutText {#text} at (1,21) size 31x18
                text run at (1,21) width 31: "Data"
            LayoutTableCell {TD} at (74,2) size 33x60 [border: (1px solid #000000)] [r=0 c=2 rs=1 cs=1]
              LayoutText {#text} at (1,41) size 31x18
                text run at (1,41) width 31: "Data"
      LayoutTable {TABLE} at (0,4845.44) size 109x106
        LayoutTableSection {TBODY} at (0,0) size 109x106
          LayoutTableRow {TR} at (0,2) size 109x102
            LayoutTableCell {TD} at (2,42) size 35x22 [border: (1px solid #000000)] [r=0 c=0 rs=1 cs=1]
              LayoutText {#text} at (2,2) size 31x18
                text run at (2,2) width 31: "Data"
            LayoutTableCell {TD} at (39,23) size 33x60 [border: (1px solid #000000)] [r=0 c=1 rs=1 cs=1]
              LayoutText {#text} at (1,21) size 31x18
                text run at (1,21) width 31: "Data"
            LayoutTableCell {TD} at (74,3) size 33x100 [border: (1px solid #000000)] [r=0 c=2 rs=1 cs=1]
              LayoutText {#text} at (1,41) size 31x18
                text run at (1,41) width 31: "Data"
      LayoutTable {TABLE} at (0,4951.44) size 109x106
        LayoutTableSection {TBODY} at (0,0) size 109x106
          LayoutTableRow {TR} at (0,2) size 109x102
            LayoutTableCell {TD} at (2,82) size 35x22 [border: (1px solid #000000)] [r=0 c=0 rs=1 cs=1]
              LayoutText {#text} at (2,2) size 31x18
                text run at (2,2) width 31: "Data"
            LayoutTableCell {TD} at (39,44) size 33x60 [border: (1px solid #000000)] [r=0 c=1 rs=1 cs=1]
              LayoutText {#text} at (1,21) size 31x18
                text run at (1,21) width 31: "Data"
            LayoutTableCell {TD} at (74,4) size 33x100 [border: (1px solid #000000)] [r=0 c=2 rs=1 cs=1]
              LayoutText {#text} at (1,41) size 31x18
                text run at (1,41) width 31: "Data"
      LayoutTable {TABLE} at (0,5057.44) size 109x68
        LayoutTableSection {TBODY} at (0,0) size 109x68
          LayoutTableRow {TR} at (0,2) size 109x64
            LayoutTableCell {TD} at (2,44) size 35x22 [border: (1px solid #000000)] [r=0 c=0 rs=1 cs=1]
              LayoutText {#text} at (2,2) size 31x18
                text run at (2,2) width 31: "Data"
            LayoutTableCell {TD} at (39,26) size 33x40 [border: (1px solid #000000)] [r=0 c=1 rs=1 cs=1]
              LayoutText {#text} at (1,1) size 31x18
                text run at (1,1) width 31: "Data"
            LayoutTableCell {TD} at (74,6) size 33x60 [border: (1px solid #000000)] [r=0 c=2 rs=1 cs=1]
              LayoutText {#text} at (1,1) size 31x18
                text run at (1,1) width 31: "Data"
      LayoutBlockFlow {P} at (0,5141.44) size 769x36
        LayoutText {#text} at (0,0) size 766x36
          text run at (0,0) width 766: "In each of the following tables, three of the cells should have the same baseline of the first line, and the three so marked"
          text run at (0,18) width 275: "should be aligned top, middle, and bottom:"
      LayoutTable {TABLE} at (0,5193.44) size 463x118
        LayoutTableSection {TBODY} at (0,0) size 463x118
          LayoutTableRow {TR} at (0,2) size 463x114
            LayoutTableCell {TD} at (2,74) size 35x22 [border: (1px solid #000000)] [r=0 c=0 rs=1 cs=1]
              LayoutText {#text} at (2,2) size 31x18
                text run at (2,2) width 31: "Data"
            LayoutTableCell {TD} at (39,45) size 95x59 [border: (1px solid #000000)] [r=0 c=1 rs=1 cs=1]
              LayoutText {#text} at (2,2) size 91x55
                text run at (2,2) width 91: "Data"
            LayoutTableCell {TD} at (136,2) size 186x114 [border: (1px solid #000000)] [r=0 c=2 rs=1 cs=1]
              LayoutText {#text} at (2,2) size 182x110
                text run at (2,2) width 182: "Data"
            LayoutTableCell {TD} at (324,2) size 29x22 [border: (1px solid #000000)] [r=0 c=3 rs=1 cs=1]
              LayoutText {#text} at (2,2) size 25x18
                text run at (2,2) width 25: "Top"
            LayoutTableCell {TD} at (355,48) size 51x22 [border: (1px solid #000000)] [r=0 c=4 rs=1 cs=1]
              LayoutText {#text} at (2,2) size 47x18
                text run at (2,2) width 47: "Middle"
            LayoutTableCell {TD} at (408,94) size 53x22 [border: (1px solid #000000)] [r=0 c=5 rs=1 cs=1]
              LayoutText {#text} at (2,2) size 48x18
                text run at (2,2) width 48: "Bottom"
      LayoutTable {TABLE} at (0,5311.44) size 463x118
        LayoutTableSection {TBODY} at (0,0) size 463x118
          LayoutTableRow {TR} at (0,2) size 463x114
            LayoutTableCell {TD} at (2,2) size 29x22 [border: (1px solid #000000)] [r=0 c=0 rs=1 cs=1]
              LayoutText {#text} at (2,2) size 25x18
                text run at (2,2) width 25: "Top"
            LayoutTableCell {TD} at (33,48) size 51x22 [border: (1px solid #000000)] [r=0 c=1 rs=1 cs=1]
              LayoutText {#text} at (2,2) size 47x18
                text run at (2,2) width 47: "Middle"
            LayoutTableCell {TD} at (86,94) size 53x22 [border: (1px solid #000000)] [r=0 c=2 rs=1 cs=1]
              LayoutText {#text} at (2,2) size 48x18
                text run at (2,2) width 48: "Bottom"
            LayoutTableCell {TD} at (141,2) size 186x114 [border: (1px solid #000000)] [r=0 c=3 rs=1 cs=1]
              LayoutText {#text} at (2,2) size 182x110
                text run at (2,2) width 182: "Data"
            LayoutTableCell {TD} at (329,74) size 35x22 [border: (1px solid #000000)] [r=0 c=4 rs=1 cs=1]
              LayoutText {#text} at (2,2) size 31x18
                text run at (2,2) width 31: "Data"
            LayoutTableCell {TD} at (366,45) size 95x59 [border: (1px solid #000000)] [r=0 c=5 rs=1 cs=1]
              LayoutText {#text} at (2,2) size 91x55
                text run at (2,2) width 91: "Data"
      LayoutTable {TABLE} at (0,5429.44) size 463x118
        LayoutTableSection {TBODY} at (0,0) size 463x118
          LayoutTableRow {TR} at (0,2) size 463x114
            LayoutTableCell {TD} at (2,2) size 186x114 [border: (1px solid #000000)] [r=0 c=0 rs=1 cs=1]
              LayoutText {#text} at (2,2) size 182x110
                text run at (2,2) width 182: "Data"
            LayoutTableCell {TD} at (190,2) size 29x22 [border: (1px solid #000000)] [r=0 c=1 rs=1 cs=1]
              LayoutText {#text} at (2,2) size 25x18
                text run at (2,2) width 25: "Top"
            LayoutTableCell {TD} at (221,48) size 51x22 [border: (1px solid #000000)] [r=0 c=2 rs=1 cs=1]
              LayoutText {#text} at (2,2) size 47x18
                text run at (2,2) width 47: "Middle"
            LayoutTableCell {TD} at (274,74) size 35x22 [border: (1px solid #000000)] [r=0 c=3 rs=1 cs=1]
              LayoutText {#text} at (2,2) size 31x18
                text run at (2,2) width 31: "Data"
            LayoutTableCell {TD} at (311,94) size 53x22 [border: (1px solid #000000)] [r=0 c=4 rs=1 cs=1]
              LayoutText {#text} at (2,2) size 48x18
                text run at (2,2) width 48: "Bottom"
            LayoutTableCell {TD} at (366,45) size 95x59 [border: (1px solid #000000)] [r=0 c=5 rs=1 cs=1]
              LayoutText {#text} at (2,2) size 91x55
                text run at (2,2) width 91: "Data"
      LayoutTable {TABLE} at (0,5547.44) size 463x118
        LayoutTableSection {TBODY} at (0,0) size 463x118
          LayoutTableRow {TR} at (0,2) size 463x114
            LayoutTableCell {TD} at (2,2) size 29x22 [border: (1px solid #000000)] [r=0 c=0 rs=1 cs=1]
              LayoutText {#text} at (2,2) size 25x18
                text run at (2,2) width 25: "Top"
            LayoutTableCell {TD} at (33,74) size 35x22 [border: (1px solid #000000)] [r=0 c=1 rs=1 cs=1]
              LayoutText {#text} at (2,2) size 31x18
                text run at (2,2) width 31: "Data"
            LayoutTableCell {TD} at (70,45) size 95x59 [border: (1px solid #000000)] [r=0 c=2 rs=1 cs=1]
              LayoutText {#text} at (2,2) size 91x55
                text run at (2,2) width 91: "Data"
            LayoutTableCell {TD} at (167,48) size 51x22 [border: (1px solid #000000)] [r=0 c=3 rs=1 cs=1]
              LayoutText {#text} at (2,2) size 47x18
                text run at (2,2) width 47: "Middle"
            LayoutTableCell {TD} at (220,94) size 53x22 [border: (1px solid #000000)] [r=0 c=4 rs=1 cs=1]
              LayoutText {#text} at (2,2) size 48x18
                text run at (2,2) width 48: "Bottom"
            LayoutTableCell {TD} at (275,2) size 186x114 [border: (1px solid #000000)] [r=0 c=5 rs=1 cs=1]
              LayoutText {#text} at (2,2) size 182x110
                text run at (2,2) width 182: "Data"
      LayoutTable {TABLE} at (0,5665.44) size 463x118
        LayoutTableSection {TBODY} at (0,0) size 463x118
          LayoutTableRow {TR} at (0,2) size 463x114
            LayoutTableCell {TD} at (2,2) size 29x22 [border: (1px solid #000000)] [r=0 c=0 rs=1 cs=1]
              LayoutText {#text} at (2,2) size 25x18
                text run at (2,2) width 25: "Top"
            LayoutTableCell {TD} at (33,45) size 95x59 [border: (1px solid #000000)] [r=0 c=1 rs=1 cs=1]
              LayoutText {#text} at (2,2) size 91x55
                text run at (2,2) width 91: "Data"
            LayoutTableCell {TD} at (130,94) size 53x22 [border: (1px solid #000000)] [r=0 c=2 rs=1 cs=1]
              LayoutText {#text} at (2,2) size 48x18
                text run at (2,2) width 48: "Bottom"
            LayoutTableCell {TD} at (185,74) size 35x22 [border: (1px solid #000000)] [r=0 c=3 rs=1 cs=1]
              LayoutText {#text} at (2,2) size 31x18
                text run at (2,2) width 31: "Data"
            LayoutTableCell {TD} at (222,2) size 186x114 [border: (1px solid #000000)] [r=0 c=4 rs=1 cs=1]
              LayoutText {#text} at (2,2) size 182x110
                text run at (2,2) width 182: "Data"
            LayoutTableCell {TD} at (410,48) size 51x22 [border: (1px solid #000000)] [r=0 c=5 rs=1 cs=1]
              LayoutText {#text} at (2,2) size 47x18
                text run at (2,2) width 47: "Middle"
      LayoutBlockFlow {HR} at (0,5791.44) size 769x2 [border: (1px inset #EEEEEE)]
      LayoutBlockFlow {P} at (0,5809.44) size 769x35
        LayoutInline {A} at (0,0) size 88x18 [color=#0000EE]
          LayoutImage {IMG} at (0,0) size 88x31
      LayoutBlockFlow {P} at (0,5860.44) size 769x18
        LayoutText {#text} at (0,0) size 59x18
          text run at (0,0) width 59: "(Back to "
        LayoutInline {A} at (0,0) size 161x18 [color=#0000EE]
          LayoutText {#text} at (58,0) size 161x18
            text run at (58,0) width 161: "CSS Testing Information"
        LayoutText {#text} at (218,0) size 9x18
          text run at (218,0) width 9: ", "
        LayoutInline {A} at (0,0) size 83x18 [color=#0000EE]
          LayoutText {#text} at (226,0) size 83x18
            text run at (226,0) width 83: "David Baron"
        LayoutText {#text} at (308,0) size 6x18
          text run at (308,0) width 6: ")"
      LayoutBlockFlow {P} at (0,5894.44) size 769x18
        LayoutInline {A} at (0,0) size 32x18 [color=#0000EE]
          LayoutText {#text} at (0,0) size 32x18
            text run at (0,0) width 32: "LDB"
        LayoutText {#text} at (32,0) size 8x18
          text run at (32,0) width 8: ", "
        LayoutInline {A} at (0,0) size 158x18 [color=#0000EE]
          LayoutText {#text} at (40,0) size 158x18
            text run at (40,0) width 158: "dbaron@fas.harvard.edu"
