layer at (0,0) size 800x600
  LayoutView at (0,0) size 800x600
layer at (0,0) size 800x600
  LayoutBlockFlow {HTML} at (0,0) size 800x600
    LayoutBlockFlow {BODY} at (8,8) size 784x584
      LayoutTable {TABLE} at (0,0) size 600x113
        LayoutTableSection {TBODY} at (0,0) size 600x113
          LayoutTableRow {TR} at (0,0) size 600x113
            LayoutTableCell {TD} at (0,0) size 600x113 [r=0 c=0 rs=1 cs=1]
              LayoutBlockFlow (anonymous) at (0,0) size 600x54
                LayoutBR {BR} at (300,0) size 0x18
                LayoutBR {BR} at (300,18) size 0x18
                LayoutBR {BR} at (300,36) size 0x18
              LayoutTable {TABLE} at (0,54) size 600x59 [border: (1px outset #808080)]
                LayoutTableSection {TBODY} at (1,1) size 598x57
                  LayoutTableRow {TR} at (0,0) size 598x57
                    LayoutTableCell {TD} at (0,0) size 299x57 [border: (1px inset #808080)] [r=0 c=0 rs=1 cs=1]
                      LayoutTable {TABLE} at (1,1) size 297x55
                        LayoutTableSection {TBODY} at (0,0) size 297x55
                          LayoutTableRow {TR} at (0,1) size 297x17 [bgcolor=#CD9944]
                            LayoutTableCell {TD} at (1,1) size 106x17 [r=0 c=0 rs=1 cs=1]
                              LayoutInline {FONT} at (0,0) size 39x11 [color=#FFFFFF]
                                LayoutText {#text} at (3,3) size 39x11
                                  text run at (3,3) width 39: "Funktion"
                          LayoutTableRow {TR} at (0,19) size 297x17 [bgcolor=#E7E7AD]
                            LayoutTableCell {TD} at (1,19) size 106x17 [r=1 c=0 rs=1 cs=1]
                              LayoutInline {FONT} at (0,0) size 63x11
                                LayoutText {#text} at (3,3) size 63x11
                                  text run at (3,3) width 63: "Umlaufrendite"
                          LayoutTableRow {TR} at (0,37) size 297x17 [bgcolor=#E7DEA5]
                            LayoutTableCell {TD} at (1,37) size 106x17 [r=2 c=0 rs=1 cs=1]
                              LayoutInline {FONT} at (0,0) size 68x11
                                LayoutText {#text} at (3,3) size 68x11
                                  text run at (3,3) width 68: "10 Jahre US %"
                            LayoutTableCell {TD} at (108,37) size 37x17 [r=2 c=1 rs=1 cs=1]
                              LayoutInline {FONT} at (0,0) size 20x11
                                LayoutText {#text} at (3,3) size 20x11
                                  text run at (3,3) width 20: "4,75"
                            LayoutTableCell {TD} at (146,37) size 24x17 [r=2 c=2 rs=1 cs=1]
                              LayoutImage {IMG} at (6.50,3) size 11x11
                            LayoutTableCell {TD} at (171,37) size 41x17 [r=2 c=3 rs=1 cs=1]
                              LayoutInline {FONT} at (0,0) size 23x11
                                LayoutText {#text} at (3,3) size 23x11
                                  text run at (3,3) width 23: "-0.02"
                            LayoutTableCell {TD} at (213,37) size 49x17 [r=2 c=4 rs=1 cs=1]
                              LayoutInline {FONT} at (0,0) size 28x11
                                LayoutText {#text} at (3,3) size 28x11
                                  text run at (3,3) width 28: "03.12."
                            LayoutTableCell {TD} at (263,37) size 33x16 [r=2 c=5 rs=1 cs=1]
                              LayoutInline {FONT} at (0,0) size 17x11
                                LayoutInline {A} at (0,0) size 17x11 [color=#0000EE]
                                  LayoutImage {IMG} at (8.50,3) size 16x10
                    LayoutTableCell {TD} at (299,0) size 299x57 [border: (1px inset #808080)] [r=0 c=1 rs=1 cs=1]
                      LayoutTable {TABLE} at (1,1) size 297x55
                        LayoutTableSection {TBODY} at (0,0) size 297x55
                          LayoutTableRow {TR} at (0,1) size 297x17 [bgcolor=#CD9944]
                            LayoutTableCell {TD} at (1,1) size 202x17 [r=0 c=0 rs=1 cs=1]
                              LayoutInline {FONT} at (0,0) size 43x11 [color=#FFFFFF]
                                LayoutText {#text} at (3,3) size 43x11
                                  text run at (3,3) width 43: "Rohstoffe"
                          LayoutTableRow {TR} at (0,19) size 297x17 [bgcolor=#E7E7AD]
                            LayoutTableCell {TD} at (1,19) size 202x17 [r=1 c=0 rs=1 cs=1]
                              LayoutImage {IMG} at (95.50,3) size 11x11
                            LayoutTableCell {TD} at (204,19) size 92x16 [r=1 c=1 rs=1 cs=1]
                              LayoutInline {FONT} at (0,0) size 16x11
                                LayoutInline {A} at (0,0) size 16x11 [color=#0000EE]
                                  LayoutImage {IMG} at (38,3) size 16x10
                          LayoutTableRow {TR} at (0,37) size 297x17 [bgcolor=#E7DEA5]
                            LayoutTableCell {TD} at (1,37) size 202x17 [r=2 c=0 rs=1 cs=1]
                              LayoutImage {IMG} at (95.50,3) size 11x11
                            LayoutTableCell {TD} at (204,37) size 92x16 [r=2 c=1 rs=1 cs=1]
                              LayoutInline {FONT} at (0,0) size 16x11
                                LayoutInline {A} at (0,0) size 16x11 [color=#0000EE]
                                  LayoutImage {IMG} at (38,3) size 16x10
