layer at (0,0) size 800x600
  LayoutView at (0,0) size 800x600
layer at (0,0) size 800x600
  LayoutBlockFlow {HTML} at (0,0) size 800x600
    LayoutBlockFlow {BODY} at (8,8) size 784x576
      LayoutBlockFlow {FORM} at (0,0) size 784x23
        LayoutTable {TABLE} at (0,0) size 604x23 [bgcolor=#FFE030] [border: (1px outset #808080)]
          LayoutTableSection {TBODY} at (1,1) size 602x21
            LayoutTableRow {TR} at (0,0) size 602x21
              LayoutTableCell {TD} at (0,0) size 602x21 [border: (1px inset #808080)] [r=0 c=0 rs=1 cs=1]
                LayoutInline {NOBR} at (0,0) size 600x18
                  LayoutTextControl {INPUT} at (1,1) size 191x19 [bgcolor=#FFFFFF] [border: (2px inset #EEEEEE)]
                  LayoutText {#text} at (192,1) size 14x18
                    text run at (192,1) width 14: " - "
                  LayoutTextControl {INPUT} at (205.33,1) size 191x19 [bgcolor=#FFFFFF] [border: (2px inset #EEEEEE)]
                  LayoutText {#text} at (396,1) size 14x18
                    text run at (396,1) width 14: " - "
                  LayoutTextControl {INPUT} at (409.66,1) size 191x19 [bgcolor=#FFFFFF] [border: (2px inset #EEEEEE)]
                LayoutText {#text} at (0,0) size 0x0
            LayoutTableRow {TR} at (0,21) size 602x0
layer at (13,13) size 185x13
  LayoutBlockFlow {DIV} at (3,3) size 185x13
layer at (217,13) size 185x13
  LayoutBlockFlow {DIV} at (3,3) size 185x13
layer at (422,13) size 185x13
  LayoutBlockFlow {DIV} at (3,3) size 185x13
