layer at (0,0) size 800x600
  LayoutView at (0,0) size 800x600
layer at (0,0) size 800x600
  LayoutBlockFlow {HTML} at (0,0) size 800x600
    LayoutBlockFlow {BODY} at (8,8) size 784x584 [bgcolor=#FFFFFF]
      LayoutTable {TABLE} at (0,0) size 784x584 [border: (1px outset #808080)]
        LayoutTableSection {TBODY} at (1,1) size 782x582
          LayoutTableRow {TR} at (0,2) size 782x578
            LayoutTableCell {TD} at (2,280) size 65x22 [border: (1px inset #808080)] [r=0 c=0 rs=1 cs=1]
              LayoutText {#text} at (2,2) size 32x18
                text run at (2,2) width 32: "Hurz"
            LayoutTableCell {TD} at (69,280) size 711x22 [border: (1px inset #808080)] [r=0 c=1 rs=1 cs=1]
              LayoutText {#text} at (2,2) size 385x18
                text run at (2,2) width 299: "very long text that forces the browser window "
                text run at (300,2) width 87: "to be scrolled"
