layer at (0,0) size 800x600
  LayoutView at (0,0) size 800x600
layer at (0,0) size 800x357
  LayoutBlockFlow {HTML} at (0,0) size 800x357.06
    LayoutBlockFlow {BODY} at (8,21.27) size 784x319.80
      LayoutBlockFlow {H4} at (0,0) size 784x18
        LayoutText {#text} at (0,0) size 46x18
          text run at (0,0) width 46: "table 1"
      LayoutTable {TABLE} at (0,39.27) size 160x76 [border: (1px outset #808080)]
        LayoutTableSection {TBODY} at (1,1) size 158x74
          LayoutTableRow {TR} at (0,2) size 158x22
            LayoutTableCell {TD} at (2,2) size 24x22 [border: (1px inset #808080)] [r=0 c=0 rs=1 cs=1]
              LayoutText {#text} at (2,2) size 20x18
                text run at (2,2) width 20: "1.1"
            LayoutTableCell {TD} at (28,14) size 24x22 [border: (1px inset #808080)] [r=0 c=1 rs=2 cs=1]
              LayoutText {#text} at (2,2) size 20x18
                text run at (2,2) width 20: "1.2"
            LayoutTableCell {TD} at (54,2) size 24x22 [border: (1px inset #808080)] [r=0 c=2 rs=1 cs=1]
              LayoutText {#text} at (2,2) size 20x18
                text run at (2,2) width 20: "1.3"
            LayoutTableCell {TD} at (80,2) size 24x22 [border: (1px inset #808080)] [r=0 c=3 rs=1 cs=1]
              LayoutText {#text} at (2,2) size 20x18
                text run at (2,2) width 20: "1.4"
            LayoutTableCell {TD} at (106,14) size 24x22 [border: (1px inset #808080)] [r=0 c=4 rs=2 cs=1]
              LayoutText {#text} at (2,2) size 20x18
                text run at (2,2) width 20: "1.5"
            LayoutTableCell {TD} at (132,14) size 24x22 [border: (1px inset #808080)] [r=0 c=5 rs=2 cs=1]
              LayoutText {#text} at (2,2) size 20x18
                text run at (2,2) width 20: "1.6"
          LayoutTableRow {TR} at (0,26) size 158x22
            LayoutTableCell {TD} at (2,26) size 128x22 [border: (1px inset #808080)] [r=1 c=0 rs=1 cs=5]
              LayoutText {#text} at (54,2) size 20x18
                text run at (54,2) width 20: "2.1"
          LayoutTableRow {TR} at (0,50) size 158x22
            LayoutTableCell {TD} at (2,50) size 24x22 [border: (1px inset #808080)] [r=2 c=0 rs=1 cs=1]
              LayoutText {#text} at (2,2) size 20x18
                text run at (2,2) width 20: "3.1"
            LayoutTableCell {TD} at (28,50) size 24x22 [border: (1px inset #808080)] [r=2 c=1 rs=1 cs=1]
              LayoutText {#text} at (2,2) size 20x18
                text run at (2,2) width 20: "3.2"
            LayoutTableCell {TD} at (54,50) size 24x22 [border: (1px inset #808080)] [r=2 c=2 rs=1 cs=1]
              LayoutText {#text} at (2,2) size 20x18
                text run at (2,2) width 20: "3.3"
            LayoutTableCell {TD} at (80,50) size 24x22 [border: (1px inset #808080)] [r=2 c=3 rs=1 cs=1]
              LayoutText {#text} at (2,2) size 20x18
                text run at (2,2) width 20: "3.4"
            LayoutTableCell {TD} at (106,50) size 24x22 [border: (1px inset #808080)] [r=2 c=4 rs=1 cs=1]
              LayoutText {#text} at (2,2) size 20x18
                text run at (2,2) width 20: "3.5"
            LayoutTableCell {TD} at (132,50) size 24x22 [border: (1px inset #808080)] [r=2 c=5 rs=1 cs=1]
              LayoutText {#text} at (2,2) size 20x18
                text run at (2,2) width 20: "3.6"
      LayoutBlockFlow {P} at (0,131.27) size 784x18
        LayoutText {#text} at (0,0) size 161x18
          text run at (0,0) width 161: "cell 1.5 has rowspan=\"2\""
      LayoutBlockFlow {H4} at (0,170.53) size 784x18
        LayoutText {#text} at (0,0) size 46x18
          text run at (0,0) width 46: "table 2"
      LayoutTable {TABLE} at (0,209.80) size 160x76 [border: (1px outset #808080)]
        LayoutTableSection {TBODY} at (1,1) size 158x74
          LayoutTableRow {TR} at (0,2) size 158x22
            LayoutTableCell {TD} at (2,2) size 24x22 [border: (1px inset #808080)] [r=0 c=0 rs=1 cs=1]
              LayoutText {#text} at (2,2) size 20x18
                text run at (2,2) width 20: "1.1"
            LayoutTableCell {TD} at (28,14) size 24x22 [border: (1px inset #808080)] [r=0 c=1 rs=2 cs=1]
              LayoutText {#text} at (2,2) size 20x18
                text run at (2,2) width 20: "1.2"
            LayoutTableCell {TD} at (54,2) size 24x22 [border: (1px inset #808080)] [r=0 c=2 rs=1 cs=1]
              LayoutText {#text} at (2,2) size 20x18
                text run at (2,2) width 20: "1.3"
            LayoutTableCell {TD} at (80,2) size 24x22 [border: (1px inset #808080)] [r=0 c=3 rs=1 cs=1]
              LayoutText {#text} at (2,2) size 20x18
                text run at (2,2) width 20: "1.4"
            LayoutTableCell {TD} at (106,14) size 50x22 [border: (1px inset #808080)] [r=0 c=4 rs=2 cs=2]
              LayoutText {#text} at (15,2) size 20x18
                text run at (15,2) width 20: "1.5"
          LayoutTableRow {TR} at (0,26) size 158x22
            LayoutTableCell {TD} at (2,26) size 128x22 [border: (1px inset #808080)] [r=1 c=0 rs=1 cs=5]
              LayoutText {#text} at (54,2) size 20x18
                text run at (54,2) width 20: "2.1"
          LayoutTableRow {TR} at (0,50) size 158x22
            LayoutTableCell {TD} at (2,50) size 24x22 [border: (1px inset #808080)] [r=2 c=0 rs=1 cs=1]
              LayoutText {#text} at (2,2) size 20x18
                text run at (2,2) width 20: "3.1"
            LayoutTableCell {TD} at (28,50) size 24x22 [border: (1px inset #808080)] [r=2 c=1 rs=1 cs=1]
              LayoutText {#text} at (2,2) size 20x18
                text run at (2,2) width 20: "3.2"
            LayoutTableCell {TD} at (54,50) size 24x22 [border: (1px inset #808080)] [r=2 c=2 rs=1 cs=1]
              LayoutText {#text} at (2,2) size 20x18
                text run at (2,2) width 20: "3.3"
            LayoutTableCell {TD} at (80,50) size 24x22 [border: (1px inset #808080)] [r=2 c=3 rs=1 cs=1]
              LayoutText {#text} at (2,2) size 20x18
                text run at (2,2) width 20: "3.4"
            LayoutTableCell {TD} at (106,50) size 24x22 [border: (1px inset #808080)] [r=2 c=4 rs=1 cs=1]
              LayoutText {#text} at (2,2) size 20x18
                text run at (2,2) width 20: "3.5"
            LayoutTableCell {TD} at (132,50) size 24x22 [border: (1px inset #808080)] [r=2 c=5 rs=1 cs=1]
              LayoutText {#text} at (2,2) size 20x18
                text run at (2,2) width 20: "3.6"
      LayoutBlockFlow {P} at (0,301.80) size 784x18
        LayoutText {#text} at (0,0) size 244x18
          text run at (0,0) width 244: "cell 1.5 has colspan=\"2\" rowspan=\"2\""
