layer at (0,0) size 800x600
  LayoutView at (0,0) size 800x600
layer at (0,0) size 800x600
  LayoutBlockFlow {HTML} at (0,0) size 800x600
    LayoutBlockFlow {BODY} at (8,8) size 784x584
      LayoutTable {TABLE} at (0,0) size 784x54 [border: (1px outset #808080)]
        LayoutTableSection {TBODY} at (1,1) size 782x52
          LayoutTableRow {TR} at (0,4) size 782x44
            LayoutTableCell {TD} at (4,13) size 12x26 [border: (1px inset #808080)] [r=0 c=0 rs=1 cs=1]
              LayoutText {#text} at (4,4) size 4x18
                text run at (4,4) width 4: " "
            LayoutTableCell {TD} at (20,13) size 684x26 [border: (1px inset #808080)] [r=0 c=1 rs=1 cs=1]
              LayoutText {#text} at (4,4) size 64x18
                text run at (4,4) width 64: "Top Story"
            LayoutTableCell {TD} at (708,4) size 70x44 [border: (1px inset #808080)] [r=0 c=2 rs=1 cs=1]
              LayoutText {#text} at (4,4) size 62x36
                text run at (4,4) width 26: "Full"
                text run at (4,22) width 62: "Coverage"
