layer at (0,0) size 800x600
  LayoutView at (0,0) size 800x600
layer at (0,0) size 800x600
  LayoutBlockFlow {HTML} at (0,0) size 800x600
    LayoutBlockFlow {BODY} at (8,8) size 784x584
      LayoutBlockFlow (anonymous) at (0,0) size 784x18
        LayoutText {#text} at (0,0) size 74x18
          text run at (0,0) width 74: "dom access"
      LayoutTable {TABLE} at (0,18) size 64x34 [border: (1px outset #808080)]
        LayoutTableSection {TBODY} at (1,1) size 62x32
          LayoutTableRow {TR} at (0,1) size 62x30
            LayoutTableCell {TD} at (1,1) size 60x30 [border: (5px solid #008000)] [r=0 c=0 rs=1 cs=1]
              LayoutText {#text} at (6,6) size 48x18
                text run at (6,6) width 48: "100000"
      LayoutBlockFlow (anonymous) at (0,52) size 784x18
        LayoutText {#text} at (0,0) size 60x18
          text run at (0,0) width 60: "reference"
      LayoutTable {TABLE} at (0,70) size 64x34 [border: (1px outset #808080)]
        LayoutTableSection {TBODY} at (1,1) size 62x32
          LayoutTableRow {TR} at (0,1) size 62x30
            LayoutTableCell {TD} at (1,1) size 60x30 [border: (5px solid #008000)] [r=0 c=0 rs=1 cs=1]
              LayoutText {#text} at (6,6) size 48x18
                text run at (6,6) width 48: "100000"
