layer at (0,0) size 800x600
  LayoutView at (0,0) size 800x600
layer at (0,0) size 800x600
  LayoutBlockFlow {HTML} at (0,0) size 800x600
    LayoutBlockFlow {BODY} at (8,8) size 784x584
      LayoutTable {TABLE} at (0,0) size 80x93
        LayoutTableSection {TBODY} at (0,0) size 80x93
          LayoutTableRow {TR} at (0,0) size 80x28
            LayoutTableCell {TD} at (0,0) size 30x93 [r=0 c=0 rs=3 cs=1]
              LayoutImage {IMG} at (0,0) size 30x93
            LayoutTableCell {TD} at (30,0) size 50x28 [r=0 c=1 rs=1 cs=1]
              LayoutImage {IMG} at (0,0) size 25x28
              LayoutImage {IMG} at (25,0) size 25x28
          LayoutTableRow {TR} at (0,28) size 80x25
            LayoutTableCell {TD} at (30,28) size 50x25 [r=1 c=1 rs=1 cs=1]
              LayoutImage {IMG} at (0,0) size 25x25
              LayoutImage {IMG} at (25,0) size 25x25
          LayoutTableRow {TR} at (0,53) size 80x40
            LayoutTableCell {TD} at (30,53) size 50x40 [r=2 c=1 rs=1 cs=1]
              LayoutImage {IMG} at (0,0) size 25x40
              LayoutImage {IMG} at (25,0) size 25x40
      LayoutBlockFlow (anonymous) at (0,93) size 784x18
        LayoutText {#text} at (0,0) size 323x18
          text run at (0,0) width 323: "Here's the same table without the off-by-one error."
      LayoutTable {TABLE} at (0,111) size 80x93
        LayoutTableSection {TBODY} at (0,0) size 80x93
          LayoutTableRow {TR} at (0,0) size 80x28
            LayoutTableCell {TD} at (0,0) size 30x93 [r=0 c=0 rs=3 cs=1]
              LayoutImage {IMG} at (0,0) size 30x93
            LayoutTableCell {TD} at (30,0) size 50x28 [r=0 c=1 rs=1 cs=1]
              LayoutImage {IMG} at (0,0) size 25x28
              LayoutImage {IMG} at (25,0) size 25x28
          LayoutTableRow {TR} at (0,28) size 80x25
            LayoutTableCell {TD} at (30,28) size 50x25 [r=1 c=1 rs=1 cs=1]
              LayoutImage {IMG} at (0,0) size 25x25
              LayoutImage {IMG} at (25,0) size 25x25
          LayoutTableRow {TR} at (0,53) size 80x40
            LayoutTableCell {TD} at (30,53) size 50x40 [r=2 c=1 rs=1 cs=1]
              LayoutImage {IMG} at (0,0) size 25x40
              LayoutImage {IMG} at (25,0) size 25x40
