layer at (0,0) size 800x600
  LayoutView at (0,0) size 800x600
layer at (0,0) size 800x600
  LayoutBlockFlow {HTML} at (0,0) size 800x600
    LayoutBlockFlow {BODY} at (8,8) size 784x584 [bgcolor=#FFFFFF]
      LayoutBlockFlow {H4} at (0,0) size 784x18
        LayoutText {#text} at (0,0) size 156x18
          text run at (0,0) width 156: "Testcase distilled from "
        LayoutInline {A} at (0,0) size 167x18 [color=#0000EE]
          LayoutText {#text} at (156,0) size 167x18
            text run at (156,0) width 167: "http://www.weather.com"
      LayoutTable {TABLE} at (0,39.27) size 450x196
        LayoutTableSection {TBODY} at (0,0) size 450x196
          LayoutTableRow {TR} at (0,0) size 450x27
            LayoutTableCell {TD} at (0,0) size 325x17 [r=0 c=0 rs=1 cs=3]
              LayoutImage {IMG} at (0,0) size 318x17
            LayoutTableCell {TD} at (325,0) size 125x196 [r=0 c=3 rs=2 cs=1]
              LayoutTable {TABLE} at (0,0) size 125x196 [bgcolor=#E0EBF5]
                LayoutTableSection {TBODY} at (0,0) size 125x196
                  LayoutTableRow {TR} at (0,0) size 125x196
                    LayoutTableCell {TD} at (0,0) size 125x196 [r=0 c=0 rs=1 cs=1]
                      LayoutImage {IMG} at (0,0) size 125x34
                      LayoutBR {BR} at (125,34) size 0x0
                      LayoutText {#text} at (0,34) size 122x36
                        text run at (0,34) width 122: "Jose moving out to"
                        text run at (0,52) width 21: "sea"
                      LayoutBR {BR} at (20,66) size 1x0
                      LayoutBR {BR} at (0,70) size 0x18
                      LayoutBR {BR} at (0,88) size 0x18
                      LayoutBR {BR} at (0,106) size 0x18
                      LayoutBR {BR} at (0,124) size 0x18
                      LayoutBR {BR} at (0,142) size 0x18
                      LayoutBR {BR} at (0,160) size 0x18
                      LayoutBR {BR} at (0,178) size 0x18
          LayoutTableRow {TR} at (0,27) size 450x169
            LayoutTableCell {TD} at (0,27) size 167x105 [r=1 c=0 rs=1 cs=1]
              LayoutImage {IMG} at (0,0) size 167x105
              LayoutText {#text} at (0,0) size 0x0
            LayoutTableCell {TD} at (167,102) size 4x18 [r=1 c=1 rs=1 cs=1]
              LayoutText {#text} at (0,0) size 4x18
                text run at (0,0) width 4: " "
            LayoutTableCell {TD} at (171,27) size 154x75 [r=1 c=2 rs=1 cs=1]
              LayoutInline {FONT} at (0,0) size 144x75
                LayoutInline {B} at (0,0) size 66x15
                  LayoutText {#text} at (0,0) size 66x15
                    text run at (0,0) width 66: "Chilly time"
                LayoutBR {BR} at (65,12) size 1x0
                LayoutText {#text} at (0,15) size 144x60
                  text run at (0,15) width 120: "Though the calendar"
                  text run at (0,30) width 121: "disagrees, the feel of"
                  text run at (0,45) width 144: "winter is in the air across"
                  text run at (0,60) width 102: "much of the East."
              LayoutText {#text} at (0,0) size 0x0
