layer at (0,0) size 800x600
  LayoutView at (0,0) size 800x600
layer at (0,0) size 800x600
  LayoutBlockFlow {HTML} at (0,0) size 800x600
    LayoutBlockFlow {BODY} at (8,8) size 784x584
      LayoutTable {TABLE} at (0,0) size 784x62
        LayoutTableSection {TBODY} at (0,0) size 784x62
          LayoutTableRow {TR} at (0,2) size 784x2
            LayoutTableCell {TD} at (2,2) size 780x2 [r=0 c=0 rs=1 cs=1]
          LayoutTableRow {TR} at (0,6) size 784x54
            LayoutTableCell {TD} at (2,6) size 780x54 [r=1 c=0 rs=1 cs=1]
              LayoutBlockFlow (anonymous) at (1,1) size 778x36
                LayoutText {#text} at (0,0) size 771x36
                  text run at (0,0) width 771: "BlaBlaBla Bla BlaBla BlaBlaBlaBla Bla Bla Bla BlaBlaBla BlaBla Bla BlaBla BlaBlaBlaBla BlaBla Bla BlaBla BlaBla"
                  text run at (0,18) width 23: "Bla"
              LayoutBlockFlow {P} at (1,53) size 778x0
      LayoutBlockFlow (anonymous) at (0,62) size 784x18
        LayoutBR {BR} at (0,0) size 0x18
      LayoutTable {TABLE} at (0,80) size 784x62
        LayoutTableSection {TBODY} at (0,0) size 784x62
          LayoutTableRow {TR} at (0,2) size 784x54
            LayoutTableCell {TD} at (2,2) size 780x54 [r=0 c=0 rs=1 cs=1]
              LayoutBlockFlow (anonymous) at (1,1) size 778x36
                LayoutText {#text} at (0,0) size 771x36
                  text run at (0,0) width 771: "BlaBlaBla Bla BlaBla BlaBlaBlaBla Bla Bla Bla BlaBlaBla BlaBla Bla BlaBla BlaBlaBlaBla BlaBla Bla BlaBla BlaBla"
                  text run at (0,18) width 23: "Bla"
              LayoutBlockFlow {P} at (1,53) size 778x0
          LayoutTableRow {TR} at (0,58) size 784x2
            LayoutTableCell {TD} at (2,58) size 780x2 [r=1 c=0 rs=1 cs=1]
