layer at (0,0) size 800x600
  LayoutView at (0,0) size 800x600
layer at (0,0) size 800x600
  LayoutBlockFlow {HTML} at (0,0) size 800x600
    LayoutBlockFlow {BODY} at (8,8) size 784x584
      LayoutTable {TABLE} at (0,0) size 784x92 [border: (1px outset #808080)]
        LayoutTableSection {TBODY} at (1,1) size 782x90
          LayoutTableRow {TR} at (0,2) size 782x86
            LayoutTableCell {TD} at (2,2) size 620x86 [border: (1px inset #808080)] [r=0 c=0 rs=1 cs=1]
              LayoutBlockFlow (anonymous) at (2,2) size 616x18
                LayoutText {#text} at (0,0) size 260x18
                  text run at (0,0) width 260: "some normal text before the nested table"
              LayoutTable {TABLE} at (52,20) size 554x46 [border: (1px outset #808080)]
                LayoutTableSection {TBODY} at (1,1) size 552x44
                  LayoutTableRow {TR} at (0,2) size 552x40
                    LayoutTableCell {TD} at (2,2) size 181x40 [border: (1px inset #808080)] [r=0 c=0 rs=1 cs=1]
                      LayoutText {#text} at (2,2) size 161x36
                        text run at (2,2) width 161: "selection of words to pad"
                        text run at (2,20) width 59: "table cell"
                    LayoutTableCell {TD} at (185,2) size 181x40 [border: (1px inset #808080)] [r=0 c=1 rs=1 cs=1]
                      LayoutText {#text} at (2,2) size 161x36
                        text run at (2,2) width 161: "selection of words to pad"
                        text run at (2,20) width 59: "table cell"
                    LayoutTableCell {TD} at (368,2) size 182x40 [border: (1px inset #808080)] [r=0 c=2 rs=1 cs=1]
                      LayoutText {#text} at (2,2) size 161x36
                        text run at (2,2) width 161: "selection of words to pad"
                        text run at (2,20) width 59: "table cell"
              LayoutBlockFlow (anonymous) at (2,66) size 616x18
                LayoutText {#text} at (0,0) size 248x18
                  text run at (0,0) width 248: "some normal text after the nested table"
            LayoutTableCell {TD} at (624,25) size 156x40 [border: (1px inset #808080)] [r=0 c=1 rs=1 cs=1]
              LayoutText {#text} at (2,2) size 150x36
                text run at (2,2) width 150: "contents of table cell to"
                text run at (2,20) width 31: "right"
      LayoutTable {TABLE} at (0,92) size 784x92 [border: (1px outset #808080)]
        LayoutTableSection {TBODY} at (1,1) size 782x90
          LayoutTableRow {TR} at (0,2) size 782x86
            LayoutTableCell {TD} at (2,2) size 620x86 [border: (1px inset #808080)] [r=0 c=0 rs=1 cs=1]
              LayoutBlockFlow (anonymous) at (2,2) size 616x18
                LayoutText {#text} at (0,0) size 260x18
                  text run at (0,0) width 260: "some normal text before the nested table"
              LayoutTable {TABLE} at (52,20) size 566x46 [border: (1px outset #808080)]
                LayoutTableSection {TBODY} at (1,1) size 564x44
                  LayoutTableRow {TR} at (0,2) size 564x40
                    LayoutTableCell {TD} at (2,2) size 185x40 [border: (1px inset #808080)] [r=0 c=0 rs=1 cs=1]
                      LayoutText {#text} at (2,2) size 161x36
                        text run at (2,2) width 161: "selection of words to pad"
                        text run at (2,20) width 59: "table cell"
                    LayoutTableCell {TD} at (189,2) size 185x40 [border: (1px inset #808080)] [r=0 c=1 rs=1 cs=1]
                      LayoutText {#text} at (2,2) size 161x36
                        text run at (2,2) width 161: "selection of words to pad"
                        text run at (2,20) width 59: "table cell"
                    LayoutTableCell {TD} at (376,2) size 186x40 [border: (1px inset #808080)] [r=0 c=2 rs=1 cs=1]
                      LayoutText {#text} at (2,2) size 161x36
                        text run at (2,2) width 161: "selection of words to pad"
                        text run at (2,20) width 59: "table cell"
              LayoutBlockFlow (anonymous) at (2,66) size 616x18
                LayoutText {#text} at (0,0) size 248x18
                  text run at (0,0) width 248: "some normal text after the nested table"
            LayoutTableCell {TD} at (624,25) size 156x40 [border: (1px inset #808080)] [r=0 c=1 rs=1 cs=1]
              LayoutText {#text} at (2,2) size 150x36
                text run at (2,2) width 150: "contents of table cell to"
                text run at (2,20) width 31: "right"
      LayoutTable {TABLE} at (0,184) size 784x120 [border: (1px outset #808080)]
        LayoutTableSection {TBODY} at (1,1) size 782x118
          LayoutTableRow {TR} at (0,2) size 782x114
            LayoutTableCell {TD} at (2,2) size 624x114 [border: (1px inset #808080)] [r=0 c=0 rs=1 cs=1]
              LayoutBlockFlow (anonymous) at (2,2) size 620x18
                LayoutText {#text} at (0,0) size 260x18
                  text run at (0,0) width 260: "some normal text before the nested table"
              LayoutTable {TABLE} at (52,20) size 570x74 [border: (10px solid #000000)]
                LayoutTableSection {TBODY} at (15,15) size 540x44
                  LayoutTableRow {TR} at (0,2) size 540x40
                    LayoutTableCell {TD} at (2,2) size 177x40 [border: (1px inset #000000)] [r=0 c=0 rs=1 cs=1]
                      LayoutText {#text} at (2,2) size 161x36
                        text run at (2,2) width 161: "selection of words to pad"
                        text run at (2,20) width 59: "table cell"
                    LayoutTableCell {TD} at (181,2) size 177x40 [border: (1px inset #000000)] [r=0 c=1 rs=1 cs=1]
                      LayoutText {#text} at (2,2) size 161x36
                        text run at (2,2) width 161: "selection of words to pad"
                        text run at (2,20) width 59: "table cell"
                    LayoutTableCell {TD} at (360,2) size 178x40 [border: (1px inset #000000)] [r=0 c=2 rs=1 cs=1]
                      LayoutText {#text} at (2,2) size 161x36
                        text run at (2,2) width 161: "selection of words to pad"
                        text run at (2,20) width 59: "table cell"
              LayoutBlockFlow (anonymous) at (2,94) size 620x18
                LayoutText {#text} at (0,0) size 248x18
                  text run at (0,0) width 248: "some normal text after the nested table"
            LayoutTableCell {TD} at (628,39) size 152x40 [border: (1px inset #808080)] [r=0 c=1 rs=1 cs=1]
              LayoutText {#text} at (2,2) size 133x36
                text run at (2,2) width 133: "contents of table cell"
                text run at (2,20) width 47: "to right"
