layer at (0,0) size 800x600
  LayoutView at (0,0) size 800x600
layer at (0,0) size 800x600
  LayoutBlockFlow {HTML} at (0,0) size 800x600
    LayoutBlockFlow {BODY} at (8,8) size 784x584
      LayoutTable {TABLE} at (0,0) size 200x200
        LayoutTableSection {TBODY} at (0,0) size 200x200
          LayoutTableRow {TR} at (0,2) size 200x196
            LayoutTableCell {TD} at (2,90) size 196x20 [bgcolor=#008000] [r=0 c=0 rs=1 cs=1]
              LayoutText {#text} at (1,1) size 172x18
                text run at (1,1) width 172: "I should be 200px x 200px"
