layer at (0,0) size 800x600
  LayoutView at (0,0) size 800x600
layer at (0,0) size 800x72
  LayoutBlockFlow {HTML} at (0,0) size 800x72
    LayoutBlockFlow {BODY} at (8,8) size 784x56
      LayoutBlockFlow {DIV} at (0,0) size 784x56
        LayoutTable {TABLE} at (0,0) size 99x56 [border: (1px outset #808080)]
          LayoutTableSection {TBODY} at (1,1) size 97x54
            LayoutTableRow {TR} at (0,2) size 97x50
              LayoutTableCell {TD} at (2,2) size 93x50 [border: (1px inset #808080)] [r=0 c=0 rs=1 cs=1]
                LayoutText {#text} at (2,2) size 89x46
                  text run at (2,2) width 89: "aaaaa"
