layer at (0,0) size 800x600
  LayoutView at (0,0) size 800x600
layer at (0,0) size 800x600
  LayoutBlockFlow {HTML} at (0,0) size 800x600
    LayoutBlockFlow {BODY} at (8,8) size 784x584
      LayoutTable {TABLE} at (0,0) size 71x88 [border: (1px outset #808080)]
        LayoutBlockFlow {CAPTION} at (0,0) size 71x36 [color=#008000] [bgcolor=#FFFFE0]
          LayoutText {#text} at (6,0) size 63x36
            text run at (6,0) width 59: "Where is"
            text run at (4,18) width 63: "the table?"
        LayoutTableSection {THEAD} at (1,37) size 69x26
          LayoutTableRow {TR} at (0,2) size 69x22
            LayoutTableCell {TD} at (2,2) size 65x22 [border: (1px inset #808080)] [r=0 c=0 rs=1 cs=1]
              LayoutText {#text} at (2,2) size 47x18
                text run at (2,2) width 47: "Header"
        LayoutTableSection {TBODY} at (1,63) size 69x24
          LayoutTableRow {TR} at (0,0) size 69x22
            LayoutTableCell {TD} at (2,0) size 65x22 [border: (1px inset #808080)] [r=0 c=0 rs=1 cs=1]
              LayoutText {#text} at (2,2) size 61x18
                text run at (2,2) width 61: "Kibology"
      LayoutBlockFlow {HR} at (0,96) size 784x2 [border: (1px inset #EEEEEE)]
      LayoutTable {TABLE} at (0,106) size 71x52 [border: (1px outset #808080)]
        LayoutTableSection {THEAD} at (1,1) size 69x26
          LayoutTableRow {TR} at (0,2) size 69x22
            LayoutTableCell {TD} at (2,2) size 65x22 [border: (1px inset #808080)] [r=0 c=0 rs=1 cs=1]
              LayoutText {#text} at (2,2) size 47x18
                text run at (2,2) width 47: "Header"
        LayoutTableSection {TBODY} at (1,27) size 69x24
          LayoutTableRow {TR} at (0,0) size 69x22
            LayoutTableCell {TD} at (2,0) size 65x22 [border: (1px inset #808080)] [r=0 c=0 rs=1 cs=1]
              LayoutText {#text} at (2,2) size 61x18
                text run at (2,2) width 61: "Kibology"
      LayoutBlockFlow {HR} at (0,166) size 784x2 [border: (1px inset #EEEEEE)]
      LayoutTable {TABLE} at (0,176) size 71x88 [border: (1px outset #808080)]
        LayoutBlockFlow {CAPTION} at (0,0) size 71x36 [color=#008000] [bgcolor=#FFFFE0]
          LayoutText {#text} at (0,0) size 71x36
            text run at (0,0) width 71: "Here is the"
            text run at (19,18) width 33: "table"
        LayoutTableSection {THEAD} at (1,37) size 69x26
          LayoutTableRow {TR} at (0,2) size 69x22
            LayoutTableCell {TD} at (2,2) size 65x22 [border: (1px inset #808080)] [r=0 c=0 rs=1 cs=1]
              LayoutText {#text} at (2,2) size 47x18
                text run at (2,2) width 47: "Header"
        LayoutTableSection {TBODY} at (1,63) size 69x24
          LayoutTableRow {TR} at (0,0) size 69x22
            LayoutTableCell {TD} at (2,0) size 65x22 [border: (1px inset #808080)] [r=0 c=0 rs=1 cs=1]
              LayoutText {#text} at (2,2) size 61x18
                text run at (2,2) width 61: "Kibology"
      LayoutTable {TABLE} at (0,264) size 71x88 [border: (1px outset #808080)]
        LayoutTableSection {THEAD} at (1,37) size 69x26
          LayoutTableRow {TR} at (0,2) size 69x22
            LayoutTableCell {TD} at (2,2) size 65x22 [border: (1px inset #808080)] [r=0 c=0 rs=1 cs=1]
              LayoutText {#text} at (2,2) size 47x18
                text run at (2,2) width 47: "Header"
        LayoutBlockFlow {CAPTION} at (0,0) size 71x36 [color=#008000] [bgcolor=#FFFFE0]
          LayoutText {#text} at (6,0) size 63x36
            text run at (6,0) width 59: "Where is"
            text run at (4,18) width 63: "the table?"
        LayoutTableSection {TBODY} at (1,63) size 69x24
          LayoutTableRow {TR} at (0,0) size 69x22
            LayoutTableCell {TD} at (2,0) size 65x22 [border: (1px inset #808080)] [r=0 c=0 rs=1 cs=1]
              LayoutText {#text} at (2,2) size 61x18
                text run at (2,2) width 61: "Kibology"
      LayoutBlockFlow {HR} at (0,360) size 784x2 [border: (1px inset #EEEEEE)]
      LayoutTable {TABLE} at (0,370) size 71x52 [border: (1px outset #808080)]
        LayoutTableSection {THEAD} at (1,1) size 69x26
          LayoutTableRow {TR} at (0,2) size 69x22
            LayoutTableCell {TD} at (2,2) size 65x22 [border: (1px inset #808080)] [r=0 c=0 rs=1 cs=1]
              LayoutText {#text} at (2,2) size 47x18
                text run at (2,2) width 47: "Header"
        LayoutTableSection {TBODY} at (1,27) size 69x24
          LayoutTableRow {TR} at (0,0) size 69x22
            LayoutTableCell {TD} at (2,0) size 65x22 [border: (1px inset #808080)] [r=0 c=0 rs=1 cs=1]
              LayoutText {#text} at (2,2) size 61x18
                text run at (2,2) width 61: "Kibology"
      LayoutBlockFlow {HR} at (0,430) size 784x2 [border: (1px inset #EEEEEE)]
      LayoutTable {TABLE} at (0,440) size 71x88 [border: (1px outset #808080)]
        LayoutTableSection {THEAD} at (1,37) size 69x26
          LayoutTableRow {TR} at (0,2) size 69x22
            LayoutTableCell {TD} at (2,2) size 65x22 [border: (1px inset #808080)] [r=0 c=0 rs=1 cs=1]
              LayoutText {#text} at (2,2) size 47x18
                text run at (2,2) width 47: "Header"
        LayoutBlockFlow {CAPTION} at (0,0) size 71x36 [color=#008000] [bgcolor=#FFFFE0]
          LayoutText {#text} at (0,0) size 71x36
            text run at (0,0) width 71: "Here is the"
            text run at (19,18) width 33: "table"
        LayoutTableSection {TBODY} at (1,63) size 69x24
          LayoutTableRow {TR} at (0,0) size 69x22
            LayoutTableCell {TD} at (2,0) size 65x22 [border: (1px inset #808080)] [r=0 c=0 rs=1 cs=1]
              LayoutText {#text} at (2,2) size 61x18
                text run at (2,2) width 61: "Kibology"
