layer at (0,0) size 800x600
  LayoutView at (0,0) size 800x600
layer at (0,0) size 800x600
  LayoutBlockFlow {HTML} at (0,0) size 800x600
    LayoutBlockFlow {BODY} at (8,8) size 784x584
      LayoutBlockFlow {H3} at (0,0) size 784x22
        LayoutText {#text} at (0,0) size 157x22
          text run at (0,0) width 157: "Thead/Tfoot/Tbody"
      LayoutBlockFlow {PRE} at (0,40.72) size 784x108
        LayoutInline {FONT} at (0,0) size 319x108
          LayoutText {#text} at (0,0) size 6x12
            text run at (0,0) width 6: " "
            text run at (6,0) width 0: " "
          LayoutInline {B} at (0,0) size 30x12
            LayoutText {#text} at (0,12) size 30x12
              text run at (0,12) width 30: "thead"
          LayoutText {#text} at (30,12) size 319x24
            text run at (30,12) width 78: " Row 1;      "
            text run at (108,12) width 0: " "
            text run at (0,24) width 319: "      background-color: cyan;     text-align: center;"
          LayoutBR {BR} at (318,34) size 1x0
          LayoutText {#text} at (0,36) size 0x12
            text run at (0,36) width 0: " "
          LayoutInline {B} at (0,0) size 30x12
            LayoutText {#text} at (0,48) size 30x12
              text run at (0,48) width 30: "tbody"
          LayoutText {#text} at (30,48) size 313x24
            text run at (30,48) width 78: " Rows 2,3,4; "
            text run at (108,48) width 0: " "
            text run at (0,60) width 313: "      background-color: #9999ff;  text-align: right;"
          LayoutBR {BR} at (312,70) size 1x0
          LayoutText {#text} at (0,72) size 0x12
            text run at (0,72) width 0: " "
          LayoutInline {B} at (0,0) size 30x12
            LayoutText {#text} at (0,84) size 30x12
              text run at (0,84) width 30: "tfoot"
          LayoutText {#text} at (30,84) size 319x24
            text run at (30,84) width 78: " Rows 5, 6;  "
            text run at (108,84) width 0: " "
            text run at (0,96) width 319: "      background-color: #ff99ff;  text-align: center;"
            text run at (318,96) width 1: " "
      LayoutTable {TABLE} at (0,161.72) size 784x210 [border: (1px outset #808080)]
        LayoutTableSection {THEAD} at (1,1) size 782x38 [bgcolor=#00FFFF]
          LayoutTableRow {TR} at (0,4) size 782x30
            LayoutTableCell {TD} at (4,4) size 137x30 [border: (1px inset #808080)] [r=0 c=0 rs=1 cs=1]
              LayoutText {#text} at (6,6) size 38x18
                text run at (6,6) width 38: "R1C1"
            LayoutTableCell {TD} at (145,4) size 137x30 [border: (1px inset #808080)] [r=0 c=1 rs=1 cs=1]
              LayoutText {#text} at (6,6) size 38x18
                text run at (6,6) width 38: "R1C2"
            LayoutTableCell {TD} at (286,4) size 173x30 [border: (1px inset #808080)] [r=0 c=2 rs=1 cs=1]
              LayoutText {#text} at (6,6) size 38x18
                text run at (6,6) width 38: "R1C3"
            LayoutTableCell {TD} at (463,4) size 173x30 [border: (1px inset #808080)] [r=0 c=3 rs=2 cs=1]
              LayoutText {#text} at (6,6) size 51x18
                text run at (6,6) width 51: "R1-2C4"
            LayoutTableCell {TD} at (640,4) size 138x30 [border: (1px inset #808080)] [r=0 c=4 rs=1 cs=1]
              LayoutText {#text} at (6,6) size 38x18
                text run at (6,6) width 38: "R1C5"
        LayoutTableSection {TFOOT} at (1,141) size 782x68 [bgcolor=#FF99FF]
          LayoutTableRow {TR} at (0,0) size 782x30
            LayoutTableCell {TD} at (4,0) size 137x30 [border: (1px inset #808080)] [r=0 c=0 rs=1 cs=1]
              LayoutText {#text} at (6,6) size 38x18
                text run at (6,6) width 38: "R5C1"
            LayoutTableCell {TD} at (145,0) size 137x30 [border: (1px inset #808080)] [r=0 c=1 rs=1 cs=1]
              LayoutText {#text} at (6,6) size 38x18
                text run at (6,6) width 38: "R5C2"
            LayoutTableCell {TD} at (286,17) size 173x30 [border: (1px inset #808080)] [r=0 c=2 rs=2 cs=1]
              LayoutText {#text} at (6,6) size 51x18
                text run at (6,6) width 51: "R5-6C3"
            LayoutTableCell {TD} at (463,17) size 173x30 [border: (1px inset #808080)] [r=0 c=3 rs=2 cs=1]
              LayoutText {#text} at (6,6) size 51x18
                text run at (6,6) width 51: "R5-6C4"
            LayoutTableCell {TD} at (640,0) size 138x30 [border: (1px inset #808080)] [r=0 c=4 rs=1 cs=1]
              LayoutText {#text} at (6,6) size 38x18
                text run at (6,6) width 38: "R5C5"
          LayoutTableRow {TR} at (0,34) size 782x30
            LayoutTableCell {TD} at (4,34) size 137x30 [border: (1px inset #808080)] [r=1 c=0 rs=1 cs=1]
              LayoutText {#text} at (6,6) size 38x18
                text run at (6,6) width 38: "R6C1"
            LayoutTableCell {TD} at (145,34) size 137x30 [border: (1px inset #808080)] [r=1 c=1 rs=1 cs=1]
              LayoutText {#text} at (6,6) size 38x18
                text run at (6,6) width 38: "R6C2"
            LayoutTableCell {TD} at (640,34) size 138x30 [border: (1px inset #808080)] [r=1 c=4 rs=1 cs=1]
              LayoutText {#text} at (6,6) size 38x18
                text run at (6,6) width 38: "R6C5"
        LayoutTableSection {TBODY} at (1,39) size 782x102 [bgcolor=#9999FF]
          LayoutTableRow {TR} at (0,0) size 782x30
            LayoutTableCell {TD} at (4,0) size 137x30 [border: (1px inset #808080)] [r=0 c=0 rs=1 cs=1]
              LayoutText {#text} at (6,6) size 38x18
                text run at (6,6) width 38: "R2C1"
            LayoutTableCell {TD} at (145,0) size 137x30 [border: (1px inset #808080)] [r=0 c=1 rs=1 cs=1]
              LayoutText {#text} at (6,6) size 38x18
                text run at (6,6) width 38: "R2C3"
            LayoutTableCell {TD} at (286,0) size 173x30 [border: (1px inset #808080)] [r=0 c=2 rs=1 cs=1]
              LayoutText {#text} at (6,6) size 38x18
                text run at (6,6) width 38: "R2C3"
            LayoutTableCell {TD} at (463,0) size 173x30 [border: (1px inset #808080)] [r=0 c=3 rs=1 cs=1]
              LayoutText {#text} at (6,6) size 38x18
                text run at (6,6) width 38: "R2C5"
          LayoutTableRow {TR} at (0,34) size 782x30
            LayoutTableCell {TD} at (4,34) size 137x30 [border: (1px inset #808080)] [r=1 c=0 rs=1 cs=1]
              LayoutText {#text} at (6,6) size 38x18
                text run at (6,6) width 38: "R3C1"
            LayoutTableCell {TD} at (145,34) size 137x30 [border: (1px inset #808080)] [r=1 c=1 rs=1 cs=1]
              LayoutText {#text} at (6,6) size 38x18
                text run at (6,6) width 38: "R3C2"
            LayoutTableCell {TD} at (286,34) size 492x30 [border: (1px inset #808080)] [r=1 c=2 rs=1 cs=3]
              LayoutText {#text} at (6,6) size 51x18
                text run at (6,6) width 51: "R3C3-5"
          LayoutTableRow {TR} at (0,68) size 782x30
            LayoutTableCell {TD} at (4,68) size 455x30 [border: (1px inset #808080)] [r=2 c=0 rs=1 cs=3]
              LayoutText {#text} at (6,6) size 51x18
                text run at (6,6) width 51: "R4C1-3"
            LayoutTableCell {TD} at (463,68) size 173x30 [border: (1px inset #808080)] [r=2 c=3 rs=1 cs=1]
              LayoutText {#text} at (6,6) size 38x18
                text run at (6,6) width 38: "R4C4"
            LayoutTableCell {TD} at (640,68) size 138x30 [border: (1px inset #808080)] [r=2 c=4 rs=1 cs=1]
              LayoutText {#text} at (6,6) size 38x18
                text run at (6,6) width 38: "R4C5"
