layer at (0,0) size 800x600
  LayoutView at (0,0) size 800x600
layer at (0,0) size 800x600
  LayoutBlockFlow {HTML} at (0,0) size 800x600
    LayoutBlockFlow {BODY} at (8,8) size 784x584
      LayoutTable {TABLE} at (0,0) size 49x24
        LayoutTableSection (anonymous) at (0,0) size 49x24
          LayoutTableRow {TR} at (0,2) size 49x20
            LayoutTableCell {TD} at (2,2) size 45x20 [r=0 c=0 rs=1 cs=1]
              LayoutText {#text} at (1,1) size 43x18
                text run at (1,1) width 43: "testing"
