layer at (0,0) size 800x600
  LayoutView at (0,0) size 800x600
layer at (0,0) size 800x600
  LayoutBlockFlow {HTML} at (0,0) size 800x600
    LayoutBlockFlow {BODY} at (8,8) size 784x584 [bgcolor=#C0C0C0]
      LayoutBlockFlow {P} at (0,0) size 784x18
        LayoutText {#text} at (0,0) size 150x18
          text run at (0,0) width 150: "Border enabled version"
      LayoutTable {TABLE} at (0,34) size 335x226 [border: (1px outset #808080)]
        LayoutTableSection {TBODY} at (1,1) size 333x224
          LayoutTableRow {TR} at (0,0) size 333x2
            LayoutTableCell {TD} at (0,0) size 31x2 [border: (1px inset #808080)] [r=0 c=0 rs=1 cs=1]
            LayoutTableCell {TD} at (31,0) size 302x2 [border: (1px inset #808080)] [r=0 c=1 rs=1 cs=1]
          LayoutTableRow {TR} at (0,2) size 333x222
            LayoutTableCell {TD} at (0,2) size 333x222 [border: (1px inset #808080)] [r=1 c=0 rs=1 cs=2]
              LayoutImage {IMG} at (1,1) size 329x220
      LayoutBlockFlow {P} at (0,276) size 784x18
        LayoutText {#text} at (0,0) size 208x18
          text run at (0,0) width 208: "Cellspanned cell's bgcolor is red"
      LayoutTable {TABLE} at (0,310) size 329x220
        LayoutTableSection {TBODY} at (0,0) size 329x220
          LayoutTableRow {TR} at (0,0) size 329x0
            LayoutTableCell {TD} at (0,0) size 29x0 [r=0 c=0 rs=1 cs=1]
            LayoutTableCell {TD} at (29,0) size 300x0 [r=0 c=1 rs=1 cs=1]
          LayoutTableRow {TR} at (0,0) size 329x220
            LayoutTableCell {TD} at (0,0) size 329x220 [bgcolor=#FF0000] [r=1 c=0 rs=1 cs=2]
              LayoutImage {IMG} at (0,0) size 329x220
