layer at (0,0) size 800x600
  LayoutView at (0,0) size 800x600
layer at (0,0) size 800x600
  LayoutBlockFlow {HTML} at (0,0) size 800x600
    LayoutBlockFlow {BODY} at (8,8) size 784x584
      LayoutTable {TABLE} at (0,0) size 470x30 [border: (3px solid #0000FF)]
        LayoutTableSection {TBODY} at (3,3) size 464x24
          LayoutTableRow {TR} at (0,2) size 464x20
            LayoutTableCell {TD} at (2,2) size 460x20 [r=0 c=0 rs=1 cs=1]
              LayoutText {#text} at (1,1) size 22x18
                text run at (1,1) width 22: "foo"
layer at (114,200) size 480x30
  LayoutTable (positioned) {TABLE} at (114,200) size 480x30 [border: (3px solid #0000FF)]
    LayoutTableSection {TBODY} at (3,3) size 474x24
      LayoutTableRow {TR} at (0,2) size 474x20
        LayoutTableCell {TD} at (2,2) size 470x20 [r=0 c=0 rs=1 cs=1]
          LayoutText {#text} at (1,1) size 22x18
            text run at (1,1) width 22: "foo"
layer at (164,150) size 486x24
  LayoutBlockFlow (positioned) {DIV} at (164,150) size 486x24 [border: (3px solid #008000)]
    LayoutText {#text} at (3,3) size 21x18
      text run at (3,3) width 21: "div"
