layer at (0,0) size 800x600 scrollWidth 808
  LayoutView at (0,0) size 800x600
layer at (0,0) size 800x600
  LayoutBlockFlow {HTML} at (0,0) size 800x600
    LayoutBlockFlow {BODY} at (8,8) size 784x584
      LayoutTable {TABLE} at (0,0) size 800x584 [border: (1px outset #808080)]
        LayoutTableSection {TBODY} at (1,1) size 798x582
          LayoutTableRow {TR} at (0,2) size 798x578
            LayoutTableCell {TD} at (2,2) size 794x578 [border: (1px inset #808080)] [r=0 c=0 rs=1 cs=1]
              LayoutTable {TABLE} at (2,2) size 790x574 [border: (1px outset #808080)]
                LayoutTableSection {TBODY} at (1,1) size 788x572
                  LayoutTableRow {TR} at (0,2) size 788x568
                    LayoutTableCell {TD} at (2,2) size 784x568 [border: (1px inset #808080)] [r=0 c=0 rs=1 cs=1]
layer at (18,18) size 790x564 backgroundClip at (0,0) size 800x600 clip at (0,0) size 800x600
  LayoutIFrame {IFRAME} at (2,2) size 790x564 [border: (5px solid #0000FF)]
    layer at (0,0) size 780x554 clip at (0,0) size 765x554 scrollHeight 1858
      LayoutView at (0,0) size 780x554
    layer at (0,0) size 765x1858 backgroundClip at (0,0) size 765x554 clip at (0,0) size 765x554
      LayoutBlockFlow {HTML} at (0,0) size 765x1858
        LayoutBlockFlow {BODY} at (0,0) size 765x1858 [bgcolor=#53799F]
          LayoutBlockFlow {CENTER} at (0,0) size 765x1858
            LayoutBlockFlow (anonymous) at (0,0) size 765x18
              LayoutBR {BR} at (382,0) size 1x18
            LayoutTable {TABLE} at (19.50,18) size 726x1822 [border: (1px solid #000000)]
              LayoutTableSection {TBODY} at (1,1) size 724x1820
                LayoutTableRow {TR} at (0,0) size 724x20
                  LayoutTableCell {TD} at (0,0) size 724x20 [bgcolor=#3F5694] [border: (1px solid #000000)] [r=0 c=0 rs=1 cs=1]
                    LayoutText {#text} at (343,1) size 38x18
                      text run at (343,1) width 38: "News"
                LayoutTableRow {TR} at (0,20) size 724x38
                  LayoutTableCell {TD} at (0,20) size 724x38 [border: (1px solid #000000)] [r=1 c=0 rs=1 cs=1]
                    LayoutInline {B} at (0,0) size 98x18
                      LayoutText {#text} at (313,1) size 98x18
                        text run at (313,1) width 98: "11. M\x{E4}rz 2002"
                    LayoutBR {BR} at (410,15) size 1x0
                    LayoutText {#text} at (43,19) size 638x18
                      text run at (43,19) width 499: "nun gibt es auch eine kommerzielle Version vom PopUp-Manager, mehr Info "
                      text run at (541,19) width 140: "unter komerz. Scripte"
                LayoutTableRow {TR} at (0,58) size 724x38
                  LayoutTableCell {TD} at (0,58) size 724x38 [border: (1px solid #000000)] [r=2 c=0 rs=1 cs=1]
                    LayoutInline {B} at (0,0) size 94x18
                      LayoutText {#text} at (315,1) size 94x18
                        text run at (315,1) width 94: "09.M\x{E4}rz 2002"
                      LayoutBR {BR} at (408,15) size 1x0
                    LayoutText {#text} at (155,19) size 414x18
                      text run at (155,19) width 414: "neues Script ist online, PopUp-Manager, mehr Info unter Scripte"
                LayoutTableRow {TR} at (0,96) size 724x38
                  LayoutTableCell {TD} at (0,96) size 724x38 [border: (1px solid #000000)] [r=3 c=0 rs=1 cs=1]
                    LayoutText {#text} at (298,1) size 128x18
                      text run at (298,1) width 128: "17. November 2001"
                    LayoutBR {BR} at (425,15) size 1x0
                    LayoutText {#text} at (277,19) size 170x18
                      text run at (277,19) width 170: "Endlich wieder Online! :-)"
                LayoutTableRow {TR} at (0,134) size 724x164
                  LayoutTableCell {TD} at (0,134) size 724x164 [border: (1px solid #000000)] [r=4 c=0 rs=1 cs=1]
                    LayoutText {#text} at (265,1) size 194x18
                      text run at (265,1) width 194: "23. Oktober 2001 (21:00 Uhr)"
                    LayoutBR {BR} at (458,15) size 1x0
                    LayoutText {#text} at (305,19) size 114x18
                      text run at (305,19) width 114: "Es ist vollbracht! "
                    LayoutBR {BR} at (418,33) size 1x0
                    LayoutText {#text} at (200,37) size 324x18
                      text run at (200,37) width 324: "Ich habe nun den .htaccess-BUG bei den Scripten:"
                    LayoutBR {BR} at (523,51) size 1x0
                    LayoutText {#text} at (99,55) size 526x18
                      text run at (99,55) width 526: "The Real Topsites, Sponsor Manager, Download Manager und Password Manager"
                    LayoutBR {BR} at (624,69) size 1x0
                    LayoutText {#text} at (114,73) size 496x18
                      text run at (114,73) width 435: "abgeschafft, brauchte 2 Tage daf\x{FC}r, dabei lag der Fehler vor meiner "
                      text run at (548,73) width 62: "Nase ! :-)"
                    LayoutBR {BR} at (609,87) size 1x0
                    LayoutText {#text} at (5,91) size 718x72
                      text run at (5,91) width 383: "F\x{FC}r Euch hei\x{DF}t es, wenn Ihr eines der Scripte benutzt, ladet "
                      text run at (387,91) width 332: "Euch die admin.cgi runter und vereinbart unbedingt"
                      text run at (7,109) width 135: "ein neues Password! "
                      text run at (141,109) width 460: "Au\x{DF}erdem wurde bei der Toplist die Sache mit dem Button Load/Klick "
                      text run at (600,109) width 117: "um programmiert,"
                      text run at (3,127) width 357: "f\x{FC}r die Leute die den Button Load/Klick Modus haben, "
                      text run at (359,127) width 362: "Ihr m\x{FC}st Euch auch die topsites.cgi laden und im Admin"
                      text run at (156,145) width 92: "Bereich unter "
                      text run at (247,145) width 321: "Modus unten die URL zu Eurem Button angeben!"
                LayoutTableRow {TR} at (0,298) size 724x38
                  LayoutTableCell {TD} at (0,298) size 724x38 [border: (1px solid #000000)] [r=5 c=0 rs=1 cs=1]
                    LayoutText {#text} at (305,1) size 114x18
                      text run at (305,1) width 114: "22. Oktober 2001"
                    LayoutBR {BR} at (418,15) size 1x0
                    LayoutText {#text} at (119,19) size 486x18
                      text run at (119,19) width 439: "Download-Bereich ist vorrerst geschlo\x{DF}en, kommen Sie bitte sp\x{E4}ter "
                      text run at (557,19) width 48: "wieder."
                LayoutTableRow {TR} at (0,336) size 724x56
                  LayoutTableCell {TD} at (0,336) size 724x56 [border: (1px solid #000000)] [r=6 c=0 rs=1 cs=1]
                    LayoutText {#text} at (265,1) size 194x18
                      text run at (265,1) width 194: "21. Oktober 2001 (22:45 Uhr)"
                    LayoutBR {BR} at (458,15) size 1x0
                    LayoutText {#text} at (21,19) size 682x36
                      text run at (21,19) width 417: "OK, sorry f\x{FC}r die Unannehmlichkeiten, aber Ihr m\x{FC}sst Euch nun "
                      text run at (437,19) width 266: "noch mal die Scripte runter laden und die"
                      text run at (32,37) width 210: "admin.cgi erneuern, hier kommt "
                      text run at (241,37) width 451: "noch das Password-Manager-Script dazu, sollte jetzt alles sicher sein! "
                    LayoutBR {BR} at (0,0) size 0x0
                LayoutTableRow {TR} at (0,392) size 724x110
                  LayoutTableCell {TD} at (0,392) size 724x110 [border: (1px solid #000000)] [r=7 c=0 rs=1 cs=1]
                    LayoutText {#text} at (265,1) size 194x18
                      text run at (265,1) width 194: "21. Oktober 2001 (20:50 Uhr)"
                    LayoutBR {BR} at (458,15) size 1x0
                    LayoutText {#text} at (166,19) size 392x18
                      text run at (166,19) width 392: "An alle Leute die follgende Scripte von G5-Scripts benutzen:"
                    LayoutBR {BR} at (557,33) size 1x0
                    LayoutText {#text} at (178,37) size 368x18
                      text run at (178,37) width 368: "The Real Topsites, Download Counter, Sponsor Manager"
                    LayoutBR {BR} at (545,51) size 1x0
                    LayoutText {#text} at (18,55) size 687x18
                      text run at (18,55) width 477: "bitte noch ein mal runter laden und die admin.cgi erneuern, beim Sponsor "
                      text run at (494,55) width 211: "Manager kommt noch eine Datei"
                    LayoutBR {BR} at (705,69) size 0x0
                    LayoutText {#text} at (302,73) size 120x18
                      text run at (302,73) width 120: "'variable.pl' dazu!!"
                    LayoutBR {BR} at (421,87) size 1x0
                    LayoutText {#text} at (68,91) size 588x18
                      text run at (68,91) width 482: "Der Grund : man hat festgestellt das .htaccess Password Schutz doch nicht "
                      text run at (549,91) width 107: "das sicherste ist!"
                LayoutTableRow {TR} at (0,502) size 724x198
                  LayoutTableCell {TD} at (0,502) size 724x198 [border: (1px solid #000000)] [r=8 c=0 rs=1 cs=1]
                    LayoutBlockFlow {P} at (1,1) size 722x144
                      LayoutText {#text} at (304,0) size 114x18
                        text run at (304,0) width 114: "13. Oktober 2001"
                      LayoutBR {BR} at (417,14) size 1x0
                      LayoutText {#text} at (75,18) size 572x18
                        text run at (75,18) width 492: "Ich habe es nun endlich geschafft das Gateway bei der Toplist mit IP-Sperre "
                        text run at (566,18) width 81: "zu versehen,"
                      LayoutBR {BR} at (646,32) size 1x0
                      LayoutText {#text} at (39,36) size 644x36
                        text run at (39,36) width 451: "dabei war der Fehler den ich vorher nicht verstand eine simple Sache, "
                        text run at (489,36) width 194: "h\x{E4}tte ich doch ein wenig mehr"
                        text run at (318,54) width 86: "nachgedacht!"
                      LayoutBR {BR} at (403,68) size 1x0
                      LayoutText {#text} at (3,72) size 718x72
                        text run at (3,72) width 437: "Des weiteren habe ich noch die Datensicherung umgeschrieben, f\x{FC}r "
                        text run at (439,72) width 280: "alle die Listen deren Hits ab und zu mal auf"
                        text run at (2,90) width 156: "0 gesetzt werden, sollte "
                        text run at (157,90) width 463: "jetzt nicht mehr passieren und ich habe noch den Mail Versand aus dem "
                        text run at (619,90) width 101: "Admin-Bereich"
                        text run at (12,108) width 355: "umgeschrieben und zwar wurde fr\x{FC}her der Text immer "
                        text run at (366,108) width 344: "zusammen gequetscht, die Enters wurden so zu sagen"
                        text run at (276,126) width 96: "ignoriert, jetzt "
                        text run at (371,126) width 75: "nicht mehr!"
                    LayoutBlockFlow {P} at (1,161) size 722x36
                      LayoutText {#text} at (4,0) size 714x36
                        text run at (4,0) width 380: ">> F\x{FC}r alle die das Script vor dem 11.10.01 runter geladen "
                        text run at (383,0) width 335: "haben, Ihr solltet es Euch noch mal runter laden und"
                        text run at (116,18) width 147: "die folgenden Dateien "
                        text run at (262,18) width 344: "durch die neuen ersetzen: topsites.cgi und admin.cgi ."
                LayoutTableRow {TR} at (0,700) size 724x38
                  LayoutTableCell {TD} at (0,700) size 724x38 [border: (1px solid #000000)] [r=9 c=0 rs=1 cs=1]
                    LayoutText {#text} at (306,1) size 112x18
                      text run at (306,1) width 112: "11. Oktober 2001"
                    LayoutBR {BR} at (417,15) size 1x0
                    LayoutText {#text} at (115,19) size 494x18
                      text run at (115,19) width 494: "neues Script ist online, .htaccess-Password-Manager, mehr Info unter Scripte"
                LayoutTableRow {TR} at (0,738) size 724x38
                  LayoutTableCell {TD} at (0,738) size 724x38 [border: (1px solid #000000)] [r=10 c=0 rs=1 cs=1]
                    LayoutText {#text} at (297,1) size 130x18
                      text run at (297,1) width 130: "08. September 2001"
                    LayoutBR {BR} at (426,15) size 1x0
                    LayoutText {#text} at (194,19) size 336x18
                      text run at (194,19) width 336: "Eine neu Version des Download Counters ist online!"
                LayoutTableRow {TR} at (0,776) size 724x56
                  LayoutTableCell {TD} at (0,776) size 724x56 [border: (1px solid #000000)] [r=11 c=0 rs=1 cs=1]
                    LayoutText {#text} at (309,1) size 106x18
                      text run at (309,1) width 106: "11. August 2001"
                    LayoutBR {BR} at (414,15) size 1x0
                    LayoutText {#text} at (23,19) size 678x18
                      text run at (23,19) width 453: "Ich habe so eben eine random.cgi f\x{FC}r den Topsites Script geschrieben. "
                      text run at (475,19) width 226: "Die random.cgi f\x{FC}hrt den Besucher"
                    LayoutBR {BR} at (700,33) size 1x0
                    LayoutText {#text} at (248,37) size 228x18
                      text run at (248,37) width 228: "auf eine zuf\x{E4}llig ausgew\x{E4}hlte Seite."
                LayoutTableRow {TR} at (0,832) size 724x56
                  LayoutTableCell {TD} at (0,832) size 724x56 [border: (1px solid #000000)] [r=12 c=0 rs=1 cs=1]
                    LayoutText {#text} at (308,1) size 108x18
                      text run at (308,1) width 108: "08. August 2001"
                    LayoutBR {BR} at (415,15) size 1x0
                    LayoutText {#text} at (89,19) size 546x18
                      text run at (89,19) width 469: "Ich schreibe gerade eine neue Version von dem Download Counter, bitte "
                      text run at (557,19) width 78: "schreibt mir"
                    LayoutBR {BR} at (634,33) size 1x0
                    LayoutText {#text} at (180,37) size 364x18
                      text run at (180,37) width 364: "ins Forum was Ihr da alles haben wollt, wer das benutzt!"
                LayoutTableRow {TR} at (0,888) size 724x56
                  LayoutTableCell {TD} at (0,888) size 724x56 [border: (1px solid #000000)] [r=13 c=0 rs=1 cs=1]
                    LayoutText {#text} at (320,1) size 84x18
                      text run at (320,1) width 84: "09. Juli 2001"
                    LayoutBR {BR} at (403,15) size 1x0
                    LayoutText {#text} at (7,19) size 710x36
                      text run at (7,19) width 456: "eine kleiner Bug in der Topsites.cgi wurde behoben! Wer m\x{F6}chte kann "
                      text run at (462,19) width 255: "sich die jetzige Zip runter laden und die"
                      text run at (175,37) width 175: "topsites.cgi auktualisieren, "
                      text run at (349,37) width 200: "mu\x{DF} aber nicht unbedingt sein!"
                LayoutTableRow {TR} at (0,944) size 724x56
                  LayoutTableCell {TD} at (0,944) size 724x56 [border: (1px solid #000000)] [r=14 c=0 rs=1 cs=1]
                    LayoutText {#text} at (320,1) size 84x18
                      text run at (320,1) width 84: "01. Juli 2001"
                    LayoutBR {BR} at (403,15) size 1x0
                    LayoutText {#text} at (75,19) size 574x18
                      text run at (75,19) width 507: "Jetzt haben wir einen Support Forum, postet Eure Fragen da rein und versuche "
                      text run at (581,19) width 68: "Sie alle zu"
                    LayoutBR {BR} at (648,33) size 1x0
                    LayoutText {#text} at (50,37) size 624x18
                      text run at (50,37) width 397: "beantworten! Au\x{DF}erdem k\x{F6}nnt Ihr dort auch Eure Vorschl\x{E4}ge "
                      text run at (446,37) width 228: "zu den einzelnen Scripten abgeben!"
                LayoutTableRow {TR} at (0,1000) size 724x56
                  LayoutTableCell {TD} at (0,1000) size 724x56 [border: (1px solid #000000)] [r=15 c=0 rs=1 cs=1]
                    LayoutText {#text} at (320,1) size 84x18
                      text run at (320,1) width 84: "01. Juli 2001"
                    LayoutBR {BR} at (403,15) size 1x0
                    LayoutText {#text} at (105,19) size 514x18
                      text run at (105,19) width 489: "Und wieder eine neue Version von The Real Topsites ist online, die Version "
                      text run at (593,19) width 26: "3.4!"
                    LayoutBR {BR} at (618,33) size 1x0
                    LayoutText {#text} at (138,37) size 448x18
                      text run at (138,37) width 448: "Es gibt einige neue Funktionen und es wurde auch einiges verbessert!"
                LayoutTableRow {TR} at (0,1056) size 724x56
                  LayoutTableCell {TD} at (0,1056) size 724x56 [border: (1px solid #000000)] [r=16 c=0 rs=1 cs=1]
                    LayoutText {#text} at (318,1) size 88x18
                      text run at (318,1) width 88: "20. Juni 2001"
                    LayoutBR {BR} at (405,15) size 1x0
                    LayoutText {#text} at (117,19) size 490x18
                      text run at (117,19) width 458: "unser Hoster hat ein paar kleine Probleme also sollte irgend was an der "
                      text run at (574,19) width 33: "Seite"
                    LayoutBR {BR} at (606,33) size 1x0
                    LayoutText {#text} at (236,37) size 252x18
                      text run at (236,37) width 252: "nicht gehen, einfach wieder versuchen!"
                LayoutTableRow {TR} at (0,1112) size 724x92
                  LayoutTableCell {TD} at (0,1112) size 724x92 [border: (1px solid #000000)] [r=17 c=0 rs=1 cs=1]
                    LayoutText {#text} at (318,1) size 88x18
                      text run at (318,1) width 88: "09. Juni 2001"
                    LayoutBR {BR} at (405,15) size 1x0
                    LayoutText {#text} at (80,19) size 564x18
                      text run at (80,19) width 453: "Die neue Version (3.3) von The Real Topsites ist online, es gibt einige "
                      text run at (532,19) width 112: "neue Funktionen "
                    LayoutBR {BR} at (643,33) size 1x0
                    LayoutText {#text} at (242,37) size 240x18
                      text run at (242,37) width 240: "und es wurde auch einiges ver\x{E4}ndert!"
                    LayoutBR {BR} at (481,51) size 1x0
                    LayoutText {#text} at (229,55) size 266x18
                      text run at (229,55) width 266: "Mehr Info unter \"Perl Scripte\" im Men\x{FC}. "
                    LayoutBR {BR} at (494,69) size 1x0
                    LayoutText {#text} at (148,73) size 428x18
                      text run at (148,73) width 428: "P.S. den Umstieg auf die Version3.3 kann ich Euch nur empfehlen!"
                LayoutTableRow {TR} at (0,1204) size 724x74
                  LayoutTableCell {TD} at (0,1204) size 724x74 [border: (1px solid #000000)] [r=18 c=0 rs=1 cs=1]
                    LayoutText {#text} at (318,1) size 88x18
                      text run at (318,1) width 88: "04. Juni 2001"
                    LayoutBR {BR} at (405,15) size 1x0
                    LayoutText {#text} at (129,19) size 466x18
                      text run at (129,19) width 466: "Ein kleiner Bug bei Topsites Script wurde gefunden und sofort behoben!"
                    LayoutBR {BR} at (594,33) size 1x0
                    LayoutText {#text} at (135,37) size 454x18
                      text run at (135,37) width 454: "Bug: es wurde immer wieder die selbe Site Of The Moment angezeigt!"
                    LayoutBR {BR} at (588,51) size 1x0
                    LayoutText {#text} at (138,55) size 448x18
                      text run at (138,55) width 443: "Ladet Euch die jetzige Version runter und ersetzt nur die topsites.cgi "
                      text run at (580,55) width 6: "!"
                LayoutTableRow {TR} at (0,1278) size 724x56
                  LayoutTableCell {TD} at (0,1278) size 724x56 [border: (1px solid #000000)] [r=19 c=0 rs=1 cs=1]
                    LayoutText {#text} at (318,1) size 88x18
                      text run at (318,1) width 88: "01. Juni 2001"
                    LayoutBR {BR} at (405,15) size 1x0
                    LayoutText {#text} at (206,19) size 312x18
                      text run at (206,19) width 312: "Ein neues Script ist online! G5-ICQ Newsletter. "
                    LayoutBR {BR} at (517,33) size 1x0
                    LayoutText {#text} at (231,37) size 262x18
                      text run at (231,37) width 262: "Mehr Info unter \"Perl Scripte\" im Men\x{FC}."
                LayoutTableRow {TR} at (0,1334) size 724x56
                  LayoutTableCell {TD} at (0,1334) size 724x56 [border: (1px solid #000000)] [r=20 c=0 rs=1 cs=1]
                    LayoutText {#text} at (319,1) size 86x18
                      text run at (319,1) width 86: "31. Mai 2001"
                    LayoutBR {BR} at (404,15) size 1x0
                    LayoutText {#text} at (150,19) size 424x18
                      text run at (150,19) width 424: "Ich habe einen ICQ-Newsletter Script installiert, unter dem Men\x{FC}."
                    LayoutBR {BR} at (573,33) size 1x0
                    LayoutText {#text} at (170,37) size 384x18
                      text run at (170,37) width 384: "Tragt Euch ein, dann seit Ihr immer auf dem neusten Stand!"
                LayoutTableRow {TR} at (0,1390) size 724x38
                  LayoutTableCell {TD} at (0,1390) size 724x38 [border: (1px solid #000000)] [r=21 c=0 rs=1 cs=1]
                    LayoutText {#text} at (319,1) size 86x18
                      text run at (319,1) width 86: "26. Mai 2001"
                    LayoutBR {BR} at (404,15) size 1x0
                    LayoutText {#text} at (254,19) size 216x18
                      text run at (254,19) width 216: "The Real Topsites v3.0 ist online!"
                LayoutTableRow {TR} at (0,1428) size 724x56
                  LayoutTableCell {TD} at (0,1428) size 724x56 [border: (1px solid #000000)] [r=22 c=0 rs=1 cs=1]
                    LayoutText {#text} at (319,1) size 86x18
                      text run at (319,1) width 86: "25. Mai 2001"
                    LayoutBR {BR} at (404,15) size 1x0
                    LayoutText {#text} at (198,19) size 328x18
                      text run at (198,19) width 328: "Ein neues Script ist online! G5-Download Counter."
                    LayoutBR {BR} at (525,33) size 1x0
                    LayoutText {#text} at (231,37) size 262x18
                      text run at (231,37) width 262: "Mehr Info unter \"Perl Scripte\" im Men\x{FC}."
                LayoutTableRow {TR} at (0,1484) size 724x92
                  LayoutTableCell {TD} at (0,1484) size 724x92 [border: (1px solid #000000)] [r=23 c=0 rs=1 cs=1]
                    LayoutText {#text} at (319,1) size 86x18
                      text run at (319,1) width 86: "24. Mai 2001"
                    LayoutBR {BR} at (404,15) size 1x0
                    LayoutText {#text} at (107,19) size 510x18
                      text run at (107,19) width 433: "Ich habe es mir sehr lange \x{FC}berlegt, die Entscheidung war wirklich "
                      text run at (539,19) width 78: "nicht leicht!"
                    LayoutBR {BR} at (616,33) size 1x0
                    LayoutText {#text} at (83,37) size 558x18
                      text run at (83,37) width 408: "Ich habe mich entschieden den Script \"The Real Topsites\" zum "
                      text run at (490,37) width 151: "Download freizugeben."
                    LayoutBR {BR} at (640,51) size 1x0
                    LayoutText {#text} at (214,55) size 296x18
                      text run at (214,55) width 296: "Ihr k\x{F6}nnt es Euch jetzt kostenlos runter laden!"
                    LayoutBR {BR} at (509,69) size 1x0
                    LayoutText {#text} at (307,73) size 110x18
                      text run at (307,73) width 110: "Viel Spa\x{DF} damit!"
                LayoutTableRow {TR} at (0,1576) size 724x56
                  LayoutTableCell {TD} at (0,1576) size 724x56 [border: (1px solid #000000)] [r=24 c=0 rs=1 cs=1]
                    LayoutText {#text} at (319,1) size 86x18
                      text run at (319,1) width 86: "13. Mai 2001"
                    LayoutBR {BR} at (404,15) size 1x0
                    LayoutText {#text} at (3,19) size 718x36
                      text run at (3,19) width 469: "Es gab nur eine kleine Ver\x{E4}nderung bei G5-Sponsor-Manager, man kann "
                      text run at (471,19) width 250: "den Script jetzt auch via Java aufrufen,"
                      text run at (45,37) width 192: "so das Euer Server jetzt nicht "
                      text run at (236,37) width 372: "unbedingt SSI unterst\x{FC}tzen mu\x{DF} um den Script ausf\x{FC}hren "
                      text run at (607,37) width 72: "zu k\x{F6}nnen!"
                LayoutTableRow {TR} at (0,1632) size 724x56
                  LayoutTableCell {TD} at (0,1632) size 724x56 [border: (1px solid #000000)] [r=25 c=0 rs=1 cs=1]
                    LayoutText {#text} at (315,1) size 94x18
                      text run at (315,1) width 94: "22. April 2001"
                    LayoutBR {BR} at (408,15) size 1x0
                    LayoutText {#text} at (202,19) size 320x18
                      text run at (202,19) width 320: "Ein neues Script ist online! G5-Sponsor-Manager."
                    LayoutBR {BR} at (521,33) size 1x0
                    LayoutText {#text} at (231,37) size 262x18
                      text run at (231,37) width 262: "Mehr Info unter \"Perl Scripte\" im Men\x{FC}."
                LayoutTableRow {TR} at (0,1688) size 724x74
                  LayoutTableCell {TD} at (0,1688) size 724x74 [border: (1px solid #000000)] [r=26 c=0 rs=1 cs=1]
                    LayoutText {#text} at (315,1) size 94x18
                      text run at (315,1) width 94: "20. April 2001"
                    LayoutBR {BR} at (408,15) size 1x0
                    LayoutText {#text} at (186,19) size 352x18
                      text run at (186,19) width 352: "Auf einige Anfragen habe ich eine Demonstration von "
                    LayoutBR {BR} at (537,33) size 1x0
                    LayoutText {#text} at (199,37) size 326x18
                      text run at (199,37) width 326: "\"The Real Topsites\" (Toplist Script) ver\x{F6}ffentlicht!"
                    LayoutBR {BR} at (524,51) size 1x0
                    LayoutText {#text} at (231,55) size 262x18
                      text run at (231,55) width 262: "Mehr Info unter \"Perl Scripte\" im Men\x{FC}."
                LayoutTableRow {TR} at (0,1762) size 724x38
                  LayoutTableCell {TD} at (0,1762) size 724x38 [border: (1px solid #000000)] [r=27 c=0 rs=1 cs=1]
                    LayoutText {#text} at (315,1) size 94x18
                      text run at (315,1) width 94: "13. M\x{E4}rz 2001"
                    LayoutBR {BR} at (408,15) size 1x0
                    LayoutText {#text} at (217,19) size 290x18
                      text run at (217,19) width 290: "An diesem Tag ging die G5-Script.de online!"
                LayoutTableRow {TR} at (0,1800) size 724x20
                  LayoutTableCell {TD} at (0,1800) size 724x20 [border: (1px solid #000000)] [r=28 c=0 rs=1 cs=1]
                    LayoutText {#text} at (360,1) size 4x18
                      text run at (360,1) width 4: " "
            LayoutBlockFlow (anonymous) at (0,1840) size 765x18
              LayoutBR {BR} at (382,0) size 1x18
