layer at (0,0) size 800x600
  LayoutView at (0,0) size 800x600
layer at (0,0) size 800x600
  LayoutBlockFlow {HTML} at (0,0) size 800x600
    LayoutBlockFlow {BODY} at (0,0) size 800x600 [bgcolor=#FFFFFF]
      LayoutBlockFlow (anonymous) at (0,0) size 800x18
        LayoutText {#text} at (0,0) size 337x18
          text run at (0,0) width 337: "The bug showed horizontal scroll bars when resized "
        LayoutBR {BR} at (336,14) size 1x0
      LayoutTable {TABLE} at (0,18) size 800x90
        LayoutTableSection {TBODY} at (0,0) size 800x90
          LayoutTableRow {TR} at (0,0) size 800x90
            LayoutTableCell {TD} at (0,0) size 800x90 [bgcolor=#FFFFFF] [r=0 c=0 rs=1 cs=1]
              LayoutBlockFlow (floating) {IMG} at (0,0) size 194x90
              LayoutImage (floating) {IMG} at (667,0) size 133x90
layer at (0,18) size 194x90 clip at (1,19) size 192x88
  LayoutBlockFlow {DIV} at (0,0) size 194x90 [border: (1px solid #C0C0C0)]
    LayoutImage (floating) {IMG} at (2,2) size 16x16
layer at (18,20) size 174x0
  LayoutBlockFlow {DIV} at (18,2) size 174x0
