layer at (0,0) size 800x600
  LayoutView at (0,0) size 800x600
layer at (0,0) size 800x357
  LayoutBlockFlow {HTML} at (0,0) size 800x357.44
    LayoutBlockFlow {BODY} at (8,18.72) size 784x330.72
      LayoutBlockFlow {H3} at (0,0) size 784x22
        LayoutText {#text} at (0,0) size 513x22
          text run at (0,0) width 513: "SPAN attribute of COL element being ignored in Mozilla 1.0 rc1"
      LayoutBlockFlow {P} at (0,40.72) size 784x36
        LayoutText {#text} at (0,0) size 744x36
          text run at (0,0) width 744: "(Note: this is a regression bug - I don't know when it appeared, but I remember the SPAN attribute on COL elements"
          text run at (0,18) width 278: "worked fine sometime before Mozilla 0.9.6)"
      LayoutBlockFlow {P} at (0,92.72) size 784x18
        LayoutText {#text} at (0,0) size 354x18
          text run at (0,0) width 354: "The following TABLE has a COLGROUP structure of:"
      LayoutBlockFlow {PRE} at (15,126.72) size 769x60 [color=#000066]
        LayoutText {#text} at (0,0) size 211x60
          text run at (0,0) width 78: "<colgroup>"
          text run at (78,0) width 0: " "
          text run at (0,15) width 211: " <col width=\"100\" span=\"2\">"
          text run at (210,15) width 1: " "
          text run at (0,30) width 141: " <col width=\"200\">"
          text run at (140,30) width 1: " "
          text run at (0,45) width 86: "</colgroup>"
          text run at (85,45) width 1: " "
      LayoutBlockFlow {P} at (0,202.72) size 784x18
        LayoutText {#text} at (0,0) size 563x18
          text run at (0,0) width 563: "So the first two colums should both be 100px wide, and the third should be 200px wide."
      LayoutBlockFlow {P} at (0,236.72) size 784x18
        LayoutText {#text} at (0,0) size 580x18
          text run at (0,0) width 580: "However, the first column is 100px, the second is 200px, and the third is the default width."
      LayoutBlockFlow {P} at (0,270.72) size 784x18
        LayoutText {#text} at (0,0) size 384x18
          text run at (0,0) width 384: "So it would appear that the SPAN attribute is being ignored."
      LayoutTable {TABLE} at (0,304.72) size 408x26
        LayoutTableCol {COLGROUP} at (0,0) size 0x0
          LayoutTableCol {COL} at (0,0) size 0x0
          LayoutTableCol {COL} at (0,0) size 0x0
        LayoutTableSection {TBODY} at (0,0) size 408x26
          LayoutTableRow {TR} at (0,2) size 408x22
            LayoutTableCell {TD} at (2,2) size 100x22 [border: (1px solid #000000)] [r=0 c=0 rs=1 cs=1]
              LayoutText {#text} at (2,2) size 32x18
                text run at (2,2) width 32: "col 1"
            LayoutTableCell {TD} at (104,2) size 100x22 [border: (1px solid #000000)] [r=0 c=1 rs=1 cs=1]
              LayoutText {#text} at (2,2) size 32x18
                text run at (2,2) width 32: "col 2"
            LayoutTableCell {TD} at (206,2) size 200x22 [border: (1px solid #000000)] [r=0 c=2 rs=1 cs=1]
              LayoutText {#text} at (2,2) size 32x18
                text run at (2,2) width 32: "col 3"
