layer at (0,0) size 800x600
  LayoutView at (0,0) size 800x600
layer at (0,0) size 800x600
  LayoutBlockFlow {HTML} at (0,0) size 800x600
    LayoutBlockFlow {BODY} at (8,8) size 784x584 [bgcolor=#FFFFFF]
      LayoutBlockFlow {H4} at (0,0) size 784x18
        LayoutText {#text} at (0,0) size 156x18
          text run at (0,0) width 156: "Testcase distilled from "
        LayoutInline {A} at (0,0) size 508x18 [color=#0000EE]
          LayoutText {#text} at (156,0) size 508x18
            text run at (156,0) width 508: "http://www.download.com/pc/list/0,339,0-b-0-0-a-1,00.html?st.dl.fd.ag.new"
      LayoutBlockFlow {H4} at (0,39.27) size 784x18
        LayoutText {#text} at (0,0) size 308x18
          text run at (0,0) width 308: "Minimize the window and then open it again."
      LayoutTable {TABLE} at (0,78.53) size 784x24
        LayoutTableSection {TBODY} at (0,0) size 784x24
          LayoutTableRow {TR} at (0,2) size 784x20 [bgcolor=#006633]
            LayoutTableCell {TD} at (2,2) size 780x20 [r=0 c=0 rs=1 cs=1]
              LayoutInline {FONT} at (0,0) size 144x18 [color=#FFCC00]
                LayoutText {#text} at (1,1) size 8x18
                  text run at (1,1) width 8: "  "
                LayoutInline {SPAN} at (0,0) size 42x18
                  LayoutText {#text} at (9,1) size 42x18
                    text run at (9,1) width 42: "CNET"
                LayoutText {#text} at (50,1) size 14x18
                  text run at (50,1) width 14: " : "
                LayoutInline {SPAN} at (0,0) size 74x18
                  LayoutText {#text} at (63,1) size 74x18
                    text run at (63,1) width 74: "Downloads"
                LayoutText {#text} at (136,1) size 9x18
                  text run at (136,1) width 9: " :"
      LayoutBlockFlow (anonymous) at (0,102.53) size 784x18
        LayoutBR {BR} at (0,0) size 0x18
      LayoutBlockFlow {H4} at (0,141.80) size 784x18
        LayoutText {#text} at (0,0) size 485x18
          text run at (0,0) width 485: "This is the same table as above but with all <SPAN> elements removed."
      LayoutTable {TABLE} at (0,181.06) size 784x24
        LayoutTableSection {TBODY} at (0,0) size 784x24
          LayoutTableRow {TR} at (0,2) size 784x20 [bgcolor=#006633]
            LayoutTableCell {TD} at (2,2) size 780x20 [r=0 c=0 rs=1 cs=1]
              LayoutInline {FONT} at (0,0) size 144x18 [color=#FFCC00]
                LayoutText {#text} at (1,1) size 144x18
                  text run at (1,1) width 144: "  CNET : Downloads :"
