layer at (0,0) size 800x600
  LayoutView at (0,0) size 800x600
layer at (0,0) size 800x600
  LayoutBlockFlow {HTML} at (0,0) size 800x600
    LayoutBlockFlow {BODY} at (8,8) size 784x584
      LayoutTable {TABLE} at (0,0) size 84x583 [border: (1px outset #808080)]
        LayoutTableSection {TBODY} at (1,1) size 82x581
          LayoutTableRow {TR} at (0,0) size 82x407
            LayoutTableCell {TD} at (0,192) size 82x22 [border: (1px inset #808080)] [r=0 c=0 rs=1 cs=1]
              LayoutText {#text} at (2,2) size 78x18
                text run at (2,2) width 78: "height: 70%"
          LayoutTableRow {TR} at (0,407) size 82x174
            LayoutTableCell {TD} at (0,483) size 82x22 [border: (1px inset #808080)] [r=1 c=0 rs=1 cs=1]
              LayoutText {#text} at (2,2) size 78x18
                text run at (2,2) width 78: "height: 30%"
