layer at (0,0) size 800x600
  LayoutView at (0,0) size 800x600
layer at (0,0) size 800x600
  LayoutBlockFlow {HTML} at (0,0) size 800x600
    LayoutBlockFlow {BODY} at (8,8) size 784x584
      LayoutTable {TABLE} at (0,0) size 784x24
        LayoutTableSection {TBODY} at (0,0) size 784x24
          LayoutTableRow {TR} at (0,2) size 784x20
            LayoutTableCell {TD} at (2,2) size 624x20 [r=0 c=0 rs=1 cs=1]
            LayoutTableCell {TD} at (628,2) size 154x20 [r=0 c=1 rs=1 cs=1]
              LayoutText {#text} at (1,1) size 23x18
                text run at (1,1) width 23: "test"
layer at (272,11) size 100x18
  LayoutBlockFlow {DIV} at (262,1) size 100x18
    LayoutText {#text} at (0,0) size 56x18
      text run at (0,0) width 56: "ddddddd"
