layer at (0,0) size 800x600
  LayoutView at (0,0) size 800x600
layer at (0,0) size 800x600
  LayoutBlockFlow {HTML} at (0,0) size 800x600
    LayoutBlockFlow {BODY} at (8,8) size 784x584 [bgcolor=#FFFFFF]
      LayoutTable {TABLE} at (0,0) size 784x56 [border: (1px outset #808080)]
        LayoutTableSection {TBODY} at (1,1) size 782x54
          LayoutTableRow {TR} at (0,2) size 782x50
            LayoutTableCell {TD} at (2,2) size 778x50 [border: (1px inset #808080)] [r=0 c=0 rs=1 cs=1]
              LayoutTable (floating) {TABLE} at (2,2) size 774x46 [border: (1px outset #808080)]
                LayoutTableSection {TBODY} at (1,1) size 772x44
                  LayoutTableRow {TR} at (0,2) size 772x40
                    LayoutTableCell {TD} at (2,2) size 768x40 [border: (1px inset #808080)] [r=0 c=0 rs=1 cs=1]
                      LayoutText {#text} at (2,2) size 669x36
                        text run at (2,2) width 669: "WINGs is a small widget set with the N*XTSTEP look and feel. It's API is inspired in OpenStep and it's"
                        text run at (2,20) width 293: "implementation borrows some ideas from Tk."
