layer at (0,0) size 800x600
  LayoutView at (0,0) size 800x600
layer at (0,0) size 800x600
  LayoutBlockFlow {HTML} at (0,0) size 800x600
    LayoutBlockFlow {BODY} at (8,8) size 784x584
      LayoutTable {TABLE} at (0,0) size 145x52
        LayoutTableSection {TBODY} at (0,0) size 145x52
          LayoutTableRow {TR} at (0,2) size 145x48
            LayoutTableCell {TD} at (2,2) size 141x48 [r=0 c=0 rs=1 cs=1]
              LayoutBlockFlow (anonymous) at (1,1) size 139x0
                LayoutInline {SPAN} at (0,0) size 0x0
                  LayoutText {#text} at (0,0) size 0x0
                  LayoutInline {SPAN} at (0,0) size 0x0
                    LayoutText {#text} at (0,0) size 0x0
                    LayoutText {#text} at (0,0) size 0x0
              LayoutBlockFlow (anonymous) at (1,1) size 139x46
                LayoutTable {TABLE} at (0,0) size 139x46
                  LayoutTableSection {TBODY} at (0,0) size 139x46
                    LayoutTableRow {TR} at (0,2) size 139x42
                      LayoutTableCell {TD} at (2,2) size 135x42 [r=0 c=0 rs=1 cs=1]
                        LayoutTable (floating) {TABLE} at (1,1) size 133x40
                          LayoutTableSection {TBODY} at (0,0) size 133x40
                            LayoutTableRow {TR} at (0,2) size 133x36
                              LayoutTableCell {TD} at (2,2) size 129x36 [r=0 c=0 rs=1 cs=1]
                                LayoutBlockFlow {FORM} at (1,1) size 127x18
                                  LayoutButton {INPUT} at (0,0) size 126.09x18 [bgcolor=#C0C0C0]
                                    LayoutBlockFlow (anonymous) at (8,2) size 110.09x13
                                      LayoutText {#text} at (0,0) size 111x13
                                        text run at (0,0) width 111: "ApplyForThisPosition"
                                  LayoutText {#text} at (0,0) size 0x0
              LayoutBlockFlow (anonymous) at (1,47) size 139x0
                LayoutInline {SPAN} at (0,0) size 0x0
                  LayoutInline {SPAN} at (0,0) size 0x0
                  LayoutText {#text} at (0,0) size 0x0
                LayoutText {#text} at (0,0) size 0x0
