layer at (0,0) size 800x600
  LayoutView at (0,0) size 800x600
layer at (0,0) size 800x600
  LayoutBlockFlow {HTML} at (0,0) size 800x600
    LayoutBlockFlow {BODY} at (8,8) size 784x584
      LayoutTable {TABLE} at (0,0) size 28x584 [border: (1px outset #808080)]
        LayoutTableSection {TBODY} at (1,1) size 26x582
          LayoutTableRow {TR} at (0,2) size 26x578
            LayoutTableCell {TD} at (2,145) size 22x291 [border: (1px inset #808080)] [r=0 c=0 rs=1 cs=1]
              LayoutTable {TABLE} at (2,2) size 18x287 [border: (1px outset #808080)]
                LayoutTableSection {TBODY} at (1,1) size 16x285
                  LayoutTableRow {TR} at (0,2) size 16x281
                    LayoutTableCell {TD} at (2,131) size 12x22 [border: (1px inset #808080)] [r=0 c=0 rs=1 cs=1]
                      LayoutText {#text} at (2,2) size 8x18
                        text run at (2,2) width 8: "x"
