layer at (0,0) size 800x600
  LayoutView at (0,0) size 800x600
layer at (0,0) size 800x424
  LayoutBlockFlow {HTML} at (0,0) size 800x424
    LayoutBlockFlow {BODY} at (8,8) size 784x408
      LayoutBlockFlow (anonymous) at (0,0) size 784x18
        LayoutText {#text} at (0,0) size 304x18
          text run at (0,0) width 304: "Table 1: border=1 cellspacing=0 cellpadding=0"
      LayoutTable {TABLE} at (0,18) size 68x22 [border: (1px outset #808080)]
        LayoutTableSection {TBODY} at (1,1) size 66x20
          LayoutTableRow {TR} at (0,0) size 66x10
            LayoutTableCell {TD} at (0,0) size 66x20 [border: (1px inset #808080)] [r=0 c=0 rs=2 cs=1]
              LayoutText {#text} at (1,1) size 64x18
                text run at (1,1) width 64: "First Row"
          LayoutTableRow {TR} at (0,10) size 66x10
      LayoutBlockFlow (anonymous) at (0,40) size 784x18
        LayoutText {#text} at (0,0) size 304x18
          text run at (0,0) width 304: "Table 2: border=1 cellspacing=1 cellpadding=0"
      LayoutTable {TABLE} at (0,58) size 70x24 [border: (1px outset #808080)]
        LayoutTableSection {TBODY} at (1,1) size 68x22
          LayoutTableRow {TR} at (0,1) size 68x9
            LayoutTableCell {TD} at (1,1) size 66x20 [border: (1px inset #808080)] [r=0 c=0 rs=2 cs=1]
              LayoutText {#text} at (1,1) size 64x18
                text run at (1,1) width 64: "First Row"
          LayoutTableRow {TR} at (0,11) size 68x10
      LayoutBlockFlow (anonymous) at (0,82) size 784x18
        LayoutText {#text} at (0,0) size 304x18
          text run at (0,0) width 304: "Table 3: border=1 cellspacing=0 cellpadding=1"
      LayoutTable {TABLE} at (0,100) size 70x24 [border: (1px outset #808080)]
        LayoutTableSection {TBODY} at (1,1) size 68x22
          LayoutTableRow {TR} at (0,0) size 68x11
            LayoutTableCell {TD} at (0,0) size 68x22 [border: (1px inset #808080)] [r=0 c=0 rs=2 cs=1]
              LayoutText {#text} at (2,2) size 64x18
                text run at (2,2) width 64: "First Row"
          LayoutTableRow {TR} at (0,11) size 68x11
      LayoutBlockFlow (anonymous) at (0,124) size 784x18
        LayoutText {#text} at (0,0) size 304x18
          text run at (0,0) width 304: "Table 4: border=1 cellspacing=1 cellpadding=1"
      LayoutTable {TABLE} at (0,142) size 72x26 [border: (1px outset #808080)]
        LayoutTableSection {TBODY} at (1,1) size 70x24
          LayoutTableRow {TR} at (0,1) size 70x10
            LayoutTableCell {TD} at (1,1) size 68x22 [border: (1px inset #808080)] [r=0 c=0 rs=2 cs=1]
              LayoutText {#text} at (2,2) size 64x18
                text run at (2,2) width 64: "First Row"
          LayoutTableRow {TR} at (0,12) size 70x11
      LayoutBlockFlow (anonymous) at (0,168) size 784x90
        LayoutBR {BR} at (0,0) size 0x18
        LayoutBR {BR} at (0,18) size 0x18
        LayoutText {#text} at (0,36) size 462x18
          text run at (0,36) width 462: "Same tables as above but removing height=\"50%\" from the second row:"
        LayoutBR {BR} at (461,36) size 1x18
        LayoutBR {BR} at (0,54) size 0x18
        LayoutText {#text} at (0,72) size 304x18
          text run at (0,72) width 304: "Table 5: border=1 cellspacing=0 cellpadding=0"
      LayoutTable {TABLE} at (0,258) size 68x22 [border: (1px outset #808080)]
        LayoutTableSection {TBODY} at (1,1) size 66x20
          LayoutTableRow {TR} at (0,0) size 66x10
            LayoutTableCell {TD} at (0,0) size 66x20 [border: (1px inset #808080)] [r=0 c=0 rs=2 cs=1]
              LayoutText {#text} at (1,1) size 64x18
                text run at (1,1) width 64: "First Row"
          LayoutTableRow {TR} at (0,10) size 66x10
      LayoutBlockFlow (anonymous) at (0,280) size 784x18
        LayoutText {#text} at (0,0) size 304x18
          text run at (0,0) width 304: "Table 6: border=1 cellspacing=1 cellpadding=0"
      LayoutTable {TABLE} at (0,298) size 70x24 [border: (1px outset #808080)]
        LayoutTableSection {TBODY} at (1,1) size 68x22
          LayoutTableRow {TR} at (0,1) size 68x9
            LayoutTableCell {TD} at (1,1) size 66x20 [border: (1px inset #808080)] [r=0 c=0 rs=2 cs=1]
              LayoutText {#text} at (1,1) size 64x18
                text run at (1,1) width 64: "First Row"
          LayoutTableRow {TR} at (0,11) size 68x10
      LayoutBlockFlow (anonymous) at (0,322) size 784x18
        LayoutText {#text} at (0,0) size 304x18
          text run at (0,0) width 304: "Table 7: border=1 cellspacing=0 cellpadding=1"
      LayoutTable {TABLE} at (0,340) size 70x24 [border: (1px outset #808080)]
        LayoutTableSection {TBODY} at (1,1) size 68x22
          LayoutTableRow {TR} at (0,0) size 68x11
            LayoutTableCell {TD} at (0,0) size 68x22 [border: (1px inset #808080)] [r=0 c=0 rs=2 cs=1]
              LayoutText {#text} at (2,2) size 64x18
                text run at (2,2) width 64: "First Row"
          LayoutTableRow {TR} at (0,11) size 68x11
      LayoutBlockFlow (anonymous) at (0,364) size 784x18
        LayoutText {#text} at (0,0) size 304x18
          text run at (0,0) width 304: "Table 8: border=1 cellspacing=1 cellpadding=1"
      LayoutTable {TABLE} at (0,382) size 72x26 [border: (1px outset #808080)]
        LayoutTableSection {TBODY} at (1,1) size 70x24
          LayoutTableRow {TR} at (0,1) size 70x10
            LayoutTableCell {TD} at (1,1) size 68x22 [border: (1px inset #808080)] [r=0 c=0 rs=2 cs=1]
              LayoutText {#text} at (2,2) size 64x18
                text run at (2,2) width 64: "First Row"
          LayoutTableRow {TR} at (0,12) size 70x11
