layer at (0,0) size 800x600
  LayoutView at (0,0) size 800x600
layer at (0,0) size 800x600
  LayoutBlockFlow {HTML} at (0,0) size 800x600
    LayoutBlockFlow {BODY} at (8,8) size 784x584
      LayoutTable {TABLE} at (0,0) size 648x63
        LayoutTableSection {TBODY} at (0,0) size 648x63
          LayoutTableRow {TR} at (0,2) size 648x59
            LayoutTableCell {TD} at (2,21) size 188x20 [r=0 c=0 rs=1 cs=1]
              LayoutText {#text} at (1,1) size 186x18
                text run at (1,1) width 186: "Let's put some space in here!"
            LayoutTableCell {TD} at (192,2) size 454x59 [r=0 c=1 rs=1 cs=1]
              LayoutTable {TABLE} at (1,1) size 452x57
                LayoutTableSection {TBODY} at (0,0) size 452x57
                  LayoutTableRow {TR} at (0,2) size 452x53
                    LayoutTableCell {TD} at (2,2) size 448x53 [r=0 c=0 rs=1 cs=1]
                      LayoutTable {TABLE} at (1,1) size 446x51
                        LayoutTableSection {TBODY} at (0,0) size 446x51
                          LayoutTableRow {TR} at (0,2) size 446x47
                            LayoutTableCell {TD} at (2,2) size 442x47 [r=0 c=0 rs=1 cs=1]
                              LayoutImage {IMG} at (1,45) size 4x1
                              LayoutImage {IMG} at (5,6) size 436x35
                              LayoutText {#text} at (0,0) size 0x0
                              LayoutInline {MAP} at (0,0) size 0x0
                                LayoutText {#text} at (0,0) size 0x0
                                LayoutInline {AREA} at (0,0) size 0x0
                                LayoutText {#text} at (0,0) size 0x0
                                LayoutInline {AREA} at (0,0) size 0x0
                                LayoutText {#text} at (0,0) size 0x0
                                LayoutInline {AREA} at (0,0) size 0x0
                                LayoutText {#text} at (0,0) size 0x0
                                LayoutInline {AREA} at (0,0) size 0x0
                                LayoutText {#text} at (0,0) size 0x0
                                LayoutInline {AREA} at (0,0) size 0x0
                                LayoutText {#text} at (0,0) size 0x0
                                LayoutInline {AREA} at (0,0) size 0x0
                                LayoutText {#text} at (0,0) size 0x0
                                LayoutInline {AREA} at (0,0) size 0x0
                                LayoutText {#text} at (0,0) size 0x0
                                LayoutInline {AREA} at (0,0) size 0x0
                                LayoutText {#text} at (0,0) size 0x0
                                LayoutInline {AREA} at (0,0) size 0x0
                                LayoutText {#text} at (0,0) size 0x0
                              LayoutText {#text} at (0,0) size 0x0
