layer at (0,0) size 800x600
  LayoutView at (0,0) size 800x600
layer at (0,0) size 800x600
  LayoutBlockFlow {HTML} at (0,0) size 800x600
    LayoutBlockFlow {BODY} at (8,8) size 784x584 [bgcolor=#FFFFFF]
      LayoutTable {TABLE} at (0,0) size 506x48
        LayoutBlockFlow {CAPTION} at (0,0) size 506x24 [border: (3px solid #000000)]
          LayoutText {#text} at (102,3) size 302x18
            text run at (102,3) width 8 RTL: "?"
            text run at (109,3) width 295: "is the question mark on the left side with style"
        LayoutTableSection {TBODY} at (0,24) size 506x24
          LayoutTableRow {TR} at (0,2) size 506x20
            LayoutTableCell {TD} at (2,2) size 502x20 [r=0 c=0 rs=1 cs=1]
              LayoutText {#text} at (1,1) size 59x18
                text run at (1,1) width 59: "table cell"
      LayoutTable {TABLE} at (0,48) size 506x48
        LayoutBlockFlow {CAPTION} at (0,0) size 506x24 [border: (3px solid #000000)]
          LayoutText {#text} at (91,3) size 324x18
            text run at (91,3) width 9 RTL: "?"
            text run at (99,3) width 316: "is the question mark on the left side without style"
        LayoutTableSection {TBODY} at (0,24) size 506x24
          LayoutTableRow {TR} at (0,2) size 506x20
            LayoutTableCell {TD} at (2,2) size 502x20 [r=0 c=0 rs=1 cs=1]
              LayoutText {#text} at (1,1) size 59x18
                text run at (1,1) width 59: "table cell"
