layer at (0,0) size 800x600
  LayoutView at (0,0) size 800x600
layer at (0,0) size 800x600
  LayoutBlockFlow {HTML} at (0,0) size 800x600
    LayoutBlockFlow {BODY} at (8,8) size 784x584
      LayoutTable {TABLE} at (0,0) size 784x82 [bgcolor=#FFFF00] [border: (1px outset #808080)]
        LayoutTableSection {TBODY} at (1,1) size 782x80
          LayoutTableRow {TR} at (0,0) size 782x80
            LayoutTableCell {TD} at (0,29) size 74x22 [bgcolor=#FF0000] [border: (1px inset #808080)] [r=0 c=0 rs=1 cs=1]
              LayoutText {#text} at (25,2) size 24x18
                text run at (25,2) width 24: "xxx"
            LayoutTableCell {TD} at (74,0) size 634x80 [border: (1px inset #808080)] [r=0 c=1 rs=1 cs=1]
              LayoutTable {TABLE} at (2,2) size 630x24 [bgcolor=#00FF00] [border: (1px outset #808080)]
                LayoutTableSection {TBODY} at (1,1) size 628x22
                  LayoutTableRow {TR} at (0,0) size 628x22
                    LayoutTableCell {TH} at (0,0) size 628x22 [border: (1px inset #808080)] [r=0 c=0 rs=1 cs=1]
                      LayoutText {#text} at (165,2) size 298x18
                        text run at (165,2) width 298: "IceWM, The Window Manager Cool As Ice"
              LayoutBlockFlow {P} at (2,42) size 630x36
                LayoutText {#text} at (0,0) size 369x18
                  text run at (0,0) width 369: "IceWM is a small, but powerful window manager for the "
                LayoutInline {A} at (0,0) size 137x18 [color=#0000EE]
                  LayoutText {#text} at (368,0) size 137x18
                    text run at (368,0) width 137: "X11 Window System"
                LayoutText {#text} at (504,0) size 624x36
                  text run at (504,0) width 120: " whose main goals"
                  text run at (0,18) width 114: "are the following:"
            LayoutTableCell {TD} at (708,29) size 74x22 [bgcolor=#0000FF] [border: (1px inset #808080)] [r=0 c=2 rs=1 cs=1]
              LayoutText {#text} at (25,2) size 24x18
                text run at (25,2) width 24: "yyy"
