layer at (0,0) size 800x600
  LayoutView at (0,0) size 800x600
layer at (0,0) size 800x600
  LayoutBlockFlow {HTML} at (0,0) size 800x600
    LayoutBlockFlow {BODY} at (8,8) size 784x584 [bgcolor=#FFFFFF]
      LayoutBlockFlow {H4} at (0,0) size 784x18
        LayoutText {#text} at (0,0) size 156x18
          text run at (0,0) width 156: "Testcase distilled from "
        LayoutInline {A} at (0,0) size 508x18 [color=#0000EE]
          LayoutText {#text} at (156,0) size 508x18
            text run at (156,0) width 508: "http://www.download.com/pc/list/0,339,0-b-0-0-a-1,00.html?st.dl.fd.ag.new"
      LayoutBlockFlow {H4} at (0,39.27) size 784x18
        LayoutText {#text} at (0,0) size 516x18
          text run at (0,0) width 516: "Resize the width of the window and watch the Buy and Pick columns below."
      LayoutTable {TABLE} at (0,78.53) size 784x64
        LayoutTableSection {TBODY} at (0,0) size 784x64
          LayoutTableRow {TR} at (0,2) size 784x20 [bgcolor=#CCCCCC]
            LayoutTableCell {TD} at (2,2) size 704x20 [r=0 c=0 rs=1 cs=1]
              LayoutText {#text} at (1,1) size 101x18
                text run at (1,1) width 101: "Re-sort by Title"
            LayoutTableCell {TD} at (708,2) size 33x20 [r=0 c=1 rs=1 cs=1]
              LayoutInline {SPAN} at (0,0) size 27x18
                LayoutText {#text} at (1,1) size 27x18
                  text run at (1,1) width 27: "Buy"
              LayoutText {#text} at (27,1) size 5x18
                text run at (27,1) width 5: " "
            LayoutTableCell {TD} at (743,2) size 39x20 [r=0 c=2 rs=1 cs=1]
              LayoutText {#text} at (1,1) size 4x18
                text run at (1,1) width 4: " "
              LayoutInline {SPAN} at (0,0) size 29x18
                LayoutText {#text} at (5,1) size 29x18
                  text run at (5,1) width 29: "Pick"
              LayoutText {#text} at (33,1) size 5x18
                text run at (33,1) width 5: " "
          LayoutTableRow {TR} at (0,24) size 784x38
            LayoutTableCell {TD} at (2,24) size 704x38 [r=1 c=0 rs=1 cs=1]
              LayoutText {#text} at (1,1) size 679x36
                text run at (1,1) width 446: "Norton AntiVirus Definitions Update 10/21/99 Update your NAV for "
                text run at (446,1) width 234: "Windows 95/98/NT, Lotus Notes, or"
                text run at (1,19) width 269: "Exchange with the latest virus definitions."
            LayoutTableCell {TD} at (708,33) size 33x20 [r=1 c=1 rs=1 cs=1]
              LayoutText {#text} at (1,1) size 4x18
                text run at (1,1) width 4: " "
            LayoutTableCell {TD} at (743,33) size 39x20 [r=1 c=2 rs=1 cs=1]
              LayoutText {#text} at (1,1) size 4x18
                text run at (1,1) width 4: " "
      LayoutBlockFlow (anonymous) at (0,142.53) size 784x18
        LayoutBR {BR} at (0,0) size 0x18
      LayoutBlockFlow {H4} at (0,181.80) size 784x18
        LayoutText {#text} at (0,0) size 485x18
          text run at (0,0) width 485: "This is the same table as above but with all <SPAN> elements removed."
      LayoutTable {TABLE} at (0,221.06) size 784x64
        LayoutTableSection {TBODY} at (0,0) size 784x64
          LayoutTableRow {TR} at (0,2) size 784x20 [bgcolor=#CCCCCC]
            LayoutTableCell {TD} at (2,2) size 704x20 [r=0 c=0 rs=1 cs=1]
              LayoutText {#text} at (1,1) size 101x18
                text run at (1,1) width 101: "Re-sort by Title"
            LayoutTableCell {TD} at (708,2) size 33x20 [r=0 c=1 rs=1 cs=1]
              LayoutText {#text} at (1,1) size 31x18
                text run at (1,1) width 31: "Buy "
            LayoutTableCell {TD} at (743,2) size 39x20 [r=0 c=2 rs=1 cs=1]
              LayoutText {#text} at (1,1) size 37x18
                text run at (1,1) width 37: " Pick "
          LayoutTableRow {TR} at (0,24) size 784x38
            LayoutTableCell {TD} at (2,24) size 704x38 [r=1 c=0 rs=1 cs=1]
              LayoutText {#text} at (1,1) size 679x36
                text run at (1,1) width 446: "Norton AntiVirus Definitions Update 10/21/99 Update your NAV for "
                text run at (446,1) width 234: "Windows 95/98/NT, Lotus Notes, or"
                text run at (1,19) width 269: "Exchange with the latest virus definitions."
            LayoutTableCell {TD} at (708,33) size 33x20 [r=1 c=1 rs=1 cs=1]
              LayoutText {#text} at (1,1) size 4x18
                text run at (1,1) width 4: " "
            LayoutTableCell {TD} at (743,33) size 39x20 [r=1 c=2 rs=1 cs=1]
              LayoutText {#text} at (1,1) size 4x18
                text run at (1,1) width 4: " "
