layer at (0,0) size 800x600
  LayoutView at (0,0) size 800x600
layer at (0,0) size 800x600
  LayoutBlockFlow {HTML} at (0,0) size 800x600
    LayoutBlockFlow {BODY} at (8,8) size 784x584 [bgcolor=#FFFFFF]
      LayoutTable {TABLE} at (0,0) size 606x230 [border: (1px outset #808080)]
        LayoutTableSection {TBODY} at (1,1) size 604x228
          LayoutTableRow {TR} at (0,0) size 604x62
            LayoutTableCell {TD} at (0,0) size 114x136 [border: (1px inset #808080)] [r=0 c=0 rs=3 cs=1]
              LayoutImage {IMG} at (1,1) size 112x134
            LayoutTableCell {TD} at (114,0) size 490x62 [border: (1px inset #808080)] [r=0 c=1 rs=1 cs=2]
              LayoutBlockFlow {IMG} at (21,1) size 468x60
          LayoutTableRow {TR} at (0,62) size 604x20
            LayoutTableCell {TD} at (114,62) size 490x20 [border: (1px inset #808080)] [r=1 c=1 rs=1 cs=2]
              LayoutTable {TABLE} at (1,1) size 488x18
                LayoutTableSection {TBODY} at (0,0) size 488x18
                  LayoutTableRow {TR} at (0,0) size 488x18
                    LayoutTableCell {TD} at (0,0) size 488x18 [r=0 c=0 rs=1 cs=1]
                      LayoutText {#text} at (0,0) size 83x18
                        text run at (0,0) width 83: "Top Nav Bar"
          LayoutTableRow {TR} at (0,82) size 604x146
            LayoutTableCell {TD} at (114,154) size 337x2 [border: (1px inset #808080)] [r=2 c=1 rs=1 cs=1]
            LayoutTableCell {TD} at (451,82) size 153x146 [border: (1px inset #808080)] [r=2 c=2 rs=1 cs=1]
              LayoutInline {B} at (0,0) size 150x144
                LayoutText {#text} at (1,1) size 150x144
                  text run at (1,1) width 126: "\"Freakish animal-"
                  text run at (1,19) width 128: "things, all sporting"
                  text run at (1,37) width 116: "maniacal smiles, "
                  text run at (116,37) width 31: "race"
                  text run at (1,55) width 150: "around a series of ice-"
                  text run at (1,73) width 102: "themed tracks,"
                  text run at (1,91) width 93: "showing their"
                  text run at (1,109) width 80: "malformed "
                  text run at (80,109) width 52: "asses to"
                  text run at (1,127) width 126: "the entire world. \""
              LayoutText {#text} at (0,0) size 0x0
layer at (144,10) size 468x60 clip at (145,11) size 466x58
  LayoutBlockFlow {DIV} at (0,0) size 468x60 [border: (1px solid #C0C0C0)]
    LayoutImage (floating) {IMG} at (2,2) size 16x16
layer at (162,12) size 448x0
  LayoutBlockFlow {DIV} at (18,2) size 448x0
