layer at (0,0) size 800x600
  LayoutView at (0,0) size 800x600
layer at (0,0) size 800x600
  LayoutBlockFlow {HTML} at (0,0) size 800x600
    LayoutBlockFlow {BODY} at (8,8) size 784x584
      LayoutTable {TABLE} at (0,0) size 200x76 [border: (1px outset #808080)]
        LayoutTableSection {TBODY} at (1,1) size 198x74
          LayoutTableRow {TR} at (0,2) size 198x22
            LayoutTableCell {TD} at (2,2) size 98x22 [border: (1px inset #808080)] [r=0 c=0 rs=1 cs=1]
              LayoutText {#text} at (2,2) size 35x18
                text run at (2,2) width 35: "AAA"
            LayoutTableCell {TD} at (102,2) size 94x22 [border: (1px inset #808080)] [r=0 c=1 rs=1 cs=1]
              LayoutText {#text} at (2,2) size 33x18
                text run at (2,2) width 33: "BBB"
          LayoutTableRow {TR} at (0,26) size 198x22
            LayoutTableCell {TD} at (2,26) size 98x22 [border: (1px inset #808080)] [r=1 c=0 rs=1 cs=1]
              LayoutText {#text} at (43,2) size 12x18
                text run at (43,2) width 12: "A"
            LayoutTableCell {TD} at (102,26) size 94x22 [border: (1px inset #808080)] [r=1 c=1 rs=1 cs=1]
              LayoutText {#text} at (41,2) size 12x18
                text run at (41,2) width 12: "B"
          LayoutTableRow {TR} at (0,50) size 198x22
            LayoutTableCell {TD} at (2,50) size 98x22 [border: (1px inset #808080)] [r=2 c=0 rs=1 cs=1]
              LayoutText {#text} at (84,2) size 12x18
                text run at (84,2) width 12: "A"
            LayoutTableCell {TD} at (102,50) size 94x22 [border: (1px inset #808080)] [r=2 c=1 rs=1 cs=1]
              LayoutText {#text} at (81,2) size 11x18
                text run at (81,2) width 11: "B"
      LayoutBlockFlow (anonymous) at (0,76) size 784x18
        LayoutBR {BR} at (0,0) size 0x18
      LayoutTable {TABLE} at (0,94) size 784x76 [border: (1px outset #808080)]
        LayoutTableSection {TBODY} at (1,1) size 782x74
          LayoutTableRow {TR} at (0,2) size 782x22
            LayoutTableCell {TD} at (2,2) size 367x22 [border: (1px inset #808080)] [r=0 c=0 rs=1 cs=1]
              LayoutText {#text} at (2,2) size 28x18
                text run at (2,2) width 28: "<tr>"
            LayoutTableCell {TH} at (371,2) size 213x22 [border: (1px inset #808080)] [r=0 c=1 rs=1 cs=1]
              LayoutText {#text} at (71,2) size 71x18
                text run at (71,2) width 71: "th: Center"
            LayoutTableCell {TD} at (586,2) size 194x22 [border: (1px inset #808080)] [r=0 c=2 rs=1 cs=1]
              LayoutText {#text} at (2,2) size 48x18
                text run at (2,2) width 48: "td: Left"
          LayoutTableRow {TR} at (0,26) size 782x22
            LayoutTableCell {TD} at (2,26) size 367x22 [border: (1px inset #808080)] [r=1 c=0 rs=1 cs=1]
              LayoutText {#text} at (2,2) size 108x18
                text run at (2,2) width 108: "<tr align=\"left\">"
            LayoutTableCell {TH} at (371,26) size 213x22 [border: (1px inset #808080)] [r=1 c=1 rs=1 cs=1]
              LayoutText {#text} at (2,2) size 52x18
                text run at (2,2) width 52: "th: Left"
            LayoutTableCell {TD} at (586,26) size 194x22 [border: (1px inset #808080)] [r=1 c=2 rs=1 cs=1]
              LayoutText {#text} at (2,2) size 48x18
                text run at (2,2) width 48: "td: Left"
          LayoutTableRow {TR} at (0,50) size 782x22
            LayoutTableCell {TD} at (2,50) size 367x22 [border: (1px inset #808080)] [r=2 c=0 rs=1 cs=1]
              LayoutText {#text} at (2,2) size 125x18
                text run at (2,2) width 125: "<tr align=\"center\">"
            LayoutTableCell {TH} at (371,50) size 213x22 [border: (1px inset #808080)] [r=2 c=1 rs=1 cs=1]
              LayoutText {#text} at (71,2) size 71x18
                text run at (71,2) width 71: "th: Center"
            LayoutTableCell {TD} at (586,50) size 194x22 [border: (1px inset #808080)] [r=2 c=2 rs=1 cs=1]
              LayoutText {#text} at (65,2) size 64x18
                text run at (65,2) width 64: "td: Center"
      LayoutBlockFlow (anonymous) at (0,170) size 784x18
        LayoutBR {BR} at (0,0) size 0x18
