layer at (0,0) size 800x600 clip at (0,0) size 785x600 scrollHeight 904
  LayoutView at (0,0) size 800x600
layer at (0,0) size 785x904 backgroundClip at (0,0) size 785x600 clip at (0,0) size 785x600
  LayoutBlockFlow {HTML} at (0,0) size 785x904
    LayoutBlockFlow {BODY} at (8,8) size 769x888
      LayoutBlockFlow {DIV} at (0,0) size 769x170
        LayoutBlockFlow {HR} at (0,0) size 769x2 [border: (1px inset #EEEEEE)]
        LayoutBlockFlow {P} at (0,18) size 769x18
          LayoutInline {B} at (0,0) size 335x18
            LayoutText {#text} at (217,0) size 335x18
              text run at (217,0) width 335: "Tables I, II, III, IV (cellpadding=0 cellspacing=5)"
        LayoutTable {TABLE} at (91,52) size 587x118 [bgcolor=#FFCC00] [border: (1px outset #808080)]
          LayoutTableSection {TBODY} at (1,1) size 585x116
            LayoutTableRow {TR} at (0,2) size 585x112
              LayoutTableCell {TD} at (2,2) size 154x112 [border: (1px inset #808080)] [r=0 c=0 rs=1 cs=1]
                LayoutTable {TABLE} at (6,6) size 142x100 [bgcolor=#FFFFFF] [border: (1px outset #808080)]
                  LayoutBlockFlow {CAPTION} at (0,0) size 142x18
                    LayoutInline {NOBR} at (0,0) size 46x18
                      LayoutText {#text} at (48,0) size 46x18
                        text run at (48,0) width 46: "Table I"
                  LayoutTableSection {TBODY} at (1,19) size 140x80
                    LayoutTableRow {TR} at (0,5) size 140x20
                      LayoutTableCell {TD} at (5,5) size 22x20 [border: (1px inset #808080)] [r=0 c=0 rs=1 cs=1]
                        LayoutText {#text} at (1,1) size 20x18
                          text run at (1,1) width 20: "1,1"
                      LayoutTableCell {TD} at (32,5) size 22x20 [border: (1px inset #808080)] [r=0 c=1 rs=1 cs=1]
                        LayoutText {#text} at (1,1) size 20x18
                          text run at (1,1) width 20: "1,2"
                      LayoutTableCell {TD} at (59,5) size 22x20 [border: (1px inset #808080)] [r=0 c=2 rs=1 cs=1]
                        LayoutText {#text} at (1,1) size 20x18
                          text run at (1,1) width 20: "1,3"
                      LayoutTableCell {TD} at (86,5) size 22x20 [border: (1px inset #808080)] [r=0 c=3 rs=1 cs=1]
                        LayoutText {#text} at (1,1) size 20x18
                          text run at (1,1) width 20: "1,4"
                      LayoutTableCell {TD} at (113,5) size 22x20 [border: (1px inset #808080)] [r=0 c=4 rs=1 cs=1]
                        LayoutText {#text} at (1,1) size 20x18
                          text run at (1,1) width 20: "1,5"
                    LayoutTableRow {TR} at (0,30) size 140x20
                      LayoutTableCell {TD} at (5,30) size 22x20 [border: (1px inset #808080)] [r=1 c=0 rs=1 cs=1]
                        LayoutText {#text} at (1,1) size 20x18
                          text run at (1,1) width 20: "2,1"
                      LayoutTableCell {TD} at (32,30) size 22x20 [border: (1px inset #808080)] [r=1 c=1 rs=1 cs=1]
                        LayoutText {#text} at (1,1) size 20x18
                          text run at (1,1) width 20: "2,2"
                      LayoutTableCell {TD} at (59,30) size 22x20 [border: (1px inset #808080)] [r=1 c=2 rs=1 cs=1]
                        LayoutText {#text} at (1,1) size 20x18
                          text run at (1,1) width 20: "2,3"
                      LayoutTableCell {TD} at (86,30) size 22x20 [border: (1px inset #808080)] [r=1 c=3 rs=1 cs=1]
                        LayoutText {#text} at (1,1) size 20x18
                          text run at (1,1) width 20: "2,4"
                      LayoutTableCell {TD} at (113,30) size 22x20 [border: (1px inset #808080)] [r=1 c=4 rs=1 cs=1]
                        LayoutText {#text} at (1,1) size 20x18
                          text run at (1,1) width 20: "2,5"
                    LayoutTableRow {TR} at (0,55) size 140x20
                      LayoutTableCell {TD} at (5,55) size 22x20 [border: (1px inset #808080)] [r=2 c=0 rs=1 cs=1]
                        LayoutText {#text} at (1,1) size 20x18
                          text run at (1,1) width 20: "3,1"
                      LayoutTableCell {TD} at (32,55) size 22x20 [bgcolor=#FFFF66] [border: (1px inset #808080)] [r=2 c=1 rs=1 cs=1]
                        LayoutText {#text} at (1,1) size 20x18
                          text run at (1,1) width 20: "3,2"
                      LayoutTableCell {TD} at (59,55) size 22x20 [bgcolor=#FFFF66] [border: (1px inset #808080)] [r=2 c=2 rs=1 cs=1]
                        LayoutText {#text} at (1,1) size 20x18
                          text run at (1,1) width 20: "3,3"
                      LayoutTableCell {TD} at (86,55) size 22x20 [bgcolor=#FFFF66] [border: (1px inset #808080)] [r=2 c=3 rs=1 cs=1]
                        LayoutText {#text} at (1,1) size 20x18
                          text run at (1,1) width 20: "3,4"
                      LayoutTableCell {TD} at (113,55) size 22x20 [border: (1px inset #808080)] [r=2 c=4 rs=1 cs=1]
                        LayoutText {#text} at (1,1) size 20x18
                          text run at (1,1) width 20: "3,5"
              LayoutTableCell {TD} at (158,2) size 154x112 [border: (1px inset #808080)] [r=0 c=1 rs=1 cs=1]
                LayoutTable {TABLE} at (6,6) size 142x100 [bgcolor=#FFFFFF] [border: (1px outset #808080)]
                  LayoutBlockFlow {CAPTION} at (0,0) size 142x18
                    LayoutInline {NOBR} at (0,0) size 50x18
                      LayoutText {#text} at (46,0) size 50x18
                        text run at (46,0) width 50: "Table II"
                  LayoutTableSection {TBODY} at (1,19) size 140x80
                    LayoutTableRow {TR} at (0,5) size 140x20
                      LayoutTableCell {TD} at (5,5) size 22x20 [border: (1px inset #808080)] [r=0 c=0 rs=1 cs=1]
                        LayoutText {#text} at (1,1) size 20x18
                          text run at (1,1) width 20: "1,1"
                      LayoutTableCell {TD} at (32,5) size 49x20 [border: (1px inset #808080)] [r=0 c=1 rs=1 cs=2]
                        LayoutText {#text} at (1,1) size 20x18
                          text run at (1,1) width 20: "1,2"
                      LayoutTableCell {TD} at (86,5) size 22x20 [border: (1px inset #808080)] [r=0 c=3 rs=1 cs=1]
                        LayoutText {#text} at (1,1) size 20x18
                          text run at (1,1) width 20: "1,4"
                      LayoutTableCell {TD} at (113,5) size 22x20 [border: (1px inset #808080)] [r=0 c=4 rs=1 cs=1]
                        LayoutText {#text} at (1,1) size 20x18
                          text run at (1,1) width 20: "1,5"
                    LayoutTableRow {TR} at (0,30) size 140x20
                      LayoutTableCell {TD} at (5,30) size 22x20 [border: (1px inset #808080)] [r=1 c=0 rs=1 cs=1]
                        LayoutText {#text} at (1,1) size 20x18
                          text run at (1,1) width 20: "2,1"
                      LayoutTableCell {TD} at (32,30) size 22x20 [border: (1px inset #808080)] [r=1 c=1 rs=1 cs=1]
                        LayoutText {#text} at (1,1) size 20x18
                          text run at (1,1) width 20: "2,2"
                      LayoutTableCell {TD} at (59,30) size 49x20 [border: (1px inset #808080)] [r=1 c=2 rs=1 cs=2]
                        LayoutText {#text} at (1,1) size 20x18
                          text run at (1,1) width 20: "2,3"
                      LayoutTableCell {TD} at (113,30) size 22x20 [border: (1px inset #808080)] [r=1 c=4 rs=1 cs=1]
                        LayoutText {#text} at (1,1) size 20x18
                          text run at (1,1) width 20: "2,5"
                    LayoutTableRow {TR} at (0,55) size 140x20
                      LayoutTableCell {TD} at (5,55) size 22x20 [border: (1px inset #808080)] [r=2 c=0 rs=1 cs=1]
                        LayoutText {#text} at (1,1) size 20x18
                          text run at (1,1) width 20: "3,1"
                      LayoutTableCell {TD} at (32,55) size 22x20 [bgcolor=#FFFF66] [border: (1px inset #808080)] [r=2 c=1 rs=1 cs=1]
                        LayoutText {#text} at (1,1) size 20x18
                          text run at (1,1) width 20: "3,2"
                      LayoutTableCell {TD} at (59,55) size 22x20 [bgcolor=#FFFF66] [border: (1px inset #808080)] [r=2 c=2 rs=1 cs=1]
                        LayoutText {#text} at (1,1) size 20x18
                          text run at (1,1) width 20: "3,3"
                      LayoutTableCell {TD} at (86,55) size 22x20 [bgcolor=#FFFF66] [border: (1px inset #808080)] [r=2 c=3 rs=1 cs=1]
                        LayoutText {#text} at (1,1) size 20x18
                          text run at (1,1) width 20: "3,4"
                      LayoutTableCell {TD} at (113,55) size 22x20 [border: (1px inset #808080)] [r=2 c=4 rs=1 cs=1]
                        LayoutText {#text} at (1,1) size 20x18
                          text run at (1,1) width 20: "3,5"
              LayoutTableCell {TD} at (314,2) size 134x112 [border: (1px inset #808080)] [r=0 c=2 rs=1 cs=1]
                LayoutTable {TABLE} at (6,6) size 122x100 [bgcolor=#FFFFFF] [border: (1px outset #808080)]
                  LayoutBlockFlow {CAPTION} at (0,0) size 122x18
                    LayoutInline {NOBR} at (0,0) size 56x18
                      LayoutText {#text} at (33,0) size 56x18
                        text run at (33,0) width 56: "Table III"
                  LayoutTableSection {TBODY} at (1,19) size 120x80
                    LayoutTableRow {TR} at (0,5) size 120x20
                      LayoutTableCell {TD} at (5,5) size 22x20 [border: (1px inset #808080)] [r=0 c=0 rs=1 cs=1]
                        LayoutText {#text} at (1,1) size 20x18
                          text run at (1,1) width 20: "1,1"
                      LayoutTableCell {TD} at (32,5) size 29x20 [border: (1px inset #808080)] [r=0 c=1 rs=1 cs=2]
                        LayoutText {#text} at (1,1) size 20x18
                          text run at (1,1) width 20: "1,2"
                      LayoutTableCell {TD} at (66,5) size 22x20 [border: (1px inset #808080)] [r=0 c=3 rs=1 cs=1]
                        LayoutText {#text} at (1,1) size 20x18
                          text run at (1,1) width 20: "1,4"
                      LayoutTableCell {TD} at (93,5) size 22x20 [border: (1px inset #808080)] [r=0 c=4 rs=1 cs=1]
                        LayoutText {#text} at (1,1) size 20x18
                          text run at (1,1) width 20: "1,5"
                    LayoutTableRow {TR} at (0,30) size 120x20
                      LayoutTableCell {TD} at (5,30) size 22x20 [border: (1px inset #808080)] [r=1 c=0 rs=1 cs=1]
                        LayoutText {#text} at (1,1) size 20x18
                          text run at (1,1) width 20: "2,1"
                      LayoutTableCell {TD} at (32,30) size 22x20 [border: (1px inset #808080)] [r=1 c=1 rs=1 cs=1]
                        LayoutText {#text} at (1,1) size 20x18
                          text run at (1,1) width 20: "2,2"
                      LayoutTableCell {TD} at (59,30) size 29x20 [border: (1px inset #808080)] [r=1 c=2 rs=1 cs=2]
                        LayoutText {#text} at (1,1) size 20x18
                          text run at (1,1) width 20: "2,3"
                      LayoutTableCell {TD} at (93,30) size 22x20 [border: (1px inset #808080)] [r=1 c=4 rs=1 cs=1]
                        LayoutText {#text} at (1,1) size 20x18
                          text run at (1,1) width 20: "2,5"
                    LayoutTableRow {TR} at (0,55) size 120x20
                      LayoutTableCell {TD} at (5,55) size 22x20 [border: (1px inset #808080)] [r=2 c=0 rs=1 cs=1]
                        LayoutText {#text} at (1,1) size 20x18
                          text run at (1,1) width 20: "3,1"
                      LayoutTableCell {TD} at (32,64) size 22x2 [bgcolor=#FFFF66] [border: (1px inset #808080)] [r=2 c=1 rs=1 cs=1]
                      LayoutTableCell {TD} at (59,64) size 2x2 [bgcolor=#FFFF66] [border: (1px inset #808080)] [r=2 c=2 rs=1 cs=1]
                      LayoutTableCell {TD} at (66,64) size 22x2 [bgcolor=#FFFF66] [border: (1px inset #808080)] [r=2 c=3 rs=1 cs=1]
                      LayoutTableCell {TD} at (93,55) size 22x20 [border: (1px inset #808080)] [r=2 c=4 rs=1 cs=1]
                        LayoutText {#text} at (1,1) size 20x18
                          text run at (1,1) width 20: "3,5"
              LayoutTableCell {TD} at (450,2) size 133x87 [border: (1px inset #808080)] [r=0 c=3 rs=1 cs=1]
                LayoutTable {TABLE} at (6,6) size 121x75 [bgcolor=#FFFFFF] [border: (1px outset #808080)]
                  LayoutBlockFlow {CAPTION} at (0,0) size 121x18
                    LayoutInline {NOBR} at (0,0) size 57x18
                      LayoutText {#text} at (32,0) size 57x18
                        text run at (32,0) width 57: "Table IV"
                  LayoutTableSection {TBODY} at (1,19) size 119x55
                    LayoutTableRow {TR} at (0,5) size 119x20
                      LayoutTableCell {TD} at (5,5) size 22x20 [border: (1px inset #808080)] [r=0 c=0 rs=1 cs=1]
                        LayoutText {#text} at (1,1) size 20x18
                          text run at (1,1) width 20: "1,1"
                      LayoutTableCell {TD} at (32,5) size 28x20 [border: (1px inset #808080)] [r=0 c=1 rs=1 cs=2]
                        LayoutText {#text} at (1,1) size 20x18
                          text run at (1,1) width 20: "1,2"
                      LayoutTableCell {TD} at (65,5) size 22x20 [border: (1px inset #808080)] [r=0 c=3 rs=1 cs=1]
                        LayoutText {#text} at (1,1) size 20x18
                          text run at (1,1) width 20: "1,4"
                      LayoutTableCell {TD} at (92,5) size 22x20 [border: (1px inset #808080)] [r=0 c=4 rs=1 cs=1]
                        LayoutText {#text} at (1,1) size 20x18
                          text run at (1,1) width 20: "1,5"
                    LayoutTableRow {TR} at (0,30) size 119x20
                      LayoutTableCell {TD} at (5,30) size 22x20 [border: (1px inset #808080)] [r=1 c=0 rs=1 cs=1]
                        LayoutText {#text} at (1,1) size 20x18
                          text run at (1,1) width 20: "2,1"
                      LayoutTableCell {TD} at (32,30) size 22x20 [border: (1px inset #808080)] [r=1 c=1 rs=1 cs=1]
                        LayoutText {#text} at (1,1) size 20x18
                          text run at (1,1) width 20: "2,2"
                      LayoutTableCell {TD} at (59,30) size 28x20 [border: (1px inset #808080)] [r=1 c=2 rs=1 cs=2]
                        LayoutText {#text} at (1,1) size 20x18
                          text run at (1,1) width 20: "2,3"
                      LayoutTableCell {TD} at (92,30) size 22x20 [border: (1px inset #808080)] [r=1 c=4 rs=1 cs=1]
                        LayoutText {#text} at (1,1) size 20x18
                          text run at (1,1) width 20: "2,5"
      LayoutBlockFlow (anonymous) at (0,170) size 769x18
        LayoutBR {BR} at (0,0) size 0x18
      LayoutBlockFlow {P} at (0,204) size 769x90
        LayoutText {#text} at (0,0) size 768x90
          text run at (0,0) width 325: "This is a table colspan counting problem (IMHO). "
          text run at (324,0) width 388: "The oversize <TABLE> has two rows: one has *two* <TD>"
          text run at (0,18) width 755: "\"requesting\" total of 3 columns to span; second row has *one* <TD> \"requesting\" total of 3 columns to span. In other"
          text run at (0,36) width 565: "words, it's asking for one more column than the max number of 'real' elements in a row. "
          text run at (564,36) width 204: "Here's the simple case (first one"
          text run at (0,54) width 262: "shows the problem; the other adjusts the "
          text run at (261,54) width 481: "colspan values and it works) (Dec 19 Nightly Win 95): All the elements in "
          text run at (741,54) width 21: "the"
          text run at (0,72) width 430: "two tables below are width=auto (i.e., no width attribute specified)."
      LayoutBlockFlow (anonymous) at (0,310) size 769x18
        LayoutBR {BR} at (0,0) size 0x18
      LayoutTable {TABLE} at (0,328) size 658x54 [border: (1px outset #808080)]
        LayoutTableSection {TBODY} at (1,1) size 656x52
          LayoutTableRow {TR} at (0,0) size 656x26
            LayoutTableCell {TD} at (0,0) size 246x26 [border: (1px inset #808080)] [r=0 c=0 rs=1 cs=2]
              LayoutBlockFlow {P} at (4,4) size 238x18
                LayoutInline {B} at (0,0) size 118x18
                  LayoutText {#text} at (0,0) size 118x18
                    text run at (0,0) width 118: "This is colspan=2"
            LayoutTableCell {TD} at (246,0) size 410x26 [border: (1px inset #808080)] [r=0 c=2 rs=1 cs=1]
              LayoutText {#text} at (4,4) size 202x18
                text run at (4,4) width 202: "Blah Blah Blah Blah Blah Blah"
          LayoutTableRow {TR} at (0,26) size 656x26
            LayoutTableCell {TD} at (0,26) size 656x26 [border: (1px inset #808080)] [r=1 c=0 rs=1 cs=3]
              LayoutBlockFlow {P} at (4,4) size 648x18
                LayoutInline {B} at (0,0) size 118x18
                  LayoutText {#text} at (0,0) size 118x18
                    text run at (0,0) width 118: "This is colspan=3"
                LayoutText {#text} at (117,0) size 531x18
                  text run at (117,0) width 163: " blah blah blah blah blah "
                  text run at (279,0) width 369: "--- why doesn't this cell span the table (5.0 win95 jun17)?"
      LayoutBlockFlow (anonymous) at (0,382) size 769x36
        LayoutBR {BR} at (0,0) size 0x18
        LayoutBR {BR} at (0,18) size 0x18
      LayoutTable {TABLE} at (0,418) size 522x54 [border: (1px outset #808080)]
        LayoutTableSection {TBODY} at (1,1) size 520x52
          LayoutTableRow {TR} at (0,0) size 520x26
            LayoutTableCell {TD} at (0,0) size 195x26 [border: (1px inset #808080)] [r=0 c=0 rs=1 cs=1]
              LayoutBlockFlow {P} at (4,4) size 187x18
                LayoutInline {B} at (0,0) size 118x18
                  LayoutText {#text} at (0,0) size 118x18
                    text run at (0,0) width 118: "This is colspan=1"
            LayoutTableCell {TD} at (195,0) size 325x26 [border: (1px inset #808080)] [r=0 c=1 rs=1 cs=1]
              LayoutText {#text} at (4,4) size 202x18
                text run at (4,4) width 202: "Blah Blah Blah Blah Blah Blah"
          LayoutTableRow {TR} at (0,26) size 520x26
            LayoutTableCell {TD} at (0,26) size 520x26 [border: (1px inset #808080)] [r=1 c=0 rs=1 cs=2]
              LayoutBlockFlow {P} at (4,4) size 512x18
                LayoutInline {B} at (0,0) size 118x18
                  LayoutText {#text} at (0,0) size 118x18
                    text run at (0,0) width 118: "This is colspan=2"
                LayoutText {#text} at (117,0) size 395x18
                  text run at (117,0) width 163: " blah blah blah blah blah "
                  text run at (279,0) width 233: "--- this cell spans the table correctly."
      LayoutBlockFlow (anonymous) at (0,472) size 769x18
        LayoutBR {BR} at (0,0) size 0x18
      LayoutBlockFlow {P} at (0,506) size 769x18
        LayoutText {#text} at (0,0) size 233x18
          text run at (0,0) width 233: "Here's the test case from bug #2645."
      LayoutBlockFlow {P} at (0,540) size 769x54
        LayoutText {#text} at (0,0) size 759x54
          text run at (0,0) width 555: "This test case (below) is derived from home.netscape.com (although not much is left). "
          text run at (554,0) width 205: "[This was the table structure for"
          text run at (0,18) width 717: "\"Autos ... Local ...\" and the right-hand column (\"ABCNews.com...\"); added an extra column to differentiate this"
          text run at (0,36) width 261: "example a bit more from the one above]."
      LayoutBlockFlow {P} at (0,610) size 769x72
        LayoutText {#text} at (0,0) size 757x72
          text run at (0,0) width 493: "The basic problem is \"competing colspan requests\". The table has two rows, "
          text run at (492,0) width 259: "both of which have COLSPAN requests."
          text run at (0,18) width 278: "They are both asking for one more column "
          text run at (277,18) width 480: "than the max number of 'real' elements in either row (i.e., both ask for total"
          text run at (0,36) width 533: "of 5 but the maximum number of TD in either row is 4). This seems to confuse the "
          text run at (532,36) width 222: "algorithm. ;) (Note: all the column"
          text run at (0,54) width 513: "elements in these two tables are width=fixed except the TD with colspan=(4|3))."
      LayoutTable {TABLE} at (0,698) size 680x52 [border: (1px outset #808080)]
        LayoutTableSection {TBODY} at (1,1) size 678x50
          LayoutTableRow {TR} at (0,2) size 678x22
            LayoutTableCell {TD} at (2,2) size 84x22 [border: (1px inset #808080)] [r=0 c=0 rs=1 cs=1]
              LayoutText {#text} at (2,2) size 8x18
                text run at (2,2) width 8: "x"
            LayoutTableCell {TD} at (88,2) size 350x22 [border: (1px inset #808080)] [r=0 c=1 rs=1 cs=2]
              LayoutText {#text} at (2,2) size 104x18
                text run at (2,2) width 104: "this (colspan=2)"
            LayoutTableCell {TD} at (440,2) size 32x22 [bgcolor=#99CCCC] [border: (1px inset #808080)] [r=0 c=3 rs=1 cs=1]
              LayoutText {#text} at (2,2) size 28x18
                text run at (2,2) width 28: "blue"
            LayoutTableCell {TD} at (474,2) size 202x22 [border: (1px inset #808080)] [r=0 c=4 rs=1 cs=1]
              LayoutText {#text} at (2,2) size 24x18
                text run at (2,2) width 24: "that"
          LayoutTableRow {TR} at (0,26) size 678x22
            LayoutTableCell {TD} at (2,26) size 84x22 [border: (1px inset #808080)] [r=1 c=0 rs=1 cs=1]
              LayoutText {#text} at (2,2) size 8x18
                text run at (2,2) width 8: "x"
            LayoutTableCell {TD} at (88,26) size 588x22 [bgcolor=#99CCCC] [border: (1px inset #808080)] [r=1 c=1 rs=1 cs=4]
              LayoutText {#text} at (2,2) size 330x18
                text run at (2,2) width 330: "blue (colspan=4) --- doesn't span (5.0 win95 jun17)"
      LayoutBlockFlow (anonymous) at (0,750) size 769x18
        LayoutBR {BR} at (0,0) size 0x18
      LayoutBlockFlow {P} at (0,784) size 769x18
        LayoutText {#text} at (0,0) size 436x18
          text run at (0,0) width 436: "Here's the same table but the 'colspan' values have been normalized."
      LayoutTable {TABLE} at (0,818) size 680x52 [border: (1px outset #808080)]
        LayoutTableSection {TBODY} at (1,1) size 678x50
          LayoutTableRow {TR} at (0,2) size 678x22
            LayoutTableCell {TD} at (2,2) size 77x22 [border: (1px inset #808080)] [r=0 c=0 rs=1 cs=1]
              LayoutText {#text} at (2,2) size 8x18
                text run at (2,2) width 8: "x"
            LayoutTableCell {TD} at (81,2) size 373x22 [border: (1px inset #808080)] [r=0 c=1 rs=1 cs=1]
              LayoutText {#text} at (2,2) size 104x18
                text run at (2,2) width 104: "this (colspan=1)"
            LayoutTableCell {TD} at (456,2) size 32x22 [bgcolor=#99CCCC] [border: (1px inset #808080)] [r=0 c=2 rs=1 cs=1]
              LayoutText {#text} at (2,2) size 28x18
                text run at (2,2) width 28: "blue"
            LayoutTableCell {TD} at (490,2) size 186x22 [border: (1px inset #808080)] [r=0 c=3 rs=1 cs=1]
              LayoutText {#text} at (2,2) size 24x18
                text run at (2,2) width 24: "that"
          LayoutTableRow {TR} at (0,26) size 678x22
            LayoutTableCell {TD} at (2,26) size 77x22 [border: (1px inset #808080)] [r=1 c=0 rs=1 cs=1]
              LayoutText {#text} at (2,2) size 8x18
                text run at (2,2) width 8: "x"
            LayoutTableCell {TD} at (81,26) size 595x22 [bgcolor=#99CCCC] [border: (1px inset #808080)] [r=1 c=1 rs=1 cs=3]
              LayoutText {#text} at (2,2) size 229x18
                text run at (2,2) width 229: "blue (colspan=3) --- spans correctly"
      LayoutBlockFlow (anonymous) at (0,870) size 769x18
        LayoutBR {BR} at (0,0) size 0x18
