layer at (0,0) size 800x600
  LayoutView at (0,0) size 800x600
layer at (0,0) size 800x246
  LayoutBlockFlow {HTML} at (0,0) size 800x246
    LayoutBlockFlow {BODY} at (8,16) size 784x214
      LayoutTable {TABLE} at (0,0) size 200x30 [border: (2px solid #000000)]
        LayoutTableSection {TBODY} at (2,2) size 196x26
          LayoutTableRow {TR} at (0,2) size 196x22
            LayoutTableCell {TD} at (2,2) size 192x22 [bgcolor=#EEFFEE] [border: (1px solid #808080)] [r=0 c=0 rs=1 cs=1]
              LayoutText {#text} at (2,2) size 123x18
                text run at (2,2) width 123: "no cols or colspans"
      LayoutTable {TABLE} at (0,46) size 200x30 [border: (2px solid #000000)]
        LayoutTableSection {TBODY} at (2,2) size 196x26
          LayoutTableRow {TR} at (0,2) size 196x22
            LayoutTableCell {TD} at (2,2) size 192x22 [bgcolor=#EEFFEE] [border: (1px solid #808080)] [r=0 c=0 rs=1 cs=1]
              LayoutText {#text} at (2,2) size 43x18
                text run at (2,2) width 43: "cols=4"
      LayoutTable {TABLE} at (0,92) size 200x30 [border: (2px solid #000000)]
        LayoutTableSection {TBODY} at (2,2) size 196x26
          LayoutTableRow {TR} at (0,2) size 196x22
            LayoutTableCell {TD} at (2,2) size 192x22 [bgcolor=#EEFFEE] [border: (1px solid #808080)] [r=0 c=0 rs=1 cs=4]
              LayoutText {#text} at (2,2) size 66x18
                text run at (2,2) width 66: "colspan=4"
      LayoutTable {TABLE} at (0,138) size 200x30 [border: (2px solid #000000)]
        LayoutTableSection {TBODY} at (2,2) size 196x26
          LayoutTableRow {TR} at (0,2) size 196x22
            LayoutTableCell {TD} at (2,2) size 192x22 [bgcolor=#EEFFEE] [border: (1px solid #808080)] [r=0 c=0 rs=1 cs=4]
              LayoutText {#text} at (2,2) size 117x18
                text run at (2,2) width 117: "cols=4, colspan=4"
      LayoutTable {TABLE} at (0,184) size 200x30 [border: (2px solid #000000)]
        LayoutTableSection {TBODY} at (2,2) size 196x26
          LayoutTableRow {TR} at (0,2) size 196x22
            LayoutTableCell {TD} at (2,2) size 192x22 [bgcolor=#EEFFEE] [border: (1px solid #808080)] [r=0 c=0 rs=1 cs=4]
              LayoutText {#text} at (2,2) size 80x18
                text run at (2,2) width 80: "see previous"
