layer at (0,0) size 800x600
  LayoutView at (0,0) size 800x600
layer at (0,0) size 800x600
  LayoutBlockFlow {HTML} at (0,0) size 800x600
    LayoutBlockFlow {BODY} at (8,8) size 784x584
      LayoutTable {TABLE} at (0,0) size 450x49
        LayoutTableSection {TBODY} at (0,0) size 450x49
          LayoutTableRow {TR} at (0,2) size 450x45
            LayoutTableCell {TD} at (2,2) size 446x45 [r=0 c=0 rs=1 cs=1]
              LayoutBlockFlow (anonymous) at (1,1) size 444x18
                LayoutTable (floating) {TABLE} at (0,0) size 444x19 [bgcolor=#FFFF00]
                  LayoutTableSection {TBODY} at (0,0) size 444x19
                    LayoutTableRow {TR} at (0,0) size 444x19
                      LayoutTableCell {TD} at (0,0) size 444x19 [r=0 c=0 rs=1 cs=1]
                        LayoutInline {FONT} at (0,0) size 11x15
                          LayoutText {#text} at (2,2) size 11x15
                            text run at (2,2) width 11: "In"
                        LayoutText {#text} at (0,0) size 0x0
                LayoutBR {BR} at (0,0) size 0x18
              LayoutTable {TABLE} at (1,20) size 439x24 [bgcolor=#FF00FF]
                LayoutTableSection {TBODY} at (0,0) size 439x24
                  LayoutTableRow {TR} at (0,2) size 439x20
                    LayoutTableCell {TD} at (2,2) size 435x20 [r=0 c=0 rs=1 cs=1]
                      LayoutText {#text} at (1,1) size 127x18
                        text run at (1,1) width 127: "Shop Till You Drop"
