layer at (0,0) size 800x600
  LayoutView at (0,0) size 800x600
layer at (0,0) size 800x40
  LayoutBlockFlow {HTML} at (0,0) size 800x40
    LayoutBlockFlow {BODY} at (8,8) size 784x24
      LayoutTable {TABLE} at (0,0) size 108x24
        LayoutTableSection {TBODY} at (0,0) size 108x24
          LayoutTableRow {TR} at (0,2) size 108x20
            LayoutTableCell {TD} at (2,2) size 29x20 [r=0 c=0 rs=1 cs=1]
              LayoutText {#text} at (1,1) size 27x18
                text run at (1,1) width 27: "One"
            LayoutTableCell {TD} at (33,2) size 31x20 [r=0 c=1 rs=1 cs=1]
              LayoutText {#text} at (1,1) size 29x18
                text run at (1,1) width 29: "Two"
            LayoutTableCell {TD} at (66,2) size 40x20 [r=0 c=2 rs=1 cs=1]
              LayoutText {#text} at (1,1) size 38x18
                text run at (1,1) width 38: "Three"
