layer at (0,0) size 800x600
  LayoutView at (0,0) size 800x600
layer at (0,0) size 800x600
  LayoutBlockFlow {HTML} at (0,0) size 800x600
    LayoutBlockFlow {BODY} at (8,8) size 784x584
      LayoutTable {TABLE} at (0,0) size 784x584 [border: (1px outset #808080)]
        LayoutTableSection {TBODY} at (1,1) size 782x582
          LayoutTableRow {TR} at (0,2) size 782x50
            LayoutTableCell {TD} at (2,2) size 778x22 [border: (1px inset #808080)] [r=0 c=0 rs=1 cs=1]
              LayoutBlockFlow {CENTER} at (2,2) size 774x18
                LayoutText {#text} at (365,0) size 44x18
                  text run at (365,0) width 44: "abcdef"
          LayoutTableRow {TR} at (0,54) size 782x526
            LayoutTableCell {TD} at (2,54) size 778x526 [border: (1px inset #808080)] [r=1 c=0 rs=1 cs=1]
layer at (13,65) size 756x522 clip at (16,68) size 750x501 scrollWidth 900
  LayoutBlockFlow {DIV} at (2,2) size 756x522 [border: (3px solid #000000)]
    LayoutBlockFlow {CENTER} at (3,3) size 750x150
      LayoutTable {TABLE} at (0,0) size 900x150
        LayoutTableSection {TBODY} at (0,0) size 900x150
          LayoutTableRow {TR} at (0,2) size 900x146
            LayoutTableCell {TD} at (2,2) size 896x146 [r=0 c=0 rs=1 cs=1]
              LayoutText {#text} at (1,1) size 42x18
                text run at (1,1) width 42: "Line 1"
              LayoutBR {BR} at (42,15) size 1x0
              LayoutText {#text} at (1,19) size 42x18
                text run at (1,19) width 42: "Line 2"
              LayoutBR {BR} at (42,33) size 1x0
              LayoutText {#text} at (1,37) size 42x18
                text run at (1,37) width 42: "Line 3"
              LayoutBR {BR} at (42,51) size 1x0
              LayoutText {#text} at (1,55) size 42x18
                text run at (1,55) width 42: "Line 4"
              LayoutBR {BR} at (42,69) size 1x0
              LayoutText {#text} at (1,73) size 42x18
                text run at (1,73) width 42: "Line 5"
              LayoutBR {BR} at (42,87) size 1x0
              LayoutText {#text} at (1,91) size 42x18
                text run at (1,91) width 42: "Line 6"
              LayoutBR {BR} at (42,105) size 1x0
              LayoutText {#text} at (1,109) size 42x18
                text run at (1,109) width 42: "Line 7"
              LayoutBR {BR} at (42,123) size 1x0
              LayoutText {#text} at (1,127) size 42x18
                text run at (1,127) width 42: "Line 8"
              LayoutBR {BR} at (42,141) size 1x0
