layer at (0,0) size 800x600
  LayoutView at (0,0) size 800x600
layer at (0,0) size 800x600
  LayoutBlockFlow {HTML} at (0,0) size 800x600
    LayoutBlockFlow {BODY} at (8,8) size 784x584
      LayoutTable (floating) {TABLE} at (248,0) size 536x46 [bgcolor=#000000] [border: (5px outset #808080)]
        LayoutTableSection {TBODY} at (5,5) size 526x36
          LayoutTableRow {TR} at (0,0) size 526x36
            LayoutTableCell {TD} at (0,0) size 526x36 [border: (1px inset #808080)] [r=0 c=0 rs=1 cs=1]
              LayoutTable {TABLE} at (2,2) size 522x32 [border: (5px outset #808080)]
                LayoutTableSection {TBODY} at (5,5) size 512x22
                  LayoutTableRow {TR} at (0,0) size 512x22
                    LayoutTableCell {TD} at (0,0) size 512x22 [bgcolor=#FFFFCC] [border: (1px inset #808080)] [r=0 c=0 rs=1 cs=1]
                      LayoutText {#text} at (2,2) size 508x18
                        text run at (2,2) width 508: "xxxxxxxxxxxxxxxxxxxxxxxxxxxxxxxxxxxxxxxxxxxxxxxxxxxxxxxxxxxxxxQ"
