layer at (0,0) size 800x600
  LayoutView at (0,0) size 800x600
layer at (0,0) size 800x600
  LayoutBlockFlow {HTML} at (0,0) size 800x600
    LayoutBlockFlow {BODY} at (8,8) size 784x584
      LayoutTable {TABLE} at (0,0) size 150x18 [bgcolor=#FFCCCC]
        LayoutTableCol {COLGROUP} at (0,0) size 0x0
          LayoutTableCol {COL} at (0,0) size 0x0
          LayoutTableCol {COL} at (0,0) size 0x0
        LayoutTableSection {TBODY} at (0,0) size 150x18
          LayoutTableRow {TR} at (0,0) size 150x18
            LayoutTableCell {TD} at (0,0) size 150x18 [r=0 c=0 rs=1 cs=2]
              LayoutText {#text} at (0,0) size 102x18
                text run at (0,0) width 102: "Correct Display"
          LayoutTableRow {TR} at (0,18) size 150x0
            LayoutTableCell {TD} at (0,18) size 150x0 [r=1 c=0 rs=1 cs=1]
            LayoutTableCell {TD} at (150,18) size 0x0 [r=1 c=1 rs=1 cs=1]
      LayoutBlockFlow {P} at (0,34) size 784x0
      LayoutTable {TABLE} at (0,34) size 150x18 [bgcolor=#FFCCCC]
        LayoutTableCol {COLGROUP} at (0,0) size 0x0
          LayoutTableCol {COL} at (0,0) size 0x0
          LayoutTableCol {COL} at (0,0) size 0x0
        LayoutTableSection {TBODY} at (0,0) size 150x18
          LayoutTableRow {TR} at (0,0) size 150x18
            LayoutTableCell {TD} at (0,0) size 150x18 [r=0 c=0 rs=1 cs=2]
              LayoutText {#text} at (0,0) size 112x18
                text run at (0,0) width 112: "Incorrect Display"
