layer at (0,0) size 800x600
  LayoutView at (0,0) size 800x600
layer at (0,0) size 800x600
  LayoutBlockFlow {HTML} at (0,0) size 800x600
    LayoutBlockFlow {BODY} at (8,8) size 784x584
      LayoutTable {TABLE} at (0,0) size 450x104 [border: (1px solid #000000)]
        LayoutTableSection {TBODY} at (1,1) size 448x102
          LayoutTableRow {TR} at (0,2) size 448x98
            LayoutTableCell {TD} at (2,2) size 444x98 [r=0 c=0 rs=1 cs=1]
              LayoutTable (floating) {TABLE} at (1,1) size 442x26 [border: (1px solid #FF0000)]
                LayoutTableSection {TBODY} at (1,1) size 440x24
                  LayoutTableRow {TR} at (0,2) size 440x20
                    LayoutTableCell {TD} at (2,2) size 436x20 [r=0 c=0 rs=1 cs=1]
                      LayoutText {#text} at (1,1) size 23x18
                        text run at (1,1) width 23: "test"
              LayoutTable {TABLE} at (1,27) size 437x70 [border: (1px solid #000000)]
                LayoutTableSection {TBODY} at (1,1) size 435x68
                  LayoutTableRow {TR} at (0,2) size 435x64
                    LayoutTableCell {TD} at (2,2) size 431x64 [r=0 c=0 rs=1 cs=1]
                      LayoutTable {TABLE} at (1,1) size 315x62 [border: (1px solid #000000)]
                        LayoutTableSection {TBODY} at (1,1) size 313x60
                          LayoutTableRow {TR} at (0,2) size 313x56
                            LayoutTableCell {TD} at (2,2) size 309x56 [r=0 c=0 rs=1 cs=1]
                              LayoutImage {IMG} at (1,6) size 9x9
                              LayoutText {#text} at (10,1) size 131x18
                                text run at (10,1) width 131: " Shop Till You Drop"
                              LayoutBR {BR} at (140,15) size 1x0
                              LayoutText {#text} at (1,19) size 281x18
                                text run at (1,19) width 281: "From Regina Lewis, AOL's Online Advisor"
                              LayoutBR {BR} at (281,33) size 1x0
                              LayoutImage {IMG} at (1,42) size 9x9
                              LayoutText {#text} at (10,37) size 298x18
                                text run at (10,37) width 298: " Forget Dates? Don't Worry We'll Remind You"
                              LayoutBR {BR} at (307,51) size 1x0
