layer at (0,0) size 800x600
  LayoutView at (0,0) size 800x600
layer at (0,0) size 800x600
  LayoutBlockFlow {HTML} at (0,0) size 800x600
    LayoutBlockFlow {BODY} at (8,8) size 784x584
      LayoutTable {TABLE} at (0,0) size 257x28
        LayoutTableSection {TBODY} at (0,0) size 257x28
          LayoutTableRow {TR} at (0,2) size 257x20
            LayoutTableCell {TD} at (2,2) size 253x20 [r=0 c=0 rs=1 cs=1]
              LayoutText {#text} at (1,1) size 251x18
                text run at (1,1) width 251: "Really sorry about the server yesterday"
          LayoutTableRow {TR} at (0,24) size 257x2
            LayoutTableCell {TD} at (2,24) size 253x2 [r=1 c=0 rs=1 cs=1]
