layer at (0,0) size 800x600
  LayoutView at (0,0) size 800x600
layer at (0,0) size 800x600
  LayoutBlockFlow {HTML} at (0,0) size 800x600
    LayoutBlockFlow {BODY} at (8,8) size 784x584
      LayoutBlockFlow {CENTER} at (0,0) size 784x379
        LayoutTable {TABLE} at (0,0) size 784x379
          LayoutTableSection {TBODY} at (0,0) size 784x379
            LayoutTableRow {TR} at (0,0) size 784x68
              LayoutTableCell {TD} at (0,7) size 784x52.91 [r=0 c=0 rs=1 cs=1]
                LayoutBlockFlow {H2} at (0,0) size 784x33
                  LayoutInline {FONT} at (0,0) size 102x33
                    LayoutText {#text} at (341,0) size 102x33
                      text run at (341,0) width 102: "EET 304"
            LayoutTableRow {TR} at (0,68) size 784x23
              LayoutTableCell {TD} at (0,70) size 784x18 [r=1 c=0 rs=1 cs=1]
                LayoutBlockFlow {P} at (0,0) size 784x18
                  LayoutInline {FONT} at (0,0) size 36x18
                    LayoutInline {A} at (0,0) size 36x18 [color=#0000EE]
                      LayoutText {#text} at (374,0) size 36x18
                        text run at (374,0) width 36: "Home"
            LayoutTableRow {TR} at (0,91) size 784x32
              LayoutTableCell {TD} at (0,98) size 784x18 [r=2 c=0 rs=1 cs=1]
                LayoutInline {A} at (0,0) size 120x18 [color=#0000EE]
                  LayoutInline {FONT} at (0,0) size 120x18
                    LayoutText {#text} at (332,0) size 120x18
                      text run at (332,0) width 120: "Course Information"
            LayoutTableRow {TR} at (0,123) size 784x32
              LayoutTableCell {TD} at (0,130) size 784x18 [r=3 c=0 rs=1 cs=1]
                LayoutInline {A} at (0,0) size 48x18 [color=#0000EE]
                  LayoutInline {FONT} at (0,0) size 48x18
                    LayoutText {#text} at (368,0) size 48x18
                      text run at (368,0) width 48: "Lecture"
            LayoutTableRow {TR} at (0,155) size 784x32
              LayoutTableCell {TD} at (0,162) size 784x18 [r=4 c=0 rs=1 cs=1]
                LayoutInline {A} at (0,0) size 0x0 [color=#0000EE]
                  LayoutInline {FONT} at (0,0) size 0x0
                LayoutInline {A} at (0,0) size 64x18 [color=#0000EE]
                  LayoutInline {FONT} at (0,0) size 64x18
                    LayoutText {#text} at (360,0) size 64x18
                      text run at (360,0) width 64: "Homework"
            LayoutTableRow {TR} at (0,187) size 784x32
              LayoutTableCell {TD} at (0,194) size 784x18 [r=5 c=0 rs=1 cs=1]
                LayoutInline {A} at (0,0) size 50x18 [color=#0000EE]
                  LayoutInline {FONT} at (0,0) size 50x18
                    LayoutText {#text} at (367,0) size 50x18
                      text run at (367,0) width 50: "Quizzes"
            LayoutTableRow {TR} at (0,219) size 784x32
              LayoutTableCell {TD} at (0,226) size 784x18 [r=6 c=0 rs=1 cs=1]
                LayoutInline {FONT} at (0,0) size 40x18 [color=#0000FF]
                  LayoutInline {A} at (0,0) size 40x18 [color=#0000EE]
                    LayoutText {#text} at (372,0) size 40x18
                      text run at (372,0) width 40: "Exams"
            LayoutTableRow {TR} at (0,251) size 784x32
              LayoutTableCell {TD} at (0,258) size 784x18 [r=7 c=0 rs=1 cs=1]
                LayoutInline {A} at (0,0) size 0x0 [color=#0000EE]
                  LayoutInline {FONT} at (0,0) size 0x0
                LayoutInline {A} at (0,0) size 68x18 [color=#0000EE]
                  LayoutInline {FONT} at (0,0) size 68x18
                    LayoutText {#text} at (358,0) size 22x18
                      text run at (358,0) width 22: "Lab"
                    LayoutInline {U} at (0,0) size 47x18
                      LayoutText {#text} at (379,0) size 47x18
                        text run at (379,0) width 47: "oratory"
            LayoutTableRow {TR} at (0,283) size 784x32
              LayoutTableCell {TD} at (0,290) size 784x18 [r=8 c=0 rs=1 cs=1]
                LayoutInline {A} at (0,0) size 44x18 [color=#0000EE]
                  LayoutInline {U} at (0,0) size 44x18
                    LayoutInline {FONT} at (0,0) size 44x18
                      LayoutText {#text} at (370,0) size 44x18
                        text run at (370,0) width 44: "Grades"
            LayoutTableRow {TR} at (0,315) size 784x32
              LayoutTableCell {TD} at (0,322) size 784x18 [r=9 c=0 rs=1 cs=1]
                LayoutInline {FONT} at (0,0) size 80x18
                  LayoutInline {A} at (0,0) size 80x18 [color=#0000EE]
                    LayoutText {#text} at (352,0) size 80x18
                      text run at (352,0) width 40: "Filter "
                      text run at (391,0) width 41: "Design"
            LayoutTableRow {TR} at (0,347) size 784x32
              LayoutTableCell {TD} at (0,354) size 784x18 [r=10 c=0 rs=1 cs=1]
                LayoutInline {FONT} at (0,0) size 82x18
                  LayoutInline {U} at (0,0) size 82x18
                    LayoutInline {A} at (0,0) size 82x18 [color=#0000EE]
                      LayoutText {#text} at (351,0) size 82x18
                        text run at (351,0) width 46: "Office "
                        text run at (396,0) width 37: "Hours"
