layer at (0,0) size 800x600
  LayoutView at (0,0) size 800x600
layer at (0,0) size 800x600
  LayoutBlockFlow {HTML} at (0,0) size 800x600
    LayoutBlockFlow {BODY} at (8,8) size 784x576 [bgcolor=#FFFFFF]
      LayoutBlockFlow {H4} at (0,0) size 784x18
        LayoutText {#text} at (0,0) size 541x18
          text run at (0,0) width 541: "TBODY is not correctly positioned when TFOOT is present but THEAD is not:"
      LayoutTable {TABLE} at (0,39.27) size 66x52 [border: (1px outset #808080)]
        LayoutTableSection {TFOOT} at (1,27) size 64x24
          LayoutTableRow {TR} at (0,0) size 64x22
            LayoutTableCell {TD} at (2,0) size 60x22 [border: (1px inset #808080)] [r=0 c=0 rs=1 cs=1]
              LayoutText {#text} at (2,2) size 52x18
                text run at (2,2) width 52: "TFOOT"
        LayoutTableSection {TBODY} at (1,1) size 64x26
          LayoutTableRow {TR} at (0,2) size 64x22
            LayoutTableCell {TD} at (2,2) size 60x22 [border: (1px inset #808080)] [r=0 c=0 rs=1 cs=1]
              LayoutText {#text} at (2,2) size 56x18
                text run at (2,2) width 56: "TBODY"
      LayoutBlockFlow (anonymous) at (0,91.27) size 784x18
        LayoutBR {BR} at (0,0) size 0x18
      LayoutTable {TABLE} at (0,109.27) size 67x76 [border: (1px outset #808080)]
        LayoutTableSection {THEAD} at (1,1) size 65x26
          LayoutTableRow {TR} at (0,2) size 65x22
            LayoutTableCell {TH} at (2,2) size 61x22 [border: (1px inset #808080)] [r=0 c=0 rs=1 cs=1]
              LayoutText {#text} at (2,2) size 57x18
                text run at (2,2) width 57: "THEAD"
        LayoutTableSection {TFOOT} at (1,51) size 65x24
          LayoutTableRow {TR} at (0,0) size 65x22
            LayoutTableCell {TD} at (2,0) size 61x22 [border: (1px inset #808080)] [r=0 c=0 rs=1 cs=1]
              LayoutText {#text} at (2,2) size 52x18
                text run at (2,2) width 52: "TFOOT"
        LayoutTableSection {TBODY} at (1,27) size 65x24
          LayoutTableRow {TR} at (0,0) size 65x22
            LayoutTableCell {TD} at (2,0) size 61x22 [border: (1px inset #808080)] [r=0 c=0 rs=1 cs=1]
              LayoutText {#text} at (2,2) size 56x18
                text run at (2,2) width 56: "TBODY"
      LayoutBlockFlow {P} at (0,201.27) size 784x220
        LayoutBlockFlow (anonymous) at (0,0) size 784x18
          LayoutText {#text} at (0,0) size 156x18
            text run at (0,0) width 156: "Same as above but with "
          LayoutInline {CODE} at (0,0) size 126x15
            LayoutText {#text} at (155,2) size 126x15
              text run at (155,2) width 126: "CELLSPACING=\"10\""
          LayoutText {#text} at (280,0) size 6x18
            text run at (280,0) width 6: ":"
        LayoutTable {TABLE} at (0,18) size 82x76 [border: (1px outset #808080)]
          LayoutTableSection {TFOOT} at (1,43) size 80x32
            LayoutTableRow {TR} at (0,0) size 80x22
              LayoutTableCell {TD} at (10,0) size 60x22 [border: (1px inset #808080)] [r=0 c=0 rs=1 cs=1]
                LayoutText {#text} at (2,2) size 52x18
                  text run at (2,2) width 52: "TFOOT"
          LayoutTableSection {TBODY} at (1,1) size 80x42
            LayoutTableRow {TR} at (0,10) size 80x22
              LayoutTableCell {TD} at (10,10) size 60x22 [border: (1px inset #808080)] [r=0 c=0 rs=1 cs=1]
                LayoutText {#text} at (2,2) size 56x18
                  text run at (2,2) width 56: "TBODY"
        LayoutBlockFlow (anonymous) at (0,94) size 784x18
          LayoutBR {BR} at (0,0) size 0x18
        LayoutTable {TABLE} at (0,112) size 83x108 [border: (1px outset #808080)]
          LayoutTableSection {THEAD} at (1,1) size 81x42
            LayoutTableRow {TR} at (0,10) size 81x22
              LayoutTableCell {TH} at (10,10) size 61x22 [border: (1px inset #808080)] [r=0 c=0 rs=1 cs=1]
                LayoutText {#text} at (2,2) size 57x18
                  text run at (2,2) width 57: "THEAD"
          LayoutTableSection {TFOOT} at (1,75) size 81x32
            LayoutTableRow {TR} at (0,0) size 81x22
              LayoutTableCell {TD} at (10,0) size 61x22 [border: (1px inset #808080)] [r=0 c=0 rs=1 cs=1]
                LayoutText {#text} at (2,2) size 52x18
                  text run at (2,2) width 52: "TFOOT"
          LayoutTableSection {TBODY} at (1,43) size 81x32
            LayoutTableRow {TR} at (0,0) size 81x22
              LayoutTableCell {TD} at (10,0) size 61x22 [border: (1px inset #808080)] [r=0 c=0 rs=1 cs=1]
                LayoutText {#text} at (2,2) size 56x18
                  text run at (2,2) width 56: "TBODY"
