layer at (0,0) size 800x600 clip at (0,0) size 785x600 scrollHeight 11400
  LayoutView at (0,0) size 800x600
layer at (0,0) size 785x11400 backgroundClip at (0,0) size 785x600 clip at (0,0) size 785x600
  LayoutBlockFlow {HTML} at (0,0) size 785x11400
    LayoutBlockFlow {BODY} at (8,8) size 769x11384
      LayoutTable {TABLE} at (0,0) size 731x11384 [border: (1px outset #808080)]
        LayoutTableSection {TBODY} at (1,1) size 729x11382
          LayoutTableRow {TR} at (0,2) size 729x11378
            LayoutTableCell {TD} at (2,2) size 12x22 [border: (1px inset #808080)] [r=0 c=0 rs=1 cs=1]
              LayoutText {#text} at (2,2) size 8x18
                text run at (2,2) width 8: "x"
            LayoutTableCell {TD} at (16,2) size 711x11378.34 [border: (1px inset #808080)] [r=0 c=1 rs=1 cs=1]
              LayoutBlockFlow (anonymous) at (2,2) size 707x0
                LayoutInline {FONT} at (0,0) size 0x0
                  LayoutText {#text} at (0,0) size 0x0
              LayoutBlockFlow (anonymous) at (2,2) size 707x52
                LayoutTable {TABLE} at (0,0) size 567x52 [border: (1px outset #808080)]
                  LayoutTableSection {TBODY} at (1,1) size 565x50
                    LayoutTableRow {TR} at (0,2) size 565x22
                      LayoutTableCell {TD} at (2,2) size 112x22 [border: (1px inset #808080)] [r=0 c=0 rs=1 cs=1]
                        LayoutText {#text} at (2,2) size 5x17
                          text run at (2,2) width 5: " "
                      LayoutTableCell {TD} at (116,2) size 447x4 [border: (1px inset #808080)] [r=0 c=1 rs=1 cs=1]
                    LayoutTableRow {TR} at (0,26) size 565x22
                      LayoutTableCell {TD} at (2,26) size 112x22 [border: (1px inset #808080)] [r=1 c=0 rs=1 cs=1]
                        LayoutText {#text} at (2,2) size 108x17
                          text run at (2,2) width 108: "Search again..."
              LayoutBlockFlow (anonymous) at (2,54) size 707x15
                LayoutInline {FONT} at (0,0) size 707x15
                  LayoutText {#text} at (0,0) size 707x15
                    text run at (0,0) width 327: "This text node only exists once in the original document! "
                    text run at (326,0) width 305: "If it were a large collection of inlines, the page would "
                    text run at (630,0) width 77: "hang forever."
                  LayoutInline {A} at (0,0) size 0x0
              LayoutBlockFlow (anonymous) at (2,85.17) size 707x11291.17
                LayoutBlockFlow {H2} at (0,0) size 707x23
                  LayoutInline {A} at (0,0) size 164x22
                    LayoutText {#text} at (0,0) size 164x22
                      text run at (0,0) width 164: "Table of Contents"
                LayoutBlockFlow {P} at (0,39.17) size 707x150
                  LayoutInline {B} at (0,0) size 76x15
                    LayoutInline {A} at (0,0) size 76x15 [color=#0000EE]
                      LayoutText {#text} at (0,0) size 76x15
                        text run at (0,0) width 76: "Introduction"
                  LayoutBR {BR} at (75,12) size 1x0
                  LayoutBR {BR} at (0,15) size 0x15
                  LayoutInline {A} at (0,0) size 159x15 [color=#0000EE]
                    LayoutText {#text} at (0,30) size 159x15
                      text run at (0,30) width 159: "Who Should Use This Book"
                  LayoutText {#text} at (158,30) size 5x15
                    text run at (158,30) width 5: " "
                  LayoutBR {BR} at (162,42) size 1x0
                  LayoutInline {A} at (0,0) size 132x15 [color=#0000EE]
                    LayoutText {#text} at (0,45) size 132x15
                      text run at (0,45) width 132: "How To Use This Book"
                  LayoutText {#text} at (131,45) size 5x15
                    text run at (131,45) width 5: " "
                  LayoutBR {BR} at (135,57) size 1x0
                  LayoutInline {A} at (0,0) size 164x15 [color=#0000EE]
                    LayoutText {#text} at (0,60) size 164x15
                      text run at (0,60) width 164: "How This Book is Structured"
                  LayoutText {#text} at (164,60) size 4x15
                    text run at (164,60) width 4: " "
                  LayoutBR {BR} at (167,72) size 1x0
                  LayoutInline {A} at (0,0) size 200x15 [color=#0000EE]
                    LayoutText {#text} at (0,75) size 200x15
                      text run at (0,75) width 200: "How to Read the Syntax Diagrams"
                  LayoutText {#text} at (199,75) size 5x15
                    text run at (199,75) width 5: " "
                  LayoutBR {BR} at (203,87) size 1x0
                  LayoutInline {A} at (0,0) size 195x15 [color=#0000EE]
                    LayoutText {#text} at (0,90) size 195x15
                      text run at (0,90) width 195: "Conventions Used in This Manual"
                  LayoutText {#text} at (194,90) size 4x15
                    text run at (194,90) width 4: " "
                  LayoutBR {BR} at (197,102) size 1x0
                  LayoutInline {A} at (0,0) size 94x15 [color=#0000EE]
                    LayoutText {#text} at (0,105) size 94x15
                      text run at (0,105) width 94: "Error Conditions"
                  LayoutText {#text} at (93,105) size 5x15
                    text run at (93,105) width 5: " "
                  LayoutBR {BR} at (97,117) size 1x0
                  LayoutInline {A} at (0,0) size 144x15 [color=#0000EE]
                    LayoutText {#text} at (0,120) size 144x15
                      text run at (0,120) width 144: "Highlighting Conventions"
                  LayoutText {#text} at (143,120) size 5x15
                    text run at (143,120) width 5: " "
                  LayoutBR {BR} at (147,132) size 1x0
                  LayoutInline {A} at (0,0) size 217x15 [color=#0000EE]
                    LayoutText {#text} at (0,135) size 217x15
                      text run at (0,135) width 217: "Related Documentation for This Book"
                  LayoutText {#text} at (0,0) size 0x0
                LayoutBlockFlow {P} at (0,202.17) size 707x990
                  LayoutInline {B} at (0,0) size 60x15
                    LayoutInline {A} at (0,0) size 60x15 [color=#0000EE]
                      LayoutText {#text} at (0,0) size 60x15
                        text run at (0,0) width 60: "Concepts"
                  LayoutBR {BR} at (59,12) size 1x0
                  LayoutBR {BR} at (0,15) size 0x15
                  LayoutInline {A} at (0,0) size 118x15 [color=#0000EE]
                    LayoutText {#text} at (0,30) size 118x15
                      text run at (0,30) width 118: "Relational Database"
                  LayoutText {#text} at (117,30) size 4x15
                    text run at (117,30) width 4: " "
                  LayoutBR {BR} at (120,42) size 1x0
                  LayoutInline {A} at (0,0) size 199x15 [color=#0000EE]
                    LayoutText {#text} at (0,45) size 199x15
                      text run at (0,45) width 199: "Structured Query Language (SQL)"
                  LayoutText {#text} at (198,45) size 5x15
                    text run at (198,45) width 5: " "
                  LayoutBR {BR} at (202,57) size 1x0
                  LayoutInline {A} at (0,0) size 93x15 [color=#0000EE]
                    LayoutText {#text} at (0,60) size 93x15
                      text run at (0,60) width 93: "Embedded SQL"
                  LayoutText {#text} at (92,60) size 5x15
                    text run at (92,60) width 5: " "
                  LayoutBR {BR} at (96,72) size 1x0
                  LayoutInline {A} at (0,0) size 63x15 [color=#0000EE]
                    LayoutText {#text} at (0,75) size 63x15
                      text run at (0,75) width 63: "Static SQL"
                  LayoutText {#text} at (62,75) size 4x15
                    text run at (62,75) width 4: " "
                  LayoutBR {BR} at (65,87) size 1x0
                  LayoutInline {A} at (0,0) size 81x15 [color=#0000EE]
                    LayoutText {#text} at (0,90) size 81x15
                      text run at (0,90) width 81: "Dynamic SQL"
                  LayoutText {#text} at (80,90) size 4x15
                    text run at (80,90) width 4: " "
                  LayoutBR {BR} at (83,102) size 1x0
                  LayoutInline {A} at (0,0) size 404x15 [color=#0000EE]
                    LayoutText {#text} at (0,105) size 404x15
                      text run at (0,105) width 404: "DB2 Call Level Interface (CLI) & Open Database Connectivity (ODBC)"
                  LayoutText {#text} at (403,105) size 5x15
                    text run at (403,105) width 5: " "
                  LayoutBR {BR} at (407,117) size 1x0
                  LayoutInline {A} at (0,0) size 484x15 [color=#0000EE]
                    LayoutText {#text} at (0,120) size 484x15
                      text run at (0,120) width 484: "Java Database Connectivity (JDBC) and Embedded SQL for Java (SQLJ) Programs"
                  LayoutText {#text} at (483,120) size 4x15
                    text run at (483,120) width 4: " "
                  LayoutBR {BR} at (486,132) size 1x0
                  LayoutInline {A} at (0,0) size 90x15 [color=#0000EE]
                    LayoutText {#text} at (0,135) size 90x15
                      text run at (0,135) width 90: "Interactive SQL"
                  LayoutText {#text} at (89,135) size 5x15
                    text run at (89,135) width 5: " "
                  LayoutBR {BR} at (93,147) size 1x0
                  LayoutInline {A} at (0,0) size 55x15 [color=#0000EE]
                    LayoutText {#text} at (0,150) size 55x15
                      text run at (0,150) width 55: "Schemas"
                  LayoutText {#text} at (54,150) size 4x15
                    text run at (54,150) width 4: " "
                  LayoutBR {BR} at (57,162) size 1x0
                  LayoutInline {A} at (0,0) size 162x15 [color=#0000EE]
                    LayoutText {#text} at (0,165) size 162x15
                      text run at (0,165) width 162: "Controlling Use of Schemas"
                  LayoutText {#text} at (161,165) size 4x15
                    text run at (161,165) width 4: " "
                  LayoutBR {BR} at (164,177) size 1x0
                  LayoutInline {A} at (0,0) size 38x15 [color=#0000EE]
                    LayoutText {#text} at (0,180) size 38x15
                      text run at (0,180) width 38: "Tables"
                  LayoutText {#text} at (37,180) size 5x15
                    text run at (37,180) width 5: " "
                  LayoutBR {BR} at (41,192) size 1x0
                  LayoutInline {A} at (0,0) size 35x15 [color=#0000EE]
                    LayoutText {#text} at (0,195) size 35x15
                      text run at (0,195) width 35: "Views"
                  LayoutText {#text} at (34,195) size 5x15
                    text run at (34,195) width 5: " "
                  LayoutBR {BR} at (38,207) size 1x0
                  LayoutInline {A} at (0,0) size 42x15 [color=#0000EE]
                    LayoutText {#text} at (0,210) size 42x15
                      text run at (0,210) width 42: "Aliases"
                  LayoutText {#text} at (41,210) size 5x15
                    text run at (41,210) width 5: " "
                  LayoutBR {BR} at (45,222) size 1x0
                  LayoutInline {A} at (0,0) size 46x15 [color=#0000EE]
                    LayoutText {#text} at (0,225) size 46x15
                      text run at (0,225) width 46: "Indexes"
                  LayoutText {#text} at (45,225) size 5x15
                    text run at (45,225) width 5: " "
                  LayoutBR {BR} at (49,237) size 1x0
                  LayoutInline {A} at (0,0) size 29x15 [color=#0000EE]
                    LayoutText {#text} at (0,240) size 29x15
                      text run at (0,240) width 29: "Keys"
                  LayoutText {#text} at (28,240) size 5x15
                    text run at (28,240) width 5: " "
                  LayoutBR {BR} at (32,252) size 1x0
                  LayoutInline {A} at (0,0) size 74x15 [color=#0000EE]
                    LayoutText {#text} at (0,255) size 74x15
                      text run at (0,255) width 74: "Unique Keys"
                  LayoutText {#text} at (73,255) size 5x15
                    text run at (73,255) width 5: " "
                  LayoutBR {BR} at (77,267) size 1x0
                  LayoutInline {A} at (0,0) size 78x15 [color=#0000EE]
                    LayoutText {#text} at (0,270) size 78x15
                      text run at (0,270) width 78: "Primary Keys"
                  LayoutText {#text} at (77,270) size 4x15
                    text run at (77,270) width 4: " "
                  LayoutBR {BR} at (80,282) size 1x0
                  LayoutInline {A} at (0,0) size 77x15 [color=#0000EE]
                    LayoutText {#text} at (0,285) size 77x15
                      text run at (0,285) width 77: "Foreign Keys"
                  LayoutText {#text} at (76,285) size 5x15
                    text run at (76,285) width 5: " "
                  LayoutBR {BR} at (80,297) size 1x0
                  LayoutInline {A} at (0,0) size 98x15 [color=#0000EE]
                    LayoutText {#text} at (0,300) size 98x15
                      text run at (0,300) width 98: "Partitioning Keys"
                  LayoutText {#text} at (97,300) size 5x15
                    text run at (97,300) width 5: " "
                  LayoutBR {BR} at (101,312) size 1x0
                  LayoutInline {A} at (0,0) size 66x15 [color=#0000EE]
                    LayoutText {#text} at (0,315) size 66x15
                      text run at (0,315) width 66: "Constraints"
                  LayoutText {#text} at (65,315) size 5x15
                    text run at (65,315) width 5: " "
                  LayoutBR {BR} at (69,327) size 1x0
                  LayoutInline {A} at (0,0) size 111x15 [color=#0000EE]
                    LayoutText {#text} at (0,330) size 111x15
                      text run at (0,330) width 111: "Unique Constraints"
                  LayoutText {#text} at (110,330) size 5x15
                    text run at (110,330) width 5: " "
                  LayoutBR {BR} at (114,342) size 1x0
                  LayoutInline {A} at (0,0) size 133x15 [color=#0000EE]
                    LayoutText {#text} at (0,345) size 133x15
                      text run at (0,345) width 133: "Referential Constraints"
                  LayoutText {#text} at (132,345) size 4x15
                    text run at (132,345) width 4: " "
                  LayoutBR {BR} at (135,357) size 1x0
                  LayoutInline {A} at (0,0) size 141x15 [color=#0000EE]
                    LayoutText {#text} at (0,360) size 141x15
                      text run at (0,360) width 141: "Table Check Constraints"
                  LayoutText {#text} at (140,360) size 5x15
                    text run at (140,360) width 5: " "
                  LayoutBR {BR} at (144,372) size 1x0
                  LayoutInline {A} at (0,0) size 48x15 [color=#0000EE]
                    LayoutText {#text} at (0,375) size 48x15
                      text run at (0,375) width 48: "Triggers"
                  LayoutText {#text} at (47,375) size 4x15
                    text run at (47,375) width 4: " "
                  LayoutBR {BR} at (50,387) size 1x0
                  LayoutInline {A} at (0,0) size 87x15 [color=#0000EE]
                    LayoutText {#text} at (0,390) size 87x15
                      text run at (0,390) width 87: "Event Monitors"
                  LayoutText {#text} at (86,390) size 5x15
                    text run at (86,390) width 5: " "
                  LayoutBR {BR} at (90,402) size 1x0
                  LayoutInline {A} at (0,0) size 46x15 [color=#0000EE]
                    LayoutText {#text} at (0,405) size 46x15
                      text run at (0,405) width 46: "Queries"
                  LayoutText {#text} at (45,405) size 5x15
                    text run at (45,405) width 5: " "
                  LayoutBR {BR} at (49,417) size 1x0
                  LayoutInline {A} at (0,0) size 106x15 [color=#0000EE]
                    LayoutText {#text} at (0,420) size 106x15
                      text run at (0,420) width 106: "Table Expressions"
                  LayoutText {#text} at (105,420) size 5x15
                    text run at (105,420) width 5: " "
                  LayoutBR {BR} at (109,432) size 1x0
                  LayoutInline {A} at (0,0) size 162x15 [color=#0000EE]
                    LayoutText {#text} at (0,435) size 162x15
                      text run at (0,435) width 162: "Common Table Expressions"
                  LayoutText {#text} at (161,435) size 5x15
                    text run at (161,435) width 5: " "
                  LayoutBR {BR} at (165,447) size 1x0
                  LayoutInline {A} at (0,0) size 58x15 [color=#0000EE]
                    LayoutText {#text} at (0,450) size 58x15
                      text run at (0,450) width 58: "Packages"
                  LayoutText {#text} at (57,450) size 4x15
                    text run at (57,450) width 4: " "
                  LayoutBR {BR} at (60,462) size 1x0
                  LayoutInline {A} at (0,0) size 83x15 [color=#0000EE]
                    LayoutText {#text} at (0,465) size 83x15
                      text run at (0,465) width 83: "Catalog Views"
                  LayoutText {#text} at (82,465) size 5x15
                    text run at (82,465) width 5: " "
                  LayoutBR {BR} at (86,477) size 1x0
                  LayoutInline {A} at (0,0) size 296x15 [color=#0000EE]
                    LayoutText {#text} at (0,480) size 296x15
                      text run at (0,480) width 296: "Application Processes, Concurrency, and Recovery"
                  LayoutText {#text} at (295,480) size 4x15
                    text run at (295,480) width 4: " "
                  LayoutBR {BR} at (298,492) size 1x0
                  LayoutInline {A} at (0,0) size 84x15 [color=#0000EE]
                    LayoutText {#text} at (0,495) size 84x15
                      text run at (0,495) width 84: "Isolation Level"
                  LayoutText {#text} at (83,495) size 4x15
                    text run at (83,495) width 4: " "
                  LayoutBR {BR} at (86,507) size 1x0
                  LayoutInline {A} at (0,0) size 133x15 [color=#0000EE]
                    LayoutText {#text} at (0,510) size 133x15
                      text run at (0,510) width 133: "Repeatable Read (RR)"
                  LayoutText {#text} at (132,510) size 4x15
                    text run at (132,510) width 4: " "
                  LayoutBR {BR} at (135,522) size 1x0
                  LayoutInline {A} at (0,0) size 111x15 [color=#0000EE]
                    LayoutText {#text} at (0,525) size 111x15
                      text run at (0,525) width 111: "Read Stability (RS)"
                  LayoutText {#text} at (110,525) size 5x15
                    text run at (110,525) width 5: " "
                  LayoutBR {BR} at (114,537) size 1x0
                  LayoutInline {A} at (0,0) size 119x15 [color=#0000EE]
                    LayoutText {#text} at (0,540) size 119x15
                      text run at (0,540) width 119: "Cursor Stability (CS)"
                  LayoutText {#text} at (118,540) size 5x15
                    text run at (118,540) width 5: " "
                  LayoutBR {BR} at (122,552) size 1x0
                  LayoutInline {A} at (0,0) size 143x15 [color=#0000EE]
                    LayoutText {#text} at (0,555) size 143x15
                      text run at (0,555) width 143: "Uncommitted Read (UR)"
                  LayoutText {#text} at (142,555) size 4x15
                    text run at (142,555) width 4: " "
                  LayoutBR {BR} at (145,567) size 1x0
                  LayoutInline {A} at (0,0) size 178x15 [color=#0000EE]
                    LayoutText {#text} at (0,570) size 178x15
                      text run at (0,570) width 178: "Comparison of Isolation Levels"
                  LayoutText {#text} at (177,570) size 5x15
                    text run at (177,570) width 5: " "
                  LayoutBR {BR} at (181,582) size 1x0
                  LayoutInline {A} at (0,0) size 183x15 [color=#0000EE]
                    LayoutText {#text} at (0,585) size 183x15
                      text run at (0,585) width 183: "Distributed Relational Database"
                  LayoutText {#text} at (182,585) size 5x15
                    text run at (182,585) width 5: " "
                  LayoutBR {BR} at (186,597) size 1x0
                  LayoutInline {A} at (0,0) size 112x15 [color=#0000EE]
                    LayoutText {#text} at (0,600) size 112x15
                      text run at (0,600) width 112: "Application Servers"
                  LayoutText {#text} at (111,600) size 5x15
                    text run at (111,600) width 5: " "
                  LayoutBR {BR} at (115,612) size 1x0
                  LayoutInline {A} at (0,0) size 261x15 [color=#0000EE]
                    LayoutText {#text} at (0,615) size 261x15
                      text run at (0,615) width 261: "CONNECT (Type 1) and CONNECT (Type 2)"
                  LayoutText {#text} at (260,615) size 4x15
                    text run at (260,615) width 4: " "
                  LayoutBR {BR} at (263,627) size 1x0
                  LayoutInline {A} at (0,0) size 121x15 [color=#0000EE]
                    LayoutText {#text} at (0,630) size 121x15
                      text run at (0,630) width 121: "Remote Unit of Work"
                  LayoutText {#text} at (120,630) size 5x15
                    text run at (120,630) width 5: " "
                  LayoutBR {BR} at (124,642) size 1x0
                  LayoutInline {A} at (0,0) size 257x15 [color=#0000EE]
                    LayoutText {#text} at (0,645) size 257x15
                      text run at (0,645) width 257: "Application-Directed Distributed Unit of Work"
                  LayoutText {#text} at (256,645) size 5x15
                    text run at (256,645) width 5: " "
                  LayoutBR {BR} at (260,657) size 1x0
                  LayoutInline {A} at (0,0) size 210x15 [color=#0000EE]
                    LayoutText {#text} at (0,660) size 210x15
                      text run at (0,660) width 210: "Data Representation Considerations"
                  LayoutText {#text} at (209,660) size 5x15
                    text run at (209,660) width 5: " "
                  LayoutBR {BR} at (213,672) size 1x0
                  LayoutInline {A} at (0,0) size 142x15 [color=#0000EE]
                    LayoutText {#text} at (0,675) size 142x15
                      text run at (0,675) width 142: "DB2 Federated Systems"
                  LayoutText {#text} at (141,675) size 5x15
                    text run at (141,675) width 5: " "
                  LayoutBR {BR} at (145,687) size 1x0
                  LayoutInline {A} at (0,0) size 364x15 [color=#0000EE]
                    LayoutText {#text} at (0,690) size 364x15
                      text run at (0,690) width 364: "The Federated Server, Federated Database, and Data Sources"
                  LayoutText {#text} at (363,690) size 5x15
                    text run at (363,690) width 5: " "
                  LayoutBR {BR} at (367,702) size 1x0
                  LayoutInline {A} at (0,0) size 261x15 [color=#0000EE]
                    LayoutText {#text} at (0,705) size 261x15
                      text run at (0,705) width 261: "Tasks to Perform in a DB2 Federated System"
                  LayoutText {#text} at (260,705) size 5x15
                    text run at (260,705) width 5: " "
                  LayoutBR {BR} at (264,717) size 1x0
                  LayoutInline {A} at (0,0) size 188x15 [color=#0000EE]
                    LayoutText {#text} at (0,720) size 188x15
                      text run at (0,720) width 188: "Wrappers and Wrapper Modules"
                  LayoutText {#text} at (187,720) size 4x15
                    text run at (187,720) width 4: " "
                  LayoutBR {BR} at (190,732) size 1x0
                  LayoutInline {A} at (0,0) size 219x15 [color=#0000EE]
                    LayoutText {#text} at (0,735) size 219x15
                      text run at (0,735) width 219: "Server Definitions and Server Options"
                  LayoutText {#text} at (218,735) size 4x15
                    text run at (218,735) width 4: " "
                  LayoutBR {BR} at (221,747) size 1x0
                  LayoutInline {A} at (0,0) size 193x15 [color=#0000EE]
                    LayoutText {#text} at (0,750) size 193x15
                      text run at (0,750) width 193: "User Mappings and User Options"
                  LayoutText {#text} at (192,750) size 4x15
                    text run at (192,750) width 4: " "
                  LayoutBR {BR} at (195,762) size 1x0
                  LayoutInline {A} at (0,0) size 120x15 [color=#0000EE]
                    LayoutText {#text} at (0,765) size 120x15
                      text run at (0,765) width 120: "Data Type Mappings"
                  LayoutText {#text} at (119,765) size 4x15
                    text run at (119,765) width 4: " "
                  LayoutBR {BR} at (122,777) size 1x0
                  LayoutInline {A} at (0,0) size 415x15 [color=#0000EE]
                    LayoutText {#text} at (0,780) size 415x15
                      text run at (0,780) width 415: "Function Mappings, Function Templates, and Function Mapping Options"
                  LayoutText {#text} at (414,780) size 4x15
                    text run at (414,780) width 4: " "
                  LayoutBR {BR} at (417,792) size 1x0
                  LayoutInline {A} at (0,0) size 187x15 [color=#0000EE]
                    LayoutText {#text} at (0,795) size 187x15
                      text run at (0,795) width 187: "Nicknames and Column Options"
                  LayoutText {#text} at (186,795) size 5x15
                    text run at (186,795) width 5: " "
                  LayoutBR {BR} at (190,807) size 1x0
                  LayoutInline {A} at (0,0) size 116x15 [color=#0000EE]
                    LayoutText {#text} at (0,810) size 116x15
                      text run at (0,810) width 116: "Index Specifications"
                  LayoutText {#text} at (115,810) size 5x15
                    text run at (115,810) width 5: " "
                  LayoutBR {BR} at (119,822) size 1x0
                  LayoutInline {A} at (0,0) size 121x15 [color=#0000EE]
                    LayoutText {#text} at (0,825) size 121x15
                      text run at (0,825) width 121: "Distributed Requests"
                  LayoutText {#text} at (120,825) size 5x15
                    text run at (120,825) width 5: " "
                  LayoutBR {BR} at (124,837) size 1x0
                  LayoutInline {A} at (0,0) size 84x15 [color=#0000EE]
                    LayoutText {#text} at (0,840) size 84x15
                      text run at (0,840) width 84: "Compensation"
                  LayoutText {#text} at (83,840) size 5x15
                    text run at (83,840) width 5: " "
                  LayoutBR {BR} at (87,852) size 1x0
                  LayoutInline {A} at (0,0) size 82x15 [color=#0000EE]
                    LayoutText {#text} at (0,855) size 82x15
                      text run at (0,855) width 82: "Pass-Through"
                  LayoutText {#text} at (81,855) size 5x15
                    text run at (81,855) width 5: " "
                  LayoutBR {BR} at (85,867) size 1x0
                  LayoutInline {A} at (0,0) size 127x15 [color=#0000EE]
                    LayoutText {#text} at (0,870) size 127x15
                      text run at (0,870) width 127: "Character Conversion"
                  LayoutText {#text} at (126,870) size 5x15
                    text run at (126,870) width 5: " "
                  LayoutBR {BR} at (130,882) size 1x0
                  LayoutInline {A} at (0,0) size 188x15 [color=#0000EE]
                    LayoutText {#text} at (0,885) size 188x15
                      text run at (0,885) width 188: "Character Sets and Code Pages"
                  LayoutText {#text} at (187,885) size 4x15
                    text run at (187,885) width 4: " "
                  LayoutBR {BR} at (190,897) size 1x0
                  LayoutInline {A} at (0,0) size 124x15 [color=#0000EE]
                    LayoutText {#text} at (0,900) size 124x15
                      text run at (0,900) width 124: "Code Page Attributes"
                  LayoutText {#text} at (123,900) size 5x15
                    text run at (123,900) width 5: " "
                  LayoutBR {BR} at (127,912) size 1x0
                  LayoutInline {A} at (0,0) size 162x15 [color=#0000EE]
                    LayoutText {#text} at (0,915) size 162x15
                      text run at (0,915) width 162: "Authorization and Privileges"
                  LayoutText {#text} at (161,915) size 4x15
                    text run at (161,915) width 4: " "
                  LayoutBR {BR} at (164,927) size 1x0
                  LayoutInline {A} at (0,0) size 252x15 [color=#0000EE]
                    LayoutText {#text} at (0,930) size 252x15
                      text run at (0,930) width 252: "Table Spaces and Other Storage Structures"
                  LayoutText {#text} at (251,930) size 5x15
                    text run at (251,930) width 5: " "
                  LayoutBR {BR} at (255,942) size 1x0
                  LayoutInline {A} at (0,0) size 246x15 [color=#0000EE]
                    LayoutText {#text} at (0,945) size 246x15
                      text run at (0,945) width 246: "Data Partitioning Across Multiple Partitions"
                  LayoutText {#text} at (245,945) size 5x15
                    text run at (245,945) width 5: " "
                  LayoutBR {BR} at (249,957) size 1x0
                  LayoutInline {A} at (0,0) size 101x15 [color=#0000EE]
                    LayoutText {#text} at (0,960) size 101x15
                      text run at (0,960) width 101: "Partitioning Maps"
                  LayoutText {#text} at (100,960) size 5x15
                    text run at (100,960) width 5: " "
                  LayoutBR {BR} at (104,972) size 1x0
                  LayoutInline {A} at (0,0) size 99x15 [color=#0000EE]
                    LayoutText {#text} at (0,975) size 99x15
                      text run at (0,975) width 99: "Table Collocation"
                  LayoutText {#text} at (0,0) size 0x0
                LayoutBlockFlow {P} at (0,1205.17) size 707x1995
                  LayoutInline {B} at (0,0) size 123x15
                    LayoutInline {A} at (0,0) size 123x15 [color=#0000EE]
                      LayoutText {#text} at (0,0) size 123x15
                        text run at (0,0) width 123: "Language Elements"
                  LayoutBR {BR} at (122,12) size 1x0
                  LayoutBR {BR} at (0,15) size 0x15
                  LayoutInline {A} at (0,0) size 64x15 [color=#0000EE]
                    LayoutText {#text} at (0,30) size 64x15
                      text run at (0,30) width 64: "Characters"
                  LayoutText {#text} at (63,30) size 5x15
                    text run at (63,30) width 5: " "
                  LayoutBR {BR} at (67,42) size 1x0
                  LayoutInline {A} at (0,0) size 128x15 [color=#0000EE]
                    LayoutText {#text} at (0,45) size 128x15
                      text run at (0,45) width 128: "MBCS Considerations"
                  LayoutText {#text} at (127,45) size 5x15
                    text run at (127,45) width 5: " "
                  LayoutBR {BR} at (131,57) size 1x0
                  LayoutInline {A} at (0,0) size 42x15 [color=#0000EE]
                    LayoutText {#text} at (0,60) size 42x15
                      text run at (0,60) width 42: "Tokens"
                  LayoutText {#text} at (41,60) size 4x15
                    text run at (41,60) width 4: " "
                  LayoutBR {BR} at (44,72) size 1x0
                  LayoutInline {A} at (0,0) size 128x15 [color=#0000EE]
                    LayoutText {#text} at (0,75) size 128x15
                      text run at (0,75) width 128: "MBCS Considerations"
                  LayoutText {#text} at (127,75) size 5x15
                    text run at (127,75) width 5: " "
                  LayoutBR {BR} at (131,87) size 1x0
                  LayoutInline {A} at (0,0) size 57x15 [color=#0000EE]
                    LayoutText {#text} at (0,90) size 57x15
                      text run at (0,90) width 57: "Identifiers"
                  LayoutText {#text} at (56,90) size 4x15
                    text run at (56,90) width 4: " "
                  LayoutBR {BR} at (59,102) size 1x0
                  LayoutInline {A} at (0,0) size 86x15 [color=#0000EE]
                    LayoutText {#text} at (0,105) size 86x15
                      text run at (0,105) width 86: "SQL Identifiers"
                  LayoutText {#text} at (85,105) size 5x15
                    text run at (85,105) width 5: " "
                  LayoutBR {BR} at (89,117) size 1x0
                  LayoutInline {A} at (0,0) size 87x15 [color=#0000EE]
                    LayoutText {#text} at (0,120) size 87x15
                      text run at (0,120) width 87: "Host Identifiers"
                  LayoutText {#text} at (86,120) size 5x15
                    text run at (86,120) width 5: " "
                  LayoutBR {BR} at (90,132) size 1x0
                  LayoutInline {A} at (0,0) size 352x15 [color=#0000EE]
                    LayoutText {#text} at (0,135) size 352x15
                      text run at (0,135) width 352: "Naming Conventions and Implicit Object Name Qualifications"
                  LayoutText {#text} at (351,135) size 4x15
                    text run at (351,135) width 4: " "
                  LayoutBR {BR} at (354,147) size 1x0
                  LayoutInline {A} at (0,0) size 42x15 [color=#0000EE]
                    LayoutText {#text} at (0,150) size 42x15
                      text run at (0,150) width 42: "Aliases"
                  LayoutText {#text} at (41,150) size 5x15
                    text run at (41,150) width 5: " "
                  LayoutBR {BR} at (45,162) size 1x0
                  LayoutInline {A} at (0,0) size 246x15 [color=#0000EE]
                    LayoutText {#text} at (0,165) size 246x15
                      text run at (0,165) width 246: "Authorization IDs and authorization-names"
                  LayoutText {#text} at (245,165) size 5x15
                    text run at (245,165) width 5: " "
                  LayoutBR {BR} at (249,177) size 1x0
                  LayoutInline {A} at (0,0) size 236x15 [color=#0000EE]
                    LayoutText {#text} at (0,180) size 236x15
                      text run at (0,180) width 236: "Dynamic SQL Characteristics at run-time"
                  LayoutText {#text} at (235,180) size 5x15
                    text run at (235,180) width 5: " "
                  LayoutBR {BR} at (239,192) size 1x0
                  LayoutInline {A} at (0,0) size 258x15 [color=#0000EE]
                    LayoutText {#text} at (0,195) size 258x15
                      text run at (0,195) width 258: "Authorization IDs and Statement Preparation"
                  LayoutText {#text} at (257,195) size 5x15
                    text run at (257,195) width 5: " "
                  LayoutBR {BR} at (261,207) size 1x0
                  LayoutInline {A} at (0,0) size 66x15 [color=#0000EE]
                    LayoutText {#text} at (0,210) size 66x15
                      text run at (0,210) width 66: "Data Types"
                  LayoutText {#text} at (65,210) size 5x15
                    text run at (65,210) width 5: " "
                  LayoutBR {BR} at (69,222) size 1x0
                  LayoutInline {A} at (0,0) size 29x15 [color=#0000EE]
                    LayoutText {#text} at (0,225) size 29x15
                      text run at (0,225) width 29: "Nulls"
                  LayoutText {#text} at (28,225) size 5x15
                    text run at (28,225) width 5: " "
                  LayoutBR {BR} at (32,237) size 1x0
                  LayoutInline {A} at (0,0) size 126x15 [color=#0000EE]
                    LayoutText {#text} at (0,240) size 126x15
                      text run at (0,240) width 126: "Large Objects (LOBs)"
                  LayoutText {#text} at (125,240) size 5x15
                    text run at (125,240) width 5: " "
                  LayoutBR {BR} at (129,252) size 1x0
                  LayoutInline {A} at (0,0) size 102x15 [color=#0000EE]
                    LayoutText {#text} at (0,255) size 102x15
                      text run at (0,255) width 102: "Character Strings"
                  LayoutText {#text} at (101,255) size 4x15
                    text run at (101,255) width 4: " "
                  LayoutBR {BR} at (104,267) size 1x0
                  LayoutInline {A} at (0,0) size 90x15 [color=#0000EE]
                    LayoutText {#text} at (0,270) size 90x15
                      text run at (0,270) width 90: "Graphic Strings"
                  LayoutText {#text} at (89,270) size 5x15
                    text run at (89,270) width 5: " "
                  LayoutBR {BR} at (93,282) size 1x0
                  LayoutInline {A} at (0,0) size 75x15 [color=#0000EE]
                    LayoutText {#text} at (0,285) size 75x15
                      text run at (0,285) width 75: "Binary String"
                  LayoutText {#text} at (74,285) size 5x15
                    text run at (74,285) width 5: " "
                  LayoutBR {BR} at (78,297) size 1x0
                  LayoutInline {A} at (0,0) size 53x15 [color=#0000EE]
                    LayoutText {#text} at (0,300) size 53x15
                      text run at (0,300) width 53: "Numbers"
                  LayoutText {#text} at (52,300) size 5x15
                    text run at (52,300) width 5: " "
                  LayoutBR {BR} at (56,312) size 1x0
                  LayoutInline {A} at (0,0) size 95x15 [color=#0000EE]
                    LayoutText {#text} at (0,315) size 95x15
                      text run at (0,315) width 95: "Datetime Values"
                  LayoutText {#text} at (94,315) size 5x15
                    text run at (94,315) width 5: " "
                  LayoutBR {BR} at (98,327) size 1x0
                  LayoutInline {A} at (0,0) size 105x15 [color=#0000EE]
                    LayoutText {#text} at (0,330) size 105x15
                      text run at (0,330) width 105: "DATALINK Values"
                  LayoutText {#text} at (104,330) size 4x15
                    text run at (104,330) width 4: " "
                  LayoutBR {BR} at (107,342) size 1x0
                  LayoutInline {A} at (0,0) size 115x15 [color=#0000EE]
                    LayoutText {#text} at (0,345) size 115x15
                      text run at (0,345) width 115: "User Defined Types"
                  LayoutText {#text} at (114,345) size 4x15
                    text run at (114,345) width 4: " "
                  LayoutBR {BR} at (117,357) size 1x0
                  LayoutInline {A} at (0,0) size 144x15 [color=#0000EE]
                    LayoutText {#text} at (0,360) size 144x15
                      text run at (0,360) width 144: "Promotion of Data Types"
                  LayoutText {#text} at (143,360) size 4x15
                    text run at (143,360) width 4: " "
                  LayoutBR {BR} at (146,372) size 1x0
                  LayoutInline {A} at (0,0) size 168x15 [color=#0000EE]
                    LayoutText {#text} at (0,375) size 168x15
                      text run at (0,375) width 168: "Casting Between Data Types"
                  LayoutText {#text} at (167,375) size 5x15
                    text run at (167,375) width 5: " "
                  LayoutBR {BR} at (171,387) size 1x0
                  LayoutInline {A} at (0,0) size 180x15 [color=#0000EE]
                    LayoutText {#text} at (0,390) size 180x15
                      text run at (0,390) width 180: "Assignments and Comparisons"
                  LayoutText {#text} at (179,390) size 5x15
                    text run at (179,390) width 5: " "
                  LayoutBR {BR} at (183,402) size 1x0
                  LayoutInline {A} at (0,0) size 127x15 [color=#0000EE]
                    LayoutText {#text} at (0,405) size 127x15
                      text run at (0,405) width 127: "Numeric Assignments"
                  LayoutText {#text} at (126,405) size 5x15
                    text run at (126,405) width 5: " "
                  LayoutBR {BR} at (130,417) size 1x0
                  LayoutInline {A} at (0,0) size 112x15 [color=#0000EE]
                    LayoutText {#text} at (0,420) size 112x15
                      text run at (0,420) width 112: "String Assignments"
                  LayoutText {#text} at (111,420) size 5x15
                    text run at (111,420) width 5: " "
                  LayoutBR {BR} at (115,432) size 1x0
                  LayoutInline {A} at (0,0) size 131x15 [color=#0000EE]
                    LayoutText {#text} at (0,435) size 131x15
                      text run at (0,435) width 131: "Datetime Assignments"
                  LayoutText {#text} at (130,435) size 4x15
                    text run at (130,435) width 4: " "
                  LayoutBR {BR} at (133,447) size 1x0
                  LayoutInline {A} at (0,0) size 140x15 [color=#0000EE]
                    LayoutText {#text} at (0,450) size 140x15
                      text run at (0,450) width 140: "DATALINK Assignments"
                  LayoutText {#text} at (139,450) size 5x15
                    text run at (139,450) width 5: " "
                  LayoutBR {BR} at (143,462) size 1x0
                  LayoutInline {A} at (0,0) size 185x15 [color=#0000EE]
                    LayoutText {#text} at (0,465) size 185x15
                      text run at (0,465) width 185: "User-defined Type Assignments"
                  LayoutText {#text} at (184,465) size 4x15
                    text run at (184,465) width 4: " "
                  LayoutBR {BR} at (187,477) size 1x0
                  LayoutInline {A} at (0,0) size 170x15 [color=#0000EE]
                    LayoutText {#text} at (0,480) size 170x15
                      text run at (0,480) width 170: "Reference Type Assignments"
                  LayoutText {#text} at (169,480) size 5x15
                    text run at (169,480) width 5: " "
                  LayoutBR {BR} at (173,492) size 1x0
                  LayoutInline {A} at (0,0) size 129x15 [color=#0000EE]
                    LayoutText {#text} at (0,495) size 129x15
                      text run at (0,495) width 129: "Numeric Comparisons"
                  LayoutText {#text} at (128,495) size 5x15
                    text run at (128,495) width 5: " "
                  LayoutBR {BR} at (132,507) size 1x0
                  LayoutInline {A} at (0,0) size 115x15 [color=#0000EE]
                    LayoutText {#text} at (0,510) size 115x15
                      text run at (0,510) width 115: "String Comparisons"
                  LayoutText {#text} at (114,510) size 4x15
                    text run at (114,510) width 4: " "
                  LayoutBR {BR} at (117,522) size 1x0
                  LayoutInline {A} at (0,0) size 133x15 [color=#0000EE]
                    LayoutText {#text} at (0,525) size 133x15
                      text run at (0,525) width 133: "Datetime Comparisons"
                  LayoutText {#text} at (132,525) size 4x15
                    text run at (132,525) width 4: " "
                  LayoutBR {BR} at (135,537) size 1x0
                  LayoutInline {A} at (0,0) size 187x15 [color=#0000EE]
                    LayoutText {#text} at (0,540) size 187x15
                      text run at (0,540) width 187: "User-defined Type Comparisons"
                  LayoutText {#text} at (186,540) size 5x15
                    text run at (186,540) width 5: " "
                  LayoutBR {BR} at (190,552) size 1x0
                  LayoutInline {A} at (0,0) size 172x15 [color=#0000EE]
                    LayoutText {#text} at (0,555) size 172x15
                      text run at (0,555) width 172: "Reference Type Comparisons"
                  LayoutText {#text} at (171,555) size 5x15
                    text run at (171,555) width 5: " "
                  LayoutBR {BR} at (175,567) size 1x0
                  LayoutInline {A} at (0,0) size 162x15 [color=#0000EE]
                    LayoutText {#text} at (0,570) size 162x15
                      text run at (0,570) width 162: "Rules for Result Data Types"
                  LayoutText {#text} at (161,570) size 5x15
                    text run at (161,570) width 5: " "
                  LayoutBR {BR} at (165,582) size 1x0
                  LayoutInline {A} at (0,0) size 102x15 [color=#0000EE]
                    LayoutText {#text} at (0,585) size 102x15
                      text run at (0,585) width 102: "Character Strings"
                  LayoutText {#text} at (101,585) size 4x15
                    text run at (101,585) width 4: " "
                  LayoutBR {BR} at (104,597) size 1x0
                  LayoutInline {A} at (0,0) size 90x15 [color=#0000EE]
                    LayoutText {#text} at (0,600) size 90x15
                      text run at (0,600) width 90: "Graphic Strings"
                  LayoutText {#text} at (89,600) size 5x15
                    text run at (89,600) width 5: " "
                  LayoutBR {BR} at (93,612) size 1x0
                  LayoutInline {A} at (0,0) size 162x15 [color=#0000EE]
                    LayoutText {#text} at (0,615) size 162x15
                      text run at (0,615) width 162: "Binary Large Object (BLOB)"
                  LayoutText {#text} at (161,615) size 5x15
                    text run at (161,615) width 5: " "
                  LayoutBR {BR} at (165,627) size 1x0
                  LayoutInline {A} at (0,0) size 49x15 [color=#0000EE]
                    LayoutText {#text} at (0,630) size 49x15
                      text run at (0,630) width 49: "Numeric"
                  LayoutText {#text} at (48,630) size 4x15
                    text run at (48,630) width 4: " "
                  LayoutBR {BR} at (52,642) size 0x0
                  LayoutInline {A} at (0,0) size 34x15 [color=#0000EE]
                    LayoutText {#text} at (0,645) size 34x15
                      text run at (0,645) width 34: "DATE"
                  LayoutText {#text} at (33,645) size 5x15
                    text run at (33,645) width 5: " "
                  LayoutBR {BR} at (37,657) size 1x0
                  LayoutInline {A} at (0,0) size 32x15 [color=#0000EE]
                    LayoutText {#text} at (0,660) size 32x15
                      text run at (0,660) width 32: "TIME"
                  LayoutText {#text} at (31,660) size 4x15
                    text run at (31,660) width 4: " "
                  LayoutBR {BR} at (34,672) size 1x0
                  LayoutInline {A} at (0,0) size 75x15 [color=#0000EE]
                    LayoutText {#text} at (0,675) size 75x15
                      text run at (0,675) width 75: "TIMESTAMP"
                  LayoutText {#text} at (74,675) size 5x15
                    text run at (74,675) width 5: " "
                  LayoutBR {BR} at (78,687) size 1x0
                  LayoutInline {A} at (0,0) size 62x15 [color=#0000EE]
                    LayoutText {#text} at (0,690) size 62x15
                      text run at (0,690) width 62: "DATALINK"
                  LayoutText {#text} at (61,690) size 5x15
                    text run at (61,690) width 5: " "
                  LayoutBR {BR} at (65,702) size 1x0
                  LayoutInline {A} at (0,0) size 113x15 [color=#0000EE]
                    LayoutText {#text} at (0,705) size 113x15
                      text run at (0,705) width 113: "User-defined Types"
                  LayoutText {#text} at (112,705) size 5x15
                    text run at (112,705) width 5: " "
                  LayoutBR {BR} at (116,717) size 1x0
                  LayoutInline {A} at (0,0) size 154x15 [color=#0000EE]
                    LayoutText {#text} at (0,720) size 154x15
                      text run at (0,720) width 154: "Nullable Attribute of Result"
                  LayoutText {#text} at (153,720) size 5x15
                    text run at (153,720) width 5: " "
                  LayoutBR {BR} at (157,732) size 1x0
                  LayoutInline {A} at (0,0) size 166x15 [color=#0000EE]
                    LayoutText {#text} at (0,735) size 166x15
                      text run at (0,735) width 166: "Rules for String Conversions"
                  LayoutText {#text} at (165,735) size 5x15
                    text run at (165,735) width 5: " "
                  LayoutBR {BR} at (169,747) size 1x0
                  LayoutInline {A} at (0,0) size 126x15 [color=#0000EE]
                    LayoutText {#text} at (0,750) size 126x15
                      text run at (0,750) width 126: "Partition Compatibility"
                  LayoutText {#text} at (125,750) size 5x15
                    text run at (125,750) width 5: " "
                  LayoutBR {BR} at (129,762) size 1x0
                  LayoutInline {A} at (0,0) size 59x15 [color=#0000EE]
                    LayoutText {#text} at (0,765) size 59x15
                      text run at (0,765) width 59: "Constants"
                  LayoutText {#text} at (58,765) size 5x15
                    text run at (58,765) width 5: " "
                  LayoutBR {BR} at (62,777) size 1x0
                  LayoutInline {A} at (0,0) size 103x15 [color=#0000EE]
                    LayoutText {#text} at (0,780) size 103x15
                      text run at (0,780) width 103: "Integer Constants"
                  LayoutText {#text} at (102,780) size 5x15
                    text run at (102,780) width 5: " "
                  LayoutBR {BR} at (106,792) size 1x0
                  LayoutInline {A} at (0,0) size 143x15 [color=#0000EE]
                    LayoutText {#text} at (0,795) size 143x15
                      text run at (0,795) width 143: "Floating-Point Constants"
                  LayoutText {#text} at (142,795) size 4x15
                    text run at (142,795) width 4: " "
                  LayoutBR {BR} at (145,807) size 1x0
                  LayoutInline {A} at (0,0) size 110x15 [color=#0000EE]
                    LayoutText {#text} at (0,810) size 110x15
                      text run at (0,810) width 110: "Decimal Constants"
                  LayoutText {#text} at (109,810) size 4x15
                    text run at (109,810) width 4: " "
                  LayoutBR {BR} at (112,822) size 1x0
                  LayoutInline {A} at (0,0) size 157x15 [color=#0000EE]
                    LayoutText {#text} at (0,825) size 157x15
                      text run at (0,825) width 157: "Character String Constants"
                  LayoutText {#text} at (156,825) size 5x15
                    text run at (156,825) width 5: " "
                  LayoutBR {BR} at (160,837) size 1x0
                  LayoutInline {A} at (0,0) size 138x15 [color=#0000EE]
                    LayoutText {#text} at (0,840) size 138x15
                      text run at (0,840) width 138: "Hexadecimal Constants"
                  LayoutText {#text} at (137,840) size 4x15
                    text run at (137,840) width 4: " "
                  LayoutBR {BR} at (140,852) size 1x0
                  LayoutInline {A} at (0,0) size 146x15 [color=#0000EE]
                    LayoutText {#text} at (0,855) size 146x15
                      text run at (0,855) width 146: "Graphic String Constants"
                  LayoutText {#text} at (145,855) size 4x15
                    text run at (145,855) width 4: " "
                  LayoutBR {BR} at (148,867) size 1x0
                  LayoutInline {A} at (0,0) size 239x15 [color=#0000EE]
                    LayoutText {#text} at (0,870) size 239x15
                      text run at (0,870) width 239: "Using Constants with User-defined Types"
                  LayoutText {#text} at (238,870) size 5x15
                    text run at (238,870) width 5: " "
                  LayoutBR {BR} at (242,882) size 1x0
                  LayoutInline {A} at (0,0) size 102x15 [color=#0000EE]
                    LayoutText {#text} at (0,885) size 102x15
                      text run at (0,885) width 102: "Special Registers"
                  LayoutText {#text} at (101,885) size 4x15
                    text run at (101,885) width 4: " "
                  LayoutBR {BR} at (104,897) size 1x0
                  LayoutInline {A} at (0,0) size 101x15 [color=#0000EE]
                    LayoutText {#text} at (0,900) size 101x15
                      text run at (0,900) width 101: "CURRENT DATE"
                  LayoutText {#text} at (100,900) size 5x15
                    text run at (100,900) width 5: " "
                  LayoutBR {BR} at (104,912) size 1x0
                  LayoutInline {A} at (0,0) size 262x15 [color=#0000EE]
                    LayoutText {#text} at (0,915) size 262x15
                      text run at (0,915) width 262: "CURRENT DEFAULT TRANSFORM GROUP"
                  LayoutText {#text} at (261,915) size 5x15
                    text run at (261,915) width 5: " "
                  LayoutBR {BR} at (265,927) size 1x0
                  LayoutInline {A} at (0,0) size 123x15 [color=#0000EE]
                    LayoutText {#text} at (0,930) size 123x15
                      text run at (0,930) width 123: "CURRENT DEGREE"
                  LayoutText {#text} at (122,930) size 4x15
                    text run at (122,930) width 4: " "
                  LayoutBR {BR} at (125,942) size 1x0
                  LayoutInline {A} at (0,0) size 165x15 [color=#0000EE]
                    LayoutText {#text} at (0,945) size 165x15
                      text run at (0,945) width 165: "CURRENT EXPLAIN MODE"
                  LayoutText {#text} at (164,945) size 5x15
                    text run at (164,945) width 5: " "
                  LayoutBR {BR} at (168,957) size 1x0
                  LayoutInline {A} at (0,0) size 198x15 [color=#0000EE]
                    LayoutText {#text} at (0,960) size 198x15
                      text run at (0,960) width 198: "CURRENT EXPLAIN SNAPSHOT"
                  LayoutText {#text} at (197,960) size 4x15
                    text run at (197,960) width 4: " "
                  LayoutBR {BR} at (200,972) size 1x0
                  LayoutInline {A} at (0,0) size 105x15 [color=#0000EE]
                    LayoutText {#text} at (0,975) size 105x15
                      text run at (0,975) width 105: "CURRENT NODE"
                  LayoutText {#text} at (104,975) size 5x15
                    text run at (104,975) width 5: " "
                  LayoutBR {BR} at (108,987) size 1x0
                  LayoutInline {A} at (0,0) size 100x15 [color=#0000EE]
                    LayoutText {#text} at (0,990) size 100x15
                      text run at (0,990) width 100: "CURRENT PATH"
                  LayoutText {#text} at (99,990) size 5x15
                    text run at (99,990) width 5: " "
                  LayoutBR {BR} at (103,1002) size 1x0
                  LayoutInline {A} at (0,0) size 209x15 [color=#0000EE]
                    LayoutText {#text} at (0,1005) size 209x15
                      text run at (0,1005) width 209: "CURRENT QUERY OPTIMIZATION"
                  LayoutText {#text} at (208,1005) size 4x15
                    text run at (208,1005) width 4: " "
                  LayoutBR {BR} at (211,1017) size 1x0
                  LayoutInline {A} at (0,0) size 161x15 [color=#0000EE]
                    LayoutText {#text} at (0,1020) size 161x15
                      text run at (0,1020) width 161: "CURRENT REFRESH AGE"
                  LayoutText {#text} at (160,1020) size 4x15
                    text run at (160,1020) width 4: " "
                  LayoutBR {BR} at (163,1032) size 1x0
                  LayoutInline {A} at (0,0) size 123x15 [color=#0000EE]
                    LayoutText {#text} at (0,1035) size 123x15
                      text run at (0,1035) width 123: "CURRENT SCHEMA"
                  LayoutText {#text} at (122,1035) size 5x15
                    text run at (122,1035) width 5: " "
                  LayoutBR {BR} at (126,1047) size 1x0
                  LayoutInline {A} at (0,0) size 121x15 [color=#0000EE]
                    LayoutText {#text} at (0,1050) size 121x15
                      text run at (0,1050) width 121: "CURRENT SERVER"
                  LayoutText {#text} at (120,1050) size 4x15
                    text run at (120,1050) width 4: " "
                  LayoutBR {BR} at (123,1062) size 1x0
                  LayoutInline {A} at (0,0) size 99x15 [color=#0000EE]
                    LayoutText {#text} at (0,1065) size 99x15
                      text run at (0,1065) width 99: "CURRENT TIME"
                  LayoutText {#text} at (98,1065) size 4x15
                    text run at (98,1065) width 4: " "
                  LayoutBR {BR} at (101,1077) size 1x0
                  LayoutInline {A} at (0,0) size 143x15 [color=#0000EE]
                    LayoutText {#text} at (0,1080) size 143x15
                      text run at (0,1080) width 143: "CURRENT TIMESTAMP"
                  LayoutText {#text} at (142,1080) size 4x15
                    text run at (142,1080) width 4: " "
                  LayoutBR {BR} at (145,1092) size 1x0
                  LayoutInline {A} at (0,0) size 135x15 [color=#0000EE]
                    LayoutText {#text} at (0,1095) size 135x15
                      text run at (0,1095) width 135: "CURRENT TIMEZONE"
                  LayoutText {#text} at (134,1095) size 4x15
                    text run at (134,1095) width 4: " "
                  LayoutBR {BR} at (137,1107) size 1x0
                  LayoutInline {A} at (0,0) size 37x15 [color=#0000EE]
                    LayoutText {#text} at (0,1110) size 37x15
                      text run at (0,1110) width 37: "USER"
                  LayoutText {#text} at (36,1110) size 4x15
                    text run at (36,1110) width 4: " "
                  LayoutBR {BR} at (39,1122) size 1x0
                  LayoutInline {A} at (0,0) size 90x15 [color=#0000EE]
                    LayoutText {#text} at (0,1125) size 90x15
                      text run at (0,1125) width 90: "Column Names"
                  LayoutText {#text} at (89,1125) size 5x15
                    text run at (89,1125) width 5: " "
                  LayoutBR {BR} at (93,1137) size 1x0
                  LayoutInline {A} at (0,0) size 145x15 [color=#0000EE]
                    LayoutText {#text} at (0,1140) size 145x15
                      text run at (0,1140) width 145: "Qualified Column Names"
                  LayoutText {#text} at (144,1140) size 5x15
                    text run at (144,1140) width 5: " "
                  LayoutBR {BR} at (148,1152) size 1x0
                  LayoutInline {A} at (0,0) size 109x15 [color=#0000EE]
                    LayoutText {#text} at (0,1155) size 109x15
                      text run at (0,1155) width 109: "Correlation Names"
                  LayoutText {#text} at (108,1155) size 4x15
                    text run at (108,1155) width 4: " "
                  LayoutBR {BR} at (111,1167) size 1x0
                  LayoutInline {A} at (0,0) size 253x15 [color=#0000EE]
                    LayoutText {#text} at (0,1170) size 253x15
                      text run at (0,1170) width 253: "Column Name Qualifiers to Avoid Ambiguity"
                  LayoutText {#text} at (252,1170) size 5x15
                    text run at (252,1170) width 5: " "
                  LayoutBR {BR} at (256,1182) size 1x0
                  LayoutInline {A} at (0,0) size 290x15 [color=#0000EE]
                    LayoutText {#text} at (0,1185) size 290x15
                      text run at (0,1185) width 290: "Column Name Qualifiers in Correlated References"
                  LayoutText {#text} at (289,1185) size 5x15
                    text run at (289,1185) width 5: " "
                  LayoutBR {BR} at (293,1197) size 1x0
                  LayoutInline {A} at (0,0) size 169x15 [color=#0000EE]
                    LayoutText {#text} at (0,1200) size 169x15
                      text run at (0,1200) width 169: "References to Host Variables"
                  LayoutText {#text} at (168,1200) size 4x15
                    text run at (168,1200) width 4: " "
                  LayoutBR {BR} at (171,1212) size 1x0
                  LayoutInline {A} at (0,0) size 182x15 [color=#0000EE]
                    LayoutText {#text} at (0,1215) size 182x15
                      text run at (0,1215) width 182: "Host Variables in Dynamic SQL"
                  LayoutText {#text} at (181,1215) size 4x15
                    text run at (181,1215) width 4: " "
                  LayoutBR {BR} at (184,1227) size 1x0
                  LayoutInline {A} at (0,0) size 336x15 [color=#0000EE]
                    LayoutText {#text} at (0,1230) size 336x15
                      text run at (0,1230) width 336: "References to BLOB, CLOB, and DBCLOB Host Variables"
                  LayoutText {#text} at (335,1230) size 4x15
                    text run at (335,1230) width 4: " "
                  LayoutBR {BR} at (338,1242) size 1x0
                  LayoutInline {A} at (0,0) size 185x15 [color=#0000EE]
                    LayoutText {#text} at (0,1245) size 185x15
                      text run at (0,1245) width 185: "References to Locator Variables"
                  LayoutText {#text} at (184,1245) size 5x15
                    text run at (184,1245) width 5: " "
                  LayoutBR {BR} at (188,1257) size 1x0
                  LayoutInline {A} at (0,0) size 393x15 [color=#0000EE]
                    LayoutText {#text} at (0,1260) size 393x15
                      text run at (0,1260) width 393: "References to BLOB, CLOB, and DBCLOB File Reference Variables"
                  LayoutText {#text} at (392,1260) size 5x15
                    text run at (392,1260) width 5: " "
                  LayoutBR {BR} at (396,1272) size 1x0
                  LayoutInline {A} at (0,0) size 264x15 [color=#0000EE]
                    LayoutText {#text} at (0,1275) size 264x15
                      text run at (0,1275) width 264: "References to Structured Type Host Variables"
                  LayoutText {#text} at (263,1275) size 5x15
                    text run at (263,1275) width 5: " "
                  LayoutBR {BR} at (267,1287) size 1x0
                  LayoutInline {A} at (0,0) size 57x15 [color=#0000EE]
                    LayoutText {#text} at (0,1290) size 57x15
                      text run at (0,1290) width 57: "Functions"
                  LayoutText {#text} at (56,1290) size 4x15
                    text run at (56,1290) width 4: " "
                  LayoutBR {BR} at (59,1302) size 1x0
                  LayoutInline {A} at (0,0) size 299x15 [color=#0000EE]
                    LayoutText {#text} at (0,1305) size 299x15
                      text run at (0,1305) width 299: "External, SQL and Sourced User-Defined Functions"
                  LayoutText {#text} at (298,1305) size 5x15
                    text run at (298,1305) width 5: " "
                  LayoutBR {BR} at (302,1317) size 1x0
                  LayoutInline {A} at (0,0) size 322x15 [color=#0000EE]
                    LayoutText {#text} at (0,1320) size 322x15
                      text run at (0,1320) width 322: "Scalar, Column, Row and Table User-Defined Functions"
                  LayoutText {#text} at (321,1320) size 5x15
                    text run at (321,1320) width 5: " "
                  LayoutBR {BR} at (325,1332) size 1x0
                  LayoutInline {A} at (0,0) size 114x15 [color=#0000EE]
                    LayoutText {#text} at (0,1335) size 114x15
                      text run at (0,1335) width 114: "Function signatures"
                  LayoutText {#text} at (113,1335) size 5x15
                    text run at (113,1335) width 5: " "
                  LayoutBR {BR} at (117,1347) size 1x0
                  LayoutInline {A} at (0,0) size 57x15 [color=#0000EE]
                    LayoutText {#text} at (0,1350) size 57x15
                      text run at (0,1350) width 57: "SQL Path"
                  LayoutText {#text} at (56,1350) size 4x15
                    text run at (56,1350) width 4: " "
                  LayoutBR {BR} at (59,1362) size 1x0
                  LayoutInline {A} at (0,0) size 115x15 [color=#0000EE]
                    LayoutText {#text} at (0,1365) size 115x15
                      text run at (0,1365) width 115: "Function Resolution"
                  LayoutText {#text} at (114,1365) size 5x15
                    text run at (114,1365) width 5: " "
                  LayoutBR {BR} at (118,1377) size 1x0
                  LayoutInline {A} at (0,0) size 113x15 [color=#0000EE]
                    LayoutText {#text} at (0,1380) size 113x15
                      text run at (0,1380) width 113: "Function Invocation"
                  LayoutText {#text} at (112,1380) size 5x15
                    text run at (112,1380) width 5: " "
                  LayoutBR {BR} at (116,1392) size 1x0
                  LayoutInline {A} at (0,0) size 50x15 [color=#0000EE]
                    LayoutText {#text} at (0,1395) size 50x15
                      text run at (0,1395) width 50: "Methods"
                  LayoutText {#text} at (49,1395) size 5x15
                    text run at (49,1395) width 5: " "
                  LayoutBR {BR} at (53,1407) size 1x0
                  LayoutInline {A} at (0,0) size 237x15 [color=#0000EE]
                    LayoutText {#text} at (0,1410) size 237x15
                      text run at (0,1410) width 237: "External and SQL User-Defined Methods"
                  LayoutText {#text} at (236,1410) size 4x15
                    text run at (236,1410) width 4: " "
                  LayoutBR {BR} at (239,1422) size 1x0
                  LayoutInline {A} at (0,0) size 110x15 [color=#0000EE]
                    LayoutText {#text} at (0,1425) size 110x15
                      text run at (0,1425) width 110: "Method Signatures"
                  LayoutText {#text} at (109,1425) size 4x15
                    text run at (109,1425) width 4: " "
                  LayoutBR {BR} at (112,1437) size 1x0
                  LayoutInline {A} at (0,0) size 107x15 [color=#0000EE]
                    LayoutText {#text} at (0,1440) size 107x15
                      text run at (0,1440) width 107: "Method Invocation"
                  LayoutText {#text} at (106,1440) size 4x15
                    text run at (106,1440) width 4: " "
                  LayoutBR {BR} at (109,1452) size 1x0
                  LayoutInline {A} at (0,0) size 109x15 [color=#0000EE]
                    LayoutText {#text} at (0,1455) size 109x15
                      text run at (0,1455) width 109: "Method Resolution"
                  LayoutText {#text} at (108,1455) size 4x15
                    text run at (108,1455) width 4: " "
                  LayoutBR {BR} at (112,1467) size 0x0
                  LayoutInline {A} at (0,0) size 186x15 [color=#0000EE]
                    LayoutText {#text} at (0,1470) size 186x15
                      text run at (0,1470) width 186: "Method of Choosing the Best Fit"
                  LayoutText {#text} at (185,1470) size 5x15
                    text run at (185,1470) width 5: " "
                  LayoutBR {BR} at (189,1482) size 1x0
                  LayoutInline {A} at (0,0) size 178x15 [color=#0000EE]
                    LayoutText {#text} at (0,1485) size 178x15
                      text run at (0,1485) width 178: "Example of Method Resolution"
                  LayoutText {#text} at (177,1485) size 4x15
                    text run at (177,1485) width 4: " "
                  LayoutBR {BR} at (180,1497) size 1x0
                  LayoutInline {A} at (0,0) size 107x15 [color=#0000EE]
                    LayoutText {#text} at (0,1500) size 107x15
                      text run at (0,1500) width 107: "Method Invocation"
                  LayoutText {#text} at (106,1500) size 4x15
                    text run at (106,1500) width 4: " "
                  LayoutBR {BR} at (109,1512) size 1x0
                  LayoutInline {A} at (0,0) size 188x15 [color=#0000EE]
                    LayoutText {#text} at (0,1515) size 188x15
                      text run at (0,1515) width 188: "Conservative Binding Semantics"
                  LayoutText {#text} at (187,1515) size 4x15
                    text run at (187,1515) width 4: " "
                  LayoutBR {BR} at (190,1527) size 1x0
                  LayoutInline {A} at (0,0) size 71x15 [color=#0000EE]
                    LayoutText {#text} at (0,1530) size 71x15
                      text run at (0,1530) width 71: "Expressions"
                  LayoutText {#text} at (70,1530) size 5x15
                    text run at (70,1530) width 5: " "
                  LayoutBR {BR} at (74,1542) size 1x0
                  LayoutInline {A} at (0,0) size 106x15 [color=#0000EE]
                    LayoutText {#text} at (0,1545) size 106x15
                      text run at (0,1545) width 106: "Without Operators"
                  LayoutText {#text} at (105,1545) size 5x15
                    text run at (105,1545) width 5: " "
                  LayoutBR {BR} at (109,1557) size 1x0
                  LayoutInline {A} at (0,0) size 191x15 [color=#0000EE]
                    LayoutText {#text} at (0,1560) size 191x15
                      text run at (0,1560) width 191: "With the Concatenation Operator"
                  LayoutText {#text} at (190,1560) size 4x15
                    text run at (190,1560) width 4: " "
                  LayoutBR {BR} at (193,1572) size 1x0
                  LayoutInline {A} at (0,0) size 149x15 [color=#0000EE]
                    LayoutText {#text} at (0,1575) size 149x15
                      text run at (0,1575) width 149: "With Arithmetic Operators"
                  LayoutText {#text} at (148,1575) size 5x15
                    text run at (148,1575) width 5: " "
                  LayoutBR {BR} at (152,1587) size 1x0
                  LayoutInline {A} at (0,0) size 129x15 [color=#0000EE]
                    LayoutText {#text} at (0,1590) size 129x15
                      text run at (0,1590) width 129: "Two Integer Operands"
                  LayoutText {#text} at (128,1590) size 5x15
                    text run at (128,1590) width 5: " "
                  LayoutBR {BR} at (132,1602) size 1x0
                  LayoutInline {A} at (0,0) size 178x15 [color=#0000EE]
                    LayoutText {#text} at (0,1605) size 178x15
                      text run at (0,1605) width 178: "Integer and Decimal Operands"
                  LayoutText {#text} at (177,1605) size 4x15
                    text run at (177,1605) width 4: " "
                  LayoutBR {BR} at (180,1617) size 1x0
                  LayoutInline {A} at (0,0) size 136x15 [color=#0000EE]
                    LayoutText {#text} at (0,1620) size 136x15
                      text run at (0,1620) width 136: "Two Decimal Operands"
                  LayoutText {#text} at (135,1620) size 4x15
                    text run at (135,1620) width 4: " "
                  LayoutBR {BR} at (138,1632) size 1x0
                  LayoutInline {A} at (0,0) size 152x15 [color=#0000EE]
                    LayoutText {#text} at (0,1635) size 152x15
                      text run at (0,1635) width 152: "Decimal Arithmetic in SQL"
                  LayoutText {#text} at (151,1635) size 5x15
                    text run at (151,1635) width 5: " "
                  LayoutBR {BR} at (155,1647) size 1x0
                  LayoutInline {A} at (0,0) size 141x15 [color=#0000EE]
                    LayoutText {#text} at (0,1650) size 141x15
                      text run at (0,1650) width 141: "Floating-Point Operands"
                  LayoutText {#text} at (140,1650) size 5x15
                    text run at (140,1650) width 5: " "
                  LayoutBR {BR} at (144,1662) size 1x0
                  LayoutInline {A} at (0,0) size 191x15 [color=#0000EE]
                    LayoutText {#text} at (0,1665) size 191x15
                      text run at (0,1665) width 191: "User-defined Types as Operands"
                  LayoutText {#text} at (190,1665) size 5x15
                    text run at (190,1665) width 5: " "
                  LayoutBR {BR} at (194,1677) size 1x0
                  LayoutInline {A} at (0,0) size 96x15 [color=#0000EE]
                    LayoutText {#text} at (0,1680) size 96x15
                      text run at (0,1680) width 96: "Scalar Fullselect"
                  LayoutText {#text} at (95,1680) size 4x15
                    text run at (95,1680) width 4: " "
                  LayoutBR {BR} at (98,1692) size 1x0
                  LayoutInline {A} at (0,0) size 204x15 [color=#0000EE]
                    LayoutText {#text} at (0,1695) size 204x15
                      text run at (0,1695) width 204: "Datetime Operations and Durations"
                  LayoutText {#text} at (203,1695) size 5x15
                    text run at (203,1695) width 5: " "
                  LayoutBR {BR} at (207,1707) size 1x0
                  LayoutInline {A} at (0,0) size 157x15 [color=#0000EE]
                    LayoutText {#text} at (0,1710) size 157x15
                      text run at (0,1710) width 157: "Datetime Arithmetic in SQL"
                  LayoutText {#text} at (156,1710) size 5x15
                    text run at (156,1710) width 5: " "
                  LayoutBR {BR} at (160,1722) size 1x0
                  LayoutInline {A} at (0,0) size 152x15 [color=#0000EE]
                    LayoutText {#text} at (0,1725) size 152x15
                      text run at (0,1725) width 152: "Precedence of Operations"
                  LayoutText {#text} at (151,1725) size 4x15
                    text run at (151,1725) width 4: " "
                  LayoutBR {BR} at (154,1737) size 1x0
                  LayoutInline {A} at (0,0) size 110x15 [color=#0000EE]
                    LayoutText {#text} at (0,1740) size 110x15
                      text run at (0,1740) width 110: "CASE Expressions"
                  LayoutText {#text} at (109,1740) size 5x15
                    text run at (109,1740) width 5: " "
                  LayoutBR {BR} at (113,1752) size 1x0
                  LayoutInline {A} at (0,0) size 119x15 [color=#0000EE]
                    LayoutText {#text} at (0,1755) size 119x15
                      text run at (0,1755) width 119: "CAST Specifications"
                  LayoutText {#text} at (118,1755) size 5x15
                    text run at (118,1755) width 5: " "
                  LayoutBR {BR} at (122,1767) size 1x0
                  LayoutInline {A} at (0,0) size 139x15 [color=#0000EE]
                    LayoutText {#text} at (0,1770) size 139x15
                      text run at (0,1770) width 139: "Dereference Operations"
                  LayoutText {#text} at (138,1770) size 5x15
                    text run at (138,1770) width 5: " "
                  LayoutBR {BR} at (142,1782) size 1x0
                  LayoutInline {A} at (0,0) size 95x15 [color=#0000EE]
                    LayoutText {#text} at (0,1785) size 95x15
                      text run at (0,1785) width 95: "OLAP Functions"
                  LayoutText {#text} at (94,1785) size 5x15
                    text run at (94,1785) width 5: " "
                  LayoutBR {BR} at (98,1797) size 1x0
                  LayoutInline {A} at (0,0) size 107x15 [color=#0000EE]
                    LayoutText {#text} at (0,1800) size 107x15
                      text run at (0,1800) width 107: "Method Invocation"
                  LayoutText {#text} at (106,1800) size 4x15
                    text run at (106,1800) width 4: " "
                  LayoutBR {BR} at (109,1812) size 1x0
                  LayoutInline {A} at (0,0) size 111x15 [color=#0000EE]
                    LayoutText {#text} at (0,1815) size 111x15
                      text run at (0,1815) width 111: "Subtype Treatment"
                  LayoutText {#text} at (110,1815) size 4x15
                    text run at (110,1815) width 4: " "
                  LayoutBR {BR} at (113,1827) size 1x0
                  LayoutInline {A} at (0,0) size 62x15 [color=#0000EE]
                    LayoutText {#text} at (0,1830) size 62x15
                      text run at (0,1830) width 62: "Predicates"
                  LayoutText {#text} at (61,1830) size 5x15
                    text run at (61,1830) width 5: " "
                  LayoutBR {BR} at (65,1842) size 1x0
                  LayoutInline {A} at (0,0) size 91x15 [color=#0000EE]
                    LayoutText {#text} at (0,1845) size 91x15
                      text run at (0,1845) width 91: "Basic Predicate"
                  LayoutText {#text} at (90,1845) size 4x15
                    text run at (90,1845) width 4: " "
                  LayoutBR {BR} at (93,1857) size 1x0
                  LayoutInline {A} at (0,0) size 118x15 [color=#0000EE]
                    LayoutText {#text} at (0,1860) size 118x15
                      text run at (0,1860) width 118: "Quantified Predicate"
                  LayoutText {#text} at (117,1860) size 5x15
                    text run at (117,1860) width 5: " "
                  LayoutBR {BR} at (121,1872) size 1x0
                  LayoutInline {A} at (0,0) size 123x15 [color=#0000EE]
                    LayoutText {#text} at (0,1875) size 123x15
                      text run at (0,1875) width 123: "BETWEEN Predicate"
                  LayoutText {#text} at (122,1875) size 5x15
                    text run at (122,1875) width 5: " "
                  LayoutBR {BR} at (126,1887) size 1x0
                  LayoutInline {A} at (0,0) size 105x15 [color=#0000EE]
                    LayoutText {#text} at (0,1890) size 105x15
                      text run at (0,1890) width 105: "EXISTS Predicate"
                  LayoutText {#text} at (104,1890) size 5x15
                    text run at (104,1890) width 5: " "
                  LayoutBR {BR} at (108,1902) size 1x0
                  LayoutInline {A} at (0,0) size 72x15 [color=#0000EE]
                    LayoutText {#text} at (0,1905) size 72x15
                      text run at (0,1905) width 72: "IN Predicate"
                  LayoutText {#text} at (71,1905) size 5x15
                    text run at (71,1905) width 5: " "
                  LayoutBR {BR} at (75,1917) size 1x0
                  LayoutInline {A} at (0,0) size 87x15 [color=#0000EE]
                    LayoutText {#text} at (0,1920) size 87x15
                      text run at (0,1920) width 87: "LIKE Predicate"
                  LayoutText {#text} at (86,1920) size 5x15
                    text run at (86,1920) width 5: " "
                  LayoutBR {BR} at (90,1932) size 1x0
                  LayoutInline {A} at (0,0) size 92x15 [color=#0000EE]
                    LayoutText {#text} at (0,1935) size 92x15
                      text run at (0,1935) width 92: "NULL Predicate"
                  LayoutText {#text} at (91,1935) size 5x15
                    text run at (91,1935) width 5: " "
                  LayoutBR {BR} at (95,1947) size 1x0
                  LayoutInline {A} at (0,0) size 93x15 [color=#0000EE]
                    LayoutText {#text} at (0,1950) size 93x15
                      text run at (0,1950) width 93: "TYPE Predicate"
                  LayoutText {#text} at (92,1950) size 5x15
                    text run at (92,1950) width 5: " "
                  LayoutBR {BR} at (96,1962) size 1x0
                  LayoutInline {A} at (0,0) size 107x15 [color=#0000EE]
                    LayoutText {#text} at (0,1965) size 107x15
                      text run at (0,1965) width 107: "Search Conditions"
                  LayoutText {#text} at (106,1965) size 4x15
                    text run at (106,1965) width 4: " "
                  LayoutBR {BR} at (109,1977) size 1x0
                  LayoutInline {A} at (0,0) size 58x15 [color=#0000EE]
                    LayoutText {#text} at (0,1980) size 58x15
                      text run at (0,1980) width 58: "Examples"
                  LayoutText {#text} at (0,0) size 0x0
                LayoutBlockFlow {P} at (0,3213.17) size 707x1935
                  LayoutInline {B} at (0,0) size 63x15
                    LayoutInline {A} at (0,0) size 63x15 [color=#0000EE]
                      LayoutText {#text} at (0,0) size 63x15
                        text run at (0,0) width 63: "Functions"
                  LayoutBR {BR} at (62,12) size 1x0
                  LayoutBR {BR} at (0,15) size 0x15
                  LayoutInline {A} at (0,0) size 105x15 [color=#0000EE]
                    LayoutText {#text} at (0,30) size 105x15
                      text run at (0,30) width 105: "Column Functions"
                  LayoutText {#text} at (104,30) size 5x15
                    text run at (104,30) width 5: " "
                  LayoutBR {BR} at (108,42) size 1x0
                  LayoutInline {A} at (0,0) size 27x15 [color=#0000EE]
                    LayoutText {#text} at (0,45) size 27x15
                      text run at (0,45) width 27: "AVG"
                  LayoutText {#text} at (26,45) size 5x15
                    text run at (26,45) width 5: " "
                  LayoutBR {BR} at (30,57) size 1x0
                  LayoutInline {A} at (0,0) size 93x15 [color=#0000EE]
                    LayoutText {#text} at (0,60) size 93x15
                      text run at (0,60) width 93: "CORRELATION"
                  LayoutText {#text} at (92,60) size 5x15
                    text run at (92,60) width 5: " "
                  LayoutBR {BR} at (96,72) size 1x0
                  LayoutInline {A} at (0,0) size 47x15 [color=#0000EE]
                    LayoutText {#text} at (0,75) size 47x15
                      text run at (0,75) width 47: "COUNT"
                  LayoutText {#text} at (46,75) size 4x15
                    text run at (46,75) width 4: " "
                  LayoutBR {BR} at (49,87) size 1x0
                  LayoutInline {A} at (0,0) size 76x15 [color=#0000EE]
                    LayoutText {#text} at (0,90) size 76x15
                      text run at (0,90) width 76: "COUNT_BIG"
                  LayoutText {#text} at (75,90) size 5x15
                    text run at (75,90) width 5: " "
                  LayoutBR {BR} at (79,102) size 1x0
                  LayoutInline {A} at (0,0) size 85x15 [color=#0000EE]
                    LayoutText {#text} at (0,105) size 85x15
                      text run at (0,105) width 85: "COVARIANCE"
                  LayoutText {#text} at (84,105) size 5x15
                    text run at (84,105) width 5: " "
                  LayoutBR {BR} at (88,117) size 1x0
                  LayoutInline {A} at (0,0) size 71x15 [color=#0000EE]
                    LayoutText {#text} at (0,120) size 71x15
                      text run at (0,120) width 71: "GROUPING"
                  LayoutText {#text} at (70,120) size 5x15
                    text run at (70,120) width 5: " "
                  LayoutBR {BR} at (74,132) size 1x0
                  LayoutInline {A} at (0,0) size 29x15 [color=#0000EE]
                    LayoutText {#text} at (0,135) size 29x15
                      text run at (0,135) width 29: "MAX"
                  LayoutText {#text} at (28,135) size 4x15
                    text run at (28,135) width 4: " "
                  LayoutBR {BR} at (31,147) size 1x0
                  LayoutInline {A} at (0,0) size 24x15 [color=#0000EE]
                    LayoutText {#text} at (0,150) size 24x15
                      text run at (0,150) width 24: "MIN"
                  LayoutText {#text} at (23,150) size 5x15
                    text run at (23,150) width 5: " "
                  LayoutBR {BR} at (27,162) size 1x0
                  LayoutInline {A} at (0,0) size 147x15 [color=#0000EE]
                    LayoutText {#text} at (0,165) size 147x15
                      text run at (0,165) width 147: "REGRESSION Functions"
                  LayoutText {#text} at (146,165) size 5x15
                    text run at (146,165) width 5: " "
                  LayoutBR {BR} at (150,177) size 1x0
                  LayoutInline {A} at (0,0) size 53x15 [color=#0000EE]
                    LayoutText {#text} at (0,180) size 53x15
                      text run at (0,180) width 53: "STDDEV"
                  LayoutText {#text} at (52,180) size 5x15
                    text run at (52,180) width 5: " "
                  LayoutBR {BR} at (56,192) size 1x0
                  LayoutInline {A} at (0,0) size 29x15 [color=#0000EE]
                    LayoutText {#text} at (0,195) size 29x15
                      text run at (0,195) width 29: "SUM"
                  LayoutText {#text} at (28,195) size 5x15
                    text run at (28,195) width 5: " "
                  LayoutBR {BR} at (32,207) size 1x0
                  LayoutInline {A} at (0,0) size 66x15 [color=#0000EE]
                    LayoutText {#text} at (0,210) size 66x15
                      text run at (0,210) width 66: "VARIANCE"
                  LayoutText {#text} at (65,210) size 5x15
                    text run at (65,210) width 5: " "
                  LayoutBR {BR} at (69,222) size 1x0
                  LayoutInline {A} at (0,0) size 97x15 [color=#0000EE]
                    LayoutText {#text} at (0,225) size 97x15
                      text run at (0,225) width 97: "Scalar Functions"
                  LayoutText {#text} at (96,225) size 5x15
                    text run at (96,225) width 5: " "
                  LayoutBR {BR} at (100,237) size 1x0
                  LayoutInline {A} at (0,0) size 95x15 [color=#0000EE]
                    LayoutText {#text} at (0,240) size 95x15
                      text run at (0,240) width 95: "ABS or ABSVAL"
                  LayoutText {#text} at (94,240) size 5x15
                    text run at (94,240) width 5: " "
                  LayoutBR {BR} at (98,252) size 1x0
                  LayoutInline {A} at (0,0) size 37x15 [color=#0000EE]
                    LayoutText {#text} at (0,255) size 37x15
                      text run at (0,255) width 37: "ACOS"
                  LayoutText {#text} at (36,255) size 5x15
                    text run at (36,255) width 5: " "
                  LayoutBR {BR} at (40,267) size 1x0
                  LayoutInline {A} at (0,0) size 34x15 [color=#0000EE]
                    LayoutText {#text} at (0,270) size 34x15
                      text run at (0,270) width 34: "ASCII"
                  LayoutText {#text} at (33,270) size 5x15
                    text run at (33,270) width 5: " "
                  LayoutBR {BR} at (37,282) size 1x0
                  LayoutInline {A} at (0,0) size 31x15 [color=#0000EE]
                    LayoutText {#text} at (0,285) size 31x15
                      text run at (0,285) width 31: "ASIN"
                  LayoutText {#text} at (30,285) size 4x15
                    text run at (30,285) width 4: " "
                  LayoutBR {BR} at (33,297) size 1x0
                  LayoutInline {A} at (0,0) size 33x15 [color=#0000EE]
                    LayoutText {#text} at (0,300) size 33x15
                      text run at (0,300) width 33: "ATAN"
                  LayoutText {#text} at (32,300) size 5x15
                    text run at (32,300) width 5: " "
                  LayoutBR {BR} at (36,312) size 1x0
                  LayoutInline {A} at (0,0) size 40x15 [color=#0000EE]
                    LayoutText {#text} at (0,315) size 40x15
                      text run at (0,315) width 40: "ATAN2"
                  LayoutText {#text} at (39,315) size 5x15
                    text run at (39,315) width 5: " "
                  LayoutBR {BR} at (43,327) size 1x0
                  LayoutInline {A} at (0,0) size 44x15 [color=#0000EE]
                    LayoutText {#text} at (0,330) size 44x15
                      text run at (0,330) width 44: "BIGINT"
                  LayoutText {#text} at (43,330) size 4x15
                    text run at (43,330) width 4: " "
                  LayoutBR {BR} at (46,342) size 1x0
                  LayoutInline {A} at (0,0) size 35x15 [color=#0000EE]
                    LayoutText {#text} at (0,345) size 35x15
                      text run at (0,345) width 35: "BLOB"
                  LayoutText {#text} at (34,345) size 5x15
                    text run at (34,345) width 5: " "
                  LayoutBR {BR} at (38,357) size 1x0
                  LayoutInline {A} at (0,0) size 100x15 [color=#0000EE]
                    LayoutText {#text} at (0,360) size 100x15
                      text run at (0,360) width 100: "CEILING or CEIL"
                  LayoutText {#text} at (99,360) size 5x15
                    text run at (99,360) width 5: " "
                  LayoutBR {BR} at (103,372) size 1x0
                  LayoutInline {A} at (0,0) size 37x15 [color=#0000EE]
                    LayoutText {#text} at (0,375) size 37x15
                      text run at (0,375) width 37: "CHAR"
                  LayoutText {#text} at (36,375) size 5x15
                    text run at (36,375) width 5: " "
                  LayoutBR {BR} at (40,387) size 1x0
                  LayoutInline {A} at (0,0) size 29x15 [color=#0000EE]
                    LayoutText {#text} at (0,390) size 29x15
                      text run at (0,390) width 29: "CHR"
                  LayoutText {#text} at (28,390) size 4x15
                    text run at (28,390) width 4: " "
                  LayoutBR {BR} at (31,402) size 1x0
                  LayoutInline {A} at (0,0) size 36x15 [color=#0000EE]
                    LayoutText {#text} at (0,405) size 36x15
                      text run at (0,405) width 36: "CLOB"
                  LayoutText {#text} at (35,405) size 4x15
                    text run at (35,405) width 4: " "
                  LayoutBR {BR} at (39,417) size 0x0
                  LayoutInline {A} at (0,0) size 71x15 [color=#0000EE]
                    LayoutText {#text} at (0,420) size 71x15
                      text run at (0,420) width 71: "COALESCE"
                  LayoutText {#text} at (70,420) size 5x15
                    text run at (70,420) width 5: " "
                  LayoutBR {BR} at (74,432) size 1x0
                  LayoutInline {A} at (0,0) size 54x15 [color=#0000EE]
                    LayoutText {#text} at (0,435) size 54x15
                      text run at (0,435) width 54: "CONCAT"
                  LayoutText {#text} at (53,435) size 5x15
                    text run at (53,435) width 5: " "
                  LayoutBR {BR} at (57,447) size 1x0
                  LayoutInline {A} at (0,0) size 29x15 [color=#0000EE]
                    LayoutText {#text} at (0,450) size 29x15
                      text run at (0,450) width 29: "COS"
                  LayoutText {#text} at (28,450) size 4x15
                    text run at (28,450) width 4: " "
                  LayoutBR {BR} at (31,462) size 1x0
                  LayoutInline {A} at (0,0) size 28x15 [color=#0000EE]
                    LayoutText {#text} at (0,465) size 28x15
                      text run at (0,465) width 28: "COT"
                  LayoutText {#text} at (27,465) size 5x15
                    text run at (27,465) width 5: " "
                  LayoutBR {BR} at (31,477) size 1x0
                  LayoutInline {A} at (0,0) size 34x15 [color=#0000EE]
                    LayoutText {#text} at (0,480) size 34x15
                      text run at (0,480) width 34: "DATE"
                  LayoutText {#text} at (33,480) size 5x15
                    text run at (33,480) width 5: " "
                  LayoutBR {BR} at (37,492) size 1x0
                  LayoutInline {A} at (0,0) size 26x15 [color=#0000EE]
                    LayoutText {#text} at (0,495) size 26x15
                      text run at (0,495) width 26: "DAY"
                  LayoutText {#text} at (25,495) size 5x15
                    text run at (25,495) width 5: " "
                  LayoutBR {BR} at (29,507) size 1x0
                  LayoutInline {A} at (0,0) size 64x15 [color=#0000EE]
                    LayoutText {#text} at (0,510) size 64x15
                      text run at (0,510) width 64: "DAYNAME"
                  LayoutText {#text} at (63,510) size 4x15
                    text run at (63,510) width 4: " "
                  LayoutBR {BR} at (66,522) size 1x0
                  LayoutInline {A} at (0,0) size 83x15 [color=#0000EE]
                    LayoutText {#text} at (0,525) size 83x15
                      text run at (0,525) width 83: "DAYOFWEEK"
                  LayoutText {#text} at (82,525) size 4x15
                    text run at (82,525) width 4: " "
                  LayoutBR {BR} at (85,537) size 1x0
                  LayoutInline {A} at (0,0) size 112x15 [color=#0000EE]
                    LayoutText {#text} at (0,540) size 112x15
                      text run at (0,540) width 112: "DAYOFWEEK_ISO"
                  LayoutText {#text} at (111,540) size 5x15
                    text run at (111,540) width 5: " "
                  LayoutBR {BR} at (115,552) size 1x0
                  LayoutInline {A} at (0,0) size 80x15 [color=#0000EE]
                    LayoutText {#text} at (0,555) size 80x15
                      text run at (0,555) width 80: "DAYOFYEAR"
                  LayoutText {#text} at (79,555) size 4x15
                    text run at (79,555) width 4: " "
                  LayoutBR {BR} at (82,567) size 1x0
                  LayoutInline {A} at (0,0) size 35x15 [color=#0000EE]
                    LayoutText {#text} at (0,570) size 35x15
                      text run at (0,570) width 35: "DAYS"
                  LayoutText {#text} at (34,570) size 5x15
                    text run at (34,570) width 5: " "
                  LayoutBR {BR} at (38,582) size 1x0
                  LayoutInline {A} at (0,0) size 54x15 [color=#0000EE]
                    LayoutText {#text} at (0,585) size 54x15
                      text run at (0,585) width 54: "DBCLOB"
                  LayoutText {#text} at (53,585) size 5x15
                    text run at (53,585) width 5: " "
                  LayoutBR {BR} at (57,597) size 1x0
                  LayoutInline {A} at (0,0) size 58x15 [color=#0000EE]
                    LayoutText {#text} at (0,600) size 58x15
                      text run at (0,600) width 58: "DECIMAL"
                  LayoutText {#text} at (57,600) size 5x15
                    text run at (57,600) width 5: " "
                  LayoutBR {BR} at (61,612) size 1x0
                  LayoutInline {A} at (0,0) size 64x15 [color=#0000EE]
                    LayoutText {#text} at (0,615) size 64x15
                      text run at (0,615) width 64: "DEGREES"
                  LayoutText {#text} at (63,615) size 5x15
                    text run at (63,615) width 5: " "
                  LayoutBR {BR} at (67,627) size 1x0
                  LayoutInline {A} at (0,0) size 45x15 [color=#0000EE]
                    LayoutText {#text} at (0,630) size 45x15
                      text run at (0,630) width 45: "DEREF"
                  LayoutText {#text} at (44,630) size 4x15
                    text run at (44,630) width 4: " "
                  LayoutBR {BR} at (47,642) size 1x0
                  LayoutInline {A} at (0,0) size 84x15 [color=#0000EE]
                    LayoutText {#text} at (0,645) size 84x15
                      text run at (0,645) width 84: "DIFFERENCE"
                  LayoutText {#text} at (83,645) size 4x15
                    text run at (83,645) width 4: " "
                  LayoutBR {BR} at (86,657) size 1x0
                  LayoutInline {A} at (0,0) size 44x15 [color=#0000EE]
                    LayoutText {#text} at (0,660) size 44x15
                      text run at (0,660) width 44: "DIGITS"
                  LayoutText {#text} at (43,660) size 4x15
                    text run at (43,660) width 4: " "
                  LayoutBR {BR} at (46,672) size 1x0
                  LayoutInline {A} at (0,0) size 84x15 [color=#0000EE]
                    LayoutText {#text} at (0,675) size 84x15
                      text run at (0,675) width 84: "DLCOMMENT"
                  LayoutText {#text} at (83,675) size 5x15
                    text run at (83,675) width 5: " "
                  LayoutBR {BR} at (87,687) size 1x0
                  LayoutInline {A} at (0,0) size 80x15 [color=#0000EE]
                    LayoutText {#text} at (0,690) size 80x15
                      text run at (0,690) width 80: "DLLINKTYPE"
                  LayoutText {#text} at (79,690) size 5x15
                    text run at (79,690) width 5: " "
                  LayoutBR {BR} at (83,702) size 1x0
                  LayoutInline {A} at (0,0) size 115x15 [color=#0000EE]
                    LayoutText {#text} at (0,705) size 115x15
                      text run at (0,705) width 115: "DLURLCOMPLETE"
                  LayoutText {#text} at (114,705) size 4x15
                    text run at (114,705) width 4: " "
                  LayoutBR {BR} at (117,717) size 1x0
                  LayoutInline {A} at (0,0) size 76x15 [color=#0000EE]
                    LayoutText {#text} at (0,720) size 76x15
                      text run at (0,720) width 76: "DLURLPATH"
                  LayoutText {#text} at (75,720) size 4x15
                    text run at (75,720) width 4: " "
                  LayoutBR {BR} at (78,732) size 1x0
                  LayoutInline {A} at (0,0) size 110x15 [color=#0000EE]
                    LayoutText {#text} at (0,735) size 110x15
                      text run at (0,735) width 110: "DLURLPATHONLY"
                  LayoutText {#text} at (109,735) size 5x15
                    text run at (109,735) width 5: " "
                  LayoutBR {BR} at (113,747) size 1x0
                  LayoutInline {A} at (0,0) size 99x15 [color=#0000EE]
                    LayoutText {#text} at (0,750) size 99x15
                      text run at (0,750) width 99: "DLURLSCHEME"
                  LayoutText {#text} at (98,750) size 4x15
                    text run at (98,750) width 4: " "
                  LayoutBR {BR} at (101,762) size 1x0
                  LayoutInline {A} at (0,0) size 96x15 [color=#0000EE]
                    LayoutText {#text} at (0,765) size 96x15
                      text run at (0,765) width 96: "DLURLSERVER"
                  LayoutText {#text} at (95,765) size 5x15
                    text run at (95,765) width 5: " "
                  LayoutBR {BR} at (99,777) size 1x0
                  LayoutInline {A} at (0,0) size 58x15 [color=#0000EE]
                    LayoutText {#text} at (0,780) size 58x15
                      text run at (0,780) width 58: "DLVALUE"
                  LayoutText {#text} at (57,780) size 4x15
                    text run at (57,780) width 4: " "
                  LayoutBR {BR} at (60,792) size 1x0
                  LayoutInline {A} at (0,0) size 54x15 [color=#0000EE]
                    LayoutText {#text} at (0,795) size 54x15
                      text run at (0,795) width 54: "DOUBLE"
                  LayoutText {#text} at (53,795) size 5x15
                    text run at (53,795) width 5: " "
                  LayoutBR {BR} at (57,807) size 1x0
                  LayoutInline {A} at (0,0) size 129x15 [color=#0000EE]
                    LayoutText {#text} at (0,810) size 129x15
                      text run at (0,810) width 129: "EVENT_MON_STATE"
                  LayoutText {#text} at (128,810) size 4x15
                    text run at (128,810) width 4: " "
                  LayoutBR {BR} at (131,822) size 1x0
                  LayoutInline {A} at (0,0) size 26x15 [color=#0000EE]
                    LayoutText {#text} at (0,825) size 26x15
                      text run at (0,825) width 26: "EXP"
                  LayoutText {#text} at (26,825) size 4x15
                    text run at (26,825) width 4: " "
                  LayoutBR {BR} at (29,837) size 1x0
                  LayoutInline {A} at (0,0) size 41x15 [color=#0000EE]
                    LayoutText {#text} at (0,840) size 41x15
                      text run at (0,840) width 41: "FLOAT"
                  LayoutText {#text} at (40,840) size 5x15
                    text run at (40,840) width 5: " "
                  LayoutBR {BR} at (44,852) size 1x0
                  LayoutInline {A} at (0,0) size 45x15 [color=#0000EE]
                    LayoutText {#text} at (0,855) size 45x15
                      text run at (0,855) width 45: "FLOOR"
                  LayoutText {#text} at (44,855) size 5x15
                    text run at (44,855) width 5: " "
                  LayoutBR {BR} at (48,867) size 1x0
                  LayoutInline {A} at (0,0) size 129x15 [color=#0000EE]
                    LayoutText {#text} at (0,870) size 129x15
                      text run at (0,870) width 129: "GENERATE_UNIQUE"
                  LayoutText {#text} at (128,870) size 4x15
                    text run at (128,870) width 4: " "
                  LayoutBR {BR} at (131,882) size 1x0
                  LayoutInline {A} at (0,0) size 60x15 [color=#0000EE]
                    LayoutText {#text} at (0,885) size 60x15
                      text run at (0,885) width 60: "GRAPHIC"
                  LayoutText {#text} at (59,885) size 4x15
                    text run at (59,885) width 4: " "
                  LayoutBR {BR} at (62,897) size 1x0
                  LayoutInline {A} at (0,0) size 27x15 [color=#0000EE]
                    LayoutText {#text} at (0,900) size 27x15
                      text run at (0,900) width 27: "HEX"
                  LayoutText {#text} at (26,900) size 5x15
                    text run at (26,900) width 5: " "
                  LayoutBR {BR} at (30,912) size 1x0
                  LayoutInline {A} at (0,0) size 39x15 [color=#0000EE]
                    LayoutText {#text} at (0,915) size 39x15
                      text run at (0,915) width 39: "HOUR"
                  LayoutText {#text} at (38,915) size 4x15
                    text run at (38,915) width 4: " "
                  LayoutBR {BR} at (41,927) size 1x0
                  LayoutInline {A} at (0,0) size 48x15 [color=#0000EE]
                    LayoutText {#text} at (0,930) size 48x15
                      text run at (0,930) width 48: "INSERT"
                  LayoutText {#text} at (47,930) size 5x15
                    text run at (47,930) width 5: " "
                  LayoutBR {BR} at (51,942) size 1x0
                  LayoutInline {A} at (0,0) size 58x15 [color=#0000EE]
                    LayoutText {#text} at (0,945) size 58x15
                      text run at (0,945) width 58: "INTEGER"
                  LayoutText {#text} at (57,945) size 5x15
                    text run at (57,945) width 5: " "
                  LayoutBR {BR} at (61,957) size 1x0
                  LayoutInline {A} at (0,0) size 78x15 [color=#0000EE]
                    LayoutText {#text} at (0,960) size 78x15
                      text run at (0,960) width 78: "JULIAN_DAY"
                  LayoutText {#text} at (77,960) size 5x15
                    text run at (77,960) width 5: " "
                  LayoutBR {BR} at (81,972) size 1x0
                  LayoutInline {A} at (0,0) size 110x15 [color=#0000EE]
                    LayoutText {#text} at (0,975) size 110x15
                      text run at (0,975) width 110: "LCASE or LOWER"
                  LayoutText {#text} at (109,975) size 4x15
                    text run at (109,975) width 4: " "
                  LayoutBR {BR} at (112,987) size 1x0
                  LayoutInline {A} at (0,0) size 157x15 [color=#0000EE]
                    LayoutText {#text} at (0,990) size 157x15
                      text run at (0,990) width 157: "LCASE (SYSFUN schema)"
                  LayoutText {#text} at (156,990) size 5x15
                    text run at (156,990) width 5: " "
                  LayoutBR {BR} at (160,1002) size 1x0
                  LayoutInline {A} at (0,0) size 32x15 [color=#0000EE]
                    LayoutText {#text} at (0,1005) size 32x15
                      text run at (0,1005) width 32: "LEFT"
                  LayoutText {#text} at (31,1005) size 5x15
                    text run at (31,1005) width 5: " "
                  LayoutBR {BR} at (35,1017) size 1x0
                  LayoutInline {A} at (0,0) size 53x15 [color=#0000EE]
                    LayoutText {#text} at (0,1020) size 53x15
                      text run at (0,1020) width 53: "LENGTH"
                  LayoutText {#text} at (52,1020) size 5x15
                    text run at (52,1020) width 5: " "
                  LayoutBR {BR} at (56,1032) size 1x0
                  LayoutInline {A} at (0,0) size 17x15 [color=#0000EE]
                    LayoutText {#text} at (0,1035) size 17x15
                      text run at (0,1035) width 17: "LN"
                  LayoutText {#text} at (16,1035) size 5x15
                    text run at (16,1035) width 5: " "
                  LayoutBR {BR} at (20,1047) size 1x0
                  LayoutInline {A} at (0,0) size 52x15 [color=#0000EE]
                    LayoutText {#text} at (0,1050) size 52x15
                      text run at (0,1050) width 52: "LOCATE"
                  LayoutText {#text} at (51,1050) size 4x15
                    text run at (51,1050) width 4: " "
                  LayoutBR {BR} at (54,1062) size 1x0
                  LayoutInline {A} at (0,0) size 28x15 [color=#0000EE]
                    LayoutText {#text} at (0,1065) size 28x15
                      text run at (0,1065) width 28: "LOG"
                  LayoutText {#text} at (27,1065) size 5x15
                    text run at (27,1065) width 5: " "
                  LayoutBR {BR} at (31,1077) size 1x0
                  LayoutInline {A} at (0,0) size 42x15 [color=#0000EE]
                    LayoutText {#text} at (0,1080) size 42x15
                      text run at (0,1080) width 42: "LOG10"
                  LayoutText {#text} at (41,1080) size 5x15
                    text run at (41,1080) width 5: " "
                  LayoutBR {BR} at (45,1092) size 1x0
                  LayoutInline {A} at (0,0) size 107x15 [color=#0000EE]
                    LayoutText {#text} at (0,1095) size 107x15
                      text run at (0,1095) width 107: "LONG_VARCHAR"
                  LayoutText {#text} at (106,1095) size 5x15
                    text run at (106,1095) width 5: " "
                  LayoutBR {BR} at (110,1107) size 1x0
                  LayoutInline {A} at (0,0) size 130x15 [color=#0000EE]
                    LayoutText {#text} at (0,1110) size 130x15
                      text run at (0,1110) width 130: "LONG_VARGRAPHIC"
                  LayoutText {#text} at (129,1110) size 4x15
                    text run at (129,1110) width 4: " "
                  LayoutBR {BR} at (132,1122) size 1x0
                  LayoutInline {A} at (0,0) size 39x15 [color=#0000EE]
                    LayoutText {#text} at (0,1125) size 39x15
                      text run at (0,1125) width 39: "LTRIM"
                  LayoutText {#text} at (38,1125) size 4x15
                    text run at (38,1125) width 4: " "
                  LayoutBR {BR} at (41,1137) size 1x0
                  LayoutInline {A} at (0,0) size 153x15 [color=#0000EE]
                    LayoutText {#text} at (0,1140) size 153x15
                      text run at (0,1140) width 153: "LTRIM (SYSFUN schema)"
                  LayoutText {#text} at (152,1140) size 4x15
                    text run at (152,1140) width 4: " "
                  LayoutBR {BR} at (155,1152) size 1x0
                  LayoutInline {A} at (0,0) size 99x15 [color=#0000EE]
                    LayoutText {#text} at (0,1155) size 99x15
                      text run at (0,1155) width 99: "MICROSECOND"
                  LayoutText {#text} at (98,1155) size 5x15
                    text run at (98,1155) width 5: " "
                  LayoutBR {BR} at (102,1167) size 1x0
                  LayoutInline {A} at (0,0) size 136x15 [color=#0000EE]
                    LayoutText {#text} at (0,1170) size 136x15
                      text run at (0,1170) width 136: "MIDNIGHT_SECONDS"
                  LayoutText {#text} at (135,1170) size 5x15
                    text run at (135,1170) width 5: " "
                  LayoutBR {BR} at (139,1182) size 1x0
                  LayoutInline {A} at (0,0) size 50x15 [color=#0000EE]
                    LayoutText {#text} at (0,1185) size 50x15
                      text run at (0,1185) width 50: "MINUTE"
                  LayoutText {#text} at (49,1185) size 5x15
                    text run at (49,1185) width 5: " "
                  LayoutBR {BR} at (53,1197) size 1x0
                  LayoutInline {A} at (0,0) size 31x15 [color=#0000EE]
                    LayoutText {#text} at (0,1200) size 31x15
                      text run at (0,1200) width 31: "MOD"
                  LayoutText {#text} at (30,1200) size 4x15
                    text run at (30,1200) width 4: " "
                  LayoutBR {BR} at (33,1212) size 1x0
                  LayoutInline {A} at (0,0) size 48x15 [color=#0000EE]
                    LayoutText {#text} at (0,1215) size 48x15
                      text run at (0,1215) width 48: "MONTH"
                  LayoutText {#text} at (47,1215) size 5x15
                    text run at (47,1215) width 5: " "
                  LayoutBR {BR} at (51,1227) size 1x0
                  LayoutInline {A} at (0,0) size 86x15 [color=#0000EE]
                    LayoutText {#text} at (0,1230) size 86x15
                      text run at (0,1230) width 86: "MONTHNAME"
                  LayoutText {#text} at (85,1230) size 4x15
                    text run at (85,1230) width 4: " "
                  LayoutBR {BR} at (88,1242) size 1x0
                  LayoutInline {A} at (0,0) size 94x15 [color=#0000EE]
                    LayoutText {#text} at (0,1245) size 94x15
                      text run at (0,1245) width 94: "NODENUMBER"
                  LayoutText {#text} at (93,1245) size 5x15
                    text run at (93,1245) width 5: " "
                  LayoutBR {BR} at (97,1257) size 1x0
                  LayoutInline {A} at (0,0) size 45x15 [color=#0000EE]
                    LayoutText {#text} at (0,1260) size 45x15
                      text run at (0,1260) width 45: "NULLIF"
                  LayoutText {#text} at (44,1260) size 5x15
                    text run at (44,1260) width 5: " "
                  LayoutBR {BR} at (48,1272) size 1x0
                  LayoutInline {A} at (0,0) size 69x15 [color=#0000EE]
                    LayoutText {#text} at (0,1275) size 69x15
                      text run at (0,1275) width 69: "PARTITION"
                  LayoutText {#text} at (68,1275) size 4x15
                    text run at (68,1275) width 4: " "
                  LayoutBR {BR} at (71,1287) size 1x0
                  LayoutInline {A} at (0,0) size 54x15 [color=#0000EE]
                    LayoutText {#text} at (0,1290) size 54x15
                      text run at (0,1290) width 54: "POSSTR"
                  LayoutText {#text} at (53,1290) size 5x15
                    text run at (53,1290) width 5: " "
                  LayoutBR {BR} at (57,1302) size 1x0
                  LayoutInline {A} at (0,0) size 50x15 [color=#0000EE]
                    LayoutText {#text} at (0,1305) size 50x15
                      text run at (0,1305) width 50: "POWER"
                  LayoutText {#text} at (49,1305) size 4x15
                    text run at (49,1305) width 4: " "
                  LayoutBR {BR} at (52,1317) size 1x0
                  LayoutInline {A} at (0,0) size 64x15 [color=#0000EE]
                    LayoutText {#text} at (0,1320) size 64x15
                      text run at (0,1320) width 64: "QUARTER"
                  LayoutText {#text} at (63,1320) size 4x15
                    text run at (63,1320) width 4: " "
                  LayoutBR {BR} at (66,1332) size 1x0
                  LayoutInline {A} at (0,0) size 58x15 [color=#0000EE]
                    LayoutText {#text} at (0,1335) size 58x15
                      text run at (0,1335) width 58: "RADIANS"
                  LayoutText {#text} at (57,1335) size 5x15
                    text run at (57,1335) width 5: " "
                  LayoutBR {BR} at (61,1347) size 1x0
                  LayoutInline {A} at (0,0) size 94x15 [color=#0000EE]
                    LayoutText {#text} at (0,1350) size 94x15
                      text run at (0,1350) width 94: "RAISE_ERROR"
                  LayoutText {#text} at (93,1350) size 4x15
                    text run at (93,1350) width 4: " "
                  LayoutBR {BR} at (96,1362) size 1x0
                  LayoutInline {A} at (0,0) size 37x15 [color=#0000EE]
                    LayoutText {#text} at (0,1365) size 37x15
                      text run at (0,1365) width 37: "RAND"
                  LayoutText {#text} at (36,1365) size 5x15
                    text run at (36,1365) width 5: " "
                  LayoutBR {BR} at (40,1377) size 1x0
                  LayoutInline {A} at (0,0) size 34x15 [color=#0000EE]
                    LayoutText {#text} at (0,1380) size 34x15
                      text run at (0,1380) width 34: "REAL"
                  LayoutText {#text} at (33,1380) size 5x15
                    text run at (33,1380) width 5: " "
                  LayoutBR {BR} at (37,1392) size 1x0
                  LayoutInline {A} at (0,0) size 52x15 [color=#0000EE]
                    LayoutText {#text} at (0,1395) size 52x15
                      text run at (0,1395) width 52: "REPEAT"
                  LayoutText {#text} at (51,1395) size 4x15
                    text run at (51,1395) width 4: " "
                  LayoutBR {BR} at (54,1407) size 1x0
                  LayoutInline {A} at (0,0) size 61x15 [color=#0000EE]
                    LayoutText {#text} at (0,1410) size 61x15
                      text run at (0,1410) width 61: "REPLACE"
                  LayoutText {#text} at (60,1410) size 5x15
                    text run at (60,1410) width 5: " "
                  LayoutBR {BR} at (64,1422) size 1x0
                  LayoutInline {A} at (0,0) size 41x15 [color=#0000EE]
                    LayoutText {#text} at (0,1425) size 41x15
                      text run at (0,1425) width 41: "RIGHT"
                  LayoutText {#text} at (40,1425) size 5x15
                    text run at (40,1425) width 5: " "
                  LayoutBR {BR} at (44,1437) size 1x0
                  LayoutInline {A} at (0,0) size 48x15 [color=#0000EE]
                    LayoutText {#text} at (0,1440) size 48x15
                      text run at (0,1440) width 48: "ROUND"
                  LayoutText {#text} at (47,1440) size 5x15
                    text run at (47,1440) width 5: " "
                  LayoutBR {BR} at (51,1452) size 1x0
                  LayoutInline {A} at (0,0) size 41x15 [color=#0000EE]
                    LayoutText {#text} at (0,1455) size 41x15
                      text run at (0,1455) width 41: "RTRIM"
                  LayoutText {#text} at (40,1455) size 5x15
                    text run at (40,1455) width 5: " "
                  LayoutBR {BR} at (44,1467) size 1x0
                  LayoutInline {A} at (0,0) size 156x15 [color=#0000EE]
                    LayoutText {#text} at (0,1470) size 156x15
                      text run at (0,1470) width 156: "RTRIM (SYSFUN schema)"
                  LayoutText {#text} at (155,1470) size 4x15
                    text run at (155,1470) width 4: " "
                  LayoutBR {BR} at (158,1482) size 1x0
                  LayoutInline {A} at (0,0) size 56x15 [color=#0000EE]
                    LayoutText {#text} at (0,1485) size 56x15
                      text run at (0,1485) width 56: "SECOND"
                  LayoutText {#text} at (55,1485) size 5x15
                    text run at (55,1485) width 5: " "
                  LayoutBR {BR} at (59,1497) size 1x0
                  LayoutInline {A} at (0,0) size 32x15 [color=#0000EE]
                    LayoutText {#text} at (0,1500) size 32x15
                      text run at (0,1500) width 32: "SIGN"
                  LayoutText {#text} at (31,1500) size 5x15
                    text run at (31,1500) width 5: " "
                  LayoutBR {BR} at (35,1512) size 1x0
                  LayoutInline {A} at (0,0) size 22x15 [color=#0000EE]
                    LayoutText {#text} at (0,1515) size 22x15
                      text run at (0,1515) width 22: "SIN"
                  LayoutText {#text} at (21,1515) size 5x15
                    text run at (21,1515) width 5: " "
                  LayoutBR {BR} at (25,1527) size 1x0
                  LayoutInline {A} at (0,0) size 64x15 [color=#0000EE]
                    LayoutText {#text} at (0,1530) size 64x15
                      text run at (0,1530) width 64: "SMALLINT"
                  LayoutText {#text} at (63,1530) size 5x15
                    text run at (63,1530) width 5: " "
                  LayoutBR {BR} at (67,1542) size 1x0
                  LayoutInline {A} at (0,0) size 65x15 [color=#0000EE]
                    LayoutText {#text} at (0,1545) size 65x15
                      text run at (0,1545) width 65: "SOUNDEX"
                  LayoutText {#text} at (64,1545) size 4x15
                    text run at (64,1545) width 4: " "
                  LayoutBR {BR} at (67,1557) size 1x0
                  LayoutInline {A} at (0,0) size 44x15 [color=#0000EE]
                    LayoutText {#text} at (0,1560) size 44x15
                      text run at (0,1560) width 44: "SPACE"
                  LayoutText {#text} at (43,1560) size 4x15
                    text run at (43,1560) width 4: " "
                  LayoutBR {BR} at (46,1572) size 1x0
                  LayoutInline {A} at (0,0) size 36x15 [color=#0000EE]
                    LayoutText {#text} at (0,1575) size 36x15
                      text run at (0,1575) width 36: "SQRT"
                  LayoutText {#text} at (35,1575) size 5x15
                    text run at (35,1575) width 5: " "
                  LayoutBR {BR} at (39,1587) size 1x0
                  LayoutInline {A} at (0,0) size 53x15 [color=#0000EE]
                    LayoutText {#text} at (0,1590) size 53x15
                      text run at (0,1590) width 53: "SUBSTR"
                  LayoutText {#text} at (52,1590) size 5x15
                    text run at (52,1590) width 5: " "
                  LayoutBR {BR} at (56,1602) size 1x0
                  LayoutInline {A} at (0,0) size 85x15 [color=#0000EE]
                    LayoutText {#text} at (0,1605) size 85x15
                      text run at (0,1605) width 85: "TABLE_NAME"
                  LayoutText {#text} at (85,1605) size 4x15
                    text run at (85,1605) width 4: " "
                  LayoutBR {BR} at (88,1617) size 1x0
                  LayoutInline {A} at (0,0) size 104x15 [color=#0000EE]
                    LayoutText {#text} at (0,1620) size 104x15
                      text run at (0,1620) width 104: "TABLE_SCHEMA"
                  LayoutText {#text} at (103,1620) size 4x15
                    text run at (103,1620) width 4: " "
                  LayoutBR {BR} at (106,1632) size 1x0
                  LayoutInline {A} at (0,0) size 26x15 [color=#0000EE]
                    LayoutText {#text} at (0,1635) size 26x15
                      text run at (0,1635) width 26: "TAN"
                  LayoutText {#text} at (25,1635) size 4x15
                    text run at (25,1635) width 4: " "
                  LayoutBR {BR} at (28,1647) size 1x0
                  LayoutInline {A} at (0,0) size 32x15 [color=#0000EE]
                    LayoutText {#text} at (0,1650) size 32x15
                      text run at (0,1650) width 32: "TIME"
                  LayoutText {#text} at (31,1650) size 4x15
                    text run at (31,1650) width 4: " "
                  LayoutBR {BR} at (34,1662) size 1x0
                  LayoutInline {A} at (0,0) size 75x15 [color=#0000EE]
                    LayoutText {#text} at (0,1665) size 75x15
                      text run at (0,1665) width 75: "TIMESTAMP"
                  LayoutText {#text} at (74,1665) size 5x15
                    text run at (74,1665) width 5: " "
                  LayoutBR {BR} at (78,1677) size 1x0
                  LayoutInline {A} at (0,0) size 105x15 [color=#0000EE]
                    LayoutText {#text} at (0,1680) size 105x15
                      text run at (0,1680) width 105: "TIMESTAMP_ISO"
                  LayoutText {#text} at (104,1680) size 5x15
                    text run at (104,1680) width 5: " "
                  LayoutBR {BR} at (108,1692) size 1x0
                  LayoutInline {A} at (0,0) size 104x15 [color=#0000EE]
                    LayoutText {#text} at (0,1695) size 104x15
                      text run at (0,1695) width 104: "TIMESTAMPDIFF"
                  LayoutText {#text} at (103,1695) size 5x15
                    text run at (103,1695) width 5: " "
                  LayoutBR {BR} at (107,1707) size 1x0
                  LayoutInline {A} at (0,0) size 76x15 [color=#0000EE]
                    LayoutText {#text} at (0,1710) size 76x15
                      text run at (0,1710) width 76: "TRANSLATE"
                  LayoutText {#text} at (75,1710) size 5x15
                    text run at (75,1710) width 5: " "
                  LayoutBR {BR} at (79,1722) size 1x0
                  LayoutInline {A} at (0,0) size 135x15 [color=#0000EE]
                    LayoutText {#text} at (0,1725) size 135x15
                      text run at (0,1725) width 135: "TRUNCATE or TRUNC"
                  LayoutText {#text} at (134,1725) size 4x15
                    text run at (134,1725) width 4: " "
                  LayoutBR {BR} at (137,1737) size 1x0
                  LayoutInline {A} at (0,0) size 55x15 [color=#0000EE]
                    LayoutText {#text} at (0,1740) size 55x15
                      text run at (0,1740) width 55: "TYPE_ID"
                  LayoutText {#text} at (54,1740) size 4x15
                    text run at (54,1740) width 4: " "
                  LayoutBR {BR} at (57,1752) size 1x0
                  LayoutInline {A} at (0,0) size 79x15 [color=#0000EE]
                    LayoutText {#text} at (0,1755) size 79x15
                      text run at (0,1755) width 79: "TYPE_NAME"
                  LayoutText {#text} at (78,1755) size 5x15
                    text run at (78,1755) width 5: " "
                  LayoutBR {BR} at (82,1767) size 1x0
                  LayoutInline {A} at (0,0) size 97x15 [color=#0000EE]
                    LayoutText {#text} at (0,1770) size 97x15
                      text run at (0,1770) width 97: "TYPE_SCHEMA"
                  LayoutText {#text} at (96,1770) size 5x15
                    text run at (96,1770) width 5: " "
                  LayoutBR {BR} at (100,1782) size 1x0
                  LayoutInline {A} at (0,0) size 109x15 [color=#0000EE]
                    LayoutText {#text} at (0,1785) size 109x15
                      text run at (0,1785) width 109: "UCASE or UPPER"
                  LayoutText {#text} at (108,1785) size 4x15
                    text run at (108,1785) width 4: " "
                  LayoutBR {BR} at (111,1797) size 1x0
                  LayoutInline {A} at (0,0) size 42x15 [color=#0000EE]
                    LayoutText {#text} at (0,1800) size 42x15
                      text run at (0,1800) width 42: "VALUE"
                  LayoutText {#text} at (41,1800) size 5x15
                    text run at (41,1800) width 5: " "
                  LayoutBR {BR} at (45,1812) size 1x0
                  LayoutInline {A} at (0,0) size 63x15 [color=#0000EE]
                    LayoutText {#text} at (0,1815) size 63x15
                      text run at (0,1815) width 63: "VARCHAR"
                  LayoutText {#text} at (62,1815) size 5x15
                    text run at (62,1815) width 5: " "
                  LayoutBR {BR} at (66,1827) size 1x0
                  LayoutInline {A} at (0,0) size 85x15 [color=#0000EE]
                    LayoutText {#text} at (0,1830) size 85x15
                      text run at (0,1830) width 85: "VARGRAPHIC"
                  LayoutText {#text} at (84,1830) size 5x15
                    text run at (84,1830) width 5: " "
                  LayoutBR {BR} at (88,1842) size 1x0
                  LayoutInline {A} at (0,0) size 39x15 [color=#0000EE]
                    LayoutText {#text} at (0,1845) size 39x15
                      text run at (0,1845) width 39: "WEEK"
                  LayoutText {#text} at (38,1845) size 4x15
                    text run at (38,1845) width 4: " "
                  LayoutBR {BR} at (41,1857) size 1x0
                  LayoutInline {A} at (0,0) size 68x15 [color=#0000EE]
                    LayoutText {#text} at (0,1860) size 68x15
                      text run at (0,1860) width 68: "WEEK_ISO"
                  LayoutText {#text} at (67,1860) size 5x15
                    text run at (67,1860) width 5: " "
                  LayoutBR {BR} at (71,1872) size 1x0
                  LayoutInline {A} at (0,0) size 36x15 [color=#0000EE]
                    LayoutText {#text} at (0,1875) size 36x15
                      text run at (0,1875) width 36: "YEAR"
                  LayoutText {#text} at (35,1875) size 4x15
                    text run at (35,1875) width 4: " "
                  LayoutBR {BR} at (39,1887) size 0x0
                  LayoutInline {A} at (0,0) size 92x15 [color=#0000EE]
                    LayoutText {#text} at (0,1890) size 92x15
                      text run at (0,1890) width 92: "Table Functions"
                  LayoutText {#text} at (91,1890) size 4x15
                    text run at (91,1890) width 4: " "
                  LayoutBR {BR} at (94,1902) size 1x0
                  LayoutInline {A} at (0,0) size 151x15 [color=#0000EE]
                    LayoutText {#text} at (0,1905) size 151x15
                      text run at (0,1905) width 151: "SQLCACHE_SNAPSHOT"
                  LayoutText {#text} at (150,1905) size 4x15
                    text run at (150,1905) width 4: " "
                  LayoutBR {BR} at (153,1917) size 1x0
                  LayoutInline {A} at (0,0) size 137x15 [color=#0000EE]
                    LayoutText {#text} at (0,1920) size 137x15
                      text run at (0,1920) width 137: "User-Defined Functions"
                  LayoutText {#text} at (0,0) size 0x0
                LayoutBlockFlow {P} at (0,5161.17) size 707x345
                  LayoutInline {B} at (0,0) size 49x15
                    LayoutInline {A} at (0,0) size 49x15 [color=#0000EE]
                      LayoutText {#text} at (0,0) size 49x15
                        text run at (0,0) width 49: "Queries"
                  LayoutBR {BR} at (48,12) size 1x0
                  LayoutBR {BR} at (0,15) size 0x15
                  LayoutInline {A} at (0,0) size 55x15 [color=#0000EE]
                    LayoutText {#text} at (0,30) size 55x15
                      text run at (0,30) width 55: "subselect"
                  LayoutText {#text} at (54,30) size 5x15
                    text run at (54,30) width 5: " "
                  LayoutBR {BR} at (58,42) size 1x0
                  LayoutInline {A} at (0,0) size 76x15 [color=#0000EE]
                    LayoutText {#text} at (0,45) size 76x15
                      text run at (0,45) width 76: "select-clause"
                  LayoutText {#text} at (75,45) size 5x15
                    text run at (75,45) width 5: " "
                  LayoutBR {BR} at (79,57) size 1x0
                  LayoutInline {A} at (0,0) size 68x15 [color=#0000EE]
                    LayoutText {#text} at (0,60) size 68x15
                      text run at (0,60) width 68: "from-clause"
                  LayoutText {#text} at (67,60) size 5x15
                    text run at (67,60) width 5: " "
                  LayoutBR {BR} at (71,72) size 1x0
                  LayoutInline {A} at (0,0) size 88x15 [color=#0000EE]
                    LayoutText {#text} at (0,75) size 88x15
                      text run at (0,75) width 88: "table-reference"
                  LayoutText {#text} at (87,75) size 5x15
                    text run at (87,75) width 5: " "
                  LayoutBR {BR} at (91,87) size 1x0
                  LayoutInline {A} at (0,0) size 68x15 [color=#0000EE]
                    LayoutText {#text} at (0,90) size 68x15
                      text run at (0,90) width 68: "joined-table"
                  LayoutText {#text} at (67,90) size 4x15
                    text run at (67,90) width 4: " "
                  LayoutBR {BR} at (70,102) size 1x0
                  LayoutInline {A} at (0,0) size 78x15 [color=#0000EE]
                    LayoutText {#text} at (0,105) size 78x15
                      text run at (0,105) width 78: "where-clause"
                  LayoutText {#text} at (77,105) size 4x15
                    text run at (77,105) width 4: " "
                  LayoutBR {BR} at (80,117) size 1x0
                  LayoutInline {A} at (0,0) size 94x15 [color=#0000EE]
                    LayoutText {#text} at (0,120) size 94x15
                      text run at (0,120) width 94: "group-by-clause"
                  LayoutText {#text} at (93,120) size 4x15
                    text run at (93,120) width 4: " "
                  LayoutBR {BR} at (96,132) size 1x0
                  LayoutInline {A} at (0,0) size 81x15 [color=#0000EE]
                    LayoutText {#text} at (0,135) size 81x15
                      text run at (0,135) width 81: "having-clause"
                  LayoutText {#text} at (80,135) size 4x15
                    text run at (80,135) width 4: " "
                  LayoutBR {BR} at (83,147) size 1x0
                  LayoutInline {A} at (0,0) size 137x15 [color=#0000EE]
                    LayoutText {#text} at (0,150) size 137x15
                      text run at (0,150) width 137: "Examples of subselects"
                  LayoutText {#text} at (136,150) size 5x15
                    text run at (136,150) width 5: " "
                  LayoutBR {BR} at (140,162) size 1x0
                  LayoutInline {A} at (0,0) size 106x15 [color=#0000EE]
                    LayoutText {#text} at (0,165) size 106x15
                      text run at (0,165) width 106: "Examples of Joins"
                  LayoutText {#text} at (105,165) size 5x15
                    text run at (105,165) width 5: " "
                  LayoutBR {BR} at (109,177) size 1x0
                  LayoutInline {A} at (0,0) size 266x15 [color=#0000EE]
                    LayoutText {#text} at (0,180) size 266x15
                      text run at (0,180) width 266: "Examples of Grouping Sets, Cube, and Rollup"
                  LayoutText {#text} at (265,180) size 5x15
                    text run at (265,180) width 5: " "
                  LayoutBR {BR} at (269,192) size 1x0
                  LayoutInline {A} at (0,0) size 51x15 [color=#0000EE]
                    LayoutText {#text} at (0,195) size 51x15
                      text run at (0,195) width 51: "fullselect"
                  LayoutText {#text} at (50,195) size 5x15
                    text run at (50,195) width 5: " "
                  LayoutBR {BR} at (54,207) size 1x0
                  LayoutInline {A} at (0,0) size 137x15 [color=#0000EE]
                    LayoutText {#text} at (0,210) size 137x15
                      text run at (0,210) width 137: "Examples of a fullselect"
                  LayoutText {#text} at (136,210) size 5x15
                    text run at (136,210) width 5: " "
                  LayoutBR {BR} at (140,222) size 1x0
                  LayoutInline {A} at (0,0) size 96x15 [color=#0000EE]
                    LayoutText {#text} at (0,225) size 96x15
                      text run at (0,225) width 96: "select-statement"
                  LayoutText {#text} at (95,225) size 4x15
                    text run at (95,225) width 4: " "
                  LayoutBR {BR} at (98,237) size 1x0
                  LayoutInline {A} at (0,0) size 150x15 [color=#0000EE]
                    LayoutText {#text} at (0,240) size 150x15
                      text run at (0,240) width 150: "common-table-expression"
                  LayoutText {#text} at (149,240) size 5x15
                    text run at (149,240) width 5: " "
                  LayoutBR {BR} at (153,252) size 1x0
                  LayoutInline {A} at (0,0) size 91x15 [color=#0000EE]
                    LayoutText {#text} at (0,255) size 91x15
                      text run at (0,255) width 91: "order-by-clause"
                  LayoutText {#text} at (90,255) size 4x15
                    text run at (90,255) width 4: " "
                  LayoutBR {BR} at (93,267) size 1x0
                  LayoutInline {A} at (0,0) size 82x15 [color=#0000EE]
                    LayoutText {#text} at (0,270) size 82x15
                      text run at (0,270) width 82: "update-clause"
                  LayoutText {#text} at (81,270) size 5x15
                    text run at (81,270) width 5: " "
                  LayoutBR {BR} at (85,282) size 1x0
                  LayoutInline {A} at (0,0) size 97x15 [color=#0000EE]
                    LayoutText {#text} at (0,285) size 97x15
                      text run at (0,285) width 97: "read-only-clause"
                  LayoutText {#text} at (96,285) size 4x15
                    text run at (96,285) width 4: " "
                  LayoutBR {BR} at (99,297) size 1x0
                  LayoutInline {A} at (0,0) size 96x15 [color=#0000EE]
                    LayoutText {#text} at (0,300) size 96x15
                      text run at (0,300) width 96: "fetch-first-clause"
                  LayoutText {#text} at (95,300) size 4x15
                    text run at (95,300) width 4: " "
                  LayoutBR {BR} at (98,312) size 1x0
                  LayoutInline {A} at (0,0) size 110x15 [color=#0000EE]
                    LayoutText {#text} at (0,315) size 110x15
                      text run at (0,315) width 110: "optimize-for-clause"
                  LayoutText {#text} at (109,315) size 5x15
                    text run at (109,315) width 5: " "
                  LayoutBR {BR} at (113,327) size 1x0
                  LayoutInline {A} at (0,0) size 182x15 [color=#0000EE]
                    LayoutText {#text} at (0,330) size 182x15
                      text run at (0,330) width 182: "Examples of a select-statement"
                  LayoutText {#text} at (0,0) size 0x0
                LayoutBlockFlow {P} at (0,5519.17) size 707x1770
                  LayoutInline {B} at (0,0) size 101x15
                    LayoutInline {A} at (0,0) size 101x15 [color=#0000EE]
                      LayoutText {#text} at (0,0) size 101x15
                        text run at (0,0) width 101: "SQL Statements"
                  LayoutBR {BR} at (100,12) size 1x0
                  LayoutBR {BR} at (0,15) size 0x15
                  LayoutInline {A} at (0,0) size 198x15 [color=#0000EE]
                    LayoutText {#text} at (0,30) size 198x15
                      text run at (0,30) width 198: "How SQL Statements Are Invoked"
                  LayoutText {#text} at (197,30) size 5x15
                    text run at (197,30) width 5: " "
                  LayoutBR {BR} at (201,42) size 1x0
                  LayoutInline {A} at (0,0) size 292x15 [color=#0000EE]
                    LayoutText {#text} at (0,45) size 292x15
                      text run at (0,45) width 292: "Embedding a Statement in an Application Program"
                  LayoutText {#text} at (291,45) size 5x15
                    text run at (291,45) width 5: " "
                  LayoutBR {BR} at (295,57) size 1x0
                  LayoutInline {A} at (0,0) size 208x15 [color=#0000EE]
                    LayoutText {#text} at (0,60) size 208x15
                      text run at (0,60) width 208: "Dynamic Preparation and Execution"
                  LayoutText {#text} at (207,60) size 4x15
                    text run at (207,60) width 4: " "
                  LayoutBR {BR} at (211,72) size 0x0
                  LayoutInline {A} at (0,0) size 220x15 [color=#0000EE]
                    LayoutText {#text} at (0,75) size 220x15
                      text run at (0,75) width 220: "Static Invocation of a select-statement"
                  LayoutText {#text} at (219,75) size 5x15
                    text run at (219,75) width 5: " "
                  LayoutBR {BR} at (223,87) size 1x0
                  LayoutInline {A} at (0,0) size 238x15 [color=#0000EE]
                    LayoutText {#text} at (0,90) size 238x15
                      text run at (0,90) width 238: "Dynamic Invocation of a select-statement"
                  LayoutText {#text} at (237,90) size 5x15
                    text run at (237,90) width 5: " "
                  LayoutBR {BR} at (241,102) size 1x0
                  LayoutInline {A} at (0,0) size 123x15 [color=#0000EE]
                    LayoutText {#text} at (0,105) size 123x15
                      text run at (0,105) width 123: "Interactive Invocation"
                  LayoutText {#text} at (122,105) size 5x15
                    text run at (122,105) width 5: " "
                  LayoutBR {BR} at (126,117) size 1x0
                  LayoutInline {A} at (0,0) size 110x15 [color=#0000EE]
                    LayoutText {#text} at (0,120) size 110x15
                      text run at (0,120) width 110: "SQL Return Codes"
                  LayoutText {#text} at (109,120) size 5x15
                    text run at (109,120) width 5: " "
                  LayoutBR {BR} at (113,132) size 1x0
                  LayoutInline {A} at (0,0) size 64x15 [color=#0000EE]
                    LayoutText {#text} at (0,135) size 64x15
                      text run at (0,135) width 64: "SQLCODE"
                  LayoutText {#text} at (63,135) size 5x15
                    text run at (63,135) width 5: " "
                  LayoutBR {BR} at (67,147) size 1x0
                  LayoutInline {A} at (0,0) size 66x15 [color=#0000EE]
                    LayoutText {#text} at (0,150) size 66x15
                      text run at (0,150) width 66: "SQLSTATE"
                  LayoutText {#text} at (65,150) size 5x15
                    text run at (65,150) width 5: " "
                  LayoutBR {BR} at (69,162) size 1x0
                  LayoutInline {A} at (0,0) size 93x15 [color=#0000EE]
                    LayoutText {#text} at (0,165) size 93x15
                      text run at (0,165) width 93: "SQL Comments"
                  LayoutText {#text} at (92,165) size 5x15
                    text run at (92,165) width 5: " "
                  LayoutBR {BR} at (96,177) size 1x0
                  LayoutInline {A} at (0,0) size 133x15 [color=#0000EE]
                    LayoutText {#text} at (0,180) size 133x15
                      text run at (0,180) width 133: "ALTER BUFFERPOOL"
                  LayoutText {#text} at (132,180) size 5x15
                    text run at (132,180) width 5: " "
                  LayoutBR {BR} at (136,192) size 1x0
                  LayoutInline {A} at (0,0) size 114x15 [color=#0000EE]
                    LayoutText {#text} at (0,195) size 114x15
                      text run at (0,195) width 114: "ALTER NICKNAME"
                  LayoutText {#text} at (113,195) size 4x15
                    text run at (113,195) width 4: " "
                  LayoutBR {BR} at (116,207) size 1x0
                  LayoutInline {A} at (0,0) size 130x15 [color=#0000EE]
                    LayoutText {#text} at (0,210) size 130x15
                      text run at (0,210) width 130: "ALTER NODEGROUP"
                  LayoutText {#text} at (129,210) size 5x15
                    text run at (129,210) width 5: " "
                  LayoutBR {BR} at (133,222) size 1x0
                  LayoutInline {A} at (0,0) size 98x15 [color=#0000EE]
                    LayoutText {#text} at (0,225) size 98x15
                      text run at (0,225) width 98: "ALTER SERVER"
                  LayoutText {#text} at (97,225) size 5x15
                    text run at (97,225) width 5: " "
                  LayoutBR {BR} at (101,237) size 1x0
                  LayoutInline {A} at (0,0) size 85x15 [color=#0000EE]
                    LayoutText {#text} at (0,240) size 85x15
                      text run at (0,240) width 85: "ALTER TABLE"
                  LayoutText {#text} at (84,240) size 5x15
                    text run at (84,240) width 5: " "
                  LayoutBR {BR} at (88,252) size 1x0
                  LayoutInline {A} at (0,0) size 128x15 [color=#0000EE]
                    LayoutText {#text} at (0,255) size 128x15
                      text run at (0,255) width 128: "ALTER TABLESPACE"
                  LayoutText {#text} at (127,255) size 5x15
                    text run at (127,255) width 5: " "
                  LayoutBR {BR} at (131,267) size 1x0
                  LayoutInline {A} at (0,0) size 151x15 [color=#0000EE]
                    LayoutText {#text} at (0,270) size 151x15
                      text run at (0,270) width 151: "ALTER TYPE (Structured)"
                  LayoutText {#text} at (150,270) size 5x15
                    text run at (150,270) width 5: " "
                  LayoutBR {BR} at (154,282) size 1x0
                  LayoutInline {A} at (0,0) size 145x15 [color=#0000EE]
                    LayoutText {#text} at (0,285) size 145x15
                      text run at (0,285) width 145: "ALTER USER MAPPING"
                  LayoutText {#text} at (144,285) size 4x15
                    text run at (144,285) width 4: " "
                  LayoutBR {BR} at (147,297) size 1x0
                  LayoutInline {A} at (0,0) size 78x15 [color=#0000EE]
                    LayoutText {#text} at (0,300) size 78x15
                      text run at (0,300) width 78: "ALTER VIEW"
                  LayoutText {#text} at (77,300) size 5x15
                    text run at (77,300) width 5: " "
                  LayoutBR {BR} at (81,312) size 1x0
                  LayoutInline {A} at (0,0) size 167x15 [color=#0000EE]
                    LayoutText {#text} at (0,315) size 167x15
                      text run at (0,315) width 167: "BEGIN DECLARE SECTION"
                  LayoutText {#text} at (166,315) size 5x15
                    text run at (166,315) width 5: " "
                  LayoutBR {BR} at (170,327) size 1x0
                  LayoutInline {A} at (0,0) size 33x15 [color=#0000EE]
                    LayoutText {#text} at (0,330) size 33x15
                      text run at (0,330) width 33: "CALL"
                  LayoutText {#text} at (32,330) size 5x15
                    text run at (32,330) width 5: " "
                  LayoutBR {BR} at (36,342) size 1x0
                  LayoutInline {A} at (0,0) size 45x15 [color=#0000EE]
                    LayoutText {#text} at (0,345) size 45x15
                      text run at (0,345) width 45: "CLOSE"
                  LayoutText {#text} at (44,345) size 4x15
                    text run at (44,345) width 4: " "
                  LayoutBR {BR} at (47,357) size 1x0
                  LayoutInline {A} at (0,0) size 91x15 [color=#0000EE]
                    LayoutText {#text} at (0,360) size 91x15
                      text run at (0,360) width 91: "COMMENT ON"
                  LayoutText {#text} at (90,360) size 4x15
                    text run at (90,360) width 4: " "
                  LayoutBR {BR} at (93,372) size 1x0
                  LayoutInline {A} at (0,0) size 53x15 [color=#0000EE]
                    LayoutText {#text} at (0,375) size 53x15
                      text run at (0,375) width 53: "COMMIT"
                  LayoutText {#text} at (52,375) size 5x15
                    text run at (52,375) width 5: " "
                  LayoutBR {BR} at (56,387) size 1x0
                  LayoutInline {A} at (0,0) size 169x15 [color=#0000EE]
                    LayoutText {#text} at (0,390) size 169x15
                      text run at (0,390) width 169: "Compound SQL (Embedded)"
                  LayoutText {#text} at (168,390) size 4x15
                    text run at (168,390) width 4: " "
                  LayoutBR {BR} at (171,402) size 1x0
                  LayoutInline {A} at (0,0) size 116x15 [color=#0000EE]
                    LayoutText {#text} at (0,405) size 116x15
                      text run at (0,405) width 116: "CONNECT (Type 1)"
                  LayoutText {#text} at (115,405) size 5x15
                    text run at (115,405) width 5: " "
                  LayoutBR {BR} at (119,417) size 1x0
                  LayoutInline {A} at (0,0) size 116x15 [color=#0000EE]
                    LayoutText {#text} at (0,420) size 116x15
                      text run at (0,420) width 116: "CONNECT (Type 2)"
                  LayoutText {#text} at (115,420) size 5x15
                    text run at (115,420) width 5: " "
                  LayoutBR {BR} at (119,432) size 1x0
                  LayoutInline {A} at (0,0) size 93x15 [color=#0000EE]
                    LayoutText {#text} at (0,435) size 93x15
                      text run at (0,435) width 93: "CREATE ALIAS"
                  LayoutText {#text} at (92,435) size 4x15
                    text run at (92,435) width 4: " "
                  LayoutBR {BR} at (95,447) size 1x0
                  LayoutInline {A} at (0,0) size 144x15 [color=#0000EE]
                    LayoutText {#text} at (0,450) size 144x15
                      text run at (0,450) width 144: "CREATE BUFFERPOOL"
                  LayoutText {#text} at (143,450) size 5x15
                    text run at (143,450) width 5: " "
                  LayoutBR {BR} at (147,462) size 1x0
                  LayoutInline {A} at (0,0) size 153x15 [color=#0000EE]
                    LayoutText {#text} at (0,465) size 153x15
                      text run at (0,465) width 153: "CREATE DISTINCT TYPE"
                  LayoutText {#text} at (152,465) size 5x15
                    text run at (152,465) width 5: " "
                  LayoutBR {BR} at (156,477) size 1x0
                  LayoutInline {A} at (0,0) size 164x15 [color=#0000EE]
                    LayoutText {#text} at (0,480) size 164x15
                      text run at (0,480) width 164: "CREATE EVENT MONITOR"
                  LayoutText {#text} at (163,480) size 5x15
                    text run at (163,480) width 5: " "
                  LayoutBR {BR} at (167,492) size 1x0
                  LayoutInline {A} at (0,0) size 123x15 [color=#0000EE]
                    LayoutText {#text} at (0,495) size 123x15
                      text run at (0,495) width 123: "CREATE FUNCTION"
                  LayoutText {#text} at (122,495) size 5x15
                    text run at (122,495) width 5: " "
                  LayoutBR {BR} at (126,507) size 1x0
                  LayoutInline {A} at (0,0) size 223x15 [color=#0000EE]
                    LayoutText {#text} at (0,510) size 223x15
                      text run at (0,510) width 223: "CREATE FUNCTION (External Scalar)"
                  LayoutText {#text} at (222,510) size 5x15
                    text run at (222,510) width 5: " "
                  LayoutBR {BR} at (226,522) size 1x0
                  LayoutInline {A} at (0,0) size 218x15 [color=#0000EE]
                    LayoutText {#text} at (0,525) size 218x15
                      text run at (0,525) width 218: "CREATE FUNCTION (External Table)"
                  LayoutText {#text} at (217,525) size 4x15
                    text run at (217,525) width 4: " "
                  LayoutBR {BR} at (220,537) size 1x0
                  LayoutInline {A} at (0,0) size 269x15 [color=#0000EE]
                    LayoutText {#text} at (0,540) size 269x15
                      text run at (0,540) width 269: "CREATE FUNCTION (OLE DB External Table)"
                  LayoutText {#text} at (268,540) size 5x15
                    text run at (268,540) width 5: " "
                  LayoutBR {BR} at (272,552) size 1x0
                  LayoutInline {A} at (0,0) size 248x15 [color=#0000EE]
                    LayoutText {#text} at (0,555) size 248x15
                      text run at (0,555) width 248: "CREATE FUNCTION (Source or Template)"
                  LayoutText {#text} at (247,555) size 5x15
                    text run at (247,555) width 5: " "
                  LayoutBR {BR} at (251,567) size 1x0
                  LayoutInline {A} at (0,0) size 284x15 [color=#0000EE]
                    LayoutText {#text} at (0,570) size 284x15
                      text run at (0,570) width 284: "CREATE FUNCTION (SQL Scalar, Table or Row)"
                  LayoutText {#text} at (283,570) size 5x15
                    text run at (283,570) width 5: " "
                  LayoutBR {BR} at (287,582) size 1x0
                  LayoutInline {A} at (0,0) size 187x15 [color=#0000EE]
                    LayoutText {#text} at (0,585) size 187x15
                      text run at (0,585) width 187: "CREATE FUNCTION MAPPING"
                  LayoutText {#text} at (186,585) size 4x15
                    text run at (186,585) width 4: " "
                  LayoutBR {BR} at (189,597) size 1x0
                  LayoutInline {A} at (0,0) size 96x15 [color=#0000EE]
                    LayoutText {#text} at (0,600) size 96x15
                      text run at (0,600) width 96: "CREATE INDEX"
                  LayoutText {#text} at (95,600) size 4x15
                    text run at (95,600) width 4: " "
                  LayoutBR {BR} at (98,612) size 1x0
                  LayoutInline {A} at (0,0) size 174x15 [color=#0000EE]
                    LayoutText {#text} at (0,615) size 174x15
                      text run at (0,615) width 174: "CREATE INDEX EXTENSION"
                  LayoutText {#text} at (173,615) size 5x15
                    text run at (173,615) width 5: " "
                  LayoutBR {BR} at (177,627) size 1x0
                  LayoutInline {A} at (0,0) size 112x15 [color=#0000EE]
                    LayoutText {#text} at (0,630) size 112x15
                      text run at (0,630) width 112: "CREATE METHOD"
                  LayoutText {#text} at (111,630) size 5x15
                    text run at (111,630) width 5: " "
                  LayoutBR {BR} at (115,642) size 1x0
                  LayoutInline {A} at (0,0) size 124x15 [color=#0000EE]
                    LayoutText {#text} at (0,645) size 124x15
                      text run at (0,645) width 124: "CREATE NICKNAME"
                  LayoutText {#text} at (123,645) size 5x15
                    text run at (123,645) width 5: " "
                  LayoutBR {BR} at (127,657) size 1x0
                  LayoutInline {A} at (0,0) size 141x15 [color=#0000EE]
                    LayoutText {#text} at (0,660) size 141x15
                      text run at (0,660) width 141: "CREATE NODEGROUP"
                  LayoutText {#text} at (140,660) size 5x15
                    text run at (140,660) width 5: " "
                  LayoutBR {BR} at (144,672) size 1x0
                  LayoutInline {A} at (0,0) size 139x15 [color=#0000EE]
                    LayoutText {#text} at (0,675) size 139x15
                      text run at (0,675) width 139: "CREATE PROCEDURE"
                  LayoutText {#text} at (138,675) size 5x15
                    text run at (138,675) width 5: " "
                  LayoutBR {BR} at (142,687) size 1x0
                  LayoutInline {A} at (0,0) size 111x15 [color=#0000EE]
                    LayoutText {#text} at (0,690) size 111x15
                      text run at (0,690) width 111: "CREATE SCHEMA"
                  LayoutText {#text} at (110,690) size 5x15
                    text run at (110,690) width 5: " "
                  LayoutBR {BR} at (114,702) size 1x0
                  LayoutInline {A} at (0,0) size 109x15 [color=#0000EE]
                    LayoutText {#text} at (0,705) size 109x15
                      text run at (0,705) width 109: "CREATE SERVER"
                  LayoutText {#text} at (108,705) size 5x15
                    text run at (108,705) width 5: " "
                  LayoutBR {BR} at (112,717) size 1x0
                  LayoutInline {A} at (0,0) size 96x15 [color=#0000EE]
                    LayoutText {#text} at (0,720) size 96x15
                      text run at (0,720) width 96: "CREATE TABLE"
                  LayoutText {#text} at (95,720) size 5x15
                    text run at (95,720) width 5: " "
                  LayoutBR {BR} at (99,732) size 1x0
                  LayoutInline {A} at (0,0) size 139x15 [color=#0000EE]
                    LayoutText {#text} at (0,735) size 139x15
                      text run at (0,735) width 139: "CREATE TABLESPACE"
                  LayoutText {#text} at (138,735) size 5x15
                    text run at (138,735) width 5: " "
                  LayoutBR {BR} at (142,747) size 1x0
                  LayoutInline {A} at (0,0) size 138x15 [color=#0000EE]
                    LayoutText {#text} at (0,750) size 138x15
                      text run at (0,750) width 138: "CREATE TRANSFORM"
                  LayoutText {#text} at (137,750) size 5x15
                    text run at (137,750) width 5: " "
                  LayoutBR {BR} at (141,762) size 1x0
                  LayoutInline {A} at (0,0) size 115x15 [color=#0000EE]
                    LayoutText {#text} at (0,765) size 115x15
                      text run at (0,765) width 115: "CREATE TRIGGER"
                  LayoutText {#text} at (114,765) size 5x15
                    text run at (114,765) width 5: " "
                  LayoutBR {BR} at (118,777) size 1x0
                  LayoutInline {A} at (0,0) size 162x15 [color=#0000EE]
                    LayoutText {#text} at (0,780) size 162x15
                      text run at (0,780) width 162: "CREATE TYPE (Structured)"
                  LayoutText {#text} at (161,780) size 5x15
                    text run at (161,780) width 5: " "
                  LayoutBR {BR} at (165,792) size 1x0
                  LayoutInline {A} at (0,0) size 153x15 [color=#0000EE]
                    LayoutText {#text} at (0,795) size 153x15
                      text run at (0,795) width 153: "CREATE TYPE MAPPING"
                  LayoutText {#text} at (152,795) size 5x15
                    text run at (152,795) width 5: " "
                  LayoutBR {BR} at (156,807) size 1x0
                  LayoutInline {A} at (0,0) size 156x15 [color=#0000EE]
                    LayoutText {#text} at (0,810) size 156x15
                      text run at (0,810) width 156: "CREATE USER MAPPING"
                  LayoutText {#text} at (155,810) size 4x15
                    text run at (155,810) width 4: " "
                  LayoutBR {BR} at (158,822) size 1x0
                  LayoutInline {A} at (0,0) size 89x15 [color=#0000EE]
                    LayoutText {#text} at (0,825) size 89x15
                      text run at (0,825) width 89: "CREATE VIEW"
                  LayoutText {#text} at (88,825) size 5x15
                    text run at (88,825) width 5: " "
                  LayoutBR {BR} at (92,837) size 1x0
                  LayoutInline {A} at (0,0) size 122x15 [color=#0000EE]
                    LayoutText {#text} at (0,840) size 122x15
                      text run at (0,840) width 122: "CREATE WRAPPER"
                  LayoutText {#text} at (121,840) size 4x15
                    text run at (121,840) width 4: " "
                  LayoutBR {BR} at (124,852) size 1x0
                  LayoutInline {A} at (0,0) size 122x15 [color=#0000EE]
                    LayoutText {#text} at (0,855) size 122x15
                      text run at (0,855) width 122: "DECLARE CURSOR"
                  LayoutText {#text} at (121,855) size 4x15
                    text run at (121,855) width 4: " "
                  LayoutBR {BR} at (124,867) size 1x0
                  LayoutInline {A} at (0,0) size 247x15 [color=#0000EE]
                    LayoutText {#text} at (0,870) size 247x15
                      text run at (0,870) width 247: "DECLARE GLOBAL TEMPORARY TABLE"
                  LayoutText {#text} at (246,870) size 5x15
                    text run at (246,870) width 5: " "
                  LayoutBR {BR} at (250,882) size 1x0
                  LayoutInline {A} at (0,0) size 51x15 [color=#0000EE]
                    LayoutText {#text} at (0,885) size 51x15
                      text run at (0,885) width 51: "DELETE"
                  LayoutText {#text} at (50,885) size 5x15
                    text run at (50,885) width 5: " "
                  LayoutBR {BR} at (54,897) size 1x0
                  LayoutInline {A} at (0,0) size 67x15 [color=#0000EE]
                    LayoutText {#text} at (0,900) size 67x15
                      text run at (0,900) width 67: "DESCRIBE"
                  LayoutText {#text} at (66,900) size 5x15
                    text run at (66,900) width 5: " "
                  LayoutBR {BR} at (70,912) size 1x0
                  LayoutInline {A} at (0,0) size 86x15 [color=#0000EE]
                    LayoutText {#text} at (0,915) size 86x15
                      text run at (0,915) width 86: "DISCONNECT"
                  LayoutText {#text} at (85,915) size 5x15
                    text run at (85,915) width 5: " "
                  LayoutBR {BR} at (89,927) size 1x0
                  LayoutInline {A} at (0,0) size 38x15 [color=#0000EE]
                    LayoutText {#text} at (0,930) size 38x15
                      text run at (0,930) width 38: "DROP"
                  LayoutText {#text} at (37,930) size 5x15
                    text run at (37,930) width 5: " "
                  LayoutBR {BR} at (41,942) size 1x0
                  LayoutInline {A} at (0,0) size 154x15 [color=#0000EE]
                    LayoutText {#text} at (0,945) size 154x15
                      text run at (0,945) width 154: "END DECLARE SECTION"
                  LayoutText {#text} at (153,945) size 5x15
                    text run at (153,945) width 5: " "
                  LayoutBR {BR} at (157,957) size 1x0
                  LayoutInline {A} at (0,0) size 62x15 [color=#0000EE]
                    LayoutText {#text} at (0,960) size 62x15
                      text run at (0,960) width 62: "EXECUTE"
                  LayoutText {#text} at (61,960) size 4x15
                    text run at (61,960) width 4: " "
                  LayoutBR {BR} at (65,972) size 0x0
                  LayoutInline {A} at (0,0) size 137x15 [color=#0000EE]
                    LayoutText {#text} at (0,975) size 137x15
                      text run at (0,975) width 137: "EXECUTE IMMEDIATE"
                  LayoutText {#text} at (136,975) size 4x15
                    text run at (136,975) width 4: " "
                  LayoutBR {BR} at (139,987) size 1x0
                  LayoutInline {A} at (0,0) size 55x15 [color=#0000EE]
                    LayoutText {#text} at (0,990) size 55x15
                      text run at (0,990) width 55: "EXPLAIN"
                  LayoutText {#text} at (54,990) size 5x15
                    text run at (54,990) width 5: " "
                  LayoutBR {BR} at (58,1002) size 1x0
                  LayoutInline {A} at (0,0) size 44x15 [color=#0000EE]
                    LayoutText {#text} at (0,1005) size 44x15
                      text run at (0,1005) width 44: "FETCH"
                  LayoutText {#text} at (43,1005) size 4x15
                    text run at (43,1005) width 4: " "
                  LayoutBR {BR} at (46,1017) size 1x0
                  LayoutInline {A} at (0,0) size 155x15 [color=#0000EE]
                    LayoutText {#text} at (0,1020) size 155x15
                      text run at (0,1020) width 155: "FLUSH EVENT MONITOR"
                  LayoutText {#text} at (154,1020) size 4x15
                    text run at (154,1020) width 4: " "
                  LayoutBR {BR} at (157,1032) size 1x0
                  LayoutInline {A} at (0,0) size 100x15 [color=#0000EE]
                    LayoutText {#text} at (0,1035) size 100x15
                      text run at (0,1035) width 100: "FREE LOCATOR"
                  LayoutText {#text} at (99,1035) size 5x15
                    text run at (99,1035) width 5: " "
                  LayoutBR {BR} at (103,1047) size 1x0
                  LayoutInline {A} at (0,0) size 179x15 [color=#0000EE]
                    LayoutText {#text} at (0,1050) size 179x15
                      text run at (0,1050) width 179: "GRANT (Database Authorities)"
                  LayoutText {#text} at (178,1050) size 5x15
                    text run at (178,1050) width 5: " "
                  LayoutBR {BR} at (182,1062) size 1x0
                  LayoutInline {A} at (0,0) size 150x15 [color=#0000EE]
                    LayoutText {#text} at (0,1065) size 150x15
                      text run at (0,1065) width 150: "GRANT (Index Privileges)"
                  LayoutText {#text} at (149,1065) size 5x15
                    text run at (149,1065) width 5: " "
                  LayoutBR {BR} at (153,1077) size 1x0
                  LayoutInline {A} at (0,0) size 169x15 [color=#0000EE]
                    LayoutText {#text} at (0,1080) size 169x15
                      text run at (0,1080) width 169: "GRANT (Package Privileges)"
                  LayoutText {#text} at (168,1080) size 4x15
                    text run at (168,1080) width 4: " "
                  LayoutBR {BR} at (171,1092) size 1x0
                  LayoutInline {A} at (0,0) size 166x15 [color=#0000EE]
                    LayoutText {#text} at (0,1095) size 166x15
                      text run at (0,1095) width 166: "GRANT (Schema Privileges)"
                  LayoutText {#text} at (165,1095) size 5x15
                    text run at (165,1095) width 5: " "
                  LayoutBR {BR} at (169,1107) size 1x0
                  LayoutInline {A} at (0,0) size 157x15 [color=#0000EE]
                    LayoutText {#text} at (0,1110) size 157x15
                      text run at (0,1110) width 157: "GRANT (Server Privileges)"
                  LayoutText {#text} at (156,1110) size 4x15
                    text run at (156,1110) width 4: " "
                  LayoutBR {BR} at (159,1122) size 1x0
                  LayoutInline {A} at (0,0) size 264x15 [color=#0000EE]
                    LayoutText {#text} at (0,1125) size 264x15
                      text run at (0,1125) width 264: "GRANT (Table, View, or Nickname Privileges)"
                  LayoutText {#text} at (263,1125) size 5x15
                    text run at (263,1125) width 5: " "
                  LayoutBR {BR} at (267,1137) size 1x0
                  LayoutInline {A} at (0,0) size 190x15 [color=#0000EE]
                    LayoutText {#text} at (0,1140) size 190x15
                      text run at (0,1140) width 190: "GRANT (Table Space Privileges)"
                  LayoutText {#text} at (189,1140) size 4x15
                    text run at (189,1140) width 4: " "
                  LayoutBR {BR} at (192,1152) size 1x0
                  LayoutInline {A} at (0,0) size 58x15 [color=#0000EE]
                    LayoutText {#text} at (0,1155) size 58x15
                      text run at (0,1155) width 58: "INCLUDE"
                  LayoutText {#text} at (57,1155) size 4x15
                    text run at (57,1155) width 4: " "
                  LayoutBR {BR} at (60,1167) size 1x0
                  LayoutInline {A} at (0,0) size 48x15 [color=#0000EE]
                    LayoutText {#text} at (0,1170) size 48x15
                      text run at (0,1170) width 48: "INSERT"
                  LayoutText {#text} at (47,1170) size 5x15
                    text run at (47,1170) width 5: " "
                  LayoutBR {BR} at (51,1182) size 1x0
                  LayoutInline {A} at (0,0) size 80x15 [color=#0000EE]
                    LayoutText {#text} at (0,1185) size 80x15
                      text run at (0,1185) width 80: "LOCK TABLE"
                  LayoutText {#text} at (79,1185) size 4x15
                    text run at (79,1185) width 4: " "
                  LayoutBR {BR} at (82,1197) size 1x0
                  LayoutInline {A} at (0,0) size 37x15 [color=#0000EE]
                    LayoutText {#text} at (0,1200) size 37x15
                      text run at (0,1200) width 37: "OPEN"
                  LayoutText {#text} at (36,1200) size 5x15
                    text run at (36,1200) width 5: " "
                  LayoutBR {BR} at (40,1212) size 1x0
                  LayoutInline {A} at (0,0) size 62x15 [color=#0000EE]
                    LayoutText {#text} at (0,1215) size 62x15
                      text run at (0,1215) width 62: "PREPARE"
                  LayoutText {#text} at (61,1215) size 4x15
                    text run at (61,1215) width 4: " "
                  LayoutBR {BR} at (64,1227) size 1x0
                  LayoutInline {A} at (0,0) size 106x15 [color=#0000EE]
                    LayoutText {#text} at (0,1230) size 106x15
                      text run at (0,1230) width 106: "REFRESH TABLE"
                  LayoutText {#text} at (105,1230) size 5x15
                    text run at (105,1230) width 5: " "
                  LayoutBR {BR} at (109,1242) size 1x0
                  LayoutInline {A} at (0,0) size 138x15 [color=#0000EE]
                    LayoutText {#text} at (0,1245) size 138x15
                      text run at (0,1245) width 138: "RELEASE (Connection)"
                  LayoutText {#text} at (138,1245) size 4x15
                    text run at (138,1245) width 4: " "
                  LayoutBR {BR} at (141,1257) size 1x0
                  LayoutInline {A} at (0,0) size 138x15 [color=#0000EE]
                    LayoutText {#text} at (0,1260) size 138x15
                      text run at (0,1260) width 138: "RELEASE SAVEPOINT"
                  LayoutText {#text} at (137,1260) size 4x15
                    text run at (137,1260) width 4: " "
                  LayoutBR {BR} at (140,1272) size 1x0
                  LayoutInline {A} at (0,0) size 100x15 [color=#0000EE]
                    LayoutText {#text} at (0,1275) size 100x15
                      text run at (0,1275) width 100: "RENAME TABLE"
                  LayoutText {#text} at (99,1275) size 5x15
                    text run at (99,1275) width 5: " "
                  LayoutBR {BR} at (103,1287) size 1x0
                  LayoutInline {A} at (0,0) size 143x15 [color=#0000EE]
                    LayoutText {#text} at (0,1290) size 143x15
                      text run at (0,1290) width 143: "RENAME TABLESPACE"
                  LayoutText {#text} at (142,1290) size 5x15
                    text run at (142,1290) width 5: " "
                  LayoutBR {BR} at (146,1302) size 1x0
                  LayoutInline {A} at (0,0) size 188x15 [color=#0000EE]
                    LayoutText {#text} at (0,1305) size 188x15
                      text run at (0,1305) width 188: "REVOKE (Database Authorities)"
                  LayoutText {#text} at (187,1305) size 4x15
                    text run at (187,1305) width 4: " "
                  LayoutBR {BR} at (190,1317) size 1x0
                  LayoutInline {A} at (0,0) size 159x15 [color=#0000EE]
                    LayoutText {#text} at (0,1320) size 159x15
                      text run at (0,1320) width 159: "REVOKE (Index Privileges)"
                  LayoutText {#text} at (158,1320) size 4x15
                    text run at (158,1320) width 4: " "
                  LayoutBR {BR} at (161,1332) size 1x0
                  LayoutInline {A} at (0,0) size 177x15 [color=#0000EE]
                    LayoutText {#text} at (0,1335) size 177x15
                      text run at (0,1335) width 177: "REVOKE (Package Privileges)"
                  LayoutText {#text} at (177,1335) size 4x15
                    text run at (177,1335) width 4: " "
                  LayoutBR {BR} at (180,1347) size 1x0
                  LayoutInline {A} at (0,0) size 175x15 [color=#0000EE]
                    LayoutText {#text} at (0,1350) size 175x15
                      text run at (0,1350) width 175: "REVOKE (Schema Privileges)"
                  LayoutText {#text} at (174,1350) size 4x15
                    text run at (174,1350) width 4: " "
                  LayoutBR {BR} at (177,1362) size 1x0
                  LayoutInline {A} at (0,0) size 165x15 [color=#0000EE]
                    LayoutText {#text} at (0,1365) size 165x15
                      text run at (0,1365) width 165: "REVOKE (Server Privileges)"
                  LayoutText {#text} at (164,1365) size 5x15
                    text run at (164,1365) width 5: " "
                  LayoutBR {BR} at (168,1377) size 1x0
                  LayoutInline {A} at (0,0) size 273x15 [color=#0000EE]
                    LayoutText {#text} at (0,1380) size 273x15
                      text run at (0,1380) width 273: "REVOKE (Table, View, or Nickname Privileges)"
                  LayoutText {#text} at (272,1380) size 4x15
                    text run at (272,1380) width 4: " "
                  LayoutBR {BR} at (275,1392) size 1x0
                  LayoutInline {A} at (0,0) size 198x15 [color=#0000EE]
                    LayoutText {#text} at (0,1395) size 198x15
                      text run at (0,1395) width 198: "REVOKE (Table Space Privileges)"
                  LayoutText {#text} at (197,1395) size 5x15
                    text run at (197,1395) width 5: " "
                  LayoutBR {BR} at (201,1407) size 1x0
                  LayoutInline {A} at (0,0) size 70x15 [color=#0000EE]
                    LayoutText {#text} at (0,1410) size 70x15
                      text run at (0,1410) width 70: "ROLLBACK"
                  LayoutText {#text} at (69,1410) size 4x15
                    text run at (69,1410) width 4: " "
                  LayoutBR {BR} at (72,1422) size 1x0
                  LayoutInline {A} at (0,0) size 74x15 [color=#0000EE]
                    LayoutText {#text} at (0,1425) size 74x15
                      text run at (0,1425) width 74: "SAVEPOINT"
                  LayoutText {#text} at (73,1425) size 5x15
                    text run at (73,1425) width 5: " "
                  LayoutBR {BR} at (77,1437) size 1x0
                  LayoutInline {A} at (0,0) size 51x15 [color=#0000EE]
                    LayoutText {#text} at (0,1440) size 51x15
                      text run at (0,1440) width 51: "SELECT"
                  LayoutText {#text} at (50,1440) size 5x15
                    text run at (50,1440) width 5: " "
                  LayoutBR {BR} at (54,1452) size 1x0
                  LayoutInline {A} at (0,0) size 85x15 [color=#0000EE]
                    LayoutText {#text} at (0,1455) size 85x15
                      text run at (0,1455) width 85: "SELECT INTO"
                  LayoutText {#text} at (85,1455) size 4x15
                    text run at (85,1455) width 4: " "
                  LayoutBR {BR} at (88,1467) size 1x0
                  LayoutInline {A} at (0,0) size 117x15 [color=#0000EE]
                    LayoutText {#text} at (0,1470) size 117x15
                      text run at (0,1470) width 117: "SET CONNECTION"
                  LayoutText {#text} at (116,1470) size 4x15
                    text run at (116,1470) width 4: " "
                  LayoutBR {BR} at (119,1482) size 1x0
                  LayoutInline {A} at (0,0) size 291x15 [color=#0000EE]
                    LayoutText {#text} at (0,1485) size 291x15
                      text run at (0,1485) width 291: "SET CURRENT DEFAULT TRANSFORM GROUP"
                  LayoutText {#text} at (290,1485) size 5x15
                    text run at (290,1485) width 5: " "
                  LayoutBR {BR} at (294,1497) size 1x0
                  LayoutInline {A} at (0,0) size 151x15 [color=#0000EE]
                    LayoutText {#text} at (0,1500) size 151x15
                      text run at (0,1500) width 151: "SET CURRENT DEGREE"
                  LayoutText {#text} at (150,1500) size 5x15
                    text run at (150,1500) width 5: " "
                  LayoutBR {BR} at (154,1512) size 1x0
                  LayoutInline {A} at (0,0) size 194x15 [color=#0000EE]
                    LayoutText {#text} at (0,1515) size 194x15
                      text run at (0,1515) width 194: "SET CURRENT EXPLAIN MODE"
                  LayoutText {#text} at (193,1515) size 5x15
                    text run at (193,1515) width 5: " "
                  LayoutBR {BR} at (197,1527) size 1x0
                  LayoutInline {A} at (0,0) size 227x15 [color=#0000EE]
                    LayoutText {#text} at (0,1530) size 227x15
                      text run at (0,1530) width 227: "SET CURRENT EXPLAIN SNAPSHOT"
                  LayoutText {#text} at (226,1530) size 4x15
                    text run at (226,1530) width 4: " "
                  LayoutBR {BR} at (229,1542) size 1x0
                  LayoutInline {A} at (0,0) size 184x15 [color=#0000EE]
                    LayoutText {#text} at (0,1545) size 184x15
                      text run at (0,1545) width 184: "SET CURRENT PACKAGESET"
                  LayoutText {#text} at (183,1545) size 4x15
                    text run at (183,1545) width 4: " "
                  LayoutBR {BR} at (186,1557) size 1x0
                  LayoutInline {A} at (0,0) size 238x15 [color=#0000EE]
                    LayoutText {#text} at (0,1560) size 238x15
                      text run at (0,1560) width 238: "SET CURRENT QUERY OPTIMIZATION"
                  LayoutText {#text} at (237,1560) size 4x15
                    text run at (237,1560) width 4: " "
                  LayoutBR {BR} at (240,1572) size 1x0
                  LayoutInline {A} at (0,0) size 190x15 [color=#0000EE]
                    LayoutText {#text} at (0,1575) size 190x15
                      text run at (0,1575) width 190: "SET CURRENT REFRESH AGE"
                  LayoutText {#text} at (189,1575) size 4x15
                    text run at (189,1575) width 4: " "
                  LayoutBR {BR} at (192,1587) size 1x0
                  LayoutInline {A} at (0,0) size 181x15 [color=#0000EE]
                    LayoutText {#text} at (0,1590) size 181x15
                      text run at (0,1590) width 181: "SET EVENT MONITOR STATE"
                  LayoutText {#text} at (180,1590) size 5x15
                    text run at (180,1590) width 5: " "
                  LayoutBR {BR} at (184,1602) size 1x0
                  LayoutInline {A} at (0,0) size 99x15 [color=#0000EE]
                    LayoutText {#text} at (0,1605) size 99x15
                      text run at (0,1605) width 99: "SET INTEGRITY"
                  LayoutText {#text} at (98,1605) size 4x15
                    text run at (98,1605) width 4: " "
                  LayoutBR {BR} at (101,1617) size 1x0
                  LayoutInline {A} at (0,0) size 99x15 [color=#0000EE]
                    LayoutText {#text} at (0,1620) size 99x15
                      text run at (0,1620) width 99: "SET PASSTHRU"
                  LayoutText {#text} at (98,1620) size 5x15
                    text run at (98,1620) width 5: " "
                  LayoutBR {BR} at (102,1632) size 1x0
                  LayoutInline {A} at (0,0) size 62x15 [color=#0000EE]
                    LayoutText {#text} at (0,1635) size 62x15
                      text run at (0,1635) width 62: "SET PATH"
                  LayoutText {#text} at (61,1635) size 5x15
                    text run at (61,1635) width 5: " "
                  LayoutBR {BR} at (65,1647) size 1x0
                  LayoutInline {A} at (0,0) size 85x15 [color=#0000EE]
                    LayoutText {#text} at (0,1650) size 85x15
                      text run at (0,1650) width 85: "SET SCHEMA"
                  LayoutText {#text} at (84,1650) size 5x15
                    text run at (84,1650) width 5: " "
                  LayoutBR {BR} at (88,1662) size 1x0
                  LayoutInline {A} at (0,0) size 136x15 [color=#0000EE]
                    LayoutText {#text} at (0,1665) size 136x15
                      text run at (0,1665) width 136: "SET SERVER OPTION"
                  LayoutText {#text} at (135,1665) size 5x15
                    text run at (135,1665) width 5: " "
                  LayoutBR {BR} at (139,1677) size 1x0
                  LayoutInline {A} at (0,0) size 132x15 [color=#0000EE]
                    LayoutText {#text} at (0,1680) size 132x15
                      text run at (0,1680) width 132: "SET transition-variable"
                  LayoutText {#text} at (131,1680) size 5x15
                    text run at (131,1680) width 5: " "
                  LayoutBR {BR} at (135,1692) size 1x0
                  LayoutInline {A} at (0,0) size 118x15 [color=#0000EE]
                    LayoutText {#text} at (0,1695) size 118x15
                      text run at (0,1695) width 118: "SIGNAL SQLSTATE"
                  LayoutText {#text} at (117,1695) size 4x15
                    text run at (117,1695) width 4: " "
                  LayoutBR {BR} at (120,1707) size 1x0
                  LayoutInline {A} at (0,0) size 52x15 [color=#0000EE]
                    LayoutText {#text} at (0,1710) size 52x15
                      text run at (0,1710) width 52: "UPDATE"
                  LayoutText {#text} at (51,1710) size 5x15
                    text run at (51,1710) width 5: " "
                  LayoutBR {BR} at (55,1722) size 1x0
                  LayoutInline {A} at (0,0) size 51x15 [color=#0000EE]
                    LayoutText {#text} at (0,1725) size 51x15
                      text run at (0,1725) width 51: "VALUES"
                  LayoutText {#text} at (50,1725) size 4x15
                    text run at (50,1725) width 4: " "
                  LayoutBR {BR} at (53,1737) size 1x0
                  LayoutInline {A} at (0,0) size 85x15 [color=#0000EE]
                    LayoutText {#text} at (0,1740) size 85x15
                      text run at (0,1740) width 85: "VALUES INTO"
                  LayoutText {#text} at (84,1740) size 5x15
                    text run at (84,1740) width 5: " "
                  LayoutBR {BR} at (88,1752) size 1x0
                  LayoutInline {A} at (0,0) size 76x15 [color=#0000EE]
                    LayoutText {#text} at (0,1755) size 76x15
                      text run at (0,1755) width 76: "WHENEVER"
                  LayoutText {#text} at (0,0) size 0x0
                LayoutBlockFlow {P} at (0,7302.17) size 707x300
                  LayoutInline {B} at (0,0) size 102x15
                    LayoutInline {A} at (0,0) size 102x15 [color=#0000EE]
                      LayoutText {#text} at (0,0) size 102x15
                        text run at (0,0) width 102: "SQL Procedures"
                  LayoutBR {BR} at (101,12) size 1x0
                  LayoutBR {BR} at (0,15) size 0x15
                  LayoutInline {A} at (0,0) size 153x15 [color=#0000EE]
                    LayoutText {#text} at (0,30) size 153x15
                      text run at (0,30) width 153: "SQL Procedure Statement"
                  LayoutText {#text} at (152,30) size 5x15
                    text run at (152,30) width 5: " "
                  LayoutBR {BR} at (156,42) size 1x0
                  LayoutInline {A} at (0,0) size 190x15 [color=#0000EE]
                    LayoutText {#text} at (0,45) size 190x15
                      text run at (0,45) width 190: "ALLOCATE CURSOR Statement"
                  LayoutText {#text} at (189,45) size 5x15
                    text run at (189,45) width 5: " "
                  LayoutBR {BR} at (193,57) size 1x0
                  LayoutInline {A} at (0,0) size 131x15 [color=#0000EE]
                    LayoutText {#text} at (0,60) size 131x15
                      text run at (0,60) width 131: "Assignment Statement"
                  LayoutText {#text} at (130,60) size 5x15
                    text run at (130,60) width 5: " "
                  LayoutBR {BR} at (134,72) size 1x0
                  LayoutInline {A} at (0,0) size 211x15 [color=#0000EE]
                    LayoutText {#text} at (0,75) size 211x15
                      text run at (0,75) width 211: "ASSOCIATE LOCATORS Statement"
                  LayoutText {#text} at (210,75) size 4x15
                    text run at (210,75) width 4: " "
                  LayoutBR {BR} at (213,87) size 1x0
                  LayoutInline {A} at (0,0) size 99x15 [color=#0000EE]
                    LayoutText {#text} at (0,90) size 99x15
                      text run at (0,90) width 99: "CASE Statement"
                  LayoutText {#text} at (98,90) size 4x15
                    text run at (98,90) width 4: " "
                  LayoutBR {BR} at (101,102) size 1x0
                  LayoutInline {A} at (0,0) size 127x15 [color=#0000EE]
                    LayoutText {#text} at (0,105) size 127x15
                      text run at (0,105) width 127: "Compound Statement"
                  LayoutText {#text} at (126,105) size 5x15
                    text run at (126,105) width 5: " "
                  LayoutBR {BR} at (130,117) size 1x0
                  LayoutInline {A} at (0,0) size 91x15 [color=#0000EE]
                    LayoutText {#text} at (0,120) size 91x15
                      text run at (0,120) width 91: "FOR Statement"
                  LayoutText {#text} at (90,120) size 4x15
                    text run at (90,120) width 4: " "
                  LayoutBR {BR} at (93,132) size 1x0
                  LayoutInline {A} at (0,0) size 183x15 [color=#0000EE]
                    LayoutText {#text} at (0,135) size 183x15
                      text run at (0,135) width 183: "GET DIAGNOSTICS Statement"
                  LayoutText {#text} at (182,135) size 5x15
                    text run at (182,135) width 5: " "
                  LayoutBR {BR} at (186,147) size 1x0
                  LayoutInline {A} at (0,0) size 101x15 [color=#0000EE]
                    LayoutText {#text} at (0,150) size 101x15
                      text run at (0,150) width 101: "GOTO Statement"
                  LayoutText {#text} at (100,150) size 5x15
                    text run at (100,150) width 5: " "
                  LayoutBR {BR} at (104,162) size 1x0
                  LayoutInline {A} at (0,0) size 75x15 [color=#0000EE]
                    LayoutText {#text} at (0,165) size 75x15
                      text run at (0,165) width 75: "IF Statement"
                  LayoutText {#text} at (74,165) size 5x15
                    text run at (74,165) width 5: " "
                  LayoutBR {BR} at (78,177) size 1x0
                  LayoutInline {A} at (0,0) size 117x15 [color=#0000EE]
                    LayoutText {#text} at (0,180) size 117x15
                      text run at (0,180) width 117: "ITERATE Statement"
                  LayoutText {#text} at (116,180) size 5x15
                    text run at (116,180) width 5: " "
                  LayoutBR {BR} at (120,192) size 1x0
                  LayoutInline {A} at (0,0) size 104x15 [color=#0000EE]
                    LayoutText {#text} at (0,195) size 104x15
                      text run at (0,195) width 104: "LEAVE Statement"
                  LayoutText {#text} at (103,195) size 5x15
                    text run at (103,195) width 5: " "
                  LayoutBR {BR} at (107,207) size 1x0
                  LayoutInline {A} at (0,0) size 99x15 [color=#0000EE]
                    LayoutText {#text} at (0,210) size 99x15
                      text run at (0,210) width 99: "LOOP Statement"
                  LayoutText {#text} at (98,210) size 5x15
                    text run at (98,210) width 5: " "
                  LayoutBR {BR} at (102,222) size 1x0
                  LayoutInline {A} at (0,0) size 114x15 [color=#0000EE]
                    LayoutText {#text} at (0,225) size 114x15
                      text run at (0,225) width 114: "REPEAT Statement"
                  LayoutText {#text} at (113,225) size 5x15
                    text run at (113,225) width 5: " "
                  LayoutBR {BR} at (117,237) size 1x0
                  LayoutInline {A} at (0,0) size 129x15 [color=#0000EE]
                    LayoutText {#text} at (0,240) size 129x15
                      text run at (0,240) width 129: "RESIGNAL Statement"
                  LayoutText {#text} at (128,240) size 5x15
                    text run at (128,240) width 5: " "
                  LayoutBR {BR} at (132,252) size 1x0
                  LayoutInline {A} at (0,0) size 118x15 [color=#0000EE]
                    LayoutText {#text} at (0,255) size 118x15
                      text run at (0,255) width 118: "RETURN Statement"
                  LayoutText {#text} at (117,255) size 4x15
                    text run at (117,255) width 4: " "
                  LayoutBR {BR} at (120,267) size 1x0
                  LayoutInline {A} at (0,0) size 111x15 [color=#0000EE]
                    LayoutText {#text} at (0,270) size 111x15
                      text run at (0,270) width 111: "SIGNAL Statement"
                  LayoutText {#text} at (110,270) size 5x15
                    text run at (110,270) width 5: " "
                  LayoutBR {BR} at (114,282) size 1x0
                  LayoutInline {A} at (0,0) size 105x15 [color=#0000EE]
                    LayoutText {#text} at (0,285) size 105x15
                      text run at (0,285) width 105: "WHILE Statement"
                  LayoutText {#text} at (0,0) size 0x0
                LayoutBlockFlow {P} at (0,7615.17) size 707x15
                  LayoutInline {B} at (0,0) size 149x15
                    LayoutInline {A} at (0,0) size 149x15 [color=#0000EE]
                      LayoutText {#text} at (0,0) size 149x15
                        text run at (0,0) width 149: "Appendix A. SQL Limits"
                  LayoutBR {BR} at (148,12) size 1x0
                LayoutBlockFlow {P} at (0,7643.17) size 707x90
                  LayoutInline {B} at (0,0) size 273x15
                    LayoutInline {A} at (0,0) size 273x15 [color=#0000EE]
                      LayoutText {#text} at (0,0) size 273x15
                        text run at (0,0) width 273: "Appendix B. SQL Communications (SQLCA)"
                  LayoutBR {BR} at (273,12) size 0x0
                  LayoutBR {BR} at (0,15) size 0x15
                  LayoutInline {A} at (0,0) size 188x15 [color=#0000EE]
                    LayoutText {#text} at (0,30) size 188x15
                      text run at (0,30) width 188: "Viewing the SQLCA Interactively"
                  LayoutText {#text} at (187,30) size 5x15
                    text run at (187,30) width 5: " "
                  LayoutBR {BR} at (191,42) size 1x0
                  LayoutInline {A} at (0,0) size 151x15 [color=#0000EE]
                    LayoutText {#text} at (0,45) size 151x15
                      text run at (0,45) width 151: "SQLCA Field Descriptions"
                  LayoutText {#text} at (150,45) size 5x15
                    text run at (150,45) width 5: " "
                  LayoutBR {BR} at (154,57) size 1x0
                  LayoutInline {A} at (0,0) size 141x15 [color=#0000EE]
                    LayoutText {#text} at (0,60) size 141x15
                      text run at (0,60) width 141: "Order of Error Reporting"
                  LayoutText {#text} at (140,60) size 4x15
                    text run at (140,60) width 4: " "
                  LayoutBR {BR} at (143,72) size 1x0
                  LayoutInline {A} at (0,0) size 323x15 [color=#0000EE]
                    LayoutText {#text} at (0,75) size 323x15
                      text run at (0,75) width 323: "DB2 Enterprise - Extended Edition Usage of the SQLCA"
                  LayoutText {#text} at (0,0) size 0x0
                LayoutBlockFlow {P} at (0,7746.17) size 707x165
                  LayoutInline {B} at (0,0) size 266x15
                    LayoutInline {A} at (0,0) size 266x15 [color=#0000EE]
                      LayoutText {#text} at (0,0) size 266x15
                        text run at (0,0) width 266: "Appendix C. SQL Descriptor Area (SQLDA)"
                  LayoutBR {BR} at (265,12) size 1x0
                  LayoutBR {BR} at (0,15) size 0x15
                  LayoutInline {A} at (0,0) size 104x15 [color=#0000EE]
                    LayoutText {#text} at (0,30) size 104x15
                      text run at (0,30) width 104: "Field Descriptions"
                  LayoutText {#text} at (103,30) size 4x15
                    text run at (103,30) width 4: " "
                  LayoutBR {BR} at (106,42) size 1x0
                  LayoutInline {A} at (0,0) size 165x15 [color=#0000EE]
                    LayoutText {#text} at (0,45) size 165x15
                      text run at (0,45) width 165: "Fields in the SQLDA Header"
                  LayoutText {#text} at (164,45) size 4x15
                    text run at (164,45) width 4: " "
                  LayoutBR {BR} at (167,57) size 1x0
                  LayoutInline {A} at (0,0) size 251x15 [color=#0000EE]
                    LayoutText {#text} at (0,60) size 251x15
                      text run at (0,60) width 251: "Fields in an Occurrence of a Base SQLVAR"
                  LayoutText {#text} at (250,60) size 4x15
                    text run at (250,60) width 4: " "
                  LayoutBR {BR} at (253,72) size 1x0
                  LayoutInline {A} at (0,0) size 283x15 [color=#0000EE]
                    LayoutText {#text} at (0,75) size 283x15
                      text run at (0,75) width 283: "Fields in an Occurrence of a Secondary SQLVAR"
                  LayoutText {#text} at (282,75) size 5x15
                    text run at (282,75) width 5: " "
                  LayoutBR {BR} at (286,87) size 1x0
                  LayoutInline {A} at (0,0) size 205x15 [color=#0000EE]
                    LayoutText {#text} at (0,90) size 205x15
                      text run at (0,90) width 205: "Effect of DESCRIBE on the SQLDA"
                  LayoutText {#text} at (204,90) size 5x15
                    text run at (204,90) width 5: " "
                  LayoutBR {BR} at (208,102) size 1x0
                  LayoutInline {A} at (0,0) size 140x15 [color=#0000EE]
                    LayoutText {#text} at (0,105) size 140x15
                      text run at (0,105) width 140: "SQLTYPE and SQLLEN"
                  LayoutText {#text} at (139,105) size 4x15
                    text run at (139,105) width 4: " "
                  LayoutBR {BR} at (142,117) size 1x0
                  LayoutInline {A} at (0,0) size 255x15 [color=#0000EE]
                    LayoutText {#text} at (0,120) size 255x15
                      text run at (0,120) width 255: "Unrecognized and Unsupported SQLTYPES"
                  LayoutText {#text} at (254,120) size 5x15
                    text run at (254,120) width 5: " "
                  LayoutBR {BR} at (258,132) size 1x0
                  LayoutInline {A} at (0,0) size 151x15 [color=#0000EE]
                    LayoutText {#text} at (0,135) size 151x15
                      text run at (0,135) width 151: "Packed Decimal Numbers"
                  LayoutText {#text} at (150,135) size 4x15
                    text run at (150,135) width 4: " "
                  LayoutBR {BR} at (153,147) size 1x0
                  LayoutInline {A} at (0,0) size 153x15 [color=#0000EE]
                    LayoutText {#text} at (0,150) size 153x15
                      text run at (0,150) width 153: "SQLLEN Field for Decimal"
                  LayoutText {#text} at (0,0) size 0x0
                LayoutBlockFlow {P} at (0,7924.17) size 707x1095
                  LayoutInline {B} at (0,0) size 168x15
                    LayoutInline {A} at (0,0) size 168x15 [color=#0000EE]
                      LayoutText {#text} at (0,0) size 168x15
                        text run at (0,0) width 168: "Appendix D. Catalog Views"
                  LayoutBR {BR} at (167,12) size 1x0
                  LayoutBR {BR} at (0,15) size 0x15
                  LayoutInline {A} at (0,0) size 146x15 [color=#0000EE]
                    LayoutText {#text} at (0,30) size 146x15
                      text run at (0,30) width 146: "Updatable Catalog Views"
                  LayoutText {#text} at (145,30) size 5x15
                    text run at (145,30) width 5: " "
                  LayoutBR {BR} at (149,42) size 1x0
                  LayoutInline {A} at (0,0) size 163x15 [color=#0000EE]
                    LayoutText {#text} at (0,45) size 163x15
                      text run at (0,45) width 163: "'Roadmap' to Catalog Views"
                  LayoutText {#text} at (162,45) size 4x15
                    text run at (162,45) width 4: " "
                  LayoutBR {BR} at (165,57) size 1x0
                  LayoutInline {A} at (0,0) size 226x15 [color=#0000EE]
                    LayoutText {#text} at (0,60) size 226x15
                      text run at (0,60) width 226: "'Roadmap' to Updatable Catalog Views"
                  LayoutText {#text} at (225,60) size 4x15
                    text run at (225,60) width 4: " "
                  LayoutBR {BR} at (228,72) size 1x0
                  LayoutInline {A} at (0,0) size 136x15 [color=#0000EE]
                    LayoutText {#text} at (0,75) size 136x15
                      text run at (0,75) width 136: "SYSIBM.SYSDUMMY1"
                  LayoutText {#text} at (135,75) size 4x15
                    text run at (135,75) width 4: " "
                  LayoutBR {BR} at (138,87) size 1x0
                  LayoutInline {A} at (0,0) size 134x15 [color=#0000EE]
                    LayoutText {#text} at (0,90) size 134x15
                      text run at (0,90) width 134: "SYSCAT.ATTRIBUTES"
                  LayoutText {#text} at (133,90) size 4x15
                    text run at (133,90) width 4: " "
                  LayoutBR {BR} at (136,102) size 1x0
                  LayoutInline {A} at (0,0) size 188x15 [color=#0000EE]
                    LayoutText {#text} at (0,105) size 188x15
                      text run at (0,105) width 188: "SYSCAT.BUFFERPOOLNODES"
                  LayoutText {#text} at (187,105) size 5x15
                    text run at (187,105) width 5: " "
                  LayoutBR {BR} at (191,117) size 1x0
                  LayoutInline {A} at (0,0) size 150x15 [color=#0000EE]
                    LayoutText {#text} at (0,120) size 150x15
                      text run at (0,120) width 150: "SYSCAT.BUFFERPOOLS"
                  LayoutText {#text} at (150,120) size 4x15
                    text run at (150,120) width 4: " "
                  LayoutBR {BR} at (153,132) size 1x0
                  LayoutInline {A} at (0,0) size 164x15 [color=#0000EE]
                    LayoutText {#text} at (0,135) size 164x15
                      text run at (0,135) width 164: "SYSCAT.CASTFUNCTIONS"
                  LayoutText {#text} at (163,135) size 5x15
                    text run at (163,135) width 5: " "
                  LayoutBR {BR} at (167,147) size 1x0
                  LayoutInline {A} at (0,0) size 108x15 [color=#0000EE]
                    LayoutText {#text} at (0,150) size 108x15
                      text run at (0,150) width 108: "SYSCAT.CHECKS"
                  LayoutText {#text} at (107,150) size 4x15
                    text run at (107,150) width 4: " "
                  LayoutBR {BR} at (111,162) size 0x0
                  LayoutInline {A} at (0,0) size 116x15 [color=#0000EE]
                    LayoutText {#text} at (0,165) size 116x15
                      text run at (0,165) width 116: "SYSCAT.COLAUTH"
                  LayoutText {#text} at (115,165) size 4x15
                    text run at (115,165) width 4: " "
                  LayoutBR {BR} at (118,177) size 1x0
                  LayoutInline {A} at (0,0) size 135x15 [color=#0000EE]
                    LayoutText {#text} at (0,180) size 135x15
                      text run at (0,180) width 135: "SYSCAT.COLCHECKS"
                  LayoutText {#text} at (134,180) size 4x15
                    text run at (134,180) width 4: " "
                  LayoutBR {BR} at (137,192) size 1x0
                  LayoutInline {A} at (0,0) size 110x15 [color=#0000EE]
                    LayoutText {#text} at (0,195) size 110x15
                      text run at (0,195) width 110: "SYSCAT.COLDIST"
                  LayoutText {#text} at (109,195) size 5x15
                    text run at (109,195) width 5: " "
                  LayoutBR {BR} at (113,207) size 1x0
                  LayoutInline {A} at (0,0) size 139x15 [color=#0000EE]
                    LayoutText {#text} at (0,210) size 139x15
                      text run at (0,210) width 139: "SYSCAT.COLOPTIONS"
                  LayoutText {#text} at (138,210) size 5x15
                    text run at (138,210) width 5: " "
                  LayoutBR {BR} at (142,222) size 1x0
                  LayoutInline {A} at (0,0) size 119x15 [color=#0000EE]
                    LayoutText {#text} at (0,225) size 119x15
                      text run at (0,225) width 119: "SYSCAT.COLUMNS"
                  LayoutText {#text} at (118,225) size 4x15
                    text run at (118,225) width 4: " "
                  LayoutBR {BR} at (121,237) size 1x0
                  LayoutInline {A} at (0,0) size 126x15 [color=#0000EE]
                    LayoutText {#text} at (0,240) size 126x15
                      text run at (0,240) width 126: "SYSCAT.CONSTDEP"
                  LayoutText {#text} at (125,240) size 5x15
                    text run at (125,240) width 5: " "
                  LayoutBR {BR} at (129,252) size 1x0
                  LayoutInline {A} at (0,0) size 128x15 [color=#0000EE]
                    LayoutText {#text} at (0,255) size 128x15
                      text run at (0,255) width 128: "SYSCAT.DATATYPES"
                  LayoutText {#text} at (127,255) size 5x15
                    text run at (127,255) width 5: " "
                  LayoutBR {BR} at (131,267) size 1x0
                  LayoutInline {A} at (0,0) size 107x15 [color=#0000EE]
                    LayoutText {#text} at (0,270) size 107x15
                      text run at (0,270) width 107: "SYSCAT.DBAUTH"
                  LayoutText {#text} at (106,270) size 5x15
                    text run at (106,270) width 5: " "
                  LayoutBR {BR} at (110,282) size 1x0
                  LayoutInline {A} at (0,0) size 167x15 [color=#0000EE]
                    LayoutText {#text} at (0,285) size 167x15
                      text run at (0,285) width 167: "SYSCAT.EVENTMONITORS"
                  LayoutText {#text} at (166,285) size 4x15
                    text run at (166,285) width 4: " "
                  LayoutBR {BR} at (169,297) size 1x0
                  LayoutInline {A} at (0,0) size 106x15 [color=#0000EE]
                    LayoutText {#text} at (0,300) size 106x15
                      text run at (0,300) width 106: "SYSCAT.EVENTS"
                  LayoutText {#text} at (105,300) size 4x15
                    text run at (105,300) width 4: " "
                  LayoutBR {BR} at (108,312) size 1x0
                  LayoutInline {A} at (0,0) size 174x15 [color=#0000EE]
                    LayoutText {#text} at (0,315) size 174x15
                      text run at (0,315) width 174: "SYSCAT.FULLHIERARCHIES"
                  LayoutText {#text} at (173,315) size 5x15
                    text run at (173,315) width 5: " "
                  LayoutBR {BR} at (177,327) size 1x0
                  LayoutInline {A} at (0,0) size 117x15 [color=#0000EE]
                    LayoutText {#text} at (0,330) size 117x15
                      text run at (0,330) width 117: "SYSCAT.FUNCDEP"
                  LayoutText {#text} at (116,330) size 4x15
                    text run at (116,330) width 4: " "
                  LayoutBR {BR} at (119,342) size 1x0
                  LayoutInline {A} at (0,0) size 176x15 [color=#0000EE]
                    LayoutText {#text} at (0,345) size 176x15
                      text run at (0,345) width 176: "SYSCAT.FUNCMAPOPTIONS"
                  LayoutText {#text} at (176,345) size 4x15
                    text run at (176,345) width 4: " "
                  LayoutBR {BR} at (179,357) size 1x0
                  LayoutInline {A} at (0,0) size 213x15 [color=#0000EE]
                    LayoutText {#text} at (0,360) size 213x15
                      text run at (0,360) width 213: "SYSCAT.FUNCMAPPARMOPTIONS"
                  LayoutText {#text} at (212,360) size 5x15
                    text run at (212,360) width 5: " "
                  LayoutBR {BR} at (216,372) size 1x0
                  LayoutInline {A} at (0,0) size 158x15 [color=#0000EE]
                    LayoutText {#text} at (0,375) size 158x15
                      text run at (0,375) width 158: "SYSCAT.FUNCMAPPINGS"
                  LayoutText {#text} at (157,375) size 5x15
                    text run at (157,375) width 5: " "
                  LayoutBR {BR} at (161,387) size 1x0
                  LayoutInline {A} at (0,0) size 135x15 [color=#0000EE]
                    LayoutText {#text} at (0,390) size 135x15
                      text run at (0,390) width 135: "SYSCAT.FUNCPARMS"
                  LayoutText {#text} at (134,390) size 5x15
                    text run at (134,390) width 5: " "
                  LayoutBR {BR} at (138,402) size 1x0
                  LayoutInline {A} at (0,0) size 130x15 [color=#0000EE]
                    LayoutText {#text} at (0,405) size 130x15
                      text run at (0,405) width 130: "SYSCAT.FUNCTIONS"
                  LayoutText {#text} at (129,405) size 4x15
                    text run at (129,405) width 4: " "
                  LayoutBR {BR} at (132,417) size 1x0
                  LayoutInline {A} at (0,0) size 143x15 [color=#0000EE]
                    LayoutText {#text} at (0,420) size 143x15
                      text run at (0,420) width 143: "SYSCAT.HIERARCHIES"
                  LayoutText {#text} at (142,420) size 4x15
                    text run at (142,420) width 4: " "
                  LayoutBR {BR} at (145,432) size 1x0
                  LayoutInline {A} at (0,0) size 129x15 [color=#0000EE]
                    LayoutText {#text} at (0,435) size 129x15
                      text run at (0,435) width 129: "SYSCAT.INDEXAUTH"
                  LayoutText {#text} at (128,435) size 4x15
                    text run at (128,435) width 4: " "
                  LayoutBR {BR} at (131,447) size 1x0
                  LayoutInline {A} at (0,0) size 147x15 [color=#0000EE]
                    LayoutText {#text} at (0,450) size 147x15
                      text run at (0,450) width 147: "SYSCAT.INDEXCOLUSE"
                  LayoutText {#text} at (146,450) size 5x15
                    text run at (146,450) width 5: " "
                  LayoutBR {BR} at (150,462) size 1x0
                  LayoutInline {A} at (0,0) size 120x15 [color=#0000EE]
                    LayoutText {#text} at (0,465) size 120x15
                      text run at (0,465) width 120: "SYSCAT.INDEXDEP"
                  LayoutText {#text} at (119,465) size 5x15
                    text run at (119,465) width 5: " "
                  LayoutBR {BR} at (123,477) size 1x0
                  LayoutInline {A} at (0,0) size 111x15 [color=#0000EE]
                    LayoutText {#text} at (0,480) size 111x15
                      text run at (0,480) width 111: "SYSCAT.INDEXES"
                  LayoutText {#text} at (110,480) size 4x15
                    text run at (110,480) width 4: " "
                  LayoutBR {BR} at (113,492) size 1x0
                  LayoutInline {A} at (0,0) size 152x15 [color=#0000EE]
                    LayoutText {#text} at (0,495) size 152x15
                      text run at (0,495) width 152: "SYSCAT.INDEXOPTIONS"
                  LayoutText {#text} at (151,495) size 5x15
                    text run at (151,495) width 5: " "
                  LayoutBR {BR} at (155,507) size 1x0
                  LayoutInline {A} at (0,0) size 133x15 [color=#0000EE]
                    LayoutText {#text} at (0,510) size 133x15
                      text run at (0,510) width 133: "SYSCAT.KEYCOLUSE"
                  LayoutText {#text} at (132,510) size 5x15
                    text run at (132,510) width 5: " "
                  LayoutBR {BR} at (136,522) size 1x0
                  LayoutInline {A} at (0,0) size 160x15 [color=#0000EE]
                    LayoutText {#text} at (0,525) size 160x15
                      text run at (0,525) width 160: "SYSCAT.NAMEMAPPINGS"
                  LayoutText {#text} at (159,525) size 4x15
                    text run at (159,525) width 4: " "
                  LayoutBR {BR} at (163,537) size 0x0
                  LayoutInline {A} at (0,0) size 165x15 [color=#0000EE]
                    LayoutText {#text} at (0,540) size 165x15
                      text run at (0,540) width 165: "SYSCAT.NODEGROUPDEF"
                  LayoutText {#text} at (164,540) size 5x15
                    text run at (164,540) width 5: " "
                  LayoutBR {BR} at (168,552) size 1x0
                  LayoutInline {A} at (0,0) size 148x15 [color=#0000EE]
                    LayoutText {#text} at (0,555) size 148x15
                      text run at (0,555) width 148: "SYSCAT.NODEGROUPS"
                  LayoutText {#text} at (147,555) size 4x15
                    text run at (147,555) width 4: " "
                  LayoutBR {BR} at (150,567) size 1x0
                  LayoutInline {A} at (0,0) size 151x15 [color=#0000EE]
                    LayoutText {#text} at (0,570) size 151x15
                      text run at (0,570) width 151: "SYSCAT.PACKAGEAUTH"
                  LayoutText {#text} at (150,570) size 5x15
                    text run at (150,570) width 5: " "
                  LayoutBR {BR} at (154,582) size 1x0
                  LayoutInline {A} at (0,0) size 142x15 [color=#0000EE]
                    LayoutText {#text} at (0,585) size 142x15
                      text run at (0,585) width 142: "SYSCAT.PACKAGEDEP"
                  LayoutText {#text} at (141,585) size 5x15
                    text run at (141,585) width 5: " "
                  LayoutBR {BR} at (145,597) size 1x0
                  LayoutInline {A} at (0,0) size 124x15 [color=#0000EE]
                    LayoutText {#text} at (0,600) size 124x15
                      text run at (0,600) width 124: "SYSCAT.PACKAGES"
                  LayoutText {#text} at (123,600) size 5x15
                    text run at (123,600) width 5: " "
                  LayoutBR {BR} at (127,612) size 1x0
                  LayoutInline {A} at (0,0) size 159x15 [color=#0000EE]
                    LayoutText {#text} at (0,615) size 159x15
                      text run at (0,615) width 159: "SYSCAT.PARTITIONMAPS"
                  LayoutText {#text} at (158,615) size 4x15
                    text run at (158,615) width 4: " "
                  LayoutBR {BR} at (161,627) size 1x0
                  LayoutInline {A} at (0,0) size 159x15 [color=#0000EE]
                    LayoutText {#text} at (0,630) size 159x15
                      text run at (0,630) width 159: "SYSCAT.PASSTHRUAUTH"
                  LayoutText {#text} at (158,630) size 5x15
                    text run at (158,630) width 5: " "
                  LayoutBR {BR} at (162,642) size 1x0
                  LayoutInline {A} at (0,0) size 145x15 [color=#0000EE]
                    LayoutText {#text} at (0,645) size 145x15
                      text run at (0,645) width 145: "SYSCAT.PROCEDURES"
                  LayoutText {#text} at (144,645) size 5x15
                    text run at (144,645) width 5: " "
                  LayoutBR {BR} at (148,657) size 1x0
                  LayoutInline {A} at (0,0) size 150x15 [color=#0000EE]
                    LayoutText {#text} at (0,660) size 150x15
                      text run at (0,660) width 150: "SYSCAT.PROCOPTIONS"
                  LayoutText {#text} at (149,660) size 4x15
                    text run at (149,660) width 4: " "
                  LayoutBR {BR} at (152,672) size 1x0
                  LayoutInline {A} at (0,0) size 186x15 [color=#0000EE]
                    LayoutText {#text} at (0,675) size 186x15
                      text run at (0,675) width 186: "SYSCAT.PROCPARMOPTIONS"
                  LayoutText {#text} at (185,675) size 5x15
                    text run at (185,675) width 5: " "
                  LayoutBR {BR} at (189,687) size 1x0
                  LayoutInline {A} at (0,0) size 137x15 [color=#0000EE]
                    LayoutText {#text} at (0,690) size 137x15
                      text run at (0,690) width 137: "SYSCAT.PROCPARMS"
                  LayoutText {#text} at (136,690) size 4x15
                    text run at (136,690) width 4: " "
                  LayoutBR {BR} at (139,702) size 1x0
                  LayoutInline {A} at (0,0) size 143x15 [color=#0000EE]
                    LayoutText {#text} at (0,705) size 143x15
                      text run at (0,705) width 143: "SYSCAT.REFERENCES"
                  LayoutText {#text} at (142,705) size 4x15
                    text run at (142,705) width 4: " "
                  LayoutBR {BR} at (145,717) size 1x0
                  LayoutInline {A} at (0,0) size 183x15 [color=#0000EE]
                    LayoutText {#text} at (0,720) size 183x15
                      text run at (0,720) width 183: "SYSCAT.REVTYPEMAPPINGS"
                  LayoutText {#text} at (182,720) size 5x15
                    text run at (182,720) width 5: " "
                  LayoutBR {BR} at (186,732) size 1x0
                  LayoutInline {A} at (0,0) size 145x15 [color=#0000EE]
                    LayoutText {#text} at (0,735) size 145x15
                      text run at (0,735) width 145: "SYSCAT.SCHEMAAUTH"
                  LayoutText {#text} at (144,735) size 4x15
                    text run at (144,735) width 4: " "
                  LayoutBR {BR} at (147,747) size 1x0
                  LayoutInline {A} at (0,0) size 124x15 [color=#0000EE]
                    LayoutText {#text} at (0,750) size 124x15
                      text run at (0,750) width 124: "SYSCAT.SCHEMATA"
                  LayoutText {#text} at (123,750) size 5x15
                    text run at (123,750) width 5: " "
                  LayoutBR {BR} at (127,762) size 1x0
                  LayoutInline {A} at (0,0) size 165x15 [color=#0000EE]
                    LayoutText {#text} at (0,765) size 165x15
                      text run at (0,765) width 165: "SYSCAT.SERVEROPTIONS"
                  LayoutText {#text} at (164,765) size 5x15
                    text run at (164,765) width 5: " "
                  LayoutBR {BR} at (168,777) size 1x0
                  LayoutInline {A} at (0,0) size 116x15 [color=#0000EE]
                    LayoutText {#text} at (0,780) size 116x15
                      text run at (0,780) width 116: "SYSCAT.SERVERS"
                  LayoutText {#text} at (115,780) size 4x15
                    text run at (115,780) width 4: " "
                  LayoutBR {BR} at (118,792) size 1x0
                  LayoutInline {A} at (0,0) size 139x15 [color=#0000EE]
                    LayoutText {#text} at (0,795) size 139x15
                      text run at (0,795) width 139: "SYSCAT.STATEMENTS"
                  LayoutText {#text} at (138,795) size 5x15
                    text run at (138,795) width 5: " "
                  LayoutBR {BR} at (142,807) size 1x0
                  LayoutInline {A} at (0,0) size 113x15 [color=#0000EE]
                    LayoutText {#text} at (0,810) size 113x15
                      text run at (0,810) width 113: "SYSCAT.TABAUTH"
                  LayoutText {#text} at (112,810) size 5x15
                    text run at (112,810) width 5: " "
                  LayoutBR {BR} at (116,822) size 1x0
                  LayoutInline {A} at (0,0) size 124x15 [color=#0000EE]
                    LayoutText {#text} at (0,825) size 124x15
                      text run at (0,825) width 124: "SYSCAT.TABCONST"
                  LayoutText {#text} at (123,825) size 4x15
                    text run at (123,825) width 4: " "
                  LayoutBR {BR} at (126,837) size 1x0
                  LayoutInline {A} at (0,0) size 103x15 [color=#0000EE]
                    LayoutText {#text} at (0,840) size 103x15
                      text run at (0,840) width 103: "SYSCAT.TABLES"
                  LayoutText {#text} at (102,840) size 4x15
                    text run at (102,840) width 4: " "
                  LayoutBR {BR} at (105,852) size 1x0
                  LayoutInline {A} at (0,0) size 146x15 [color=#0000EE]
                    LayoutText {#text} at (0,855) size 146x15
                      text run at (0,855) width 146: "SYSCAT.TABLESPACES"
                  LayoutText {#text} at (145,855) size 4x15
                    text run at (145,855) width 4: " "
                  LayoutBR {BR} at (148,867) size 1x0
                  LayoutInline {A} at (0,0) size 137x15 [color=#0000EE]
                    LayoutText {#text} at (0,870) size 137x15
                      text run at (0,870) width 137: "SYSCAT.TABOPTIONS"
                  LayoutText {#text} at (136,870) size 4x15
                    text run at (136,870) width 4: " "
                  LayoutBR {BR} at (139,882) size 1x0
                  LayoutInline {A} at (0,0) size 149x15 [color=#0000EE]
                    LayoutText {#text} at (0,885) size 149x15
                      text run at (0,885) width 149: "SYSCAT.TBSPACEAUTH"
                  LayoutText {#text} at (148,885) size 4x15
                    text run at (148,885) width 4: " "
                  LayoutBR {BR} at (151,897) size 1x0
                  LayoutInline {A} at (0,0) size 111x15 [color=#0000EE]
                    LayoutText {#text} at (0,900) size 111x15
                      text run at (0,900) width 111: "SYSCAT.TRIGDEP"
                  LayoutText {#text} at (111,900) size 4x15
                    text run at (111,900) width 4: " "
                  LayoutBR {BR} at (114,912) size 1x0
                  LayoutInline {A} at (0,0) size 122x15 [color=#0000EE]
                    LayoutText {#text} at (0,915) size 122x15
                      text run at (0,915) width 122: "SYSCAT.TRIGGERS"
                  LayoutText {#text} at (121,915) size 4x15
                    text run at (121,915) width 4: " "
                  LayoutBR {BR} at (124,927) size 1x0
                  LayoutInline {A} at (0,0) size 156x15 [color=#0000EE]
                    LayoutText {#text} at (0,930) size 156x15
                      text run at (0,930) width 156: "SYSCAT.TYPEMAPPINGS"
                  LayoutText {#text} at (155,930) size 5x15
                    text run at (155,930) width 5: " "
                  LayoutBR {BR} at (159,942) size 1x0
                  LayoutInline {A} at (0,0) size 148x15 [color=#0000EE]
                    LayoutText {#text} at (0,945) size 148x15
                      text run at (0,945) width 148: "SYSCAT.USEROPTIONS"
                  LayoutText {#text} at (147,945) size 5x15
                    text run at (147,945) width 5: " "
                  LayoutBR {BR} at (151,957) size 1x0
                  LayoutInline {A} at (0,0) size 114x15 [color=#0000EE]
                    LayoutText {#text} at (0,960) size 114x15
                      text run at (0,960) width 114: "SYSCAT.VIEWDEP"
                  LayoutText {#text} at (113,960) size 4x15
                    text run at (113,960) width 4: " "
                  LayoutBR {BR} at (116,972) size 1x0
                  LayoutInline {A} at (0,0) size 96x15 [color=#0000EE]
                    LayoutText {#text} at (0,975) size 96x15
                      text run at (0,975) width 96: "SYSCAT.VIEWS"
                  LayoutText {#text} at (95,975) size 4x15
                    text run at (95,975) width 4: " "
                  LayoutBR {BR} at (98,987) size 1x0
                  LayoutInline {A} at (0,0) size 151x15 [color=#0000EE]
                    LayoutText {#text} at (0,990) size 151x15
                      text run at (0,990) width 151: "SYSCAT.WRAPOPTIONS"
                  LayoutText {#text} at (150,990) size 5x15
                    text run at (150,990) width 5: " "
                  LayoutBR {BR} at (154,1002) size 1x0
                  LayoutInline {A} at (0,0) size 128x15 [color=#0000EE]
                    LayoutText {#text} at (0,1005) size 128x15
                      text run at (0,1005) width 128: "SYSCAT.WRAPPERS"
                  LayoutText {#text} at (127,1005) size 5x15
                    text run at (127,1005) width 5: " "
                  LayoutBR {BR} at (131,1017) size 1x0
                  LayoutInline {A} at (0,0) size 116x15 [color=#0000EE]
                    LayoutText {#text} at (0,1020) size 116x15
                      text run at (0,1020) width 116: "SYSSTAT.COLDIST"
                  LayoutText {#text} at (115,1020) size 5x15
                    text run at (115,1020) width 5: " "
                  LayoutBR {BR} at (119,1032) size 1x0
                  LayoutInline {A} at (0,0) size 125x15 [color=#0000EE]
                    LayoutText {#text} at (0,1035) size 125x15
                      text run at (0,1035) width 125: "SYSSTAT.COLUMNS"
                  LayoutText {#text} at (124,1035) size 5x15
                    text run at (124,1035) width 5: " "
                  LayoutBR {BR} at (128,1047) size 1x0
                  LayoutInline {A} at (0,0) size 136x15 [color=#0000EE]
                    LayoutText {#text} at (0,1050) size 136x15
                      text run at (0,1050) width 136: "SYSSTAT.FUNCTIONS"
                  LayoutText {#text} at (135,1050) size 4x15
                    text run at (135,1050) width 4: " "
                  LayoutBR {BR} at (138,1062) size 1x0
                  LayoutInline {A} at (0,0) size 117x15 [color=#0000EE]
                    LayoutText {#text} at (0,1065) size 117x15
                      text run at (0,1065) width 117: "SYSSTAT.INDEXES"
                  LayoutText {#text} at (116,1065) size 5x15
                    text run at (116,1065) width 5: " "
                  LayoutBR {BR} at (120,1077) size 1x0
                  LayoutInline {A} at (0,0) size 109x15 [color=#0000EE]
                    LayoutText {#text} at (0,1080) size 109x15
                      text run at (0,1080) width 109: "SYSSTAT.TABLES"
                  LayoutText {#text} at (0,0) size 0x0
                LayoutBlockFlow {P} at (0,9032.17) size 707x165
                  LayoutInline {B} at (0,0) size 360x15
                    LayoutInline {A} at (0,0) size 360x15 [color=#0000EE]
                      LayoutText {#text} at (0,0) size 360x15
                        text run at (0,0) width 360: "Appendix E. Catalog Views For Use With Structured Types"
                  LayoutBR {BR} at (359,12) size 1x0
                  LayoutBR {BR} at (0,15) size 0x15
                  LayoutInline {A} at (0,0) size 163x15 [color=#0000EE]
                    LayoutText {#text} at (0,30) size 163x15
                      text run at (0,30) width 163: "'Roadmap' to Catalog Views"
                  LayoutText {#text} at (162,30) size 4x15
                    text run at (162,30) width 4: " "
                  LayoutBR {BR} at (165,42) size 1x0
                  LayoutInline {A} at (0,0) size 110x15 [color=#0000EE]
                    LayoutText {#text} at (0,45) size 110x15
                      text run at (0,45) width 110: "OBJCAT.INDEXES"
                  LayoutText {#text} at (109,45) size 5x15
                    text run at (109,45) width 5: " "
                  LayoutBR {BR} at (113,57) size 1x0
                  LayoutInline {A} at (0,0) size 191x15 [color=#0000EE]
                    LayoutText {#text} at (0,60) size 191x15
                      text run at (0,60) width 191: "OBJCAT.INDEXEXPLOITRULES"
                  LayoutText {#text} at (190,60) size 5x15
                    text run at (190,60) width 5: " "
                  LayoutBR {BR} at (194,72) size 1x0
                  LayoutInline {A} at (0,0) size 195x15 [color=#0000EE]
                    LayoutText {#text} at (0,75) size 195x15
                      text run at (0,75) width 195: "OBJCAT.INDEXEXTENSIONDEP"
                  LayoutText {#text} at (194,75) size 4x15
                    text run at (194,75) width 4: " "
                  LayoutBR {BR} at (197,87) size 1x0
                  LayoutInline {A} at (0,0) size 233x15 [color=#0000EE]
                    LayoutText {#text} at (0,90) size 233x15
                      text run at (0,90) width 233: "OBJCAT.INDEXEXTENSIONMETHODS"
                  LayoutText {#text} at (232,90) size 4x15
                    text run at (232,90) width 4: " "
                  LayoutBR {BR} at (235,102) size 1x0
                  LayoutInline {A} at (0,0) size 213x15 [color=#0000EE]
                    LayoutText {#text} at (0,105) size 213x15
                      text run at (0,105) width 213: "OBJCAT.INDEXEXTENSIONPARMS"
                  LayoutText {#text} at (212,105) size 5x15
                    text run at (212,105) width 5: " "
                  LayoutBR {BR} at (216,117) size 1x0
                  LayoutInline {A} at (0,0) size 176x15 [color=#0000EE]
                    LayoutText {#text} at (0,120) size 176x15
                      text run at (0,120) width 176: "OBJCAT.INDEXEXTENSIONS"
                  LayoutText {#text} at (176,120) size 4x15
                    text run at (176,120) width 4: " "
                  LayoutBR {BR} at (179,132) size 1x0
                  LayoutInline {A} at (0,0) size 170x15 [color=#0000EE]
                    LayoutText {#text} at (0,135) size 170x15
                      text run at (0,135) width 170: "OBJCAT.PREDICATESPECS"
                  LayoutText {#text} at (169,135) size 5x15
                    text run at (169,135) width 5: " "
                  LayoutBR {BR} at (173,147) size 1x0
                  LayoutInline {A} at (0,0) size 144x15 [color=#0000EE]
                    LayoutText {#text} at (0,150) size 144x15
                      text run at (0,150) width 144: "OBJCAT.TRANSFORMS"
                  LayoutText {#text} at (0,0) size 0x0
                LayoutBlockFlow {P} at (0,9210.17) size 707x240
                  LayoutInline {B} at (0,0) size 196x15
                    LayoutInline {A} at (0,0) size 196x15 [color=#0000EE]
                      LayoutText {#text} at (0,0) size 196x15
                        text run at (0,0) width 196: "Appendix F. Federated Systems"
                  LayoutBR {BR} at (195,12) size 1x0
                  LayoutBR {BR} at (0,15) size 0x15
                  LayoutInline {A} at (0,0) size 77x15 [color=#0000EE]
                    LayoutText {#text} at (0,30) size 77x15
                      text run at (0,30) width 77: "Server Types"
                  LayoutText {#text} at (76,30) size 5x15
                    text run at (76,30) width 5: " "
                  LayoutBR {BR} at (80,42) size 1x0
                  LayoutInline {A} at (0,0) size 210x15 [color=#0000EE]
                    LayoutText {#text} at (0,45) size 210x15
                      text run at (0,45) width 210: "SQL Options for Federated Systems"
                  LayoutText {#text} at (209,45) size 5x15
                    text run at (209,45) width 5: " "
                  LayoutBR {BR} at (213,57) size 1x0
                  LayoutInline {A} at (0,0) size 94x15 [color=#0000EE]
                    LayoutText {#text} at (0,60) size 94x15
                      text run at (0,60) width 94: "Column Options"
                  LayoutText {#text} at (93,60) size 4x15
                    text run at (93,60) width 4: " "
                  LayoutBR {BR} at (96,72) size 1x0
                  LayoutInline {A} at (0,0) size 152x15 [color=#0000EE]
                    LayoutText {#text} at (0,75) size 152x15
                      text run at (0,75) width 152: "Function Mapping Options"
                  LayoutText {#text} at (151,75) size 5x15
                    text run at (151,75) width 5: " "
                  LayoutBR {BR} at (155,87) size 1x0
                  LayoutInline {A} at (0,0) size 87x15 [color=#0000EE]
                    LayoutText {#text} at (0,90) size 87x15
                      text run at (0,90) width 87: "Server Options"
                  LayoutText {#text} at (86,90) size 5x15
                    text run at (86,90) width 5: " "
                  LayoutBR {BR} at (90,102) size 1x0
                  LayoutInline {A} at (0,0) size 76x15 [color=#0000EE]
                    LayoutText {#text} at (0,105) size 76x15
                      text run at (0,105) width 76: "User Options"
                  LayoutText {#text} at (75,105) size 5x15
                    text run at (75,105) width 5: " "
                  LayoutBR {BR} at (79,117) size 1x0
                  LayoutInline {A} at (0,0) size 165x15 [color=#0000EE]
                    LayoutText {#text} at (0,120) size 165x15
                      text run at (0,120) width 165: "Default Data Type Mappings"
                  LayoutText {#text} at (164,120) size 4x15
                    text run at (164,120) width 4: " "
                  LayoutBR {BR} at (167,132) size 1x0
                  LayoutInline {A} at (0,0) size 678x15 [color=#0000EE]
                    LayoutText {#text} at (0,135) size 678x15
                      text run at (0,135) width 678: "Default Type Mappings between DB2 and DB2 Universal Database for OS/390 (and DB2 for MVS/ESA) Data Sources"
                  LayoutText {#text} at (677,135) size 5x15
                    text run at (677,135) width 5: " "
                  LayoutBR {BR} at (681,147) size 1x0
                  LayoutInline {A} at (0,0) size 645x15 [color=#0000EE]
                    LayoutText {#text} at (0,150) size 645x15
                      text run at (0,150) width 645: "Default Type Mappings between DB2 and 2 Universal Database for AS/400 (and DB2 for OS/400) Data Sources"
                  LayoutText {#text} at (644,150) size 5x15
                    text run at (644,150) width 5: " "
                  LayoutBR {BR} at (648,162) size 1x0
                  LayoutInline {A} at (0,0) size 365x15 [color=#0000EE]
                    LayoutText {#text} at (0,165) size 365x15
                      text run at (0,165) width 365: "Default Type Mappings between DB2 and Oracle Data Sources"
                  LayoutText {#text} at (364,165) size 4x15
                    text run at (364,165) width 4: " "
                  LayoutBR {BR} at (367,177) size 1x0
                  LayoutInline {A} at (0,0) size 534x15 [color=#0000EE]
                    LayoutText {#text} at (0,180) size 534x15
                      text run at (0,180) width 534: "Default Type Mappings between DB2 and DB2 for VM and VSE (and SQL/DS) Data Sources"
                  LayoutText {#text} at (533,180) size 4x15
                    text run at (533,180) width 4: " "
                  LayoutBR {BR} at (536,192) size 1x0
                  LayoutInline {A} at (0,0) size 194x15 [color=#0000EE]
                    LayoutText {#text} at (0,195) size 194x15
                      text run at (0,195) width 194: "Pass-Through Facility Processing"
                  LayoutText {#text} at (193,195) size 5x15
                    text run at (193,195) width 5: " "
                  LayoutBR {BR} at (197,207) size 1x0
                  LayoutInline {A} at (0,0) size 250x15 [color=#0000EE]
                    LayoutText {#text} at (0,210) size 250x15
                      text run at (0,210) width 250: "SQL Processing in Pass-Through Sessions"
                  LayoutText {#text} at (249,210) size 4x15
                    text run at (249,210) width 4: " "
                  LayoutBR {BR} at (252,222) size 1x0
                  LayoutInline {A} at (0,0) size 184x15 [color=#0000EE]
                    LayoutText {#text} at (0,225) size 184x15
                      text run at (0,225) width 184: "Considerations and Restrictions"
                  LayoutText {#text} at (0,0) size 0x0
                LayoutBlockFlow {P} at (0,9463.17) size 707x390
                  LayoutInline {B} at (0,0) size 232x15
                    LayoutInline {A} at (0,0) size 232x15 [color=#0000EE]
                      LayoutText {#text} at (0,0) size 232x15
                        text run at (0,0) width 232: "Appendix G. Sample Database Tables"
                  LayoutBR {BR} at (231,12) size 1x0
                  LayoutBR {BR} at (0,15) size 0x15
                  LayoutInline {A} at (0,0) size 130x15 [color=#0000EE]
                    LayoutText {#text} at (0,30) size 130x15
                      text run at (0,30) width 130: "The Sample Database"
                  LayoutText {#text} at (129,30) size 4x15
                    text run at (129,30) width 4: " "
                  LayoutBR {BR} at (132,42) size 1x0
                  LayoutInline {A} at (0,0) size 185x15 [color=#0000EE]
                    LayoutText {#text} at (0,45) size 185x15
                      text run at (0,45) width 185: "To Create the Sample Database"
                  LayoutText {#text} at (184,45) size 5x15
                    text run at (184,45) width 5: " "
                  LayoutBR {BR} at (188,57) size 1x0
                  LayoutInline {A} at (0,0) size 180x15 [color=#0000EE]
                    LayoutText {#text} at (0,60) size 180x15
                      text run at (0,60) width 180: "To Erase the Sample Database"
                  LayoutText {#text} at (179,60) size 5x15
                    text run at (179,60) width 5: " "
                  LayoutBR {BR} at (183,72) size 1x0
                  LayoutInline {A} at (0,0) size 105x15 [color=#0000EE]
                    LayoutText {#text} at (0,75) size 105x15
                      text run at (0,75) width 105: "CL_SCHED Table"
                  LayoutText {#text} at (104,75) size 4x15
                    text run at (104,75) width 4: " "
                  LayoutBR {BR} at (107,87) size 1x0
                  LayoutInline {A} at (0,0) size 124x15 [color=#0000EE]
                    LayoutText {#text} at (0,90) size 124x15
                      text run at (0,90) width 124: "DEPARTMENT Table"
                  LayoutText {#text} at (123,90) size 4x15
                    text run at (123,90) width 4: " "
                  LayoutBR {BR} at (126,102) size 1x0
                  LayoutInline {A} at (0,0) size 107x15 [color=#0000EE]
                    LayoutText {#text} at (0,105) size 107x15
                      text run at (0,105) width 107: "EMPLOYEE Table"
                  LayoutText {#text} at (106,105) size 4x15
                    text run at (106,105) width 4: " "
                  LayoutBR {BR} at (109,117) size 1x0
                  LayoutInline {A} at (0,0) size 97x15 [color=#0000EE]
                    LayoutText {#text} at (0,120) size 97x15
                      text run at (0,120) width 97: "EMP_ACT Table"
                  LayoutText {#text} at (96,120) size 4x15
                    text run at (96,120) width 4: " "
                  LayoutBR {BR} at (99,132) size 1x0
                  LayoutInline {A} at (0,0) size 117x15 [color=#0000EE]
                    LayoutText {#text} at (0,135) size 117x15
                      text run at (0,135) width 117: "EMP_PHOTO Table"
                  LayoutText {#text} at (116,135) size 4x15
                    text run at (116,135) width 4: " "
                  LayoutBR {BR} at (119,147) size 1x0
                  LayoutInline {A} at (0,0) size 126x15 [color=#0000EE]
                    LayoutText {#text} at (0,150) size 126x15
                      text run at (0,150) width 126: "EMP_RESUME Table"
                  LayoutText {#text} at (125,150) size 5x15
                    text run at (125,150) width 5: " "
                  LayoutBR {BR} at (129,162) size 1x0
                  LayoutInline {A} at (0,0) size 89x15 [color=#0000EE]
                    LayoutText {#text} at (0,165) size 89x15
                      text run at (0,165) width 89: "IN_TRAY Table"
                  LayoutText {#text} at (88,165) size 5x15
                    text run at (88,165) width 5: " "
                  LayoutBR {BR} at (92,177) size 1x0
                  LayoutInline {A} at (0,0) size 65x15 [color=#0000EE]
                    LayoutText {#text} at (0,180) size 65x15
                      text run at (0,180) width 65: "ORG Table"
                  LayoutText {#text} at (64,180) size 4x15
                    text run at (64,180) width 4: " "
                  LayoutBR {BR} at (67,192) size 1x0
                  LayoutInline {A} at (0,0) size 96x15 [color=#0000EE]
                    LayoutText {#text} at (0,195) size 96x15
                      text run at (0,195) width 96: "PROJECT Table"
                  LayoutText {#text} at (95,195) size 4x15
                    text run at (95,195) width 4: " "
                  LayoutBR {BR} at (98,207) size 1x0
                  LayoutInline {A} at (0,0) size 77x15 [color=#0000EE]
                    LayoutText {#text} at (0,210) size 77x15
                      text run at (0,210) width 77: "SALES Table"
                  LayoutText {#text} at (76,210) size 5x15
                    text run at (76,210) width 5: " "
                  LayoutBR {BR} at (80,222) size 1x0
                  LayoutInline {A} at (0,0) size 75x15 [color=#0000EE]
                    LayoutText {#text} at (0,225) size 75x15
                      text run at (0,225) width 75: "STAFF Table"
                  LayoutText {#text} at (74,225) size 5x15
                    text run at (74,225) width 5: " "
                  LayoutBR {BR} at (78,237) size 1x0
                  LayoutInline {A} at (0,0) size 85x15 [color=#0000EE]
                    LayoutText {#text} at (0,240) size 85x15
                      text run at (0,240) width 85: "STAFFG Table"
                  LayoutText {#text} at (85,240) size 4x15
                    text run at (85,240) width 4: " "
                  LayoutBR {BR} at (88,252) size 1x0
                  LayoutInline {A} at (0,0) size 268x15 [color=#0000EE]
                    LayoutText {#text} at (0,255) size 268x15
                      text run at (0,255) width 268: "Sample Files with BLOB and CLOB Data Type"
                  LayoutText {#text} at (267,255) size 4x15
                    text run at (267,255) width 4: " "
                  LayoutBR {BR} at (270,267) size 1x0
                  LayoutInline {A} at (0,0) size 91x15 [color=#0000EE]
                    LayoutText {#text} at (0,270) size 91x15
                      text run at (0,270) width 91: "Quintana Photo"
                  LayoutText {#text} at (90,270) size 4x15
                    text run at (90,270) width 4: " "
                  LayoutBR {BR} at (93,282) size 1x0
                  LayoutInline {A} at (0,0) size 105x15 [color=#0000EE]
                    LayoutText {#text} at (0,285) size 105x15
                      text run at (0,285) width 105: "Quintana Resume"
                  LayoutText {#text} at (104,285) size 5x15
                    text run at (104,285) width 5: " "
                  LayoutBR {BR} at (108,297) size 1x0
                  LayoutInline {A} at (0,0) size 84x15 [color=#0000EE]
                    LayoutText {#text} at (0,300) size 84x15
                      text run at (0,300) width 84: "Nicholls Photo"
                  LayoutText {#text} at (83,300) size 4x15
                    text run at (83,300) width 4: " "
                  LayoutBR {BR} at (86,312) size 1x0
                  LayoutInline {A} at (0,0) size 98x15 [color=#0000EE]
                    LayoutText {#text} at (0,315) size 98x15
                      text run at (0,315) width 98: "Nicholls Resume"
                  LayoutText {#text} at (97,315) size 5x15
                    text run at (97,315) width 5: " "
                  LayoutBR {BR} at (101,327) size 1x0
                  LayoutInline {A} at (0,0) size 93x15 [color=#0000EE]
                    LayoutText {#text} at (0,330) size 93x15
                      text run at (0,330) width 93: "Adamson Photo"
                  LayoutText {#text} at (92,330) size 5x15
                    text run at (92,330) width 5: " "
                  LayoutBR {BR} at (96,342) size 1x0
                  LayoutInline {A} at (0,0) size 107x15 [color=#0000EE]
                    LayoutText {#text} at (0,345) size 107x15
                      text run at (0,345) width 107: "Adamson Resume"
                  LayoutText {#text} at (106,345) size 5x15
                    text run at (106,345) width 5: " "
                  LayoutBR {BR} at (110,357) size 1x0
                  LayoutInline {A} at (0,0) size 78x15 [color=#0000EE]
                    LayoutText {#text} at (0,360) size 78x15
                      text run at (0,360) width 78: "Walker Photo"
                  LayoutText {#text} at (77,360) size 5x15
                    text run at (77,360) width 5: " "
                  LayoutBR {BR} at (81,372) size 1x0
                  LayoutInline {A} at (0,0) size 92x15 [color=#0000EE]
                    LayoutText {#text} at (0,375) size 92x15
                      text run at (0,375) width 92: "Walker Resume"
                  LayoutText {#text} at (0,0) size 0x0
                LayoutBlockFlow {P} at (0,9866.17) size 707x90
                  LayoutInline {B} at (0,0) size 371x15
                    LayoutInline {A} at (0,0) size 371x15 [color=#0000EE]
                      LayoutText {#text} at (0,0) size 371x15
                        text run at (0,0) width 371: "Appendix H. Reserved Schema Names and Reserved Words"
                  LayoutBR {BR} at (370,12) size 1x0
                  LayoutBR {BR} at (0,15) size 0x15
                  LayoutInline {A} at (0,0) size 114x15 [color=#0000EE]
                    LayoutText {#text} at (0,30) size 114x15
                      text run at (0,30) width 114: "Reserved Schemas"
                  LayoutText {#text} at (113,30) size 5x15
                    text run at (113,30) width 5: " "
                  LayoutBR {BR} at (117,42) size 1x0
                  LayoutInline {A} at (0,0) size 97x15 [color=#0000EE]
                    LayoutText {#text} at (0,45) size 97x15
                      text run at (0,45) width 97: "Reserved Words"
                  LayoutText {#text} at (96,45) size 5x15
                    text run at (96,45) width 5: " "
                  LayoutBR {BR} at (100,57) size 1x0
                  LayoutInline {A} at (0,0) size 153x15 [color=#0000EE]
                    LayoutText {#text} at (0,60) size 153x15
                      text run at (0,60) width 153: "IBM SQL Reserved Words"
                  LayoutText {#text} at (152,60) size 5x15
                    text run at (152,60) width 5: " "
                  LayoutBR {BR} at (156,72) size 1x0
                  LayoutInline {A} at (0,0) size 197x15 [color=#0000EE]
                    LayoutText {#text} at (0,75) size 197x15
                      text run at (0,75) width 197: "ISO/ANS SQL92 Reserved Words"
                  LayoutText {#text} at (0,0) size 0x0
                LayoutBlockFlow {P} at (0,9969.17) size 707x15
                  LayoutInline {B} at (0,0) size 267x15
                    LayoutInline {A} at (0,0) size 267x15 [color=#0000EE]
                      LayoutText {#text} at (0,0) size 267x15
                        text run at (0,0) width 267: "Appendix I. Comparison of Isolation Levels"
                  LayoutBR {BR} at (266,12) size 1x0
                LayoutBlockFlow {P} at (0,9997.17) size 707x15
                  LayoutInline {B} at (0,0) size 318x15
                    LayoutInline {A} at (0,0) size 318x15 [color=#0000EE]
                      LayoutText {#text} at (0,0) size 318x15
                        text run at (0,0) width 318: "Appendix J. Interaction of Triggers and Constraints"
                  LayoutBR {BR} at (317,12) size 1x0
                LayoutBlockFlow {P} at (0,10025.17) size 707x315
                  LayoutInline {B} at (0,0) size 267x15
                    LayoutInline {A} at (0,0) size 267x15 [color=#0000EE]
                      LayoutText {#text} at (0,0) size 267x15
                        text run at (0,0) width 267: "Appendix K. Explain Tables and Definitions"
                  LayoutBR {BR} at (267,12) size 0x0
                  LayoutBR {BR} at (0,15) size 0x15
                  LayoutInline {A} at (0,0) size 172x15 [color=#0000EE]
                    LayoutText {#text} at (0,30) size 172x15
                      text run at (0,30) width 172: "EXPLAIN_ARGUMENT Table"
                  LayoutText {#text} at (171,30) size 4x15
                    text run at (171,30) width 4: " "
                  LayoutBR {BR} at (174,42) size 1x0
                  LayoutInline {A} at (0,0) size 162x15 [color=#0000EE]
                    LayoutText {#text} at (0,45) size 162x15
                      text run at (0,45) width 162: "EXPLAIN_INSTANCE Table"
                  LayoutText {#text} at (161,45) size 5x15
                    text run at (161,45) width 5: " "
                  LayoutBR {BR} at (165,57) size 1x0
                  LayoutInline {A} at (0,0) size 149x15 [color=#0000EE]
                    LayoutText {#text} at (0,60) size 149x15
                      text run at (0,60) width 149: "EXPLAIN_OBJECT Table"
                  LayoutText {#text} at (148,60) size 4x15
                    text run at (148,60) width 4: " "
                  LayoutBR {BR} at (151,72) size 1x0
                  LayoutInline {A} at (0,0) size 169x15 [color=#0000EE]
                    LayoutText {#text} at (0,75) size 169x15
                      text run at (0,75) width 169: "EXPLAIN_OPERATOR Table"
                  LayoutText {#text} at (168,75) size 5x15
                    text run at (168,75) width 5: " "
                  LayoutBR {BR} at (172,87) size 1x0
                  LayoutInline {A} at (0,0) size 171x15 [color=#0000EE]
                    LayoutText {#text} at (0,90) size 171x15
                      text run at (0,90) width 171: "EXPLAIN_PREDICATE Table"
                  LayoutText {#text} at (170,90) size 4x15
                    text run at (170,90) width 4: " "
                  LayoutBR {BR} at (173,102) size 1x0
                  LayoutInline {A} at (0,0) size 174x15 [color=#0000EE]
                    LayoutText {#text} at (0,105) size 174x15
                      text run at (0,105) width 174: "EXPLAIN_STATEMENT Table"
                  LayoutText {#text} at (173,105) size 5x15
                    text run at (173,105) width 5: " "
                  LayoutBR {BR} at (177,117) size 1x0
                  LayoutInline {A} at (0,0) size 151x15 [color=#0000EE]
                    LayoutText {#text} at (0,120) size 151x15
                      text run at (0,120) width 151: "EXPLAIN_STREAM Table"
                  LayoutText {#text} at (151,120) size 4x15
                    text run at (151,120) width 4: " "
                  LayoutBR {BR} at (154,132) size 1x0
                  LayoutInline {A} at (0,0) size 130x15 [color=#0000EE]
                    LayoutText {#text} at (0,135) size 130x15
                      text run at (0,135) width 130: "ADVISE_INDEX Table"
                  LayoutText {#text} at (129,135) size 4x15
                    text run at (129,135) width 4: " "
                  LayoutBR {BR} at (132,147) size 1x0
                  LayoutInline {A} at (0,0) size 166x15 [color=#0000EE]
                    LayoutText {#text} at (0,150) size 166x15
                      text run at (0,150) width 166: "ADVISE_WORKLOAD Table"
                  LayoutText {#text} at (165,150) size 5x15
                    text run at (165,150) width 5: " "
                  LayoutBR {BR} at (169,162) size 1x0
                  LayoutInline {A} at (0,0) size 202x15 [color=#0000EE]
                    LayoutText {#text} at (0,165) size 202x15
                      text run at (0,165) width 202: "Table Definitions for Explain Tables"
                  LayoutText {#text} at (201,165) size 5x15
                    text run at (201,165) width 5: " "
                  LayoutBR {BR} at (205,177) size 1x0
                  LayoutInline {A} at (0,0) size 230x15 [color=#0000EE]
                    LayoutText {#text} at (0,180) size 230x15
                      text run at (0,180) width 230: "EXPLAIN_ARGUMENT Table Definition"
                  LayoutText {#text} at (229,180) size 4x15
                    text run at (229,180) width 4: " "
                  LayoutBR {BR} at (232,192) size 1x0
                  LayoutInline {A} at (0,0) size 220x15 [color=#0000EE]
                    LayoutText {#text} at (0,195) size 220x15
                      text run at (0,195) width 220: "EXPLAIN_INSTANCE Table Definition"
                  LayoutText {#text} at (219,195) size 5x15
                    text run at (219,195) width 5: " "
                  LayoutBR {BR} at (223,207) size 1x0
                  LayoutInline {A} at (0,0) size 206x15 [color=#0000EE]
                    LayoutText {#text} at (0,210) size 206x15
                      text run at (0,210) width 206: "EXPLAIN_OBJECT Table Definition"
                  LayoutText {#text} at (205,210) size 5x15
                    text run at (205,210) width 5: " "
                  LayoutBR {BR} at (209,222) size 1x0
                  LayoutInline {A} at (0,0) size 227x15 [color=#0000EE]
                    LayoutText {#text} at (0,225) size 227x15
                      text run at (0,225) width 227: "EXPLAIN_OPERATOR Table Definition"
                  LayoutText {#text} at (226,225) size 4x15
                    text run at (226,225) width 4: " "
                  LayoutBR {BR} at (230,237) size 0x0
                  LayoutInline {A} at (0,0) size 229x15 [color=#0000EE]
                    LayoutText {#text} at (0,240) size 229x15
                      text run at (0,240) width 229: "EXPLAIN_PREDICATE Table Definition"
                  LayoutText {#text} at (228,240) size 4x15
                    text run at (228,240) width 4: " "
                  LayoutBR {BR} at (231,252) size 1x0
                  LayoutInline {A} at (0,0) size 232x15 [color=#0000EE]
                    LayoutText {#text} at (0,255) size 232x15
                      text run at (0,255) width 232: "EXPLAIN_STATEMENT Table Definition"
                  LayoutText {#text} at (231,255) size 5x15
                    text run at (231,255) width 5: " "
                  LayoutBR {BR} at (235,267) size 1x0
                  LayoutInline {A} at (0,0) size 209x15 [color=#0000EE]
                    LayoutText {#text} at (0,270) size 209x15
                      text run at (0,270) width 209: "EXPLAIN_STREAM Table Definition"
                  LayoutText {#text} at (208,270) size 5x15
                    text run at (208,270) width 5: " "
                  LayoutBR {BR} at (212,282) size 1x0
                  LayoutInline {A} at (0,0) size 188x15 [color=#0000EE]
                    LayoutText {#text} at (0,285) size 188x15
                      text run at (0,285) width 188: "ADVISE_INDEX Table Definition"
                  LayoutText {#text} at (187,285) size 4x15
                    text run at (187,285) width 4: " "
                  LayoutBR {BR} at (190,297) size 1x0
                  LayoutInline {A} at (0,0) size 224x15 [color=#0000EE]
                    LayoutText {#text} at (0,300) size 224x15
                      text run at (0,300) width 224: "ADVISE_WORKLOAD Table Definition"
                  LayoutText {#text} at (0,0) size 0x0
                LayoutBlockFlow {P} at (0,10353.17) size 707x15
                  LayoutInline {B} at (0,0) size 225x15
                    LayoutInline {A} at (0,0) size 225x15 [color=#0000EE]
                      LayoutText {#text} at (0,0) size 225x15
                        text run at (0,0) width 225: "Appendix L. Explain Register Values"
                  LayoutBR {BR} at (224,12) size 1x0
                LayoutBlockFlow {P} at (0,10381.17) size 707x75
                  LayoutInline {B} at (0,0) size 306x15
                    LayoutInline {A} at (0,0) size 306x15 [color=#0000EE]
                      LayoutText {#text} at (0,0) size 306x15
                        text run at (0,0) width 306: "Appendix M. Recursion Example: Bill of Materials"
                  LayoutBR {BR} at (305,12) size 1x0
                  LayoutBR {BR} at (0,15) size 0x15
                  LayoutInline {A} at (0,0) size 200x15 [color=#0000EE]
                    LayoutText {#text} at (0,30) size 200x15
                      text run at (0,30) width 200: "Example 1: Single Level Explosion"
                  LayoutText {#text} at (199,30) size 5x15
                    text run at (199,30) width 5: " "
                  LayoutBR {BR} at (203,42) size 1x0
                  LayoutInline {A} at (0,0) size 202x15 [color=#0000EE]
                    LayoutText {#text} at (0,45) size 202x15
                      text run at (0,45) width 202: "Example 2: Summarized Explosion"
                  LayoutText {#text} at (201,45) size 5x15
                    text run at (201,45) width 5: " "
                  LayoutBR {BR} at (205,57) size 1x0
                  LayoutInline {A} at (0,0) size 170x15 [color=#0000EE]
                    LayoutText {#text} at (0,60) size 170x15
                      text run at (0,60) width 170: "Example 3: Controlling Depth"
                  LayoutText {#text} at (0,0) size 0x0
                LayoutBlockFlow {P} at (0,10469.17) size 707x75
                  LayoutInline {B} at (0,0) size 186x15
                    LayoutInline {A} at (0,0) size 186x15 [color=#0000EE]
                      LayoutText {#text} at (0,0) size 186x15
                        text run at (0,0) width 186: "Appendix N. Exception Tables"
                  LayoutBR {BR} at (185,12) size 1x0
                  LayoutBR {BR} at (0,15) size 0x15
                  LayoutInline {A} at (0,0) size 219x15 [color=#0000EE]
                    LayoutText {#text} at (0,30) size 219x15
                      text run at (0,30) width 219: "Rules for Creating an Exception Table"
                  LayoutText {#text} at (218,30) size 4x15
                    text run at (218,30) width 4: " "
                  LayoutBR {BR} at (221,42) size 1x0
                  LayoutInline {A} at (0,0) size 225x15 [color=#0000EE]
                    LayoutText {#text} at (0,45) size 225x15
                      text run at (0,45) width 225: "Handling Rows in the Exception Tables"
                  LayoutText {#text} at (224,45) size 5x15
                    text run at (224,45) width 5: " "
                  LayoutBR {BR} at (228,57) size 1x0
                  LayoutInline {A} at (0,0) size 177x15 [color=#0000EE]
                    LayoutText {#text} at (0,60) size 177x15
                      text run at (0,60) width 177: "Querying the Exception Tables"
                  LayoutText {#text} at (0,0) size 0x0
                LayoutBlockFlow {P} at (0,10557.17) size 707x330
                  LayoutInline {B} at (0,0) size 420x15
                    LayoutInline {A} at (0,0) size 420x15 [color=#0000EE]
                      LayoutText {#text} at (0,0) size 420x15
                        text run at (0,0) width 420: "Appendix O. Japanese and Traditional-Chinese EUC Considerations"
                  LayoutBR {BR} at (419,12) size 1x0
                  LayoutBR {BR} at (0,15) size 0x15
                  LayoutInline {A} at (0,0) size 116x15 [color=#0000EE]
                    LayoutText {#text} at (0,30) size 116x15
                      text run at (0,30) width 116: "Language Elements"
                  LayoutText {#text} at (115,30) size 5x15
                    text run at (115,30) width 5: " "
                  LayoutBR {BR} at (119,42) size 1x0
                  LayoutInline {A} at (0,0) size 64x15 [color=#0000EE]
                    LayoutText {#text} at (0,45) size 64x15
                      text run at (0,45) width 64: "Characters"
                  LayoutText {#text} at (63,45) size 5x15
                    text run at (63,45) width 5: " "
                  LayoutBR {BR} at (67,57) size 1x0
                  LayoutInline {A} at (0,0) size 42x15 [color=#0000EE]
                    LayoutText {#text} at (0,60) size 42x15
                      text run at (0,60) width 42: "Tokens"
                  LayoutText {#text} at (41,60) size 4x15
                    text run at (41,60) width 4: " "
                  LayoutBR {BR} at (44,72) size 1x0
                  LayoutInline {A} at (0,0) size 57x15 [color=#0000EE]
                    LayoutText {#text} at (0,75) size 57x15
                      text run at (0,75) width 57: "Identifiers"
                  LayoutText {#text} at (56,75) size 4x15
                    text run at (56,75) width 4: " "
                  LayoutBR {BR} at (59,87) size 1x0
                  LayoutInline {A} at (0,0) size 66x15 [color=#0000EE]
                    LayoutText {#text} at (0,90) size 66x15
                      text run at (0,90) width 66: "Data Types"
                  LayoutText {#text} at (65,90) size 5x15
                    text run at (65,90) width 5: " "
                  LayoutBR {BR} at (69,102) size 1x0
                  LayoutInline {A} at (0,0) size 180x15 [color=#0000EE]
                    LayoutText {#text} at (0,105) size 180x15
                      text run at (0,105) width 180: "Assignments and Comparisons"
                  LayoutText {#text} at (179,105) size 5x15
                    text run at (179,105) width 5: " "
                  LayoutBR {BR} at (183,117) size 1x0
                  LayoutInline {A} at (0,0) size 162x15 [color=#0000EE]
                    LayoutText {#text} at (0,120) size 162x15
                      text run at (0,120) width 162: "Rules for Result Data Types"
                  LayoutText {#text} at (161,120) size 5x15
                    text run at (161,120) width 5: " "
                  LayoutBR {BR} at (165,132) size 1x0
                  LayoutInline {A} at (0,0) size 166x15 [color=#0000EE]
                    LayoutText {#text} at (0,135) size 166x15
                      text run at (0,135) width 166: "Rules for String Conversions"
                  LayoutText {#text} at (165,135) size 5x15
                    text run at (165,135) width 5: " "
                  LayoutBR {BR} at (169,147) size 1x0
                  LayoutInline {A} at (0,0) size 59x15 [color=#0000EE]
                    LayoutText {#text} at (0,150) size 59x15
                      text run at (0,150) width 59: "Constants"
                  LayoutText {#text} at (58,150) size 5x15
                    text run at (58,150) width 5: " "
                  LayoutBR {BR} at (62,162) size 1x0
                  LayoutInline {A} at (0,0) size 57x15 [color=#0000EE]
                    LayoutText {#text} at (0,165) size 57x15
                      text run at (0,165) width 57: "Functions"
                  LayoutText {#text} at (56,165) size 4x15
                    text run at (56,165) width 4: " "
                  LayoutBR {BR} at (59,177) size 1x0
                  LayoutInline {A} at (0,0) size 71x15 [color=#0000EE]
                    LayoutText {#text} at (0,180) size 71x15
                      text run at (0,180) width 71: "Expressions"
                  LayoutText {#text} at (70,180) size 5x15
                    text run at (70,180) width 5: " "
                  LayoutBR {BR} at (74,192) size 1x0
                  LayoutInline {A} at (0,0) size 62x15 [color=#0000EE]
                    LayoutText {#text} at (0,195) size 62x15
                      text run at (0,195) width 62: "Predicates"
                  LayoutText {#text} at (61,195) size 5x15
                    text run at (61,195) width 5: " "
                  LayoutBR {BR} at (65,207) size 1x0
                  LayoutInline {A} at (0,0) size 57x15 [color=#0000EE]
                    LayoutText {#text} at (0,210) size 57x15
                      text run at (0,210) width 57: "Functions"
                  LayoutText {#text} at (56,210) size 4x15
                    text run at (56,210) width 4: " "
                  LayoutBR {BR} at (59,222) size 1x0
                  LayoutInline {A} at (0,0) size 53x15 [color=#0000EE]
                    LayoutText {#text} at (0,225) size 53x15
                      text run at (0,225) width 53: "LENGTH"
                  LayoutText {#text} at (52,225) size 5x15
                    text run at (52,225) width 5: " "
                  LayoutBR {BR} at (56,237) size 1x0
                  LayoutInline {A} at (0,0) size 53x15 [color=#0000EE]
                    LayoutText {#text} at (0,240) size 53x15
                      text run at (0,240) width 53: "SUBSTR"
                  LayoutText {#text} at (52,240) size 5x15
                    text run at (52,240) width 5: " "
                  LayoutBR {BR} at (56,252) size 1x0
                  LayoutInline {A} at (0,0) size 76x15 [color=#0000EE]
                    LayoutText {#text} at (0,255) size 76x15
                      text run at (0,255) width 76: "TRANSLATE"
                  LayoutText {#text} at (75,255) size 5x15
                    text run at (75,255) width 5: " "
                  LayoutBR {BR} at (79,267) size 1x0
                  LayoutInline {A} at (0,0) size 85x15 [color=#0000EE]
                    LayoutText {#text} at (0,270) size 85x15
                      text run at (0,270) width 85: "VARGRAPHIC"
                  LayoutText {#text} at (84,270) size 5x15
                    text run at (84,270) width 5: " "
                  LayoutBR {BR} at (88,282) size 1x0
                  LayoutInline {A} at (0,0) size 66x15 [color=#0000EE]
                    LayoutText {#text} at (0,285) size 66x15
                      text run at (0,285) width 66: "Statements"
                  LayoutText {#text} at (65,285) size 5x15
                    text run at (65,285) width 5: " "
                  LayoutBR {BR} at (69,297) size 1x0
                  LayoutInline {A} at (0,0) size 65x15 [color=#0000EE]
                    LayoutText {#text} at (0,300) size 65x15
                      text run at (0,300) width 65: "CONNECT"
                  LayoutText {#text} at (64,300) size 4x15
                    text run at (64,300) width 4: " "
                  LayoutBR {BR} at (67,312) size 1x0
                  LayoutInline {A} at (0,0) size 62x15 [color=#0000EE]
                    LayoutText {#text} at (0,315) size 62x15
                      text run at (0,315) width 62: "PREPARE"
                  LayoutText {#text} at (0,0) size 0x0
                LayoutBlockFlow {P} at (0,10900.17) size 707x15
                  LayoutInline {B} at (0,0) size 292x15
                    LayoutInline {A} at (0,0) size 292x15 [color=#0000EE]
                      LayoutText {#text} at (0,0) size 292x15
                        text run at (0,0) width 292: "Appendix P. BNF Specifications for DATALINKs"
                  LayoutBR {BR} at (291,12) size 1x0
                LayoutBlockFlow {P} at (0,10928.17) size 707x180
                  LayoutInline {B} at (0,0) size 217x15
                    LayoutInline {A} at (0,0) size 217x15 [color=#0000EE]
                      LayoutText {#text} at (0,0) size 217x15
                        text run at (0,0) width 217: "Appendix Q. Using the DB2 Library"
                  LayoutBR {BR} at (216,12) size 1x0
                  LayoutBR {BR} at (0,15) size 0x15
                  LayoutInline {A} at (0,0) size 196x15 [color=#0000EE]
                    LayoutText {#text} at (0,30) size 196x15
                      text run at (0,30) width 196: "DB2 PDF Files and Printed Books"
                  LayoutText {#text} at (195,30) size 5x15
                    text run at (195,30) width 5: " "
                  LayoutBR {BR} at (199,42) size 1x0
                  LayoutInline {A} at (0,0) size 94x15 [color=#0000EE]
                    LayoutText {#text} at (0,45) size 94x15
                      text run at (0,45) width 94: "DB2 Information"
                  LayoutText {#text} at (93,45) size 5x15
                    text run at (93,45) width 5: " "
                  LayoutBR {BR} at (97,57) size 1x0
                  LayoutInline {A} at (0,0) size 136x15 [color=#0000EE]
                    LayoutText {#text} at (0,60) size 136x15
                      text run at (0,60) width 136: "Printing the PDF Books"
                  LayoutText {#text} at (135,60) size 4x15
                    text run at (135,60) width 4: " "
                  LayoutBR {BR} at (138,72) size 1x0
                  LayoutInline {A} at (0,0) size 157x15 [color=#0000EE]
                    LayoutText {#text} at (0,75) size 157x15
                      text run at (0,75) width 157: "Ordering the Printed Books"
                  LayoutText {#text} at (156,75) size 5x15
                    text run at (156,75) width 5: " "
                  LayoutBR {BR} at (160,87) size 1x0
                  LayoutInline {A} at (0,0) size 158x15 [color=#0000EE]
                    LayoutText {#text} at (0,90) size 158x15
                      text run at (0,90) width 158: "DB2 Online Documentation"
                  LayoutText {#text} at (157,90) size 5x15
                    text run at (157,90) width 5: " "
                  LayoutBR {BR} at (161,102) size 1x0
                  LayoutInline {A} at (0,0) size 131x15 [color=#0000EE]
                    LayoutText {#text} at (0,105) size 131x15
                      text run at (0,105) width 131: "Accessing Online Help"
                  LayoutText {#text} at (130,105) size 5x15
                    text run at (130,105) width 5: " "
                  LayoutBR {BR} at (134,117) size 1x0
                  LayoutInline {A} at (0,0) size 156x15 [color=#0000EE]
                    LayoutText {#text} at (0,120) size 156x15
                      text run at (0,120) width 156: "Viewing Information Online"
                  LayoutText {#text} at (155,120) size 4x15
                    text run at (155,120) width 4: " "
                  LayoutBR {BR} at (158,132) size 1x0
                  LayoutInline {A} at (0,0) size 113x15 [color=#0000EE]
                    LayoutText {#text} at (0,135) size 113x15
                      text run at (0,135) width 113: "Using DB2 Wizards"
                  LayoutText {#text} at (112,135) size 5x15
                    text run at (112,135) width 5: " "
                  LayoutBR {BR} at (116,147) size 1x0
                  LayoutInline {A} at (0,0) size 177x15 [color=#0000EE]
                    LayoutText {#text} at (0,150) size 177x15
                      text run at (0,150) width 177: "Setting Up a Document Server"
                  LayoutText {#text} at (176,150) size 4x15
                    text run at (176,150) width 4: " "
                  LayoutBR {BR} at (179,162) size 1x0
                  LayoutInline {A} at (0,0) size 169x15 [color=#0000EE]
                    LayoutText {#text} at (0,165) size 169x15
                      text run at (0,165) width 169: "Searching Information Online"
                  LayoutText {#text} at (0,0) size 0x0
                LayoutBlockFlow {P} at (0,11121.17) size 707x45
                  LayoutInline {B} at (0,0) size 127x15
                    LayoutInline {A} at (0,0) size 127x15 [color=#0000EE]
                      LayoutText {#text} at (0,0) size 127x15
                        text run at (0,0) width 127: "Appendix R. Notices"
                  LayoutBR {BR} at (126,12) size 1x0
                  LayoutBR {BR} at (0,15) size 0x15
                  LayoutInline {A} at (0,0) size 69x15 [color=#0000EE]
                    LayoutText {#text} at (0,30) size 69x15
                      text run at (0,30) width 69: "Trademarks"
                  LayoutText {#text} at (0,0) size 0x0
                LayoutBlockFlow {P} at (0,11179.17) size 707x15
                  LayoutInline {B} at (0,0) size 34x15
                    LayoutInline {A} at (0,0) size 34x15 [color=#0000EE]
                      LayoutText {#text} at (0,0) size 34x15
                        text run at (0,0) width 34: "Index"
                  LayoutBR {BR} at (33,12) size 1x0
                LayoutBlockFlow {P} at (0,11207.17) size 707x45
                  LayoutInline {B} at (0,0) size 96x15
                    LayoutInline {A} at (0,0) size 96x15 [color=#0000EE]
                      LayoutText {#text} at (0,0) size 96x15
                        text run at (0,0) width 96: "Contacting IBM"
                  LayoutBR {BR} at (95,12) size 1x0
                  LayoutBR {BR} at (0,15) size 0x15
                  LayoutInline {A} at (0,0) size 114x15 [color=#0000EE]
                    LayoutText {#text} at (0,30) size 114x15
                      text run at (0,30) width 114: "Product Information"
                  LayoutText {#text} at (0,0) size 0x0
                  LayoutInline {A} at (0,0) size 0x0
                  LayoutText {#text} at (0,0) size 0x0
                LayoutTable {TABLE} at (0,11265.17) size 26x26
                  LayoutTableSection {TBODY} at (0,0) size 26x26
                    LayoutTableRow {TR} at (0,2) size 26x0
                    LayoutTableRow {TR} at (0,4) size 26x20
                      LayoutTableCell {TD} at (2,4) size 10x20 [r=1 c=0 rs=1 cs=1]
                        LayoutText {#text} at (1,1) size 8x17
                          text run at (1,1) width 8: "x"
                      LayoutTableCell {TD} at (14,4) size 10x20 [r=1 c=1 rs=1 cs=1]
                        LayoutText {#text} at (1,1) size 8x17
                          text run at (1,1) width 8: "x"
              LayoutBlockFlow (anonymous) at (2,11376.34) size 707x0
                LayoutInline {FONT} at (0,0) size 0x0
