layer at (0,0) size 800x600
  LayoutView at (0,0) size 800x600
layer at (0,0) size 800x600
  LayoutBlockFlow {HTML} at (0,0) size 800x600
    LayoutBlockFlow {BODY} at (8,8) size 784x584
      LayoutTable {TABLE} at (0,0) size 600x477
        LayoutTableSection {TBODY} at (0,0) size 600x477
          LayoutTableRow {TR} at (0,0) size 600x477
            LayoutTableCell {TD} at (0,0) size 600x477 [r=0 c=0 rs=1 cs=1]
              LayoutBlockFlow (anonymous) at (0,0) size 600x1
                LayoutImage {IMG} at (0,0) size 600x1
                LayoutText {#text} at (0,0) size 0x0
              LayoutBlockFlow {BLOCKQUOTE} at (40,17) size 520x444
                LayoutBlockFlow {BLOCKQUOTE} at (40,0) size 440x444
                  LayoutBlockFlow (anonymous) at (0,0) size 440x216
                    LayoutTable (floating) {TABLE} at (180,0) size 260x299
                      LayoutTableSection {TBODY} at (0,0) size 260x299
                        LayoutTableRow {TR} at (0,0) size 260x22
                          LayoutTableCell {TD} at (0,0) size 6x22 [bgcolor=#FFFFFF] [r=0 c=0 rs=1 cs=1]
                            LayoutBR {BR} at (2,2) size 0x18
                          LayoutTableCell {TD} at (6,1) size 254x19 [bgcolor=#CCCCDD] [r=0 c=1 rs=1 cs=1]
                            LayoutInline {FONT} at (0,0) size 245x15
                              LayoutInline {B} at (0,0) size 245x15
                                LayoutText {#text} at (2,2) size 245x15
                                  text run at (2,2) width 245: "CHAMBERLAIN'S CAREER STATISTICS"
                        LayoutTableRow {TR} at (0,22) size 260x277
                          LayoutTableCell {TD} at (0,149) size 6x22 [bgcolor=#FFFFFF] [r=1 c=0 rs=1 cs=1]
                            LayoutBR {BR} at (2,2) size 0x18
                          LayoutTableCell {TD} at (6,22) size 254x277 [r=1 c=1 rs=1 cs=1]
                            LayoutTable {TABLE} at (2,2) size 250x256
                              LayoutTableSection {TBODY} at (0,0) size 250x256
                                LayoutTableRow {TR} at (0,0) size 250x16 [bgcolor=#EEEEEE]
                                  LayoutTableCell {TD} at (0,0) size 31x16 [r=0 c=0 rs=1 cs=1]
                                    LayoutInline {FONT} at (0,0) size 21x12
                                      LayoutText {#text} at (2,2) size 21x12
                                        text run at (2,2) width 21: "Year"
                                  LayoutTableCell {TD} at (31,0) size 70x16 [r=0 c=1 rs=1 cs=1]
                                    LayoutInline {FONT} at (0,0) size 25x12
                                      LayoutText {#text} at (2,2) size 25x12
                                        text run at (2,2) width 25: "Team"
                                  LayoutTableCell {TD} at (101,0) size 28x16 [r=0 c=2 rs=1 cs=1]
                                    LayoutInline {FONT} at (0,0) size 15x12
                                      LayoutText {#text} at (11,2) size 15x12
                                        text run at (11,2) width 15: "GP"
                                  LayoutTableCell {TD} at (129,0) size 33x16 [r=0 c=3 rs=1 cs=1]
                                    LayoutInline {FONT} at (0,0) size 19x12
                                      LayoutText {#text} at (12,2) size 19x12
                                        text run at (12,2) width 19: "Reb"
                                  LayoutTableCell {TD} at (162,0) size 27x16 [r=0 c=4 rs=1 cs=1]
                                    LayoutInline {FONT} at (0,0) size 22x12
                                      LayoutText {#text} at (3,2) size 22x12
                                        text run at (3,2) width 22: "RPG"
                                  LayoutTableCell {TD} at (189,0) size 33x16 [r=0 c=5 rs=1 cs=1]
                                    LayoutInline {FONT} at (0,0) size 15x12
                                      LayoutText {#text} at (16,2) size 15x12
                                        text run at (16,2) width 15: "Pts"
                                  LayoutTableCell {TD} at (222,0) size 28x16 [r=0 c=6 rs=1 cs=1]
                                    LayoutInline {FONT} at (0,0) size 22x12
                                      LayoutText {#text} at (4,2) size 22x12
                                        text run at (4,2) width 22: "PPG"
                                LayoutTableRow {TR} at (0,16) size 250x16 [bgcolor=#FFFFFF]
                                  LayoutTableCell {TD} at (0,16) size 31x16 [r=1 c=0 rs=1 cs=1]
                                    LayoutInline {FONT} at (0,0) size 26x12
                                      LayoutText {#text} at (2,2) size 26x12
                                        text run at (2,2) width 26: "59-60"
                                  LayoutTableCell {TD} at (31,16) size 70x16 [r=1 c=1 rs=1 cs=1]
                                    LayoutInline {FONT} at (0,0) size 55x12
                                      LayoutText {#text} at (2,2) size 55x12
                                        text run at (2,2) width 55: "Philadelphia"
                                  LayoutTableCell {TD} at (101,16) size 28x16 [r=1 c=2 rs=1 cs=1]
                                    LayoutInline {FONT} at (0,0) size 12x12
                                      LayoutText {#text} at (14,2) size 12x12
                                        text run at (14,2) width 12: "72"
                                  LayoutTableCell {TD} at (129,16) size 33x16 [r=1 c=3 rs=1 cs=1]
                                    LayoutInline {FONT} at (0,0) size 23x12
                                      LayoutText {#text} at (8,2) size 23x12
                                        text run at (8,2) width 23: "1941"
                                  LayoutTableCell {TD} at (162,16) size 27x16 [r=1 c=4 rs=1 cs=1]
                                    LayoutInline {FONT} at (0,0) size 20x12
                                      LayoutText {#text} at (5,2) size 20x12
                                        text run at (5,2) width 20: "27.0"
                                  LayoutTableCell {TD} at (189,16) size 33x16 [r=1 c=5 rs=1 cs=1]
                                    LayoutInline {FONT} at (0,0) size 23x12
                                      LayoutText {#text} at (8,2) size 23x12
                                        text run at (8,2) width 23: "2707"
                                  LayoutTableCell {TD} at (222,16) size 28x16 [r=1 c=6 rs=1 cs=1]
                                    LayoutInline {FONT} at (0,0) size 20x12
                                      LayoutText {#text} at (6,2) size 20x12
                                        text run at (6,2) width 20: "37.6"
                                LayoutTableRow {TR} at (0,32) size 250x16 [bgcolor=#FFFFFF]
                                  LayoutTableCell {TD} at (0,32) size 31x16 [r=2 c=0 rs=1 cs=1]
                                    LayoutInline {FONT} at (0,0) size 26x12
                                      LayoutText {#text} at (2,2) size 26x12
                                        text run at (2,2) width 26: "60-61"
                                  LayoutTableCell {TD} at (31,32) size 70x16 [r=2 c=1 rs=1 cs=1]
                                    LayoutInline {FONT} at (0,0) size 55x12
                                      LayoutText {#text} at (2,2) size 55x12
                                        text run at (2,2) width 55: "Philadelphia"
                                  LayoutTableCell {TD} at (101,32) size 28x16 [r=2 c=2 rs=1 cs=1]
                                    LayoutInline {FONT} at (0,0) size 12x12
                                      LayoutText {#text} at (14,2) size 12x12
                                        text run at (14,2) width 12: "79"
                                  LayoutTableCell {TD} at (129,32) size 33x16 [r=2 c=3 rs=1 cs=1]
                                    LayoutInline {FONT} at (0,0) size 23x12
                                      LayoutText {#text} at (8,2) size 23x12
                                        text run at (8,2) width 23: "2149"
                                  LayoutTableCell {TD} at (162,32) size 27x16 [r=2 c=4 rs=1 cs=1]
                                    LayoutInline {FONT} at (0,0) size 20x12
                                      LayoutText {#text} at (5,2) size 20x12
                                        text run at (5,2) width 20: "27.2"
                                  LayoutTableCell {TD} at (189,32) size 33x16 [r=2 c=5 rs=1 cs=1]
                                    LayoutInline {FONT} at (0,0) size 23x12
                                      LayoutText {#text} at (8,2) size 23x12
                                        text run at (8,2) width 23: "3033"
                                  LayoutTableCell {TD} at (222,32) size 28x16 [r=2 c=6 rs=1 cs=1]
                                    LayoutInline {FONT} at (0,0) size 20x12
                                      LayoutText {#text} at (6,2) size 20x12
                                        text run at (6,2) width 20: "38.4"
                                LayoutTableRow {TR} at (0,48) size 250x16 [bgcolor=#FFFFFF]
                                  LayoutTableCell {TD} at (0,48) size 31x16 [r=3 c=0 rs=1 cs=1]
                                    LayoutInline {FONT} at (0,0) size 26x12
                                      LayoutText {#text} at (2,2) size 26x12
                                        text run at (2,2) width 26: "61-62"
                                  LayoutTableCell {TD} at (31,48) size 70x16 [r=3 c=1 rs=1 cs=1]
                                    LayoutInline {FONT} at (0,0) size 55x12
                                      LayoutText {#text} at (2,2) size 55x12
                                        text run at (2,2) width 55: "Philadelphia"
                                  LayoutTableCell {TD} at (101,48) size 28x16 [r=3 c=2 rs=1 cs=1]
                                    LayoutInline {FONT} at (0,0) size 12x12
                                      LayoutText {#text} at (14,2) size 12x12
                                        text run at (14,2) width 12: "80"
                                  LayoutTableCell {TD} at (129,48) size 33x16 [r=3 c=3 rs=1 cs=1]
                                    LayoutInline {FONT} at (0,0) size 23x12
                                      LayoutText {#text} at (8,2) size 23x12
                                        text run at (8,2) width 23: "2052"
                                  LayoutTableCell {TD} at (162,48) size 27x16 [r=3 c=4 rs=1 cs=1]
                                    LayoutInline {FONT} at (0,0) size 20x12
                                      LayoutText {#text} at (5,2) size 20x12
                                        text run at (5,2) width 20: "25.7"
                                  LayoutTableCell {TD} at (189,48) size 33x16 [r=3 c=5 rs=1 cs=1]
                                    LayoutInline {FONT} at (0,0) size 23x12
                                      LayoutText {#text} at (8,2) size 23x12
                                        text run at (8,2) width 23: "4029"
                                  LayoutTableCell {TD} at (222,48) size 28x16 [r=3 c=6 rs=1 cs=1]
                                    LayoutInline {FONT} at (0,0) size 20x12
                                      LayoutText {#text} at (6,2) size 20x12
                                        text run at (6,2) width 20: "50.4"
                                LayoutTableRow {TR} at (0,64) size 250x16 [bgcolor=#FFFFFF]
                                  LayoutTableCell {TD} at (0,64) size 31x16 [r=4 c=0 rs=1 cs=1]
                                    LayoutInline {FONT} at (0,0) size 26x12
                                      LayoutText {#text} at (2,2) size 26x12
                                        text run at (2,2) width 26: "62-63"
                                  LayoutTableCell {TD} at (31,64) size 70x16 [r=4 c=1 rs=1 cs=1]
                                    LayoutInline {FONT} at (0,0) size 64x12
                                      LayoutText {#text} at (2,2) size 64x12
                                        text run at (2,2) width 64: "San Francisco"
                                  LayoutTableCell {TD} at (101,64) size 28x16 [r=4 c=2 rs=1 cs=1]
                                    LayoutInline {FONT} at (0,0) size 12x12
                                      LayoutText {#text} at (14,2) size 12x12
                                        text run at (14,2) width 12: "80"
                                  LayoutTableCell {TD} at (129,64) size 33x16 [r=4 c=3 rs=1 cs=1]
                                    LayoutInline {FONT} at (0,0) size 23x12
                                      LayoutText {#text} at (8,2) size 23x12
                                        text run at (8,2) width 23: "1946"
                                  LayoutTableCell {TD} at (162,64) size 27x16 [r=4 c=4 rs=1 cs=1]
                                    LayoutInline {FONT} at (0,0) size 20x12
                                      LayoutText {#text} at (5,2) size 20x12
                                        text run at (5,2) width 20: "24.3"
                                  LayoutTableCell {TD} at (189,64) size 33x16 [r=4 c=5 rs=1 cs=1]
                                    LayoutInline {FONT} at (0,0) size 23x12
                                      LayoutText {#text} at (8,2) size 23x12
                                        text run at (8,2) width 23: "3806"
                                  LayoutTableCell {TD} at (222,64) size 28x16 [r=4 c=6 rs=1 cs=1]
                                    LayoutInline {FONT} at (0,0) size 20x12
                                      LayoutText {#text} at (6,2) size 20x12
                                        text run at (6,2) width 20: "44.8"
                                LayoutTableRow {TR} at (0,80) size 250x16 [bgcolor=#FFFFFF]
                                  LayoutTableCell {TD} at (0,80) size 31x16 [r=5 c=0 rs=1 cs=1]
                                    LayoutInline {FONT} at (0,0) size 26x12
                                      LayoutText {#text} at (2,2) size 26x12
                                        text run at (2,2) width 26: "63-64"
                                  LayoutTableCell {TD} at (31,80) size 70x16 [r=5 c=1 rs=1 cs=1]
                                    LayoutInline {FONT} at (0,0) size 64x12
                                      LayoutText {#text} at (2,2) size 64x12
                                        text run at (2,2) width 64: "San Francisco"
                                  LayoutTableCell {TD} at (101,80) size 28x16 [r=5 c=2 rs=1 cs=1]
                                    LayoutInline {FONT} at (0,0) size 12x12
                                      LayoutText {#text} at (14,2) size 12x12
                                        text run at (14,2) width 12: "80"
                                  LayoutTableCell {TD} at (129,80) size 33x16 [r=5 c=3 rs=1 cs=1]
                                    LayoutInline {FONT} at (0,0) size 23x12
                                      LayoutText {#text} at (8,2) size 23x12
                                        text run at (8,2) width 23: "1787"
                                  LayoutTableCell {TD} at (162,80) size 27x16 [r=5 c=4 rs=1 cs=1]
                                    LayoutInline {FONT} at (0,0) size 20x12
                                      LayoutText {#text} at (5,2) size 20x12
                                        text run at (5,2) width 20: "22.3"
                                  LayoutTableCell {TD} at (189,80) size 33x16 [r=5 c=5 rs=1 cs=1]
                                    LayoutInline {FONT} at (0,0) size 23x12
                                      LayoutText {#text} at (8,2) size 23x12
                                        text run at (8,2) width 23: "2948"
                                  LayoutTableCell {TD} at (222,80) size 28x16 [r=5 c=6 rs=1 cs=1]
                                    LayoutInline {FONT} at (0,0) size 20x12
                                      LayoutText {#text} at (6,2) size 20x12
                                        text run at (6,2) width 20: "36.9"
                                LayoutTableRow {TR} at (0,96) size 250x16 [bgcolor=#FFFFFF]
                                  LayoutTableCell {TD} at (0,96) size 31x16 [r=6 c=0 rs=1 cs=1]
                                    LayoutInline {FONT} at (0,0) size 26x12
                                      LayoutText {#text} at (2,2) size 26x12
                                        text run at (2,2) width 26: "64-65"
                                  LayoutTableCell {TD} at (31,96) size 70x16 [r=6 c=1 rs=1 cs=1]
                                    LayoutInline {FONT} at (0,0) size 43x12
                                      LayoutText {#text} at (2,2) size 43x12
                                        text run at (2,2) width 43: "S.F.-Phila"
                                  LayoutTableCell {TD} at (101,96) size 28x16 [r=6 c=2 rs=1 cs=1]
                                    LayoutInline {FONT} at (0,0) size 12x12
                                      LayoutText {#text} at (14,2) size 12x12
                                        text run at (14,2) width 12: "73"
                                  LayoutTableCell {TD} at (129,96) size 33x16 [r=6 c=3 rs=1 cs=1]
                                    LayoutInline {FONT} at (0,0) size 23x12
                                      LayoutText {#text} at (8,2) size 23x12
                                        text run at (8,2) width 23: "1673"
                                  LayoutTableCell {TD} at (162,96) size 27x16 [r=6 c=4 rs=1 cs=1]
                                    LayoutInline {FONT} at (0,0) size 20x12
                                      LayoutText {#text} at (5,2) size 20x12
                                        text run at (5,2) width 20: "22.9"
                                  LayoutTableCell {TD} at (189,96) size 33x16 [r=6 c=5 rs=1 cs=1]
                                    LayoutInline {FONT} at (0,0) size 23x12
                                      LayoutText {#text} at (8,2) size 23x12
                                        text run at (8,2) width 23: "2534"
                                  LayoutTableCell {TD} at (222,96) size 28x16 [r=6 c=6 rs=1 cs=1]
                                    LayoutInline {FONT} at (0,0) size 20x12
                                      LayoutText {#text} at (6,2) size 20x12
                                        text run at (6,2) width 20: "34.7"
                                LayoutTableRow {TR} at (0,112) size 250x16 [bgcolor=#FFFFFF]
                                  LayoutTableCell {TD} at (0,112) size 31x16 [r=7 c=0 rs=1 cs=1]
                                    LayoutInline {FONT} at (0,0) size 26x12
                                      LayoutText {#text} at (2,2) size 26x12
                                        text run at (2,2) width 26: "65-66"
                                  LayoutTableCell {TD} at (31,112) size 70x16 [r=7 c=1 rs=1 cs=1]
                                    LayoutInline {FONT} at (0,0) size 55x12
                                      LayoutText {#text} at (2,2) size 55x12
                                        text run at (2,2) width 55: "Philadelphia"
                                  LayoutTableCell {TD} at (101,112) size 28x16 [r=7 c=2 rs=1 cs=1]
                                    LayoutInline {FONT} at (0,0) size 12x12
                                      LayoutText {#text} at (14,2) size 12x12
                                        text run at (14,2) width 12: "79"
                                  LayoutTableCell {TD} at (129,112) size 33x16 [r=7 c=3 rs=1 cs=1]
                                    LayoutInline {FONT} at (0,0) size 23x12
                                      LayoutText {#text} at (8,2) size 23x12
                                        text run at (8,2) width 23: "1943"
                                  LayoutTableCell {TD} at (162,112) size 27x16 [r=7 c=4 rs=1 cs=1]
                                    LayoutInline {FONT} at (0,0) size 20x12
                                      LayoutText {#text} at (5,2) size 20x12
                                        text run at (5,2) width 20: "24.6"
                                  LayoutTableCell {TD} at (189,112) size 33x16 [r=7 c=5 rs=1 cs=1]
                                    LayoutInline {FONT} at (0,0) size 23x12
                                      LayoutText {#text} at (8,2) size 23x12
                                        text run at (8,2) width 23: "2649"
                                  LayoutTableCell {TD} at (222,112) size 28x16 [r=7 c=6 rs=1 cs=1]
                                    LayoutInline {FONT} at (0,0) size 20x12
                                      LayoutText {#text} at (6,2) size 20x12
                                        text run at (6,2) width 20: "33.5"
                                LayoutTableRow {TR} at (0,128) size 250x16 [bgcolor=#FFFFFF]
                                  LayoutTableCell {TD} at (0,128) size 31x16 [r=8 c=0 rs=1 cs=1]
                                    LayoutInline {FONT} at (0,0) size 26x12
                                      LayoutText {#text} at (2,2) size 26x12
                                        text run at (2,2) width 26: "66-67"
                                  LayoutTableCell {TD} at (31,128) size 70x16 [r=8 c=1 rs=1 cs=1]
                                    LayoutInline {FONT} at (0,0) size 55x12
                                      LayoutText {#text} at (2,2) size 55x12
                                        text run at (2,2) width 55: "Philadelphia"
                                  LayoutTableCell {TD} at (101,128) size 28x16 [r=8 c=2 rs=1 cs=1]
                                    LayoutInline {FONT} at (0,0) size 12x12
                                      LayoutText {#text} at (14,2) size 12x12
                                        text run at (14,2) width 12: "81"
                                  LayoutTableCell {TD} at (129,128) size 33x16 [r=8 c=3 rs=1 cs=1]
                                    LayoutInline {FONT} at (0,0) size 23x12
                                      LayoutText {#text} at (8,2) size 23x12
                                        text run at (8,2) width 23: "1957"
                                  LayoutTableCell {TD} at (162,128) size 27x16 [r=8 c=4 rs=1 cs=1]
                                    LayoutInline {FONT} at (0,0) size 20x12
                                      LayoutText {#text} at (5,2) size 20x12
                                        text run at (5,2) width 20: "24.2"
                                  LayoutTableCell {TD} at (189,128) size 33x16 [r=8 c=5 rs=1 cs=1]
                                    LayoutInline {FONT} at (0,0) size 23x12
                                      LayoutText {#text} at (8,2) size 23x12
                                        text run at (8,2) width 23: "1956"
                                  LayoutTableCell {TD} at (222,128) size 28x16 [r=8 c=6 rs=1 cs=1]
                                    LayoutInline {FONT} at (0,0) size 20x12
                                      LayoutText {#text} at (6,2) size 20x12
                                        text run at (6,2) width 20: "24.1"
                                LayoutTableRow {TR} at (0,144) size 250x16 [bgcolor=#FFFFFF]
                                  LayoutTableCell {TD} at (0,144) size 31x16 [r=9 c=0 rs=1 cs=1]
                                    LayoutInline {FONT} at (0,0) size 26x12
                                      LayoutText {#text} at (2,2) size 26x12
                                        text run at (2,2) width 26: "67-68"
                                  LayoutTableCell {TD} at (31,144) size 70x16 [r=9 c=1 rs=1 cs=1]
                                    LayoutInline {FONT} at (0,0) size 55x12
                                      LayoutText {#text} at (2,2) size 55x12
                                        text run at (2,2) width 55: "Philadelphia"
                                  LayoutTableCell {TD} at (101,144) size 28x16 [r=9 c=2 rs=1 cs=1]
                                    LayoutInline {FONT} at (0,0) size 12x12
                                      LayoutText {#text} at (14,2) size 12x12
                                        text run at (14,2) width 12: "82"
                                  LayoutTableCell {TD} at (129,144) size 33x16 [r=9 c=3 rs=1 cs=1]
                                    LayoutInline {FONT} at (0,0) size 23x12
                                      LayoutText {#text} at (8,2) size 23x12
                                        text run at (8,2) width 23: "1952"
                                  LayoutTableCell {TD} at (162,144) size 27x16 [r=9 c=4 rs=1 cs=1]
                                    LayoutInline {FONT} at (0,0) size 20x12
                                      LayoutText {#text} at (5,2) size 20x12
                                        text run at (5,2) width 20: "23.8"
                                  LayoutTableCell {TD} at (189,144) size 33x16 [r=9 c=5 rs=1 cs=1]
                                    LayoutInline {FONT} at (0,0) size 23x12
                                      LayoutText {#text} at (8,2) size 23x12
                                        text run at (8,2) width 23: "1992"
                                  LayoutTableCell {TD} at (222,144) size 28x16 [r=9 c=6 rs=1 cs=1]
                                    LayoutInline {FONT} at (0,0) size 20x12
                                      LayoutText {#text} at (6,2) size 20x12
                                        text run at (6,2) width 20: "24.3"
                                LayoutTableRow {TR} at (0,160) size 250x16 [bgcolor=#FFFFFF]
                                  LayoutTableCell {TD} at (0,160) size 31x16 [r=10 c=0 rs=1 cs=1]
                                    LayoutInline {FONT} at (0,0) size 26x12
                                      LayoutText {#text} at (2,2) size 26x12
                                        text run at (2,2) width 26: "68-69"
                                  LayoutTableCell {TD} at (31,160) size 70x16 [r=10 c=1 rs=1 cs=1]
                                    LayoutInline {FONT} at (0,0) size 51x12
                                      LayoutText {#text} at (2,2) size 51x12
                                        text run at (2,2) width 51: "L.A. Lakers"
                                  LayoutTableCell {TD} at (101,160) size 28x16 [r=10 c=2 rs=1 cs=1]
                                    LayoutInline {FONT} at (0,0) size 12x12
                                      LayoutText {#text} at (14,2) size 12x12
                                        text run at (14,2) width 12: "81"
                                  LayoutTableCell {TD} at (129,160) size 33x16 [r=10 c=3 rs=1 cs=1]
                                    LayoutInline {FONT} at (0,0) size 23x12
                                      LayoutText {#text} at (8,2) size 23x12
                                        text run at (8,2) width 23: "1712"
                                  LayoutTableCell {TD} at (162,160) size 27x16 [r=10 c=4 rs=1 cs=1]
                                    LayoutInline {FONT} at (0,0) size 20x12
                                      LayoutText {#text} at (5,2) size 20x12
                                        text run at (5,2) width 20: "21.1"
                                  LayoutTableCell {TD} at (189,160) size 33x16 [r=10 c=5 rs=1 cs=1]
                                    LayoutInline {FONT} at (0,0) size 23x12
                                      LayoutText {#text} at (8,2) size 23x12
                                        text run at (8,2) width 23: "1664"
                                  LayoutTableCell {TD} at (222,160) size 28x16 [r=10 c=6 rs=1 cs=1]
                                    LayoutInline {FONT} at (0,0) size 20x12
                                      LayoutText {#text} at (6,2) size 20x12
                                        text run at (6,2) width 20: "20.5"
                                LayoutTableRow {TR} at (0,176) size 250x16 [bgcolor=#FFFFFF]
                                  LayoutTableCell {TD} at (0,176) size 31x16 [r=11 c=0 rs=1 cs=1]
                                    LayoutInline {FONT} at (0,0) size 26x12
                                      LayoutText {#text} at (2,2) size 26x12
                                        text run at (2,2) width 26: "69-70"
                                  LayoutTableCell {TD} at (31,176) size 70x16 [r=11 c=1 rs=1 cs=1]
                                    LayoutInline {FONT} at (0,0) size 51x12
                                      LayoutText {#text} at (2,2) size 51x12
                                        text run at (2,2) width 51: "L.A. Lakers"
                                  LayoutTableCell {TD} at (101,176) size 28x16 [r=11 c=2 rs=1 cs=1]
                                    LayoutInline {FONT} at (0,0) size 12x12
                                      LayoutText {#text} at (14,2) size 12x12
                                        text run at (14,2) width 12: "12"
                                  LayoutTableCell {TD} at (129,176) size 33x16 [r=11 c=3 rs=1 cs=1]
                                    LayoutInline {FONT} at (0,0) size 17x12
                                      LayoutText {#text} at (14,2) size 17x12
                                        text run at (14,2) width 17: "221"
                                  LayoutTableCell {TD} at (162,176) size 27x16 [r=11 c=4 rs=1 cs=1]
                                    LayoutInline {FONT} at (0,0) size 20x12
                                      LayoutText {#text} at (5,2) size 20x12
                                        text run at (5,2) width 20: "18.4"
                                  LayoutTableCell {TD} at (189,176) size 33x16 [r=11 c=5 rs=1 cs=1]
                                    LayoutInline {FONT} at (0,0) size 17x12
                                      LayoutText {#text} at (14,2) size 17x12
                                        text run at (14,2) width 17: "328"
                                  LayoutTableCell {TD} at (222,176) size 28x16 [r=11 c=6 rs=1 cs=1]
                                    LayoutInline {FONT} at (0,0) size 20x12
                                      LayoutText {#text} at (6,2) size 20x12
                                        text run at (6,2) width 20: "27.3"
                                LayoutTableRow {TR} at (0,192) size 250x16 [bgcolor=#FFFFFF]
                                  LayoutTableCell {TD} at (0,192) size 31x16 [r=12 c=0 rs=1 cs=1]
                                    LayoutInline {FONT} at (0,0) size 26x12
                                      LayoutText {#text} at (2,2) size 26x12
                                        text run at (2,2) width 26: "70-71"
                                  LayoutTableCell {TD} at (31,192) size 70x16 [r=12 c=1 rs=1 cs=1]
                                    LayoutInline {FONT} at (0,0) size 51x12
                                      LayoutText {#text} at (2,2) size 51x12
                                        text run at (2,2) width 51: "L.A. Lakers"
                                  LayoutTableCell {TD} at (101,192) size 28x16 [r=12 c=2 rs=1 cs=1]
                                    LayoutInline {FONT} at (0,0) size 12x12
                                      LayoutText {#text} at (14,2) size 12x12
                                        text run at (14,2) width 12: "82"
                                  LayoutTableCell {TD} at (129,192) size 33x16 [r=12 c=3 rs=1 cs=1]
                                    LayoutInline {FONT} at (0,0) size 23x12
                                      LayoutText {#text} at (8,2) size 23x12
                                        text run at (8,2) width 23: "1493"
                                  LayoutTableCell {TD} at (162,192) size 27x16 [r=12 c=4 rs=1 cs=1]
                                    LayoutInline {FONT} at (0,0) size 20x12
                                      LayoutText {#text} at (5,2) size 20x12
                                        text run at (5,2) width 20: "18.2"
                                  LayoutTableCell {TD} at (189,192) size 33x16 [r=12 c=5 rs=1 cs=1]
                                    LayoutInline {FONT} at (0,0) size 23x12
                                      LayoutText {#text} at (8,2) size 23x12
                                        text run at (8,2) width 23: "1696"
                                  LayoutTableCell {TD} at (222,192) size 28x16 [r=12 c=6 rs=1 cs=1]
                                    LayoutInline {FONT} at (0,0) size 20x12
                                      LayoutText {#text} at (6,2) size 20x12
                                        text run at (6,2) width 20: "20.7"
                                LayoutTableRow {TR} at (0,208) size 250x16 [bgcolor=#FFFFFF]
                                  LayoutTableCell {TD} at (0,208) size 31x16 [r=13 c=0 rs=1 cs=1]
                                    LayoutInline {FONT} at (0,0) size 26x12
                                      LayoutText {#text} at (2,2) size 26x12
                                        text run at (2,2) width 26: "71-72"
                                  LayoutTableCell {TD} at (31,208) size 70x16 [r=13 c=1 rs=1 cs=1]
                                    LayoutInline {FONT} at (0,0) size 51x12
                                      LayoutText {#text} at (2,2) size 51x12
                                        text run at (2,2) width 51: "L.A. Lakers"
                                  LayoutTableCell {TD} at (101,208) size 28x16 [r=13 c=2 rs=1 cs=1]
                                    LayoutInline {FONT} at (0,0) size 12x12
                                      LayoutText {#text} at (14,2) size 12x12
                                        text run at (14,2) width 12: "82"
                                  LayoutTableCell {TD} at (129,208) size 33x16 [r=13 c=3 rs=1 cs=1]
                                    LayoutInline {FONT} at (0,0) size 23x12
                                      LayoutText {#text} at (8,2) size 23x12
                                        text run at (8,2) width 23: "1572"
                                  LayoutTableCell {TD} at (162,208) size 27x16 [r=13 c=4 rs=1 cs=1]
                                    LayoutInline {FONT} at (0,0) size 20x12
                                      LayoutText {#text} at (5,2) size 20x12
                                        text run at (5,2) width 20: "19.2"
                                  LayoutTableCell {TD} at (189,208) size 33x16 [r=13 c=5 rs=1 cs=1]
                                    LayoutInline {FONT} at (0,0) size 23x12
                                      LayoutText {#text} at (8,2) size 23x12
                                        text run at (8,2) width 23: "1213"
                                  LayoutTableCell {TD} at (222,208) size 28x16 [r=13 c=6 rs=1 cs=1]
                                    LayoutInline {FONT} at (0,0) size 20x12
                                      LayoutText {#text} at (6,2) size 20x12
                                        text run at (6,2) width 20: "14.8"
                                LayoutTableRow {TR} at (0,224) size 250x16 [bgcolor=#FFFFFF]
                                  LayoutTableCell {TD} at (0,224) size 31x16 [r=14 c=0 rs=1 cs=1]
                                    LayoutInline {FONT} at (0,0) size 26x12
                                      LayoutText {#text} at (2,2) size 26x12
                                        text run at (2,2) width 26: "72-73"
                                  LayoutTableCell {TD} at (31,224) size 70x16 [r=14 c=1 rs=1 cs=1]
                                    LayoutInline {FONT} at (0,0) size 51x12
                                      LayoutText {#text} at (2,2) size 51x12
                                        text run at (2,2) width 51: "L.A. Lakers"
                                  LayoutTableCell {TD} at (101,224) size 28x16 [r=14 c=2 rs=1 cs=1]
                                    LayoutInline {FONT} at (0,0) size 12x12
                                      LayoutText {#text} at (14,2) size 12x12
                                        text run at (14,2) width 12: "82"
                                  LayoutTableCell {TD} at (129,224) size 33x16 [r=14 c=3 rs=1 cs=1]
                                    LayoutInline {FONT} at (0,0) size 23x12
                                      LayoutText {#text} at (8,2) size 23x12
                                        text run at (8,2) width 23: "1526"
                                  LayoutTableCell {TD} at (162,224) size 27x16 [r=14 c=4 rs=1 cs=1]
                                    LayoutInline {FONT} at (0,0) size 20x12
                                      LayoutText {#text} at (5,2) size 20x12
                                        text run at (5,2) width 20: "18.6"
                                  LayoutTableCell {TD} at (189,224) size 33x16 [r=14 c=5 rs=1 cs=1]
                                    LayoutInline {FONT} at (0,0) size 23x12
                                      LayoutText {#text} at (8,2) size 23x12
                                        text run at (8,2) width 23: "1084"
                                  LayoutTableCell {TD} at (222,224) size 28x16 [r=14 c=6 rs=1 cs=1]
                                    LayoutInline {FONT} at (0,0) size 20x12
                                      LayoutText {#text} at (6,2) size 20x12
                                        text run at (6,2) width 20: "13.2"
                                LayoutTableRow {TR} at (0,240) size 250x16 [bgcolor=#FFFFFF]
                                  LayoutTableCell {TD} at (0,240) size 101x16 [r=15 c=0 rs=1 cs=2]
                                    LayoutInline {FONT} at (0,0) size 27x12
                                      LayoutText {#text} at (2,2) size 27x12
                                        text run at (2,2) width 27: "Totals"
                                  LayoutTableCell {TD} at (101,240) size 28x16 [r=15 c=2 rs=1 cs=1]
                                    LayoutInline {FONT} at (0,0) size 23x12
                                      LayoutText {#text} at (3,2) size 23x12
                                        text run at (3,2) width 23: "1045"
                                  LayoutTableCell {TD} at (129,240) size 33x16 [r=15 c=3 rs=1 cs=1]
                                    LayoutInline {FONT} at (0,0) size 28x12
                                      LayoutText {#text} at (3,2) size 28x12
                                        text run at (3,2) width 28: "23924"
                                  LayoutTableCell {TD} at (162,240) size 27x16 [r=15 c=4 rs=1 cs=1]
                                    LayoutInline {FONT} at (0,0) size 20x12
                                      LayoutText {#text} at (5,2) size 20x12
                                        text run at (5,2) width 20: "22.9"
                                  LayoutTableCell {TD} at (189,240) size 33x16 [r=15 c=5 rs=1 cs=1]
                                    LayoutInline {FONT} at (0,0) size 28x12
                                      LayoutText {#text} at (3,2) size 28x12
                                        text run at (3,2) width 28: "31419"
                                  LayoutTableCell {TD} at (222,240) size 28x16 [r=15 c=6 rs=1 cs=1]
                                    LayoutInline {FONT} at (0,0) size 20x12
                                      LayoutText {#text} at (6,2) size 20x12
                                        text run at (6,2) width 20: "30.1"
                            LayoutBlockFlow {HR} at (2,266) size 250x1 [border: (1px inset #EEEEEE) none (1px inset #EEEEEE)]
                    LayoutText {#text} at (0,0) size 179x216
                      text run at (0,0) width 167: "Known as ``Wilt the Stilt''"
                      text run at (0,18) width 171: "and ``The Big Dipper,'' the"
                      text run at (0,36) width 140: "7-foot-1 Chamberlain"
                      text run at (0,54) width 164: "dominated the NBA from"
                      text run at (0,72) width 165: "1959 through 1973, when"
                      text run at (0,90) width 108: "he played for the"
                      text run at (0,108) width 170: "Philadelphia (later the San"
                      text run at (0,126) width 155: "Francisco) Warriors, the"
                      text run at (0,144) width 160: "76ers and the Lakers. He"
                      text run at (0,162) width 179: "scored 31,419 points during"
                      text run at (0,180) width 165: "his career, averaging 30.1"
                      text run at (0,198) width 131: "points for his career."
                  LayoutBlockFlow {P} at (0,232) size 440x54
                    LayoutText {#text} at (0,0) size 158x54
                      text run at (0,0) width 158: "He also led the league in"
                      text run at (0,18) width 149: "career rebounding with"
                      text run at (0,36) width 48: "23,924."
                  LayoutBlockFlow {P} at (0,302) size 440x72
                    LayoutText {#text} at (0,0) size 440x72
                      text run at (0,0) width 406: "One of only two men named MVP and rookie of the year in the"
                      text run at (0,18) width 440: "same season (1959), he was also MVP in 1966 through 1968. He led"
                      text run at (0,36) width 418: "the NBA in scoring seven straight seasons, 1960 to 1966, and led"
                      text run at (0,54) width 295: "the league in rebounding 11 of his 14 seasons."
                  LayoutBlockFlow {P} at (0,390) size 440x54
                    LayoutText {#text} at (0,0) size 439x54
                      text run at (0,0) width 406: "One of his most famous records is the 100 points he scored in a"
                      text run at (0,18) width 439: "single game in the Philadelphia Warriors' 169-147 defeat of the New"
                      text run at (0,36) width 304: "York Knicks on March 2, 1962, in Hershey, Pa."
