layer at (0,0) size 800x600
  LayoutView at (0,0) size 800x600
layer at (0,0) size 800x202
  LayoutBlockFlow {HTML} at (0,0) size 800x202
    LayoutBlockFlow {BODY} at (8,8) size 784x186
      LayoutBlockFlow (anonymous) at (0,0) size 784x18
        LayoutText {#text} at (0,0) size 211x18
          text run at (0,0) width 211: "Both tables should look identical"
      LayoutTable {TABLE} at (0,18) size 200x84 [border: (1px outset #808080)]
        LayoutBlockFlow {CAPTION} at (0,0) size 200x37
          LayoutText {#text} at (52,0) size 96x37
            text run at (52,0) width 96: "caption"
        LayoutTableSection {TBODY} at (1,38) size 198x45
          LayoutTableRow {TR} at (0,2) size 198x41
            LayoutTableCell {TD} at (2,2) size 194x41 [border: (1px inset #808080)] [r=0 c=0 rs=1 cs=1]
              LayoutText {#text} at (2,2) size 63x37
                text run at (2,2) width 63: "cell1"
      LayoutTable {TABLE} at (0,102) size 200x84 [border: (1px outset #808080)]
        LayoutBlockFlow {CAPTION} at (0,0) size 200x37
          LayoutText {#text} at (52,0) size 96x37
            text run at (52,0) width 96: "caption"
        LayoutTableSection {TBODY} at (1,38) size 198x45
          LayoutTableRow {TR} at (0,2) size 198x41
            LayoutTableCell {TD} at (2,2) size 194x41 [border: (1px inset #808080)] [r=0 c=0 rs=1 cs=1]
              LayoutText {#text} at (2,2) size 63x37
                text run at (2,2) width 63: "cell1"
