layer at (0,0) size 800x600
  LayoutView at (0,0) size 800x600
layer at (0,0) size 800x600
  LayoutBlockFlow {HTML} at (0,0) size 800x600
    LayoutBlockFlow {BODY} at (8,8) size 784x584
      LayoutBlockFlow {CENTER} at (0,0) size 784x200
        LayoutTable {TABLE} at (76.50,0) size 631x200 [border: (1px solid #FF0000)]
          LayoutTableSection {TBODY} at (1,1) size 628x197
            LayoutTableRow {TR} at (0,0) size 628x22
              LayoutTableCell {TD} at (0,0) size 628x22 [border: (2px solid #FF0000)] [r=0 c=0 rs=1 cs=2]
                LayoutText {#text} at (3,3) size 180x18
                  text run at (3,3) width 180: "parent table, 1st row, 1st col"
            LayoutTableRow {TR} at (0,22) size 628x175
              LayoutTableCell {TD} at (0,22) size 143x175 [border: (1px solid #FF0000)] [r=1 c=0 rs=1 cs=1]
                LayoutBlockFlow {FORM} at (3,2) size 139x155
                  LayoutTable {TABLE} at (0,0) size 139x155 [border: (1px solid #00FF00)]
                    LayoutTableSection {TBODY} at (1,1) size 136x152
                      LayoutTableRow {TR} at (0,0) size 136x22
                        LayoutTableCell {TD} at (0,0) size 136x22 [border: (2px solid #00FF00)] [r=0 c=0 rs=1 cs=1]
                          LayoutText {#text} at (3,3) size 24x18
                            text run at (3,3) width 24: "text"
                      LayoutTableRow {TR} at (0,22) size 136x37
                        LayoutTableCell {TD} at (0,22) size 136x37 [border: (1px solid #00FF00)] [r=1 c=0 rs=1 cs=1]
                          LayoutTable {TABLE} at (3,2) size 131x34 [border: (1px solid #FFFF00)]
                            LayoutTableSection {TBODY} at (1,1) size 128x31
                              LayoutTableRow {TR} at (0,0) size 128x31
                                LayoutTableCell {TD} at (0,3) size 99x24 [border: (2px solid #FFFF00)] [r=0 c=0 rs=1 cs=1]
                                  LayoutTextControl {INPUT} at (3,3) size 77x19 [bgcolor=#FFFFFF] [border: (2px inset #EEEEEE)]
                                  LayoutText {#text} at (0,0) size 0x0
                                LayoutTableCell {TD} at (99,0) size 29x31 [border: (2px solid #FFFF00)] [r=0 c=1 rs=1 cs=1]
                                  LayoutImage {INPUT} at (5,7) size 19x18
                                  LayoutText {#text} at (0,0) size 0x0
                      LayoutTableRow {TR} at (0,59) size 136x21
                        LayoutTableCell {TD} at (0,59) size 136x21 [border: (1px solid #00FF00)] [r=2 c=0 rs=1 cs=1]
                          LayoutText {#text} at (3,2) size 24x18
                            text run at (3,2) width 24: "text"
                      LayoutTableRow {TR} at (0,80) size 136x50
                        LayoutTableCell {TD} at (0,80) size 136x50 [border: (1px solid #00FF00)] [r=3 c=0 rs=1 cs=1]
                          LayoutBlockFlow (anonymous) at (3,2) size 131x0
                            LayoutInline {FONT} at (0,0) size 0x0
                          LayoutTable {TABLE} at (3,2) size 131x47 [border: (1px solid #FF00FF)]
                            LayoutTableSection {TBODY} at (1,1) size 128x44
                              LayoutTableRow {TR} at (0,0) size 128x22
                                LayoutTableCell {TD} at (0,0) size 128x22 [border: (2px solid #FF00FF)] [r=0 c=0 rs=1 cs=1]
                                  LayoutText {#text} at (3,3) size 54x18
                                    text run at (3,3) width 54: "problem"
                              LayoutTableRow {TR} at (0,22) size 128x22
                                LayoutTableCell {TD} at (0,22) size 128x22 [border: (1px solid #FF00FF)] [r=1 c=0 rs=1 cs=1]
                                  LayoutText {#text} at (3,2) size 54x18
                                    text run at (3,2) width 54: "problem"
                      LayoutTableRow {TR} at (0,130) size 136x22
                        LayoutTableCell {TD} at (0,130) size 136x22 [border: (1px solid #00FF00)] [r=4 c=0 rs=1 cs=1]
                          LayoutText {#text} at (3,2) size 24x18
                            text run at (3,2) width 24: "text"
              LayoutTableCell {TD} at (143,22) size 485x30 [border: (1px solid #FF0000)] [r=1 c=1 rs=1 cs=1]
                LayoutTable {TABLE} at (2,2) size 481x26 [border: (1px solid #0000FF)]
                  LayoutTableSection {TBODY} at (1,1) size 478x23
                    LayoutTableRow {TR} at (0,0) size 478x23
                      LayoutTableCell {TD} at (0,0) size 478x23 [border: (2px solid #0000FF)] [r=0 c=0 rs=1 cs=1]
                        LayoutText {#text} at (3,3) size 48x18
                          text run at (3,3) width 48: "overlap"
layer at (100,68) size 71x13
  LayoutBlockFlow {DIV} at (3,3) size 71x13
