layer at (0,0) size 800x600
  LayoutView at (0,0) size 800x600
layer at (0,0) size 800x600
  LayoutBlockFlow {HTML} at (0,0) size 800x600
    LayoutBlockFlow {BODY} at (8,8) size 784x584 [bgcolor=#FFFFFF]
      LayoutTable {TABLE} at (0,0) size 53x18 [bgcolor=#00FF00]
        LayoutTableSection {TBODY} at (0,0) size 53x18
          LayoutTableRow {TR} at (0,0) size 53x18
            LayoutTableCell {TD} at (0,1) size 7x15 [r=0 c=0 rs=1 cs=1]
              LayoutImage {IMG} at (0,0) size 7x15
            LayoutTableCell {TD} at (7,0) size 40x18 [r=0 c=1 rs=1 cs=1]
              LayoutText {#text} at (0,0) size 40x18
                text run at (0,0) width 40: "Home"
            LayoutTableCell {TD} at (47,1) size 6x15 [r=0 c=2 rs=1 cs=1]
              LayoutImage {IMG} at (0,0) size 6x15
