layer at (0,0) size 800x600
  LayoutView at (0,0) size 800x600
layer at (0,0) size 800x600
  LayoutBlockFlow {HTML} at (0,0) size 800x600
    LayoutBlockFlow {BODY} at (8,8) size 784x584 [bgcolor=#FFFFFF]
      LayoutTable {TABLE} at (0,0) size 480x54 [bgcolor=#000000]
        LayoutTableSection {TBODY} at (0,0) size 480x54
          LayoutTableRow {TR} at (0,0) size 480x54
            LayoutTableCell {TD} at (0,0) size 480x54 [r=0 c=0 rs=1 cs=1]
              LayoutTable {TABLE} at (1,1) size 478x52 [bgcolor=#959595]
                LayoutTableSection {TBODY} at (0,0) size 478x52
                  LayoutTableRow {TR} at (0,0) size 478x26
                    LayoutTableCell {TD} at (0,0) size 478x26 [bgcolor=#6666CC] [r=0 c=0 rs=1 cs=1]
                      LayoutInline {FONT} at (0,0) size 230x17 [color=#FFFFFF]
                        LayoutInline {B} at (0,0) size 230x17
                          LayoutText {#text} at (124,4) size 230x17
                            text run at (124,4) width 188: "BrowserWatch Headline "
                            text run at (311,4) width 43: "News"
                  LayoutTableRow {TR} at (0,26) size 478x26
                    LayoutTableCell {TD} at (0,26) size 478x26 [bgcolor=#D4D4D4] [r=1 c=0 rs=1 cs=1]
                      LayoutText {#text} at (4,4) size 24x18
                        text run at (4,4) width 24: "xxx"
