layer at (0,0) size 800x600
  LayoutView at (0,0) size 800x600
layer at (0,0) size 800x600
  LayoutBlockFlow {HTML} at (0,0) size 800x600
    LayoutBlockFlow {BODY} at (8,8) size 784x584 [bgcolor=#FFFFFF]
      LayoutTable {TABLE} at (0,0) size 604x50 [border: (1px outset #808080)]
        LayoutTableSection {TBODY} at (1,1) size 602x48
          LayoutTableRow {TR} at (0,0) size 602x28
            LayoutTableCell {TD} at (0,0) size 602x28 [border: (1px inset #808080)] [r=0 c=0 rs=1 cs=3]
              LayoutTable {TABLE} at (1,1) size 600x26 [border: (1px outset #808080)]
                LayoutTableSection {TBODY} at (1,1) size 598x24
                  LayoutTableRow {TR} at (0,0) size 598x24
                    LayoutTableCell {TD} at (0,0) size 598x24 [border: (1px inset #808080)] [r=0 c=0 rs=1 cs=1]
                      LayoutTable {TABLE} at (1,1) size 596x22 [border: (1px outset #808080)]
                        LayoutTableSection {TBODY} at (1,1) size 594x20
                          LayoutTableRow {TR} at (0,0) size 594x20 [bgcolor=#FF0000]
                            LayoutTableCell {TD} at (0,0) size 594x20 [border: (1px inset #808080)] [r=0 c=0 rs=1 cs=1]
                              LayoutText {#text} at (1,1) size 54x18
                                text run at (1,1) width 54: "cell data"
                              LayoutText {#text} at (0,0) size 0x0
          LayoutTableRow {TR} at (0,28) size 602x20
            LayoutTableCell {TD} at (0,28) size 602x20 [border: (1px inset #808080)] [r=1 c=0 rs=1 cs=1]
              LayoutText {#text} at (1,1) size 66x18
                text run at (1,1) width 66: "cell data 2"
