layer at (0,0) size 800x600
  LayoutView at (0,0) size 800x600
layer at (0,0) size 800x600
  LayoutBlockFlow {HTML} at (0,0) size 800x600
    LayoutBlockFlow {BODY} at (8,8) size 784x584
      LayoutBlockFlow (anonymous) at (0,0) size 784x18
        LayoutText {#text} at (0,0) size 234x18
          text run at (0,0) width 234: "There should be text below this line:"
      LayoutTable (anonymous) at (0,18) size 121x18
        LayoutTableSection (anonymous) at (0,0) size 121x18
          LayoutTableRow {DIV} at (0,0) size 121x18
            LayoutTableCell (anonymous) at (0,0) size 121x18 [r=0 c=0 rs=1 cs=1]
              LayoutText {#text} at (0,0) size 121x18
                text run at (0,0) width 121: "Second line of text"
