layer at (0,0) size 800x600
  LayoutView at (0,0) size 800x600
layer at (0,0) size 800x86
  LayoutBlockFlow {HTML} at (0,0) size 800x86
    LayoutBlockFlow {BODY} at (8,16) size 784x62
      LayoutBlockFlow {P} at (0,0) size 784x18
        LayoutText {#text} at (0,0) size 300x18
          text run at (0,0) width 300: "The background color should span all columns"
      LayoutTable {TABLE} at (0,34) size 464x28 [border: (1px outset #808080)]
        LayoutTableCol {COLGROUP} at (0,0) size 0x0
          LayoutTableCol {COL} at (0,0) size 0x0 [bgcolor=#00FF00]
        LayoutTableSection {TBODY} at (1,1) size 462x26
          LayoutTableRow {TR} at (0,2) size 462x22
            LayoutTableCell {TD} at (2,2) size 113x22 [border: (1px inset #808080)] [r=0 c=0 rs=1 cs=1]
              LayoutText {#text} at (2,2) size 109x18
                text run at (2,2) width 109: "Column 1, row 1"
            LayoutTableCell {TD} at (117,2) size 113x22 [border: (1px inset #808080)] [r=0 c=1 rs=1 cs=1]
              LayoutText {#text} at (2,2) size 109x18
                text run at (2,2) width 109: "Column 2, row 1"
            LayoutTableCell {TD} at (232,2) size 113x22 [border: (1px inset #808080)] [r=0 c=2 rs=1 cs=1]
              LayoutText {#text} at (2,2) size 109x18
                text run at (2,2) width 109: "Column 3, row 1"
            LayoutTableCell {TD} at (347,2) size 113x22 [border: (1px inset #808080)] [r=0 c=3 rs=1 cs=1]
              LayoutText {#text} at (2,2) size 109x18
                text run at (2,2) width 109: "Column 4, row 1"
