layer at (0,0) size 800x600
  LayoutView at (0,0) size 800x600
layer at (0,0) size 800x600
  LayoutBlockFlow {HTML} at (0,0) size 800x600
    LayoutBlockFlow {BODY} at (8,8) size 784x584
      LayoutTable {TABLE} at (0,0) size 300x46 [border: (2px outset #808080)]
        LayoutTableSection {TBODY} at (2,2) size 296x42
          LayoutTableRow {TR} at (0,0) size 296x42
            LayoutTableCell {TD} at (0,0) size 296x42 [bgcolor=#FFFF00] [border: (1px inset #808080)] [r=0 c=0 rs=1 cs=1]
              LayoutBlockFlow {CENTER} at (3,3) size 290x36
                LayoutInline {A} at (0,0) size 0x0 [color=#0000EE]
                  LayoutBlockFlow (floating) {IMG} at (0,0) size 20x20
                LayoutText {#text} at (0,0) size 0x0
                LayoutInline {A} at (0,0) size 189x36 [color=#0000EE]
                  LayoutInline {FONT} at (0,0) size 189x36 [color=#000000]
                    LayoutText {#text} at (62,0) size 189x18
                      text run at (62,0) width 113: "Free Homepage! "
                      text run at (174,0) width 77: "Free Email!"
                    LayoutBR {BR} at (250,14) size 1x0
                    LayoutText {#text} at (69,18) size 175x18
                      text run at (69,18) width 44: "It's all "
                      text run at (112,18) width 132: "yours at ACMEcity!"
layer at (13,13) size 20x20 clip at (14,14) size 18x18
  LayoutBlockFlow {DIV} at (0,0) size 20x20 [border: (1px solid #C0C0C0)]
    LayoutImage (floating) {IMG} at (2,2) size 16x16
layer at (31,15) size 0x0
  LayoutBlockFlow {DIV} at (18,2) size 0x0
