layer at (0,0) size 800x600
  LayoutView at (0,0) size 800x600
layer at (0,0) size 800x600
  LayoutBlockFlow {HTML} at (0,0) size 800x600
    LayoutBlockFlow {BODY} at (8,8) size 784x584
      LayoutTable {TABLE} at (0,0) size 784x36
        LayoutTableSection {TBODY} at (0,0) size 784x36
          LayoutTableRow {TR} at (0,0) size 784x36
            LayoutTableCell {TD} at (0,0) size 135x36 [bgcolor=#DDDDDD] [r=0 c=0 rs=1 cs=1]
              LayoutTable {TABLE} at (0,0) size 135x36
                LayoutTableSection {TBODY} at (0,0) size 135x36
                  LayoutTableRow {TR} at (0,0) size 135x36
                    LayoutTableCell {TD} at (0,0) size 135x36 [r=0 c=0 rs=1 cs=1]
                      LayoutText {#text} at (0,0) size 90x36
                        text run at (0,0) width 90: "should be 135"
                        text run at (0,18) width 44: "pixels-"
            LayoutTableCell {TD} at (135,0) size 649x36 [r=0 c=1 rs=1 cs=1]
              LayoutText {#text} at (0,0) size 631x36
                text run at (0,0) width 480: "Spain stretched their unbeaten streak to six games as they beat Croatia 3-1 "
                text run at (479,0) width 152: "in a friendly at Seville's"
                text run at (0,18) width 317: "new Olympic stadium which was inaugurated on "
                text run at (316,18) width 78: "Wednesday."
