layer at (0,0) size 800x600
  LayoutView at (0,0) size 800x600
layer at (0,0) size 800x600
  LayoutBlockFlow {HTML} at (0,0) size 800x600
    LayoutBlockFlow {BODY} at (8,8) size 784x584
      LayoutBlockFlow {P} at (0,0) size 784x18
        LayoutText {#text} at (0,0) size 367x18
          text run at (0,0) width 367: "this table is regular html and the cell has a class attribute:"
      LayoutTable {TABLE} at (0,34) size 125x80 [border: (2px outset #808080)]
        LayoutTableSection {TBODY} at (2,2) size 121x76
          LayoutTableRow {TR} at (0,2) size 121x70
            LayoutTableCell {TD} at (2,2) size 117x70 [border: (1px inset #808080)] [r=0 c=0 rs=1 cs=1]
              LayoutText {#text} at (26,26) size 65x18
                text run at (26,26) width 65: "padding?"
          LayoutTableRow {TR} at (0,74) size 121x0
      LayoutBlockFlow {P} at (0,130) size 784x36
        LayoutText {#text} at (0,0) size 768x36
          text run at (0,0) width 500: "this table is partly created by javascript code and the cell has a class attribute. "
          text run at (499,0) width 269: "this is where the text appears to the left of"
          text run at (0,18) width 271: "the left margin created by the cellpadding:"
      LayoutTable {TABLE} at (0,182) size 125x80 [border: (2px outset #808080)]
        LayoutTableSection {TBODY} at (2,2) size 121x76
          LayoutTableRow {TR} at (0,2) size 121x70
            LayoutTableCell {TD} at (2,2) size 117x70 [border: (1px inset #808080)] [r=0 c=0 rs=1 cs=1]
              LayoutText {#text} at (26,26) size 65x18
                text run at (26,26) width 65: "padding?"
          LayoutTableRow {TR} at (0,74) size 121x0
      LayoutBlockFlow {P} at (0,278) size 784x36
        LayoutText {#text} at (0,0) size 774x36
          text run at (0,0) width 509: "this table is partly created by javascript code and the cell has no class attribute. "
          text run at (508,0) width 266: "here the text obeys the cellpadding value,"
          text run at (0,18) width 583: "although there is another problem with this table that i'm filing under a separate bug report:"
      LayoutTable {TABLE} at (0,330) size 119x80 [border: (2px outset #808080)]
        LayoutTableSection {TBODY} at (2,2) size 115x76
          LayoutTableRow {TR} at (0,2) size 115x70
            LayoutTableCell {TD} at (2,2) size 111x70 [border: (1px inset #808080)] [r=0 c=0 rs=1 cs=1]
              LayoutText {#text} at (26,26) size 59x18
                text run at (26,26) width 59: "padding?"
          LayoutTableRow {TR} at (0,74) size 115x0
