layer at (0,0) size 800x600
  LayoutView at (0,0) size 800x600
layer at (0,0) size 800x116
  LayoutBlockFlow {HTML} at (0,0) size 800x116
    LayoutBlockFlow {BODY} at (8,8) size 784x100
      LayoutBlockFlow (anonymous) at (0,0) size 784x18
        LayoutText {#text} at (0,0) size 4x18
          text run at (0,0) width 4: " "
      LayoutTable {TABLE} at (0,18) size 240x82 [border: (1px outset #808080)]
        LayoutTableSection {TBODY} at (1,1) size 238x80
          LayoutTableRow {TR} at (0,2) size 238x24
            LayoutTableCell {TD} at (2,2) size 14x24 [border: (1px inset #808080)] [r=0 c=0 rs=1 cs=1]
              LayoutText {#text} at (3,3) size 8x18
                text run at (3,3) width 8: "1"
            LayoutTableCell {TD} at (18,15) size 138x24 [border: (1px inset #808080)] [r=0 c=1 rs=2 cs=2]
              LayoutText {#text} at (3,3) size 132x18
                text run at (3,3) width 132: "colspan 2 rowspan 2"
            LayoutTableCell {TD} at (158,2) size 22x24 [border: (1px inset #808080)] [r=0 c=3 rs=1 cs=1]
              LayoutText {#text} at (3,3) size 8x18
                text run at (3,3) width 8: "3"
          LayoutTableRow {TR} at (0,28) size 238x24
            LayoutTableCell {TD} at (2,28) size 14x24 [border: (1px inset #808080)] [r=1 c=0 rs=1 cs=1]
              LayoutText {#text} at (3,3) size 8x18
                text run at (3,3) width 8: "4"
            LayoutTableCell {TD} at (158,28) size 22x24 [border: (1px inset #808080)] [r=1 c=3 rs=1 cs=1]
              LayoutText {#text} at (3,3) size 8x18
                text run at (3,3) width 8: "5"
            LayoutTableCell {TD} at (182,28) size 22x24 [border: (1px inset #808080)] [r=1 c=4 rs=1 cs=1]
              LayoutText {#text} at (3,3) size 8x18
                text run at (3,3) width 8: "6"
            LayoutTableCell {TD} at (206,28) size 14x24 [border: (1px inset #808080)] [r=1 c=5 rs=1 cs=1]
              LayoutText {#text} at (3,3) size 8x18
                text run at (3,3) width 8: "7"
            LayoutTableCell {TD} at (222,28) size 14x24 [border: (1px inset #808080)] [r=1 c=6 rs=1 cs=1]
              LayoutText {#text} at (3,3) size 8x18
                text run at (3,3) width 8: "8"
          LayoutTableRow {TR} at (0,54) size 238x24
            LayoutTableCell {TD} at (2,54) size 14x24 [border: (1px inset #808080)] [r=2 c=0 rs=1 cs=1]
              LayoutText {#text} at (3,3) size 8x18
                text run at (3,3) width 8: "9"
            LayoutTableCell {TD} at (18,54) size 68x24 [border: (1px inset #808080)] [r=2 c=1 rs=1 cs=1]
              LayoutText {#text} at (3,3) size 16x18
                text run at (3,3) width 16: "10"
            LayoutTableCell {TD} at (88,54) size 68x24 [border: (1px inset #808080)] [r=2 c=2 rs=1 cs=1]
              LayoutText {#text} at (3,3) size 16x18
                text run at (3,3) width 16: "11"
            LayoutTableCell {TD} at (158,54) size 22x24 [border: (1px inset #808080)] [r=2 c=3 rs=1 cs=1]
              LayoutText {#text} at (3,3) size 16x18
                text run at (3,3) width 16: "12"
            LayoutTableCell {TD} at (182,54) size 22x24 [border: (1px inset #808080)] [r=2 c=4 rs=1 cs=1]
              LayoutText {#text} at (3,3) size 16x18
                text run at (3,3) width 16: "13"
