layer at (0,0) size 800x600
  LayoutView at (0,0) size 800x600
layer at (0,0) size 800x600
  LayoutBlockFlow {HTML} at (0,0) size 800x600
    LayoutBlockFlow {BODY} at (8,8) size 784x584
      LayoutTable {TABLE} at (0,0) size 136x34 [border: (1px outset #808080)]
        LayoutTableSection {TBODY} at (1,1) size 134x32
          LayoutTableRow {TR} at (0,2) size 134x28
            LayoutTableCell {TD} at (2,2) size 130x28 [border: (1px inset #808080)] [r=0 c=0 rs=1 cs=1]
              LayoutTable {TABLE} at (2,2) size 126x24 [bgcolor=#FFCC99]
                LayoutTableSection {TBODY} at (0,0) size 126x24
                  LayoutTableRow {TR} at (0,2) size 126x20
                    LayoutTableCell {TD} at (2,2) size 32x20 [bgcolor=#FF6600] [r=0 c=0 rs=1 cs=1]
                      LayoutText {#text} at (1,1) size 30x18
                        text run at (1,1) width 30: "Find"
                    LayoutTableCell {TD} at (36,2) size 88x20 [r=0 c=1 rs=1 cs=1]
                      LayoutText {#text} at (1,1) size 86x18
                        text run at (1,1) width 86: "rick was here"
