layer at (0,0) size 800x600
  LayoutView at (0,0) size 800x600
layer at (0,0) size 800x600
  LayoutBlockFlow {HTML} at (0,0) size 800x600
    LayoutBlockFlow {BODY} at (8,8) size 784x584
      LayoutTable {TABLE} at (0,0) size 784x92
        LayoutTableSection {TBODY} at (0,0) size 784x92
          LayoutTableRow {TR} at (0,2) size 784x88
            LayoutTableCell {TD} at (2,2) size 640x88 [r=0 c=0 rs=1 cs=1]
              LayoutTable {TABLE} at (1,1) size 638x86
                LayoutTableSection {TBODY} at (0,0) size 638x86
                  LayoutTableRow {TR} at (0,2) size 638x82
                    LayoutTableCell {TD} at (2,2) size 634x82 [r=0 c=0 rs=1 cs=1]
                      LayoutText {#text} at (1,1) size 56x80
                        text run at (1,1) width 56: "inside of"
                        text run at (1,63) width 32: "table"
                      LayoutImage {IMG} at (32.09,19) size 600x58
            LayoutTableCell {TD} at (644,27) size 138x38 [r=0 c=1 rs=1 cs=1]
              LayoutText {#text} at (1,1) size 121x36
                text run at (1,1) width 121: "2nd row of outside"
                text run at (1,19) width 32: "table"
