layer at (0,0) size 800x600
  LayoutView at (0,0) size 800x600
layer at (0,0) size 800x600
  LayoutBlockFlow {HTML} at (0,0) size 800x600
    LayoutBlockFlow {BODY} at (8,8) size 784x584 [bgcolor=#FFFFFF]
      LayoutTable {TABLE} at (0,0) size 610x100 [border: (1px outset #808080)]
        LayoutTableSection {TBODY} at (1,1) size 608x98
          LayoutTableRow {TR} at (0,2) size 608x94
            LayoutTableCell {TD} at (2,17) size 479x64 [border: (1px inset #808080)] [r=0 c=0 rs=1 cs=1]
              LayoutTable (floating) {TABLE} at (2,2) size 475x60 [bgcolor=#BBBBBB]
                LayoutTableSection {TBODY} at (0,0) size 475x60
                  LayoutTableRow {TR} at (0,2) size 475x56
                    LayoutTableCell {TD} at (2,29) size 2x2 [r=0 c=0 rs=1 cs=1]
                    LayoutTableCell {TD} at (6,2) size 467x56 [r=0 c=1 rs=1 cs=1]
                      LayoutText {#text} at (1,1) size 221x18
                        text run at (1,1) width 221: "Welcome to the new DaveCentral!"
                      LayoutBR {BR} at (221,15) size 1x0
                      LayoutText {#text} at (1,19) size 440x36
                        text run at (1,19) width 86: "I have a new "
                        text run at (86,19) width 355: "Linux software archive as well as the Windows archive"
                        text run at (1,37) width 216: "you have come to know and love."
            LayoutTableCell {TD} at (483,2) size 123x94 [bgcolor=#99CCCC] [border: (1px inset #808080)] [r=0 c=1 rs=1 cs=1]
              LayoutText {#text} at (2,2) size 114x18
                text run at (2,2) width 114: "ANDOVER.NET"
              LayoutBR {BR} at (115,16) size 1x0
              LayoutText {#text} at (2,20) size 107x18
                text run at (2,20) width 107: "E-COMMERCE"
              LayoutBR {BR} at (108,34) size 1x0
              LayoutText {#text} at (2,38) size 104x54
                text run at (2,38) width 104: "Buy some smart"
                text run at (2,56) width 65: "stuff from"
                text run at (2,74) width 83: "Andover.Net"
