layer at (0,0) size 800x600
  LayoutView at (0,0) size 800x600
layer at (0,0) size 800x600
  LayoutBlockFlow {HTML} at (0,0) size 800x600
    LayoutBlockFlow {BODY} at (8,8) size 784x584
      LayoutBlockFlow (anonymous) at (0,0) size 784x0
        LayoutInline {B} at (0,0) size 0x0
          LayoutText {#text} at (0,0) size 0x0
          LayoutText {#text} at (0,0) size 0x0
      LayoutTable {TABLE} at (0,0) size 229x88 [border: (1px outset #808080)]
        LayoutTableSection {TBODY} at (1,1) size 227x86
          LayoutTableRow {TR} at (0,5) size 227x22
            LayoutTableCell {TD} at (5,5) size 119x22 [border: (1px inset #808080)] [r=0 c=0 rs=1 cs=1]
              LayoutText {#text} at (2,2) size 115x18
                text run at (2,2) width 115: "Click name to see"
            LayoutTableCell {TD} at (129,18) size 93x22 [bgcolor=#00FF00] [border: (1px inset #808080)] [r=0 c=1 rs=2 cs=1]
              LayoutText {#text} at (2,2) size 89x18
                text run at (2,2) width 89: "Mac Clbr Opt"
          LayoutTableRow {TR} at (0,32) size 227x22
            LayoutTableCell {TD} at (5,32) size 119x22 [border: (1px inset #808080)] [r=1 c=0 rs=1 cs=1]
              LayoutText {#text} at (2,2) size 41x18
                text run at (2,2) width 41: "Guilty"
          LayoutTableRow {TR} at (0,59) size 227x22
            LayoutTableCell {TD} at (5,59) size 119x22 [border: (1px inset #808080)] [r=2 c=0 rs=1 cs=1]
              LayoutText {#text} at (2,2) size 4x18
                text run at (2,2) width 4: " "
            LayoutTableCell {TD} at (129,59) size 93x22 [bgcolor=#FFFF00] [border: (1px inset #808080)] [r=2 c=1 rs=1 cs=1]
              LayoutText {#text} at (2,2) size 25x18
                text run at (2,2) width 25: "L C"
      LayoutBlockFlow (anonymous) at (0,88) size 784x18
        LayoutInline {B} at (0,0) size 0x18
          LayoutText {#text} at (0,0) size 0x0
          LayoutBR {BR} at (0,0) size 0x18
          LayoutInline {B} at (0,0) size 0x0
            LayoutText {#text} at (0,0) size 0x0
            LayoutText {#text} at (0,0) size 0x0
      LayoutBlockFlow (anonymous) at (0,106) size 784x115
        LayoutTable {TABLE} at (0,0) size 229x115 [border: (1px outset #808080)]
          LayoutTableSection {TBODY} at (1,1) size 227x113
            LayoutTableRow {TR} at (0,5) size 227x22
              LayoutTableCell {TD} at (5,5) size 119x22 [border: (1px inset #808080)] [r=0 c=0 rs=1 cs=1]
                LayoutText {#text} at (2,2) size 22x18
                  text run at (2,2) width 22: "foo"
              LayoutTableCell {TD} at (129,5) size 93x22 [border: (1px inset #808080)] [r=0 c=1 rs=1 cs=1]
                LayoutText {#text} at (2,2) size 21x18
                  text run at (2,2) width 21: "bar"
            LayoutTableRow {TR} at (0,32) size 227x22
              LayoutTableCell {TD} at (5,32) size 119x22 [border: (1px inset #808080)] [r=1 c=0 rs=1 cs=1]
                LayoutText {#text} at (2,2) size 115x18
                  text run at (2,2) width 115: "Click name to see"
              LayoutTableCell {TD} at (129,45) size 93x22 [bgcolor=#00FF00] [border: (1px inset #808080)] [r=1 c=1 rs=2 cs=1]
                LayoutText {#text} at (2,2) size 89x18
                  text run at (2,2) width 89: "Mac Clbr Opt"
            LayoutTableRow {TR} at (0,59) size 227x22
              LayoutTableCell {TD} at (5,59) size 119x22 [border: (1px inset #808080)] [r=2 c=0 rs=1 cs=1]
                LayoutText {#text} at (2,2) size 41x18
                  text run at (2,2) width 41: "Guilty"
            LayoutTableRow {TR} at (0,86) size 227x22
              LayoutTableCell {TD} at (5,86) size 119x22 [border: (1px inset #808080)] [r=3 c=0 rs=1 cs=1]
                LayoutText {#text} at (2,2) size 4x18
                  text run at (2,2) width 4: " "
              LayoutTableCell {TD} at (129,86) size 93x22 [bgcolor=#FFFF00] [border: (1px inset #808080)] [r=3 c=1 rs=1 cs=1]
                LayoutText {#text} at (2,2) size 25x18
                  text run at (2,2) width 25: "L C"
      LayoutBlockFlow (anonymous) at (0,221) size 784x18
        LayoutInline {B} at (0,0) size 0x18
          LayoutInline {B} at (0,0) size 0x18
            LayoutText {#text} at (0,0) size 0x0
            LayoutBR {BR} at (0,0) size 0x18
            LayoutInline {B} at (0,0) size 0x0
              LayoutText {#text} at (0,0) size 0x0
              LayoutText {#text} at (0,0) size 0x0
      LayoutBlockFlow (anonymous) at (0,239) size 784x88
        LayoutTable {TABLE} at (0,0) size 263x88 [border: (1px outset #808080)]
          LayoutTableSection {TBODY} at (1,1) size 261x86
            LayoutTableRow {TR} at (0,5) size 261x22
              LayoutTableCell {TD} at (5,5) size 119x22 [border: (1px inset #808080)] [r=0 c=0 rs=1 cs=1]
                LayoutText {#text} at (2,2) size 115x18
                  text run at (2,2) width 115: "Click name to see"
              LayoutTableCell {TD} at (129,32) size 93x22 [bgcolor=#00FF00] [border: (1px inset #808080)] [r=0 c=1 rs=3 cs=1]
                LayoutText {#text} at (2,2) size 89x18
                  text run at (2,2) width 89: "Mac Clbr Opt"
            LayoutTableRow {TR} at (0,32) size 261x22
              LayoutTableCell {TD} at (5,32) size 119x22 [border: (1px inset #808080)] [r=1 c=0 rs=1 cs=1]
                LayoutText {#text} at (2,2) size 41x18
                  text run at (2,2) width 41: "Guilty"
            LayoutTableRow {TR} at (0,59) size 261x22
              LayoutTableCell {TD} at (5,59) size 119x22 [border: (1px inset #808080)] [r=2 c=0 rs=1 cs=1]
                LayoutText {#text} at (2,2) size 4x18
                  text run at (2,2) width 4: " "
              LayoutTableCell {TD} at (227,59) size 29x22 [bgcolor=#FFFF00] [border: (1px inset #808080)] [r=2 c=2 rs=1 cs=1]
                LayoutText {#text} at (2,2) size 25x18
                  text run at (2,2) width 25: "L C"
      LayoutBlockFlow (anonymous) at (0,327) size 784x18
        LayoutInline {B} at (0,0) size 0x18
          LayoutInline {B} at (0,0) size 0x18
            LayoutInline {B} at (0,0) size 0x18
              LayoutText {#text} at (0,0) size 0x0
              LayoutBR {BR} at (0,0) size 0x18
              LayoutInline {B} at (0,0) size 0x0
                LayoutText {#text} at (0,0) size 0x0
                LayoutText {#text} at (0,0) size 0x0
      LayoutBlockFlow (anonymous) at (0,345) size 784x115
        LayoutTable {TABLE} at (0,0) size 263x115 [border: (1px outset #808080)]
          LayoutTableSection {TBODY} at (1,1) size 261x113
            LayoutTableRow {TR} at (0,5) size 261x22
              LayoutTableCell {TD} at (5,5) size 119x22 [border: (1px inset #808080)] [r=0 c=0 rs=1 cs=1]
                LayoutText {#text} at (2,2) size 22x18
                  text run at (2,2) width 22: "foo"
              LayoutTableCell {TD} at (129,5) size 93x22 [border: (1px inset #808080)] [r=0 c=1 rs=1 cs=1]
                LayoutText {#text} at (2,2) size 21x18
                  text run at (2,2) width 21: "bar"
            LayoutTableRow {TR} at (0,32) size 261x22
              LayoutTableCell {TD} at (5,32) size 119x22 [border: (1px inset #808080)] [r=1 c=0 rs=1 cs=1]
                LayoutText {#text} at (2,2) size 115x18
                  text run at (2,2) width 115: "Click name to see"
              LayoutTableCell {TD} at (129,59) size 93x22 [bgcolor=#00FF00] [border: (1px inset #808080)] [r=1 c=1 rs=3 cs=1]
                LayoutText {#text} at (2,2) size 89x18
                  text run at (2,2) width 89: "Mac Clbr Opt"
            LayoutTableRow {TR} at (0,59) size 261x22
              LayoutTableCell {TD} at (5,59) size 119x22 [border: (1px inset #808080)] [r=2 c=0 rs=1 cs=1]
                LayoutText {#text} at (2,2) size 41x18
                  text run at (2,2) width 41: "Guilty"
            LayoutTableRow {TR} at (0,86) size 261x22
              LayoutTableCell {TD} at (5,86) size 119x22 [border: (1px inset #808080)] [r=3 c=0 rs=1 cs=1]
                LayoutText {#text} at (2,2) size 4x18
                  text run at (2,2) width 4: " "
              LayoutTableCell {TD} at (227,86) size 29x22 [bgcolor=#FFFF00] [border: (1px inset #808080)] [r=3 c=2 rs=1 cs=1]
                LayoutText {#text} at (2,2) size 25x18
                  text run at (2,2) width 25: "L C"
      LayoutBlockFlow (anonymous) at (0,460) size 784x0
        LayoutInline {B} at (0,0) size 0x0
          LayoutInline {B} at (0,0) size 0x0
            LayoutInline {B} at (0,0) size 0x0
              LayoutInline {B} at (0,0) size 0x0
                LayoutText {#text} at (0,0) size 0x0
