layer at (0,0) size 800x600
  LayoutView at (0,0) size 800x600
layer at (0,0) size 800x600
  LayoutBlockFlow {HTML} at (0,0) size 800x600
    LayoutBlockFlow {BODY} at (8,8) size 784x584
      LayoutBlockFlow (anonymous) at (0,0) size 784x18
        LayoutText {#text} at (0,0) size 329x18
          text run at (0,0) width 329: "The bug causes a crash when the page is destroyed "
        LayoutBR {BR} at (328,14) size 1x0
      LayoutTable {TABLE} at (0,18) size 182x53
        LayoutBlockFlow {CAPTION} at (0,0) size 182x29
          LayoutImage {IMG} at (0,0) size 182x29
          LayoutText {#text} at (0,0) size 0x0
        LayoutTableSection {TBODY} at (0,29) size 182x24
          LayoutTableRow {TR} at (0,2) size 182x20
            LayoutTableCell {TD} at (2,2) size 178x20 [r=0 c=0 rs=1 cs=1]
              LayoutText {#text} at (1,1) size 22x18
                text run at (1,1) width 22: "foo"
