layer at (0,0) size 800x600
  LayoutView at (0,0) size 800x600
layer at (0,0) size 800x600
  LayoutBlockFlow {HTML} at (0,0) size 800x600
    LayoutBlockFlow {BODY} at (8,8) size 784x584
      LayoutBlockFlow (anonymous) at (0,0) size 784x18
        LayoutText {#text} at (0,0) size 269x18
          text run at (0,0) width 269: "two and words should be on the same line"
      LayoutTable {TABLE} at (0,18) size 600x36
        LayoutTableSection {TBODY} at (0,0) size 600x36
          LayoutTableRow {TR} at (0,0) size 600x18
            LayoutTableCell {TD} at (0,0) size 150x18 [r=0 c=0 rs=1 cs=1]
              LayoutText {#text} at (0,0) size 68x18
                text run at (0,0) width 68: "two words"
            LayoutTableCell {TD} at (150,0) size 450x18 [r=0 c=1 rs=1 cs=1]
              LayoutText {#text} at (0,0) size 28x18
                text run at (0,0) width 28: "blah"
          LayoutTableRow {TR} at (0,18) size 600x18
            LayoutTableCell {TD} at (0,18) size 600x18 [r=1 c=0 rs=1 cs=2]
              LayoutText {#text} at (0,0) size 28x18
                text run at (0,0) width 28: "blah"
