layer at (0,0) size 800x600
  LayoutView at (0,0) size 800x600
layer at (0,0) size 800x600
  LayoutBlockFlow {HTML} at (0,0) size 800x600
    LayoutBlockFlow {BODY} at (8,8) size 784x584 [bgcolor=#FFFFFF]
      LayoutBlockFlow {P} at (0,0) size 784x18
        LayoutText {#text} at (0,0) size 149x18
          text run at (0,0) width 149: "Testcase distilled from "
        LayoutInline {A} at (0,0) size 189x18 [color=#0000EE]
          LayoutText {#text} at (148,0) size 189x18
            text run at (148,0) width 189: "http://webdeveloper.com/xml"
      LayoutTable {TABLE} at (0,34) size 644x102 [border: (1px outset #808080)]
        LayoutTableSection {TBODY} at (1,1) size 642x100
          LayoutTableRow {TR} at (0,0) size 642x100
            LayoutTableCell {TD} at (0,0) size 510x100 [border: (1px inset #808080)] [r=0 c=0 rs=1 cs=1]
              LayoutBlockFlow {UL} at (1,1) size 508x82
                LayoutListItem {LI} at (40,0) size 468x82
                  LayoutListMarker (anonymous) at (-17,0) size 7x18: bullet
                  LayoutText {#text} at (0,0) size 199x18
                    text run at (0,0) width 199: "The XML Files Resources List"
                  LayoutText {#text} at (0,0) size 0x0
                  LayoutImage {IMG} at (0,18) size 468x60
                  LayoutText {#text} at (0,0) size 0x0
            LayoutTableCell {TD} at (510,21) size 132x57 [border: (1px inset #808080)] [r=0 c=1 rs=1 cs=1]
              LayoutTable {TABLE} at (1,1) size 130x55 [border: (1px outset #808080)]
                LayoutTableSection {TBODY} at (1,1) size 128x53
                  LayoutTableRow {TR} at (0,2) size 128x49
                    LayoutTableCell {TD} at (2,2) size 124x49 [border: (1px inset #808080)] [r=0 c=0 rs=1 cs=1]
                      LayoutImage {IMG} at (3,3) size 118x25
                      LayoutBR {BR} at (121,28) size 0x0
                      LayoutText {#text} at (24,28) size 6x18
                        text run at (24,28) width 6: "["
                      LayoutInline {I} at (0,0) size 66x18
                        LayoutText {#text} at (29,28) size 66x18
                          text run at (29,28) width 66: " Site Map "
                      LayoutText {#text} at (94,28) size 6x18
                        text run at (94,28) width 6: "]"
      LayoutBlockFlow {P} at (0,152) size 784x18
        LayoutText {#text} at (0,0) size 188x18
          text run at (0,0) width 188: "Same as above, but removed "
        LayoutInline {CODE} at (0,0) size 134x15
          LayoutText {#text} at (187,2) size 134x15
            text run at (187,2) width 134: "<SCRIPT></SCRIPT>"
      LayoutTable {TABLE} at (0,186) size 644x102 [border: (1px outset #808080)]
        LayoutTableSection {TBODY} at (1,1) size 642x100
          LayoutTableRow {TR} at (0,0) size 642x100
            LayoutTableCell {TD} at (0,0) size 510x100 [border: (1px inset #808080)] [r=0 c=0 rs=1 cs=1]
              LayoutBlockFlow {UL} at (1,1) size 508x82
                LayoutListItem {LI} at (40,0) size 468x82
                  LayoutListMarker (anonymous) at (-17,0) size 7x18: bullet
                  LayoutText {#text} at (0,0) size 199x18
                    text run at (0,0) width 199: "The XML Files Resources List"
                  LayoutImage {IMG} at (0,18) size 468x60
                  LayoutText {#text} at (0,0) size 0x0
            LayoutTableCell {TD} at (510,21) size 132x57 [border: (1px inset #808080)] [r=0 c=1 rs=1 cs=1]
              LayoutTable {TABLE} at (1,1) size 130x55 [border: (1px outset #808080)]
                LayoutTableSection {TBODY} at (1,1) size 128x53
                  LayoutTableRow {TR} at (0,2) size 128x49
                    LayoutTableCell {TD} at (2,2) size 124x49 [border: (1px inset #808080)] [r=0 c=0 rs=1 cs=1]
                      LayoutImage {IMG} at (3,3) size 118x25
                      LayoutBR {BR} at (121,28) size 0x0
                      LayoutText {#text} at (24,28) size 6x18
                        text run at (24,28) width 6: "["
                      LayoutInline {I} at (0,0) size 66x18
                        LayoutText {#text} at (29,28) size 66x18
                          text run at (29,28) width 66: " Site Map "
                      LayoutText {#text} at (94,28) size 6x18
                        text run at (94,28) width 6: "]"
