layer at (0,0) size 800x600
  LayoutView at (0,0) size 800x600
layer at (0,0) size 800x600
  LayoutBlockFlow {HTML} at (0,0) size 800x600
    LayoutBlockFlow {BODY} at (8,8) size 784x584
      LayoutBlockFlow {H3} at (0,0) size 784x22
        LayoutText {#text} at (0,0) size 194x22
          text run at (0,0) width 194: "With long hidden values"
      LayoutTable {TABLE} at (0,40.72) size 198x63 [border: (1px solid #FF0000)]
        LayoutTableSection {TBODY} at (1,1) size 196x61
          LayoutTableRow {TR} at (0,2) size 196x55
            LayoutTableCell {TD} at (2,2) size 192x55 [r=0 c=0 rs=1 cs=1]
              LayoutBlockFlow {FORM} at (1,1) size 190x37
                LayoutTextControl {INPUT} at (0,0) size 89x19 [bgcolor=#FFFFFF] [border: (2px inset #EEEEEE)]
                LayoutText {#text} at (89,0) size 4x18
                  text run at (89,0) width 4: " "
                LayoutButton {INPUT} at (93,1) size 36.92x18 [bgcolor=#C0C0C0]
                  LayoutBlockFlow (anonymous) at (8,2) size 20.92x13
                    LayoutText {#text} at (0,0) size 21x13
                      text run at (0,0) width 21: " Go "
                LayoutText {#text} at (129,0) size 5x18
                  text run at (129,0) width 5: " "
                LayoutBR {BR} at (133,14) size 1x0
                LayoutText {#text} at (0,19) size 190x18
                  text run at (0,19) width 190: "Enter City Name or Zip Code"
          LayoutTableRow {TR} at (0,59) size 196x0
      LayoutBlockFlow {HR} at (0,111.72) size 784x2 [border: (1px inset #EEEEEE)]
      LayoutBlockFlow {H3} at (0,132.44) size 784x22
        LayoutText {#text} at (0,0) size 201x22
          text run at (0,0) width 201: "With short hidden values"
      LayoutTable {TABLE} at (0,173.16) size 198x63 [border: (1px solid #FF0000)]
        LayoutTableSection {TBODY} at (1,1) size 196x61
          LayoutTableRow {TR} at (0,2) size 196x55
            LayoutTableCell {TD} at (2,2) size 192x55 [r=0 c=0 rs=1 cs=1]
              LayoutBlockFlow {FORM} at (1,1) size 190x37
                LayoutTextControl {INPUT} at (0,0) size 89x19 [bgcolor=#FFFFFF] [border: (2px inset #EEEEEE)]
                LayoutText {#text} at (89,0) size 4x18
                  text run at (89,0) width 4: " "
                LayoutButton {INPUT} at (93,1) size 36.92x18 [bgcolor=#C0C0C0]
                  LayoutBlockFlow (anonymous) at (8,2) size 20.92x13
                    LayoutText {#text} at (0,0) size 21x13
                      text run at (0,0) width 21: " Go "
                LayoutText {#text} at (129,0) size 5x18
                  text run at (129,0) width 5: " "
                LayoutBR {BR} at (133,14) size 1x0
                LayoutText {#text} at (0,19) size 190x18
                  text run at (0,19) width 190: "Enter City Name or Zip Code"
          LayoutTableRow {TR} at (0,59) size 196x0
layer at (15,56) size 83x13
  LayoutBlockFlow {DIV} at (3,3) size 83x13
layer at (15,188) size 83x13
  LayoutBlockFlow {DIV} at (3,3) size 83x13
