layer at (0,0) size 800x600
  LayoutView at (0,0) size 800x600
layer at (0,0) size 800x600
  LayoutBlockFlow {HTML} at (0,0) size 800x600
    LayoutBlockFlow {BODY} at (8,8) size 784x584
      LayoutTable {TABLE} at (0,0) size 784x74 [border: (1px outset #808080)]
        LayoutTableSection {TBODY} at (1,1) size 782x72
          LayoutTableRow {TR} at (0,2) size 782x68
            LayoutTableCell {TD} at (2,2) size 299x68 [border: (1px inset #808080)] [r=0 c=0 rs=1 cs=1]
              LayoutTable {TABLE} at (2,2) size 295x64 [border: (1px outset #808080)]
                LayoutTableSection {TBODY} at (1,1) size 293x62
                  LayoutTableRow {TR} at (0,2) size 293x58
                    LayoutTableCell {TD} at (2,2) size 289x58 [border: (1px inset #808080)] [r=0 c=0 rs=1 cs=1]
                      LayoutText {#text} at (2,2) size 276x54
                        text run at (2,2) width 276: "yyy yyy yyy yyy yyy yyy yyy yyy yyy yyy"
                        text run at (2,20) width 276: "yyy yyy yyy yyy yyy yyy yyy yyy yyy yyy"
                        text run at (2,38) width 24: "yyy"
            LayoutTableCell {TD} at (303,16) size 477x40 [border: (1px inset #808080)] [r=0 c=1 rs=1 cs=1]
              LayoutText {#text} at (2,2) size 472x36
                text run at (2,2) width 472: "text text text text text text text text text text text text text text text text text"
                text run at (2,20) width 472: "text text text text text text text text text text text text text text text text text"
