layer at (0,0) size 800x600 scrollWidth 1234
  LayoutView at (0,0) size 800x600
layer at (0,0) size 800x600
  LayoutBlockFlow {HTML} at (0,0) size 800x600
    LayoutBlockFlow {BODY} at (8,8) size 784x584
      LayoutTable {TABLE} at (0,0) size 1226x34 [bgcolor=#FFFFFF]
        LayoutTableSection {TBODY} at (0,0) size 1226x34
          LayoutTableRow {TR} at (0,0) size 1226x34
            LayoutTableCell {TD} at (0,0) size 609x34 [r=0 c=0 rs=1 cs=1]
              LayoutBlockFlow {PRE} at (0,0) size 609x34
                LayoutInline {FONT} at (0,0) size 609x33
                  LayoutText {#text} at (0,0) size 609x33
                    text run at (0,0) width 609: "/* -*- Mode: C++; tab-width: 2; indent-tabs-mode: nil; c-basic-offset: 2 -*-  "
                    text run at (608,0) width 1: " "
                    text run at (0,17) width 16: "  "
            LayoutTableCell {TD} at (609,8) size 617x17 [r=0 c=1 rs=1 cs=1]
              LayoutBlockFlow {PRE} at (0,0) size 617x17
                LayoutInline {FONT} at (0,0) size 617x16
                  LayoutText {#text} at (0,0) size 617x16
                    text run at (0,0) width 617: "/* -*- Mode: C++; tab-width: 2; indent-tabs-mode: nil; c-basic-offset: 2 -*-   "
                    text run at (616,0) width 1: " "
