layer at (0,0) size 800x600
  LayoutView at (0,0) size 800x600
layer at (0,0) size 800x600
  LayoutBlockFlow {HTML} at (0,0) size 800x600
    LayoutBlockFlow {BODY} at (8,8) size 784x584
      LayoutBlockFlow {P} at (0,0) size 784x18
        LayoutText {#text} at (0,0) size 216x18
          text run at (0,0) width 216: "Image URLs intentionally broken"
      LayoutTable {TABLE} at (0,34) size 732x57
        LayoutTableSection {TBODY} at (0,0) size 732x57
          LayoutTableRow {TR} at (0,2) size 732x53
            LayoutTableCell {TD} at (2,2) size 728x53 [r=0 c=0 rs=1 cs=1]
              LayoutBlockFlow {IMG} at (1,1) size 167x51
              LayoutBlockFlow {IMG} at (168,1) size 181x51
              LayoutBlockFlow {IMG} at (349,1) size 205x51
              LayoutBlockFlow {IMG} at (554,1) size 173x51
      LayoutBlockFlow {P} at (0,107) size 784x18
        LayoutText {#text} at (0,0) size 462x18
          text run at (0,0) width 462: "Identical to the above except that width=\"100%\" was removed from TD"
      LayoutTable {TABLE} at (0,141) size 732x57
        LayoutTableSection {TBODY} at (0,0) size 732x57
          LayoutTableRow {TR} at (0,2) size 732x53
            LayoutTableCell {TD} at (2,2) size 728x53 [r=0 c=0 rs=1 cs=1]
              LayoutBlockFlow {IMG} at (1,1) size 167x51
              LayoutBlockFlow {IMG} at (168,1) size 181x51
              LayoutBlockFlow {IMG} at (349,1) size 205x51
              LayoutBlockFlow {IMG} at (554,1) size 173x51
layer at (11,45) size 167x51 clip at (12,46) size 165x49
  LayoutBlockFlow {DIV} at (0,0) size 167x51 [border: (1px solid #C0C0C0)]
    LayoutImage (floating) {IMG} at (2,2) size 16x16
layer at (29,47) size 147x0
  LayoutBlockFlow {DIV} at (18,2) size 147x0
layer at (178,45) size 181x51 clip at (179,46) size 179x49
  LayoutBlockFlow {DIV} at (0,0) size 181x51 [border: (1px solid #C0C0C0)]
    LayoutImage (floating) {IMG} at (2,2) size 16x16
layer at (196,47) size 161x0
  LayoutBlockFlow {DIV} at (18,2) size 161x0
layer at (359,45) size 205x51 clip at (360,46) size 203x49
  LayoutBlockFlow {DIV} at (0,0) size 205x51 [border: (1px solid #C0C0C0)]
    LayoutImage (floating) {IMG} at (2,2) size 16x16
layer at (377,47) size 185x0
  LayoutBlockFlow {DIV} at (18,2) size 185x0
layer at (564,45) size 173x51 clip at (565,46) size 171x49
  LayoutBlockFlow {DIV} at (0,0) size 173x51 [border: (1px solid #C0C0C0)]
    LayoutImage (floating) {IMG} at (2,2) size 16x16
layer at (582,47) size 153x0
  LayoutBlockFlow {DIV} at (18,2) size 153x0
layer at (11,152) size 167x51 clip at (12,153) size 165x49
  LayoutBlockFlow {DIV} at (0,0) size 167x51 [border: (1px solid #C0C0C0)]
    LayoutImage (floating) {IMG} at (2,2) size 16x16
layer at (29,154) size 147x0
  LayoutBlockFlow {DIV} at (18,2) size 147x0
layer at (178,152) size 181x51 clip at (179,153) size 179x49
  LayoutBlockFlow {DIV} at (0,0) size 181x51 [border: (1px solid #C0C0C0)]
    LayoutImage (floating) {IMG} at (2,2) size 16x16
layer at (196,154) size 161x0
  LayoutBlockFlow {DIV} at (18,2) size 161x0
layer at (359,152) size 205x51 clip at (360,153) size 203x49
  LayoutBlockFlow {DIV} at (0,0) size 205x51 [border: (1px solid #C0C0C0)]
    LayoutImage (floating) {IMG} at (2,2) size 16x16
layer at (377,154) size 185x0
  LayoutBlockFlow {DIV} at (18,2) size 185x0
layer at (564,152) size 173x51 clip at (565,153) size 171x49
  LayoutBlockFlow {DIV} at (0,0) size 173x51 [border: (1px solid #C0C0C0)]
    LayoutImage (floating) {IMG} at (2,2) size 16x16
layer at (582,154) size 153x0
  LayoutBlockFlow {DIV} at (18,2) size 153x0
