layer at (0,0) size 800x600
  LayoutView at (0,0) size 800x600
layer at (0,0) size 800x600
  LayoutBlockFlow {HTML} at (0,0) size 800x600
    LayoutBlockFlow {BODY} at (8,8) size 784x584
      LayoutTable {TABLE} at (0,0) size 71x46
        LayoutTableCol {COLGROUP} at (0,0) size 0x0
          LayoutTableCol {COL} at (0,0) size 0x0
        LayoutTableSection {TBODY} at (0,0) size 71x46
          LayoutTableRow {TR} at (0,2) size 71x20
            LayoutTableCell {TD} at (2,2) size 67x20 [r=0 c=0 rs=1 cs=2]
              LayoutText {#text} at (1,1) size 12x18
                text run at (1,1) width 12: "A"
          LayoutTableRow {TR} at (0,24) size 71x20
            LayoutTableCell {TD} at (2,24) size 13x20 [r=1 c=0 rs=1 cs=1]
              LayoutText {#text} at (1,1) size 11x18
                text run at (1,1) width 11: "B"
            LayoutTableCell {TD} at (17,24) size 52x20 [r=1 c=1 rs=1 cs=1]
              LayoutText {#text} at (1,1) size 11x18
                text run at (1,1) width 11: "C"
