layer at (0,0) size 800x600
  LayoutView at (0,0) size 800x600
layer at (0,0) size 800x600
  LayoutBlockFlow {HTML} at (0,0) size 800x600
    LayoutBlockFlow {BODY} at (8,8) size 784x584
      LayoutBlockFlow (anonymous) at (0,0) size 784x18
        LayoutText {#text} at (0,0) size 323x18
          text run at (0,0) width 323: "If the text is too low, then it is probably Bug 6920."
        LayoutText {#text} at (0,0) size 0x0
      LayoutTable {TABLE} at (0,18) size 274x62 [bgcolor=#FFCC00] [border: (1px outset #808080)]
        LayoutTableSection {TBODY} at (1,1) size 272x60
          LayoutTableRow {TR} at (0,2) size 272x56
            LayoutTableCell {TD} at (2,2) size 268x56 [border: (1px inset #808080)] [r=0 c=0 rs=1 cs=1]
              LayoutBlockFlow {DL} at (2,2) size 264x36
                LayoutBlockFlow (anonymous) at (0,0) size 264x0
                  LayoutInline {FONT} at (0,0) size 0x0
                    LayoutText {#text} at (0,0) size 0x0
                LayoutBlockFlow (anonymous) at (0,0) size 264x18
                  LayoutBlockFlow {DT} at (0,0) size 264x18
                    LayoutText {#text} at (0,0) size 25x18
                      text run at (0,0) width 25: "Baz"
                LayoutBlockFlow (anonymous) at (0,18) size 264x0
                  LayoutInline {FONT} at (0,0) size 0x0
                  LayoutText {#text} at (0,0) size 0x0
                LayoutBlockFlow {DD} at (40,18) size 224x18
                  LayoutText {#text} at (0,0) size 224x18
                    text run at (0,0) width 224: "foo foo foo foo foo foo foo foo foo"
