layer at (0,0) size 800x600
  LayoutView at (0,0) size 800x600
layer at (0,0) size 800x600
  LayoutBlockFlow {HTML} at (0,0) size 800x600
    LayoutBlockFlow {BODY} at (8,8) size 784x584 [bgcolor=#C0C0C0]
      LayoutTable {TABLE} at (0,0) size 784x54 [border: (5px outset #808080)]
        LayoutTableSection {TBODY} at (5,5) size 774x44
          LayoutTableRow {TR} at (0,2) size 774x40
            LayoutTableCell {TD} at (2,4) size 691x36 [border: (1px inset #808080)] [r=0 c=0 rs=1 cs=1]
              LayoutTable {TABLE} at (2,2) size 687x32 [border: (3px outset #808080)]
                LayoutTableSection {TBODY} at (3,3) size 681x26
                  LayoutTableRow {TR} at (0,2) size 681x22
                    LayoutTableCell {TD} at (2,2) size 677x22 [border: (1px inset #808080)] [r=0 c=0 rs=1 cs=1]
                      LayoutText {#text} at (2,2) size 4x18
                        text run at (2,2) width 4: " "
            LayoutTableCell {TD} at (695,2) size 77x40 [border: (1px inset #808080)] [r=0 c=1 rs=1 cs=1]
              LayoutText {#text} at (2,2) size 62x36
                text run at (2,2) width 44: "This is"
                text run at (2,20) width 62: "some text"
      LayoutBlockFlow (anonymous) at (0,54) size 784x18
        LayoutBR {BR} at (0,0) size 0x18
      LayoutTable {TABLE} at (0,72) size 784x54 [border: (5px outset #808080)]
        LayoutTableSection {TBODY} at (5,5) size 774x44
          LayoutTableRow {TR} at (0,2) size 774x40
            LayoutTableCell {TD} at (2,4) size 691x36 [border: (1px inset #808080)] [r=0 c=0 rs=1 cs=1]
              LayoutTable {TABLE} at (2,2) size 687x32 [border: (3px outset #808080)]
                LayoutTableSection {TBODY} at (3,3) size 681x26
                  LayoutTableRow {TR} at (0,2) size 681x22
                    LayoutTableCell {TD} at (2,2) size 677x22 [border: (1px inset #808080)] [r=0 c=0 rs=1 cs=1]
                      LayoutText {#text} at (2,2) size 4x18
                        text run at (2,2) width 4: " "
            LayoutTableCell {TD} at (695,2) size 77x40 [border: (1px inset #808080)] [r=0 c=1 rs=1 cs=1]
              LayoutText {#text} at (2,2) size 62x36
                text run at (2,2) width 44: "This is"
                text run at (2,20) width 62: "some text"
