layer at (0,0) size 800x600
  LayoutView at (0,0) size 800x600
layer at (0,0) size 800x600
  LayoutBlockFlow {HTML} at (0,0) size 800x600
    LayoutBlockFlow {BODY} at (8,8) size 784x584
      LayoutTable {TABLE} at (0,0) size 124x76 [border: (1px outset #808080)]
        LayoutBlockFlow {CAPTION} at (0,0) size 124x0
        LayoutTableSection {TBODY} at (1,1) size 122x74
          LayoutTableRow {TR} at (0,2) size 122x22
            LayoutTableCell {TD} at (2,2) size 58x22 [border: (1px inset #808080)] [r=0 c=0 rs=1 cs=1]
              LayoutText {#text} at (2,2) size 54x18
                text run at (2,2) width 54: "cell data"
            LayoutTableCell {TD} at (62,2) size 58x22 [border: (1px inset #808080)] [r=0 c=1 rs=1 cs=1]
              LayoutText {#text} at (2,2) size 54x18
                text run at (2,2) width 54: "cell data"
          LayoutTableRow {TR} at (0,26) size 122x22
            LayoutTableCell {TD} at (2,26) size 58x22 [border: (1px inset #808080)] [r=1 c=0 rs=1 cs=1]
              LayoutText {#text} at (2,2) size 54x18
                text run at (2,2) width 54: "cell data"
            LayoutTableCell {TD} at (62,26) size 58x22 [border: (1px inset #808080)] [r=1 c=1 rs=1 cs=1]
              LayoutText {#text} at (2,2) size 54x18
                text run at (2,2) width 54: "cell data"
          LayoutTableRow {TR} at (0,50) size 122x22
            LayoutTableCell {TD} at (2,50) size 58x22 [border: (1px inset #808080)] [r=2 c=0 rs=1 cs=1]
              LayoutText {#text} at (2,2) size 54x18
                text run at (2,2) width 54: "cell data"
            LayoutTableCell {TD} at (62,50) size 58x22 [border: (1px inset #808080)] [r=2 c=1 rs=1 cs=1]
              LayoutText {#text} at (2,2) size 54x18
                text run at (2,2) width 54: "cell data"
      LayoutBlockFlow (anonymous) at (0,76) size 784x18
        LayoutText {#text} at (0,0) size 187x18
          text run at (0,0) width 187: "[object HTMLTableElement]"
