layer at (0,0) size 800x600
  LayoutView at (0,0) size 800x600
layer at (0,0) size 800x600
  LayoutBlockFlow {HTML} at (0,0) size 800x600
    LayoutBlockFlow {BODY} at (8,8) size 784x584
      LayoutTable {TABLE} at (0,0) size 63x584
        LayoutTableSection {THEAD} at (0,0) size 63x24
          LayoutTableRow {TR} at (0,2) size 63x20
            LayoutTableCell {TD} at (2,2) size 59x20 [r=0 c=0 rs=1 cs=1]
              LayoutText {#text} at (1,1) size 57x18
                text run at (1,1) width 57: "THEAD"
        LayoutTableSection {TFOOT} at (0,562) size 63x22
          LayoutTableRow {TR} at (0,0) size 63x20
            LayoutTableCell {TD} at (2,0) size 59x20 [r=0 c=0 rs=1 cs=1]
              LayoutText {#text} at (1,1) size 56x18
                text run at (1,1) width 56: "TFOOT"
        LayoutTableSection {TBODY} at (0,24) size 63x538
          LayoutTableRow {TR} at (0,0) size 63x536
            LayoutTableCell {TD} at (2,258) size 59x20 [r=0 c=0 rs=1 cs=1]
              LayoutText {#text} at (1,1) size 56x18
                text run at (1,1) width 56: "TBODY"
