layer at (0,0) size 800x600
  LayoutView at (0,0) size 800x600
layer at (0,0) size 800x600
  LayoutBlockFlow {HTML} at (0,0) size 800x600
    LayoutBlockFlow {BODY} at (8,8) size 784x584
layer at (8,8) size 33x28
  LayoutBlockFlow (positioned) {DIV} at (8,8) size 33x28
    LayoutTable {TABLE} at (0,0) size 33x28 [border: (1px outset #808080)]
      LayoutTableSection {TBODY} at (1,1) size 31x26
        LayoutTableRow {TR} at (0,2) size 31x22
          LayoutTableCell {TD} at (2,2) size 27x22 [border: (1px inset #808080)] [r=0 c=0 rs=1 cs=1]
            LayoutText {#text} at (2,2) size 23x18
              text run at (2,2) width 23: "test"
