layer at (0,0) size 800x600
  LayoutView at (0,0) size 800x600
layer at (0,0) size 800x132
  LayoutBlockFlow {HTML} at (0,0) size 800x132
    LayoutBlockFlow {BODY} at (8,8) size 784x116
      LayoutTable {TABLE} at (0,0) size 86x116 [border: (1px outset #808080)]
        LayoutTableSection {TBODY} at (1,1) size 84x58
          LayoutTableRow {TR} at (0,2) size 84x54
            LayoutTableCell {TH} at (2,27) size 37x4 [border: (1px inset #808080)] [r=0 c=0 rs=1 cs=1]
            LayoutTableCell {TD} at (41,2) size 41x54 [border: (1px inset #808080)] [r=0 c=1 rs=1 cs=1]
              LayoutBlockFlow {P} at (2,18) size 37x18
                LayoutText {#text} at (0,0) size 37x18
                  text run at (0,0) width 37: "TWO"
        LayoutTableCol {COLGROUP} at (0,0) size 0x0
          LayoutTableCol {COL} at (0,0) size 0x0
        LayoutTableSection {TBODY} at (1,59) size 84x56
          LayoutTableRow {TR} at (0,0) size 84x54
            LayoutTableCell {TD} at (2,0) size 37x54 [border: (1px inset #808080)] [r=0 c=0 rs=1 cs=1]
              LayoutBlockFlow {P} at (2,18) size 33x18
                LayoutText {#text} at (0,0) size 33x18
                  text run at (0,0) width 33: "ONE"
        LayoutTableCol {COLGROUP} at (0,0) size 0x0
          LayoutTableCol {COL} at (0,0) size 0x0
