layer at (0,0) size 800x600
  LayoutView at (0,0) size 800x600
layer at (0,0) size 800x600
  LayoutBlockFlow {HTML} at (0,0) size 800x600
    LayoutBlockFlow {BODY} at (8,8) size 784x584
      LayoutTable {TABLE} at (0,0) size 784x38 [border: (1px outset #808080)]
        LayoutTableSection {TBODY} at (1,1) size 782x36
          LayoutTableRow {TR} at (0,2) size 782x32
            LayoutTableCell {TD} at (2,7) size 388x22 [border: (1px inset #808080)] [r=0 c=0 rs=1 cs=1]
              LayoutText {#text} at (2,2) size 27x18
                text run at (2,2) width 27: "One"
            LayoutTableCell {TD} at (392,2) size 388x32 [border: (1px inset #808080)] [r=0 c=1 rs=1 cs=1]
              LayoutTable {TABLE} at (2,2) size 384x28 [border: (1px outset #808080)]
                LayoutTableSection {TBODY} at (1,1) size 382x26
                  LayoutTableRow {TR} at (0,2) size 382x22
                    LayoutTableCell {TD} at (2,2) size 188x22 [border: (1px inset #808080)] [r=0 c=0 rs=1 cs=1]
                      LayoutText {#text} at (2,2) size 29x18
                        text run at (2,2) width 29: "Two"
                    LayoutTableCell {TD} at (192,2) size 188x22 [border: (1px inset #808080)] [r=0 c=1 rs=1 cs=1]
                      LayoutText {#text} at (2,2) size 38x18
                        text run at (2,2) width 38: "Three"
