layer at (0,0) size 800x600
  LayoutView at (0,0) size 800x600
layer at (0,0) size 800x600
  LayoutBlockFlow {HTML} at (0,0) size 800x600
    LayoutBlockFlow {BODY} at (8,8) size 784x584 [bgcolor=#FFFFFF]
      LayoutBlockFlow {P} at (0,0) size 784x36
        LayoutInline {B} at (0,0) size 433x36
          LayoutText {#text} at (0,0) size 156x18
            text run at (0,0) width 156: "Testcase distilled from "
          LayoutInline {A} at (0,0) size 277x18 [color=#0000EE]
            LayoutText {#text} at (156,0) size 277x18
              text run at (156,0) width 277: "http://www.linuxplanet.com/linuxplanet/"
          LayoutBR {BR} at (432,14) size 1x0
          LayoutText {#text} at (0,18) size 147x18
            text run at (0,18) width 147: "First cell is coded as: "
        LayoutInline {CODE} at (0,0) size 282x15
          LayoutText {#text} at (146,20) size 282x15
            text run at (146,20) width 282: "<TD><form>Weekly Poll<P></form></TD>"
      LayoutTable {TABLE} at (0,52) size 784x52
        LayoutTableSection {TBODY} at (0,0) size 784x52
          LayoutTableRow {TR} at (0,0) size 784x52
            LayoutTableCell {TD} at (0,0) size 49x52 [r=0 c=0 rs=1 cs=1]
              LayoutBlockFlow {FORM} at (0,0) size 49x36
                LayoutBlockFlow (anonymous) at (0,0) size 49x36
                  LayoutText {#text} at (0,0) size 49x36
                    text run at (0,0) width 49: "Weekly"
                    text run at (0,18) width 26: "Poll"
                LayoutBlockFlow {P} at (0,52) size 49x0
            LayoutTableCell {TD} at (49,1) size 1x50 [r=0 c=1 rs=1 cs=1]
              LayoutImage {IMG} at (0,0) size 1x50
            LayoutTableCell {TD} at (50,17) size 734x18 [r=0 c=2 rs=1 cs=1]
              LayoutBR {BR} at (0,0) size 0x18
