layer at (0,0) size 800x600
  LayoutView at (0,0) size 800x600
layer at (0,0) size 800x600
  LayoutBlockFlow {HTML} at (0,0) size 800x600
    LayoutBlockFlow {BODY} at (8,8) size 784x584
      LayoutBlockFlow (anonymous) at (0,0) size 784x0
        LayoutInline {B} at (0,0) size 0x0
          LayoutText {#text} at (0,0) size 0x0
          LayoutText {#text} at (0,0) size 0x0
      LayoutTable {TABLE} at (0,0) size 220x76 [border: (1px outset #808080)]
        LayoutTableSection {TBODY} at (1,1) size 218x74
          LayoutTableRow {TR} at (0,2) size 218x22
            LayoutTableCell {TD} at (2,2) size 119x22 [border: (1px inset #808080)] [r=0 c=0 rs=1 cs=1]
              LayoutText {#text} at (2,2) size 115x18
                text run at (2,2) width 115: "Click name to see"
            LayoutTableCell {TD} at (123,14) size 93x22 [bgcolor=#00FF00] [border: (1px inset #808080)] [r=0 c=1 rs=2 cs=1]
              LayoutText {#text} at (2,2) size 89x18
                text run at (2,2) width 89: "Mac Clbr Opt"
          LayoutTableRow {TR} at (0,26) size 218x22
            LayoutTableCell {TD} at (2,26) size 119x22 [border: (1px inset #808080)] [r=1 c=0 rs=1 cs=1]
              LayoutText {#text} at (2,2) size 41x18
                text run at (2,2) width 41: "Guilty"
          LayoutTableRow {TR} at (0,50) size 218x22
            LayoutTableCell {TD} at (2,50) size 119x22 [border: (1px inset #808080)] [r=2 c=0 rs=1 cs=1]
              LayoutText {#text} at (2,2) size 4x18
                text run at (2,2) width 4: " "
            LayoutTableCell {TD} at (123,50) size 93x22 [bgcolor=#FFFF00] [border: (1px inset #808080)] [r=2 c=1 rs=1 cs=1]
              LayoutText {#text} at (2,2) size 25x18
                text run at (2,2) width 25: "L C"
      LayoutBlockFlow (anonymous) at (0,76) size 784x0
        LayoutInline {B} at (0,0) size 0x0
          LayoutText {#text} at (0,0) size 0x0
