layer at (0,0) size 800x600
  LayoutView at (0,0) size 800x600
layer at (0,0) size 800x600
  LayoutBlockFlow {HTML} at (0,0) size 800x600
    LayoutBlockFlow {BODY} at (0,0) size 800x600
      LayoutTable (floating) {TABLE} at (0,0) size 111x36 [bgcolor=#0000FF]
        LayoutTableSection {TBODY} at (0,0) size 111x36
          LayoutTableRow {TR} at (0,0) size 111x36
            LayoutTableCell {TD} at (0,0) size 111x36 [r=0 c=0 rs=1 cs=1]
              LayoutText {#text} at (0,0) size 66x18
                text run at (0,0) width 66: "Left Table"
              LayoutBR {BR} at (65,14) size 1x0
              LayoutText {#text} at (0,18) size 111x18
                text run at (0,18) width 111: "ALIGN=\"LEFT\""
              LayoutBR {BR} at (110,32) size 1x0
      LayoutTable (floating) {TABLE} at (111,0) size 111x36 [bgcolor=#0000FF]
        LayoutTableSection {TBODY} at (0,0) size 111x36
          LayoutTableRow {TR} at (0,0) size 111x36
            LayoutTableCell {TD} at (0,0) size 111x36 [r=0 c=0 rs=1 cs=1]
              LayoutText {#text} at (0,0) size 82x18
                text run at (0,0) width 82: "Center Table"
              LayoutBR {BR} at (81,14) size 1x0
              LayoutText {#text} at (0,18) size 111x18
                text run at (0,18) width 111: "ALIGN=\"LEFT\""
              LayoutBR {BR} at (110,32) size 1x0
      LayoutTable (floating) {TABLE} at (222,0) size 111x36 [bgcolor=#0000FF]
        LayoutTableSection {TBODY} at (0,0) size 111x36
          LayoutTableRow {TR} at (0,0) size 111x36
            LayoutTableCell {TD} at (0,0) size 111x36 [r=0 c=0 rs=1 cs=1]
              LayoutText {#text} at (0,0) size 75x18
                text run at (0,0) width 75: "Right Table"
              LayoutBR {BR} at (74,14) size 1x0
              LayoutText {#text} at (0,18) size 111x18
                text run at (0,18) width 111: "ALIGN=\"LEFT\""
              LayoutBR {BR} at (110,32) size 1x0
      LayoutBR {BR} at (333,0) size 0x18
      LayoutBR {BR} at (0,36) size 0x18
      LayoutText {#text} at (0,54) size 493x18
        text run at (0,54) width 493: "The three tables above should abut each other. (in NN3/4 and IE4/5 they do)."
