layer at (0,0) size 800x600
  LayoutView at (0,0) size 800x600
layer at (0,0) size 800x600
  LayoutBlockFlow {HTML} at (0,0) size 800x600
    LayoutBlockFlow {BODY} at (8,8) size 784x584
      LayoutTable (anonymous) at (0,0) size 138x18
        LayoutTableSection (anonymous) at (0,0) size 138x18
          LayoutTableRow {A} at (0,0) size 138x18 [color=#0000EE]
            LayoutTableCell (anonymous) at (0,0) size 138x18 [r=0 c=0 rs=1 cs=1]
              LayoutText {#text} at (0,0) size 138x18
                text run at (0,0) width 138: "This should not crash"
      LayoutBlockFlow (anonymous) at (0,18) size 784x18
        LayoutBR {BR} at (0,0) size 0x18
