layer at (0,0) size 800x600
  LayoutView at (0,0) size 800x600
layer at (0,0) size 800x600
  LayoutBlockFlow {HTML} at (0,0) size 800x600
    LayoutBlockFlow {BODY} at (8,8) size 784x584
      LayoutBlockFlow (anonymous) at (0,0) size 784x18
        LayoutInline {FONT} at (0,0) size 159x18
          LayoutText {#text} at (0,0) size 159x18
            text run at (0,0) width 159: "Blah, blah in Helvetica"
      LayoutBlockFlow (anonymous) at (0,18) size 784x24
        LayoutTable {TABLE} at (0,0) size 249x24
          LayoutTableSection {TBODY} at (0,0) size 249x24
            LayoutTableRow {TR} at (0,2) size 249x20
              LayoutTableCell {TD} at (2,2) size 245x20 [r=0 c=0 rs=1 cs=1]
                LayoutText {#text} at (1,1) size 243x18
                  text run at (1,1) width 243: "Text here is in times, not Helvetica"
      LayoutBlockFlow (anonymous) at (0,42) size 784x0
        LayoutInline {FONT} at (0,0) size 0x0
        LayoutText {#text} at (0,0) size 0x0
