layer at (0,0) size 800x600
  LayoutView at (0,0) size 800x600
layer at (0,0) size 800x600
  LayoutBlockFlow {HTML} at (0,0) size 800x600
    LayoutBlockFlow {BODY} at (8,8) size 784x584
      LayoutTable {TABLE} at (0,0) size 784x584 [border: (1px outset #808080)]
        LayoutTableSection {TBODY} at (1,1) size 782x582
          LayoutTableRow {TR} at (0,2) size 782x578
            LayoutTableCell {TD} at (2,271) size 364x40 [border: (1px inset #808080)] [r=0 c=0 rs=1 cs=1]
              LayoutText {#text} at (2,2) size 81x18
                text run at (2,2) width 81: "Outer Table:"
              LayoutBR {BR} at (82,16) size 1x0
              LayoutText {#text} at (2,20) size 329x18
                text run at (2,20) width 329: "<table border=\"1\" width=\"100%\" height=\"100%\">"
            LayoutTableCell {TD} at (368,2) size 412x578 [border: (1px inset #808080)] [r=0 c=1 rs=1 cs=1]
              LayoutTable {TABLE} at (2,2) size 408x574 [border: (1px outset #808080)]
                LayoutTableSection {TBODY} at (1,1) size 406x572
                  LayoutTableRow {TR} at (0,2) size 406x568
                    LayoutTableCell {TD} at (2,257) size 365x58 [border: (1px inset #808080)] [r=0 c=0 rs=1 cs=1]
                      LayoutText {#text} at (2,2) size 89x18
                        text run at (2,2) width 89: "Nested Table:"
                      LayoutBR {BR} at (90,16) size 1x0
                      LayoutText {#text} at (2,20) size 329x18
                        text run at (2,20) width 329: "<table border=\"1\" width=\"100%\" height=\"100%\">"
                      LayoutBR {BR} at (330,34) size 1x0
                      LayoutText {#text} at (2,38) size 134x18
                        text run at (2,38) width 134: "<td height=\"100%\">"
                    LayoutTableCell {TD} at (369,275) size 35x22 [border: (1px inset #808080)] [r=0 c=1 rs=1 cs=1]
                      LayoutText {#text} at (2,2) size 27x18
                        text run at (2,2) width 27: "asdf"
