layer at (0,0) size 800x600
  LayoutView at (0,0) size 800x600
layer at (0,0) size 800x600
  LayoutBlockFlow {HTML} at (0,0) size 800x600
    LayoutBlockFlow {BODY} at (8,8) size 784x584
      LayoutTable {TABLE} at (0,0) size 122x48 [border: (3px outset #808080)]
        LayoutTableSection {TBODY} at (3,3) size 116x42
          LayoutTableRow {TR} at (0,0) size 116x42
            LayoutTableCell {TD} at (0,0) size 116x42 [border: (1px inset #808080)] [r=0 c=0 rs=1 cs=1]
              LayoutBlockFlow (anonymous) at (1,1) size 114x18
                LayoutText {#text} at (0,0) size 114x18
                  text run at (0,0) width 114: "Family Essentials"
              LayoutTable {TABLE} at (1,19) size 26x22 [border: (1px outset #808080)]
                LayoutTableSection {TBODY} at (1,1) size 24x20
                  LayoutTableRow {TR} at (0,0) size 24x20
                    LayoutTableCell {TD} at (0,0) size 24x20 [border: (1px inset #808080)] [r=0 c=0 rs=1 cs=1]
                      LayoutText {#text} at (1,1) size 22x18
                        text run at (1,1) width 22: "foo"
