layer at (0,0) size 800x600
  LayoutView at (0,0) size 800x600
layer at (0,0) size 800x600
  LayoutBlockFlow {HTML} at (0,0) size 800x600
    LayoutBlockFlow {BODY} at (8,8) size 784x584
      LayoutTable {TABLE} at (0,0) size 225x76 [border: (1px outset #808080)]
        LayoutTableSection {TBODY} at (1,1) size 223x74
          LayoutTableRow {TR} at (0,2) size 223x22
            LayoutTableCell {TD} at (2,2) size 186x22 [border: (1px inset #808080)] [r=0 c=0 rs=1 cs=1]
              LayoutText {#text} at (2,2) size 27x18
                text run at (2,2) width 27: "Test"
            LayoutTableCell {TD} at (190,26) size 31x22 [border: (1px inset #808080)] [r=0 c=1 rs=3 cs=1]
              LayoutText {#text} at (2,2) size 27x18
                text run at (2,2) width 27: "Test"
          LayoutTableRow {TR} at (0,26) size 223x46
            LayoutTableCell {TD} at (2,26) size 186x46 [border: (1px inset #808080)] [r=1 c=0 rs=1 cs=1]
              LayoutBlockFlow (anonymous) at (2,2) size 182x18
                LayoutInline {SPAN} at (0,0) size 168x18
                  LayoutText {#text} at (0,0) size 168x18
                    text run at (0,0) width 168: "This cell should be visible"
              LayoutBlockFlow (anonymous) at (2,20) size 182x24
                LayoutTable {TABLE} at (0,0) size 182x24
                  LayoutTableSection {TBODY} at (0,0) size 182x24
                    LayoutTableRow {TR} at (0,2) size 182x20
                      LayoutTableCell {TD} at (2,2) size 178x20 [r=0 c=0 rs=1 cs=1]
                        LayoutText {#text} at (1,1) size 176x18
                          text run at (1,1) width 176: "This table should be visible"
              LayoutBlockFlow (anonymous) at (2,44) size 182x0
                LayoutInline {SPAN} at (0,0) size 0x0
                LayoutText {#text} at (0,0) size 0x0
