layer at (0,0) size 800x600
  LayoutView at (0,0) size 800x600
layer at (0,0) size 800x600
  LayoutBlockFlow {HTML} at (0,0) size 800x600
    LayoutBlockFlow {BODY} at (8,8) size 784x576 [bgcolor=#FFFFFF]
      LayoutBlockFlow {FORM} at (0,0) size 784x24
        LayoutTable {TABLE} at (0,0) size 784x24
          LayoutTableSection {TBODY} at (0,0) size 784x24
            LayoutTableRow {TR} at (0,2) size 784x20 [bgcolor=#FFFFFF]
              LayoutTableCell {TD} at (2,2) size 66x20 [r=0 c=0 rs=1 cs=1]
                LayoutButton {INPUT} at (1.39,1) size 63.22x18 [bgcolor=#C0C0C0]
                  LayoutBlockFlow (anonymous) at (8,2) size 47.22x13
                    LayoutText {#text} at (0,0) size 48x13
                      text run at (0,0) width 48: "Select all"
              LayoutTableCell {TD} at (70,2) size 52x20 [r=0 c=1 rs=1 cs=1]
                LayoutButton {INPUT} at (1.19,1) size 49.61x18 [bgcolor=#C0C0C0]
                  LayoutBlockFlow (anonymous) at (8,2) size 33.61x13
                    LayoutText {#text} at (0,0) size 34x13
                      text run at (0,0) width 34: "Delete"
              LayoutTableCell {TD} at (124,2) size 81x20 [r=0 c=2 rs=1 cs=1]
                LayoutButton {INPUT} at (1.27,1) size 78.45x18 [bgcolor=#C0C0C0]
                  LayoutBlockFlow (anonymous) at (8,2) size 62.45x13
                    LayoutText {#text} at (0,0) size 63x13
                      text run at (0,0) width 63: "Empty trash"
              LayoutTableCell {TD} at (207,2) size 397x20 [r=0 c=3 rs=1 cs=1]
                LayoutText {#text} at (1,1) size 4x18
                  text run at (1,1) width 4: " "
              LayoutTableCell {TD} at (606,2) size 64x20 [r=0 c=4 rs=1 cs=1]
                LayoutButton {INPUT} at (1.38,1) size 61.23x18 [bgcolor=#C0C0C0]
                  LayoutBlockFlow (anonymous) at (8,2) size 45.23x13
                    LayoutText {#text} at (0,0) size 46x13
                      text run at (0,0) width 46: "Move to:"
              LayoutTableCell {TD} at (672,2) size 110x20 [r=0 c=5 rs=1 cs=1]
                LayoutMenuList {SELECT} at (1,1) size 108x18 [bgcolor=#F8F8F8]
                  LayoutBlockFlow (anonymous) at (0,0) size 108x18
                    LayoutText (anonymous) at (8,2) size 77x13
                      text run at (8,2) width 77: "Choose folder "
                LayoutText {#text} at (0,0) size 0x0
