layer at (0,0) size 800x600
  LayoutView at (0,0) size 800x600
layer at (0,0) size 800x600
  LayoutBlockFlow {HTML} at (0,0) size 800x600
    LayoutBlockFlow {BODY} at (8,8) size 784x584
      LayoutBlockFlow {DIV} at (0,0) size 784x92
        LayoutBlockFlow {CENTER} at (0,0) size 784x92
          LayoutTable {TABLE} at (78.50,0) size 627x38 [bgcolor=#000000]
            LayoutTableSection {TBODY} at (0,0) size 627x38
              LayoutTableRow {TR} at (0,5) size 627x28
                LayoutTableCell {TD} at (5,5) size 40x28 [bgcolor=#FFCC33] [r=0 c=0 rs=1 cs=1]
                  LayoutText {#text} at (27,5) size 8x18
                    text run at (27,5) width 8: "1"
                LayoutTableCell {TD} at (50,5) size 516x28 [bgcolor=#FFCC33] [r=0 c=1 rs=1 cs=1]
                  LayoutInline {A} at (0,0) size 49x18 [color=#0000EE]
                    LayoutText {#text} at (5,5) size 49x18
                      text run at (5,5) width 49: "Believe"
                LayoutTableCell {TD} at (571,5) size 51x28 [bgcolor=#FFCC33] [r=0 c=2 rs=1 cs=1]
                  LayoutText {#text} at (17,5) size 29x18
                    text run at (17,5) width 29: "4:53"
          LayoutBlockFlow {DIV} at (0,38) size 784x54
            LayoutBR {BR} at (784,0) size 0x18
            LayoutBR {BR} at (784,18) size 0x18
            LayoutInline {A} at (0,0) size 137x18 [color=#0000EE]
              LayoutInline {FONT} at (0,0) size 137x17 [color=#FFCC33]
                LayoutText {#text} at (647,36) size 137x17
                  text run at (647,36) width 86: "Back to the "
                  text run at (732,36) width 52: "index..."
