layer at (0,0) size 800x600
  LayoutView at (0,0) size 800x600
layer at (0,0) size 800x600
  LayoutBlockFlow {HTML} at (0,0) size 800x600
    LayoutBlockFlow {BODY} at (8,8) size 784x584
      LayoutBlockFlow (anonymous) at (0,0) size 784x36
        LayoutText {#text} at (0,0) size 39x18
          text run at (0,0) width 39: "BAD:"
        LayoutBR {BR} at (38,14) size 1x0
        LayoutBR {BR} at (0,18) size 0x18
      LayoutBlockFlow {CENTER} at (0,36) size 784x60
        LayoutTable {TABLE} at (0,0) size 784x60 [border: (5px outset #808080)]
          LayoutTableSection {TBODY} at (5,5) size 774x50
            LayoutTableRow {TR} at (0,2) size 774x22
              LayoutTableCell {TD} at (2,2) size 770x22 [border: (1px inset #808080)] [r=0 c=0 rs=1 cs=1]
                LayoutText {#text} at (2,2) size 27x18
                  text run at (2,2) width 27: "One"
            LayoutTableRow {TR} at (0,26) size 774x22
              LayoutTableCell {TD} at (2,26) size 770x22 [border: (1px inset #808080)] [r=1 c=0 rs=1 cs=1]
                LayoutText {#text} at (2,2) size 29x18
                  text run at (2,2) width 29: "Two"
      LayoutBlockFlow (anonymous) at (0,96) size 784x72
        LayoutBR {BR} at (0,0) size 0x18
        LayoutBR {BR} at (0,18) size 0x18
        LayoutText {#text} at (0,36) size 51x18
          text run at (0,36) width 51: "GOOD:"
        LayoutBR {BR} at (50,50) size 1x0
        LayoutBR {BR} at (0,54) size 0x18
      LayoutBlockFlow {CENTER} at (0,168) size 784x60
        LayoutTable {TABLE} at (0,0) size 784x60 [border: (5px outset #808080)]
          LayoutTableSection {TBODY} at (5,5) size 774x50
            LayoutTableRow {TR} at (0,2) size 774x22
              LayoutTableCell {TD} at (2,2) size 770x22 [border: (1px inset #808080)] [r=0 c=0 rs=1 cs=1]
                LayoutText {#text} at (2,2) size 27x18
                  text run at (2,2) width 27: "One"
            LayoutTableRow {TR} at (0,26) size 774x22
              LayoutTableCell {TD} at (2,26) size 770x22 [border: (1px inset #808080)] [r=1 c=0 rs=1 cs=1]
                LayoutText {#text} at (2,2) size 29x18
                  text run at (2,2) width 29: "Two"
