layer at (0,0) size 800x600
  LayoutView at (0,0) size 800x600
layer at (0,0) size 800x98
  LayoutBlockFlow {HTML} at (0,0) size 800x98
    LayoutBlockFlow {BODY} at (8,8) size 784x82
      LayoutTable {TABLE} at (0,0) size 290x82 [border: (4px outset #808080)]
        LayoutTableSection {THEAD} at (4,4) size 282x26
          LayoutTableRow {TR} at (0,2) size 282x22
            LayoutTableCell {TD} at (2,2) size 33x22 [border: (1px inset #808080)] [r=0 c=0 rs=1 cs=1]
              LayoutText {#text} at (2,2) size 16x18
                text run at (2,2) width 16: "h0"
            LayoutTableCell {TD} at (37,2) size 33x22 [border: (1px inset #808080)] [r=0 c=1 rs=1 cs=1]
              LayoutText {#text} at (2,2) size 16x18
                text run at (2,2) width 16: "h1"
            LayoutTableCell {TD} at (72,2) size 33x22 [border: (1px inset #808080)] [r=0 c=2 rs=1 cs=1]
              LayoutText {#text} at (2,2) size 16x18
                text run at (2,2) width 16: "h2"
            LayoutTableCell {TD} at (107,2) size 33x22 [border: (1px inset #808080)] [r=0 c=3 rs=1 cs=1]
              LayoutText {#text} at (2,2) size 16x18
                text run at (2,2) width 16: "h3"
            LayoutTableCell {TD} at (142,2) size 33x22 [border: (1px inset #808080)] [r=0 c=4 rs=1 cs=1]
              LayoutText {#text} at (2,2) size 16x18
                text run at (2,2) width 16: "h4"
            LayoutTableCell {TD} at (177,2) size 33x22 [border: (1px inset #808080)] [r=0 c=5 rs=1 cs=1]
              LayoutText {#text} at (2,2) size 16x18
                text run at (2,2) width 16: "h5"
            LayoutTableCell {TD} at (212,2) size 33x22 [border: (1px inset #808080)] [r=0 c=6 rs=1 cs=1]
              LayoutText {#text} at (2,2) size 16x18
                text run at (2,2) width 16: "h6"
            LayoutTableCell {TD} at (247,2) size 33x22 [border: (1px inset #808080)] [r=0 c=7 rs=1 cs=1]
              LayoutText {#text} at (2,2) size 16x18
                text run at (2,2) width 16: "h7"
        LayoutTableSection {TBODY} at (4,30) size 282x24
          LayoutTableRow {TR} at (0,0) size 282x22
            LayoutTableCell {TD} at (2,0) size 33x22 [border: (1px inset #808080)] [r=0 c=0 rs=1 cs=1]
              LayoutText {#text} at (2,2) size 29x18
                text run at (2,2) width 29: "r0c0"
            LayoutTableCell {TD} at (37,0) size 33x22 [border: (1px inset #808080)] [r=0 c=1 rs=1 cs=1]
              LayoutText {#text} at (2,2) size 29x18
                text run at (2,2) width 29: "r0c1"
            LayoutTableCell {TD} at (72,0) size 33x22 [border: (1px inset #808080)] [r=0 c=2 rs=1 cs=1]
              LayoutText {#text} at (2,2) size 29x18
                text run at (2,2) width 29: "r0c2"
            LayoutTableCell {TD} at (107,0) size 33x22 [border: (1px inset #808080)] [r=0 c=3 rs=1 cs=1]
              LayoutText {#text} at (2,2) size 29x18
                text run at (2,2) width 29: "r0c3"
            LayoutTableCell {TD} at (142,0) size 33x22 [border: (1px inset #808080)] [r=0 c=4 rs=1 cs=1]
              LayoutText {#text} at (2,2) size 29x18
                text run at (2,2) width 29: "r0c4"
            LayoutTableCell {TD} at (177,0) size 33x22 [border: (1px inset #808080)] [r=0 c=5 rs=1 cs=1]
              LayoutText {#text} at (2,2) size 29x18
                text run at (2,2) width 29: "r0c5"
            LayoutTableCell {TD} at (212,0) size 33x22 [border: (1px inset #808080)] [r=0 c=6 rs=1 cs=1]
              LayoutText {#text} at (2,2) size 29x18
                text run at (2,2) width 29: "r0c6"
            LayoutTableCell {TD} at (247,0) size 33x22 [border: (1px inset #808080)] [r=0 c=7 rs=1 cs=1]
              LayoutText {#text} at (2,2) size 29x18
                text run at (2,2) width 29: "r0c7"
        LayoutTableSection {TFOOT} at (4,54) size 282x24
          LayoutTableRow {TR} at (0,0) size 282x22
            LayoutTableCell {TD} at (2,0) size 33x22 [border: (1px inset #808080)] [r=0 c=0 rs=1 cs=1]
              LayoutText {#text} at (2,2) size 14x18
                text run at (2,2) width 14: "f0"
            LayoutTableCell {TD} at (37,0) size 33x22 [border: (1px inset #808080)] [r=0 c=1 rs=1 cs=1]
              LayoutText {#text} at (2,2) size 14x18
                text run at (2,2) width 14: "f1"
            LayoutTableCell {TD} at (72,0) size 33x22 [border: (1px inset #808080)] [r=0 c=2 rs=1 cs=1]
              LayoutText {#text} at (2,2) size 14x18
                text run at (2,2) width 14: "f2"
            LayoutTableCell {TD} at (107,0) size 33x22 [border: (1px inset #808080)] [r=0 c=3 rs=1 cs=1]
              LayoutText {#text} at (2,2) size 14x18
                text run at (2,2) width 14: "f3"
            LayoutTableCell {TD} at (142,0) size 33x22 [border: (1px inset #808080)] [r=0 c=4 rs=1 cs=1]
              LayoutText {#text} at (2,2) size 14x18
                text run at (2,2) width 14: "f4"
            LayoutTableCell {TD} at (177,0) size 33x22 [border: (1px inset #808080)] [r=0 c=5 rs=1 cs=1]
              LayoutText {#text} at (2,2) size 14x18
                text run at (2,2) width 14: "f5"
            LayoutTableCell {TD} at (212,0) size 33x22 [border: (1px inset #808080)] [r=0 c=6 rs=1 cs=1]
              LayoutText {#text} at (2,2) size 14x18
                text run at (2,2) width 14: "f6"
            LayoutTableCell {TD} at (247,0) size 33x22 [border: (1px inset #808080)] [r=0 c=7 rs=1 cs=1]
              LayoutText {#text} at (2,2) size 14x18
                text run at (2,2) width 14: "f7"
