layer at (0,0) size 800x600
  LayoutView at (0,0) size 800x600
layer at (0,0) size 800x600
  LayoutBlockFlow {HTML} at (0,0) size 800x600
    LayoutBlockFlow {BODY} at (8,8) size 784x584 [bgcolor=#FFFFFF]
      LayoutBlockFlow (anonymous) at (0,0) size 784x18
        LayoutText {#text} at (0,0) size 731x18
          text run at (0,0) width 731: "The bug causes the nested table containing the textarea to be positioned away from the left edge of the outer table "
        LayoutBR {BR} at (730,14) size 1x0
      LayoutTable {TABLE} at (242,18) size 300x52 [border: (1px outset #808080)]
        LayoutTableSection {TBODY} at (1,1) size 298x50
          LayoutTableRow {TR} at (0,2) size 298x46
            LayoutTableCell {TD} at (2,2) size 294x46 [border: (1px inset #808080)] [r=0 c=0 rs=1 cs=1]
              LayoutTable {TABLE} at (2,2) size 61x42 [border: (1px outset #808080)]
                LayoutTableSection {TBODY} at (1,1) size 59x40
                  LayoutTableRow {TR} at (0,2) size 59x36
                    LayoutTableCell {TD} at (2,2) size 55x36 [border: (1px inset #808080)] [r=0 c=0 rs=1 cs=1]
                      LayoutText {#text} at (0,0) size 0x0
layer at (260,36) size 51x32 clip at (261,37) size 49x30
  LayoutTextControl {TEXTAREA} at (2,2) size 51x32 [bgcolor=#FFFFFF] [border: (1px solid #000000)]
    LayoutBlockFlow {DIV} at (3,3) size 45x13
      LayoutText {#text} at (0,0) size 18x13
        text run at (0,0) width 18: "bar"
