layer at (0,0) size 800x600
  LayoutView at (0,0) size 800x600
layer at (0,0) size 800x600
  LayoutBlockFlow {HTML} at (0,0) size 800x600
    LayoutBlockFlow {BODY} at (8,8) size 784x584
      LayoutTable {TABLE} at (0,0) size 300x28 [border: (1px outset #808080)]
        LayoutTableSection {TBODY} at (1,1) size 298x26
          LayoutTableRow {TR} at (0,2) size 298x22
            LayoutTableCell {TD} at (2,2) size 141x22 [border: (1px inset #808080)] [r=0 c=0 rs=1 cs=1]
              LayoutText {#text} at (57,2) size 27x18
                text run at (57,2) width 27: "One"
            LayoutTableCell {TD} at (145,2) size 151x22 [border: (1px inset #808080)] [r=0 c=1 rs=1 cs=1]
              LayoutText {#text} at (61,2) size 29x18
                text run at (61,2) width 29: "Two"
      LayoutTable {TABLE} at (0,28) size 300x28 [border: (1px outset #808080)]
        LayoutTableSection {TBODY} at (1,1) size 298x26
          LayoutTableRow {TR} at (0,2) size 298x22
            LayoutTableCell {TD} at (2,2) size 141x22 [border: (1px inset #808080)] [r=0 c=0 rs=1 cs=1]
              LayoutText {#text} at (112,2) size 27x18
                text run at (112,2) width 27: "One"
            LayoutTableCell {TD} at (145,2) size 151x22 [border: (1px inset #808080)] [r=0 c=1 rs=1 cs=1]
              LayoutText {#text} at (120,2) size 29x18
                text run at (120,2) width 29: "Two"
      LayoutTable {TABLE} at (0,56) size 382x52 [border: (1px outset #808080)]
        LayoutTableSection {TBODY} at (1,1) size 380x50
          LayoutTableRow {TR} at (0,2) size 380x22
            LayoutTableCell {TD} at (2,2) size 186x22 [border: (1px inset #808080)] [r=0 c=0 rs=1 cs=1]
              LayoutText {#text} at (79,2) size 28x18
                text run at (79,2) width 28: "One"
            LayoutTableCell {TD} at (190,2) size 188x22 [border: (1px inset #808080)] [r=0 c=1 rs=1 cs=1]
              LayoutText {#text} at (79,2) size 30x18
                text run at (79,2) width 30: "Two"
          LayoutTableRow {TR} at (0,26) size 380x22
            LayoutTableCell {TD} at (2,26) size 186x22 [border: (1px inset #808080)] [r=1 c=0 rs=1 cs=1]
              LayoutText {#text} at (2,2) size 182x18
                text run at (2,2) width 182: "----------Long One------------"
            LayoutTableCell {TD} at (190,26) size 188x22 [border: (1px inset #808080)] [r=1 c=1 rs=1 cs=1]
              LayoutText {#text} at (2,2) size 184x18
                text run at (2,2) width 184: "----------Long Two------------"
      LayoutTable {TABLE} at (0,108) size 784x28 [border: (1px outset #808080)]
        LayoutTableSection {TBODY} at (1,1) size 782x26
          LayoutTableRow {TR} at (0,2) size 782x22
            LayoutTableCell {TD} at (2,2) size 375x22 [border: (1px inset #808080)] [r=0 c=0 rs=1 cs=1]
              LayoutText {#text} at (174,2) size 27x18
                text run at (174,2) width 27: "One"
            LayoutTableCell {TD} at (379,2) size 401x22 [border: (1px inset #808080)] [r=0 c=1 rs=1 cs=1]
              LayoutText {#text} at (186,2) size 29x18
                text run at (186,2) width 29: "Two"
