layer at (0,0) size 800x600
  LayoutView at (0,0) size 800x600
layer at (0,0) size 800x600
  LayoutBlockFlow {HTML} at (0,0) size 800x600
    LayoutBlockFlow {BODY} at (8,8) size 784x584
      LayoutInline {WINDOW} at (0,0) size 33x18
        LayoutText {#text} at (0,0) size 0x0
        LayoutInline {WINDOW} at (0,0) size 33x18
          LayoutText {#text} at (0,0) size 0x0
          LayoutInline {WINDOW} at (0,0) size 33x18
            LayoutText {#text} at (0,0) size 0x0
            LayoutInline {XUL:TOOLBOX} at (0,0) size 33x18
              LayoutText {#text} at (0,0) size 0x0
              LayoutInline {XUL:TOOLBAR} at (0,0) size 33x18
                LayoutText {#text} at (0,0) size 0x0
                LayoutTable (anonymous) at (0,0) size 33x18
                  LayoutTableSection (anonymous) at (0,0) size 33x18
                    LayoutTableRow (anonymous) at (0,0) size 33x18
                      LayoutTableCell {HTML:SPAN} at (0,0) size 33x18 [r=0 c=0 rs=1 cs=1]
                        LayoutInline {HTML:BUTTON} at (0,0) size 33x18 [bgcolor=#C0C0C0]
                          LayoutText {#text} at (0,0) size 0x0
                          LayoutInline {HTML:IMG} at (0,0) size 33x18
                            LayoutInline {HTML:BR} at (0,0) size 33x18
                              LayoutText {#text} at (0,0) size 33x18
                                text run at (0,0) width 33: "Back"
                        LayoutText {#text} at (0,0) size 0x0
                      LayoutTableCell {HTML:SPAN} at (33,0) size 0x0 [r=0 c=1 rs=1 cs=1]
                        LayoutInline {HTML:INPUT} at (0,0) size 0x0
                        LayoutText {#text} at (0,0) size 0x0
              LayoutText {#text} at (0,0) size 0x0
            LayoutText {#text} at (0,0) size 0x0
          LayoutText {#text} at (0,0) size 0x0
