layer at (0,0) size 800x600
  LayoutView at (0,0) size 800x600
layer at (0,0) size 800x600
  LayoutBlockFlow {HTML} at (0,0) size 800x600
    LayoutBlockFlow {BODY} at (8,8) size 784x584
      LayoutTable {TABLE} at (0,0) size 173x28 [border: (1px outset #808080)]
        LayoutTableSection {TBODY} at (1,1) size 171x26
          LayoutTableRow {TR} at (0,2) size 171x22
            LayoutTableCell {TD} at (2,2) size 61x22 [border: (1px inset #808080)] [r=0 c=0 rs=1 cs=1]
              LayoutText {#text} at (2,2) size 57x18
                text run at (2,2) width 57: "Left side"
            LayoutTableCell {TD} at (65,2) size 32x22 [border: (1px inset #808080)] [r=0 c=1 rs=1 cs=1]
              LayoutText {#text} at (2,2) size 27x18
                text run at (2,2) width 27: "Mid"
            LayoutTableCell {TD} at (99,2) size 70x22 [border: (1px inset #808080)] [r=0 c=2 rs=1 cs=1]
              LayoutText {#text} at (2,2) size 66x18
                text run at (2,2) width 66: "Right side"
      LayoutTable {TABLE} at (0,28) size 173x52 [border: (1px outset #808080)]
        LayoutTableSection {TBODY} at (1,1) size 171x50
          LayoutTableRow {TR} at (0,2) size 171x22
            LayoutTableCell {TD} at (2,2) size 61x22 [border: (1px inset #808080)] [r=0 c=0 rs=1 cs=1]
              LayoutText {#text} at (2,2) size 57x18
                text run at (2,2) width 57: "Left side"
            LayoutTableCell {TD} at (65,2) size 32x22 [border: (1px inset #808080)] [r=0 c=1 rs=1 cs=1]
              LayoutText {#text} at (2,2) size 27x18
                text run at (2,2) width 27: "Mid"
            LayoutTableCell {TD} at (99,2) size 70x22 [border: (1px inset #808080)] [r=0 c=2 rs=1 cs=1]
              LayoutText {#text} at (2,2) size 66x18
                text run at (2,2) width 66: "Right side"
          LayoutTableRow {TR} at (0,26) size 171x22
            LayoutTableCell {TD} at (2,26) size 61x22 [border: (1px inset #808080)] [r=1 c=0 rs=1 cs=1]
              LayoutText {#text} at (2,2) size 57x18
                text run at (2,2) width 57: "Left side"
            LayoutTableCell {TD} at (65,26) size 32x22 [border: (1px inset #808080)] [r=1 c=1 rs=1 cs=1]
              LayoutText {#text} at (2,2) size 27x18
                text run at (2,2) width 27: "Mid"
            LayoutTableCell {TD} at (99,26) size 70x22 [border: (1px inset #808080)] [r=1 c=2 rs=1 cs=1]
              LayoutText {#text} at (2,2) size 66x18
                text run at (2,2) width 66: "Right side"
