layer at (0,0) size 800x600
  LayoutView at (0,0) size 800x600
layer at (0,0) size 800x600
  LayoutBlockFlow {HTML} at (0,0) size 800x600
    LayoutBlockFlow {BODY} at (8,8) size 784x584
      LayoutTable {TABLE} at (0,0) size 627x46
        LayoutTableSection {TBODY} at (0,0) size 627x46
          LayoutTableRow {TR} at (0,2) size 627x42
            LayoutTableCell {TD} at (2,11) size 204x24 [border: (2px solid #FF0000)] [r=0 c=0 rs=1 cs=1]
              LayoutText {#text} at (3,3) size 133x18
                text run at (3,3) width 133: "Cell 1 (width=33%)."
            LayoutTableCell {TD} at (208,2) size 417x42 [border: (2px solid #0000FF)] [r=0 c=1 rs=1 cs=1]
              LayoutText {#text} at (3,3) size 393x36
                text run at (3,3) width 393: "Cell 3 (width=*) - should be 67% when cell 2 is hidden, 33%"
                text run at (3,21) width 140: "when cell 2 is visible."
