layer at (0,0) size 800x600 clip at (0,0) size 785x600 scrollHeight 1368
  LayoutView at (0,0) size 800x600
layer at (0,0) size 785x1368 backgroundClip at (0,0) size 785x600 clip at (0,0) size 785x600
  LayoutBlockFlow {HTML} at (0,0) size 785x1368
    LayoutBlockFlow {BODY} at (8,8) size 769x1352
      LayoutBlockFlow {P} at (0,0) size 769x18
        LayoutText {#text} at (0,0) size 159x18
          text run at (0,0) width 159: "IFRAME inside TFOOT"
      LayoutTable {TABLE} at (0,34) size 769x406 [border: (1px outset #808080)]
        LayoutTableSection {THEAD} at (1,1) size 767x100
          LayoutTableRow {TR} at (0,2) size 767x96
            LayoutTableCell {TD} at (2,30) size 41x40 [border: (1px inset #808080)] [r=0 c=0 rs=1 cs=1]
              LayoutText {#text} at (2,2) size 27x36
                text run at (2,2) width 12: "A"
                text run at (2,20) width 27: "Cell"
            LayoutTableCell {TD} at (45,2) size 676x96 [border: (1px inset #808080)] [r=0 c=1 rs=1 cs=1]
              LayoutInline {SPAN} at (0,0) size 609x92
                LayoutText {#text} at (2,2) size 609x92
                  text run at (2,2) width 609: "THEAD blah blah blah blah blah blah"
                  text run at (2,48) width 136: "THEAD"
              LayoutText {#text} at (0,0) size 0x0
            LayoutTableCell {TD} at (723,30) size 42x40 [border: (1px inset #808080)] [r=0 c=2 rs=1 cs=1]
              LayoutText {#text} at (2,2) size 27x36
                text run at (2,2) width 12: "A"
                text run at (2,20) width 27: "Cell"
        LayoutTableSection {TFOOT} at (1,199) size 767x206
          LayoutTableRow {TR} at (0,0) size 767x204
            LayoutTableCell {TD} at (2,82) size 41x40 [border: (1px inset #808080)] [r=0 c=0 rs=1 cs=1]
              LayoutText {#text} at (2,2) size 27x36
                text run at (2,2) width 12: "A"
                text run at (2,20) width 27: "Cell"
            LayoutTableCell {TD} at (45,0) size 676x204 [border: (1px inset #808080)] [r=0 c=1 rs=1 cs=1]
              LayoutText {#text} at (0,0) size 0x0
            LayoutTableCell {TD} at (723,82) size 42x40 [border: (1px inset #808080)] [r=0 c=2 rs=1 cs=1]
              LayoutText {#text} at (2,2) size 27x36
                text run at (2,2) width 12: "A"
                text run at (2,20) width 27: "Cell"
        LayoutTableSection {TBODY} at (1,101) size 767x98
          LayoutTableRow {TR} at (0,0) size 767x96
            LayoutTableCell {TD} at (2,28) size 41x40 [border: (1px inset #808080)] [r=0 c=0 rs=1 cs=1]
              LayoutText {#text} at (2,2) size 27x36
                text run at (2,2) width 12: "A"
                text run at (2,20) width 27: "Cell"
            LayoutTableCell {TD} at (45,0) size 676x96 [border: (1px inset #808080)] [r=0 c=1 rs=1 cs=1]
              LayoutInline {SPAN} at (0,0) size 611x92
                LayoutText {#text} at (2,2) size 611x92
                  text run at (2,2) width 611: "TBODY blah blah blah blah blah blah"
                  text run at (2,48) width 138: "TBODY"
              LayoutText {#text} at (0,0) size 0x0
            LayoutTableCell {TD} at (723,28) size 42x40 [border: (1px inset #808080)] [r=0 c=2 rs=1 cs=1]
              LayoutText {#text} at (2,2) size 27x36
                text run at (2,2) width 12: "A"
                text run at (2,20) width 27: "Cell"
      LayoutBlockFlow {P} at (0,456) size 769x18
        LayoutText {#text} at (0,0) size 162x18
          text run at (0,0) width 162: "IFRAME inside TBODY"
      LayoutTable {TABLE} at (0,490) size 769x406 [border: (1px outset #808080)]
        LayoutTableSection {THEAD} at (1,1) size 767x100
          LayoutTableRow {TR} at (0,2) size 767x96
            LayoutTableCell {TD} at (2,30) size 41x40 [border: (1px inset #808080)] [r=0 c=0 rs=1 cs=1]
              LayoutText {#text} at (2,2) size 27x36
                text run at (2,2) width 12: "A"
                text run at (2,20) width 27: "Cell"
            LayoutTableCell {TD} at (45,2) size 676x96 [border: (1px inset #808080)] [r=0 c=1 rs=1 cs=1]
              LayoutInline {SPAN} at (0,0) size 609x92
                LayoutText {#text} at (2,2) size 609x92
                  text run at (2,2) width 609: "THEAD blah blah blah blah blah blah"
                  text run at (2,48) width 136: "THEAD"
              LayoutText {#text} at (0,0) size 0x0
            LayoutTableCell {TD} at (723,30) size 42x40 [border: (1px inset #808080)] [r=0 c=2 rs=1 cs=1]
              LayoutText {#text} at (2,2) size 27x36
                text run at (2,2) width 12: "A"
                text run at (2,20) width 27: "Cell"
        LayoutTableSection {TFOOT} at (1,307) size 767x98
          LayoutTableRow {TR} at (0,0) size 767x96
            LayoutTableCell {TD} at (2,28) size 41x40 [border: (1px inset #808080)] [r=0 c=0 rs=1 cs=1]
              LayoutText {#text} at (2,2) size 27x36
                text run at (2,2) width 12: "A"
                text run at (2,20) width 27: "Cell"
            LayoutTableCell {TD} at (45,0) size 676x96 [border: (1px inset #808080)] [r=0 c=1 rs=1 cs=1]
              LayoutInline {SPAN} at (0,0) size 603x92
                LayoutText {#text} at (2,2) size 603x92
                  text run at (2,2) width 603: "TFOOT blah blah blah blah blah blah"
                  text run at (2,48) width 129: "TFOOT"
              LayoutText {#text} at (0,0) size 0x0
            LayoutTableCell {TD} at (723,28) size 42x40 [border: (1px inset #808080)] [r=0 c=2 rs=1 cs=1]
              LayoutText {#text} at (2,2) size 27x36
                text run at (2,2) width 12: "A"
                text run at (2,20) width 27: "Cell"
        LayoutTableSection {TBODY} at (1,101) size 767x206
          LayoutTableRow {TR} at (0,0) size 767x204
            LayoutTableCell {TD} at (2,82) size 41x40 [border: (1px inset #808080)] [r=0 c=0 rs=1 cs=1]
              LayoutText {#text} at (2,2) size 27x36
                text run at (2,2) width 12: "A"
                text run at (2,20) width 27: "Cell"
            LayoutTableCell {TD} at (45,0) size 676x204 [border: (1px inset #808080)] [r=0 c=1 rs=1 cs=1]
              LayoutText {#text} at (0,0) size 0x0
            LayoutTableCell {TD} at (723,82) size 42x40 [border: (1px inset #808080)] [r=0 c=2 rs=1 cs=1]
              LayoutText {#text} at (2,2) size 27x36
                text run at (2,2) width 12: "A"
                text run at (2,20) width 27: "Cell"
      LayoutBlockFlow {P} at (0,912) size 769x18
        LayoutText {#text} at (0,0) size 161x18
          text run at (0,0) width 161: "IFRAME inside THEAD"
      LayoutTable {TABLE} at (0,946) size 769x406 [border: (1px outset #808080)]
        LayoutTableSection {THEAD} at (1,1) size 767x208
          LayoutTableRow {TR} at (0,2) size 767x204
            LayoutTableCell {TD} at (2,84) size 41x40 [border: (1px inset #808080)] [r=0 c=0 rs=1 cs=1]
              LayoutText {#text} at (2,2) size 27x36
                text run at (2,2) width 12: "A"
                text run at (2,20) width 27: "Cell"
            LayoutTableCell {TD} at (45,2) size 676x204 [border: (1px inset #808080)] [r=0 c=1 rs=1 cs=1]
              LayoutText {#text} at (0,0) size 0x0
            LayoutTableCell {TD} at (723,84) size 42x40 [border: (1px inset #808080)] [r=0 c=2 rs=1 cs=1]
              LayoutText {#text} at (2,2) size 27x36
                text run at (2,2) width 12: "A"
                text run at (2,20) width 27: "Cell"
        LayoutTableSection {TFOOT} at (1,307) size 767x98
          LayoutTableRow {TR} at (0,0) size 767x96
            LayoutTableCell {TD} at (2,28) size 41x40 [border: (1px inset #808080)] [r=0 c=0 rs=1 cs=1]
              LayoutText {#text} at (2,2) size 27x36
                text run at (2,2) width 12: "A"
                text run at (2,20) width 27: "Cell"
            LayoutTableCell {TD} at (45,0) size 676x96 [border: (1px inset #808080)] [r=0 c=1 rs=1 cs=1]
              LayoutInline {SPAN} at (0,0) size 603x92
                LayoutText {#text} at (2,2) size 603x92
                  text run at (2,2) width 603: "TFOOT blah blah blah blah blah blah"
                  text run at (2,48) width 129: "TFOOT"
              LayoutText {#text} at (0,0) size 0x0
            LayoutTableCell {TD} at (723,28) size 42x40 [border: (1px inset #808080)] [r=0 c=2 rs=1 cs=1]
              LayoutText {#text} at (2,2) size 27x36
                text run at (2,2) width 12: "A"
                text run at (2,20) width 27: "Cell"
        LayoutTableSection {TBODY} at (1,209) size 767x98
          LayoutTableRow {TR} at (0,0) size 767x96
            LayoutTableCell {TD} at (2,28) size 41x40 [border: (1px inset #808080)] [r=0 c=0 rs=1 cs=1]
              LayoutText {#text} at (2,2) size 27x36
                text run at (2,2) width 12: "A"
                text run at (2,20) width 27: "Cell"
            LayoutTableCell {TD} at (45,0) size 676x96 [border: (1px inset #808080)] [r=0 c=1 rs=1 cs=1]
              LayoutInline {SPAN} at (0,0) size 611x92
                LayoutText {#text} at (2,2) size 611x92
                  text run at (2,2) width 611: "TBODY blah blah blah blah blah blah"
                  text run at (2,48) width 138: "TBODY"
              LayoutText {#text} at (0,0) size 0x0
            LayoutTableCell {TD} at (723,28) size 42x40 [border: (1px inset #808080)] [r=0 c=2 rs=1 cs=1]
              LayoutText {#text} at (2,2) size 27x36
                text run at (2,2) width 12: "A"
                text run at (2,20) width 27: "Cell"
layer at (66,253) size 155x180
  LayoutIFrame {IFRAME} at (12,12) size 155x180 [border: (5px solid #FF0000)]
    layer at (0,0) size 125x150
      LayoutView at (0,0) size 125x150
    layer at (0,0) size 125x150
      LayoutBlockFlow {HTML} at (0,0) size 125x150
        LayoutBlockFlow {BODY} at (8,8) size 109x134
layer at (66,611) size 155x180 backgroundClip at (0,0) size 785x600 clip at (0,0) size 785x600
  LayoutIFrame {IFRAME} at (12,12) size 155x180 [border: (5px solid #FF0000)]
    layer at (0,0) size 125x150
      LayoutView at (0,0) size 125x150
    layer at (0,0) size 125x150
      LayoutBlockFlow {HTML} at (0,0) size 125x150
        LayoutBlockFlow {BODY} at (8,8) size 109x134
layer at (66,969) size 155x180 backgroundClip at (0,0) size 785x600 clip at (0,0) size 785x600
  LayoutIFrame {IFRAME} at (12,12) size 155x180 [border: (5px solid #FF0000)]
    layer at (0,0) size 125x150
      LayoutView at (0,0) size 125x150
    layer at (0,0) size 125x150
      LayoutBlockFlow {HTML} at (0,0) size 125x150
        LayoutBlockFlow {BODY} at (8,8) size 109x134
