layer at (0,0) size 800x600
  LayoutView at (0,0) size 800x600
layer at (0,0) size 800x600
  LayoutBlockFlow {HTML} at (0,0) size 800x600
    LayoutBlockFlow {BODY} at (8,8) size 784x584
      LayoutTable {TABLE} at (0,0) size 784x38 [border: (1px outset #808080)]
        LayoutTableSection {TBODY} at (1,1) size 782x36
          LayoutTableRow {TR} at (0,2) size 782x32
            LayoutTableCell {TD} at (2,2) size 778x32 [border: (1px inset #808080)] [r=0 c=0 rs=1 cs=1]
              LayoutTable {TABLE} at (2,2) size 774x28 [border: (1px outset #808080)]
                LayoutTableSection {TBODY} at (1,1) size 772x26
                  LayoutTableRow {TR} at (0,2) size 772x22
                    LayoutTableCell {TD} at (2,2) size 221x22 [border: (1px inset #808080)] [r=0 c=0 rs=1 cs=1]
                      LayoutText {#text} at (2,2) size 36x18
                        text run at (2,2) width 36: "cell 1"
                    LayoutTableCell {TD} at (225,2) size 545x22 [border: (1px inset #808080)] [r=0 c=1 rs=1 cs=1]
                      LayoutText {#text} at (2,2) size 36x18
                        text run at (2,2) width 36: "cell 2"
