layer at (0,0) size 800x600
  LayoutView at (0,0) size 800x600
layer at (0,0) size 800x600
  LayoutBlockFlow {HTML} at (0,0) size 800x600
    LayoutBlockFlow {BODY} at (8,8) size 784x584
      LayoutTable {TABLE} at (0,0) size 76x52 [border: (1px outset #808080)]
        LayoutTableSection {THEAD} at (1,1) size 74x26
          LayoutTableRow {TR} at (0,2) size 74x22
            LayoutTableCell {TH} at (2,2) size 70x22 [border: (1px inset #808080)] [r=0 c=0 rs=1 cs=1]
              LayoutText {#text} at (2,2) size 66x18
                text run at (2,2) width 66: "thead cell"
        LayoutTableSection {TBODY} at (1,27) size 74x24
          LayoutTableRow {TR} at (0,0) size 74x22
            LayoutTableCell {TD} at (2,0) size 70x22 [border: (1px inset #808080)] [r=0 c=0 rs=1 cs=1]
              LayoutText {#text} at (2,2) size 64x18
                text run at (2,2) width 64: "tbody cell"
