layer at (0,0) size 800x600
  LayoutView at (0,0) size 800x600
layer at (0,0) size 800x600
  LayoutBlockFlow {HTML} at (0,0) size 800x600
    LayoutBlockFlow {BODY} at (8,8) size 784x584
      LayoutTable {TABLE} at (0,0) size 439x78 [border: (1px outset #808080)]
        LayoutTableSection {TBODY} at (1,1) size 437x76
          LayoutTableRow {TR} at (0,2) size 437x48
            LayoutTableCell {TD} at (2,15) size 147x22 [border: (1px inset #808080)] [r=0 c=0 rs=1 cs=1]
              LayoutText {#text} at (2,2) size 31x18
                text run at (2,2) width 31: "Blah"
            LayoutTableCell {TD} at (151,2) size 284x48 [border: (1px inset #808080)] [r=0 c=1 rs=1 cs=1]
              LayoutTable {TABLE} at (110.50,2) size 63x44 [border: (1px outset #808080)]
                LayoutTableSection {TBODY} at (1,1) size 61x42
                  LayoutTableRow {TR} at (0,2) size 61x38
                    LayoutTableCell {TD} at (2,2) size 57x38 [border: (1px inset #808080)] [r=0 c=0 rs=1 cs=1]
                      LayoutBlockFlow {FORM} at (2,2) size 53x18
                        LayoutButton {INPUT} at (0,0) size 52.47x18 [bgcolor=#C0C0C0]
                          LayoutBlockFlow (anonymous) at (8,2) size 36.47x13
                            LayoutText {#text} at (0,0) size 37x13
                              text run at (0,0) width 37: "Submit"
                        LayoutText {#text} at (0,0) size 0x0
          LayoutTableRow {TR} at (0,52) size 437x22
            LayoutTableCell {TD} at (2,52) size 433x22 [border: (1px inset #808080)] [r=1 c=0 rs=1 cs=2]
              LayoutText {#text} at (2,2) size 429x18
                text run at (2,2) width 429: "This line is only here to separate the two columns in the row above"
