layer at (0,0) size 800x600
  LayoutView at (0,0) size 800x600
layer at (0,0) size 800x58
  LayoutBlockFlow {HTML} at (0,0) size 800x58
    LayoutBlockFlow {BODY} at (8,8) size 784x42
      LayoutBlockFlow (anonymous) at (0,0) size 784x18
        LayoutText {#text} at (0,0) size 261x18
          text run at (0,0) width 261: "This is the first of two lines on this page."
      LayoutBlockFlow {TABLE} at (0,18) size 784x24
        LayoutTable (anonymous) at (0,0) size 286x24
          LayoutTableSection {TBODY} at (0,0) size 286x24
            LayoutTableRow (anonymous) at (0,2) size 286x20
              LayoutTableCell (anonymous) at (2,2) size 282x20 [r=0 c=0 rs=1 cs=1]
                LayoutBlockFlow {TR} at (0,0) size 282x20
                  LayoutBlockFlow {TD} at (0,0) size 282x20
                    LayoutText {#text} at (1,1) size 280x18
                      text run at (1,1) width 280: "This is the second of two lines on this page."
