layer at (0,0) size 800x600
  LayoutView at (0,0) size 800x600
layer at (0,0) size 800x136
  LayoutBlockFlow {HTML} at (0,0) size 800x136
    LayoutBlockFlow {BODY} at (8,8) size 784x0 [bgcolor=#FFFFFF]
      LayoutTable (floating) {TABLE} at (0,0) size 86x123
        LayoutBlockFlow {CAPTION} at (0,0) size 86x18
          LayoutText {#text} at (0,0) size 87x18
            text run at (0,0) width 87: "height=\"105\""
        LayoutTableSection {TBODY} at (0,18) size 86x105
          LayoutTableRow {TR} at (0,0) size 86x21
            LayoutTableCell {TD} at (0,0) size 86x20 [r=0 c=0 rs=1 cs=1]
              LayoutText {#text} at (1,1) size 64x18
                text run at (1,1) width 64: "Entry #01"
          LayoutTableRow {TR} at (0,21) size 86x21
            LayoutTableCell {TD} at (0,21) size 86x20 [r=1 c=0 rs=1 cs=1]
              LayoutText {#text} at (1,1) size 64x18
                text run at (1,1) width 64: "Entry #02"
          LayoutTableRow {TR} at (0,42) size 86x21
            LayoutTableCell {TD} at (0,42) size 86x20 [r=2 c=0 rs=1 cs=1]
              LayoutText {#text} at (1,1) size 64x18
                text run at (1,1) width 64: "Entry #03"
          LayoutTableRow {TR} at (0,63) size 86x21
            LayoutTableCell {TD} at (0,63) size 86x20 [r=3 c=0 rs=1 cs=1]
              LayoutText {#text} at (1,1) size 64x18
                text run at (1,1) width 64: "Entry #04"
          LayoutTableRow {TR} at (0,84) size 86x21
            LayoutTableCell {TD} at (0,84) size 86x20 [r=4 c=0 rs=1 cs=1]
              LayoutText {#text} at (1,1) size 64x18
                text run at (1,1) width 64: "Entry #05"
      LayoutTable (floating) {TABLE} at (86,0) size 86x124
        LayoutBlockFlow {CAPTION} at (0,0) size 86x18
          LayoutText {#text} at (0,0) size 87x18
            text run at (0,0) width 87: "height=\"106\""
        LayoutTableSection {TBODY} at (0,18) size 86x106
          LayoutTableRow {TR} at (0,0) size 86x21
            LayoutTableCell {TD} at (0,0) size 86x20 [r=0 c=0 rs=1 cs=1]
              LayoutText {#text} at (1,1) size 64x18
                text run at (1,1) width 64: "Entry #01"
          LayoutTableRow {TR} at (0,21) size 86x21
            LayoutTableCell {TD} at (0,21) size 86x20 [r=1 c=0 rs=1 cs=1]
              LayoutText {#text} at (1,1) size 64x18
                text run at (1,1) width 64: "Entry #02"
          LayoutTableRow {TR} at (0,42) size 86x21
            LayoutTableCell {TD} at (0,42) size 86x20 [r=2 c=0 rs=1 cs=1]
              LayoutText {#text} at (1,1) size 64x18
                text run at (1,1) width 64: "Entry #03"
          LayoutTableRow {TR} at (0,63) size 86x21
            LayoutTableCell {TD} at (0,63) size 86x20 [r=3 c=0 rs=1 cs=1]
              LayoutText {#text} at (1,1) size 64x18
                text run at (1,1) width 64: "Entry #04"
          LayoutTableRow {TR} at (0,84) size 86x22
            LayoutTableCell {TD} at (0,85) size 86x20 [r=4 c=0 rs=1 cs=1]
              LayoutText {#text} at (1,1) size 64x18
                text run at (1,1) width 64: "Entry #05"
      LayoutTable (floating) {TABLE} at (172,0) size 86x125
        LayoutBlockFlow {CAPTION} at (0,0) size 86x18
          LayoutText {#text} at (0,0) size 87x18
            text run at (0,0) width 87: "height=\"107\""
        LayoutTableSection {TBODY} at (0,18) size 86x107
          LayoutTableRow {TR} at (0,0) size 86x21
            LayoutTableCell {TD} at (0,0) size 86x20 [r=0 c=0 rs=1 cs=1]
              LayoutText {#text} at (1,1) size 64x18
                text run at (1,1) width 64: "Entry #01"
          LayoutTableRow {TR} at (0,21) size 86x21
            LayoutTableCell {TD} at (0,21) size 86x20 [r=1 c=0 rs=1 cs=1]
              LayoutText {#text} at (1,1) size 64x18
                text run at (1,1) width 64: "Entry #02"
          LayoutTableRow {TR} at (0,42) size 86x21
            LayoutTableCell {TD} at (0,42) size 86x20 [r=2 c=0 rs=1 cs=1]
              LayoutText {#text} at (1,1) size 64x18
                text run at (1,1) width 64: "Entry #03"
          LayoutTableRow {TR} at (0,63) size 86x22
            LayoutTableCell {TD} at (0,64) size 86x20 [r=3 c=0 rs=1 cs=1]
              LayoutText {#text} at (1,1) size 64x18
                text run at (1,1) width 64: "Entry #04"
          LayoutTableRow {TR} at (0,85) size 86x22
            LayoutTableCell {TD} at (0,86) size 86x20 [r=4 c=0 rs=1 cs=1]
              LayoutText {#text} at (1,1) size 64x18
                text run at (1,1) width 64: "Entry #05"
      LayoutTable (floating) {TABLE} at (258,0) size 86x126
        LayoutBlockFlow {CAPTION} at (0,0) size 86x18
          LayoutText {#text} at (0,0) size 87x18
            text run at (0,0) width 87: "height=\"108\""
        LayoutTableSection {TBODY} at (0,18) size 86x108
          LayoutTableRow {TR} at (0,0) size 86x21
            LayoutTableCell {TD} at (0,0) size 86x20 [r=0 c=0 rs=1 cs=1]
              LayoutText {#text} at (1,1) size 64x18
                text run at (1,1) width 64: "Entry #01"
          LayoutTableRow {TR} at (0,21) size 86x21
            LayoutTableCell {TD} at (0,21) size 86x20 [r=1 c=0 rs=1 cs=1]
              LayoutText {#text} at (1,1) size 64x18
                text run at (1,1) width 64: "Entry #02"
          LayoutTableRow {TR} at (0,42) size 86x22
            LayoutTableCell {TD} at (0,43) size 86x20 [r=2 c=0 rs=1 cs=1]
              LayoutText {#text} at (1,1) size 64x18
                text run at (1,1) width 64: "Entry #03"
          LayoutTableRow {TR} at (0,64) size 86x22
            LayoutTableCell {TD} at (0,65) size 86x20 [r=3 c=0 rs=1 cs=1]
              LayoutText {#text} at (1,1) size 64x18
                text run at (1,1) width 64: "Entry #04"
          LayoutTableRow {TR} at (0,86) size 86x22
            LayoutTableCell {TD} at (0,87) size 86x20 [r=4 c=0 rs=1 cs=1]
              LayoutText {#text} at (1,1) size 64x18
                text run at (1,1) width 64: "Entry #05"
      LayoutTable (floating) {TABLE} at (344,0) size 86x127
        LayoutBlockFlow {CAPTION} at (0,0) size 86x18
          LayoutText {#text} at (0,0) size 87x18
            text run at (0,0) width 87: "height=\"109\""
        LayoutTableSection {TBODY} at (0,18) size 86x109
          LayoutTableRow {TR} at (0,0) size 86x21
            LayoutTableCell {TD} at (0,0) size 86x20 [r=0 c=0 rs=1 cs=1]
              LayoutText {#text} at (1,1) size 64x18
                text run at (1,1) width 64: "Entry #01"
          LayoutTableRow {TR} at (0,21) size 86x22
            LayoutTableCell {TD} at (0,22) size 86x20 [r=1 c=0 rs=1 cs=1]
              LayoutText {#text} at (1,1) size 64x18
                text run at (1,1) width 64: "Entry #02"
          LayoutTableRow {TR} at (0,43) size 86x22
            LayoutTableCell {TD} at (0,44) size 86x20 [r=2 c=0 rs=1 cs=1]
              LayoutText {#text} at (1,1) size 64x18
                text run at (1,1) width 64: "Entry #03"
          LayoutTableRow {TR} at (0,65) size 86x22
            LayoutTableCell {TD} at (0,66) size 86x20 [r=3 c=0 rs=1 cs=1]
              LayoutText {#text} at (1,1) size 64x18
                text run at (1,1) width 64: "Entry #04"
          LayoutTableRow {TR} at (0,87) size 86x22
            LayoutTableCell {TD} at (0,88) size 86x20 [r=4 c=0 rs=1 cs=1]
              LayoutText {#text} at (1,1) size 64x18
                text run at (1,1) width 64: "Entry #05"
      LayoutTable (floating) {TABLE} at (430,0) size 85x128
        LayoutBlockFlow {CAPTION} at (0,0) size 85x18
          LayoutText {#text} at (0,0) size 86x18
            text run at (0,0) width 86: "height=\"110\""
        LayoutTableSection {TBODY} at (0,18) size 85x110
          LayoutTableRow {TR} at (0,0) size 85x22
            LayoutTableCell {TD} at (0,1) size 85x20 [r=0 c=0 rs=1 cs=1]
              LayoutText {#text} at (1,1) size 64x18
                text run at (1,1) width 64: "Entry #01"
          LayoutTableRow {TR} at (0,22) size 85x22
            LayoutTableCell {TD} at (0,23) size 85x20 [r=1 c=0 rs=1 cs=1]
              LayoutText {#text} at (1,1) size 64x18
                text run at (1,1) width 64: "Entry #02"
          LayoutTableRow {TR} at (0,44) size 85x22
            LayoutTableCell {TD} at (0,45) size 85x20 [r=2 c=0 rs=1 cs=1]
              LayoutText {#text} at (1,1) size 64x18
                text run at (1,1) width 64: "Entry #03"
          LayoutTableRow {TR} at (0,66) size 85x22
            LayoutTableCell {TD} at (0,67) size 85x20 [r=3 c=0 rs=1 cs=1]
              LayoutText {#text} at (1,1) size 64x18
                text run at (1,1) width 64: "Entry #04"
          LayoutTableRow {TR} at (0,88) size 85x22
            LayoutTableCell {TD} at (0,89) size 85x20 [r=4 c=0 rs=1 cs=1]
              LayoutText {#text} at (1,1) size 64x18
                text run at (1,1) width 64: "Entry #05"
