layer at (0,0) size 800x600
  LayoutView at (0,0) size 800x600
layer at (0,0) size 800x256
  LayoutBlockFlow {HTML} at (0,0) size 800x256
    LayoutBlockFlow {BODY} at (8,8) size 784x240
      LayoutBlockFlow {DIV} at (0,0) size 784x18
        LayoutText {#text} at (0,0) size 323x18
          text run at (0,0) width 323: "Buggy example: This table has a tfoot and a tbody"
      LayoutTable {TABLE} at (0,18) size 784x52 [border: (1px outset #808080)]
        LayoutTableSection {TFOOT} at (1,27) size 782x24
          LayoutTableRow {TR} at (0,0) size 782x22 [bgcolor=#808000]
            LayoutTableCell {TD} at (2,0) size 778x22 [border: (1px inset #808080)] [r=0 c=0 rs=1 cs=1]
              LayoutText {#text} at (667,2) size 109x18
                text run at (667,2) width 109: "This is the footer"
        LayoutTableSection {TBODY} at (1,1) size 782x26
          LayoutTableRow {TR} at (0,2) size 782x22 [bgcolor=#C0C0C0]
            LayoutTableCell {TD} at (2,2) size 778x22 [border: (1px inset #808080)] [r=0 c=0 rs=1 cs=1]
      LayoutBlockFlow (anonymous) at (0,70) size 784x18
        LayoutBR {BR} at (0,0) size 0x18
      LayoutBlockFlow {DIV} at (0,88) size 784x18
        LayoutText {#text} at (0,0) size 305x18
          text run at (0,0) width 305: "For comparison: The same table without a tfoot"
      LayoutTable {TABLE} at (0,106) size 784x28 [border: (1px outset #808080)]
        LayoutTableSection {TBODY} at (1,1) size 782x26
          LayoutTableRow {TR} at (0,2) size 782x22 [bgcolor=#C0C0C0]
            LayoutTableCell {TD} at (2,2) size 778x22 [border: (1px inset #808080)] [r=0 c=0 rs=1 cs=1]
      LayoutBlockFlow {DIV} at (0,134) size 784x36
        LayoutText {#text} at (0,0) size 761x36
          text run at (0,0) width 761: "ILLEGAL example: TFOOT after TBODY -- THIS IS PROHIBITED BY HTML 4.01 STRICT AND SHOULD NOT"
          text run at (0,18) width 445: "WORK IN STRICT MODE. Please fix or reenable transitional mode."
      LayoutTable {TABLE} at (0,170) size 784x52 [border: (1px outset #808080)]
        LayoutTableSection {TBODY} at (1,1) size 782x26
          LayoutTableRow {TR} at (0,2) size 782x22 [bgcolor=#C0C0C0]
            LayoutTableCell {TD} at (2,2) size 778x22 [border: (1px inset #808080)] [r=0 c=0 rs=1 cs=1]
        LayoutTableSection {TFOOT} at (1,27) size 782x24
          LayoutTableRow {TR} at (0,0) size 782x22 [bgcolor=#808000]
            LayoutTableCell {TD} at (2,0) size 778x22 [border: (1px inset #808080)] [r=0 c=0 rs=1 cs=1]
              LayoutText {#text} at (667,2) size 109x18
                text run at (667,2) width 109: "This is the footer"
      LayoutBlockFlow (anonymous) at (0,222) size 784x18
        LayoutBR {BR} at (0,0) size 0x18
layer at (13,31) size 387x18
  LayoutBlockFlow (relative positioned) {DIV} at (2,2) size 387x18 [bgcolor=#FF0000]
    LayoutText {#text} at (109,0) size 278x18
      text run at (109,0) width 278: "This row should be in the (grey) table body"
layer at (13,119) size 387x18
  LayoutBlockFlow (relative positioned) {DIV} at (2,2) size 387x18 [bgcolor=#FF0000]
    LayoutText {#text} at (109,0) size 278x18
      text run at (109,0) width 278: "This row should be in the (grey) table body"
layer at (13,183) size 387x18
  LayoutBlockFlow (relative positioned) {DIV} at (2,2) size 387x18 [bgcolor=#FF0000]
    LayoutText {#text} at (109,0) size 278x18
      text run at (109,0) width 278: "This row should be in the (grey) table body"
