layer at (0,0) size 800x600
  LayoutView at (0,0) size 800x600
layer at (0,0) size 800x600
  LayoutBlockFlow {HTML} at (0,0) size 800x600
    LayoutBlockFlow {BODY} at (8,8) size 784x584 [bgcolor=#FFFFFF]
      LayoutTable {TABLE} at (0,0) size 360x92 [border: (1px outset #808080)]
        LayoutTableSection {TBODY} at (1,1) size 358x90
          LayoutTableRow {TR} at (0,2) size 358x86
            LayoutTableCell {TD} at (2,2) size 354x86 [border: (1px inset #808080)] [r=0 c=0 rs=1 cs=1]
              LayoutTable {TABLE} at (2,2) size 350x82 [bgcolor=#FFCC99] [border: (1px outset #808080)]
                LayoutTableSection {TBODY} at (1,1) size 348x80
                  LayoutTableRow {TR} at (0,2) size 348x76
                    LayoutTableCell {TD} at (2,14) size 246x52 [border: (1px inset #808080)] [r=0 c=0 rs=1 cs=2]
                      LayoutInline {B} at (0,0) size 101x18
                        LayoutText {#text} at (2,2) size 101x18
                          text run at (2,2) width 101: "Contact MPG:"
                      LayoutText {#text} at (102,2) size 5x18
                        text run at (102,2) width 5: " "
                      LayoutBR {BR} at (0,0) size 0x0
                      LayoutInline {FONT} at (0,0) size 234x30
                        LayoutInline {B} at (0,0) size 147x15
                          LayoutInline {A} at (0,0) size 147x15 [color=#551A8B]
                            LayoutText {#text} at (2,20) size 147x15
                              text run at (2,20) width 33: "Click "
                              text run at (34,20) width 115: "here to email full list"
                        LayoutText {#text} at (148,20) size 72x15
                          text run at (148,20) width 72: ", or copy this "
                        LayoutInline {A} at (0,0) size 234x30 [color=#551A8B]
                          LayoutText {#text} at (219,20) size 234x30
                            text run at (219,20) width 17: "list"
                            text run at (2,35) width 64: "of addresses"
                        LayoutText {#text} at (65,35) size 42x15
                          text run at (65,35) width 42: ".  View "
                        LayoutInline {A} at (0,0) size 83x15 [color=#551A8B]
                          LayoutText {#text} at (106,35) size 83x15
                            text run at (106,35) width 83: "Who is in MPG"
                        LayoutText {#text} at (188,35) size 4x15
                          text run at (188,35) width 4: "."
                      LayoutText {#text} at (0,0) size 0x0
                    LayoutTableCell {TD} at (250,2) size 96x76 [border: (1px inset #808080)] [r=0 c=2 rs=1 cs=1]
                      LayoutInline {B} at (0,0) size 85x18
                        LayoutText {#text} at (2,2) size 85x18
                          text run at (2,2) width 85: "MPG Rules:"
                      LayoutText {#text} at (86,2) size 5x18
                        text run at (86,2) width 5: " "
                      LayoutBR {BR} at (0,0) size 0x0
                      LayoutText {#text} at (2,20) size 60x54
                        text run at (2,20) width 60: "Not at all"
                        text run at (2,38) width 46: "serious"
                        text run at (2,56) width 50: "bylaws."
