layer at (0,0) size 800x600
  LayoutView at (0,0) size 800x600
layer at (0,0) size 800x600
  LayoutBlockFlow {HTML} at (0,0) size 800x600
    LayoutBlockFlow {BODY} at (8,8) size 784x584
      LayoutTable {TABLE} at (0,0) size 784x82 [bgcolor=#993300] [border: (1px outset #808080)]
        LayoutTableSection {TBODY} at (1,1) size 782x80
          LayoutTableRow {TR} at (0,2) size 782x76
            LayoutTableCell {TD} at (2,2) size 50x76 [border: (1px inset #808080)] [r=0 c=0 rs=1 cs=1]
              LayoutText {#text} at (2,2) size 46x72
                text run at (2,2) width 44: "This is"
                text run at (2,20) width 8: "a"
                text run at (2,38) width 46: "sample"
                text run at (2,56) width 28: "cell."
            LayoutTableCell {TD} at (54,29) size 726x22 [border: (1px inset #808080)] [r=0 c=1 rs=1 cs=1]
              LayoutText {#text} at (2,2) size 4x18
                text run at (2,2) width 4: " "
