layer at (0,0) size 800x600
  LayoutView at (0,0) size 800x600
layer at (0,0) size 800x600
  LayoutBlockFlow {HTML} at (0,0) size 800x600
    LayoutBlockFlow {BODY} at (8,8) size 784x584 [bgcolor=#FFFFFF]
      LayoutBlockFlow {DIV} at (0,0) size 784x124
        LayoutTable {TABLE} at (4,0) size 776x37
          LayoutTableSection {TBODY} at (0,0) size 776x37
            LayoutTableRow {TR} at (0,0) size 776x20 [color=#FFFFFF] [bgcolor=#455166]
              LayoutTableCell {TD} at (0,0) size 776x20 [r=0 c=0 rs=1 cs=1]
                LayoutText {#text} at (507,1) size 257x17
                  text run at (507,1) width 257: "This column seems to finish early"
            LayoutTableRow {TR} at (0,20) size 776x17
              LayoutTableCell {TD} at (0,20) size 776x17 [bgcolor=#C0C0C0] [r=1 c=0 rs=1 cs=1]
                LayoutText {#text} at (1,1) size 4x15
                  text run at (1,1) width 4: " "
        LayoutBlockFlow {P} at (0,53) size 784x18
          LayoutText {#text} at (390,0) size 4x18
            text run at (390,0) width 4: " "
        LayoutTable {TABLE} at (4,87) size 776x37
          LayoutTableSection {TBODY} at (0,0) size 776x37
            LayoutTableRow {TR} at (0,0) size 776x20
              LayoutTableCell {TD} at (0,0) size 776x20 [color=#FFFFFF] [bgcolor=#455166] [r=0 c=0 rs=1 cs=1]
                LayoutText {#text} at (651,1) size 113x17
                  text run at (651,1) width 113: "This one is OK"
            LayoutTableRow {TR} at (0,20) size 776x17
              LayoutTableCell {TD} at (0,20) size 776x17 [bgcolor=#C0C0C0] [r=1 c=0 rs=1 cs=1]
                LayoutText {#text} at (1,1) size 4x15
                  text run at (1,1) width 4: " "
