layer at (0,0) size 800x600
  LayoutView at (0,0) size 800x600
layer at (0,0) size 800x600
  LayoutBlockFlow {HTML} at (0,0) size 800x600
    LayoutBlockFlow {BODY} at (8,8) size 784x584
      LayoutTable {TABLE} at (0,0) size 38x46
        LayoutTableSection {TBODY} at (0,0) size 38x46
          LayoutTableRow {TR} at (0,2) size 38x20
            LayoutTableCell {TD} at (2,2) size 10x20 [bgcolor=#008000] [r=0 c=0 rs=1 cs=1]
              LayoutText {#text} at (1,1) size 8x18
                text run at (1,1) width 8: "a"
            LayoutTableCell {TD} at (14,13) size 22x20 [bgcolor=#FFA500] [r=0 c=1 rs=2 cs=1]
              LayoutImage {IMG} at (1,1) size 20x18
          LayoutTableRow {TR} at (0,24) size 38x20
            LayoutTableCell {TD} at (2,24) size 10x20 [bgcolor=#0000FF] [r=1 c=0 rs=1 cs=1]
              LayoutText {#text} at (1,1) size 8x18
                text run at (1,1) width 8: "x"
