layer at (0,0) size 800x600
  LayoutView at (0,0) size 800x600
layer at (0,0) size 800x68
  LayoutBlockFlow {HTML} at (0,0) size 800x68
    LayoutBlockFlow {BODY} at (8,8) size 784x52
      LayoutTable {TABLE} at (0,0) size 728x52 [border: (1px outset #808080)]
        LayoutTableSection {TBODY} at (1,1) size 726x50
          LayoutTableRow {TR} at (0,2) size 726x22
            LayoutTableCell {TD} at (2,2) size 179x22 [border: (1px inset #808080)] [r=0 c=0 rs=1 cs=1]
              LayoutText {#text} at (2,2) size 8x18
                text run at (2,2) width 8: "1"
            LayoutTableCell {TD} at (183,2) size 539x22 [border: (1px inset #808080)] [r=0 c=1 rs=1 cs=1]
              LayoutText {#text} at (2,2) size 427x18
                text run at (2,2) width 427: "HelloHelloHelloHelloHelloHelloHelloHelloHelloHelloHelloHello"
          LayoutTableRow {TR} at (0,26) size 726x22
            LayoutTableCell {TD} at (2,26) size 722x22 [border: (1px inset #808080)] [r=1 c=0 rs=1 cs=3]
              LayoutText {#text} at (2,2) size 8x18
                text run at (2,2) width 8: "3"
