layer at (0,0) size 800x600
  LayoutView at (0,0) size 800x600
layer at (0,0) size 800x224
  LayoutBlockFlow {HTML} at (0,0) size 800x224
    LayoutBlockFlow {BODY} at (8,8) size 784x208
      LayoutTable {TABLE} at (0,0) size 700x52 [border: (1px outset #808080)]
        LayoutTableSection {TBODY} at (1,1) size 698x50
          LayoutTableRow {TR} at (0,2) size 698x22
            LayoutTableCell {TD} at (2,2) size 694x22 [border: (1px inset #808080)] [r=0 c=0 rs=1 cs=3]
              LayoutText {#text} at (2,2) size 589x18
                text run at (2,2) width 589: "lots of text goes here even more and more and more and more and more and more and more"
          LayoutTableRow {TR} at (0,26) size 698x22
            LayoutTableCell {TD} at (2,26) size 681x22 [border: (1px inset #808080)] [r=1 c=0 rs=1 cs=2]
              LayoutText {#text} at (2,2) size 514x18
                text run at (2,2) width 514: "aaaaaaaaaaaa bbbbbbbbbbbbbbb cccccccccccccccccccccccccc dddddddddddddd"
            LayoutTableCell {TD} at (685,26) size 11x22 [border: (1px inset #808080)] [r=1 c=2 rs=1 cs=1]
              LayoutText {#text} at (2,2) size 4x18
                text run at (2,2) width 4: " "
      LayoutBlockFlow {P} at (0,68) size 784x0
      LayoutTable {TABLE} at (0,68) size 700x52 [border: (1px outset #808080)]
        LayoutTableSection {TBODY} at (1,1) size 698x50
          LayoutTableRow {TR} at (0,2) size 698x22
            LayoutTableCell {TD} at (2,2) size 694x22 [border: (1px inset #808080)] [r=0 c=0 rs=1 cs=3]
              LayoutText {#text} at (2,2) size 192x18
                text run at (2,2) width 192: "lots of text goes here even mo"
          LayoutTableRow {TR} at (0,26) size 698x22
            LayoutTableCell {TD} at (2,26) size 681x22 [border: (1px inset #808080)] [r=1 c=0 rs=1 cs=2]
              LayoutText {#text} at (2,2) size 514x18
                text run at (2,2) width 514: "aaaaaaaaaaaa bbbbbbbbbbbbbbb cccccccccccccccccccccccccc dddddddddddddd"
            LayoutTableCell {TD} at (685,26) size 11x22 [border: (1px inset #808080)] [r=1 c=2 rs=1 cs=1]
              LayoutText {#text} at (2,2) size 4x18
                text run at (2,2) width 4: " "
      LayoutBlockFlow {P} at (0,136) size 784x0
      LayoutTable {TABLE} at (0,136) size 700x52 [border: (1px outset #808080)]
        LayoutTableSection {TBODY} at (1,1) size 698x50
          LayoutTableRow {TR} at (0,2) size 698x22
            LayoutTableCell {TD} at (2,2) size 694x22 [border: (1px inset #808080)] [r=0 c=0 rs=1 cs=3]
              LayoutText {#text} at (2,2) size 184x18
                text run at (2,2) width 184: "lots of text goes here even m"
          LayoutTableRow {TR} at (0,26) size 698x22
            LayoutTableCell {TD} at (2,26) size 681x22 [border: (1px inset #808080)] [r=1 c=0 rs=1 cs=2]
              LayoutText {#text} at (2,2) size 514x18
                text run at (2,2) width 514: "aaaaaaaaaaaa bbbbbbbbbbbbbbb cccccccccccccccccccccccccc dddddddddddddd"
            LayoutTableCell {TD} at (685,26) size 11x22 [border: (1px inset #808080)] [r=1 c=2 rs=1 cs=1]
              LayoutText {#text} at (2,2) size 4x18
                text run at (2,2) width 4: " "
      LayoutBlockFlow {HR} at (0,196) size 182x2 [border: (1px inset #EEEEEE)]
      LayoutBlockFlow {HR} at (0,206) size 520x2 [border: (1px inset #EEEEEE)]
