layer at (0,0) size 800x600
  LayoutView at (0,0) size 800x600
layer at (0,0) size 800x600
  LayoutBlockFlow {HTML} at (0,0) size 800x600
    LayoutBlockFlow {BODY} at (8,8) size 784x584
      LayoutBlockFlow (anonymous) at (0,0) size 784x0
        LayoutInline {FONT} at (0,0) size 0x0
      LayoutTable {TABLE} at (0,0) size 114x46 [border: (1px outset #808080)]
        LayoutBlockFlow {CAPTION} at (0,0) size 114x18
          LayoutText {#text} at (33,0) size 48x18
            text run at (33,0) width 48: "TEST1"
        LayoutTableSection {TBODY} at (1,19) size 112x26
          LayoutTableRow {TR} at (0,2) size 112x22
            LayoutTableCell {TD} at (2,2) size 108x22 [border: (1px inset #808080)] [r=0 c=0 rs=1 cs=1]
              LayoutText {#text} at (2,2) size 104x18
                text run at (2,2) width 104: "TABLE TEXT1"
      LayoutBlockFlow (anonymous) at (0,46) size 784x18
        LayoutInline {FONT} at (0,0) size 47x18
          LayoutText {#text} at (0,0) size 47x18
            text run at (0,0) width 47: "TEST2"
      LayoutTable {TABLE} at (0,64) size 114x28 [border: (1px outset #808080)]
        LayoutTableSection {TBODY} at (1,1) size 112x26
          LayoutTableRow {TR} at (0,2) size 112x22
            LayoutTableCell {TD} at (2,2) size 108x22 [border: (1px inset #808080)] [r=0 c=0 rs=1 cs=1]
              LayoutText {#text} at (2,2) size 104x18
                text run at (2,2) width 104: "TABLE TEXT2"
      LayoutTable {TABLE} at (0,92) size 114x46 [border: (1px outset #808080)]
        LayoutBlockFlow {CAPTION} at (0,0) size 114x18
          LayoutText {#text} at (33,0) size 48x18
            text run at (33,0) width 48: "TEST3"
        LayoutTableSection {TBODY} at (1,19) size 112x26
          LayoutTableRow {TR} at (0,2) size 112x22
            LayoutTableCell {TD} at (2,2) size 108x22 [border: (1px inset #808080)] [r=0 c=0 rs=1 cs=1]
              LayoutText {#text} at (2,2) size 104x18
                text run at (2,2) width 104: "TABLE TEXT3"
