layer at (0,0) size 800x600 scrollWidth 16468
  LayoutView at (0,0) size 800x600
layer at (0,0) size 800x600
  LayoutBlockFlow {HTML} at (0,0) size 800x600
    LayoutBlockFlow {BODY} at (8,8) size 784x584
      LayoutTable {TABLE} at (0,0) size 16460x108
        LayoutTableCol {COLGROUP} at (0,0) size 0x0
          LayoutTableCol {COL} at (0,0) size 0x0
          LayoutTableCol {COL} at (0,0) size 0x0
          LayoutTableCol {COL} at (0,0) size 0x0
          LayoutTableCol {COL} at (0,0) size 0x0
          LayoutTableCol {COL} at (0,0) size 0x0
          LayoutTableCol {COL} at (0,0) size 0x0
          LayoutTableCol {COL} at (0,0) size 0x0
          LayoutTableCol {COL} at (0,0) size 0x0
        LayoutTableSection {TBODY} at (0,0) size 16460x108
          LayoutTableRow {TR} at (0,0) size 16460x18
            LayoutTableCell {TD} at (0,0) size 588x18 [r=0 c=0 rs=1 cs=8]
              LayoutText {#text} at (0,0) size 341x18
                text run at (0,0) width 341: "PRODUCT SPECIFICATIONS DAY CONTRACTS"
            LayoutTableCell {TD} at (588,9) size 64x0 [r=0 c=8 rs=1 cs=1]
            LayoutTableCell {TD} at (652,9) size 64x0 [r=0 c=9 rs=1 cs=1]
            LayoutTableCell {TD} at (716,9) size 64x0 [r=0 c=10 rs=1 cs=1]
            LayoutTableCell {TD} at (780,9) size 64x0 [r=0 c=11 rs=1 cs=1]
            LayoutTableCell {TD} at (844,9) size 64x0 [r=0 c=12 rs=1 cs=1]
            LayoutTableCell {TD} at (908,9) size 64x0 [r=0 c=13 rs=1 cs=1]
            LayoutTableCell {TD} at (972,9) size 64x0 [r=0 c=14 rs=1 cs=1]
            LayoutTableCell {TD} at (1036,9) size 64x0 [r=0 c=15 rs=1 cs=1]
            LayoutTableCell {TD} at (1100,9) size 64x0 [r=0 c=16 rs=1 cs=1]
            LayoutTableCell {TD} at (1164,9) size 64x0 [r=0 c=17 rs=1 cs=1]
            LayoutTableCell {TD} at (1228,9) size 64x0 [r=0 c=18 rs=1 cs=1]
            LayoutTableCell {TD} at (1292,9) size 64x0 [r=0 c=19 rs=1 cs=1]
            LayoutTableCell {TD} at (1356,9) size 64x0 [r=0 c=20 rs=1 cs=1]
            LayoutTableCell {TD} at (1420,9) size 64x0 [r=0 c=21 rs=1 cs=1]
            LayoutTableCell {TD} at (1484,9) size 64x0 [r=0 c=22 rs=1 cs=1]
            LayoutTableCell {TD} at (1548,9) size 64x0 [r=0 c=23 rs=1 cs=1]
            LayoutTableCell {TD} at (1612,9) size 64x0 [r=0 c=24 rs=1 cs=1]
            LayoutTableCell {TD} at (1676,9) size 64x0 [r=0 c=25 rs=1 cs=1]
          LayoutTableRow {TR} at (0,18) size 16460x36
            LayoutTableCell {TD} at (0,27) size 54x18 [r=1 c=0 rs=1 cs=1]
              LayoutText {#text} at (0,0) size 50x18
                text run at (0,0) width 50: "Product"
            LayoutTableCell {TD} at (54,27) size 54x18 [r=1 c=1 rs=1 cs=1]
              LayoutText {#text} at (0,0) size 56x18
                text run at (0,0) width 56: "Contract"
            LayoutTableCell {TD} at (108,27) size 70x18 [r=1 c=2 rs=1 cs=1]
              LayoutText {#text} at (0,0) size 53x18
                text run at (0,0) width 53: "Belongs"
            LayoutTableCell {TD} at (178,18) size 68x36 [r=1 c=3 rs=1 cs=1]
              LayoutText {#text} at (0,0) size 57x36
                text run at (0,0) width 57: "First day"
                text run at (0,18) width 14: "of"
            LayoutTableCell {TD} at (246,18) size 70x36 [r=1 c=4 rs=1 cs=1]
              LayoutText {#text} at (0,0) size 55x36
                text run at (0,0) width 55: "Last day"
                text run at (0,18) width 14: "of"
            LayoutTableCell {TD} at (316,27) size 92x18 [r=1 c=5 rs=1 cs=1]
              LayoutText {#text} at (0,0) size 48x18
                text run at (0,0) width 48: "Date of"
            LayoutTableCell {TD} at (408,27) size 122x18 [r=1 c=6 rs=1 cs=1]
              LayoutText {#text} at (0,0) size 118x18
                text run at (0,0) width 118: "Settlement against"
            LayoutTableCell {TD} at (530,27) size 58x18 [r=1 c=7 rs=1 cs=1]
              LayoutText {#text} at (0,0) size 48x18
                text run at (0,0) width 48: "Quoted"
            LayoutTableCell {TD} at (588,36) size 1152x0 [r=1 c=8 rs=1 cs=18]
          LayoutTableRow {TR} at (0,54) size 16460x18
            LayoutTableCell {TD} at (0,54) size 54x18 [r=2 c=0 rs=1 cs=1]
              LayoutText {#text} at (0,0) size 37x18
                text run at (0,0) width 37: "series"
            LayoutTableCell {TD} at (54,54) size 54x18 [r=2 c=1 rs=1 cs=1]
              LayoutText {#text} at (0,0) size 36x18
                text run at (0,0) width 36: "hours"
            LayoutTableCell {TD} at (108,54) size 70x18 [r=2 c=2 rs=1 cs=1]
              LayoutText {#text} at (0,0) size 13x18
                text run at (0,0) width 13: "to"
            LayoutTableCell {TD} at (178,54) size 68x18 [r=2 c=3 rs=1 cs=1]
              LayoutText {#text} at (0,0) size 46x18
                text run at (0,0) width 46: "trading"
            LayoutTableCell {TD} at (246,54) size 70x18 [r=2 c=4 rs=1 cs=1]
              LayoutText {#text} at (0,0) size 46x18
                text run at (0,0) width 46: "trading"
            LayoutTableCell {TD} at (316,54) size 92x18 [r=2 c=5 rs=1 cs=1]
              LayoutText {#text} at (0,0) size 66x18
                text run at (0,0) width 66: "settlement"
            LayoutTableCell {TD} at (408,54) size 122x18 [r=2 c=6 rs=1 cs=1]
              LayoutText {#text} at (0,0) size 4x18
                text run at (0,0) width 4: " "
            LayoutTableCell {TD} at (530,54) size 58x18 [r=2 c=7 rs=1 cs=1]
              LayoutText {#text} at (0,0) size 56x18
                text run at (0,0) width 56: "currency"
            LayoutTableCell {TD} at (588,63) size 1152x0 [r=2 c=8 rs=1 cs=18]
          LayoutTableRow {TR} at (0,72) size 16460x36
            LayoutTableCell {TD} at (0,72) size 54x36 [r=3 c=0 rs=1 cs=1]
              LayoutText {#text} at (0,0) size 49x36
                text run at (0,0) width 49: "D0101-"
                text run at (0,18) width 16: "00"
            LayoutTableCell {TD} at (54,81) size 54x18 [r=3 c=1 rs=1 cs=1]
              LayoutText {#text} at (0,0) size 16x18
                text run at (0,0) width 16: "24"
            LayoutTableCell {TD} at (108,72) size 70x36 [r=3 c=2 rs=1 cs=1]
              LayoutText {#text} at (0,0) size 62x36
                text run at (0,0) width 62: "Week 52-"
                text run at (0,18) width 16: "99"
            LayoutTableCell {TD} at (178,81) size 68x18 [r=3 c=3 rs=1 cs=1]
              LayoutText {#text} at (0,0) size 57x18
                text run at (0,0) width 57: "12/23/99"
            LayoutTableCell {TD} at (246,81) size 70x18 [r=3 c=4 rs=1 cs=1]
              LayoutText {#text} at (0,0) size 57x18
                text run at (0,0) width 57: "12/30/99"
            LayoutTableCell {TD} at (316,81) size 92x18 [r=3 c=5 rs=1 cs=1]
              LayoutText {#text} at (0,0) size 41x18
                text run at (0,0) width 41: "1/1/00"
            LayoutTableCell {TD} at (408,72) size 122x36 [r=3 c=6 rs=1 cs=1]
              LayoutText {#text} at (0,0) size 84x36
                text run at (0,0) width 84: "System Price"
                text run at (0,18) width 41: "Elspot"
            LayoutTableCell {TD} at (530,81) size 58x18 [r=3 c=7 rs=1 cs=1]
              LayoutText {#text} at (0,0) size 35x18
                text run at (0,0) width 35: "NOK"
            LayoutTableCell {TD} at (588,90) size 1152x0 [r=3 c=8 rs=1 cs=18]
