layer at (0,0) size 800x600
  LayoutView at (0,0) size 800x600
layer at (0,0) size 800x600
  LayoutBlockFlow {HTML} at (0,0) size 800x600
    LayoutBlockFlow {BODY} at (8,8) size 784x584
      LayoutBlockFlow (anonymous) at (0,0) size 784x36
        LayoutText {#text} at (0,0) size 781x36
          text run at (0,0) width 781: "the following is not the bug but is related. Nav put's the images in the 2nd cell on the same line. Border widths of cells are"
          text run at (0,18) width 83: "suspect here."
      LayoutTable {TABLE} at (0,36) size 28x6 [border: (1px outset #808080)]
        LayoutTableSection {TBODY} at (1,1) size 26x4
          LayoutTableRow {TR} at (0,0) size 26x4
            LayoutTableCell {TD} at (0,0) size 4x4 [border: (1px inset #808080)] [r=0 c=0 rs=1 cs=1]
              LayoutImage {IMG} at (1,1) size 2x2
            LayoutTableCell {TD} at (4,0) size 22x4 [border: (1px inset #808080)] [r=0 c=1 rs=1 cs=1]
              LayoutImage {IMG} at (1,1) size 10x2
              LayoutImage {IMG} at (11,1) size 10x2
      LayoutBlockFlow (anonymous) at (0,42) size 784x36
        LayoutBR {BR} at (0,0) size 0x18
        LayoutText {#text} at (0,18) size 665x18
          text run at (0,18) width 665: "the following is related to the bug. Nav put's the images in the last cell of the last table on the same line."
      LayoutTable {TABLE} at (0,78) size 700x32
        LayoutTableSection {TBODY} at (0,0) size 700x32
          LayoutTableRow {TR} at (0,0) size 700x32
            LayoutTableCell {TD} at (0,0) size 175x32 [r=0 c=0 rs=1 cs=1]
              LayoutTable {TABLE} at (0,0) size 175x32
                LayoutTableSection {TBODY} at (0,0) size 175x32
                  LayoutTableRow {TR} at (0,0) size 175x2
                    LayoutTableCell {TD} at (0,0) size 175x2 [r=0 c=0 rs=1 cs=1]
                      LayoutImage {IMG} at (0,0) size 7x2
                  LayoutTableRow {TR} at (0,2) size 175x29
                    LayoutTableCell {TD} at (0,2) size 175x29 [r=1 c=0 rs=1 cs=8]
                      LayoutInline {A} at (0,0) size 156x18 [color=#0000EE]
                        LayoutImage {IMG} at (0,0) size 156x29
                      LayoutImage {IMG} at (156,0) size 19x29
                  LayoutTableRow {TR} at (0,31) size 175x1
                    LayoutTableCell {TD} at (0,31) size 175x1 [r=2 c=0 rs=1 cs=3]
                      LayoutImage {IMG} at (0,0) size 156x1
            LayoutTableCell {TD} at (175,0) size 525x23 [r=0 c=1 rs=1 cs=1]
              LayoutTable {TABLE} at (0,0) size 525x23
                LayoutTableSection {TBODY} at (0,0) size 525x23
                  LayoutTableRow {TR} at (0,0) size 525x2
                    LayoutTableCell {TD} at (0,0) size 20x2 [bgcolor=#FFFFFF] [r=0 c=0 rs=1 cs=1]
                      LayoutImage {IMG} at (0,0) size 20x2
                    LayoutTableCell {TD} at (20,0) size 20x2 [bgcolor=#FFFFFF] [r=0 c=1 rs=1 cs=1]
                      LayoutImage {IMG} at (0,0) size 20x2
                    LayoutTableCell {TD} at (40,0) size 20x2 [bgcolor=#FFFFFF] [r=0 c=2 rs=1 cs=1]
                      LayoutImage {IMG} at (0,0) size 20x2
                    LayoutTableCell {TD} at (60,0) size 20x2 [bgcolor=#FFFFFF] [r=0 c=3 rs=1 cs=1]
                      LayoutImage {IMG} at (0,0) size 20x2
                    LayoutTableCell {TD} at (80,0) size 67x2 [bgcolor=#FFFFFF] [r=0 c=4 rs=1 cs=1]
                      LayoutImage {IMG} at (0,0) size 67x2
                    LayoutTableCell {TD} at (147,0) size 81x2 [bgcolor=#FFFFFF] [r=0 c=5 rs=1 cs=1]
                      LayoutImage {IMG} at (0,0) size 81x2
                    LayoutTableCell {TD} at (228,0) size 77x2 [bgcolor=#FFFFFF] [r=0 c=6 rs=1 cs=1]
                      LayoutImage {IMG} at (0,0) size 77x2
                    LayoutTableCell {TD} at (305,0) size 63x2 [bgcolor=#FFFFFF] [r=0 c=7 rs=1 cs=1]
                      LayoutImage {IMG} at (0,0) size 63x2
                    LayoutTableCell {TD} at (368,0) size 20x2 [bgcolor=#FFFFFF] [r=0 c=8 rs=1 cs=1]
                      LayoutImage {IMG} at (0,0) size 20x2
                    LayoutTableCell {TD} at (388,0) size 19x2 [bgcolor=#FFFFFF] [r=0 c=9 rs=1 cs=1]
                      LayoutImage {IMG} at (0,0) size 19x2
                    LayoutTableCell {TD} at (407,0) size 101x2 [bgcolor=#FFFFFF] [r=0 c=10 rs=1 cs=1]
                      LayoutImage {IMG} at (0,0) size 101x2
                    LayoutTableCell {TD} at (508,0) size 17x2 [r=0 c=11 rs=1 cs=1]
                      LayoutImage {IMG} at (0,0) size 15x2
                      LayoutImage {IMG} at (15,0) size 2x2
                  LayoutTableRow {TR} at (0,2) size 525x21
                    LayoutTableCell {TD} at (0,2) size 525x21 [r=1 c=0 rs=1 cs=12]
                      LayoutImage {IMG} at (0,0) size 525x18
                      LayoutBR {BR} at (525,18) size 0x0
                      LayoutImage {IMG} at (0,18) size 525x1
                      LayoutBR {BR} at (525,19) size 0x0
                      LayoutImage {IMG} at (0,19) size 525x2
      LayoutBlockFlow (anonymous) at (0,110) size 784x18
        LayoutBR {BR} at (0,0) size 0x18
      LayoutTable {TABLE} at (0,128) size 427x199 [bgcolor=#CCCCCC] [border: (1px outset #808080)]
        LayoutTableSection {TBODY} at (1,1) size 425x197
          LayoutTableRow {TR} at (0,1) size 425x76
            LayoutTableCell {TD} at (1,1) size 20x22 [border: (1px inset #808080)] [r=0 c=0 rs=1 cs=1]
              LayoutText {#text} at (2,2) size 16x18
                text run at (2,2) width 16: "1. "
            LayoutTableCell {TD} at (22,1) size 229x76 [border: (1px inset #808080)] [r=0 c=1 rs=1 cs=1]
              LayoutText {#text} at (2,2) size 68x18
                text run at (2,2) width 68: "Some One"
              LayoutBR {BR} at (69,16) size 1x0
              LayoutText {#text} at (2,20) size 72x18
                text run at (2,20) width 72: "Joe Banker"
              LayoutBR {BR} at (73,34) size 1x0
              LayoutText {#text} at (2,38) size 130x18
                text run at (2,38) width 130: "4633 Ocean Avenue"
              LayoutBR {BR} at (131,52) size 1x0
              LayoutText {#text} at (2,56) size 177x18
                text run at (2,56) width 103: "San Francisco,  "
                text run at (104,56) width 31: "CA  "
                text run at (134,56) width 45: "94132 "
              LayoutBR {BR} at (0,0) size 0x0
            LayoutTableCell {TD} at (252,1) size 24x5 [border: (1px inset #808080)] [r=0 c=2 rs=1 cs=1]
              LayoutImage {IMG} at (2,2) size 20x1
            LayoutTableCell {TD} at (277,1) size 147x38 [border: (1px inset #808080)] [r=0 c=3 rs=1 cs=1]
              LayoutImage {IMG} at (7,2) size 38x34
              LayoutImage {IMG} at (45,35) size 12x1
              LayoutImage {IMG} at (57,2) size 38x34
              LayoutImage {IMG} at (95,35) size 12x1
              LayoutImage {IMG} at (107,2) size 38x34
          LayoutTableRow {TR} at (0,78) size 425x23
            LayoutTableCell {TD} at (1,87) size 20x4 [border: (1px inset #808080)] [r=1 c=0 rs=1 cs=1]
            LayoutTableCell {TD} at (22,78) size 402x23 [border: (1px inset #808080)] [r=1 c=1 rs=1 cs=3]
              LayoutImage {IMG} at (2,2) size 398x1
              LayoutBR {BR} at (400,3) size 0x0
              LayoutText {#text} at (2,3) size 4x18
                text run at (2,3) width 4: " "
          LayoutTableRow {TR} at (0,102) size 425x94
            LayoutTableCell {TD} at (1,102) size 20x22 [border: (1px inset #808080)] [r=2 c=0 rs=1 cs=1]
              LayoutText {#text} at (2,2) size 16x18
                text run at (2,2) width 16: "2. "
            LayoutTableCell {TD} at (22,102) size 229x94 [border: (1px inset #808080)] [r=2 c=1 rs=1 cs=1]
              LayoutText {#text} at (2,2) size 222x36
                text run at (2,2) width 222: "FORECLOSURES AAA HOMES"
                text run at (2,20) width 113: "UP TO 50% OFF"
              LayoutBR {BR} at (114,34) size 1x0
              LayoutText {#text} at (2,38) size 131x18
                text run at (2,38) width 131: "Real Estate Services"
              LayoutBR {BR} at (132,52) size 1x0
              LayoutText {#text} at (2,56) size 75x18
                text run at (2,56) width 31: "CA  "
                text run at (32,56) width 45: "00000 "
              LayoutBR {BR} at (0,0) size 0x0
              LayoutText {#text} at (2,74) size 100x18
                text run at (2,74) width 100: "(000) 000-0000"
            LayoutTableCell {TD} at (252,102) size 24x5 [border: (1px inset #808080)] [r=2 c=2 rs=1 cs=1]
              LayoutImage {IMG} at (2,2) size 20x1
            LayoutTableCell {TD} at (277,102) size 147x38 [border: (1px inset #808080)] [r=2 c=3 rs=1 cs=1]
              LayoutImage {IMG} at (7,2) size 38x34
              LayoutImage {IMG} at (45,35) size 12x1
              LayoutImage {IMG} at (57,2) size 38x34
              LayoutImage {IMG} at (95,35) size 12x1
              LayoutImage {IMG} at (107,2) size 38x34
