layer at (0,0) size 800x600
  LayoutView at (0,0) size 800x600
layer at (0,0) size 800x600
  LayoutBlockFlow {HTML} at (0,0) size 800x600
    LayoutBlockFlow {BODY} at (8,8) size 784x584
      LayoutText {#text} at (0,0) size 244x18
        text run at (0,0) width 244: "The cell padding should not disappear"
      LayoutText {#text} at (0,0) size 0x0
layer at (120,120) size 107x88
  LayoutTable (positioned) {TABLE} at (120,120) size 107x88 [border: (1px outset #808080)]
    LayoutTableSection {TBODY} at (1,1) size 105x86
      LayoutTableRow {TR} at (0,2) size 105x40
        LayoutTableCell {TD} at (2,2) size 101x40 [border: (1px inset #808080)] [r=0 c=0 rs=1 cs=1]
          LayoutText {#text} at (11,11) size 60x18
            text run at (11,11) width 60: "S\x{E9}lection"
      LayoutTableRow {TR} at (0,44) size 105x40
        LayoutTableCell {TD} at (2,44) size 101x40 [border: (1px inset #808080)] [r=1 c=0 rs=1 cs=1]
          LayoutText {#text} at (11,11) size 79x18
            text run at (11,11) width 79: "Suppression"
