layer at (0,0) size 800x600
  LayoutView at (0,0) size 800x600
layer at (0,0) size 800x600
  LayoutBlockFlow {HTML} at (0,0) size 800x600
    LayoutBlockFlow {BODY} at (8,8) size 784x584
      LayoutTable {TABLE} at (0,0) size 784x227 [border: (2px outset #808080)]
        LayoutTableSection {TBODY} at (2,2) size 780x223
          LayoutTableRow {TR} at (0,2) size 780x219
            LayoutTableCell {TD} at (2,2) size 776x219 [border: (1px inset #808080)] [r=0 c=0 rs=1 cs=1]
              LayoutBlockFlow (anonymous) at (2,2) size 772x18
                LayoutText {#text} at (0,0) size 12x18
                  text run at (0,0) width 12: "Y"
                LayoutTable (floating) {TABLE} at (548,0) size 224x215
                  LayoutTableSection {TBODY} at (0,0) size 224x215
                    LayoutTableRow {TR} at (0,0) size 224x163
                      LayoutTableCell {TD} at (0,107) size 10x1 [r=0 c=0 rs=4 cs=1]
                        LayoutImage {IMG} at (0,0) size 10x1
                      LayoutTableCell {TD} at (10,0) size 214x163 [r=0 c=1 rs=1 cs=1]
                        LayoutImage {IMG} at (0,0) size 214x163
                    LayoutTableRow {TR} at (0,163) size 224x8
                      LayoutTableCell {TD} at (10,163) size 214x8 [r=1 c=1 rs=1 cs=1]
                        LayoutImage {IMG} at (0,0) size 1x8
                    LayoutTableRow {TR} at (0,171) size 224x36
                      LayoutTableCell {TD} at (10,171) size 214x36 [r=2 c=1 rs=1 cs=1]
                        LayoutInline {FONT} at (0,0) size 209x36 [color=#666600]
                          LayoutText {#text} at (0,0) size 209x36
                            text run at (0,0) width 196: "CleanSweep Deluxe tracks the files you use"
                            text run at (0,12) width 209: "most often, then recommends rarely used ones"
                            text run at (0,24) width 75: "for you to delete."
                          LayoutBR {BR} at (74,34) size 1x0
                    LayoutTableRow {TR} at (0,207) size 224x8
                      LayoutTableCell {TD} at (10,207) size 214x8 [r=3 c=1 rs=1 cs=1]
                        LayoutImage {IMG} at (0,0) size 1x8
                LayoutText {#text} at (0,0) size 0x0
              LayoutBlockFlow {P} at (2,36) size 772x18
                LayoutText {#text} at (0,0) size 12x18
                  text run at (0,0) width 12: "X"
