layer at (0,0) size 800x600
  LayoutView at (0,0) size 800x600
layer at (0,0) size 800x600
  LayoutBlockFlow {HTML} at (0,0) size 800x600
    LayoutBlockFlow {BODY} at (8,8) size 784x584
      LayoutTable {TABLE} at (0,0) size 776x8 [border: (1px outset #808080)]
        LayoutTableSection {TBODY} at (1,1) size 774x6
          LayoutTableRow {TR} at (0,0) size 774x6
            LayoutTableCell {TD} at (0,2) size 768x2 [border: (1px inset #808080)] [r=0 c=0 rs=1 cs=1]
            LayoutTableCell {TD} at (768,0) size 6x6 [border: (1px inset #808080)] [r=0 c=1 rs=1 cs=1]
              LayoutImage {IMG} at (1,1) size 4x4
      LayoutBlockFlow (anonymous) at (0,8) size 784x18
        LayoutBR {BR} at (0,0) size 0x18
      LayoutTable {TABLE} at (0,26) size 352x25
        LayoutTableSection {TBODY} at (0,0) size 352x25
          LayoutTableRow {TR} at (0,0) size 352x21
            LayoutTableCell {TD} at (0,0) size 348x21 [bgcolor=#006666] [r=0 c=0 rs=1 cs=1]
              LayoutImage {IMG} at (0,0) size 13x16
              LayoutInline {FONT} at (0,0) size 142x20 [color=#FFFFFF]
                LayoutInline {B} at (0,0) size 142x20
                  LayoutText {#text} at (13,0) size 142x20
                    text run at (13,0) width 142: "Rugged Laptops"
            LayoutTableCell {TD} at (348,3) size 4x18 [r=0 c=1 rs=1 cs=1]
              LayoutImage {IMG} at (0,0) size 4x18
          LayoutTableRow {TR} at (0,21) size 352x4
            LayoutTableCell {TD} at (0,21) size 348x4 [r=1 c=0 rs=1 cs=1]
              LayoutImage {IMG} at (0,0) size 1x4
            LayoutTableCell {TD} at (348,21) size 4x4 [r=1 c=1 rs=1 cs=1]
              LayoutImage {IMG} at (0,0) size 4x4
      LayoutBlockFlow (anonymous) at (0,51) size 784x18
        LayoutBR {BR} at (0,0) size 0x18
      LayoutTable {TABLE} at (0,69) size 352x39
        LayoutTableSection {TBODY} at (0,0) size 352x39
          LayoutTableRow {TR} at (0,0) size 352x21
            LayoutTableCell {TD} at (0,0) size 348x21 [bgcolor=#006666] [r=0 c=0 rs=1 cs=1]
              LayoutImage {IMG} at (0,0) size 13x16
              LayoutInline {FONT} at (0,0) size 142x20 [color=#FFFFFF]
                LayoutInline {B} at (0,0) size 142x20
                  LayoutText {#text} at (13,0) size 142x20
                    text run at (13,0) width 142: "Rugged Laptops"
            LayoutTableCell {TD} at (348,3) size 4x18 [r=0 c=1 rs=1 cs=1]
              LayoutImage {IMG} at (0,0) size 4x18
          LayoutTableRow {TR} at (0,21) size 352x18
            LayoutTableCell {TD} at (0,21) size 348x18 [r=1 c=0 rs=1 cs=1]
              LayoutImage {IMG} at (0,10) size 1x4
              LayoutInline {B} at (0,0) size 22x18
                LayoutText {#text} at (1,0) size 22x18
                  text run at (1,0) width 22: "foo"
            LayoutTableCell {TD} at (348,28) size 4x4 [r=1 c=1 rs=1 cs=1]
              LayoutImage {IMG} at (0,0) size 4x4
