layer at (0,0) size 800x600
  LayoutView at (0,0) size 800x600
layer at (0,0) size 800x600
  LayoutBlockFlow {HTML} at (0,0) size 800x600
    LayoutBlockFlow {BODY} at (8,8) size 784x584
      LayoutTable {TABLE} at (0,0) size 600x46
        LayoutTableSection {TBODY} at (0,0) size 600x46
          LayoutTableRow {TR} at (0,0) size 600x18
            LayoutTableCell {TD} at (0,0) size 150x18 [bgcolor=#00EEEE] [r=0 c=0 rs=1 cs=1]
              LayoutText {#text} at (0,0) size 102x18
                text run at (0,0) width 102: "150 pixels wide"
            LayoutTableCell {TD} at (150,8) size 1x1 [bgcolor=#FF0000] [r=0 c=1 rs=1 cs=1]
              LayoutImage {IMG} at (0,0) size 1x1
              LayoutText {#text} at (0,0) size 0x0
            LayoutTableCell {TD} at (151,0) size 449x18 [bgcolor=#EEEE00] [r=0 c=2 rs=1 cs=1]
              LayoutText {#text} at (0,0) size 102x18
                text run at (0,0) width 102: "449 pixels wide"
          LayoutTableRow {TR} at (0,18) size 600x28
            LayoutTableCell {TD} at (0,18) size 600x28 [bgcolor=#00FF00] [r=1 c=0 rs=1 cs=3]
              LayoutText {#text} at (0,0) size 185x18
                text run at (0,0) width 185: "Bottom cell, 600 pixels wide"
              LayoutImage {IMG} at (0,18) size 600x10
              LayoutText {#text} at (0,0) size 0x0
