layer at (0,0) size 800x600
  LayoutView at (0,0) size 800x600
layer at (0,0) size 800x600
  LayoutBlockFlow {HTML} at (0,0) size 800x600
    LayoutBlockFlow {BODY} at (8,8) size 784x584
      LayoutBlockFlow {P} at (0,0) size 784x0
      LayoutBlockFlow (anonymous) at (0,0) size 784x18
        LayoutBR {BR} at (0,0) size 0x18
      LayoutTable {TABLE} at (0,18) size 386x30 [border: (1px outset #808080)]
        LayoutTableSection {TBODY} at (1,1) size 384x28
          LayoutTableRow {TR} at (0,2) size 384x0
            LayoutTableCell {TD} at (2,3) size 216x22 [border: (1px inset #808080)] [r=0 c=0 rs=2 cs=1]
              LayoutText {#text} at (2,2) size 212x18
                text run at (2,2) width 212: "Canada climbs up FIFA rankings"
          LayoutTableRow {TR} at (0,4) size 384x22
            LayoutTableCell {TD} at (220,4) size 162x22 [border: (1px inset #808080)] [r=1 c=1 rs=1 cs=1]
              LayoutText {#text} at (2,2) size 158x18
                text run at (2,2) width 158: "drink more german beer."
