layer at (0,0) size 800x600
  LayoutView at (0,0) size 800x600
layer at (0,0) size 800x600
  LayoutBlockFlow {HTML} at (0,0) size 800x600
    LayoutBlockFlow {BODY} at (8,8) size 784x584
      LayoutTable {TABLE} at (0,0) size 627x46 [border: (1px outset #808080)]
        LayoutTableSection {TBODY} at (1,1) size 625x44
          LayoutTableRow {TR} at (0,2) size 625x40
            LayoutTableCell {TD} at (2,2) size 621x40 [border: (1px inset #808080)] [r=0 c=0 rs=1 cs=2]
              LayoutText {#text} at (2,2) size 603x36
                text run at (2,2) width 448: "This is some text, this is some text, this is some text, this is some text "
                text run at (449,2) width 156: "This is some text, this is"
                text run at (2,20) width 285: "some text, this is some text, this is some text"
