layer at (0,0) size 800x600
  LayoutView at (0,0) size 800x600
layer at (0,0) size 800x248
  LayoutBlockFlow {HTML} at (0,0) size 800x248
    LayoutBlockFlow {BODY} at (8,8) size 784x232 [bgcolor=#FFFFFF]
      LayoutTable {TABLE} at (0,0) size 54x232
        LayoutTableSection {TBODY} at (0,0) size 54x232
          LayoutTableRow {TR} at (0,1) size 54x20
            LayoutTableCell {TD} at (1,1) size 52x20 [color=#0000FF] [bgcolor=#CCCCCC] [r=0 c=0 rs=1 cs=1]
              LayoutText {#text} at (1,1) size 42x18
                text run at (1,1) width 42: "Line 1"
          LayoutTableRow {TR} at (0,22) size 54x20
            LayoutTableCell {TD} at (1,22) size 52x20 [color=#0000FF] [bgcolor=#CCCCCC] [r=1 c=0 rs=1 cs=1]
              LayoutText {#text} at (1,1) size 42x18
                text run at (1,1) width 42: "Line 2"
          LayoutTableRow {TR} at (0,43) size 54x20
            LayoutTableCell {TD} at (1,43) size 52x20 [color=#0000FF] [bgcolor=#CCCCCC] [r=2 c=0 rs=1 cs=1]
              LayoutText {#text} at (1,1) size 42x18
                text run at (1,1) width 42: "Line 3"
          LayoutTableRow {TR} at (0,64) size 54x20
            LayoutTableCell {TD} at (1,64) size 52x20 [color=#0000FF] [bgcolor=#CCCCCC] [r=3 c=0 rs=1 cs=1]
              LayoutText {#text} at (1,1) size 42x18
                text run at (1,1) width 42: "Line 4"
          LayoutTableRow {TR} at (0,85) size 54x20
            LayoutTableCell {TD} at (1,85) size 52x20 [color=#0000FF] [bgcolor=#CCCCCC] [r=4 c=0 rs=1 cs=1]
              LayoutText {#text} at (1,1) size 42x18
                text run at (1,1) width 42: "Line 5"
          LayoutTableRow {TR} at (0,106) size 54x20
            LayoutTableCell {TD} at (1,106) size 52x20 [color=#0000FF] [bgcolor=#CCCCCC] [r=5 c=0 rs=1 cs=1]
              LayoutText {#text} at (1,1) size 42x18
                text run at (1,1) width 42: "Line 6"
          LayoutTableRow {TR} at (0,127) size 54x20
            LayoutTableCell {TD} at (1,127) size 52x20 [color=#0000FF] [bgcolor=#CCCCCC] [r=6 c=0 rs=1 cs=1]
              LayoutText {#text} at (1,1) size 42x18
                text run at (1,1) width 42: "Line 7"
          LayoutTableRow {TR} at (0,148) size 54x20
            LayoutTableCell {TD} at (1,148) size 52x20 [color=#0000FF] [bgcolor=#CCCCCC] [r=7 c=0 rs=1 cs=1]
              LayoutText {#text} at (1,1) size 42x18
                text run at (1,1) width 42: "Line 8"
          LayoutTableRow {TR} at (0,169) size 54x20
            LayoutTableCell {TD} at (1,169) size 52x20 [color=#0000FF] [bgcolor=#CCCCCC] [r=8 c=0 rs=1 cs=1]
              LayoutText {#text} at (1,1) size 42x18
                text run at (1,1) width 42: "Line 9"
          LayoutTableRow {TR} at (0,190) size 54x20
            LayoutTableCell {TD} at (1,190) size 52x20 [color=#0000FF] [bgcolor=#CCCCCC] [r=9 c=0 rs=1 cs=1]
              LayoutText {#text} at (1,1) size 50x18
                text run at (1,1) width 50: "Line 10"
          LayoutTableRow {TR} at (0,211) size 54x20
            LayoutTableCell {TD} at (1,211) size 52x20 [color=#0000FF] [bgcolor=#CCCCCC] [r=10 c=0 rs=1 cs=1]
              LayoutText {#text} at (1,1) size 49x18
                text run at (1,1) width 49: "Line 11"
