layer at (0,0) size 800x600 clip at (0,0) size 785x600 scrollHeight 655
  LayoutView at (0,0) size 800x600
layer at (0,0) size 785x655 backgroundClip at (0,0) size 785x600 clip at (0,0) size 785x600
  LayoutBlockFlow {HTML} at (0,0) size 785x655.16
    LayoutBlockFlow {BODY} at (8,8) size 769x639.16 [bgcolor=#FFFFFF]
      LayoutBlockFlow {H2} at (0,0) size 769x28
        LayoutText {#text} at (0,0) size 66x28
          text run at (0,0) width 66: "Test A"
      LayoutBlockFlow {DIV} at (0,47.91) size 769x64 [color=#008000]
        LayoutTable {TABLE} at (0,0) size 283x64 [color=#000000] [border: (10px solid #000000)]
          LayoutTableSection {TBODY} at (10,10) size 263x44
            LayoutTableRow {TR} at (0,2) size 263x40 [color=#0000FF]
              LayoutTableCell {TD} at (2,2) size 55x40 [border: (10px solid #0000FF)] [r=0 c=0 rs=1 cs=1]
                LayoutText {#text} at (11,11) size 33x18
                  text run at (11,11) width 33: "Field"
              LayoutTableCell {TD} at (59,2) size 202x40 [border: (10px solid #0000FF)] [r=0 c=1 rs=1 cs=1]
                LayoutText {#text} at (11,11) size 180x18
                  text run at (11,11) width 180: "Records for Cropping Years"
      LayoutBlockFlow {H2} at (0,131.81) size 769x28
        LayoutText {#text} at (0,0) size 64x28
          text run at (0,0) width 64: "Test B"
      LayoutTable {TABLE} at (0,179.72) size 283x64 [border: (10px solid #000000)]
        LayoutTableSection {TBODY} at (10,10) size 263x44
          LayoutTableRow {TR} at (0,2) size 263x40 [color=#0000FF]
            LayoutTableCell {TD} at (2,2) size 55x40 [border: (10px solid #0000FF)] [r=0 c=0 rs=1 cs=1]
              LayoutText {#text} at (11,11) size 33x18
                text run at (11,11) width 33: "Field"
            LayoutTableCell {TD} at (59,2) size 202x40 [border: (10px solid #0000FF)] [r=0 c=1 rs=1 cs=1]
              LayoutText {#text} at (11,11) size 180x18
                text run at (11,11) width 180: "Records for Cropping Years"
      LayoutBlockFlow {H2} at (0,263.63) size 769x28
        LayoutText {#text} at (0,0) size 66x28
          text run at (0,0) width 66: "Test C"
      LayoutTable {TABLE} at (0,311.53) size 283x64 [color=#0000FF] [border: (10px solid #0000FF)]
        LayoutTableSection {TBODY} at (10,10) size 263x44
          LayoutTableRow {TR} at (0,2) size 263x40
            LayoutTableCell {TD} at (2,2) size 55x40 [border: (10px solid #0000FF)] [r=0 c=0 rs=1 cs=1]
              LayoutText {#text} at (11,11) size 33x18
                text run at (11,11) width 33: "Field"
            LayoutTableCell {TD} at (59,2) size 202x40 [border: (10px solid #0000FF)] [r=0 c=1 rs=1 cs=1]
              LayoutText {#text} at (11,11) size 180x18
                text run at (11,11) width 180: "Records for Cropping Years"
      LayoutBlockFlow {H2} at (0,395.44) size 769x28
        LayoutText {#text} at (0,0) size 66x28
          text run at (0,0) width 66: "Test D"
      LayoutTable {TABLE} at (0,443.34) size 283x64 [color=#0000FF] [border: (10px solid #0000FF)]
        LayoutTableSection {TBODY} at (10,10) size 263x44
          LayoutTableRow {TR} at (0,2) size 263x40
            LayoutTableCell {TD} at (2,2) size 55x40 [border: (10px solid #0000FF)] [r=0 c=0 rs=1 cs=1]
              LayoutText {#text} at (11,11) size 33x18
                text run at (11,11) width 33: "Field"
            LayoutTableCell {TD} at (59,2) size 202x40 [border: (10px solid #0000FF)] [r=0 c=1 rs=1 cs=1]
              LayoutText {#text} at (11,11) size 180x18
                text run at (11,11) width 180: "Records for Cropping Years"
      LayoutBlockFlow {H2} at (0,527.25) size 769x28
        LayoutText {#text} at (0,0) size 64x28
          text run at (0,0) width 64: "Test E"
      LayoutTable {TABLE} at (0,575.16) size 283x64 [color=#0000FF] [border: (10px solid #0000FF)]
        LayoutTableSection {TBODY} at (10,10) size 263x44
          LayoutTableRow {TR} at (0,2) size 263x40
            LayoutTableCell {TD} at (2,2) size 55x40 [border: (10px solid #0000FF)] [r=0 c=0 rs=1 cs=1]
              LayoutText {#text} at (11,11) size 33x18
                text run at (11,11) width 33: "Field"
            LayoutTableCell {TD} at (59,2) size 202x40 [border: (10px solid #0000FF)] [r=0 c=1 rs=1 cs=1]
              LayoutText {#text} at (11,11) size 180x18
                text run at (11,11) width 180: "Records for Cropping Years"
