layer at (0,0) size 800x600
  LayoutView at (0,0) size 800x600
layer at (0,0) size 800x600
  LayoutBlockFlow {HTML} at (0,0) size 800x600
    LayoutBlockFlow {BODY} at (8,8) size 784x584 [bgcolor=#FFFCCC]
      LayoutBlockFlow {CENTER} at (0,0) size 784x125
        LayoutTable {TABLE} at (92,0) size 600x125
          LayoutTableSection {TBODY} at (0,0) size 600x125
            LayoutTableRow {TR} at (0,0) size 600x90
              LayoutTableCell {TD} at (0,0) size 150x36 [r=0 c=0 rs=1 cs=1]
                LayoutBlockFlow {CENTER} at (0,0) size 150x36
                  LayoutInline {IFRAMEX} at (0,0) size 0x36
                    LayoutText {#text} at (0,0) size 0x0
                    LayoutBR {BR} at (75,0) size 0x18
                    LayoutBR {BR} at (75,18) size 0x18
              LayoutTableCell {TD} at (150,0) size 1x1 [bgcolor=#FFFFFF] [r=0 c=1 rs=1 cs=1]
                LayoutImage {IMG} at (0,0) size 1x1
                LayoutText {#text} at (0,0) size 0x0
              LayoutTableCell {TD} at (151,0) size 449x90 [r=0 c=2 rs=1 cs=1]
                LayoutTable {TABLE} at (0,0) size 449x62
                  LayoutTableSection {TBODY} at (0,0) size 449x62
                    LayoutTableRow {TR} at (0,2) size 449x58
                      LayoutTableCell {TD} at (2,2) size 445x58 [r=0 c=0 rs=1 cs=1]
                        LayoutBlockFlow {P} at (2,2) size 441x54
                          LayoutText {#text} at (0,0) size 164x18
                            text run at (0,0) width 164: "IMPROVE YOUR SITE "
                          LayoutBR {BR} at (163,14) size 1x0
                          LayoutText {#text} at (0,18) size 441x36
                            text run at (0,18) width 441: "In this week's Home Improvements you can find an article on how to"
                            text run at (0,36) width 260: "spice up your page by using imagemaps."
                        LayoutBlockFlow {P} at (2,72) size 441x0
                LayoutTable {TABLE} at (0,62) size 449x28
                  LayoutTableSection {TBODY} at (0,0) size 449x28
                    LayoutTableRow {TR} at (0,2) size 449x24
                      LayoutTableCell {TD} at (2,2) size 445x24 [r=0 c=0 rs=1 cs=1]
                        LayoutInline {A} at (0,0) size 97x18 [color=#0000EE]
                          LayoutText {#text} at (347,5) size 47x18
                            text run at (347,5) width 47: "MORE"
                          LayoutImage {IMG} at (394,1) size 50x18
                        LayoutText {#text} at (0,0) size 0x0
            LayoutTableRow {TR} at (0,90) size 600x35
              LayoutTableCell {TD} at (0,90) size 600x35 [r=1 c=0 rs=1 cs=3]
                LayoutBlockFlow (anonymous) at (0,0) size 600x1
                  LayoutImage {IMG} at (0,0) size 600x1
                LayoutBlockFlow {P} at (0,17) size 600x18
                  LayoutBR {BR} at (300,0) size 0x18
