layer at (0,0) size 800x600
  LayoutView at (0,0) size 800x600
layer at (0,0) size 800x600
  LayoutBlockFlow {HTML} at (0,0) size 800x600
    LayoutBlockFlow {BODY} at (8,8) size 784x584
      LayoutTable {TABLE} at (0,0) size 640x110 [border: (1px outset #808080)]
        LayoutTableSection {TBODY} at (1,1) size 638x108
          LayoutTableRow {TR} at (0,2) size 638x104
            LayoutTableCell {TD} at (2,2) size 322x104 [border: (1px inset #808080)] [r=0 c=0 rs=1 cs=1]
              LayoutTable {TABLE} at (2,2) size 300x100 [border: (1px outset #808080)]
                LayoutTableSection {TBODY} at (1,1) size 298x98
                  LayoutTableRow {TR} at (0,2) size 298x94
                    LayoutTableCell {TD} at (2,2) size 294x94 [border: (1px inset #808080)] [r=0 c=0 rs=1 cs=2]
                      LayoutText {#text} at (2,2) size 281x90
                        text run at (2,2) width 252: "Welcome to PlanDepot.com, the fastest"
                        text run at (2,20) width 139: "growing resource for "
                        text run at (140,20) width 138: "Construction Data on"
                        text run at (2,38) width 281: "the Internet! We offer an extensive database"
                        text run at (2,56) width 276: "of construction bid opportunities, currently"
                        text run at (2,74) width 60: "covering "
                        text run at (61,74) width 62: "13 states!"
            LayoutTableCell {TD} at (326,2) size 310x22 [border: (1px inset #808080)] [r=0 c=1 rs=1 cs=1]
              LayoutText {#text} at (2,2) size 208x18
                text run at (2,2) width 208: "Expanded Geographic Coverage"
