layer at (0,0) size 800x600
  LayoutView at (0,0) size 800x600
layer at (0,0) size 800x600
  LayoutBlockFlow {HTML} at (0,0) size 800x600
    LayoutBlockFlow {BODY} at (8,8) size 784x584
      LayoutBlockFlow (anonymous) at (0,0) size 784x18
        LayoutText {#text} at (0,0) size 223x18
          text run at (0,0) width 223: "this table should be center aligned "
        LayoutBR {BR} at (222,14) size 1x0
      LayoutTable {TABLE} at (376,18) size 32x28 [border: (1px outset #808080)]
        LayoutTableSection {TBODY} at (1,1) size 30x26
          LayoutTableRow {TR} at (0,2) size 30x22
            LayoutTableCell {TD} at (2,2) size 26x22 [border: (1px inset #808080)] [r=0 c=0 rs=1 cs=1]
              LayoutText {#text} at (2,2) size 22x18
                text run at (2,2) width 22: "foo"
      LayoutBlockFlow (anonymous) at (0,46) size 784x18
        LayoutText {#text} at (0,0) size 467x18
          text run at (0,0) width 467: "this div should be center aligned with an image and a table centered in it "
        LayoutBR {BR} at (466,14) size 1x0
      LayoutBlockFlow {DIV} at (0,64) size 784x78
        LayoutBlockFlow (anonymous) at (0,0) size 784x50
          LayoutImage {IMG} at (367,0) size 50x50
          LayoutText {#text} at (0,0) size 0x0
        LayoutTable {TABLE} at (92,50) size 600x28 [border: (1px outset #808080)]
          LayoutTableSection {TBODY} at (1,1) size 598x26
            LayoutTableRow {TR} at (0,2) size 598x22
              LayoutTableCell {TD} at (2,2) size 594x22 [border: (1px inset #808080)] [r=0 c=0 rs=1 cs=1]
                LayoutText {#text} at (2,2) size 22x18
                  text run at (2,2) width 22: "foo"
