layer at (0,0) size 800x600
  LayoutView at (0,0) size 800x600
layer at (0,0) size 800x600
  LayoutBlockFlow {HTML} at (0,0) size 800x600
    LayoutBlockFlow {BODY} at (8,8) size 784x584
      LayoutTable {TABLE} at (0,0) size 784x52 [border: (1px outset #808080)]
        LayoutTableSection {TBODY} at (1,1) size 782x50
          LayoutTableRow {TR} at (0,2) size 782x22
            LayoutTableCell {TD} at (2,2) size 778x22 [border: (1px inset #808080)] [r=0 c=0 rs=1 cs=2]
              LayoutText {#text} at (2,2) size 12x18
                text run at (2,2) width 12: "A"
          LayoutTableRow {TR} at (0,26) size 782x22
            LayoutTableCell {TD} at (2,35) size 15x4 [border: (1px inset #808080)] [r=1 c=0 rs=1 cs=1]
            LayoutTableCell {TD} at (19,26) size 761x22 [border: (1px inset #808080)] [r=1 c=1 rs=1 cs=1]
              LayoutText {#text} at (2,2) size 200x18
                text run at (2,2) width 200: "This text is invariably wrapped"
