layer at (0,0) size 800x600
  LayoutView at (0,0) size 800x600
layer at (0,0) size 800x600
  LayoutBlockFlow {HTML} at (0,0) size 800x600
    LayoutBlockFlow {BODY} at (8,8) size 784x584
      LayoutBlockFlow (anonymous) at (0,0) size 784x0
        LayoutInline {FONT} at (0,0) size 0x0
      LayoutTable {TABLE} at (0,0) size 349x39 [bgcolor=#FFFFFF] [border: (1px outset #808080)]
        LayoutBlockFlow {CAPTION} at (0,0) size 349x18
          LayoutText {#text} at (110,0) size 129x18
            text run at (110,0) width 129: "Complete Price List"
        LayoutTableSection {TBODY} at (1,19) size 347x19
          LayoutTableRow {TR} at (0,0) size 347x19
            LayoutTableCell {TD} at (0,0) size 72x19 [border: (1px inset #808080)] [r=0 c=0 rs=1 cs=1]
              LayoutInline {FONT} at (0,0) size 68x15
                LayoutText {#text} at (2,2) size 68x15
                  text run at (2,2) width 68: "Apple Store"
            LayoutTableCell {TD} at (72,0) size 41x19 [border: (1px inset #808080)] [r=0 c=1 rs=1 cs=1]
              LayoutInline {FONT} at (0,0) size 37x15
                LayoutText {#text} at (2,2) size 37x15
                  text run at (2,2) width 37: "14415"
            LayoutTableCell {TD} at (113,0) size 183x19 [border: (1px inset #808080)] [r=0 c=2 rs=1 cs=1]
              LayoutInline {FONT} at (0,0) size 179x15
                LayoutText {#text} at (2,2) size 179x15
                  text run at (2,2) width 179: "PB G3 \"FireWire\"-[256MB] 222"
            LayoutTableCell {TD} at (296,0) size 51x19 [border: (1px inset #808080)] [r=0 c=3 rs=1 cs=1]
              LayoutInline {FONT} at (0,0) size 47x15
                LayoutText {#text} at (2,2) size 47x15
                  text run at (2,2) width 47: "$264.00"
