layer at (0,0) size 800x600
  LayoutView at (0,0) size 800x600
layer at (0,0) size 800x600
  LayoutBlockFlow {HTML} at (0,0) size 800x600
    LayoutBlockFlow {BODY} at (8,8) size 784x584 [bgcolor=#000066]
      LayoutBlockFlow (anonymous) at (0,0) size 784x0
        LayoutInline {BASEFONT} at (0,0) size 0x0
        LayoutText {#text} at (0,0) size 0x0
      LayoutTable {TABLE} at (0,0) size 613x95
        LayoutTableSection {TBODY} at (0,0) size 613x95
          LayoutTableRow {TR} at (0,0) size 613x70
            LayoutTableCell {TD} at (0,5) size 126x85 [r=0 c=0 rs=2 cs=1]
              LayoutInline {A} at (0,0) size 126x18 [color=#0000EE]
                LayoutImage {IMG} at (0,0) size 126x85
              LayoutText {#text} at (0,0) size 0x0
            LayoutTableCell {TD} at (126,0) size 487x70 [r=0 c=1 rs=1 cs=3]
              LayoutInline {NOBR} at (0,0) size 19x18
                LayoutInline {A} at (0,0) size 19x18 [color=#0000EE]
                  LayoutImage {IMG} at (468,0) size 19x60
              LayoutBR {BR} at (487,60) size 0x0
              LayoutImage {IMG} at (0,60) size 470x10
              LayoutBR {BR} at (470,70) size 0x0
          LayoutTableRow {TR} at (0,70) size 613x25
            LayoutTableCell {TD} at (126,70) size 248x25 [bgcolor=#CCCCCC] [r=1 c=1 rs=1 cs=1]
              LayoutImage {IMG} at (0,0) size 232x25
            LayoutTableCell {TD} at (374,73) size 103x19 [bgcolor=#CCCCCC] [r=1 c=2 rs=1 cs=1]
              LayoutTextControl {INPUT} at (3.50,0) size 71x19 [bgcolor=#FFFFFF] [border: (2px inset #EEEEEE)]
              LayoutImage {INPUT} at (74.50,1) size 25x18
            LayoutTableCell {TD} at (477,70) size 136x25 [bgcolor=#CCCCCC] [r=1 c=3 rs=1 cs=1]
              LayoutBlockFlow {INPUT} at (2.89,5) size 12x13
              LayoutImage {IMG} at (17.78,0) size 40x25
              LayoutBlockFlow {INPUT} at (60.67,5) size 12x13
              LayoutText {#text} at (75,2) size 5x18
                text run at (75,2) width 5: " "
              LayoutBlockFlow {IMG} at (79.56,0) size 46x25
layer at (134,8) size 468x60
  LayoutIFrame (floating) {IFRAME} at (0,0) size 468x60
    layer at (0,0) size 468x60
      LayoutView at (0,0) size 468x60
    layer at (0,0) size 468x60
      LayoutBlockFlow {HTML} at (0,0) size 468x60
        LayoutBlockFlow {BODY} at (0,0) size 468x60
          LayoutInline {BASE} at (0,0) size 0x0
          LayoutText {#text} at (0,0) size 0x0
          LayoutInline {A} at (0,0) size 468x18 [color=#0000EE]
            LayoutText {#text} at (0,0) size 0x0
            LayoutImage {IMG} at (0,0) size 468x60
          LayoutText {#text} at (0,0) size 0x0
layer at (389,84) size 65x13
  LayoutBlockFlow {DIV} at (3,3) size 65x13
layer at (565,78) size 46x25 clip at (566,79) size 44x23
  LayoutBlockFlow {DIV} at (0,0) size 46x25 [border: (1px solid #C0C0C0)]
    LayoutImage (floating) {IMG} at (2,2) size 16x16
layer at (583,80) size 26x18 scrollWidth 65
  LayoutBlockFlow {DIV} at (18,2) size 26x18
    LayoutText {#text} at (0,0) size 65x18
      text run at (0,0) width 65: "EarthLink"
