layer at (0,0) size 800x600
  LayoutView at (0,0) size 800x600
layer at (0,0) size 800x600
  LayoutBlockFlow {HTML} at (0,0) size 800x600
    LayoutBlockFlow {BODY} at (8,8) size 784x584
      LayoutTable {TABLE} at (0,0) size 214x88 [bgcolor=#FF0000] [border: (1px outset #808080)]
        LayoutTableSection {TBODY} at (1,1) size 212x86
          LayoutTableRow {TR} at (0,5) size 212x22 [bgcolor=#0000FF]
            LayoutTableCell {TD} at (5,5) size 47x22 [bgcolor=#008000] [border: (1px inset #808080)] [r=0 c=0 rs=1 cs=1]
              LayoutText {#text} at (2,2) size 43x18
                text run at (2,2) width 43: "Cell A"
            LayoutTableCell {TD} at (57,5) size 46x22 [border: (1px inset #808080)] [r=0 c=1 rs=1 cs=1]
              LayoutText {#text} at (2,2) size 42x18
                text run at (2,2) width 42: "Cell B"
            LayoutTableCell {TD} at (108,5) size 47x22 [border: (1px inset #808080)] [r=0 c=2 rs=1 cs=1]
              LayoutText {#text} at (2,2) size 42x18
                text run at (2,2) width 42: "Cell C"
            LayoutTableCell {TD} at (160,5) size 47x22 [border: (1px inset #808080)] [r=0 c=3 rs=1 cs=1]
              LayoutText {#text} at (2,2) size 43x18
                text run at (2,2) width 43: "Cell D"
          LayoutTableRow {TR} at (0,32) size 212x22
            LayoutTableCell {TD} at (5,32) size 47x22 [border: (1px inset #808080)] [r=1 c=0 rs=1 cs=1]
              LayoutText {#text} at (2,2) size 41x18
                text run at (2,2) width 41: "Cell E"
            LayoutTableCell {TD} at (57,32) size 46x22 [border: (1px inset #808080)] [r=1 c=1 rs=1 cs=1]
              LayoutText {#text} at (2,2) size 40x18
                text run at (2,2) width 40: "Cell F"
            LayoutTableCell {TD} at (108,32) size 47x22 [border: (1px inset #808080)] [r=1 c=2 rs=1 cs=1]
              LayoutText {#text} at (2,2) size 43x18
                text run at (2,2) width 43: "Cell G"
            LayoutTableCell {TD} at (160,32) size 47x22 [border: (1px inset #808080)] [r=1 c=3 rs=1 cs=1]
              LayoutText {#text} at (2,2) size 43x18
                text run at (2,2) width 43: "Cell H"
          LayoutTableRow {TR} at (0,59) size 212x22
            LayoutTableCell {TD} at (5,59) size 47x22 [border: (1px inset #808080)] [r=2 c=0 rs=1 cs=1]
              LayoutText {#text} at (2,2) size 36x18
                text run at (2,2) width 36: "Cell I"
            LayoutTableCell {TD} at (57,59) size 46x22 [border: (1px inset #808080)] [r=2 c=1 rs=1 cs=1]
              LayoutText {#text} at (2,2) size 37x18
                text run at (2,2) width 37: "Cell J"
            LayoutTableCell {TD} at (108,59) size 47x22 [border: (1px inset #808080)] [r=2 c=2 rs=1 cs=1]
              LayoutText {#text} at (2,2) size 43x18
                text run at (2,2) width 43: "Cell K"
            LayoutTableCell {TD} at (160,59) size 47x22 [border: (1px inset #808080)] [r=2 c=3 rs=1 cs=1]
              LayoutText {#text} at (2,2) size 41x18
                text run at (2,2) width 41: "Cell L"
