layer at (0,0) size 800x600
  LayoutView at (0,0) size 800x600
layer at (0,0) size 800x600
  LayoutBlockFlow {HTML} at (0,0) size 800x600
    LayoutBlockFlow {BODY} at (8,8) size 784x584
      LayoutTable {TABLE} at (0,0) size 327x31
        LayoutTableSection {TBODY} at (0,0) size 327x31
          LayoutTableRow {TR} at (0,2) size 327x27
            LayoutTableCell {TD} at (2,2) size 323x27 [r=0 c=0 rs=1 cs=1]
              LayoutTable {TABLE} at (1,1) size 321x25
                LayoutTableSection {TBODY} at (0,0) size 321x25
                  LayoutTableRow {TR} at (0,2) size 321x21
                    LayoutTableCell {TH} at (2,2) size 62x20 [r=0 c=0 rs=1 cs=1]
                      LayoutText {#text} at (1,1) size 60x18
                        text run at (1,1) width 60: "User ID:"
                    LayoutTableCell {TD} at (66,2) size 253x21 [r=0 c=1 rs=1 cs=1]
                      LayoutTextControl {INPUT} at (1,1) size 251x19 [bgcolor=#FFFFFF] [border: (2px inset #EEEEEE)]
                      LayoutText {#text} at (0,0) size 0x0
layer at (81,17) size 245x13
  LayoutBlockFlow {DIV} at (3,3) size 245x13
