layer at (0,0) size 800x600
  LayoutView at (0,0) size 800x600
layer at (0,0) size 800x600
  LayoutBlockFlow {HTML} at (0,0) size 800x600
    LayoutBlockFlow {BODY} at (8,8) size 784x584
      LayoutTable {TABLE} at (0,0) size 222x54 [border: (3px outset #808080)]
        LayoutTableSection {TBODY} at (3,3) size 216x48
          LayoutTableRow {TR} at (0,2) size 216x44
            LayoutTableCell {TD} at (2,2) size 212x44 [border: (1px inset #808080)] [r=0 c=0 rs=1 cs=1]
              LayoutImage (floating) {IMG} at (2,2) size 40x40
              LayoutText {#text} at (45,2) size 208x18
                text run at (45,2) width 208: "NOWRAP cell, no width on cell"
      LayoutBlockFlow (anonymous) at (0,54) size 784x18
        LayoutBR {BR} at (0,0) size 0x18
      LayoutTable {TABLE} at (0,72) size 222x54 [border: (3px outset #808080)]
        LayoutTableSection {TBODY} at (3,3) size 216x48
          LayoutTableRow {TR} at (0,2) size 216x44
            LayoutTableCell {TD} at (2,2) size 212x44 [border: (1px inset #808080)] [r=0 c=0 rs=1 cs=1]
              LayoutImage (floating) {IMG} at (2,2) size 40x40
              LayoutText {#text} at (45,2) size 208x18
                text run at (45,2) width 208: "NOWRAP cell, no width on cell"
      LayoutBlockFlow (anonymous) at (0,126) size 784x18
        LayoutBR {BR} at (0,0) size 0x18
      LayoutTable {TABLE} at (0,144) size 110x108 [border: (3px outset #808080)]
        LayoutTableSection {TBODY} at (3,3) size 104x102
          LayoutTableRow {TR} at (0,2) size 104x98
            LayoutTableCell {TD} at (2,2) size 100x98 [border: (1px inset #808080)] [r=0 c=0 rs=1 cs=1]
              LayoutImage (floating) {IMG} at (2,2) size 40x40
              LayoutText {#text} at (2,42) size 70x54
                text run at (2,42) width 70: "NOWRAP"
                text run at (2,60) width 28: "cell,"
                text run at (2,78) width 70: "width=100"
      LayoutBlockFlow (anonymous) at (0,252) size 784x18
        LayoutBR {BR} at (0,0) size 0x18
      LayoutTable {TABLE} at (0,270) size 310x54 [border: (3px outset #808080)]
        LayoutTableSection {TBODY} at (3,3) size 304x48
          LayoutTableRow {TR} at (0,2) size 304x44
            LayoutTableCell {TD} at (2,2) size 300x44 [border: (1px inset #808080)] [r=0 c=0 rs=1 cs=1]
              LayoutImage (floating) {IMG} at (2,2) size 40x40
              LayoutText {#text} at (45,2) size 174x18
                text run at (45,2) width 174: "NOWRAP cell, width=300"
