layer at (0,0) size 800x600 clip at (0,0) size 785x600 scrollHeight 1136
  LayoutView at (0,0) size 800x600
layer at (0,0) size 785x1136 backgroundClip at (0,0) size 785x600 clip at (0,0) size 785x600
  LayoutBlockFlow {HTML} at (0,0) size 785x1136
    LayoutBlockFlow {BODY} at (8,8) size 769x1120
      LayoutTable {TABLE} at (0,0) size 0x1078
      LayoutTable {TABLE} at (0,1078) size 104x24
        LayoutTableSection {TBODY} at (0,0) size 104x24
          LayoutTableRow {TR} at (0,2) size 104x20
            LayoutTableCell {TD} at (2,2) size 100x20 [r=0 c=0 rs=1 cs=1]
              LayoutText {#text} at (1,1) size 98x18
                text run at (1,1) width 98: "I'm down here!"
      LayoutBlockFlow (anonymous) at (0,1102) size 769x18
        LayoutText {#text} at (0,0) size 56x18
          text run at (0,0) width 56: "The end."
