layer at (0,0) size 800x600
  LayoutView at (0,0) size 800x600
layer at (0,0) size 800x600
  LayoutBlockFlow {HTML} at (0,0) size 800x600
    LayoutBlockFlow {BODY} at (8,8) size 784x584
      LayoutTable {TABLE} at (0,0) size 93x52 [border: (1px outset #808080)]
        LayoutTableSection {THEAD} at (1,1) size 91x26
          LayoutTableRow {TR} at (0,2) size 91x22
            LayoutTableCell {TH} at (2,2) size 87x22 [border: (1px inset #808080)] [r=0 c=0 rs=1 cs=1]
              LayoutText {#text} at (2,2) size 83x18
                text run at (2,2) width 83: "inside thead"
        LayoutTableSection {TBODY} at (1,27) size 91x24
          LayoutTableRow {TR} at (0,0) size 91x22
            LayoutTableCell {TD} at (2,0) size 87x22 [border: (1px inset #808080)] [r=0 c=0 rs=1 cs=1]
              LayoutText {#text} at (2,2) size 79x18
                text run at (2,2) width 79: "inside tbody"
