layer at (0,0) size 800x600
  LayoutView at (0,0) size 800x600
layer at (0,0) size 800x600
  LayoutBlockFlow {HTML} at (0,0) size 800x600
    LayoutBlockFlow {BODY} at (8,8) size 784x584
      LayoutTable {TABLE} at (0,0) size 336x36 [border: (5px outset #808080)]
        LayoutTableSection {TBODY} at (5,5) size 326x26
          LayoutTableRow {TR} at (0,2) size 326x22
            LayoutTableCell {TD} at (2,2) size 160x22 [border: (1px inset #808080)] [r=0 c=0 rs=1 cs=1]
              LayoutText {#text} at (2,2) size 156x18
                text run at (2,2) width 156: "almaalmaalmaalmaalma"
            LayoutTableCell {TD} at (164,2) size 160x22 [border: (1px inset #808080)] [r=0 c=1 rs=1 cs=1]
              LayoutText {#text} at (2,2) size 8x18
                text run at (2,2) width 8: "x"
      LayoutBlockFlow (anonymous) at (0,36) size 784x18
        LayoutBR {BR} at (0,0) size 0x18
      LayoutTable {TABLE} at (0,54) size 336x36 [border: (5px outset #808080)]
        LayoutTableSection {TBODY} at (5,5) size 326x26
          LayoutTableRow {TR} at (0,2) size 326x22
            LayoutTableCell {TD} at (2,2) size 160x22 [border: (1px inset #808080)] [r=0 c=0 rs=1 cs=1]
              LayoutText {#text} at (2,2) size 156x18
                text run at (2,2) width 156: "almaalmaalmaalmaalma"
            LayoutTableCell {TD} at (164,2) size 160x22 [border: (1px inset #808080)] [r=0 c=1 rs=1 cs=1]
              LayoutText {#text} at (2,2) size 8x18
                text run at (2,2) width 8: "x"
      LayoutBlockFlow (anonymous) at (0,90) size 784x18
        LayoutBR {BR} at (0,0) size 0x18
      LayoutBlockFlow {P} at (0,124) size 784x36
        LayoutText {#text} at (0,0) size 360x18
          text run at (0,0) width 360: "In this table, the second and the third cell are given 40%"
        LayoutBR {BR} at (359,14) size 1x0
        LayoutText {#text} at (0,18) size 260x18
          text run at (0,18) width 260: "The cells are competing with each other."
        LayoutBR {BR} at (259,32) size 1x0
      LayoutTable {TABLE} at (0,176) size 348x36 [border: (5px outset #808080)]
        LayoutTableSection {TBODY} at (5,5) size 338x26
          LayoutTableRow {TR} at (0,2) size 338x22
            LayoutTableCell {TD} at (2,2) size 66x22 [border: (1px inset #808080)] [r=0 c=0 rs=1 cs=1]
              LayoutText {#text} at (2,2) size 62x18
                text run at (2,2) width 62: "some text"
            LayoutTableCell {TD} at (70,2) size 132x22 [border: (1px inset #808080)] [r=0 c=1 rs=1 cs=1]
              LayoutText {#text} at (2,2) size 8x18
                text run at (2,2) width 8: "x"
            LayoutTableCell {TD} at (204,2) size 132x22 [border: (1px inset #808080)] [r=0 c=2 rs=1 cs=1]
              LayoutText {#text} at (2,2) size 8x18
                text run at (2,2) width 8: "x"
      LayoutBlockFlow {P} at (0,228) size 784x54
        LayoutText {#text} at (0,0) size 360x18
          text run at (0,0) width 360: "In this table, the second and the third cell are given 50%"
        LayoutBR {BR} at (359,14) size 1x0
        LayoutText {#text} at (0,18) size 454x18
          text run at (0,18) width 454: "The cells are competing again but their percentage can not be satisfied."
        LayoutBR {BR} at (453,32) size 1x0
        LayoutText {#text} at (0,36) size 487x18
          text run at (0,36) width 487: "The table grows as large as it can and the first cell gets to its minimal width."
      LayoutTable {TABLE} at (0,298) size 784x54 [border: (5px outset #808080)]
        LayoutTableSection {TBODY} at (5,5) size 774x44
          LayoutTableRow {TR} at (0,2) size 774x40
            LayoutTableCell {TD} at (2,2) size 38x40 [border: (1px inset #808080)] [r=0 c=0 rs=1 cs=1]
              LayoutText {#text} at (2,2) size 34x36
                text run at (2,2) width 34: "some"
                text run at (2,20) width 24: "text"
            LayoutTableCell {TD} at (42,11) size 364x22 [border: (1px inset #808080)] [r=0 c=1 rs=1 cs=1]
              LayoutText {#text} at (2,2) size 8x18
                text run at (2,2) width 8: "x"
            LayoutTableCell {TD} at (408,11) size 364x22 [border: (1px inset #808080)] [r=0 c=2 rs=1 cs=1]
              LayoutText {#text} at (2,2) size 8x18
                text run at (2,2) width 8: "x"
