layer at (0,0) size 800x600
  LayoutView at (0,0) size 800x600
layer at (0,0) size 800x600
  LayoutBlockFlow {HTML} at (0,0) size 800x600
    LayoutBlockFlow {BODY} at (8,8) size 784x584
      LayoutBlockFlow {P} at (0,0) size 784x18
        LayoutText {#text} at (0,0) size 411x18
          text run at (0,0) width 411: "The table below takes out the nowrap with the cell of 1% width."
      LayoutTable {TABLE} at (0,34) size 675x59
        LayoutTableSection {TBODY} at (0,0) size 675x59
          LayoutTableRow {TR} at (0,0) size 675x59 [bgcolor=#9999CC]
            LayoutTableCell {TD} at (0,17) size 634x25 [r=0 c=0 rs=1 cs=1]
              LayoutInline {FONT} at (0,0) size 152x20
                LayoutInline {B} at (0,0) size 152x20
                  LayoutText {#text} at (2,2) size 152x20
                    text run at (2,2) width 152: "Technology News"
              LayoutInline {FONT} at (0,0) size 181x15
                LayoutText {#text} at (153,6) size 181x15
                  text run at (153,6) width 63: " - updated "
                  text run at (215,6) width 119: "12:15 PM ET Oct 24"
              LayoutText {#text} at (0,0) size 0x0
            LayoutTableCell {TD} at (634,0) size 41x59 [r=0 c=1 rs=1 cs=1]
              LayoutTable {TABLE} at (2,2) size 37x55
                LayoutTableSection {TBODY} at (0,0) size 37x55
                  LayoutTableRow {TR} at (0,0) size 37x55
                    LayoutTableCell {TD} at (0,0) size 37x55 [bgcolor=#CCCCFF] [r=0 c=0 rs=1 cs=1]
                      LayoutImage (floating) {IMG} at (3,3) size 16x16
                      LayoutInline {FONT} at (0,0) size 31x33
                        LayoutInline {A} at (0,0) size 31x33 [color=#0000EE]
                          LayoutText {#text} at (3,19) size 31x33
                            text run at (3,19) width 29: "Add to"
                            text run at (3,30) width 14: "My"
                            text run at (3,41) width 31: "Yahoo!"
                      LayoutText {#text} at (0,0) size 0x0
      LayoutBlockFlow {P} at (0,109) size 784x18
        LayoutText {#text} at (0,0) size 479x18
          text run at (0,0) width 479: "The table below leaves in the nowrap but take out the 1% width in the cell."
      LayoutTable {TABLE} at (0,143) size 675x26
        LayoutTableSection {TBODY} at (0,0) size 675x26
          LayoutTableRow {TR} at (0,0) size 675x26 [bgcolor=#9999CC]
            LayoutTableCell {TD} at (0,0) size 510x25 [r=0 c=0 rs=1 cs=1]
              LayoutInline {FONT} at (0,0) size 152x20
                LayoutInline {B} at (0,0) size 152x20
                  LayoutText {#text} at (2,2) size 152x20
                    text run at (2,2) width 152: "Technology News"
              LayoutInline {FONT} at (0,0) size 181x15
                LayoutText {#text} at (153,6) size 181x15
                  text run at (153,6) width 63: " - updated "
                  text run at (215,6) width 119: "12:15 PM ET Oct 24"
              LayoutText {#text} at (0,0) size 0x0
            LayoutTableCell {TD} at (510,0) size 165x26 [r=0 c=1 rs=1 cs=1]
              LayoutTable {TABLE} at (2,2) size 104x22
                LayoutTableSection {TBODY} at (0,0) size 104x22
                  LayoutTableRow {TR} at (0,0) size 104x22
                    LayoutTableCell {TD} at (0,0) size 104x22 [bgcolor=#CCCCFF] [r=0 c=0 rs=1 cs=1]
                      LayoutImage (floating) {IMG} at (3,3) size 16x16
                      LayoutInline {FONT} at (0,0) size 79x11
                        LayoutInline {A} at (0,0) size 79x11 [color=#0000EE]
                          LayoutText {#text} at (22,3) size 79x11
                            text run at (22,3) width 79: "Add to My Yahoo!"
                      LayoutText {#text} at (0,0) size 0x0
