layer at (0,0) size 800x600 scrollWidth 867 scrollHeight 1008
  LayoutView at (0,0) size 800x600
layer at (0,0) size 800x1008 backgroundClip at (0,0) size 800x600 clip at (0,0) size 800x600
  LayoutBlockFlow {HTML} at (0,0) size 800x1008
    LayoutBlockFlow {BODY} at (8,8) size 784x992
      LayoutTable {TABLE} at (0,0) size 784x28 [border: (1px outset #808080)]
        LayoutTableSection {TBODY} at (1,1) size 782x26
          LayoutTableRow {TR} at (0,2) size 782x22
            LayoutTableCell {TD} at (2,2) size 262x22 [border: (1px inset #808080)] [r=0 c=0 rs=1 cs=1]
              LayoutText {#text} at (2,2) size 8x18
                text run at (2,2) width 8: "x"
            LayoutTableCell {TD} at (266,2) size 514x22 [border: (1px inset #808080)] [r=0 c=1 rs=1 cs=1]
              LayoutText {#text} at (2,2) size 8x18
                text run at (2,2) width 8: "y"
      LayoutBlockFlow (anonymous) at (0,28) size 784x18
        LayoutBR {BR} at (0,0) size 0x18
      LayoutTable {TABLE} at (0,46) size 784x28 [border: (1px outset #808080)]
        LayoutTableSection {TBODY} at (1,1) size 782x26
          LayoutTableRow {TR} at (0,2) size 782x22
            LayoutTableCell {TD} at (2,2) size 388x22 [border: (1px inset #808080)] [r=0 c=0 rs=1 cs=1]
              LayoutText {#text} at (2,2) size 8x18
                text run at (2,2) width 8: "x"
            LayoutTableCell {TD} at (392,2) size 388x22 [border: (1px inset #808080)] [r=0 c=1 rs=1 cs=1]
              LayoutText {#text} at (2,2) size 8x18
                text run at (2,2) width 8: "y"
      LayoutBlockFlow (anonymous) at (0,74) size 784x18
        LayoutBR {BR} at (0,0) size 0x18
      LayoutTable {TABLE} at (0,92) size 859x610 [border: (1px outset #808080)]
        LayoutTableSection {TBODY} at (1,1) size 857x608
          LayoutTableRow {TR} at (0,2) size 857x604
            LayoutTableCell {TD} at (2,2) size 804x604 [border: (1px inset #808080)] [r=0 c=0 rs=1 cs=1]
              LayoutImage {IMG} at (2,2) size 800x600
            LayoutTableCell {TD} at (808,257) size 47x94 [border: (1px inset #808080)] [r=0 c=1 rs=1 cs=1]
              LayoutText {#text} at (2,2) size 43x90
                text run at (2,2) width 30: "can't"
                text run at (2,20) width 39: "we all"
                text run at (2,38) width 24: "just"
                text run at (2,56) width 20: "get"
                text run at (2,74) width 43: "along?"
      LayoutBlockFlow (anonymous) at (0,702) size 784x18
        LayoutBR {BR} at (0,0) size 0x18
      LayoutTable {TABLE} at (0,720) size 784x46 [border: (1px outset #808080)]
        LayoutTableSection {TBODY} at (1,1) size 782x44
          LayoutTableRow {TR} at (0,2) size 782x40
            LayoutTableCell {TD} at (2,11) size 252x22 [border: (1px inset #808080)] [r=0 c=0 rs=1 cs=1]
              LayoutText {#text} at (2,2) size 119x18
                text run at (2,2) width 119: "Hello how are you"
            LayoutTableCell {TD} at (256,2) size 122x40 [border: (1px inset #808080)] [r=0 c=1 rs=1 cs=1]
              LayoutText {#text} at (2,2) size 87x36
                text run at (2,2) width 87: "I'am fine, and"
                text run at (2,20) width 32: "you?"
            LayoutTableCell {TD} at (380,11) size 400x22 [border: (1px inset #808080)] [r=0 c=2 rs=1 cs=1]
              LayoutText {#text} at (2,2) size 113x18
                text run at (2,2) width 113: "I great, thank you"
      LayoutBlockFlow (anonymous) at (0,766) size 784x18
        LayoutBR {BR} at (0,0) size 0x18
      LayoutTable {TABLE} at (0,784) size 784x208 [border: (1px outset #808080)]
        LayoutTableSection {TBODY} at (1,1) size 782x206
          LayoutTableRow {TR} at (0,2) size 782x202
            LayoutTableCell {TD} at (2,92) size 326x22 [border: (1px inset #808080)] [r=0 c=0 rs=1 cs=1]
              LayoutText {#text} at (2,2) size 174x18
                text run at (2,2) width 174: "<../images/pikajumpr.gif\">"
            LayoutTableCell {TD} at (330,30) size 411x146 [border: (1px inset #808080)] [r=0 c=1 rs=1 cs=1]
              LayoutImage {IMG} at (2,2) size 142x142
            LayoutTableCell {TD} at (743,2) size 37x202 [border: (1px inset #808080)] [r=0 c=2 rs=1 cs=1]
              LayoutText {#text} at (2,2) size 33x198
                text run at (2,2) width 29: "This"
                text run at (2,20) width 22: "is a"
                text run at (2,38) width 23: "test"
                text run at (2,56) width 13: "to"
                text run at (2,74) width 21: "see"
                text run at (2,92) width 10: "if"
                text run at (2,110) width 24: "this"
                text run at (2,128) width 25: "will"
                text run at (2,146) width 33: "work"
                text run at (2,164) width 16: "on"
                text run at (2,182) width 20: "5.0"
