layer at (0,0) size 800x600
  LayoutView at (0,0) size 800x600
layer at (0,0) size 800x600
  LayoutBlockFlow {HTML} at (0,0) size 800x600
    LayoutBlockFlow {BODY} at (8,8) size 784x584
      LayoutTable {TABLE} at (0,0) size 298x200 [border: (1px outset #808080)]
        LayoutTableSection {TBODY} at (1,1) size 296x198
          LayoutTableRow {TR} at (0,2) size 296x46
            LayoutTableCell {TD} at (2,14) size 292x22 [border: (1px inset #808080)] [r=0 c=0 rs=1 cs=1]
              LayoutText {#text} at (2,2) size 286x18
                text run at (2,2) width 286: "This is the first cell in a 200 pixel high table."
          LayoutTableRow {TR} at (0,50) size 296x97
            LayoutTableCell {TD} at (2,87) size 292x22 [border: (1px inset #808080)] [r=1 c=0 rs=1 cs=1]
              LayoutText {#text} at (2,2) size 183x18
                text run at (2,2) width 183: "This is the second cell, with "
              LayoutInline {B} at (0,0) size 24x18
                LayoutText {#text} at (184,2) size 24x18
                  text run at (184,2) width 24: "cell"
              LayoutText {#text} at (207,2) size 83x18
                text run at (207,2) width 83: " height 50%."
          LayoutTableRow {TR} at (0,149) size 296x47
            LayoutTableCell {TD} at (2,161) size 292x22 [border: (1px inset #808080)] [r=2 c=0 rs=1 cs=1]
              LayoutText {#text} at (2,2) size 132x18
                text run at (2,2) width 132: "This is the third cell."
      LayoutTable {TABLE} at (0,200) size 298x76 [border: (1px outset #808080)]
        LayoutTableSection {TBODY} at (1,1) size 296x74
          LayoutTableRow {TR} at (0,2) size 296x22
            LayoutTableCell {TD} at (2,2) size 292x22 [border: (1px inset #808080)] [r=0 c=0 rs=1 cs=1]
              LayoutText {#text} at (2,2) size 275x18
                text run at (2,2) width 275: "This is the first cell in an auto-height table."
          LayoutTableRow {TR} at (0,26) size 296x22
            LayoutTableCell {TD} at (2,26) size 292x22 [border: (1px inset #808080)] [r=1 c=0 rs=1 cs=1]
              LayoutText {#text} at (2,2) size 183x18
                text run at (2,2) width 183: "This is the second cell, with "
              LayoutInline {B} at (0,0) size 24x18
                LayoutText {#text} at (184,2) size 24x18
                  text run at (184,2) width 24: "cell"
              LayoutText {#text} at (207,2) size 83x18
                text run at (207,2) width 83: " height 50%."
          LayoutTableRow {TR} at (0,50) size 296x22
            LayoutTableCell {TD} at (2,50) size 292x22 [border: (1px inset #808080)] [r=2 c=0 rs=1 cs=1]
              LayoutText {#text} at (2,2) size 132x18
                text run at (2,2) width 132: "This is the third cell."
      LayoutTable {TABLE} at (0,276) size 301x200 [border: (1px outset #808080)]
        LayoutTableSection {TBODY} at (1,1) size 299x198
          LayoutTableRow {TR} at (0,2) size 299x46
            LayoutTableCell {TD} at (2,14) size 295x22 [border: (1px inset #808080)] [r=0 c=0 rs=1 cs=1]
              LayoutText {#text} at (2,2) size 286x18
                text run at (2,2) width 286: "This is the first cell in a 200 pixel high table."
          LayoutTableRow {TR} at (0,50) size 299x97
            LayoutTableCell {TD} at (2,87) size 295x22 [border: (1px inset #808080)] [r=1 c=0 rs=1 cs=1]
              LayoutText {#text} at (2,2) size 183x18
                text run at (2,2) width 183: "This is the second cell, with "
              LayoutInline {B} at (0,0) size 27x18
                LayoutText {#text} at (184,2) size 27x18
                  text run at (184,2) width 27: "row"
              LayoutText {#text} at (211,2) size 82x18
                text run at (211,2) width 82: " height 50%."
          LayoutTableRow {TR} at (0,149) size 299x47
            LayoutTableCell {TD} at (2,161) size 295x22 [border: (1px inset #808080)] [r=2 c=0 rs=1 cs=1]
              LayoutText {#text} at (2,2) size 132x18
                text run at (2,2) width 132: "This is the third cell."
      LayoutTable {TABLE} at (0,476) size 301x76 [border: (1px outset #808080)]
        LayoutTableSection {TBODY} at (1,1) size 299x74
          LayoutTableRow {TR} at (0,2) size 299x22
            LayoutTableCell {TD} at (2,2) size 295x22 [border: (1px inset #808080)] [r=0 c=0 rs=1 cs=1]
              LayoutText {#text} at (2,2) size 275x18
                text run at (2,2) width 275: "This is the first cell in an auto-height table."
          LayoutTableRow {TR} at (0,26) size 299x22
            LayoutTableCell {TD} at (2,26) size 295x22 [border: (1px inset #808080)] [r=1 c=0 rs=1 cs=1]
              LayoutText {#text} at (2,2) size 183x18
                text run at (2,2) width 183: "This is the second cell, with "
              LayoutInline {B} at (0,0) size 27x18
                LayoutText {#text} at (184,2) size 27x18
                  text run at (184,2) width 27: "row"
              LayoutText {#text} at (211,2) size 82x18
                text run at (211,2) width 82: " height 50%."
          LayoutTableRow {TR} at (0,50) size 299x22
            LayoutTableCell {TD} at (2,50) size 295x22 [border: (1px inset #808080)] [r=2 c=0 rs=1 cs=1]
              LayoutText {#text} at (2,2) size 132x18
                text run at (2,2) width 132: "This is the third cell."
