layer at (0,0) size 800x600
  LayoutView at (0,0) size 800x600
layer at (0,0) size 800x600
  LayoutBlockFlow {HTML} at (0,0) size 800x600
    LayoutBlockFlow {BODY} at (8,8) size 784x584
      LayoutBlockFlow (anonymous) at (0,0) size 784x18
        LayoutText {#text} at (0,0) size 40x18
          text run at (0,0) width 40: "25016"
      LayoutTable {TABLE} at (0,18) size 38x28
        LayoutTableSection {TBODY} at (0,0) size 38x24
          LayoutTableRow {TR} at (0,2) size 38x20
            LayoutTableCell {TD} at (2,2) size 34x20 [r=0 c=0 rs=1 cs=1]
              LayoutText {#text} at (1,1) size 32x18
                text run at (1,1) width 32: "4659"
        LayoutBlockFlow {CAPTION} at (0,0) size 38x0
        LayoutTableSection {TBODY} at (0,24) size 38x4
          LayoutTableRow {TR} at (0,0) size 38x2
            LayoutTableCell {TH} at (2,0) size 34x2 [r=0 c=0 rs=1 cs=1]
        LayoutTableCol {COLGROUP} at (0,0) size 0x0
