layer at (0,0) size 800x600
  LayoutView at (0,0) size 800x600
layer at (0,0) size 800x600
  LayoutBlockFlow {HTML} at (0,0) size 800x600
    LayoutBlockFlow {BODY} at (8,8) size 784x584
      LayoutTable {TABLE} at (0,0) size 203x118 [border: (1px outset #808080)]
        LayoutBlockFlow {CAPTION} at (0,0) size 203x18
          LayoutInline {EM} at (0,0) size 189x18
            LayoutText {#text} at (7,0) size 189x18
              text run at (7,0) width 189: "A test table with merged cells"
        LayoutTableSection {TBODY} at (1,19) size 201x98
          LayoutTableRow {TR} at (0,2) size 201x22
            LayoutTableCell {TH} at (139,23) size 60x4 [border: (1px inset #808080)] [r=0 c=0 rs=2 cs=1]
            LayoutTableCell {TH} at (38,2) size 99x22 [border: (1px inset #808080)] [r=0 c=1 rs=1 cs=2]
              LayoutText {#text} at (21,2) size 57x18
                text run at (21,2) width 57: "Average"
            LayoutTableCell {TH} at (2,5) size 34x40 [border: (1px inset #808080)] [r=0 c=3 rs=2 cs=1]
              LayoutText {#text} at (3,2) size 28x18
                text run at (3,2) width 28: "Red"
              LayoutBR {BR} at (3,16) size 1x0
              LayoutText {#text} at (2,20) size 30x18
                text run at (2,20) width 30: "eyes"
          LayoutTableRow {TR} at (0,26) size 201x22
            LayoutTableCell {TH} at (90,26) size 47x22 [border: (1px inset #808080)] [r=1 c=1 rs=1 cs=1]
              LayoutText {#text} at (2,2) size 43x18
                text run at (2,2) width 43: "height"
            LayoutTableCell {TH} at (38,26) size 50x22 [border: (1px inset #808080)] [r=1 c=2 rs=1 cs=1]
              LayoutText {#text} at (2,2) size 46x18
                text run at (2,2) width 46: "weight"
          LayoutTableRow {TR} at (0,50) size 201x22
            LayoutTableCell {TH} at (139,50) size 60x22 [border: (1px inset #808080)] [r=2 c=0 rs=1 cs=1]
              LayoutText {#text} at (9,2) size 42x18
                text run at (9,2) width 42: "Males"
            LayoutTableCell {TD} at (90,50) size 47x22 [border: (1px inset #808080)] [r=2 c=1 rs=1 cs=1]
              LayoutText {#text} at (25,2) size 20x18
                text run at (25,2) width 20: "1.9"
            LayoutTableCell {TD} at (38,50) size 50x22 [border: (1px inset #808080)] [r=2 c=2 rs=1 cs=1]
              LayoutText {#text} at (12,2) size 36x18
                text run at (12,2) width 36: "0.003"
            LayoutTableCell {TD} at (2,50) size 34x22 [border: (1px inset #808080)] [r=2 c=3 rs=1 cs=1]
              LayoutText {#text} at (2,2) size 30x18
                text run at (2,2) width 30: "40%"
          LayoutTableRow {TR} at (0,74) size 201x22
            LayoutTableCell {TH} at (139,74) size 60x22 [border: (1px inset #808080)] [r=3 c=0 rs=1 cs=1]
              LayoutText {#text} at (2,2) size 56x18
                text run at (2,2) width 56: "Females"
            LayoutTableCell {TD} at (90,74) size 47x22 [border: (1px inset #808080)] [r=3 c=1 rs=1 cs=1]
              LayoutText {#text} at (25,2) size 20x18
                text run at (25,2) width 20: "1.7"
            LayoutTableCell {TD} at (38,74) size 50x22 [border: (1px inset #808080)] [r=3 c=2 rs=1 cs=1]
              LayoutText {#text} at (12,2) size 36x18
                text run at (12,2) width 36: "0.002"
            LayoutTableCell {TD} at (2,74) size 34x22 [border: (1px inset #808080)] [r=3 c=3 rs=1 cs=1]
              LayoutText {#text} at (2,2) size 30x18
                text run at (2,2) width 30: "43%"
