layer at (0,0) size 800x600
  LayoutView at (0,0) size 800x600
layer at (0,0) size 800x600
  LayoutBlockFlow {HTML} at (0,0) size 800x600
    LayoutBlockFlow {BODY} at (8,8) size 784x584
      LayoutBlockFlow (anonymous) at (0,0) size 784x18
        LayoutInline {A} at (0,0) size 28x18 [color=#551A8B]
          LayoutText {#text} at (0,0) size 28x18
            text run at (0,0) width 28: "note"
        LayoutText {#text} at (27,0) size 5x18
          text run at (27,0) width 5: " "
        LayoutInline {A} at (0,0) size 74x18 [color=#551A8B]
          LayoutText {#text} at (31,0) size 74x18
            text run at (31,0) width 74: "closepopup"
        LayoutText {#text} at (0,0) size 0x0
      LayoutTable {TABLE} at (0,18) size 42x28 [border: (1px outset #808080)]
        LayoutTableSection {TBODY} at (1,1) size 40x26
          LayoutTableRow {TR} at (0,2) size 40x22
            LayoutTableCell {TD} at (2,2) size 36x22 [border: (1px inset #808080)] [r=0 c=0 rs=1 cs=1]
              LayoutText {#text} at (2,2) size 32x18
                text run at (2,2) width 32: "table"
layer at (8,26) size 20x18
  LayoutBlockFlow (positioned) {DIV} at (8,26) size 20.45x18
    LayoutText {#text} at (0,0) size 21x18
      text run at (0,0) width 21: "div"
