layer at (0,0) size 800x600
  LayoutView at (0,0) size 800x600
layer at (0,0) size 800x288
  LayoutBlockFlow {HTML} at (0,0) size 800x288
    LayoutBlockFlow {BODY} at (8,8) size 784x272 [bgcolor=#FFFFFF]
      LayoutTable {TABLE} at (0,0) size 176x272
        LayoutTableSection {TBODY} at (0,0) size 176x272
          LayoutTableRow {TR} at (0,0) size 176x34
            LayoutTableCell {TD} at (0,0) size 44x34 [border: (1px solid #000000)] [r=0 c=0 rs=1 cs=1]
              LayoutText {#text} at (8,8) size 28x18
                text run at (8,8) width 28: "blah"
            LayoutTableCell {TD} at (44,0) size 44x34 [border: (1px solid #000000)] [r=0 c=1 rs=1 cs=1]
              LayoutText {#text} at (8,8) size 28x18
                text run at (8,8) width 28: "blah"
            LayoutTableCell {TD} at (88,0) size 44x34 [border: (1px solid #000000)] [r=0 c=2 rs=1 cs=1]
              LayoutText {#text} at (8,8) size 28x18
                text run at (8,8) width 28: "blah"
            LayoutTableCell {TD} at (132,0) size 44x34 [border: (1px solid #000000)] [r=0 c=3 rs=1 cs=1]
              LayoutText {#text} at (8,8) size 28x18
                text run at (8,8) width 28: "blah"
          LayoutTableRow {TR} at (0,34) size 176x34
            LayoutTableCell {TD} at (0,34) size 44x34 [border: (1px solid #000000)] [r=1 c=0 rs=1 cs=1]
              LayoutText {#text} at (8,8) size 28x18
                text run at (8,8) width 28: "blah"
            LayoutTableCell {TD} at (44,34) size 44x34 [border: (1px solid #000000)] [r=1 c=1 rs=1 cs=1]
              LayoutText {#text} at (8,8) size 28x18
                text run at (8,8) width 28: "blah"
            LayoutTableCell {TD} at (88,34) size 44x34 [border: (1px solid #000000)] [r=1 c=2 rs=1 cs=1]
              LayoutText {#text} at (8,8) size 28x18
                text run at (8,8) width 28: "blah"
            LayoutTableCell {TD} at (132,34) size 44x34 [border: (1px solid #000000)] [r=1 c=3 rs=1 cs=1]
              LayoutText {#text} at (8,8) size 28x18
                text run at (8,8) width 28: "blah"
          LayoutTableRow {TR} at (0,68) size 176x34
            LayoutTableCell {TD} at (0,68) size 44x34 [border: (1px solid #000000)] [r=2 c=0 rs=1 cs=1]
              LayoutText {#text} at (8,8) size 28x18
                text run at (8,8) width 28: "blah"
            LayoutTableCell {TD} at (44,68) size 44x34 [border: (1px solid #000000)] [r=2 c=1 rs=1 cs=1]
              LayoutText {#text} at (8,8) size 28x18
                text run at (8,8) width 28: "blah"
            LayoutTableCell {TD} at (88,68) size 44x34 [border: (1px solid #000000)] [r=2 c=2 rs=1 cs=1]
              LayoutText {#text} at (8,8) size 28x18
                text run at (8,8) width 28: "blah"
            LayoutTableCell {TD} at (132,68) size 44x34 [border: (1px solid #000000)] [r=2 c=3 rs=1 cs=1]
              LayoutText {#text} at (8,8) size 28x18
                text run at (8,8) width 28: "blah"
          LayoutTableRow {TR} at (0,102) size 176x34
            LayoutTableCell {TD} at (0,102) size 44x34 [border: (1px solid #000000)] [r=3 c=0 rs=1 cs=1]
              LayoutText {#text} at (8,8) size 28x18
                text run at (8,8) width 28: "blah"
            LayoutTableCell {TD} at (44,102) size 44x34 [border: (1px solid #000000)] [r=3 c=1 rs=1 cs=1]
              LayoutText {#text} at (8,8) size 28x18
                text run at (8,8) width 28: "blah"
            LayoutTableCell {TD} at (88,102) size 44x34 [border: (1px solid #000000)] [r=3 c=2 rs=1 cs=1]
              LayoutText {#text} at (8,8) size 28x18
                text run at (8,8) width 28: "blah"
            LayoutTableCell {TD} at (132,102) size 44x34 [border: (1px solid #000000)] [r=3 c=3 rs=1 cs=1]
              LayoutText {#text} at (8,8) size 28x18
                text run at (8,8) width 28: "blah"
          LayoutTableRow {TR} at (0,136) size 176x34
            LayoutTableCell {TD} at (0,136) size 44x34 [border: (1px solid #000000)] [r=4 c=0 rs=1 cs=1]
              LayoutText {#text} at (8,8) size 28x18
                text run at (8,8) width 28: "blah"
            LayoutTableCell {TD} at (44,136) size 44x34 [border: (1px solid #000000)] [r=4 c=1 rs=1 cs=1]
              LayoutText {#text} at (8,8) size 28x18
                text run at (8,8) width 28: "blah"
            LayoutTableCell {TD} at (88,136) size 44x34 [border: (1px solid #000000)] [r=4 c=2 rs=1 cs=1]
              LayoutText {#text} at (8,8) size 28x18
                text run at (8,8) width 28: "blah"
            LayoutTableCell {TD} at (132,136) size 44x34 [border: (1px solid #000000)] [r=4 c=3 rs=1 cs=1]
              LayoutText {#text} at (8,8) size 28x18
                text run at (8,8) width 28: "blah"
          LayoutTableRow {TR} at (0,170) size 176x34
            LayoutTableCell {TD} at (0,170) size 44x34 [border: (1px solid #000000)] [r=5 c=0 rs=1 cs=1]
              LayoutText {#text} at (8,8) size 28x18
                text run at (8,8) width 28: "blah"
            LayoutTableCell {TD} at (44,170) size 44x34 [border: (1px solid #000000)] [r=5 c=1 rs=1 cs=1]
              LayoutText {#text} at (8,8) size 28x18
                text run at (8,8) width 28: "blah"
            LayoutTableCell {TD} at (88,170) size 44x34 [border: (1px solid #000000)] [r=5 c=2 rs=1 cs=1]
              LayoutText {#text} at (8,8) size 28x18
                text run at (8,8) width 28: "blah"
            LayoutTableCell {TD} at (132,170) size 44x34 [border: (1px solid #000000)] [r=5 c=3 rs=1 cs=1]
              LayoutText {#text} at (8,8) size 28x18
                text run at (8,8) width 28: "blah"
          LayoutTableRow {TR} at (0,204) size 176x34
            LayoutTableCell {TD} at (0,204) size 44x34 [border: (1px solid #000000)] [r=6 c=0 rs=1 cs=1]
              LayoutText {#text} at (8,8) size 28x18
                text run at (8,8) width 28: "blah"
            LayoutTableCell {TD} at (44,204) size 44x34 [border: (1px solid #000000)] [r=6 c=1 rs=1 cs=1]
              LayoutText {#text} at (8,8) size 28x18
                text run at (8,8) width 28: "blah"
            LayoutTableCell {TD} at (88,204) size 44x34 [border: (1px solid #000000)] [r=6 c=2 rs=1 cs=1]
              LayoutText {#text} at (8,8) size 28x18
                text run at (8,8) width 28: "blah"
            LayoutTableCell {TD} at (132,204) size 44x34 [border: (1px solid #000000)] [r=6 c=3 rs=1 cs=1]
              LayoutText {#text} at (8,8) size 28x18
                text run at (8,8) width 28: "blah"
          LayoutTableRow {TR} at (0,238) size 176x34
            LayoutTableCell {TD} at (0,238) size 44x34 [border: (1px solid #000000)] [r=7 c=0 rs=1 cs=1]
              LayoutText {#text} at (8,8) size 28x18
                text run at (8,8) width 28: "blah"
            LayoutTableCell {TD} at (44,238) size 44x34 [border: (1px solid #000000)] [r=7 c=1 rs=1 cs=1]
              LayoutText {#text} at (8,8) size 28x18
                text run at (8,8) width 28: "blah"
            LayoutTableCell {TD} at (88,238) size 44x34 [border: (1px solid #000000)] [r=7 c=2 rs=1 cs=1]
              LayoutText {#text} at (8,8) size 28x18
                text run at (8,8) width 28: "blah"
            LayoutTableCell {TD} at (132,238) size 44x34 [border: (1px solid #000000)] [r=7 c=3 rs=1 cs=1]
              LayoutText {#text} at (8,8) size 28x18
                text run at (8,8) width 28: "blah"
