layer at (0,0) size 800x600
  LayoutView at (0,0) size 800x600
layer at (0,0) size 800x600
  LayoutBlockFlow {HTML} at (0,0) size 800x600
    LayoutBlockFlow {BODY} at (8,8) size 784x576 [bgcolor=#FFFFFF]
      LayoutBlockFlow {H3} at (0,0) size 784x22
        LayoutText {#text} at (0,0) size 299x22
          text run at (0,0) width 299: "Testcase for bug 5538 - distilled from "
        LayoutInline {A} at (0,0) size 114x22 [color=#0000EE]
          LayoutText {#text} at (298,0) size 114x22
            text run at (298,0) width 114: "www.fool.com"
      LayoutTable {TABLE} at (0,40.72) size 600x89
        LayoutTableSection {TBODY} at (0,0) size 600x89
          LayoutTableRow {TR} at (0,0) size 600x89
            LayoutTableCell {TD} at (0,0) size 128x89 [bgcolor=#336699] [r=0 c=0 rs=1 cs=1]
              LayoutInline {A} at (0,0) size 128x18 [color=#0000EE]
                LayoutImage {IMG} at (0,0) size 128x89
            LayoutTableCell {TD} at (128,44) size 472x0 [r=0 c=1 rs=1 cs=1]
      LayoutTable {TABLE} at (0,129.72) size 600x18
        LayoutTableSection {TBODY} at (0,0) size 600x18
          LayoutTableRow {TR} at (0,0) size 600x18
            LayoutTableCell {TD} at (0,0) size 600x18 [r=0 c=0 rs=1 cs=1]
              LayoutImage {IMG} at (0,0) size 348x18
              LayoutInline {MAP} at (0,0) size 0x18
              LayoutImage {IMG} at (348,0) size 88x18
              LayoutImage {IMG} at (436,0) size 55x18
      LayoutBlockFlow {P} at (0,163.72) size 784x161
        LayoutBlockFlow (anonymous) at (0,0) size 784x54
          LayoutText {#text} at (0,0) size 475x18
            text run at (0,0) width 475: "When removing <A HREF=\"...\"> surrounding logo image in first row and"
          LayoutBR {BR} at (474,14) size 1x0
          LayoutText {#text} at (0,18) size 390x18
            text run at (0,18) width 390: "removing <MAP> element in second row it looks OK to me:"
          LayoutBR {BR} at (389,32) size 1x0
          LayoutBR {BR} at (0,36) size 0x18
        LayoutTable {TABLE} at (0,54) size 600x89
          LayoutTableSection {TBODY} at (0,0) size 600x89
            LayoutTableRow {TR} at (0,0) size 600x89
              LayoutTableCell {TD} at (0,0) size 128x89 [bgcolor=#336699] [r=0 c=0 rs=1 cs=1]
                LayoutImage {IMG} at (0,0) size 128x89
              LayoutTableCell {TD} at (128,44) size 472x0 [r=0 c=1 rs=1 cs=1]
        LayoutTable {TABLE} at (0,143) size 600x18
          LayoutTableSection {TBODY} at (0,0) size 600x18
            LayoutTableRow {TR} at (0,0) size 600x18
              LayoutTableCell {TD} at (0,0) size 600x18 [r=0 c=0 rs=1 cs=1]
                LayoutImage {IMG} at (0,0) size 348x18
                LayoutImage {IMG} at (348,0) size 88x18
                LayoutBlockFlow {IMG} at (436,0) size 55x18
layer at (444,315) size 55x18 clip at (445,316) size 53x16 scrollHeight 18
  LayoutBlockFlow {DIV} at (0,0) size 55x18 [border: (1px solid #C0C0C0)]
    LayoutImage (floating) {IMG} at (2,2) size 16x16
layer at (462,317) size 35x0
  LayoutBlockFlow {DIV} at (18,2) size 35x0
