layer at (0,0) size 800x600
  LayoutView at (0,0) size 800x600
layer at (0,0) size 800x600
  LayoutBlockFlow {HTML} at (0,0) size 800x600
    LayoutBlockFlow {BODY} at (8,8) size 784x584
      LayoutTable {TABLE} at (0,0) size 32x24
        LayoutTableSection {TBODY} at (0,0) size 32x24
          LayoutTableRow {TR} at (0,2) size 32x20
            LayoutTableCell {TD} at (2,6) size 12x12 [r=0 c=0 rs=1 cs=1]
              LayoutTable {TABLE} at (1,1) size 10x10 [border: (1px outset #808080)]
                LayoutTableSection {TBODY} at (1,1) size 8x8
                  LayoutTableRow {TR} at (0,2) size 8x4
                    LayoutTableCell {TD} at (2,2) size 4x4 [border: (1px inset #808080)] [r=0 c=0 rs=1 cs=1]
            LayoutTableCell {TD} at (16,2) size 14x20 [r=0 c=1 rs=1 cs=1]
              LayoutText {#text} at (1,1) size 12x18
                text run at (1,1) width 12: "X"
