layer at (0,0) size 800x600
  LayoutView at (0,0) size 800x600
layer at (0,0) size 800x600
  LayoutBlockFlow {HTML} at (0,0) size 800x600
    LayoutBlockFlow {BODY} at (8,8) size 784x584
      LayoutTable {TABLE} at (0,0) size 288x128 [border: (1px outset #808080)]
        LayoutTableSection {TBODY} at (1,1) size 286x126
          LayoutTableRow {TR} at (0,2) size 286x122
            LayoutTableCell {TD} at (2,2) size 204x122 [border: (1px inset #808080)] [r=0 c=0 rs=1 cs=1]
              LayoutTable {TABLE} at (2,2) size 200x118 [border: (10px outset #808080)]
                LayoutTableSection {TBODY} at (10,10) size 180x98
                  LayoutTableRow {TR} at (0,2) size 180x94
                    LayoutTableCell {TD} at (2,27) size 44x44 [border: (1px inset #808080)] [r=0 c=0 rs=1 cs=1]
                      LayoutImage {IMG} at (2,2) size 40x40
                    LayoutTableCell {TD} at (48,2) size 130x94 [border: (1px inset #808080)] [r=0 c=1 rs=1 cs=1]
                      LayoutText {#text} at (2,2) size 108x90
                        text run at (2,2) width 108: "xxx xxx xxx xxx"
                        text run at (2,20) width 108: "xxx xxx xxx xxx"
                        text run at (2,38) width 108: "xxx xxx xxx xxx"
                        text run at (2,56) width 108: "xxx xxx xxx xxx"
                        text run at (2,74) width 108: "xxx xxx xxx xxx"
            LayoutTableCell {TD} at (208,52) size 76x22 [border: (1px inset #808080)] [r=0 c=1 rs=1 cs=1]
              LayoutText {#text} at (2,2) size 72x18
                text run at (2,2) width 72: "row2, cell2"
