layer at (0,0) size 800x600
  LayoutView at (0,0) size 800x600
layer at (0,0) size 800x600
  LayoutBlockFlow {HTML} at (0,0) size 800x600
    LayoutBlockFlow {BODY} at (8,8) size 784x584
      LayoutTable {TABLE} at (0,0) size 624x153
        LayoutTableSection {TBODY} at (0,0) size 624x153
          LayoutTableRow {TR} at (0,2) size 624x60
            LayoutTableCell {TD} at (2,2) size 150x1 [r=0 c=0 rs=2 cs=1]
              LayoutImage {IMG} at (0,0) size 150x1
            LayoutTableCell {TD} at (154,2) size 468x60 [r=0 c=1 rs=1 cs=2]
              LayoutImage {IMG} at (0,0) size 468x60
          LayoutTableRow {TR} at (0,64) size 624x87
            LayoutTableCell {TD} at (154,64) size 297x87 [r=1 c=1 rs=1 cs=1]
              LayoutTable {TABLE} at (0,0) size 297x87
                LayoutTableSection {TBODY} at (0,0) size 297x87
                  LayoutTableRow {TR} at (0,0) size 297x9
                    LayoutTableCell {TD} at (0,0) size 297x9 [r=0 c=0 rs=1 cs=2]
                      LayoutImage {IMG} at (3,3) size 126x3
                      LayoutText {#text} at (0,0) size 0x0
                  LayoutTableRow {TR} at (0,9) size 297x78
                    LayoutTableCell {TD} at (0,9) size 149x42 [r=1 c=0 rs=1 cs=1]
                      LayoutText {#text} at (3,3) size 132x36
                        text run at (3,3) width 132: "New WidgetMasters"
                        text run at (3,21) width 81: "every Week!"
                    LayoutTableCell {TD} at (149,9) size 148x78 [r=1 c=1 rs=1 cs=1]
                      LayoutText {#text} at (3,3) size 140x72
                        text run at (3,3) width 118: "WidgetMaster can"
                        text run at (3,21) width 140: "build your company a"
                        text run at (3,39) width 47: "custom"
                        text run at (3,57) width 97: "WidgetMaster!"
            LayoutTableCell {TD} at (453,64) size 169x22 [r=1 c=2 rs=1 cs=1]
              LayoutTable {TABLE} at (0,0) size 28x22 [border: (1px outset #808080)]
                LayoutTableSection {TBODY} at (1,1) size 26x20
                  LayoutTableRow {TR} at (0,0) size 26x20
                    LayoutTableCell {TD} at (0,0) size 26x20 [border: (1px inset #808080)] [r=0 c=0 rs=1 cs=1]
                      LayoutText {#text} at (1,1) size 24x18
                        text run at (1,1) width 24: "cell"
