layer at (0,0) size 800x600
  LayoutView at (0,0) size 800x600
layer at (0,0) size 800x600
  LayoutBlockFlow {HTML} at (0,0) size 800x600
    LayoutBlockFlow {BODY} at (8,8) size 784x584
      LayoutBlockFlow {P} at (0,0) size 784x0
        LayoutInline {SH} at (0,0) size 0x0
          LayoutInline {SH} at (0,0) size 0x0
            LayoutText {#text} at (0,0) size 0x0
      LayoutBlockFlow {P} at (0,0) size 784x18
        LayoutText {#text} at (0,0) size 15x18
          text run at (0,0) width 15: "M"
      LayoutBlockFlow {P} at (0,34) size 784x40
        LayoutImage {IMG} at (0,0) size 126x40
        LayoutText {#text} at (0,0) size 0x0
      LayoutTable {TABLE} at (0,90) size 2x2 [border: (1px outset #808080)]
