layer at (0,0) size 800x600
  LayoutView at (0,0) size 800x600
layer at (0,0) size 800x600
  LayoutBlockFlow {HTML} at (0,0) size 800x600
    LayoutBlockFlow {BODY} at (8,8) size 784x576
      LayoutBlockFlow {FORM} at (0,0) size 784x298
        LayoutTable {TABLE} at (0,0) size 784x298 [border: (1px outset #808080)]
          LayoutTableSection {TBODY} at (1,1) size 782x296
            LayoutTableRow {TR} at (0,2) size 782x22
              LayoutTableCell {TH} at (2,2) size 20x22 [border: (1px inset #808080)] [r=0 c=0 rs=1 cs=1]
                LayoutText {#text} at (6,2) size 8x18
                  text run at (6,2) width 8: "#"
              LayoutTableCell {TH} at (24,2) size 74x22 [border: (1px inset #808080)] [r=0 c=1 rs=1 cs=1]
                LayoutText {#text} at (2,2) size 70x18
                  text run at (2,2) width 70: "Relevance"
              LayoutTableCell {TH} at (100,2) size 529x22 [border: (1px inset #808080)] [r=0 c=2 rs=1 cs=1]
                LayoutText {#text} at (228,2) size 73x18
                  text run at (228,2) width 73: "Title Long"
              LayoutTableCell {TH} at (631,2) size 109x22 [border: (1px inset #808080)] [r=0 c=3 rs=1 cs=1]
                LayoutText {#text} at (29,2) size 51x18
                  text run at (29,2) width 51: "Author"
              LayoutTableCell {TH} at (742,2) size 36x22 [border: (1px inset #808080)] [r=0 c=4 rs=1 cs=1]
                LayoutText {#text} at (2,2) size 32x18
                  text run at (2,2) width 32: "Date"
            LayoutTableRow {TR} at (0,26) size 782x40
              LayoutTableCell {TD} at (2,50) size 20x22 [border: (1px inset #808080)] [r=1 c=0 rs=2 cs=1]
                LayoutText {#text} at (2,2) size 16x18
                  text run at (2,2) width 16: " 1 "
              LayoutTableCell {TD} at (24,50) size 74x22 [border: (1px inset #808080)] [r=1 c=1 rs=2 cs=1]
                LayoutText {#text} at (2,2) size 16x18
                  text run at (2,2) width 16: "**"
              LayoutTableCell {TD} at (100,26) size 529x40 [border: (1px inset #808080)] [r=1 c=2 rs=1 cs=1]
                LayoutText {#text} at (2,2) size 486x36
                  text run at (2,2) width 486: "UNIX and Windows 2000 integration toolkit : a complete guide for systems"
                  text run at (2,20) width 182: "administrators / Rawn Shah."
              LayoutTableCell {TD} at (631,35) size 109x22 [border: (1px inset #808080)] [r=1 c=3 rs=1 cs=1]
                LayoutText {#text} at (2,2) size 82x18
                  text run at (2,2) width 82: "Shah, Rawn."
              LayoutTableCell {TD} at (742,35) size 36x22 [border: (1px inset #808080)] [r=1 c=4 rs=1 cs=1]
                LayoutText {#text} at (2,2) size 32x18
                  text run at (2,2) width 32: "2000"
            LayoutTableRow {TR} at (0,68) size 782x28
              LayoutTableCell {TD} at (100,68) size 680x28 [border: (1px inset #808080)] [r=2 c=2 rs=1 cs=4]
                LayoutTable {TABLE} at (2,2) size 676x24
                  LayoutTableSection {TBODY} at (0,0) size 676x24
                    LayoutTableRow {TR} at (0,2) size 676x20
                      LayoutTableCell {TD} at (2,2) size 672x20 [r=0 c=0 rs=1 cs=1]
                        LayoutText {#text} at (1,1) size 172x18
                          text run at (1,1) width 172: "Title has multiple holdings"
            LayoutTableRow {TR} at (0,98) size 782x40
              LayoutTableCell {TD} at (2,122) size 20x22 [border: (1px inset #808080)] [r=3 c=0 rs=2 cs=1]
                LayoutText {#text} at (2,2) size 16x18
                  text run at (2,2) width 16: " 2 "
              LayoutTableCell {TD} at (24,122) size 74x22 [border: (1px inset #808080)] [r=3 c=1 rs=2 cs=1]
                LayoutText {#text} at (2,2) size 16x18
                  text run at (2,2) width 16: "**"
              LayoutTableCell {TD} at (100,107) size 529x22 [border: (1px inset #808080)] [r=3 c=2 rs=1 cs=1]
                LayoutText {#text} at (2,2) size 258x18
                  text run at (2,2) width 258: "Learning Red Hat Linux / Bill McCarty."
              LayoutTableCell {TD} at (631,98) size 109x40 [border: (1px inset #808080)] [r=3 c=3 rs=1 cs=1]
                LayoutText {#text} at (2,2) size 92x36
                  text run at (2,2) width 92: "McCarty, Bill,"
                  text run at (2,20) width 38: "1953-"
              LayoutTableCell {TD} at (742,107) size 36x22 [border: (1px inset #808080)] [r=3 c=4 rs=1 cs=1]
                LayoutText {#text} at (2,2) size 32x18
                  text run at (2,2) width 32: "1999"
            LayoutTableRow {TR} at (0,140) size 782x28
              LayoutTableCell {TD} at (100,140) size 680x28 [border: (1px inset #808080)] [r=4 c=2 rs=1 cs=4]
                LayoutTable {TABLE} at (2,2) size 676x24
                  LayoutTableSection {TBODY} at (0,0) size 676x24
                    LayoutTableRow {TR} at (0,2) size 676x20
                      LayoutTableCell {TD} at (2,2) size 672x20 [r=0 c=0 rs=1 cs=1]
                        LayoutText {#text} at (1,1) size 172x18
                          text run at (1,1) width 172: "Title has multiple holdings"
            LayoutTableRow {TR} at (0,170) size 782x40
              LayoutTableCell {TD} at (2,194) size 20x22 [border: (1px inset #808080)] [r=5 c=0 rs=2 cs=1]
                LayoutText {#text} at (2,2) size 16x18
                  text run at (2,2) width 16: " 3 "
              LayoutTableCell {TD} at (24,194) size 74x22 [border: (1px inset #808080)] [r=5 c=1 rs=2 cs=1]
                LayoutText {#text} at (2,2) size 16x18
                  text run at (2,2) width 16: "**"
              LayoutTableCell {TD} at (100,179) size 529x22 [border: (1px inset #808080)] [r=5 c=2 rs=1 cs=1]
                LayoutText {#text} at (2,2) size 286x18
                  text run at (2,2) width 286: "Learning Debian GNU/Linux / Bill Mccarty."
              LayoutTableCell {TD} at (631,170) size 109x40 [border: (1px inset #808080)] [r=5 c=3 rs=1 cs=1]
                LayoutText {#text} at (2,2) size 92x36
                  text run at (2,2) width 92: "McCarty, Bill,"
                  text run at (2,20) width 38: "1953-"
              LayoutTableCell {TD} at (742,179) size 36x22 [border: (1px inset #808080)] [r=5 c=4 rs=1 cs=1]
                LayoutText {#text} at (2,2) size 32x18
                  text run at (2,2) width 32: "1999"
            LayoutTableRow {TR} at (0,212) size 782x28
              LayoutTableCell {TD} at (100,212) size 680x28 [border: (1px inset #808080)] [r=6 c=2 rs=1 cs=4]
                LayoutTable {TABLE} at (2,2) size 676x24
                  LayoutTableSection {TBODY} at (0,0) size 676x24
                    LayoutTableRow {TR} at (0,2) size 676x20
                      LayoutTableCell {TD} at (2,2) size 672x20 [r=0 c=0 rs=1 cs=1]
                        LayoutText {#text} at (1,1) size 172x18
                          text run at (1,1) width 172: "Title has multiple holdings"
            LayoutTableRow {TR} at (0,242) size 782x22
              LayoutTableCell {TD} at (2,257) size 20x22 [border: (1px inset #808080)] [r=7 c=0 rs=2 cs=1]
                LayoutText {#text} at (2,2) size 16x18
                  text run at (2,2) width 16: " 4 "
              LayoutTableCell {TD} at (24,257) size 74x22 [border: (1px inset #808080)] [r=7 c=1 rs=2 cs=1]
                LayoutText {#text} at (2,2) size 16x18
                  text run at (2,2) width 16: "**"
              LayoutTableCell {TD} at (100,242) size 529x22 [border: (1px inset #808080)] [r=7 c=2 rs=1 cs=1]
                LayoutText {#text} at (2,2) size 397x18
                  text run at (2,2) width 397: "Advanced Java networking / Dick Steflik, Prashant Sridharan."
              LayoutTableCell {TD} at (631,242) size 109x22 [border: (1px inset #808080)] [r=7 c=3 rs=1 cs=1]
                LayoutText {#text} at (2,2) size 85x18
                  text run at (2,2) width 85: "Steflik, Dick."
              LayoutTableCell {TD} at (742,242) size 36x22 [border: (1px inset #808080)] [r=7 c=4 rs=1 cs=1]
                LayoutText {#text} at (2,2) size 32x18
                  text run at (2,2) width 32: "2000"
            LayoutTableRow {TR} at (0,266) size 782x28
              LayoutTableCell {TD} at (100,266) size 680x28 [border: (1px inset #808080)] [r=8 c=2 rs=1 cs=4]
                LayoutTable {TABLE} at (2,2) size 676x24
                  LayoutTableSection {TBODY} at (0,0) size 676x24
                    LayoutTableRow {TR} at (0,2) size 676x20
                      LayoutTableCell {TD} at (2,2) size 672x20 [r=0 c=0 rs=1 cs=1]
                        LayoutText {#text} at (1,1) size 172x18
                          text run at (1,1) width 172: "Title has multiple holdings"
