layer at (0,0) size 800x600
  LayoutView at (0,0) size 800x600
layer at (0,0) size 800x600
  LayoutBlockFlow {HTML} at (0,0) size 800x600
    LayoutBlockFlow {BODY} at (8,8) size 784x576
      LayoutBlockFlow {FORM} at (0,0) size 784x100
        LayoutTable {TABLE} at (0,0) size 194x100 [border: (1px outset #808080)]
          LayoutTableSection {TBODY} at (1,1) size 192x98
            LayoutTableRow {TR} at (0,2) size 192x22
              LayoutTableCell {TD} at (2,14) size 12x22 [border: (1px inset #808080)] [r=0 c=0 rs=2 cs=1]
                LayoutText {#text} at (2,2) size 8x18
                  text run at (2,2) width 8: "5"
              LayoutTableCell {TD} at (16,14) size 20x22 [border: (1px inset #808080)] [r=0 c=1 rs=2 cs=1]
                LayoutText {#text} at (2,2) size 16x18
                  text run at (2,2) width 16: "**"
              LayoutTableCell {TD} at (38,2) size 97x22 [border: (1px inset #808080)] [r=0 c=2 rs=1 cs=1]
                LayoutText {#text} at (2,2) size 85x18
                  text run at (2,2) width 85: "Text text text"
              LayoutTableCell {TD} at (137,2) size 8x22 [border: (1px inset #808080)] [r=0 c=3 rs=1 cs=1]
                LayoutText {#text} at (2,2) size 4x18
                  text run at (2,2) width 4: " "
              LayoutTableCell {TD} at (147,2) size 41x22 [border: (1px inset #808080)] [r=0 c=4 rs=1 cs=1]
                LayoutText {#text} at (2,2) size 32x18
                  text run at (2,2) width 32: "1970"
            LayoutTableRow {TR} at (0,26) size 192x22
              LayoutTableCell {TD} at (38,26) size 152x22 [border: (1px inset #808080)] [r=1 c=2 rs=1 cs=4]
                LayoutText {#text} at (2,2) size 148x18
                  text run at (2,2) width 148: "No Holdings Available"
            LayoutTableRow {TR} at (0,50) size 192x22
              LayoutTableCell {TD} at (2,62) size 12x22 [border: (1px inset #808080)] [r=2 c=0 rs=2 cs=1]
                LayoutText {#text} at (2,2) size 8x18
                  text run at (2,2) width 8: "6"
              LayoutTableCell {TD} at (16,62) size 20x22 [border: (1px inset #808080)] [r=2 c=1 rs=2 cs=1]
                LayoutText {#text} at (2,2) size 16x18
                  text run at (2,2) width 16: "**"
              LayoutTableCell {TD} at (38,50) size 97x22 [border: (1px inset #808080)] [r=2 c=2 rs=1 cs=1]
                LayoutText {#text} at (2,2) size 85x18
                  text run at (2,2) width 85: "Text text text"
              LayoutTableCell {TD} at (137,50) size 8x22 [border: (1px inset #808080)] [r=2 c=3 rs=1 cs=1]
                LayoutText {#text} at (2,2) size 4x18
                  text run at (2,2) width 4: " "
              LayoutTableCell {TD} at (147,50) size 41x22 [border: (1px inset #808080)] [r=2 c=4 rs=1 cs=1]
                LayoutText {#text} at (2,2) size 32x18
                  text run at (2,2) width 32: "1970"
            LayoutTableRow {TR} at (0,74) size 192x22
              LayoutTableCell {TD} at (38,74) size 152x22 [border: (1px inset #808080)] [r=3 c=2 rs=1 cs=4]
                LayoutText {#text} at (2,2) size 148x18
                  text run at (2,2) width 148: "No Holdings Available"
