layer at (0,0) size 800x600
  LayoutView at (0,0) size 800x600
layer at (0,0) size 800x600
  LayoutBlockFlow {HTML} at (0,0) size 800x600
    LayoutBlockFlow {BODY} at (8,8) size 784x584
      LayoutTable {TABLE} at (0,0) size 99x58
        LayoutTableSection {TBODY} at (0,0) size 99x58
          LayoutTableRow {TR} at (0,2) size 99x54
            LayoutTableCell {TD} at (2,2) size 95x54 [r=0 c=0 rs=1 cs=1]
              LayoutBlockFlow {DIV} at (1,1) size 93x52
                LayoutBlockFlow {P} at (0,0) size 93x18
                  LayoutText {#text} at (0,0) size 92x18
                    text run at (0,0) width 92: "Paragraph one"
                LayoutBlockFlow {P} at (0,34) size 93x18
                  LayoutText {#text} at (0,0) size 93x18
                    text run at (0,0) width 93: "Paragraph two"
