layer at (0,0) size 800x600
  LayoutView at (0,0) size 800x600
layer at (0,0) size 800x600
  LayoutBlockFlow {HTML} at (0,0) size 800x600
    LayoutBlockFlow {BODY} at (8,8) size 784x584
      LayoutTable {TABLE} at (0,0) size 252x150 [border: (1px outset #808080)]
        LayoutTableSection {TBODY} at (1,1) size 250x148
          LayoutTableRow {TR} at (0,2) size 250x52
            LayoutTableCell {TD} at (2,2) size 246x51.91 [border: (1px inset #808080)] [r=0 c=0 rs=1 cs=2]
              LayoutBlockFlow {H2} at (2,2) size 242x28
                LayoutText {#text} at (0,0) size 174x28
                  text run at (0,0) width 174: "Personal Friends"
          LayoutTableRow {TR} at (0,56) size 250x90
            LayoutTableCell {TD} at (2,56) size 187x90 [border: (1px inset #808080)] [r=1 c=0 rs=1 cs=1]
              LayoutBlockFlow (anonymous) at (2,2) size 183x0
                LayoutInline {FONT} at (0,0) size 0x0
                LayoutText {#text} at (0,0) size 0x0
              LayoutBlockFlow {P} at (2,2) size 183x18
                LayoutText {#text} at (0,0) size 183x18
                  text run at (0,0) width 183: "Alisha - Password-Protected"
              LayoutBlockFlow {P} at (2,36) size 183x18
                LayoutText {#text} at (0,0) size 47x18
                  text run at (0,0) width 47: "Arlesia"
              LayoutBlockFlow {P} at (2,70) size 183x18
                LayoutText {#text} at (0,0) size 37x18
                  text run at (0,0) width 37: "Asale"
            LayoutTableCell {TD} at (191,56) size 57x90 [border: (1px inset #808080)] [r=1 c=1 rs=1 cs=1]
              LayoutBlockFlow {P} at (2,2) size 53x18
                LayoutText {#text} at (0,0) size 35x18
                  text run at (0,0) width 35: "Ernie"
              LayoutBlockFlow {P} at (2,36) size 53x18
                LayoutText {#text} at (0,0) size 53x18
                  text run at (0,0) width 53: "Melanie"
              LayoutBlockFlow {P} at (2,70) size 53x18
                LayoutText {#text} at (0,0) size 48x18
                  text run at (0,0) width 48: "Tamara"
