layer at (0,0) size 800x600
  LayoutView at (0,0) size 800x600
layer at (0,0) size 800x600
  LayoutBlockFlow {HTML} at (0,0) size 800x600
    LayoutBlockFlow {BODY} at (8,8) size 784x584 [bgcolor=#FFCC00]
      LayoutTable {TABLE} at (0,0) size 600x22 [border: (1px outset #808080)]
        LayoutTableSection {TBODY} at (1,1) size 598x20
          LayoutTableRow {TR} at (0,0) size 598x20
            LayoutTableCell {TD} at (0,0) size 132x20 [border: (1px inset #808080)] [r=0 c=0 rs=1 cs=1]
              LayoutInline {B} at (0,0) size 96x18
                LayoutText {#text} at (1,1) size 96x18
                  text run at (1,1) width 96: "MERCHANT"
            LayoutTableCell {TD} at (132,8) size 5x3 [border: (1px inset #808080)] [r=0 c=1 rs=1 cs=1]
              LayoutBlockFlow {IMG} at (1,1) size 1x1
            LayoutTableCell {TD} at (137,0) size 304x20 [border: (1px inset #808080)] [r=0 c=2 rs=1 cs=1]
              LayoutInline {B} at (0,0) size 112x18
                LayoutText {#text} at (96,1) size 112x18
                  text run at (96,1) width 112: "DESCRIPTION"
            LayoutTableCell {TD} at (441,8) size 5x3 [border: (1px inset #808080)] [r=0 c=3 rs=1 cs=1]
              LayoutBlockFlow {IMG} at (1,1) size 1x1
            LayoutTableCell {TD} at (446,0) size 78x20 [border: (1px inset #808080)] [r=0 c=4 rs=1 cs=1]
              LayoutInline {B} at (0,0) size 50x18
                LayoutText {#text} at (27,1) size 50x18
                  text run at (27,1) width 50: "PRICE"
            LayoutTableCell {TD} at (524,8) size 5x3 [border: (1px inset #808080)] [r=0 c=5 rs=1 cs=1]
              LayoutBlockFlow {IMG} at (1,1) size 1x1
            LayoutTableCell {TD} at (529,0) size 69x20 [border: (1px inset #808080)] [r=0 c=6 rs=1 cs=1]
              LayoutInline {B} at (0,0) size 41x18
                LayoutText {#text} at (14,1) size 41x18
                  text run at (14,1) width 41: "INFO"
      LayoutTable {TABLE} at (0,22) size 600x25 [border: (1px outset #808080)]
        LayoutTableSection {TBODY} at (1,1) size 598x23
          LayoutTableRow {TR} at (0,0) size 598x20
            LayoutTableCell {TD} at (0,1) size 132x17 [border: (1px inset #808080)] [r=0 c=0 rs=1 cs=1]
              LayoutInline {FONT} at (0,0) size 92x15
                LayoutText {#text} at (1,1) size 92x15
                  text run at (1,1) width 92: "American Starlex"
            LayoutTableCell {TD} at (132,8) size 5x3 [border: (1px inset #808080)] [r=0 c=1 rs=1 cs=1]
              LayoutBlockFlow {IMG} at (1,1) size 1x1
            LayoutTableCell {TD} at (137,1) size 304x17 [border: (1px inset #808080)] [r=0 c=2 rs=1 cs=1]
              LayoutInline {FONT} at (0,0) size 243x15
                LayoutText {#text} at (1,1) size 243x15
                  text run at (1,1) width 243: "Digital_Cameras DC200 New|In stock; Kodak"
            LayoutTableCell {TD} at (441,8) size 5x3 [border: (1px inset #808080)] [r=0 c=3 rs=1 cs=1]
              LayoutBlockFlow {IMG} at (1,1) size 1x1
            LayoutTableCell {TD} at (446,1) size 78x17 [border: (1px inset #808080)] [r=0 c=4 rs=1 cs=1]
              LayoutInline {FONT} at (0,0) size 43x15
                LayoutText {#text} at (34,1) size 43x15
                  text run at (34,1) width 43: "$270.00"
            LayoutTableCell {TD} at (524,8) size 5x3 [border: (1px inset #808080)] [r=0 c=5 rs=1 cs=1]
              LayoutBlockFlow {IMG} at (1,1) size 1x1
            LayoutTableCell {TD} at (529,0) size 69x20 [border: (1px inset #808080)] [r=0 c=6 rs=1 cs=1]
              LayoutText {#text} at (17,1) size 35x18
                text run at (17,1) width 35: "More"
          LayoutTableRow {TR} at (0,20) size 598x3
            LayoutTableCell {TD} at (0,20) size 598x3 [bgcolor=#000000] [border: (1px inset #808080)] [r=1 c=0 rs=1 cs=8]
              LayoutBlockFlow {IMG} at (1,1) size 1x1
layer at (142,18) size 4x4 clip at (143,19) size 2x2
  LayoutBlockFlow {DIV} at (0,0) size 4x4 [border: (1px solid #C0C0C0)]
layer at (144,20) size 0x0
  LayoutBlockFlow {DIV} at (2,2) size 0x0
layer at (451,18) size 4x4 clip at (452,19) size 2x2
  LayoutBlockFlow {DIV} at (0,0) size 4x4 [border: (1px solid #C0C0C0)]
layer at (453,20) size 0x0
  LayoutBlockFlow {DIV} at (2,2) size 0x0
layer at (534,18) size 4x4 clip at (535,19) size 2x2
  LayoutBlockFlow {DIV} at (0,0) size 4x4 [border: (1px solid #C0C0C0)]
layer at (536,20) size 0x0
  LayoutBlockFlow {DIV} at (2,2) size 0x0
layer at (142,40) size 4x4 clip at (143,41) size 2x2
  LayoutBlockFlow {DIV} at (0,0) size 4x4 [border: (1px solid #C0C0C0)]
layer at (144,42) size 0x0
  LayoutBlockFlow {DIV} at (2,2) size 0x0
layer at (451,40) size 4x4 clip at (452,41) size 2x2
  LayoutBlockFlow {DIV} at (0,0) size 4x4 [border: (1px solid #C0C0C0)]
layer at (453,42) size 0x0
  LayoutBlockFlow {DIV} at (2,2) size 0x0
layer at (534,40) size 4x4 clip at (535,41) size 2x2
  LayoutBlockFlow {DIV} at (0,0) size 4x4 [border: (1px solid #C0C0C0)]
layer at (536,42) size 0x0
  LayoutBlockFlow {DIV} at (2,2) size 0x0
layer at (10,52) size 4x4 clip at (11,53) size 2x2
  LayoutBlockFlow {DIV} at (0,0) size 4x4 [border: (1px solid #C0C0C0)]
layer at (12,54) size 0x0
  LayoutBlockFlow {DIV} at (2,2) size 0x0
