layer at (0,0) size 800x600
  LayoutView at (0,0) size 800x600
layer at (0,0) size 800x600
  LayoutBlockFlow {HTML} at (0,0) size 800x600
    LayoutBlockFlow {BODY} at (8,8) size 784x584
      LayoutBlockFlow (anonymous) at (0,0) size 784x18
        LayoutText {#text} at (0,0) size 441x18
          text run at (0,0) width 441: "If the font size is too big for the inside table, it is probably bug 6925."
      LayoutTable {TABLE} at (0,18) size 110x51 [border: (1px outset #808080)]
        LayoutTableSection {TBODY} at (1,1) size 108x49
          LayoutTableRow {TR} at (0,2) size 108x45
            LayoutTableCell {TD} at (2,2) size 104x45 [border: (1px inset #808080)] [r=0 c=0 rs=1 cs=1]
              LayoutBlockFlow {CENTER} at (2,2) size 100x41
                LayoutTable {TABLE} at (0,0) size 100x23 [border: (1px outset #808080)]
                  LayoutTableSection {TBODY} at (1,1) size 98x21
                    LayoutTableRow {TR} at (0,2) size 98x17
                      LayoutTableCell {TD} at (2,2) size 94x17 [border: (1px inset #808080)] [r=0 c=0 rs=1 cs=1]
                        LayoutBlockFlow (anonymous) at (2,2) size 90x0
                          LayoutInline {FONT} at (0,0) size 0x0
                            LayoutText {#text} at (0,0) size 0x0
                        LayoutBlockFlow {CENTER} at (2,2) size 90x13
                          LayoutInline {FONT} at (0,0) size 24x13
                            LayoutText {#text} at (33,0) size 24x13
                              text run at (33,0) width 24: "inside"
                          LayoutText {#text} at (0,0) size 0x0
                LayoutBlockFlow (anonymous) at (0,23) size 100x18
                  LayoutText {#text} at (9,0) size 82x18
                    text run at (9,0) width 82: "outside table"
