layer at (0,0) size 800x600
  LayoutView at (0,0) size 800x600
layer at (0,0) size 800x600
  LayoutBlockFlow {HTML} at (0,0) size 800x600
    LayoutBlockFlow {BODY} at (8,8) size 784x584
      LayoutTable {TABLE} at (0,0) size 235x284
        LayoutTableSection {TBODY} at (0,0) size 235x284
          LayoutTableRow {TR} at (0,2) size 235x128
            LayoutTableCell {TD} at (2,2) size 231x128 [r=0 c=0 rs=1 cs=1]
              LayoutBlockFlow (anonymous) at (1,1) size 229x54
                LayoutText {#text} at (0,0) size 229x18
                  text run at (0,0) width 229: "This cell has the nowrap parameter "
                LayoutBR {BR} at (228,14) size 1x0
                LayoutBR {BR} at (0,18) size 0x18
                LayoutText {#text} at (0,36) size 32x18
                  text run at (0,36) width 32: "<hr>"
              LayoutBlockFlow {HR} at (1,63) size 229x2 [border: (1px inset #EEEEEE)]
              LayoutBlockFlow (anonymous) at (1,73) size 229x36
                LayoutBR {BR} at (0,0) size 0x18
                LayoutText {#text} at (0,18) size 97x18
                  text run at (0,18) width 97: "<hr width=30>"
              LayoutBlockFlow {HR} at (99.50,117) size 32x2 [border: (1px inset #EEEEEE)]
          LayoutTableRow {TR} at (0,132) size 235x20
            LayoutTableCell {TD} at (2,132) size 231x20 [bgcolor=#CCCCCC] [r=1 c=0 rs=1 cs=1]
              LayoutText {#text} at (1,1) size 4x18
                text run at (1,1) width 4: " "
          LayoutTableRow {TR} at (0,154) size 235x128
            LayoutTableCell {TD} at (2,154) size 231x128 [r=2 c=0 rs=1 cs=1]
              LayoutBlockFlow (anonymous) at (1,1) size 229x54
                LayoutText {#text} at (0,0) size 109x18
                  text run at (0,0) width 109: "This cell doesn't "
                LayoutBR {BR} at (108,14) size 1x0
                LayoutBR {BR} at (0,18) size 0x18
                LayoutText {#text} at (0,36) size 32x18
                  text run at (0,36) width 32: "<hr>"
              LayoutBlockFlow {HR} at (1,63) size 229x2 [border: (1px inset #EEEEEE)]
              LayoutBlockFlow (anonymous) at (1,73) size 229x36
                LayoutBR {BR} at (0,0) size 0x18
                LayoutText {#text} at (0,18) size 97x18
                  text run at (0,18) width 97: "<hr width=30>"
              LayoutBlockFlow {HR} at (99.50,117) size 32x2 [border: (1px inset #EEEEEE)]
