layer at (0,0) size 800x600 clip at (0,0) size 785x600 scrollHeight 3212
  LayoutView at (0,0) size 800x600
layer at (0,0) size 785x3212 backgroundClip at (0,0) size 785x600 clip at (0,0) size 785x600
  LayoutBlockFlow {HTML} at (0,0) size 785x3212
    LayoutBlockFlow {BODY} at (8,8) size 769x3196
      LayoutTable {TABLE} at (0,0) size 769x3196 [border: (1px outset #808080)]
        LayoutTableSection {TBODY} at (1,1) size 767x3194
          LayoutTableRow {TR} at (0,2) size 767x166
            LayoutTableCell {TD} at (2,65) size 37x40 [border: (1px inset #808080)] [r=0 c=0 rs=1 cs=1]
              LayoutText {#text} at (12,11) size 13x18
                text run at (12,11) width 13: "A"
            LayoutTableCell {TD} at (41,61) size 427x47 [border: (1px inset #808080)] [r=0 c=1 rs=1 cs=1]
              LayoutImage {IMG} at (175.50,11) size 76x25
            LayoutTableCell {TD} at (470,2) size 295x166 [border: (1px inset #808080)] [r=0 c=2 rs=1 cs=1]
              LayoutText {#text} at (18,11) size 259x144
                text run at (18,11) width 259: "test test test test test test test test test test"
                text run at (18,29) width 132: "test test test test test "
                text run at (149,29) width 128: "test test test test test"
                text run at (18,47) width 259: "test test test test test test test test test test"
                text run at (18,65) width 259: "test test test test test test test test test test"
                text run at (18,83) width 132: "test test test test test "
                text run at (149,83) width 128: "test test test test test"
                text run at (18,101) width 259: "test test test test test test test test test test"
                text run at (18,119) width 259: "test test test test test test test test test test"
                text run at (83,137) width 129: "test test test test test"
          LayoutTableRow {TR} at (0,170) size 767x166
            LayoutTableCell {TD} at (2,233) size 37x40 [border: (1px inset #808080)] [r=1 c=0 rs=1 cs=1]
              LayoutText {#text} at (13,11) size 11x18
                text run at (13,11) width 11: "B"
            LayoutTableCell {TD} at (41,221) size 427x64 [border: (1px inset #808080)] [r=1 c=1 rs=1 cs=1]
              LayoutImage {IMG} at (198.50,11) size 30x42
            LayoutTableCell {TD} at (470,170) size 295x166 [border: (1px inset #808080)] [r=1 c=2 rs=1 cs=1]
              LayoutText {#text} at (18,11) size 259x144
                text run at (18,11) width 259: "test test test test test test test test test test"
                text run at (18,29) width 132: "test test test test test "
                text run at (149,29) width 128: "test test test test test"
                text run at (18,47) width 259: "test test test test test test test test test test"
                text run at (18,65) width 259: "test test test test test test test test test test"
                text run at (18,83) width 132: "test test test test test "
                text run at (149,83) width 128: "test test test test test"
                text run at (18,101) width 259: "test test test test test test test test test test"
                text run at (18,119) width 259: "test test test test test test test test test test"
                text run at (83,137) width 129: "test test test test test"
          LayoutTableRow {TR} at (0,338) size 767x166
            LayoutTableCell {TD} at (2,401) size 37x40 [border: (1px inset #808080)] [r=2 c=0 rs=1 cs=1]
              LayoutText {#text} at (13,11) size 11x18
                text run at (13,11) width 11: "C"
            LayoutTableCell {TD} at (41,341) size 427x160 [border: (1px inset #808080)] [r=2 c=1 rs=1 cs=1]
              LayoutImage {IMG} at (103.50,11) size 220x138
            LayoutTableCell {TD} at (470,338) size 295x166 [border: (1px inset #808080)] [r=2 c=2 rs=1 cs=1]
              LayoutText {#text} at (18,11) size 259x144
                text run at (18,11) width 259: "test test test test test test test test test test"
                text run at (18,29) width 132: "test test test test test "
                text run at (149,29) width 128: "test test test test test"
                text run at (18,47) width 259: "test test test test test test test test test test"
                text run at (18,65) width 259: "test test test test test test test test test test"
                text run at (18,83) width 132: "test test test test test "
                text run at (149,83) width 128: "test test test test test"
                text run at (18,101) width 259: "test test test test test test test test test test"
                text run at (18,119) width 259: "test test test test test test test test test test"
                text run at (83,137) width 129: "test test test test test"
          LayoutTableRow {TR} at (0,506) size 767x166
            LayoutTableCell {TD} at (2,569) size 37x40 [border: (1px inset #808080)] [r=3 c=0 rs=1 cs=1]
              LayoutText {#text} at (12,11) size 13x18
                text run at (12,11) width 13: "D"
            LayoutTableCell {TD} at (41,535) size 427x107 [border: (1px inset #808080)] [r=3 c=1 rs=1 cs=1]
              LayoutImage {IMG} at (113.50,11) size 200x85
            LayoutTableCell {TD} at (470,506) size 295x166 [border: (1px inset #808080)] [r=3 c=2 rs=1 cs=1]
              LayoutText {#text} at (18,11) size 259x144
                text run at (18,11) width 259: "test test test test test test test test test test"
                text run at (18,29) width 132: "test test test test test "
                text run at (149,29) width 128: "test test test test test"
                text run at (18,47) width 259: "test test test test test test test test test test"
                text run at (18,65) width 259: "test test test test test test test test test test"
                text run at (18,83) width 132: "test test test test test "
                text run at (149,83) width 128: "test test test test test"
                text run at (18,101) width 259: "test test test test test test test test test test"
                text run at (18,119) width 259: "test test test test test test test test test test"
                text run at (83,137) width 129: "test test test test test"
          LayoutTableRow {TR} at (0,674) size 767x166
            LayoutTableCell {TD} at (2,737) size 37x40 [border: (1px inset #808080)] [r=4 c=0 rs=1 cs=1]
              LayoutText {#text} at (13,11) size 11x18
                text run at (13,11) width 11: "E"
            LayoutTableCell {TD} at (41,721) size 427x72 [border: (1px inset #808080)] [r=4 c=1 rs=1 cs=1]
              LayoutImage {IMG} at (186.50,11) size 54x50
            LayoutTableCell {TD} at (470,674) size 295x166 [border: (1px inset #808080)] [r=4 c=2 rs=1 cs=1]
              LayoutText {#text} at (18,11) size 259x144
                text run at (18,11) width 259: "test test test test test test test test test test"
                text run at (18,29) width 132: "test test test test test "
                text run at (149,29) width 128: "test test test test test"
                text run at (18,47) width 259: "test test test test test test test test test test"
                text run at (18,65) width 259: "test test test test test test test test test test"
                text run at (18,83) width 132: "test test test test test "
                text run at (149,83) width 128: "test test test test test"
                text run at (18,101) width 259: "test test test test test test test test test test"
                text run at (18,119) width 259: "test test test test test test test test test test"
                text run at (83,137) width 129: "test test test test test"
          LayoutTableRow {TR} at (0,842) size 767x166
            LayoutTableCell {TD} at (2,905) size 37x40 [border: (1px inset #808080)] [r=5 c=0 rs=1 cs=1]
              LayoutText {#text} at (14,11) size 9x18
                text run at (14,11) width 9: "F"
            LayoutTableCell {TD} at (41,889) size 427x72 [border: (1px inset #808080)] [r=5 c=1 rs=1 cs=1]
              LayoutImage {IMG} at (95,11) size 237x50
            LayoutTableCell {TD} at (470,842) size 295x166 [border: (1px inset #808080)] [r=5 c=2 rs=1 cs=1]
              LayoutText {#text} at (18,11) size 259x144
                text run at (18,11) width 259: "test test test test test test test test test test"
                text run at (18,29) width 132: "test test test test test "
                text run at (149,29) width 128: "test test test test test"
                text run at (18,47) width 259: "test test test test test test test test test test"
                text run at (18,65) width 259: "test test test test test test test test test test"
                text run at (18,83) width 132: "test test test test test "
                text run at (149,83) width 128: "test test test test test"
                text run at (18,101) width 259: "test test test test test test test test test test"
                text run at (18,119) width 259: "test test test test test test test test test test"
                text run at (83,137) width 129: "test test test test test"
          LayoutTableRow {TR} at (0,1010) size 767x166
            LayoutTableCell {TD} at (2,1073) size 37x40 [border: (1px inset #808080)] [r=6 c=0 rs=1 cs=1]
              LayoutText {#text} at (12,11) size 13x18
                text run at (12,11) width 13: "G"
            LayoutTableCell {TD} at (41,1050) size 427x85 [border: (1px inset #808080)] [r=6 c=1 rs=1 cs=1]
              LayoutImage {IMG} at (155.50,11) size 116x63
            LayoutTableCell {TD} at (470,1010) size 295x166 [border: (1px inset #808080)] [r=6 c=2 rs=1 cs=1]
              LayoutText {#text} at (18,11) size 259x144
                text run at (18,11) width 259: "test test test test test test test test test test"
                text run at (18,29) width 132: "test test test test test "
                text run at (149,29) width 128: "test test test test test"
                text run at (18,47) width 259: "test test test test test test test test test test"
                text run at (18,65) width 259: "test test test test test test test test test test"
                text run at (18,83) width 132: "test test test test test "
                text run at (149,83) width 128: "test test test test test"
                text run at (18,101) width 259: "test test test test test test test test test test"
                text run at (18,119) width 259: "test test test test test test test test test test"
                text run at (83,137) width 129: "test test test test test"
          LayoutTableRow {TR} at (0,1178) size 767x166
            LayoutTableCell {TD} at (2,1241) size 37x40 [border: (1px inset #808080)] [r=7 c=0 rs=1 cs=1]
              LayoutText {#text} at (12,11) size 13x18
                text run at (12,11) width 13: "H"
            LayoutTableCell {TD} at (41,1241) size 427x40 [border: (1px inset #808080)] [r=7 c=1 rs=1 cs=1]
              LayoutImage {IMG} at (200,11) size 27x18
            LayoutTableCell {TD} at (470,1178) size 295x166 [border: (1px inset #808080)] [r=7 c=2 rs=1 cs=1]
              LayoutText {#text} at (18,11) size 259x144
                text run at (18,11) width 259: "test test test test test test test test test test"
                text run at (18,29) width 132: "test test test test test "
                text run at (149,29) width 128: "test test test test test"
                text run at (18,47) width 259: "test test test test test test test test test test"
                text run at (18,65) width 259: "test test test test test test test test test test"
                text run at (18,83) width 132: "test test test test test "
                text run at (149,83) width 128: "test test test test test"
                text run at (18,101) width 259: "test test test test test test test test test test"
                text run at (18,119) width 259: "test test test test test test test test test test"
                text run at (83,137) width 129: "test test test test test"
          LayoutTableRow {TR} at (0,1346) size 767x166
            LayoutTableCell {TD} at (2,1409) size 37x40 [border: (1px inset #808080)] [r=8 c=0 rs=1 cs=1]
              LayoutText {#text} at (15,11) size 7x18
                text run at (15,11) width 7: "I"
            LayoutTableCell {TD} at (41,1387) size 427x83 [border: (1px inset #808080)] [r=8 c=1 rs=1 cs=1]
              LayoutImage {IMG} at (126,11) size 175x61
            LayoutTableCell {TD} at (470,1346) size 295x166 [border: (1px inset #808080)] [r=8 c=2 rs=1 cs=1]
              LayoutText {#text} at (18,11) size 259x144
                text run at (18,11) width 259: "test test test test test test test test test test"
                text run at (18,29) width 132: "test test test test test "
                text run at (149,29) width 128: "test test test test test"
                text run at (18,47) width 259: "test test test test test test test test test test"
                text run at (18,65) width 259: "test test test test test test test test test test"
                text run at (18,83) width 132: "test test test test test "
                text run at (149,83) width 128: "test test test test test"
                text run at (18,101) width 259: "test test test test test test test test test test"
                text run at (18,119) width 259: "test test test test test test test test test test"
                text run at (83,137) width 129: "test test test test test"
          LayoutTableRow {TR} at (0,1514) size 767x166
            LayoutTableCell {TD} at (2,1577) size 37x40 [border: (1px inset #808080)] [r=9 c=0 rs=1 cs=1]
              LayoutText {#text} at (15,11) size 7x18
                text run at (15,11) width 7: "J"
            LayoutTableCell {TD} at (41,1536) size 427x122 [border: (1px inset #808080)] [r=9 c=1 rs=1 cs=1]
              LayoutImage {IMG} at (11,11) size 405x100
            LayoutTableCell {TD} at (470,1514) size 295x166 [border: (1px inset #808080)] [r=9 c=2 rs=1 cs=1]
              LayoutText {#text} at (18,11) size 259x144
                text run at (18,11) width 259: "test test test test test test test test test test"
                text run at (18,29) width 132: "test test test test test "
                text run at (149,29) width 128: "test test test test test"
                text run at (18,47) width 259: "test test test test test test test test test test"
                text run at (18,65) width 259: "test test test test test test test test test test"
                text run at (18,83) width 132: "test test test test test "
                text run at (149,83) width 128: "test test test test test"
                text run at (18,101) width 259: "test test test test test test test test test test"
                text run at (18,119) width 259: "test test test test test test test test test test"
                text run at (83,137) width 129: "test test test test test"
          LayoutTableRow {TR} at (0,1682) size 767x166
            LayoutTableCell {TD} at (2,1745) size 37x40 [border: (1px inset #808080)] [r=10 c=0 rs=1 cs=1]
              LayoutText {#text} at (12,11) size 13x18
                text run at (12,11) width 13: "K"
            LayoutTableCell {TD} at (41,1729) size 427x72 [border: (1px inset #808080)] [r=10 c=1 rs=1 cs=1]
              LayoutImage {IMG} at (77.50,11) size 272x50
            LayoutTableCell {TD} at (470,1682) size 295x166 [border: (1px inset #808080)] [r=10 c=2 rs=1 cs=1]
              LayoutText {#text} at (18,11) size 259x144
                text run at (18,11) width 259: "test test test test test test test test test test"
                text run at (18,29) width 132: "test test test test test "
                text run at (149,29) width 128: "test test test test test"
                text run at (18,47) width 259: "test test test test test test test test test test"
                text run at (18,65) width 259: "test test test test test test test test test test"
                text run at (18,83) width 132: "test test test test test "
                text run at (149,83) width 128: "test test test test test"
                text run at (18,101) width 259: "test test test test test test test test test test"
                text run at (18,119) width 259: "test test test test test test test test test test"
                text run at (83,137) width 129: "test test test test test"
          LayoutTableRow {TR} at (0,1850) size 767x166
            LayoutTableCell {TD} at (2,1913) size 37x40 [border: (1px inset #808080)] [r=11 c=0 rs=1 cs=1]
              LayoutText {#text} at (12,11) size 13x18
                text run at (12,11) width 13: "K"
            LayoutTableCell {TD} at (41,1898) size 427x69 [border: (1px inset #808080)] [r=11 c=1 rs=1 cs=1]
              LayoutImage {IMG} at (168,11) size 91x47
            LayoutTableCell {TD} at (470,1850) size 295x166 [border: (1px inset #808080)] [r=11 c=2 rs=1 cs=1]
              LayoutText {#text} at (18,11) size 259x144
                text run at (18,11) width 259: "test test test test test test test test test test"
                text run at (18,29) width 132: "test test test test test "
                text run at (149,29) width 128: "test test test test test"
                text run at (18,47) width 259: "test test test test test test test test test test"
                text run at (18,65) width 259: "test test test test test test test test test test"
                text run at (18,83) width 132: "test test test test test "
                text run at (149,83) width 128: "test test test test test"
                text run at (18,101) width 259: "test test test test test test test test test test"
                text run at (18,119) width 259: "test test test test test test test test test test"
                text run at (83,137) width 129: "test test test test test"
          LayoutTableRow {TR} at (0,2018) size 767x166
            LayoutTableCell {TD} at (2,2081) size 37x40 [border: (1px inset #808080)] [r=12 c=0 rs=1 cs=1]
              LayoutText {#text} at (13,11) size 11x18
                text run at (13,11) width 11: "L"
            LayoutTableCell {TD} at (41,2057) size 427x88 [border: (1px inset #808080)] [r=12 c=1 rs=1 cs=1]
              LayoutImage {IMG} at (88.50,11) size 250x66
            LayoutTableCell {TD} at (470,2018) size 295x166 [border: (1px inset #808080)] [r=12 c=2 rs=1 cs=1]
              LayoutText {#text} at (18,11) size 259x144
                text run at (18,11) width 259: "test test test test test test test test test test"
                text run at (18,29) width 132: "test test test test test "
                text run at (149,29) width 128: "test test test test test"
                text run at (18,47) width 259: "test test test test test test test test test test"
                text run at (18,65) width 259: "test test test test test test test test test test"
                text run at (18,83) width 132: "test test test test test "
                text run at (149,83) width 128: "test test test test test"
                text run at (18,101) width 259: "test test test test test test test test test test"
                text run at (18,119) width 259: "test test test test test test test test test test"
                text run at (83,137) width 129: "test test test test test"
          LayoutTableRow {TR} at (0,2186) size 767x166
            LayoutTableCell {TD} at (2,2249) size 37x40 [border: (1px inset #808080)] [r=13 c=0 rs=1 cs=1]
              LayoutText {#text} at (11,11) size 15x18
                text run at (11,11) width 15: "M"
            LayoutTableCell {TD} at (41,2236) size 427x66 [border: (1px inset #808080)] [r=13 c=1 rs=1 cs=1]
              LayoutImage {IMG} at (163,11) size 101x44
            LayoutTableCell {TD} at (470,2186) size 295x166 [border: (1px inset #808080)] [r=13 c=2 rs=1 cs=1]
              LayoutText {#text} at (18,11) size 259x144
                text run at (18,11) width 259: "test test test test test test test test test test"
                text run at (18,29) width 132: "test test test test test "
                text run at (149,29) width 128: "test test test test test"
                text run at (18,47) width 259: "test test test test test test test test test test"
                text run at (18,65) width 259: "test test test test test test test test test test"
                text run at (18,83) width 132: "test test test test test "
                text run at (149,83) width 128: "test test test test test"
                text run at (18,101) width 259: "test test test test test test test test test test"
                text run at (18,119) width 259: "test test test test test test test test test test"
                text run at (83,137) width 129: "test test test test test"
          LayoutTableRow {TR} at (0,2354) size 767x166
            LayoutTableCell {TD} at (2,2417) size 37x40 [border: (1px inset #808080)] [r=14 c=0 rs=1 cs=1]
              LayoutText {#text} at (12,11) size 13x18
                text run at (12,11) width 13: "N"
            LayoutTableCell {TD} at (41,2419) size 427x35 [border: (1px inset #808080)] [r=14 c=1 rs=1 cs=1]
              LayoutImage {IMG} at (201,11) size 25x13
            LayoutTableCell {TD} at (470,2354) size 295x166 [border: (1px inset #808080)] [r=14 c=2 rs=1 cs=1]
              LayoutText {#text} at (18,11) size 259x144
                text run at (18,11) width 259: "test test test test test test test test test test"
                text run at (18,29) width 132: "test test test test test "
                text run at (149,29) width 128: "test test test test test"
                text run at (18,47) width 259: "test test test test test test test test test test"
                text run at (18,65) width 259: "test test test test test test test test test test"
                text run at (18,83) width 132: "test test test test test "
                text run at (149,83) width 128: "test test test test test"
                text run at (18,101) width 259: "test test test test test test test test test test"
                text run at (18,119) width 259: "test test test test test test test test test test"
                text run at (83,137) width 129: "test test test test test"
          LayoutTableRow {TR} at (0,2522) size 767x166
            LayoutTableCell {TD} at (2,2585) size 37x40 [border: (1px inset #808080)] [r=15 c=0 rs=1 cs=1]
              LayoutText {#text} at (12,11) size 13x18
                text run at (12,11) width 13: "O"
            LayoutTableCell {TD} at (41,2566) size 427x78 [border: (1px inset #808080)] [r=15 c=1 rs=1 cs=1]
              LayoutImage {IMG} at (87,11) size 253x56
            LayoutTableCell {TD} at (470,2522) size 295x166 [border: (1px inset #808080)] [r=15 c=2 rs=1 cs=1]
              LayoutText {#text} at (18,11) size 259x144
                text run at (18,11) width 259: "test test test test test test test test test test"
                text run at (18,29) width 132: "test test test test test "
                text run at (149,29) width 128: "test test test test test"
                text run at (18,47) width 259: "test test test test test test test test test test"
                text run at (18,65) width 259: "test test test test test test test test test test"
                text run at (18,83) width 132: "test test test test test "
                text run at (149,83) width 128: "test test test test test"
                text run at (18,101) width 259: "test test test test test test test test test test"
                text run at (18,119) width 259: "test test test test test test test test test test"
                text run at (83,137) width 129: "test test test test test"
          LayoutTableRow {TR} at (0,2690) size 767x166
            LayoutTableCell {TD} at (2,2753) size 37x40 [border: (1px inset #808080)] [r=16 c=0 rs=1 cs=1]
              LayoutText {#text} at (14,11) size 9x18
                text run at (14,11) width 9: "P"
            LayoutTableCell {TD} at (41,2721) size 427x103 [border: (1px inset #808080)] [r=16 c=1 rs=1 cs=1]
              LayoutImage {IMG} at (134,11) size 159x81
            LayoutTableCell {TD} at (470,2690) size 295x166 [border: (1px inset #808080)] [r=16 c=2 rs=1 cs=1]
              LayoutText {#text} at (18,11) size 259x144
                text run at (18,11) width 259: "test test test test test test test test test test"
                text run at (18,29) width 132: "test test test test test "
                text run at (149,29) width 128: "test test test test test"
                text run at (18,47) width 259: "test test test test test test test test test test"
                text run at (18,65) width 259: "test test test test test test test test test test"
                text run at (18,83) width 132: "test test test test test "
                text run at (149,83) width 128: "test test test test test"
                text run at (18,101) width 259: "test test test test test test test test test test"
                text run at (18,119) width 259: "test test test test test test test test test test"
                text run at (83,137) width 129: "test test test test test"
          LayoutTableRow {TR} at (0,2858) size 767x166
            LayoutTableCell {TD} at (2,2921) size 37x40 [border: (1px inset #808080)] [r=17 c=0 rs=1 cs=1]
              LayoutText {#text} at (12,11) size 13x18
                text run at (12,11) width 13: "Q"
            LayoutTableCell {TD} at (41,2876) size 427x130 [border: (1px inset #808080)] [r=17 c=1 rs=1 cs=1]
              LayoutImage {IMG} at (107,11) size 213x108
            LayoutTableCell {TD} at (470,2858) size 295x166 [border: (1px inset #808080)] [r=17 c=2 rs=1 cs=1]
              LayoutText {#text} at (18,11) size 259x144
                text run at (18,11) width 259: "test test test test test test test test test test"
                text run at (18,29) width 132: "test test test test test "
                text run at (149,29) width 128: "test test test test test"
                text run at (18,47) width 259: "test test test test test test test test test test"
                text run at (18,65) width 259: "test test test test test test test test test test"
                text run at (18,83) width 132: "test test test test test "
                text run at (149,83) width 128: "test test test test test"
                text run at (18,101) width 259: "test test test test test test test test test test"
                text run at (18,119) width 259: "test test test test test test test test test test"
                text run at (83,137) width 129: "test test test test test"
          LayoutTableRow {TR} at (0,3026) size 767x166
            LayoutTableCell {TD} at (2,3089) size 37x40 [border: (1px inset #808080)] [r=18 c=0 rs=1 cs=1]
              LayoutText {#text} at (13,11) size 11x18
                text run at (13,11) width 11: "R"
            LayoutTableCell {TD} at (41,3033) size 427x152 [border: (1px inset #808080)] [r=18 c=1 rs=1 cs=1]
              LayoutImage {IMG} at (41.50,11) size 344x130
            LayoutTableCell {TD} at (470,3026) size 295x166 [border: (1px inset #808080)] [r=18 c=2 rs=1 cs=1]
              LayoutText {#text} at (18,11) size 259x144
                text run at (18,11) width 259: "test test test test test test test test test test"
                text run at (18,29) width 132: "test test test test test "
                text run at (149,29) width 128: "test test test test test"
                text run at (18,47) width 259: "test test test test test test test test test test"
                text run at (18,65) width 259: "test test test test test test test test test test"
                text run at (18,83) width 132: "test test test test test "
                text run at (149,83) width 128: "test test test test test"
                text run at (18,101) width 259: "test test test test test test test test test test"
                text run at (18,119) width 259: "test test test test test test test test test test"
                text run at (83,137) width 129: "test test test test test"
