layer at (0,0) size 800x600 scrollWidth 1012
  LayoutView at (0,0) size 800x600
layer at (0,0) size 800x600
  LayoutBlockFlow {HTML} at (0,0) size 800x600
    LayoutBlockFlow {BODY} at (8,8) size 784x584
      LayoutBlockFlow {HR} at (0,0) size 1004x4 [border: (2px solid #000000)]
      LayoutBlockFlow (anonymous) at (0,12) size 784x18
        LayoutBR {BR} at (0,0) size 0x18
      LayoutTable {TABLE} at (0,30) size 642x217
        LayoutTableSection {TBODY} at (0,0) size 642x217
          LayoutTableRow {TR} at (0,0) size 642x27
            LayoutTableCell {TD} at (0,0) size 642x27 [r=0 c=0 rs=1 cs=3]
              LayoutImage {IMG} at (0,0) size 642x27 [border: (1px solid #000000)]
          LayoutTableRow {TR} at (0,27) size 642x190
            LayoutTableCell {TD} at (0,82) size 150x80 [r=1 c=0 rs=1 cs=1]
              LayoutImage {IMG} at (0,0) size 102x80 [border: (1px solid #000000)]
              LayoutText {#text} at (0,0) size 0x0
            LayoutTableCell {TD} at (150,121) size 67x1 [r=1 c=1 rs=1 cs=1]
              LayoutImage {IMG} at (0,0) size 40x1
            LayoutTableCell {TD} at (217,27) size 425x190 [r=1 c=2 rs=1 cs=1]
              LayoutImage {IMG} at (0,0) size 252x172 [border: (1px solid #000000)]
              LayoutBR {BR} at (252,172) size 0x0
              LayoutText {#text} at (0,172) size 76x18
                text run at (0,172) width 76: "Click Here!"
