layer at (0,0) size 800x600 clip at (0,0) size 785x600 scrollHeight 1325
  LayoutView at (0,0) size 800x600
layer at (0,0) size 785x1325 backgroundClip at (0,0) size 785x600 clip at (0,0) size 785x600
  LayoutBlockFlow {HTML} at (0,0) size 785x1324.88
    LayoutBlockFlow {BODY} at (8,8) size 769x1308.88 [bgcolor=#555555]
      LayoutBlockFlow {H1} at (16,37.44) size 737x101 [bgcolor=#CCCCCC]
        LayoutText {#text} at (90,32) size 163x36
          text run at (90,32) width 163: "Simplified "
        LayoutInline {A} at (0,0) size 161x36 [color=#0000EE]
          LayoutText {#text} at (252,32) size 161x36
            text run at (252,32) width 161: "Linux.com"
        LayoutText {#text} at (412,32) size 235x36
          text run at (412,32) width 235: " Table Testcase"
      LayoutTable {TABLE} at (16,159.88) size 737x1133
        LayoutTableSection {TBODY} at (0,0) size 737x1133
          LayoutTableRow {TR} at (0,2) size 737x792
            LayoutTableCell {TD} at (2,2) size 135x686.13 [bgcolor=#FFFFFF] [r=0 c=0 rs=2 cs=1]
              LayoutBlockFlow {H2} at (5,18.27) size 125x18
                LayoutText {#text} at (0,0) size 118x17
                  text run at (0,0) width 118: "Weekly Feature"
              LayoutBlockFlow {P} at (5,49.53) size 125x105
                LayoutText {#text} at (0,0) size 110x105
                  text run at (0,0) width 110: "blah blah blah blah"
                  text run at (0,15) width 110: "blah blah blah blah"
                  text run at (0,30) width 110: "blah blah blah blah"
                  text run at (0,45) width 110: "blah blah blah blah"
                  text run at (0,60) width 110: "blah blah blah blah"
                  text run at (0,75) width 110: "blah blah blah blah"
                  text run at (0,90) width 110: "blah blah blah blah"
              LayoutBlockFlow {H2} at (5,167.80) size 125x18
                LayoutText {#text} at (0,0) size 81x17
                  text run at (0,0) width 81: "Contribute"
              LayoutBlockFlow {P} at (5,199.06) size 125x105
                LayoutText {#text} at (0,0) size 110x105
                  text run at (0,0) width 110: "blah blah blah blah"
                  text run at (0,15) width 110: "blah blah blah blah"
                  text run at (0,30) width 110: "blah blah blah blah"
                  text run at (0,45) width 110: "blah blah blah blah"
                  text run at (0,60) width 110: "blah blah blah blah"
                  text run at (0,75) width 110: "blah blah blah blah"
                  text run at (0,90) width 110: "blah blah blah blah"
              LayoutBlockFlow {H2} at (5,317.33) size 125x18
                LayoutText {#text} at (0,0) size 82x17
                  text run at (0,0) width 82: "Newsforge"
              LayoutBlockFlow {P} at (5,348.59) size 125x30
                LayoutText {#text} at (0,0) size 110x30
                  text run at (0,0) width 110: "blah blah blah blah"
                  text run at (0,15) width 110: "blah blah blah blah"
              LayoutBlockFlow {P} at (5,391.59) size 125x30
                LayoutText {#text} at (0,0) size 110x30
                  text run at (0,0) width 110: "blah blah blah blah"
                  text run at (0,15) width 110: "blah blah blah blah"
              LayoutBlockFlow {P} at (5,434.59) size 125x30
                LayoutText {#text} at (0,0) size 110x30
                  text run at (0,0) width 110: "blah blah blah blah"
                  text run at (0,15) width 110: "blah blah blah blah"
              LayoutBlockFlow {P} at (5,477.59) size 125x30
                LayoutText {#text} at (0,0) size 110x30
                  text run at (0,0) width 110: "blah blah blah blah"
                  text run at (0,15) width 110: "blah blah blah blah"
              LayoutBlockFlow {P} at (5,520.59) size 125x30
                LayoutText {#text} at (0,0) size 110x30
                  text run at (0,0) width 110: "blah blah blah blah"
                  text run at (0,15) width 110: "blah blah blah blah"
              LayoutBlockFlow {P} at (5,563.59) size 125x30
                LayoutText {#text} at (0,0) size 110x30
                  text run at (0,0) width 110: "blah blah blah blah"
                  text run at (0,15) width 110: "blah blah blah blah"
              LayoutBlockFlow {H2} at (5,606.86) size 125x18
                LayoutText {#text} at (0,0) size 82x17
                  text run at (0,0) width 82: "Resources"
              LayoutBlockFlow {P} at (5,638.13) size 125x30
                LayoutText {#text} at (0,0) size 110x30
                  text run at (0,0) width 110: "blah blah blah blah"
                  text run at (0,15) width 110: "blah blah blah blah"
            LayoutTableCell {TD} at (139,2) size 459x1129.13 [bgcolor=#FFFFFF] [r=0 c=1 rs=2 cs=1]
              LayoutBlockFlow {H2} at (5,18.27) size 449x18
                LayoutText {#text} at (0,0) size 190x17
                  text run at (0,0) width 190: "The Latest of Linux.com!"
              LayoutBlockFlow {P} at (5,49.53) size 449x225
                LayoutText {#text} at (0,0) size 448x225
                  text run at (0,0) width 448: "blah blah blah blah blah blah blah blah blah blah blah blah blah blah blah blah"
                  text run at (0,15) width 448: "blah blah blah blah blah blah blah blah blah blah blah blah blah blah blah blah"
                  text run at (0,30) width 448: "blah blah blah blah blah blah blah blah blah blah blah blah blah blah blah blah"
                  text run at (0,45) width 448: "blah blah blah blah blah blah blah blah blah blah blah blah blah blah blah blah"
                  text run at (0,60) width 448: "blah blah blah blah blah blah blah blah blah blah blah blah blah blah blah blah"
                  text run at (0,75) width 448: "blah blah blah blah blah blah blah blah blah blah blah blah blah blah blah blah"
                  text run at (0,90) width 448: "blah blah blah blah blah blah blah blah blah blah blah blah blah blah blah blah"
                  text run at (0,105) width 448: "blah blah blah blah blah blah blah blah blah blah blah blah blah blah blah blah"
                  text run at (0,120) width 448: "blah blah blah blah blah blah blah blah blah blah blah blah blah blah blah blah"
                  text run at (0,135) width 448: "blah blah blah blah blah blah blah blah blah blah blah blah blah blah blah blah"
                  text run at (0,150) width 448: "blah blah blah blah blah blah blah blah blah blah blah blah blah blah blah blah"
                  text run at (0,165) width 448: "blah blah blah blah blah blah blah blah blah blah blah blah blah blah blah blah"
                  text run at (0,180) width 448: "blah blah blah blah blah blah blah blah blah blah blah blah blah blah blah blah"
                  text run at (0,195) width 448: "blah blah blah blah blah blah blah blah blah blah blah blah blah blah blah blah"
                  text run at (0,210) width 110: "blah blah blah blah"
              LayoutBlockFlow {P} at (5,287.53) size 449x225
                LayoutText {#text} at (0,0) size 448x225
                  text run at (0,0) width 448: "blah blah blah blah blah blah blah blah blah blah blah blah blah blah blah blah"
                  text run at (0,15) width 448: "blah blah blah blah blah blah blah blah blah blah blah blah blah blah blah blah"
                  text run at (0,30) width 448: "blah blah blah blah blah blah blah blah blah blah blah blah blah blah blah blah"
                  text run at (0,45) width 448: "blah blah blah blah blah blah blah blah blah blah blah blah blah blah blah blah"
                  text run at (0,60) width 448: "blah blah blah blah blah blah blah blah blah blah blah blah blah blah blah blah"
                  text run at (0,75) width 448: "blah blah blah blah blah blah blah blah blah blah blah blah blah blah blah blah"
                  text run at (0,90) width 448: "blah blah blah blah blah blah blah blah blah blah blah blah blah blah blah blah"
                  text run at (0,105) width 448: "blah blah blah blah blah blah blah blah blah blah blah blah blah blah blah blah"
                  text run at (0,120) width 448: "blah blah blah blah blah blah blah blah blah blah blah blah blah blah blah blah"
                  text run at (0,135) width 448: "blah blah blah blah blah blah blah blah blah blah blah blah blah blah blah blah"
                  text run at (0,150) width 448: "blah blah blah blah blah blah blah blah blah blah blah blah blah blah blah blah"
                  text run at (0,165) width 448: "blah blah blah blah blah blah blah blah blah blah blah blah blah blah blah blah"
                  text run at (0,180) width 448: "blah blah blah blah blah blah blah blah blah blah blah blah blah blah blah blah"
                  text run at (0,195) width 448: "blah blah blah blah blah blah blah blah blah blah blah blah blah blah blah blah"
                  text run at (0,210) width 110: "blah blah blah blah"
              LayoutBlockFlow {H2} at (5,525.80) size 449x18
                LayoutText {#text} at (0,0) size 122x17
                  text run at (0,0) width 122: "Linux.com Live!"
              LayoutBlockFlow {P} at (5,557.06) size 449x225
                LayoutText {#text} at (0,0) size 448x225
                  text run at (0,0) width 448: "blah blah blah blah blah blah blah blah blah blah blah blah blah blah blah blah"
                  text run at (0,15) width 448: "blah blah blah blah blah blah blah blah blah blah blah blah blah blah blah blah"
                  text run at (0,30) width 448: "blah blah blah blah blah blah blah blah blah blah blah blah blah blah blah blah"
                  text run at (0,45) width 448: "blah blah blah blah blah blah blah blah blah blah blah blah blah blah blah blah"
                  text run at (0,60) width 448: "blah blah blah blah blah blah blah blah blah blah blah blah blah blah blah blah"
                  text run at (0,75) width 448: "blah blah blah blah blah blah blah blah blah blah blah blah blah blah blah blah"
                  text run at (0,90) width 448: "blah blah blah blah blah blah blah blah blah blah blah blah blah blah blah blah"
                  text run at (0,105) width 448: "blah blah blah blah blah blah blah blah blah blah blah blah blah blah blah blah"
                  text run at (0,120) width 448: "blah blah blah blah blah blah blah blah blah blah blah blah blah blah blah blah"
                  text run at (0,135) width 448: "blah blah blah blah blah blah blah blah blah blah blah blah blah blah blah blah"
                  text run at (0,150) width 448: "blah blah blah blah blah blah blah blah blah blah blah blah blah blah blah blah"
                  text run at (0,165) width 448: "blah blah blah blah blah blah blah blah blah blah blah blah blah blah blah blah"
                  text run at (0,180) width 448: "blah blah blah blah blah blah blah blah blah blah blah blah blah blah blah blah"
                  text run at (0,195) width 448: "blah blah blah blah blah blah blah blah blah blah blah blah blah blah blah blah"
                  text run at (0,210) width 110: "blah blah blah blah"
              LayoutBlockFlow {H2} at (5,795.33) size 449x18
                LayoutText {#text} at (0,0) size 57x17
                  text run at (0,0) width 57: "Tuneup"
              LayoutBlockFlow {P} at (5,826.59) size 449x225
                LayoutText {#text} at (0,0) size 448x225
                  text run at (0,0) width 448: "blah blah blah blah blah blah blah blah blah blah blah blah blah blah blah blah"
                  text run at (0,15) width 448: "blah blah blah blah blah blah blah blah blah blah blah blah blah blah blah blah"
                  text run at (0,30) width 448: "blah blah blah blah blah blah blah blah blah blah blah blah blah blah blah blah"
                  text run at (0,45) width 448: "blah blah blah blah blah blah blah blah blah blah blah blah blah blah blah blah"
                  text run at (0,60) width 448: "blah blah blah blah blah blah blah blah blah blah blah blah blah blah blah blah"
                  text run at (0,75) width 448: "blah blah blah blah blah blah blah blah blah blah blah blah blah blah blah blah"
                  text run at (0,90) width 448: "blah blah blah blah blah blah blah blah blah blah blah blah blah blah blah blah"
                  text run at (0,105) width 448: "blah blah blah blah blah blah blah blah blah blah blah blah blah blah blah blah"
                  text run at (0,120) width 448: "blah blah blah blah blah blah blah blah blah blah blah blah blah blah blah blah"
                  text run at (0,135) width 448: "blah blah blah blah blah blah blah blah blah blah blah blah blah blah blah blah"
                  text run at (0,150) width 448: "blah blah blah blah blah blah blah blah blah blah blah blah blah blah blah blah"
                  text run at (0,165) width 448: "blah blah blah blah blah blah blah blah blah blah blah blah blah blah blah blah"
                  text run at (0,180) width 448: "blah blah blah blah blah blah blah blah blah blah blah blah blah blah blah blah"
                  text run at (0,195) width 448: "blah blah blah blah blah blah blah blah blah blah blah blah blah blah blah blah"
                  text run at (0,210) width 110: "blah blah blah blah"
              LayoutBlockFlow {H2} at (5,1064.86) size 449x18
                LayoutText {#text} at (0,0) size 30x17
                  text run at (0,0) width 30: "Poll"
              LayoutBlockFlow {P} at (5,1096.13) size 449x15
                LayoutText {#text} at (0,0) size 311x15
                  text run at (0,0) width 311: "This stuff is cropped off in Mozilla for whatever reason"
            LayoutTableCell {TD} at (600,2) size 135x381.59 [bgcolor=#FFFFFF] [r=0 c=2 rs=1 cs=1]
              LayoutBlockFlow {H2} at (5,18.27) size 125x18
                LayoutText {#text} at (0,0) size 47x17
                  text run at (0,0) width 47: "OSDN"
              LayoutBlockFlow {P} at (5,49.53) size 125x75
                LayoutText {#text} at (0,0) size 110x75
                  text run at (0,0) width 110: "blah blah blah blah"
                  text run at (0,15) width 110: "blah blah blah blah"
                  text run at (0,30) width 110: "blah blah blah blah"
                  text run at (0,45) width 110: "blah blah blah blah"
                  text run at (0,60) width 53: "blah blah"
              LayoutBlockFlow {H2} at (5,137.80) size 125x18
                LayoutText {#text} at (0,0) size 45x17
                  text run at (0,0) width 45: "POTD"
              LayoutBlockFlow {P} at (5,169.06) size 125x75
                LayoutText {#text} at (0,0) size 110x75
                  text run at (0,0) width 110: "blah blah blah blah"
                  text run at (0,15) width 110: "blah blah blah blah"
                  text run at (0,30) width 110: "blah blah blah blah"
                  text run at (0,45) width 110: "blah blah blah blah"
                  text run at (0,60) width 53: "blah blah"
              LayoutBlockFlow {H2} at (5,257.33) size 125x18
                LayoutText {#text} at (0,0) size 48x17
                  text run at (0,0) width 48: "Log In"
              LayoutBlockFlow {P} at (5,288.59) size 125x75
                LayoutText {#text} at (0,0) size 110x75
                  text run at (0,0) width 110: "blah blah blah blah"
                  text run at (0,15) width 110: "blah blah blah blah"
                  text run at (0,30) width 110: "blah blah blah blah"
                  text run at (0,45) width 110: "blah blah blah blah"
                  text run at (0,60) width 53: "blah blah"
          LayoutTableRow {TR} at (0,796) size 737x335
            LayoutTableCell {TD} at (600,970) size 135x160.53 [bgcolor=#FFFFFF] [r=1 c=2 rs=1 cs=1]
              LayoutBlockFlow {H2} at (5,18.27) size 125x36
                LayoutText {#text} at (0,0) size 88x35
                  text run at (0,0) width 88: "Community"
                  text run at (0,18) width 56: "Banner"
              LayoutBlockFlow {P} at (5,67.53) size 125x75
                LayoutText {#text} at (0,0) size 110x75
                  text run at (0,0) width 110: "blah blah blah blah"
                  text run at (0,15) width 110: "blah blah blah blah"
                  text run at (0,30) width 110: "blah blah blah blah"
                  text run at (0,45) width 110: "blah blah blah blah"
                  text run at (0,60) width 53: "blah blah"
