layer at (0,0) size 800x600
  LayoutView at (0,0) size 800x600
layer at (0,0) size 800x600
  LayoutBlockFlow {HTML} at (0,0) size 800x600
    LayoutBlockFlow {BODY} at (8,8) size 784x584
      LayoutBlockFlow {P} at (0,0) size 784x72
        LayoutText {#text} at (0,0) size 778x72
          text run at (0,0) width 741: "The table below should have two columns and a total of 7 cells, arranged in an alternating/overlapping fashion. The"
          text run at (0,18) width 717: "cellspacing=0 for this table. In Nav4.5, this example can be viewed. In 5.0 (jun08 win95), this example displays"
          text run at (0,36) width 778: "(apparently) as a simple 2x2 table (i.e., some elements are not displayed at all). (The numbers are the position of each TD"
          text run at (0,54) width 141: "in the HTML source)."
      LayoutTable {TABLE} at (0,88) size 22x122 [border: (1px outset #808080)]
        LayoutTableSection {TBODY} at (1,1) size 20x120
          LayoutTableRow {TR} at (0,0) size 20x20
            LayoutTableCell {TD} at (0,10) size 10x20 [border: (1px inset #808080)] [r=0 c=0 rs=2 cs=1]
              LayoutText {#text} at (1,1) size 8x18
                text run at (1,1) width 8: "1"
            LayoutTableCell {TD} at (10,0) size 10x20 [border: (1px inset #808080)] [r=0 c=1 rs=1 cs=1]
              LayoutText {#text} at (1,1) size 8x18
                text run at (1,1) width 8: "2"
          LayoutTableRow {TR} at (0,20) size 20x20
            LayoutTableCell {TD} at (10,30) size 10x20 [border: (1px inset #808080)] [r=1 c=1 rs=2 cs=1]
              LayoutText {#text} at (1,1) size 8x18
                text run at (1,1) width 8: "3"
          LayoutTableRow {TR} at (0,40) size 20x20
            LayoutTableCell {TD} at (0,50) size 10x20 [border: (1px inset #808080)] [r=2 c=0 rs=2 cs=1]
              LayoutText {#text} at (1,1) size 8x18
                text run at (1,1) width 8: "4"
          LayoutTableRow {TR} at (0,60) size 20x20
            LayoutTableCell {TD} at (10,70) size 10x20 [border: (1px inset #808080)] [r=3 c=1 rs=2 cs=1]
              LayoutText {#text} at (1,1) size 8x18
                text run at (1,1) width 8: "5"
          LayoutTableRow {TR} at (0,80) size 20x20
            LayoutTableCell {TD} at (0,90) size 10x20 [border: (1px inset #808080)] [r=4 c=0 rs=2 cs=1]
              LayoutText {#text} at (1,1) size 8x18
                text run at (1,1) width 8: "6"
          LayoutTableRow {TR} at (0,100) size 20x20
            LayoutTableCell {TD} at (10,100) size 10x20 [border: (1px inset #808080)] [r=5 c=1 rs=1 cs=1]
              LayoutText {#text} at (1,1) size 8x18
                text run at (1,1) width 8: "7"
      LayoutBlockFlow {P} at (0,226) size 784x36
        LayoutText {#text} at (0,0) size 781x36
          text run at (0,0) width 781: "This is the same table as above, but cellspacing=5 in this case. For 5.0, (jun08 win95) notice the odd cellspacing overlaps."
          text run at (0,18) width 129: "See also bug #6304."
      LayoutTable {TABLE} at (0,278) size 37x147 [border: (1px outset #808080)]
        LayoutTableSection {TBODY} at (1,1) size 35x145
          LayoutTableRow {TR} at (0,5) size 35x20
            LayoutTableCell {TD} at (5,16) size 10x20 [border: (1px inset #808080)] [r=0 c=0 rs=2 cs=1]
              LayoutText {#text} at (1,1) size 8x18
                text run at (1,1) width 8: "1"
            LayoutTableCell {TD} at (20,5) size 10x20 [border: (1px inset #808080)] [r=0 c=1 rs=1 cs=1]
              LayoutText {#text} at (1,1) size 8x18
                text run at (1,1) width 8: "2"
          LayoutTableRow {TR} at (0,30) size 35x17
            LayoutTableCell {TD} at (20,40) size 10x20 [border: (1px inset #808080)] [r=1 c=1 rs=2 cs=1]
              LayoutText {#text} at (1,1) size 8x18
                text run at (1,1) width 8: "3"
          LayoutTableRow {TR} at (0,52) size 35x18
            LayoutTableCell {TD} at (5,62) size 10x20 [border: (1px inset #808080)] [r=2 c=0 rs=2 cs=1]
              LayoutText {#text} at (1,1) size 8x18
                text run at (1,1) width 8: "4"
          LayoutTableRow {TR} at (0,75) size 35x17
            LayoutTableCell {TD} at (20,85) size 10x20 [border: (1px inset #808080)] [r=3 c=1 rs=2 cs=1]
              LayoutText {#text} at (1,1) size 8x18
                text run at (1,1) width 8: "5"
          LayoutTableRow {TR} at (0,97) size 35x18
            LayoutTableCell {TD} at (5,108) size 10x20 [border: (1px inset #808080)] [r=4 c=0 rs=2 cs=1]
              LayoutText {#text} at (1,1) size 8x18
                text run at (1,1) width 8: "6"
          LayoutTableRow {TR} at (0,120) size 35x20
            LayoutTableCell {TD} at (20,120) size 10x20 [border: (1px inset #808080)] [r=5 c=1 rs=1 cs=1]
              LayoutText {#text} at (1,1) size 8x18
                text run at (1,1) width 8: "7"
