layer at (0,0) size 800x600
  LayoutView at (0,0) size 800x600
layer at (0,0) size 800x600
  LayoutBlockFlow {HTML} at (0,0) size 800x600
    LayoutBlockFlow {BODY} at (8,8) size 784x584 [bgcolor=#FFFFFF]
      LayoutTable {TABLE} at (0,0) size 642x172 [border: (1px outset #808080)]
        LayoutTableSection {TBODY} at (1,1) size 640x170
          LayoutTableRow {TR} at (0,2) size 640x166
            LayoutTableCell {TD} at (2,80) size 124x10 [border: (1px inset #808080)] [r=0 c=0 rs=1 cs=1]
              LayoutTable {TABLE} at (2,2) size 120x6
                LayoutTableSection {TBODY} at (0,0) size 120x6
                  LayoutTableRow {TR} at (0,2) size 120x2
                    LayoutTableCell {TD} at (2,2) size 116x2 [r=0 c=0 rs=1 cs=1]
            LayoutTableCell {TD} at (128,2) size 510x166 [border: (1px inset #808080)] [r=0 c=1 rs=1 cs=1]
              LayoutTable {TABLE} at (2,2) size 506x162 [border: (1px outset #808080)]
                LayoutTableSection {TBODY} at (1,1) size 504x160
                  LayoutTableRow {TR} at (0,2) size 504x156
                    LayoutTableCell {TD} at (2,2) size 500x156 [border: (1px inset #808080)] [r=0 c=0 rs=1 cs=1]
                      LayoutTable {TABLE} at (2,2) size 496x80
                        LayoutTableSection {TBODY} at (0,0) size 496x80
                          LayoutTableRow {TR} at (0,10) size 496x60
                            LayoutTableCell {TD} at (10,10) size 476x60 [r=0 c=0 rs=1 cs=1]
                              LayoutInline {A} at (0,0) size 468x18 [color=#0000EE]
                                LayoutImage {IMG} at (0,0) size 468x60
                      LayoutBlockFlow (anonymous) at (2,82) size 496x72
                        LayoutText {#text} at (0,0) size 491x72
                          text run at (0,0) width 300: "Your donation to protect our wildlife was paid "
                          text run at (299,0) width 170: "for by the sponsors on this"
                          text run at (0,18) width 112: "page, so it's free. "
                          text run at (111,18) width 380: "100% of each donation is distributed through organizations"
                          text run at (0,36) width 357: "working hard to protect our wildlife. You can view live "
                          text run at (356,36) width 113: "donation totals in"
                          text run at (0,54) width 212: "support of this cause by clicking."
