layer at (0,0) size 800x600
  LayoutView at (0,0) size 800x600
layer at (0,0) size 800x62
  LayoutBlockFlow {html} at (0,0) size 800x62
    LayoutBlockFlow {body} at (8,8) size 784x0
      LayoutBlockFlow (floating) {float} at (0,0) size 154x54 [bgcolor=#FF0000]
        LayoutTable (anonymous) at (0,0) size 154x54
          LayoutTableSection (anonymous) at (0,0) size 154x54
            LayoutTableRow (anonymous) at (0,0) size 154x18
              LayoutTableCell {cell} at (0,0) size 154x18 [color=#FFFFFF] [bgcolor=#008000] [r=0 c=0 rs=1 cs=1]
                LayoutText {#text} at (51,0) size 52x18
                  text run at (51,0) width 52: "THERE"
            LayoutTableRow {row} at (0,18) size 154x18
              LayoutTableCell (anonymous) at (0,18) size 154x18 [r=1 c=0 rs=1 cs=1]
                LayoutTable {table} at (0,0) size 154x18
                  LayoutTableSection (anonymous) at (0,0) size 154x18
                    LayoutTableRow (anonymous) at (0,0) size 154x18
                      LayoutTableCell {cell} at (0,0) size 80x18 [color=#FFFFFF] [bgcolor=#008000] [r=0 c=0 rs=1 cs=1]
                        LayoutText {#text} at (0,0) size 80x18
                          text run at (0,0) width 80: "SHOULD B"
                      LayoutTableCell {cell} at (80,0) size 26x18 [color=#FFFFFF] [bgcolor=#008000] [r=0 c=1 rs=1 cs=1]
                        LayoutText {#text} at (0,0) size 26x18
                          text run at (0,0) width 26: "E N"
                      LayoutTableCell {cell} at (106,0) size 48x18 [color=#FFFFFF] [bgcolor=#008000] [r=0 c=2 rs=1 cs=1]
                        LayoutText {#text} at (0,0) size 48x18
                          text run at (0,0) width 48: "O RED"
            LayoutTableRow (anonymous) at (0,36) size 154x18
              LayoutTableCell {cell} at (0,36) size 154x18 [color=#FFFFFF] [bgcolor=#008000] [r=2 c=0 rs=1 cs=1]
                LayoutText {#text} at (31,0) size 92x18
                  text run at (31,0) width 92: "ANYWHERE"
