layer at (0,0) size 800x600
  LayoutView at (0,0) size 800x600
layer at (0,0) size 800x600
  LayoutBlockFlow {HTML} at (0,0) size 800x600
    LayoutBlockFlow {BODY} at (8,8) size 784x584
      LayoutTable {TABLE} at (0,0) size 754x24
        LayoutTableSection {TBODY} at (0,0) size 754x24
          LayoutTableRow {TR} at (0,2) size 754x20
            LayoutTableCell {TD} at (2,2) size 308x20 [r=0 c=0 rs=1 cs=1]
              LayoutText {#text} at (1,1) size 306x18
                text run at (1,1) width 306: "The quick brown fox jumped over the lazy dog."
            LayoutTableCell {TD} at (312,2) size 440x20 [r=0 c=1 rs=1 cs=1]
              LayoutText {#text} at (1,1) size 438x18
                text run at (1,1) width 438: "Now is the time for all good men to come to the aid of their country."
