layer at (0,0) size 800x600
  LayoutView at (0,0) size 800x600
layer at (0,0) size 800x600
  LayoutBlockFlow {HTML} at (0,0) size 800x600
    LayoutBlockFlow {BODY} at (8,8) size 784x584
      LayoutBlockFlow {P} at (0,0) size 784x72
        LayoutText {#text} at (0,0) size 782x54
          text run at (0,0) width 782: "In this table (modeled after mozilla.org template) the cells in column two are requesting colspans of (2,3,2,6) respectively."
          text run at (0,18) width 773: "Notice that they all want to span more than one column (which means, in the case of this table, all rows are requesting to"
          text run at (0,36) width 288: "span more columns than the number of 'real' "
        LayoutInline {CODE} at (0,0) size 32x15
          LayoutText {#text} at (287,38) size 32x15
            text run at (287,38) width 32: "<TD>"
        LayoutText {#text} at (318,36) size 762x36
          text run at (318,36) width 444: " in any single rows [i.e., all rows in the top table want to span 9 cells,"
          text run at (0,54) width 188: "but the maximum number of "
        LayoutInline {CODE} at (0,0) size 32x15
          LayoutText {#text} at (187,56) size 32x15
            text run at (187,56) width 32: "<TD>"
        LayoutText {#text} at (218,54) size 109x18
          text run at (218,54) width 109: " in any row is 8]."
      LayoutBlockFlow {P} at (0,88) size 784x18
        LayoutText {#text} at (0,0) size 493x18
          text run at (0,0) width 493: "This condition leads to the 'white gap' (in builds of 5.0 for jun04 and before)."
      LayoutTable {TABLE} at (0,122) size 784x82 [border: (1px outset #808080)]
        LayoutTableSection {TBODY} at (1,1) size 782x80
          LayoutTableRow {TR} at (0,0) size 782x20
            LayoutTableCell {TD} at (0,0) size 97x20 [bgcolor=#999999] [border: (1px inset #808080)] [r=0 c=0 rs=1 cs=1]
              LayoutText {#text} at (1,1) size 8x18
                text run at (1,1) width 8: "1"
            LayoutTableCell {TD} at (97,0) size 97x20 [bgcolor=#DDDDDD] [border: (1px inset #808080)] [r=0 c=1 rs=1 cs=2]
              LayoutText {#text} at (1,1) size 8x18
                text run at (1,1) width 8: "2"
            LayoutTableCell {TD} at (194,0) size 98x20 [bgcolor=#DDDDDD] [border: (1px inset #808080)] [r=0 c=3 rs=1 cs=1]
              LayoutText {#text} at (1,1) size 8x18
                text run at (1,1) width 8: "4"
            LayoutTableCell {TD} at (292,0) size 98x20 [bgcolor=#999999] [border: (1px inset #808080)] [r=0 c=4 rs=1 cs=1]
              LayoutText {#text} at (1,1) size 8x18
                text run at (1,1) width 8: "5"
            LayoutTableCell {TD} at (390,0) size 98x20 [border: (1px inset #808080)] [r=0 c=5 rs=1 cs=1]
              LayoutText {#text} at (1,1) size 8x18
                text run at (1,1) width 8: "6"
            LayoutTableCell {TD} at (488,0) size 98x20 [border: (1px inset #808080)] [r=0 c=6 rs=1 cs=1]
              LayoutText {#text} at (1,1) size 8x18
                text run at (1,1) width 8: "7"
            LayoutTableCell {TD} at (586,0) size 98x20 [border: (1px inset #808080)] [r=0 c=7 rs=1 cs=1]
              LayoutText {#text} at (1,1) size 8x18
                text run at (1,1) width 8: "8"
            LayoutTableCell {TD} at (684,0) size 98x20 [bgcolor=#999999] [border: (1px inset #808080)] [r=0 c=8 rs=1 cs=1]
              LayoutText {#text} at (1,1) size 8x18
                text run at (1,1) width 8: "9"
          LayoutTableRow {TR} at (0,20) size 782x20
            LayoutTableCell {TD} at (0,20) size 97x20 [bgcolor=#999999] [border: (1px inset #808080)] [r=1 c=0 rs=1 cs=1]
              LayoutText {#text} at (1,1) size 8x18
                text run at (1,1) width 8: "1"
            LayoutTableCell {TD} at (97,20) size 195x20 [bgcolor=#DDDDDD] [border: (1px inset #808080)] [r=1 c=1 rs=1 cs=3]
              LayoutText {#text} at (1,1) size 8x18
                text run at (1,1) width 8: "2"
            LayoutTableCell {TD} at (292,20) size 98x20 [bgcolor=#999999] [border: (1px inset #808080)] [r=1 c=4 rs=1 cs=1]
              LayoutText {#text} at (1,1) size 8x18
                text run at (1,1) width 8: "5"
            LayoutTableCell {TD} at (390,20) size 98x20 [border: (1px inset #808080)] [r=1 c=5 rs=1 cs=1]
              LayoutText {#text} at (1,1) size 8x18
                text run at (1,1) width 8: "6"
            LayoutTableCell {TD} at (488,20) size 98x20 [border: (1px inset #808080)] [r=1 c=6 rs=1 cs=1]
              LayoutText {#text} at (1,1) size 8x18
                text run at (1,1) width 8: "7"
            LayoutTableCell {TD} at (586,20) size 98x20 [border: (1px inset #808080)] [r=1 c=7 rs=1 cs=1]
              LayoutText {#text} at (1,1) size 8x18
                text run at (1,1) width 8: "8"
            LayoutTableCell {TD} at (684,20) size 98x20 [bgcolor=#999999] [border: (1px inset #808080)] [r=1 c=8 rs=1 cs=1]
              LayoutText {#text} at (1,1) size 8x18
                text run at (1,1) width 8: "9"
          LayoutTableRow {TR} at (0,40) size 782x20
            LayoutTableCell {TD} at (0,40) size 97x20 [bgcolor=#999999] [border: (1px inset #808080)] [r=2 c=0 rs=1 cs=1]
              LayoutText {#text} at (1,1) size 8x18
                text run at (1,1) width 8: "1"
            LayoutTableCell {TD} at (97,40) size 97x20 [bgcolor=#DDDDDD] [border: (1px inset #808080)] [r=2 c=1 rs=1 cs=2]
              LayoutText {#text} at (1,1) size 8x18
                text run at (1,1) width 8: "2"
            LayoutTableCell {TD} at (194,40) size 98x20 [bgcolor=#DDDDDD] [border: (1px inset #808080)] [r=2 c=3 rs=1 cs=1]
              LayoutText {#text} at (1,1) size 8x18
                text run at (1,1) width 8: "4"
            LayoutTableCell {TD} at (292,40) size 98x20 [bgcolor=#999999] [border: (1px inset #808080)] [r=2 c=4 rs=1 cs=1]
              LayoutText {#text} at (1,1) size 8x18
                text run at (1,1) width 8: "5"
            LayoutTableCell {TD} at (390,40) size 196x20 [border: (1px inset #808080)] [r=2 c=5 rs=1 cs=2]
              LayoutText {#text} at (1,1) size 8x18
                text run at (1,1) width 8: "6"
            LayoutTableCell {TD} at (586,40) size 98x20 [border: (1px inset #808080)] [r=2 c=7 rs=1 cs=1]
              LayoutText {#text} at (1,1) size 8x18
                text run at (1,1) width 8: "8"
            LayoutTableCell {TD} at (684,40) size 98x20 [bgcolor=#999999] [border: (1px inset #808080)] [r=2 c=8 rs=1 cs=1]
              LayoutText {#text} at (1,1) size 8x18
                text run at (1,1) width 8: "9"
          LayoutTableRow {TR} at (0,60) size 782x20
            LayoutTableCell {TD} at (0,60) size 488x20 [bgcolor=#999999] [border: (1px inset #808080)] [r=3 c=0 rs=1 cs=6]
              LayoutText {#text} at (1,1) size 8x18
                text run at (1,1) width 8: "1"
            LayoutTableCell {TD} at (488,60) size 98x20 [bgcolor=#999999] [border: (1px inset #808080)] [r=3 c=6 rs=1 cs=1]
              LayoutText {#text} at (1,1) size 8x18
                text run at (1,1) width 8: "7"
            LayoutTableCell {TD} at (586,60) size 196x20 [bgcolor=#999999] [border: (1px inset #808080)] [r=3 c=7 rs=1 cs=2]
              LayoutText {#text} at (1,1) size 8x18
                text run at (1,1) width 8: "8"
      LayoutBlockFlow {P} at (0,220) size 784x36
        LayoutText {#text} at (0,0) size 773x36
          text run at (0,0) width 434: "This is the same table as above, but instead the cells in column two "
          text run at (433,0) width 340: "are requesting colspans of (1,2,1,5) respectively (i.e.,"
          text run at (0,18) width 485: "excess requests have been 'normalized' away). There is no more 'white gap'."
      LayoutTable {TABLE} at (0,272) size 784x82 [border: (1px outset #808080)]
        LayoutTableSection {TBODY} at (1,1) size 782x80
          LayoutTableRow {TR} at (0,0) size 782x20
            LayoutTableCell {TD} at (0,0) size 97x20 [bgcolor=#999999] [border: (1px inset #808080)] [r=0 c=0 rs=1 cs=1]
              LayoutText {#text} at (1,1) size 8x18
                text run at (1,1) width 8: "1"
            LayoutTableCell {TD} at (97,0) size 97x20 [bgcolor=#DDDDDD] [border: (1px inset #808080)] [r=0 c=1 rs=1 cs=1]
              LayoutText {#text} at (1,1) size 8x18
                text run at (1,1) width 8: "2"
            LayoutTableCell {TD} at (194,0) size 98x20 [bgcolor=#DDDDDD] [border: (1px inset #808080)] [r=0 c=2 rs=1 cs=1]
              LayoutText {#text} at (1,1) size 8x18
                text run at (1,1) width 8: "3"
            LayoutTableCell {TD} at (292,0) size 98x20 [bgcolor=#999999] [border: (1px inset #808080)] [r=0 c=3 rs=1 cs=1]
              LayoutText {#text} at (1,1) size 8x18
                text run at (1,1) width 8: "4"
            LayoutTableCell {TD} at (390,0) size 98x20 [border: (1px inset #808080)] [r=0 c=4 rs=1 cs=1]
              LayoutText {#text} at (1,1) size 8x18
                text run at (1,1) width 8: "5"
            LayoutTableCell {TD} at (488,0) size 98x20 [border: (1px inset #808080)] [r=0 c=5 rs=1 cs=1]
              LayoutText {#text} at (1,1) size 8x18
                text run at (1,1) width 8: "6"
            LayoutTableCell {TD} at (586,0) size 98x20 [border: (1px inset #808080)] [r=0 c=6 rs=1 cs=1]
              LayoutText {#text} at (1,1) size 8x18
                text run at (1,1) width 8: "7"
            LayoutTableCell {TD} at (684,0) size 98x20 [bgcolor=#999999] [border: (1px inset #808080)] [r=0 c=7 rs=1 cs=1]
              LayoutText {#text} at (1,1) size 8x18
                text run at (1,1) width 8: "8"
          LayoutTableRow {TR} at (0,20) size 782x20
            LayoutTableCell {TD} at (0,20) size 97x20 [bgcolor=#999999] [border: (1px inset #808080)] [r=1 c=0 rs=1 cs=1]
              LayoutText {#text} at (1,1) size 8x18
                text run at (1,1) width 8: "1"
            LayoutTableCell {TD} at (97,20) size 195x20 [bgcolor=#DDDDDD] [border: (1px inset #808080)] [r=1 c=1 rs=1 cs=2]
              LayoutText {#text} at (1,1) size 8x18
                text run at (1,1) width 8: "2"
            LayoutTableCell {TD} at (292,20) size 98x20 [bgcolor=#999999] [border: (1px inset #808080)] [r=1 c=3 rs=1 cs=1]
              LayoutText {#text} at (1,1) size 8x18
                text run at (1,1) width 8: "4"
            LayoutTableCell {TD} at (390,20) size 98x20 [border: (1px inset #808080)] [r=1 c=4 rs=1 cs=1]
              LayoutText {#text} at (1,1) size 8x18
                text run at (1,1) width 8: "5"
            LayoutTableCell {TD} at (488,20) size 98x20 [border: (1px inset #808080)] [r=1 c=5 rs=1 cs=1]
              LayoutText {#text} at (1,1) size 8x18
                text run at (1,1) width 8: "6"
            LayoutTableCell {TD} at (586,20) size 98x20 [border: (1px inset #808080)] [r=1 c=6 rs=1 cs=1]
              LayoutText {#text} at (1,1) size 8x18
                text run at (1,1) width 8: "7"
            LayoutTableCell {TD} at (684,20) size 98x20 [bgcolor=#999999] [border: (1px inset #808080)] [r=1 c=7 rs=1 cs=1]
              LayoutText {#text} at (1,1) size 8x18
                text run at (1,1) width 8: "8"
          LayoutTableRow {TR} at (0,40) size 782x20
            LayoutTableCell {TD} at (0,40) size 97x20 [bgcolor=#999999] [border: (1px inset #808080)] [r=2 c=0 rs=1 cs=1]
              LayoutText {#text} at (1,1) size 8x18
                text run at (1,1) width 8: "1"
            LayoutTableCell {TD} at (97,40) size 97x20 [bgcolor=#DDDDDD] [border: (1px inset #808080)] [r=2 c=1 rs=1 cs=1]
              LayoutText {#text} at (1,1) size 8x18
                text run at (1,1) width 8: "2"
            LayoutTableCell {TD} at (194,40) size 98x20 [bgcolor=#DDDDDD] [border: (1px inset #808080)] [r=2 c=2 rs=1 cs=1]
              LayoutText {#text} at (1,1) size 8x18
                text run at (1,1) width 8: "3"
            LayoutTableCell {TD} at (292,40) size 98x20 [bgcolor=#999999] [border: (1px inset #808080)] [r=2 c=3 rs=1 cs=1]
              LayoutText {#text} at (1,1) size 8x18
                text run at (1,1) width 8: "4"
            LayoutTableCell {TD} at (390,40) size 196x20 [border: (1px inset #808080)] [r=2 c=4 rs=1 cs=2]
              LayoutText {#text} at (1,1) size 8x18
                text run at (1,1) width 8: "5"
            LayoutTableCell {TD} at (586,40) size 98x20 [border: (1px inset #808080)] [r=2 c=6 rs=1 cs=1]
              LayoutText {#text} at (1,1) size 8x18
                text run at (1,1) width 8: "7"
            LayoutTableCell {TD} at (684,40) size 98x20 [bgcolor=#999999] [border: (1px inset #808080)] [r=2 c=7 rs=1 cs=1]
              LayoutText {#text} at (1,1) size 8x18
                text run at (1,1) width 8: "8"
          LayoutTableRow {TR} at (0,60) size 782x20
            LayoutTableCell {TD} at (0,60) size 488x20 [bgcolor=#999999] [border: (1px inset #808080)] [r=3 c=0 rs=1 cs=5]
              LayoutText {#text} at (1,1) size 8x18
                text run at (1,1) width 8: "1"
            LayoutTableCell {TD} at (488,60) size 98x20 [bgcolor=#999999] [border: (1px inset #808080)] [r=3 c=5 rs=1 cs=1]
              LayoutText {#text} at (1,1) size 8x18
                text run at (1,1) width 8: "6"
            LayoutTableCell {TD} at (586,60) size 196x20 [bgcolor=#999999] [border: (1px inset #808080)] [r=3 c=6 rs=1 cs=2]
              LayoutText {#text} at (1,1) size 8x18
                text run at (1,1) width 8: "7"
