layer at (0,0) size 800x600
  LayoutView at (0,0) size 800x600
layer at (0,0) size 800x600
  LayoutBlockFlow {HTML} at (0,0) size 800x600
    LayoutBlockFlow {BODY} at (8,8) size 784x584 [bgcolor=#FFFFFF]
      LayoutTable {TABLE} at (0,0) size 31x24
        LayoutTableSection {TBODY} at (0,0) size 31x24
          LayoutTableRow {TR} at (0,2) size 31x20
            LayoutTableCell {TD} at (2,2) size 27x20 [r=0 c=0 rs=1 cs=1]
              LayoutText {#text} at (1,1) size 25x18
                text run at (1,1) width 25: "Foo"
