layer at (0,0) size 800x600
  LayoutView at (0,0) size 800x600
layer at (0,0) size 800x600
  LayoutBlockFlow {HTML} at (0,0) size 800x600
    LayoutBlockFlow {BODY} at (8,8) size 784x584 [bgcolor=#3333FF]
      LayoutBlockFlow {CENTER} at (0,0) size 784x69
        LayoutTable {TABLE} at (183.50,0) size 417x69 [bgcolor=#FFFFFF] [border: (2px outset #808080)]
          LayoutBlockFlow {CAPTION} at (0,0) size 417x21
            LayoutInline {B} at (0,0) size 131x18
              LayoutInline {FONT} at (0,0) size 131x20 [color=#C0C0C0]
                LayoutText {#text} at (143,0) size 131x20
                  text run at (143,0) width 131: "Future Bugzilla"
            LayoutText {#text} at (0,0) size 0x0
          LayoutTableSection {TBODY} at (2,23) size 413x44
            LayoutTableRow {TR} at (0,2) size 413x19
              LayoutTableCell {TD} at (2,2) size 40x19 [bgcolor=#009900] [border: (1px inset #808080)] [r=0 c=0 rs=1 cs=1]
                LayoutBlockFlow {DIV} at (2,2) size 36x15
                  LayoutInline {B} at (0,0) size 36x18
                    LayoutInline {FONT} at (0,0) size 36x15
                      LayoutText {#text} at (0,0) size 36x15
                        text run at (0,0) width 36: "Credit"
              LayoutTableCell {TD} at (44,2) size 37x19 [bgcolor=#009900] [border: (1px inset #808080)] [r=0 c=1 rs=1 cs=1]
                LayoutInline {B} at (0,0) size 23x18
                  LayoutInline {FONT} at (0,0) size 23x15
                    LayoutText {#text} at (2,2) size 23x15
                      text run at (2,2) width 23: "Bug"
              LayoutTableCell {TD} at (83,2) size 136x19 [bgcolor=#009900] [border: (1px inset #808080)] [r=0 c=2 rs=1 cs=1]
                LayoutInline {B} at (0,0) size 55x18
                  LayoutInline {FONT} at (0,0) size 55x15
                    LayoutText {#text} at (2,2) size 55x15
                      text run at (2,2) width 55: "Summary"
              LayoutTableCell {TD} at (221,2) size 54x19 [bgcolor=#009900] [border: (1px inset #808080)] [r=0 c=3 rs=1 cs=1]
                LayoutInline {B} at (0,0) size 35x18
                  LayoutInline {FONT} at (0,0) size 35x15
                    LayoutText {#text} at (2,2) size 35x15
                      text run at (2,2) width 35: "Status"
              LayoutTableCell {TD} at (277,2) size 64x19 [bgcolor=#009900] [border: (1px inset #808080)] [r=0 c=4 rs=1 cs=1]
                LayoutInline {B} at (0,0) size 60x18
                  LayoutInline {FONT} at (0,0) size 60x15
                    LayoutText {#text} at (2,2) size 60x15
                      text run at (2,2) width 60: "Resolution"
              LayoutTableCell {TD} at (343,2) size 68x19 [bgcolor=#009900] [border: (1px inset #808080)] [r=0 c=5 rs=1 cs=1]
                LayoutInline {B} at (0,0) size 64x18
                  LayoutInline {FONT} at (0,0) size 64x15
                    LayoutText {#text} at (2,2) size 64x15
                      text run at (2,2) width 64: "Date (-8/-7)"
            LayoutTableRow {TR} at (0,23) size 413x19
              LayoutTableCell {TD} at (2,23) size 40x19 [bgcolor=#FF0000] [border: (1px inset #808080)] [r=1 c=0 rs=1 cs=1]
                LayoutInline {B} at (0,0) size 7x18
                  LayoutInline {FONT} at (0,0) size 7x15
                    LayoutText {#text} at (2,2) size 7x15
                      text run at (2,2) width 7: "1"
              LayoutTableCell {TD} at (44,23) size 37x19 [bgcolor=#FF0000] [border: (1px inset #808080)] [r=1 c=1 rs=1 cs=1]
                LayoutInline {B} at (0,0) size 33x18
                  LayoutInline {FONT} at (0,0) size 33x15
                    LayoutText {#text} at (0,0) size 0x0
                    LayoutInline {A} at (0,0) size 33x15
                      LayoutText {#text} at (2,2) size 33x15
                        text run at (2,2) width 33: "10000"
                    LayoutText {#text} at (0,0) size 0x0
              LayoutTableCell {TD} at (83,23) size 136x19 [bgcolor=#FF0000] [border: (1px inset #808080)] [r=1 c=2 rs=1 cs=1]
                LayoutInline {B} at (0,0) size 132x18
                  LayoutInline {FONT} at (0,0) size 132x15
                    LayoutText {#text} at (2,2) size 132x15
                      text run at (2,2) width 132: "JWZ returns to Mozilla"
              LayoutTableCell {TD} at (221,23) size 54x19 [bgcolor=#FF0000] [border: (1px inset #808080)] [r=1 c=3 rs=1 cs=1]
                LayoutInline {B} at (0,0) size 50x18
                  LayoutInline {FONT} at (0,0) size 50x15
                    LayoutText {#text} at (2,2) size 50x15
                      text run at (2,2) width 50: "Resolved"
              LayoutTableCell {TD} at (277,23) size 64x19 [bgcolor=#FF0000] [border: (1px inset #808080)] [r=1 c=4 rs=1 cs=1]
                LayoutInline {B} at (0,0) size 54x18
                  LayoutInline {FONT} at (0,0) size 54x15
                    LayoutText {#text} at (2,2) size 54x15
                      text run at (2,2) width 54: "Duplicate"
              LayoutTableCell {TD} at (343,23) size 68x19 [bgcolor=#FF0000] [border: (1px inset #808080)] [r=1 c=5 rs=1 cs=1]
                LayoutInline {B} at (0,0) size 34x18
                  LayoutInline {FONT} at (0,0) size 34x15
                    LayoutText {#text} at (2,2) size 34x15
                      text run at (2,2) width 34: "July 1"
