layer at (0,0) size 800x600
  LayoutView at (0,0) size 800x600
layer at (0,0) size 800x94
  LayoutBlockFlow {HTML} at (0,0) size 800x93.81
    LayoutBlockFlow {BODY} at (8,19.91) size 784x65.91
      LayoutBlockFlow {H2} at (0,0) size 784x28
        LayoutText {#text} at (0,0) size 204x28
          text run at (0,0) width 204: "table-column-group"
      LayoutTable {DIV} at (0,47.91) size 72x18
        LayoutTableCol {DIV} at (0,0) size 0x0
          LayoutTableCol {DIV} at (0,0) size 0x0
          LayoutTableCol {DIV} at (0,0) size 0x0
        LayoutTableSection (anonymous) at (0,0) size 72x18
          LayoutTableRow {DIV} at (0,0) size 72x18
            LayoutTableCell {DIV} at (0,0) size 36x18 [r=0 c=0 rs=1 cs=1]
              LayoutText {#text} at (0,0) size 36x18
                text run at (0,0) width 36: "white"
            LayoutTableCell {DIV} at (36,0) size 36x18 [r=0 c=1 rs=1 cs=1]
              LayoutText {#text} at (0,0) size 36x18
                text run at (0,0) width 36: "white"
