layer at (0,0) size 800x600
  LayoutView at (0,0) size 800x600
layer at (0,0) size 800x36
  LayoutBlockFlow {doc} at (0,0) size 800x36
    LayoutInline {p} at (0,0) size 757x18
      LayoutText {#text} at (0,0) size 757x18
        text run at (0,0) width 757: "The following text is in a caption element whose style is set to display:table-caption. The element is not inside a table."
    LayoutText {#text} at (756,0) size 5x18
      text run at (756,0) width 5: " "
    LayoutInline {captionelement} at (0,0) size 789x36
      LayoutText {#text} at (760,0) size 789x36
        text run at (760,0) width 29: "This"
        text run at (0,18) width 132: "is a caption element."
    LayoutText {#text} at (131,18) size 5x18
      text run at (131,18) width 5: " "
    LayoutInline {p} at (0,0) size 562x18
      LayoutText {#text} at (135,18) size 562x18
        text run at (135,18) width 562: "If there's no red text between this text and the previous text the caption is not displayed."
    LayoutText {#text} at (0,0) size 0x0
