layer at (0,0) size 800x600
  LayoutView at (0,0) size 800x600
layer at (0,0) size 800x600
  LayoutBlockFlow {HTML} at (0,0) size 800x600
    LayoutBlockFlow {BODY} at (8,8) size 784x584
      LayoutBlockFlow {P} at (0,0) size 784x36
        LayoutText {#text} at (0,0) size 778x36
          text run at (0,0) width 778: "The image below has a width of 459px. When the table below it has a width of 459px or greater, the bottom row overlaps"
          text run at (0,18) width 73: "the top row"
      LayoutBlockFlow (anonymous) at (0,52) size 784x18
        LayoutText {#text} at (0,0) size 142x18
          text run at (0,0) width 142: "Table with width=459"
        LayoutBR {BR} at (141,14) size 1x0
      LayoutTable {TABLE} at (0,70) size 784x254 [border: (1px outset #808080)]
        LayoutTableSection {TBODY} at (1,1) size 782x252
          LayoutTableRow {TR} at (0,2) size 782x152
            LayoutTableCell {TD} at (2,115) size 51x22 [border: (1px inset #808080)] [r=0 c=0 rs=2 cs=1]
              LayoutText {#text} at (2,2) size 47x18
                text run at (2,2) width 47: "sidebar"
            LayoutTableCell {TD} at (55,2) size 725x152 [border: (1px inset #808080)] [r=0 c=1 rs=1 cs=1]
              LayoutBlockFlow (anonymous) at (2,2) size 721x120
                LayoutImage {IMG} at (0,0) size 459x120
                LayoutText {#text} at (0,0) size 0x0
              LayoutTable {TABLE} at (2,122) size 459x28 [border: (1px outset #808080)]
                LayoutTableSection {TBODY} at (1,1) size 457x26
                  LayoutTableRow {TR} at (0,2) size 457x22
                    LayoutTableCell {TD} at (2,2) size 453x22 [border: (1px inset #808080)] [r=0 c=0 rs=1 cs=1]
                      LayoutText {#text} at (2,2) size 124x18
                        text run at (2,2) width 124: "THIS IS A TABLE"
          LayoutTableRow {TR} at (0,156) size 782x94
            LayoutTableCell {TD} at (55,156) size 725x94 [border: (1px inset #808080)] [r=1 c=1 rs=1 cs=1]
              LayoutText {#text} at (2,2) size 720x90
                text run at (2,2) width 597: "The XML Cover Pages is a comprehensive online reference work for the Extensible Markup "
                text run at (598,2) width 114: "Language (XML)"
                text run at (2,20) width 382: "and its parent, the Standard Generalized Markup Language "
                text run at (383,20) width 339: "(SGML). The reference collection features extensive"
                text run at (2,38) width 143: "documentation on the "
                text run at (144,38) width 505: "application of the open, interoperable \"markup language\" standards, including "
                text run at (648,38) width 35: "XSL,"
                text run at (2,56) width 697: "XSLT, XPath, XQuery, XLink, XPointer, XHTML, HyTime, DSSSL, CSS, SPDL, SVG, CGM, ISO-HTML,"
                text run at (2,74) width 71: "and others."
