layer at (0,0) size 800x600
  LayoutView at (0,0) size 800x600
layer at (0,0) size 800x600
  LayoutBlockFlow {HTML} at (0,0) size 800x600
    LayoutBlockFlow {BODY} at (8,8) size 784x584
      LayoutTable {TABLE} at (0,0) size 750x236 [border: (2px outset #808080)]
        LayoutTableSection {TBODY} at (2,2) size 746x232
          LayoutTableRow {TR} at (0,0) size 746x212
            LayoutTableCell {TD} at (0,0) size 477x212 [bgcolor=#FF0000] [border: (1px inset #808080)] [r=0 c=0 rs=1 cs=1]
              LayoutInline {A} at (0,0) size 286x18 [color=#0000EE]
                LayoutImage {IMG} at (1,1) size 286x209.72
            LayoutTableCell {TD} at (477,0) size 269x20 [bgcolor=#FFFF00] [border: (1px inset #808080)] [r=0 c=1 rs=2 cs=1]
              LayoutText {#text} at (1,1) size 169x18
                text run at (1,1) width 169: "ROWSPAN =2 in this cell"
          LayoutTableRow {TR} at (0,212) size 746x20
            LayoutTableCell {TD} at (0,212) size 477x20 [bgcolor=#FFFFFF] [border: (1px inset #808080)] [r=1 c=0 rs=1 cs=1]
              LayoutBlockFlow {P} at (1,1) size 475x18
                LayoutText {#text} at (0,0) size 302x18
                  text run at (0,0) width 302: "Hello, this text may appear on the image above"
