layer at (0,0) size 800x600
  LayoutView at (0,0) size 800x600
layer at (0,0) size 800x600
  LayoutBlockFlow {HTML} at (0,0) size 800x600
    LayoutBlockFlow {BODY} at (8,8) size 784x584
      LayoutTable {TABLE} at (0,0) size 653x233 [border: (1px outset #808080)]
        LayoutTableSection {TBODY} at (1,1) size 651x231
          LayoutTableRow {TR} at (0,2) size 651x227
            LayoutTableCell {TD} at (2,2) size 647x227 [border: (1px inset #808080)] [r=0 c=0 rs=1 cs=6]
              LayoutTable {TABLE} at (2,2) size 638x223 [border: (1px outset #808080)]
                LayoutTableSection {TBODY} at (1,1) size 636x221
                  LayoutTableRow {TR} at (0,2) size 636x22
                    LayoutTableCell {TD} at (2,2) size 632x22 [border: (1px inset #808080)] [r=0 c=0 rs=1 cs=1]
                      LayoutText {#text} at (2,2) size 22x18
                        text run at (2,2) width 22: "foo"
                  LayoutTableRow {TR} at (0,26) size 636x193
                    LayoutTableCell {TD} at (2,26) size 632x193 [border: (1px inset #808080)] [r=1 c=0 rs=1 cs=1]
                      LayoutTable {TABLE} at (2,2) size 628x189 [border: (1px outset #808080)]
                        LayoutTableSection {TBODY} at (1,1) size 626x187
                          LayoutTableRow {TR} at (0,2) size 626x47
                            LayoutTableCell {TD} at (2,2) size 25x22 [border: (1px inset #808080)] [r=0 c=0 rs=1 cs=1]
                              LayoutText {#text} at (2,2) size 21x18
                                text run at (2,2) width 21: "bar"
                            LayoutTableCell {TD} at (29,14) size 595x22 [border: (1px inset #808080)] [r=0 c=1 rs=1 cs=1]
                              LayoutText {#text} at (286,2) size 23x18
                                text run at (286,2) width 23: "baz"
                          LayoutTableRow {TR} at (0,51) size 626x134
                            LayoutTableCell {TD} at (2,51) size 25x22 [border: (1px inset #808080)] [r=1 c=0 rs=1 cs=1]
                              LayoutText {#text} at (2,2) size 20x18
                                text run at (2,2) width 20: "faz"
                            LayoutTableCell {TD} at (29,51) size 595x134 [border: (1px inset #808080)] [r=1 c=1 rs=1 cs=1]
                              LayoutTable {TABLE} at (2,2) size 591x130 [border: (1px outset #808080)]
                                LayoutTableSection {TBODY} at (1,1) size 589x128
                                  LayoutTableRow {TR} at (0,2) size 589x124
                                    LayoutTableCell {TD} at (2,2) size 585x124 [border: (1px inset #808080)] [r=0 c=0 rs=1 cs=2]
                                      LayoutTable {TABLE} at (2,2) size 581x120 [border: (1px outset #808080)]
                                        LayoutTableSection {TBODY} at (1,1) size 579x118
                                          LayoutTableRow {TR} at (0,2) size 579x114
                                            LayoutTableCell {TD} at (2,2) size 112x22 [border: (1px inset #808080)] [r=0 c=0 rs=1 cs=1]
                                              LayoutText {#text} at (2,2) size 24x18
                                                text run at (2,2) width 24: "frip"
                                            LayoutTableCell {TD} at (116,2) size 461x114 [border: (1px inset #808080)] [r=0 c=1 rs=1 cs=1]
                                              LayoutBlockFlow (anonymous) at (2,2) size 457x18
                                                LayoutText {#text} at (158,0) size 141x18
                                                  text run at (158,0) width 141: "Feel free to browse ..."
                                              LayoutBlockFlow {P} at (2,36) size 457x0
                                              LayoutBlockFlow {CENTER} at (2,36) size 457x76
                                                LayoutTable {TABLE} at (92,0) size 273x76 [border: (1px outset #808080)]
                                                  LayoutTableSection {TBODY} at (1,1) size 271x74
                                                    LayoutTableRow {TR} at (0,2) size 271x22
                                                      LayoutTableCell {TD} at (2,2) size 145x22 [border: (1px inset #808080)] [r=0 c=0 rs=1 cs=1]
                                                        LayoutInline {A} at (0,0) size 52x18 [color=#551A8B]
                                                          LayoutText {#text} at (2,2) size 52x18
                                                            text run at (2,2) width 52: "Holiday"
                                                      LayoutTableCell {TD} at (149,2) size 120x22 [border: (1px inset #808080)] [r=0 c=1 rs=1 cs=1]
                                                        LayoutInline {A} at (0,0) size 30x18 [color=#551A8B]
                                                          LayoutText {#text} at (2,2) size 30x18
                                                            text run at (2,2) width 30: "Cars"
                                                    LayoutTableRow {TR} at (0,26) size 271x22
                                                      LayoutTableCell {TD} at (2,26) size 145x22 [border: (1px inset #808080)] [r=1 c=0 rs=1 cs=1]
                                                        LayoutInline {A} at (0,0) size 41x18 [color=#551A8B]
                                                          LayoutText {#text} at (2,2) size 41x18
                                                            text run at (2,2) width 41: "Sports"
                                                      LayoutTableCell {TD} at (149,26) size 120x22 [border: (1px inset #808080)] [r=1 c=1 rs=1 cs=1]
                                                        LayoutInline {A} at (0,0) size 55x18 [color=#551A8B]
                                                          LayoutText {#text} at (2,2) size 55x18
                                                            text run at (2,2) width 55: "Animals"
                                                    LayoutTableRow {TR} at (0,50) size 271x22
                                                      LayoutTableCell {TD} at (2,50) size 145x22 [border: (1px inset #808080)] [r=2 c=0 rs=1 cs=1]
                                                        LayoutInline {A} at (0,0) size 71x18 [color=#551A8B]
                                                          LayoutText {#text} at (2,2) size 71x18
                                                            text run at (2,2) width 71: "Computers"
                                                      LayoutTableCell {TD} at (149,50) size 120x22 [border: (1px inset #808080)] [r=2 c=1 rs=1 cs=1]
                                                        LayoutInline {A} at (0,0) size 58x18 [color=#551A8B]
                                                          LayoutText {#text} at (2,2) size 58x18
                                                            text run at (2,2) width 58: "Cartoons"
      LayoutBlockFlow (anonymous) at (0,233) size 784x18
        LayoutBR {BR} at (0,0) size 0x18
      LayoutBlockFlow {P} at (0,267) size 784x54
        LayoutText {#text} at (0,0) size 560x18
          text run at (0,0) width 560: "The second (nested) table below has fixed widths 300px, 500px, 200px (outer to inner)."
        LayoutBR {BR} at (559,14) size 1x0
        LayoutText {#text} at (0,18) size 66x18
          text run at (0,18) width 66: "When the "
        LayoutInline {CODE} at (0,0) size 56x15
          LayoutText {#text} at (65,20) size 56x15
            text run at (65,20) width 56: "a:hover"
        LayoutText {#text} at (120,18) size 119x18
          text run at (120,18) width 119: " for 'Holiday' gets "
        LayoutInline {CODE} at (0,0) size 102x15
          LayoutText {#text} at (238,20) size 102x15
            text run at (238,20) width 102: "'onMouseOver'"
        LayoutText {#text} at (339,18) size 216x18
          text run at (339,18) width 216: ", the outer table reflows to 300px,"
        LayoutBR {BR} at (554,32) size 1x0
        LayoutText {#text} at (0,36) size 311x18
          text run at (0,36) width 311: "clipping the middle (500px) table in the process."
      LayoutTable {TABLE} at (0,337) size 300x28 [border: (1px outset #808080)]
        LayoutTableSection {TBODY} at (1,1) size 298x26
          LayoutTableRow {TR} at (0,2) size 298x22
            LayoutTableCell {TD} at (2,2) size 294x22 [border: (1px inset #808080)] [r=0 c=0 rs=1 cs=1]
              LayoutText {#text} at (2,2) size 177x18
                text run at (2,2) width 177: "300px wide for comparison"
      LayoutBlockFlow (anonymous) at (0,365) size 784x18
        LayoutBR {BR} at (0,0) size 0x18
      LayoutTable {TABLE} at (0,383) size 510x48 [border: (1px outset #808080)]
        LayoutTableSection {TBODY} at (1,1) size 508x46
          LayoutTableRow {TR} at (0,2) size 508x42
            LayoutTableCell {TD} at (2,2) size 504x42 [border: (1px inset #808080)] [r=0 c=0 rs=1 cs=1]
              LayoutTable {TABLE} at (2,2) size 500x38 [border: (1px outset #808080)]
                LayoutTableSection {TBODY} at (1,1) size 498x36
                  LayoutTableRow {TR} at (0,2) size 498x32
                    LayoutTableCell {TD} at (2,2) size 494x32 [border: (1px inset #808080)] [r=0 c=0 rs=1 cs=1]
                      LayoutTable {TABLE} at (2,2) size 200x28 [border: (1px outset #808080)]
                        LayoutTableSection {TBODY} at (1,1) size 198x26
                          LayoutTableRow {TR} at (0,2) size 198x22
                            LayoutTableCell {TD} at (2,2) size 194x22 [border: (1px inset #808080)] [r=0 c=0 rs=1 cs=1]
                              LayoutInline {A} at (0,0) size 52x18 [color=#551A8B]
                                LayoutText {#text} at (2,2) size 52x18
                                  text run at (2,2) width 52: "Holiday"
