layer at (0,0) size 800x600
  LayoutView at (0,0) size 800x600
layer at (0,0) size 800x600
  LayoutBlockFlow {HTML} at (0,0) size 800x600
    LayoutBlockFlow {BODY} at (8,8) size 784x584
      LayoutTable {TABLE} at (0,0) size 768x193
        LayoutTableSection {TBODY} at (0,0) size 768x193
          LayoutTableRow {TR} at (0,2) size 768x143
            LayoutTableCell {TD} at (2,2) size 759x143 [r=0 c=0 rs=1 cs=1]
              LayoutTable {TABLE} at (1,1) size 506x141
                LayoutTableSection {TBODY} at (0,0) size 506x141
                  LayoutTableRow {TR} at (0,2) size 506x137
                    LayoutTableCell {TD} at (2,2) size 502x137 [r=0 c=0 rs=1 cs=1]
                      LayoutImage {IMG} at (1,1) size 220x135
                      LayoutText {#text} at (0,0) size 0x0
            LayoutTableCell {TD} at (763,86) size 3x20 [r=0 c=1 rs=2 cs=1]
              LayoutBR {BR} at (1,1) size 0x18
          LayoutTableRow {TR} at (0,147) size 768x44
            LayoutTableCell {TD} at (2,147) size 764x44 [r=1 c=0 rs=1 cs=2]
              LayoutTable {TABLE} at (1,1) size 468x42
                LayoutTableSection {TBODY} at (0,0) size 468x42
                  LayoutTableRow {TR} at (0,2) size 468x38
                    LayoutTableCell {TD} at (2,20) size 84x2 [r=0 c=0 rs=1 cs=1]
                    LayoutTableCell {TD} at (88,2) size 378x38 [r=0 c=1 rs=1 cs=1]
                      LayoutBlockFlow {P} at (1,1) size 376x36
                        LayoutText {#text} at (0,0) size 4x18
                          text run at (0,0) width 4: " "
                        LayoutInline {FONT} at (0,0) size 350x36
                          LayoutText {#text} at (4,0) size 350x36
                            text run at (4,0) width 17: "to "
                            text run at (20,0) width 330: "Receive 50% Off Home Delivery of The New York"
                            text run at (0,18) width 119: "Times Newspaper."
