layer at (0,0) size 800x600
  LayoutView at (0,0) size 800x600
layer at (0,0) size 800x600
  LayoutBlockFlow {HTML} at (0,0) size 800x600
    LayoutBlockFlow {BODY} at (8,8) size 784x584
      LayoutTable {TABLE} at (0,0) size 784x76
        LayoutTableSection {TBODY} at (0,0) size 784x76
          LayoutTableRow {TR} at (0,2) size 784x26
            LayoutTableCell {TD} at (2,2) size 780x26 [r=0 c=0 rs=1 cs=1]
              LayoutTable {TABLE} at (1,1) size 778x24
                LayoutTableSection {TBODY} at (0,0) size 778x24
                  LayoutTableRow {TR} at (0,2) size 778x20
                    LayoutTableCell {TD} at (2,2) size 774x20 [r=0 c=0 rs=1 cs=1]
                      LayoutText {#text} at (1,1) size 242x18
                        text run at (1,1) width 242: "text below cant break out of this table"
          LayoutTableRow {TR} at (0,30) size 784x44
            LayoutTableCell {TD} at (2,30) size 780x44 [r=1 c=0 rs=1 cs=1]
              LayoutTable {TABLE} at (1,1) size 778x42
                LayoutTableSection {TBODY} at (0,0) size 778x42
                  LayoutTableRow {TR} at (0,2) size 778x38
                    LayoutTableCell {TD} at (2,2) size 774x38 [r=0 c=0 rs=1 cs=1]
                      LayoutText {#text} at (1,1) size 769x36
                        text run at (1,1) width 548: "Text Text Text Text Text Text Text Text Text Text Text Text Text Text Text Text Text "
                        text run at (548,1) width 222: "Text Text Text Text Text Text Text"
                        text run at (1,19) width 319: "Text Text Text Text Text Text Text Text Text Text"
