layer at (0,0) size 800x600
  LayoutView at (0,0) size 800x600
layer at (0,0) size 800x600
  LayoutBlockFlow {HTML} at (0,0) size 800x600
    LayoutBlockFlow {BODY} at (8,8) size 784x584
      LayoutTable {TABLE} at (0,0) size 105x52 [border: (1px solid #FF0000)]
        LayoutTableSection {TBODY} at (1,1) size 103x50
          LayoutTableRow {TR} at (0,2) size 103x22
            LayoutTableCell {TD} at (2,2) size 31x22 [border: (1px solid #008000)] [r=0 c=0 rs=1 cs=1]
              LayoutText {#text} at (2,2) size 24x18
                text run at (2,2) width 24: "one"
            LayoutTableCell {TD} at (35,2) size 28x22 [border: (1px solid #FF0000)] [r=0 c=1 rs=1 cs=1]
              LayoutText {#text} at (2,2) size 24x18
                text run at (2,2) width 24: "two"
            LayoutTableCell {TD} at (65,2) size 36x22 [border: (1px solid #0000FF)] [r=0 c=2 rs=1 cs=1]
              LayoutText {#text} at (2,2) size 32x18
                text run at (2,2) width 32: "three"
          LayoutTableRow {TR} at (0,26) size 103x22
            LayoutTableCell {TD} at (2,26) size 31x22 [border: (1px solid #008000)] [r=1 c=0 rs=1 cs=1]
              LayoutText {#text} at (2,2) size 27x18
                text run at (2,2) width 27: "four"
            LayoutTableCell {TD} at (35,26) size 28x22 [border: (1px solid #FFFF00)] [r=1 c=1 rs=1 cs=1]
              LayoutText {#text} at (2,2) size 24x18
                text run at (2,2) width 24: "five"
            LayoutTableCell {TD} at (65,26) size 36x22 [border: (1px solid #FFA500)] [r=1 c=2 rs=1 cs=1]
              LayoutText {#text} at (2,2) size 19x18
                text run at (2,2) width 19: "six"
      LayoutBlockFlow (anonymous) at (0,52) size 784x18
        LayoutBR {BR} at (0,0) size 0x18
      LayoutTable {TABLE} at (0,70) size 105x52 [border: (1px solid #FF0000)]
        LayoutTableSection {TBODY} at (1,1) size 103x50
          LayoutTableRow {TR} at (0,2) size 103x22
            LayoutTableCell {TD} at (2,2) size 31x22 [border: (1px solid #008000)] [r=0 c=0 rs=1 cs=1]
              LayoutText {#text} at (2,2) size 24x18
                text run at (2,2) width 24: "one"
            LayoutTableCell {TD} at (35,2) size 28x22 [border: (1px solid #FF0000)] [r=0 c=1 rs=1 cs=1]
              LayoutText {#text} at (2,2) size 24x18
                text run at (2,2) width 24: "two"
            LayoutTableCell {TD} at (65,2) size 36x22 [border: (1px solid #0000FF)] [r=0 c=2 rs=1 cs=1]
              LayoutText {#text} at (2,2) size 32x18
                text run at (2,2) width 32: "three"
          LayoutTableRow {TR} at (0,26) size 103x22
            LayoutTableCell {TD} at (2,26) size 31x22 [border: (1px solid #008000)] [r=1 c=0 rs=1 cs=1]
              LayoutText {#text} at (2,2) size 27x18
                text run at (2,2) width 27: "four"
            LayoutTableCell {TD} at (35,26) size 28x22 [border: (1px solid #FFFF00)] [r=1 c=1 rs=1 cs=1]
              LayoutText {#text} at (2,2) size 24x18
                text run at (2,2) width 24: "five"
            LayoutTableCell {TD} at (65,26) size 36x22 [border: (1px solid #FFA500)] [r=1 c=2 rs=1 cs=1]
              LayoutText {#text} at (2,2) size 19x18
                text run at (2,2) width 19: "six"
      LayoutBlockFlow (anonymous) at (0,122) size 784x36
        LayoutBR {BR} at (0,0) size 0x18
        LayoutText {#text} at (0,18) size 233x18
          text run at (0,18) width 233: "should be 2px solid red around table"
      LayoutTable {TABLE} at (0,158) size 74x30 [border: (2px solid #FF0000)]
        LayoutTableSection {TBODY} at (2,2) size 70x26
          LayoutTableRow {TR} at (0,2) size 70x22
            LayoutTableCell {TD} at (2,2) size 31x22 [border: (1px inset #FF0000)] [r=0 c=0 rs=1 cs=1]
              LayoutText {#text} at (2,2) size 27x18
                text run at (2,2) width 27: "One"
            LayoutTableCell {TD} at (35,2) size 33x22 [border: (1px inset #FF0000)] [r=0 c=1 rs=1 cs=1]
              LayoutText {#text} at (2,2) size 29x18
                text run at (2,2) width 29: "Two"
      LayoutBlockFlow (anonymous) at (0,188) size 784x36
        LayoutBR {BR} at (0,0) size 0x18
        LayoutText {#text} at (0,18) size 262x18
          text run at (0,18) width 262: "should be medium solid red around table"
      LayoutTable {TABLE} at (0,224) size 76x32 [border: (3px solid #FF0000)]
        LayoutTableSection {TBODY} at (3,3) size 70x26
          LayoutTableRow {TR} at (0,2) size 70x22
            LayoutTableCell {TD} at (2,2) size 31x22 [border: (1px inset #FF0000)] [r=0 c=0 rs=1 cs=1]
              LayoutText {#text} at (2,2) size 27x18
                text run at (2,2) width 27: "One"
            LayoutTableCell {TD} at (35,2) size 33x22 [border: (1px inset #FF0000)] [r=0 c=1 rs=1 cs=1]
              LayoutText {#text} at (2,2) size 29x18
                text run at (2,2) width 29: "Two"
