layer at (0,0) size 800x600
  LayoutView at (0,0) size 800x600
layer at (0,0) size 800x236
  LayoutBlockFlow {HTML} at (0,0) size 800x235.88
    LayoutBlockFlow {BODY} at (8,21.44) size 784x206.44
      LayoutBlockFlow {H1} at (0,0) size 784x37
        LayoutText {#text} at (0,0) size 353x37
          text run at (0,0) width 353: "insertRow() bugs, 0 based"
      LayoutTable {TABLE} at (0,58.44) size 151x148 [border: (1px outset #808080)]
        LayoutTableSection {TBODY} at (1,1) size 149x146
          LayoutTableRow {TR} at (0,2) size 149x22
            LayoutTableCell {TD} at (2,2) size 145x22 [border: (1px inset #808080)] [r=0 c=0 rs=1 cs=1]
              LayoutText {#text} at (2,2) size 141x18
                text run at (2,2) width 141: "This is row number 0."
          LayoutTableRow {TR} at (0,26) size 149x22
            LayoutTableCell {TD} at (2,26) size 145x22 [border: (1px inset #808080)] [r=1 c=0 rs=1 cs=1]
              LayoutText {#text} at (2,2) size 141x18
                text run at (2,2) width 141: "This is row number 1."
          LayoutTableRow {TR} at (0,50) size 149x22
            LayoutTableCell {TD} at (2,50) size 145x22 [border: (1px inset #808080)] [r=2 c=0 rs=1 cs=1]
              LayoutText {#text} at (2,2) size 141x18
                text run at (2,2) width 141: "This is row number 2."
          LayoutTableRow {TR} at (0,74) size 149x22
            LayoutTableCell {TD} at (2,74) size 145x22 [border: (1px inset #808080)] [r=3 c=0 rs=1 cs=1]
              LayoutText {#text} at (2,2) size 141x18
                text run at (2,2) width 141: "This is row number 3."
          LayoutTableRow {TR} at (0,98) size 149x22
            LayoutTableCell {TD} at (2,98) size 145x22 [border: (1px inset #808080)] [r=4 c=0 rs=1 cs=1]
              LayoutText {#text} at (2,2) size 141x18
                text run at (2,2) width 141: "This is row number 4."
          LayoutTableRow {TR} at (0,122) size 149x22
            LayoutTableCell {TD} at (2,122) size 145x22 [border: (1px inset #808080)] [r=5 c=0 rs=1 cs=1]
              LayoutText {#text} at (2,2) size 141x18
                text run at (2,2) width 141: "This is row number 5."
