layer at (0,0) size 800x600
  LayoutView at (0,0) size 800x600
layer at (0,0) size 800x600
  LayoutBlockFlow {HTML} at (0,0) size 800x600
    LayoutBlockFlow {BODY} at (0,0) size 800x584
      LayoutBlockFlow {P} at (0,0) size 800x54
        LayoutText {#text} at (20,0) size 641x18
          text run at (20,0) width 438: "Here's the structure of the problem table (which usually begins with "
          text run at (457,0) width 66: "'N E W S "
          text run at (522,0) width 139: "H E A D L I N E S'). "
        LayoutBR {BR} at (660,14) size 1x0
        LayoutText {#text} at (20,18) size 331x18
          text run at (20,18) width 331: "This table is width 100%; two rows; three columns;"
        LayoutBR {BR} at (350,32) size 1x0
        LayoutText {#text} at (20,36) size 473x18
          text run at (20,36) width 473: "The first row: widths 15, 125, 15 ... The second row: widths 15, 100%, 15"
      LayoutTable {TABLE} at (0,70) size 800x39 [border: (1px outset #808080)]
        LayoutTableSection {TBODY} at (1,1) size 798x37
          LayoutTableRow {TR} at (0,0) size 798x17
            LayoutTableCell {TD} at (0,7) size 17x3 [bgcolor=#666666] [border: (1px inset #808080)] [r=0 c=0 rs=1 cs=1]
              LayoutImage {IMG} at (1,1) size 15x1
            LayoutTableCell {TD} at (17,0) size 764x17 [border: (1px inset #808080)] [r=0 c=1 rs=1 cs=1]
              LayoutBlockFlow {IMG} at (1,1) size 110x15
            LayoutTableCell {TD} at (781,7) size 17x3 [bgcolor=#666666] [border: (1px inset #808080)] [r=0 c=2 rs=1 cs=1]
              LayoutImage {IMG} at (1,1) size 15x1
          LayoutTableRow {TR} at (0,17) size 798x20
            LayoutTableCell {TD} at (0,25) size 17x3 [bgcolor=#666666] [border: (1px inset #808080)] [r=1 c=0 rs=1 cs=1]
              LayoutImage {IMG} at (1,1) size 15x1
            LayoutTableCell {TD} at (17,17) size 764x20 [border: (1px inset #808080)] [r=1 c=1 rs=1 cs=1]
              LayoutText {#text} at (1,1) size 24x18
                text run at (1,1) width 24: "that"
            LayoutTableCell {TD} at (781,25) size 17x3 [bgcolor=#666666] [border: (1px inset #808080)] [r=1 c=2 rs=1 cs=1]
              LayoutBlockFlow {IMG} at (1,1) size 15x1
      LayoutBlockFlow {P} at (0,125) size 800x36
        LayoutText {#text} at (20,0) size 729x36
          text run at (20,0) width 263: "Here's the first row in a table on its own. "
          text run at (282,0) width 467: "This table is width 100%; one rows; three columns; This row: widths 15,"
          text run at (20,18) width 48: "125, 15"
      LayoutTable {TABLE} at (0,177) size 800x19 [border: (1px outset #808080)]
        LayoutTableSection {TBODY} at (1,1) size 798x17
          LayoutTableRow {TR} at (0,0) size 798x17
            LayoutTableCell {TD} at (0,7) size 84x3 [bgcolor=#666666] [border: (1px inset #808080)] [r=0 c=0 rs=1 cs=1]
              LayoutBlockFlow {IMG} at (1,1) size 15x1
            LayoutTableCell {TD} at (84,0) size 629x17 [border: (1px inset #808080)] [r=0 c=1 rs=1 cs=1]
              LayoutBlockFlow {IMG} at (1,1) size 110x15
            LayoutTableCell {TD} at (713,7) size 85x3 [bgcolor=#666666] [border: (1px inset #808080)] [r=0 c=2 rs=1 cs=1]
              LayoutBlockFlow {IMG} at (1,1) size 15x1
      LayoutBlockFlow {P} at (0,212) size 800x36
        LayoutText {#text} at (20,0) size 749x36
          text run at (20,0) width 283: "Here's the second row in a table on its own. "
          text run at (302,0) width 467: "This table is width 100%; one rows; three columns; This row: widths 15,"
          text run at (20,18) width 62: "100%, 15"
      LayoutTable {TABLE} at (0,264) size 800x22 [border: (1px outset #808080)]
        LayoutTableSection {TBODY} at (1,1) size 798x20
          LayoutTableRow {TR} at (0,0) size 798x20
            LayoutTableCell {TD} at (0,8) size 17x3 [bgcolor=#666666] [border: (1px inset #808080)] [r=0 c=0 rs=1 cs=1]
              LayoutImage {IMG} at (1,1) size 15x1
            LayoutTableCell {TD} at (17,0) size 764x20 [border: (1px inset #808080)] [r=0 c=1 rs=1 cs=1]
              LayoutText {#text} at (1,1) size 24x18
                text run at (1,1) width 24: "that"
            LayoutTableCell {TD} at (781,8) size 17x3 [bgcolor=#666666] [border: (1px inset #808080)] [r=0 c=2 rs=1 cs=1]
              LayoutImage {IMG} at (1,1) size 15x1
      LayoutBlockFlow {P} at (0,302) size 800x36
        LayoutText {#text} at (20,0) size 742x36
          text run at (20,0) width 626: "Note that in Nav4.x, the middle column gets the width of the maximum width cell in the column; "
          text run at (645,0) width 117: "on 5.0, the middle"
          text run at (20,18) width 228: "column gets the opposite treatment."
layer at (19,72) size 110x15 clip at (20,73) size 108x13 scrollHeight 18
  LayoutBlockFlow {DIV} at (0,0) size 110x15 [border: (1px solid #C0C0C0)]
    LayoutImage (floating) {IMG} at (2,2) size 16x16
layer at (37,74) size 90x0
  LayoutBlockFlow {DIV} at (18,2) size 90x0
layer at (783,97) size 15x4 clip at (784,98) size 13x2 scrollWidth 17 scrollHeight 18
  LayoutBlockFlow {DIV} at (0,0) size 15x4 [border: (1px solid #C0C0C0)]
    LayoutImage (floating) {IMG} at (2,2) size 16x16
layer at (801,99) size 0x0
  LayoutBlockFlow {DIV} at (18,2) size 0x0
layer at (2,186) size 15x4 clip at (3,187) size 13x2 scrollWidth 17 scrollHeight 18
  LayoutBlockFlow {DIV} at (0,0) size 15x4 [border: (1px solid #C0C0C0)]
    LayoutImage (floating) {IMG} at (2,2) size 16x16
layer at (20,188) size 0x0
  LayoutBlockFlow {DIV} at (18,2) size 0x0
layer at (86,179) size 110x15 clip at (87,180) size 108x13 scrollHeight 18
  LayoutBlockFlow {DIV} at (0,0) size 110x15 [border: (1px solid #C0C0C0)]
    LayoutImage (floating) {IMG} at (2,2) size 16x16
layer at (104,181) size 90x0
  LayoutBlockFlow {DIV} at (18,2) size 90x0
layer at (715,186) size 15x4 clip at (716,187) size 13x2 scrollWidth 17 scrollHeight 18
  LayoutBlockFlow {DIV} at (0,0) size 15x4 [border: (1px solid #C0C0C0)]
    LayoutImage (floating) {IMG} at (2,2) size 16x16
layer at (733,188) size 0x0
  LayoutBlockFlow {DIV} at (18,2) size 0x0
