layer at (0,0) size 800x600
  LayoutView at (0,0) size 800x600
layer at (0,0) size 800x600
  LayoutBlockFlow {HTML} at (0,0) size 800x600
    LayoutBlockFlow {BODY} at (8,8) size 784x584
      LayoutBlockFlow (anonymous) at (0,0) size 784x18
        LayoutText {#text} at (0,0) size 354x18
          text run at (0,0) width 354: "The window needs to be resized smaller to see the bug "
        LayoutBR {BR} at (353,14) size 1x0
      LayoutTable {TABLE} at (0,18) size 457x24
        LayoutTableSection {TBODY} at (0,0) size 457x24
          LayoutTableRow {TR} at (0,2) size 457x20
            LayoutTableCell {TD} at (2,2) size 35x20 [r=0 c=0 rs=1 cs=1]
              LayoutText {#text} at (1,1) size 33x18
                text run at (1,1) width 33: "Back"
            LayoutTableCell {TD} at (39,2) size 57x20 [r=0 c=1 rs=1 cs=1]
              LayoutText {#text} at (1,1) size 55x18
                text run at (1,1) width 55: "Forward"
            LayoutTableCell {TD} at (98,2) size 48x20 [r=0 c=2 rs=1 cs=1]
              LayoutText {#text} at (1,1) size 46x18
                text run at (1,1) width 46: "Reload"
            LayoutTableCell {TD} at (148,2) size 42x20 [r=0 c=3 rs=1 cs=1]
              LayoutText {#text} at (1,1) size 40x18
                text run at (1,1) width 40: "Home"
            LayoutTableCell {TD} at (192,2) size 46x20 [r=0 c=4 rs=1 cs=1]
              LayoutText {#text} at (1,1) size 44x18
                text run at (1,1) width 44: "Search"
            LayoutTableCell {TD} at (240,2) size 87x20 [r=0 c=5 rs=1 cs=1]
              LayoutText {#text} at (1,1) size 85x18
                text run at (1,1) width 85: "My Netscape"
            LayoutTableCell {TD} at (329,2) size 34x20 [r=0 c=6 rs=1 cs=1]
              LayoutText {#text} at (1,1) size 32x18
                text run at (1,1) width 32: "Print"
            LayoutTableCell {TD} at (365,2) size 56x20 [r=0 c=7 rs=1 cs=1]
              LayoutText {#text} at (1,1) size 54x18
                text run at (1,1) width 54: "Security"
            LayoutTableCell {TD} at (423,2) size 32x20 [r=0 c=8 rs=1 cs=1]
              LayoutText {#text} at (1,1) size 30x18
                text run at (1,1) width 30: "Stop"
