layer at (0,0) size 800x600
  LayoutView at (0,0) size 800x600
layer at (0,0) size 800x600
  LayoutBlockFlow {HTML} at (0,0) size 800x600
    LayoutBlockFlow {BODY} at (8,8) size 784x584 [bgcolor=#FFFFFF]
      LayoutInline {A} at (0,0) size 66x18 [color=#0000EE]
        LayoutText {#text} at (0,0) size 66x18
          text run at (0,0) width 66: "Hide Blue"
      LayoutText {#text} at (65,0) size 13x18
        text run at (65,0) width 13: "   "
      LayoutInline {A} at (0,0) size 71x18 [color=#0000EE]
        LayoutText {#text} at (77,0) size 71x18
          text run at (77,0) width 71: "Show Blue"
      LayoutText {#text} at (147,0) size 13x18
        text run at (147,0) width 13: "   "
      LayoutBR {BR} at (0,0) size 0x0
      LayoutText {#text} at (0,18) size 185x18
        text run at (0,18) width 185: "Should not see the blue table"
      LayoutBR {BR} at (184,32) size 1x0
      LayoutBR {BR} at (0,36) size 0x18
