layer at (0,0) size 800x600
  LayoutView at (0,0) size 800x600
layer at (0,0) size 800x600
  LayoutBlockFlow {HTML} at (0,0) size 800x600
    LayoutBlockFlow {BODY} at (8,8) size 784x584
      LayoutTable {TABLE} at (0,0) size 784x584 [border: (1px outset #808080)]
        LayoutTableSection {TBODY} at (1,1) size 782x582
          LayoutTableRow {TR} at (0,2) size 782x288
            LayoutTableCell {TD} at (2,135) size 778x22 [border: (1px inset #808080)] [r=0 c=0 rs=1 cs=1]
              LayoutText {#text} at (2,2) size 21x18
                text run at (2,2) width 21: "top"
          LayoutTableRow {TR} at (0,292) size 782x288
            LayoutTableCell {TD} at (2,425) size 778x22 [border: (1px inset #808080)] [r=1 c=0 rs=1 cs=1]
              LayoutText {#text} at (2,2) size 46x18
                text run at (2,2) width 46: "bottom"
