layer at (0,0) size 800x600
  LayoutView at (0,0) size 800x600
layer at (0,0) size 800x600
  LayoutBlockFlow {HTML} at (0,0) size 800x600
    LayoutBlockFlow {BODY} at (8,8) size 784x584
      LayoutTable {TABLE} at (0,0) size 784x231
        LayoutTableSection {TBODY} at (0,0) size 784x231
          LayoutTableRow {TR} at (0,2) size 784x227
            LayoutTableCell {TD} at (2,2) size 127x227 [r=0 c=0 rs=1 cs=1]
              LayoutBlockFlow (floating) {DIV} at (1,1) size 15x100 [bgcolor=#0000FF]
                LayoutText {#text} at (0,0) size 4x18
                  text run at (0,0) width 4: " "
              LayoutImage {IMG} at (1,101) size 125x125
            LayoutTableCell {TD} at (131,105) size 651x20 [r=0 c=1 rs=1 cs=1]
              LayoutText {#text} at (1,1) size 4x18
                text run at (1,1) width 4: " "
