layer at (0,0) size 800x600
  LayoutView at (0,0) size 800x600
layer at (0,0) size 800x600
  LayoutBlockFlow {HTML} at (0,0) size 800x600
    LayoutBlockFlow {BODY} at (8,8) size 784x584
      LayoutTable {TABLE} at (0,0) size 784x278 [border: (4px solid #0000FF)]
        LayoutTableSection {TBODY} at (4,4) size 776x270
          LayoutTableRow {TR} at (0,2) size 776x266
            LayoutTableCell {TD} at (2,2) size 599x110 [border: (1px solid #0000FF)] [r=0 c=0 rs=1 cs=1]
              LayoutTable {TABLE} at (2,2) size 595x106 [border: (4px solid #008000)]
                LayoutTableSection {TBODY} at (4,4) size 587x98
                  LayoutTableRow {TR} at (0,2) size 587x94
                    LayoutTableCell {TD} at (2,2) size 583x94 [border: (1px solid #008000)] [r=0 c=0 rs=1 cs=1]
                      LayoutText {#text} at (2,2) size 578x90
                        text run at (2,2) width 578: "this is a bunch of text. this is a bunch of text. this is a bunch of text. this is a bunch of text."
                        text run at (2,20) width 578: "this is a bunch of text. this is a bunch of text. this is a bunch of text. this is a bunch of text."
                        text run at (2,38) width 578: "this is a bunch of text. this is a bunch of text. this is a bunch of text. this is a bunch of text."
                        text run at (2,56) width 578: "this is a bunch of text. this is a bunch of text. this is a bunch of text. this is a bunch of text."
                        text run at (2,74) width 287: "this is a bunch of text. this is a bunch of text."
            LayoutTableCell {TD} at (603,2) size 171x266 [border: (1px solid #0000FF)] [r=0 c=1 rs=1 cs=1]
              LayoutTable {TABLE} at (2,2) size 167x262 [border: (4px solid #008000)]
                LayoutTableSection {TBODY} at (4,4) size 159x254
                  LayoutTableRow {TR} at (0,2) size 159x250
                    LayoutTableCell {TD} at (2,2) size 155x250 [border: (1px solid #008000)] [r=0 c=0 rs=1 cs=1]
                      LayoutBlockFlow (anonymous) at (2,2) size 151x18
                        LayoutText {#text} at (0,0) size 121x18
                          text run at (0,0) width 121: "this cell is nowrap."
                      LayoutTable {TABLE} at (2,20) size 151x228 [border: (4px solid #FF0000)]
                        LayoutTableSection {TBODY} at (4,4) size 143x220
                          LayoutTableRow {TR} at (0,2) size 143x216
                            LayoutTableCell {TD} at (2,2) size 139x216 [border: (1px solid #FF0000)] [r=0 c=0 rs=1 cs=1]
                              LayoutBlockFlow (anonymous) at (2,2) size 135x54
                                LayoutText {#text} at (0,0) size 130x54
                                  text run at (0,0) width 121: "this text is in a cell"
                                  text run at (0,18) width 130: "of a table, contained"
                                  text run at (0,36) width 24: "in a"
                              LayoutBlockFlow {P} at (2,72) size 135x18
                                LayoutInline {B} at (0,0) size 135x18
                                  LayoutText {#text} at (0,0) size 135x18
                                    text run at (0,0) width 135: "cell with NOWRAP"
                              LayoutBlockFlow (anonymous) at (2,106) size 135x108
                                LayoutText {#text} at (0,0) size 132x108
                                  text run at (0,0) width 123: "but this text should"
                                  text run at (0,18) width 42: "wrap! "
                                  text run at (41,18) width 85: "only the bold"
                                  text run at (0,36) width 132: "text should not wrap"
                                  text run at (0,54) width 70: "be cause is"
                                  text run at (0,72) width 103: "contained in a P"
                                  text run at (0,90) width 90: "that's nowrap."
      LayoutBlockFlow (anonymous) at (0,278) size 784x36
        LayoutBR {BR} at (0,0) size 0x18
        LayoutText {#text} at (0,18) size 329x18
          text run at (0,18) width 329: "Tables have a thick border, cells have a thin border."
