layer at (0,0) size 800x600
  LayoutView at (0,0) size 800x600
layer at (0,0) size 800x600
  LayoutBlockFlow {HTML} at (0,0) size 800x600
    LayoutBlockFlow {BODY} at (8,8) size 784x584
      LayoutBlockFlow (anonymous) at (0,0) size 784x18
        LayoutText {#text} at (0,0) size 109x18
          text run at (0,0) width 109: "table height=200"
      LayoutTable {TABLE} at (0,18) size 113x200 [border: (1px outset #808080)]
        LayoutTableSection {TBODY} at (1,1) size 111x198
          LayoutTableRow {TR} at (0,2) size 111x156
            LayoutTableCell {TD} at (2,69) size 107x22 [border: (1px inset #808080)] [r=0 c=0 rs=1 cs=1]
              LayoutText {#text} at (2,2) size 103x18
                text run at (2,2) width 103: "80% height row"
          LayoutTableRow {TR} at (0,160) size 111x36
            LayoutTableCell {TD} at (2,167) size 107x22 [border: (1px inset #808080)] [r=1 c=0 rs=1 cs=1]
              LayoutText {#text} at (2,2) size 103x18
                text run at (2,2) width 103: "80% height row"
      LayoutBlockFlow (anonymous) at (0,218) size 784x36
        LayoutBR {BR} at (0,0) size 0x18
        LayoutText {#text} at (0,18) size 109x18
          text run at (0,18) width 109: "table height=200"
      LayoutTable {TABLE} at (0,254) size 107x306 [border: (1px outset #808080)]
        LayoutTableSection {TBODY} at (1,1) size 105x304
          LayoutTableRow {TR} at (0,2) size 105x300
            LayoutTableCell {TD} at (2,141) size 101x22 [border: (1px inset #808080)] [r=0 c=0 rs=1 cs=1]
              LayoutText {#text} at (2,2) size 97x18
                text run at (2,2) width 97: "400 height row"
