layer at (0,0) size 800x600
  LayoutView at (0,0) size 800x600
layer at (0,0) size 800x600
  LayoutBlockFlow {HTML} at (0,0) size 800x600
    LayoutBlockFlow {BODY} at (8,8) size 784x584 [bgcolor=#FFFFFF]
      LayoutBlockFlow (anonymous) at (0,0) size 784x18
        LayoutText {#text} at (0,0) size 470x18
          text run at (0,0) width 470: "the purple text input control must be in the same line with the grey image"
      LayoutTable {TABLE} at (0,18) size 271x44
        LayoutTableSection {TBODY} at (0,0) size 271x44
          LayoutTableRow {TR} at (0,2) size 271x40
            LayoutTableCell {TD} at (2,2) size 267x40 [bgcolor=#CCDDFF] [border: (1px solid #000000)] [r=0 c=0 rs=1 cs=1]
              LayoutTextControl {INPUT} at (3,18) size 131x19 [bgcolor=#CCAAFF] [border: (2px inset #EEEEEE)]
              LayoutImage {IMG} at (137,4) size 126x26 [bgcolor=#C0C0C0] [border: (1px solid #000000)]
layer at (16,49) size 125x13
  LayoutBlockFlow {DIV} at (3,3) size 125x13
