layer at (0,0) size 800x600
  LayoutView at (0,0) size 800x600
layer at (0,0) size 800x600
  LayoutBlockFlow {HTML} at (0,0) size 800x600
    LayoutBlockFlow {BODY} at (8,8) size 784x584 [bgcolor=#FFFFFF]
      LayoutTable {TABLE} at (0,0) size 83x28
        LayoutTableSection {TBODY} at (0,0) size 83x28
          LayoutTableRow {TR} at (0,5) size 83x18
            LayoutTableCell {TD} at (5,5) size 31x18 [r=0 c=0 rs=1 cs=1]
              LayoutText {#text} at (0,0) size 31x18
                text run at (0,0) width 31: "Blah"
            LayoutTableCell {TD} at (41,14) size 1x0 [bgcolor=#000000] [r=0 c=1 rs=1 cs=1]
              LayoutInline {SPACER} at (0,0) size 0x0
            LayoutTableCell {TD} at (47,5) size 31x18 [r=0 c=2 rs=1 cs=1]
              LayoutText {#text} at (0,0) size 31x18
                text run at (0,0) width 31: "Blah"
      LayoutBlockFlow (anonymous) at (0,28) size 784x18
        LayoutBR {BR} at (0,0) size 0x18
