layer at (0,0) size 800x600 scrollWidth 2410
  LayoutView at (0,0) size 800x600
layer at (0,0) size 800x600
  LayoutBlockFlow {HTML} at (0,0) size 800x600
    LayoutBlockFlow {BODY} at (8,8) size 784x584
      LayoutBlockFlow (anonymous) at (0,0) size 784x18
        LayoutBR {BR} at (0,0) size 0x18
      LayoutTable {TABLE} at (0,18) size 324x58 [border: (1px outset #808080)]
        LayoutTableSection {TBODY} at (1,1) size 322x56
          LayoutTableRow {TR} at (0,0) size 322x56
            LayoutTableCell {TD} at (0,0) size 322x56 [border: (1px inset #808080)] [r=0 c=0 rs=1 cs=1]
              LayoutText {#text} at (1,1) size 318x54
                text run at (1,1) width 287: "Hotmail's Junk Mail spreading effort just got"
                text run at (1,19) width 46: "better! "
                text run at (46,19) width 273: "Now you can choose from 3 levels of junk"
                text run at (1,37) width 34: "mail!"
      LayoutBlockFlow (anonymous) at (0,76) size 784x72
        LayoutBR {BR} at (0,0) size 0x18
        LayoutBR {BR} at (0,18) size 0x18
        LayoutText {#text} at (0,36) size 447x18
          text run at (0,36) width 447: "the next table must overrun the visible part of the view (width=2400) "
        LayoutBR {BR} at (0,0) size 0x0
        LayoutBR {BR} at (0,54) size 0x18
      LayoutTable {TABLE} at (0,148) size 2402x58 [border: (1px outset #808080)]
        LayoutTableSection {TBODY} at (1,1) size 2400x56
          LayoutTableRow {TR} at (0,0) size 2400x56
            LayoutTableCell {TD} at (0,0) size 2400x56 [border: (1px inset #808080)] [r=0 c=0 rs=1 cs=1]
              LayoutText {#text} at (1,1) size 2374x54
                text run at (1,1) width 337: "Hotmail's Junk Mail spreading effort just got better! "
                text run at (337,1) width 315: "Now you can choose from 3 levels of junk mail! "
                text run at (651,1) width 338: "Hotmail's Junk Mail spreading effort just got better! "
                text run at (988,1) width 314: "Now you can choose from 3 levels of junk mail! "
                text run at (1301,1) width 338: "Hotmail's Junk Mail spreading effort just got better! "
                text run at (1638,1) width 315: "Now you can choose from 3 levels of junk mail! "
                text run at (1952,1) width 338: "Hotmail's Junk Mail spreading effort just got better! "
                text run at (2289,1) width 86: "Now you can"
                text run at (1,19) width 225: "choose from 3 levels of junk mail! "
                text run at (225,19) width 338: "Hotmail's Junk Mail spreading effort just got better! "
                text run at (562,19) width 314: "Now you can choose from 3 levels of junk mail! "
                text run at (875,19) width 338: "Hotmail's Junk Mail spreading effort just got better! "
                text run at (1212,19) width 315: "Now you can choose from 3 levels of junk mail! "
                text run at (1526,19) width 338: "Hotmail's Junk Mail spreading effort just got better! "
                text run at (1863,19) width 314: "Now you can choose from 3 levels of junk mail! "
                text run at (2176,19) width 197: "Hotmail's Junk Mail spreading"
                text run at (1,37) width 137: "effort just got better! "
                text run at (137,37) width 315: "Now you can choose from 3 levels of junk mail! "
                text run at (451,37) width 338: "Hotmail's Junk Mail spreading effort just got better! "
                text run at (788,37) width 314: "Now you can choose from 3 levels of junk mail! "
                text run at (1101,37) width 338: "Hotmail's Junk Mail spreading effort just got better! "
                text run at (1438,37) width 311: "Now you can choose from 3 levels of junk mail!"
