layer at (0,0) size 800x600
  LayoutView at (0,0) size 800x600
layer at (0,0) size 800x124
  LayoutBlockFlow {HTML} at (0,0) size 800x124
    LayoutBlockFlow {BODY} at (8,16) size 784x92
      LayoutBlockFlow {P} at (0,0) size 784x20
        LayoutText {#text} at (0,0) size 289x19
          text run at (0,0) width 289: "The following paragraphs should be identical:"
      LayoutBlockFlow {P} at (0,36) size 784x20
        LayoutText {#text} at (0,0) size 197x19
          text run at (0,0) width 197: "This should be in a bold font."
      LayoutBlockFlow {P} at (0,72) size 784x20
        LayoutText {#text} at (0,0) size 197x19
          text run at (0,0) width 197: "This should be in a bold font."
