layer at (0,0) size 800x600
  LayoutView at (0,0) size 800x600
layer at (0,0) size 800x160
  LayoutBlockFlow {HTML} at (0,0) size 800x160
    LayoutBlockFlow {BODY} at (8,16) size 784x128
      LayoutBlockFlow {P} at (0,0) size 784x20
        LayoutText {#text} at (0,0) size 337x19
          text run at (0,0) width 337: "The following three paragraphs should look identical:"
      LayoutBlockFlow {P} at (0,36) size 784x20
        LayoutText {#text} at (0,0) size 149x19
          text run at (0,0) width 149: "This is a test paragraph."
      LayoutBlockFlow {P} at (0,72) size 784x20
        LayoutInline {<pseudo:before>} at (0,0) size 32x19
          LayoutTextFragment (anonymous) at (0,0) size 32x19
            text run at (0,0) width 32: "This "
        LayoutText {#text} at (32,0) size 117x19
          text run at (32,0) width 117: "is a test paragraph."
      LayoutBlockFlow {P} at (0,108) size 784x20
        LayoutInline {<pseudo:before>} at (0,0) size 32x19
          LayoutTextFragment (anonymous) at (0,0) size 32x19
            text run at (0,0) width 32: "This "
        LayoutText {#text} at (32,0) size 117x19
          text run at (32,0) width 117: "is a test paragraph."
