layer at (0,0) size 800x600
  LayoutView at (0,0) size 800x600
layer at (0,0) size 800x52
  LayoutBlockFlow {HTML} at (0,0) size 800x52
    LayoutBlockFlow {BODY} at (8,16) size 784x20
      LayoutBlockFlow {P} at (0,0) size 784x20
        LayoutInline {A} at (0,0) size 333x19 [color=#0000FF]
          LayoutText {#text} at (0,0) size 333x19
            text run at (0,0) width 333: "While you are activating this link, it should go green."
        LayoutText {#text} at (333,0) size 420x19
          text run at (333,0) width 420: " Check that once you have stopped activating it, it goes blue again."
