layer at (0,0) size 800x600
  LayoutView at (0,0) size 800x600
layer at (0,0) size 800x160
  LayoutBlockFlow {HTML} at (0,0) size 800x160
    LayoutBlockFlow {BODY} at (8,16) size 784x128 [color=#008000]
      LayoutBlockFlow {P} at (0,0) size 784x20
        LayoutText {#text} at (0,0) size 194x19
          text run at (0,0) width 194: "This sentence should be green."
      LayoutBlockFlow {P} at (0,36) size 784x20 [color=#FFFFFF] [bgcolor=#008000]
        LayoutText {#text} at (0,0) size 90x19
          text run at (0,0) width 90: "This sentence "
        LayoutInline {SPAN} at (0,0) size 61x19
          LayoutText {#text} at (90,0) size 61x19
            text run at (90,0) width 61: "should be"
        LayoutText {#text} at (151,0) size 102x19
          text run at (151,0) width 102: " white on green."
      LayoutBlockFlow {P} at (0,72) size 784x20 [color=#FFFFFF]
        LayoutInline {EM} at (0,0) size 34x19 [color=#008000]
          LayoutText {#text} at (0,0) size 34x19
            text run at (0,0) width 34: "PASS"
        LayoutText {#text} at (34,0) size 4x19
          text run at (34,0) width 4: " "
        LayoutInline {STRONG} at (0,0) size 38x19
          LayoutText {#text} at (38,0) size 38x19
            text run at (38,0) width 38: "FAIL"
        LayoutText {#text} at (0,0) size 0x0
      LayoutBlockFlow {P} at (0,108) size 784x20
        LayoutText {#text} at (0,0) size 42x19
          text run at (0,0) width 42: "PASS "
        LayoutInline {DFN} at (0,0) size 32x19 [color=#FFFFFF]
          LayoutText {#text} at (42,0) size 32x19
            text run at (42,0) width 32: "FAIL"
        LayoutText {#text} at (0,0) size 0x0
