layer at (0,0) size 800x600
  LayoutView at (0,0) size 800x600
layer at (0,0) size 800x160
  LayoutBlockFlow {HTML} at (0,0) size 800x160
    LayoutBlockFlow {BODY} at (8,16) size 784x128 [color=#000080]
      LayoutBlockFlow {P} at (0,0) size 784x20
        LayoutText {#text} at (0,0) size 226x19
          text run at (0,0) width 226: "This should be blue and underlined."
      LayoutBlockFlow {P} at (0,36) size 784x20
        LayoutText {#text} at (0,0) size 293x19
          text run at (0,0) width 293: "This sentence should be underlined, including "
        LayoutInline {CODE} at (0,0) size 72x16
          LayoutText {#text} at (293,3) size 72x16
            text run at (293,3) width 72: "this part"
        LayoutText {#text} at (365,0) size 8x19
          text run at (365,0) width 8: ", "
        LayoutInline {CITE} at (0,0) size 52x19
          LayoutText {#text} at (373,0) size 52x19
            text run at (373,0) width 52: "this part"
        LayoutText {#text} at (425,0) size 8x19
          text run at (425,0) width 8: ", "
        LayoutInline {EM} at (0,0) size 52x19
          LayoutText {#text} at (433,0) size 52x19
            text run at (433,0) width 52: "this part"
        LayoutText {#text} at (485,0) size 35x19
          text run at (485,0) width 8: ", "
          text run at (493,0) width 27: "and "
        LayoutInline {STRONG} at (0,0) size 57x19
          LayoutText {#text} at (520,0) size 57x19
            text run at (520,0) width 57: "this part"
        LayoutText {#text} at (577,0) size 4x19
          text run at (577,0) width 4: "."
      LayoutBlockFlow {P} at (0,72) size 784x20
        LayoutText {#text} at (0,0) size 371x19
          text run at (0,0) width 278: "This sentence should also be underlined, as "
          text run at (278,0) width 93: "well as italics, "
        LayoutInline {STRONG} at (0,0) size 119x19
          LayoutText {#text} at (371,0) size 119x19
            text run at (371,0) width 119: "including this part"
        LayoutText {#text} at (490,0) size 4x19
          text run at (490,0) width 4: "."
      LayoutBlockFlow {P} at (0,108) size 784x20
        LayoutText {#text} at (0,0) size 336x19
          text run at (0,0) width 336: "This sentence should be blue but not underlined, like "
        LayoutInline {STRONG} at (0,0) size 57x19
          LayoutText {#text} at (336,0) size 57x19
            text run at (336,0) width 57: "this part"
        LayoutText {#text} at (393,0) size 32x19
          text run at (393,0) width 32: ", but "
        LayoutInline {EM} at (0,0) size 189x19
          LayoutText {#text} at (425,0) size 189x19
            text run at (425,0) width 189: "this part should be underlined"
        LayoutText {#text} at (614,0) size 4x19
          text run at (614,0) width 4: "."
