layer at (0,0) size 800x600
  LayoutView at (0,0) size 800x600
layer at (0,0) size 800x312
  LayoutBlockFlow {HTML} at (0,0) size 800x312
    LayoutBlockFlow {BODY} at (8,16) size 784x280 [color=#0000FF]
      LayoutBlockFlow {P} at (0,0) size 784x40
        LayoutText {#text} at (0,0) size 496x19
          text run at (0,0) width 496: "There should be a solid blue line directly under every occurrence of the word \""
        LayoutInline {SPAN} at (0,0) size 60x21 [border: none (2px solid #0000FF) none]
          LayoutText {#text} at (496,0) size 60x19
            text run at (496,0) width 60: "HERE \x{21E9}"
        LayoutText {#text} at (556,0) size 769x39
          text run at (556,0) width 213: "\". (So there should be 8 blue lines"
          text run at (0,20) width 85: "on this page.)"
      LayoutTable {TABLE} at (0,56) size 136x82
        LayoutTableSection {TBODY} at (0,0) size 136x82
          LayoutTableRow {TR} at (0,2) size 136x24
            LayoutTableCell {TD} at (2,2) size 132x24 [border: none (2px solid #0000FF) none] [r=0 c=0 rs=1 cs=2]
              LayoutText {#text} at (36,1) size 60x19
                text run at (36,1) width 60: "HERE \x{21E9}"
          LayoutTableRow {TR} at (0,28) size 136x52
            LayoutTableCell {TD} at (2,42) size 62x24 [border: none (2px solid #0000FF) none] [r=1 c=0 rs=1 cs=1]
              LayoutText {#text} at (1,1) size 60x19
                text run at (1,1) width 60: "HERE \x{21E9}"
            LayoutTableCell {TD} at (66,28) size 68x52 [border: none (2px solid #0000FF) none] [r=1 c=1 rs=1 cs=1]
              LayoutTable {TABLE} at (1,1) size 66x28
                LayoutTableSection {TBODY} at (0,0) size 66x28
                  LayoutTableRow {TR} at (0,2) size 66x24
                    LayoutTableCell {TD} at (2,2) size 62x24 [border: none (2px solid #0000FF) none] [r=0 c=0 rs=1 cs=1]
                      LayoutText {#text} at (1,1) size 60x19
                        text run at (1,1) width 60: "HERE \x{21E9}"
              LayoutBlockFlow (anonymous) at (1,29) size 66x20
                LayoutText {#text} at (3,0) size 60x19
                  text run at (3,0) width 60: "HERE \x{21E9}"
      LayoutBlockFlow {UL} at (0,154) size 784x126
        LayoutListItem {LI} at (40,0) size 744x82 [border: none (2px solid #0000FF) none]
          LayoutBlockFlow {UL} at (0,0) size 744x60
            LayoutListItem {LI} at (40,0) size 704x20
              LayoutListMarker (anonymous) at (-58,0) size 7x19: bullet
              LayoutListMarker (anonymous) at (-18,0) size 7x19: white bullet
              LayoutText {#text} at (0,0) size 75x19
                text run at (0,0) width 75: "dummy text"
            LayoutListItem {LI} at (40,20) size 704x20
              LayoutListMarker (anonymous) at (-18,0) size 7x19: white bullet
              LayoutText {#text} at (0,0) size 75x19
                text run at (0,0) width 75: "dummy text"
            LayoutListItem {LI} at (40,40) size 704x20
              LayoutListMarker (anonymous) at (-18,0) size 7x19: white bullet
              LayoutText {#text} at (0,0) size 75x19
                text run at (0,0) width 75: "dummy text"
          LayoutBlockFlow (anonymous) at (0,60) size 744x20
            LayoutText {#text} at (0,0) size 60x19
              text run at (0,0) width 60: "HERE \x{21E9}"
        LayoutListItem {LI} at (40,82) size 744x22 [border: none (2px solid #0000FF) none]
          LayoutListMarker (anonymous) at (-18,0) size 7x19: bullet
          LayoutText {#text} at (0,0) size 60x19
            text run at (0,0) width 60: "HERE \x{21E9}"
        LayoutListItem {LI} at (40,104) size 744x22 [border: none (2px solid #0000FF) none]
          LayoutListMarker (anonymous) at (-18,0) size 7x19: bullet
          LayoutText {#text} at (0,0) size 60x19
            text run at (0,0) width 60: "HERE \x{21E9}"
