layer at (0,0) size 800x600
  LayoutView at (0,0) size 800x600
layer at (0,0) size 800x348
  LayoutBlockFlow {HTML} at (0,0) size 800x348
    LayoutBlockFlow {BODY} at (8,8) size 784x332
      LayoutBlockFlow {DIV} at (0,0) size 784x20
        LayoutText {#text} at (0,0) size 341x19
          text run at (0,0) width 341: "The blue bits of text should be decorated as described."
      LayoutBlockFlow {P} at (0,36) size 784x260 [color=#C0C0C0]
        LayoutText {#text} at (0,0) size 759x59
          text run at (0,0) width 474: "dummy text dummy text dummy text dummy text dummy text dummy text "
          text run at (474,0) width 285: "dummy text dummy text dummy text dummy"
          text run at (0,20) width 185: "text dummy text dummy text "
          text run at (185,20) width 474: "dummy text dummy text dummy text dummy text dummy text dummy text "
          text run at (659,20) width 75: "dummy text"
          text run at (0,40) width 395: "dummy text dummy text dummy text dummy text dummy text "
        LayoutInline {SPAN} at (0,0) size 783x39 [color=#0000FF] [border: none (10px double #0000FF)]
          LayoutText {#text} at (405,40) size 172x19
            text run at (405,40) width 172: "\x{21E6} two blue lines to the left "
          LayoutInline {SPAN} at (0,0) size 783x39 [color=#C0C0C0]
            LayoutText {#text} at (577,40) size 783x39
              text run at (577,40) width 52: "dummy "
              text run at (629,40) width 154: "text dummy text dummy"
              text run at (0,60) width 316: "text dummy text dummy text dummy text dummy "
              text run at (316,60) width 418: "text dummy text dummy text dummy text dummy text dummy text"
          LayoutText {#text} at (0,0) size 0x0
        LayoutText {#text} at (0,80) size 759x99
          text run at (0,80) width 395: "dummy text dummy text dummy text dummy text dummy text "
          text run at (395,80) width 364: "dummy text dummy text dummy text dummy text dummy"
          text run at (0,100) width 106: "text dummy text "
          text run at (106,100) width 474: "dummy text dummy text dummy text dummy text dummy text dummy text "
          text run at (580,100) width 154: "dummy text dummy text"
          text run at (0,120) width 316: "dummy text dummy text dummy text dummy text "
          text run at (316,120) width 443: "dummy text dummy text dummy text dummy text dummy text dummy"
          text run at (0,140) width 27: "text "
          text run at (27,140) width 474: "dummy text dummy text dummy text dummy text dummy text dummy text "
          text run at (501,140) width 233: "dummy text dummy text dummy text"
          text run at (0,160) width 158: "dummy text dummy text "
        LayoutInline {SPAN} at (0,0) size 194x19 [color=#0000FF] [border: none (1px solid #0000FF)]
          LayoutText {#text} at (159,160) size 193x19
            text run at (159,160) width 193: "\x{21E6} one thin blue line to the left "
        LayoutText {#text} at (352,160) size 759x99
          text run at (352,160) width 52: "dummy "
          text run at (404,160) width 339: "text dummy text dummy text dummy text dummy text"
          text run at (0,180) width 131: "dummy text dummy "
          text run at (131,180) width 474: "text dummy text dummy text dummy text dummy text dummy text dummy "
          text run at (605,180) width 154: "text dummy text dummy"
          text run at (0,200) width 316: "text dummy text dummy text dummy text dummy "
          text run at (316,200) width 418: "text dummy text dummy text dummy text dummy text dummy text"
          text run at (0,220) width 52: "dummy "
          text run at (52,220) width 474: "text dummy text dummy text dummy text dummy text dummy text dummy "
          text run at (526,220) width 233: "text dummy text dummy text dummy"
          text run at (0,240) width 237: "text dummy text dummy text dummy "
          text run at (237,240) width 181: "text dummy text dummy text"
      LayoutBlockFlow {DIV} at (0,312) size 784x20
        LayoutText {#text} at (0,0) size 416x19
          text run at (0,0) width 416: "(All the lines of text in the block above should be equally spaced.)"
