layer at (0,0) size 800x600
  LayoutView at (0,0) size 800x600
layer at (0,0) size 800x84
  LayoutBlockFlow {HTML} at (0,0) size 800x84
    LayoutBlockFlow {BODY} at (8,8) size 784x68 [color=#0000FF]
      LayoutTable {TABLE} at (0,0) size 708x68
        LayoutTableSection {TBODY} at (0,0) size 708x68
          LayoutTableRow {TR} at (0,2) size 708x26
            LayoutTableCell {TD} at (2,2) size 704x26 [border: (2px solid #0000FF)] [r=0 c=0 rs=1 cs=2]
              LayoutText {#text} at (3,3) size 325x19
                text run at (3,3) width 325: "There should be a blue border around this sentence."
          LayoutTableRow {TR} at (0,30) size 708x36
            LayoutTableCell {TD} at (2,35) size 331x26 [border: (2px solid #0000FF)] [r=1 c=0 rs=1 cs=1]
              LayoutText {#text} at (3,3) size 325x19
                text run at (3,3) width 325: "There should be a blue border around this sentence."
            LayoutTableCell {TD} at (335,30) size 371x36 [border: (2px solid #0000FF)] [r=1 c=1 rs=1 cs=1]
              LayoutTable {TABLE} at (3,3) size 365x30
                LayoutTableSection {TBODY} at (0,0) size 365x30
                  LayoutTableRow {TR} at (0,2) size 365x26
                    LayoutTableCell {TD} at (2,2) size 361x26 [border: (2px solid #0000FF)] [r=0 c=0 rs=1 cs=1]
                      LayoutText {#text} at (3,3) size 106x19
                        text run at (3,3) width 106: "There should be "
                      LayoutInline {STRONG} at (0,0) size 113x19
                        LayoutInline {EM} at (0,0) size 23x19
                          LayoutText {#text} at (109,3) size 23x19
                            text run at (109,3) width 23: "two"
                        LayoutText {#text} at (132,3) size 90x19
                          text run at (132,3) width 90: " blue borders"
                      LayoutText {#text} at (222,3) size 136x19
                        text run at (222,3) width 136: " around this sentence."
