layer at (0,0) size 800x600
  LayoutView at (0,0) size 800x600
layer at (0,0) size 800x256
  LayoutBlockFlow {HTML} at (0,0) size 800x256
    LayoutBlockFlow {BODY} at (8,16) size 784x224 [color=#0000FF]
      LayoutBlockFlow {P} at (0,0) size 784x39
        LayoutText {#text} at (0,15) size 489x19
          text run at (0,15) width 489: "There should be a solid blue line to the right of every occurance of the word \""
        LayoutInline {SPAN} at (0,0) size 141x36 [border: none (2px solid #0000FF) none]
          LayoutText {#text} at (489,2) size 139x36
            text run at (489,2) width 139: "THERE \x{2799}"
        LayoutText {#text} at (630,15) size 11x19
          text run at (630,15) width 11: "\"."
      LayoutTable {TABLE} at (0,55) size 300x133
        LayoutTableSection {TBODY} at (0,0) size 300x133
          LayoutTableRow {TR} at (0,2) size 300x41
            LayoutTableCell {TD} at (2,2) size 296x41 [border: none (2px solid #0000FF) none] [r=0 c=0 rs=1 cs=2]
              LayoutText {#text} at (154,3) size 139x36
                text run at (154,3) width 139: "THERE \x{2799}"
          LayoutTableRow {TR} at (0,45) size 300x86
            LayoutTableCell {TD} at (2,67) size 143x41 [border: none (2px solid #0000FF) none] [r=1 c=0 rs=1 cs=1]
              LayoutText {#text} at (1,3) size 139x36
                text run at (1,3) width 139: "THERE \x{2799}"
            LayoutTableCell {TD} at (147,45) size 151x86 [border: none (2px solid #0000FF) none] [r=1 c=1 rs=1 cs=1]
              LayoutBlockFlow (anonymous) at (1,1) size 147x39
                LayoutText {#text} at (8,2) size 139x36
                  text run at (8,2) width 139: "THERE \x{2798}"
              LayoutTable {TABLE} at (1,40) size 147x45
                LayoutTableSection {TBODY} at (0,0) size 147x45
                  LayoutTableRow {TR} at (0,2) size 147x41
                    LayoutTableCell {TD} at (2,2) size 143x41 [border: none (2px solid #0000FF) none] [r=0 c=0 rs=1 cs=1]
                      LayoutText {#text} at (1,3) size 139x36
                        text run at (1,3) width 139: "THERE \x{2799}"
      LayoutBlockFlow {P} at (0,204) size 784x20
        LayoutText {#text} at (0,0) size 337x19
          text run at (0,0) width 337: "There should be 3 short lines and 2 long lines in total."
