layer at (0,0) size 800x600
  LayoutView at (0,0) size 800x600
layer at (0,0) size 800x248
  LayoutBlockFlow {HTML} at (0,0) size 800x248
    LayoutBlockFlow {BODY} at (8,16) size 784x216
      LayoutBlockFlow {P} at (0,0) size 764x100 [color=#0000FF] [border: none (10px double #0000FF) none]
        LayoutText {#text} at (0,0) size 363x19
          text run at (0,0) width 363: "This paragraph should have two blue lines on its right. \x{21E8} "
        LayoutInline {SPAN} at (0,0) size 754x99 [color=#C0C0C0]
          LayoutText {#text} at (363,0) size 754x99
            text run at (363,0) width 391: "dummy text dummy text dummy text dummy text dummy text"
            text run at (0,20) width 52: "dummy "
            text run at (52,20) width 474: "text dummy text dummy text dummy text dummy text dummy text dummy "
            text run at (526,20) width 181: "text dummy text dummy text"
            text run at (0,40) width 289: "dummy text dummy text dummy text dummy "
            text run at (289,40) width 418: "text dummy text dummy text dummy text dummy text dummy text"
            text run at (0,60) width 52: "dummy "
            text run at (52,60) width 474: "text dummy text dummy text dummy text dummy text dummy text dummy "
            text run at (526,60) width 181: "text dummy text dummy text"
            text run at (0,80) width 154: "dummy text dummy text"
        LayoutText {#text} at (0,0) size 0x0
      LayoutBlockFlow {P} at (0,116) size 764x100 [color=#0000FF] [border: none (1px solid #0000FF) none]
        LayoutText {#text} at (0,0) size 368x19
          text run at (0,0) width 368: "This paragraph should have a thin blue line on its right. \x{21E8} "
        LayoutInline {SPAN} at (0,0) size 759x99 [color=#C0C0C0]
          LayoutText {#text} at (368,0) size 759x99
            text run at (368,0) width 391: "dummy text dummy text dummy text dummy text dummy text"
            text run at (0,20) width 52: "dummy "
            text run at (52,20) width 474: "text dummy text dummy text dummy text dummy text dummy text dummy "
            text run at (526,20) width 233: "text dummy text dummy text dummy"
            text run at (0,40) width 237: "text dummy text dummy text dummy "
            text run at (237,40) width 474: "text dummy text dummy text dummy text dummy text dummy text dummy "
            text run at (711,40) width 23: "text"
            text run at (0,60) width 447: "dummy text dummy text dummy text dummy text dummy text dummy "
            text run at (447,60) width 312: "text dummy text dummy text dummy text dummy"
            text run at (0,80) width 23: "text"
        LayoutText {#text} at (0,0) size 0x0
