layer at (0,0) size 800x600
  LayoutView at (0,0) size 800x600
layer at (0,0) size 800x248
  LayoutBlockFlow {HTML} at (0,0) size 800x248
    LayoutBlockFlow {BODY} at (8,16) size 784x216
      LayoutBlockFlow {P} at (20,0) size 764x100 [color=#0000FF] [border: none (10px double #0000FF)]
        LayoutText {#text} at (10,0) size 354x19
          text run at (10,0) width 354: "\x{21E6} This paragraph should have two blue lines on its left. "
        LayoutInline {SPAN} at (0,0) size 745x99 [color=#C0C0C0]
          LayoutText {#text} at (364,0) size 745x99
            text run at (364,0) width 391: "dummy text dummy text dummy text dummy text dummy text"
            text run at (10,20) width 52: "dummy "
            text run at (62,20) width 474: "text dummy text dummy text dummy text dummy text dummy text dummy "
            text run at (536,20) width 181: "text dummy text dummy text"
            text run at (10,40) width 289: "dummy text dummy text dummy text dummy "
            text run at (299,40) width 418: "text dummy text dummy text dummy text dummy text dummy text"
            text run at (10,60) width 52: "dummy "
            text run at (62,60) width 474: "text dummy text dummy text dummy text dummy text dummy text dummy "
            text run at (536,60) width 181: "text dummy text dummy text"
            text run at (10,80) width 154: "dummy text dummy text"
        LayoutText {#text} at (0,0) size 0x0
      LayoutBlockFlow {P} at (20,116) size 764x100 [color=#0000FF] [border: none (1px solid #0000FF)]
        LayoutText {#text} at (1,0) size 359x19
          text run at (1,0) width 359: "\x{21E6} This paragraph should have a thin blue line on its left. "
        LayoutInline {SPAN} at (0,0) size 759x99 [color=#C0C0C0]
          LayoutText {#text} at (360,0) size 759x99
            text run at (360,0) width 391: "dummy text dummy text dummy text dummy text dummy text"
            text run at (1,20) width 52: "dummy "
            text run at (53,20) width 474: "text dummy text dummy text dummy text dummy text dummy text dummy "
            text run at (527,20) width 233: "text dummy text dummy text dummy"
            text run at (1,40) width 237: "text dummy text dummy text dummy "
            text run at (238,40) width 474: "text dummy text dummy text dummy text dummy text dummy text dummy "
            text run at (712,40) width 23: "text"
            text run at (1,60) width 447: "dummy text dummy text dummy text dummy text dummy text dummy "
            text run at (448,60) width 312: "text dummy text dummy text dummy text dummy"
            text run at (1,80) width 23: "text"
        LayoutText {#text} at (0,0) size 0x0
