layer at (0,0) size 800x600
  LayoutView at (0,0) size 800x600
layer at (0,0) size 800x312
  LayoutBlockFlow {HTML} at (0,0) size 800x312
    LayoutBlockFlow {BODY} at (8,16) size 784x280
      LayoutBlockFlow {P} at (0,0) size 784x280 [color=#000080]
        LayoutImage (floating) {IMG} at (734,0) size 50x50
        LayoutText {#text} at (0,0) size 334x19
          text run at (0,0) width 334: "This text should flow around the box on the right. \x{21E8} "
        LayoutInline {SPAN} at (0,0) size 759x279 [color=#C0C0C0]
          LayoutText {#text} at (334,0) size 759x279
            text run at (334,0) width 391: "dummy text dummy text dummy text dummy text dummy text"
            text run at (0,20) width 52: "dummy "
            text run at (52,20) width 474: "text dummy text dummy text dummy text dummy text dummy text dummy "
            text run at (526,20) width 181: "text dummy text dummy text"
            text run at (0,40) width 289: "dummy text dummy text dummy text dummy "
            text run at (289,40) width 418: "text dummy text dummy text dummy text dummy text dummy text"
            text run at (0,60) width 52: "dummy "
            text run at (52,60) width 474: "text dummy text dummy text dummy text dummy text dummy text dummy "
            text run at (526,60) width 233: "text dummy text dummy text dummy"
            text run at (0,80) width 237: "text dummy text dummy text dummy "
            text run at (237,80) width 474: "text dummy text dummy text dummy text dummy text dummy text dummy "
            text run at (711,80) width 23: "text"
            text run at (0,100) width 447: "dummy text dummy text dummy text dummy text dummy text dummy "
            text run at (447,100) width 312: "text dummy text dummy text dummy text dummy"
            text run at (0,120) width 158: "text dummy text dummy "
            text run at (158,120) width 474: "text dummy text dummy text dummy text dummy text dummy text dummy "
            text run at (632,120) width 102: "text dummy text"
            text run at (0,140) width 368: "dummy text dummy text dummy text dummy text dummy "
            text run at (368,140) width 391: "text dummy text dummy text dummy text dummy text dummy"
            text run at (0,160) width 79: "text dummy "
            text run at (79,160) width 474: "text dummy text dummy text dummy text dummy text dummy text dummy "
            text run at (553,160) width 181: "text dummy text dummy text"
            text run at (0,180) width 289: "dummy text dummy text dummy text dummy "
            text run at (289,180) width 470: "text dummy text dummy text dummy text dummy text dummy text dummy"
            text run at (0,200) width 474: "text dummy text dummy text dummy text dummy text dummy text dummy "
            text run at (474,200) width 260: "text dummy text dummy text dummy text"
            text run at (0,220) width 210: "dummy text dummy text dummy "
            text run at (210,220) width 474: "text dummy text dummy text dummy text dummy text dummy text dummy "
            text run at (684,220) width 75: "text dummy"
            text run at (0,240) width 395: "text dummy text dummy text dummy text dummy text dummy "
            text run at (395,240) width 339: "text dummy text dummy text dummy text dummy text"
            text run at (0,260) width 131: "dummy text dummy "
            text run at (131,260) width 418: "text dummy text dummy text dummy text dummy text dummy text"
        LayoutText {#text} at (0,0) size 0x0
