layer at (0,0) size 800x600
  LayoutView at (0,0) size 800x600
layer at (0,0) size 800x303
  LayoutBlockFlow {HTML} at (0,0) size 800x303
    LayoutBlockFlow {BODY} at (8,8) size 784x287
      LayoutBlockFlow (floating) {DIV} at (0,0) size 196x286 [color=#FFFFFF] [bgcolor=#000080]
        LayoutBlockFlow {P} at (0,0) size 196x286
          LayoutText {#text} at (0,2) size 185x283
            text run at (0,2) width 137: "\x{21E6} This"
            text run at (0,59) width 166: "blue box"
            text run at (0,116) width 185: "should be"
            text run at (0,173) width 118: "on the"
            text run at (0,230) width 75: "left."
      LayoutBlockFlow (floating) {DIV} at (588,0) size 196x286 [color=#FFFFFF] [bgcolor=#008080]
        LayoutBlockFlow {P} at (0,0) size 196x286
          LayoutText {#text} at (0,1) size 185x284
            text run at (0,1) width 165: "This teal"
            text run at (0,58) width 72: "box"
            text run at (0,115) width 185: "should be"
            text run at (0,172) width 118: "on the"
            text run at (0,230) width 154: "right. \x{21E8}"
      LayoutBlockFlow {P} at (0,0) size 784x287
        LayoutText {#text} at (196,1) size 365x285
          text run at (196,1) width 365: "This text should be"
          text run at (196,58) width 335: "in between a blue"
          text run at (196,116) width 317: "box on the \x{21E6}left"
          text run at (196,173) width 326: "and a teal box on"
          text run at (196,231) width 212: "the right\x{21E8}."
