layer at (0,0) size 800x600
  LayoutView at (0,0) size 800x600
layer at (0,0) size 800x173
  LayoutBlockFlow {HTML} at (0,0) size 800x173
    LayoutBlockFlow {BODY} at (8,16) size 784x141
      LayoutBlockFlow {P} at (0,0) size 784x20 [color=#000080]
        LayoutText {#text} at (0,0) size 216x19
          text run at (0,0) width 216: "There should be no red anywhere."
      LayoutBlockFlow {P} at (0,36) size 784x20 [color=#000080]
        LayoutText {#text} at (0,0) size 381x19
          text run at (0,0) width 381: "There should be two identical squares at the end of this line: "
        LayoutImage {IMG} at (381,0) size 15x15
        LayoutText {#text} at (396,0) size 4x19
          text run at (396,0) width 4: " "
        LayoutInline {SPAN} at (0,0) size 15x15 [color=#0000FF] [bgcolor=#FF0000]
          LayoutText {#text} at (400,0) size 15x15
            text run at (400,0) width 15: "X"
        LayoutText {#text} at (0,0) size 0x0
      LayoutBlockFlow {P} at (0,72) size 784x69 [color=#000080]
        LayoutText {#text} at (0,49) size 381x19
          text run at (0,49) width 381: "There should be two identical squares at the end of this line: "
        LayoutImage {IMG} at (381,0) size 64x64
        LayoutText {#text} at (445,49) size 4x19
          text run at (445,49) width 4: " "
        LayoutInline {SPAN} at (0,0) size 64x64 [color=#0000FF] [bgcolor=#FF0000]
          LayoutText {#text} at (449,0) size 64x64
            text run at (449,0) width 64: "X"
        LayoutText {#text} at (0,0) size 0x0
