layer at (0,0) size 800x600
  LayoutView at (0,0) size 800x600
layer at (0,0) size 800x480
  LayoutBlockFlow {HTML} at (0,0) size 800x480
    LayoutBlockFlow {BODY} at (8,16) size 784x448
      LayoutBlockFlow {P} at (0,0) size 784x40 [color=#000080]
        LayoutText {#text} at (0,0) size 768x39
          text run at (0,0) width 396: "Below this paragraph there should be a big teal square half the "
          text run at (396,0) width 372: "width of the window, aligned flush with the right hand side"
          text run at (0,20) width 27: "(\x{21E8})."
      LayoutBlockFlow {P} at (0,56) size 784x392 [color=#000080]
        LayoutImage {IMG} at (392,0) size 392x392
