layer at (0,0) size 800x600
  LayoutView at (0,0) size 800x600
layer at (0,0) size 800x100
  LayoutBlockFlow {HTML} at (0,0) size 800x100
    LayoutBlockFlow {BODY} at (8,16) size 784x76
      LayoutBlockFlow {P} at (0,0) size 784x20
        LayoutText {#text} at (0,0) size 279x19
          text run at (0,0) width 279: "The following two lines should be the same:"
      LayoutBlockFlow {DIV} at (0,36) size 784x20
        LayoutInline {SPAN} at (0,0) size 195x19
          LayoutInline {<pseudo:before>} at (0,0) size 24x19
            LayoutTextFragment (anonymous) at (0,0) size 11x19
              text run at (0,0) width 11: "B"
            LayoutCounter (anonymous) at (11,0) size 8x19
              text run at (11,0) width 8: "1"
            LayoutTextFragment (anonymous) at (19,0) size 5x19
              text run at (19,0) width 5: "-"
          LayoutInline {SPAN} at (0,0) size 146x19
            LayoutInline {<pseudo:before>} at (0,0) size 36x19
              LayoutTextFragment (anonymous) at (24,0) size 11x19
                text run at (24,0) width 11: "B"
              LayoutCounter (anonymous) at (35,0) size 20x19
                text run at (35,0) width 20: "1.1"
              LayoutTextFragment (anonymous) at (55,0) size 5x19
                text run at (55,0) width 5: "-"
            LayoutInline {SPAN} at (0,0) size 73x19
              LayoutInline {<pseudo:before>} at (0,0) size 36x19
                LayoutTextFragment (anonymous) at (60,0) size 11x19
                  text run at (60,0) width 11: "B"
                LayoutCounter (anonymous) at (71,0) size 20x19
                  text run at (71,0) width 20: "1.2"
                LayoutTextFragment (anonymous) at (91,0) size 5x19
                  text run at (91,0) width 5: "-"
              LayoutInline {<pseudo:after>} at (0,0) size 37x19
                LayoutTextFragment (anonymous) at (96,0) size 12x19
                  text run at (96,0) width 12: "A"
                LayoutCounter (anonymous) at (108,0) size 20x19
                  text run at (108,0) width 20: "1.3"
                LayoutTextFragment (anonymous) at (128,0) size 5x19
                  text run at (128,0) width 5: "-"
            LayoutInline {<pseudo:after>} at (0,0) size 37x19
              LayoutTextFragment (anonymous) at (133,0) size 12x19
                text run at (133,0) width 12: "A"
              LayoutCounter (anonymous) at (145,0) size 20x19
                text run at (145,0) width 20: "1.4"
              LayoutTextFragment (anonymous) at (165,0) size 5x19
                text run at (165,0) width 5: "-"
          LayoutInline {<pseudo:after>} at (0,0) size 25x19
            LayoutTextFragment (anonymous) at (170,0) size 12x19
              text run at (170,0) width 12: "A"
            LayoutCounter (anonymous) at (182,0) size 8x19
              text run at (182,0) width 8: "2"
            LayoutTextFragment (anonymous) at (190,0) size 5x19
              text run at (190,0) width 5: "-"
      LayoutBlockFlow {DIV} at (0,56) size 784x20
        LayoutText {#text} at (0,0) size 195x19
          text run at (0,0) width 195: "B1-B1.1-B1.2-A1.3-A1.4-A2-"
