layer at (0,0) size 800x600 scrollWidth 954
  LayoutView at (0,0) size 800x600
layer at (0,0) size 800x100
  LayoutBlockFlow {HTML} at (0,0) size 800x100
    LayoutBlockFlow {BODY} at (8,16) size 784x76
      LayoutBlockFlow {P} at (0,0) size 784x20
        LayoutText {#text} at (0,0) size 292x19
          text run at (0,0) width 292: "The following two lines should look the same:"
      LayoutBlockFlow {DIV} at (0,36) size 784x20
        LayoutInline {SPAN} at (0,0) size 14x19
          LayoutInline {<pseudo:before>} at (0,0) size 14x19
            LayoutCounter (anonymous) at (0,0) size 14x19
              text run at (0,0) width 14: "I.I"
        LayoutText {#text} at (14,0) size 4x19
          text run at (14,0) width 4: " "
        LayoutInline {SPAN} at (0,0) size 19x19
          LayoutInline {<pseudo:before>} at (0,0) size 19x19
            LayoutCounter (anonymous) at (18,0) size 19x19
              text run at (18,0) width 19: "I.II"
        LayoutText {#text} at (37,0) size 4x19
          text run at (37,0) width 4: " "
        LayoutInline {SPAN} at (0,0) size 24x19
          LayoutInline {<pseudo:before>} at (0,0) size 24x19
            LayoutCounter (anonymous) at (41,0) size 24x19
              text run at (41,0) width 24: "I.III"
        LayoutText {#text} at (65,0) size 4x19
          text run at (65,0) width 4: " "
        LayoutInline {SPAN} at (0,0) size 26x19
          LayoutInline {<pseudo:before>} at (0,0) size 26x19
            LayoutCounter (anonymous) at (69,0) size 26x19
              text run at (69,0) width 26: "I.IV"
        LayoutText {#text} at (95,0) size 4x19
          text run at (95,0) width 4: " "
        LayoutInline {SPAN} at (0,0) size 21x19
          LayoutInline {<pseudo:before>} at (0,0) size 21x19
            LayoutCounter (anonymous) at (99,0) size 21x19
              text run at (99,0) width 21: "I.V"
        LayoutText {#text} at (120,0) size 4x19
          text run at (120,0) width 4: " "
        LayoutInline {SPAN} at (0,0) size 26x19
          LayoutInline {<pseudo:before>} at (0,0) size 26x19
            LayoutCounter (anonymous) at (124,0) size 26x19
              text run at (124,0) width 26: "I.VI"
        LayoutText {#text} at (150,0) size 4x19
          text run at (150,0) width 4: " "
        LayoutInline {SPAN} at (0,0) size 31x19
          LayoutInline {<pseudo:before>} at (0,0) size 31x19
            LayoutCounter (anonymous) at (154,0) size 31x19
              text run at (154,0) width 31: "I.VII"
        LayoutText {#text} at (185,0) size 4x19
          text run at (185,0) width 4: " "
        LayoutInline {SPAN} at (0,0) size 36x19
          LayoutInline {<pseudo:before>} at (0,0) size 36x19
            LayoutCounter (anonymous) at (189,0) size 36x19
              text run at (189,0) width 36: "I.VIII"
        LayoutText {#text} at (225,0) size 4x19
          text run at (225,0) width 4: " "
        LayoutInline {SPAN} at (0,0) size 26x19
          LayoutInline {<pseudo:before>} at (0,0) size 26x19
            LayoutCounter (anonymous) at (229,0) size 26x19
              text run at (229,0) width 26: "I.IX"
        LayoutText {#text} at (255,0) size 4x19
          text run at (255,0) width 4: " "
        LayoutInline {SPAN} at (0,0) size 21x19
          LayoutInline {<pseudo:before>} at (0,0) size 21x19
            LayoutCounter (anonymous) at (259,0) size 21x19
              text run at (259,0) width 21: "I.X"
        LayoutText {#text} at (280,0) size 4x19
          text run at (280,0) width 4: " "
        LayoutInline {SPAN} at (0,0) size 26x19
          LayoutInline {<pseudo:before>} at (0,0) size 26x19
            LayoutCounter (anonymous) at (284,0) size 26x19
              text run at (284,0) width 26: "I.XI"
        LayoutText {#text} at (310,0) size 4x19
          text run at (310,0) width 4: " "
        LayoutInline {SPAN} at (0,0) size 31x19
          LayoutInline {<pseudo:before>} at (0,0) size 31x19
            LayoutCounter (anonymous) at (314,0) size 31x19
              text run at (314,0) width 31: "I.XII"
        LayoutText {#text} at (345,0) size 4x19
          text run at (345,0) width 4: " "
        LayoutInline {SPAN} at (0,0) size 48x19
          LayoutInline {<pseudo:before>} at (0,0) size 48x19
            LayoutCounter (anonymous) at (349,0) size 48x19
              text run at (349,0) width 48: "I.XLIX"
        LayoutText {#text} at (397,0) size 4x19
          text run at (397,0) width 4: " "
        LayoutInline {SPAN} at (0,0) size 19x19
          LayoutInline {<pseudo:before>} at (0,0) size 19x19
            LayoutCounter (anonymous) at (401,0) size 19x19
              text run at (401,0) width 19: "I.L"
        LayoutText {#text} at (420,0) size 4x19
          text run at (420,0) width 4: " "
        LayoutInline {SPAN} at (0,0) size 105x19
          LayoutInline {<pseudo:before>} at (0,0) size 105x19
            LayoutCounter (anonymous) at (424,0) size 105x19
              text run at (424,0) width 105: "I.CCCLXXXIX"
        LayoutText {#text} at (529,0) size 4x19
          text run at (529,0) width 4: " "
        LayoutInline {SPAN} at (0,0) size 65x19
          LayoutInline {<pseudo:before>} at (0,0) size 65x19
            LayoutCounter (anonymous) at (533,0) size 65x19
              text run at (533,0) width 65: "I.CCCXC"
        LayoutText {#text} at (598,0) size 4x19
          text run at (598,0) width 4: " "
        LayoutInline {SPAN} at (0,0) size 137x19
          LayoutInline {<pseudo:before>} at (0,0) size 137x19
            LayoutCounter (anonymous) at (602,0) size 137x19
              text run at (602,0) width 137: "I.MMMCDLXXXIX"
        LayoutText {#text} at (739,0) size 4x19
          text run at (739,0) width 4: " "
        LayoutInline {SPAN} at (0,0) size 97x19
          LayoutInline {<pseudo:before>} at (0,0) size 97x19
            LayoutCounter (anonymous) at (743,0) size 97x19
              text run at (743,0) width 97: "I.MMMCDXC"
        LayoutText {#text} at (840,0) size 4x19
          text run at (840,0) width 4: " "
        LayoutInline {SPAN} at (0,0) size 102x19
          LayoutInline {<pseudo:before>} at (0,0) size 102x19
            LayoutCounter (anonymous) at (844,0) size 102x19
              text run at (844,0) width 102: "I.MMMCDXCI"
        LayoutText {#text} at (0,0) size 0x0
      LayoutBlockFlow {DIV} at (0,56) size 784x20
        LayoutText {#text} at (0,0) size 946x19
          text run at (0,0) width 18: "I.I "
          text run at (18,0) width 23: "I.II "
          text run at (41,0) width 28: "I.III "
          text run at (69,0) width 30: "I.IV "
          text run at (99,0) width 25: "I.V "
          text run at (124,0) width 30: "I.VI "
          text run at (154,0) width 35: "I.VII "
          text run at (189,0) width 40: "I.VIII "
          text run at (229,0) width 30: "I.IX "
          text run at (259,0) width 25: "I.X "
          text run at (284,0) width 30: "I.XI "
          text run at (314,0) width 35: "I.XII "
          text run at (349,0) width 52: "I.XLIX "
          text run at (401,0) width 23: "I.L "
          text run at (424,0) width 109: "I.CCCLXXXIX "
          text run at (533,0) width 69: "I.CCCXC "
          text run at (602,0) width 141: "I.MMMCDLXXXIX "
          text run at (743,0) width 101: "I.MMMCDXC "
          text run at (844,0) width 102: "I.MMMCDXCI"
