layer at (0,0) size 800x600
  LayoutView at (0,0) size 800x600
layer at (0,0) size 800x100
  LayoutBlockFlow {HTML} at (0,0) size 800x100
    LayoutBlockFlow {BODY} at (8,16) size 784x76
      LayoutBlockFlow {P} at (0,0) size 784x20
        LayoutText {#text} at (0,0) size 227x19
          text run at (0,0) width 227: "The next 2 lines should be identical:"
      LayoutBlockFlow {DIV} at (0,36) size 784x20
        LayoutInline {SPAN} at (0,0) size 40x19
          LayoutInline {<pseudo:before>} at (0,0) size 8x19
            LayoutCounter (anonymous) at (0,0) size 8x19
              text run at (0,0) width 8: "1"
          LayoutInline {SPAN} at (0,0) size 16x19
            LayoutInline {<pseudo:before>} at (0,0) size 8x19
              LayoutCounter (anonymous) at (8,0) size 8x19
                text run at (8,0) width 8: "2"
            LayoutInline {SPAN} at (0,0) size 8x19
              LayoutInline {<pseudo:before>} at (0,0) size 8x19
                LayoutCounter (anonymous) at (16,0) size 8x19
                  text run at (16,0) width 8: "2"
          LayoutInline {SPAN} at (0,0) size 8x19
            LayoutInline {<pseudo:before>} at (0,0) size 8x19
              LayoutCounter (anonymous) at (24,0) size 8x19
                text run at (24,0) width 8: "1"
          LayoutInline {<pseudo:after>} at (0,0) size 8x19
            LayoutCounter (anonymous) at (32,0) size 8x19
              text run at (32,0) width 8: "1"
        LayoutInline {SPAN} at (0,0) size 8x19
          LayoutInline {<pseudo:before>} at (0,0) size 8x19
            LayoutCounter (anonymous) at (40,0) size 8x19
              text run at (40,0) width 8: "1"
        LayoutText {#text} at (48,0) size 4x19
          text run at (48,0) width 4: " "
        LayoutInline {SPAN} at (0,0) size 40x19
          LayoutInline {<pseudo:before>} at (0,0) size 8x19
            LayoutCounter (anonymous) at (52,0) size 8x19
              text run at (52,0) width 8: "1"
          LayoutInline {SPAN} at (0,0) size 16x19
            LayoutInline {<pseudo:before>} at (0,0) size 8x19
              LayoutCounter (anonymous) at (60,0) size 8x19
                text run at (60,0) width 8: "3"
            LayoutInline {SPAN} at (0,0) size 8x19
              LayoutInline {<pseudo:before>} at (0,0) size 8x19
                LayoutCounter (anonymous) at (68,0) size 8x19
                  text run at (68,0) width 8: "3"
          LayoutInline {SPAN} at (0,0) size 8x19
            LayoutInline {<pseudo:before>} at (0,0) size 8x19
              LayoutCounter (anonymous) at (76,0) size 8x19
                text run at (76,0) width 8: "3"
          LayoutInline {<pseudo:after>} at (0,0) size 8x19
            LayoutCounter (anonymous) at (84,0) size 8x19
              text run at (84,0) width 8: "3"
        LayoutInline {SPAN} at (0,0) size 8x19
          LayoutInline {<pseudo:before>} at (0,0) size 8x19
            LayoutCounter (anonymous) at (92,0) size 8x19
              text run at (92,0) width 8: "1"
        LayoutText {#text} at (0,0) size 0x0
      LayoutBlockFlow {DIV} at (0,56) size 784x20
        LayoutText {#text} at (0,0) size 98x19
          text run at (0,0) width 50: "122111 "
          text run at (50,0) width 48: "133331"
