layer at (0,0) size 800x600
  LayoutView at (0,0) size 800x600
layer at (0,0) size 800x100
  LayoutBlockFlow {HTML} at (0,0) size 800x100
    LayoutBlockFlow {BODY} at (8,16) size 784x76
      LayoutBlockFlow {P} at (0,0) size 784x20
        LayoutText {#text} at (0,0) size 277x19
          text run at (0,0) width 277: "The following two lines should be identical:"
      LayoutBlockFlow {DIV} at (0,36) size 784x20
        LayoutInline {SPAN} at (0,0) size 35x19
          LayoutInline {<pseudo:before>} at (0,0) size 11x19
            LayoutTextFragment (anonymous) at (0,0) size 11x19
              text run at (0,0) width 11: "B"
          LayoutInline {SPAN} at (0,0) size 12x19
            LayoutInline {<pseudo:before>} at (0,0) size 12x19
              LayoutCounter (anonymous) at (11,0) size 8x19
                text run at (11,0) width 8: "1"
              LayoutTextFragment (anonymous) at (19,0) size 4x19
                text run at (19,0) width 4: " "
          LayoutInline {SPAN} at (0,0) size 12x19
            LayoutInline {SPAN} at (0,0) size 12x19
              LayoutInline {<pseudo:before>} at (0,0) size 12x19
                LayoutCounter (anonymous) at (23,0) size 8x19
                  text run at (23,0) width 8: "0"
                LayoutTextFragment (anonymous) at (31,0) size 4x19
                  text run at (31,0) width 4: " "
        LayoutInline {SPAN} at (0,0) size 32x19
          LayoutInline {SPAN} at (0,0) size 12x19
            LayoutInline {<pseudo:before>} at (0,0) size 12x19
              LayoutCounter (anonymous) at (35,0) size 8x19
                text run at (35,0) width 8: "1"
              LayoutTextFragment (anonymous) at (43,0) size 4x19
                text run at (43,0) width 4: " "
          LayoutInline {SPAN} at (0,0) size 20x19
            LayoutInline {SPAN} at (0,0) size 20x19
              LayoutInline {<pseudo:before>} at (0,0) size 20x19
                LayoutCounter (anonymous) at (47,0) size 20x19
                  text run at (47,0) width 20: "1.0"
                LayoutTextFragment (anonymous) at (0,0) size 0x0
      LayoutBlockFlow {DIV} at (0,56) size 784x20
        LayoutText {#text} at (0,0) size 67x19
          text run at (0,0) width 67: "B1 0 1 1.0"
