layer at (0,0) size 800x600
  LayoutView at (0,0) size 800x600
layer at (0,0) size 800x100
  LayoutBlockFlow {HTML} at (0,0) size 800x100
    LayoutBlockFlow {BODY} at (8,16) size 784x76
      LayoutBlockFlow {P} at (0,0) size 784x20
        LayoutText {#text} at (0,0) size 292x19
          text run at (0,0) width 292: "The following two lines should look the same:"
      LayoutBlockFlow {DIV} at (0,36) size 784x20
        LayoutInline {SPAN} at (0,0) size 28x19
          LayoutInline {<pseudo:before>} at (0,0) size 28x19
            LayoutCounter (anonymous) at (0,0) size 28x19
              text run at (0,0) width 28: "A.A"
        LayoutText {#text} at (28,0) size 4x19
          text run at (28,0) width 4: " "
        LayoutInline {SPAN} at (0,0) size 27x19
          LayoutInline {<pseudo:before>} at (0,0) size 27x19
            LayoutCounter (anonymous) at (32,0) size 27x19
              text run at (32,0) width 27: "A.B"
        LayoutText {#text} at (59,0) size 4x19
          text run at (59,0) width 4: " "
        LayoutInline {SPAN} at (0,0) size 27x19
          LayoutInline {<pseudo:before>} at (0,0) size 27x19
            LayoutCounter (anonymous) at (63,0) size 27x19
              text run at (63,0) width 27: "A.C"
        LayoutText {#text} at (90,0) size 4x19
          text run at (90,0) width 4: " "
        LayoutInline {SPAN} at (0,0) size 28x19
          LayoutInline {<pseudo:before>} at (0,0) size 28x19
            LayoutCounter (anonymous) at (94,0) size 28x19
              text run at (94,0) width 28: "A.D"
        LayoutText {#text} at (122,0) size 4x19
          text run at (122,0) width 4: " "
        LayoutInline {SPAN} at (0,0) size 26x19
          LayoutInline {<pseudo:before>} at (0,0) size 26x19
            LayoutCounter (anonymous) at (126,0) size 26x19
              text run at (126,0) width 26: "A.E"
        LayoutText {#text} at (152,0) size 4x19
          text run at (152,0) width 4: " "
        LayoutInline {SPAN} at (0,0) size 25x19
          LayoutInline {<pseudo:before>} at (0,0) size 25x19
            LayoutCounter (anonymous) at (156,0) size 25x19
              text run at (156,0) width 25: "A.F"
        LayoutText {#text} at (181,0) size 4x19
          text run at (181,0) width 4: " "
        LayoutInline {SPAN} at (0,0) size 28x19
          LayoutInline {<pseudo:before>} at (0,0) size 28x19
            LayoutCounter (anonymous) at (185,0) size 28x19
              text run at (185,0) width 28: "A.G"
        LayoutText {#text} at (213,0) size 4x19
          text run at (213,0) width 4: " "
        LayoutInline {SPAN} at (0,0) size 28x19
          LayoutInline {<pseudo:before>} at (0,0) size 28x19
            LayoutCounter (anonymous) at (217,0) size 28x19
              text run at (217,0) width 28: "A.H"
        LayoutText {#text} at (245,0) size 4x19
          text run at (245,0) width 4: " "
        LayoutInline {SPAN} at (0,0) size 21x19
          LayoutInline {<pseudo:before>} at (0,0) size 21x19
            LayoutCounter (anonymous) at (249,0) size 21x19
              text run at (249,0) width 21: "A.I"
        LayoutText {#text} at (270,0) size 4x19
          text run at (270,0) width 4: " "
        LayoutInline {SPAN} at (0,0) size 22x19
          LayoutInline {<pseudo:before>} at (0,0) size 22x19
            LayoutCounter (anonymous) at (274,0) size 22x19
              text run at (274,0) width 22: "A.J"
        LayoutText {#text} at (296,0) size 4x19
          text run at (296,0) width 4: " "
        LayoutInline {SPAN} at (0,0) size 28x19
          LayoutInline {<pseudo:before>} at (0,0) size 28x19
            LayoutCounter (anonymous) at (300,0) size 28x19
              text run at (300,0) width 28: "A.K"
        LayoutText {#text} at (328,0) size 4x19
          text run at (328,0) width 4: " "
        LayoutInline {SPAN} at (0,0) size 26x19
          LayoutInline {<pseudo:before>} at (0,0) size 26x19
            LayoutCounter (anonymous) at (332,0) size 26x19
              text run at (332,0) width 26: "A.L"
        LayoutText {#text} at (0,0) size 0x0
      LayoutBlockFlow {DIV} at (0,56) size 784x20
        LayoutText {#text} at (0,0) size 358x19
          text run at (0,0) width 32: "A.A "
          text run at (32,0) width 31: "A.B "
          text run at (63,0) width 31: "A.C "
          text run at (94,0) width 32: "A.D "
          text run at (126,0) width 30: "A.E "
          text run at (156,0) width 29: "A.F "
          text run at (185,0) width 32: "A.G "
          text run at (217,0) width 32: "A.H "
          text run at (249,0) width 25: "A.I "
          text run at (274,0) width 26: "A.J "
          text run at (300,0) width 32: "A.K "
          text run at (332,0) width 26: "A.L"
