layer at (0,0) size 800x600
  LayoutView at (0,0) size 800x600
layer at (0,0) size 800x100
  LayoutBlockFlow {HTML} at (0,0) size 800x100
    LayoutBlockFlow {BODY} at (8,16) size 784x76
      LayoutBlockFlow {P} at (0,0) size 784x20
        LayoutText {#text} at (0,0) size 279x19
          text run at (0,0) width 279: "The following two lines should be the same:"
      LayoutBlockFlow {DIV} at (0,36) size 784x20
        LayoutInline {SPAN} at (0,0) size 490x19
          LayoutInline {<pseudo:before>} at (0,0) size 24x19
            LayoutTextFragment (anonymous) at (0,0) size 11x19
              text run at (0,0) width 11: "B"
            LayoutCounter (anonymous) at (11,0) size 8x19
              text run at (11,0) width 8: "1"
            LayoutTextFragment (anonymous) at (19,0) size 5x19
              text run at (19,0) width 5: "-"
          LayoutInline {SPAN} at (0,0) size 441x19
            LayoutInline {<pseudo:before>} at (0,0) size 24x19
              LayoutTextFragment (anonymous) at (24,0) size 11x19
                text run at (24,0) width 11: "B"
              LayoutCounter (anonymous) at (35,0) size 8x19
                text run at (35,0) width 8: "2"
              LayoutTextFragment (anonymous) at (43,0) size 5x19
                text run at (43,0) width 5: "-"
            LayoutInline {SPAN} at (0,0) size 219x19
              LayoutInline {<pseudo:before>} at (0,0) size 36x19
                LayoutTextFragment (anonymous) at (48,0) size 11x19
                  text run at (48,0) width 11: "B"
                LayoutCounter (anonymous) at (59,0) size 20x19
                  text run at (59,0) width 20: "2.1"
                LayoutTextFragment (anonymous) at (79,0) size 5x19
                  text run at (79,0) width 5: "-"
              LayoutInline {SPAN} at (0,0) size 73x19
                LayoutInline {<pseudo:before>} at (0,0) size 36x19
                  LayoutTextFragment (anonymous) at (84,0) size 11x19
                    text run at (84,0) width 11: "B"
                  LayoutCounter (anonymous) at (95,0) size 20x19
                    text run at (95,0) width 20: "2.2"
                  LayoutTextFragment (anonymous) at (115,0) size 5x19
                    text run at (115,0) width 5: "-"
                LayoutInline {<pseudo:after>} at (0,0) size 37x19
                  LayoutTextFragment (anonymous) at (120,0) size 12x19
                    text run at (120,0) width 12: "A"
                  LayoutCounter (anonymous) at (132,0) size 20x19
                    text run at (132,0) width 20: "2.3"
                  LayoutTextFragment (anonymous) at (152,0) size 5x19
                    text run at (152,0) width 5: "-"
              LayoutInline {SPAN} at (0,0) size 73x19
                LayoutInline {<pseudo:before>} at (0,0) size 36x19
                  LayoutTextFragment (anonymous) at (157,0) size 11x19
                    text run at (157,0) width 11: "B"
                  LayoutCounter (anonymous) at (168,0) size 20x19
                    text run at (168,0) width 20: "2.4"
                  LayoutTextFragment (anonymous) at (188,0) size 5x19
                    text run at (188,0) width 5: "-"
                LayoutInline {<pseudo:after>} at (0,0) size 37x19
                  LayoutTextFragment (anonymous) at (193,0) size 12x19
                    text run at (193,0) width 12: "A"
                  LayoutCounter (anonymous) at (205,0) size 20x19
                    text run at (205,0) width 20: "2.5"
                  LayoutTextFragment (anonymous) at (225,0) size 5x19
                    text run at (225,0) width 5: "-"
              LayoutInline {<pseudo:after>} at (0,0) size 37x19
                LayoutTextFragment (anonymous) at (230,0) size 12x19
                  text run at (230,0) width 12: "A"
                LayoutCounter (anonymous) at (242,0) size 20x19
                  text run at (242,0) width 20: "2.6"
                LayoutTextFragment (anonymous) at (262,0) size 5x19
                  text run at (262,0) width 5: "-"
            LayoutInline {SPAN} at (0,0) size 154x19
              LayoutInline {<pseudo:before>} at (0,0) size 36x19
                LayoutTextFragment (anonymous) at (267,0) size 11x19
                  text run at (267,0) width 11: "B"
                LayoutCounter (anonymous) at (278,0) size 20x19
                  text run at (278,0) width 20: "2.7"
                LayoutTextFragment (anonymous) at (298,0) size 5x19
                  text run at (298,0) width 5: "-"
              LayoutInline {SPAN} at (0,0) size 73x19
                LayoutInline {<pseudo:before>} at (0,0) size 36x19
                  LayoutTextFragment (anonymous) at (303,0) size 11x19
                    text run at (303,0) width 11: "B"
                  LayoutCounter (anonymous) at (314,0) size 20x19
                    text run at (314,0) width 20: "2.8"
                  LayoutTextFragment (anonymous) at (334,0) size 5x19
                    text run at (334,0) width 5: "-"
                LayoutInline {<pseudo:after>} at (0,0) size 37x19
                  LayoutTextFragment (anonymous) at (339,0) size 12x19
                    text run at (339,0) width 12: "A"
                  LayoutCounter (anonymous) at (351,0) size 20x19
                    text run at (351,0) width 20: "2.9"
                  LayoutTextFragment (anonymous) at (371,0) size 5x19
                    text run at (371,0) width 5: "-"
              LayoutInline {<pseudo:after>} at (0,0) size 45x19
                LayoutTextFragment (anonymous) at (376,0) size 12x19
                  text run at (376,0) width 12: "A"
                LayoutCounter (anonymous) at (388,0) size 28x19
                  text run at (388,0) width 28: "2.10"
                LayoutTextFragment (anonymous) at (416,0) size 5x19
                  text run at (416,0) width 5: "-"
            LayoutInline {<pseudo:after>} at (0,0) size 44x19
              LayoutTextFragment (anonymous) at (421,0) size 12x19
                text run at (421,0) width 12: "A"
              LayoutCounter (anonymous) at (433,0) size 27x19
                text run at (433,0) width 27: "2.11"
              LayoutTextFragment (anonymous) at (460,0) size 5x19
                text run at (460,0) width 5: "-"
          LayoutInline {<pseudo:after>} at (0,0) size 25x19
            LayoutTextFragment (anonymous) at (465,0) size 12x19
              text run at (465,0) width 12: "A"
            LayoutCounter (anonymous) at (477,0) size 8x19
              text run at (477,0) width 8: "3"
            LayoutTextFragment (anonymous) at (485,0) size 5x19
              text run at (485,0) width 5: "-"
      LayoutBlockFlow {DIV} at (0,56) size 784x20
        LayoutText {#text} at (0,0) size 490x19
          text run at (0,0) width 490: "B1-B2-B2.1-B2.2-A2.3-B2.4-A2.5-A2.6-B2.7-B2.8-A2.9-A2.10-A2.11-A3-"
