layer at (0,0) size 800x600
  LayoutView at (0,0) size 800x600
layer at (0,0) size 800x100
  LayoutBlockFlow {HTML} at (0,0) size 800x100
    LayoutBlockFlow {BODY} at (8,16) size 784x76
      LayoutBlockFlow {P} at (0,0) size 784x20
        LayoutText {#text} at (0,0) size 292x19
          text run at (0,0) width 292: "The following two lines should look the same:"
      LayoutBlockFlow {DIV} at (0,36) size 784x20
        LayoutInline {SPAN} at (0,0) size 5x19
          LayoutInline {<pseudo:before>} at (0,0) size 5x19
            LayoutCounter (anonymous) at (0,0) size 5x19
              text run at (0,0) width 5: "I"
        LayoutText {#text} at (5,0) size 4x19
          text run at (5,0) width 4: " "
        LayoutInline {SPAN} at (0,0) size 10x19
          LayoutInline {<pseudo:before>} at (0,0) size 10x19
            LayoutCounter (anonymous) at (9,0) size 10x19
              text run at (9,0) width 10: "II"
        LayoutText {#text} at (19,0) size 4x19
          text run at (19,0) width 4: " "
        LayoutInline {SPAN} at (0,0) size 15x19
          LayoutInline {<pseudo:before>} at (0,0) size 15x19
            LayoutCounter (anonymous) at (23,0) size 15x19
              text run at (23,0) width 15: "III"
        LayoutText {#text} at (38,0) size 4x19
          text run at (38,0) width 4: " "
        LayoutInline {SPAN} at (0,0) size 17x19
          LayoutInline {<pseudo:before>} at (0,0) size 17x19
            LayoutCounter (anonymous) at (42,0) size 17x19
              text run at (42,0) width 17: "IV"
        LayoutText {#text} at (59,0) size 4x19
          text run at (59,0) width 4: " "
        LayoutInline {SPAN} at (0,0) size 12x19
          LayoutInline {<pseudo:before>} at (0,0) size 12x19
            LayoutCounter (anonymous) at (63,0) size 12x19
              text run at (63,0) width 12: "V"
        LayoutText {#text} at (75,0) size 4x19
          text run at (75,0) width 4: " "
        LayoutInline {SPAN} at (0,0) size 17x19
          LayoutInline {<pseudo:before>} at (0,0) size 17x19
            LayoutCounter (anonymous) at (79,0) size 17x19
              text run at (79,0) width 17: "VI"
        LayoutText {#text} at (96,0) size 4x19
          text run at (96,0) width 4: " "
        LayoutInline {SPAN} at (0,0) size 22x19
          LayoutInline {<pseudo:before>} at (0,0) size 22x19
            LayoutCounter (anonymous) at (100,0) size 22x19
              text run at (100,0) width 22: "VII"
        LayoutText {#text} at (122,0) size 4x19
          text run at (122,0) width 4: " "
        LayoutInline {SPAN} at (0,0) size 27x19
          LayoutInline {<pseudo:before>} at (0,0) size 27x19
            LayoutCounter (anonymous) at (126,0) size 27x19
              text run at (126,0) width 27: "VIII"
        LayoutText {#text} at (153,0) size 4x19
          text run at (153,0) width 4: " "
        LayoutInline {SPAN} at (0,0) size 17x19
          LayoutInline {<pseudo:before>} at (0,0) size 17x19
            LayoutCounter (anonymous) at (157,0) size 17x19
              text run at (157,0) width 17: "IX"
        LayoutText {#text} at (174,0) size 4x19
          text run at (174,0) width 4: " "
        LayoutInline {SPAN} at (0,0) size 12x19
          LayoutInline {<pseudo:before>} at (0,0) size 12x19
            LayoutCounter (anonymous) at (178,0) size 12x19
              text run at (178,0) width 12: "X"
        LayoutText {#text} at (190,0) size 4x19
          text run at (190,0) width 4: " "
        LayoutInline {SPAN} at (0,0) size 17x19
          LayoutInline {<pseudo:before>} at (0,0) size 17x19
            LayoutCounter (anonymous) at (194,0) size 17x19
              text run at (194,0) width 17: "XI"
        LayoutText {#text} at (211,0) size 4x19
          text run at (211,0) width 4: " "
        LayoutInline {SPAN} at (0,0) size 22x19
          LayoutInline {<pseudo:before>} at (0,0) size 22x19
            LayoutCounter (anonymous) at (215,0) size 22x19
              text run at (215,0) width 22: "XII"
        LayoutText {#text} at (237,0) size 4x19
          text run at (237,0) width 4: " "
        LayoutInline {SPAN} at (0,0) size 39x19
          LayoutInline {<pseudo:before>} at (0,0) size 39x19
            LayoutCounter (anonymous) at (241,0) size 39x19
              text run at (241,0) width 39: "XLIX"
        LayoutText {#text} at (280,0) size 4x19
          text run at (280,0) width 4: " "
        LayoutInline {SPAN} at (0,0) size 10x19
          LayoutInline {<pseudo:before>} at (0,0) size 10x19
            LayoutCounter (anonymous) at (284,0) size 10x19
              text run at (284,0) width 10: "L"
        LayoutText {#text} at (294,0) size 4x19
          text run at (294,0) width 4: " "
        LayoutInline {SPAN} at (0,0) size 96x19
          LayoutInline {<pseudo:before>} at (0,0) size 96x19
            LayoutCounter (anonymous) at (298,0) size 96x19
              text run at (298,0) width 96: "CCCLXXXIX"
        LayoutText {#text} at (394,0) size 4x19
          text run at (394,0) width 4: " "
        LayoutInline {SPAN} at (0,0) size 56x19
          LayoutInline {<pseudo:before>} at (0,0) size 56x19
            LayoutCounter (anonymous) at (398,0) size 56x19
              text run at (398,0) width 56: "CCCXC"
        LayoutText {#text} at (454,0) size 4x19
          text run at (454,0) width 4: " "
        LayoutInline {SPAN} at (0,0) size 128x19
          LayoutInline {<pseudo:before>} at (0,0) size 128x19
            LayoutCounter (anonymous) at (458,0) size 128x19
              text run at (458,0) width 128: "MMMCDLXXXIX"
        LayoutText {#text} at (586,0) size 4x19
          text run at (586,0) width 4: " "
        LayoutInline {SPAN} at (0,0) size 88x19
          LayoutInline {<pseudo:before>} at (0,0) size 88x19
            LayoutCounter (anonymous) at (590,0) size 88x19
              text run at (590,0) width 88: "MMMCDXC"
        LayoutText {#text} at (678,0) size 4x19
          text run at (678,0) width 4: " "
        LayoutInline {SPAN} at (0,0) size 93x19
          LayoutInline {<pseudo:before>} at (0,0) size 93x19
            LayoutCounter (anonymous) at (682,0) size 93x19
              text run at (682,0) width 93: "MMMCDXCI"
        LayoutText {#text} at (0,0) size 0x0
      LayoutBlockFlow {DIV} at (0,56) size 784x20
        LayoutText {#text} at (0,0) size 775x19
          text run at (0,0) width 9: "I "
          text run at (9,0) width 14: "II "
          text run at (23,0) width 19: "III "
          text run at (42,0) width 21: "IV "
          text run at (63,0) width 16: "V "
          text run at (79,0) width 21: "VI "
          text run at (100,0) width 26: "VII "
          text run at (126,0) width 31: "VIII "
          text run at (157,0) width 21: "IX "
          text run at (178,0) width 16: "X "
          text run at (194,0) width 21: "XI "
          text run at (215,0) width 26: "XII "
          text run at (241,0) width 43: "XLIX "
          text run at (284,0) width 14: "L "
          text run at (298,0) width 100: "CCCLXXXIX "
          text run at (398,0) width 60: "CCCXC "
          text run at (458,0) width 132: "MMMCDLXXXIX "
          text run at (590,0) width 92: "MMMCDXC "
          text run at (682,0) width 93: "MMMCDXCI"
