layer at (0,0) size 800x600
  LayoutView at (0,0) size 800x600
layer at (0,0) size 800x100
  LayoutBlockFlow {HTML} at (0,0) size 800x100
    LayoutBlockFlow {BODY} at (8,16) size 784x76
      LayoutBlockFlow {P} at (0,0) size 784x20
        LayoutText {#text} at (0,0) size 233x19
          text run at (0,0) width 233: "The following two lines should look "
        LayoutInline {EM} at (0,0) size 90x19
          LayoutText {#text} at (233,0) size 90x19
            text run at (233,0) width 90: "approximately"
        LayoutText {#text} at (323,0) size 63x19
          text run at (323,0) width 63: " the same:"
      LayoutBlockFlow {DIV} at (0,36) size 784x20
        LayoutInline {SPAN} at (0,0) size 11x19
          LayoutInline {<pseudo:before>} at (0,0) size 11x19
            LayoutCounter (anonymous) at (0,0) size 4x19
              text run at (0,0) width 4: "."
            LayoutTextFragment (anonymous) at (4,0) size 7x19
              text run at (4,0) width 7: "z"
        LayoutText {#text} at (11,0) size 4x19
          text run at (11,0) width 4: " "
        LayoutInline {SPAN} at (0,0) size 11x19
          LayoutInline {<pseudo:before>} at (0,0) size 11x19
            LayoutCounter (anonymous) at (15,0) size 4x19
              text run at (15,0) width 4: "."
            LayoutTextFragment (anonymous) at (19,0) size 7x19
              text run at (19,0) width 7: "z"
        LayoutText {#text} at (26,0) size 4x19
          text run at (26,0) width 4: " "
        LayoutInline {SPAN} at (0,0) size 11x19
          LayoutInline {<pseudo:before>} at (0,0) size 11x19
            LayoutCounter (anonymous) at (30,0) size 4x19
              text run at (30,0) width 4: "."
            LayoutTextFragment (anonymous) at (34,0) size 7x19
              text run at (34,0) width 7: "z"
        LayoutText {#text} at (41,0) size 4x19
          text run at (41,0) width 4: " "
        LayoutInline {SPAN} at (0,0) size 11x19
          LayoutInline {<pseudo:before>} at (0,0) size 11x19
            LayoutCounter (anonymous) at (45,0) size 4x19
              text run at (45,0) width 4: "."
            LayoutTextFragment (anonymous) at (49,0) size 7x19
              text run at (49,0) width 7: "z"
        LayoutText {#text} at (56,0) size 4x19
          text run at (56,0) width 4: " "
        LayoutInline {SPAN} at (0,0) size 11x19
          LayoutInline {<pseudo:before>} at (0,0) size 11x19
            LayoutCounter (anonymous) at (60,0) size 4x19
              text run at (60,0) width 4: "."
            LayoutTextFragment (anonymous) at (64,0) size 7x19
              text run at (64,0) width 7: "z"
        LayoutText {#text} at (71,0) size 4x19
          text run at (71,0) width 4: " "
        LayoutInline {SPAN} at (0,0) size 11x19
          LayoutInline {<pseudo:before>} at (0,0) size 11x19
            LayoutCounter (anonymous) at (75,0) size 4x19
              text run at (75,0) width 4: "."
            LayoutTextFragment (anonymous) at (79,0) size 7x19
              text run at (79,0) width 7: "z"
        LayoutText {#text} at (86,0) size 4x19
          text run at (86,0) width 4: " "
        LayoutInline {SPAN} at (0,0) size 11x19
          LayoutInline {<pseudo:before>} at (0,0) size 11x19
            LayoutCounter (anonymous) at (90,0) size 4x19
              text run at (90,0) width 4: "."
            LayoutTextFragment (anonymous) at (94,0) size 7x19
              text run at (94,0) width 7: "z"
        LayoutText {#text} at (101,0) size 4x19
          text run at (101,0) width 4: " "
        LayoutInline {SPAN} at (0,0) size 11x19
          LayoutInline {<pseudo:before>} at (0,0) size 11x19
            LayoutCounter (anonymous) at (105,0) size 4x19
              text run at (105,0) width 4: "."
            LayoutTextFragment (anonymous) at (109,0) size 7x19
              text run at (109,0) width 7: "z"
        LayoutText {#text} at (116,0) size 4x19
          text run at (116,0) width 4: " "
        LayoutInline {SPAN} at (0,0) size 11x19
          LayoutInline {<pseudo:before>} at (0,0) size 11x19
            LayoutCounter (anonymous) at (120,0) size 4x19
              text run at (120,0) width 4: "."
            LayoutTextFragment (anonymous) at (124,0) size 7x19
              text run at (124,0) width 7: "z"
        LayoutText {#text} at (131,0) size 4x19
          text run at (131,0) width 4: " "
        LayoutInline {SPAN} at (0,0) size 11x19
          LayoutInline {<pseudo:before>} at (0,0) size 11x19
            LayoutCounter (anonymous) at (135,0) size 4x19
              text run at (135,0) width 4: "."
            LayoutTextFragment (anonymous) at (139,0) size 7x19
              text run at (139,0) width 7: "z"
        LayoutText {#text} at (146,0) size 4x19
          text run at (146,0) width 4: " "
        LayoutInline {SPAN} at (0,0) size 11x19
          LayoutInline {<pseudo:before>} at (0,0) size 11x19
            LayoutCounter (anonymous) at (150,0) size 4x19
              text run at (150,0) width 4: "."
            LayoutTextFragment (anonymous) at (154,0) size 7x19
              text run at (154,0) width 7: "z"
        LayoutText {#text} at (161,0) size 4x19
          text run at (161,0) width 4: " "
        LayoutInline {SPAN} at (0,0) size 11x19
          LayoutInline {<pseudo:before>} at (0,0) size 11x19
            LayoutCounter (anonymous) at (165,0) size 4x19
              text run at (165,0) width 4: "."
            LayoutTextFragment (anonymous) at (169,0) size 7x19
              text run at (169,0) width 7: "z"
        LayoutText {#text} at (0,0) size 0x0
      LayoutBlockFlow {DIV} at (0,56) size 784x20
        LayoutText {#text} at (0,0) size 176x19
          text run at (0,0) width 15: ".z "
          text run at (15,0) width 15: ".z "
          text run at (30,0) width 15: ".z "
          text run at (45,0) width 15: ".z "
          text run at (60,0) width 15: ".z "
          text run at (75,0) width 15: ".z "
          text run at (90,0) width 15: ".z "
          text run at (105,0) width 15: ".z "
          text run at (120,0) width 15: ".z "
          text run at (135,0) width 15: ".z "
          text run at (150,0) width 15: ".z "
          text run at (165,0) width 11: ".z"
