layer at (0,0) size 800x600
  LayoutView at (0,0) size 800x600
layer at (0,0) size 800x100
  LayoutBlockFlow {HTML} at (0,0) size 800x100
    LayoutBlockFlow {BODY} at (8,16) size 784x76
      LayoutBlockFlow {P} at (0,0) size 784x20
        LayoutText {#text} at (0,0) size 245x19
          text run at (0,0) width 245: "The next two lines should be the same:"
      LayoutBlockFlow {DIV} at (0,36) size 784x20
        LayoutInline {SPAN} at (0,0) size 0x0
        LayoutInline {SPAN} at (0,0) size 12x19
          LayoutInline {<pseudo:before>} at (0,0) size 12x19
            LayoutCounter (anonymous) at (0,0) size 8x19
              text run at (0,0) width 8: "1"
            LayoutTextFragment (anonymous) at (8,0) size 4x19
              text run at (8,0) width 4: " "
        LayoutInline {SPAN} at (0,0) size 0x19
        LayoutInline {SPAN} at (0,0) size 12x19
          LayoutInline {<pseudo:before>} at (0,0) size 12x19
            LayoutCounter (anonymous) at (12,0) size 8x19
              text run at (12,0) width 8: "1"
            LayoutTextFragment (anonymous) at (20,0) size 4x19
              text run at (20,0) width 4: " "
        LayoutInline {SPAN} at (0,0) size 55x19
          LayoutInline {<pseudo:before>} at (0,0) size 11x19
            LayoutTextFragment (anonymous) at (24,0) size 11x19
              text run at (24,0) width 11: "R"
          LayoutInline {SPAN} at (0,0) size 24x19
            LayoutInline {<pseudo:before>} at (0,0) size 24x19
              LayoutCounter (anonymous) at (35,0) size 20x19
                text run at (35,0) width 20: "1.1"
              LayoutTextFragment (anonymous) at (55,0) size 4x19
                text run at (55,0) width 4: " "
          LayoutInline {SPAN} at (0,0) size 0x19
          LayoutInline {SPAN} at (0,0) size 20x19
            LayoutInline {<pseudo:before>} at (0,0) size 20x19
              LayoutCounter (anonymous) at (59,0) size 20x19
                text run at (59,0) width 20: "1.1"
              LayoutTextFragment (anonymous) at (0,0) size 0x0
      LayoutBlockFlow {DIV} at (0,56) size 784x20
        LayoutText {#text} at (0,0) size 79x19
          text run at (0,0) width 79: "1 1 R1.1 1.1"
