layer at (0,0) size 800x600
  LayoutView at (0,0) size 800x600
layer at (0,0) size 800x100
  LayoutBlockFlow {HTML} at (0,0) size 800x100
    LayoutBlockFlow {BODY} at (8,16) size 784x76
      LayoutBlockFlow {P} at (0,0) size 784x20
        LayoutText {#text} at (0,0) size 292x19
          text run at (0,0) width 292: "The following two lines should look the same:"
      LayoutBlockFlow {DIV} at (0,36) size 784x20
        LayoutInline {SPAN} at (0,0) size 4x19
          LayoutInline {<pseudo:before>} at (0,0) size 4x19
            LayoutCounter (anonymous) at (0,0) size 4x19
              text run at (0,0) width 4: "i"
        LayoutText {#text} at (4,0) size 4x19
          text run at (4,0) width 4: " "
        LayoutInline {SPAN} at (0,0) size 8x19
          LayoutInline {<pseudo:before>} at (0,0) size 8x19
            LayoutCounter (anonymous) at (8,0) size 8x19
              text run at (8,0) width 8: "ii"
        LayoutText {#text} at (16,0) size 4x19
          text run at (16,0) width 4: " "
        LayoutInline {SPAN} at (0,0) size 12x19
          LayoutInline {<pseudo:before>} at (0,0) size 12x19
            LayoutCounter (anonymous) at (20,0) size 12x19
              text run at (20,0) width 12: "iii"
        LayoutText {#text} at (32,0) size 4x19
          text run at (32,0) width 4: " "
        LayoutInline {SPAN} at (0,0) size 12x19
          LayoutInline {<pseudo:before>} at (0,0) size 12x19
            LayoutCounter (anonymous) at (36,0) size 12x19
              text run at (36,0) width 12: "iv"
        LayoutText {#text} at (48,0) size 4x19
          text run at (48,0) width 4: " "
        LayoutInline {SPAN} at (0,0) size 8x19
          LayoutInline {<pseudo:before>} at (0,0) size 8x19
            LayoutCounter (anonymous) at (52,0) size 8x19
              text run at (52,0) width 8: "v"
        LayoutText {#text} at (60,0) size 4x19
          text run at (60,0) width 4: " "
        LayoutInline {SPAN} at (0,0) size 12x19
          LayoutInline {<pseudo:before>} at (0,0) size 12x19
            LayoutCounter (anonymous) at (64,0) size 12x19
              text run at (64,0) width 12: "vi"
        LayoutText {#text} at (76,0) size 4x19
          text run at (76,0) width 4: " "
        LayoutInline {SPAN} at (0,0) size 16x19
          LayoutInline {<pseudo:before>} at (0,0) size 16x19
            LayoutCounter (anonymous) at (80,0) size 16x19
              text run at (80,0) width 16: "vii"
        LayoutText {#text} at (96,0) size 4x19
          text run at (96,0) width 4: " "
        LayoutInline {SPAN} at (0,0) size 20x19
          LayoutInline {<pseudo:before>} at (0,0) size 20x19
            LayoutCounter (anonymous) at (100,0) size 20x19
              text run at (100,0) width 20: "viii"
        LayoutText {#text} at (120,0) size 4x19
          text run at (120,0) width 4: " "
        LayoutInline {SPAN} at (0,0) size 12x19
          LayoutInline {<pseudo:before>} at (0,0) size 12x19
            LayoutCounter (anonymous) at (124,0) size 12x19
              text run at (124,0) width 12: "ix"
        LayoutText {#text} at (136,0) size 4x19
          text run at (136,0) width 4: " "
        LayoutInline {SPAN} at (0,0) size 8x19
          LayoutInline {<pseudo:before>} at (0,0) size 8x19
            LayoutCounter (anonymous) at (140,0) size 8x19
              text run at (140,0) width 8: "x"
        LayoutText {#text} at (148,0) size 4x19
          text run at (148,0) width 4: " "
        LayoutInline {SPAN} at (0,0) size 12x19
          LayoutInline {<pseudo:before>} at (0,0) size 12x19
            LayoutCounter (anonymous) at (152,0) size 12x19
              text run at (152,0) width 12: "xi"
        LayoutText {#text} at (164,0) size 4x19
          text run at (164,0) width 4: " "
        LayoutInline {SPAN} at (0,0) size 16x19
          LayoutInline {<pseudo:before>} at (0,0) size 16x19
            LayoutCounter (anonymous) at (168,0) size 16x19
              text run at (168,0) width 16: "xii"
        LayoutText {#text} at (184,0) size 4x19
          text run at (184,0) width 4: " "
        LayoutInline {SPAN} at (0,0) size 24x19
          LayoutInline {<pseudo:before>} at (0,0) size 24x19
            LayoutCounter (anonymous) at (188,0) size 24x19
              text run at (188,0) width 24: "xlix"
        LayoutText {#text} at (212,0) size 4x19
          text run at (212,0) width 4: " "
        LayoutInline {SPAN} at (0,0) size 4x19
          LayoutInline {<pseudo:before>} at (0,0) size 4x19
            LayoutCounter (anonymous) at (216,0) size 4x19
              text run at (216,0) width 4: "l"
        LayoutText {#text} at (220,0) size 4x19
          text run at (220,0) width 4: " "
        LayoutInline {SPAN} at (0,0) size 61x19
          LayoutInline {<pseudo:before>} at (0,0) size 61x19
            LayoutCounter (anonymous) at (224,0) size 61x19
              text run at (224,0) width 61: "ccclxxxix"
        LayoutText {#text} at (285,0) size 4x19
          text run at (285,0) width 4: " "
        LayoutInline {SPAN} at (0,0) size 36x19
          LayoutInline {<pseudo:before>} at (0,0) size 36x19
            LayoutCounter (anonymous) at (289,0) size 36x19
              text run at (289,0) width 36: "cccxc"
        LayoutText {#text} at (325,0) size 4x19
          text run at (325,0) width 4: " "
        LayoutInline {SPAN} at (0,0) size 91x19
          LayoutInline {<pseudo:before>} at (0,0) size 91x19
            LayoutCounter (anonymous) at (329,0) size 91x19
              text run at (329,0) width 91: "mmmcdlxxxix"
        LayoutText {#text} at (420,0) size 4x19
          text run at (420,0) width 4: " "
        LayoutInline {SPAN} at (0,0) size 66x19
          LayoutInline {<pseudo:before>} at (0,0) size 66x19
            LayoutCounter (anonymous) at (424,0) size 66x19
              text run at (424,0) width 66: "mmmcdxc"
        LayoutText {#text} at (490,0) size 4x19
          text run at (490,0) width 4: " "
        LayoutInline {SPAN} at (0,0) size 70x19
          LayoutInline {<pseudo:before>} at (0,0) size 70x19
            LayoutCounter (anonymous) at (494,0) size 70x19
              text run at (494,0) width 70: "mmmcdxci"
        LayoutText {#text} at (0,0) size 0x0
      LayoutBlockFlow {DIV} at (0,56) size 784x20
        LayoutText {#text} at (0,0) size 564x19
          text run at (0,0) width 8: "i "
          text run at (8,0) width 12: "ii "
          text run at (20,0) width 16: "iii "
          text run at (36,0) width 16: "iv "
          text run at (52,0) width 12: "v "
          text run at (64,0) width 16: "vi "
          text run at (80,0) width 20: "vii "
          text run at (100,0) width 24: "viii "
          text run at (124,0) width 16: "ix "
          text run at (140,0) width 12: "x "
          text run at (152,0) width 16: "xi "
          text run at (168,0) width 20: "xii "
          text run at (188,0) width 28: "xlix "
          text run at (216,0) width 8: "l "
          text run at (224,0) width 65: "ccclxxxix "
          text run at (289,0) width 40: "cccxc "
          text run at (329,0) width 95: "mmmcdlxxxix "
          text run at (424,0) width 70: "mmmcdxc "
          text run at (494,0) width 70: "mmmcdxci"
