layer at (0,0) size 800x600
  LayoutView at (0,0) size 800x600
layer at (0,0) size 800x100
  LayoutBlockFlow {HTML} at (0,0) size 800x100
    LayoutBlockFlow {BODY} at (8,16) size 784x76
      LayoutBlockFlow {P} at (0,0) size 784x20
        LayoutText {#text} at (0,0) size 292x19
          text run at (0,0) width 292: "The following two lines should look the same:"
      LayoutBlockFlow {DIV} at (0,36) size 784x20
        LayoutInline {SPAN} at (0,0) size 12x19
          LayoutInline {<pseudo:before>} at (0,0) size 12x19
            LayoutCounter (anonymous) at (0,0) size 12x19
              text run at (0,0) width 12: "A"
        LayoutText {#text} at (12,0) size 4x19
          text run at (12,0) width 4: " "
        LayoutInline {SPAN} at (0,0) size 11x19
          LayoutInline {<pseudo:before>} at (0,0) size 11x19
            LayoutCounter (anonymous) at (16,0) size 11x19
              text run at (16,0) width 11: "B"
        LayoutText {#text} at (27,0) size 4x19
          text run at (27,0) width 4: " "
        LayoutInline {SPAN} at (0,0) size 11x19
          LayoutInline {<pseudo:before>} at (0,0) size 11x19
            LayoutCounter (anonymous) at (31,0) size 11x19
              text run at (31,0) width 11: "C"
        LayoutText {#text} at (42,0) size 4x19
          text run at (42,0) width 4: " "
        LayoutInline {SPAN} at (0,0) size 12x19
          LayoutInline {<pseudo:before>} at (0,0) size 12x19
            LayoutCounter (anonymous) at (46,0) size 12x19
              text run at (46,0) width 12: "D"
        LayoutText {#text} at (58,0) size 4x19
          text run at (58,0) width 4: " "
        LayoutInline {SPAN} at (0,0) size 10x19
          LayoutInline {<pseudo:before>} at (0,0) size 10x19
            LayoutCounter (anonymous) at (62,0) size 10x19
              text run at (62,0) width 10: "E"
        LayoutText {#text} at (72,0) size 4x19
          text run at (72,0) width 4: " "
        LayoutInline {SPAN} at (0,0) size 9x19
          LayoutInline {<pseudo:before>} at (0,0) size 9x19
            LayoutCounter (anonymous) at (76,0) size 9x19
              text run at (76,0) width 9: "F"
        LayoutText {#text} at (85,0) size 4x19
          text run at (85,0) width 4: " "
        LayoutInline {SPAN} at (0,0) size 12x19
          LayoutInline {<pseudo:before>} at (0,0) size 12x19
            LayoutCounter (anonymous) at (89,0) size 12x19
              text run at (89,0) width 12: "G"
        LayoutText {#text} at (101,0) size 4x19
          text run at (101,0) width 4: " "
        LayoutInline {SPAN} at (0,0) size 12x19
          LayoutInline {<pseudo:before>} at (0,0) size 12x19
            LayoutCounter (anonymous) at (105,0) size 12x19
              text run at (105,0) width 12: "H"
        LayoutText {#text} at (117,0) size 4x19
          text run at (117,0) width 4: " "
        LayoutInline {SPAN} at (0,0) size 5x19
          LayoutInline {<pseudo:before>} at (0,0) size 5x19
            LayoutCounter (anonymous) at (121,0) size 5x19
              text run at (121,0) width 5: "I"
        LayoutText {#text} at (126,0) size 4x19
          text run at (126,0) width 4: " "
        LayoutInline {SPAN} at (0,0) size 6x19
          LayoutInline {<pseudo:before>} at (0,0) size 6x19
            LayoutCounter (anonymous) at (130,0) size 6x19
              text run at (130,0) width 6: "J"
        LayoutText {#text} at (136,0) size 4x19
          text run at (136,0) width 4: " "
        LayoutInline {SPAN} at (0,0) size 12x19
          LayoutInline {<pseudo:before>} at (0,0) size 12x19
            LayoutCounter (anonymous) at (140,0) size 12x19
              text run at (140,0) width 12: "K"
        LayoutText {#text} at (152,0) size 4x19
          text run at (152,0) width 4: " "
        LayoutInline {SPAN} at (0,0) size 10x19
          LayoutInline {<pseudo:before>} at (0,0) size 10x19
            LayoutCounter (anonymous) at (156,0) size 10x19
              text run at (156,0) width 10: "L"
        LayoutText {#text} at (0,0) size 0x0
      LayoutBlockFlow {DIV} at (0,56) size 784x20
        LayoutText {#text} at (0,0) size 166x19
          text run at (0,0) width 16: "A "
          text run at (16,0) width 15: "B "
          text run at (31,0) width 15: "C "
          text run at (46,0) width 16: "D "
          text run at (62,0) width 14: "E "
          text run at (76,0) width 13: "F "
          text run at (89,0) width 16: "G "
          text run at (105,0) width 16: "H "
          text run at (121,0) width 9: "I "
          text run at (130,0) width 10: "J "
          text run at (140,0) width 16: "K "
          text run at (156,0) width 10: "L"
