layer at (0,0) size 800x600
  LayoutView at (0,0) size 800x600
layer at (0,0) size 800x356
  LayoutBlockFlow {HTML} at (0,0) size 800x356
    LayoutBlockFlow {BODY} at (8,16) size 784x324 [color=#000080]
      LayoutBlockFlow {P} at (0,0) size 784x20
        LayoutText {#text} at (0,0) size 458x19
          text run at (0,0) width 458: "Each bullet should look as described, and there should be no red present."
      LayoutBlockFlow {UL} at (0,36) size 784x60
        LayoutListItem {LI} at (40,0) size 744x20
          LayoutListMarker (anonymous) at (-18,0) size 7x19: bullet
          LayoutText {#text} at (0,0) size 25x19
            text run at (0,0) width 25: "disc"
        LayoutListItem {LI} at (40,20) size 744x20
          LayoutListMarker (anonymous) at (-18,0) size 7x19: bullet
          LayoutText {#text} at (0,0) size 25x19
            text run at (0,0) width 25: "disc"
        LayoutListItem {LI} at (40,40) size 744x20
          LayoutListMarker (anonymous) at (-18,0) size 7x19: bullet
          LayoutText {#text} at (0,0) size 25x19
            text run at (0,0) width 25: "disc"
      LayoutBlockFlow {UL} at (0,112) size 784x60
        LayoutListItem {LI} at (40,0) size 744x20
          LayoutListMarker (anonymous) at (-18,0) size 7x19: white bullet
          LayoutText {#text} at (0,0) size 34x19
            text run at (0,0) width 34: "circle"
        LayoutListItem {LI} at (40,20) size 744x20
          LayoutListMarker (anonymous) at (-18,0) size 7x19: white bullet
          LayoutText {#text} at (0,0) size 34x19
            text run at (0,0) width 34: "circle"
        LayoutListItem {LI} at (40,40) size 744x20
          LayoutListMarker (anonymous) at (-18,0) size 7x19: white bullet
          LayoutText {#text} at (0,0) size 34x19
            text run at (0,0) width 34: "circle"
      LayoutBlockFlow {UL} at (0,188) size 784x60
        LayoutListItem {LI} at (40,0) size 744x20
          LayoutListMarker (anonymous) at (-18,0) size 7x19: black square
          LayoutText {#text} at (0,0) size 41x19
            text run at (0,0) width 41: "square"
        LayoutListItem {LI} at (40,20) size 744x20
          LayoutListMarker (anonymous) at (-18,0) size 7x19: black square
          LayoutText {#text} at (0,0) size 41x19
            text run at (0,0) width 41: "square"
        LayoutListItem {LI} at (40,40) size 744x20
          LayoutListMarker (anonymous) at (-18,0) size 7x19: black square
          LayoutText {#text} at (0,0) size 41x19
            text run at (0,0) width 41: "square"
      LayoutBlockFlow {UL} at (0,264) size 784x60 [color=#FF0000]
        LayoutListItem {LI} at (40,0) size 744x20
          LayoutText {#text} at (0,0) size 4x19
            text run at (0,0) width 4: " "
        LayoutListItem {LI} at (40,20) size 744x20
          LayoutText {#text} at (0,0) size 4x19
            text run at (0,0) width 4: " "
        LayoutListItem {LI} at (40,40) size 744x20
          LayoutText {#text} at (0,0) size 4x19
            text run at (0,0) width 4: " "
