layer at (0,0) size 800x600
  LayoutView at (0,0) size 800x600
layer at (0,0) size 800x100
  LayoutBlockFlow {HTML} at (0,0) size 800x100
    LayoutBlockFlow {BODY} at (8,16) size 784x76
      LayoutBlockFlow {P} at (0,0) size 784x20
        LayoutText {#text} at (0,0) size 292x19
          text run at (0,0) width 292: "The following two lines should look the same:"
      LayoutBlockFlow {DIV} at (0,36) size 784x20
        LayoutInline {SPAN} at (0,0) size 12x19
          LayoutInline {<pseudo:before>} at (0,0) size 12x19
            LayoutCounter (anonymous) at (0,0) size 12x19
              text run at (0,0) width 12: "i.i"
        LayoutText {#text} at (12,0) size 4x19
          text run at (12,0) width 4: " "
        LayoutInline {SPAN} at (0,0) size 16x19
          LayoutInline {<pseudo:before>} at (0,0) size 16x19
            LayoutCounter (anonymous) at (16,0) size 16x19
              text run at (16,0) width 16: "i.ii"
        LayoutText {#text} at (32,0) size 4x19
          text run at (32,0) width 4: " "
        LayoutInline {SPAN} at (0,0) size 20x19
          LayoutInline {<pseudo:before>} at (0,0) size 20x19
            LayoutCounter (anonymous) at (36,0) size 20x19
              text run at (36,0) width 20: "i.iii"
        LayoutText {#text} at (56,0) size 4x19
          text run at (56,0) width 4: " "
        LayoutInline {SPAN} at (0,0) size 20x19
          LayoutInline {<pseudo:before>} at (0,0) size 20x19
            LayoutCounter (anonymous) at (60,0) size 20x19
              text run at (60,0) width 20: "i.iv"
        LayoutText {#text} at (80,0) size 4x19
          text run at (80,0) width 4: " "
        LayoutInline {SPAN} at (0,0) size 16x19
          LayoutInline {<pseudo:before>} at (0,0) size 16x19
            LayoutCounter (anonymous) at (84,0) size 16x19
              text run at (84,0) width 16: "i.v"
        LayoutText {#text} at (100,0) size 4x19
          text run at (100,0) width 4: " "
        LayoutInline {SPAN} at (0,0) size 20x19
          LayoutInline {<pseudo:before>} at (0,0) size 20x19
            LayoutCounter (anonymous) at (104,0) size 20x19
              text run at (104,0) width 20: "i.vi"
        LayoutText {#text} at (124,0) size 4x19
          text run at (124,0) width 4: " "
        LayoutInline {SPAN} at (0,0) size 24x19
          LayoutInline {<pseudo:before>} at (0,0) size 24x19
            LayoutCounter (anonymous) at (128,0) size 24x19
              text run at (128,0) width 24: "i.vii"
        LayoutText {#text} at (152,0) size 4x19
          text run at (152,0) width 4: " "
        LayoutInline {SPAN} at (0,0) size 28x19
          LayoutInline {<pseudo:before>} at (0,0) size 28x19
            LayoutCounter (anonymous) at (156,0) size 28x19
              text run at (156,0) width 28: "i.viii"
        LayoutText {#text} at (184,0) size 4x19
          text run at (184,0) width 4: " "
        LayoutInline {SPAN} at (0,0) size 20x19
          LayoutInline {<pseudo:before>} at (0,0) size 20x19
            LayoutCounter (anonymous) at (188,0) size 20x19
              text run at (188,0) width 20: "i.ix"
        LayoutText {#text} at (208,0) size 4x19
          text run at (208,0) width 4: " "
        LayoutInline {SPAN} at (0,0) size 16x19
          LayoutInline {<pseudo:before>} at (0,0) size 16x19
            LayoutCounter (anonymous) at (212,0) size 16x19
              text run at (212,0) width 16: "i.x"
        LayoutText {#text} at (228,0) size 4x19
          text run at (228,0) width 4: " "
        LayoutInline {SPAN} at (0,0) size 20x19
          LayoutInline {<pseudo:before>} at (0,0) size 20x19
            LayoutCounter (anonymous) at (232,0) size 20x19
              text run at (232,0) width 20: "i.xi"
        LayoutText {#text} at (252,0) size 4x19
          text run at (252,0) width 4: " "
        LayoutInline {SPAN} at (0,0) size 24x19
          LayoutInline {<pseudo:before>} at (0,0) size 24x19
            LayoutCounter (anonymous) at (256,0) size 24x19
              text run at (256,0) width 24: "i.xii"
        LayoutText {#text} at (280,0) size 4x19
          text run at (280,0) width 4: " "
        LayoutInline {SPAN} at (0,0) size 32x19
          LayoutInline {<pseudo:before>} at (0,0) size 32x19
            LayoutCounter (anonymous) at (284,0) size 32x19
              text run at (284,0) width 32: "i.xlix"
        LayoutText {#text} at (316,0) size 4x19
          text run at (316,0) width 4: " "
        LayoutInline {SPAN} at (0,0) size 12x19
          LayoutInline {<pseudo:before>} at (0,0) size 12x19
            LayoutCounter (anonymous) at (320,0) size 12x19
              text run at (320,0) width 12: "i.l"
        LayoutText {#text} at (332,0) size 4x19
          text run at (332,0) width 4: " "
        LayoutInline {SPAN} at (0,0) size 69x19
          LayoutInline {<pseudo:before>} at (0,0) size 69x19
            LayoutCounter (anonymous) at (336,0) size 69x19
              text run at (336,0) width 69: "i.ccclxxxix"
        LayoutText {#text} at (405,0) size 4x19
          text run at (405,0) width 4: " "
        LayoutInline {SPAN} at (0,0) size 44x19
          LayoutInline {<pseudo:before>} at (0,0) size 44x19
            LayoutCounter (anonymous) at (409,0) size 44x19
              text run at (409,0) width 44: "i.cccxc"
        LayoutText {#text} at (453,0) size 4x19
          text run at (453,0) width 4: " "
        LayoutInline {SPAN} at (0,0) size 99x19
          LayoutInline {<pseudo:before>} at (0,0) size 99x19
            LayoutCounter (anonymous) at (457,0) size 99x19
              text run at (457,0) width 99: "i.mmmcdlxxxix"
        LayoutText {#text} at (556,0) size 4x19
          text run at (556,0) width 4: " "
        LayoutInline {SPAN} at (0,0) size 74x19
          LayoutInline {<pseudo:before>} at (0,0) size 74x19
            LayoutCounter (anonymous) at (560,0) size 74x19
              text run at (560,0) width 74: "i.mmmcdxc"
        LayoutText {#text} at (634,0) size 4x19
          text run at (634,0) width 4: " "
        LayoutInline {SPAN} at (0,0) size 78x19
          LayoutInline {<pseudo:before>} at (0,0) size 78x19
            LayoutCounter (anonymous) at (638,0) size 78x19
              text run at (638,0) width 78: "i.mmmcdxci"
        LayoutText {#text} at (0,0) size 0x0
      LayoutBlockFlow {DIV} at (0,56) size 784x20
        LayoutText {#text} at (0,0) size 716x19
          text run at (0,0) width 16: "i.i "
          text run at (16,0) width 20: "i.ii "
          text run at (36,0) width 24: "i.iii "
          text run at (60,0) width 24: "i.iv "
          text run at (84,0) width 20: "i.v "
          text run at (104,0) width 24: "i.vi "
          text run at (128,0) width 28: "i.vii "
          text run at (156,0) width 32: "i.viii "
          text run at (188,0) width 24: "i.ix "
          text run at (212,0) width 20: "i.x "
          text run at (232,0) width 24: "i.xi "
          text run at (256,0) width 28: "i.xii "
          text run at (284,0) width 36: "i.xlix "
          text run at (320,0) width 16: "i.l "
          text run at (336,0) width 73: "i.ccclxxxix "
          text run at (409,0) width 48: "i.cccxc "
          text run at (457,0) width 103: "i.mmmcdlxxxix "
          text run at (560,0) width 78: "i.mmmcdxc "
          text run at (638,0) width 78: "i.mmmcdxci"
