layer at (0,0) size 800x600
  LayoutView at (0,0) size 800x600
layer at (0,0) size 800x100
  LayoutBlockFlow {HTML} at (0,0) size 800x100
    LayoutBlockFlow {BODY} at (8,16) size 784x76
      LayoutBlockFlow {P} at (0,0) size 784x20
        LayoutText {#text} at (0,0) size 279x19
          text run at (0,0) width 279: "The following two lines should be the same:"
      LayoutBlockFlow {DIV} at (0,36) size 784x20
        LayoutInline {SPAN} at (0,0) size 159x19
          LayoutInline {<pseudo:before>} at (0,0) size 24x19
            LayoutTextFragment (anonymous) at (0,0) size 11x19
              text run at (0,0) width 11: "B"
            LayoutCounter (anonymous) at (11,0) size 8x19
              text run at (11,0) width 8: "1"
            LayoutTextFragment (anonymous) at (19,0) size 5x19
              text run at (19,0) width 5: "-"
          LayoutInline {SPAN} at (0,0) size 110x19
            LayoutInline {<pseudo:before>} at (0,0) size 24x19
              LayoutTextFragment (anonymous) at (24,0) size 11x19
                text run at (24,0) width 11: "B"
              LayoutCounter (anonymous) at (35,0) size 8x19
                text run at (35,0) width 8: "2"
              LayoutTextFragment (anonymous) at (43,0) size 5x19
                text run at (43,0) width 5: "-"
            LayoutInline {SPAN} at (0,0) size 49x19
              LayoutInline {<pseudo:before>} at (0,0) size 24x19
                LayoutTextFragment (anonymous) at (48,0) size 11x19
                  text run at (48,0) width 11: "B"
                LayoutCounter (anonymous) at (59,0) size 8x19
                  text run at (59,0) width 8: "3"
                LayoutTextFragment (anonymous) at (67,0) size 5x19
                  text run at (67,0) width 5: "-"
              LayoutInline {<pseudo:after>} at (0,0) size 25x19
                LayoutTextFragment (anonymous) at (72,0) size 12x19
                  text run at (72,0) width 12: "A"
                LayoutCounter (anonymous) at (84,0) size 8x19
                  text run at (84,0) width 8: "4"
                LayoutTextFragment (anonymous) at (92,0) size 5x19
                  text run at (92,0) width 5: "-"
            LayoutInline {<pseudo:after>} at (0,0) size 37x19
              LayoutTextFragment (anonymous) at (97,0) size 12x19
                text run at (97,0) width 12: "A"
              LayoutCounter (anonymous) at (109,0) size 20x19
                text run at (109,0) width 20: "4.1"
              LayoutTextFragment (anonymous) at (129,0) size 5x19
                text run at (129,0) width 5: "-"
          LayoutInline {<pseudo:after>} at (0,0) size 25x19
            LayoutTextFragment (anonymous) at (134,0) size 12x19
              text run at (134,0) width 12: "A"
            LayoutCounter (anonymous) at (146,0) size 8x19
              text run at (146,0) width 8: "5"
            LayoutTextFragment (anonymous) at (154,0) size 5x19
              text run at (154,0) width 5: "-"
      LayoutBlockFlow {DIV} at (0,56) size 784x20
        LayoutText {#text} at (0,0) size 159x19
          text run at (0,0) width 159: "B1-B2-B3-A4-A4.1-A5-"
