layer at (0,0) size 800x600
  LayoutView at (0,0) size 800x600
layer at (0,0) size 800x88
  LayoutBlockFlow {HTML} at (0,0) size 800x88
    LayoutBlockFlow {BODY} at (8,16) size 784x56
      LayoutBlockFlow {P} at (0,0) size 784x20
        LayoutText {#text} at (0,0) size 163x19
          text run at (0,0) width 163: "This line should be green."
      LayoutBlockFlow {P} at (0,36) size 784x20
        LayoutText {#text} at (0,0) size 59x19
          text run at (0,0) width 59: "This line "
        LayoutInline {SPAN} at (0,0) size 100x19
          LayoutText {#text} at (59,0) size 100x19
            text run at (59,0) width 100: "should be green"
        LayoutText {#text} at (159,0) size 28x19
          text run at (159,0) width 28: " too."
