layer at (0,0) size 800x600
  LayoutView at (0,0) size 800x600
layer at (0,0) size 800x124
  LayoutBlockFlow {HTML} at (0,0) size 800x124
    LayoutBlockFlow {BODY} at (8,16) size 784x92
      LayoutBlockFlow {P} at (0,0) size 784x20 [bgcolor=#00FF00]
        LayoutText {#text} at (0,0) size 163x19
          text run at (0,0) width 163: "This line should be green."
      LayoutBlockFlow {P} at (0,36) size 784x20 [bgcolor=#00FF00]
        LayoutText {#text} at (0,0) size 59x19
          text run at (0,0) width 59: "This line "
        LayoutInline {SPAN} at (0,0) size 100x19
          LayoutText {#text} at (59,0) size 100x19
            text run at (59,0) width 100: "should be green"
        LayoutText {#text} at (159,0) size 28x19
          text run at (159,0) width 28: " too."
      LayoutBlockFlow {P} at (0,72) size 784x20 [bgcolor=#AAFFAA]
        LayoutText {#text} at (0,0) size 193x19
          text run at (0,0) width 193: "This line should be pale green."
