layer at (0,0) size 800x600
  LayoutView at (0,0) size 800x600
layer at (0,0) size 800x111
  LayoutBlockFlow {HTML} at (0,0) size 800x111.19
    LayoutBlockFlow {BODY} at (8,9.59) size 784x92 [color=#000080]
      LayoutBlockFlow {P} at (0,0) size 784x92
        LayoutText {#text} at (0,5) size 472x13
          text run at (0,5) width 472: "This test should be about 10px, sans-serif, and light. There should be about 15px between each line. "
        LayoutInline {SPAN} at (0,0) size 781x82 [color=#C0C0C0]
          LayoutText {#text} at (472,5) size 781x82
            text run at (472,5) width 277: "dummy text dummy text dummy text dummy text dummy text"
            text run at (0,28) width 36: "dummy "
            text run at (36,28) width 336: "text dummy text dummy text dummy text dummy text dummy text dummy "
            text run at (372,28) width 336: "text dummy text dummy text dummy text dummy text dummy text dummy "
            text run at (708,28) width 73: "text dummy text"
            text run at (0,51) width 260: "dummy text dummy text dummy text dummy text dummy "
            text run at (260,51) width 336: "text dummy text dummy text dummy text dummy text dummy text dummy "
            text run at (596,51) width 185: "text dummy text dummy text dummy text"
            text run at (0,74) width 148: "dummy text dummy text dummy "
            text run at (148,74) width 336: "text dummy text dummy text dummy text dummy text dummy text dummy "
            text run at (484,74) width 297: "text dummy text dummy text dummy text dummy text dummy text"
        LayoutText {#text} at (0,0) size 0x0
