layer at (0,0) size 800x600 scrollHeight 708
  LayoutView at (0,0) size 800x600
layer at (0,0) size 800x708 backgroundClip at (0,0) size 800x600 clip at (0,0) size 800x600
  LayoutBlockFlow {HTML} at (0,0) size 800x708
    LayoutBlockFlow {BODY} at (8,18) size 784x672 [color=#000080]
      LayoutBlockFlow {P} at (0,0) size 784x672
        LayoutText {#text} at (0,37) size 734x118
          text run at (0,37) width 734: "This text should be 18px sans-serif, in small-caps and italicized. The lines should be one inch"
          text run at (0,133) width 53: "apart. "
        LayoutInline {SPAN} at (0,0) size 778x502 [color=#C0C0C0]
          LayoutText {#text} at (53,133) size 778x502
            text run at (53,133) width 519: "dummy text dummy text dummy text dummy text dummy text dummy "
            text run at (572,133) width 181: "text dummy text dummy"
            text run at (0,229) width 372: "text dummy text dummy text dummy text dummy "
            text run at (372,229) width 406: "text dummy text dummy text dummy text dummy text"
            text run at (0,325) width 147: "dummy text dummy "
            text run at (147,325) width 558: "text dummy text dummy text dummy text dummy text dummy text dummy "
            text run at (705,325) width 34: "text"
            text run at (0,421) width 519: "dummy text dummy text dummy text dummy text dummy text dummy "
            text run at (519,421) width 220: "text dummy text dummy text"
            text run at (0,517) width 333: "dummy text dummy text dummy text dummy "
            text run at (333,517) width 406: "text dummy text dummy text dummy text dummy text"
            text run at (0,613) width 147: "dummy text dummy "
            text run at (147,613) width 499: "text dummy text dummy text dummy text dummy text dummy text"
        LayoutText {#text} at (0,0) size 0x0
