layer at (0,0) size 800x600
  LayoutView at (0,0) size 800x600
layer at (0,0) size 800x324
  LayoutBlockFlow {HTML} at (0,0) size 800x324
    LayoutBlockFlow {BODY} at (8,16) size 784x300
      LayoutBlockFlow {P} at (0,0) size 784x20
        LayoutText {#text} at (0,0) size 708x19
          text run at (0,0) width 708: "There should be a stripy pattern of yellow and aqua below (each vertical stripe should be straight and unbroken)."
      LayoutBlockFlow {DIV} at (0,36) size 432x24 [color=#00FFFF] [bgcolor=#FFFF00]
        LayoutText {#text} at (0,0) size 360x24
          text run at (0,0) width 360: "x x   x x   x x"
      LayoutBlockFlow {DIV} at (0,60) size 432x24 [color=#00FFFF] [bgcolor=#FFFF00]
        LayoutText {#text} at (0,0) size 360x24
          text run at (0,0) width 360: "x x   x x   x x"
      LayoutBlockFlow {DIV} at (0,84) size 432x24 [color=#00FFFF] [bgcolor=#FFFF00]
        LayoutText {#text} at (0,0) size 360x24
          text run at (0,0) width 360: "x x   x x   x x"
      LayoutBlockFlow {DIV} at (0,108) size 432x24 [color=#00FFFF] [bgcolor=#FFFF00]
        LayoutText {#text} at (0,0) size 384x24
          text run at (0,0) width 384: "xx xx xx"
      LayoutBlockFlow {DIV} at (0,132) size 432x24 [color=#00FFFF] [bgcolor=#FFFF00]
        LayoutText {#text} at (0,0) size 384x24
          text run at (0,0) width 384: "xx xx xx"
      LayoutBlockFlow {DIV} at (0,156) size 432x24 [color=#00FFFF] [bgcolor=#FFFF00]
        LayoutText {#text} at (0,0) size 384x24
          text run at (0,0) width 384: "xx xx xx"
      LayoutBlockFlow {DIV} at (0,180) size 432x24 [color=#00FFFF] [bgcolor=#FFFF00]
        LayoutText {#text} at (0,0) size 384x24
          text run at (0,0) width 384: "xx xx xx"
      LayoutBlockFlow {DIV} at (0,204) size 432x24 [color=#00FFFF] [bgcolor=#FFFF00]
        LayoutText {#text} at (0,0) size 384x24
          text run at (0,0) width 384: "xx xx xx"
      LayoutBlockFlow {DIV} at (0,228) size 432x24 [color=#00FFFF] [bgcolor=#FFFF00]
        LayoutText {#text} at (0,0) size 384x24
          text run at (0,0) width 384: "xx xx xx"
      LayoutBlockFlow {DIV} at (0,252) size 432x24 [color=#00FFFF] [bgcolor=#FFFF00]
        LayoutText {#text} at (0,0) size 384x24
          text run at (0,0) width 384: "xx xx xx"
      LayoutBlockFlow {DIV} at (0,276) size 432x24 [color=#00FFFF] [bgcolor=#FFFF00]
        LayoutText {#text} at (0,0) size 384x24
          text run at (0,0) width 384: "xx xx xx"
