layer at (0,0) size 800x600
  LayoutView at (0,0) size 800x600
layer at (0,0) size 800x240
  LayoutBlockFlow {HTML} at (0,0) size 800x240
    LayoutBlockFlow {BODY} at (8,16) size 784x216
      LayoutBlockFlow {P} at (0,0) size 784x20
        LayoutText {#text} at (0,0) size 317x19
          text run at (0,0) width 317: "There should be no red borders on the table below"
      LayoutTable {TABLE} at (0,36) size 138x180 [border: (2px none #808080)]
        LayoutTableSection {TBODY} at (2,2) size 133x175
          LayoutTableRow {TR} at (0,0) size 133x58
            LayoutTableCell {TD} at (0,15) size 39x27 [border: (3px inset #00FF00)] [r=0 c=0 rs=1 cs=1]
              LayoutText {#text} at (4,4) size 29x19
                text run at (4,4) width 29: "inset"
            LayoutTableCell {TD} at (39,14) size 56x30 [border: (3px inset #00FF00) (5px inset #FF0000) (3px inset #00FF00)] [r=0 c=1 rs=1 cs=1]
              LayoutText {#text} at (4,4) size 29x19
                text run at (4,4) width 29: "inset"
            LayoutTableCell {TD} at (95,15) size 38x27 [border: (3px inset #00FF00)] [r=0 c=2 rs=1 cs=1]
              LayoutText {#text} at (4,4) size 29x19
                text run at (4,4) width 29: "inset"
          LayoutTableRow {TR} at (0,58) size 133x60
            LayoutTableCell {TD} at (0,74) size 39x27 [border: (3px inset #00FF00) (5px inset #FF0000) (2px inset #00FF00)] [r=1 c=0 rs=1 cs=1]
              LayoutText {#text} at (4,4) size 29x19
                text run at (4,4) width 29: "inset"
            LayoutTableCell {TD} at (39,72) size 56x32 [border: (5px dashed #00FF00)] [r=1 c=1 rs=1 cs=1]
              LayoutText {#text} at (6,6) size 44x19
                text run at (6,6) width 44: "dashed"
            LayoutTableCell {TD} at (95,74) size 38x27 [border: (3px inset #00FF00) (5px inset #FF0000)] [r=1 c=2 rs=1 cs=1]
              LayoutText {#text} at (6,4) size 29x19
                text run at (6,4) width 29: "inset"
          LayoutTableRow {TR} at (0,118) size 133x57
            LayoutTableCell {TD} at (0,133) size 39x27 [border: (3px inset #00FF00)] [r=2 c=0 rs=1 cs=1]
              LayoutText {#text} at (4,4) size 29x19
                text run at (4,4) width 29: "inset"
            LayoutTableCell {TD} at (39,132) size 56x29 [border: (5px inset #FF0000) (2px inset #00FF00)] [r=2 c=1 rs=1 cs=1]
              LayoutText {#text} at (4,6) size 29x19
                text run at (4,6) width 29: "inset"
            LayoutTableCell {TD} at (95,133) size 38x27 [border: (3px inset #00FF00)] [r=2 c=2 rs=1 cs=1]
              LayoutText {#text} at (4,4) size 29x19
                text run at (4,4) width 29: "inset"
