layer at (0,0) size 800x600
  LayoutView at (0,0) size 800x600
layer at (0,0) size 800x240
  LayoutBlockFlow {HTML} at (0,0) size 800x240
    LayoutBlockFlow {BODY} at (8,16) size 784x216
      LayoutBlockFlow {P} at (0,0) size 784x20
        LayoutText {#text} at (0,0) size 317x19
          text run at (0,0) width 317: "There should be no red borders on the table below"
      LayoutTable {TABLE} at (0,36) size 154x180 [border: (2px none #808080)]
        LayoutTableSection {TBODY} at (2,2) size 149x175
          LayoutTableRow {TR} at (0,0) size 149x58
            LayoutTableCell {TD} at (0,15) size 47x27 [border: (3px outset #00FF00)] [r=0 c=0 rs=1 cs=1]
              LayoutText {#text} at (4,4) size 37x19
                text run at (4,4) width 37: "outset"
            LayoutTableCell {TD} at (47,14) size 56x30 [border: (3px outset #00FF00) (5px outset #FF0000) (3px outset #00FF00)] [r=0 c=1 rs=1 cs=1]
              LayoutText {#text} at (4,4) size 37x19
                text run at (4,4) width 37: "outset"
            LayoutTableCell {TD} at (103,15) size 46x27 [border: (3px outset #00FF00)] [r=0 c=2 rs=1 cs=1]
              LayoutText {#text} at (4,4) size 37x19
                text run at (4,4) width 37: "outset"
          LayoutTableRow {TR} at (0,58) size 149x60
            LayoutTableCell {TD} at (0,74) size 47x27 [border: (3px outset #00FF00) (5px outset #FF0000) (2px outset #00FF00)] [r=1 c=0 rs=1 cs=1]
              LayoutText {#text} at (4,4) size 37x19
                text run at (4,4) width 37: "outset"
            LayoutTableCell {TD} at (47,72) size 56x32 [border: (5px groove #00FF00)] [r=1 c=1 rs=1 cs=1]
              LayoutText {#text} at (6,6) size 44x19
                text run at (6,6) width 44: "groove"
            LayoutTableCell {TD} at (103,74) size 46x27 [border: (3px outset #00FF00) (5px outset #FF0000)] [r=1 c=2 rs=1 cs=1]
              LayoutText {#text} at (6,4) size 37x19
                text run at (6,4) width 37: "outset"
          LayoutTableRow {TR} at (0,118) size 149x57
            LayoutTableCell {TD} at (0,133) size 47x27 [border: (3px outset #00FF00)] [r=2 c=0 rs=1 cs=1]
              LayoutText {#text} at (4,4) size 37x19
                text run at (4,4) width 37: "outset"
            LayoutTableCell {TD} at (47,132) size 56x29 [border: (5px outset #FF0000) (2px outset #00FF00)] [r=2 c=1 rs=1 cs=1]
              LayoutText {#text} at (4,6) size 37x19
                text run at (4,6) width 37: "outset"
            LayoutTableCell {TD} at (103,133) size 46x27 [border: (3px outset #00FF00)] [r=2 c=2 rs=1 cs=1]
              LayoutText {#text} at (4,4) size 37x19
                text run at (4,4) width 37: "outset"
