layer at (0,0) size 800x600
  LayoutView at (0,0) size 800x600
layer at (0,0) size 800x230
  LayoutBlockFlow {HTML} at (0,0) size 800x230
    LayoutBlockFlow {BODY} at (8,16) size 784x206
      LayoutBlockFlow {P} at (0,0) size 784x20
        LayoutText {#text} at (0,0) size 317x19
          text run at (0,0) width 317: "There should be no red borders on the table below"
      LayoutTable {TABLE} at (0,36) size 115x170 [border: (2px none #808080)]
        LayoutTableSection {TBODY} at (2,2) size 110x165
          LayoutTableRow {TR} at (0,0) size 110x55
            LayoutTableCell {TD} at (0,14) size 36x27 [border: (3px inset #00FF00)] [r=0 c=0 rs=1 cs=1]
              LayoutText {#text} at (4,4) size 29x19
                text run at (4,4) width 29: "inset"
            LayoutTableCell {TD} at (36,14) size 38x27 [border: (3px inset #00FF00)] [r=0 c=1 rs=1 cs=1]
              LayoutText {#text} at (4,4) size 29x19
                text run at (4,4) width 29: "inset"
            LayoutTableCell {TD} at (74,14) size 36x27 [border: (3px inset #00FF00)] [r=0 c=2 rs=1 cs=1]
              LayoutText {#text} at (4,4) size 29x19
                text run at (4,4) width 29: "inset"
          LayoutTableRow {TR} at (0,55) size 110x55
            LayoutTableCell {TD} at (0,69) size 36x27 [border: (3px inset #00FF00)] [r=1 c=0 rs=1 cs=1]
              LayoutText {#text} at (4,4) size 29x19
                text run at (4,4) width 29: "inset"
            LayoutTableCell {TD} at (36,69) size 38x27 [border: (3px none #FF0000)] [r=1 c=1 rs=1 cs=1]
              LayoutText {#text} at (4,4) size 31x19
                text run at (4,4) width 31: "none"
            LayoutTableCell {TD} at (74,69) size 36x27 [border: (3px inset #00FF00)] [r=1 c=2 rs=1 cs=1]
              LayoutText {#text} at (4,4) size 29x19
                text run at (4,4) width 29: "inset"
          LayoutTableRow {TR} at (0,110) size 110x55
            LayoutTableCell {TD} at (0,124) size 36x27 [border: (3px inset #00FF00)] [r=2 c=0 rs=1 cs=1]
              LayoutText {#text} at (4,4) size 29x19
                text run at (4,4) width 29: "inset"
            LayoutTableCell {TD} at (36,124) size 38x27 [border: (3px inset #00FF00)] [r=2 c=1 rs=1 cs=1]
              LayoutText {#text} at (4,4) size 29x19
                text run at (4,4) width 29: "inset"
            LayoutTableCell {TD} at (74,124) size 36x27 [border: (3px inset #00FF00)] [r=2 c=2 rs=1 cs=1]
              LayoutText {#text} at (4,4) size 29x19
                text run at (4,4) width 29: "inset"
