layer at (0,0) size 800x600
  LayoutView at (0,0) size 800x600
layer at (0,0) size 800x210
  LayoutBlockFlow {HTML} at (0,0) size 800x210
    LayoutBlockFlow {BODY} at (8,16) size 784x186
      LayoutBlockFlow {P} at (0,0) size 784x20
        LayoutText {#text} at (0,0) size 317x19
          text run at (0,0) width 317: "There should be no red borders on the table below"
      LayoutTable {TABLE} at (0,36) size 99x150
        LayoutTableSection {TBODY} at (0,0) size 99x150
          LayoutTableRow {TR} at (0,0) size 99x50
            LayoutTableCell {TD} at (0,14) size 33x22 [r=0 c=0 rs=1 cs=1]
              LayoutText {#text} at (1,1) size 31x19
                text run at (1,1) width 31: "none"
            LayoutTableCell {TD} at (33,14) size 33x22 [r=0 c=1 rs=1 cs=1]
              LayoutText {#text} at (1,1) size 31x19
                text run at (1,1) width 31: "none"
            LayoutTableCell {TD} at (66,14) size 33x22 [r=0 c=2 rs=1 cs=1]
              LayoutText {#text} at (1,1) size 31x19
                text run at (1,1) width 31: "none"
          LayoutTableRow {TR} at (0,50) size 99x50
            LayoutTableCell {TD} at (0,64) size 33x22 [r=1 c=0 rs=1 cs=1]
              LayoutText {#text} at (1,1) size 31x19
                text run at (1,1) width 31: "none"
            LayoutTableCell {TD} at (33,64) size 33x22 [r=1 c=1 rs=1 cs=1]
              LayoutText {#text} at (1,1) size 31x19
                text run at (1,1) width 31: "none"
            LayoutTableCell {TD} at (66,64) size 33x22 [r=1 c=2 rs=1 cs=1]
              LayoutText {#text} at (1,1) size 31x19
                text run at (1,1) width 31: "none"
          LayoutTableRow {TR} at (0,100) size 99x50
            LayoutTableCell {TD} at (0,114) size 33x22 [r=2 c=0 rs=1 cs=1]
              LayoutText {#text} at (1,1) size 31x19
                text run at (1,1) width 31: "none"
            LayoutTableCell {TD} at (33,114) size 33x22 [r=2 c=1 rs=1 cs=1]
              LayoutText {#text} at (1,1) size 31x19
                text run at (1,1) width 31: "none"
            LayoutTableCell {TD} at (66,114) size 33x22 [r=2 c=2 rs=1 cs=1]
              LayoutText {#text} at (1,1) size 31x19
                text run at (1,1) width 31: "none"
