layer at (0,0) size 800x600
  LayoutView at (0,0) size 800x600
layer at (0,0) size 800x230
  LayoutBlockFlow {HTML} at (0,0) size 800x230
    LayoutBlockFlow {BODY} at (8,16) size 784x206
      LayoutBlockFlow {P} at (0,0) size 784x20
        LayoutText {#text} at (0,0) size 317x19
          text run at (0,0) width 317: "There should be no red borders on the table below"
      LayoutTable {TABLE} at (0,36) size 158x170 [border: (2px none #808080)]
        LayoutTableSection {TBODY} at (2,2) size 153x165
          LayoutTableRow {TR} at (0,0) size 153x55
            LayoutTableCell {TD} at (0,14) size 51x27 [border: (3px dashed #00FF00)] [r=0 c=0 rs=1 cs=1]
              LayoutText {#text} at (4,4) size 44x19
                text run at (4,4) width 44: "dashed"
            LayoutTableCell {TD} at (51,15) size 51x25 [border: (3px dashed #00FF00) none (3px dashed #00FF00)] [r=0 c=1 rs=1 cs=1]
              LayoutText {#text} at (4,4) size 44x19
                text run at (4,4) width 44: "dashed"
            LayoutTableCell {TD} at (102,14) size 51x27 [border: (3px dashed #00FF00)] [r=0 c=2 rs=1 cs=1]
              LayoutText {#text} at (4,4) size 44x19
                text run at (4,4) width 44: "dashed"
          LayoutTableRow {TR} at (0,55) size 153x55
            LayoutTableCell {TD} at (0,69) size 51x27 [border: (3px dashed #00FF00) none (2px dashed #00FF00)] [r=1 c=0 rs=1 cs=1]
              LayoutText {#text} at (4,4) size 44x19
                text run at (4,4) width 44: "dashed"
            LayoutTableCell {TD} at (51,71) size 51x22 [r=1 c=1 rs=1 cs=1]
              LayoutText {#text} at (1,1) size 43x19
                text run at (1,1) width 43: "hidden"
            LayoutTableCell {TD} at (102,69) size 51x27 [border: (3px dashed #00FF00) none] [r=1 c=2 rs=1 cs=1]
              LayoutText {#text} at (1,4) size 44x19
                text run at (1,4) width 44: "dashed"
          LayoutTableRow {TR} at (0,110) size 153x55
            LayoutTableCell {TD} at (0,124) size 51x27 [border: (3px dashed #00FF00)] [r=2 c=0 rs=1 cs=1]
              LayoutText {#text} at (4,4) size 44x19
                text run at (4,4) width 44: "dashed"
            LayoutTableCell {TD} at (51,125) size 51x24 [border: none (2px dashed #00FF00)] [r=2 c=1 rs=1 cs=1]
              LayoutText {#text} at (4,1) size 44x19
                text run at (4,1) width 44: "dashed"
            LayoutTableCell {TD} at (102,124) size 51x27 [border: (3px dashed #00FF00)] [r=2 c=2 rs=1 cs=1]
              LayoutText {#text} at (4,4) size 44x19
                text run at (4,4) width 44: "dashed"
