layer at (0,0) size 800x600
  LayoutView at (0,0) size 800x600
layer at (0,0) size 800x600
  LayoutBlockFlow {HTML} at (0,0) size 800x600
    LayoutBlockFlow {BODY} at (8,8) size 784x584
      LayoutBlockFlow {DIV} at (0,0) size 100x50 [color=#008000] [bgcolor=#FF0000]
        LayoutInline {SPAN} at (0,0) size 50x25
          LayoutText {#text} at (0,0) size 50x25
            text run at (0,0) width 50: "x\x{C}x"
        LayoutInline {SPAN} at (0,0) size 50x25
          LayoutText {#text} at (50,0) size 50x25
            text run at (50,0) width 50: "xx"
        LayoutText {#text} at (0,0) size 0x0
        LayoutText {#text} at (0,0) size 0x0
        LayoutInline {SPAN} at (0,0) size 50x25
          LayoutText {#text} at (0,25) size 50x25
            text run at (0,25) width 50: "x\x{B}x"
        LayoutInline {SPAN} at (0,0) size 50x25
          LayoutText {#text} at (50,25) size 50x25
            text run at (50,25) width 50: "xx"
        LayoutText {#text} at (0,0) size 0x0
        LayoutText {#text} at (0,0) size 0x0
