layer at (0,0) size 800x600
  LayoutView at (0,0) size 800x600
layer at (0,0) size 800x600
  LayoutBlockFlow {HTML} at (0,0) size 800x600
    LayoutBlockFlow {BODY} at (8,8) size 784x584
      LayoutButton {BUTTON} at (0,1) size 76.41x18 [bgcolor=#FFFFFF] [border: (1px solid #D8D8D8) (1px solid #D1D1D1) (1px solid #BABABA) (1px solid #D1D1D1)]
        LayoutBlockFlow (anonymous) at (8,2) size 60.41x13
          LayoutText {#text} at (0,0) size 61x13
            text run at (0,0) width 61: "Test Button"
      LayoutText {#text} at (76,0) size 5x18
        text run at (76,0) width 5: " "
      LayoutButton {BUTTON} at (80.41,1) size 76.41x18 [color=#FF0000] [bgcolor=#FFFFFF] [border: (1px solid #D8D8D8) (1px solid #D1D1D1) (1px solid #BABABA) (1px solid #D1D1D1)]
        LayoutBlockFlow (anonymous) at (8,2) size 60.41x13
          LayoutText {#text} at (0,0) size 61x13
            text run at (0,0) width 61: "Test Button"
      LayoutText {#text} at (156,0) size 5x18
        text run at (156,0) width 5: " "
      LayoutButton {BUTTON} at (160.81,1) size 76.41x18 [bgcolor=#008000] [border: (1px solid #D8D8D8) (1px solid #D1D1D1) (1px solid #BABABA) (1px solid #D1D1D1)]
        LayoutBlockFlow (anonymous) at (8,2) size 60.41x13
          LayoutText {#text} at (0,0) size 61x13
            text run at (0,0) width 61: "Test Button"
      LayoutText {#text} at (237,0) size 5x18
        text run at (237,0) width 5: " "
      LayoutButton {BUTTON} at (241.22,1) size 76.41x18 [color=#FF0000] [bgcolor=#008000] [border: (1px solid #D8D8D8) (1px solid #D1D1D1) (1px solid #BABABA) (1px solid #D1D1D1)]
        LayoutBlockFlow (anonymous) at (8,2) size 60.41x13
          LayoutText {#text} at (0,0) size 61x13
            text run at (0,0) width 61: "Test Button"
      LayoutText {#text} at (317,0) size 5x18
        text run at (317,0) width 5: " "
      LayoutButton {INPUT} at (321.63,1) size 76.41x18 [bgcolor=#FFFFFF]
        LayoutBlockFlow (anonymous) at (8,2) size 60.41x13
          LayoutText {#text} at (0,0) size 61x13
            text run at (0,0) width 61: "Test Button"
      LayoutText {#text} at (398,0) size 5x18
        text run at (398,0) width 5: " "
      LayoutButton {INPUT} at (402.03,1) size 76.41x18 [color=#FF0000] [bgcolor=#FFFFFF]
        LayoutBlockFlow (anonymous) at (8,2) size 60.41x13
          LayoutText {#text} at (0,0) size 61x13
            text run at (0,0) width 61: "Test Button"
      LayoutText {#text} at (478,0) size 5x18
        text run at (478,0) width 5: " "
      LayoutButton {INPUT} at (482.44,1) size 76.41x18 [bgcolor=#008000] [border: (1px solid #D8D8D8) (1px solid #D1D1D1) (1px solid #BABABA) (1px solid #D1D1D1)]
        LayoutBlockFlow (anonymous) at (8,2) size 60.41x13
          LayoutText {#text} at (0,0) size 61x13
            text run at (0,0) width 61: "Test Button"
      LayoutText {#text} at (558,0) size 5x18
        text run at (558,0) width 5: " "
      LayoutButton {INPUT} at (562.84,1) size 76.41x18 [color=#FF0000] [bgcolor=#008000] [border: (1px solid #D8D8D8) (1px solid #D1D1D1) (1px solid #BABABA) (1px solid #D1D1D1)]
        LayoutBlockFlow (anonymous) at (8,2) size 60.41x13
          LayoutText {#text} at (0,0) size 61x13
            text run at (0,0) width 61: "Test Button"
      LayoutText {#text} at (0,0) size 0x0
