layer at (0,0) size 800x600
  LayoutView at (0,0) size 800x600
layer at (0,0) size 800x600
  LayoutBlockFlow {HTML} at (0,0) size 800x600
    LayoutBlockFlow {BODY} at (8,8) size 784x584
      LayoutButton {INPUT} at (0,3) size 66.67x15 [bgcolor=#FFFFFF]
        LayoutBlockFlow (anonymous) at (8,2) size 50.67x11
          LayoutText {#text} at (0,0) size 51x11
            text run at (0,0) width 51: "Test Button"
      LayoutText {#text} at (66,0) size 5x18
        text run at (66,0) width 5: " "
      LayoutButton {INPUT} at (70.67,3) size 66.67x15 [bgcolor=#FFFFFF]
        LayoutBlockFlow (anonymous) at (8,2) size 50.67x11
          LayoutText {#text} at (0,0) size 51x11
            text run at (0,0) width 51: "Test Button"
      LayoutText {#text} at (137,0) size 5x18
        text run at (137,0) width 5: " "
      LayoutButton {INPUT} at (141.34,3) size 66.67x15 [bgcolor=#FFFFFF]
        LayoutBlockFlow (anonymous) at (8,2) size 50.67x11
          LayoutText {#text} at (0,0) size 51x11
            text run at (0,0) width 51: "Test Button"
      LayoutText {#text} at (208,0) size 5x18
        text run at (208,0) width 5: " "
      LayoutButton {INPUT} at (212.02,3) size 66.67x15 [bgcolor=#FFFFFF]
        LayoutBlockFlow (anonymous) at (8,2) size 50.67x11
          LayoutText {#text} at (0,0) size 51x11
            text run at (0,0) width 51: "Test Button"
      LayoutText {#text} at (278,0) size 5x18
        text run at (278,0) width 5: " "
      LayoutButton {INPUT} at (282.69,3) size 66.67x15 [bgcolor=#FFFFFF]
        LayoutBlockFlow (anonymous) at (8,2) size 50.67x11
          LayoutText {#text} at (0,0) size 51x11
            text run at (0,0) width 51: "Test Button"
      LayoutText {#text} at (349,0) size 5x18
        text run at (349,0) width 5: " "
      LayoutButton {INPUT} at (353.36,3) size 66.67x15 [bgcolor=#FFFFFF]
        LayoutBlockFlow (anonymous) at (8,2) size 50.67x11
          LayoutText {#text} at (0,0) size 51x11
            text run at (0,0) width 51: "Test Button"
      LayoutText {#text} at (420,0) size 5x18
        text run at (420,0) width 5: " "
      LayoutButton {INPUT} at (424.03,1) size 76.41x18 [bgcolor=#FFFFFF]
        LayoutBlockFlow (anonymous) at (8,2) size 60.41x13
          LayoutText {#text} at (0,0) size 61x13
            text run at (0,0) width 61: "Test Button"
      LayoutText {#text} at (500,0) size 5x18
        text run at (500,0) width 5: " "
      LayoutButton {INPUT} at (504.44,1) size 76.41x18 [bgcolor=#FFFFFF]
        LayoutBlockFlow (anonymous) at (8,2) size 60.41x13
          LayoutText {#text} at (0,0) size 61x13
            text run at (0,0) width 61: "Test Button"
      LayoutText {#text} at (580,0) size 5x18
        text run at (580,0) width 5: " "
      LayoutButton {INPUT} at (584.84,1) size 76.41x18 [bgcolor=#FFFFFF]
        LayoutBlockFlow (anonymous) at (8,2) size 60.41x13
          LayoutText {#text} at (0,0) size 61x13
            text run at (0,0) width 61: "Test Button"
      LayoutText {#text} at (661,0) size 5x18
        text run at (661,0) width 5: " "
      LayoutButton {INPUT} at (665.25,1) size 76.41x18 [bgcolor=#FFFFFF]
        LayoutBlockFlow (anonymous) at (8,2) size 60.41x13
          LayoutText {#text} at (0,0) size 61x13
            text run at (0,0) width 61: "Test Button"
      LayoutText {#text} at (741,0) size 5x18
        text run at (741,0) width 5: " "
      LayoutButton {INPUT} at (0,21) size 76.41x18 [bgcolor=#FFFFFF]
        LayoutBlockFlow (anonymous) at (8,2) size 60.41x13
          LayoutText {#text} at (0,0) size 61x13
            text run at (0,0) width 61: "Test Button"
      LayoutText {#text} at (76,20) size 5x18
        text run at (76,20) width 5: " "
      LayoutButton {INPUT} at (80.41,19) size 85.70x21 [bgcolor=#FFFFFF]
        LayoutBlockFlow (anonymous) at (8,2) size 69.70x16
          LayoutText {#text} at (0,0) size 70x16
            text run at (0,0) width 70: "Test Button"
      LayoutText {#text} at (166,20) size 5x18
        text run at (166,20) width 5: " "
      LayoutButton {INPUT} at (170.11,19) size 85.70x21 [bgcolor=#FFFFFF]
        LayoutBlockFlow (anonymous) at (8,2) size 69.70x16
          LayoutText {#text} at (0,0) size 70x16
            text run at (0,0) width 70: "Test Button"
      LayoutText {#text} at (255,20) size 5x18
        text run at (255,20) width 5: " "
      LayoutButton {INPUT} at (259.81,19) size 85.70x21 [bgcolor=#FFFFFF]
        LayoutBlockFlow (anonymous) at (8,2) size 69.70x16
          LayoutText {#text} at (0,0) size 70x16
            text run at (0,0) width 70: "Test Button"
      LayoutText {#text} at (345,20) size 5x18
        text run at (345,20) width 5: " "
      LayoutButton {INPUT} at (349.52,19) size 85.70x21 [bgcolor=#FFFFFF]
        LayoutBlockFlow (anonymous) at (8,2) size 69.70x16
          LayoutText {#text} at (0,0) size 70x16
            text run at (0,0) width 70: "Test Button"
      LayoutText {#text} at (435,20) size 5x18
        text run at (435,20) width 5: " "
      LayoutButton {INPUT} at (439.22,19) size 85.70x21 [bgcolor=#FFFFFF]
        LayoutBlockFlow (anonymous) at (8,2) size 69.70x16
          LayoutText {#text} at (0,0) size 70x16
            text run at (0,0) width 70: "Test Button"
      LayoutText {#text} at (524,20) size 5x18
        text run at (524,20) width 5: " "
      LayoutButton {INPUT} at (528.92,19) size 85.70x21 [bgcolor=#FFFFFF]
        LayoutBlockFlow (anonymous) at (8,2) size 69.70x16
          LayoutText {#text} at (0,0) size 70x16
            text run at (0,0) width 70: "Test Button"
      LayoutText {#text} at (0,0) size 0x0
