layer at (0,0) size 800x600 clip at (0,0) size 785x600 scrollHeight 680
  LayoutView at (0,0) size 800x600
layer at (0,0) size 785x600
  LayoutBlockFlow {HTML} at (0,0) size 785x600
    LayoutBlockFlow {BODY} at (0,0) size 785x600 [border: (1px solid #000000)]
layer at (30,500) size 328x180 backgroundClip at (0,0) size 785x600 clip at (0,0) size 785x600
  LayoutBlockFlow (positioned) {DIV} at (30,500) size 328x180
    LayoutInline {SPAN} at (0,0) size 288x19 [color=#008000]
      LayoutText {#text} at (0,0) size 288x19
        text run at (0,0) width 288: "PASS: event at (44, 44) hit box1 at offset (1, 1)"
    LayoutBR {BR} at (288,15) size 0x0
    LayoutInline {SPAN} at (0,0) size 288x19 [color=#008000]
      LayoutText {#text} at (0,20) size 288x19
        text run at (0,20) width 288: "PASS: event at (69, 55) hit box2 at offset (1, 1)"
    LayoutBR {BR} at (288,35) size 0x0
    LayoutInline {SPAN} at (0,0) size 320x19 [color=#008000]
      LayoutText {#text} at (0,40) size 320x19
        text run at (0,40) width 320: "PASS: event at (165, 182) hit box2 at offset (95, 95)"
    LayoutBR {BR} at (320,55) size 0x0
    LayoutInline {SPAN} at (0,0) size 296x19 [color=#008000]
      LayoutText {#text} at (0,60) size 296x19
        text run at (0,60) width 296: "PASS: event at (333, 79) hit box7 at offset (1, 1)"
    LayoutBR {BR} at (296,75) size 0x0
    LayoutInline {SPAN} at (0,0) size 304x19 [color=#008000]
      LayoutText {#text} at (0,80) size 304x19
        text run at (0,80) width 304: "PASS: event at (87, 325) hit box10 at offset (1, 1)"
    LayoutBR {BR} at (304,95) size 0x0
    LayoutInline {SPAN} at (0,0) size 328x19 [color=#008000]
      LayoutText {#text} at (0,100) size 328x19
        text run at (0,100) width 328: "PASS: event at (196, 467) hit box10 at offset (97, 97)"
    LayoutBR {BR} at (328,115) size 0x0
    LayoutInline {SPAN} at (0,0) size 312x19 [color=#008000]
      LayoutText {#text} at (0,120) size 312x19
        text run at (0,120) width 312: "PASS: event at (333, 325) hit box13 at offset (1, 1)"
    LayoutBR {BR} at (312,135) size 0x0
    LayoutInline {SPAN} at (0,0) size 312x19 [color=#008000]
      LayoutText {#text} at (0,140) size 312x19
        text run at (0,140) width 312: "PASS: event at (353, 352) hit box14 at offset (1, 1)"
    LayoutBR {BR} at (312,155) size 0x0
    LayoutInline {SPAN} at (0,0) size 328x19 [color=#008000]
      LayoutText {#text} at (0,160) size 328x19
        text run at (0,160) width 328: "PASS: event at (472, 507) hit box14 at offset (96, 96)"
    LayoutBR {BR} at (328,175) size 0x0
layer at (21,21) size 202x202
  LayoutBlockFlow (positioned) {DIV} at (21,21) size 202x202 [border: (1px solid #000000)]
layer at (42,42) size 140x140
  LayoutBlockFlow {DIV} at (21,21) size 140x140 [bgcolor=#DDDDDD] [border: (1px solid #000000)]
layer at (63,63) size 100x100
  LayoutBlockFlow (relative positioned) {DIV} at (21,21) size 100x100 [bgcolor=#AAAAAA] [border: (1px solid #000000)]
layer at (267,21) size 202x202
  LayoutBlockFlow (positioned) {DIV} at (267,21) size 202x202 [border: (1px solid #000000)]
layer at (288,42) size 140x140
  LayoutBlockFlow {DIV} at (21,21) size 140x140 [bgcolor=#DDDDDD] [border: (1px solid #000000)]
layer at (309,63) size 100x100
  LayoutBlockFlow (relative positioned) {DIV} at (21,21) size 100x100 [bgcolor=#AAAAAA] [border: (1px solid #000000)]
    LayoutBlockFlow {DIV} at (21,21) size 100x100 [bgcolor=#0000FF] [border: (1px solid #000000)]
layer at (21,267) size 202x202
  LayoutBlockFlow (positioned) {DIV} at (21,267) size 202x202 [border: (1px solid #000000)]
layer at (42,288) size 140x140
  LayoutBlockFlow {DIV} at (21,21) size 140x140 [bgcolor=#DDDDDD] [border: (1px solid #000000)]
layer at (63,309) size 100x100
  LayoutBlockFlow (relative positioned) {DIV} at (21,21) size 100x100 [bgcolor=#AAAAAA] [border: (1px solid #000000)]
layer at (85,314) size 114x157
  LayoutBlockFlow (relative positioned) {DIV} at (21,21) size 100x100 [bgcolor=#0000FF] [border: (1px solid #000000)]
layer at (267,267) size 202x202
  LayoutBlockFlow (positioned) {DIV} at (267,267) size 202x202 [border: (1px solid #000000)]
layer at (288,288) size 140x140
  LayoutBlockFlow {DIV} at (21,21) size 140x140 [bgcolor=#DDDDDD] [border: (1px solid #000000)]
layer at (309,309) size 100x100
  LayoutBlockFlow (relative positioned) {DIV} at (21,21) size 100x100 [bgcolor=#AAAAAA] [border: (1px solid #000000)]
    LayoutBlockFlow {DIV} at (21,21) size 100x100 [bgcolor=#C0D69E] [border: (1px solid #000000)]
layer at (351,346) size 126x166
  LayoutBlockFlow (relative positioned) {DIV} at (21,21) size 100x100 [bgcolor=#0000FF] [border: (1px solid #000000)]
