layer at (0,0) size 800x600
  LayoutView at (0,0) size 800x600
layer at (0,0) size 800x600
  LayoutBlockFlow {HTML} at (0,0) size 800x600
    LayoutBlockFlow {BODY} at (8,8) size 784x584
      LayoutBlockFlow (floating) {DIV} at (5,5) size 67.81x29 [bgcolor=#ADD8E6]
        LayoutInline {SPAN} at (0,0) size 9x18
          LayoutText {#text} at (5,6) size 9x18
            text run at (5,6) width 9: "\x{25B8}"
        LayoutText {#text} at (13,6) size 50x18
          text run at (13,6) width 50: " Project"
selection start: position 0 of child 0 {#text} of child 1 {SPAN} of child 3 {DIV} of body
selection end:   position 8 of child 2 {#text} of child 3 {DIV} of body
