layer at (0,0) size 800x600
  LayoutView at (0,0) size 800x600
layer at (0,0) size 800x560
  LayoutBlockFlow {HTML} at (0,0) size 800x560
    LayoutBlockFlow {BODY} at (8,16) size 784x536
      LayoutBlockFlow {P} at (0,0) size 784x20
        LayoutText {#text} at (0,0) size 392x19
          text run at (0,0) width 392: "There should be three circles below. One big and two small ones."
      LayoutBlockFlow {DIV} at (0,36) size 300x300
      LayoutBlockFlow {DIV} at (0,336) size 100x100
      LayoutBlockFlow {DIV} at (0,436) size 100x100
