layer at (0,0) size 800x600
  LayoutView at (0,0) size 800x600
layer at (0,0) size 800x600
  LayoutBlockFlow {HTML} at (0,0) size 800x600
    LayoutBlockFlow {BODY} at (0,0) size 800x600
      LayoutBlockFlow {DIV} at (0,0) size 800x20
        LayoutText {#text} at (0,0) size 430x19
          text run at (0,0) width 430: "Two green 16x16 pixel squares should appear below stacked vertically."
      LayoutBlockFlow {DIV} at (0,20) size 16x16 [bgcolor=#FF0000]
        LayoutImage {IMG} at (0,0) size 16x16
        LayoutText {#text} at (0,0) size 0x0
      LayoutBlockFlow (anonymous) at (0,36) size 800x16
        LayoutText {#text} at (0,0) size 0x0
layer at (0,36) size 16x16
  LayoutIFrame {IFRAME} at (0,0) size 16x16 [bgcolor=#FF0000]
    layer at (0,0) size 16x16
      LayoutView at (0,0) size 16x16
    layer at (0,0) size 16x16
      LayoutBlockFlow {HTML} at (0,0) size 16x16
        LayoutBlockFlow {BODY} at (0,0) size 16x16
          LayoutImage {IMG} at (0,0) size 16x16
