layer at (0,0) size 800x600
  LayoutView at (0,0) size 800x600
layer at (0,0) size 800x600
  LayoutBlockFlow {HTML} at (0,0) size 800x600
    LayoutBlockFlow {BODY} at (8,8) size 784x584
      LayoutImage {IMG} at (0,0) size 479x150
      LayoutText {#text} at (479,135) size 4x19
        text run at (479,135) width 4: " "
      LayoutInline {MAP} at (0,0) size 214x19
        LayoutText {#text} at (0,0) size 0x0
        LayoutBR {BR} at (0,0) size 0x0
        LayoutInline {A} at (0,0) size 87x19 [color=#0000EE]
          LayoutText {#text} at (0,155) size 87x19
            text run at (0,155) width 87: "John Hancock"
        LayoutText {#text} at (87,155) size 11x19
          text run at (87,155) width 11: " | "
        LayoutInline {A} at (0,0) size 38x19 [color=#0000EE]
          LayoutText {#text} at (98,155) size 38x19
            text run at (98,155) width 38: "Nokia"
        LayoutText {#text} at (136,155) size 11x19
          text run at (136,155) width 11: " | "
        LayoutInline {A} at (0,0) size 67x19 [color=#0000EE]
          LayoutText {#text} at (147,155) size 67x19
            text run at (147,155) width 67: "Downtown"
        LayoutText {#text} at (0,0) size 0x0
      LayoutText {#text} at (0,0) size 0x0
