layer at (0,0) size 800x600
  LayoutView at (0,0) size 800x600
layer at (0,0) size 800x600
  LayoutBlockFlow {HTML} at (0,0) size 800x600
    LayoutBlockFlow {BODY} at (8,8) size 784x584
      LayoutBlockFlow {P} at (0,0) size 784x40
        LayoutText {#text} at (0,0) size 771x39
          text run at (0,0) width 771: "Assuming the port-specific theme draws focus rings, this test can be used to ensure that a focus ring is drawn for an <area>. This"
          text run at (0,20) width 582: "test PASSED if a green-colored focus ring is drawn around the <area> in the imagemap (below)."
      LayoutBlockFlow (anonymous) at (0,56) size 784x128
        LayoutInline {MAP} at (0,0) size 0x0
          LayoutText {#text} at (0,0) size 0x0
          LayoutInline {AREA} at (0,0) size 0x0
          LayoutText {#text} at (0,0) size 0x0
        LayoutText {#text} at (0,0) size 0x0
        LayoutImage {IMG} at (0,0) size 128x128
        LayoutText {#text} at (0,0) size 0x0
