layer at (0,0) size 800x600
  LayoutView at (0,0) size 800x600
layer at (0,0) size 800x600
  LayoutBlockFlow {HTML} at (0,0) size 800x600
    LayoutBlockFlow {BODY} at (8,8) size 784x584
      LayoutBlockFlow {P} at (0,0) size 784x60
        LayoutText {#text} at (0,0) size 772x39
          text run at (0,0) width 772: "Assuming the port-specific theme draws focus rings, this test can be used to ensure that the focus ring color is not inherited for an"
          text run at (0,20) width 162: "<area> (by default) as per "
        LayoutInline {A} at (0,0) size 443x19 [color=#0000EE]
          LayoutText {#text} at (162,20) size 443x19
            text run at (162,20) width 443: "section 18.4 \"Dynamic outlines: the 'outline' property\" of the CSS2.1 spec"
        LayoutText {#text} at (605,20) size 772x39
          text run at (605,20) width 167: ". This test FAILED if a red-"
          text run at (0,40) width 435: "colored focus ring is drawn around the <area> in the imagemap (below)."
      LayoutBlockFlow (anonymous) at (0,76) size 784x128
        LayoutInline {MAP} at (0,0) size 0x0
          LayoutText {#text} at (0,0) size 0x0
          LayoutInline {AREA} at (0,0) size 0x0
          LayoutText {#text} at (0,0) size 0x0
        LayoutText {#text} at (0,0) size 0x0
        LayoutImage {IMG} at (0,0) size 128x128
        LayoutText {#text} at (0,0) size 0x0
