layer at (0,0) size 800x600
  LayoutView at (0,0) size 800x600
layer at (0,0) size 800x600
  LayoutBlockFlow {HTML} at (0,0) size 800x600
    LayoutBlockFlow {BODY} at (8,8) size 784x584
      LayoutBlockFlow {P} at (0,0) size 784x60
        LayoutText {#text} at (0,0) size 773x59
          text run at (0,0) width 773: "Assuming the port-specific theme draws focus rings, this test can be used to ensure that the focus ring color for an <area> can be"
          text run at (0,20) width 751: "explicitly inherited from <map>. This test PASSED if a green-colored focus ring is drawn around the <area> in the imagemap"
          text run at (0,40) width 51: "(below)."
      LayoutBlockFlow (anonymous) at (0,76) size 784x128
        LayoutInline {MAP} at (0,0) size 0x0
          LayoutText {#text} at (0,0) size 0x0
          LayoutInline {AREA} at (0,0) size 0x0
          LayoutText {#text} at (0,0) size 0x0
        LayoutText {#text} at (0,0) size 0x0
        LayoutImage {IMG} at (0,0) size 128x128
        LayoutText {#text} at (0,0) size 0x0
