layer at (0,0) size 800x600
  LayoutView at (0,0) size 800x600
layer at (0,0) size 800x306
  LayoutBlockFlow {HTML} at (0,0) size 800x306
    LayoutBlockFlow {BODY} at (8,8) size 500x290
      LayoutBlockFlow {DIV} at (0,116) size 500x58
        LayoutBlockFlow {DIV} at (10,10) size 33x33
        LayoutText {#text} at (53,38) size 4x19
          text run at (53,38) width 4: " "
        LayoutBlockFlow {DIV} at (67,10) size 33x33
        LayoutText {#text} at (110,38) size 4x19
          text run at (110,38) width 4: " "
        LayoutBlockFlow {DIV} at (124,10) size 33x33
        LayoutText {#text} at (167,38) size 4x19
          text run at (167,38) width 4: " "
        LayoutBlockFlow {DIV} at (181,10) size 33x33
        LayoutText {#text} at (224,38) size 4x19
          text run at (224,38) width 4: " "
        LayoutBlockFlow {DIV} at (238,10) size 33x33
        LayoutText {#text} at (0,0) size 0x0
layer at (8,8) size 500x58
  LayoutBlockFlow {DIV} at (0,0) size 500x58
    LayoutBlockFlow {DIV} at (10,10) size 33x33
    LayoutText {#text} at (53,38) size 4x19
      text run at (53,38) width 4: " "
    LayoutBlockFlow {DIV} at (67,10) size 33x33
    LayoutText {#text} at (110,38) size 4x19
      text run at (110,38) width 4: " "
    LayoutBlockFlow {DIV} at (124,10) size 33x33
    LayoutText {#text} at (167,38) size 4x19
      text run at (167,38) width 4: " "
    LayoutBlockFlow {DIV} at (181,10) size 33x33
    LayoutText {#text} at (224,38) size 4x19
      text run at (224,38) width 4: " "
    LayoutBlockFlow {DIV} at (238,10) size 33x33
    LayoutText {#text} at (0,0) size 0x0
layer at (8,66) size 500x58
  LayoutBlockFlow {DIV} at (0,58) size 500x58
    LayoutBlockFlow {DIV} at (10,10) size 33x33
    LayoutText {#text} at (53,38) size 4x19
      text run at (53,38) width 4: " "
    LayoutBlockFlow {DIV} at (67,10) size 33x33
    LayoutText {#text} at (110,38) size 4x19
      text run at (110,38) width 4: " "
    LayoutBlockFlow {DIV} at (124,10) size 33x33
    LayoutText {#text} at (167,38) size 4x19
      text run at (167,38) width 4: " "
    LayoutBlockFlow {DIV} at (181,10) size 33x33
    LayoutText {#text} at (224,38) size 4x19
      text run at (224,38) width 4: " "
    LayoutBlockFlow {DIV} at (238,10) size 33x33
    LayoutText {#text} at (0,0) size 0x0
layer at (8,182) size 500x58
  LayoutBlockFlow {DIV} at (0,174) size 500x58
    LayoutBlockFlow {DIV} at (10,10) size 33x33
    LayoutText {#text} at (53,38) size 4x19
      text run at (53,38) width 4: " "
    LayoutBlockFlow {DIV} at (67,10) size 33x33
    LayoutText {#text} at (110,38) size 4x19
      text run at (110,38) width 4: " "
    LayoutBlockFlow {DIV} at (124,10) size 33x33
    LayoutText {#text} at (167,38) size 4x19
      text run at (167,38) width 4: " "
    LayoutBlockFlow {DIV} at (181,10) size 33x33
    LayoutText {#text} at (224,38) size 4x19
      text run at (224,38) width 4: " "
    LayoutBlockFlow {DIV} at (238,10) size 33x33
    LayoutText {#text} at (0,0) size 0x0
layer at (8,240) size 500x58
  LayoutBlockFlow {DIV} at (0,232) size 500x58
    LayoutBlockFlow {DIV} at (10,10) size 33x33
    LayoutText {#text} at (53,38) size 4x19
      text run at (53,38) width 4: " "
    LayoutBlockFlow {DIV} at (67,10) size 33x33
    LayoutText {#text} at (110,38) size 4x19
      text run at (110,38) width 4: " "
    LayoutBlockFlow {DIV} at (124,10) size 33x33
    LayoutText {#text} at (167,38) size 4x19
      text run at (167,38) width 4: " "
    LayoutBlockFlow {DIV} at (181,10) size 33x33
    LayoutText {#text} at (224,38) size 4x19
      text run at (224,38) width 4: " "
    LayoutBlockFlow {DIV} at (238,10) size 33x33
    LayoutText {#text} at (0,0) size 0x0
