layer at (0,0) size 800x600
  LayoutView at (0,0) size 800x600
layer at (0,0) size 800x82
  LayoutBlockFlow {HTML} at (0,0) size 800x82
    LayoutBlockFlow {BODY} at (8,16) size 784x58
      LayoutBlockFlow {P} at (0,0) size 784x18
        LayoutText {#text} at (0,0) size 164x17
          text run at (0,0) width 164: "This test should not crash"
      LayoutBlockFlow (anonymous) at (0,34) size 784x24
        LayoutText {#text} at (0,0) size 0x0
layer at (8,50) size 20x20
  LayoutImage {IMG} at (0,0) size 20x20
