layer at (0,0) size 800x600 scrollHeight 770
  LayoutView at (0,0) size 800x600
layer at (0,0) size 800x770 backgroundClip at (0,0) size 800x600 clip at (0,0) size 800x600
  LayoutBlockFlow {HTML} at (0,0) size 800x769.88
    LayoutBlockFlow {BODY} at (8,21.44) size 784x732.44
      LayoutBlockFlow {H1} at (0,0) size 784x37
        LayoutText {#text} at (0,0) size 377x36
          text run at (0,0) width 377: "Shorthand border property"
      LayoutBlockFlow {P} at (0,58.44) size 784x26 [color=#008000] [bgcolor=#FFFFFF] [border: (3px solid #008000)]
        LayoutText {#text} at (3,3) size 362x19
          text run at (3,3) width 362: "This paragraph should have a medium solid green border."
      LayoutBlockFlow {P} at (0,100.44) size 784x26 [color=#008000] [bgcolor=#FFFFFF] [border: (3px solid #008000)]
        LayoutText {#text} at (3,3) size 362x19
          text run at (3,3) width 362: "This paragraph should have a medium solid green border."
      LayoutBlockFlow {P} at (0,142.44) size 784x20 [bgcolor=#FFFFFF]
        LayoutText {#text} at (0,0) size 258x19
          text run at (0,0) width 258: "This paragraph should not have a border."
      LayoutBlockFlow {P} at (0,178.44) size 784x26 [bgcolor=#FFFFFF] [border: (3px solid #000000)]
        LayoutText {#text} at (3,3) size 279x19
          text run at (3,3) width 279: "This paragraph should have a medium solid "
        LayoutInline {EM} at (0,0) size 34x19
          LayoutText {#text} at (282,3) size 34x19
            text run at (282,3) width 34: "black"
        LayoutText {#text} at (316,3) size 48x19
          text run at (316,3) width 48: " border."
      LayoutBlockFlow {P} at (0,220.44) size 784x20 [bgcolor=#FFFFFF]
        LayoutText {#text} at (0,0) size 258x19
          text run at (0,0) width 258: "This paragraph should not have a border."
      LayoutBlockFlow {P} at (0,256.44) size 784x20 [bgcolor=#FFFFFF]
        LayoutText {#text} at (0,0) size 258x19
          text run at (0,0) width 258: "This paragraph should not have a border."
      LayoutBlockFlow {P} at (0,292.44) size 784x26 [bgcolor=#FFFFFF] [border: (3px solid #000000)]
        LayoutText {#text} at (3,3) size 279x19
          text run at (3,3) width 279: "This paragraph should have a medium solid "
        LayoutInline {EM} at (0,0) size 34x19
          LayoutText {#text} at (282,3) size 34x19
            text run at (282,3) width 34: "black"
        LayoutText {#text} at (316,3) size 48x19
          text run at (316,3) width 48: " border."
      LayoutBlockFlow {P} at (0,334.44) size 784x26 [bgcolor=#FFFFFF] [border: (3px solid #000000)]
        LayoutText {#text} at (3,3) size 279x19
          text run at (3,3) width 279: "This paragraph should have a medium solid "
        LayoutInline {EM} at (0,0) size 34x19
          LayoutText {#text} at (282,3) size 34x19
            text run at (282,3) width 34: "black"
        LayoutText {#text} at (316,3) size 48x19
          text run at (316,3) width 48: " border."
      LayoutBlockFlow {P} at (0,376.44) size 784x26 [bgcolor=#FFFFFF] [border: (3px solid #008000)]
        LayoutText {#text} at (3,3) size 362x19
          text run at (3,3) width 362: "This paragraph should have a medium solid green border."
      LayoutBlockFlow {P} at (0,418.44) size 784x26 [bgcolor=#FFFFFF] [border: (3px solid #008000)]
        LayoutText {#text} at (3,3) size 362x19
          text run at (3,3) width 362: "This paragraph should have a medium solid green border."
      LayoutBlockFlow {P} at (0,460.44) size 784x20 [bgcolor=#FFFFFF]
        LayoutText {#text} at (0,0) size 258x19
          text run at (0,0) width 258: "This paragraph should not have a border."
      LayoutBlockFlow {P} at (0,496.44) size 784x26 [bgcolor=#FFFFFF] [border: (3px solid #008000)]
        LayoutText {#text} at (3,3) size 362x19
          text run at (3,3) width 362: "This paragraph should have a medium solid green border."
      LayoutBlockFlow {P} at (0,538.44) size 784x26 [bgcolor=#FFFFFF] [border: (3px solid #008000)]
        LayoutText {#text} at (3,3) size 362x19
          text run at (3,3) width 362: "This paragraph should have a medium solid green border."
      LayoutBlockFlow {P} at (0,580.44) size 784x26 [bgcolor=#FFFFFF] [border: (3px solid #008000)]
        LayoutText {#text} at (3,3) size 362x19
          text run at (3,3) width 362: "This paragraph should have a medium solid green border."
      LayoutBlockFlow {P} at (0,622.44) size 784x26 [bgcolor=#FFFFFF] [border: (3px solid #008000)]
        LayoutText {#text} at (3,3) size 362x19
          text run at (3,3) width 362: "This paragraph should have a medium solid green border."
      LayoutBlockFlow {P} at (0,664.44) size 784x26 [bgcolor=#FFFFFF] [border: (3px solid #008000)]
        LayoutText {#text} at (3,3) size 362x19
          text run at (3,3) width 362: "This paragraph should have a medium solid green border."
      LayoutBlockFlow {P} at (0,706.44) size 784x26 [bgcolor=#FFFFFF] [border: (3px solid #008000)]
        LayoutText {#text} at (3,3) size 362x19
          text run at (3,3) width 362: "This paragraph should have a medium solid green border."
