layer at (0,0) size 800x600
  LayoutView at (0,0) size 800x600
layer at (0,0) size 800x600
  LayoutBlockFlow {HTML} at (0,0) size 800x600
    LayoutBlockFlow {BODY} at (8,8) size 784x584
      LayoutBlockFlow {P} at (0,0) size 784x100
        LayoutText {#text} at (0,0) size 769x99
          text run at (0,0) width 763: "This test demonstrates -webkit-color-correction. Below are 3 images with 20 pixel borders. The images are all the same --"
          text run at (0,20) width 755: "purple with an sRGB color profile. The border is the same CSS color for all three images. The first image has no special"
          text run at (0,40) width 769: "CSS. The second has -webkit-color-correction set to default, so it matches the first image. And the third has -webkit-color-"
          text run at (0,60) width 759: "correction set to sRGB. This color-corrects the purple border from the sRGB color space, and the result is that the border"
          text run at (0,80) width 134: "and the image match."
      LayoutBlockFlow (anonymous) at (0,116) size 784x145
        LayoutImage {IMG} at (0,0) size 140x140 [border: (20px solid #560063)]
        LayoutText {#text} at (140,125) size 4x19
          text run at (140,125) width 4: " "
        LayoutImage {IMG} at (144,0) size 140x140 [border: (20px solid #560063)]
        LayoutText {#text} at (284,125) size 4x19
          text run at (284,125) width 4: " "
        LayoutImage {IMG} at (288,0) size 140x140 [border: (20px solid #560063)]
        LayoutText {#text} at (0,0) size 0x0
