layer at (0,0) size 800x600
  LayoutView at (0,0) size 800x600
layer at (0,0) size 800x322
  LayoutBlockFlow {HTML} at (0,0) size 800x322
    LayoutBlockFlow {BODY} at (8,16) size 784x298
      LayoutBlockFlow {P} at (0,0) size 784x20
        LayoutText {#text} at (0,0) size 130x19
          text run at (0,0) width 130: "These should match:"
      LayoutBlockFlow (anonymous) at (0,36) size 784x105
        LayoutBlockFlow (floating) {DIV} at (0,0) size 100x100 [bgcolor=#560063]
        LayoutImage {IMG} at (100,0) size 100x100
        LayoutText {#text} at (200,85) size 4x19
          text run at (200,85) width 4: " "
        LayoutBR {BR} at (0,0) size 0x0
      LayoutBlockFlow {P} at (0,157) size 784x20
        LayoutText {#text} at (0,0) size 236x19
          text run at (0,0) width 236: "These should not match (at this time):"
      LayoutBlockFlow (anonymous) at (0,193) size 784x105
        LayoutBlockFlow (floating) {DIV} at (0,0) size 100x100 [bgcolor=#560063]
        LayoutImage {IMG} at (100,0) size 100x100
        LayoutText {#text} at (0,0) size 0x0
