layer at (0,0) size 800x600
  LayoutView at (0,0) size 800x600
layer at (0,0) size 800x124
  LayoutBlockFlow {html} at (0,0) size 800x124
    LayoutBlockFlow {body} at (8,16) size 784x92
      LayoutBlockFlow {p} at (0,0) size 784x20
        LayoutText {#text} at (0,0) size 760x19
          text run at (0,0) width 760: "Below both lines should be centered. The first is static, the second is dynamically generated using javascript. Bug 14506."
      LayoutBlockFlow {p} at (0,36) size 784x20
        LayoutText {#text} at (331,0) size 122x19
          text run at (331,0) width 122: "Should be centered"
      LayoutBlockFlow {p} at (0,72) size 784x20
        LayoutText {#text} at (331,0) size 122x19
          text run at (331,0) width 122: "Should be centered"
