layer at (0,0) size 800x600
  LayoutView at (0,0) size 800x600
layer at (0,0) size 800x600
  LayoutBlockFlow {HTML} at (0,0) size 800x600
    LayoutBlockFlow {BODY} at (8,8) size 784x584
      LayoutBlockFlow {P} at (0,0) size 784x20
        LayoutText {#text} at (0,0) size 52x19
          text run at (0,0) width 52: "Test for "
        LayoutInline {A} at (0,0) size 67x19 [color=#0000EE]
          LayoutText {#text} at (52,0) size 67x19
            text run at (52,0) width 67: "bug 11575"
        LayoutText {#text} at (119,0) size 417x19
          text run at (119,0) width 417: ": REGRESSION: WebCore crash in CSSParser/HTMLTokenizer."
      LayoutBlockFlow {P} at (0,36) size 784x40
        LayoutText {#text} at (0,0) size 749x39
          text run at (0,0) width 749: "All four sides of the square below should be present for this test to really pass, and WebKit shouldn't crash for it to pass"
          text run at (0,20) width 54: "partially."
      LayoutBlockFlow {DIV} at (0,92) size 106x106 [border: (3px solid #000000)]
