layer at (0,0) size 800x600
  LayoutView at (0,0) size 800x600
layer at (0,0) size 800x600
  LayoutBlockFlow {HTML} at (0,0) size 800x600
    LayoutBlockFlow {BODY} at (8,8) size 784x584
      LayoutBlockFlow {DIV} at (0,0) size 784x20 [color=#008000] [bgcolor=#FFFF00]
        LayoutText {#text} at (0,0) size 108x19
          text run at (0,0) width 108: "Green on Yellow"
      LayoutBlockFlow {DIV} at (0,20) size 784x20 [color=#0000FF] [bgcolor=#C0C0C0]
        LayoutText {#text} at (0,0) size 91x19
          text run at (0,0) width 91: "Blue on Silver"
      LayoutBlockFlow {DIV} at (0,40) size 784x20 [color=#008000]
        LayoutText {#text} at (0,0) size 39x19
          text run at (0,0) width 39: "Green"
      LayoutBlockFlow {DIV} at (0,60) size 784x20 [color=#0000FF]
        LayoutText {#text} at (0,0) size 30x19
          text run at (0,0) width 30: "Blue"
      LayoutBlockFlow {DIV} at (0,80) size 784x20 [color=#008000]
        LayoutText {#text} at (0,0) size 39x19
          text run at (0,0) width 39: "Green"
      LayoutBlockFlow {DIV} at (0,100) size 784x20 [color=#0000FF]
        LayoutText {#text} at (0,0) size 30x19
          text run at (0,0) width 30: "Blue"
