layer at (0,0) size 800x600
  LayoutView at (0,0) size 800x600
layer at (0,0) size 800x600
  LayoutBlockFlow {HTML} at (0,0) size 800x600
    LayoutBlockFlow {BODY} at (8,8) size 784x576
      LayoutBlockFlow {P} at (0,0) size 784x20
        LayoutText {#text} at (0,0) size 47x19
          text run at (0,0) width 47: "test for "
        LayoutInline {A} at (0,0) size 60x19 [color=#0000EE]
          LayoutText {#text} at (47,0) size 60x19
            text run at (47,0) width 60: "bug 7157"
        LayoutText {#text} at (107,0) size 658x19
          text run at (107,0) width 658: ": An asterisk in a CSS property name breaks CSS handling (Many layout problems at letras.terra.com.br)"
      LayoutBlockFlow {P} at (0,36) size 784x20 [color=#008000]
        LayoutText {#text} at (0,0) size 166x19
          text run at (0,0) width 166: "Should be green on white."
      LayoutBlockFlow {P} at (0,72) size 784x20 [color=#008000]
        LayoutText {#text} at (0,0) size 166x19
          text run at (0,0) width 166: "Should be green on white."
      LayoutBlockFlow {P} at (0,108) size 784x20 [color=#008000]
        LayoutText {#text} at (0,0) size 166x19
          text run at (0,0) width 166: "Should be green on white."
