layer at (0,0) size 800x600
  LayoutView at (0,0) size 800x600
layer at (0,0) size 800x88
  LayoutBlockFlow {HTML} at (0,0) size 800x88
    LayoutBlockFlow {BODY} at (8,16) size 784x56
      LayoutBlockFlow {P} at (0,0) size 784x20
        LayoutInline {A} at (0,0) size 29x19 [color=#0000FF]
          LayoutInline {<pseudo:first-letter>} at (0,0) size 10x19
            LayoutTextFragment (anonymous) at (0,0) size 10x19
              text run at (0,0) width 10: "F"
          LayoutTextFragment {#text} at (10,0) size 19x19
            text run at (10,0) width 19: "irst"
        LayoutText {#text} at (29,0) size 190x19
          text run at (29,0) width 190: " letter should be bold and blue"
      LayoutBlockFlow {P} at (0,36) size 784x20
        LayoutInline {<pseudo:first-letter>} at (0,0) size 12x19
          LayoutTextFragment (anonymous) at (0,0) size 12x19
            text run at (0,0) width 12: "H"
        LayoutTextFragment {#text} at (12,0) size 616x19
          text run at (12,0) width 616: "ere the first letter should be bold and black, but with Safari build 416.13 it is blue. See bug #6170."
