layer at (0,0) size 800x600
  LayoutView at (0,0) size 800x600
layer at (0,0) size 800x600
  LayoutBlockFlow {HTML} at (0,0) size 800x600
    LayoutBlockFlow {BODY} at (8,8) size 784x584
      LayoutBlockFlow {DIV} at (0,0) size 160x160
        LayoutText {#text} at (0,0) size 119x160
          text run at (0,0) width 121: "Assuming the port-"
          text run at (20,0) width 132: "specific theme draws"
          text run at (20,132) width 4: " "
          text run at (40,0) width 124: "focus rings, this test"
          text run at (40,124) width 4: " "
          text run at (60,0) width 159: "draws focus rings around"
          text run at (60,159) width 1: " "
          text run at (80,0) width 151: "editable multiline text in"
          text run at (80,151) width 4: " "
          text run at (100,0) width 138: "vertical writing mode."
caret: position 1 of child 0 {#text} of child 1 {DIV} of body
