layer at (0,0) size 800x600
  LayoutView at (0,0) size 800x600
layer at (0,0) size 800x600
  LayoutBlockFlow {HTML} at (0,0) size 800x600
    LayoutBlockFlow {BODY} at (8,8) size 784x584
      LayoutInline {SPAN} at (0,0) size 303x22
        LayoutText {#text} at (0,0) size 303x22
          text run at (0,0) width 303: "Hello. This is absolutely regular text."
      LayoutText {#text} at (303,2) size 4x19
        text run at (303,2) width 4: " "
      LayoutBR {BR} at (307,17) size 0x0
      LayoutInline {SPAN} at (0,0) size 780x22
        LayoutText {#text} at (0,23) size 780x22
          text run at (0,23) width 780: "Hello. This is text with -webkit-font-smoothing:auto. It should look like absolutely regular text."
      LayoutText {#text} at (780,25) size 4x19
        text run at (780,25) width 4: " "
      LayoutBR {BR} at (784,40) size 0x0
      LayoutInline {SPAN} at (0,0) size 437x22
        LayoutText {#text} at (0,46) size 437x22
          text run at (0,46) width 437: "Hello. This is text with -webkit-font-smoothing:none."
      LayoutText {#text} at (437,48) size 4x19
        text run at (437,48) width 4: " "
      LayoutBR {BR} at (441,63) size 0x0
      LayoutInline {SPAN} at (0,0) size 486x22
        LayoutText {#text} at (0,69) size 486x22
          text run at (0,69) width 486: "Hello. This is text with -webkit-font-smoothing:antialiased."
      LayoutText {#text} at (486,71) size 4x19
        text run at (486,71) width 4: " "
      LayoutBR {BR} at (490,86) size 0x0
      LayoutInline {SPAN} at (0,0) size 716x45
        LayoutText {#text} at (0,92) size 716x45
          text run at (0,92) width 716: "Hello. This is text with -webkit-font-smoothing:subpixel-antialiased. It should look like"
          text run at (0,115) width 188: "absolutely regular text."
      LayoutText {#text} at (188,117) size 4x19
        text run at (188,117) width 4: " "
      LayoutBR {BR} at (192,132) size 0x0
