layer at (0,0) size 800x600
  LayoutView at (0,0) size 800x600
layer at (0,0) size 800x578
  LayoutBlockFlow {HTML} at (0,0) size 800x578
    LayoutBlockFlow {BODY} at (8,16) size 784x546
      LayoutBlockFlow {P} at (0,0) size 784x20
        LayoutText {#text} at (0,0) size 456x19
          text run at (0,0) width 456: "Fails indicate that the font property specification is invalid in strict mode."
      LayoutBlockFlow {P} at (0,52) size 784x37
        LayoutText {#text} at (0,0) size 220x36
          text run at (0,0) width 220: "24pt italic = 24pt"
      LayoutBlockFlow {P} at (0,121) size 784x37
        LayoutText {#text} at (0,0) size 294x36
          text run at (0,0) width 294: "24pt italic Arial = 24pt"
      LayoutBlockFlow {P} at (0,190) size 784x20
        LayoutText {#text} at (0,0) size 185x19
          text run at (0,0) width 185: "24pt italic 'Arial' = 24pt Arial"
      LayoutBlockFlow {P} at (0,226) size 784x20
        LayoutText {#text} at (0,0) size 105x19
          text run at (0,0) width 105: "italic 24pt = fails"
      LayoutBlockFlow {P} at (0,278) size 784x38
        LayoutText {#text} at (0,0) size 457x37
          text run at (0,0) width 457: "italic 24pt Arial = 24pt Arial Italic"
      LayoutBlockFlow {P} at (0,348) size 784x38
        LayoutText {#text} at (0,0) size 469x37
          text run at (0,0) width 469: "italic 24pt 'Arial' = 24pt Arial Italic"
      LayoutBlockFlow {P} at (0,418) size 784x20
        LayoutText {#text} at (0,0) size 141x19
          text run at (0,0) width 141: "Arial 24pt italic = fails"
      LayoutBlockFlow {P} at (0,454) size 784x20
        LayoutText {#text} at (0,0) size 147x19
          text run at (0,0) width 147: "'Arial' 24pt italic = fails"
      LayoutBlockFlow {P} at (0,490) size 784x20
        LayoutText {#text} at (0,0) size 141x19
          text run at (0,0) width 141: "Arial italic 24pt = fails"
      LayoutBlockFlow {P} at (0,526) size 784x20
        LayoutText {#text} at (0,0) size 147x19
          text run at (0,0) width 147: "'Arial' italic 24pt = fails"
