layer at (0,0) size 800x600
  LayoutView at (0,0) size 800x600
layer at (0,0) size 800x492
  LayoutBlockFlow {HTML} at (0,0) size 800x492
    LayoutBlockFlow {BODY} at (8,16) size 784x468
      LayoutBlockFlow {P} at (0,0) size 784x20
        LayoutText {#text} at (0,0) size 263x19
          text run at (0,0) width 263: "You should see the numbers 1 to 9 below."
      LayoutBlockFlow {DIV} at (0,36) size 784x48
        LayoutText {#text} at (0,2) size 24x44
          text run at (0,2) width 24: "A"
      LayoutBlockFlow {DIV} at (0,84) size 784x48
        LayoutText {#text} at (0,2) size 25x44
          text run at (0,2) width 25: "A"
      LayoutBlockFlow {DIV} at (0,132) size 784x48
        LayoutText {#text} at (0,2) size 26x44
          text run at (0,2) width 26: "A"
      LayoutBlockFlow {DIV} at (0,180) size 784x48
        LayoutText {#text} at (0,2) size 27x44
          text run at (0,2) width 27: "A"
      LayoutBlockFlow {DIV} at (0,228) size 784x48
        LayoutText {#text} at (0,2) size 29x44
          text run at (0,2) width 29: "A"
      LayoutBlockFlow {DIV} at (0,276) size 784x48
        LayoutText {#text} at (0,2) size 30x44
          text run at (0,2) width 30: "A"
      LayoutBlockFlow {DIV} at (0,324) size 784x48
        LayoutText {#text} at (0,2) size 31x44
          text run at (0,2) width 31: "A"
      LayoutBlockFlow {DIV} at (0,372) size 784x48
        LayoutText {#text} at (0,2) size 32x44
          text run at (0,2) width 32: "A"
      LayoutBlockFlow {DIV} at (0,420) size 784x48
        LayoutText {#text} at (0,2) size 33x44
          text run at (0,2) width 33: "A"
