layer at (0,0) size 800x600
  LayoutView at (0,0) size 800x600
layer at (0,0) size 800x600
  LayoutBlockFlow {HTML} at (0,0) size 800x600
    LayoutBlockFlow {BODY} at (8,8) size 784x576
      LayoutBlockFlow {P} at (0,0) size 86x46 [border: (3px solid #0000FF)]
        LayoutInline {SPAN} at (0,0) size 108x19
          LayoutText {#text} at (3,3) size 108x19
            text run at (3,3) width 108: "AAAAAAAAA"
        LayoutText {#text} at (111,3) size 132x39
          text run at (111,3) width 24: "AA"
          text run at (3,23) width 22: "BB"
      LayoutBlockFlow {P} at (0,62) size 86x26 [border: (3px solid #0000FF)]
        LayoutInline {SPAN} at (0,0) size 108x19
          LayoutText {#text} at (3,3) size 108x19
            text run at (3,3) width 108: "AAAAAAAAA"
        LayoutText {#text} at (111,3) size 60x19
          text run at (111,3) width 60: "AAAAA"
      LayoutBlockFlow {P} at (0,104) size 86x46 [border: (3px solid #0000FF)]
        LayoutInline {SPAN} at (0,0) size 48x19
          LayoutText {#text} at (3,3) size 48x19
            text run at (3,3) width 48: "AAAA"
        LayoutText {#text} at (0,0) size 0x0
        LayoutInline {SPAN} at (0,0) size 44x19
          LayoutText {#text} at (3,23) size 44x19
            text run at (3,23) width 44: "BBBB"
        LayoutText {#text} at (47,23) size 55x19
          text run at (47,23) width 55: "BBBBB"
      LayoutBlockFlow {P} at (0,166) size 86x46 [border: (3px solid #0000FF)]
        LayoutInline {SPAN} at (0,0) size 108x19
          LayoutText {#text} at (3,3) size 108x19
            text run at (3,3) width 108: "AAAAAAAAA"
        LayoutText {#text} at (111,3) size 132x39
          text run at (111,3) width 24: "AA"
          text run at (3,23) width 20: "ZZ"
        LayoutInline {SPAN} at (0,0) size 90x19
          LayoutText {#text} at (23,23) size 90x19
            text run at (23,23) width 90: "ZZZZZZZZZ"
      LayoutBlockFlow {P} at (0,228) size 86x26 [border: (3px solid #0000FF)]
        LayoutInline {SPAN} at (0,0) size 108x19
          LayoutText {#text} at (3,3) size 108x19
            text run at (3,3) width 108: "AAAAAAAAA"
        LayoutText {#text} at (111,3) size 70x19
          text run at (111,3) width 70: "MMMMM"
        LayoutInline {SPAN} at (0,0) size 90x19
          LayoutText {#text} at (181,3) size 90x19
            text run at (181,3) width 90: "ZZZZZZZZZ"
      LayoutBlockFlow {P} at (0,270) size 86x46 [border: (3px solid #0000FF)]
        LayoutText {#text} at (3,3) size 60x19
          text run at (3,3) width 60: "YYYYY"
        LayoutInline {SPAN} at (0,0) size 48x19
          LayoutText {#text} at (63,3) size 48x19
            text run at (63,3) width 48: "YYYY"
        LayoutText {#text} at (0,0) size 0x0
        LayoutInline {SPAN} at (0,0) size 40x19
          LayoutText {#text} at (3,23) size 40x19
            text run at (3,23) width 40: "ZZZZ"
      LayoutBlockFlow {P} at (0,332) size 86x46 [border: (3px solid #0000FF)]
        LayoutText {#text} at (3,3) size 24x39
          text run at (3,3) width 24: "YY"
          text run at (3,23) width 20: "ZZ"
        LayoutInline {SPAN} at (0,0) size 90x19
          LayoutText {#text} at (23,23) size 90x19
            text run at (23,23) width 90: "ZZZZZZZZZ"
      LayoutBlockFlow {P} at (0,394) size 86x26 [border: (3px solid #0000FF)]
        LayoutText {#text} at (3,3) size 50x19
          text run at (3,3) width 50: "ZZZZZ"
        LayoutInline {SPAN} at (0,0) size 90x19
          LayoutText {#text} at (53,3) size 90x19
            text run at (53,3) width 90: "ZZZZZZZZZ"
