layer at (0,0) size 800x600
  LayoutView at (0,0) size 800x600
layer at (0,0) size 800x600
  LayoutBlockFlow {HTML} at (0,0) size 800x600
    LayoutBlockFlow {BODY} at (8,8) size 784x584
      LayoutTextControl {INPUT} at (0,0) size 517x81 [bgcolor=#FFFFFF] [border: (2px inset #EEEEEE)]
        LayoutFlexibleBox {DIV} at (3,3) size 511x46
          LayoutBlockFlow {DIV} at (0,0) size 486x46
      LayoutBR {BR} at (517,39) size 0x0
      LayoutTextControl {INPUT} at (0,81) size 515x81 [bgcolor=#FFFFFF] [border: (2px inset #EEEEEE)]
      LayoutBR {BR} at (515,120) size 0x0
      LayoutTextControl {INPUT} at (0,162) size 258x25 [bgcolor=#FFFFFF] [border: (2px inset #EEEEEE)]
        LayoutFlexibleBox {DIV} at (6,0.50) size 246x24
          LayoutBlockFlow {DIV} at (0,0) size 228x24
layer at (11,11) size 486x46
  LayoutBlockFlow {DIV} at (0,0) size 486x46
    LayoutText {#text} at (0,0) size 362x45
      text run at (0,0) width 362: "value jgq not clipped"
layer at (10,92) size 511x46
  LayoutBlockFlow {DIV} at (2,3) size 511x46
    LayoutText {#text} at (0,0) size 362x45
      text run at (0,0) width 362: "value jgq not clipped"
layer at (14,171) size 228x24 backgroundClip at (14,172) size 228x21 clip at (14,172) size 228x21
  LayoutBlockFlow {DIV} at (0,0) size 228x24
    LayoutText {#text} at (0,0) size 118x23
      text run at (0,0) width 118: "Sample Input"
layer at (498,24) size 21x21 transparent
  LayoutBlockFlow {DIV} at (487,12.50) size 21x21
layer at (243,176) size 14x14 transparent
  LayoutBlockFlow {DIV} at (229,5) size 14x14
