layer at (0,0) size 800x600
  LayoutView at (0,0) size 800x600
layer at (0,0) size 800x600
  LayoutBlockFlow {HTML} at (0,0) size 800x600
    LayoutBlockFlow {BODY} at (8,8) size 784x542
      LayoutBlockFlow {P} at (0,0) size 784x20
        LayoutInline {A} at (0,0) size 59x19 [color=#0000EE]
          LayoutText {#text} at (0,0) size 59x19
            text run at (0,0) width 59: "bug 7118"
        LayoutText {#text} at (59,0) size 354x19
          text run at (59,0) width 354: ": Wrong property values do not get invalidated correctly."
      LayoutBlockFlow {P} at (0,36) size 784x20
        LayoutText {#text} at (0,0) size 379x19
          text run at (0,0) width 379: "The two words \"test\" should look the same, with no outline:"
      LayoutBlockFlow {DIV} at (0,106) size 784x59
        LayoutBlockFlow {P} at (0,0) size 100x59
          LayoutText {#text} at (0,1) size 69x57
            text run at (0,1) width 69: "test"
      LayoutBlockFlow {P} at (0,215) size 784x59
        LayoutText {#text} at (0,1) size 69x57
          text run at (0,1) width 69: "test"
