layer at (0,0) size 800x600
  LayoutView at (0,0) size 800x600
layer at (0,0) size 800x600
  LayoutBlockFlow {HTML} at (0,0) size 800x600
    LayoutBlockFlow {BODY} at (8,8) size 784x584
      LayoutBlockFlow (anonymous) at (0,0) size 784x20
        LayoutText {#text} at (0,0) size 438x19
          text run at (0,0) width 223: "There should be only green below. "
          text run at (223,0) width 215: "If you see RED the test has failed."
      LayoutBlockFlow {DIV} at (0,20) size 784x16 [bgcolor=#008000]
      LayoutBlockFlow {DIV} at (0,36) size 784x16 [bgcolor=#008000]
      LayoutBlockFlow {DIV} at (0,52) size 784x16 [bgcolor=#008000]
      LayoutBlockFlow {DIV} at (0,68) size 784x16 [bgcolor=#008000]
      LayoutBlockFlow {DIV} at (0,84) size 784x16 [bgcolor=#008000]
      LayoutBlockFlow {DIV} at (0,100) size 784x16 [bgcolor=#008000]
      LayoutBlockFlow {DIV} at (0,116) size 784x16 [bgcolor=#008000]
      LayoutBlockFlow {DIV} at (0,132) size 784x16 [bgcolor=#008000]
      LayoutBlockFlow {DIV} at (0,148) size 784x16 [bgcolor=#008000]
      LayoutBlockFlow {DIV} at (0,164) size 784x16 [bgcolor=#008000]
      LayoutBlockFlow {DIV} at (0,180) size 784x16 [bgcolor=#008000]
      LayoutBlockFlow {DIV} at (0,196) size 784x16 [bgcolor=#008000]
      LayoutBlockFlow {DIV} at (0,212) size 784x16 [bgcolor=#008000]
      LayoutBlockFlow {DIV} at (0,228) size 784x16 [bgcolor=#008000]
      LayoutBlockFlow {DIV} at (0,244) size 784x16 [bgcolor=#008000]
      LayoutBlockFlow {DIV} at (0,260) size 784x16 [bgcolor=#008000]
      LayoutBlockFlow {DIV} at (0,276) size 784x16 [bgcolor=#008000]
      LayoutBlockFlow {DIV} at (0,292) size 784x16 [bgcolor=#008000]
      LayoutBlockFlow {DIV} at (0,308) size 784x16 [bgcolor=#008000]
      LayoutBlockFlow {DIV} at (0,324) size 784x16 [bgcolor=#008000]
      LayoutBlockFlow {DIV} at (0,340) size 784x16 [bgcolor=#008000]
