layer at (0,0) size 800x600 scrollWidth 1030
  LayoutView at (0,0) size 800x600
layer at (0,0) size 800x600
  LayoutBlockFlow {HTML} at (0,0) size 800x600
    LayoutBlockFlow {BODY} at (8,8) size 784x584
      LayoutBlockFlow {DIV} at (0,0) size 784x20
        LayoutText {#text} at (0,0) size 388x19
          text run at (0,0) width 388: "The six boxes below should be centered in two rows of three."
layer at (400,28) size 630x420 backgroundClip at (0,0) size 800x600 clip at (0,0) size 800x600
  LayoutBlockFlow (relative positioned) (floating) {DIV} at (0,20) size 630x420
    LayoutBR {BR} at (630,0) size 0x19
layer at (90,33) size 200x200
  LayoutBlockFlow (relative positioned) (floating) {DIV} at (5,5) size 200x200 [bgcolor=#000000]
    LayoutImage {IMG} at (0,0) size 200x200
layer at (300,33) size 200x200
  LayoutBlockFlow (relative positioned) (floating) {DIV} at (215,5) size 200x200 [bgcolor=#000000]
    LayoutImage {IMG} at (0,0) size 200x200
layer at (510,33) size 200x200
  LayoutBlockFlow (relative positioned) (floating) {DIV} at (425,5) size 200x200 [bgcolor=#000000]
    LayoutImage {IMG} at (0,0) size 200x200
layer at (90,243) size 200x200
  LayoutBlockFlow (relative positioned) (floating) {DIV} at (5,215) size 200x200 [bgcolor=#000000]
    LayoutImage {IMG} at (0,0) size 200x200
layer at (300,243) size 200x200
  LayoutBlockFlow (relative positioned) (floating) {DIV} at (215,215) size 200x200 [bgcolor=#000000]
    LayoutImage {IMG} at (0,0) size 200x200
layer at (510,243) size 200x200
  LayoutBlockFlow (relative positioned) (floating) {DIV} at (425,215) size 200x200 [bgcolor=#000000]
    LayoutImage {IMG} at (0,0) size 200x200
