layer at (0,0) size 800x600
  LayoutView at (0,0) size 800x600
layer at (0,0) size 800x474
  LayoutBlockFlow {HTML} at (0,0) size 800x474
    LayoutBlockFlow {BODY} at (8,8) size 784x458
      LayoutBlockFlow {DIV} at (0,0) size 784x20
        LayoutText {#text} at (0,0) size 119x19
          text run at (0,0) width 119: "Before empty span"
      LayoutBlockFlow (anonymous) at (0,20) size 784x100
        LayoutInline {SPAN} at (0,0) size 0x19
        LayoutText {#text} at (0,40) size 12x19
          text run at (0,40) width 12: "X"
      LayoutBlockFlow {DIV} at (0,120) size 784x20
        LayoutText {#text} at (0,0) size 109x19
          text run at (0,0) width 109: "After empty span"
      LayoutBlockFlow {DIV} at (0,140) size 784x20
        LayoutText {#text} at (0,0) size 119x19
          text run at (0,0) width 119: "Before empty span"
      LayoutBlockFlow (anonymous) at (0,160) size 784x118
        LayoutInline {SPAN} at (0,0) size 0x114
        LayoutText {#text} at (0,77) size 12x19
          text run at (0,77) width 12: "X"
      LayoutBlockFlow {DIV} at (0,278) size 784x20
        LayoutText {#text} at (0,0) size 109x19
          text run at (0,0) width 109: "After empty span"
      LayoutBlockFlow {DIV} at (0,298) size 784x20
        LayoutText {#text} at (0,0) size 119x19
          text run at (0,0) width 119: "Before empty span"
      LayoutBlockFlow (anonymous) at (0,318) size 784x120
        LayoutInline {SPAN} at (0,0) size 0x19
        LayoutText {#text} at (0,100) size 12x19
          text run at (0,100) width 12: "X"
      LayoutBlockFlow {DIV} at (0,438) size 784x20
        LayoutText {#text} at (0,0) size 109x19
          text run at (0,0) width 109: "After empty span"
