layer at (0,0) size 800x600
  LayoutView at (0,0) size 800x600
layer at (0,0) size 800x600
  LayoutBlockFlow {HTML} at (0,0) size 800x600
    LayoutBlockFlow {BODY} at (8,8) size 784x584
      LayoutText {#text} at (0,38) size 289x19
        text run at (0,38) width 289: "The following inputs should not be stretched. "
      LayoutBlockFlow {INPUT} at (293,3) size 13x50
      LayoutText {#text} at (309,38) size 4x19
        text run at (309,38) width 4: " "
      LayoutBlockFlow {INPUT} at (318,3) size 13x50
      LayoutText {#text} at (0,0) size 0x0
