layer at (0,0) size 800x600 clip at (0,0) size 785x600 scrollHeight 1533
  LayoutView at (0,0) size 800x600
layer at (0,0) size 785x1533 backgroundClip at (0,0) size 785x600 clip at (0,0) size 785x600
  LayoutBlockFlow {HTML} at (0,0) size 785x1533
    LayoutBlockFlow {BODY} at (8,16) size 769x1469 [bgcolor=#FFFFFF]
      LayoutBlockFlow {P} at (0,0) size 769x19
        LayoutText {#text} at (0,0) size 165x18
          text run at (0,0) width 165: "This page is part of the "
        LayoutInline {A} at (0,0) size 73x18 [color=#0000EE]
          LayoutText {#text} at (165,0) size 73x18
            text run at (165,0) width 73: "CSS3.info"
        LayoutText {#text} at (238,0) size 4x18
          text run at (238,0) width 4: " "
        LayoutInline {A} at (0,0) size 131x18 [color=#0000EE]
          LayoutText {#text} at (242,0) size 131x18
            text run at (242,0) width 131: "CSS selectors test"
        LayoutText {#text} at (373,0) size 133x18
          text run at (373,0) width 133: ". See more info on "
        LayoutInline {A} at (0,0) size 111x18 [color=#0000EE]
          LayoutText {#text} at (506,0) size 111x18
            text run at (506,0) width 111: "CSS3 selectors"
        LayoutText {#text} at (617,0) size 4x18
          text run at (617,0) width 4: "."
      LayoutBlockFlow {DIV} at (0,35) size 769x0 [bgcolor=#009900]
      LayoutBlockFlow {OL} at (0,35) size 769x1434
        LayoutListItem {LI} at (40,0) size 615.19x219 [bgcolor=#AAAAAA]
          LayoutBlockFlow {DIV} at (16,16) size 583.19x24 [bgcolor=#990000]
            LayoutBlockFlow {DIV} at (0,0) size 583.19x24 [bgcolor=#009900]
          LayoutBlockFlow {PRE} at (16,53) size 583.19x80 [bgcolor=#FFFFFF]
            LayoutListMarker (anonymous) at (-33,6.50) size 17x18: "1"
            LayoutText {#text} at (6,9) size 281x65
              text run at (6,9) width 145: "div:only-of-type {"
              text run at (150,9) width 1: " "
              text run at (6,25) width 9: "}"
              text run at (14,25) width 1: " "
              text run at (6,41) width 1: " "
              text run at (6,57) width 281: "<div>Does this element match?</div>"
          LayoutBlockFlow {P} at (16,149) size 583.19x38
            LayoutText {#text} at (0,0) size 551x37
              text run at (0,0) width 551: "The CSS selector should match the marked div element, because it is the only"
              text run at (0,19) width 137: "element of this type"
        LayoutListItem {LI} at (40,267) size 615.19x235 [bgcolor=#AAAAAA]
          LayoutBlockFlow {DIV} at (16,16) size 583.19x24 [bgcolor=#990000]
            LayoutBlockFlow {DIV} at (0,0) size 583.19x24 [bgcolor=#009900]
            LayoutBlockFlow {BLOCKQUOTE} at (0,24) size 583.19x0 [bgcolor=#009900]
          LayoutBlockFlow {PRE} at (16,53) size 583.19x96 [bgcolor=#FFFFFF]
            LayoutListMarker (anonymous) at (-33,6.50) size 17x18: "2"
            LayoutText {#text} at (6,9) size 281x81
              text run at (6,9) width 145: "div:only-of-type {"
              text run at (150,9) width 1: " "
              text run at (6,25) width 9: "}"
              text run at (14,25) width 1: " "
              text run at (6,41) width 1: " "
              text run at (6,57) width 281: "<div>Does this element match?</div>"
              text run at (286,57) width 1: " "
              text run at (6,73) width 201: "<blockquote></blockquote>"
          LayoutBlockFlow {P} at (16,165) size 583.19x38
            LayoutText {#text} at (0,0) size 551x37
              text run at (0,0) width 551: "The CSS selector should match the marked div element, because it is the only"
              text run at (0,19) width 137: "element of this type"
        LayoutListItem {LI} at (40,550) size 615.19x267 [bgcolor=#AAAAAA]
          LayoutBlockFlow {DIV} at (16,16) size 583.19x24 [bgcolor=#990000]
            LayoutBlockFlow {DIV} at (0,0) size 583.19x24 [bgcolor=#009900]
            LayoutBlockFlow {BLOCKQUOTE} at (0,24) size 583.19x0 [bgcolor=#009900]
              LayoutBlockFlow {DIV} at (0,0) size 583.19x0
          LayoutBlockFlow {PRE} at (16,53) size 583.19x128 [bgcolor=#FFFFFF]
            LayoutListMarker (anonymous) at (-33,6.50) size 17x18: "3"
            LayoutText {#text} at (6,9) size 281x113
              text run at (6,9) width 145: "div:only-of-type {"
              text run at (150,9) width 1: " "
              text run at (6,25) width 9: "}"
              text run at (14,25) width 1: " "
              text run at (6,41) width 1: " "
              text run at (6,57) width 281: "<div>Does this element match?</div>"
              text run at (286,57) width 1: " "
              text run at (6,73) width 97: "<blockquote>"
              text run at (102,73) width 1: " "
              text run at (6,89) width 113: "   <div></div>"
              text run at (118,89) width 1: " "
              text run at (6,105) width 105: "</blockquote>"
          LayoutBlockFlow {P} at (16,197) size 583.19x38
            LayoutText {#text} at (0,0) size 551x37
              text run at (0,0) width 551: "The CSS selector should match the marked div element, because it is the only"
              text run at (0,19) width 230: "element of this type in this scope"
        LayoutListItem {LI} at (40,865) size 615.19x235 [bgcolor=#AAAAAA]
          LayoutBlockFlow {DIV} at (16,16) size 583.19x24 [bgcolor=#009900]
            LayoutBlockFlow {DIV} at (0,0) size 583.19x24
            LayoutBlockFlow {DIV} at (0,24) size 583.19x0
          LayoutBlockFlow {PRE} at (16,53) size 583.19x96 [bgcolor=#FFFFFF]
            LayoutListMarker (anonymous) at (-33,6.50) size 17x18: "4"
            LayoutText {#text} at (6,9) size 281x81
              text run at (6,9) width 145: "div:only-of-type {"
              text run at (150,9) width 1: " "
              text run at (6,25) width 9: "}"
              text run at (14,25) width 1: " "
              text run at (6,41) width 1: " "
              text run at (6,57) width 281: "<div>Does this element match?</div>"
              text run at (286,57) width 1: " "
              text run at (6,73) width 89: "<div></div>"
          LayoutBlockFlow {P} at (16,165) size 583.19x38
            LayoutText {#text} at (0,0) size 569x37
              text run at (0,0) width 569: "The CSS selector should not match the marked div element, because it is not the"
              text run at (0,19) width 171: "only element of this type"
        LayoutListItem {LI} at (40,1148) size 615.19x286 [bgcolor=#AAAAAA]
          LayoutBlockFlow {DIV} at (16,16) size 583.19x24 [bgcolor=#009900]
            LayoutBlockFlow {DIV} at (0,0) size 583.19x24
            LayoutBlockFlow {DIV} at (0,24) size 583.19x0
          LayoutBlockFlow {PRE} at (16,53) size 583.19x128 [bgcolor=#FFFFFF]
            LayoutListMarker (anonymous) at (-33,6.50) size 17x18: "5"
            LayoutText {#text} at (6,9) size 481x113
              text run at (6,9) width 145: "div:only-of-type {"
              text run at (150,9) width 1: " "
              text run at (6,25) width 9: "}"
              text run at (14,25) width 1: " "
              text run at (6,41) width 1: " "
              text run at (6,57) width 225: "<div id='appendChild'></div>"
              text run at (230,57) width 1: " "
              text run at (6,73) width 1: " "
              text run at (6,89) width 385: "var ib = document.getElementById('appendChild');"
              text run at (390,89) width 1: " "
              text run at (6,105) width 481: "ib.parentElement.appendChild(document.createElement(\"div\"));"
          LayoutBlockFlow {P} at (16,197) size 583.19x57
            LayoutText {#text} at (0,0) size 569x56
              text run at (0,0) width 521: "The CSS selector should not match the original div element, because it is "
              text run at (521,0) width 48: "not the"
              text run at (0,19) width 512: "only of its type anymore after another child with the same type is append "
              text run at (512,19) width 43: "by the"
              text run at (0,38) width 115: "Javascript code."
