layer at (0,0) size 800x600
  LayoutView at (0,0) size 800x600
layer at (0,0) size 800x600
  LayoutBlockFlow {HTML} at (0,0) size 800x600
    LayoutBlockFlow {BODY} at (8,8) size 784x576
      LayoutBlockFlow {P} at (0,0) size 784x20
        LayoutText {#text} at (0,0) size 52x19
          text run at (0,0) width 52: "Bullets: "
        LayoutInline {SPAN} at (0,0) size 18x19
          LayoutText {#text} at (52,0) size 18x19
            text run at (52,0) width 18: "\x{2022}\x{2022}\x{2022}"
        LayoutText {#text} at (70,0) size 4x19
          text run at (70,0) width 4: "."
      LayoutBlockFlow {P} at (0,36) size 784x20
        LayoutText {#text} at (0,0) size 58x19
          text run at (0,0) width 58: "Squares: "
        LayoutInline {SPAN} at (0,0) size 30x19
          LayoutText {#text} at (58,0) size 30x19
            text run at (58,0) width 30: "\x{25A0}\x{25A0}\x{25A0}"
        LayoutText {#text} at (88,0) size 4x19
          text run at (88,0) width 4: "."
      LayoutBlockFlow {P} at (0,72) size 784x20
        LayoutText {#text} at (0,0) size 52x19
          text run at (0,0) width 52: "Circles: "
        LayoutInline {SPAN} at (0,0) size 18x19
          LayoutText {#text} at (52,0) size 18x19
            text run at (52,0) width 18: "\x{25E6}\x{25E6}\x{25E6}"
        LayoutText {#text} at (70,0) size 4x19
          text run at (70,0) width 4: "."
      LayoutBlockFlow {P} at (0,108) size 784x20
        LayoutText {#text} at (0,0) size 81x19
          text run at (0,0) width 81: "Plain letters: "
        LayoutInline {SPAN} at (0,0) size 24x19
          LayoutText {#text} at (81,0) size 24x19
            text run at (81,0) width 24: "xxx"
        LayoutText {#text} at (105,0) size 4x19
          text run at (105,0) width 4: "."
      LayoutBlockFlow {P} at (0,144) size 784x20
        LayoutText {#text} at (0,0) size 109x19
          text run at (0,0) width 109: "Bullets (invalid): "
        LayoutInline {SPAN} at (0,0) size 18x19
          LayoutText {#text} at (109,0) size 18x19
            text run at (109,0) width 18: "\x{2022}\x{2022}\x{2022}"
        LayoutText {#text} at (127,0) size 4x19
          text run at (127,0) width 4: "."
      LayoutBlockFlow {P} at (0,180) size 784x20
        LayoutText {#text} at (0,0) size 120x19
          text run at (0,0) width 120: "Bullets (dynamic): "
        LayoutInline {SPAN} at (0,0) size 18x19
          LayoutText {#text} at (120,0) size 18x19
            text run at (120,0) width 18: "\x{2022}\x{2022}\x{2022}"
        LayoutText {#text} at (138,0) size 4x19
          text run at (138,0) width 4: "."
