layer at (0,0) size 800x600
  LayoutView at (0,0) size 800x600
layer at (0,0) size 800x380
  LayoutBlockFlow {HTML} at (0,0) size 800x380
    LayoutBlockFlow {BODY} at (8,16) size 784x348
      LayoutBlockFlow {P} at (0,0) size 784x20
        LayoutText {#text} at (0,0) size 307x19
          text run at (0,0) width 307: "This test is a basic check for using text-overflow."
      LayoutBlockFlow {P} at (0,36) size 784x108
        LayoutText {#text} at (0,0) size 481x19
          text run at (0,0) width 481: "Apply \"text-overflow:clip\" to inputs. The following input should be clipped:"
        LayoutBR {BR} at (481,0) size 0x19
        LayoutTextControl {INPUT} at (0,20) size 181x22 [bgcolor=#FFFFFF] [border: (2px inset #EEEEEE)]
        LayoutText {#text} at (181,21) size 4x19
          text run at (181,21) width 4: " "
        LayoutTextControl {INPUT} at (185,20) size 183x22 [bgcolor=#FFFFFF] [border: (2px inset #EEEEEE)]
          LayoutFlexibleBox {DIV} at (3,3) size 177x16
            LayoutBlockFlow {DIV} at (0,0) size 164x16
        LayoutText {#text} at (368,21) size 4x19
          text run at (368,21) width 4: " "
        LayoutTextControl {INPUT} at (372,20) size 181x22 [bgcolor=#FFFFFF] [border: (2px inset #EEEEEE)]
        LayoutText {#text} at (553,21) size 4x19
          text run at (553,21) width 4: " "
        LayoutTextControl {INPUT} at (557,20) size 183x22 [bgcolor=#FFFFFF] [border: (2px inset #EEEEEE)]
          LayoutFlexibleBox {DIV} at (3,3) size 177x16
            LayoutBlockFlow {DIV} at (0,0) size 164x16
        LayoutText {#text} at (0,0) size 0x0
        LayoutTextControl {INPUT} at (0,42) size 181x22 [bgcolor=#FFFFFF] [border: (2px inset #EEEEEE)]
        LayoutBR {BR} at (181,43) size 0x19
        LayoutTextControl {INPUT} at (0,64) size 181x22 [bgcolor=#FFFFFF] [border: (2px inset #EEEEEE)]
        LayoutText {#text} at (181,65) size 4x19
          text run at (181,65) width 4: " "
        LayoutTextControl {INPUT} at (185,64) size 183x22 [bgcolor=#FFFFFF] [border: (2px inset #EEEEEE)]
          LayoutFlexibleBox {DIV} at (3,3) size 177x16
            LayoutBlockFlow {DIV} at (12,0) size 165x16
        LayoutText {#text} at (368,65) size 4x19
          text run at (368,65) width 4: " "
        LayoutTextControl {INPUT} at (372,64) size 181x22 [bgcolor=#FFFFFF] [border: (2px inset #EEEEEE)]
        LayoutText {#text} at (553,65) size 4x19
          text run at (553,65) width 4: " "
        LayoutTextControl {INPUT} at (557,64) size 183x22 [bgcolor=#FFFFFF] [border: (2px inset #EEEEEE)]
          LayoutFlexibleBox {DIV} at (3,3) size 177x16
            LayoutBlockFlow {DIV} at (12,0) size 165x16
        LayoutText {#text} at (0,0) size 0x0
        LayoutTextControl {INPUT} at (0,86) size 181x22 [bgcolor=#FFFFFF] [border: (2px inset #EEEEEE)]
        LayoutText {#text} at (0,0) size 0x0
      LayoutBlockFlow {P} at (0,160) size 784x108
        LayoutText {#text} at (0,0) size 536x19
          text run at (0,0) width 536: "Apply \"text-overflow:ellipsis\" to inputs. The following input should show an ellipsis:"
        LayoutBR {BR} at (536,0) size 0x19
        LayoutTextControl {INPUT} at (0,20) size 181x22 [bgcolor=#FFFFFF] [border: (2px inset #EEEEEE)]
        LayoutText {#text} at (181,21) size 4x19
          text run at (181,21) width 4: " "
        LayoutTextControl {INPUT} at (185,20) size 183x22 [bgcolor=#FFFFFF] [border: (2px inset #EEEEEE)]
          LayoutFlexibleBox {DIV} at (3,3) size 177x16
            LayoutBlockFlow {DIV} at (0,0) size 164x16
        LayoutText {#text} at (368,21) size 4x19
          text run at (368,21) width 4: " "
        LayoutTextControl {INPUT} at (372,20) size 181x22 [bgcolor=#FFFFFF] [border: (2px inset #EEEEEE)]
        LayoutText {#text} at (553,21) size 4x19
          text run at (553,21) width 4: " "
        LayoutTextControl {INPUT} at (557,20) size 183x22 [bgcolor=#FFFFFF] [border: (2px inset #EEEEEE)]
          LayoutFlexibleBox {DIV} at (3,3) size 177x16
            LayoutBlockFlow {DIV} at (0,0) size 164x16
        LayoutText {#text} at (0,0) size 0x0
        LayoutTextControl {INPUT} at (0,42) size 181x22 [bgcolor=#FFFFFF] [border: (2px inset #EEEEEE)]
        LayoutBR {BR} at (181,43) size 0x19
        LayoutTextControl {INPUT} at (0,64) size 181x22 [bgcolor=#FFFFFF] [border: (2px inset #EEEEEE)]
        LayoutText {#text} at (181,65) size 4x19
          text run at (181,65) width 4: " "
        LayoutTextControl {INPUT} at (185,64) size 183x22 [bgcolor=#FFFFFF] [border: (2px inset #EEEEEE)]
          LayoutFlexibleBox {DIV} at (3,3) size 177x16
            LayoutBlockFlow {DIV} at (12,0) size 165x16
        LayoutText {#text} at (368,65) size 4x19
          text run at (368,65) width 4: " "
        LayoutTextControl {INPUT} at (372,64) size 181x22 [bgcolor=#FFFFFF] [border: (2px inset #EEEEEE)]
        LayoutText {#text} at (553,65) size 4x19
          text run at (553,65) width 4: " "
        LayoutTextControl {INPUT} at (557,64) size 183x22 [bgcolor=#FFFFFF] [border: (2px inset #EEEEEE)]
          LayoutFlexibleBox {DIV} at (3,3) size 177x16
            LayoutBlockFlow {DIV} at (12,0) size 165x16
        LayoutText {#text} at (0,0) size 0x0
        LayoutTextControl {INPUT} at (0,86) size 181x22 [bgcolor=#FFFFFF] [border: (2px inset #EEEEEE)]
        LayoutText {#text} at (0,0) size 0x0
      LayoutBlockFlow {P} at (0,284) size 784x64
        LayoutText {#text} at (0,0) size 233x19
          text run at (0,0) width 233: "Dynamic style change text-overflow:"
        LayoutBR {BR} at (233,0) size 0x19
        LayoutText {#text} at (0,21) size 239x19
          text run at (0,21) width 239: "Clip to ellipsis (should show ellipsis): "
        LayoutTextControl {INPUT} at (239,20) size 181x22 [bgcolor=#FFFFFF] [border: (2px inset #EEEEEE)]
        LayoutText {#text} at (420,21) size 4x19
          text run at (420,21) width 4: " "
        LayoutTextControl {INPUT} at (424,20) size 181x22 [bgcolor=#FFFFFF] [border: (2px inset #EEEEEE)]
        LayoutText {#text} at (605,21) size 4x19
          text run at (605,21) width 4: " "
        LayoutBR {BR} at (0,0) size 0x0
        LayoutText {#text} at (0,43) size 262x19
          text run at (0,43) width 262: "Ellipsis to clip (should not show ellipsis): "
        LayoutTextControl {INPUT} at (262,42) size 181x22 [bgcolor=#FFFFFF] [border: (2px inset #EEEEEE)]
        LayoutText {#text} at (443,43) size 4x19
          text run at (443,43) width 4: " "
        LayoutTextControl {INPUT} at (447,42) size 181x22 [bgcolor=#FFFFFF] [border: (2px inset #EEEEEE)]
        LayoutText {#text} at (628,43) size 4x19
          text run at (628,43) width 4: " "
        LayoutBR {BR} at (0,0) size 0x0
layer at (10,75) size 177x16 scrollWidth 317
  LayoutBlockFlow {DIV} at (2,3) size 177x16 [color=#757575]
    LayoutText {#text} at (0,0) size 317x16
      text run at (0,0) width 317: "Lorem ipsum dolor sit amet, consectetur adipiscing elit"
layer at (10,75) size 177x16
  LayoutBlockFlow {DIV} at (2,3) size 177x16
layer at (196,75) size 164x16 scrollWidth 317
  LayoutBlockFlow {DIV} at (3,3) size 164x16 [color=#757575]
    LayoutText {#text} at (0,0) size 317x16
      text run at (0,0) width 317: "Lorem ipsum dolor sit amet, consectetur adipiscing elit"
layer at (196,75) size 164x16
  LayoutBlockFlow {DIV} at (0,0) size 164x16
layer at (382,75) size 177x16 scrollWidth 318
  LayoutBlockFlow {DIV} at (2,3) size 177x16
    LayoutText {#text} at (0,0) size 317x16
      text run at (0,0) width 317: "Lorem ipsum dolor sit amet, consectetur adipiscing elit"
layer at (568,75) size 164x16 scrollWidth 318
  LayoutBlockFlow {DIV} at (0,0) size 164x16
    LayoutText {#text} at (0,0) size 317x16
      text run at (0,0) width 317: "Lorem ipsum dolor sit amet, consectetur adipiscing elit"
layer at (10,97) size 177x16 scrollWidth 276
  LayoutBlockFlow {DIV} at (2,3) size 177x16
    LayoutText {#text} at (0,0) size 275x16
      text run at (0,0) width 275: "\x{2022}\x{2022}\x{2022}\x{2022}\x{2022}\x{2022}\x{2022}\x{2022}\x{2022}\x{2022}\x{2022}\x{2022}\x{2022}\x{2022}\x{2022}\x{2022}\x{2022}\x{2022}\x{2022}\x{2022}\x{2022}\x{2022}\x{2022}\x{2022}\x{2022}\x{2022}\x{2022}\x{2022}\x{2022}\x{2022}\x{2022}\x{2022}\x{2022}\x{2022}\x{2022}\x{2022}\x{2022}\x{2022}\x{2022}\x{2022}\x{2022}\x{2022}\x{2022}\x{2022}\x{2022}\x{2022}\x{2022}\x{2022}\x{2022}\x{2022}\x{2022}\x{2022}\x{2022}\x{2022}\x{2022}"
layer at (10,119) size 177x16 scrollX 140.00 scrollWidth 317
  LayoutBlockFlow {DIV} at (2,3) size 177x16 [color=#757575]
    LayoutText {#text} at (-140,0) size 317x16
      text run at (-140,0) width 317: "Lorem ipsum dolor sit amet, consectetur adipiscing elit"
layer at (10,119) size 177x16
  LayoutBlockFlow {DIV} at (2,3) size 177x16
layer at (208,119) size 165x16 scrollX 152.00 scrollWidth 317
  LayoutBlockFlow {DIV} at (15,3) size 165x16 [color=#757575]
    LayoutText {#text} at (-152,0) size 317x16
      text run at (-152,0) width 317: "Lorem ipsum dolor sit amet, consectetur adipiscing elit"
layer at (208,119) size 165x16
  LayoutBlockFlow {DIV} at (0,0) size 165x16
layer at (382,119) size 177x16 scrollX 140.00 scrollWidth 317
  LayoutBlockFlow {DIV} at (2,3) size 177x16
    LayoutText {#text} at (-140,0) size 317x16
      text run at (-140,0) width 317: "Lorem ipsum dolor sit amet, consectetur adipiscing elit"
layer at (580,119) size 165x16 scrollX 152.00 scrollWidth 317
  LayoutBlockFlow {DIV} at (0,0) size 165x16
    LayoutText {#text} at (-152,0) size 317x16
      text run at (-152,0) width 317: "Lorem ipsum dolor sit amet, consectetur adipiscing elit"
layer at (10,141) size 177x16 scrollX 98.00 scrollWidth 275
  LayoutBlockFlow {DIV} at (2,3) size 177x16
    LayoutText {#text} at (-98,0) size 275x16
      text run at (-98,0) width 275 RTL: "\x{2022}\x{2022}\x{2022}\x{2022}\x{2022}\x{2022}\x{2022}\x{2022}\x{2022}\x{2022}\x{2022}\x{2022}\x{2022}\x{2022}\x{2022}\x{2022}\x{2022}\x{2022}\x{2022}\x{2022}\x{2022}\x{2022}\x{2022}\x{2022}\x{2022}\x{2022}\x{2022}\x{2022}\x{2022}\x{2022}\x{2022}\x{2022}\x{2022}\x{2022}\x{2022}\x{2022}\x{2022}\x{2022}\x{2022}\x{2022}\x{2022}\x{2022}\x{2022}\x{2022}\x{2022}\x{2022}\x{2022}\x{2022}\x{2022}\x{2022}\x{2022}\x{2022}\x{2022}\x{2022}\x{2022}"
layer at (10,199) size 177x16 scrollWidth 317
  LayoutBlockFlow {DIV} at (2,3) size 177x16 [color=#757575]
    LayoutText {#text} at (0,0) size 317x16
      text run at (0,0) width 317: "Lorem ipsum dolor sit amet, consectetur adipiscing elit"
layer at (10,199) size 177x16
  LayoutBlockFlow {DIV} at (2,3) size 177x16
layer at (196,199) size 164x16 scrollWidth 317
  LayoutBlockFlow {DIV} at (3,3) size 164x16 [color=#757575]
    LayoutText {#text} at (0,0) size 317x16
      text run at (0,0) width 317: "Lorem ipsum dolor sit amet, consectetur adipiscing elit"
layer at (196,199) size 164x16
  LayoutBlockFlow {DIV} at (0,0) size 164x16
layer at (382,199) size 177x16 scrollWidth 318
  LayoutBlockFlow {DIV} at (2,3) size 177x16
    LayoutText {#text} at (0,0) size 317x16
      text run at (0,0) width 317: "Lorem ipsum dolor sit amet, consectetur adipiscing elit"
layer at (568,199) size 164x16 scrollWidth 318
  LayoutBlockFlow {DIV} at (0,0) size 164x16
    LayoutText {#text} at (0,0) size 317x16
      text run at (0,0) width 317: "Lorem ipsum dolor sit amet, consectetur adipiscing elit"
layer at (10,221) size 177x16 scrollWidth 276
  LayoutBlockFlow {DIV} at (2,3) size 177x16
    LayoutText {#text} at (0,0) size 275x16
      text run at (0,0) width 275: "\x{2022}\x{2022}\x{2022}\x{2022}\x{2022}\x{2022}\x{2022}\x{2022}\x{2022}\x{2022}\x{2022}\x{2022}\x{2022}\x{2022}\x{2022}\x{2022}\x{2022}\x{2022}\x{2022}\x{2022}\x{2022}\x{2022}\x{2022}\x{2022}\x{2022}\x{2022}\x{2022}\x{2022}\x{2022}\x{2022}\x{2022}\x{2022}\x{2022}\x{2022}\x{2022}\x{2022}\x{2022}\x{2022}\x{2022}\x{2022}\x{2022}\x{2022}\x{2022}\x{2022}\x{2022}\x{2022}\x{2022}\x{2022}\x{2022}\x{2022}\x{2022}\x{2022}\x{2022}\x{2022}\x{2022}"
layer at (10,243) size 177x16 scrollX 140.00 scrollWidth 317
  LayoutBlockFlow {DIV} at (2,3) size 177x16 [color=#757575]
    LayoutText {#text} at (-140,0) size 317x16
      text run at (-140,0) width 317: "Lorem ipsum dolor sit amet, consectetur adipiscing elit"
layer at (10,243) size 177x16
  LayoutBlockFlow {DIV} at (2,3) size 177x16
layer at (208,243) size 165x16 scrollX 152.00 scrollWidth 317
  LayoutBlockFlow {DIV} at (15,3) size 165x16 [color=#757575]
    LayoutText {#text} at (-152,0) size 317x16
      text run at (-152,0) width 317: "Lorem ipsum dolor sit amet, consectetur adipiscing elit"
layer at (208,243) size 165x16
  LayoutBlockFlow {DIV} at (0,0) size 165x16
layer at (382,243) size 177x16 scrollX 140.00 scrollWidth 317
  LayoutBlockFlow {DIV} at (2,3) size 177x16
    LayoutText {#text} at (-140,0) size 317x16
      text run at (-140,0) width 317: "Lorem ipsum dolor sit amet, consectetur adipiscing elit"
layer at (580,243) size 165x16 scrollX 152.00 scrollWidth 317
  LayoutBlockFlow {DIV} at (0,0) size 165x16
    LayoutText {#text} at (-152,0) size 317x16
      text run at (-152,0) width 317: "Lorem ipsum dolor sit amet, consectetur adipiscing elit"
layer at (10,265) size 177x16 scrollX 98.00 scrollWidth 275
  LayoutBlockFlow {DIV} at (2,3) size 177x16
    LayoutText {#text} at (-98,0) size 275x16
      text run at (-98,0) width 275 RTL: "\x{2022}\x{2022}\x{2022}\x{2022}\x{2022}\x{2022}\x{2022}\x{2022}\x{2022}\x{2022}\x{2022}\x{2022}\x{2022}\x{2022}\x{2022}\x{2022}\x{2022}\x{2022}\x{2022}\x{2022}\x{2022}\x{2022}\x{2022}\x{2022}\x{2022}\x{2022}\x{2022}\x{2022}\x{2022}\x{2022}\x{2022}\x{2022}\x{2022}\x{2022}\x{2022}\x{2022}\x{2022}\x{2022}\x{2022}\x{2022}\x{2022}\x{2022}\x{2022}\x{2022}\x{2022}\x{2022}\x{2022}\x{2022}\x{2022}\x{2022}\x{2022}\x{2022}\x{2022}\x{2022}\x{2022}"
layer at (249,323) size 177x16 scrollWidth 317
  LayoutBlockFlow {DIV} at (2,3) size 177x16 [color=#757575]
    LayoutText {#text} at (0,0) size 317x16
      text run at (0,0) width 317: "Lorem ipsum dolor sit amet, consectetur adipiscing elit"
layer at (249,323) size 177x16
  LayoutBlockFlow {DIV} at (2,3) size 177x16
layer at (434,323) size 177x16 scrollWidth 318
  LayoutBlockFlow {DIV} at (2,3) size 177x16
    LayoutText {#text} at (0,0) size 317x16
      text run at (0,0) width 317: "Lorem ipsum dolor sit amet, consectetur adipiscing elit"
layer at (272,345) size 177x16 scrollWidth 317
  LayoutBlockFlow {DIV} at (2,3) size 177x16 [color=#757575]
    LayoutText {#text} at (0,0) size 317x16
      text run at (0,0) width 317: "Lorem ipsum dolor sit amet, consectetur adipiscing elit"
layer at (272,345) size 177x16
  LayoutBlockFlow {DIV} at (2,3) size 177x16
layer at (457,345) size 177x16 scrollWidth 318
  LayoutBlockFlow {DIV} at (2,3) size 177x16
    LayoutText {#text} at (0,0) size 317x16
      text run at (0,0) width 317: "Lorem ipsum dolor sit amet, consectetur adipiscing elit"
layer at (361,79) size 9x9 transparent
  LayoutBlockFlow {DIV} at (165,3.50) size 9x9
layer at (733,79) size 9x9 transparent
  LayoutBlockFlow {DIV} at (165,3.50) size 9x9
layer at (196,123) size 9x9 transparent
  LayoutBlockFlow {DIV} at (0,3.50) size 9x9
layer at (568,123) size 9x9 transparent
  LayoutBlockFlow {DIV} at (0,3.50) size 9x9
layer at (361,203) size 9x9 transparent
  LayoutBlockFlow {DIV} at (165,3.50) size 9x9
layer at (733,203) size 9x9 transparent
  LayoutBlockFlow {DIV} at (165,3.50) size 9x9
layer at (196,247) size 9x9 transparent
  LayoutBlockFlow {DIV} at (0,3.50) size 9x9
layer at (568,247) size 9x9 transparent
  LayoutBlockFlow {DIV} at (0,3.50) size 9x9
