layer at (0,0) size 800x600
  LayoutView at (0,0) size 800x600
layer at (0,0) size 800x600
  LayoutBlockFlow {HTML} at (0,0) size 800x600
    LayoutBlockFlow {BODY} at (8,8) size 784x584
      LayoutInline {SPAN} at (0,0) size 652x139
        LayoutText {#text} at (0,1) size 652x139
          text run at (0,1) width 652: "fin LYAWA (No kerning or"
          text run at (0,72) width 228: "ligatures)"
      LayoutText {#text} at (228,111) size 4x19
        text run at (228,111) width 4: " "
      LayoutBR {BR} at (232,126) size 0x0
      LayoutInline {SPAN} at (0,0) size 652x139
        LayoutText {#text} at (0,143) size 652x139
          text run at (0,143) width 652: "fin LYAWA (No kerning or"
          text run at (0,214) width 228: "ligatures)"
      LayoutText {#text} at (228,253) size 4x19
        text run at (228,253) width 4: " "
      LayoutBR {BR} at (232,268) size 0x0
      LayoutInline {SPAN} at (0,0) size 611x139
        LayoutText {#text} at (0,285) size 611x139
          text run at (0,285) width 611: "fin LYAWA (Kerning and"
          text run at (0,356) width 228: "ligatures)"
      LayoutText {#text} at (228,395) size 4x19
        text run at (228,395) width 4: " "
      LayoutBR {BR} at (232,410) size 0x0
      LayoutInline {SPAN} at (0,0) size 611x139
        LayoutText {#text} at (0,427) size 611x139
          text run at (0,427) width 611: "fin LYAWA (Kerning and"
          text run at (0,498) width 228: "ligatures)"
      LayoutText {#text} at (228,537) size 4x19
        text run at (228,537) width 4: " "
      LayoutBR {BR} at (232,552) size 0x0
