layer at (0,0) size 800x600
  LayoutView at (0,0) size 800x600
layer at (0,0) size 800x600
  LayoutBlockFlow {HTML} at (0,0) size 800x600
    LayoutBlockFlow {BODY} at (8,8) size 784x572
      LayoutBlockFlow {P} at (0,0) size 784x60
        LayoutText {#text} at (0,0) size 776x59
          text run at (0,0) width 774: "This file tests capitalisation with all sorts of odd things. There is some RTL text, some text with an inlined-div placed inside"
          text run at (0,20) width 776: "a word, an image between words as well as a div between words. Each word below should be capitalised, and there should"
          text run at (0,40) width 232: "be no capitals n the middle of words."
      LayoutBlockFlow {DIV} at (20,80) size 744x120 [border: (5px solid #FF0000)]
        LayoutBlockFlow {DIV} at (25,25) size 694x20
          LayoutText {#text} at (664,0) size 30x19
            text run at (664,0) width 30 RTL override: "Capi"
          LayoutInline {SPAN} at (0,0) size 15x19
            LayoutText {#text} at (649,0) size 15x19
              text run at (649,0) width 15 RTL override: "tal"
          LayoutText {#text} at (632,0) size 17x19
            text run at (632,0) width 17 RTL override: "ise"
        LayoutBlockFlow {DIV} at (25,45) size 694x50
          LayoutBlockFlow (anonymous) at (0,0) size 694x30
            LayoutText {#text} at (0,10) size 31x19
              text run at (0,10) width 31: "A W"
            LayoutInline {DIV} at (0,0) size 13x19
              LayoutText {#text} at (31,10) size 13x19
                text run at (31,10) width 13: "or"
            LayoutText {#text} at (44,10) size 42x19
              text run at (44,10) width 42: "d With"
            LayoutImage {IMG} at (86,0) size 25x25
            LayoutText {#text} at (111,10) size 63x19
              text run at (111,10) width 63: "An Image"
          LayoutBlockFlow {DIV} at (0,30) size 694x0
          LayoutBlockFlow (anonymous) at (0,30) size 694x20
            LayoutText {#text} at (0,0) size 35x19
              text run at (0,0) width 35: "In Be"
            LayoutInline {SPAN} at (0,0) size 16x19
              LayoutText {#text} at (35,0) size 16x19
                text run at (35,0) width 16: "tw"
            LayoutText {#text} at (51,0) size 22x19
              text run at (51,0) width 22: "een"
