layer at (0,0) size 800x600 clip at (0,0) size 785x600 scrollHeight 932
  LayoutView at (0,0) size 800x600
layer at (0,0) size 785x932 backgroundClip at (0,0) size 785x600 clip at (0,0) size 785x600
  LayoutBlockFlow {HTML} at (0,0) size 785x932.47
    LayoutBlockFlow {BODY} at (8,8) size 769x904.47
      LayoutBlockFlow {P} at (0,0) size 769x20
        LayoutText {#text} at (0,0) size 551x19
          text run at (0,0) width 551: "This test checks that text with text-overflow:ellipsis follows 'text-align: justify' correctly."
      LayoutBlockFlow {P} at (0,36) size 769x40
        LayoutText {#text} at (0,0) size 741x39
          text run at (0,0) width 741: "LTR text should be aligned with the left hand side of their box. RTL text should be aligned with the right hand side of"
          text run at (0,20) width 60: "their box."
      LayoutBlockFlow {H3} at (0,94.72) size 769x23
        LayoutText {#text} at (0,0) size 84x22
          text run at (0,0) width 84: "Single line"
      LayoutBlockFlow {H3} at (0,178.44) size 769x23
        LayoutText {#text} at (0,0) size 79x22
          text run at (0,0) width 79: "Multi line"
      LayoutBlockFlow {H3} at (0,322.16) size 769x23
        LayoutText {#text} at (0,0) size 232x22
          text run at (0,0) width 232: "Containing replaced content"
      LayoutBlockFlow {H3} at (0,415.88) size 769x23
        LayoutText {#text} at (0,0) size 396x22
          text run at (0,0) width 396: "Containing replaced content blocking the ellipsis"
      LayoutBlockFlow {H3} at (0,509.59) size 769x23
        LayoutText {#text} at (0,0) size 197x22
          text run at (0,0) width 197: "Right-To-Left single line"
      LayoutBlockFlow {H3} at (0,593.31) size 769x23
        LayoutText {#text} at (0,0) size 196x22
          text run at (0,0) width 196: "Right-To-Left Multi line"
      LayoutBlockFlow {H3} at (0,737.03) size 769x23
        LayoutText {#text} at (0,0) size 343x22
          text run at (0,0) width 343: "Right-To-Left containing replaced content"
      LayoutBlockFlow {H3} at (0,830.75) size 769x23
        LayoutText {#text} at (0,0) size 507x22
          text run at (0,0) width 507: "Right-To-Left containing replaced content blocking the ellipsis"
layer at (8,144) size 310x22 clip at (9,145) size 308x20 scrollWidth 718
  LayoutBlockFlow {DIV} at (0,136.44) size 310x22 [border: (1px solid #000000)]
    LayoutText {#text} at (1,1) size 718x19
      text run at (1,1) width 718: "Lorem ipsum dolor sit amet, consectetur adipiscing elit. Vivamus vitae eros non libero faucibus sagittis sed ut eros."
layer at (8,228) size 310x82 clip at (9,229) size 308x80 scrollWidth 718
  LayoutBlockFlow {DIV} at (0,220.16) size 310x82 [border: (1px solid #000000)]
    LayoutText {#text} at (1,1) size 718x19
      text run at (1,1) width 718: "Lorem ipsum dolor sit amet, consectetur adipiscing elit. Vivamus vitae eros non libero faucibus sagittis sed ut eros."
    LayoutBR {BR} at (0,0) size 0x0
    LayoutText {#text} at (1,21) size 708x19
      text run at (1,21) width 708: "orem ipsum dolor sit amet, consectetur adipiscing elit. Vivamus vitae eros non libero faucibus sagittis sed ut eros."
    LayoutBR {BR} at (0,0) size 0x0
    LayoutText {#text} at (1,41) size 700x19
      text run at (1,41) width 700: "rem ipsum dolor sit amet, consectetur adipiscing elit. Vivamus vitae eros non libero faucibus sagittis sed ut eros."
    LayoutBR {BR} at (0,0) size 0x0
    LayoutText {#text} at (1,61) size 695x19
      text run at (1,61) width 695: "em ipsum dolor sit amet, consectetur adipiscing elit. Vivamus vitae eros non libero faucibus sagittis sed ut eros."
    LayoutBR {BR} at (0,0) size 0x0
layer at (8,372) size 310x32 clip at (9,373) size 308x30 scrollWidth 747
  LayoutBlockFlow {DIV} at (0,363.88) size 310x32 [border: (1px solid #000000)]
    LayoutText {#text} at (1,11) size 181x19
      text run at (1,11) width 181: "Lorem ipsum dolor sit amet, "
    LayoutImage {IMG} at (182,1) size 25x25
    LayoutText {#text} at (207,11) size 541x19
      text run at (207,11) width 541: " consectetur adipiscing elit. Vivamus vitae eros non libero faucibus sagittis sed ut eros."
layer at (8,466) size 310x32 clip at (9,467) size 308x30 scrollWidth 743
  LayoutBlockFlow {DIV} at (0,457.59) size 310x32 [border: (1px solid #000000)]
    LayoutText {#text} at (1,11) size 271x19
      text run at (1,11) width 271: "Lorem ipsum dolor sit amet, consectetur ad"
    LayoutImage {IMG} at (272,1) size 25x25
    LayoutText {#text} at (297,11) size 447x19
      text run at (297,11) width 447: "ipiscing elit. Vivamus vitae eros non libero faucibus sagittis sed ut eros."
layer at (8,559) size 310x22 clip at (9,560) size 308x20 scrollX 410.00 scrollWidth 718
  LayoutBlockFlow {DIV} at (0,551.31) size 310x22 [border: (1px solid #000000)]
    LayoutText {#text} at (-409,1) size 718x19
      text run at (-409,1) width 718 RTL override: "Lorem ipsum dolor sit amet, consectetur adipiscing elit. Vivamus vitae eros non libero faucibus sagittis sed ut eros."
layer at (8,643) size 310x82 backgroundClip at (0,0) size 0x0 clip at (0,0) size 0x0
  LayoutBlockFlow {DIV} at (0,635.03) size 310x82 [border: (1px solid #000000)]
    LayoutText {#text} at (1,1) size 718x19
      text run at (1,1) width 718 RTL override: "Lorem ipsum dolor sit amet, consectetur adipiscing elit. Vivamus vitae eros non libero faucibus sagittis sed ut eros."
    LayoutBR {BR} at (0,0) size 0x0
    LayoutText {#text} at (1,21) size 708x19
      text run at (1,21) width 708 RTL override: "orem ipsum dolor sit amet, consectetur adipiscing elit. Vivamus vitae eros non libero faucibus sagittis sed ut eros."
    LayoutBR {BR} at (0,0) size 0x0
    LayoutText {#text} at (1,41) size 700x19
      text run at (1,41) width 700 RTL override: "rem ipsum dolor sit amet, consectetur adipiscing elit. Vivamus vitae eros non libero faucibus sagittis sed ut eros."
    LayoutBR {BR} at (0,0) size 0x0
    LayoutText {#text} at (1,61) size 695x19
      text run at (1,61) width 695 RTL override: "em ipsum dolor sit amet, consectetur adipiscing elit. Vivamus vitae eros non libero faucibus sagittis sed ut eros."
    LayoutBR {BR} at (0,0) size 0x0
layer at (8,787) size 310x32 backgroundClip at (0,0) size 0x0 clip at (0,0) size 0x0 scrollX 439.00 scrollWidth 747
  LayoutBlockFlow {DIV} at (0,778.75) size 310x32 [border: (1px solid #000000)]
    LayoutText {#text} at (128,11) size 181x19
      text run at (128,11) width 181 RTL override: "Lorem ipsum dolor sit amet, "
    LayoutImage {IMG} at (103,1) size 25x25
    LayoutText {#text} at (-438,11) size 541x19
      text run at (-438,11) width 541 RTL override: " consectetur adipiscing elit. Vivamus vitae eros non libero faucibus sagittis sed ut eros."
layer at (8,880) size 310x32 backgroundClip at (0,0) size 0x0 clip at (0,0) size 0x0 scrollX 435.00 scrollWidth 743
  LayoutBlockFlow {DIV} at (0,872.47) size 310x32 [border: (1px solid #000000)]
    LayoutText {#text} at (38,11) size 271x19
      text run at (38,11) width 271 RTL override: "Lorem ipsum dolor sit amet, consectetur ad"
    LayoutImage {IMG} at (13,1) size 25x25
    LayoutText {#text} at (-434,11) size 447x19
      text run at (-434,11) width 447 RTL override: "ipiscing elit. Vivamus vitae eros non libero faucibus sagittis sed ut eros."
