layer at (0,0) size 800x600
  LayoutView at (0,0) size 800x600
layer at (0,0) size 800x116
  LayoutBlockFlow {HTML} at (0,0) size 800x115.88
    LayoutBlockFlow {BODY} at (8,21.44) size 784x78.44
      LayoutBlockFlow {H1} at (0,0) size 784x37
        LayoutText {#text} at (0,0) size 484x36
          text run at (0,0) width 484: "Testing default translate parameter"
      LayoutBlockFlow {P} at (0,58.44) size 784x20
        LayoutText {#text} at (0,0) size 577x19
          text run at (0,0) width 577: "There should be blue and green boxes shown. If there is a red box visible, the test has failed"
layer at (500,100) size 300x100
  LayoutBlockFlow (positioned) {DIV} at (500,100) size 300x100 [bgcolor=#FF0000]
    LayoutText {#text} at (0,0) size 293x19
      text run at (0,0) width 293: "If you can see this box, then the test has failed."
layer at (100,100) size 300x100
  LayoutBlockFlow (positioned) {DIV} at (100,100) size 300x100 [bgcolor=#0000FF]
    LayoutText {#text} at (0,0) size 270x19
      text run at (0,0) width 270: "This box should be visible (it is translated)."
layer at (500,500) size 300x100
  LayoutBlockFlow (positioned) {DIV} at (500,500) size 300x100 [bgcolor=#008000]
    LayoutText {#text} at (0,0) size 170x19
      text run at (0,0) width 170: "This box should be visible."
