layer at (0,0) size 800x600
  LayoutView at (0,0) size 800x600
layer at (0,0) size 800x600
  LayoutBlockFlow {HTML} at (0,0) size 800x600
    LayoutBlockFlow {BODY} at (8,8) size 784x576
      LayoutBlockFlow {DIV} at (0,0) size 784x20
        LayoutInline {SPAN} at (0,0) size 249x19
          LayoutText {#text} at (0,0) size 249x19
            text run at (0,0) width 249: "This should not turn red when hovered."
        LayoutText {#text} at (0,0) size 0x0
      LayoutBlockFlow {P} at (0,46) size 784x40
        LayoutText {#text} at (0,0) size 52x19
          text run at (0,0) width 52: "Test for "
        LayoutInline {I} at (0,0) size 546x19
          LayoutInline {A} at (0,0) size 347x19 [color=#0000EE]
            LayoutText {#text} at (52,0) size 347x19
              text run at (52,0) width 347: "http://bugzilla.opendarwin.org/show_bug.cgi?id=7218"
          LayoutText {#text} at (399,0) size 199x19
            text run at (399,0) width 199: " Text underlined on mouse over"
        LayoutText {#text} at (598,0) size 98x19
          text run at (598,0) width 98: ". This tests that "
        LayoutInline {CODE} at (0,0) size 56x16
          LayoutText {#text} at (696,3) size 56x16
            text run at (696,3) width 56: "*:hover"
        LayoutText {#text} at (0,20) size 256x19
          text run at (0,20) width 256: "does not match anything in quirks mode."
layer at (8,36) size 784x2 clip at (0,0) size 0x0
  LayoutBlockFlow {HR} at (0,28) size 784x2 [border: (1px inset #EEEEEE)]
caret: position 1 of child 0 {#text} of child 1 {SPAN} of child 1 {DIV} of body
