layer at (0,0) size 800x600 scrollWidth 2053 scrollHeight 2576
  LayoutView at (0,0) size 800x600
layer at (0,0) size 800x2576 backgroundClip at (0,0) size 800x600 clip at (0,0) size 800x600
  LayoutBlockFlow {HTML} at (0,0) size 800x2576.28
    LayoutBlockFlow {BODY} at (8,8) size 784x2560.28
      LayoutBlockFlow {H2} at (0,0) size 784x27
        LayoutText {#text} at (0,0) size 138x26
          text run at (0,0) width 138: "word-spacing"
      LayoutBlockFlow (anonymous) at (0,46.91) size 784x208.41
        LayoutBlockFlow (floating) {PRE} at (0,13) size 1224x182.41
          LayoutBlockFlow {H3} at (0,15.20) size 1224x17
            LayoutText {#text} at (0,0) size 204x17
              text run at (0,0) width 204: "In a floated pre"
          LayoutBlockFlow (anonymous) at (0,47.41) size 1224x135
            LayoutText {#text} at (0,0) size 260x33
              text run at (0,0) width 0: " "
              text run at (0,17) width 260: "Word   spacing test "
            LayoutInline {EM} at (0,0) size 24x17
              LayoutText {#text} at (260,16) size 24x17
                text run at (260,16) width 24: "for"
            LayoutText {#text} at (304,17) size 8x16
              text run at (304,17) width 8: " "
            LayoutInline {STRONG} at (0,0) size 64x16
              LayoutText {#text} at (312,17) size 64x16
                text run at (312,17) width 64: "elements"
            LayoutText {#text} at (396,17) size 8x16
              text run at (396,17) width 8: " "
            LayoutInline {TT} at (0,0) size 48x16
              LayoutText {#text} at (404,17) size 48x16
                text run at (404,17) width 48: "within"
            LayoutText {#text} at (472,17) size 624x33
              text run at (472,17) width 132: " elements too."
              text run at (624,17) width 0: " "
              text run at (0,34) width 260: "Word   spacing test "
            LayoutInline {EM} at (0,0) size 24x17
              LayoutText {#text} at (260,33) size 24x17
                text run at (260,33) width 24: "for"
            LayoutText {#text} at (304,34) size 8x16
              text run at (304,34) width 8: " "
            LayoutInline {STRONG} at (0,0) size 64x16
              LayoutText {#text} at (312,34) size 64x16
                text run at (312,34) width 64: "elements"
            LayoutText {#text} at (396,34) size 8x16
              text run at (396,34) width 8: " "
            LayoutInline {TT} at (0,0) size 48x16
              LayoutText {#text} at (404,34) size 48x16
                text run at (404,34) width 48: "within"
            LayoutText {#text} at (472,34) size 100x16
              text run at (472,34) width 100: " elements "
            LayoutText {#text} at (572,34) size 1072x33
              text run at (572,34) width 480: " too. (with comment between elements and too)"
              text run at (1072,34) width 0: " "
              text run at (0,51) width 260: "Word   spacing test "
            LayoutInline {EM} at (0,0) size 24x17
              LayoutText {#text} at (260,50) size 24x17
                text run at (260,50) width 24: "for"
            LayoutText {#text} at (304,51) size 8x16
              text run at (304,51) width 8: " "
            LayoutInline {STRONG} at (0,0) size 64x16
              LayoutText {#text} at (312,51) size 64x16
                text run at (312,51) width 64: "elements"
            LayoutText {#text} at (396,51) size 8x16
              text run at (396,51) width 8: " "
            LayoutInline {TT} at (0,0) size 48x16
              LayoutText {#text} at (404,51) size 48x16
                text run at (404,51) width 48: "within"
            LayoutText {#text} at (472,51) size 72x16
              text run at (472,51) width 72: " elements"
            LayoutText {#text} at (564,51) size 1292x33
              text run at (564,51) width 708: " too. (with comment (no preceding space) between elements and too)"
              text run at (1292,51) width 0: " "
              text run at (0,68) width 260: "Word   spacing test "
            LayoutInline {EM} at (0,0) size 24x17
              LayoutText {#text} at (260,67) size 24x17
                text run at (260,67) width 24: "for"
            LayoutText {#text} at (304,68) size 8x16
              text run at (304,68) width 8: " "
            LayoutInline {STRONG} at (0,0) size 64x16
              LayoutText {#text} at (312,68) size 64x16
                text run at (312,68) width 64: "elements"
            LayoutText {#text} at (396,68) size 8x16
              text run at (396,68) width 8: " "
            LayoutInline {TT} at (0,0) size 48x16
              LayoutText {#text} at (404,68) size 48x16
                text run at (404,68) width 48: "within"
            LayoutText {#text} at (472,68) size 100x16
              text run at (472,68) width 100: " elements "
            LayoutText {#text} at (572,68) size 712x16
              text run at (572,68) width 692: "too. (with comment (no trailing space) between elements and too)"
              text run at (1284,68) width 0: " "
            LayoutInline {SPAN} at (0,0) size 376x16
              LayoutText {#text} at (0,85) size 260x16
                text run at (0,85) width 260: "Word   spacing test "
              LayoutInline {EM} at (0,0) size 24x17
                LayoutText {#text} at (260,84) size 24x17
                  text run at (260,84) width 24: "for"
              LayoutText {#text} at (304,85) size 8x16
                text run at (304,85) width 8: " "
              LayoutInline {STRONG} at (0,0) size 64x16
                LayoutText {#text} at (312,85) size 64x16
                  text run at (312,85) width 64: "elements"
            LayoutText {#text} at (396,85) size 8x16
              text run at (396,85) width 8: " "
            LayoutInline {TT} at (0,0) size 48x16
              LayoutText {#text} at (404,85) size 48x16
                text run at (404,85) width 48: "within"
            LayoutText {#text} at (472,85) size 1116x33
              text run at (472,85) width 624: " elements too. (with monospace font from Word to elements)"
              text run at (1116,85) width 0: " "
              text run at (0,102) width 260: "Word   spacing test "
            LayoutInline {SPAN} at (0,0) size 192x16
              LayoutInline {EM} at (0,0) size 24x17
                LayoutText {#text} at (260,101) size 24x17
                  text run at (260,101) width 24: "for"
              LayoutText {#text} at (304,102) size 8x16
                text run at (304,102) width 8: " "
              LayoutInline {STRONG} at (0,0) size 64x16
                LayoutText {#text} at (312,102) size 64x16
                  text run at (312,102) width 64: "elements"
              LayoutText {#text} at (396,102) size 8x16
                text run at (396,102) width 8: " "
              LayoutInline {TT} at (0,0) size 48x16
                LayoutText {#text} at (404,102) size 48x16
                  text run at (404,102) width 48: "within"
            LayoutText {#text} at (472,102) size 1092x33
              text run at (472,102) width 600: " elements too. (with monospace font from for to within)"
              text run at (1092,102) width 0: " "
              text run at (0,119) width 260: "Word   spacing test "
            LayoutInline {EM} at (0,0) size 24x17
              LayoutText {#text} at (260,118) size 24x17
                text run at (260,118) width 24: "for"
            LayoutText {#text} at (304,119) size 8x16
              text run at (304,119) width 8: " "
            LayoutInline {STRONG} at (0,0) size 64x16
              LayoutText {#text} at (312,119) size 64x16
                text run at (312,119) width 64: "elements"
            LayoutText {#text} at (396,119) size 8x16
              text run at (396,119) width 8: " "
            LayoutInline {SPAN} at (0,0) size 192x16
              LayoutInline {TT} at (0,0) size 48x16
                LayoutText {#text} at (404,119) size 48x16
                  text run at (404,119) width 48: "within"
              LayoutText {#text} at (472,119) size 124x16
                text run at (472,119) width 124: " elements too"
            LayoutText {#text} at (596,119) size 512x16
              text run at (596,119) width 492: ". (with monospace font from elements to too)"
              text run at (1108,119) width 0: " "
        LayoutBR {BR} at (1224,0) size 0x19
      LayoutBlockFlow {PRE} at (0,270.52) size 784x167.20
        LayoutBlockFlow {H3} at (0,0) size 784x17
          LayoutText {#text} at (0,0) size 240x17
            text run at (0,0) width 240: "In an un-floated pre"
        LayoutBlockFlow (anonymous) at (0,32.20) size 784x135
          LayoutText {#text} at (0,0) size 260x33
            text run at (0,0) width 0: " "
            text run at (0,17) width 260: "Word   spacing test "
          LayoutInline {EM} at (0,0) size 24x17
            LayoutText {#text} at (260,16) size 24x17
              text run at (260,16) width 24: "for"
          LayoutText {#text} at (304,17) size 8x16
            text run at (304,17) width 8: " "
          LayoutInline {STRONG} at (0,0) size 64x16
            LayoutText {#text} at (312,17) size 64x16
              text run at (312,17) width 64: "elements"
          LayoutText {#text} at (396,17) size 8x16
            text run at (396,17) width 8: " "
          LayoutInline {TT} at (0,0) size 48x16
            LayoutText {#text} at (404,17) size 48x16
              text run at (404,17) width 48: "within"
          LayoutText {#text} at (472,17) size 624x33
            text run at (472,17) width 132: " elements too."
            text run at (624,17) width 0: " "
            text run at (0,34) width 260: "Word   spacing test "
          LayoutInline {EM} at (0,0) size 24x17
            LayoutText {#text} at (260,33) size 24x17
              text run at (260,33) width 24: "for"
          LayoutText {#text} at (304,34) size 8x16
            text run at (304,34) width 8: " "
          LayoutInline {STRONG} at (0,0) size 64x16
            LayoutText {#text} at (312,34) size 64x16
              text run at (312,34) width 64: "elements"
          LayoutText {#text} at (396,34) size 8x16
            text run at (396,34) width 8: " "
          LayoutInline {TT} at (0,0) size 48x16
            LayoutText {#text} at (404,34) size 48x16
              text run at (404,34) width 48: "within"
          LayoutText {#text} at (472,34) size 100x16
            text run at (472,34) width 100: " elements "
          LayoutText {#text} at (572,34) size 1072x33
            text run at (572,34) width 480: " too. (with comment between elements and too)"
            text run at (1072,34) width 0: " "
            text run at (0,51) width 260: "Word   spacing test "
          LayoutInline {EM} at (0,0) size 24x17
            LayoutText {#text} at (260,50) size 24x17
              text run at (260,50) width 24: "for"
          LayoutText {#text} at (304,51) size 8x16
            text run at (304,51) width 8: " "
          LayoutInline {STRONG} at (0,0) size 64x16
            LayoutText {#text} at (312,51) size 64x16
              text run at (312,51) width 64: "elements"
          LayoutText {#text} at (396,51) size 8x16
            text run at (396,51) width 8: " "
          LayoutInline {TT} at (0,0) size 48x16
            LayoutText {#text} at (404,51) size 48x16
              text run at (404,51) width 48: "within"
          LayoutText {#text} at (472,51) size 72x16
            text run at (472,51) width 72: " elements"
          LayoutText {#text} at (564,51) size 1292x33
            text run at (564,51) width 708: " too. (with comment (no preceding space) between elements and too)"
            text run at (1292,51) width 0: " "
            text run at (0,68) width 260: "Word   spacing test "
          LayoutInline {EM} at (0,0) size 24x17
            LayoutText {#text} at (260,67) size 24x17
              text run at (260,67) width 24: "for"
          LayoutText {#text} at (304,68) size 8x16
            text run at (304,68) width 8: " "
          LayoutInline {STRONG} at (0,0) size 64x16
            LayoutText {#text} at (312,68) size 64x16
              text run at (312,68) width 64: "elements"
          LayoutText {#text} at (396,68) size 8x16
            text run at (396,68) width 8: " "
          LayoutInline {TT} at (0,0) size 48x16
            LayoutText {#text} at (404,68) size 48x16
              text run at (404,68) width 48: "within"
          LayoutText {#text} at (472,68) size 100x16
            text run at (472,68) width 100: " elements "
          LayoutText {#text} at (572,68) size 712x16
            text run at (572,68) width 692: "too. (with comment (no trailing space) between elements and too)"
            text run at (1284,68) width 0: " "
          LayoutInline {SPAN} at (0,0) size 376x16
            LayoutText {#text} at (0,85) size 260x16
              text run at (0,85) width 260: "Word   spacing test "
            LayoutInline {EM} at (0,0) size 24x17
              LayoutText {#text} at (260,84) size 24x17
                text run at (260,84) width 24: "for"
            LayoutText {#text} at (304,85) size 8x16
              text run at (304,85) width 8: " "
            LayoutInline {STRONG} at (0,0) size 64x16
              LayoutText {#text} at (312,85) size 64x16
                text run at (312,85) width 64: "elements"
          LayoutText {#text} at (396,85) size 8x16
            text run at (396,85) width 8: " "
          LayoutInline {TT} at (0,0) size 48x16
            LayoutText {#text} at (404,85) size 48x16
              text run at (404,85) width 48: "within"
          LayoutText {#text} at (472,85) size 1116x33
            text run at (472,85) width 624: " elements too. (with monospace font from Word to elements)"
            text run at (1116,85) width 0: " "
            text run at (0,102) width 260: "Word   spacing test "
          LayoutInline {SPAN} at (0,0) size 192x16
            LayoutInline {EM} at (0,0) size 24x17
              LayoutText {#text} at (260,101) size 24x17
                text run at (260,101) width 24: "for"
            LayoutText {#text} at (304,102) size 8x16
              text run at (304,102) width 8: " "
            LayoutInline {STRONG} at (0,0) size 64x16
              LayoutText {#text} at (312,102) size 64x16
                text run at (312,102) width 64: "elements"
            LayoutText {#text} at (396,102) size 8x16
              text run at (396,102) width 8: " "
            LayoutInline {TT} at (0,0) size 48x16
              LayoutText {#text} at (404,102) size 48x16
                text run at (404,102) width 48: "within"
          LayoutText {#text} at (472,102) size 1092x33
            text run at (472,102) width 600: " elements too. (with monospace font from for to within)"
            text run at (1092,102) width 0: " "
            text run at (0,119) width 260: "Word   spacing test "
          LayoutInline {EM} at (0,0) size 24x17
            LayoutText {#text} at (260,118) size 24x17
              text run at (260,118) width 24: "for"
          LayoutText {#text} at (304,119) size 8x16
            text run at (304,119) width 8: " "
          LayoutInline {STRONG} at (0,0) size 64x16
            LayoutText {#text} at (312,119) size 64x16
              text run at (312,119) width 64: "elements"
          LayoutText {#text} at (396,119) size 8x16
            text run at (396,119) width 8: " "
          LayoutInline {SPAN} at (0,0) size 192x16
            LayoutInline {TT} at (0,0) size 48x16
              LayoutText {#text} at (404,119) size 48x16
                text run at (404,119) width 48: "within"
            LayoutText {#text} at (472,119) size 124x16
              text run at (472,119) width 124: " elements too"
          LayoutText {#text} at (596,119) size 512x16
            text run at (596,119) width 492: ". (with monospace font from elements to too)"
            text run at (1108,119) width 0: " "
      LayoutBlockFlow (anonymous) at (0,450.72) size 784x0
        LayoutInline {SPAN} at (0,0) size 0x0
          LayoutText {#text} at (0,0) size 0x0
      LayoutBlockFlow (anonymous) at (0,456.44) size 784x23
        LayoutBlockFlow {H3} at (0,0) size 784x23
          LayoutText {#text} at (0,0) size 117x22
            text run at (0,0) width 117: "In a span"
      LayoutBlockFlow (anonymous) at (0,498.16) size 784x300
        LayoutInline {SPAN} at (0,0) size 774x259
          LayoutText {#text} at (0,0) size 176x19
            text run at (0,0) width 59: "Word "
            text run at (59,0) width 117: "spacing test "
          LayoutInline {EM} at (0,0) size 18x19
            LayoutText {#text} at (176,0) size 18x19
              text run at (176,0) width 18: "for"
          LayoutText {#text} at (214,0) size 4x19
            text run at (214,0) width 4: " "
          LayoutInline {STRONG} at (0,0) size 58x19
            LayoutText {#text} at (218,0) size 58x19
              text run at (218,0) width 58: "elements"
          LayoutText {#text} at (296,0) size 4x19
            text run at (296,0) width 4: " "
          LayoutInline {TT} at (0,0) size 48x16
            LayoutText {#text} at (300,3) size 48x16
              text run at (300,3) width 48: "within"
          LayoutText {#text} at (368,0) size 107x19
            text run at (368,0) width 107: " elements too."
          LayoutBR {BR} at (495,15) size 0x0
          LayoutText {#text} at (0,20) size 176x19
            text run at (0,20) width 59: "Word "
            text run at (59,20) width 117: "spacing test "
          LayoutInline {EM} at (0,0) size 18x19
            LayoutText {#text} at (176,20) size 18x19
              text run at (176,20) width 18: "for"
          LayoutText {#text} at (214,20) size 4x19
            text run at (214,20) width 4: " "
          LayoutInline {STRONG} at (0,0) size 58x19
            LayoutText {#text} at (218,20) size 58x19
              text run at (218,20) width 58: "elements"
          LayoutText {#text} at (296,20) size 4x19
            text run at (296,20) width 4: " "
          LayoutInline {TT} at (0,0) size 48x16
            LayoutText {#text} at (300,23) size 48x16
              text run at (300,23) width 48: "within"
          LayoutText {#text} at (368,20) size 83x19
            text run at (368,20) width 83: " elements "
          LayoutText {#text} at (451,20) size 770x39
            text run at (451,20) width 319: "too. (with comment between elements"
            text run at (0,40) width 72: "and too)"
          LayoutBR {BR} at (92,55) size 0x0
          LayoutText {#text} at (0,60) size 176x19
            text run at (0,60) width 59: "Word "
            text run at (59,60) width 117: "spacing test "
          LayoutInline {EM} at (0,0) size 18x19
            LayoutText {#text} at (176,60) size 18x19
              text run at (176,60) width 18: "for"
          LayoutText {#text} at (214,60) size 4x19
            text run at (214,60) width 4: " "
          LayoutInline {STRONG} at (0,0) size 58x19
            LayoutText {#text} at (218,60) size 58x19
              text run at (218,60) width 58: "elements"
          LayoutText {#text} at (296,60) size 4x19
            text run at (296,60) width 4: " "
          LayoutInline {TT} at (0,0) size 48x16
            LayoutText {#text} at (300,63) size 48x16
              text run at (300,63) width 48: "within"
          LayoutText {#text} at (368,60) size 59x19
            text run at (368,60) width 59: " elements"
          LayoutText {#text} at (447,60) size 745x39
            text run at (447,60) width 298: " too. (with comment (no preceding"
            text run at (0,80) width 292: "space) between elements and too)"
          LayoutBR {BR} at (312,95) size 0x0
          LayoutText {#text} at (0,100) size 176x19
            text run at (0,100) width 59: "Word "
            text run at (59,100) width 117: "spacing test "
          LayoutInline {EM} at (0,0) size 18x19
            LayoutText {#text} at (176,100) size 18x19
              text run at (176,100) width 18: "for"
          LayoutText {#text} at (214,100) size 4x19
            text run at (214,100) width 4: " "
          LayoutInline {STRONG} at (0,0) size 58x19
            LayoutText {#text} at (218,100) size 58x19
              text run at (218,100) width 58: "elements"
          LayoutText {#text} at (296,100) size 4x19
            text run at (296,100) width 4: " "
          LayoutInline {TT} at (0,0) size 48x16
            LayoutText {#text} at (300,103) size 48x16
              text run at (300,103) width 48: "within"
          LayoutText {#text} at (368,100) size 83x19
            text run at (368,100) width 83: " elements "
          LayoutText {#text} at (451,100) size 727x39
            text run at (451,100) width 276: "too. (with comment (no trailing"
            text run at (0,120) width 292: "space) between elements and too)"
          LayoutBR {BR} at (312,135) size 0x0
          LayoutInline {SPAN} at (0,0) size 320x16
            LayoutText {#text} at (0,143) size 204x16
              text run at (0,143) width 60: "Word "
              text run at (60,143) width 144: "spacing test "
            LayoutInline {EM} at (0,0) size 24x17
              LayoutText {#text} at (204,142) size 24x17
                text run at (204,142) width 24: "for"
            LayoutText {#text} at (248,143) size 8x16
              text run at (248,143) width 8: " "
            LayoutInline {STRONG} at (0,0) size 64x16
              LayoutText {#text} at (256,143) size 64x16
                text run at (256,143) width 64: "elements"
          LayoutText {#text} at (340,140) size 4x19
            text run at (340,140) width 4: " "
          LayoutInline {TT} at (0,0) size 48x16
            LayoutText {#text} at (344,143) size 48x16
              text run at (344,143) width 48: "within"
          LayoutText {#text} at (412,140) size 774x39
            text run at (412,140) width 362: " elements too. (with monospace font from"
            text run at (0,160) width 155: "Word to elements)"
          LayoutBR {BR} at (175,175) size 0x0
          LayoutText {#text} at (0,180) size 176x19
            text run at (0,180) width 59: "Word "
            text run at (59,180) width 117: "spacing test "
          LayoutInline {SPAN} at (0,0) size 192x16
            LayoutInline {EM} at (0,0) size 24x17
              LayoutText {#text} at (176,182) size 24x17
                text run at (176,182) width 24: "for"
            LayoutText {#text} at (220,183) size 8x16
              text run at (220,183) width 8: " "
            LayoutInline {STRONG} at (0,0) size 64x16
              LayoutText {#text} at (228,183) size 64x16
                text run at (228,183) width 64: "elements"
            LayoutText {#text} at (312,183) size 8x16
              text run at (312,183) width 8: " "
            LayoutInline {TT} at (0,0) size 48x16
              LayoutText {#text} at (320,183) size 48x16
                text run at (320,183) width 48: "within"
          LayoutText {#text} at (388,180) size 750x39
            text run at (388,180) width 362: " elements too. (with monospace font from"
            text run at (0,200) width 123: "for to within)"
          LayoutBR {BR} at (143,215) size 0x0
          LayoutText {#text} at (0,220) size 176x19
            text run at (0,220) width 59: "Word "
            text run at (59,220) width 117: "spacing test "
          LayoutInline {EM} at (0,0) size 18x19
            LayoutText {#text} at (176,220) size 18x19
              text run at (176,220) width 18: "for"
          LayoutText {#text} at (214,220) size 4x19
            text run at (214,220) width 4: " "
          LayoutInline {STRONG} at (0,0) size 58x19
            LayoutText {#text} at (218,220) size 58x19
              text run at (218,220) width 58: "elements"
          LayoutText {#text} at (296,220) size 4x19
            text run at (296,220) width 4: " "
          LayoutInline {SPAN} at (0,0) size 192x16
            LayoutInline {TT} at (0,0) size 48x16
              LayoutText {#text} at (300,223) size 48x16
                text run at (300,223) width 48: "within"
            LayoutText {#text} at (368,223) size 124x16
              text run at (368,223) width 124: " elements too"
          LayoutText {#text} at (492,220) size 751x39
            text run at (492,220) width 259: ". (with monospace font from"
            text run at (0,240) width 164: "elements to too) "
        LayoutText {#text} at (0,0) size 0x0
        LayoutBR {BR} at (0,0) size 0x0
        LayoutBR {BR} at (0,260) size 0x19
        LayoutBR {BR} at (0,280) size 0x19
      LayoutBlockFlow {H2} at (0,818.06) size 784x27
        LayoutText {#text} at (0,0) size 140x26
          text run at (0,0) width 140: "letter-spacing"
      LayoutBlockFlow (anonymous) at (0,864.97) size 784x208.41
        LayoutBlockFlow (floating) {PRE} at (0,13) size 1508x182.41
          LayoutBlockFlow {H3} at (0,15.20) size 1508x17
            LayoutText {#text} at (0,0) size 224x17
              text run at (0,0) width 224: "In a floated pre"
          LayoutBlockFlow (anonymous) at (0,47.41) size 1508x135
            LayoutText {#text} at (0,0) size 286x33
              text run at (0,0) width 0: " "
              text run at (0,17) width 286: "Letter   spacing test "
            LayoutInline {EM} at (0,0) size 39x17
              LayoutText {#text} at (286,16) size 39x17
                text run at (286,16) width 39: "for"
            LayoutText {#text} at (325,17) size 13x16
              text run at (325,17) width 13: " "
            LayoutInline {STRONG} at (0,0) size 104x16
              LayoutText {#text} at (338,17) size 104x16
                text run at (338,17) width 104: "elements"
            LayoutText {#text} at (442,17) size 13x16
              text run at (442,17) width 13: " "
            LayoutInline {TT} at (0,0) size 78x16
              LayoutText {#text} at (455,17) size 78x16
                text run at (455,17) width 78: "within"
            LayoutText {#text} at (533,17) size 715x33
              text run at (533,17) width 182: " elements too."
              text run at (715,17) width 0: " "
              text run at (0,34) width 286: "Letter   spacing test "
            LayoutInline {EM} at (0,0) size 39x17
              LayoutText {#text} at (286,33) size 39x17
                text run at (286,33) width 39: "for"
            LayoutText {#text} at (325,34) size 13x16
              text run at (325,34) width 13: " "
            LayoutInline {STRONG} at (0,0) size 104x16
              LayoutText {#text} at (338,34) size 104x16
                text run at (338,34) width 104: "elements"
            LayoutText {#text} at (442,34) size 13x16
              text run at (442,34) width 13: " "
            LayoutInline {TT} at (0,0) size 78x16
              LayoutText {#text} at (455,34) size 78x16
                text run at (455,34) width 78: "within"
            LayoutText {#text} at (533,34) size 130x16
              text run at (533,34) width 130: " elements "
            LayoutText {#text} at (663,34) size 1248x33
              text run at (663,34) width 585: " too. (with comment between elements and too)"
              text run at (1248,34) width 0: " "
              text run at (0,51) width 286: "Letter   spacing test "
            LayoutInline {EM} at (0,0) size 39x17
              LayoutText {#text} at (286,50) size 39x17
                text run at (286,50) width 39: "for"
            LayoutText {#text} at (325,51) size 13x16
              text run at (325,51) width 13: " "
            LayoutInline {STRONG} at (0,0) size 104x16
              LayoutText {#text} at (338,51) size 104x16
                text run at (338,51) width 104: "elements"
            LayoutText {#text} at (442,51) size 13x16
              text run at (442,51) width 13: " "
            LayoutInline {TT} at (0,0) size 78x16
              LayoutText {#text} at (455,51) size 78x16
                text run at (455,51) width 78: "within"
            LayoutText {#text} at (533,51) size 117x16
              text run at (533,51) width 117: " elements"
            LayoutText {#text} at (650,51) size 1508x33
              text run at (650,51) width 858: " too. (with comment (no preceding space) between elements and too)"
              text run at (1508,51) width 0: " "
              text run at (0,68) width 286: "Letter   spacing test "
            LayoutInline {EM} at (0,0) size 39x17
              LayoutText {#text} at (286,67) size 39x17
                text run at (286,67) width 39: "for"
            LayoutText {#text} at (325,68) size 13x16
              text run at (325,68) width 13: " "
            LayoutInline {STRONG} at (0,0) size 104x16
              LayoutText {#text} at (338,68) size 104x16
                text run at (338,68) width 104: "elements"
            LayoutText {#text} at (442,68) size 13x16
              text run at (442,68) width 13: " "
            LayoutInline {TT} at (0,0) size 78x16
              LayoutText {#text} at (455,68) size 78x16
                text run at (455,68) width 78: "within"
            LayoutText {#text} at (533,68) size 130x16
              text run at (533,68) width 130: " elements "
            LayoutText {#text} at (663,68) size 832x16
              text run at (663,68) width 832: "too. (with comment (no trailing space) between elements and too)"
              text run at (1495,68) width 0: " "
            LayoutInline {SPAN} at (0,0) size 442x16
              LayoutText {#text} at (0,85) size 286x16
                text run at (0,85) width 286: "Letter   spacing test "
              LayoutInline {EM} at (0,0) size 39x17
                LayoutText {#text} at (286,84) size 39x17
                  text run at (286,84) width 39: "for"
              LayoutText {#text} at (325,85) size 13x16
                text run at (325,85) width 13: " "
              LayoutInline {STRONG} at (0,0) size 104x16
                LayoutText {#text} at (338,85) size 104x16
                  text run at (338,85) width 104: "elements"
            LayoutText {#text} at (442,85) size 13x16
              text run at (442,85) width 13: " "
            LayoutInline {TT} at (0,0) size 78x16
              LayoutText {#text} at (455,85) size 78x16
                text run at (455,85) width 78: "within"
            LayoutText {#text} at (533,85) size 1313x33
              text run at (533,85) width 780: " elements too. (with monospace font from Letter to elements)"
              text run at (1313,85) width 0: " "
              text run at (0,102) width 286: "Letter   spacing test "
            LayoutInline {SPAN} at (0,0) size 247x16
              LayoutInline {EM} at (0,0) size 39x17
                LayoutText {#text} at (286,101) size 39x17
                  text run at (286,101) width 39: "for"
              LayoutText {#text} at (325,102) size 13x16
                text run at (325,102) width 13: " "
              LayoutInline {STRONG} at (0,0) size 104x16
                LayoutText {#text} at (338,102) size 104x16
                  text run at (338,102) width 104: "elements"
              LayoutText {#text} at (442,102) size 13x16
                text run at (442,102) width 13: " "
              LayoutInline {TT} at (0,0) size 78x16
                LayoutText {#text} at (455,102) size 78x16
                  text run at (455,102) width 78: "within"
            LayoutText {#text} at (533,102) size 1248x33
              text run at (533,102) width 715: " elements too. (with monospace font from for to within)"
              text run at (1248,102) width 0: " "
              text run at (0,119) width 286: "Letter   spacing test "
            LayoutInline {EM} at (0,0) size 39x17
              LayoutText {#text} at (286,118) size 39x17
                text run at (286,118) width 39: "for"
            LayoutText {#text} at (325,119) size 13x16
              text run at (325,119) width 13: " "
            LayoutInline {STRONG} at (0,0) size 104x16
              LayoutText {#text} at (338,119) size 104x16
                text run at (338,119) width 104: "elements"
            LayoutText {#text} at (442,119) size 13x16
              text run at (442,119) width 13: " "
            LayoutInline {SPAN} at (0,0) size 247x16
              LayoutInline {TT} at (0,0) size 78x16
                LayoutText {#text} at (455,119) size 78x16
                  text run at (455,119) width 78: "within"
              LayoutText {#text} at (533,119) size 169x16
                text run at (533,119) width 169: " elements too"
            LayoutText {#text} at (702,119) size 572x16
              text run at (702,119) width 572: ". (with monospace font from elements to too)"
              text run at (1274,119) width 0: " "
        LayoutBR {BR} at (1508,0) size 0x19
      LayoutBlockFlow {PRE} at (0,1088.58) size 784x167.20
        LayoutBlockFlow {H3} at (0,0) size 784x17
          LayoutText {#text} at (0,0) size 280x17
            text run at (0,0) width 280: "In an un-floated pre"
        LayoutBlockFlow (anonymous) at (0,32.20) size 784x135
          LayoutText {#text} at (0,0) size 286x33
            text run at (0,0) width 0: " "
            text run at (0,17) width 286: "Letter   spacing test "
          LayoutInline {EM} at (0,0) size 39x17
            LayoutText {#text} at (286,16) size 39x17
              text run at (286,16) width 39: "for"
          LayoutText {#text} at (325,17) size 13x16
            text run at (325,17) width 13: " "
          LayoutInline {STRONG} at (0,0) size 104x16
            LayoutText {#text} at (338,17) size 104x16
              text run at (338,17) width 104: "elements"
          LayoutText {#text} at (442,17) size 13x16
            text run at (442,17) width 13: " "
          LayoutInline {TT} at (0,0) size 78x16
            LayoutText {#text} at (455,17) size 78x16
              text run at (455,17) width 78: "within"
          LayoutText {#text} at (533,17) size 715x33
            text run at (533,17) width 182: " elements too."
            text run at (715,17) width 0: " "
            text run at (0,34) width 286: "Letter   spacing test "
          LayoutInline {EM} at (0,0) size 39x17
            LayoutText {#text} at (286,33) size 39x17
              text run at (286,33) width 39: "for"
          LayoutText {#text} at (325,34) size 13x16
            text run at (325,34) width 13: " "
          LayoutInline {STRONG} at (0,0) size 104x16
            LayoutText {#text} at (338,34) size 104x16
              text run at (338,34) width 104: "elements"
          LayoutText {#text} at (442,34) size 13x16
            text run at (442,34) width 13: " "
          LayoutInline {TT} at (0,0) size 78x16
            LayoutText {#text} at (455,34) size 78x16
              text run at (455,34) width 78: "within"
          LayoutText {#text} at (533,34) size 130x16
            text run at (533,34) width 130: " elements "
          LayoutText {#text} at (663,34) size 1248x33
            text run at (663,34) width 585: " too. (with comment between elements and too)"
            text run at (1248,34) width 0: " "
            text run at (0,51) width 286: "Letter   spacing test "
          LayoutInline {EM} at (0,0) size 39x17
            LayoutText {#text} at (286,50) size 39x17
              text run at (286,50) width 39: "for"
          LayoutText {#text} at (325,51) size 13x16
            text run at (325,51) width 13: " "
          LayoutInline {STRONG} at (0,0) size 104x16
            LayoutText {#text} at (338,51) size 104x16
              text run at (338,51) width 104: "elements"
          LayoutText {#text} at (442,51) size 13x16
            text run at (442,51) width 13: " "
          LayoutInline {TT} at (0,0) size 78x16
            LayoutText {#text} at (455,51) size 78x16
              text run at (455,51) width 78: "within"
          LayoutText {#text} at (533,51) size 117x16
            text run at (533,51) width 117: " elements"
          LayoutText {#text} at (650,51) size 1508x33
            text run at (650,51) width 858: " too. (with comment (no preceding space) between elements and too)"
            text run at (1508,51) width 0: " "
            text run at (0,68) width 286: "Letter   spacing test "
          LayoutInline {EM} at (0,0) size 39x17
            LayoutText {#text} at (286,67) size 39x17
              text run at (286,67) width 39: "for"
          LayoutText {#text} at (325,68) size 13x16
            text run at (325,68) width 13: " "
          LayoutInline {STRONG} at (0,0) size 104x16
            LayoutText {#text} at (338,68) size 104x16
              text run at (338,68) width 104: "elements"
          LayoutText {#text} at (442,68) size 13x16
            text run at (442,68) width 13: " "
          LayoutInline {TT} at (0,0) size 78x16
            LayoutText {#text} at (455,68) size 78x16
              text run at (455,68) width 78: "within"
          LayoutText {#text} at (533,68) size 130x16
            text run at (533,68) width 130: " elements "
          LayoutText {#text} at (663,68) size 832x16
            text run at (663,68) width 832: "too. (with comment (no trailing space) between elements and too)"
            text run at (1495,68) width 0: " "
          LayoutInline {SPAN} at (0,0) size 442x16
            LayoutText {#text} at (0,85) size 286x16
              text run at (0,85) width 286: "Letter   spacing test "
            LayoutInline {EM} at (0,0) size 39x17
              LayoutText {#text} at (286,84) size 39x17
                text run at (286,84) width 39: "for"
            LayoutText {#text} at (325,85) size 13x16
              text run at (325,85) width 13: " "
            LayoutInline {STRONG} at (0,0) size 104x16
              LayoutText {#text} at (338,85) size 104x16
                text run at (338,85) width 104: "elements"
          LayoutText {#text} at (442,85) size 13x16
            text run at (442,85) width 13: " "
          LayoutInline {TT} at (0,0) size 78x16
            LayoutText {#text} at (455,85) size 78x16
              text run at (455,85) width 78: "within"
          LayoutText {#text} at (533,85) size 1313x33
            text run at (533,85) width 780: " elements too. (with monospace font from Letter to elements)"
            text run at (1313,85) width 0: " "
            text run at (0,102) width 286: "Letter   spacing test "
          LayoutInline {SPAN} at (0,0) size 247x16
            LayoutInline {EM} at (0,0) size 39x17
              LayoutText {#text} at (286,101) size 39x17
                text run at (286,101) width 39: "for"
            LayoutText {#text} at (325,102) size 13x16
              text run at (325,102) width 13: " "
            LayoutInline {STRONG} at (0,0) size 104x16
              LayoutText {#text} at (338,102) size 104x16
                text run at (338,102) width 104: "elements"
            LayoutText {#text} at (442,102) size 13x16
              text run at (442,102) width 13: " "
            LayoutInline {TT} at (0,0) size 78x16
              LayoutText {#text} at (455,102) size 78x16
                text run at (455,102) width 78: "within"
          LayoutText {#text} at (533,102) size 1248x33
            text run at (533,102) width 715: " elements too. (with monospace font from for to within)"
            text run at (1248,102) width 0: " "
            text run at (0,119) width 286: "Letter   spacing test "
          LayoutInline {EM} at (0,0) size 39x17
            LayoutText {#text} at (286,118) size 39x17
              text run at (286,118) width 39: "for"
          LayoutText {#text} at (325,119) size 13x16
            text run at (325,119) width 13: " "
          LayoutInline {STRONG} at (0,0) size 104x16
            LayoutText {#text} at (338,119) size 104x16
              text run at (338,119) width 104: "elements"
          LayoutText {#text} at (442,119) size 13x16
            text run at (442,119) width 13: " "
          LayoutInline {SPAN} at (0,0) size 247x16
            LayoutInline {TT} at (0,0) size 78x16
              LayoutText {#text} at (455,119) size 78x16
                text run at (455,119) width 78: "within"
            LayoutText {#text} at (533,119) size 169x16
              text run at (533,119) width 169: " elements too"
          LayoutText {#text} at (702,119) size 572x16
            text run at (702,119) width 572: ". (with monospace font from elements to too)"
            text run at (1274,119) width 0: " "
      LayoutBlockFlow (anonymous) at (0,1268.78) size 784x20
        LayoutBR {BR} at (0,0) size 0x19
        LayoutInline {SPAN} at (0,0) size 0x0
          LayoutText {#text} at (0,0) size 0x0
      LayoutBlockFlow (anonymous) at (0,1307.50) size 784x23
        LayoutBlockFlow {H3} at (0,0) size 784x23
          LayoutText {#text} at (0,0) size 122x22
            text run at (0,0) width 122: "In a span"
      LayoutBlockFlow (anonymous) at (0,1349.22) size 784x300
        LayoutInline {SPAN} at (0,0) size 771x259
          LayoutText {#text} at (0,0) size 218x19
            text run at (0,0) width 76: "Letter "
            text run at (76,0) width 142: "spacing test "
          LayoutInline {EM} at (0,0) size 33x19
            LayoutText {#text} at (218,0) size 33x19
              text run at (218,0) width 33: "for"
          LayoutText {#text} at (251,0) size 9x19
            text run at (251,0) width 9: " "
          LayoutInline {STRONG} at (0,0) size 98x19
            LayoutText {#text} at (260,0) size 98x19
              text run at (260,0) width 98: "elements"
          LayoutText {#text} at (358,0) size 9x19
            text run at (358,0) width 9: " "
          LayoutInline {TT} at (0,0) size 78x16
            LayoutText {#text} at (367,3) size 78x16
              text run at (367,3) width 78: "within"
          LayoutText {#text} at (445,0) size 157x19
            text run at (445,0) width 157: " elements too."
          LayoutBR {BR} at (602,15) size 0x0
          LayoutText {#text} at (0,20) size 218x19
            text run at (0,20) width 76: "Letter "
            text run at (76,20) width 142: "spacing test "
          LayoutInline {EM} at (0,0) size 33x19
            LayoutText {#text} at (218,20) size 33x19
              text run at (218,20) width 33: "for"
          LayoutText {#text} at (251,20) size 9x19
            text run at (251,20) width 9: " "
          LayoutInline {STRONG} at (0,0) size 98x19
            LayoutText {#text} at (260,20) size 98x19
              text run at (260,20) width 98: "elements"
          LayoutText {#text} at (358,20) size 9x19
            text run at (358,20) width 9: " "
          LayoutInline {TT} at (0,0) size 78x16
            LayoutText {#text} at (367,23) size 78x16
              text run at (367,23) width 78: "within"
          LayoutText {#text} at (445,20) size 113x19
            text run at (445,20) width 113: " elements "
          LayoutText {#text} at (558,20) size 771x39
            text run at (558,20) width 213: "too. (with comment"
            text run at (0,40) width 293: "between elements and too)"
          LayoutBR {BR} at (293,55) size 0x0
          LayoutText {#text} at (0,60) size 218x19
            text run at (0,60) width 76: "Letter "
            text run at (76,60) width 142: "spacing test "
          LayoutInline {EM} at (0,0) size 33x19
            LayoutText {#text} at (218,60) size 33x19
              text run at (218,60) width 33: "for"
          LayoutText {#text} at (251,60) size 9x19
            text run at (251,60) width 9: " "
          LayoutInline {STRONG} at (0,0) size 98x19
            LayoutText {#text} at (260,60) size 98x19
              text run at (260,60) width 98: "elements"
          LayoutText {#text} at (358,60) size 9x19
            text run at (358,60) width 9: " "
          LayoutInline {TT} at (0,0) size 78x16
            LayoutText {#text} at (367,63) size 78x16
              text run at (367,63) width 78: "within"
          LayoutText {#text} at (445,60) size 104x19
            text run at (445,60) width 104: " elements"
          LayoutText {#text} at (549,60) size 771x39
            text run at (549,60) width 222: " too. (with comment"
            text run at (0,80) width 533: "(no preceding space) between elements and too)"
          LayoutBR {BR} at (533,95) size 0x0
          LayoutText {#text} at (0,100) size 218x19
            text run at (0,100) width 76: "Letter "
            text run at (76,100) width 142: "spacing test "
          LayoutInline {EM} at (0,0) size 33x19
            LayoutText {#text} at (218,100) size 33x19
              text run at (218,100) width 33: "for"
          LayoutText {#text} at (251,100) size 9x19
            text run at (251,100) width 9: " "
          LayoutInline {STRONG} at (0,0) size 98x19
            LayoutText {#text} at (260,100) size 98x19
              text run at (260,100) width 98: "elements"
          LayoutText {#text} at (358,100) size 9x19
            text run at (358,100) width 9: " "
          LayoutInline {TT} at (0,0) size 78x16
            LayoutText {#text} at (367,103) size 78x16
              text run at (367,103) width 78: "within"
          LayoutText {#text} at (445,100) size 113x19
            text run at (445,100) width 113: " elements "
          LayoutText {#text} at (558,100) size 771x39
            text run at (558,100) width 213: "too. (with comment"
            text run at (0,120) width 510: "(no trailing space) between elements and too)"
          LayoutBR {BR} at (510,135) size 0x0
          LayoutInline {SPAN} at (0,0) size 416x16
            LayoutText {#text} at (0,143) size 260x16
              text run at (0,143) width 91: "Letter "
              text run at (91,143) width 169: "spacing test "
            LayoutInline {EM} at (0,0) size 39x17
              LayoutText {#text} at (260,142) size 39x17
                text run at (260,142) width 39: "for"
            LayoutText {#text} at (299,143) size 13x16
              text run at (299,143) width 13: " "
            LayoutInline {STRONG} at (0,0) size 104x16
              LayoutText {#text} at (312,143) size 104x16
                text run at (312,143) width 104: "elements"
          LayoutText {#text} at (416,140) size 9x19
            text run at (416,140) width 9: " "
          LayoutInline {TT} at (0,0) size 78x16
            LayoutText {#text} at (425,143) size 78x16
              text run at (425,143) width 78: "within"
          LayoutText {#text} at (503,140) size 727x39
            text run at (503,140) width 224: " elements too. (with"
            text run at (0,160) width 450: "monospace font from Letter to elements)"
          LayoutBR {BR} at (450,175) size 0x0
          LayoutText {#text} at (0,180) size 218x19
            text run at (0,180) width 76: "Letter "
            text run at (76,180) width 142: "spacing test "
          LayoutInline {SPAN} at (0,0) size 247x16
            LayoutInline {EM} at (0,0) size 39x17
              LayoutText {#text} at (218,182) size 39x17
                text run at (218,182) width 39: "for"
            LayoutText {#text} at (257,183) size 13x16
              text run at (257,183) width 13: " "
            LayoutInline {STRONG} at (0,0) size 104x16
              LayoutText {#text} at (270,183) size 104x16
                text run at (270,183) width 104: "elements"
            LayoutText {#text} at (374,183) size 13x16
              text run at (374,183) width 13: " "
            LayoutInline {TT} at (0,0) size 78x16
              LayoutText {#text} at (387,183) size 78x16
                text run at (387,183) width 78: "within"
          LayoutText {#text} at (465,180) size 689x39
            text run at (465,180) width 224: " elements too. (with"
            text run at (0,200) width 391: "monospace font from for to within)"
          LayoutBR {BR} at (391,215) size 0x0
          LayoutText {#text} at (0,220) size 218x19
            text run at (0,220) width 76: "Letter "
            text run at (76,220) width 142: "spacing test "
          LayoutInline {EM} at (0,0) size 33x19
            LayoutText {#text} at (218,220) size 33x19
              text run at (218,220) width 33: "for"
          LayoutText {#text} at (251,220) size 9x19
            text run at (251,220) width 9: " "
          LayoutInline {STRONG} at (0,0) size 98x19
            LayoutText {#text} at (260,220) size 98x19
              text run at (260,220) width 98: "elements"
          LayoutText {#text} at (358,220) size 9x19
            text run at (358,220) width 9: " "
          LayoutInline {SPAN} at (0,0) size 247x16
            LayoutInline {TT} at (0,0) size 78x16
              LayoutText {#text} at (367,223) size 78x16
                text run at (367,223) width 78: "within"
            LayoutText {#text} at (445,223) size 169x16
              text run at (445,223) width 169: " elements too"
          LayoutText {#text} at (614,220) size 690x39
            text run at (614,220) width 76: ". (with"
            text run at (0,240) width 427: "monospace font from elements to too) "
        LayoutText {#text} at (0,0) size 0x0
        LayoutBR {BR} at (0,0) size 0x0
        LayoutBR {BR} at (0,260) size 0x19
        LayoutBR {BR} at (0,280) size 0x19
      LayoutBlockFlow {H2} at (0,1669.13) size 784x27
        LayoutText {#text} at (0,0) size 131x26
          text run at (0,0) width 131: "both-spacing"
      LayoutBlockFlow (anonymous) at (0,1716.03) size 784x208.41
        LayoutBlockFlow (floating) {PRE} at (0,13) size 1972x182.41
          LayoutBlockFlow {H3} at (0,15.20) size 1972x17
            LayoutText {#text} at (0,0) size 284x17
              text run at (0,0) width 284: "In a floated pre"
          LayoutBlockFlow (anonymous) at (0,47.41) size 1972x135
            LayoutText {#text} at (0,0) size 543x33
              text run at (0,0) width 0: " "
              text run at (0,17) width 543: "Word and letter   spacing test "
            LayoutInline {EM} at (0,0) size 39x17
              LayoutText {#text} at (543,16) size 39x17
                text run at (543,16) width 39: "for"
            LayoutText {#text} at (602,17) size 13x16
              text run at (602,17) width 13: " "
            LayoutInline {STRONG} at (0,0) size 104x16
              LayoutText {#text} at (615,17) size 104x16
                text run at (615,17) width 104: "elements"
            LayoutText {#text} at (739,17) size 13x16
              text run at (739,17) width 13: " "
            LayoutInline {TT} at (0,0) size 78x16
              LayoutText {#text} at (752,17) size 78x16
                text run at (752,17) width 78: "within"
            LayoutText {#text} at (850,17) size 1072x33
              text run at (850,17) width 202: " elements too."
              text run at (1072,17) width 0: " "
              text run at (0,34) width 543: "Word and letter   spacing test "
            LayoutInline {EM} at (0,0) size 39x17
              LayoutText {#text} at (543,33) size 39x17
                text run at (543,33) width 39: "for"
            LayoutText {#text} at (602,34) size 13x16
              text run at (602,34) width 13: " "
            LayoutInline {STRONG} at (0,0) size 104x16
              LayoutText {#text} at (615,34) size 104x16
                text run at (615,34) width 104: "elements"
            LayoutText {#text} at (739,34) size 13x16
              text run at (739,34) width 13: " "
            LayoutInline {TT} at (0,0) size 78x16
              LayoutText {#text} at (752,34) size 78x16
                text run at (752,34) width 78: "within"
            LayoutText {#text} at (850,34) size 150x16
              text run at (850,34) width 150: " elements "
            LayoutText {#text} at (1000,34) size 1725x33
              text run at (1000,34) width 705: " too. (with comment between elements and too)"
              text run at (1725,34) width 0: " "
              text run at (0,51) width 543: "Word and letter   spacing test "
            LayoutInline {EM} at (0,0) size 39x17
              LayoutText {#text} at (543,50) size 39x17
                text run at (543,50) width 39: "for"
            LayoutText {#text} at (602,51) size 13x16
              text run at (602,51) width 13: " "
            LayoutInline {STRONG} at (0,0) size 104x16
              LayoutText {#text} at (615,51) size 104x16
                text run at (615,51) width 104: "elements"
            LayoutText {#text} at (739,51) size 13x16
              text run at (739,51) width 13: " "
            LayoutInline {TT} at (0,0) size 78x16
              LayoutText {#text} at (752,51) size 78x16
                text run at (752,51) width 78: "within"
            LayoutText {#text} at (850,51) size 117x16
              text run at (850,51) width 117: " elements"
            LayoutText {#text} at (987,51) size 2045x33
              text run at (987,51) width 1038: " too. (with comment (no preceding space) between elements and too)"
              text run at (2045,51) width 0: " "
              text run at (0,68) width 543: "Word and letter   spacing test "
            LayoutInline {EM} at (0,0) size 39x17
              LayoutText {#text} at (543,67) size 39x17
                text run at (543,67) width 39: "for"
            LayoutText {#text} at (602,68) size 13x16
              text run at (602,68) width 13: " "
            LayoutInline {STRONG} at (0,0) size 104x16
              LayoutText {#text} at (615,68) size 104x16
                text run at (615,68) width 104: "elements"
            LayoutText {#text} at (739,68) size 13x16
              text run at (739,68) width 13: " "
            LayoutInline {TT} at (0,0) size 78x16
              LayoutText {#text} at (752,68) size 78x16
                text run at (752,68) width 78: "within"
            LayoutText {#text} at (850,68) size 150x16
              text run at (850,68) width 150: " elements "
            LayoutText {#text} at (1000,68) size 1032x16
              text run at (1000,68) width 1012: "too. (with comment (no trailing space) between elements and too)"
              text run at (2032,68) width 0: " "
            LayoutInline {SPAN} at (0,0) size 719x16
              LayoutText {#text} at (0,85) size 543x16
                text run at (0,85) width 543: "Word and letter   spacing test "
              LayoutInline {EM} at (0,0) size 39x17
                LayoutText {#text} at (543,84) size 39x17
                  text run at (543,84) width 39: "for"
              LayoutText {#text} at (602,85) size 13x16
                text run at (602,85) width 13: " "
              LayoutInline {STRONG} at (0,0) size 104x16
                LayoutText {#text} at (615,85) size 104x16
                  text run at (615,85) width 104: "elements"
            LayoutText {#text} at (739,85) size 13x16
              text run at (739,85) width 13: " "
            LayoutInline {TT} at (0,0) size 78x16
              LayoutText {#text} at (752,85) size 78x16
                text run at (752,85) width 78: "within"
            LayoutText {#text} at (850,85) size 1784x33
              text run at (850,85) width 914: " elements too. (with monospace font from Word to elements)"
              text run at (1784,85) width 0: " "
              text run at (0,102) width 543: "Word and letter   spacing test "
            LayoutInline {SPAN} at (0,0) size 287x16
              LayoutInline {EM} at (0,0) size 39x17
                LayoutText {#text} at (543,101) size 39x17
                  text run at (543,101) width 39: "for"
              LayoutText {#text} at (602,102) size 13x16
                text run at (602,102) width 13: " "
              LayoutInline {STRONG} at (0,0) size 104x16
                LayoutText {#text} at (615,102) size 104x16
                  text run at (615,102) width 104: "elements"
              LayoutText {#text} at (739,102) size 13x16
                text run at (739,102) width 13: " "
              LayoutInline {TT} at (0,0) size 78x16
                LayoutText {#text} at (752,102) size 78x16
                  text run at (752,102) width 78: "within"
            LayoutText {#text} at (850,102) size 1745x33
              text run at (850,102) width 875: " elements too. (with monospace font from for to within)"
              text run at (1745,102) width 0: " "
              text run at (0,119) width 543: "Word and letter   spacing test "
            LayoutInline {EM} at (0,0) size 39x17
              LayoutText {#text} at (543,118) size 39x17
                text run at (543,118) width 39: "for"
            LayoutText {#text} at (602,119) size 13x16
              text run at (602,119) width 13: " "
            LayoutInline {STRONG} at (0,0) size 104x16
              LayoutText {#text} at (615,119) size 104x16
                text run at (615,119) width 104: "elements"
            LayoutText {#text} at (739,119) size 13x16
              text run at (739,119) width 13: " "
            LayoutInline {SPAN} at (0,0) size 287x16
              LayoutInline {TT} at (0,0) size 78x16
                LayoutText {#text} at (752,119) size 78x16
                  text run at (752,119) width 78: "within"
              LayoutText {#text} at (850,119) size 189x16
                text run at (850,119) width 189: " elements too"
            LayoutText {#text} at (1039,119) size 732x16
              text run at (1039,119) width 712: ". (with monospace font from elements to too)"
              text run at (1771,119) width 0: " "
        LayoutBR {BR} at (1972,0) size 0x19
      LayoutBlockFlow {PRE} at (0,1939.64) size 784x167.20
        LayoutBlockFlow {H3} at (0,0) size 784x17
          LayoutText {#text} at (0,0) size 340x17
            text run at (0,0) width 340: "In an un-floated pre"
        LayoutBlockFlow (anonymous) at (0,32.20) size 784x135
          LayoutText {#text} at (0,0) size 543x33
            text run at (0,0) width 0: " "
            text run at (0,17) width 543: "Word and letter   spacing test "
          LayoutInline {EM} at (0,0) size 39x17
            LayoutText {#text} at (543,16) size 39x17
              text run at (543,16) width 39: "for"
          LayoutText {#text} at (602,17) size 13x16
            text run at (602,17) width 13: " "
          LayoutInline {STRONG} at (0,0) size 104x16
            LayoutText {#text} at (615,17) size 104x16
              text run at (615,17) width 104: "elements"
          LayoutText {#text} at (739,17) size 13x16
            text run at (739,17) width 13: " "
          LayoutInline {TT} at (0,0) size 78x16
            LayoutText {#text} at (752,17) size 78x16
              text run at (752,17) width 78: "within"
          LayoutText {#text} at (850,17) size 1072x33
            text run at (850,17) width 202: " elements too."
            text run at (1072,17) width 0: " "
            text run at (0,34) width 543: "Word and letter   spacing test "
          LayoutInline {EM} at (0,0) size 39x17
            LayoutText {#text} at (543,33) size 39x17
              text run at (543,33) width 39: "for"
          LayoutText {#text} at (602,34) size 13x16
            text run at (602,34) width 13: " "
          LayoutInline {STRONG} at (0,0) size 104x16
            LayoutText {#text} at (615,34) size 104x16
              text run at (615,34) width 104: "elements"
          LayoutText {#text} at (739,34) size 13x16
            text run at (739,34) width 13: " "
          LayoutInline {TT} at (0,0) size 78x16
            LayoutText {#text} at (752,34) size 78x16
              text run at (752,34) width 78: "within"
          LayoutText {#text} at (850,34) size 150x16
            text run at (850,34) width 150: " elements "
          LayoutText {#text} at (1000,34) size 1725x33
            text run at (1000,34) width 705: " too. (with comment between elements and too)"
            text run at (1725,34) width 0: " "
            text run at (0,51) width 543: "Word and letter   spacing test "
          LayoutInline {EM} at (0,0) size 39x17
            LayoutText {#text} at (543,50) size 39x17
              text run at (543,50) width 39: "for"
          LayoutText {#text} at (602,51) size 13x16
            text run at (602,51) width 13: " "
          LayoutInline {STRONG} at (0,0) size 104x16
            LayoutText {#text} at (615,51) size 104x16
              text run at (615,51) width 104: "elements"
          LayoutText {#text} at (739,51) size 13x16
            text run at (739,51) width 13: " "
          LayoutInline {TT} at (0,0) size 78x16
            LayoutText {#text} at (752,51) size 78x16
              text run at (752,51) width 78: "within"
          LayoutText {#text} at (850,51) size 117x16
            text run at (850,51) width 117: " elements"
          LayoutText {#text} at (987,51) size 2045x33
            text run at (987,51) width 1038: " too. (with comment (no preceding space) between elements and too)"
            text run at (2045,51) width 0: " "
            text run at (0,68) width 543: "Word and letter   spacing test "
          LayoutInline {EM} at (0,0) size 39x17
            LayoutText {#text} at (543,67) size 39x17
              text run at (543,67) width 39: "for"
          LayoutText {#text} at (602,68) size 13x16
            text run at (602,68) width 13: " "
          LayoutInline {STRONG} at (0,0) size 104x16
            LayoutText {#text} at (615,68) size 104x16
              text run at (615,68) width 104: "elements"
          LayoutText {#text} at (739,68) size 13x16
            text run at (739,68) width 13: " "
          LayoutInline {TT} at (0,0) size 78x16
            LayoutText {#text} at (752,68) size 78x16
              text run at (752,68) width 78: "within"
          LayoutText {#text} at (850,68) size 150x16
            text run at (850,68) width 150: " elements "
          LayoutText {#text} at (1000,68) size 1032x16
            text run at (1000,68) width 1012: "too. (with comment (no trailing space) between elements and too)"
            text run at (2032,68) width 0: " "
          LayoutInline {SPAN} at (0,0) size 719x16
            LayoutText {#text} at (0,85) size 543x16
              text run at (0,85) width 543: "Word and letter   spacing test "
            LayoutInline {EM} at (0,0) size 39x17
              LayoutText {#text} at (543,84) size 39x17
                text run at (543,84) width 39: "for"
            LayoutText {#text} at (602,85) size 13x16
              text run at (602,85) width 13: " "
            LayoutInline {STRONG} at (0,0) size 104x16
              LayoutText {#text} at (615,85) size 104x16
                text run at (615,85) width 104: "elements"
          LayoutText {#text} at (739,85) size 13x16
            text run at (739,85) width 13: " "
          LayoutInline {TT} at (0,0) size 78x16
            LayoutText {#text} at (752,85) size 78x16
              text run at (752,85) width 78: "within"
          LayoutText {#text} at (850,85) size 1784x33
            text run at (850,85) width 914: " elements too. (with monospace font from Word to elements)"
            text run at (1784,85) width 0: " "
            text run at (0,102) width 543: "Word and letter   spacing test "
          LayoutInline {SPAN} at (0,0) size 287x16
            LayoutInline {EM} at (0,0) size 39x17
              LayoutText {#text} at (543,101) size 39x17
                text run at (543,101) width 39: "for"
            LayoutText {#text} at (602,102) size 13x16
              text run at (602,102) width 13: " "
            LayoutInline {STRONG} at (0,0) size 104x16
              LayoutText {#text} at (615,102) size 104x16
                text run at (615,102) width 104: "elements"
            LayoutText {#text} at (739,102) size 13x16
              text run at (739,102) width 13: " "
            LayoutInline {TT} at (0,0) size 78x16
              LayoutText {#text} at (752,102) size 78x16
                text run at (752,102) width 78: "within"
          LayoutText {#text} at (850,102) size 1745x33
            text run at (850,102) width 875: " elements too. (with monospace font from for to within)"
            text run at (1745,102) width 0: " "
            text run at (0,119) width 543: "Word and letter   spacing test "
          LayoutInline {EM} at (0,0) size 39x17
            LayoutText {#text} at (543,118) size 39x17
              text run at (543,118) width 39: "for"
          LayoutText {#text} at (602,119) size 13x16
            text run at (602,119) width 13: " "
          LayoutInline {STRONG} at (0,0) size 104x16
            LayoutText {#text} at (615,119) size 104x16
              text run at (615,119) width 104: "elements"
          LayoutText {#text} at (739,119) size 13x16
            text run at (739,119) width 13: " "
          LayoutInline {SPAN} at (0,0) size 287x16
            LayoutInline {TT} at (0,0) size 78x16
              LayoutText {#text} at (752,119) size 78x16
                text run at (752,119) width 78: "within"
            LayoutText {#text} at (850,119) size 189x16
              text run at (850,119) width 189: " elements too"
          LayoutText {#text} at (1039,119) size 732x16
            text run at (1039,119) width 712: ". (with monospace font from elements to too)"
            text run at (1771,119) width 0: " "
      LayoutBlockFlow (anonymous) at (0,2119.84) size 784x20
        LayoutBR {BR} at (0,0) size 0x19
        LayoutInline {SPAN} at (0,0) size 0x0
          LayoutText {#text} at (0,0) size 0x0
      LayoutBlockFlow (anonymous) at (0,2158.56) size 784x23
        LayoutBlockFlow {H3} at (0,0) size 784x23
          LayoutText {#text} at (0,0) size 162x22
            text run at (0,0) width 162: "In a span"
      LayoutBlockFlow (anonymous) at (0,2200.28) size 784x360
        LayoutInline {SPAN} at (0,0) size 795x359
          LayoutText {#text} at (0,0) size 423x19
            text run at (0,0) width 241: "Word and letter "
            text run at (241,0) width 182: "spacing test "
          LayoutInline {EM} at (0,0) size 33x19
            LayoutText {#text} at (423,0) size 33x19
              text run at (423,0) width 33: "for"
          LayoutText {#text} at (476,0) size 9x19
            text run at (476,0) width 9: " "
          LayoutInline {STRONG} at (0,0) size 98x19
            LayoutText {#text} at (485,0) size 98x19
              text run at (485,0) width 98: "elements"
          LayoutText {#text} at (603,0) size 9x19
            text run at (603,0) width 9: " "
          LayoutInline {TT} at (0,0) size 78x16
            LayoutText {#text} at (612,3) size 78x16
              text run at (612,3) width 78: "within"
          LayoutText {#text} at (0,20) size 168x19
            text run at (0,20) width 168: "elements too."
          LayoutBR {BR} at (188,35) size 0x0
          LayoutText {#text} at (0,40) size 423x19
            text run at (0,40) width 241: "Word and letter "
            text run at (241,40) width 182: "spacing test "
          LayoutInline {EM} at (0,0) size 33x19
            LayoutText {#text} at (423,40) size 33x19
              text run at (423,40) width 33: "for"
          LayoutText {#text} at (476,40) size 9x19
            text run at (476,40) width 9: " "
          LayoutInline {STRONG} at (0,0) size 98x19
            LayoutText {#text} at (485,40) size 98x19
              text run at (485,40) width 98: "elements"
          LayoutText {#text} at (603,40) size 9x19
            text run at (603,40) width 9: " "
          LayoutInline {TT} at (0,0) size 78x16
            LayoutText {#text} at (612,43) size 78x16
              text run at (612,43) width 78: "within"
          LayoutText {#text} at (0,60) size 124x19
            text run at (0,60) width 124: "elements "
          LayoutText {#text} at (124,60) size 635x19
            text run at (124,60) width 635: "too. (with comment between elements and too)"
          LayoutBR {BR} at (779,75) size 0x0
          LayoutText {#text} at (0,80) size 423x19
            text run at (0,80) width 241: "Word and letter "
            text run at (241,80) width 182: "spacing test "
          LayoutInline {EM} at (0,0) size 33x19
            LayoutText {#text} at (423,80) size 33x19
              text run at (423,80) width 33: "for"
          LayoutText {#text} at (476,80) size 9x19
            text run at (476,80) width 9: " "
          LayoutInline {STRONG} at (0,0) size 98x19
            LayoutText {#text} at (485,80) size 98x19
              text run at (485,80) width 98: "elements"
          LayoutText {#text} at (603,80) size 9x19
            text run at (603,80) width 9: " "
          LayoutInline {TT} at (0,0) size 78x16
            LayoutText {#text} at (612,83) size 78x16
              text run at (612,83) width 78: "within"
          LayoutText {#text} at (0,100) size 95x19
            text run at (0,100) width 95: "elements"
          LayoutText {#text} at (115,100) size 677x39
            text run at (115,100) width 562: " too. (with comment (no preceding space)"
            text run at (0,120) width 353: "between elements and too)"
          LayoutBR {BR} at (373,135) size 0x0
          LayoutText {#text} at (0,140) size 423x19
            text run at (0,140) width 241: "Word and letter "
            text run at (241,140) width 182: "spacing test "
          LayoutInline {EM} at (0,0) size 33x19
            LayoutText {#text} at (423,140) size 33x19
              text run at (423,140) width 33: "for"
          LayoutText {#text} at (476,140) size 9x19
            text run at (476,140) width 9: " "
          LayoutInline {STRONG} at (0,0) size 98x19
            LayoutText {#text} at (485,140) size 98x19
              text run at (485,140) width 98: "elements"
          LayoutText {#text} at (603,140) size 9x19
            text run at (603,140) width 9: " "
          LayoutInline {TT} at (0,0) size 78x16
            LayoutText {#text} at (612,143) size 78x16
              text run at (612,143) width 78: "within"
          LayoutText {#text} at (0,160) size 124x19
            text run at (0,160) width 124: "elements "
          LayoutText {#text} at (124,160) size 771x39
            text run at (124,160) width 647: "too. (with comment (no trailing space) between"
            text run at (0,180) width 236: "elements and too)"
          LayoutBR {BR} at (256,195) size 0x0
          LayoutInline {SPAN} at (0,0) size 653x16
            LayoutText {#text} at (0,203) size 477x16
              text run at (0,203) width 268: "Word and letter "
              text run at (268,203) width 209: "spacing test "
            LayoutInline {EM} at (0,0) size 39x17
              LayoutText {#text} at (477,202) size 39x17
                text run at (477,202) width 39: "for"
            LayoutText {#text} at (536,203) size 13x16
              text run at (536,203) width 13: " "
            LayoutInline {STRONG} at (0,0) size 104x16
              LayoutText {#text} at (549,203) size 104x16
                text run at (549,203) width 104: "elements"
          LayoutText {#text} at (673,200) size 9x19
            text run at (673,200) width 9: " "
          LayoutInline {TT} at (0,0) size 78x16
            LayoutText {#text} at (682,203) size 78x16
              text run at (682,203) width 78: "within"
          LayoutText {#text} at (0,220) size 688x39
            text run at (0,220) width 688: "elements too. (with monospace font from Word to"
            text run at (0,240) width 105: "elements)"
          LayoutBR {BR} at (125,255) size 0x0
          LayoutText {#text} at (0,260) size 423x19
            text run at (0,260) width 241: "Word and letter "
            text run at (241,260) width 182: "spacing test "
          LayoutInline {SPAN} at (0,0) size 287x16
            LayoutInline {EM} at (0,0) size 39x17
              LayoutText {#text} at (423,262) size 39x17
                text run at (423,262) width 39: "for"
            LayoutText {#text} at (482,263) size 13x16
              text run at (482,263) width 13: " "
            LayoutInline {STRONG} at (0,0) size 104x16
              LayoutText {#text} at (495,263) size 104x16
                text run at (495,263) width 104: "elements"
            LayoutText {#text} at (619,263) size 13x16
              text run at (619,263) width 13: " "
            LayoutInline {TT} at (0,0) size 78x16
              LayoutText {#text} at (632,263) size 78x16
                text run at (632,263) width 78: "within"
          LayoutText {#text} at (0,280) size 775x19
            text run at (0,280) width 775: "elements too. (with monospace font from for to within)"
          LayoutBR {BR} at (795,295) size 0x0
          LayoutText {#text} at (0,300) size 423x19
            text run at (0,300) width 241: "Word and letter "
            text run at (241,300) width 182: "spacing test "
          LayoutInline {EM} at (0,0) size 33x19
            LayoutText {#text} at (423,300) size 33x19
              text run at (423,300) width 33: "for"
          LayoutText {#text} at (476,300) size 9x19
            text run at (476,300) width 9: " "
          LayoutInline {STRONG} at (0,0) size 98x19
            LayoutText {#text} at (485,300) size 98x19
              text run at (485,300) width 98: "elements"
          LayoutText {#text} at (603,300) size 9x19
            text run at (603,300) width 9: " "
          LayoutInline {SPAN} at (0,0) size 690x36
            LayoutInline {TT} at (0,0) size 78x16
              LayoutText {#text} at (612,303) size 78x16
                text run at (612,303) width 78: "within"
            LayoutText {#text} at (0,323) size 176x16
              text run at (0,323) width 176: "elements too"
          LayoutText {#text} at (176,320) size 745x39
            text run at (176,320) width 569: ". (with monospace font from elements to"
            text run at (0,340) width 45: "too)"
        LayoutText {#text} at (0,0) size 0x0
