layer at (0,0) size 800x600
  LayoutView at (0,0) size 800x600
layer at (0,0) size 800x600
  LayoutBlockFlow {HTML} at (0,0) size 800x600
    LayoutBlockFlow {BODY} at (8,8) size 784x576
      LayoutBlockFlow (anonymous) at (0,0) size 784x36
        LayoutText {#text} at (0,0) size 780x36
          text run at (0,0) width 780: "This tests whether alt text is shown for image elements with no src attribute. You should see \"Success\" twice, followed by"
          text run at (0,18) width 106: "a blue rectangle."
      LayoutBlockFlow {P} at (0,52) size 784x95
        LayoutBlockFlow {IMG} at (0,0) size 66.66x18
          LayoutInline {SPAN} at (0,0) size 51x18
            LayoutImage (floating) {IMG} at (0,0) size 16x16
            LayoutInline {SPAN} at (0,0) size 51x18
              LayoutText {#text} at (16,0) size 51x18
                text run at (16,0) width 51: "Success"
        LayoutBR {BR} at (66,14) size 1x0
        LayoutBlockFlow {IMG} at (0,18) size 102x52 [border: (1px solid #000000)]
        LayoutBR {BR} at (102,69) size 0x0
        LayoutImage {IMG} at (0,70) size 75x25
        LayoutBR {BR} at (75,95) size 0x0
layer at (9,79) size 100x50 clip at (10,80) size 98x48
  LayoutBlockFlow {SPAN} at (1,1) size 100x50 [border: (1px solid #C0C0C0)]
    LayoutImage (floating) {IMG} at (2,2) size 16x16
    LayoutInline {SPAN} at (0,0) size 51x18
      LayoutText {#text} at (18,2) size 51x18
        text run at (18,2) width 51: "Success"
