layer at (0,0) size 800x600
  LayoutView at (0,0) size 800x600
layer at (0,0) size 800x556
  LayoutBlockFlow {HTML} at (0,0) size 800x556
    LayoutBlockFlow {BODY} at (8,16) size 784x520
      LayoutBlockFlow {P} at (0,0) size 784x36
        LayoutText {#text} at (0,0) size 783x36
          text run at (0,0) width 783: "Test ensures that nested transformed elements produce the same result as a single compound transform.You should not see"
          text run at (0,18) width 192: "any red in the two tests below"
layer at (78,72) size 402x222
  LayoutBlockFlow (relative positioned) {DIV} at (20,56) size 402x222 [border: (1px solid #000000)]
    LayoutBlockFlow {P} at (1,17) size 400x18
      LayoutText {#text} at (0,0) size 88x18
        text run at (0,0) width 88: "Translate first"
layer at (79,123) size 80x80
  LayoutBlockFlow (positioned) {DIV} at (1,51) size 80x80
layer at (154,143) size 80x80
  LayoutBlockFlow (positioned) {DIV} at (0,0) size 80x80
layer at (79,123) size 80x80
  LayoutBlockFlow (positioned) {DIV} at (0,0) size 80x80
layer at (79,123) size 80x80
  LayoutBlockFlow (positioned) {DIV} at (0,0) size 80x80 [bgcolor=#FF0000]
    LayoutText {#text} at (0,0) size 66x18
      text run at (0,0) width 66: "Individual"
layer at (79,123) size 80x80
  LayoutBlockFlow (positioned) {DIV} at (1,51) size 80x80 [bgcolor=#008000]
layer at (78,314) size 402x222
  LayoutBlockFlow (relative positioned) {DIV} at (20,298) size 402x222 [border: (1px solid #000000)]
    LayoutBlockFlow {P} at (1,17) size 400x18
      LayoutText {#text} at (0,0) size 108x18
        text run at (0,0) width 108: "Translate second"
layer at (79,365) size 80x80
  LayoutBlockFlow (positioned) {DIV} at (1,51) size 80x80
layer at (79,365) size 80x80
  LayoutBlockFlow (positioned) {DIV} at (0,0) size 80x80
layer at (79,365) size 80x80
  LayoutBlockFlow (positioned) {DIV} at (0,0) size 80x80
layer at (79,365) size 80x80
  LayoutBlockFlow (positioned) {DIV} at (0,0) size 80x80 [bgcolor=#FF0000]
    LayoutText {#text} at (0,0) size 66x18
      text run at (0,0) width 66: "Individual"
layer at (79,365) size 80x80
  LayoutBlockFlow (positioned) {DIV} at (1,51) size 80x80 [bgcolor=#008000]
