layer at (0,0) size 800x600
  LayoutView at (0,0) size 800x600
layer at (0,0) size 800x524
  LayoutBlockFlow {HTML} at (0,0) size 800x524
    LayoutBlockFlow {BODY} at (8,16) size 784x478
      LayoutBlockFlow {P} at (0,0) size 784x18
        LayoutText {#text} at (0,0) size 558x18
          text run at (0,0) width 558: "Tests that origin of rotation is the center of the border box, with and without box-sizing"
      LayoutBlockFlow {DIV} at (30,48) size 200x200 [bgcolor=#FF0000]
      LayoutBlockFlow {DIV} at (30,278) size 200x200 [bgcolor=#FF0000]
layer at (38,64) size 200x200
  LayoutBlockFlow {DIV} at (0,0) size 200x200 [bgcolor=#008000] [border: none (100px solid #808080) none]
    LayoutText {#text} at (0,0) size 72x36
      text run at (0,0) width 72: "box-sizing:"
      text run at (0,18) width 28: "auto"
layer at (38,294) size 200x200
  LayoutBlockFlow {DIV} at (0,0) size 200x200 [bgcolor=#008000] [border: none (100px solid #808080) none]
    LayoutText {#text} at (0,0) size 72x36
      text run at (0,0) width 72: "box-sizing:"
      text run at (0,18) width 28: "auto"
