layer at (0,0) size 800x600
  LayoutView at (0,0) size 800x600
layer at (0,0) size 800x600
  LayoutBlockFlow {HTML} at (0,0) size 800x600
    LayoutBlockFlow {BODY} at (8,8) size 784x584
      LayoutBlockFlow (anonymous) at (0,0) size 784x20
        LayoutText {#text} at (0,0) size 132x19
          text run at (0,0) width 132: "and the page works.)"
      LayoutTable {TABLE} at (0,20) size 191x56 [border: (1px outset #808080)]
        LayoutTableSection {TBODY} at (1,1) size 189x54
          LayoutTableRow {TR} at (0,2) size 189x24
            LayoutTableCell {TD} at (2,2) size 97x24 [border: (1px inset #808080)] [r=0 c=0 rs=1 cs=1]
              LayoutText {#text} at (2,2) size 51x19
                text run at (2,2) width 51: "img-cap"
            LayoutTableCell {TD} at (101,5) size 86x44 [border: (1px inset #808080)] [r=0 c=1 rs=2 cs=1]
              LayoutText {#text} at (2,2) size 78x19
                text run at (2,2) width 78: "img-features"
              LayoutBR {BR} at (80,17) size 0x0
              LayoutText {#text} at (2,22) size 82x19
                text run at (2,22) width 82: "img-holidays"
              LayoutBR {BR} at (84,37) size 0x0
          LayoutTableRow {TR} at (0,28) size 189x24
            LayoutTableCell {TD} at (2,28) size 97x24 [border: (1px inset #808080)] [r=1 c=0 rs=1 cs=1]
              LayoutText {#text} at (2,2) size 93x19
                text run at (2,2) width 93: "img-projo.com"
