layer at (0,0) size 800x600
  LayoutView at (0,0) size 800x600
layer at (0,0) size 800x600
  LayoutBlockFlow {HTML} at (0,0) size 800x600
    LayoutBlockFlow {BODY} at (8,8) size 784x584
      LayoutTable {TABLE} at (0,0) size 249x46 [border: (1px outset #808080)]
        LayoutTableSection {TBODY} at (1,1) size 247x44
          LayoutTableRow {TR} at (0,0) size 247x22
            LayoutTableCell {TD} at (0,0) size 247x22 [border: (1px inset #808080)] [r=0 c=0 rs=1 cs=1]
              LayoutBlockFlow {DT} at (1,1) size 245x20
                LayoutText {#text} at (0,0) size 245x19
                  text run at (0,0) width 245: "Richard Pizzarro<rhp@netscape.com>"
          LayoutTableRow {TR} at (0,22) size 247x22
            LayoutTableCell {TD} at (0,22) size 247x22 [border: (1px inset #808080)] [r=1 c=0 rs=1 cs=1]
              LayoutText {#text} at (1,1) size 179x19
                text run at (1,1) width 179: "Architect Rich's Home Page"
