layer at (0,0) size 800x600
  LayoutView at (0,0) size 800x600
layer at (0,0) size 800x600
  LayoutBlockFlow {HTML} at (0,0) size 800x600
    LayoutBlockFlow {BODY} at (8,8) size 784x584
      LayoutBlockFlow (anonymous) at (0,0) size 784x20
        LayoutText {#text} at (0,0) size 4x19
          text run at (0,0) width 4: " "
      LayoutTable {TABLE} at (0,20) size 210x100 [border: (3px solid #0000BB)]
        LayoutBlockFlow {CAPTION} at (0,0) size 210x40
          LayoutText {#text} at (7,0) size 196x39
            text run at (7,0) width 196: "Testing BORDERCOLOR tag"
            text run at (25,20) width 160: "the border shood be blue."
        LayoutTableSection {TBODY} at (3,43) size 204x54
          LayoutTableRow {TR} at (0,2) size 204x24
            LayoutTableCell {TD} at (2,2) size 35x24 [border: (1px solid #0000BB)] [r=0 c=0 rs=1 cs=1]
              LayoutText {#text} at (2,2) size 31x19
                text run at (2,2) width 31: "mike"
            LayoutTableCell {TD} at (39,2) size 29x24 [border: (1px solid #0000BB)] [r=0 c=1 rs=1 cs=1]
              LayoutText {#text} at (2,2) size 25x19
                text run at (2,2) width 25: "was"
            LayoutTableCell {TD} at (70,2) size 31x24 [border: (1px solid #0000BB)] [r=0 c=2 rs=1 cs=1]
              LayoutText {#text} at (2,2) size 27x19
                text run at (2,2) width 27: "here"
            LayoutTableCell {TD} at (103,2) size 35x24 [border: (1px solid #0000BB)] [r=0 c=3 rs=1 cs=1]
              LayoutText {#text} at (2,2) size 31x19
                text run at (2,2) width 31: "mike"
            LayoutTableCell {TD} at (140,2) size 29x24 [border: (1px solid #0000BB)] [r=0 c=4 rs=1 cs=1]
              LayoutText {#text} at (2,2) size 25x19
                text run at (2,2) width 25: "was"
            LayoutTableCell {TD} at (171,2) size 31x24 [border: (1px solid #0000BB)] [r=0 c=5 rs=1 cs=1]
              LayoutText {#text} at (2,2) size 27x19
                text run at (2,2) width 27: "here"
          LayoutTableRow {TR} at (0,28) size 204x24
            LayoutTableCell {TD} at (2,28) size 35x24 [border: (1px solid #0000BB)] [r=1 c=0 rs=1 cs=1]
              LayoutText {#text} at (2,2) size 31x19
                text run at (2,2) width 31: "mike"
            LayoutTableCell {TD} at (39,28) size 29x24 [border: (1px solid #0000BB)] [r=1 c=1 rs=1 cs=1]
              LayoutText {#text} at (2,2) size 25x19
                text run at (2,2) width 25: "was"
            LayoutTableCell {TD} at (70,28) size 31x24 [border: (1px solid #0000BB)] [r=1 c=2 rs=1 cs=1]
              LayoutText {#text} at (2,2) size 27x19
                text run at (2,2) width 27: "here"
            LayoutTableCell {TD} at (103,28) size 35x24 [border: (1px solid #0000BB)] [r=1 c=3 rs=1 cs=1]
              LayoutText {#text} at (2,2) size 31x19
                text run at (2,2) width 31: "mike"
            LayoutTableCell {TD} at (140,28) size 29x24 [border: (1px solid #0000BB)] [r=1 c=4 rs=1 cs=1]
              LayoutText {#text} at (2,2) size 25x19
                text run at (2,2) width 25: "was"
            LayoutTableCell {TD} at (171,28) size 31x24 [border: (1px solid #0000BB)] [r=1 c=5 rs=1 cs=1]
              LayoutText {#text} at (2,2) size 27x19
                text run at (2,2) width 27: "here"
