layer at (0,0) size 800x600
  LayoutView at (0,0) size 800x600
layer at (0,0) size 800x600
  LayoutBlockFlow {HTML} at (0,0) size 800x600
    LayoutBlockFlow {BODY} at (8,8) size 784x576 [bgcolor=#FFFFFF]
      LayoutBlockFlow {H4} at (0,0) size 784x20
        LayoutText {#text} at (0,0) size 538x19
          text run at (0,0) width 538: "TBODY is not correctly positioned when TFOOT is present but THEAD is not:"
      LayoutTable {TABLE} at (0,41.27) size 67x56 [border: (1px outset #808080)]
        LayoutTableSection {TFOOT} at (1,29) size 65x26
          LayoutTableRow {TR} at (0,0) size 65x24
            LayoutTableCell {TD} at (2,0) size 61x24 [border: (1px inset #808080)] [r=0 c=0 rs=1 cs=1]
              LayoutText {#text} at (2,2) size 53x19
                text run at (2,2) width 53: "TFOOT"
        LayoutTableSection {TBODY} at (1,1) size 65x28
          LayoutTableRow {TR} at (0,2) size 65x24
            LayoutTableCell {TD} at (2,2) size 61x24 [border: (1px inset #808080)] [r=0 c=0 rs=1 cs=1]
              LayoutText {#text} at (2,2) size 57x19
                text run at (2,2) width 57: "TBODY"
      LayoutBlockFlow (anonymous) at (0,97.27) size 784x20
        LayoutBR {BR} at (0,0) size 0x19
      LayoutTable {TABLE} at (0,117.27) size 68x82 [border: (1px outset #808080)]
        LayoutTableSection {THEAD} at (1,1) size 66x28
          LayoutTableRow {TR} at (0,2) size 66x24
            LayoutTableCell {TH} at (2,2) size 62x24 [border: (1px inset #808080)] [r=0 c=0 rs=1 cs=1]
              LayoutText {#text} at (2,2) size 58x19
                text run at (2,2) width 58: "THEAD"
        LayoutTableSection {TFOOT} at (1,55) size 66x26
          LayoutTableRow {TR} at (0,0) size 66x24
            LayoutTableCell {TD} at (2,0) size 62x24 [border: (1px inset #808080)] [r=0 c=0 rs=1 cs=1]
              LayoutText {#text} at (2,2) size 53x19
                text run at (2,2) width 53: "TFOOT"
        LayoutTableSection {TBODY} at (1,29) size 66x26
          LayoutTableRow {TR} at (0,0) size 66x24
            LayoutTableCell {TD} at (2,0) size 62x24 [border: (1px inset #808080)] [r=0 c=0 rs=1 cs=1]
              LayoutText {#text} at (2,2) size 57x19
                text run at (2,2) width 57: "TBODY"
      LayoutBlockFlow {P} at (0,215.27) size 784x234
        LayoutBlockFlow (anonymous) at (0,0) size 784x20
          LayoutText {#text} at (0,0) size 154x19
            text run at (0,0) width 154: "Same as above but with "
          LayoutInline {CODE} at (0,0) size 128x16
            LayoutText {#text} at (154,3) size 128x16
              text run at (154,3) width 128: "CELLSPACING=\"10\""
          LayoutText {#text} at (282,0) size 4x19
            text run at (282,0) width 4: ":"
        LayoutTable {TABLE} at (0,20) size 83x80 [border: (1px outset #808080)]
          LayoutTableSection {TFOOT} at (1,45) size 81x34
            LayoutTableRow {TR} at (0,0) size 81x24
              LayoutTableCell {TD} at (10,0) size 61x24 [border: (1px inset #808080)] [r=0 c=0 rs=1 cs=1]
                LayoutText {#text} at (2,2) size 53x19
                  text run at (2,2) width 53: "TFOOT"
          LayoutTableSection {TBODY} at (1,1) size 81x44
            LayoutTableRow {TR} at (0,10) size 81x24
              LayoutTableCell {TD} at (10,10) size 61x24 [border: (1px inset #808080)] [r=0 c=0 rs=1 cs=1]
                LayoutText {#text} at (2,2) size 57x19
                  text run at (2,2) width 57: "TBODY"
        LayoutBlockFlow (anonymous) at (0,100) size 784x20
          LayoutBR {BR} at (0,0) size 0x19
        LayoutTable {TABLE} at (0,120) size 84x114 [border: (1px outset #808080)]
          LayoutTableSection {THEAD} at (1,1) size 82x44
            LayoutTableRow {TR} at (0,10) size 82x24
              LayoutTableCell {TH} at (10,10) size 62x24 [border: (1px inset #808080)] [r=0 c=0 rs=1 cs=1]
                LayoutText {#text} at (2,2) size 58x19
                  text run at (2,2) width 58: "THEAD"
          LayoutTableSection {TFOOT} at (1,79) size 82x34
            LayoutTableRow {TR} at (0,0) size 82x24
              LayoutTableCell {TD} at (10,0) size 62x24 [border: (1px inset #808080)] [r=0 c=0 rs=1 cs=1]
                LayoutText {#text} at (2,2) size 53x19
                  text run at (2,2) width 53: "TFOOT"
          LayoutTableSection {TBODY} at (1,45) size 82x34
            LayoutTableRow {TR} at (0,0) size 82x24
              LayoutTableCell {TD} at (10,0) size 62x24 [border: (1px inset #808080)] [r=0 c=0 rs=1 cs=1]
                LayoutText {#text} at (2,2) size 57x19
                  text run at (2,2) width 57: "TBODY"
