layer at (0,0) size 800x600
  LayoutView at (0,0) size 800x600
layer at (0,0) size 800x600
  LayoutBlockFlow {HTML} at (0,0) size 800x600
    LayoutBlockFlow {BODY} at (8,8) size 784x584
      LayoutTable {TABLE} at (0,0) size 784x100 [border: (1px outset #808080)]
        LayoutTableSection {TBODY} at (1,1) size 782x98
          LayoutTableRow {TR} at (0,2) size 782x94
            LayoutTableCell {TD} at (2,2) size 621x94 [border: (1px inset #808080)] [r=0 c=0 rs=1 cs=1]
              LayoutBlockFlow (anonymous) at (2,2) size 617x20
                LayoutText {#text} at (0,0) size 253x19
                  text run at (0,0) width 253: "some normal text before the nested table"
              LayoutTable {TABLE} at (52,22) size 555x50 [border: (1px outset #808080)]
                LayoutTableSection {TBODY} at (1,1) size 553x48
                  LayoutTableRow {TR} at (0,2) size 553x44
                    LayoutTableCell {TD} at (2,2) size 181x44 [border: (1px inset #808080)] [r=0 c=0 rs=1 cs=1]
                      LayoutText {#text} at (2,2) size 158x39
                        text run at (2,2) width 158: "selection of words to pad"
                        text run at (2,22) width 56: "table cell"
                    LayoutTableCell {TD} at (185,2) size 182x44 [border: (1px inset #808080)] [r=0 c=1 rs=1 cs=1]
                      LayoutText {#text} at (2,2) size 158x39
                        text run at (2,2) width 158: "selection of words to pad"
                        text run at (2,22) width 56: "table cell"
                    LayoutTableCell {TD} at (369,2) size 182x44 [border: (1px inset #808080)] [r=0 c=2 rs=1 cs=1]
                      LayoutText {#text} at (2,2) size 158x39
                        text run at (2,2) width 158: "selection of words to pad"
                        text run at (2,22) width 56: "table cell"
              LayoutBlockFlow (anonymous) at (2,72) size 617x20
                LayoutText {#text} at (0,0) size 241x19
                  text run at (0,0) width 241: "some normal text after the nested table"
            LayoutTableCell {TD} at (625,27) size 155x44 [border: (1px inset #808080)] [r=0 c=1 rs=1 cs=1]
              LayoutText {#text} at (2,2) size 145x39
                text run at (2,2) width 145: "contents of table cell to"
                text run at (2,22) width 29: "right"
      LayoutTable {TABLE} at (0,100) size 784x100 [border: (1px outset #808080)]
        LayoutTableSection {TBODY} at (1,1) size 782x98
          LayoutTableRow {TR} at (0,2) size 782x94
            LayoutTableCell {TD} at (2,2) size 621x94 [border: (1px inset #808080)] [r=0 c=0 rs=1 cs=1]
              LayoutBlockFlow (anonymous) at (2,2) size 617x20
                LayoutText {#text} at (0,0) size 253x19
                  text run at (0,0) width 253: "some normal text before the nested table"
              LayoutTable {TABLE} at (52,22) size 567x50 [border: (1px outset #808080)]
                LayoutTableSection {TBODY} at (1,1) size 565x48
                  LayoutTableRow {TR} at (0,2) size 565x44
                    LayoutTableCell {TD} at (2,2) size 185x44 [border: (1px inset #808080)] [r=0 c=0 rs=1 cs=1]
                      LayoutText {#text} at (2,2) size 158x39
                        text run at (2,2) width 158: "selection of words to pad"
                        text run at (2,22) width 56: "table cell"
                    LayoutTableCell {TD} at (189,2) size 186x44 [border: (1px inset #808080)] [r=0 c=1 rs=1 cs=1]
                      LayoutText {#text} at (2,2) size 158x39
                        text run at (2,2) width 158: "selection of words to pad"
                        text run at (2,22) width 56: "table cell"
                    LayoutTableCell {TD} at (377,2) size 186x44 [border: (1px inset #808080)] [r=0 c=2 rs=1 cs=1]
                      LayoutText {#text} at (2,2) size 158x39
                        text run at (2,2) width 158: "selection of words to pad"
                        text run at (2,22) width 56: "table cell"
              LayoutBlockFlow (anonymous) at (2,72) size 617x20
                LayoutText {#text} at (0,0) size 241x19
                  text run at (0,0) width 241: "some normal text after the nested table"
            LayoutTableCell {TD} at (625,27) size 155x44 [border: (1px inset #808080)] [r=0 c=1 rs=1 cs=1]
              LayoutText {#text} at (2,2) size 145x39
                text run at (2,2) width 145: "contents of table cell to"
                text run at (2,22) width 29: "right"
      LayoutTable {TABLE} at (0,200) size 784x128 [border: (1px outset #808080)]
        LayoutTableSection {TBODY} at (1,1) size 782x126
          LayoutTableRow {TR} at (0,2) size 782x122
            LayoutTableCell {TD} at (2,2) size 625x122 [border: (1px inset #808080)] [r=0 c=0 rs=1 cs=1]
              LayoutBlockFlow (anonymous) at (2,2) size 621x20
                LayoutText {#text} at (0,0) size 253x19
                  text run at (0,0) width 253: "some normal text before the nested table"
              LayoutTable {TABLE} at (52,22) size 571x78 [border: (10px solid #000000)]
                LayoutTableSection {TBODY} at (15,15) size 541x48
                  LayoutTableRow {TR} at (0,2) size 541x44
                    LayoutTableCell {TD} at (2,2) size 177x44 [border: (1px inset #000000)] [r=0 c=0 rs=1 cs=1]
                      LayoutText {#text} at (2,2) size 158x39
                        text run at (2,2) width 158: "selection of words to pad"
                        text run at (2,22) width 56: "table cell"
                    LayoutTableCell {TD} at (181,2) size 178x44 [border: (1px inset #000000)] [r=0 c=1 rs=1 cs=1]
                      LayoutText {#text} at (2,2) size 158x39
                        text run at (2,2) width 158: "selection of words to pad"
                        text run at (2,22) width 56: "table cell"
                    LayoutTableCell {TD} at (361,2) size 178x44 [border: (1px inset #000000)] [r=0 c=2 rs=1 cs=1]
                      LayoutText {#text} at (2,2) size 158x39
                        text run at (2,2) width 158: "selection of words to pad"
                        text run at (2,22) width 56: "table cell"
              LayoutBlockFlow (anonymous) at (2,100) size 621x20
                LayoutText {#text} at (0,0) size 241x19
                  text run at (0,0) width 241: "some normal text after the nested table"
            LayoutTableCell {TD} at (629,41) size 151x44 [border: (1px inset #808080)] [r=0 c=1 rs=1 cs=1]
              LayoutText {#text} at (2,2) size 145x39
                text run at (2,2) width 145: "contents of table cell to"
                text run at (2,22) width 29: "right"
