layer at (0,0) size 800x600 scrollWidth 808
  LayoutView at (0,0) size 800x600
layer at (0,0) size 800x600
  LayoutBlockFlow {HTML} at (0,0) size 800x600
    LayoutBlockFlow {BODY} at (8,8) size 784x584
      LayoutTable {TABLE} at (0,0) size 800x584 [border: (1px outset #808080)]
        LayoutTableSection {TBODY} at (1,1) size 798x582
          LayoutTableRow {TR} at (0,2) size 798x578
            LayoutTableCell {TD} at (2,2) size 794x578 [border: (1px inset #808080)] [r=0 c=0 rs=1 cs=1]
              LayoutTable {TABLE} at (2,2) size 790x574 [border: (1px outset #808080)]
                LayoutTableSection {TBODY} at (1,1) size 788x572
                  LayoutTableRow {TR} at (0,2) size 788x568
                    LayoutTableCell {TD} at (2,2) size 784x568 [border: (1px inset #808080)] [r=0 c=0 rs=1 cs=1]
layer at (18,18) size 790x564 backgroundClip at (0,0) size 800x600 clip at (0,0) size 800x600
  LayoutIFrame {IFRAME} at (2,2) size 790x564 [border: (5px solid #0000FF)]
    layer at (0,0) size 780x554 clip at (0,0) size 765x554 scrollHeight 2036
      LayoutView at (0,0) size 780x554
    layer at (0,0) size 765x2036 backgroundClip at (0,0) size 765x554 clip at (0,0) size 765x554
      LayoutBlockFlow {HTML} at (0,0) size 765x2036
        LayoutBlockFlow {BODY} at (0,0) size 765x2036 [bgcolor=#53799F]
          LayoutBlockFlow {CENTER} at (0,0) size 765x2036
            LayoutBlockFlow (anonymous) at (0,0) size 765x20
              LayoutBR {BR} at (382,0) size 1x19
            LayoutTable {TABLE} at (19.50,20) size 726x1996 [border: (1px solid #000000)]
              LayoutTableSection {TBODY} at (1,1) size 724x1994
                LayoutTableRow {TR} at (0,0) size 724x22
                  LayoutTableCell {TD} at (0,0) size 724x22 [bgcolor=#3F5694] [border: (1px solid #000000)] [r=0 c=0 rs=1 cs=1]
                    LayoutText {#text} at (343,1) size 38x19
                      text run at (343,1) width 38: "News"
                LayoutTableRow {TR} at (0,22) size 724x42
                  LayoutTableCell {TD} at (0,22) size 724x42 [border: (1px solid #000000)] [r=1 c=0 rs=1 cs=1]
                    LayoutInline {B} at (0,0) size 98x19
                      LayoutText {#text} at (313,1) size 98x19
                        text run at (313,1) width 98: "11. M\x{E4}rz 2002"
                    LayoutBR {BR} at (410,16) size 1x0
                    LayoutText {#text} at (49,21) size 626x19
                      text run at (49,21) width 491: "nun gibt es auch eine kommerzielle Version vom PopUp-Manager, mehr Info "
                      text run at (539,21) width 136: "unter komerz. Scripte"
                LayoutTableRow {TR} at (0,64) size 724x42
                  LayoutTableCell {TD} at (0,64) size 724x42 [border: (1px solid #000000)] [r=2 c=0 rs=1 cs=1]
                    LayoutInline {B} at (0,0) size 94x19
                      LayoutText {#text} at (315,1) size 94x19
                        text run at (315,1) width 94: "09.M\x{E4}rz 2002"
                      LayoutBR {BR} at (408,16) size 1x0
                    LayoutText {#text} at (159,21) size 406x19
                      text run at (159,21) width 406: "neues Script ist online, PopUp-Manager, mehr Info unter Scripte"
                LayoutTableRow {TR} at (0,106) size 724x42
                  LayoutTableCell {TD} at (0,106) size 724x42 [border: (1px solid #000000)] [r=3 c=0 rs=1 cs=1]
                    LayoutText {#text} at (298,1) size 128x19
                      text run at (298,1) width 128: "17. November 2001"
                    LayoutBR {BR} at (425,16) size 1x0
                    LayoutText {#text} at (279,21) size 166x19
                      text run at (279,21) width 166: "Endlich wieder Online! :-)"
                LayoutTableRow {TR} at (0,148) size 724x182
                  LayoutTableCell {TD} at (0,148) size 724x182 [border: (1px solid #000000)] [r=4 c=0 rs=1 cs=1]
                    LayoutText {#text} at (266,1) size 192x19
                      text run at (266,1) width 192: "23. Oktober 2001 (21:00 Uhr)"
                    LayoutBR {BR} at (457,16) size 1x0
                    LayoutText {#text} at (307,21) size 110x19
                      text run at (307,21) width 110: "Es ist vollbracht! "
                    LayoutBR {BR} at (417,36) size 0x0
                    LayoutText {#text} at (202,41) size 320x19
                      text run at (202,41) width 320: "Ich habe nun den .htaccess-BUG bei den Scripten:"
                    LayoutBR {BR} at (521,56) size 1x0
                    LayoutText {#text} at (101,61) size 522x19
                      text run at (101,61) width 522: "The Real Topsites, Sponsor Manager, Download Manager und Password Manager"
                    LayoutBR {BR} at (622,76) size 1x0
                    LayoutText {#text} at (119,81) size 486x19
                      text run at (119,81) width 427: "abgeschafft, brauchte 2 Tage daf\x{FC}r, dabei lag der Fehler vor meiner "
                      text run at (545,81) width 60: "Nase ! :-)"
                    LayoutBR {BR} at (604,96) size 1x0
                    LayoutText {#text} at (11,101) size 720x79
                      text run at (11,101) width 377: "F\x{FC}r Euch hei\x{DF}t es, wenn Ihr eines der Scripte benutzt, ladet "
                      text run at (387,101) width 326: "Euch die admin.cgi runter und vereinbart unbedingt"
                      text run at (2,121) width 134: "ein neues Password! "
                      text run at (135,121) width 452: "Au\x{DF}erdem wurde bei der Toplist die Sache mit dem Button Load/Klick "
                      text run at (586,121) width 136: "um programmiert, f\x{FC}r"
                      text run at (20,141) width 330: "die Leute die den Button Load/Klick Modus haben, "
                      text run at (350,141) width 354: "Ihr m\x{FC}st Euch auch die topsites.cgi laden und im Admin"
                      text run at (159,161) width 89: "Bereich unter "
                      text run at (248,161) width 317: "Modus unten die URL zu Eurem Button angeben!"
                LayoutTableRow {TR} at (0,330) size 724x42
                  LayoutTableCell {TD} at (0,330) size 724x42 [border: (1px solid #000000)] [r=5 c=0 rs=1 cs=1]
                    LayoutText {#text} at (306,1) size 112x19
                      text run at (306,1) width 112: "22. Oktober 2001"
                    LayoutBR {BR} at (418,16) size 0x0
                    LayoutText {#text} at (124,21) size 476x19
                      text run at (124,21) width 430: "Download-Bereich ist vorrerst geschlo\x{DF}en, kommen Sie bitte sp\x{E4}ter "
                      text run at (553,21) width 47: "wieder."
                LayoutTableRow {TR} at (0,372) size 724x62
                  LayoutTableCell {TD} at (0,372) size 724x62 [border: (1px solid #000000)] [r=6 c=0 rs=1 cs=1]
                    LayoutText {#text} at (266,1) size 192x19
                      text run at (266,1) width 192: "21. Oktober 2001 (22:45 Uhr)"
                    LayoutBR {BR} at (457,16) size 1x0
                    LayoutText {#text} at (27,21) size 670x39
                      text run at (27,21) width 411: "OK, sorry f\x{FC}r die Unannehmlichkeiten, aber Ihr m\x{FC}sst Euch nun "
                      text run at (437,21) width 260: "noch mal die Scripte runter laden und die"
                      text run at (39,41) width 206: "admin.cgi erneuern, hier kommt "
                      text run at (244,41) width 441: "noch das Password-Manager-Script dazu, sollte jetzt alles sicher sein! "
                    LayoutBR {BR} at (0,0) size 0x0
                LayoutTableRow {TR} at (0,434) size 724x122
                  LayoutTableCell {TD} at (0,434) size 724x122 [border: (1px solid #000000)] [r=7 c=0 rs=1 cs=1]
                    LayoutText {#text} at (266,1) size 192x19
                      text run at (266,1) width 192: "21. Oktober 2001 (20:50 Uhr)"
                    LayoutBR {BR} at (457,16) size 1x0
                    LayoutText {#text} at (169,21) size 386x19
                      text run at (169,21) width 386: "An alle Leute die follgende Scripte von G5-Scripts benutzen:"
                    LayoutBR {BR} at (554,36) size 1x0
                    LayoutText {#text} at (180,41) size 364x19
                      text run at (180,41) width 364: "The Real Topsites, Download Counter, Sponsor Manager"
                    LayoutBR {BR} at (543,56) size 1x0
                    LayoutText {#text} at (25,61) size 674x19
                      text run at (25,61) width 467: "bitte noch ein mal runter laden und die admin.cgi erneuern, beim Sponsor "
                      text run at (491,61) width 208: "Manager kommt noch eine Datei"
                    LayoutBR {BR} at (698,76) size 1x0
                    LayoutText {#text} at (304,81) size 116x19
                      text run at (304,81) width 116: "'variable.pl' dazu!!"
                    LayoutBR {BR} at (420,96) size 0x0
                    LayoutText {#text} at (75,101) size 574x19
                      text run at (75,101) width 472: "Der Grund : man hat festgestellt das .htaccess Password Schutz doch nicht "
                      text run at (547,101) width 102: "das sicherste ist!"
                LayoutTableRow {TR} at (0,556) size 724x198
                  LayoutTableCell {TD} at (0,556) size 724x198 [border: (1px solid #000000)] [r=8 c=0 rs=1 cs=1]
                    LayoutBlockFlow {P} at (1,1) size 722x140
                      LayoutText {#text} at (305,0) size 112x19
                        text run at (305,0) width 112: "13. Oktober 2001"
                      LayoutBR {BR} at (417,15) size 0x0
                      LayoutText {#text} at (80,20) size 562x19
                        text run at (80,20) width 483: "Ich habe es nun endlich geschafft das Gateway bei der Toplist mit IP-Sperre "
                        text run at (562,20) width 80: "zu versehen,"
                      LayoutBR {BR} at (641,35) size 1x0
                      LayoutText {#text} at (1,40) size 720x19
                        text run at (1,40) width 442: "dabei war der Fehler den ich vorher nicht verstand eine simple Sache, "
                        text run at (443,40) width 278: "h\x{E4}tte ich doch ein wenig mehr nachgedacht!"
                      LayoutBR {BR} at (721,55) size 0x0
                      LayoutText {#text} at (3,60) size 716x79
                        text run at (3,60) width 430: "Des weiteren habe ich noch die Datensicherung umgeschrieben, f\x{FC}r "
                        text run at (433,60) width 286: "alle die Listen deren Hits ab und zu mal auf 0"
                        text run at (15,80) width 140: "gesetzt werden, sollte "
                        text run at (154,80) width 455: "jetzt nicht mehr passieren und ich habe noch den Mail Versand aus dem "
                        text run at (608,80) width 99: "Admin-Bereich"
                        text run at (18,100) width 348: "umgeschrieben und zwar wurde fr\x{FC}her der Text immer "
                        text run at (365,100) width 339: "zusammen gequetscht, die Enters wurden so zu sagen"
                        text run at (279,120) width 92: "ignoriert, jetzt "
                        text run at (370,120) width 73: "nicht mehr!"
                    LayoutBlockFlow {P} at (1,157) size 722x40
                      LayoutText {#text} at (10,0) size 702x39
                        text run at (10,0) width 374: ">> F\x{FC}r alle die das Script vor dem 11.10.01 runter geladen "
                        text run at (383,0) width 329: "haben, Ihr solltet es Euch noch mal runter laden und"
                        text run at (121,20) width 144: "die folgenden Dateien "
                        text run at (264,20) width 337: "durch die neuen ersetzen: topsites.cgi und admin.cgi ."
                LayoutTableRow {TR} at (0,754) size 724x42
                  LayoutTableCell {TD} at (0,754) size 724x42 [border: (1px solid #000000)] [r=9 c=0 rs=1 cs=1]
                    LayoutText {#text} at (306,1) size 112x19
                      text run at (306,1) width 112: "11. Oktober 2001"
                    LayoutBR {BR} at (417,16) size 1x0
                    LayoutText {#text} at (120,21) size 484x19
                      text run at (120,21) width 484: "neues Script ist online, .htaccess-Password-Manager, mehr Info unter Scripte"
                LayoutTableRow {TR} at (0,796) size 724x42
                  LayoutTableCell {TD} at (0,796) size 724x42 [border: (1px solid #000000)] [r=10 c=0 rs=1 cs=1]
                    LayoutText {#text} at (298,1) size 128x19
                      text run at (298,1) width 128: "08. September 2001"
                    LayoutBR {BR} at (425,16) size 1x0
                    LayoutText {#text} at (196,21) size 332x19
                      text run at (196,21) width 332: "Eine neu Version des Download Counters ist online!"
                LayoutTableRow {TR} at (0,838) size 724x62
                  LayoutTableCell {TD} at (0,838) size 724x62 [border: (1px solid #000000)] [r=11 c=0 rs=1 cs=1]
                    LayoutText {#text} at (309,1) size 106x19
                      text run at (309,1) width 106: "11. August 2001"
                    LayoutBR {BR} at (414,16) size 1x0
                    LayoutText {#text} at (29,21) size 666x19
                      text run at (29,21) width 444: "Ich habe so eben eine random.cgi f\x{FC}r den Topsites Script geschrieben. "
                      text run at (472,21) width 223: "Die random.cgi f\x{FC}hrt den Besucher"
                    LayoutBR {BR} at (694,36) size 1x0
                    LayoutText {#text} at (251,41) size 222x19
                      text run at (251,41) width 222: "auf eine zuf\x{E4}llig ausgew\x{E4}hlte Seite."
                LayoutTableRow {TR} at (0,900) size 724x62
                  LayoutTableCell {TD} at (0,900) size 724x62 [border: (1px solid #000000)] [r=12 c=0 rs=1 cs=1]
                    LayoutText {#text} at (309,1) size 106x19
                      text run at (309,1) width 106: "08. August 2001"
                    LayoutBR {BR} at (415,16) size 0x0
                    LayoutText {#text} at (94,21) size 536x19
                      text run at (94,21) width 462: "Ich schreibe gerade eine neue Version von dem Download Counter, bitte "
                      text run at (555,21) width 75: "schreibt mir"
                    LayoutBR {BR} at (629,36) size 1x0
                    LayoutText {#text} at (184,41) size 356x19
                      text run at (184,41) width 356: "ins Forum was Ihr da alles haben wollt, wer das benutzt!"
                LayoutTableRow {TR} at (0,962) size 724x62
                  LayoutTableCell {TD} at (0,962) size 724x62 [border: (1px solid #000000)] [r=13 c=0 rs=1 cs=1]
                    LayoutText {#text} at (321,1) size 82x19
                      text run at (321,1) width 82: "09. Juli 2001"
                    LayoutBR {BR} at (403,16) size 0x0
                    LayoutText {#text} at (13,21) size 698x39
                      text run at (13,21) width 449: "eine kleiner Bug in der Topsites.cgi wurde behoben! Wer m\x{F6}chte kann "
                      text run at (461,21) width 250: "sich die jetzige Zip runter laden und die"
                      text run at (180,41) width 169: "topsites.cgi auktualisieren, "
                      text run at (349,41) width 195: "mu\x{DF} aber nicht unbedingt sein!"
                LayoutTableRow {TR} at (0,1024) size 724x62
                  LayoutTableCell {TD} at (0,1024) size 724x62 [border: (1px solid #000000)] [r=14 c=0 rs=1 cs=1]
                    LayoutText {#text} at (321,1) size 82x19
                      text run at (321,1) width 82: "01. Juli 2001"
                    LayoutBR {BR} at (403,16) size 0x0
                    LayoutText {#text} at (80,21) size 564x19
                      text run at (80,21) width 499: "Jetzt haben wir einen Support Forum, postet Eure Fragen da rein und versuche "
                      text run at (579,21) width 65: "Sie alle zu"
                    LayoutBR {BR} at (644,36) size 0x0
                    LayoutText {#text} at (54,41) size 616x19
                      text run at (54,41) width 392: "beantworten! Au\x{DF}erdem k\x{F6}nnt Ihr dort auch Eure Vorschl\x{E4}ge "
                      text run at (445,41) width 225: "zu den einzelnen Scripten abgeben!"
                LayoutTableRow {TR} at (0,1086) size 724x62
                  LayoutTableCell {TD} at (0,1086) size 724x62 [border: (1px solid #000000)] [r=15 c=0 rs=1 cs=1]
                    LayoutText {#text} at (321,1) size 82x19
                      text run at (321,1) width 82: "01. Juli 2001"
                    LayoutBR {BR} at (403,16) size 0x0
                    LayoutText {#text} at (108,21) size 508x19
                      text run at (108,21) width 483: "Und wieder eine neue Version von The Real Topsites ist online, die Version "
                      text run at (590,21) width 26: "3.4!"
                    LayoutBR {BR} at (615,36) size 1x0
                    LayoutText {#text} at (142,41) size 440x19
                      text run at (142,41) width 440: "Es gibt einige neue Funktionen und es wurde auch einiges verbessert!"
                LayoutTableRow {TR} at (0,1148) size 724x62
                  LayoutTableCell {TD} at (0,1148) size 724x62 [border: (1px solid #000000)] [r=16 c=0 rs=1 cs=1]
                    LayoutText {#text} at (319,1) size 86x19
                      text run at (319,1) width 86: "20. Juni 2001"
                    LayoutBR {BR} at (405,16) size 0x0
                    LayoutText {#text} at (122,21) size 480x19
                      text run at (122,21) width 449: "unser Hoster hat ein paar kleine Probleme also sollte irgend was an der "
                      text run at (570,21) width 32: "Seite"
                    LayoutBR {BR} at (601,36) size 1x0
                    LayoutText {#text} at (238,41) size 248x19
                      text run at (238,41) width 248: "nicht gehen, einfach wieder versuchen!"
                LayoutTableRow {TR} at (0,1210) size 724x102
                  LayoutTableCell {TD} at (0,1210) size 724x102 [border: (1px solid #000000)] [r=17 c=0 rs=1 cs=1]
                    LayoutText {#text} at (319,1) size 86x19
                      text run at (319,1) width 86: "09. Juni 2001"
                    LayoutBR {BR} at (405,16) size 0x0
                    LayoutText {#text} at (84,21) size 556x19
                      text run at (84,21) width 446: "Die neue Version (3.3) von The Real Topsites ist online, es gibt einige "
                      text run at (529,21) width 111: "neue Funktionen "
                    LayoutBR {BR} at (639,36) size 1x0
                    LayoutText {#text} at (244,41) size 236x19
                      text run at (244,41) width 236: "und es wurde auch einiges ver\x{E4}ndert!"
                    LayoutBR {BR} at (479,56) size 1x0
                    LayoutText {#text} at (232,61) size 260x19
                      text run at (232,61) width 260: "Mehr Info unter \"Perl Scripte\" im Men\x{FC}. "
                    LayoutBR {BR} at (492,76) size 0x0
                    LayoutText {#text} at (150,81) size 424x19
                      text run at (150,81) width 424: "P.S. den Umstieg auf die Version3.3 kann ich Euch nur empfehlen!"
                LayoutTableRow {TR} at (0,1312) size 724x82
                  LayoutTableCell {TD} at (0,1312) size 724x82 [border: (1px solid #000000)] [r=18 c=0 rs=1 cs=1]
                    LayoutText {#text} at (319,1) size 86x19
                      text run at (319,1) width 86: "04. Juni 2001"
                    LayoutBR {BR} at (405,16) size 0x0
                    LayoutText {#text} at (133,21) size 458x19
                      text run at (133,21) width 458: "Ein kleiner Bug bei Topsites Script wurde gefunden und sofort behoben!"
                    LayoutBR {BR} at (590,36) size 1x0
                    LayoutText {#text} at (139,41) size 446x19
                      text run at (139,41) width 446: "Bug: es wurde immer wieder die selbe Site Of The Moment angezeigt!"
                    LayoutBR {BR} at (585,56) size 0x0
                    LayoutText {#text} at (143,61) size 438x19
                      text run at (143,61) width 433: "Ladet Euch die jetzige Version runter und ersetzt nur die topsites.cgi "
                      text run at (575,61) width 6: "!"
                LayoutTableRow {TR} at (0,1394) size 724x62
                  LayoutTableCell {TD} at (0,1394) size 724x62 [border: (1px solid #000000)] [r=19 c=0 rs=1 cs=1]
                    LayoutText {#text} at (319,1) size 86x19
                      text run at (319,1) width 86: "01. Juni 2001"
                    LayoutBR {BR} at (405,16) size 0x0
                    LayoutText {#text} at (209,21) size 306x19
                      text run at (209,21) width 306: "Ein neues Script ist online! G5-ICQ Newsletter. "
                    LayoutBR {BR} at (514,36) size 1x0
                    LayoutText {#text} at (234,41) size 256x19
                      text run at (234,41) width 256: "Mehr Info unter \"Perl Scripte\" im Men\x{FC}."
                LayoutTableRow {TR} at (0,1456) size 724x62
                  LayoutTableCell {TD} at (0,1456) size 724x62 [border: (1px solid #000000)] [r=20 c=0 rs=1 cs=1]
                    LayoutText {#text} at (319,1) size 86x19
                      text run at (319,1) width 86: "31. Mai 2001"
                    LayoutBR {BR} at (404,16) size 1x0
                    LayoutText {#text} at (154,21) size 416x19
                      text run at (154,21) width 416: "Ich habe einen ICQ-Newsletter Script installiert, unter dem Men\x{FC}."
                    LayoutBR {BR} at (569,36) size 1x0
                    LayoutText {#text} at (174,41) size 376x19
                      text run at (174,41) width 376: "Tragt Euch ein, dann seit Ihr immer auf dem neusten Stand!"
                LayoutTableRow {TR} at (0,1518) size 724x42
                  LayoutTableCell {TD} at (0,1518) size 724x42 [border: (1px solid #000000)] [r=21 c=0 rs=1 cs=1]
                    LayoutText {#text} at (319,1) size 86x19
                      text run at (319,1) width 86: "26. Mai 2001"
                    LayoutBR {BR} at (404,16) size 1x0
                    LayoutText {#text} at (256,21) size 212x19
                      text run at (256,21) width 212: "The Real Topsites v3.0 ist online!"
                LayoutTableRow {TR} at (0,1560) size 724x62
                  LayoutTableCell {TD} at (0,1560) size 724x62 [border: (1px solid #000000)] [r=22 c=0 rs=1 cs=1]
                    LayoutText {#text} at (319,1) size 86x19
                      text run at (319,1) width 86: "25. Mai 2001"
                    LayoutBR {BR} at (404,16) size 1x0
                    LayoutText {#text} at (200,21) size 324x19
                      text run at (200,21) width 324: "Ein neues Script ist online! G5-Download Counter."
                    LayoutBR {BR} at (523,36) size 1x0
                    LayoutText {#text} at (234,41) size 256x19
                      text run at (234,41) width 256: "Mehr Info unter \"Perl Scripte\" im Men\x{FC}."
                LayoutTableRow {TR} at (0,1622) size 724x102
                  LayoutTableCell {TD} at (0,1622) size 724x102 [border: (1px solid #000000)] [r=23 c=0 rs=1 cs=1]
                    LayoutText {#text} at (319,1) size 86x19
                      text run at (319,1) width 86: "24. Mai 2001"
                    LayoutBR {BR} at (404,16) size 1x0
                    LayoutText {#text} at (113,21) size 498x19
                      text run at (113,21) width 424: "Ich habe es mir sehr lange \x{FC}berlegt, die Entscheidung war wirklich "
                      text run at (537,21) width 74: "nicht leicht!"
                    LayoutBR {BR} at (611,36) size 0x0
                    LayoutText {#text} at (86,41) size 552x19
                      text run at (86,41) width 403: "Ich habe mich entschieden den Script \"The Real Topsites\" zum "
                      text run at (488,41) width 150: "Download freizugeben."
                    LayoutBR {BR} at (637,56) size 1x0
                    LayoutText {#text} at (217,61) size 290x19
                      text run at (217,61) width 290: "Ihr k\x{F6}nnt es Euch jetzt kostenlos runter laden!"
                    LayoutBR {BR} at (506,76) size 1x0
                    LayoutText {#text} at (308,81) size 108x19
                      text run at (308,81) width 108: "Viel Spa\x{DF} damit!"
                LayoutTableRow {TR} at (0,1724) size 724x62
                  LayoutTableCell {TD} at (0,1724) size 724x62 [border: (1px solid #000000)] [r=24 c=0 rs=1 cs=1]
                    LayoutText {#text} at (319,1) size 86x19
                      text run at (319,1) width 86: "13. Mai 2001"
                    LayoutBR {BR} at (404,16) size 1x0
                    LayoutText {#text} at (8,21) size 708x39
                      text run at (8,21) width 464: "Es gab nur eine kleine Ver\x{E4}nderung bei G5-Sponsor-Manager, man kann "
                      text run at (471,21) width 245: "den Script jetzt auch via Java aufrufen,"
                      text run at (51,41) width 187: "so das Euer Server jetzt nicht "
                      text run at (238,41) width 364: "unbedingt SSI unterst\x{FC}tzen mu\x{DF} um den Script ausf\x{FC}hren "
                      text run at (602,41) width 71: "zu k\x{F6}nnen!"
                LayoutTableRow {TR} at (0,1786) size 724x62
                  LayoutTableCell {TD} at (0,1786) size 724x62 [border: (1px solid #000000)] [r=25 c=0 rs=1 cs=1]
                    LayoutText {#text} at (315,1) size 94x19
                      text run at (315,1) width 94: "22. April 2001"
                    LayoutBR {BR} at (408,16) size 1x0
                    LayoutText {#text} at (205,21) size 314x19
                      text run at (205,21) width 314: "Ein neues Script ist online! G5-Sponsor-Manager."
                    LayoutBR {BR} at (518,36) size 1x0
                    LayoutText {#text} at (234,41) size 256x19
                      text run at (234,41) width 256: "Mehr Info unter \"Perl Scripte\" im Men\x{FC}."
                LayoutTableRow {TR} at (0,1848) size 724x82
                  LayoutTableCell {TD} at (0,1848) size 724x82 [border: (1px solid #000000)] [r=26 c=0 rs=1 cs=1]
                    LayoutText {#text} at (315,1) size 94x19
                      text run at (315,1) width 94: "20. April 2001"
                    LayoutBR {BR} at (408,16) size 1x0
                    LayoutText {#text} at (188,21) size 348x19
                      text run at (188,21) width 348: "Auf einige Anfragen habe ich eine Demonstration von "
                    LayoutBR {BR} at (535,36) size 1x0
                    LayoutText {#text} at (202,41) size 320x19
                      text run at (202,41) width 320: "\"The Real Topsites\" (Toplist Script) ver\x{F6}ffentlicht!"
                    LayoutBR {BR} at (521,56) size 1x0
                    LayoutText {#text} at (234,61) size 256x19
                      text run at (234,61) width 256: "Mehr Info unter \"Perl Scripte\" im Men\x{FC}."
                LayoutTableRow {TR} at (0,1930) size 724x42
                  LayoutTableCell {TD} at (0,1930) size 724x42 [border: (1px solid #000000)] [r=27 c=0 rs=1 cs=1]
                    LayoutText {#text} at (315,1) size 94x19
                      text run at (315,1) width 94: "13. M\x{E4}rz 2001"
                    LayoutBR {BR} at (408,16) size 1x0
                    LayoutText {#text} at (220,21) size 284x19
                      text run at (220,21) width 284: "An diesem Tag ging die G5-Script.de online!"
                LayoutTableRow {TR} at (0,1972) size 724x22
                  LayoutTableCell {TD} at (0,1972) size 724x22 [border: (1px solid #000000)] [r=28 c=0 rs=1 cs=1]
                    LayoutText {#text} at (360,1) size 4x19
                      text run at (360,1) width 4: " "
            LayoutBlockFlow (anonymous) at (0,2016) size 765x20
              LayoutBR {BR} at (382,0) size 1x19
