layer at (0,0) size 800x600
  LayoutView at (0,0) size 800x600
layer at (0,0) size 800x600
  LayoutBlockFlow {HTML} at (0,0) size 800x600
    LayoutBlockFlow {BODY} at (8,8) size 784x584
      LayoutTable {TABLE} at (0,0) size 158x56
        LayoutTableSection {TBODY} at (0,0) size 158x56
          LayoutTableRow {TR} at (0,2) size 158x52
            LayoutTableCell {TD} at (2,2) size 154x52 [r=0 c=0 rs=1 cs=1]
              LayoutBlockFlow (anonymous) at (1,1) size 152x0
                LayoutInline {SPAN} at (0,0) size 0x0
                  LayoutText {#text} at (0,0) size 0x0
                  LayoutInline {SPAN} at (0,0) size 0x0
                    LayoutText {#text} at (0,0) size 0x0
                    LayoutText {#text} at (0,0) size 0x0
              LayoutBlockFlow (anonymous) at (1,1) size 152x50
                LayoutTable {TABLE} at (0,0) size 152x50
                  LayoutTableSection {TBODY} at (0,0) size 152x50
                    LayoutTableRow {TR} at (0,2) size 152x46
                      LayoutTableCell {TD} at (2,2) size 148x46 [r=0 c=0 rs=1 cs=1]
                        LayoutTable (floating) {TABLE} at (1,1) size 146x44
                          LayoutTableSection {TBODY} at (0,0) size 146x44
                            LayoutTableRow {TR} at (0,2) size 146x40
                              LayoutTableCell {TD} at (2,2) size 142x40 [r=0 c=0 rs=1 cs=1]
                                LayoutBlockFlow {FORM} at (1,1) size 140x22
                                  LayoutButton {INPUT} at (0,0) size 140x22 [bgcolor=#C0C0C0] [border: (2px outset #C0C0C0)]
                                    LayoutBlockFlow (anonymous) at (8,3) size 124x16
                                      LayoutText {#text} at (0,0) size 124x16
                                        text run at (0,0) width 124: "ApplyForThisPosition"
                                  LayoutText {#text} at (0,0) size 0x0
              LayoutBlockFlow (anonymous) at (1,51) size 152x0
                LayoutInline {SPAN} at (0,0) size 0x0
                  LayoutInline {SPAN} at (0,0) size 0x0
                  LayoutText {#text} at (0,0) size 0x0
                LayoutText {#text} at (0,0) size 0x0
