layer at (0,0) size 800x600 clip at (0,0) size 785x600 scrollHeight 12131
  LayoutView at (0,0) size 800x600
layer at (0,0) size 785x12131 backgroundClip at (0,0) size 785x600 clip at (0,0) size 785x600
  LayoutBlockFlow {HTML} at (0,0) size 785x12131
    LayoutBlockFlow {BODY} at (8,8) size 769x12115
      LayoutTable {TABLE} at (0,0) size 739x12115 [border: (1px outset #808080)]
        LayoutTableSection {TBODY} at (1,1) size 737x12113
          LayoutTableRow {TR} at (0,2) size 737x12109
            LayoutTableCell {TD} at (2,2) size 12x24 [border: (1px inset #808080)] [r=0 c=0 rs=1 cs=1]
              LayoutText {#text} at (2,2) size 8x19
                text run at (2,2) width 8: "x"
            LayoutTableCell {TD} at (16,2) size 719x12109.34 [border: (1px inset #808080)] [r=0 c=1 rs=1 cs=1]
              LayoutBlockFlow (anonymous) at (2,2) size 715x0
                LayoutInline {FONT} at (0,0) size 0x0
                  LayoutText {#text} at (0,0) size 0x0
              LayoutBlockFlow (anonymous) at (2,2) size 715x54
                LayoutTable {TABLE} at (0,0) size 566x54 [border: (1px outset #808080)]
                  LayoutTableSection {TBODY} at (1,1) size 564x52
                    LayoutTableRow {TR} at (0,2) size 564x23
                      LayoutTableCell {TD} at (2,2) size 111x23 [border: (1px inset #808080)] [r=0 c=0 rs=1 cs=1]
                        LayoutText {#text} at (2,2) size 4x18
                          text run at (2,2) width 4: " "
                      LayoutTableCell {TD} at (115,2) size 447x4 [border: (1px inset #808080)] [r=0 c=1 rs=1 cs=1]
                    LayoutTableRow {TR} at (0,27) size 564x23
                      LayoutTableCell {TD} at (2,27) size 111x23 [border: (1px inset #808080)] [r=1 c=0 rs=1 cs=1]
                        LayoutText {#text} at (2,2) size 107x18
                          text run at (2,2) width 107: "Search again..."
              LayoutBlockFlow (anonymous) at (2,56) size 715x16
                LayoutInline {FONT} at (0,0) size 715x16
                  LayoutText {#text} at (0,0) size 715x16
                    text run at (0,0) width 332: "This text node only exists once in the original document! "
                    text run at (332,0) width 307: "If it were a large collection of inlines, the page would "
                    text run at (639,0) width 76: "hang forever."
                  LayoutInline {A} at (0,0) size 0x0
              LayoutBlockFlow (anonymous) at (2,88.17) size 715x12019.17
                LayoutBlockFlow {H2} at (0,0) size 715x25
                  LayoutInline {A} at (0,0) size 168x24
                    LayoutText {#text} at (0,0) size 168x24
                      text run at (0,0) width 168: "Table of Contents"
                LayoutBlockFlow {P} at (0,41.17) size 715x160
                  LayoutInline {B} at (0,0) size 76x16
                    LayoutInline {A} at (0,0) size 76x16 [color=#0000EE]
                      LayoutText {#text} at (0,0) size 76x16
                        text run at (0,0) width 76: "Introduction"
                  LayoutBR {BR} at (76,13) size 0x0
                  LayoutBR {BR} at (0,16) size 0x16
                  LayoutInline {A} at (0,0) size 160x16 [color=#0000EE]
                    LayoutText {#text} at (0,32) size 160x16
                      text run at (0,32) width 160: "Who Should Use This Book"
                  LayoutText {#text} at (160,32) size 4x16
                    text run at (160,32) width 4: " "
                  LayoutBR {BR} at (164,45) size 0x0
                  LayoutInline {A} at (0,0) size 133x16 [color=#0000EE]
                    LayoutText {#text} at (0,48) size 133x16
                      text run at (0,48) width 133: "How To Use This Book"
                  LayoutText {#text} at (132,48) size 5x16
                    text run at (132,48) width 5: " "
                  LayoutBR {BR} at (136,61) size 1x0
                  LayoutInline {A} at (0,0) size 166x16 [color=#0000EE]
                    LayoutText {#text} at (0,64) size 166x16
                      text run at (0,64) width 166: "How This Book is Structured"
                  LayoutText {#text} at (166,64) size 4x16
                    text run at (166,64) width 4: " "
                  LayoutBR {BR} at (170,77) size 0x0
                  LayoutInline {A} at (0,0) size 200x16 [color=#0000EE]
                    LayoutText {#text} at (0,80) size 200x16
                      text run at (0,80) width 200: "How to Read the Syntax Diagrams"
                  LayoutText {#text} at (200,80) size 4x16
                    text run at (200,80) width 4: " "
                  LayoutBR {BR} at (204,93) size 0x0
                  LayoutInline {A} at (0,0) size 195x16 [color=#0000EE]
                    LayoutText {#text} at (0,96) size 195x16
                      text run at (0,96) width 195: "Conventions Used in This Manual"
                  LayoutText {#text} at (195,96) size 4x16
                    text run at (195,96) width 4: " "
                  LayoutBR {BR} at (199,109) size 0x0
                  LayoutInline {A} at (0,0) size 93x16 [color=#0000EE]
                    LayoutText {#text} at (0,112) size 93x16
                      text run at (0,112) width 93: "Error Conditions"
                  LayoutText {#text} at (93,112) size 4x16
                    text run at (93,112) width 4: " "
                  LayoutBR {BR} at (97,125) size 0x0
                  LayoutInline {A} at (0,0) size 143x16 [color=#0000EE]
                    LayoutText {#text} at (0,128) size 143x16
                      text run at (0,128) width 143: "Highlighting Conventions"
                  LayoutText {#text} at (143,128) size 4x16
                    text run at (143,128) width 4: " "
                  LayoutBR {BR} at (147,141) size 0x0
                  LayoutInline {A} at (0,0) size 217x16 [color=#0000EE]
                    LayoutText {#text} at (0,144) size 217x16
                      text run at (0,144) width 217: "Related Documentation for This Book"
                  LayoutText {#text} at (0,0) size 0x0
                LayoutBlockFlow {P} at (0,214.17) size 715x1056
                  LayoutInline {B} at (0,0) size 58x16
                    LayoutInline {A} at (0,0) size 58x16 [color=#0000EE]
                      LayoutText {#text} at (0,0) size 58x16
                        text run at (0,0) width 58: "Concepts"
                  LayoutBR {BR} at (58,13) size 0x0
                  LayoutBR {BR} at (0,16) size 0x16
                  LayoutInline {A} at (0,0) size 116x16 [color=#0000EE]
                    LayoutText {#text} at (0,32) size 116x16
                      text run at (0,32) width 116: "Relational Database"
                  LayoutText {#text} at (116,32) size 4x16
                    text run at (116,32) width 4: " "
                  LayoutBR {BR} at (120,45) size 0x0
                  LayoutInline {A} at (0,0) size 197x16 [color=#0000EE]
                    LayoutText {#text} at (0,48) size 197x16
                      text run at (0,48) width 197: "Structured Query Language (SQL)"
                  LayoutText {#text} at (197,48) size 4x16
                    text run at (197,48) width 4: " "
                  LayoutBR {BR} at (201,61) size 0x0
                  LayoutInline {A} at (0,0) size 92x16 [color=#0000EE]
                    LayoutText {#text} at (0,64) size 92x16
                      text run at (0,64) width 92: "Embedded SQL"
                  LayoutText {#text} at (92,64) size 4x16
                    text run at (92,64) width 4: " "
                  LayoutBR {BR} at (96,77) size 0x0
                  LayoutInline {A} at (0,0) size 64x16 [color=#0000EE]
                    LayoutText {#text} at (0,80) size 64x16
                      text run at (0,80) width 64: "Static SQL"
                  LayoutText {#text} at (64,80) size 4x16
                    text run at (64,80) width 4: " "
                  LayoutBR {BR} at (68,93) size 0x0
                  LayoutInline {A} at (0,0) size 81x16 [color=#0000EE]
                    LayoutText {#text} at (0,96) size 81x16
                      text run at (0,96) width 81: "Dynamic SQL"
                  LayoutText {#text} at (81,96) size 4x16
                    text run at (81,96) width 4: " "
                  LayoutBR {BR} at (85,109) size 0x0
                  LayoutInline {A} at (0,0) size 405x16 [color=#0000EE]
                    LayoutText {#text} at (0,112) size 405x16
                      text run at (0,112) width 405: "DB2 Call Level Interface (CLI) & Open Database Connectivity (ODBC)"
                  LayoutText {#text} at (405,112) size 4x16
                    text run at (405,112) width 4: " "
                  LayoutBR {BR} at (409,125) size 0x0
                  LayoutInline {A} at (0,0) size 486x16 [color=#0000EE]
                    LayoutText {#text} at (0,128) size 486x16
                      text run at (0,128) width 486: "Java Database Connectivity (JDBC) and Embedded SQL for Java (SQLJ) Programs"
                  LayoutText {#text} at (486,128) size 4x16
                    text run at (486,128) width 4: " "
                  LayoutBR {BR} at (490,141) size 0x0
                  LayoutInline {A} at (0,0) size 91x16 [color=#0000EE]
                    LayoutText {#text} at (0,144) size 91x16
                      text run at (0,144) width 91: "Interactive SQL"
                  LayoutText {#text} at (91,144) size 4x16
                    text run at (91,144) width 4: " "
                  LayoutBR {BR} at (95,157) size 0x0
                  LayoutInline {A} at (0,0) size 55x16 [color=#0000EE]
                    LayoutText {#text} at (0,160) size 55x16
                      text run at (0,160) width 55: "Schemas"
                  LayoutText {#text} at (55,160) size 4x16
                    text run at (55,160) width 4: " "
                  LayoutBR {BR} at (59,173) size 0x0
                  LayoutInline {A} at (0,0) size 162x16 [color=#0000EE]
                    LayoutText {#text} at (0,176) size 162x16
                      text run at (0,176) width 162: "Controlling Use of Schemas"
                  LayoutText {#text} at (162,176) size 4x16
                    text run at (162,176) width 4: " "
                  LayoutBR {BR} at (166,189) size 0x0
                  LayoutInline {A} at (0,0) size 38x16 [color=#0000EE]
                    LayoutText {#text} at (0,192) size 38x16
                      text run at (0,192) width 38: "Tables"
                  LayoutText {#text} at (37,192) size 5x16
                    text run at (37,192) width 5: " "
                  LayoutBR {BR} at (41,205) size 1x0
                  LayoutInline {A} at (0,0) size 35x16 [color=#0000EE]
                    LayoutText {#text} at (0,208) size 35x16
                      text run at (0,208) width 35: "Views"
                  LayoutText {#text} at (34,208) size 5x16
                    text run at (34,208) width 5: " "
                  LayoutBR {BR} at (38,221) size 1x0
                  LayoutInline {A} at (0,0) size 43x16 [color=#0000EE]
                    LayoutText {#text} at (0,224) size 43x16
                      text run at (0,224) width 43: "Aliases"
                  LayoutText {#text} at (43,224) size 4x16
                    text run at (43,224) width 4: " "
                  LayoutBR {BR} at (47,237) size 0x0
                  LayoutInline {A} at (0,0) size 46x16 [color=#0000EE]
                    LayoutText {#text} at (0,240) size 46x16
                      text run at (0,240) width 46: "Indexes"
                  LayoutText {#text} at (46,240) size 4x16
                    text run at (46,240) width 4: " "
                  LayoutBR {BR} at (50,253) size 0x0
                  LayoutInline {A} at (0,0) size 30x16 [color=#0000EE]
                    LayoutText {#text} at (0,256) size 30x16
                      text run at (0,256) width 30: "Keys"
                  LayoutText {#text} at (30,256) size 4x16
                    text run at (30,256) width 4: " "
                  LayoutBR {BR} at (34,269) size 0x0
                  LayoutInline {A} at (0,0) size 74x16 [color=#0000EE]
                    LayoutText {#text} at (0,272) size 74x16
                      text run at (0,272) width 74: "Unique Keys"
                  LayoutText {#text} at (74,272) size 4x16
                    text run at (74,272) width 4: " "
                  LayoutBR {BR} at (78,285) size 0x0
                  LayoutInline {A} at (0,0) size 79x16 [color=#0000EE]
                    LayoutText {#text} at (0,288) size 79x16
                      text run at (0,288) width 79: "Primary Keys"
                  LayoutText {#text} at (79,288) size 4x16
                    text run at (79,288) width 4: " "
                  LayoutBR {BR} at (83,301) size 0x0
                  LayoutInline {A} at (0,0) size 77x16 [color=#0000EE]
                    LayoutText {#text} at (0,304) size 77x16
                      text run at (0,304) width 77: "Foreign Keys"
                  LayoutText {#text} at (77,304) size 4x16
                    text run at (77,304) width 4: " "
                  LayoutBR {BR} at (81,317) size 0x0
                  LayoutInline {A} at (0,0) size 99x16 [color=#0000EE]
                    LayoutText {#text} at (0,320) size 99x16
                      text run at (0,320) width 99: "Partitioning Keys"
                  LayoutText {#text} at (99,320) size 4x16
                    text run at (99,320) width 4: " "
                  LayoutBR {BR} at (103,333) size 0x0
                  LayoutInline {A} at (0,0) size 66x16 [color=#0000EE]
                    LayoutText {#text} at (0,336) size 66x16
                      text run at (0,336) width 66: "Constraints"
                  LayoutText {#text} at (66,336) size 4x16
                    text run at (66,336) width 4: " "
                  LayoutBR {BR} at (70,349) size 0x0
                  LayoutInline {A} at (0,0) size 110x16 [color=#0000EE]
                    LayoutText {#text} at (0,352) size 110x16
                      text run at (0,352) width 110: "Unique Constraints"
                  LayoutText {#text} at (110,352) size 4x16
                    text run at (110,352) width 4: " "
                  LayoutBR {BR} at (114,365) size 0x0
                  LayoutInline {A} at (0,0) size 132x16 [color=#0000EE]
                    LayoutText {#text} at (0,368) size 132x16
                      text run at (0,368) width 132: "Referential Constraints"
                  LayoutText {#text} at (132,368) size 4x16
                    text run at (132,368) width 4: " "
                  LayoutBR {BR} at (136,381) size 0x0
                  LayoutInline {A} at (0,0) size 142x16 [color=#0000EE]
                    LayoutText {#text} at (0,384) size 142x16
                      text run at (0,384) width 142: "Table Check Constraints"
                  LayoutText {#text} at (141,384) size 5x16
                    text run at (141,384) width 5: " "
                  LayoutBR {BR} at (145,397) size 1x0
                  LayoutInline {A} at (0,0) size 47x16 [color=#0000EE]
                    LayoutText {#text} at (0,400) size 47x16
                      text run at (0,400) width 47: "Triggers"
                  LayoutText {#text} at (46,400) size 5x16
                    text run at (46,400) width 5: " "
                  LayoutBR {BR} at (50,413) size 1x0
                  LayoutInline {A} at (0,0) size 88x16 [color=#0000EE]
                    LayoutText {#text} at (0,416) size 88x16
                      text run at (0,416) width 88: "Event Monitors"
                  LayoutText {#text} at (88,416) size 4x16
                    text run at (88,416) width 4: " "
                  LayoutBR {BR} at (92,429) size 0x0
                  LayoutInline {A} at (0,0) size 45x16 [color=#0000EE]
                    LayoutText {#text} at (0,432) size 45x16
                      text run at (0,432) width 45: "Queries"
                  LayoutText {#text} at (45,432) size 4x16
                    text run at (45,432) width 4: " "
                  LayoutBR {BR} at (49,445) size 0x0
                  LayoutInline {A} at (0,0) size 107x16 [color=#0000EE]
                    LayoutText {#text} at (0,448) size 107x16
                      text run at (0,448) width 107: "Table Expressions"
                  LayoutText {#text} at (106,448) size 5x16
                    text run at (106,448) width 5: " "
                  LayoutBR {BR} at (110,461) size 1x0
                  LayoutInline {A} at (0,0) size 163x16 [color=#0000EE]
                    LayoutText {#text} at (0,464) size 163x16
                      text run at (0,464) width 163: "Common Table Expressions"
                  LayoutText {#text} at (162,464) size 5x16
                    text run at (162,464) width 5: " "
                  LayoutBR {BR} at (166,477) size 1x0
                  LayoutInline {A} at (0,0) size 58x16 [color=#0000EE]
                    LayoutText {#text} at (0,480) size 58x16
                      text run at (0,480) width 58: "Packages"
                  LayoutText {#text} at (58,480) size 4x16
                    text run at (58,480) width 4: " "
                  LayoutBR {BR} at (62,493) size 0x0
                  LayoutInline {A} at (0,0) size 83x16 [color=#0000EE]
                    LayoutText {#text} at (0,496) size 83x16
                      text run at (0,496) width 83: "Catalog Views"
                  LayoutText {#text} at (82,496) size 5x16
                    text run at (82,496) width 5: " "
                  LayoutBR {BR} at (86,509) size 1x0
                  LayoutInline {A} at (0,0) size 299x16 [color=#0000EE]
                    LayoutText {#text} at (0,512) size 299x16
                      text run at (0,512) width 299: "Application Processes, Concurrency, and Recovery"
                  LayoutText {#text} at (298,512) size 5x16
                    text run at (298,512) width 5: " "
                  LayoutBR {BR} at (302,525) size 1x0
                  LayoutInline {A} at (0,0) size 84x16 [color=#0000EE]
                    LayoutText {#text} at (0,528) size 84x16
                      text run at (0,528) width 84: "Isolation Level"
                  LayoutText {#text} at (84,528) size 4x16
                    text run at (84,528) width 4: " "
                  LayoutBR {BR} at (88,541) size 0x0
                  LayoutInline {A} at (0,0) size 129x16 [color=#0000EE]
                    LayoutText {#text} at (0,544) size 129x16
                      text run at (0,544) width 129: "Repeatable Read (RR)"
                  LayoutText {#text} at (129,544) size 4x16
                    text run at (129,544) width 4: " "
                  LayoutBR {BR} at (133,557) size 0x0
                  LayoutInline {A} at (0,0) size 111x16 [color=#0000EE]
                    LayoutText {#text} at (0,560) size 111x16
                      text run at (0,560) width 111: "Read Stability (RS)"
                  LayoutText {#text} at (111,560) size 4x16
                    text run at (111,560) width 4: " "
                  LayoutBR {BR} at (115,573) size 0x0
                  LayoutInline {A} at (0,0) size 119x16 [color=#0000EE]
                    LayoutText {#text} at (0,576) size 119x16
                      text run at (0,576) width 119: "Cursor Stability (CS)"
                  LayoutText {#text} at (119,576) size 4x16
                    text run at (119,576) width 4: " "
                  LayoutBR {BR} at (123,589) size 0x0
                  LayoutInline {A} at (0,0) size 141x16 [color=#0000EE]
                    LayoutText {#text} at (0,592) size 141x16
                      text run at (0,592) width 141: "Uncommitted Read (UR)"
                  LayoutText {#text} at (141,592) size 4x16
                    text run at (141,592) width 4: " "
                  LayoutBR {BR} at (145,605) size 0x0
                  LayoutInline {A} at (0,0) size 179x16 [color=#0000EE]
                    LayoutText {#text} at (0,608) size 179x16
                      text run at (0,608) width 179: "Comparison of Isolation Levels"
                  LayoutText {#text} at (179,608) size 4x16
                    text run at (179,608) width 4: " "
                  LayoutBR {BR} at (183,621) size 0x0
                  LayoutInline {A} at (0,0) size 182x16 [color=#0000EE]
                    LayoutText {#text} at (0,624) size 182x16
                      text run at (0,624) width 182: "Distributed Relational Database"
                  LayoutText {#text} at (182,624) size 4x16
                    text run at (182,624) width 4: " "
                  LayoutBR {BR} at (186,637) size 0x0
                  LayoutInline {A} at (0,0) size 113x16 [color=#0000EE]
                    LayoutText {#text} at (0,640) size 113x16
                      text run at (0,640) width 113: "Application Servers"
                  LayoutText {#text} at (113,640) size 4x16
                    text run at (113,640) width 4: " "
                  LayoutBR {BR} at (117,653) size 0x0
                  LayoutInline {A} at (0,0) size 258x16 [color=#0000EE]
                    LayoutText {#text} at (0,656) size 258x16
                      text run at (0,656) width 258: "CONNECT (Type 1) and CONNECT (Type 2)"
                  LayoutText {#text} at (257,656) size 5x16
                    text run at (257,656) width 5: " "
                  LayoutBR {BR} at (261,669) size 1x0
                  LayoutInline {A} at (0,0) size 121x16 [color=#0000EE]
                    LayoutText {#text} at (0,672) size 121x16
                      text run at (0,672) width 121: "Remote Unit of Work"
                  LayoutText {#text} at (120,672) size 5x16
                    text run at (120,672) width 5: " "
                  LayoutBR {BR} at (124,685) size 1x0
                  LayoutInline {A} at (0,0) size 258x16 [color=#0000EE]
                    LayoutText {#text} at (0,688) size 258x16
                      text run at (0,688) width 258: "Application-Directed Distributed Unit of Work"
                  LayoutText {#text} at (257,688) size 5x16
                    text run at (257,688) width 5: " "
                  LayoutBR {BR} at (261,701) size 1x0
                  LayoutInline {A} at (0,0) size 208x16 [color=#0000EE]
                    LayoutText {#text} at (0,704) size 208x16
                      text run at (0,704) width 208: "Data Representation Considerations"
                  LayoutText {#text} at (208,704) size 4x16
                    text run at (208,704) width 4: " "
                  LayoutBR {BR} at (212,717) size 0x0
                  LayoutInline {A} at (0,0) size 143x16 [color=#0000EE]
                    LayoutText {#text} at (0,720) size 143x16
                      text run at (0,720) width 143: "DB2 Federated Systems"
                  LayoutText {#text} at (143,720) size 4x16
                    text run at (143,720) width 4: " "
                  LayoutBR {BR} at (147,733) size 0x0
                  LayoutInline {A} at (0,0) size 363x16 [color=#0000EE]
                    LayoutText {#text} at (0,736) size 363x16
                      text run at (0,736) width 363: "The Federated Server, Federated Database, and Data Sources"
                  LayoutText {#text} at (362,736) size 5x16
                    text run at (362,736) width 5: " "
                  LayoutBR {BR} at (366,749) size 1x0
                  LayoutInline {A} at (0,0) size 265x16 [color=#0000EE]
                    LayoutText {#text} at (0,752) size 265x16
                      text run at (0,752) width 265: "Tasks to Perform in a DB2 Federated System"
                  LayoutText {#text} at (264,752) size 5x16
                    text run at (264,752) width 5: " "
                  LayoutBR {BR} at (268,765) size 1x0
                  LayoutInline {A} at (0,0) size 185x16 [color=#0000EE]
                    LayoutText {#text} at (0,768) size 185x16
                      text run at (0,768) width 185: "Wrappers and Wrapper Modules"
                  LayoutText {#text} at (184,768) size 5x16
                    text run at (184,768) width 5: " "
                  LayoutBR {BR} at (188,781) size 1x0
                  LayoutInline {A} at (0,0) size 219x16 [color=#0000EE]
                    LayoutText {#text} at (0,784) size 219x16
                      text run at (0,784) width 219: "Server Definitions and Server Options"
                  LayoutText {#text} at (219,784) size 4x16
                    text run at (219,784) width 4: " "
                  LayoutBR {BR} at (223,797) size 0x0
                  LayoutInline {A} at (0,0) size 192x16 [color=#0000EE]
                    LayoutText {#text} at (0,800) size 192x16
                      text run at (0,800) width 192: "User Mappings and User Options"
                  LayoutText {#text} at (192,800) size 4x16
                    text run at (192,800) width 4: " "
                  LayoutBR {BR} at (196,813) size 0x0
                  LayoutInline {A} at (0,0) size 120x16 [color=#0000EE]
                    LayoutText {#text} at (0,816) size 120x16
                      text run at (0,816) width 120: "Data Type Mappings"
                  LayoutText {#text} at (119,816) size 5x16
                    text run at (119,816) width 5: " "
                  LayoutBR {BR} at (123,829) size 1x0
                  LayoutInline {A} at (0,0) size 417x16 [color=#0000EE]
                    LayoutText {#text} at (0,832) size 417x16
                      text run at (0,832) width 417: "Function Mappings, Function Templates, and Function Mapping Options"
                  LayoutText {#text} at (416,832) size 5x16
                    text run at (416,832) width 5: " "
                  LayoutBR {BR} at (420,845) size 1x0
                  LayoutInline {A} at (0,0) size 187x16 [color=#0000EE]
                    LayoutText {#text} at (0,848) size 187x16
                      text run at (0,848) width 187: "Nicknames and Column Options"
                  LayoutText {#text} at (187,848) size 4x16
                    text run at (187,848) width 4: " "
                  LayoutBR {BR} at (191,861) size 0x0
                  LayoutInline {A} at (0,0) size 118x16 [color=#0000EE]
                    LayoutText {#text} at (0,864) size 118x16
                      text run at (0,864) width 118: "Index Specifications"
                  LayoutText {#text} at (118,864) size 4x16
                    text run at (118,864) width 4: " "
                  LayoutBR {BR} at (122,877) size 0x0
                  LayoutInline {A} at (0,0) size 121x16 [color=#0000EE]
                    LayoutText {#text} at (0,880) size 121x16
                      text run at (0,880) width 121: "Distributed Requests"
                  LayoutText {#text} at (121,880) size 4x16
                    text run at (121,880) width 4: " "
                  LayoutBR {BR} at (125,893) size 0x0
                  LayoutInline {A} at (0,0) size 83x16 [color=#0000EE]
                    LayoutText {#text} at (0,896) size 83x16
                      text run at (0,896) width 83: "Compensation"
                  LayoutText {#text} at (83,896) size 4x16
                    text run at (83,896) width 4: " "
                  LayoutBR {BR} at (87,909) size 0x0
                  LayoutInline {A} at (0,0) size 81x16 [color=#0000EE]
                    LayoutText {#text} at (0,912) size 81x16
                      text run at (0,912) width 81: "Pass-Through"
                  LayoutText {#text} at (81,912) size 4x16
                    text run at (81,912) width 4: " "
                  LayoutBR {BR} at (85,925) size 0x0
                  LayoutInline {A} at (0,0) size 125x16 [color=#0000EE]
                    LayoutText {#text} at (0,928) size 125x16
                      text run at (0,928) width 125: "Character Conversion"
                  LayoutText {#text} at (125,928) size 4x16
                    text run at (125,928) width 4: " "
                  LayoutBR {BR} at (129,941) size 0x0
                  LayoutInline {A} at (0,0) size 187x16 [color=#0000EE]
                    LayoutText {#text} at (0,944) size 187x16
                      text run at (0,944) width 187: "Character Sets and Code Pages"
                  LayoutText {#text} at (187,944) size 4x16
                    text run at (187,944) width 4: " "
                  LayoutBR {BR} at (191,957) size 0x0
                  LayoutInline {A} at (0,0) size 124x16 [color=#0000EE]
                    LayoutText {#text} at (0,960) size 124x16
                      text run at (0,960) width 124: "Code Page Attributes"
                  LayoutText {#text} at (124,960) size 4x16
                    text run at (124,960) width 4: " "
                  LayoutBR {BR} at (128,973) size 0x0
                  LayoutInline {A} at (0,0) size 162x16 [color=#0000EE]
                    LayoutText {#text} at (0,976) size 162x16
                      text run at (0,976) width 162: "Authorization and Privileges"
                  LayoutText {#text} at (162,976) size 4x16
                    text run at (162,976) width 4: " "
                  LayoutBR {BR} at (166,989) size 0x0
                  LayoutInline {A} at (0,0) size 253x16 [color=#0000EE]
                    LayoutText {#text} at (0,992) size 253x16
                      text run at (0,992) width 253: "Table Spaces and Other Storage Structures"
                  LayoutText {#text} at (252,992) size 5x16
                    text run at (252,992) width 5: " "
                  LayoutBR {BR} at (256,1005) size 1x0
                  LayoutInline {A} at (0,0) size 249x16 [color=#0000EE]
                    LayoutText {#text} at (0,1008) size 249x16
                      text run at (0,1008) width 249: "Data Partitioning Across Multiple Partitions"
                  LayoutText {#text} at (249,1008) size 4x16
                    text run at (249,1008) width 4: " "
                  LayoutBR {BR} at (253,1021) size 0x0
                  LayoutInline {A} at (0,0) size 101x16 [color=#0000EE]
                    LayoutText {#text} at (0,1024) size 101x16
                      text run at (0,1024) width 101: "Partitioning Maps"
                  LayoutText {#text} at (101,1024) size 4x16
                    text run at (101,1024) width 4: " "
                  LayoutBR {BR} at (105,1037) size 0x0
                  LayoutInline {A} at (0,0) size 99x16 [color=#0000EE]
                    LayoutText {#text} at (0,1040) size 99x16
                      text run at (0,1040) width 99: "Table Collocation"
                  LayoutText {#text} at (0,0) size 0x0
                LayoutBlockFlow {P} at (0,1283.17) size 715x2128
                  LayoutInline {B} at (0,0) size 123x16
                    LayoutInline {A} at (0,0) size 123x16 [color=#0000EE]
                      LayoutText {#text} at (0,0) size 123x16
                        text run at (0,0) width 123: "Language Elements"
                  LayoutBR {BR} at (123,13) size 0x0
                  LayoutBR {BR} at (0,16) size 0x16
                  LayoutInline {A} at (0,0) size 63x16 [color=#0000EE]
                    LayoutText {#text} at (0,32) size 63x16
                      text run at (0,32) width 63: "Characters"
                  LayoutText {#text} at (63,32) size 4x16
                    text run at (63,32) width 4: " "
                  LayoutBR {BR} at (67,45) size 0x0
                  LayoutInline {A} at (0,0) size 128x16 [color=#0000EE]
                    LayoutText {#text} at (0,48) size 128x16
                      text run at (0,48) width 128: "MBCS Considerations"
                  LayoutText {#text} at (128,48) size 4x16
                    text run at (128,48) width 4: " "
                  LayoutBR {BR} at (132,61) size 0x0
                  LayoutInline {A} at (0,0) size 42x16 [color=#0000EE]
                    LayoutText {#text} at (0,64) size 42x16
                      text run at (0,64) width 42: "Tokens"
                  LayoutText {#text} at (41,64) size 5x16
                    text run at (41,64) width 5: " "
                  LayoutBR {BR} at (45,77) size 1x0
                  LayoutInline {A} at (0,0) size 128x16 [color=#0000EE]
                    LayoutText {#text} at (0,80) size 128x16
                      text run at (0,80) width 128: "MBCS Considerations"
                  LayoutText {#text} at (128,80) size 4x16
                    text run at (128,80) width 4: " "
                  LayoutBR {BR} at (132,93) size 0x0
                  LayoutInline {A} at (0,0) size 57x16 [color=#0000EE]
                    LayoutText {#text} at (0,96) size 57x16
                      text run at (0,96) width 57: "Identifiers"
                  LayoutText {#text} at (57,96) size 4x16
                    text run at (57,96) width 4: " "
                  LayoutBR {BR} at (61,109) size 0x0
                  LayoutInline {A} at (0,0) size 87x16 [color=#0000EE]
                    LayoutText {#text} at (0,112) size 87x16
                      text run at (0,112) width 87: "SQL Identifiers"
                  LayoutText {#text} at (87,112) size 4x16
                    text run at (87,112) width 4: " "
                  LayoutBR {BR} at (91,125) size 0x0
                  LayoutInline {A} at (0,0) size 88x16 [color=#0000EE]
                    LayoutText {#text} at (0,128) size 88x16
                      text run at (0,128) width 88: "Host Identifiers"
                  LayoutText {#text} at (88,128) size 4x16
                    text run at (88,128) width 4: " "
                  LayoutBR {BR} at (92,141) size 0x0
                  LayoutInline {A} at (0,0) size 354x16 [color=#0000EE]
                    LayoutText {#text} at (0,144) size 354x16
                      text run at (0,144) width 354: "Naming Conventions and Implicit Object Name Qualifications"
                  LayoutText {#text} at (354,144) size 4x16
                    text run at (354,144) width 4: " "
                  LayoutBR {BR} at (358,157) size 0x0
                  LayoutInline {A} at (0,0) size 43x16 [color=#0000EE]
                    LayoutText {#text} at (0,160) size 43x16
                      text run at (0,160) width 43: "Aliases"
                  LayoutText {#text} at (43,160) size 4x16
                    text run at (43,160) width 4: " "
                  LayoutBR {BR} at (47,173) size 0x0
                  LayoutInline {A} at (0,0) size 246x16 [color=#0000EE]
                    LayoutText {#text} at (0,176) size 246x16
                      text run at (0,176) width 246: "Authorization IDs and authorization-names"
                  LayoutText {#text} at (246,176) size 4x16
                    text run at (246,176) width 4: " "
                  LayoutBR {BR} at (250,189) size 0x0
                  LayoutInline {A} at (0,0) size 238x16 [color=#0000EE]
                    LayoutText {#text} at (0,192) size 238x16
                      text run at (0,192) width 238: "Dynamic SQL Characteristics at run-time"
                  LayoutText {#text} at (238,192) size 4x16
                    text run at (238,192) width 4: " "
                  LayoutBR {BR} at (242,205) size 0x0
                  LayoutInline {A} at (0,0) size 259x16 [color=#0000EE]
                    LayoutText {#text} at (0,208) size 259x16
                      text run at (0,208) width 259: "Authorization IDs and Statement Preparation"
                  LayoutText {#text} at (259,208) size 4x16
                    text run at (259,208) width 4: " "
                  LayoutBR {BR} at (263,221) size 0x0
                  LayoutInline {A} at (0,0) size 67x16 [color=#0000EE]
                    LayoutText {#text} at (0,224) size 67x16
                      text run at (0,224) width 67: "Data Types"
                  LayoutText {#text} at (66,224) size 5x16
                    text run at (66,224) width 5: " "
                  LayoutBR {BR} at (70,237) size 1x0
                  LayoutInline {A} at (0,0) size 29x16 [color=#0000EE]
                    LayoutText {#text} at (0,240) size 29x16
                      text run at (0,240) width 29: "Nulls"
                  LayoutText {#text} at (29,240) size 4x16
                    text run at (29,240) width 4: " "
                  LayoutBR {BR} at (33,253) size 0x0
                  LayoutInline {A} at (0,0) size 126x16 [color=#0000EE]
                    LayoutText {#text} at (0,256) size 126x16
                      text run at (0,256) width 126: "Large Objects (LOBs)"
                  LayoutText {#text} at (126,256) size 4x16
                    text run at (126,256) width 4: " "
                  LayoutBR {BR} at (130,269) size 0x0
                  LayoutInline {A} at (0,0) size 101x16 [color=#0000EE]
                    LayoutText {#text} at (0,272) size 101x16
                      text run at (0,272) width 101: "Character Strings"
                  LayoutText {#text} at (101,272) size 4x16
                    text run at (101,272) width 4: " "
                  LayoutBR {BR} at (105,285) size 0x0
                  LayoutInline {A} at (0,0) size 90x16 [color=#0000EE]
                    LayoutText {#text} at (0,288) size 90x16
                      text run at (0,288) width 90: "Graphic Strings"
                  LayoutText {#text} at (90,288) size 4x16
                    text run at (90,288) width 4: " "
                  LayoutBR {BR} at (94,301) size 0x0
                  LayoutInline {A} at (0,0) size 75x16 [color=#0000EE]
                    LayoutText {#text} at (0,304) size 75x16
                      text run at (0,304) width 75: "Binary String"
                  LayoutText {#text} at (75,304) size 4x16
                    text run at (75,304) width 4: " "
                  LayoutBR {BR} at (79,317) size 0x0
                  LayoutInline {A} at (0,0) size 52x16 [color=#0000EE]
                    LayoutText {#text} at (0,320) size 52x16
                      text run at (0,320) width 52: "Numbers"
                  LayoutText {#text} at (52,320) size 4x16
                    text run at (52,320) width 4: " "
                  LayoutBR {BR} at (56,333) size 0x0
                  LayoutInline {A} at (0,0) size 96x16 [color=#0000EE]
                    LayoutText {#text} at (0,336) size 96x16
                      text run at (0,336) width 96: "Datetime Values"
                  LayoutText {#text} at (95,336) size 5x16
                    text run at (95,336) width 5: " "
                  LayoutBR {BR} at (99,349) size 1x0
                  LayoutInline {A} at (0,0) size 106x16 [color=#0000EE]
                    LayoutText {#text} at (0,352) size 106x16
                      text run at (0,352) width 106: "DATALINK Values"
                  LayoutText {#text} at (105,352) size 5x16
                    text run at (105,352) width 5: " "
                  LayoutBR {BR} at (109,365) size 1x0
                  LayoutInline {A} at (0,0) size 115x16 [color=#0000EE]
                    LayoutText {#text} at (0,368) size 115x16
                      text run at (0,368) width 115: "User Defined Types"
                  LayoutText {#text} at (114,368) size 5x16
                    text run at (114,368) width 5: " "
                  LayoutBR {BR} at (118,381) size 1x0
                  LayoutInline {A} at (0,0) size 145x16 [color=#0000EE]
                    LayoutText {#text} at (0,384) size 145x16
                      text run at (0,384) width 145: "Promotion of Data Types"
                  LayoutText {#text} at (144,384) size 5x16
                    text run at (144,384) width 5: " "
                  LayoutBR {BR} at (148,397) size 1x0
                  LayoutInline {A} at (0,0) size 169x16 [color=#0000EE]
                    LayoutText {#text} at (0,400) size 169x16
                      text run at (0,400) width 169: "Casting Between Data Types"
                  LayoutText {#text} at (168,400) size 5x16
                    text run at (168,400) width 5: " "
                  LayoutBR {BR} at (172,413) size 1x0
                  LayoutInline {A} at (0,0) size 181x16 [color=#0000EE]
                    LayoutText {#text} at (0,416) size 181x16
                      text run at (0,416) width 181: "Assignments and Comparisons"
                  LayoutText {#text} at (181,416) size 4x16
                    text run at (181,416) width 4: " "
                  LayoutBR {BR} at (185,429) size 0x0
                  LayoutInline {A} at (0,0) size 128x16 [color=#0000EE]
                    LayoutText {#text} at (0,432) size 128x16
                      text run at (0,432) width 128: "Numeric Assignments"
                  LayoutText {#text} at (128,432) size 4x16
                    text run at (128,432) width 4: " "
                  LayoutBR {BR} at (132,445) size 0x0
                  LayoutInline {A} at (0,0) size 114x16 [color=#0000EE]
                    LayoutText {#text} at (0,448) size 114x16
                      text run at (0,448) width 114: "String Assignments"
                  LayoutText {#text} at (114,448) size 4x16
                    text run at (114,448) width 4: " "
                  LayoutBR {BR} at (118,461) size 0x0
                  LayoutInline {A} at (0,0) size 132x16 [color=#0000EE]
                    LayoutText {#text} at (0,464) size 132x16
                      text run at (0,464) width 132: "Datetime Assignments"
                  LayoutText {#text} at (132,464) size 4x16
                    text run at (132,464) width 4: " "
                  LayoutBR {BR} at (136,477) size 0x0
                  LayoutInline {A} at (0,0) size 143x16 [color=#0000EE]
                    LayoutText {#text} at (0,480) size 143x16
                      text run at (0,480) width 143: "DATALINK Assignments"
                  LayoutText {#text} at (142,480) size 5x16
                    text run at (142,480) width 5: " "
                  LayoutBR {BR} at (146,493) size 1x0
                  LayoutInline {A} at (0,0) size 186x16 [color=#0000EE]
                    LayoutText {#text} at (0,496) size 186x16
                      text run at (0,496) width 186: "User-defined Type Assignments"
                  LayoutText {#text} at (185,496) size 5x16
                    text run at (185,496) width 5: " "
                  LayoutBR {BR} at (189,509) size 1x0
                  LayoutInline {A} at (0,0) size 172x16 [color=#0000EE]
                    LayoutText {#text} at (0,512) size 172x16
                      text run at (0,512) width 172: "Reference Type Assignments"
                  LayoutText {#text} at (171,512) size 5x16
                    text run at (171,512) width 5: " "
                  LayoutBR {BR} at (175,525) size 1x0
                  LayoutInline {A} at (0,0) size 128x16 [color=#0000EE]
                    LayoutText {#text} at (0,528) size 128x16
                      text run at (0,528) width 128: "Numeric Comparisons"
                  LayoutText {#text} at (128,528) size 4x16
                    text run at (128,528) width 4: " "
                  LayoutBR {BR} at (132,541) size 0x0
                  LayoutInline {A} at (0,0) size 114x16 [color=#0000EE]
                    LayoutText {#text} at (0,544) size 114x16
                      text run at (0,544) width 114: "String Comparisons"
                  LayoutText {#text} at (114,544) size 4x16
                    text run at (114,544) width 4: " "
                  LayoutBR {BR} at (118,557) size 0x0
                  LayoutInline {A} at (0,0) size 132x16 [color=#0000EE]
                    LayoutText {#text} at (0,560) size 132x16
                      text run at (0,560) width 132: "Datetime Comparisons"
                  LayoutText {#text} at (132,560) size 4x16
                    text run at (132,560) width 4: " "
                  LayoutBR {BR} at (136,573) size 0x0
                  LayoutInline {A} at (0,0) size 186x16 [color=#0000EE]
                    LayoutText {#text} at (0,576) size 186x16
                      text run at (0,576) width 186: "User-defined Type Comparisons"
                  LayoutText {#text} at (185,576) size 5x16
                    text run at (185,576) width 5: " "
                  LayoutBR {BR} at (189,589) size 1x0
                  LayoutInline {A} at (0,0) size 172x16 [color=#0000EE]
                    LayoutText {#text} at (0,592) size 172x16
                      text run at (0,592) width 172: "Reference Type Comparisons"
                  LayoutText {#text} at (171,592) size 5x16
                    text run at (171,592) width 5: " "
                  LayoutBR {BR} at (175,605) size 1x0
                  LayoutInline {A} at (0,0) size 164x16 [color=#0000EE]
                    LayoutText {#text} at (0,608) size 164x16
                      text run at (0,608) width 164: "Rules for Result Data Types"
                  LayoutText {#text} at (163,608) size 5x16
                    text run at (163,608) width 5: " "
                  LayoutBR {BR} at (167,621) size 1x0
                  LayoutInline {A} at (0,0) size 101x16 [color=#0000EE]
                    LayoutText {#text} at (0,624) size 101x16
                      text run at (0,624) width 101: "Character Strings"
                  LayoutText {#text} at (101,624) size 4x16
                    text run at (101,624) width 4: " "
                  LayoutBR {BR} at (105,637) size 0x0
                  LayoutInline {A} at (0,0) size 90x16 [color=#0000EE]
                    LayoutText {#text} at (0,640) size 90x16
                      text run at (0,640) width 90: "Graphic Strings"
                  LayoutText {#text} at (90,640) size 4x16
                    text run at (90,640) width 4: " "
                  LayoutBR {BR} at (94,653) size 0x0
                  LayoutInline {A} at (0,0) size 162x16 [color=#0000EE]
                    LayoutText {#text} at (0,656) size 162x16
                      text run at (0,656) width 162: "Binary Large Object (BLOB)"
                  LayoutText {#text} at (162,656) size 4x16
                    text run at (162,656) width 4: " "
                  LayoutBR {BR} at (166,669) size 0x0
                  LayoutInline {A} at (0,0) size 48x16 [color=#0000EE]
                    LayoutText {#text} at (0,672) size 48x16
                      text run at (0,672) width 48: "Numeric"
                  LayoutText {#text} at (48,672) size 4x16
                    text run at (48,672) width 4: " "
                  LayoutBR {BR} at (52,685) size 0x0
                  LayoutInline {A} at (0,0) size 35x16 [color=#0000EE]
                    LayoutText {#text} at (0,688) size 35x16
                      text run at (0,688) width 35: "DATE"
                  LayoutText {#text} at (34,688) size 5x16
                    text run at (34,688) width 5: " "
                  LayoutBR {BR} at (38,701) size 1x0
                  LayoutInline {A} at (0,0) size 32x16 [color=#0000EE]
                    LayoutText {#text} at (0,704) size 32x16
                      text run at (0,704) width 32: "TIME"
                  LayoutText {#text} at (32,704) size 4x16
                    text run at (32,704) width 4: " "
                  LayoutBR {BR} at (36,717) size 0x0
                  LayoutInline {A} at (0,0) size 78x16 [color=#0000EE]
                    LayoutText {#text} at (0,720) size 78x16
                      text run at (0,720) width 78: "TIMESTAMP"
                  LayoutText {#text} at (77,720) size 5x16
                    text run at (77,720) width 5: " "
                  LayoutBR {BR} at (81,733) size 1x0
                  LayoutInline {A} at (0,0) size 63x16 [color=#0000EE]
                    LayoutText {#text} at (0,736) size 63x16
                      text run at (0,736) width 63: "DATALINK"
                  LayoutText {#text} at (62,736) size 5x16
                    text run at (62,736) width 5: " "
                  LayoutBR {BR} at (66,749) size 1x0
                  LayoutInline {A} at (0,0) size 113x16 [color=#0000EE]
                    LayoutText {#text} at (0,752) size 113x16
                      text run at (0,752) width 113: "User-defined Types"
                  LayoutText {#text} at (112,752) size 5x16
                    text run at (112,752) width 5: " "
                  LayoutBR {BR} at (116,765) size 1x0
                  LayoutInline {A} at (0,0) size 155x16 [color=#0000EE]
                    LayoutText {#text} at (0,768) size 155x16
                      text run at (0,768) width 155: "Nullable Attribute of Result"
                  LayoutText {#text} at (155,768) size 4x16
                    text run at (155,768) width 4: " "
                  LayoutBR {BR} at (159,781) size 0x0
                  LayoutInline {A} at (0,0) size 166x16 [color=#0000EE]
                    LayoutText {#text} at (0,784) size 166x16
                      text run at (0,784) width 166: "Rules for String Conversions"
                  LayoutText {#text} at (166,784) size 4x16
                    text run at (166,784) width 4: " "
                  LayoutBR {BR} at (170,797) size 0x0
                  LayoutInline {A} at (0,0) size 127x16 [color=#0000EE]
                    LayoutText {#text} at (0,800) size 127x16
                      text run at (0,800) width 127: "Partition Compatibility"
                  LayoutText {#text} at (127,800) size 4x16
                    text run at (127,800) width 4: " "
                  LayoutBR {BR} at (131,813) size 0x0
                  LayoutInline {A} at (0,0) size 59x16 [color=#0000EE]
                    LayoutText {#text} at (0,816) size 59x16
                      text run at (0,816) width 59: "Constants"
                  LayoutText {#text} at (59,816) size 4x16
                    text run at (59,816) width 4: " "
                  LayoutBR {BR} at (63,829) size 0x0
                  LayoutInline {A} at (0,0) size 103x16 [color=#0000EE]
                    LayoutText {#text} at (0,832) size 103x16
                      text run at (0,832) width 103: "Integer Constants"
                  LayoutText {#text} at (103,832) size 4x16
                    text run at (103,832) width 4: " "
                  LayoutBR {BR} at (107,845) size 0x0
                  LayoutInline {A} at (0,0) size 143x16 [color=#0000EE]
                    LayoutText {#text} at (0,848) size 143x16
                      text run at (0,848) width 143: "Floating-Point Constants"
                  LayoutText {#text} at (143,848) size 4x16
                    text run at (143,848) width 4: " "
                  LayoutBR {BR} at (147,861) size 0x0
                  LayoutInline {A} at (0,0) size 110x16 [color=#0000EE]
                    LayoutText {#text} at (0,864) size 110x16
                      text run at (0,864) width 110: "Decimal Constants"
                  LayoutText {#text} at (110,864) size 4x16
                    text run at (110,864) width 4: " "
                  LayoutBR {BR} at (114,877) size 0x0
                  LayoutInline {A} at (0,0) size 157x16 [color=#0000EE]
                    LayoutText {#text} at (0,880) size 157x16
                      text run at (0,880) width 157: "Character String Constants"
                  LayoutText {#text} at (157,880) size 4x16
                    text run at (157,880) width 4: " "
                  LayoutBR {BR} at (161,893) size 0x0
                  LayoutInline {A} at (0,0) size 138x16 [color=#0000EE]
                    LayoutText {#text} at (0,896) size 138x16
                      text run at (0,896) width 138: "Hexadecimal Constants"
                  LayoutText {#text} at (138,896) size 4x16
                    text run at (138,896) width 4: " "
                  LayoutBR {BR} at (142,909) size 0x0
                  LayoutInline {A} at (0,0) size 146x16 [color=#0000EE]
                    LayoutText {#text} at (0,912) size 146x16
                      text run at (0,912) width 146: "Graphic String Constants"
                  LayoutText {#text} at (146,912) size 4x16
                    text run at (146,912) width 4: " "
                  LayoutBR {BR} at (150,925) size 0x0
                  LayoutInline {A} at (0,0) size 240x16 [color=#0000EE]
                    LayoutText {#text} at (0,928) size 240x16
                      text run at (0,928) width 240: "Using Constants with User-defined Types"
                  LayoutText {#text} at (239,928) size 5x16
                    text run at (239,928) width 5: " "
                  LayoutBR {BR} at (243,941) size 1x0
                  LayoutInline {A} at (0,0) size 102x16 [color=#0000EE]
                    LayoutText {#text} at (0,944) size 102x16
                      text run at (0,944) width 102: "Special Registers"
                  LayoutText {#text} at (102,944) size 4x16
                    text run at (102,944) width 4: " "
                  LayoutBR {BR} at (106,957) size 0x0
                  LayoutInline {A} at (0,0) size 101x16 [color=#0000EE]
                    LayoutText {#text} at (0,960) size 101x16
                      text run at (0,960) width 101: "CURRENT DATE"
                  LayoutText {#text} at (100,960) size 5x16
                    text run at (100,960) width 5: " "
                  LayoutBR {BR} at (104,973) size 1x0
                  LayoutInline {A} at (0,0) size 261x16 [color=#0000EE]
                    LayoutText {#text} at (0,976) size 261x16
                      text run at (0,976) width 261: "CURRENT DEFAULT TRANSFORM GROUP"
                  LayoutText {#text} at (260,976) size 5x16
                    text run at (260,976) width 5: " "
                  LayoutBR {BR} at (264,989) size 1x0
                  LayoutInline {A} at (0,0) size 121x16 [color=#0000EE]
                    LayoutText {#text} at (0,992) size 121x16
                      text run at (0,992) width 121: "CURRENT DEGREE"
                  LayoutText {#text} at (121,992) size 4x16
                    text run at (121,992) width 4: " "
                  LayoutBR {BR} at (125,1005) size 0x0
                  LayoutInline {A} at (0,0) size 165x16 [color=#0000EE]
                    LayoutText {#text} at (0,1008) size 165x16
                      text run at (0,1008) width 165: "CURRENT EXPLAIN MODE"
                  LayoutText {#text} at (165,1008) size 4x16
                    text run at (165,1008) width 4: " "
                  LayoutBR {BR} at (169,1021) size 0x0
                  LayoutInline {A} at (0,0) size 198x16 [color=#0000EE]
                    LayoutText {#text} at (0,1024) size 198x16
                      text run at (0,1024) width 198: "CURRENT EXPLAIN SNAPSHOT"
                  LayoutText {#text} at (198,1024) size 4x16
                    text run at (198,1024) width 4: " "
                  LayoutBR {BR} at (202,1037) size 0x0
                  LayoutInline {A} at (0,0) size 103x16 [color=#0000EE]
                    LayoutText {#text} at (0,1040) size 103x16
                      text run at (0,1040) width 103: "CURRENT NODE"
                  LayoutText {#text} at (103,1040) size 4x16
                    text run at (103,1040) width 4: " "
                  LayoutBR {BR} at (107,1053) size 0x0
                  LayoutInline {A} at (0,0) size 100x16 [color=#0000EE]
                    LayoutText {#text} at (0,1056) size 100x16
                      text run at (0,1056) width 100: "CURRENT PATH"
                  LayoutText {#text} at (99,1056) size 5x16
                    text run at (99,1056) width 5: " "
                  LayoutBR {BR} at (103,1069) size 1x0
                  LayoutInline {A} at (0,0) size 209x16 [color=#0000EE]
                    LayoutText {#text} at (0,1072) size 209x16
                      text run at (0,1072) width 209: "CURRENT QUERY OPTIMIZATION"
                  LayoutText {#text} at (208,1072) size 5x16
                    text run at (208,1072) width 5: " "
                  LayoutBR {BR} at (212,1085) size 1x0
                  LayoutInline {A} at (0,0) size 160x16 [color=#0000EE]
                    LayoutText {#text} at (0,1088) size 160x16
                      text run at (0,1088) width 160: "CURRENT REFRESH AGE"
                  LayoutText {#text} at (160,1088) size 4x16
                    text run at (160,1088) width 4: " "
                  LayoutBR {BR} at (164,1101) size 0x0
                  LayoutInline {A} at (0,0) size 122x16 [color=#0000EE]
                    LayoutText {#text} at (0,1104) size 122x16
                      text run at (0,1104) width 122: "CURRENT SCHEMA"
                  LayoutText {#text} at (122,1104) size 4x16
                    text run at (122,1104) width 4: " "
                  LayoutBR {BR} at (126,1117) size 0x0
                  LayoutInline {A} at (0,0) size 120x16 [color=#0000EE]
                    LayoutText {#text} at (0,1120) size 120x16
                      text run at (0,1120) width 120: "CURRENT SERVER"
                  LayoutText {#text} at (119,1120) size 5x16
                    text run at (119,1120) width 5: " "
                  LayoutBR {BR} at (123,1133) size 1x0
                  LayoutInline {A} at (0,0) size 98x16 [color=#0000EE]
                    LayoutText {#text} at (0,1136) size 98x16
                      text run at (0,1136) width 98: "CURRENT TIME"
                  LayoutText {#text} at (98,1136) size 4x16
                    text run at (98,1136) width 4: " "
                  LayoutBR {BR} at (102,1149) size 0x0
                  LayoutInline {A} at (0,0) size 144x16 [color=#0000EE]
                    LayoutText {#text} at (0,1152) size 144x16
                      text run at (0,1152) width 144: "CURRENT TIMESTAMP"
                  LayoutText {#text} at (143,1152) size 5x16
                    text run at (143,1152) width 5: " "
                  LayoutBR {BR} at (147,1165) size 1x0
                  LayoutInline {A} at (0,0) size 134x16 [color=#0000EE]
                    LayoutText {#text} at (0,1168) size 134x16
                      text run at (0,1168) width 134: "CURRENT TIMEZONE"
                  LayoutText {#text} at (134,1168) size 4x16
                    text run at (134,1168) width 4: " "
                  LayoutBR {BR} at (138,1181) size 0x0
                  LayoutInline {A} at (0,0) size 36x16 [color=#0000EE]
                    LayoutText {#text} at (0,1184) size 36x16
                      text run at (0,1184) width 36: "USER"
                  LayoutText {#text} at (36,1184) size 4x16
                    text run at (36,1184) width 4: " "
                  LayoutBR {BR} at (40,1197) size 0x0
                  LayoutInline {A} at (0,0) size 89x16 [color=#0000EE]
                    LayoutText {#text} at (0,1200) size 89x16
                      text run at (0,1200) width 89: "Column Names"
                  LayoutText {#text} at (89,1200) size 4x16
                    text run at (89,1200) width 4: " "
                  LayoutBR {BR} at (93,1213) size 0x0
                  LayoutInline {A} at (0,0) size 144x16 [color=#0000EE]
                    LayoutText {#text} at (0,1216) size 144x16
                      text run at (0,1216) width 144: "Qualified Column Names"
                  LayoutText {#text} at (144,1216) size 4x16
                    text run at (144,1216) width 4: " "
                  LayoutBR {BR} at (148,1229) size 0x0
                  LayoutInline {A} at (0,0) size 107x16 [color=#0000EE]
                    LayoutText {#text} at (0,1232) size 107x16
                      text run at (0,1232) width 107: "Correlation Names"
                  LayoutText {#text} at (107,1232) size 4x16
                    text run at (107,1232) width 4: " "
                  LayoutBR {BR} at (111,1245) size 0x0
                  LayoutInline {A} at (0,0) size 255x16 [color=#0000EE]
                    LayoutText {#text} at (0,1248) size 255x16
                      text run at (0,1248) width 255: "Column Name Qualifiers to Avoid Ambiguity"
                  LayoutText {#text} at (254,1248) size 5x16
                    text run at (254,1248) width 5: " "
                  LayoutBR {BR} at (258,1261) size 1x0
                  LayoutInline {A} at (0,0) size 288x16 [color=#0000EE]
                    LayoutText {#text} at (0,1264) size 288x16
                      text run at (0,1264) width 288: "Column Name Qualifiers in Correlated References"
                  LayoutText {#text} at (288,1264) size 4x16
                    text run at (288,1264) width 4: " "
                  LayoutBR {BR} at (292,1277) size 0x0
                  LayoutInline {A} at (0,0) size 170x16 [color=#0000EE]
                    LayoutText {#text} at (0,1280) size 170x16
                      text run at (0,1280) width 170: "References to Host Variables"
                  LayoutText {#text} at (169,1280) size 5x16
                    text run at (169,1280) width 5: " "
                  LayoutBR {BR} at (173,1293) size 1x0
                  LayoutInline {A} at (0,0) size 184x16 [color=#0000EE]
                    LayoutText {#text} at (0,1296) size 184x16
                      text run at (0,1296) width 184: "Host Variables in Dynamic SQL"
                  LayoutText {#text} at (183,1296) size 5x16
                    text run at (183,1296) width 5: " "
                  LayoutBR {BR} at (187,1309) size 1x0
                  LayoutInline {A} at (0,0) size 338x16 [color=#0000EE]
                    LayoutText {#text} at (0,1312) size 338x16
                      text run at (0,1312) width 338: "References to BLOB, CLOB, and DBCLOB Host Variables"
                  LayoutText {#text} at (337,1312) size 5x16
                    text run at (337,1312) width 5: " "
                  LayoutBR {BR} at (341,1325) size 1x0
                  LayoutInline {A} at (0,0) size 186x16 [color=#0000EE]
                    LayoutText {#text} at (0,1328) size 186x16
                      text run at (0,1328) width 186: "References to Locator Variables"
                  LayoutText {#text} at (185,1328) size 5x16
                    text run at (185,1328) width 5: " "
                  LayoutBR {BR} at (189,1341) size 1x0
                  LayoutInline {A} at (0,0) size 395x16 [color=#0000EE]
                    LayoutText {#text} at (0,1344) size 395x16
                      text run at (0,1344) width 395: "References to BLOB, CLOB, and DBCLOB File Reference Variables"
                  LayoutText {#text} at (394,1344) size 5x16
                    text run at (394,1344) width 5: " "
                  LayoutBR {BR} at (398,1357) size 1x0
                  LayoutInline {A} at (0,0) size 266x16 [color=#0000EE]
                    LayoutText {#text} at (0,1360) size 266x16
                      text run at (0,1360) width 266: "References to Structured Type Host Variables"
                  LayoutText {#text} at (265,1360) size 5x16
                    text run at (265,1360) width 5: " "
                  LayoutBR {BR} at (269,1373) size 1x0
                  LayoutInline {A} at (0,0) size 57x16 [color=#0000EE]
                    LayoutText {#text} at (0,1376) size 57x16
                      text run at (0,1376) width 57: "Functions"
                  LayoutText {#text} at (57,1376) size 4x16
                    text run at (57,1376) width 4: " "
                  LayoutBR {BR} at (61,1389) size 0x0
                  LayoutInline {A} at (0,0) size 299x16 [color=#0000EE]
                    LayoutText {#text} at (0,1392) size 299x16
                      text run at (0,1392) width 299: "External, SQL and Sourced User-Defined Functions"
                  LayoutText {#text} at (299,1392) size 4x16
                    text run at (299,1392) width 4: " "
                  LayoutBR {BR} at (303,1405) size 0x0
                  LayoutInline {A} at (0,0) size 321x16 [color=#0000EE]
                    LayoutText {#text} at (0,1408) size 321x16
                      text run at (0,1408) width 321: "Scalar, Column, Row and Table User-Defined Functions"
                  LayoutText {#text} at (320,1408) size 5x16
                    text run at (320,1408) width 5: " "
                  LayoutBR {BR} at (324,1421) size 1x0
                  LayoutInline {A} at (0,0) size 114x16 [color=#0000EE]
                    LayoutText {#text} at (0,1424) size 114x16
                      text run at (0,1424) width 114: "Function signatures"
                  LayoutText {#text} at (114,1424) size 4x16
                    text run at (114,1424) width 4: " "
                  LayoutBR {BR} at (118,1437) size 0x0
                  LayoutInline {A} at (0,0) size 57x16 [color=#0000EE]
                    LayoutText {#text} at (0,1440) size 57x16
                      text run at (0,1440) width 57: "SQL Path"
                  LayoutText {#text} at (57,1440) size 4x16
                    text run at (57,1440) width 4: " "
                  LayoutBR {BR} at (61,1453) size 0x0
                  LayoutInline {A} at (0,0) size 115x16 [color=#0000EE]
                    LayoutText {#text} at (0,1456) size 115x16
                      text run at (0,1456) width 115: "Function Resolution"
                  LayoutText {#text} at (115,1456) size 4x16
                    text run at (115,1456) width 4: " "
                  LayoutBR {BR} at (119,1469) size 0x0
                  LayoutInline {A} at (0,0) size 114x16 [color=#0000EE]
                    LayoutText {#text} at (0,1472) size 114x16
                      text run at (0,1472) width 114: "Function Invocation"
                  LayoutText {#text} at (114,1472) size 4x16
                    text run at (114,1472) width 4: " "
                  LayoutBR {BR} at (118,1485) size 0x0
                  LayoutInline {A} at (0,0) size 50x16 [color=#0000EE]
                    LayoutText {#text} at (0,1488) size 50x16
                      text run at (0,1488) width 50: "Methods"
                  LayoutText {#text} at (50,1488) size 4x16
                    text run at (50,1488) width 4: " "
                  LayoutBR {BR} at (54,1501) size 0x0
                  LayoutInline {A} at (0,0) size 236x16 [color=#0000EE]
                    LayoutText {#text} at (0,1504) size 236x16
                      text run at (0,1504) width 236: "External and SQL User-Defined Methods"
                  LayoutText {#text} at (236,1504) size 4x16
                    text run at (236,1504) width 4: " "
                  LayoutBR {BR} at (240,1517) size 0x0
                  LayoutInline {A} at (0,0) size 109x16 [color=#0000EE]
                    LayoutText {#text} at (0,1520) size 109x16
                      text run at (0,1520) width 109: "Method Signatures"
                  LayoutText {#text} at (109,1520) size 4x16
                    text run at (109,1520) width 4: " "
                  LayoutBR {BR} at (113,1533) size 0x0
                  LayoutInline {A} at (0,0) size 107x16 [color=#0000EE]
                    LayoutText {#text} at (0,1536) size 107x16
                      text run at (0,1536) width 107: "Method Invocation"
                  LayoutText {#text} at (107,1536) size 4x16
                    text run at (107,1536) width 4: " "
                  LayoutBR {BR} at (111,1549) size 0x0
                  LayoutInline {A} at (0,0) size 108x16 [color=#0000EE]
                    LayoutText {#text} at (0,1552) size 108x16
                      text run at (0,1552) width 108: "Method Resolution"
                  LayoutText {#text} at (108,1552) size 4x16
                    text run at (108,1552) width 4: " "
                  LayoutBR {BR} at (112,1565) size 0x0
                  LayoutInline {A} at (0,0) size 188x16 [color=#0000EE]
                    LayoutText {#text} at (0,1568) size 188x16
                      text run at (0,1568) width 188: "Method of Choosing the Best Fit"
                  LayoutText {#text} at (188,1568) size 4x16
                    text run at (188,1568) width 4: " "
                  LayoutBR {BR} at (192,1581) size 0x0
                  LayoutInline {A} at (0,0) size 178x16 [color=#0000EE]
                    LayoutText {#text} at (0,1584) size 178x16
                      text run at (0,1584) width 178: "Example of Method Resolution"
                  LayoutText {#text} at (178,1584) size 4x16
                    text run at (178,1584) width 4: " "
                  LayoutBR {BR} at (182,1597) size 0x0
                  LayoutInline {A} at (0,0) size 107x16 [color=#0000EE]
                    LayoutText {#text} at (0,1600) size 107x16
                      text run at (0,1600) width 107: "Method Invocation"
                  LayoutText {#text} at (107,1600) size 4x16
                    text run at (107,1600) width 4: " "
                  LayoutBR {BR} at (111,1613) size 0x0
                  LayoutInline {A} at (0,0) size 189x16 [color=#0000EE]
                    LayoutText {#text} at (0,1616) size 189x16
                      text run at (0,1616) width 189: "Conservative Binding Semantics"
                  LayoutText {#text} at (189,1616) size 4x16
                    text run at (189,1616) width 4: " "
                  LayoutBR {BR} at (193,1629) size 0x0
                  LayoutInline {A} at (0,0) size 72x16 [color=#0000EE]
                    LayoutText {#text} at (0,1632) size 72x16
                      text run at (0,1632) width 72: "Expressions"
                  LayoutText {#text} at (72,1632) size 4x16
                    text run at (72,1632) width 4: " "
                  LayoutBR {BR} at (76,1645) size 0x0
                  LayoutInline {A} at (0,0) size 105x16 [color=#0000EE]
                    LayoutText {#text} at (0,1648) size 105x16
                      text run at (0,1648) width 105: "Without Operators"
                  LayoutText {#text} at (105,1648) size 4x16
                    text run at (105,1648) width 4: " "
                  LayoutBR {BR} at (109,1661) size 0x0
                  LayoutInline {A} at (0,0) size 189x16 [color=#0000EE]
                    LayoutText {#text} at (0,1664) size 189x16
                      text run at (0,1664) width 189: "With the Concatenation Operator"
                  LayoutText {#text} at (189,1664) size 4x16
                    text run at (189,1664) width 4: " "
                  LayoutBR {BR} at (193,1677) size 0x0
                  LayoutInline {A} at (0,0) size 150x16 [color=#0000EE]
                    LayoutText {#text} at (0,1680) size 150x16
                      text run at (0,1680) width 150: "With Arithmetic Operators"
                  LayoutText {#text} at (150,1680) size 4x16
                    text run at (150,1680) width 4: " "
                  LayoutBR {BR} at (154,1693) size 0x0
                  LayoutInline {A} at (0,0) size 128x16 [color=#0000EE]
                    LayoutText {#text} at (0,1696) size 128x16
                      text run at (0,1696) width 128: "Two Integer Operands"
                  LayoutText {#text} at (127,1696) size 5x16
                    text run at (127,1696) width 5: " "
                  LayoutBR {BR} at (131,1709) size 1x0
                  LayoutInline {A} at (0,0) size 176x16 [color=#0000EE]
                    LayoutText {#text} at (0,1712) size 176x16
                      text run at (0,1712) width 176: "Integer and Decimal Operands"
                  LayoutText {#text} at (176,1712) size 4x16
                    text run at (176,1712) width 4: " "
                  LayoutBR {BR} at (180,1725) size 0x0
                  LayoutInline {A} at (0,0) size 135x16 [color=#0000EE]
                    LayoutText {#text} at (0,1728) size 135x16
                      text run at (0,1728) width 135: "Two Decimal Operands"
                  LayoutText {#text} at (134,1728) size 5x16
                    text run at (134,1728) width 5: " "
                  LayoutBR {BR} at (138,1741) size 1x0
                  LayoutInline {A} at (0,0) size 154x16 [color=#0000EE]
                    LayoutText {#text} at (0,1744) size 154x16
                      text run at (0,1744) width 154: "Decimal Arithmetic in SQL"
                  LayoutText {#text} at (154,1744) size 4x16
                    text run at (154,1744) width 4: " "
                  LayoutBR {BR} at (158,1757) size 0x0
                  LayoutInline {A} at (0,0) size 140x16 [color=#0000EE]
                    LayoutText {#text} at (0,1760) size 140x16
                      text run at (0,1760) width 140: "Floating-Point Operands"
                  LayoutText {#text} at (140,1760) size 4x16
                    text run at (140,1760) width 4: " "
                  LayoutBR {BR} at (144,1773) size 0x0
                  LayoutInline {A} at (0,0) size 191x16 [color=#0000EE]
                    LayoutText {#text} at (0,1776) size 191x16
                      text run at (0,1776) width 191: "User-defined Types as Operands"
                  LayoutText {#text} at (190,1776) size 5x16
                    text run at (190,1776) width 5: " "
                  LayoutBR {BR} at (194,1789) size 1x0
                  LayoutInline {A} at (0,0) size 97x16 [color=#0000EE]
                    LayoutText {#text} at (0,1792) size 97x16
                      text run at (0,1792) width 97: "Scalar Fullselect"
                  LayoutText {#text} at (97,1792) size 4x16
                    text run at (97,1792) width 4: " "
                  LayoutBR {BR} at (101,1805) size 0x0
                  LayoutInline {A} at (0,0) size 203x16 [color=#0000EE]
                    LayoutText {#text} at (0,1808) size 203x16
                      text run at (0,1808) width 203: "Datetime Operations and Durations"
                  LayoutText {#text} at (203,1808) size 4x16
                    text run at (203,1808) width 4: " "
                  LayoutBR {BR} at (207,1821) size 0x0
                  LayoutInline {A} at (0,0) size 159x16 [color=#0000EE]
                    LayoutText {#text} at (0,1824) size 159x16
                      text run at (0,1824) width 159: "Datetime Arithmetic in SQL"
                  LayoutText {#text} at (159,1824) size 4x16
                    text run at (159,1824) width 4: " "
                  LayoutBR {BR} at (163,1837) size 0x0
                  LayoutInline {A} at (0,0) size 151x16 [color=#0000EE]
                    LayoutText {#text} at (0,1840) size 151x16
                      text run at (0,1840) width 151: "Precedence of Operations"
                  LayoutText {#text} at (151,1840) size 4x16
                    text run at (151,1840) width 4: " "
                  LayoutBR {BR} at (155,1853) size 0x0
                  LayoutInline {A} at (0,0) size 112x16 [color=#0000EE]
                    LayoutText {#text} at (0,1856) size 112x16
                      text run at (0,1856) width 112: "CASE Expressions"
                  LayoutText {#text} at (112,1856) size 4x16
                    text run at (112,1856) width 4: " "
                  LayoutBR {BR} at (116,1869) size 0x0
                  LayoutInline {A} at (0,0) size 121x16 [color=#0000EE]
                    LayoutText {#text} at (0,1872) size 121x16
                      text run at (0,1872) width 121: "CAST Specifications"
                  LayoutText {#text} at (121,1872) size 4x16
                    text run at (121,1872) width 4: " "
                  LayoutBR {BR} at (125,1885) size 0x0
                  LayoutInline {A} at (0,0) size 137x16 [color=#0000EE]
                    LayoutText {#text} at (0,1888) size 137x16
                      text run at (0,1888) width 137: "Dereference Operations"
                  LayoutText {#text} at (137,1888) size 4x16
                    text run at (137,1888) width 4: " "
                  LayoutBR {BR} at (141,1901) size 0x0
                  LayoutInline {A} at (0,0) size 96x16 [color=#0000EE]
                    LayoutText {#text} at (0,1904) size 96x16
                      text run at (0,1904) width 96: "OLAP Functions"
                  LayoutText {#text} at (96,1904) size 4x16
                    text run at (96,1904) width 4: " "
                  LayoutBR {BR} at (100,1917) size 0x0
                  LayoutInline {A} at (0,0) size 107x16 [color=#0000EE]
                    LayoutText {#text} at (0,1920) size 107x16
                      text run at (0,1920) width 107: "Method Invocation"
                  LayoutText {#text} at (107,1920) size 4x16
                    text run at (107,1920) width 4: " "
                  LayoutBR {BR} at (111,1933) size 0x0
                  LayoutInline {A} at (0,0) size 111x16 [color=#0000EE]
                    LayoutText {#text} at (0,1936) size 111x16
                      text run at (0,1936) width 111: "Subtype Treatment"
                  LayoutText {#text} at (110,1936) size 5x16
                    text run at (110,1936) width 5: " "
                  LayoutBR {BR} at (114,1949) size 1x0
                  LayoutInline {A} at (0,0) size 62x16 [color=#0000EE]
                    LayoutText {#text} at (0,1952) size 62x16
                      text run at (0,1952) width 62: "Predicates"
                  LayoutText {#text} at (62,1952) size 4x16
                    text run at (62,1952) width 4: " "
                  LayoutBR {BR} at (66,1965) size 0x0
                  LayoutInline {A} at (0,0) size 92x16 [color=#0000EE]
                    LayoutText {#text} at (0,1968) size 92x16
                      text run at (0,1968) width 92: "Basic Predicate"
                  LayoutText {#text} at (92,1968) size 4x16
                    text run at (92,1968) width 4: " "
                  LayoutBR {BR} at (96,1981) size 0x0
                  LayoutInline {A} at (0,0) size 118x16 [color=#0000EE]
                    LayoutText {#text} at (0,1984) size 118x16
                      text run at (0,1984) width 118: "Quantified Predicate"
                  LayoutText {#text} at (118,1984) size 4x16
                    text run at (118,1984) width 4: " "
                  LayoutBR {BR} at (122,1997) size 0x0
                  LayoutInline {A} at (0,0) size 124x16 [color=#0000EE]
                    LayoutText {#text} at (0,2000) size 124x16
                      text run at (0,2000) width 124: "BETWEEN Predicate"
                  LayoutText {#text} at (124,2000) size 4x16
                    text run at (124,2000) width 4: " "
                  LayoutBR {BR} at (128,2013) size 0x0
                  LayoutInline {A} at (0,0) size 107x16 [color=#0000EE]
                    LayoutText {#text} at (0,2016) size 107x16
                      text run at (0,2016) width 107: "EXISTS Predicate"
                  LayoutText {#text} at (107,2016) size 4x16
                    text run at (107,2016) width 4: " "
                  LayoutBR {BR} at (111,2029) size 0x0
                  LayoutInline {A} at (0,0) size 72x16 [color=#0000EE]
                    LayoutText {#text} at (0,2032) size 72x16
                      text run at (0,2032) width 72: "IN Predicate"
                  LayoutText {#text} at (72,2032) size 4x16
                    text run at (72,2032) width 4: " "
                  LayoutBR {BR} at (76,2045) size 0x0
                  LayoutInline {A} at (0,0) size 88x16 [color=#0000EE]
                    LayoutText {#text} at (0,2048) size 88x16
                      text run at (0,2048) width 88: "LIKE Predicate"
                  LayoutText {#text} at (88,2048) size 4x16
                    text run at (88,2048) width 4: " "
                  LayoutBR {BR} at (92,2061) size 0x0
                  LayoutInline {A} at (0,0) size 91x16 [color=#0000EE]
                    LayoutText {#text} at (0,2064) size 91x16
                      text run at (0,2064) width 91: "NULL Predicate"
                  LayoutText {#text} at (91,2064) size 4x16
                    text run at (91,2064) width 4: " "
                  LayoutBR {BR} at (95,2077) size 0x0
                  LayoutInline {A} at (0,0) size 94x16 [color=#0000EE]
                    LayoutText {#text} at (0,2080) size 94x16
                      text run at (0,2080) width 94: "TYPE Predicate"
                  LayoutText {#text} at (94,2080) size 4x16
                    text run at (94,2080) width 4: " "
                  LayoutBR {BR} at (98,2093) size 0x0
                  LayoutInline {A} at (0,0) size 106x16 [color=#0000EE]
                    LayoutText {#text} at (0,2096) size 106x16
                      text run at (0,2096) width 106: "Search Conditions"
                  LayoutText {#text} at (106,2096) size 4x16
                    text run at (106,2096) width 4: " "
                  LayoutBR {BR} at (110,2109) size 0x0
                  LayoutInline {A} at (0,0) size 58x16 [color=#0000EE]
                    LayoutText {#text} at (0,2112) size 58x16
                      text run at (0,2112) width 58: "Examples"
                  LayoutText {#text} at (0,0) size 0x0
                LayoutBlockFlow {P} at (0,3424.17) size 715x2064
                  LayoutInline {B} at (0,0) size 62x16
                    LayoutInline {A} at (0,0) size 62x16 [color=#0000EE]
                      LayoutText {#text} at (0,0) size 62x16
                        text run at (0,0) width 62: "Functions"
                  LayoutBR {BR} at (62,13) size 0x0
                  LayoutBR {BR} at (0,16) size 0x16
                  LayoutInline {A} at (0,0) size 105x16 [color=#0000EE]
                    LayoutText {#text} at (0,32) size 105x16
                      text run at (0,32) width 105: "Column Functions"
                  LayoutText {#text} at (105,32) size 4x16
                    text run at (105,32) width 4: " "
                  LayoutBR {BR} at (109,45) size 0x0
                  LayoutInline {A} at (0,0) size 28x16 [color=#0000EE]
                    LayoutText {#text} at (0,48) size 28x16
                      text run at (0,48) width 28: "AVG"
                  LayoutText {#text} at (27,48) size 5x16
                    text run at (27,48) width 5: " "
                  LayoutBR {BR} at (31,61) size 1x0
                  LayoutInline {A} at (0,0) size 93x16 [color=#0000EE]
                    LayoutText {#text} at (0,64) size 93x16
                      text run at (0,64) width 93: "CORRELATION"
                  LayoutText {#text} at (92,64) size 5x16
                    text run at (92,64) width 5: " "
                  LayoutBR {BR} at (96,77) size 1x0
                  LayoutInline {A} at (0,0) size 45x16 [color=#0000EE]
                    LayoutText {#text} at (0,80) size 45x16
                      text run at (0,80) width 45: "COUNT"
                  LayoutText {#text} at (45,80) size 4x16
                    text run at (45,80) width 4: " "
                  LayoutBR {BR} at (49,93) size 0x0
                  LayoutInline {A} at (0,0) size 75x16 [color=#0000EE]
                    LayoutText {#text} at (0,96) size 75x16
                      text run at (0,96) width 75: "COUNT_BIG"
                  LayoutText {#text} at (75,96) size 4x16
                    text run at (75,96) width 4: " "
                  LayoutBR {BR} at (79,109) size 0x0
                  LayoutInline {A} at (0,0) size 86x16 [color=#0000EE]
                    LayoutText {#text} at (0,112) size 86x16
                      text run at (0,112) width 86: "COVARIANCE"
                  LayoutText {#text} at (85,112) size 5x16
                    text run at (85,112) width 5: " "
                  LayoutBR {BR} at (89,125) size 1x0
                  LayoutInline {A} at (0,0) size 70x16 [color=#0000EE]
                    LayoutText {#text} at (0,128) size 70x16
                      text run at (0,128) width 70: "GROUPING"
                  LayoutText {#text} at (70,128) size 4x16
                    text run at (70,128) width 4: " "
                  LayoutBR {BR} at (74,141) size 0x0
                  LayoutInline {A} at (0,0) size 29x16 [color=#0000EE]
                    LayoutText {#text} at (0,144) size 29x16
                      text run at (0,144) width 29: "MAX"
                  LayoutText {#text} at (29,144) size 4x16
                    text run at (29,144) width 4: " "
                  LayoutBR {BR} at (33,157) size 0x0
                  LayoutInline {A} at (0,0) size 24x16 [color=#0000EE]
                    LayoutText {#text} at (0,160) size 24x16
                      text run at (0,160) width 24: "MIN"
                  LayoutText {#text} at (24,160) size 4x16
                    text run at (24,160) width 4: " "
                  LayoutBR {BR} at (28,173) size 0x0
                  LayoutInline {A} at (0,0) size 148x16 [color=#0000EE]
                    LayoutText {#text} at (0,176) size 148x16
                      text run at (0,176) width 148: "REGRESSION Functions"
                  LayoutText {#text} at (148,176) size 4x16
                    text run at (148,176) width 4: " "
                  LayoutBR {BR} at (152,189) size 0x0
                  LayoutInline {A} at (0,0) size 53x16 [color=#0000EE]
                    LayoutText {#text} at (0,192) size 53x16
                      text run at (0,192) width 53: "STDDEV"
                  LayoutText {#text} at (53,192) size 4x16
                    text run at (53,192) width 4: " "
                  LayoutBR {BR} at (57,205) size 0x0
                  LayoutInline {A} at (0,0) size 29x16 [color=#0000EE]
                    LayoutText {#text} at (0,208) size 29x16
                      text run at (0,208) width 29: "SUM"
                  LayoutText {#text} at (29,208) size 4x16
                    text run at (29,208) width 4: " "
                  LayoutBR {BR} at (33,221) size 0x0
                  LayoutInline {A} at (0,0) size 67x16 [color=#0000EE]
                    LayoutText {#text} at (0,224) size 67x16
                      text run at (0,224) width 67: "VARIANCE"
                  LayoutText {#text} at (66,224) size 5x16
                    text run at (66,224) width 5: " "
                  LayoutBR {BR} at (70,237) size 1x0
                  LayoutInline {A} at (0,0) size 98x16 [color=#0000EE]
                    LayoutText {#text} at (0,240) size 98x16
                      text run at (0,240) width 98: "Scalar Functions"
                  LayoutText {#text} at (98,240) size 4x16
                    text run at (98,240) width 4: " "
                  LayoutBR {BR} at (102,253) size 0x0
                  LayoutInline {A} at (0,0) size 98x16 [color=#0000EE]
                    LayoutText {#text} at (0,256) size 98x16
                      text run at (0,256) width 98: "ABS or ABSVAL"
                  LayoutText {#text} at (97,256) size 5x16
                    text run at (97,256) width 5: " "
                  LayoutBR {BR} at (101,269) size 1x0
                  LayoutInline {A} at (0,0) size 37x16 [color=#0000EE]
                    LayoutText {#text} at (0,272) size 37x16
                      text run at (0,272) width 37: "ACOS"
                  LayoutText {#text} at (37,272) size 4x16
                    text run at (37,272) width 4: " "
                  LayoutBR {BR} at (41,285) size 0x0
                  LayoutInline {A} at (0,0) size 35x16 [color=#0000EE]
                    LayoutText {#text} at (0,288) size 35x16
                      text run at (0,288) width 35: "ASCII"
                  LayoutText {#text} at (35,288) size 4x16
                    text run at (35,288) width 4: " "
                  LayoutBR {BR} at (39,301) size 0x0
                  LayoutInline {A} at (0,0) size 31x16 [color=#0000EE]
                    LayoutText {#text} at (0,304) size 31x16
                      text run at (0,304) width 31: "ASIN"
                  LayoutText {#text} at (31,304) size 4x16
                    text run at (31,304) width 4: " "
                  LayoutBR {BR} at (35,317) size 0x0
                  LayoutInline {A} at (0,0) size 34x16 [color=#0000EE]
                    LayoutText {#text} at (0,320) size 34x16
                      text run at (0,320) width 34: "ATAN"
                  LayoutText {#text} at (33,320) size 5x16
                    text run at (33,320) width 5: " "
                  LayoutBR {BR} at (37,333) size 1x0
                  LayoutInline {A} at (0,0) size 41x16 [color=#0000EE]
                    LayoutText {#text} at (0,336) size 41x16
                      text run at (0,336) width 41: "ATAN2"
                  LayoutText {#text} at (40,336) size 5x16
                    text run at (40,336) width 5: " "
                  LayoutBR {BR} at (44,349) size 1x0
                  LayoutInline {A} at (0,0) size 44x16 [color=#0000EE]
                    LayoutText {#text} at (0,352) size 44x16
                      text run at (0,352) width 44: "BIGINT"
                  LayoutText {#text} at (44,352) size 4x16
                    text run at (44,352) width 4: " "
                  LayoutBR {BR} at (48,365) size 0x0
                  LayoutInline {A} at (0,0) size 35x16 [color=#0000EE]
                    LayoutText {#text} at (0,368) size 35x16
                      text run at (0,368) width 35: "BLOB"
                  LayoutText {#text} at (35,368) size 4x16
                    text run at (35,368) width 4: " "
                  LayoutBR {BR} at (39,381) size 0x0
                  LayoutInline {A} at (0,0) size 100x16 [color=#0000EE]
                    LayoutText {#text} at (0,384) size 100x16
                      text run at (0,384) width 100: "CEILING or CEIL"
                  LayoutText {#text} at (100,384) size 4x16
                    text run at (100,384) width 4: " "
                  LayoutBR {BR} at (104,397) size 0x0
                  LayoutInline {A} at (0,0) size 36x16 [color=#0000EE]
                    LayoutText {#text} at (0,400) size 36x16
                      text run at (0,400) width 36: "CHAR"
                  LayoutText {#text} at (36,400) size 4x16
                    text run at (36,400) width 4: " "
                  LayoutBR {BR} at (40,413) size 0x0
                  LayoutInline {A} at (0,0) size 27x16 [color=#0000EE]
                    LayoutText {#text} at (0,416) size 27x16
                      text run at (0,416) width 27: "CHR"
                  LayoutText {#text} at (27,416) size 4x16
                    text run at (27,416) width 4: " "
                  LayoutBR {BR} at (31,429) size 0x0
                  LayoutInline {A} at (0,0) size 35x16 [color=#0000EE]
                    LayoutText {#text} at (0,432) size 35x16
                      text run at (0,432) width 35: "CLOB"
                  LayoutText {#text} at (35,432) size 4x16
                    text run at (35,432) width 4: " "
                  LayoutBR {BR} at (39,445) size 0x0
                  LayoutInline {A} at (0,0) size 71x16 [color=#0000EE]
                    LayoutText {#text} at (0,448) size 71x16
                      text run at (0,448) width 71: "COALESCE"
                  LayoutText {#text} at (71,448) size 4x16
                    text run at (71,448) width 4: " "
                  LayoutBR {BR} at (75,461) size 0x0
                  LayoutInline {A} at (0,0) size 54x16 [color=#0000EE]
                    LayoutText {#text} at (0,464) size 54x16
                      text run at (0,464) width 54: "CONCAT"
                  LayoutText {#text} at (53,464) size 5x16
                    text run at (53,464) width 5: " "
                  LayoutBR {BR} at (57,477) size 1x0
                  LayoutInline {A} at (0,0) size 28x16 [color=#0000EE]
                    LayoutText {#text} at (0,480) size 28x16
                      text run at (0,480) width 28: "COS"
                  LayoutText {#text} at (28,480) size 4x16
                    text run at (28,480) width 4: " "
                  LayoutBR {BR} at (32,493) size 0x0
                  LayoutInline {A} at (0,0) size 27x16 [color=#0000EE]
                    LayoutText {#text} at (0,496) size 27x16
                      text run at (0,496) width 27: "COT"
                  LayoutText {#text} at (27,496) size 4x16
                    text run at (27,496) width 4: " "
                  LayoutBR {BR} at (31,509) size 0x0
                  LayoutInline {A} at (0,0) size 35x16 [color=#0000EE]
                    LayoutText {#text} at (0,512) size 35x16
                      text run at (0,512) width 35: "DATE"
                  LayoutText {#text} at (34,512) size 5x16
                    text run at (34,512) width 5: " "
                  LayoutBR {BR} at (38,525) size 1x0
                  LayoutInline {A} at (0,0) size 27x16 [color=#0000EE]
                    LayoutText {#text} at (0,528) size 27x16
                      text run at (0,528) width 27: "DAY"
                  LayoutText {#text} at (26,528) size 5x16
                    text run at (26,528) width 5: " "
                  LayoutBR {BR} at (30,541) size 1x0
                  LayoutInline {A} at (0,0) size 65x16 [color=#0000EE]
                    LayoutText {#text} at (0,544) size 65x16
                      text run at (0,544) width 65: "DAYNAME"
                  LayoutText {#text} at (64,544) size 5x16
                    text run at (64,544) width 5: " "
                  LayoutBR {BR} at (68,557) size 1x0
                  LayoutInline {A} at (0,0) size 84x16 [color=#0000EE]
                    LayoutText {#text} at (0,560) size 84x16
                      text run at (0,560) width 84: "DAYOFWEEK"
                  LayoutText {#text} at (83,560) size 5x16
                    text run at (83,560) width 5: " "
                  LayoutBR {BR} at (87,573) size 1x0
                  LayoutInline {A} at (0,0) size 114x16 [color=#0000EE]
                    LayoutText {#text} at (0,576) size 114x16
                      text run at (0,576) width 114: "DAYOFWEEK_ISO"
                  LayoutText {#text} at (113,576) size 5x16
                    text run at (113,576) width 5: " "
                  LayoutBR {BR} at (117,589) size 1x0
                  LayoutInline {A} at (0,0) size 81x16 [color=#0000EE]
                    LayoutText {#text} at (0,592) size 81x16
                      text run at (0,592) width 81: "DAYOFYEAR"
                  LayoutText {#text} at (80,592) size 5x16
                    text run at (80,592) width 5: " "
                  LayoutBR {BR} at (84,605) size 1x0
                  LayoutInline {A} at (0,0) size 36x16 [color=#0000EE]
                    LayoutText {#text} at (0,608) size 36x16
                      text run at (0,608) width 36: "DAYS"
                  LayoutText {#text} at (35,608) size 5x16
                    text run at (35,608) width 5: " "
                  LayoutBR {BR} at (39,621) size 1x0
                  LayoutInline {A} at (0,0) size 53x16 [color=#0000EE]
                    LayoutText {#text} at (0,624) size 53x16
                      text run at (0,624) width 53: "DBCLOB"
                  LayoutText {#text} at (53,624) size 4x16
                    text run at (53,624) width 4: " "
                  LayoutBR {BR} at (57,637) size 0x0
                  LayoutInline {A} at (0,0) size 58x16 [color=#0000EE]
                    LayoutText {#text} at (0,640) size 58x16
                      text run at (0,640) width 58: "DECIMAL"
                  LayoutText {#text} at (58,640) size 4x16
                    text run at (58,640) width 4: " "
                  LayoutBR {BR} at (62,653) size 0x0
                  LayoutInline {A} at (0,0) size 64x16 [color=#0000EE]
                    LayoutText {#text} at (0,656) size 64x16
                      text run at (0,656) width 64: "DEGREES"
                  LayoutText {#text} at (64,656) size 4x16
                    text run at (64,656) width 4: " "
                  LayoutBR {BR} at (68,669) size 0x0
                  LayoutInline {A} at (0,0) size 44x16 [color=#0000EE]
                    LayoutText {#text} at (0,672) size 44x16
                      text run at (0,672) width 44: "DEREF"
                  LayoutText {#text} at (44,672) size 4x16
                    text run at (44,672) width 4: " "
                  LayoutBR {BR} at (48,685) size 0x0
                  LayoutInline {A} at (0,0) size 83x16 [color=#0000EE]
                    LayoutText {#text} at (0,688) size 83x16
                      text run at (0,688) width 83: "DIFFERENCE"
                  LayoutText {#text} at (83,688) size 4x16
                    text run at (83,688) width 4: " "
                  LayoutBR {BR} at (87,701) size 0x0
                  LayoutInline {A} at (0,0) size 44x16 [color=#0000EE]
                    LayoutText {#text} at (0,704) size 44x16
                      text run at (0,704) width 44: "DIGITS"
                  LayoutText {#text} at (44,704) size 4x16
                    text run at (44,704) width 4: " "
                  LayoutBR {BR} at (48,717) size 0x0
                  LayoutInline {A} at (0,0) size 83x16 [color=#0000EE]
                    LayoutText {#text} at (0,720) size 83x16
                      text run at (0,720) width 83: "DLCOMMENT"
                  LayoutText {#text} at (83,720) size 4x16
                    text run at (83,720) width 4: " "
                  LayoutBR {BR} at (87,733) size 0x0
                  LayoutInline {A} at (0,0) size 80x16 [color=#0000EE]
                    LayoutText {#text} at (0,736) size 80x16
                      text run at (0,736) width 80: "DLLINKTYPE"
                  LayoutText {#text} at (80,736) size 4x16
                    text run at (80,736) width 4: " "
                  LayoutBR {BR} at (84,749) size 0x0
                  LayoutInline {A} at (0,0) size 113x16 [color=#0000EE]
                    LayoutText {#text} at (0,752) size 113x16
                      text run at (0,752) width 113: "DLURLCOMPLETE"
                  LayoutText {#text} at (113,752) size 4x16
                    text run at (113,752) width 4: " "
                  LayoutBR {BR} at (117,765) size 0x0
                  LayoutInline {A} at (0,0) size 75x16 [color=#0000EE]
                    LayoutText {#text} at (0,768) size 75x16
                      text run at (0,768) width 75: "DLURLPATH"
                  LayoutText {#text} at (74,768) size 5x16
                    text run at (74,768) width 5: " "
                  LayoutBR {BR} at (78,781) size 1x0
                  LayoutInline {A} at (0,0) size 109x16 [color=#0000EE]
                    LayoutText {#text} at (0,784) size 109x16
                      text run at (0,784) width 109: "DLURLPATHONLY"
                  LayoutText {#text} at (108,784) size 5x16
                    text run at (108,784) width 5: " "
                  LayoutBR {BR} at (112,797) size 1x0
                  LayoutInline {A} at (0,0) size 97x16 [color=#0000EE]
                    LayoutText {#text} at (0,800) size 97x16
                      text run at (0,800) width 97: "DLURLSCHEME"
                  LayoutText {#text} at (97,800) size 4x16
                    text run at (97,800) width 4: " "
                  LayoutBR {BR} at (101,813) size 0x0
                  LayoutInline {A} at (0,0) size 95x16 [color=#0000EE]
                    LayoutText {#text} at (0,816) size 95x16
                      text run at (0,816) width 95: "DLURLSERVER"
                  LayoutText {#text} at (94,816) size 5x16
                    text run at (94,816) width 5: " "
                  LayoutBR {BR} at (98,829) size 1x0
                  LayoutInline {A} at (0,0) size 58x16 [color=#0000EE]
                    LayoutText {#text} at (0,832) size 58x16
                      text run at (0,832) width 58: "DLVALUE"
                  LayoutText {#text} at (57,832) size 5x16
                    text run at (57,832) width 5: " "
                  LayoutBR {BR} at (61,845) size 1x0
                  LayoutInline {A} at (0,0) size 53x16 [color=#0000EE]
                    LayoutText {#text} at (0,848) size 53x16
                      text run at (0,848) width 53: "DOUBLE"
                  LayoutText {#text} at (53,848) size 4x16
                    text run at (53,848) width 4: " "
                  LayoutBR {BR} at (57,861) size 0x0
                  LayoutInline {A} at (0,0) size 130x16 [color=#0000EE]
                    LayoutText {#text} at (0,864) size 130x16
                      text run at (0,864) width 130: "EVENT_MON_STATE"
                  LayoutText {#text} at (129,864) size 5x16
                    text run at (129,864) width 5: " "
                  LayoutBR {BR} at (133,877) size 1x0
                  LayoutInline {A} at (0,0) size 27x16 [color=#0000EE]
                    LayoutText {#text} at (0,880) size 27x16
                      text run at (0,880) width 27: "EXP"
                  LayoutText {#text} at (27,880) size 4x16
                    text run at (27,880) width 4: " "
                  LayoutBR {BR} at (31,893) size 0x0
                  LayoutInline {A} at (0,0) size 42x16 [color=#0000EE]
                    LayoutText {#text} at (0,896) size 42x16
                      text run at (0,896) width 42: "FLOAT"
                  LayoutText {#text} at (41,896) size 5x16
                    text run at (41,896) width 5: " "
                  LayoutBR {BR} at (45,909) size 1x0
                  LayoutInline {A} at (0,0) size 44x16 [color=#0000EE]
                    LayoutText {#text} at (0,912) size 44x16
                      text run at (0,912) width 44: "FLOOR"
                  LayoutText {#text} at (44,912) size 4x16
                    text run at (44,912) width 4: " "
                  LayoutBR {BR} at (48,925) size 0x0
                  LayoutInline {A} at (0,0) size 129x16 [color=#0000EE]
                    LayoutText {#text} at (0,928) size 129x16
                      text run at (0,928) width 129: "GENERATE_UNIQUE"
                  LayoutText {#text} at (128,928) size 5x16
                    text run at (128,928) width 5: " "
                  LayoutBR {BR} at (132,941) size 1x0
                  LayoutInline {A} at (0,0) size 59x16 [color=#0000EE]
                    LayoutText {#text} at (0,944) size 59x16
                      text run at (0,944) width 59: "GRAPHIC"
                  LayoutText {#text} at (59,944) size 4x16
                    text run at (59,944) width 4: " "
                  LayoutBR {BR} at (63,957) size 0x0
                  LayoutInline {A} at (0,0) size 27x16 [color=#0000EE]
                    LayoutText {#text} at (0,960) size 27x16
                      text run at (0,960) width 27: "HEX"
                  LayoutText {#text} at (27,960) size 4x16
                    text run at (27,960) width 4: " "
                  LayoutBR {BR} at (31,973) size 0x0
                  LayoutInline {A} at (0,0) size 37x16 [color=#0000EE]
                    LayoutText {#text} at (0,976) size 37x16
                      text run at (0,976) width 37: "HOUR"
                  LayoutText {#text} at (37,976) size 4x16
                    text run at (37,976) width 4: " "
                  LayoutBR {BR} at (41,989) size 0x0
                  LayoutInline {A} at (0,0) size 48x16 [color=#0000EE]
                    LayoutText {#text} at (0,992) size 48x16
                      text run at (0,992) width 48: "INSERT"
                  LayoutText {#text} at (47,992) size 5x16
                    text run at (47,992) width 5: " "
                  LayoutBR {BR} at (51,1005) size 1x0
                  LayoutInline {A} at (0,0) size 58x16 [color=#0000EE]
                    LayoutText {#text} at (0,1008) size 58x16
                      text run at (0,1008) width 58: "INTEGER"
                  LayoutText {#text} at (58,1008) size 4x16
                    text run at (58,1008) width 4: " "
                  LayoutBR {BR} at (62,1021) size 0x0
                  LayoutInline {A} at (0,0) size 79x16 [color=#0000EE]
                    LayoutText {#text} at (0,1024) size 79x16
                      text run at (0,1024) width 79: "JULIAN_DAY"
                  LayoutText {#text} at (78,1024) size 5x16
                    text run at (78,1024) width 5: " "
                  LayoutBR {BR} at (82,1037) size 1x0
                  LayoutInline {A} at (0,0) size 109x16 [color=#0000EE]
                    LayoutText {#text} at (0,1040) size 109x16
                      text run at (0,1040) width 109: "LCASE or LOWER"
                  LayoutText {#text} at (109,1040) size 4x16
                    text run at (109,1040) width 4: " "
                  LayoutBR {BR} at (113,1053) size 0x0
                  LayoutInline {A} at (0,0) size 158x16 [color=#0000EE]
                    LayoutText {#text} at (0,1056) size 158x16
                      text run at (0,1056) width 158: "LCASE (SYSFUN schema)"
                  LayoutText {#text} at (158,1056) size 4x16
                    text run at (158,1056) width 4: " "
                  LayoutBR {BR} at (162,1069) size 0x0
                  LayoutInline {A} at (0,0) size 32x16 [color=#0000EE]
                    LayoutText {#text} at (0,1072) size 32x16
                      text run at (0,1072) width 32: "LEFT"
                  LayoutText {#text} at (32,1072) size 4x16
                    text run at (32,1072) width 4: " "
                  LayoutBR {BR} at (36,1085) size 0x0
                  LayoutInline {A} at (0,0) size 52x16 [color=#0000EE]
                    LayoutText {#text} at (0,1088) size 52x16
                      text run at (0,1088) width 52: "LENGTH"
                  LayoutText {#text} at (52,1088) size 4x16
                    text run at (52,1088) width 4: " "
                  LayoutBR {BR} at (56,1101) size 0x0
                  LayoutInline {A} at (0,0) size 16x16 [color=#0000EE]
                    LayoutText {#text} at (0,1104) size 16x16
                      text run at (0,1104) width 16: "LN"
                  LayoutText {#text} at (16,1104) size 4x16
                    text run at (16,1104) width 4: " "
                  LayoutBR {BR} at (20,1117) size 0x0
                  LayoutInline {A} at (0,0) size 52x16 [color=#0000EE]
                    LayoutText {#text} at (0,1120) size 52x16
                      text run at (0,1120) width 52: "LOCATE"
                  LayoutText {#text} at (51,1120) size 5x16
                    text run at (51,1120) width 5: " "
                  LayoutBR {BR} at (55,1133) size 1x0
                  LayoutInline {A} at (0,0) size 27x16 [color=#0000EE]
                    LayoutText {#text} at (0,1136) size 27x16
                      text run at (0,1136) width 27: "LOG"
                  LayoutText {#text} at (27,1136) size 4x16
                    text run at (27,1136) width 4: " "
                  LayoutBR {BR} at (31,1149) size 0x0
                  LayoutInline {A} at (0,0) size 41x16 [color=#0000EE]
                    LayoutText {#text} at (0,1152) size 41x16
                      text run at (0,1152) width 41: "LOG10"
                  LayoutText {#text} at (41,1152) size 4x16
                    text run at (41,1152) width 4: " "
                  LayoutBR {BR} at (45,1165) size 0x0
                  LayoutInline {A} at (0,0) size 106x16 [color=#0000EE]
                    LayoutText {#text} at (0,1168) size 106x16
                      text run at (0,1168) width 106: "LONG_VARCHAR"
                  LayoutText {#text} at (105,1168) size 5x16
                    text run at (105,1168) width 5: " "
                  LayoutBR {BR} at (109,1181) size 1x0
                  LayoutInline {A} at (0,0) size 129x16 [color=#0000EE]
                    LayoutText {#text} at (0,1184) size 129x16
                      text run at (0,1184) width 129: "LONG_VARGRAPHIC"
                  LayoutText {#text} at (128,1184) size 5x16
                    text run at (128,1184) width 5: " "
                  LayoutBR {BR} at (132,1197) size 1x0
                  LayoutInline {A} at (0,0) size 39x16 [color=#0000EE]
                    LayoutText {#text} at (0,1200) size 39x16
                      text run at (0,1200) width 39: "LTRIM"
                  LayoutText {#text} at (38,1200) size 5x16
                    text run at (38,1200) width 5: " "
                  LayoutBR {BR} at (42,1213) size 1x0
                  LayoutInline {A} at (0,0) size 154x16 [color=#0000EE]
                    LayoutText {#text} at (0,1216) size 154x16
                      text run at (0,1216) width 154: "LTRIM (SYSFUN schema)"
                  LayoutText {#text} at (153,1216) size 5x16
                    text run at (153,1216) width 5: " "
                  LayoutBR {BR} at (157,1229) size 1x0
                  LayoutInline {A} at (0,0) size 98x16 [color=#0000EE]
                    LayoutText {#text} at (0,1232) size 98x16
                      text run at (0,1232) width 98: "MICROSECOND"
                  LayoutText {#text} at (98,1232) size 4x16
                    text run at (98,1232) width 4: " "
                  LayoutBR {BR} at (102,1245) size 0x0
                  LayoutInline {A} at (0,0) size 135x16 [color=#0000EE]
                    LayoutText {#text} at (0,1248) size 135x16
                      text run at (0,1248) width 135: "MIDNIGHT_SECONDS"
                  LayoutText {#text} at (135,1248) size 4x16
                    text run at (135,1248) width 4: " "
                  LayoutBR {BR} at (139,1261) size 0x0
                  LayoutInline {A} at (0,0) size 50x16 [color=#0000EE]
                    LayoutText {#text} at (0,1264) size 50x16
                      text run at (0,1264) width 50: "MINUTE"
                  LayoutText {#text} at (50,1264) size 4x16
                    text run at (50,1264) width 4: " "
                  LayoutBR {BR} at (54,1277) size 0x0
                  LayoutInline {A} at (0,0) size 30x16 [color=#0000EE]
                    LayoutText {#text} at (0,1280) size 30x16
                      text run at (0,1280) width 30: "MOD"
                  LayoutText {#text} at (30,1280) size 4x16
                    text run at (30,1280) width 4: " "
                  LayoutBR {BR} at (34,1293) size 0x0
                  LayoutInline {A} at (0,0) size 47x16 [color=#0000EE]
                    LayoutText {#text} at (0,1296) size 47x16
                      text run at (0,1296) width 47: "MONTH"
                  LayoutText {#text} at (47,1296) size 4x16
                    text run at (47,1296) width 4: " "
                  LayoutBR {BR} at (51,1309) size 0x0
                  LayoutInline {A} at (0,0) size 85x16 [color=#0000EE]
                    LayoutText {#text} at (0,1312) size 85x16
                      text run at (0,1312) width 85: "MONTHNAME"
                  LayoutText {#text} at (85,1312) size 4x16
                    text run at (85,1312) width 4: " "
                  LayoutBR {BR} at (89,1325) size 0x0
                  LayoutInline {A} at (0,0) size 93x16 [color=#0000EE]
                    LayoutText {#text} at (0,1328) size 93x16
                      text run at (0,1328) width 93: "NODENUMBER"
                  LayoutText {#text} at (93,1328) size 4x16
                    text run at (93,1328) width 4: " "
                  LayoutBR {BR} at (97,1341) size 0x0
                  LayoutInline {A} at (0,0) size 44x16 [color=#0000EE]
                    LayoutText {#text} at (0,1344) size 44x16
                      text run at (0,1344) width 44: "NULLIF"
                  LayoutText {#text} at (44,1344) size 4x16
                    text run at (44,1344) width 4: " "
                  LayoutBR {BR} at (48,1357) size 0x0
                  LayoutInline {A} at (0,0) size 69x16 [color=#0000EE]
                    LayoutText {#text} at (0,1360) size 69x16
                      text run at (0,1360) width 69: "PARTITION"
                  LayoutText {#text} at (68,1360) size 5x16
                    text run at (68,1360) width 5: " "
                  LayoutBR {BR} at (72,1373) size 1x0
                  LayoutInline {A} at (0,0) size 54x16 [color=#0000EE]
                    LayoutText {#text} at (0,1376) size 54x16
                      text run at (0,1376) width 54: "POSSTR"
                  LayoutText {#text} at (54,1376) size 4x16
                    text run at (54,1376) width 4: " "
                  LayoutBR {BR} at (58,1389) size 0x0
                  LayoutInline {A} at (0,0) size 49x16 [color=#0000EE]
                    LayoutText {#text} at (0,1392) size 49x16
                      text run at (0,1392) width 49: "POWER"
                  LayoutText {#text} at (49,1392) size 4x16
                    text run at (49,1392) width 4: " "
                  LayoutBR {BR} at (53,1405) size 0x0
                  LayoutInline {A} at (0,0) size 63x16 [color=#0000EE]
                    LayoutText {#text} at (0,1408) size 63x16
                      text run at (0,1408) width 63: "QUARTER"
                  LayoutText {#text} at (62,1408) size 5x16
                    text run at (62,1408) width 5: " "
                  LayoutBR {BR} at (66,1421) size 1x0
                  LayoutInline {A} at (0,0) size 58x16 [color=#0000EE]
                    LayoutText {#text} at (0,1424) size 58x16
                      text run at (0,1424) width 58: "RADIANS"
                  LayoutText {#text} at (58,1424) size 4x16
                    text run at (58,1424) width 4: " "
                  LayoutBR {BR} at (62,1437) size 0x0
                  LayoutInline {A} at (0,0) size 93x16 [color=#0000EE]
                    LayoutText {#text} at (0,1440) size 93x16
                      text run at (0,1440) width 93: "RAISE_ERROR"
                  LayoutText {#text} at (93,1440) size 4x16
                    text run at (93,1440) width 4: " "
                  LayoutBR {BR} at (97,1453) size 0x0
                  LayoutInline {A} at (0,0) size 36x16 [color=#0000EE]
                    LayoutText {#text} at (0,1456) size 36x16
                      text run at (0,1456) width 36: "RAND"
                  LayoutText {#text} at (36,1456) size 4x16
                    text run at (36,1456) width 4: " "
                  LayoutBR {BR} at (40,1469) size 0x0
                  LayoutInline {A} at (0,0) size 34x16 [color=#0000EE]
                    LayoutText {#text} at (0,1472) size 34x16
                      text run at (0,1472) width 34: "REAL"
                  LayoutText {#text} at (34,1472) size 4x16
                    text run at (34,1472) width 4: " "
                  LayoutBR {BR} at (38,1485) size 0x0
                  LayoutInline {A} at (0,0) size 53x16 [color=#0000EE]
                    LayoutText {#text} at (0,1488) size 53x16
                      text run at (0,1488) width 53: "REPEAT"
                  LayoutText {#text} at (52,1488) size 5x16
                    text run at (52,1488) width 5: " "
                  LayoutBR {BR} at (56,1501) size 1x0
                  LayoutInline {A} at (0,0) size 61x16 [color=#0000EE]
                    LayoutText {#text} at (0,1504) size 61x16
                      text run at (0,1504) width 61: "REPLACE"
                  LayoutText {#text} at (61,1504) size 4x16
                    text run at (61,1504) width 4: " "
                  LayoutBR {BR} at (65,1517) size 0x0
                  LayoutInline {A} at (0,0) size 40x16 [color=#0000EE]
                    LayoutText {#text} at (0,1520) size 40x16
                      text run at (0,1520) width 40: "RIGHT"
                  LayoutText {#text} at (40,1520) size 4x16
                    text run at (40,1520) width 4: " "
                  LayoutBR {BR} at (44,1533) size 0x0
                  LayoutInline {A} at (0,0) size 46x16 [color=#0000EE]
                    LayoutText {#text} at (0,1536) size 46x16
                      text run at (0,1536) width 46: "ROUND"
                  LayoutText {#text} at (46,1536) size 4x16
                    text run at (46,1536) width 4: " "
                  LayoutBR {BR} at (50,1549) size 0x0
                  LayoutInline {A} at (0,0) size 41x16 [color=#0000EE]
                    LayoutText {#text} at (0,1552) size 41x16
                      text run at (0,1552) width 41: "RTRIM"
                  LayoutText {#text} at (40,1552) size 5x16
                    text run at (40,1552) width 5: " "
                  LayoutBR {BR} at (44,1565) size 1x0
                  LayoutInline {A} at (0,0) size 156x16 [color=#0000EE]
                    LayoutText {#text} at (0,1568) size 156x16
                      text run at (0,1568) width 156: "RTRIM (SYSFUN schema)"
                  LayoutText {#text} at (155,1568) size 5x16
                    text run at (155,1568) width 5: " "
                  LayoutBR {BR} at (159,1581) size 1x0
                  LayoutInline {A} at (0,0) size 55x16 [color=#0000EE]
                    LayoutText {#text} at (0,1584) size 55x16
                      text run at (0,1584) width 55: "SECOND"
                  LayoutText {#text} at (55,1584) size 4x16
                    text run at (55,1584) width 4: " "
                  LayoutBR {BR} at (59,1597) size 0x0
                  LayoutInline {A} at (0,0) size 32x16 [color=#0000EE]
                    LayoutText {#text} at (0,1600) size 32x16
                      text run at (0,1600) width 32: "SIGN"
                  LayoutText {#text} at (32,1600) size 4x16
                    text run at (32,1600) width 4: " "
                  LayoutBR {BR} at (36,1613) size 0x0
                  LayoutInline {A} at (0,0) size 22x16 [color=#0000EE]
                    LayoutText {#text} at (0,1616) size 22x16
                      text run at (0,1616) width 22: "SIN"
                  LayoutText {#text} at (22,1616) size 4x16
                    text run at (22,1616) width 4: " "
                  LayoutBR {BR} at (26,1629) size 0x0
                  LayoutInline {A} at (0,0) size 64x16 [color=#0000EE]
                    LayoutText {#text} at (0,1632) size 64x16
                      text run at (0,1632) width 64: "SMALLINT"
                  LayoutText {#text} at (64,1632) size 4x16
                    text run at (64,1632) width 4: " "
                  LayoutBR {BR} at (68,1645) size 0x0
                  LayoutInline {A} at (0,0) size 64x16 [color=#0000EE]
                    LayoutText {#text} at (0,1648) size 64x16
                      text run at (0,1648) width 64: "SOUNDEX"
                  LayoutText {#text} at (64,1648) size 4x16
                    text run at (64,1648) width 4: " "
                  LayoutBR {BR} at (68,1661) size 0x0
                  LayoutInline {A} at (0,0) size 45x16 [color=#0000EE]
                    LayoutText {#text} at (0,1664) size 45x16
                      text run at (0,1664) width 45: "SPACE"
                  LayoutText {#text} at (44,1664) size 5x16
                    text run at (44,1664) width 5: " "
                  LayoutBR {BR} at (48,1677) size 1x0
                  LayoutInline {A} at (0,0) size 36x16 [color=#0000EE]
                    LayoutText {#text} at (0,1680) size 36x16
                      text run at (0,1680) width 36: "SQRT"
                  LayoutText {#text} at (35,1680) size 5x16
                    text run at (35,1680) width 5: " "
                  LayoutBR {BR} at (39,1693) size 1x0
                  LayoutInline {A} at (0,0) size 53x16 [color=#0000EE]
                    LayoutText {#text} at (0,1696) size 53x16
                      text run at (0,1696) width 53: "SUBSTR"
                  LayoutText {#text} at (53,1696) size 4x16
                    text run at (53,1696) width 4: " "
                  LayoutBR {BR} at (57,1709) size 0x0
                  LayoutInline {A} at (0,0) size 87x16 [color=#0000EE]
                    LayoutText {#text} at (0,1712) size 87x16
                      text run at (0,1712) width 87: "TABLE_NAME"
                  LayoutText {#text} at (86,1712) size 5x16
                    text run at (86,1712) width 5: " "
                  LayoutBR {BR} at (90,1725) size 1x0
                  LayoutInline {A} at (0,0) size 105x16 [color=#0000EE]
                    LayoutText {#text} at (0,1728) size 105x16
                      text run at (0,1728) width 105: "TABLE_SCHEMA"
                  LayoutText {#text} at (104,1728) size 5x16
                    text run at (104,1728) width 5: " "
                  LayoutBR {BR} at (108,1741) size 1x0
                  LayoutInline {A} at (0,0) size 26x16 [color=#0000EE]
                    LayoutText {#text} at (0,1744) size 26x16
                      text run at (0,1744) width 26: "TAN"
                  LayoutText {#text} at (25,1744) size 5x16
                    text run at (25,1744) width 5: " "
                  LayoutBR {BR} at (29,1757) size 1x0
                  LayoutInline {A} at (0,0) size 32x16 [color=#0000EE]
                    LayoutText {#text} at (0,1760) size 32x16
                      text run at (0,1760) width 32: "TIME"
                  LayoutText {#text} at (32,1760) size 4x16
                    text run at (32,1760) width 4: " "
                  LayoutBR {BR} at (36,1773) size 0x0
                  LayoutInline {A} at (0,0) size 78x16 [color=#0000EE]
                    LayoutText {#text} at (0,1776) size 78x16
                      text run at (0,1776) width 78: "TIMESTAMP"
                  LayoutText {#text} at (77,1776) size 5x16
                    text run at (77,1776) width 5: " "
                  LayoutBR {BR} at (81,1789) size 1x0
                  LayoutInline {A} at (0,0) size 108x16 [color=#0000EE]
                    LayoutText {#text} at (0,1792) size 108x16
                      text run at (0,1792) width 108: "TIMESTAMP_ISO"
                  LayoutText {#text} at (107,1792) size 5x16
                    text run at (107,1792) width 5: " "
                  LayoutBR {BR} at (111,1805) size 1x0
                  LayoutInline {A} at (0,0) size 107x16 [color=#0000EE]
                    LayoutText {#text} at (0,1808) size 107x16
                      text run at (0,1808) width 107: "TIMESTAMPDIFF"
                  LayoutText {#text} at (106,1808) size 5x16
                    text run at (106,1808) width 5: " "
                  LayoutBR {BR} at (110,1821) size 1x0
                  LayoutInline {A} at (0,0) size 77x16 [color=#0000EE]
                    LayoutText {#text} at (0,1824) size 77x16
                      text run at (0,1824) width 77: "TRANSLATE"
                  LayoutText {#text} at (76,1824) size 5x16
                    text run at (76,1824) width 5: " "
                  LayoutBR {BR} at (80,1837) size 1x0
                  LayoutInline {A} at (0,0) size 133x16 [color=#0000EE]
                    LayoutText {#text} at (0,1840) size 133x16
                      text run at (0,1840) width 133: "TRUNCATE or TRUNC"
                  LayoutText {#text} at (132,1840) size 5x16
                    text run at (132,1840) width 5: " "
                  LayoutBR {BR} at (136,1853) size 1x0
                  LayoutInline {A} at (0,0) size 55x16 [color=#0000EE]
                    LayoutText {#text} at (0,1856) size 55x16
                      text run at (0,1856) width 55: "TYPE_ID"
                  LayoutText {#text} at (55,1856) size 4x16
                    text run at (55,1856) width 4: " "
                  LayoutBR {BR} at (59,1869) size 0x0
                  LayoutInline {A} at (0,0) size 80x16 [color=#0000EE]
                    LayoutText {#text} at (0,1872) size 80x16
                      text run at (0,1872) width 80: "TYPE_NAME"
                  LayoutText {#text} at (80,1872) size 4x16
                    text run at (80,1872) width 4: " "
                  LayoutBR {BR} at (84,1885) size 0x0
                  LayoutInline {A} at (0,0) size 98x16 [color=#0000EE]
                    LayoutText {#text} at (0,1888) size 98x16
                      text run at (0,1888) width 98: "TYPE_SCHEMA"
                  LayoutText {#text} at (98,1888) size 4x16
                    text run at (98,1888) width 4: " "
                  LayoutBR {BR} at (102,1901) size 0x0
                  LayoutInline {A} at (0,0) size 109x16 [color=#0000EE]
                    LayoutText {#text} at (0,1904) size 109x16
                      text run at (0,1904) width 109: "UCASE or UPPER"
                  LayoutText {#text} at (109,1904) size 4x16
                    text run at (109,1904) width 4: " "
                  LayoutBR {BR} at (113,1917) size 0x0
                  LayoutInline {A} at (0,0) size 43x16 [color=#0000EE]
                    LayoutText {#text} at (0,1920) size 43x16
                      text run at (0,1920) width 43: "VALUE"
                  LayoutText {#text} at (42,1920) size 5x16
                    text run at (42,1920) width 5: " "
                  LayoutBR {BR} at (46,1933) size 1x0
                  LayoutInline {A} at (0,0) size 63x16 [color=#0000EE]
                    LayoutText {#text} at (0,1936) size 63x16
                      text run at (0,1936) width 63: "VARCHAR"
                  LayoutText {#text} at (62,1936) size 5x16
                    text run at (62,1936) width 5: " "
                  LayoutBR {BR} at (66,1949) size 1x0
                  LayoutInline {A} at (0,0) size 86x16 [color=#0000EE]
                    LayoutText {#text} at (0,1952) size 86x16
                      text run at (0,1952) width 86: "VARGRAPHIC"
                  LayoutText {#text} at (85,1952) size 5x16
                    text run at (85,1952) width 5: " "
                  LayoutBR {BR} at (89,1965) size 1x0
                  LayoutInline {A} at (0,0) size 39x16 [color=#0000EE]
                    LayoutText {#text} at (0,1968) size 39x16
                      text run at (0,1968) width 39: "WEEK"
                  LayoutText {#text} at (39,1968) size 4x16
                    text run at (39,1968) width 4: " "
                  LayoutBR {BR} at (43,1981) size 0x0
                  LayoutInline {A} at (0,0) size 69x16 [color=#0000EE]
                    LayoutText {#text} at (0,1984) size 69x16
                      text run at (0,1984) width 69: "WEEK_ISO"
                  LayoutText {#text} at (69,1984) size 4x16
                    text run at (69,1984) width 4: " "
                  LayoutBR {BR} at (73,1997) size 0x0
                  LayoutInline {A} at (0,0) size 36x16 [color=#0000EE]
                    LayoutText {#text} at (0,2000) size 36x16
                      text run at (0,2000) width 36: "YEAR"
                  LayoutText {#text} at (36,2000) size 4x16
                    text run at (36,2000) width 4: " "
                  LayoutBR {BR} at (40,2013) size 0x0
                  LayoutInline {A} at (0,0) size 92x16 [color=#0000EE]
                    LayoutText {#text} at (0,2016) size 92x16
                      text run at (0,2016) width 92: "Table Functions"
                  LayoutText {#text} at (91,2016) size 5x16
                    text run at (91,2016) width 5: " "
                  LayoutBR {BR} at (95,2029) size 1x0
                  LayoutInline {A} at (0,0) size 150x16 [color=#0000EE]
                    LayoutText {#text} at (0,2032) size 150x16
                      text run at (0,2032) width 150: "SQLCACHE_SNAPSHOT"
                  LayoutText {#text} at (150,2032) size 4x16
                    text run at (150,2032) width 4: " "
                  LayoutBR {BR} at (154,2045) size 0x0
                  LayoutInline {A} at (0,0) size 136x16 [color=#0000EE]
                    LayoutText {#text} at (0,2048) size 136x16
                      text run at (0,2048) width 136: "User-Defined Functions"
                  LayoutText {#text} at (0,0) size 0x0
                LayoutBlockFlow {P} at (0,5501.17) size 715x368
                  LayoutInline {B} at (0,0) size 48x16
                    LayoutInline {A} at (0,0) size 48x16 [color=#0000EE]
                      LayoutText {#text} at (0,0) size 48x16
                        text run at (0,0) width 48: "Queries"
                  LayoutBR {BR} at (48,13) size 0x0
                  LayoutBR {BR} at (0,16) size 0x16
                  LayoutInline {A} at (0,0) size 56x16 [color=#0000EE]
                    LayoutText {#text} at (0,32) size 56x16
                      text run at (0,32) width 56: "subselect"
                  LayoutText {#text} at (56,32) size 4x16
                    text run at (56,32) width 4: " "
                  LayoutBR {BR} at (60,45) size 0x0
                  LayoutInline {A} at (0,0) size 77x16 [color=#0000EE]
                    LayoutText {#text} at (0,48) size 77x16
                      text run at (0,48) width 77: "select-clause"
                  LayoutText {#text} at (77,48) size 4x16
                    text run at (77,48) width 4: " "
                  LayoutBR {BR} at (81,61) size 0x0
                  LayoutInline {A} at (0,0) size 68x16 [color=#0000EE]
                    LayoutText {#text} at (0,64) size 68x16
                      text run at (0,64) width 68: "from-clause"
                  LayoutText {#text} at (68,64) size 4x16
                    text run at (68,64) width 4: " "
                  LayoutBR {BR} at (72,77) size 0x0
                  LayoutInline {A} at (0,0) size 86x16 [color=#0000EE]
                    LayoutText {#text} at (0,80) size 86x16
                      text run at (0,80) width 86: "table-reference"
                  LayoutText {#text} at (86,80) size 4x16
                    text run at (86,80) width 4: " "
                  LayoutBR {BR} at (90,93) size 0x0
                  LayoutInline {A} at (0,0) size 66x16 [color=#0000EE]
                    LayoutText {#text} at (0,96) size 66x16
                      text run at (0,96) width 66: "joined-table"
                  LayoutText {#text} at (66,96) size 4x16
                    text run at (66,96) width 4: " "
                  LayoutBR {BR} at (70,109) size 0x0
                  LayoutInline {A} at (0,0) size 76x16 [color=#0000EE]
                    LayoutText {#text} at (0,112) size 76x16
                      text run at (0,112) width 76: "where-clause"
                  LayoutText {#text} at (76,112) size 4x16
                    text run at (76,112) width 4: " "
                  LayoutBR {BR} at (80,125) size 0x0
                  LayoutInline {A} at (0,0) size 92x16 [color=#0000EE]
                    LayoutText {#text} at (0,128) size 92x16
                      text run at (0,128) width 92: "group-by-clause"
                  LayoutText {#text} at (92,128) size 4x16
                    text run at (92,128) width 4: " "
                  LayoutBR {BR} at (96,141) size 0x0
                  LayoutInline {A} at (0,0) size 80x16 [color=#0000EE]
                    LayoutText {#text} at (0,144) size 80x16
                      text run at (0,144) width 80: "having-clause"
                  LayoutText {#text} at (80,144) size 4x16
                    text run at (80,144) width 4: " "
                  LayoutBR {BR} at (84,157) size 0x0
                  LayoutInline {A} at (0,0) size 140x16 [color=#0000EE]
                    LayoutText {#text} at (0,160) size 140x16
                      text run at (0,160) width 140: "Examples of subselects"
                  LayoutText {#text} at (140,160) size 4x16
                    text run at (140,160) width 4: " "
                  LayoutBR {BR} at (144,173) size 0x0
                  LayoutInline {A} at (0,0) size 108x16 [color=#0000EE]
                    LayoutText {#text} at (0,176) size 108x16
                      text run at (0,176) width 108: "Examples of Joins"
                  LayoutText {#text} at (108,176) size 4x16
                    text run at (108,176) width 4: " "
                  LayoutBR {BR} at (112,189) size 0x0
                  LayoutInline {A} at (0,0) size 267x16 [color=#0000EE]
                    LayoutText {#text} at (0,192) size 267x16
                      text run at (0,192) width 267: "Examples of Grouping Sets, Cube, and Rollup"
                  LayoutText {#text} at (267,192) size 4x16
                    text run at (267,192) width 4: " "
                  LayoutBR {BR} at (271,205) size 0x0
                  LayoutInline {A} at (0,0) size 52x16 [color=#0000EE]
                    LayoutText {#text} at (0,208) size 52x16
                      text run at (0,208) width 52: "fullselect"
                  LayoutText {#text} at (52,208) size 4x16
                    text run at (52,208) width 4: " "
                  LayoutBR {BR} at (56,221) size 0x0
                  LayoutInline {A} at (0,0) size 140x16 [color=#0000EE]
                    LayoutText {#text} at (0,224) size 140x16
                      text run at (0,224) width 140: "Examples of a fullselect"
                  LayoutText {#text} at (140,224) size 4x16
                    text run at (140,224) width 4: " "
                  LayoutBR {BR} at (144,237) size 0x0
                  LayoutInline {A} at (0,0) size 97x16 [color=#0000EE]
                    LayoutText {#text} at (0,240) size 97x16
                      text run at (0,240) width 97: "select-statement"
                  LayoutText {#text} at (97,240) size 4x16
                    text run at (97,240) width 4: " "
                  LayoutBR {BR} at (101,253) size 0x0
                  LayoutInline {A} at (0,0) size 149x16 [color=#0000EE]
                    LayoutText {#text} at (0,256) size 149x16
                      text run at (0,256) width 149: "common-table-expression"
                  LayoutText {#text} at (149,256) size 4x16
                    text run at (149,256) width 4: " "
                  LayoutBR {BR} at (153,269) size 0x0
                  LayoutInline {A} at (0,0) size 89x16 [color=#0000EE]
                    LayoutText {#text} at (0,272) size 89x16
                      text run at (0,272) width 89: "order-by-clause"
                  LayoutText {#text} at (89,272) size 4x16
                    text run at (89,272) width 4: " "
                  LayoutBR {BR} at (93,285) size 0x0
                  LayoutInline {A} at (0,0) size 81x16 [color=#0000EE]
                    LayoutText {#text} at (0,288) size 81x16
                      text run at (0,288) width 81: "update-clause"
                  LayoutText {#text} at (81,288) size 4x16
                    text run at (81,288) width 4: " "
                  LayoutBR {BR} at (85,301) size 0x0
                  LayoutInline {A} at (0,0) size 95x16 [color=#0000EE]
                    LayoutText {#text} at (0,304) size 95x16
                      text run at (0,304) width 95: "read-only-clause"
                  LayoutText {#text} at (95,304) size 4x16
                    text run at (95,304) width 4: " "
                  LayoutBR {BR} at (99,317) size 0x0
                  LayoutInline {A} at (0,0) size 97x16 [color=#0000EE]
                    LayoutText {#text} at (0,320) size 97x16
                      text run at (0,320) width 97: "fetch-first-clause"
                  LayoutText {#text} at (97,320) size 4x16
                    text run at (97,320) width 4: " "
                  LayoutBR {BR} at (101,333) size 0x0
                  LayoutInline {A} at (0,0) size 110x16 [color=#0000EE]
                    LayoutText {#text} at (0,336) size 110x16
                      text run at (0,336) width 110: "optimize-for-clause"
                  LayoutText {#text} at (110,336) size 4x16
                    text run at (110,336) width 4: " "
                  LayoutBR {BR} at (114,349) size 0x0
                  LayoutInline {A} at (0,0) size 185x16 [color=#0000EE]
                    LayoutText {#text} at (0,352) size 185x16
                      text run at (0,352) width 185: "Examples of a select-statement"
                  LayoutText {#text} at (0,0) size 0x0
                LayoutBlockFlow {P} at (0,5882.17) size 715x1888
                  LayoutInline {B} at (0,0) size 100x16
                    LayoutInline {A} at (0,0) size 100x16 [color=#0000EE]
                      LayoutText {#text} at (0,0) size 100x16
                        text run at (0,0) width 100: "SQL Statements"
                  LayoutBR {BR} at (100,13) size 0x0
                  LayoutBR {BR} at (0,16) size 0x16
                  LayoutInline {A} at (0,0) size 200x16 [color=#0000EE]
                    LayoutText {#text} at (0,32) size 200x16
                      text run at (0,32) width 200: "How SQL Statements Are Invoked"
                  LayoutText {#text} at (200,32) size 4x16
                    text run at (200,32) width 4: " "
                  LayoutBR {BR} at (204,45) size 0x0
                  LayoutInline {A} at (0,0) size 293x16 [color=#0000EE]
                    LayoutText {#text} at (0,48) size 293x16
                      text run at (0,48) width 293: "Embedding a Statement in an Application Program"
                  LayoutText {#text} at (293,48) size 4x16
                    text run at (293,48) width 4: " "
                  LayoutBR {BR} at (297,61) size 0x0
                  LayoutInline {A} at (0,0) size 208x16 [color=#0000EE]
                    LayoutText {#text} at (0,64) size 208x16
                      text run at (0,64) width 208: "Dynamic Preparation and Execution"
                  LayoutText {#text} at (208,64) size 4x16
                    text run at (208,64) width 4: " "
                  LayoutBR {BR} at (212,77) size 0x0
                  LayoutInline {A} at (0,0) size 225x16 [color=#0000EE]
                    LayoutText {#text} at (0,80) size 225x16
                      text run at (0,80) width 225: "Static Invocation of a select-statement"
                  LayoutText {#text} at (225,80) size 4x16
                    text run at (225,80) width 4: " "
                  LayoutBR {BR} at (229,93) size 0x0
                  LayoutInline {A} at (0,0) size 242x16 [color=#0000EE]
                    LayoutText {#text} at (0,96) size 242x16
                      text run at (0,96) width 242: "Dynamic Invocation of a select-statement"
                  LayoutText {#text} at (242,96) size 4x16
                    text run at (242,96) width 4: " "
                  LayoutBR {BR} at (246,109) size 0x0
                  LayoutInline {A} at (0,0) size 125x16 [color=#0000EE]
                    LayoutText {#text} at (0,112) size 125x16
                      text run at (0,112) width 125: "Interactive Invocation"
                  LayoutText {#text} at (125,112) size 4x16
                    text run at (125,112) width 4: " "
                  LayoutBR {BR} at (129,125) size 0x0
                  LayoutInline {A} at (0,0) size 109x16 [color=#0000EE]
                    LayoutText {#text} at (0,128) size 109x16
                      text run at (0,128) width 109: "SQL Return Codes"
                  LayoutText {#text} at (109,128) size 4x16
                    text run at (109,128) width 4: " "
                  LayoutBR {BR} at (113,141) size 0x0
                  LayoutInline {A} at (0,0) size 63x16 [color=#0000EE]
                    LayoutText {#text} at (0,144) size 63x16
                      text run at (0,144) width 63: "SQLCODE"
                  LayoutText {#text} at (63,144) size 4x16
                    text run at (63,144) width 4: " "
                  LayoutBR {BR} at (67,157) size 0x0
                  LayoutInline {A} at (0,0) size 68x16 [color=#0000EE]
                    LayoutText {#text} at (0,160) size 68x16
                      text run at (0,160) width 68: "SQLSTATE"
                  LayoutText {#text} at (67,160) size 5x16
                    text run at (67,160) width 5: " "
                  LayoutBR {BR} at (71,173) size 1x0
                  LayoutInline {A} at (0,0) size 93x16 [color=#0000EE]
                    LayoutText {#text} at (0,176) size 93x16
                      text run at (0,176) width 93: "SQL Comments"
                  LayoutText {#text} at (93,176) size 4x16
                    text run at (93,176) width 4: " "
                  LayoutBR {BR} at (97,189) size 0x0
                  LayoutInline {A} at (0,0) size 134x16 [color=#0000EE]
                    LayoutText {#text} at (0,192) size 134x16
                      text run at (0,192) width 134: "ALTER BUFFERPOOL"
                  LayoutText {#text} at (133,192) size 5x16
                    text run at (133,192) width 5: " "
                  LayoutBR {BR} at (137,205) size 1x0
                  LayoutInline {A} at (0,0) size 115x16 [color=#0000EE]
                    LayoutText {#text} at (0,208) size 115x16
                      text run at (0,208) width 115: "ALTER NICKNAME"
                  LayoutText {#text} at (114,208) size 5x16
                    text run at (114,208) width 5: " "
                  LayoutBR {BR} at (118,221) size 1x0
                  LayoutInline {A} at (0,0) size 130x16 [color=#0000EE]
                    LayoutText {#text} at (0,224) size 130x16
                      text run at (0,224) width 130: "ALTER NODEGROUP"
                  LayoutText {#text} at (129,224) size 5x16
                    text run at (129,224) width 5: " "
                  LayoutBR {BR} at (133,237) size 1x0
                  LayoutInline {A} at (0,0) size 99x16 [color=#0000EE]
                    LayoutText {#text} at (0,240) size 99x16
                      text run at (0,240) width 99: "ALTER SERVER"
                  LayoutText {#text} at (98,240) size 5x16
                    text run at (98,240) width 5: " "
                  LayoutBR {BR} at (102,253) size 1x0
                  LayoutInline {A} at (0,0) size 87x16 [color=#0000EE]
                    LayoutText {#text} at (0,256) size 87x16
                      text run at (0,256) width 87: "ALTER TABLE"
                  LayoutText {#text} at (86,256) size 5x16
                    text run at (86,256) width 5: " "
                  LayoutBR {BR} at (90,269) size 1x0
                  LayoutInline {A} at (0,0) size 131x16 [color=#0000EE]
                    LayoutText {#text} at (0,272) size 131x16
                      text run at (0,272) width 131: "ALTER TABLESPACE"
                  LayoutText {#text} at (130,272) size 5x16
                    text run at (130,272) width 5: " "
                  LayoutBR {BR} at (134,285) size 1x0
                  LayoutInline {A} at (0,0) size 153x16 [color=#0000EE]
                    LayoutText {#text} at (0,288) size 153x16
                      text run at (0,288) width 153: "ALTER TYPE (Structured)"
                  LayoutText {#text} at (152,288) size 5x16
                    text run at (152,288) width 5: " "
                  LayoutBR {BR} at (156,301) size 1x0
                  LayoutInline {A} at (0,0) size 147x16 [color=#0000EE]
                    LayoutText {#text} at (0,304) size 147x16
                      text run at (0,304) width 147: "ALTER USER MAPPING"
                  LayoutText {#text} at (146,304) size 5x16
                    text run at (146,304) width 5: " "
                  LayoutBR {BR} at (150,317) size 1x0
                  LayoutInline {A} at (0,0) size 80x16 [color=#0000EE]
                    LayoutText {#text} at (0,320) size 80x16
                      text run at (0,320) width 80: "ALTER VIEW"
                  LayoutText {#text} at (79,320) size 5x16
                    text run at (79,320) width 5: " "
                  LayoutBR {BR} at (83,333) size 1x0
                  LayoutInline {A} at (0,0) size 168x16 [color=#0000EE]
                    LayoutText {#text} at (0,336) size 168x16
                      text run at (0,336) width 168: "BEGIN DECLARE SECTION"
                  LayoutText {#text} at (168,336) size 4x16
                    text run at (168,336) width 4: " "
                  LayoutBR {BR} at (172,349) size 0x0
                  LayoutInline {A} at (0,0) size 32x16 [color=#0000EE]
                    LayoutText {#text} at (0,352) size 32x16
                      text run at (0,352) width 32: "CALL"
                  LayoutText {#text} at (32,352) size 4x16
                    text run at (32,352) width 4: " "
                  LayoutBR {BR} at (36,365) size 0x0
                  LayoutInline {A} at (0,0) size 44x16 [color=#0000EE]
                    LayoutText {#text} at (0,368) size 44x16
                      text run at (0,368) width 44: "CLOSE"
                  LayoutText {#text} at (44,368) size 4x16
                    text run at (44,368) width 4: " "
                  LayoutBR {BR} at (48,381) size 0x0
                  LayoutInline {A} at (0,0) size 90x16 [color=#0000EE]
                    LayoutText {#text} at (0,384) size 90x16
                      text run at (0,384) width 90: "COMMENT ON"
                  LayoutText {#text} at (90,384) size 4x16
                    text run at (90,384) width 4: " "
                  LayoutBR {BR} at (94,397) size 0x0
                  LayoutInline {A} at (0,0) size 53x16 [color=#0000EE]
                    LayoutText {#text} at (0,400) size 53x16
                      text run at (0,400) width 53: "COMMIT"
                  LayoutText {#text} at (53,400) size 4x16
                    text run at (53,400) width 4: " "
                  LayoutBR {BR} at (57,413) size 0x0
                  LayoutInline {A} at (0,0) size 166x16 [color=#0000EE]
                    LayoutText {#text} at (0,416) size 166x16
                      text run at (0,416) width 166: "Compound SQL (Embedded)"
                  LayoutText {#text} at (166,416) size 4x16
                    text run at (166,416) width 4: " "
                  LayoutBR {BR} at (170,429) size 0x0
                  LayoutInline {A} at (0,0) size 115x16 [color=#0000EE]
                    LayoutText {#text} at (0,432) size 115x16
                      text run at (0,432) width 115: "CONNECT (Type 1)"
                  LayoutText {#text} at (114,432) size 5x16
                    text run at (114,432) width 5: " "
                  LayoutBR {BR} at (118,445) size 1x0
                  LayoutInline {A} at (0,0) size 115x16 [color=#0000EE]
                    LayoutText {#text} at (0,448) size 115x16
                      text run at (0,448) width 115: "CONNECT (Type 2)"
                  LayoutText {#text} at (114,448) size 5x16
                    text run at (114,448) width 5: " "
                  LayoutBR {BR} at (118,461) size 1x0
                  LayoutInline {A} at (0,0) size 95x16 [color=#0000EE]
                    LayoutText {#text} at (0,464) size 95x16
                      text run at (0,464) width 95: "CREATE ALIAS"
                  LayoutText {#text} at (94,464) size 5x16
                    text run at (94,464) width 5: " "
                  LayoutBR {BR} at (98,477) size 1x0
                  LayoutInline {A} at (0,0) size 145x16 [color=#0000EE]
                    LayoutText {#text} at (0,480) size 145x16
                      text run at (0,480) width 145: "CREATE BUFFERPOOL"
                  LayoutText {#text} at (144,480) size 5x16
                    text run at (144,480) width 5: " "
                  LayoutBR {BR} at (148,493) size 1x0
                  LayoutInline {A} at (0,0) size 156x16 [color=#0000EE]
                    LayoutText {#text} at (0,496) size 156x16
                      text run at (0,496) width 156: "CREATE DISTINCT TYPE"
                  LayoutText {#text} at (155,496) size 5x16
                    text run at (155,496) width 5: " "
                  LayoutBR {BR} at (159,509) size 1x0
                  LayoutInline {A} at (0,0) size 165x16 [color=#0000EE]
                    LayoutText {#text} at (0,512) size 165x16
                      text run at (0,512) width 165: "CREATE EVENT MONITOR"
                  LayoutText {#text} at (164,512) size 5x16
                    text run at (164,512) width 5: " "
                  LayoutBR {BR} at (168,525) size 1x0
                  LayoutInline {A} at (0,0) size 123x16 [color=#0000EE]
                    LayoutText {#text} at (0,528) size 123x16
                      text run at (0,528) width 123: "CREATE FUNCTION"
                  LayoutText {#text} at (122,528) size 5x16
                    text run at (122,528) width 5: " "
                  LayoutBR {BR} at (126,541) size 1x0
                  LayoutInline {A} at (0,0) size 224x16 [color=#0000EE]
                    LayoutText {#text} at (0,544) size 224x16
                      text run at (0,544) width 224: "CREATE FUNCTION (External Scalar)"
                  LayoutText {#text} at (223,544) size 5x16
                    text run at (223,544) width 5: " "
                  LayoutBR {BR} at (227,557) size 1x0
                  LayoutInline {A} at (0,0) size 217x16 [color=#0000EE]
                    LayoutText {#text} at (0,560) size 217x16
                      text run at (0,560) width 217: "CREATE FUNCTION (External Table)"
                  LayoutText {#text} at (216,560) size 5x16
                    text run at (216,560) width 5: " "
                  LayoutBR {BR} at (220,573) size 1x0
                  LayoutInline {A} at (0,0) size 269x16 [color=#0000EE]
                    LayoutText {#text} at (0,576) size 269x16
                      text run at (0,576) width 269: "CREATE FUNCTION (OLE DB External Table)"
                  LayoutText {#text} at (268,576) size 5x16
                    text run at (268,576) width 5: " "
                  LayoutBR {BR} at (272,589) size 1x0
                  LayoutInline {A} at (0,0) size 247x16 [color=#0000EE]
                    LayoutText {#text} at (0,592) size 247x16
                      text run at (0,592) width 247: "CREATE FUNCTION (Source or Template)"
                  LayoutText {#text} at (246,592) size 5x16
                    text run at (246,592) width 5: " "
                  LayoutBR {BR} at (250,605) size 1x0
                  LayoutInline {A} at (0,0) size 283x16 [color=#0000EE]
                    LayoutText {#text} at (0,608) size 283x16
                      text run at (0,608) width 283: "CREATE FUNCTION (SQL Scalar, Table or Row)"
                  LayoutText {#text} at (282,608) size 5x16
                    text run at (282,608) width 5: " "
                  LayoutBR {BR} at (286,621) size 1x0
                  LayoutInline {A} at (0,0) size 188x16 [color=#0000EE]
                    LayoutText {#text} at (0,624) size 188x16
                      text run at (0,624) width 188: "CREATE FUNCTION MAPPING"
                  LayoutText {#text} at (187,624) size 5x16
                    text run at (187,624) width 5: " "
                  LayoutBR {BR} at (191,637) size 1x0
                  LayoutInline {A} at (0,0) size 97x16 [color=#0000EE]
                    LayoutText {#text} at (0,640) size 97x16
                      text run at (0,640) width 97: "CREATE INDEX"
                  LayoutText {#text} at (96,640) size 5x16
                    text run at (96,640) width 5: " "
                  LayoutBR {BR} at (100,653) size 1x0
                  LayoutInline {A} at (0,0) size 177x16 [color=#0000EE]
                    LayoutText {#text} at (0,656) size 177x16
                      text run at (0,656) width 177: "CREATE INDEX EXTENSION"
                  LayoutText {#text} at (176,656) size 5x16
                    text run at (176,656) width 5: " "
                  LayoutBR {BR} at (180,669) size 1x0
                  LayoutInline {A} at (0,0) size 113x16 [color=#0000EE]
                    LayoutText {#text} at (0,672) size 113x16
                      text run at (0,672) width 113: "CREATE METHOD"
                  LayoutText {#text} at (112,672) size 5x16
                    text run at (112,672) width 5: " "
                  LayoutBR {BR} at (116,685) size 1x0
                  LayoutInline {A} at (0,0) size 126x16 [color=#0000EE]
                    LayoutText {#text} at (0,688) size 126x16
                      text run at (0,688) width 126: "CREATE NICKNAME"
                  LayoutText {#text} at (125,688) size 5x16
                    text run at (125,688) width 5: " "
                  LayoutBR {BR} at (129,701) size 1x0
                  LayoutInline {A} at (0,0) size 141x16 [color=#0000EE]
                    LayoutText {#text} at (0,704) size 141x16
                      text run at (0,704) width 141: "CREATE NODEGROUP"
                  LayoutText {#text} at (140,704) size 5x16
                    text run at (140,704) width 5: " "
                  LayoutBR {BR} at (144,717) size 1x0
                  LayoutInline {A} at (0,0) size 139x16 [color=#0000EE]
                    LayoutText {#text} at (0,720) size 139x16
                      text run at (0,720) width 139: "CREATE PROCEDURE"
                  LayoutText {#text} at (138,720) size 5x16
                    text run at (138,720) width 5: " "
                  LayoutBR {BR} at (142,733) size 1x0
                  LayoutInline {A} at (0,0) size 113x16 [color=#0000EE]
                    LayoutText {#text} at (0,736) size 113x16
                      text run at (0,736) width 113: "CREATE SCHEMA"
                  LayoutText {#text} at (112,736) size 5x16
                    text run at (112,736) width 5: " "
                  LayoutBR {BR} at (116,749) size 1x0
                  LayoutInline {A} at (0,0) size 110x16 [color=#0000EE]
                    LayoutText {#text} at (0,752) size 110x16
                      text run at (0,752) width 110: "CREATE SERVER"
                  LayoutText {#text} at (109,752) size 5x16
                    text run at (109,752) width 5: " "
                  LayoutBR {BR} at (113,765) size 1x0
                  LayoutInline {A} at (0,0) size 98x16 [color=#0000EE]
                    LayoutText {#text} at (0,768) size 98x16
                      text run at (0,768) width 98: "CREATE TABLE"
                  LayoutText {#text} at (97,768) size 5x16
                    text run at (97,768) width 5: " "
                  LayoutBR {BR} at (101,781) size 1x0
                  LayoutInline {A} at (0,0) size 142x16 [color=#0000EE]
                    LayoutText {#text} at (0,784) size 142x16
                      text run at (0,784) width 142: "CREATE TABLESPACE"
                  LayoutText {#text} at (141,784) size 5x16
                    text run at (141,784) width 5: " "
                  LayoutBR {BR} at (145,797) size 1x0
                  LayoutInline {A} at (0,0) size 139x16 [color=#0000EE]
                    LayoutText {#text} at (0,800) size 139x16
                      text run at (0,800) width 139: "CREATE TRANSFORM"
                  LayoutText {#text} at (138,800) size 5x16
                    text run at (138,800) width 5: " "
                  LayoutBR {BR} at (142,813) size 1x0
                  LayoutInline {A} at (0,0) size 116x16 [color=#0000EE]
                    LayoutText {#text} at (0,816) size 116x16
                      text run at (0,816) width 116: "CREATE TRIGGER"
                  LayoutText {#text} at (115,816) size 5x16
                    text run at (115,816) width 5: " "
                  LayoutBR {BR} at (119,829) size 1x0
                  LayoutInline {A} at (0,0) size 164x16 [color=#0000EE]
                    LayoutText {#text} at (0,832) size 164x16
                      text run at (0,832) width 164: "CREATE TYPE (Structured)"
                  LayoutText {#text} at (163,832) size 5x16
                    text run at (163,832) width 5: " "
                  LayoutBR {BR} at (167,845) size 1x0
                  LayoutInline {A} at (0,0) size 157x16 [color=#0000EE]
                    LayoutText {#text} at (0,848) size 157x16
                      text run at (0,848) width 157: "CREATE TYPE MAPPING"
                  LayoutText {#text} at (156,848) size 5x16
                    text run at (156,848) width 5: " "
                  LayoutBR {BR} at (160,861) size 1x0
                  LayoutInline {A} at (0,0) size 158x16 [color=#0000EE]
                    LayoutText {#text} at (0,864) size 158x16
                      text run at (0,864) width 158: "CREATE USER MAPPING"
                  LayoutText {#text} at (157,864) size 5x16
                    text run at (157,864) width 5: " "
                  LayoutBR {BR} at (161,877) size 1x0
                  LayoutInline {A} at (0,0) size 91x16 [color=#0000EE]
                    LayoutText {#text} at (0,880) size 91x16
                      text run at (0,880) width 91: "CREATE VIEW"
                  LayoutText {#text} at (90,880) size 5x16
                    text run at (90,880) width 5: " "
                  LayoutBR {BR} at (94,893) size 1x0
                  LayoutInline {A} at (0,0) size 123x16 [color=#0000EE]
                    LayoutText {#text} at (0,896) size 123x16
                      text run at (0,896) width 123: "CREATE WRAPPER"
                  LayoutText {#text} at (122,896) size 5x16
                    text run at (122,896) width 5: " "
                  LayoutBR {BR} at (126,909) size 1x0
                  LayoutInline {A} at (0,0) size 120x16 [color=#0000EE]
                    LayoutText {#text} at (0,912) size 120x16
                      text run at (0,912) width 120: "DECLARE CURSOR"
                  LayoutText {#text} at (120,912) size 4x16
                    text run at (120,912) width 4: " "
                  LayoutBR {BR} at (124,925) size 0x0
                  LayoutInline {A} at (0,0) size 249x16 [color=#0000EE]
                    LayoutText {#text} at (0,928) size 249x16
                      text run at (0,928) width 249: "DECLARE GLOBAL TEMPORARY TABLE"
                  LayoutText {#text} at (248,928) size 5x16
                    text run at (248,928) width 5: " "
                  LayoutBR {BR} at (252,941) size 1x0
                  LayoutInline {A} at (0,0) size 51x16 [color=#0000EE]
                    LayoutText {#text} at (0,944) size 51x16
                      text run at (0,944) width 51: "DELETE"
                  LayoutText {#text} at (51,944) size 4x16
                    text run at (51,944) width 4: " "
                  LayoutBR {BR} at (55,957) size 0x0
                  LayoutInline {A} at (0,0) size 67x16 [color=#0000EE]
                    LayoutText {#text} at (0,960) size 67x16
                      text run at (0,960) width 67: "DESCRIBE"
                  LayoutText {#text} at (67,960) size 4x16
                    text run at (67,960) width 4: " "
                  LayoutBR {BR} at (71,973) size 0x0
                  LayoutInline {A} at (0,0) size 85x16 [color=#0000EE]
                    LayoutText {#text} at (0,976) size 85x16
                      text run at (0,976) width 85: "DISCONNECT"
                  LayoutText {#text} at (85,976) size 4x16
                    text run at (85,976) width 4: " "
                  LayoutBR {BR} at (89,989) size 0x0
                  LayoutInline {A} at (0,0) size 37x16 [color=#0000EE]
                    LayoutText {#text} at (0,992) size 37x16
                      text run at (0,992) width 37: "DROP"
                  LayoutText {#text} at (37,992) size 4x16
                    text run at (37,992) width 4: " "
                  LayoutBR {BR} at (41,1005) size 0x0
                  LayoutInline {A} at (0,0) size 154x16 [color=#0000EE]
                    LayoutText {#text} at (0,1008) size 154x16
                      text run at (0,1008) width 154: "END DECLARE SECTION"
                  LayoutText {#text} at (154,1008) size 4x16
                    text run at (154,1008) width 4: " "
                  LayoutBR {BR} at (158,1021) size 0x0
                  LayoutInline {A} at (0,0) size 62x16 [color=#0000EE]
                    LayoutText {#text} at (0,1024) size 62x16
                      text run at (0,1024) width 62: "EXECUTE"
                  LayoutText {#text} at (62,1024) size 4x16
                    text run at (62,1024) width 4: " "
                  LayoutBR {BR} at (66,1037) size 0x0
                  LayoutInline {A} at (0,0) size 140x16 [color=#0000EE]
                    LayoutText {#text} at (0,1040) size 140x16
                      text run at (0,1040) width 140: "EXECUTE IMMEDIATE"
                  LayoutText {#text} at (139,1040) size 5x16
                    text run at (139,1040) width 5: " "
                  LayoutBR {BR} at (143,1053) size 1x0
                  LayoutInline {A} at (0,0) size 56x16 [color=#0000EE]
                    LayoutText {#text} at (0,1056) size 56x16
                      text run at (0,1056) width 56: "EXPLAIN"
                  LayoutText {#text} at (56,1056) size 4x16
                    text run at (56,1056) width 4: " "
                  LayoutBR {BR} at (60,1069) size 0x0
                  LayoutInline {A} at (0,0) size 43x16 [color=#0000EE]
                    LayoutText {#text} at (0,1072) size 43x16
                      text run at (0,1072) width 43: "FETCH"
                  LayoutText {#text} at (43,1072) size 4x16
                    text run at (43,1072) width 4: " "
                  LayoutBR {BR} at (47,1085) size 0x0
                  LayoutInline {A} at (0,0) size 155x16 [color=#0000EE]
                    LayoutText {#text} at (0,1088) size 155x16
                      text run at (0,1088) width 155: "FLUSH EVENT MONITOR"
                  LayoutText {#text} at (154,1088) size 5x16
                    text run at (154,1088) width 5: " "
                  LayoutBR {BR} at (158,1101) size 1x0
                  LayoutInline {A} at (0,0) size 100x16 [color=#0000EE]
                    LayoutText {#text} at (0,1104) size 100x16
                      text run at (0,1104) width 100: "FREE LOCATOR"
                  LayoutText {#text} at (99,1104) size 5x16
                    text run at (99,1104) width 5: " "
                  LayoutBR {BR} at (103,1117) size 1x0
                  LayoutInline {A} at (0,0) size 178x16 [color=#0000EE]
                    LayoutText {#text} at (0,1120) size 178x16
                      text run at (0,1120) width 178: "GRANT (Database Authorities)"
                  LayoutText {#text} at (178,1120) size 4x16
                    text run at (178,1120) width 4: " "
                  LayoutBR {BR} at (182,1133) size 0x0
                  LayoutInline {A} at (0,0) size 150x16 [color=#0000EE]
                    LayoutText {#text} at (0,1136) size 150x16
                      text run at (0,1136) width 150: "GRANT (Index Privileges)"
                  LayoutText {#text} at (150,1136) size 4x16
                    text run at (150,1136) width 4: " "
                  LayoutBR {BR} at (154,1149) size 0x0
                  LayoutInline {A} at (0,0) size 169x16 [color=#0000EE]
                    LayoutText {#text} at (0,1152) size 169x16
                      text run at (0,1152) width 169: "GRANT (Package Privileges)"
                  LayoutText {#text} at (169,1152) size 4x16
                    text run at (169,1152) width 4: " "
                  LayoutBR {BR} at (173,1165) size 0x0
                  LayoutInline {A} at (0,0) size 166x16 [color=#0000EE]
                    LayoutText {#text} at (0,1168) size 166x16
                      text run at (0,1168) width 166: "GRANT (Schema Privileges)"
                  LayoutText {#text} at (166,1168) size 4x16
                    text run at (166,1168) width 4: " "
                  LayoutBR {BR} at (170,1181) size 0x0
                  LayoutInline {A} at (0,0) size 156x16 [color=#0000EE]
                    LayoutText {#text} at (0,1184) size 156x16
                      text run at (0,1184) width 156: "GRANT (Server Privileges)"
                  LayoutText {#text} at (156,1184) size 4x16
                    text run at (156,1184) width 4: " "
                  LayoutBR {BR} at (160,1197) size 0x0
                  LayoutInline {A} at (0,0) size 265x16 [color=#0000EE]
                    LayoutText {#text} at (0,1200) size 265x16
                      text run at (0,1200) width 265: "GRANT (Table, View, or Nickname Privileges)"
                  LayoutText {#text} at (264,1200) size 5x16
                    text run at (264,1200) width 5: " "
                  LayoutBR {BR} at (268,1213) size 1x0
                  LayoutInline {A} at (0,0) size 190x16 [color=#0000EE]
                    LayoutText {#text} at (0,1216) size 190x16
                      text run at (0,1216) width 190: "GRANT (Table Space Privileges)"
                  LayoutText {#text} at (189,1216) size 5x16
                    text run at (189,1216) width 5: " "
                  LayoutBR {BR} at (193,1229) size 1x0
                  LayoutInline {A} at (0,0) size 56x16 [color=#0000EE]
                    LayoutText {#text} at (0,1232) size 56x16
                      text run at (0,1232) width 56: "INCLUDE"
                  LayoutText {#text} at (56,1232) size 4x16
                    text run at (56,1232) width 4: " "
                  LayoutBR {BR} at (60,1245) size 0x0
                  LayoutInline {A} at (0,0) size 48x16 [color=#0000EE]
                    LayoutText {#text} at (0,1248) size 48x16
                      text run at (0,1248) width 48: "INSERT"
                  LayoutText {#text} at (47,1248) size 5x16
                    text run at (47,1248) width 5: " "
                  LayoutBR {BR} at (51,1261) size 1x0
                  LayoutInline {A} at (0,0) size 81x16 [color=#0000EE]
                    LayoutText {#text} at (0,1264) size 81x16
                      text run at (0,1264) width 81: "LOCK TABLE"
                  LayoutText {#text} at (80,1264) size 5x16
                    text run at (80,1264) width 5: " "
                  LayoutBR {BR} at (84,1277) size 1x0
                  LayoutInline {A} at (0,0) size 37x16 [color=#0000EE]
                    LayoutText {#text} at (0,1280) size 37x16
                      text run at (0,1280) width 37: "OPEN"
                  LayoutText {#text} at (37,1280) size 4x16
                    text run at (37,1280) width 4: " "
                  LayoutBR {BR} at (41,1293) size 0x0
                  LayoutInline {A} at (0,0) size 63x16 [color=#0000EE]
                    LayoutText {#text} at (0,1296) size 63x16
                      text run at (0,1296) width 63: "PREPARE"
                  LayoutText {#text} at (62,1296) size 5x16
                    text run at (62,1296) width 5: " "
                  LayoutBR {BR} at (66,1309) size 1x0
                  LayoutInline {A} at (0,0) size 108x16 [color=#0000EE]
                    LayoutText {#text} at (0,1312) size 108x16
                      text run at (0,1312) width 108: "REFRESH TABLE"
                  LayoutText {#text} at (107,1312) size 5x16
                    text run at (107,1312) width 5: " "
                  LayoutBR {BR} at (111,1325) size 1x0
                  LayoutInline {A} at (0,0) size 138x16 [color=#0000EE]
                    LayoutText {#text} at (0,1328) size 138x16
                      text run at (0,1328) width 138: "RELEASE (Connection)"
                  LayoutText {#text} at (138,1328) size 4x16
                    text run at (138,1328) width 4: " "
                  LayoutBR {BR} at (142,1341) size 0x0
                  LayoutInline {A} at (0,0) size 141x16 [color=#0000EE]
                    LayoutText {#text} at (0,1344) size 141x16
                      text run at (0,1344) width 141: "RELEASE SAVEPOINT"
                  LayoutText {#text} at (140,1344) size 5x16
                    text run at (140,1344) width 5: " "
                  LayoutBR {BR} at (144,1357) size 1x0
                  LayoutInline {A} at (0,0) size 102x16 [color=#0000EE]
                    LayoutText {#text} at (0,1360) size 102x16
                      text run at (0,1360) width 102: "RENAME TABLE"
                  LayoutText {#text} at (101,1360) size 5x16
                    text run at (101,1360) width 5: " "
                  LayoutBR {BR} at (105,1373) size 1x0
                  LayoutInline {A} at (0,0) size 146x16 [color=#0000EE]
                    LayoutText {#text} at (0,1376) size 146x16
                      text run at (0,1376) width 146: "RENAME TABLESPACE"
                  LayoutText {#text} at (145,1376) size 5x16
                    text run at (145,1376) width 5: " "
                  LayoutBR {BR} at (149,1389) size 1x0
                  LayoutInline {A} at (0,0) size 188x16 [color=#0000EE]
                    LayoutText {#text} at (0,1392) size 188x16
                      text run at (0,1392) width 188: "REVOKE (Database Authorities)"
                  LayoutText {#text} at (188,1392) size 4x16
                    text run at (188,1392) width 4: " "
                  LayoutBR {BR} at (192,1405) size 0x0
                  LayoutInline {A} at (0,0) size 160x16 [color=#0000EE]
                    LayoutText {#text} at (0,1408) size 160x16
                      text run at (0,1408) width 160: "REVOKE (Index Privileges)"
                  LayoutText {#text} at (160,1408) size 4x16
                    text run at (160,1408) width 4: " "
                  LayoutBR {BR} at (164,1421) size 0x0
                  LayoutInline {A} at (0,0) size 179x16 [color=#0000EE]
                    LayoutText {#text} at (0,1424) size 179x16
                      text run at (0,1424) width 179: "REVOKE (Package Privileges)"
                  LayoutText {#text} at (179,1424) size 4x16
                    text run at (179,1424) width 4: " "
                  LayoutBR {BR} at (183,1437) size 0x0
                  LayoutInline {A} at (0,0) size 176x16 [color=#0000EE]
                    LayoutText {#text} at (0,1440) size 176x16
                      text run at (0,1440) width 176: "REVOKE (Schema Privileges)"
                  LayoutText {#text} at (176,1440) size 4x16
                    text run at (176,1440) width 4: " "
                  LayoutBR {BR} at (180,1453) size 0x0
                  LayoutInline {A} at (0,0) size 166x16 [color=#0000EE]
                    LayoutText {#text} at (0,1456) size 166x16
                      text run at (0,1456) width 166: "REVOKE (Server Privileges)"
                  LayoutText {#text} at (166,1456) size 4x16
                    text run at (166,1456) width 4: " "
                  LayoutBR {BR} at (170,1469) size 0x0
                  LayoutInline {A} at (0,0) size 275x16 [color=#0000EE]
                    LayoutText {#text} at (0,1472) size 275x16
                      text run at (0,1472) width 275: "REVOKE (Table, View, or Nickname Privileges)"
                  LayoutText {#text} at (274,1472) size 5x16
                    text run at (274,1472) width 5: " "
                  LayoutBR {BR} at (278,1485) size 1x0
                  LayoutInline {A} at (0,0) size 200x16 [color=#0000EE]
                    LayoutText {#text} at (0,1488) size 200x16
                      text run at (0,1488) width 200: "REVOKE (Table Space Privileges)"
                  LayoutText {#text} at (199,1488) size 5x16
                    text run at (199,1488) width 5: " "
                  LayoutBR {BR} at (203,1501) size 1x0
                  LayoutInline {A} at (0,0) size 69x16 [color=#0000EE]
                    LayoutText {#text} at (0,1504) size 69x16
                      text run at (0,1504) width 69: "ROLLBACK"
                  LayoutText {#text} at (69,1504) size 4x16
                    text run at (69,1504) width 4: " "
                  LayoutBR {BR} at (73,1517) size 0x0
                  LayoutInline {A} at (0,0) size 76x16 [color=#0000EE]
                    LayoutText {#text} at (0,1520) size 76x16
                      text run at (0,1520) width 76: "SAVEPOINT"
                  LayoutText {#text} at (75,1520) size 5x16
                    text run at (75,1520) width 5: " "
                  LayoutBR {BR} at (79,1533) size 1x0
                  LayoutInline {A} at (0,0) size 51x16 [color=#0000EE]
                    LayoutText {#text} at (0,1536) size 51x16
                      text run at (0,1536) width 51: "SELECT"
                  LayoutText {#text} at (51,1536) size 4x16
                    text run at (51,1536) width 4: " "
                  LayoutBR {BR} at (55,1549) size 0x0
                  LayoutInline {A} at (0,0) size 86x16 [color=#0000EE]
                    LayoutText {#text} at (0,1552) size 86x16
                      text run at (0,1552) width 86: "SELECT INTO"
                  LayoutText {#text} at (85,1552) size 5x16
                    text run at (85,1552) width 5: " "
                  LayoutBR {BR} at (89,1565) size 1x0
                  LayoutInline {A} at (0,0) size 116x16 [color=#0000EE]
                    LayoutText {#text} at (0,1568) size 116x16
                      text run at (0,1568) width 116: "SET CONNECTION"
                  LayoutText {#text} at (116,1568) size 4x16
                    text run at (116,1568) width 4: " "
                  LayoutBR {BR} at (120,1581) size 0x0
                  LayoutInline {A} at (0,0) size 291x16 [color=#0000EE]
                    LayoutText {#text} at (0,1584) size 291x16
                      text run at (0,1584) width 291: "SET CURRENT DEFAULT TRANSFORM GROUP"
                  LayoutText {#text} at (290,1584) size 5x16
                    text run at (290,1584) width 5: " "
                  LayoutBR {BR} at (294,1597) size 1x0
                  LayoutInline {A} at (0,0) size 151x16 [color=#0000EE]
                    LayoutText {#text} at (0,1600) size 151x16
                      text run at (0,1600) width 151: "SET CURRENT DEGREE"
                  LayoutText {#text} at (151,1600) size 4x16
                    text run at (151,1600) width 4: " "
                  LayoutBR {BR} at (155,1613) size 0x0
                  LayoutInline {A} at (0,0) size 195x16 [color=#0000EE]
                    LayoutText {#text} at (0,1616) size 195x16
                      text run at (0,1616) width 195: "SET CURRENT EXPLAIN MODE"
                  LayoutText {#text} at (195,1616) size 4x16
                    text run at (195,1616) width 4: " "
                  LayoutBR {BR} at (199,1629) size 0x0
                  LayoutInline {A} at (0,0) size 228x16 [color=#0000EE]
                    LayoutText {#text} at (0,1632) size 228x16
                      text run at (0,1632) width 228: "SET CURRENT EXPLAIN SNAPSHOT"
                  LayoutText {#text} at (228,1632) size 4x16
                    text run at (228,1632) width 4: " "
                  LayoutBR {BR} at (232,1645) size 0x0
                  LayoutInline {A} at (0,0) size 186x16 [color=#0000EE]
                    LayoutText {#text} at (0,1648) size 186x16
                      text run at (0,1648) width 186: "SET CURRENT PACKAGESET"
                  LayoutText {#text} at (185,1648) size 5x16
                    text run at (185,1648) width 5: " "
                  LayoutBR {BR} at (189,1661) size 1x0
                  LayoutInline {A} at (0,0) size 239x16 [color=#0000EE]
                    LayoutText {#text} at (0,1664) size 239x16
                      text run at (0,1664) width 239: "SET CURRENT QUERY OPTIMIZATION"
                  LayoutText {#text} at (238,1664) size 5x16
                    text run at (238,1664) width 5: " "
                  LayoutBR {BR} at (242,1677) size 1x0
                  LayoutInline {A} at (0,0) size 190x16 [color=#0000EE]
                    LayoutText {#text} at (0,1680) size 190x16
                      text run at (0,1680) width 190: "SET CURRENT REFRESH AGE"
                  LayoutText {#text} at (190,1680) size 4x16
                    text run at (190,1680) width 4: " "
                  LayoutBR {BR} at (194,1693) size 0x0
                  LayoutInline {A} at (0,0) size 184x16 [color=#0000EE]
                    LayoutText {#text} at (0,1696) size 184x16
                      text run at (0,1696) width 184: "SET EVENT MONITOR STATE"
                  LayoutText {#text} at (183,1696) size 5x16
                    text run at (183,1696) width 5: " "
                  LayoutBR {BR} at (187,1709) size 1x0
                  LayoutInline {A} at (0,0) size 100x16 [color=#0000EE]
                    LayoutText {#text} at (0,1712) size 100x16
                      text run at (0,1712) width 100: "SET INTEGRITY"
                  LayoutText {#text} at (100,1712) size 4x16
                    text run at (100,1712) width 4: " "
                  LayoutBR {BR} at (104,1725) size 0x0
                  LayoutInline {A} at (0,0) size 101x16 [color=#0000EE]
                    LayoutText {#text} at (0,1728) size 101x16
                      text run at (0,1728) width 101: "SET PASSTHRU"
                  LayoutText {#text} at (100,1728) size 5x16
                    text run at (100,1728) width 5: " "
                  LayoutBR {BR} at (104,1741) size 1x0
                  LayoutInline {A} at (0,0) size 64x16 [color=#0000EE]
                    LayoutText {#text} at (0,1744) size 64x16
                      text run at (0,1744) width 64: "SET PATH"
                  LayoutText {#text} at (63,1744) size 5x16
                    text run at (63,1744) width 5: " "
                  LayoutBR {BR} at (67,1757) size 1x0
                  LayoutInline {A} at (0,0) size 86x16 [color=#0000EE]
                    LayoutText {#text} at (0,1760) size 86x16
                      text run at (0,1760) width 86: "SET SCHEMA"
                  LayoutText {#text} at (86,1760) size 4x16
                    text run at (86,1760) width 4: " "
                  LayoutBR {BR} at (90,1773) size 0x0
                  LayoutInline {A} at (0,0) size 138x16 [color=#0000EE]
                    LayoutText {#text} at (0,1776) size 138x16
                      text run at (0,1776) width 138: "SET SERVER OPTION"
                  LayoutText {#text} at (137,1776) size 5x16
                    text run at (137,1776) width 5: " "
                  LayoutBR {BR} at (141,1789) size 1x0
                  LayoutInline {A} at (0,0) size 132x16 [color=#0000EE]
                    LayoutText {#text} at (0,1792) size 132x16
                      text run at (0,1792) width 132: "SET transition-variable"
                  LayoutText {#text} at (132,1792) size 4x16
                    text run at (132,1792) width 4: " "
                  LayoutBR {BR} at (136,1805) size 0x0
                  LayoutInline {A} at (0,0) size 120x16 [color=#0000EE]
                    LayoutText {#text} at (0,1808) size 120x16
                      text run at (0,1808) width 120: "SIGNAL SQLSTATE"
                  LayoutText {#text} at (119,1808) size 5x16
                    text run at (119,1808) width 5: " "
                  LayoutBR {BR} at (123,1821) size 1x0
                  LayoutInline {A} at (0,0) size 53x16 [color=#0000EE]
                    LayoutText {#text} at (0,1824) size 53x16
                      text run at (0,1824) width 53: "UPDATE"
                  LayoutText {#text} at (52,1824) size 5x16
                    text run at (52,1824) width 5: " "
                  LayoutBR {BR} at (56,1837) size 1x0
                  LayoutInline {A} at (0,0) size 52x16 [color=#0000EE]
                    LayoutText {#text} at (0,1840) size 52x16
                      text run at (0,1840) width 52: "VALUES"
                  LayoutText {#text} at (51,1840) size 5x16
                    text run at (51,1840) width 5: " "
                  LayoutBR {BR} at (55,1853) size 1x0
                  LayoutInline {A} at (0,0) size 86x16 [color=#0000EE]
                    LayoutText {#text} at (0,1856) size 86x16
                      text run at (0,1856) width 86: "VALUES INTO"
                  LayoutText {#text} at (85,1856) size 5x16
                    text run at (85,1856) width 5: " "
                  LayoutBR {BR} at (89,1869) size 1x0
                  LayoutInline {A} at (0,0) size 75x16 [color=#0000EE]
                    LayoutText {#text} at (0,1872) size 75x16
                      text run at (0,1872) width 75: "WHENEVER"
                  LayoutText {#text} at (0,0) size 0x0
                LayoutBlockFlow {P} at (0,7783.17) size 715x320
                  LayoutInline {B} at (0,0) size 102x16
                    LayoutInline {A} at (0,0) size 102x16 [color=#0000EE]
                      LayoutText {#text} at (0,0) size 102x16
                        text run at (0,0) width 102: "SQL Procedures"
                  LayoutBR {BR} at (102,13) size 0x0
                  LayoutBR {BR} at (0,16) size 0x16
                  LayoutInline {A} at (0,0) size 153x16 [color=#0000EE]
                    LayoutText {#text} at (0,32) size 153x16
                      text run at (0,32) width 153: "SQL Procedure Statement"
                  LayoutText {#text} at (153,32) size 4x16
                    text run at (153,32) width 4: " "
                  LayoutBR {BR} at (157,45) size 0x0
                  LayoutInline {A} at (0,0) size 191x16 [color=#0000EE]
                    LayoutText {#text} at (0,48) size 191x16
                      text run at (0,48) width 191: "ALLOCATE CURSOR Statement"
                  LayoutText {#text} at (190,48) size 5x16
                    text run at (190,48) width 5: " "
                  LayoutBR {BR} at (194,61) size 1x0
                  LayoutInline {A} at (0,0) size 133x16 [color=#0000EE]
                    LayoutText {#text} at (0,64) size 133x16
                      text run at (0,64) width 133: "Assignment Statement"
                  LayoutText {#text} at (133,64) size 4x16
                    text run at (133,64) width 4: " "
                  LayoutBR {BR} at (137,77) size 0x0
                  LayoutInline {A} at (0,0) size 213x16 [color=#0000EE]
                    LayoutText {#text} at (0,80) size 213x16
                      text run at (0,80) width 213: "ASSOCIATE LOCATORS Statement"
                  LayoutText {#text} at (212,80) size 5x16
                    text run at (212,80) width 5: " "
                  LayoutBR {BR} at (216,93) size 1x0
                  LayoutInline {A} at (0,0) size 100x16 [color=#0000EE]
                    LayoutText {#text} at (0,96) size 100x16
                      text run at (0,96) width 100: "CASE Statement"
                  LayoutText {#text} at (100,96) size 4x16
                    text run at (100,96) width 4: " "
                  LayoutBR {BR} at (104,109) size 0x0
                  LayoutInline {A} at (0,0) size 126x16 [color=#0000EE]
                    LayoutText {#text} at (0,112) size 126x16
                      text run at (0,112) width 126: "Compound Statement"
                  LayoutText {#text} at (126,112) size 4x16
                    text run at (126,112) width 4: " "
                  LayoutBR {BR} at (130,125) size 0x0
                  LayoutInline {A} at (0,0) size 91x16 [color=#0000EE]
                    LayoutText {#text} at (0,128) size 91x16
                      text run at (0,128) width 91: "FOR Statement"
                  LayoutText {#text} at (91,128) size 4x16
                    text run at (91,128) width 4: " "
                  LayoutBR {BR} at (95,141) size 0x0
                  LayoutInline {A} at (0,0) size 185x16 [color=#0000EE]
                    LayoutText {#text} at (0,144) size 185x16
                      text run at (0,144) width 185: "GET DIAGNOSTICS Statement"
                  LayoutText {#text} at (185,144) size 4x16
                    text run at (185,144) width 4: " "
                  LayoutBR {BR} at (189,157) size 0x0
                  LayoutInline {A} at (0,0) size 102x16 [color=#0000EE]
                    LayoutText {#text} at (0,160) size 102x16
                      text run at (0,160) width 102: "GOTO Statement"
                  LayoutText {#text} at (101,160) size 5x16
                    text run at (101,160) width 5: " "
                  LayoutBR {BR} at (105,173) size 1x0
                  LayoutInline {A} at (0,0) size 76x16 [color=#0000EE]
                    LayoutText {#text} at (0,176) size 76x16
                      text run at (0,176) width 76: "IF Statement"
                  LayoutText {#text} at (76,176) size 4x16
                    text run at (76,176) width 4: " "
                  LayoutBR {BR} at (80,189) size 0x0
                  LayoutInline {A} at (0,0) size 120x16 [color=#0000EE]
                    LayoutText {#text} at (0,192) size 120x16
                      text run at (0,192) width 120: "ITERATE Statement"
                  LayoutText {#text} at (119,192) size 5x16
                    text run at (119,192) width 5: " "
                  LayoutBR {BR} at (123,205) size 1x0
                  LayoutInline {A} at (0,0) size 107x16 [color=#0000EE]
                    LayoutText {#text} at (0,208) size 107x16
                      text run at (0,208) width 107: "LEAVE Statement"
                  LayoutText {#text} at (106,208) size 5x16
                    text run at (106,208) width 5: " "
                  LayoutBR {BR} at (110,221) size 1x0
                  LayoutInline {A} at (0,0) size 100x16 [color=#0000EE]
                    LayoutText {#text} at (0,224) size 100x16
                      text run at (0,224) width 100: "LOOP Statement"
                  LayoutText {#text} at (100,224) size 4x16
                    text run at (100,224) width 4: " "
                  LayoutBR {BR} at (104,237) size 0x0
                  LayoutInline {A} at (0,0) size 117x16 [color=#0000EE]
                    LayoutText {#text} at (0,240) size 117x16
                      text run at (0,240) width 117: "REPEAT Statement"
                  LayoutText {#text} at (116,240) size 5x16
                    text run at (116,240) width 5: " "
                  LayoutBR {BR} at (120,253) size 1x0
                  LayoutInline {A} at (0,0) size 130x16 [color=#0000EE]
                    LayoutText {#text} at (0,256) size 130x16
                      text run at (0,256) width 130: "RESIGNAL Statement"
                  LayoutText {#text} at (130,256) size 4x16
                    text run at (130,256) width 4: " "
                  LayoutBR {BR} at (134,269) size 0x0
                  LayoutInline {A} at (0,0) size 117x16 [color=#0000EE]
                    LayoutText {#text} at (0,272) size 117x16
                      text run at (0,272) width 117: "RETURN Statement"
                  LayoutText {#text} at (117,272) size 4x16
                    text run at (117,272) width 4: " "
                  LayoutBR {BR} at (121,285) size 0x0
                  LayoutInline {A} at (0,0) size 112x16 [color=#0000EE]
                    LayoutText {#text} at (0,288) size 112x16
                      text run at (0,288) width 112: "SIGNAL Statement"
                  LayoutText {#text} at (112,288) size 4x16
                    text run at (112,288) width 4: " "
                  LayoutBR {BR} at (116,301) size 0x0
                  LayoutInline {A} at (0,0) size 105x16 [color=#0000EE]
                    LayoutText {#text} at (0,304) size 105x16
                      text run at (0,304) width 105: "WHILE Statement"
                  LayoutText {#text} at (0,0) size 0x0
                LayoutBlockFlow {P} at (0,8116.17) size 715x16
                  LayoutInline {B} at (0,0) size 150x16
                    LayoutInline {A} at (0,0) size 150x16 [color=#0000EE]
                      LayoutText {#text} at (0,0) size 150x16
                        text run at (0,0) width 150: "Appendix A. SQL Limits"
                  LayoutBR {BR} at (150,13) size 0x0
                LayoutBlockFlow {P} at (0,8145.17) size 715x96
                  LayoutInline {B} at (0,0) size 274x16
                    LayoutInline {A} at (0,0) size 274x16 [color=#0000EE]
                      LayoutText {#text} at (0,0) size 274x16
                        text run at (0,0) width 274: "Appendix B. SQL Communications (SQLCA)"
                  LayoutBR {BR} at (274,13) size 0x0
                  LayoutBR {BR} at (0,16) size 0x16
                  LayoutInline {A} at (0,0) size 190x16 [color=#0000EE]
                    LayoutText {#text} at (0,32) size 190x16
                      text run at (0,32) width 190: "Viewing the SQLCA Interactively"
                  LayoutText {#text} at (189,32) size 5x16
                    text run at (189,32) width 5: " "
                  LayoutBR {BR} at (193,45) size 1x0
                  LayoutInline {A} at (0,0) size 152x16 [color=#0000EE]
                    LayoutText {#text} at (0,48) size 152x16
                      text run at (0,48) width 152: "SQLCA Field Descriptions"
                  LayoutText {#text} at (152,48) size 4x16
                    text run at (152,48) width 4: " "
                  LayoutBR {BR} at (156,61) size 0x0
                  LayoutInline {A} at (0,0) size 138x16 [color=#0000EE]
                    LayoutText {#text} at (0,64) size 138x16
                      text run at (0,64) width 138: "Order of Error Reporting"
                  LayoutText {#text} at (138,64) size 4x16
                    text run at (138,64) width 4: " "
                  LayoutBR {BR} at (142,77) size 0x0
                  LayoutInline {A} at (0,0) size 325x16 [color=#0000EE]
                    LayoutText {#text} at (0,80) size 325x16
                      text run at (0,80) width 325: "DB2 Enterprise - Extended Edition Usage of the SQLCA"
                  LayoutText {#text} at (0,0) size 0x0
                LayoutBlockFlow {P} at (0,8254.17) size 715x176
                  LayoutInline {B} at (0,0) size 264x16
                    LayoutInline {A} at (0,0) size 264x16 [color=#0000EE]
                      LayoutText {#text} at (0,0) size 264x16
                        text run at (0,0) width 264: "Appendix C. SQL Descriptor Area (SQLDA)"
                  LayoutBR {BR} at (264,13) size 0x0
                  LayoutBR {BR} at (0,16) size 0x16
                  LayoutInline {A} at (0,0) size 104x16 [color=#0000EE]
                    LayoutText {#text} at (0,32) size 104x16
                      text run at (0,32) width 104: "Field Descriptions"
                  LayoutText {#text} at (104,32) size 4x16
                    text run at (104,32) width 4: " "
                  LayoutBR {BR} at (108,45) size 0x0
                  LayoutInline {A} at (0,0) size 164x16 [color=#0000EE]
                    LayoutText {#text} at (0,48) size 164x16
                      text run at (0,48) width 164: "Fields in the SQLDA Header"
                  LayoutText {#text} at (164,48) size 4x16
                    text run at (164,48) width 4: " "
                  LayoutBR {BR} at (168,61) size 0x0
                  LayoutInline {A} at (0,0) size 254x16 [color=#0000EE]
                    LayoutText {#text} at (0,64) size 254x16
                      text run at (0,64) width 254: "Fields in an Occurrence of a Base SQLVAR"
                  LayoutText {#text} at (253,64) size 5x16
                    text run at (253,64) width 5: " "
                  LayoutBR {BR} at (257,77) size 1x0
                  LayoutInline {A} at (0,0) size 286x16 [color=#0000EE]
                    LayoutText {#text} at (0,80) size 286x16
                      text run at (0,80) width 286: "Fields in an Occurrence of a Secondary SQLVAR"
                  LayoutText {#text} at (285,80) size 5x16
                    text run at (285,80) width 5: " "
                  LayoutBR {BR} at (289,93) size 1x0
                  LayoutInline {A} at (0,0) size 209x16 [color=#0000EE]
                    LayoutText {#text} at (0,96) size 209x16
                      text run at (0,96) width 209: "Effect of DESCRIBE on the SQLDA"
                  LayoutText {#text} at (208,96) size 5x16
                    text run at (208,96) width 5: " "
                  LayoutBR {BR} at (212,109) size 1x0
                  LayoutInline {A} at (0,0) size 141x16 [color=#0000EE]
                    LayoutText {#text} at (0,112) size 141x16
                      text run at (0,112) width 141: "SQLTYPE and SQLLEN"
                  LayoutText {#text} at (140,112) size 5x16
                    text run at (140,112) width 5: " "
                  LayoutBR {BR} at (144,125) size 1x0
                  LayoutInline {A} at (0,0) size 255x16 [color=#0000EE]
                    LayoutText {#text} at (0,128) size 255x16
                      text run at (0,128) width 255: "Unrecognized and Unsupported SQLTYPES"
                  LayoutText {#text} at (254,128) size 5x16
                    text run at (254,128) width 5: " "
                  LayoutBR {BR} at (258,141) size 1x0
                  LayoutInline {A} at (0,0) size 151x16 [color=#0000EE]
                    LayoutText {#text} at (0,144) size 151x16
                      text run at (0,144) width 151: "Packed Decimal Numbers"
                  LayoutText {#text} at (151,144) size 4x16
                    text run at (151,144) width 4: " "
                  LayoutBR {BR} at (155,157) size 0x0
                  LayoutInline {A} at (0,0) size 153x16 [color=#0000EE]
                    LayoutText {#text} at (0,160) size 153x16
                      text run at (0,160) width 153: "SQLLEN Field for Decimal"
                  LayoutText {#text} at (0,0) size 0x0
                LayoutBlockFlow {P} at (0,8443.17) size 715x1168
                  LayoutInline {B} at (0,0) size 168x16
                    LayoutInline {A} at (0,0) size 168x16 [color=#0000EE]
                      LayoutText {#text} at (0,0) size 168x16
                        text run at (0,0) width 168: "Appendix D. Catalog Views"
                  LayoutBR {BR} at (167,13) size 1x0
                  LayoutBR {BR} at (0,16) size 0x16
                  LayoutInline {A} at (0,0) size 145x16 [color=#0000EE]
                    LayoutText {#text} at (0,32) size 145x16
                      text run at (0,32) width 145: "Updatable Catalog Views"
                  LayoutText {#text} at (144,32) size 5x16
                    text run at (144,32) width 5: " "
                  LayoutBR {BR} at (148,45) size 1x0
                  LayoutInline {A} at (0,0) size 161x16 [color=#0000EE]
                    LayoutText {#text} at (0,48) size 161x16
                      text run at (0,48) width 161: "'Roadmap' to Catalog Views"
                  LayoutText {#text} at (160,48) size 5x16
                    text run at (160,48) width 5: " "
                  LayoutBR {BR} at (164,61) size 1x0
                  LayoutInline {A} at (0,0) size 223x16 [color=#0000EE]
                    LayoutText {#text} at (0,64) size 223x16
                      text run at (0,64) width 223: "'Roadmap' to Updatable Catalog Views"
                  LayoutText {#text} at (222,64) size 5x16
                    text run at (222,64) width 5: " "
                  LayoutBR {BR} at (226,77) size 1x0
                  LayoutInline {A} at (0,0) size 138x16 [color=#0000EE]
                    LayoutText {#text} at (0,80) size 138x16
                      text run at (0,80) width 138: "SYSIBM.SYSDUMMY1"
                  LayoutText {#text} at (138,80) size 4x16
                    text run at (138,80) width 4: " "
                  LayoutBR {BR} at (142,93) size 0x0
                  LayoutInline {A} at (0,0) size 136x16 [color=#0000EE]
                    LayoutText {#text} at (0,96) size 136x16
                      text run at (0,96) width 136: "SYSCAT.ATTRIBUTES"
                  LayoutText {#text} at (135,96) size 5x16
                    text run at (135,96) width 5: " "
                  LayoutBR {BR} at (139,109) size 1x0
                  LayoutInline {A} at (0,0) size 189x16 [color=#0000EE]
                    LayoutText {#text} at (0,112) size 189x16
                      text run at (0,112) width 189: "SYSCAT.BUFFERPOOLNODES"
                  LayoutText {#text} at (188,112) size 5x16
                    text run at (188,112) width 5: " "
                  LayoutBR {BR} at (192,125) size 1x0
                  LayoutInline {A} at (0,0) size 152x16 [color=#0000EE]
                    LayoutText {#text} at (0,128) size 152x16
                      text run at (0,128) width 152: "SYSCAT.BUFFERPOOLS"
                  LayoutText {#text} at (151,128) size 5x16
                    text run at (151,128) width 5: " "
                  LayoutBR {BR} at (155,141) size 1x0
                  LayoutInline {A} at (0,0) size 165x16 [color=#0000EE]
                    LayoutText {#text} at (0,144) size 165x16
                      text run at (0,144) width 165: "SYSCAT.CASTFUNCTIONS"
                  LayoutText {#text} at (164,144) size 5x16
                    text run at (164,144) width 5: " "
                  LayoutBR {BR} at (168,157) size 1x0
                  LayoutInline {A} at (0,0) size 109x16 [color=#0000EE]
                    LayoutText {#text} at (0,160) size 109x16
                      text run at (0,160) width 109: "SYSCAT.CHECKS"
                  LayoutText {#text} at (108,160) size 5x16
                    text run at (108,160) width 5: " "
                  LayoutBR {BR} at (112,173) size 1x0
                  LayoutInline {A} at (0,0) size 116x16 [color=#0000EE]
                    LayoutText {#text} at (0,176) size 116x16
                      text run at (0,176) width 116: "SYSCAT.COLAUTH"
                  LayoutText {#text} at (115,176) size 5x16
                    text run at (115,176) width 5: " "
                  LayoutBR {BR} at (119,189) size 1x0
                  LayoutInline {A} at (0,0) size 135x16 [color=#0000EE]
                    LayoutText {#text} at (0,192) size 135x16
                      text run at (0,192) width 135: "SYSCAT.COLCHECKS"
                  LayoutText {#text} at (134,192) size 5x16
                    text run at (134,192) width 5: " "
                  LayoutBR {BR} at (138,205) size 1x0
                  LayoutInline {A} at (0,0) size 111x16 [color=#0000EE]
                    LayoutText {#text} at (0,208) size 111x16
                      text run at (0,208) width 111: "SYSCAT.COLDIST"
                  LayoutText {#text} at (110,208) size 5x16
                    text run at (110,208) width 5: " "
                  LayoutBR {BR} at (114,221) size 1x0
                  LayoutInline {A} at (0,0) size 140x16 [color=#0000EE]
                    LayoutText {#text} at (0,224) size 140x16
                      text run at (0,224) width 140: "SYSCAT.COLOPTIONS"
                  LayoutText {#text} at (139,224) size 5x16
                    text run at (139,224) width 5: " "
                  LayoutBR {BR} at (143,237) size 1x0
                  LayoutInline {A} at (0,0) size 119x16 [color=#0000EE]
                    LayoutText {#text} at (0,240) size 119x16
                      text run at (0,240) width 119: "SYSCAT.COLUMNS"
                  LayoutText {#text} at (118,240) size 5x16
                    text run at (118,240) width 5: " "
                  LayoutBR {BR} at (122,253) size 1x0
                  LayoutInline {A} at (0,0) size 127x16 [color=#0000EE]
                    LayoutText {#text} at (0,256) size 127x16
                      text run at (0,256) width 127: "SYSCAT.CONSTDEP"
                  LayoutText {#text} at (126,256) size 5x16
                    text run at (126,256) width 5: " "
                  LayoutBR {BR} at (130,269) size 1x0
                  LayoutInline {A} at (0,0) size 131x16 [color=#0000EE]
                    LayoutText {#text} at (0,272) size 131x16
                      text run at (0,272) width 131: "SYSCAT.DATATYPES"
                  LayoutText {#text} at (130,272) size 5x16
                    text run at (130,272) width 5: " "
                  LayoutBR {BR} at (134,285) size 1x0
                  LayoutInline {A} at (0,0) size 108x16 [color=#0000EE]
                    LayoutText {#text} at (0,288) size 108x16
                      text run at (0,288) width 108: "SYSCAT.DBAUTH"
                  LayoutText {#text} at (107,288) size 5x16
                    text run at (107,288) width 5: " "
                  LayoutBR {BR} at (111,301) size 1x0
                  LayoutInline {A} at (0,0) size 169x16 [color=#0000EE]
                    LayoutText {#text} at (0,304) size 169x16
                      text run at (0,304) width 169: "SYSCAT.EVENTMONITORS"
                  LayoutText {#text} at (168,304) size 5x16
                    text run at (168,304) width 5: " "
                  LayoutBR {BR} at (172,317) size 1x0
                  LayoutInline {A} at (0,0) size 108x16 [color=#0000EE]
                    LayoutText {#text} at (0,320) size 108x16
                      text run at (0,320) width 108: "SYSCAT.EVENTS"
                  LayoutText {#text} at (107,320) size 5x16
                    text run at (107,320) width 5: " "
                  LayoutBR {BR} at (111,333) size 1x0
                  LayoutInline {A} at (0,0) size 175x16 [color=#0000EE]
                    LayoutText {#text} at (0,336) size 175x16
                      text run at (0,336) width 175: "SYSCAT.FULLHIERARCHIES"
                  LayoutText {#text} at (174,336) size 5x16
                    text run at (174,336) width 5: " "
                  LayoutBR {BR} at (178,349) size 1x0
                  LayoutInline {A} at (0,0) size 117x16 [color=#0000EE]
                    LayoutText {#text} at (0,352) size 117x16
                      text run at (0,352) width 117: "SYSCAT.FUNCDEP"
                  LayoutText {#text} at (116,352) size 5x16
                    text run at (116,352) width 5: " "
                  LayoutBR {BR} at (120,365) size 1x0
                  LayoutInline {A} at (0,0) size 178x16 [color=#0000EE]
                    LayoutText {#text} at (0,368) size 178x16
                      text run at (0,368) width 178: "SYSCAT.FUNCMAPOPTIONS"
                  LayoutText {#text} at (177,368) size 5x16
                    text run at (177,368) width 5: " "
                  LayoutBR {BR} at (181,381) size 1x0
                  LayoutInline {A} at (0,0) size 215x16 [color=#0000EE]
                    LayoutText {#text} at (0,384) size 215x16
                      text run at (0,384) width 215: "SYSCAT.FUNCMAPPARMOPTIONS"
                  LayoutText {#text} at (214,384) size 5x16
                    text run at (214,384) width 5: " "
                  LayoutBR {BR} at (218,397) size 1x0
                  LayoutInline {A} at (0,0) size 160x16 [color=#0000EE]
                    LayoutText {#text} at (0,400) size 160x16
                      text run at (0,400) width 160: "SYSCAT.FUNCMAPPINGS"
                  LayoutText {#text} at (159,400) size 5x16
                    text run at (159,400) width 5: " "
                  LayoutBR {BR} at (163,413) size 1x0
                  LayoutInline {A} at (0,0) size 136x16 [color=#0000EE]
                    LayoutText {#text} at (0,416) size 136x16
                      text run at (0,416) width 136: "SYSCAT.FUNCPARMS"
                  LayoutText {#text} at (135,416) size 5x16
                    text run at (135,416) width 5: " "
                  LayoutBR {BR} at (139,429) size 1x0
                  LayoutInline {A} at (0,0) size 130x16 [color=#0000EE]
                    LayoutText {#text} at (0,432) size 130x16
                      text run at (0,432) width 130: "SYSCAT.FUNCTIONS"
                  LayoutText {#text} at (129,432) size 5x16
                    text run at (129,432) width 5: " "
                  LayoutBR {BR} at (133,445) size 1x0
                  LayoutInline {A} at (0,0) size 144x16 [color=#0000EE]
                    LayoutText {#text} at (0,448) size 144x16
                      text run at (0,448) width 144: "SYSCAT.HIERARCHIES"
                  LayoutText {#text} at (143,448) size 5x16
                    text run at (143,448) width 5: " "
                  LayoutBR {BR} at (147,461) size 1x0
                  LayoutInline {A} at (0,0) size 130x16 [color=#0000EE]
                    LayoutText {#text} at (0,464) size 130x16
                      text run at (0,464) width 130: "SYSCAT.INDEXAUTH"
                  LayoutText {#text} at (129,464) size 5x16
                    text run at (129,464) width 5: " "
                  LayoutBR {BR} at (133,477) size 1x0
                  LayoutInline {A} at (0,0) size 148x16 [color=#0000EE]
                    LayoutText {#text} at (0,480) size 148x16
                      text run at (0,480) width 148: "SYSCAT.INDEXCOLUSE"
                  LayoutText {#text} at (147,480) size 5x16
                    text run at (147,480) width 5: " "
                  LayoutBR {BR} at (151,493) size 1x0
                  LayoutInline {A} at (0,0) size 122x16 [color=#0000EE]
                    LayoutText {#text} at (0,496) size 122x16
                      text run at (0,496) width 122: "SYSCAT.INDEXDEP"
                  LayoutText {#text} at (121,496) size 5x16
                    text run at (121,496) width 5: " "
                  LayoutBR {BR} at (125,509) size 1x0
                  LayoutInline {A} at (0,0) size 113x16 [color=#0000EE]
                    LayoutText {#text} at (0,512) size 113x16
                      text run at (0,512) width 113: "SYSCAT.INDEXES"
                  LayoutText {#text} at (112,512) size 5x16
                    text run at (112,512) width 5: " "
                  LayoutBR {BR} at (116,525) size 1x0
                  LayoutInline {A} at (0,0) size 154x16 [color=#0000EE]
                    LayoutText {#text} at (0,528) size 154x16
                      text run at (0,528) width 154: "SYSCAT.INDEXOPTIONS"
                  LayoutText {#text} at (153,528) size 5x16
                    text run at (153,528) width 5: " "
                  LayoutBR {BR} at (157,541) size 1x0
                  LayoutInline {A} at (0,0) size 135x16 [color=#0000EE]
                    LayoutText {#text} at (0,544) size 135x16
                      text run at (0,544) width 135: "SYSCAT.KEYCOLUSE"
                  LayoutText {#text} at (134,544) size 5x16
                    text run at (134,544) width 5: " "
                  LayoutBR {BR} at (138,557) size 1x0
                  LayoutInline {A} at (0,0) size 163x16 [color=#0000EE]
                    LayoutText {#text} at (0,560) size 163x16
                      text run at (0,560) width 163: "SYSCAT.NAMEMAPPINGS"
                  LayoutText {#text} at (162,560) size 5x16
                    text run at (162,560) width 5: " "
                  LayoutBR {BR} at (166,573) size 1x0
                  LayoutInline {A} at (0,0) size 165x16 [color=#0000EE]
                    LayoutText {#text} at (0,576) size 165x16
                      text run at (0,576) width 165: "SYSCAT.NODEGROUPDEF"
                  LayoutText {#text} at (164,576) size 5x16
                    text run at (164,576) width 5: " "
                  LayoutBR {BR} at (168,589) size 1x0
                  LayoutInline {A} at (0,0) size 148x16 [color=#0000EE]
                    LayoutText {#text} at (0,592) size 148x16
                      text run at (0,592) width 148: "SYSCAT.NODEGROUPS"
                  LayoutText {#text} at (147,592) size 5x16
                    text run at (147,592) width 5: " "
                  LayoutBR {BR} at (151,605) size 1x0
                  LayoutInline {A} at (0,0) size 153x16 [color=#0000EE]
                    LayoutText {#text} at (0,608) size 153x16
                      text run at (0,608) width 153: "SYSCAT.PACKAGEAUTH"
                  LayoutText {#text} at (152,608) size 5x16
                    text run at (152,608) width 5: " "
                  LayoutBR {BR} at (156,621) size 1x0
                  LayoutInline {A} at (0,0) size 145x16 [color=#0000EE]
                    LayoutText {#text} at (0,624) size 145x16
                      text run at (0,624) width 145: "SYSCAT.PACKAGEDEP"
                  LayoutText {#text} at (144,624) size 5x16
                    text run at (144,624) width 5: " "
                  LayoutBR {BR} at (148,637) size 1x0
                  LayoutInline {A} at (0,0) size 127x16 [color=#0000EE]
                    LayoutText {#text} at (0,640) size 127x16
                      text run at (0,640) width 127: "SYSCAT.PACKAGES"
                  LayoutText {#text} at (126,640) size 5x16
                    text run at (126,640) width 5: " "
                  LayoutBR {BR} at (130,653) size 1x0
                  LayoutInline {A} at (0,0) size 162x16 [color=#0000EE]
                    LayoutText {#text} at (0,656) size 162x16
                      text run at (0,656) width 162: "SYSCAT.PARTITIONMAPS"
                  LayoutText {#text} at (161,656) size 5x16
                    text run at (161,656) width 5: " "
                  LayoutBR {BR} at (165,669) size 1x0
                  LayoutInline {A} at (0,0) size 160x16 [color=#0000EE]
                    LayoutText {#text} at (0,672) size 160x16
                      text run at (0,672) width 160: "SYSCAT.PASSTHRUAUTH"
                  LayoutText {#text} at (159,672) size 5x16
                    text run at (159,672) width 5: " "
                  LayoutBR {BR} at (163,685) size 1x0
                  LayoutInline {A} at (0,0) size 146x16 [color=#0000EE]
                    LayoutText {#text} at (0,688) size 146x16
                      text run at (0,688) width 146: "SYSCAT.PROCEDURES"
                  LayoutText {#text} at (145,688) size 5x16
                    text run at (145,688) width 5: " "
                  LayoutBR {BR} at (149,701) size 1x0
                  LayoutInline {A} at (0,0) size 151x16 [color=#0000EE]
                    LayoutText {#text} at (0,704) size 151x16
                      text run at (0,704) width 151: "SYSCAT.PROCOPTIONS"
                  LayoutText {#text} at (150,704) size 5x16
                    text run at (150,704) width 5: " "
                  LayoutBR {BR} at (154,717) size 1x0
                  LayoutInline {A} at (0,0) size 188x16 [color=#0000EE]
                    LayoutText {#text} at (0,720) size 188x16
                      text run at (0,720) width 188: "SYSCAT.PROCPARMOPTIONS"
                  LayoutText {#text} at (187,720) size 5x16
                    text run at (187,720) width 5: " "
                  LayoutBR {BR} at (191,733) size 1x0
                  LayoutInline {A} at (0,0) size 138x16 [color=#0000EE]
                    LayoutText {#text} at (0,736) size 138x16
                      text run at (0,736) width 138: "SYSCAT.PROCPARMS"
                  LayoutText {#text} at (137,736) size 5x16
                    text run at (137,736) width 5: " "
                  LayoutBR {BR} at (141,749) size 1x0
                  LayoutInline {A} at (0,0) size 144x16 [color=#0000EE]
                    LayoutText {#text} at (0,752) size 144x16
                      text run at (0,752) width 144: "SYSCAT.REFERENCES"
                  LayoutText {#text} at (143,752) size 5x16
                    text run at (143,752) width 5: " "
                  LayoutBR {BR} at (147,765) size 1x0
                  LayoutInline {A} at (0,0) size 187x16 [color=#0000EE]
                    LayoutText {#text} at (0,768) size 187x16
                      text run at (0,768) width 187: "SYSCAT.REVTYPEMAPPINGS"
                  LayoutText {#text} at (186,768) size 5x16
                    text run at (186,768) width 5: " "
                  LayoutBR {BR} at (190,781) size 1x0
                  LayoutInline {A} at (0,0) size 146x16 [color=#0000EE]
                    LayoutText {#text} at (0,784) size 146x16
                      text run at (0,784) width 146: "SYSCAT.SCHEMAAUTH"
                  LayoutText {#text} at (145,784) size 5x16
                    text run at (145,784) width 5: " "
                  LayoutBR {BR} at (149,797) size 1x0
                  LayoutInline {A} at (0,0) size 126x16 [color=#0000EE]
                    LayoutText {#text} at (0,800) size 126x16
                      text run at (0,800) width 126: "SYSCAT.SCHEMATA"
                  LayoutText {#text} at (125,800) size 5x16
                    text run at (125,800) width 5: " "
                  LayoutBR {BR} at (129,813) size 1x0
                  LayoutInline {A} at (0,0) size 168x16 [color=#0000EE]
                    LayoutText {#text} at (0,816) size 168x16
                      text run at (0,816) width 168: "SYSCAT.SERVEROPTIONS"
                  LayoutText {#text} at (167,816) size 5x16
                    text run at (167,816) width 5: " "
                  LayoutBR {BR} at (171,829) size 1x0
                  LayoutInline {A} at (0,0) size 118x16 [color=#0000EE]
                    LayoutText {#text} at (0,832) size 118x16
                      text run at (0,832) width 118: "SYSCAT.SERVERS"
                  LayoutText {#text} at (117,832) size 5x16
                    text run at (117,832) width 5: " "
                  LayoutBR {BR} at (121,845) size 1x0
                  LayoutInline {A} at (0,0) size 142x16 [color=#0000EE]
                    LayoutText {#text} at (0,848) size 142x16
                      text run at (0,848) width 142: "SYSCAT.STATEMENTS"
                  LayoutText {#text} at (141,848) size 5x16
                    text run at (141,848) width 5: " "
                  LayoutBR {BR} at (145,861) size 1x0
                  LayoutInline {A} at (0,0) size 115x16 [color=#0000EE]
                    LayoutText {#text} at (0,864) size 115x16
                      text run at (0,864) width 115: "SYSCAT.TABAUTH"
                  LayoutText {#text} at (114,864) size 5x16
                    text run at (114,864) width 5: " "
                  LayoutBR {BR} at (118,877) size 1x0
                  LayoutInline {A} at (0,0) size 125x16 [color=#0000EE]
                    LayoutText {#text} at (0,880) size 125x16
                      text run at (0,880) width 125: "SYSCAT.TABCONST"
                  LayoutText {#text} at (124,880) size 5x16
                    text run at (124,880) width 5: " "
                  LayoutBR {BR} at (128,893) size 1x0
                  LayoutInline {A} at (0,0) size 105x16 [color=#0000EE]
                    LayoutText {#text} at (0,896) size 105x16
                      text run at (0,896) width 105: "SYSCAT.TABLES"
                  LayoutText {#text} at (104,896) size 5x16
                    text run at (104,896) width 5: " "
                  LayoutBR {BR} at (108,909) size 1x0
                  LayoutInline {A} at (0,0) size 149x16 [color=#0000EE]
                    LayoutText {#text} at (0,912) size 149x16
                      text run at (0,912) width 149: "SYSCAT.TABLESPACES"
                  LayoutText {#text} at (148,912) size 5x16
                    text run at (148,912) width 5: " "
                  LayoutBR {BR} at (152,925) size 1x0
                  LayoutInline {A} at (0,0) size 139x16 [color=#0000EE]
                    LayoutText {#text} at (0,928) size 139x16
                      text run at (0,928) width 139: "SYSCAT.TABOPTIONS"
                  LayoutText {#text} at (138,928) size 5x16
                    text run at (138,928) width 5: " "
                  LayoutBR {BR} at (142,941) size 1x0
                  LayoutInline {A} at (0,0) size 151x16 [color=#0000EE]
                    LayoutText {#text} at (0,944) size 151x16
                      text run at (0,944) width 151: "SYSCAT.TBSPACEAUTH"
                  LayoutText {#text} at (150,944) size 5x16
                    text run at (150,944) width 5: " "
                  LayoutBR {BR} at (154,957) size 1x0
                  LayoutInline {A} at (0,0) size 113x16 [color=#0000EE]
                    LayoutText {#text} at (0,960) size 113x16
                      text run at (0,960) width 113: "SYSCAT.TRIGDEP"
                  LayoutText {#text} at (112,960) size 5x16
                    text run at (112,960) width 5: " "
                  LayoutBR {BR} at (116,973) size 1x0
                  LayoutInline {A} at (0,0) size 123x16 [color=#0000EE]
                    LayoutText {#text} at (0,976) size 123x16
                      text run at (0,976) width 123: "SYSCAT.TRIGGERS"
                  LayoutText {#text} at (122,976) size 5x16
                    text run at (122,976) width 5: " "
                  LayoutBR {BR} at (126,989) size 1x0
                  LayoutInline {A} at (0,0) size 160x16 [color=#0000EE]
                    LayoutText {#text} at (0,992) size 160x16
                      text run at (0,992) width 160: "SYSCAT.TYPEMAPPINGS"
                  LayoutText {#text} at (159,992) size 5x16
                    text run at (159,992) width 5: " "
                  LayoutBR {BR} at (163,1005) size 1x0
                  LayoutInline {A} at (0,0) size 150x16 [color=#0000EE]
                    LayoutText {#text} at (0,1008) size 150x16
                      text run at (0,1008) width 150: "SYSCAT.USEROPTIONS"
                  LayoutText {#text} at (149,1008) size 5x16
                    text run at (149,1008) width 5: " "
                  LayoutBR {BR} at (153,1021) size 1x0
                  LayoutInline {A} at (0,0) size 116x16 [color=#0000EE]
                    LayoutText {#text} at (0,1024) size 116x16
                      text run at (0,1024) width 116: "SYSCAT.VIEWDEP"
                  LayoutText {#text} at (115,1024) size 5x16
                    text run at (115,1024) width 5: " "
                  LayoutBR {BR} at (119,1037) size 1x0
                  LayoutInline {A} at (0,0) size 98x16 [color=#0000EE]
                    LayoutText {#text} at (0,1040) size 98x16
                      text run at (0,1040) width 98: "SYSCAT.VIEWS"
                  LayoutText {#text} at (97,1040) size 5x16
                    text run at (97,1040) width 5: " "
                  LayoutBR {BR} at (101,1053) size 1x0
                  LayoutInline {A} at (0,0) size 153x16 [color=#0000EE]
                    LayoutText {#text} at (0,1056) size 153x16
                      text run at (0,1056) width 153: "SYSCAT.WRAPOPTIONS"
                  LayoutText {#text} at (152,1056) size 5x16
                    text run at (152,1056) width 5: " "
                  LayoutBR {BR} at (156,1069) size 1x0
                  LayoutInline {A} at (0,0) size 130x16 [color=#0000EE]
                    LayoutText {#text} at (0,1072) size 130x16
                      text run at (0,1072) width 130: "SYSCAT.WRAPPERS"
                  LayoutText {#text} at (129,1072) size 5x16
                    text run at (129,1072) width 5: " "
                  LayoutBR {BR} at (133,1085) size 1x0
                  LayoutInline {A} at (0,0) size 118x16 [color=#0000EE]
                    LayoutText {#text} at (0,1088) size 118x16
                      text run at (0,1088) width 118: "SYSSTAT.COLDIST"
                  LayoutText {#text} at (117,1088) size 5x16
                    text run at (117,1088) width 5: " "
                  LayoutBR {BR} at (121,1101) size 1x0
                  LayoutInline {A} at (0,0) size 126x16 [color=#0000EE]
                    LayoutText {#text} at (0,1104) size 126x16
                      text run at (0,1104) width 126: "SYSSTAT.COLUMNS"
                  LayoutText {#text} at (125,1104) size 5x16
                    text run at (125,1104) width 5: " "
                  LayoutBR {BR} at (129,1117) size 1x0
                  LayoutInline {A} at (0,0) size 137x16 [color=#0000EE]
                    LayoutText {#text} at (0,1120) size 137x16
                      text run at (0,1120) width 137: "SYSSTAT.FUNCTIONS"
                  LayoutText {#text} at (136,1120) size 5x16
                    text run at (136,1120) width 5: " "
                  LayoutBR {BR} at (140,1133) size 1x0
                  LayoutInline {A} at (0,0) size 120x16 [color=#0000EE]
                    LayoutText {#text} at (0,1136) size 120x16
                      text run at (0,1136) width 120: "SYSSTAT.INDEXES"
                  LayoutText {#text} at (119,1136) size 5x16
                    text run at (119,1136) width 5: " "
                  LayoutBR {BR} at (123,1149) size 1x0
                  LayoutInline {A} at (0,0) size 112x16 [color=#0000EE]
                    LayoutText {#text} at (0,1152) size 112x16
                      text run at (0,1152) width 112: "SYSSTAT.TABLES"
                  LayoutText {#text} at (0,0) size 0x0
                LayoutBlockFlow {P} at (0,9624.17) size 715x176
                  LayoutInline {B} at (0,0) size 361x16
                    LayoutInline {A} at (0,0) size 361x16 [color=#0000EE]
                      LayoutText {#text} at (0,0) size 361x16
                        text run at (0,0) width 361: "Appendix E. Catalog Views For Use With Structured Types"
                  LayoutBR {BR} at (360,13) size 1x0
                  LayoutBR {BR} at (0,16) size 0x16
                  LayoutInline {A} at (0,0) size 161x16 [color=#0000EE]
                    LayoutText {#text} at (0,32) size 161x16
                      text run at (0,32) width 161: "'Roadmap' to Catalog Views"
                  LayoutText {#text} at (160,32) size 5x16
                    text run at (160,32) width 5: " "
                  LayoutBR {BR} at (164,45) size 1x0
                  LayoutInline {A} at (0,0) size 112x16 [color=#0000EE]
                    LayoutText {#text} at (0,48) size 112x16
                      text run at (0,48) width 112: "OBJCAT.INDEXES"
                  LayoutText {#text} at (111,48) size 5x16
                    text run at (111,48) width 5: " "
                  LayoutBR {BR} at (115,61) size 1x0
                  LayoutInline {A} at (0,0) size 193x16 [color=#0000EE]
                    LayoutText {#text} at (0,64) size 193x16
                      text run at (0,64) width 193: "OBJCAT.INDEXEXPLOITRULES"
                  LayoutText {#text} at (192,64) size 5x16
                    text run at (192,64) width 5: " "
                  LayoutBR {BR} at (196,77) size 1x0
                  LayoutInline {A} at (0,0) size 197x16 [color=#0000EE]
                    LayoutText {#text} at (0,80) size 197x16
                      text run at (0,80) width 197: "OBJCAT.INDEXEXTENSIONDEP"
                  LayoutText {#text} at (196,80) size 5x16
                    text run at (196,80) width 5: " "
                  LayoutBR {BR} at (200,93) size 1x0
                  LayoutInline {A} at (0,0) size 235x16 [color=#0000EE]
                    LayoutText {#text} at (0,96) size 235x16
                      text run at (0,96) width 235: "OBJCAT.INDEXEXTENSIONMETHODS"
                  LayoutText {#text} at (234,96) size 5x16
                    text run at (234,96) width 5: " "
                  LayoutBR {BR} at (238,109) size 1x0
                  LayoutInline {A} at (0,0) size 216x16 [color=#0000EE]
                    LayoutText {#text} at (0,112) size 216x16
                      text run at (0,112) width 216: "OBJCAT.INDEXEXTENSIONPARMS"
                  LayoutText {#text} at (215,112) size 5x16
                    text run at (215,112) width 5: " "
                  LayoutBR {BR} at (219,125) size 1x0
                  LayoutInline {A} at (0,0) size 179x16 [color=#0000EE]
                    LayoutText {#text} at (0,128) size 179x16
                      text run at (0,128) width 179: "OBJCAT.INDEXEXTENSIONS"
                  LayoutText {#text} at (178,128) size 5x16
                    text run at (178,128) width 5: " "
                  LayoutBR {BR} at (182,141) size 1x0
                  LayoutInline {A} at (0,0) size 173x16 [color=#0000EE]
                    LayoutText {#text} at (0,144) size 173x16
                      text run at (0,144) width 173: "OBJCAT.PREDICATESPECS"
                  LayoutText {#text} at (172,144) size 5x16
                    text run at (172,144) width 5: " "
                  LayoutBR {BR} at (176,157) size 1x0
                  LayoutInline {A} at (0,0) size 145x16 [color=#0000EE]
                    LayoutText {#text} at (0,160) size 145x16
                      text run at (0,160) width 145: "OBJCAT.TRANSFORMS"
                  LayoutText {#text} at (0,0) size 0x0
                LayoutBlockFlow {P} at (0,9813.17) size 715x256
                  LayoutInline {B} at (0,0) size 196x16
                    LayoutInline {A} at (0,0) size 196x16 [color=#0000EE]
                      LayoutText {#text} at (0,0) size 196x16
                        text run at (0,0) width 196: "Appendix F. Federated Systems"
                  LayoutBR {BR} at (195,13) size 1x0
                  LayoutBR {BR} at (0,16) size 0x16
                  LayoutInline {A} at (0,0) size 78x16 [color=#0000EE]
                    LayoutText {#text} at (0,32) size 78x16
                      text run at (0,32) width 78: "Server Types"
                  LayoutText {#text} at (77,32) size 5x16
                    text run at (77,32) width 5: " "
                  LayoutBR {BR} at (81,45) size 1x0
                  LayoutInline {A} at (0,0) size 212x16 [color=#0000EE]
                    LayoutText {#text} at (0,48) size 212x16
                      text run at (0,48) width 212: "SQL Options for Federated Systems"
                  LayoutText {#text} at (212,48) size 4x16
                    text run at (212,48) width 4: " "
                  LayoutBR {BR} at (216,61) size 0x0
                  LayoutInline {A} at (0,0) size 93x16 [color=#0000EE]
                    LayoutText {#text} at (0,64) size 93x16
                      text run at (0,64) width 93: "Column Options"
                  LayoutText {#text} at (93,64) size 4x16
                    text run at (93,64) width 4: " "
                  LayoutBR {BR} at (97,77) size 0x0
                  LayoutInline {A} at (0,0) size 152x16 [color=#0000EE]
                    LayoutText {#text} at (0,80) size 152x16
                      text run at (0,80) width 152: "Function Mapping Options"
                  LayoutText {#text} at (152,80) size 4x16
                    text run at (152,80) width 4: " "
                  LayoutBR {BR} at (156,93) size 0x0
                  LayoutInline {A} at (0,0) size 87x16 [color=#0000EE]
                    LayoutText {#text} at (0,96) size 87x16
                      text run at (0,96) width 87: "Server Options"
                  LayoutText {#text} at (87,96) size 4x16
                    text run at (87,96) width 4: " "
                  LayoutBR {BR} at (91,109) size 0x0
                  LayoutInline {A} at (0,0) size 76x16 [color=#0000EE]
                    LayoutText {#text} at (0,112) size 76x16
                      text run at (0,112) width 76: "User Options"
                  LayoutText {#text} at (76,112) size 4x16
                    text run at (76,112) width 4: " "
                  LayoutBR {BR} at (80,125) size 0x0
                  LayoutInline {A} at (0,0) size 165x16 [color=#0000EE]
                    LayoutText {#text} at (0,128) size 165x16
                      text run at (0,128) width 165: "Default Data Type Mappings"
                  LayoutText {#text} at (164,128) size 5x16
                    text run at (164,128) width 5: " "
                  LayoutBR {BR} at (168,141) size 1x0
                  LayoutInline {A} at (0,0) size 681x16 [color=#0000EE]
                    LayoutText {#text} at (0,144) size 681x16
                      text run at (0,144) width 681: "Default Type Mappings between DB2 and DB2 Universal Database for OS/390 (and DB2 for MVS/ESA) Data Sources"
                  LayoutText {#text} at (680,144) size 5x16
                    text run at (680,144) width 5: " "
                  LayoutBR {BR} at (684,157) size 1x0
                  LayoutInline {A} at (0,0) size 646x16 [color=#0000EE]
                    LayoutText {#text} at (0,160) size 646x16
                      text run at (0,160) width 646: "Default Type Mappings between DB2 and 2 Universal Database for AS/400 (and DB2 for OS/400) Data Sources"
                  LayoutText {#text} at (645,160) size 5x16
                    text run at (645,160) width 5: " "
                  LayoutBR {BR} at (649,173) size 1x0
                  LayoutInline {A} at (0,0) size 365x16 [color=#0000EE]
                    LayoutText {#text} at (0,176) size 365x16
                      text run at (0,176) width 365: "Default Type Mappings between DB2 and Oracle Data Sources"
                  LayoutText {#text} at (364,176) size 5x16
                    text run at (364,176) width 5: " "
                  LayoutBR {BR} at (368,189) size 1x0
                  LayoutInline {A} at (0,0) size 536x16 [color=#0000EE]
                    LayoutText {#text} at (0,192) size 536x16
                      text run at (0,192) width 536: "Default Type Mappings between DB2 and DB2 for VM and VSE (and SQL/DS) Data Sources"
                  LayoutText {#text} at (535,192) size 5x16
                    text run at (535,192) width 5: " "
                  LayoutBR {BR} at (539,205) size 1x0
                  LayoutInline {A} at (0,0) size 196x16 [color=#0000EE]
                    LayoutText {#text} at (0,208) size 196x16
                      text run at (0,208) width 196: "Pass-Through Facility Processing"
                  LayoutText {#text} at (196,208) size 4x16
                    text run at (196,208) width 4: " "
                  LayoutBR {BR} at (200,221) size 0x0
                  LayoutInline {A} at (0,0) size 252x16 [color=#0000EE]
                    LayoutText {#text} at (0,224) size 252x16
                      text run at (0,224) width 252: "SQL Processing in Pass-Through Sessions"
                  LayoutText {#text} at (252,224) size 4x16
                    text run at (252,224) width 4: " "
                  LayoutBR {BR} at (256,237) size 0x0
                  LayoutInline {A} at (0,0) size 184x16 [color=#0000EE]
                    LayoutText {#text} at (0,240) size 184x16
                      text run at (0,240) width 184: "Considerations and Restrictions"
                  LayoutText {#text} at (0,0) size 0x0
                LayoutBlockFlow {P} at (0,10082.17) size 715x416
                  LayoutInline {B} at (0,0) size 233x16
                    LayoutInline {A} at (0,0) size 233x16 [color=#0000EE]
                      LayoutText {#text} at (0,0) size 233x16
                        text run at (0,0) width 233: "Appendix G. Sample Database Tables"
                  LayoutBR {BR} at (232,13) size 1x0
                  LayoutBR {BR} at (0,16) size 0x16
                  LayoutInline {A} at (0,0) size 129x16 [color=#0000EE]
                    LayoutText {#text} at (0,32) size 129x16
                      text run at (0,32) width 129: "The Sample Database"
                  LayoutText {#text} at (129,32) size 4x16
                    text run at (129,32) width 4: " "
                  LayoutBR {BR} at (133,45) size 0x0
                  LayoutInline {A} at (0,0) size 185x16 [color=#0000EE]
                    LayoutText {#text} at (0,48) size 185x16
                      text run at (0,48) width 185: "To Create the Sample Database"
                  LayoutText {#text} at (184,48) size 5x16
                    text run at (184,48) width 5: " "
                  LayoutBR {BR} at (188,61) size 1x0
                  LayoutInline {A} at (0,0) size 181x16 [color=#0000EE]
                    LayoutText {#text} at (0,64) size 181x16
                      text run at (0,64) width 181: "To Erase the Sample Database"
                  LayoutText {#text} at (180,64) size 5x16
                    text run at (180,64) width 5: " "
                  LayoutBR {BR} at (184,77) size 1x0
                  LayoutInline {A} at (0,0) size 103x16 [color=#0000EE]
                    LayoutText {#text} at (0,80) size 103x16
                      text run at (0,80) width 103: "CL_SCHED Table"
                  LayoutText {#text} at (102,80) size 5x16
                    text run at (102,80) width 5: " "
                  LayoutBR {BR} at (106,93) size 1x0
                  LayoutInline {A} at (0,0) size 124x16 [color=#0000EE]
                    LayoutText {#text} at (0,96) size 124x16
                      text run at (0,96) width 124: "DEPARTMENT Table"
                  LayoutText {#text} at (123,96) size 5x16
                    text run at (123,96) width 5: " "
                  LayoutBR {BR} at (127,109) size 1x0
                  LayoutInline {A} at (0,0) size 108x16 [color=#0000EE]
                    LayoutText {#text} at (0,112) size 108x16
                      text run at (0,112) width 108: "EMPLOYEE Table"
                  LayoutText {#text} at (107,112) size 5x16
                    text run at (107,112) width 5: " "
                  LayoutBR {BR} at (111,125) size 1x0
                  LayoutInline {A} at (0,0) size 97x16 [color=#0000EE]
                    LayoutText {#text} at (0,128) size 97x16
                      text run at (0,128) width 97: "EMP_ACT Table"
                  LayoutText {#text} at (96,128) size 5x16
                    text run at (96,128) width 5: " "
                  LayoutBR {BR} at (100,141) size 1x0
                  LayoutInline {A} at (0,0) size 117x16 [color=#0000EE]
                    LayoutText {#text} at (0,144) size 117x16
                      text run at (0,144) width 117: "EMP_PHOTO Table"
                  LayoutText {#text} at (116,144) size 5x16
                    text run at (116,144) width 5: " "
                  LayoutBR {BR} at (120,157) size 1x0
                  LayoutInline {A} at (0,0) size 127x16 [color=#0000EE]
                    LayoutText {#text} at (0,160) size 127x16
                      text run at (0,160) width 127: "EMP_RESUME Table"
                  LayoutText {#text} at (126,160) size 5x16
                    text run at (126,160) width 5: " "
                  LayoutBR {BR} at (130,173) size 1x0
                  LayoutInline {A} at (0,0) size 89x16 [color=#0000EE]
                    LayoutText {#text} at (0,176) size 89x16
                      text run at (0,176) width 89: "IN_TRAY Table"
                  LayoutText {#text} at (88,176) size 5x16
                    text run at (88,176) width 5: " "
                  LayoutBR {BR} at (92,189) size 1x0
                  LayoutInline {A} at (0,0) size 64x16 [color=#0000EE]
                    LayoutText {#text} at (0,192) size 64x16
                      text run at (0,192) width 64: "ORG Table"
                  LayoutText {#text} at (63,192) size 5x16
                    text run at (63,192) width 5: " "
                  LayoutBR {BR} at (67,205) size 1x0
                  LayoutInline {A} at (0,0) size 96x16 [color=#0000EE]
                    LayoutText {#text} at (0,208) size 96x16
                      text run at (0,208) width 96: "PROJECT Table"
                  LayoutText {#text} at (95,208) size 5x16
                    text run at (95,208) width 5: " "
                  LayoutBR {BR} at (99,221) size 1x0
                  LayoutInline {A} at (0,0) size 78x16 [color=#0000EE]
                    LayoutText {#text} at (0,224) size 78x16
                      text run at (0,224) width 78: "SALES Table"
                  LayoutText {#text} at (77,224) size 5x16
                    text run at (77,224) width 5: " "
                  LayoutBR {BR} at (81,237) size 1x0
                  LayoutInline {A} at (0,0) size 76x16 [color=#0000EE]
                    LayoutText {#text} at (0,240) size 76x16
                      text run at (0,240) width 76: "STAFF Table"
                  LayoutText {#text} at (75,240) size 5x16
                    text run at (75,240) width 5: " "
                  LayoutBR {BR} at (79,253) size 1x0
                  LayoutInline {A} at (0,0) size 86x16 [color=#0000EE]
                    LayoutText {#text} at (0,256) size 86x16
                      text run at (0,256) width 86: "STAFFG Table"
                  LayoutText {#text} at (85,256) size 5x16
                    text run at (85,256) width 5: " "
                  LayoutBR {BR} at (89,269) size 1x0
                  LayoutInline {A} at (0,0) size 270x16 [color=#0000EE]
                    LayoutText {#text} at (0,272) size 270x16
                      text run at (0,272) width 270: "Sample Files with BLOB and CLOB Data Type"
                  LayoutText {#text} at (269,272) size 5x16
                    text run at (269,272) width 5: " "
                  LayoutBR {BR} at (273,285) size 1x0
                  LayoutInline {A} at (0,0) size 90x16 [color=#0000EE]
                    LayoutText {#text} at (0,288) size 90x16
                      text run at (0,288) width 90: "Quintana Photo"
                  LayoutText {#text} at (90,288) size 4x16
                    text run at (90,288) width 4: " "
                  LayoutBR {BR} at (94,301) size 0x0
                  LayoutInline {A} at (0,0) size 104x16 [color=#0000EE]
                    LayoutText {#text} at (0,304) size 104x16
                      text run at (0,304) width 104: "Quintana Resume"
                  LayoutText {#text} at (104,304) size 4x16
                    text run at (104,304) width 4: " "
                  LayoutBR {BR} at (108,317) size 0x0
                  LayoutInline {A} at (0,0) size 84x16 [color=#0000EE]
                    LayoutText {#text} at (0,320) size 84x16
                      text run at (0,320) width 84: "Nicholls Photo"
                  LayoutText {#text} at (84,320) size 4x16
                    text run at (84,320) width 4: " "
                  LayoutBR {BR} at (88,333) size 0x0
                  LayoutInline {A} at (0,0) size 98x16 [color=#0000EE]
                    LayoutText {#text} at (0,336) size 98x16
                      text run at (0,336) width 98: "Nicholls Resume"
                  LayoutText {#text} at (98,336) size 4x16
                    text run at (98,336) width 4: " "
                  LayoutBR {BR} at (102,349) size 0x0
                  LayoutInline {A} at (0,0) size 93x16 [color=#0000EE]
                    LayoutText {#text} at (0,352) size 93x16
                      text run at (0,352) width 93: "Adamson Photo"
                  LayoutText {#text} at (93,352) size 4x16
                    text run at (93,352) width 4: " "
                  LayoutBR {BR} at (97,365) size 0x0
                  LayoutInline {A} at (0,0) size 107x16 [color=#0000EE]
                    LayoutText {#text} at (0,368) size 107x16
                      text run at (0,368) width 107: "Adamson Resume"
                  LayoutText {#text} at (107,368) size 4x16
                    text run at (107,368) width 4: " "
                  LayoutBR {BR} at (111,381) size 0x0
                  LayoutInline {A} at (0,0) size 78x16 [color=#0000EE]
                    LayoutText {#text} at (0,384) size 78x16
                      text run at (0,384) width 78: "Walker Photo"
                  LayoutText {#text} at (77,384) size 5x16
                    text run at (77,384) width 5: " "
                  LayoutBR {BR} at (81,397) size 1x0
                  LayoutInline {A} at (0,0) size 92x16 [color=#0000EE]
                    LayoutText {#text} at (0,400) size 92x16
                      text run at (0,400) width 92: "Walker Resume"
                  LayoutText {#text} at (0,0) size 0x0
                LayoutBlockFlow {P} at (0,10511.17) size 715x96
                  LayoutInline {B} at (0,0) size 369x16
                    LayoutInline {A} at (0,0) size 369x16 [color=#0000EE]
                      LayoutText {#text} at (0,0) size 369x16
                        text run at (0,0) width 369: "Appendix H. Reserved Schema Names and Reserved Words"
                  LayoutBR {BR} at (368,13) size 1x0
                  LayoutBR {BR} at (0,16) size 0x16
                  LayoutInline {A} at (0,0) size 114x16 [color=#0000EE]
                    LayoutText {#text} at (0,32) size 114x16
                      text run at (0,32) width 114: "Reserved Schemas"
                  LayoutText {#text} at (114,32) size 4x16
                    text run at (114,32) width 4: " "
                  LayoutBR {BR} at (118,45) size 0x0
                  LayoutInline {A} at (0,0) size 96x16 [color=#0000EE]
                    LayoutText {#text} at (0,48) size 96x16
                      text run at (0,48) width 96: "Reserved Words"
                  LayoutText {#text} at (95,48) size 5x16
                    text run at (95,48) width 5: " "
                  LayoutBR {BR} at (99,61) size 1x0
                  LayoutInline {A} at (0,0) size 154x16 [color=#0000EE]
                    LayoutText {#text} at (0,64) size 154x16
                      text run at (0,64) width 154: "IBM SQL Reserved Words"
                  LayoutText {#text} at (153,64) size 5x16
                    text run at (153,64) width 5: " "
                  LayoutBR {BR} at (157,77) size 1x0
                  LayoutInline {A} at (0,0) size 198x16 [color=#0000EE]
                    LayoutText {#text} at (0,80) size 198x16
                      text run at (0,80) width 198: "ISO/ANS SQL92 Reserved Words"
                  LayoutText {#text} at (0,0) size 0x0
                LayoutBlockFlow {P} at (0,10620.17) size 715x16
                  LayoutInline {B} at (0,0) size 269x16
                    LayoutInline {A} at (0,0) size 269x16 [color=#0000EE]
                      LayoutText {#text} at (0,0) size 269x16
                        text run at (0,0) width 269: "Appendix I. Comparison of Isolation Levels"
                  LayoutBR {BR} at (269,13) size 0x0
                LayoutBlockFlow {P} at (0,10649.17) size 715x16
                  LayoutInline {B} at (0,0) size 318x16
                    LayoutInline {A} at (0,0) size 318x16 [color=#0000EE]
                      LayoutText {#text} at (0,0) size 318x16
                        text run at (0,0) width 318: "Appendix J. Interaction of Triggers and Constraints"
                  LayoutBR {BR} at (317,13) size 1x0
                LayoutBlockFlow {P} at (0,10678.17) size 715x336
                  LayoutInline {B} at (0,0) size 270x16
                    LayoutInline {A} at (0,0) size 270x16 [color=#0000EE]
                      LayoutText {#text} at (0,0) size 270x16
                        text run at (0,0) width 270: "Appendix K. Explain Tables and Definitions"
                  LayoutBR {BR} at (269,13) size 1x0
                  LayoutBR {BR} at (0,16) size 0x16
                  LayoutInline {A} at (0,0) size 172x16 [color=#0000EE]
                    LayoutText {#text} at (0,32) size 172x16
                      text run at (0,32) width 172: "EXPLAIN_ARGUMENT Table"
                  LayoutText {#text} at (171,32) size 5x16
                    text run at (171,32) width 5: " "
                  LayoutBR {BR} at (175,45) size 1x0
                  LayoutInline {A} at (0,0) size 163x16 [color=#0000EE]
                    LayoutText {#text} at (0,48) size 163x16
                      text run at (0,48) width 163: "EXPLAIN_INSTANCE Table"
                  LayoutText {#text} at (162,48) size 5x16
                    text run at (162,48) width 5: " "
                  LayoutBR {BR} at (166,61) size 1x0
                  LayoutInline {A} at (0,0) size 150x16 [color=#0000EE]
                    LayoutText {#text} at (0,64) size 150x16
                      text run at (0,64) width 150: "EXPLAIN_OBJECT Table"
                  LayoutText {#text} at (149,64) size 5x16
                    text run at (149,64) width 5: " "
                  LayoutBR {BR} at (153,77) size 1x0
                  LayoutInline {A} at (0,0) size 170x16 [color=#0000EE]
                    LayoutText {#text} at (0,80) size 170x16
                      text run at (0,80) width 170: "EXPLAIN_OPERATOR Table"
                  LayoutText {#text} at (169,80) size 5x16
                    text run at (169,80) width 5: " "
                  LayoutBR {BR} at (173,93) size 1x0
                  LayoutInline {A} at (0,0) size 172x16 [color=#0000EE]
                    LayoutText {#text} at (0,96) size 172x16
                      text run at (0,96) width 172: "EXPLAIN_PREDICATE Table"
                  LayoutText {#text} at (171,96) size 5x16
                    text run at (171,96) width 5: " "
                  LayoutBR {BR} at (175,109) size 1x0
                  LayoutInline {A} at (0,0) size 176x16 [color=#0000EE]
                    LayoutText {#text} at (0,112) size 176x16
                      text run at (0,112) width 176: "EXPLAIN_STATEMENT Table"
                  LayoutText {#text} at (175,112) size 5x16
                    text run at (175,112) width 5: " "
                  LayoutBR {BR} at (179,125) size 1x0
                  LayoutInline {A} at (0,0) size 153x16 [color=#0000EE]
                    LayoutText {#text} at (0,128) size 153x16
                      text run at (0,128) width 153: "EXPLAIN_STREAM Table"
                  LayoutText {#text} at (152,128) size 5x16
                    text run at (152,128) width 5: " "
                  LayoutBR {BR} at (156,141) size 1x0
                  LayoutInline {A} at (0,0) size 131x16 [color=#0000EE]
                    LayoutText {#text} at (0,144) size 131x16
                      text run at (0,144) width 131: "ADVISE_INDEX Table"
                  LayoutText {#text} at (130,144) size 5x16
                    text run at (130,144) width 5: " "
                  LayoutBR {BR} at (134,157) size 1x0
                  LayoutInline {A} at (0,0) size 166x16 [color=#0000EE]
                    LayoutText {#text} at (0,160) size 166x16
                      text run at (0,160) width 166: "ADVISE_WORKLOAD Table"
                  LayoutText {#text} at (165,160) size 5x16
                    text run at (165,160) width 5: " "
                  LayoutBR {BR} at (169,173) size 1x0
                  LayoutInline {A} at (0,0) size 204x16 [color=#0000EE]
                    LayoutText {#text} at (0,176) size 204x16
                      text run at (0,176) width 204: "Table Definitions for Explain Tables"
                  LayoutText {#text} at (203,176) size 5x16
                    text run at (203,176) width 5: " "
                  LayoutBR {BR} at (207,189) size 1x0
                  LayoutInline {A} at (0,0) size 230x16 [color=#0000EE]
                    LayoutText {#text} at (0,192) size 230x16
                      text run at (0,192) width 230: "EXPLAIN_ARGUMENT Table Definition"
                  LayoutText {#text} at (229,192) size 5x16
                    text run at (229,192) width 5: " "
                  LayoutBR {BR} at (233,205) size 1x0
                  LayoutInline {A} at (0,0) size 221x16 [color=#0000EE]
                    LayoutText {#text} at (0,208) size 221x16
                      text run at (0,208) width 221: "EXPLAIN_INSTANCE Table Definition"
                  LayoutText {#text} at (220,208) size 5x16
                    text run at (220,208) width 5: " "
                  LayoutBR {BR} at (224,221) size 1x0
                  LayoutInline {A} at (0,0) size 208x16 [color=#0000EE]
                    LayoutText {#text} at (0,224) size 208x16
                      text run at (0,224) width 208: "EXPLAIN_OBJECT Table Definition"
                  LayoutText {#text} at (207,224) size 5x16
                    text run at (207,224) width 5: " "
                  LayoutBR {BR} at (211,237) size 1x0
                  LayoutInline {A} at (0,0) size 228x16 [color=#0000EE]
                    LayoutText {#text} at (0,240) size 228x16
                      text run at (0,240) width 228: "EXPLAIN_OPERATOR Table Definition"
                  LayoutText {#text} at (227,240) size 5x16
                    text run at (227,240) width 5: " "
                  LayoutBR {BR} at (231,253) size 1x0
                  LayoutInline {A} at (0,0) size 230x16 [color=#0000EE]
                    LayoutText {#text} at (0,256) size 230x16
                      text run at (0,256) width 230: "EXPLAIN_PREDICATE Table Definition"
                  LayoutText {#text} at (229,256) size 5x16
                    text run at (229,256) width 5: " "
                  LayoutBR {BR} at (233,269) size 1x0
                  LayoutInline {A} at (0,0) size 234x16 [color=#0000EE]
                    LayoutText {#text} at (0,272) size 234x16
                      text run at (0,272) width 234: "EXPLAIN_STATEMENT Table Definition"
                  LayoutText {#text} at (233,272) size 5x16
                    text run at (233,272) width 5: " "
                  LayoutBR {BR} at (237,285) size 1x0
                  LayoutInline {A} at (0,0) size 211x16 [color=#0000EE]
                    LayoutText {#text} at (0,288) size 211x16
                      text run at (0,288) width 211: "EXPLAIN_STREAM Table Definition"
                  LayoutText {#text} at (210,288) size 5x16
                    text run at (210,288) width 5: " "
                  LayoutBR {BR} at (214,301) size 1x0
                  LayoutInline {A} at (0,0) size 189x16 [color=#0000EE]
                    LayoutText {#text} at (0,304) size 189x16
                      text run at (0,304) width 189: "ADVISE_INDEX Table Definition"
                  LayoutText {#text} at (188,304) size 5x16
                    text run at (188,304) width 5: " "
                  LayoutBR {BR} at (192,317) size 1x0
                  LayoutInline {A} at (0,0) size 224x16 [color=#0000EE]
                    LayoutText {#text} at (0,320) size 224x16
                      text run at (0,320) width 224: "ADVISE_WORKLOAD Table Definition"
                  LayoutText {#text} at (0,0) size 0x0
                LayoutBlockFlow {P} at (0,11027.17) size 715x16
                  LayoutInline {B} at (0,0) size 227x16
                    LayoutInline {A} at (0,0) size 227x16 [color=#0000EE]
                      LayoutText {#text} at (0,0) size 227x16
                        text run at (0,0) width 227: "Appendix L. Explain Register Values"
                  LayoutBR {BR} at (226,13) size 1x0
                LayoutBlockFlow {P} at (0,11056.17) size 715x80
                  LayoutInline {B} at (0,0) size 308x16
                    LayoutInline {A} at (0,0) size 308x16 [color=#0000EE]
                      LayoutText {#text} at (0,0) size 308x16
                        text run at (0,0) width 308: "Appendix M. Recursion Example: Bill of Materials"
                  LayoutBR {BR} at (308,13) size 0x0
                  LayoutBR {BR} at (0,16) size 0x16
                  LayoutInline {A} at (0,0) size 202x16 [color=#0000EE]
                    LayoutText {#text} at (0,32) size 202x16
                      text run at (0,32) width 202: "Example 1: Single Level Explosion"
                  LayoutText {#text} at (202,32) size 4x16
                    text run at (202,32) width 4: " "
                  LayoutBR {BR} at (206,45) size 0x0
                  LayoutInline {A} at (0,0) size 204x16 [color=#0000EE]
                    LayoutText {#text} at (0,48) size 204x16
                      text run at (0,48) width 204: "Example 2: Summarized Explosion"
                  LayoutText {#text} at (204,48) size 4x16
                    text run at (204,48) width 4: " "
                  LayoutBR {BR} at (208,61) size 0x0
                  LayoutInline {A} at (0,0) size 169x16 [color=#0000EE]
                    LayoutText {#text} at (0,64) size 169x16
                      text run at (0,64) width 169: "Example 3: Controlling Depth"
                  LayoutText {#text} at (0,0) size 0x0
                LayoutBlockFlow {P} at (0,11149.17) size 715x80
                  LayoutInline {B} at (0,0) size 187x16
                    LayoutInline {A} at (0,0) size 187x16 [color=#0000EE]
                      LayoutText {#text} at (0,0) size 187x16
                        text run at (0,0) width 187: "Appendix N. Exception Tables"
                  LayoutBR {BR} at (186,13) size 1x0
                  LayoutBR {BR} at (0,16) size 0x16
                  LayoutInline {A} at (0,0) size 219x16 [color=#0000EE]
                    LayoutText {#text} at (0,32) size 219x16
                      text run at (0,32) width 219: "Rules for Creating an Exception Table"
                  LayoutText {#text} at (218,32) size 5x16
                    text run at (218,32) width 5: " "
                  LayoutBR {BR} at (222,45) size 1x0
                  LayoutInline {A} at (0,0) size 226x16 [color=#0000EE]
                    LayoutText {#text} at (0,48) size 226x16
                      text run at (0,48) width 226: "Handling Rows in the Exception Tables"
                  LayoutText {#text} at (225,48) size 5x16
                    text run at (225,48) width 5: " "
                  LayoutBR {BR} at (229,61) size 1x0
                  LayoutInline {A} at (0,0) size 178x16 [color=#0000EE]
                    LayoutText {#text} at (0,64) size 178x16
                      text run at (0,64) width 178: "Querying the Exception Tables"
                  LayoutText {#text} at (0,0) size 0x0
                LayoutBlockFlow {P} at (0,11242.17) size 715x352
                  LayoutInline {B} at (0,0) size 420x16
                    LayoutInline {A} at (0,0) size 420x16 [color=#0000EE]
                      LayoutText {#text} at (0,0) size 420x16
                        text run at (0,0) width 420: "Appendix O. Japanese and Traditional-Chinese EUC Considerations"
                  LayoutBR {BR} at (419,13) size 1x0
                  LayoutBR {BR} at (0,16) size 0x16
                  LayoutInline {A} at (0,0) size 115x16 [color=#0000EE]
                    LayoutText {#text} at (0,32) size 115x16
                      text run at (0,32) width 115: "Language Elements"
                  LayoutText {#text} at (115,32) size 4x16
                    text run at (115,32) width 4: " "
                  LayoutBR {BR} at (119,45) size 0x0
                  LayoutInline {A} at (0,0) size 63x16 [color=#0000EE]
                    LayoutText {#text} at (0,48) size 63x16
                      text run at (0,48) width 63: "Characters"
                  LayoutText {#text} at (63,48) size 4x16
                    text run at (63,48) width 4: " "
                  LayoutBR {BR} at (67,61) size 0x0
                  LayoutInline {A} at (0,0) size 42x16 [color=#0000EE]
                    LayoutText {#text} at (0,64) size 42x16
                      text run at (0,64) width 42: "Tokens"
                  LayoutText {#text} at (41,64) size 5x16
                    text run at (41,64) width 5: " "
                  LayoutBR {BR} at (45,77) size 1x0
                  LayoutInline {A} at (0,0) size 57x16 [color=#0000EE]
                    LayoutText {#text} at (0,80) size 57x16
                      text run at (0,80) width 57: "Identifiers"
                  LayoutText {#text} at (57,80) size 4x16
                    text run at (57,80) width 4: " "
                  LayoutBR {BR} at (61,93) size 0x0
                  LayoutInline {A} at (0,0) size 67x16 [color=#0000EE]
                    LayoutText {#text} at (0,96) size 67x16
                      text run at (0,96) width 67: "Data Types"
                  LayoutText {#text} at (66,96) size 5x16
                    text run at (66,96) width 5: " "
                  LayoutBR {BR} at (70,109) size 1x0
                  LayoutInline {A} at (0,0) size 181x16 [color=#0000EE]
                    LayoutText {#text} at (0,112) size 181x16
                      text run at (0,112) width 181: "Assignments and Comparisons"
                  LayoutText {#text} at (181,112) size 4x16
                    text run at (181,112) width 4: " "
                  LayoutBR {BR} at (185,125) size 0x0
                  LayoutInline {A} at (0,0) size 164x16 [color=#0000EE]
                    LayoutText {#text} at (0,128) size 164x16
                      text run at (0,128) width 164: "Rules for Result Data Types"
                  LayoutText {#text} at (163,128) size 5x16
                    text run at (163,128) width 5: " "
                  LayoutBR {BR} at (167,141) size 1x0
                  LayoutInline {A} at (0,0) size 166x16 [color=#0000EE]
                    LayoutText {#text} at (0,144) size 166x16
                      text run at (0,144) width 166: "Rules for String Conversions"
                  LayoutText {#text} at (166,144) size 4x16
                    text run at (166,144) width 4: " "
                  LayoutBR {BR} at (170,157) size 0x0
                  LayoutInline {A} at (0,0) size 59x16 [color=#0000EE]
                    LayoutText {#text} at (0,160) size 59x16
                      text run at (0,160) width 59: "Constants"
                  LayoutText {#text} at (59,160) size 4x16
                    text run at (59,160) width 4: " "
                  LayoutBR {BR} at (63,173) size 0x0
                  LayoutInline {A} at (0,0) size 57x16 [color=#0000EE]
                    LayoutText {#text} at (0,176) size 57x16
                      text run at (0,176) width 57: "Functions"
                  LayoutText {#text} at (57,176) size 4x16
                    text run at (57,176) width 4: " "
                  LayoutBR {BR} at (61,189) size 0x0
                  LayoutInline {A} at (0,0) size 72x16 [color=#0000EE]
                    LayoutText {#text} at (0,192) size 72x16
                      text run at (0,192) width 72: "Expressions"
                  LayoutText {#text} at (72,192) size 4x16
                    text run at (72,192) width 4: " "
                  LayoutBR {BR} at (76,205) size 0x0
                  LayoutInline {A} at (0,0) size 62x16 [color=#0000EE]
                    LayoutText {#text} at (0,208) size 62x16
                      text run at (0,208) width 62: "Predicates"
                  LayoutText {#text} at (62,208) size 4x16
                    text run at (62,208) width 4: " "
                  LayoutBR {BR} at (66,221) size 0x0
                  LayoutInline {A} at (0,0) size 57x16 [color=#0000EE]
                    LayoutText {#text} at (0,224) size 57x16
                      text run at (0,224) width 57: "Functions"
                  LayoutText {#text} at (57,224) size 4x16
                    text run at (57,224) width 4: " "
                  LayoutBR {BR} at (61,237) size 0x0
                  LayoutInline {A} at (0,0) size 52x16 [color=#0000EE]
                    LayoutText {#text} at (0,240) size 52x16
                      text run at (0,240) width 52: "LENGTH"
                  LayoutText {#text} at (52,240) size 4x16
                    text run at (52,240) width 4: " "
                  LayoutBR {BR} at (56,253) size 0x0
                  LayoutInline {A} at (0,0) size 53x16 [color=#0000EE]
                    LayoutText {#text} at (0,256) size 53x16
                      text run at (0,256) width 53: "SUBSTR"
                  LayoutText {#text} at (53,256) size 4x16
                    text run at (53,256) width 4: " "
                  LayoutBR {BR} at (57,269) size 0x0
                  LayoutInline {A} at (0,0) size 77x16 [color=#0000EE]
                    LayoutText {#text} at (0,272) size 77x16
                      text run at (0,272) width 77: "TRANSLATE"
                  LayoutText {#text} at (76,272) size 5x16
                    text run at (76,272) width 5: " "
                  LayoutBR {BR} at (80,285) size 1x0
                  LayoutInline {A} at (0,0) size 86x16 [color=#0000EE]
                    LayoutText {#text} at (0,288) size 86x16
                      text run at (0,288) width 86: "VARGRAPHIC"
                  LayoutText {#text} at (85,288) size 5x16
                    text run at (85,288) width 5: " "
                  LayoutBR {BR} at (89,301) size 1x0
                  LayoutInline {A} at (0,0) size 67x16 [color=#0000EE]
                    LayoutText {#text} at (0,304) size 67x16
                      text run at (0,304) width 67: "Statements"
                  LayoutText {#text} at (67,304) size 4x16
                    text run at (67,304) width 4: " "
                  LayoutBR {BR} at (71,317) size 0x0
                  LayoutInline {A} at (0,0) size 63x16 [color=#0000EE]
                    LayoutText {#text} at (0,320) size 63x16
                      text run at (0,320) width 63: "CONNECT"
                  LayoutText {#text} at (63,320) size 4x16
                    text run at (63,320) width 4: " "
                  LayoutBR {BR} at (67,333) size 0x0
                  LayoutInline {A} at (0,0) size 63x16 [color=#0000EE]
                    LayoutText {#text} at (0,336) size 63x16
                      text run at (0,336) width 63: "PREPARE"
                  LayoutText {#text} at (0,0) size 0x0
                LayoutBlockFlow {P} at (0,11607.17) size 715x16
                  LayoutInline {B} at (0,0) size 292x16
                    LayoutInline {A} at (0,0) size 292x16 [color=#0000EE]
                      LayoutText {#text} at (0,0) size 292x16
                        text run at (0,0) width 292: "Appendix P. BNF Specifications for DATALINKs"
                  LayoutBR {BR} at (291,13) size 1x0
                LayoutBlockFlow {P} at (0,11636.17) size 715x192
                  LayoutInline {B} at (0,0) size 217x16
                    LayoutInline {A} at (0,0) size 217x16 [color=#0000EE]
                      LayoutText {#text} at (0,0) size 217x16
                        text run at (0,0) width 217: "Appendix Q. Using the DB2 Library"
                  LayoutBR {BR} at (217,13) size 0x0
                  LayoutBR {BR} at (0,16) size 0x16
                  LayoutInline {A} at (0,0) size 198x16 [color=#0000EE]
                    LayoutText {#text} at (0,32) size 198x16
                      text run at (0,32) width 198: "DB2 PDF Files and Printed Books"
                  LayoutText {#text} at (198,32) size 4x16
                    text run at (198,32) width 4: " "
                  LayoutBR {BR} at (202,45) size 0x0
                  LayoutInline {A} at (0,0) size 94x16 [color=#0000EE]
                    LayoutText {#text} at (0,48) size 94x16
                      text run at (0,48) width 94: "DB2 Information"
                  LayoutText {#text} at (94,48) size 4x16
                    text run at (94,48) width 4: " "
                  LayoutBR {BR} at (98,61) size 0x0
                  LayoutInline {A} at (0,0) size 137x16 [color=#0000EE]
                    LayoutText {#text} at (0,64) size 137x16
                      text run at (0,64) width 137: "Printing the PDF Books"
                  LayoutText {#text} at (137,64) size 4x16
                    text run at (137,64) width 4: " "
                  LayoutBR {BR} at (141,77) size 0x0
                  LayoutInline {A} at (0,0) size 157x16 [color=#0000EE]
                    LayoutText {#text} at (0,80) size 157x16
                      text run at (0,80) width 157: "Ordering the Printed Books"
                  LayoutText {#text} at (157,80) size 4x16
                    text run at (157,80) width 4: " "
                  LayoutBR {BR} at (161,93) size 0x0
                  LayoutInline {A} at (0,0) size 157x16 [color=#0000EE]
                    LayoutText {#text} at (0,96) size 157x16
                      text run at (0,96) width 157: "DB2 Online Documentation"
                  LayoutText {#text} at (157,96) size 4x16
                    text run at (157,96) width 4: " "
                  LayoutBR {BR} at (161,109) size 0x0
                  LayoutInline {A} at (0,0) size 132x16 [color=#0000EE]
                    LayoutText {#text} at (0,112) size 132x16
                      text run at (0,112) width 132: "Accessing Online Help"
                  LayoutText {#text} at (132,112) size 4x16
                    text run at (132,112) width 4: " "
                  LayoutBR {BR} at (136,125) size 0x0
                  LayoutInline {A} at (0,0) size 155x16 [color=#0000EE]
                    LayoutText {#text} at (0,128) size 155x16
                      text run at (0,128) width 155: "Viewing Information Online"
                  LayoutText {#text} at (154,128) size 5x16
                    text run at (154,128) width 5: " "
                  LayoutBR {BR} at (158,141) size 1x0
                  LayoutInline {A} at (0,0) size 113x16 [color=#0000EE]
                    LayoutText {#text} at (0,144) size 113x16
                      text run at (0,144) width 113: "Using DB2 Wizards"
                  LayoutText {#text} at (113,144) size 4x16
                    text run at (113,144) width 4: " "
                  LayoutBR {BR} at (117,157) size 0x0
                  LayoutInline {A} at (0,0) size 177x16 [color=#0000EE]
                    LayoutText {#text} at (0,160) size 177x16
                      text run at (0,160) width 177: "Setting Up a Document Server"
                  LayoutText {#text} at (177,160) size 4x16
                    text run at (177,160) width 4: " "
                  LayoutBR {BR} at (181,173) size 0x0
                  LayoutInline {A} at (0,0) size 168x16 [color=#0000EE]
                    LayoutText {#text} at (0,176) size 168x16
                      text run at (0,176) width 168: "Searching Information Online"
                  LayoutText {#text} at (0,0) size 0x0
                LayoutBlockFlow {P} at (0,11841.17) size 715x48
                  LayoutInline {B} at (0,0) size 126x16
                    LayoutInline {A} at (0,0) size 126x16 [color=#0000EE]
                      LayoutText {#text} at (0,0) size 126x16
                        text run at (0,0) width 126: "Appendix R. Notices"
                  LayoutBR {BR} at (126,13) size 0x0
                  LayoutBR {BR} at (0,16) size 0x16
                  LayoutInline {A} at (0,0) size 69x16 [color=#0000EE]
                    LayoutText {#text} at (0,32) size 69x16
                      text run at (0,32) width 69: "Trademarks"
                  LayoutText {#text} at (0,0) size 0x0
                LayoutBlockFlow {P} at (0,11902.17) size 715x16
                  LayoutInline {B} at (0,0) size 34x16
                    LayoutInline {A} at (0,0) size 34x16 [color=#0000EE]
                      LayoutText {#text} at (0,0) size 34x16
                        text run at (0,0) width 34: "Index"
                  LayoutBR {BR} at (34,13) size 0x0
                LayoutBlockFlow {P} at (0,11931.17) size 715x48
                  LayoutInline {B} at (0,0) size 95x16
                    LayoutInline {A} at (0,0) size 95x16 [color=#0000EE]
                      LayoutText {#text} at (0,0) size 95x16
                        text run at (0,0) width 95: "Contacting IBM"
                  LayoutBR {BR} at (95,13) size 0x0
                  LayoutBR {BR} at (0,16) size 0x16
                  LayoutInline {A} at (0,0) size 114x16 [color=#0000EE]
                    LayoutText {#text} at (0,32) size 114x16
                      text run at (0,32) width 114: "Product Information"
                  LayoutText {#text} at (0,0) size 0x0
                  LayoutInline {A} at (0,0) size 0x0
                  LayoutText {#text} at (0,0) size 0x0
                LayoutTable {TABLE} at (0,11992.17) size 26x27
                  LayoutTableSection {TBODY} at (0,0) size 26x27
                    LayoutTableRow {TR} at (0,2) size 26x0
                    LayoutTableRow {TR} at (0,4) size 26x21
                      LayoutTableCell {TD} at (2,4) size 10x21 [r=1 c=0 rs=1 cs=1]
                        LayoutText {#text} at (1,1) size 8x18
                          text run at (1,1) width 8: "x"
                      LayoutTableCell {TD} at (14,4) size 10x21 [r=1 c=1 rs=1 cs=1]
                        LayoutText {#text} at (1,1) size 8x18
                          text run at (1,1) width 8: "x"
              LayoutBlockFlow (anonymous) at (2,12107.34) size 715x0
                LayoutInline {FONT} at (0,0) size 0x0
