layer at (0,0) size 800x600
  LayoutView at (0,0) size 800x600
layer at (0,0) size 800x8
  LayoutBlockFlow {HTML} at (0,0) size 800x8
    LayoutBlockFlow {BODY} at (8,8) size 784x0
layer at (38,38) size 77x84
  LayoutTable (positioned) {TABLE} at (37.78,37.78) size 77x84 [border: (10px solid #000060)]
    LayoutTableSection {TBODY} at (10,10) size 57x64
      LayoutTableRow {TR} at (0,0) size 57x32
        LayoutTableCell {TD} at (0,0) size 57x32 [border: (10px none #000000)] [r=0 c=0 rs=1 cs=1]
          LayoutText {#text} at (11,11) size 35x19
            text run at (11,11) width 35: "line 1"
      LayoutTableRow {TR} at (0,32) size 57x32
        LayoutTableCell {TD} at (0,32) size 57x32 [border: none] [r=1 c=0 rs=1 cs=1]
          LayoutText {#text} at (11,1) size 35x19
            text run at (11,1) width 35: "line 2"
