layer at (0,0) size 800x600
  LayoutView at (0,0) size 800x600
layer at (0,0) size 800x600
  LayoutBlockFlow {HTML} at (0,0) size 800x600
    LayoutBlockFlow {BODY} at (8,8) size 784x584
      LayoutTable {TABLE} at (0,0) size 784x66
        LayoutTableSection {TBODY} at (0,0) size 784x66
          LayoutTableRow {TR} at (0,2) size 784x2
            LayoutTableCell {TD} at (2,2) size 780x2 [r=0 c=0 rs=1 cs=1]
          LayoutTableRow {TR} at (0,6) size 784x58
            LayoutTableCell {TD} at (2,6) size 780x58 [r=1 c=0 rs=1 cs=1]
              LayoutBlockFlow (anonymous) at (1,1) size 778x40
                LayoutText {#text} at (0,0) size 764x39
                  text run at (0,0) width 764: "BlaBlaBla Bla BlaBla BlaBlaBlaBla Bla Bla Bla BlaBlaBla BlaBla Bla BlaBla BlaBlaBlaBla BlaBla Bla BlaBla BlaBla"
                  text run at (0,20) width 22: "Bla"
              LayoutBlockFlow {P} at (1,57) size 778x0
      LayoutBlockFlow (anonymous) at (0,66) size 784x20
        LayoutBR {BR} at (0,0) size 0x19
      LayoutTable {TABLE} at (0,86) size 784x66
        LayoutTableSection {TBODY} at (0,0) size 784x66
          LayoutTableRow {TR} at (0,2) size 784x58
            LayoutTableCell {TD} at (2,2) size 780x58 [r=0 c=0 rs=1 cs=1]
              LayoutBlockFlow (anonymous) at (1,1) size 778x40
                LayoutText {#text} at (0,0) size 764x39
                  text run at (0,0) width 764: "BlaBlaBla Bla BlaBla BlaBlaBlaBla Bla Bla Bla BlaBlaBla BlaBla Bla BlaBla BlaBlaBlaBla BlaBla Bla BlaBla BlaBla"
                  text run at (0,20) width 22: "Bla"
              LayoutBlockFlow {P} at (1,57) size 778x0
          LayoutTableRow {TR} at (0,62) size 784x2
            LayoutTableCell {TD} at (2,62) size 780x2 [r=1 c=0 rs=1 cs=1]
