layer at (0,0) size 800x600
  LayoutView at (0,0) size 800x600
layer at (0,0) size 800x600
  LayoutBlockFlow {HTML} at (0,0) size 800x600
    LayoutBlockFlow {BODY} at (8,8) size 784x584 [bgcolor=#FFFFFF]
      LayoutBlockFlow {HR} at (0,0) size 152x2 [border: (1px inset #EEEEEE)]
      LayoutTable {TABLE} at (0,10) size 184x49 [bgcolor=#F7D68C] [border: (1px outset #808080)]
        LayoutTableSection {TBODY} at (1,1) size 182x47
          LayoutTableRow {TR} at (0,0) size 182x47
            LayoutTableCell {TD} at (0,2) size 138x42 [border: (1px inset #808080)] [r=0 c=0 rs=1 cs=1]
              LayoutText {#text} at (1,1) size 136x39
                text run at (1,1) width 136: "xxxxxxxxxxxxxxxxx"
                text run at (1,21) width 100: "xxxxxx xxxxxx"
            LayoutTableCell {TD} at (138,0) size 44x47 [border: (1px inset #808080)] [r=0 c=1 rs=1 cs=1]
              LayoutImage {IMG} at (1,1) size 21x45
              LayoutImage {IMG} at (22,1) size 21x45
      LayoutBlockFlow (anonymous) at (0,59) size 784x20
        LayoutBR {BR} at (0,0) size 0x19
      LayoutTable {TABLE} at (0,79) size 468x72 [bgcolor=#F7D68C]
        LayoutTableSection {TBODY} at (0,0) size 468x72
          LayoutTableRow {TR} at (0,0) size 468x42
            LayoutTableCell {TD} at (0,0) size 326x21 [r=0 c=0 rs=1 cs=1]
              LayoutInline {FONT} at (0,0) size 264x20
                LayoutInline {B} at (0,0) size 264x20
                  LayoutText {#text} at (0,0) size 264x20
                    text run at (0,0) width 264: " 25 offres d'emploi des entreprises"
            LayoutTableCell {TD} at (326,0) size 100x42 [bgcolor=#EE9E02] [r=0 c=1 rs=1 cs=1]
              LayoutImage {IMG} at (18,15) size 20x1
              LayoutText {#text} at (38,1) size 34x19
                text run at (38,1) width 34: "page "
              LayoutInline {FONT} at (0,0) size 28x41
                LayoutInline {B} at (0,0) size 28x41
                  LayoutText {#text} at (72,0) size 28x41
                    text run at (72,0) width 28: "12 /"
                    text run at (82,21) width 18: "13"
            LayoutTableCell {TD} at (426,0) size 42x45 [r=0 c=2 rs=2 cs=1]
              LayoutImage {IMG} at (0,0) size 21x45
              LayoutImage {IMG} at (21,0) size 21x45
          LayoutTableRow {TR} at (0,42) size 468x30
            LayoutTableCell {TD} at (0,42) size 326x30 [r=1 c=0 rs=1 cs=1]
              LayoutImage {IMG} at (0,0) size 326x30
            LayoutTableCell {TD} at (326,42) size 100x30 [r=1 c=1 rs=1 cs=1]
              LayoutImage {IMG} at (0,0) size 100x30
