layer at (0,0) size 800x600
  LayoutView at (0,0) size 800x600
layer at (0,0) size 800x220
  LayoutBlockFlow {HTML} at (0,0) size 800x220
    LayoutBlockFlow {BODY} at (8,8) size 784x204
      LayoutTable {TABLE} at (0,0) size 200x82 [border: (1px outset #808080)]
        LayoutTableSection {TBODY} at (1,1) size 198x80
          LayoutTableRow {TR} at (0,2) size 198x24
            LayoutTableCell {TD} at (2,2) size 99x24 [border: (1px inset #808080)] [r=0 c=0 rs=1 cs=1]
              LayoutText {#text} at (2,2) size 36x19
                text run at (2,2) width 36: "AAA"
            LayoutTableCell {TD} at (103,2) size 93x24 [border: (1px inset #808080)] [r=0 c=1 rs=1 cs=1]
              LayoutText {#text} at (2,2) size 33x19
                text run at (2,2) width 33: "BBB"
          LayoutTableRow {TR} at (0,28) size 198x24
            LayoutTableCell {TD} at (2,28) size 99x24 [border: (1px inset #808080)] [r=1 c=0 rs=1 cs=1]
              LayoutText {#text} at (43,2) size 13x19
                text run at (43,2) width 13: "A"
            LayoutTableCell {TD} at (103,28) size 93x24 [border: (1px inset #808080)] [r=1 c=1 rs=1 cs=1]
              LayoutText {#text} at (41,2) size 11x19
                text run at (41,2) width 11: "B"
          LayoutTableRow {TR} at (0,54) size 198x24
            LayoutTableCell {TD} at (2,54) size 99x24 [border: (1px inset #808080)] [r=2 c=0 rs=1 cs=1]
              LayoutText {#text} at (85,2) size 12x19
                text run at (85,2) width 12: "A"
            LayoutTableCell {TD} at (103,54) size 93x24 [border: (1px inset #808080)] [r=2 c=1 rs=1 cs=1]
              LayoutText {#text} at (80,2) size 11x19
                text run at (80,2) width 11: "B"
      LayoutBlockFlow (anonymous) at (0,82) size 784x20
        LayoutBR {BR} at (0,0) size 0x19
      LayoutTable {TABLE} at (0,102) size 784x82 [border: (1px outset #808080)]
        LayoutTableSection {TBODY} at (1,1) size 782x80
          LayoutTableRow {TR} at (0,2) size 782x24
            LayoutTableCell {TD} at (2,2) size 368x24 [border: (1px inset #808080)] [r=0 c=0 rs=1 cs=1]
              LayoutText {#text} at (2,2) size 27x19
                text run at (2,2) width 27: "<tr>"
            LayoutTableCell {TH} at (372,2) size 214x24 [border: (1px inset #808080)] [r=0 c=1 rs=1 cs=1]
              LayoutText {#text} at (72,2) size 70x19
                text run at (72,2) width 70: "th: Center"
            LayoutTableCell {TD} at (588,2) size 192x24 [border: (1px inset #808080)] [r=0 c=2 rs=1 cs=1]
              LayoutText {#text} at (2,2) size 46x19
                text run at (2,2) width 46: "td: Left"
          LayoutTableRow {TR} at (0,28) size 782x24
            LayoutTableCell {TD} at (2,28) size 368x24 [border: (1px inset #808080)] [r=1 c=0 rs=1 cs=1]
              LayoutText {#text} at (2,2) size 105x19
                text run at (2,2) width 105: "<tr align=\"left\">"
            LayoutTableCell {TH} at (372,28) size 214x24 [border: (1px inset #808080)] [r=1 c=1 rs=1 cs=1]
              LayoutText {#text} at (2,2) size 51x19
                text run at (2,2) width 51: "th: Left"
            LayoutTableCell {TD} at (588,28) size 192x24 [border: (1px inset #808080)] [r=1 c=2 rs=1 cs=1]
              LayoutText {#text} at (2,2) size 46x19
                text run at (2,2) width 46: "td: Left"
          LayoutTableRow {TR} at (0,54) size 782x24
            LayoutTableCell {TD} at (2,54) size 368x24 [border: (1px inset #808080)] [r=2 c=0 rs=1 cs=1]
              LayoutText {#text} at (2,2) size 123x19
                text run at (2,2) width 123: "<tr align=\"center\">"
            LayoutTableCell {TH} at (372,54) size 214x24 [border: (1px inset #808080)] [r=2 c=1 rs=1 cs=1]
              LayoutText {#text} at (72,2) size 70x19
                text run at (72,2) width 70: "th: Center"
            LayoutTableCell {TD} at (588,54) size 192x24 [border: (1px inset #808080)] [r=2 c=2 rs=1 cs=1]
              LayoutText {#text} at (65,2) size 62x19
                text run at (65,2) width 62: "td: Center"
      LayoutBlockFlow (anonymous) at (0,184) size 784x20
        LayoutBR {BR} at (0,0) size 0x19
