layer at (0,0) size 800x600
  LayoutView at (0,0) size 800x600
layer at (0,0) size 800x600
  LayoutBlockFlow {HTML} at (0,0) size 800x600
    LayoutBlockFlow {BODY} at (0,0) size 800x600 [bgcolor=#FFFFFF]
      LayoutBlockFlow (anonymous) at (0,0) size 800x20
        LayoutText {#text} at (0,0) size 332x19
          text run at (0,0) width 332: "The bug showed horizontal scroll bars when resized "
        LayoutBR {BR} at (332,15) size 0x0
      LayoutTable {TABLE} at (0,20) size 800x90
        LayoutTableSection {TBODY} at (0,0) size 800x90
          LayoutTableRow {TR} at (0,0) size 800x90
            LayoutTableCell {TD} at (0,0) size 800x90 [bgcolor=#FFFFFF] [r=0 c=0 rs=1 cs=1]
              LayoutBlockFlow (floating) {IMG} at (0,0) size 194x90
                LayoutBlockFlow {SPAN} at (0,0) size 194x90 [border: (1px solid #C0C0C0)]
                  LayoutImage (floating) {IMG} at (2,2) size 16x16
                  LayoutInline {SPAN} at (0,0) size 0x0
              LayoutImage (floating) {IMG} at (667,0) size 133x90
