layer at (0,0) size 800x600
  LayoutView at (0,0) size 800x600
layer at (0,0) size 800x600
  LayoutBlockFlow {HTML} at (0,0) size 800x600
    LayoutBlockFlow {BODY} at (8,8) size 784x584
      LayoutTable {TABLE} at (0,0) size 450x112 [border: (1px solid #000000)]
        LayoutTableSection {TBODY} at (1,1) size 448x110
          LayoutTableRow {TR} at (0,2) size 448x106
            LayoutTableCell {TD} at (2,2) size 444x106 [r=0 c=0 rs=1 cs=1]
              LayoutTable (floating) {TABLE} at (1,1) size 442x28 [border: (1px solid #FF0000)]
                LayoutTableSection {TBODY} at (1,1) size 440x26
                  LayoutTableRow {TR} at (0,2) size 440x22
                    LayoutTableCell {TD} at (2,2) size 436x22 [r=0 c=0 rs=1 cs=1]
                      LayoutText {#text} at (1,1) size 21x19
                        text run at (1,1) width 21: "test"
              LayoutTable {TABLE} at (1,29) size 437x76 [border: (1px solid #000000)]
                LayoutTableSection {TBODY} at (1,1) size 435x74
                  LayoutTableRow {TR} at (0,2) size 435x70
                    LayoutTableCell {TD} at (2,2) size 431x70 [r=0 c=0 rs=1 cs=1]
                      LayoutTable {TABLE} at (1,1) size 312x68 [border: (1px solid #000000)]
                        LayoutTableSection {TBODY} at (1,1) size 310x66
                          LayoutTableRow {TR} at (0,2) size 310x62
                            LayoutTableCell {TD} at (2,2) size 306x62 [r=0 c=0 rs=1 cs=1]
                              LayoutImage {IMG} at (1,7) size 9x9
                              LayoutText {#text} at (10,1) size 130x19
                                text run at (10,1) width 130: " Shop Till You Drop"
                              LayoutBR {BR} at (139,16) size 1x0
                              LayoutText {#text} at (1,21) size 279x19
                                text run at (1,21) width 279: "From Regina Lewis, AOL's Online Advisor"
                              LayoutBR {BR} at (280,36) size 0x0
                              LayoutImage {IMG} at (1,47) size 9x9
                              LayoutText {#text} at (10,41) size 295x19
                                text run at (10,41) width 295: " Forget Dates? Don't Worry We'll Remind You"
                              LayoutBR {BR} at (304,56) size 1x0
