layer at (0,0) size 800x600
  LayoutView at (0,0) size 800x600
layer at (0,0) size 800x600
  LayoutBlockFlow {HTML} at (0,0) size 800x600
    LayoutBlockFlow {BODY} at (8,8) size 784x584 [bgcolor=#FFFFFF]
      LayoutBlockFlow {H4} at (0,0) size 784x20
        LayoutText {#text} at (0,0) size 153x19
          text run at (0,0) width 153: "Testcase distilled from "
        LayoutInline {A} at (0,0) size 502x19 [color=#0000EE]
          LayoutText {#text} at (152,0) size 502x19
            text run at (152,0) width 502: "http://www.download.com/pc/list/0,339,0-b-0-0-a-1,00.html?st.dl.fd.ag.new"
      LayoutBlockFlow {H4} at (0,41.27) size 784x20
        LayoutText {#text} at (0,0) size 305x19
          text run at (0,0) width 305: "Minimize the window and then open it again."
      LayoutTable {TABLE} at (0,82.53) size 784x26
        LayoutTableSection {TBODY} at (0,0) size 784x26
          LayoutTableRow {TR} at (0,2) size 784x22 [bgcolor=#006633]
            LayoutTableCell {TD} at (2,2) size 780x22 [r=0 c=0 rs=1 cs=1]
              LayoutInline {FONT} at (0,0) size 144x19 [color=#FFCC00]
                LayoutText {#text} at (1,1) size 8x19
                  text run at (1,1) width 8: "  "
                LayoutInline {SPAN} at (0,0) size 43x19
                  LayoutText {#text} at (9,1) size 43x19
                    text run at (9,1) width 43: "CNET"
                LayoutText {#text} at (52,1) size 12x19
                  text run at (52,1) width 12: " : "
                LayoutInline {SPAN} at (0,0) size 73x19
                  LayoutText {#text} at (64,1) size 73x19
                    text run at (64,1) width 73: "Downloads"
                LayoutText {#text} at (137,1) size 8x19
                  text run at (137,1) width 8: " :"
      LayoutBlockFlow (anonymous) at (0,108.53) size 784x20
        LayoutBR {BR} at (0,0) size 0x19
      LayoutBlockFlow {H4} at (0,149.80) size 784x20
        LayoutText {#text} at (0,0) size 480x19
          text run at (0,0) width 480: "This is the same table as above but with all <SPAN> elements removed."
      LayoutTable {TABLE} at (0,191.06) size 784x26
        LayoutTableSection {TBODY} at (0,0) size 784x26
          LayoutTableRow {TR} at (0,2) size 784x22 [bgcolor=#006633]
            LayoutTableCell {TD} at (2,2) size 780x22 [r=0 c=0 rs=1 cs=1]
              LayoutInline {FONT} at (0,0) size 144x19 [color=#FFCC00]
                LayoutText {#text} at (1,1) size 144x19
                  text run at (1,1) width 144: "  CNET : Downloads :"
