layer at (0,0) size 800x600
  LayoutView at (0,0) size 800x600
layer at (0,0) size 800x600
  LayoutBlockFlow {HTML} at (0,0) size 800x600
    LayoutBlockFlow {BODY} at (8,8) size 784x584
      LayoutTable {TABLE} at (0,0) size 145x74 [border: (1px outset #808080)]
        LayoutTableSection {TBODY} at (1,1) size 143x72
          LayoutTableRow {TR} at (0,2) size 143x24
            LayoutTableCell {TD} at (2,2) size 139x24 [border: (1px inset #808080)] [r=0 c=0 rs=1 cs=1]
              LayoutText {#text} at (2,2) size 109x19
                text run at (2,2) width 109: "cell of outer table"
          LayoutTableRow {TR} at (0,28) size 143x42
            LayoutTableCell {TD} at (2,28) size 139x42 [border: (1px inset #808080)] [r=1 c=0 rs=1 cs=1]
              LayoutTable {TABLE} at (2,2) size 135x38 [border: (5px outset #808080)]
                LayoutTableSection {TBODY} at (5,5) size 125x28
                  LayoutTableRow {TR} at (0,2) size 125x24
                    LayoutTableCell {TD} at (2,2) size 121x24 [border: (1px inset #808080)] [r=0 c=0 rs=1 cs=1]
                      LayoutText {#text} at (2,2) size 117x19
                        text run at (2,2) width 117: "cell of nested table"
      LayoutBlockFlow (anonymous) at (0,74) size 784x20
        LayoutBR {BR} at (0,0) size 0x19
      LayoutBlockFlow {HR} at (0,102) size 202x2 [border: (1px inset #EEEEEE)]
      LayoutBlockFlow (anonymous) at (0,112) size 784x20
        LayoutText {#text} at (0,0) size 215x19
          text run at (0,0) width 215: "nested table width includes border"
      LayoutTable {TABLE} at (0,132) size 204x52 [border: (1px outset #808080)]
        LayoutTableSection {TBODY} at (1,1) size 202x50
          LayoutTableRow {TR} at (0,0) size 202x50
            LayoutTableCell {TD} at (0,0) size 202x50 [border: (1px inset #808080)] [r=0 c=0 rs=1 cs=1]
              LayoutTable {TABLE} at (1,1) size 200x48 [border: (10px outset #808080)]
                LayoutTableSection {TBODY} at (10,10) size 180x28
                  LayoutTableRow {TR} at (0,2) size 180x24
                    LayoutTableCell {TD} at (2,2) size 176x24 [border: (1px inset #808080)] [r=0 c=0 rs=1 cs=1]
                      LayoutText {#text} at (2,2) size 102x19
                        text run at (2,2) width 102: "200 nested table"
      LayoutBlockFlow (anonymous) at (0,184) size 784x40
        LayoutBR {BR} at (0,0) size 0x19
        LayoutText {#text} at (0,20) size 215x19
          text run at (0,20) width 215: "nested table width includes border"
      LayoutTable {TABLE} at (0,224) size 137x52 [border: (1px outset #808080)]
        LayoutTableSection {TBODY} at (1,1) size 135x50
          LayoutTableRow {TR} at (0,0) size 135x50
            LayoutTableCell {TD} at (0,0) size 135x50 [border: (1px inset #808080)] [r=0 c=0 rs=1 cs=1]
              LayoutTable {TABLE} at (1,1) size 133x48 [border: (10px outset #808080)]
                LayoutTableSection {TBODY} at (10,10) size 113x28
                  LayoutTableRow {TR} at (0,2) size 113x24
                    LayoutTableCell {TD} at (2,2) size 109x24 [border: (1px inset #808080)] [r=0 c=0 rs=1 cs=1]
                      LayoutText {#text} at (2,2) size 105x19
                        text run at (2,2) width 105: "auto nested table"
      LayoutBlockFlow (anonymous) at (0,276) size 784x40
        LayoutBR {BR} at (0,0) size 0x19
        LayoutText {#text} at (0,20) size 215x19
          text run at (0,20) width 215: "nested table width includes border"
      LayoutTable {TABLE} at (0,316) size 784x32 [border: (5px outset #808080)]
        LayoutTableSection {TBODY} at (5,5) size 774x22
          LayoutTableRow {TR} at (0,0) size 774x22
            LayoutTableCell {TD} at (0,0) size 774x22 [border: (1px inset #808080)] [r=0 c=0 rs=1 cs=1]
              LayoutText {#text} at (1,1) size 111x19
                text run at (1,1) width 111: "100% width table"
      LayoutBlockFlow (anonymous) at (0,348) size 784x40
        LayoutBR {BR} at (0,0) size 0x19
        LayoutText {#text} at (0,20) size 215x19
          text run at (0,20) width 215: "nested table width includes border"
      LayoutTable {TABLE} at (0,388) size 147x52 [border: (1px outset #808080)]
        LayoutTableSection {TBODY} at (1,1) size 145x50
          LayoutTableRow {TR} at (0,0) size 145x50
            LayoutTableCell {TD} at (0,0) size 145x50 [border: (1px inset #808080)] [r=0 c=0 rs=1 cs=1]
              LayoutTable {TABLE} at (1,1) size 143x48 [border: (10px outset #808080)]
                LayoutTableSection {TBODY} at (10,10) size 123x28
                  LayoutTableRow {TR} at (0,2) size 123x24
                    LayoutTableCell {TD} at (2,2) size 119x24 [border: (1px inset #808080)] [r=0 c=0 rs=1 cs=1]
                      LayoutText {#text} at (2,2) size 115x19
                        text run at (2,2) width 115: "100% nested table"
