layer at (0,0) size 800x600
  LayoutView at (0,0) size 800x600
layer at (0,0) size 800x600
  LayoutBlockFlow {HTML} at (0,0) size 800x600
    LayoutBlockFlow {BODY} at (8,8) size 784x576
      LayoutBlockFlow {FORM} at (0,0) size 784x195
        LayoutBlockFlow {HR} at (0,0) size 602x2 [border: (1px inset #EEEEEE)]
        LayoutTable {TABLE} at (0,10) size 600x185
          LayoutTableSection {TBODY} at (0,0) size 600x185
            LayoutTableRow {TR} at (0,2) size 600x44
              LayoutTableCell {TD} at (2,2) size 594x44 [r=0 c=0 rs=1 cs=3]
                LayoutImage {IMG} at (7.50,1) size 579x42
                LayoutText {#text} at (0,0) size 0x0
            LayoutTableRow {TR} at (0,48) size 600x55
              LayoutTableCell {TD} at (2,55) size 594x40 [bgcolor=#99CCCC] [r=1 c=0 rs=1 cs=3]
                LayoutInline {FONT} at (0,0) size 128x16
                  LayoutInline {B} at (0,0) size 128x16
                    LayoutText {#text} at (55,4) size 128x16
                      text run at (55,4) width 128: "Search the Web with"
                LayoutText {#text} at (182,2) size 5x19
                  text run at (182,2) width 5: " "
                LayoutMenuList {SELECT} at (186.38,2) size 77x20 [bgcolor=#C0C0C0] [border: (1px solid #A9A9A9)]
                  LayoutBlockFlow (anonymous) at (1,1) size 75x18
                    LayoutText (anonymous) at (4,1) size 55x16
                      text run at (4,1) width 55: "Netscape"
                LayoutTextControl {INPUT} at (263.38,1) size 214x22 [bgcolor=#FFFFFF] [border: (2px inset #EEEEEE)]
                LayoutText {#text} at (477,2) size 5x19
                  text run at (477,2) width 5: " "
                LayoutButton {INPUT} at (481.38,1) size 57x22 [bgcolor=#C0C0C0] [border: (2px outset #C0C0C0)]
                  LayoutBlockFlow (anonymous) at (8,3) size 41x16
                    LayoutText {#text} at (0,0) size 41x16
                      text run at (0,0) width 41: "Search"
                LayoutBR {BR} at (538,17) size 1x0
                LayoutInline {SMALL} at (0,0) size 558x15
                  LayoutInline {A} at (0,0) size 99x15 [color=#0000EE]
                    LayoutText {#text} at (18,23) size 99x15
                      text run at (18,23) width 99: "Classifieds< /A>   "
                  LayoutInline {A} at (0,0) size 59x15 [color=#0000EE]
                    LayoutText {#text} at (116,23) size 59x15
                      text run at (116,23) width 23: "Net "
                      text run at (138,23) width 37: "Search"
                  LayoutText {#text} at (174,23) size 10x15
                    text run at (174,23) width 10: "   "
                  LayoutInline {A} at (0,0) size 82x15 [color=#0000EE]
                    LayoutText {#text} at (183,23) size 82x15
                      text run at (183,23) width 56: "Find Web "
                      text run at (238,23) width 27: "Sites"
                  LayoutText {#text} at (264,23) size 10x15
                    text run at (264,23) width 4: " "
                    text run at (267,23) width 7: "  "
                  LayoutInline {A} at (0,0) size 67x15 [color=#0000EE]
                    LayoutText {#text} at (273,23) size 67x15
                      text run at (273,23) width 40: "What's "
                      text run at (312,23) width 28: "Cool"
                  LayoutText {#text} at (339,23) size 10x15
                    text run at (339,23) width 10: "   "
                  LayoutInline {A} at (0,0) size 64x15 [color=#0000EE]
                    LayoutText {#text} at (348,23) size 64x15
                      text run at (348,23) width 64: "What's New"
                  LayoutText {#text} at (411,23) size 10x15
                    text run at (411,23) width 10: "   "
                  LayoutInline {A} at (0,0) size 76x15 [color=#0000EE]
                    LayoutText {#text} at (420,23) size 76x15
                      text run at (420,23) width 76: "People Finder"
                  LayoutText {#text} at (495,23) size 10x15
                    text run at (495,23) width 10: "   "
                  LayoutInline {A} at (0,0) size 72x15 [color=#0000EE]
                    LayoutText {#text} at (504,23) size 72x15
                      text run at (504,23) width 72: "Yellow Pages"
                  LayoutText {#text} at (0,0) size 0x0
                LayoutText {#text} at (0,0) size 0x0
            LayoutTableRow {TR} at (0,105) size 600x49
              LayoutTableCell {TD} at (2,112) size 159x34 [r=2 c=0 rs=1 cs=1]
                LayoutInline {A} at (0,0) size 115x35 [color=#0000EE]
                  LayoutInline {FONT} at (0,0) size 115x32 [color=#CC0033]
                    LayoutText {#text} at (22,1) size 115x32
                      text run at (22,1) width 115: "Download Netscape"
                      text run at (26,17) width 107: "Communicator 4.5"
              LayoutTableCell {TD} at (163,105) size 270x49 [r=2 c=1 rs=1 cs=1]
                LayoutInline {A} at (0,0) size 232x29 [color=#0000EE]
                  LayoutImage {IMG} at (19,1) size 232x35 [border: (1px solid #0000EE)]
                  LayoutBR {BR} at (251,36) size 0x0
                  LayoutInline {FONT} at (0,0) size 46x12
                    LayoutText {#text} at (112,36) size 46x12
                      text run at (112,36) width 46: "Click Here!"
                LayoutBR {BR} at (158,46) size 0x0
              LayoutTableCell {TD} at (435,120) size 161x18 [r=2 c=2 rs=1 cs=1]
                LayoutInline {A} at (0,0) size 129x19 [color=#0000EE]
                  LayoutInline {FONT} at (0,0) size 129x16 [color=#0066FF]
                    LayoutText {#text} at (16,1) size 129x16
                      text run at (16,1) width 129: "Hassle-Free Upgrades"
                LayoutText {#text} at (0,0) size 0x0
            LayoutTableRow {TR} at (0,156) size 600x22
              LayoutTableCell {TD} at (2,156) size 594x22 [r=3 c=0 rs=1 cs=3]
                LayoutInline {A} at (0,0) size 48x19 [color=#0000EE]
                  LayoutInline {FONT} at (0,0) size 48x16 [color=#0066FF]
                    LayoutInline {B} at (0,0) size 48x16
                      LayoutText {#text} at (19,3) size 48x16
                        text run at (19,3) width 48: "Contact"
                LayoutText {#text} at (66,1) size 13x19
                  text run at (66,1) width 13: " : "
                LayoutInline {SMALL} at (0,0) size 497x15
                  LayoutInline {A} at (0,0) size 77x15 [color=#0000EE]
                    LayoutText {#text} at (78,4) size 77x15
                      text run at (78,4) width 77: "Address Book"
                  LayoutText {#text} at (154,4) size 11x15
                    text run at (154,4) width 11: " - "
                  LayoutInline {A} at (0,0) size 65x15 [color=#0000EE]
                    LayoutText {#text} at (164,4) size 65x15
                      text run at (164,4) width 65: "Discussions"
                  LayoutText {#text} at (228,4) size 11x15
                    text run at (228,4) width 11: " - "
                  LayoutInline {A} at (0,0) size 99x15 [color=#0000EE]
                    LayoutText {#text} at (238,4) size 99x15
                      text run at (238,4) width 99: "Instant Messenger"
                  LayoutText {#text} at (336,4) size 11x15
                    text run at (336,4) width 11: " - "
                  LayoutInline {A} at (0,0) size 80x15 [color=#0000EE]
                    LayoutText {#text} at (346,4) size 80x15
                      text run at (346,4) width 80: "Long Distance"
                  LayoutText {#text} at (425,4) size 11x15
                    text run at (425,4) width 11: " - "
                  LayoutInline {A} at (0,0) size 51x15 [color=#0000EE]
                    LayoutText {#text} at (435,4) size 51x15
                      text run at (435,4) width 51: "Members"
                  LayoutText {#text} at (485,4) size 11x15
                    text run at (485,4) width 11: " - "
                  LayoutInline {A} at (0,0) size 80x15 [color=#0000EE]
                    LayoutText {#text} at (495,4) size 80x15
                      text run at (495,4) width 80: "WebMail< /A>"
                LayoutInline {A} at (0,0) size 1x19 [color=#0000EE]
                  LayoutText {#text} at (0,0) size 0x0
            LayoutTableRow {TR} at (0,180) size 600x3
              LayoutTableCell {TD} at (2,180) size 596x3 [bgcolor=#99CCCC] [r=4 c=0 rs=1 cs=4]
                LayoutTable {TABLE} at (1,1) size 0x1
                  LayoutTableSection {TBODY} at (0,0) size 0x1
                    LayoutTableRow {TR} at (0,0) size 0x1
                      LayoutTableCell {TD} at (0,0) size 0x0 [r=0 c=0 rs=1 cs=1]
layer at (275,77) size 210x16
  LayoutBlockFlow {DIV} at (2,3) size 210x16
