layer at (0,0) size 800x600
  LayoutView at (0,0) size 800x600
layer at (0,0) size 800x600
  LayoutBlockFlow {HTML} at (0,0) size 800x600
    LayoutBlockFlow {BODY} at (8,8) size 784x584
      LayoutTable {TABLE} at (0,0) size 784x139
        LayoutTableSection {TBODY} at (0,0) size 784x139
          LayoutTableRow {TR} at (0,0) size 784x79
            LayoutTableCell {TD} at (0,0) size 784x79 [r=0 c=0 rs=1 cs=4]
              LayoutBR {BR} at (392,1) size 0x19
              LayoutInline {FONT} at (0,0) size 728x56
                LayoutText {#text} at (28,21) size 728x37
                  text run at (28,21) width 181: "The Supreme Court says "
                  text run at (209,21) width 547: "Wisconsin can continue using tuition vouchers to help poor parents send their"
                  text run at (212,40) width 221: "children to church-run schools. "
                  text run at (433,40) width 139: "What's your stand? "
                LayoutBR {BR} at (572,55) size 0x0
                LayoutBR {BR} at (392,59) size 0x18
              LayoutText {#text} at (0,0) size 0x0
          LayoutTableRow {TR} at (0,79) size 784x18
            LayoutTableCell {TD} at (0,79) size 549x18 [r=1 c=0 rs=1 cs=1]
              LayoutInline {FONT} at (0,0) size 140x16
                LayoutText {#text} at (408,1) size 140x16
                  text run at (408,1) width 140: "I agree with the program"
              LayoutText {#text} at (0,0) size 0x0
            LayoutTableCell {TD} at (549,79) size 81x18 [r=1 c=1 rs=1 cs=1]
              LayoutBlockFlow {INPUT} at (6,4) size 13x13
          LayoutTableRow {TR} at (0,97) size 784x18
            LayoutTableCell {TD} at (0,97) size 549x18 [r=2 c=0 rs=1 cs=1]
              LayoutInline {FONT} at (0,0) size 153x16
                LayoutText {#text} at (395,1) size 153x16
                  text run at (395,1) width 153: "I think vouchers are wrong"
              LayoutText {#text} at (0,0) size 0x0
            LayoutTableCell {TD} at (549,97) size 81x18 [r=2 c=1 rs=1 cs=1]
              LayoutBlockFlow {INPUT} at (6,4) size 13x13
          LayoutTableRow {TR} at (0,115) size 784x24
            LayoutTableCell {TD} at (0,118) size 630x18 [r=3 c=0 rs=1 cs=2]
              LayoutInline {A} at (0,0) size 76x19 [color=#0000EE]
                LayoutInline {FONT} at (0,0) size 76x16
                  LayoutText {#text} at (277,1) size 76x16
                    text run at (277,1) width 76: "View Results"
              LayoutInline {FONT} at (0,0) size 1x16
                LayoutText {#text} at (0,0) size 0x0
            LayoutTableCell {TD} at (630,115) size 154x24 [r=3 c=2 rs=1 cs=2]
              LayoutButton {INPUT} at (56.50,1) size 41x22 [bgcolor=#C0C0C0] [border: (2px outset #C0C0C0)]
                LayoutBlockFlow (anonymous) at (8,3) size 25x16
                  LayoutText {#text} at (0,0) size 25x16
                    text run at (0,0) width 25: "vote"
              LayoutText {#text} at (0,0) size 0x0
