layer at (0,0) size 800x600
  LayoutView at (0,0) size 800x600
layer at (0,0) size 800x600
  LayoutBlockFlow {HTML} at (0,0) size 800x600
    LayoutBlockFlow {BODY} at (8,8) size 784x576
      LayoutBlockFlow {H2} at (0,0) size 784x27
        LayoutText {#text} at (0,0) size 364x26
          text run at (0,0) width 364: "SeaMonkey XPInstall Trigger Page"
      LayoutBlockFlow {HR} at (0,46.91) size 784x2 [border: (1px inset #EEEEEE)]
      LayoutBlockFlow {FORM} at (0,56.91) size 784x54
        LayoutTable {TABLE} at (0,0) size 630x54
          LayoutTableSection {TBODY} at (0,0) size 630x54
            LayoutTableRow {TR} at (0,2) size 630x24
              LayoutTableCell {TD} at (2,3) size 106x22 [r=0 c=0 rs=1 cs=1]
                LayoutInline {B} at (0,0) size 95x19
                  LayoutText {#text} at (1,1) size 95x19
                    text run at (1,1) width 95: "Trigger URL:"
              LayoutTableCell {TD} at (110,2) size 426x24 [r=0 c=1 rs=1 cs=1]
                LayoutTextControl {INPUT} at (1,1) size 424x22 [bgcolor=#FFFFFF] [border: (2px inset #EEEEEE)]
              LayoutTableCell {TD} at (538,2) size 90x24 [r=0 c=2 rs=1 cs=1]
                LayoutButton {INPUT} at (1,1) size 55.52x22 [bgcolor=#C0C0C0] [border: (2px outset #C0C0C0)]
                  LayoutBlockFlow (anonymous) at (8,3) size 39.52x16
                    LayoutText {#text} at (0,0) size 40x16
                      text run at (0,0) width 40: "Trigger"
            LayoutTableRow {TR} at (0,28) size 630x24
              LayoutTableCell {TD} at (2,29) size 106x22 [r=1 c=0 rs=1 cs=1]
                LayoutInline {B} at (0,0) size 104x19
                  LayoutText {#text} at (1,1) size 104x19
                    text run at (1,1) width 104: "Run Test Case:"
              LayoutTableCell {TD} at (110,29) size 426x22 [r=1 c=1 rs=1 cs=1]
                LayoutMenuList {SELECT} at (1,1) size 271x20 [bgcolor=#C0C0C0] [border: (1px solid #A9A9A9)]
                  LayoutBlockFlow (anonymous) at (1,1) size 269x18
                    LayoutText (anonymous) at (4,1) size 77x16
                      text run at (4,1) width 77: "a_abortinstall"
                LayoutText {#text} at (0,0) size 0x0
              LayoutTableCell {TD} at (538,28) size 90x24 [r=1 c=2 rs=1 cs=1]
                LayoutButton {INPUT} at (1,1) size 87.52x22 [bgcolor=#C0C0C0] [border: (2px outset #C0C0C0)]
                  LayoutBlockFlow (anonymous) at (8,3) size 71.52x16
                    LayoutText {#text} at (0,0) size 72x16
                      text run at (0,0) width 72: "Trigger case"
layer at (121,71) size 420x16
  LayoutBlockFlow {DIV} at (2,3) size 420x16
    LayoutText {#text} at (0,0) size 101x16
      text run at (0,0) width 101: "http://jimbob/jars/"
