layer at (0,0) size 800x600
  LayoutView at (0,0) size 800x600
layer at (0,0) size 800x600
  LayoutBlockFlow {HTML} at (0,0) size 800x600
    LayoutBlockFlow {BODY} at (8,8) size 784x584 [bgcolor=#FFFFFF]
      LayoutTable {TABLE} at (0,0) size 506x52
        LayoutBlockFlow {CAPTION} at (0,0) size 506x26 [border: (3px solid #000000)]
          LayoutText {#text} at (106,3) size 294x19
            text run at (106,3) width 7 RTL: "?"
            text run at (113,3) width 287: "is the question mark on the left side with style"
        LayoutTableSection {TBODY} at (0,26) size 506x26
          LayoutTableRow {TR} at (0,2) size 506x22
            LayoutTableCell {TD} at (2,2) size 502x22 [r=0 c=0 rs=1 cs=1]
              LayoutText {#text} at (1,1) size 56x19
                text run at (1,1) width 56: "table cell"
      LayoutTable {TABLE} at (0,52) size 506x52
        LayoutBlockFlow {CAPTION} at (0,0) size 506x26 [border: (3px solid #000000)]
          LayoutText {#text} at (96,3) size 314x19
            text run at (96,3) width 7 RTL: "?"
            text run at (103,3) width 307: "is the question mark on the left side without style"
        LayoutTableSection {TBODY} at (0,26) size 506x26
          LayoutTableRow {TR} at (0,2) size 506x22
            LayoutTableCell {TD} at (2,2) size 502x22 [r=0 c=0 rs=1 cs=1]
              LayoutText {#text} at (1,1) size 56x19
                text run at (1,1) width 56: "table cell"
