layer at (0,0) size 800x600
  LayoutView at (0,0) size 800x600
layer at (0,0) size 800x600
  LayoutBlockFlow {HTML} at (0,0) size 800x600
    LayoutBlockFlow {BODY} at (8,8) size 784x576
      LayoutBlockFlow {FORM} at (0,0) size 784x26
        LayoutTable {TABLE} at (0,0) size 672x26 [bgcolor=#FFE030] [border: (1px outset #808080)]
          LayoutTableSection {TBODY} at (1,1) size 670x24
            LayoutTableRow {TR} at (0,0) size 670x24
              LayoutTableCell {TD} at (0,0) size 670x24 [border: (1px inset #808080)] [r=0 c=0 rs=1 cs=1]
                LayoutInline {NOBR} at (0,0) size 668x19
                  LayoutTextControl {INPUT} at (1,1) size 214x22 [bgcolor=#FFFFFF] [border: (2px inset #EEEEEE)]
                  LayoutText {#text} at (215,2) size 13x19
                    text run at (215,2) width 13: " - "
                  LayoutTextControl {INPUT} at (228,1) size 214x22 [bgcolor=#FFFFFF] [border: (2px inset #EEEEEE)]
                  LayoutText {#text} at (442,2) size 13x19
                    text run at (442,2) width 13: " - "
                  LayoutTextControl {INPUT} at (455,1) size 214x22 [bgcolor=#FFFFFF] [border: (2px inset #EEEEEE)]
                LayoutText {#text} at (0,0) size 0x0
            LayoutTableRow {TR} at (0,24) size 670x0
layer at (12,13) size 210x16
  LayoutBlockFlow {DIV} at (2,3) size 210x16
layer at (239,13) size 210x16
  LayoutBlockFlow {DIV} at (2,3) size 210x16
layer at (466,13) size 210x16
  LayoutBlockFlow {DIV} at (2,3) size 210x16
