layer at (0,0) size 800x600
  LayoutView at (0,0) size 800x600
layer at (0,0) size 800x42
  LayoutBlockFlow {HTML} at (0,0) size 800x42
    LayoutBlockFlow {BODY} at (8,8) size 784x26
      LayoutTable {TABLE} at (0,0) size 107x26
        LayoutTableSection {TBODY} at (0,0) size 107x26
          LayoutTableRow {TR} at (0,2) size 107x22
            LayoutTableCell {TD} at (2,2) size 29x22 [r=0 c=0 rs=1 cs=1]
              LayoutText {#text} at (1,1) size 27x19
                text run at (1,1) width 27: "One"
            LayoutTableCell {TD} at (33,2) size 31x22 [r=0 c=1 rs=1 cs=1]
              LayoutText {#text} at (1,1) size 29x19
                text run at (1,1) width 29: "Two"
            LayoutTableCell {TD} at (66,2) size 39x22 [r=0 c=2 rs=1 cs=1]
              LayoutText {#text} at (1,1) size 37x19
                text run at (1,1) width 37: "Three"
