layer at (0,0) size 800x600 clip at (0,0) size 785x600 scrollHeight 7328
  LayoutView at (0,0) size 800x600
layer at (0,0) size 785x7328 backgroundClip at (0,0) size 785x600 clip at (0,0) size 785x600
  LayoutBlockFlow {HTML} at (0,0) size 785x7327.88
    LayoutBlockFlow {BODY} at (8,21.44) size 769x7290.44
      LayoutBlockFlow {H1} at (0,0) size 769x37
        LayoutText {#text} at (0,0) size 252x36
          text run at (0,0) width 252: "table-layout: fixed"
      LayoutBlockFlow {P} at (0,58.44) size 769x20
        LayoutText {#text} at (0,0) size 562x19
          text run at (0,0) width 562: "The following tables should be laid out in the traditional manner because their widths are "
        LayoutInline {CODE} at (0,0) size 32x16
          LayoutText {#text} at (562,3) size 32x16
            text run at (562,3) width 32: "auto"
        LayoutText {#text} at (594,0) size 4x19
          text run at (594,0) width 4: ":"
      LayoutTable {TABLE} at (0,94.44) size 110x54
        LayoutTableSection {TBODY} at (0,0) size 110x54
          LayoutTableRow {TR} at (0,2) size 110x24
            LayoutTableCell {TD} at (2,2) size 34x24 [border: (1px solid #000000)] [r=0 c=0 rs=1 cs=1]
              LayoutText {#text} at (2,2) size 30x19
                text run at (2,2) width 30: "Data"
            LayoutTableCell {TD} at (38,2) size 34x24 [border: (1px solid #000000)] [r=0 c=1 rs=1 cs=1]
              LayoutText {#text} at (2,2) size 30x19
                text run at (2,2) width 30: "Data"
            LayoutTableCell {TD} at (74,2) size 34x24 [border: (1px solid #000000)] [r=0 c=2 rs=1 cs=1]
              LayoutText {#text} at (2,2) size 30x19
                text run at (2,2) width 30: "Data"
          LayoutTableRow {TR} at (0,28) size 110x24
            LayoutTableCell {TD} at (2,28) size 34x24 [border: (1px solid #000000)] [r=1 c=0 rs=1 cs=1]
              LayoutText {#text} at (2,2) size 30x19
                text run at (2,2) width 30: "Data"
            LayoutTableCell {TD} at (38,28) size 34x24 [border: (1px solid #000000)] [r=1 c=1 rs=1 cs=1]
              LayoutText {#text} at (2,2) size 30x19
                text run at (2,2) width 30: "Data"
            LayoutTableCell {TD} at (74,28) size 34x24 [border: (1px solid #000000)] [r=1 c=2 rs=1 cs=1]
              LayoutText {#text} at (2,2) size 30x19
                text run at (2,2) width 30: "Data"
      LayoutTable {TABLE} at (0,148.44) size 769x374
        LayoutTableSection {TBODY} at (0,0) size 769x374
          LayoutTableRow {TR} at (0,2) size 769x24
            LayoutTableCell {TD} at (2,2) size 34x24 [border: (1px solid #000000)] [r=0 c=0 rs=1 cs=1]
              LayoutText {#text} at (2,2) size 30x19
                text run at (2,2) width 30: "Data"
            LayoutTableCell {TD} at (38,2) size 34x24 [border: (1px solid #000000)] [r=0 c=1 rs=1 cs=1]
              LayoutText {#text} at (2,2) size 30x19
                text run at (2,2) width 30: "Data"
            LayoutTableCell {TD} at (74,2) size 693x24 [border: (1px solid #000000)] [r=0 c=2 rs=1 cs=1]
              LayoutText {#text} at (2,2) size 30x19
                text run at (2,2) width 30: "Data"
          LayoutTableRow {TR} at (0,28) size 769x344
            LayoutTableCell {TD} at (2,188) size 34x24 [border: (1px solid #000000)] [r=1 c=0 rs=1 cs=1]
              LayoutText {#text} at (2,2) size 30x19
                text run at (2,2) width 30: "Data"
            LayoutTableCell {TD} at (38,188) size 34x24 [border: (1px solid #000000)] [r=1 c=1 rs=1 cs=1]
              LayoutText {#text} at (2,2) size 30x19
                text run at (2,2) width 30: "Data"
            LayoutTableCell {TD} at (74,28) size 693x344 [border: (1px solid #000000)] [r=1 c=2 rs=1 cs=1]
              LayoutText {#text} at (2,2) size 686x339
                text run at (2,2) width 189: "Lots and lots and lots of data. "
                text run at (191,2) width 189: "Lots and lots and lots of data. "
                text run at (380,2) width 189: "Lots and lots and lots of data. "
                text run at (569,2) width 108: "Lots and lots and"
                text run at (2,22) width 77: "lots of data. "
                text run at (79,22) width 189: "Lots and lots and lots of data. "
                text run at (268,22) width 189: "Lots and lots and lots of data. "
                text run at (457,22) width 189: "Lots and lots and lots of data. "
                text run at (646,22) width 28: "Lots"
                text run at (2,42) width 157: "and lots and lots of data. "
                text run at (159,42) width 189: "Lots and lots and lots of data. "
                text run at (348,42) width 189: "Lots and lots and lots of data. "
                text run at (537,42) width 151: "Lots and lots and lots of"
                text run at (2,62) width 34: "data. "
                text run at (36,62) width 189: "Lots and lots and lots of data. "
                text run at (225,62) width 189: "Lots and lots and lots of data. "
                text run at (414,62) width 189: "Lots and lots and lots of data. "
                text run at (603,62) width 81: "Lots and lots"
                text run at (2,82) width 104: "and lots of data. "
                text run at (106,82) width 189: "Lots and lots and lots of data. "
                text run at (295,82) width 189: "Lots and lots and lots of data. "
                text run at (484,82) width 185: "Lots and lots and lots of data."
                text run at (2,102) width 189: "Lots and lots and lots of data. "
                text run at (191,102) width 189: "Lots and lots and lots of data. "
                text run at (380,102) width 189: "Lots and lots and lots of data. "
                text run at (569,102) width 108: "Lots and lots and"
                text run at (2,122) width 77: "lots of data. "
                text run at (79,122) width 189: "Lots and lots and lots of data. "
                text run at (268,122) width 189: "Lots and lots and lots of data. "
                text run at (457,122) width 189: "Lots and lots and lots of data. "
                text run at (646,122) width 28: "Lots"
                text run at (2,142) width 157: "and lots and lots of data. "
                text run at (159,142) width 189: "Lots and lots and lots of data. "
                text run at (348,142) width 189: "Lots and lots and lots of data. "
                text run at (537,142) width 151: "Lots and lots and lots of"
                text run at (2,162) width 34: "data. "
                text run at (36,162) width 189: "Lots and lots and lots of data. "
                text run at (225,162) width 189: "Lots and lots and lots of data. "
                text run at (414,162) width 189: "Lots and lots and lots of data. "
                text run at (603,162) width 81: "Lots and lots"
                text run at (2,182) width 104: "and lots of data. "
                text run at (106,182) width 189: "Lots and lots and lots of data. "
                text run at (295,182) width 189: "Lots and lots and lots of data. "
                text run at (484,182) width 185: "Lots and lots and lots of data."
                text run at (2,202) width 189: "Lots and lots and lots of data. "
                text run at (191,202) width 189: "Lots and lots and lots of data. "
                text run at (380,202) width 189: "Lots and lots and lots of data. "
                text run at (569,202) width 108: "Lots and lots and"
                text run at (2,222) width 77: "lots of data. "
                text run at (79,222) width 189: "Lots and lots and lots of data. "
                text run at (268,222) width 189: "Lots and lots and lots of data. "
                text run at (457,222) width 189: "Lots and lots and lots of data. "
                text run at (646,222) width 28: "Lots"
                text run at (2,242) width 157: "and lots and lots of data. "
                text run at (159,242) width 189: "Lots and lots and lots of data. "
                text run at (348,242) width 189: "Lots and lots and lots of data. "
                text run at (537,242) width 151: "Lots and lots and lots of"
                text run at (2,262) width 34: "data. "
                text run at (36,262) width 189: "Lots and lots and lots of data. "
                text run at (225,262) width 189: "Lots and lots and lots of data. "
                text run at (414,262) width 189: "Lots and lots and lots of data. "
                text run at (603,262) width 81: "Lots and lots"
                text run at (2,282) width 104: "and lots of data. "
                text run at (106,282) width 189: "Lots and lots and lots of data. "
                text run at (295,282) width 189: "Lots and lots and lots of data. "
                text run at (484,282) width 185: "Lots and lots and lots of data."
                text run at (2,302) width 189: "Lots and lots and lots of data. "
                text run at (191,302) width 189: "Lots and lots and lots of data. "
                text run at (380,302) width 189: "Lots and lots and lots of data. "
                text run at (569,302) width 108: "Lots and lots and"
                text run at (2,322) width 77: "lots of data. "
                text run at (79,322) width 189: "Lots and lots and lots of data. "
                text run at (268,322) width 185: "Lots and lots and lots of data."
      LayoutTable {TABLE} at (0,522.44) size 769x374
        LayoutTableSection {TBODY} at (0,0) size 769x374
          LayoutTableRow {TR} at (0,2) size 769x344
            LayoutTableCell {TD} at (2,162) size 34x24 [border: (1px solid #000000)] [r=0 c=0 rs=1 cs=1]
              LayoutText {#text} at (2,2) size 30x19
                text run at (2,2) width 30: "Data"
            LayoutTableCell {TD} at (38,162) size 34x24 [border: (1px solid #000000)] [r=0 c=1 rs=1 cs=1]
              LayoutText {#text} at (2,2) size 30x19
                text run at (2,2) width 30: "Data"
            LayoutTableCell {TD} at (74,2) size 693x344 [border: (1px solid #000000)] [r=0 c=2 rs=1 cs=1]
              LayoutText {#text} at (2,2) size 686x339
                text run at (2,2) width 189: "Lots and lots and lots of data. "
                text run at (191,2) width 189: "Lots and lots and lots of data. "
                text run at (380,2) width 189: "Lots and lots and lots of data. "
                text run at (569,2) width 108: "Lots and lots and"
                text run at (2,22) width 77: "lots of data. "
                text run at (79,22) width 189: "Lots and lots and lots of data. "
                text run at (268,22) width 189: "Lots and lots and lots of data. "
                text run at (457,22) width 189: "Lots and lots and lots of data. "
                text run at (646,22) width 28: "Lots"
                text run at (2,42) width 157: "and lots and lots of data. "
                text run at (159,42) width 189: "Lots and lots and lots of data. "
                text run at (348,42) width 189: "Lots and lots and lots of data. "
                text run at (537,42) width 151: "Lots and lots and lots of"
                text run at (2,62) width 34: "data. "
                text run at (36,62) width 189: "Lots and lots and lots of data. "
                text run at (225,62) width 189: "Lots and lots and lots of data. "
                text run at (414,62) width 189: "Lots and lots and lots of data. "
                text run at (603,62) width 81: "Lots and lots"
                text run at (2,82) width 104: "and lots of data. "
                text run at (106,82) width 189: "Lots and lots and lots of data. "
                text run at (295,82) width 189: "Lots and lots and lots of data. "
                text run at (484,82) width 185: "Lots and lots and lots of data."
                text run at (2,102) width 189: "Lots and lots and lots of data. "
                text run at (191,102) width 189: "Lots and lots and lots of data. "
                text run at (380,102) width 189: "Lots and lots and lots of data. "
                text run at (569,102) width 108: "Lots and lots and"
                text run at (2,122) width 77: "lots of data. "
                text run at (79,122) width 189: "Lots and lots and lots of data. "
                text run at (268,122) width 189: "Lots and lots and lots of data. "
                text run at (457,122) width 189: "Lots and lots and lots of data. "
                text run at (646,122) width 28: "Lots"
                text run at (2,142) width 157: "and lots and lots of data. "
                text run at (159,142) width 189: "Lots and lots and lots of data. "
                text run at (348,142) width 189: "Lots and lots and lots of data. "
                text run at (537,142) width 151: "Lots and lots and lots of"
                text run at (2,162) width 34: "data. "
                text run at (36,162) width 189: "Lots and lots and lots of data. "
                text run at (225,162) width 189: "Lots and lots and lots of data. "
                text run at (414,162) width 189: "Lots and lots and lots of data. "
                text run at (603,162) width 81: "Lots and lots"
                text run at (2,182) width 104: "and lots of data. "
                text run at (106,182) width 189: "Lots and lots and lots of data. "
                text run at (295,182) width 189: "Lots and lots and lots of data. "
                text run at (484,182) width 185: "Lots and lots and lots of data."
                text run at (2,202) width 189: "Lots and lots and lots of data. "
                text run at (191,202) width 189: "Lots and lots and lots of data. "
                text run at (380,202) width 189: "Lots and lots and lots of data. "
                text run at (569,202) width 108: "Lots and lots and"
                text run at (2,222) width 77: "lots of data. "
                text run at (79,222) width 189: "Lots and lots and lots of data. "
                text run at (268,222) width 189: "Lots and lots and lots of data. "
                text run at (457,222) width 189: "Lots and lots and lots of data. "
                text run at (646,222) width 28: "Lots"
                text run at (2,242) width 157: "and lots and lots of data. "
                text run at (159,242) width 189: "Lots and lots and lots of data. "
                text run at (348,242) width 189: "Lots and lots and lots of data. "
                text run at (537,242) width 151: "Lots and lots and lots of"
                text run at (2,262) width 34: "data. "
                text run at (36,262) width 189: "Lots and lots and lots of data. "
                text run at (225,262) width 189: "Lots and lots and lots of data. "
                text run at (414,262) width 189: "Lots and lots and lots of data. "
                text run at (603,262) width 81: "Lots and lots"
                text run at (2,282) width 104: "and lots of data. "
                text run at (106,282) width 189: "Lots and lots and lots of data. "
                text run at (295,282) width 189: "Lots and lots and lots of data. "
                text run at (484,282) width 185: "Lots and lots and lots of data."
                text run at (2,302) width 189: "Lots and lots and lots of data. "
                text run at (191,302) width 189: "Lots and lots and lots of data. "
                text run at (380,302) width 189: "Lots and lots and lots of data. "
                text run at (569,302) width 108: "Lots and lots and"
                text run at (2,322) width 77: "lots of data. "
                text run at (79,322) width 189: "Lots and lots and lots of data. "
                text run at (268,322) width 185: "Lots and lots and lots of data."
          LayoutTableRow {TR} at (0,348) size 769x24
            LayoutTableCell {TD} at (2,348) size 34x24 [border: (1px solid #000000)] [r=1 c=0 rs=1 cs=1]
              LayoutText {#text} at (2,2) size 30x19
                text run at (2,2) width 30: "Data"
            LayoutTableCell {TD} at (38,348) size 34x24 [border: (1px solid #000000)] [r=1 c=1 rs=1 cs=1]
              LayoutText {#text} at (2,2) size 30x19
                text run at (2,2) width 30: "Data"
            LayoutTableCell {TD} at (74,348) size 693x24 [border: (1px solid #000000)] [r=1 c=2 rs=1 cs=1]
              LayoutText {#text} at (2,2) size 30x19
                text run at (2,2) width 30: "Data"
      LayoutBlockFlow {P} at (0,912.44) size 769x20
        LayoutText {#text} at (0,0) size 749x19
          text run at (0,0) width 749: "All the columns in the following three tables should divide equally the available space (100% of the width of the page):"
      LayoutTable {TABLE} at (0,948.44) size 769x54
        LayoutTableSection {TBODY} at (0,0) size 769x54
          LayoutTableRow {TR} at (0,2) size 769x24
            LayoutTableCell {TD} at (2,2) size 253x24 [border: (1px solid #000000)] [r=0 c=0 rs=1 cs=1]
              LayoutText {#text} at (2,2) size 30x19
                text run at (2,2) width 30: "Data"
            LayoutTableCell {TD} at (257,2) size 254x24 [border: (1px solid #000000)] [r=0 c=1 rs=1 cs=1]
              LayoutText {#text} at (2,2) size 30x19
                text run at (2,2) width 30: "Data"
            LayoutTableCell {TD} at (513,2) size 254x24 [border: (1px solid #000000)] [r=0 c=2 rs=1 cs=1]
              LayoutText {#text} at (2,2) size 30x19
                text run at (2,2) width 30: "Data"
          LayoutTableRow {TR} at (0,28) size 769x24
            LayoutTableCell {TD} at (2,28) size 253x24 [border: (1px solid #000000)] [r=1 c=0 rs=1 cs=1]
              LayoutText {#text} at (2,2) size 30x19
                text run at (2,2) width 30: "Data"
            LayoutTableCell {TD} at (257,28) size 254x24 [border: (1px solid #000000)] [r=1 c=1 rs=1 cs=1]
              LayoutText {#text} at (2,2) size 30x19
                text run at (2,2) width 30: "Data"
            LayoutTableCell {TD} at (513,28) size 254x24 [border: (1px solid #000000)] [r=1 c=2 rs=1 cs=1]
              LayoutText {#text} at (2,2) size 30x19
                text run at (2,2) width 30: "Data"
      LayoutTable {TABLE} at (0,1002.44) size 769x994
        LayoutTableSection {TBODY} at (0,0) size 769x994
          LayoutTableRow {TR} at (0,2) size 769x24
            LayoutTableCell {TD} at (2,2) size 253x24 [border: (1px solid #000000)] [r=0 c=0 rs=1 cs=1]
              LayoutText {#text} at (2,2) size 30x19
                text run at (2,2) width 30: "Data"
            LayoutTableCell {TD} at (257,2) size 254x24 [border: (1px solid #000000)] [r=0 c=1 rs=1 cs=1]
              LayoutText {#text} at (2,2) size 30x19
                text run at (2,2) width 30: "Data"
            LayoutTableCell {TD} at (513,2) size 254x24 [border: (1px solid #000000)] [r=0 c=2 rs=1 cs=1]
              LayoutText {#text} at (2,2) size 30x19
                text run at (2,2) width 30: "Data"
          LayoutTableRow {TR} at (0,28) size 769x964
            LayoutTableCell {TD} at (2,498) size 253x24 [border: (1px solid #000000)] [r=1 c=0 rs=1 cs=1]
              LayoutText {#text} at (2,2) size 30x19
                text run at (2,2) width 30: "Data"
            LayoutTableCell {TD} at (257,498) size 254x24 [border: (1px solid #000000)] [r=1 c=1 rs=1 cs=1]
              LayoutText {#text} at (2,2) size 30x19
                text run at (2,2) width 30: "Data"
            LayoutTableCell {TD} at (513,28) size 254x964 [border: (1px solid #000000)] [r=1 c=2 rs=1 cs=1]
              LayoutText {#text} at (2,2) size 244x959
                text run at (2,2) width 189: "Lots and lots and lots of data. "
                text run at (191,2) width 55: "Lots and"
                text run at (2,22) width 130: "lots and lots of data. "
                text run at (132,22) width 108: "Lots and lots and"
                text run at (2,42) width 77: "lots of data. "
                text run at (79,42) width 151: "Lots and lots and lots of"
                text run at (2,62) width 34: "data. "
                text run at (36,62) width 185: "Lots and lots and lots of data."
                text run at (2,82) width 189: "Lots and lots and lots of data. "
                text run at (191,82) width 55: "Lots and"
                text run at (2,102) width 130: "lots and lots of data. "
                text run at (132,102) width 108: "Lots and lots and"
                text run at (2,122) width 77: "lots of data. "
                text run at (79,122) width 151: "Lots and lots and lots of"
                text run at (2,142) width 34: "data. "
                text run at (36,142) width 185: "Lots and lots and lots of data."
                text run at (2,162) width 189: "Lots and lots and lots of data. "
                text run at (191,162) width 55: "Lots and"
                text run at (2,182) width 130: "lots and lots of data. "
                text run at (132,182) width 108: "Lots and lots and"
                text run at (2,202) width 77: "lots of data. "
                text run at (79,202) width 151: "Lots and lots and lots of"
                text run at (2,222) width 34: "data. "
                text run at (36,222) width 185: "Lots and lots and lots of data."
                text run at (2,242) width 189: "Lots and lots and lots of data. "
                text run at (191,242) width 55: "Lots and"
                text run at (2,262) width 130: "lots and lots of data. "
                text run at (132,262) width 108: "Lots and lots and"
                text run at (2,282) width 77: "lots of data. "
                text run at (79,282) width 151: "Lots and lots and lots of"
                text run at (2,302) width 34: "data. "
                text run at (36,302) width 185: "Lots and lots and lots of data."
                text run at (2,322) width 189: "Lots and lots and lots of data. "
                text run at (191,322) width 55: "Lots and"
                text run at (2,342) width 130: "lots and lots of data. "
                text run at (132,342) width 108: "Lots and lots and"
                text run at (2,362) width 77: "lots of data. "
                text run at (79,362) width 151: "Lots and lots and lots of"
                text run at (2,382) width 34: "data. "
                text run at (36,382) width 185: "Lots and lots and lots of data."
                text run at (2,402) width 189: "Lots and lots and lots of data. "
                text run at (191,402) width 55: "Lots and"
                text run at (2,422) width 130: "lots and lots of data. "
                text run at (132,422) width 108: "Lots and lots and"
                text run at (2,442) width 77: "lots of data. "
                text run at (79,442) width 151: "Lots and lots and lots of"
                text run at (2,462) width 34: "data. "
                text run at (36,462) width 185: "Lots and lots and lots of data."
                text run at (2,482) width 189: "Lots and lots and lots of data. "
                text run at (191,482) width 55: "Lots and"
                text run at (2,502) width 130: "lots and lots of data. "
                text run at (132,502) width 108: "Lots and lots and"
                text run at (2,522) width 77: "lots of data. "
                text run at (79,522) width 151: "Lots and lots and lots of"
                text run at (2,542) width 34: "data. "
                text run at (36,542) width 185: "Lots and lots and lots of data."
                text run at (2,562) width 189: "Lots and lots and lots of data. "
                text run at (191,562) width 55: "Lots and"
                text run at (2,582) width 130: "lots and lots of data. "
                text run at (132,582) width 108: "Lots and lots and"
                text run at (2,602) width 77: "lots of data. "
                text run at (79,602) width 151: "Lots and lots and lots of"
                text run at (2,622) width 34: "data. "
                text run at (36,622) width 185: "Lots and lots and lots of data."
                text run at (2,642) width 189: "Lots and lots and lots of data. "
                text run at (191,642) width 55: "Lots and"
                text run at (2,662) width 130: "lots and lots of data. "
                text run at (132,662) width 108: "Lots and lots and"
                text run at (2,682) width 77: "lots of data. "
                text run at (79,682) width 151: "Lots and lots and lots of"
                text run at (2,702) width 34: "data. "
                text run at (36,702) width 185: "Lots and lots and lots of data."
                text run at (2,722) width 189: "Lots and lots and lots of data. "
                text run at (191,722) width 55: "Lots and"
                text run at (2,742) width 130: "lots and lots of data. "
                text run at (132,742) width 108: "Lots and lots and"
                text run at (2,762) width 77: "lots of data. "
                text run at (79,762) width 151: "Lots and lots and lots of"
                text run at (2,782) width 34: "data. "
                text run at (36,782) width 185: "Lots and lots and lots of data."
                text run at (2,802) width 189: "Lots and lots and lots of data. "
                text run at (191,802) width 55: "Lots and"
                text run at (2,822) width 130: "lots and lots of data. "
                text run at (132,822) width 108: "Lots and lots and"
                text run at (2,842) width 77: "lots of data. "
                text run at (79,842) width 151: "Lots and lots and lots of"
                text run at (2,862) width 34: "data. "
                text run at (36,862) width 185: "Lots and lots and lots of data."
                text run at (2,882) width 189: "Lots and lots and lots of data. "
                text run at (191,882) width 55: "Lots and"
                text run at (2,902) width 130: "lots and lots of data. "
                text run at (132,902) width 108: "Lots and lots and"
                text run at (2,922) width 77: "lots of data. "
                text run at (79,922) width 151: "Lots and lots and lots of"
                text run at (2,942) width 34: "data. "
                text run at (36,942) width 185: "Lots and lots and lots of data."
      LayoutTable {TABLE} at (0,1996.44) size 769x994
        LayoutTableSection {TBODY} at (0,0) size 769x994
          LayoutTableRow {TR} at (0,2) size 769x964
            LayoutTableCell {TD} at (2,472) size 253x24 [border: (1px solid #000000)] [r=0 c=0 rs=1 cs=1]
              LayoutText {#text} at (2,2) size 30x19
                text run at (2,2) width 30: "Data"
            LayoutTableCell {TD} at (257,472) size 254x24 [border: (1px solid #000000)] [r=0 c=1 rs=1 cs=1]
              LayoutText {#text} at (2,2) size 30x19
                text run at (2,2) width 30: "Data"
            LayoutTableCell {TD} at (513,2) size 254x964 [border: (1px solid #000000)] [r=0 c=2 rs=1 cs=1]
              LayoutText {#text} at (2,2) size 244x959
                text run at (2,2) width 189: "Lots and lots and lots of data. "
                text run at (191,2) width 55: "Lots and"
                text run at (2,22) width 130: "lots and lots of data. "
                text run at (132,22) width 108: "Lots and lots and"
                text run at (2,42) width 77: "lots of data. "
                text run at (79,42) width 151: "Lots and lots and lots of"
                text run at (2,62) width 34: "data. "
                text run at (36,62) width 185: "Lots and lots and lots of data."
                text run at (2,82) width 189: "Lots and lots and lots of data. "
                text run at (191,82) width 55: "Lots and"
                text run at (2,102) width 130: "lots and lots of data. "
                text run at (132,102) width 108: "Lots and lots and"
                text run at (2,122) width 77: "lots of data. "
                text run at (79,122) width 151: "Lots and lots and lots of"
                text run at (2,142) width 34: "data. "
                text run at (36,142) width 185: "Lots and lots and lots of data."
                text run at (2,162) width 189: "Lots and lots and lots of data. "
                text run at (191,162) width 55: "Lots and"
                text run at (2,182) width 130: "lots and lots of data. "
                text run at (132,182) width 108: "Lots and lots and"
                text run at (2,202) width 77: "lots of data. "
                text run at (79,202) width 151: "Lots and lots and lots of"
                text run at (2,222) width 34: "data. "
                text run at (36,222) width 185: "Lots and lots and lots of data."
                text run at (2,242) width 189: "Lots and lots and lots of data. "
                text run at (191,242) width 55: "Lots and"
                text run at (2,262) width 130: "lots and lots of data. "
                text run at (132,262) width 108: "Lots and lots and"
                text run at (2,282) width 77: "lots of data. "
                text run at (79,282) width 151: "Lots and lots and lots of"
                text run at (2,302) width 34: "data. "
                text run at (36,302) width 185: "Lots and lots and lots of data."
                text run at (2,322) width 189: "Lots and lots and lots of data. "
                text run at (191,322) width 55: "Lots and"
                text run at (2,342) width 130: "lots and lots of data. "
                text run at (132,342) width 108: "Lots and lots and"
                text run at (2,362) width 77: "lots of data. "
                text run at (79,362) width 151: "Lots and lots and lots of"
                text run at (2,382) width 34: "data. "
                text run at (36,382) width 185: "Lots and lots and lots of data."
                text run at (2,402) width 189: "Lots and lots and lots of data. "
                text run at (191,402) width 55: "Lots and"
                text run at (2,422) width 130: "lots and lots of data. "
                text run at (132,422) width 108: "Lots and lots and"
                text run at (2,442) width 77: "lots of data. "
                text run at (79,442) width 151: "Lots and lots and lots of"
                text run at (2,462) width 34: "data. "
                text run at (36,462) width 185: "Lots and lots and lots of data."
                text run at (2,482) width 189: "Lots and lots and lots of data. "
                text run at (191,482) width 55: "Lots and"
                text run at (2,502) width 130: "lots and lots of data. "
                text run at (132,502) width 108: "Lots and lots and"
                text run at (2,522) width 77: "lots of data. "
                text run at (79,522) width 151: "Lots and lots and lots of"
                text run at (2,542) width 34: "data. "
                text run at (36,542) width 185: "Lots and lots and lots of data."
                text run at (2,562) width 189: "Lots and lots and lots of data. "
                text run at (191,562) width 55: "Lots and"
                text run at (2,582) width 130: "lots and lots of data. "
                text run at (132,582) width 108: "Lots and lots and"
                text run at (2,602) width 77: "lots of data. "
                text run at (79,602) width 151: "Lots and lots and lots of"
                text run at (2,622) width 34: "data. "
                text run at (36,622) width 185: "Lots and lots and lots of data."
                text run at (2,642) width 189: "Lots and lots and lots of data. "
                text run at (191,642) width 55: "Lots and"
                text run at (2,662) width 130: "lots and lots of data. "
                text run at (132,662) width 108: "Lots and lots and"
                text run at (2,682) width 77: "lots of data. "
                text run at (79,682) width 151: "Lots and lots and lots of"
                text run at (2,702) width 34: "data. "
                text run at (36,702) width 185: "Lots and lots and lots of data."
                text run at (2,722) width 189: "Lots and lots and lots of data. "
                text run at (191,722) width 55: "Lots and"
                text run at (2,742) width 130: "lots and lots of data. "
                text run at (132,742) width 108: "Lots and lots and"
                text run at (2,762) width 77: "lots of data. "
                text run at (79,762) width 151: "Lots and lots and lots of"
                text run at (2,782) width 34: "data. "
                text run at (36,782) width 185: "Lots and lots and lots of data."
                text run at (2,802) width 189: "Lots and lots and lots of data. "
                text run at (191,802) width 55: "Lots and"
                text run at (2,822) width 130: "lots and lots of data. "
                text run at (132,822) width 108: "Lots and lots and"
                text run at (2,842) width 77: "lots of data. "
                text run at (79,842) width 151: "Lots and lots and lots of"
                text run at (2,862) width 34: "data. "
                text run at (36,862) width 185: "Lots and lots and lots of data."
                text run at (2,882) width 189: "Lots and lots and lots of data. "
                text run at (191,882) width 55: "Lots and"
                text run at (2,902) width 130: "lots and lots of data. "
                text run at (132,902) width 108: "Lots and lots and"
                text run at (2,922) width 77: "lots of data. "
                text run at (79,922) width 151: "Lots and lots and lots of"
                text run at (2,942) width 34: "data. "
                text run at (36,942) width 185: "Lots and lots and lots of data."
          LayoutTableRow {TR} at (0,968) size 769x24
            LayoutTableCell {TD} at (2,968) size 253x24 [border: (1px solid #000000)] [r=1 c=0 rs=1 cs=1]
              LayoutText {#text} at (2,2) size 30x19
                text run at (2,2) width 30: "Data"
            LayoutTableCell {TD} at (257,968) size 254x24 [border: (1px solid #000000)] [r=1 c=1 rs=1 cs=1]
              LayoutText {#text} at (2,2) size 30x19
                text run at (2,2) width 30: "Data"
            LayoutTableCell {TD} at (513,968) size 254x24 [border: (1px solid #000000)] [r=1 c=2 rs=1 cs=1]
              LayoutText {#text} at (2,2) size 30x19
                text run at (2,2) width 30: "Data"
      LayoutBlockFlow {P} at (0,3006.44) size 769x20
        LayoutText {#text} at (0,0) size 741x19
          text run at (0,0) width 741: "All the columns in the following three tables should divide equally the available space (50% of the width of the page):"
      LayoutTable {TABLE} at (0,3042.44) size 384x54
        LayoutTableSection {TBODY} at (0,0) size 384x54
          LayoutTableRow {TR} at (0,2) size 384x24
            LayoutTableCell {TD} at (2,2) size 125x24 [border: (1px solid #000000)] [r=0 c=0 rs=1 cs=1]
              LayoutText {#text} at (2,2) size 30x19
                text run at (2,2) width 30: "Data"
            LayoutTableCell {TD} at (129,2) size 125x24 [border: (1px solid #000000)] [r=0 c=1 rs=1 cs=1]
              LayoutText {#text} at (2,2) size 30x19
                text run at (2,2) width 30: "Data"
            LayoutTableCell {TD} at (256,2) size 126x24 [border: (1px solid #000000)] [r=0 c=2 rs=1 cs=1]
              LayoutText {#text} at (2,2) size 30x19
                text run at (2,2) width 30: "Data"
          LayoutTableRow {TR} at (0,28) size 384x24
            LayoutTableCell {TD} at (2,28) size 125x24 [border: (1px solid #000000)] [r=1 c=0 rs=1 cs=1]
              LayoutText {#text} at (2,2) size 30x19
                text run at (2,2) width 30: "Data"
            LayoutTableCell {TD} at (129,28) size 125x24 [border: (1px solid #000000)] [r=1 c=1 rs=1 cs=1]
              LayoutText {#text} at (2,2) size 30x19
                text run at (2,2) width 30: "Data"
            LayoutTableCell {TD} at (256,28) size 126x24 [border: (1px solid #000000)] [r=1 c=2 rs=1 cs=1]
              LayoutText {#text} at (2,2) size 30x19
                text run at (2,2) width 30: "Data"
      LayoutTable {TABLE} at (0,3096.44) size 384x2034
        LayoutTableSection {TBODY} at (0,0) size 384x2034
          LayoutTableRow {TR} at (0,2) size 384x24
            LayoutTableCell {TD} at (2,2) size 125x24 [border: (1px solid #000000)] [r=0 c=0 rs=1 cs=1]
              LayoutText {#text} at (2,2) size 30x19
                text run at (2,2) width 30: "Data"
            LayoutTableCell {TD} at (129,2) size 125x24 [border: (1px solid #000000)] [r=0 c=1 rs=1 cs=1]
              LayoutText {#text} at (2,2) size 30x19
                text run at (2,2) width 30: "Data"
            LayoutTableCell {TD} at (256,2) size 126x24 [border: (1px solid #000000)] [r=0 c=2 rs=1 cs=1]
              LayoutText {#text} at (2,2) size 30x19
                text run at (2,2) width 30: "Data"
          LayoutTableRow {TR} at (0,28) size 384x2004
            LayoutTableCell {TD} at (2,1018) size 125x24 [border: (1px solid #000000)] [r=1 c=0 rs=1 cs=1]
              LayoutText {#text} at (2,2) size 30x19
                text run at (2,2) width 30: "Data"
            LayoutTableCell {TD} at (129,1018) size 125x24 [border: (1px solid #000000)] [r=1 c=1 rs=1 cs=1]
              LayoutText {#text} at (2,2) size 30x19
                text run at (2,2) width 30: "Data"
            LayoutTableCell {TD} at (256,28) size 126x2004 [border: (1px solid #000000)] [r=1 c=2 rs=1 cs=1]
              LayoutText {#text} at (2,2) size 119x1999
                text run at (2,2) width 108: "Lots and lots and"
                text run at (2,22) width 77: "lots of data. "
                text run at (79,22) width 28: "Lots"
                text run at (2,42) width 119: "and lots and lots of"
                text run at (2,62) width 34: "data. "
                text run at (36,62) width 81: "Lots and lots"
                text run at (2,82) width 100: "and lots of data."
                text run at (2,102) width 108: "Lots and lots and"
                text run at (2,122) width 77: "lots of data. "
                text run at (79,122) width 28: "Lots"
                text run at (2,142) width 119: "and lots and lots of"
                text run at (2,162) width 34: "data. "
                text run at (36,162) width 81: "Lots and lots"
                text run at (2,182) width 100: "and lots of data."
                text run at (2,202) width 108: "Lots and lots and"
                text run at (2,222) width 77: "lots of data. "
                text run at (79,222) width 28: "Lots"
                text run at (2,242) width 119: "and lots and lots of"
                text run at (2,262) width 34: "data. "
                text run at (36,262) width 81: "Lots and lots"
                text run at (2,282) width 100: "and lots of data."
                text run at (2,302) width 108: "Lots and lots and"
                text run at (2,322) width 77: "lots of data. "
                text run at (79,322) width 28: "Lots"
                text run at (2,342) width 119: "and lots and lots of"
                text run at (2,362) width 34: "data. "
                text run at (36,362) width 81: "Lots and lots"
                text run at (2,382) width 100: "and lots of data."
                text run at (2,402) width 108: "Lots and lots and"
                text run at (2,422) width 77: "lots of data. "
                text run at (79,422) width 28: "Lots"
                text run at (2,442) width 119: "and lots and lots of"
                text run at (2,462) width 34: "data. "
                text run at (36,462) width 81: "Lots and lots"
                text run at (2,482) width 100: "and lots of data."
                text run at (2,502) width 108: "Lots and lots and"
                text run at (2,522) width 77: "lots of data. "
                text run at (79,522) width 28: "Lots"
                text run at (2,542) width 119: "and lots and lots of"
                text run at (2,562) width 34: "data. "
                text run at (36,562) width 81: "Lots and lots"
                text run at (2,582) width 100: "and lots of data."
                text run at (2,602) width 108: "Lots and lots and"
                text run at (2,622) width 77: "lots of data. "
                text run at (79,622) width 28: "Lots"
                text run at (2,642) width 119: "and lots and lots of"
                text run at (2,662) width 34: "data. "
                text run at (36,662) width 81: "Lots and lots"
                text run at (2,682) width 100: "and lots of data."
                text run at (2,702) width 108: "Lots and lots and"
                text run at (2,722) width 77: "lots of data. "
                text run at (79,722) width 28: "Lots"
                text run at (2,742) width 119: "and lots and lots of"
                text run at (2,762) width 34: "data. "
                text run at (36,762) width 81: "Lots and lots"
                text run at (2,782) width 100: "and lots of data."
                text run at (2,802) width 108: "Lots and lots and"
                text run at (2,822) width 77: "lots of data. "
                text run at (79,822) width 28: "Lots"
                text run at (2,842) width 119: "and lots and lots of"
                text run at (2,862) width 34: "data. "
                text run at (36,862) width 81: "Lots and lots"
                text run at (2,882) width 100: "and lots of data."
                text run at (2,902) width 108: "Lots and lots and"
                text run at (2,922) width 77: "lots of data. "
                text run at (79,922) width 28: "Lots"
                text run at (2,942) width 119: "and lots and lots of"
                text run at (2,962) width 34: "data. "
                text run at (36,962) width 81: "Lots and lots"
                text run at (2,982) width 100: "and lots of data."
                text run at (2,1002) width 108: "Lots and lots and"
                text run at (2,1022) width 77: "lots of data. "
                text run at (79,1022) width 28: "Lots"
                text run at (2,1042) width 119: "and lots and lots of"
                text run at (2,1062) width 34: "data. "
                text run at (36,1062) width 81: "Lots and lots"
                text run at (2,1082) width 100: "and lots of data."
                text run at (2,1102) width 108: "Lots and lots and"
                text run at (2,1122) width 77: "lots of data. "
                text run at (79,1122) width 28: "Lots"
                text run at (2,1142) width 119: "and lots and lots of"
                text run at (2,1162) width 34: "data. "
                text run at (36,1162) width 81: "Lots and lots"
                text run at (2,1182) width 100: "and lots of data."
                text run at (2,1202) width 108: "Lots and lots and"
                text run at (2,1222) width 77: "lots of data. "
                text run at (79,1222) width 28: "Lots"
                text run at (2,1242) width 119: "and lots and lots of"
                text run at (2,1262) width 34: "data. "
                text run at (36,1262) width 81: "Lots and lots"
                text run at (2,1282) width 100: "and lots of data."
                text run at (2,1302) width 108: "Lots and lots and"
                text run at (2,1322) width 77: "lots of data. "
                text run at (79,1322) width 28: "Lots"
                text run at (2,1342) width 119: "and lots and lots of"
                text run at (2,1362) width 34: "data. "
                text run at (36,1362) width 81: "Lots and lots"
                text run at (2,1382) width 100: "and lots of data."
                text run at (2,1402) width 108: "Lots and lots and"
                text run at (2,1422) width 77: "lots of data. "
                text run at (79,1422) width 28: "Lots"
                text run at (2,1442) width 119: "and lots and lots of"
                text run at (2,1462) width 34: "data. "
                text run at (36,1462) width 81: "Lots and lots"
                text run at (2,1482) width 100: "and lots of data."
                text run at (2,1502) width 108: "Lots and lots and"
                text run at (2,1522) width 77: "lots of data. "
                text run at (79,1522) width 28: "Lots"
                text run at (2,1542) width 119: "and lots and lots of"
                text run at (2,1562) width 34: "data. "
                text run at (36,1562) width 81: "Lots and lots"
                text run at (2,1582) width 100: "and lots of data."
                text run at (2,1602) width 108: "Lots and lots and"
                text run at (2,1622) width 77: "lots of data. "
                text run at (79,1622) width 28: "Lots"
                text run at (2,1642) width 119: "and lots and lots of"
                text run at (2,1662) width 34: "data. "
                text run at (36,1662) width 81: "Lots and lots"
                text run at (2,1682) width 100: "and lots of data."
                text run at (2,1702) width 108: "Lots and lots and"
                text run at (2,1722) width 77: "lots of data. "
                text run at (79,1722) width 28: "Lots"
                text run at (2,1742) width 119: "and lots and lots of"
                text run at (2,1762) width 34: "data. "
                text run at (36,1762) width 81: "Lots and lots"
                text run at (2,1782) width 100: "and lots of data."
                text run at (2,1802) width 108: "Lots and lots and"
                text run at (2,1822) width 77: "lots of data. "
                text run at (79,1822) width 28: "Lots"
                text run at (2,1842) width 119: "and lots and lots of"
                text run at (2,1862) width 34: "data. "
                text run at (36,1862) width 81: "Lots and lots"
                text run at (2,1882) width 100: "and lots of data."
                text run at (2,1902) width 108: "Lots and lots and"
                text run at (2,1922) width 77: "lots of data. "
                text run at (79,1922) width 28: "Lots"
                text run at (2,1942) width 119: "and lots and lots of"
                text run at (2,1962) width 34: "data. "
                text run at (36,1962) width 81: "Lots and lots"
                text run at (2,1982) width 100: "and lots of data."
      LayoutTable {TABLE} at (0,5130.44) size 384x2034
        LayoutTableSection {TBODY} at (0,0) size 384x2034
          LayoutTableRow {TR} at (0,2) size 384x2004
            LayoutTableCell {TD} at (2,992) size 125x24 [border: (1px solid #000000)] [r=0 c=0 rs=1 cs=1]
              LayoutText {#text} at (2,2) size 30x19
                text run at (2,2) width 30: "Data"
            LayoutTableCell {TD} at (129,992) size 125x24 [border: (1px solid #000000)] [r=0 c=1 rs=1 cs=1]
              LayoutText {#text} at (2,2) size 30x19
                text run at (2,2) width 30: "Data"
            LayoutTableCell {TD} at (256,2) size 126x2004 [border: (1px solid #000000)] [r=0 c=2 rs=1 cs=1]
              LayoutText {#text} at (2,2) size 119x1999
                text run at (2,2) width 108: "Lots and lots and"
                text run at (2,22) width 77: "lots of data. "
                text run at (79,22) width 28: "Lots"
                text run at (2,42) width 119: "and lots and lots of"
                text run at (2,62) width 34: "data. "
                text run at (36,62) width 81: "Lots and lots"
                text run at (2,82) width 100: "and lots of data."
                text run at (2,102) width 108: "Lots and lots and"
                text run at (2,122) width 77: "lots of data. "
                text run at (79,122) width 28: "Lots"
                text run at (2,142) width 119: "and lots and lots of"
                text run at (2,162) width 34: "data. "
                text run at (36,162) width 81: "Lots and lots"
                text run at (2,182) width 100: "and lots of data."
                text run at (2,202) width 108: "Lots and lots and"
                text run at (2,222) width 77: "lots of data. "
                text run at (79,222) width 28: "Lots"
                text run at (2,242) width 119: "and lots and lots of"
                text run at (2,262) width 34: "data. "
                text run at (36,262) width 81: "Lots and lots"
                text run at (2,282) width 100: "and lots of data."
                text run at (2,302) width 108: "Lots and lots and"
                text run at (2,322) width 77: "lots of data. "
                text run at (79,322) width 28: "Lots"
                text run at (2,342) width 119: "and lots and lots of"
                text run at (2,362) width 34: "data. "
                text run at (36,362) width 81: "Lots and lots"
                text run at (2,382) width 100: "and lots of data."
                text run at (2,402) width 108: "Lots and lots and"
                text run at (2,422) width 77: "lots of data. "
                text run at (79,422) width 28: "Lots"
                text run at (2,442) width 119: "and lots and lots of"
                text run at (2,462) width 34: "data. "
                text run at (36,462) width 81: "Lots and lots"
                text run at (2,482) width 100: "and lots of data."
                text run at (2,502) width 108: "Lots and lots and"
                text run at (2,522) width 77: "lots of data. "
                text run at (79,522) width 28: "Lots"
                text run at (2,542) width 119: "and lots and lots of"
                text run at (2,562) width 34: "data. "
                text run at (36,562) width 81: "Lots and lots"
                text run at (2,582) width 100: "and lots of data."
                text run at (2,602) width 108: "Lots and lots and"
                text run at (2,622) width 77: "lots of data. "
                text run at (79,622) width 28: "Lots"
                text run at (2,642) width 119: "and lots and lots of"
                text run at (2,662) width 34: "data. "
                text run at (36,662) width 81: "Lots and lots"
                text run at (2,682) width 100: "and lots of data."
                text run at (2,702) width 108: "Lots and lots and"
                text run at (2,722) width 77: "lots of data. "
                text run at (79,722) width 28: "Lots"
                text run at (2,742) width 119: "and lots and lots of"
                text run at (2,762) width 34: "data. "
                text run at (36,762) width 81: "Lots and lots"
                text run at (2,782) width 100: "and lots of data."
                text run at (2,802) width 108: "Lots and lots and"
                text run at (2,822) width 77: "lots of data. "
                text run at (79,822) width 28: "Lots"
                text run at (2,842) width 119: "and lots and lots of"
                text run at (2,862) width 34: "data. "
                text run at (36,862) width 81: "Lots and lots"
                text run at (2,882) width 100: "and lots of data."
                text run at (2,902) width 108: "Lots and lots and"
                text run at (2,922) width 77: "lots of data. "
                text run at (79,922) width 28: "Lots"
                text run at (2,942) width 119: "and lots and lots of"
                text run at (2,962) width 34: "data. "
                text run at (36,962) width 81: "Lots and lots"
                text run at (2,982) width 100: "and lots of data."
                text run at (2,1002) width 108: "Lots and lots and"
                text run at (2,1022) width 77: "lots of data. "
                text run at (79,1022) width 28: "Lots"
                text run at (2,1042) width 119: "and lots and lots of"
                text run at (2,1062) width 34: "data. "
                text run at (36,1062) width 81: "Lots and lots"
                text run at (2,1082) width 100: "and lots of data."
                text run at (2,1102) width 108: "Lots and lots and"
                text run at (2,1122) width 77: "lots of data. "
                text run at (79,1122) width 28: "Lots"
                text run at (2,1142) width 119: "and lots and lots of"
                text run at (2,1162) width 34: "data. "
                text run at (36,1162) width 81: "Lots and lots"
                text run at (2,1182) width 100: "and lots of data."
                text run at (2,1202) width 108: "Lots and lots and"
                text run at (2,1222) width 77: "lots of data. "
                text run at (79,1222) width 28: "Lots"
                text run at (2,1242) width 119: "and lots and lots of"
                text run at (2,1262) width 34: "data. "
                text run at (36,1262) width 81: "Lots and lots"
                text run at (2,1282) width 100: "and lots of data."
                text run at (2,1302) width 108: "Lots and lots and"
                text run at (2,1322) width 77: "lots of data. "
                text run at (79,1322) width 28: "Lots"
                text run at (2,1342) width 119: "and lots and lots of"
                text run at (2,1362) width 34: "data. "
                text run at (36,1362) width 81: "Lots and lots"
                text run at (2,1382) width 100: "and lots of data."
                text run at (2,1402) width 108: "Lots and lots and"
                text run at (2,1422) width 77: "lots of data. "
                text run at (79,1422) width 28: "Lots"
                text run at (2,1442) width 119: "and lots and lots of"
                text run at (2,1462) width 34: "data. "
                text run at (36,1462) width 81: "Lots and lots"
                text run at (2,1482) width 100: "and lots of data."
                text run at (2,1502) width 108: "Lots and lots and"
                text run at (2,1522) width 77: "lots of data. "
                text run at (79,1522) width 28: "Lots"
                text run at (2,1542) width 119: "and lots and lots of"
                text run at (2,1562) width 34: "data. "
                text run at (36,1562) width 81: "Lots and lots"
                text run at (2,1582) width 100: "and lots of data."
                text run at (2,1602) width 108: "Lots and lots and"
                text run at (2,1622) width 77: "lots of data. "
                text run at (79,1622) width 28: "Lots"
                text run at (2,1642) width 119: "and lots and lots of"
                text run at (2,1662) width 34: "data. "
                text run at (36,1662) width 81: "Lots and lots"
                text run at (2,1682) width 100: "and lots of data."
                text run at (2,1702) width 108: "Lots and lots and"
                text run at (2,1722) width 77: "lots of data. "
                text run at (79,1722) width 28: "Lots"
                text run at (2,1742) width 119: "and lots and lots of"
                text run at (2,1762) width 34: "data. "
                text run at (36,1762) width 81: "Lots and lots"
                text run at (2,1782) width 100: "and lots of data."
                text run at (2,1802) width 108: "Lots and lots and"
                text run at (2,1822) width 77: "lots of data. "
                text run at (79,1822) width 28: "Lots"
                text run at (2,1842) width 119: "and lots and lots of"
                text run at (2,1862) width 34: "data. "
                text run at (36,1862) width 81: "Lots and lots"
                text run at (2,1882) width 100: "and lots of data."
                text run at (2,1902) width 108: "Lots and lots and"
                text run at (2,1922) width 77: "lots of data. "
                text run at (79,1922) width 28: "Lots"
                text run at (2,1942) width 119: "and lots and lots of"
                text run at (2,1962) width 34: "data. "
                text run at (36,1962) width 81: "Lots and lots"
                text run at (2,1982) width 100: "and lots of data."
          LayoutTableRow {TR} at (0,2008) size 384x24
            LayoutTableCell {TD} at (2,2008) size 125x24 [border: (1px solid #000000)] [r=1 c=0 rs=1 cs=1]
              LayoutText {#text} at (2,2) size 30x19
                text run at (2,2) width 30: "Data"
            LayoutTableCell {TD} at (129,2008) size 125x24 [border: (1px solid #000000)] [r=1 c=1 rs=1 cs=1]
              LayoutText {#text} at (2,2) size 30x19
                text run at (2,2) width 30: "Data"
            LayoutTableCell {TD} at (256,2008) size 126x24 [border: (1px solid #000000)] [r=1 c=2 rs=1 cs=1]
              LayoutText {#text} at (2,2) size 30x19
                text run at (2,2) width 30: "Data"
      LayoutBlockFlow {P} at (0,7180.44) size 769x20
        LayoutText {#text} at (0,0) size 192x19
          text run at (0,0) width 192: "This test is still being written..."
      LayoutBlockFlow {HR} at (0,7216.44) size 769x2 [border: (1px inset #EEEEEE)]
      LayoutBlockFlow {P} at (0,7234.44) size 769x20
        LayoutText {#text} at (0,0) size 58x19
          text run at (0,0) width 58: "(Back to "
        LayoutInline {A} at (0,0) size 157x19 [color=#0000EE]
          LayoutText {#text} at (58,0) size 157x19
            text run at (58,0) width 157: "CSS Testing Information"
        LayoutText {#text} at (214,0) size 9x19
          text run at (214,0) width 9: ", "
        LayoutInline {A} at (0,0) size 83x19 [color=#0000EE]
          LayoutText {#text} at (222,0) size 83x19
            text run at (222,0) width 83: "David Baron"
        LayoutText {#text} at (304,0) size 6x19
          text run at (304,0) width 6: ")"
      LayoutBlockFlow {P} at (0,7270.44) size 769x20
        LayoutInline {A} at (0,0) size 33x19 [color=#0000EE]
          LayoutText {#text} at (0,0) size 33x19
            text run at (0,0) width 33: "LDB"
        LayoutText {#text} at (33,0) size 8x19
          text run at (33,0) width 8: ", "
        LayoutInline {A} at (0,0) size 156x19 [color=#0000EE]
          LayoutText {#text} at (41,0) size 156x19
            text run at (41,0) width 156: "dbaron@fas.harvard.edu"
