layer at (0,0) size 800x600 clip at (0,0) size 785x600 scrollHeight 6114
  LayoutView at (0,0) size 800x600
layer at (0,0) size 785x6114 backgroundClip at (0,0) size 785x600 clip at (0,0) size 785x600
  LayoutBlockFlow {HTML} at (0,0) size 785x6113.88
    LayoutBlockFlow {BODY} at (8,21.44) size 769x6076.44
      LayoutBlockFlow {H1} at (0,0) size 769x37
        LayoutText {#text} at (0,0) size 484x36
          text run at (0,0) width 484: "Vertical alignment and table height"
      LayoutBlockFlow {P} at (0,58.44) size 769x60
        LayoutText {#text} at (0,0) size 269x19
          text run at (0,0) width 269: "The following three tables have heights of "
        LayoutInline {CODE} at (0,0) size 32x16
          LayoutText {#text} at (269,3) size 32x16
            text run at (269,3) width 32: "auto"
        LayoutText {#text} at (301,0) size 8x19
          text run at (301,0) width 8: ", "
        LayoutInline {CODE} at (0,0) size 32x16
          LayoutText {#text} at (309,3) size 32x16
            text run at (309,3) width 32: "30px"
        LayoutText {#text} at (341,0) size 35x19
          text run at (341,0) width 35: ", and "
        LayoutInline {CODE} at (0,0) size 40x16
          LayoutText {#text} at (376,3) size 40x16
            text run at (376,3) width 40: "500px"
        LayoutText {#text} at (416,0) size 767x59
          text run at (416,0) width 8: ". "
          text run at (424,0) width 331: "The first one should have the height of the sum of its"
          text run at (0,20) width 39: "rows. "
          text run at (39,20) width 728: "The second and third can be handled however the browser wants, but there just here to make sure it does something"
          text run at (0,40) width 71: "reasonable."
      LayoutTable {TABLE} at (0,134.44) size 110x158
        LayoutTableSection {TBODY} at (0,0) size 110x158
          LayoutTableRow {TR} at (0,2) size 110x24
            LayoutTableCell {TD} at (2,2) size 34x24 [border: (1px solid #000000)] [r=0 c=0 rs=1 cs=1]
              LayoutText {#text} at (2,2) size 30x19
                text run at (2,2) width 30: "Data"
            LayoutTableCell {TD} at (38,2) size 34x24 [border: (1px solid #000000)] [r=0 c=1 rs=1 cs=1]
              LayoutText {#text} at (2,2) size 30x19
                text run at (2,2) width 30: "Data"
            LayoutTableCell {TD} at (74,2) size 34x24 [border: (1px solid #000000)] [r=0 c=2 rs=1 cs=1]
              LayoutText {#text} at (2,2) size 30x19
                text run at (2,2) width 30: "Data"
          LayoutTableRow {TR} at (0,28) size 110x24
            LayoutTableCell {TD} at (2,28) size 34x24 [border: (1px solid #000000)] [r=1 c=0 rs=1 cs=1]
              LayoutText {#text} at (2,2) size 30x19
                text run at (2,2) width 30: "Data"
            LayoutTableCell {TD} at (38,28) size 34x24 [border: (1px solid #000000)] [r=1 c=1 rs=1 cs=1]
              LayoutText {#text} at (2,2) size 30x19
                text run at (2,2) width 30: "Data"
            LayoutTableCell {TD} at (74,28) size 34x24 [border: (1px solid #000000)] [r=1 c=2 rs=1 cs=1]
              LayoutText {#text} at (2,2) size 30x19
                text run at (2,2) width 30: "Data"
          LayoutTableRow {TR} at (0,54) size 110x24
            LayoutTableCell {TD} at (2,54) size 34x24 [border: (1px solid #000000)] [r=2 c=0 rs=1 cs=1]
              LayoutText {#text} at (2,2) size 30x19
                text run at (2,2) width 30: "Data"
            LayoutTableCell {TD} at (38,54) size 34x24 [border: (1px solid #000000)] [r=2 c=1 rs=1 cs=1]
              LayoutText {#text} at (2,2) size 30x19
                text run at (2,2) width 30: "Data"
            LayoutTableCell {TD} at (74,54) size 34x24 [border: (1px solid #000000)] [r=2 c=2 rs=1 cs=1]
              LayoutText {#text} at (2,2) size 30x19
                text run at (2,2) width 30: "Data"
          LayoutTableRow {TR} at (0,80) size 110x24
            LayoutTableCell {TD} at (2,80) size 34x24 [border: (1px solid #000000)] [r=3 c=0 rs=1 cs=1]
              LayoutText {#text} at (2,2) size 30x19
                text run at (2,2) width 30: "Data"
            LayoutTableCell {TD} at (38,80) size 34x24 [border: (1px solid #000000)] [r=3 c=1 rs=1 cs=1]
              LayoutText {#text} at (2,2) size 30x19
                text run at (2,2) width 30: "Data"
            LayoutTableCell {TD} at (74,80) size 34x24 [border: (1px solid #000000)] [r=3 c=2 rs=1 cs=1]
              LayoutText {#text} at (2,2) size 30x19
                text run at (2,2) width 30: "Data"
          LayoutTableRow {TR} at (0,106) size 110x24
            LayoutTableCell {TD} at (2,106) size 34x24 [border: (1px solid #000000)] [r=4 c=0 rs=1 cs=1]
              LayoutText {#text} at (2,2) size 30x19
                text run at (2,2) width 30: "Data"
            LayoutTableCell {TD} at (38,106) size 34x24 [border: (1px solid #000000)] [r=4 c=1 rs=1 cs=1]
              LayoutText {#text} at (2,2) size 30x19
                text run at (2,2) width 30: "Data"
            LayoutTableCell {TD} at (74,106) size 34x24 [border: (1px solid #000000)] [r=4 c=2 rs=1 cs=1]
              LayoutText {#text} at (2,2) size 30x19
                text run at (2,2) width 30: "Data"
          LayoutTableRow {TR} at (0,132) size 110x24
            LayoutTableCell {TD} at (2,132) size 34x24 [border: (1px solid #000000)] [r=5 c=0 rs=1 cs=1]
              LayoutText {#text} at (2,2) size 30x19
                text run at (2,2) width 30: "Data"
            LayoutTableCell {TD} at (38,132) size 34x24 [border: (1px solid #000000)] [r=5 c=1 rs=1 cs=1]
              LayoutText {#text} at (2,2) size 30x19
                text run at (2,2) width 30: "Data"
            LayoutTableCell {TD} at (74,132) size 34x24 [border: (1px solid #000000)] [r=5 c=2 rs=1 cs=1]
              LayoutText {#text} at (2,2) size 30x19
                text run at (2,2) width 30: "Data"
      LayoutTable {TABLE} at (0,292.44) size 110x158
        LayoutTableSection {TBODY} at (0,0) size 110x158
          LayoutTableRow {TR} at (0,2) size 110x24
            LayoutTableCell {TD} at (2,2) size 34x24 [border: (1px solid #000000)] [r=0 c=0 rs=1 cs=1]
              LayoutText {#text} at (2,2) size 30x19
                text run at (2,2) width 30: "Data"
            LayoutTableCell {TD} at (38,2) size 34x24 [border: (1px solid #000000)] [r=0 c=1 rs=1 cs=1]
              LayoutText {#text} at (2,2) size 30x19
                text run at (2,2) width 30: "Data"
            LayoutTableCell {TD} at (74,2) size 34x24 [border: (1px solid #000000)] [r=0 c=2 rs=1 cs=1]
              LayoutText {#text} at (2,2) size 30x19
                text run at (2,2) width 30: "Data"
          LayoutTableRow {TR} at (0,28) size 110x24
            LayoutTableCell {TD} at (2,28) size 34x24 [border: (1px solid #000000)] [r=1 c=0 rs=1 cs=1]
              LayoutText {#text} at (2,2) size 30x19
                text run at (2,2) width 30: "Data"
            LayoutTableCell {TD} at (38,28) size 34x24 [border: (1px solid #000000)] [r=1 c=1 rs=1 cs=1]
              LayoutText {#text} at (2,2) size 30x19
                text run at (2,2) width 30: "Data"
            LayoutTableCell {TD} at (74,28) size 34x24 [border: (1px solid #000000)] [r=1 c=2 rs=1 cs=1]
              LayoutText {#text} at (2,2) size 30x19
                text run at (2,2) width 30: "Data"
          LayoutTableRow {TR} at (0,54) size 110x24
            LayoutTableCell {TD} at (2,54) size 34x24 [border: (1px solid #000000)] [r=2 c=0 rs=1 cs=1]
              LayoutText {#text} at (2,2) size 30x19
                text run at (2,2) width 30: "Data"
            LayoutTableCell {TD} at (38,54) size 34x24 [border: (1px solid #000000)] [r=2 c=1 rs=1 cs=1]
              LayoutText {#text} at (2,2) size 30x19
                text run at (2,2) width 30: "Data"
            LayoutTableCell {TD} at (74,54) size 34x24 [border: (1px solid #000000)] [r=2 c=2 rs=1 cs=1]
              LayoutText {#text} at (2,2) size 30x19
                text run at (2,2) width 30: "Data"
          LayoutTableRow {TR} at (0,80) size 110x24
            LayoutTableCell {TD} at (2,80) size 34x24 [border: (1px solid #000000)] [r=3 c=0 rs=1 cs=1]
              LayoutText {#text} at (2,2) size 30x19
                text run at (2,2) width 30: "Data"
            LayoutTableCell {TD} at (38,80) size 34x24 [border: (1px solid #000000)] [r=3 c=1 rs=1 cs=1]
              LayoutText {#text} at (2,2) size 30x19
                text run at (2,2) width 30: "Data"
            LayoutTableCell {TD} at (74,80) size 34x24 [border: (1px solid #000000)] [r=3 c=2 rs=1 cs=1]
              LayoutText {#text} at (2,2) size 30x19
                text run at (2,2) width 30: "Data"
          LayoutTableRow {TR} at (0,106) size 110x24
            LayoutTableCell {TD} at (2,106) size 34x24 [border: (1px solid #000000)] [r=4 c=0 rs=1 cs=1]
              LayoutText {#text} at (2,2) size 30x19
                text run at (2,2) width 30: "Data"
            LayoutTableCell {TD} at (38,106) size 34x24 [border: (1px solid #000000)] [r=4 c=1 rs=1 cs=1]
              LayoutText {#text} at (2,2) size 30x19
                text run at (2,2) width 30: "Data"
            LayoutTableCell {TD} at (74,106) size 34x24 [border: (1px solid #000000)] [r=4 c=2 rs=1 cs=1]
              LayoutText {#text} at (2,2) size 30x19
                text run at (2,2) width 30: "Data"
          LayoutTableRow {TR} at (0,132) size 110x24
            LayoutTableCell {TD} at (2,132) size 34x24 [border: (1px solid #000000)] [r=5 c=0 rs=1 cs=1]
              LayoutText {#text} at (2,2) size 30x19
                text run at (2,2) width 30: "Data"
            LayoutTableCell {TD} at (38,132) size 34x24 [border: (1px solid #000000)] [r=5 c=1 rs=1 cs=1]
              LayoutText {#text} at (2,2) size 30x19
                text run at (2,2) width 30: "Data"
            LayoutTableCell {TD} at (74,132) size 34x24 [border: (1px solid #000000)] [r=5 c=2 rs=1 cs=1]
              LayoutText {#text} at (2,2) size 30x19
                text run at (2,2) width 30: "Data"
      LayoutTable {TABLE} at (0,450.44) size 110x500
        LayoutTableSection {TBODY} at (0,0) size 110x500
          LayoutTableRow {TR} at (0,2) size 110x81
            LayoutTableCell {TD} at (2,30) size 34x24 [border: (1px solid #000000)] [r=0 c=0 rs=1 cs=1]
              LayoutText {#text} at (2,2) size 30x19
                text run at (2,2) width 30: "Data"
            LayoutTableCell {TD} at (38,30) size 34x24 [border: (1px solid #000000)] [r=0 c=1 rs=1 cs=1]
              LayoutText {#text} at (2,2) size 30x19
                text run at (2,2) width 30: "Data"
            LayoutTableCell {TD} at (74,30) size 34x24 [border: (1px solid #000000)] [r=0 c=2 rs=1 cs=1]
              LayoutText {#text} at (2,2) size 30x19
                text run at (2,2) width 30: "Data"
          LayoutTableRow {TR} at (0,85) size 110x81
            LayoutTableCell {TD} at (2,113) size 34x24 [border: (1px solid #000000)] [r=1 c=0 rs=1 cs=1]
              LayoutText {#text} at (2,2) size 30x19
                text run at (2,2) width 30: "Data"
            LayoutTableCell {TD} at (38,113) size 34x24 [border: (1px solid #000000)] [r=1 c=1 rs=1 cs=1]
              LayoutText {#text} at (2,2) size 30x19
                text run at (2,2) width 30: "Data"
            LayoutTableCell {TD} at (74,113) size 34x24 [border: (1px solid #000000)] [r=1 c=2 rs=1 cs=1]
              LayoutText {#text} at (2,2) size 30x19
                text run at (2,2) width 30: "Data"
          LayoutTableRow {TR} at (0,168) size 110x81
            LayoutTableCell {TD} at (2,196) size 34x24 [border: (1px solid #000000)] [r=2 c=0 rs=1 cs=1]
              LayoutText {#text} at (2,2) size 30x19
                text run at (2,2) width 30: "Data"
            LayoutTableCell {TD} at (38,196) size 34x24 [border: (1px solid #000000)] [r=2 c=1 rs=1 cs=1]
              LayoutText {#text} at (2,2) size 30x19
                text run at (2,2) width 30: "Data"
            LayoutTableCell {TD} at (74,196) size 34x24 [border: (1px solid #000000)] [r=2 c=2 rs=1 cs=1]
              LayoutText {#text} at (2,2) size 30x19
                text run at (2,2) width 30: "Data"
          LayoutTableRow {TR} at (0,251) size 110x81
            LayoutTableCell {TD} at (2,279) size 34x24 [border: (1px solid #000000)] [r=3 c=0 rs=1 cs=1]
              LayoutText {#text} at (2,2) size 30x19
                text run at (2,2) width 30: "Data"
            LayoutTableCell {TD} at (38,279) size 34x24 [border: (1px solid #000000)] [r=3 c=1 rs=1 cs=1]
              LayoutText {#text} at (2,2) size 30x19
                text run at (2,2) width 30: "Data"
            LayoutTableCell {TD} at (74,279) size 34x24 [border: (1px solid #000000)] [r=3 c=2 rs=1 cs=1]
              LayoutText {#text} at (2,2) size 30x19
                text run at (2,2) width 30: "Data"
          LayoutTableRow {TR} at (0,334) size 110x81
            LayoutTableCell {TD} at (2,362) size 34x24 [border: (1px solid #000000)] [r=4 c=0 rs=1 cs=1]
              LayoutText {#text} at (2,2) size 30x19
                text run at (2,2) width 30: "Data"
            LayoutTableCell {TD} at (38,362) size 34x24 [border: (1px solid #000000)] [r=4 c=1 rs=1 cs=1]
              LayoutText {#text} at (2,2) size 30x19
                text run at (2,2) width 30: "Data"
            LayoutTableCell {TD} at (74,362) size 34x24 [border: (1px solid #000000)] [r=4 c=2 rs=1 cs=1]
              LayoutText {#text} at (2,2) size 30x19
                text run at (2,2) width 30: "Data"
          LayoutTableRow {TR} at (0,417) size 110x81
            LayoutTableCell {TD} at (2,445) size 34x24 [border: (1px solid #000000)] [r=5 c=0 rs=1 cs=1]
              LayoutText {#text} at (2,2) size 30x19
                text run at (2,2) width 30: "Data"
            LayoutTableCell {TD} at (38,445) size 34x24 [border: (1px solid #000000)] [r=5 c=1 rs=1 cs=1]
              LayoutText {#text} at (2,2) size 30x19
                text run at (2,2) width 30: "Data"
            LayoutTableCell {TD} at (74,445) size 34x24 [border: (1px solid #000000)] [r=5 c=2 rs=1 cs=1]
              LayoutText {#text} at (2,2) size 30x19
                text run at (2,2) width 30: "Data"
      LayoutBlockFlow {P} at (0,966.44) size 769x40
        LayoutText {#text} at (0,0) size 754x39
          text run at (0,0) width 232: "These tables test percentage heights. "
          text run at (232,0) width 522: "The first should be its natural height; the second should be 50% of the height of the"
          text run at (0,20) width 183: "div (600px), which is 300px."
      LayoutTable {TABLE} at (0,1022.44) size 110x158
        LayoutTableSection {TBODY} at (0,0) size 110x158
          LayoutTableRow {TR} at (0,2) size 110x24
            LayoutTableCell {TD} at (2,2) size 34x24 [border: (1px solid #000000)] [r=0 c=0 rs=1 cs=1]
              LayoutText {#text} at (2,2) size 30x19
                text run at (2,2) width 30: "Data"
            LayoutTableCell {TD} at (38,2) size 34x24 [border: (1px solid #000000)] [r=0 c=1 rs=1 cs=1]
              LayoutText {#text} at (2,2) size 30x19
                text run at (2,2) width 30: "Data"
            LayoutTableCell {TD} at (74,2) size 34x24 [border: (1px solid #000000)] [r=0 c=2 rs=1 cs=1]
              LayoutText {#text} at (2,2) size 30x19
                text run at (2,2) width 30: "Data"
          LayoutTableRow {TR} at (0,28) size 110x24
            LayoutTableCell {TD} at (2,28) size 34x24 [border: (1px solid #000000)] [r=1 c=0 rs=1 cs=1]
              LayoutText {#text} at (2,2) size 30x19
                text run at (2,2) width 30: "Data"
            LayoutTableCell {TD} at (38,28) size 34x24 [border: (1px solid #000000)] [r=1 c=1 rs=1 cs=1]
              LayoutText {#text} at (2,2) size 30x19
                text run at (2,2) width 30: "Data"
            LayoutTableCell {TD} at (74,28) size 34x24 [border: (1px solid #000000)] [r=1 c=2 rs=1 cs=1]
              LayoutText {#text} at (2,2) size 30x19
                text run at (2,2) width 30: "Data"
          LayoutTableRow {TR} at (0,54) size 110x24
            LayoutTableCell {TD} at (2,54) size 34x24 [border: (1px solid #000000)] [r=2 c=0 rs=1 cs=1]
              LayoutText {#text} at (2,2) size 30x19
                text run at (2,2) width 30: "Data"
            LayoutTableCell {TD} at (38,54) size 34x24 [border: (1px solid #000000)] [r=2 c=1 rs=1 cs=1]
              LayoutText {#text} at (2,2) size 30x19
                text run at (2,2) width 30: "Data"
            LayoutTableCell {TD} at (74,54) size 34x24 [border: (1px solid #000000)] [r=2 c=2 rs=1 cs=1]
              LayoutText {#text} at (2,2) size 30x19
                text run at (2,2) width 30: "Data"
          LayoutTableRow {TR} at (0,80) size 110x24
            LayoutTableCell {TD} at (2,80) size 34x24 [border: (1px solid #000000)] [r=3 c=0 rs=1 cs=1]
              LayoutText {#text} at (2,2) size 30x19
                text run at (2,2) width 30: "Data"
            LayoutTableCell {TD} at (38,80) size 34x24 [border: (1px solid #000000)] [r=3 c=1 rs=1 cs=1]
              LayoutText {#text} at (2,2) size 30x19
                text run at (2,2) width 30: "Data"
            LayoutTableCell {TD} at (74,80) size 34x24 [border: (1px solid #000000)] [r=3 c=2 rs=1 cs=1]
              LayoutText {#text} at (2,2) size 30x19
                text run at (2,2) width 30: "Data"
          LayoutTableRow {TR} at (0,106) size 110x24
            LayoutTableCell {TD} at (2,106) size 34x24 [border: (1px solid #000000)] [r=4 c=0 rs=1 cs=1]
              LayoutText {#text} at (2,2) size 30x19
                text run at (2,2) width 30: "Data"
            LayoutTableCell {TD} at (38,106) size 34x24 [border: (1px solid #000000)] [r=4 c=1 rs=1 cs=1]
              LayoutText {#text} at (2,2) size 30x19
                text run at (2,2) width 30: "Data"
            LayoutTableCell {TD} at (74,106) size 34x24 [border: (1px solid #000000)] [r=4 c=2 rs=1 cs=1]
              LayoutText {#text} at (2,2) size 30x19
                text run at (2,2) width 30: "Data"
          LayoutTableRow {TR} at (0,132) size 110x24
            LayoutTableCell {TD} at (2,132) size 34x24 [border: (1px solid #000000)] [r=5 c=0 rs=1 cs=1]
              LayoutText {#text} at (2,2) size 30x19
                text run at (2,2) width 30: "Data"
            LayoutTableCell {TD} at (38,132) size 34x24 [border: (1px solid #000000)] [r=5 c=1 rs=1 cs=1]
              LayoutText {#text} at (2,2) size 30x19
                text run at (2,2) width 30: "Data"
            LayoutTableCell {TD} at (74,132) size 34x24 [border: (1px solid #000000)] [r=5 c=2 rs=1 cs=1]
              LayoutText {#text} at (2,2) size 30x19
                text run at (2,2) width 30: "Data"
      LayoutBlockFlow {DIV} at (0,1180.44) size 769x606 [border: (3px solid #800080)]
        LayoutTable {TABLE} at (3,3) size 110x300
          LayoutTableSection {TBODY} at (0,0) size 110x300
            LayoutTableRow {TR} at (0,2) size 110x47
              LayoutTableCell {TD} at (2,13) size 34x24 [border: (1px solid #000000)] [r=0 c=0 rs=1 cs=1]
                LayoutText {#text} at (2,2) size 30x19
                  text run at (2,2) width 30: "Data"
              LayoutTableCell {TD} at (38,13) size 34x24 [border: (1px solid #000000)] [r=0 c=1 rs=1 cs=1]
                LayoutText {#text} at (2,2) size 30x19
                  text run at (2,2) width 30: "Data"
              LayoutTableCell {TD} at (74,13) size 34x24 [border: (1px solid #000000)] [r=0 c=2 rs=1 cs=1]
                LayoutText {#text} at (2,2) size 30x19
                  text run at (2,2) width 30: "Data"
            LayoutTableRow {TR} at (0,51) size 110x47
              LayoutTableCell {TD} at (2,62) size 34x24 [border: (1px solid #000000)] [r=1 c=0 rs=1 cs=1]
                LayoutText {#text} at (2,2) size 30x19
                  text run at (2,2) width 30: "Data"
              LayoutTableCell {TD} at (38,62) size 34x24 [border: (1px solid #000000)] [r=1 c=1 rs=1 cs=1]
                LayoutText {#text} at (2,2) size 30x19
                  text run at (2,2) width 30: "Data"
              LayoutTableCell {TD} at (74,62) size 34x24 [border: (1px solid #000000)] [r=1 c=2 rs=1 cs=1]
                LayoutText {#text} at (2,2) size 30x19
                  text run at (2,2) width 30: "Data"
            LayoutTableRow {TR} at (0,100) size 110x48
              LayoutTableCell {TD} at (2,112) size 34x24 [border: (1px solid #000000)] [r=2 c=0 rs=1 cs=1]
                LayoutText {#text} at (2,2) size 30x19
                  text run at (2,2) width 30: "Data"
              LayoutTableCell {TD} at (38,112) size 34x24 [border: (1px solid #000000)] [r=2 c=1 rs=1 cs=1]
                LayoutText {#text} at (2,2) size 30x19
                  text run at (2,2) width 30: "Data"
              LayoutTableCell {TD} at (74,112) size 34x24 [border: (1px solid #000000)] [r=2 c=2 rs=1 cs=1]
                LayoutText {#text} at (2,2) size 30x19
                  text run at (2,2) width 30: "Data"
            LayoutTableRow {TR} at (0,150) size 110x48
              LayoutTableCell {TD} at (2,162) size 34x24 [border: (1px solid #000000)] [r=3 c=0 rs=1 cs=1]
                LayoutText {#text} at (2,2) size 30x19
                  text run at (2,2) width 30: "Data"
              LayoutTableCell {TD} at (38,162) size 34x24 [border: (1px solid #000000)] [r=3 c=1 rs=1 cs=1]
                LayoutText {#text} at (2,2) size 30x19
                  text run at (2,2) width 30: "Data"
              LayoutTableCell {TD} at (74,162) size 34x24 [border: (1px solid #000000)] [r=3 c=2 rs=1 cs=1]
                LayoutText {#text} at (2,2) size 30x19
                  text run at (2,2) width 30: "Data"
            LayoutTableRow {TR} at (0,200) size 110x48
              LayoutTableCell {TD} at (2,212) size 34x24 [border: (1px solid #000000)] [r=4 c=0 rs=1 cs=1]
                LayoutText {#text} at (2,2) size 30x19
                  text run at (2,2) width 30: "Data"
              LayoutTableCell {TD} at (38,212) size 34x24 [border: (1px solid #000000)] [r=4 c=1 rs=1 cs=1]
                LayoutText {#text} at (2,2) size 30x19
                  text run at (2,2) width 30: "Data"
              LayoutTableCell {TD} at (74,212) size 34x24 [border: (1px solid #000000)] [r=4 c=2 rs=1 cs=1]
                LayoutText {#text} at (2,2) size 30x19
                  text run at (2,2) width 30: "Data"
            LayoutTableRow {TR} at (0,250) size 110x48
              LayoutTableCell {TD} at (2,262) size 34x24 [border: (1px solid #000000)] [r=5 c=0 rs=1 cs=1]
                LayoutText {#text} at (2,2) size 30x19
                  text run at (2,2) width 30: "Data"
              LayoutTableCell {TD} at (38,262) size 34x24 [border: (1px solid #000000)] [r=5 c=1 rs=1 cs=1]
                LayoutText {#text} at (2,2) size 30x19
                  text run at (2,2) width 30: "Data"
              LayoutTableCell {TD} at (74,262) size 34x24 [border: (1px solid #000000)] [r=5 c=2 rs=1 cs=1]
                LayoutText {#text} at (2,2) size 30x19
                  text run at (2,2) width 30: "Data"
      LayoutBlockFlow {P} at (0,1802.44) size 769x60
        LayoutText {#text} at (0,0) size 150x19
          text run at (0,0) width 150: "The following tests test "
        LayoutInline {CODE} at (0,0) size 48x16
          LayoutText {#text} at (150,3) size 48x16
            text run at (150,3) width 48: "height"
        LayoutText {#text} at (198,0) size 168x19
          text run at (198,0) width 168: " on table rows. A value of "
        LayoutInline {CODE} at (0,0) size 33x16
          LayoutText {#text} at (365,3) size 33x16
            text run at (365,3) width 33: "auto"
        LayoutText {#text} at (397,0) size 765x59
          text run at (397,0) width 317: " requires the minimum height needed by the cells. "
          text run at (713,0) width 25: "In a"
          text run at (0,20) width 765: "simple case, this is just the height of the tallest cell (excluding the increased padding, of course, since with the padding the"
          text run at (0,40) width 173: "cells have the same height):"
      LayoutTable {TABLE} at (0,1878.44) size 110x48
        LayoutTableSection {TBODY} at (0,0) size 110x48
          LayoutTableRow {TR} at (0,2) size 110x44
            LayoutTableCell {TD} at (2,12) size 34x24 [border: (1px solid #000000)] [r=0 c=0 rs=1 cs=1]
              LayoutText {#text} at (2,2) size 30x19
                text run at (2,2) width 30: "Data"
            LayoutTableCell {TD} at (38,2) size 34x44 [border: (1px solid #000000)] [r=0 c=1 rs=1 cs=1]
              LayoutText {#text} at (2,2) size 30x19
                text run at (2,2) width 30: "Data"
              LayoutBR {BR} at (32,2) size 0x19
              LayoutText {#text} at (2,22) size 30x19
                text run at (2,22) width 30: "Data"
            LayoutTableCell {TD} at (74,12) size 34x24 [border: (1px solid #000000)] [r=0 c=2 rs=1 cs=1]
              LayoutText {#text} at (2,2) size 30x19
                text run at (2,2) width 30: "Data"
      LayoutBlockFlow {P} at (0,1942.44) size 769x40
        LayoutText {#text} at (0,0) size 214x19
          text run at (0,0) width 214: "However, vertical-align values of "
        LayoutInline {CODE} at (0,0) size 65x16
          LayoutText {#text} at (213,3) size 65x16
            text run at (213,3) width 65: "baseline"
        LayoutText {#text} at (277,0) size 747x39
          text run at (277,0) width 470: " (the default, but could be overridden in a UA stylesheet) can make it taller"
          text run at (0,20) width 58: "than that:"
      LayoutTable {TABLE} at (0,1998.44) size 290x148
        LayoutTableSection {TBODY} at (0,0) size 290x148
          LayoutTableRow {TR} at (0,2) size 290x144
            LayoutTableCell {TD} at (2,46) size 34x24 [border: (1px solid #000000)] [r=0 c=0 rs=1 cs=1]
              LayoutText {#text} at (2,2) size 30x19
                text run at (2,2) width 30: "Data"
            LayoutTableCell {TD} at (38,2) size 124x100 [border: (1px solid #000000)] [r=0 c=1 rs=1 cs=1]
              LayoutInline {SPAN} at (0,0) size 120x73
                LayoutText {#text} at (2,3) size 120x73
                  text run at (2,3) width 120: "Data"
              LayoutBR {BR} at (122,46) size 0x19
              LayoutText {#text} at (2,78) size 30x19
                text run at (2,78) width 30: "Data"
            LayoutTableCell {TD} at (164,46) size 124x100 [border: (1px solid #000000)] [r=0 c=2 rs=1 cs=1]
              LayoutText {#text} at (2,2) size 30x19
                text run at (2,2) width 30: "Data"
              LayoutBR {BR} at (32,2) size 0x19
              LayoutInline {SPAN} at (0,0) size 120x73
                LayoutText {#text} at (2,23) size 120x73
                  text run at (2,23) width 120: "Data"
      LayoutBlockFlow {P} at (0,2162.44) size 769x20
        LayoutText {#text} at (0,0) size 527x19
          text run at (0,0) width 527: "The exact same thing should happen when the given height for the row is too small:"
      LayoutTable {TABLE} at (0,2198.44) size 290x148
        LayoutTableSection {TBODY} at (0,0) size 290x148
          LayoutTableRow {TR} at (0,2) size 290x144
            LayoutTableCell {TD} at (2,46) size 34x24 [border: (1px solid #000000)] [r=0 c=0 rs=1 cs=1]
              LayoutText {#text} at (2,2) size 30x19
                text run at (2,2) width 30: "Data"
            LayoutTableCell {TD} at (38,2) size 124x100 [border: (1px solid #000000)] [r=0 c=1 rs=1 cs=1]
              LayoutInline {SPAN} at (0,0) size 120x73
                LayoutText {#text} at (2,3) size 120x73
                  text run at (2,3) width 120: "Data"
              LayoutBR {BR} at (122,46) size 0x19
              LayoutText {#text} at (2,78) size 30x19
                text run at (2,78) width 30: "Data"
            LayoutTableCell {TD} at (164,46) size 124x100 [border: (1px solid #000000)] [r=0 c=2 rs=1 cs=1]
              LayoutText {#text} at (2,2) size 30x19
                text run at (2,2) width 30: "Data"
              LayoutBR {BR} at (32,2) size 0x19
              LayoutInline {SPAN} at (0,0) size 120x73
                LayoutText {#text} at (2,23) size 120x73
                  text run at (2,23) width 120: "Data"
      LayoutBlockFlow {P} at (0,2362.44) size 769x40
        LayoutText {#text} at (0,0) size 743x39
          text run at (0,0) width 743: "Padding should also be able to increase the height (here the first cell has 20px padding-top and the second has 20px of"
          text run at (0,20) width 109: "padding-bottom):"
      LayoutTable {TABLE} at (0,2418.44) size 110x47
        LayoutTableSection {TBODY} at (0,0) size 110x47
          LayoutTableRow {TR} at (0,2) size 110x43
            LayoutTableCell {TD} at (2,2) size 34x43 [border: (1px solid #000000)] [r=0 c=0 rs=1 cs=1]
              LayoutText {#text} at (2,21) size 30x19
                text run at (2,21) width 30: "Data"
            LayoutTableCell {TD} at (38,2) size 34x43 [border: (1px solid #000000)] [r=0 c=1 rs=1 cs=1]
              LayoutText {#text} at (2,2) size 30x19
                text run at (2,2) width 30: "Data"
            LayoutTableCell {TD} at (74,11) size 34x24 [border: (1px solid #000000)] [r=0 c=2 rs=1 cs=1]
              LayoutText {#text} at (2,2) size 30x19
                text run at (2,2) width 30: "Data"
      LayoutTable {TABLE} at (0,2465.44) size 110x47
        LayoutTableSection {TBODY} at (0,0) size 110x47
          LayoutTableRow {TR} at (0,2) size 110x43
            LayoutTableCell {TD} at (2,2) size 34x43 [border: (1px solid #000000)] [r=0 c=0 rs=1 cs=1]
              LayoutText {#text} at (2,21) size 30x19
                text run at (2,21) width 30: "Data"
            LayoutTableCell {TD} at (38,2) size 34x43 [border: (1px solid #000000)] [r=0 c=1 rs=1 cs=1]
              LayoutText {#text} at (2,2) size 30x19
                text run at (2,2) width 30: "Data"
            LayoutTableCell {TD} at (74,11) size 34x24 [border: (1px solid #000000)] [r=0 c=2 rs=1 cs=1]
              LayoutText {#text} at (2,2) size 30x19
                text run at (2,2) width 30: "Data"
      LayoutBlockFlow {P} at (0,2528.44) size 769x40
        LayoutText {#text} at (0,0) size 753x39
          text run at (0,0) width 480: "These two tables should be 200px tall, because of a height on the table row. "
          text run at (479,0) width 274: "The second one should have its second and"
          text run at (0,20) width 440: "third cell's contents offset from the middle by 10px (bottom, then top):"
      LayoutTable {TABLE} at (0,2584.44) size 290x204
        LayoutTableSection {TBODY} at (0,0) size 290x204
          LayoutTableRow {TR} at (0,2) size 290x200
            LayoutTableCell {TD} at (2,46) size 34x24 [border: (1px solid #000000)] [r=0 c=0 rs=1 cs=1]
              LayoutText {#text} at (2,2) size 30x19
                text run at (2,2) width 30: "Data"
            LayoutTableCell {TD} at (38,2) size 124x100 [border: (1px solid #000000)] [r=0 c=1 rs=1 cs=1]
              LayoutInline {SPAN} at (0,0) size 120x73
                LayoutText {#text} at (2,3) size 120x73
                  text run at (2,3) width 120: "Data"
              LayoutBR {BR} at (122,46) size 0x19
              LayoutText {#text} at (2,78) size 30x19
                text run at (2,78) width 30: "Data"
            LayoutTableCell {TD} at (164,46) size 124x100 [border: (1px solid #000000)] [r=0 c=2 rs=1 cs=1]
              LayoutText {#text} at (2,2) size 30x19
                text run at (2,2) width 30: "Data"
              LayoutBR {BR} at (32,2) size 0x19
              LayoutInline {SPAN} at (0,0) size 120x73
                LayoutText {#text} at (2,23) size 120x73
                  text run at (2,23) width 120: "Data"
      LayoutTable {TABLE} at (0,2788.44) size 110x204
        LayoutTableSection {TBODY} at (0,0) size 110x204
          LayoutTableRow {TR} at (0,2) size 110x200
            LayoutTableCell {TD} at (2,80) size 34x43 [border: (1px solid #000000)] [r=0 c=0 rs=1 cs=1]
              LayoutText {#text} at (2,21) size 30x19
                text run at (2,21) width 30: "Data"
            LayoutTableCell {TD} at (38,80) size 34x43 [border: (1px solid #000000)] [r=0 c=1 rs=1 cs=1]
              LayoutText {#text} at (2,2) size 30x19
                text run at (2,2) width 30: "Data"
            LayoutTableCell {TD} at (74,90) size 34x24 [border: (1px solid #000000)] [r=0 c=2 rs=1 cs=1]
              LayoutText {#text} at (2,2) size 30x19
                text run at (2,2) width 30: "Data"
      LayoutBlockFlow {P} at (0,3008.44) size 769x40
        LayoutText {#text} at (0,0) size 722x39
          text run at (0,0) width 518: "The behavior of percentage heights on table-row or table-row-group is undefined. "
          text run at (518,0) width 204: "However, I think they should be"
          text run at (0,20) width 276: "ignored, so these tables should look normal:"
      LayoutTable {TABLE} at (0,3064.44) size 110x80
        LayoutTableSection {TBODY} at (0,0) size 110x80
          LayoutTableRow {TR} at (0,2) size 110x24
            LayoutTableCell {TD} at (2,2) size 34x24 [border: (1px solid #000000)] [r=0 c=0 rs=1 cs=1]
              LayoutText {#text} at (2,2) size 30x19
                text run at (2,2) width 30: "Data"
            LayoutTableCell {TD} at (38,2) size 34x24 [border: (1px solid #000000)] [r=0 c=1 rs=1 cs=1]
              LayoutText {#text} at (2,2) size 30x19
                text run at (2,2) width 30: "Data"
            LayoutTableCell {TD} at (74,2) size 34x24 [border: (1px solid #000000)] [r=0 c=2 rs=1 cs=1]
              LayoutText {#text} at (2,2) size 30x19
                text run at (2,2) width 30: "Data"
          LayoutTableRow {TR} at (0,28) size 110x24
            LayoutTableCell {TD} at (2,28) size 34x24 [border: (1px solid #000000)] [r=1 c=0 rs=1 cs=1]
              LayoutText {#text} at (2,2) size 30x19
                text run at (2,2) width 30: "Data"
            LayoutTableCell {TD} at (38,28) size 34x24 [border: (1px solid #000000)] [r=1 c=1 rs=1 cs=1]
              LayoutText {#text} at (2,2) size 30x19
                text run at (2,2) width 30: "Data"
            LayoutTableCell {TD} at (74,28) size 34x24 [border: (1px solid #000000)] [r=1 c=2 rs=1 cs=1]
              LayoutText {#text} at (2,2) size 30x19
                text run at (2,2) width 30: "Data"
          LayoutTableRow {TR} at (0,54) size 110x24
            LayoutTableCell {TD} at (2,54) size 34x24 [border: (1px solid #000000)] [r=2 c=0 rs=1 cs=1]
              LayoutText {#text} at (2,2) size 30x19
                text run at (2,2) width 30: "Data"
            LayoutTableCell {TD} at (38,54) size 34x24 [border: (1px solid #000000)] [r=2 c=1 rs=1 cs=1]
              LayoutText {#text} at (2,2) size 30x19
                text run at (2,2) width 30: "Data"
            LayoutTableCell {TD} at (74,54) size 34x24 [border: (1px solid #000000)] [r=2 c=2 rs=1 cs=1]
              LayoutText {#text} at (2,2) size 30x19
                text run at (2,2) width 30: "Data"
      LayoutTable {TABLE} at (0,3144.44) size 110x80
        LayoutTableSection {TBODY} at (0,0) size 110x80
          LayoutTableRow {TR} at (0,2) size 110x24
            LayoutTableCell {TD} at (2,2) size 34x24 [border: (1px solid #000000)] [r=0 c=0 rs=1 cs=1]
              LayoutText {#text} at (2,2) size 30x19
                text run at (2,2) width 30: "Data"
            LayoutTableCell {TD} at (38,2) size 34x24 [border: (1px solid #000000)] [r=0 c=1 rs=1 cs=1]
              LayoutText {#text} at (2,2) size 30x19
                text run at (2,2) width 30: "Data"
            LayoutTableCell {TD} at (74,2) size 34x24 [border: (1px solid #000000)] [r=0 c=2 rs=1 cs=1]
              LayoutText {#text} at (2,2) size 30x19
                text run at (2,2) width 30: "Data"
          LayoutTableRow {TR} at (0,28) size 110x24
            LayoutTableCell {TD} at (2,28) size 34x24 [border: (1px solid #000000)] [r=1 c=0 rs=1 cs=1]
              LayoutText {#text} at (2,2) size 30x19
                text run at (2,2) width 30: "Data"
            LayoutTableCell {TD} at (38,28) size 34x24 [border: (1px solid #000000)] [r=1 c=1 rs=1 cs=1]
              LayoutText {#text} at (2,2) size 30x19
                text run at (2,2) width 30: "Data"
            LayoutTableCell {TD} at (74,28) size 34x24 [border: (1px solid #000000)] [r=1 c=2 rs=1 cs=1]
              LayoutText {#text} at (2,2) size 30x19
                text run at (2,2) width 30: "Data"
          LayoutTableRow {TR} at (0,54) size 110x24
            LayoutTableCell {TD} at (2,54) size 34x24 [border: (1px solid #000000)] [r=2 c=0 rs=1 cs=1]
              LayoutText {#text} at (2,2) size 30x19
                text run at (2,2) width 30: "Data"
            LayoutTableCell {TD} at (38,54) size 34x24 [border: (1px solid #000000)] [r=2 c=1 rs=1 cs=1]
              LayoutText {#text} at (2,2) size 30x19
                text run at (2,2) width 30: "Data"
            LayoutTableCell {TD} at (74,54) size 34x24 [border: (1px solid #000000)] [r=2 c=2 rs=1 cs=1]
              LayoutText {#text} at (2,2) size 30x19
                text run at (2,2) width 30: "Data"
      LayoutTable {TABLE} at (0,3224.44) size 110x184
        LayoutTableSection {THEAD} at (0,0) size 110x54
          LayoutTableRow {TR} at (0,2) size 110x24
            LayoutTableCell {TD} at (2,2) size 34x24 [border: (1px solid #000000)] [r=0 c=0 rs=1 cs=1]
              LayoutText {#text} at (2,2) size 30x19
                text run at (2,2) width 30: "Data"
            LayoutTableCell {TD} at (38,2) size 34x24 [border: (1px solid #000000)] [r=0 c=1 rs=1 cs=1]
              LayoutText {#text} at (2,2) size 30x19
                text run at (2,2) width 30: "Data"
            LayoutTableCell {TD} at (74,2) size 34x24 [border: (1px solid #000000)] [r=0 c=2 rs=1 cs=1]
              LayoutText {#text} at (2,2) size 30x19
                text run at (2,2) width 30: "Data"
          LayoutTableRow {TR} at (0,28) size 110x24
            LayoutTableCell {TD} at (2,28) size 34x24 [border: (1px solid #000000)] [r=1 c=0 rs=1 cs=1]
              LayoutText {#text} at (2,2) size 30x19
                text run at (2,2) width 30: "Data"
            LayoutTableCell {TD} at (38,28) size 34x24 [border: (1px solid #000000)] [r=1 c=1 rs=1 cs=1]
              LayoutText {#text} at (2,2) size 30x19
                text run at (2,2) width 30: "Data"
            LayoutTableCell {TD} at (74,28) size 34x24 [border: (1px solid #000000)] [r=1 c=2 rs=1 cs=1]
              LayoutText {#text} at (2,2) size 30x19
                text run at (2,2) width 30: "Data"
        LayoutTableSection {TFOOT} at (0,132) size 110x52
          LayoutTableRow {TR} at (0,0) size 110x24
            LayoutTableCell {TD} at (2,0) size 34x24 [border: (1px solid #000000)] [r=0 c=0 rs=1 cs=1]
              LayoutText {#text} at (2,2) size 30x19
                text run at (2,2) width 30: "Data"
            LayoutTableCell {TD} at (38,0) size 34x24 [border: (1px solid #000000)] [r=0 c=1 rs=1 cs=1]
              LayoutText {#text} at (2,2) size 30x19
                text run at (2,2) width 30: "Data"
            LayoutTableCell {TD} at (74,0) size 34x24 [border: (1px solid #000000)] [r=0 c=2 rs=1 cs=1]
              LayoutText {#text} at (2,2) size 30x19
                text run at (2,2) width 30: "Data"
          LayoutTableRow {TR} at (0,26) size 110x24
            LayoutTableCell {TD} at (2,26) size 34x24 [border: (1px solid #000000)] [r=1 c=0 rs=1 cs=1]
              LayoutText {#text} at (2,2) size 30x19
                text run at (2,2) width 30: "Data"
            LayoutTableCell {TD} at (38,26) size 34x24 [border: (1px solid #000000)] [r=1 c=1 rs=1 cs=1]
              LayoutText {#text} at (2,2) size 30x19
                text run at (2,2) width 30: "Data"
            LayoutTableCell {TD} at (74,26) size 34x24 [border: (1px solid #000000)] [r=1 c=2 rs=1 cs=1]
              LayoutText {#text} at (2,2) size 30x19
                text run at (2,2) width 30: "Data"
        LayoutTableSection {TBODY} at (0,54) size 110x78
          LayoutTableRow {TR} at (0,0) size 110x24
            LayoutTableCell {TD} at (2,0) size 34x24 [border: (1px solid #000000)] [r=0 c=0 rs=1 cs=1]
              LayoutText {#text} at (2,2) size 30x19
                text run at (2,2) width 30: "Data"
            LayoutTableCell {TD} at (38,0) size 34x24 [border: (1px solid #000000)] [r=0 c=1 rs=1 cs=1]
              LayoutText {#text} at (2,2) size 30x19
                text run at (2,2) width 30: "Data"
            LayoutTableCell {TD} at (74,0) size 34x24 [border: (1px solid #000000)] [r=0 c=2 rs=1 cs=1]
              LayoutText {#text} at (2,2) size 30x19
                text run at (2,2) width 30: "Data"
          LayoutTableRow {TR} at (0,26) size 110x24
            LayoutTableCell {TD} at (2,26) size 34x24 [border: (1px solid #000000)] [r=1 c=0 rs=1 cs=1]
              LayoutText {#text} at (2,2) size 30x19
                text run at (2,2) width 30: "Data"
            LayoutTableCell {TD} at (38,26) size 34x24 [border: (1px solid #000000)] [r=1 c=1 rs=1 cs=1]
              LayoutText {#text} at (2,2) size 30x19
                text run at (2,2) width 30: "Data"
            LayoutTableCell {TD} at (74,26) size 34x24 [border: (1px solid #000000)] [r=1 c=2 rs=1 cs=1]
              LayoutText {#text} at (2,2) size 30x19
                text run at (2,2) width 30: "Data"
          LayoutTableRow {TR} at (0,52) size 110x24
            LayoutTableCell {TD} at (2,52) size 34x24 [border: (1px solid #000000)] [r=2 c=0 rs=1 cs=1]
              LayoutText {#text} at (2,2) size 30x19
                text run at (2,2) width 30: "Data"
            LayoutTableCell {TD} at (38,52) size 34x24 [border: (1px solid #000000)] [r=2 c=1 rs=1 cs=1]
              LayoutText {#text} at (2,2) size 30x19
                text run at (2,2) width 30: "Data"
            LayoutTableCell {TD} at (74,52) size 34x24 [border: (1px solid #000000)] [r=2 c=2 rs=1 cs=1]
              LayoutText {#text} at (2,2) size 30x19
                text run at (2,2) width 30: "Data"
      LayoutTable {TABLE} at (0,3408.44) size 110x184
        LayoutTableSection {THEAD} at (0,0) size 110x54
          LayoutTableRow {TR} at (0,2) size 110x24
            LayoutTableCell {TD} at (2,2) size 34x24 [border: (1px solid #000000)] [r=0 c=0 rs=1 cs=1]
              LayoutText {#text} at (2,2) size 30x19
                text run at (2,2) width 30: "Data"
            LayoutTableCell {TD} at (38,2) size 34x24 [border: (1px solid #000000)] [r=0 c=1 rs=1 cs=1]
              LayoutText {#text} at (2,2) size 30x19
                text run at (2,2) width 30: "Data"
            LayoutTableCell {TD} at (74,2) size 34x24 [border: (1px solid #000000)] [r=0 c=2 rs=1 cs=1]
              LayoutText {#text} at (2,2) size 30x19
                text run at (2,2) width 30: "Data"
          LayoutTableRow {TR} at (0,28) size 110x24
            LayoutTableCell {TD} at (2,28) size 34x24 [border: (1px solid #000000)] [r=1 c=0 rs=1 cs=1]
              LayoutText {#text} at (2,2) size 30x19
                text run at (2,2) width 30: "Data"
            LayoutTableCell {TD} at (38,28) size 34x24 [border: (1px solid #000000)] [r=1 c=1 rs=1 cs=1]
              LayoutText {#text} at (2,2) size 30x19
                text run at (2,2) width 30: "Data"
            LayoutTableCell {TD} at (74,28) size 34x24 [border: (1px solid #000000)] [r=1 c=2 rs=1 cs=1]
              LayoutText {#text} at (2,2) size 30x19
                text run at (2,2) width 30: "Data"
        LayoutTableSection {TFOOT} at (0,132) size 110x52
          LayoutTableRow {TR} at (0,0) size 110x24
            LayoutTableCell {TD} at (2,0) size 34x24 [border: (1px solid #000000)] [r=0 c=0 rs=1 cs=1]
              LayoutText {#text} at (2,2) size 30x19
                text run at (2,2) width 30: "Data"
            LayoutTableCell {TD} at (38,0) size 34x24 [border: (1px solid #000000)] [r=0 c=1 rs=1 cs=1]
              LayoutText {#text} at (2,2) size 30x19
                text run at (2,2) width 30: "Data"
            LayoutTableCell {TD} at (74,0) size 34x24 [border: (1px solid #000000)] [r=0 c=2 rs=1 cs=1]
              LayoutText {#text} at (2,2) size 30x19
                text run at (2,2) width 30: "Data"
          LayoutTableRow {TR} at (0,26) size 110x24
            LayoutTableCell {TD} at (2,26) size 34x24 [border: (1px solid #000000)] [r=1 c=0 rs=1 cs=1]
              LayoutText {#text} at (2,2) size 30x19
                text run at (2,2) width 30: "Data"
            LayoutTableCell {TD} at (38,26) size 34x24 [border: (1px solid #000000)] [r=1 c=1 rs=1 cs=1]
              LayoutText {#text} at (2,2) size 30x19
                text run at (2,2) width 30: "Data"
            LayoutTableCell {TD} at (74,26) size 34x24 [border: (1px solid #000000)] [r=1 c=2 rs=1 cs=1]
              LayoutText {#text} at (2,2) size 30x19
                text run at (2,2) width 30: "Data"
        LayoutTableSection {TBODY} at (0,54) size 110x78
          LayoutTableRow {TR} at (0,0) size 110x24
            LayoutTableCell {TD} at (2,0) size 34x24 [border: (1px solid #000000)] [r=0 c=0 rs=1 cs=1]
              LayoutText {#text} at (2,2) size 30x19
                text run at (2,2) width 30: "Data"
            LayoutTableCell {TD} at (38,0) size 34x24 [border: (1px solid #000000)] [r=0 c=1 rs=1 cs=1]
              LayoutText {#text} at (2,2) size 30x19
                text run at (2,2) width 30: "Data"
            LayoutTableCell {TD} at (74,0) size 34x24 [border: (1px solid #000000)] [r=0 c=2 rs=1 cs=1]
              LayoutText {#text} at (2,2) size 30x19
                text run at (2,2) width 30: "Data"
          LayoutTableRow {TR} at (0,26) size 110x24
            LayoutTableCell {TD} at (2,26) size 34x24 [border: (1px solid #000000)] [r=1 c=0 rs=1 cs=1]
              LayoutText {#text} at (2,2) size 30x19
                text run at (2,2) width 30: "Data"
            LayoutTableCell {TD} at (38,26) size 34x24 [border: (1px solid #000000)] [r=1 c=1 rs=1 cs=1]
              LayoutText {#text} at (2,2) size 30x19
                text run at (2,2) width 30: "Data"
            LayoutTableCell {TD} at (74,26) size 34x24 [border: (1px solid #000000)] [r=1 c=2 rs=1 cs=1]
              LayoutText {#text} at (2,2) size 30x19
                text run at (2,2) width 30: "Data"
          LayoutTableRow {TR} at (0,52) size 110x24
            LayoutTableCell {TD} at (2,52) size 34x24 [border: (1px solid #000000)] [r=2 c=0 rs=1 cs=1]
              LayoutText {#text} at (2,2) size 30x19
                text run at (2,2) width 30: "Data"
            LayoutTableCell {TD} at (38,52) size 34x24 [border: (1px solid #000000)] [r=2 c=1 rs=1 cs=1]
              LayoutText {#text} at (2,2) size 30x19
                text run at (2,2) width 30: "Data"
            LayoutTableCell {TD} at (74,52) size 34x24 [border: (1px solid #000000)] [r=2 c=2 rs=1 cs=1]
              LayoutText {#text} at (2,2) size 30x19
                text run at (2,2) width 30: "Data"
      LayoutBlockFlow {P} at (0,3608.44) size 769x20
        LayoutText {#text} at (0,0) size 487x19
          text run at (0,0) width 487: "The following table should look normal, since very small heights get ignored:"
      LayoutTable {TABLE} at (0,3644.44) size 110x28
        LayoutTableSection {TBODY} at (0,0) size 110x28
          LayoutTableRow {TR} at (0,2) size 110x24
            LayoutTableCell {TD} at (2,2) size 34x24 [border: (1px solid #000000)] [r=0 c=0 rs=1 cs=1]
              LayoutText {#text} at (2,2) size 30x19
                text run at (2,2) width 30: "Data"
            LayoutTableCell {TD} at (38,2) size 34x24 [border: (1px solid #000000)] [r=0 c=1 rs=1 cs=1]
              LayoutText {#text} at (2,2) size 30x19
                text run at (2,2) width 30: "Data"
            LayoutTableCell {TD} at (74,2) size 34x24 [border: (1px solid #000000)] [r=0 c=2 rs=1 cs=1]
              LayoutText {#text} at (2,2) size 30x19
                text run at (2,2) width 30: "Data"
      LayoutBlockFlow {P} at (0,3688.44) size 769x20
        LayoutText {#text} at (0,0) size 252x19
          text run at (0,0) width 252: "So should this one, for auto cell heights:"
      LayoutTable {TABLE} at (0,3724.44) size 110x28
        LayoutTableSection {TBODY} at (0,0) size 110x28
          LayoutTableRow {TR} at (0,2) size 110x24
            LayoutTableCell {TD} at (2,2) size 34x24 [border: (1px solid #000000)] [r=0 c=0 rs=1 cs=1]
              LayoutText {#text} at (2,2) size 30x19
                text run at (2,2) width 30: "Data"
            LayoutTableCell {TD} at (38,2) size 34x24 [border: (1px solid #000000)] [r=0 c=1 rs=1 cs=1]
              LayoutText {#text} at (2,2) size 30x19
                text run at (2,2) width 30: "Data"
            LayoutTableCell {TD} at (74,2) size 34x24 [border: (1px solid #000000)] [r=0 c=2 rs=1 cs=1]
              LayoutText {#text} at (2,2) size 30x19
                text run at (2,2) width 30: "Data"
      LayoutBlockFlow {P} at (0,3768.44) size 769x20
        LayoutText {#text} at (0,0) size 627x19
          text run at (0,0) width 627: "These tables should look the same - all cells should be 100px tall with the text at the top of the cells:"
      LayoutTable {TABLE} at (0,3804.44) size 110x108
        LayoutTableSection {TBODY} at (0,0) size 110x108
          LayoutTableRow {TR} at (0,2) size 110x104
            LayoutTableCell {TD} at (2,2) size 34x24 [border: (1px solid #000000)] [r=0 c=0 rs=1 cs=1]
              LayoutText {#text} at (2,2) size 30x19
                text run at (2,2) width 30: "Data"
            LayoutTableCell {TD} at (38,2) size 34x24 [border: (1px solid #000000)] [r=0 c=1 rs=1 cs=1]
              LayoutText {#text} at (2,2) size 30x19
                text run at (2,2) width 30: "Data"
            LayoutTableCell {TD} at (74,2) size 34x24 [border: (1px solid #000000)] [r=0 c=2 rs=1 cs=1]
              LayoutText {#text} at (2,2) size 30x19
                text run at (2,2) width 30: "Data"
      LayoutTable {TABLE} at (0,3912.44) size 110x108
        LayoutTableSection {TBODY} at (0,0) size 110x108
          LayoutTableRow {TR} at (0,2) size 110x104
            LayoutTableCell {TD} at (2,42) size 34x24 [border: (1px solid #000000)] [r=0 c=0 rs=1 cs=1]
              LayoutText {#text} at (2,2) size 30x19
                text run at (2,2) width 30: "Data"
            LayoutTableCell {TD} at (38,42) size 34x24 [border: (1px solid #000000)] [r=0 c=1 rs=1 cs=1]
              LayoutText {#text} at (2,2) size 30x19
                text run at (2,2) width 30: "Data"
            LayoutTableCell {TD} at (74,42) size 34x24 [border: (1px solid #000000)] [r=0 c=2 rs=1 cs=1]
              LayoutText {#text} at (2,2) size 30x19
                text run at (2,2) width 30: "Data"
      LayoutTable {TABLE} at (0,4020.44) size 110x108
        LayoutTableSection {TBODY} at (0,0) size 110x108
          LayoutTableRow {TR} at (0,2) size 110x104
            LayoutTableCell {TD} at (2,2) size 34x24 [border: (1px solid #000000)] [r=0 c=0 rs=1 cs=1]
              LayoutText {#text} at (2,2) size 30x19
                text run at (2,2) width 30: "Data"
            LayoutTableCell {TD} at (38,2) size 34x24 [border: (1px solid #000000)] [r=0 c=1 rs=1 cs=1]
              LayoutText {#text} at (2,2) size 30x19
                text run at (2,2) width 30: "Data"
            LayoutTableCell {TD} at (74,2) size 34x24 [border: (1px solid #000000)] [r=0 c=2 rs=1 cs=1]
              LayoutText {#text} at (2,2) size 30x19
                text run at (2,2) width 30: "Data"
      LayoutTable {TABLE} at (0,4128.44) size 110x108
        LayoutTableSection {TBODY} at (0,0) size 110x108
          LayoutTableRow {TR} at (0,2) size 110x104
            LayoutTableCell {TD} at (2,2) size 34x24 [border: (1px solid #000000)] [r=0 c=0 rs=1 cs=1]
              LayoutText {#text} at (2,2) size 30x19
                text run at (2,2) width 30: "Data"
            LayoutTableCell {TD} at (38,2) size 34x24 [border: (1px solid #000000)] [r=0 c=1 rs=1 cs=1]
              LayoutText {#text} at (2,2) size 30x19
                text run at (2,2) width 30: "Data"
            LayoutTableCell {TD} at (74,2) size 34x24 [border: (1px solid #000000)] [r=0 c=2 rs=1 cs=1]
              LayoutText {#text} at (2,2) size 30x19
                text run at (2,2) width 30: "Data"
      LayoutBlockFlow {P} at (0,4252.44) size 769x20
        LayoutText {#text} at (0,0) size 715x19
          text run at (0,0) width 715: "In these four tables, the text should be 20px lower each cell, but should otherwise look like the above three tables:"
      LayoutTable {TABLE} at (0,4288.44) size 106x108
        LayoutTableSection {TBODY} at (0,0) size 106x108
          LayoutTableRow {TR} at (0,2) size 106x104
            LayoutTableCell {TD} at (2,2) size 34x24 [border: (1px solid #000000)] [r=0 c=0 rs=1 cs=1]
              LayoutText {#text} at (2,2) size 30x19
                text run at (2,2) width 30: "Data"
            LayoutTableCell {TD} at (38,2) size 32x62 [border: (1px solid #000000)] [r=0 c=1 rs=1 cs=1]
              LayoutText {#text} at (1,21) size 30x19
                text run at (1,21) width 30: "Data"
            LayoutTableCell {TD} at (72,2) size 32x102 [border: (1px solid #000000)] [r=0 c=2 rs=1 cs=1]
              LayoutText {#text} at (1,41) size 30x19
                text run at (1,41) width 30: "Data"
      LayoutTable {TABLE} at (0,4396.44) size 106x108
        LayoutTableSection {TBODY} at (0,0) size 106x108
          LayoutTableRow {TR} at (0,2) size 106x104
            LayoutTableCell {TD} at (2,2) size 34x24 [border: (1px solid #000000)] [r=0 c=0 rs=1 cs=1]
              LayoutText {#text} at (2,2) size 30x19
                text run at (2,2) width 30: "Data"
            LayoutTableCell {TD} at (38,2) size 32x42 [border: (1px solid #000000)] [r=0 c=1 rs=1 cs=1]
              LayoutText {#text} at (1,21) size 30x19
                text run at (1,21) width 30: "Data"
            LayoutTableCell {TD} at (72,2) size 32x62 [border: (1px solid #000000)] [r=0 c=2 rs=1 cs=1]
              LayoutText {#text} at (1,41) size 30x19
                text run at (1,41) width 30: "Data"
      LayoutTable {TABLE} at (0,4504.44) size 106x108
        LayoutTableSection {TBODY} at (0,0) size 106x108
          LayoutTableRow {TR} at (0,2) size 106x104
            LayoutTableCell {TD} at (2,42) size 34x24 [border: (1px solid #000000)] [r=0 c=0 rs=1 cs=1]
              LayoutText {#text} at (2,2) size 30x19
                text run at (2,2) width 30: "Data"
            LayoutTableCell {TD} at (38,23) size 32x62 [border: (1px solid #000000)] [r=0 c=1 rs=1 cs=1]
              LayoutText {#text} at (1,21) size 30x19
                text run at (1,21) width 30: "Data"
            LayoutTableCell {TD} at (72,3) size 32x102 [border: (1px solid #000000)] [r=0 c=2 rs=1 cs=1]
              LayoutText {#text} at (1,41) size 30x19
                text run at (1,41) width 30: "Data"
      LayoutTable {TABLE} at (0,4612.44) size 110x108
        LayoutTableSection {TBODY} at (0,0) size 110x108
          LayoutTableRow {TR} at (0,2) size 110x104
            LayoutTableCell {TD} at (2,42) size 34x24 [border: (1px solid #000000)] [r=0 c=0 rs=1 cs=1]
              LayoutText {#text} at (2,2) size 30x19
                text run at (2,2) width 30: "Data"
            LayoutTableCell {TD} at (38,42) size 34x24 [border: (1px solid #000000)] [r=0 c=1 rs=1 cs=1]
              LayoutText {#text} at (2,2) size 30x19
                text run at (2,2) width 30: "Data"
            LayoutTableCell {TD} at (74,42) size 34x24 [border: (1px solid #000000)] [r=0 c=2 rs=1 cs=1]
              LayoutText {#text} at (2,2) size 30x19
                text run at (2,2) width 30: "Data"
      LayoutBlockFlow {P} at (0,4736.44) size 769x20
        LayoutText {#text} at (0,0) size 370x19
          text run at (0,0) width 370: "These should have the text 40px from the top in every cell:"
      LayoutTable {TABLE} at (0,4772.44) size 106x107
        LayoutTableSection {TBODY} at (0,0) size 106x107
          LayoutTableRow {TR} at (0,2) size 106x103
            LayoutTableCell {TD} at (2,41) size 34x24 [border: (1px solid #000000)] [r=0 c=0 rs=1 cs=1]
              LayoutText {#text} at (2,2) size 30x19
                text run at (2,2) width 30: "Data"
            LayoutTableCell {TD} at (38,22) size 32x62 [border: (1px solid #000000)] [r=0 c=1 rs=1 cs=1]
              LayoutText {#text} at (1,21) size 30x19
                text run at (1,21) width 30: "Data"
            LayoutTableCell {TD} at (72,2) size 32x102 [border: (1px solid #000000)] [r=0 c=2 rs=1 cs=1]
              LayoutText {#text} at (1,41) size 30x19
                text run at (1,41) width 30: "Data"
      LayoutTable {TABLE} at (0,4879.44) size 106x106
        LayoutTableSection {TBODY} at (0,0) size 106x106
          LayoutTableRow {TR} at (0,2) size 106x102
            LayoutTableCell {TD} at (2,41) size 34x24 [border: (1px solid #000000)] [r=0 c=0 rs=1 cs=1]
              LayoutText {#text} at (2,2) size 30x19
                text run at (2,2) width 30: "Data"
            LayoutTableCell {TD} at (38,22) size 32x42 [border: (1px solid #000000)] [r=0 c=1 rs=1 cs=1]
              LayoutText {#text} at (1,21) size 30x19
                text run at (1,21) width 30: "Data"
            LayoutTableCell {TD} at (72,2) size 32x62 [border: (1px solid #000000)] [r=0 c=2 rs=1 cs=1]
              LayoutText {#text} at (1,41) size 30x19
                text run at (1,41) width 30: "Data"
      LayoutTable {TABLE} at (0,4985.44) size 106x106
        LayoutTableSection {TBODY} at (0,0) size 106x106
          LayoutTableRow {TR} at (0,2) size 106x102
            LayoutTableCell {TD} at (2,41) size 34x24 [border: (1px solid #000000)] [r=0 c=0 rs=1 cs=1]
              LayoutText {#text} at (2,2) size 30x19
                text run at (2,2) width 30: "Data"
            LayoutTableCell {TD} at (38,22) size 32x62 [border: (1px solid #000000)] [r=0 c=1 rs=1 cs=1]
              LayoutText {#text} at (1,21) size 30x19
                text run at (1,21) width 30: "Data"
            LayoutTableCell {TD} at (72,2) size 32x102 [border: (1px solid #000000)] [r=0 c=2 rs=1 cs=1]
              LayoutText {#text} at (1,41) size 30x19
                text run at (1,41) width 30: "Data"
      LayoutTable {TABLE} at (0,5091.44) size 106x106
        LayoutTableSection {TBODY} at (0,0) size 106x106
          LayoutTableRow {TR} at (0,2) size 106x102
            LayoutTableCell {TD} at (2,80) size 34x24 [border: (1px solid #000000)] [r=0 c=0 rs=1 cs=1]
              LayoutText {#text} at (2,2) size 30x19
                text run at (2,2) width 30: "Data"
            LayoutTableCell {TD} at (38,42) size 32x62 [border: (1px solid #000000)] [r=0 c=1 rs=1 cs=1]
              LayoutText {#text} at (1,21) size 30x19
                text run at (1,21) width 30: "Data"
            LayoutTableCell {TD} at (72,2) size 32x102 [border: (1px solid #000000)] [r=0 c=2 rs=1 cs=1]
              LayoutText {#text} at (1,41) size 30x19
                text run at (1,41) width 30: "Data"
      LayoutTable {TABLE} at (0,5197.44) size 106x68
        LayoutTableSection {TBODY} at (0,0) size 106x68
          LayoutTableRow {TR} at (0,2) size 106x64
            LayoutTableCell {TD} at (2,42) size 34x24 [border: (1px solid #000000)] [r=0 c=0 rs=1 cs=1]
              LayoutText {#text} at (2,2) size 30x19
                text run at (2,2) width 30: "Data"
            LayoutTableCell {TD} at (38,24) size 32x42 [border: (1px solid #000000)] [r=0 c=1 rs=1 cs=1]
              LayoutText {#text} at (1,1) size 30x19
                text run at (1,1) width 30: "Data"
            LayoutTableCell {TD} at (72,4) size 32x62 [border: (1px solid #000000)] [r=0 c=2 rs=1 cs=1]
              LayoutText {#text} at (1,1) size 30x19
                text run at (1,1) width 30: "Data"
      LayoutBlockFlow {P} at (0,5281.44) size 769x40
        LayoutText {#text} at (0,0) size 749x39
          text run at (0,0) width 749: "In each of the following tables, three of the cells should have the same baseline of the first line, and the three so marked"
          text run at (0,20) width 269: "should be aligned top, middle, and bottom:"
      LayoutTable {TABLE} at (0,5337.44) size 457x121
        LayoutTableSection {TBODY} at (0,0) size 457x121
          LayoutTableRow {TR} at (0,2) size 457x117
            LayoutTableCell {TD} at (2,75) size 34x24 [border: (1px solid #000000)] [r=0 c=0 rs=1 cs=1]
              LayoutText {#text} at (2,2) size 30x19
                text run at (2,2) width 30: "Data"
            LayoutTableCell {TD} at (38,46) size 94x61 [border: (1px solid #000000)] [r=0 c=1 rs=1 cs=1]
              LayoutText {#text} at (2,3) size 90x55
                text run at (2,3) width 90: "Data"
            LayoutTableCell {TD} at (134,2) size 186x117 [border: (1px solid #000000)] [r=0 c=2 rs=1 cs=1]
              LayoutText {#text} at (2,4) size 182x109
                text run at (2,4) width 182: "Data"
            LayoutTableCell {TD} at (322,2) size 29x24 [border: (1px solid #000000)] [r=0 c=3 rs=1 cs=1]
              LayoutText {#text} at (2,2) size 25x19
                text run at (2,2) width 25: "Top"
            LayoutTableCell {TD} at (353,48) size 49x24 [border: (1px solid #000000)] [r=0 c=4 rs=1 cs=1]
              LayoutText {#text} at (2,2) size 45x19
                text run at (2,2) width 45: "Middle"
            LayoutTableCell {TD} at (404,95) size 51x24 [border: (1px solid #000000)] [r=0 c=5 rs=1 cs=1]
              LayoutText {#text} at (2,2) size 47x19
                text run at (2,2) width 47: "Bottom"
      LayoutTable {TABLE} at (0,5458.44) size 457x121
        LayoutTableSection {TBODY} at (0,0) size 457x121
          LayoutTableRow {TR} at (0,2) size 457x117
            LayoutTableCell {TD} at (2,2) size 29x24 [border: (1px solid #000000)] [r=0 c=0 rs=1 cs=1]
              LayoutText {#text} at (2,2) size 25x19
                text run at (2,2) width 25: "Top"
            LayoutTableCell {TD} at (33,48) size 49x24 [border: (1px solid #000000)] [r=0 c=1 rs=1 cs=1]
              LayoutText {#text} at (2,2) size 45x19
                text run at (2,2) width 45: "Middle"
            LayoutTableCell {TD} at (84,95) size 51x24 [border: (1px solid #000000)] [r=0 c=2 rs=1 cs=1]
              LayoutText {#text} at (2,2) size 47x19
                text run at (2,2) width 47: "Bottom"
            LayoutTableCell {TD} at (137,2) size 186x117 [border: (1px solid #000000)] [r=0 c=3 rs=1 cs=1]
              LayoutText {#text} at (2,4) size 182x109
                text run at (2,4) width 182: "Data"
            LayoutTableCell {TD} at (325,75) size 34x24 [border: (1px solid #000000)] [r=0 c=4 rs=1 cs=1]
              LayoutText {#text} at (2,2) size 30x19
                text run at (2,2) width 30: "Data"
            LayoutTableCell {TD} at (361,46) size 94x61 [border: (1px solid #000000)] [r=0 c=5 rs=1 cs=1]
              LayoutText {#text} at (2,3) size 90x55
                text run at (2,3) width 90: "Data"
      LayoutTable {TABLE} at (0,5579.44) size 457x121
        LayoutTableSection {TBODY} at (0,0) size 457x121
          LayoutTableRow {TR} at (0,2) size 457x117
            LayoutTableCell {TD} at (2,2) size 186x117 [border: (1px solid #000000)] [r=0 c=0 rs=1 cs=1]
              LayoutText {#text} at (2,4) size 182x109
                text run at (2,4) width 182: "Data"
            LayoutTableCell {TD} at (190,2) size 29x24 [border: (1px solid #000000)] [r=0 c=1 rs=1 cs=1]
              LayoutText {#text} at (2,2) size 25x19
                text run at (2,2) width 25: "Top"
            LayoutTableCell {TD} at (221,48) size 49x24 [border: (1px solid #000000)] [r=0 c=2 rs=1 cs=1]
              LayoutText {#text} at (2,2) size 45x19
                text run at (2,2) width 45: "Middle"
            LayoutTableCell {TD} at (272,75) size 34x24 [border: (1px solid #000000)] [r=0 c=3 rs=1 cs=1]
              LayoutText {#text} at (2,2) size 30x19
                text run at (2,2) width 30: "Data"
            LayoutTableCell {TD} at (308,95) size 51x24 [border: (1px solid #000000)] [r=0 c=4 rs=1 cs=1]
              LayoutText {#text} at (2,2) size 47x19
                text run at (2,2) width 47: "Bottom"
            LayoutTableCell {TD} at (361,46) size 94x61 [border: (1px solid #000000)] [r=0 c=5 rs=1 cs=1]
              LayoutText {#text} at (2,3) size 90x55
                text run at (2,3) width 90: "Data"
      LayoutTable {TABLE} at (0,5700.44) size 457x121
        LayoutTableSection {TBODY} at (0,0) size 457x121
          LayoutTableRow {TR} at (0,2) size 457x117
            LayoutTableCell {TD} at (2,2) size 29x24 [border: (1px solid #000000)] [r=0 c=0 rs=1 cs=1]
              LayoutText {#text} at (2,2) size 25x19
                text run at (2,2) width 25: "Top"
            LayoutTableCell {TD} at (33,75) size 34x24 [border: (1px solid #000000)] [r=0 c=1 rs=1 cs=1]
              LayoutText {#text} at (2,2) size 30x19
                text run at (2,2) width 30: "Data"
            LayoutTableCell {TD} at (69,46) size 94x61 [border: (1px solid #000000)] [r=0 c=2 rs=1 cs=1]
              LayoutText {#text} at (2,3) size 90x55
                text run at (2,3) width 90: "Data"
            LayoutTableCell {TD} at (165,48) size 49x24 [border: (1px solid #000000)] [r=0 c=3 rs=1 cs=1]
              LayoutText {#text} at (2,2) size 45x19
                text run at (2,2) width 45: "Middle"
            LayoutTableCell {TD} at (216,95) size 51x24 [border: (1px solid #000000)] [r=0 c=4 rs=1 cs=1]
              LayoutText {#text} at (2,2) size 47x19
                text run at (2,2) width 47: "Bottom"
            LayoutTableCell {TD} at (269,2) size 186x117 [border: (1px solid #000000)] [r=0 c=5 rs=1 cs=1]
              LayoutText {#text} at (2,4) size 182x109
                text run at (2,4) width 182: "Data"
      LayoutTable {TABLE} at (0,5821.44) size 457x121
        LayoutTableSection {TBODY} at (0,0) size 457x121
          LayoutTableRow {TR} at (0,2) size 457x117
            LayoutTableCell {TD} at (2,2) size 29x24 [border: (1px solid #000000)] [r=0 c=0 rs=1 cs=1]
              LayoutText {#text} at (2,2) size 25x19
                text run at (2,2) width 25: "Top"
            LayoutTableCell {TD} at (33,46) size 94x61 [border: (1px solid #000000)] [r=0 c=1 rs=1 cs=1]
              LayoutText {#text} at (2,3) size 90x55
                text run at (2,3) width 90: "Data"
            LayoutTableCell {TD} at (129,95) size 51x24 [border: (1px solid #000000)] [r=0 c=2 rs=1 cs=1]
              LayoutText {#text} at (2,2) size 47x19
                text run at (2,2) width 47: "Bottom"
            LayoutTableCell {TD} at (182,75) size 34x24 [border: (1px solid #000000)] [r=0 c=3 rs=1 cs=1]
              LayoutText {#text} at (2,2) size 30x19
                text run at (2,2) width 30: "Data"
            LayoutTableCell {TD} at (218,2) size 186x117 [border: (1px solid #000000)] [r=0 c=4 rs=1 cs=1]
              LayoutText {#text} at (2,4) size 182x109
                text run at (2,4) width 182: "Data"
            LayoutTableCell {TD} at (406,48) size 49x24 [border: (1px solid #000000)] [r=0 c=5 rs=1 cs=1]
              LayoutText {#text} at (2,2) size 45x19
                text run at (2,2) width 45: "Middle"
      LayoutBlockFlow {HR} at (0,5950.44) size 769x2 [border: (1px inset #EEEEEE)]
      LayoutBlockFlow {P} at (0,5968.44) size 769x36
        LayoutInline {A} at (0,0) size 88x19 [color=#0000EE]
          LayoutImage {IMG} at (0,0) size 88x31
      LayoutBlockFlow {P} at (0,6020.44) size 769x20
        LayoutText {#text} at (0,0) size 58x19
          text run at (0,0) width 58: "(Back to "
        LayoutInline {A} at (0,0) size 157x19 [color=#0000EE]
          LayoutText {#text} at (58,0) size 157x19
            text run at (58,0) width 157: "CSS Testing Information"
        LayoutText {#text} at (214,0) size 9x19
          text run at (214,0) width 9: ", "
        LayoutInline {A} at (0,0) size 83x19 [color=#0000EE]
          LayoutText {#text} at (222,0) size 83x19
            text run at (222,0) width 83: "David Baron"
        LayoutText {#text} at (304,0) size 6x19
          text run at (304,0) width 6: ")"
      LayoutBlockFlow {P} at (0,6056.44) size 769x20
        LayoutInline {A} at (0,0) size 33x19 [color=#0000EE]
          LayoutText {#text} at (0,0) size 33x19
            text run at (0,0) width 33: "LDB"
        LayoutText {#text} at (33,0) size 8x19
          text run at (33,0) width 8: ", "
        LayoutInline {A} at (0,0) size 156x19 [color=#0000EE]
          LayoutText {#text} at (41,0) size 156x19
            text run at (41,0) width 156: "dbaron@fas.harvard.edu"
