layer at (0,0) size 800x600 clip at (0,0) size 785x600 scrollHeight 2036
  LayoutView at (0,0) size 800x600
layer at (0,0) size 785x2036 backgroundClip at (0,0) size 785x600 clip at (0,0) size 785x600
  LayoutBlockFlow {HTML} at (0,0) size 785x2036
    LayoutBlockFlow {BODY} at (0,0) size 785x2036 [bgcolor=#53799F]
      LayoutBlockFlow {CENTER} at (0,0) size 785x2036
        LayoutBlockFlow (anonymous) at (0,0) size 785x20
          LayoutBR {BR} at (392,0) size 1x19
        LayoutTable {TABLE} at (20,20) size 745x1996 [border: (1px solid #000000)]
          LayoutTableSection {TBODY} at (1,1) size 743x1994
            LayoutTableRow {TR} at (0,0) size 743x22
              LayoutTableCell {TD} at (0,0) size 743x22 [bgcolor=#3F5694] [border: (1px solid #000000)] [r=0 c=0 rs=1 cs=1]
                LayoutText {#text} at (353,1) size 37x19
                  text run at (353,1) width 37: "News"
            LayoutTableRow {TR} at (0,22) size 743x42
              LayoutTableCell {TD} at (0,22) size 743x42 [border: (1px solid #000000)] [r=1 c=0 rs=1 cs=1]
                LayoutInline {B} at (0,0) size 97x19
                  LayoutText {#text} at (323,1) size 97x19
                    text run at (323,1) width 97: "11. M\x{E4}rz 2002"
                LayoutBR {BR} at (419,16) size 1x0
                LayoutText {#text} at (59,21) size 625x19
                  text run at (59,21) width 490: "nun gibt es auch eine kommerzielle Version vom PopUp-Manager, mehr Info "
                  text run at (548,21) width 136: "unter komerz. Scripte"
            LayoutTableRow {TR} at (0,64) size 743x42
              LayoutTableCell {TD} at (0,64) size 743x42 [border: (1px solid #000000)] [r=2 c=0 rs=1 cs=1]
                LayoutInline {B} at (0,0) size 93x19
                  LayoutText {#text} at (325,1) size 93x19
                    text run at (325,1) width 93: "09.M\x{E4}rz 2002"
                  LayoutBR {BR} at (418,16) size 0x0
                LayoutText {#text} at (168,21) size 407x19
                  text run at (168,21) width 407: "neues Script ist online, PopUp-Manager, mehr Info unter Scripte"
            LayoutTableRow {TR} at (0,106) size 743x42
              LayoutTableCell {TD} at (0,106) size 743x42 [border: (1px solid #000000)] [r=3 c=0 rs=1 cs=1]
                LayoutText {#text} at (308,1) size 127x19
                  text run at (308,1) width 127: "17. November 2001"
                LayoutBR {BR} at (435,16) size 0x0
                LayoutText {#text} at (288,21) size 167x19
                  text run at (288,21) width 167: "Endlich wieder Online! :-)"
            LayoutTableRow {TR} at (0,148) size 743x182
              LayoutTableCell {TD} at (0,148) size 743x182 [border: (1px solid #000000)] [r=4 c=0 rs=1 cs=1]
                LayoutText {#text} at (276,1) size 191x19
                  text run at (276,1) width 191: "23. Oktober 2001 (21:00 Uhr)"
                LayoutBR {BR} at (467,16) size 0x0
                LayoutText {#text} at (316,21) size 111x19
                  text run at (316,21) width 111: "Es ist vollbracht! "
                LayoutBR {BR} at (426,36) size 1x0
                LayoutText {#text} at (212,41) size 319x19
                  text run at (212,41) width 319: "Ich habe nun den .htaccess-BUG bei den Scripten:"
                LayoutBR {BR} at (531,56) size 0x0
                LayoutText {#text} at (110,61) size 523x19
                  text run at (110,61) width 523: "The Real Topsites, Sponsor Manager, Download Manager und Password Manager"
                LayoutBR {BR} at (632,76) size 1x0
                LayoutText {#text} at (129,81) size 485x19
                  text run at (129,81) width 426: "abgeschafft, brauchte 2 Tage daf\x{FC}r, dabei lag der Fehler vor meiner "
                  text run at (554,81) width 60: "Nase ! :-)"
                LayoutBR {BR} at (613,96) size 1x0
                LayoutText {#text} at (9,101) size 725x79
                  text run at (9,101) width 377: "F\x{FC}r Euch hei\x{DF}t es, wenn Ihr eines der Scripte benutzt, ladet "
                  text run at (385,101) width 349: "Euch die admin.cgi runter und vereinbart unbedingt ein"
                  text run at (11,121) width 111: "neues Password! "
                  text run at (121,121) width 453: "Au\x{DF}erdem wurde bei der Toplist die Sache mit dem Button Load/Klick "
                  text run at (573,121) width 159: "um programmiert, f\x{FC}r die"
                  text run at (14,141) width 308: "Leute die den Button Load/Klick Modus haben, "
                  text run at (321,141) width 408: "Ihr m\x{FC}st Euch auch die topsites.cgi laden und im Admin Bereich"
                  text run at (195,161) width 36: "unter "
                  text run at (231,161) width 317: "Modus unten die URL zu Eurem Button angeben!"
            LayoutTableRow {TR} at (0,330) size 743x42
              LayoutTableCell {TD} at (0,330) size 743x42 [border: (1px solid #000000)] [r=5 c=0 rs=1 cs=1]
                LayoutText {#text} at (315,1) size 113x19
                  text run at (315,1) width 113: "22. Oktober 2001"
                LayoutBR {BR} at (427,16) size 1x0
                LayoutText {#text} at (133,21) size 477x19
                  text run at (133,21) width 430: "Download-Bereich ist vorrerst geschlo\x{DF}en, kommen Sie bitte sp\x{E4}ter "
                  text run at (562,21) width 48: "wieder."
            LayoutTableRow {TR} at (0,372) size 743x62
              LayoutTableCell {TD} at (0,372) size 743x62 [border: (1px solid #000000)] [r=6 c=0 rs=1 cs=1]
                LayoutText {#text} at (276,1) size 191x19
                  text run at (276,1) width 191: "21. Oktober 2001 (22:45 Uhr)"
                LayoutBR {BR} at (467,16) size 0x0
                LayoutText {#text} at (4,21) size 735x39
                  text run at (4,21) width 410: "OK, sorry f\x{FC}r die Unannehmlichkeiten, aber Ihr m\x{FC}sst Euch nun "
                  text run at (414,21) width 325: "noch mal die Scripte runter laden und die admin.cgi"
                  text run at (82,41) width 140: "erneuern, hier kommt "
                  text run at (221,41) width 440: "noch das Password-Manager-Script dazu, sollte jetzt alles sicher sein! "
                LayoutBR {BR} at (0,0) size 0x0
            LayoutTableRow {TR} at (0,434) size 743x122
              LayoutTableCell {TD} at (0,434) size 743x122 [border: (1px solid #000000)] [r=7 c=0 rs=1 cs=1]
                LayoutText {#text} at (276,1) size 191x19
                  text run at (276,1) width 191: "21. Oktober 2001 (20:50 Uhr)"
                LayoutBR {BR} at (467,16) size 0x0
                LayoutText {#text} at (179,21) size 385x19
                  text run at (179,21) width 385: "An alle Leute die follgende Scripte von G5-Scripts benutzen:"
                LayoutBR {BR} at (564,36) size 0x0
                LayoutText {#text} at (189,41) size 365x19
                  text run at (189,41) width 365: "The Real Topsites, Download Counter, Sponsor Manager"
                LayoutBR {BR} at (553,56) size 1x0
                LayoutText {#text} at (35,61) size 673x19
                  text run at (35,61) width 466: "bitte noch ein mal runter laden und die admin.cgi erneuern, beim Sponsor "
                  text run at (501,61) width 207: "Manager kommt noch eine Datei"
                LayoutBR {BR} at (708,76) size 0x0
                LayoutText {#text} at (313,81) size 117x19
                  text run at (313,81) width 117: "'variable.pl' dazu!!"
                LayoutBR {BR} at (429,96) size 1x0
                LayoutText {#text} at (84,101) size 575x19
                  text run at (84,101) width 473: "Der Grund : man hat festgestellt das .htaccess Password Schutz doch nicht "
                  text run at (556,101) width 103: "das sicherste ist!"
            LayoutTableRow {TR} at (0,556) size 743x198
              LayoutTableCell {TD} at (0,556) size 743x198 [border: (1px solid #000000)] [r=8 c=0 rs=1 cs=1]
                LayoutBlockFlow {P} at (1,1) size 741x140
                  LayoutText {#text} at (314,0) size 113x19
                    text run at (314,0) width 113: "13. Oktober 2001"
                  LayoutBR {BR} at (426,15) size 1x0
                  LayoutText {#text} at (90,20) size 561x19
                    text run at (90,20) width 482: "Ich habe es nun endlich geschafft das Gateway bei der Toplist mit IP-Sperre "
                    text run at (571,20) width 80: "zu versehen,"
                  LayoutBR {BR} at (650,35) size 1x0
                  LayoutText {#text} at (10,40) size 721x19
                    text run at (10,40) width 443: "dabei war der Fehler den ich vorher nicht verstand eine simple Sache, "
                    text run at (452,40) width 279: "h\x{E4}tte ich doch ein wenig mehr nachgedacht!"
                  LayoutBR {BR} at (730,55) size 1x0
                  LayoutText {#text} at (12,60) size 717x79
                    text run at (12,60) width 431: "Des weiteren habe ich noch die Datensicherung umgeschrieben, f\x{FC}r "
                    text run at (442,60) width 287: "alle die Listen deren Hits ab und zu mal auf 0"
                    text run at (24,80) width 140: "gesetzt werden, sollte "
                    text run at (163,80) width 456: "jetzt nicht mehr passieren und ich habe noch den Mail Versand aus dem "
                    text run at (618,80) width 99: "Admin-Bereich"
                    text run at (27,100) width 349: "umgeschrieben und zwar wurde fr\x{FC}her der Text immer "
                    text run at (375,100) width 339: "zusammen gequetscht, die Enters wurden so zu sagen"
                    text run at (289,120) width 91: "ignoriert, jetzt "
                    text run at (380,120) width 72: "nicht mehr!"
                LayoutBlockFlow {P} at (1,157) size 741x40
                  LayoutText {#text} at (8,0) size 725x39
                    text run at (8,0) width 374: ">> F\x{FC}r alle die das Script vor dem 11.10.01 runter geladen "
                    text run at (381,0) width 352: "haben, Ihr solltet es Euch noch mal runter laden und die"
                    text run at (142,20) width 121: "folgenden Dateien "
                    text run at (262,20) width 337: "durch die neuen ersetzen: topsites.cgi und admin.cgi ."
            LayoutTableRow {TR} at (0,754) size 743x42
              LayoutTableCell {TD} at (0,754) size 743x42 [border: (1px solid #000000)] [r=9 c=0 rs=1 cs=1]
                LayoutText {#text} at (315,1) size 113x19
                  text run at (315,1) width 113: "11. Oktober 2001"
                LayoutBR {BR} at (427,16) size 1x0
                LayoutText {#text} at (130,21) size 483x19
                  text run at (130,21) width 483: "neues Script ist online, .htaccess-Password-Manager, mehr Info unter Scripte"
            LayoutTableRow {TR} at (0,796) size 743x42
              LayoutTableCell {TD} at (0,796) size 743x42 [border: (1px solid #000000)] [r=10 c=0 rs=1 cs=1]
                LayoutText {#text} at (308,1) size 127x19
                  text run at (308,1) width 127: "08. September 2001"
                LayoutBR {BR} at (435,16) size 0x0
                LayoutText {#text} at (205,21) size 333x19
                  text run at (205,21) width 333: "Eine neu Version des Download Counters ist online!"
            LayoutTableRow {TR} at (0,838) size 743x62
              LayoutTableCell {TD} at (0,838) size 743x62 [border: (1px solid #000000)] [r=11 c=0 rs=1 cs=1]
                LayoutText {#text} at (318,1) size 107x19
                  text run at (318,1) width 107: "11. August 2001"
                LayoutBR {BR} at (424,16) size 1x0
                LayoutText {#text} at (38,21) size 667x19
                  text run at (38,21) width 445: "Ich habe so eben eine random.cgi f\x{FC}r den Topsites Script geschrieben. "
                  text run at (482,21) width 223: "Die random.cgi f\x{FC}hrt den Besucher"
                LayoutBR {BR} at (704,36) size 1x0
                LayoutText {#text} at (260,41) size 223x19
                  text run at (260,41) width 223: "auf eine zuf\x{E4}llig ausgew\x{E4}hlte Seite."
            LayoutTableRow {TR} at (0,900) size 743x62
              LayoutTableCell {TD} at (0,900) size 743x62 [border: (1px solid #000000)] [r=12 c=0 rs=1 cs=1]
                LayoutText {#text} at (318,1) size 107x19
                  text run at (318,1) width 107: "08. August 2001"
                LayoutBR {BR} at (424,16) size 1x0
                LayoutText {#text} at (103,21) size 537x19
                  text run at (103,21) width 463: "Ich schreibe gerade eine neue Version von dem Download Counter, bitte "
                  text run at (565,21) width 75: "schreibt mir"
                LayoutBR {BR} at (639,36) size 1x0
                LayoutText {#text} at (193,41) size 357x19
                  text run at (193,41) width 357: "ins Forum was Ihr da alles haben wollt, wer das benutzt!"
            LayoutTableRow {TR} at (0,962) size 743x62
              LayoutTableCell {TD} at (0,962) size 743x62 [border: (1px solid #000000)] [r=13 c=0 rs=1 cs=1]
                LayoutText {#text} at (330,1) size 83x19
                  text run at (330,1) width 83: "09. Juli 2001"
                LayoutBR {BR} at (412,16) size 1x0
                LayoutText {#text} at (22,21) size 699x39
                  text run at (22,21) width 450: "eine kleiner Bug in der Topsites.cgi wurde behoben! Wer m\x{F6}chte kann "
                  text run at (471,21) width 250: "sich die jetzige Zip runter laden und die"
                  text run at (189,41) width 170: "topsites.cgi auktualisieren, "
                  text run at (358,41) width 196: "mu\x{DF} aber nicht unbedingt sein!"
            LayoutTableRow {TR} at (0,1024) size 743x62
              LayoutTableCell {TD} at (0,1024) size 743x62 [border: (1px solid #000000)] [r=14 c=0 rs=1 cs=1]
                LayoutText {#text} at (330,1) size 83x19
                  text run at (330,1) width 83: "01. Juli 2001"
                LayoutBR {BR} at (412,16) size 1x0
                LayoutText {#text} at (89,21) size 565x19
                  text run at (89,21) width 500: "Jetzt haben wir einen Support Forum, postet Eure Fragen da rein und versuche "
                  text run at (588,21) width 66: "Sie alle zu"
                LayoutBR {BR} at (653,36) size 1x0
                LayoutText {#text} at (64,41) size 615x19
                  text run at (64,41) width 391: "beantworten! Au\x{DF}erdem k\x{F6}nnt Ihr dort auch Eure Vorschl\x{E4}ge "
                  text run at (454,41) width 225: "zu den einzelnen Scripten abgeben!"
            LayoutTableRow {TR} at (0,1086) size 743x62
              LayoutTableCell {TD} at (0,1086) size 743x62 [border: (1px solid #000000)] [r=15 c=0 rs=1 cs=1]
                LayoutText {#text} at (330,1) size 83x19
                  text run at (330,1) width 83: "01. Juli 2001"
                LayoutBR {BR} at (412,16) size 1x0
                LayoutText {#text} at (118,21) size 507x19
                  text run at (118,21) width 482: "Und wieder eine neue Version von The Real Topsites ist online, die Version "
                  text run at (599,21) width 26: "3.4!"
                LayoutBR {BR} at (624,36) size 1x0
                LayoutText {#text} at (152,41) size 439x19
                  text run at (152,41) width 439: "Es gibt einige neue Funktionen und es wurde auch einiges verbessert!"
            LayoutTableRow {TR} at (0,1148) size 743x62
              LayoutTableCell {TD} at (0,1148) size 743x62 [border: (1px solid #000000)] [r=16 c=0 rs=1 cs=1]
                LayoutText {#text} at (328,1) size 87x19
                  text run at (328,1) width 87: "20. Juni 2001"
                LayoutBR {BR} at (414,16) size 1x0
                LayoutText {#text} at (131,21) size 481x19
                  text run at (131,21) width 450: "unser Hoster hat ein paar kleine Probleme also sollte irgend was an der "
                  text run at (580,21) width 32: "Seite"
                LayoutBR {BR} at (611,36) size 1x0
                LayoutText {#text} at (248,41) size 247x19
                  text run at (248,41) width 247: "nicht gehen, einfach wieder versuchen!"
            LayoutTableRow {TR} at (0,1210) size 743x102
              LayoutTableCell {TD} at (0,1210) size 743x102 [border: (1px solid #000000)] [r=17 c=0 rs=1 cs=1]
                LayoutText {#text} at (328,1) size 87x19
                  text run at (328,1) width 87: "09. Juni 2001"
                LayoutBR {BR} at (414,16) size 1x0
                LayoutText {#text} at (93,21) size 557x19
                  text run at (93,21) width 447: "Die neue Version (3.3) von The Real Topsites ist online, es gibt einige "
                  text run at (539,21) width 111: "neue Funktionen "
                LayoutBR {BR} at (649,36) size 1x0
                LayoutText {#text} at (254,41) size 235x19
                  text run at (254,41) width 235: "und es wurde auch einiges ver\x{E4}ndert!"
                LayoutBR {BR} at (489,56) size 0x0
                LayoutText {#text} at (241,61) size 261x19
                  text run at (241,61) width 261: "Mehr Info unter \"Perl Scripte\" im Men\x{FC}. "
                LayoutBR {BR} at (501,76) size 1x0
                LayoutText {#text} at (160,81) size 423x19
                  text run at (160,81) width 423: "P.S. den Umstieg auf die Version3.3 kann ich Euch nur empfehlen!"
            LayoutTableRow {TR} at (0,1312) size 743x82
              LayoutTableCell {TD} at (0,1312) size 743x82 [border: (1px solid #000000)] [r=18 c=0 rs=1 cs=1]
                LayoutText {#text} at (328,1) size 87x19
                  text run at (328,1) width 87: "04. Juni 2001"
                LayoutBR {BR} at (414,16) size 1x0
                LayoutText {#text} at (142,21) size 459x19
                  text run at (142,21) width 459: "Ein kleiner Bug bei Topsites Script wurde gefunden und sofort behoben!"
                LayoutBR {BR} at (600,36) size 1x0
                LayoutText {#text} at (148,41) size 447x19
                  text run at (148,41) width 447: "Bug: es wurde immer wieder die selbe Site Of The Moment angezeigt!"
                LayoutBR {BR} at (594,56) size 1x0
                LayoutText {#text} at (152,61) size 439x19
                  text run at (152,61) width 434: "Ladet Euch die jetzige Version runter und ersetzt nur die topsites.cgi "
                  text run at (585,61) width 6: "!"
            LayoutTableRow {TR} at (0,1394) size 743x62
              LayoutTableCell {TD} at (0,1394) size 743x62 [border: (1px solid #000000)] [r=19 c=0 rs=1 cs=1]
                LayoutText {#text} at (328,1) size 87x19
                  text run at (328,1) width 87: "01. Juni 2001"
                LayoutBR {BR} at (414,16) size 1x0
                LayoutText {#text} at (218,21) size 307x19
                  text run at (218,21) width 307: "Ein neues Script ist online! G5-ICQ Newsletter. "
                LayoutBR {BR} at (524,36) size 1x0
                LayoutText {#text} at (243,41) size 257x19
                  text run at (243,41) width 257: "Mehr Info unter \"Perl Scripte\" im Men\x{FC}."
            LayoutTableRow {TR} at (0,1456) size 743x62
              LayoutTableCell {TD} at (0,1456) size 743x62 [border: (1px solid #000000)] [r=20 c=0 rs=1 cs=1]
                LayoutText {#text} at (329,1) size 85x19
                  text run at (329,1) width 85: "31. Mai 2001"
                LayoutBR {BR} at (414,16) size 0x0
                LayoutText {#text} at (164,21) size 415x19
                  text run at (164,21) width 415: "Ich habe einen ICQ-Newsletter Script installiert, unter dem Men\x{FC}."
                LayoutBR {BR} at (579,36) size 0x0
                LayoutText {#text} at (183,41) size 377x19
                  text run at (183,41) width 377: "Tragt Euch ein, dann seit Ihr immer auf dem neusten Stand!"
            LayoutTableRow {TR} at (0,1518) size 743x42
              LayoutTableCell {TD} at (0,1518) size 743x42 [border: (1px solid #000000)] [r=21 c=0 rs=1 cs=1]
                LayoutText {#text} at (329,1) size 85x19
                  text run at (329,1) width 85: "26. Mai 2001"
                LayoutBR {BR} at (414,16) size 0x0
                LayoutText {#text} at (265,21) size 213x19
                  text run at (265,21) width 213: "The Real Topsites v3.0 ist online!"
            LayoutTableRow {TR} at (0,1560) size 743x62
              LayoutTableCell {TD} at (0,1560) size 743x62 [border: (1px solid #000000)] [r=22 c=0 rs=1 cs=1]
                LayoutText {#text} at (329,1) size 85x19
                  text run at (329,1) width 85: "25. Mai 2001"
                LayoutBR {BR} at (414,16) size 0x0
                LayoutText {#text} at (209,21) size 325x19
                  text run at (209,21) width 325: "Ein neues Script ist online! G5-Download Counter."
                LayoutBR {BR} at (533,36) size 1x0
                LayoutText {#text} at (243,41) size 257x19
                  text run at (243,41) width 257: "Mehr Info unter \"Perl Scripte\" im Men\x{FC}."
            LayoutTableRow {TR} at (0,1622) size 743x102
              LayoutTableCell {TD} at (0,1622) size 743x102 [border: (1px solid #000000)] [r=23 c=0 rs=1 cs=1]
                LayoutText {#text} at (329,1) size 85x19
                  text run at (329,1) width 85: "24. Mai 2001"
                LayoutBR {BR} at (414,16) size 0x0
                LayoutText {#text} at (122,21) size 499x19
                  text run at (122,21) width 425: "Ich habe es mir sehr lange \x{FC}berlegt, die Entscheidung war wirklich "
                  text run at (546,21) width 75: "nicht leicht!"
                LayoutBR {BR} at (620,36) size 1x0
                LayoutText {#text} at (96,41) size 551x19
                  text run at (96,41) width 402: "Ich habe mich entschieden den Script \"The Real Topsites\" zum "
                  text run at (497,41) width 150: "Download freizugeben."
                LayoutBR {BR} at (646,56) size 1x0
                LayoutText {#text} at (227,61) size 289x19
                  text run at (227,61) width 289: "Ihr k\x{F6}nnt es Euch jetzt kostenlos runter laden!"
                LayoutBR {BR} at (516,76) size 0x0
                LayoutText {#text} at (318,81) size 107x19
                  text run at (318,81) width 107: "Viel Spa\x{DF} damit!"
            LayoutTableRow {TR} at (0,1724) size 743x62
              LayoutTableCell {TD} at (0,1724) size 743x62 [border: (1px solid #000000)] [r=24 c=0 rs=1 cs=1]
                LayoutText {#text} at (329,1) size 85x19
                  text run at (329,1) width 85: "13. Mai 2001"
                LayoutBR {BR} at (414,16) size 0x0
                LayoutText {#text} at (8,21) size 727x39
                  text run at (8,21) width 465: "Es gab nur eine kleine Ver\x{E4}nderung bei G5-Sponsor-Manager, man kann "
                  text run at (472,21) width 263: "den Script jetzt auch via Java aufrufen, so"
                  text run at (69,41) width 170: "das Euer Server jetzt nicht "
                  text run at (238,41) width 365: "unbedingt SSI unterst\x{FC}tzen mu\x{DF} um den Script ausf\x{FC}hren "
                  text run at (602,41) width 72: "zu k\x{F6}nnen!"
            LayoutTableRow {TR} at (0,1786) size 743x62
              LayoutTableCell {TD} at (0,1786) size 743x62 [border: (1px solid #000000)] [r=25 c=0 rs=1 cs=1]
                LayoutText {#text} at (325,1) size 93x19
                  text run at (325,1) width 93: "22. April 2001"
                LayoutBR {BR} at (418,16) size 0x0
                LayoutText {#text} at (214,21) size 315x19
                  text run at (214,21) width 315: "Ein neues Script ist online! G5-Sponsor-Manager."
                LayoutBR {BR} at (528,36) size 1x0
                LayoutText {#text} at (243,41) size 257x19
                  text run at (243,41) width 257: "Mehr Info unter \"Perl Scripte\" im Men\x{FC}."
            LayoutTableRow {TR} at (0,1848) size 743x82
              LayoutTableCell {TD} at (0,1848) size 743x82 [border: (1px solid #000000)] [r=26 c=0 rs=1 cs=1]
                LayoutText {#text} at (325,1) size 93x19
                  text run at (325,1) width 93: "20. April 2001"
                LayoutBR {BR} at (418,16) size 0x0
                LayoutText {#text} at (198,21) size 347x19
                  text run at (198,21) width 347: "Auf einige Anfragen habe ich eine Demonstration von "
                LayoutBR {BR} at (545,36) size 0x0
                LayoutText {#text} at (212,41) size 319x19
                  text run at (212,41) width 319: "\"The Real Topsites\" (Toplist Script) ver\x{F6}ffentlicht!"
                LayoutBR {BR} at (530,56) size 1x0
                LayoutText {#text} at (243,61) size 257x19
                  text run at (243,61) width 257: "Mehr Info unter \"Perl Scripte\" im Men\x{FC}."
            LayoutTableRow {TR} at (0,1930) size 743x42
              LayoutTableCell {TD} at (0,1930) size 743x42 [border: (1px solid #000000)] [r=27 c=0 rs=1 cs=1]
                LayoutText {#text} at (325,1) size 93x19
                  text run at (325,1) width 93: "13. M\x{E4}rz 2001"
                LayoutBR {BR} at (418,16) size 0x0
                LayoutText {#text} at (229,21) size 285x19
                  text run at (229,21) width 285: "An diesem Tag ging die G5-Script.de online!"
            LayoutTableRow {TR} at (0,1972) size 743x22
              LayoutTableCell {TD} at (0,1972) size 743x22 [border: (1px solid #000000)] [r=28 c=0 rs=1 cs=1]
                LayoutText {#text} at (369,1) size 5x19
                  text run at (369,1) width 5: " "
        LayoutBlockFlow (anonymous) at (0,2016) size 785x20
          LayoutBR {BR} at (392,0) size 1x19
