layer at (0,0) size 800x600
  LayoutView at (0,0) size 800x600
layer at (0,0) size 800x600
  LayoutBlockFlow {HTML} at (0,0) size 800x600
    LayoutBlockFlow {BODY} at (8,8) size 784x584 [bgcolor=#FFFFFF]
      LayoutBlockFlow {H4} at (0,0) size 784x20
        LayoutText {#text} at (0,0) size 153x19
          text run at (0,0) width 153: "Testcase distilled from "
        LayoutInline {A} at (0,0) size 502x19 [color=#0000EE]
          LayoutText {#text} at (152,0) size 502x19
            text run at (152,0) width 502: "http://www.download.com/pc/list/0,339,0-b-0-0-a-1,00.html?st.dl.fd.ag.new"
      LayoutBlockFlow {H4} at (0,41.27) size 784x20
        LayoutText {#text} at (0,0) size 515x19
          text run at (0,0) width 515: "Resize the width of the window and watch the Buy and Pick columns below."
      LayoutTable {TABLE} at (0,82.53) size 784x70
        LayoutTableSection {TBODY} at (0,0) size 784x70
          LayoutTableRow {TR} at (0,2) size 784x22 [bgcolor=#CCCCCC]
            LayoutTableCell {TD} at (2,2) size 705x22 [r=0 c=0 rs=1 cs=1]
              LayoutText {#text} at (1,1) size 99x19
                text run at (1,1) width 99: "Re-sort by Title"
            LayoutTableCell {TD} at (709,2) size 33x22 [r=0 c=1 rs=1 cs=1]
              LayoutInline {SPAN} at (0,0) size 27x19
                LayoutText {#text} at (1,1) size 27x19
                  text run at (1,1) width 27: "Buy"
              LayoutText {#text} at (28,1) size 4x19
                text run at (28,1) width 4: " "
            LayoutTableCell {TD} at (744,2) size 38x22 [r=0 c=2 rs=1 cs=1]
              LayoutText {#text} at (1,1) size 4x19
                text run at (1,1) width 4: " "
              LayoutInline {SPAN} at (0,0) size 28x19
                LayoutText {#text} at (5,1) size 28x19
                  text run at (5,1) width 28: "Pick"
              LayoutText {#text} at (33,1) size 4x19
                text run at (33,1) width 4: " "
          LayoutTableRow {TR} at (0,26) size 784x42
            LayoutTableCell {TD} at (2,26) size 705x42 [r=1 c=0 rs=1 cs=1]
              LayoutText {#text} at (1,1) size 674x39
                text run at (1,1) width 442: "Norton AntiVirus Definitions Update 10/21/99 Update your NAV for "
                text run at (442,1) width 233: "Windows 95/98/NT, Lotus Notes, or"
                text run at (1,21) width 263: "Exchange with the latest virus definitions."
            LayoutTableCell {TD} at (709,36) size 33x22 [r=1 c=1 rs=1 cs=1]
              LayoutText {#text} at (1,1) size 4x19
                text run at (1,1) width 4: " "
            LayoutTableCell {TD} at (744,36) size 38x22 [r=1 c=2 rs=1 cs=1]
              LayoutText {#text} at (1,1) size 4x19
                text run at (1,1) width 4: " "
      LayoutBlockFlow (anonymous) at (0,152.53) size 784x20
        LayoutBR {BR} at (0,0) size 0x19
      LayoutBlockFlow {H4} at (0,193.80) size 784x20
        LayoutText {#text} at (0,0) size 480x19
          text run at (0,0) width 480: "This is the same table as above but with all <SPAN> elements removed."
      LayoutTable {TABLE} at (0,235.06) size 784x70
        LayoutTableSection {TBODY} at (0,0) size 784x70
          LayoutTableRow {TR} at (0,2) size 784x22 [bgcolor=#CCCCCC]
            LayoutTableCell {TD} at (2,2) size 705x22 [r=0 c=0 rs=1 cs=1]
              LayoutText {#text} at (1,1) size 99x19
                text run at (1,1) width 99: "Re-sort by Title"
            LayoutTableCell {TD} at (709,2) size 33x22 [r=0 c=1 rs=1 cs=1]
              LayoutText {#text} at (1,1) size 31x19
                text run at (1,1) width 31: "Buy "
            LayoutTableCell {TD} at (744,2) size 38x22 [r=0 c=2 rs=1 cs=1]
              LayoutText {#text} at (1,1) size 36x19
                text run at (1,1) width 36: " Pick "
          LayoutTableRow {TR} at (0,26) size 784x42
            LayoutTableCell {TD} at (2,26) size 705x42 [r=1 c=0 rs=1 cs=1]
              LayoutText {#text} at (1,1) size 674x39
                text run at (1,1) width 442: "Norton AntiVirus Definitions Update 10/21/99 Update your NAV for "
                text run at (442,1) width 233: "Windows 95/98/NT, Lotus Notes, or"
                text run at (1,21) width 263: "Exchange with the latest virus definitions."
            LayoutTableCell {TD} at (709,36) size 33x22 [r=1 c=1 rs=1 cs=1]
              LayoutText {#text} at (1,1) size 4x19
                text run at (1,1) width 4: " "
            LayoutTableCell {TD} at (744,36) size 38x22 [r=1 c=2 rs=1 cs=1]
              LayoutText {#text} at (1,1) size 4x19
                text run at (1,1) width 4: " "
