layer at (0,0) size 800x600 scrollHeight 610
  LayoutView at (0,0) size 800x600
layer at (0,0) size 800x610 backgroundClip at (0,0) size 800x600 clip at (0,0) size 800x600
  LayoutBlockFlow {HTML} at (0,0) size 800x610
    LayoutBlockFlow {BODY} at (8,8) size 784x594
      LayoutBlockFlow {P} at (0,0) size 784x20
        LayoutText {#text} at (0,0) size 725x19
          text run at (0,0) width 154: "Here's the original case. "
          text run at (154,0) width 571: "All of the cells have images that fill to their given widths except the ones marked \"Empty\"."
      LayoutTable {TABLE} at (0,36) size 566x60 [bgcolor=#00FFFF]
        LayoutTableSection {TBODY} at (0,0) size 566x60
          LayoutTableRow {TR} at (0,0) size 566x40
            LayoutTableCell {TD} at (0,0) size 222x40 [bgcolor=#FF0000] [r=0 c=0 rs=1 cs=1]
              LayoutBlockFlow {IMG} at (0,0) size 222x40
                LayoutBlockFlow {SPAN} at (0,0) size 222x40 [border: (1px solid #C0C0C0)]
                  LayoutImage (floating) {IMG} at (2,2) size 16x16
                  LayoutInline {SPAN} at (0,0) size 109x19
                    LayoutText {#text} at (18,2) size 109x19
                      text run at (18,2) width 109: "Hometown AOL"
            LayoutTableCell {TD} at (222,0) size 145x40 [bgcolor=#666600] [r=0 c=1 rs=1 cs=1]
              LayoutBlockFlow {IMG} at (0,0) size 145x40
                LayoutBlockFlow {SPAN} at (0,0) size 145x40 [border: (1px solid #C0C0C0)]
                  LayoutImage (floating) {IMG} at (2,2) size 16x16
                  LayoutInline {SPAN} at (0,0) size 106x19
                    LayoutText {#text} at (18,2) size 106x19
                      text run at (18,2) width 106: "Quick Start Link"
            LayoutTableCell {TD} at (367,10) size 199x20 [bgcolor=#009999] [r=0 c=2 rs=1 cs=1]
              LayoutText {#text} at (0,0) size 42x19
                text run at (0,0) width 42: "Empty"
          LayoutTableRow {TR} at (0,40) size 566x20
            LayoutTableCell {TD} at (0,40) size 367x20 [bgcolor=#0000FF] [r=1 c=0 rs=1 cs=2]
              LayoutBlockFlow {IMG} at (0,0) size 367x20
                LayoutBlockFlow {SPAN} at (0,0) size 367x20 [border: (1px solid #C0C0C0)]
                  LayoutImage (floating) {IMG} at (2,2) size 16x16
                  LayoutInline {SPAN} at (0,0) size 59x19
                    LayoutText {#text} at (18,2) size 59x19
                      text run at (18,2) width 59: "Welcome"
            LayoutTableCell {TD} at (367,40) size 199x20 [bgcolor=#990099] [r=1 c=2 rs=1 cs=1]
              LayoutText {#text} at (0,0) size 42x19
                text run at (0,0) width 42: "Empty"
      LayoutBlockFlow {P} at (0,112) size 784x20
        LayoutText {#text} at (0,0) size 376x19
          text run at (0,0) width 376: "If we fill either empty out with text, the problem goes away."
      LayoutTable {TABLE} at (0,148) size 566x80 [bgcolor=#00FFFF]
        LayoutTableSection {TBODY} at (0,0) size 566x80
          LayoutTableRow {TR} at (0,0) size 566x60
            LayoutTableCell {TD} at (0,10) size 222x40 [bgcolor=#FF0000] [r=0 c=0 rs=1 cs=1]
              LayoutBlockFlow {IMG} at (0,0) size 222x40
                LayoutBlockFlow {SPAN} at (0,0) size 222x40 [border: (1px solid #C0C0C0)]
                  LayoutImage (floating) {IMG} at (2,2) size 16x16
                  LayoutInline {SPAN} at (0,0) size 109x19
                    LayoutText {#text} at (18,2) size 109x19
                      text run at (18,2) width 109: "Hometown AOL"
            LayoutTableCell {TD} at (222,10) size 145x40 [bgcolor=#666600] [r=0 c=1 rs=1 cs=1]
              LayoutBlockFlow {IMG} at (0,0) size 145x40
                LayoutBlockFlow {SPAN} at (0,0) size 145x40 [border: (1px solid #C0C0C0)]
                  LayoutImage (floating) {IMG} at (2,2) size 16x16
                  LayoutInline {SPAN} at (0,0) size 106x19
                    LayoutText {#text} at (18,2) size 106x19
                      text run at (18,2) width 106: "Quick Start Link"
            LayoutTableCell {TD} at (367,0) size 199x60 [bgcolor=#009999] [r=0 c=2 rs=1 cs=1]
              LayoutText {#text} at (0,0) size 193x59
                text run at (0,0) width 193: "Empty - lots of text here now -"
                text run at (0,20) width 185: "and more and more and more"
                text run at (0,40) width 51: "text in it"
          LayoutTableRow {TR} at (0,60) size 566x20
            LayoutTableCell {TD} at (0,60) size 367x20 [bgcolor=#0000FF] [r=1 c=0 rs=1 cs=2]
              LayoutBlockFlow {IMG} at (0,0) size 367x20
                LayoutBlockFlow {SPAN} at (0,0) size 367x20 [border: (1px solid #C0C0C0)]
                  LayoutImage (floating) {IMG} at (2,2) size 16x16
                  LayoutInline {SPAN} at (0,0) size 59x19
                    LayoutText {#text} at (18,2) size 59x19
                      text run at (18,2) width 59: "Welcome"
            LayoutTableCell {TD} at (367,60) size 199x20 [bgcolor=#990099] [r=1 c=2 rs=1 cs=1]
              LayoutText {#text} at (0,0) size 42x19
                text run at (0,0) width 42: "Empty"
      LayoutBlockFlow {P} at (0,244) size 784x20
        LayoutText {#text} at (0,0) size 4x19
          text run at (0,0) width 4: " "
      LayoutTable {TABLE} at (0,280) size 566x80 [bgcolor=#00FFFF]
        LayoutTableSection {TBODY} at (0,0) size 566x80
          LayoutTableRow {TR} at (0,0) size 566x40
            LayoutTableCell {TD} at (0,0) size 222x40 [bgcolor=#FF0000] [r=0 c=0 rs=1 cs=1]
              LayoutBlockFlow {IMG} at (0,0) size 222x40
                LayoutBlockFlow {SPAN} at (0,0) size 222x40 [border: (1px solid #C0C0C0)]
                  LayoutImage (floating) {IMG} at (2,2) size 16x16
                  LayoutInline {SPAN} at (0,0) size 109x19
                    LayoutText {#text} at (18,2) size 109x19
                      text run at (18,2) width 109: "Hometown AOL"
            LayoutTableCell {TD} at (222,0) size 145x40 [bgcolor=#666600] [r=0 c=1 rs=1 cs=1]
              LayoutBlockFlow {IMG} at (0,0) size 145x40
                LayoutBlockFlow {SPAN} at (0,0) size 145x40 [border: (1px solid #C0C0C0)]
                  LayoutImage (floating) {IMG} at (2,2) size 16x16
                  LayoutInline {SPAN} at (0,0) size 106x19
                    LayoutText {#text} at (18,2) size 106x19
                      text run at (18,2) width 106: "Quick Start Link"
            LayoutTableCell {TD} at (367,10) size 199x20 [bgcolor=#009999] [r=0 c=2 rs=1 cs=1]
              LayoutText {#text} at (0,0) size 42x19
                text run at (0,0) width 42: "Empty"
          LayoutTableRow {TR} at (0,40) size 566x40
            LayoutTableCell {TD} at (0,50) size 367x20 [bgcolor=#0000FF] [r=1 c=0 rs=1 cs=2]
              LayoutBlockFlow {IMG} at (0,0) size 367x20
                LayoutBlockFlow {SPAN} at (0,0) size 367x20 [border: (1px solid #C0C0C0)]
                  LayoutImage (floating) {IMG} at (2,2) size 16x16
                  LayoutInline {SPAN} at (0,0) size 59x19
                    LayoutText {#text} at (18,2) size 59x19
                      text run at (18,2) width 59: "Welcome"
            LayoutTableCell {TD} at (367,40) size 199x40 [bgcolor=#990099] [r=1 c=2 rs=1 cs=1]
              LayoutText {#text} at (0,0) size 181x39
                text run at (0,0) width 181: "Empty - this has lots and lots"
                text run at (0,20) width 121: "and lots of text in it"
      LayoutBlockFlow {P} at (0,376) size 784x20
        LayoutText {#text} at (0,0) size 463x19
          text run at (0,0) width 463: "Taking away either the cellpadding=0 or cellspacing=0 fixes the problem."
      LayoutTable {TABLE} at (0,412) size 566x70 [bgcolor=#00FFFF]
        LayoutTableSection {TBODY} at (0,0) size 566x70
          LayoutTableRow {TR} at (0,2) size 566x42
            LayoutTableCell {TD} at (2,2) size 224x42 [bgcolor=#FF0000] [r=0 c=0 rs=1 cs=1]
              LayoutBlockFlow {IMG} at (1,1) size 222x40
                LayoutBlockFlow {SPAN} at (0,0) size 222x40 [border: (1px solid #C0C0C0)]
                  LayoutImage (floating) {IMG} at (2,2) size 16x16
                  LayoutInline {SPAN} at (0,0) size 109x19
                    LayoutText {#text} at (18,2) size 109x19
                      text run at (18,2) width 109: "Hometown AOL"
            LayoutTableCell {TD} at (228,2) size 147x42 [bgcolor=#666600] [r=0 c=1 rs=1 cs=1]
              LayoutBlockFlow {IMG} at (1,1) size 145x40
                LayoutBlockFlow {SPAN} at (0,0) size 145x40 [border: (1px solid #C0C0C0)]
                  LayoutImage (floating) {IMG} at (2,2) size 16x16
                  LayoutInline {SPAN} at (0,0) size 106x19
                    LayoutText {#text} at (18,2) size 106x19
                      text run at (18,2) width 106: "Quick Start Link"
            LayoutTableCell {TD} at (377,12) size 187x22 [bgcolor=#009999] [r=0 c=2 rs=1 cs=1]
              LayoutText {#text} at (1,1) size 42x19
                text run at (1,1) width 42: "Empty"
          LayoutTableRow {TR} at (0,46) size 566x22
            LayoutTableCell {TD} at (2,46) size 373x22 [bgcolor=#0000FF] [r=1 c=0 rs=1 cs=2]
              LayoutBlockFlow {IMG} at (1,1) size 367x20
                LayoutBlockFlow {SPAN} at (0,0) size 367x20 [border: (1px solid #C0C0C0)]
                  LayoutImage (floating) {IMG} at (2,2) size 16x16
                  LayoutInline {SPAN} at (0,0) size 59x19
                    LayoutText {#text} at (18,2) size 59x19
                      text run at (18,2) width 59: "Welcome"
            LayoutTableCell {TD} at (377,46) size 187x22 [bgcolor=#990099] [r=1 c=2 rs=1 cs=1]
              LayoutText {#text} at (1,1) size 42x19
                text run at (1,1) width 42: "Empty"
      LayoutBlockFlow {P} at (0,498) size 784x20
        LayoutText {#text} at (0,0) size 317x19
          text run at (0,0) width 317: "As does removing the explicit width on the table..."
      LayoutTable {TABLE} at (0,534) size 566x60 [bgcolor=#00FFFF]
        LayoutTableSection {TBODY} at (0,0) size 566x60
          LayoutTableRow {TR} at (0,0) size 566x40
            LayoutTableCell {TD} at (0,0) size 222x40 [bgcolor=#FF0000] [r=0 c=0 rs=1 cs=1]
              LayoutBlockFlow {IMG} at (0,0) size 222x40
                LayoutBlockFlow {SPAN} at (0,0) size 222x40 [border: (1px solid #C0C0C0)]
                  LayoutImage (floating) {IMG} at (2,2) size 16x16
                  LayoutInline {SPAN} at (0,0) size 109x19
                    LayoutText {#text} at (18,2) size 109x19
                      text run at (18,2) width 109: "Hometown AOL"
            LayoutTableCell {TD} at (222,0) size 145x40 [bgcolor=#666600] [r=0 c=1 rs=1 cs=1]
              LayoutBlockFlow {IMG} at (0,0) size 145x40
                LayoutBlockFlow {SPAN} at (0,0) size 145x40 [border: (1px solid #C0C0C0)]
                  LayoutImage (floating) {IMG} at (2,2) size 16x16
                  LayoutInline {SPAN} at (0,0) size 106x19
                    LayoutText {#text} at (18,2) size 106x19
                      text run at (18,2) width 106: "Quick Start Link"
            LayoutTableCell {TD} at (367,10) size 199x20 [bgcolor=#009999] [r=0 c=2 rs=1 cs=1]
              LayoutText {#text} at (0,0) size 42x19
                text run at (0,0) width 42: "Empty"
          LayoutTableRow {TR} at (0,40) size 566x20
            LayoutTableCell {TD} at (0,40) size 367x20 [bgcolor=#0000FF] [r=1 c=0 rs=1 cs=2]
              LayoutBlockFlow {IMG} at (0,0) size 367x20
                LayoutBlockFlow {SPAN} at (0,0) size 367x20 [border: (1px solid #C0C0C0)]
                  LayoutImage (floating) {IMG} at (2,2) size 16x16
                  LayoutInline {SPAN} at (0,0) size 59x19
                    LayoutText {#text} at (18,2) size 59x19
                      text run at (18,2) width 59: "Welcome"
            LayoutTableCell {TD} at (367,40) size 199x20 [bgcolor=#990099] [r=1 c=2 rs=1 cs=1]
              LayoutText {#text} at (0,0) size 42x19
                text run at (0,0) width 42: "Empty"
