layer at (0,0) size 800x600 scrollWidth 827
  LayoutView at (0,0) size 800x600
layer at (0,0) size 800x600
  LayoutBlockFlow {HTML} at (0,0) size 800x600
    LayoutBlockFlow {BODY} at (8,8) size 784x584
      LayoutTable {TABLE} at (0,0) size 819x32 [bgcolor=#FFFFFF]
        LayoutTableSection {TBODY} at (0,0) size 819x32
          LayoutTableRow {TR} at (0,0) size 819x32
            LayoutTableCell {TD} at (0,0) size 408x32 [r=0 c=0 rs=1 cs=1]
              LayoutBlockFlow {PRE} at (0,0) size 408x32
                LayoutInline {FONT} at (0,0) size 408x31
                  LayoutText {#text} at (0,0) size 408x31
                    text run at (0,0) width 408: "/* -*- Mode: C++; tab-width: 2; indent-tabs-mode: nil; c-basic-offset: 2 -*-  "
                    text run at (407,0) width 1: " "
                    text run at (0,16) width 6: "  "
            LayoutTableCell {TD} at (408,8) size 411x16 [r=0 c=1 rs=1 cs=1]
              LayoutBlockFlow {PRE} at (0,0) size 411x16
                LayoutInline {FONT} at (0,0) size 411x15
                  LayoutText {#text} at (0,0) size 411x15
                    text run at (0,0) width 411: "/* -*- Mode: C++; tab-width: 2; indent-tabs-mode: nil; c-basic-offset: 2 -*-   "
                    text run at (410,0) width 1: " "
