layer at (0,0) size 800x600
  LayoutView at (0,0) size 800x600
layer at (0,0) size 800x600
  LayoutBlockFlow {HTML} at (0,0) size 800x600
    LayoutBlockFlow {BODY} at (8,8) size 784x584
      LayoutBlockFlow {H3} at (0,0) size 784x23
        LayoutText {#text} at (0,0) size 200x22
          text run at (0,0) width 200: "With long hidden values"
      LayoutTable {TABLE} at (0,41.72) size 196x68 [border: (1px solid #FF0000)]
        LayoutTableSection {TBODY} at (1,1) size 194x66
          LayoutTableRow {TR} at (0,2) size 194x60
            LayoutTableCell {TD} at (2,2) size 190x60 [r=0 c=0 rs=1 cs=1]
              LayoutBlockFlow {FORM} at (1,1) size 188x42
                LayoutTextControl {INPUT} at (0,0) size 112x22 [bgcolor=#FFFFFF] [border: (2px inset #EEEEEE)]
                LayoutText {#text} at (112,1) size 4x19
                  text run at (112,1) width 4: " "
                LayoutButton {INPUT} at (116,0) size 41x22 [bgcolor=#C0C0C0] [border: (2px outset #C0C0C0)]
                  LayoutBlockFlow (anonymous) at (8,3) size 25x16
                    LayoutText {#text} at (0,0) size 25x16
                      text run at (0,0) width 25: " Go "
                LayoutText {#text} at (157,1) size 4x19
                  text run at (157,1) width 4: " "
                LayoutBR {BR} at (161,16) size 0x0
                LayoutText {#text} at (0,22) size 188x19
                  text run at (0,22) width 188: "Enter City Name or Zip Code"
          LayoutTableRow {TR} at (0,64) size 194x0
      LayoutBlockFlow {HR} at (0,117.72) size 784x2 [border: (1px inset #EEEEEE)]
      LayoutBlockFlow {H3} at (0,138.44) size 784x23
        LayoutText {#text} at (0,0) size 206x22
          text run at (0,0) width 206: "With short hidden values"
      LayoutTable {TABLE} at (0,180.16) size 196x68 [border: (1px solid #FF0000)]
        LayoutTableSection {TBODY} at (1,1) size 194x66
          LayoutTableRow {TR} at (0,2) size 194x60
            LayoutTableCell {TD} at (2,2) size 190x60 [r=0 c=0 rs=1 cs=1]
              LayoutBlockFlow {FORM} at (1,1) size 188x42
                LayoutTextControl {INPUT} at (0,0) size 112x22 [bgcolor=#FFFFFF] [border: (2px inset #EEEEEE)]
                LayoutText {#text} at (112,1) size 4x19
                  text run at (112,1) width 4: " "
                LayoutButton {INPUT} at (116,0) size 41x22 [bgcolor=#C0C0C0] [border: (2px outset #C0C0C0)]
                  LayoutBlockFlow (anonymous) at (8,3) size 25x16
                    LayoutText {#text} at (0,0) size 25x16
                      text run at (0,0) width 25: " Go "
                LayoutText {#text} at (157,1) size 4x19
                  text run at (157,1) width 4: " "
                LayoutBR {BR} at (161,16) size 0x0
                LayoutText {#text} at (0,22) size 188x19
                  text run at (0,22) width 188: "Enter City Name or Zip Code"
          LayoutTableRow {TR} at (0,64) size 194x0
layer at (14,57) size 108x16
  LayoutBlockFlow {DIV} at (2,3) size 108x16
layer at (14,195) size 108x16
  LayoutBlockFlow {DIV} at (2,3) size 108x16
