layer at (0,0) size 800x600
  LayoutView at (0,0) size 800x600
layer at (0,0) size 800x600
  LayoutBlockFlow {HTML} at (0,0) size 800x600
    LayoutBlockFlow {BODY} at (8,8) size 784x584
      LayoutBlockFlow {P} at (0,0) size 784x20
        LayoutInline {B} at (0,0) size 380x19
          LayoutText {#text} at (0,0) size 380x19
            text run at (0,0) width 380: "(1) Colspanning TD has fixed width equal to table width"
      LayoutTable {TABLE} at (0,36) size 340x46 [bgcolor=#FFFFCC] [border: (1px outset #808080)]
        LayoutTableSection {TBODY} at (1,1) size 338x44
          LayoutTableRow {TR} at (0,0) size 338x22
            LayoutTableCell {TD} at (0,0) size 338x22 [border: (1px inset #808080)] [r=0 c=0 rs=1 cs=2]
              LayoutText {#text} at (1,1) size 166x19
                text run at (1,1) width 166: "width=340 (same as table)"
          LayoutTableRow {TR} at (0,22) size 338x22
            LayoutTableCell {TD} at (0,22) size 81x22 [border: (1px inset #808080)] [r=1 c=0 rs=1 cs=1]
              LayoutText {#text} at (1,1) size 69x19
                text run at (1,1) width 69: "Search for:"
            LayoutTableCell {TD} at (81,22) size 257x22 [border: (1px inset #808080)] [r=1 c=1 rs=1 cs=1]
              LayoutText {#text} at (1,1) size 221x19
                text run at (1,1) width 221: "foo bar baz foo bar baz foo bar baz"
      LayoutBlockFlow {P} at (0,98) size 784x20
        LayoutInline {B} at (0,0) size 239x19
          LayoutText {#text} at (0,0) size 239x19
            text run at (0,0) width 239: "(2) Colspanning TD has auto width"
      LayoutTable {TABLE} at (0,134) size 340x46 [bgcolor=#FFFFCC] [border: (1px outset #808080)]
        LayoutTableSection {TBODY} at (1,1) size 338x44
          LayoutTableRow {TR} at (0,0) size 338x22
            LayoutTableCell {TD} at (0,0) size 338x22 [border: (1px inset #808080)] [r=0 c=0 rs=1 cs=2]
              LayoutText {#text} at (1,1) size 111x19
                text run at (1,1) width 111: "no width attribute"
          LayoutTableRow {TR} at (0,22) size 338x22
            LayoutTableCell {TD} at (0,22) size 81x22 [border: (1px inset #808080)] [r=1 c=0 rs=1 cs=1]
              LayoutText {#text} at (1,1) size 69x19
                text run at (1,1) width 69: "Search for:"
            LayoutTableCell {TD} at (81,22) size 257x22 [border: (1px inset #808080)] [r=1 c=1 rs=1 cs=1]
              LayoutText {#text} at (1,1) size 221x19
                text run at (1,1) width 221: "foo bar baz foo bar baz foo bar baz"
      LayoutBlockFlow {P} at (0,196) size 784x20
        LayoutInline {B} at (0,0) size 255x19
          LayoutText {#text} at (0,0) size 255x19
            text run at (0,0) width 255: "(3) Colspanning TD has width=100px"
      LayoutTable {TABLE} at (0,232) size 340x46 [bgcolor=#FFFFCC] [border: (1px outset #808080)]
        LayoutTableSection {TBODY} at (1,1) size 338x44
          LayoutTableRow {TR} at (0,0) size 338x22
            LayoutTableCell {TD} at (0,0) size 338x22 [border: (1px inset #808080)] [r=0 c=0 rs=1 cs=2]
              LayoutText {#text} at (1,1) size 85x19
                text run at (1,1) width 85: "width=100px"
          LayoutTableRow {TR} at (0,22) size 338x22
            LayoutTableCell {TD} at (0,22) size 81x22 [border: (1px inset #808080)] [r=1 c=0 rs=1 cs=1]
              LayoutText {#text} at (1,1) size 69x19
                text run at (1,1) width 69: "Search for:"
            LayoutTableCell {TD} at (81,22) size 257x22 [border: (1px inset #808080)] [r=1 c=1 rs=1 cs=1]
              LayoutText {#text} at (1,1) size 221x19
                text run at (1,1) width 221: "foo bar baz foo bar baz foo bar baz"
      LayoutBlockFlow {P} at (0,294) size 784x20
        LayoutInline {B} at (0,0) size 255x19
          LayoutText {#text} at (0,0) size 255x19
            text run at (0,0) width 255: "(4) Colspanning TD has width=200px"
      LayoutTable {TABLE} at (0,330) size 340x46 [bgcolor=#FFFFCC] [border: (1px outset #808080)]
        LayoutTableSection {TBODY} at (1,1) size 338x44
          LayoutTableRow {TR} at (0,0) size 338x22
            LayoutTableCell {TD} at (0,0) size 338x22 [border: (1px inset #808080)] [r=0 c=0 rs=1 cs=2]
              LayoutText {#text} at (1,1) size 85x19
                text run at (1,1) width 85: "width=200px"
          LayoutTableRow {TR} at (0,22) size 338x22
            LayoutTableCell {TD} at (0,22) size 81x22 [border: (1px inset #808080)] [r=1 c=0 rs=1 cs=1]
              LayoutText {#text} at (1,1) size 69x19
                text run at (1,1) width 69: "Search for:"
            LayoutTableCell {TD} at (81,22) size 257x22 [border: (1px inset #808080)] [r=1 c=1 rs=1 cs=1]
              LayoutText {#text} at (1,1) size 221x19
                text run at (1,1) width 221: "foo bar baz foo bar baz foo bar baz"
      LayoutBlockFlow {P} at (0,392) size 784x20
        LayoutInline {B} at (0,0) size 254x19
          LayoutText {#text} at (0,0) size 254x19
            text run at (0,0) width 254: "(5) Colspanning TD has width=100%"
      LayoutTable {TABLE} at (0,428) size 340x46 [bgcolor=#FFFFCC] [border: (1px outset #808080)]
        LayoutTableSection {TBODY} at (1,1) size 338x44
          LayoutTableRow {TR} at (0,0) size 338x22
            LayoutTableCell {TD} at (0,0) size 338x22 [border: (1px inset #808080)] [r=0 c=0 rs=1 cs=2]
              LayoutText {#text} at (1,1) size 82x19
                text run at (1,1) width 82: "width=100%"
          LayoutTableRow {TR} at (0,22) size 338x22
            LayoutTableCell {TD} at (0,22) size 82x22 [border: (1px inset #808080)] [r=1 c=0 rs=1 cs=1]
              LayoutText {#text} at (1,1) size 69x19
                text run at (1,1) width 69: "Search for:"
            LayoutTableCell {TD} at (82,22) size 256x22 [border: (1px inset #808080)] [r=1 c=1 rs=1 cs=1]
              LayoutText {#text} at (1,1) size 221x19
                text run at (1,1) width 221: "foo bar baz foo bar baz foo bar baz"
