layer at (0,0) size 800x600
  LayoutView at (0,0) size 800x600
layer at (0,0) size 800x600
  LayoutBlockFlow {HTML} at (0,0) size 800x600
    LayoutBlockFlow {BODY} at (0,0) size 800x600 [bgcolor=#FFFFFF]
      LayoutBlockFlow (anonymous) at (0,0) size 800x102
        LayoutImage {IMG} at (0,0) size 102x102 [border: (1px solid #000000)]
        LayoutText {#text} at (0,0) size 0x0
      LayoutTable {TABLE} at (0,102) size 800x130 [border: (2px outset #808080)]
        LayoutTableSection {TBODY} at (2,2) size 796x126
          LayoutTableRow {TR} at (0,0) size 796x0
            LayoutTableCell {TD} at (0,0) size 114x126 [bgcolor=#DDDDDD] [border: (1px inset #808080)] [r=0 c=0 rs=2 cs=1]
              LayoutTable {TABLE} at (1,1) size 112x124 [border: (1px outset #808080)]
                LayoutTableSection {TBODY} at (1,1) size 110x122
                  LayoutTableRow {TR} at (0,0) size 110x122
                    LayoutTableCell {TD} at (0,0) size 110x122 [border: (1px inset #808080)] [r=0 c=0 rs=1 cs=1]
                      LayoutImage {IMG} at (5,1) size 100x100
                      LayoutText {#text} at (1,101) size 54x19
                        text run at (1,101) width 54: "HELLO"
          LayoutTableRow {TR} at (0,0) size 796x126
            LayoutTableCell {TD} at (114,2) size 327x122 [border: (1px inset #808080)] [r=1 c=1 rs=1 cs=1]
              LayoutText {#text} at (1,1) size 322x119
                text run at (1,1) width 315: "The Zurich football team known as FC Blue Stars"
                text run at (1,21) width 117: "is one of the city's "
                text run at (118,21) width 156: "oldest-established clubs, "
                text run at (274,21) width 49: "and it is"
                text run at (1,41) width 284: "thanks mainly to its annual junior tournament"
                text run at (1,61) width 102: "which has been "
                text run at (103,61) width 132: "running for 60 years "
                text run at (235,61) width 80: "(traditionally"
                text run at (1,81) width 316: "played on Ascension Day and the day before) that"
                text run at (1,101) width 73: "it now also "
                text run at (74,101) width 122: "has an international"
            LayoutTableCell {TD} at (441,42) size 355x42 [bgcolor=#E6E8FA] [border: (1px inset #808080)] [r=1 c=2 rs=1 cs=1]
              LayoutText {#text} at (1,1) size 346x39
                text run at (1,1) width 315: "hello hello hello hello hello hello hello hello hello "
                text run at (316,1) width 31: "hello"
                text run at (1,21) width 31: "hello"
