layer at (0,0) size 800x600
  LayoutView at (0,0) size 800x600
layer at (0,0) size 800x600
  LayoutBlockFlow {HTML} at (0,0) size 800x600
    LayoutBlockFlow {BODY} at (8,8) size 784x584
      LayoutBlockFlow (anonymous) at (0,0) size 784x0
        LayoutInline {B} at (0,0) size 0x0
          LayoutText {#text} at (0,0) size 0x0
          LayoutText {#text} at (0,0) size 0x0
      LayoutTable {TABLE} at (0,0) size 225x94 [border: (1px outset #808080)]
        LayoutTableSection {TBODY} at (1,1) size 223x92
          LayoutTableRow {TR} at (0,5) size 223x24
            LayoutTableCell {TD} at (5,5) size 116x24 [border: (1px inset #808080)] [r=0 c=0 rs=1 cs=1]
              LayoutText {#text} at (2,2) size 112x19
                text run at (2,2) width 112: "Click name to see"
            LayoutTableCell {TD} at (126,19) size 92x24 [bgcolor=#00FF00] [border: (1px inset #808080)] [r=0 c=1 rs=2 cs=1]
              LayoutText {#text} at (2,2) size 88x19
                text run at (2,2) width 88: "Mac Clbr Opt"
          LayoutTableRow {TR} at (0,34) size 223x24
            LayoutTableCell {TD} at (5,34) size 116x24 [border: (1px inset #808080)] [r=1 c=0 rs=1 cs=1]
              LayoutText {#text} at (2,2) size 40x19
                text run at (2,2) width 40: "Guilty"
          LayoutTableRow {TR} at (0,63) size 223x24
            LayoutTableCell {TD} at (5,63) size 116x24 [border: (1px inset #808080)] [r=2 c=0 rs=1 cs=1]
              LayoutText {#text} at (2,2) size 4x19
                text run at (2,2) width 4: " "
            LayoutTableCell {TD} at (126,63) size 92x24 [bgcolor=#FFFF00] [border: (1px inset #808080)] [r=2 c=1 rs=1 cs=1]
              LayoutText {#text} at (2,2) size 25x19
                text run at (2,2) width 25: "L C"
      LayoutBlockFlow (anonymous) at (0,94) size 784x20
        LayoutInline {B} at (0,0) size 0x19
          LayoutText {#text} at (0,0) size 0x0
          LayoutBR {BR} at (0,0) size 0x19
          LayoutInline {B} at (0,0) size 0x0
            LayoutText {#text} at (0,0) size 0x0
            LayoutText {#text} at (0,0) size 0x0
      LayoutBlockFlow (anonymous) at (0,114) size 784x123
        LayoutTable {TABLE} at (0,0) size 225x123 [border: (1px outset #808080)]
          LayoutTableSection {TBODY} at (1,1) size 223x121
            LayoutTableRow {TR} at (0,5) size 223x24
              LayoutTableCell {TD} at (5,5) size 116x24 [border: (1px inset #808080)] [r=0 c=0 rs=1 cs=1]
                LayoutText {#text} at (2,2) size 21x19
                  text run at (2,2) width 21: "foo"
              LayoutTableCell {TD} at (126,5) size 92x24 [border: (1px inset #808080)] [r=0 c=1 rs=1 cs=1]
                LayoutText {#text} at (2,2) size 20x19
                  text run at (2,2) width 20: "bar"
            LayoutTableRow {TR} at (0,34) size 223x24
              LayoutTableCell {TD} at (5,34) size 116x24 [border: (1px inset #808080)] [r=1 c=0 rs=1 cs=1]
                LayoutText {#text} at (2,2) size 112x19
                  text run at (2,2) width 112: "Click name to see"
              LayoutTableCell {TD} at (126,48) size 92x24 [bgcolor=#00FF00] [border: (1px inset #808080)] [r=1 c=1 rs=2 cs=1]
                LayoutText {#text} at (2,2) size 88x19
                  text run at (2,2) width 88: "Mac Clbr Opt"
            LayoutTableRow {TR} at (0,63) size 223x24
              LayoutTableCell {TD} at (5,63) size 116x24 [border: (1px inset #808080)] [r=2 c=0 rs=1 cs=1]
                LayoutText {#text} at (2,2) size 40x19
                  text run at (2,2) width 40: "Guilty"
            LayoutTableRow {TR} at (0,92) size 223x24
              LayoutTableCell {TD} at (5,92) size 116x24 [border: (1px inset #808080)] [r=3 c=0 rs=1 cs=1]
                LayoutText {#text} at (2,2) size 4x19
                  text run at (2,2) width 4: " "
              LayoutTableCell {TD} at (126,92) size 92x24 [bgcolor=#FFFF00] [border: (1px inset #808080)] [r=3 c=1 rs=1 cs=1]
                LayoutText {#text} at (2,2) size 25x19
                  text run at (2,2) width 25: "L C"
      LayoutBlockFlow (anonymous) at (0,237) size 784x20
        LayoutInline {B} at (0,0) size 0x19
          LayoutInline {B} at (0,0) size 0x19
            LayoutText {#text} at (0,0) size 0x0
            LayoutBR {BR} at (0,0) size 0x19
            LayoutInline {B} at (0,0) size 0x0
              LayoutText {#text} at (0,0) size 0x0
              LayoutText {#text} at (0,0) size 0x0
      LayoutBlockFlow (anonymous) at (0,257) size 784x94
        LayoutTable {TABLE} at (0,0) size 259x94 [border: (1px outset #808080)]
          LayoutTableSection {TBODY} at (1,1) size 257x92
            LayoutTableRow {TR} at (0,5) size 257x24
              LayoutTableCell {TD} at (5,5) size 116x24 [border: (1px inset #808080)] [r=0 c=0 rs=1 cs=1]
                LayoutText {#text} at (2,2) size 112x19
                  text run at (2,2) width 112: "Click name to see"
              LayoutTableCell {TD} at (126,34) size 92x24 [bgcolor=#00FF00] [border: (1px inset #808080)] [r=0 c=1 rs=3 cs=1]
                LayoutText {#text} at (2,2) size 88x19
                  text run at (2,2) width 88: "Mac Clbr Opt"
            LayoutTableRow {TR} at (0,34) size 257x24
              LayoutTableCell {TD} at (5,34) size 116x24 [border: (1px inset #808080)] [r=1 c=0 rs=1 cs=1]
                LayoutText {#text} at (2,2) size 40x19
                  text run at (2,2) width 40: "Guilty"
            LayoutTableRow {TR} at (0,63) size 257x24
              LayoutTableCell {TD} at (5,63) size 116x24 [border: (1px inset #808080)] [r=2 c=0 rs=1 cs=1]
                LayoutText {#text} at (2,2) size 4x19
                  text run at (2,2) width 4: " "
              LayoutTableCell {TD} at (223,63) size 29x24 [bgcolor=#FFFF00] [border: (1px inset #808080)] [r=2 c=2 rs=1 cs=1]
                LayoutText {#text} at (2,2) size 25x19
                  text run at (2,2) width 25: "L C"
      LayoutBlockFlow (anonymous) at (0,351) size 784x20
        LayoutInline {B} at (0,0) size 0x19
          LayoutInline {B} at (0,0) size 0x19
            LayoutInline {B} at (0,0) size 0x19
              LayoutText {#text} at (0,0) size 0x0
              LayoutBR {BR} at (0,0) size 0x19
              LayoutInline {B} at (0,0) size 0x0
                LayoutText {#text} at (0,0) size 0x0
                LayoutText {#text} at (0,0) size 0x0
      LayoutBlockFlow (anonymous) at (0,371) size 784x123
        LayoutTable {TABLE} at (0,0) size 259x123 [border: (1px outset #808080)]
          LayoutTableSection {TBODY} at (1,1) size 257x121
            LayoutTableRow {TR} at (0,5) size 257x24
              LayoutTableCell {TD} at (5,5) size 116x24 [border: (1px inset #808080)] [r=0 c=0 rs=1 cs=1]
                LayoutText {#text} at (2,2) size 21x19
                  text run at (2,2) width 21: "foo"
              LayoutTableCell {TD} at (126,5) size 92x24 [border: (1px inset #808080)] [r=0 c=1 rs=1 cs=1]
                LayoutText {#text} at (2,2) size 20x19
                  text run at (2,2) width 20: "bar"
            LayoutTableRow {TR} at (0,34) size 257x24
              LayoutTableCell {TD} at (5,34) size 116x24 [border: (1px inset #808080)] [r=1 c=0 rs=1 cs=1]
                LayoutText {#text} at (2,2) size 112x19
                  text run at (2,2) width 112: "Click name to see"
              LayoutTableCell {TD} at (126,63) size 92x24 [bgcolor=#00FF00] [border: (1px inset #808080)] [r=1 c=1 rs=3 cs=1]
                LayoutText {#text} at (2,2) size 88x19
                  text run at (2,2) width 88: "Mac Clbr Opt"
            LayoutTableRow {TR} at (0,63) size 257x24
              LayoutTableCell {TD} at (5,63) size 116x24 [border: (1px inset #808080)] [r=2 c=0 rs=1 cs=1]
                LayoutText {#text} at (2,2) size 40x19
                  text run at (2,2) width 40: "Guilty"
            LayoutTableRow {TR} at (0,92) size 257x24
              LayoutTableCell {TD} at (5,92) size 116x24 [border: (1px inset #808080)] [r=3 c=0 rs=1 cs=1]
                LayoutText {#text} at (2,2) size 4x19
                  text run at (2,2) width 4: " "
              LayoutTableCell {TD} at (223,92) size 29x24 [bgcolor=#FFFF00] [border: (1px inset #808080)] [r=3 c=2 rs=1 cs=1]
                LayoutText {#text} at (2,2) size 25x19
                  text run at (2,2) width 25: "L C"
      LayoutBlockFlow (anonymous) at (0,494) size 784x0
        LayoutInline {B} at (0,0) size 0x0
          LayoutInline {B} at (0,0) size 0x0
            LayoutInline {B} at (0,0) size 0x0
              LayoutInline {B} at (0,0) size 0x0
                LayoutText {#text} at (0,0) size 0x0
