layer at (0,0) size 800x600
  LayoutView at (0,0) size 800x600
layer at (0,0) size 800x600
  LayoutBlockFlow {HTML} at (0,0) size 800x600
    LayoutBlockFlow {BODY} at (8,8) size 784x584
      LayoutTable {TABLE} at (0,0) size 400x156 [border: (1px solid #FF0000)]
        LayoutTableSection {TBODY} at (1,1) size 398x154
          LayoutTableRow {TR} at (0,2) size 398x24
            LayoutTableCell {TD} at (2,2) size 304x24 [border: (1px solid #0000FF)] [r=0 c=0 rs=1 cs=1]
              LayoutText {#text} at (2,2) size 227x19
                text run at (2,2) width 227: "What's New on WebDeveloper.com"
            LayoutTableCell {TD} at (308,2) size 88x24 [border: (1px solid #0000FF)] [r=0 c=1 rs=1 cs=1]
              LayoutText {#text} at (2,2) size 32x19
                text run at (2,2) width 32: "umm"
          LayoutTableRow {TR} at (0,28) size 398x124
            LayoutTableCell {TD} at (2,68) size 304x44 [border: (1px solid #008000)] [r=1 c=0 rs=1 cs=1]
              LayoutText {#text} at (2,2) size 275x39
                text run at (2,2) width 275: "blah blah blah blah blah blah blah blah blah"
                text run at (2,22) width 89: "blah blah blah"
            LayoutTableCell {TD} at (308,28) size 88x124 [border: (1px solid #008000)] [r=1 c=1 rs=1 cs=1]
              LayoutText {#text} at (2,2) size 58x119
                text run at (2,2) width 58: "blah blah"
                text run at (2,22) width 58: "blah blah"
                text run at (2,42) width 58: "blah blah"
                text run at (2,62) width 58: "blah blah"
                text run at (2,82) width 58: "blah blah"
                text run at (2,102) width 58: "blah blah"
