layer at (0,0) size 800x600 clip at (0,0) size 785x600 scrollHeight 2643
  LayoutView at (0,0) size 800x600
layer at (0,0) size 785x2643 backgroundClip at (0,0) size 785x600 clip at (0,0) size 785x600
  LayoutBlockFlow {HTML} at (0,0) size 785x2643.22
    LayoutBlockFlow {BODY} at (8,21.44) size 769x2605.78 [bgcolor=#FFFFFF]
      LayoutBlockFlow {H1} at (0,0) size 769x37
        LayoutText {#text} at (0,0) size 360x36
          text run at (0,0) width 360: "Table Inheritance Tests - 1"
      LayoutBlockFlow {P} at (0,58.44) size 769x20
        LayoutText {#text} at (0,0) size 387x19
          text run at (0,0) width 387: "If you have any comments to make regarding this test, e-mail "
        LayoutInline {A} at (0,0) size 182x19 [color=#0000EE]
          LayoutText {#text} at (387,0) size 182x19
            text run at (387,0) width 182: "py8ieh=eviltests@bath.ac.uk"
        LayoutText {#text} at (569,0) size 4x19
          text run at (569,0) width 4: "."
      LayoutBlockFlow {DL} at (0,94.44) size 769x40
        LayoutBlockFlow {DT} at (0,0) size 769x20
          LayoutText {#text} at (0,0) size 80x19
            text run at (0,0) width 80: "Prerequisites"
        LayoutBlockFlow {DD} at (40,20) size 729x20
          LayoutText {#text} at (0,0) size 550x19
            text run at (0,0) width 550: "Browsers that are subjected to this test should support CSS1 and the CSS2 table model."
      LayoutBlockFlow {H2} at (0,154.34) size 769x27
        LayoutText {#text} at (0,0) size 104x26
          text run at (0,0) width 104: "0. Control"
      LayoutBlockFlow {P} at (0,201.25) size 769x20
        LayoutText {#text} at (0,0) size 400x19
          text run at (0,0) width 400: "The following four tests should look identical, namely, like this:"
      LayoutBlockFlow {DIV} at (0,237.25) size 769x76 [color=#FFFFFF] [bgcolor=#000000]
        LayoutText {#text} at (0,0) size 716x75
          text run at (0,0) width 716: "This text should be white on black, bold, twice"
          text run at (0,38) width 587: "the size of normal text, and sans serif."
      LayoutBlockFlow {P} at (0,329.25) size 769x80
        LayoutText {#text} at (0,0) size 754x79
          text run at (0,0) width 744: "There are some minor exceptions, however. The x.1 tests should fill the viewport width, the other tests need not. Also,"
          text run at (0,20) width 750: "browsers attempting to have backwards compatability with the buggy behaviour of legacy browsers may omit to inherit"
          text run at (0,40) width 754: "the color and font-size in 1.1, which will make 1.1 (but only 1.1) unreadable. That is the problem with not following the"
          text run at (0,60) width 38: "specs."
      LayoutBlockFlow {H2} at (0,429.16) size 769x27
        LayoutText {#text} at (0,0) size 170x26
          text run at (0,0) width 170: "1. HTML Tables"
      LayoutBlockFlow {H3} at (0,476.06) size 769x23
        LayoutText {#text} at (0,0) size 250x22
          text run at (0,0) width 250: "1.1 Inheritance through a DIV"
      LayoutBlockFlow {DIV} at (0,517.78) size 769x82 [color=#FFFFFF] [bgcolor=#000000]
        LayoutTable {TABLE} at (0,0) size 769x82
          LayoutTableSection {TBODY} at (0,0) size 769x82
            LayoutTableRow {TR} at (0,2) size 769x78
              LayoutTableCell {TD} at (2,2) size 765x78 [r=0 c=0 rs=1 cs=1]
                LayoutText {#text} at (1,1) size 716x75
                  text run at (1,1) width 716: "This text should be white on black, bold, twice"
                  text run at (1,39) width 587: "the size of normal text, and sans serif."
      LayoutBlockFlow {H3} at (0,618.50) size 769x23
        LayoutText {#text} at (0,0) size 265x22
          text run at (0,0) width 265: "1.2 Styles set directly on TABLE"
      LayoutTable {TABLE} at (0,660.22) size 769x82 [color=#FFFFFF] [bgcolor=#000000]
        LayoutTableSection {TBODY} at (0,0) size 769x82
          LayoutTableRow {TR} at (0,2) size 769x78
            LayoutTableCell {TD} at (2,2) size 765x78 [r=0 c=0 rs=1 cs=1]
              LayoutText {#text} at (1,1) size 716x75
                text run at (1,1) width 716: "This text should be white on black, bold, twice"
                text run at (1,39) width 587: "the size of normal text, and sans serif."
      LayoutBlockFlow {H2} at (0,762.13) size 769x27
        LayoutText {#text} at (0,0) size 226x26
          text run at (0,0) width 226: "2. Explicit CSS Tables"
      LayoutBlockFlow {H3} at (0,809.03) size 769x23
        LayoutText {#text} at (0,0) size 250x22
          text run at (0,0) width 250: "2.1 Inheritance through a DIV"
      LayoutBlockFlow {DIV} at (0,850.75) size 769x76 [color=#FFFFFF] [bgcolor=#000000]
        LayoutTable {DIV} at (0,0) size 769x76
          LayoutTableSection (anonymous) at (0,0) size 769x76
            LayoutTableRow {DIV} at (0,0) size 769x76
              LayoutTableCell {DIV} at (0,0) size 769x76 [r=0 c=0 rs=1 cs=1]
                LayoutText {#text} at (0,0) size 716x75
                  text run at (0,0) width 716: "This text should be white on black, bold, twice"
                  text run at (0,38) width 587: "the size of normal text, and sans serif."
      LayoutBlockFlow {H3} at (0,945.47) size 769x23
        LayoutText {#text} at (0,0) size 265x22
          text run at (0,0) width 265: "2.2 Styles set directly on TABLE"
      LayoutTable {DIV} at (0,987.19) size 769x76 [color=#FFFFFF] [bgcolor=#000000]
        LayoutTableSection (anonymous) at (0,0) size 769x76
          LayoutTableRow {DIV} at (0,0) size 769x76
            LayoutTableCell {DIV} at (0,0) size 769x76 [r=0 c=0 rs=1 cs=1]
              LayoutText {#text} at (0,0) size 716x75
                text run at (0,0) width 716: "This text should be white on black, bold, twice"
                text run at (0,38) width 587: "the size of normal text, and sans serif."
      LayoutBlockFlow {H3} at (0,1081.91) size 769x23
        LayoutText {#text} at (0,0) size 248x22
          text run at (0,0) width 248: "2.3 Styles set directly on ROW"
      LayoutTable {DIV} at (0,1123.63) size 769x76
        LayoutTableSection (anonymous) at (0,0) size 769x76
          LayoutTableRow {DIV} at (0,0) size 769x76 [color=#FFFFFF] [bgcolor=#000000]
            LayoutTableCell {DIV} at (0,0) size 769x76 [r=0 c=0 rs=1 cs=1]
              LayoutText {#text} at (0,0) size 716x75
                text run at (0,0) width 716: "This text should be white on black, bold, twice"
                text run at (0,38) width 587: "the size of normal text, and sans serif."
      LayoutBlockFlow {H3} at (0,1218.34) size 769x23
        LayoutText {#text} at (0,0) size 253x22
          text run at (0,0) width 253: "2.4 Styles set directly on CELL"
      LayoutTable {DIV} at (0,1260.06) size 769x76
        LayoutTableSection (anonymous) at (0,0) size 769x76
          LayoutTableRow {DIV} at (0,0) size 769x76
            LayoutTableCell {DIV} at (0,0) size 769x76 [color=#FFFFFF] [bgcolor=#000000] [r=0 c=0 rs=1 cs=1]
              LayoutText {#text} at (0,0) size 716x75
                text run at (0,0) width 716: "This text should be white on black, bold, twice"
                text run at (0,38) width 587: "the size of normal text, and sans serif."
      LayoutBlockFlow {H2} at (0,1355.97) size 769x27
        LayoutText {#text} at (0,0) size 382x26
          text run at (0,0) width 382: "3. Implicit CSS Tables (table explicit)"
      LayoutBlockFlow {H3} at (0,1402.88) size 769x23
        LayoutText {#text} at (0,0) size 250x22
          text run at (0,0) width 250: "3.1 Inheritance through a DIV"
      LayoutBlockFlow {DIV} at (0,1444.59) size 769x76 [color=#FFFFFF] [bgcolor=#000000]
        LayoutTable {DIV} at (0,0) size 769x76
          LayoutTableSection (anonymous) at (0,0) size 769x76
            LayoutTableRow (anonymous) at (0,0) size 769x76
              LayoutTableCell (anonymous) at (0,0) size 769x76 [r=0 c=0 rs=1 cs=1]
                LayoutText {#text} at (0,0) size 716x75
                  text run at (0,0) width 716: "This text should be white on black, bold, twice"
                  text run at (0,38) width 587: "the size of normal text, and sans serif."
      LayoutBlockFlow {H3} at (0,1539.31) size 769x23
        LayoutText {#text} at (0,0) size 265x22
          text run at (0,0) width 265: "3.2 Styles set directly on TABLE"
      LayoutTable {DIV} at (0,1581.03) size 769x76 [color=#FFFFFF] [bgcolor=#000000]
        LayoutTableSection (anonymous) at (0,0) size 769x76
          LayoutTableRow (anonymous) at (0,0) size 769x76
            LayoutTableCell (anonymous) at (0,0) size 769x76 [r=0 c=0 rs=1 cs=1]
              LayoutText {#text} at (0,0) size 716x75
                text run at (0,0) width 716: "This text should be white on black, bold, twice"
                text run at (0,38) width 587: "the size of normal text, and sans serif."
      LayoutBlockFlow {H2} at (0,1676.94) size 769x27
        LayoutText {#text} at (0,0) size 371x26
          text run at (0,0) width 371: "4. Implicit CSS Tables (row explicit)"
      LayoutBlockFlow {H3} at (0,1723.84) size 769x23
        LayoutText {#text} at (0,0) size 250x22
          text run at (0,0) width 250: "4.1 Inheritance through a DIV"
      LayoutBlockFlow {DIV} at (0,1765.56) size 769x76 [color=#FFFFFF] [bgcolor=#000000]
        LayoutTable (anonymous) at (0,0) size 769x76
          LayoutTableSection (anonymous) at (0,0) size 769x76
            LayoutTableRow {DIV} at (0,0) size 769x76
              LayoutTableCell (anonymous) at (0,0) size 769x76 [r=0 c=0 rs=1 cs=1]
                LayoutText {#text} at (0,0) size 716x75
                  text run at (0,0) width 716: "This text should be white on black, bold, twice"
                  text run at (0,38) width 587: "the size of normal text, and sans serif."
      LayoutBlockFlow {H3} at (0,1860.28) size 769x23
        LayoutText {#text} at (0,0) size 248x22
          text run at (0,0) width 248: "4.2 Styles set directly on ROW"
      LayoutTable (anonymous) at (0,1902) size 769x76
        LayoutTableSection (anonymous) at (0,0) size 769x76
          LayoutTableRow {DIV} at (0,0) size 769x76 [color=#FFFFFF] [bgcolor=#000000]
            LayoutTableCell (anonymous) at (0,0) size 769x76 [r=0 c=0 rs=1 cs=1]
              LayoutText {#text} at (0,0) size 716x75
                text run at (0,0) width 716: "This text should be white on black, bold, twice"
                text run at (0,38) width 587: "the size of normal text, and sans serif."
      LayoutBlockFlow {H2} at (0,1997.91) size 769x27
        LayoutText {#text} at (0,0) size 367x26
          text run at (0,0) width 367: "5. Implicit CSS Tables (cell explicit)"
      LayoutBlockFlow {H3} at (0,2044.81) size 769x23
        LayoutText {#text} at (0,0) size 250x22
          text run at (0,0) width 250: "5.1 Inheritance through a DIV"
      LayoutBlockFlow {DIV} at (0,2086.53) size 769x76 [color=#FFFFFF] [bgcolor=#000000]
        LayoutTable (anonymous) at (0,0) size 769x76
          LayoutTableSection (anonymous) at (0,0) size 769x76
            LayoutTableRow (anonymous) at (0,0) size 769x76
              LayoutTableCell {DIV} at (0,0) size 769x76 [r=0 c=0 rs=1 cs=1]
                LayoutText {#text} at (0,0) size 716x75
                  text run at (0,0) width 716: "This text should be white on black, bold, twice"
                  text run at (0,38) width 587: "the size of normal text, and sans serif."
      LayoutBlockFlow {H3} at (0,2181.25) size 769x23
        LayoutText {#text} at (0,0) size 253x22
          text run at (0,0) width 253: "5.2 Styles set directly on CELL"
      LayoutTable (anonymous) at (0,2222.97) size 769x76
        LayoutTableSection (anonymous) at (0,0) size 769x76
          LayoutTableRow (anonymous) at (0,0) size 769x76
            LayoutTableCell {DIV} at (0,0) size 769x76 [color=#FFFFFF] [bgcolor=#000000] [r=0 c=0 rs=1 cs=1]
              LayoutText {#text} at (0,0) size 716x75
                text run at (0,0) width 716: "This text should be white on black, bold, twice"
                text run at (0,38) width 587: "the size of normal text, and sans serif."
      LayoutBlockFlow {H2} at (0,2318.88) size 769x27
        LayoutText {#text} at (0,0) size 154x26
          text run at (0,0) width 154: "Submit Results"
      LayoutBlockFlow {FORM} at (0,2365.78) size 769x42
        LayoutBlockFlow {P} at (0,0) size 769x42
          LayoutText {#text} at (0,0) size 263x19
            text run at (0,0) width 263: "How does your browser fare on this test? "
          LayoutMenuList {SELECT} at (263,0) size 504x20 [bgcolor=#C0C0C0] [border: (1px solid #A9A9A9)]
            LayoutBlockFlow (anonymous) at (1,1) size 502x18
              LayoutText (anonymous) at (4,1) size 481x16
                text run at (4,1) width 481: "The tests all render identically, and this browser may or may not grok CSS2 tables."
          LayoutText {#text} at (0,0) size 0x0
          LayoutInline {LABEL} at (0,0) size 224x19
            LayoutText {#text} at (0,21) size 70x19
              text run at (0,21) width 70: "Comment: "
            LayoutTextControl {INPUT} at (70,20) size 154x22 [bgcolor=#FFFFFF] [border: (2px inset #EEEEEE)]
          LayoutText {#text} at (224,21) size 4x19
            text run at (224,21) width 4: " "
          LayoutButton {INPUT} at (228,20) size 57x22 [bgcolor=#C0C0C0] [border: (2px outset #C0C0C0)]
            LayoutBlockFlow (anonymous) at (8,3) size 41x16
              LayoutText {#text} at (0,0) size 41x16
                text run at (0,0) width 41: "Submit"
          LayoutText {#text} at (0,0) size 0x0
      LayoutBlockFlow {HR} at (0,2423.78) size 769x2 [border: (1px inset #EEEEEE)]
      LayoutBlockFlow {P} at (0,2441.78) size 769x20
        LayoutText {#text} at (0,0) size 63x19
          text run at (0,0) width 63: "Up to the "
        LayoutInline {A} at (0,0) size 71x19 [color=#0000EE]
          LayoutText {#text} at (63,0) size 71x19
            text run at (63,0) width 71: "Table Tests"
        LayoutText {#text} at (133,0) size 5x19
          text run at (133,0) width 5: "."
      LayoutBlockFlow {P} at (0,2477.78) size 769x20
        LayoutText {#text} at (0,0) size 63x19
          text run at (0,0) width 63: "Up to the "
        LayoutInline {A} at (0,0) size 97x19 [color=#0000EE]
          LayoutText {#text} at (63,0) size 97x19
            text run at (63,0) width 97: "Evil Tests Page"
        LayoutText {#text} at (159,0) size 5x19
          text run at (159,0) width 5: "."
      LayoutBlockFlow {P} at (0,2513.78) size 769x20
        LayoutText {#text} at (0,0) size 61x19
          text run at (0,0) width 61: "Bugzilla: "
        LayoutInline {A} at (0,0) size 63x19 [color=#0000EE]
          LayoutText {#text} at (61,0) size 63x19
            text run at (61,0) width 63: "Bug 1044"
      LayoutBlockFlow {P} at (0,2549.78) size 769x20
        LayoutText {#text} at (0,0) size 173x19
          text run at (0,0) width 173: "This page is maintained by "
        LayoutInline {A} at (0,0) size 77x19 [color=#0000EE]
          LayoutText {#text} at (173,0) size 77x19
            text run at (173,0) width 77: "Ian Hickson"
        LayoutText {#text} at (250,0) size 9x19
          text run at (250,0) width 9: " ("
        LayoutInline {A} at (0,0) size 123x19 [color=#0000EE]
          LayoutText {#text} at (259,0) size 123x19
            text run at (259,0) width 123: "py8ieh@bath.ac.uk"
        LayoutText {#text} at (382,0) size 9x19
          text run at (382,0) width 9: ")."
      LayoutBlockFlow {P} at (0,2585.78) size 769x20
        LayoutText {#text} at (0,0) size 182x19
          text run at (0,0) width 182: "Last updated in March 1999."
layer at (80,2410) size 150x16 backgroundClip at (0,0) size 0x0 clip at (0,0) size 0x0
  LayoutBlockFlow {DIV} at (2,3) size 150x16
