layer at (0,0) size 800x600
  LayoutView at (0,0) size 800x600
layer at (0,0) size 800x600
  LayoutBlockFlow {HTML} at (0,0) size 800x600
    LayoutBlockFlow {BODY} at (8,8) size 784x584
      LayoutBlockFlow (anonymous) at (0,0) size 784x20
        LayoutText {#text} at (0,0) size 317x19
          text run at (0,0) width 317: "If the text is too low, then it is probably Bug 6920."
        LayoutText {#text} at (0,0) size 0x0
      LayoutTable {TABLE} at (0,20) size 271x66 [bgcolor=#FFCC00] [border: (1px outset #808080)]
        LayoutTableSection {TBODY} at (1,1) size 269x64
          LayoutTableRow {TR} at (0,2) size 269x60
            LayoutTableCell {TD} at (2,2) size 265x60 [border: (1px inset #808080)] [r=0 c=0 rs=1 cs=1]
              LayoutBlockFlow {DL} at (2,2) size 261x40
                LayoutBlockFlow (anonymous) at (0,0) size 261x0
                  LayoutInline {FONT} at (0,0) size 0x0
                    LayoutText {#text} at (0,0) size 0x0
                LayoutBlockFlow (anonymous) at (0,0) size 261x20
                  LayoutBlockFlow {DT} at (0,0) size 261x20
                    LayoutText {#text} at (0,0) size 25x19
                      text run at (0,0) width 25: "Baz"
                LayoutBlockFlow (anonymous) at (0,20) size 261x0
                  LayoutInline {FONT} at (0,0) size 0x0
                  LayoutText {#text} at (0,0) size 0x0
                LayoutBlockFlow {DD} at (40,20) size 221x20
                  LayoutText {#text} at (0,0) size 221x19
                    text run at (0,0) width 221: "foo foo foo foo foo foo foo foo foo"
