layer at (0,0) size 800x600
  LayoutView at (0,0) size 800x600
layer at (0,0) size 800x600
  LayoutBlockFlow {HTML} at (0,0) size 800x600
    LayoutBlockFlow {BODY} at (8,8) size 784x584 [bgcolor=#FFFFFF]
      LayoutTable {TABLE} at (0,0) size 610x110 [border: (1px outset #808080)]
        LayoutTableSection {TBODY} at (1,1) size 608x108
          LayoutTableRow {TR} at (0,2) size 608x104
            LayoutTableCell {TD} at (2,19) size 479x70 [border: (1px inset #808080)] [r=0 c=0 rs=1 cs=1]
              LayoutTable (floating) {TABLE} at (2,2) size 475x66 [bgcolor=#BBBBBB]
                LayoutTableSection {TBODY} at (0,0) size 475x66
                  LayoutTableRow {TR} at (0,2) size 475x62
                    LayoutTableCell {TD} at (2,32) size 2x2 [r=0 c=0 rs=1 cs=1]
                    LayoutTableCell {TD} at (6,2) size 467x62 [r=0 c=1 rs=1 cs=1]
                      LayoutText {#text} at (1,1) size 218x19
                        text run at (1,1) width 218: "Welcome to the new DaveCentral!"
                      LayoutBR {BR} at (218,16) size 1x0
                      LayoutText {#text} at (1,21) size 462x39
                        text run at (1,21) width 85: "I have a new "
                        text run at (86,21) width 353: "Linux software archive as well as the Windows archive "
                        text run at (438,21) width 25: "you"
                        text run at (1,41) width 186: "have come to know and love."
            LayoutTableCell {TD} at (483,2) size 123x104 [bgcolor=#99CCCC] [border: (1px inset #808080)] [r=0 c=1 rs=1 cs=1]
              LayoutText {#text} at (2,2) size 117x19
                text run at (2,2) width 117: "ANDOVER.NET"
              LayoutBR {BR} at (119,17) size 0x0
              LayoutText {#text} at (2,22) size 108x19
                text run at (2,22) width 108: "E-COMMERCE"
              LayoutBR {BR} at (110,37) size 0x0
              LayoutText {#text} at (2,42) size 102x59
                text run at (2,42) width 102: "Buy some smart"
                text run at (2,62) width 62: "stuff from"
                text run at (2,82) width 83: "Andover.Net"
