layer at (0,0) size 800x600
  LayoutView at (0,0) size 800x600
layer at (0,0) size 800x600
  LayoutBlockFlow {HTML} at (0,0) size 800x600
    LayoutBlockFlow {BODY} at (8,8) size 784x584 [bgcolor=#FFFFFF]
      LayoutTable {TABLE} at (0,0) size 480x58 [bgcolor=#000000]
        LayoutTableSection {TBODY} at (0,0) size 480x58
          LayoutTableRow {TR} at (0,0) size 480x58
            LayoutTableCell {TD} at (0,0) size 480x58 [r=0 c=0 rs=1 cs=1]
              LayoutTable {TABLE} at (1,1) size 478x56 [bgcolor=#959595]
                LayoutTableSection {TBODY} at (0,0) size 478x56
                  LayoutTableRow {TR} at (0,0) size 478x28
                    LayoutTableCell {TD} at (0,0) size 478x28 [bgcolor=#6666CC] [r=0 c=0 rs=1 cs=1]
                      LayoutInline {FONT} at (0,0) size 230x18 [color=#FFFFFF]
                        LayoutInline {B} at (0,0) size 230x19
                          LayoutText {#text} at (124,4) size 230x19
                            text run at (124,4) width 188: "BrowserWatch Headline "
                            text run at (311,4) width 43: "News"
                  LayoutTableRow {TR} at (0,28) size 478x28
                    LayoutTableCell {TD} at (0,28) size 478x28 [bgcolor=#D4D4D4] [r=1 c=0 rs=1 cs=1]
                      LayoutText {#text} at (4,4) size 24x19
                        text run at (4,4) width 24: "xxx"
