layer at (0,0) size 800x600
  LayoutView at (0,0) size 800x600
layer at (0,0) size 800x600
  LayoutBlockFlow {HTML} at (0,0) size 800x600
    LayoutBlockFlow {BODY} at (0,0) size 800x600
      LayoutTable (floating) {TABLE} at (0,0) size 113x40 [bgcolor=#0000FF]
        LayoutTableSection {TBODY} at (0,0) size 113x40
          LayoutTableRow {TR} at (0,0) size 113x40
            LayoutTableCell {TD} at (0,0) size 113x40 [r=0 c=0 rs=1 cs=1]
              LayoutText {#text} at (0,0) size 65x19
                text run at (0,0) width 65: "Left Table"
              LayoutBR {BR} at (64,15) size 1x0
              LayoutText {#text} at (0,20) size 113x19
                text run at (0,20) width 113: "ALIGN=\"LEFT\""
              LayoutBR {BR} at (113,35) size 0x0
      LayoutTable (floating) {TABLE} at (113,0) size 113x40 [bgcolor=#0000FF]
        LayoutTableSection {TBODY} at (0,0) size 113x40
          LayoutTableRow {TR} at (0,0) size 113x40
            LayoutTableCell {TD} at (0,0) size 113x40 [r=0 c=0 rs=1 cs=1]
              LayoutText {#text} at (0,0) size 81x19
                text run at (0,0) width 81: "Center Table"
              LayoutBR {BR} at (80,15) size 1x0
              LayoutText {#text} at (0,20) size 113x19
                text run at (0,20) width 113: "ALIGN=\"LEFT\""
              LayoutBR {BR} at (113,35) size 0x0
      LayoutTable (floating) {TABLE} at (226,0) size 113x40 [bgcolor=#0000FF]
        LayoutTableSection {TBODY} at (0,0) size 113x40
          LayoutTableRow {TR} at (0,0) size 113x40
            LayoutTableCell {TD} at (0,0) size 113x40 [r=0 c=0 rs=1 cs=1]
              LayoutText {#text} at (0,0) size 74x19
                text run at (0,0) width 74: "Right Table"
              LayoutBR {BR} at (73,15) size 1x0
              LayoutText {#text} at (0,20) size 113x19
                text run at (0,20) width 113: "ALIGN=\"LEFT\""
              LayoutBR {BR} at (113,35) size 0x0
      LayoutBR {BR} at (339,0) size 0x19
      LayoutBR {BR} at (0,40) size 0x19
      LayoutText {#text} at (0,60) size 487x19
        text run at (0,60) width 487: "The three tables above should abut each other. (in NN3/4 and IE4/5 they do)."
