layer at (0,0) size 800x600
  LayoutView at (0,0) size 800x600
layer at (0,0) size 800x600
  LayoutBlockFlow {HTML} at (0,0) size 800x600
    LayoutBlockFlow {BODY} at (8,8) size 784x584
      LayoutBlockFlow {P} at (0,0) size 784x20
        LayoutText {#text} at (0,0) size 212x19
          text run at (0,0) width 212: "Image URLs intentionally broken"
      LayoutTable {TABLE} at (0,36) size 732x57
        LayoutTableSection {TBODY} at (0,0) size 732x57
          LayoutTableRow {TR} at (0,2) size 732x53
            LayoutTableCell {TD} at (2,2) size 728x53 [r=0 c=0 rs=1 cs=1]
              LayoutBlockFlow {IMG} at (1,1) size 167x51
                LayoutBlockFlow {SPAN} at (0,0) size 167x51 [border: (1px solid #C0C0C0)]
                  LayoutImage (floating) {IMG} at (2,2) size 16x16
                  LayoutInline {SPAN} at (0,0) size 0x0
              LayoutBlockFlow {IMG} at (168,1) size 181x51
                LayoutBlockFlow {SPAN} at (0,0) size 181x51 [border: (1px solid #C0C0C0)]
                  LayoutImage (floating) {IMG} at (2,2) size 16x16
                  LayoutInline {SPAN} at (0,0) size 0x0
              LayoutBlockFlow {IMG} at (349,1) size 205x51
                LayoutBlockFlow {SPAN} at (0,0) size 205x51 [border: (1px solid #C0C0C0)]
                  LayoutImage (floating) {IMG} at (2,2) size 16x16
                  LayoutInline {SPAN} at (0,0) size 0x0
              LayoutBlockFlow {IMG} at (554,1) size 173x51
                LayoutBlockFlow {SPAN} at (0,0) size 173x51 [border: (1px solid #C0C0C0)]
                  LayoutImage (floating) {IMG} at (2,2) size 16x16
                  LayoutInline {SPAN} at (0,0) size 0x0
      LayoutBlockFlow {P} at (0,109) size 784x20
        LayoutText {#text} at (0,0) size 455x19
          text run at (0,0) width 455: "Identical to the above except that width=\"100%\" was removed from TD"
      LayoutTable {TABLE} at (0,145) size 732x57
        LayoutTableSection {TBODY} at (0,0) size 732x57
          LayoutTableRow {TR} at (0,2) size 732x53
            LayoutTableCell {TD} at (2,2) size 728x53 [r=0 c=0 rs=1 cs=1]
              LayoutBlockFlow {IMG} at (1,1) size 167x51
                LayoutBlockFlow {SPAN} at (0,0) size 167x51 [border: (1px solid #C0C0C0)]
                  LayoutImage (floating) {IMG} at (2,2) size 16x16
                  LayoutInline {SPAN} at (0,0) size 0x0
              LayoutBlockFlow {IMG} at (168,1) size 181x51
                LayoutBlockFlow {SPAN} at (0,0) size 181x51 [border: (1px solid #C0C0C0)]
                  LayoutImage (floating) {IMG} at (2,2) size 16x16
                  LayoutInline {SPAN} at (0,0) size 0x0
              LayoutBlockFlow {IMG} at (349,1) size 205x51
                LayoutBlockFlow {SPAN} at (0,0) size 205x51 [border: (1px solid #C0C0C0)]
                  LayoutImage (floating) {IMG} at (2,2) size 16x16
                  LayoutInline {SPAN} at (0,0) size 0x0
              LayoutBlockFlow {IMG} at (554,1) size 173x51
                LayoutBlockFlow {SPAN} at (0,0) size 173x51 [border: (1px solid #C0C0C0)]
                  LayoutImage (floating) {IMG} at (2,2) size 16x16
                  LayoutInline {SPAN} at (0,0) size 0x0
