layer at (0,0) size 800x600
  LayoutView at (0,0) size 800x600
layer at (0,0) size 800x600
  LayoutBlockFlow {HTML} at (0,0) size 800x600
    LayoutBlockFlow {BODY} at (8,8) size 784x584
      LayoutTable {TABLE} at (0,0) size 133x36 [border: (1px outset #808080)]
        LayoutTableSection {TBODY} at (1,1) size 131x34
          LayoutTableRow {TR} at (0,2) size 131x30
            LayoutTableCell {TD} at (2,2) size 127x30 [border: (1px inset #808080)] [r=0 c=0 rs=1 cs=1]
              LayoutTable {TABLE} at (2,2) size 123x26 [bgcolor=#FFCC99]
                LayoutTableSection {TBODY} at (0,0) size 123x26
                  LayoutTableRow {TR} at (0,2) size 123x22
                    LayoutTableCell {TD} at (2,2) size 31x22 [bgcolor=#FF6600] [r=0 c=0 rs=1 cs=1]
                      LayoutText {#text} at (1,1) size 29x19
                        text run at (1,1) width 29: "Find"
                    LayoutTableCell {TD} at (35,2) size 86x22 [r=0 c=1 rs=1 cs=1]
                      LayoutText {#text} at (1,1) size 84x19
                        text run at (1,1) width 84: "rick was here"
