layer at (0,0) size 800x600
  LayoutView at (0,0) size 800x600
layer at (0,0) size 800x240
  LayoutBlockFlow {HTML} at (0,0) size 800x240
    LayoutBlockFlow {BODY} at (8,8) size 784x224
      LayoutTable {TABLE} at (0,0) size 400x224 [border: (1px outset #808080)]
        LayoutBlockFlow {CAPTION} at (0,0) size 400x20
          LayoutText {#text} at (47,0) size 306x19
            text run at (47,0) width 306: "Table is 400 px width, set with table width=400."
        LayoutTableCol {COLGROUP} at (0,0) size 0x0
          LayoutTableCol {COL} at (0,0) size 0x0
          LayoutTableCol {COL} at (0,0) size 0x0
          LayoutTableCol {COL} at (0,0) size 0x0
        LayoutTableSection {TBODY} at (1,21) size 398x202
          LayoutTableRow {TR} at (0,0) size 398x202
            LayoutTableCell {TD} at (0,0) size 398x202 [border: (1px inset #808080)] [r=0 c=0 rs=1 cs=3]
              LayoutText {#text} at (1,1) size 395x199
                text run at (1,1) width 304: "table Cols 1 - 3. There must be a lot of text here "
                text run at (305,1) width 89: "in order to see"
                text run at (1,21) width 200: "the bug. table Cols 1 - 3. There "
                text run at (201,21) width 171: "must be a lot of text here in"
                text run at (1,41) width 132: "order to see the bug. "
                text run at (133,41) width 242: "table Cols 1 - 3. There must be a lot of"
                text run at (1,61) width 58: "text here "
                text run at (59,61) width 293: "in order to see the bug. table Cols 1 - 3. There "
                text run at (352,61) width 30: "must"
                text run at (1,81) width 273: "be a lot of text here in order to see the bug. "
                text run at (274,81) width 100: "table Cols 1 - 3."
                text run at (1,101) width 200: "There must be a lot of text here "
                text run at (201,101) width 178: "in order to see the bug. table"
                text run at (1,121) width 111: "Cols 1 - 3. There "
                text run at (112,121) width 271: "must be a lot of text here in order to see the"
                text run at (1,141) width 32: "bug. "
                text run at (33,141) width 304: "table Cols 1 - 3. There must be a lot of text here "
                text run at (337,141) width 49: "in order"
                text run at (1,161) width 240: "to see the bug. table Cols 1 - 3. There "
                text run at (241,161) width 155: "must be a lot of text here"
                text run at (1,181) width 144: "in order to see the bug."
