layer at (0,0) size 800x600
  LayoutView at (0,0) size 800x600
layer at (0,0) size 800x600
  LayoutBlockFlow {HTML} at (0,0) size 800x600
    LayoutBlockFlow {BODY} at (8,8) size 784x584
      LayoutTable {TABLE} at (192,0) size 400x46 [border: (1px outset #808080)]
        LayoutTableSection {TBODY} at (1,1) size 398x44
          LayoutTableRow {TR} at (0,2) size 398x40
            LayoutTableCell {TD} at (2,2) size 394x40 [border: (1px inset #808080)] [r=0 c=0 rs=1 cs=1]
              LayoutBlockFlow {FORM} at (2,2) size 390x20
                LayoutMenuList {SELECT} at (0,0) size 47x20 [bgcolor=#C0C0C0] [border: (1px solid #A9A9A9)]
                  LayoutBlockFlow (anonymous) at (1,1) size 45x18
                    LayoutText (anonymous) at (4,1) size 25x16
                      text run at (4,1) width 25: "Test"
                LayoutText {#text} at (0,0) size 0x0
