layer at (0,0) size 800x600
  LayoutView at (0,0) size 800x600
layer at (0,0) size 800x551
  LayoutBlockFlow {HTML} at (0,0) size 800x551
    LayoutBlockFlow {BODY} at (57,64) size 686x423 [bgcolor=#99FFCC] [border: (3px solid #000000)]
      LayoutBlockFlow {P} at (3,3) size 680x64
        LayoutText {#text} at (0,7) size 636x50
          text run at (0,7) width 597: "These links are in an element with display table-row, and the li elements "
          text run at (596,7) width 40: "have"
          text run at (0,39) width 153: "display: table-cell. "
          text run at (152,39) width 132: "They disappear:"
      LayoutTable (anonymous) at (3,67) size 308x18
        LayoutTableSection (anonymous) at (0,0) size 308x18
          LayoutTableRow {UL} at (0,0) size 308x18 [bgcolor=#00CC99]
            LayoutTableCell {LI} at (0,0) size 77x18 [r=0 c=0 rs=1 cs=1]
              LayoutInline {A} at (0,0) size 55x18 [color=#0000EE]
                LayoutText {#text} at (11,0) size 55x18
                  text run at (11,0) width 55: "people"
            LayoutTableCell {LI} at (77,0) size 77x18 [r=0 c=1 rs=1 cs=1]
              LayoutInline {A} at (0,0) size 51x18 [color=#0000EE]
                LayoutText {#text} at (13,0) size 51x18
                  text run at (13,0) width 51: "places"
            LayoutTableCell {LI} at (154,0) size 77x18 [r=0 c=2 rs=1 cs=1]
              LayoutInline {A} at (0,0) size 77x18 [color=#0000EE]
                LayoutText {#text} at (0,0) size 77x18
                  text run at (0,0) width 77: "members"
            LayoutTableCell {LI} at (231,0) size 77x18 [r=0 c=3 rs=1 cs=1]
              LayoutInline {A} at (0,0) size 35x18 [color=#0000EE]
                LayoutText {#text} at (21,0) size 35x18
                  text run at (21,0) width 35: "links"
      LayoutBlockFlow {DIV} at (3,85) size 680x335
        LayoutBlockFlow (anonymous) at (16,16) size 648x18
          LayoutText {#text} at (0,0) size 514x18
            text run at (0,0) width 228: "This text is not in the form. "
            text run at (228,0) width 286: "The form should be indented 40px."
        LayoutBlockFlow {FORM} at (96,34) size 568x285
          LayoutBlockFlow {P} at (0,0) size 568x64
            LayoutText {#text} at (0,7) size 545x50
              text run at (0,7) width 196: "This is text in the form. "
              text run at (196,7) width 230: "It should be indented 40px. "
              text run at (426,7) width 119: "The form itself"
              text run at (0,39) width 376: "has the same table-row/table-cell problem as "
              text run at (376,39) width 55: "above."
          LayoutBlockFlow {P} at (0,64) size 568x63
            LayoutTable {SPAN} at (0,3) size 137x60
              LayoutTableSection (anonymous) at (0,0) size 137x60
                LayoutTableRow {SPAN} at (0,0) size 137x28
                  LayoutTableCell (anonymous) at (0,0) size 137x28 [r=0 c=0 rs=1 cs=1]
                    LayoutText {#text} at (0,6) size 137x16
                      text run at (0,6) width 137: "First Name (required)"
                LayoutTableRow (anonymous) at (0,28) size 137x32
                  LayoutTableCell (anonymous) at (0,28) size 137x32 [r=1 c=0 rs=1 cs=1]
                    LayoutTextControl {INPUT} at (0,6) size 130x22 [bgcolor=#FFFFFF] [border: (2px inset #EEEEEE)]
            LayoutText {#text} at (137,7) size 6x18
              text run at (137,7) width 6: " "
            LayoutTable {SPAN} at (143,3) size 136x60
              LayoutTableSection (anonymous) at (0,0) size 136x60
                LayoutTableRow {SPAN} at (0,0) size 136x28
                  LayoutTableCell (anonymous) at (0,0) size 136x28 [r=0 c=0 rs=1 cs=1]
                    LayoutText {#text} at (0,6) size 136x16
                      text run at (0,6) width 136: "Last Name (required)"
                LayoutTableRow (anonymous) at (0,28) size 136x32
                  LayoutTableCell (anonymous) at (0,28) size 136x32 [r=1 c=0 rs=1 cs=1]
                    LayoutTextControl {INPUT} at (0,6) size 130x22 [bgcolor=#FFFFFF] [border: (2px inset #EEEEEE)]
            LayoutText {#text} at (0,0) size 0x0
          LayoutBlockFlow {P} at (0,127) size 568x63
            LayoutTable {SPAN} at (0,3) size 274x60
              LayoutTableSection (anonymous) at (0,0) size 274x60
                LayoutTableRow {SPAN} at (0,0) size 274x28
                  LayoutTableCell (anonymous) at (0,0) size 274x28 [r=0 c=0 rs=1 cs=1]
                    LayoutText {#text} at (0,6) size 91x16
                      text run at (0,6) width 91: "Email Address"
                LayoutTableRow (anonymous) at (0,28) size 274x32
                  LayoutTableCell (anonymous) at (0,28) size 274x32 [r=1 c=0 rs=1 cs=1]
                    LayoutTextControl {INPUT} at (0,6) size 274x22 [bgcolor=#FFFFFF] [border: (2px inset #EEEEEE)]
            LayoutText {#text} at (0,0) size 0x0
          LayoutBlockFlow {P} at (0,190) size 568x63
            LayoutTable {SPAN} at (0,3) size 130x60
              LayoutTableSection (anonymous) at (0,0) size 130x60
                LayoutTableRow {SPAN} at (0,0) size 130x28
                  LayoutTableCell (anonymous) at (0,0) size 130x28 [r=0 c=0 rs=1 cs=1]
                    LayoutText {#text} at (0,6) size 103x16
                      text run at (0,6) width 103: "Company Name"
                LayoutTableRow (anonymous) at (0,28) size 130x32
                  LayoutTableCell (anonymous) at (0,28) size 130x32 [r=1 c=0 rs=1 cs=1]
                    LayoutTextControl {INPUT} at (0,6) size 130x22 [bgcolor=#FFFFFF] [border: (2px inset #EEEEEE)]
            LayoutText {#text} at (130,7) size 6x18
              text run at (130,7) width 6: " "
            LayoutTable {SPAN} at (136,3) size 130x60
              LayoutTableSection (anonymous) at (0,0) size 130x60
                LayoutTableRow {SPAN} at (0,0) size 130x28
                  LayoutTableCell (anonymous) at (0,0) size 130x28 [r=0 c=0 rs=1 cs=1]
                    LayoutText {#text} at (0,6) size 27x16
                      text run at (0,6) width 27: "Title"
                LayoutTableRow (anonymous) at (0,28) size 130x32
                  LayoutTableCell (anonymous) at (0,28) size 130x32 [r=1 c=0 rs=1 cs=1]
                    LayoutTextControl {INPUT} at (0,6) size 130x22 [bgcolor=#FFFFFF] [border: (2px inset #EEEEEE)]
            LayoutText {#text} at (0,0) size 0x0
          LayoutBlockFlow {P} at (0,253) size 568x32
            LayoutButton {INPUT} at (0,6) size 61x22 [bgcolor=#C0C0C0] [border: (2px outset #C0C0C0)]
              LayoutBlockFlow (anonymous) at (8,3) size 45x16
                LayoutText {#text} at (0,0) size 45x16
                  text run at (0,0) width 45: "Submit!"
            LayoutText {#text} at (61,7) size 6x18
              text run at (61,7) width 6: " "
            LayoutButton {INPUT} at (67,6) size 80x22 [bgcolor=#C0C0C0] [border: (2px outset #C0C0C0)]
              LayoutBlockFlow (anonymous) at (8,3) size 64x16
                LayoutText {#text} at (0,0) size 64x16
                  text run at (0,0) width 64: "Clear Form"
            LayoutText {#text} at (0,0) size 0x0
layer at (158,287) size 126x16
  LayoutBlockFlow {DIV} at (2,3) size 126x16
layer at (301,287) size 126x16
  LayoutBlockFlow {DIV} at (2,3) size 126x16
layer at (158,350) size 270x16
  LayoutBlockFlow {DIV} at (2,3) size 270x16
layer at (158,413) size 126x16
  LayoutBlockFlow {DIV} at (2,3) size 126x16
layer at (294,413) size 126x16
  LayoutBlockFlow {DIV} at (2,3) size 126x16
