layer at (0,0) size 800x600
  LayoutView at (0,0) size 800x600
layer at (0,0) size 800x136
  LayoutBlockFlow {HTML} at (0,0) size 800x136
    LayoutBlockFlow {BODY} at (8,8) size 784x120
      LayoutTable {TABLE} at (0,0) size 87x120 [border: (1px outset #808080)]
        LayoutTableSection {TBODY} at (1,1) size 85x60
          LayoutTableRow {TR} at (0,2) size 85x56
            LayoutTableCell {TH} at (2,28) size 38x4 [border: (1px inset #808080)] [r=0 c=0 rs=1 cs=1]
            LayoutTableCell {TD} at (42,2) size 41x56 [border: (1px inset #808080)] [r=0 c=1 rs=1 cs=1]
              LayoutBlockFlow {P} at (2,18) size 37x20
                LayoutText {#text} at (0,0) size 37x19
                  text run at (0,0) width 37: "TWO"
        LayoutTableCol {COLGROUP} at (0,0) size 0x0
          LayoutTableCol {COL} at (0,0) size 0x0
        LayoutTableSection {TBODY} at (1,61) size 85x58
          LayoutTableRow {TR} at (0,0) size 85x56
            LayoutTableCell {TD} at (2,0) size 38x56 [border: (1px inset #808080)] [r=0 c=0 rs=1 cs=1]
              LayoutBlockFlow {P} at (2,18) size 34x20
                LayoutText {#text} at (0,0) size 34x19
                  text run at (0,0) width 34: "ONE"
        LayoutTableCol {COLGROUP} at (0,0) size 0x0
          LayoutTableCol {COL} at (0,0) size 0x0
