layer at (0,0) size 800x600
  LayoutView at (0,0) size 800x600
layer at (0,0) size 800x600
  LayoutBlockFlow {HTML} at (0,0) size 800x600
    LayoutBlockFlow {BODY} at (8,8) size 784x584
      LayoutTable {TABLE} at (0,0) size 784x95
        LayoutTableSection {TBODY} at (0,0) size 784x95
          LayoutTableRow {TR} at (0,2) size 784x91
            LayoutTableCell {TD} at (2,2) size 638x91 [r=0 c=0 rs=1 cs=1]
              LayoutTable {TABLE} at (1,1) size 636x89
                LayoutTableSection {TBODY} at (0,0) size 636x89
                  LayoutTableRow {TR} at (0,2) size 636x85
                    LayoutTableCell {TD} at (2,2) size 632x85 [r=0 c=0 rs=1 cs=1]
                      LayoutText {#text} at (1,1) size 54x82
                        text run at (1,1) width 54: "inside of"
                        text run at (1,64) width 30: "table"
                      LayoutImage {IMG} at (31,21) size 600x58
            LayoutTableCell {TD} at (642,26) size 140x42 [r=0 c=1 rs=1 cs=1]
              LayoutText {#text} at (1,1) size 119x39
                text run at (1,1) width 119: "2nd row of outside"
                text run at (1,21) width 30: "table"
