layer at (0,0) size 800x600
  LayoutView at (0,0) size 800x600
layer at (0,0) size 800x600
  LayoutBlockFlow {HTML} at (0,0) size 800x600
    LayoutBlockFlow {BODY} at (8,8) size 784x584
      LayoutTable {TABLE} at (0,0) size 64x584
        LayoutTableSection {THEAD} at (0,0) size 64x26
          LayoutTableRow {TR} at (0,2) size 64x22
            LayoutTableCell {TD} at (2,2) size 60x22 [r=0 c=0 rs=1 cs=1]
              LayoutText {#text} at (1,1) size 58x19
                text run at (1,1) width 58: "THEAD"
        LayoutTableSection {TFOOT} at (0,560) size 64x24
          LayoutTableRow {TR} at (0,0) size 64x22
            LayoutTableCell {TD} at (2,0) size 60x22 [r=0 c=0 rs=1 cs=1]
              LayoutText {#text} at (1,1) size 56x19
                text run at (1,1) width 56: "TFOOT"
        LayoutTableSection {TBODY} at (0,26) size 64x534
          LayoutTableRow {TR} at (0,0) size 64x532
            LayoutTableCell {TD} at (2,255) size 60x22 [r=0 c=0 rs=1 cs=1]
              LayoutText {#text} at (1,1) size 57x19
                text run at (1,1) width 57: "TBODY"
