layer at (0,0) size 800x600
  LayoutView at (0,0) size 800x600
layer at (0,0) size 800x600
  LayoutBlockFlow {HTML} at (0,0) size 800x600
    LayoutBlockFlow {BODY} at (8,8) size 784x584
      LayoutTable {TABLE} at (0,0) size 126x56 [border: (1px outset #808080)]
        LayoutTableSection {THEAD} at (1,1) size 124x28
          LayoutTableRow {TR} at (0,2) size 124x11
            LayoutTableCell {TH} at (2,2) size 36x24 [border: (1px inset #808080)] [r=0 c=0 rs=2 cs=1]
              LayoutText {#text} at (2,2) size 32x19
                text run at (2,2) width 32: "aaaa"
            LayoutTableCell {TH} at (40,2) size 40x24 [border: (1px inset #808080)] [r=0 c=1 rs=2 cs=1]
              LayoutText {#text} at (2,2) size 36x19
                text run at (2,2) width 36: "bbbb"
            LayoutTableCell {TH} at (82,2) size 40x24 [border: (1px inset #808080)] [r=0 c=2 rs=2 cs=1]
              LayoutText {#text} at (2,2) size 36x19
                text run at (2,2) width 36: "dddd"
          LayoutTableRow {TR} at (0,15) size 124x11
        LayoutTableSection {TBODY} at (1,29) size 124x26
          LayoutTableRow {TR} at (0,0) size 124x24
            LayoutTableCell {TD} at (2,0) size 36x24 [border: (1px inset #808080)] [r=0 c=0 rs=1 cs=1]
              LayoutText {#text} at (2,2) size 31x19
                text run at (2,2) width 31: "1111"
            LayoutTableCell {TD} at (40,0) size 40x24 [border: (1px inset #808080)] [r=0 c=1 rs=1 cs=1]
              LayoutText {#text} at (2,2) size 32x19
                text run at (2,2) width 32: "2222"
            LayoutTableCell {TD} at (82,0) size 40x24 [border: (1px inset #808080)] [r=0 c=2 rs=1 cs=1]
              LayoutText {#text} at (2,2) size 32x19
                text run at (2,2) width 32: "5555"
