layer at (0,0) size 800x600
  LayoutView at (0,0) size 800x600
layer at (0,0) size 800x600
  LayoutBlockFlow {HTML} at (0,0) size 800x600
    LayoutBlockFlow {BODY} at (8,8) size 784x584 [bgcolor=#FFFFFF]
      LayoutTable {TABLE} at (0,0) size 52x20 [bgcolor=#00FF00]
        LayoutTableSection {TBODY} at (0,0) size 52x20
          LayoutTableRow {TR} at (0,0) size 52x20
            LayoutTableCell {TD} at (0,2) size 7x15 [r=0 c=0 rs=1 cs=1]
              LayoutImage {IMG} at (0,0) size 7x15
            LayoutTableCell {TD} at (7,0) size 39x20 [r=0 c=1 rs=1 cs=1]
              LayoutText {#text} at (0,0) size 39x19
                text run at (0,0) width 39: "Home"
            LayoutTableCell {TD} at (46,2) size 6x15 [r=0 c=2 rs=1 cs=1]
              LayoutImage {IMG} at (0,0) size 6x15
