layer at (0,0) size 800x600 clip at (0,0) size 785x600 scrollHeight 973
  LayoutView at (0,0) size 800x600
layer at (0,0) size 785x973 backgroundClip at (0,0) size 785x600 clip at (0,0) size 785x600
  LayoutBlockFlow {HTML} at (0,0) size 785x973.13
    LayoutBlockFlow {BODY} at (8,21.44) size 769x935.69
      LayoutBlockFlow {H1} at (0,0) size 769x37
        LayoutText {#text} at (0,0) size 344x36
          text run at (0,0) width 344: "Anonymous table objects"
      LayoutBlockFlow {P} at (0,58.44) size 769x20
        LayoutText {#text} at (0,0) size 50x19
          text run at (0,0) width 50: "See the "
        LayoutInline {A} at (0,0) size 156x19 [color=#0000EE]
          LayoutText {#text} at (50,0) size 156x19
            text run at (50,0) width 54: "relevant "
            text run at (104,0) width 102: "section of CSS2"
        LayoutText {#text} at (206,0) size 126x19
          text run at (206,0) width 126: " for an explanation. "
        LayoutInline {STRONG} at (0,0) size 270x19
          LayoutText {#text} at (332,0) size 270x19
            text run at (332,0) width 121: "This test does not "
            text run at (453,0) width 149: "test inline-tables at all."
        LayoutText {#text} at (0,0) size 0x0
      LayoutBlockFlow {H2} at (0,98.34) size 769x27
        LayoutText {#text} at (0,0) size 66x26
          text run at (0,0) width 66: "Rule 1"
      LayoutTable {DIV} at (0,145.25) size 144x20 [bgcolor=#00FFFF]
        LayoutTableSection (anonymous) at (0,0) size 144x20
          LayoutTableRow (anonymous) at (0,0) size 144x20
            LayoutTableCell (anonymous) at (0,0) size 144x20 [r=0 c=0 rs=1 cs=1]
              LayoutText {#text} at (0,0) size 144x19
                text run at (0,0) width 144: "Table 1, Cell 1, Row 1"
      LayoutBlockFlow {H2} at (0,185.16) size 769x27
        LayoutText {#text} at (0,0) size 66x26
          text run at (0,0) width 66: "Rule 2"
      LayoutBlockFlow {DIV} at (0,232.06) size 769x20
        LayoutTable (anonymous) at (0,0) size 576x20
          LayoutTableSection (anonymous) at (0,0) size 576x20
            LayoutTableRow (anonymous) at (0,0) size 576x20
              LayoutTableCell {SPAN} at (0,0) size 144x20 [bgcolor=#00FFFF] [r=0 c=0 rs=1 cs=1]
                LayoutText {#text} at (0,0) size 144x19
                  text run at (0,0) width 144: "Table 1, Row 1, Cell 1"
              LayoutTableCell {SPAN} at (144,0) size 144x20 [bgcolor=#00FFFF] [r=0 c=1 rs=1 cs=1]
                LayoutText {#text} at (0,0) size 144x19
                  text run at (0,0) width 144: "Table 1, Row 1, Cell 2"
              LayoutTableCell {SPAN} at (288,0) size 144x20 [bgcolor=#00FFFF] [r=0 c=2 rs=1 cs=1]
                LayoutText {#text} at (0,0) size 144x19
                  text run at (0,0) width 144: "Table 1, Row 1, Cell 3"
              LayoutTableCell {SPAN} at (432,0) size 144x20 [bgcolor=#00FFFF] [r=0 c=3 rs=1 cs=1]
                LayoutText {#text} at (0,0) size 144x19
                  text run at (0,0) width 144: "Table 1, Row 1, Cell 4"
      LayoutBlockFlow {DIV} at (0,268.06) size 769x60
        LayoutTable (anonymous) at (0,0) size 576x60
          LayoutTableSection (anonymous) at (0,0) size 576x60
            LayoutTableRow (anonymous) at (0,0) size 576x20
              LayoutTableCell {SPAN} at (0,0) size 144x20 [bgcolor=#00FFFF] [r=0 c=0 rs=1 cs=1]
                LayoutText {#text} at (0,0) size 144x19
                  text run at (0,0) width 144: "Table 2, Row 1, Cell 1"
              LayoutTableCell {SPAN} at (144,0) size 144x20 [bgcolor=#00FFFF] [r=0 c=1 rs=1 cs=1]
                LayoutText {#text} at (0,0) size 144x19
                  text run at (0,0) width 144: "Table 2, Row 1, Cell 2"
              LayoutTableCell {SPAN} at (288,0) size 144x20 [bgcolor=#00FFFF] [r=0 c=2 rs=1 cs=1]
                LayoutText {#text} at (0,0) size 144x19
                  text run at (0,0) width 144: "Table 2, Row 1, Cell 3"
              LayoutTableCell {SPAN} at (432,0) size 144x20 [bgcolor=#00FFFF] [r=0 c=3 rs=1 cs=1]
                LayoutText {#text} at (0,0) size 144x19
                  text run at (0,0) width 144: "Table 2, Row 1, Cell 4"
            LayoutTableRow {SPAN} at (0,20) size 576x20 [bgcolor=#00FFFF]
              LayoutTableCell {SPAN} at (0,20) size 144x20 [r=1 c=0 rs=1 cs=1]
                LayoutText {#text} at (0,0) size 144x19
                  text run at (0,0) width 144: "Table 2, Row 2, Cell 1"
              LayoutTableCell {SPAN} at (144,20) size 144x20 [r=1 c=1 rs=1 cs=1]
                LayoutText {#text} at (0,0) size 144x19
                  text run at (0,0) width 144: "Table 2, Row 2, Cell 2"
              LayoutTableCell {SPAN} at (288,20) size 144x20 [r=1 c=2 rs=1 cs=1]
                LayoutText {#text} at (0,0) size 144x19
                  text run at (0,0) width 144: "Table 2, Row 2, Cell 3"
              LayoutTableCell {SPAN} at (432,20) size 144x20 [r=1 c=3 rs=1 cs=1]
                LayoutText {#text} at (0,0) size 144x19
                  text run at (0,0) width 144: "Table 2, Row 2, Cell 4"
            LayoutTableRow (anonymous) at (0,40) size 576x20
              LayoutTableCell {SPAN} at (0,40) size 144x20 [bgcolor=#00FFFF] [r=2 c=0 rs=1 cs=1]
                LayoutText {#text} at (0,0) size 144x19
                  text run at (0,0) width 144: "Table 2, Row 3, Cell 1"
              LayoutTableCell {SPAN} at (144,40) size 144x20 [bgcolor=#00FFFF] [r=2 c=1 rs=1 cs=1]
                LayoutText {#text} at (0,0) size 144x19
                  text run at (0,0) width 144: "Table 2, Row 3, Cell 2"
              LayoutTableCell {SPAN} at (288,40) size 144x20 [bgcolor=#00FFFF] [r=2 c=2 rs=1 cs=1]
                LayoutText {#text} at (0,0) size 144x19
                  text run at (0,0) width 144: "Table 2, Row 3, Cell 3"
              LayoutTableCell {SPAN} at (432,40) size 144x20 [bgcolor=#00FFFF] [r=2 c=3 rs=1 cs=1]
                LayoutText {#text} at (0,0) size 144x19
                  text run at (0,0) width 144: "Table 2, Row 3, Cell 4"
      LayoutBlockFlow {H2} at (0,347.97) size 769x27
        LayoutText {#text} at (0,0) size 137x26
          text run at (0,0) width 137: "Rules 3 and 4"
      LayoutBlockFlow {P} at (0,394.88) size 769x20
        LayoutText {#text} at (0,0) size 497x19
          text run at (0,0) width 424: "This section does not test the behavior of columns, column groups, "
          text run at (424,0) width 73: "or captions."
      LayoutBlockFlow {DIV} at (0,430.88) size 769x60
        LayoutTable (anonymous) at (0,0) size 576x60
          LayoutTableSection (anonymous) at (0,0) size 576x60
            LayoutTableRow {SPAN} at (0,0) size 576x20 [bgcolor=#00FFFF]
              LayoutTableCell {SPAN} at (0,0) size 144x20 [r=0 c=0 rs=1 cs=1]
                LayoutText {#text} at (0,0) size 144x19
                  text run at (0,0) width 144: "Table 1, Row 1, Cell 1"
              LayoutTableCell {SPAN} at (144,0) size 144x20 [r=0 c=1 rs=1 cs=1]
                LayoutText {#text} at (0,0) size 144x19
                  text run at (0,0) width 144: "Table 1, Row 1, Cell 2"
              LayoutTableCell {SPAN} at (288,0) size 144x20 [r=0 c=2 rs=1 cs=1]
                LayoutText {#text} at (0,0) size 144x19
                  text run at (0,0) width 144: "Table 1, Row 1, Cell 3"
              LayoutTableCell {SPAN} at (432,0) size 144x20 [r=0 c=3 rs=1 cs=1]
                LayoutText {#text} at (0,0) size 144x19
                  text run at (0,0) width 144: "Table 1, Row 1, Cell 4"
            LayoutTableRow {SPAN} at (0,20) size 576x20 [bgcolor=#00FFFF]
              LayoutTableCell {SPAN} at (0,20) size 144x20 [r=1 c=0 rs=1 cs=1]
                LayoutText {#text} at (0,0) size 84x19
                  text run at (0,0) width 84: "T 1, R 2, C 1"
              LayoutTableCell {SPAN} at (144,20) size 144x20 [r=1 c=1 rs=1 cs=1]
                LayoutText {#text} at (0,0) size 144x19
                  text run at (0,0) width 144: "Table 1, Row 2, Cell 2"
              LayoutTableCell {SPAN} at (288,20) size 144x20 [r=1 c=2 rs=1 cs=1]
                LayoutText {#text} at (0,0) size 144x19
                  text run at (0,0) width 144: "Table 1, Row 2, Cell 3"
              LayoutTableCell {SPAN} at (432,20) size 144x20 [r=1 c=3 rs=1 cs=1]
                LayoutText {#text} at (0,0) size 144x19
                  text run at (0,0) width 144: "Table 1, Row 2, Cell 4"
            LayoutTableRow {SPAN} at (0,40) size 576x20 [bgcolor=#00FFFF]
              LayoutTableCell {SPAN} at (0,40) size 144x20 [r=2 c=0 rs=1 cs=1]
                LayoutText {#text} at (0,0) size 144x19
                  text run at (0,0) width 144: "Table 1, Row 3, Cell 1"
              LayoutTableCell {SPAN} at (144,40) size 144x20 [r=2 c=1 rs=1 cs=1]
                LayoutText {#text} at (0,0) size 144x19
                  text run at (0,0) width 144: "Table 1, Row 3, Cell 2"
              LayoutTableCell {SPAN} at (288,40) size 144x20 [r=2 c=2 rs=1 cs=1]
                LayoutText {#text} at (0,0) size 84x19
                  text run at (0,0) width 84: "T 1, R 3, C 3"
              LayoutTableCell {SPAN} at (432,40) size 144x20 [r=2 c=3 rs=1 cs=1]
                LayoutText {#text} at (0,0) size 144x19
                  text run at (0,0) width 144: "Table 1, Row 3, Cell 4"
      LayoutBlockFlow {P} at (0,506.88) size 769x20
        LayoutText {#text} at (0,0) size 710x19
          text run at (0,0) width 710: "Note: table-header-group and table-footer-group are tested only in their HTML order, and they only appear once."
      LayoutBlockFlow {DIV} at (0,542.88) size 769x100
        LayoutTable (anonymous) at (0,0) size 576x100
          LayoutTableSection {SPAN} at (0,0) size 576x20 [bgcolor=#00FFFF]
            LayoutTableRow (anonymous) at (0,0) size 576x20
              LayoutTableCell {SPAN} at (0,0) size 144x20 [bgcolor=#00FFFF] [r=0 c=0 rs=1 cs=1]
                LayoutText {#text} at (0,0) size 144x19
                  text run at (0,0) width 144: "Table 2, Row 1, Cell 1"
              LayoutTableCell {SPAN} at (144,0) size 144x20 [bgcolor=#00FFFF] [r=0 c=1 rs=1 cs=1]
                LayoutText {#text} at (0,0) size 144x19
                  text run at (0,0) width 144: "Table 2, Row 1, Cell 2"
              LayoutTableCell {SPAN} at (288,0) size 144x20 [bgcolor=#00FFFF] [r=0 c=2 rs=1 cs=1]
                LayoutText {#text} at (0,0) size 144x19
                  text run at (0,0) width 144: "Table 2, Row 1, Cell 3"
              LayoutTableCell {SPAN} at (432,0) size 144x20 [bgcolor=#00FFFF] [r=0 c=3 rs=1 cs=1]
                LayoutText {#text} at (0,0) size 144x19
                  text run at (0,0) width 144: "Table 2, Row 1, Cell 4"
          LayoutTableSection {SPAN} at (0,80) size 576x20 [bgcolor=#00FFFF]
            LayoutTableRow (anonymous) at (0,0) size 576x20
              LayoutTableCell {SPAN} at (0,0) size 144x20 [bgcolor=#00FFFF] [r=0 c=0 rs=1 cs=1]
                LayoutText {#text} at (0,0) size 144x19
                  text run at (0,0) width 144: "Table 2, Row 5, Cell 1"
              LayoutTableCell {SPAN} at (144,0) size 144x20 [bgcolor=#00FFFF] [r=0 c=1 rs=1 cs=1]
                LayoutText {#text} at (0,0) size 144x19
                  text run at (0,0) width 144: "Table 2, Row 5, Cell 2"
              LayoutTableCell {SPAN} at (288,0) size 144x20 [bgcolor=#00FFFF] [r=0 c=2 rs=1 cs=1]
                LayoutText {#text} at (0,0) size 84x19
                  text run at (0,0) width 84: "T 2, R 5, C 5"
              LayoutTableCell {SPAN} at (432,0) size 144x20 [bgcolor=#00FFFF] [r=0 c=3 rs=1 cs=1]
                LayoutText {#text} at (0,0) size 144x19
                  text run at (0,0) width 144: "Table 2, Row 5, Cell 4"
          LayoutTableSection (anonymous) at (0,20) size 576x20
            LayoutTableRow {SPAN} at (0,0) size 576x20 [bgcolor=#00FFFF]
              LayoutTableCell {SPAN} at (0,0) size 144x20 [r=0 c=0 rs=1 cs=1]
                LayoutText {#text} at (0,0) size 84x19
                  text run at (0,0) width 84: "T 2, R 2, C 1"
              LayoutTableCell {SPAN} at (144,0) size 144x20 [r=0 c=1 rs=1 cs=1]
                LayoutText {#text} at (0,0) size 144x19
                  text run at (0,0) width 144: "Table 2, Row 2, Cell 2"
              LayoutTableCell {SPAN} at (288,0) size 144x20 [r=0 c=2 rs=1 cs=1]
                LayoutText {#text} at (0,0) size 144x19
                  text run at (0,0) width 144: "Table 2, Row 2, Cell 3"
              LayoutTableCell {SPAN} at (432,0) size 144x20 [r=0 c=3 rs=1 cs=1]
                LayoutText {#text} at (0,0) size 144x19
                  text run at (0,0) width 144: "Table 2, Row 2, Cell 4"
          LayoutTableSection {SPAN} at (0,40) size 576x20 [bgcolor=#00FFFF]
            LayoutTableRow (anonymous) at (0,0) size 576x20
              LayoutTableCell {SPAN} at (0,0) size 144x20 [bgcolor=#00FFFF] [r=0 c=0 rs=1 cs=1]
                LayoutText {#text} at (0,0) size 84x19
                  text run at (0,0) width 84: "T 2, R 3, C 1"
              LayoutTableCell {SPAN} at (144,0) size 144x20 [bgcolor=#00FFFF] [r=0 c=1 rs=1 cs=1]
                LayoutText {#text} at (0,0) size 144x19
                  text run at (0,0) width 144: "Table 2, Row 3, Cell x"
              LayoutTableCell {SPAN} at (288,0) size 144x20 [bgcolor=#00FFFF] [r=0 c=2 rs=1 cs=1]
                LayoutText {#text} at (0,0) size 144x19
                  text run at (0,0) width 144: "Table 2, Row 3, Cell 3"
              LayoutTableCell {SPAN} at (432,0) size 144x20 [bgcolor=#00FFFF] [r=0 c=3 rs=1 cs=1]
                LayoutText {#text} at (0,0) size 144x19
                  text run at (0,0) width 144: "Table 2, Row 3, Cell 4"
          LayoutTableSection {SPAN} at (0,60) size 576x20 [bgcolor=#00FFFF]
            LayoutTableRow {SPAN} at (0,0) size 576x20
              LayoutTableCell {SPAN} at (0,0) size 144x20 [r=0 c=0 rs=1 cs=1]
                LayoutText {#text} at (0,0) size 84x19
                  text run at (0,0) width 84: "T 2, R 4, C 1"
              LayoutTableCell {SPAN} at (144,0) size 144x20 [r=0 c=1 rs=1 cs=1]
                LayoutText {#text} at (0,0) size 144x19
                  text run at (0,0) width 144: "Table 2, Row 4, Cell x"
              LayoutTableCell {SPAN} at (288,0) size 144x20 [r=0 c=2 rs=1 cs=1]
                LayoutText {#text} at (0,0) size 144x19
                  text run at (0,0) width 144: "Table 2, Row 4, Cell 3"
              LayoutTableCell {SPAN} at (432,0) size 144x20 [r=0 c=3 rs=1 cs=1]
                LayoutText {#text} at (0,0) size 144x19
                  text run at (0,0) width 144: "Table 2, Row 4, Cell 4"
      LayoutBlockFlow {H2} at (0,662.78) size 769x27
        LayoutText {#text} at (0,0) size 66x26
          text run at (0,0) width 66: "Rule 5"
      LayoutTable {DIV} at (0,709.69) size 675x100 [bgcolor=#00FFFF]
        LayoutTableSection (anonymous) at (0,0) size 675x100
          LayoutTableRow {SPAN} at (0,0) size 675x20 [bgcolor=#00FFFF]
            LayoutTableCell {SPAN} at (0,0) size 144x20 [r=0 c=0 rs=1 cs=1]
              LayoutText {#text} at (0,0) size 144x19
                text run at (0,0) width 144: "Table 2, Row 1, Cell 1"
            LayoutTableCell {SPAN} at (144,0) size 144x20 [r=0 c=1 rs=1 cs=1]
              LayoutText {#text} at (0,0) size 144x19
                text run at (0,0) width 144: "Table 2, Row 1, Cell 2"
            LayoutTableCell {SPAN} at (288,0) size 243x20 [r=0 c=2 rs=1 cs=1]
              LayoutText {#text} at (0,0) size 144x19
                text run at (0,0) width 144: "Table 2, Row 1, Cell 3"
            LayoutTableCell {SPAN} at (531,0) size 144x20 [r=0 c=3 rs=1 cs=1]
              LayoutText {#text} at (0,0) size 144x19
                text run at (0,0) width 144: "Table 2, Row 1, Cell 4"
          LayoutTableRow {SPAN} at (0,20) size 675x60 [bgcolor=#00FFFF]
            LayoutTableCell (anonymous) at (0,20) size 144x20 [r=1 c=0 rs=1 cs=1]
              LayoutBlockFlow {SPAN} at (0,0) size 144x20
                LayoutText {#text} at (0,0) size 144x19
                  text run at (0,0) width 144: "Table 2, Row 2, Cell 1"
            LayoutTableCell {SPAN} at (144,20) size 144x20 [r=1 c=1 rs=1 cs=1]
              LayoutText {#text} at (0,0) size 144x19
                text run at (0,0) width 144: "Table 2, Row 2, Cell 2"
            LayoutTableCell (anonymous) at (288,20) size 243x60 [r=1 c=2 rs=1 cs=1]
              LayoutBlockFlow {SPAN} at (0,0) size 243x20
                LayoutText {#text} at (0,0) size 144x19
                  text run at (0,0) width 144: "Table 2, Row 2, Cell 3"
              LayoutBlockFlow {SPAN} at (0,20) size 243x20
                LayoutText {#text} at (0,0) size 173x19
                  text run at (0,0) width 173: "also Table 2, Row 2, Cell 3"
              LayoutBlockFlow (anonymous) at (0,40) size 243x20
                LayoutText {#text} at (0,0) size 173x19
                  text run at (0,0) width 173: "also Table 2, Row 2, Cell 3"
            LayoutTableCell {SPAN} at (531,20) size 144x20 [r=1 c=3 rs=1 cs=1]
              LayoutText {#text} at (0,0) size 144x19
                text run at (0,0) width 144: "Table 2, Row 2, Cell 4"
          LayoutTableRow {SPAN} at (0,80) size 675x20 [bgcolor=#00FFFF]
            LayoutTableCell (anonymous) at (0,80) size 144x20 [r=2 c=0 rs=1 cs=1]
              LayoutInline {SPAN} at (0,0) size 144x19
                LayoutText {#text} at (0,0) size 144x19
                  text run at (0,0) width 144: "Table 2, Row 3, Cell 1"
            LayoutTableCell {SPAN} at (144,80) size 144x20 [r=2 c=1 rs=1 cs=1]
              LayoutText {#text} at (0,0) size 144x19
                text run at (0,0) width 144: "Table 2, Row 3, Cell 2"
            LayoutTableCell (anonymous) at (288,80) size 243x20 [r=2 c=2 rs=1 cs=1]
              LayoutTable {SPAN} at (0,0) size 243x20 [bgcolor=#00FFFF]
                LayoutTableSection (anonymous) at (0,0) size 243x20
                  LayoutTableRow (anonymous) at (0,0) size 243x20
                    LayoutTableCell (anonymous) at (0,0) size 243x20 [r=0 c=0 rs=1 cs=1]
                      LayoutText {#text} at (0,0) size 243x19
                        text run at (0,0) width 243: "Table 2, Row 3, Cell 3 (a nested table)"
            LayoutTableCell {SPAN} at (531,80) size 144x20 [r=2 c=3 rs=1 cs=1]
              LayoutText {#text} at (0,0) size 144x19
                text run at (0,0) width 144: "Table 2, Row 3, Cell 4"
      LayoutBlockFlow {HR} at (0,825.69) size 769x2 [border: (1px inset #EEEEEE)]
      LayoutBlockFlow {P} at (0,843.69) size 769x20
        LayoutInline {A} at (0,0) size 113x19 [color=#0000EE]
          LayoutBlockFlow {IMG} at (0,0) size 112.23x20
            LayoutInline {SPAN} at (0,0) size 113x19
              LayoutInline {SPAN} at (0,0) size 113x19
                LayoutText {#text} at (0,0) size 113x19
                  text run at (0,0) width 113: "Valid HTML 4.0!"
      LayoutBlockFlow {P} at (0,879.69) size 769x20
        LayoutText {#text} at (0,0) size 58x19
          text run at (0,0) width 58: "(Back to "
        LayoutInline {A} at (0,0) size 157x19 [color=#0000EE]
          LayoutText {#text} at (58,0) size 157x19
            text run at (58,0) width 157: "CSS Testing Information"
        LayoutText {#text} at (214,0) size 9x19
          text run at (214,0) width 9: ", "
        LayoutInline {A} at (0,0) size 83x19 [color=#0000EE]
          LayoutText {#text} at (222,0) size 83x19
            text run at (222,0) width 83: "David Baron"
        LayoutText {#text} at (304,0) size 6x19
          text run at (304,0) width 6: ")"
      LayoutBlockFlow {P} at (0,915.69) size 769x20
        LayoutInline {A} at (0,0) size 33x19 [color=#0000EE]
          LayoutText {#text} at (0,0) size 33x19
            text run at (0,0) width 33: "LDB"
        LayoutText {#text} at (33,0) size 8x19
          text run at (33,0) width 8: ", "
        LayoutInline {A} at (0,0) size 156x19 [color=#0000EE]
          LayoutText {#text} at (41,0) size 156x19
            text run at (41,0) width 156: "dbaron@fas.harvard.edu"
