layer at (0,0) size 800x600
  LayoutView at (0,0) size 800x600
layer at (0,0) size 800x600
  LayoutBlockFlow {HTML} at (0,0) size 800x600
    LayoutBlockFlow {BODY} at (8,8) size 784x584 [bgcolor=#FFFFFF]
      LayoutBlockFlow {P} at (0,0) size 784x60
        LayoutText {#text} at (0,0) size 144x19
          text run at (0,0) width 144: "Testcase distilled from "
        LayoutInline {A} at (0,0) size 166x19 [color=#0000EE]
          LayoutText {#text} at (143,0) size 166x19
            text run at (143,0) width 166: "http://www.microsoft.com"
        LayoutBR {BR} at (308,15) size 1x0
        LayoutText {#text} at (0,20) size 588x19
          text run at (0,20) width 588: "The problem seems to be that the last cell in each row have an \"excessive\" COLSPAN value."
        LayoutBR {BR} at (587,35) size 1x0
        LayoutText {#text} at (0,40) size 394x19
          text run at (0,40) width 394: "I have added BORDER=1 to make the cell boundaries visible."
      LayoutTable {TABLE} at (0,76) size 784x88 [border: (1px outset #808080)]
        LayoutTableSection {TBODY} at (1,1) size 782x86
          LayoutTableRow {TR} at (0,0) size 782x22
            LayoutTableCell {TD} at (0,0) size 301x62 [border: (1px inset #808080)] [r=0 c=0 rs=2 cs=1]
              LayoutImage {IMG} at (1,1) size 250x60
            LayoutTableCell {TD} at (301,0) size 21x22 [border: (1px inset #808080)] [r=0 c=1 rs=1 cs=1]
              LayoutImage {IMG} at (2,1) size 18x20
            LayoutTableCell {TD} at (322,0) size 460x22 [bgcolor=#000000] [border: (1px inset #808080)] [r=0 c=2 rs=1 cs=2]
              LayoutText {#text} at (77,1) size 382x19
                text run at (77,1) width 171: "  All Products  |  Support  | "
                text run at (248,1) width 211: "  Search  |  microsoft.com Home  "
          LayoutTableRow {TR} at (0,22) size 782x42
            LayoutTableCell {TD} at (301,22) size 21x42 [border: (1px inset #808080)] [r=1 c=1 rs=1 cs=1]
              LayoutImage {IMG} at (1,1) size 19x40
            LayoutTableCell {TD} at (322,22) size 460x42 [border: (1px inset #808080)] [r=1 c=2 rs=1 cs=2]
              LayoutImage {IMG} at (147,1) size 200x40
              LayoutImage {IMG} at (347,1) size 112x40
              LayoutText {#text} at (0,0) size 0x0
          LayoutTableRow {TR} at (0,64) size 782x22
            LayoutTableCell {TD} at (0,64) size 782x22 [bgcolor=#6699CC] [border: (1px inset #808080)] [r=2 c=0 rs=1 cs=4]
              LayoutText {#text} at (1,1) size 697x19
                text run at (1,1) width 62: "  Home  | "
                text run at (63,1) width 124: "  Events/Training  | "
                text run at (186,1) width 86: "  Subscribe  | "
                text run at (271,1) width 128: "  About Microsoft  | "
                text run at (398,1) width 119: "  US/Worldwide  | "
                text run at (516,1) width 97: "  Downloads  | "
                text run at (612,1) width 86: "  MSN.com  |"
      LayoutBlockFlow {P} at (0,180) size 784x40
        LayoutText {#text} at (0,0) size 650x19
          text run at (0,0) width 650: "The following table is exactly as above, but I have removed COLSPAN for the last cell in row 1 and 2,"
        LayoutBR {BR} at (649,15) size 1x0
        LayoutText {#text} at (0,20) size 382x19
          text run at (0,20) width 382: "and changed COLSPAN=4 to COLSPAN=3 in the last row."
      LayoutTable {TABLE} at (0,236) size 784x88 [border: (1px outset #808080)]
        LayoutTableSection {TBODY} at (1,1) size 782x86
          LayoutTableRow {TR} at (0,0) size 782x22
            LayoutTableCell {TD} at (0,0) size 301x62 [border: (1px inset #808080)] [r=0 c=0 rs=2 cs=1]
              LayoutImage {IMG} at (1,1) size 250x60
            LayoutTableCell {TD} at (301,0) size 21x22 [border: (1px inset #808080)] [r=0 c=1 rs=1 cs=1]
              LayoutImage {IMG} at (2,1) size 18x20
            LayoutTableCell {TD} at (322,0) size 460x22 [bgcolor=#000000] [border: (1px inset #808080)] [r=0 c=2 rs=1 cs=1]
              LayoutText {#text} at (77,1) size 382x19
                text run at (77,1) width 171: "  All Products  |  Support  | "
                text run at (248,1) width 211: "  Search  |  microsoft.com Home  "
          LayoutTableRow {TR} at (0,22) size 782x42
            LayoutTableCell {TD} at (301,22) size 21x42 [border: (1px inset #808080)] [r=1 c=1 rs=1 cs=1]
              LayoutImage {IMG} at (1,1) size 19x40
            LayoutTableCell {TD} at (322,22) size 460x42 [border: (1px inset #808080)] [r=1 c=2 rs=1 cs=1]
              LayoutImage {IMG} at (147,1) size 200x40
              LayoutImage {IMG} at (347,1) size 112x40
              LayoutText {#text} at (0,0) size 0x0
          LayoutTableRow {TR} at (0,64) size 782x22
            LayoutTableCell {TD} at (0,64) size 782x22 [bgcolor=#6699CC] [border: (1px inset #808080)] [r=2 c=0 rs=1 cs=3]
              LayoutText {#text} at (1,1) size 697x19
                text run at (1,1) width 62: "  Home  | "
                text run at (63,1) width 124: "  Events/Training  | "
                text run at (186,1) width 86: "  Subscribe  | "
                text run at (271,1) width 128: "  About Microsoft  | "
                text run at (398,1) width 119: "  US/Worldwide  | "
                text run at (516,1) width 97: "  Downloads  | "
                text run at (612,1) width 86: "  MSN.com  |"
