layer at (0,0) size 800x600
  LayoutView at (0,0) size 800x600
layer at (0,0) size 800x600
  LayoutBlockFlow {HTML} at (0,0) size 800x600
    LayoutBlockFlow {BODY} at (8,8) size 784x584
      LayoutBlockFlow (anonymous) at (0,0) size 784x0
        LayoutInline {B} at (0,0) size 0x0
          LayoutText {#text} at (0,0) size 0x0
          LayoutText {#text} at (0,0) size 0x0
      LayoutTable {TABLE} at (0,0) size 216x82 [border: (1px outset #808080)]
        LayoutTableSection {TBODY} at (1,1) size 214x80
          LayoutTableRow {TR} at (0,2) size 214x24
            LayoutTableCell {TD} at (2,2) size 116x24 [border: (1px inset #808080)] [r=0 c=0 rs=1 cs=1]
              LayoutText {#text} at (2,2) size 112x19
                text run at (2,2) width 112: "Click name to see"
            LayoutTableCell {TD} at (120,15) size 92x24 [bgcolor=#00FF00] [border: (1px inset #808080)] [r=0 c=1 rs=2 cs=1]
              LayoutText {#text} at (2,2) size 88x19
                text run at (2,2) width 88: "Mac Clbr Opt"
          LayoutTableRow {TR} at (0,28) size 214x24
            LayoutTableCell {TD} at (2,28) size 116x24 [border: (1px inset #808080)] [r=1 c=0 rs=1 cs=1]
              LayoutText {#text} at (2,2) size 40x19
                text run at (2,2) width 40: "Guilty"
          LayoutTableRow {TR} at (0,54) size 214x24
            LayoutTableCell {TD} at (2,54) size 116x24 [border: (1px inset #808080)] [r=2 c=0 rs=1 cs=1]
              LayoutText {#text} at (2,2) size 4x19
                text run at (2,2) width 4: " "
            LayoutTableCell {TD} at (120,54) size 92x24 [bgcolor=#FFFF00] [border: (1px inset #808080)] [r=2 c=1 rs=1 cs=1]
              LayoutText {#text} at (2,2) size 25x19
                text run at (2,2) width 25: "L C"
      LayoutBlockFlow (anonymous) at (0,82) size 784x0
        LayoutInline {B} at (0,0) size 0x0
          LayoutText {#text} at (0,0) size 0x0
