layer at (0,0) size 800x600
  LayoutView at (0,0) size 800x600
layer at (0,0) size 800x600
  LayoutBlockFlow {HTML} at (0,0) size 800x600
    LayoutBlockFlow {BODY} at (8,8) size 784x584
      LayoutBlockFlow (anonymous) at (0,0) size 784x20
        LayoutText {#text} at (0,0) size 4x19
          text run at (0,0) width 4: " "
      LayoutTable {TABLE} at (0,20) size 173x60 [border: (1px outset #808080)]
        LayoutTableSection {TBODY} at (1,1) size 171x58
          LayoutTableRow {TR} at (0,2) size 171x26
            LayoutTableCell {TD} at (2,2) size 75x26 [border: (1px inset #808080)] [r=0 c=0 rs=1 cs=1]
              LayoutText {#text} at (3,3) size 69x19
                text run at (3,3) width 69: "Colspan=0"
          LayoutTableRow {TR} at (0,30) size 171x26
            LayoutTableCell {TD} at (2,30) size 75x26 [border: (1px inset #808080)] [r=1 c=0 rs=1 cs=1]
              LayoutText {#text} at (3,3) size 38x19
                text run at (3,3) width 38: "Cell 2"
            LayoutTableCell {TD} at (79,30) size 44x26 [border: (1px inset #808080)] [r=1 c=1 rs=1 cs=1]
              LayoutText {#text} at (3,3) size 38x19
                text run at (3,3) width 38: "Cell 3"
            LayoutTableCell {TD} at (125,30) size 44x26 [border: (1px inset #808080)] [r=1 c=2 rs=1 cs=1]
              LayoutText {#text} at (3,3) size 38x19
                text run at (3,3) width 38: "Cell 4"
      LayoutBlockFlow (anonymous) at (0,80) size 784x20
        LayoutBR {BR} at (0,0) size 0x19
      LayoutTable {TABLE} at (0,100) size 173x88 [border: (1px outset #808080)]
        LayoutTableSection {TBODY} at (1,1) size 171x86
          LayoutTableRow {TR} at (0,2) size 171x26
            LayoutTableCell {TD} at (2,2) size 75x26 [border: (1px inset #808080)] [r=0 c=0 rs=1 cs=1]
              LayoutText {#text} at (3,3) size 38x19
                text run at (3,3) width 38: "Cell 2"
            LayoutTableCell {TD} at (79,2) size 44x26 [border: (1px inset #808080)] [r=0 c=1 rs=1 cs=1]
              LayoutText {#text} at (3,3) size 38x19
                text run at (3,3) width 38: "Cell 3"
            LayoutTableCell {TD} at (125,2) size 44x26 [border: (1px inset #808080)] [r=0 c=2 rs=1 cs=1]
              LayoutText {#text} at (3,3) size 38x19
                text run at (3,3) width 38: "Cell 4"
          LayoutTableRow {TR} at (0,30) size 171x26
            LayoutTableCell {TD} at (2,30) size 75x26 [border: (1px inset #808080)] [r=1 c=0 rs=1 cs=1]
              LayoutText {#text} at (3,3) size 69x19
                text run at (3,3) width 69: "Colspan=0"
          LayoutTableRow {TR} at (0,58) size 171x26
            LayoutTableCell {TD} at (2,58) size 75x26 [border: (1px inset #808080)] [r=2 c=0 rs=1 cs=1]
              LayoutText {#text} at (3,3) size 38x19
                text run at (3,3) width 38: "Cell 5"
            LayoutTableCell {TD} at (79,58) size 44x26 [border: (1px inset #808080)] [r=2 c=1 rs=1 cs=1]
              LayoutText {#text} at (3,3) size 38x19
                text run at (3,3) width 38: "Cell 6"
            LayoutTableCell {TD} at (125,58) size 44x26 [border: (1px inset #808080)] [r=2 c=2 rs=1 cs=1]
              LayoutText {#text} at (3,3) size 38x19
                text run at (3,3) width 38: "Cell 7"
