layer at (0,0) size 800x600
  LayoutView at (0,0) size 800x600
layer at (0,0) size 800x600
  LayoutBlockFlow {HTML} at (0,0) size 800x600
    LayoutBlockFlow {BODY} at (8,8) size 784x584 [bgcolor=#FFFFFF]
      LayoutTable {TABLE} at (0,0) size 705x82 [border: (1px outset #808080)]
        LayoutTableSection {TBODY} at (1,1) size 703x80
          LayoutTableRow {TR} at (0,2) size 703x24
            LayoutTableCell {TH} at (2,12) size 264x4 [border: (1px inset #808080)] [r=0 c=0 rs=1 cs=1]
            LayoutTableCell {TD} at (268,2) size 152x24 [border: (1px inset #808080)] [r=0 c=1 rs=1 cs=1]
              LayoutText {#text} at (2,2) size 68x19
                text run at (2,2) width 68: "Host name"
            LayoutTableCell {TD} at (422,2) size 173x24 [border: (1px inset #808080)] [r=0 c=2 rs=1 cs=1]
              LayoutText {#text} at (2,2) size 78x19
                text run at (2,2) width 78: "Architecture"
            LayoutTableCell {TD} at (597,2) size 104x24 [border: (1px inset #808080)] [r=0 c=3 rs=1 cs=1]
              LayoutText {#text} at (2,2) size 45x19
                text run at (2,2) width 45: "Access"
          LayoutTableRow {TR} at (0,28) size 703x24
            LayoutTableCell {TD} at (2,28) size 264x24 [border: (1px inset #808080)] [r=1 c=0 rs=1 cs=1]
              LayoutText {#text} at (2,2) size 121x19
                text run at (2,2) width 121: "debussy.debian.org"
            LayoutTableCell {TD} at (268,28) size 152x24 [border: (1px inset #808080)] [r=1 c=1 rs=1 cs=1]
              LayoutText {#text} at (2,2) size 37x19
                text run at (2,2) width 37: "ARM"
            LayoutTableCell {TD} at (422,28) size 173x24 [border: (1px inset #808080)] [r=1 c=2 rs=1 cs=1]
              LayoutText {#text} at (2,2) size 15x19
                text run at (2,2) width 15: "all"
          LayoutTableRow {TR} at (0,54) size 703x24
            LayoutTableCell {TD} at (2,54) size 264x24 [border: (1px inset #808080)] [r=2 c=0 rs=1 cs=1]
              LayoutText {#text} at (2,2) size 103x19
                text run at (2,2) width 103: "faure.debian.org"
            LayoutTableCell {TD} at (268,54) size 152x24 [border: (1px inset #808080)] [r=2 c=1 rs=1 cs=1]
              LayoutText {#text} at (2,2) size 34x19
                text run at (2,2) width 34: "alpha"
            LayoutTableCell {TD} at (422,54) size 173x24 [border: (1px inset #808080)] [r=2 c=2 rs=1 cs=1]
              LayoutText {#text} at (2,2) size 15x19
                text run at (2,2) width 15: "all"
      LayoutBlockFlow {P} at (0,98) size 784x20
        LayoutText {#text} at (0,0) size 129x19
          text run at (0,0) width 129: "Table nested in table"
      LayoutTable {TABLE} at (0,134) size 346x108
        LayoutTableSection {TBODY} at (0,0) size 346x108
          LayoutTableRow {TR} at (0,2) size 346x104
            LayoutTableCell {TD} at (2,2) size 342x104 [r=0 c=0 rs=1 cs=1]
              LayoutTable {TABLE} at (1,1) size 309x102 [border: (1px outset #808080)]
                LayoutTableSection {TBODY} at (1,1) size 307x100
                  LayoutTableRow {TR} at (0,2) size 307x44
                    LayoutTableCell {TH} at (2,22) size 125x4 [border: (1px inset #808080)] [r=0 c=0 rs=1 cs=1]
                    LayoutTableCell {TD} at (129,2) size 41x44 [border: (1px inset #808080)] [r=0 c=1 rs=1 cs=1]
                      LayoutText {#text} at (2,2) size 34x39
                        text run at (2,2) width 30: "Host"
                        text run at (2,22) width 34: "name"
                    LayoutTableCell {TD} at (172,12) size 82x24 [border: (1px inset #808080)] [r=0 c=2 rs=1 cs=1]
                      LayoutText {#text} at (2,2) size 78x19
                        text run at (2,2) width 78: "Architecture"
                    LayoutTableCell {TD} at (256,12) size 49x24 [border: (1px inset #808080)] [r=0 c=3 rs=1 cs=1]
                      LayoutText {#text} at (2,2) size 45x19
                        text run at (2,2) width 45: "Access"
                  LayoutTableRow {TR} at (0,48) size 307x24
                    LayoutTableCell {TD} at (2,48) size 125x24 [border: (1px inset #808080)] [r=1 c=0 rs=1 cs=1]
                      LayoutText {#text} at (2,2) size 121x19
                        text run at (2,2) width 121: "debussy.debian.org"
                    LayoutTableCell {TD} at (129,48) size 41x24 [border: (1px inset #808080)] [r=1 c=1 rs=1 cs=1]
                      LayoutText {#text} at (2,2) size 37x19
                        text run at (2,2) width 37: "ARM"
                    LayoutTableCell {TD} at (172,48) size 82x24 [border: (1px inset #808080)] [r=1 c=2 rs=1 cs=1]
                      LayoutText {#text} at (2,2) size 15x19
                        text run at (2,2) width 15: "all"
                  LayoutTableRow {TR} at (0,74) size 307x24
                    LayoutTableCell {TD} at (2,74) size 125x24 [border: (1px inset #808080)] [r=2 c=0 rs=1 cs=1]
                      LayoutText {#text} at (2,2) size 103x19
                        text run at (2,2) width 103: "faure.debian.org"
                    LayoutTableCell {TD} at (129,74) size 41x24 [border: (1px inset #808080)] [r=2 c=1 rs=1 cs=1]
                      LayoutText {#text} at (2,2) size 34x19
                        text run at (2,2) width 34: "alpha"
                    LayoutTableCell {TD} at (172,74) size 82x24 [border: (1px inset #808080)] [r=2 c=2 rs=1 cs=1]
                      LayoutText {#text} at (2,2) size 15x19
                        text run at (2,2) width 15: "all"
      LayoutBlockFlow (anonymous) at (0,242) size 784x20
        LayoutBR {BR} at (0,0) size 0x19
      LayoutBlockFlow {P} at (0,278) size 784x20
        LayoutText {#text} at (0,0) size 113x19
          text run at (0,0) width 113: "Table - no nesting"
      LayoutTable {TABLE} at (0,314) size 705x82 [border: (1px outset #808080)]
        LayoutTableSection {TBODY} at (1,1) size 703x80
          LayoutTableRow {TR} at (0,2) size 703x24
            LayoutTableCell {TH} at (2,12) size 264x4 [border: (1px inset #808080)] [r=0 c=0 rs=1 cs=1]
            LayoutTableCell {TD} at (268,2) size 152x24 [border: (1px inset #808080)] [r=0 c=1 rs=1 cs=1]
              LayoutText {#text} at (2,2) size 68x19
                text run at (2,2) width 68: "Host name"
            LayoutTableCell {TD} at (422,2) size 173x24 [border: (1px inset #808080)] [r=0 c=2 rs=1 cs=1]
              LayoutText {#text} at (2,2) size 78x19
                text run at (2,2) width 78: "Architecture"
            LayoutTableCell {TD} at (597,2) size 104x24 [border: (1px inset #808080)] [r=0 c=3 rs=1 cs=1]
              LayoutText {#text} at (2,2) size 45x19
                text run at (2,2) width 45: "Access"
          LayoutTableRow {TR} at (0,28) size 703x24
            LayoutTableCell {TD} at (2,28) size 264x24 [border: (1px inset #808080)] [r=1 c=0 rs=1 cs=1]
              LayoutText {#text} at (2,2) size 121x19
                text run at (2,2) width 121: "debussy.debian.org"
            LayoutTableCell {TD} at (268,28) size 152x24 [border: (1px inset #808080)] [r=1 c=1 rs=1 cs=1]
              LayoutText {#text} at (2,2) size 37x19
                text run at (2,2) width 37: "ARM"
            LayoutTableCell {TD} at (422,28) size 173x24 [border: (1px inset #808080)] [r=1 c=2 rs=1 cs=1]
              LayoutText {#text} at (2,2) size 15x19
                text run at (2,2) width 15: "all"
          LayoutTableRow {TR} at (0,54) size 703x24
            LayoutTableCell {TD} at (2,54) size 264x24 [border: (1px inset #808080)] [r=2 c=0 rs=1 cs=1]
              LayoutText {#text} at (2,2) size 103x19
                text run at (2,2) width 103: "faure.debian.org"
            LayoutTableCell {TD} at (268,54) size 152x24 [border: (1px inset #808080)] [r=2 c=1 rs=1 cs=1]
              LayoutText {#text} at (2,2) size 34x19
                text run at (2,2) width 34: "alpha"
            LayoutTableCell {TD} at (422,54) size 173x24 [border: (1px inset #808080)] [r=2 c=2 rs=1 cs=1]
              LayoutText {#text} at (2,2) size 15x19
                text run at (2,2) width 15: "all"
