layer at (0,0) size 800x600
  LayoutView at (0,0) size 800x600
layer at (0,0) size 800x600
  LayoutBlockFlow {HTML} at (0,0) size 800x600
    LayoutBlockFlow {BODY} at (8,8) size 784x584
      LayoutTable {TABLE} at (0,0) size 300x50 [border: (2px outset #808080)]
        LayoutTableSection {TBODY} at (2,2) size 296x46
          LayoutTableRow {TR} at (0,0) size 296x46
            LayoutTableCell {TD} at (0,0) size 296x46 [bgcolor=#FFFF00] [border: (1px inset #808080)] [r=0 c=0 rs=1 cs=1]
              LayoutBlockFlow {CENTER} at (3,3) size 290x40
                LayoutInline {A} at (0,0) size 0x0 [color=#0000EE]
                  LayoutBlockFlow (floating) {IMG} at (0,0) size 0x0
                    LayoutInline {SPAN} at (0,0) size 0x0
                      LayoutInline {SPAN} at (0,0) size 0x0
                LayoutText {#text} at (0,0) size 0x0
                LayoutInline {A} at (0,0) size 184x39 [color=#0000EE]
                  LayoutInline {FONT} at (0,0) size 184x39 [color=#000000]
                    LayoutText {#text} at (53,0) size 184x19
                      text run at (53,0) width 110: "Free Homepage! "
                      text run at (163,0) width 74: "Free Email!"
                    LayoutBR {BR} at (237,15) size 0x0
                    LayoutText {#text} at (60,20) size 170x19
                      text run at (60,20) width 41: "It's all "
                      text run at (101,20) width 129: "yours at ACMEcity!"
