layer at (0,0) size 800x600
  LayoutView at (0,0) size 800x600
layer at (0,0) size 800x600
  LayoutBlockFlow {HTML} at (0,0) size 800x600
    LayoutBlockFlow {BODY} at (8,8) size 784x584
      LayoutTable {TABLE} at (0,0) size 517x50 [bgcolor=#FF0000] [border: (1px outset #808080)]
        LayoutTableCol {COLGROUP} at (0,0) size 0x0
          LayoutTableCol {COL} at (0,0) size 0x0
          LayoutTableCol {COL} at (0,0) size 0x0
        LayoutTableSection {TBODY} at (1,1) size 515x48
          LayoutTableRow {TR} at (0,0) size 515x24
            LayoutTableCell {TD} at (0,0) size 515x24 [border: (1px inset #808080)] [r=0 c=0 rs=1 cs=2]
              LayoutText {#text} at (2,2) size 511x19
                text run at (2,2) width 511: "thelefttablecellis335pixwidewhiletherightoneisonly155pixwidehblahlahblahblahb"
          LayoutTableRow {TR} at (0,24) size 515x24
            LayoutTableCell {TD} at (0,24) size 352x24 [border: (1px inset #808080)] [r=1 c=0 rs=1 cs=1]
              LayoutText {#text} at (2,2) size 4x19
                text run at (2,2) width 4: " "
            LayoutTableCell {TD} at (352,24) size 163x24 [border: (1px inset #808080)] [r=1 c=1 rs=1 cs=1]
              LayoutText {#text} at (2,2) size 4x19
                text run at (2,2) width 4: " "
      LayoutBlockFlow {HR} at (0,58) size 492x2 [border: (1px inset #EEEEEE)]
