layer at (0,0) size 800x600
  LayoutView at (0,0) size 800x600
layer at (0,0) size 800x600
  LayoutBlockFlow {HTML} at (0,0) size 800x600
    LayoutBlockFlow {BODY} at (8,8) size 784x584
      LayoutTable {TABLE} at (0,0) size 622x400 [border: (4px outset #808080)]
        LayoutTableSection {TBODY} at (4,4) size 614x392
          LayoutTableRow {TR} at (0,2) size 614x193
            LayoutTableCell {TD} at (2,174) size 204x44 [border: (1px inset #808080)] [r=0 c=0 rs=2 cs=1]
              LayoutText {#text} at (2,2) size 196x39
                text run at (2,2) width 196: "1 Some sample text for the first"
                text run at (2,22) width 188: "column. Notice its formatting."
            LayoutTableCell {TD} at (208,66) size 404x64 [border: (1px inset #808080)] [r=0 c=1 rs=1 cs=1]
              LayoutText {#text} at (2,2) size 398x59
                text run at (2,2) width 398: "2 Here is some sample text to demonstrate the problem. Is there"
                text run at (2,22) width 387: "some setting in Navigator that will make this work correctly ?"
                text run at (2,42) width 234: "If so I haven't found it. Is this a bug ?"
          LayoutTableRow {TR} at (0,197) size 614x193
            LayoutTableCell {TD} at (208,261) size 404x64 [border: (1px inset #808080)] [r=1 c=1 rs=1 cs=1]
              LayoutText {#text} at (2,2) size 398x59
                text run at (2,2) width 398: "3 Here is some sample text to demonstrate the problem. Is there"
                text run at (2,22) width 387: "some setting in Navigator that will make this work correctly ?"
                text run at (2,42) width 234: "If so I haven't found it. Is this a bug ?"
