layer at (0,0) size 800x600
  LayoutView at (0,0) size 800x600
layer at (0,0) size 800x104
  LayoutBlockFlow {HTML} at (0,0) size 800x104
    LayoutBlockFlow {BODY} at (8,8) size 784x88
      LayoutTable {TABLE} at (0,0) size 282x88 [border: (4px outset #808080)]
        LayoutTableSection {THEAD} at (4,4) size 274x28
          LayoutTableRow {TR} at (0,2) size 274x24
            LayoutTableCell {TD} at (2,2) size 32x24 [border: (1px inset #808080)] [r=0 c=0 rs=1 cs=1]
              LayoutText {#text} at (2,2) size 16x19
                text run at (2,2) width 16: "h0"
            LayoutTableCell {TD} at (36,2) size 32x24 [border: (1px inset #808080)] [r=0 c=1 rs=1 cs=1]
              LayoutText {#text} at (2,2) size 16x19
                text run at (2,2) width 16: "h1"
            LayoutTableCell {TD} at (70,2) size 32x24 [border: (1px inset #808080)] [r=0 c=2 rs=1 cs=1]
              LayoutText {#text} at (2,2) size 16x19
                text run at (2,2) width 16: "h2"
            LayoutTableCell {TD} at (104,2) size 32x24 [border: (1px inset #808080)] [r=0 c=3 rs=1 cs=1]
              LayoutText {#text} at (2,2) size 16x19
                text run at (2,2) width 16: "h3"
            LayoutTableCell {TD} at (138,2) size 32x24 [border: (1px inset #808080)] [r=0 c=4 rs=1 cs=1]
              LayoutText {#text} at (2,2) size 16x19
                text run at (2,2) width 16: "h4"
            LayoutTableCell {TD} at (172,2) size 32x24 [border: (1px inset #808080)] [r=0 c=5 rs=1 cs=1]
              LayoutText {#text} at (2,2) size 16x19
                text run at (2,2) width 16: "h5"
            LayoutTableCell {TD} at (206,2) size 32x24 [border: (1px inset #808080)] [r=0 c=6 rs=1 cs=1]
              LayoutText {#text} at (2,2) size 16x19
                text run at (2,2) width 16: "h6"
            LayoutTableCell {TD} at (240,2) size 32x24 [border: (1px inset #808080)] [r=0 c=7 rs=1 cs=1]
              LayoutText {#text} at (2,2) size 16x19
                text run at (2,2) width 16: "h7"
        LayoutTableSection {TBODY} at (4,32) size 274x26
          LayoutTableRow {TR} at (0,0) size 274x24
            LayoutTableCell {TD} at (2,0) size 32x24 [border: (1px inset #808080)] [r=0 c=0 rs=1 cs=1]
              LayoutText {#text} at (2,2) size 28x19
                text run at (2,2) width 28: "r0c0"
            LayoutTableCell {TD} at (36,0) size 32x24 [border: (1px inset #808080)] [r=0 c=1 rs=1 cs=1]
              LayoutText {#text} at (2,2) size 28x19
                text run at (2,2) width 28: "r0c1"
            LayoutTableCell {TD} at (70,0) size 32x24 [border: (1px inset #808080)] [r=0 c=2 rs=1 cs=1]
              LayoutText {#text} at (2,2) size 28x19
                text run at (2,2) width 28: "r0c2"
            LayoutTableCell {TD} at (104,0) size 32x24 [border: (1px inset #808080)] [r=0 c=3 rs=1 cs=1]
              LayoutText {#text} at (2,2) size 28x19
                text run at (2,2) width 28: "r0c3"
            LayoutTableCell {TD} at (138,0) size 32x24 [border: (1px inset #808080)] [r=0 c=4 rs=1 cs=1]
              LayoutText {#text} at (2,2) size 28x19
                text run at (2,2) width 28: "r0c4"
            LayoutTableCell {TD} at (172,0) size 32x24 [border: (1px inset #808080)] [r=0 c=5 rs=1 cs=1]
              LayoutText {#text} at (2,2) size 28x19
                text run at (2,2) width 28: "r0c5"
            LayoutTableCell {TD} at (206,0) size 32x24 [border: (1px inset #808080)] [r=0 c=6 rs=1 cs=1]
              LayoutText {#text} at (2,2) size 28x19
                text run at (2,2) width 28: "r0c6"
            LayoutTableCell {TD} at (240,0) size 32x24 [border: (1px inset #808080)] [r=0 c=7 rs=1 cs=1]
              LayoutText {#text} at (2,2) size 28x19
                text run at (2,2) width 28: "r0c7"
        LayoutTableSection {TFOOT} at (4,58) size 274x26
          LayoutTableRow {TR} at (0,0) size 274x24
            LayoutTableCell {TD} at (2,0) size 32x24 [border: (1px inset #808080)] [r=0 c=0 rs=1 cs=1]
              LayoutText {#text} at (2,2) size 13x19
                text run at (2,2) width 13: "f0"
            LayoutTableCell {TD} at (36,0) size 32x24 [border: (1px inset #808080)] [r=0 c=1 rs=1 cs=1]
              LayoutText {#text} at (2,2) size 13x19
                text run at (2,2) width 13: "f1"
            LayoutTableCell {TD} at (70,0) size 32x24 [border: (1px inset #808080)] [r=0 c=2 rs=1 cs=1]
              LayoutText {#text} at (2,2) size 13x19
                text run at (2,2) width 13: "f2"
            LayoutTableCell {TD} at (104,0) size 32x24 [border: (1px inset #808080)] [r=0 c=3 rs=1 cs=1]
              LayoutText {#text} at (2,2) size 13x19
                text run at (2,2) width 13: "f3"
            LayoutTableCell {TD} at (138,0) size 32x24 [border: (1px inset #808080)] [r=0 c=4 rs=1 cs=1]
              LayoutText {#text} at (2,2) size 13x19
                text run at (2,2) width 13: "f4"
            LayoutTableCell {TD} at (172,0) size 32x24 [border: (1px inset #808080)] [r=0 c=5 rs=1 cs=1]
              LayoutText {#text} at (2,2) size 13x19
                text run at (2,2) width 13: "f5"
            LayoutTableCell {TD} at (206,0) size 32x24 [border: (1px inset #808080)] [r=0 c=6 rs=1 cs=1]
              LayoutText {#text} at (2,2) size 13x19
                text run at (2,2) width 13: "f6"
            LayoutTableCell {TD} at (240,0) size 32x24 [border: (1px inset #808080)] [r=0 c=7 rs=1 cs=1]
              LayoutText {#text} at (2,2) size 13x19
                text run at (2,2) width 13: "f7"
