layer at (0,0) size 800x600
  LayoutView at (0,0) size 800x600
layer at (0,0) size 800x600
  LayoutBlockFlow {HTML} at (0,0) size 800x600
    LayoutBlockFlow {BODY} at (8,8) size 784x584
      LayoutTable {TABLE} at (0,0) size 85x114 [border: (1px outset #808080)]
        LayoutTableSection {TBODY} at (1,1) size 83x112
          LayoutTableRow {TR} at (0,2) size 83x22
            LayoutTableCell {TD} at (2,2) size 79x22 [border: (1px inset #808080)] [r=0 c=0 rs=1 cs=1]
              LayoutBlockFlow {HR} at (3.50,10) size 72x2 [border: (1px inset #EEEEEE)]
          LayoutTableRow {TR} at (0,26) size 83x84
            LayoutTableCell {TD} at (2,26) size 79x84 [border: (1px inset #808080)] [r=1 c=0 rs=1 cs=1]
              LayoutText {#text} at (2,2) size 68x79
                text run at (2,2) width 68: "this should"
                text run at (2,22) width 32: "wrap"
                text run at (2,42) width 66: "within this"
                text run at (2,62) width 22: "TD"
      LayoutBlockFlow (anonymous) at (0,114) size 784x20
        LayoutBR {BR} at (0,0) size 0x19
      LayoutTable {TABLE} at (0,134) size 92x94 [border: (1px outset #808080)]
        LayoutTableSection {TBODY} at (1,1) size 90x92
          LayoutTableRow {TR} at (0,2) size 90x22
            LayoutTableCell {TD} at (2,2) size 86x22 [border: (1px inset #808080)] [r=0 c=0 rs=1 cs=1]
              LayoutBlockFlow {HR} at (2,10) size 82x2 [border: (1px inset #EEEEEE)]
          LayoutTableRow {TR} at (0,26) size 90x64
            LayoutTableCell {TD} at (2,26) size 86x64 [border: (1px inset #808080)] [r=1 c=0 rs=1 cs=1]
              LayoutText {#text} at (2,2) size 76x59
                text run at (2,2) width 68: "this should"
                text run at (2,22) width 76: "wrap within"
                text run at (2,42) width 48: "this TD"
