layer at (0,0) size 800x600
  LayoutView at (0,0) size 800x600
layer at (0,0) size 800x600
  LayoutBlockFlow {HTML} at (0,0) size 800x600
    LayoutBlockFlow {BODY} at (8,8) size 784x584
      LayoutTable {TABLE} at (0,0) size 168x30 [border: (1px outset #808080)]
        LayoutTableSection {TBODY} at (1,1) size 166x28
          LayoutTableRow {TR} at (0,2) size 166x24
            LayoutTableCell {TD} at (2,2) size 59x24 [border: (1px inset #808080)] [r=0 c=0 rs=1 cs=1]
              LayoutText {#text} at (2,2) size 55x19
                text run at (2,2) width 55: "Left side"
            LayoutTableCell {TD} at (63,2) size 31x24 [border: (1px inset #808080)] [r=0 c=1 rs=1 cs=1]
              LayoutText {#text} at (2,2) size 26x19
                text run at (2,2) width 26: "Mid"
            LayoutTableCell {TD} at (96,2) size 68x24 [border: (1px inset #808080)] [r=0 c=2 rs=1 cs=1]
              LayoutText {#text} at (2,2) size 64x19
                text run at (2,2) width 64: "Right side"
      LayoutTable {TABLE} at (0,30) size 168x56 [border: (1px outset #808080)]
        LayoutTableSection {TBODY} at (1,1) size 166x54
          LayoutTableRow {TR} at (0,2) size 166x24
            LayoutTableCell {TD} at (2,2) size 59x24 [border: (1px inset #808080)] [r=0 c=0 rs=1 cs=1]
              LayoutText {#text} at (2,2) size 55x19
                text run at (2,2) width 55: "Left side"
            LayoutTableCell {TD} at (63,2) size 31x24 [border: (1px inset #808080)] [r=0 c=1 rs=1 cs=1]
              LayoutText {#text} at (2,2) size 26x19
                text run at (2,2) width 26: "Mid"
            LayoutTableCell {TD} at (96,2) size 68x24 [border: (1px inset #808080)] [r=0 c=2 rs=1 cs=1]
              LayoutText {#text} at (2,2) size 64x19
                text run at (2,2) width 64: "Right side"
          LayoutTableRow {TR} at (0,28) size 166x24
            LayoutTableCell {TD} at (2,28) size 59x24 [border: (1px inset #808080)] [r=1 c=0 rs=1 cs=1]
              LayoutText {#text} at (2,2) size 55x19
                text run at (2,2) width 55: "Left side"
            LayoutTableCell {TD} at (63,28) size 31x24 [border: (1px inset #808080)] [r=1 c=1 rs=1 cs=1]
              LayoutText {#text} at (2,2) size 26x19
                text run at (2,2) width 26: "Mid"
            LayoutTableCell {TD} at (96,28) size 68x24 [border: (1px inset #808080)] [r=1 c=2 rs=1 cs=1]
              LayoutText {#text} at (2,2) size 64x19
                text run at (2,2) width 64: "Right side"
