layer at (0,0) size 800x600 clip at (0,0) size 785x600 scrollHeight 1398
  LayoutView at (0,0) size 800x600
layer at (0,0) size 785x1398 backgroundClip at (0,0) size 785x600 clip at (0,0) size 785x600
  LayoutBlockFlow {HTML} at (0,0) size 785x1398
    LayoutBlockFlow {BODY} at (8,8) size 769x1382
      LayoutBlockFlow {P} at (0,0) size 769x20
        LayoutText {#text} at (0,0) size 159x19
          text run at (0,0) width 159: "IFRAME inside TFOOT"
      LayoutTable {TABLE} at (0,36) size 769x414 [border: (1px outset #808080)]
        LayoutTableSection {THEAD} at (1,1) size 767x104
          LayoutTableRow {TR} at (0,2) size 767x100
            LayoutTableCell {TD} at (2,30) size 40x44 [border: (1px inset #808080)] [r=0 c=0 rs=1 cs=1]
              LayoutText {#text} at (2,2) size 26x39
                text run at (2,2) width 12: "A"
                text run at (2,22) width 26: "Cell"
            LayoutTableCell {TD} at (44,2) size 678x100 [border: (1px inset #808080)] [r=0 c=1 rs=1 cs=1]
              LayoutInline {SPAN} at (0,0) size 609x94
                LayoutText {#text} at (2,3) size 609x94
                  text run at (2,3) width 609: "THEAD blah blah blah blah blah blah"
                  text run at (2,51) width 135: "THEAD"
              LayoutText {#text} at (0,0) size 0x0
            LayoutTableCell {TD} at (724,30) size 41x44 [border: (1px inset #808080)] [r=0 c=2 rs=1 cs=1]
              LayoutText {#text} at (2,2) size 26x39
                text run at (2,2) width 12: "A"
                text run at (2,22) width 26: "Cell"
        LayoutTableSection {TFOOT} at (1,207) size 767x206
          LayoutTableRow {TR} at (0,0) size 767x204
            LayoutTableCell {TD} at (2,80) size 40x44 [border: (1px inset #808080)] [r=0 c=0 rs=1 cs=1]
              LayoutText {#text} at (2,2) size 26x39
                text run at (2,2) width 12: "A"
                text run at (2,22) width 26: "Cell"
            LayoutTableCell {TD} at (44,0) size 678x204 [border: (1px inset #808080)] [r=0 c=1 rs=1 cs=1]
              LayoutText {#text} at (0,0) size 0x0
            LayoutTableCell {TD} at (724,80) size 41x44 [border: (1px inset #808080)] [r=0 c=2 rs=1 cs=1]
              LayoutText {#text} at (2,2) size 26x39
                text run at (2,2) width 12: "A"
                text run at (2,22) width 26: "Cell"
        LayoutTableSection {TBODY} at (1,105) size 767x102
          LayoutTableRow {TR} at (0,0) size 767x100
            LayoutTableCell {TD} at (2,28) size 40x44 [border: (1px inset #808080)] [r=0 c=0 rs=1 cs=1]
              LayoutText {#text} at (2,2) size 26x39
                text run at (2,2) width 12: "A"
                text run at (2,22) width 26: "Cell"
            LayoutTableCell {TD} at (44,0) size 678x100 [border: (1px inset #808080)] [r=0 c=1 rs=1 cs=1]
              LayoutInline {SPAN} at (0,0) size 612x94
                LayoutText {#text} at (2,3) size 612x94
                  text run at (2,3) width 612: "TBODY blah blah blah blah blah blah"
                  text run at (2,51) width 138: "TBODY"
              LayoutText {#text} at (0,0) size 0x0
            LayoutTableCell {TD} at (724,28) size 41x44 [border: (1px inset #808080)] [r=0 c=2 rs=1 cs=1]
              LayoutText {#text} at (2,2) size 26x39
                text run at (2,2) width 12: "A"
                text run at (2,22) width 26: "Cell"
      LayoutBlockFlow {P} at (0,466) size 769x20
        LayoutText {#text} at (0,0) size 163x19
          text run at (0,0) width 163: "IFRAME inside TBODY"
      LayoutTable {TABLE} at (0,502) size 769x414 [border: (1px outset #808080)]
        LayoutTableSection {THEAD} at (1,1) size 767x104
          LayoutTableRow {TR} at (0,2) size 767x100
            LayoutTableCell {TD} at (2,30) size 41x44 [border: (1px inset #808080)] [r=0 c=0 rs=1 cs=1]
              LayoutText {#text} at (2,2) size 26x39
                text run at (2,2) width 12: "A"
                text run at (2,22) width 26: "Cell"
            LayoutTableCell {TD} at (45,2) size 676x100 [border: (1px inset #808080)] [r=0 c=1 rs=1 cs=1]
              LayoutInline {SPAN} at (0,0) size 609x94
                LayoutText {#text} at (2,3) size 609x94
                  text run at (2,3) width 609: "THEAD blah blah blah blah blah blah"
                  text run at (2,51) width 135: "THEAD"
              LayoutText {#text} at (0,0) size 0x0
            LayoutTableCell {TD} at (723,30) size 42x44 [border: (1px inset #808080)] [r=0 c=2 rs=1 cs=1]
              LayoutText {#text} at (2,2) size 26x39
                text run at (2,2) width 12: "A"
                text run at (2,22) width 26: "Cell"
        LayoutTableSection {TFOOT} at (1,311) size 767x102
          LayoutTableRow {TR} at (0,0) size 767x100
            LayoutTableCell {TD} at (2,28) size 41x44 [border: (1px inset #808080)] [r=0 c=0 rs=1 cs=1]
              LayoutText {#text} at (2,2) size 26x39
                text run at (2,2) width 12: "A"
                text run at (2,22) width 26: "Cell"
            LayoutTableCell {TD} at (45,0) size 676x100 [border: (1px inset #808080)] [r=0 c=1 rs=1 cs=1]
              LayoutInline {SPAN} at (0,0) size 602x94
                LayoutText {#text} at (2,3) size 602x94
                  text run at (2,3) width 602: "TFOOT blah blah blah blah blah blah"
                  text run at (2,51) width 128: "TFOOT"
              LayoutText {#text} at (0,0) size 0x0
            LayoutTableCell {TD} at (723,28) size 42x44 [border: (1px inset #808080)] [r=0 c=2 rs=1 cs=1]
              LayoutText {#text} at (2,2) size 26x39
                text run at (2,2) width 12: "A"
                text run at (2,22) width 26: "Cell"
        LayoutTableSection {TBODY} at (1,105) size 767x206
          LayoutTableRow {TR} at (0,0) size 767x204
            LayoutTableCell {TD} at (2,80) size 41x44 [border: (1px inset #808080)] [r=0 c=0 rs=1 cs=1]
              LayoutText {#text} at (2,2) size 26x39
                text run at (2,2) width 12: "A"
                text run at (2,22) width 26: "Cell"
            LayoutTableCell {TD} at (45,0) size 676x204 [border: (1px inset #808080)] [r=0 c=1 rs=1 cs=1]
              LayoutText {#text} at (0,0) size 0x0
            LayoutTableCell {TD} at (723,80) size 42x44 [border: (1px inset #808080)] [r=0 c=2 rs=1 cs=1]
              LayoutText {#text} at (2,2) size 26x39
                text run at (2,2) width 12: "A"
                text run at (2,22) width 26: "Cell"
      LayoutBlockFlow {P} at (0,932) size 769x20
        LayoutText {#text} at (0,0) size 162x19
          text run at (0,0) width 162: "IFRAME inside THEAD"
      LayoutTable {TABLE} at (0,968) size 769x414 [border: (1px outset #808080)]
        LayoutTableSection {THEAD} at (1,1) size 767x208
          LayoutTableRow {TR} at (0,2) size 767x204
            LayoutTableCell {TD} at (2,82) size 40x44 [border: (1px inset #808080)] [r=0 c=0 rs=1 cs=1]
              LayoutText {#text} at (2,2) size 26x39
                text run at (2,2) width 12: "A"
                text run at (2,22) width 26: "Cell"
            LayoutTableCell {TD} at (44,2) size 678x204 [border: (1px inset #808080)] [r=0 c=1 rs=1 cs=1]
              LayoutText {#text} at (0,0) size 0x0
            LayoutTableCell {TD} at (724,82) size 41x44 [border: (1px inset #808080)] [r=0 c=2 rs=1 cs=1]
              LayoutText {#text} at (2,2) size 26x39
                text run at (2,2) width 12: "A"
                text run at (2,22) width 26: "Cell"
        LayoutTableSection {TFOOT} at (1,311) size 767x102
          LayoutTableRow {TR} at (0,0) size 767x100
            LayoutTableCell {TD} at (2,28) size 40x44 [border: (1px inset #808080)] [r=0 c=0 rs=1 cs=1]
              LayoutText {#text} at (2,2) size 26x39
                text run at (2,2) width 12: "A"
                text run at (2,22) width 26: "Cell"
            LayoutTableCell {TD} at (44,0) size 678x100 [border: (1px inset #808080)] [r=0 c=1 rs=1 cs=1]
              LayoutInline {SPAN} at (0,0) size 602x94
                LayoutText {#text} at (2,3) size 602x94
                  text run at (2,3) width 602: "TFOOT blah blah blah blah blah blah"
                  text run at (2,51) width 128: "TFOOT"
              LayoutText {#text} at (0,0) size 0x0
            LayoutTableCell {TD} at (724,28) size 41x44 [border: (1px inset #808080)] [r=0 c=2 rs=1 cs=1]
              LayoutText {#text} at (2,2) size 26x39
                text run at (2,2) width 12: "A"
                text run at (2,22) width 26: "Cell"
        LayoutTableSection {TBODY} at (1,209) size 767x102
          LayoutTableRow {TR} at (0,0) size 767x100
            LayoutTableCell {TD} at (2,28) size 40x44 [border: (1px inset #808080)] [r=0 c=0 rs=1 cs=1]
              LayoutText {#text} at (2,2) size 26x39
                text run at (2,2) width 12: "A"
                text run at (2,22) width 26: "Cell"
            LayoutTableCell {TD} at (44,0) size 678x100 [border: (1px inset #808080)] [r=0 c=1 rs=1 cs=1]
              LayoutInline {SPAN} at (0,0) size 612x94
                LayoutText {#text} at (2,3) size 612x94
                  text run at (2,3) width 612: "TBODY blah blah blah blah blah blah"
                  text run at (2,51) width 138: "TBODY"
              LayoutText {#text} at (0,0) size 0x0
            LayoutTableCell {TD} at (724,28) size 41x44 [border: (1px inset #808080)] [r=0 c=2 rs=1 cs=1]
              LayoutText {#text} at (2,2) size 26x39
                text run at (2,2) width 12: "A"
                text run at (2,22) width 26: "Cell"
layer at (65,263) size 155x180
  LayoutIFrame {IFRAME} at (12,12) size 155x180 [border: (5px solid #FF0000)]
    layer at (0,0) size 125x150
      LayoutView at (0,0) size 125x150
    layer at (0,0) size 125x150
      LayoutBlockFlow {HTML} at (0,0) size 125x150
        LayoutBlockFlow {BODY} at (8,8) size 109x134
layer at (66,627) size 155x180 backgroundClip at (0,0) size 785x600 clip at (0,0) size 785x600
  LayoutIFrame {IFRAME} at (12,12) size 155x180 [border: (5px solid #FF0000)]
    layer at (0,0) size 125x150
      LayoutView at (0,0) size 125x150
    layer at (0,0) size 125x150
      LayoutBlockFlow {HTML} at (0,0) size 125x150
        LayoutBlockFlow {BODY} at (8,8) size 109x134
layer at (65,991) size 155x180 backgroundClip at (0,0) size 785x600 clip at (0,0) size 785x600
  LayoutIFrame {IFRAME} at (12,12) size 155x180 [border: (5px solid #FF0000)]
    layer at (0,0) size 125x150
      LayoutView at (0,0) size 125x150
    layer at (0,0) size 125x150
      LayoutBlockFlow {HTML} at (0,0) size 125x150
        LayoutBlockFlow {BODY} at (8,8) size 109x134
