layer at (0,0) size 800x600
  LayoutView at (0,0) size 800x600
layer at (0,0) size 800x600
  LayoutBlockFlow {HTML} at (0,0) size 800x600
    LayoutBlockFlow {BODY} at (8,8) size 784x584
      LayoutBlockFlow {DIV} at (0,0) size 784x99
        LayoutBlockFlow {CENTER} at (0,0) size 784x99
          LayoutTable {TABLE} at (78.50,0) size 627x40 [bgcolor=#000000]
            LayoutTableSection {TBODY} at (0,0) size 627x40
              LayoutTableRow {TR} at (0,5) size 627x30
                LayoutTableCell {TD} at (5,5) size 40x30 [bgcolor=#FFCC33] [r=0 c=0 rs=1 cs=1]
                  LayoutText {#text} at (27,5) size 8x19
                    text run at (27,5) width 8: "1"
                LayoutTableCell {TD} at (50,5) size 516x30 [bgcolor=#FFCC33] [r=0 c=1 rs=1 cs=1]
                  LayoutInline {A} at (0,0) size 48x19 [color=#0000EE]
                    LayoutText {#text} at (5,5) size 48x19
                      text run at (5,5) width 48: "Believe"
                LayoutTableCell {TD} at (571,5) size 51x30 [bgcolor=#FFCC33] [r=0 c=2 rs=1 cs=1]
                  LayoutText {#text} at (18,5) size 28x19
                    text run at (18,5) width 28: "4:53"
          LayoutBlockFlow {DIV} at (0,40) size 784x59
            LayoutBR {BR} at (784,0) size 0x19
            LayoutBR {BR} at (784,20) size 0x19
            LayoutInline {A} at (0,0) size 134x19 [color=#0000EE]
              LayoutInline {FONT} at (0,0) size 134x18 [color=#FFCC33]
                LayoutText {#text} at (650,40) size 134x18
                  text run at (650,40) width 83: "Back to the "
                  text run at (733,40) width 51: "index..."
