layer at (0,0) size 800x600 clip at (0,0) size 785x600 scrollHeight 1347
  LayoutView at (0,0) size 800x600
layer at (0,0) size 785x1347 backgroundClip at (0,0) size 785x600 clip at (0,0) size 785x600
  LayoutBlockFlow {HTML} at (0,0) size 785x1347
    LayoutBlockFlow {BODY} at (8,8) size 769x1331 [bgcolor=#FFFFFF]
      LayoutBlockFlow {P} at (0,0) size 769x20
        LayoutText {#text} at (0,0) size 465x19
          text run at (0,0) width 465: "This is a simple example of table height problems with only a single table."
      LayoutBlockFlow {P} at (0,36) size 769x60
        LayoutText {#text} at (0,0) size 763x59
          text run at (0,0) width 481: "The indention here is to specify a table with two rows. The table has a fixed "
          text run at (481,0) width 278: "overall width (200 for the example) and two"
          text run at (0,20) width 240: "rows. The first row 'just high enough' "
          text run at (240,20) width 448: "for a title line, and the second contains the rest. Creating such a table is "
          text run at (688,20) width 75: "hamperd by"
          text run at (0,40) width 110: "a number of bugs"
      LayoutBlockFlow {OL} at (0,112) size 769x80
        LayoutListItem {LI} at (40,0) size 729x20
          LayoutListMarker (anonymous) at (-16,0) size 16x19: "1"
          LayoutText {#text} at (0,0) size 456x19
            text run at (0,0) width 456: "If a height is specified for only one row (not both) then it will be ignored"
        LayoutListItem {LI} at (40,20) size 729x20
          LayoutListMarker (anonymous) at (-16,0) size 16x19: "2"
          LayoutText {#text} at (0,0) size 669x19
            text run at (0,0) width 430: "If specified heights are insufficient (because the content is too large) "
            text run at (429,0) width 240: "then the entire table will be expanded."
        LayoutListItem {LI} at (40,40) size 729x40
          LayoutListMarker (anonymous) at (-16,0) size 16x19: "3"
          LayoutText {#text} at (0,0) size 720x39
            text run at (0,0) width 459: "Percentage heights appear to simply be translated into pixel heights prior "
            text run at (459,0) width 261: "to other processing, so offer no additional"
            text run at (0,20) width 56: "solutions"
      LayoutBlockFlow {P} at (0,208) size 769x20
        LayoutText {#text} at (0,0) size 506x19
          text run at (0,0) width 469: "This following table ought to give the desired results (small title line, large "
          text run at (468,0) width 38: "body)"
      LayoutBlockFlow {P} at (0,244) size 769x20
        LayoutText {#text} at (0,0) size 111x19
          text run at (0,0) width 111: "It is specifiable as"
      LayoutBlockFlow {BLOCKQUOTE} at (40,280) size 689x60
        LayoutBlockFlow {P} at (0,0) size 689x60
          LayoutText {#text} at (0,0) size 114x19
            text run at (0,0) width 114: "Table height: 200 "
          LayoutBR {BR} at (113,15) size 1x0
          LayoutText {#text} at (0,20) size 129x19
            text run at (0,20) width 129: "First Row : 1 or 1% "
          LayoutInline {I} at (0,0) size 216x19
            LayoutText {#text} at (129,20) size 216x19
              text run at (129,20) width 216: "(i.e. expand to minimum required)"
          LayoutBR {BR} at (344,35) size 1x0
          LayoutText {#text} at (0,40) size 170x19
            text run at (0,40) width 170: "Second Row : unspecified "
          LayoutInline {I} at (0,0) size 306x19
            LayoutText {#text} at (170,40) size 306x19
              text run at (170,40) width 306: "(i.e. table height - height of other rows+borders)"
          LayoutText {#text} at (0,0) size 0x0
      LayoutTable {TABLE} at (0,356) size 88x200 [border: (1px outset #808080)]
        LayoutTableSection {TBODY} at (1,1) size 86x198
          LayoutTableRow {TR} at (0,2) size 86x24
            LayoutTableCell {TD} at (2,2) size 82x24 [border: (1px inset #808080)] [r=0 c=0 rs=1 cs=1]
              LayoutText {#text} at (2,2) size 50x19
                text run at (2,2) width 50: "title line"
          LayoutTableRow {TR} at (0,28) size 86x168
            LayoutTableCell {TD} at (2,100) size 82x24 [border: (1px inset #808080)] [r=1 c=0 rs=1 cs=1]
              LayoutText {#text} at (2,2) size 78x19
                text run at (2,2) width 78: "rest of space"
      LayoutBlockFlow {P} at (0,572) size 769x20
        LayoutText {#text} at (0,0) size 303x19
          text run at (0,0) width 303: "This doesn't work because of the 1st bug above."
      LayoutBlockFlow {P} at (0,608) size 769x20
        LayoutText {#text} at (0,0) size 406x19
          text run at (0,0) width 406: "A second attempt is to specify heights that do add up to the total."
      LayoutBlockFlow {P} at (0,644) size 769x60
        LayoutText {#text} at (0,0) size 114x19
          text run at (0,0) width 114: "Table height: 200 "
        LayoutBR {BR} at (113,15) size 1x0
        LayoutText {#text} at (0,20) size 87x19
          text run at (0,20) width 87: "First Row : 1 "
        LayoutBR {BR} at (87,35) size 0x0
        LayoutText {#text} at (0,40) size 118x19
          text run at (0,40) width 118: "Second Row : 199"
      LayoutTable {TABLE} at (0,720) size 88x231 [border: (1px outset #808080)]
        LayoutTableSection {TBODY} at (1,1) size 86x229
          LayoutTableRow {TR} at (0,2) size 86x24
            LayoutTableCell {TD} at (2,2) size 82x24 [border: (1px inset #808080)] [r=0 c=0 rs=1 cs=1]
              LayoutText {#text} at (2,2) size 50x19
                text run at (2,2) width 50: "title line"
          LayoutTableRow {TR} at (0,28) size 86x199
            LayoutTableCell {TD} at (2,115) size 82x24 [border: (1px inset #808080)] [r=1 c=0 rs=1 cs=1]
              LayoutText {#text} at (2,2) size 78x19
                text run at (2,2) width 78: "rest of space"
      LayoutBlockFlow {P} at (0,967) size 769x20
        LayoutText {#text} at (0,0) size 605x19
          text run at (0,0) width 469: "This appears ok, but close inspection will show that the table is now >200 "
          text run at (469,0) width 136: "pixels high (2rd bug)."
      LayoutBlockFlow {P} at (0,1003) size 769x20
        LayoutText {#text} at (0,0) size 423x19
          text run at (0,0) width 423: "A third attempt using 1% and 99% gives identical results (3rd bug)."
      LayoutBlockFlow {P} at (0,1039) size 769x20
        LayoutText {#text} at (0,0) size 628x19
          text run at (0,0) width 437: "A related bug is the the height of a row that is not specified explicitly "
          text run at (437,0) width 191: "cannot be used by its children."
      LayoutBlockFlow {P} at (0,1075) size 769x40
        LayoutText {#text} at (0,0) size 709x39
          text run at (0,0) width 489: "This example is a table of height 200 with a single row of unspecified height. "
          text run at (489,0) width 220: "This contains a DIV whose style is"
          text run at (0,20) width 240: "height:100%. It ought to fill the entire "
          text run at (240,20) width 34: "table."
      LayoutTable {TABLE} at (0,1131) size 304x200 [border: (1px outset #808080)]
        LayoutTableSection {TBODY} at (1,1) size 302x198
          LayoutTableRow {TR} at (0,2) size 302x194
            LayoutTableCell {TD} at (2,2) size 298x194 [border: (1px inset #808080)] [r=0 c=0 rs=1 cs=1]
              LayoutBlockFlow {DIV} at (2,2) size 294x190 [bgcolor=#FF0000]
                LayoutText {#text} at (0,0) size 294x19
                  text run at (0,0) width 294: "A 100% div inside a row of unspecified height"
