layer at (0,0) size 800x600
  LayoutView at (0,0) size 800x600
layer at (0,0) size 800x600
  LayoutBlockFlow {HTML} at (0,0) size 800x600
    LayoutBlockFlow {BODY} at (8,8) size 784x584
      LayoutTable {TABLE} at (0,0) size 118x52 [border: (3px outset #808080)]
        LayoutTableSection {TBODY} at (3,3) size 112x46
          LayoutTableRow {TR} at (0,0) size 112x46
            LayoutTableCell {TD} at (0,0) size 112x46 [border: (1px inset #808080)] [r=0 c=0 rs=1 cs=1]
              LayoutBlockFlow (anonymous) at (1,1) size 110x20
                LayoutText {#text} at (0,0) size 110x19
                  text run at (0,0) width 110: "Family Essentials"
              LayoutTable {TABLE} at (1,21) size 25x24 [border: (1px outset #808080)]
                LayoutTableSection {TBODY} at (1,1) size 23x22
                  LayoutTableRow {TR} at (0,0) size 23x22
                    LayoutTableCell {TD} at (0,0) size 23x22 [border: (1px inset #808080)] [r=0 c=0 rs=1 cs=1]
                      LayoutText {#text} at (1,1) size 21x19
                        text run at (1,1) width 21: "foo"
