layer at (0,0) size 800x600
  LayoutView at (0,0) size 800x600
layer at (0,0) size 800x600
  LayoutBlockFlow {HTML} at (0,0) size 800x600
    LayoutBlockFlow {BODY} at (8,8) size 784x576 [bgcolor=#FFFFFF]
      LayoutBlockFlow {FORM} at (0,0) size 784x28
        LayoutTable {TABLE} at (0,0) size 784x28
          LayoutTableSection {TBODY} at (0,0) size 784x28
            LayoutTableRow {TR} at (0,2) size 784x24 [bgcolor=#FFFFFF]
              LayoutTableCell {TD} at (2,2) size 72x24 [r=0 c=0 rs=1 cs=1]
                LayoutButton {INPUT} at (1,1) size 70x22 [bgcolor=#C0C0C0] [border: (2px outset #C0C0C0)]
                  LayoutBlockFlow (anonymous) at (8,3) size 54x16
                    LayoutText {#text} at (0,0) size 54x16
                      text run at (0,0) width 54: "Select all"
              LayoutTableCell {TD} at (76,2) size 55x24 [r=0 c=1 rs=1 cs=1]
                LayoutButton {INPUT} at (1,1) size 53x22 [bgcolor=#C0C0C0] [border: (2px outset #C0C0C0)]
                  LayoutBlockFlow (anonymous) at (8,3) size 37x16
                    LayoutText {#text} at (0,0) size 37x16
                      text run at (0,0) width 37: "Delete"
              LayoutTableCell {TD} at (133,2) size 89x24 [r=0 c=2 rs=1 cs=1]
                LayoutButton {INPUT} at (1,1) size 87x22 [bgcolor=#C0C0C0] [border: (2px outset #C0C0C0)]
                  LayoutBlockFlow (anonymous) at (8,3) size 71x16
                    LayoutText {#text} at (0,0) size 71x16
                      text run at (0,0) width 71: "Empty trash"
              LayoutTableCell {TD} at (224,4) size 377x22 [r=0 c=3 rs=1 cs=1]
                LayoutText {#text} at (1,1) size 4x19
                  text run at (1,1) width 4: " "
              LayoutTableCell {TD} at (603,2) size 69x24 [r=0 c=4 rs=1 cs=1]
                LayoutButton {INPUT} at (1,1) size 67x22 [bgcolor=#C0C0C0] [border: (2px outset #C0C0C0)]
                  LayoutBlockFlow (anonymous) at (8,3) size 51x16
                    LayoutText {#text} at (0,0) size 51x16
                      text run at (0,0) width 51: "Move to:"
              LayoutTableCell {TD} at (674,4) size 108x22 [r=0 c=5 rs=1 cs=1]
                LayoutMenuList {SELECT} at (1,1) size 106x20 [bgcolor=#C0C0C0] [border: (1px solid #A9A9A9)]
                  LayoutBlockFlow (anonymous) at (1,1) size 104x18
                    LayoutText (anonymous) at (4,1) size 84x16
                      text run at (4,1) width 84: "Choose folder "
                LayoutText {#text} at (0,0) size 0x0
