layer at (0,0) size 800x600
  LayoutView at (0,0) size 800x600
layer at (0,0) size 800x600
  LayoutBlockFlow {HTML} at (0,0) size 800x600
    LayoutBlockFlow {BODY} at (8,8) size 784x584
      LayoutTable {TABLE} at (0,0) size 300x30 [border: (1px outset #808080)]
        LayoutTableSection {TBODY} at (1,1) size 298x28
          LayoutTableRow {TR} at (0,2) size 298x24
            LayoutTableCell {TD} at (2,2) size 141x24 [border: (1px inset #808080)] [r=0 c=0 rs=1 cs=1]
              LayoutText {#text} at (57,2) size 27x19
                text run at (57,2) width 27: "One"
            LayoutTableCell {TD} at (145,2) size 151x24 [border: (1px inset #808080)] [r=0 c=1 rs=1 cs=1]
              LayoutText {#text} at (61,2) size 29x19
                text run at (61,2) width 29: "Two"
      LayoutTable {TABLE} at (0,30) size 300x30 [border: (1px outset #808080)]
        LayoutTableSection {TBODY} at (1,1) size 298x28
          LayoutTableRow {TR} at (0,2) size 298x24
            LayoutTableCell {TD} at (2,2) size 141x24 [border: (1px inset #808080)] [r=0 c=0 rs=1 cs=1]
              LayoutText {#text} at (112,2) size 27x19
                text run at (112,2) width 27: "One"
            LayoutTableCell {TD} at (145,2) size 151x24 [border: (1px inset #808080)] [r=0 c=1 rs=1 cs=1]
              LayoutText {#text} at (120,2) size 29x19
                text run at (120,2) width 29: "Two"
      LayoutTable {TABLE} at (0,60) size 368x56 [border: (1px outset #808080)]
        LayoutTableSection {TBODY} at (1,1) size 366x54
          LayoutTableRow {TR} at (0,2) size 366x24
            LayoutTableCell {TD} at (2,2) size 179x24 [border: (1px inset #808080)] [r=0 c=0 rs=1 cs=1]
              LayoutText {#text} at (76,2) size 27x19
                text run at (76,2) width 27: "One"
            LayoutTableCell {TD} at (183,2) size 181x24 [border: (1px inset #808080)] [r=0 c=1 rs=1 cs=1]
              LayoutText {#text} at (76,2) size 29x19
                text run at (76,2) width 29: "Two"
          LayoutTableRow {TR} at (0,28) size 366x24
            LayoutTableCell {TD} at (2,28) size 179x24 [border: (1px inset #808080)] [r=1 c=0 rs=1 cs=1]
              LayoutText {#text} at (2,2) size 175x19
                text run at (2,2) width 175: "----------Long One------------"
            LayoutTableCell {TD} at (183,28) size 181x24 [border: (1px inset #808080)] [r=1 c=1 rs=1 cs=1]
              LayoutText {#text} at (2,2) size 177x19
                text run at (2,2) width 177: "----------Long Two------------"
      LayoutTable {TABLE} at (0,116) size 784x30 [border: (1px outset #808080)]
        LayoutTableSection {TBODY} at (1,1) size 782x28
          LayoutTableRow {TR} at (0,2) size 782x24
            LayoutTableCell {TD} at (2,2) size 375x24 [border: (1px inset #808080)] [r=0 c=0 rs=1 cs=1]
              LayoutText {#text} at (174,2) size 27x19
                text run at (174,2) width 27: "One"
            LayoutTableCell {TD} at (379,2) size 401x24 [border: (1px inset #808080)] [r=0 c=1 rs=1 cs=1]
              LayoutText {#text} at (186,2) size 29x19
                text run at (186,2) width 29: "Two"
