layer at (0,0) size 800x600
  LayoutView at (0,0) size 800x600
layer at (0,0) size 800x600
  LayoutBlockFlow {HTML} at (0,0) size 800x600
    LayoutBlockFlow {BODY} at (8,8) size 784x584
      LayoutTable {TABLE} at (0,0) size 263x46 [border: (1px outset #808080)]
        LayoutTableSection {TBODY} at (1,1) size 261x44
          LayoutTableRow {TR} at (0,2) size 261x40
            LayoutTableCell {TD} at (2,2) size 257x40 [border: (1px inset #808080)] [r=0 c=0 rs=1 cs=1]
              LayoutBlockFlow {UL} at (2,2) size 253x20
                LayoutListItem {LI} at (40,0) size 213x20
                  LayoutListMarker (anonymous) at (-18,0) size 7x19: bullet
                  LayoutText {#text} at (0,0) size 213x19
                    text run at (0,0) width 213: "blah blah blah blah blah blah blah"
