layer at (0,0) size 800x600
  LayoutView at (0,0) size 800x600
layer at (0,0) size 800x600
  LayoutBlockFlow {HTML} at (0,0) size 800x600
    LayoutBlockFlow {BODY} at (8,8) size 784x584
      LayoutTable {TABLE} at (0,0) size 784x584 [border: (1px outset #808080)]
        LayoutTableSection {TBODY} at (1,1) size 782x582
          LayoutTableRow {TR} at (0,2) size 782x578
            LayoutTableCell {TD} at (2,269) size 364x44 [border: (1px inset #808080)] [r=0 c=0 rs=1 cs=1]
              LayoutText {#text} at (2,2) size 79x19
                text run at (2,2) width 79: "Outer Table:"
              LayoutBR {BR} at (80,17) size 1x0
              LayoutText {#text} at (2,22) size 327x19
                text run at (2,22) width 327: "<table border=\"1\" width=\"100%\" height=\"100%\">"
            LayoutTableCell {TD} at (368,2) size 412x578 [border: (1px inset #808080)] [r=0 c=1 rs=1 cs=1]
              LayoutTable {TABLE} at (2,2) size 408x574 [border: (1px outset #808080)]
                LayoutTableSection {TBODY} at (1,1) size 406x572
                  LayoutTableRow {TR} at (0,2) size 406x568
                    LayoutTableCell {TD} at (2,254) size 366x64 [border: (1px inset #808080)] [r=0 c=0 rs=1 cs=1]
                      LayoutText {#text} at (2,2) size 87x19
                        text run at (2,2) width 87: "Nested Table:"
                      LayoutBR {BR} at (88,17) size 1x0
                      LayoutText {#text} at (2,22) size 327x19
                        text run at (2,22) width 327: "<table border=\"1\" width=\"100%\" height=\"100%\">"
                      LayoutBR {BR} at (329,37) size 0x0
                      LayoutText {#text} at (2,42) size 133x19
                        text run at (2,42) width 133: "<td height=\"100%\">"
                    LayoutTableCell {TD} at (370,274) size 34x24 [border: (1px inset #808080)] [r=0 c=1 rs=1 cs=1]
                      LayoutText {#text} at (2,2) size 26x19
                        text run at (2,2) width 26: "asdf"
