layer at (0,0) size 800x600
  LayoutView at (0,0) size 800x600
layer at (0,0) size 800x138
  LayoutBlockFlow {HTML} at (0,0) size 800x138
    LayoutBlockFlow {BODY} at (8,8) size 784x0 [bgcolor=#FFFFFF]
      LayoutTable (floating) {TABLE} at (0,0) size 86x130
        LayoutBlockFlow {CAPTION} at (0,0) size 86x20
          LayoutText {#text} at (0,0) size 86x19
            text run at (0,0) width 86: "height=\"105\""
        LayoutTableSection {TBODY} at (0,20) size 86x110
          LayoutTableRow {TR} at (0,0) size 86x22
            LayoutTableCell {TD} at (0,0) size 86x22 [r=0 c=0 rs=1 cs=1]
              LayoutText {#text} at (1,1) size 63x19
                text run at (1,1) width 63: "Entry #01"
          LayoutTableRow {TR} at (0,22) size 86x22
            LayoutTableCell {TD} at (0,22) size 86x22 [r=1 c=0 rs=1 cs=1]
              LayoutText {#text} at (1,1) size 63x19
                text run at (1,1) width 63: "Entry #02"
          LayoutTableRow {TR} at (0,44) size 86x22
            LayoutTableCell {TD} at (0,44) size 86x22 [r=2 c=0 rs=1 cs=1]
              LayoutText {#text} at (1,1) size 63x19
                text run at (1,1) width 63: "Entry #03"
          LayoutTableRow {TR} at (0,66) size 86x22
            LayoutTableCell {TD} at (0,66) size 86x22 [r=3 c=0 rs=1 cs=1]
              LayoutText {#text} at (1,1) size 63x19
                text run at (1,1) width 63: "Entry #04"
          LayoutTableRow {TR} at (0,88) size 86x22
            LayoutTableCell {TD} at (0,88) size 86x22 [r=4 c=0 rs=1 cs=1]
              LayoutText {#text} at (1,1) size 63x19
                text run at (1,1) width 63: "Entry #05"
      LayoutTable (floating) {TABLE} at (86,0) size 86x130
        LayoutBlockFlow {CAPTION} at (0,0) size 86x20
          LayoutText {#text} at (0,0) size 86x19
            text run at (0,0) width 86: "height=\"106\""
        LayoutTableSection {TBODY} at (0,20) size 86x110
          LayoutTableRow {TR} at (0,0) size 86x22
            LayoutTableCell {TD} at (0,0) size 86x22 [r=0 c=0 rs=1 cs=1]
              LayoutText {#text} at (1,1) size 63x19
                text run at (1,1) width 63: "Entry #01"
          LayoutTableRow {TR} at (0,22) size 86x22
            LayoutTableCell {TD} at (0,22) size 86x22 [r=1 c=0 rs=1 cs=1]
              LayoutText {#text} at (1,1) size 63x19
                text run at (1,1) width 63: "Entry #02"
          LayoutTableRow {TR} at (0,44) size 86x22
            LayoutTableCell {TD} at (0,44) size 86x22 [r=2 c=0 rs=1 cs=1]
              LayoutText {#text} at (1,1) size 63x19
                text run at (1,1) width 63: "Entry #03"
          LayoutTableRow {TR} at (0,66) size 86x22
            LayoutTableCell {TD} at (0,66) size 86x22 [r=3 c=0 rs=1 cs=1]
              LayoutText {#text} at (1,1) size 63x19
                text run at (1,1) width 63: "Entry #04"
          LayoutTableRow {TR} at (0,88) size 86x22
            LayoutTableCell {TD} at (0,88) size 86x22 [r=4 c=0 rs=1 cs=1]
              LayoutText {#text} at (1,1) size 63x19
                text run at (1,1) width 63: "Entry #05"
      LayoutTable (floating) {TABLE} at (172,0) size 86x130
        LayoutBlockFlow {CAPTION} at (0,0) size 86x20
          LayoutText {#text} at (0,0) size 86x19
            text run at (0,0) width 86: "height=\"107\""
        LayoutTableSection {TBODY} at (0,20) size 86x110
          LayoutTableRow {TR} at (0,0) size 86x22
            LayoutTableCell {TD} at (0,0) size 86x22 [r=0 c=0 rs=1 cs=1]
              LayoutText {#text} at (1,1) size 63x19
                text run at (1,1) width 63: "Entry #01"
          LayoutTableRow {TR} at (0,22) size 86x22
            LayoutTableCell {TD} at (0,22) size 86x22 [r=1 c=0 rs=1 cs=1]
              LayoutText {#text} at (1,1) size 63x19
                text run at (1,1) width 63: "Entry #02"
          LayoutTableRow {TR} at (0,44) size 86x22
            LayoutTableCell {TD} at (0,44) size 86x22 [r=2 c=0 rs=1 cs=1]
              LayoutText {#text} at (1,1) size 63x19
                text run at (1,1) width 63: "Entry #03"
          LayoutTableRow {TR} at (0,66) size 86x22
            LayoutTableCell {TD} at (0,66) size 86x22 [r=3 c=0 rs=1 cs=1]
              LayoutText {#text} at (1,1) size 63x19
                text run at (1,1) width 63: "Entry #04"
          LayoutTableRow {TR} at (0,88) size 86x22
            LayoutTableCell {TD} at (0,88) size 86x22 [r=4 c=0 rs=1 cs=1]
              LayoutText {#text} at (1,1) size 63x19
                text run at (1,1) width 63: "Entry #05"
      LayoutTable (floating) {TABLE} at (258,0) size 86x130
        LayoutBlockFlow {CAPTION} at (0,0) size 86x20
          LayoutText {#text} at (0,0) size 86x19
            text run at (0,0) width 86: "height=\"108\""
        LayoutTableSection {TBODY} at (0,20) size 86x110
          LayoutTableRow {TR} at (0,0) size 86x22
            LayoutTableCell {TD} at (0,0) size 86x22 [r=0 c=0 rs=1 cs=1]
              LayoutText {#text} at (1,1) size 63x19
                text run at (1,1) width 63: "Entry #01"
          LayoutTableRow {TR} at (0,22) size 86x22
            LayoutTableCell {TD} at (0,22) size 86x22 [r=1 c=0 rs=1 cs=1]
              LayoutText {#text} at (1,1) size 63x19
                text run at (1,1) width 63: "Entry #02"
          LayoutTableRow {TR} at (0,44) size 86x22
            LayoutTableCell {TD} at (0,44) size 86x22 [r=2 c=0 rs=1 cs=1]
              LayoutText {#text} at (1,1) size 63x19
                text run at (1,1) width 63: "Entry #03"
          LayoutTableRow {TR} at (0,66) size 86x22
            LayoutTableCell {TD} at (0,66) size 86x22 [r=3 c=0 rs=1 cs=1]
              LayoutText {#text} at (1,1) size 63x19
                text run at (1,1) width 63: "Entry #04"
          LayoutTableRow {TR} at (0,88) size 86x22
            LayoutTableCell {TD} at (0,88) size 86x22 [r=4 c=0 rs=1 cs=1]
              LayoutText {#text} at (1,1) size 63x19
                text run at (1,1) width 63: "Entry #05"
      LayoutTable (floating) {TABLE} at (344,0) size 86x130
        LayoutBlockFlow {CAPTION} at (0,0) size 86x20
          LayoutText {#text} at (0,0) size 86x19
            text run at (0,0) width 86: "height=\"109\""
        LayoutTableSection {TBODY} at (0,20) size 86x110
          LayoutTableRow {TR} at (0,0) size 86x22
            LayoutTableCell {TD} at (0,0) size 86x22 [r=0 c=0 rs=1 cs=1]
              LayoutText {#text} at (1,1) size 63x19
                text run at (1,1) width 63: "Entry #01"
          LayoutTableRow {TR} at (0,22) size 86x22
            LayoutTableCell {TD} at (0,22) size 86x22 [r=1 c=0 rs=1 cs=1]
              LayoutText {#text} at (1,1) size 63x19
                text run at (1,1) width 63: "Entry #02"
          LayoutTableRow {TR} at (0,44) size 86x22
            LayoutTableCell {TD} at (0,44) size 86x22 [r=2 c=0 rs=1 cs=1]
              LayoutText {#text} at (1,1) size 63x19
                text run at (1,1) width 63: "Entry #03"
          LayoutTableRow {TR} at (0,66) size 86x22
            LayoutTableCell {TD} at (0,66) size 86x22 [r=3 c=0 rs=1 cs=1]
              LayoutText {#text} at (1,1) size 63x19
                text run at (1,1) width 63: "Entry #04"
          LayoutTableRow {TR} at (0,88) size 86x22
            LayoutTableCell {TD} at (0,88) size 86x22 [r=4 c=0 rs=1 cs=1]
              LayoutText {#text} at (1,1) size 63x19
                text run at (1,1) width 63: "Entry #05"
      LayoutTable (floating) {TABLE} at (430,0) size 85x130
        LayoutBlockFlow {CAPTION} at (0,0) size 85x20
          LayoutText {#text} at (0,0) size 86x19
            text run at (0,0) width 86: "height=\"110\""
        LayoutTableSection {TBODY} at (0,20) size 85x110
          LayoutTableRow {TR} at (0,0) size 85x22
            LayoutTableCell {TD} at (0,0) size 85x22 [r=0 c=0 rs=1 cs=1]
              LayoutText {#text} at (1,1) size 63x19
                text run at (1,1) width 63: "Entry #01"
          LayoutTableRow {TR} at (0,22) size 85x22
            LayoutTableCell {TD} at (0,22) size 85x22 [r=1 c=0 rs=1 cs=1]
              LayoutText {#text} at (1,1) size 63x19
                text run at (1,1) width 63: "Entry #02"
          LayoutTableRow {TR} at (0,44) size 85x22
            LayoutTableCell {TD} at (0,44) size 85x22 [r=2 c=0 rs=1 cs=1]
              LayoutText {#text} at (1,1) size 63x19
                text run at (1,1) width 63: "Entry #03"
          LayoutTableRow {TR} at (0,66) size 85x22
            LayoutTableCell {TD} at (0,66) size 85x22 [r=3 c=0 rs=1 cs=1]
              LayoutText {#text} at (1,1) size 63x19
                text run at (1,1) width 63: "Entry #04"
          LayoutTableRow {TR} at (0,88) size 85x22
            LayoutTableCell {TD} at (0,88) size 85x22 [r=4 c=0 rs=1 cs=1]
              LayoutText {#text} at (1,1) size 63x19
                text run at (1,1) width 63: "Entry #05"
