layer at (0,0) size 800x600
  LayoutView at (0,0) size 800x600
layer at (0,0) size 800x600
  LayoutBlockFlow {HTML} at (0,0) size 800x600
    LayoutBlockFlow {BODY} at (8,8) size 784x584
      LayoutTable {TABLE} at (0,0) size 784x67 [bgcolor=#00FFFF] [border: (1px outset #808080)]
        LayoutTableSection {TBODY} at (1,1) size 782x65
          LayoutTableRow {TR} at (0,2) size 782x61
            LayoutTableCell {TD} at (2,2) size 304x61 [border: (1px inset #808080)] [r=0 c=0 rs=1 cs=1]
              LayoutInline {FONT} at (0,0) size 99x36 [color=#0000FF]
                LayoutText {#text} at (2,2) size 99x36
                  text run at (2,2) width 99: "Mozilla"
              LayoutText {#text} at (101,15) size 275x43
                text run at (101,15) width 149: " code available under a "
                text run at (250,15) width 27: "dual"
                text run at (2,39) width 123: "MPL/GPL license. "
                text run at (125,39) width 137: "See the for more info."
              LayoutBR {BR} at (262,54) size 0x0
            LayoutTableCell {TD} at (308,20) size 472x24 [border: (1px inset #808080)] [r=0 c=1 rs=1 cs=1]
              LayoutText {#text} at (2,2) size 241x19
                text run at (2,2) width 241: "foo bar foo bar foo bar foo bar foo bar"
      LayoutBlockFlow (anonymous) at (0,67) size 784x42
        LayoutBR {BR} at (0,0) size 0x19
        LayoutButton {INPUT} at (0,20) size 56x22 [bgcolor=#C0C0C0] [border: (2px outset #C0C0C0)]
          LayoutBlockFlow (anonymous) at (8,3) size 40x16
            LayoutText {#text} at (0,0) size 40x16
              text run at (0,0) width 40: "Reload"
        LayoutText {#text} at (56,21) size 8x19
          text run at (56,21) width 8: "  "
        LayoutButton {INPUT} at (64,20) size 90x22 [bgcolor=#C0C0C0] [border: (2px outset #C0C0C0)]
          LayoutBlockFlow (anonymous) at (8,3) size 74x16
            LayoutText {#text} at (0,0) size 74x16
              text run at (0,0) width 74: "Change Font"
        LayoutText {#text} at (154,21) size 8x19
          text run at (154,21) width 8: "  "
        LayoutTextControl {INPUT} at (162,20) size 154x22 [bgcolor=#FFFFFF] [border: (2px inset #EEEEEE)]
        LayoutText {#text} at (0,0) size 0x0
layer at (172,98) size 150x16
  LayoutBlockFlow {DIV} at (2,3) size 150x16
    LayoutText {#text} at (0,0) size 7x16
      text run at (0,0) width 7: "6"
