layer at (0,0) size 800x600
  LayoutView at (0,0) size 800x600
layer at (0,0) size 800x600
  LayoutBlockFlow {HTML} at (0,0) size 800x600
    LayoutBlockFlow {BODY} at (8,8) size 784x584
      LayoutTable {TABLE} at (0,0) size 600x446
        LayoutTableSection {TBODY} at (0,0) size 600x446
          LayoutTableRow {TR} at (0,2) size 600x442
            LayoutTableCell {TD} at (2,222) size 98x2 [r=0 c=0 rs=1 cs=1]
            LayoutTableCell {TD} at (102,2) size 32x442 [r=0 c=1 rs=1 cs=1]
              LayoutBlockFlow {IMG} at (1,1) size 30x440
                LayoutBlockFlow {SPAN} at (0,0) size 30x440 [border: (1px solid #C0C0C0)]
                  LayoutImage (floating) {IMG} at (2,2) size 16x16
                  LayoutInline {SPAN} at (0,0) size 0x0
            LayoutTableCell {TD} at (136,62) size 462x322 [r=0 c=2 rs=1 cs=1]
              LayoutTable {TABLE} at (1,1) size 460x230
                LayoutTableSection {TBODY} at (0,0) size 460x230
                  LayoutTableRow {TR} at (0,2) size 460x226
                    LayoutTableCell {TD} at (2,68) size 252x93 [r=0 c=0 rs=1 cs=1]
                      LayoutTable {TABLE} at (1,1) size 250x91
                        LayoutTableSection {TBODY} at (0,0) size 250x91
                          LayoutTableRow {TR} at (0,2) size 250x87
                            LayoutTableCell {TD} at (2,2) size 246x87 [r=0 c=0 rs=1 cs=1]
                              LayoutImage (floating) {IMG} at (1,1) size 93x85
                              LayoutText {#text} at (97,1) size 144x59
                                text run at (97,1) width 144: "Text text, text: text text"
                                text run at (97,21) width 121: "text; text. Text, text"
                                text run at (97,41) width 39: "text...."
                    LayoutTableCell {TD} at (256,2) size 202x226 [r=0 c=1 rs=1 cs=1]
                      LayoutTable {TABLE} at (1,1) size 200x224 [border: (10px outset #808080)]
                        LayoutTableSection {TBODY} at (10,10) size 180x204
                          LayoutTableRow {TR} at (0,2) size 180x200
                            LayoutTableCell {TD} at (2,100) size 176x4 [border: (1px inset #808080)] [r=0 c=0 rs=1 cs=1]
              LayoutBlockFlow (anonymous) at (1,231) size 460x40
                LayoutBR {BR} at (0,0) size 0x19
                LayoutText {#text} at (0,20) size 106x19
                  text run at (0,20) width 106: "This is bug 2904"
              LayoutTable {TABLE} at (1,271) size 62x50 [border: (1px outset #808080)]
                LayoutTableSection {TBODY} at (1,1) size 60x48
                  LayoutTableRow {TR} at (0,2) size 60x44
                    LayoutTableCell {TD} at (2,7) size 22x34 [border: (1px inset #808080)] [r=0 c=0 rs=1 cs=1]
                      LayoutTable {TABLE} at (2,2) size 18x30 [border: (1px outset #808080)]
                        LayoutTableSection {TBODY} at (1,1) size 16x28
                          LayoutTableRow {TR} at (0,2) size 16x24
                            LayoutTableCell {TD} at (2,2) size 12x24 [border: (1px inset #808080)] [r=0 c=0 rs=1 cs=1]
                              LayoutText {#text} at (2,2) size 8x19
                                text run at (2,2) width 8: "x"
                    LayoutTableCell {TD} at (26,2) size 32x44 [border: (1px inset #808080)] [r=0 c=1 rs=1 cs=1]
                      LayoutBlockFlow {DIV} at (2,2) size 48x40 [border: (10px groove #008000)]
                        LayoutText {#text} at (10,10) size 8x19
                          text run at (10,10) width 8: "x"
