layer at (0,0) size 800x600
  LayoutView at (0,0) size 800x600
layer at (0,0) size 800x600
  LayoutBlockFlow {HTML} at (0,0) size 800x600
    LayoutBlockFlow {BODY} at (8,8) size 784x584
      LayoutText {#text} at (0,0) size 240x19
        text run at (0,0) width 240: "The cell padding should not disappear"
      LayoutText {#text} at (0,0) size 0x0
layer at (120,120) size 105x92
  LayoutTable (positioned) {TABLE} at (120,120) size 105x92 [border: (1px outset #808080)]
    LayoutTableSection {TBODY} at (1,1) size 103x90
      LayoutTableRow {TR} at (0,2) size 103x42
        LayoutTableCell {TD} at (2,2) size 99x42 [border: (1px inset #808080)] [r=0 c=0 rs=1 cs=1]
          LayoutText {#text} at (11,11) size 58x19
            text run at (11,11) width 58: "S\x{E9}lection"
      LayoutTableRow {TR} at (0,46) size 103x42
        LayoutTableCell {TD} at (2,46) size 99x42 [border: (1px inset #808080)] [r=1 c=0 rs=1 cs=1]
          LayoutText {#text} at (11,11) size 77x19
            text run at (11,11) width 77: "Suppression"
