layer at (0,0) size 800x600
  LayoutView at (0,0) size 800x600
layer at (0,0) size 800x600
  LayoutBlockFlow {HTML} at (0,0) size 800x600
    LayoutBlockFlow {BODY} at (8,8) size 784x584
      LayoutTable {TABLE} at (0,0) size 784x382 [border: none]
        LayoutTableSection {TBODY} at (0,0) size 783x381
          LayoutTableRow {TR} at (0,0) size 783x23
            LayoutTableCell {TH} at (0,0) size 111x23 [border: (1px solid #005A8C)] [r=0 c=0 rs=1 cs=1]
              LayoutText {#text} at (42,2) size 28x19
                text run at (42,2) width 28: "Sun"
            LayoutTableCell {TH} at (111,0) size 112x23 [border: (1px solid #005A8C)] [r=0 c=1 rs=1 cs=1]
              LayoutText {#text} at (40,2) size 33x19
                text run at (40,2) width 33: "Mon"
            LayoutTableCell {TH} at (223,0) size 112x23 [border: (1px solid #005A8C)] [r=0 c=2 rs=1 cs=1]
              LayoutText {#text} at (43,2) size 27x19
                text run at (43,2) width 27: "Tue"
            LayoutTableCell {TH} at (335,0) size 112x23 [border: (1px solid #005A8C)] [r=0 c=3 rs=1 cs=1]
              LayoutText {#text} at (40,2) size 33x19
                text run at (40,2) width 33: "Wed"
            LayoutTableCell {TH} at (447,0) size 112x23 [border: (1px solid #005A8C)] [r=0 c=4 rs=1 cs=1]
              LayoutText {#text} at (42,2) size 29x19
                text run at (42,2) width 29: "Thu"
            LayoutTableCell {TH} at (559,0) size 112x23 [border: (1px solid #005A8C)] [r=0 c=5 rs=1 cs=1]
              LayoutText {#text} at (46,2) size 21x19
                text run at (46,2) width 21: "Fri"
            LayoutTableCell {TH} at (671,0) size 112x23 [border: (1px solid #005A8C)] [r=0 c=6 rs=1 cs=1]
              LayoutText {#text} at (45,2) size 23x19
                text run at (45,2) width 23: "Sat"
          LayoutTableRow {TR} at (0,23) size 783x43
            LayoutTableCell {TD} at (0,23) size 559x3 [border: (1px solid #005A8C)] [r=1 c=0 rs=1 cs=5]
            LayoutTableCell {TD} at (559,23) size 112x43 [border: (1px solid #005A8C)] [r=1 c=5 rs=1 cs=1]
              LayoutBlockFlow {DIV} at (2,2) size 109x20
                LayoutText {#text} at (0,0) size 8x19
                  text run at (0,0) width 8: "1"
              LayoutBlockFlow {DIV} at (2,22) size 109x20
                LayoutText {#text} at (0,0) size 28x19
                  text run at (0,0) width 28: "7:50"
            LayoutTableCell {TD} at (671,23) size 112x43 [border: (1px solid #005A8C)] [r=1 c=6 rs=1 cs=1]
              LayoutBlockFlow {DIV} at (2,2) size 109x20
                LayoutText {#text} at (0,0) size 8x19
                  text run at (0,0) width 8: "2"
              LayoutBlockFlow (anonymous) at (2,22) size 109x20
                LayoutText {#text} at (0,0) size 100x19
                  text run at (0,0) width 100: "Althea Halliday"
                LayoutBR {BR} at (100,15) size 0x0
          LayoutTableRow {TR} at (0,66) size 783x83
            LayoutTableCell {TD} at (0,66) size 111x83 [border: (1px solid #005A8C)] [r=2 c=0 rs=1 cs=1]
              LayoutBlockFlow {DIV} at (2,2) size 108x20
                LayoutText {#text} at (0,0) size 8x19
                  text run at (0,0) width 8: "3"
              LayoutBlockFlow (anonymous) at (2,22) size 108x60
                LayoutText {#text} at (0,0) size 67x19
                  text run at (0,0) width 67: "CHORTle"
                LayoutBR {BR} at (66,15) size 1x0
                LayoutText {#text} at (0,20) size 67x39
                  text run at (0,20) width 61: "Avondale"
                  text run at (0,40) width 67: "graduation"
            LayoutTableCell {TD} at (111,66) size 112x43 [border: (1px solid #005A8C)] [r=2 c=1 rs=1 cs=1]
              LayoutBlockFlow {DIV} at (2,2) size 109x20
                LayoutText {#text} at (0,0) size 8x19
                  text run at (0,0) width 8: "4"
              LayoutBlockFlow (anonymous) at (2,22) size 109x20
                LayoutBR {BR} at (0,0) size 0x19
            LayoutTableCell {TD} at (223,66) size 112x63 [border: (1px solid #005A8C)] [r=2 c=2 rs=1 cs=1]
              LayoutBlockFlow {DIV} at (2,2) size 109x20
                LayoutText {#text} at (0,0) size 8x19
                  text run at (0,0) width 8: "5"
              LayoutBlockFlow (anonymous) at (2,22) size 109x40
                LayoutText {#text} at (0,0) size 82x39
                  text run at (0,0) width 82: "SAC Speech"
                  text run at (0,20) width 32: "night"
            LayoutTableCell {TD} at (335,66) size 112x63 [border: (1px solid #005A8C)] [r=2 c=3 rs=1 cs=1]
              LayoutBlockFlow {DIV} at (2,2) size 109x20
                LayoutText {#text} at (0,0) size 8x19
                  text run at (0,0) width 8: "6"
              LayoutBlockFlow (anonymous) at (2,22) size 109x40
                LayoutText {#text} at (0,0) size 82x39
                  text run at (0,0) width 82: "Management"
                  text run at (0,20) width 65: "committee"
            LayoutTableCell {TD} at (447,66) size 112x83 [border: (1px solid #005A8C)] [r=2 c=4 rs=1 cs=1]
              LayoutBlockFlow {DIV} at (2,2) size 109x20
                LayoutText {#text} at (0,0) size 8x19
                  text run at (0,0) width 8: "7"
              LayoutBlockFlow (anonymous) at (2,22) size 109x60
                LayoutText {#text} at (0,0) size 100x59
                  text run at (0,0) width 94: "Castle Hill and"
                  text run at (0,20) width 100: "Mountain View"
                  text run at (0,40) width 88: "Speech nights"
            LayoutTableCell {TD} at (559,66) size 112x43 [border: (1px solid #005A8C)] [r=2 c=5 rs=1 cs=1]
              LayoutBlockFlow {DIV} at (2,2) size 109x20
                LayoutText {#text} at (0,0) size 8x19
                  text run at (0,0) width 8: "8"
              LayoutBlockFlow {DIV} at (2,22) size 109x20
                LayoutText {#text} at (0,0) size 28x19
                  text run at (0,0) width 28: "7:56"
            LayoutTableCell {TD} at (671,66) size 112x43 [border: (1px solid #005A8C)] [r=2 c=6 rs=1 cs=1]
              LayoutBlockFlow {DIV} at (2,2) size 109x20
                LayoutText {#text} at (0,0) size 8x19
                  text run at (0,0) width 8: "9"
              LayoutBlockFlow (anonymous) at (2,22) size 109x20
                LayoutText {#text} at (0,0) size 91x19
                  text run at (0,0) width 91: "Reconciliation"
          LayoutTableRow {TR} at (0,149) size 783x83
            LayoutTableCell {TD} at (0,149) size 111x43 [border: (1px solid #005A8C)] [r=3 c=0 rs=1 cs=1]
              LayoutBlockFlow {DIV} at (2,2) size 108x20
                LayoutText {#text} at (0,0) size 16x19
                  text run at (0,0) width 16: "10"
              LayoutBlockFlow (anonymous) at (2,22) size 108x20
                LayoutText {#text} at (0,0) size 99x19
                  text run at (0,0) width 99: "Christmas party"
                LayoutBR {BR} at (99,15) size 0x0
            LayoutTableCell {TD} at (111,149) size 112x43 [border: (1px solid #005A8C)] [r=3 c=1 rs=1 cs=1]
              LayoutBlockFlow {DIV} at (2,2) size 109x20
                LayoutText {#text} at (0,0) size 16x19
                  text run at (0,0) width 16: "11"
              LayoutBlockFlow (anonymous) at (2,22) size 109x20
                LayoutBR {BR} at (0,0) size 0x19
            LayoutTableCell {TD} at (223,149) size 112x43 [border: (1px solid #005A8C)] [r=3 c=2 rs=1 cs=1]
              LayoutBlockFlow {DIV} at (2,2) size 109x20
                LayoutText {#text} at (0,0) size 16x19
                  text run at (0,0) width 16: "12"
              LayoutBlockFlow (anonymous) at (2,22) size 109x20
                LayoutBR {BR} at (0,0) size 0x19
            LayoutTableCell {TD} at (335,149) size 112x83 [border: (1px solid #005A8C)] [r=3 c=3 rs=1 cs=1]
              LayoutBlockFlow {DIV} at (2,2) size 109x20
                LayoutText {#text} at (0,0) size 16x19
                  text run at (0,0) width 16: "13"
              LayoutBlockFlow (anonymous) at (2,22) size 109x60
                LayoutText {#text} at (0,0) size 75x59
                  text run at (0,0) width 75: "Community"
                  text run at (0,20) width 62: "Ministries"
                  text run at (0,40) width 65: "committee"
            LayoutTableCell {TD} at (447,149) size 112x43 [border: (1px solid #005A8C)] [r=3 c=4 rs=1 cs=1]
              LayoutBlockFlow {DIV} at (2,2) size 109x20
                LayoutText {#text} at (0,0) size 16x19
                  text run at (0,0) width 16: "14"
              LayoutBlockFlow (anonymous) at (2,22) size 109x20
                LayoutBR {BR} at (0,0) size 0x19
            LayoutTableCell {TD} at (559,149) size 112x43 [border: (1px solid #005A8C)] [r=3 c=5 rs=1 cs=1]
              LayoutBlockFlow {DIV} at (2,2) size 109x20
                LayoutText {#text} at (0,0) size 16x19
                  text run at (0,0) width 16: "15"
              LayoutBlockFlow {DIV} at (2,22) size 109x20
                LayoutText {#text} at (0,0) size 28x19
                  text run at (0,0) width 28: "8:02"
            LayoutTableCell {TD} at (671,149) size 112x43 [border: (1px solid #005A8C)] [r=3 c=6 rs=1 cs=1]
              LayoutBlockFlow {DIV} at (2,2) size 109x20
                LayoutText {#text} at (0,0) size 16x19
                  text run at (0,0) width 16: "16"
              LayoutBlockFlow (anonymous) at (2,22) size 109x20
                LayoutText {#text} at (0,0) size 67x19
                  text run at (0,0) width 67: "Paul Goltz"
                LayoutBR {BR} at (67,15) size 0x0
          LayoutTableRow {TR} at (0,232) size 783x63
            LayoutTableCell {TD} at (0,232) size 111x43 [border: (1px solid #005A8C)] [r=4 c=0 rs=1 cs=1]
              LayoutBlockFlow {DIV} at (2,2) size 108x20
                LayoutText {#text} at (0,0) size 16x19
                  text run at (0,0) width 16: "17"
              LayoutBlockFlow (anonymous) at (2,22) size 108x20
                LayoutBR {BR} at (0,0) size 0x19
            LayoutTableCell {TD} at (111,232) size 112x43 [border: (1px solid #005A8C)] [r=4 c=1 rs=1 cs=1]
              LayoutBlockFlow {DIV} at (2,2) size 109x20
                LayoutText {#text} at (0,0) size 16x19
                  text run at (0,0) width 16: "18"
              LayoutBlockFlow (anonymous) at (2,22) size 109x20
                LayoutBR {BR} at (0,0) size 0x19
            LayoutTableCell {TD} at (223,232) size 112x63 [border: (1px solid #005A8C)] [r=4 c=2 rs=1 cs=1]
              LayoutBlockFlow {DIV} at (2,2) size 109x20
                LayoutText {#text} at (0,0) size 16x19
                  text run at (0,0) width 16: "19"
              LayoutBlockFlow (anonymous) at (2,22) size 109x40
                LayoutText {#text} at (0,0) size 103x39
                  text run at (0,0) width 103: "End school term"
                  text run at (0,20) width 8: "4"
            LayoutTableCell {TD} at (335,232) size 112x43 [border: (1px solid #005A8C)] [r=4 c=3 rs=1 cs=1]
              LayoutBlockFlow {DIV} at (2,2) size 109x20
                LayoutText {#text} at (0,0) size 16x19
                  text run at (0,0) width 16: "20"
              LayoutBlockFlow (anonymous) at (2,22) size 109x20
                LayoutBR {BR} at (0,0) size 0x19
            LayoutTableCell {TD} at (447,232) size 112x43 [border: (1px solid #005A8C)] [r=4 c=4 rs=1 cs=1]
              LayoutBlockFlow {DIV} at (2,2) size 109x20
                LayoutText {#text} at (0,0) size 16x19
                  text run at (0,0) width 16: "21"
              LayoutBlockFlow (anonymous) at (2,22) size 109x20
                LayoutBR {BR} at (0,0) size 0x19
            LayoutTableCell {TD} at (559,232) size 112x43 [border: (1px solid #005A8C)] [r=4 c=5 rs=1 cs=1]
              LayoutBlockFlow {DIV} at (2,2) size 109x20
                LayoutText {#text} at (0,0) size 16x19
                  text run at (0,0) width 16: "22"
              LayoutBlockFlow {DIV} at (2,22) size 109x20
                LayoutText {#text} at (0,0) size 28x19
                  text run at (0,0) width 28: "8:06"
            LayoutTableCell {TD} at (671,232) size 112x63 [border: (1px solid #005A8C)] [r=4 c=6 rs=1 cs=1]
              LayoutBlockFlow {DIV} at (2,2) size 109x20
                LayoutText {#text} at (0,0) size 16x19
                  text run at (0,0) width 16: "23"
              LayoutBlockFlow (anonymous) at (2,22) size 109x40
                LayoutText {#text} at (0,0) size 72x39
                  text run at (0,0) width 63: "Christmas"
                  text run at (0,20) width 72: "programme"
                LayoutBR {BR} at (72,35) size 0x0
          LayoutTableRow {TR} at (0,295) size 783x43
            LayoutTableCell {TD} at (0,295) size 111x43 [border: (1px solid #005A8C)] [r=5 c=0 rs=1 cs=1]
              LayoutBlockFlow {DIV} at (2,2) size 108x20
                LayoutText {#text} at (0,0) size 16x19
                  text run at (0,0) width 16: "24"
              LayoutBlockFlow (anonymous) at (2,22) size 108x20
                LayoutBR {BR} at (0,0) size 0x19
            LayoutTableCell {TD} at (111,295) size 112x43 [border: (1px solid #005A8C)] [r=5 c=1 rs=1 cs=1]
              LayoutBlockFlow {DIV} at (2,2) size 109x20
                LayoutText {#text} at (0,0) size 16x19
                  text run at (0,0) width 16: "25"
              LayoutBlockFlow (anonymous) at (2,22) size 109x20
                LayoutText {#text} at (0,0) size 90x19
                  text run at (0,0) width 90: "Christmas day"
                LayoutBR {BR} at (90,15) size 0x0
            LayoutTableCell {TD} at (223,295) size 112x43 [border: (1px solid #005A8C)] [r=5 c=2 rs=1 cs=1]
              LayoutBlockFlow {DIV} at (2,2) size 109x20
                LayoutText {#text} at (0,0) size 16x19
                  text run at (0,0) width 16: "26"
              LayoutBlockFlow (anonymous) at (2,22) size 109x20
                LayoutText {#text} at (0,0) size 74x19
                  text run at (0,0) width 74: "Boxing day"
                LayoutBR {BR} at (74,15) size 0x0
            LayoutTableCell {TD} at (335,295) size 112x43 [border: (1px solid #005A8C)] [r=5 c=3 rs=1 cs=1]
              LayoutBlockFlow {DIV} at (2,2) size 109x20
                LayoutText {#text} at (0,0) size 16x19
                  text run at (0,0) width 16: "27"
              LayoutBlockFlow (anonymous) at (2,22) size 109x20
                LayoutBR {BR} at (0,0) size 0x19
            LayoutTableCell {TD} at (447,295) size 112x43 [border: (1px solid #005A8C)] [r=5 c=4 rs=1 cs=1]
              LayoutBlockFlow {DIV} at (2,2) size 109x20
                LayoutText {#text} at (0,0) size 16x19
                  text run at (0,0) width 16: "28"
              LayoutBlockFlow (anonymous) at (2,22) size 109x20
                LayoutBR {BR} at (0,0) size 0x19
            LayoutTableCell {TD} at (559,295) size 112x43 [border: (1px solid #005A8C)] [r=5 c=5 rs=1 cs=1]
              LayoutBlockFlow {DIV} at (2,2) size 109x20
                LayoutText {#text} at (0,0) size 16x19
                  text run at (0,0) width 16: "29"
              LayoutBlockFlow {DIV} at (2,22) size 109x20
                LayoutText {#text} at (0,0) size 28x19
                  text run at (0,0) width 28: "8:09"
            LayoutTableCell {TD} at (671,295) size 112x43 [border: (1px solid #005A8C)] [r=5 c=6 rs=1 cs=1]
              LayoutBlockFlow {DIV} at (2,2) size 109x20
                LayoutText {#text} at (0,0) size 16x19
                  text run at (0,0) width 16: "30"
              LayoutBlockFlow (anonymous) at (2,22) size 109x20
                LayoutText {#text} at (0,0) size 94x19
                  text run at (0,0) width 94: "David Holman"
                LayoutBR {BR} at (94,15) size 0x0
          LayoutTableRow {TR} at (0,338) size 783x43
            LayoutTableCell {TD} at (0,338) size 111x43 [border: (1px solid #005A8C)] [r=6 c=0 rs=1 cs=1]
              LayoutBlockFlow {DIV} at (2,2) size 108x20
                LayoutText {#text} at (0,0) size 16x19
                  text run at (0,0) width 16: "31"
              LayoutBlockFlow (anonymous) at (2,22) size 108x20
                LayoutBR {BR} at (0,0) size 0x19
            LayoutTableCell {TD} at (111,338) size 672x3 [border: (1px solid #005A8C)] [r=6 c=1 rs=1 cs=6]
