layer at (0,0) size 800x600
  LayoutView at (0,0) size 800x600
layer at (0,0) size 800x600
  LayoutBlockFlow {HTML} at (0,0) size 800x600
    LayoutBlockFlow {BODY} at (8,8) size 784x584 [bgcolor=#FFFFFF]
      LayoutTable {TABLE} at (0,0) size 360x100 [border: (1px outset #808080)]
        LayoutTableSection {TBODY} at (1,1) size 358x98
          LayoutTableRow {TR} at (0,2) size 358x94
            LayoutTableCell {TD} at (2,2) size 354x94 [border: (1px inset #808080)] [r=0 c=0 rs=1 cs=1]
              LayoutTable {TABLE} at (2,2) size 350x90 [bgcolor=#FFCC99] [border: (1px outset #808080)]
                LayoutTableSection {TBODY} at (1,1) size 348x88
                  LayoutTableRow {TR} at (0,2) size 348x84
                    LayoutTableCell {TD} at (2,16) size 248x56 [border: (1px inset #808080)] [r=0 c=0 rs=1 cs=2]
                      LayoutInline {B} at (0,0) size 100x19
                        LayoutText {#text} at (2,2) size 100x19
                          text run at (2,2) width 100: "Contact MPG:"
                      LayoutText {#text} at (102,2) size 4x19
                        text run at (102,2) width 4: " "
                      LayoutBR {BR} at (0,0) size 0x0
                      LayoutInline {FONT} at (0,0) size 239x31
                        LayoutInline {B} at (0,0) size 149x15
                          LayoutInline {A} at (0,0) size 149x15 [color=#551A8B]
                            LayoutText {#text} at (2,22) size 149x15
                              text run at (2,22) width 33: "Click "
                              text run at (35,22) width 116: "here to email full list"
                        LayoutText {#text} at (150,22) size 74x15
                          text run at (150,22) width 74: ", or copy this "
                        LayoutInline {A} at (0,0) size 239x31 [color=#551A8B]
                          LayoutText {#text} at (223,22) size 239x31
                            text run at (223,22) width 18: "list"
                            text run at (2,38) width 65: "of addresses"
                        LayoutText {#text} at (67,38) size 40x15
                          text run at (67,38) width 40: ".  View "
                        LayoutInline {A} at (0,0) size 84x15 [color=#551A8B]
                          LayoutText {#text} at (106,38) size 84x15
                            text run at (106,38) width 84: "Who is in MPG"
                        LayoutText {#text} at (189,38) size 4x15
                          text run at (189,38) width 4: "."
                      LayoutText {#text} at (0,0) size 0x0
                    LayoutTableCell {TD} at (252,2) size 94x84 [border: (1px inset #808080)] [r=0 c=2 rs=1 cs=1]
                      LayoutInline {B} at (0,0) size 84x19
                        LayoutText {#text} at (2,2) size 84x19
                          text run at (2,2) width 84: "MPG Rules:"
                      LayoutText {#text} at (86,2) size 4x19
                        text run at (86,2) width 4: " "
                      LayoutBR {BR} at (0,0) size 0x0
                      LayoutText {#text} at (2,22) size 58x59
                        text run at (2,22) width 58: "Not at all"
                        text run at (2,42) width 44: "serious"
                        text run at (2,62) width 49: "bylaws."
