layer at (0,0) size 800x600 scrollWidth 942
  LayoutView at (0,0) size 800x600
layer at (0,0) size 800x600
  LayoutBlockFlow {HTML} at (0,0) size 800x600
    LayoutBlockFlow {BODY} at (0,0) size 800x600 [color=#FFFF00] [bgcolor=#000000]
      LayoutBlockFlow {P} at (40,40) size 720x20
        LayoutInline {B} at (0,0) size 285x19
          LayoutText {#text} at (0,0) size 285x19
            text run at (0,0) width 285: "All cell borders should look the same."
      LayoutTable {TABLE} at (40,76) size 902x196 [border: (1px outset #808080)]
        LayoutTableCol {COLGROUP} at (0,0) size 0x0
          LayoutTableCol {COL} at (0,0) size 0x0
        LayoutTableSection {TBODY} at (1,1) size 900x194
          LayoutTableRow {TR} at (0,0) size 900x21
            LayoutTableCell {TD} at (0,0) size 900x21 [color=#00FF00] [bgcolor=#000000] [border: (1px inset #808080)] [r=0 c=0 rs=1 cs=3]
              LayoutBlockFlow {P} at (1,1) size 898x19
                LayoutText {#text} at (376,0) size 146x18
                  text run at (376,0) width 146: "look at cell borders..."
          LayoutTableRow {TR} at (0,21) size 900x173
            LayoutTableCell {TD} at (0,154) size 300x40 [color=#00FF00] [bgcolor=#000000] [border: (1px inset #808080)] [r=1 c=0 rs=1 cs=1]
              LayoutBlockFlow {P} at (1,1) size 298x38
                LayoutText {#text} at (126,0) size 46x18
                  text run at (126,0) width 46: "border"
                LayoutBR {BR} at (172,15) size 0x0
                LayoutText {#text} at (120,19) size 58x18
                  text run at (120,19) width 58: "bottom?"
            LayoutTableCell {TD} at (300,21) size 300x173 [color=#00FF00] [bgcolor=#000000] [border: (1px inset #808080)] [r=1 c=1 rs=1 cs=1]
              LayoutBlockFlow {P} at (1,1) size 298x171
                LayoutText {#text} at (122,0) size 54x18
                  text run at (122,0) width 54: "this cell"
                LayoutBR {BR} at (176,15) size 0x0
                LayoutText {#text} at (126,19) size 46x18
                  text run at (126,19) width 46: "border"
                LayoutBR {BR} at (172,34) size 0x0
                LayoutText {#text} at (136,38) size 26x18
                  text run at (136,38) width 26: "fine"
                LayoutBR {BR} at (162,53) size 0x0
                LayoutText {#text} at (122,57) size 54x18
                  text run at (122,57) width 54: "this cell"
                LayoutBR {BR} at (176,72) size 0x0
                LayoutText {#text} at (126,76) size 46x18
                  text run at (126,76) width 46: "border"
                LayoutBR {BR} at (172,91) size 0x0
                LayoutText {#text} at (136,95) size 26x18
                  text run at (136,95) width 26: "fine"
                LayoutBR {BR} at (162,110) size 0x0
                LayoutText {#text} at (122,114) size 54x18
                  text run at (122,114) width 54: "this cell"
                LayoutBR {BR} at (176,129) size 0x0
                LayoutText {#text} at (126,133) size 46x18
                  text run at (126,133) width 46: "border"
                LayoutBR {BR} at (172,148) size 0x0
                LayoutText {#text} at (136,152) size 26x18
                  text run at (136,152) width 26: "fine"
            LayoutTableCell {TD} at (600,21) size 300x173 [color=#00FF00] [bgcolor=#000000] [border: (1px inset #808080)] [r=1 c=2 rs=1 cs=1]
              LayoutBlockFlow {P} at (1,1) size 298x171
                LayoutText {#text} at (122,0) size 54x18
                  text run at (122,0) width 54: "this cell"
                LayoutBR {BR} at (176,15) size 0x0
                LayoutText {#text} at (126,19) size 46x18
                  text run at (126,19) width 46: "border"
                LayoutBR {BR} at (172,34) size 0x0
                LayoutText {#text} at (136,38) size 26x18
                  text run at (136,38) width 26: "fine"
                LayoutBR {BR} at (162,53) size 0x0
                LayoutText {#text} at (122,57) size 54x18
                  text run at (122,57) width 54: "this cell"
                LayoutBR {BR} at (176,72) size 0x0
                LayoutText {#text} at (126,76) size 46x18
                  text run at (126,76) width 46: "border"
                LayoutBR {BR} at (172,91) size 0x0
                LayoutText {#text} at (136,95) size 26x18
                  text run at (136,95) width 26: "fine"
                LayoutBR {BR} at (162,110) size 0x0
                LayoutText {#text} at (122,114) size 54x18
                  text run at (122,114) width 54: "this cell"
                LayoutBR {BR} at (176,129) size 0x0
                LayoutText {#text} at (126,133) size 46x18
                  text run at (126,133) width 46: "border"
                LayoutBR {BR} at (172,148) size 0x0
                LayoutText {#text} at (136,152) size 26x18
                  text run at (136,152) width 26: "fine"
