layer at (0,0) size 800x600
  LayoutView at (0,0) size 800x600
layer at (0,0) size 800x600
  LayoutBlockFlow {HTML} at (0,0) size 800x600
    LayoutBlockFlow {BODY} at (8,8) size 784x576
      LayoutBlockFlow (anonymous) at (0,0) size 784x20
        LayoutText {#text} at (0,0) size 264x19
          text run at (0,0) width 264: "The select should not contain blank items "
        LayoutBR {BR} at (264,15) size 0x0
      LayoutBlockFlow {FORM} at (0,20) size 784x22
        LayoutInline {B} at (0,0) size 47x19
          LayoutText {#text} at (0,1) size 47x19
            text run at (0,1) width 47: "Search"
        LayoutText {#text} at (46,1) size 5x19
          text run at (46,1) width 5: " "
        LayoutTextControl {INPUT} at (50.70,0) size 142x22 [bgcolor=#FFFFFF] [border: (2px inset #EEEEEE)]
        LayoutText {#text} at (192,1) size 5x19
          text run at (192,1) width 5: " "
        LayoutMenuList {SELECT} at (196.70,1) size 72x20 [bgcolor=#C0C0C0] [border: (1px solid #A9A9A9)]
          LayoutBlockFlow (anonymous) at (1,1) size 70x18
            LayoutText (anonymous) at (4,1) size 37x16
              text run at (4,1) width 37: "Excite"
        LayoutText {#text} at (0,0) size 0x0
      LayoutBlockFlow (anonymous) at (0,58) size 784x40
        LayoutBR {BR} at (0,0) size 0x19
        LayoutText {#text} at (0,20) size 264x19
          text run at (0,20) width 264: "The select should not contain blank items "
        LayoutBR {BR} at (264,35) size 0x0
      LayoutBlockFlow {FORM} at (0,98) size 784x20
        LayoutMenuList {SELECT} at (0,0) size 250x20 [bgcolor=#C0C0C0] [border: (1px solid #A9A9A9)]
          LayoutBlockFlow (anonymous) at (1,1) size 248x18
            LayoutText (anonymous) at (4,1) size 62x16
              text run at (4,1) width 62: "Quick Link"
layer at (61,31) size 138x16
  LayoutBlockFlow {DIV} at (2,3) size 138x16
