layer at (0,0) size 800x600
  LayoutView at (0,0) size 800x600
layer at (0,0) size 800x600
  LayoutBlockFlow {HTML} at (0,0) size 800x600
    LayoutBlockFlow {BODY} at (8,8) size 784x584
      LayoutTable {TABLE} at (0,0) size 640x120 [border: (1px outset #808080)]
        LayoutTableSection {TBODY} at (1,1) size 638x118
          LayoutTableRow {TR} at (0,2) size 638x114
            LayoutTableCell {TD} at (2,2) size 322x114 [border: (1px inset #808080)] [r=0 c=0 rs=1 cs=1]
              LayoutTable {TABLE} at (2,2) size 300x110 [border: (1px outset #808080)]
                LayoutTableSection {TBODY} at (1,1) size 298x108
                  LayoutTableRow {TR} at (0,2) size 298x104
                    LayoutTableCell {TD} at (2,2) size 294x104 [border: (1px inset #808080)] [r=0 c=0 rs=1 cs=2]
                      LayoutText {#text} at (2,2) size 275x99
                        text run at (2,2) width 247: "Welcome to PlanDepot.com, the fastest"
                        text run at (2,22) width 136: "growing resource for "
                        text run at (138,22) width 135: "Construction Data on"
                        text run at (2,42) width 275: "the Internet! We offer an extensive database"
                        text run at (2,62) width 268: "of construction bid opportunities, currently"
                        text run at (2,82) width 59: "covering "
                        text run at (61,82) width 59: "13 states!"
            LayoutTableCell {TD} at (326,2) size 310x24 [border: (1px inset #808080)] [r=0 c=1 rs=1 cs=1]
              LayoutText {#text} at (2,2) size 207x19
                text run at (2,2) width 207: "Expanded Geographic Coverage"
