layer at (0,0) size 800x600
  LayoutView at (0,0) size 800x600
layer at (0,0) size 800x600
  LayoutBlockFlow {HTML} at (0,0) size 800x600
    LayoutBlockFlow {BODY} at (8,8) size 784x584
      LayoutBlockFlow (anonymous) at (0,0) size 784x0
        LayoutInline {FONT} at (0,0) size 0x0
      LayoutTable {TABLE} at (0,0) size 116x50 [border: (1px outset #808080)]
        LayoutBlockFlow {CAPTION} at (0,0) size 116x20
          LayoutText {#text} at (34,0) size 48x19
            text run at (34,0) width 48: "TEST1"
        LayoutTableSection {TBODY} at (1,21) size 114x28
          LayoutTableRow {TR} at (0,2) size 114x24
            LayoutTableCell {TD} at (2,2) size 110x24 [border: (1px inset #808080)] [r=0 c=0 rs=1 cs=1]
              LayoutText {#text} at (2,2) size 106x19
                text run at (2,2) width 106: "TABLE TEXT1"
      LayoutBlockFlow (anonymous) at (0,50) size 784x20
        LayoutInline {FONT} at (0,0) size 47x19
          LayoutText {#text} at (0,0) size 47x19
            text run at (0,0) width 47: "TEST2"
      LayoutTable {TABLE} at (0,70) size 116x30 [border: (1px outset #808080)]
        LayoutTableSection {TBODY} at (1,1) size 114x28
          LayoutTableRow {TR} at (0,2) size 114x24
            LayoutTableCell {TD} at (2,2) size 110x24 [border: (1px inset #808080)] [r=0 c=0 rs=1 cs=1]
              LayoutText {#text} at (2,2) size 106x19
                text run at (2,2) width 106: "TABLE TEXT2"
      LayoutTable {TABLE} at (0,100) size 116x50 [border: (1px outset #808080)]
        LayoutBlockFlow {CAPTION} at (0,0) size 116x20
          LayoutText {#text} at (34,0) size 48x19
            text run at (34,0) width 48: "TEST3"
        LayoutTableSection {TBODY} at (1,21) size 114x28
          LayoutTableRow {TR} at (0,2) size 114x24
            LayoutTableCell {TD} at (2,2) size 110x24 [border: (1px inset #808080)] [r=0 c=0 rs=1 cs=1]
              LayoutText {#text} at (2,2) size 106x19
                text run at (2,2) width 106: "TABLE TEXT3"
