layer at (0,0) size 800x600
  LayoutView at (0,0) size 800x600
layer at (0,0) size 800x600
  LayoutBlockFlow {HTML} at (0,0) size 800x600
    LayoutBlockFlow {BODY} at (8,8) size 784x584
      LayoutTable {TABLE} at (0,0) size 784x117 [bgcolor=#00FFFF] [border: (1px outset #808080)]
        LayoutTableSection {TBODY} at (1,1) size 782x115
          LayoutTableRow {TR} at (0,2) size 782x111
            LayoutTableCell {TD} at (2,2) size 454x111 [border: (1px inset #808080)] [r=0 c=0 rs=1 cs=1]
              LayoutTable {TABLE} at (2,2) size 450x107 [bgcolor=#FF00FF] [border: (1px outset #808080)]
                LayoutTableSection {TBODY} at (1,1) size 448x105
                  LayoutTableRow {TR} at (0,2) size 448x101
                    LayoutTableCell {TD} at (2,2) size 444x101 [border: (1px inset #808080)] [r=0 c=0 rs=1 cs=1]
                      LayoutText {#text} at (2,2) size 200x19
                        text run at (2,2) width 200: "Mozilla To Be Dually-Licensed"
                      LayoutBR {BR} at (201,17) size 1x0
                      LayoutText {#text} at (2,35) size 205x19
                        text run at (2,35) width 205: "Plans are underway to make the "
                      LayoutInline {FONT} at (0,0) size 99x36 [color=#0000FF]
                        LayoutText {#text} at (207,22) size 99x36
                          text run at (207,22) width 99: "Mozilla"
                      LayoutText {#text} at (306,35) size 438x63
                        text run at (306,35) width 134: " code available under"
                        text run at (2,59) width 11: "a "
                        text run at (13,59) width 154: "dual MPL/GPL license. "
                        text run at (167,59) width 240: "See the for more info. We're gathering"
                        text run at (2,79) width 257: "contributor input now, in the newsgroup."
                      LayoutBR {BR} at (258,94) size 1x0
            LayoutTableCell {TD} at (458,25) size 322x64 [border: (1px inset #808080)] [r=0 c=1 rs=1 cs=1]
              LayoutText {#text} at (2,2) size 316x59
                text run at (2,2) width 266: "This status update contains information on"
                text run at (2,22) width 316: "MailNews, XML/DOM, XPToolkit, Architecture,"
                text run at (2,42) width 201: "Bidi, Necko/Imglib, and more..."
      LayoutBlockFlow (anonymous) at (0,117) size 784x42
        LayoutBR {BR} at (0,0) size 0x19
        LayoutButton {INPUT} at (0,20) size 56x22 [bgcolor=#C0C0C0] [border: (2px outset #C0C0C0)]
          LayoutBlockFlow (anonymous) at (8,3) size 40x16
            LayoutText {#text} at (0,0) size 40x16
              text run at (0,0) width 40: "Reload"
        LayoutText {#text} at (56,21) size 8x19
          text run at (56,21) width 8: "  "
        LayoutButton {INPUT} at (64,20) size 90x22 [bgcolor=#C0C0C0] [border: (2px outset #C0C0C0)]
          LayoutBlockFlow (anonymous) at (8,3) size 74x16
            LayoutText {#text} at (0,0) size 74x16
              text run at (0,0) width 74: "Change Font"
        LayoutText {#text} at (154,21) size 8x19
          text run at (154,21) width 8: "  "
        LayoutTextControl {INPUT} at (162,20) size 154x22 [bgcolor=#FFFFFF] [border: (2px inset #EEEEEE)]
        LayoutText {#text} at (0,0) size 0x0
layer at (172,148) size 150x16
  LayoutBlockFlow {DIV} at (2,3) size 150x16
    LayoutText {#text} at (0,0) size 7x16
      text run at (0,0) width 7: "6"
