layer at (0,0) size 800x600
  LayoutView at (0,0) size 800x600
layer at (0,0) size 800x600
  LayoutBlockFlow {HTML} at (0,0) size 800x600
    LayoutBlockFlow {BODY} at (8,8) size 784x584
      LayoutTable {TABLE} at (0,0) size 211x94 [bgcolor=#FF0000] [border: (1px outset #808080)]
        LayoutTableCol {COLGROUP} at (0,0) size 0x0 [bgcolor=#FFFF00]
          LayoutTableCol {COL} at (0,0) size 0x0 [bgcolor=#C0C0C0]
          LayoutTableCol {COL} at (0,0) size 0x0
        LayoutTableCol {COLGROUP} at (0,0) size 0x0
        LayoutTableSection {TBODY} at (1,1) size 209x63 [bgcolor=#00FFFF]
          LayoutTableRow {TR} at (0,5) size 209x24 [bgcolor=#0000FF]
            LayoutTableCell {TD} at (5,5) size 46x24 [bgcolor=#008000] [border: (1px inset #808080)] [r=0 c=0 rs=1 cs=1]
              LayoutText {#text} at (2,2) size 42x19
                text run at (2,2) width 42: "Cell A"
            LayoutTableCell {TD} at (56,5) size 45x24 [border: (1px inset #808080)] [r=0 c=1 rs=1 cs=1]
              LayoutText {#text} at (2,2) size 41x19
                text run at (2,2) width 41: "Cell B"
            LayoutTableCell {TH} at (106,5) size 47x24 [border: (1px inset #808080)] [r=0 c=2 rs=1 cs=1]
              LayoutText {#text} at (2,2) size 43x19
                text run at (2,2) width 43: "Cell C"
            LayoutTableCell {TD} at (158,5) size 46x24 [border: (1px inset #808080)] [r=0 c=3 rs=1 cs=1]
              LayoutText {#text} at (2,2) size 42x19
                text run at (2,2) width 42: "Cell D"
          LayoutTableRow {TR} at (0,34) size 209x24
            LayoutTableCell {TD} at (5,34) size 46x24 [border: (1px inset #808080)] [r=1 c=0 rs=1 cs=1]
              LayoutText {#text} at (2,2) size 40x19
                text run at (2,2) width 40: "Cell E"
            LayoutTableCell {TD} at (56,34) size 45x24 [border: (1px inset #808080)] [r=1 c=1 rs=1 cs=1]
              LayoutText {#text} at (2,2) size 39x19
                text run at (2,2) width 39: "Cell F"
            LayoutTableCell {TD} at (106,34) size 47x24 [border: (1px inset #808080)] [r=1 c=2 rs=1 cs=1]
              LayoutText {#text} at (2,2) size 42x19
                text run at (2,2) width 42: "Cell G"
            LayoutTableCell {TD} at (158,34) size 46x24 [border: (1px inset #808080)] [r=1 c=3 rs=1 cs=1]
              LayoutText {#text} at (2,2) size 42x19
                text run at (2,2) width 42: "Cell H"
        LayoutTableSection {TBODY} at (1,64) size 209x29
          LayoutTableRow {TR} at (0,0) size 209x24
            LayoutTableCell {TD} at (5,0) size 46x24 [border: (1px inset #808080)] [r=0 c=0 rs=1 cs=1]
              LayoutText {#text} at (2,2) size 35x19
                text run at (2,2) width 35: "Cell I"
            LayoutTableCell {TD} at (56,0) size 45x24 [border: (1px inset #808080)] [r=0 c=1 rs=1 cs=1]
              LayoutText {#text} at (2,2) size 36x19
                text run at (2,2) width 36: "Cell J"
            LayoutTableCell {TD} at (106,0) size 47x24 [border: (1px inset #808080)] [r=0 c=2 rs=1 cs=1]
              LayoutText {#text} at (2,2) size 42x19
                text run at (2,2) width 42: "Cell K"
            LayoutTableCell {TD} at (158,0) size 46x24 [border: (1px inset #808080)] [r=0 c=3 rs=1 cs=1]
              LayoutText {#text} at (2,2) size 40x19
                text run at (2,2) width 40: "Cell L"
