layer at (0,0) size 800x600 clip at (0,0) size 785x600 scrollHeight 660
  LayoutView at (0,0) size 800x600
layer at (0,0) size 785x660 backgroundClip at (0,0) size 785x600 clip at (0,0) size 785x600
  LayoutBlockFlow {HTML} at (0,0) size 785x660.16
    LayoutBlockFlow {BODY} at (8,8) size 769x644.16 [bgcolor=#FFFFFF]
      LayoutBlockFlow {H2} at (0,0) size 769x27
        LayoutText {#text} at (0,0) size 65x26
          text run at (0,0) width 65: "Test A"
      LayoutBlockFlow {DIV} at (0,46.91) size 769x66 [color=#008000]
        LayoutTable {TABLE} at (0,0) size 280x66 [color=#000000] [border: (10px solid #000000)]
          LayoutTableSection {TBODY} at (10,10) size 260x46
            LayoutTableRow {TR} at (0,2) size 260x42 [color=#0000FF]
              LayoutTableCell {TD} at (2,2) size 54x42 [border: (10px solid #0000FF)] [r=0 c=0 rs=1 cs=1]
                LayoutText {#text} at (11,11) size 32x19
                  text run at (11,11) width 32: "Field"
              LayoutTableCell {TD} at (58,2) size 200x42 [border: (10px solid #0000FF)] [r=0 c=1 rs=1 cs=1]
                LayoutText {#text} at (11,11) size 178x19
                  text run at (11,11) width 178: "Records for Cropping Years"
      LayoutBlockFlow {H2} at (0,132.81) size 769x27
        LayoutText {#text} at (0,0) size 64x26
          text run at (0,0) width 64: "Test B"
      LayoutTable {TABLE} at (0,179.72) size 280x66 [border: (10px solid #000000)]
        LayoutTableSection {TBODY} at (10,10) size 260x46
          LayoutTableRow {TR} at (0,2) size 260x42 [color=#0000FF]
            LayoutTableCell {TD} at (2,2) size 54x42 [border: (10px solid #0000FF)] [r=0 c=0 rs=1 cs=1]
              LayoutText {#text} at (11,11) size 32x19
                text run at (11,11) width 32: "Field"
            LayoutTableCell {TD} at (58,2) size 200x42 [border: (10px solid #0000FF)] [r=0 c=1 rs=1 cs=1]
              LayoutText {#text} at (11,11) size 178x19
                text run at (11,11) width 178: "Records for Cropping Years"
      LayoutBlockFlow {H2} at (0,265.63) size 769x27
        LayoutText {#text} at (0,0) size 65x26
          text run at (0,0) width 65: "Test C"
      LayoutTable {TABLE} at (0,312.53) size 280x66 [color=#0000FF] [border: (10px solid #0000FF)]
        LayoutTableSection {TBODY} at (10,10) size 260x46
          LayoutTableRow {TR} at (0,2) size 260x42
            LayoutTableCell {TD} at (2,2) size 54x42 [border: (10px solid #0000FF)] [r=0 c=0 rs=1 cs=1]
              LayoutText {#text} at (11,11) size 32x19
                text run at (11,11) width 32: "Field"
            LayoutTableCell {TD} at (58,2) size 200x42 [border: (10px solid #0000FF)] [r=0 c=1 rs=1 cs=1]
              LayoutText {#text} at (11,11) size 178x19
                text run at (11,11) width 178: "Records for Cropping Years"
      LayoutBlockFlow {H2} at (0,398.44) size 769x27
        LayoutText {#text} at (0,0) size 65x26
          text run at (0,0) width 65: "Test D"
      LayoutTable {TABLE} at (0,445.34) size 280x66 [color=#0000FF] [border: (10px solid #0000FF)]
        LayoutTableSection {TBODY} at (10,10) size 260x46
          LayoutTableRow {TR} at (0,2) size 260x42
            LayoutTableCell {TD} at (2,2) size 54x42 [border: (10px solid #0000FF)] [r=0 c=0 rs=1 cs=1]
              LayoutText {#text} at (11,11) size 32x19
                text run at (11,11) width 32: "Field"
            LayoutTableCell {TD} at (58,2) size 200x42 [border: (10px solid #0000FF)] [r=0 c=1 rs=1 cs=1]
              LayoutText {#text} at (11,11) size 178x19
                text run at (11,11) width 178: "Records for Cropping Years"
      LayoutBlockFlow {H2} at (0,531.25) size 769x27
        LayoutText {#text} at (0,0) size 64x26
          text run at (0,0) width 64: "Test E"
      LayoutTable {TABLE} at (0,578.16) size 280x66 [color=#0000FF] [border: (10px solid #0000FF)]
        LayoutTableSection {TBODY} at (10,10) size 260x46
          LayoutTableRow {TR} at (0,2) size 260x42
            LayoutTableCell {TD} at (2,2) size 54x42 [border: (10px solid #0000FF)] [r=0 c=0 rs=1 cs=1]
              LayoutText {#text} at (11,11) size 32x19
                text run at (11,11) width 32: "Field"
            LayoutTableCell {TD} at (58,2) size 200x42 [border: (10px solid #0000FF)] [r=0 c=1 rs=1 cs=1]
              LayoutText {#text} at (11,11) size 178x19
                text run at (11,11) width 178: "Records for Cropping Years"
