layer at (0,0) size 800x600
  LayoutView at (0,0) size 800x600
layer at (0,0) size 800x72
  LayoutBlockFlow {HTML} at (0,0) size 800x72
    LayoutBlockFlow {BODY} at (8,8) size 784x56
      LayoutTable {TABLE} at (0,0) size 716x56 [border: (1px outset #808080)]
        LayoutTableSection {TBODY} at (1,1) size 714x54
          LayoutTableRow {TR} at (0,2) size 714x24
            LayoutTableCell {TD} at (2,2) size 176x24 [border: (1px inset #808080)] [r=0 c=0 rs=1 cs=1]
              LayoutText {#text} at (2,2) size 8x19
                text run at (2,2) width 8: "1"
            LayoutTableCell {TD} at (180,2) size 530x24 [border: (1px inset #808080)] [r=0 c=1 rs=1 cs=1]
              LayoutText {#text} at (2,2) size 420x19
                text run at (2,2) width 420: "HelloHelloHelloHelloHelloHelloHelloHelloHelloHelloHelloHello"
          LayoutTableRow {TR} at (0,28) size 714x24
            LayoutTableCell {TD} at (2,28) size 710x24 [border: (1px inset #808080)] [r=1 c=0 rs=1 cs=3]
              LayoutText {#text} at (2,2) size 8x19
                text run at (2,2) width 8: "3"
