layer at (0,0) size 800x600
  LayoutView at (0,0) size 800x600
layer at (0,0) size 800x600
  LayoutBlockFlow {HTML} at (0,0) size 800x600
    LayoutBlockFlow {BODY} at (8,8) size 784x584
      LayoutTable {TABLE} at (0,0) size 287x138 [border: (1px outset #808080)]
        LayoutTableSection {TBODY} at (1,1) size 285x136
          LayoutTableRow {TR} at (0,2) size 285x132
            LayoutTableCell {TD} at (2,2) size 204x132 [border: (1px inset #808080)] [r=0 c=0 rs=1 cs=1]
              LayoutTable {TABLE} at (2,2) size 200x128 [border: (10px outset #808080)]
                LayoutTableSection {TBODY} at (10,10) size 180x108
                  LayoutTableRow {TR} at (0,2) size 180x104
                    LayoutTableCell {TD} at (2,32) size 44x44 [border: (1px inset #808080)] [r=0 c=0 rs=1 cs=1]
                      LayoutImage {IMG} at (2,2) size 40x40
                    LayoutTableCell {TD} at (48,2) size 130x104 [border: (1px inset #808080)] [r=0 c=1 rs=1 cs=1]
                      LayoutText {#text} at (2,2) size 108x99
                        text run at (2,2) width 108: "xxx xxx xxx xxx"
                        text run at (2,22) width 108: "xxx xxx xxx xxx"
                        text run at (2,42) width 108: "xxx xxx xxx xxx"
                        text run at (2,62) width 108: "xxx xxx xxx xxx"
                        text run at (2,82) width 108: "xxx xxx xxx xxx"
            LayoutTableCell {TD} at (208,56) size 75x24 [border: (1px inset #808080)] [r=0 c=1 rs=1 cs=1]
              LayoutText {#text} at (2,2) size 71x19
                text run at (2,2) width 71: "row2, cell2"
