layer at (0,0) size 800x600
  LayoutView at (0,0) size 800x600
layer at (0,0) size 800x600
  LayoutBlockFlow {HTML} at (0,0) size 800x600
    LayoutBlockFlow {BODY} at (8,8) size 784x576
      LayoutBlockFlow (anonymous) at (0,0) size 784x20
        LayoutText {#text} at (0,0) size 240x19
          text run at (0,0) width 240: "The tables left position should be 250."
      LayoutBlockFlow {P} at (0,36) size 784x22
        LayoutText {#text} at (0,1) size 34x19
          text run at (0,1) width 34: "Left: "
        LayoutTextControl {INPUT} at (34,0) size 154x22 [bgcolor=#FFFFFF] [border: (2px inset #EEEEEE)]
      LayoutBlockFlow {P} at (0,74) size 784x22
        LayoutText {#text} at (0,1) size 33x19
          text run at (0,1) width 33: "Top: "
        LayoutTextControl {INPUT} at (32.88,0) size 154x22 [bgcolor=#FFFFFF] [border: (2px inset #EEEEEE)]
      LayoutBlockFlow {P} at (0,112) size 784x22
        LayoutButton {INPUT} at (0,0) size 48x22 [bgcolor=#C0C0C0] [border: (2px outset #C0C0C0)]
          LayoutBlockFlow (anonymous) at (8,3) size 32x16
            LayoutText {#text} at (0,0) size 32x16
              text run at (0,0) width 32: "Move"
layer at (44,47) size 150x16
  LayoutBlockFlow {DIV} at (2,3) size 150x16
    LayoutText {#text} at (0,0) size 35x16
      text run at (0,0) width 35: "120px"
layer at (43,85) size 150x16
  LayoutBlockFlow {DIV} at (2,3) size 150x16
    LayoutText {#text} at (0,0) size 35x16
      text run at (0,0) width 35: "120px"
layer at (250,120) size 29x52
  LayoutTable (positioned) {TABLE} at (250,120) size 29x52 [border: (1px outset #808080)]
    LayoutTableSection {TBODY} at (1,1) size 27x50
      LayoutTableRow {TR} at (0,2) size 27x22
        LayoutTableCell {TD} at (2,2) size 23x22 [border: (1px inset #808080)] [r=0 c=0 rs=1 cs=1]
          LayoutText {#text} at (1,1) size 21x19
            text run at (1,1) width 21: "foo"
      LayoutTableRow {TR} at (0,26) size 27x22
        LayoutTableCell {TD} at (2,26) size 23x22 [border: (1px inset #808080)] [r=1 c=0 rs=1 cs=1]
          LayoutText {#text} at (1,1) size 20x19
            text run at (1,1) width 20: "bar"
