layer at (0,0) size 800x600
  LayoutView at (0,0) size 800x600
layer at (0,0) size 800x600
  LayoutBlockFlow {HTML} at (0,0) size 800x600
    LayoutBlockFlow {BODY} at (8,8) size 784x584
      LayoutTable {TABLE} at (0,0) size 91x56 [border: (1px outset #808080)]
        LayoutTableSection {THEAD} at (1,1) size 89x28
          LayoutTableRow {TR} at (0,2) size 89x24
            LayoutTableCell {TH} at (2,2) size 85x24 [border: (1px inset #808080)] [r=0 c=0 rs=1 cs=1]
              LayoutText {#text} at (2,2) size 81x19
                text run at (2,2) width 81: "inside thead"
        LayoutTableSection {TBODY} at (1,29) size 89x26
          LayoutTableRow {TR} at (0,0) size 89x24
            LayoutTableCell {TD} at (2,0) size 85x24 [border: (1px inset #808080)] [r=0 c=0 rs=1 cs=1]
              LayoutText {#text} at (2,2) size 77x19
                text run at (2,2) width 77: "inside tbody"
