layer at (0,0) size 800x600
  LayoutView at (0,0) size 800x600
layer at (0,0) size 800x600
  LayoutBlockFlow {HTML} at (0,0) size 800x600
    LayoutBlockFlow {BODY} at (8,8) size 784x584 [bgcolor=#FFFFFF]
      LayoutBlockFlow {P} at (0,0) size 784x40
        LayoutText {#text} at (0,0) size 251x19
          text run at (0,0) width 251: "The table below is inside a div tag with "
        LayoutInline {B} at (0,0) size 56x19
          LayoutText {#text} at (251,0) size 56x19
            text run at (251,0) width 56: "absolute"
        LayoutText {#text} at (307,0) size 771x39
          text run at (307,0) width 151: " positioning for top and "
          text run at (458,0) width 138: "left but not for width. "
          text run at (596,0) width 175: "The table should push it out"
          text run at (0,20) width 309: "to 100% but it doesn't. Instead the layer collapses"
      LayoutBlockFlow {P} at (0,56) size 784x80
        LayoutBR {BR} at (0,0) size 0x19
        LayoutBR {BR} at (0,20) size 0x19
        LayoutBR {BR} at (0,40) size 0x19
        LayoutBR {BR} at (0,60) size 0x19
      LayoutBlockFlow {P} at (0,152) size 784x40
        LayoutText {#text} at (0,0) size 260x19
          text run at (0,0) width 260: "The next table is inside a div tag set with "
        LayoutInline {B} at (0,0) size 50x19
          LayoutText {#text} at (260,0) size 50x19
            text run at (260,0) width 50: "relative"
        LayoutText {#text} at (309,0) size 83x19
          text run at (309,0) width 83: " positioning. "
        LayoutBR {BR} at (391,15) size 1x0
        LayoutText {#text} at (0,20) size 140x19
          text run at (0,20) width 140: "No width has been set"
layer at (8,70) size 139x30
  LayoutBlockFlow (positioned) {DIV} at (8,70) size 139x30 [bgcolor=#CCFFCC]
    LayoutTable {TABLE} at (0,0) size 139x30 [border: (1px outset #808080)]
      LayoutTableSection {TBODY} at (1,1) size 137x28
        LayoutTableRow {TR} at (0,2) size 137x24
          LayoutTableCell {TD} at (2,2) size 133x24 [border: (1px inset #808080)] [r=0 c=0 rs=1 cs=1]
            LayoutText {#text} at (2,2) size 129x19
              text run at (2,2) width 129: "Table width = 100%"
layer at (8,216) size 784x30
  LayoutBlockFlow (relative positioned) {DIV} at (0,208) size 784x30 [bgcolor=#CC0066]
    LayoutTable {TABLE} at (0,0) size 784x30 [border: (1px outset #808080)]
      LayoutTableSection {TBODY} at (1,1) size 782x28
        LayoutTableRow {TR} at (0,2) size 782x24
          LayoutTableCell {TD} at (2,2) size 778x24 [border: (1px inset #808080)] [r=0 c=0 rs=1 cs=1]
            LayoutText {#text} at (2,2) size 129x19
              text run at (2,2) width 129: "Table width = 100%"
