layer at (0,0) size 800x600
  LayoutView at (0,0) size 800x600
layer at (0,0) size 800x600
  LayoutBlockFlow {HTML} at (0,0) size 800x600
    LayoutBlockFlow {BODY} at (8,8) size 784x584
      LayoutTable {TABLE} at (0,0) size 221x54 [border: (3px outset #808080)]
        LayoutTableSection {TBODY} at (3,3) size 215x48
          LayoutTableRow {TR} at (0,2) size 215x44
            LayoutTableCell {TD} at (2,2) size 211x44 [border: (1px inset #808080)] [r=0 c=0 rs=1 cs=1]
              LayoutImage (floating) {IMG} at (2,2) size 40x40
              LayoutText {#text} at (45,2) size 207x19
                text run at (45,2) width 207: "NOWRAP cell, no width on cell"
      LayoutBlockFlow (anonymous) at (0,54) size 784x20
        LayoutBR {BR} at (0,0) size 0x19
      LayoutTable {TABLE} at (0,74) size 221x54 [border: (3px outset #808080)]
        LayoutTableSection {TBODY} at (3,3) size 215x48
          LayoutTableRow {TR} at (0,2) size 215x44
            LayoutTableCell {TD} at (2,2) size 211x44 [border: (1px inset #808080)] [r=0 c=0 rs=1 cs=1]
              LayoutImage (floating) {IMG} at (2,2) size 40x40
              LayoutText {#text} at (45,2) size 207x19
                text run at (45,2) width 207: "NOWRAP cell, no width on cell"
      LayoutBlockFlow (anonymous) at (0,128) size 784x20
        LayoutBR {BR} at (0,0) size 0x19
      LayoutTable {TABLE} at (0,148) size 110x114 [border: (3px outset #808080)]
        LayoutTableSection {TBODY} at (3,3) size 104x108
          LayoutTableRow {TR} at (0,2) size 104x104
            LayoutTableCell {TD} at (2,2) size 100x104 [border: (1px inset #808080)] [r=0 c=0 rs=1 cs=1]
              LayoutImage (floating) {IMG} at (2,2) size 40x40
              LayoutText {#text} at (2,42) size 71x59
                text run at (2,42) width 71: "NOWRAP"
                text run at (2,62) width 26: "cell,"
                text run at (2,82) width 69: "width=100"
      LayoutBlockFlow (anonymous) at (0,262) size 784x20
        LayoutBR {BR} at (0,0) size 0x19
      LayoutTable {TABLE} at (0,282) size 310x54 [border: (3px outset #808080)]
        LayoutTableSection {TBODY} at (3,3) size 304x48
          LayoutTableRow {TR} at (0,2) size 304x44
            LayoutTableCell {TD} at (2,2) size 300x44 [border: (1px inset #808080)] [r=0 c=0 rs=1 cs=1]
              LayoutImage (floating) {IMG} at (2,2) size 40x40
              LayoutText {#text} at (45,2) size 174x19
                text run at (45,2) width 174: "NOWRAP cell, width=300"
