layer at (0,0) size 800x600
  LayoutView at (0,0) size 800x600
layer at (0,0) size 800x600
  LayoutBlockFlow {HTML} at (0,0) size 800x600
    LayoutBlockFlow {BODY} at (8,8) size 784x584
      LayoutBlockFlow (anonymous) at (0,0) size 784x20
        LayoutInline {A} at (0,0) size 27x19 [color=#551A8B]
          LayoutText {#text} at (0,0) size 27x19
            text run at (0,0) width 27: "note"
        LayoutText {#text} at (27,0) size 4x19
          text run at (27,0) width 4: " "
        LayoutInline {A} at (0,0) size 72x19 [color=#551A8B]
          LayoutText {#text} at (31,0) size 72x19
            text run at (31,0) width 72: "closepopup"
        LayoutText {#text} at (0,0) size 0x0
      LayoutTable {TABLE} at (0,20) size 40x30 [border: (1px outset #808080)]
        LayoutTableSection {TBODY} at (1,1) size 38x28
          LayoutTableRow {TR} at (0,2) size 38x24
            LayoutTableCell {TD} at (2,2) size 34x24 [border: (1px inset #808080)] [r=0 c=0 rs=1 cs=1]
              LayoutText {#text} at (2,2) size 30x19
                text run at (2,2) width 30: "table"
layer at (8,28) size 20x20
  LayoutBlockFlow (positioned) {DIV} at (8,28) size 20x20
    LayoutText {#text} at (0,0) size 20x19
      text run at (0,0) width 20: "div"
