layer at (0,0) size 800x600 scrollWidth 866 scrollHeight 1026
  LayoutView at (0,0) size 800x600
layer at (0,0) size 800x1026 backgroundClip at (0,0) size 800x600 clip at (0,0) size 800x600
  LayoutBlockFlow {HTML} at (0,0) size 800x1026
    LayoutBlockFlow {BODY} at (8,8) size 784x1010
      LayoutTable {TABLE} at (0,0) size 784x30 [border: (1px outset #808080)]
        LayoutTableSection {TBODY} at (1,1) size 782x28
          LayoutTableRow {TR} at (0,2) size 782x24
            LayoutTableCell {TD} at (2,2) size 262x24 [border: (1px inset #808080)] [r=0 c=0 rs=1 cs=1]
              LayoutText {#text} at (2,2) size 8x19
                text run at (2,2) width 8: "x"
            LayoutTableCell {TD} at (266,2) size 514x24 [border: (1px inset #808080)] [r=0 c=1 rs=1 cs=1]
              LayoutText {#text} at (2,2) size 8x19
                text run at (2,2) width 8: "y"
      LayoutBlockFlow (anonymous) at (0,30) size 784x20
        LayoutBR {BR} at (0,0) size 0x19
      LayoutTable {TABLE} at (0,50) size 784x30 [border: (1px outset #808080)]
        LayoutTableSection {TBODY} at (1,1) size 782x28
          LayoutTableRow {TR} at (0,2) size 782x24
            LayoutTableCell {TD} at (2,2) size 388x24 [border: (1px inset #808080)] [r=0 c=0 rs=1 cs=1]
              LayoutText {#text} at (2,2) size 8x19
                text run at (2,2) width 8: "x"
            LayoutTableCell {TD} at (392,2) size 388x24 [border: (1px inset #808080)] [r=0 c=1 rs=1 cs=1]
              LayoutText {#text} at (2,2) size 8x19
                text run at (2,2) width 8: "y"
      LayoutBlockFlow (anonymous) at (0,80) size 784x20
        LayoutBR {BR} at (0,0) size 0x19
      LayoutTable {TABLE} at (0,100) size 858x610 [border: (1px outset #808080)]
        LayoutTableSection {TBODY} at (1,1) size 856x608
          LayoutTableRow {TR} at (0,2) size 856x604
            LayoutTableCell {TD} at (2,2) size 804x604 [border: (1px inset #808080)] [r=0 c=0 rs=1 cs=1]
              LayoutImage {IMG} at (2,2) size 800x600
            LayoutTableCell {TD} at (808,252) size 46x104 [border: (1px inset #808080)] [r=0 c=1 rs=1 cs=1]
              LayoutText {#text} at (2,2) size 42x99
                text run at (2,2) width 29: "can't"
                text run at (2,22) width 38: "we all"
                text run at (2,42) width 22: "just"
                text run at (2,62) width 19: "get"
                text run at (2,82) width 42: "along?"
      LayoutBlockFlow (anonymous) at (0,710) size 784x20
        LayoutBR {BR} at (0,0) size 0x19
      LayoutTable {TABLE} at (0,730) size 784x50 [border: (1px outset #808080)]
        LayoutTableSection {TBODY} at (1,1) size 782x48
          LayoutTableRow {TR} at (0,2) size 782x44
            LayoutTableCell {TD} at (2,12) size 252x24 [border: (1px inset #808080)] [r=0 c=0 rs=1 cs=1]
              LayoutText {#text} at (2,2) size 118x19
                text run at (2,2) width 118: "Hello how are you"
            LayoutTableCell {TD} at (256,2) size 122x44 [border: (1px inset #808080)] [r=0 c=1 rs=1 cs=1]
              LayoutText {#text} at (2,2) size 86x39
                text run at (2,2) width 86: "I'am fine, and"
                text run at (2,22) width 31: "you?"
            LayoutTableCell {TD} at (380,12) size 400x24 [border: (1px inset #808080)] [r=0 c=2 rs=1 cs=1]
              LayoutText {#text} at (2,2) size 111x19
                text run at (2,2) width 111: "I great, thank you"
      LayoutBlockFlow (anonymous) at (0,780) size 784x20
        LayoutBR {BR} at (0,0) size 0x19
      LayoutTable {TABLE} at (0,800) size 784x210 [border: (1px outset #808080)]
        LayoutTableSection {TBODY} at (1,1) size 782x208
          LayoutTableRow {TR} at (0,2) size 782x204
            LayoutTableCell {TD} at (2,92) size 324x24 [border: (1px inset #808080)] [r=0 c=0 rs=1 cs=1]
              LayoutText {#text} at (2,2) size 170x19
                text run at (2,2) width 170: "<../images/pikajumpr.gif\">"
            LayoutTableCell {TD} at (328,31) size 413x146 [border: (1px inset #808080)] [r=0 c=1 rs=1 cs=1]
              LayoutImage {IMG} at (2,2) size 142x142
            LayoutTableCell {TD} at (743,2) size 37x204 [border: (1px inset #808080)] [r=0 c=2 rs=1 cs=1]
              LayoutText {#text} at (2,2) size 33x199
                text run at (2,2) width 28: "This"
                text run at (2,22) width 21: "is a"
                text run at (2,42) width 21: "test"
                text run at (2,62) width 12: "to"
                text run at (2,82) width 33: "see if"
                text run at (2,102) width 22: "this"
                text run at (2,122) width 24: "will"
                text run at (2,142) width 33: "work"
                text run at (2,162) width 16: "on"
                text run at (2,182) width 20: "5.0"
