layer at (0,0) size 800x600
  LayoutView at (0,0) size 800x600
layer at (0,0) size 800x600
  LayoutBlockFlow {HTML} at (0,0) size 800x600
    LayoutBlockFlow {BODY} at (8,8) size 784x584
      LayoutTable {TABLE} at (0,0) size 324x38 [border: (5px outset #808080)]
        LayoutTableSection {TBODY} at (5,5) size 314x28
          LayoutTableRow {TR} at (0,2) size 314x24
            LayoutTableCell {TD} at (2,2) size 154x24 [border: (1px inset #808080)] [r=0 c=0 rs=1 cs=1]
              LayoutText {#text} at (2,2) size 150x19
                text run at (2,2) width 150: "almaalmaalmaalmaalma"
            LayoutTableCell {TD} at (158,2) size 154x24 [border: (1px inset #808080)] [r=0 c=1 rs=1 cs=1]
              LayoutText {#text} at (2,2) size 8x19
                text run at (2,2) width 8: "x"
      LayoutBlockFlow (anonymous) at (0,38) size 784x20
        LayoutBR {BR} at (0,0) size 0x19
      LayoutTable {TABLE} at (0,58) size 324x38 [border: (5px outset #808080)]
        LayoutTableSection {TBODY} at (5,5) size 314x28
          LayoutTableRow {TR} at (0,2) size 314x24
            LayoutTableCell {TD} at (2,2) size 154x24 [border: (1px inset #808080)] [r=0 c=0 rs=1 cs=1]
              LayoutText {#text} at (2,2) size 150x19
                text run at (2,2) width 150: "almaalmaalmaalmaalma"
            LayoutTableCell {TD} at (158,2) size 154x24 [border: (1px inset #808080)] [r=0 c=1 rs=1 cs=1]
              LayoutText {#text} at (2,2) size 8x19
                text run at (2,2) width 8: "x"
      LayoutBlockFlow (anonymous) at (0,96) size 784x20
        LayoutBR {BR} at (0,0) size 0x19
      LayoutBlockFlow {P} at (0,132) size 784x40
        LayoutText {#text} at (0,0) size 352x19
          text run at (0,0) width 352: "In this table, the second and the third cell are given 40%"
        LayoutBR {BR} at (352,15) size 0x0
        LayoutText {#text} at (0,20) size 255x19
          text run at (0,20) width 255: "The cells are competing with each other."
        LayoutBR {BR} at (254,35) size 1x0
      LayoutTable {TABLE} at (0,188) size 338x38 [border: (5px outset #808080)]
        LayoutTableSection {TBODY} at (5,5) size 328x28
          LayoutTableRow {TR} at (0,2) size 328x24
            LayoutTableCell {TD} at (2,2) size 64x24 [border: (1px inset #808080)] [r=0 c=0 rs=1 cs=1]
              LayoutText {#text} at (2,2) size 60x19
                text run at (2,2) width 60: "some text"
            LayoutTableCell {TD} at (68,2) size 128x24 [border: (1px inset #808080)] [r=0 c=1 rs=1 cs=1]
              LayoutText {#text} at (2,2) size 8x19
                text run at (2,2) width 8: "x"
            LayoutTableCell {TD} at (198,2) size 128x24 [border: (1px inset #808080)] [r=0 c=2 rs=1 cs=1]
              LayoutText {#text} at (2,2) size 8x19
                text run at (2,2) width 8: "x"
      LayoutBlockFlow {P} at (0,242) size 784x60
        LayoutText {#text} at (0,0) size 352x19
          text run at (0,0) width 352: "In this table, the second and the third cell are given 50%"
        LayoutBR {BR} at (352,15) size 0x0
        LayoutText {#text} at (0,20) size 444x19
          text run at (0,20) width 444: "The cells are competing again but their percentage can not be satisfied."
        LayoutBR {BR} at (444,35) size 0x0
        LayoutText {#text} at (0,40) size 475x19
          text run at (0,40) width 475: "The table grows as large as it can and the first cell gets to its minimal width."
      LayoutTable {TABLE} at (0,318) size 784x58 [border: (5px outset #808080)]
        LayoutTableSection {TBODY} at (5,5) size 774x48
          LayoutTableRow {TR} at (0,2) size 774x44
            LayoutTableCell {TD} at (2,2) size 37x44 [border: (1px inset #808080)] [r=0 c=0 rs=1 cs=1]
              LayoutText {#text} at (2,2) size 33x39
                text run at (2,2) width 33: "some"
                text run at (2,22) width 23: "text"
            LayoutTableCell {TD} at (41,12) size 364x24 [border: (1px inset #808080)] [r=0 c=1 rs=1 cs=1]
              LayoutText {#text} at (2,2) size 8x19
                text run at (2,2) width 8: "x"
            LayoutTableCell {TD} at (407,12) size 365x24 [border: (1px inset #808080)] [r=0 c=2 rs=1 cs=1]
              LayoutText {#text} at (2,2) size 8x19
                text run at (2,2) width 8: "x"
