layer at (0,0) size 800x600
  LayoutView at (0,0) size 800x600
layer at (0,0) size 800x304
  LayoutBlockFlow {HTML} at (0,0) size 800x304
    LayoutBlockFlow {BODY} at (8,8) size 784x288 [bgcolor=#FFFFFF]
      LayoutTable {TABLE} at (0,0) size 172x288
        LayoutTableSection {TBODY} at (0,0) size 172x288
          LayoutTableRow {TR} at (0,0) size 172x36
            LayoutTableCell {TD} at (0,0) size 43x36 [border: (1px solid #000000)] [r=0 c=0 rs=1 cs=1]
              LayoutText {#text} at (8,8) size 27x19
                text run at (8,8) width 27: "blah"
            LayoutTableCell {TD} at (43,0) size 43x36 [border: (1px solid #000000)] [r=0 c=1 rs=1 cs=1]
              LayoutText {#text} at (8,8) size 27x19
                text run at (8,8) width 27: "blah"
            LayoutTableCell {TD} at (86,0) size 43x36 [border: (1px solid #000000)] [r=0 c=2 rs=1 cs=1]
              LayoutText {#text} at (8,8) size 27x19
                text run at (8,8) width 27: "blah"
            LayoutTableCell {TD} at (129,0) size 43x36 [border: (1px solid #000000)] [r=0 c=3 rs=1 cs=1]
              LayoutText {#text} at (8,8) size 27x19
                text run at (8,8) width 27: "blah"
          LayoutTableRow {TR} at (0,36) size 172x36
            LayoutTableCell {TD} at (0,36) size 43x36 [border: (1px solid #000000)] [r=1 c=0 rs=1 cs=1]
              LayoutText {#text} at (8,8) size 27x19
                text run at (8,8) width 27: "blah"
            LayoutTableCell {TD} at (43,36) size 43x36 [border: (1px solid #000000)] [r=1 c=1 rs=1 cs=1]
              LayoutText {#text} at (8,8) size 27x19
                text run at (8,8) width 27: "blah"
            LayoutTableCell {TD} at (86,36) size 43x36 [border: (1px solid #000000)] [r=1 c=2 rs=1 cs=1]
              LayoutText {#text} at (8,8) size 27x19
                text run at (8,8) width 27: "blah"
            LayoutTableCell {TD} at (129,36) size 43x36 [border: (1px solid #000000)] [r=1 c=3 rs=1 cs=1]
              LayoutText {#text} at (8,8) size 27x19
                text run at (8,8) width 27: "blah"
          LayoutTableRow {TR} at (0,72) size 172x36
            LayoutTableCell {TD} at (0,72) size 43x36 [border: (1px solid #000000)] [r=2 c=0 rs=1 cs=1]
              LayoutText {#text} at (8,8) size 27x19
                text run at (8,8) width 27: "blah"
            LayoutTableCell {TD} at (43,72) size 43x36 [border: (1px solid #000000)] [r=2 c=1 rs=1 cs=1]
              LayoutText {#text} at (8,8) size 27x19
                text run at (8,8) width 27: "blah"
            LayoutTableCell {TD} at (86,72) size 43x36 [border: (1px solid #000000)] [r=2 c=2 rs=1 cs=1]
              LayoutText {#text} at (8,8) size 27x19
                text run at (8,8) width 27: "blah"
            LayoutTableCell {TD} at (129,72) size 43x36 [border: (1px solid #000000)] [r=2 c=3 rs=1 cs=1]
              LayoutText {#text} at (8,8) size 27x19
                text run at (8,8) width 27: "blah"
          LayoutTableRow {TR} at (0,108) size 172x36
            LayoutTableCell {TD} at (0,108) size 43x36 [border: (1px solid #000000)] [r=3 c=0 rs=1 cs=1]
              LayoutText {#text} at (8,8) size 27x19
                text run at (8,8) width 27: "blah"
            LayoutTableCell {TD} at (43,108) size 43x36 [border: (1px solid #000000)] [r=3 c=1 rs=1 cs=1]
              LayoutText {#text} at (8,8) size 27x19
                text run at (8,8) width 27: "blah"
            LayoutTableCell {TD} at (86,108) size 43x36 [border: (1px solid #000000)] [r=3 c=2 rs=1 cs=1]
              LayoutText {#text} at (8,8) size 27x19
                text run at (8,8) width 27: "blah"
            LayoutTableCell {TD} at (129,108) size 43x36 [border: (1px solid #000000)] [r=3 c=3 rs=1 cs=1]
              LayoutText {#text} at (8,8) size 27x19
                text run at (8,8) width 27: "blah"
          LayoutTableRow {TR} at (0,144) size 172x36
            LayoutTableCell {TD} at (0,144) size 43x36 [border: (1px solid #000000)] [r=4 c=0 rs=1 cs=1]
              LayoutText {#text} at (8,8) size 27x19
                text run at (8,8) width 27: "blah"
            LayoutTableCell {TD} at (43,144) size 43x36 [border: (1px solid #000000)] [r=4 c=1 rs=1 cs=1]
              LayoutText {#text} at (8,8) size 27x19
                text run at (8,8) width 27: "blah"
            LayoutTableCell {TD} at (86,144) size 43x36 [border: (1px solid #000000)] [r=4 c=2 rs=1 cs=1]
              LayoutText {#text} at (8,8) size 27x19
                text run at (8,8) width 27: "blah"
            LayoutTableCell {TD} at (129,144) size 43x36 [border: (1px solid #000000)] [r=4 c=3 rs=1 cs=1]
              LayoutText {#text} at (8,8) size 27x19
                text run at (8,8) width 27: "blah"
          LayoutTableRow {TR} at (0,180) size 172x36
            LayoutTableCell {TD} at (0,180) size 43x36 [border: (1px solid #000000)] [r=5 c=0 rs=1 cs=1]
              LayoutText {#text} at (8,8) size 27x19
                text run at (8,8) width 27: "blah"
            LayoutTableCell {TD} at (43,180) size 43x36 [border: (1px solid #000000)] [r=5 c=1 rs=1 cs=1]
              LayoutText {#text} at (8,8) size 27x19
                text run at (8,8) width 27: "blah"
            LayoutTableCell {TD} at (86,180) size 43x36 [border: (1px solid #000000)] [r=5 c=2 rs=1 cs=1]
              LayoutText {#text} at (8,8) size 27x19
                text run at (8,8) width 27: "blah"
            LayoutTableCell {TD} at (129,180) size 43x36 [border: (1px solid #000000)] [r=5 c=3 rs=1 cs=1]
              LayoutText {#text} at (8,8) size 27x19
                text run at (8,8) width 27: "blah"
          LayoutTableRow {TR} at (0,216) size 172x36
            LayoutTableCell {TD} at (0,216) size 43x36 [border: (1px solid #000000)] [r=6 c=0 rs=1 cs=1]
              LayoutText {#text} at (8,8) size 27x19
                text run at (8,8) width 27: "blah"
            LayoutTableCell {TD} at (43,216) size 43x36 [border: (1px solid #000000)] [r=6 c=1 rs=1 cs=1]
              LayoutText {#text} at (8,8) size 27x19
                text run at (8,8) width 27: "blah"
            LayoutTableCell {TD} at (86,216) size 43x36 [border: (1px solid #000000)] [r=6 c=2 rs=1 cs=1]
              LayoutText {#text} at (8,8) size 27x19
                text run at (8,8) width 27: "blah"
            LayoutTableCell {TD} at (129,216) size 43x36 [border: (1px solid #000000)] [r=6 c=3 rs=1 cs=1]
              LayoutText {#text} at (8,8) size 27x19
                text run at (8,8) width 27: "blah"
          LayoutTableRow {TR} at (0,252) size 172x36
            LayoutTableCell {TD} at (0,252) size 43x36 [border: (1px solid #000000)] [r=7 c=0 rs=1 cs=1]
              LayoutText {#text} at (8,8) size 27x19
                text run at (8,8) width 27: "blah"
            LayoutTableCell {TD} at (43,252) size 43x36 [border: (1px solid #000000)] [r=7 c=1 rs=1 cs=1]
              LayoutText {#text} at (8,8) size 27x19
                text run at (8,8) width 27: "blah"
            LayoutTableCell {TD} at (86,252) size 43x36 [border: (1px solid #000000)] [r=7 c=2 rs=1 cs=1]
              LayoutText {#text} at (8,8) size 27x19
                text run at (8,8) width 27: "blah"
            LayoutTableCell {TD} at (129,252) size 43x36 [border: (1px solid #000000)] [r=7 c=3 rs=1 cs=1]
              LayoutText {#text} at (8,8) size 27x19
                text run at (8,8) width 27: "blah"
