layer at (0,0) size 800x600
  LayoutView at (0,0) size 800x600
layer at (0,0) size 800x600
  LayoutBlockFlow {HTML} at (0,0) size 800x600
    LayoutBlockFlow {BODY} at (8,8) size 784x584
      LayoutTable {TABLE} at (0,0) size 199x128 [border: (1px outset #808080)]
        LayoutBlockFlow {CAPTION} at (0,0) size 199x20
          LayoutInline {EM} at (0,0) size 185x19
            LayoutText {#text} at (7,0) size 185x19
              text run at (7,0) width 185: "A test table with merged cells"
        LayoutTableSection {TBODY} at (1,21) size 197x106
          LayoutTableRow {TR} at (0,2) size 197x24
            LayoutTableCell {TH} at (136,25) size 59x4 [border: (1px inset #808080)] [r=0 c=0 rs=2 cs=1]
            LayoutTableCell {TH} at (37,2) size 97x24 [border: (1px inset #808080)] [r=0 c=1 rs=1 cs=2]
              LayoutText {#text} at (20,2) size 57x19
                text run at (20,2) width 57: "Average"
            LayoutTableCell {TH} at (2,5) size 33x44 [border: (1px inset #808080)] [r=0 c=3 rs=2 cs=1]
              LayoutText {#text} at (2,2) size 29x19
                text run at (2,2) width 29: "Red"
              LayoutBR {BR} at (2,17) size 1x0
              LayoutText {#text} at (2,22) size 29x19
                text run at (2,22) width 29: "eyes"
          LayoutTableRow {TR} at (0,28) size 197x24
            LayoutTableCell {TH} at (88,28) size 46x24 [border: (1px inset #808080)] [r=1 c=1 rs=1 cs=1]
              LayoutText {#text} at (2,2) size 42x19
                text run at (2,2) width 42: "height"
            LayoutTableCell {TH} at (37,28) size 49x24 [border: (1px inset #808080)] [r=1 c=2 rs=1 cs=1]
              LayoutText {#text} at (2,2) size 45x19
                text run at (2,2) width 45: "weight"
          LayoutTableRow {TR} at (0,54) size 197x24
            LayoutTableCell {TH} at (136,54) size 59x24 [border: (1px inset #808080)] [r=2 c=0 rs=1 cs=1]
              LayoutText {#text} at (9,2) size 41x19
                text run at (9,2) width 41: "Males"
            LayoutTableCell {TD} at (88,54) size 46x24 [border: (1px inset #808080)] [r=2 c=1 rs=1 cs=1]
              LayoutText {#text} at (24,2) size 20x19
                text run at (24,2) width 20: "1.9"
            LayoutTableCell {TD} at (37,54) size 49x24 [border: (1px inset #808080)] [r=2 c=2 rs=1 cs=1]
              LayoutText {#text} at (11,2) size 36x19
                text run at (11,2) width 36: "0.003"
            LayoutTableCell {TD} at (2,54) size 33x24 [border: (1px inset #808080)] [r=2 c=3 rs=1 cs=1]
              LayoutText {#text} at (2,2) size 29x19
                text run at (2,2) width 29: "40%"
          LayoutTableRow {TR} at (0,80) size 197x24
            LayoutTableCell {TH} at (136,80) size 59x24 [border: (1px inset #808080)] [r=3 c=0 rs=1 cs=1]
              LayoutText {#text} at (2,2) size 55x19
                text run at (2,2) width 55: "Females"
            LayoutTableCell {TD} at (88,80) size 46x24 [border: (1px inset #808080)] [r=3 c=1 rs=1 cs=1]
              LayoutText {#text} at (24,2) size 20x19
                text run at (24,2) width 20: "1.7"
            LayoutTableCell {TD} at (37,80) size 49x24 [border: (1px inset #808080)] [r=3 c=2 rs=1 cs=1]
              LayoutText {#text} at (11,2) size 36x19
                text run at (11,2) width 36: "0.002"
            LayoutTableCell {TD} at (2,80) size 33x24 [border: (1px inset #808080)] [r=3 c=3 rs=1 cs=1]
              LayoutText {#text} at (2,2) size 29x19
                text run at (2,2) width 29: "43%"
