layer at (0,0) size 800x600
  LayoutView at (0,0) size 800x600
layer at (0,0) size 800x600
  LayoutBlockFlow {HTML} at (0,0) size 800x600
    LayoutBlockFlow {BODY} at (8,8) size 784x584
      LayoutTable {TABLE} at (0,0) size 291x200 [border: (1px outset #808080)]
        LayoutTableSection {TBODY} at (1,1) size 289x198
          LayoutTableRow {TR} at (0,2) size 289x46
            LayoutTableCell {TD} at (2,13) size 285x24 [border: (1px inset #808080)] [r=0 c=0 rs=1 cs=1]
              LayoutText {#text} at (2,2) size 279x19
                text run at (2,2) width 279: "This is the first cell in a 200 pixel high table."
          LayoutTableRow {TR} at (0,50) size 289x97
            LayoutTableCell {TD} at (2,86) size 285x24 [border: (1px inset #808080)] [r=1 c=0 rs=1 cs=1]
              LayoutText {#text} at (2,2) size 179x19
                text run at (2,2) width 179: "This is the second cell, with "
              LayoutInline {B} at (0,0) size 22x19
                LayoutText {#text} at (181,2) size 22x19
                  text run at (181,2) width 22: "cell"
              LayoutText {#text} at (203,2) size 80x19
                text run at (203,2) width 80: " height 50%."
          LayoutTableRow {TR} at (0,149) size 289x47
            LayoutTableCell {TD} at (2,160) size 285x24 [border: (1px inset #808080)] [r=2 c=0 rs=1 cs=1]
              LayoutText {#text} at (2,2) size 128x19
                text run at (2,2) width 128: "This is the third cell."
      LayoutTable {TABLE} at (0,200) size 291x82 [border: (1px outset #808080)]
        LayoutTableSection {TBODY} at (1,1) size 289x80
          LayoutTableRow {TR} at (0,2) size 289x24
            LayoutTableCell {TD} at (2,2) size 285x24 [border: (1px inset #808080)] [r=0 c=0 rs=1 cs=1]
              LayoutText {#text} at (2,2) size 267x19
                text run at (2,2) width 267: "This is the first cell in an auto-height table."
          LayoutTableRow {TR} at (0,28) size 289x24
            LayoutTableCell {TD} at (2,28) size 285x24 [border: (1px inset #808080)] [r=1 c=0 rs=1 cs=1]
              LayoutText {#text} at (2,2) size 179x19
                text run at (2,2) width 179: "This is the second cell, with "
              LayoutInline {B} at (0,0) size 22x19
                LayoutText {#text} at (181,2) size 22x19
                  text run at (181,2) width 22: "cell"
              LayoutText {#text} at (203,2) size 80x19
                text run at (203,2) width 80: " height 50%."
          LayoutTableRow {TR} at (0,54) size 289x24
            LayoutTableCell {TD} at (2,54) size 285x24 [border: (1px inset #808080)] [r=2 c=0 rs=1 cs=1]
              LayoutText {#text} at (2,2) size 128x19
                text run at (2,2) width 128: "This is the third cell."
      LayoutTable {TABLE} at (0,282) size 296x200 [border: (1px outset #808080)]
        LayoutTableSection {TBODY} at (1,1) size 294x198
          LayoutTableRow {TR} at (0,2) size 294x46
            LayoutTableCell {TD} at (2,13) size 290x24 [border: (1px inset #808080)] [r=0 c=0 rs=1 cs=1]
              LayoutText {#text} at (2,2) size 279x19
                text run at (2,2) width 279: "This is the first cell in a 200 pixel high table."
          LayoutTableRow {TR} at (0,50) size 294x97
            LayoutTableCell {TD} at (2,86) size 290x24 [border: (1px inset #808080)] [r=1 c=0 rs=1 cs=1]
              LayoutText {#text} at (2,2) size 179x19
                text run at (2,2) width 179: "This is the second cell, with "
              LayoutInline {B} at (0,0) size 27x19
                LayoutText {#text} at (181,2) size 27x19
                  text run at (181,2) width 27: "row"
              LayoutText {#text} at (207,2) size 81x19
                text run at (207,2) width 81: " height 50%."
          LayoutTableRow {TR} at (0,149) size 294x47
            LayoutTableCell {TD} at (2,160) size 290x24 [border: (1px inset #808080)] [r=2 c=0 rs=1 cs=1]
              LayoutText {#text} at (2,2) size 128x19
                text run at (2,2) width 128: "This is the third cell."
      LayoutTable {TABLE} at (0,482) size 296x82 [border: (1px outset #808080)]
        LayoutTableSection {TBODY} at (1,1) size 294x80
          LayoutTableRow {TR} at (0,2) size 294x24
            LayoutTableCell {TD} at (2,2) size 290x24 [border: (1px inset #808080)] [r=0 c=0 rs=1 cs=1]
              LayoutText {#text} at (2,2) size 267x19
                text run at (2,2) width 267: "This is the first cell in an auto-height table."
          LayoutTableRow {TR} at (0,28) size 294x24
            LayoutTableCell {TD} at (2,28) size 290x24 [border: (1px inset #808080)] [r=1 c=0 rs=1 cs=1]
              LayoutText {#text} at (2,2) size 179x19
                text run at (2,2) width 179: "This is the second cell, with "
              LayoutInline {B} at (0,0) size 27x19
                LayoutText {#text} at (181,2) size 27x19
                  text run at (181,2) width 27: "row"
              LayoutText {#text} at (207,2) size 81x19
                text run at (207,2) width 81: " height 50%."
          LayoutTableRow {TR} at (0,54) size 294x24
            LayoutTableCell {TD} at (2,54) size 290x24 [border: (1px inset #808080)] [r=2 c=0 rs=1 cs=1]
              LayoutText {#text} at (2,2) size 128x19
                text run at (2,2) width 128: "This is the third cell."
