layer at (0,0) size 800x600
  LayoutView at (0,0) size 800x600
layer at (0,0) size 800x600
  LayoutBlockFlow {HTML} at (0,0) size 800x600
    LayoutBlockFlow {BODY} at (8,8) size 784x584
      LayoutTable {TABLE} at (0,0) size 462x151 [border: (1px outset #808080)]
        LayoutTableSection {TBODY} at (1,1) size 460x149
          LayoutTableRow {TR} at (0,0) size 460x149
            LayoutTableCell {TD} at (0,0) size 460x149 [border: (1px inset #808080)] [r=0 c=0 rs=1 cs=1]
              LayoutTable {TABLE} at (1,1) size 458x147 [border: (1px outset #808080)]
                LayoutTableSection {TBODY} at (1,1) size 456x145
                  LayoutTableRow {TR} at (0,1) size 456x30
                    LayoutTableCell {TD} at (1,1) size 137x30 [border: (1px inset #808080)] [r=0 c=0 rs=1 cs=1]
                      LayoutText {#text} at (5,5) size 127x19
                        text run at (5,5) width 127: "General Preferences"
                    LayoutTableCell {TD} at (139,1) size 144x30 [border: (1px inset #808080)] [r=0 c=1 rs=1 cs=1]
                      LayoutInline {A} at (0,0) size 134x19 [color=#0000EE]
                        LayoutText {#text} at (5,5) size 134x19
                          text run at (5,5) width 134: "Groups / Permissions"
                    LayoutTableCell {TD} at (284,1) size 71x30 [border: (1px inset #808080)] [r=0 c=2 rs=1 cs=1]
                      LayoutInline {A} at (0,0) size 61x19 [color=#0000EE]
                        LayoutText {#text} at (5,5) size 61x19
                          text run at (5,5) width 61: "Password"
                    LayoutTableCell {TD} at (356,1) size 47x30 [border: (1px inset #808080)] [r=0 c=3 rs=1 cs=1]
                      LayoutInline {A} at (0,0) size 37x19 [color=#0000EE]
                        LayoutText {#text} at (5,5) size 37x19
                          text run at (5,5) width 37: "Email"
                    LayoutTableCell {TD} at (404,1) size 51x30 [border: (1px inset #808080)] [r=0 c=4 rs=1 cs=1]
                      LayoutText {#text} at (5,5) size 41x19
                        text run at (5,5) width 41: "Views"
                  LayoutTableRow {TR} at (0,32) size 456x112
                    LayoutTableCell {TD} at (1,32) size 454x112 [border: (1px inset #808080)] [r=1 c=0 rs=1 cs=5]
                      LayoutBlockFlow (anonymous) at (5,5) size 444x20
                        LayoutBR {BR} at (222,0) size 0x19
                      LayoutTable {TABLE} at (78,25) size 298x82
                        LayoutTableSection {TBODY} at (0,0) size 298x82
                          LayoutTableRow {TR} at (0,2) size 298x78
                            LayoutTableCell {TD} at (2,2) size 294x78 [r=0 c=0 rs=1 cs=1]
                              LayoutBlockFlow {FORM} at (1,1) size 292x60
                                LayoutTable {TABLE} at (0,0) size 292x60 [border: (1px outset #808080)]
                                  LayoutTableSection {TBODY} at (1,1) size 290x58
                                    LayoutTableRow {TR} at (0,0) size 290x58
                                      LayoutTableCell {TD} at (0,0) size 290x58 [border: (1px inset #808080)] [r=0 c=0 rs=1 cs=1]
                                        LayoutBlockFlow (anonymous) at (1,1) size 288x20
                                          LayoutText {#text} at (90,0) size 108x19
                                            text run at (90,0) width 108: "User Preferences"
                                        LayoutTable {TABLE} at (1,21) size 288x36 [border: (1px outset #808080)]
                                          LayoutTableSection {TBODY} at (1,1) size 286x34
                                            LayoutTableRow {TR} at (0,1) size 286x32
                                              LayoutTableCell {TH} at (1,2) size 119x30 [border: (1px inset #808080)] [r=0 c=0 rs=1 cs=1]
                                                LayoutInline {NOBR} at (0,0) size 109x19
                                                  LayoutText {#text} at (5,5) size 109x19
                                                    text run at (5,5) width 109: "Email Address :"
                                              LayoutTableCell {TD} at (121,1) size 164x32 [border: (1px inset #808080)] [r=0 c=1 rs=1 cs=1]
                                                LayoutTextControl {INPUT} at (5,5) size 154x22 [bgcolor=#FFFFFF] [border: (2px inset #EEEEEE)]
                                                LayoutText {#text} at (0,0) size 0x0
layer at (224,103) size 150x16 scrollWidth 210
  LayoutBlockFlow {DIV} at (2,3) size 150x16
    LayoutText {#text} at (0,0) size 209x16
      text run at (0,0) width 209: "simon.king@pipinghotnetworks.com"
