layer at (0,0) size 800x600
  LayoutView at (0,0) size 800x600
layer at (0,0) size 800x600
  LayoutBlockFlow {HTML} at (0,0) size 800x600
    LayoutBlockFlow {BODY} at (8,8) size 784x576
      LayoutBlockFlow {P} at (0,0) size 784x20
        LayoutText {#text} at (0,0) size 468x19
          text run at (0,0) width 468: "This test case creates a TR element then tries to assign to the cells property"
      LayoutBlockFlow {P} at (0,36) size 784x22
        LayoutText {#text} at (0,1) size 41x19
          text run at (0,1) width 41: "Crash "
        LayoutButton {BUTTON} at (41,0) size 100x22 [bgcolor=#C0C0C0] [border: (2px outset #C0C0C0)]
          LayoutBlockFlow (anonymous) at (8,3) size 84x16
            LayoutText {#text} at (0,0) size 84x16
              text run at (0,0) width 84: "TR.cells = null"
        LayoutText {#text} at (0,0) size 0x0
