layer at (0,0) size 800x600
  LayoutView at (0,0) size 800x600
layer at (0,0) size 800x600
  LayoutBlockFlow {HTML} at (0,0) size 800x600
    LayoutBlockFlow {BODY} at (8,8) size 784x584 [bgcolor=#FFCC00]
      LayoutTable {TABLE} at (0,0) size 600x24 [border: (1px outset #808080)]
        LayoutTableSection {TBODY} at (1,1) size 598x22
          LayoutTableRow {TR} at (0,0) size 598x22
            LayoutTableCell {TD} at (0,0) size 132x22 [border: (1px inset #808080)] [r=0 c=0 rs=1 cs=1]
              LayoutInline {B} at (0,0) size 97x19
                LayoutText {#text} at (1,1) size 97x19
                  text run at (1,1) width 97: "MERCHANT"
            LayoutTableCell {TD} at (132,9) size 5x3 [border: (1px inset #808080)] [r=0 c=1 rs=1 cs=1]
              LayoutBlockFlow {IMG} at (1,1) size 1x1
                LayoutInline {SPAN} at (0,0) size 0x0
                  LayoutInline {SPAN} at (0,0) size 0x0
            LayoutTableCell {TD} at (137,0) size 304x22 [border: (1px inset #808080)] [r=0 c=2 rs=1 cs=1]
              LayoutInline {B} at (0,0) size 114x19
                LayoutText {#text} at (95,1) size 114x19
                  text run at (95,1) width 114: "DESCRIPTION"
            LayoutTableCell {TD} at (441,9) size 5x3 [border: (1px inset #808080)] [r=0 c=3 rs=1 cs=1]
              LayoutBlockFlow {IMG} at (1,1) size 1x1
                LayoutInline {SPAN} at (0,0) size 0x0
                  LayoutInline {SPAN} at (0,0) size 0x0
            LayoutTableCell {TD} at (446,0) size 78x22 [border: (1px inset #808080)] [r=0 c=4 rs=1 cs=1]
              LayoutInline {B} at (0,0) size 51x19
                LayoutText {#text} at (26,1) size 51x19
                  text run at (26,1) width 51: "PRICE"
            LayoutTableCell {TD} at (524,9) size 5x3 [border: (1px inset #808080)] [r=0 c=5 rs=1 cs=1]
              LayoutBlockFlow {IMG} at (1,1) size 1x1
                LayoutInline {SPAN} at (0,0) size 0x0
                  LayoutInline {SPAN} at (0,0) size 0x0
            LayoutTableCell {TD} at (529,0) size 69x22 [border: (1px inset #808080)] [r=0 c=6 rs=1 cs=1]
              LayoutInline {B} at (0,0) size 41x19
                LayoutText {#text} at (14,1) size 41x19
                  text run at (14,1) width 41: "INFO"
      LayoutTable {TABLE} at (0,24) size 600x27 [border: (1px outset #808080)]
        LayoutTableSection {TBODY} at (1,1) size 598x25
          LayoutTableRow {TR} at (0,0) size 598x22
            LayoutTableCell {TD} at (0,2) size 132x18 [border: (1px inset #808080)] [r=0 c=0 rs=1 cs=1]
              LayoutInline {FONT} at (0,0) size 93x15
                LayoutText {#text} at (1,1) size 93x15
                  text run at (1,1) width 93: "American Starlex"
            LayoutTableCell {TD} at (132,9) size 5x3 [border: (1px inset #808080)] [r=0 c=1 rs=1 cs=1]
              LayoutBlockFlow {IMG} at (1,1) size 1x1
                LayoutInline {SPAN} at (0,0) size 0x0
                  LayoutInline {SPAN} at (0,0) size 0x0
            LayoutTableCell {TD} at (137,2) size 304x18 [border: (1px inset #808080)] [r=0 c=2 rs=1 cs=1]
              LayoutInline {FONT} at (0,0) size 249x15
                LayoutText {#text} at (1,1) size 249x15
                  text run at (1,1) width 249: "Digital_Cameras DC200 New|In stock; Kodak"
            LayoutTableCell {TD} at (441,9) size 5x3 [border: (1px inset #808080)] [r=0 c=3 rs=1 cs=1]
              LayoutBlockFlow {IMG} at (1,1) size 1x1
                LayoutInline {SPAN} at (0,0) size 0x0
                  LayoutInline {SPAN} at (0,0) size 0x0
            LayoutTableCell {TD} at (446,2) size 78x18 [border: (1px inset #808080)] [r=0 c=4 rs=1 cs=1]
              LayoutInline {FONT} at (0,0) size 45x15
                LayoutText {#text} at (32,1) size 45x15
                  text run at (32,1) width 45: "$270.00"
            LayoutTableCell {TD} at (524,9) size 5x3 [border: (1px inset #808080)] [r=0 c=5 rs=1 cs=1]
              LayoutBlockFlow {IMG} at (1,1) size 1x1
                LayoutInline {SPAN} at (0,0) size 0x0
                  LayoutInline {SPAN} at (0,0) size 0x0
            LayoutTableCell {TD} at (529,0) size 69x22 [border: (1px inset #808080)] [r=0 c=6 rs=1 cs=1]
              LayoutText {#text} at (17,1) size 35x19
                text run at (17,1) width 35: "More"
          LayoutTableRow {TR} at (0,22) size 598x3
            LayoutTableCell {TD} at (0,22) size 598x3 [bgcolor=#000000] [border: (1px inset #808080)] [r=1 c=0 rs=1 cs=8]
              LayoutBlockFlow {IMG} at (1,1) size 1x1
                LayoutInline {SPAN} at (0,0) size 0x0
                  LayoutInline {SPAN} at (0,0) size 0x0
