layer at (0,0) size 800x600 clip at (0,0) size 785x600 scrollHeight 822
  LayoutView at (0,0) size 800x600
layer at (0,0) size 785x822 backgroundClip at (0,0) size 785x600 clip at (0,0) size 785x600
  LayoutBlockFlow {HTML} at (0,0) size 785x822
    LayoutBlockFlow {BODY} at (8,8) size 769x806
      LayoutTable {TABLE} at (0,0) size 769x806
        LayoutTableSection {TBODY} at (0,0) size 769x806
          LayoutTableRow {TR} at (0,2) size 769x802
            LayoutTableCell {TD} at (2,362) size 728x82 [r=0 c=0 rs=1 cs=1]
              LayoutText {#text} at (1,1) size 726x79
                text run at (1,1) width 708: "This is some text to fill a table cell. This is some text to fill a table cell. This is some text to fill a table cell. This is"
                text run at (1,21) width 726: "some text to fill a table cell. This is some text to fill a table cell. This is some text to fill a table cell. This is some text"
                text run at (1,41) width 710: "to fill a table cell. This is some text to fill a table cell. This is some text to fill a table cell. This is some text to fill a"
                text run at (1,61) width 504: "table cell. This is some text to fill a table cell. This is some text to fill a table cell."
            LayoutTableCell {TD} at (732,2) size 35x802 [r=0 c=1 rs=1 cs=1]
              LayoutText {#text} at (1,1) size 33x799
                text run at (1,1) width 28: "This"
                text run at (1,21) width 10: "is"
                text run at (1,41) width 33: "some"
                text run at (1,61) width 23: "text"
                text run at (1,81) width 33: "to fill"
                text run at (1,101) width 7: "a"
                text run at (1,121) width 30: "table"
                text run at (1,141) width 26: "cell."
                text run at (1,161) width 28: "This"
                text run at (1,181) width 10: "is"
                text run at (1,201) width 33: "some"
                text run at (1,221) width 23: "text"
                text run at (1,241) width 33: "to fill"
                text run at (1,261) width 7: "a"
                text run at (1,281) width 30: "table"
                text run at (1,301) width 26: "cell."
                text run at (1,321) width 28: "This"
                text run at (1,341) width 10: "is"
                text run at (1,361) width 33: "some"
                text run at (1,381) width 23: "text"
                text run at (1,401) width 33: "to fill"
                text run at (1,421) width 7: "a"
                text run at (1,441) width 30: "table"
                text run at (1,461) width 26: "cell."
                text run at (1,481) width 28: "This"
                text run at (1,501) width 10: "is"
                text run at (1,521) width 33: "some"
                text run at (1,541) width 23: "text"
                text run at (1,561) width 33: "to fill"
                text run at (1,581) width 7: "a"
                text run at (1,601) width 30: "table"
                text run at (1,621) width 26: "cell."
                text run at (1,641) width 28: "This"
                text run at (1,661) width 10: "is"
                text run at (1,681) width 33: "some"
                text run at (1,701) width 23: "text"
                text run at (1,721) width 33: "to fill"
                text run at (1,741) width 7: "a"
                text run at (1,761) width 30: "table"
                text run at (1,781) width 26: "cell."
