layer at (0,0) size 800x600
  LayoutView at (0,0) size 800x600
layer at (0,0) size 800x600
  LayoutBlockFlow {HTML} at (0,0) size 800x600
    LayoutBlockFlow {BODY} at (8,8) size 784x576
      LayoutBlockFlow {FORM} at (0,0) size 784x322
        LayoutTable {TABLE} at (0,0) size 784x322 [border: (1px outset #808080)]
          LayoutTableSection {TBODY} at (1,1) size 782x320
            LayoutTableRow {TR} at (0,2) size 782x24
              LayoutTableCell {TH} at (2,2) size 20x24 [border: (1px inset #808080)] [r=0 c=0 rs=1 cs=1]
                LayoutText {#text} at (6,2) size 8x19
                  text run at (6,2) width 8: "#"
              LayoutTableCell {TH} at (24,2) size 73x24 [border: (1px inset #808080)] [r=0 c=1 rs=1 cs=1]
                LayoutText {#text} at (2,2) size 69x19
                  text run at (2,2) width 69: "Relevance"
              LayoutTableCell {TH} at (99,2) size 530x24 [border: (1px inset #808080)] [r=0 c=2 rs=1 cs=1]
                LayoutText {#text} at (229,2) size 72x19
                  text run at (229,2) width 72: "Title Long"
              LayoutTableCell {TH} at (631,2) size 109x24 [border: (1px inset #808080)] [r=0 c=3 rs=1 cs=1]
                LayoutText {#text} at (29,2) size 51x19
                  text run at (29,2) width 51: "Author"
              LayoutTableCell {TH} at (742,2) size 36x24 [border: (1px inset #808080)] [r=0 c=4 rs=1 cs=1]
                LayoutText {#text} at (2,2) size 32x19
                  text run at (2,2) width 32: "Date"
            LayoutTableRow {TR} at (0,28) size 782x44
              LayoutTableCell {TD} at (2,54) size 20x24 [border: (1px inset #808080)] [r=1 c=0 rs=2 cs=1]
                LayoutText {#text} at (2,2) size 16x19
                  text run at (2,2) width 16: " 1 "
              LayoutTableCell {TD} at (24,54) size 73x24 [border: (1px inset #808080)] [r=1 c=1 rs=2 cs=1]
                LayoutText {#text} at (2,2) size 16x19
                  text run at (2,2) width 16: "**"
              LayoutTableCell {TD} at (99,28) size 530x44 [border: (1px inset #808080)] [r=1 c=2 rs=1 cs=1]
                LayoutText {#text} at (2,2) size 478x39
                  text run at (2,2) width 478: "UNIX and Windows 2000 integration toolkit : a complete guide for systems"
                  text run at (2,22) width 178: "administrators / Rawn Shah."
              LayoutTableCell {TD} at (631,38) size 109x24 [border: (1px inset #808080)] [r=1 c=3 rs=1 cs=1]
                LayoutText {#text} at (2,2) size 82x19
                  text run at (2,2) width 82: "Shah, Rawn."
              LayoutTableCell {TD} at (742,38) size 36x24 [border: (1px inset #808080)] [r=1 c=4 rs=1 cs=1]
                LayoutText {#text} at (2,2) size 32x19
                  text run at (2,2) width 32: "2000"
            LayoutTableRow {TR} at (0,74) size 782x30
              LayoutTableCell {TD} at (99,74) size 681x30 [border: (1px inset #808080)] [r=2 c=2 rs=1 cs=4]
                LayoutTable {TABLE} at (2,2) size 677x26
                  LayoutTableSection {TBODY} at (0,0) size 677x26
                    LayoutTableRow {TR} at (0,2) size 677x22
                      LayoutTableCell {TD} at (2,2) size 673x22 [r=0 c=0 rs=1 cs=1]
                        LayoutText {#text} at (1,1) size 167x19
                          text run at (1,1) width 167: "Title has multiple holdings"
            LayoutTableRow {TR} at (0,106) size 782x44
              LayoutTableCell {TD} at (2,132) size 20x24 [border: (1px inset #808080)] [r=3 c=0 rs=2 cs=1]
                LayoutText {#text} at (2,2) size 16x19
                  text run at (2,2) width 16: " 2 "
              LayoutTableCell {TD} at (24,132) size 73x24 [border: (1px inset #808080)] [r=3 c=1 rs=2 cs=1]
                LayoutText {#text} at (2,2) size 16x19
                  text run at (2,2) width 16: "**"
              LayoutTableCell {TD} at (99,116) size 530x24 [border: (1px inset #808080)] [r=3 c=2 rs=1 cs=1]
                LayoutText {#text} at (2,2) size 254x19
                  text run at (2,2) width 254: "Learning Red Hat Linux / Bill McCarty."
              LayoutTableCell {TD} at (631,106) size 109x44 [border: (1px inset #808080)] [r=3 c=3 rs=1 cs=1]
                LayoutText {#text} at (2,2) size 90x39
                  text run at (2,2) width 90: "McCarty, Bill,"
                  text run at (2,22) width 37: "1953-"
              LayoutTableCell {TD} at (742,116) size 36x24 [border: (1px inset #808080)] [r=3 c=4 rs=1 cs=1]
                LayoutText {#text} at (2,2) size 32x19
                  text run at (2,2) width 32: "1999"
            LayoutTableRow {TR} at (0,152) size 782x30
              LayoutTableCell {TD} at (99,152) size 681x30 [border: (1px inset #808080)] [r=4 c=2 rs=1 cs=4]
                LayoutTable {TABLE} at (2,2) size 677x26
                  LayoutTableSection {TBODY} at (0,0) size 677x26
                    LayoutTableRow {TR} at (0,2) size 677x22
                      LayoutTableCell {TD} at (2,2) size 673x22 [r=0 c=0 rs=1 cs=1]
                        LayoutText {#text} at (1,1) size 167x19
                          text run at (1,1) width 167: "Title has multiple holdings"
            LayoutTableRow {TR} at (0,184) size 782x44
              LayoutTableCell {TD} at (2,210) size 20x24 [border: (1px inset #808080)] [r=5 c=0 rs=2 cs=1]
                LayoutText {#text} at (2,2) size 16x19
                  text run at (2,2) width 16: " 3 "
              LayoutTableCell {TD} at (24,210) size 73x24 [border: (1px inset #808080)] [r=5 c=1 rs=2 cs=1]
                LayoutText {#text} at (2,2) size 16x19
                  text run at (2,2) width 16: "**"
              LayoutTableCell {TD} at (99,194) size 530x24 [border: (1px inset #808080)] [r=5 c=2 rs=1 cs=1]
                LayoutText {#text} at (2,2) size 283x19
                  text run at (2,2) width 283: "Learning Debian GNU/Linux / Bill Mccarty."
              LayoutTableCell {TD} at (631,184) size 109x44 [border: (1px inset #808080)] [r=5 c=3 rs=1 cs=1]
                LayoutText {#text} at (2,2) size 90x39
                  text run at (2,2) width 90: "McCarty, Bill,"
                  text run at (2,22) width 37: "1953-"
              LayoutTableCell {TD} at (742,194) size 36x24 [border: (1px inset #808080)] [r=5 c=4 rs=1 cs=1]
                LayoutText {#text} at (2,2) size 32x19
                  text run at (2,2) width 32: "1999"
            LayoutTableRow {TR} at (0,230) size 782x30
              LayoutTableCell {TD} at (99,230) size 681x30 [border: (1px inset #808080)] [r=6 c=2 rs=1 cs=4]
                LayoutTable {TABLE} at (2,2) size 677x26
                  LayoutTableSection {TBODY} at (0,0) size 677x26
                    LayoutTableRow {TR} at (0,2) size 677x22
                      LayoutTableCell {TD} at (2,2) size 673x22 [r=0 c=0 rs=1 cs=1]
                        LayoutText {#text} at (1,1) size 167x19
                          text run at (1,1) width 167: "Title has multiple holdings"
            LayoutTableRow {TR} at (0,262) size 782x24
              LayoutTableCell {TD} at (2,278) size 20x24 [border: (1px inset #808080)] [r=7 c=0 rs=2 cs=1]
                LayoutText {#text} at (2,2) size 16x19
                  text run at (2,2) width 16: " 4 "
              LayoutTableCell {TD} at (24,278) size 73x24 [border: (1px inset #808080)] [r=7 c=1 rs=2 cs=1]
                LayoutText {#text} at (2,2) size 16x19
                  text run at (2,2) width 16: "**"
              LayoutTableCell {TD} at (99,262) size 530x24 [border: (1px inset #808080)] [r=7 c=2 rs=1 cs=1]
                LayoutText {#text} at (2,2) size 392x19
                  text run at (2,2) width 392: "Advanced Java networking / Dick Steflik, Prashant Sridharan."
              LayoutTableCell {TD} at (631,262) size 109x24 [border: (1px inset #808080)] [r=7 c=3 rs=1 cs=1]
                LayoutText {#text} at (2,2) size 84x19
                  text run at (2,2) width 84: "Steflik, Dick."
              LayoutTableCell {TD} at (742,262) size 36x24 [border: (1px inset #808080)] [r=7 c=4 rs=1 cs=1]
                LayoutText {#text} at (2,2) size 32x19
                  text run at (2,2) width 32: "2000"
            LayoutTableRow {TR} at (0,288) size 782x30
              LayoutTableCell {TD} at (99,288) size 681x30 [border: (1px inset #808080)] [r=8 c=2 rs=1 cs=4]
                LayoutTable {TABLE} at (2,2) size 677x26
                  LayoutTableSection {TBODY} at (0,0) size 677x26
                    LayoutTableRow {TR} at (0,2) size 677x22
                      LayoutTableCell {TD} at (2,2) size 673x22 [r=0 c=0 rs=1 cs=1]
                        LayoutText {#text} at (1,1) size 167x19
                          text run at (1,1) width 167: "Title has multiple holdings"
