layer at (0,0) size 800x600
  LayoutView at (0,0) size 800x600
layer at (0,0) size 800x600
  LayoutBlockFlow {HTML} at (0,0) size 800x600
    LayoutBlockFlow {BODY} at (8,8) size 784x584
      LayoutBlockFlow (anonymous) at (0,0) size 784x105
        LayoutImage {IMG} at (0,0) size 220x100
        LayoutText {#text} at (220,85) size 4x19
          text run at (220,85) width 4: " "
        LayoutBR {BR} at (224,100) size 0x0
      LayoutTable {TABLE} at (0,105) size 784x190
        LayoutTableSection {TBODY} at (0,0) size 784x190
          LayoutTableRow {TR} at (0,2) size 784x22
            LayoutTableCell {TD} at (2,2) size 149x22 [bgcolor=#FF0000] [r=0 c=0 rs=1 cs=1]
              LayoutText {#text} at (1,1) size 12x19
                text run at (1,1) width 12: "X"
            LayoutTableCell {TD} at (153,2) size 149x22 [bgcolor=#DDDDDD] [r=0 c=1 rs=1 cs=1]
              LayoutText {#text} at (1,1) size 12x19
                text run at (1,1) width 12: "X"
            LayoutTableCell {TD} at (304,2) size 478x22 [bgcolor=#00FF00] [r=0 c=2 rs=1 cs=1]
              LayoutText {#text} at (1,1) size 12x19
                text run at (1,1) width 12: "X"
          LayoutTableRow {TR} at (0,26) size 784x162
            LayoutTableCell {TD} at (2,26) size 300x102 [bgcolor=#DDDD00] [r=1 c=0 rs=1 cs=2]
              LayoutText {#text} at (1,1) size 289x99
                text run at (1,1) width 238: "this_word_has_no_breakable_spaces "
                text run at (239,1) width 51: "... if this"
                text run at (1,21) width 278: "bug is still active and the window is >250px"
                text run at (1,41) width 174: "wide, you can't see that the "
                text run at (175,41) width 109: "word above is 33"
                text run at (1,61) width 264: "characters long. (I could have used a table"
                text run at (1,81) width 48: "instead "
                text run at (49,81) width 119: "but this is simpler)."
            LayoutTableCell {TD} at (304,26) size 478x162 [bgcolor=#9999FF] [r=1 c=2 rs=1 cs=1]
              LayoutText {#text} at (1,1) size 463x39
                text run at (1,1) width 463: "Try shrinking this table to ~250px wide. The left hand (gold) column will"
                text run at (1,21) width 167: "suddenly expand in width."
              LayoutBR {BR} at (168,36) size 0x0
              LayoutBR {BR} at (1,41) size 0x19
              LayoutText {#text} at (1,61) size 464x99
                text run at (1,61) width 259: "mozilla qa smoke tests smoke qa mozilla "
                text run at (260,61) width 205: "mozilla qa smoke tests smoke qa"
                text run at (1,81) width 50: "mozilla "
                text run at (51,81) width 259: "mozilla qa smoke tests smoke qa mozilla "
                text run at (310,81) width 141: "mozilla qa smoke tests"
                text run at (1,101) width 114: "smoke qa mozilla "
                text run at (115,101) width 259: "mozilla qa smoke tests smoke qa mozilla "
                text run at (374,101) width 65: "mozilla qa"
                text run at (1,121) width 190: "smoke tests smoke qa mozilla "
                text run at (191,121) width 255: "mozilla qa smoke tests smoke qa mozilla"
                text run at (1,141) width 255: "mozilla qa smoke tests smoke qa mozilla"
