layer at (0,0) size 800x600
  LayoutView at (0,0) size 800x600
layer at (0,0) size 800x600
  LayoutBlockFlow {HTML} at (0,0) size 800x600
    LayoutBlockFlow {BODY} at (8,8) size 784x584
      LayoutTable {TABLE} at (0,0) size 63x132
        LayoutBlockFlow {CAPTION} at (0,0) size 63x106
          LayoutTable {TABLE} at (0,0) size 63x106
            LayoutTableSection {TBODY} at (0,0) size 63x106
              LayoutTableRow {TR} at (0,2) size 63x102
                LayoutTableCell {TD} at (2,2) size 59x102 [r=0 c=0 rs=1 cs=1]
                  LayoutText {#text} at (1,1) size 52x99
                    text run at (1,1) width 52: "Another"
                    text run at (1,21) width 30: "table"
                    text run at (1,41) width 37: "inside"
                    text run at (1,61) width 19: "the"
                    text run at (1,81) width 46: "caption"
        LayoutTableSection {TBODY} at (0,106) size 63x26
          LayoutTableRow {TR} at (0,2) size 63x22
            LayoutTableCell {TD} at (2,2) size 59x22 [r=0 c=0 rs=1 cs=1]
              LayoutText {#text} at (1,1) size 57x19
                text run at (1,1) width 57: "First row"
