layer at (0,0) size 800x600
  LayoutView at (0,0) size 800x600
layer at (0,0) size 800x600
  LayoutBlockFlow {HTML} at (0,0) size 800x600
    LayoutBlockFlow {BODY} at (8,8) size 784x584
      LayoutTable {TABLE} at (0,0) size 246x155 [border: (1px outset #808080)]
        LayoutTableSection {TBODY} at (1,1) size 244x153
          LayoutTableRow {TR} at (0,2) size 244x51
            LayoutTableCell {TD} at (2,2) size 240x50.91 [border: (1px inset #808080)] [r=0 c=0 rs=1 cs=2]
              LayoutBlockFlow {H2} at (2,2) size 236x27
                LayoutText {#text} at (0,0) size 175x26
                  text run at (0,0) width 175: "Personal Friends"
          LayoutTableRow {TR} at (0,55) size 244x96
            LayoutTableCell {TD} at (2,55) size 183x96 [border: (1px inset #808080)] [r=1 c=0 rs=1 cs=1]
              LayoutBlockFlow (anonymous) at (2,2) size 179x0
                LayoutInline {FONT} at (0,0) size 0x0
                LayoutText {#text} at (0,0) size 0x0
              LayoutBlockFlow {P} at (2,2) size 179x20
                LayoutText {#text} at (0,0) size 179x19
                  text run at (0,0) width 179: "Alisha - Password-Protected"
              LayoutBlockFlow {P} at (2,38) size 179x20
                LayoutText {#text} at (0,0) size 45x19
                  text run at (0,0) width 45: "Arlesia"
              LayoutBlockFlow {P} at (2,74) size 179x20
                LayoutText {#text} at (0,0) size 36x19
                  text run at (0,0) width 36: "Asale"
            LayoutTableCell {TD} at (187,55) size 55x96 [border: (1px inset #808080)] [r=1 c=1 rs=1 cs=1]
              LayoutBlockFlow {P} at (2,2) size 51x20
                LayoutText {#text} at (0,0) size 34x19
                  text run at (0,0) width 34: "Ernie"
              LayoutBlockFlow {P} at (2,38) size 51x20
                LayoutText {#text} at (0,0) size 51x19
                  text run at (0,0) width 51: "Melanie"
              LayoutBlockFlow {P} at (2,74) size 51x20
                LayoutText {#text} at (0,0) size 47x19
                  text run at (0,0) width 47: "Tamara"
