layer at (0,0) size 800x600
  LayoutView at (0,0) size 800x600
layer at (0,0) size 800x600
  LayoutBlockFlow {HTML} at (0,0) size 800x600
    LayoutBlockFlow {BODY} at (8,8) size 784x584
      LayoutTable {TABLE} at (0,0) size 98x62
        LayoutTableSection {TBODY} at (0,0) size 98x62
          LayoutTableRow {TR} at (0,2) size 98x58
            LayoutTableCell {TD} at (2,2) size 94x58 [r=0 c=0 rs=1 cs=1]
              LayoutBlockFlow {DIV} at (1,1) size 92x56
                LayoutBlockFlow {P} at (0,0) size 92x20
                  LayoutText {#text} at (0,0) size 91x19
                    text run at (0,0) width 91: "Paragraph one"
                LayoutBlockFlow {P} at (0,36) size 92x20
                  LayoutText {#text} at (0,0) size 92x19
                    text run at (0,0) width 92: "Paragraph two"
