layer at (0,0) size 800x600
  LayoutView at (0,0) size 800x600
layer at (0,0) size 800x600
  LayoutBlockFlow {HTML} at (0,0) size 800x600
    LayoutBlockFlow {BODY} at (8,8) size 784x584
      LayoutTable {TABLE} at (0,0) size 740x26
        LayoutTableSection {TBODY} at (0,0) size 740x26
          LayoutTableRow {TR} at (0,2) size 740x22
            LayoutTableCell {TD} at (2,2) size 304x22 [r=0 c=0 rs=1 cs=1]
              LayoutText {#text} at (1,1) size 302x19
                text run at (1,1) width 302: "The quick brown fox jumped over the lazy dog."
            LayoutTableCell {TD} at (308,2) size 430x22 [r=0 c=1 rs=1 cs=1]
              LayoutText {#text} at (1,1) size 428x19
                text run at (1,1) width 428: "Now is the time for all good men to come to the aid of their country."
