layer at (0,0) size 800x600
  LayoutView at (0,0) size 800x600
layer at (0,0) size 800x68
  LayoutBlockFlow {html} at (0,0) size 800x68
    LayoutBlockFlow {body} at (8,8) size 784x0
      LayoutBlockFlow (floating) {float} at (0,0) size 157x60 [bgcolor=#FF0000]
        LayoutTable (anonymous) at (0,0) size 157x60
          LayoutTableSection (anonymous) at (0,0) size 157x60
            LayoutTableRow (anonymous) at (0,0) size 157x20
              LayoutTableCell {cell} at (0,0) size 157x20 [color=#FFFFFF] [bgcolor=#008000] [r=0 c=0 rs=1 cs=1]
                LayoutText {#text} at (52,0) size 53x19
                  text run at (52,0) width 53: "THERE"
            LayoutTableRow {row} at (0,20) size 157x20
              LayoutTableCell (anonymous) at (0,20) size 157x20 [r=1 c=0 rs=1 cs=1]
                LayoutTable {table} at (0,0) size 157x20
                  LayoutTableSection (anonymous) at (0,0) size 157x20
                    LayoutTableRow (anonymous) at (0,0) size 157x20
                      LayoutTableCell {cell} at (0,0) size 82x20 [color=#FFFFFF] [bgcolor=#008000] [r=0 c=0 rs=1 cs=1]
                        LayoutText {#text} at (0,0) size 82x19
                          text run at (0,0) width 82: "SHOULD B"
                      LayoutTableCell {cell} at (82,0) size 26x20 [color=#FFFFFF] [bgcolor=#008000] [r=0 c=1 rs=1 cs=1]
                        LayoutText {#text} at (0,0) size 26x19
                          text run at (0,0) width 26: "E N"
                      LayoutTableCell {cell} at (108,0) size 49x20 [color=#FFFFFF] [bgcolor=#008000] [r=0 c=2 rs=1 cs=1]
                        LayoutText {#text} at (0,0) size 49x19
                          text run at (0,0) width 49: "O RED"
            LayoutTableRow (anonymous) at (0,40) size 157x20
              LayoutTableCell {cell} at (0,40) size 157x20 [color=#FFFFFF] [bgcolor=#008000] [r=2 c=0 rs=1 cs=1]
                LayoutText {#text} at (31,0) size 95x19
                  text run at (31,0) width 95: "ANYWHERE"
