layer at (0,0) size 800x600
  LayoutView at (0,0) size 800x600
layer at (0,0) size 800x600
  LayoutBlockFlow {HTML} at (0,0) size 800x600
    LayoutBlockFlow {BODY} at (8,8) size 784x584
      LayoutBlockFlow {P} at (0,0) size 784x20
        LayoutText {#text} at (0,0) size 124x19
          text run at (0,0) width 124: "No col or colgroup:"
      LayoutTable {TABLE} at (0,36) size 705x82 [border: (1px outset #808080)]
        LayoutTableSection {TBODY} at (1,1) size 703x80
          LayoutTableRow {TR} at (0,2) size 703x24
            LayoutTableCell {TD} at (2,2) size 231x24 [border: (1px inset #808080)] [r=0 c=0 rs=1 cs=1]
              LayoutText {#text} at (2,2) size 30x19
                text run at (2,2) width 30: "Data"
            LayoutTableCell {TD} at (235,2) size 232x24 [border: (1px inset #808080)] [r=0 c=1 rs=1 cs=1]
              LayoutText {#text} at (2,2) size 30x19
                text run at (2,2) width 30: "Data"
            LayoutTableCell {TD} at (469,2) size 232x24 [border: (1px inset #808080)] [r=0 c=2 rs=1 cs=1]
              LayoutText {#text} at (2,2) size 30x19
                text run at (2,2) width 30: "Data"
          LayoutTableRow {TR} at (0,28) size 703x24
            LayoutTableCell {TD} at (2,28) size 231x24 [border: (1px inset #808080)] [r=1 c=0 rs=1 cs=1]
              LayoutText {#text} at (2,2) size 30x19
                text run at (2,2) width 30: "Data"
            LayoutTableCell {TD} at (235,28) size 232x24 [border: (1px inset #808080)] [r=1 c=1 rs=1 cs=1]
              LayoutText {#text} at (2,2) size 30x19
                text run at (2,2) width 30: "Data"
            LayoutTableCell {TD} at (469,28) size 232x24 [border: (1px inset #808080)] [r=1 c=2 rs=1 cs=1]
              LayoutText {#text} at (2,2) size 30x19
                text run at (2,2) width 30: "Data"
          LayoutTableRow {TR} at (0,54) size 703x24
            LayoutTableCell {TD} at (2,54) size 231x24 [border: (1px inset #808080)] [r=2 c=0 rs=1 cs=1]
              LayoutText {#text} at (2,2) size 30x19
                text run at (2,2) width 30: "Data"
            LayoutTableCell {TD} at (235,54) size 232x24 [border: (1px inset #808080)] [r=2 c=1 rs=1 cs=1]
              LayoutText {#text} at (2,2) size 30x19
                text run at (2,2) width 30: "Data"
            LayoutTableCell {TD} at (469,54) size 232x24 [border: (1px inset #808080)] [r=2 c=2 rs=1 cs=1]
              LayoutText {#text} at (2,2) size 30x19
                text run at (2,2) width 30: "Data"
      LayoutBlockFlow {P} at (0,134) size 784x20
        LayoutText {#text} at (0,0) size 287x19
          text run at (0,0) width 287: "col elements with align=center on second col:"
      LayoutTable {TABLE} at (0,170) size 705x82 [border: (1px outset #808080)]
        LayoutTableCol {COLGROUP} at (0,0) size 0x0
          LayoutTableCol {COL} at (0,0) size 0x0
          LayoutTableCol {COL} at (0,0) size 0x0
          LayoutTableCol {COL} at (0,0) size 0x0
        LayoutTableSection {TBODY} at (1,1) size 703x80
          LayoutTableRow {TR} at (0,2) size 703x24
            LayoutTableCell {TD} at (2,2) size 231x24 [border: (1px inset #808080)] [r=0 c=0 rs=1 cs=1]
              LayoutText {#text} at (2,2) size 30x19
                text run at (2,2) width 30: "Data"
            LayoutTableCell {TD} at (235,2) size 232x24 [border: (1px inset #808080)] [r=0 c=1 rs=1 cs=1]
              LayoutText {#text} at (2,2) size 30x19
                text run at (2,2) width 30: "Data"
            LayoutTableCell {TD} at (469,2) size 232x24 [border: (1px inset #808080)] [r=0 c=2 rs=1 cs=1]
              LayoutText {#text} at (2,2) size 30x19
                text run at (2,2) width 30: "Data"
          LayoutTableRow {TR} at (0,28) size 703x24
            LayoutTableCell {TD} at (2,28) size 231x24 [border: (1px inset #808080)] [r=1 c=0 rs=1 cs=1]
              LayoutText {#text} at (2,2) size 30x19
                text run at (2,2) width 30: "Data"
            LayoutTableCell {TD} at (235,28) size 232x24 [border: (1px inset #808080)] [r=1 c=1 rs=1 cs=1]
              LayoutText {#text} at (2,2) size 30x19
                text run at (2,2) width 30: "Data"
            LayoutTableCell {TD} at (469,28) size 232x24 [border: (1px inset #808080)] [r=1 c=2 rs=1 cs=1]
              LayoutText {#text} at (2,2) size 30x19
                text run at (2,2) width 30: "Data"
          LayoutTableRow {TR} at (0,54) size 703x24
            LayoutTableCell {TD} at (2,54) size 231x24 [border: (1px inset #808080)] [r=2 c=0 rs=1 cs=1]
              LayoutText {#text} at (2,2) size 30x19
                text run at (2,2) width 30: "Data"
            LayoutTableCell {TD} at (235,54) size 232x24 [border: (1px inset #808080)] [r=2 c=1 rs=1 cs=1]
              LayoutText {#text} at (2,2) size 30x19
                text run at (2,2) width 30: "Data"
            LayoutTableCell {TD} at (469,54) size 232x24 [border: (1px inset #808080)] [r=2 c=2 rs=1 cs=1]
              LayoutText {#text} at (2,2) size 30x19
                text run at (2,2) width 30: "Data"
      LayoutBlockFlow {P} at (0,268) size 784x20
        LayoutText {#text} at (0,0) size 532x19
          text run at (0,0) width 532: "colgroup and col elements, with align on colgroup so 2nd and 3rd columns centered:"
      LayoutTable {TABLE} at (0,304) size 705x82 [border: (1px outset #808080)]
        LayoutTableCol {COLGROUP} at (0,0) size 0x0
          LayoutTableCol {COL} at (0,0) size 0x0
        LayoutTableCol {COLGROUP} at (0,0) size 0x0
          LayoutTableCol {COL} at (0,0) size 0x0
          LayoutTableCol {COL} at (0,0) size 0x0
        LayoutTableSection {TBODY} at (1,1) size 703x80
          LayoutTableRow {TR} at (0,2) size 703x24
            LayoutTableCell {TD} at (2,2) size 231x24 [border: (1px inset #808080)] [r=0 c=0 rs=1 cs=1]
              LayoutText {#text} at (2,2) size 30x19
                text run at (2,2) width 30: "Data"
            LayoutTableCell {TD} at (235,2) size 232x24 [border: (1px inset #808080)] [r=0 c=1 rs=1 cs=1]
              LayoutText {#text} at (2,2) size 30x19
                text run at (2,2) width 30: "Data"
            LayoutTableCell {TD} at (469,2) size 232x24 [border: (1px inset #808080)] [r=0 c=2 rs=1 cs=1]
              LayoutText {#text} at (2,2) size 30x19
                text run at (2,2) width 30: "Data"
          LayoutTableRow {TR} at (0,28) size 703x24
            LayoutTableCell {TD} at (2,28) size 231x24 [border: (1px inset #808080)] [r=1 c=0 rs=1 cs=1]
              LayoutText {#text} at (2,2) size 30x19
                text run at (2,2) width 30: "Data"
            LayoutTableCell {TD} at (235,28) size 232x24 [border: (1px inset #808080)] [r=1 c=1 rs=1 cs=1]
              LayoutText {#text} at (2,2) size 30x19
                text run at (2,2) width 30: "Data"
            LayoutTableCell {TD} at (469,28) size 232x24 [border: (1px inset #808080)] [r=1 c=2 rs=1 cs=1]
              LayoutText {#text} at (2,2) size 30x19
                text run at (2,2) width 30: "Data"
          LayoutTableRow {TR} at (0,54) size 703x24
            LayoutTableCell {TD} at (2,54) size 231x24 [border: (1px inset #808080)] [r=2 c=0 rs=1 cs=1]
              LayoutText {#text} at (2,2) size 30x19
                text run at (2,2) width 30: "Data"
            LayoutTableCell {TD} at (235,54) size 232x24 [border: (1px inset #808080)] [r=2 c=1 rs=1 cs=1]
              LayoutText {#text} at (2,2) size 30x19
                text run at (2,2) width 30: "Data"
            LayoutTableCell {TD} at (469,54) size 232x24 [border: (1px inset #808080)] [r=2 c=2 rs=1 cs=1]
              LayoutText {#text} at (2,2) size 30x19
                text run at (2,2) width 30: "Data"
      LayoutBlockFlow {P} at (0,402) size 784x20
        LayoutText {#text} at (0,0) size 437x19
          text run at (0,0) width 437: "colgroup and col elements, with align on col so 2nd column centered:"
      LayoutTable {TABLE} at (0,438) size 705x82 [border: (1px outset #808080)]
        LayoutTableCol {COLGROUP} at (0,0) size 0x0
          LayoutTableCol {COL} at (0,0) size 0x0
        LayoutTableCol {COLGROUP} at (0,0) size 0x0
          LayoutTableCol {COL} at (0,0) size 0x0
          LayoutTableCol {COL} at (0,0) size 0x0
        LayoutTableSection {TBODY} at (1,1) size 703x80
          LayoutTableRow {TR} at (0,2) size 703x24
            LayoutTableCell {TD} at (2,2) size 231x24 [border: (1px inset #808080)] [r=0 c=0 rs=1 cs=1]
              LayoutText {#text} at (2,2) size 30x19
                text run at (2,2) width 30: "Data"
            LayoutTableCell {TD} at (235,2) size 232x24 [border: (1px inset #808080)] [r=0 c=1 rs=1 cs=1]
              LayoutText {#text} at (2,2) size 30x19
                text run at (2,2) width 30: "Data"
            LayoutTableCell {TD} at (469,2) size 232x24 [border: (1px inset #808080)] [r=0 c=2 rs=1 cs=1]
              LayoutText {#text} at (2,2) size 30x19
                text run at (2,2) width 30: "Data"
          LayoutTableRow {TR} at (0,28) size 703x24
            LayoutTableCell {TD} at (2,28) size 231x24 [border: (1px inset #808080)] [r=1 c=0 rs=1 cs=1]
              LayoutText {#text} at (2,2) size 30x19
                text run at (2,2) width 30: "Data"
            LayoutTableCell {TD} at (235,28) size 232x24 [border: (1px inset #808080)] [r=1 c=1 rs=1 cs=1]
              LayoutText {#text} at (2,2) size 30x19
                text run at (2,2) width 30: "Data"
            LayoutTableCell {TD} at (469,28) size 232x24 [border: (1px inset #808080)] [r=1 c=2 rs=1 cs=1]
              LayoutText {#text} at (2,2) size 30x19
                text run at (2,2) width 30: "Data"
          LayoutTableRow {TR} at (0,54) size 703x24
            LayoutTableCell {TD} at (2,54) size 231x24 [border: (1px inset #808080)] [r=2 c=0 rs=1 cs=1]
              LayoutText {#text} at (2,2) size 30x19
                text run at (2,2) width 30: "Data"
            LayoutTableCell {TD} at (235,54) size 232x24 [border: (1px inset #808080)] [r=2 c=1 rs=1 cs=1]
              LayoutText {#text} at (2,2) size 30x19
                text run at (2,2) width 30: "Data"
            LayoutTableCell {TD} at (469,54) size 232x24 [border: (1px inset #808080)] [r=2 c=2 rs=1 cs=1]
              LayoutText {#text} at (2,2) size 30x19
                text run at (2,2) width 30: "Data"
