layer at (0,0) size 800x600
  LayoutView at (0,0) size 800x600
layer at (0,0) size 800x600
  LayoutBlockFlow {HTML} at (0,0) size 800x600
    LayoutBlockFlow {BODY} at (8,8) size 784x584
      LayoutBlockFlow {P} at (0,0) size 784x80
        LayoutText {#text} at (0,0) size 784x79
          text run at (0,0) width 727: "The table below should have two columns and a total of 7 cells, arranged in an alternating/overlapping fashion. The"
          text run at (0,20) width 784: "cellspacing=0 for this table. In Nav4.5, this example can be viewed. In 5.0 (jun08 win95), this example displays (apparently)"
          text run at (0,40) width 770: "as a simple 2x2 table (i.e., some elements are not displayed at all). (The numbers are the position of each TD in the HTML"
          text run at (0,60) width 50: "source)."
      LayoutTable {TABLE} at (0,96) size 22x126 [border: (1px outset #808080)]
        LayoutTableSection {TBODY} at (1,1) size 20x124
          LayoutTableRow {TR} at (0,0) size 20x22
            LayoutTableCell {TD} at (0,10) size 10x22 [border: (1px inset #808080)] [r=0 c=0 rs=2 cs=1]
              LayoutText {#text} at (1,1) size 8x19
                text run at (1,1) width 8: "1"
            LayoutTableCell {TD} at (10,0) size 10x22 [border: (1px inset #808080)] [r=0 c=1 rs=1 cs=1]
              LayoutText {#text} at (1,1) size 8x19
                text run at (1,1) width 8: "2"
          LayoutTableRow {TR} at (0,22) size 20x20
            LayoutTableCell {TD} at (10,31) size 10x22 [border: (1px inset #808080)] [r=1 c=1 rs=2 cs=1]
              LayoutText {#text} at (1,1) size 8x19
                text run at (1,1) width 8: "3"
          LayoutTableRow {TR} at (0,42) size 20x20
            LayoutTableCell {TD} at (0,51) size 10x22 [border: (1px inset #808080)] [r=2 c=0 rs=2 cs=1]
              LayoutText {#text} at (1,1) size 8x19
                text run at (1,1) width 8: "4"
          LayoutTableRow {TR} at (0,62) size 20x20
            LayoutTableCell {TD} at (10,71) size 10x22 [border: (1px inset #808080)] [r=3 c=1 rs=2 cs=1]
              LayoutText {#text} at (1,1) size 8x19
                text run at (1,1) width 8: "5"
          LayoutTableRow {TR} at (0,82) size 20x20
            LayoutTableCell {TD} at (0,92) size 10x22 [border: (1px inset #808080)] [r=4 c=0 rs=2 cs=1]
              LayoutText {#text} at (1,1) size 8x19
                text run at (1,1) width 8: "6"
          LayoutTableRow {TR} at (0,102) size 20x22
            LayoutTableCell {TD} at (10,102) size 10x22 [border: (1px inset #808080)] [r=5 c=1 rs=1 cs=1]
              LayoutText {#text} at (1,1) size 8x19
                text run at (1,1) width 8: "7"
      LayoutBlockFlow {P} at (0,238) size 784x40
        LayoutText {#text} at (0,0) size 766x39
          text run at (0,0) width 766: "This is the same table as above, but cellspacing=5 in this case. For 5.0, (jun08 win95) notice the odd cellspacing overlaps."
          text run at (0,20) width 128: "See also bug #6304."
      LayoutTable {TABLE} at (0,294) size 37x151 [border: (1px outset #808080)]
        LayoutTableSection {TBODY} at (1,1) size 35x149
          LayoutTableRow {TR} at (0,5) size 35x22
            LayoutTableCell {TD} at (5,16) size 10x22 [border: (1px inset #808080)] [r=0 c=0 rs=2 cs=1]
              LayoutText {#text} at (1,1) size 8x19
                text run at (1,1) width 8: "1"
            LayoutTableCell {TD} at (20,5) size 10x22 [border: (1px inset #808080)] [r=0 c=1 rs=1 cs=1]
              LayoutText {#text} at (1,1) size 8x19
                text run at (1,1) width 8: "2"
          LayoutTableRow {TR} at (0,32) size 35x17
            LayoutTableCell {TD} at (20,41) size 10x22 [border: (1px inset #808080)] [r=1 c=1 rs=2 cs=1]
              LayoutText {#text} at (1,1) size 8x19
                text run at (1,1) width 8: "3"
          LayoutTableRow {TR} at (0,54) size 35x18
            LayoutTableCell {TD} at (5,63) size 10x22 [border: (1px inset #808080)] [r=2 c=0 rs=2 cs=1]
              LayoutText {#text} at (1,1) size 8x19
                text run at (1,1) width 8: "4"
          LayoutTableRow {TR} at (0,77) size 35x17
            LayoutTableCell {TD} at (20,86) size 10x22 [border: (1px inset #808080)] [r=3 c=1 rs=2 cs=1]
              LayoutText {#text} at (1,1) size 8x19
                text run at (1,1) width 8: "5"
          LayoutTableRow {TR} at (0,99) size 35x18
            LayoutTableCell {TD} at (5,110) size 10x22 [border: (1px inset #808080)] [r=4 c=0 rs=2 cs=1]
              LayoutText {#text} at (1,1) size 8x19
                text run at (1,1) width 8: "6"
          LayoutTableRow {TR} at (0,122) size 35x22
            LayoutTableCell {TD} at (20,122) size 10x22 [border: (1px inset #808080)] [r=5 c=1 rs=1 cs=1]
              LayoutText {#text} at (1,1) size 8x19
                text run at (1,1) width 8: "7"
