layer at (0,0) size 800x600
  LayoutView at (0,0) size 800x600
layer at (0,0) size 800x600
  LayoutBlockFlow {HTML} at (0,0) size 800x600
    LayoutBlockFlow {BODY} at (8,8) size 784x584 [bgcolor=#FFFFFF]
      LayoutTable {TABLE} at (0,0) size 642x180 [border: (1px outset #808080)]
        LayoutTableSection {TBODY} at (1,1) size 640x178
          LayoutTableRow {TR} at (0,2) size 640x174
            LayoutTableCell {TD} at (2,84) size 124x10 [border: (1px inset #808080)] [r=0 c=0 rs=1 cs=1]
              LayoutTable {TABLE} at (2,2) size 120x6
                LayoutTableSection {TBODY} at (0,0) size 120x6
                  LayoutTableRow {TR} at (0,2) size 120x2
                    LayoutTableCell {TD} at (2,2) size 116x2 [r=0 c=0 rs=1 cs=1]
            LayoutTableCell {TD} at (128,2) size 510x174 [border: (1px inset #808080)] [r=0 c=1 rs=1 cs=1]
              LayoutTable {TABLE} at (2,2) size 506x170 [border: (1px outset #808080)]
                LayoutTableSection {TBODY} at (1,1) size 504x168
                  LayoutTableRow {TR} at (0,2) size 504x164
                    LayoutTableCell {TD} at (2,2) size 500x164 [border: (1px inset #808080)] [r=0 c=0 rs=1 cs=1]
                      LayoutTable {TABLE} at (2,2) size 496x80
                        LayoutTableSection {TBODY} at (0,0) size 496x80
                          LayoutTableRow {TR} at (0,10) size 496x60
                            LayoutTableCell {TD} at (10,10) size 476x60 [r=0 c=0 rs=1 cs=1]
                              LayoutInline {A} at (0,0) size 468x19 [color=#0000EE]
                                LayoutImage {IMG} at (0,0) size 468x60
                      LayoutBlockFlow (anonymous) at (2,82) size 496x80
                        LayoutText {#text} at (0,0) size 480x79
                          text run at (0,0) width 295: "Your donation to protect our wildlife was paid "
                          text run at (294,0) width 167: "for by the sponsors on this"
                          text run at (0,20) width 109: "page, so it's free. "
                          text run at (109,20) width 371: "100% of each donation is distributed through organizations"
                          text run at (0,40) width 352: "working hard to protect our wildlife. You can view live "
                          text run at (351,40) width 109: "donation totals in"
                          text run at (0,60) width 207: "support of this cause by clicking."
