layer at (0,0) size 800x600
  LayoutView at (0,0) size 800x600
layer at (0,0) size 800x600
  LayoutBlockFlow {HTML} at (0,0) size 800x600
    LayoutBlockFlow {BODY} at (8,8) size 784x584
      LayoutBlockFlow {P} at (0,0) size 784x40
        LayoutText {#text} at (0,0) size 767x39
          text run at (0,0) width 767: "The image below has a width of 459px. When the table below it has a width of 459px or greater, the bottom row overlaps"
          text run at (0,20) width 72: "the top row"
      LayoutBlockFlow (anonymous) at (0,56) size 784x20
        LayoutText {#text} at (0,0) size 140x19
          text run at (0,0) width 140: "Table with width=459"
        LayoutBR {BR} at (139,15) size 1x0
      LayoutTable {TABLE} at (0,76) size 784x266 [border: (1px outset #808080)]
        LayoutTableSection {TBODY} at (1,1) size 782x264
          LayoutTableRow {TR} at (0,2) size 782x154
            LayoutTableCell {TD} at (2,120) size 49x24 [border: (1px inset #808080)] [r=0 c=0 rs=2 cs=1]
              LayoutText {#text} at (2,2) size 45x19
                text run at (2,2) width 45: "sidebar"
            LayoutTableCell {TD} at (53,2) size 727x154 [border: (1px inset #808080)] [r=0 c=1 rs=1 cs=1]
              LayoutBlockFlow (anonymous) at (2,2) size 723x120
                LayoutImage {IMG} at (0,0) size 459x120
                LayoutText {#text} at (0,0) size 0x0
              LayoutTable {TABLE} at (2,122) size 459x30 [border: (1px outset #808080)]
                LayoutTableSection {TBODY} at (1,1) size 457x28
                  LayoutTableRow {TR} at (0,2) size 457x24
                    LayoutTableCell {TD} at (2,2) size 453x24 [border: (1px inset #808080)] [r=0 c=0 rs=1 cs=1]
                      LayoutText {#text} at (2,2) size 126x19
                        text run at (2,2) width 126: "THIS IS A TABLE"
          LayoutTableRow {TR} at (0,158) size 782x104
            LayoutTableCell {TD} at (53,158) size 727x104 [border: (1px inset #808080)] [r=1 c=1 rs=1 cs=1]
              LayoutText {#text} at (2,2) size 717x99
                text run at (2,2) width 588: "The XML Cover Pages is a comprehensive online reference work for the Extensible Markup "
                text run at (590,2) width 113: "Language (XML)"
                text run at (2,22) width 376: "and its parent, the Standard Generalized Markup Language "
                text run at (378,22) width 331: "(SGML). The reference collection features extensive"
                text run at (2,42) width 140: "documentation on the "
                text run at (142,42) width 495: "application of the open, interoperable \"markup language\" standards, including "
                text run at (637,42) width 82: "XSL, XSLT,"
                text run at (2,62) width 661: "XPath, XQuery, XLink, XPointer, XHTML, HyTime, DSSSL, CSS, SPDL, SVG, CGM, ISO-HTML, "
                text run at (662,62) width 24: "and"
                text run at (2,82) width 42: "others."
