layer at (0,0) size 800x600
  LayoutView at (0,0) size 800x600
layer at (0,0) size 800x600
  LayoutBlockFlow {HTML} at (0,0) size 800x600
    LayoutBlockFlow {BODY} at (8,8) size 784x584 [bgcolor=#3333FF]
      LayoutBlockFlow {CENTER} at (0,0) size 784x72
        LayoutTable {TABLE} at (181.50,0) size 421x72 [bgcolor=#FFFFFF] [border: (2px outset #808080)]
          LayoutBlockFlow {CAPTION} at (0,0) size 421x22
            LayoutInline {B} at (0,0) size 131x19
              LayoutInline {FONT} at (0,0) size 131x21 [color=#C0C0C0]
                LayoutText {#text} at (145,0) size 131x21
                  text run at (145,0) width 131: "Future Bugzilla"
            LayoutText {#text} at (0,0) size 0x0
          LayoutTableSection {TBODY} at (2,24) size 417x46
            LayoutTableRow {TR} at (0,2) size 417x20
              LayoutTableCell {TD} at (2,2) size 40x20 [bgcolor=#009900] [border: (1px inset #808080)] [r=0 c=0 rs=1 cs=1]
                LayoutBlockFlow {DIV} at (2,2) size 36x16
                  LayoutInline {B} at (0,0) size 36x19
                    LayoutInline {FONT} at (0,0) size 36x15
                      LayoutText {#text} at (0,0) size 36x15
                        text run at (0,0) width 36: "Credit"
              LayoutTableCell {TD} at (44,2) size 39x20 [bgcolor=#009900] [border: (1px inset #808080)] [r=0 c=1 rs=1 cs=1]
                LayoutInline {B} at (0,0) size 23x19
                  LayoutInline {FONT} at (0,0) size 23x15
                    LayoutText {#text} at (2,2) size 23x15
                      text run at (2,2) width 23: "Bug"
              LayoutTableCell {TD} at (85,2) size 138x20 [bgcolor=#009900] [border: (1px inset #808080)] [r=0 c=2 rs=1 cs=1]
                LayoutInline {B} at (0,0) size 56x19
                  LayoutInline {FONT} at (0,0) size 56x15
                    LayoutText {#text} at (2,2) size 56x15
                      text run at (2,2) width 56: "Summary"
              LayoutTableCell {TD} at (225,2) size 55x20 [bgcolor=#009900] [border: (1px inset #808080)] [r=0 c=3 rs=1 cs=1]
                LayoutInline {B} at (0,0) size 34x19
                  LayoutInline {FONT} at (0,0) size 34x15
                    LayoutText {#text} at (2,2) size 34x15
                      text run at (2,2) width 34: "Status"
              LayoutTableCell {TD} at (282,2) size 64x20 [bgcolor=#009900] [border: (1px inset #808080)] [r=0 c=4 rs=1 cs=1]
                LayoutInline {B} at (0,0) size 60x19
                  LayoutInline {FONT} at (0,0) size 60x15
                    LayoutText {#text} at (2,2) size 60x15
                      text run at (2,2) width 60: "Resolution"
              LayoutTableCell {TD} at (348,2) size 67x20 [bgcolor=#009900] [border: (1px inset #808080)] [r=0 c=5 rs=1 cs=1]
                LayoutInline {B} at (0,0) size 63x19
                  LayoutInline {FONT} at (0,0) size 63x15
                    LayoutText {#text} at (2,2) size 63x15
                      text run at (2,2) width 63: "Date (-8/-7)"
            LayoutTableRow {TR} at (0,24) size 417x20
              LayoutTableCell {TD} at (2,24) size 40x20 [bgcolor=#FF0000] [border: (1px inset #808080)] [r=1 c=0 rs=1 cs=1]
                LayoutInline {B} at (0,0) size 7x19
                  LayoutInline {FONT} at (0,0) size 7x15
                    LayoutText {#text} at (2,2) size 7x15
                      text run at (2,2) width 7: "1"
              LayoutTableCell {TD} at (44,24) size 39x20 [bgcolor=#FF0000] [border: (1px inset #808080)] [r=1 c=1 rs=1 cs=1]
                LayoutInline {B} at (0,0) size 35x19
                  LayoutInline {FONT} at (0,0) size 35x15
                    LayoutText {#text} at (0,0) size 0x0
                    LayoutInline {A} at (0,0) size 35x15
                      LayoutText {#text} at (2,2) size 35x15
                        text run at (2,2) width 35: "10000"
                    LayoutText {#text} at (0,0) size 0x0
              LayoutTableCell {TD} at (85,24) size 138x20 [bgcolor=#FF0000] [border: (1px inset #808080)] [r=1 c=2 rs=1 cs=1]
                LayoutInline {B} at (0,0) size 134x19
                  LayoutInline {FONT} at (0,0) size 134x15
                    LayoutText {#text} at (2,2) size 134x15
                      text run at (2,2) width 134: "JWZ returns to Mozilla"
              LayoutTableCell {TD} at (225,24) size 55x20 [bgcolor=#FF0000] [border: (1px inset #808080)] [r=1 c=3 rs=1 cs=1]
                LayoutInline {B} at (0,0) size 51x19
                  LayoutInline {FONT} at (0,0) size 51x15
                    LayoutText {#text} at (2,2) size 51x15
                      text run at (2,2) width 51: "Resolved"
              LayoutTableCell {TD} at (282,24) size 64x20 [bgcolor=#FF0000] [border: (1px inset #808080)] [r=1 c=4 rs=1 cs=1]
                LayoutInline {B} at (0,0) size 54x19
                  LayoutInline {FONT} at (0,0) size 54x15
                    LayoutText {#text} at (2,2) size 54x15
                      text run at (2,2) width 54: "Duplicate"
              LayoutTableCell {TD} at (348,24) size 67x20 [bgcolor=#FF0000] [border: (1px inset #808080)] [r=1 c=5 rs=1 cs=1]
                LayoutInline {B} at (0,0) size 35x19
                  LayoutInline {FONT} at (0,0) size 35x15
                    LayoutText {#text} at (2,2) size 35x15
                      text run at (2,2) width 35: "July 1"
