layer at (0,0) size 800x600
  LayoutView at (0,0) size 800x600
layer at (0,0) size 800x600
  LayoutBlockFlow {HTML} at (0,0) size 800x600
    LayoutBlockFlow {BODY} at (0,0) size 800x584
      LayoutBlockFlow {P} at (0,0) size 800x60
        LayoutText {#text} at (20,0) size 634x19
          text run at (20,0) width 429: "Here's the structure of the problem table (which usually begins with "
          text run at (449,0) width 65: "'N E W S "
          text run at (514,0) width 140: "H E A D L I N E S'). "
        LayoutBR {BR} at (654,15) size 0x0
        LayoutText {#text} at (20,20) size 324x19
          text run at (20,20) width 324: "This table is width 100%; two rows; three columns;"
        LayoutBR {BR} at (344,35) size 0x0
        LayoutText {#text} at (20,40) size 469x19
          text run at (20,40) width 469: "The first row: widths 15, 125, 15 ... The second row: widths 15, 100%, 15"
      LayoutTable {TABLE} at (0,76) size 800x41 [border: (1px outset #808080)]
        LayoutTableSection {TBODY} at (1,1) size 798x39
          LayoutTableRow {TR} at (0,0) size 798x17
            LayoutTableCell {TD} at (0,7) size 17x3 [bgcolor=#666666] [border: (1px inset #808080)] [r=0 c=0 rs=1 cs=1]
              LayoutImage {IMG} at (1,1) size 15x1
            LayoutTableCell {TD} at (17,0) size 764x17 [border: (1px inset #808080)] [r=0 c=1 rs=1 cs=1]
              LayoutBlockFlow {IMG} at (1,1) size 110x15
                LayoutInline {SPAN} at (0,0) size 0x0
                  LayoutInline {SPAN} at (0,0) size 0x0
            LayoutTableCell {TD} at (781,7) size 17x3 [bgcolor=#666666] [border: (1px inset #808080)] [r=0 c=2 rs=1 cs=1]
              LayoutImage {IMG} at (1,1) size 15x1
          LayoutTableRow {TR} at (0,17) size 798x22
            LayoutTableCell {TD} at (0,26) size 17x3 [bgcolor=#666666] [border: (1px inset #808080)] [r=1 c=0 rs=1 cs=1]
              LayoutImage {IMG} at (1,1) size 15x1
            LayoutTableCell {TD} at (17,17) size 764x22 [border: (1px inset #808080)] [r=1 c=1 rs=1 cs=1]
              LayoutText {#text} at (1,1) size 23x19
                text run at (1,1) width 23: "that"
            LayoutTableCell {TD} at (781,26) size 17x3 [bgcolor=#666666] [border: (1px inset #808080)] [r=1 c=2 rs=1 cs=1]
              LayoutBlockFlow {IMG} at (1,1) size 15x1
                LayoutInline {SPAN} at (0,0) size 0x0
                  LayoutInline {SPAN} at (0,0) size 0x0
      LayoutBlockFlow {P} at (0,133) size 800x40
        LayoutText {#text} at (20,0) size 749x39
          text run at (20,0) width 259: "Here's the first row in a table on its own. "
          text run at (279,0) width 490: "This table is width 100%; one rows; three columns; This row: widths 15, 125,"
          text run at (20,20) width 16: "15"
      LayoutTable {TABLE} at (0,189) size 800x19 [border: (1px outset #808080)]
        LayoutTableSection {TBODY} at (1,1) size 798x17
          LayoutTableRow {TR} at (0,0) size 798x17
            LayoutTableCell {TD} at (0,7) size 84x3 [bgcolor=#666666] [border: (1px inset #808080)] [r=0 c=0 rs=1 cs=1]
              LayoutBlockFlow {IMG} at (1,1) size 15x1
                LayoutInline {SPAN} at (0,0) size 0x0
                  LayoutInline {SPAN} at (0,0) size 0x0
            LayoutTableCell {TD} at (84,0) size 629x17 [border: (1px inset #808080)] [r=0 c=1 rs=1 cs=1]
              LayoutBlockFlow {IMG} at (1,1) size 110x15
                LayoutInline {SPAN} at (0,0) size 0x0
                  LayoutInline {SPAN} at (0,0) size 0x0
            LayoutTableCell {TD} at (713,7) size 85x3 [bgcolor=#666666] [border: (1px inset #808080)] [r=0 c=2 rs=1 cs=1]
              LayoutBlockFlow {IMG} at (1,1) size 15x1
                LayoutInline {SPAN} at (0,0) size 0x0
                  LayoutInline {SPAN} at (0,0) size 0x0
      LayoutBlockFlow {P} at (0,224) size 800x40
        LayoutText {#text} at (20,0) size 737x39
          text run at (20,0) width 279: "Here's the second row in a table on its own. "
          text run at (299,0) width 458: "This table is width 100%; one rows; three columns; This row: widths 15,"
          text run at (20,20) width 61: "100%, 15"
      LayoutTable {TABLE} at (0,280) size 800x24 [border: (1px outset #808080)]
        LayoutTableSection {TBODY} at (1,1) size 798x22
          LayoutTableRow {TR} at (0,0) size 798x22
            LayoutTableCell {TD} at (0,9) size 17x3 [bgcolor=#666666] [border: (1px inset #808080)] [r=0 c=0 rs=1 cs=1]
              LayoutImage {IMG} at (1,1) size 15x1
            LayoutTableCell {TD} at (17,0) size 764x22 [border: (1px inset #808080)] [r=0 c=1 rs=1 cs=1]
              LayoutText {#text} at (1,1) size 23x19
                text run at (1,1) width 23: "that"
            LayoutTableCell {TD} at (781,9) size 17x3 [bgcolor=#666666] [border: (1px inset #808080)] [r=0 c=2 rs=1 cs=1]
              LayoutImage {IMG} at (1,1) size 15x1
      LayoutBlockFlow {P} at (0,320) size 800x40
        LayoutText {#text} at (20,0) size 727x39
          text run at (20,0) width 613: "Note that in Nav4.x, the middle column gets the width of the maximum width cell in the column; "
          text run at (633,0) width 114: "on 5.0, the middle"
          text run at (20,20) width 222: "column gets the opposite treatment."
