layer at (0,0) size 800x600 scrollWidth 2410
  LayoutView at (0,0) size 800x600
layer at (0,0) size 800x600
  LayoutBlockFlow {HTML} at (0,0) size 800x600
    LayoutBlockFlow {BODY} at (8,8) size 784x584
      LayoutBlockFlow (anonymous) at (0,0) size 784x20
        LayoutBR {BR} at (0,0) size 0x19
      LayoutTable {TABLE} at (0,20) size 324x64 [border: (1px outset #808080)]
        LayoutTableSection {TBODY} at (1,1) size 322x62
          LayoutTableRow {TR} at (0,0) size 322x62
            LayoutTableCell {TD} at (0,0) size 322x62 [border: (1px inset #808080)] [r=0 c=0 rs=1 cs=1]
              LayoutText {#text} at (1,1) size 313x59
                text run at (1,1) width 280: "Hotmail's Junk Mail spreading effort just got"
                text run at (1,21) width 44: "better! "
                text run at (45,21) width 269: "Now you can choose from 3 levels of junk"
                text run at (1,41) width 32: "mail!"
      LayoutBlockFlow (anonymous) at (0,84) size 784x80
        LayoutBR {BR} at (0,0) size 0x19
        LayoutBR {BR} at (0,20) size 0x19
        LayoutText {#text} at (0,40) size 437x19
          text run at (0,40) width 437: "the next table must overrun the visible part of the view (width=2400) "
        LayoutBR {BR} at (0,0) size 0x0
        LayoutBR {BR} at (0,60) size 0x19
      LayoutTable {TABLE} at (0,164) size 2402x64 [border: (1px outset #808080)]
        LayoutTableSection {TBODY} at (1,1) size 2400x62
          LayoutTableRow {TR} at (0,0) size 2400x62
            LayoutTableCell {TD} at (0,0) size 2400x62 [border: (1px inset #808080)] [r=0 c=0 rs=1 cs=1]
              LayoutText {#text} at (1,1) size 2372x59
                text run at (1,1) width 328: "Hotmail's Junk Mail spreading effort just got better! "
                text run at (328,1) width 310: "Now you can choose from 3 levels of junk mail! "
                text run at (637,1) width 329: "Hotmail's Junk Mail spreading effort just got better! "
                text run at (965,1) width 310: "Now you can choose from 3 levels of junk mail! "
                text run at (1274,1) width 329: "Hotmail's Junk Mail spreading effort just got better! "
                text run at (1602,1) width 310: "Now you can choose from 3 levels of junk mail! "
                text run at (1911,1) width 328: "Hotmail's Junk Mail spreading effort just got better! "
                text run at (2238,1) width 135: "Now you can choose"
                text run at (1,21) width 171: "from 3 levels of junk mail! "
                text run at (172,21) width 328: "Hotmail's Junk Mail spreading effort just got better! "
                text run at (499,21) width 310: "Now you can choose from 3 levels of junk mail! "
                text run at (808,21) width 329: "Hotmail's Junk Mail spreading effort just got better! "
                text run at (1136,21) width 310: "Now you can choose from 3 levels of junk mail! "
                text run at (1445,21) width 329: "Hotmail's Junk Mail spreading effort just got better! "
                text run at (1773,21) width 310: "Now you can choose from 3 levels of junk mail! "
                text run at (2082,21) width 280: "Hotmail's Junk Mail spreading effort just got"
                text run at (1,41) width 44: "better! "
                text run at (45,41) width 309: "Now you can choose from 3 levels of junk mail! "
                text run at (354,41) width 328: "Hotmail's Junk Mail spreading effort just got better! "
                text run at (681,41) width 310: "Now you can choose from 3 levels of junk mail! "
                text run at (990,41) width 329: "Hotmail's Junk Mail spreading effort just got better! "
                text run at (1318,41) width 306: "Now you can choose from 3 levels of junk mail!"
