layer at (0,0) size 800x600
  LayoutView at (0,0) size 800x600
layer at (0,0) size 800x600
  LayoutBlockFlow {HTML} at (0,0) size 800x600
    LayoutBlockFlow {BODY} at (8,8) size 784x584 [bgcolor=#FFFFFF]
      LayoutBlockFlow (anonymous) at (0,0) size 784x20
        LayoutText {#text} at (0,0) size 458x19
          text run at (0,0) width 458: "the purple text input control must be in the same line with the grey image"
      LayoutTable {TABLE} at (0,20) size 296x45
        LayoutTableSection {TBODY} at (0,0) size 296x45
          LayoutTableRow {TR} at (0,2) size 296x41
            LayoutTableCell {TD} at (2,2) size 292x41 [bgcolor=#CCDDFF] [border: (1px solid #000000)] [r=0 c=0 rs=1 cs=1]
              LayoutTextControl {INPUT} at (3,16) size 156x22 [bgcolor=#CCAAFF] [border: (2px inset #EEEEEE)]
              LayoutImage {IMG} at (162,4) size 126x26 [bgcolor=#C0C0C0] [border: (1px solid #000000)]
layer at (16,49) size 150x16
  LayoutBlockFlow {DIV} at (3,3) size 150x16
