layer at (0,0) size 800x600
  LayoutView at (0,0) size 800x600
layer at (0,0) size 800x600
  LayoutBlockFlow {HTML} at (0,0) size 800x600
    LayoutBlockFlow {BODY} at (8,8) size 784x584
      LayoutTable {TABLE} at (0,0) size 784x280 [border: (4px solid #0000FF)]
        LayoutTableSection {TBODY} at (4,4) size 776x272
          LayoutTableRow {TR} at (0,2) size 776x268
            LayoutTableCell {TD} at (2,2) size 600x120 [border: (1px solid #0000FF)] [r=0 c=0 rs=1 cs=1]
              LayoutTable {TABLE} at (2,2) size 596x116 [border: (4px solid #008000)]
                LayoutTableSection {TBODY} at (4,4) size 588x108
                  LayoutTableRow {TR} at (0,2) size 588x104
                    LayoutTableCell {TD} at (2,2) size 584x104 [border: (1px solid #008000)] [r=0 c=0 rs=1 cs=1]
                      LayoutText {#text} at (2,2) size 564x99
                        text run at (2,2) width 564: "this is a bunch of text. this is a bunch of text. this is a bunch of text. this is a bunch of text."
                        text run at (2,22) width 564: "this is a bunch of text. this is a bunch of text. this is a bunch of text. this is a bunch of text."
                        text run at (2,42) width 564: "this is a bunch of text. this is a bunch of text. this is a bunch of text. this is a bunch of text."
                        text run at (2,62) width 564: "this is a bunch of text. this is a bunch of text. this is a bunch of text. this is a bunch of text."
                        text run at (2,82) width 280: "this is a bunch of text. this is a bunch of text."
            LayoutTableCell {TD} at (604,2) size 170x268 [border: (1px solid #0000FF)] [r=0 c=1 rs=1 cs=1]
              LayoutTable {TABLE} at (2,2) size 166x264 [border: (4px solid #008000)]
                LayoutTableSection {TBODY} at (4,4) size 158x256
                  LayoutTableRow {TR} at (0,2) size 158x252
                    LayoutTableCell {TD} at (2,2) size 154x252 [border: (1px solid #008000)] [r=0 c=0 rs=1 cs=1]
                      LayoutBlockFlow (anonymous) at (2,2) size 150x20
                        LayoutText {#text} at (0,0) size 118x19
                          text run at (0,0) width 118: "this cell is nowrap."
                      LayoutTable {TABLE} at (2,22) size 150x228 [border: (4px solid #FF0000)]
                        LayoutTableSection {TBODY} at (4,4) size 142x220
                          LayoutTableRow {TR} at (0,2) size 142x216
                            LayoutTableCell {TD} at (2,2) size 138x216 [border: (1px solid #FF0000)] [r=0 c=0 rs=1 cs=1]
                              LayoutBlockFlow (anonymous) at (2,2) size 134x60
                                LayoutText {#text} at (0,0) size 133x59
                                  text run at (0,0) width 133: "this text is in a cell of"
                                  text run at (0,20) width 126: "a table, contained in"
                                  text run at (0,40) width 7: "a"
                              LayoutBlockFlow {P} at (2,78) size 134x20
                                LayoutInline {B} at (0,0) size 134x19
                                  LayoutText {#text} at (0,0) size 134x19
                                    text run at (0,0) width 134: "cell with NOWRAP"
                              LayoutBlockFlow (anonymous) at (2,114) size 134x100
                                LayoutText {#text} at (0,0) size 133x99
                                  text run at (0,0) width 119: "but this text should"
                                  text run at (0,20) width 41: "wrap! "
                                  text run at (41,20) width 83: "only the bold"
                                  text run at (0,40) width 129: "text should not wrap"
                                  text run at (0,60) width 133: "be cause is contained"
                                  text run at (0,80) width 128: "in a P that's nowrap."
      LayoutBlockFlow (anonymous) at (0,280) size 784x40
        LayoutBR {BR} at (0,0) size 0x19
        LayoutText {#text} at (0,20) size 323x19
          text run at (0,20) width 323: "Tables have a thick border, cells have a thin border."
