layer at (0,0) size 800x600
  LayoutView at (0,0) size 800x600
layer at (0,0) size 800x600
  LayoutBlockFlow {HTML} at (0,0) size 800x600
    LayoutBlockFlow {BODY} at (8,8) size 784x584
      LayoutBlockFlow (anonymous) at (0,0) size 784x20
        LayoutText {#text} at (0,0) size 348x19
          text run at (0,0) width 348: "The window needs to be resized smaller to see the bug "
        LayoutBR {BR} at (348,15) size 0x0
      LayoutTable {TABLE} at (0,20) size 447x26
        LayoutTableSection {TBODY} at (0,0) size 447x26
          LayoutTableRow {TR} at (0,2) size 447x22
            LayoutTableCell {TD} at (2,2) size 35x22 [r=0 c=0 rs=1 cs=1]
              LayoutText {#text} at (1,1) size 33x19
                text run at (1,1) width 33: "Back"
            LayoutTableCell {TD} at (39,2) size 56x22 [r=0 c=1 rs=1 cs=1]
              LayoutText {#text} at (1,1) size 54x19
                text run at (1,1) width 54: "Forward"
            LayoutTableCell {TD} at (97,2) size 47x22 [r=0 c=2 rs=1 cs=1]
              LayoutText {#text} at (1,1) size 45x19
                text run at (1,1) width 45: "Reload"
            LayoutTableCell {TD} at (146,2) size 41x22 [r=0 c=3 rs=1 cs=1]
              LayoutText {#text} at (1,1) size 39x19
                text run at (1,1) width 39: "Home"
            LayoutTableCell {TD} at (189,2) size 45x22 [r=0 c=4 rs=1 cs=1]
              LayoutText {#text} at (1,1) size 43x19
                text run at (1,1) width 43: "Search"
            LayoutTableCell {TD} at (236,2) size 86x22 [r=0 c=5 rs=1 cs=1]
              LayoutText {#text} at (1,1) size 84x19
                text run at (1,1) width 84: "My Netscape"
            LayoutTableCell {TD} at (324,2) size 32x22 [r=0 c=6 rs=1 cs=1]
              LayoutText {#text} at (1,1) size 30x19
                text run at (1,1) width 30: "Print"
            LayoutTableCell {TD} at (358,2) size 54x22 [r=0 c=7 rs=1 cs=1]
              LayoutText {#text} at (1,1) size 52x19
                text run at (1,1) width 52: "Security"
            LayoutTableCell {TD} at (414,2) size 31x22 [r=0 c=8 rs=1 cs=1]
              LayoutText {#text} at (1,1) size 29x19
                text run at (1,1) width 29: "Stop"
