layer at (0,0) size 800x600
  LayoutView at (0,0) size 800x600
layer at (0,0) size 800x600
  LayoutBlockFlow {HTML} at (0,0) size 800x600
    LayoutBlockFlow {BODY} at (8,8) size 784x584
      LayoutTable {TABLE} at (0,0) size 103x56 [border: (1px solid #FF0000)]
        LayoutTableSection {TBODY} at (1,1) size 101x54
          LayoutTableRow {TR} at (0,2) size 101x24
            LayoutTableCell {TD} at (2,2) size 30x24 [border: (1px solid #008000)] [r=0 c=0 rs=1 cs=1]
              LayoutText {#text} at (2,2) size 23x19
                text run at (2,2) width 23: "one"
            LayoutTableCell {TD} at (34,2) size 28x24 [border: (1px solid #FF0000)] [r=0 c=1 rs=1 cs=1]
              LayoutText {#text} at (2,2) size 24x19
                text run at (2,2) width 24: "two"
            LayoutTableCell {TD} at (64,2) size 35x24 [border: (1px solid #0000FF)] [r=0 c=2 rs=1 cs=1]
              LayoutText {#text} at (2,2) size 31x19
                text run at (2,2) width 31: "three"
          LayoutTableRow {TR} at (0,28) size 101x24
            LayoutTableCell {TD} at (2,28) size 30x24 [border: (1px solid #008000)] [r=1 c=0 rs=1 cs=1]
              LayoutText {#text} at (2,2) size 26x19
                text run at (2,2) width 26: "four"
            LayoutTableCell {TD} at (34,28) size 28x24 [border: (1px solid #FFFF00)] [r=1 c=1 rs=1 cs=1]
              LayoutText {#text} at (2,2) size 24x19
                text run at (2,2) width 24: "five"
            LayoutTableCell {TD} at (64,28) size 35x24 [border: (1px solid #FFA500)] [r=1 c=2 rs=1 cs=1]
              LayoutText {#text} at (2,2) size 18x19
                text run at (2,2) width 18: "six"
      LayoutBlockFlow (anonymous) at (0,56) size 784x20
        LayoutBR {BR} at (0,0) size 0x19
      LayoutTable {TABLE} at (0,76) size 103x56 [border: (1px solid #FF0000)]
        LayoutTableSection {TBODY} at (1,1) size 101x54
          LayoutTableRow {TR} at (0,2) size 101x24
            LayoutTableCell {TD} at (2,2) size 30x24 [border: (1px solid #008000)] [r=0 c=0 rs=1 cs=1]
              LayoutText {#text} at (2,2) size 23x19
                text run at (2,2) width 23: "one"
            LayoutTableCell {TD} at (34,2) size 28x24 [border: (1px solid #FF0000)] [r=0 c=1 rs=1 cs=1]
              LayoutText {#text} at (2,2) size 24x19
                text run at (2,2) width 24: "two"
            LayoutTableCell {TD} at (64,2) size 35x24 [border: (1px solid #0000FF)] [r=0 c=2 rs=1 cs=1]
              LayoutText {#text} at (2,2) size 31x19
                text run at (2,2) width 31: "three"
          LayoutTableRow {TR} at (0,28) size 101x24
            LayoutTableCell {TD} at (2,28) size 30x24 [border: (1px solid #008000)] [r=1 c=0 rs=1 cs=1]
              LayoutText {#text} at (2,2) size 26x19
                text run at (2,2) width 26: "four"
            LayoutTableCell {TD} at (34,28) size 28x24 [border: (1px solid #FFFF00)] [r=1 c=1 rs=1 cs=1]
              LayoutText {#text} at (2,2) size 24x19
                text run at (2,2) width 24: "five"
            LayoutTableCell {TD} at (64,28) size 35x24 [border: (1px solid #FFA500)] [r=1 c=2 rs=1 cs=1]
              LayoutText {#text} at (2,2) size 18x19
                text run at (2,2) width 18: "six"
      LayoutBlockFlow (anonymous) at (0,132) size 784x40
        LayoutBR {BR} at (0,0) size 0x19
        LayoutText {#text} at (0,20) size 229x19
          text run at (0,20) width 229: "should be 2px solid red around table"
      LayoutTable {TABLE} at (0,172) size 74x32 [border: (2px solid #FF0000)]
        LayoutTableSection {TBODY} at (2,2) size 70x28
          LayoutTableRow {TR} at (0,2) size 70x24
            LayoutTableCell {TD} at (2,2) size 31x24 [border: (1px inset #FF0000)] [r=0 c=0 rs=1 cs=1]
              LayoutText {#text} at (2,2) size 27x19
                text run at (2,2) width 27: "One"
            LayoutTableCell {TD} at (35,2) size 33x24 [border: (1px inset #FF0000)] [r=0 c=1 rs=1 cs=1]
              LayoutText {#text} at (2,2) size 29x19
                text run at (2,2) width 29: "Two"
      LayoutBlockFlow (anonymous) at (0,204) size 784x40
        LayoutBR {BR} at (0,0) size 0x19
        LayoutText {#text} at (0,20) size 256x19
          text run at (0,20) width 256: "should be medium solid red around table"
      LayoutTable {TABLE} at (0,244) size 76x34 [border: (3px solid #FF0000)]
        LayoutTableSection {TBODY} at (3,3) size 70x28
          LayoutTableRow {TR} at (0,2) size 70x24
            LayoutTableCell {TD} at (2,2) size 31x24 [border: (1px inset #FF0000)] [r=0 c=0 rs=1 cs=1]
              LayoutText {#text} at (2,2) size 27x19
                text run at (2,2) width 27: "One"
            LayoutTableCell {TD} at (35,2) size 33x24 [border: (1px inset #FF0000)] [r=0 c=1 rs=1 cs=1]
              LayoutText {#text} at (2,2) size 29x19
                text run at (2,2) width 29: "Two"
