layer at (0,0) size 800x600
  LayoutView at (0,0) size 800x600
layer at (0,0) size 800x248
  LayoutBlockFlow {HTML} at (0,0) size 800x247.88
    LayoutBlockFlow {BODY} at (8,21.44) size 784x218.44
      LayoutBlockFlow {H1} at (0,0) size 784x37
        LayoutText {#text} at (0,0) size 352x36
          text run at (0,0) width 352: "insertRow() bugs, 0 based"
      LayoutTable {TABLE} at (0,58.44) size 149x160 [border: (1px outset #808080)]
        LayoutTableSection {TBODY} at (1,1) size 147x158
          LayoutTableRow {TR} at (0,2) size 147x24
            LayoutTableCell {TD} at (2,2) size 143x24 [border: (1px inset #808080)] [r=0 c=0 rs=1 cs=1]
              LayoutText {#text} at (2,2) size 139x19
                text run at (2,2) width 139: "This is row number 0."
          LayoutTableRow {TR} at (0,28) size 147x24
            LayoutTableCell {TD} at (2,28) size 143x24 [border: (1px inset #808080)] [r=1 c=0 rs=1 cs=1]
              LayoutText {#text} at (2,2) size 139x19
                text run at (2,2) width 139: "This is row number 1."
          LayoutTableRow {TR} at (0,54) size 147x24
            LayoutTableCell {TD} at (2,54) size 143x24 [border: (1px inset #808080)] [r=2 c=0 rs=1 cs=1]
              LayoutText {#text} at (2,2) size 139x19
                text run at (2,2) width 139: "This is row number 2."
          LayoutTableRow {TR} at (0,80) size 147x24
            LayoutTableCell {TD} at (2,80) size 143x24 [border: (1px inset #808080)] [r=3 c=0 rs=1 cs=1]
              LayoutText {#text} at (2,2) size 139x19
                text run at (2,2) width 139: "This is row number 3."
          LayoutTableRow {TR} at (0,106) size 147x24
            LayoutTableCell {TD} at (2,106) size 143x24 [border: (1px inset #808080)] [r=4 c=0 rs=1 cs=1]
              LayoutText {#text} at (2,2) size 139x19
                text run at (2,2) width 139: "This is row number 4."
          LayoutTableRow {TR} at (0,132) size 147x24
            LayoutTableCell {TD} at (2,132) size 143x24 [border: (1px inset #808080)] [r=5 c=0 rs=1 cs=1]
              LayoutText {#text} at (2,2) size 139x19
                text run at (2,2) width 139: "This is row number 5."
