layer at (0,0) size 800x600
  LayoutView at (0,0) size 800x600
layer at (0,0) size 800x600
  LayoutBlockFlow {HTML} at (0,0) size 800x600
    LayoutBlockFlow {BODY} at (8,8) size 784x584 [bgcolor=#FFFFFF]
      LayoutInline {A} at (0,0) size 65x19 [color=#0000EE]
        LayoutText {#text} at (0,0) size 65x19
          text run at (0,0) width 65: "Hide Blue"
      LayoutText {#text} at (65,0) size 12x19
        text run at (65,0) width 12: "   "
      LayoutInline {A} at (0,0) size 71x19 [color=#0000EE]
        LayoutText {#text} at (77,0) size 71x19
          text run at (77,0) width 71: "Show Blue"
      LayoutText {#text} at (148,0) size 12x19
        text run at (148,0) width 12: "   "
      LayoutBR {BR} at (0,0) size 0x0
      LayoutText {#text} at (0,20) size 181x19
        text run at (0,20) width 181: "Should not see the blue table"
      LayoutBR {BR} at (181,35) size 0x0
      LayoutBR {BR} at (0,40) size 0x19
