layer at (0,0) size 800x600
  LayoutView at (0,0) size 800x600
layer at (0,0) size 800x454
  LayoutNGBlockFlow {HTML} at (0,0) size 800x454
    LayoutNGBlockFlow {BODY} at (8,16) size 784x422
      LayoutNGBlockFlow {P} at (0,0) size 784x20 [color=#000080]
        LayoutText {#text} at (0,0) size 226x19
          text run at (0,0) width 226: "This sentence should be underlined."
      LayoutNGBlockFlow {P} at (0,36) size 784x20 [color=#000080]
        LayoutText {#text} at (0,0) size 218x19
          text run at (0,0) width 218: "This sentence should be overlined."
      LayoutNGBlockFlow {P} at (0,72) size 784x20 [color=#000080]
        LayoutText {#text} at (0,0) size 232x19
          text run at (0,0) width 232: "This sentence should be stricken out."
      LayoutNGBlockFlow {P} at (0,108) size 784x20 [color=#000080]
        LayoutText {#text} at (0,0) size 369x19
          text run at (0,0) width 369: "This sentence should be blinking (if the UA supports that)."
      LayoutNGBlockFlow {P} at (0,144) size 784x20 [color=#000080]
        LayoutText {#text} at (0,0) size 227x19
          text run at (0,0) width 227: "The sentence should be underlined. "
        LayoutInline {B} at (0,0) size 238x19
          LayoutText {#text} at (227,0) size 238x19
            text run at (227,0) width 238: "This sentence should be underlined"
        LayoutText {#text} at (465,0) size 4x19
          text run at (465,0) width 4: "."
      LayoutNGBlockFlow {P} at (0,180) size 784x20 [color=#000080]
        LayoutText {#text} at (0,0) size 316x19
          text run at (0,0) width 316: "This sentence should be underlined and overlined."
      LayoutNGBlockFlow {P} at (0,216) size 784x20 [color=#000080]
        LayoutText {#text} at (0,0) size 377x19
          text run at (0,0) width 377: "This sentence should be underlined, overlined, and stricken."
      LayoutNGBlockFlow {DIV} at (0,252) size 784x0 [color=#FF0000]
      LayoutNGBlockFlow {P} at (0,252) size 784x20 [color=#000080]
        LayoutText {#text} at (0,0) size 285x19
          text run at (0,0) width 285: "There should be no red at the end of this line."
        LayoutImage {IMG} at (285,0) size 15x15 [color=#FF0000]
        LayoutText {#text} at (300,0) size 4x19
          text run at (300,0) width 4: " "
      LayoutNGBlockFlow {P} at (0,288) size 784x42 [color=#000080]
        LayoutText {#text} at (0,2) size 199x19
          text run at (0,2) width 199: "The text of this sentence and all"
        LayoutInline {SPAN} at (0,0) size 4x19
          LayoutText {#text} at (199,2) size 4x19
            text run at (199,2) width 4: " "
        LayoutText {#text} at (203,2) size 14x19
          text run at (203,2) width 14: "its"
        LayoutInline {SPAN} at (0,0) size 4x19
          LayoutText {#text} at (217,2) size 4x19
            text run at (217,2) width 4: " "
        LayoutText {#text} at (221,2) size 308x19
          text run at (221,2) width 308: "spaces (including the space between the images) "
        LayoutImage {IMG} at (529,0) size 17x17 [color=#FF0000]
        LayoutText {#text} at (546,2) size 4x19
          text run at (546,2) width 4: " "
        LayoutImage {IMG} at (550,0) size 17x17 [color=#FF0000]
        LayoutText {#text} at (567,2) size 754x39
          text run at (567,2) width 187: " should be underlined, but the"
          text run at (0,22) width 167: "images themselves should "
        LayoutInline {EM} at (0,0) size 20x19
          LayoutText {#text} at (167,22) size 20x19
            text run at (167,22) width 20: "not"
        LayoutText {#text} at (187,22) size 94x19
          text run at (187,22) width 94: " be underlined."
      LayoutNGBlockFlow {P} at (0,346) size 784x40 [color=#000080]
        LayoutText {#text} at (0,0) size 568x19
          text run at (0,0) width 568: "This sentence should have a long blue underline including between the two arrows here\x{2192}"
        LayoutInline {SPAN} at (0,0) size 157x19 [color=#FFFFFF]
          LayoutText {#text} at (568,0) size 157x19
            text run at (568,0) width 157: " FAIL FAIL FAIL FAIL "
        LayoutText {#text} at (724,0) size 764x39
          text run at (724,0) width 40: "\x{2190}and"
          text run at (0,20) width 31: "here."
      LayoutNGBlockFlow {P} at (0,402) size 784x20 [color=#000080]
        LayoutText {#text} at (0,0) size 343x19
          text run at (0,0) width 343: "There should be a long blue underline between here\x{2192}"
        LayoutInline {SPAN} at (0,0) size 88x19
          LayoutText {#text} at (343,0) size 88x19
            text run at (343,0) width 88: "                      "
        LayoutText {#text} at (431,0) size 74x19
          text run at (431,0) width 74: "\x{2190}and here."
