layer at (0,0) size 800x600
  LayoutView at (0,0) size 800x600
layer at (0,0) size 800x600
  LayoutNGBlockFlow {HTML} at (0,0) size 800x600
    LayoutNGBlockFlow {BODY} at (8,8) size 784x584
      LayoutNGBlockFlow {P} at (0,0) size 784x20
        LayoutText {#text} at (0,0) size 373x19
          text run at (0,0) width 373: "Test passes if the \"Filler Text\" below is all on the same line."
      LayoutNGBlockFlow {DIV} at (0,36) size 784x96
        LayoutInline {SPAN} at (0,0) size 64x19
          LayoutText {#text} at (0,0) size 64x19
            text run at (0,0) width 64: "Filler Text"
        LayoutText {#text} at (64,0) size 4x19
          text run at (64,0) width 4: " "
        LayoutTable {DIV} at (68,0) size 96x96 [bgcolor=#FFA500]
          LayoutTableSection (anonymous) at (0,0) size 96x96
            LayoutTableRow {DIV} at (0,0) size 96x96
              LayoutNGTableCell {DIV} at (0,0) size 96x20 [r=0 c=0 rs=1 cs=1]
                LayoutText {#text} at (0,0) size 64x19
                  text run at (0,0) width 64: "Filler Text"
        LayoutText {#text} at (0,0) size 0x0
