layer at (0,0) size 800x600
  LayoutView at (0,0) size 800x600
layer at (0,0) size 800x262
  LayoutNGBlockFlow {HTML} at (0,0) size 800x262
    LayoutNGBlockFlow {BODY} at (8,16) size 784x238
      LayoutNGBlockFlow {P} at (0,0) size 784x20
        LayoutText {#text} at (0,0) size 91x19
          text run at (0,0) width 91: "To pass, there "
        LayoutInline {STRONG} at (0,0) size 34x19
          LayoutText {#text} at (90,0) size 34x19
            text run at (90,0) width 34: "must"
        LayoutText {#text} at (123,0) size 276x19
          text run at (123,0) width 276: " be a green bar stacked on top of a blue bar."
      LayoutNGListItem {DIV} at (0,36) size 784x202 [color=#00FF00] [bgcolor=#00FF00]
        LayoutNGBlockFlow (anonymous) at (0,0) size 784x101
          LayoutInline (anonymous) at (0,0) size 0x0
            LayoutText (anonymous) at (0,0) size 0x0
        LayoutNGBlockFlow {DIV} at (0,101) size 784x101 [bgcolor=#0000FF]
          LayoutText {#text} at (0,2) size 21x97
            text run at (0,2) width 21: " "
