layer at (0,0) size 800x600
  LayoutView at (0,0) size 800x600
layer at (0,0) size 800x160
  LayoutNGBlockFlow {HTML} at (0,0) size 800x160
    LayoutNGBlockFlow {BODY} at (8,16) size 784x136
      LayoutNGBlockFlow {P} at (0,0) size 784x20
        LayoutText {#text} at (0,0) size 388x19
          text run at (0,0) width 388: "Test passes if the bottom of the \"Filler Text\" below is aligned."
      LayoutTable {TABLE} at (0,36) size 355x100
        LayoutTableSection {TBODY} at (0,0) size 355x100
          LayoutTableRow {TR} at (0,2) size 355x96
            LayoutNGTableCell {TD} at (2,27) size 59x18 [r=0 c=0 rs=1 cs=1]
              LayoutNGBlockFlow {DIV} at (1,1) size 57x16
                LayoutText {#text} at (0,0) size 56x15
                  text run at (0,0) width 56: "Filler Text"
            LayoutNGTableCell {TD} at (63,15) size 119x34 [r=0 c=1 rs=1 cs=1]
              LayoutNGBlockFlow {DIV} at (1,1) size 117x32
                LayoutText {#text} at (0,0) size 116x31
                  text run at (0,0) width 116: "Filler Text"
            LayoutNGTableCell {TD} at (184,2) size 169x50 [r=0 c=2 rs=1 cs=1]
              LayoutNGBlockFlow {DIV} at (1,1) size 167x48
                LayoutText {#text} at (0,1) size 166x46
                  text run at (0,1) width 166: "Filler Text"
