layer at (0,0) size 800x600 clip at (0,0) size 785x600 scrollHeight 3116
  LayoutView at (0,0) size 800x600
layer at (0,0) size 785x3116 backgroundClip at (0,0) size 785x600 clip at (0,0) size 785x600
  LayoutBlockFlow {HTML} at (0,0) size 785x3116
    LayoutBlockFlow {BODY} at (8,8) size 769x3100
      LayoutBlockFlow {DIV} at (0,100) size 10x3000
layer at (8,8) size 250x100
  LayoutBlockFlow {DIV} at (0,0) size 250x100
    LayoutMultiColumnSet (anonymous) at (0,0) size 250x71
layer at (8,8) size 117x142 backgroundClip at (0,0) size 785x79 clip at (0,0) size 785x79
  LayoutMultiColumnFlowThread (anonymous) at (0,0) size 117x142
    LayoutBlockFlow {DIV} at (0,0) size 30x30
    LayoutBlockFlow (anonymous) at (0,71) size 117x71
      LayoutText {#text} at (0,0) size 0x0
layer at (8,79) size 43x70 backgroundClip at (3,74) size 53x5 clip at (0,0) size 0x0 scrollHeight 85
  LayoutListBox {SELECT} at (0,0) size 43x70 [bgcolor=#FFFFFF] [border: (1px solid #A9A9A9)]
    LayoutBlockFlow {OPTION} at (1,1) size 26x17
      LayoutText {#text} at (2,0) size 22x16
        text run at (2,0) width 22: "test"
    LayoutBlockFlow {OPTION} at (1,18) size 26x17
      LayoutText {#text} at (2,0) size 22x16
        text run at (2,0) width 22: "test"
    LayoutBlockFlow {OPTION} at (1,35) size 26x17
      LayoutText {#text} at (2,0) size 22x16
        text run at (2,0) width 22: "test"
    LayoutBlockFlow {OPTION} at (1,52) size 26x17
      LayoutText {#text} at (2,0) size 22x16
        text run at (2,0) width 22: "test"
    LayoutBlockFlow {OPTION} at (1,69) size 26x17
      LayoutText {#text} at (2,0) size 22x16
        text run at (2,0) width 22: "test"
