layer at (0,0) size 800x600 scrollHeight 827
  LayoutView at (0,0) size 1066x799
layer at (0,0) size 1066x827
  LayoutBlockFlow {HTML} at (0,0) size 1066x827
    LayoutBlockFlow {BODY} at (8,16) size 1050x803
      LayoutBlockFlow {P} at (0,0) size 1050x40
        LayoutText {#text} at (0,0) size 1041x39
          text run at (0,0) width 526: "This is a test that only dumps the layout tree, and doesn't actually display the page. This "
          text run at (526,0) width 515: "tests some peculiarities in the test framework for printing. To run this test manually, run"
          text run at (0,20) width 11: "it "
          text run at (11,20) width 207: "with content_shell --run-web-tests"
      LayoutBlockFlow {DIV} at (0,56) size 1050x20
        LayoutText {#text} at (0,0) size 155x19
          text run at (0,0) width 155: "This should be on page 1."
      LayoutBlockFlow {DIV} at (0,783) size 1050x20
        LayoutText {#text} at (0,0) size 155x19
          text run at (0,0) width 155: "This should be on page 2."
