layer at (0,0) size 800x600
  LayoutView at (0,0) size 800x600
layer at (0,0) size 800x291
  LayoutBlockFlow {HTML} at (0,0) size 800x291
    LayoutBlockFlow {BODY} at (8,16) size 784x259
      LayoutBlockFlow {DIV} at (0,0) size 784x259
        LayoutBlockFlow {P} at (0,0) size 784x36
          LayoutText {#text} at (0,0) size 762x18
            text run at (0,0) width 762: "The background color of this paragraph should turn to green when the mouse pointer hovers over any of the following:"
          LayoutBR {BR} at (761,0) size 1x18
          LayoutInline {STRONG} at (0,0) size 64x18
            LayoutText {#text} at (0,18) size 64x18
              text run at (0,18) width 64: "This text."
        LayoutBlockFlow {P} at (0,52) size 784x18
          LayoutText {#text} at (0,0) size 61x18
            text run at (0,0) width 61: "This text."
        LayoutTable {TABLE} at (0,86) size 113x102
          LayoutTableSection {TBODY} at (0,0) size 113x102
            LayoutTableRow {TR} at (0,2) size 113x76
              LayoutTableCell {TD} at (2,2) size 109x76 [r=0 c=0 rs=1 cs=1]
                LayoutTable {TABLE} at (1,1) size 107x74
                  LayoutTableSection {TBODY} at (0,0) size 107x74
                    LayoutTableRow {TR} at (0,2) size 107x70
                      LayoutTableCell {TD} at (2,2) size 103x70 [r=0 c=0 rs=1 cs=1]
                        LayoutBlockFlow {DL} at (1,17) size 101x36
                          LayoutBlockFlow {DT} at (0,0) size 101x18
                            LayoutText {#text} at (0,0) size 61x18
                              text run at (0,0) width 61: "This text."
                          LayoutBlockFlow {DD} at (40,18) size 61x18
                            LayoutText {#text} at (0,0) size 61x18
                              text run at (0,0) width 61: "This text."
            LayoutTableRow {TR} at (0,80) size 113x20
              LayoutTableCell {TD} at (2,80) size 109x20 [r=1 c=0 rs=1 cs=1]
                LayoutText {#text} at (1,1) size 61x18
                  text run at (1,1) width 61: "This text."
        LayoutBlockFlow {P} at (0,204) size 784x21
          LayoutInline {SUB} at (0,0) size 51x15
            LayoutText {#text} at (0,6) size 51x15
              text run at (0,6) width 51: "This text."
        LayoutBlockFlow {P} at (0,241) size 784x18
          LayoutText {#text} at (0,0) size 584x18
            text run at (0,0) width 584: "...and anything else between the top of the first paragraph and the bottom of this paragraph."
