layer at (0,0) size 800x600
  LayoutView at (0,0) size 800x600
layer at (0,0) size 800x50
  LayoutBlockFlow {HTML} at (0,0) size 800x50
    LayoutBlockFlow {BODY} at (8,16) size 784x18
      LayoutBlockFlow {P} at (0,0) size 784x18
        LayoutText {#text} at (0,0) size 163x18
          text run at (0,0) width 163: "The background color of "
        LayoutInline {A} at (0,0) size 51x18 [color=#0000EE]
          LayoutText {#text} at (162,0) size 51x18
            text run at (162,0) width 51: "anchors"
        LayoutText {#text} at (212,0) size 159x18
          text run at (212,0) width 5: " "
          text run at (216,0) width 155: "in this page should turn "
        LayoutInline {A} at (0,0) size 53x18 [color=#0000EE]
          LayoutText {#text} at (370,0) size 53x18
            text run at (370,0) width 53: "to green"
        LayoutText {#text} at (422,0) size 133x18
          text run at (422,0) width 133: " when they have the "
        LayoutInline {A} at (0,0) size 36x18 [color=#0000EE]
          LayoutText {#text} at (554,0) size 36x18
            text run at (554,0) width 36: "focus"
        LayoutText {#text} at (589,0) size 5x18
          text run at (589,0) width 5: "."
