layer at (0,0) size 800x600
  LayoutView at (0,0) size 800x600
layer at (0,0) size 800x134
  LayoutBlockFlow {HTML} at (0,0) size 800x134
    LayoutBlockFlow {BODY} at (8,8) size 784x110
      LayoutBlockFlow {DIV} at (0,0) size 784x76
        LayoutTable {TABLE} at (329.50,0) size 125x76 [border: (1px outset #808080)]
          LayoutTableSection {TBODY} at (1,1) size 123x74
            LayoutTableRow {TR} at (0,2) size 123x22
              LayoutTableCell {TD} at (2,2) size 67x22 [bgcolor=#00FF00] [border: (1px inset #808080)] [r=0 c=0 rs=1 cs=1]
                LayoutText {#text} at (2,2) size 63x18
                  text run at (2,2) width 63: "green cell"
              LayoutTableCell {TD} at (71,2) size 24x22 [border: (1px inset #808080)] [r=0 c=1 rs=1 cs=1]
                LayoutText {#text} at (2,2) size 20x18
                  text run at (2,2) width 20: "1.2"
              LayoutTableCell {TD} at (97,2) size 24x22 [border: (1px inset #808080)] [r=0 c=2 rs=1 cs=1]
                LayoutText {#text} at (2,2) size 20x18
                  text run at (2,2) width 20: "1.3"
            LayoutTableRow {TR} at (0,26) size 123x22
              LayoutTableCell {TD} at (2,26) size 67x22 [bgcolor=#00FF00] [border: (1px inset #808080)] [r=1 c=0 rs=1 cs=1]
                LayoutText {#text} at (2,2) size 63x18
                  text run at (2,2) width 63: "green cell"
              LayoutTableCell {TD} at (71,26) size 24x22 [border: (1px inset #808080)] [r=1 c=1 rs=1 cs=1]
                LayoutText {#text} at (2,2) size 20x18
                  text run at (2,2) width 20: "2.2"
              LayoutTableCell {TD} at (97,26) size 24x22 [border: (1px inset #808080)] [r=1 c=2 rs=1 cs=1]
                LayoutText {#text} at (2,2) size 20x18
                  text run at (2,2) width 20: "2.3"
            LayoutTableRow {TR} at (0,50) size 123x22
              LayoutTableCell {TD} at (2,50) size 67x22 [bgcolor=#00FF00] [border: (1px inset #808080)] [r=2 c=0 rs=1 cs=1]
                LayoutText {#text} at (2,2) size 63x18
                  text run at (2,2) width 63: "green cell"
              LayoutTableCell {TD} at (71,50) size 24x22 [border: (1px inset #808080)] [r=2 c=1 rs=1 cs=1]
                LayoutText {#text} at (2,2) size 20x18
                  text run at (2,2) width 20: "3.2"
              LayoutTableCell {TD} at (97,50) size 24x22 [border: (1px inset #808080)] [r=2 c=2 rs=1 cs=1]
                LayoutText {#text} at (2,2) size 20x18
                  text run at (2,2) width 20: "3.3"
      LayoutBlockFlow {P} at (0,92) size 784x18
        LayoutText {#text} at (0,0) size 224x18
          text run at (0,0) width 224: "This paragraph contains some text "
        LayoutInline {SPAN} at (0,0) size 308x18 [bgcolor=#00FF00]
          LayoutText {#text} at (223,0) size 308x18
            text run at (223,0) width 308: "and a span that should have a green background"
        LayoutText {#text} at (0,0) size 0x0
