layer at (0,0) size 800x600
  LayoutView at (0,0) size 800x600
layer at (0,0) size 800x50
  LayoutBlockFlow {HTML} at (0,0) size 800x50
    LayoutBlockFlow {BODY} at (8,16) size 784x18
      LayoutBlockFlow {P} at (0,0) size 784x18
        LayoutText {#text} at (0,0) size 183x18
          text run at (0,0) width 183: "The background color of all "
        LayoutInline {A} at (0,0) size 51x18 [color=#0000EE]
          LayoutText {#text} at (182,0) size 51x18
            text run at (182,0) width 51: "anchors"
        LayoutText {#text} at (232,0) size 105x18
          text run at (232,0) width 5: " "
          text run at (236,0) width 101: "should become "
        LayoutInline {A} at (0,0) size 37x18 [color=#0000EE]
          LayoutText {#text} at (336,0) size 37x18
            text run at (336,0) width 37: "green"
        LayoutText {#text} at (372,0) size 133x18
          text run at (372,0) width 133: " when they have the "
        LayoutInline {A} at (0,0) size 35x18 [color=#0000EE]
          LayoutText {#text} at (504,0) size 35x18
            text run at (504,0) width 35: "focus"
        LayoutText {#text} at (538,0) size 5x18
          text run at (538,0) width 5: "."
