layer at (0,0) size 800x600
  LayoutView at (0,0) size 800x600
layer at (0,0) size 800x134
  LayoutBlockFlow {HTML} at (0,0) size 800x134
    LayoutBlockFlow {BODY} at (8,8) size 784x110
      LayoutBlockFlow {DIV} at (0,0) size 784x76
        LayoutTable {TABLE} at (308,0) size 168x76 [border: (1px outset #808080)]
          LayoutTableSection {TBODY} at (1,1) size 166x74
            LayoutTableRow {TR} at (0,2) size 166x22
              LayoutTableCell {TD} at (2,2) size 24x22 [border: (1px solid #000000)] [r=0 c=0 rs=1 cs=1]
                LayoutText {#text} at (2,2) size 20x18
                  text run at (2,2) width 20: "1.1"
              LayoutTableCell {TD} at (28,2) size 67x22 [bgcolor=#00FF00] [border: (1px solid #000000)] [r=0 c=1 rs=1 cs=1]
                LayoutText {#text} at (2,2) size 63x18
                  text run at (2,2) width 63: "green cell"
              LayoutTableCell {TD} at (97,2) size 67x22 [bgcolor=#00FF00] [border: (1px solid #000000)] [r=0 c=2 rs=1 cs=1]
                LayoutText {#text} at (2,2) size 63x18
                  text run at (2,2) width 63: "green cell"
            LayoutTableRow {TR} at (0,26) size 166x22
              LayoutTableCell {TD} at (2,26) size 24x22 [border: (1px solid #000000)] [r=1 c=0 rs=1 cs=1]
                LayoutText {#text} at (2,2) size 20x18
                  text run at (2,2) width 20: "2.1"
              LayoutTableCell {TD} at (28,26) size 67x22 [bgcolor=#00FF00] [border: (1px solid #000000)] [r=1 c=1 rs=1 cs=1]
                LayoutText {#text} at (2,2) size 63x18
                  text run at (2,2) width 63: "green cell"
              LayoutTableCell {TD} at (97,26) size 67x22 [bgcolor=#00FF00] [border: (1px solid #000000)] [r=1 c=2 rs=1 cs=1]
                LayoutText {#text} at (2,2) size 63x18
                  text run at (2,2) width 63: "green cell"
            LayoutTableRow {TR} at (0,50) size 166x22
              LayoutTableCell {TD} at (2,50) size 24x22 [border: (1px solid #000000)] [r=2 c=0 rs=1 cs=1]
                LayoutText {#text} at (2,2) size 20x18
                  text run at (2,2) width 20: "3.1"
              LayoutTableCell {TD} at (28,50) size 67x22 [bgcolor=#00FF00] [border: (1px solid #000000)] [r=2 c=1 rs=1 cs=1]
                LayoutText {#text} at (2,2) size 63x18
                  text run at (2,2) width 63: "green cell"
              LayoutTableCell {TD} at (97,50) size 67x22 [bgcolor=#00FF00] [border: (1px solid #000000)] [r=2 c=2 rs=1 cs=1]
                LayoutText {#text} at (2,2) size 63x18
                  text run at (2,2) width 63: "green cell"
      LayoutBlockFlow {P} at (0,92) size 784x18
        LayoutText {#text} at (0,0) size 101x18
          text run at (0,0) width 101: "This paragraph "
        LayoutInline {SPAN} at (0,0) size 63x18
          LayoutText {#text} at (100,0) size 63x18
            text run at (100,0) width 63: "should be"
        LayoutText {#text} at (162,0) size 63x18
          text run at (162,0) width 63: " unstyled."
