layer at (0,0) size 800x600
  LayoutView at (0,0) size 800x600
layer at (0,0) size 800x50
  LayoutBlockFlow {HTML} at (0,0) size 800x50
    LayoutBlockFlow {BODY} at (8,16) size 784x18
      LayoutBlockFlow {P} at (0,0) size 784x18
        LayoutText {#text} at (0,0) size 512x18
          text run at (0,0) width 512: "Try selecting some text in this document. It should be have a green background."
selection start: position 0 of child 0 {#text} of child 1 {P} of body
selection end:   position 79 of child 0 {#text} of child 1 {P} of body
