layer at (0,0) size 800x600 clip at (0,0) size 785x600 scrollHeight 3324
  LayoutView at (0,0) size 800x600
layer at (0,0) size 785x3324 backgroundClip at (0,0) size 785x600 clip at (0,0) size 785x600
  LayoutBlockFlow {HTML} at (0,0) size 785x3323.50
    LayoutBlockFlow {BODY} at (8,21.44) size 769x3286.06
      LayoutBlockFlow {H1} at (0,0) size 769x37
        LayoutText {#text} at (0,0) size 248x37
          text run at (0,0) width 248: "HTML Test Index"
      LayoutBlockFlow {P} at (0,58.44) size 769x18
        LayoutText {#text} at (0,0) size 317x18
          text run at (0,0) width 317: "The HTML tests are available in several variants."
      LayoutBlockFlow {H2} at (0,96.34) size 769x28
        LayoutText {#text} at (0,0) size 280x28
          text run at (0,0) width 280: "Tests With Navigation Aids"
      LayoutBlockFlow {P} at (0,144.25) size 769x36
        LayoutText {#text} at (0,0) size 733x36
          text run at (0,0) width 733: "Each category of test is available using several different harnesses. The name of the harness describes how the test"
          text run at (0,18) width 724: "markup is contained within it, for example the Xlink embed case uses an XLink with the show axis set to embed."
      LayoutBlockFlow {UL} at (0,196.25) size 769x180
        LayoutListItem {LI} at (40,0) size 729x36
          LayoutListMarker (anonymous) at (-17,0) size 7x18: bullet
          LayoutInline {A} at (0,0) size 23x18 [color=#0000EE]
            LayoutText {#text} at (0,0) size 23x18
              text run at (0,0) width 23: "full"
          LayoutText {#text} at (22,0) size 9x18
            text run at (22,0) width 9: ": "
          LayoutInline {A} at (0,0) size 97x18 [color=#0000EE]
            LayoutText {#text} at (30,0) size 97x18
              text run at (30,0) width 97: "Self Contained"
          LayoutText {#text} at (126,0) size 9x18
            text run at (126,0) width 9: ", "
          LayoutInline {A} at (0,0) size 121x18 [color=#0000EE]
            LayoutText {#text} at (134,0) size 121x18
              text run at (134,0) width 121: "XHTML <iframe>"
          LayoutText {#text} at (254,0) size 9x18
            text run at (254,0) width 9: ", "
          LayoutInline {A} at (0,0) size 119x18 [color=#0000EE]
            LayoutText {#text} at (262,0) size 119x18
              text run at (262,0) width 119: "XHTML <object>"
          LayoutText {#text} at (380,0) size 9x18
            text run at (380,0) width 9: ", "
          LayoutInline {A} at (0,0) size 118x18 [color=#0000EE]
            LayoutText {#text} at (388,0) size 118x18
              text run at (388,0) width 118: "XHTML <frame>"
          LayoutText {#text} at (505,0) size 9x18
            text run at (505,0) width 9: ", "
          LayoutInline {A} at (0,0) size 110x18 [color=#0000EE]
            LayoutText {#text} at (513,0) size 110x18
              text run at (513,0) width 110: "HTML <iframe>"
          LayoutText {#text} at (622,0) size 9x18
            text run at (622,0) width 9: ", "
          LayoutInline {A} at (0,0) size 676x36 [color=#0000EE]
            LayoutText {#text} at (630,0) size 676x36
              text run at (630,0) width 46: "HTML"
              text run at (0,18) width 58: "<object>"
          LayoutText {#text} at (57,18) size 9x18
            text run at (57,18) width 9: ", "
          LayoutInline {A} at (0,0) size 105x18 [color=#0000EE]
            LayoutText {#text} at (65,18) size 105x18
              text run at (65,18) width 105: "HTML <frame>"
          LayoutText {#text} at (169,18) size 9x18
            text run at (169,18) width 9: ", "
          LayoutInline {A} at (0,0) size 90x18 [color=#0000EE]
            LayoutText {#text} at (177,18) size 90x18
              text run at (177,18) width 90: "XLink embed"
          LayoutText {#text} at (266,18) size 9x18
            text run at (266,18) width 9: ", "
          LayoutInline {A} at (0,0) size 84x18 [color=#0000EE]
            LayoutText {#text} at (274,18) size 84x18
              text run at (274,18) width 84: "TNG Format"
        LayoutListItem {LI} at (40,36) size 729x36
          LayoutListMarker (anonymous) at (-17,0) size 7x18: bullet
          LayoutInline {A} at (0,0) size 34x18 [color=#0000EE]
            LayoutText {#text} at (0,0) size 34x18
              text run at (0,0) width 34: "static"
          LayoutText {#text} at (33,0) size 10x18
            text run at (33,0) width 10: ": "
          LayoutInline {A} at (0,0) size 96x18 [color=#0000EE]
            LayoutText {#text} at (42,0) size 96x18
              text run at (42,0) width 96: "Self Contained"
          LayoutText {#text} at (137,0) size 9x18
            text run at (137,0) width 9: ", "
          LayoutInline {A} at (0,0) size 122x18 [color=#0000EE]
            LayoutText {#text} at (145,0) size 122x18
              text run at (145,0) width 122: "XHTML <iframe>"
          LayoutText {#text} at (266,0) size 9x18
            text run at (266,0) width 9: ", "
          LayoutInline {A} at (0,0) size 119x18 [color=#0000EE]
            LayoutText {#text} at (274,0) size 119x18
              text run at (274,0) width 119: "XHTML <object>"
          LayoutText {#text} at (392,0) size 9x18
            text run at (392,0) width 9: ", "
          LayoutInline {A} at (0,0) size 117x18 [color=#0000EE]
            LayoutText {#text} at (400,0) size 117x18
              text run at (400,0) width 117: "XHTML <frame>"
          LayoutText {#text} at (516,0) size 9x18
            text run at (516,0) width 9: ", "
          LayoutInline {A} at (0,0) size 110x18 [color=#0000EE]
            LayoutText {#text} at (524,0) size 110x18
              text run at (524,0) width 110: "HTML <iframe>"
          LayoutText {#text} at (633,0) size 9x18
            text run at (633,0) width 9: ", "
          LayoutInline {A} at (0,0) size 688x36 [color=#0000EE]
            LayoutText {#text} at (641,0) size 688x36
              text run at (641,0) width 47: "HTML"
              text run at (0,18) width 58: "<object>"
          LayoutText {#text} at (57,18) size 9x18
            text run at (57,18) width 9: ", "
          LayoutInline {A} at (0,0) size 105x18 [color=#0000EE]
            LayoutText {#text} at (65,18) size 105x18
              text run at (65,18) width 105: "HTML <frame>"
          LayoutText {#text} at (169,18) size 9x18
            text run at (169,18) width 9: ", "
          LayoutInline {A} at (0,0) size 90x18 [color=#0000EE]
            LayoutText {#text} at (177,18) size 90x18
              text run at (177,18) width 90: "XLink embed"
          LayoutText {#text} at (266,18) size 9x18
            text run at (266,18) width 9: ", "
          LayoutInline {A} at (0,0) size 84x18 [color=#0000EE]
            LayoutText {#text} at (274,18) size 84x18
              text run at (274,18) width 84: "TNG Format"
        LayoutListItem {LI} at (40,72) size 729x36
          LayoutListMarker (anonymous) at (-17,0) size 7x18: bullet
          LayoutInline {A} at (0,0) size 94x18 [color=#0000EE]
            LayoutText {#text} at (0,0) size 94x18
              text run at (0,0) width 94: "history-related"
          LayoutText {#text} at (93,0) size 9x18
            text run at (93,0) width 9: ": "
          LayoutInline {A} at (0,0) size 97x18 [color=#0000EE]
            LayoutText {#text} at (101,0) size 97x18
              text run at (101,0) width 97: "Self Contained"
          LayoutText {#text} at (197,0) size 9x18
            text run at (197,0) width 9: ", "
          LayoutInline {A} at (0,0) size 121x18 [color=#0000EE]
            LayoutText {#text} at (205,0) size 121x18
              text run at (205,0) width 121: "XHTML <iframe>"
          LayoutText {#text} at (325,0) size 9x18
            text run at (325,0) width 9: ", "
          LayoutInline {A} at (0,0) size 119x18 [color=#0000EE]
            LayoutText {#text} at (333,0) size 119x18
              text run at (333,0) width 119: "XHTML <object>"
          LayoutText {#text} at (451,0) size 9x18
            text run at (451,0) width 9: ", "
          LayoutInline {A} at (0,0) size 118x18 [color=#0000EE]
            LayoutText {#text} at (459,0) size 118x18
              text run at (459,0) width 118: "XHTML <frame>"
          LayoutText {#text} at (576,0) size 9x18
            text run at (576,0) width 9: ", "
          LayoutInline {A} at (0,0) size 110x18 [color=#0000EE]
            LayoutText {#text} at (584,0) size 110x18
              text run at (584,0) width 110: "HTML <iframe>"
          LayoutText {#text} at (693,0) size 5x18
            text run at (693,0) width 5: ","
          LayoutInline {A} at (0,0) size 107x18 [color=#0000EE]
            LayoutText {#text} at (0,18) size 107x18
              text run at (0,18) width 107: "HTML <object>"
          LayoutText {#text} at (106,18) size 9x18
            text run at (106,18) width 9: ", "
          LayoutInline {A} at (0,0) size 106x18 [color=#0000EE]
            LayoutText {#text} at (114,18) size 106x18
              text run at (114,18) width 106: "HTML <frame>"
          LayoutText {#text} at (219,18) size 9x18
            text run at (219,18) width 9: ", "
          LayoutInline {A} at (0,0) size 89x18 [color=#0000EE]
            LayoutText {#text} at (227,18) size 89x18
              text run at (227,18) width 89: "XLink embed"
          LayoutText {#text} at (315,18) size 9x18
            text run at (315,18) width 9: ", "
          LayoutInline {A} at (0,0) size 84x18 [color=#0000EE]
            LayoutText {#text} at (323,18) size 84x18
              text run at (323,18) width 84: "TNG Format"
        LayoutListItem {LI} at (40,108) size 729x36
          LayoutListMarker (anonymous) at (-17,0) size 7x18: bullet
          LayoutInline {A} at (0,0) size 68x18 [color=#0000EE]
            LayoutText {#text} at (0,0) size 68x18
              text run at (0,0) width 68: "interactive"
          LayoutText {#text} at (67,0) size 9x18
            text run at (67,0) width 9: ": "
          LayoutInline {A} at (0,0) size 97x18 [color=#0000EE]
            LayoutText {#text} at (75,0) size 97x18
              text run at (75,0) width 97: "Self Contained"
          LayoutText {#text} at (171,0) size 9x18
            text run at (171,0) width 9: ", "
          LayoutInline {A} at (0,0) size 122x18 [color=#0000EE]
            LayoutText {#text} at (179,0) size 122x18
              text run at (179,0) width 122: "XHTML <iframe>"
          LayoutText {#text} at (300,0) size 9x18
            text run at (300,0) width 9: ", "
          LayoutInline {A} at (0,0) size 119x18 [color=#0000EE]
            LayoutText {#text} at (308,0) size 119x18
              text run at (308,0) width 119: "XHTML <object>"
          LayoutText {#text} at (426,0) size 9x18
            text run at (426,0) width 9: ", "
          LayoutInline {A} at (0,0) size 117x18 [color=#0000EE]
            LayoutText {#text} at (434,0) size 117x18
              text run at (434,0) width 117: "XHTML <frame>"
          LayoutText {#text} at (550,0) size 9x18
            text run at (550,0) width 9: ", "
          LayoutInline {A} at (0,0) size 110x18 [color=#0000EE]
            LayoutText {#text} at (558,0) size 110x18
              text run at (558,0) width 110: "HTML <iframe>"
          LayoutText {#text} at (667,0) size 9x18
            text run at (667,0) width 9: ", "
          LayoutInline {A} at (0,0) size 721x36 [color=#0000EE]
            LayoutText {#text} at (675,0) size 721x36
              text run at (675,0) width 46: "HTML"
              text run at (0,18) width 58: "<object>"
          LayoutText {#text} at (57,18) size 9x18
            text run at (57,18) width 9: ", "
          LayoutInline {A} at (0,0) size 105x18 [color=#0000EE]
            LayoutText {#text} at (65,18) size 105x18
              text run at (65,18) width 105: "HTML <frame>"
          LayoutText {#text} at (169,18) size 9x18
            text run at (169,18) width 9: ", "
          LayoutInline {A} at (0,0) size 90x18 [color=#0000EE]
            LayoutText {#text} at (177,18) size 90x18
              text run at (177,18) width 90: "XLink embed"
          LayoutText {#text} at (266,18) size 9x18
            text run at (266,18) width 9: ", "
          LayoutInline {A} at (0,0) size 84x18 [color=#0000EE]
            LayoutText {#text} at (274,18) size 84x18
              text run at (274,18) width 84: "TNG Format"
        LayoutListItem {LI} at (40,144) size 729x36
          LayoutListMarker (anonymous) at (-17,0) size 7x18: bullet
          LayoutInline {A} at (0,0) size 56x18 [color=#0000EE]
            LayoutText {#text} at (0,0) size 56x18
              text run at (0,0) width 56: "dynamic"
          LayoutText {#text} at (55,0) size 9x18
            text run at (55,0) width 9: ": "
          LayoutInline {A} at (0,0) size 97x18 [color=#0000EE]
            LayoutText {#text} at (63,0) size 97x18
              text run at (63,0) width 97: "Self Contained"
          LayoutText {#text} at (159,0) size 9x18
            text run at (159,0) width 9: ", "
          LayoutInline {A} at (0,0) size 121x18 [color=#0000EE]
            LayoutText {#text} at (167,0) size 121x18
              text run at (167,0) width 121: "XHTML <iframe>"
          LayoutText {#text} at (287,0) size 9x18
            text run at (287,0) width 9: ", "
          LayoutInline {A} at (0,0) size 119x18 [color=#0000EE]
            LayoutText {#text} at (295,0) size 119x18
              text run at (295,0) width 119: "XHTML <object>"
          LayoutText {#text} at (413,0) size 9x18
            text run at (413,0) width 9: ", "
          LayoutInline {A} at (0,0) size 117x18 [color=#0000EE]
            LayoutText {#text} at (421,0) size 117x18
              text run at (421,0) width 117: "XHTML <frame>"
          LayoutText {#text} at (537,0) size 9x18
            text run at (537,0) width 9: ", "
          LayoutInline {A} at (0,0) size 111x18 [color=#0000EE]
            LayoutText {#text} at (545,0) size 111x18
              text run at (545,0) width 111: "HTML <iframe>"
          LayoutText {#text} at (655,0) size 9x18
            text run at (655,0) width 9: ", "
          LayoutInline {A} at (0,0) size 709x36 [color=#0000EE]
            LayoutText {#text} at (663,0) size 709x36
              text run at (663,0) width 46: "HTML"
              text run at (0,18) width 58: "<object>"
          LayoutText {#text} at (57,18) size 9x18
            text run at (57,18) width 9: ", "
          LayoutInline {A} at (0,0) size 105x18 [color=#0000EE]
            LayoutText {#text} at (65,18) size 105x18
              text run at (65,18) width 105: "HTML <frame>"
          LayoutText {#text} at (169,18) size 9x18
            text run at (169,18) width 9: ", "
          LayoutInline {A} at (0,0) size 90x18 [color=#0000EE]
            LayoutText {#text} at (177,18) size 90x18
              text run at (177,18) width 90: "XLink embed"
          LayoutText {#text} at (266,18) size 9x18
            text run at (266,18) width 9: ", "
          LayoutInline {A} at (0,0) size 84x18 [color=#0000EE]
            LayoutText {#text} at (274,18) size 84x18
              text run at (274,18) width 84: "TNG Format"
      LayoutBlockFlow {H2} at (0,396.16) size 769x28
        LayoutText {#text} at (0,0) size 174x28
          text run at (0,0) width 174: "Unadorned Tests"
      LayoutBlockFlow {UL} at (0,444.06) size 769x2808
        LayoutListItem {LI} at (40,0) size 729x18
          LayoutListMarker (anonymous) at (-17,0) size 7x18: bullet
          LayoutInline {A} at (0,0) size 125x18 [color=#0000EE]
            LayoutText {#text} at (0,0) size 125x18
              text run at (0,0) width 125: "Groups of selectors"
          LayoutText {#text} at (124,0) size 32x18
            text run at (124,0) width 32: " (#1)"
        LayoutListItem {LI} at (40,18) size 729x18
          LayoutListMarker (anonymous) at (-17,0) size 7x18: bullet
          LayoutInline {A} at (0,0) size 147x18 [color=#0000EE]
            LayoutText {#text} at (0,0) size 147x18
              text run at (0,0) width 147: "Type element selectors"
          LayoutText {#text} at (146,0) size 32x18
            text run at (146,0) width 32: " (#2)"
        LayoutListItem {LI} at (40,36) size 729x18
          LayoutListMarker (anonymous) at (-17,0) size 7x18: bullet
          LayoutInline {A} at (0,0) size 169x18 [color=#0000EE]
            LayoutText {#text} at (0,0) size 169x18
              text run at (0,0) width 169: "Omitted universal selector"
          LayoutText {#text} at (168,0) size 32x18
            text run at (168,0) width 32: " (#4)"
        LayoutListItem {LI} at (40,54) size 729x18
          LayoutListMarker (anonymous) at (-17,0) size 7x18: bullet
          LayoutInline {A} at (0,0) size 176x18 [color=#0000EE]
            LayoutText {#text} at (0,0) size 176x18
              text run at (0,0) width 176: "Attribute existence selector"
          LayoutText {#text} at (175,0) size 31x18
            text run at (175,0) width 31: " (#5)"
        LayoutListItem {LI} at (40,72) size 729x18
          LayoutListMarker (anonymous) at (-17,0) size 7x18: bullet
          LayoutInline {A} at (0,0) size 151x18 [color=#0000EE]
            LayoutText {#text} at (0,0) size 151x18
              text run at (0,0) width 151: "Attribute value selector"
          LayoutText {#text} at (150,0) size 31x18
            text run at (150,0) width 31: " (#6)"
        LayoutListItem {LI} at (40,90) size 729x18
          LayoutListMarker (anonymous) at (-17,0) size 7x18: bullet
          LayoutInline {A} at (0,0) size 184x18 [color=#0000EE]
            LayoutText {#text} at (0,0) size 184x18
              text run at (0,0) width 184: "Attribute multivalue selector"
          LayoutText {#text} at (183,0) size 32x18
            text run at (183,0) width 32: " (#7)"
        LayoutListItem {LI} at (40,108) size 729x18
          LayoutListMarker (anonymous) at (-17,0) size 7x18: bullet
          LayoutInline {A} at (0,0) size 184x18 [color=#0000EE]
            LayoutText {#text} at (0,0) size 184x18
              text run at (0,0) width 184: "Attribute multivalue selector"
          LayoutText {#text} at (183,0) size 40x18
            text run at (183,0) width 40: " (#7b)"
        LayoutListItem {LI} at (40,126) size 729x18
          LayoutListMarker (anonymous) at (-17,0) size 7x18: bullet
          LayoutInline {A} at (0,0) size 348x18 [color=#0000EE]
            LayoutText {#text} at (0,0) size 348x18
              text run at (0,0) width 348: "Attribute value selectors (hyphen-separated attributes)"
          LayoutText {#text} at (347,0) size 32x18
            text run at (347,0) width 32: " (#8)"
        LayoutListItem {LI} at (40,144) size 729x18
          LayoutListMarker (anonymous) at (-17,0) size 7x18: bullet
          LayoutInline {A} at (0,0) size 315x18 [color=#0000EE]
            LayoutText {#text} at (0,0) size 315x18
              text run at (0,0) width 315: "Substring matching attribute selector (beginning)"
          LayoutText {#text} at (314,0) size 32x18
            text run at (314,0) width 32: " (#9)"
        LayoutListItem {LI} at (40,162) size 729x18
          LayoutListMarker (anonymous) at (-17,0) size 7x18: bullet
          LayoutInline {A} at (0,0) size 274x18 [color=#0000EE]
            LayoutText {#text} at (0,0) size 274x18
              text run at (0,0) width 274: "Substring matching attribute selector (end)"
          LayoutText {#text} at (273,0) size 40x18
            text run at (273,0) width 40: " (#10)"
        LayoutListItem {LI} at (40,180) size 729x18
          LayoutListMarker (anonymous) at (-17,0) size 7x18: bullet
          LayoutInline {A} at (0,0) size 304x18 [color=#0000EE]
            LayoutText {#text} at (0,0) size 304x18
              text run at (0,0) width 304: "Substring matching attribute selector (contains)"
          LayoutText {#text} at (303,0) size 39x18
            text run at (303,0) width 39: " (#11)"
        LayoutListItem {LI} at (40,198) size 729x18
          LayoutListMarker (anonymous) at (-17,0) size 7x18: bullet
          LayoutInline {A} at (0,0) size 144x18 [color=#0000EE]
            LayoutText {#text} at (0,0) size 144x18
              text run at (0,0) width 144: "Default attribute value"
          LayoutText {#text} at (143,0) size 40x18
            text run at (143,0) width 40: " (#12)"
        LayoutListItem {LI} at (40,216) size 729x18
          LayoutListMarker (anonymous) at (-17,0) size 7x18: bullet
          LayoutInline {A} at (0,0) size 95x18 [color=#0000EE]
            LayoutText {#text} at (0,0) size 95x18
              text run at (0,0) width 95: "Class selectors"
          LayoutText {#text} at (94,0) size 40x18
            text run at (94,0) width 40: " (#13)"
        LayoutListItem {LI} at (40,234) size 729x18
          LayoutListMarker (anonymous) at (-17,0) size 7x18: bullet
          LayoutInline {A} at (0,0) size 183x18 [color=#0000EE]
            LayoutText {#text} at (0,0) size 183x18
              text run at (0,0) width 183: "More than one class selector"
          LayoutText {#text} at (182,0) size 39x18
            text run at (182,0) width 39: " (#14)"
        LayoutListItem {LI} at (40,252) size 729x18
          LayoutListMarker (anonymous) at (-17,0) size 7x18: bullet
          LayoutInline {A} at (0,0) size 77x18 [color=#0000EE]
            LayoutText {#text} at (0,0) size 77x18
              text run at (0,0) width 77: "ID selectors"
          LayoutText {#text} at (76,0) size 40x18
            text run at (76,0) width 40: " (#15)"
        LayoutListItem {LI} at (40,270) size 729x18
          LayoutListMarker (anonymous) at (-17,0) size 7x18: bullet
          LayoutInline {A} at (0,0) size 116x18 [color=#0000EE]
            LayoutText {#text} at (0,0) size 116x18
              text run at (0,0) width 116: ":link pseudo-class"
          LayoutText {#text} at (115,0) size 39x18
            text run at (115,0) width 39: " (#16)"
        LayoutListItem {LI} at (40,288) size 729x18
          LayoutListMarker (anonymous) at (-17,0) size 7x18: bullet
          LayoutInline {A} at (0,0) size 133x18 [color=#0000EE]
            LayoutText {#text} at (0,0) size 133x18
              text run at (0,0) width 133: ":visited pseudo-class"
          LayoutText {#text} at (132,0) size 40x18
            text run at (132,0) width 40: " (#17)"
        LayoutListItem {LI} at (40,306) size 729x18
          LayoutListMarker (anonymous) at (-17,0) size 7x18: bullet
          LayoutInline {A} at (0,0) size 127x18 [color=#0000EE]
            LayoutText {#text} at (0,0) size 127x18
              text run at (0,0) width 127: ":hover pseudo-class"
          LayoutText {#text} at (126,0) size 40x18
            text run at (126,0) width 40: " (#18)"
        LayoutListItem {LI} at (40,324) size 729x18
          LayoutListMarker (anonymous) at (-17,0) size 7x18: bullet
          LayoutInline {A} at (0,0) size 127x18 [color=#0000EE]
            LayoutText {#text} at (0,0) size 127x18
              text run at (0,0) width 127: ":hover pseudo-class"
          LayoutText {#text} at (126,0) size 48x18
            text run at (126,0) width 48: " (#18b)"
        LayoutListItem {LI} at (40,342) size 729x18
          LayoutListMarker (anonymous) at (-17,0) size 7x18: bullet
          LayoutInline {A} at (0,0) size 129x18 [color=#0000EE]
            LayoutText {#text} at (0,0) size 129x18
              text run at (0,0) width 129: ":active pseudo-class"
          LayoutText {#text} at (128,0) size 40x18
            text run at (128,0) width 40: " (#19)"
        LayoutListItem {LI} at (40,360) size 729x18
          LayoutListMarker (anonymous) at (-17,0) size 7x18: bullet
          LayoutInline {A} at (0,0) size 125x18 [color=#0000EE]
            LayoutText {#text} at (0,0) size 125x18
              text run at (0,0) width 125: ":focus pseudo-class"
          LayoutText {#text} at (124,0) size 40x18
            text run at (124,0) width 40: " (#20)"
        LayoutListItem {LI} at (40,378) size 729x18
          LayoutListMarker (anonymous) at (-17,0) size 7x18: bullet
          LayoutInline {A} at (0,0) size 127x18 [color=#0000EE]
            LayoutText {#text} at (0,0) size 127x18
              text run at (0,0) width 127: ":target pseudo-class"
          LayoutText {#text} at (126,0) size 39x18
            text run at (126,0) width 39: " (#21)"
        LayoutListItem {LI} at (40,396) size 729x18
          LayoutListMarker (anonymous) at (-17,0) size 7x18: bullet
          LayoutInline {A} at (0,0) size 127x18 [color=#0000EE]
            LayoutText {#text} at (0,0) size 127x18
              text run at (0,0) width 127: ":target pseudo-class"
          LayoutText {#text} at (126,0) size 47x18
            text run at (126,0) width 47: " (#21b)"
        LayoutListItem {LI} at (40,414) size 729x18
          LayoutListMarker (anonymous) at (-17,0) size 7x18: bullet
          LayoutInline {A} at (0,0) size 127x18 [color=#0000EE]
            LayoutText {#text} at (0,0) size 127x18
              text run at (0,0) width 127: ":target pseudo-class"
          LayoutText {#text} at (126,0) size 47x18
            text run at (126,0) width 47: " (#21c)"
        LayoutListItem {LI} at (40,432) size 729x18
          LayoutListMarker (anonymous) at (-17,0) size 7x18: bullet
          LayoutInline {A} at (0,0) size 129x18 [color=#0000EE]
            LayoutText {#text} at (0,0) size 129x18
              text run at (0,0) width 129: ":lang() pseudo-class"
          LayoutText {#text} at (128,0) size 40x18
            text run at (128,0) width 40: " (#22)"
        LayoutListItem {LI} at (40,450) size 729x18
          LayoutListMarker (anonymous) at (-17,0) size 7x18: bullet
          LayoutInline {A} at (0,0) size 140x18 [color=#0000EE]
            LayoutText {#text} at (0,0) size 140x18
              text run at (0,0) width 140: ":enabled pseudo-class"
          LayoutText {#text} at (139,0) size 40x18
            text run at (139,0) width 40: " (#23)"
        LayoutListItem {LI} at (40,468) size 729x18
          LayoutListMarker (anonymous) at (-17,0) size 7x18: bullet
          LayoutInline {A} at (0,0) size 144x18 [color=#0000EE]
            LayoutText {#text} at (0,0) size 144x18
              text run at (0,0) width 144: ":disabled pseudo-class"
          LayoutText {#text} at (143,0) size 40x18
            text run at (143,0) width 40: " (#24)"
        LayoutListItem {LI} at (40,486) size 729x18
          LayoutListMarker (anonymous) at (-17,0) size 7x18: bullet
          LayoutInline {A} at (0,0) size 143x18 [color=#0000EE]
            LayoutText {#text} at (0,0) size 143x18
              text run at (0,0) width 143: ":checked pseudo-class"
          LayoutText {#text} at (142,0) size 40x18
            text run at (142,0) width 40: " (#25)"
        LayoutListItem {LI} at (40,504) size 729x18
          LayoutListMarker (anonymous) at (-17,0) size 7x18: bullet
          LayoutInline {A} at (0,0) size 116x18 [color=#0000EE]
            LayoutText {#text} at (0,0) size 116x18
              text run at (0,0) width 116: ":root pseudo-class"
          LayoutText {#text} at (115,0) size 40x18
            text run at (115,0) width 40: " (#27)"
        LayoutListItem {LI} at (40,522) size 729x18
          LayoutListMarker (anonymous) at (-17,0) size 7x18: bullet
          LayoutInline {A} at (0,0) size 159x18 [color=#0000EE]
            LayoutText {#text} at (0,0) size 159x18
              text run at (0,0) width 159: ":nth-child() pseudo-class"
          LayoutText {#text} at (158,0) size 40x18
            text run at (158,0) width 40: " (#28)"
        LayoutListItem {LI} at (40,540) size 729x18
          LayoutListMarker (anonymous) at (-17,0) size 7x18: bullet
          LayoutInline {A} at (0,0) size 159x18 [color=#0000EE]
            LayoutText {#text} at (0,0) size 159x18
              text run at (0,0) width 159: ":nth-child() pseudo-class"
          LayoutText {#text} at (158,0) size 48x18
            text run at (158,0) width 48: " (#28b)"
        LayoutListItem {LI} at (40,558) size 729x18
          LayoutListMarker (anonymous) at (-17,0) size 7x18: bullet
          LayoutInline {A} at (0,0) size 187x18 [color=#0000EE]
            LayoutText {#text} at (0,0) size 187x18
              text run at (0,0) width 187: ":nth-last-child() pseudo-class"
          LayoutText {#text} at (186,0) size 39x18
            text run at (186,0) width 39: " (#29)"
        LayoutListItem {LI} at (40,576) size 729x18
          LayoutListMarker (anonymous) at (-17,0) size 7x18: bullet
          LayoutInline {A} at (0,0) size 187x18 [color=#0000EE]
            LayoutText {#text} at (0,0) size 187x18
              text run at (0,0) width 187: ":nth-last-child() pseudo-class"
          LayoutText {#text} at (186,0) size 47x18
            text run at (186,0) width 47: " (#29b)"
        LayoutListItem {LI} at (40,594) size 729x18
          LayoutListMarker (anonymous) at (-17,0) size 7x18: bullet
          LayoutInline {A} at (0,0) size 173x18 [color=#0000EE]
            LayoutText {#text} at (0,0) size 173x18
              text run at (0,0) width 173: ":nth-of-type() pseudo-class"
          LayoutText {#text} at (172,0) size 40x18
            text run at (172,0) width 40: " (#30)"
        LayoutListItem {LI} at (40,612) size 729x18
          LayoutListMarker (anonymous) at (-17,0) size 7x18: bullet
          LayoutInline {A} at (0,0) size 201x18 [color=#0000EE]
            LayoutText {#text} at (0,0) size 201x18
              text run at (0,0) width 201: ":nth-last-of-type() pseudo-class"
          LayoutText {#text} at (200,0) size 40x18
            text run at (200,0) width 40: " (#31)"
        LayoutListItem {LI} at (40,630) size 729x18
          LayoutListMarker (anonymous) at (-17,0) size 7x18: bullet
          LayoutInline {A} at (0,0) size 153x18 [color=#0000EE]
            LayoutText {#text} at (0,0) size 153x18
              text run at (0,0) width 153: ":first-child pseudo-class"
          LayoutText {#text} at (152,0) size 40x18
            text run at (152,0) width 40: " (#32)"
        LayoutListItem {LI} at (40,648) size 729x18
          LayoutListMarker (anonymous) at (-17,0) size 7x18: bullet
          LayoutInline {A} at (0,0) size 150x18 [color=#0000EE]
            LayoutText {#text} at (0,0) size 150x18
              text run at (0,0) width 150: ":last-child pseudo-class"
          LayoutText {#text} at (149,0) size 40x18
            text run at (149,0) width 40: " (#33)"
        LayoutListItem {LI} at (40,666) size 729x18
          LayoutListMarker (anonymous) at (-17,0) size 7x18: bullet
          LayoutInline {A} at (0,0) size 167x18 [color=#0000EE]
            LayoutText {#text} at (0,0) size 167x18
              text run at (0,0) width 167: ":first-of-type pseudo-class"
          LayoutText {#text} at (166,0) size 40x18
            text run at (166,0) width 40: " (#34)"
        LayoutListItem {LI} at (40,684) size 729x18
          LayoutListMarker (anonymous) at (-17,0) size 7x18: bullet
          LayoutInline {A} at (0,0) size 164x18 [color=#0000EE]
            LayoutText {#text} at (0,0) size 164x18
              text run at (0,0) width 164: ":last-of-type pseudo-class"
          LayoutText {#text} at (163,0) size 40x18
            text run at (163,0) width 40: " (#35)"
        LayoutListItem {LI} at (40,702) size 729x18
          LayoutListMarker (anonymous) at (-17,0) size 7x18: bullet
          LayoutInline {A} at (0,0) size 156x18 [color=#0000EE]
            LayoutText {#text} at (0,0) size 156x18
              text run at (0,0) width 156: ":only-child pseudo-class"
          LayoutText {#text} at (155,0) size 40x18
            text run at (155,0) width 40: " (#36)"
        LayoutListItem {LI} at (40,720) size 729x18
          LayoutListMarker (anonymous) at (-17,0) size 7x18: bullet
          LayoutInline {A} at (0,0) size 171x18 [color=#0000EE]
            LayoutText {#text} at (0,0) size 171x18
              text run at (0,0) width 171: ":only-of-type pseudo-class"
          LayoutText {#text} at (170,0) size 39x18
            text run at (170,0) width 39: " (#37)"
        LayoutListItem {LI} at (40,738) size 729x18
          LayoutListMarker (anonymous) at (-17,0) size 7x18: bullet
          LayoutInline {A} at (0,0) size 169x18 [color=#0000EE]
            LayoutText {#text} at (0,0) size 169x18
              text run at (0,0) width 169: "::first-line pseudo-element"
          LayoutText {#text} at (168,0) size 40x18
            text run at (168,0) width 40: " (#38)"
        LayoutListItem {LI} at (40,756) size 729x18
          LayoutListMarker (anonymous) at (-17,0) size 7x18: bullet
          LayoutInline {A} at (0,0) size 178x18 [color=#0000EE]
            LayoutText {#text} at (0,0) size 178x18
              text run at (0,0) width 178: "::first-letter pseudo-element"
          LayoutText {#text} at (177,0) size 39x18
            text run at (177,0) width 39: " (#39)"
        LayoutListItem {LI} at (40,774) size 729x18
          LayoutListMarker (anonymous) at (-17,0) size 7x18: bullet
          LayoutInline {A} at (0,0) size 369x18 [color=#0000EE]
            LayoutText {#text} at (0,0) size 369x18
              text run at (0,0) width 369: "::first-letter pseudo-element with ::before pseudo-element"
          LayoutText {#text} at (368,0) size 47x18
            text run at (368,0) width 47: " (#39a)"
        LayoutListItem {LI} at (40,792) size 729x18
          LayoutListMarker (anonymous) at (-17,0) size 7x18: bullet
          LayoutInline {A} at (0,0) size 369x18 [color=#0000EE]
            LayoutText {#text} at (0,0) size 369x18
              text run at (0,0) width 369: "::first-letter pseudo-element with ::before pseudo-element"
          LayoutText {#text} at (368,0) size 47x18
            text run at (368,0) width 47: " (#39a)"
        LayoutListItem {LI} at (40,810) size 729x18
          LayoutListMarker (anonymous) at (-17,0) size 7x18: bullet
          LayoutInline {A} at (0,0) size 178x18 [color=#0000EE]
            LayoutText {#text} at (0,0) size 178x18
              text run at (0,0) width 178: "::first-letter pseudo-element"
          LayoutText {#text} at (177,0) size 47x18
            text run at (177,0) width 47: " (#39b)"
        LayoutListItem {LI} at (40,828) size 729x18
          LayoutListMarker (anonymous) at (-17,0) size 7x18: bullet
          LayoutInline {A} at (0,0) size 172x18 [color=#0000EE]
            LayoutText {#text} at (0,0) size 172x18
              text run at (0,0) width 172: "::selection pseudo-element"
          LayoutText {#text} at (171,0) size 39x18
            text run at (171,0) width 39: " (#40)"
        LayoutListItem {LI} at (40,846) size 729x18
          LayoutListMarker (anonymous) at (-17,0) size 7x18: bullet
          LayoutInline {A} at (0,0) size 156x18 [color=#0000EE]
            LayoutText {#text} at (0,0) size 156x18
              text run at (0,0) width 156: "::before pseudo-element"
          LayoutText {#text} at (155,0) size 39x18
            text run at (155,0) width 39: " (#41)"
        LayoutListItem {LI} at (40,864) size 729x18
          LayoutListMarker (anonymous) at (-17,0) size 7x18: bullet
          LayoutInline {A} at (0,0) size 144x18 [color=#0000EE]
            LayoutText {#text} at (0,0) size 144x18
              text run at (0,0) width 144: "::after pseudo-element"
          LayoutText {#text} at (143,0) size 40x18
            text run at (143,0) width 40: " (#42)"
        LayoutListItem {LI} at (40,882) size 729x18
          LayoutListMarker (anonymous) at (-17,0) size 7x18: bullet
          LayoutInline {A} at (0,0) size 152x18 [color=#0000EE]
            LayoutText {#text} at (0,0) size 152x18
              text run at (0,0) width 152: "Descendant combinator"
          LayoutText {#text} at (151,0) size 40x18
            text run at (151,0) width 40: " (#43)"
        LayoutListItem {LI} at (40,900) size 729x18
          LayoutListMarker (anonymous) at (-17,0) size 7x18: bullet
          LayoutInline {A} at (0,0) size 152x18 [color=#0000EE]
            LayoutText {#text} at (0,0) size 152x18
              text run at (0,0) width 152: "Descendant combinator"
          LayoutText {#text} at (151,0) size 48x18
            text run at (151,0) width 48: " (#43b)"
        LayoutListItem {LI} at (40,918) size 729x18
          LayoutListMarker (anonymous) at (-17,0) size 7x18: bullet
          LayoutInline {A} at (0,0) size 113x18 [color=#0000EE]
            LayoutText {#text} at (0,0) size 113x18
              text run at (0,0) width 113: "Child combinator"
          LayoutText {#text} at (112,0) size 40x18
            text run at (112,0) width 40: " (#44)"
        LayoutListItem {LI} at (40,936) size 729x18
          LayoutListMarker (anonymous) at (-17,0) size 7x18: bullet
          LayoutInline {A} at (0,0) size 113x18 [color=#0000EE]
            LayoutText {#text} at (0,0) size 113x18
              text run at (0,0) width 113: "Child combinator"
          LayoutText {#text} at (112,0) size 48x18
            text run at (112,0) width 48: " (#44b)"
        LayoutListItem {LI} at (40,954) size 729x18
          LayoutListMarker (anonymous) at (-17,0) size 7x18: bullet
          LayoutInline {A} at (0,0) size 188x18 [color=#0000EE]
            LayoutText {#text} at (0,0) size 188x18
              text run at (0,0) width 188: "Child combinator and classes"
          LayoutText {#text} at (187,0) size 47x18
            text run at (187,0) width 47: " (#44c)"
        LayoutListItem {LI} at (40,972) size 729x18
          LayoutListMarker (anonymous) at (-17,0) size 7x18: bullet
          LayoutInline {A} at (0,0) size 172x18 [color=#0000EE]
            LayoutText {#text} at (0,0) size 172x18
              text run at (0,0) width 172: "Child combinatior and IDs"
          LayoutText {#text} at (171,0) size 47x18
            text run at (171,0) width 47: " (#44d)"
        LayoutListItem {LI} at (40,990) size 729x18
          LayoutListMarker (anonymous) at (-17,0) size 7x18: bullet
          LayoutInline {A} at (0,0) size 175x18 [color=#0000EE]
            LayoutText {#text} at (0,0) size 175x18
              text run at (0,0) width 175: "Direct adjacent combinator"
          LayoutText {#text} at (174,0) size 39x18
            text run at (174,0) width 39: " (#45)"
        LayoutListItem {LI} at (40,1008) size 729x18
          LayoutListMarker (anonymous) at (-17,0) size 7x18: bullet
          LayoutInline {A} at (0,0) size 175x18 [color=#0000EE]
            LayoutText {#text} at (0,0) size 175x18
              text run at (0,0) width 175: "Direct adjacent combinator"
          LayoutText {#text} at (174,0) size 47x18
            text run at (174,0) width 47: " (#45b)"
        LayoutListItem {LI} at (40,1026) size 729x18
          LayoutListMarker (anonymous) at (-17,0) size 7x18: bullet
          LayoutInline {A} at (0,0) size 250x18 [color=#0000EE]
            LayoutText {#text} at (0,0) size 250x18
              text run at (0,0) width 250: "Direct adjacent combinator and classes"
          LayoutText {#text} at (249,0) size 47x18
            text run at (249,0) width 47: " (#45c)"
        LayoutListItem {LI} at (40,1044) size 729x18
          LayoutListMarker (anonymous) at (-17,0) size 7x18: bullet
          LayoutInline {A} at (0,0) size 184x18 [color=#0000EE]
            LayoutText {#text} at (0,0) size 184x18
              text run at (0,0) width 184: "Indirect adjacent combinator"
          LayoutText {#text} at (183,0) size 40x18
            text run at (183,0) width 40: " (#46)"
        LayoutListItem {LI} at (40,1062) size 729x18
          LayoutListMarker (anonymous) at (-17,0) size 7x18: bullet
          LayoutInline {A} at (0,0) size 184x18 [color=#0000EE]
            LayoutText {#text} at (0,0) size 184x18
              text run at (0,0) width 184: "Indirect adjacent combinator"
          LayoutText {#text} at (183,0) size 48x18
            text run at (183,0) width 48: " (#46b)"
        LayoutListItem {LI} at (40,1080) size 729x18
          LayoutListMarker (anonymous) at (-17,0) size 7x18: bullet
          LayoutInline {A} at (0,0) size 400x18 [color=#0000EE]
            LayoutText {#text} at (0,0) size 400x18
              text run at (0,0) width 400: "NEGATED substring matching attribute selector on beginning"
          LayoutText {#text} at (399,0) size 39x18
            text run at (399,0) width 39: " (#54)"
        LayoutListItem {LI} at (40,1098) size 729x18
          LayoutListMarker (anonymous) at (-17,0) size 7x18: bullet
          LayoutInline {A} at (0,0) size 359x18 [color=#0000EE]
            LayoutText {#text} at (0,0) size 359x18
              text run at (0,0) width 359: "NEGATED substring matching attribute selector on end"
          LayoutText {#text} at (358,0) size 39x18
            text run at (358,0) width 39: " (#55)"
        LayoutListItem {LI} at (40,1116) size 729x18
          LayoutListMarker (anonymous) at (-17,0) size 7x18: bullet
          LayoutInline {A} at (0,0) size 380x18 [color=#0000EE]
            LayoutText {#text} at (0,0) size 380x18
              text run at (0,0) width 380: "NEGATED substring matching attribute selector on middle"
          LayoutText {#text} at (379,0) size 40x18
            text run at (379,0) width 40: " (#56)"
        LayoutListItem {LI} at (40,1134) size 729x18
          LayoutListMarker (anonymous) at (-17,0) size 7x18: bullet
          LayoutInline {A} at (0,0) size 316x18 [color=#0000EE]
            LayoutText {#text} at (0,0) size 316x18
              text run at (0,0) width 316: "Default attribute value and negation pseudo-class"
          LayoutText {#text} at (315,0) size 40x18
            text run at (315,0) width 40: " (#58)"
        LayoutListItem {LI} at (40,1152) size 729x18
          LayoutListMarker (anonymous) at (-17,0) size 7x18: bullet
          LayoutInline {A} at (0,0) size 163x18 [color=#0000EE]
            LayoutText {#text} at (0,0) size 163x18
              text run at (0,0) width 163: "NEGATED class selector"
          LayoutText {#text} at (162,0) size 40x18
            text run at (162,0) width 40: " (#59)"
        LayoutListItem {LI} at (40,1170) size 729x18
          LayoutListMarker (anonymous) at (-17,0) size 7x18: bullet
          LayoutInline {A} at (0,0) size 149x18 [color=#0000EE]
            LayoutText {#text} at (0,0) size 149x18
              text run at (0,0) width 149: "NEGATED ID selector"
          LayoutText {#text} at (148,0) size 40x18
            text run at (148,0) width 40: " (#60)"
        LayoutListItem {LI} at (40,1188) size 729x18
          LayoutListMarker (anonymous) at (-17,0) size 7x18: bullet
          LayoutInline {A} at (0,0) size 193x18 [color=#0000EE]
            LayoutText {#text} at (0,0) size 193x18
              text run at (0,0) width 193: "NEGATED :link pseudo-class"
          LayoutText {#text} at (192,0) size 40x18
            text run at (192,0) width 40: " (#61)"
        LayoutListItem {LI} at (40,1206) size 729x18
          LayoutListMarker (anonymous) at (-17,0) size 7x18: bullet
          LayoutInline {A} at (0,0) size 211x18 [color=#0000EE]
            LayoutText {#text} at (0,0) size 211x18
              text run at (0,0) width 211: "NEGATED :visited pseudo-class"
          LayoutText {#text} at (210,0) size 40x18
            text run at (210,0) width 40: " (#62)"
        LayoutListItem {LI} at (40,1224) size 729x18
          LayoutListMarker (anonymous) at (-17,0) size 7x18: bullet
          LayoutInline {A} at (0,0) size 205x18 [color=#0000EE]
            LayoutText {#text} at (0,0) size 205x18
              text run at (0,0) width 205: "NEGATED :hover pseudo-class"
          LayoutText {#text} at (204,0) size 40x18
            text run at (204,0) width 40: " (#63)"
        LayoutListItem {LI} at (40,1242) size 729x18
          LayoutListMarker (anonymous) at (-17,0) size 7x18: bullet
          LayoutInline {A} at (0,0) size 207x18 [color=#0000EE]
            LayoutText {#text} at (0,0) size 207x18
              text run at (0,0) width 207: "NEGATED :active pseudo-class"
          LayoutText {#text} at (206,0) size 39x18
            text run at (206,0) width 39: " (#64)"
        LayoutListItem {LI} at (40,1260) size 729x18
          LayoutListMarker (anonymous) at (-17,0) size 7x18: bullet
          LayoutInline {A} at (0,0) size 203x18 [color=#0000EE]
            LayoutText {#text} at (0,0) size 203x18
              text run at (0,0) width 203: "NEGATED :focus pseudo-class"
          LayoutText {#text} at (202,0) size 40x18
            text run at (202,0) width 40: " (#65)"
        LayoutListItem {LI} at (40,1278) size 729x18
          LayoutListMarker (anonymous) at (-17,0) size 7x18: bullet
          LayoutInline {A} at (0,0) size 205x18 [color=#0000EE]
            LayoutText {#text} at (0,0) size 205x18
              text run at (0,0) width 205: "NEGATED :target pseudo-class"
          LayoutText {#text} at (204,0) size 39x18
            text run at (204,0) width 39: " (#66)"
        LayoutListItem {LI} at (40,1296) size 729x18
          LayoutListMarker (anonymous) at (-17,0) size 7x18: bullet
          LayoutInline {A} at (0,0) size 205x18 [color=#0000EE]
            LayoutText {#text} at (0,0) size 205x18
              text run at (0,0) width 205: "NEGATED :target pseudo-class"
          LayoutText {#text} at (204,0) size 47x18
            text run at (204,0) width 47: " (#66b)"
        LayoutListItem {LI} at (40,1314) size 729x18
          LayoutListMarker (anonymous) at (-17,0) size 7x18: bullet
          LayoutInline {A} at (0,0) size 207x18 [color=#0000EE]
            LayoutText {#text} at (0,0) size 207x18
              text run at (0,0) width 207: "NEGATED :lang() pseudo-class"
          LayoutText {#text} at (206,0) size 39x18
            text run at (206,0) width 39: " (#67)"
        LayoutListItem {LI} at (40,1332) size 729x18
          LayoutListMarker (anonymous) at (-17,0) size 7x18: bullet
          LayoutInline {A} at (0,0) size 221x18 [color=#0000EE]
            LayoutText {#text} at (0,0) size 221x18
              text run at (0,0) width 221: "NEGATED :checked pseudo-class"
          LayoutText {#text} at (220,0) size 40x18
            text run at (220,0) width 40: " (#70)"
        LayoutListItem {LI} at (40,1350) size 729x18
          LayoutListMarker (anonymous) at (-17,0) size 7x18: bullet
          LayoutInline {A} at (0,0) size 194x18 [color=#0000EE]
            LayoutText {#text} at (0,0) size 194x18
              text run at (0,0) width 194: "NEGATED :root pseudo-class"
          LayoutText {#text} at (193,0) size 40x18
            text run at (193,0) width 40: " (#72)"
        LayoutListItem {LI} at (40,1368) size 729x18
          LayoutListMarker (anonymous) at (-17,0) size 7x18: bullet
          LayoutInline {A} at (0,0) size 194x18 [color=#0000EE]
            LayoutText {#text} at (0,0) size 194x18
              text run at (0,0) width 194: "NEGATED :root pseudo-class"
          LayoutText {#text} at (193,0) size 48x18
            text run at (193,0) width 48: " (#72b)"
        LayoutListItem {LI} at (40,1386) size 729x18
          LayoutListMarker (anonymous) at (-17,0) size 7x18: bullet
          LayoutInline {A} at (0,0) size 237x18 [color=#0000EE]
            LayoutText {#text} at (0,0) size 237x18
              text run at (0,0) width 237: "NEGATED :nth-child() pseudo-class"
          LayoutText {#text} at (236,0) size 40x18
            text run at (236,0) width 40: " (#73)"
        LayoutListItem {LI} at (40,1404) size 729x18
          LayoutListMarker (anonymous) at (-17,0) size 7x18: bullet
          LayoutInline {A} at (0,0) size 237x18 [color=#0000EE]
            LayoutText {#text} at (0,0) size 237x18
              text run at (0,0) width 237: "NEGATED :nth-child() pseudo-class"
          LayoutText {#text} at (236,0) size 48x18
            text run at (236,0) width 48: " (#73b)"
        LayoutListItem {LI} at (40,1422) size 729x18
          LayoutListMarker (anonymous) at (-17,0) size 7x18: bullet
          LayoutInline {A} at (0,0) size 264x18 [color=#0000EE]
            LayoutText {#text} at (0,0) size 264x18
              text run at (0,0) width 264: "NEGATED :nth-last-child() pseudo-class"
          LayoutText {#text} at (263,0) size 40x18
            text run at (263,0) width 40: " (#74)"
        LayoutListItem {LI} at (40,1440) size 729x18
          LayoutListMarker (anonymous) at (-17,0) size 7x18: bullet
          LayoutInline {A} at (0,0) size 264x18 [color=#0000EE]
            LayoutText {#text} at (0,0) size 264x18
              text run at (0,0) width 264: "NEGATED :nth-last-child() pseudo-class"
          LayoutText {#text} at (263,0) size 48x18
            text run at (263,0) width 48: " (#74b)"
        LayoutListItem {LI} at (40,1458) size 729x18
          LayoutListMarker (anonymous) at (-17,0) size 7x18: bullet
          LayoutInline {A} at (0,0) size 251x18 [color=#0000EE]
            LayoutText {#text} at (0,0) size 251x18
              text run at (0,0) width 251: "NEGATED :nth-of-type() pseudo-class"
          LayoutText {#text} at (250,0) size 40x18
            text run at (250,0) width 40: " (#75)"
        LayoutListItem {LI} at (40,1476) size 729x18
          LayoutListMarker (anonymous) at (-17,0) size 7x18: bullet
          LayoutInline {A} at (0,0) size 251x18 [color=#0000EE]
            LayoutText {#text} at (0,0) size 251x18
              text run at (0,0) width 251: "NEGATED :nth-of-type() pseudo-class"
          LayoutText {#text} at (250,0) size 48x18
            text run at (250,0) width 48: " (#75b)"
        LayoutListItem {LI} at (40,1494) size 729x18
          LayoutListMarker (anonymous) at (-17,0) size 7x18: bullet
          LayoutInline {A} at (0,0) size 279x18 [color=#0000EE]
            LayoutText {#text} at (0,0) size 279x18
              text run at (0,0) width 279: "NEGATED :nth-last-of-type() pseudo-class"
          LayoutText {#text} at (278,0) size 39x18
            text run at (278,0) width 39: " (#76)"
        LayoutListItem {LI} at (40,1512) size 729x18
          LayoutListMarker (anonymous) at (-17,0) size 7x18: bullet
          LayoutInline {A} at (0,0) size 279x18 [color=#0000EE]
            LayoutText {#text} at (0,0) size 279x18
              text run at (0,0) width 279: "NEGATED :nth-last-of-type() pseudo-class"
          LayoutText {#text} at (278,0) size 47x18
            text run at (278,0) width 47: " (#76b)"
        LayoutListItem {LI} at (40,1530) size 729x18
          LayoutListMarker (anonymous) at (-17,0) size 7x18: bullet
          LayoutInline {A} at (0,0) size 231x18 [color=#0000EE]
            LayoutText {#text} at (0,0) size 231x18
              text run at (0,0) width 231: "NEGATED :first-child pseudo-class"
          LayoutText {#text} at (230,0) size 39x18
            text run at (230,0) width 39: " (#77)"
        LayoutListItem {LI} at (40,1548) size 729x18
          LayoutListMarker (anonymous) at (-17,0) size 7x18: bullet
          LayoutInline {A} at (0,0) size 231x18 [color=#0000EE]
            LayoutText {#text} at (0,0) size 231x18
              text run at (0,0) width 231: "NEGATED :first-child pseudo-class"
          LayoutText {#text} at (230,0) size 47x18
            text run at (230,0) width 47: " (#77b)"
        LayoutListItem {LI} at (40,1566) size 729x18
          LayoutListMarker (anonymous) at (-17,0) size 7x18: bullet
          LayoutInline {A} at (0,0) size 228x18 [color=#0000EE]
            LayoutText {#text} at (0,0) size 228x18
              text run at (0,0) width 228: "NEGATED :last-child pseudo-class"
          LayoutText {#text} at (227,0) size 40x18
            text run at (227,0) width 40: " (#78)"
        LayoutListItem {LI} at (40,1584) size 729x18
          LayoutListMarker (anonymous) at (-17,0) size 7x18: bullet
          LayoutInline {A} at (0,0) size 228x18 [color=#0000EE]
            LayoutText {#text} at (0,0) size 228x18
              text run at (0,0) width 228: "NEGATED :last-child pseudo-class"
          LayoutText {#text} at (227,0) size 48x18
            text run at (227,0) width 48: " (#78b)"
        LayoutListItem {LI} at (40,1602) size 729x18
          LayoutListMarker (anonymous) at (-17,0) size 7x18: bullet
          LayoutInline {A} at (0,0) size 245x18 [color=#0000EE]
            LayoutText {#text} at (0,0) size 245x18
              text run at (0,0) width 245: "NEGATED :first-of-type pseudo-class"
          LayoutText {#text} at (244,0) size 40x18
            text run at (244,0) width 40: " (#79)"
        LayoutListItem {LI} at (40,1620) size 729x18
          LayoutListMarker (anonymous) at (-17,0) size 7x18: bullet
          LayoutInline {A} at (0,0) size 242x18 [color=#0000EE]
            LayoutText {#text} at (0,0) size 242x18
              text run at (0,0) width 242: "NEGATED :last-of-type pseudo-class"
          LayoutText {#text} at (241,0) size 40x18
            text run at (241,0) width 40: " (#80)"
        LayoutListItem {LI} at (40,1638) size 729x18
          LayoutListMarker (anonymous) at (-17,0) size 7x18: bullet
          LayoutInline {A} at (0,0) size 234x18 [color=#0000EE]
            LayoutText {#text} at (0,0) size 234x18
              text run at (0,0) width 234: "NEGATED :only-child pseudo-class"
          LayoutText {#text} at (233,0) size 40x18
            text run at (233,0) width 40: " (#81)"
        LayoutListItem {LI} at (40,1656) size 729x18
          LayoutListMarker (anonymous) at (-17,0) size 7x18: bullet
          LayoutInline {A} at (0,0) size 234x18 [color=#0000EE]
            LayoutText {#text} at (0,0) size 234x18
              text run at (0,0) width 234: "NEGATED :only-child pseudo-class"
          LayoutText {#text} at (233,0) size 48x18
            text run at (233,0) width 48: " (#81b)"
        LayoutListItem {LI} at (40,1674) size 729x18
          LayoutListMarker (anonymous) at (-17,0) size 7x18: bullet
          LayoutInline {A} at (0,0) size 248x18 [color=#0000EE]
            LayoutText {#text} at (0,0) size 248x18
              text run at (0,0) width 248: "NEGATED :only-of-type pseudo-class"
          LayoutText {#text} at (247,0) size 40x18
            text run at (247,0) width 40: " (#82)"
        LayoutListItem {LI} at (40,1692) size 729x18
          LayoutListMarker (anonymous) at (-17,0) size 7x18: bullet
          LayoutInline {A} at (0,0) size 248x18 [color=#0000EE]
            LayoutText {#text} at (0,0) size 248x18
              text run at (0,0) width 248: "NEGATED :only-of-type pseudo-class"
          LayoutText {#text} at (247,0) size 48x18
            text run at (247,0) width 48: " (#82b)"
        LayoutListItem {LI} at (40,1710) size 729x18
          LayoutListMarker (anonymous) at (-17,0) size 7x18: bullet
          LayoutInline {A} at (0,0) size 347x18 [color=#0000EE]
            LayoutText {#text} at (0,0) size 347x18
              text run at (0,0) width 347: "Negation pseudo-class cannot be an argument of itself"
          LayoutText {#text} at (346,0) size 40x18
            text run at (346,0) width 40: " (#83)"
        LayoutListItem {LI} at (40,1728) size 729x18
          LayoutListMarker (anonymous) at (-17,0) size 7x18: bullet
          LayoutInline {A} at (0,0) size 155x18 [color=#0000EE]
            LayoutText {#text} at (0,0) size 155x18
              text run at (0,0) width 155: ":contains() pseudo-class"
          LayoutText {#text} at (154,0) size 39x18
            text run at (154,0) width 39: " (#84)"
        LayoutListItem {LI} at (40,1746) size 729x18
          LayoutListMarker (anonymous) at (-17,0) size 7x18: bullet
          LayoutInline {A} at (0,0) size 155x18 [color=#0000EE]
            LayoutText {#text} at (0,0) size 155x18
              text run at (0,0) width 155: ":contains() pseudo-class"
          LayoutText {#text} at (154,0) size 47x18
            text run at (154,0) width 47: " (#84b)"
        LayoutListItem {LI} at (40,1764) size 729x18
          LayoutListMarker (anonymous) at (-17,0) size 7x18: bullet
          LayoutInline {A} at (0,0) size 232x18 [color=#0000EE]
            LayoutText {#text} at (0,0) size 232x18
              text run at (0,0) width 232: "NEGATED :contains() pseudo-class"
          LayoutText {#text} at (231,0) size 40x18
            text run at (231,0) width 40: " (#85)"
        LayoutListItem {LI} at (40,1782) size 729x18
          LayoutListMarker (anonymous) at (-17,0) size 7x18: bullet
          LayoutInline {A} at (0,0) size 453x18 [color=#0000EE]
            LayoutText {#text} at (0,0) size 453x18
              text run at (0,0) width 453: "Nondeterministic matching of direct and indirect adjacent combinators"
          LayoutText {#text} at (452,0) size 40x18
            text run at (452,0) width 40: " (#87)"
        LayoutListItem {LI} at (40,1800) size 729x18
          LayoutListMarker (anonymous) at (-17,0) size 7x18: bullet
          LayoutInline {A} at (0,0) size 453x18 [color=#0000EE]
            LayoutText {#text} at (0,0) size 453x18
              text run at (0,0) width 453: "Nondeterministic matching of direct and indirect adjacent combinators"
          LayoutText {#text} at (452,0) size 48x18
            text run at (452,0) width 48: " (#87b)"
        LayoutListItem {LI} at (40,1818) size 729x18
          LayoutListMarker (anonymous) at (-17,0) size 7x18: bullet
          LayoutInline {A} at (0,0) size 475x18 [color=#0000EE]
            LayoutText {#text} at (0,0) size 475x18
              text run at (0,0) width 475: "Nondeterministic matching of descendant and direct adjacent combinators"
          LayoutText {#text} at (474,0) size 40x18
            text run at (474,0) width 40: " (#88)"
        LayoutListItem {LI} at (40,1836) size 729x18
          LayoutListMarker (anonymous) at (-17,0) size 7x18: bullet
          LayoutInline {A} at (0,0) size 475x18 [color=#0000EE]
            LayoutText {#text} at (0,0) size 475x18
              text run at (0,0) width 475: "Nondeterministic matching of descendant and direct adjacent combinators"
          LayoutText {#text} at (474,0) size 48x18
            text run at (474,0) width 48: " (#88b)"
        LayoutListItem {LI} at (40,1854) size 729x18
          LayoutListMarker (anonymous) at (-17,0) size 7x18: bullet
          LayoutInline {A} at (0,0) size 368x18 [color=#0000EE]
            LayoutText {#text} at (0,0) size 368x18
              text run at (0,0) width 368: "Simple combination of descendant and child combinators"
          LayoutText {#text} at (367,0) size 40x18
            text run at (367,0) width 40: " (#89)"
        LayoutListItem {LI} at (40,1872) size 729x18
          LayoutListMarker (anonymous) at (-17,0) size 7x18: bullet
          LayoutInline {A} at (0,0) size 408x18 [color=#0000EE]
            LayoutText {#text} at (0,0) size 408x18
              text run at (0,0) width 408: "Simple combination of direct and indirect adjacent combinators"
          LayoutText {#text} at (407,0) size 40x18
            text run at (407,0) width 40: " (#90)"
        LayoutListItem {LI} at (40,1890) size 729x18
          LayoutListMarker (anonymous) at (-17,0) size 7x18: bullet
          LayoutInline {A} at (0,0) size 408x18 [color=#0000EE]
            LayoutText {#text} at (0,0) size 408x18
              text run at (0,0) width 408: "Simple combination of direct and indirect adjacent combinators"
          LayoutText {#text} at (407,0) size 48x18
            text run at (407,0) width 48: " (#90b)"
        LayoutListItem {LI} at (40,1908) size 729x18
          LayoutListMarker (anonymous) at (-17,0) size 7x18: bullet
          LayoutInline {A} at (0,0) size 289x18 [color=#0000EE]
            LayoutText {#text} at (0,0) size 289x18
              text run at (0,0) width 289: "NEGATED :enabled:disabled pseudo-classes"
          LayoutText {#text} at (288,0) size 48x18
            text run at (288,0) width 48: " (#144)"
        LayoutListItem {LI} at (40,1926) size 729x18
          LayoutListMarker (anonymous) at (-17,0) size 7x18: bullet
          LayoutInline {A} at (0,0) size 186x18 [color=#0000EE]
            LayoutText {#text} at (0,0) size 186x18
              text run at (0,0) width 186: ":empty pseudo-class and text"
          LayoutText {#text} at (185,0) size 47x18
            text run at (185,0) width 47: " (#148)"
        LayoutListItem {LI} at (40,1944) size 729x18
          LayoutListMarker (anonymous) at (-17,0) size 7x18: bullet
          LayoutInline {A} at (0,0) size 263x18 [color=#0000EE]
            LayoutText {#text} at (0,0) size 263x18
              text run at (0,0) width 263: ":empty pseudo-class and empty elements"
          LayoutText {#text} at (262,0) size 47x18
            text run at (262,0) width 47: " (#149)"
        LayoutListItem {LI} at (40,1962) size 729x18
          LayoutListMarker (anonymous) at (-17,0) size 7x18: bullet
          LayoutInline {A} at (0,0) size 263x18 [color=#0000EE]
            LayoutText {#text} at (0,0) size 263x18
              text run at (0,0) width 263: ":empty pseudo-class and empty elements"
          LayoutText {#text} at (262,0) size 55x18
            text run at (262,0) width 55: " (#149b)"
        LayoutListItem {LI} at (40,1980) size 729x18
          LayoutListMarker (anonymous) at (-17,0) size 7x18: bullet
          LayoutInline {A} at (0,0) size 233x18 [color=#0000EE]
            LayoutText {#text} at (0,0) size 233x18
              text run at (0,0) width 233: ":empty pseudo-class and whitespace"
          LayoutText {#text} at (232,0) size 48x18
            text run at (232,0) width 48: " (#151)"
        LayoutListItem {LI} at (40,1998) size 729x18
          LayoutListMarker (anonymous) at (-17,0) size 7x18: bullet
          LayoutInline {A} at (0,0) size 219x18 [color=#0000EE]
            LayoutText {#text} at (0,0) size 219x18
              text run at (0,0) width 219: ":empty pseudo-class and elements"
          LayoutText {#text} at (218,0) size 47x18
            text run at (218,0) width 47: " (#152)"
        LayoutListItem {LI} at (40,2016) size 729x18
          LayoutListMarker (anonymous) at (-17,0) size 7x18: bullet
          LayoutInline {A} at (0,0) size 123x18 [color=#0000EE]
            LayoutText {#text} at (0,0) size 123x18
              text run at (0,0) width 123: "Syntax and parsing"
          LayoutText {#text} at (122,0) size 48x18
            text run at (122,0) width 48: " (#154)"
        LayoutListItem {LI} at (40,2034) size 729x18
          LayoutListMarker (anonymous) at (-17,0) size 7x18: bullet
          LayoutInline {A} at (0,0) size 123x18 [color=#0000EE]
            LayoutText {#text} at (0,0) size 123x18
              text run at (0,0) width 123: "Syntax and parsing"
          LayoutText {#text} at (122,0) size 48x18
            text run at (122,0) width 48: " (#155)"
        LayoutListItem {LI} at (40,2052) size 729x18
          LayoutListMarker (anonymous) at (-17,0) size 7x18: bullet
          LayoutInline {A} at (0,0) size 123x18 [color=#0000EE]
            LayoutText {#text} at (0,0) size 123x18
              text run at (0,0) width 123: "Syntax and parsing"
          LayoutText {#text} at (122,0) size 55x18
            text run at (122,0) width 55: " (#155a)"
        LayoutListItem {LI} at (40,2070) size 729x18
          LayoutListMarker (anonymous) at (-17,0) size 7x18: bullet
          LayoutInline {A} at (0,0) size 123x18 [color=#0000EE]
            LayoutText {#text} at (0,0) size 123x18
              text run at (0,0) width 123: "Syntax and parsing"
          LayoutText {#text} at (122,0) size 56x18
            text run at (122,0) width 56: " (#155b)"
        LayoutListItem {LI} at (40,2088) size 729x18
          LayoutListMarker (anonymous) at (-17,0) size 7x18: bullet
          LayoutInline {A} at (0,0) size 123x18 [color=#0000EE]
            LayoutText {#text} at (0,0) size 123x18
              text run at (0,0) width 123: "Syntax and parsing"
          LayoutText {#text} at (122,0) size 55x18
            text run at (122,0) width 55: " (#155c)"
        LayoutListItem {LI} at (40,2106) size 729x18
          LayoutListMarker (anonymous) at (-17,0) size 7x18: bullet
          LayoutInline {A} at (0,0) size 123x18 [color=#0000EE]
            LayoutText {#text} at (0,0) size 123x18
              text run at (0,0) width 123: "Syntax and parsing"
          LayoutText {#text} at (122,0) size 56x18
            text run at (122,0) width 56: " (#155d)"
        LayoutListItem {LI} at (40,2124) size 729x18
          LayoutListMarker (anonymous) at (-17,0) size 7x18: bullet
          LayoutInline {A} at (0,0) size 123x18 [color=#0000EE]
            LayoutText {#text} at (0,0) size 123x18
              text run at (0,0) width 123: "Syntax and parsing"
          LayoutText {#text} at (122,0) size 48x18
            text run at (122,0) width 48: " (#156)"
        LayoutListItem {LI} at (40,2142) size 729x18
          LayoutListMarker (anonymous) at (-17,0) size 7x18: bullet
          LayoutInline {A} at (0,0) size 123x18 [color=#0000EE]
            LayoutText {#text} at (0,0) size 123x18
              text run at (0,0) width 123: "Syntax and parsing"
          LayoutText {#text} at (122,0) size 56x18
            text run at (122,0) width 56: " (#156b)"
        LayoutListItem {LI} at (40,2160) size 729x18
          LayoutListMarker (anonymous) at (-17,0) size 7x18: bullet
          LayoutInline {A} at (0,0) size 123x18 [color=#0000EE]
            LayoutText {#text} at (0,0) size 123x18
              text run at (0,0) width 123: "Syntax and parsing"
          LayoutText {#text} at (122,0) size 55x18
            text run at (122,0) width 55: " (#156c)"
        LayoutListItem {LI} at (40,2178) size 729x18
          LayoutListMarker (anonymous) at (-17,0) size 7x18: bullet
          LayoutInline {A} at (0,0) size 123x18 [color=#0000EE]
            LayoutText {#text} at (0,0) size 123x18
              text run at (0,0) width 123: "Syntax and parsing"
          LayoutText {#text} at (122,0) size 48x18
            text run at (122,0) width 48: " (#157)"
        LayoutListItem {LI} at (40,2196) size 729x18
          LayoutListMarker (anonymous) at (-17,0) size 7x18: bullet
          LayoutInline {A} at (0,0) size 123x18 [color=#0000EE]
            LayoutText {#text} at (0,0) size 123x18
              text run at (0,0) width 123: "Syntax and parsing"
          LayoutText {#text} at (122,0) size 48x18
            text run at (122,0) width 48: " (#158)"
        LayoutListItem {LI} at (40,2214) size 729x18
          LayoutListMarker (anonymous) at (-17,0) size 7x18: bullet
          LayoutInline {A} at (0,0) size 283x18 [color=#0000EE]
            LayoutText {#text} at (0,0) size 283x18
              text run at (0,0) width 283: "Syntax and parsing of new pseudo-elements"
          LayoutText {#text} at (282,0) size 47x18
            text run at (282,0) width 47: " (#159)"
        LayoutListItem {LI} at (40,2232) size 729x18
          LayoutListMarker (anonymous) at (-17,0) size 7x18: bullet
          LayoutInline {A} at (0,0) size 303x18 [color=#0000EE]
            LayoutText {#text} at (0,0) size 303x18
              text run at (0,0) width 303: "Syntax and parsing of unknown pseudo-classes"
          LayoutText {#text} at (302,0) size 48x18
            text run at (302,0) width 48: " (#160)"
        LayoutListItem {LI} at (40,2250) size 729x18
          LayoutListMarker (anonymous) at (-17,0) size 7x18: bullet
          LayoutInline {A} at (0,0) size 442x18 [color=#0000EE]
            LayoutText {#text} at (0,0) size 442x18
              text run at (0,0) width 442: "Syntax and parsing of unknown pseudo-classes and pseudo-elements"
          LayoutText {#text} at (441,0) size 47x18
            text run at (441,0) width 47: " (#161)"
        LayoutListItem {LI} at (40,2268) size 729x18
          LayoutListMarker (anonymous) at (-17,0) size 7x18: bullet
          LayoutInline {A} at (0,0) size 140x18 [color=#0000EE]
            LayoutText {#text} at (0,0) size 140x18
              text run at (0,0) width 140: "Contextual ::selection"
          LayoutText {#text} at (139,0) size 48x18
            text run at (139,0) width 48: " (#162)"
        LayoutListItem {LI} at (40,2286) size 729x18
          LayoutListMarker (anonymous) at (-17,0) size 7x18: bullet
          LayoutInline {A} at (0,0) size 132x18 [color=#0000EE]
            LayoutText {#text} at (0,0) size 132x18
              text run at (0,0) width 132: "Contextual :contains"
          LayoutText {#text} at (131,0) size 48x18
            text run at (131,0) width 48: " (#163)"
        LayoutListItem {LI} at (40,2304) size 729x18
          LayoutListMarker (anonymous) at (-17,0) size 7x18: bullet
          LayoutInline {A} at (0,0) size 142x18 [color=#0000EE]
            LayoutText {#text} at (0,0) size 142x18
              text run at (0,0) width 142: ":focus with ::selection"
          LayoutText {#text} at (141,0) size 47x18
            text run at (141,0) width 47: " (#164)"
        LayoutListItem {LI} at (40,2322) size 729x18
          LayoutListMarker (anonymous) at (-17,0) size 7x18: bullet
          LayoutInline {A} at (0,0) size 144x18 [color=#0000EE]
            LayoutText {#text} at (0,0) size 144x18
              text run at (0,0) width 144: ":hover with ::selection"
          LayoutText {#text} at (143,0) size 47x18
            text run at (143,0) width 47: " (#165)"
        LayoutListItem {LI} at (40,2340) size 729x18
          LayoutListMarker (anonymous) at (-17,0) size 7x18: bullet
          LayoutInline {A} at (0,0) size 176x18 [color=#0000EE]
            LayoutText {#text} at (0,0) size 176x18
              text run at (0,0) width 176: ":first-letter with ::first-letter"
          LayoutText {#text} at (175,0) size 48x18
            text run at (175,0) width 48: " (#166)"
        LayoutListItem {LI} at (40,2358) size 729x18
          LayoutListMarker (anonymous) at (-17,0) size 7x18: bullet
          LayoutInline {A} at (0,0) size 176x18 [color=#0000EE]
            LayoutText {#text} at (0,0) size 176x18
              text run at (0,0) width 176: ":first-letter with ::first-letter"
          LayoutText {#text} at (175,0) size 55x18
            text run at (175,0) width 55: " (#166a)"
        LayoutListItem {LI} at (40,2376) size 729x18
          LayoutListMarker (anonymous) at (-17,0) size 7x18: bullet
          LayoutInline {A} at (0,0) size 159x18 [color=#0000EE]
            LayoutText {#text} at (0,0) size 159x18
              text run at (0,0) width 159: ":first-line with ::first-line"
          LayoutText {#text} at (158,0) size 47x18
            text run at (158,0) width 47: " (#167)"
        LayoutListItem {LI} at (40,2394) size 729x18
          LayoutListMarker (anonymous) at (-17,0) size 7x18: bullet
          LayoutInline {A} at (0,0) size 159x18 [color=#0000EE]
            LayoutText {#text} at (0,0) size 159x18
              text run at (0,0) width 159: ":first-line with ::first-line"
          LayoutText {#text} at (158,0) size 54x18
            text run at (158,0) width 54: " (#167a)"
        LayoutListItem {LI} at (40,2412) size 729x18
          LayoutListMarker (anonymous) at (-17,0) size 7x18: bullet
          LayoutInline {A} at (0,0) size 132x18 [color=#0000EE]
            LayoutText {#text} at (0,0) size 132x18
              text run at (0,0) width 132: ":before with ::before"
          LayoutText {#text} at (131,0) size 48x18
            text run at (131,0) width 48: " (#168)"
        LayoutListItem {LI} at (40,2430) size 729x18
          LayoutListMarker (anonymous) at (-17,0) size 7x18: bullet
          LayoutInline {A} at (0,0) size 132x18 [color=#0000EE]
            LayoutText {#text} at (0,0) size 132x18
              text run at (0,0) width 132: ":before with ::before"
          LayoutText {#text} at (131,0) size 55x18
            text run at (131,0) width 55: " (#168a)"
        LayoutListItem {LI} at (40,2448) size 729x18
          LayoutListMarker (anonymous) at (-17,0) size 7x18: bullet
          LayoutInline {A} at (0,0) size 109x18 [color=#0000EE]
            LayoutText {#text} at (0,0) size 109x18
              text run at (0,0) width 109: ":after with ::after"
          LayoutText {#text} at (108,0) size 48x18
            text run at (108,0) width 48: " (#169)"
        LayoutListItem {LI} at (40,2466) size 729x18
          LayoutListMarker (anonymous) at (-17,0) size 7x18: bullet
          LayoutInline {A} at (0,0) size 109x18 [color=#0000EE]
            LayoutText {#text} at (0,0) size 109x18
              text run at (0,0) width 109: ":after with ::after"
          LayoutText {#text} at (108,0) size 55x18
            text run at (108,0) width 55: " (#169a)"
        LayoutListItem {LI} at (40,2484) size 729x18
          LayoutListMarker (anonymous) at (-17,0) size 7x18: bullet
          LayoutInline {A} at (0,0) size 156x18 [color=#0000EE]
            LayoutText {#text} at (0,0) size 156x18
              text run at (0,0) width 156: "Long chains of selectors"
          LayoutText {#text} at (155,0) size 48x18
            text run at (155,0) width 48: " (#170)"
        LayoutListItem {LI} at (40,2502) size 729x18
          LayoutListMarker (anonymous) at (-17,0) size 7x18: bullet
          LayoutInline {A} at (0,0) size 156x18 [color=#0000EE]
            LayoutText {#text} at (0,0) size 156x18
              text run at (0,0) width 156: "Long chains of selectors"
          LayoutText {#text} at (155,0) size 55x18
            text run at (155,0) width 55: " (#170a)"
        LayoutListItem {LI} at (40,2520) size 729x18
          LayoutListMarker (anonymous) at (-17,0) size 7x18: bullet
          LayoutInline {A} at (0,0) size 156x18 [color=#0000EE]
            LayoutText {#text} at (0,0) size 156x18
              text run at (0,0) width 156: "Long chains of selectors"
          LayoutText {#text} at (155,0) size 56x18
            text run at (155,0) width 56: " (#170b)"
        LayoutListItem {LI} at (40,2538) size 729x18
          LayoutListMarker (anonymous) at (-17,0) size 7x18: bullet
          LayoutInline {A} at (0,0) size 156x18 [color=#0000EE]
            LayoutText {#text} at (0,0) size 156x18
              text run at (0,0) width 156: "Long chains of selectors"
          LayoutText {#text} at (155,0) size 55x18
            text run at (155,0) width 55: " (#170c)"
        LayoutListItem {LI} at (40,2556) size 729x18
          LayoutListMarker (anonymous) at (-17,0) size 7x18: bullet
          LayoutInline {A} at (0,0) size 156x18 [color=#0000EE]
            LayoutText {#text} at (0,0) size 156x18
              text run at (0,0) width 156: "Long chains of selectors"
          LayoutText {#text} at (155,0) size 56x18
            text run at (155,0) width 56: " (#170d)"
        LayoutListItem {LI} at (40,2574) size 729x18
          LayoutListMarker (anonymous) at (-17,0) size 7x18: bullet
          LayoutInline {A} at (0,0) size 180x18 [color=#0000EE]
            LayoutText {#text} at (0,0) size 180x18
              text run at (0,0) width 180: "Parsing: Numbers in classes"
          LayoutText {#text} at (179,0) size 55x18
            text run at (179,0) width 55: " (#175a)"
        LayoutListItem {LI} at (40,2592) size 729x18
          LayoutListMarker (anonymous) at (-17,0) size 7x18: bullet
          LayoutInline {A} at (0,0) size 180x18 [color=#0000EE]
            LayoutText {#text} at (0,0) size 180x18
              text run at (0,0) width 180: "Parsing: Numbers in classes"
          LayoutText {#text} at (179,0) size 56x18
            text run at (179,0) width 56: " (#175b)"
        LayoutListItem {LI} at (40,2610) size 729x18
          LayoutListMarker (anonymous) at (-17,0) size 7x18: bullet
          LayoutInline {A} at (0,0) size 180x18 [color=#0000EE]
            LayoutText {#text} at (0,0) size 180x18
              text run at (0,0) width 180: "Parsing: Numbers in classes"
          LayoutText {#text} at (179,0) size 55x18
            text run at (179,0) width 55: " (#175c)"
        LayoutListItem {LI} at (40,2628) size 729x18
          LayoutListMarker (anonymous) at (-17,0) size 7x18: bullet
          LayoutInline {A} at (0,0) size 263x18 [color=#0000EE]
            LayoutText {#text} at (0,0) size 263x18
              text run at (0,0) width 263: "NEGATED Dynamic handling of :empty"
          LayoutText {#text} at (262,0) size 39x18
            text run at (262,0) width 39: " (#d1)"
        LayoutListItem {LI} at (40,2646) size 729x18
          LayoutListMarker (anonymous) at (-17,0) size 7x18: bullet
          LayoutInline {A} at (0,0) size 263x18 [color=#0000EE]
            LayoutText {#text} at (0,0) size 263x18
              text run at (0,0) width 263: "NEGATED Dynamic handling of :empty"
          LayoutText {#text} at (262,0) size 47x18
            text run at (262,0) width 47: " (#d1b)"
        LayoutListItem {LI} at (40,2664) size 729x18
          LayoutListMarker (anonymous) at (-17,0) size 7x18: bullet
          LayoutInline {A} at (0,0) size 220x18 [color=#0000EE]
            LayoutText {#text} at (0,0) size 220x18
              text run at (0,0) width 220: "Dynamic handling of combinators"
          LayoutText {#text} at (219,0) size 39x18
            text run at (219,0) width 39: " (#d2)"
        LayoutListItem {LI} at (40,2682) size 729x18
          LayoutListMarker (anonymous) at (-17,0) size 7x18: bullet
          LayoutInline {A} at (0,0) size 302x18 [color=#0000EE]
            LayoutText {#text} at (0,0) size 302x18
              text run at (0,0) width 302: "Dynamic updating of :first-child and :last-child"
          LayoutText {#text} at (301,0) size 40x18
            text run at (301,0) width 40: " (#d4)"
        LayoutListItem {LI} at (40,2700) size 729x18
          LayoutListMarker (anonymous) at (-17,0) size 7x18: bullet
          LayoutInline {A} at (0,0) size 93x18 [color=#0000EE]
            LayoutText {#text} at (0,0) size 93x18
              text run at (0,0) width 93: ":indeterminate"
          LayoutText {#text} at (92,0) size 40x18
            text run at (92,0) width 40: " (#d5)"
        LayoutListItem {LI} at (40,2718) size 729x18
          LayoutListMarker (anonymous) at (-17,0) size 7x18: bullet
          LayoutInline {A} at (0,0) size 181x18 [color=#0000EE]
            LayoutText {#text} at (0,0) size 181x18
              text run at (0,0) width 181: ":indeterminate and :checked"
          LayoutText {#text} at (180,0) size 47x18
            text run at (180,0) width 47: " (#d5a)"
        LayoutListItem {LI} at (40,2736) size 729x18
          LayoutListMarker (anonymous) at (-17,0) size 7x18: bullet
          LayoutInline {A} at (0,0) size 259x18 [color=#0000EE]
            LayoutText {#text} at (0,0) size 259x18
              text run at (0,0) width 259: "NEGATED :indeterminate and :checked"
          LayoutText {#text} at (258,0) size 47x18
            text run at (258,0) width 47: " (#d5b)"
        LayoutListItem {LI} at (40,2754) size 729x18
          LayoutListMarker (anonymous) at (-17,0) size 7x18: bullet
          LayoutInline {A} at (0,0) size 181x18 [color=#0000EE]
            LayoutText {#text} at (0,0) size 181x18
              text run at (0,0) width 181: ":indeterminate and :checked"
          LayoutText {#text} at (180,0) size 47x18
            text run at (180,0) width 47: " (#d5c)"
        LayoutListItem {LI} at (40,2772) size 729x18
          LayoutListMarker (anonymous) at (-17,0) size 7x18: bullet
          LayoutInline {A} at (0,0) size 186x18 [color=#0000EE]
            LayoutText {#text} at (0,0) size 186x18
              text run at (0,0) width 186: ":indeterminate with :checked"
          LayoutText {#text} at (185,0) size 48x18
            text run at (185,0) width 48: " (#d5d)"
        LayoutListItem {LI} at (40,2790) size 729x18
          LayoutListMarker (anonymous) at (-17,0) size 7x18: bullet
          LayoutInline {A} at (0,0) size 264x18 [color=#0000EE]
            LayoutText {#text} at (0,0) size 264x18
              text run at (0,0) width 264: "NEGATED :indeterminate with :checked"
          LayoutText {#text} at (263,0) size 47x18
            text run at (263,0) width 47: " (#d5e)"
      LayoutBlockFlow {P} at (0,3268.06) size 769x18
        LayoutText {#text} at (0,0) size 62x18
          text run at (0,0) width 62: "See also: "
        LayoutInline {A} at (0,0) size 37x18 [color=#0000EE]
          LayoutText {#text} at (61,0) size 37x18
            text run at (61,0) width 37: "Index"
        LayoutText {#text} at (97,0) size 9x18
          text run at (97,0) width 9: ", "
        LayoutInline {A} at (0,0) size 58x18 [color=#0000EE]
          LayoutText {#text} at (105,0) size 58x18
            text run at (105,0) width 58: "XHTML"
        LayoutText {#text} at (162,0) size 9x18
          text run at (162,0) width 9: ", "
        LayoutInline {A} at (0,0) size 37x18 [color=#0000EE]
          LayoutText {#text} at (170,0) size 37x18
            text run at (170,0) width 37: "XML"
