layer at (0,0) size 800x600
  LayoutView at (0,0) size 800x600
layer at (0,0) size 800x84
  LayoutBlockFlow {html} at (0,0) size 800x84
    LayoutBlockFlow {div} at (0,16) size 800x52
      LayoutBlockFlow {p} at (0,0) size 800x18 [bgcolor=#008000]
        LayoutText {#text} at (0,0) size 272x18
          text run at (0,0) width 272: "This line should have a green background."
      LayoutBlockFlow {p} at (0,34) size 800x18 [bgcolor=#0000FF]
        LayoutText {#text} at (0,0) size 309x18
          text run at (0,0) width 309: "This line should NOT have a green background."
