layer at (0,0) size 800x600
  LayoutView at (0,0) size 800x600
layer at (0,0) size 800x600
  LayoutBlockFlow {HTML} at (0,0) size 800x600
    LayoutBlockFlow {BODY} at (8,8) size 784x576
      LayoutBlockFlow {DIV} at (0,0) size 784x52
        LayoutBlockFlow {P} at (0,0) size 784x18 [bgcolor=#008000]
          LayoutText {#text} at (0,0) size 272x18
            text run at (0,0) width 272: "This line should have a green background."
        LayoutBlockFlow {P} at (0,34) size 784x18 [bgcolor=#0000FF]
          LayoutText {#text} at (0,0) size 309x18
            text run at (0,0) width 309: "This line should NOT have a green background."
