layer at (0,0) size 800x600
  LayoutView at (0,0) size 800x600
layer at (0,0) size 800x93
  LayoutBlockFlow {HTML} at (0,0) size 800x93.44
    LayoutBlockFlow {BODY} at (8,18.72) size 784x58.72
      LayoutBlockFlow {H3} at (0,0) size 784x22
        LayoutText {#text} at (0,0) size 447x22
          text run at (0,0) width 447: "Test of unqualifed :hover selector in strict parsing mode"
      LayoutBlockFlow {P} at (0,40.72) size 784x18
        LayoutText {#text} at (0,0) size 701x18
          text run at (0,0) width 701: "Moving the mouse anywhere over the document should result in the background color being changed to grey."
