layer at (0,0) size 800x600
  LayoutView at (0,0) size 800x600
layer at (0,0) size 800x600
  LayoutBlockFlow {HTML} at (0,0) size 800x600
    LayoutBlockFlow {BODY} at (8,8) size 784x576
      LayoutBlockFlow {H3} at (0,0) size 784x22
        LayoutText {#text} at (0,0) size 457x22
          text run at (0,0) width 457: "Test of unqualifed :hover selector in quirks parsing mode"
      LayoutBlockFlow {P} at (0,40.72) size 784x18
        LayoutText {#text} at (0,0) size 625x18
          text run at (0,0) width 625: "Moving the mouse anywhere over the document should result no change to the background color."
