layer at (0,0) size 800x600
  LayoutView at (0,0) size 800x600
layer at (0,0) size 800x160 layerType: background only
layer at (8,52) size 100x100
  LayoutBlockFlow (positioned) zI: -1 {DIV} at (8,52) size 100x100 [bgcolor=#FF0000]
layer at (0,0) size 800x160 layerType: foreground only
  LayoutBlockFlow {HTML} at (0,0) size 800x160
    LayoutBlockFlow {BODY} at (8,16) size 784x136
      LayoutBlockFlow {P} at (0,0) size 784x20
        LayoutText {#text} at (0,0) size 281x19
          text run at (0,0) width 281: "Test passes if there is a filled green square and "
        LayoutInline {STRONG} at (0,0) size 42x19
          LayoutText {#text} at (281,0) size 42x19
            text run at (281,0) width 42: "no red"
        LayoutText {#text} at (323,0) size 4x19
          text run at (323,0) width 4: "."
      LayoutTable {DIV} at (0,36) size 100x100 [bgcolor=#008000] [border: (25px solid #008000)]
