layer at (0,0) size 800x600
  LayoutView at (0,0) size 800x600
layer at (0,0) size 800x600
  LayoutBlockFlow {HTML} at (0,0) size 800x600
    LayoutBlockFlow {BODY} at (8,8) size 784x584
      LayoutBlockFlow {P} at (0,0) size 784x20
        LayoutText {#text} at (0,0) size 351x19
          text run at (0,0) width 351: "Test passes if the \"Filler Text\" below is all on the same line."
      LayoutBlockFlow {DIV} at (0,36) size 784x96
        LayoutInline {SPAN} at (0,0) size 60x19
          LayoutText {#text} at (0,0) size 60x19
            text run at (0,0) width 60: "Filler Text"
        LayoutText {#text} at (60,0) size 4x19
          text run at (60,0) width 4: " "
        LayoutTable {DIV} at (64,0) size 96x96 [bgcolor=#FFA500]
          LayoutTableSection (anonymous) at (0,0) size 96x96
            LayoutTableRow {DIV} at (0,0) size 96x96
              LayoutTableCell {DIV} at (0,0) size 96x20 [r=0 c=0 rs=1 cs=1]
                LayoutText {#text} at (0,0) size 60x19
                  text run at (0,0) width 60: "Filler Text"
        LayoutText {#text} at (0,0) size 0x0
