layer at (0,0) size 800x600
  LayoutView at (0,0) size 800x600
layer at (0,0) size 800x518
  LayoutBlockFlow {HTML} at (0,0) size 800x518
    LayoutBlockFlow {BODY} at (8,16) size 784x494
      LayoutBlockFlow {P} at (0,0) size 784x85
        LayoutRuby (inline) {RUBY} at (0,0) size 144x55
          LayoutRubyRun (anonymous) at (0,14) size 144x71
            LayoutRubyText {RT} at (0,-21) size 144x36
              LayoutText {#text} at (0,7) size 144x27
                text run at (0,7) width 144: "\x{304D}\x{3069}\x{3046}\x{305F}\x{3044}\x{304D}"
            LayoutRubyBase (anonymous) at (0,0) size 144x71
              LayoutText {#text} at (12,13) size 120x55
                text run at (12,13) width 120: "\x{653B}\x{6BBB}"
        LayoutText {#text} at (0,0) size 0x0
      LayoutBlockFlow {P} at (0,101) size 784x85
        LayoutRuby (inline) {RUBY} at (0,0) size 192x55
          LayoutRubyRun (anonymous) at (0,14) size 192x71
            LayoutRubyText {RT} at (0,-21) size 192x36
              LayoutText {#text} at (0,7) size 192x27
                text run at (0,7) width 192: "\x{304D}\x{3069}\x{3046}\x{305F}\x{3044}\x{304D}\x{3069}\x{3046}"
            LayoutRubyBase (anonymous) at (0,0) size 192x71
              LayoutText {#text} at (8,13) size 176x55
                text run at (8,13) width 176: "\x{6A5F}\x{52D5}\x{968A}"
        LayoutText {#text} at (0,0) size 0x0
      LayoutBlockFlow {DIV} at (0,202) size 228x292
        LayoutBlockFlow {P} at (16,0) size 90x292
          LayoutRuby (inline) {RUBY} at (0,0) size 55x144
            LayoutRubyRun (anonymous) at (19,0) size 71x144
              LayoutRubyText {RT} at (-23,0) size 36x144
                LayoutText {#text} at (4,0) size 27x144
                  text run at (4,0) width 144: "\x{304D}\x{3069}\x{3046}\x{305F}\x{3044}\x{304D}"
              LayoutRubyBase (anonymous) at (0,0) size 71x144
                LayoutText {#text} at (8,12) size 55x120
                  text run at (8,12) width 120: "\x{653B}\x{6BBB}"
          LayoutText {#text} at (0,0) size 0x0
        LayoutBlockFlow {P} at (122,0) size 90x292
          LayoutRuby (inline) {RUBY} at (0,0) size 55x192
            LayoutRubyRun (anonymous) at (19,0) size 71x192
              LayoutRubyText {RT} at (-23,0) size 36x192
                LayoutText {#text} at (4,0) size 27x192
                  text run at (4,0) width 192: "\x{304D}\x{3069}\x{3046}\x{305F}\x{3044}\x{304D}\x{3069}\x{3046}"
              LayoutRubyBase (anonymous) at (0,0) size 71x192
                LayoutText {#text} at (8,8) size 55x176
                  text run at (8,8) width 176: "\x{6A5F}\x{52D5}\x{968A}"
          LayoutText {#text} at (0,0) size 0x0
