layer at (0,0) size 800x600
  LayoutView at (0,0) size 800x600
layer at (0,0) size 800x600
  LayoutBlockFlow {HTML} at (0,0) size 800x600
    LayoutBlockFlow {BODY} at (8,8) size 784x576
      LayoutBlockFlow {P} at (0,0) size 784x20
        LayoutText {#text} at (0,0) size 451x19
          text run at (0,0) width 451: "The following is a test for having a <rt> immediately following another."
      LayoutBlockFlow (anonymous) at (0,36) size 784x40
        LayoutBR {BR} at (0,0) size 0x19
        LayoutBR {BR} at (0,20) size 0x19
      LayoutBlockFlow {P} at (0,92) size 784x32
        LayoutText {#text} at (0,12) size 82x19
          text run at (0,12) width 82: "<ruby> uses "
        LayoutRuby (inline) {RUBY} at (0,0) size 42x19
          LayoutRubyRun (anonymous) at (82,12) size 27x20
            LayoutRubyText {RT} at (0,-12) size 27x12
              LayoutText {#text} at (4,0) size 19x12
                text run at (4,0) width 19: "ruby"
            LayoutRubyBase (anonymous) at (0,0) size 27x20
              LayoutText {#text} at (0,0) size 27x19
                text run at (0,0) width 27: "<rt>"
          LayoutRubyRun (anonymous) at (109,29) size 15x0
            LayoutRubyText {RT} at (0,-12) size 15x12
              LayoutText {#text} at (0,0) size 15x12
                text run at (0,0) width 15: "text"
        LayoutText {#text} at (124,12) size 163x19
          text run at (124,12) width 163: " to contain the annotation."
