layer at (0,0) size 800x600
  LayoutView at (0,0) size 800x600
layer at (0,0) size 800x88
  LayoutBlockFlow {HTML} at (0,0) size 800x88
    LayoutBlockFlow {BODY} at (16,16) size 768x56 [color=#0000FF]
      LayoutRuby (inline) {RUBY} at (0,0) size 213x36
        LayoutRubyRun (anonymous) at (0,19) size 192x37
          LayoutRubyText {RT} at (0,-19) size 192x20
            LayoutInline {<pseudo:before>} at (0,0) size 63x19
              LayoutTextFragment (anonymous) at (0,0) size 63x19
                text run at (0,0) width 63: "BEFORE"
            LayoutText {#text} at (63,0) size 77x19
              text run at (63,0) width 77: "CONTENT"
            LayoutInline {<pseudo:after>} at (0,0) size 52x19
              LayoutTextFragment (anonymous) at (140,0) size 52x19
                text run at (140,0) width 52: "AFTER"
          LayoutRubyBase (anonymous) at (0,0) size 192x37
            LayoutText {#text} at (84,0) size 24x36
              text run at (84,0) width 24: "A"
        LayoutRubyRun (anonymous) at (192,19) size 21x37
          LayoutRubyBase (anonymous) at (0,0) size 21x37
            LayoutText {#text} at (0,0) size 21x36
              text run at (0,0) width 21: "B"
      LayoutText {#text} at (0,0) size 0x0
