layer at (0,0) size 800x600
  LayoutView at (0,0) size 800x600
layer at (0,0) size 800x600
  LayoutBlockFlow {HTML} at (0,0) size 800x600
    LayoutBlockFlow {BODY} at (8,8) size 784x576
      LayoutBlockFlow {P} at (0,0) size 784x20
        LayoutText {#text} at (0,0) size 494x19
          text run at (0,0) width 494: "The following is a test for having non-text inline elements as base in a <ruby>."
      LayoutBlockFlow {P} at (0,36) size 784x32
        LayoutText {#text} at (0,12) size 155x19
          text run at (0,12) width 155: "<ruby> is defined in the "
        LayoutRuby (inline) {RUBY} at (0,0) size 129x19
          LayoutRubyRun (anonymous) at (151,12) size 42x20
            LayoutRubyText {RT} at (0,-12) size 42x12
              LayoutText {#text} at (0,0) size 42x12
                text run at (0,0) width 42: "Hyper-text"
            LayoutRubyBase (anonymous) at (0,0) size 42x20
              LayoutInline {SPAN} at (0,0) size 22x19
                LayoutText {#text} at (10,0) size 22x19
                  text run at (10,0) width 22: "HT"
          LayoutRubyRun (anonymous) at (193,12) size 95x20
            LayoutRubyText {RT} at (0,-12) size 95x12
              LayoutText {#text} at (0,0) size 95x12
                text run at (0,0) width 95: "Markup Language Lvl. 5"
            LayoutRubyBase (anonymous) at (0,0) size 95x20
              LayoutInline {SPAN} at (0,0) size 15x19
                LayoutText {#text} at (31,0) size 15x19
                  text run at (31,0) width 15: "M"
              LayoutInline {SPAN} at (0,0) size 11x19
                LayoutText {#text} at (45,0) size 11x19
                  text run at (45,0) width 11: "L"
              LayoutInline {SPAN} at (0,0) size 9x19
                LayoutText {#text} at (55,0) size 9x19
                  text run at (55,0) width 9: "5"
        LayoutText {#text} at (284,12) size 36x19
          text run at (284,12) width 36: " spec."
