layer at (0,0) size 800x600
  LayoutView at (0,0) size 800x600
layer at (0,0) size 800x600
  LayoutBlockFlow {HTML} at (0,0) size 800x600
    LayoutBlockFlow {BODY} at (8,8) size 784x584
      LayoutBlockFlow (anonymous) at (0,0) size 784x80
        LayoutText {#text} at (0,0) size 767x59
          text run at (0,0) width 752: "This is a test for multiple ruby runs and line breaks. There is a div with a blue border and 10px padding. This contains a"
          text run at (0,20) width 497: "single <ruby> markup in the text contained in the block, broken across 2 lines. "
          text run at (497,20) width 270: "Part of it should be on the first line, the rest"
          text run at (0,40) width 110: "on the other line. "
        LayoutBR {BR} at (110,55) size 0x0
        LayoutBR {BR} at (0,60) size 0x19
      LayoutBlockFlow {DIV} at (0,80) size 284x77 [border: (2px solid #0000FF)]
        LayoutText {#text} at (12,14) size 155x19
          text run at (12,14) width 155: "<ruby> is defined in the "
        LayoutRuby (inline) {RUBY} at (0,0) size 260x50
          LayoutRubyRun (anonymous) at (163,14) size 24x20
            LayoutRubyText {RT} at (0,-12) size 24x12
              LayoutText {#text} at (0,0) size 24x12
                text run at (0,0) width 24: "Hyper"
            LayoutRubyBase (anonymous) at (0,0) size 24x20
              LayoutText {#text} at (6,0) size 12x19
                text run at (6,0) width 12: "H"
          LayoutRubyRun (anonymous) at (187,14) size 17x20
            LayoutRubyText {RT} at (0,-12) size 17x12
              LayoutText {#text} at (0,0) size 17x12
                text run at (0,0) width 17: "Text"
            LayoutRubyBase (anonymous) at (0,0) size 17x20
              LayoutText {#text} at (3,0) size 11x19
                text run at (3,0) width 11: "T"
          LayoutRubyRun (anonymous) at (204,14) size 30x20
            LayoutRubyText {RT} at (0,-12) size 30x12
              LayoutText {#text} at (0,0) size 30x12
                text run at (0,0) width 30: "Markup"
            LayoutRubyBase (anonymous) at (0,0) size 30x20
              LayoutText {#text} at (8,0) size 14x19
                text run at (8,0) width 14: "M"
          LayoutRubyRun (anonymous) at (234,14) size 38x20
            LayoutRubyText {RT} at (0,-12) size 38x12
              LayoutText {#text} at (0,0) size 38x12
                text run at (0,0) width 38: "Language"
            LayoutRubyBase (anonymous) at (0,0) size 38x20
              LayoutText {#text} at (14,0) size 10x19
                text run at (14,0) width 10: "L"
          LayoutRubyRun (anonymous) at (12,45) size 29x20
            LayoutRubyText {RT} at (0,-12) size 29x12
              LayoutText {#text} at (0,0) size 29x12
                text run at (0,0) width 29: "Level 5"
            LayoutRubyBase (anonymous) at (0,0) size 29x20
              LayoutText {#text} at (10,0) size 9x19
                text run at (10,0) width 9: "5"
        LayoutText {#text} at (37,45) size 42x19
          text run at (37,45) width 42: " specs."
