layer at (0,0) size 800x600 clip at (0,0) size 785x600 scrollHeight 1054
  LayoutView at (0,0) size 800x600
layer at (0,0) size 785x1054 backgroundClip at (0,0) size 785x600 clip at (0,0) size 785x600
  LayoutBlockFlow {HTML} at (0,0) size 785x1054
    LayoutBlockFlow {BODY} at (8,8) size 769x584
      LayoutBlockFlow (floating) {DIV} at (0,0) size 352x862 [border: (1px solid #FF0000)]
        LayoutBlockFlow (anonymous) at (1,1) size 350x14
          LayoutText {#text} at (0,-1) size 181x16
            text run at (0,-1) width 181: "Plain textarea with little content"
        LayoutBlockFlow {DIV} at (1,15) size 352x40 [border: (1px solid #FF0000)]
          LayoutText {#text} at (1,24) size 14x16
            text run at (1,24) width 14: "A "
          LayoutText {#text} at (194,24) size 13x16
            text run at (194,24) width 13: " B"
        LayoutBlockFlow (anonymous) at (1,55) size 350x14
          LayoutText {#text} at (0,-1) size 77x16
            text run at (0,-1) width 77: "Plain textarea"
        LayoutBlockFlow {DIV} at (1,69) size 352x40 [border: (1px solid #FF0000)]
          LayoutText {#text} at (1,24) size 14x16
            text run at (1,24) width 14: "A "
          LayoutText {#text} at (194,24) size 13x16
            text run at (194,24) width 13: " B"
        LayoutBlockFlow (anonymous) at (1,109) size 350x14
          LayoutText {#text} at (0,-1) size 97x16
            text run at (0,-1) width 97: "Disabled textarea"
        LayoutBlockFlow {DIV} at (1,123) size 352x40 [border: (1px solid #FF0000)]
          LayoutText {#text} at (1,24) size 14x16
            text run at (1,24) width 14: "A "
          LayoutText {#text} at (194,24) size 13x16
            text run at (194,24) width 13: " B"
        LayoutBlockFlow (anonymous) at (1,163) size 350x14
          LayoutText {#text} at (0,-1) size 123x16
            text run at (0,-1) width 123: "style=\"padding:10px\""
        LayoutBlockFlow {DIV} at (1,177) size 352x58 [border: (1px solid #FF0000)]
          LayoutText {#text} at (1,42) size 14x16
            text run at (1,42) width 14: "A "
          LayoutText {#text} at (212,42) size 13x16
            text run at (212,42) width 13: " B"
        LayoutBlockFlow (anonymous) at (1,235) size 350x14
          LayoutText {#text} at (0,-1) size 116x16
            text run at (0,-1) width 116: "style=\"padding:0px\""
        LayoutBlockFlow {DIV} at (1,249) size 352x38 [border: (1px solid #FF0000)]
          LayoutText {#text} at (1,22) size 14x16
            text run at (1,22) width 14: "A "
          LayoutText {#text} at (192,22) size 13x16
            text run at (192,22) width 13: " B"
        LayoutBlockFlow (anonymous) at (1,287) size 350x14
          LayoutText {#text} at (0,-1) size 118x16
            text run at (0,-1) width 118: "style=\"margin:10px\""
        LayoutBlockFlow {DIV} at (1,301) size 352x60 [border: (1px solid #FF0000)]
          LayoutText {#text} at (1,44) size 14x16
            text run at (1,44) width 14: "A "
          LayoutText {#text} at (214,44) size 13x16
            text run at (214,44) width 13: " B"
        LayoutBlockFlow (anonymous) at (1,361) size 350x14
          LayoutText {#text} at (0,-1) size 111x16
            text run at (0,-1) width 111: "style=\"margin:0px\""
        LayoutBlockFlow {DIV} at (1,375) size 352x40 [border: (1px solid #FF0000)]
          LayoutText {#text} at (1,24) size 14x16
            text run at (1,24) width 14: "A "
          LayoutText {#text} at (194,24) size 13x16
            text run at (194,24) width 13: " B"
        LayoutBlockFlow (anonymous) at (1,415) size 350x14
          LayoutText {#text} at (0,-1) size 37x16
            text run at (0,-1) width 37: "cols=3"
        LayoutBlockFlow {DIV} at (1,429) size 352x40 [border: (1px solid #FF0000)]
          LayoutText {#text} at (1,24) size 14x16
            text run at (1,24) width 14: "A "
          LayoutText {#text} at (58,24) size 13x16
            text run at (58,24) width 13: " B"
        LayoutBlockFlow (anonymous) at (1,469) size 350x14
          LayoutText {#text} at (0,-1) size 42x16
            text run at (0,-1) width 42: "rows=3"
        LayoutBlockFlow {DIV} at (1,483) size 352x56 [border: (1px solid #FF0000)]
          LayoutText {#text} at (1,40) size 14x16
            text run at (1,40) width 14: "A "
          LayoutText {#text} at (194,40) size 13x16
            text run at (194,40) width 13: " B"
        LayoutBlockFlow (anonymous) at (1,539) size 350x14
          LayoutText {#text} at (0,-1) size 44x16
            text run at (0,-1) width 44: "cols=10"
        LayoutBlockFlow {DIV} at (1,553) size 352x40 [border: (1px solid #FF0000)]
          LayoutText {#text} at (1,24) size 14x16
            text run at (1,24) width 14: "A "
          LayoutText {#text} at (114,24) size 13x16
            text run at (114,24) width 13: " B"
        LayoutBlockFlow (anonymous) at (1,593) size 350x14
          LayoutText {#text} at (0,-1) size 49x16
            text run at (0,-1) width 49: "rows=10"
        LayoutBlockFlow {DIV} at (1,607) size 352x168 [border: (1px solid #FF0000)]
          LayoutText {#text} at (1,152) size 14x16
            text run at (1,152) width 14: "A "
          LayoutText {#text} at (194,152) size 13x16
            text run at (194,152) width 13: " B"
        LayoutBlockFlow (anonymous) at (1,775) size 350x14
          LayoutText {#text} at (0,-1) size 83x16
            text run at (0,-1) width 83: "cols=5 rows=4"
        LayoutBlockFlow {DIV} at (1,789) size 352x72 [border: (1px solid #FF0000)]
          LayoutText {#text} at (1,56) size 14x16
            text run at (1,56) width 14: "A "
          LayoutText {#text} at (74,56) size 13x16
            text run at (74,56) width 13: " B"
      LayoutBlockFlow (floating) {DIV} at (352,0) size 352x1046 [border: (1px solid #FF0000)]
        LayoutBlockFlow (anonymous) at (1,1) size 350x14
          LayoutText {#text} at (0,-1) size 110x16
            text run at (0,-1) width 110: "style=\"width:60px\""
        LayoutBlockFlow {DIV} at (1,15) size 352x40 [border: (1px solid #FF0000)]
          LayoutText {#text} at (1,24) size 14x16
            text run at (1,24) width 14: "A "
          LayoutText {#text} at (75,24) size 13x16
            text run at (75,24) width 13: " B"
        LayoutBlockFlow (anonymous) at (1,55) size 350x14
          LayoutText {#text} at (0,-1) size 191x16
            text run at (0,-1) width 191: "style=\"width:60px;padding:20px\""
        LayoutBlockFlow {DIV} at (1,69) size 352x78 [border: (1px solid #FF0000)]
          LayoutText {#text} at (1,62) size 14x16
            text run at (1,62) width 14: "A "
          LayoutText {#text} at (75,62) size 13x16
            text run at (75,62) width 13: " B"
        LayoutBlockFlow (anonymous) at (1,147) size 350x14
          LayoutText {#text} at (0,-1) size 170x16
            text run at (0,-1) width 170: "style=\"width:60px;padding:0\""
        LayoutBlockFlow {DIV} at (1,161) size 352x38 [border: (1px solid #FF0000)]
          LayoutText {#text} at (1,22) size 14x16
            text run at (1,22) width 14: "A "
          LayoutText {#text} at (75,22) size 13x16
            text run at (75,22) width 13: " B"
        LayoutBlockFlow (anonymous) at (1,199) size 350x14
          LayoutText {#text} at (0,-1) size 113x16
            text run at (0,-1) width 113: "style=\"height:60px\""
        LayoutBlockFlow {DIV} at (1,213) size 352x64 [border: (1px solid #FF0000)]
          LayoutText {#text} at (1,48) size 14x16
            text run at (1,48) width 14: "A "
          LayoutText {#text} at (194,48) size 13x16
            text run at (194,48) width 13: " B"
        LayoutBlockFlow (anonymous) at (1,277) size 350x14
          LayoutText {#text} at (0,-1) size 181x16
            text run at (0,-1) width 181: "style=\"width:60px;height:60px\""
        LayoutBlockFlow {DIV} at (1,291) size 352x64 [border: (1px solid #FF0000)]
          LayoutText {#text} at (1,48) size 14x16
            text run at (1,48) width 14: "A "
          LayoutText {#text} at (75,48) size 13x16
            text run at (75,48) width 13: " B"
        LayoutBlockFlow (anonymous) at (1,355) size 350x14
          LayoutText {#text} at (0,-1) size 139x16
            text run at (0,-1) width 139: "style=\"overflow:hidden\""
        LayoutBlockFlow {DIV} at (1,369) size 352x40 [border: (1px solid #FF0000)]
          LayoutText {#text} at (1,24) size 14x16
            text run at (1,24) width 14: "A "
          LayoutText {#text} at (194,24) size 13x16
            text run at (194,24) width 13: " B"
        LayoutBlockFlow (anonymous) at (1,409) size 350x14
          LayoutText {#text} at (0,-1) size 132x16
            text run at (0,-1) width 132: "style=\"overflow:scroll\""
        LayoutBlockFlow {DIV} at (1,423) size 352x55 [border: (1px solid #FF0000)]
          LayoutText {#text} at (1,39) size 14x16
            text run at (1,39) width 14: "A "
          LayoutText {#text} at (194,39) size 13x16
            text run at (194,39) width 13: " B"
        LayoutBlockFlow (anonymous) at (1,478) size 350x14
          LayoutText {#text} at (0,-1) size 278x16
            text run at (0,-1) width 278: "style=\"overflow:hidden;width:60px;height:60px\""
        LayoutBlockFlow {DIV} at (1,492) size 352x64 [border: (1px solid #FF0000)]
          LayoutText {#text} at (1,48) size 14x16
            text run at (1,48) width 14: "A "
          LayoutText {#text} at (75,48) size 13x16
            text run at (75,48) width 13: " B"
        LayoutBlockFlow (anonymous) at (1,556) size 350x14
          LayoutText {#text} at (0,-1) size 271x16
            text run at (0,-1) width 271: "style=\"overflow:scroll;width:60px;height:60px\""
        LayoutBlockFlow {DIV} at (1,570) size 352x64 [border: (1px solid #FF0000)]
          LayoutText {#text} at (1,48) size 14x16
            text run at (1,48) width 14: "A "
          LayoutText {#text} at (75,48) size 13x16
            text run at (75,48) width 13: " B"
        LayoutBlockFlow (anonymous) at (1,634) size 350x14
          LayoutText {#text} at (0,-1) size 222x16
            text run at (0,-1) width 222: "cols=5 style=\"width:60px;height:60px\""
        LayoutBlockFlow {DIV} at (1,648) size 352x64 [border: (1px solid #FF0000)]
          LayoutText {#text} at (1,48) size 14x16
            text run at (1,48) width 14: "A "
          LayoutText {#text} at (75,48) size 13x16
            text run at (75,48) width 13: " B"
        LayoutBlockFlow (anonymous) at (1,712) size 350x14
          LayoutText {#text} at (0,-1) size 227x16
            text run at (0,-1) width 227: "rows=4 style=\"width:60px;height:60px\""
        LayoutBlockFlow {DIV} at (1,726) size 352x64 [border: (1px solid #FF0000)]
          LayoutText {#text} at (1,48) size 14x16
            text run at (1,48) width 14: "A "
          LayoutText {#text} at (75,48) size 13x16
            text run at (75,48) width 13: " B"
        LayoutBlockFlow (anonymous) at (1,790) size 350x14
          LayoutText {#text} at (0,-1) size 268x16
            text run at (0,-1) width 268: "cols=5 rows=4 style=\"width:60px;height:60px\""
        LayoutBlockFlow {DIV} at (1,804) size 352x64 [border: (1px solid #FF0000)]
          LayoutText {#text} at (1,48) size 14x16
            text run at (1,48) width 14: "A "
          LayoutText {#text} at (75,48) size 13x16
            text run at (75,48) width 13: " B"
        LayoutBlockFlow (anonymous) at (1,868) size 350x14
          LayoutText {#text} at (0,-1) size 65x16
            text run at (0,-1) width 65: "wrap=\"off\""
        LayoutBlockFlow {DIV} at (1,882) size 352x55 [border: (1px solid #FF0000)]
          LayoutText {#text} at (1,39) size 14x16
            text run at (1,39) width 14: "A "
          LayoutText {#text} at (194,39) size 13x16
            text run at (194,39) width 4: " "
            text run at (198,39) width 9: "B"
        LayoutBlockFlow (anonymous) at (1,937) size 350x14
          LayoutText {#text} at (0,-1) size 73x16
            text run at (0,-1) width 73: "wrap=\"hard\""
        LayoutBlockFlow {DIV} at (1,951) size 352x40 [border: (1px solid #FF0000)]
          LayoutText {#text} at (1,24) size 14x16
            text run at (1,24) width 14: "A "
          LayoutText {#text} at (194,24) size 13x16
            text run at (194,24) width 4: " "
            text run at (198,24) width 9: "B"
        LayoutBlockFlow (anonymous) at (1,991) size 350x14
          LayoutText {#text} at (0,-1) size 69x16
            text run at (0,-1) width 69: "wrap=\"soft\""
        LayoutBlockFlow {DIV} at (1,1005) size 352x40 [border: (1px solid #FF0000)]
          LayoutText {#text} at (1,24) size 14x16
            text run at (1,24) width 14: "A "
          LayoutText {#text} at (194,24) size 13x16
            text run at (194,24) width 4: " "
            text run at (198,24) width 9: "B"
layer at (24,24) size 179x36 clip at (25,25) size 177x34
  LayoutTextControl {TEXTAREA} at (15,1) size 179x36 [bgcolor=#FFFFFF] [border: (1px solid #A9A9A9)]
    LayoutBlockFlow {DIV} at (3,3) size 175x16
      LayoutText {#text} at (0,0) size 136x16
        text run at (0,0) width 136: "Lorem ipsum dolor"
layer at (24,78) size 179x36 clip at (25,79) size 162x34 scrollHeight 82
  LayoutTextControl {TEXTAREA} at (15,1) size 179x36 [bgcolor=#FFFFFF] [border: (1px solid #A9A9A9)]
    LayoutBlockFlow {DIV} at (3,3) size 160x80
      LayoutText {#text} at (0,0) size 160x80
        text run at (0,0) width 136: "Lorem ipsum dolor"
        text run at (136,0) width 8: " "
        text run at (0,16) width 160: "ABCDEFGHIJKLMNOPQRST"
        text run at (0,32) width 48: "UVWXYZ"
        text run at (48,32) width 8: " "
        text run at (0,48) width 160: "abcdefghijklmnopqrst"
        text run at (0,64) width 16: "uv"
        text run at (16,64) width 8: " "
layer at (24,132) size 179x36 clip at (25,133) size 162x34 scrollHeight 82
  LayoutTextControl {TEXTAREA} at (15,1) size 179x36 [color=#545454] [bgcolor=#EBEBE4] [border: (1px solid #A9A9A9)]
    LayoutBlockFlow {DIV} at (3,3) size 160x80
      LayoutText {#text} at (0,0) size 160x80
        text run at (0,0) width 136: "Lorem ipsum dolor"
        text run at (136,0) width 8: " "
        text run at (0,16) width 160: "ABCDEFGHIJKLMNOPQRST"
        text run at (0,32) width 48: "UVWXYZ"
        text run at (48,32) width 8: " "
        text run at (0,48) width 160: "abcdefghijklmnopqrst"
        text run at (0,64) width 16: "uv"
        text run at (16,64) width 8: " "
layer at (24,186) size 197x54 clip at (25,187) size 180x52 scrollHeight 100
  LayoutTextControl {TEXTAREA} at (15,1) size 197x54 [bgcolor=#FFFFFF] [border: (1px solid #A9A9A9)]
    LayoutBlockFlow {DIV} at (11,11) size 160x80
      LayoutText {#text} at (0,0) size 160x80
        text run at (0,0) width 136: "Lorem ipsum dolor"
        text run at (136,0) width 8: " "
        text run at (0,16) width 160: "ABCDEFGHIJKLMNOPQRST"
        text run at (0,32) width 48: "UVWXYZ"
        text run at (48,32) width 8: " "
        text run at (0,48) width 160: "abcdefghijklmnopqrst"
        text run at (0,64) width 16: "uv"
        text run at (16,64) width 8: " "
layer at (24,258) size 177x34 clip at (25,259) size 160x32 scrollHeight 80
  LayoutTextControl {TEXTAREA} at (15,1) size 177x34 [bgcolor=#FFFFFF] [border: (1px solid #A9A9A9)]
    LayoutBlockFlow {DIV} at (1,1) size 160x80
      LayoutText {#text} at (0,0) size 160x80
        text run at (0,0) width 136: "Lorem ipsum dolor"
        text run at (136,0) width 8: " "
        text run at (0,16) width 160: "ABCDEFGHIJKLMNOPQRST"
        text run at (0,32) width 48: "UVWXYZ"
        text run at (48,32) width 8: " "
        text run at (0,48) width 160: "abcdefghijklmnopqrst"
        text run at (0,64) width 16: "uv"
        text run at (16,64) width 8: " "
layer at (34,320) size 179x36 clip at (35,321) size 162x34 scrollHeight 82
  LayoutTextControl {TEXTAREA} at (25,11) size 179x36 [bgcolor=#FFFFFF] [border: (1px solid #A9A9A9)]
    LayoutBlockFlow {DIV} at (3,3) size 160x80
      LayoutText {#text} at (0,0) size 160x80
        text run at (0,0) width 136: "Lorem ipsum dolor"
        text run at (136,0) width 8: " "
        text run at (0,16) width 160: "ABCDEFGHIJKLMNOPQRST"
        text run at (0,32) width 48: "UVWXYZ"
        text run at (48,32) width 8: " "
        text run at (0,48) width 160: "abcdefghijklmnopqrst"
        text run at (0,64) width 16: "uv"
        text run at (16,64) width 8: " "
layer at (24,384) size 179x36 clip at (25,385) size 162x34 scrollHeight 82
  LayoutTextControl {TEXTAREA} at (15,1) size 179x36 [bgcolor=#FFFFFF] [border: (1px solid #A9A9A9)]
    LayoutBlockFlow {DIV} at (3,3) size 160x80
      LayoutText {#text} at (0,0) size 160x80
        text run at (0,0) width 136: "Lorem ipsum dolor"
        text run at (136,0) width 8: " "
        text run at (0,16) width 160: "ABCDEFGHIJKLMNOPQRST"
        text run at (0,32) width 48: "UVWXYZ"
        text run at (48,32) width 8: " "
        text run at (0,48) width 160: "abcdefghijklmnopqrst"
        text run at (0,64) width 16: "uv"
        text run at (16,64) width 8: " "
layer at (24,438) size 43x36 clip at (25,439) size 26x34 scrollHeight 370
  LayoutTextControl {TEXTAREA} at (15,1) size 43x36 [bgcolor=#FFFFFF] [border: (1px solid #A9A9A9)]
    LayoutBlockFlow {DIV} at (3,3) size 24x368
      LayoutText {#text} at (0,0) size 24x368
        text run at (0,0) width 24: "Lor"
        text run at (0,16) width 16: "em"
        text run at (16,16) width 8: " "
        text run at (0,32) width 24: "ips"
        text run at (0,48) width 16: "um"
        text run at (16,48) width 8: " "
        text run at (0,64) width 24: "dol"
        text run at (0,80) width 16: "or"
        text run at (16,80) width 8: " "
        text run at (0,96) width 24: "ABC"
        text run at (0,112) width 24: "DEF"
        text run at (0,128) width 24: "GHI"
        text run at (0,144) width 24: "JKL"
        text run at (0,160) width 24: "MNO"
        text run at (0,176) width 24: "PQR"
        text run at (0,192) width 24: "STU"
        text run at (0,208) width 24: "VWX"
        text run at (0,224) width 16: "YZ"
        text run at (16,224) width 8: " "
        text run at (0,240) width 24: "abc"
        text run at (0,256) width 24: "def"
        text run at (0,272) width 24: "ghi"
        text run at (0,288) width 24: "jkl"
        text run at (0,304) width 24: "mno"
        text run at (0,320) width 24: "pqr"
        text run at (0,336) width 24: "stu"
        text run at (0,352) width 8: "v"
        text run at (8,352) width 8: " "
layer at (24,492) size 179x52 clip at (25,493) size 162x50 scrollHeight 82
  LayoutTextControl {TEXTAREA} at (15,1) size 179x52 [bgcolor=#FFFFFF] [border: (1px solid #A9A9A9)]
    LayoutBlockFlow {DIV} at (3,3) size 160x80
      LayoutText {#text} at (0,0) size 160x80
        text run at (0,0) width 136: "Lorem ipsum dolor"
        text run at (136,0) width 8: " "
        text run at (0,16) width 160: "ABCDEFGHIJKLMNOPQRST"
        text run at (0,32) width 48: "UVWXYZ"
        text run at (48,32) width 8: " "
        text run at (0,48) width 160: "abcdefghijklmnopqrst"
        text run at (0,64) width 16: "uv"
        text run at (16,64) width 8: " "
layer at (24,562) size 99x36 clip at (25,563) size 82x34 scrollHeight 146
  LayoutTextControl {TEXTAREA} at (15,1) size 99x36 [bgcolor=#FFFFFF] [border: (1px solid #A9A9A9)]
    LayoutBlockFlow {DIV} at (3,3) size 80x144
      LayoutText {#text} at (0,0) size 80x144
        text run at (0,0) width 40: "Lorem"
        text run at (40,0) width 8: " "
        text run at (0,16) width 40: "ipsum"
        text run at (40,16) width 8: " "
        text run at (0,32) width 40: "dolor"
        text run at (40,32) width 8: " "
        text run at (0,48) width 80: "ABCDEFGHIJ"
        text run at (0,64) width 80: "KLMNOPQRST"
        text run at (0,80) width 48: "UVWXYZ"
        text run at (48,80) width 8: " "
        text run at (0,96) width 80: "abcdefghij"
        text run at (0,112) width 80: "klmnopqrst"
        text run at (0,128) width 16: "uv"
        text run at (16,128) width 8: " "
layer at (24,616) size 179x164 backgroundClip at (0,0) size 0x0 clip at (0,0) size 0x0
  LayoutTextControl {TEXTAREA} at (15,1) size 179x164 [bgcolor=#FFFFFF] [border: (1px solid #A9A9A9)]
    LayoutBlockFlow {DIV} at (3,3) size 175x80
      LayoutText {#text} at (0,0) size 168x80
        text run at (0,0) width 136: "Lorem ipsum dolor"
        text run at (136,0) width 8: " "
        text run at (0,16) width 168: "ABCDEFGHIJKLMNOPQRSTU"
        text run at (0,32) width 40: "VWXYZ"
        text run at (40,32) width 8: " "
        text run at (0,48) width 168: "abcdefghijklmnopqrstu"
        text run at (0,64) width 8: "v"
        text run at (8,64) width 8: " "
layer at (24,798) size 59x68 backgroundClip at (0,0) size 0x0 clip at (0,0) size 0x0 scrollHeight 226
  LayoutTextControl {TEXTAREA} at (15,1) size 59x68 [bgcolor=#FFFFFF] [border: (1px solid #A9A9A9)]
    LayoutBlockFlow {DIV} at (3,3) size 40x224
      LayoutText {#text} at (0,0) size 40x224
        text run at (0,0) width 40: "Lorem"
        text run at (40,0) width 0: " "
        text run at (0,16) width 40: "ipsum"
        text run at (40,16) width 0: " "
        text run at (0,32) width 40: "dolor"
        text run at (40,32) width 0: " "
        text run at (0,48) width 40: "ABCDE"
        text run at (0,64) width 40: "FGHIJ"
        text run at (0,80) width 40: "KLMNO"
        text run at (0,96) width 40: "PQRST"
        text run at (0,112) width 40: "UVWXY"
        text run at (0,128) width 8: "Z"
        text run at (8,128) width 8: " "
        text run at (0,144) width 40: "abcde"
        text run at (0,160) width 40: "fghij"
        text run at (0,176) width 40: "klmno"
        text run at (0,192) width 40: "pqrst"
        text run at (0,208) width 16: "uv"
        text run at (16,208) width 8: " "
layer at (376,24) size 60x36 clip at (377,25) size 43x34 scrollHeight 226
  LayoutTextControl {TEXTAREA} at (15,1) size 60x36 [bgcolor=#FFFFFF] [border: (1px solid #A9A9A9)]
    LayoutBlockFlow {DIV} at (3,3) size 41x224
      LayoutText {#text} at (0,0) size 41x224
        text run at (0,0) width 40: "Lorem"
        text run at (40,0) width 1: " "
        text run at (0,16) width 40: "ipsum"
        text run at (40,16) width 1: " "
        text run at (0,32) width 40: "dolor"
        text run at (40,32) width 1: " "
        text run at (0,48) width 40: "ABCDE"
        text run at (0,64) width 40: "FGHIJ"
        text run at (0,80) width 40: "KLMNO"
        text run at (0,96) width 40: "PQRST"
        text run at (0,112) width 40: "UVWXY"
        text run at (0,128) width 8: "Z"
        text run at (8,128) width 8: " "
        text run at (0,144) width 40: "abcde"
        text run at (0,160) width 40: "fghij"
        text run at (0,176) width 40: "klmno"
        text run at (0,192) width 40: "pqrst"
        text run at (0,208) width 16: "uv"
        text run at (16,208) width 8: " "
layer at (376,78) size 60x74 clip at (377,79) size 43x72 scrollHeight 1128
  LayoutTextControl {TEXTAREA} at (15,1) size 60x74 [bgcolor=#FFFFFF] [border: (1px solid #A9A9A9)]
    LayoutBlockFlow {DIV} at (21,21) size 3x1088
      LayoutText {#text} at (0,0) size 8x1088
        text run at (0,0) width 8: "L"
        text run at (0,16) width 8: "o"
        text run at (0,32) width 8: "r"
        text run at (0,48) width 8: "e"
        text run at (0,64) width 8: "m"
        text run at (0,80) width 3: " "
        text run at (0,96) width 8: "i"
        text run at (0,112) width 8: "p"
        text run at (0,128) width 8: "s"
        text run at (0,144) width 8: "u"
        text run at (0,160) width 8: "m"
        text run at (0,176) width 3: " "
        text run at (0,192) width 8: "d"
        text run at (0,208) width 8: "o"
        text run at (0,224) width 8: "l"
        text run at (0,240) width 8: "o"
        text run at (0,256) width 8: "r"
        text run at (0,272) width 3: " "
        text run at (0,288) width 8: "A"
        text run at (0,304) width 8: "B"
        text run at (0,320) width 8: "C"
        text run at (0,336) width 8: "D"
        text run at (0,352) width 8: "E"
        text run at (0,368) width 8: "F"
        text run at (0,384) width 8: "G"
        text run at (0,400) width 8: "H"
        text run at (0,416) width 8: "I"
        text run at (0,432) width 8: "J"
        text run at (0,448) width 8: "K"
        text run at (0,464) width 8: "L"
        text run at (0,480) width 8: "M"
        text run at (0,496) width 8: "N"
        text run at (0,512) width 8: "O"
        text run at (0,528) width 8: "P"
        text run at (0,544) width 8: "Q"
        text run at (0,560) width 8: "R"
        text run at (0,576) width 8: "S"
        text run at (0,592) width 8: "T"
        text run at (0,608) width 8: "U"
        text run at (0,624) width 8: "V"
        text run at (0,640) width 8: "W"
        text run at (0,656) width 8: "X"
        text run at (0,672) width 8: "Y"
        text run at (0,688) width 8: "Z"
        text run at (0,704) width 3: " "
        text run at (0,720) width 8: "a"
        text run at (0,736) width 8: "b"
        text run at (0,752) width 8: "c"
        text run at (0,768) width 8: "d"
        text run at (0,784) width 8: "e"
        text run at (0,800) width 8: "f"
        text run at (0,816) width 8: "g"
        text run at (0,832) width 8: "h"
        text run at (0,848) width 8: "i"
        text run at (0,864) width 8: "j"
        text run at (0,880) width 8: "k"
        text run at (0,896) width 8: "l"
        text run at (0,912) width 8: "m"
        text run at (0,928) width 8: "n"
        text run at (0,944) width 8: "o"
        text run at (0,960) width 8: "p"
        text run at (0,976) width 8: "q"
        text run at (0,992) width 8: "r"
        text run at (0,1008) width 8: "s"
        text run at (0,1024) width 8: "t"
        text run at (0,1040) width 8: "u"
        text run at (0,1056) width 8: "v"
        text run at (0,1072) width 3: " "
layer at (376,170) size 60x34 clip at (377,171) size 43x32 scrollHeight 224
  LayoutTextControl {TEXTAREA} at (15,1) size 60x34 [bgcolor=#FFFFFF] [border: (1px solid #A9A9A9)]
    LayoutBlockFlow {DIV} at (1,1) size 43x224
      LayoutText {#text} at (0,0) size 43x224
        text run at (0,0) width 40: "Lorem"
        text run at (40,0) width 3: " "
        text run at (0,16) width 40: "ipsum"
        text run at (40,16) width 3: " "
        text run at (0,32) width 40: "dolor"
        text run at (40,32) width 3: " "
        text run at (0,48) width 40: "ABCDE"
        text run at (0,64) width 40: "FGHIJ"
        text run at (0,80) width 40: "KLMNO"
        text run at (0,96) width 40: "PQRST"
        text run at (0,112) width 40: "UVWXY"
        text run at (0,128) width 8: "Z"
        text run at (8,128) width 8: " "
        text run at (0,144) width 40: "abcde"
        text run at (0,160) width 40: "fghij"
        text run at (0,176) width 40: "klmno"
        text run at (0,192) width 40: "pqrst"
        text run at (0,208) width 16: "uv"
        text run at (16,208) width 8: " "
layer at (376,222) size 179x60 clip at (377,223) size 162x58 scrollHeight 82
  LayoutTextControl {TEXTAREA} at (15,1) size 179x60 [bgcolor=#FFFFFF] [border: (1px solid #A9A9A9)]
    LayoutBlockFlow {DIV} at (3,3) size 160x80
      LayoutText {#text} at (0,0) size 160x80
        text run at (0,0) width 136: "Lorem ipsum dolor"
        text run at (136,0) width 8: " "
        text run at (0,16) width 160: "ABCDEFGHIJKLMNOPQRST"
        text run at (0,32) width 48: "UVWXYZ"
        text run at (48,32) width 8: " "
        text run at (0,48) width 160: "abcdefghijklmnopqrst"
        text run at (0,64) width 16: "uv"
        text run at (16,64) width 8: " "
layer at (376,300) size 60x60 clip at (377,301) size 43x58 scrollHeight 226
  LayoutTextControl {TEXTAREA} at (15,1) size 60x60 [bgcolor=#FFFFFF] [border: (1px solid #A9A9A9)]
    LayoutBlockFlow {DIV} at (3,3) size 41x224
      LayoutText {#text} at (0,0) size 41x224
        text run at (0,0) width 40: "Lorem"
        text run at (40,0) width 1: " "
        text run at (0,16) width 40: "ipsum"
        text run at (40,16) width 1: " "
        text run at (0,32) width 40: "dolor"
        text run at (40,32) width 1: " "
        text run at (0,48) width 40: "ABCDE"
        text run at (0,64) width 40: "FGHIJ"
        text run at (0,80) width 40: "KLMNO"
        text run at (0,96) width 40: "PQRST"
        text run at (0,112) width 40: "UVWXY"
        text run at (0,128) width 8: "Z"
        text run at (8,128) width 8: " "
        text run at (0,144) width 40: "abcde"
        text run at (0,160) width 40: "fghij"
        text run at (0,176) width 40: "klmno"
        text run at (0,192) width 40: "pqrst"
        text run at (0,208) width 16: "uv"
        text run at (16,208) width 8: " "
layer at (376,378) size 179x36 clip at (377,379) size 177x34 scrollHeight 82
  LayoutTextControl {TEXTAREA} at (15,1) size 179x36 [bgcolor=#FFFFFF] [border: (1px solid #A9A9A9)]
    LayoutBlockFlow {DIV} at (3,3) size 175x80
      LayoutText {#text} at (0,0) size 168x80
        text run at (0,0) width 136: "Lorem ipsum dolor"
        text run at (136,0) width 8: " "
        text run at (0,16) width 168: "ABCDEFGHIJKLMNOPQRSTU"
        text run at (0,32) width 40: "VWXYZ"
        text run at (40,32) width 8: " "
        text run at (0,48) width 168: "abcdefghijklmnopqrstu"
        text run at (0,64) width 8: "v"
        text run at (8,64) width 8: " "
layer at (376,432) size 179x51 clip at (377,433) size 162x34 scrollHeight 82
  LayoutTextControl {TEXTAREA} at (15,1) size 179x51 [bgcolor=#FFFFFF] [border: (1px solid #A9A9A9)]
    LayoutBlockFlow {DIV} at (3,3) size 160x80
      LayoutText {#text} at (0,0) size 160x80
        text run at (0,0) width 136: "Lorem ipsum dolor"
        text run at (136,0) width 8: " "
        text run at (0,16) width 160: "ABCDEFGHIJKLMNOPQRST"
        text run at (0,32) width 48: "UVWXYZ"
        text run at (48,32) width 8: " "
        text run at (0,48) width 160: "abcdefghijklmnopqrst"
        text run at (0,64) width 16: "uv"
        text run at (16,64) width 8: " "
layer at (376,501) size 60x60 clip at (377,502) size 58x58 scrollHeight 178
  LayoutTextControl {TEXTAREA} at (15,1) size 60x60 [bgcolor=#FFFFFF] [border: (1px solid #A9A9A9)]
    LayoutBlockFlow {DIV} at (3,3) size 56x176
      LayoutText {#text} at (0,0) size 56x176
        text run at (0,0) width 40: "Lorem"
        text run at (40,0) width 8: " "
        text run at (0,16) width 40: "ipsum"
        text run at (40,16) width 8: " "
        text run at (0,32) width 40: "dolor"
        text run at (40,32) width 8: " "
        text run at (0,48) width 56: "ABCDEFG"
        text run at (0,64) width 56: "HIJKLMN"
        text run at (0,80) width 56: "OPQRSTU"
        text run at (0,96) width 40: "VWXYZ"
        text run at (40,96) width 8: " "
        text run at (0,112) width 56: "abcdefg"
        text run at (0,128) width 56: "hijklmn"
        text run at (0,144) width 56: "opqrstu"
        text run at (0,160) width 8: "v"
        text run at (8,160) width 8: " "
layer at (376,579) size 60x60 backgroundClip at (376,579) size 60x21 clip at (377,580) size 43x20 scrollHeight 226
  LayoutTextControl {TEXTAREA} at (15,1) size 60x60 [bgcolor=#FFFFFF] [border: (1px solid #A9A9A9)]
    LayoutBlockFlow {DIV} at (3,3) size 41x224
      LayoutText {#text} at (0,0) size 41x224
        text run at (0,0) width 40: "Lorem"
        text run at (40,0) width 1: " "
        text run at (0,16) width 40: "ipsum"
        text run at (40,16) width 1: " "
        text run at (0,32) width 40: "dolor"
        text run at (40,32) width 1: " "
        text run at (0,48) width 40: "ABCDE"
        text run at (0,64) width 40: "FGHIJ"
        text run at (0,80) width 40: "KLMNO"
        text run at (0,96) width 40: "PQRST"
        text run at (0,112) width 40: "UVWXY"
        text run at (0,128) width 8: "Z"
        text run at (8,128) width 8: " "
        text run at (0,144) width 40: "abcde"
        text run at (0,160) width 40: "fghij"
        text run at (0,176) width 40: "klmno"
        text run at (0,192) width 40: "pqrst"
        text run at (0,208) width 16: "uv"
        text run at (16,208) width 8: " "
layer at (376,657) size 60x60 backgroundClip at (0,0) size 0x0 clip at (0,0) size 0x0 scrollHeight 226
  LayoutTextControl {TEXTAREA} at (15,1) size 60x60 [bgcolor=#FFFFFF] [border: (1px solid #A9A9A9)]
    LayoutBlockFlow {DIV} at (3,3) size 41x224
      LayoutText {#text} at (0,0) size 41x224
        text run at (0,0) width 40: "Lorem"
        text run at (40,0) width 1: " "
        text run at (0,16) width 40: "ipsum"
        text run at (40,16) width 1: " "
        text run at (0,32) width 40: "dolor"
        text run at (40,32) width 1: " "
        text run at (0,48) width 40: "ABCDE"
        text run at (0,64) width 40: "FGHIJ"
        text run at (0,80) width 40: "KLMNO"
        text run at (0,96) width 40: "PQRST"
        text run at (0,112) width 40: "UVWXY"
        text run at (0,128) width 8: "Z"
        text run at (8,128) width 8: " "
        text run at (0,144) width 40: "abcde"
        text run at (0,160) width 40: "fghij"
        text run at (0,176) width 40: "klmno"
        text run at (0,192) width 40: "pqrst"
        text run at (0,208) width 16: "uv"
        text run at (16,208) width 8: " "
layer at (376,735) size 60x60 backgroundClip at (0,0) size 0x0 clip at (0,0) size 0x0 scrollHeight 226
  LayoutTextControl {TEXTAREA} at (15,1) size 60x60 [bgcolor=#FFFFFF] [border: (1px solid #A9A9A9)]
    LayoutBlockFlow {DIV} at (3,3) size 41x224
      LayoutText {#text} at (0,0) size 41x224
        text run at (0,0) width 40: "Lorem"
        text run at (40,0) width 1: " "
        text run at (0,16) width 40: "ipsum"
        text run at (40,16) width 1: " "
        text run at (0,32) width 40: "dolor"
        text run at (40,32) width 1: " "
        text run at (0,48) width 40: "ABCDE"
        text run at (0,64) width 40: "FGHIJ"
        text run at (0,80) width 40: "KLMNO"
        text run at (0,96) width 40: "PQRST"
        text run at (0,112) width 40: "UVWXY"
        text run at (0,128) width 8: "Z"
        text run at (8,128) width 8: " "
        text run at (0,144) width 40: "abcde"
        text run at (0,160) width 40: "fghij"
        text run at (0,176) width 40: "klmno"
        text run at (0,192) width 40: "pqrst"
        text run at (0,208) width 16: "uv"
        text run at (16,208) width 8: " "
layer at (376,813) size 60x60 backgroundClip at (0,0) size 0x0 clip at (0,0) size 0x0 scrollHeight 226
  LayoutTextControl {TEXTAREA} at (15,1) size 60x60 [bgcolor=#FFFFFF] [border: (1px solid #A9A9A9)]
    LayoutBlockFlow {DIV} at (3,3) size 41x224
      LayoutText {#text} at (0,0) size 41x224
        text run at (0,0) width 40: "Lorem"
        text run at (40,0) width 1: " "
        text run at (0,16) width 40: "ipsum"
        text run at (40,16) width 1: " "
        text run at (0,32) width 40: "dolor"
        text run at (40,32) width 1: " "
        text run at (0,48) width 40: "ABCDE"
        text run at (0,64) width 40: "FGHIJ"
        text run at (0,80) width 40: "KLMNO"
        text run at (0,96) width 40: "PQRST"
        text run at (0,112) width 40: "UVWXY"
        text run at (0,128) width 8: "Z"
        text run at (8,128) width 8: " "
        text run at (0,144) width 40: "abcde"
        text run at (0,160) width 40: "fghij"
        text run at (0,176) width 40: "klmno"
        text run at (0,192) width 40: "pqrst"
        text run at (0,208) width 16: "uv"
        text run at (16,208) width 8: " "
layer at (376,891) size 179x51 backgroundClip at (0,0) size 0x0 clip at (0,0) size 0x0 scrollWidth 290 scrollHeight 258
  LayoutTextControl {TEXTAREA} at (15,1) size 179x51 [bgcolor=#FFFFFF] [border: (1px solid #A9A9A9)]
    LayoutBlockFlow {DIV} at (3,3) size 160x256
      LayoutText {#text} at (0,0) size 288x240
        text run at (0,0) width 8: " "
        text run at (8,0) width 0: " "
        text run at (0,16) width 288: "This is a text area with wrap=\"soft\""
        text run at (288,16) width 0: " "
        text run at (0,32) width 288: "This is a text area with wrap=\"soft\""
        text run at (288,32) width 0: " "
        text run at (0,48) width 288: "This is a text area with wrap=\"soft\""
        text run at (288,48) width 0: " "
        text run at (0,64) width 288: "This is a text area with wrap=\"soft\""
        text run at (288,64) width 0: " "
        text run at (0,80) width 288: "This is a text area with wrap=\"soft\""
        text run at (288,80) width 0: " "
        text run at (0,96) width 288: "This is a text area with wrap=\"soft\""
        text run at (288,96) width 0: " "
        text run at (0,112) width 288: "This is a text area with wrap=\"soft\""
        text run at (288,112) width 0: " "
        text run at (0,128) width 288: "This is a text area with wrap=\"soft\""
        text run at (288,128) width 0: " "
        text run at (0,144) width 288: "This is a text area with wrap=\"soft\""
        text run at (288,144) width 0: " "
        text run at (0,160) width 288: "This is a text area with wrap=\"soft\""
        text run at (288,160) width 0: " "
        text run at (0,176) width 288: "This is a text area with wrap=\"soft\""
        text run at (288,176) width 0: " "
        text run at (0,192) width 288: "This is a text area with wrap=\"soft\""
        text run at (288,192) width 0: " "
        text run at (0,208) width 288: "This is a text area with wrap=\"soft\""
        text run at (288,208) width 0: " "
        text run at (0,224) width 288: "This is a text area with wrap=\"soft\""
        text run at (288,224) width 0: " "
      LayoutBR {BR} at (0,240) size 0x16
layer at (376,960) size 179x36 backgroundClip at (0,0) size 0x0 clip at (0,0) size 0x0 scrollHeight 482
  LayoutTextControl {TEXTAREA} at (15,1) size 179x36 [bgcolor=#FFFFFF] [border: (1px solid #A9A9A9)]
    LayoutBlockFlow {DIV} at (3,3) size 160x480
      LayoutText {#text} at (0,0) size 160x464
        text run at (0,0) width 8: " "
        text run at (8,0) width 0: " "
        text run at (0,16) width 152: "This is a text area"
        text run at (152,16) width 8: " "
        text run at (0,32) width 128: "with wrap=\"soft\""
        text run at (128,32) width 0: " "
        text run at (0,48) width 152: "This is a text area"
        text run at (152,48) width 8: " "
        text run at (0,64) width 128: "with wrap=\"soft\""
        text run at (128,64) width 0: " "
        text run at (0,80) width 152: "This is a text area"
        text run at (152,80) width 8: " "
        text run at (0,96) width 128: "with wrap=\"soft\""
        text run at (128,96) width 0: " "
        text run at (0,112) width 152: "This is a text area"
        text run at (152,112) width 8: " "
        text run at (0,128) width 128: "with wrap=\"soft\""
        text run at (128,128) width 0: " "
        text run at (0,144) width 152: "This is a text area"
        text run at (152,144) width 8: " "
        text run at (0,160) width 128: "with wrap=\"soft\""
        text run at (128,160) width 0: " "
        text run at (0,176) width 152: "This is a text area"
        text run at (152,176) width 8: " "
        text run at (0,192) width 128: "with wrap=\"soft\""
        text run at (128,192) width 0: " "
        text run at (0,208) width 152: "This is a text area"
        text run at (152,208) width 8: " "
        text run at (0,224) width 128: "with wrap=\"soft\""
        text run at (128,224) width 0: " "
        text run at (0,240) width 152: "This is a text area"
        text run at (152,240) width 8: " "
        text run at (0,256) width 128: "with wrap=\"soft\""
        text run at (128,256) width 0: " "
        text run at (0,272) width 152: "This is a text area"
        text run at (152,272) width 8: " "
        text run at (0,288) width 128: "with wrap=\"soft\""
        text run at (128,288) width 0: " "
        text run at (0,304) width 152: "This is a text area"
        text run at (152,304) width 8: " "
        text run at (0,320) width 128: "with wrap=\"soft\""
        text run at (128,320) width 0: " "
        text run at (0,336) width 152: "This is a text area"
        text run at (152,336) width 8: " "
        text run at (0,352) width 128: "with wrap=\"soft\""
        text run at (128,352) width 0: " "
        text run at (0,368) width 152: "This is a text area"
        text run at (152,368) width 8: " "
        text run at (0,384) width 128: "with wrap=\"soft\""
        text run at (128,384) width 0: " "
        text run at (0,400) width 152: "This is a text area"
        text run at (152,400) width 8: " "
        text run at (0,416) width 128: "with wrap=\"soft\""
        text run at (128,416) width 0: " "
        text run at (0,432) width 152: "This is a text area"
        text run at (152,432) width 8: " "
        text run at (0,448) width 128: "with wrap=\"soft\""
        text run at (128,448) width 0: " "
      LayoutBR {BR} at (0,464) size 0x16
layer at (376,1014) size 179x36 backgroundClip at (0,0) size 0x0 clip at (0,0) size 0x0 scrollHeight 482
  LayoutTextControl {TEXTAREA} at (15,1) size 179x36 [bgcolor=#FFFFFF] [border: (1px solid #A9A9A9)]
    LayoutBlockFlow {DIV} at (3,3) size 160x480
      LayoutText {#text} at (0,0) size 160x464
        text run at (0,0) width 8: " "
        text run at (8,0) width 0: " "
        text run at (0,16) width 152: "This is a text area"
        text run at (152,16) width 8: " "
        text run at (0,32) width 128: "with wrap=\"soft\""
        text run at (128,32) width 0: " "
        text run at (0,48) width 152: "This is a text area"
        text run at (152,48) width 8: " "
        text run at (0,64) width 128: "with wrap=\"soft\""
        text run at (128,64) width 0: " "
        text run at (0,80) width 152: "This is a text area"
        text run at (152,80) width 8: " "
        text run at (0,96) width 128: "with wrap=\"soft\""
        text run at (128,96) width 0: " "
        text run at (0,112) width 152: "This is a text area"
        text run at (152,112) width 8: " "
        text run at (0,128) width 128: "with wrap=\"soft\""
        text run at (128,128) width 0: " "
        text run at (0,144) width 152: "This is a text area"
        text run at (152,144) width 8: " "
        text run at (0,160) width 128: "with wrap=\"soft\""
        text run at (128,160) width 0: " "
        text run at (0,176) width 152: "This is a text area"
        text run at (152,176) width 8: " "
        text run at (0,192) width 128: "with wrap=\"soft\""
        text run at (128,192) width 0: " "
        text run at (0,208) width 152: "This is a text area"
        text run at (152,208) width 8: " "
        text run at (0,224) width 128: "with wrap=\"soft\""
        text run at (128,224) width 0: " "
        text run at (0,240) width 152: "This is a text area"
        text run at (152,240) width 8: " "
        text run at (0,256) width 128: "with wrap=\"soft\""
        text run at (128,256) width 0: " "
        text run at (0,272) width 152: "This is a text area"
        text run at (152,272) width 8: " "
        text run at (0,288) width 128: "with wrap=\"soft\""
        text run at (128,288) width 0: " "
        text run at (0,304) width 152: "This is a text area"
        text run at (152,304) width 8: " "
        text run at (0,320) width 128: "with wrap=\"soft\""
        text run at (128,320) width 0: " "
        text run at (0,336) width 152: "This is a text area"
        text run at (152,336) width 8: " "
        text run at (0,352) width 128: "with wrap=\"soft\""
        text run at (128,352) width 0: " "
        text run at (0,368) width 152: "This is a text area"
        text run at (152,368) width 8: " "
        text run at (0,384) width 128: "with wrap=\"soft\""
        text run at (128,384) width 0: " "
        text run at (0,400) width 152: "This is a text area"
        text run at (152,400) width 8: " "
        text run at (0,416) width 128: "with wrap=\"soft\""
        text run at (128,416) width 0: " "
        text run at (0,432) width 152: "This is a text area"
        text run at (152,432) width 8: " "
        text run at (0,448) width 128: "with wrap=\"soft\""
        text run at (128,448) width 0: " "
      LayoutBR {BR} at (0,464) size 0x16
