layer at (0,0) size 800x600
  LayoutView at (0,0) size 800x600
layer at (0,0) size 800x34
  LayoutBlockFlow {HTML} at (0,0) size 800x34
    LayoutBlockFlow {BODY} at (8,8) size 784x18
      LayoutText {#text} at (0,0) size 0x0
layer at (8,8) size 100x18
  LayoutButton (relative positioned) {BUTTON} at (0,0) size 100x18 [bgcolor=#C0C0C0] [border: none (2px outset #C0C0C0) none (2px outset #C0C0C0)]
    LayoutBlockFlow (anonymous) at (8,2) size 84x13
      LayoutText {#text} at (20,0) size 44x13
        text run at (20,0) width 44: "Click Me"
layer at (88,23) size 23x13
  LayoutBlockFlow (positioned) {DIV} at (80.03,15) size 22.97x13
    LayoutText {#text} at (0,0) size 23x13
      text run at (0,0) width 23: "Now"
