layer at (0,0) size 800x600
  LayoutView at (0,0) size 800x600
layer at (0,0) size 800x567
  LayoutBlockFlow {HTML} at (0,0) size 800x567
    LayoutBlockFlow {BODY} at (0,0) size 800x566
      LayoutBlockFlow {DIV} at (0,0) size 600x36
        LayoutText {#text} at (0,0) size 284x15
          text run at (0,0) width 284: "Table autosizing tests - css-table-single-cell-lots-of-text.html"
        LayoutBR {BR} at (283,0) size 1x15
        LayoutText {#text} at (0,16) size 552x15
          text run at (0,16) width 552: "This test passes if there is a one cell with lots of text that's autosized, and five single-word cells that are not autosized."
      LayoutTable {DIV} at (1,37) size 798x529
        LayoutTableSection (anonymous) at (0,0) size 798x529
          LayoutTableRow {DIV} at (0,0) size 798x37
            LayoutTableCell {DIV} at (0,15) size 25x18 [bgcolor=#F0FFF0] [border: (1px dotted #006400)] [r=0 c=0 rs=1 cs=1]
              LayoutText {#text} at (1,1) size 23x15
                text run at (1,1) width 23: "hello"
            LayoutTableCell {DIV} at (25,0) size 748x37 [bgcolor=#F0FFF0] [border: (1px dotted #006400)] [r=0 c=1 rs=1 cs=1]
              LayoutText {#text} at (1,1) size 59x34
                text run at (1,1) width 59: "hello"
            LayoutTableCell {DIV} at (773,15) size 25x18 [bgcolor=#F0FFF0] [border: (1px dotted #006400)] [r=0 c=2 rs=1 cs=1]
              LayoutText {#text} at (1,1) size 23x15
                text run at (1,1) width 23: "hello"
          LayoutTableRow {DIV} at (0,37) size 798x492
            LayoutTableCell {DIV} at (0,52) size 25x18 [bgcolor=#F0FFF0] [border: (1px dotted #006400)] [r=1 c=0 rs=1 cs=1]
              LayoutText {#text} at (1,1) size 23x15
                text run at (1,1) width 23: "hello"
            LayoutTableCell {DIV} at (25,37) size 748x492 [bgcolor=#F0FFF0] [border: (1px dotted #006400)] [r=1 c=1 rs=1 cs=1]
              LayoutText {#text} at (1,1) size 729x489
                text run at (1,1) width 729: "hello hello hello hello hello hello hello hello hello hello hello"
                text run at (1,36) width 729: "hello hello hello hello hello hello hello hello hello hello hello"
                text run at (1,71) width 729: "hello hello hello hello hello hello hello hello hello hello hello"
                text run at (1,106) width 729: "hello hello hello hello hello hello hello hello hello hello hello"
                text run at (1,141) width 729: "hello hello hello hello hello hello hello hello hello hello hello"
                text run at (1,176) width 729: "hello hello hello hello hello hello hello hello hello hello hello"
                text run at (1,211) width 729: "hello hello hello hello hello hello hello hello hello hello hello"
                text run at (1,246) width 729: "hello hello hello hello hello hello hello hello hello hello hello"
                text run at (1,281) width 729: "hello hello hello hello hello hello hello hello hello hello hello"
                text run at (1,316) width 729: "hello hello hello hello hello hello hello hello hello hello hello"
                text run at (1,351) width 729: "hello hello hello hello hello hello hello hello hello hello hello"
                text run at (1,386) width 729: "hello hello hello hello hello hello hello hello hello hello hello"
                text run at (1,421) width 729: "hello hello hello hello hello hello hello hello hello hello hello"
                text run at (1,456) width 595: "hello hello hello hello hello hello hello hello hello"
            LayoutTableCell {DIV} at (773,52) size 25x18 [bgcolor=#F0FFF0] [border: (1px dotted #006400)] [r=1 c=2 rs=1 cs=1]
              LayoutText {#text} at (1,1) size 23x15
                text run at (1,1) width 23: "hello"
