layer at (0,0) size 800x600
  LayoutView at (0,0) size 800x600
layer at (0,0) size 800x140
  LayoutBlockFlow {HTML} at (0,0) size 800x140
    LayoutBlockFlow {BODY} at (0,0) size 800x139
      LayoutBlockFlow {DIV} at (0,0) size 600x36
        LayoutText {#text} at (0,0) size 287x15
          text run at (0,0) width 287: "Table autosizing tests - css-table-lots-of-text-many-cells.html"
        LayoutBR {BR} at (286,0) size 1x15
        LayoutText {#text} at (0,16) size 246x15
          text run at (0,16) width 246: "This test passes if none of the 18 cells are autosized."
      LayoutTable {DIV} at (1,37) size 798x102
        LayoutTableSection (anonymous) at (0,0) size 798x102
          LayoutTableRow {DIV} at (0,0) size 798x34
            LayoutTableCell {DIV} at (0,0) size 133x18 [bgcolor=#F0FFF0] [border: (1px dotted #006400)] [r=0 c=0 rs=1 cs=1]
              LayoutText {#text} at (1,1) size 23x15
                text run at (1,1) width 23: "hello"
            LayoutTableCell {DIV} at (133,0) size 133x34 [bgcolor=#F0FFF0] [border: (1px dotted #006400)] [r=0 c=1 rs=1 cs=1]
              LayoutText {#text} at (1,1) size 127x31
                text run at (1,1) width 127: "hello hello hello hello hello"
                text run at (1,17) width 49: "hello hello"
            LayoutTableCell {DIV} at (266,0) size 133x34 [bgcolor=#F0FFF0] [border: (1px dotted #006400)] [r=0 c=2 rs=1 cs=1]
              LayoutText {#text} at (1,1) size 127x31
                text run at (1,1) width 127: "hello hello hello hello hello"
                text run at (1,17) width 49: "hello hello"
            LayoutTableCell {DIV} at (399,0) size 133x34 [bgcolor=#F0FFF0] [border: (1px dotted #006400)] [r=0 c=3 rs=1 cs=1]
              LayoutText {#text} at (1,1) size 127x31
                text run at (1,1) width 127: "hello hello hello hello hello"
                text run at (1,17) width 49: "hello hello"
            LayoutTableCell {DIV} at (532,0) size 133x34 [bgcolor=#F0FFF0] [border: (1px dotted #006400)] [r=0 c=4 rs=1 cs=1]
              LayoutText {#text} at (1,1) size 127x31
                text run at (1,1) width 127: "hello hello hello hello hello"
                text run at (1,17) width 49: "hello hello"
            LayoutTableCell {DIV} at (665,0) size 133x34 [bgcolor=#F0FFF0] [border: (1px dotted #006400)] [r=0 c=5 rs=1 cs=1]
              LayoutText {#text} at (1,1) size 127x31
                text run at (1,1) width 127: "hello hello hello hello hello"
                text run at (1,17) width 49: "hello hello"
          LayoutTableRow {DIV} at (0,34) size 798x34
            LayoutTableCell {DIV} at (0,34) size 133x34 [bgcolor=#F0FFF0] [border: (1px dotted #006400)] [r=1 c=0 rs=1 cs=1]
              LayoutText {#text} at (1,1) size 127x31
                text run at (1,1) width 127: "hello hello hello hello hello"
                text run at (1,17) width 49: "hello hello"
            LayoutTableCell {DIV} at (133,34) size 133x34 [bgcolor=#F0FFF0] [border: (1px dotted #006400)] [r=1 c=1 rs=1 cs=1]
              LayoutText {#text} at (1,1) size 127x31
                text run at (1,1) width 127: "hello hello hello hello hello"
                text run at (1,17) width 49: "hello hello"
            LayoutTableCell {DIV} at (266,34) size 133x34 [bgcolor=#F0FFF0] [border: (1px dotted #006400)] [r=1 c=2 rs=1 cs=1]
              LayoutText {#text} at (1,1) size 127x31
                text run at (1,1) width 127: "hello hello hello hello hello"
                text run at (1,17) width 49: "hello hello"
            LayoutTableCell {DIV} at (399,34) size 133x34 [bgcolor=#F0FFF0] [border: (1px dotted #006400)] [r=1 c=3 rs=1 cs=1]
              LayoutText {#text} at (1,1) size 127x31
                text run at (1,1) width 127: "hello hello hello hello hello"
                text run at (1,17) width 49: "hello hello"
            LayoutTableCell {DIV} at (532,34) size 133x34 [bgcolor=#F0FFF0] [border: (1px dotted #006400)] [r=1 c=4 rs=1 cs=1]
              LayoutText {#text} at (1,1) size 127x31
                text run at (1,1) width 127: "hello hello hello hello hello"
                text run at (1,17) width 49: "hello hello"
            LayoutTableCell {DIV} at (665,34) size 133x34 [bgcolor=#F0FFF0] [border: (1px dotted #006400)] [r=1 c=5 rs=1 cs=1]
              LayoutText {#text} at (1,1) size 127x31
                text run at (1,1) width 127: "hello hello hello hello hello"
                text run at (1,17) width 49: "hello hello"
          LayoutTableRow {DIV} at (0,68) size 798x34
            LayoutTableCell {DIV} at (0,68) size 133x34 [bgcolor=#F0FFF0] [border: (1px dotted #006400)] [r=2 c=0 rs=1 cs=1]
              LayoutText {#text} at (1,1) size 127x31
                text run at (1,1) width 127: "hello hello hello hello hello"
                text run at (1,17) width 49: "hello hello"
            LayoutTableCell {DIV} at (133,68) size 133x34 [bgcolor=#F0FFF0] [border: (1px dotted #006400)] [r=2 c=1 rs=1 cs=1]
              LayoutText {#text} at (1,1) size 127x31
                text run at (1,1) width 127: "hello hello hello hello hello"
                text run at (1,17) width 49: "hello hello"
            LayoutTableCell {DIV} at (266,68) size 133x34 [bgcolor=#F0FFF0] [border: (1px dotted #006400)] [r=2 c=2 rs=1 cs=1]
              LayoutText {#text} at (1,1) size 127x31
                text run at (1,1) width 127: "hello hello hello hello hello"
                text run at (1,17) width 49: "hello hello"
            LayoutTableCell {DIV} at (399,68) size 133x34 [bgcolor=#F0FFF0] [border: (1px dotted #006400)] [r=2 c=3 rs=1 cs=1]
              LayoutText {#text} at (1,1) size 127x31
                text run at (1,1) width 127: "hello hello hello hello hello"
                text run at (1,17) width 49: "hello hello"
            LayoutTableCell {DIV} at (532,68) size 133x34 [bgcolor=#F0FFF0] [border: (1px dotted #006400)] [r=2 c=4 rs=1 cs=1]
              LayoutText {#text} at (1,1) size 127x31
                text run at (1,1) width 127: "hello hello hello hello hello"
                text run at (1,17) width 49: "hello hello"
            LayoutTableCell {DIV} at (665,68) size 133x34 [bgcolor=#F0FFF0] [border: (1px dotted #006400)] [r=2 c=5 rs=1 cs=1]
              LayoutText {#text} at (1,1) size 127x31
                text run at (1,1) width 127: "hello hello hello hello hello"
                text run at (1,17) width 49: "hello hello"
