layer at (0,0) size 800x600
  LayoutView at (0,0) size 800x600
layer at (0,0) size 800x157
  LayoutBlockFlow {HTML} at (0,0) size 800x157
    LayoutBlockFlow {BODY} at (0,0) size 800x156
      LayoutBlockFlow {DIV} at (0,0) size 600x36
        LayoutText {#text} at (0,0) size 254x15
          text run at (0,0) width 254: "Table autosizing tests - narrow-percentage-width.html"
        LayoutBR {BR} at (253,0) size 1x15
        LayoutText {#text} at (0,16) size 240x15
          text run at (0,16) width 240: "This test passes if none of the 6 cells are autosized."
      LayoutTable {TABLE} at (1,37) size 200x119 [border: none]
        LayoutTableSection {TBODY} at (0,0) size 199x118
          LayoutTableRow {TR} at (0,0) size 199x19
            LayoutTableCell {TD} at (0,0) size 26x19 [bgcolor=#F0FFF0] [border: (1px dotted #006400)] [r=0 c=0 rs=1 cs=1]
              LayoutText {#text} at (2,2) size 23x15
                text run at (2,2) width 23: "hello"
            LayoutTableCell {TD} at (26,0) size 147x19 [bgcolor=#F0FFF0] [border: (1px dotted #006400)] [r=0 c=1 rs=1 cs=1]
              LayoutText {#text} at (2,2) size 23x15
                text run at (2,2) width 23: "hello"
            LayoutTableCell {TD} at (173,0) size 26x19 [bgcolor=#F0FFF0] [border: (1px dotted #006400)] [r=0 c=2 rs=1 cs=1]
              LayoutText {#text} at (2,2) size 23x15
                text run at (2,2) width 23: "hello"
          LayoutTableRow {TR} at (0,19) size 199x99
            LayoutTableCell {TD} at (0,59) size 26x19 [bgcolor=#F0FFF0] [border: (1px dotted #006400)] [r=1 c=0 rs=1 cs=1]
              LayoutText {#text} at (2,2) size 23x15
                text run at (2,2) width 23: "hello"
            LayoutTableCell {TD} at (26,19) size 147x99 [bgcolor=#F0FFF0] [border: (1px dotted #006400)] [r=1 c=1 rs=1 cs=1]
              LayoutText {#text} at (2,2) size 127x95
                text run at (2,2) width 127: "hello hello hello hello hello"
                text run at (2,18) width 127: "hello hello hello hello hello"
                text run at (2,34) width 127: "hello hello hello hello hello"
                text run at (2,50) width 127: "hello hello hello hello hello"
                text run at (2,66) width 127: "hello hello hello hello hello"
                text run at (2,82) width 23: "hello"
            LayoutTableCell {TD} at (173,59) size 26x19 [bgcolor=#F0FFF0] [border: (1px dotted #006400)] [r=1 c=2 rs=1 cs=1]
              LayoutText {#text} at (2,2) size 23x15
                text run at (2,2) width 23: "hello"
