layer at (0,0) size 800x600 scrollHeight 1846
  LayoutView at (0,0) size 800x600
layer at (0,0) size 800x1846 backgroundClip at (0,0) size 800x600 clip at (0,0) size 800x600
  LayoutBlockFlow {HTML} at (0,0) size 800x1846
    LayoutBlockFlow {BODY} at (0,0) size 800x1845
      LayoutBlockFlow {DIV} at (0,0) size 600x36
        LayoutText {#text} at (0,0) size 308x15
          text run at (0,0) width 308: "Table autosizing tests - single-percent-width-cell-lots-of-text.html"
        LayoutBR {BR} at (307,0) size 1x15
        LayoutText {#text} at (0,16) size 492x15
          text run at (0,16) width 492: "This test passes if there is a one cell with lots of text that's autosized, and five cells that are not autosized."
      LayoutTable {TABLE} at (1,37) size 798x1808 [border: none]
        LayoutTableSection {TBODY} at (0,0) size 797x1807
          LayoutTableRow {TR} at (0,0) size 797x19
            LayoutTableCell {TD} at (0,0) size 279x19 [bgcolor=#F0FFF0] [border: (1px dotted #006400)] [r=0 c=0 rs=1 cs=1]
              LayoutText {#text} at (2,2) size 23x15
                text run at (2,2) width 23: "hello"
            LayoutTableCell {TD} at (279,0) size 239x19 [bgcolor=#F0FFF0] [border: (1px dotted #006400)] [r=0 c=1 rs=1 cs=1]
              LayoutText {#text} at (2,2) size 23x15
                text run at (2,2) width 23: "hello"
            LayoutTableCell {TD} at (518,0) size 279x19 [bgcolor=#F0FFF0] [border: (1px dotted #006400)] [r=0 c=2 rs=1 cs=1]
              LayoutText {#text} at (2,2) size 23x15
                text run at (2,2) width 23: "hello"
          LayoutTableRow {TR} at (0,19) size 797x1788
            LayoutTableCell {TD} at (0,903) size 279x19 [bgcolor=#F0FFF0] [border: (1px dotted #006400)] [r=1 c=0 rs=1 cs=1]
              LayoutText {#text} at (2,2) size 23x15
                text run at (2,2) width 23: "hello"
            LayoutTableCell {TD} at (279,19) size 239x1788 [bgcolor=#F0FFF0] [border: (1px dotted #006400)] [r=1 c=1 rs=1 cs=1]
              LayoutText {#text} at (2,2) size 193x1784
                text run at (2,2) width 193: "hello hello hello"
                text run at (2,37) width 193: "hello hello hello"
                text run at (2,72) width 193: "hello hello hello"
                text run at (2,107) width 193: "hello hello hello"
                text run at (2,142) width 193: "hello hello hello"
                text run at (2,177) width 193: "hello hello hello"
                text run at (2,212) width 193: "hello hello hello"
                text run at (2,247) width 193: "hello hello hello"
                text run at (2,282) width 193: "hello hello hello"
                text run at (2,317) width 193: "hello hello hello"
                text run at (2,352) width 193: "hello hello hello"
                text run at (2,387) width 193: "hello hello hello"
                text run at (2,422) width 193: "hello hello hello"
                text run at (2,457) width 193: "hello hello hello"
                text run at (2,492) width 193: "hello hello hello"
                text run at (2,527) width 193: "hello hello hello"
                text run at (2,562) width 193: "hello hello hello"
                text run at (2,597) width 193: "hello hello hello"
                text run at (2,632) width 193: "hello hello hello"
                text run at (2,667) width 193: "hello hello hello"
                text run at (2,702) width 193: "hello hello hello"
                text run at (2,737) width 193: "hello hello hello"
                text run at (2,772) width 193: "hello hello hello"
                text run at (2,807) width 193: "hello hello hello"
                text run at (2,842) width 193: "hello hello hello"
                text run at (2,877) width 193: "hello hello hello"
                text run at (2,912) width 193: "hello hello hello"
                text run at (2,947) width 193: "hello hello hello"
                text run at (2,982) width 193: "hello hello hello"
                text run at (2,1017) width 193: "hello hello hello"
                text run at (2,1052) width 193: "hello hello hello"
                text run at (2,1087) width 193: "hello hello hello"
                text run at (2,1122) width 193: "hello hello hello"
                text run at (2,1157) width 193: "hello hello hello"
                text run at (2,1192) width 193: "hello hello hello"
                text run at (2,1227) width 193: "hello hello hello"
                text run at (2,1262) width 193: "hello hello hello"
                text run at (2,1297) width 193: "hello hello hello"
                text run at (2,1332) width 193: "hello hello hello"
                text run at (2,1367) width 193: "hello hello hello"
                text run at (2,1402) width 193: "hello hello hello"
                text run at (2,1437) width 193: "hello hello hello"
                text run at (2,1472) width 193: "hello hello hello"
                text run at (2,1507) width 193: "hello hello hello"
                text run at (2,1542) width 193: "hello hello hello"
                text run at (2,1577) width 193: "hello hello hello"
                text run at (2,1612) width 193: "hello hello hello"
                text run at (2,1647) width 193: "hello hello hello"
                text run at (2,1682) width 193: "hello hello hello"
                text run at (2,1717) width 193: "hello hello hello"
                text run at (2,1752) width 126: "hello hello"
            LayoutTableCell {TD} at (518,903) size 279x19 [bgcolor=#F0FFF0] [border: (1px dotted #006400)] [r=1 c=2 rs=1 cs=1]
              LayoutText {#text} at (2,2) size 23x15
                text run at (2,2) width 23: "hello"
