layer at (0,0) size 800x600
  LayoutView at (0,0) size 800x600
layer at (0,0) size 800x570
  LayoutBlockFlow {HTML} at (0,0) size 800x570
    LayoutBlockFlow {BODY} at (0,0) size 800x569
      LayoutBlockFlow {DIV} at (0,0) size 600x36
        LayoutText {#text} at (0,0) size 239x15
          text run at (0,0) width 239: "Table autosizing tests - single-cell-lots-of-text.html"
        LayoutBR {BR} at (238,0) size 1x15
        LayoutText {#text} at (0,16) size 552x15
          text run at (0,16) width 552: "This test passes if there is a one cell with lots of text that's autosized, and five single-word cells that are not autosized."
      LayoutTable {TABLE} at (1,37) size 798x532 [border: none]
        LayoutTableSection {TBODY} at (0,0) size 797x531
          LayoutTableRow {TR} at (0,0) size 797x38
            LayoutTableCell {TD} at (0,9) size 26x19 [bgcolor=#F0FFF0] [border: (1px dotted #006400)] [r=0 c=0 rs=1 cs=1]
              LayoutText {#text} at (2,2) size 23x15
                text run at (2,2) width 23: "hello"
            LayoutTableCell {TD} at (26,0) size 745x38 [bgcolor=#F0FFF0] [border: (1px dotted #006400)] [r=0 c=1 rs=1 cs=1]
              LayoutText {#text} at (2,2) size 59x34
                text run at (2,2) width 59: "hello"
            LayoutTableCell {TD} at (771,9) size 26x19 [bgcolor=#F0FFF0] [border: (1px dotted #006400)] [r=0 c=2 rs=1 cs=1]
              LayoutText {#text} at (2,2) size 23x15
                text run at (2,2) width 23: "hello"
          LayoutTableRow {TR} at (0,38) size 797x493
            LayoutTableCell {TD} at (0,275) size 26x19 [bgcolor=#F0FFF0] [border: (1px dotted #006400)] [r=1 c=0 rs=1 cs=1]
              LayoutText {#text} at (2,2) size 23x15
                text run at (2,2) width 23: "hello"
            LayoutTableCell {TD} at (26,38) size 745x493 [bgcolor=#F0FFF0] [border: (1px dotted #006400)] [r=1 c=1 rs=1 cs=1]
              LayoutText {#text} at (2,2) size 729x489
                text run at (2,2) width 729: "hello hello hello hello hello hello hello hello hello hello hello"
                text run at (2,37) width 729: "hello hello hello hello hello hello hello hello hello hello hello"
                text run at (2,72) width 729: "hello hello hello hello hello hello hello hello hello hello hello"
                text run at (2,107) width 729: "hello hello hello hello hello hello hello hello hello hello hello"
                text run at (2,142) width 729: "hello hello hello hello hello hello hello hello hello hello hello"
                text run at (2,177) width 729: "hello hello hello hello hello hello hello hello hello hello hello"
                text run at (2,212) width 729: "hello hello hello hello hello hello hello hello hello hello hello"
                text run at (2,247) width 729: "hello hello hello hello hello hello hello hello hello hello hello"
                text run at (2,282) width 729: "hello hello hello hello hello hello hello hello hello hello hello"
                text run at (2,317) width 729: "hello hello hello hello hello hello hello hello hello hello hello"
                text run at (2,352) width 729: "hello hello hello hello hello hello hello hello hello hello hello"
                text run at (2,387) width 729: "hello hello hello hello hello hello hello hello hello hello hello"
                text run at (2,422) width 729: "hello hello hello hello hello hello hello hello hello hello hello"
                text run at (2,457) width 595: "hello hello hello hello hello hello hello hello hello"
            LayoutTableCell {TD} at (771,275) size 26x19 [bgcolor=#F0FFF0] [border: (1px dotted #006400)] [r=1 c=2 rs=1 cs=1]
              LayoutText {#text} at (2,2) size 23x15
                text run at (2,2) width 23: "hello"
