layer at (0,0) size 800x600
  LayoutView at (0,0) size 800x600
layer at (0,0) size 800x411
  LayoutBlockFlow {HTML} at (0,0) size 800x411
    LayoutBlockFlow {BODY} at (0,0) size 800x410
      LayoutBlockFlow {DIV} at (0,0) size 600x36
        LayoutText {#text} at (0,0) size 207x15
          text run at (0,0) width 207: "Table autosizing tests - table-for-layout.html"
        LayoutBR {BR} at (206,0) size 1x15
        LayoutText {#text} at (0,16) size 247x15
          text run at (0,16) width 247: "This test passes if the main content area is autosized."
      LayoutTable {TABLE} at (1,37) size 798x373 [border: none]
        LayoutTableSection {TBODY} at (0,0) size 797x372
          LayoutTableRow {TR} at (0,0) size 797x19
            LayoutTableCell {TD} at (0,0) size 797x19 [bgcolor=#F0FFF0] [border: (1px dotted #006400)] [r=0 c=0 rs=1 cs=2]
              LayoutText {#text} at (2,2) size 21x15
                text run at (2,2) width 21: "Title"
          LayoutTableRow {TR} at (0,19) size 797x353
            LayoutTableCell {TD} at (0,130) size 52x131 [bgcolor=#F0FFF0] [border: (1px dotted #006400)] [r=1 c=0 rs=1 cs=1]
              LayoutText {#text} at (2,2) size 23x15
                text run at (2,2) width 23: "hello"
              LayoutBR {BR} at (25,2) size 0x15
              LayoutText {#text} at (2,18) size 49x15
                text run at (2,18) width 49: "navigation"
              LayoutBR {BR} at (51,18) size 0x15
              LayoutText {#text} at (2,34) size 49x15
                text run at (2,34) width 49: "navigation"
              LayoutBR {BR} at (51,34) size 0x15
              LayoutText {#text} at (2,50) size 49x15
                text run at (2,50) width 49: "navigation"
              LayoutBR {BR} at (51,50) size 0x15
              LayoutText {#text} at (2,66) size 49x15
                text run at (2,66) width 49: "navigation"
              LayoutBR {BR} at (51,66) size 0x15
              LayoutText {#text} at (2,82) size 49x15
                text run at (2,82) width 49: "navigation"
              LayoutBR {BR} at (51,82) size 0x15
              LayoutText {#text} at (2,98) size 49x15
                text run at (2,98) width 49: "navigation"
              LayoutBR {BR} at (51,98) size 0x15
              LayoutText {#text} at (2,114) size 49x15
                text run at (2,114) width 49: "navigation"
              LayoutBR {BR} at (51,114) size 0x15
            LayoutTableCell {TD} at (52,19) size 745x353 [bgcolor=#F0FFF0] [border: (1px dotted #006400)] [r=1 c=1 rs=1 cs=1]
              LayoutText {#text} at (2,2) size 729x349
                text run at (2,2) width 729: "hello hello hello hello hello hello hello hello hello hello hello"
                text run at (2,37) width 729: "hello hello hello hello hello hello hello hello hello hello hello"
                text run at (2,72) width 729: "hello hello hello hello hello hello hello hello hello hello hello"
                text run at (2,107) width 729: "hello hello hello hello hello hello hello hello hello hello hello"
                text run at (2,142) width 729: "hello hello hello hello hello hello hello hello hello hello hello"
                text run at (2,177) width 729: "hello hello hello hello hello hello hello hello hello hello hello"
                text run at (2,212) width 729: "hello hello hello hello hello hello hello hello hello hello hello"
                text run at (2,247) width 729: "hello hello hello hello hello hello hello hello hello hello hello"
                text run at (2,282) width 729: "hello hello hello hello hello hello hello hello hello hello hello"
                text run at (2,317) width 327: "hello hello hello hello hello"
