layer at (0,0) size 800x600
  LayoutView at (0,0) size 800x600
layer at (0,0) size 800x243
  LayoutBlockFlow {HTML} at (0,0) size 800x243
    LayoutBlockFlow {BODY} at (8,8) size 784x227
      LayoutBlockFlow (anonymous) at (0,0) size 784x36
        LayoutText {#text} at (0,0) size 777x36
          text run at (0,0) width 409: "Test for empty buttons, which inherit from LayoutFlexibleBox. "
          text run at (408,0) width 369: "Empty <input> buttons should not collapse, which makes"
          text run at (0,18) width 497: "them different from most flex boxes. Empty <button>s should collapse. Note "
        LayoutInline {A} at (0,0) size 76x18 [color=#0000EE]
          LayoutText {#text} at (496,18) size 76x18
            text run at (496,18) width 76: "bug 110654"
        LayoutText {#text} at (571,18) size 5x18
          text run at (571,18) width 5: "."
      LayoutBlockFlow {HR} at (0,44) size 784x2 [border: (1px inset #EEEEEE)]
      LayoutBlockFlow (anonymous) at (0,54) size 784x55
        LayoutText {#text} at (0,0) size 81x18
          text run at (0,0) width 81: "Simple case."
        LayoutBR {BR} at (80,0) size 1x18
        LayoutButton {BUTTON} at (0,20) size 16x15 [bgcolor=#C0C0C0] [border: none (2px outset #C0C0C0) none (2px outset #C0C0C0)]
        LayoutBR {BR} at (16,18) size 0x18
        LayoutButton {INPUT} at (0,36) size 16x18 [bgcolor=#C0C0C0]
        LayoutBR {BR} at (16,37) size 0x18
      LayoutBlockFlow {HR} at (0,117) size 784x2 [border: (1px inset #EEEEEE)]
      LayoutBlockFlow (anonymous) at (0,127) size 784x100
        LayoutText {#text} at (0,0) size 743x36
          text run at (0,0) width 743: "Empty <button> and <input type=button> with overflow: scroll;. The presence of the scrollbar should not shrink the"
          text run at (0,18) width 45: "button."
        LayoutBR {BR} at (44,18) size 1x18
        LayoutBR {BR} at (31,36) size 0x18
        LayoutBR {BR} at (31,68) size 0x18
layer at (8,183) size 31x20 clip at (10,183) size 12x5
  LayoutButton {BUTTON} at (0,48) size 31x20 [bgcolor=#C0C0C0] [border: none (2px outset #C0C0C0) none (2px outset #C0C0C0)]
layer at (8,217) size 31x18 clip at (8,217) size 16x3
  LayoutButton {INPUT} at (0,82) size 31x18 [bgcolor=#C0C0C0]
