layer at (0,0) size 800x600
  LayoutView at (0,0) size 800x600
layer at (0,0) size 800x491
  LayoutBlockFlow {HTML} at (0,0) size 800x491
    LayoutBlockFlow {BODY} at (8,8) size 784x475
      LayoutBlockFlow {DIV} at (0,0) size 784x69
        LayoutText {#text} at (0,28) size 73x18
          text run at (0,28) width 73: "before text "
        LayoutBlockFlow {DIV} at (72.84,0) size 74.42x69 [bgcolor=#D3D3D3] [border: (11px solid #FFC0CB)]
          LayoutFlexibleBox {DIV} at (11,18) size 52.42x40
            LayoutBlockFlow (anonymous) at (0,10) size 52.42x30
              LayoutText {#text} at (0,0) size 53x18
                text run at (0,0) width 53: "baseline"
        LayoutText {#text} at (147,28) size 62x18
          text run at (147,28) width 62: " after text"
      LayoutBlockFlow {DIV} at (0,69) size 784x114
        LayoutText {#text} at (0,68) size 86x18
          text run at (0,68) width 86: "Should align "
        LayoutBlockFlow {DIV} at (85.33,8) size 98x98 [border: (11px solid #FFC0CB)]
          LayoutFlexibleBox {DIV} at (11,11) size 76x76 [bgcolor=#FFC0CB]
            LayoutBlockFlow {DIV} at (13,13) size 50x50 [bgcolor=#D3D3D3]
        LayoutText {#text} at (183,68) size 61x18
          text run at (183,68) width 61: " with the "
        LayoutBlockFlow {DIV} at (243.31,21) size 72x72
          LayoutFlexibleBox {DIV} at (0,0) size 72x72 [bgcolor=#FFC0CB] [border: (11px solid #FFC0CB)]
            LayoutBlockFlow {DIV} at (11,11) size 50x50 [bgcolor=#D3D3D3]
        LayoutText {#text} at (315,68) size 71x18
          text run at (315,68) width 71: " bottom of "
        LayoutBlockFlow {DIV} at (385.97,0) size 72x114
          LayoutFlexibleBox {DIV} at (0,21) size 72x72 [bgcolor=#FFC0CB] [border: (11px solid #FFC0CB)]
            LayoutBlockFlow {DIV} at (11,11) size 50x50 [bgcolor=#D3D3D3]
        LayoutText {#text} at (457,68) size 61x18
          text run at (457,68) width 61: " the grey "
        LayoutFlexibleBox {DIV} at (517.94,41) size 52x52 [bgcolor=#D3D3D3] [border: (11px solid #FFC0CB)]
        LayoutText {#text} at (569,68) size 33x18
          text run at (569,68) width 33: " box."
      LayoutBlockFlow {DIV} at (0,183) size 784x64
        LayoutText {#text} at (0,18) size 142x18
          text run at (0,18) width 142: "Should align with the "
        LayoutBlockFlow {DIV} at (141.33,0) size 48x64
          LayoutFlexibleBox {DIV} at (0,0) size 48x64 [bgcolor=#FFC0CB]
            LayoutBlockFlow {DIV} at (0,8) size 48x48 [bgcolor=#D3D3D3] [border: (11px solid #FFC0CB)]
        LayoutText {#text} at (189,18) size 71x18
          text run at (189,18) width 71: " middle of "
        LayoutFlexibleBox {DIV} at (259.09,8) size 48x48 [bgcolor=#D3D3D3] [border: (11px solid #FFC0CB)]
        LayoutText {#text} at (307,18) size 89x18
          text run at (307,18) width 89: " the grey box."
      LayoutBlockFlow {DIV} at (0,247) size 784x178
        LayoutText {#text} at (0,85) size 166x18
          text run at (0,85) width 166: "Should align with the top "
        LayoutBlockFlow {DIV} at (165.77,8) size 146x162 [bgcolor=#FFC0CB] [border: (11px solid #FFC0CB)]
          LayoutFlexibleBox {DIV} at (24,32) size 98x98 [border: (11px solid #FFC0CB)]
        LayoutText {#text} at (311,85) size 174x18
          text run at (311,85) width 174: " of the horizontal scrollbar."
      LayoutBlockFlow {DIV} at (0,425) size 784x50
        LayoutText {#text} at (0,11) size 188x18
          text run at (0,11) width 188: "Should align 10px above the "
        LayoutBlockFlow {DIV} at (187.08,0) size 50x50 [bgcolor=#FFC0CB]
          LayoutFlexibleBox {DIV} at (0,0) size 50x50
        LayoutText {#text} at (237,11) size 239x18
          text run at (237,11) width 239: " horizontal scrollbar, if one is visible."
layer at (222,323) size 50x46 clip at (222,332) size 35x22
  LayoutBlockFlow {DIV} at (24,28) size 50x46 [bgcolor=#D3D3D3] [border: (9px solid #FFC0CB) none]
layer at (195,433) size 50x50 clip at (195,433) size 35x35
  LayoutBlockFlow {DIV} at (0,0) size 50x50 [bgcolor=#D3D3D3]
