layer at (0,0) size 800x600
  LayoutView at (0,0) size 800x600
layer at (0,0) size 800x242
  LayoutBlockFlow {HTML} at (0,0) size 800x242
    LayoutBlockFlow {BODY} at (8,16) size 784x218
      LayoutBlockFlow {P} at (0,0) size 784x18
        LayoutText {#text} at (0,0) size 493x18
          text run at (0,0) width 493: "Tests decoding and rendering a video element that has a changing resolution."
      LayoutBlockFlow (anonymous) at (0,34) size 784x184
        LayoutText {#text} at (320,166) size 4x18
          text run at (320,166) width 4: " "
        LayoutText {#text} at (0,0) size 0x0
layer at (8,50) size 320x180
  LayoutVideo {VIDEO} at (0,0) size 320x180
layer at (332,50) size 320x180
  LayoutVideo {VIDEO} at (324,0) size 320x180
layer at (8,50) size 320x180
  LayoutFlexibleBox (relative positioned) {DIV} at (0,0) size 320x180
    LayoutBlockFlow {DIV} at (0,148) size 320x32
layer at (8,50) size 320x138
  LayoutFlexibleBox (relative positioned) {DIV} at (0,0) size 320x138
layer at (332,50) size 320x180
  LayoutFlexibleBox (relative positioned) {DIV} at (0,0) size 320x180
    LayoutBlockFlow {DIV} at (0,148) size 320x32
layer at (332,50) size 320x138
  LayoutFlexibleBox (relative positioned) {DIV} at (0,0) size 320x138
