layer at (0,0) size 800x600 scrollWidth 1071
  LayoutView at (0,0) size 800x600
layer at (0,0) size 800x600
  LayoutBlockFlow {HTML} at (0,0) size 800x600
    LayoutBlockFlow {BODY} at (8,8) size 784x584
      LayoutTable {TABLE} at (0,0) size 1062x96
        LayoutTableSection {TBODY} at (0,0) size 1062x96
          LayoutTableRow {TR} at (0,2) size 1062x20
            LayoutTableCell {TH} at (2,11) size 86x2 [r=0 c=0 rs=1 cs=1]
            LayoutTableCell {TH} at (90,11) size 241x2 [r=0 c=1 rs=1 cs=1]
            LayoutTableCell {TH} at (333,2) size 241x20 [r=0 c=2 rs=1 cs=1]
              LayoutText {#text} at (74,1) size 93x18
                text run at (74,1) width 93: "text-align:left"
            LayoutTableCell {TH} at (576,2) size 241x20 [r=0 c=3 rs=1 cs=1]
              LayoutText {#text} at (64,1) size 113x18
                text run at (64,1) width 113: "text-align:center"
            LayoutTableCell {TH} at (819,2) size 241x20 [r=0 c=4 rs=1 cs=1]
              LayoutText {#text} at (68,1) size 105x18
                text run at (68,1) width 105: "text-align:right"
          LayoutTableRow {TR} at (0,24) size 1062x22
            LayoutTableCell {TH} at (2,34) size 86x2 [r=1 c=0 rs=1 cs=1]
            LayoutTableCell {TD} at (90,24) size 241x22 [border: (1px solid #000000)] [r=1 c=1 rs=1 cs=1]
              LayoutFileUploadControl {INPUT} at (2,2) size 237x18 "No file chosen"
                LayoutButton {INPUT} at (0,0) size 77.56x18 [bgcolor=#C0C0C0]
                  LayoutBlockFlow (anonymous) at (8,2) size 61.56x13
                    LayoutText {#text} at (0,0) size 62x13
                      text run at (0,0) width 62: "Choose File"
            LayoutTableCell {TD} at (333,24) size 241x22 [border: (1px solid #000000)] [r=1 c=2 rs=1 cs=1]
              LayoutFileUploadControl {INPUT} at (2,2) size 237x18 "No file chosen"
                LayoutButton {INPUT} at (0,0) size 77.56x18 [bgcolor=#C0C0C0]
                  LayoutBlockFlow (anonymous) at (8,2) size 61.56x13
                    LayoutText {#text} at (0,0) size 62x13
                      text run at (0,0) width 62: "Choose File"
            LayoutTableCell {TD} at (576,24) size 241x22 [border: (1px solid #000000)] [r=1 c=3 rs=1 cs=1]
              LayoutFileUploadControl {INPUT} at (2,2) size 237x18 "No file chosen"
                LayoutButton {INPUT} at (0,0) size 77.56x18 [bgcolor=#C0C0C0]
                  LayoutBlockFlow (anonymous) at (8,2) size 61.56x13
                    LayoutText {#text} at (0,0) size 62x13
                      text run at (0,0) width 62: "Choose File"
            LayoutTableCell {TD} at (819,24) size 241x22 [border: (1px solid #000000)] [r=1 c=4 rs=1 cs=1]
              LayoutFileUploadControl {INPUT} at (2,2) size 237x18 "No file chosen"
                LayoutButton {INPUT} at (0,0) size 77.56x18 [bgcolor=#C0C0C0]
                  LayoutBlockFlow (anonymous) at (8,2) size 61.56x13
                    LayoutText {#text} at (0,0) size 62x13
                      text run at (0,0) width 62: "Choose File"
          LayoutTableRow {TR} at (0,48) size 1062x22
            LayoutTableCell {TH} at (2,49) size 86x20 [r=2 c=0 rs=1 cs=1]
              LayoutText {#text} at (1,1) size 84x18
                text run at (1,1) width 84: "direction:ltr"
            LayoutTableCell {TD} at (90,48) size 241x22 [border: (1px solid #000000)] [r=2 c=1 rs=1 cs=1]
              LayoutFileUploadControl {INPUT} at (2,2) size 237x18 "No file chosen"
                LayoutButton {INPUT} at (0,0) size 77.56x18 [bgcolor=#C0C0C0]
                  LayoutBlockFlow (anonymous) at (8,2) size 61.56x13
                    LayoutText {#text} at (0,0) size 62x13
                      text run at (0,0) width 62: "Choose File"
            LayoutTableCell {TD} at (333,48) size 241x22 [border: (1px solid #000000)] [r=2 c=2 rs=1 cs=1]
              LayoutFileUploadControl {INPUT} at (2,2) size 237x18 "No file chosen"
                LayoutButton {INPUT} at (0,0) size 77.56x18 [bgcolor=#C0C0C0]
                  LayoutBlockFlow (anonymous) at (8,2) size 61.56x13
                    LayoutText {#text} at (0,0) size 62x13
                      text run at (0,0) width 62: "Choose File"
            LayoutTableCell {TD} at (576,48) size 241x22 [border: (1px solid #000000)] [r=2 c=3 rs=1 cs=1]
              LayoutFileUploadControl {INPUT} at (2,2) size 237x18 "No file chosen"
                LayoutButton {INPUT} at (0,0) size 77.56x18 [bgcolor=#C0C0C0]
                  LayoutBlockFlow (anonymous) at (8,2) size 61.56x13
                    LayoutText {#text} at (0,0) size 62x13
                      text run at (0,0) width 62: "Choose File"
            LayoutTableCell {TD} at (819,48) size 241x22 [border: (1px solid #000000)] [r=2 c=4 rs=1 cs=1]
              LayoutFileUploadControl {INPUT} at (2,2) size 237x18 "No file chosen"
                LayoutButton {INPUT} at (0,0) size 77.56x18 [bgcolor=#C0C0C0]
                  LayoutBlockFlow (anonymous) at (8,2) size 61.56x13
                    LayoutText {#text} at (0,0) size 62x13
                      text run at (0,0) width 62: "Choose File"
          LayoutTableRow {TR} at (0,72) size 1062x22
            LayoutTableCell {TH} at (2,73) size 86x20 [r=3 c=0 rs=1 cs=1]
              LayoutText {#text} at (1,1) size 84x18
                text run at (1,1) width 84: "direction:rtl"
            LayoutTableCell {TD} at (90,72) size 241x22 [border: (1px solid #000000)] [r=3 c=1 rs=1 cs=1]
              LayoutFileUploadControl {INPUT} at (2,2) size 237x18 "No file chosen"
                LayoutButton {INPUT} at (159.44,0) size 77.56x18 [bgcolor=#C0C0C0]
                  LayoutBlockFlow (anonymous) at (8,2) size 61.56x13
                    LayoutText {#text} at (0,0) size 62x13
                      text run at (0,0) width 62: "Choose File"
            LayoutTableCell {TD} at (333,72) size 241x22 [border: (1px solid #000000)] [r=3 c=2 rs=1 cs=1]
              LayoutFileUploadControl {INPUT} at (2,2) size 237x18 "No file chosen"
                LayoutButton {INPUT} at (159.44,0) size 77.56x18 [bgcolor=#C0C0C0]
                  LayoutBlockFlow (anonymous) at (8,2) size 61.56x13
                    LayoutText {#text} at (0,0) size 62x13
                      text run at (0,0) width 62: "Choose File"
            LayoutTableCell {TD} at (576,72) size 241x22 [border: (1px solid #000000)] [r=3 c=3 rs=1 cs=1]
              LayoutFileUploadControl {INPUT} at (2,2) size 237x18 "No file chosen"
                LayoutButton {INPUT} at (159.44,0) size 77.56x18 [bgcolor=#C0C0C0]
                  LayoutBlockFlow (anonymous) at (8,2) size 61.56x13
                    LayoutText {#text} at (0,0) size 62x13
                      text run at (0,0) width 62: "Choose File"
            LayoutTableCell {TD} at (819,72) size 241x22 [border: (1px solid #000000)] [r=3 c=4 rs=1 cs=1]
              LayoutFileUploadControl {INPUT} at (2,2) size 237x18 "No file chosen"
                LayoutButton {INPUT} at (159.44,0) size 77.56x18 [bgcolor=#C0C0C0]
                  LayoutBlockFlow (anonymous) at (8,2) size 61.56x13
                    LayoutText {#text} at (0,0) size 62x13
                      text run at (0,0) width 62: "Choose File"
