layer at (0,0) size 800x600
  LayoutView at (0,0) size 800x600
layer at (0,0) size 800x600
  LayoutBlockFlow {HTML} at (0,0) size 800x600
    LayoutBlockFlow {BODY} at (8,8) size 784x576
      LayoutBlockFlow {P} at (0,0) size 784x40
        LayoutText {#text} at (0,0) size 744x39
          text run at (0,0) width 744: "This tests that we can drag an image into the last position of a content editable div in an iframe that already contains an"
          text run at (0,20) width 155: "image, without crashing."
      LayoutBlockFlow (anonymous) at (0,56) size 784x159
        LayoutImage {IMG} at (0,51) size 76x103
        LayoutText {#text} at (76,139) size 4x19
          text run at (76,139) width 4: " "
        LayoutText {#text} at (0,0) size 0x0
      LayoutBlockFlow {UL} at (0,231) size 784x0
layer at (88,64) size 304x154
  LayoutIFrame {IFRAME} at (80,0) size 304x154 [border: (2px inset #EEEEEE)]
    layer at (0,0) size 300x150
      LayoutView at (0,0) size 300x150
    layer at (0,0) size 300x150
      LayoutBlockFlow {HTML} at (0,0) size 300x150
        LayoutBlockFlow {BODY} at (8,8) size 284x134
          LayoutBlockFlow {DIV} at (0,0) size 271.80x129.30 [border: (1px solid #000000)]
            LayoutBlockFlow {IMG} at (1,88) size 16x16
              LayoutInline {SPAN} at (0,0) size 0x0
                LayoutImage (floating) {IMG} at (0,0) size 16x16
                LayoutInline {SPAN} at (0,0) size 0x0
            LayoutImage {IMG} at (17,1) size 76x103
