EDITING DELEGATE: webViewDidChangeSelection:WebViewDidChangeSelectionNotification
EDITING DELEGATE: webViewDidChangeSelection:WebViewDidChangeSelectionNotification
EDITING DELEGATE: webViewDidChange:WebViewDidChangeNotification
layer at (0,0) size 800x600
  LayoutView at (0,0) size 800x600
layer at (0,0) size 800x600
  LayoutBlockFlow {HTML} at (0,0) size 800x600
    LayoutBlockFlow {BODY} at (8,8) size 784x584
      LayoutBlockFlow {P} at (0,0) size 784x40
        LayoutText {#text} at (0,0) size 104x19
          text run at (0,0) width 104: "This is a test for "
        LayoutInline {I} at (0,0) size 750x39
          LayoutInline {A} at (0,0) size 348x19 [color=#0000EE]
            LayoutText {#text} at (104,0) size 348x19
              text run at (104,0) width 348: "http://bugzilla.opendarwin.org/show_bug.cgi?id=8394"
          LayoutText {#text} at (451,0) size 750x39
            text run at (451,0) width 5: " "
            text run at (455,0) width 295: "Editable region does not accept dropped text if"
            text run at (0,20) width 125: "there is no selection"
        LayoutText {#text} at (124,20) size 5x19
          text run at (124,20) width 5: "."
      LayoutBlockFlow {P} at (0,56) size 784x20
        LayoutText {#text} at (0,0) size 653x19
          text run at (0,0) width 478: "The text field should accept drag-and-dropped text, such as the link, even if "
          text run at (478,0) width 175: "no text is currently selected."
      LayoutBlockFlow (anonymous) at (0,102) size 784x22
        LayoutTextControl {INPUT} at (0,0) size 154x22 [bgcolor=#FFFFFF] [border: (2px inset #EEEEEE)]
        LayoutText {#text} at (154,1) size 4x19
          text run at (154,1) width 4: " "
        LayoutInline {A} at (0,0) size 162x19 [color=#0000EE]
          LayoutText {#text} at (158,1) size 162x19
            text run at (158,1) width 162: "drop me into the text field"
        LayoutText {#text} at (0,0) size 0x0
layer at (8,100) size 784x2 clip at (0,0) size 0x0
  LayoutBlockFlow {HR} at (0,92) size 784x2 [border: (1px inset #EEEEEE)]
layer at (10,113) size 150x16
  LayoutBlockFlow {DIV} at (2,3) size 150x16
    LayoutText {#text} at (0,0) size 119x16
      text run at (0,0) width 119: "http://www.ibm.com/"
selection start: position 0 of child 0 {#text} of child 0 {DIV} of {#document-fragment} of child 7 {INPUT} of body
selection end:   position 19 of child 0 {#text} of child 0 {DIV} of {#document-fragment} of child 7 {INPUT} of body
