layer at (0,0) size 800x600
  LayoutView at (0,0) size 800x600
layer at (378,0) size 422x600
  LayoutBlockFlow {HTML} at (0,0) size 422x600
    LayoutBlockFlow {BODY} at (8,8) size 406x584
      LayoutBlockFlow {DIV} at (0,0) size 220x584 [border: (10px dotted #0000FF)]
        LayoutTable {TABLE} at (10,10) size 200x322 [border: (5px solid #FF0000)]
          LayoutTableSection {TBODY} at (5,5) size 170x312
            LayoutTableRow {TR} at (0,0) size 40x312
              LayoutTableCell {TD} at (0,0) size 40x312 [border: (5px solid #008000)] [r=0 c=0 rs=1 cs=1]
                LayoutText {#text} at (6,6) size 18x36
                  text run at (6,6) width 36: "Hello"
            LayoutTableRow {TR} at (40,0) size 60x312
              LayoutTableCell {TD} at (40,0) size 60x312 [border: (15px solid #0000FF)] [r=1 c=0 rs=1 cs=1]
                LayoutText {#text} at (16,16) size 18x59
                  text run at (16,16) width 59: "Goodbye"
            LayoutTableRow {TR} at (100,0) size 70x312
              LayoutTableCell {TD} at (100,0) size 70x312 [border: (25px solid #FF0000)] [r=2 c=0 rs=1 cs=1]
                LayoutText {#text} at (26,26) size 18x59
                  text run at (26,26) width 59: "Goodbye"
      LayoutBlockFlow {DIV} at (380,0) size 26x584 [border: (1px solid #008000)]
        LayoutTable {TABLE} at (1,1) size 24x33 [border: (1px none #808080)]
          LayoutTableSection {TBODY} at (1,1) size 22x31
            LayoutTableRow {TR} at (0,0) size 22x31
              LayoutTableCell {TD} at (0,0) size 22x31 [border: (1px solid #000000)] [r=0 c=0 rs=1 cs=1]
                LayoutText {#text} at (2,2) size 18x27
                  text run at (2,2) width 27: "Test"
