layer at (0,0) size 800x600
  LayoutView at (0,0) size 800x600
layer at (0,0) size 800x386
  LayoutBlockFlow {HTML} at (0,0) size 800x386
    LayoutBlockFlow {BODY} at (8,16) size 784x338
      LayoutBlockFlow {P} at (0,0) size 784x36
        LayoutText {#text} at (0,0) size 204x18
          text run at (0,0) width 204: "The black border below should "
        LayoutInline {I} at (0,0) size 21x18
          LayoutText {#text} at (203,0) size 21x18
            text run at (203,0) width 21: "not"
        LayoutText {#text} at (223,0) size 758x36
          text run at (223,0) width 218: " cut through the top left corner of "
          text run at (440,0) width 318: "the blue border. It would cut through with our old"
          text run at (0,18) width 88: "behavior, but "
        LayoutInline {A} at (0,0) size 24x18 [color=#0000EE]
          LayoutText {#text} at (87,18) size 24x18
            text run at (87,18) width 24: "this"
        LayoutText {#text} at (110,18) size 312x18
          text run at (110,18) width 5: " "
          text run at (114,18) width 308: "bug fix changed our behavior to match the spec."
      LayoutBlockFlow {DIV} at (32,68) size 720x270 [border: (1px solid #0000FF)]
        LayoutTable {DIV} at (1,1) size 115x220 [border: (10px none #000000)]
          LayoutTableSection (anonymous) at (1,10) size 104x200
            LayoutTableRow {P} at (0,0) size 104x100
              LayoutTableCell {SPAN} at (0,0) size 52x11 [border: (1px solid #000000)] [r=0 c=0 rs=1 cs=1]
              LayoutTableCell {SPAN} at (52,0) size 52x68 [border: (10px solid #000000)] [r=0 c=1 rs=1 cs=1]
            LayoutTableRow {P} at (0,100) size 104x100 [border: (1px solid #0000FF)]
              LayoutTableCell {SPAN} at (0,100) size 52x20 [border: (10px solid #000000)] [r=1 c=0 rs=1 cs=1]
              LayoutTableCell {SPAN} at (52,100) size 52x68 [border: (10px solid #000000)] [r=1 c=1 rs=1 cs=1]
