layer at (0,0) size 800x600 scrollWidth 1532 scrollHeight 899
  LayoutView at (0,0) size 800x600
layer at (0,0) size 800x899 backgroundClip at (0,0) size 800x600 clip at (0,0) size 800x600
  LayoutBlockFlow {HTML} at (0,0) size 800x898.88
    LayoutBlockFlow {BODY} at (8,21.44) size 784x869.44
      LayoutBlockFlow {H1} at (0,0) size 784x37
        LayoutText {#text} at (0,0) size 289x37
          text run at (0,0) width 289: "Table Border Models"
      LayoutBlockFlow {P} at (0,58.44) size 784x18
        LayoutText {#text} at (0,0) size 121x18
          text run at (0,0) width 121: "This tests tests the "
        LayoutInline {A} at (0,0) size 212x18 [color=#0000EE]
          LayoutText {#text} at (120,0) size 212x18
            text run at (120,0) width 212: "CSS2 spec rules on table borders"
        LayoutText {#text} at (331,0) size 185x18
          text run at (331,0) width 9: ". "
          text run at (339,0) width 177: "The styles applied here are:"
      LayoutBlockFlow {PRE} at (0,92.44) size 784x180
        LayoutText {#text} at (0,0) size 671x180
          text run at (0,0) width 398: "TABLE   { margin: 1em; border: medium solid blue; }"
          text run at (397,0) width 1: " "
          text run at (0,15) width 367: "TD  { border: thin solid green; padding: 5px; }"
          text run at (366,15) width 1: " "
          text run at (0,30) width 383: "TH { border: medium solid purple; padding: 5px; }"
          text run at (382,30) width 1: " "
          text run at (0,45) width 352: "TABLE.one, TABLE.two { border-spacing: 1em; }"
          text run at (351,45) width 1: " "
          text run at (0,60) width 313: "TABLE.one { border-collapse: collapse; }"
          text run at (312,60) width 1: " "
          text run at (0,75) width 313: "TABLE.two { border-collapse: separate; }"
          text run at (312,75) width 1: " "
          text run at (0,90) width 523: "TABLE.three { border-collapse: separate; border-spacing: 0 0.5em; }"
          text run at (522,90) width 1: " "
          text run at (0,105) width 515: "TABLE.four { border-collapse: separate; border-spacing: 0.5em 0; }"
          text run at (514,105) width 1: " "
          text run at (0,120) width 320: "TABLE.five { border-collapse: separate; }"
          text run at (319,120) width 1: " "
          text run at (0,135) width 453: "TABLE.five, TABLE.five TD, TABLE.five TH { border: none; }"
          text run at (452,135) width 1: " "
          text run at (0,150) width 671: "TABLE.five TR, TABLE.five COL, TABLE.five COLGROUP, TABLE.five TBODY, TABLE.five THEAD"
          text run at (670,150) width 1: " "
          text run at (0,165) width 258: "    { border: medium solid red; }"
          text run at (257,165) width 1: " "
      LayoutBlockFlow {DIV} at (0,285.44) size 1524x584
        LayoutTable {TABLE} at (16,16) size 238x552 [border: (1px solid #0000FF)]
          LayoutTableSection {TBODY} at (1,1) size 235x549
            LayoutTableRow {TR} at (0,0) size 31x549
              LayoutTableCell {TH} at (0,0) size 31x183 [border: (2px solid #800080)] [r=0 c=0 rs=1 cs=1]
                LayoutText {#text} at (6,50) size 18x84
                  text run at (6,50) width 84: "Header One"
              LayoutTableCell {TH} at (0,183) size 31x174 [border: (2px solid #800080)] [r=0 c=1 rs=1 cs=1]
                LayoutText {#text} at (6,45) size 18x85
                  text run at (6,45) width 84: "Header Two"
              LayoutTableCell {TH} at (0,357) size 31x192 [border: (2px solid #800080)] [r=0 c=2 rs=1 cs=1]
                LayoutText {#text} at (6,48) size 18x97
                  text run at (6,48) width 96: "Header Three"
            LayoutTableRow {TR} at (31,0) size 102x549
              LayoutTableCell {TD} at (31,27) size 102x129 [border: (2px solid #008000)] [r=1 c=0 rs=1 cs=1]
                LayoutText {#text} at (33,-20) size 36x161
                  text run at (33,-20) width 119: "This table uses the"
                  text run at (51,-20) width 161: "collapsed borders model."
              LayoutTableCell {TD} at (31,201) size 102x138 [border: (1px solid #008000)] [r=1 c=1 rs=1 cs=1]
                LayoutText {#text} at (24,-12) size 54x163
                  text run at (24,-12) width 163: "This means that elements"
                  text run at (42,-12) width 146: "within the cell have no"
                  text run at (60,-12) width 100: "border-spacing."
              LayoutTableCell {TD} at (31,357) size 102x192 [border: (1px solid #008000)] [r=1 c=2 rs=1 cs=1]
                LayoutText {#text} at (6,6) size 90x172
                  text run at (6,6) width 139: "Since it has collapsed"
                  text run at (24,6) width 172: "borders, the borders on the"
                  text run at (42,6) width 84: "header cells, "
                  text run at (42,89) width 76: "on all sides,"
                  text run at (60,6) width 154: "should be medium solid"
                  text run at (78,6) width 45: "purple."
            LayoutTableRow {TR} at (133,0) size 102x549
              LayoutTableCell {TD} at (133,0) size 102x183 [border: (2px solid #008000)] [r=2 c=0 rs=1 cs=1]
                LayoutText {#text} at (5,7) size 90x157
                  text run at (5,7) width 147: "The border of the table"
                  text run at (23,7) width 155: "itself should be medium"
                  text run at (41,7) width 117: "solid blue, except "
                  text run at (41,123) width 40: "where"
                  text run at (59,7) width 157: "header cells override the"
                  text run at (77,7) width 45: "border."
              LayoutTableCell {TD} at (133,183) size 102x174 [border: (1px solid #008000)] [r=2 c=1 rs=1 cs=1]
                LayoutText {#text} at (5,6) size 90x154
                  text run at (5,6) width 115: "The borders that I"
                  text run at (23,6) width 97: "haven't already"
                  text run at (41,6) width 154: "mentioned (all the other"
                  text run at (59,6) width 53: "internal "
                  text run at (59,58) width 101: "ones) should be"
                  text run at (77,6) width 104: "thin solid green."
              LayoutTableCell {TD} at (133,357) size 102x192 [border: (1px solid #008000)] [r=2 c=2 rs=1 cs=1]
                LayoutText {#text} at (5,6) size 72x156
                  text run at (5,6) width 156: "This table should have a"
                  text run at (23,6) width 145: "1em margin around all"
                  text run at (41,6) width 45: "edges. "
                  text run at (41,50) width 82: "This margin "
                  text run at (41,131) width 11: "is"
                  text run at (59,6) width 124: "measured from the "
                LayoutInline {EM} at (0,0) size 18x45
                  LayoutText {#text} at (59,129) size 18x45
                    text run at (59,129) width 44: "middle"
                LayoutText {#text} at (77,6) size 18x82
                  text run at (77,6) width 82: "of its border."
        LayoutTable {TABLE} at (270,16) size 290x552 [border: (3px solid #0000FF)]
          LayoutTableSection {TBODY} at (3,3) size 284x546
            LayoutTableRow {TR} at (16,0) size 34x546
              LayoutTableCell {TH} at (16,16) size 34x118 [border: (3px solid #800080)] [r=0 c=0 rs=1 cs=1]
                LayoutText {#text} at (8,17) size 18x84
                  text run at (8,17) width 84: "Header One"
              LayoutTableCell {TH} at (16,150) size 34x139 [border: (3px solid #800080)] [r=0 c=1 rs=1 cs=1]
                LayoutText {#text} at (8,27) size 18x85
                  text run at (8,27) width 84: "Header Two"
              LayoutTableCell {TH} at (16,305) size 34x225 [border: (3px solid #800080)] [r=0 c=2 rs=1 cs=1]
                LayoutText {#text} at (8,64) size 18x97
                  text run at (8,64) width 96: "Header Three"
            LayoutTableRow {TR} at (66,0) size 84x546
              LayoutTableCell {TD} at (66,25) size 84x100 [border: (1px solid #008000)] [r=1 c=0 rs=1 cs=1]
                LayoutText {#text} at (15,-3) size 54x96
                  text run at (15,-3) width 96: "This table uses"
                  text run at (33,-3) width 84: "the separated"
                  text run at (51,-3) width 96: "borders model."
              LayoutTableCell {TD} at (66,150) size 84x139 [border: (1px solid #008000)] [r=1 c=1 rs=1 cs=1]
                LayoutText {#text} at (6,6) size 72x126
                  text run at (6,6) width 102: "This means that"
                  text run at (24,6) width 126: "elements within the"
                  text run at (42,6) width 109: "cell have border-"
                  text run at (60,6) width 102: "spacing of 1em."
              LayoutTableCell {TD} at (66,314) size 84x207 [border: (1px solid #008000)] [r=1 c=2 rs=1 cs=1]
                LayoutText {#text} at (15,-3) size 54x205
                  text run at (15,-3) width 205: "The borders on the header cells,"
                  text run at (33,-3) width 199: "on all sides, should be medium"
                  text run at (51,-3) width 80: "solid purple."
            LayoutTableRow {TR} at (166,0) size 102x546
              LayoutTableCell {TD} at (166,16) size 102x118 [border: (1px solid #008000)] [r=2 c=0 rs=1 cs=1]
                LayoutText {#text} at (6,6) size 90x91
                  text run at (6,6) width 88: "The border of"
                  text run at (24,6) width 91: "the table itself"
                  text run at (42,6) width 62: "should be"
                  text run at (60,6) width 88: "medium solid"
                  text run at (78,6) width 32: "blue."
              LayoutTableCell {TD} at (166,168) size 102x103 [border: (1px solid #008000)] [r=2 c=1 rs=1 cs=1]
                LayoutText {#text} at (24,-12) size 54x123
                  text run at (24,-12) width 95: "The borders of"
                  text run at (42,-12) width 113: "other cells should"
                  text run at (60,-12) width 123: "be thin solid green."
              LayoutTableCell {TD} at (166,314) size 102x207 [border: (1px solid #008000)] [r=2 c=2 rs=1 cs=1]
                LayoutText {#text} at (15,-3) size 54x191
                  text run at (15,-3) width 188: "This table should have a 1em"
                  text run at (33,-3) width 162: "margin around all edges. "
                  text run at (33,158) width 29: "This"
                  text run at (51,-3) width 50: "margin "
                  text run at (51,46) width 135: "is measured from the"
                LayoutInline {EM} at (0,0) size 18x68
                  LayoutText {#text} at (69,-3) size 18x68
                    text run at (69,-3) width 68: "outer edge"
                LayoutText {#text} at (69,64) size 18x87
                  text run at (69,64) width 86: " of its border."
        LayoutTable {TABLE} at (576,16) size 348x552 [border: (3px solid #0000FF)]
          LayoutTableSection {TBODY} at (3,3) size 342x546
            LayoutTableRow {TR} at (8,0) size 34x546
              LayoutTableCell {TH} at (8,0) size 34x141 [border: (3px solid #800080)] [r=0 c=0 rs=1 cs=1]
                LayoutText {#text} at (8,28) size 18x85
                  text run at (8,28) width 84: "Header One"
              LayoutTableCell {TH} at (8,141) size 34x199 [border: (3px solid #800080)] [r=0 c=1 rs=1 cs=1]
                LayoutText {#text} at (8,57) size 18x85
                  text run at (8,57) width 84: "Header Two"
              LayoutTableCell {TH} at (8,340) size 34x206 [border: (3px solid #800080)] [r=0 c=2 rs=1 cs=1]
                LayoutText {#text} at (8,55) size 18x96
                  text run at (8,55) width 96: "Header Three"
            LayoutTableRow {TR} at (50,0) size 138x546
              LayoutTableCell {TD} at (50,36) size 138x69 [border: (1px solid #008000)] [r=1 c=0 rs=1 cs=1]
                LayoutText {#text} at (42,-30) size 54x119
                  text run at (42,-30) width 119: "This table uses the"
                  text run at (60,-30) width 113: "separated borders"
                  text run at (78,-30) width 44: "model."
              LayoutTableCell {TD} at (50,141) size 138x199 [border: (1px solid #008000)] [r=1 c=1 rs=1 cs=1]
                LayoutText {#text} at (6,6) size 126x184
                  text run at (6,6) width 156: "Elements within the cell"
                  text run at (24,6) width 150: "have horizontal border-"
                  text run at (42,6) width 140: "spacing (i.e., width of"
                  text run at (60,6) width 144: "vertical lines) of 0 and"
                  text run at (78,6) width 52: "vertical "
                  text run at (78,57) width 129: "border-spacing (i.e.,"
                  text run at (96,6) width 184: "height of horizontal lines) of"
                  text run at (114,6) width 44: "0.5em."
              LayoutTableCell {TD} at (50,376) size 138x134 [border: (1px solid #008000)] [r=1 c=2 rs=1 cs=1]
                LayoutText {#text} at (42,-30) size 54x180
                  text run at (42,-30) width 168: "The borders on the header"
                  text run at (60,-30) width 38: "cells, "
                  text run at (60,7) width 142: "on all sides, should be"
                  text run at (78,-30) width 137: "medium solid purple."
            LayoutTableRow {TR} at (196,0) size 138x546
              LayoutTableCell {TD} at (196,0) size 138x141 [border: (1px solid #008000)] [r=2 c=0 rs=1 cs=1]
                LayoutText {#text} at (6,6) size 126x126
                  text run at (6,6) width 112: "The border of the"
                  text run at (24,6) width 114: "table itself should"
                  text run at (42,6) width 107: "be medium solid"
                  text run at (60,6) width 36: "blue. "
                  text run at (60,41) width 77: "The borders"
                  text run at (78,6) width 84: "of other cells"
                  text run at (96,6) width 126: "should be thin solid"
                  text run at (114,6) width 40: "green."
              LayoutTableCell {TD} at (196,159) size 138x163 [border: (1px solid #008000)] [r=2 c=1 rs=1 cs=1]
                LayoutText {#text} at (24,-12) size 72x156
                  text run at (24,-12) width 156: "This table should have a"
                  text run at (42,-12) width 145: "1em margin around all"
                  text run at (60,-12) width 45: "edges. "
                  text run at (60,32) width 82: "This margin "
                  text run at (60,113) width 11: "is"
                  text run at (78,-12) width 124: "measured from the "
                LayoutInline {EM} at (0,0) size 36x158
                  LayoutText {#text} at (78,111) size 36x158
                    text run at (78,111) width 34: "outer"
                    text run at (96,-12) width 31: "edge"
                LayoutText {#text} at (96,18) size 18x86
                  text run at (96,18) width 86: " of its border."
              LayoutTableCell {TD} at (196,349) size 138x188 [border: (1px solid #008000)] [r=2 c=2 rs=1 cs=1]
                LayoutText {#text} at (15,-3) size 108x192
                  text run at (15,-3) width 191: "The table should not be wider"
                  text run at (33,-3) width 187: "than the room available for it"
                  text run at (51,-3) width 44: "unless "
                  text run at (51,41) width 111: "that space is very"
                  text run at (69,-3) width 43: "small. "
                  text run at (69,39) width 150: "Because of its margins,"
                  text run at (87,-3) width 105: "the width of the "
                  text run at (87,101) width 78: "table should"
                  text run at (105,-3) width 120: "be less than 100%."
        LayoutTable {TABLE} at (940,16) size 280x552 [border: (3px solid #0000FF)]
          LayoutTableSection {TBODY} at (3,3) size 274x546
            LayoutTableRow {TR} at (0,0) size 34x546
              LayoutTableCell {TH} at (0,8) size 34x148 [border: (3px solid #800080)] [r=0 c=0 rs=1 cs=1]
                LayoutText {#text} at (8,32) size 18x84
                  text run at (8,32) width 84: "Header One"
              LayoutTableCell {TH} at (0,164) size 34x150 [border: (3px solid #800080)] [r=0 c=1 rs=1 cs=1]
                LayoutText {#text} at (8,33) size 18x84
                  text run at (8,33) width 84: "Header Two"
              LayoutTableCell {TH} at (0,322) size 34x216 [border: (3px solid #800080)] [r=0 c=2 rs=1 cs=1]
                LayoutText {#text} at (8,60) size 18x96
                  text run at (8,60) width 96: "Header Three"
            LayoutTableRow {TR} at (34,0) size 102x546
              LayoutTableCell {TD} at (34,26) size 102x112 [border: (1px solid #008000)] [r=1 c=0 rs=1 cs=1]
                LayoutText {#text} at (24,-12) size 54x119
                  text run at (24,-12) width 119: "This table uses the"
                  text run at (42,-12) width 113: "separated borders"
                  text run at (60,-12) width 44: "model."
              LayoutTableCell {TD} at (34,164) size 102x150 [border: (1px solid #008000)] [r=1 c=1 rs=1 cs=1]
                LayoutText {#text} at (6,6) size 90x129
                  text run at (6,6) width 128: "Elements within the"
                  text run at (24,6) width 127: "cell have horizontal"
                  text run at (42,6) width 113: "border-spacing of"
                  text run at (60,6) width 119: "0.5em and vertical"
                  text run at (78,6) width 129: "border-spacing of 0."
              LayoutTableCell {TD} at (34,340) size 102x180 [border: (1px solid #008000)] [r=1 c=2 rs=1 cs=1]
                LayoutText {#text} at (24,-12) size 54x180
                  text run at (24,-12) width 168: "The borders on the header"
                  text run at (42,-12) width 38: "cells, "
                  text run at (42,25) width 142: "on all sides, should be"
                  text run at (60,-12) width 137: "medium solid purple."
            LayoutTableRow {TR} at (136,0) size 138x546
              LayoutTableCell {TD} at (136,17) size 138x130 [border: (1px solid #008000)] [r=2 c=0 rs=1 cs=1]
                LayoutText {#text} at (15,-3) size 108x133
                  text run at (15,-3) width 112: "The border of the"
                  text run at (33,-3) width 133: "table itself should be"
                  text run at (51,-3) width 124: "medium solid blue."
                  text run at (69,-3) width 132: "The borders of other"
                  text run at (87,-3) width 124: "cells should be thin"
                  text run at (105,-3) width 75: "solid green."
              LayoutTableCell {TD} at (136,164) size 138x150 [border: (1px solid #008000)] [r=2 c=1 rs=1 cs=1]
                LayoutText {#text} at (6,6) size 90x122
                  text run at (6,6) width 111: "This table should"
                  text run at (24,6) width 122: "have a 1em margin"
                  text run at (42,6) width 109: "around all edges."
                  text run at (60,6) width 82: "This margin "
                  text run at (60,87) width 11: "is"
                  text run at (78,6) width 120: "measured from the"
                LayoutInline {EM} at (0,0) size 18x68
                  LayoutText {#text} at (96,6) size 18x68
                    text run at (96,6) width 68: "outer edge"
                LayoutText {#text} at (96,73) size 36x105
                  text run at (96,73) width 37: " of its"
                  text run at (114,6) width 45: "border."
              LayoutTableCell {TD} at (136,331) size 138x198 [border: (1px solid #008000)] [r=2 c=2 rs=1 cs=1]
                LayoutText {#text} at (15,-3) size 108x198
                  text run at (15,-3) width 191: "The table should not be wider"
                  text run at (33,-3) width 187: "than the room available for it"
                  text run at (51,-3) width 44: "unless "
                  text run at (51,41) width 154: "that space is very small."
                  text run at (69,-3) width 173: "Because of its margins, the"
                  text run at (87,-3) width 82: "width of the "
                  text run at (87,78) width 97: "table should be"
                  text run at (105,-3) width 101: "less than 100%."
        LayoutTable {TABLE} at (1236,16) size 272x552
          LayoutBlockFlow {CAPTION} at (0,0) size 18x552
            LayoutText {#text} at (0,215) size 18x122
              text run at (0,215) width 122: "This is the caption."
          LayoutTableCol {COLGROUP} at (0,0) size 0x0 [border: (3px solid #FF0000)]
            LayoutTableCol {COL} at (0,0) size 0x0 [border: (3px solid #FF0000)]
          LayoutTableCol {COLGROUP} at (0,0) size 0x0 [border: (3px solid #FF0000)]
            LayoutTableCol {COL} at (0,0) size 0x0 [border: (3px solid #FF0000)]
            LayoutTableCol {COL} at (0,0) size 0x0 [border: (3px solid #FF0000)]
          LayoutTableSection {THEAD} at (18,0) size 50x552 [border: (3px solid #FF0000)]
            LayoutTableRow {TR} at (2,0) size 46x552 [border: (3px solid #FF0000)]
              LayoutTableCell {TH} at (2,2) size 46x90 [r=0 c=0 rs=1 cs=1]
                LayoutText {#text} at (5,19) size 36x52
                  text run at (5,19) width 51: "Header"
                  text run at (23,30) width 29: "One"
              LayoutTableCell {TH} at (2,103) size 46x221 [r=0 c=1 rs=1 cs=1]
                LayoutText {#text} at (14,68) size 18x85
                  text run at (14,68) width 84: "Header Two"
              LayoutTableCell {TH} at (2,344) size 46x197 [r=0 c=2 rs=1 cs=1]
                LayoutText {#text} at (14,50) size 18x97
                  text run at (14,50) width 96: "Header Three"
          LayoutTableSection {TBODY} at (68,0) size 204x552 [border: (3px solid #FF0000)]
            LayoutTableRow {TR} at (0,0) size 100x552 [border: (3px solid #FF0000)]
              LayoutTableCell {TD} at (0,2) size 100x90 [r=0 c=0 rs=1 cs=1]
                LayoutText {#text} at (5,5) size 90x64
                  text run at (5,5) width 64: "This table"
                  text run at (23,5) width 52: "uses the"
                  text run at (41,5) width 61: "separated"
                  text run at (59,5) width 48: "borders"
                  text run at (77,5) width 44: "model."
              LayoutTableCell {TD} at (0,112) size 100x203 [r=0 c=1 rs=1 cs=1]
                LayoutText {#text} at (23,-13) size 54x217
                  text run at (23,-13) width 177: "This means that borders are"
                  text run at (41,-13) width 217: "allowed only on table elements or"
                  text run at (59,-13) width 36: "table "
                  text run at (59,22) width 88: "cell elements."
              LayoutTableCell {TD} at (0,344) size 100x197 [r=0 c=2 rs=1 cs=1]
                LayoutText {#text} at (14,-4) size 72x187
                  text run at (14,-4) width 156: "They are not allowed on"
                  text run at (32,-4) width 187: "elements that represent rows,"
                  text run at (50,-4) width 158: "row-groups, columns, or"
                  text run at (68,-4) width 101: "column-groups."
            LayoutTableRow {TR} at (102,0) size 100x552 [border: (3px solid #FF0000)]
              LayoutTableCell {TD} at (102,2) size 100x90 [r=1 c=0 rs=1 cs=1]
                LayoutText {#text} at (5,5) size 90x79
                  text run at (5,5) width 38: "There"
                  text run at (23,5) width 62: "should be"
                  text run at (41,5) width 68: "no borders"
                  text run at (59,5) width 79: "at all on this"
                  text run at (77,5) width 37: "table!"
              LayoutTableCell {TD} at (102,103) size 100x221 [r=1 c=1 rs=1 cs=1]
                LayoutText {#text} at (14,-4) size 72x224
                  text run at (14,-4) width 224: "If there are any borders shown that"
                  text run at (32,-4) width 200: "are not medium solid red, then "
                  text run at (32,195) width 20: "the"
                  text run at (50,-4) width 208: "problem is something other than"
                  text run at (68,-4) width 150: "what this test is testing."
              LayoutTableCell {TD} at (102,344) size 100x197 [r=1 c=2 rs=1 cs=1]
                LayoutText {#text} at (14,-4) size 54x191
                  text run at (14,-4) width 188: "This table should have a 1em"
                  text run at (32,-4) width 162: "margin around all edges. "
                  text run at (32,157) width 29: "This"
                  text run at (50,-4) width 50: "margin "
                  text run at (50,45) width 135: "is measured from the"
                LayoutInline {EM} at (0,0) size 18x68
                  LayoutText {#text} at (68,-4) size 18x68
                    text run at (68,-4) width 68: "outer edge"
                LayoutText {#text} at (68,63) size 18x87
                  text run at (68,63) width 86: " of its border."
