layer at (0,0) size 800x600
  LayoutView at (0,0) size 800x600
layer at (0,0) size 800x600
  LayoutBlockFlow {HTML} at (0,0) size 800x600
    LayoutBlockFlow {BODY} at (8,8) size 784x584
      LayoutBlockFlow {P} at (0,0) size 784x18
        LayoutText {#text} at (0,0) size 54x18
          text run at (0,0) width 54: "Test for "
        LayoutInline {I} at (0,0) size 687x18
          LayoutInline {A} at (0,0) size 353x18 [color=#0000EE]
            LayoutText {#text} at (53,0) size 353x18
              text run at (53,0) width 353: "http://bugzilla.opendarwin.org/show_bug.cgi?id=8848"
          LayoutText {#text} at (405,0) size 335x18
            text run at (405,0) width 5: " "
            text run at (409,0) width 331: "TFOOT borders are copied to THEAD and TBODY"
        LayoutText {#text} at (739,0) size 5x18
          text run at (739,0) width 5: "."
      LayoutBlockFlow {HR} at (0,34) size 784x2 [border: (1px inset #EEEEEE)]
      LayoutTable {TABLE} at (0,44) size 446x211
        LayoutTableSection {TBODY} at (0,0) size 446x211
          LayoutTableRow {TR} at (0,2) size 446x207
            LayoutTableCell {TD} at (2,2) size 108x207 [r=0 c=0 rs=1 cs=1]
              LayoutTable {TABLE} at (11,11) size 86x55 [border: none]
                LayoutTableSection {THEAD} at (0,0) size 21x54
                  LayoutTableRow {TR} at (0,0) size 21x54
                    LayoutTableCell {TH} at (0,0) size 21x54 [border: (1px solid #D3D3D3)] [r=0 c=0 rs=1 cs=1]
                      LayoutText {#text} at (1,2) size 18x51
                        text run at (1,2) width 51: "Header"
                LayoutTableSection {TBODY} at (21,0) size 21x54
                  LayoutTableRow {TR} at (0,0) size 21x54
                    LayoutTableCell {TD} at (0,0) size 21x54 [border: (1px solid #D3D3D3)] [r=0 c=0 rs=1 cs=1]
                      LayoutText {#text} at (1,2) size 18x47
                        text run at (1,2) width 47: "Body 1"
                LayoutTableSection {TBODY} at (42,0) size 21x54
                  LayoutTableRow {TR} at (0,0) size 21x54
                    LayoutTableCell {TD} at (0,0) size 21x54 [border: (1px solid #D3D3D3)] [r=0 c=0 rs=1 cs=1]
                      LayoutText {#text} at (1,2) size 18x47
                        text run at (1,2) width 47: "Body 2"
                LayoutTableSection {TFOOT} at (63,0) size 22x54 [border: none (2px solid #0000FF) none (2px solid #008000)]
                  LayoutTableRow {TR} at (0,0) size 22x54
                    LayoutTableCell {TD} at (0,0) size 22x54 [border: (1px solid #D3D3D3)] [r=0 c=0 rs=1 cs=1]
                      LayoutText {#text} at (2,2) size 18x42
                        text run at (2,2) width 42: "Footer"
              LayoutTable {TABLE} at (11,76) size 86x55 [border: none]
                LayoutTableSection {TBODY} at (21,0) size 21x54
                  LayoutTableRow {TR} at (0,0) size 21x54
                    LayoutTableCell {TD} at (0,0) size 21x54 [border: (1px solid #D3D3D3)] [r=0 c=0 rs=1 cs=1]
                      LayoutText {#text} at (1,2) size 18x47
                        text run at (1,2) width 47: "Body 1"
                LayoutTableSection {THEAD} at (0,0) size 21x54
                  LayoutTableRow {TR} at (0,0) size 21x54
                    LayoutTableCell {TH} at (0,0) size 21x54 [border: (1px solid #D3D3D3)] [r=0 c=0 rs=1 cs=1]
                      LayoutText {#text} at (1,2) size 18x51
                        text run at (1,2) width 51: "Header"
                LayoutTableSection {TBODY} at (42,0) size 21x54
                  LayoutTableRow {TR} at (0,0) size 21x54
                    LayoutTableCell {TD} at (0,0) size 21x54 [border: (1px solid #D3D3D3)] [r=0 c=0 rs=1 cs=1]
                      LayoutText {#text} at (1,2) size 18x47
                        text run at (1,2) width 47: "Body 2"
                LayoutTableSection {TFOOT} at (63,0) size 22x54 [border: none (2px solid #0000FF) none (2px solid #008000)]
                  LayoutTableRow {TR} at (0,0) size 22x54
                    LayoutTableCell {TD} at (0,0) size 22x54 [border: (1px solid #D3D3D3)] [r=0 c=0 rs=1 cs=1]
                      LayoutText {#text} at (2,2) size 18x42
                        text run at (2,2) width 42: "Footer"
              LayoutTable {TABLE} at (11,141) size 86x55 [border: none]
                LayoutTableSection {TBODY} at (21,0) size 21x54
                  LayoutTableRow {TR} at (0,0) size 21x54
                    LayoutTableCell {TD} at (0,0) size 21x54 [border: (1px solid #D3D3D3)] [r=0 c=0 rs=1 cs=1]
                      LayoutText {#text} at (1,2) size 18x47
                        text run at (1,2) width 47: "Body 1"
                LayoutTableSection {THEAD} at (0,0) size 21x54
                  LayoutTableRow {TR} at (0,0) size 21x54
                    LayoutTableCell {TH} at (0,0) size 21x54 [border: (1px solid #D3D3D3)] [r=0 c=0 rs=1 cs=1]
                      LayoutText {#text} at (1,2) size 18x51
                        text run at (1,2) width 51: "Header"
                LayoutTableSection {TFOOT} at (63,0) size 22x54 [border: none (2px solid #0000FF) none (2px solid #008000)]
                  LayoutTableRow {TR} at (0,0) size 22x54
                    LayoutTableCell {TD} at (0,0) size 22x54 [border: (1px solid #D3D3D3)] [r=0 c=0 rs=1 cs=1]
                      LayoutText {#text} at (2,2) size 18x42
                        text run at (2,2) width 42: "Footer"
                LayoutTableSection {TBODY} at (42,0) size 21x54
                  LayoutTableRow {TR} at (0,0) size 21x54
                    LayoutTableCell {TD} at (0,0) size 21x54 [border: (1px solid #D3D3D3)] [r=0 c=0 rs=1 cs=1]
                      LayoutText {#text} at (1,2) size 18x47
                        text run at (1,2) width 47: "Body 2"
            LayoutTableCell {TD} at (112,2) size 108x207 [r=0 c=1 rs=1 cs=1]
              LayoutTable {TABLE} at (11,11) size 86x55 [border: none]
                LayoutTableSection {TBODY} at (21,0) size 21x54
                  LayoutTableRow {TR} at (0,0) size 21x54
                    LayoutTableCell {TD} at (0,0) size 21x54 [border: (1px solid #D3D3D3)] [r=0 c=0 rs=1 cs=1]
                      LayoutText {#text} at (1,2) size 18x47
                        text run at (1,2) width 47: "Body 1"
                LayoutTableSection {TFOOT} at (63,0) size 22x54 [border: none (2px solid #0000FF) none (2px solid #008000)]
                  LayoutTableRow {TR} at (0,0) size 22x54
                    LayoutTableCell {TD} at (0,0) size 22x54 [border: (1px solid #D3D3D3)] [r=0 c=0 rs=1 cs=1]
                      LayoutText {#text} at (2,2) size 18x42
                        text run at (2,2) width 42: "Footer"
                LayoutTableSection {THEAD} at (0,0) size 21x54
                  LayoutTableRow {TR} at (0,0) size 21x54
                    LayoutTableCell {TH} at (0,0) size 21x54 [border: (1px solid #D3D3D3)] [r=0 c=0 rs=1 cs=1]
                      LayoutText {#text} at (1,2) size 18x51
                        text run at (1,2) width 51: "Header"
                LayoutTableSection {TBODY} at (42,0) size 21x54
                  LayoutTableRow {TR} at (0,0) size 21x54
                    LayoutTableCell {TD} at (0,0) size 21x54 [border: (1px solid #D3D3D3)] [r=0 c=0 rs=1 cs=1]
                      LayoutText {#text} at (1,2) size 18x47
                        text run at (1,2) width 47: "Body 2"
              LayoutTable {TABLE} at (11,76) size 86x55 [border: none]
                LayoutTableSection {TFOOT} at (63,0) size 22x54 [border: none (2px solid #0000FF) none (2px solid #008000)]
                  LayoutTableRow {TR} at (0,0) size 22x54
                    LayoutTableCell {TD} at (0,0) size 22x54 [border: (1px solid #D3D3D3)] [r=0 c=0 rs=1 cs=1]
                      LayoutText {#text} at (2,2) size 18x42
                        text run at (2,2) width 42: "Footer"
                LayoutTableSection {TBODY} at (21,0) size 21x54
                  LayoutTableRow {TR} at (0,0) size 21x54
                    LayoutTableCell {TD} at (0,0) size 21x54 [border: (1px solid #D3D3D3)] [r=0 c=0 rs=1 cs=1]
                      LayoutText {#text} at (1,2) size 18x47
                        text run at (1,2) width 47: "Body 1"
                LayoutTableSection {THEAD} at (0,0) size 21x54
                  LayoutTableRow {TR} at (0,0) size 21x54
                    LayoutTableCell {TH} at (0,0) size 21x54 [border: (1px solid #D3D3D3)] [r=0 c=0 rs=1 cs=1]
                      LayoutText {#text} at (1,2) size 18x51
                        text run at (1,2) width 51: "Header"
                LayoutTableSection {TBODY} at (42,0) size 21x54
                  LayoutTableRow {TR} at (0,0) size 21x54
                    LayoutTableCell {TD} at (0,0) size 21x54 [border: (1px solid #D3D3D3)] [r=0 c=0 rs=1 cs=1]
                      LayoutText {#text} at (1,2) size 18x47
                        text run at (1,2) width 47: "Body 2"
              LayoutTable {TABLE} at (11,141) size 86x55 [border: none]
                LayoutTableSection {TBODY} at (21,0) size 21x54
                  LayoutTableRow {TR} at (0,0) size 21x54
                    LayoutTableCell {TD} at (0,0) size 21x54 [border: (1px solid #D3D3D3)] [r=0 c=0 rs=1 cs=1]
                      LayoutText {#text} at (1,2) size 18x47
                        text run at (1,2) width 47: "Body 1"
                LayoutTableSection {TBODY} at (42,0) size 21x54
                  LayoutTableRow {TR} at (0,0) size 21x54
                    LayoutTableCell {TD} at (0,0) size 21x54 [border: (1px solid #D3D3D3)] [r=0 c=0 rs=1 cs=1]
                      LayoutText {#text} at (1,2) size 18x47
                        text run at (1,2) width 47: "Body 2"
                LayoutTableSection {TFOOT} at (63,0) size 22x54 [border: none (2px solid #0000FF) none (2px solid #008000)]
                  LayoutTableRow {TR} at (0,0) size 22x54
                    LayoutTableCell {TD} at (0,0) size 22x54 [border: (1px solid #D3D3D3)] [r=0 c=0 rs=1 cs=1]
                      LayoutText {#text} at (2,2) size 18x42
                        text run at (2,2) width 42: "Footer"
                LayoutTableSection {THEAD} at (0,0) size 21x54
                  LayoutTableRow {TR} at (0,0) size 21x54
                    LayoutTableCell {TH} at (0,0) size 21x54 [border: (1px solid #D3D3D3)] [r=0 c=0 rs=1 cs=1]
                      LayoutText {#text} at (1,2) size 18x51
                        text run at (1,2) width 51: "Header"
            LayoutTableCell {TD} at (222,2) size 110x207 [r=0 c=2 rs=1 cs=1]
              LayoutTable {TABLE} at (11,11) size 88x55 [border: none]
                LayoutTableSection {THEAD} at (1,0) size 22x54 [border: none (2px solid #0000FF) none (2px solid #008000)]
                  LayoutTableRow {TR} at (0,0) size 22x54
                    LayoutTableCell {TH} at (0,0) size 22x54 [border: (1px solid #D3D3D3)] [r=0 c=0 rs=1 cs=1]
                      LayoutText {#text} at (2,2) size 18x51
                        text run at (2,2) width 51: "Header"
                LayoutTableSection {TBODY} at (23,0) size 22x54
                  LayoutTableRow {TR} at (0,0) size 22x54
                    LayoutTableCell {TD} at (0,0) size 22x54 [border: (1px solid #D3D3D3)] [r=0 c=0 rs=1 cs=1]
                      LayoutText {#text} at (2,2) size 18x47
                        text run at (2,2) width 47: "Body 1"
                LayoutTableSection {TBODY} at (45,0) size 21x54
                  LayoutTableRow {TR} at (0,0) size 21x54
                    LayoutTableCell {TD} at (0,0) size 21x54 [border: (1px solid #D3D3D3)] [r=0 c=0 rs=1 cs=1]
                      LayoutText {#text} at (1,2) size 18x47
                        text run at (1,2) width 47: "Body 2"
                LayoutTableSection {TFOOT} at (66,0) size 21x54
                  LayoutTableRow {TR} at (0,0) size 21x54
                    LayoutTableCell {TD} at (0,0) size 21x54 [border: (1px solid #D3D3D3)] [r=0 c=0 rs=1 cs=1]
                      LayoutText {#text} at (1,2) size 18x42
                        text run at (1,2) width 42: "Footer"
              LayoutTable {TABLE} at (11,76) size 88x55 [border: none]
                LayoutTableSection {TBODY} at (23,0) size 22x54
                  LayoutTableRow {TR} at (0,0) size 22x54
                    LayoutTableCell {TD} at (0,0) size 22x54 [border: (1px solid #D3D3D3)] [r=0 c=0 rs=1 cs=1]
                      LayoutText {#text} at (2,2) size 18x47
                        text run at (2,2) width 47: "Body 1"
                LayoutTableSection {THEAD} at (1,0) size 22x54 [border: none (2px solid #0000FF) none (2px solid #008000)]
                  LayoutTableRow {TR} at (0,0) size 22x54
                    LayoutTableCell {TH} at (0,0) size 22x54 [border: (1px solid #D3D3D3)] [r=0 c=0 rs=1 cs=1]
                      LayoutText {#text} at (2,2) size 18x51
                        text run at (2,2) width 51: "Header"
                LayoutTableSection {TBODY} at (45,0) size 21x54
                  LayoutTableRow {TR} at (0,0) size 21x54
                    LayoutTableCell {TD} at (0,0) size 21x54 [border: (1px solid #D3D3D3)] [r=0 c=0 rs=1 cs=1]
                      LayoutText {#text} at (1,2) size 18x47
                        text run at (1,2) width 47: "Body 2"
                LayoutTableSection {TFOOT} at (66,0) size 21x54
                  LayoutTableRow {TR} at (0,0) size 21x54
                    LayoutTableCell {TD} at (0,0) size 21x54 [border: (1px solid #D3D3D3)] [r=0 c=0 rs=1 cs=1]
                      LayoutText {#text} at (1,2) size 18x42
                        text run at (1,2) width 42: "Footer"
              LayoutTable {TABLE} at (11,141) size 88x55 [border: none]
                LayoutTableSection {TBODY} at (23,0) size 22x54
                  LayoutTableRow {TR} at (0,0) size 22x54
                    LayoutTableCell {TD} at (0,0) size 22x54 [border: (1px solid #D3D3D3)] [r=0 c=0 rs=1 cs=1]
                      LayoutText {#text} at (2,2) size 18x47
                        text run at (2,2) width 47: "Body 1"
                LayoutTableSection {THEAD} at (1,0) size 22x54 [border: none (2px solid #0000FF) none (2px solid #008000)]
                  LayoutTableRow {TR} at (0,0) size 22x54
                    LayoutTableCell {TH} at (0,0) size 22x54 [border: (1px solid #D3D3D3)] [r=0 c=0 rs=1 cs=1]
                      LayoutText {#text} at (2,2) size 18x51
                        text run at (2,2) width 51: "Header"
                LayoutTableSection {TFOOT} at (66,0) size 21x54
                  LayoutTableRow {TR} at (0,0) size 21x54
                    LayoutTableCell {TD} at (0,0) size 21x54 [border: (1px solid #D3D3D3)] [r=0 c=0 rs=1 cs=1]
                      LayoutText {#text} at (1,2) size 18x42
                        text run at (1,2) width 42: "Footer"
                LayoutTableSection {TBODY} at (45,0) size 21x54
                  LayoutTableRow {TR} at (0,0) size 21x54
                    LayoutTableCell {TD} at (0,0) size 21x54 [border: (1px solid #D3D3D3)] [r=0 c=0 rs=1 cs=1]
                      LayoutText {#text} at (1,2) size 18x47
                        text run at (1,2) width 47: "Body 2"
            LayoutTableCell {TD} at (334,2) size 110x207 [r=0 c=3 rs=1 cs=1]
              LayoutTable {TABLE} at (11,11) size 88x55 [border: none]
                LayoutTableSection {TBODY} at (23,0) size 22x54
                  LayoutTableRow {TR} at (0,0) size 22x54
                    LayoutTableCell {TD} at (0,0) size 22x54 [border: (1px solid #D3D3D3)] [r=0 c=0 rs=1 cs=1]
                      LayoutText {#text} at (2,2) size 18x47
                        text run at (2,2) width 47: "Body 1"
                LayoutTableSection {TFOOT} at (66,0) size 21x54
                  LayoutTableRow {TR} at (0,0) size 21x54
                    LayoutTableCell {TD} at (0,0) size 21x54 [border: (1px solid #D3D3D3)] [r=0 c=0 rs=1 cs=1]
                      LayoutText {#text} at (1,2) size 18x42
                        text run at (1,2) width 42: "Footer"
                LayoutTableSection {THEAD} at (1,0) size 22x54 [border: none (2px solid #0000FF) none (2px solid #008000)]
                  LayoutTableRow {TR} at (0,0) size 22x54
                    LayoutTableCell {TH} at (0,0) size 22x54 [border: (1px solid #D3D3D3)] [r=0 c=0 rs=1 cs=1]
                      LayoutText {#text} at (2,2) size 18x51
                        text run at (2,2) width 51: "Header"
                LayoutTableSection {TBODY} at (45,0) size 21x54
                  LayoutTableRow {TR} at (0,0) size 21x54
                    LayoutTableCell {TD} at (0,0) size 21x54 [border: (1px solid #D3D3D3)] [r=0 c=0 rs=1 cs=1]
                      LayoutText {#text} at (1,2) size 18x47
                        text run at (1,2) width 47: "Body 2"
              LayoutTable {TABLE} at (11,76) size 88x55 [border: none]
                LayoutTableSection {TFOOT} at (66,0) size 21x54
                  LayoutTableRow {TR} at (0,0) size 21x54
                    LayoutTableCell {TD} at (0,0) size 21x54 [border: (1px solid #D3D3D3)] [r=0 c=0 rs=1 cs=1]
                      LayoutText {#text} at (1,2) size 18x42
                        text run at (1,2) width 42: "Footer"
                LayoutTableSection {TBODY} at (23,0) size 22x54
                  LayoutTableRow {TR} at (0,0) size 22x54
                    LayoutTableCell {TD} at (0,0) size 22x54 [border: (1px solid #D3D3D3)] [r=0 c=0 rs=1 cs=1]
                      LayoutText {#text} at (2,2) size 18x47
                        text run at (2,2) width 47: "Body 1"
                LayoutTableSection {THEAD} at (1,0) size 22x54 [border: none (2px solid #0000FF) none (2px solid #008000)]
                  LayoutTableRow {TR} at (0,0) size 22x54
                    LayoutTableCell {TH} at (0,0) size 22x54 [border: (1px solid #D3D3D3)] [r=0 c=0 rs=1 cs=1]
                      LayoutText {#text} at (2,2) size 18x51
                        text run at (2,2) width 51: "Header"
                LayoutTableSection {TBODY} at (45,0) size 21x54
                  LayoutTableRow {TR} at (0,0) size 21x54
                    LayoutTableCell {TD} at (0,0) size 21x54 [border: (1px solid #D3D3D3)] [r=0 c=0 rs=1 cs=1]
                      LayoutText {#text} at (1,2) size 18x47
                        text run at (1,2) width 47: "Body 2"
              LayoutTable {TABLE} at (11,141) size 88x55 [border: none]
                LayoutTableSection {TBODY} at (23,0) size 22x54
                  LayoutTableRow {TR} at (0,0) size 22x54
                    LayoutTableCell {TD} at (0,0) size 22x54 [border: (1px solid #D3D3D3)] [r=0 c=0 rs=1 cs=1]
                      LayoutText {#text} at (2,2) size 18x47
                        text run at (2,2) width 47: "Body 1"
                LayoutTableSection {TBODY} at (45,0) size 21x54
                  LayoutTableRow {TR} at (0,0) size 21x54
                    LayoutTableCell {TD} at (0,0) size 21x54 [border: (1px solid #D3D3D3)] [r=0 c=0 rs=1 cs=1]
                      LayoutText {#text} at (1,2) size 18x47
                        text run at (1,2) width 47: "Body 2"
                LayoutTableSection {TFOOT} at (66,0) size 21x54
                  LayoutTableRow {TR} at (0,0) size 21x54
                    LayoutTableCell {TD} at (0,0) size 21x54 [border: (1px solid #D3D3D3)] [r=0 c=0 rs=1 cs=1]
                      LayoutText {#text} at (1,2) size 18x42
                        text run at (1,2) width 42: "Footer"
                LayoutTableSection {THEAD} at (1,0) size 22x54 [border: none (2px solid #0000FF) none (2px solid #008000)]
                  LayoutTableRow {TR} at (0,0) size 22x54
                    LayoutTableCell {TH} at (0,0) size 22x54 [border: (1px solid #D3D3D3)] [r=0 c=0 rs=1 cs=1]
                      LayoutText {#text} at (2,2) size 18x51
                        text run at (2,2) width 51: "Header"
