layer at (0,0) size 800x600
  LayoutView at (0,0) size 800x600
layer at (0,0) size 800x600
  LayoutBlockFlow {HTML} at (0,0) size 800x600
    LayoutBlockFlow {BODY} at (8,8) size 784x584
      LayoutBlockFlow {P} at (0,0) size 784x36
        LayoutText {#text} at (0,0) size 218x18
          text run at (0,0) width 218: "This tests for a regression against "
        LayoutInline {I} at (0,0) size 763x36
          LayoutInline {A} at (0,0) size 354x18 [color=#0000EE]
            LayoutText {#text} at (217,0) size 354x18
              text run at (217,0) width 354: "http://bugzilla.opendarwin.org/show_bug.cgi?id=6888"
          LayoutText {#text} at (570,0) size 763x36
            text run at (570,0) width 193: " Collapsed borders appear on"
            text run at (0,18) width 318: "the wrong side or on the wrong cell in RTL tables"
        LayoutText {#text} at (317,18) size 5x18
          text run at (317,18) width 5: "."
      LayoutBlockFlow {P} at (0,52) size 784x18
        LayoutText {#text} at (0,0) size 371x18
          text run at (0,0) width 371: "The RTL table should be a mirror image of the LTR table."
      LayoutBlockFlow {HR} at (0,86) size 784x2 [border: (1px inset #EEEEEE)]
      LayoutTable {TABLE} at (0,96) size 133x74
        LayoutTableSection {TBODY} at (0,0) size 133x74
          LayoutTableRow {TR} at (0,0) size 133x26
            LayoutTableCell {TD} at (0,0) size 67x26 [border: none (1px solid #000000) none] [r=0 c=0 rs=1 cs=1]
              LayoutText {#text} at (18,4) size 30x18
                text run at (18,4) width 30: "RTL"
            LayoutTableCell {TD} at (67,0) size 66x26 [r=0 c=1 rs=1 cs=1]
              LayoutText {#text} at (18,4) size 30x18
                text run at (18,4) width 30: "LTR"
          LayoutTableRow {TR} at (0,26) size 133x48
            LayoutTableCell {TD} at (0,26) size 67x48 [border: none (1px solid #000000) none] [r=1 c=0 rs=1 cs=1]
              LayoutTable {TABLE} at (4,4) size 58x40 [border: none (1px solid #0000FF) none (1px solid #FF0000)]
                LayoutTableCol {COLGROUP} at (0,0) size 0x0
                  LayoutTableCol {COL} at (0,0) size 0x0
                  LayoutTableCol {COL} at (0,0) size 0x0
                  LayoutTableCol {COL} at (0,0) size 0x0 [bgcolor=#FFFF00] [border: none (2px dotted #008000) none (1px solid #000000)]
                  LayoutTableCol {COL} at (0,0) size 0x0 [bgcolor=#C0C0C0]
                LayoutTableSection {TBODY} at (1,0) size 56x40
                  LayoutTableRow {TR} at (0,0) size 56x20
                    LayoutTableCell {TD} at (44,0) size 12x20 [border: none] [r=0 c=0 rs=1 cs=1]
                      LayoutText {#text} at (2,1) size 8x18
                        text run at (2,1) width 8 RTL: "  "
                    LayoutTableCell {TD} at (33,0) size 11x20 [border: none] [r=0 c=1 rs=1 cs=1]
                      LayoutText {#text} at (2,1) size 8x18
                        text run at (2,1) width 8 RTL: "  "
                    LayoutTableCell {TD} at (11,0) size 22x20 [border: none] [r=0 c=2 rs=1 cs=2]
                      LayoutText {#text} at (12,1) size 8x18
                        text run at (12,1) width 8 RTL: "  "
                    LayoutTableCell {TD} at (0,0) size 11x20 [border: none] [r=0 c=4 rs=1 cs=1]
                      LayoutText {#text} at (2,1) size 8x18
                        text run at (2,1) width 8 RTL: "  "
                  LayoutTableRow {TR} at (0,20) size 56x20
                    LayoutTableCell {TD} at (44,20) size 12x20 [border: none (2px solid #800000) none] [r=1 c=0 rs=1 cs=1]
                      LayoutText {#text} at (1,1) size 8x18
                        text run at (1,1) width 8 RTL: "  "
                    LayoutTableCell {TD} at (33,20) size 11x20 [border: none] [r=1 c=1 rs=1 cs=1]
                      LayoutText {#text} at (2,1) size 8x18
                        text run at (2,1) width 8 RTL: "  "
                    LayoutTableCell {TD} at (21,20) size 12x20 [border: none] [r=1 c=2 rs=1 cs=1]
                      LayoutText {#text} at (2,1) size 8x18
                        text run at (2,1) width 8 RTL: "  "
                    LayoutTableCell {TD} at (11,20) size 10x20 [r=1 c=3 rs=1 cs=1]
                      LayoutText {#text} at (1,1) size 8x18
                        text run at (1,1) width 8 RTL: "  "
                    LayoutTableCell {TD} at (0,20) size 11x20 [border: none] [r=1 c=4 rs=1 cs=1]
                      LayoutText {#text} at (2,1) size 8x18
                        text run at (2,1) width 8 RTL: "  "
            LayoutTableCell {TD} at (67,26) size 66x48 [r=1 c=1 rs=1 cs=1]
              LayoutTable {TABLE} at (4,4) size 58x40 [border: none (1px solid #FF0000) none (1px solid #0000FF)]
                LayoutTableCol {COLGROUP} at (0,0) size 0x0
                  LayoutTableCol {COL} at (0,0) size 0x0
                  LayoutTableCol {COL} at (0,0) size 0x0
                  LayoutTableCol {COL} at (0,0) size 0x0 [bgcolor=#FFFF00] [border: none (1px solid #000000) none (2px dotted #008000)]
                  LayoutTableCol {COL} at (0,0) size 0x0 [bgcolor=#C0C0C0]
                LayoutTableSection {TBODY} at (1,0) size 56x40
                  LayoutTableRow {TR} at (0,0) size 56x20
                    LayoutTableCell {TD} at (0,0) size 12x20 [border: none] [r=0 c=0 rs=1 cs=1]
                      LayoutText {#text} at (2,1) size 8x18
                        text run at (2,1) width 8: "  "
                    LayoutTableCell {TD} at (12,0) size 11x20 [border: none] [r=0 c=1 rs=1 cs=1]
                      LayoutText {#text} at (1,1) size 8x18
                        text run at (1,1) width 8: "  "
                    LayoutTableCell {TD} at (23,0) size 22x20 [border: none] [r=0 c=2 rs=1 cs=2]
                      LayoutText {#text} at (2,1) size 8x18
                        text run at (2,1) width 8: "  "
                    LayoutTableCell {TD} at (45,0) size 11x20 [border: none] [r=0 c=4 rs=1 cs=1]
                      LayoutText {#text} at (1,1) size 8x18
                        text run at (1,1) width 8: "  "
                  LayoutTableRow {TR} at (0,20) size 56x20
                    LayoutTableCell {TD} at (0,20) size 12x20 [border: none (2px solid #800000)] [r=1 c=0 rs=1 cs=1]
                      LayoutText {#text} at (3,1) size 8x18
                        text run at (3,1) width 8: "  "
                    LayoutTableCell {TD} at (12,20) size 11x20 [border: none] [r=1 c=1 rs=1 cs=1]
                      LayoutText {#text} at (1,1) size 8x18
                        text run at (1,1) width 8: "  "
                    LayoutTableCell {TD} at (23,20) size 11x20 [border: none] [r=1 c=2 rs=1 cs=1]
                      LayoutText {#text} at (2,1) size 8x18
                        text run at (2,1) width 8: "  "
                    LayoutTableCell {TD} at (34,20) size 11x20 [border: none] [r=1 c=3 rs=1 cs=1]
                      LayoutText {#text} at (2,1) size 8x18
                        text run at (2,1) width 8: "  "
                    LayoutTableCell {TD} at (45,20) size 11x20 [border: none] [r=1 c=4 rs=1 cs=1]
                      LayoutText {#text} at (1,1) size 8x18
                        text run at (1,1) width 8: "  "
