layer at (0,0) size 800x600
  LayoutView at (0,0) size 800x600
layer at (0,0) size 800x600
  LayoutBlockFlow {HTML} at (0,0) size 800x600
    LayoutBlockFlow {BODY} at (8,8) size 784x584
      LayoutBlockFlow {P} at (0,0) size 784x36
        LayoutText {#text} at (0,0) size 218x18
          text run at (0,0) width 218: "This tests for a regression against "
        LayoutInline {I} at (0,0) size 763x36
          LayoutInline {A} at (0,0) size 354x18 [color=#0000EE]
            LayoutText {#text} at (217,0) size 354x18
              text run at (217,0) width 354: "http://bugzilla.opendarwin.org/show_bug.cgi?id=6888"
          LayoutText {#text} at (570,0) size 763x36
            text run at (570,0) width 193: " Collapsed borders appear on"
            text run at (0,18) width 318: "the wrong side or on the wrong cell in RTL tables"
        LayoutText {#text} at (317,18) size 5x18
          text run at (317,18) width 5: "."
      LayoutBlockFlow {P} at (0,52) size 784x18
        LayoutText {#text} at (0,0) size 371x18
          text run at (0,0) width 371: "The RTL table should be a mirror image of the LTR table."
      LayoutBlockFlow {HR} at (0,86) size 784x2 [border: (1px inset #EEEEEE)]
      LayoutTable {TABLE} at (0,96) size 74x139
        LayoutTableSection {TBODY} at (0,0) size 74x139
          LayoutTableRow {TR} at (0,0) size 26x139
            LayoutTableCell {TD} at (0,0) size 26x70 [border: none (1px solid #000000) none] [r=0 c=0 rs=1 cs=1]
              LayoutText {#text} at (4,19) size 18x31
                text run at (4,19) width 30: "RTL"
            LayoutTableCell {TD} at (0,70) size 26x69 [r=0 c=1 rs=1 cs=1]
              LayoutText {#text} at (4,20) size 18x29
                text run at (4,20) width 29: "LTR"
          LayoutTableRow {TR} at (26,0) size 48x139
            LayoutTableCell {TD} at (26,0) size 48x70 [border: none (1px solid #000000) none] [r=1 c=0 rs=1 cs=1]
              LayoutTable {TABLE} at (4,4) size 40x61 [border: (1px solid #0000FF) none (1px solid #FF0000) none]
                LayoutTableCol {COLGROUP} at (0,0) size 0x0
                  LayoutTableCol {COL} at (0,0) size 0x0
                  LayoutTableCol {COL} at (0,0) size 0x0
                  LayoutTableCol {COL} at (0,0) size 0x0 [bgcolor=#FFFF00] [border: (2px dotted #008000) none (1px solid #000000) none]
                  LayoutTableCol {COL} at (0,0) size 0x0 [bgcolor=#C0C0C0]
                LayoutTableSection {TBODY} at (0,1) size 40x59
                  LayoutTableRow {TR} at (0,0) size 20x59
                    LayoutTableCell {TD} at (0,46) size 20x13 [border: none] [r=0 c=0 rs=1 cs=1]
                      LayoutText {#text} at (1,3) size 18x8
                        text run at (1,3) width 8 RTL: "  "
                    LayoutTableCell {TD} at (0,33) size 20x13 [border: (1px none #000000)] [r=0 c=1 rs=1 cs=1]
                      LayoutText {#text} at (1,4) size 18x8
                        text run at (1,4) width 8 RTL: "  "
                    LayoutTableCell {TD} at (0,11) size 20x22 [r=0 c=2 rs=1 cs=2]
                      LayoutText {#text} at (1,13) size 18x8
                        text run at (1,13) width 8 RTL: "  "
                    LayoutTableCell {TD} at (0,0) size 20x11 [border: (1px none #000000)] [r=0 c=4 rs=1 cs=1]
                      LayoutText {#text} at (1,2) size 18x8
                        text run at (1,2) width 8 RTL: "  "
                  LayoutTableRow {TR} at (20,0) size 20x59
                    LayoutTableCell {TD} at (20,46) size 20x13 [border: (2px solid #800000) none] [r=1 c=0 rs=1 cs=1]
                      LayoutText {#text} at (1,3) size 18x8
                        text run at (1,3) width 8 RTL: "  "
                    LayoutTableCell {TD} at (20,33) size 20x13 [border: (1px none #000000)] [r=1 c=1 rs=1 cs=1]
                      LayoutText {#text} at (1,2) size 18x8
                        text run at (1,2) width 8 RTL: "  "
                    LayoutTableCell {TD} at (20,22) size 20x11 [border: (1px none #000000)] [r=1 c=2 rs=1 cs=1]
                      LayoutText {#text} at (1,2) size 18x8
                        text run at (1,2) width 8 RTL: "  "
                    LayoutTableCell {TD} at (20,11) size 20x11 [border: none] [r=1 c=3 rs=1 cs=1]
                      LayoutText {#text} at (1,1) size 18x8
                        text run at (1,1) width 8 RTL: "  "
                    LayoutTableCell {TD} at (20,0) size 20x11 [border: (1px none #000000)] [r=1 c=4 rs=1 cs=1]
                      LayoutText {#text} at (1,2) size 18x8
                        text run at (1,2) width 8 RTL: "  "
            LayoutTableCell {TD} at (26,70) size 48x69 [r=1 c=1 rs=1 cs=1]
              LayoutTable {TABLE} at (4,4) size 40x61 [border: (1px solid #FF0000) none (1px solid #0000FF) none]
                LayoutTableCol {COLGROUP} at (0,0) size 0x0
                  LayoutTableCol {COL} at (0,0) size 0x0
                  LayoutTableCol {COL} at (0,0) size 0x0
                  LayoutTableCol {COL} at (0,0) size 0x0 [bgcolor=#FFFF00] [border: (1px solid #000000) none (2px dotted #008000) none]
                  LayoutTableCol {COL} at (0,0) size 0x0 [bgcolor=#C0C0C0]
                LayoutTableSection {TBODY} at (0,1) size 40x59
                  LayoutTableRow {TR} at (0,0) size 20x59
                    LayoutTableCell {TD} at (0,0) size 20x13 [border: (1px none #000000)] [r=0 c=0 rs=1 cs=1]
                      LayoutText {#text} at (1,2) size 18x8
                        text run at (1,2) width 8: "  "
                    LayoutTableCell {TD} at (0,13) size 20x12 [r=0 c=1 rs=1 cs=1]
                      LayoutText {#text} at (1,1) size 18x8
                        text run at (1,1) width 8: "  "
                    LayoutTableCell {TD} at (0,25) size 20x23 [border: (1px none #000000)] [r=0 c=2 rs=1 cs=2]
                      LayoutText {#text} at (1,2) size 18x8
                        text run at (1,2) width 8: "  "
                    LayoutTableCell {TD} at (0,48) size 20x11 [border: none] [r=0 c=4 rs=1 cs=1]
                      LayoutText {#text} at (1,1) size 18x8
                        text run at (1,1) width 8: "  "
                  LayoutTableRow {TR} at (20,0) size 20x59
                    LayoutTableCell {TD} at (20,0) size 20x13 [border: (1px none #000000) (2px solid #800000) none] [r=1 c=0 rs=1 cs=1]
                      LayoutText {#text} at (1,2) size 18x8
                        text run at (1,2) width 8: "  "
                    LayoutTableCell {TD} at (20,13) size 20x12 [border: (2px none #000000)] [r=1 c=1 rs=1 cs=1]
                      LayoutText {#text} at (1,3) size 18x8
                        text run at (1,3) width 8: "  "
                    LayoutTableCell {TD} at (20,25) size 20x12 [border: (1px none #000000)] [r=1 c=2 rs=1 cs=1]
                      LayoutText {#text} at (1,2) size 18x8
                        text run at (1,2) width 8: "  "
                    LayoutTableCell {TD} at (20,37) size 20x11 [border: (1px none #000000)] [r=1 c=3 rs=1 cs=1]
                      LayoutText {#text} at (1,2) size 18x8
                        text run at (1,2) width 8: "  "
                    LayoutTableCell {TD} at (20,48) size 20x11 [border: none] [r=1 c=4 rs=1 cs=1]
                      LayoutText {#text} at (1,1) size 18x8
                        text run at (1,1) width 8: "  "
