layer at (0,0) size 800x600
  LayoutView at (0,0) size 800x600
layer at (0,0) size 800x600
  LayoutBlockFlow {HTML} at (0,0) size 800x600
    LayoutBlockFlow {BODY} at (8,8) size 784x584
      LayoutBlockFlow {DIR} at (0,0) size 784x104
        LayoutBlockFlow (anonymous) at (40,0) size 744x18
          LayoutText {#text} at (0,0) size 27x18
            text run at (0,0) width 27: "One"
        LayoutBlockFlow {DIR} at (40,34) size 744x70
          LayoutBlockFlow (anonymous) at (40,0) size 704x18
            LayoutText {#text} at (0,0) size 29x18
              text run at (0,0) width 29: "Two"
          LayoutBlockFlow {DIR} at (40,34) size 704x36
            LayoutBlockFlow (anonymous) at (40,0) size 664x18
              LayoutText {#text} at (0,0) size 38x18
                text run at (0,0) width 38: "Three"
            LayoutBlockFlow {CENTER} at (40,18) size 664x18
              LayoutText {#text} at (316,0) size 32x18
                text run at (316,0) width 32: "Four"
      LayoutBlockFlow {PRE} at (0,120) size 784x333
        LayoutText {#text} at (0,0) size 63x15
          text run at (0,0) width 63: "Pre text"
          text run at (62,0) width 1: " "
        LayoutText {#text} at (300,303) size 300x30
          text run at (300,303) width 0: " "
          text run at (0,318) width 102: "Also pre text"
          text run at (101,318) width 1: " "
      LayoutBlockFlow (anonymous) at (0,466) size 784x18
        LayoutInline {NOBR} at (0,0) size 139x18 [bgcolor=#CCCCCC]
          LayoutText {#text} at (0,0) size 139x18
            text run at (0,0) width 139: "This text won't break."
      LayoutBlockFlow (anonymous) at (0,497) size 784x15
        LayoutBlockFlow {PRE} at (0,0) size 784x15
          LayoutText {#text} at (0,0) size 203x15
            text run at (0,0) width 203: "This will be preformatted."
      LayoutBlockFlow (anonymous) at (0,525) size 784x18
        LayoutInline {NOBR} at (0,0) size 236x18 [bgcolor=#CCCCCC]
          LayoutText {#text} at (0,0) size 236x18
            text run at (0,0) width 236: "Now we're back to nonbreaking text."
        LayoutText {#text} at (0,0) size 0x0
layer at (8,143) size 300x300
  LayoutEmbeddedObject {OBJECT} at (0,15) size 300x300 [bgcolor=#008000]
