layer at (0,0) size 800x600
  LayoutView at (0,0) size 800x600
layer at (0,0) size 800x34
  LayoutBlockFlow {HTML} at (0,0) size 800x34
    LayoutBlockFlow {BODY} at (8,8) size 784x18
      LayoutBlockFlow {IMG} at (0,0) size 26.66x18 [bgcolor=#008000]
        LayoutInline {SPAN} at (0,0) size 11x18
          LayoutImage (floating) {IMG} at (0,0) size 16x16
          LayoutInline {SPAN} at (0,0) size 11x18
            LayoutText {#text} at (16,0) size 11x18
              text run at (16,0) width 11: "--"
      LayoutText {#text} at (0,0) size 0x0
