layer at (0,0) size 800x600
  LayoutView at (0,0) size 800x600
layer at (0,0) size 800x187
  LayoutBlockFlow {html} at (0,0) size 800x186.88
    LayoutBlockFlow {parsererror} at (16,16) size 768x136.88 [bgcolor=#FFDDDD] [border: (2px solid #CC7777)]
      LayoutBlockFlow {h3} at (18,20.72) size 732x22
        LayoutText {#text} at (0,0) size 318x22
          text run at (0,0) width 318: "This page contains the following errors:"
      LayoutBlockFlow {div} at (18,61.44) size 732x14
        LayoutText {#text} at (0,0) size 397x14
          text run at (0,0) width 397: "error on line 4 at column 13: Entity 'fnof' not defined"
          text run at (396,0) width 1: " "
      LayoutBlockFlow {h3} at (18,94.16) size 732x22
        LayoutText {#text} at (0,0) size 418x22
          text run at (0,0) width 418: "Below is a rendering of the page up to the first error."
    LayoutBlockFlow (anonymous) at (0,168.88) size 800x18
      LayoutInline {h1} at (0,0) size 0x0
        LayoutText {#text} at (0,0) size 0x0
      LayoutText {#text} at (0,0) size 0x0
      LayoutInline {p} at (0,0) size 495x18
        LayoutInline {font} at (0,0) size 495x18
          LayoutText {#text} at (0,0) size 495x18
            text run at (0,0) width 268: "This should be the only line on this page. "
            text run at (267,0) width 228: "You should see a parse error above."
      LayoutText {#text} at (0,0) size 0x0
