EDITING DELEGATE: webViewDidChangeSelection:WebViewDidChangeSelectionNotification
EDITING DELEGATE: webViewDidChangeSelection:WebViewDidChangeSelectionNotification
EDITING DELEGATE: webViewDidChangeSelection:WebViewDidChangeSelectionNotification
EDITING DELEGATE: webViewDidChangeSelection:WebViewDidChangeSelectionNotification
EDITING DELEGATE: webViewDidChangeSelection:WebViewDidChangeSelectionNotification
EDITING DELEGATE: webViewDidChangeSelection:WebViewDidChangeSelectionNotification
EDITING DELEGATE: webViewDidChangeSelection:WebViewDidChangeSelectionNotification
EDITING DELEGATE: webViewDidChangeSelection:WebViewDidChangeSelectionNotification
EDITING DELEGATE: webViewDidChangeSelection:WebViewDidChangeSelectionNotification
EDITING DELEGATE: webViewDidChangeSelection:WebViewDidChangeSelectionNotification
EDITING DELEGATE: webViewDidChangeSelection:WebViewDidChangeSelectionNotification
EDITING DELEGATE: webViewDidChange:WebViewDidChangeNotification
layer at (0,0) size 800x600
  LayoutView at (0,0) size 800x600
layer at (0,0) size 800x600
  LayoutBlockFlow {HTML} at (0,0) size 800x600
    LayoutBlockFlow {BODY} at (8,8) size 784x584
      LayoutBlockFlow {DIV} at (0,0) size 784x212 [border: (2px solid #0000FF)]
        LayoutBlockFlow {DIV} at (14,14) size 756x84
          LayoutText {#text} at (0,0) size 66x28
            text run at (0,0) width 66: "Tests: "
          LayoutBR {BR} at (0,0) size 0x0
          LayoutText {#text} at (0,28) size 162x28
            text run at (0,28) width 162: "Fix for this bug: "
          LayoutInline {A} at (161,28) size 256x28 [color=#0000EE]
            LayoutText {#text} at (161,28) size 256x28
              text run at (161,28) width 256: "<rdar://problem/4045511>"
          LayoutText {#text} at (0,28) size 699x56
            text run at (416,28) width 283: " Copying and pasting end-of-"
            text run at (0,56) width 528: "paragraph selection puts insertion point in wrong place"
        LayoutBlockFlow {DIV} at (14,114) size 756x84
          LayoutText {#text} at (0,0) size 190x28
            text run at (0,0) width 190: "Expected Results: "
          LayoutBR {BR} at (189,22) size 1x0
          LayoutText {#text} at (0,28) size 750x56
            text run at (0,28) width 750: "Should see two lines of text below, self-documenting themselves as \"line one\""
            text run at (0,56) width 656: "and \"line two\". The insertion point must be at the start of \"line two\"."
      LayoutBlockFlow {DIV} at (0,236) size 784x60
        LayoutBlockFlow {DIV} at (0,0) size 784x60 [border: (2px solid #FF0000)]
          LayoutText {#text} at (2,2) size 77x28
            text run at (2,2) width 77: "line one"
          LayoutBR {BR} at (78,24) size 1x0
          LayoutText {#text} at (2,30) size 78x28
            text run at (2,30) width 78: "line two"
caret: position 0 of child 2 {#text} of child 1 {DIV} of child 3 {DIV} of body
