EDITING DELEGATE: webViewDidChangeSelection:WebViewDidChangeSelectionNotification
EDITING DELEGATE: webViewDidChangeSelection:WebViewDidChangeSelectionNotification
EDITING DELEGATE: webViewDidChangeSelection:WebViewDidChangeSelectionNotification
EDITING DELEGATE: webViewDidChangeSelection:WebViewDidChangeSelectionNotification
EDITING DELEGATE: webViewDidChange:WebViewDidChangeNotification
layer at (0,0) size 800x600
  LayoutView at (0,0) size 800x600
layer at (0,0) size 800x600
  LayoutBlockFlow {HTML} at (0,0) size 800x600
    LayoutBlockFlow {BODY} at (8,8) size 784x584
      LayoutBlockFlow {P} at (0,0) size 784x36
        LayoutText {#text} at (0,0) size 762x36
          text run at (0,0) width 344: "This tests copy/paste of styled elements, like images. "
          text run at (343,0) width 419: "The image in the region below should be centered after its copied"
          text run at (0,18) width 72: "and pasted."
      LayoutBlockFlow {P} at (0,52) size 784x36
        LayoutInline {B} at (0,0) size 763x36
          LayoutText {#text} at (0,0) size 763x36
            text run at (0,0) width 763: "This demonstrates a bug: createMarkup puts the text-align property on the image, which doesn't center it, so its"
            text run at (0,18) width 141: "left aligned on paste."
      LayoutBlockFlow {DIV} at (0,104) size 784x103
        LayoutBlockFlow {CENTER} at (0,0) size 784x103
          LayoutImage {IMG} at (354,0) size 76x103
      LayoutBlockFlow {DIV} at (0,207) size 784x103
        LayoutImage {IMG} at (0,0) size 76x103
caret: position 1 of child 0 {IMG} of child 6 {DIV} of body
