layer at (0,0) size 800x600
  LayoutView at (0,0) size 800x600
layer at (0,0) size 800x487
  LayoutBlockFlow {HTML} at (0,0) size 800x487
    LayoutBlockFlow {BODY} at (8,16) size 784x455
      LayoutBlockFlow {P} at (0,0) size 784x20
        LayoutText {#text} at (0,0) size 471x19
          text run at (0,0) width 471: "The following two columns should be pixel perfect identical with no red visible."
      LayoutTable {TABLE} at (0,36) size 76x383 [border: (3px solid #000000)]
        LayoutTableSection {TBODY} at (3,3) size 70x377
          LayoutTableRow {TR} at (0,0) size 70x377
            LayoutTableCell {TD} at (0,0) size 35x377 [bgcolor=#FFA500] [r=0 c=0 rs=1 cs=1]
              LayoutBlockFlow (anonymous) at (0,0) size 35x0
                LayoutInline {SPAN} at (0,0) size 0x0
              LayoutBlockFlow (anonymous) at (0,50) size 35x277
              LayoutBlockFlow (anonymous) at (0,377) size 35x0
                LayoutInline {SPAN} at (0,0) size 0x0
            LayoutTableCell {TD} at (35,0) size 35x377 [bgcolor=#FFA500] [r=0 c=1 rs=1 cs=1]
              LayoutBlockFlow {DIV} at (0,50) size 35x277 [bgcolor=#0000FF]
                LayoutBlockFlow {DIV} at (0,0) size 35x59 [bgcolor=#FFFF00]
                  LayoutText {#text} at (0,1) size 35x57
                    text run at (0,1) width 35: "A"
                LayoutBlockFlow {DIV} at (0,109) size 35x59 [bgcolor=#00FF00]
                  LayoutText {#text} at (0,1) size 33x57
                    text run at (0,1) width 33: "B"
                LayoutBlockFlow {DIV} at (0,218) size 35x59 [bgcolor=#00FFFF]
                  LayoutText {#text} at (0,1) size 33x57
                    text run at (0,1) width 33: "C"
      LayoutBlockFlow {P} at (0,435) size 784x20
        LayoutText {#text} at (0,0) size 244x19
          text run at (0,0) width 244: "This test is meaningless if you don't pass "
        LayoutInline {A} at (0,0) size 49x19 [color=#0000EE]
          LayoutText {#text} at (244,0) size 49x19
            text run at (244,0) width 49: "test 006"
        LayoutText {#text} at (293,0) size 4x19
          text run at (293,0) width 4: "."
layer at (11,105) size 35x277
  LayoutBlockFlow (relative positioned) {DIV} at (0,0) size 35x277 [bgcolor=#0000FF]
    LayoutBlockFlow (anonymous) at (0,0) size 35x0
      LayoutInline {SPAN} at (0,0) size 0x0
    LayoutBlockFlow (anonymous) at (0,0) size 35x59
    LayoutBlockFlow (anonymous) at (0,109) size 35x0
      LayoutInline {SPAN} at (0,0) size 0x0
      LayoutText {#text} at (0,0) size 0x0
      LayoutInline {SPAN} at (0,0) size 0x0
    LayoutBlockFlow (anonymous) at (0,109) size 35x0
    LayoutBlockFlow (anonymous) at (0,109) size 35x0
      LayoutInline {SPAN} at (0,0) size 0x0
      LayoutText {#text} at (0,0) size 0x0
      LayoutInline {SPAN} at (0,0) size 0x0
    LayoutBlockFlow (anonymous) at (0,109) size 35x0
    LayoutBlockFlow (anonymous) at (0,109) size 35x0
      LayoutInline {SPAN} at (0,0) size 0x0
      LayoutText {#text} at (0,0) size 0x0
      LayoutInline {SPAN} at (0,0) size 0x0
    LayoutBlockFlow (anonymous) at (0,109) size 35x59
    LayoutBlockFlow (anonymous) at (0,218) size 35x0
      LayoutInline {SPAN} at (0,0) size 0x0
      LayoutText {#text} at (0,0) size 0x0
      LayoutInline {SPAN} at (0,0) size 0x0
    LayoutBlockFlow (anonymous) at (0,218) size 35x59
    LayoutBlockFlow (anonymous) at (0,327) size 35x0
      LayoutInline {SPAN} at (0,0) size 0x0
      LayoutText {#text} at (0,0) size 0x0
layer at (11,105) size 35x59
  LayoutBlockFlow (relative positioned) {DIV} at (0,0) size 35x59 [bgcolor=#FF0000]
    LayoutBlockFlow (anonymous) at (0,0) size 35x0
      LayoutInline {SPAN} at (0,0) size 0x0
    LayoutBlockFlow (anonymous) at (0,0) size 35x59
    LayoutBlockFlow (anonymous) at (0,109) size 35x0
      LayoutInline {SPAN} at (0,0) size 0x0
        LayoutInline {SPAN} at (0,0) size 0x0
    LayoutBlockFlow (anonymous) at (0,109) size 35x0
    LayoutBlockFlow (anonymous) at (0,109) size 35x0
      LayoutInline {SPAN} at (0,0) size 0x0
        LayoutInline {SPAN} at (0,0) size 0x0
layer at (11,105) size 35x59
  LayoutBlockFlow (relative positioned) {DIV} at (0,0) size 35x59 [bgcolor=#FF0000]
    LayoutBlockFlow (anonymous) at (0,0) size 35x0
      LayoutInline {SPAN} at (0,0) size 0x0
    LayoutBlockFlow (anonymous) at (0,0) size 35x59
    LayoutBlockFlow (anonymous) at (0,109) size 35x0
      LayoutInline {SPAN} at (0,0) size 0x0
layer at (11,105) size 35x59
  LayoutBlockFlow (relative positioned) {DIV} at (0,0) size 35x59 [bgcolor=#FFFF00]
    LayoutText {#text} at (0,1) size 35x57
      text run at (0,1) width 35: "A"
layer at (11,214) size 35x0
  LayoutBlockFlow (relative positioned) {DIV} at (0,0) size 35x0 [bgcolor=#FF0000]
layer at (11,214) size 35x0
  LayoutBlockFlow (relative positioned) {DIV} at (0,0) size 35x0 [bgcolor=#FF0000]
layer at (11,214) size 35x0
  LayoutBlockFlow (relative positioned) {DIV} at (0,0) size 35x0 [bgcolor=#FF0000]
    LayoutBlockFlow (anonymous) at (0,0) size 35x0
      LayoutInline {SPAN} at (0,0) size 0x0
    LayoutBlockFlow (anonymous) at (0,0) size 35x0
    LayoutBlockFlow (anonymous) at (0,0) size 35x0
      LayoutInline {SPAN} at (0,0) size 0x0
layer at (11,214) size 35x0
  LayoutBlockFlow (relative positioned) {DIV} at (0,0) size 35x0 [bgcolor=#FF0000]
layer at (11,214) size 35x59
  LayoutBlockFlow (relative positioned) {DIV} at (0,0) size 35x59 [bgcolor=#FF0000]
    LayoutBlockFlow (anonymous) at (0,0) size 35x0
      LayoutInline {SPAN} at (0,0) size 0x0
    LayoutBlockFlow (anonymous) at (0,0) size 35x59
    LayoutBlockFlow (anonymous) at (0,109) size 35x0
      LayoutInline {SPAN} at (0,0) size 0x0
layer at (11,214) size 35x59
  LayoutBlockFlow (relative positioned) {DIV} at (0,0) size 35x59 [bgcolor=#00FF00]
    LayoutBlockFlow (anonymous) at (0,0) size 35x0
      LayoutInline {SPAN} at (0,0) size 0x0
    LayoutBlockFlow (anonymous) at (0,0) size 35x0
    LayoutBlockFlow (anonymous) at (0,0) size 35x59
      LayoutInline {SPAN} at (0,0) size 0x0
      LayoutText {#text} at (0,1) size 33x57
        text run at (0,1) width 33: "B"
layer at (11,214) size 35x0
  LayoutBlockFlow (relative positioned) {DIV} at (0,0) size 35x0 [bgcolor=#FF0000]
layer at (11,323) size 35x59
  LayoutBlockFlow (relative positioned) {DIV} at (0,0) size 35x59 [bgcolor=#00FFFF]
    LayoutText {#text} at (0,1) size 33x57
      text run at (0,1) width 33: "C"
