layer at (0,0) size 800x600
  LayoutView at (0,0) size 800x600
layer at (0,0) size 800x418
  LayoutBlockFlow {HTML} at (0,0) size 800x418
    LayoutBlockFlow {BODY} at (8,8) size 784x402
      LayoutBlockFlow (anonymous) at (0,0) size 784x20
        LayoutInline {DIV} at (0,0) size 528x16 [color=#FFFFFF] [bgcolor=#FF0000]
          LayoutText {#text} at (0,2) size 528x16
            text run at (0,2) width 528: "Ahem_font_required_for_this_test."
        LayoutText {#text} at (0,0) size 0x0
      LayoutBlockFlow {P} at (0,36) size 784x20
        LayoutText {#text} at (0,0) size 471x19
          text run at (0,0) width 471: "The following two columns should be pixel perfect identical with no red visible."
      LayoutTable {TABLE} at (0,72) size 106x256 [bgcolor=#FF0000] [border: (3px solid #000000)]
        LayoutTableSection {TBODY} at (3,3) size 100x250
          LayoutTableRow {TR} at (0,0) size 100x250
            LayoutTableCell {TD} at (0,0) size 50x250 [bgcolor=#FFA500] [r=0 c=0 rs=1 cs=1]
              LayoutBlockFlow (anonymous) at (0,0) size 50x0
                LayoutInline {SPAN} at (0,0) size 0x0
              LayoutBlockFlow (anonymous) at (0,50) size 50x50
                LayoutBlockFlow {DIV} at (0,0) size 50x50 [color=#FFFF00] [bgcolor=#FF0000]
                  LayoutText {#text} at (0,0) size 50x50
                    text run at (0,0) width 50: "X"
              LayoutBlockFlow (anonymous) at (0,150) size 50x0
                LayoutInline {SPAN} at (0,0) size 0x0
                LayoutText {#text} at (0,0) size 0x0
                LayoutInline {SPAN} at (0,0) size 0x0
              LayoutBlockFlow (anonymous) at (0,150) size 50x50
                LayoutBlockFlow {DIV} at (0,0) size 50x50 [color=#00FF00] [bgcolor=#FF0000]
                  LayoutText {#text} at (0,0) size 50x50
                    text run at (0,0) width 50: "X"
              LayoutBlockFlow (anonymous) at (0,250) size 50x0
                LayoutInline {SPAN} at (0,0) size 0x0
                LayoutText {#text} at (0,0) size 0x0
            LayoutTableCell {TD} at (50,0) size 50x250 [r=0 c=1 rs=1 cs=1]
              LayoutBlockFlow {DIV} at (0,0) size 50x50 [border: (50px solid #FFA500) none]
              LayoutBlockFlow {DIV} at (0,50) size 50x50 [border: (50px solid #FFFF00) none]
              LayoutBlockFlow {DIV} at (0,100) size 50x50 [border: (50px solid #FFA500) none]
              LayoutBlockFlow {DIV} at (0,150) size 50x50 [border: (50px solid #00FF00) none]
              LayoutBlockFlow {DIV} at (0,200) size 50x50 [border: (50px solid #FFA500) none]
      LayoutBlockFlow {P} at (0,344) size 784x20
        LayoutText {#text} at (0,0) size 529x19
          text run at (0,0) width 529: "Control: This test is meaningless if you see any red below. (You should only see orange.)"
      LayoutBlockFlow {DIV} at (0,380) size 166x22 [bgcolor=#FF0000] [border: (3px solid #000000)]
        LayoutBlockFlow {DIV} at (3,3) size 160x16 [border: (16px solid #FFA500) none]
