layer at (0,0) size 800x600 scrollX 50.00 scrollY 50.00 scrollWidth 1008 scrollHeight 1016
  LayoutView at (0,0) size 800x600
layer at (0,0) size 800x1016 backgroundClip at (0,0) size 800x600 clip at (0,0) size 800x600
  LayoutBlockFlow {HTML} at (0,0) size 800x1016
    LayoutBlockFlow {BODY} at (8,8) size 1000x1000
layer at (50,166) size 444x18
  LayoutBlockFlow (positioned) {P} at (50,166) size 444.03x18
    LayoutText {#text} at (0,0) size 445x18
      text run at (0,0) width 445: "You should see a green square in the top left corner of an orange box."
layer at (50,50) size 100x100 transparent
  LayoutBlockFlow (positioned) {DIV} at (0,0) size 100x100 [bgcolor=#FFA500]
layer at (50,50) size 50x50
  LayoutBlockFlow {DIV} at (0,0) size 50x50 [bgcolor=#008000]
scrolled to 50,50
