layer at (0,0) size 800x600
  LayoutView at (0,0) size 800x600
layer at (0,0) size 800x71
  LayoutBlockFlow {HTML} at (0,0) size 800x71
    LayoutBlockFlow {BODY} at (8,8) size 784x55
      LayoutBlockFlow {DIV} at (0,0) size 24x55
        LayoutText {#text} at (0,0) size 24x55
          text run at (0,0) width 24: "x"
      LayoutText {#text} at (24,0) size 24x55
        text run at (24,0) width 24: "y"
selection start: position 0 of child 0 {#text} of child 0 {DIV} of body
selection end:   position 1 of child 1 {#text} of body
