EDITING DELEGATE: webViewDidChangeSelection:WebViewDidChangeSelectionNotification
EDITING DELEGATE: webViewDidChangeSelection:WebViewDidChangeSelectionNotification
EDITING DELEGATE: webViewDidChangeSelection:WebViewDidChangeSelectionNotification
layer at (0,0) size 800x600
  LayoutView at (0,0) size 800x600
layer at (0,0) size 800x600
  LayoutBlockFlow {HTML} at (0,0) size 800x600
    LayoutBlockFlow {BODY} at (8,8) size 784x584
      LayoutBlockFlow {DIV} at (0,0) size 784x216 [border: (2px solid #FF0000)]
        LayoutBlockFlow {DIV} at (14,38) size 756x140
          LayoutBlockFlow {OL} at (0,0) size 756x140
            LayoutListItem {LI} at (40,0) size 716x28
              LayoutListMarker (anonymous) at (-24,0) size 24x28: "1"
              LayoutText {#text} at (0,0) size 35x28
                text run at (0,0) width 35: "one"
            LayoutListItem {LI} at (40,28) size 716x28
              LayoutListMarker (anonymous) at (-24,0) size 24x28: "2"
              LayoutText {#text} at (0,0) size 36x28
                text run at (0,0) width 36: "two"
            LayoutListItem {LI} at (40,56) size 716x28
              LayoutListMarker (anonymous) at (-24,0) size 24x28: "3"
              LayoutBR {BR} at (0,0) size 0x28
            LayoutListItem {LI} at (40,84) size 716x28
              LayoutListMarker (anonymous) at (-24,0) size 24x28: "4"
              LayoutText {#text} at (0,0) size 40x28
                text run at (0,0) width 40: "four"
            LayoutListItem {LI} at (40,112) size 716x28
              LayoutListMarker (anonymous) at (-24,0) size 24x28: "5"
              LayoutText {#text} at (0,0) size 36x28
                text run at (0,0) width 36: "five"
caret: position 0 of child 0 {BR} of child 2 {LI} of child 1 {OL} of child 1 {DIV} of child 1 {DIV} of body
