EDITING DELEGATE: webViewDidChangeSelection:WebViewDidChangeSelectionNotification
EDITING DELEGATE: webViewDidChangeSelection:WebViewDidChangeSelectionNotification
layer at (0,0) size 800x600
  LayoutView at (0,0) size 800x600
layer at (0,0) size 800x600
  LayoutBlockFlow {HTML} at (0,0) size 800x600
    LayoutBlockFlow {BODY} at (8,8) size 784x584
      LayoutBlockFlow {P} at (0,0) size 784x36
        LayoutText {#text} at (0,0) size 764x36
          text run at (0,0) width 333: "This tests paragraphBoundary selection navigation. "
          text run at (332,0) width 432: "The caret should be at the end of the paragraph below, just after the"
          text run at (0,18) width 69: "select box."
      LayoutBlockFlow {DIV} at (0,52) size 784x18
        LayoutMenuList {SELECT} at (0,0) size 37x18 [bgcolor=#F8F8F8]
          LayoutBlockFlow (anonymous) at (0,0) size 37x18
            LayoutText (anonymous) at (8,2) size 6x13
              text run at (8,2) width 6: "1"
caret: position 1 of child 0 {SELECT} of child 2 {DIV} of body
