layer at (0,0) size 800x600
  LayoutView at (0,0) size 800x600
layer at (0,0) size 800x600
  LayoutBlockFlow {HTML} at (0,0) size 800x600
    LayoutBlockFlow {BODY} at (8,8) size 784x584
      LayoutBlockFlow (floating) {P} at (0,16) size 651.66x22 [border: (2px solid #008000)]
        LayoutText {#text} at (2,2) size 648x17
          text run at (2,2) width 648: "There should be 30px of word spacing between each word."
      LayoutBlockFlow {DIV} at (0,0) size 784x100
      LayoutTable {TABLE} at (0,100) size 100x130
        LayoutTableSection {TBODY} at (0,0) size 100x130
          LayoutTableRow {TR} at (0,0) size 100x130
            LayoutTableCell {TD} at (0,0) size 100x130 [r=0 c=0 rs=1 cs=1]
              LayoutBlockFlow {P} at (0,0) size 100x130 [border: (2px solid #008000)]
                LayoutText {#text} at (2,2) size 86x125
                  text run at (2,2) width 38: "There"
                  text run at (2,20) width 77: "should be"
                  text run at (2,38) width 65: "15px of"
                  text run at (2,56) width 33: "word"
                  text run at (2,74) width 49: "spacing"
                  text run at (2,92) width 54: "between"
                  text run at (2,110) width 86: "each word."
