layer at (0,0) size 800x600
  LayoutView at (0,0) size 800x600
layer at (0,0) size 800x600
  LayoutBlockFlow {HTML} at (0,0) size 800x600
    LayoutBlockFlow {BODY} at (8,8) size 784x584
      LayoutInline {SPAN} at (0,0) size 334x26
        LayoutText {#text} at (0,0) size 176x26
          text run at (0,0) width 176: "This is some text. "
        LayoutInline {TT} at (0,0) size 159x27
          LayoutText {#text} at (175,1) size 159x27
            text run at (175,1) width 159: "As is this."
      LayoutText {#text} at (333,0) size 342x26
        text run at (333,0) width 342: " All of this text should be 24px tall."
