layer at (0,0) size 800x600
  LayoutView at (0,0) size 800x600
layer at (0,0) size 800x600
  LayoutBlockFlow {HTML} at (0,0) size 800x600
    LayoutBlockFlow {BODY} at (8,8) size 784x576
      LayoutBlockFlow {P} at (0,0) size 784x36
        LayoutText {#text} at (0,0) size 218x17
          text run at (0,0) width 218: "This tests for a regression against "
        LayoutInline {I} at (0,0) size 773x35
          LayoutInline {A} at (0,0) size 354x17 [color=#0000EE]
            LayoutText {#text} at (217,0) size 354x17
              text run at (217,0) width 354: "http://bugzilla.opendarwin.org/show_bug.cgi?id=6418"
          LayoutText {#text} at (570,0) size 773x35
            text run at (570,0) width 5: " "
            text run at (574,0) width 199: "Incorrect scrollbar when using"
            text run at (0,18) width 281: "overflow:auto and word-wrap:break-word; "
            text run at (280,18) width 89: "in some cases"
        LayoutText {#text} at (368,18) size 5x17
          text run at (368,18) width 5: "."
      LayoutBlockFlow {HR} at (0,52) size 784x2 [border: (1px inset #EEEEEE)]
      LayoutBlockFlow {P} at (0,70) size 784x18
        LayoutText {#text} at (0,0) size 267x17
          text run at (0,0) width 267: "The first line should break after \x{201C}Lorem\x{201D}."
      LayoutBlockFlow {DIV} at (0,104) size 85x38 [border: (1px solid #00FFFF)]
        LayoutText {#text} at (1,1) size 43x35
          text run at (1,1) width 43: "Lorem"
          text run at (1,19) width 40: "ipsum"
        LayoutInline {SPAN} at (0,0) size 38x17
          LayoutText {#text} at (40,19) size 38x17
            text run at (40,19) width 38: " dolor"
        LayoutText {#text} at (0,0) size 0x0
      LayoutBlockFlow {HR} at (0,150) size 784x2 [border: (1px inset #EEEEEE)]
      LayoutBlockFlow {P} at (0,168) size 784x18
        LayoutText {#text} at (0,0) size 672x17
          text run at (0,0) width 489: "The first line should break after the letter u, so that the gray border does not "
          text run at (488,0) width 184: "extend beyond the cyan box."
      LayoutBlockFlow {DIV} at (0,202) size 87x38 [border: (1px solid #00FFFF)]
        LayoutInline {SPAN} at (0,0) size 65x35 [border: none (30px solid #C0C0C0) none]
          LayoutText {#text} at (1,1) size 47x35
            text run at (1,1) width 47: "Loremi"
            text run at (1,19) width 35: "psum"
        LayoutText {#text} at (0,0) size 0x0
      LayoutBlockFlow {HR} at (0,248) size 784x2 [border: (1px inset #EEEEEE)]
      LayoutBlockFlow {P} at (0,266) size 784x18
        LayoutText {#text} at (0,0) size 622x17
          text run at (0,0) width 439: "The first line should break after the letter p, so that the text does not "
          text run at (438,0) width 184: "extend beyond the cyan box."
      LayoutBlockFlow {DIV} at (0,300) size 87x38 [border: (1px solid #00FFFF)]
        LayoutInline {SPAN} at (0,0) size 77x35 [border: none (30px solid #C0C0C0)]
          LayoutText {#text} at (31,1) size 77x35
            text run at (31,1) width 47: "Loremi"
            text run at (1,19) width 35: "psum"
        LayoutText {#text} at (0,0) size 0x0
      LayoutBlockFlow {HR} at (0,346) size 784x2 [border: (1px inset #EEEEEE)]
      LayoutBlockFlow {P} at (0,364) size 784x18
        LayoutText {#text} at (0,0) size 258x17
          text run at (0,0) width 258: "\x{201C}Dolor\x{201D} should not break into two lines."
layer at (8,406) size 39x20
  LayoutBlockFlow (positioned) {DIV} at (8,406) size 39.33x20
    LayoutBlockFlow {DIV} at (0,0) size 39.33x20 [border: (1px solid #00FFFF)]
      LayoutText {#text} at (1,1) size 38x17
        text run at (1,1) width 38: "Dolor"
