layer at (0,0) size 800x600
  LayoutView at (0,0) size 800x600
layer at (0,0) size 800x305
  LayoutBlockFlow {HTML} at (0,0) size 800x305
    LayoutBlockFlow {BODY} at (8,8) size 784x281
      LayoutBlockFlow (anonymous) at (0,0) size 784x54
        LayoutText {#text} at (0,0) size 762x53
          text run at (0,0) width 544: "Tests of WebKit's interpretation of font sizes when no absolute font size is specified. "
          text run at (543,0) width 219: "Percentages and logical keywords"
          text run at (0,18) width 203: "scale to reflect the family type. "
          text run at (202,18) width 539: "Opera 9 matches this behavior as well (except it has a bug with multiple font-family"
          text run at (0,36) width 217: "mappings as in the first example)."
      LayoutBlockFlow {PRE} at (0,67) size 784x15
        LayoutInline {SPAN} at (0,0) size 118x15
          LayoutText {#text} at (0,0) size 118x15
            text run at (0,0) width 118: "Should be 13 px"
      LayoutBlockFlow {PRE} at (0,95) size 784x16
        LayoutInline {SPAN} at (0,0) size 82x15
          LayoutText {#text} at (0,0) size 82x15
            text run at (0,0) width 82: "Should be 13px"
      LayoutBlockFlow {PRE} at (0,124) size 784x16
        LayoutInline {SPAN} at (0,0) size 82x15
          LayoutText {#text} at (0,0) size 82x15
            text run at (0,0) width 82: "Should be 13px"
      LayoutBlockFlow {P} at (0,156) size 784x18
        LayoutInline {SPAN} at (0,0) size 82x15
          LayoutText {#text} at (0,2) size 82x15
            text run at (0,2) width 82: "Should be 13px"
      LayoutBlockFlow {P} at (0,190) size 784x19
        LayoutInline {TT} at (0,0) size 101x18
          LayoutInline {SPAN} at (0,0) size 101x17
            LayoutText {#text} at (0,0) size 101x17
              text run at (0,0) width 101: "Should be 16px"
      LayoutBlockFlow {P} at (0,225) size 784x18
        LayoutInline {TT} at (0,0) size 101x15
          LayoutInline {SPAN} at (0,0) size 101x17
            LayoutText {#text} at (0,0) size 101x17
              text run at (0,0) width 101: "Should be 16px"
      LayoutBlockFlow {P} at (0,259) size 784x22
        LayoutInline {TT} at (0,0) size 121x15
          LayoutInline {SPAN} at (0,0) size 121x21
            LayoutText {#text} at (0,0) size 121x21
              text run at (0,0) width 121: "Should be 19px"
