layer at (0,0) size 800x600
  LayoutView at (0,0) size 800x600
layer at (0,0) size 800x36
  LayoutBlockFlow {html} at (0,0) size 800x36
    LayoutBlockFlow {body} at (8,8) size 784x20 [color=#FF0000]
      LayoutInline {test} at (0,0) size 128x19 [color=#008000]
        LayoutText {#text} at (0,0) size 128x19
          text run at (0,0) width 128: "This should be green."
      LayoutText {#text} at (0,0) size 0x0
