layer at (0,0) size 800x600
  LayoutView at (0,0) size 800x600
layer at (0,0) size 800x96
  LayoutBlockFlow {html} at (0,0) size 800x96 [color=#008000]
    LayoutBlockFlow {body} at (8,8) size 784x80
      LayoutBlockFlow {test2} at (0,0) size 784x20
        LayoutText {#text} at (0,0) size 128x19
          text run at (0,0) width 128: "This should be green."
      LayoutBlockFlow {test2} at (0,20) size 784x20
        LayoutText {#text} at (0,0) size 128x19
          text run at (0,0) width 128: "This should be green."
      LayoutBlockFlow {test1} at (0,40) size 784x20
        LayoutText {#text} at (0,0) size 128x19
          text run at (0,0) width 128: "This should be green."
      LayoutBlockFlow {test1} at (0,60) size 784x20
        LayoutText {#text} at (0,0) size 128x19
          text run at (0,0) width 128: "This should be green."
