layer at (0,0) size 800x600
  LayoutView at (0,0) size 800x600
layer at (0,0) size 800x36
  LayoutBlockFlow {html} at (0,0) size 800x36
    LayoutBlockFlow {body} at (8,8) size 784x20 [color=#008000]
      LayoutInline {tests} at (0,0) size 512x19
        LayoutText {#text} at (0,0) size 0x0
        LayoutInline {first-child} at (0,0) size 78x19
          LayoutText {#text} at (0,0) size 78x19
            text run at (0,0) width 78: "None of this "
        LayoutText {#text} at (0,0) size 0x0
        LayoutInline {element} at (0,0) size 88x19
          LayoutText {#text} at (78,0) size 88x19
            text run at (78,0) width 88: "text should be "
        LayoutText {#text} at (0,0) size 0x0
        LayoutInline {attribute} at (0,0) size 110x19
          LayoutText {#text} at (166,0) size 110x19
            text run at (166,0) width 110: "matching the style "
        LayoutText {#text} at (0,0) size 0x0
        LayoutInline {span} at (0,0) size 90x19
          LayoutText {#text} at (276,0) size 90x19
            text run at (276,0) width 90: "rules, and thus "
        LayoutText {#text} at (0,0) size 0x0
        LayoutInline {universal} at (0,0) size 60x19
          LayoutText {#text} at (366,0) size 60x19
            text run at (366,0) width 60: "none of it "
        LayoutText {#text} at (0,0) size 0x0
        LayoutInline {span} at (0,0) size 86x19
          LayoutText {#text} at (426,0) size 86x19
            text run at (426,0) width 86: "should be red."
        LayoutText {#text} at (0,0) size 0x0
      LayoutText {#text} at (0,0) size 0x0
