layer at (0,0) size 800x600
  LayoutView at (0,0) size 800x600
layer at (0,0) size 800x124
  LayoutBlockFlow {html} at (0,0) size 800x124
    LayoutBlockFlow {body} at (8,16) size 784x92
      LayoutBlockFlow {p} at (0,0) size 784x20
        LayoutInline {test} at (0,0) size 284x19 [bgcolor=#00FF00]
          LayoutText {#text} at (0,0) size 284x19
            text run at (0,0) width 284: "This sentence should have a green background."
      LayoutBlockFlow {p} at (0,36) size 784x20
        LayoutInline {test} at (0,0) size 284x19 [bgcolor=#00FF00]
          LayoutText {#text} at (0,0) size 284x19
            text run at (0,0) width 284: "This sentence should have a green background."
      LayoutBlockFlow {p} at (0,72) size 784x20
        LayoutInline {test} at (0,0) size 284x19 [bgcolor=#00FF00]
          LayoutText {#text} at (0,0) size 284x19
            text run at (0,0) width 284: "This sentence should have a green background."
