layer at (0,0) size 800x600
  LayoutView at (0,0) size 800x600
layer at (0,0) size 800x264
  LayoutBlockFlow {HTML} at (0,0) size 800x264
    LayoutBlockFlow {BODY} at (8,16) size 784x232
      LayoutBlockFlow {P} at (0,0) size 784x20
        LayoutText {#text} at (0,0) size 478x19
          text run at (0,0) width 465: "The following two blocks should be identical, including overflow. (Force bidi: "
          text run at (464,0) width 9 RTL: "\x{5D0}"
          text run at (472,0) width 6: ")"
      LayoutBlockFlow {DIV} at (0,36) size 784x196
        LayoutBlockFlow {P} at (16,0) size 294x90 [bgcolor=#FFFFCC] [border: (3px solid #000000)]
          LayoutInline {SPAN} at (0,0) size 115x39 [color=#000080] [border: (3px solid #000080) none (3px solid #000080)]
            LayoutText {#text} at (30,25) size 96x19
              text run at (30,25) width 96: "AAABBBCCC"
          LayoutText {#text} at (126,25) size 87x19
            text run at (126,25) width 87: "DDDEEEFFF"
          LayoutInline {SPAN} at (0,0) size 100x39 [color=#000080] [border: (3px solid #000080) none]
            LayoutText {#text} at (213,25) size 81x19
              text run at (213,25) width 81: "GGGHHHIII"
          LayoutText {#text} at (11,59) size 195x19
            text run at (11,59) width 195: "JJJKKKLLLMMMNNNOOO"
        LayoutBlockFlow {P} at (16,106) size 294x90 [bgcolor=#FFFFCC] [border: (3px solid #000000)]
          LayoutInline {SPAN} at (0,0) size 302x39 [color=#000080] [border: (3px solid #000080)]
            LayoutText {#text} at (30,25) size 264x19
              text run at (30,25) width 96: "AAABBBCCC"
              text run at (213,25) width 81 RTL override: "\x{202E}IIIHHHGGG"
          LayoutText {#text} at (126,25) size 202x53
            text run at (126,25) width 87 RTL override: "FFFEEEDDD"
            text run at (11,59) width 81 RTL override: "LLLKKKJJJ"
            text run at (92,59) width 114: "\x{202C}MMMNNNOOO"
