layer at (0,0) size 800x600
  LayoutView at (0,0) size 800x600
layer at (0,0) size 800x292
  LayoutBlockFlow {HTML} at (0,0) size 800x292
    LayoutBlockFlow {BODY} at (8,16) size 784x244
      LayoutBlockFlow {P} at (0,0) size 784x20
        LayoutText {#text} at (0,0) size 478x19
          text run at (0,0) width 465: "The following two blocks should be identical, including overflow. (Force bidi: "
          text run at (464,0) width 9 RTL: "\x{5D0}"
          text run at (472,0) width 6: ")"
      LayoutBlockFlow {DIV} at (32,52) size 720x80 [color=#FFFF00] [bgcolor=#000000]
        LayoutTable (anonymous) at (24,24) size 256x32
          LayoutTableSection (anonymous) at (0,0) size 256x32
            LayoutTableRow {P} at (0,0) size 256x32
              LayoutTableCell (anonymous) at (0,0) size 256x32 [r=0 c=0 rs=1 cs=1]
                LayoutInline {SPAN} at (0,0) size 14x36
                  LayoutText {#text} at (0,-2) size 14x36
                    text run at (0,-2) width 14: "a"
                LayoutInline {SPAN} at (0,0) size 19x50 [color=#FF00FF] [border: (3px solid #FF00FF) none (3px solid #FF00FF)]
                  LayoutText {#text} at (33,-2) size 16x36
                    text run at (33,-2) width 16: "b"
                LayoutInline {SPAN} at (0,0) size 17x50 [color=#00FFFF] [border: (3px solid #00FFFF) none (3px solid #00FFFF)]
                  LayoutText {#text} at (68,-2) size 14x36
                    text run at (68,-2) width 14: "c"
                LayoutInline {SPAN} at (0,0) size 16x50 [color=#FF00FF] [border: (3px solid #FF00FF) none (3px solid #FF00FF) none]
                  LayoutText {#text} at (82,-2) size 16x36
                    text run at (82,-2) width 16: "d"
                LayoutInline {SPAN} at (0,0) size 14x50 [color=#00FFFF] [border: (3px solid #00FFFF) none (3px solid #00FFFF) none]
                  LayoutText {#text} at (98,-2) size 14x36
                    text run at (98,-2) width 14: "e"
                LayoutInline {SPAN} at (0,0) size 10x36
                  LayoutText {#text} at (112,-2) size 10x36
                    text run at (112,-2) width 10: "f"
                LayoutInline {SPAN} at (0,0) size 15x36
                  LayoutText {#text} at (122,-2) size 15x36
                    text run at (122,-2) width 15: "g"
                LayoutInline {SPAN} at (0,0) size 15x36
                  LayoutText {#text} at (137,-2) size 15x36
                    text run at (137,-2) width 15: "h"
                LayoutInline {SPAN} at (0,0) size 9x50 [color=#FF00FF] [border: (3px solid #FF00FF) none (3px solid #FF00FF) none]
                  LayoutText {#text} at (152,-2) size 9x36
                    text run at (152,-2) width 9: "i"
                LayoutInline {SPAN} at (0,0) size 12x50 [color=#00FFFF] [border: (3px solid #00FFFF) none]
                  LayoutText {#text} at (161,-2) size 9x36
                    text run at (161,-2) width 9: "j"
                LayoutInline {SPAN} at (0,0) size 19x50 [color=#FF00FF] [border: (3px solid #FF00FF) none]
                  LayoutText {#text} at (189,-2) size 16x36
                    text run at (189,-2) width 16: "k"
                LayoutInline {SPAN} at (0,0) size 9x36
                  LayoutText {#text} at (224,-2) size 9x36
                    text run at (224,-2) width 9: "l"
                LayoutInline {SPAN} at (0,0) size 23x36
                  LayoutText {#text} at (233,-2) size 23x36
                    text run at (233,-2) width 23: "m"
      LayoutBlockFlow {DIV} at (32,164) size 720x80 [color=#FFFF00] [bgcolor=#000000]
        LayoutTable (anonymous) at (24,24) size 256x32
          LayoutTableSection (anonymous) at (0,0) size 256x32
            LayoutTableRow {P} at (0,0) size 256x32
              LayoutTableCell (anonymous) at (0,0) size 256x32 [r=0 c=0 rs=1 cs=1]
                LayoutText {#text} at (0,-2) size 233x36
                  text run at (0,-2) width 14: "a"
                  text run at (49,-2) width 0 LTR override: "\x{202D}"
                  text run at (224,-2) width 9 RTL override: "\x{202E}l"
                LayoutInline {SPAN} at (0,0) size 108x50 [color=#00FFFF] [border: (3px solid #00FFFF)]
                  LayoutText {#text} at (68,-2) size 102x36
                    text run at (68,-2) width 14 LTR override: "c"
                    text run at (98,-2) width 14 LTR override: "\x{202D}e"
                    text run at (152,-2) width 0 RTL override: "\x{202E}"
                    text run at (161,-2) width 9 RTL override: "\x{202E}j"
                LayoutText {#text} at (112,-2) size 40x36
                  text run at (112,-2) width 10 RTL override: "\x{202C}f"
                  text run at (122,-2) width 15 LTR override: "\x{202D}g"
                  text run at (137,-2) width 15 RTL override: "h"
                LayoutInline {SPAN} at (0,0) size 178x50 [color=#FF00FF] [border: (3px solid #FF00FF)]
                  LayoutText {#text} at (33,-2) size 172x36
                    text run at (33,-2) width 16 RTL override: "\x{202C}b"
                    text run at (82,-2) width 16 RTL override: "\x{202C}d"
                    text run at (152,-2) width 9 LTR override: "\x{202C}i"
                    text run at (189,-2) width 16 LTR override: "\x{202C}k"
                LayoutText {#text} at (233,-2) size 23x36
                  text run at (233,-2) width 23: "\x{202C}m"
