layer at (0,0) size 800x600
  LayoutView at (0,0) size 800x600
layer at (0,0) size 800x600
  LayoutBlockFlow {HTML} at (0,0) size 800x600
    LayoutBlockFlow {BODY} at (8,25) size 784x550
layer at (33,25) size 734x100 transparent
  LayoutBlockFlow {DIV} at (25,0) size 734x100 [color=#FFFFFF] [bgcolor=#800000]
    LayoutBlockFlow {DIV} at (50,50) size 634x400 [bgcolor=#808080]
      LayoutText {#text} at (0,0) size 288x19
        text run at (0,0) width 288: "This content should be masked with a soft glow."
