layer at (0,0) size 800x600
  LayoutView at (0,0) size 800x600
layer at (0,0) size 800x600
  LayoutBlockFlow {HTML} at (0,0) size 800x600
    LayoutBlockFlow {BODY} at (8,8) size 784x582
      LayoutBlockFlow {P} at (0,0) size 784x40
        LayoutText {#text} at (0,0) size 79x19
          text run at (0,0) width 79: "Pixel test for "
        LayoutInline {I} at (0,0) size 563x39
          LayoutInline {A} at (0,0) size 305x19 [color=#0000EE]
            LayoutText {#text} at (79,0) size 305x19
              text run at (79,0) width 305: "http://bugs.webkit.org/show_bug.cgi?id=12043"
          LayoutText {#text} at (383,0) size 563x39
            text run at (383,0) width 5: " "
            text run at (387,0) width 176: "Another assertion failure in"
            text run at (0,20) width 243: "WebCore::LayoutObject::drawBorder"
        LayoutText {#text} at (242,20) size 5x19
          text run at (242,20) width 5: "."
      LayoutBlockFlow {P} at (0,56) size 784x20
        LayoutText {#text} at (0,0) size 291x19
          text run at (0,0) width 291: "There should be three squres and a circle below."
      LayoutBlockFlow {DIV} at (0,92) size 56x56 [bgcolor=#C0C0C0] [border: (3px solid #000000)]
      LayoutBlockFlow {DIV} at (0,158) size 56x56 [bgcolor=#C0C0C0] [border: (3px solid #000000)]
      LayoutBlockFlow {DIV} at (0,224) size 56x56 [bgcolor=#C0C0C0] [border: (3px solid #000000)]
      LayoutBlockFlow {DIV} at (0,290) size 56x56 [bgcolor=#C0C0C0] [border: (3px solid #000000)]
