layer at (0,0) size 800x600
  LayoutView at (0,0) size 800x600
layer at (0,0) size 800x354
  LayoutBlockFlow {HTML} at (0,0) size 800x354.44
    LayoutBlockFlow {BODY} at (8,18.72) size 784x327.72
      LayoutBlockFlow {H3} at (0,0) size 784x23
        LayoutText {#text} at (0,0) size 92x22
          text run at (0,0) width 92: "It passes if:"
      LayoutBlockFlow {UL} at (0,41.72) size 784x40
        LayoutListItem {LI} at (40,0) size 744x20
          LayoutListMarker (anonymous) at (-18,0) size 7x19: bullet
          LayoutText {#text} at (0,0) size 389x19
            text run at (0,0) width 389: "the video content has rounded corners (top left and bottom right)"
        LayoutListItem {LI} at (40,20) size 744x20
          LayoutListMarker (anonymous) at (-18,0) size 7x19: bullet
          LayoutText {#text} at (0,0) size 179x19
            text run at (0,0) width 179: "gray background is not visible"
      LayoutBlockFlow (anonymous) at (0,97.72) size 784x230
        LayoutText {#text} at (0,0) size 0x0
layer at (8,116) size 400x225
  LayoutVideo {VIDEO} at (0,0) size 400x225 [bgcolor=#808080]
layer at (8,116) size 400x225
  LayoutFlexibleBox (relative positioned) {DIV} at (0,0) size 400x225
    LayoutBlockFlow {DIV} at (0,193) size 400x32
layer at (8,116) size 400x183
  LayoutFlexibleBox (relative positioned) {DIV} at (0,0) size 400x183
