layer at (0,0) size 800x600
  LayoutView at (0,0) size 800x600
layer at (0,0) size 800x406
  LayoutBlockFlow {HTML} at (0,0) size 800x406.44
    LayoutBlockFlow {BODY} at (8,18.72) size 784x379.72
      LayoutBlockFlow {H3} at (0,0) size 784x23
        LayoutText {#text} at (0,0) size 92x22
          text run at (0,0) width 92: "It passes if:"
      LayoutBlockFlow {UL} at (0,41.72) size 784x40
        LayoutListItem {LI} at (40,0) size 744x20
          LayoutListMarker (anonymous) at (-18,0) size 7x19: bullet
          LayoutText {#text} at (0,0) size 401x19
            text run at (0,0) width 401: "the canvas content has rounded corners (bottom-left and top-right)"
        LayoutListItem {LI} at (40,20) size 744x20
          LayoutListMarker (anonymous) at (-18,0) size 7x19: bullet
          LayoutText {#text} at (0,0) size 374x19
            text run at (0,0) width 374: "the 10px gray background is visible around the canvas content"
      LayoutBlockFlow (anonymous) at (0,97.72) size 784x282
        LayoutText {#text} at (0,0) size 0x0
        LayoutText {#text} at (0,0) size 0x0
layer at (8,116) size 277x277
  LayoutHTMLCanvas {CANVAS} at (0,0) size 277x277 [bgcolor=#808080]
