layer at (0,0) size 800x600
  LayoutView at (0,0) size 800x600
layer at (0,0) size 800x600
  LayoutBlockFlow {HTML} at (0,0) size 800x600
    LayoutBlockFlow {BODY} at (8,8) size 784x584
      LayoutBlockFlow {DIV} at (10,10) size 171x171 [border: (21px solid #000000) (30px solid #000000) (21px solid #000000)]
      LayoutText {#text} at (191,176) size 4x19
        text run at (191,176) width 4: " "
      LayoutBlockFlow {DIV} at (205,10) size 171x171 [border: (21px solid #000000) (30px solid #000000) (21px solid #000000)]
      LayoutText {#text} at (0,0) size 0x0
