layer at (0,0) size 800x600
  LayoutView at (0,0) size 800x600
layer at (0,0) size 800x600
  LayoutBlockFlow {HTML} at (0,0) size 800x600
    LayoutBlockFlow {BODY} at (8,8) size 784x584
      LayoutBlockFlow {DIV} at (0,0) size 784x133
        LayoutBlockFlow {SPAN} at (4,4) size 120x120 [border: (40px ridge #FF0000)]
        LayoutText {#text} at (128,113) size 4x19
          text run at (128,113) width 4: " "
        LayoutBlockFlow {SPAN} at (136,4) size 120x120 [border: (40px ridge #FF0000)]
        LayoutText {#text} at (260,113) size 4x19
          text run at (260,113) width 4: " "
        LayoutBlockFlow {SPAN} at (268,4) size 120x120 [border: (40px ridge #FF0000)]
        LayoutText {#text} at (392,113) size 4x19
          text run at (392,113) width 4: " "
        LayoutBlockFlow {SPAN} at (400,4) size 120x120 [border: (40px ridge #FF0000)]
        LayoutText {#text} at (524,113) size 4x19
          text run at (524,113) width 4: " "
        LayoutBlockFlow {SPAN} at (532,4) size 120x120 [border: (40px ridge #FF0000)]
        LayoutText {#text} at (0,0) size 0x0
      LayoutBlockFlow {DIV} at (0,133) size 784x133
        LayoutBlockFlow {SPAN} at (4,4) size 120x120 [border: (40px outset #FF0000)]
        LayoutText {#text} at (128,113) size 4x19
          text run at (128,113) width 4: " "
        LayoutBlockFlow {SPAN} at (136,4) size 120x120 [border: (40px outset #FF0000)]
        LayoutText {#text} at (260,113) size 4x19
          text run at (260,113) width 4: " "
        LayoutBlockFlow {SPAN} at (268,4) size 120x120 [border: (40px outset #FF0000)]
        LayoutText {#text} at (392,113) size 4x19
          text run at (392,113) width 4: " "
        LayoutBlockFlow {SPAN} at (400,4) size 120x120 [border: (40px outset #FF0000)]
        LayoutText {#text} at (524,113) size 4x19
          text run at (524,113) width 4: " "
        LayoutBlockFlow {SPAN} at (532,4) size 120x120 [border: (40px outset #FF0000)]
        LayoutText {#text} at (0,0) size 0x0
