layer at (0,0) size 800x600
  LayoutView at (0,0) size 800x600
layer at (0,0) size 800x600
  LayoutBlockFlow {HTML} at (0,0) size 800x600
    LayoutBlockFlow {BODY} at (8,8) size 784x584
      LayoutBlockFlow {DIV} at (10,10) size 126x126 [border: (21px solid #000000) (30px solid #000000) (21px solid #000000)]
      LayoutText {#text} at (146,131) size 4x19
        text run at (146,131) width 4: " "
      LayoutBlockFlow {DIV} at (160,10) size 126x126 [border: (21px solid #000000) (30px solid #000000) (21px solid #000000)]
      LayoutText {#text} at (296,131) size 4x19
        text run at (296,131) width 4: " "
      LayoutBR {BR} at (0,0) size 0x0
      LayoutBlockFlow {DIV} at (10,161) size 126x126 [border: (21px solid #000000) (30px solid #000000) (21px solid #000000)]
      LayoutText {#text} at (146,282) size 4x19
        text run at (146,282) width 4: " "
      LayoutBlockFlow {DIV} at (160,161) size 126x126 [border: (21px solid #000000) (30px solid #000000) (21px solid #000000)]
      LayoutText {#text} at (0,0) size 0x0
