layer at (0,0) size 800x600
  LayoutView at (0,0) size 800x600
layer at (0,0) size 800x600
  LayoutBlockFlow {HTML} at (0,0) size 800x600
    LayoutBlockFlow {BODY} at (8,8) size 784x584
      LayoutBlockFlow (anonymous) at (0,0) size 784x20
        LayoutText {#text} at (0,0) size 574x19
          text run at (0,0) width 574: "This tests that border radius will choose the foreground color when no border color is specified."
      LayoutBlockFlow {DIV} at (0,20) size 56x26 [color=#FF0000] [bgcolor=#ADD8E6] [border: (3px solid #FF0000)]
        LayoutText {#text} at (3,3) size 21x19
          text run at (3,3) width 21: "test"
