layer at (0,0) size 800x600
  LayoutView at (0,0) size 800x600
layer at (0,0) size 800x600
  LayoutBlockFlow {HTML} at (0,0) size 800x600
    LayoutBlockFlow {BODY} at (8,8) size 784x572
      LayoutBlockFlow {P} at (0,0) size 784x20
        LayoutText {#text} at (0,0) size 400x19
          text run at (0,0) width 400: "Test that corner-radii are constrained according to the CSS3 rules."
      LayoutBlockFlow {DIV} at (20,40) size 240x80 [border: (20px double #000000)]
      LayoutBlockFlow {DIV} at (20,140) size 80x240 [border: (20px double #000000)]
