layer at (0,0) size 800x600
  LayoutView at (0,0) size 800x600
layer at (0,0) size 800x456
  LayoutBlockFlow {HTML} at (0,0) size 800x456.44
    LayoutBlockFlow {BODY} at (8,18.72) size 784x429.72
      LayoutBlockFlow {H3} at (0,0) size 784x23
        LayoutText {#text} at (0,0) size 92x22
          text run at (0,0) width 92: "It passes if:"
      LayoutBlockFlow {UL} at (0,41.72) size 784x40
        LayoutListItem {LI} at (40,0) size 744x20
          LayoutListMarker (anonymous) at (-18,0) size 7x19: bullet
          LayoutText {#text} at (0,0) size 291x19
            text run at (0,0) width 291: "the canvas element has 8px gray shadow around"
        LayoutListItem {LI} at (40,20) size 744x20
          LayoutListMarker (anonymous) at (-18,0) size 7x19: bullet
          LayoutText {#text} at (0,0) size 238x19
            text run at (0,0) width 238: "the canvas content has rounded corners"
      LayoutBlockFlow (anonymous) at (0,97.72) size 784x332
        LayoutText {#text} at (0,0) size 0x0
        LayoutText {#text} at (0,0) size 0x0
layer at (28,136) size 287x287
  LayoutHTMLCanvas {CANVAS} at (20,20) size 287x287 [bgcolor=#808080] [border: (5px solid #FF0000)]
