layer at (0,0) size 800x600
  LayoutView at (0,0) size 800x600
layer at (0,0) size 800x600
  LayoutBlockFlow {HTML} at (0,0) size 800x600
    LayoutBlockFlow {BODY} at (8,20) size 784x560
      LayoutBlockFlow {DIV} at (20,0) size 744x192
        LayoutBlockFlow {DIV} at (0,0) size 83x192
          LayoutInline {SPAN} at (0,0) size 83x191 [bgcolor=#DDDDDD] [border: (20px solid #808080)]
            LayoutText {#text} at (35,20) size 48x55
              text run at (35,20) width 48: "    "
            LayoutBR {BR} at (83,63) size 0x0
            LayoutText {#text} at (0,116) size 48x55
              text run at (0,116) width 48: "    "
          LayoutText {#text} at (0,0) size 0x0
        LayoutText {#text} at (83,144) size 4x19
          text run at (83,144) width 4: " "
        LayoutBlockFlow {DIV} at (87,0) size 83x192
          LayoutInline {SPAN} at (0,0) size 83x191 [bgcolor=#DDDDDD] [border: (20px groove #808080)]
            LayoutText {#text} at (35,20) size 48x55
              text run at (35,20) width 48: "    "
            LayoutBR {BR} at (83,63) size 0x0
            LayoutText {#text} at (0,116) size 48x55
              text run at (0,116) width 48: "    "
          LayoutText {#text} at (0,0) size 0x0
        LayoutText {#text} at (170,144) size 4x19
          text run at (170,144) width 4: " "
        LayoutBlockFlow {DIV} at (174,0) size 83x192
          LayoutInline {SPAN} at (0,0) size 83x191 [bgcolor=#DDDDDD] [border: (20px ridge #808080)]
            LayoutText {#text} at (35,20) size 48x55
              text run at (35,20) width 48: "    "
            LayoutBR {BR} at (83,63) size 0x0
            LayoutText {#text} at (0,116) size 48x55
              text run at (0,116) width 48: "    "
          LayoutText {#text} at (0,0) size 0x0
        LayoutText {#text} at (257,144) size 4x19
          text run at (257,144) width 4: " "
        LayoutBlockFlow {DIV} at (261,0) size 83x192
          LayoutInline {SPAN} at (0,0) size 83x191 [bgcolor=#DDDDDD] [border: (20px outset #808080)]
            LayoutText {#text} at (35,20) size 48x55
              text run at (35,20) width 48: "    "
            LayoutBR {BR} at (83,63) size 0x0
            LayoutText {#text} at (0,116) size 48x55
              text run at (0,116) width 48: "    "
          LayoutText {#text} at (0,0) size 0x0
        LayoutText {#text} at (344,144) size 4x19
          text run at (344,144) width 4: " "
        LayoutBlockFlow {DIV} at (348,0) size 83x192
          LayoutInline {SPAN} at (0,0) size 83x191 [bgcolor=#DDDDDD] [border: (20px inset #808080)]
            LayoutText {#text} at (35,20) size 48x55
              text run at (35,20) width 48: "    "
            LayoutBR {BR} at (83,63) size 0x0
            LayoutText {#text} at (0,116) size 48x55
              text run at (0,116) width 48: "    "
          LayoutText {#text} at (0,0) size 0x0
        LayoutText {#text} at (431,144) size 4x19
          text run at (431,144) width 4: " "
        LayoutBlockFlow {DIV} at (435,0) size 83x192
          LayoutInline {SPAN} at (0,0) size 83x191 [bgcolor=#DDDDDD] [border: (20px double #808080)]
            LayoutText {#text} at (35,20) size 48x55
              text run at (35,20) width 48: "    "
            LayoutBR {BR} at (83,63) size 0x0
            LayoutText {#text} at (0,116) size 48x55
              text run at (0,116) width 48: "    "
          LayoutText {#text} at (0,0) size 0x0
        LayoutText {#text} at (0,0) size 0x0
      LayoutBlockFlow {DIV} at (20,212) size 744x192
        LayoutBlockFlow {DIV} at (0,0) size 83x192
          LayoutInline {SPAN} at (0,0) size 83x191 [bgcolor=#DDDDDD] [border: (20px solid #808080)]
            LayoutText {#text} at (35,20) size 48x55
              text run at (35,20) width 48: "    "
            LayoutBR {BR} at (83,63) size 0x0
            LayoutText {#text} at (0,116) size 48x55
              text run at (0,116) width 48: "    "
          LayoutText {#text} at (0,0) size 0x0
        LayoutText {#text} at (83,144) size 4x19
          text run at (83,144) width 4: " "
        LayoutBlockFlow {DIV} at (87,0) size 83x192
          LayoutInline {SPAN} at (0,0) size 83x191 [bgcolor=#DDDDDD] [border: (20px groove #808080)]
            LayoutText {#text} at (35,20) size 48x55
              text run at (35,20) width 48: "    "
            LayoutBR {BR} at (83,63) size 0x0
            LayoutText {#text} at (0,116) size 48x55
              text run at (0,116) width 48: "    "
          LayoutText {#text} at (0,0) size 0x0
        LayoutText {#text} at (170,144) size 4x19
          text run at (170,144) width 4: " "
        LayoutBlockFlow {DIV} at (174,0) size 83x192
          LayoutInline {SPAN} at (0,0) size 83x191 [bgcolor=#DDDDDD] [border: (20px ridge #808080)]
            LayoutText {#text} at (35,20) size 48x55
              text run at (35,20) width 48: "    "
            LayoutBR {BR} at (83,63) size 0x0
            LayoutText {#text} at (0,116) size 48x55
              text run at (0,116) width 48: "    "
          LayoutText {#text} at (0,0) size 0x0
        LayoutText {#text} at (257,144) size 4x19
          text run at (257,144) width 4: " "
        LayoutBlockFlow {DIV} at (261,0) size 83x192
          LayoutInline {SPAN} at (0,0) size 83x191 [bgcolor=#DDDDDD] [border: (20px outset #808080)]
            LayoutText {#text} at (35,20) size 48x55
              text run at (35,20) width 48: "    "
            LayoutBR {BR} at (83,63) size 0x0
            LayoutText {#text} at (0,116) size 48x55
              text run at (0,116) width 48: "    "
          LayoutText {#text} at (0,0) size 0x0
        LayoutText {#text} at (344,144) size 4x19
          text run at (344,144) width 4: " "
        LayoutBlockFlow {DIV} at (348,0) size 83x192
          LayoutInline {SPAN} at (0,0) size 83x191 [bgcolor=#DDDDDD] [border: (20px inset #808080)]
            LayoutText {#text} at (35,20) size 48x55
              text run at (35,20) width 48: "    "
            LayoutBR {BR} at (83,63) size 0x0
            LayoutText {#text} at (0,116) size 48x55
              text run at (0,116) width 48: "    "
          LayoutText {#text} at (0,0) size 0x0
        LayoutText {#text} at (431,144) size 4x19
          text run at (431,144) width 4: " "
        LayoutBlockFlow {DIV} at (435,0) size 83x192
          LayoutInline {SPAN} at (0,0) size 83x191 [bgcolor=#DDDDDD] [border: (20px double #808080)]
            LayoutText {#text} at (35,20) size 48x55
              text run at (35,20) width 48: "    "
            LayoutBR {BR} at (83,63) size 0x0
            LayoutText {#text} at (0,116) size 48x55
              text run at (0,116) width 48: "    "
          LayoutText {#text} at (0,0) size 0x0
        LayoutText {#text} at (0,0) size 0x0
