layer at (0,0) size 800x600
  LayoutView at (0,0) size 800x600
layer at (0,0) size 800x600
  LayoutBlockFlow {HTML} at (0,0) size 800x600
    LayoutBlockFlow {BODY} at (8,8) size 784x584
      LayoutBlockFlow {DIV} at (0,0) size 350x584
        LayoutInline {SPAN} at (0,0) size 228x37 [border: (21px none #000000) (30px none #000000) (21px none #000000)]
          LayoutText {#text} at (86,46) size 27x7
            text run at (86,46) width 7: " "
          LayoutBR {BR} at (108,52) size 0x1
          LayoutText {#text} at (236,25) size 27x7
            text run at (236,25) width 7: " "
