layer at (0,0) size 800x600
  LayoutView at (0,0) size 800x600
layer at (0,0) size 800x600
  LayoutBlockFlow {HTML} at (0,0) size 800x600
    LayoutBlockFlow {BODY} at (8,8) size 784x584
      LayoutBlockFlow {DIV} at (30,30) size 126x126 [border: (21px solid #000000) (30px solid #000000) (21px solid #000000)]
      LayoutText {#text} at (186,171) size 4x19
        text run at (186,171) width 4: " "
      LayoutBlockFlow {DIV} at (220,30) size 126x126 [border: (21px solid #000000) (30px solid #000000) (21px solid #000000)]
      LayoutText {#text} at (376,171) size 4x19
        text run at (376,171) width 4: " "
      LayoutBR {BR} at (0,0) size 0x0
      LayoutBlockFlow {DIV} at (30,221) size 126x126 [border: (21px solid #000000) (30px solid #000000) (21px solid #000000)]
      LayoutText {#text} at (186,362) size 4x19
        text run at (186,362) width 4: " "
      LayoutBlockFlow {DIV} at (220,221) size 126x126 [border: (21px solid #000000) (30px solid #000000) (21px solid #000000)]
      LayoutText {#text} at (0,0) size 0x0
