layer at (0,0) size 800x600
  LayoutView at (0,0) size 800x600
layer at (0,0) size 800x600
  LayoutBlockFlow {HTML} at (0,0) size 800x600
    LayoutBlockFlow {BODY} at (8,8) size 784x584
      LayoutBlockFlow {DIV} at (0,0) size 212x212 [bgcolor=#00FF00] [border: (6px dotted #FF0000)]
        LayoutText {#text} at (6,6) size 4x19
          text run at (6,6) width 4: " "
