layer at (0,0) size 800x600
  LayoutView at (0,0) size 800x600
layer at (0,0) size 800x600
  LayoutBlockFlow {HTML} at (0,0) size 800x600
    LayoutBlockFlow {BODY} at (8,8) size 784x584
      LayoutBlockFlow {DIV} at (10,10) size 134x111 [border: (21px solid #000000) (30px solid #000000) (21px solid #000000)]
      LayoutText {#text} at (154,116) size 4x19
        text run at (154,116) width 4: " "
      LayoutBlockFlow {DIV} at (168,10) size 134x111 [border: (21px solid #000000) (30px solid #000000) (21px solid #000000)]
      LayoutText {#text} at (312,116) size 4x19
        text run at (312,116) width 4: " "
      LayoutBlockFlow {DIV} at (326,10) size 134x111 [border: (21px solid #000000) (30px solid #000000) (21px solid #000000)]
      LayoutText {#text} at (470,116) size 4x19
        text run at (470,116) width 4: " "
      LayoutBR {BR} at (0,0) size 0x0
      LayoutBlockFlow {DIV} at (10,146) size 113x90 [border: (15px solid #00000000)]
      LayoutText {#text} at (133,231) size 4x19
        text run at (133,231) width 4: " "
      LayoutBlockFlow {DIV} at (147,146) size 113x90 [border: (15px solid #00000000)]
      LayoutText {#text} at (270,231) size 4x19
        text run at (270,231) width 4: " "
      LayoutBlockFlow {DIV} at (284,146) size 113x90 [border: (15px solid #00000000)]
      LayoutText {#text} at (0,0) size 0x0
