layer at (0,0) size 800x600 clip at (0,0) size 785x600 scrollHeight 1880
  LayoutView at (0,0) size 800x600
layer at (0,0) size 785x1880 backgroundClip at (0,0) size 785x600 clip at (0,0) size 785x600
  LayoutBlockFlow {HTML} at (0,0) size 785x1880
    LayoutBlockFlow {BODY} at (8,8) size 769x1864
      LayoutText {#text} at (0,0) size 0x0
layer at (8,8) size 610x1856 backgroundClip at (0,0) size 785x600 clip at (0,0) size 785x600 transparent
  LayoutInline {SPAN} at (0,0) size 610x1856 [bgcolor=#800000]
    LayoutText {#text} at (0,4) size 610x1856
      text run at (0,4) width 356: "This"
      text run at (0,237) width 590: "content"
      text run at (0,470) width 534: "should"
      text run at (0,703) width 189: "be"
      text run at (0,936) width 610: "masked"
      text run at (0,1169) width 495: "with a"
      text run at (0,1402) width 300: "soft"
      text run at (0,1635) width 437: "glow."
