layer at (0,0) size 800x600 clip at (0,0) size 785x600 scrollHeight 688
  LayoutView at (0,0) size 800x600
layer at (0,0) size 785x688 backgroundClip at (0,0) size 785x600 clip at (0,0) size 785x600
  LayoutBlockFlow {HTML} at (0,0) size 785x688.16
    LayoutBlockFlow {BODY} at (8,16) size 769x664.16
      LayoutBlockFlow {P} at (0,0) size 769x40
        LayoutText {#text} at (0,0) size 740x39
          text run at (0,0) width 718: "There should be a SPAN in the middle of all four paragraphs that has padding, a green border, and a margin on the left, "
          text run at (717,0) width 23: "and"
          text run at (0,20) width 320: "padding, an orange border, and a margin on the right."
      LayoutBlockFlow {H1} at (0,56) size 769x20
        LayoutText {#text} at (0,0) size 88x19
          text run at (0,0) width 88: "Left-to-Right"
      LayoutBlockFlow {DIV} at (0,86.72) size 769x252 [border: (1px solid #000000)]
        LayoutBlockFlow {P} at (6,22) size 757x32
          LayoutText {#text} at (0,6) size 119x19
            text run at (0,6) width 119: "Lorem ipsum dolor "
          LayoutInline {SPAN} at (0,0) size 182x21 [border: (1px solid #0000FF) (10px solid #FFA500) (1px solid #0000FF) (10px solid #008000)]
            LayoutText {#text} at (164,6) size 127x19
              text run at (164,6) width 127: "sit amet, consectetur "
          LayoutText {#text} at (336,6) size 313x19
            text run at (336,6) width 313: "adipisicing elit, sed do eiusmod tempor incididunt ut."
        LayoutBlockFlow {P} at (6,70) size 757x160
          LayoutText {#text} at (0,6) size 741x51
            text run at (0,6) width 559: "Lorem ipsum dolor sit amet, consectetur adipisicing elit, sed do eiusmod tempor incididunt ut "
            text run at (559,6) width 182: "labore et dolore magna aliqua."
            text run at (0,38) width 359: "Ut enim ad minim veniam, quis nostrud exercitation ullamco "
          LayoutInline {SPAN} at (0,0) size 755x85 [border: (1px solid #0000FF) (10px solid #FFA500) (1px solid #0000FF) (10px solid #008000)]
            LayoutText {#text} at (404,38) size 755x83
              text run at (404,38) width 351: "laboris nisi ut aliquip ex ea commodo consequat. Duis aute"
              text run at (0,70) width 179: "irure dolor in reprehenderit in "
              text run at (179,70) width 543: "voluptate velit esse cillum dolore eu fugiat nulla pariatur. Excepteur sint occaecat cupidatat "
              text run at (721,70) width 23: "non"
              text run at (0,102) width 533: "proident, sunt in culpa qui officia deserunt mollit anim id est laborum. Lorem ipsum dolor "
          LayoutText {#text} at (577,102) size 701x51
            text run at (577,102) width 124: "sit amet, consectetur"
            text run at (0,134) width 409: "adipisicing elit, sed do eiusmod tempor incididunt ut labore et dolore"
      LayoutBlockFlow {H1} at (0,349.44) size 769x20
        LayoutText {#text} at (0,0) size 88x19
          text run at (0,0) width 88: "Right-to-Left"
      LayoutBlockFlow {DIV} at (0,380.16) size 769x284 [border: (1px solid #000000)]
        LayoutBlockFlow {P} at (6,22) size 757x32
          LayoutText {#text} at (112,6) size 119x19
            text run at (112,6) width 119: "Lorem ipsum dolor "
          LayoutInline {SPAN} at (0,0) size 182x21 [border: (1px solid #0000FF) (10px solid #FFA500) (1px solid #0000FF) (10px solid #008000)]
            LayoutText {#text} at (276,6) size 127x19
              text run at (276,6) width 127: "sit amet, consectetur "
          LayoutText {#text} at (108,6) size 649x19
            text run at (108,6) width 4 RTL: "."
            text run at (448,6) width 309: "adipisicing elit, sed do eiusmod tempor incididunt ut"
        LayoutBlockFlow {P} at (6,70) size 757x192
          LayoutText {#text} at (16,6) size 755x51
            text run at (16,6) width 559: "Lorem ipsum dolor sit amet, consectetur adipisicing elit, sed do eiusmod tempor incididunt ut "
            text run at (575,6) width 182: "labore et dolore magna aliqua."
            text run at (2,38) width 359: "Ut enim ad minim veniam, quis nostrud exercitation ullamco "
          LayoutInline {SPAN} at (0,0) size 744x85 [border: (1px solid #0000FF) (10px solid #FFA500) (1px solid #0000FF) (10px solid #008000)]
            LayoutText {#text} at (361,38) size 744x83
              text run at (361,38) width 351: "laboris nisi ut aliquip ex ea commodo consequat. Duis aute"
              text run at (13,70) width 180: "irure dolor in reprehenderit in "
              text run at (192,70) width 543: "voluptate velit esse cillum dolore eu fugiat nulla pariatur. Excepteur sint occaecat cupidatat "
              text run at (735,70) width 22: "non"
              text run at (101,102) width 533: "proident, sunt in culpa qui officia deserunt mollit anim id est laborum. Lorem ipsum dolor "
          LayoutText {#text} at (634,102) size 731x83
            text run at (634,102) width 123: "sit amet, consectetur"
            text run at (26,134) width 413: "adipisicing elit, sed do eiusmod tempor incididunt ut labore et dolore "
            text run at (439,134) width 318: "magna aliqua. Ut enim ad minim veniam, quis nostrud"
            text run at (509,166) width 4 RTL: "."
            text run at (513,166) width 244: "exercitation ullamco laboris nisi ut aliquip"
