layer at (0,0) size 800x600
  LayoutView at (0,0) size 800x600
layer at (0,0) size 800x504
  LayoutBlockFlow {HTML} at (0,0) size 800x504
    LayoutBlockFlow {BODY} at (8,16) size 784x480
      LayoutBlockFlow {P} at (0,0) size 784x20
        LayoutText {#text} at (0,0) size 695x19
          text run at (0,0) width 695: "Test that when we have images sprinkled within a span, borders, paddings and margins are still calculated correctly ."
      LayoutBlockFlow {DIV} at (0,36) size 212x222 [border: (1px solid #000000)]
        LayoutBlockFlow {P} at (6,22) size 200x130
          LayoutText {#text} at (0,6) size 170x52
            text run at (0,6) width 147: "aaa bbb ccc ddd eee fff "
            text run at (146,6) width 24 RTL: "\x{5DC}\x{5DE}\x{5D4}"
            text run at (0,39) width 58 RTL: "\x{5E2}\x{5E9}\x{5D9}\x{5EA}\x{5D9} \x{5D6}\x{5D0}\x{5EA}"
            text run at (58,39) width 4: " "
            text run at (62,39) width 14: "gg"
          LayoutInline {SPAN} at (0,0) size 185x54 [border: (1px solid #0000FF) (10px solid #FFA500) (1px solid #0000FF) (10px solid #008000)]
            LayoutText {#text} at (121,39) size 42x19
              text run at (121,39) width 42: " dgnjk "
            LayoutBlockFlow {IMG} at (163,32) size 22x34 [border: (1px solid #0000FF)]
            LayoutText {#text} at (0,72) size 37x19
              text run at (0,72) width 37: "njkng "
          LayoutText {#text} at (82,72) size 199x51
            text run at (82,72) width 117 RTL: "\x{5D6}\x{5D0}\x{5EA} \x{2013} \x{5D0}\x{5D9}\x{5E0}\x{5D9} \x{5D9}\x{5D5}\x{5D3}\x{5E2} \x{5D1}\x{5E2}\x{5E6}\x{5DE}"
            text run at (0,104) width 131: "qqq rrr sss ttt uuu vvv"
        LayoutBlockFlow {P} at (6,168) size 200x32
          LayoutInline {SPAN} at (0,0) size 153x21 [border: (1px solid #0000FF) (10px solid #FFA500) (1px solid #0000FF) (10px solid #008000)]
            LayoutText {#text} at (45,6) size 78x19
              text run at (45,6) width 78: "Some fill text"
            LayoutBlockFlow {IMG} at (123,0) size 20x32
      LayoutBlockFlow {DIV} at (0,258) size 212x222 [border: (1px solid #000000)]
        LayoutBlockFlow {P} at (6,22) size 200x130
          LayoutText {#text} at (30,6) size 185x52
            text run at (30,6) width 28 RTL: " \x{5DC}\x{5DE}\x{5D4}"
            text run at (57,6) width 143: "aaa bbb ccc ddd eee fff"
            text run at (15,39) width 14: "gg"
            text run at (138,39) width 62 RTL: "\x{5E2}\x{5E9}\x{5D9}\x{5EA}\x{5D9} \x{5D6}\x{5D0}\x{5EA} "
          LayoutInline {SPAN} at (0,0) size 171x54 [border: (1px solid #0000FF) (10px solid #FFA500) (1px solid #0000FF) (10px solid #008000)]
            LayoutText {#text} at (29,39) size 42x19
              text run at (29,39) width 42: " dgnjk "
            LayoutBlockFlow {IMG} at (71,32) size 22x34 [border: (1px solid #0000FF)]
            LayoutText {#text} at (163,72) size 37x19
              text run at (163,72) width 4 RTL: " "
              text run at (167,72) width 33: "njkng"
          LayoutText {#text} at (1,72) size 199x51
            text run at (1,72) width 117 RTL: "\x{5D6}\x{5D0}\x{5EA} \x{2013} \x{5D0}\x{5D9}\x{5E0}\x{5D9} \x{5D9}\x{5D5}\x{5D3}\x{5E2} \x{5D1}\x{5E2}\x{5E6}\x{5DE}"
            text run at (69,104) width 131: "qqq rrr sss ttt uuu vvv"
        LayoutBlockFlow {P} at (6,168) size 200x32
          LayoutInline {SPAN} at (0,0) size 153x21 [border: (1px solid #0000FF) (10px solid #FFA500) (1px solid #0000FF) (10px solid #008000)]
            LayoutText {#text} at (77,6) size 78x19
              text run at (77,6) width 78: "Some fill text"
            LayoutBlockFlow {IMG} at (57,0) size 20x32
layer at (178,108) size 20x20 clip at (179,109) size 18x18
  LayoutBlockFlow {DIV} at (1,2) size 20x20 [border: (1px solid #C0C0C0)]
    LayoutImage (floating) {IMG} at (2,2) size 16x16
layer at (196,110) size 0x0
  LayoutBlockFlow {DIV} at (18,2) size 0x0
layer at (137,221) size 20x20 clip at (138,222) size 18x18
  LayoutBlockFlow {DIV} at (0,1) size 20x20 [border: (1px solid #C0C0C0)]
    LayoutImage (floating) {IMG} at (2,2) size 16x16
layer at (155,223) size 0x0
  LayoutBlockFlow {DIV} at (18,2) size 0x0
layer at (86,330) size 20x20 clip at (87,331) size 18x18
  LayoutBlockFlow {DIV} at (1,2) size 20x20 [border: (1px solid #C0C0C0)]
    LayoutImage (floating) {IMG} at (2,2) size 16x16
layer at (88,332) size 0x0
  LayoutBlockFlow {DIV} at (2,2) size 0x0
layer at (71,443) size 20x20 clip at (72,444) size 18x18
  LayoutBlockFlow {DIV} at (0,1) size 20x20 [border: (1px solid #C0C0C0)]
    LayoutImage (floating) {IMG} at (2,2) size 16x16
layer at (73,445) size 0x0
  LayoutBlockFlow {DIV} at (2,2) size 0x0
