layer at (0,0) size 800x600
  LayoutView at (0,0) size 800x600
layer at (0,0) size 800x600
  LayoutBlockFlow {HTML} at (0,0) size 800x600
    LayoutBlockFlow {BODY} at (8,8) size 784x584
      LayoutText {#text} at (0,0) size 0x0
layer at (28,28) size 22x38
  LayoutTable {TABLE} at (20,20) size 22x38 [border: (5px outset #808080)]
    LayoutTableSection {TBODY} at (5,5) size 12x28
      LayoutTableRow {TR} at (0,2) size 12x24
        LayoutTableCell {TD} at (2,2) size 8x24 [border: (1px inset #808080)] [r=0 c=0 rs=1 cs=1]
          LayoutText {#text} at (2,2) size 4x19
            text run at (2,2) width 4: " "
