layer at (0,0) size 800x600
  LayoutView at (0,0) size 800x600
layer at (0,0) size 800x600
  LayoutBlockFlow {HTML} at (0,0) size 800x600
    LayoutBlockFlow {BODY} at (8,8) size 784x584
      LayoutBlockFlow {P} at (0,0) size 784x18
        LayoutText {#text} at (0,0) size 213x18
          text run at (0,0) width 213: "This tests for regressions against "
        LayoutInline {I} at (0,0) size 551x18
          LayoutInline {A} at (0,0) size 354x18 [color=#0000EE]
            LayoutText {#text} at (212,0) size 354x18
              text run at (212,0) width 354: "http://bugzilla.opendarwin.org/show_bug.cgi?id=7943"
          LayoutText {#text} at (565,0) size 198x18
            text run at (565,0) width 198: " Layer outline does not repaint"
        LayoutText {#text} at (762,0) size 5x18
          text run at (762,0) width 5: "."
layer at (8,42) size 784x2 clip at (0,0) size 0x0
  LayoutBlockFlow {HR} at (0,34) size 784x2 [border: (1px inset #EEEEEE)]
layer at (18,192) size 100x100 clip at (19,193) size 98x98
  LayoutBlockFlow {DIV} at (10,184) size 100x100 [bgcolor=#EEEEEE] [border: (1px solid #000000)]
layer at (8,52) size 784x130
  LayoutBlockFlow (relative positioned) {DIV} at (0,44) size 784x130
layer at (18,62) size 100x100
  LayoutBlockFlow (positioned) {DIV} at (10,10) size 100x100 [bgcolor=#EEEEEE] [border: (1px solid #000000)]
layer at (148,62) size 100x100 backgroundClip at (138,52) size 100x100 clip at (138,52) size 100x100
  LayoutBlockFlow (positioned) {DIV} at (140,10) size 100x100 [bgcolor=#EEEEEE] [border: (1px solid #000000)]
layer at (278,62) size 100x100 backgroundClip at (268,52) size 5x5 clip at (268,52) size 5x5
  LayoutBlockFlow (positioned) {DIV} at (270,10) size 100x100 [bgcolor=#EEEEEE] [border: (1px solid #000000)]
layer at (408,62) size 100x100
  LayoutBlockFlow (positioned) {DIV} at (400,10) size 100x100 [bgcolor=#EEEEEE] [border: (1px solid #000000)]
layer at (538,62) size 100x100 backgroundClip at (548,72) size 100x100 clip at (548,72) size 100x100
  LayoutBlockFlow (positioned) {DIV} at (530,10) size 100x100 [bgcolor=#EEEEEE] [border: (1px solid #000000)]
layer at (668,62) size 100x100 backgroundClip at (773,167) size 5x5 clip at (773,167) size 5x5
  LayoutBlockFlow (positioned) {DIV} at (660,10) size 100x100 [bgcolor=#EEEEEE] [border: (1px solid #000000)]
layer at (18,322) size 100x100
  LayoutBlockFlow (relative positioned) {DIV} at (0,294) size 100x100 [bgcolor=#EEEEEE] [border: (1px solid #000000)]
