layer at (0,0) size 800x600
  LayoutView at (0,0) size 800x600
layer at (0,0) size 800x600
  LayoutBlockFlow {HTML} at (0,0) size 800x600
    LayoutBlockFlow {BODY} at (8,8) size 784x576
      LayoutBlockFlow {UL} at (0,0) size 784x40
        LayoutListItem {LI} at (40,0) size 744x40
          LayoutListMarker (anonymous) at (-1,0) size 7x19: bullet
          LayoutText {#text} at (22,0) size 245x19
            text run at (22,0) width 245: "This list item should have an inside bullet."
          LayoutBR {BR} at (267,15) size 0x0
          LayoutText {#text} at (0,20) size 228x19
            text run at (0,20) width 228: "This line should begin under the bullet."
