layer at (0,0) size 800x600
  LayoutView at (0,0) size 800x600
layer at (0,0) size 800x600
  LayoutBlockFlow {HTML} at (0,0) size 800x600
    LayoutBlockFlow {BODY} at (8,8) size 784x584
      LayoutBlockFlow {DIV} at (0,0) size 784x0
        LayoutBlockFlow {UL} at (0,0) size 784x0
          LayoutListItem {LI} at (40,0) size 744x0
            LayoutBlockFlow (floating) {A} at (9,0) size 89x20
              LayoutText {#text} at (0,0) size 89x19
                text run at (0,0) width 89: "This is link one"
          LayoutListItem {LI} at (40,0) size 744x0
            LayoutBlockFlow (floating) {A} at (98,0) size 284x20
              LayoutText {#text} at (0,0) size 284x19
                text run at (0,0) width 284: "This is link two and it shouldn't overlap link one"
