layer at (0,0) size 800x600
  LayoutView at (0,0) size 800x600
layer at (0,0) size 800x56
  LayoutBlockFlow {HTML} at (0,0) size 800x56
    LayoutBlockFlow {BODY} at (8,8) size 784x40
      LayoutBlockFlow (anonymous) at (0,0) size 784x20
        LayoutInline {SPAN} at (0,0) size 43x19
          LayoutText {#text} at (0,0) size 43x19
            text run at (0,0) width 43: "ABCD"
      LayoutBlockFlow (anonymous) at (0,20) size 784x20
        LayoutBlockFlow {DIV} at (0,0) size 784x20
          LayoutText {#text} at (0,0) size 40x19
            text run at (0,0) width 40: "EFGH"
      LayoutBlockFlow (anonymous) at (0,40) size 784x0
        LayoutInline {SPAN} at (0,0) size 0x0
        LayoutText {#text} at (0,0) size 0x0
