layer at (0,0) size 800x600
  LayoutView at (0,0) size 800x600
layer at (0,0) size 800x40
  LayoutBlockFlow {book} at (0,0) size 800x40
    LayoutBlockFlow {xhtml:div} at (0,0) size 800x20
      LayoutText {#text} at (0,0) size 644x19
        text run at (0,0) width 644: "This test checks whether CSS21 attribute selectors are re-evaluated after attribute changes in xml elements."
    LayoutBlockFlow {test} at (0,20) size 800x20 [color=#008000]
      LayoutInline {<pseudo:before>} at (0,0) size 57x19
        LayoutTextFragment (anonymous) at (0,0) size 57x19
          text run at (0,0) width 57: "PASSED"
