layer at (0,0) size 800x600
  LayoutView at (0,0) size 800x600
layer at (0,0) size 800x76
  LayoutBlockFlow {HTML} at (0,0) size 800x76
    LayoutBlockFlow {BODY} at (8,8) size 784x60
      LayoutBlockFlow {DIV} at (0,0) size 784x20
        LayoutText {#text} at (0,0) size 641x19
          text run at (0,0) width 641: "[^=] attribute selector looking for empty string in empty attribute (the text should not have red background)"
      LayoutBlockFlow {DIV} at (0,20) size 784x20
        LayoutText {#text} at (0,0) size 641x19
          text run at (0,0) width 641: "[$=] attribute selector looking for empty string in empty attribute (the text should not have red background)"
      LayoutBlockFlow {DIV} at (0,40) size 784x20
        LayoutText {#text} at (0,0) size 641x19
          text run at (0,0) width 641: "[*=] attribute selector looking for empty string in empty attribute (the text should not have red background)"
