layer at (0,0) size 800x600 clip at (0,0) size 785x600 scrollHeight 1088
  LayoutView at (0,0) size 800x600
layer at (0,0) size 785x1088 backgroundClip at (0,0) size 785x600 clip at (0,0) size 785x600
  LayoutBlockFlow {HTML} at (0,0) size 785x1088
    LayoutBlockFlow {BODY} at (8,8) size 769x1072
      LayoutBlockFlow {P} at (0,0) size 769x40
        LayoutText {#text} at (0,0) size 711x39
          text run at (0,0) width 711: "This container has no color correction, and neither does the text inside, so it will not be visible since both are green and"
          text run at (0,20) width 76: "uncorrected."
      LayoutBlockFlow {DIV} at (0,56) size 200x200 [bgcolor=#008000]
        LayoutInline {SPAN} at (0,0) size 117x170 [color=#008000]
          LayoutText {#text} at (0,3) size 117x170
            text run at (0,3) width 117: "G"
        LayoutText {#text} at (0,0) size 0x0
      LayoutBlockFlow {P} at (0,272) size 769x40
        LayoutText {#text} at (0,0) size 738x39
          text run at (0,0) width 738: "This container has sRGB color correction specified, and so does the text inside, so the text will not be visible since both are"
          text run at (0,20) width 125: "green and corrected."
      LayoutBlockFlow {DIV} at (0,328) size 200x200 [bgcolor=#008000]
        LayoutInline {SPAN} at (0,0) size 117x170 [color=#008000]
          LayoutText {#text} at (0,3) size 117x170
            text run at (0,3) width 117: "G"
        LayoutText {#text} at (0,0) size 0x0
      LayoutBlockFlow {P} at (0,544) size 769x40
        LayoutText {#text} at (0,0) size 767x39
          text run at (0,0) width 767: "This container has sRGB color correction specified. The text inside does not have the property specified, but the text inherits the"
          text run at (0,20) width 489: "container's style, so the text will not be visible since both are green and corrected."
      LayoutBlockFlow {DIV} at (0,600) size 200x200 [bgcolor=#008000]
        LayoutInline {SPAN} at (0,0) size 117x170 [color=#008000]
          LayoutText {#text} at (0,3) size 117x170
            text run at (0,3) width 117: "G"
        LayoutText {#text} at (0,0) size 0x0
      LayoutBlockFlow {P} at (0,816) size 769x40
        LayoutText {#text} at (0,0) size 756x39
          text run at (0,0) width 756: "This container has default color-correction specified, and the text has sRGB color correction specified. This text is visible even"
          text run at (0,20) width 435: "though both are green since the text is corrected and the container is not."
      LayoutBlockFlow {DIV} at (0,872) size 200x200 [bgcolor=#008000]
        LayoutInline {SPAN} at (0,0) size 117x170 [color=#008000]
          LayoutText {#text} at (0,3) size 117x170
            text run at (0,3) width 117: "G"
        LayoutText {#text} at (0,0) size 0x0
