layer at (0,0) size 800x600
  LayoutView at (0,0) size 800x600
layer at (0,0) size 800x600
  LayoutBlockFlow {HTML} at (0,0) size 800x600
    LayoutBlockFlow {BODY} at (8,8) size 784x576
      LayoutBlockFlow {P} at (0,0) size 784x20 [color=#FF0000]
        LayoutText {#text} at (0,0) size 106x19
          text run at (0,0) width 106: "this should be red"
      LayoutBlockFlow {P} at (0,36) size 784x20 [color=#0100FF]
        LayoutText {#text} at (0,0) size 111x19
          text run at (0,0) width 111: "this should be blue"
