layer at (0,0) size 800x600
  LayoutView at (0,0) size 800x600
layer at (0,0) size 800x600
  LayoutBlockFlow {HTML} at (0,0) size 800x600
    LayoutBlockFlow {BODY} at (8,8) size 784x584
      LayoutBlockFlow {P} at (0,0) size 784x40
        LayoutText {#text} at (0,0) size 764x39
          text run at (0,0) width 764: "This is subtle, but the shadow should match the color of the top H and not the color of the bottom H. The top H and its shadow"
          text run at (0,20) width 226: "are both color-corrected from sRGB."
      LayoutBlockFlow (anonymous) at (0,56) size 784x236
        LayoutInline {SPAN} at (0,0) size 78x114 [color=#560063]
          LayoutText {#text} at (0,2) size 78x114
            text run at (0,2) width 78: "H"
        LayoutText {#text} at (78,79) size 4x19
          text run at (78,79) width 4: " "
        LayoutBR {BR} at (82,94) size 0x0
        LayoutInline {SPAN} at (0,0) size 78x114 [color=#560063]
          LayoutText {#text} at (0,120) size 78x114
            text run at (0,120) width 78: "H"
        LayoutText {#text} at (0,0) size 0x0
