layer at (0,0) size 800x600
  LayoutView at (0,0) size 800x600
layer at (0,0) size 800x600
  LayoutBlockFlow {HTML} at (0,0) size 800x600
    LayoutBlockFlow {BODY} at (8,8) size 784x584
      LayoutBlockFlow {P} at (0,0) size 784x40
        LayoutText {#text} at (0,0) size 771x39
          text run at (0,0) width 771: "The shadow should match the color of the top square and not the color of the bottom square. The top square and its shadow are"
          text run at (0,20) width 203: "both color-corrected from sRGB."
      LayoutBlockFlow {DIV} at (0,56) size 100x100 [bgcolor=#560063]
      LayoutBlockFlow (anonymous) at (0,156) size 784x20
        LayoutBR {BR} at (0,0) size 0x19
      LayoutBlockFlow {DIV} at (0,176) size 100x100 [bgcolor=#560063]
