layer at (0,0) size 800x600
  LayoutView at (0,0) size 800x600
layer at (0,0) size 800x124
  LayoutBlockFlow {html} at (0,0) size 800x124
    LayoutBlockFlow {body} at (8,16) size 784x92
      LayoutBlockFlow {p} at (0,0) size 784x20
        LayoutText {#text} at (0,0) size 722x19
          text run at (0,0) width 722: "Below both lines should be centered. The first is static, the second is dynamically generated using javascript. Bug 14506."
      LayoutBlockFlow {p} at (0,36) size 784x20
        LayoutText {#text} at (333,0) size 118x19
          text run at (333,0) width 118: "Should be centered"
      LayoutBlockFlow {p} at (0,72) size 784x20
        LayoutText {#text} at (333,0) size 118x19
          text run at (333,0) width 118: "Should be centered"
