layer at (0,0) size 800x600
  LayoutView at (0,0) size 800x600
layer at (0,0) size 800x600
  LayoutBlockFlow {HTML} at (0,0) size 800x600
    LayoutBlockFlow {BODY} at (8,8) size 784x584
      LayoutBlockFlow (anonymous) at (0,0) size 784x20
        LayoutText {#text} at (0,0) size 286x19
          text run at (0,0) width 286: "There should be a 100x100 green block below."
      LayoutBlockFlow {DIV} at (0,20) size 784x0
      LayoutBlockFlow {DIV} at (0,20) size 100x100 [bgcolor=#008000]
