layer at (0,0) size 800x600
  LayoutView at (0,0) size 800x600
layer at (0,0) size 800x36
  LayoutBlockFlow {HTML} at (0,0) size 800x36
    LayoutBlockFlow {BODY} at (8,8) size 784x20
      LayoutText {#text} at (0,0) size 195x19
        text run at (0,0) width 195: "This page intentionally left blank."
      LayoutInline {<pseudo:after>} at (0,0) size 0x0
        LayoutTextFragment (anonymous) at (0,0) size 0x0
    LayoutBlockFlow (anonymous) at (0,36) size 800x0
      LayoutInline {<pseudo:after>} at (0,0) size 0x0
        LayoutTextFragment (anonymous) at (0,0) size 0x0
