layer at (0,0) size 800x600
  LayoutView at (0,0) size 800x600
layer at (0,0) size 800x600
  LayoutBlockFlow {HTML} at (0,0) size 800x600
    LayoutBlockFlow {BODY} at (8,8) size 784x576
      LayoutBlockFlow {P} at (0,0) size 784x20
        LayoutText {#text} at (0,0) size 46x19
          text run at (0,0) width 46: "test for "
        LayoutInline {A} at (0,0) size 58x19 [color=#0000EE]
          LayoutText {#text} at (46,0) size 58x19
            text run at (46,0) width 58: "bug 7157"
        LayoutText {#text} at (104,0) size 634x19
          text run at (104,0) width 634: ": An asterisk in a CSS property name breaks CSS handling (Many layout problems at letras.terra.com.br)"
      LayoutBlockFlow {P} at (0,36) size 784x20 [color=#008000]
        LayoutText {#text} at (0,0) size 157x19
          text run at (0,0) width 157: "Should be green on white."
      LayoutBlockFlow {P} at (0,72) size 784x20 [color=#008000]
        LayoutText {#text} at (0,0) size 157x19
          text run at (0,0) width 157: "Should be green on white."
      LayoutBlockFlow {P} at (0,108) size 784x20 [color=#008000]
        LayoutText {#text} at (0,0) size 157x19
          text run at (0,0) width 157: "Should be green on white."
