layer at (0,0) size 800x600
  LayoutView at (0,0) size 800x600
layer at (0,0) size 800x600
  LayoutBlockFlow {HTML} at (0,0) size 800x600
    LayoutBlockFlow {BODY} at (8,8) size 784x584
      LayoutBlockFlow {P} at (0,0) size 784x20
        LayoutText {#text} at (0,0) size 50x19
          text run at (0,0) width 50: "Test for "
        LayoutInline {A} at (0,0) size 289x19 [color=#0000EE]
          LayoutText {#text} at (50,0) size 289x19
            text run at (50,0) width 289: "http://bugs.webkit.org/show_bug.cgi?id=13169 "
        LayoutText {#text} at (339,0) size 283x19
          text run at (339,0) width 283: "css-formatted first letter won't hide dynamically"
      LayoutBlockFlow {P} at (0,36) size 784x20
        LayoutText {#text} at (0,0) size 387x19
          text run at (0,0) width 387: "The next line of text should become invisible, including first letter."
      LayoutBlockFlow {DIV} at (0,72) size 784x20
        LayoutInline {<pseudo:first-letter>} at (0,0) size 11x19 [color=#0000FF]
          LayoutTextFragment (anonymous) at (0,0) size 11x19
            text run at (0,0) width 11: "C"
        LayoutTextFragment {#text} at (11,0) size 66x19
          text run at (11,0) width 66: "lick to hide"
