layer at (0,0) size 800x600
  LayoutView at (0,0) size 800x600
layer at (0,0) size 800x600
  LayoutBlockFlow {HTML} at (0,0) size 800x600
    LayoutBlockFlow {BODY} at (8,8) size 784x584
      LayoutBlockFlow {H3} at (0,0) size 784x23
        LayoutText {#text} at (0,0) size 587x22
          text run at (0,0) width 587: "Test case for First-line text-decoration style inherited from Parent Block"
      LayoutBlockFlow {P} at (0,41.72) size 784x20
        LayoutText {#text} at (0,0) size 449x19
          text run at (0,0) width 449: "The First line text and its text-decoration must be of the same color."
      LayoutBlockFlow {DIV} at (0,77.72) size 784x104 [color=#FF0000]
        LayoutBlockFlow {P} at (0,0) size 784x68 [color=#008000]
          LayoutText {#text} at (0,10) size 632x27
            text run at (0,10) width 632: "Underline Underline Underline Underline"
          LayoutBR {BR} at (632,31) size 0x0
          LayoutText {#text} at (0,48) size 272x19
            text run at (0,48) width 272: "Underline Underline Underline Underline"
          LayoutBR {BR} at (272,63) size 0x0
        LayoutBlockFlow (anonymous) at (0,84) size 784x20
          LayoutText {#text} at (0,0) size 244x19
            text run at (0,0) width 244: "Underline Underline Underline Underline"
      LayoutBlockFlow (anonymous) at (0,181.72) size 784x20
        LayoutBR {BR} at (0,0) size 0x19
      LayoutBlockFlow {DIV} at (0,217.72) size 784x104 [color=#FF0000]
        LayoutBlockFlow {P} at (0,0) size 784x68 [color=#008000]
          LayoutText {#text} at (0,10) size 552x27
            text run at (0,10) width 552: "Overline Overline Overline Overline"
          LayoutBR {BR} at (552,31) size 0x0
          LayoutText {#text} at (0,48) size 244x19
            text run at (0,48) width 244: "Overline Overline Overline Overline"
          LayoutBR {BR} at (244,63) size 0x0
        LayoutBlockFlow (anonymous) at (0,84) size 784x20
          LayoutText {#text} at (0,0) size 216x19
            text run at (0,0) width 216: "Overline Overline Overline Overline"
      LayoutBlockFlow (anonymous) at (0,321.72) size 784x20
        LayoutBR {BR} at (0,0) size 0x19
      LayoutBlockFlow {DIV} at (0,357.72) size 784x104 [color=#FF0000]
        LayoutBlockFlow {P} at (0,0) size 784x68 [color=#008000]
          LayoutText {#text} at (0,10) size 725x27
            text run at (0,10) width 725: "Line-Through Line-Through Line-Through Line "
          LayoutBR {BR} at (725,31) size 0x0
          LayoutText {#text} at (0,48) size 376x19
            text run at (0,48) width 376: "Line-Through Line-Through Line-Through Line-Through"
          LayoutBR {BR} at (376,63) size 0x0
        LayoutBlockFlow (anonymous) at (0,84) size 784x20
          LayoutText {#text} at (0,0) size 340x19
            text run at (0,0) width 340: "Line-Through Line-Through Line-Through Line-Through"
      LayoutBlockFlow (anonymous) at (0,461.72) size 784x20
        LayoutBR {BR} at (0,0) size 0x19
