layer at (0,0) size 800x600
  LayoutView at (0,0) size 800x600
layer at (0,0) size 800x600
  LayoutBlockFlow {HTML} at (0,0) size 800x600
    LayoutBlockFlow {BODY} at (8,8) size 784x576
      LayoutBlockFlow {H2} at (0,0) size 784x27
        LayoutText {#text} at (0,0) size 444x26
          text run at (0,0) width 444: "Test case for First-line text-decoration style"
      LayoutBlockFlow {P} at (0,46.91) size 784x20
        LayoutText {#text} at (0,0) size 495x19
          text run at (0,0) width 495: "Text-decoration UNDERLINE : Only the first line must have an underline."
      LayoutBlockFlow {DIV} at (0,82.91) size 784x88 [color=#008000]
        LayoutText {#text} at (0,10) size 632x27
          text run at (0,10) width 632: "Underline Underline Underline Underline"
        LayoutBR {BR} at (632,31) size 0x0
        LayoutText {#text} at (0,48) size 244x19
          text run at (0,48) width 244: "Underline Underline Underline Underline"
        LayoutBR {BR} at (244,63) size 0x0
        LayoutText {#text} at (0,68) size 244x19
          text run at (0,68) width 244: "Underline Underline Underline Underline"
      LayoutBlockFlow (anonymous) at (0,170.91) size 784x20
        LayoutBR {BR} at (0,0) size 0x19
      LayoutBlockFlow {P} at (0,206.91) size 784x0
      LayoutBlockFlow {P} at (0,206.91) size 784x20
        LayoutText {#text} at (0,0) size 475x19
          text run at (0,0) width 475: "Text-decoration OVERLINE : Only the first line must have an overline."
      LayoutBlockFlow {DIV} at (0,242.91) size 784x88 [color=#008000]
        LayoutText {#text} at (0,10) size 552x27
          text run at (0,10) width 552: "Overline Overline Overline Overline"
        LayoutBR {BR} at (552,31) size 0x0
        LayoutText {#text} at (0,48) size 216x19
          text run at (0,48) width 216: "Overline Overline Overline Overline"
        LayoutBR {BR} at (216,63) size 0x0
        LayoutText {#text} at (0,68) size 216x19
          text run at (0,68) width 216: "Overline Overline Overline Overline"
      LayoutBlockFlow (anonymous) at (0,330.91) size 784x20
        LayoutBR {BR} at (0,0) size 0x19
      LayoutBlockFlow {P} at (0,366.91) size 784x0
      LayoutBlockFlow {P} at (0,366.91) size 784x20
        LayoutText {#text} at (0,0) size 546x19
          text run at (0,0) width 546: "Text-decoration LINE-THROUGH : Only the first line must have a line through it."
      LayoutBlockFlow {DIV} at (0,402.91) size 784x88 [color=#008000]
        LayoutText {#text} at (0,10) size 725x27
          text run at (0,10) width 725: "Line-Through Line-Through Line-Through Line "
        LayoutBR {BR} at (725,31) size 0x0
        LayoutText {#text} at (0,48) size 340x19
          text run at (0,48) width 340: "Line-Through Line-Through Line-Through Line-Through"
        LayoutBR {BR} at (340,63) size 0x0
        LayoutText {#text} at (0,68) size 340x19
          text run at (0,68) width 340: "Line-Through Line-Through Line-Through Line-Through"
      LayoutBlockFlow (anonymous) at (0,490.91) size 784x20
        LayoutBR {BR} at (0,0) size 0x19
      LayoutBlockFlow {P} at (0,526.91) size 784x0
