layer at (0,0) size 800x600
  LayoutView at (0,0) size 800x600
layer at (0,0) size 800x600
  LayoutBlockFlow {HTML} at (0,0) size 800x600
    LayoutBlockFlow {BODY} at (8,8) size 784x584
      LayoutBlockFlow {P} at (0,0) size 784x40
        LayoutText {#text} at (0,0) size 778x39
          text run at (0,0) width 778: "Assuming the port-specific theme draws focus rings, this test can be used to ensure that a focus ring is drawn with an outline width"
          text run at (0,20) width 55: "of 10 px."
      LayoutBlockFlow (anonymous) at (0,56) size 784x20
        LayoutInline {A} at (0,0) size 25x19 [color=#0000EE]
          LayoutText {#text} at (0,0) size 25x19
            text run at (0,0) width 25: "Test"
        LayoutText {#text} at (0,0) size 0x0
