layer at (0,0) size 800x600
  LayoutView at (0,0) size 800x600
layer at (0,0) size 800x76
  LayoutBlockFlow {HTML} at (0,0) size 800x76
    LayoutBlockFlow {BODY} at (8,8) size 784x60
      LayoutBlockFlow (anonymous) at (0,0) size 784x20
        LayoutText {#text} at (0,0) size 644x19
          text run at (0,0) width 644: "Tests focus ring around an inline element containing block continuations. There should be a single focus ring."
      LayoutBlockFlow {DIV} at (0,20) size 200x40
        LayoutBlockFlow (anonymous) at (0,0) size 200x20
          LayoutInline {SPAN} at (0,0) size 94x19
            LayoutText {#text} at (0,0) size 94x19
              text run at (0,0) width 94: "INLINE TEXT"
        LayoutBlockFlow (anonymous) at (0,20) size 200x20
        LayoutBlockFlow (anonymous) at (0,40) size 200x0
          LayoutInline {SPAN} at (0,0) size 0x0
          LayoutText {#text} at (0,0) size 0x0
layer at (8,45) size 200x20
  LayoutBlockFlow (relative positioned) {DIV} at (0,0) size 200x20
    LayoutText {#text} at (0,0) size 141x19
      text run at (0,0) width 141: "BLOCK CONTENTS"
