layer at (0,0) size 800x600
  LayoutView at (0,0) size 800x600
layer at (0,0) size 800x600
  LayoutBlockFlow {HTML} at (0,0) size 800x600
    LayoutBlockFlow {BODY} at (8,8) size 784x584
      LayoutTable {TABLE} at (0,0) size 460x106
        LayoutTableSection {TBODY} at (0,0) size 460x106
          LayoutTableRow {TR} at (0,2) size 460x102
            LayoutTableCell {TD} at (2,2) size 102x102 [r=0 c=0 rs=1 cs=1]
              LayoutText {#text} at (1,1) size 100x99
                text run at (1,1) width 74: "This is some"
                text run at (1,21) width 97: "filler text. This is"
                text run at (1,41) width 61: "some filler"
                text run at (1,61) width 100: "text.This is some"
                text run at (1,81) width 55: "filler text."
            LayoutTableCell {TD} at (106,22) size 352x62 [r=0 c=1 rs=1 cs=1]
              LayoutText {#text} at (1,1) size 186x19
                text run at (1,1) width 186: "The text in this anchor element "
              LayoutInline {A} at (0,0) size 229x39 [color=#0000EE]
                LayoutText {#text} at (187,1) size 43x19
                  text run at (187,1) width 43: "should "
                LayoutBR {BR} at (230,16) size 0x0
                LayoutText {#text} at (1,21) size 43x19
                  text run at (1,21) width 43: "contain"
              LayoutText {#text} at (44,21) size 333x39
                text run at (44,21) width 290: " 2 detached pieces. This test shows how the link"
                text run at (1,41) width 98: "would look text."
