layer at (0,0) size 800x600
  LayoutView at (0,0) size 800x600
layer at (0,0) size 800x600
  LayoutBlockFlow {HTML} at (0,0) size 800x600
    LayoutBlockFlow {BODY} at (8,8) size 784x584
      LayoutTable {TABLE} at (0,0) size 460x166
        LayoutTableSection {TBODY} at (0,0) size 460x166
          LayoutTableRow {TR} at (0,2) size 460x162
            LayoutTableCell {TD} at (2,2) size 102x162 [r=0 c=0 rs=1 cs=1]
              LayoutText {#text} at (1,1) size 27x19
                text run at (1,1) width 27: "The "
              LayoutInline {A} at (0,0) size 92x159 [color=#0000EE]
                LayoutText {#text} at (28,1) size 92x159
                  text run at (28,1) width 60: "text in this"
                  text run at (1,21) width 91: "anchor element"
                  text run at (1,41) width 82: "should spawn"
                  text run at (1,61) width 80: "multiple lines."
                  text run at (1,81) width 92: "This test shows"
                  text run at (1,101) width 78: "how multiline"
                  text run at (1,121) width 62: "link would"
                  text run at (1,141) width 27: "look"
              LayoutText {#text} at (28,141) size 25x19
                text run at (28,141) width 25: "like."
            LayoutTableCell {TD} at (106,62) size 352x42 [r=0 c=1 rs=1 cs=1]
              LayoutText {#text} at (1,1) size 348x39
                text run at (1,1) width 348: "This is some filler text. This is some filler text. This is some"
                text run at (1,21) width 192: "filler text. This is some filler text."
