layer at (0,0) size 800x600
  LayoutView at (0,0) size 800x600
layer at (0,0) size 800x417
  LayoutBlockFlow {HTML} at (0,0) size 800x417
    LayoutBlockFlow {BODY} at (8,16) size 784x188
      LayoutBlockFlow {P} at (0,0) size 784x20
        LayoutText {#text} at (0,0) size 421x19
          text run at (0,0) width 421: "For each of pairs, the first one and the second one should be identical."
      LayoutTable (floating) {TABLE} at (0,36) size 152x365
        LayoutTableSection {TBODY} at (0,0) size 152x365
          LayoutTableRow {TR} at (0,2) size 152x75
            LayoutTableCell {TD} at (2,2) size 73x74.81 [r=0 c=0 rs=1 cs=1]
              LayoutBlockFlow {SECTION} at (1,1) size 71x72.81
                LayoutBlockFlow {H1} at (0,21.91) size 71x29 [border: (1px solid #00FF00)]
                  LayoutText {#text} at (1,1) size 69x26
                    text run at (1,1) width 69: "MMM"
            LayoutTableCell {TD} at (77,2) size 73x74.81 [r=0 c=1 rs=1 cs=1]
              LayoutBlockFlow {H2} at (1,22.91) size 71x29 [border: (1px solid #00FF00)]
                LayoutText {#text} at (1,1) size 69x26
                  text run at (1,1) width 69: "MMM"
          LayoutTableRow {TR} at (0,79) size 152x68
            LayoutTableCell {TD} at (2,79) size 73x68.44 [r=1 c=0 rs=1 cs=1]
              LayoutBlockFlow {ARTICLE} at (1,1) size 71x66.44
                LayoutBlockFlow {SECTION} at (0,0) size 71x66.44
                  LayoutBlockFlow {H1} at (0,20.72) size 71x25 [border: (1px solid #00FF00)]
                    LayoutText {#text} at (1,1) size 54x22
                      text run at (1,1) width 54: "MMM"
            LayoutTableCell {TD} at (77,79) size 73x68.44 [r=1 c=1 rs=1 cs=1]
              LayoutBlockFlow {H3} at (1,21.72) size 71x25 [border: (1px solid #00FF00)]
                LayoutText {#text} at (1,1) size 54x22
                  text run at (1,1) width 54: "MMM"
          LayoutTableRow {TR} at (0,149) size 152x71
            LayoutTableCell {TD} at (2,149) size 73x70.53 [r=2 c=0 rs=1 cs=1]
              LayoutBlockFlow {NAV} at (1,1) size 71x68.53
                LayoutBlockFlow {ARTICLE} at (0,0) size 71x68.53
                  LayoutBlockFlow {SECTION} at (0,0) size 71x68.53
                    LayoutBlockFlow {H1} at (0,23.27) size 71x22 [border: (1px solid #00FF00)]
                      LayoutText {#text} at (1,1) size 48x19
                        text run at (1,1) width 48: "MMM"
            LayoutTableCell {TD} at (77,149) size 73x70.53 [r=2 c=1 rs=1 cs=1]
              LayoutBlockFlow {H4} at (1,24.27) size 71x22 [border: (1px solid #00FF00)]
                LayoutText {#text} at (1,1) size 48x19
                  text run at (1,1) width 48: "MMM"
          LayoutTableRow {TR} at (0,222) size 152x68
            LayoutTableCell {TD} at (2,222) size 73x68.34 [r=3 c=0 rs=1 cs=1]
              LayoutBlockFlow {NAV} at (1,1) size 71x66.34
                LayoutBlockFlow {ASIDE} at (0,0) size 71x66.34
                  LayoutBlockFlow {ARTICLE} at (0,0) size 71x66.34
                    LayoutBlockFlow {SECTION} at (0,0) size 71x66.34
                      LayoutBlockFlow {H1} at (0,24.17) size 71x18 [border: (1px solid #00FF00)]
                        LayoutText {#text} at (1,1) size 33x15
                          text run at (1,1) width 33: "MMM"
            LayoutTableCell {TD} at (77,222) size 73x68.34 [r=3 c=1 rs=1 cs=1]
              LayoutBlockFlow {H5} at (1,25.17) size 71x18 [border: (1px solid #00FF00)]
                LayoutText {#text} at (1,1) size 33x15
                  text run at (1,1) width 33: "MMM"
          LayoutTableRow {TR} at (0,292) size 152x71
            LayoutTableCell {TD} at (2,292) size 73x70.94 [r=4 c=0 rs=1 cs=1]
              LayoutBlockFlow {SECTION} at (1,1) size 71x68.94
                LayoutBlockFlow {DIV} at (0,0) size 71x68.94
                  LayoutBlockFlow {NAV} at (0,0) size 71x68.94
                    LayoutBlockFlow {ASIDE} at (0,0) size 71x68.94
                      LayoutBlockFlow {ARTICLE} at (0,0) size 71x68.94
                        LayoutBlockFlow {SECTION} at (0,0) size 71x68.94
                          LayoutBlockFlow {H1} at (0,26.97) size 71x15 [border: (1px solid #00FF00)]
                            LayoutText {#text} at (1,1) size 30x13
                              text run at (1,1) width 30: "MMM"
                  LayoutBlockFlow {DIV} at (0,68.94) size 71x0
            LayoutTableCell {TD} at (77,292) size 73x70.94 [r=4 c=1 rs=1 cs=1]
              LayoutBlockFlow {H6} at (1,27.97) size 71x15 [border: (1px solid #00FF00)]
                LayoutText {#text} at (1,1) size 30x13
                  text run at (1,1) width 30: "MMM"
      LayoutTable {TABLE} at (152,36) size 365x152
        LayoutTableSection {TBODY} at (0,0) size 365x152
          LayoutTableRow {TR} at (2,0) size 75x152
            LayoutTableCell {TD} at (2,2) size 74.81x73 [r=0 c=0 rs=1 cs=1]
              LayoutBlockFlow {SECTION} at (1,1) size 72.81x71
                LayoutBlockFlow {H1} at (21.91,0) size 29x71 [border: (1px solid #00FF00)]
                  LayoutText {#text} at (1,1) size 26x69
                    text run at (1,1) width 69: "MMM"
            LayoutTableCell {TD} at (2,77) size 74.81x73 [r=0 c=1 rs=1 cs=1]
              LayoutBlockFlow {H2} at (22.91,1) size 29x71 [border: (1px solid #00FF00)]
                LayoutText {#text} at (1,1) size 26x69
                  text run at (1,1) width 69: "MMM"
          LayoutTableRow {TR} at (79,0) size 68x152
            LayoutTableCell {TD} at (79,2) size 68.44x73 [r=1 c=0 rs=1 cs=1]
              LayoutBlockFlow {ARTICLE} at (1,1) size 66.44x71
                LayoutBlockFlow {SECTION} at (0,0) size 66.44x71
                  LayoutBlockFlow {H1} at (20.72,0) size 25x71 [border: (1px solid #00FF00)]
                    LayoutText {#text} at (1,1) size 22x54
                      text run at (1,1) width 54: "MMM"
            LayoutTableCell {TD} at (79,77) size 68.44x73 [r=1 c=1 rs=1 cs=1]
              LayoutBlockFlow {H3} at (21.72,1) size 25x71 [border: (1px solid #00FF00)]
                LayoutText {#text} at (1,1) size 22x54
                  text run at (1,1) width 54: "MMM"
          LayoutTableRow {TR} at (149,0) size 71x152
            LayoutTableCell {TD} at (149,2) size 70.53x73 [r=2 c=0 rs=1 cs=1]
              LayoutBlockFlow {NAV} at (1,1) size 68.53x71
                LayoutBlockFlow {ARTICLE} at (0,0) size 68.53x71
                  LayoutBlockFlow {SECTION} at (0,0) size 68.53x71
                    LayoutBlockFlow {H1} at (23.27,0) size 22x71 [border: (1px solid #00FF00)]
                      LayoutText {#text} at (1,1) size 19x48
                        text run at (1,1) width 48: "MMM"
            LayoutTableCell {TD} at (149,77) size 70.53x73 [r=2 c=1 rs=1 cs=1]
              LayoutBlockFlow {H4} at (24.27,1) size 22x71 [border: (1px solid #00FF00)]
                LayoutText {#text} at (1,1) size 19x48
                  text run at (1,1) width 48: "MMM"
          LayoutTableRow {TR} at (222,0) size 68x152
            LayoutTableCell {TD} at (222,2) size 68.34x73 [r=3 c=0 rs=1 cs=1]
              LayoutBlockFlow {NAV} at (1,1) size 66.34x71
                LayoutBlockFlow {ASIDE} at (0,0) size 66.34x71
                  LayoutBlockFlow {ARTICLE} at (0,0) size 66.34x71
                    LayoutBlockFlow {SECTION} at (0,0) size 66.34x71
                      LayoutBlockFlow {H1} at (24.17,0) size 18x71 [border: (1px solid #00FF00)]
                        LayoutText {#text} at (1,1) size 15x33
                          text run at (1,1) width 33: "MMM"
            LayoutTableCell {TD} at (222,77) size 68.34x73 [r=3 c=1 rs=1 cs=1]
              LayoutBlockFlow {H5} at (25.17,1) size 18x71 [border: (1px solid #00FF00)]
                LayoutText {#text} at (1,1) size 15x33
                  text run at (1,1) width 33: "MMM"
          LayoutTableRow {TR} at (292,0) size 71x152
            LayoutTableCell {TD} at (292,2) size 70.94x73 [r=4 c=0 rs=1 cs=1]
              LayoutBlockFlow {SECTION} at (1,1) size 68.94x71
                LayoutBlockFlow {DIV} at (0,0) size 68.94x71
                  LayoutBlockFlow {NAV} at (0,0) size 68.94x71
                    LayoutBlockFlow {ASIDE} at (0,0) size 68.94x71
                      LayoutBlockFlow {ARTICLE} at (0,0) size 68.94x71
                        LayoutBlockFlow {SECTION} at (0,0) size 68.94x71
                          LayoutBlockFlow {H1} at (26.97,0) size 15x71 [border: (1px solid #00FF00)]
                            LayoutText {#text} at (1,1) size 13x30
                              text run at (1,1) width 30: "MMM"
                  LayoutBlockFlow {DIV} at (68.94,0) size 0x71
            LayoutTableCell {TD} at (292,77) size 70.94x73 [r=4 c=1 rs=1 cs=1]
              LayoutBlockFlow {H6} at (27.97,1) size 15x71 [border: (1px solid #00FF00)]
                LayoutText {#text} at (1,1) size 13x30
                  text run at (1,1) width 30: "MMM"
layer at (11,55) size 71x2 clip at (0,0) size 0x0
  LayoutBlockFlow {HR} at (0,0) size 71x2 [border: (1px inset #EEEEEE)]
layer at (11,126) size 71x2 clip at (0,0) size 0x0
  LayoutBlockFlow {HR} at (0,70.81) size 71x2 [border: (1px inset #EEEEEE)]
layer at (86,55) size 71x2 clip at (0,0) size 0x0
  LayoutBlockFlow {HR} at (1,1) size 71x2 [border: (1px inset #EEEEEE)]
layer at (86,126) size 71x2 clip at (0,0) size 0x0
  LayoutBlockFlow {HR} at (1,71.81) size 71x2 [border: (1px inset #EEEEEE)]
layer at (11,132) size 71x2 clip at (0,0) size 0x0
  LayoutBlockFlow {HR} at (0,0) size 71x2 [border: (1px inset #EEEEEE)]
layer at (11,196) size 71x2 clip at (0,0) size 0x0
  LayoutBlockFlow {HR} at (0,64.44) size 71x2 [border: (1px inset #EEEEEE)]
layer at (86,132) size 71x2 clip at (0,0) size 0x0
  LayoutBlockFlow {HR} at (1,1) size 71x2 [border: (1px inset #EEEEEE)]
layer at (86,196) size 71x2 clip at (0,0) size 0x0
  LayoutBlockFlow {HR} at (1,65.44) size 71x2 [border: (1px inset #EEEEEE)]
layer at (11,202) size 71x2 clip at (0,0) size 0x0
  LayoutBlockFlow {HR} at (0,0) size 71x2 [border: (1px inset #EEEEEE)]
layer at (11,269) size 71x2 clip at (0,0) size 0x0
  LayoutBlockFlow {HR} at (0,66.53) size 71x2 [border: (1px inset #EEEEEE)]
layer at (86,202) size 71x2 clip at (0,0) size 0x0
  LayoutBlockFlow {HR} at (1,1) size 71x2 [border: (1px inset #EEEEEE)]
layer at (86,269) size 71x2 clip at (0,0) size 0x0
  LayoutBlockFlow {HR} at (1,67.53) size 71x2 [border: (1px inset #EEEEEE)]
layer at (11,275) size 71x2 clip at (0,0) size 0x0
  LayoutBlockFlow {HR} at (0,0) size 71x2 [border: (1px inset #EEEEEE)]
layer at (11,339) size 71x2 clip at (0,0) size 0x0
  LayoutBlockFlow {HR} at (0,64.34) size 71x2 [border: (1px inset #EEEEEE)]
layer at (86,275) size 71x2 clip at (0,0) size 0x0
  LayoutBlockFlow {HR} at (1,1) size 71x2 [border: (1px inset #EEEEEE)]
layer at (86,339) size 71x2 clip at (0,0) size 0x0
  LayoutBlockFlow {HR} at (1,65.34) size 71x2 [border: (1px inset #EEEEEE)]
layer at (11,345) size 71x2 clip at (0,0) size 0x0
  LayoutBlockFlow {HR} at (0,0) size 71x2 [border: (1px inset #EEEEEE)]
layer at (11,412) size 71x2 clip at (0,0) size 0x0
  LayoutBlockFlow {HR} at (0,66.94) size 71x2 [border: (1px inset #EEEEEE)]
layer at (86,345) size 71x2 clip at (0,0) size 0x0
  LayoutBlockFlow {HR} at (1,1) size 71x2 [border: (1px inset #EEEEEE)]
layer at (86,412) size 71x2 clip at (0,0) size 0x0
  LayoutBlockFlow {HR} at (1,67.94) size 71x2 [border: (1px inset #EEEEEE)]
layer at (520,55) size 2x71 clip at (0,0) size 0x0
  LayoutBlockFlow {HR} at (0,0) size 2x71 [border: (1px inset #EEEEEE)]
layer at (449,55) size 2x71 clip at (0,0) size 0x0
  LayoutBlockFlow {HR} at (70.81,0) size 2x71 [border: (1px inset #EEEEEE)]
layer at (520,130) size 2x71 clip at (0,0) size 0x0
  LayoutBlockFlow {HR} at (1,1) size 2x71 [border: (1px inset #EEEEEE)]
layer at (449,130) size 2x71 clip at (0,0) size 0x0
  LayoutBlockFlow {HR} at (71.81,1) size 2x71 [border: (1px inset #EEEEEE)]
layer at (443,55) size 2x71 clip at (0,0) size 0x0
  LayoutBlockFlow {HR} at (0,0) size 2x71 [border: (1px inset #EEEEEE)]
layer at (379,55) size 2x71 clip at (0,0) size 0x0
  LayoutBlockFlow {HR} at (64.44,0) size 2x71 [border: (1px inset #EEEEEE)]
layer at (443,130) size 2x71 clip at (0,0) size 0x0
  LayoutBlockFlow {HR} at (1,1) size 2x71 [border: (1px inset #EEEEEE)]
layer at (379,130) size 2x71 clip at (0,0) size 0x0
  LayoutBlockFlow {HR} at (65.44,1) size 2x71 [border: (1px inset #EEEEEE)]
layer at (373,55) size 2x71 clip at (0,0) size 0x0
  LayoutBlockFlow {HR} at (0,0) size 2x71 [border: (1px inset #EEEEEE)]
layer at (306,55) size 2x71 clip at (0,0) size 0x0
  LayoutBlockFlow {HR} at (66.53,0) size 2x71 [border: (1px inset #EEEEEE)]
layer at (373,130) size 2x71 clip at (0,0) size 0x0
  LayoutBlockFlow {HR} at (1,1) size 2x71 [border: (1px inset #EEEEEE)]
layer at (306,130) size 2x71 clip at (0,0) size 0x0
  LayoutBlockFlow {HR} at (67.53,1) size 2x71 [border: (1px inset #EEEEEE)]
layer at (300,55) size 2x71 clip at (0,0) size 0x0
  LayoutBlockFlow {HR} at (0,0) size 2x71 [border: (1px inset #EEEEEE)]
layer at (236,55) size 2x71 clip at (0,0) size 0x0
  LayoutBlockFlow {HR} at (64.34,0) size 2x71 [border: (1px inset #EEEEEE)]
layer at (300,130) size 2x71 clip at (0,0) size 0x0
  LayoutBlockFlow {HR} at (1,1) size 2x71 [border: (1px inset #EEEEEE)]
layer at (236,130) size 2x71 clip at (0,0) size 0x0
  LayoutBlockFlow {HR} at (65.34,1) size 2x71 [border: (1px inset #EEEEEE)]
layer at (230,55) size 2x71 clip at (0,0) size 0x0
  LayoutBlockFlow {HR} at (0,0) size 2x71 [border: (1px inset #EEEEEE)]
layer at (163,55) size 2x71 clip at (0,0) size 0x0
  LayoutBlockFlow {HR} at (66.94,0) size 2x71 [border: (1px inset #EEEEEE)]
layer at (230,130) size 2x71 clip at (0,0) size 0x0
  LayoutBlockFlow {HR} at (1,1) size 2x71 [border: (1px inset #EEEEEE)]
layer at (163,130) size 2x71 clip at (0,0) size 0x0
  LayoutBlockFlow {HR} at (67.94,1) size 2x71 [border: (1px inset #EEEEEE)]
