layer at (0,0) size 800x600
  LayoutView at (0,0) size 800x600
layer at (0,0) size 800x600
  LayoutBlockFlow {HTML} at (0,0) size 800x600
    LayoutBlockFlow {BODY} at (8,8) size 784x576
      LayoutBlockFlow {P} at (0,0) size 86x46 [border: (3px solid #0000FF)]
        LayoutInline {SPAN} at (0,0) size 99x19
          LayoutText {#text} at (3,3) size 99x19
            text run at (3,3) width 99: "AAAAAAAAA"
        LayoutText {#text} at (102,3) size 121x39
          text run at (102,3) width 22: "AA"
          text run at (3,23) width 20: "BB"
      LayoutBlockFlow {P} at (0,62) size 86x26 [border: (3px solid #0000FF)]
        LayoutInline {SPAN} at (0,0) size 99x19
          LayoutText {#text} at (3,3) size 99x19
            text run at (3,3) width 99: "AAAAAAAAA"
        LayoutText {#text} at (102,3) size 55x19
          text run at (102,3) width 55: "AAAAA"
      LayoutBlockFlow {P} at (0,104) size 86x46 [border: (3px solid #0000FF)]
        LayoutInline {SPAN} at (0,0) size 44x19
          LayoutText {#text} at (3,3) size 44x19
            text run at (3,3) width 44: "AAAA"
        LayoutText {#text} at (0,0) size 0x0
        LayoutInline {SPAN} at (0,0) size 40x19
          LayoutText {#text} at (3,23) size 40x19
            text run at (3,23) width 40: "BBBB"
        LayoutText {#text} at (43,23) size 50x19
          text run at (43,23) width 50: "BBBBB"
      LayoutBlockFlow {P} at (0,166) size 86x46 [border: (3px solid #0000FF)]
        LayoutInline {SPAN} at (0,0) size 99x19
          LayoutText {#text} at (3,3) size 99x19
            text run at (3,3) width 99: "AAAAAAAAA"
        LayoutText {#text} at (102,3) size 121x39
          text run at (102,3) width 22: "AA"
          text run at (3,23) width 18: "ZZ"
        LayoutInline {SPAN} at (0,0) size 81x19
          LayoutText {#text} at (21,23) size 81x19
            text run at (21,23) width 81: "ZZZZZZZZZ"
      LayoutBlockFlow {P} at (0,228) size 86x26 [border: (3px solid #0000FF)]
        LayoutInline {SPAN} at (0,0) size 99x19
          LayoutText {#text} at (3,3) size 99x19
            text run at (3,3) width 99: "AAAAAAAAA"
        LayoutText {#text} at (102,3) size 70x19
          text run at (102,3) width 70: "MMMMM"
        LayoutInline {SPAN} at (0,0) size 81x19
          LayoutText {#text} at (172,3) size 81x19
            text run at (172,3) width 81: "ZZZZZZZZZ"
      LayoutBlockFlow {P} at (0,270) size 86x46 [border: (3px solid #0000FF)]
        LayoutText {#text} at (3,3) size 55x19
          text run at (3,3) width 55: "YYYYY"
        LayoutInline {SPAN} at (0,0) size 44x19
          LayoutText {#text} at (58,3) size 44x19
            text run at (58,3) width 44: "YYYY"
        LayoutText {#text} at (0,0) size 0x0
        LayoutInline {SPAN} at (0,0) size 36x19
          LayoutText {#text} at (3,23) size 36x19
            text run at (3,23) width 36: "ZZZZ"
      LayoutBlockFlow {P} at (0,332) size 86x46 [border: (3px solid #0000FF)]
        LayoutText {#text} at (3,3) size 22x39
          text run at (3,3) width 22: "YY"
          text run at (3,23) width 18: "ZZ"
        LayoutInline {SPAN} at (0,0) size 81x19
          LayoutText {#text} at (21,23) size 81x19
            text run at (21,23) width 81: "ZZZZZZZZZ"
      LayoutBlockFlow {P} at (0,394) size 86x26 [border: (3px solid #0000FF)]
        LayoutText {#text} at (3,3) size 45x19
          text run at (3,3) width 45: "ZZZZZ"
        LayoutInline {SPAN} at (0,0) size 81x19
          LayoutText {#text} at (48,3) size 81x19
            text run at (48,3) width 81: "ZZZZZZZZZ"
