layer at (0,0) size 800x600
  LayoutView at (0,0) size 800x600
layer at (0,0) size 800x600
  LayoutBlockFlow {HTML} at (0,0) size 800x600
    LayoutBlockFlow {BODY} at (8,8) size 784x584
      LayoutTextControl {INPUT} at (0,0) size 455x81 [bgcolor=#FFFFFF] [border: (2px inset #EEEEEE)]
        LayoutFlexibleBox {DIV} at (3,3) size 449x46
          LayoutBlockFlow {DIV} at (0,0) size 424x46
      LayoutBR {BR} at (455,39) size 0x0
      LayoutTextControl {INPUT} at (0,81) size 453x81 [bgcolor=#FFFFFF] [border: (2px inset #EEEEEE)]
      LayoutBR {BR} at (453,120) size 0x0
      LayoutTextControl {INPUT} at (0,162) size 236x25 [bgcolor=#FFFFFF] [border: (2px inset #EEEEEE)]
        LayoutFlexibleBox {DIV} at (6,0.50) size 224x24
          LayoutBlockFlow {DIV} at (0,0) size 206x24
layer at (11,11) size 424x46
  LayoutBlockFlow {DIV} at (0,0) size 424x46
    LayoutText {#text} at (0,0) size 357x45
      text run at (0,0) width 357: "value jgq not clipped"
layer at (10,92) size 449x46
  LayoutBlockFlow {DIV} at (2,3) size 449x46
    LayoutText {#text} at (0,0) size 357x45
      text run at (0,0) width 357: "value jgq not clipped"
layer at (14,171) size 206x24 backgroundClip at (14,172) size 206x21 clip at (14,172) size 206x21
  LayoutBlockFlow {DIV} at (0,0) size 206x24
    LayoutText {#text} at (0,0) size 115x23
      text run at (0,0) width 115: "Sample Input"
layer at (436,24) size 21x21 transparent
  LayoutBlockFlow {DIV} at (425,12.50) size 21x21
layer at (221,176) size 14x14 transparent
  LayoutBlockFlow {DIV} at (207,5) size 14x14
