layer at (0,0) size 800x600
  LayoutView at (0,0) size 800x600
layer at (0,0) size 800x600
  LayoutBlockFlow {HTML} at (0,0) size 800x600
    LayoutBlockFlow {BODY} at (8,8) size 784x542
      LayoutBlockFlow {P} at (0,0) size 784x20
        LayoutInline {A} at (0,0) size 57x19 [color=#0000EE]
          LayoutText {#text} at (0,0) size 57x19
            text run at (0,0) width 57: "bug 7118"
        LayoutText {#text} at (57,0) size 338x19
          text run at (57,0) width 338: ": Wrong property values do not get invalidated correctly."
      LayoutBlockFlow {P} at (0,36) size 784x20
        LayoutText {#text} at (0,0) size 356x19
          text run at (0,0) width 356: "The two words \"test\" should look the same, with no outline:"
      LayoutBlockFlow {DIV} at (0,106) size 784x59
        LayoutBlockFlow {P} at (0,0) size 100x59
          LayoutText {#text} at (0,1) size 71x57
            text run at (0,1) width 71: "test"
      LayoutBlockFlow {P} at (0,215) size 784x59
        LayoutText {#text} at (0,1) size 71x57
          text run at (0,1) width 71: "test"
