layer at (0,0) size 800x600
  LayoutView at (0,0) size 800x600
layer at (0,0) size 800x274
  LayoutBlockFlow {HTML} at (0,0) size 800x274
    LayoutBlockFlow {BODY} at (8,12) size 784x250
      LayoutBlockFlow {P} at (0,0) size 784x32
        LayoutText {#text} at (0,0) size 774x31
          text run at (0,0) width 774: "This test verifies that line height is determined solely by a box's primary font, not by its fallback fonts. The following two lines should have a solid, unbroken red"
          text run at (0,16) width 79: "line below them:"
      LayoutBlockFlow {DIV} at (0,44) size 784x97
        LayoutBlockFlow {UL} at (0,0) size 567x97
          LayoutBlockFlow (floating) {LI} at (40,0) size 64x31 [border: none (1px solid #FF0000) none]
            LayoutInline {A} at (0,0) size 42x16
              LayoutText {#text} at (12,7) size 42x16
                text run at (12,7) width 42: "\x{6EE8}\x{5D0E}\x{6B65}"
          LayoutBlockFlow (floating) {LI} at (104,0) size 76x31 [border: none (1px solid #FF0000) none]
            LayoutInline {A} at (0,0) size 54x20
              LayoutText {#text} at (12,5) size 54x20
                text run at (12,5) width 54: "\x{8521}\x{4F9D}\x{6797}"
          LayoutBlockFlow (floating) {LI} at (180,0) size 94x31 [border: none (1px solid #FF0000) none]
            LayoutInline {A} at (0,0) size 72x27
              LayoutText {#text} at (12,1) size 72x27
                text run at (12,1) width 72: "\x{9648}\x{7EEE}\x{8D1E}"
          LayoutBlockFlow (floating) {LI} at (274,0) size 76x31 [border: none (1px solid #FF0000) none]
            LayoutInline {A} at (0,0) size 54x20
              LayoutText {#text} at (12,5) size 54x20
                text run at (12,5) width 54: "\x{9648}\x{5955}\x{8FC5}"
          LayoutBlockFlow (floating) {LI} at (350,0) size 58x31 [border: none (1px solid #FF0000) none]
            LayoutInline {A} at (0,0) size 36x15
              LayoutText {#text} at (12,7) size 36x15
                text run at (12,7) width 36: "\x{9ED1}\x{9E2D}\x{5B50}"
          LayoutBlockFlow (floating) {LI} at (408,0) size 64x31 [border: none (1px solid #FF0000) none]
            LayoutInline {A} at (0,0) size 42x16
              LayoutText {#text} at (12,7) size 42x16
                text run at (12,7) width 42: "\x{674E}\x{5B87}\x{6625}"
          LayoutBlockFlow (floating) {LI} at (472,0) size 64x31 [border: none (1px solid #FF0000) none]
            LayoutInline {A} at (0,0) size 42x16
              LayoutText {#text} at (12,7) size 42x16
                text run at (12,7) width 42: "\x{6881}\x{9759}\x{8339}"
      LayoutBlockFlow {DIV} at (0,153) size 784x97
        LayoutBlockFlow {UL} at (0,0) size 567x97
          LayoutBlockFlow (floating) {LI} at (40,0) size 64x31 [border: none (1px solid #FF0000) none]
            LayoutText {#text} at (12,7) size 42x16
              text run at (12,7) width 42: "\x{6EE8}\x{5D0E}\x{6B65}"
          LayoutBlockFlow (floating) {LI} at (104,0) size 76x31 [border: none (1px solid #FF0000) none]
            LayoutText {#text} at (12,5) size 54x20
              text run at (12,5) width 54: "\x{8521}\x{4F9D}\x{6797}"
          LayoutBlockFlow (floating) {LI} at (180,0) size 94x31 [border: none (1px solid #FF0000) none]
            LayoutText {#text} at (12,1) size 72x27
              text run at (12,1) width 72: "\x{9648}\x{7EEE}\x{8D1E}"
          LayoutBlockFlow (floating) {LI} at (274,0) size 76x31 [border: none (1px solid #FF0000) none]
            LayoutText {#text} at (12,5) size 54x20
              text run at (12,5) width 54: "\x{9648}\x{5955}\x{8FC5}"
          LayoutBlockFlow (floating) {LI} at (350,0) size 58x31 [border: none (1px solid #FF0000) none]
            LayoutText {#text} at (12,7) size 36x15
              text run at (12,7) width 36: "\x{9ED1}\x{9E2D}\x{5B50}"
          LayoutBlockFlow (floating) {LI} at (408,0) size 64x31 [border: none (1px solid #FF0000) none]
            LayoutText {#text} at (12,7) size 42x16
              text run at (12,7) width 42: "\x{674E}\x{5B87}\x{6625}"
          LayoutBlockFlow (floating) {LI} at (472,0) size 64x31 [border: none (1px solid #FF0000) none]
            LayoutText {#text} at (12,7) size 42x16
              text run at (12,7) width 42: "\x{6881}\x{9759}\x{8339}"
