layer at (0,0) size 800x600
  LayoutView at (0,0) size 800x600
layer at (0,0) size 800x76
  LayoutBlockFlow {HTML} at (0,0) size 800x76
    LayoutBlockFlow {BODY} at (8,16) size 784x52
      LayoutBlockFlow {P} at (0,0) size 784x20
        LayoutText {#text} at (0,0) size 254x19
          text run at (0,0) width 254: "There should be no red below, only green."
      LayoutBlockFlow {DIV} at (0,36) size 16x16 [color=#008000] [bgcolor=#FF0000]
        LayoutText {#text} at (0,0) size 16x16
          text run at (0,0) width 16: "X"
