layer at (0,0) size 800x600
  LayoutView at (0,0) size 800x600
layer at (0,0) size 800x600
  LayoutBlockFlow {HTML} at (0,0) size 800x600
    LayoutBlockFlow {BODY} at (8,8) size 784x584
      LayoutBlockFlow {DIV} at (0,0) size 784x20
        LayoutText {#text} at (0,0) size 50x19
          text run at (0,0) width 50: "Test for "
        LayoutInline {A} at (0,0) size 110x19 [color=#0000EE]
          LayoutText {#text} at (50,0) size 110x19
            text run at (50,0) width 110: "Bugzilla Bug 9934"
        LayoutText {#text} at (160,0) size 425x19
          text run at (160,0) width 425: " Selecting text in text field with {line-height:100%} causes it to bounce."
      LayoutBlockFlow {DIV} at (0,20) size 784x22
        LayoutTextControl {INPUT} at (0,0) size 173x22 [bgcolor=#FFFFFF] [border: (2px inset #EEEEEE)]
      LayoutBlockFlow {DIV} at (0,42) size 784x20
        LayoutText {#text} at (0,0) size 754x19
          text run at (0,0) width 542: "Select the text in the text field using horizontal mouse movements, then drag up and down. "
          text run at (542,0) width 212: "The text should not move vertically."
layer at (10,31) size 169x16
  LayoutBlockFlow {DIV} at (2,3) size 169x16
    LayoutText {#text} at (0,0) size 75x16
      text run at (0,0) width 75: "Lorem Ipsum"
