layer at (0,0) size 800x600
  LayoutView at (0,0) size 800x600
layer at (0,0) size 800x600
  LayoutBlockFlow {HTML} at (0,0) size 800x600
    LayoutBlockFlow {BODY} at (8,8) size 784x584
      LayoutBlockFlow {P} at (0,0) size 784x20
        LayoutText {#text} at (0,0) size 237x19
          text run at (0,0) width 237: "What it should look like (positive case):"
      LayoutBlockFlow {DIV} at (0,36) size 784x76 [border: (1px solid #008000)]
        LayoutBlockFlow {DIV} at (1,11) size 782x22 [border: (1px solid #0000FF)]
          LayoutText {#text} at (1,1) size 79x19
            text run at (1,1) width 79: "Lorem ipsum"
        LayoutBlockFlow {DIV} at (1,43) size 782x22 [border: (1px dotted #0000FF)]
          LayoutText {#text} at (1,1) size 79x19
            text run at (1,1) width 79: "Lorem ipsum"
      LayoutBlockFlow {P} at (0,128) size 784x20
        LayoutText {#text} at (0,0) size 240x19
          text run at (0,0) width 240: "What it should look like (negative case):"
      LayoutBlockFlow {DIV} at (0,164) size 784x36 [border: (1px solid #008000)]
        LayoutBlockFlow {DIV} at (1,11) size 782x22 [border: (1px solid #0000FF)]
          LayoutText {#text} at (1,1) size 79x19
            text run at (1,1) width 79: "Lorem ipsum"
        LayoutBlockFlow {DIV} at (1,23) size 782x22 [border: (1px dotted #0000FF)]
          LayoutText {#text} at (1,1) size 79x19
            text run at (1,1) width 79: "Lorem ipsum"
      LayoutBlockFlow {P} at (0,216) size 784x20
        LayoutText {#text} at (0,0) size 349x19
          text run at (0,0) width 349: "Dynamic case (automatically testing positive --> negative):"
      LayoutBlockFlow {DIV} at (0,252) size 784x36 [border: (1px solid #008000)]
        LayoutBlockFlow {DIV} at (1,11) size 782x22 [border: (1px solid #0000FF)]
          LayoutText {#text} at (1,1) size 79x19
            text run at (1,1) width 79: "Lorem ipsum"
        LayoutBlockFlow {DIV} at (1,23) size 782x22 [border: (1px dotted #0000FF)]
          LayoutText {#text} at (1,1) size 79x19
            text run at (1,1) width 79: "Lorem ipsum"
      LayoutBlockFlow (anonymous) at (0,288) size 784x42
        LayoutBR {BR} at (0,0) size 0x19
        LayoutButton {INPUT} at (0,20) size 108x22 [bgcolor=#C0C0C0] [border: (2px outset #C0C0C0)]
          LayoutBlockFlow (anonymous) at (8,3) size 92x16
            LayoutText {#text} at (0,0) size 92x16
              text run at (0,0) width 92: "Negative margin"
        LayoutText {#text} at (108,21) size 4x19
          text run at (108,21) width 4: " "
        LayoutButton {INPUT} at (112,20) size 104x22 [bgcolor=#C0C0C0] [border: (2px outset #C0C0C0)]
          LayoutBlockFlow (anonymous) at (8,3) size 88x16
            LayoutText {#text} at (0,0) size 88x16
              text run at (0,0) width 88: "Positive margin"
        LayoutText {#text} at (0,0) size 0x0
      LayoutBlockFlow {P} at (0,346) size 784x20
        LayoutText {#text} at (0,0) size 424x19
          text run at (0,0) width 424: "Dynamic case (automatically testing positive --> negative --> positive):"
      LayoutBlockFlow {DIV} at (0,382) size 784x76 [border: (1px solid #008000)]
        LayoutBlockFlow {DIV} at (1,11) size 782x22 [border: (1px solid #0000FF)]
          LayoutText {#text} at (1,1) size 79x19
            text run at (1,1) width 79: "Lorem ipsum"
        LayoutBlockFlow {DIV} at (1,43) size 782x22 [border: (1px dotted #0000FF)]
          LayoutText {#text} at (1,1) size 79x19
            text run at (1,1) width 79: "Lorem ipsum"
      LayoutBlockFlow (anonymous) at (0,458) size 784x42
        LayoutBR {BR} at (0,0) size 0x19
        LayoutButton {INPUT} at (0,20) size 108x22 [bgcolor=#C0C0C0] [border: (2px outset #C0C0C0)]
          LayoutBlockFlow (anonymous) at (8,3) size 92x16
            LayoutText {#text} at (0,0) size 92x16
              text run at (0,0) width 92: "Negative margin"
        LayoutText {#text} at (108,21) size 4x19
          text run at (108,21) width 4: " "
        LayoutButton {INPUT} at (112,20) size 104x22 [bgcolor=#C0C0C0] [border: (2px outset #C0C0C0)]
          LayoutBlockFlow (anonymous) at (8,3) size 88x16
            LayoutText {#text} at (0,0) size 88x16
              text run at (0,0) width 88: "Positive margin"
        LayoutText {#text} at (0,0) size 0x0
