layer at (0,0) size 800x600
  LayoutView at (0,0) size 800x600
layer at (0,0) size 800x600
  LayoutBlockFlow {HTML} at (0,0) size 800x600
    LayoutBlockFlow {BODY} at (8,8) size 784x584
layer at (8,8) size 162x100
  LayoutBlockFlow (positioned) {DIV} at (8,8) size 162x100 [bgcolor=#FF0000]
    LayoutText {#text} at (0,0) size 162x19
      text run at (0,0) width 162: "This should be 100px high."
