layer at (0,0) size 800x600
  LayoutView at (0,0) size 800x600
layer at (0,0) size 800x600
  LayoutBlockFlow {HTML} at (0,0) size 800x600
    LayoutBlockFlow {BODY} at (8,8) size 784x584
      LayoutText {#text} at (0,38) size 272x19
        text run at (0,38) width 272: "The following inputs should not be stretched. "
      LayoutBlockFlow {INPUT} at (276,3) size 13x50
      LayoutText {#text} at (292,38) size 4x19
        text run at (292,38) width 4: " "
      LayoutBlockFlow {INPUT} at (301,3) size 13x50
      LayoutText {#text} at (0,0) size 0x0
