layer at (0,0) size 800x600
  LayoutView at (0,0) size 800x600
layer at (0,0) size 800x600
  LayoutBlockFlow {HTML} at (0,0) size 800x600
    LayoutBlockFlow {BODY} at (8,8) size 784x579
      LayoutBlockFlow {DIV} at (0,0) size 784x16
        LayoutBlockFlow (anonymous) at (0,0) size 784x0
          LayoutInline {SPAN} at (0,0) size 0x0
        LayoutBlockFlow (anonymous) at (0,0) size 784x16
          LayoutBlockFlow {PRE} at (0,0) size 784x16
            LayoutText {#text} at (0,0) size 792x16
              text run at (0,0) width 792: "There should only be a focus ring around this contentEditable div, and not a tiny one below as well"
        LayoutBlockFlow (anonymous) at (0,29) size 784x0
          LayoutInline {SPAN} at (0,0) size 0x0
          LayoutText {#text} at (0,0) size 0x0
