layer at (0,0) size 800x600
  LayoutView at (0,0) size 800x600
layer at (0,0) size 800x600
  LayoutBlockFlow {HTML} at (0,0) size 800x600
    LayoutBlockFlow {BODY} at (8,20) size 784x560
      LayoutBlockFlow {DIV} at (20,0) size 744x56 [bgcolor=#ADD8E6]
        LayoutBlockFlow {P} at (0,0) size 744x20
          LayoutText {#text} at (0,0) size 296x19
            text run at (0,0) width 296: "There should be one outline around the whole div"
        LayoutBlockFlow {P} at (-20,36) size 764x20
          LayoutText {#text} at (0,0) size 152x19
            text run at (0,0) width 152: "Not around each element"
      LayoutBlockFlow {DIV} at (20,76) size 744x56 [bgcolor=#ADD8E6]
        LayoutBlockFlow {P} at (0,0) size 744x20
          LayoutText {#text} at (0,0) size 296x19
            text run at (0,0) width 296: "There should be one outline around the whole div"
        LayoutBlockFlow {P} at (-20,36) size 764x20
          LayoutText {#text} at (0,0) size 152x19
            text run at (0,0) width 152: "Not around each element"
