layer at (0,0) size 800x600
  LayoutView at (0,0) size 800x600
layer at (0,0) size 800x600
  LayoutBlockFlow {HTML} at (0,0) size 800x600
    LayoutBlockFlow {BODY} at (100,100) size 600x400
      LayoutBlockFlow {P} at (0,0) size 600x40
        LayoutInline {SPAN} at (0,0) size 0x0
        LayoutText {#text} at (0,0) size 0x0
        LayoutBR {BR} at (0,0) size 0x19
        LayoutBR {BR} at (0,20) size 0x19
      LayoutBlockFlow {P} at (0,56) size 600x120
        LayoutInline {SPAN} at (0,0) size 0x19
          LayoutBR {BR} at (0,0) size 0x19
        LayoutText {#text} at (0,0) size 0x0
        LayoutBR {BR} at (0,20) size 0x19
        LayoutBR {BR} at (0,40) size 0x19
        LayoutBR {BR} at (0,60) size 0x19
        LayoutBR {BR} at (0,80) size 0x19
        LayoutBR {BR} at (0,100) size 0x19
      LayoutBlockFlow {P} at (0,192) size 600x140
        LayoutInline {SPAN} at (0,0) size 7x39
          LayoutBR {BR} at (0,0) size 0x19
          LayoutText {#text} at (0,20) size 7x19
            text run at (0,20) width 7: "x"
        LayoutText {#text} at (7,20) size 4x19
          text run at (7,20) width 4: " "
        LayoutBR {BR} at (11,35) size 0x0
        LayoutBR {BR} at (0,40) size 0x19
        LayoutBR {BR} at (0,60) size 0x19
        LayoutBR {BR} at (0,80) size 0x19
        LayoutBR {BR} at (0,100) size 0x19
        LayoutBR {BR} at (0,120) size 0x19
      LayoutBlockFlow {P} at (0,348) size 600x40
        LayoutInline {SPAN} at (0,0) size 7x39
          LayoutText {#text} at (0,0) size 7x19
            text run at (0,0) width 7: "x"
          LayoutBR {BR} at (7,15) size 0x0
          LayoutBR {BR} at (0,20) size 0x19
        LayoutText {#text} at (0,0) size 0x0
