layer at (0,0) size 800x600 scrollWidth 984
  LayoutView at (0,0) size 800x600
layer at (0,0) size 800x100
  LayoutBlockFlow {HTML} at (0,0) size 800x100
    LayoutBlockFlow {BODY} at (8,16) size 784x76
      LayoutBlockFlow {P} at (0,0) size 784x20
        LayoutText {#text} at (0,0) size 536x19
          text run at (0,0) width 536: "Test passes if the orange box sits atop the blue box and both are in the center of the view."
      LayoutBlockFlow (anonymous) at (0,36) size 784x0
      LayoutBlockFlow (anonymous) at (0,56) size 784x20
        LayoutText {#text} at (0,0) size 0x0
layer at (200,244) size 0x0
  LayoutInline (relative positioned) {SPAN} at (0,0) size 0x0 [bgcolor=#0000FF]
    LayoutText {#text} at (0,0) size 0x0
    LayoutInline {I} at (0,0) size 0x0
      LayoutText {#text} at (0,0) size 0x0
layer at (200,244) size 784x20 backgroundClip at (0,0) size 800x600 clip at (0,0) size 800x600
  LayoutBlockFlow (anonymous) (relative positioned) at (0,36) size 784x20
    LayoutBlockFlow {DIV} at (0,0) size 192x20 [bgcolor=#FFA500]
      LayoutText {#text} at (0,0) size 67x19
        text run at (0,0) width 67: "Filler Text"
layer at (200,264) size 67x19
  LayoutInline (relative positioned) {SPAN} at (0,0) size 67x19 [bgcolor=#0000FF]
    LayoutInline {I} at (0,0) size 67x19
      LayoutText {#text} at (0,0) size 67x19
        text run at (0,0) width 67: "Filler Text"
    LayoutText {#text} at (0,0) size 0x0
