layer at (0,0) size 800x600
  LayoutView at (0,0) size 800x600
layer at (0,0) size 800x100
  LayoutBlockFlow {HTML} at (0,0) size 800x100
    LayoutBlockFlow {BODY} at (8,16) size 784x76
      LayoutBlockFlow {P} at (0,0) size 784x20
        LayoutText {#text} at (0,0) size 536x19
          text run at (0,0) width 536: "Test passes if the blue box sits atop the orange box and both are in the center of the view."
      LayoutBlockFlow {DIV} at (0,36) size 192x40 [bgcolor=#FF0000]
        LayoutBlockFlow (anonymous) at (0,0) size 192x20
        LayoutBlockFlow (anonymous) at (0,40) size 192x0
          LayoutText {#text} at (0,0) size 0x0
layer at (200,244) size 68x19
  LayoutInline (relative positioned) {SPAN} at (0,0) size 68x19 [bgcolor=#0000FF]
    LayoutText {#text} at (0,0) size 68x19
      text run at (0,0) width 68: "Filler Text1"
layer at (200,264) size 192x20
  LayoutBlockFlow (anonymous) (relative positioned) at (0,20) size 192x20
    LayoutBlockFlow {DIV} at (0,0) size 192x20 [bgcolor=#FFA500]
      LayoutText {#text} at (0,0) size 60x19
        text run at (0,0) width 60: "Filler Text"
layer at (200,284) size 0x0
  LayoutInline (relative positioned) {SPAN} at (0,0) size 0x0 [bgcolor=#0000FF]
