layer at (0,0) size 800x600
  LayoutView at (0,0) size 800x600
layer at (0,0) size 800x272
  LayoutBlockFlow {HTML} at (0,0) size 800x272
    LayoutBlockFlow {BODY} at (8,16) size 784x248
      LayoutBlockFlow {P} at (0,0) size 784x40
        LayoutText {#text} at (0,0) size 765x39
          text run at (0,0) width 765: "Test passes if each of the orange boxes is sandwiched between two blue boxes and all blue and orange boxes are below the big"
          text run at (0,20) width 70: "yellow box."
layer at (8,72) size 192x192
  LayoutBlockFlow (relative positioned) {DIV} at (0,56) size 192x192 [bgcolor=#FFFF00]
    LayoutBlockFlow (anonymous) at (0,0) size 192x20
    LayoutBlockFlow (anonymous) at (0,40) size 192x20
    LayoutBlockFlow (anonymous) at (0,80) size 192x20
    LayoutBlockFlow (anonymous) at (0,120) size 192x20
      LayoutText {#text} at (0,0) size 0x0
layer at (8,264) size 60x19
  LayoutInline (relative positioned) {DIV} at (0,0) size 60x19 [bgcolor=#0000FF]
    LayoutText {#text} at (0,0) size 60x19
      text run at (0,0) width 60: "Filler Text"
layer at (8,284) size 192x20
  LayoutBlockFlow (anonymous) (relative positioned) at (0,20) size 192x20
    LayoutBlockFlow {DIV} at (0,0) size 192x20 [bgcolor=#FFA500]
      LayoutText {#text} at (0,0) size 60x19
        text run at (0,0) width 60: "Filler Text"
layer at (8,304) size 60x19
  LayoutInline (relative positioned) {DIV} at (0,0) size 60x19 [bgcolor=#0000FF]
    LayoutText {#text} at (0,0) size 60x19
      text run at (0,0) width 60: "Filler Text"
layer at (8,324) size 192x20
  LayoutBlockFlow (anonymous) (relative positioned) at (0,60) size 192x20
    LayoutBlockFlow {DIV} at (0,0) size 192x20 [bgcolor=#FFA500]
      LayoutText {#text} at (0,0) size 60x19
        text run at (0,0) width 60: "Filler Text"
layer at (8,344) size 60x19
  LayoutInline (relative positioned) {DIV} at (0,0) size 60x19 [bgcolor=#0000FF]
    LayoutText {#text} at (0,0) size 60x19
      text run at (0,0) width 60: "Filler Text"
layer at (8,364) size 192x20
  LayoutBlockFlow (anonymous) (relative positioned) at (0,100) size 192x20
    LayoutBlockFlow {DIV} at (0,0) size 192x20 [bgcolor=#FFA500]
      LayoutText {#text} at (0,0) size 60x19
        text run at (0,0) width 60: "Filler Text"
layer at (8,384) size 60x19
  LayoutInline (relative positioned) {DIV} at (0,0) size 60x19 [bgcolor=#0000FF]
    LayoutText {#text} at (0,0) size 60x19
      text run at (0,0) width 60: "Filler Text"
