layer at (0,0) size 800x600
  LayoutView at (0,0) size 800x600
layer at (0,0) size 800x600
  LayoutBlockFlow {HTML} at (0,0) size 800x600
    LayoutBlockFlow {BODY} at (8,8) size 784x584
      LayoutText {#text} at (0,0) size 760x73
        text run at (0,0) width 760: "This is a test to make sure rem units used on the root element"
        text run at (0,37) width 458: "are relative to the user agent default."
