layer at (0,0) size 800x600
  LayoutView at (0,0) size 800x600
layer at (0,0) size 800x600
  LayoutBlockFlow {HTML} at (0,0) size 800x600
    LayoutBlockFlow {BODY} at (8,8) size 784x584
      LayoutBlockFlow {P} at (0,18) size 784x20
        LayoutText {#text} at (0,0) size 50x19
          text run at (0,0) width 50: "Test for "
        LayoutInline {I} at (0,0) size 557x19
          LayoutInline {A} at (0,0) size 302x19 [color=#0000EE]
            LayoutText {#text} at (50,0) size 302x19
              text run at (50,0) width 302: "https://bugs.webkit.org/show_bug.cgi?id=9221"
          LayoutText {#text} at (352,0) size 255x19
            text run at (352,0) width 4: " "
            text run at (356,0) width 251: "resize property doesn't work on iframes"
        LayoutText {#text} at (607,0) size 4x19
          text run at (607,0) width 4: "."
      LayoutBlockFlow (anonymous) at (0,64) size 784x230
        LayoutText {#text} at (0,0) size 0x0
layer at (8,8) size 784x2 clip at (0,0) size 0x0
  LayoutBlockFlow {HR} at (0,0) size 784x2 [border: (1px inset #EEEEEE)]
layer at (8,62) size 784x2 clip at (0,0) size 0x0
  LayoutBlockFlow {HR} at (0,54) size 784x2 [border: (1px inset #EEEEEE)]
layer at (58,122) size 163x130
  LayoutIFrame {IFRAME} at (50,50) size 163x130 [border: (2px solid #0000FF)]
    layer at (0,0) size 159x126
      LayoutView at (0,0) size 159x126
    layer at (0,0) size 159x126
      LayoutBlockFlow {HTML} at (0,0) size 159x126
        LayoutBlockFlow {BODY} at (8,8) size 143x110
