layer at (0,0) size 800x600
  LayoutView at (0,0) size 800x600
layer at (0,0) size 800x600
  LayoutBlockFlow {HTML} at (0,0) size 800x600
    LayoutBlockFlow {BODY} at (8,20) size 784x530
      LayoutBlockFlow {DIV} at (20,0) size 744x57
        LayoutInline {SPAN} at (0,0) size 90x55 [textStrokeWidth=1.00]
          LayoutText {#text} at (0,1) size 90x55
            text run at (0,1) width 90: "This"
        LayoutText {#text} at (90,1) size 12x55
          text run at (90,1) width 12: " "
        LayoutInline {SPAN} at (0,0) size 77x55 [textFillColor=#FFFFFF] [textStrokeWidth=1.00]
          LayoutText {#text} at (102,1) size 77x55
            text run at (102,1) width 77: "text"
        LayoutText {#text} at (179,1) size 12x55
          text run at (179,1) width 12: " "
        LayoutInline {SPAN} at (0,0) size 99x55 [color=#0000004D]
          LayoutText {#text} at (191,1) size 99x55
            text run at (191,1) width 99: "casts"
        LayoutText {#text} at (290,1) size 12x55
          text run at (290,1) width 12: " "
        LayoutInline {SPAN} at (0,0) size 170x55
          LayoutText {#text} at (302,1) size 170x55
            text run at (302,1) width 170: "multiple"
        LayoutText {#text} at (472,1) size 185x55
          text run at (472,1) width 12: " "
          text run at (484,1) width 173: "shadows"
      LayoutBlockFlow {DIV} at (50,107) size 100x100
      LayoutBlockFlow {DIV} at (50,257) size 100x100 [bgcolor=#FFFFFF]
      LayoutBlockFlow {DIV} at (50,407) size 100x100 [bgcolor=#00000033]
selection start: position 0 of child 0 {#text} of child 7 {SPAN} of child 0 {DIV} of body
selection end:   position 6 of child 0 {#text} of child 7 {SPAN} of child 0 {DIV} of body
