layer at (0,0) size 800x600
  LayoutView at (0,0) size 800x600
layer at (0,0) size 800x600
  LayoutBlockFlow {HTML} at (0,0) size 800x600
    LayoutBlockFlow {BODY} at (8,8) size 784x584
      LayoutBlockFlow (anonymous) at (0,0) size 784x20
        LayoutText {#text} at (0,0) size 600x19
          text run at (0,0) width 290: "You should see a 100x100 green square below. "
          text run at (290,0) width 310: "If you see any red or orange then the test has failed."
      LayoutBlockFlow {DIV} at (0,20) size 100x100 [bgcolor=#008000]
