layer at (0,0) size 800x600
  LayoutView at (0,0) size 800x600
layer at (0,0) size 800x600
  LayoutBlockFlow {HTML} at (0,0) size 800x600
    LayoutBlockFlow {BODY} at (8,8) size 784x584
      LayoutBlockFlow {DIV} at (0,0) size 784x20
        LayoutText {#text} at (0,0) size 512x19
          text run at (0,0) width 512: "The text below should be left-justified since text-align does not inherit in quirks mode."
      LayoutBlockFlow {DIV} at (0,20) size 784x28
        LayoutTable {TABLE} at (0,0) size 108x28 [border: (1px solid #000000)]
          LayoutTableSection {TBODY} at (1,1) size 106x26
            LayoutTableRow {TR} at (0,2) size 106x22
              LayoutTableCell {TD} at (2,2) size 102x22 [r=0 c=0 rs=1 cs=1]
                LayoutText {#text} at (1,1) size 32x19
                  text run at (1,1) width 32: "hello."
