layer at (0,0) size 800x600
  LayoutView at (0,0) size 800x600
layer at (0,0) size 800x551
  LayoutBlockFlow {HTML} at (0,0) size 800x550.72
    LayoutBlockFlow {BODY} at (8,10.72) size 784x524
      LayoutBlockFlow {H1} at (0,0) size 784x20
        LayoutText {#text} at (0,0) size 79x19
          text run at (0,0) width 79: "Simple case"
      LayoutBlockFlow {P} at (0,36) size 784x20
        LayoutText {#text} at (0,0) size 60x19
          text run at (0,0) width 60: "LTR Start"
      LayoutBlockFlow {P} at (0,72) size 784x20
        LayoutText {#text} at (729,0) size 55x19
          text run at (729,0) width 55: "LTR End"
      LayoutBlockFlow {P} at (0,108) size 784x20
        LayoutText {#text} at (724,0) size 60x19
          text run at (724,0) width 60: "RTL Start"
      LayoutBlockFlow {P} at (0,144) size 784x20
        LayoutText {#text} at (0,0) size 55x19
          text run at (0,0) width 55: "RTL End"
      LayoutBlockFlow {H1} at (0,180) size 784x20
        LayoutText {#text} at (0,0) size 95x19
          text run at (0,0) width 95: "Inherited case"
      LayoutBlockFlow {DIV} at (0,216) size 784x20
        LayoutBlockFlow {P} at (0,0) size 784x20
          LayoutText {#text} at (0,0) size 60x19
            text run at (0,0) width 60: "LTR Start"
      LayoutBlockFlow {DIV} at (0,252) size 784x20
        LayoutBlockFlow {P} at (0,0) size 784x20
          LayoutText {#text} at (729,0) size 55x19
            text run at (729,0) width 55: "LTR End"
      LayoutBlockFlow {DIV} at (0,288) size 784x20
        LayoutBlockFlow {P} at (0,0) size 784x20
          LayoutText {#text} at (724,0) size 60x19
            text run at (724,0) width 60: "RTL Start"
      LayoutBlockFlow {DIV} at (0,324) size 784x20
        LayoutBlockFlow {P} at (0,0) size 784x20
          LayoutText {#text} at (0,0) size 55x19
            text run at (0,0) width 55: "RTL End"
      LayoutBlockFlow {H1} at (0,360) size 784x20
        LayoutText {#text} at (0,0) size 407x19
          text run at (0,0) width 407: "Inherited case where parent block has opposite directionality."
      LayoutBlockFlow {DIV} at (0,396) size 784x20
        LayoutBlockFlow {P} at (0,0) size 784x20
          LayoutText {#text} at (0,0) size 60x19
            text run at (0,0) width 60: "LTR Start"
      LayoutBlockFlow {DIV} at (0,432) size 784x20
        LayoutBlockFlow {P} at (0,0) size 784x20
          LayoutText {#text} at (729,0) size 55x19
            text run at (729,0) width 55: "LTR End"
      LayoutBlockFlow {DIV} at (0,468) size 784x20
        LayoutBlockFlow {P} at (0,0) size 784x20
          LayoutText {#text} at (724,0) size 60x19
            text run at (724,0) width 60: "RTL Start"
      LayoutBlockFlow {DIV} at (0,504) size 784x20
        LayoutBlockFlow {P} at (0,0) size 784x20
          LayoutText {#text} at (0,0) size 55x19
            text run at (0,0) width 55: "RTL End"
