layer at (0,0) size 800x600
  LayoutView at (0,0) size 800x600
layer at (0,0) size 800x600
  LayoutBlockFlow {HTML} at (0,0) size 800x600
    LayoutBlockFlow {BODY} at (8,8) size 784x584
      LayoutInline {SPAN} at (0,0) size 645x139
        LayoutText {#text} at (0,1) size 645x139
          text run at (0,1) width 645: "fin LYAWA (No kerning or"
          text run at (0,72) width 227: "ligatures)"
      LayoutText {#text} at (227,111) size 4x19
        text run at (227,111) width 4: " "
      LayoutBR {BR} at (231,126) size 0x0
      LayoutInline {SPAN} at (0,0) size 645x139
        LayoutText {#text} at (0,143) size 645x139
          text run at (0,143) width 645: "fin LYAWA (No kerning or"
          text run at (0,214) width 227: "ligatures)"
      LayoutText {#text} at (227,253) size 4x19
        text run at (227,253) width 4: " "
      LayoutBR {BR} at (231,268) size 0x0
      LayoutInline {SPAN} at (0,0) size 603x139
        LayoutText {#text} at (0,285) size 603x139
          text run at (0,285) width 603: "fin LYAWA (Kerning and"
          text run at (0,356) width 227: "ligatures)"
      LayoutText {#text} at (227,395) size 4x19
        text run at (227,395) width 4: " "
      LayoutBR {BR} at (231,410) size 0x0
      LayoutInline {SPAN} at (0,0) size 603x139
        LayoutText {#text} at (0,427) size 603x139
          text run at (0,427) width 603: "fin LYAWA (Kerning and"
          text run at (0,498) width 227: "ligatures)"
      LayoutText {#text} at (227,537) size 4x19
        text run at (227,537) width 4: " "
      LayoutBR {BR} at (231,552) size 0x0
