layer at (0,0) size 800x600
  LayoutView at (0,0) size 800x600
layer at (0,0) size 800x100
  LayoutBlockFlow {HTML} at (0,0) size 800x100
    LayoutBlockFlow {BODY} at (8,8) size 784x84
layer at (8,8) size 144x84 scrollWidth 160
  LayoutBlockFlow {DIV} at (0,0) size 144x84 [color=#00000000]
    LayoutText {#text} at (0,1) size 160x81
      text run at (0,1) width 160: "Blink"
