layer at (0,0) size 800x600
  LayoutView at (0,0) size 800x600
layer at (0,0) size 800x380
  LayoutBlockFlow {HTML} at (0,0) size 800x380
    LayoutBlockFlow {BODY} at (8,16) size 784x348
      LayoutBlockFlow {P} at (0,0) size 784x20
        LayoutText {#text} at (0,0) size 292x19
          text run at (0,0) width 292: "This test is a basic check for using text-overflow."
      LayoutBlockFlow {P} at (0,36) size 784x108
        LayoutText {#text} at (0,0) size 446x19
          text run at (0,0) width 446: "Apply \"text-overflow:clip\" to inputs. The following input should be clipped:"
        LayoutBR {BR} at (446,0) size 0x19
        LayoutTextControl {INPUT} at (0,20) size 173x22 [bgcolor=#FFFFFF] [border: (2px inset #EEEEEE)]
        LayoutText {#text} at (173,21) size 4x19
          text run at (173,21) width 4: " "
        LayoutTextControl {INPUT} at (177,20) size 175x22 [bgcolor=#FFFFFF] [border: (2px inset #EEEEEE)]
          LayoutFlexibleBox {DIV} at (3,3) size 169x16
            LayoutBlockFlow {DIV} at (0,0) size 156x16
        LayoutText {#text} at (352,21) size 4x19
          text run at (352,21) width 4: " "
        LayoutTextControl {INPUT} at (356,20) size 173x22 [bgcolor=#FFFFFF] [border: (2px inset #EEEEEE)]
        LayoutText {#text} at (529,21) size 4x19
          text run at (529,21) width 4: " "
        LayoutTextControl {INPUT} at (533,20) size 175x22 [bgcolor=#FFFFFF] [border: (2px inset #EEEEEE)]
          LayoutFlexibleBox {DIV} at (3,3) size 169x16
            LayoutBlockFlow {DIV} at (0,0) size 156x16
        LayoutText {#text} at (0,0) size 0x0
        LayoutTextControl {INPUT} at (0,42) size 173x22 [bgcolor=#FFFFFF] [border: (2px inset #EEEEEE)]
        LayoutBR {BR} at (173,43) size 0x19
        LayoutTextControl {INPUT} at (0,64) size 173x22 [bgcolor=#FFFFFF] [border: (2px inset #EEEEEE)]
        LayoutText {#text} at (173,65) size 4x19
          text run at (173,65) width 4: " "
        LayoutTextControl {INPUT} at (177,64) size 175x22 [bgcolor=#FFFFFF] [border: (2px inset #EEEEEE)]
          LayoutFlexibleBox {DIV} at (3,3) size 169x16
            LayoutBlockFlow {DIV} at (12,0) size 157x16
        LayoutText {#text} at (352,65) size 4x19
          text run at (352,65) width 4: " "
        LayoutTextControl {INPUT} at (356,64) size 173x22 [bgcolor=#FFFFFF] [border: (2px inset #EEEEEE)]
        LayoutText {#text} at (529,65) size 4x19
          text run at (529,65) width 4: " "
        LayoutTextControl {INPUT} at (533,64) size 175x22 [bgcolor=#FFFFFF] [border: (2px inset #EEEEEE)]
          LayoutFlexibleBox {DIV} at (3,3) size 169x16
            LayoutBlockFlow {DIV} at (12,0) size 157x16
        LayoutText {#text} at (0,0) size 0x0
        LayoutTextControl {INPUT} at (0,86) size 173x22 [bgcolor=#FFFFFF] [border: (2px inset #EEEEEE)]
        LayoutText {#text} at (0,0) size 0x0
      LayoutBlockFlow {P} at (0,160) size 784x108
        LayoutText {#text} at (0,0) size 494x19
          text run at (0,0) width 494: "Apply \"text-overflow:ellipsis\" to inputs. The following input should show an ellipsis:"
        LayoutBR {BR} at (494,0) size 0x19
        LayoutTextControl {INPUT} at (0,20) size 173x22 [bgcolor=#FFFFFF] [border: (2px inset #EEEEEE)]
        LayoutText {#text} at (173,21) size 4x19
          text run at (173,21) width 4: " "
        LayoutTextControl {INPUT} at (177,20) size 175x22 [bgcolor=#FFFFFF] [border: (2px inset #EEEEEE)]
          LayoutFlexibleBox {DIV} at (3,3) size 169x16
            LayoutBlockFlow {DIV} at (0,0) size 156x16
        LayoutText {#text} at (352,21) size 4x19
          text run at (352,21) width 4: " "
        LayoutTextControl {INPUT} at (356,20) size 173x22 [bgcolor=#FFFFFF] [border: (2px inset #EEEEEE)]
        LayoutText {#text} at (529,21) size 4x19
          text run at (529,21) width 4: " "
        LayoutTextControl {INPUT} at (533,20) size 175x22 [bgcolor=#FFFFFF] [border: (2px inset #EEEEEE)]
          LayoutFlexibleBox {DIV} at (3,3) size 169x16
            LayoutBlockFlow {DIV} at (0,0) size 156x16
        LayoutText {#text} at (0,0) size 0x0
        LayoutTextControl {INPUT} at (0,42) size 173x22 [bgcolor=#FFFFFF] [border: (2px inset #EEEEEE)]
        LayoutBR {BR} at (173,43) size 0x19
        LayoutTextControl {INPUT} at (0,64) size 173x22 [bgcolor=#FFFFFF] [border: (2px inset #EEEEEE)]
        LayoutText {#text} at (173,65) size 4x19
          text run at (173,65) width 4: " "
        LayoutTextControl {INPUT} at (177,64) size 175x22 [bgcolor=#FFFFFF] [border: (2px inset #EEEEEE)]
          LayoutFlexibleBox {DIV} at (3,3) size 169x16
            LayoutBlockFlow {DIV} at (12,0) size 157x16
        LayoutText {#text} at (352,65) size 4x19
          text run at (352,65) width 4: " "
        LayoutTextControl {INPUT} at (356,64) size 173x22 [bgcolor=#FFFFFF] [border: (2px inset #EEEEEE)]
        LayoutText {#text} at (529,65) size 4x19
          text run at (529,65) width 4: " "
        LayoutTextControl {INPUT} at (533,64) size 175x22 [bgcolor=#FFFFFF] [border: (2px inset #EEEEEE)]
          LayoutFlexibleBox {DIV} at (3,3) size 169x16
            LayoutBlockFlow {DIV} at (12,0) size 157x16
        LayoutText {#text} at (0,0) size 0x0
        LayoutTextControl {INPUT} at (0,86) size 173x22 [bgcolor=#FFFFFF] [border: (2px inset #EEEEEE)]
        LayoutText {#text} at (0,0) size 0x0
      LayoutBlockFlow {P} at (0,284) size 784x64
        LayoutText {#text} at (0,0) size 218x19
          text run at (0,0) width 218: "Dynamic style change text-overflow:"
        LayoutBR {BR} at (218,0) size 0x19
        LayoutText {#text} at (0,21) size 223x19
          text run at (0,21) width 223: "Clip to ellipsis (should show ellipsis): "
        LayoutTextControl {INPUT} at (223,20) size 173x22 [bgcolor=#FFFFFF] [border: (2px inset #EEEEEE)]
        LayoutText {#text} at (396,21) size 4x19
          text run at (396,21) width 4: " "
        LayoutTextControl {INPUT} at (400,20) size 173x22 [bgcolor=#FFFFFF] [border: (2px inset #EEEEEE)]
        LayoutText {#text} at (573,21) size 4x19
          text run at (573,21) width 4: " "
        LayoutBR {BR} at (0,0) size 0x0
        LayoutText {#text} at (0,43) size 244x19
          text run at (0,43) width 244: "Ellipsis to clip (should not show ellipsis): "
        LayoutTextControl {INPUT} at (244,42) size 173x22 [bgcolor=#FFFFFF] [border: (2px inset #EEEEEE)]
        LayoutText {#text} at (417,43) size 4x19
          text run at (417,43) width 4: " "
        LayoutTextControl {INPUT} at (421,42) size 173x22 [bgcolor=#FFFFFF] [border: (2px inset #EEEEEE)]
        LayoutText {#text} at (594,43) size 4x19
          text run at (594,43) width 4: " "
        LayoutBR {BR} at (0,0) size 0x0
layer at (10,75) size 169x16 scrollWidth 317
  LayoutBlockFlow {DIV} at (2,3) size 169x16 [color=#757575]
    LayoutText {#text} at (0,0) size 317x16
      text run at (0,0) width 317: "Lorem ipsum dolor sit amet, consectetur adipiscing elit"
layer at (10,75) size 169x16
  LayoutBlockFlow {DIV} at (2,3) size 169x16
layer at (188,75) size 156x16 scrollWidth 317
  LayoutBlockFlow {DIV} at (3,3) size 156x16 [color=#757575]
    LayoutText {#text} at (0,0) size 317x16
      text run at (0,0) width 317: "Lorem ipsum dolor sit amet, consectetur adipiscing elit"
layer at (188,75) size 156x16
  LayoutBlockFlow {DIV} at (0,0) size 156x16
layer at (366,75) size 169x16 scrollWidth 318
  LayoutBlockFlow {DIV} at (2,3) size 169x16
    LayoutText {#text} at (0,0) size 317x16
      text run at (0,0) width 317: "Lorem ipsum dolor sit amet, consectetur adipiscing elit"
layer at (544,75) size 156x16 scrollWidth 318
  LayoutBlockFlow {DIV} at (0,0) size 156x16
    LayoutText {#text} at (0,0) size 317x16
      text run at (0,0) width 317: "Lorem ipsum dolor sit amet, consectetur adipiscing elit"
layer at (10,97) size 169x16 scrollWidth 276
  LayoutBlockFlow {DIV} at (2,3) size 169x16
    LayoutText {#text} at (0,0) size 275x16
      text run at (0,0) width 275: "\x{2022}\x{2022}\x{2022}\x{2022}\x{2022}\x{2022}\x{2022}\x{2022}\x{2022}\x{2022}\x{2022}\x{2022}\x{2022}\x{2022}\x{2022}\x{2022}\x{2022}\x{2022}\x{2022}\x{2022}\x{2022}\x{2022}\x{2022}\x{2022}\x{2022}\x{2022}\x{2022}\x{2022}\x{2022}\x{2022}\x{2022}\x{2022}\x{2022}\x{2022}\x{2022}\x{2022}\x{2022}\x{2022}\x{2022}\x{2022}\x{2022}\x{2022}\x{2022}\x{2022}\x{2022}\x{2022}\x{2022}\x{2022}\x{2022}\x{2022}\x{2022}\x{2022}\x{2022}\x{2022}\x{2022}"
layer at (10,119) size 169x16 scrollX 148.00 scrollWidth 317
  LayoutBlockFlow {DIV} at (2,3) size 169x16 [color=#757575]
    LayoutText {#text} at (-148,0) size 317x16
      text run at (-148,0) width 317: "Lorem ipsum dolor sit amet, consectetur adipiscing elit"
layer at (10,119) size 169x16
  LayoutBlockFlow {DIV} at (2,3) size 169x16
layer at (200,119) size 157x16 scrollX 160.00 scrollWidth 317
  LayoutBlockFlow {DIV} at (15,3) size 157x16 [color=#757575]
    LayoutText {#text} at (-160,0) size 317x16
      text run at (-160,0) width 317: "Lorem ipsum dolor sit amet, consectetur adipiscing elit"
layer at (200,119) size 157x16
  LayoutBlockFlow {DIV} at (0,0) size 157x16
layer at (366,119) size 169x16 scrollX 148.00 scrollWidth 317
  LayoutBlockFlow {DIV} at (2,3) size 169x16
    LayoutText {#text} at (-148,0) size 317x16
      text run at (-148,0) width 317: "Lorem ipsum dolor sit amet, consectetur adipiscing elit"
layer at (556,119) size 157x16 scrollX 160.00 scrollWidth 317
  LayoutBlockFlow {DIV} at (0,0) size 157x16
    LayoutText {#text} at (-160,0) size 317x16
      text run at (-160,0) width 317: "Lorem ipsum dolor sit amet, consectetur adipiscing elit"
layer at (10,141) size 169x16 scrollX 106.00 scrollWidth 275
  LayoutBlockFlow {DIV} at (2,3) size 169x16
    LayoutText {#text} at (-106,0) size 275x16
      text run at (-106,0) width 275 RTL: "\x{2022}\x{2022}\x{2022}\x{2022}\x{2022}\x{2022}\x{2022}\x{2022}\x{2022}\x{2022}\x{2022}\x{2022}\x{2022}\x{2022}\x{2022}\x{2022}\x{2022}\x{2022}\x{2022}\x{2022}\x{2022}\x{2022}\x{2022}\x{2022}\x{2022}\x{2022}\x{2022}\x{2022}\x{2022}\x{2022}\x{2022}\x{2022}\x{2022}\x{2022}\x{2022}\x{2022}\x{2022}\x{2022}\x{2022}\x{2022}\x{2022}\x{2022}\x{2022}\x{2022}\x{2022}\x{2022}\x{2022}\x{2022}\x{2022}\x{2022}\x{2022}\x{2022}\x{2022}\x{2022}\x{2022}"
layer at (10,199) size 169x16 scrollWidth 317
  LayoutBlockFlow {DIV} at (2,3) size 169x16 [color=#757575]
    LayoutText {#text} at (0,0) size 317x16
      text run at (0,0) width 317: "Lorem ipsum dolor sit amet, consectetur adipiscing elit"
layer at (10,199) size 169x16
  LayoutBlockFlow {DIV} at (2,3) size 169x16
layer at (188,199) size 156x16 scrollWidth 317
  LayoutBlockFlow {DIV} at (3,3) size 156x16 [color=#757575]
    LayoutText {#text} at (0,0) size 317x16
      text run at (0,0) width 317: "Lorem ipsum dolor sit amet, consectetur adipiscing elit"
layer at (188,199) size 156x16
  LayoutBlockFlow {DIV} at (0,0) size 156x16
layer at (366,199) size 169x16 scrollWidth 318
  LayoutBlockFlow {DIV} at (2,3) size 169x16
    LayoutText {#text} at (0,0) size 317x16
      text run at (0,0) width 317: "Lorem ipsum dolor sit amet, consectetur adipiscing elit"
layer at (544,199) size 156x16 scrollWidth 318
  LayoutBlockFlow {DIV} at (0,0) size 156x16
    LayoutText {#text} at (0,0) size 317x16
      text run at (0,0) width 317: "Lorem ipsum dolor sit amet, consectetur adipiscing elit"
layer at (10,221) size 169x16 scrollWidth 276
  LayoutBlockFlow {DIV} at (2,3) size 169x16
    LayoutText {#text} at (0,0) size 275x16
      text run at (0,0) width 275: "\x{2022}\x{2022}\x{2022}\x{2022}\x{2022}\x{2022}\x{2022}\x{2022}\x{2022}\x{2022}\x{2022}\x{2022}\x{2022}\x{2022}\x{2022}\x{2022}\x{2022}\x{2022}\x{2022}\x{2022}\x{2022}\x{2022}\x{2022}\x{2022}\x{2022}\x{2022}\x{2022}\x{2022}\x{2022}\x{2022}\x{2022}\x{2022}\x{2022}\x{2022}\x{2022}\x{2022}\x{2022}\x{2022}\x{2022}\x{2022}\x{2022}\x{2022}\x{2022}\x{2022}\x{2022}\x{2022}\x{2022}\x{2022}\x{2022}\x{2022}\x{2022}\x{2022}\x{2022}\x{2022}\x{2022}"
layer at (10,243) size 169x16 scrollX 148.00 scrollWidth 317
  LayoutBlockFlow {DIV} at (2,3) size 169x16 [color=#757575]
    LayoutText {#text} at (-148,0) size 317x16
      text run at (-148,0) width 317: "Lorem ipsum dolor sit amet, consectetur adipiscing elit"
layer at (10,243) size 169x16
  LayoutBlockFlow {DIV} at (2,3) size 169x16
layer at (200,243) size 157x16 scrollX 160.00 scrollWidth 317
  LayoutBlockFlow {DIV} at (15,3) size 157x16 [color=#757575]
    LayoutText {#text} at (-160,0) size 317x16
      text run at (-160,0) width 317: "Lorem ipsum dolor sit amet, consectetur adipiscing elit"
layer at (200,243) size 157x16
  LayoutBlockFlow {DIV} at (0,0) size 157x16
layer at (366,243) size 169x16 scrollX 148.00 scrollWidth 317
  LayoutBlockFlow {DIV} at (2,3) size 169x16
    LayoutText {#text} at (-148,0) size 317x16
      text run at (-148,0) width 317: "Lorem ipsum dolor sit amet, consectetur adipiscing elit"
layer at (556,243) size 157x16 scrollX 160.00 scrollWidth 317
  LayoutBlockFlow {DIV} at (0,0) size 157x16
    LayoutText {#text} at (-160,0) size 317x16
      text run at (-160,0) width 317: "Lorem ipsum dolor sit amet, consectetur adipiscing elit"
layer at (10,265) size 169x16 scrollX 106.00 scrollWidth 275
  LayoutBlockFlow {DIV} at (2,3) size 169x16
    LayoutText {#text} at (-106,0) size 275x16
      text run at (-106,0) width 275 RTL: "\x{2022}\x{2022}\x{2022}\x{2022}\x{2022}\x{2022}\x{2022}\x{2022}\x{2022}\x{2022}\x{2022}\x{2022}\x{2022}\x{2022}\x{2022}\x{2022}\x{2022}\x{2022}\x{2022}\x{2022}\x{2022}\x{2022}\x{2022}\x{2022}\x{2022}\x{2022}\x{2022}\x{2022}\x{2022}\x{2022}\x{2022}\x{2022}\x{2022}\x{2022}\x{2022}\x{2022}\x{2022}\x{2022}\x{2022}\x{2022}\x{2022}\x{2022}\x{2022}\x{2022}\x{2022}\x{2022}\x{2022}\x{2022}\x{2022}\x{2022}\x{2022}\x{2022}\x{2022}\x{2022}\x{2022}"
layer at (233,323) size 169x16 scrollWidth 317
  LayoutBlockFlow {DIV} at (2,3) size 169x16 [color=#757575]
    LayoutText {#text} at (0,0) size 317x16
      text run at (0,0) width 317: "Lorem ipsum dolor sit amet, consectetur adipiscing elit"
layer at (233,323) size 169x16
  LayoutBlockFlow {DIV} at (2,3) size 169x16
layer at (410,323) size 169x16 scrollWidth 318
  LayoutBlockFlow {DIV} at (2,3) size 169x16
    LayoutText {#text} at (0,0) size 317x16
      text run at (0,0) width 317: "Lorem ipsum dolor sit amet, consectetur adipiscing elit"
layer at (254,345) size 169x16 scrollWidth 317
  LayoutBlockFlow {DIV} at (2,3) size 169x16 [color=#757575]
    LayoutText {#text} at (0,0) size 317x16
      text run at (0,0) width 317: "Lorem ipsum dolor sit amet, consectetur adipiscing elit"
layer at (254,345) size 169x16
  LayoutBlockFlow {DIV} at (2,3) size 169x16
layer at (431,345) size 169x16 scrollWidth 318
  LayoutBlockFlow {DIV} at (2,3) size 169x16
    LayoutText {#text} at (0,0) size 317x16
      text run at (0,0) width 317: "Lorem ipsum dolor sit amet, consectetur adipiscing elit"
layer at (345,79) size 9x9 transparent
  LayoutBlockFlow {DIV} at (157,3.50) size 9x9
layer at (701,79) size 9x9 transparent
  LayoutBlockFlow {DIV} at (157,3.50) size 9x9
layer at (188,123) size 9x9 transparent
  LayoutBlockFlow {DIV} at (0,3.50) size 9x9
layer at (544,123) size 9x9 transparent
  LayoutBlockFlow {DIV} at (0,3.50) size 9x9
layer at (345,203) size 9x9 transparent
  LayoutBlockFlow {DIV} at (157,3.50) size 9x9
layer at (701,203) size 9x9 transparent
  LayoutBlockFlow {DIV} at (157,3.50) size 9x9
layer at (188,247) size 9x9 transparent
  LayoutBlockFlow {DIV} at (0,3.50) size 9x9
layer at (544,247) size 9x9 transparent
  LayoutBlockFlow {DIV} at (0,3.50) size 9x9
