layer at (0,0) size 800x600
  LayoutView at (0,0) size 800x600
layer at (0,0) size 800x600
  LayoutBlockFlow {HTML} at (0,0) size 800x600
    LayoutBlockFlow {BODY} at (8,8) size 784x576
      LayoutBlockFlow {DIV} at (0,0) size 784x20
        LayoutInline {SPAN} at (0,0) size 235x19
          LayoutText {#text} at (0,0) size 235x19
            text run at (0,0) width 235: "This should not turn red when hovered."
        LayoutText {#text} at (0,0) size 0x0
      LayoutBlockFlow {P} at (0,46) size 784x40
        LayoutText {#text} at (0,0) size 50x19
          text run at (0,0) width 50: "Test for "
        LayoutInline {I} at (0,0) size 551x19
          LayoutInline {A} at (0,0) size 349x19 [color=#0000EE]
            LayoutText {#text} at (50,0) size 349x19
              text run at (50,0) width 349: "http://bugzilla.opendarwin.org/show_bug.cgi?id=7218"
          LayoutText {#text} at (399,0) size 202x19
            text run at (399,0) width 202: " Text underlined on mouse over"
        LayoutText {#text} at (601,0) size 94x19
          text run at (601,0) width 94: ". This tests that "
        LayoutInline {CODE} at (0,0) size 56x16
          LayoutText {#text} at (695,3) size 56x16
            text run at (695,3) width 56: "*:hover"
        LayoutText {#text} at (751,0) size 784x39
          text run at (751,0) width 33: " does"
          text run at (0,20) width 209: "not match anything in quirks mode."
layer at (8,36) size 784x2 clip at (0,0) size 0x0
  LayoutBlockFlow {HR} at (0,28) size 784x2 [border: (1px inset #EEEEEE)]
caret: position 1 of child 0 {#text} of child 1 {SPAN} of child 1 {DIV} of body
