layer at (0,0) size 800x600
  LayoutView at (0,0) size 800x600
layer at (0,0) size 800x600
  LayoutBlockFlow {HTML} at (0,0) size 800x600
    LayoutBlockFlow {BODY} at (8,8) size 784x584
      LayoutBlockFlow (anonymous) at (0,0) size 784x20
        LayoutText {#text} at (0,0) size 206x19
          text run at (0,0) width 206: "All text below should be 32px tall."
      LayoutBlockFlow {DIV} at (0,20) size 784x37
        LayoutText {#text} at (0,0) size 365x36
          text run at (0,0) width 365: "This text should be 32px tall."
      LayoutBlockFlow {DIV} at (0,57) size 784x37
        LayoutText {#text} at (0,0) size 365x36
          text run at (0,0) width 365: "This text should be 32px tall."
      LayoutBlockFlow {DIV} at (0,94) size 784x37
        LayoutText {#text} at (0,0) size 365x36
          text run at (0,0) width 365: "This text should be 32px tall."
      LayoutBlockFlow {DIV} at (0,131) size 784x37
        LayoutText {#text} at (0,0) size 365x36
          text run at (0,0) width 365: "This text should be 32px tall."
