layer at (0,0) size 800x600
  LayoutView at (0,0) size 800x600
layer at (0,0) size 800x248
  LayoutNGBlockFlow {HTML} at (0,0) size 800x248
    LayoutNGBlockFlow {BODY} at (8,16) size 784x224
      LayoutNGBlockFlow {P} at (0,0) size 784x40
        LayoutText {#text} at (0,0) size 719x39
          text run at (0,0) width 719: "The word 'PASS' should be seen below on the right hand side, inside a rounded box with black border and yellow"
          text run at (0,20) width 79: "background."
layer at (8,72) size 784x168
  LayoutNGBlockFlow {DIV} at (0,56) size 784x168
    LayoutMultiColumnSet (anonymous) at (0,0) size 784x168
layer at (8,72) size 392x264 backgroundClip at (0,0) size 400x240 clip at (0,0) size 400x240
  LayoutMultiColumnFlowThread (anonymous) at (0,0) size 392x264
    LayoutNGBlockFlow (anonymous) at (0,0) size 392x200
      LayoutBR {BR} at (0,6) size 0x0
      LayoutBR {BR} at (0,38) size 0x0
      LayoutBR {BR} at (0,70) size 0x0
      LayoutBR {BR} at (0,102) size 0x0
      LayoutBR {BR} at (0,134) size 0x0
      LayoutBR {BR} at (0,0) size 0x0
layer at (400,104) size 392x64 clip at (416,120) size 360x32
  LayoutNGBlockFlow (relative positioned) {DIV} at (0,200) size 392x64 [bgcolor=#FFFF00] [border: (16px solid #000000)]
    LayoutText {#text} at (177,22) size 38x19
      text run at (177,22) width 38: "PASS"
