layer at (0,0) size 800x600
  LayoutView at (0,0) size 800x600
layer at (0,0) size 800x288
  LayoutNGBlockFlow {HTML} at (0,0) size 800x288
    LayoutNGBlockFlow {BODY} at (8,16) size 784x264
      LayoutNGBlockFlow {P} at (0,0) size 784x40
        LayoutText {#text} at (0,0) size 752x39
          text run at (0,0) width 752: "There should be one yellow boxbelow, on a blue background. There is only one because the content is composited, and"
          text run at (0,20) width 140: "hence not fragmented."
layer at (8,72) size 272x208
  LayoutNGBlockFlow {DIV} at (0,56) size 272x208
    LayoutMultiColumnSet (anonymous) at (0,0) size 272x208
layer at (8,72) size 128x280 backgroundClip at (0,0) size 144x280 clip at (0,0) size 144x280
  LayoutMultiColumnFlowThread (anonymous) at (0,0) size 128x280
    LayoutNGBlockFlow (anonymous) at (0,0) size 128x128
      LayoutBR {BR} at (0,6) size 0x0
      LayoutBR {BR} at (0,38) size 0x0
      LayoutBR {BR} at (0,70) size 0x0
      LayoutBR {BR} at (0,102) size 0x0
layer at (0,72) size 800x208
  LayoutNGBlockFlow (positioned) {DIV} at (0,72) size 800x208 [bgcolor=#0000FF]
layer at (16,208) size 112x136 backgroundClip at (0,0) size 144x280 clip at (0,0) size 144x280
  LayoutNGBlockFlow (relative positioned) {DIV} at (8,136) size 112x136 [bgcolor=#FFFF00]
    LayoutText {#text} at (0,6) size 24x19
      text run at (0,6) width 24: "first"
    LayoutBR {BR} at (24,6) size 0x0
    LayoutText {#text} at (0,38) size 47x19
      text run at (0,38) width 47: "column"
    LayoutBR {BR} at (47,38) size 0x0
    LayoutText {#text} at (0,0) size 0x0
    LayoutBR {BR} at (0,0) size 0x0
    LayoutText {#text} at (0,0) size 0x0
    LayoutBR {BR} at (0,0) size 0x0
