layer at (0,0) size 800x600
  LayoutView at (0,0) size 800x600
layer at (0,0) size 800x428
  LayoutNGBlockFlow {HTML} at (0,0) size 800x428
    LayoutNGBlockFlow {BODY} at (8,16) size 784x364
      LayoutNGBlockFlow {P} at (0,0) size 784x40
        LayoutText {#text} at (0,0) size 728x39
          text run at (0,0) width 728: "If no compositing were present, there should be two green squares below. Since some elements are composited, and"
          text run at (0,20) width 301: "therefore not fragmented, the output is different."
layer at (8,104) size 60x60
  LayoutNGBlockFlow {DIV} at (0,88) size 60x60
    LayoutMultiColumnSet (anonymous) at (0,0) size 60x60
layer at (8,104) size 20x180 backgroundClip at (0,0) size 28x164 clip at (0,0) size 28x164
  LayoutMultiColumnFlowThread (anonymous) at (0,0) size 20x180
    LayoutNGBlockFlow {DIV} at (0,20) size 20x20 [bgcolor=#008000]
    LayoutNGBlockFlow {DIV} at (0,80) size 20x20 [bgcolor=#008000]
    LayoutNGBlockFlow {DIV} at (0,160) size 20x20 [bgcolor=#008000]
layer at (8,212) size 60x60
  LayoutNGBlockFlow {DIV} at (0,196) size 60x60
    LayoutMultiColumnSet (anonymous) at (0,0) size 60x60
layer at (8,212) size 20x180 backgroundClip at (0,0) size 28x272 clip at (0,0) size 28x272
  LayoutMultiColumnFlowThread (anonymous) at (0,0) size 20x180
    LayoutNGBlockFlow {DIV} at (0,20) size 20x20 [bgcolor=#008000]
    LayoutNGBlockFlow {DIV} at (0,80) size 20x20 [bgcolor=#008000]
    LayoutNGBlockFlow {DIV} at (0,160) size 20x20 [bgcolor=#008000]
layer at (8,320) size 60x60
  LayoutNGBlockFlow {DIV} at (0,304) size 60x60
    LayoutMultiColumnSet (anonymous) at (0,0) size 60x60
layer at (8,320) size 20x180 backgroundClip at (0,0) size 28x380 clip at (0,0) size 28x380
  LayoutMultiColumnFlowThread (anonymous) at (0,0) size 20x180
    LayoutNGBlockFlow {DIV} at (0,20) size 20x20 [bgcolor=#008000]
    LayoutNGBlockFlow {DIV} at (0,80) size 20x20 [bgcolor=#008000]
    LayoutNGBlockFlow {DIV} at (0,160) size 20x20 [bgcolor=#008000]
layer at (8,104) size 20x20
  LayoutNGBlockFlow {DIV} at (0,0) size 20x20
    LayoutNGBlockFlow {DIV} at (0,0) size 20x20 [bgcolor=#008000]
layer at (8,144) size 20x40
  LayoutNGBlockFlow {DIV} at (0,40) size 20x40
    LayoutNGBlockFlow {DIV} at (0,0) size 20x20 [bgcolor=#008000]
    LayoutNGBlockFlow {DIV} at (0,20) size 20x20 [bgcolor=#008000]
layer at (28,144) size 20x60
  LayoutNGBlockFlow {DIV} at (0,100) size 20x60
    LayoutNGBlockFlow {DIV} at (0,0) size 20x20 [bgcolor=#008000]
    LayoutNGBlockFlow {DIV} at (0,20) size 20x20 [bgcolor=#008000]
    LayoutNGBlockFlow {DIV} at (0,40) size 20x20 [bgcolor=#008000]
layer at (8,212) size 20x20
  LayoutNGBlockFlow {DIV} at (0,0) size 20x20
    LayoutNGBlockFlow {DIV} at (0,0) size 20x20 [bgcolor=#008000]
layer at (8,252) size 20x40
  LayoutNGBlockFlow {DIV} at (0,40) size 20x40
    LayoutNGBlockFlow {DIV} at (0,0) size 20x20 [bgcolor=#008000]
    LayoutNGBlockFlow {DIV} at (0,20) size 20x20 [bgcolor=#008000]
layer at (28,252) size 20x60
  LayoutNGBlockFlow {DIV} at (0,100) size 20x60
    LayoutNGBlockFlow {DIV} at (0,0) size 20x20 [bgcolor=#008000]
    LayoutNGBlockFlow {DIV} at (0,20) size 20x20 [bgcolor=#008000]
    LayoutNGBlockFlow {DIV} at (0,40) size 20x20 [bgcolor=#008000]
layer at (8,320) size 20x20
  LayoutNGBlockFlow (relative positioned) {DIV} at (0,0) size 20x20
    LayoutNGBlockFlow {DIV} at (0,0) size 20x20 [bgcolor=#008000]
layer at (8,360) size 20x40
  LayoutNGBlockFlow (relative positioned) {DIV} at (0,40) size 20x40
    LayoutNGBlockFlow {DIV} at (0,0) size 20x20 [bgcolor=#008000]
    LayoutNGBlockFlow {DIV} at (0,20) size 20x20 [bgcolor=#008000]
layer at (28,360) size 20x60
  LayoutNGBlockFlow (relative positioned) {DIV} at (0,100) size 20x60
    LayoutNGBlockFlow {DIV} at (0,0) size 20x20 [bgcolor=#008000]
    LayoutNGBlockFlow {DIV} at (0,20) size 20x20 [bgcolor=#008000]
    LayoutNGBlockFlow {DIV} at (0,40) size 20x20 [bgcolor=#008000]
