layer at (0,0) size 800x600
  LayoutView at (0,0) size 800x600
layer at (0,0) size 800x204
  LayoutNGBlockFlow {HTML} at (0,0) size 800x204
    LayoutNGBlockFlow {BODY} at (8,16) size 784x180
      LayoutNGBlockFlow {P} at (0,0) size 784x20
        LayoutText {#text} at (0,0) size 378x19
          text run at (0,0) width 378: "The word 'PASS' should be seen below, in the third column."
layer at (8,52) size 784x144
  LayoutNGBlockFlow {DIV} at (0,36) size 784x144
    LayoutMultiColumnSet (anonymous) at (0,0) size 784x144
layer at (8,52) size 251x256 backgroundClip at (0,0) size 267x196 clip at (0,0) size 267x196
  LayoutMultiColumnFlowThread (anonymous) at (0,0) size 250.66x256
    LayoutNGBlockFlow (anonymous) at (0,0) size 250.66x240
      LayoutBR {BR} at (0,6) size 0x0
      LayoutBR {BR} at (0,38) size 0x0
      LayoutBR {BR} at (0,70) size 0x0
      LayoutBR {BR} at (0,102) size 0x0
      LayoutBR {BR} at (0,0) size 0x0
      LayoutBR {BR} at (0,0) size 0x0
      LayoutBR {BR} at (0,0) size 0x0
layer at (0,100) size 800x18
  LayoutNGBlockFlow (positioned) {DIV} at (0,100) size 800x18 [border: (1px dotted #000000)]
layer at (275,148) size 251x16 backgroundClip at (0,0) size 267x196 clip at (0,0) size 267x196
  LayoutNGBlockFlow (relative positioned) {DIV} at (0,240) size 250.66x16
    LayoutBR {BR} at (0,6) size 0x0
    LayoutBR {BR} at (0,0) size 0x0
    LayoutText {#text} at (0,0) size 0x0
