layer at (0,0) size 800x600
  LayoutView at (0,0) size 800x600
layer at (0,0) size 800x224
  LayoutNGBlockFlow {HTML} at (0,0) size 800x224
    LayoutNGBlockFlow {BODY} at (8,16) size 784x200
      LayoutNGBlockFlow {P} at (0,0) size 784x40
        LayoutText {#text} at (0,0) size 739x39
          text run at (0,0) width 739: "There should be a yellow box in the second column, and the word 'PASS' should be below it. PASS is not in the third"
          text run at (0,20) width 461: "column because they are composited together, and hence not fragmented."
layer at (8,72) size 272x144
  LayoutNGBlockFlow {DIV} at (0,56) size 272x144
    LayoutMultiColumnSet (anonymous) at (0,0) size 272x144
layer at (8,72) size 80x272 backgroundClip at (0,0) size 96x216 clip at (0,0) size 96x216
  LayoutMultiColumnFlowThread (anonymous) at (0,0) size 80x272
    LayoutNGBlockFlow (anonymous) at (0,0) size 80x240
      LayoutBR {BR} at (0,6) size 0x0
      LayoutBR {BR} at (0,38) size 0x0
      LayoutBR {BR} at (0,70) size 0x0
      LayoutBR {BR} at (0,102) size 0x0
      LayoutBR {BR} at (0,0) size 0x0
      LayoutBR {BR} at (0,0) size 0x0
      LayoutBR {BR} at (0,0) size 0x0
layer at (0,72) size 800x144
  LayoutNGBlockFlow (positioned) {DIV} at (0,72) size 800x144 [bgcolor=#00FFFF]
layer at (104,168) size 80x32 backgroundClip at (0,0) size 96x216 clip at (0,0) size 96x216
  LayoutNGBlockFlow (relative positioned) zI: 2 {DIV} at (0,240) size 80x32 [bgcolor=#FFFF00]
    LayoutNGBlockFlow (anonymous) at (0,0) size 80x80
      LayoutBR {BR} at (0,6) size 0x0
      LayoutBR {BR} at (0,0) size 0x0
layer at (112,232) size 64x32 backgroundClip at (0,0) size 96x216 clip at (0,0) size 96x216 transparent
  LayoutNGBlockFlow {DIV} at (8,64) size 64x32
    LayoutText {#text} at (0,6) size 37x19
      text run at (0,6) width 37: "PASS"
