layer at (0,0) size 800x600
  LayoutView at (0,0) size 800x600
layer at (0,0) size 800x200
  LayoutNGBlockFlow {HTML} at (0,0) size 800x200
    LayoutNGBlockFlow {BODY} at (8,16) size 784x176
      LayoutNGBlockFlow {P} at (0,0) size 784x40
        LayoutText {#text} at (0,0) size 753x39
          text run at (0,0) width 753: "Below you should see the word 'PASS' (with some extra letter spacing), on a yellow background (which should be a bit"
          text run at (0,20) width 694: "faded near the top). The first S is below the A, because they composite together and hence are not fragmented."
layer at (8,72) size 480x120
  LayoutNGBlockFlow {DIV} at (0,56) size 480x120
    LayoutMultiColumnSet (anonymous) at (0,0) size 480x120
layer at (8,72) size 240x240 backgroundClip at (0,0) size 248x192 clip at (0,0) size 248x192
  LayoutMultiColumnFlowThread (anonymous) at (0,0) size 240x240
    LayoutNGBlockFlow (anonymous) at (0,0) size 240x184
      LayoutBR {BR} at (0,6) size 0x0
      LayoutBR {BR} at (0,38) size 0x0
      LayoutBR {BR} at (0,70) size 0x0
      LayoutBR {BR} at (0,0) size 0x0
      LayoutBR {BR} at (0,0) size 0x0
layer at (256,136) size 80x48
  LayoutNGBlockFlow {DIV} at (8,184) size 80x48 [bgcolor=#FFFF00]
    LayoutMultiColumnSet (anonymous) at (8,8) size 64x32
layer at (264,144) size 16x128 backgroundClip at (248,72) size 32x104 clip at (248,72) size 32x104
  LayoutMultiColumnFlowThread (anonymous) at (8,8) size 16x128
    LayoutNGBlockFlow (anonymous) at (0,0) size 16x32
      LayoutText {#text} at (0,6) size 9x19
        text run at (0,6) width 9: "P"
      LayoutBR {BR} at (9,6) size 0x0
    LayoutNGBlockFlow (anonymous) at (0,96) size 16x32
      LayoutText {#text} at (0,0) size 0x0
      LayoutBR {BR} at (0,0) size 0x0
layer at (240,72) size 112x53 transparent
  LayoutNGBlockFlow (positioned) {DIV} at (240,72) size 112x52.80 [bgcolor=#FFFFFF]
layer at (280,144) size 16x64 backgroundClip at (280,144) size 16x32 clip at (280,144) size 16x32
  LayoutNGBlockFlow (relative positioned) {DIV} at (0,32) size 16x64
    LayoutText {#text} at (0,0) size 0x0
    LayoutBR {BR} at (0,0) size 0x0
    LayoutText {#text} at (0,0) size 0x0
    LayoutBR {BR} at (0,0) size 0x0
