layer at (0,0) size 800x600
  LayoutView at (0,0) size 800x600
layer at (0,0) size 800x116
  LayoutBlockFlow {HTML} at (0,0) size 800x116
    LayoutBlockFlow {BODY} at (0,16) size 800x80
      LayoutBlockFlow {P} at (0,0) size 800x40
        LayoutText {#text} at (0,0) size 769x39
          text run at (0,0) width 769: "When a block element becomes a float we should not strip anonymous blocks wrapping its inline siblings if there are other"
          text run at (0,20) width 88: "blocks on the "
          text run at (88,20) width 575: "line. In this test case, the block is wrapped in an anonymous block as part of a continuation."
layer at (0,76) size 800x20
  LayoutBlockFlow (relative positioned) {DIV} at (0,60) size 800x20 [bgcolor=#CCCCCC]
    LayoutBlockFlow (anonymous) at (0,0) size 800x0
      LayoutInline {SPAN} at (0,0) size 0x0
        LayoutText {#text} at (0,0) size 0x0
    LayoutBlockFlow (anonymous) at (0,0) size 800x20
      LayoutBlockFlow {P} at (0,0) size 800x20
        LayoutText {#text} at (0,0) size 80x20
          text run at (0,0) width 80: "Text"
    LayoutBlockFlow (anonymous) at (0,40) size 800x0
      LayoutInline {SPAN} at (0,0) size 0x0
      LayoutText {#text} at (0,0) size 0x0
      LayoutBlockFlow (floating) {DD} at (800,0) size 0x0
