layer at (0,0) size 800x600
  LayoutView at (0,0) size 800x600
layer at (0,0) size 800x270
  LayoutNGBlockFlow {HTML} at (0,0) size 800x270
    LayoutNGBlockFlow {BODY} at (8,16) size 784x246
      LayoutNGBlockFlow {P} at (0,0) size 784x20
        LayoutText {#text} at (0,0) size 573x19
          text run at (0,0) width 573: "You should see 4 green squares each with one rounded corner. You should not see any red."
      LayoutNGBlockFlow (anonymous) at (0,36) size 784x210
        LayoutNGBlockFlow {DIV} at (0,0) size 100x100 [bgcolor=#FF0000]
        LayoutText {#text} at (100,85) size 4x19
          text run at (100,85) width 4: " "
        LayoutNGBlockFlow {DIV} at (104,0) size 100x100 [bgcolor=#FF0000]
        LayoutText {#text} at (0,0) size 0x0
        LayoutBR {BR} at (204,85) size 0x0
        LayoutNGBlockFlow {DIV} at (0,105) size 100x100 [bgcolor=#FF0000]
        LayoutText {#text} at (100,190) size 4x19
          text run at (100,190) width 4: " "
        LayoutNGBlockFlow {DIV} at (104,105) size 100x100 [bgcolor=#FF0000]
        LayoutText {#text} at (0,0) size 0x0
layer at (8,52) size 100x100
  LayoutNGBlockFlow {DIV} at (0,0) size 100x100 [bgcolor=#008000]
layer at (112,52) size 100x100
  LayoutNGBlockFlow {DIV} at (0,0) size 100x100 [bgcolor=#008000]
layer at (8,157) size 100x100
  LayoutNGBlockFlow {DIV} at (0,0) size 100x100 [bgcolor=#008000]
layer at (112,157) size 100x100
  LayoutNGBlockFlow {DIV} at (0,0) size 100x100 [bgcolor=#008000]
