layer at (0,0) size 800x600
  LayoutView at (0,0) size 800x600
layer at (0,0) size 800x600
  LayoutNGBlockFlow {HTML} at (0,0) size 800x600
    LayoutNGBlockFlow {BODY} at (8,8) size 784x584
      LayoutNGBlockFlow {IMG} at (0,0) size 100x100
      LayoutText {#text} at (0,0) size 0x0
layer at (8,8) size 100x100 clip at (9,9) size 98x98 scrollHeight 101
  LayoutNGBlockFlow {SPAN} at (0,0) size 100x100 [border: (1px solid #C0C0C0)]
    LayoutImage (floating) {IMG} at (2,2) size 16x16
    LayoutNGBlockFlow (anonymous) at (2,2) size 96x100
      LayoutInline {SPAN} at (0,0) size 78x99
        LayoutText {#text} at (16,0) size 78x99
          text run at (16,0) width 55: "This text"
          text run at (0,20) width 78: "should wrap"
          text run at (0,40) width 60: "inside the"
          text run at (0,60) width 50: "fallback"
          text run at (0,80) width 50: "content."
