layer at (0,0) size 800x600
  LayoutView at (0,0) size 800x600
layer at (0,0) size 800x600
  LayoutNGBlockFlow {HTML} at (0,0) size 800x600
    LayoutNGBlockFlow {BODY} at (11.52,11.52) size 776.97x576.97
      LayoutText {#text} at (0,0) size 727x245
        text run at (0,0) width 677: "This test can be used to ensure that a focus ring is drawn correctly for an"
        text run at (0,27) width 727: "imagemap even when the page is zoomed. This test PASSED if a focus ring is"
        text run at (0,218) width 515: "drawn around the <area> in the imagemap to the right. "
      LayoutInline {MAP} at (0,0) size 0x0
        LayoutText {#text} at (0,0) size 0x0
        LayoutInline {AREA} at (0,0) size 0x0
        LayoutText {#text} at (0,0) size 0x0
      LayoutText {#text} at (0,0) size 0x0
      LayoutImage {IMG} at (515,54) size 184.31x184.31
      LayoutText {#text} at (0,0) size 0x0
