layer at (0,0) size 800x600
  LayoutView at (0,0) size 800x600
layer at (0,0) size 800x600
  LayoutNGBlockFlow {HTML} at (0,0) size 800x600
    LayoutNGBlockFlow {BODY} at (8,8) size 784x492
      LayoutNGBlockFlow {UL} at (0,0) size 784x100
        LayoutNGListItem {LI} at (40,0) size 744x100
          LayoutNGListMarker (anonymous) at (-61,0) size 29x100
            LayoutText (anonymous) at (0,0) size 29x100
              text run at (0,0) width 29: "\x{2022} "
          LayoutInline {<pseudo:first-letter>} at (0,0) size 100x100 [color=#008000]
            LayoutTextFragment (anonymous) at (0,0) size 100x100
              text run at (0,0) width 100: "a"
          LayoutTextFragment {#text} at (0,0) size 0x0
