layer at (0,0) size 800x600
  LayoutView at (0,0) size 800x600
layer at (0,0) size 800x600
  LayoutNGBlockFlow {HTML} at (0,0) size 800x600
    LayoutNGBlockFlow {BODY} at (8,8) size 784x584
      LayoutNGBlockFlow {P} at (0,0) size 784x20
        LayoutText {#text} at (0,0) size 47x19
          text run at (0,0) width 47: "test for "
        LayoutInline {A} at (0,0) size 55x19 [color=#0000EE]
          LayoutText {#text} at (47,0) size 55x19
            text run at (47,0) width 55: "4110775"
        LayoutText {#text} at (102,0) size 472x19
          text run at (102,0) width 472: " Crash will occur when double-clicking outerHTML link on W3 DOM test"
      LayoutNGBlockFlow {P} at (0,36) size 784x0
      LayoutNGBlockFlow {DIV} at (0,36) size 784x20
        LayoutText {#text} at (0,0) size 583x19
          text run at (0,0) width 583: "This test passed. We don't support outerHTML on the document object. Neither does WinIE."
