layer at (0,0) size 800x600
  LayoutView at (0,0) size 800x600
layer at (0,0) size 800x156
  LayoutNGBlockFlow {HTML} at (0,0) size 800x156
    LayoutNGBlockFlow {BODY} at (8,8) size 784x140
      LayoutNGBlockFlow (anonymous) at (0,0) size 784x40
        LayoutText {#text} at (0,0) size 506x19
          text run at (0,0) width 506: "Test that verifies that rounded corners with overflow:hidden composite correctly."
        LayoutBR {BR} at (506,0) size 0x19
        LayoutText {#text} at (0,20) size 640x19
          text run at (0,20) width 640: "This page should show a green box with rounded corners on top of a yellow box with square corners."
      LayoutNGBlockFlow {DIV} at (0,40) size 100x100 [bgcolor=#FFFF00]
layer at (8,48) size 100x100
  LayoutNGBlockFlow {DIV} at (0,0) size 100x100 [bgcolor=#FF0000]
    LayoutNGBlockFlow {DIV} at (0,0) size 100x100 [bgcolor=#008000]
