layer at (0,0) size 800x600 clip at (0,0) size 785x600 scrollHeight 1717
  LayoutView at (0,0) size 800x600
layer at (0,0) size 785x1717 backgroundClip at (0,0) size 785x600 clip at (0,0) size 785x600
  LayoutBlockFlow {HTML} at (0,0) size 785x1717
    LayoutBlockFlow {BODY} at (8,8) size 769x1701 [bgcolor=#CCCCCC]
      LayoutBlockFlow {P} at (0,0) size 769x18
        LayoutText {#text} at (0,0) size 363x18
          text run at (0,0) width 363: "The style declarations which apply to the text below are:"
      LayoutBlockFlow {PRE} at (0,34) size 769x180
        LayoutText {#text} at (0,0) size 281x180
          text run at (0,0) width 157: "BODY {color: black;}"
          text run at (156,0) width 1: " "
          text run at (0,15) width 149: ".one {color: #080;}"
          text run at (148,15) width 1: " "
          text run at (0,30) width 172: ".two {color: #008000;}"
          text run at (171,30) width 1: " "
          text run at (0,45) width 227: ".three {color: rgb(0,128,0);}"
          text run at (226,45) width 1: " "
          text run at (0,60) width 235: ".four {color: rgb(0%,50%,0%);}"
          text run at (234,60) width 1: " "
          text run at (0,75) width 281: ".five {color: rgb(0.0%,50.0%,0.0%);}"
          text run at (280,75) width 1: " "
          text run at (0,90) width 157: ".six {color: green;}"
          text run at (156,90) width 1: " "
          text run at (0,105) width 227: ".seven {color: invalidValue;}"
          text run at (226,105) width 1: " "
          text run at (0,120) width 250: ".eight {color: rgb(0,128,1280);}"
          text run at (249,120) width 1: " "
          text run at (0,135) width 235: ".nine {color: rgb(0,128,255);}"
          text run at (234,135) width 1: " "
          text run at (0,150) width 258: ".ten {color: rgb(50%,-500%,60%);}"
          text run at (257,150) width 1: " "
          text run at (0,165) width 258: ".eleven {color: rgb(50%,0%,60%);}"
          text run at (257,165) width 1: " "
      LayoutBlockFlow {P} at (0,245) size 769x18
        LayoutText {#text} at (0,0) size 196x18
          text run at (0,0) width 196: "This sentence should be black."
      LayoutBlockFlow {P} at (0,279) size 769x18 [color=#008800]
        LayoutText {#text} at (0,0) size 518x18
          text run at (0,0) width 518: "This sentence should be green, although slightly different from those that follow."
      LayoutBlockFlow {P} at (0,313) size 769x18 [color=#008000]
        LayoutText {#text} at (0,0) size 197x18
          text run at (0,0) width 197: "This sentence should be green."
      LayoutBlockFlow {P} at (0,347) size 769x18 [color=#008000]
        LayoutText {#text} at (0,0) size 197x18
          text run at (0,0) width 197: "This sentence should be green."
      LayoutBlockFlow {P} at (0,381) size 769x18 [color=#008000]
        LayoutText {#text} at (0,0) size 197x18
          text run at (0,0) width 197: "This sentence should be green."
      LayoutBlockFlow {P} at (0,415) size 769x18 [color=#008000]
        LayoutText {#text} at (0,0) size 197x18
          text run at (0,0) width 197: "This sentence should be green."
      LayoutBlockFlow {P} at (0,449) size 769x18 [color=#008000]
        LayoutText {#text} at (0,0) size 197x18
          text run at (0,0) width 197: "This sentence should be green."
      LayoutBlockFlow {P} at (0,483) size 769x18
        LayoutText {#text} at (0,0) size 415x18
          text run at (0,0) width 415: "This sentence should be black, because the value given for class "
        LayoutInline {CODE} at (0,0) size 47x15
          LayoutText {#text} at (414,2) size 47x15
            text run at (414,2) width 47: ".seven"
        LayoutText {#text} at (460,0) size 68x18
          text run at (460,0) width 68: " is invalid."
      LayoutBlockFlow {P} at (0,517) size 769x36 [color=#0080FF]
        LayoutText {#text} at (0,0) size 737x36
          text run at (0,0) width 737: "This sentence should be a shade of blue-green which, on a typical RGB computer display, exactly matches the next"
          text run at (0,18) width 68: "paragraph."
      LayoutBlockFlow {P} at (0,569) size 769x36 [color=#0080FF]
        LayoutText {#text} at (0,0) size 765x36
          text run at (0,0) width 765: "This sentence should be a shade of blue-green which, on a typical RGB computer display, exactly matches the previous"
          text run at (0,18) width 68: "paragraph."
      LayoutBlockFlow {P} at (0,621) size 769x36 [color=#800099]
        LayoutText {#text} at (0,0) size 709x36
          text run at (0,0) width 709: "This sentence should be a shade of purple which, on a typical RGB computer display, exactly matches the next"
          text run at (0,18) width 68: "paragraph."
      LayoutBlockFlow {P} at (0,673) size 769x36 [color=#800099]
        LayoutText {#text} at (0,0) size 737x36
          text run at (0,0) width 737: "This sentence should be a shade of purple which, on a typical RGB computer display, exactly matches the previous"
          text run at (0,18) width 68: "paragraph."
      LayoutBlockFlow {P} at (0,725) size 769x18
        LayoutText {#text} at (0,0) size 196x18
          text run at (0,0) width 196: "This sentence should be black."
      LayoutBlockFlow {P} at (0,759) size 769x18 [color=#008800]
        LayoutText {#text} at (0,0) size 407x18
          text run at (0,0) width 407: "This sentence should be a slightly different green, and used the "
        LayoutInline {TT} at (0,0) size 40x15
          LayoutText {#text} at (406,2) size 40x15
            text run at (406,2) width 40: "style"
        LayoutText {#text} at (445,0) size 63x18
          text run at (445,0) width 63: " attribute."
      LayoutBlockFlow {P} at (0,793) size 769x18 [color=#008000]
        LayoutText {#text} at (0,0) size 285x18
          text run at (0,0) width 285: "This sentence should be green, and used the "
        LayoutInline {TT} at (0,0) size 40x15
          LayoutText {#text} at (284,2) size 40x15
            text run at (284,2) width 40: "style"
        LayoutText {#text} at (323,0) size 63x18
          text run at (323,0) width 63: " attribute."
      LayoutBlockFlow {P} at (0,827) size 769x18 [color=#008000]
        LayoutText {#text} at (0,0) size 285x18
          text run at (0,0) width 285: "This sentence should be green, and used the "
        LayoutInline {TT} at (0,0) size 40x15
          LayoutText {#text} at (284,2) size 40x15
            text run at (284,2) width 40: "style"
        LayoutText {#text} at (323,0) size 63x18
          text run at (323,0) width 63: " attribute."
      LayoutBlockFlow {P} at (0,861) size 769x18 [color=#008000]
        LayoutText {#text} at (0,0) size 285x18
          text run at (0,0) width 285: "This sentence should be green, and used the "
        LayoutInline {TT} at (0,0) size 40x15
          LayoutText {#text} at (284,2) size 40x15
            text run at (284,2) width 40: "style"
        LayoutText {#text} at (323,0) size 63x18
          text run at (323,0) width 63: " attribute."
      LayoutBlockFlow {P} at (0,895) size 769x18 [color=#008000]
        LayoutText {#text} at (0,0) size 285x18
          text run at (0,0) width 285: "This sentence should be green, and used the "
        LayoutInline {TT} at (0,0) size 40x15
          LayoutText {#text} at (284,2) size 40x15
            text run at (284,2) width 40: "style"
        LayoutText {#text} at (323,0) size 63x18
          text run at (323,0) width 63: " attribute."
      LayoutBlockFlow {P} at (0,929) size 769x18 [color=#008000]
        LayoutText {#text} at (0,0) size 285x18
          text run at (0,0) width 285: "This sentence should be green, and used the "
        LayoutInline {TT} at (0,0) size 40x15
          LayoutText {#text} at (284,2) size 40x15
            text run at (284,2) width 40: "style"
        LayoutText {#text} at (323,0) size 63x18
          text run at (323,0) width 63: " attribute."
      LayoutTable {TABLE} at (0,963) size 769x738 [border: (1px outset #808080)]
        LayoutTableSection {TBODY} at (1,1) size 767x736
          LayoutTableRow {TR} at (0,0) size 767x26
            LayoutTableCell {TD} at (0,0) size 767x26 [bgcolor=#C0C0C0] [border: (1px inset #808080)] [r=0 c=0 rs=1 cs=2]
              LayoutInline {STRONG} at (0,0) size 161x18
                LayoutText {#text} at (4,4) size 161x18
                  text run at (4,4) width 161: "TABLE Testing Section"
          LayoutTableRow {TR} at (0,26) size 767x710
            LayoutTableCell {TD} at (0,368) size 12x26 [bgcolor=#C0C0C0] [border: (1px inset #808080)] [r=1 c=0 rs=1 cs=1]
              LayoutText {#text} at (4,4) size 4x18
                text run at (4,4) width 4: " "
            LayoutTableCell {TD} at (12,26) size 755x710 [border: (1px inset #808080)] [r=1 c=1 rs=1 cs=1]
              LayoutBlockFlow {P} at (4,4) size 747x18
                LayoutText {#text} at (0,0) size 196x18
                  text run at (0,0) width 196: "This sentence should be black."
              LayoutBlockFlow {P} at (4,38) size 747x18 [color=#008800]
                LayoutText {#text} at (0,0) size 518x18
                  text run at (0,0) width 518: "This sentence should be green, although slightly different from those that follow."
              LayoutBlockFlow {P} at (4,72) size 747x18 [color=#008000]
                LayoutText {#text} at (0,0) size 197x18
                  text run at (0,0) width 197: "This sentence should be green."
              LayoutBlockFlow {P} at (4,106) size 747x18 [color=#008000]
                LayoutText {#text} at (0,0) size 197x18
                  text run at (0,0) width 197: "This sentence should be green."
              LayoutBlockFlow {P} at (4,140) size 747x18 [color=#008000]
                LayoutText {#text} at (0,0) size 197x18
                  text run at (0,0) width 197: "This sentence should be green."
              LayoutBlockFlow {P} at (4,174) size 747x18 [color=#008000]
                LayoutText {#text} at (0,0) size 197x18
                  text run at (0,0) width 197: "This sentence should be green."
              LayoutBlockFlow {P} at (4,208) size 747x18 [color=#008000]
                LayoutText {#text} at (0,0) size 197x18
                  text run at (0,0) width 197: "This sentence should be green."
              LayoutBlockFlow {P} at (4,242) size 747x18
                LayoutText {#text} at (0,0) size 415x18
                  text run at (0,0) width 415: "This sentence should be black, because the value given for class "
                LayoutInline {CODE} at (0,0) size 47x15
                  LayoutText {#text} at (414,2) size 47x15
                    text run at (414,2) width 47: ".seven"
                LayoutText {#text} at (460,0) size 68x18
                  text run at (460,0) width 68: " is invalid."
              LayoutBlockFlow {P} at (4,276) size 747x36 [color=#0080FF]
                LayoutText {#text} at (0,0) size 737x36
                  text run at (0,0) width 737: "This sentence should be a shade of blue-green which, on a typical RGB computer display, exactly matches the next"
                  text run at (0,18) width 68: "paragraph."
              LayoutBlockFlow {P} at (4,328) size 747x36 [color=#0080FF]
                LayoutText {#text} at (0,0) size 705x36
                  text run at (0,0) width 705: "This sentence should be a shade of blue-green which, on a typical RGB computer display, exactly matches the"
                  text run at (0,18) width 128: "previous paragraph."
              LayoutBlockFlow {P} at (4,380) size 747x36 [color=#800099]
                LayoutText {#text} at (0,0) size 709x36
                  text run at (0,0) width 709: "This sentence should be a shade of purple which, on a typical RGB computer display, exactly matches the next"
                  text run at (0,18) width 68: "paragraph."
              LayoutBlockFlow {P} at (4,432) size 747x36 [color=#800099]
                LayoutText {#text} at (0,0) size 737x36
                  text run at (0,0) width 737: "This sentence should be a shade of purple which, on a typical RGB computer display, exactly matches the previous"
                  text run at (0,18) width 68: "paragraph."
              LayoutBlockFlow {P} at (4,484) size 747x18
                LayoutText {#text} at (0,0) size 196x18
                  text run at (0,0) width 196: "This sentence should be black."
              LayoutBlockFlow {P} at (4,518) size 747x18 [color=#008800]
                LayoutText {#text} at (0,0) size 407x18
                  text run at (0,0) width 407: "This sentence should be a slightly different green, and used the "
                LayoutInline {TT} at (0,0) size 40x15
                  LayoutText {#text} at (406,2) size 40x15
                    text run at (406,2) width 40: "style"
                LayoutText {#text} at (445,0) size 63x18
                  text run at (445,0) width 63: " attribute."
              LayoutBlockFlow {P} at (4,552) size 747x18 [color=#008000]
                LayoutText {#text} at (0,0) size 285x18
                  text run at (0,0) width 285: "This sentence should be green, and used the "
                LayoutInline {TT} at (0,0) size 40x15
                  LayoutText {#text} at (284,2) size 40x15
                    text run at (284,2) width 40: "style"
                LayoutText {#text} at (323,0) size 63x18
                  text run at (323,0) width 63: " attribute."
              LayoutBlockFlow {P} at (4,586) size 747x18 [color=#008000]
                LayoutText {#text} at (0,0) size 285x18
                  text run at (0,0) width 285: "This sentence should be green, and used the "
                LayoutInline {TT} at (0,0) size 40x15
                  LayoutText {#text} at (284,2) size 40x15
                    text run at (284,2) width 40: "style"
                LayoutText {#text} at (323,0) size 63x18
                  text run at (323,0) width 63: " attribute."
              LayoutBlockFlow {P} at (4,620) size 747x18 [color=#008000]
                LayoutText {#text} at (0,0) size 285x18
                  text run at (0,0) width 285: "This sentence should be green, and used the "
                LayoutInline {TT} at (0,0) size 40x15
                  LayoutText {#text} at (284,2) size 40x15
                    text run at (284,2) width 40: "style"
                LayoutText {#text} at (323,0) size 63x18
                  text run at (323,0) width 63: " attribute."
              LayoutBlockFlow {P} at (4,654) size 747x18 [color=#008000]
                LayoutText {#text} at (0,0) size 285x18
                  text run at (0,0) width 285: "This sentence should be green, and used the "
                LayoutInline {TT} at (0,0) size 40x15
                  LayoutText {#text} at (284,2) size 40x15
                    text run at (284,2) width 40: "style"
                LayoutText {#text} at (323,0) size 63x18
                  text run at (323,0) width 63: " attribute."
              LayoutBlockFlow {P} at (4,688) size 747x18 [color=#008000]
                LayoutText {#text} at (0,0) size 285x18
                  text run at (0,0) width 285: "This sentence should be green, and used the "
                LayoutInline {TT} at (0,0) size 40x15
                  LayoutText {#text} at (284,2) size 40x15
                    text run at (284,2) width 40: "style"
                LayoutText {#text} at (323,0) size 63x18
                  text run at (323,0) width 63: " attribute."
layer at (8,235) size 769x2 clip at (0,0) size 0x0
  LayoutBlockFlow {HR} at (0,227) size 769x2 [border: (1px inset #EEEEEE)]
