layer at (0,0) size 800x600
  LayoutView at (0,0) size 800x600
layer at (0,0) size 800x600
  LayoutBlockFlow {HTML} at (0,0) size 800x600
    LayoutBlockFlow {BODY} at (8,8) size 784x584 [bgcolor=#CCCCCC]
      LayoutBlockFlow {P} at (0,0) size 784x18
        LayoutText {#text} at (0,0) size 363x18
          text run at (0,0) width 363: "The style declarations which apply to the text below are:"
      LayoutBlockFlow {PRE} at (0,34) size 784x45
        LayoutText {#text} at (0,0) size 157x45
          text run at (0,0) width 149: ".one {float: left;}"
          text run at (148,0) width 1: " "
          text run at (0,15) width 157: ".two {float: right;}"
          text run at (156,15) width 1: " "
          text run at (0,30) width 0: " "
      LayoutImage (floating) {IMG} at (0,102) size 15x50
      LayoutBlockFlow {P} at (0,110) size 784x36
        LayoutText {#text} at (15,0) size 736x36
          text run at (15,0) width 609: "This text should be flowing past a tall orange rectangle on the left side of the browser window. "
          text run at (623,0) width 128: "In this case, it is the"
          text run at (15,18) width 259: "image which has been floated to the left."
      LayoutBlockFlow (anonymous) at (0,162) size 784x18
        LayoutBR {BR} at (0,0) size 0x18
      LayoutImage (floating) {IMG} at (769,198) size 15x50
      LayoutBlockFlow {P} at (0,206) size 784x36
        LayoutText {#text} at (0,0) size 745x36
          text run at (0,0) width 618: "This text should be flowing past a tall orange rectangle on the right side of the browser window. "
          text run at (617,0) width 128: "In this case, it is the"
          text run at (0,18) width 268: "image which has been floated to the right."
      LayoutTable {TABLE} at (0,258) size 784x174 [border: (1px outset #808080)]
        LayoutTableSection {TBODY} at (1,1) size 782x172
          LayoutTableRow {TR} at (0,0) size 782x26
            LayoutTableCell {TD} at (0,0) size 782x26 [bgcolor=#C0C0C0] [border: (1px inset #808080)] [r=0 c=0 rs=1 cs=2]
              LayoutInline {STRONG} at (0,0) size 161x18
                LayoutText {#text} at (4,4) size 161x18
                  text run at (4,4) width 161: "TABLE Testing Section"
          LayoutTableRow {TR} at (0,26) size 782x146
            LayoutTableCell {TD} at (0,86) size 12x26 [bgcolor=#C0C0C0] [border: (1px inset #808080)] [r=1 c=0 rs=1 cs=1]
              LayoutText {#text} at (4,4) size 4x18
                text run at (4,4) width 4: " "
            LayoutTableCell {TD} at (12,26) size 770x146 [border: (1px inset #808080)] [r=1 c=1 rs=1 cs=1]
              LayoutImage (floating) {IMG} at (4,4) size 15x50
              LayoutBlockFlow {P} at (4,4) size 762x36
                LayoutText {#text} at (15,0) size 736x36
                  text run at (15,0) width 609: "This text should be flowing past a tall orange rectangle on the left side of the browser window. "
                  text run at (623,0) width 128: "In this case, it is the"
                  text run at (15,18) width 259: "image which has been floated to the left."
              LayoutBlockFlow (anonymous) at (4,56) size 762x18
                LayoutBR {BR} at (0,0) size 0x18
              LayoutImage (floating) {IMG} at (751,92) size 15x50
              LayoutBlockFlow {P} at (4,100) size 762x36
                LayoutText {#text} at (0,0) size 745x36
                  text run at (0,0) width 618: "This text should be flowing past a tall orange rectangle on the right side of the browser window. "
                  text run at (617,0) width 128: "In this case, it is the"
                  text run at (0,18) width 268: "image which has been floated to the right."
layer at (8,100) size 784x2 clip at (0,0) size 0x0
  LayoutBlockFlow {HR} at (0,92) size 784x2 [border: (1px inset #EEEEEE)]
layer at (8,196) size 784x2 clip at (0,0) size 0x0
  LayoutBlockFlow {HR} at (0,188) size 784x2 [border: (1px inset #EEEEEE)]
layer at (25,375) size 762x2 clip at (0,0) size 0x0
  LayoutBlockFlow {HR} at (4,82) size 762x2 [border: (1px inset #EEEEEE)]
