layer at (0,0) size 800x600
  LayoutView at (0,0) size 800x600
layer at (0,0) size 800x600
  LayoutBlockFlow {HTML} at (0,0) size 800x600
    LayoutBlockFlow {BODY} at (8,8) size 784x576
      LayoutBlockFlow {UL} at (0,0) size 784x60
        LayoutListItem {LI} at (40,0) size 744x20
          LayoutListMarker (anonymous) at (-14.50,7.50) size 7.50x7.50
          LayoutText {#text} at (0,0) size 59x19
            text run at (0,0) width 59: "Item One"
        LayoutListItem {LI} at (40,20) size 744x20
          LayoutListMarker (anonymous) at (-14.50,7.50) size 7.50x7.50
          LayoutText {#text} at (0,0) size 61x19
            text run at (0,0) width 61: "Item Two"
        LayoutListItem {LI} at (40,40) size 744x20
          LayoutListMarker (anonymous) at (-14.50,7.50) size 7.50x7.50
          LayoutText {#text} at (0,0) size 69x19
            text run at (0,0) width 69: "Item Three"
