layer at (0,0) size 800x600
  LayoutView at (0,0) size 800x600
layer at (0,0) size 800x492
  LayoutBlockFlow {HTML} at (0,0) size 800x492
    LayoutBlockFlow {BODY} at (8,50) size 784x392
      LayoutBlockFlow {DIV} at (50,0) size 140x171
        LayoutText {#text} at (0,0) size 49x18
          text run at (0,0) width 49: "Lorem "
        LayoutInline {SPAN} at (0,0) size 130x37
          LayoutText {#text} at (49,0) size 130x37
            text run at (49,0) width 81: "ipsum dolor"
            text run at (0,19) width 55: "sit amet"
        LayoutText {#text} at (55,19) size 100x75
          text run at (55,19) width 4: ","
          text run at (0,38) width 80: "consectetur"
          text run at (0,57) width 100: "adipiscing elit."
          text run at (0,76) width 62: "Quisque "
        LayoutInline {SPAN} at (0,0) size 111x37
          LayoutText {#text} at (62,76) size 111x37
            text run at (62,76) width 49: "fringilla"
            text run at (0,95) width 62: "libero vel"
        LayoutText {#text} at (62,95) size 120x75
          text run at (62,95) width 40: " ligula"
          text run at (0,114) width 111: "viverra tincidunt."
          text run at (0,133) width 107: "Quisque lacinia"
          text run at (0,152) width 120: "tincidunt tristique."
      LayoutBlockFlow {DIV} at (50,221) size 140x171
        LayoutText {#text} at (0,0) size 49x18
          text run at (0,0) width 49: "Lorem "
        LayoutInline {SPAN} at (0,0) size 130x37
          LayoutText {#text} at (49,0) size 130x37
            text run at (49,0) width 81: "ipsum dolor"
            text run at (0,19) width 55: "sit amet"
        LayoutText {#text} at (55,19) size 100x75
          text run at (55,19) width 4: ","
          text run at (0,38) width 80: "consectetur"
          text run at (0,57) width 100: "adipiscing elit."
          text run at (0,76) width 62: "Quisque "
        LayoutInline {SPAN} at (0,0) size 111x37
          LayoutText {#text} at (62,76) size 111x37
            text run at (62,76) width 49: "fringilla"
            text run at (0,95) width 62: "libero vel"
        LayoutText {#text} at (62,95) size 120x75
          text run at (62,95) width 40: " ligula"
          text run at (0,114) width 111: "viverra tincidunt."
          text run at (0,133) width 107: "Quisque lacinia"
          text run at (0,152) width 120: "tincidunt tristique."
