layer at (0,0) size 800x600
  LayoutView at (0,0) size 800x600
layer at (0,0) size 800x385
  LayoutBlockFlow {html} at (0,0) size 800x385.09
    LayoutBlockFlow {body} at (5.55,5.55) size 788.91x374
      LayoutTable {table} at (40.95,0) size 707x374
        LayoutTableSection (anonymous) at (0,0) size 707x374
          LayoutTableRow {tr} at (0,0) size 707x374
            LayoutTableCell {td} at (0,0) size 707x373.88 [r=0 c=0 rs=1 cs=3]
              LayoutTable {table} at (7,6.94) size 693x360
                LayoutTableSection (anonymous) at (0,0) size 693x360
                  LayoutTableRow {tr} at (0,1) size 693x67
                    LayoutTableCell {td} at (1,1) size 691x66.84 [r=0 c=0 rs=1 cs=2]
                      LayoutBlockFlow {h1} at (5.55,20.42) size 679.91x26
                        LayoutText {#text} at (101,0) size 477x25
                          text run at (101,0) width 477: "Both sides should have identical size after zooming"
                  LayoutTableRow {tr} at (0,69) size 693x25
                    LayoutTableCell {td} at (1,69) size 345x25.09 [r=1 c=0 rs=1 cs=1]
                      LayoutText {#text} at (147,5) size 51x15
                        text run at (147,5) width 51: "SVG Image"
                    LayoutTableCell {td} at (347,69) size 345x25.09 [r=1 c=1 rs=1 cs=1]
                      LayoutText {#text} at (146,5) size 53x15
                        text run at (146,5) width 53: "PNG Image"
                  LayoutTableRow {tr} at (0,95) size 693x264
                    LayoutTableCell {td} at (1,95) size 345x264.08 [r=2 c=0 rs=1 cs=1]
                      LayoutText {#text} at (0,0) size 0x0
                    LayoutTableCell {td} at (347,95) size 345x264.06 [r=2 c=1 rs=1 cs=1]
                      LayoutImage {img} at (5.55,5.55) size 333.33x249.97
                      LayoutText {#text} at (0,0) size 0x0
layer at (61,113) size 333x250
  LayoutEmbeddedObject {object} at (6.13,5.55) size 333.33x249.98
    layer at (0,0) size 333x250
      LayoutView at (0,0) size 333x250
    layer at (0,0) size 333x250
      LayoutSVGRoot {svg} at (0,0) size 333x250
        LayoutSVGContainer {g} at (30,46) size 370x230
          LayoutSVGRect {rect} at (30,46) size 50x80 [stroke={[type=SOLID] [color=#000000]}] [x=30.00] [y=46.00] [width=50.00] [height=80.00]
          LayoutSVGRect {rect} at (130,46) size 50x80 [fill={[type=SOLID] [color=#FF0000]}] [x=130.00] [y=46.00] [width=50.00] [height=80.00]
          LayoutSVGRect {rect} at (250,46) size 50x80 [stroke={[type=SOLID] [color=#000000]}] [x=250.00] [y=46.00] [width=50.00] [height=80.00]
          LayoutSVGRect {rect} at (350,46) size 50x80 [fill={[type=SOLID] [color=#FF0000]}] [x=350.00] [y=46.00] [width=50.00] [height=80.00]
          LayoutSVGRect {rect} at (30,196) size 50x80 [stroke={[type=SOLID] [color=#0000FF] [stroke width=8.00]}] [x=30.00] [y=196.00] [width=50.00] [height=80.00]
          LayoutSVGRect {rect} at (130,196) size 50x80 [stroke={[type=SOLID] [color=#0000FF] [stroke width=8.00]}] [fill={[type=SOLID] [color=#00FF00]}] [x=130.00] [y=196.00] [width=50.00] [height=80.00]
          LayoutSVGRect {rect} at (250,196) size 50x80 [stroke={[type=SOLID] [color=#0000FF] [stroke width=8.00]}] [x=250.00] [y=196.00] [width=50.00] [height=80.00]
          LayoutSVGRect {rect} at (350,196) size 50x80 [fill={[type=SOLID] [color=#00FF00]}] [x=350.00] [y=196.00] [width=50.00] [height=80.00]
        LayoutSVGText {text} at (10,302.52) size 260.89x47.56 contains 1 chunk(s)
          LayoutSVGInlineText {#text} at (10,302.52) size 260.89x47.56
            chunk 1 text run 1 at (10.00,340.00) startOffset 0 endOffset 16 width 260.90: "$Revision: 1.7 $"
        LayoutSVGRect {rect} at (1,1) size 478x358 [stroke={[type=SOLID] [color=#000000]}] [x=1.00] [y=1.00] [width=478.00] [height=358.00]
