layer at (0,0) size 800x600
  LayoutView at (0,0) size 800x600
layer at (0,0) size 800x164
  LayoutBlockFlow {HTML} at (0,0) size 800x164.25
    LayoutBlockFlow {BODY} at (4.63,4.63) size 790.75x155
      LayoutBlockFlow {DIV} at (11.56,11.56) size 129.63x129.63 [border: (1.16px solid #000000)]
      LayoutText {#text} at (152,143) size 3x12
        text run at (152,143) width 3: " "
      LayoutBlockFlow {DIV} at (166.31,11.56) size 129.63x129.63 [border: (1.16px solid #000000)]
      LayoutText {#text} at (307,143) size 3x12
        text run at (307,143) width 3: " "
      LayoutBlockFlow {DIV} at (321.06,11.56) size 129.63x129.63 [border: (1.16px solid #000000)]
      LayoutText {#text} at (462,143) size 3x12
        text run at (462,143) width 3: " "
      LayoutImage {IMG} at (475.81,11.56) size 129.63x129.63 [border: (1.16px solid #000000)]
      LayoutText {#text} at (0,0) size 0x0
