layer at (0,0) size 800x600
  LayoutView at (0,0) size 800x600
layer at (0,0) size 800x474
  LayoutBlockFlow {HTML} at (0,0) size 800x473.94
    LayoutBlockFlow {BODY} at (4.63,4.63) size 140.03x460.64 [border: (0.58px dashed #C0C0C0)]
      LayoutBlockFlow {P} at (0.58,9.83) size 138.88x27
        LayoutText {#text} at (0,-2) size 133x30
          text run at (0,-2) width 130: "The following six blue boxes must"
          text run at (0,7) width 133: "be of the same width. There must be"
          text run at (0,16) width 26: "no red."
      LayoutBlockFlow {P} at (9.83,46.08) size 120.38x27.75 [bgcolor=#008000] [border: (9.25px solid #0000FF)]
        LayoutText {#text} at (9,7) size 3x12
          text run at (9,7) width 3: " "
      LayoutBlockFlow {P} at (0.58,129.38) size 138.88x9.25
        LayoutText {#text} at (0,-2) size 12x12
          text run at (0,-2) width 12: "      "
      LayoutBlockFlow {P} at (0.58,194.17) size 138.88x9.25
      LayoutTable (anonymous) at (0.58,258.97) size 138x45
        LayoutTableSection (anonymous) at (0,0) size 138x45
          LayoutTableRow (anonymous) at (0,0) size 138x45
            LayoutTableCell {P} at (0,0) size 138x45 [r=0 c=0 rs=1 cs=1]
      LayoutTable {TABLE} at (0.58,359.52) size 138x45
        LayoutTableSection {TBODY} at (0,0) size 138x45
          LayoutTableRow {TR} at (0,0) size 138x45
            LayoutTableCell {TD} at (0,0) size 138x45 [r=0 c=0 rs=1 cs=1]
      LayoutBlockFlow (floating) {P} at (0.58,460.06) size 138.88x9.25
layer at (14,134) size 121x44
  LayoutEmbeddedObject {OBJECT} at (9.25,-0.25) size 120.38x43.97 [bgcolor=#FF0000] [border: (9.25px solid #0000FF)]
    layer at (0,0) size 102x25
      LayoutView at (0,0) size 102x25
    layer at (0,0) size 102x25
      LayoutSVGRoot {svg} at (0,0) size 102x25
        LayoutSVGRect {rect} at (0,0) size 1000x250 [stroke={[type=SOLID] [color=#008000] [stroke width=12.00]}] [fill={[type=SOLID] [color=#00FF00]}] [x=0.00] [y=0.00] [width=1000.00] [height=250.00]
        LayoutSVGPath {path} at (150,50) size 700x150 [fill={[type=SOLID] [color=#008000]}] [data="M 500 50 L 150 200 L 850 200 Z"]
layer at (14,199) size 121x44
  LayoutEmbeddedObject {OBJECT} at (9.25,0) size 120.38x43.97 [bgcolor=#FF0000] [border: (9.25px solid #0000FF)]
    layer at (0,0) size 102x25
      LayoutView at (0,0) size 102x25
    layer at (0,0) size 102x25
      LayoutSVGRoot {svg} at (0,0) size 102x25
        LayoutSVGRect {rect} at (0,0) size 1000x250 [stroke={[type=SOLID] [color=#008000] [stroke width=12.00]}] [fill={[type=SOLID] [color=#00FF00]}] [x=0.00] [y=0.00] [width=1000.00] [height=250.00]
        LayoutSVGPath {path} at (150,50) size 700x150 [fill={[type=SOLID] [color=#008000]}] [data="M 500 50 L 150 200 L 850 200 Z"]
layer at (14,264) size 120x44
  LayoutEmbeddedObject {OBJECT} at (9.25,0) size 119.50x43.75 [bgcolor=#FF0000] [border: (9.25px solid #0000FF)]
    layer at (0,0) size 101x25
      LayoutView at (0,0) size 101x25
    layer at (0,0) size 101x25
      LayoutSVGRoot {svg} at (0,0) size 101x25
        LayoutSVGRect {rect} at (0,0) size 1000x250 [stroke={[type=SOLID] [color=#008000] [stroke width=12.00]}] [fill={[type=SOLID] [color=#00FF00]}] [x=0.00] [y=0.00] [width=1000.00] [height=250.00]
        LayoutSVGPath {path} at (150,50) size 700x150 [fill={[type=SOLID] [color=#008000]}] [data="M 500 50 L 150 200 L 850 200 Z"]
layer at (14,364) size 120x44
  LayoutEmbeddedObject {OBJECT} at (9.25,0) size 119.50x43.75 [bgcolor=#FF0000] [border: (9.25px solid #0000FF)]
    layer at (0,0) size 101x25
      LayoutView at (0,0) size 101x25
    layer at (0,0) size 101x25
      LayoutSVGRoot {svg} at (0,0) size 101x25
        LayoutSVGRect {rect} at (0,0) size 1000x250 [stroke={[type=SOLID] [color=#008000] [stroke width=12.00]}] [fill={[type=SOLID] [color=#00FF00]}] [x=0.00] [y=0.00] [width=1000.00] [height=250.00]
        LayoutSVGPath {path} at (150,50) size 700x150 [fill={[type=SOLID] [color=#008000]}] [data="M 500 50 L 150 200 L 850 200 Z"]
layer at (14,465) size 121x44
  LayoutEmbeddedObject {OBJECT} at (9.25,0) size 120.38x43.97 [bgcolor=#FF0000] [border: (9.25px solid #0000FF)]
    layer at (0,0) size 102x25
      LayoutView at (0,0) size 102x25
    layer at (0,0) size 102x25
      LayoutSVGRoot {svg} at (0,0) size 102x25
        LayoutSVGRect {rect} at (0,0) size 1000x250 [stroke={[type=SOLID] [color=#008000] [stroke width=12.00]}] [fill={[type=SOLID] [color=#00FF00]}] [x=0.00] [y=0.00] [width=1000.00] [height=250.00]
        LayoutSVGPath {path} at (150,50) size 700x150 [fill={[type=SOLID] [color=#008000]}] [data="M 500 50 L 150 200 L 850 200 Z"]
