layer at (0,0) size 800x600
  LayoutView at (0,0) size 800x600
layer at (0,0) size 800x178
  LayoutBlockFlow {html} at (0,0) size 800x178
    LayoutBlockFlow (anonymous) at (0,0) size 800x0
      LayoutInline {bogus} at (0,0) size 0x0
    LayoutBlockFlow (anonymous) at (0,8) size 800x162
    LayoutBlockFlow (anonymous) at (0,178) size 800x0
      LayoutInline {bogus} at (0,0) size 0x0
layer at (8,8) size 162x162 clip at (9,9) size 145x145 scrollHeight 236
  LayoutBlockFlow {body} at (8,0) size 162x162 [color=#000080] [border: (1px solid #000080)]
    LayoutBlockFlow {p} at (1,17) size 145x60
      LayoutText {#text} at (0,0) size 140x59
        text run at (0,0) width 97: "There should be"
        text run at (0,20) width 140: "scrollbars for this box -"
        text run at (0,40) width 133: "- not for the viewport."
    LayoutBlockFlow {p} at (1,93) size 145x20 [color=#808080]
      LayoutText {#text} at (0,0) size 97x19
        text run at (0,0) width 97: "This is filler text."
    LayoutBlockFlow {p} at (1,129) size 145x20 [color=#808080]
      LayoutText {#text} at (0,0) size 97x19
        text run at (0,0) width 97: "This is filler text."
    LayoutBlockFlow {p} at (1,165) size 145x20 [color=#808080]
      LayoutText {#text} at (0,0) size 97x19
        text run at (0,0) width 97: "This is filler text."
    LayoutBlockFlow {p} at (1,201) size 145x20 [color=#808080]
      LayoutText {#text} at (0,0) size 97x19
        text run at (0,0) width 97: "This is filler text."
