layer at (0,0) size 800x600
  LayoutView at (0,0) size 800x600
layer at (0,0) size 800x309
  LayoutBlockFlow {HTML} at (0,0) size 800x309
    LayoutBlockFlow {BODY} at (8,16) size 784x285
      LayoutBlockFlow {P} at (0,0) size 784x20
        LayoutText {#text} at (0,0) size 292x19
          text run at (0,0) width 292: "You should see a green triangle and its reflection."
      LayoutBlockFlow (anonymous) at (0,36) size 784x249
        LayoutText {#text} at (0,0) size 0x0
layer at (28,72) size 244x204
  LayoutHTMLCanvas {CANVAS} at (20,20) size 244x204 [border: (2px solid #000000)]
