layer at (0,0) size 800x600 clip at (0,0) size 785x600 scrollY 13.00 scrollHeight 664
  LayoutView at (0,0) size 800x600
layer at (0,0) size 785x664 backgroundClip at (0,0) size 785x600 clip at (0,0) size 785x600
  LayoutBlockFlow {HTML} at (0,0) size 785x664
    LayoutBlockFlow {BODY} at (8,8) size 769x636
      LayoutBlockFlow {P} at (0,0) size 769x40
        LayoutText {#text} at (0,0) size 50x19
          text run at (0,0) width 50: "Test for "
        LayoutInline {I} at (0,0) size 755x39
          LayoutInline {A} at (0,0) size 306x19 [color=#0000EE]
            LayoutText {#text} at (49,0) size 306x19
              text run at (49,0) width 306: "http://bugs.webkit.org/show_bug.cgi?id=14875"
          LayoutText {#text} at (354,0) size 755x39
            text run at (354,0) width 5: " "
            text run at (358,0) width 397: "Textarea with nowrap - left/right nav, Up/down nav both hide"
            text run at (0,20) width 25: "text"
        LayoutText {#text} at (25,20) size 4x19
          text run at (25,20) width 4: "."
      LayoutBlockFlow {P} at (0,56) size 769x20
        LayoutText {#text} at (0,0) size 429x19
          text run at (0,0) width 429: "The letter A should be fully visible in each one of the eight boxes below."
layer at (28,104) size 150x50 clip at (28,104) size 150x35 scrollX 50.00 scrollWidth 200
  LayoutBlockFlow {DIV} at (20,96) size 150x50
    LayoutBlockFlow {DIV} at (0,0) size 200x20
      LayoutText {#text} at (189,0) size 11x19
        text run at (189,0) width 11: "A"
layer at (28,174) size 160x50 clip at (38,174) size 150x35 scrollX 50.00 scrollWidth 200
  LayoutBlockFlow {DIV} at (20,166) size 160x50 [border: none (10px solid #000000)]
    LayoutBlockFlow {DIV} at (10,0) size 200x20
      LayoutText {#text} at (189,0) size 11x19
        text run at (189,0) width 11: "A"
layer at (28,244) size 160x50 clip at (28,244) size 150x35 scrollX 50.00 scrollWidth 200
  LayoutBlockFlow {DIV} at (20,236) size 160x50 [border: none (10px solid #000000) none]
    LayoutBlockFlow {DIV} at (0,0) size 200x20
      LayoutText {#text} at (189,0) size 11x19
        text run at (189,0) width 11: "A"
layer at (28,314) size 150x50 clip at (28,314) size 135x35 scrollX 65.00 scrollWidth 200
  LayoutBlockFlow {DIV} at (20,306) size 150x50
    LayoutBlockFlow {DIV} at (0,0) size 200x20
      LayoutText {#text} at (189,0) size 11x19
        text run at (189,0) width 11: "A"
layer at (28,384) size 150x50 clip at (28,384) size 150x35 scrollWidth 200
  LayoutBlockFlow {DIV} at (20,376) size 150x50
    LayoutBlockFlow {DIV} at (0,0) size 200x20
      LayoutText {#text} at (0,0) size 11x19
        text run at (0,0) width 11: "A"
layer at (28,454) size 160x50 clip at (38,454) size 150x35 scrollWidth 200
  LayoutBlockFlow {DIV} at (20,446) size 160x50 [border: none (10px solid #000000)]
    LayoutBlockFlow {DIV} at (10,0) size 200x20
      LayoutText {#text} at (0,0) size 11x19
        text run at (0,0) width 11: "A"
layer at (28,524) size 160x50 clip at (28,524) size 150x35 scrollWidth 200
  LayoutBlockFlow {DIV} at (20,516) size 160x50 [border: none (10px solid #000000) none]
    LayoutBlockFlow {DIV} at (0,0) size 200x20
      LayoutText {#text} at (0,0) size 11x19
        text run at (0,0) width 11: "A"
layer at (28,594) size 150x50 backgroundClip at (28,594) size 150x6 clip at (28,594) size 135x6 scrollWidth 200
  LayoutBlockFlow {DIV} at (20,586) size 150x50
    LayoutBlockFlow {DIV} at (0,0) size 200x20
      LayoutText {#text} at (0,0) size 11x19
        text run at (0,0) width 11: "A"
caret: position 13 of child 0 {#text} of child 1 {DIV} of child 19 {DIV} of body
scrolled to 0,13
