layer at (0,0) size 800x600
  LayoutView at (0,0) size 800x600
layer at (0,0) size 800x100
  LayoutBlockFlow {HTML} at (0,0) size 800x100
    LayoutBlockFlow {BODY} at (8,16) size 784x76
      LayoutBlockFlow {P} at (0,0) size 784x20
        LayoutText {#text} at (0,0) size 292x19
          text run at (0,0) width 292: "The following two lines should look the same:"
      LayoutBlockFlow {DIV} at (0,36) size 784x20
        LayoutInline {SPAN} at (0,0) size 4x19
          LayoutInline {<pseudo:before>} at (0,0) size 4x19
            LayoutCounter (anonymous) at (0,0) size 4x19
              text run at (0,0) width 4: "i"
        LayoutText {#text} at (4,0) size 4x19
          text run at (4,0) width 4: " "
        LayoutInline {SPAN} at (0,0) size 8x19
          LayoutInline {<pseudo:before>} at (0,0) size 8x19
            LayoutCounter (anonymous) at (8,0) size 8x19
              text run at (8,0) width 8: "ii"
        LayoutText {#text} at (16,0) size 4x19
          text run at (16,0) width 4: " "
        LayoutInline {SPAN} at (0,0) size 12x19
          LayoutInline {<pseudo:before>} at (0,0) size 12x19
            LayoutCounter (anonymous) at (20,0) size 12x19
              text run at (20,0) width 12: "iii"
        LayoutText {#text} at (32,0) size 4x19
          text run at (32,0) width 4: " "
        LayoutInline {SPAN} at (0,0) size 12x19
          LayoutInline {<pseudo:before>} at (0,0) size 12x19
            LayoutCounter (anonymous) at (36,0) size 12x19
              text run at (36,0) width 12: "iv"
        LayoutText {#text} at (0,0) size 0x0
      LayoutBlockFlow {DIV} at (0,56) size 784x20
        LayoutText {#text} at (0,0) size 48x19
          text run at (0,0) width 8: "i "
          text run at (8,0) width 12: "ii "
          text run at (20,0) width 16: "iii "
          text run at (36,0) width 12: "iv"
