layer at (0,0) size 800x600
  LayoutView at (0,0) size 800x600
layer at (0,0) size 800x514
  LayoutBlockFlow {HTML} at (0,0) size 800x514
    LayoutBlockFlow {BODY} at (8,8) size 784x498
      LayoutTable {TABLE} at (0,0) size 670x498
        LayoutTableSection {TBODY} at (0,0) size 670x498
          LayoutTableRow {TR} at (0,2) size 670x22
            LayoutTableCell {TH} at (2,2) size 94x22 [bgcolor=#DDDD99] [r=0 c=0 rs=1 cs=1]
              LayoutText {#text} at (9,1) size 76x19
                text run at (9,1) width 76: "viewBox?"
            LayoutTableCell {TH} at (98,2) size 162x22 [bgcolor=#DDDD99] [r=0 c=1 rs=1 cs=1]
              LayoutText {#text} at (1,1) size 160x19
                text run at (1,1) width 160: "preserve\x{AD}Aspect\x{AD}Ratio"
            LayoutTableCell {TH} at (262,2) size 202x22 [bgcolor=#DDDD99] [r=0 c=2 rs=1 cs=1]
              LayoutText {#text} at (78,1) size 46x19
                text run at (78,1) width 46: "<img>"
            LayoutTableCell {TH} at (466,2) size 202x22 [bgcolor=#DDDD99] [r=0 c=3 rs=1 cs=1]
              LayoutText {#text} at (68,1) size 66x19
                text run at (68,1) width 66: "<object>"
          LayoutTableRow {TR} at (0,26) size 670x57
            LayoutTableCell {TH} at (2,132) size 94x22 [bgcolor=#DDDD99] [r=1 c=0 rs=4 cs=1]
              LayoutText {#text} at (1,1) size 92x19
                text run at (1,1) width 92: "No viewBox"
            LayoutTableCell {TH} at (98,53) size 162x2 [bgcolor=#DDDD99] [r=1 c=1 rs=1 cs=1]
            LayoutTableCell {TD} at (262,26) size 202x57 [r=1 c=2 rs=1 cs=1]
              LayoutImage {IMG} at (1,1) size 200x50 [border: (2px dashed #800000)]
              LayoutText {#text} at (0,0) size 0x0
            LayoutTableCell {TD} at (466,26) size 202x57 [r=1 c=3 rs=1 cs=1]
              LayoutText {#text} at (0,0) size 0x0
          LayoutTableRow {TR} at (0,85) size 670x57
            LayoutTableCell {TH} at (98,102) size 162x22 [bgcolor=#DDDD99] [r=2 c=1 rs=1 cs=1]
              LayoutText {#text} at (61,1) size 40x19
                text run at (61,1) width 40: "none"
            LayoutTableCell {TD} at (262,85) size 202x57 [r=2 c=2 rs=1 cs=1]
              LayoutImage {IMG} at (1,1) size 200x50 [border: (2px dashed #800000)]
              LayoutText {#text} at (0,0) size 0x0
            LayoutTableCell {TD} at (466,85) size 202x57 [r=2 c=3 rs=1 cs=1]
              LayoutText {#text} at (0,0) size 0x0
          LayoutTableRow {TR} at (0,144) size 670x57
            LayoutTableCell {TH} at (98,161) size 162x22 [bgcolor=#DDDD99] [r=3 c=1 rs=1 cs=1]
              LayoutText {#text} at (62,1) size 38x19
                text run at (62,1) width 38: "meet"
            LayoutTableCell {TD} at (262,144) size 202x57 [r=3 c=2 rs=1 cs=1]
              LayoutImage {IMG} at (1,1) size 200x50 [border: (2px dashed #800000)]
              LayoutText {#text} at (0,0) size 0x0
            LayoutTableCell {TD} at (466,144) size 202x57 [r=3 c=3 rs=1 cs=1]
              LayoutText {#text} at (0,0) size 0x0
          LayoutTableRow {TR} at (0,203) size 670x57
            LayoutTableCell {TH} at (98,220) size 162x22 [bgcolor=#DDDD99] [r=4 c=1 rs=1 cs=1]
              LayoutText {#text} at (63,1) size 36x19
                text run at (63,1) width 36: "slice"
            LayoutTableCell {TD} at (262,203) size 202x57 [r=4 c=2 rs=1 cs=1]
              LayoutImage {IMG} at (1,1) size 200x50 [border: (2px dashed #800000)]
              LayoutText {#text} at (0,0) size 0x0
            LayoutTableCell {TD} at (466,203) size 202x57 [r=4 c=3 rs=1 cs=1]
              LayoutText {#text} at (0,0) size 0x0
          LayoutTableRow {TR} at (0,262) size 670x57
            LayoutTableCell {TH} at (2,368) size 94x22 [bgcolor=#DDDD99] [r=5 c=0 rs=4 cs=1]
              LayoutText {#text} at (14,1) size 66x19
                text run at (14,1) width 66: "viewBox"
            LayoutTableCell {TH} at (98,289) size 162x2 [bgcolor=#DDDD99] [r=5 c=1 rs=1 cs=1]
            LayoutTableCell {TD} at (262,262) size 202x57 [r=5 c=2 rs=1 cs=1]
              LayoutImage {IMG} at (1,1) size 200x50 [border: (2px dashed #800000)]
              LayoutText {#text} at (0,0) size 0x0
            LayoutTableCell {TD} at (466,262) size 202x57 [r=5 c=3 rs=1 cs=1]
              LayoutText {#text} at (0,0) size 0x0
          LayoutTableRow {TR} at (0,321) size 670x57
            LayoutTableCell {TH} at (98,338) size 162x22 [bgcolor=#DDDD99] [r=6 c=1 rs=1 cs=1]
              LayoutText {#text} at (61,1) size 40x19
                text run at (61,1) width 40: "none"
            LayoutTableCell {TD} at (262,321) size 202x57 [r=6 c=2 rs=1 cs=1]
              LayoutImage {IMG} at (1,1) size 200x50 [border: (2px dashed #800000)]
              LayoutText {#text} at (0,0) size 0x0
            LayoutTableCell {TD} at (466,321) size 202x57 [r=6 c=3 rs=1 cs=1]
              LayoutText {#text} at (0,0) size 0x0
          LayoutTableRow {TR} at (0,380) size 670x57
            LayoutTableCell {TH} at (98,397) size 162x22 [bgcolor=#DDDD99] [r=7 c=1 rs=1 cs=1]
              LayoutText {#text} at (62,1) size 38x19
                text run at (62,1) width 38: "meet"
            LayoutTableCell {TD} at (262,380) size 202x57 [r=7 c=2 rs=1 cs=1]
              LayoutImage {IMG} at (1,1) size 200x50 [border: (2px dashed #800000)]
              LayoutText {#text} at (0,0) size 0x0
            LayoutTableCell {TD} at (466,380) size 202x57 [r=7 c=3 rs=1 cs=1]
              LayoutText {#text} at (0,0) size 0x0
          LayoutTableRow {TR} at (0,439) size 670x57
            LayoutTableCell {TH} at (98,456) size 162x22 [bgcolor=#DDDD99] [r=8 c=1 rs=1 cs=1]
              LayoutText {#text} at (63,1) size 36x19
                text run at (63,1) width 36: "slice"
            LayoutTableCell {TD} at (262,439) size 202x57 [r=8 c=2 rs=1 cs=1]
              LayoutImage {IMG} at (1,1) size 200x50 [border: (2px dashed #800000)]
              LayoutText {#text} at (0,0) size 0x0
            LayoutTableCell {TD} at (466,439) size 202x57 [r=8 c=3 rs=1 cs=1]
              LayoutText {#text} at (0,0) size 0x0
layer at (475,35) size 200x50
  LayoutEmbeddedObject {OBJECT} at (1,1) size 200x50 [border: (1px dashed #008000)]
    layer at (0,0) size 192x42
      LayoutView at (0,0) size 192x42
    layer at (0,0) size 192x42
      LayoutSVGRoot {svg} at (0,0) size 192x42
        LayoutSVGEllipse {circle} at (0,0) size 220x220 [stroke={[type=SOLID] [color=#000000]}] [fill={[type=SOLID] [color=#D9BB7A] [fill rule=EVEN-ODD]}] [cx=110.00] [cy=110.00] [r=110.00]
layer at (475,94) size 200x50
  LayoutEmbeddedObject {OBJECT} at (1,1) size 200x50 [border: (1px dashed #008000)]
    layer at (0,0) size 192x42
      LayoutView at (0,0) size 192x42
    layer at (0,0) size 192x42
      LayoutSVGRoot {svg} at (0,0) size 192x42
        LayoutSVGHiddenContainer {defs} at (0,0) size 0x0
        LayoutSVGContainer {g} at (162.86,403.79) size 362.86x362.86 [transform={m=((1.00,0.00)(0.00,1.00)) t=(-162.36,-403.29)}]
          LayoutSVGPath {path} at (162.86,403.79) size 362.86x362.86 [stroke={[type=SOLID] [color=#000000]}] [fill={[type=SOLID] [color=#D9BB7A] [fill rule=EVEN-ODD]}] [data="M 525.714 585.219 A 181.429 181.429 0 1 1 162.857 585.219 A 181.429 181.429 0 1 1 525.714 585.219 Z"]
layer at (475,153) size 200x50
  LayoutEmbeddedObject {OBJECT} at (1,1) size 200x50 [border: (1px dashed #008000)]
    layer at (0,0) size 192x42
      LayoutView at (0,0) size 192x42
    layer at (0,0) size 192x42
      LayoutSVGRoot {svg} at (0,0) size 192x42
        LayoutSVGHiddenContainer {defs} at (0,0) size 0x0
        LayoutSVGContainer {g} at (162.86,403.79) size 362.86x362.86 [transform={m=((1.00,0.00)(0.00,1.00)) t=(-162.36,-403.29)}]
          LayoutSVGPath {path} at (162.86,403.79) size 362.86x362.86 [stroke={[type=SOLID] [color=#000000]}] [fill={[type=SOLID] [color=#D9BB7A] [fill rule=EVEN-ODD]}] [data="M 525.714 585.219 A 181.429 181.429 0 1 1 162.857 585.219 A 181.429 181.429 0 1 1 525.714 585.219 Z"]
layer at (475,212) size 200x50
  LayoutEmbeddedObject {OBJECT} at (1,1) size 200x50 [border: (1px dashed #008000)]
    layer at (0,0) size 192x42
      LayoutView at (0,0) size 192x42
    layer at (0,0) size 192x42
      LayoutSVGRoot {svg} at (0,0) size 192x42
        LayoutSVGHiddenContainer {defs} at (0,0) size 0x0
        LayoutSVGContainer {g} at (162.86,403.79) size 362.86x362.86 [transform={m=((1.00,0.00)(0.00,1.00)) t=(-162.36,-403.29)}]
          LayoutSVGPath {path} at (162.86,403.79) size 362.86x362.86 [stroke={[type=SOLID] [color=#000000]}] [fill={[type=SOLID] [color=#D9BB7A] [fill rule=EVEN-ODD]}] [data="M 525.714 585.219 A 181.429 181.429 0 1 1 162.857 585.219 A 181.429 181.429 0 1 1 525.714 585.219 Z"]
layer at (475,271) size 200x50
  LayoutEmbeddedObject {OBJECT} at (1,1) size 200x50 [border: (1px dashed #008000)]
    layer at (0,0) size 192x42
      LayoutView at (0,0) size 192x42
    layer at (0,0) size 192x42
      LayoutSVGRoot {svg} at (0,0) size 192x42
        LayoutSVGHiddenContainer {defs} at (0,0) size 0x0
        LayoutSVGContainer {g} at (162.86,403.79) size 362.86x362.86 [transform={m=((1.00,0.00)(0.00,1.00)) t=(-162.36,-403.29)}]
          LayoutSVGPath {path} at (162.86,403.79) size 362.86x362.86 [stroke={[type=SOLID] [color=#000000]}] [fill={[type=SOLID] [color=#D9BB7A] [fill rule=EVEN-ODD]}] [data="M 525.714 585.219 A 181.429 181.429 0 1 1 162.857 585.219 A 181.429 181.429 0 1 1 525.714 585.219 Z"]
layer at (475,330) size 200x50
  LayoutEmbeddedObject {OBJECT} at (1,1) size 200x50 [border: (1px dashed #008000)]
    layer at (0,0) size 192x42
      LayoutView at (0,0) size 192x42
    layer at (0,0) size 192x42
      LayoutSVGRoot {svg} at (0,0) size 192x42
        LayoutSVGHiddenContainer {defs} at (0,0) size 0x0
        LayoutSVGContainer {g} at (162.86,403.79) size 362.86x362.86 [transform={m=((1.00,0.00)(0.00,1.00)) t=(-162.36,-403.29)}]
          LayoutSVGPath {path} at (162.86,403.79) size 362.86x362.86 [stroke={[type=SOLID] [color=#000000]}] [fill={[type=SOLID] [color=#D9BB7A] [fill rule=EVEN-ODD]}] [data="M 525.714 585.219 A 181.429 181.429 0 1 1 162.857 585.219 A 181.429 181.429 0 1 1 525.714 585.219 Z"]
layer at (475,389) size 200x50
  LayoutEmbeddedObject {OBJECT} at (1,1) size 200x50 [border: (1px dashed #008000)]
    layer at (0,0) size 192x42
      LayoutView at (0,0) size 192x42
    layer at (0,0) size 192x42
      LayoutSVGRoot {svg} at (0,0) size 192x42
        LayoutSVGHiddenContainer {defs} at (0,0) size 0x0
        LayoutSVGContainer {g} at (162.86,403.79) size 362.86x362.86 [transform={m=((1.00,0.00)(0.00,1.00)) t=(-162.36,-403.29)}]
          LayoutSVGPath {path} at (162.86,403.79) size 362.86x362.86 [stroke={[type=SOLID] [color=#000000]}] [fill={[type=SOLID] [color=#D9BB7A] [fill rule=EVEN-ODD]}] [data="M 525.714 585.219 A 181.429 181.429 0 1 1 162.857 585.219 A 181.429 181.429 0 1 1 525.714 585.219 Z"]
layer at (475,448) size 200x50
  LayoutEmbeddedObject {OBJECT} at (1,1) size 200x50 [border: (1px dashed #008000)]
    layer at (0,0) size 192x42
      LayoutView at (0,0) size 192x42
    layer at (0,0) size 192x42
      LayoutSVGRoot {svg} at (0,0) size 192x42
        LayoutSVGHiddenContainer {defs} at (0,0) size 0x0
        LayoutSVGContainer {g} at (162.86,403.79) size 362.86x362.86 [transform={m=((1.00,0.00)(0.00,1.00)) t=(-162.36,-403.29)}]
          LayoutSVGPath {path} at (162.86,403.79) size 362.86x362.86 [stroke={[type=SOLID] [color=#000000]}] [fill={[type=SOLID] [color=#D9BB7A] [fill rule=EVEN-ODD]}] [data="M 525.714 585.219 A 181.429 181.429 0 1 1 162.857 585.219 A 181.429 181.429 0 1 1 525.714 585.219 Z"]
