layer at (0,0) size 800x600
  LayoutView at (0,0) size 800x600
layer at (0,0) size 800x34
  LayoutBlockFlow {HTML} at (0,0) size 800x34
    LayoutBlockFlow {BODY} at (8,8) size 784x18
      LayoutInline {SPAN} at (0,0) size 360x18 [bgcolor=#FF0000]
        LayoutText {#text} at (0,0) size 360x18
          text run at (0,0) width 360: "This text should be nice and sharp. devicePixelRatio is: "
      LayoutText {#text} at (0,0) size 0x0
      LayoutInline {SPAN} at (0,0) size 9x18
        LayoutText {#text} at (359,0) size 9x18
          text run at (359,0) width 9: "2"
      LayoutText {#text} at (0,0) size 0x0
      LayoutText {#text} at (0,0) size 0x0
