layer at (0,0) size 800x600
  LayoutView at (0,0) size 800x600
layer at (0,0) size 800x70
  LayoutBlockFlow {HTML} at (0,0) size 800x70
    LayoutBlockFlow {BODY} at (8,8) size 784x54
      LayoutBlockFlow {DIV} at (0,0) size 784x18
        LayoutText {#text} at (0,0) size 476x18
          text run at (0,0) width 476: "This test passes if the resize corner icon appears high-resolution in HiDPI."
      LayoutBlockFlow (anonymous) at (0,18) size 784x36
        LayoutText {#text} at (0,0) size 0x0
        LayoutText {#text} at (0,0) size 0x0
layer at (8,26) size 141x32 clip at (9,27) size 139x30
  LayoutTextControl {TEXTAREA} at (0,0) size 141x32 [bgcolor=#FFFFFF] [border: (1px solid #000000)]
    LayoutBlockFlow {DIV} at (3,3) size 135x13
