layer at (0,0) size 800x600
  LayoutView at (0,0) size 800x600
layer at (0,0) size 800x136
  LayoutBlockFlow {HTML} at (0,0) size 800x136
    LayoutBlockFlow {BODY} at (8,8) size 784x120
layer at (8,8) size 200x120 clip at (8,8) size 185x105 scrollWidth 400 scrollHeight 272
  LayoutBlockFlow {DIV} at (0,0) size 200x120
    LayoutBlockFlow (anonymous) at (0,0) size 185x72
      LayoutBR {BR} at (0,0) size 0x18
      LayoutText {#text} at (0,18) size 181x54
        text run at (0,18) width 172: "This should be a scrollable"
        text run at (0,36) width 181: "text box with horizontal and"
        text run at (0,54) width 92: "vertical scroll."
    LayoutBlockFlow {DIV} at (0,72) size 400x200
