layer at (0,0) size 800x600
  LayoutView at (0,0) size 800x600
layer at (0,0) size 800x600
  LayoutNGBlockFlow {HTML} at (0,0) size 800x600
    LayoutNGBlockFlow {BODY} at (8,8) size 784x584
      LayoutText {#text} at (0,0) size 499x19
        text run at (0,0) width 499: "This tests that the display:none style will work on a search field's cancel button."
      LayoutBR {BR} at (499,0) size 0x19
      LayoutTextControl {INPUT} at (0,20) size 183x22 [bgcolor=#FFFFFF] [border: (2px inset #EEEEEE)]
        LayoutFlexibleBox {DIV} at (3,3) size 177x16
          LayoutBlockFlow {DIV} at (0,0) size 177x16
      LayoutText {#text} at (0,0) size 0x0
layer at (11,31) size 177x16
  LayoutBlockFlow {DIV} at (0,0) size 177x16
    LayoutText {#text} at (0,0) size 22x16
      text run at (0,0) width 22: "test"
