layer at (0,0) size 800x600
  LayoutView at (0,0) size 800x600
layer at (0,0) size 800x445
  LayoutNGBlockFlow {HTML} at (0,0) size 800x445
    LayoutNGBlockFlow {BODY} at (8,8) size 784x429
      LayoutNGBlockFlow (anonymous) at (0,0) size 784x92
        LayoutTextControl {INPUT} at (4,4) size 183x22 [bgcolor=#FFFFFF] [border: (2px inset #EEEEEE)]
          LayoutFlexibleBox {DIV} at (3,3) size 177x16
            LayoutBlockFlow {DIV} at (0,0) size 164x16
        LayoutText {#text} at (191,5) size 4x19
          text run at (191,5) width 4: " "
        LayoutTextControl {INPUT} at (199,4) size 183x22 [bgcolor=#FFFFFF] [border: (2px inset #EEEEEE)]
          LayoutFlexibleBox {DIV} at (3,3) size 177x16
            LayoutBlockFlow {DIV} at (0,0) size 164x16
            LayoutBlockFlow {DIV} at (165,3.50) size 9x9
        LayoutBR {BR} at (386,5) size 0x19
        LayoutTextControl {INPUT} at (4,34) size 183x22 [bgcolor=#FFFFFF] [border: (2px inset #EEEEEE)]
          LayoutFlexibleBox {DIV} at (3,3) size 177x16
            LayoutBlockFlow {DIV} at (0,0) size 164x16
        LayoutText {#text} at (191,35) size 4x19
          text run at (191,35) width 4: " "
        LayoutTextControl {INPUT} at (199,34) size 183x22 [color=#545454] [bgcolor=#EBEBE4] [border: (2px inset #EEEEEE)]
          LayoutFlexibleBox {DIV} at (3,3) size 177x16
            LayoutBlockFlow {DIV} at (0,0) size 164x16
        LayoutText {#text} at (0,0) size 0x0
        LayoutBR {BR} at (386,35) size 0x19
        LayoutTextControl {INPUT} at (4,64) size 185x24 [bgcolor=#FFFFFF] [border: (3px solid #00FF00)]
          LayoutFlexibleBox {DIV} at (4,4) size 177x16
            LayoutBlockFlow {DIV} at (0,0) size 164x16
        LayoutText {#text} at (193,66) size 4x19
          text run at (193,66) width 4: " "
        LayoutTextControl {INPUT} at (201,65) size 183x22 [bgcolor=#FFFFFF] [border: (2px inset #EEEEEE)]
          LayoutFlexibleBox {DIV} at (3,3) size 177x16
            LayoutBlockFlow {DIV} at (0,0) size 164x16
        LayoutText {#text} at (0,0) size 0x0
        LayoutBR {BR} at (388,66) size 0x19
      LayoutNGBlockFlow {DIV} at (0,92) size 163x45 [bgcolor=#888888]
        LayoutTextControl {INPUT} at (11,9) size 133x22 [bgcolor=#00FF00] [border: (2px inset #EEEEEE)]
          LayoutFlexibleBox {DIV} at (3,3) size 127x16
            LayoutBlockFlow {DIV} at (0,0) size 114x16
        LayoutText {#text} at (0,0) size 0x0
      LayoutNGBlockFlow (anonymous) at (0,137) size 784x292
        LayoutTextControl {INPUT} at (4,4) size 183x22 [border: (2px inset #EEEEEE)]
          LayoutFlexibleBox {DIV} at (3,3) size 177x16
            LayoutBlockFlow {DIV} at (0,0) size 164x16
        LayoutText {#text} at (0,0) size 0x0
        LayoutBR {BR} at (191,5) size 0x19
        LayoutTextControl {INPUT} at (4,34) size 183x22 [bgcolor=#FFFFFF] [border: (2px inset #EEEEEE)]
          LayoutFlexibleBox {DIV} at (3,3) size 177x16
            LayoutBlockFlow {DIV} at (0,0) size 164x16
        LayoutText {#text} at (0,0) size 0x0
        LayoutBR {BR} at (191,35) size 0x19
        LayoutTextControl {INPUT} at (4,68) size 207x25 [bgcolor=#FFFFFF] [border: (2px inset #EEEEEE)]
          LayoutFlexibleBox {DIV} at (3,3) size 201x19
            LayoutBlockFlow {DIV} at (0,0) size 186x19
        LayoutText {#text} at (215,71) size 4x19
          text run at (215,71) width 4: " "
        LayoutTextControl {INPUT} at (223,64) size 252x30 [bgcolor=#FFFFFF] [border: (2px inset #EEEEEE)]
          LayoutFlexibleBox {DIV} at (3,3) size 246x24
            LayoutBlockFlow {DIV} at (0,0) size 228x24
        LayoutText {#text} at (0,0) size 0x0
        LayoutTextControl {INPUT} at (4,102) size 316x34 [bgcolor=#FFFFFF] [border: (2px inset #EEEEEE)]
          LayoutFlexibleBox {DIV} at (3,3) size 310x28
            LayoutBlockFlow {DIV} at (0,0) size 289x28
        LayoutText {#text} at (0,0) size 0x0
        LayoutBR {BR} at (324,111) size 0x19
        LayoutTextControl {INPUT} at (6,156.50) size 255x33 [bgcolor=#FFFFFF] [border: (3px inset #EEEEEE)]
          LayoutFlexibleBox {DIV} at (4.50,4.50) size 246x24
            LayoutBlockFlow {DIV} at (0,0) size 226x24
        LayoutText {#text} at (267,165) size 4x19
          text run at (267,165) width 4: " "
        LayoutTextControl {INPUT} at (279,148) size 346x45 [bgcolor=#FFFFFF] [border: (4px inset #EEEEEE)]
          LayoutFlexibleBox {DIV} at (6,6) size 334x33
            LayoutBlockFlow {DIV} at (0,0) size 307x33
        LayoutText {#text} at (0,0) size 0x0
        LayoutBR {BR} at (633,165) size 0x19
        LayoutTextControl {INPUT} at (6,217.50) size 255x33 [bgcolor=#FFFFFF] [border: (3px inset #EEEEEE)]
          LayoutFlexibleBox {DIV} at (4.50,4.50) size 246x24
            LayoutBlockFlow {DIV} at (0,0) size 226x24
        LayoutText {#text} at (267,226) size 4x19
          text run at (267,226) width 4: " "
        LayoutTextControl {INPUT} at (279,209) size 346x45 [bgcolor=#FFFFFF] [border: (4px inset #EEEEEE)]
          LayoutFlexibleBox {DIV} at (6,6) size 334x33
            LayoutBlockFlow {DIV} at (0,0) size 307x33
        LayoutText {#text} at (0,0) size 0x0
        LayoutBR {BR} at (633,226) size 0x19
        LayoutTextControl {INPUT} at (4,266) size 156x22 [bgcolor=#FFFFFF] [border: (1px solid #BDC7D8)]
          LayoutFlexibleBox {DIV} at (18,4) size 134x14
            LayoutBlockFlow {DIV} at (0,0) size 122x14
        LayoutText {#text} at (0,0) size 0x0
layer at (15,15) size 164x16
  LayoutBlockFlow {DIV} at (0,0) size 164x16
    LayoutText {#text} at (0,0) size 18x16
      text run at (0,0) width 18: "foo"
layer at (210,15) size 164x16
  LayoutBlockFlow {DIV} at (0,0) size 164x16
    LayoutText {#text} at (0,0) size 18x16
      text run at (0,0) width 18: "foo"
layer at (15,45) size 164x16
  LayoutBlockFlow {DIV} at (0,0) size 164x16
    LayoutText {#text} at (0,0) size 18x16
      text run at (0,0) width 18: "foo"
layer at (210,45) size 164x16
  LayoutBlockFlow {DIV} at (0,0) size 164x16
    LayoutText {#text} at (0,0) size 18x16
      text run at (0,0) width 18: "foo"
layer at (16,76) size 164x16
  LayoutBlockFlow {DIV} at (0,0) size 164x16
    LayoutText {#text} at (0,0) size 18x16
      text run at (0,0) width 18: "foo"
layer at (212,76) size 164x16
  LayoutBlockFlow {DIV} at (0,0) size 164x16
    LayoutText {#text} at (0,0) size 18x16
      text run at (0,0) width 18: "foo"
layer at (22,112) size 114x16
  LayoutBlockFlow {DIV} at (0,0) size 114x16
    LayoutText {#text} at (0,0) size 65x16
      text run at (0,0) width 65: "default text"
layer at (15,152) size 164x16
  LayoutBlockFlow {DIV} at (0,0) size 164x16
    LayoutText {#text} at (0,0) size 18x16
      text run at (0,0) width 18: "foo"
layer at (15,182) size 164x16
  LayoutBlockFlow {DIV} at (0,0) size 164x16
    LayoutText {#text} at (0,0) size 18x16
      text run at (0,0) width 18: "foo"
layer at (15,216) size 186x19
  LayoutBlockFlow {DIV} at (0,0) size 186x19
    LayoutText {#text} at (0,0) size 22x18
      text run at (0,0) width 22: "foo"
layer at (234,212) size 228x24
  LayoutBlockFlow {DIV} at (0,0) size 228x24
    LayoutText {#text} at (0,0) size 28x23
      text run at (0,0) width 28: "foo"
layer at (15,250) size 289x28
  LayoutBlockFlow {DIV} at (0,0) size 289x28
    LayoutText {#text} at (0,0) size 33x27
      text run at (0,0) width 33: "foo"
layer at (19,306) size 226x24
  LayoutBlockFlow {DIV} at (0,0) size 226x24
    LayoutText {#text} at (0,0) size 28x23
      text run at (0,0) width 28: "foo"
layer at (293,299) size 307x33
  LayoutBlockFlow {DIV} at (0,0) size 307x33
    LayoutText {#text} at (0,0) size 38x32
      text run at (0,0) width 38: "foo"
layer at (19,367) size 226x24
  LayoutBlockFlow {DIV} at (0,0) size 226x24
    LayoutText {#text} at (0,0) size 28x23
      text run at (0,0) width 28: "foo"
layer at (293,360) size 307x33
  LayoutBlockFlow {DIV} at (0,0) size 307x33
    LayoutText {#text} at (0,0) size 38x32
      text run at (0,0) width 38: "foo"
layer at (30,415) size 122x14
  LayoutBlockFlow {DIV} at (18,4) size 122x14 [color=#757575]
    LayoutText {#text} at (0,0) size 88x14
      text run at (0,0) width 88: "Search for Events"
layer at (30,415) size 122x14
  LayoutBlockFlow {DIV} at (0,0) size 122x14
layer at (180,19) size 9x9 transparent
  LayoutBlockFlow {DIV} at (165,3.50) size 9x9
layer at (180,49) size 9x9 transparent
  LayoutBlockFlow {DIV} at (165,3.50) size 9x9
layer at (375,49) size 9x9 transparent
  LayoutBlockFlow {DIV} at (165,3.50) size 9x9
layer at (181,80) size 9x9 transparent
  LayoutBlockFlow {DIV} at (165,3.50) size 9x9
layer at (377,80) size 9x9 transparent
  LayoutBlockFlow {DIV} at (165,3.50) size 9x9
layer at (137,116) size 9x9 transparent
  LayoutBlockFlow {DIV} at (115,3.50) size 9x9
layer at (180,156) size 9x9 transparent
  LayoutBlockFlow {DIV} at (165,3.50) size 9x9
layer at (180,186) size 9x9 transparent
  LayoutBlockFlow {DIV} at (165,3.50) size 9x9
layer at (202,220) size 11x11 transparent
  LayoutBlockFlow {DIV} at (187,4) size 11x11
layer at (463,217) size 14x14 transparent
  LayoutBlockFlow {DIV} at (229,5) size 14x14
layer at (305,256) size 17x17 transparent
  LayoutBlockFlow {DIV} at (290,5.50) size 17x17
layer at (246,311) size 14x14 transparent
  LayoutBlockFlow {DIV} at (227.50,5) size 14x14
layer at (602,306) size 19x19 transparent
  LayoutBlockFlow {DIV} at (309,7) size 19x19
layer at (246,372) size 14x14 transparent
  LayoutBlockFlow {DIV} at (227.50,5) size 14x14
layer at (602,367) size 19x19 transparent
  LayoutBlockFlow {DIV} at (309,7) size 19x19
layer at (153,418) size 8x8 transparent
  LayoutBlockFlow {DIV} at (123,3) size 8x8
caret: position 0 of child 0 {#text} of child 0 {DIV} of child 0 {DIV} of child 0 {DIV} of {#document-fragment} of child 10 {INPUT} of body
