layer at (0,0) size 800x600
  LayoutView at (0,0) size 800x600
layer at (0,0) size 800x600
  LayoutNGBlockFlow {HTML} at (0,0) size 800x600
    LayoutNGBlockFlow {BODY} at (8,8) size 784x576
      LayoutNGBlockFlow {P} at (0,0) size 784x40
        LayoutText {#text} at (0,0) size 772x39
          text run at (0,0) width 772: "This tests selecting and deleting the paragraph before a table. You should see only a table in the editable region below, with"
          text run at (0,20) width 139: "the caret just before it."
      LayoutBlockFlow {DIV} at (0,56) size 784x30
        LayoutBlockFlow {DIV} at (0,0) size 784x30
          LayoutTable {TABLE} at (0,0) size 32x30 [border: (1px solid #BBBBBB)]
            LayoutTableSection {TBODY} at (1,1) size 30x28
              LayoutTableRow {TR} at (0,2) size 30x24
                LayoutTableCell {TD} at (2,2) size 12x24 [border: (1px solid #BBBBBB)] [r=0 c=0 rs=1 cs=1]
                  LayoutText {#text} at (2,2) size 8x19
                    text run at (2,2) width 8: "1"
                LayoutTableCell {TD} at (16,2) size 12x24 [border: (1px solid #BBBBBB)] [r=0 c=1 rs=1 cs=1]
                  LayoutText {#text} at (2,2) size 8x19
                    text run at (2,2) width 8: "2"
      LayoutNGBlockFlow {UL} at (0,102) size 784x0
caret: position 0 of child 0 {TABLE} of child 1 {DIV} of child 2 {DIV} of body
