layer at (0,0) size 800x600
  LayoutView at (0,0) size 800x600
layer at (0,0) size 800x600
  LayoutNGBlockFlow {HTML} at (0,0) size 800x600
    LayoutNGBlockFlow {BODY} at (8,8) size 784x584
      LayoutNGBlockFlow {P} at (0,0) size 784x40
        LayoutText {#text} at (0,0) size 783x39
          text run at (0,0) width 783: "This tests for a hang on delete where a style rule would cause style spans in content moved after the delete to be displayed as"
          text run at (0,20) width 183: "blocks. You should see Hello"
        LayoutInline {B} at (0,0) size 43x19
          LayoutText {#text} at (183,20) size 43x19
            text run at (183,20) width 43: "World"
        LayoutText {#text} at (226,20) size 46x19
          text run at (226,20) width 46: " below."
      LayoutBlockFlow {DIV} at (0,56) size 784x20
        LayoutBlockFlow {DIV} at (0,0) size 784x20
          LayoutText {#text} at (0,0) size 35x19
            text run at (0,0) width 35: "Hello"
          LayoutInline {SPAN} at (0,0) size 43x19
            LayoutText {#text} at (35,0) size 43x19
              text run at (35,0) width 43: "World"
caret: position 5 of child 0 {#text} of child 1 {DIV} of child 2 {DIV} of body
