EDITING DELEGATE: webViewDidChangeSelection:WebViewDidChangeSelectionNotification
EDITING DELEGATE: webViewDidChangeSelection:WebViewDidChangeSelectionNotification
EDITING DELEGATE: webViewDidChangeSelection:WebViewDidChangeSelectionNotification
EDITING DELEGATE: webViewDidChangeSelection:WebViewDidChangeSelectionNotification
EDITING DELEGATE: webViewDidChange:WebViewDidChangeNotification
layer at (0,0) size 800x600
  LayoutView at (0,0) size 800x600
layer at (0,0) size 800x600
  LayoutNGBlockFlow {HTML} at (0,0) size 800x600
    LayoutNGBlockFlow {BODY} at (8,8) size 784x584
      LayoutNGBlockFlow {DIV} at (0,0) size 784x238 [border: (2px solid #0000FF)]
        LayoutNGBlockFlow {DIV} at (14,14) size 756x83
          LayoutText {#text} at (0,0) size 59x26
            text run at (0,0) width 59: "Tests:"
          LayoutBR {BR} at (59,0) size 0x0
          LayoutText {#text} at (0,27) size 622x27
            text run at (0,27) width 622: "Delete at the end of document when there is a BR following a P."
          LayoutBR {BR} at (622,27) size 0x0
          LayoutText {#text} at (0,55) size 441x27
            text run at (0,55) width 441: "This is a test case for rdar://problem/4110366"
        LayoutNGBlockFlow {DIV} at (14,113) size 756x111
          LayoutText {#text} at (0,0) size 183x26
            text run at (0,0) width 183: "Expected Results:"
          LayoutBR {BR} at (183,0) size 0x0
          LayoutText {#text} at (0,27) size 720x55
            text run at (0,27) width 720: "Red box with four lines. The second line is a nested red box with the word"
            text run at (0,55) width 389: "\"hello\". The other three lines are empty."
          LayoutBR {BR} at (389,55) size 0x0
          LayoutText {#text} at (0,83) size 468x27
            text run at (0,83) width 468: "Selection is a caret at the start of the fourth line."
      LayoutBlockFlow {DIV} at (0,262) size 784x140 [border: (2px solid #FF0000)]
        LayoutBlockFlow {P} at (2,26) size 780x32 [border: (2px solid #FF0000)]
          LayoutText {#text} at (2,2) size 49x27
            text run at (2,2) width 49: "hello"
        LayoutBlockFlow {P} at (2,82) size 780x32 [border: (2px solid #FF0000)]
          LayoutBR {BR} at (2,2) size 0x27
caret: position 0 of child 0 {BR} of child 1 {P} of child 3 {DIV} of body
