layer at (0,0) size 800x600 scrollWidth 803 scrollHeight 1299
  LayoutView at (0,0) size 800x600
layer at (0,0) size 800x1299 backgroundClip at (0,0) size 800x600 clip at (0,0) size 800x600
  LayoutBlockFlow {HTML} at (0,0) size 800x1299
    LayoutBlockFlow {BODY} at (8,8) size 784x1283
      LayoutBlockFlow {SECTION} at (0,0) size 795.11x1267
        LayoutBlockFlow {H1} at (0,0) size 795.11x27
          LayoutText {#text} at (0,0) size 281x26
            text run at (0,0) width 281: "Font Size Scaling Pixel Test"
        LayoutBlockFlow {P} at (0,31) size 795.11x18
          LayoutText {#text} at (0,0) size 766x17
            text run at (0,0) width 250: "Size of the text should scale smoothly. "
            text run at (249,0) width 517: "Reported width should be within 0.02px of that of the highlighted reference row."
        LayoutBlockFlow {DIV} at (0,53) size 795.11x1214
          LayoutBlockFlow {DIV} at (0,0) size 795.11x12 [border: none (1px solid #000000) none]
            LayoutBlockFlow {DIV} at (0,0) size 67.39x11
              LayoutText {#text} at (18,0) size 45x11
                text run at (18,0) width 45: "Font Size"
            LayoutBlockFlow {DIV} at (67.39,0) size 67.39x11
              LayoutText {#text} at (36,0) size 27x11
                text run at (36,0) width 27: "Width"
            LayoutBlockFlow {DIV} at (134.78,0) size 67.39x11
              LayoutText {#text} at (11,0) size 52x11
                text run at (11,0) width 52: "Normalized"
            LayoutBlockFlow {DIV} at (202.17,0) size 67.39x11
              LayoutText {#text} at (47,0) size 16x11
                text run at (47,0) width 16: "Diff"
            LayoutInline {SPAN} at (0,0) size 38x11
              LayoutText {#text} at (269,0) size 38x11
                text run at (269,0) width 38: "Content"
          LayoutBlockFlow {DIV} at (0,12) size 795.11x11
            LayoutBlockFlow {DIV} at (0,0) size 67.39x11
              LayoutText {#text} at (35,0) size 28x11
                text run at (35,0) width 28: "10.00"
            LayoutBlockFlow {DIV} at (67.39,0) size 67.39x11
              LayoutText {#text} at (29,0) size 34x11
                text run at (29,0) width 34: "221.00"
            LayoutBlockFlow {DIV} at (134.78,0) size 67.39x11
              LayoutText {#text} at (29,0) size 34x11
                text run at (29,0) width 34: "265.20"
            LayoutBlockFlow {DIV} at (202.17,0) size 67.39x11 [color=#FF0000]
              LayoutText {#text} at (41,0) size 22x11
                text run at (41,0) width 22: "4.20"
            LayoutInline {SPAN} at (0,0) size 222x11
              LayoutText {#text} at (269,0) size 222x11
                text run at (269,0) width 222: "Amazingly few discotheques provide jukeboxes."
          LayoutBlockFlow {DIV} at (0,23) size 795.11x11
            LayoutBlockFlow {DIV} at (0,0) size 67.39x11
              LayoutText {#text} at (35,0) size 28x11
                text run at (35,0) width 28: "10.25"
            LayoutBlockFlow {DIV} at (67.39,0) size 67.39x11
              LayoutText {#text} at (29,0) size 34x11
                text run at (29,0) width 34: "222.00"
            LayoutBlockFlow {DIV} at (134.78,0) size 67.39x11
              LayoutText {#text} at (29,0) size 34x11
                text run at (29,0) width 34: "259.90"
            LayoutBlockFlow {DIV} at (202.17,0) size 67.39x11 [color=#FF0000]
              LayoutText {#text} at (38,0) size 25x11
                text run at (38,0) width 25: "-1.10"
            LayoutInline {SPAN} at (0,0) size 223x11
              LayoutText {#text} at (269,0) size 223x11
                text run at (269,0) width 223: "Amazingly few discotheques provide jukeboxes."
          LayoutBlockFlow {DIV} at (0,34) size 795.11x12
            LayoutBlockFlow {DIV} at (0,1) size 67.39x11
              LayoutText {#text} at (35,0) size 28x11
                text run at (35,0) width 28: "10.50"
            LayoutBlockFlow {DIV} at (67.39,1) size 67.39x11
              LayoutText {#text} at (29,0) size 34x11
                text run at (29,0) width 34: "223.00"
            LayoutBlockFlow {DIV} at (134.78,1) size 67.39x11
              LayoutText {#text} at (29,0) size 34x11
                text run at (29,0) width 34: "254.86"
            LayoutBlockFlow {DIV} at (202.17,1) size 67.39x11 [color=#FF0000]
              LayoutText {#text} at (38,0) size 25x11
                text run at (38,0) width 25: "-6.14"
            LayoutInline {SPAN} at (0,0) size 224x12
              LayoutText {#text} at (269,0) size 224x12
                text run at (269,0) width 224: "Amazingly few discotheques provide jukeboxes."
          LayoutBlockFlow {DIV} at (0,46) size 795.11x12
            LayoutBlockFlow {DIV} at (0,1) size 67.39x11
              LayoutText {#text} at (35,0) size 28x11
                text run at (35,0) width 28: "10.75"
            LayoutBlockFlow {DIV} at (67.39,1) size 67.39x11
              LayoutText {#text} at (29,0) size 34x11
                text run at (29,0) width 34: "224.00"
            LayoutBlockFlow {DIV} at (134.78,1) size 67.39x11
              LayoutText {#text} at (29,0) size 34x11
                text run at (29,0) width 34: "250.05"
            LayoutBlockFlow {DIV} at (202.17,1) size 67.39x11 [color=#FF0000]
              LayoutText {#text} at (32,0) size 31x11
                text run at (32,0) width 31: "-10.95"
            LayoutInline {SPAN} at (0,0) size 225x12
              LayoutText {#text} at (269,0) size 225x12
                text run at (269,0) width 225: "Amazingly few discotheques provide jukeboxes."
          LayoutBlockFlow {DIV} at (0,58) size 795.11x12
            LayoutBlockFlow {DIV} at (0,1) size 67.39x11
              LayoutText {#text} at (35,0) size 28x11
                text run at (35,0) width 28: "11.00"
            LayoutBlockFlow {DIV} at (67.39,1) size 67.39x11
              LayoutText {#text} at (29,0) size 34x11
                text run at (29,0) width 34: "233.00"
            LayoutBlockFlow {DIV} at (134.78,1) size 67.39x11
              LayoutText {#text} at (29,0) size 34x11
                text run at (29,0) width 34: "254.18"
            LayoutBlockFlow {DIV} at (202.17,1) size 67.39x11 [color=#FF0000]
              LayoutText {#text} at (38,0) size 25x11
                text run at (38,0) width 25: "-6.82"
            LayoutInline {SPAN} at (0,0) size 234x12
              LayoutText {#text} at (269,0) size 234x12
                text run at (269,0) width 234: "Amazingly few discotheques provide jukeboxes."
          LayoutBlockFlow {DIV} at (0,70) size 795.11x12
            LayoutBlockFlow {DIV} at (0,1) size 67.39x11
              LayoutText {#text} at (35,0) size 28x11
                text run at (35,0) width 28: "11.25"
            LayoutBlockFlow {DIV} at (67.39,1) size 67.39x11
              LayoutText {#text} at (29,0) size 34x11
                text run at (29,0) width 34: "234.00"
            LayoutBlockFlow {DIV} at (134.78,1) size 67.39x11
              LayoutText {#text} at (29,0) size 34x11
                text run at (29,0) width 34: "249.60"
            LayoutBlockFlow {DIV} at (202.17,1) size 67.39x11 [color=#FF0000]
              LayoutText {#text} at (32,0) size 31x11
                text run at (32,0) width 31: "-11.40"
            LayoutInline {SPAN} at (0,0) size 235x12
              LayoutText {#text} at (269,0) size 235x12
                text run at (269,0) width 235: "Amazingly few discotheques provide jukeboxes."
          LayoutBlockFlow {DIV} at (0,82) size 795.11x12
            LayoutBlockFlow {DIV} at (0,1) size 67.39x11
              LayoutText {#text} at (35,0) size 28x11
                text run at (35,0) width 28: "11.50"
            LayoutBlockFlow {DIV} at (67.39,1) size 67.39x11
              LayoutText {#text} at (29,0) size 34x11
                text run at (29,0) width 34: "240.00"
            LayoutBlockFlow {DIV} at (134.78,1) size 67.39x11
              LayoutText {#text} at (29,0) size 34x11
                text run at (29,0) width 34: "250.43"
            LayoutBlockFlow {DIV} at (202.17,1) size 67.39x11 [color=#FF0000]
              LayoutText {#text} at (32,0) size 31x11
                text run at (32,0) width 31: "-10.57"
            LayoutInline {SPAN} at (0,0) size 241x12
              LayoutText {#text} at (269,0) size 241x12
                text run at (269,0) width 241: "Amazingly few discotheques provide jukeboxes."
          LayoutBlockFlow {DIV} at (0,94) size 795.11x13
            LayoutBlockFlow {DIV} at (0,2) size 67.39x11
              LayoutText {#text} at (35,0) size 28x11
                text run at (35,0) width 28: "11.75"
            LayoutBlockFlow {DIV} at (67.39,2) size 67.39x11
              LayoutText {#text} at (29,0) size 34x11
                text run at (29,0) width 34: "260.00"
            LayoutBlockFlow {DIV} at (134.78,2) size 67.39x11
              LayoutText {#text} at (29,0) size 34x11
                text run at (29,0) width 34: "265.53"
            LayoutBlockFlow {DIV} at (202.17,2) size 67.39x11 [color=#FF0000]
              LayoutText {#text} at (41,0) size 22x11
                text run at (41,0) width 22: "4.53"
            LayoutInline {SPAN} at (0,0) size 261x13
              LayoutText {#text} at (269,0) size 261x13
                text run at (269,0) width 261: "Amazingly few discotheques provide jukeboxes."
          LayoutBlockFlow {DIV} at (0,107) size 795.11x14 [bgcolor=#FBFCC5]
            LayoutBlockFlow {DIV} at (0,2) size 67.39x11
              LayoutText {#text} at (35,0) size 28x11
                text run at (35,0) width 28: "12.00"
            LayoutBlockFlow {DIV} at (67.39,2) size 67.39x11
              LayoutText {#text} at (29,0) size 34x11
                text run at (29,0) width 34: "261.00"
            LayoutBlockFlow {DIV} at (134.78,2) size 67.39x11
              LayoutText {#text} at (29,0) size 34x11
                text run at (29,0) width 34: "261.00"
            LayoutBlockFlow {DIV} at (202.17,2) size 67.39x11
              LayoutText {#text} at (41,0) size 22x11
                text run at (41,0) width 22: "0.00"
            LayoutInline {SPAN} at (0,0) size 262x14
              LayoutText {#text} at (269,0) size 262x14
                text run at (269,0) width 262: "Amazingly few discotheques provide jukeboxes."
          LayoutBlockFlow {DIV} at (0,121) size 795.11x14
            LayoutBlockFlow {DIV} at (0,2) size 67.39x11
              LayoutText {#text} at (35,0) size 28x11
                text run at (35,0) width 28: "12.25"
            LayoutBlockFlow {DIV} at (67.39,2) size 67.39x11
              LayoutText {#text} at (29,0) size 34x11
                text run at (29,0) width 34: "261.00"
            LayoutBlockFlow {DIV} at (134.78,2) size 67.39x11
              LayoutText {#text} at (29,0) size 34x11
                text run at (29,0) width 34: "255.67"
            LayoutBlockFlow {DIV} at (202.17,2) size 67.39x11 [color=#FF0000]
              LayoutText {#text} at (38,0) size 25x11
                text run at (38,0) width 25: "-5.33"
            LayoutInline {SPAN} at (0,0) size 262x14
              LayoutText {#text} at (269,0) size 262x14
                text run at (269,0) width 262: "Amazingly few discotheques provide jukeboxes."
          LayoutBlockFlow {DIV} at (0,135) size 795.11x14
            LayoutBlockFlow {DIV} at (0,2) size 67.39x11
              LayoutText {#text} at (35,0) size 28x11
                text run at (35,0) width 28: "12.50"
            LayoutBlockFlow {DIV} at (67.39,2) size 67.39x11
              LayoutText {#text} at (29,0) size 34x11
                text run at (29,0) width 34: "261.00"
            LayoutBlockFlow {DIV} at (134.78,2) size 67.39x11
              LayoutText {#text} at (29,0) size 34x11
                text run at (29,0) width 34: "250.56"
            LayoutBlockFlow {DIV} at (202.17,2) size 67.39x11 [color=#FF0000]
              LayoutText {#text} at (32,0) size 31x11
                text run at (32,0) width 31: "-10.44"
            LayoutInline {SPAN} at (0,0) size 262x14
              LayoutText {#text} at (269,0) size 262x14
                text run at (269,0) width 262: "Amazingly few discotheques provide jukeboxes."
          LayoutBlockFlow {DIV} at (0,149) size 795.11x15
            LayoutBlockFlow {DIV} at (0,3) size 67.39x11
              LayoutText {#text} at (35,0) size 28x11
                text run at (35,0) width 28: "12.75"
            LayoutBlockFlow {DIV} at (67.39,3) size 67.39x11
              LayoutText {#text} at (29,0) size 34x11
                text run at (29,0) width 34: "270.00"
            LayoutBlockFlow {DIV} at (134.78,3) size 67.39x11
              LayoutText {#text} at (29,0) size 34x11
                text run at (29,0) width 34: "254.12"
            LayoutBlockFlow {DIV} at (202.17,3) size 67.39x11 [color=#FF0000]
              LayoutText {#text} at (38,0) size 25x11
                text run at (38,0) width 25: "-6.88"
            LayoutInline {SPAN} at (0,0) size 271x15
              LayoutText {#text} at (269,0) size 271x15
                text run at (269,0) width 271: "Amazingly few discotheques provide jukeboxes."
          LayoutBlockFlow {DIV} at (0,164) size 795.11x15
            LayoutBlockFlow {DIV} at (0,3) size 67.39x11
              LayoutText {#text} at (35,0) size 28x11
                text run at (35,0) width 28: "13.00"
            LayoutBlockFlow {DIV} at (67.39,3) size 67.39x11
              LayoutText {#text} at (29,0) size 34x11
                text run at (29,0) width 34: "279.00"
            LayoutBlockFlow {DIV} at (134.78,3) size 67.39x11
              LayoutText {#text} at (29,0) size 34x11
                text run at (29,0) width 34: "257.54"
            LayoutBlockFlow {DIV} at (202.17,3) size 67.39x11 [color=#FF0000]
              LayoutText {#text} at (38,0) size 25x11
                text run at (38,0) width 25: "-3.46"
            LayoutInline {SPAN} at (0,0) size 280x15
              LayoutText {#text} at (269,0) size 280x15
                text run at (269,0) width 280: "Amazingly few discotheques provide jukeboxes."
          LayoutBlockFlow {DIV} at (0,179) size 795.11x15
            LayoutBlockFlow {DIV} at (0,3) size 67.39x11
              LayoutText {#text} at (35,0) size 28x11
                text run at (35,0) width 28: "13.25"
            LayoutBlockFlow {DIV} at (67.39,3) size 67.39x11
              LayoutText {#text} at (29,0) size 34x11
                text run at (29,0) width 34: "280.00"
            LayoutBlockFlow {DIV} at (134.78,3) size 67.39x11
              LayoutText {#text} at (29,0) size 34x11
                text run at (29,0) width 34: "253.58"
            LayoutBlockFlow {DIV} at (202.17,3) size 67.39x11 [color=#FF0000]
              LayoutText {#text} at (38,0) size 25x11
                text run at (38,0) width 25: "-7.42"
            LayoutInline {SPAN} at (0,0) size 281x15
              LayoutText {#text} at (269,0) size 281x15
                text run at (269,0) width 281: "Amazingly few discotheques provide jukeboxes."
          LayoutBlockFlow {DIV} at (0,194) size 795.11x15
            LayoutBlockFlow {DIV} at (0,3) size 67.39x11
              LayoutText {#text} at (35,0) size 28x11
                text run at (35,0) width 28: "13.50"
            LayoutBlockFlow {DIV} at (67.39,3) size 67.39x11
              LayoutText {#text} at (29,0) size 34x11
                text run at (29,0) width 34: "300.00"
            LayoutBlockFlow {DIV} at (134.78,3) size 67.39x11
              LayoutText {#text} at (29,0) size 34x11
                text run at (29,0) width 34: "266.67"
            LayoutBlockFlow {DIV} at (202.17,3) size 67.39x11 [color=#FF0000]
              LayoutText {#text} at (41,0) size 22x11
                text run at (41,0) width 22: "5.67"
            LayoutInline {SPAN} at (0,0) size 301x15
              LayoutText {#text} at (269,0) size 301x15
                text run at (269,0) width 301: "Amazingly few discotheques provide jukeboxes."
          LayoutBlockFlow {DIV} at (0,209) size 795.11x15
            LayoutBlockFlow {DIV} at (0,3) size 67.39x11
              LayoutText {#text} at (35,0) size 28x11
                text run at (35,0) width 28: "13.75"
            LayoutBlockFlow {DIV} at (67.39,3) size 67.39x11
              LayoutText {#text} at (29,0) size 34x11
                text run at (29,0) width 34: "301.00"
            LayoutBlockFlow {DIV} at (134.78,3) size 67.39x11
              LayoutText {#text} at (29,0) size 34x11
                text run at (29,0) width 34: "262.69"
            LayoutBlockFlow {DIV} at (202.17,3) size 67.39x11 [color=#FF0000]
              LayoutText {#text} at (41,0) size 22x11
                text run at (41,0) width 22: "1.69"
            LayoutInline {SPAN} at (0,0) size 302x15
              LayoutText {#text} at (269,0) size 302x15
                text run at (269,0) width 302: "Amazingly few discotheques provide jukeboxes."
          LayoutBlockFlow {DIV} at (0,224) size 795.11x16
            LayoutBlockFlow {DIV} at (0,4) size 67.39x11
              LayoutText {#text} at (35,0) size 28x11
                text run at (35,0) width 28: "14.00"
            LayoutBlockFlow {DIV} at (67.39,4) size 67.39x11
              LayoutText {#text} at (29,0) size 34x11
                text run at (29,0) width 34: "302.00"
            LayoutBlockFlow {DIV} at (134.78,4) size 67.39x11
              LayoutText {#text} at (29,0) size 34x11
                text run at (29,0) width 34: "258.86"
            LayoutBlockFlow {DIV} at (202.17,4) size 67.39x11 [color=#FF0000]
              LayoutText {#text} at (38,0) size 25x11
                text run at (38,0) width 25: "-2.14"
            LayoutInline {SPAN} at (0,0) size 303x16
              LayoutText {#text} at (269,0) size 303x16
                text run at (269,0) width 303: "Amazingly few discotheques provide jukeboxes."
          LayoutBlockFlow {DIV} at (0,240) size 795.11x16
            LayoutBlockFlow {DIV} at (0,4) size 67.39x11
              LayoutText {#text} at (35,0) size 28x11
                text run at (35,0) width 28: "14.25"
            LayoutBlockFlow {DIV} at (67.39,4) size 67.39x11
              LayoutText {#text} at (29,0) size 34x11
                text run at (29,0) width 34: "303.00"
            LayoutBlockFlow {DIV} at (134.78,4) size 67.39x11
              LayoutText {#text} at (29,0) size 34x11
                text run at (29,0) width 34: "255.16"
            LayoutBlockFlow {DIV} at (202.17,4) size 67.39x11 [color=#FF0000]
              LayoutText {#text} at (38,0) size 25x11
                text run at (38,0) width 25: "-5.84"
            LayoutInline {SPAN} at (0,0) size 304x16
              LayoutText {#text} at (269,0) size 304x16
                text run at (269,0) width 304: "Amazingly few discotheques provide jukeboxes."
          LayoutBlockFlow {DIV} at (0,256) size 795.11x16
            LayoutBlockFlow {DIV} at (0,4) size 67.39x11
              LayoutText {#text} at (35,0) size 28x11
                text run at (35,0) width 28: "14.50"
            LayoutBlockFlow {DIV} at (67.39,4) size 67.39x11
              LayoutText {#text} at (29,0) size 34x11
                text run at (29,0) width 34: "303.00"
            LayoutBlockFlow {DIV} at (134.78,4) size 67.39x11
              LayoutText {#text} at (29,0) size 34x11
                text run at (29,0) width 34: "250.76"
            LayoutBlockFlow {DIV} at (202.17,4) size 67.39x11 [color=#FF0000]
              LayoutText {#text} at (32,0) size 31x11
                text run at (32,0) width 31: "-10.24"
            LayoutInline {SPAN} at (0,0) size 304x16
              LayoutText {#text} at (269,0) size 304x16
                text run at (269,0) width 304: "Amazingly few discotheques provide jukeboxes."
          LayoutBlockFlow {DIV} at (0,272) size 795.11x16
            LayoutBlockFlow {DIV} at (0,4) size 67.39x11
              LayoutText {#text} at (35,0) size 28x11
                text run at (35,0) width 28: "14.75"
            LayoutBlockFlow {DIV} at (67.39,4) size 67.39x11
              LayoutText {#text} at (29,0) size 34x11
                text run at (29,0) width 34: "304.00"
            LayoutBlockFlow {DIV} at (134.78,4) size 67.39x11
              LayoutText {#text} at (29,0) size 34x11
                text run at (29,0) width 34: "247.32"
            LayoutBlockFlow {DIV} at (202.17,4) size 67.39x11 [color=#FF0000]
              LayoutText {#text} at (32,0) size 31x11
                text run at (32,0) width 31: "-13.68"
            LayoutInline {SPAN} at (0,0) size 305x16
              LayoutText {#text} at (269,0) size 305x16
                text run at (269,0) width 305: "Amazingly few discotheques provide jukeboxes."
          LayoutBlockFlow {DIV} at (0,288) size 795.11x17
            LayoutBlockFlow {DIV} at (0,5) size 67.39x11
              LayoutText {#text} at (35,0) size 28x11
                text run at (35,0) width 28: "15.00"
            LayoutBlockFlow {DIV} at (67.39,5) size 67.39x11
              LayoutText {#text} at (29,0) size 34x11
                text run at (29,0) width 34: "313.00"
            LayoutBlockFlow {DIV} at (134.78,5) size 67.39x11
              LayoutText {#text} at (29,0) size 34x11
                text run at (29,0) width 34: "250.40"
            LayoutBlockFlow {DIV} at (202.17,5) size 67.39x11 [color=#FF0000]
              LayoutText {#text} at (32,0) size 31x11
                text run at (32,0) width 31: "-10.60"
            LayoutInline {SPAN} at (0,0) size 314x17
              LayoutText {#text} at (269,0) size 314x17
                text run at (269,0) width 314: "Amazingly few discotheques provide jukeboxes."
          LayoutBlockFlow {DIV} at (0,305) size 795.11x17
            LayoutBlockFlow {DIV} at (0,5) size 67.39x11
              LayoutText {#text} at (35,0) size 28x11
                text run at (35,0) width 28: "15.25"
            LayoutBlockFlow {DIV} at (67.39,5) size 67.39x11
              LayoutText {#text} at (29,0) size 34x11
                text run at (29,0) width 34: "314.00"
            LayoutBlockFlow {DIV} at (134.78,5) size 67.39x11
              LayoutText {#text} at (29,0) size 34x11
                text run at (29,0) width 34: "247.08"
            LayoutBlockFlow {DIV} at (202.17,5) size 67.39x11 [color=#FF0000]
              LayoutText {#text} at (32,0) size 31x11
                text run at (32,0) width 31: "-13.92"
            LayoutInline {SPAN} at (0,0) size 315x17
              LayoutText {#text} at (269,0) size 315x17
                text run at (269,0) width 315: "Amazingly few discotheques provide jukeboxes."
          LayoutBlockFlow {DIV} at (0,322) size 795.11x18
            LayoutBlockFlow {DIV} at (0,5) size 67.39x11
              LayoutText {#text} at (35,0) size 28x11
                text run at (35,0) width 28: "15.50"
            LayoutBlockFlow {DIV} at (67.39,5) size 67.39x11
              LayoutText {#text} at (29,0) size 34x11
                text run at (29,0) width 34: "334.00"
            LayoutBlockFlow {DIV} at (134.78,5) size 67.39x11
              LayoutText {#text} at (29,0) size 34x11
                text run at (29,0) width 34: "258.58"
            LayoutBlockFlow {DIV} at (202.17,5) size 67.39x11 [color=#FF0000]
              LayoutText {#text} at (38,0) size 25x11
                text run at (38,0) width 25: "-2.42"
            LayoutInline {SPAN} at (0,0) size 335x17
              LayoutText {#text} at (269,0) size 335x17
                text run at (269,0) width 335: "Amazingly few discotheques provide jukeboxes."
          LayoutBlockFlow {DIV} at (0,340) size 795.11x18
            LayoutBlockFlow {DIV} at (0,5) size 67.39x11
              LayoutText {#text} at (35,0) size 28x11
                text run at (35,0) width 28: "15.75"
            LayoutBlockFlow {DIV} at (67.39,5) size 67.39x11
              LayoutText {#text} at (29,0) size 34x11
                text run at (29,0) width 34: "335.00"
            LayoutBlockFlow {DIV} at (134.78,5) size 67.39x11
              LayoutText {#text} at (29,0) size 34x11
                text run at (29,0) width 34: "255.24"
            LayoutBlockFlow {DIV} at (202.17,5) size 67.39x11 [color=#FF0000]
              LayoutText {#text} at (38,0) size 25x11
                text run at (38,0) width 25: "-5.76"
            LayoutInline {SPAN} at (0,0) size 336x17
              LayoutText {#text} at (269,0) size 336x17
                text run at (269,0) width 336: "Amazingly few discotheques provide jukeboxes."
          LayoutBlockFlow {DIV} at (0,358) size 795.11x18
            LayoutBlockFlow {DIV} at (0,5) size 67.39x11
              LayoutText {#text} at (35,0) size 28x11
                text run at (35,0) width 28: "16.00"
            LayoutBlockFlow {DIV} at (67.39,5) size 67.39x11
              LayoutText {#text} at (29,0) size 34x11
                text run at (29,0) width 34: "339.73"
            LayoutBlockFlow {DIV} at (134.78,5) size 67.39x11
              LayoutText {#text} at (29,0) size 34x11
                text run at (29,0) width 34: "254.80"
            LayoutBlockFlow {DIV} at (202.17,5) size 67.39x11 [color=#FF0000]
              LayoutText {#text} at (38,0) size 25x11
                text run at (38,0) width 25: "-6.20"
            LayoutInline {SPAN} at (0,0) size 341x17
              LayoutText {#text} at (269,0) size 341x17
                text run at (269,0) width 341: "Amazingly few discotheques provide jukeboxes."
          LayoutBlockFlow {DIV} at (0,376) size 795.11x19
            LayoutBlockFlow {DIV} at (0,6) size 67.39x11
              LayoutText {#text} at (35,0) size 28x11
                text run at (35,0) width 28: "16.25"
            LayoutBlockFlow {DIV} at (67.39,6) size 67.39x11
              LayoutText {#text} at (29,0) size 34x11
                text run at (29,0) width 34: "345.05"
            LayoutBlockFlow {DIV} at (134.78,6) size 67.39x11
              LayoutText {#text} at (29,0) size 34x11
                text run at (29,0) width 34: "254.80"
            LayoutBlockFlow {DIV} at (202.17,6) size 67.39x11 [color=#FF0000]
              LayoutText {#text} at (38,0) size 25x11
                text run at (38,0) width 25: "-6.20"
            LayoutInline {SPAN} at (0,0) size 346x18
              LayoutText {#text} at (269,0) size 346x18
                text run at (269,0) width 346: "Amazingly few discotheques provide jukeboxes."
          LayoutBlockFlow {DIV} at (0,395) size 795.11x19
            LayoutBlockFlow {DIV} at (0,6) size 67.39x11
              LayoutText {#text} at (35,0) size 28x11
                text run at (35,0) width 28: "16.50"
            LayoutBlockFlow {DIV} at (67.39,6) size 67.39x11
              LayoutText {#text} at (29,0) size 34x11
                text run at (29,0) width 34: "350.34"
            LayoutBlockFlow {DIV} at (134.78,6) size 67.39x11
              LayoutText {#text} at (29,0) size 34x11
                text run at (29,0) width 34: "254.80"
            LayoutBlockFlow {DIV} at (202.17,6) size 67.39x11 [color=#FF0000]
              LayoutText {#text} at (38,0) size 25x11
                text run at (38,0) width 25: "-6.20"
            LayoutInline {SPAN} at (0,0) size 351x18
              LayoutText {#text} at (269,0) size 351x18
                text run at (269,0) width 351: "Amazingly few discotheques provide jukeboxes."
          LayoutBlockFlow {DIV} at (0,414) size 795.11x20
            LayoutBlockFlow {DIV} at (0,6) size 67.39x11
              LayoutText {#text} at (35,0) size 28x11
                text run at (35,0) width 28: "16.75"
            LayoutBlockFlow {DIV} at (67.39,6) size 67.39x11
              LayoutText {#text} at (29,0) size 34x11
                text run at (29,0) width 34: "355.66"
            LayoutBlockFlow {DIV} at (134.78,6) size 67.39x11
              LayoutText {#text} at (29,0) size 34x11
                text run at (29,0) width 34: "254.80"
            LayoutBlockFlow {DIV} at (202.17,6) size 67.39x11 [color=#FF0000]
              LayoutText {#text} at (38,0) size 25x11
                text run at (38,0) width 25: "-6.20"
            LayoutInline {SPAN} at (0,0) size 357x19
              LayoutText {#text} at (269,0) size 357x19
                text run at (269,0) width 357: "Amazingly few discotheques provide jukeboxes."
          LayoutBlockFlow {DIV} at (0,434) size 795.11x20
            LayoutBlockFlow {DIV} at (0,6) size 67.39x11
              LayoutText {#text} at (35,0) size 28x11
                text run at (35,0) width 28: "17.00"
            LayoutBlockFlow {DIV} at (67.39,6) size 67.39x11
              LayoutText {#text} at (29,0) size 34x11
                text run at (29,0) width 34: "360.97"
            LayoutBlockFlow {DIV} at (134.78,6) size 67.39x11
              LayoutText {#text} at (29,0) size 34x11
                text run at (29,0) width 34: "254.80"
            LayoutBlockFlow {DIV} at (202.17,6) size 67.39x11 [color=#FF0000]
              LayoutText {#text} at (38,0) size 25x11
                text run at (38,0) width 25: "-6.20"
            LayoutInline {SPAN} at (0,0) size 362x19
              LayoutText {#text} at (269,0) size 362x19
                text run at (269,0) width 362: "Amazingly few discotheques provide jukeboxes."
          LayoutBlockFlow {DIV} at (0,454) size 795.11x21
            LayoutBlockFlow {DIV} at (0,7) size 67.39x11
              LayoutText {#text} at (35,0) size 28x11
                text run at (35,0) width 28: "17.25"
            LayoutBlockFlow {DIV} at (67.39,7) size 67.39x11
              LayoutText {#text} at (29,0) size 34x11
                text run at (29,0) width 34: "366.28"
            LayoutBlockFlow {DIV} at (134.78,7) size 67.39x11
              LayoutText {#text} at (29,0) size 34x11
                text run at (29,0) width 34: "254.80"
            LayoutBlockFlow {DIV} at (202.17,7) size 67.39x11 [color=#FF0000]
              LayoutText {#text} at (38,0) size 25x11
                text run at (38,0) width 25: "-6.20"
            LayoutInline {SPAN} at (0,0) size 367x20
              LayoutText {#text} at (269,0) size 367x20
                text run at (269,0) width 367: "Amazingly few discotheques provide jukeboxes."
          LayoutBlockFlow {DIV} at (0,475) size 795.11x21
            LayoutBlockFlow {DIV} at (0,7) size 67.39x11
              LayoutText {#text} at (35,0) size 28x11
                text run at (35,0) width 28: "17.50"
            LayoutBlockFlow {DIV} at (67.39,7) size 67.39x11
              LayoutText {#text} at (29,0) size 34x11
                text run at (29,0) width 34: "371.58"
            LayoutBlockFlow {DIV} at (134.78,7) size 67.39x11
              LayoutText {#text} at (29,0) size 34x11
                text run at (29,0) width 34: "254.80"
            LayoutBlockFlow {DIV} at (202.17,7) size 67.39x11 [color=#FF0000]
              LayoutText {#text} at (38,0) size 25x11
                text run at (38,0) width 25: "-6.20"
            LayoutInline {SPAN} at (0,0) size 373x20
              LayoutText {#text} at (269,0) size 373x20
                text run at (269,0) width 373: "Amazingly few discotheques provide jukeboxes."
          LayoutBlockFlow {DIV} at (0,496) size 795.11x21
            LayoutBlockFlow {DIV} at (0,7) size 67.39x11
              LayoutText {#text} at (35,0) size 28x11
                text run at (35,0) width 28: "17.75"
            LayoutBlockFlow {DIV} at (67.39,7) size 67.39x11
              LayoutText {#text} at (29,0) size 34x11
                text run at (29,0) width 34: "376.89"
            LayoutBlockFlow {DIV} at (134.78,7) size 67.39x11
              LayoutText {#text} at (29,0) size 34x11
                text run at (29,0) width 34: "254.80"
            LayoutBlockFlow {DIV} at (202.17,7) size 67.39x11 [color=#FF0000]
              LayoutText {#text} at (38,0) size 25x11
                text run at (38,0) width 25: "-6.20"
            LayoutInline {SPAN} at (0,0) size 378x20
              LayoutText {#text} at (269,0) size 378x20
                text run at (269,0) width 378: "Amazingly few discotheques provide jukeboxes."
          LayoutBlockFlow {DIV} at (0,517) size 795.11x21
            LayoutBlockFlow {DIV} at (0,7) size 67.39x11
              LayoutText {#text} at (35,0) size 28x11
                text run at (35,0) width 28: "18.00"
            LayoutBlockFlow {DIV} at (67.39,7) size 67.39x11
              LayoutText {#text} at (29,0) size 34x11
                text run at (29,0) width 34: "382.20"
            LayoutBlockFlow {DIV} at (134.78,7) size 67.39x11
              LayoutText {#text} at (29,0) size 34x11
                text run at (29,0) width 34: "254.80"
            LayoutBlockFlow {DIV} at (202.17,7) size 67.39x11 [color=#FF0000]
              LayoutText {#text} at (38,0) size 25x11
                text run at (38,0) width 25: "-6.20"
            LayoutInline {SPAN} at (0,0) size 383x20
              LayoutText {#text} at (269,0) size 383x20
                text run at (269,0) width 383: "Amazingly few discotheques provide jukeboxes."
          LayoutBlockFlow {DIV} at (0,538) size 795.11x22
            LayoutBlockFlow {DIV} at (0,8) size 67.39x11
              LayoutText {#text} at (35,0) size 28x11
                text run at (35,0) width 28: "18.25"
            LayoutBlockFlow {DIV} at (67.39,8) size 67.39x11
              LayoutText {#text} at (29,0) size 34x11
                text run at (29,0) width 34: "387.52"
            LayoutBlockFlow {DIV} at (134.78,8) size 67.39x11
              LayoutText {#text} at (29,0) size 34x11
                text run at (29,0) width 34: "254.80"
            LayoutBlockFlow {DIV} at (202.17,8) size 67.39x11 [color=#FF0000]
              LayoutText {#text} at (38,0) size 25x11
                text run at (38,0) width 25: "-6.20"
            LayoutInline {SPAN} at (0,0) size 389x21
              LayoutText {#text} at (269,0) size 389x21
                text run at (269,0) width 389: "Amazingly few discotheques provide jukeboxes."
          LayoutBlockFlow {DIV} at (0,560) size 795.11x22
            LayoutBlockFlow {DIV} at (0,8) size 67.39x11
              LayoutText {#text} at (35,0) size 28x11
                text run at (35,0) width 28: "18.50"
            LayoutBlockFlow {DIV} at (67.39,8) size 67.39x11
              LayoutText {#text} at (29,0) size 34x11
                text run at (29,0) width 34: "392.81"
            LayoutBlockFlow {DIV} at (134.78,8) size 67.39x11
              LayoutText {#text} at (29,0) size 34x11
                text run at (29,0) width 34: "254.80"
            LayoutBlockFlow {DIV} at (202.17,8) size 67.39x11 [color=#FF0000]
              LayoutText {#text} at (38,0) size 25x11
                text run at (38,0) width 25: "-6.20"
            LayoutInline {SPAN} at (0,0) size 394x21
              LayoutText {#text} at (269,0) size 394x21
                text run at (269,0) width 394: "Amazingly few discotheques provide jukeboxes."
          LayoutBlockFlow {DIV} at (0,582) size 795.11x22
            LayoutBlockFlow {DIV} at (0,8) size 67.39x11
              LayoutText {#text} at (35,0) size 28x11
                text run at (35,0) width 28: "18.75"
            LayoutBlockFlow {DIV} at (67.39,8) size 67.39x11
              LayoutText {#text} at (29,0) size 34x11
                text run at (29,0) width 34: "398.13"
            LayoutBlockFlow {DIV} at (134.78,8) size 67.39x11
              LayoutText {#text} at (29,0) size 34x11
                text run at (29,0) width 34: "254.80"
            LayoutBlockFlow {DIV} at (202.17,8) size 67.39x11 [color=#FF0000]
              LayoutText {#text} at (38,0) size 25x11
                text run at (38,0) width 25: "-6.20"
            LayoutInline {SPAN} at (0,0) size 399x21
              LayoutText {#text} at (269,0) size 399x21
                text run at (269,0) width 399: "Amazingly few discotheques provide jukeboxes."
          LayoutBlockFlow {DIV} at (0,604) size 795.11x22
            LayoutBlockFlow {DIV} at (0,8) size 67.39x11
              LayoutText {#text} at (35,0) size 28x11
                text run at (35,0) width 28: "19.00"
            LayoutBlockFlow {DIV} at (67.39,8) size 67.39x11
              LayoutText {#text} at (29,0) size 34x11
                text run at (29,0) width 34: "403.44"
            LayoutBlockFlow {DIV} at (134.78,8) size 67.39x11
              LayoutText {#text} at (29,0) size 34x11
                text run at (29,0) width 34: "254.80"
            LayoutBlockFlow {DIV} at (202.17,8) size 67.39x11 [color=#FF0000]
              LayoutText {#text} at (38,0) size 25x11
                text run at (38,0) width 25: "-6.20"
            LayoutInline {SPAN} at (0,0) size 404x21
              LayoutText {#text} at (269,0) size 404x21
                text run at (269,0) width 404: "Amazingly few discotheques provide jukeboxes."
          LayoutBlockFlow {DIV} at (0,626) size 795.11x22
            LayoutBlockFlow {DIV} at (0,8) size 67.39x11
              LayoutText {#text} at (35,0) size 28x11
                text run at (35,0) width 28: "19.25"
            LayoutBlockFlow {DIV} at (67.39,8) size 67.39x11
              LayoutText {#text} at (29,0) size 34x11
                text run at (29,0) width 34: "408.75"
            LayoutBlockFlow {DIV} at (134.78,8) size 67.39x11
              LayoutText {#text} at (29,0) size 34x11
                text run at (29,0) width 34: "254.81"
            LayoutBlockFlow {DIV} at (202.17,8) size 67.39x11 [color=#FF0000]
              LayoutText {#text} at (38,0) size 25x11
                text run at (38,0) width 25: "-6.19"
            LayoutInline {SPAN} at (0,0) size 410x21
              LayoutText {#text} at (269,0) size 410x21
                text run at (269,0) width 410: "Amazingly few discotheques provide jukeboxes."
          LayoutBlockFlow {DIV} at (0,648) size 795.11x23
            LayoutBlockFlow {DIV} at (0,9) size 67.39x11
              LayoutText {#text} at (35,0) size 28x11
                text run at (35,0) width 28: "19.50"
            LayoutBlockFlow {DIV} at (67.39,9) size 67.39x11
              LayoutText {#text} at (29,0) size 34x11
                text run at (29,0) width 34: "414.05"
            LayoutBlockFlow {DIV} at (134.78,9) size 67.39x11
              LayoutText {#text} at (29,0) size 34x11
                text run at (29,0) width 34: "254.80"
            LayoutBlockFlow {DIV} at (202.17,9) size 67.39x11 [color=#FF0000]
              LayoutText {#text} at (38,0) size 25x11
                text run at (38,0) width 25: "-6.20"
            LayoutInline {SPAN} at (0,0) size 415x22
              LayoutText {#text} at (269,0) size 415x22
                text run at (269,0) width 415: "Amazingly few discotheques provide jukeboxes."
          LayoutBlockFlow {DIV} at (0,671) size 795.11x23
            LayoutBlockFlow {DIV} at (0,9) size 67.39x11
              LayoutText {#text} at (35,0) size 28x11
                text run at (35,0) width 28: "19.75"
            LayoutBlockFlow {DIV} at (67.39,9) size 67.39x11
              LayoutText {#text} at (29,0) size 34x11
                text run at (29,0) width 34: "419.36"
            LayoutBlockFlow {DIV} at (134.78,9) size 67.39x11
              LayoutText {#text} at (29,0) size 34x11
                text run at (29,0) width 34: "254.80"
            LayoutBlockFlow {DIV} at (202.17,9) size 67.39x11 [color=#FF0000]
              LayoutText {#text} at (38,0) size 25x11
                text run at (38,0) width 25: "-6.20"
            LayoutInline {SPAN} at (0,0) size 420x22
              LayoutText {#text} at (269,0) size 420x22
                text run at (269,0) width 420: "Amazingly few discotheques provide jukeboxes."
          LayoutBlockFlow {DIV} at (0,694) size 795.11x23
            LayoutBlockFlow {DIV} at (0,9) size 67.39x11
              LayoutText {#text} at (35,0) size 28x11
                text run at (35,0) width 28: "20.00"
            LayoutBlockFlow {DIV} at (67.39,9) size 67.39x11
              LayoutText {#text} at (29,0) size 34x11
                text run at (29,0) width 34: "424.67"
            LayoutBlockFlow {DIV} at (134.78,9) size 67.39x11
              LayoutText {#text} at (29,0) size 34x11
                text run at (29,0) width 34: "254.80"
            LayoutBlockFlow {DIV} at (202.17,9) size 67.39x11 [color=#FF0000]
              LayoutText {#text} at (38,0) size 25x11
                text run at (38,0) width 25: "-6.20"
            LayoutInline {SPAN} at (0,0) size 426x22
              LayoutText {#text} at (269,0) size 426x22
                text run at (269,0) width 426: "Amazingly few discotheques provide jukeboxes."
          LayoutBlockFlow {DIV} at (0,717) size 795.11x23
            LayoutBlockFlow {DIV} at (0,9) size 67.39x11
              LayoutText {#text} at (35,0) size 28x11
                text run at (35,0) width 28: "20.25"
            LayoutBlockFlow {DIV} at (67.39,9) size 67.39x11
              LayoutText {#text} at (29,0) size 34x11
                text run at (29,0) width 34: "429.98"
            LayoutBlockFlow {DIV} at (134.78,9) size 67.39x11
              LayoutText {#text} at (29,0) size 34x11
                text run at (29,0) width 34: "254.81"
            LayoutBlockFlow {DIV} at (202.17,9) size 67.39x11 [color=#FF0000]
              LayoutText {#text} at (38,0) size 25x11
                text run at (38,0) width 25: "-6.19"
            LayoutInline {SPAN} at (0,0) size 431x22
              LayoutText {#text} at (269,0) size 431x22
                text run at (269,0) width 431: "Amazingly few discotheques provide jukeboxes."
          LayoutBlockFlow {DIV} at (0,740) size 795.11x24
            LayoutBlockFlow {DIV} at (0,10) size 67.39x11
              LayoutText {#text} at (35,0) size 28x11
                text run at (35,0) width 28: "20.50"
            LayoutBlockFlow {DIV} at (67.39,10) size 67.39x11
              LayoutText {#text} at (29,0) size 34x11
                text run at (29,0) width 34: "435.28"
            LayoutBlockFlow {DIV} at (134.78,10) size 67.39x11
              LayoutText {#text} at (29,0) size 34x11
                text run at (29,0) width 34: "254.80"
            LayoutBlockFlow {DIV} at (202.17,10) size 67.39x11 [color=#FF0000]
              LayoutText {#text} at (38,0) size 25x11
                text run at (38,0) width 25: "-6.20"
            LayoutInline {SPAN} at (0,0) size 436x23
              LayoutText {#text} at (269,0) size 436x23
                text run at (269,0) width 436: "Amazingly few discotheques provide jukeboxes."
          LayoutBlockFlow {DIV} at (0,764) size 795.11x24
            LayoutBlockFlow {DIV} at (0,10) size 67.39x11
              LayoutText {#text} at (35,0) size 28x11
                text run at (35,0) width 28: "20.75"
            LayoutBlockFlow {DIV} at (67.39,10) size 67.39x11
              LayoutText {#text} at (29,0) size 34x11
                text run at (29,0) width 34: "440.59"
            LayoutBlockFlow {DIV} at (134.78,10) size 67.39x11
              LayoutText {#text} at (29,0) size 34x11
                text run at (29,0) width 34: "254.80"
            LayoutBlockFlow {DIV} at (202.17,10) size 67.39x11 [color=#FF0000]
              LayoutText {#text} at (38,0) size 25x11
                text run at (38,0) width 25: "-6.20"
            LayoutInline {SPAN} at (0,0) size 442x23
              LayoutText {#text} at (269,0) size 442x23
                text run at (269,0) width 442: "Amazingly few discotheques provide jukeboxes."
          LayoutBlockFlow {DIV} at (0,788) size 795.11x24
            LayoutBlockFlow {DIV} at (0,10) size 67.39x11
              LayoutText {#text} at (35,0) size 28x11
                text run at (35,0) width 28: "21.00"
            LayoutBlockFlow {DIV} at (67.39,10) size 67.39x11
              LayoutText {#text} at (29,0) size 34x11
                text run at (29,0) width 34: "445.91"
            LayoutBlockFlow {DIV} at (134.78,10) size 67.39x11
              LayoutText {#text} at (29,0) size 34x11
                text run at (29,0) width 34: "254.80"
            LayoutBlockFlow {DIV} at (202.17,10) size 67.39x11 [color=#FF0000]
              LayoutText {#text} at (38,0) size 25x11
                text run at (38,0) width 25: "-6.20"
            LayoutInline {SPAN} at (0,0) size 447x23
              LayoutText {#text} at (269,0) size 447x23
                text run at (269,0) width 447: "Amazingly few discotheques provide jukeboxes."
          LayoutBlockFlow {DIV} at (0,812) size 795.11x25
            LayoutBlockFlow {DIV} at (0,10) size 67.39x11
              LayoutText {#text} at (35,0) size 28x11
                text run at (35,0) width 28: "21.25"
            LayoutBlockFlow {DIV} at (67.39,10) size 67.39x11
              LayoutText {#text} at (29,0) size 34x11
                text run at (29,0) width 34: "451.22"
            LayoutBlockFlow {DIV} at (134.78,10) size 67.39x11
              LayoutText {#text} at (29,0) size 34x11
                text run at (29,0) width 34: "254.81"
            LayoutBlockFlow {DIV} at (202.17,10) size 67.39x11 [color=#FF0000]
              LayoutText {#text} at (38,0) size 25x11
                text run at (38,0) width 25: "-6.19"
            LayoutInline {SPAN} at (0,0) size 452x24
              LayoutText {#text} at (269,0) size 452x24
                text run at (269,0) width 452: "Amazingly few discotheques provide jukeboxes."
          LayoutBlockFlow {DIV} at (0,837) size 795.11x25
            LayoutBlockFlow {DIV} at (0,10) size 67.39x11
              LayoutText {#text} at (35,0) size 28x11
                text run at (35,0) width 28: "21.50"
            LayoutBlockFlow {DIV} at (67.39,10) size 67.39x11
              LayoutText {#text} at (29,0) size 34x11
                text run at (29,0) width 34: "456.52"
            LayoutBlockFlow {DIV} at (134.78,10) size 67.39x11
              LayoutText {#text} at (29,0) size 34x11
                text run at (29,0) width 34: "254.80"
            LayoutBlockFlow {DIV} at (202.17,10) size 67.39x11 [color=#FF0000]
              LayoutText {#text} at (38,0) size 25x11
                text run at (38,0) width 25: "-6.20"
            LayoutInline {SPAN} at (0,0) size 458x24
              LayoutText {#text} at (269,0) size 458x24
                text run at (269,0) width 458: "Amazingly few discotheques provide jukeboxes."
          LayoutBlockFlow {DIV} at (0,862) size 795.11x26
            LayoutBlockFlow {DIV} at (0,11) size 67.39x11
              LayoutText {#text} at (35,0) size 28x11
                text run at (35,0) width 28: "21.75"
            LayoutBlockFlow {DIV} at (67.39,11) size 67.39x11
              LayoutText {#text} at (29,0) size 34x11
                text run at (29,0) width 34: "461.83"
            LayoutBlockFlow {DIV} at (134.78,11) size 67.39x11
              LayoutText {#text} at (29,0) size 34x11
                text run at (29,0) width 34: "254.80"
            LayoutBlockFlow {DIV} at (202.17,11) size 67.39x11 [color=#FF0000]
              LayoutText {#text} at (38,0) size 25x11
                text run at (38,0) width 25: "-6.20"
            LayoutInline {SPAN} at (0,0) size 463x25
              LayoutText {#text} at (269,0) size 463x25
                text run at (269,0) width 463: "Amazingly few discotheques provide jukeboxes."
          LayoutBlockFlow {DIV} at (0,888) size 795.11x26
            LayoutBlockFlow {DIV} at (0,11) size 67.39x11
              LayoutText {#text} at (35,0) size 28x11
                text run at (35,0) width 28: "22.00"
            LayoutBlockFlow {DIV} at (67.39,11) size 67.39x11
              LayoutText {#text} at (29,0) size 34x11
                text run at (29,0) width 34: "467.14"
            LayoutBlockFlow {DIV} at (134.78,11) size 67.39x11
              LayoutText {#text} at (29,0) size 34x11
                text run at (29,0) width 34: "254.80"
            LayoutBlockFlow {DIV} at (202.17,11) size 67.39x11 [color=#FF0000]
              LayoutText {#text} at (38,0) size 25x11
                text run at (38,0) width 25: "-6.20"
            LayoutInline {SPAN} at (0,0) size 468x25
              LayoutText {#text} at (269,0) size 468x25
                text run at (269,0) width 468: "Amazingly few discotheques provide jukeboxes."
          LayoutBlockFlow {DIV} at (0,914) size 795.11x26
            LayoutBlockFlow {DIV} at (0,11) size 67.39x11
              LayoutText {#text} at (35,0) size 28x11
                text run at (35,0) width 28: "22.25"
            LayoutBlockFlow {DIV} at (67.39,11) size 67.39x11
              LayoutText {#text} at (29,0) size 34x11
                text run at (29,0) width 34: "472.45"
            LayoutBlockFlow {DIV} at (134.78,11) size 67.39x11
              LayoutText {#text} at (29,0) size 34x11
                text run at (29,0) width 34: "254.81"
            LayoutBlockFlow {DIV} at (202.17,11) size 67.39x11 [color=#FF0000]
              LayoutText {#text} at (38,0) size 25x11
                text run at (38,0) width 25: "-6.19"
            LayoutInline {SPAN} at (0,0) size 474x25
              LayoutText {#text} at (269,0) size 474x25
                text run at (269,0) width 474: "Amazingly few discotheques provide jukeboxes."
          LayoutBlockFlow {DIV} at (0,940) size 795.11x26
            LayoutBlockFlow {DIV} at (0,11) size 67.39x11
              LayoutText {#text} at (35,0) size 28x11
                text run at (35,0) width 28: "22.50"
            LayoutBlockFlow {DIV} at (67.39,11) size 67.39x11
              LayoutText {#text} at (29,0) size 34x11
                text run at (29,0) width 34: "477.75"
            LayoutBlockFlow {DIV} at (134.78,11) size 67.39x11
              LayoutText {#text} at (29,0) size 34x11
                text run at (29,0) width 34: "254.80"
            LayoutBlockFlow {DIV} at (202.17,11) size 67.39x11 [color=#FF0000]
              LayoutText {#text} at (38,0) size 25x11
                text run at (38,0) width 25: "-6.20"
            LayoutInline {SPAN} at (0,0) size 479x25
              LayoutText {#text} at (269,0) size 479x25
                text run at (269,0) width 479: "Amazingly few discotheques provide jukeboxes."
          LayoutBlockFlow {DIV} at (0,966) size 795.11x27
            LayoutBlockFlow {DIV} at (0,12) size 67.39x11
              LayoutText {#text} at (35,0) size 28x11
                text run at (35,0) width 28: "22.75"
            LayoutBlockFlow {DIV} at (67.39,12) size 67.39x11
              LayoutText {#text} at (29,0) size 34x11
                text run at (29,0) width 34: "483.06"
            LayoutBlockFlow {DIV} at (134.78,12) size 67.39x11
              LayoutText {#text} at (29,0) size 34x11
                text run at (29,0) width 34: "254.80"
            LayoutBlockFlow {DIV} at (202.17,12) size 67.39x11 [color=#FF0000]
              LayoutText {#text} at (38,0) size 25x11
                text run at (38,0) width 25: "-6.20"
            LayoutInline {SPAN} at (0,0) size 484x26
              LayoutText {#text} at (269,0) size 484x26
                text run at (269,0) width 484: "Amazingly few discotheques provide jukeboxes."
          LayoutBlockFlow {DIV} at (0,993) size 795.11x27
            LayoutBlockFlow {DIV} at (0,12) size 67.39x11
              LayoutText {#text} at (35,0) size 28x11
                text run at (35,0) width 28: "23.00"
            LayoutBlockFlow {DIV} at (67.39,12) size 67.39x11
              LayoutText {#text} at (29,0) size 34x11
                text run at (29,0) width 34: "488.38"
            LayoutBlockFlow {DIV} at (134.78,12) size 67.39x11
              LayoutText {#text} at (29,0) size 34x11
                text run at (29,0) width 34: "254.80"
            LayoutBlockFlow {DIV} at (202.17,12) size 67.39x11 [color=#FF0000]
              LayoutText {#text} at (38,0) size 25x11
                text run at (38,0) width 25: "-6.20"
            LayoutInline {SPAN} at (0,0) size 489x26
              LayoutText {#text} at (269,0) size 489x26
                text run at (269,0) width 489: "Amazingly few discotheques provide jukeboxes."
          LayoutBlockFlow {DIV} at (0,1020) size 795.11x27
            LayoutBlockFlow {DIV} at (0,12) size 67.39x11
              LayoutText {#text} at (35,0) size 28x11
                text run at (35,0) width 28: "23.25"
            LayoutBlockFlow {DIV} at (67.39,12) size 67.39x11
              LayoutText {#text} at (29,0) size 34x11
                text run at (29,0) width 34: "493.69"
            LayoutBlockFlow {DIV} at (134.78,12) size 67.39x11
              LayoutText {#text} at (29,0) size 34x11
                text run at (29,0) width 34: "254.81"
            LayoutBlockFlow {DIV} at (202.17,12) size 67.39x11 [color=#FF0000]
              LayoutText {#text} at (38,0) size 25x11
                text run at (38,0) width 25: "-6.19"
            LayoutInline {SPAN} at (0,0) size 495x26
              LayoutText {#text} at (269,0) size 495x26
                text run at (269,0) width 495: "Amazingly few discotheques provide jukeboxes."
          LayoutBlockFlow {DIV} at (0,1047) size 795.11x27
            LayoutBlockFlow {DIV} at (0,12) size 67.39x11
              LayoutText {#text} at (35,0) size 28x11
                text run at (35,0) width 28: "23.50"
            LayoutBlockFlow {DIV} at (67.39,12) size 67.39x11
              LayoutText {#text} at (29,0) size 34x11
                text run at (29,0) width 34: "498.98"
            LayoutBlockFlow {DIV} at (134.78,12) size 67.39x11
              LayoutText {#text} at (29,0) size 34x11
                text run at (29,0) width 34: "254.80"
            LayoutBlockFlow {DIV} at (202.17,12) size 67.39x11 [color=#FF0000]
              LayoutText {#text} at (38,0) size 25x11
                text run at (38,0) width 25: "-6.20"
            LayoutInline {SPAN} at (0,0) size 500x26
              LayoutText {#text} at (269,0) size 500x26
                text run at (269,0) width 500: "Amazingly few discotheques provide jukeboxes."
          LayoutBlockFlow {DIV} at (0,1074) size 795.11x28
            LayoutBlockFlow {DIV} at (0,13) size 67.39x11
              LayoutText {#text} at (35,0) size 28x11
                text run at (35,0) width 28: "23.75"
            LayoutBlockFlow {DIV} at (67.39,13) size 67.39x11
              LayoutText {#text} at (29,0) size 34x11
                text run at (29,0) width 34: "504.30"
            LayoutBlockFlow {DIV} at (134.78,13) size 67.39x11
              LayoutText {#text} at (29,0) size 34x11
                text run at (29,0) width 34: "254.80"
            LayoutBlockFlow {DIV} at (202.17,13) size 67.39x11 [color=#FF0000]
              LayoutText {#text} at (38,0) size 25x11
                text run at (38,0) width 25: "-6.20"
            LayoutInline {SPAN} at (0,0) size 505x27
              LayoutText {#text} at (269,0) size 505x27
                text run at (269,0) width 505: "Amazingly few discotheques provide jukeboxes."
          LayoutBlockFlow {DIV} at (0,1102) size 795.11x28
            LayoutBlockFlow {DIV} at (0,13) size 67.39x11
              LayoutText {#text} at (35,0) size 28x11
                text run at (35,0) width 28: "24.00"
            LayoutBlockFlow {DIV} at (67.39,13) size 67.39x11
              LayoutText {#text} at (29,0) size 34x11
                text run at (29,0) width 34: "509.61"
            LayoutBlockFlow {DIV} at (134.78,13) size 67.39x11
              LayoutText {#text} at (29,0) size 34x11
                text run at (29,0) width 34: "254.80"
            LayoutBlockFlow {DIV} at (202.17,13) size 67.39x11 [color=#FF0000]
              LayoutText {#text} at (38,0) size 25x11
                text run at (38,0) width 25: "-6.20"
            LayoutInline {SPAN} at (0,0) size 511x27
              LayoutText {#text} at (269,0) size 511x27
                text run at (269,0) width 511: "Amazingly few discotheques provide jukeboxes."
          LayoutBlockFlow {DIV} at (0,1130) size 795.11x28
            LayoutBlockFlow {DIV} at (0,13) size 67.39x11
              LayoutText {#text} at (35,0) size 28x11
                text run at (35,0) width 28: "24.25"
            LayoutBlockFlow {DIV} at (67.39,13) size 67.39x11
              LayoutText {#text} at (29,0) size 34x11
                text run at (29,0) width 34: "514.91"
            LayoutBlockFlow {DIV} at (134.78,13) size 67.39x11
              LayoutText {#text} at (29,0) size 34x11
                text run at (29,0) width 34: "254.80"
            LayoutBlockFlow {DIV} at (202.17,13) size 67.39x11 [color=#FF0000]
              LayoutText {#text} at (38,0) size 25x11
                text run at (38,0) width 25: "-6.20"
            LayoutInline {SPAN} at (0,0) size 516x27
              LayoutText {#text} at (269,0) size 516x27
                text run at (269,0) width 516: "Amazingly few discotheques provide jukeboxes."
          LayoutBlockFlow {DIV} at (0,1158) size 795.11x28
            LayoutBlockFlow {DIV} at (0,13) size 67.39x11
              LayoutText {#text} at (35,0) size 28x11
                text run at (35,0) width 28: "24.50"
            LayoutBlockFlow {DIV} at (67.39,13) size 67.39x11
              LayoutText {#text} at (29,0) size 34x11
                text run at (29,0) width 34: "520.22"
            LayoutBlockFlow {DIV} at (134.78,13) size 67.39x11
              LayoutText {#text} at (29,0) size 34x11
                text run at (29,0) width 34: "254.80"
            LayoutBlockFlow {DIV} at (202.17,13) size 67.39x11 [color=#FF0000]
              LayoutText {#text} at (38,0) size 25x11
                text run at (38,0) width 25: "-6.20"
            LayoutInline {SPAN} at (0,0) size 521x27
              LayoutText {#text} at (269,0) size 521x27
                text run at (269,0) width 521: "Amazingly few discotheques provide jukeboxes."
          LayoutBlockFlow {DIV} at (0,1186) size 795.11x28
            LayoutBlockFlow {DIV} at (0,13) size 67.39x11
              LayoutText {#text} at (35,0) size 28x11
                text run at (35,0) width 28: "24.75"
            LayoutBlockFlow {DIV} at (67.39,13) size 67.39x11
              LayoutText {#text} at (29,0) size 34x11
                text run at (29,0) width 34: "525.53"
            LayoutBlockFlow {DIV} at (134.78,13) size 67.39x11
              LayoutText {#text} at (29,0) size 34x11
                text run at (29,0) width 34: "254.80"
            LayoutBlockFlow {DIV} at (202.17,13) size 67.39x11 [color=#FF0000]
              LayoutText {#text} at (38,0) size 25x11
                text run at (38,0) width 25: "-6.20"
            LayoutInline {SPAN} at (0,0) size 527x27
              LayoutText {#text} at (269,0) size 527x27
                text run at (269,0) width 527: "Amazingly few discotheques provide jukeboxes."
      LayoutText {#text} at (0,0) size 0x0
      LayoutText {#text} at (0,0) size 0x0
