layer at (0,0) size 800x600
  LayoutView at (0,0) size 800x600
layer at (0,0) size 800x600
  LayoutBlockFlow {HTML} at (0,0) size 800x600
    LayoutBlockFlow {BODY} at (8,8) size 784x584
      LayoutText {#text} at (0,0) size 22x19
        text run at (0,0) width 22: "text"
      LayoutText {#text} at (22,0) size 25x19
        text run at (22,0) width 4: " "
        text run at (26,0) width 21: "test"
