layer at (0,0) size 800x600
  LayoutView at (0,0) size 800x600
layer at (0,0) size 800x292
  LayoutBlockFlow {HTML} at (0,0) size 800x292
    LayoutBlockFlow {BODY} at (8,16) size 784x268
      LayoutBlockFlow {P} at (0,0) size 784x80
        LayoutText {#text} at (0,0) size 773x79
          text run at (0,0) width 761: "This is a test to check if the loading of a stylesheet is properly cancelled (count of pending style sheets is decremented) when its"
          text run at (0,20) width 508: "link tag is changed through the DOM after the link tag is appended to the document. "
          text run at (508,20) width 265: "When the div with style is moved, it appears"
          text run at (0,40) width 734: "on the screen if the style was loaded properly, and doesn't appear when there are out-standing stylesheets according to the"
          text run at (0,60) width 77: "DocLoader. "
          text run at (77,60) width 27: "See "
        LayoutInline {A} at (0,0) size 32x19 [color=#0000EE]
          LayoutText {#text} at (104,60) size 32x19
            text run at (104,60) width 32: "6999"
      LayoutBlockFlow {P} at (0,96) size 784x20
        LayoutInline {SPAN} at (0,0) size 32x19 [color=#FF0000]
          LayoutText {#text} at (0,0) size 32x19
            text run at (0,0) width 32: "Fails"
        LayoutText {#text} at (32,0) size 49x19
          text run at (32,0) width 49: " if there "
        LayoutInline {SPAN} at (0,0) size 31x19 [color=#FF0000]
          LayoutText {#text} at (81,0) size 31x19
            text run at (81,0) width 31: "is no"
        LayoutText {#text} at (112,0) size 145x19
          text run at (112,0) width 145: " pink box on the screen."
      LayoutBlockFlow {P} at (0,132) size 784x20
        LayoutInline {SPAN} at (0,0) size 46x19 [color=#008000]
          LayoutText {#text} at (0,0) size 46x19
            text run at (0,0) width 46: "Passes"
        LayoutText {#text} at (46,0) size 49x19
          text run at (46,0) width 49: " if there "
        LayoutInline {SPAN} at (0,0) size 11x19 [color=#008000]
          LayoutText {#text} at (95,0) size 11x19
            text run at (95,0) width 11: "is"
        LayoutText {#text} at (106,0) size 156x19
          text run at (106,0) width 156: " a pink box on the screen."
      LayoutBlockFlow {DIV} at (0,168) size 100x100 [bgcolor=#FFCCFF]
