layer at (0,0) size 800x600
  LayoutView at (0,0) size 800x600
layer at (0,0) size 800x160
  LayoutBlockFlow {HTML} at (0,0) size 800x160
    LayoutBlockFlow {BODY} at (8,16) size 784x128
      LayoutBlockFlow {P} at (0,0) size 784x20
        LayoutText {#text} at (0,0) size 247x19
          text run at (0,0) width 247: "This line should not have red background"
      LayoutBlockFlow {P} at (0,36) size 784x20 [bgcolor=#00FF00]
        LayoutText {#text} at (0,0) size 228x19
          text run at (0,0) width 228: "This line should have lime background"
      LayoutBlockFlow {P} at (0,72) size 784x20
        LayoutText {#text} at (0,0) size 247x19
          text run at (0,0) width 247: "This line should not have red background"
      LayoutBlockFlow {P} at (0,108) size 784x20 [bgcolor=#00FF00]
        LayoutText {#text} at (0,0) size 228x19
          text run at (0,0) width 228: "This line should have lime background"
