layer at (0,0) size 800x600
  LayoutView at (0,0) size 800x600
layer at (0,0) size 800x245
  LayoutBlockFlow {HTML} at (0,0) size 800x245
    LayoutBlockFlow {BODY} at (8,16) size 784x221
      LayoutBlockFlow {P} at (0,0) size 784x20
        LayoutText {#text} at (0,0) size 457x19
          text run at (0,0) width 457: "Tests decoding and rendering a video element that has a changing resolution."
      LayoutBlockFlow (anonymous) at (0,36) size 784x185
        LayoutText {#text} at (320,165) size 4x19
          text run at (320,165) width 4: " "
        LayoutText {#text} at (0,0) size 0x0
layer at (8,52) size 320x180
  LayoutVideo {VIDEO} at (0,0) size 320x180
layer at (332,52) size 320x180
  LayoutVideo {VIDEO} at (324,0) size 320x180
layer at (8,52) size 320x180
  LayoutFlexibleBox (relative positioned) {DIV} at (0,0) size 320x180
    LayoutBlockFlow {DIV} at (0,148) size 320x32
layer at (8,52) size 320x138
  LayoutFlexibleBox (relative positioned) {DIV} at (0,0) size 320x138
layer at (332,52) size 320x180
  LayoutFlexibleBox (relative positioned) {DIV} at (0,0) size 320x180
    LayoutBlockFlow {DIV} at (0,148) size 320x32
layer at (332,52) size 320x138
  LayoutFlexibleBox (relative positioned) {DIV} at (0,0) size 320x138
