layer at (0,0) size 800x600
  LayoutView at (0,0) size 800x600
layer at (0,0) size 800x365
  LayoutBlockFlow {HTML} at (0,0) size 800x365
    LayoutBlockFlow {BODY} at (8,8) size 784x349
      LayoutBlockFlow (anonymous) at (0,0) size 784x83
        LayoutTextControl {INPUT} at (4,4) size 133x19 [bgcolor=#FFFFFF] [border: (2px inset #EEEEEE)]
          LayoutFlexibleBox {DIV} at (4,3) size 125x13
            LayoutBlockFlow {DIV} at (0,0) size 113x13
        LayoutText {#text} at (141,4) size 4x18
          text run at (141,4) width 4: " "
        LayoutTextControl {INPUT} at (149,4) size 133x19 [bgcolor=#FFFFFF] [border: (2px inset #EEEEEE)]
          LayoutFlexibleBox {DIV} at (4,3) size 125x13
            LayoutBlockFlow {DIV} at (0,0) size 113x13
            LayoutBlockFlow {DIV} at (114,1) size 11x11
        LayoutBR {BR} at (286,4) size 0x18
        LayoutTextControl {INPUT} at (4,31) size 133x19 [bgcolor=#FFFFFF] [border: (2px inset #EEEEEE)]
          LayoutFlexibleBox {DIV} at (4,3) size 125x13
            LayoutBlockFlow {DIV} at (0,0) size 113x13
        LayoutText {#text} at (141,31) size 4x18
          text run at (141,31) width 4: " "
        LayoutTextControl {INPUT} at (149,31) size 133x19 [color=#545454] [bgcolor=#FFFFFF] [border: (2px inset #EEEEEE)]
          LayoutFlexibleBox {DIV} at (4,3) size 125x13
            LayoutBlockFlow {DIV} at (0,0) size 113x13
        LayoutText {#text} at (286,31) size 4x18
          text run at (286,31) width 4: " "
        LayoutBR {BR} at (290,31) size 0x18
        LayoutTextControl {INPUT} at (4,58) size 133x21 [bgcolor=#FFFFFF] [border: (3px solid #00FF00)]
          LayoutFlexibleBox {DIV} at (4,4) size 125x13
            LayoutBlockFlow {DIV} at (0,0) size 113x13
        LayoutText {#text} at (141,59) size 4x18
          text run at (141,59) width 4: " "
        LayoutTextControl {INPUT} at (149,59) size 131x19 [bgcolor=#FFFFFF] [border: (2px inset #EEEEEE)]
          LayoutFlexibleBox {DIV} at (3,3) size 125x13
            LayoutBlockFlow {DIV} at (0,0) size 113x13
        LayoutText {#text} at (284,59) size 4x18
          text run at (284,59) width 4: " "
        LayoutBR {BR} at (288,59) size 0x18
      LayoutBlockFlow {DIV} at (0,83) size 163x45 [bgcolor=#888888]
        LayoutTextControl {INPUT} at (11,9) size 133x19 [bgcolor=#00FF00] [border: (2px inset #EEEEEE)]
          LayoutFlexibleBox {DIV} at (3,3) size 127x13
            LayoutBlockFlow {DIV} at (0,0) size 115x13
        LayoutText {#text} at (0,0) size 0x0
      LayoutBlockFlow (anonymous) at (0,128) size 784x221
        LayoutTextControl {INPUT} at (4,4) size 131x19 [border: (2px inset #EEEEEE)]
          LayoutFlexibleBox {DIV} at (3,3) size 125x13
            LayoutBlockFlow {DIV} at (0,0) size 113x13
        LayoutText {#text} at (139,4) size 4x18
          text run at (139,4) width 4: " "
        LayoutBR {BR} at (143,4) size 0x18
        LayoutTextControl {INPUT} at (4,31) size 131x19 [bgcolor=#FFFFFF] [border: (2px inset #EEEEEE)]
          LayoutFlexibleBox {DIV} at (3,3) size 125x13
            LayoutBlockFlow {DIV} at (0,0) size 113x13
        LayoutText {#text} at (139,31) size 4x18
          text run at (139,31) width 4: " "
        LayoutBR {BR} at (143,31) size 0x18
        LayoutTextControl {INPUT} at (4,58) size 156x22 [bgcolor=#FFFFFF] [border: (2px inset #EEEEEE)]
          LayoutFlexibleBox {DIV} at (5,3) size 146x16
            LayoutBlockFlow {DIV} at (0,0) size 131x16
        LayoutText {#text} at (164,60) size 4x18
          text run at (164,60) width 4: " "
        LayoutTextControl {INPUT} at (172,58) size 156x22 [bgcolor=#FFFFFF] [border: (2px inset #EEEEEE)]
          LayoutFlexibleBox {DIV} at (5,3) size 146x16
            LayoutBlockFlow {DIV} at (0,0) size 131x16
        LayoutText {#text} at (332,60) size 4x18
          text run at (332,60) width 4: " "
        LayoutTextControl {INPUT} at (340,58) size 156x22 [bgcolor=#FFFFFF] [border: (2px inset #EEEEEE)]
          LayoutFlexibleBox {DIV} at (5,3) size 146x16
            LayoutBlockFlow {DIV} at (0,0) size 131x16
        LayoutText {#text} at (500,60) size 4x18
          text run at (500,60) width 4: " "
        LayoutBR {BR} at (504,60) size 0x18
        LayoutTextControl {INPUT} at (6,99) size 196x28 [bgcolor=#FFFFFF] [border: (3px inset #EEEEEE)]
          LayoutFlexibleBox {DIV} at (4.50,4.50) size 187x19
            LayoutBlockFlow {DIV} at (0,0) size 169.50x19
        LayoutText {#text} at (208,105) size 4x18
          text run at (208,105) width 4: " "
        LayoutTextControl {INPUT} at (220,92) size 242x38 [bgcolor=#FFFFFF] [border: (4px inset #EEEEEE)]
          LayoutFlexibleBox {DIV} at (6,6) size 230x26
            LayoutBlockFlow {DIV} at (0,0) size 206x26
        LayoutText {#text} at (470,105) size 4x18
          text run at (470,105) width 4: " "
        LayoutBR {BR} at (474,105) size 0x18
        LayoutTextControl {INPUT} at (6,153) size 196x28 [bgcolor=#FFFFFF] [border: (3px inset #EEEEEE)]
          LayoutFlexibleBox {DIV} at (4.50,4.50) size 187x19
            LayoutBlockFlow {DIV} at (0,0) size 169.50x19
        LayoutText {#text} at (208,159) size 4x18
          text run at (208,159) width 4: " "
        LayoutTextControl {INPUT} at (220,146) size 242x38 [bgcolor=#FFFFFF] [border: (4px inset #EEEEEE)]
          LayoutFlexibleBox {DIV} at (6,6) size 230x26
            LayoutBlockFlow {DIV} at (0,0) size 206x26
        LayoutText {#text} at (470,159) size 4x18
          text run at (470,159) width 4: " "
        LayoutBR {BR} at (474,159) size 0x18
        LayoutTextControl {INPUT} at (4,196) size 166x21 [bgcolor=#FFFFFF] [border: (1px solid #BDC7D8)]
          LayoutFlexibleBox {DIV} at (18,4) size 144x13
            LayoutBlockFlow {DIV} at (0,0) size 132x13
        LayoutText {#text} at (0,0) size 0x0
layer at (16,15) size 113x13
  LayoutBlockFlow {DIV} at (0,0) size 113x13
    LayoutText {#text} at (0,0) size 17x13
      text run at (0,0) width 17: "foo"
layer at (161,15) size 113x13
  LayoutBlockFlow {DIV} at (0,0) size 113x13
    LayoutText {#text} at (0,0) size 17x13
      text run at (0,0) width 17: "foo"
layer at (16,42) size 113x13
  LayoutBlockFlow {DIV} at (0,0) size 113x13
    LayoutText {#text} at (0,0) size 17x13
      text run at (0,0) width 17: "foo"
layer at (161,42) size 113x13
  LayoutBlockFlow {DIV} at (0,0) size 113x13
    LayoutText {#text} at (0,0) size 17x13
      text run at (0,0) width 17: "foo"
layer at (16,70) size 113x13
  LayoutBlockFlow {DIV} at (0,0) size 113x13
    LayoutText {#text} at (0,0) size 17x13
      text run at (0,0) width 17: "foo"
layer at (160,70) size 113x13
  LayoutBlockFlow {DIV} at (0,0) size 113x13
    LayoutText {#text} at (0,0) size 17x13
      text run at (0,0) width 17: "foo"
layer at (22,103) size 115x13
  LayoutBlockFlow {DIV} at (0,0) size 115x13
    LayoutText {#text} at (0,0) size 60x13
      text run at (0,0) width 60: "default text"
layer at (15,143) size 113x13
  LayoutBlockFlow {DIV} at (0,0) size 113x13
    LayoutText {#text} at (0,0) size 17x13
      text run at (0,0) width 17: "foo"
layer at (15,170) size 113x13
  LayoutBlockFlow {DIV} at (0,0) size 113x13
    LayoutText {#text} at (0,0) size 17x13
      text run at (0,0) width 17: "foo"
layer at (17,197) size 131x16
  LayoutBlockFlow {DIV} at (0,0) size 131x16
    LayoutText {#text} at (0,0) size 21x16
      text run at (0,0) width 21: "foo"
layer at (185,197) size 131x16
  LayoutBlockFlow {DIV} at (0,0) size 131x16
    LayoutText {#text} at (0,0) size 21x16
      text run at (0,0) width 21: "foo"
layer at (353,197) size 131x16
  LayoutBlockFlow {DIV} at (0,0) size 131x16
    LayoutText {#text} at (0,0) size 21x16
      text run at (0,0) width 21: "foo"
layer at (19,240) size 170x19 backgroundClip at (19,240) size 169x19 clip at (19,240) size 169x19
  LayoutBlockFlow {DIV} at (0,0) size 169.50x19
    LayoutText {#text} at (0,0) size 26x19
      text run at (0,0) width 26: "foo"
layer at (234,234) size 206x26
  LayoutBlockFlow {DIV} at (0,0) size 206x26
    LayoutText {#text} at (0,0) size 31x26
      text run at (0,0) width 31: "foo"
layer at (19,294) size 170x19 backgroundClip at (19,294) size 169x19 clip at (19,294) size 169x19
  LayoutBlockFlow {DIV} at (0,0) size 169.50x19
    LayoutText {#text} at (0,0) size 26x19
      text run at (0,0) width 26: "foo"
layer at (234,288) size 206x26
  LayoutBlockFlow {DIV} at (0,0) size 206x26
    LayoutText {#text} at (0,0) size 31x26
      text run at (0,0) width 31: "foo"
layer at (30,336) size 132x13
  LayoutBlockFlow {DIV} at (18,4) size 132x13 [color=#757575]
    LayoutText {#text} at (0,0) size 92x13
      text run at (0,0) width 92: "Search for Events"
layer at (30,336) size 132x13
  LayoutBlockFlow {DIV} at (0,0) size 132x13
layer at (130,16) size 11x11 transparent
  LayoutBlockFlow {DIV} at (114,1) size 11x11
layer at (130,43) size 11x11 transparent
  LayoutBlockFlow {DIV} at (114,1) size 11x11
layer at (275,43) size 11x11 transparent
  LayoutBlockFlow {DIV} at (114,1) size 11x11
layer at (130,71) size 11x11 transparent
  LayoutBlockFlow {DIV} at (114,1) size 11x11
layer at (274,71) size 11x11 transparent
  LayoutBlockFlow {DIV} at (114,1) size 11x11
layer at (138,104) size 11x11 transparent
  LayoutBlockFlow {DIV} at (116,1) size 11x11
layer at (129,144) size 11x11 transparent
  LayoutBlockFlow {DIV} at (114,1) size 11x11
layer at (129,171) size 11x11 transparent
  LayoutBlockFlow {DIV} at (114,1) size 11x11
layer at (149,198) size 14x14 transparent
  LayoutBlockFlow {DIV} at (132,1) size 14x14
layer at (317,198) size 14x14 transparent
  LayoutBlockFlow {DIV} at (132,1) size 14x14
layer at (485,198) size 14x14 transparent
  LayoutBlockFlow {DIV} at (132,1) size 14x14
layer at (190,241) size 16x16 transparent
  LayoutBlockFlow {DIV} at (171,1.50) size 16x16
layer at (442,236) size 22x22 transparent
  LayoutBlockFlow {DIV} at (208,2) size 22x22
layer at (190,295) size 16x16 transparent
  LayoutBlockFlow {DIV} at (171,1.50) size 16x16
layer at (442,290) size 22x22 transparent
  LayoutBlockFlow {DIV} at (208,2) size 22x22
layer at (163,337) size 11x11 transparent
  LayoutBlockFlow {DIV} at (133,1) size 11x11
caret: position 0 of child 0 {#text} of child 0 {DIV} of child 0 {DIV} of child 0 {DIV} of {#document-fragment} of child 10 {INPUT} of body
