layer at (0,0) size 980x735
  LayoutView at (0,0) size 980x735
layer at (0,0) size 980x735
  LayoutBlockFlow {HTML} at (0,0) size 980x735
    LayoutBlockFlow {BODY} at (8,8) size 964x719
      LayoutText {#text} at (0,0) size 242x19
        text run at (0,0) width 242: "Could not load the requested resource."
      LayoutBR {BR} at (242,15) size 0x0
      LayoutText {#text} at (0,20) size 373x19
        text run at (0,20) width 373: "Error code: -102 (net::ERR_CONNECTION_REFUSED)"
