layer at (0,0) size 800x600
  LayoutView at (0,0) size 800x600
layer at (0,0) size 800x516
  LayoutBlockFlow {HTML} at (0,0) size 800x516
    LayoutBlockFlow {BODY} at (8,16) size 784x492
      LayoutBlockFlow {P} at (0,0) size 784x84
        LayoutRuby (inline) {RUBY} at (0,0) size 144x48
          LayoutRubyRun (anonymous) at (0,12) size 144x72
            LayoutRubyText {RT} at (0,-18) size 144x36
              LayoutText {#text} at (0,6) size 144x24
                text run at (0,6) width 144: "\x{304D}\x{3069}\x{3046}\x{305F}\x{3044}\x{304D}"
            LayoutRubyBase (anonymous) at (0,0) size 144x72
              LayoutText {#text} at (12,12) size 120x48
                text run at (12,12) width 120: "\x{653B}\x{6BBB}"
        LayoutText {#text} at (0,0) size 0x0
      LayoutBlockFlow {P} at (0,100) size 784x84
        LayoutRuby (inline) {RUBY} at (0,0) size 192x48
          LayoutRubyRun (anonymous) at (0,12) size 192x72
            LayoutRubyText {RT} at (0,-18) size 192x36
              LayoutText {#text} at (0,6) size 192x24
                text run at (0,6) width 192: "\x{304D}\x{3069}\x{3046}\x{305F}\x{3044}\x{304D}\x{3069}\x{3046}"
            LayoutRubyBase (anonymous) at (0,0) size 192x72
              LayoutText {#text} at (8,12) size 176x48
                text run at (8,12) width 176: "\x{6A5F}\x{52D5}\x{968A}"
        LayoutText {#text} at (0,0) size 0x0
      LayoutBlockFlow {DIV} at (0,200) size 216x292
        LayoutBlockFlow {P} at (16,0) size 84x292
          LayoutRuby (inline) {RUBY} at (0,0) size 48x144
            LayoutRubyRun (anonymous) at (12,0) size 72x144
              LayoutRubyText {RT} at (-18,0) size 36x144
                LayoutText {#text} at (6,0) size 24x144
                  text run at (6,0) width 144: "\x{304D}\x{3069}\x{3046}\x{305F}\x{3044}\x{304D}"
              LayoutRubyBase (anonymous) at (0,0) size 72x144
                LayoutText {#text} at (12,12) size 48x120
                  text run at (12,12) width 120: "\x{653B}\x{6BBB}"
          LayoutText {#text} at (0,0) size 0x0
        LayoutBlockFlow {P} at (116,0) size 84x292
          LayoutRuby (inline) {RUBY} at (0,0) size 48x192
            LayoutRubyRun (anonymous) at (12,0) size 72x192
              LayoutRubyText {RT} at (-18,0) size 36x192
                LayoutText {#text} at (6,0) size 24x192
                  text run at (6,0) width 192: "\x{304D}\x{3069}\x{3046}\x{305F}\x{3044}\x{304D}\x{3069}\x{3046}"
              LayoutRubyBase (anonymous) at (0,0) size 72x192
                LayoutText {#text} at (12,8) size 48x176
                  text run at (12,8) width 176: "\x{6A5F}\x{52D5}\x{968A}"
          LayoutText {#text} at (0,0) size 0x0
