layer at (0,0) size 800x600
  LayoutView at (0,0) size 800x600
layer at (0,0) size 800x73
  LayoutBlockFlow {HTML} at (0,0) size 800x73
    LayoutBlockFlow {BODY} at (8,16) size 784x41
      LayoutBlockFlow {P} at (0,0) size 784x41
        LayoutRuby (inline) {RUBY} at (0,0) size 88x18
          LayoutRubyRun (anonymous) at (0,12) size 88x29
            LayoutRubyText {RT} at (0,-12) size 88x10
              LayoutText {#text} at (17,0) size 54x10
                text run at (17,0) width 54: "K\x{14D}kakukid\x{14D}tai"
            LayoutRubyBase (anonymous) at (0,0) size 88x29
              LayoutRuby (inline) {RUBY} at (0,0) size 88x18
                LayoutRubyRun (anonymous) at (0,7) size 18x22
                  LayoutRubyText {RT} at (0,-9) size 18x13
                    LayoutText {#text} at (0,2) size 18x10
                      text run at (0,2) width 18: "\x{3053}\x{3046}"
                  LayoutRubyBase (anonymous) at (0,0) size 18x22
                    LayoutText {#text} at (1,3) size 16x18
                      text run at (1,3) width 16: "\x{653B}"
                LayoutRubyRun (anonymous) at (18,7) size 18x22
                  LayoutRubyText {RT} at (0,-9) size 18x13
                    LayoutText {#text} at (0,2) size 18x10
                      text run at (0,2) width 18: "\x{304B}\x{304F}"
                  LayoutRubyBase (anonymous) at (0,0) size 18x22
                    LayoutText {#text} at (1,3) size 16x18
                      text run at (1,3) width 16: "\x{6BBB}"
                LayoutRubyRun (anonymous) at (36,7) size 16x22
                  LayoutRubyText {RT} at (0,-9) size 16x13
                    LayoutText {#text} at (3,2) size 10x10
                      text run at (3,2) width 10: "\x{304D}"
                  LayoutRubyBase (anonymous) at (0,0) size 16x22
                    LayoutText {#text} at (0,3) size 16x18
                      text run at (0,3) width 16: "\x{6A5F}"
                LayoutRubyRun (anonymous) at (52,7) size 18x22
                  LayoutRubyText {RT} at (0,-9) size 18x13
                    LayoutText {#text} at (0,2) size 18x10
                      text run at (0,2) width 18: "\x{3069}\x{3046}"
                  LayoutRubyBase (anonymous) at (0,0) size 18x22
                    LayoutText {#text} at (1,3) size 16x18
                      text run at (1,3) width 16: "\x{52D5}"
                LayoutRubyRun (anonymous) at (70,7) size 18x22
                  LayoutRubyText {RT} at (0,-9) size 18x13
                    LayoutText {#text} at (0,2) size 18x10
                      text run at (0,2) width 18: "\x{305F}\x{3044}"
                  LayoutRubyBase (anonymous) at (0,0) size 18x22
                    LayoutText {#text} at (1,3) size 16x18
                      text run at (1,3) width 16: "\x{968A}"
