layer at (0,0) size 800x600
  LayoutView at (0,0) size 800x600
layer at (0,0) size 800x600
  LayoutBlockFlow {HTML} at (0,0) size 800x600
    LayoutBlockFlow {BODY} at (8,8) size 784x576
      LayoutBlockFlow {P} at (0,0) size 784x18
        LayoutText {#text} at (0,0) size 586x18
          text run at (0,0) width 586: "The following is a test for DOM manipulation within <ruby>: Inserting a new <rt> element"
      LayoutBlockFlow {P} at (0,34) size 784x18
        LayoutText {#text} at (0,0) size 448x18
          text run at (0,0) width 448: "Both lines should look identical (the first line is the one manipulated)."
      LayoutBlockFlow (anonymous) at (0,68) size 784x36
        LayoutBR {BR} at (0,0) size 0x18
        LayoutBR {BR} at (0,18) size 0x18
      LayoutBlockFlow {P} at (0,120) size 784x28
        LayoutText {#text} at (0,10) size 158x18
          text run at (0,10) width 158: "<ruby> is defined in the "
        LayoutRuby (inline) {RUBY} at (0,0) size 110x18
          LayoutRubyRun (anonymous) at (153.14,10) size 38.81x18
            LayoutRubyText {RT} at (0,-10) size 38.81x10
              LayoutText {#text} at (0,0) size 40x10
                text run at (0,0) width 40: "Hyper-text"
            LayoutRubyBase (anonymous) at (0,0) size 38.81x18
              LayoutInline {SPAN} at (0,0) size 23x18
                LayoutText {#text} at (8,0) size 23x18
                  text run at (8,0) width 23: "HT"
          LayoutRubyRun (anonymous) at (191.95,10) size 66.23x18
            LayoutRubyText {RT} at (0,-10) size 66.23x10
              LayoutText {#text} at (0,0) size 67x10
                text run at (0,0) width 67: "Markup Language"
            LayoutRubyBase (anonymous) at (0,0) size 66.23x18
              LayoutInline {SPAN} at (0,0) size 25x18
                LayoutText {#text} at (21,0) size 25x18
                  text run at (21,0) width 25: "ML"
          LayoutRubyRun (anonymous) at (258.19,10) size 8x18
            LayoutRubyBase (anonymous) at (0,0) size 8x18
              LayoutText {#text} at (0,0) size 8x18
                text run at (0,0) width 8: "5"
        LayoutText {#text} at (266,10) size 37x18
          text run at (266,10) width 37: " spec."
      LayoutBlockFlow {P} at (0,164) size 784x28
        LayoutText {#text} at (0,10) size 158x18
          text run at (0,10) width 158: "<ruby> is defined in the "
        LayoutRuby (inline) {RUBY} at (0,0) size 110x18
          LayoutRubyRun (anonymous) at (153.14,10) size 38.81x18
            LayoutRubyText {RT} at (0,-10) size 38.81x10
              LayoutText {#text} at (0,0) size 40x10
                text run at (0,0) width 40: "Hyper-text"
            LayoutRubyBase (anonymous) at (0,0) size 38.81x18
              LayoutInline {SPAN} at (0,0) size 23x18
                LayoutText {#text} at (8,0) size 23x18
                  text run at (8,0) width 23: "HT"
          LayoutRubyRun (anonymous) at (191.95,10) size 66.23x18
            LayoutRubyText {RT} at (0,-10) size 66.23x10
              LayoutText {#text} at (0,0) size 67x10
                text run at (0,0) width 67: "Markup Language"
            LayoutRubyBase (anonymous) at (0,0) size 66.23x18
              LayoutInline {SPAN} at (0,0) size 25x18
                LayoutText {#text} at (21,0) size 25x18
                  text run at (21,0) width 25: "ML"
          LayoutRubyRun (anonymous) at (258.19,10) size 8x18
            LayoutRubyBase (anonymous) at (0,0) size 8x18
              LayoutText {#text} at (0,0) size 8x18
                text run at (0,0) width 8: "5"
        LayoutText {#text} at (266,10) size 37x18
          text run at (266,10) width 37: " spec."
