layer at (0,0) size 800x600
  LayoutView at (0,0) size 800x600
layer at (0,0) size 800x600
  LayoutBlockFlow {HTML} at (0,0) size 800x600
    LayoutBlockFlow {BODY} at (8,8) size 784x576
      LayoutBlockFlow {P} at (0,0) size 784x18
        LayoutText {#text} at (0,0) size 745x18
          text run at (0,0) width 745: "The following is a test for DOM manipulation within <ruby>: Removing a ruby base object, leaving the base empty."
      LayoutBlockFlow {P} at (0,34) size 784x18
        LayoutText {#text} at (0,0) size 448x18
          text run at (0,0) width 448: "Both lines should look identical (the first line is the one manipulated)."
      LayoutBlockFlow (anonymous) at (0,68) size 784x36
        LayoutBR {BR} at (0,0) size 0x18
        LayoutBR {BR} at (0,18) size 0x18
      LayoutBlockFlow {P} at (0,120) size 784x18
        LayoutText {#text} at (0,0) size 158x18
          text run at (0,0) width 158: "<ruby> is defined in the "
        LayoutRuby (inline) {RUBY} at (0,0) size 116x18
          LayoutRubyRun (anonymous) at (157.14,16) size 107.30x0
            LayoutRubyText {RT} at (0,-10) size 107.30x10
              LayoutText {#text} at (0,0) size 108x10
                text run at (0,0) width 108: "Hyper-text Markup Language"
          LayoutRubyRun (anonymous) at (264.44,0) size 8x18
            LayoutRubyBase (anonymous) at (0,0) size 8x18
              LayoutText {#text} at (0,0) size 8x18
                text run at (0,0) width 8: "5"
        LayoutText {#text} at (272,0) size 37x18
          text run at (272,0) width 37: " spec."
      LayoutBlockFlow {P} at (0,154) size 784x18
        LayoutText {#text} at (0,0) size 158x18
          text run at (0,0) width 158: "<ruby> is defined in the "
        LayoutRuby (inline) {RUBY} at (0,0) size 116x18
          LayoutRubyRun (anonymous) at (157.14,16) size 107.30x0
            LayoutRubyText {RT} at (0,-10) size 107.30x10
              LayoutText {#text} at (0,0) size 108x10
                text run at (0,0) width 108: "Hyper-text Markup Language"
          LayoutRubyRun (anonymous) at (264.44,0) size 8x18
            LayoutRubyBase (anonymous) at (0,0) size 8x18
              LayoutText {#text} at (0,0) size 8x18
                text run at (0,0) width 8: "5"
        LayoutText {#text} at (272,0) size 37x18
          text run at (272,0) width 37: " spec."
