layer at (0,0) size 800x600
  LayoutView at (0,0) size 800x600
layer at (0,0) size 800x600
  LayoutBlockFlow {HTML} at (0,0) size 800x600
    LayoutBlockFlow {BODY} at (8,8) size 784x576
      LayoutBlockFlow (anonymous) at (0,0) size 784x36
        LayoutText {#text} at (0,0) size 234x18
          text run at (0,0) width 234: "This is a test for multiple ruby runs. "
        LayoutBR {BR} at (233,14) size 1x0
        LayoutBR {BR} at (0,18) size 0x18
      LayoutBlockFlow {P} at (0,52) size 784x28
        LayoutText {#text} at (0,10) size 158x18
          text run at (0,10) width 158: "<ruby> is defined in the "
        LayoutRuby (inline) {RUBY} at (0,0) size 122x18
          LayoutRubyRun (anonymous) at (153.14,10) size 22.50x18
            LayoutRubyText {RT} at (0,-10) size 22.50x10
              LayoutText {#text} at (0,0) size 23x10
                text run at (0,0) width 23: "Hyper"
            LayoutRubyBase (anonymous) at (0,0) size 22.50x18
              LayoutText {#text} at (5,0) size 13x18
                text run at (5,0) width 13: "H"
          LayoutRubyRun (anonymous) at (175.64,10) size 15.88x18
            LayoutRubyText {RT} at (0,-10) size 15.88x10
              LayoutText {#text} at (0,0) size 17x10
                text run at (0,0) width 17: "Text"
            LayoutRubyBase (anonymous) at (0,0) size 15.88x18
              LayoutText {#text} at (3,0) size 11x18
                text run at (3,0) width 11: "T"
          LayoutRubyRun (anonymous) at (191.52,10) size 28.50x18
            LayoutRubyText {RT} at (0,-10) size 28.50x10
              LayoutText {#text} at (0,0) size 29x10
                text run at (0,0) width 29: "Markup"
            LayoutRubyBase (anonymous) at (0,0) size 28.50x18
              LayoutText {#text} at (7,0) size 15x18
                text run at (7,0) width 15: "M"
          LayoutRubyRun (anonymous) at (220.02,10) size 35.48x18
            LayoutRubyText {RT} at (0,-10) size 35.48x10
              LayoutText {#text} at (0,0) size 36x10
                text run at (0,0) width 36: "Language"
            LayoutRubyBase (anonymous) at (0,0) size 35.48x18
              LayoutText {#text} at (13,0) size 10x18
                text run at (13,0) width 10: "L"
          LayoutRubyRun (anonymous) at (255.50,10) size 27.25x18
            LayoutRubyText {RT} at (0,-10) size 27.25x10
              LayoutText {#text} at (0,0) size 28x10
                text run at (0,0) width 28: "Level 5"
            LayoutRubyBase (anonymous) at (0,0) size 27.25x18
              LayoutText {#text} at (9,0) size 9x18
                text run at (9,0) width 9: "5"
        LayoutText {#text} at (278,10) size 44x18
          text run at (278,10) width 44: " specs."
