layer at (0,0) size 800x600
  LayoutView at (0,0) size 800x600
layer at (0,0) size 800x600
  LayoutBlockFlow {HTML} at (0,0) size 800x600
    LayoutBlockFlow {BODY} at (8,8) size 784x576
      LayoutBlockFlow {P} at (0,0) size 784x36
        LayoutText {#text} at (0,0) size 778x36
          text run at (0,0) width 778: "The following is a test for DOM manipulation within <ruby>: Removing a <rt>, forcing a merge with the right neighbour"
          text run at (0,18) width 22: "run"
      LayoutBlockFlow {P} at (0,52) size 784x18
        LayoutText {#text} at (0,0) size 448x18
          text run at (0,0) width 448: "Both lines should look identical (the first line is the one manipulated)."
      LayoutBlockFlow (anonymous) at (0,86) size 784x36
        LayoutBR {BR} at (0,0) size 0x18
        LayoutBR {BR} at (0,18) size 0x18
      LayoutBlockFlow {P} at (0,138) size 784x28
        LayoutText {#text} at (0,10) size 158x18
          text run at (0,10) width 158: "<ruby> is defined in the "
        LayoutRuby (inline) {RUBY} at (0,0) size 112x18
          LayoutRubyRun (anonymous) at (153.14,10) size 107.30x18
            LayoutRubyText {RT} at (0,-10) size 107.30x10
              LayoutText {#text} at (0,0) size 108x10
                text run at (0,0) width 108: "Hyper-text Markup Language"
            LayoutRubyBase (anonymous) at (0,0) size 107.30x18
              LayoutText {#text} at (31,0) size 22x18
                text run at (31,0) width 22: "HT"
              LayoutText {#text} at (52,0) size 25x18
                text run at (52,0) width 25: "ML"
          LayoutRubyRun (anonymous) at (260.44,10) size 8x18
            LayoutRubyBase (anonymous) at (0,0) size 8x18
              LayoutText {#text} at (0,0) size 8x18
                text run at (0,0) width 8: "5"
        LayoutText {#text} at (268,10) size 37x18
          text run at (268,10) width 37: " spec."
      LayoutBlockFlow {P} at (0,182) size 784x28
        LayoutText {#text} at (0,10) size 158x18
          text run at (0,10) width 158: "<ruby> is defined in the "
        LayoutRuby (inline) {RUBY} at (0,0) size 112x18
          LayoutRubyRun (anonymous) at (153.14,10) size 107.30x18
            LayoutRubyText {RT} at (0,-10) size 107.30x10
              LayoutText {#text} at (0,0) size 108x10
                text run at (0,0) width 108: "Hyper-text Markup Language"
            LayoutRubyBase (anonymous) at (0,0) size 107.30x18
              LayoutText {#text} at (31,0) size 46x18
                text run at (31,0) width 46: "HTML"
          LayoutRubyRun (anonymous) at (260.44,10) size 8x18
            LayoutRubyBase (anonymous) at (0,0) size 8x18
              LayoutText {#text} at (0,0) size 8x18
                text run at (0,0) width 8: "5"
        LayoutText {#text} at (268,10) size 37x18
          text run at (268,10) width 37: " spec."
