layer at (0,0) size 800x600
  LayoutView at (0,0) size 800x600
layer at (0,0) size 800x600
  LayoutBlockFlow {HTML} at (0,0) size 800x600
    LayoutBlockFlow {BODY} at (8,8) size 784x576
      LayoutBlockFlow {P} at (0,0) size 784x18
        LayoutText {#text} at (0,0) size 505x18
          text run at (0,0) width 505: "The following is a test for having non-text inline elements as base in a <ruby>."
      LayoutBlockFlow {P} at (0,34) size 784x28
        LayoutText {#text} at (0,10) size 158x18
          text run at (0,10) width 158: "<ruby> is defined in the "
        LayoutRuby (inline) {RUBY} at (0,0) size 121x18
          LayoutRubyRun (anonymous) at (153.14,10) size 38.81x18
            LayoutRubyText {RT} at (0,-10) size 38.81x10
              LayoutText {#text} at (0,0) size 40x10
                text run at (0,0) width 40: "Hyper-text"
            LayoutRubyBase (anonymous) at (0,0) size 38.81x18
              LayoutInline {SPAN} at (0,0) size 23x18
                LayoutText {#text} at (8,0) size 23x18
                  text run at (8,0) width 23: "HT"
          LayoutRubyRun (anonymous) at (191.95,10) size 89.98x18
            LayoutRubyText {RT} at (0,-10) size 89.98x10
              LayoutText {#text} at (0,0) size 91x10
                text run at (0,0) width 91: "Markup Language Lvl. 5"
            LayoutRubyBase (anonymous) at (0,0) size 89.98x18
              LayoutInline {SPAN} at (0,0) size 16x18
                LayoutText {#text} at (28,0) size 16x18
                  text run at (28,0) width 16: "M"
              LayoutInline {SPAN} at (0,0) size 10x18
                LayoutText {#text} at (43,0) size 10x18
                  text run at (43,0) width 10: "L"
              LayoutInline {SPAN} at (0,0) size 9x18
                LayoutText {#text} at (52,0) size 9x18
                  text run at (52,0) width 9: "5"
        LayoutText {#text} at (277,10) size 38x18
          text run at (277,10) width 38: " spec."
