layer at (0,0) size 800x600
  LayoutView at (0,0) size 800x600
layer at (0,0) size 800x600
  LayoutBlockFlow {HTML} at (0,0) size 800x600
    LayoutBlockFlow {BODY} at (8,8) size 784x584
      LayoutText {#text} at (0,0) size 765x36
        text run at (0,0) width 765: "This is a initial test for simple ruby. There should be 2 ruby annotations on below line, one with a ruby text shorter than"
        text run at (0,18) width 60: "the base, "
        text run at (59,18) width 297: "and one with a ruby text longer than the base. "
      LayoutBR {BR} at (355,32) size 1x0
      LayoutBR {BR} at (0,36) size 0x18
      LayoutText {#text} at (0,64) size 158x18
        text run at (0,64) width 158: "<ruby> is defined in the "
      LayoutRuby (inline) {RUBY} at (0,0) size 186x18
        LayoutRubyRun (anonymous) at (157.14,64) size 185.72x18
          LayoutRubyText {RT} at (0,-10) size 185.72x10
            LayoutText {#text} at (77,0) size 31x10
              text run at (77,0) width 31: "HTML5"
          LayoutRubyBase (anonymous) at (0,0) size 185.72x18
            LayoutText {#text} at (0,0) size 186x18
              text run at (0,0) width 186: "Hypertext Markup Language"
      LayoutText {#text} at (342,64) size 32x18
        text run at (342,64) width 32: " and "
      LayoutRuby (inline) {RUBY} at (0,0) size 77x18
        LayoutRubyRun (anonymous) at (369.95,64) size 84x18
          LayoutRubyText {RT} at (0,-10) size 84x10
            LayoutText {#text} at (0,0) size 84x10
              text run at (0,0) width 84: "Cascading Style Sheets"
          LayoutRubyBase (anonymous) at (0,0) size 84x18
            LayoutText {#text} at (24,0) size 37x18
              text run at (24,0) width 37: "CSS3"
      LayoutText {#text} at (449,64) size 44x18
        text run at (449,64) width 44: " specs."
