layer at (0,0) size 800x600
  LayoutView at (0,0) size 800x600
layer at (0,0) size 800x600
  LayoutBlockFlow {HTML} at (0,0) size 800x600
    LayoutBlockFlow {BODY} at (8,8) size 784x584
      LayoutBlockFlow (floating) {DIV} at (0,0) size 212.89x108 [border: (2px solid #0000FF)]
        LayoutInline {SPAN} at (0,0) size 209x18
          LayoutText {#text} at (0,0) size 0x0
          LayoutImage {IMG} at (2,2) size 100x100 [bgcolor=#008000]
          LayoutText {#text} at (102,88) size 109x18
            text run at (102,88) width 109: "This is some text"
