layer at (0,0) size 800x600
  LayoutView at (0,0) size 800x600
layer at (0,0) size 800x600
  LayoutBlockFlow {HTML} at (0,0) size 800x600
    LayoutBlockFlow {BODY} at (8,8) size 784x584
      LayoutBlockFlow {DIV} at (0,0) size 784x312
        LayoutText {#text} at (159,140) size 162x18
          text run at (159,140) width 162: "This should be centered. "
        LayoutBR {BR} at (624,154) size 1x0
        LayoutText {#text} at (161,294) size 162x18
          text run at (161,294) width 162: "This should be centered. "
        LayoutBR {BR} at (622,308) size 1x0
layer at (328,8) size 304x154
  LayoutIFrame {IFRAME} at (320.19,0) size 304x154 [border: (2px inset #EEEEEE)]
    layer at (0,0) size 300x150
      LayoutView at (0,0) size 300x150
    layer at (0,0) size 300x150
      LayoutBlockFlow {HTML} at (0,0) size 300x150
        LayoutBlockFlow {BODY} at (8,8) size 284x134 [bgcolor=#FF0000]
layer at (330,166) size 300x150
  LayoutEmbeddedObject {OBJECT} at (322.19,158) size 300x150
    layer at (0,0) size 300x150
      LayoutView at (0,0) size 300x150
    layer at (0,0) size 300x150
      LayoutBlockFlow {HTML} at (0,0) size 300x150
        LayoutBlockFlow {BODY} at (8,8) size 284x134 [bgcolor=#FF0000]
