layer at (0,0) size 800x600
  LayoutView at (0,0) size 800x600
layer at (0,0) size 800x600
  LayoutBlockFlow {HTML} at (0,0) size 800x600
    LayoutBlockFlow {BODY} at (8,8) size 784x582
      LayoutBlockFlow {P} at (0,0) size 784x36
        LayoutText {#text} at (0,0) size 54x18
          text run at (0,0) width 54: "Test for "
        LayoutInline {I} at (0,0) size 760x36
          LayoutInline {A} at (0,0) size 305x18 [color=#0000EE]
            LayoutText {#text} at (53,0) size 305x18
              text run at (53,0) width 305: "http://bugs.webkit.org/show_bug.cgi?id=14449"
          LayoutText {#text} at (357,0) size 760x36
            text run at (357,0) width 5: " "
            text run at (361,0) width 399: "REGRESSION (r14345-r14375): Absolutely positioned image"
            text run at (0,18) width 287: "does not scale to containing element's height"
        LayoutText {#text} at (286,18) size 5x18
          text run at (286,18) width 5: "."
layer at (18,60) size 764x200
  LayoutBlockFlow (relative positioned) {DIV} at (10,52) size 764x200
layer at (18,60) size 100x100
  LayoutBlockFlow (relative positioned) {DIV} at (0,0) size 100x100 [bgcolor=#808080]
    LayoutBlockFlow {DIV} at (0,0) size 100x100
layer at (18,60) size 50x100
  LayoutImage (positioned) {IMG} at (0,0) size 50x100 [bgcolor=#0000FF]
layer at (18,270) size 764x200
  LayoutBlockFlow (relative positioned) {DIV} at (10,262) size 764x200
    LayoutText {#text} at (0,0) size 0x0
layer at (18,270) size 0x90
  LayoutInline (relative positioned) {SPAN} at (0,0) size 0x90 [bgcolor=#808080]
    LayoutText {#text} at (0,0) size 0x0
    LayoutBR {BR} at (0,0) size 0x18
    LayoutBR {BR} at (0,18) size 0x18
    LayoutBR {BR} at (0,36) size 0x18
    LayoutBR {BR} at (0,54) size 0x18
    LayoutBR {BR} at (0,72) size 0x18
layer at (18,270) size 50x90
  LayoutImage (positioned) {IMG} at (0,0) size 50x90 [bgcolor=#0000FF]
