layer at (0,0) size 800x600
  LayoutView at (0,0) size 800x600
layer at (0,0) size 800x600
  LayoutBlockFlow {HTML} at (0,0) size 800x600
    LayoutBlockFlow {BODY} at (8,8) size 784x576
      LayoutBlockFlow {P} at (0,0) size 784x36
        LayoutText {#text} at (0,0) size 781x36
          text run at (0,0) width 781: "An absolute-positioned image with only one dimension specified should retain its aspect ratio. If this test succeeded, there"
          text run at (0,18) width 541: "should be no red on the page and both compasses should be equal in size and height."
layer at (8,60) size 200x200
  LayoutBlockFlow (positioned) {DIV} at (8,60) size 200x200 [bgcolor=#FF0000]
layer at (8,60) size 200x200
  LayoutImage (positioned) {IMG} at (8,60) size 200x200
layer at (300,60) size 200x200
  LayoutBlockFlow (positioned) {DIV} at (300,60) size 200x200 [bgcolor=#FF0000]
layer at (300,60) size 200x200
  LayoutImage (positioned) {IMG} at (300,60) size 200x200
