layer at (0,0) size 800x600 clip at (0,0) size 785x600 scrollHeight 952
  LayoutView at (0,0) size 800x600
layer at (0,0) size 785x928 backgroundClip at (0,0) size 785x600 clip at (0,0) size 785x600
  LayoutBlockFlow {HTML} at (0,0) size 785x928
    LayoutBlockFlow {BODY} at (8,8) size 769x912
      LayoutText {#text} at (0,0) size 466x18
        text run at (0,0) width 466: "All of the replaced elements below should be clipped to a border-radius. "
      LayoutBR {BR} at (0,0) size 0x0
      LayoutImage {IMG} at (0,18) size 100x100
      LayoutText {#text} at (100,104) size 4x18
        text run at (100,104) width 4: " "
      LayoutBR {BR} at (0,0) size 0x0
      LayoutImage {INPUT} at (0,122) size 100x100
      LayoutText {#text} at (100,208) size 4x18
        text run at (100,208) width 4: " "
      LayoutBR {BR} at (0,0) size 0x0
      LayoutText {#text} at (304,366) size 4x18
        text run at (304,366) width 4: " "
      LayoutBR {BR} at (0,0) size 0x0
      LayoutText {#text} at (300,520) size 4x18
        text run at (300,520) width 4: " "
      LayoutBR {BR} at (0,0) size 0x0
      LayoutText {#text} at (0,0) size 0x0
layer at (8,234) size 304x154
  LayoutIFrame {IFRAME} at (0,226) size 304x154 [border: (2px inset #EEEEEE)]
    layer at (0,0) size 300x150
      LayoutView at (0,0) size 300x150
    layer at (0,0) size 300x150
      LayoutBlockFlow {HTML} at (0,0) size 300x150
        LayoutBlockFlow {BODY} at (0,0) size 300x150
          LayoutImage {IMG} at (0,0) size 100x100
layer at (8,392) size 300x150
  LayoutVideo {VIDEO} at (0,384) size 300x150
layer at (8,546) size 556x406 backgroundClip at (0,0) size 785x600 clip at (0,0) size 785x600
  LayoutEmbeddedObject {EMBED} at (0,538) size 556x406 [bgcolor=#00FF00] [border: (3px solid #000000)]
layer at (8,392) size 300x150
  LayoutFlexibleBox (relative positioned) {DIV} at (0,0) size 300x150
    LayoutBlockFlow {DIV} at (0,118) size 300x32
layer at (8,392) size 300x108
  LayoutFlexibleBox (relative positioned) {DIV} at (0,0) size 300x108
