layer at (0,0) size 800x600
  LayoutView at (0,0) size 800x600
layer at (0,0) size 800x302
  LayoutBlockFlow {HTML} at (0,0) size 800x302
    LayoutBlockFlow {BODY} at (8,16) size 784x270
      LayoutBlockFlow {P} at (0,0) size 784x18
        LayoutText {#text} at (0,0) size 401x18
          text run at (0,0) width 401: "These images should all look the same, square not rectangular."
      LayoutBlockFlow {P} at (0,34) size 784x68
        LayoutImage {IMG} at (0,0) size 64x64
      LayoutBlockFlow {P} at (0,118) size 784x68
        LayoutImage {IMG} at (0,0) size 64x64
      LayoutBlockFlow {P} at (0,202) size 784x68
        LayoutImage {IMG} at (0,0) size 64x64
