layer at (0,0) size 800x600
  LayoutView at (0,0) size 800x600
layer at (0,0) size 800x214
  LayoutBlockFlow {HTML} at (0,0) size 800x214
    LayoutBlockFlow {BODY} at (8,16) size 784x190
      LayoutBlockFlow {P} at (0,0) size 784x36
        LayoutText {#text} at (0,0) size 54x18
          text run at (0,0) width 54: "Test for "
        LayoutInline {I} at (0,0) size 732x36
          LayoutInline {A} at (0,0) size 156x18 [color=#0000EE]
            LayoutText {#text} at (53,0) size 156x18
              text run at (53,0) width 156: "rdar://problem/5862634"
          LayoutText {#text} at (208,0) size 732x36
            text run at (208,0) width 5: " "
            text run at (212,0) width 520: "REGRESSION (3.1.1): In iChat, inline image not resizable past current size after"
            text run at (0,18) width 145: "another IM is received"
        LayoutText {#text} at (144,18) size 5x18
          text run at (144,18) width 5: "."
      LayoutBlockFlow {P} at (0,52) size 784x18
        LayoutText {#text} at (0,0) size 319x18
          text run at (0,0) width 319: "The blue square below should be 100\x{D7}100 pixels."
      LayoutBlockFlow {DIV} at (0,86) size 200x104
        LayoutBlockFlow {DIV} at (0,0) size 100x104
          LayoutImage {IMG} at (0,0) size 100x100
          LayoutText {#text} at (0,0) size 0x0
        LayoutText {#text} at (0,0) size 0x0
