layer at (0,0) size 800x600
  LayoutView at (0,0) size 800x600
layer at (0,0) size 800x600
  LayoutBlockFlow {HTML} at (0,0) size 800x600
    LayoutBlockFlow {BODY} at (8,8) size 784x584
      LayoutBlockFlow {DIV} at (0,0) size 10x43
        LayoutText {#text} at (0,0) size 25x18
          text run at (0,0) width 25: "Foo"
        LayoutImage {IMG} at (0,18) size 25x25
      LayoutBlockFlow {DIV} at (0,43) size 10x36
        LayoutText {#text} at (0,0) size 25x18
          text run at (0,0) width 25: "Foo"
        LayoutMenuList {SELECT} at (0,18) size 53x18 [bgcolor=#F8F8F8]
          LayoutBlockFlow (anonymous) at (0,0) size 53x18
            LayoutText (anonymous) at (8,2) size 22x13
              text run at (8,2) width 22: "One"
      LayoutBlockFlow {DIV} at (0,79) size 10x37
        LayoutText {#text} at (0,0) size 25x18
          text run at (0,0) width 25: "Foo"
        LayoutTextControl {INPUT} at (0,18) size 131x19 [bgcolor=#FFFFFF] [border: (2px inset #EEEEEE)]
      LayoutBlockFlow {DIV} at (0,116) size 10x43
        LayoutImage {IMG} at (0,0) size 25x25
        LayoutText {#text} at (0,25) size 25x18
          text run at (0,25) width 25: "Foo"
      LayoutBlockFlow {DIV} at (0,159) size 10x36
        LayoutMenuList {SELECT} at (0,0) size 53x18 [bgcolor=#F8F8F8]
          LayoutBlockFlow (anonymous) at (0,0) size 53x18
            LayoutText (anonymous) at (8,2) size 22x13
              text run at (8,2) width 22: "One"
        LayoutText {#text} at (0,18) size 25x18
          text run at (0,18) width 25: "Foo"
      LayoutBlockFlow {DIV} at (0,195) size 10x37
        LayoutTextControl {INPUT} at (0,0) size 131x19 [bgcolor=#FFFFFF] [border: (2px inset #EEEEEE)]
        LayoutText {#text} at (0,19) size 25x18
          text run at (0,19) width 25: "Foo"
layer at (11,108) size 125x13
  LayoutBlockFlow {DIV} at (3,3) size 125x13
layer at (11,206) size 125x13
  LayoutBlockFlow {DIV} at (3,3) size 125x13
