layer at (0,0) size 800x600
  LayoutView at (0,0) size 800x600
layer at (0,0) size 800x600
  LayoutBlockFlow {HTML} at (0,0) size 800x600
    LayoutBlockFlow {BODY} at (8,8) size 784x584
      LayoutBlockFlow {P} at (0,0) size 784x36
        LayoutText {#text} at (0,0) size 380x18
          text run at (0,0) width 380: "Tests selection painting on a transformed, replaced element"
        LayoutBR {BR} at (379,14) size 1x0
        LayoutInline {A} at (0,0) size 310x18 [color=#0000EE]
          LayoutText {#text} at (0,18) size 310x18
            text run at (0,18) width 310: "https://bugs.webkit.org/show_bug.cgi?id=15739"
        LayoutText {#text} at (0,0) size 0x0
      LayoutBlockFlow {P} at (0,52) size 784x18
        LayoutText {#text} at (0,0) size 522x18
          text run at (0,0) width 522: "You should see a dark green square rotated 45\x{B0}. If you see any red, the test failed."
      LayoutBlockFlow {DIV} at (0,86) size 784x150
layer at (58,144) size 100x100
  LayoutImage {IMG} at (50,50) size 100x100 [bgcolor=#FF0000]
selection start: position 0 of child 0 {IMG} of child 4 {DIV} of body
selection end:   position 1 of child 0 {IMG} of child 4 {DIV} of body
