layer at (0,0) size 800x600
  LayoutView at (0,0) size 800x600
layer at (0,0) size 800x600
  LayoutBlockFlow {HTML} at (0,0) size 800x600
    LayoutBlockFlow {BODY} at (8,8) size 784x584
      LayoutBlockFlow (anonymous) at (0,0) size 784x18
        LayoutText {#text} at (0,0) size 315x18
          text run at (0,0) width 315: "The following sets of buttons should not overlap."
      LayoutTable {TABLE} at (0,18) size 784x22
        LayoutTableSection {TBODY} at (0,0) size 784x22
          LayoutTableRow {TR} at (0,1) size 784x20
            LayoutTableCell {TD} at (1,1) size 66x20 [r=0 c=0 rs=1 cs=1]
              LayoutButton {INPUT} at (1,1) size 64x18 [bgcolor=#C0C0C0]
                LayoutBlockFlow (anonymous) at (8,2) size 48x13
                  LayoutText {#text} at (0,0) size 48x13
                    text run at (0,0) width 48: "New Mail"
            LayoutTableCell {TD} at (68,1) size 47x20 [r=0 c=1 rs=1 cs=1]
              LayoutButton {INPUT} at (1,1) size 45x18 [bgcolor=#C0C0C0]
                LayoutBlockFlow (anonymous) at (8,2) size 29x13
                  LayoutText {#text} at (0,0) size 29x13
                    text run at (0,0) width 29: "Reply"
            LayoutTableCell {TD} at (116,1) size 63x20 [r=0 c=2 rs=1 cs=1]
              LayoutButton {INPUT} at (1,1) size 61x18 [bgcolor=#C0C0C0]
                LayoutBlockFlow (anonymous) at (8,2) size 45x13
                  LayoutText {#text} at (0,0) size 45x13
                    text run at (0,0) width 45: "Reply All"
            LayoutTableCell {TD} at (180,1) size 603x20 [r=0 c=3 rs=1 cs=1]
              LayoutText {#text} at (1,1) size 4x18
                text run at (1,1) width 4: " "
      LayoutBlockFlow (anonymous) at (0,40) size 784x36
        LayoutBR {BR} at (0,0) size 0x18
        LayoutBR {BR} at (0,18) size 0x18
      LayoutTable {TABLE} at (0,76) size 784x22
        LayoutTableSection {TBODY} at (0,0) size 784x22
          LayoutTableRow {TR} at (0,1) size 784x20
            LayoutTableCell {TD} at (1,1) size 66x20 [r=0 c=0 rs=1 cs=1]
              LayoutButton {INPUT} at (1,1) size 64x18 [bgcolor=#C0C0C0]
                LayoutBlockFlow (anonymous) at (8,2) size 48x13
                  LayoutText {#text} at (0,0) size 48x13
                    text run at (0,0) width 48: "New Mail"
            LayoutTableCell {TD} at (68,1) size 47x20 [r=0 c=1 rs=1 cs=1]
              LayoutButton {INPUT} at (1,1) size 45x18 [bgcolor=#C0C0C0]
                LayoutBlockFlow (anonymous) at (8,2) size 29x13
                  LayoutText {#text} at (0,0) size 29x13
                    text run at (0,0) width 29: "Reply"
            LayoutTableCell {TD} at (116,1) size 63x20 [r=0 c=2 rs=1 cs=1]
              LayoutButton {INPUT} at (1,1) size 61x18 [bgcolor=#C0C0C0]
                LayoutBlockFlow (anonymous) at (8,2) size 45x13
                  LayoutText {#text} at (0,0) size 45x13
                    text run at (0,0) width 45: "Reply All"
            LayoutTableCell {TD} at (180,1) size 603x20 [r=0 c=3 rs=1 cs=1]
              LayoutText {#text} at (1,1) size 4x18
                text run at (1,1) width 4: " "
