layer at (0,0) size 800x600
  LayoutView at (0,0) size 800x600
layer at (0,0) size 800x600
  LayoutBlockFlow {HTML} at (0,0) size 800x600
    LayoutBlockFlow {BODY} at (8,8) size 784x584
      LayoutBlockFlow (anonymous) at (0,0) size 784x18
        LayoutText {#text} at (0,0) size 291x18
          text run at (0,0) width 291: "The popup buttons below should not overlap."
      LayoutTable {TABLE} at (0,18) size 784x22
        LayoutTableSection {TBODY} at (0,0) size 784x22
          LayoutTableRow {TR} at (0,1) size 784x20
            LayoutTableCell {TD} at (1,1) size 2x20 [r=0 c=0 rs=1 cs=1]
              LayoutMenuList {SELECT} at (1,1) size 0x18 [bgcolor=#F8F8F8]
                LayoutBlockFlow (anonymous) at (0,0) size 31x18
                  LayoutText (anonymous) at (8,2) size 20x13
                    text run at (8,2) width 20: "one"
            LayoutTableCell {TD} at (4,1) size 2x20 [r=0 c=1 rs=1 cs=1]
              LayoutMenuList {SELECT} at (1,1) size 0x18 [bgcolor=#F8F8F8]
                LayoutBlockFlow (anonymous) at (0,0) size 31x18
                  LayoutText (anonymous) at (8,2) size 19x13
                    text run at (8,2) width 19: "two"
            LayoutTableCell {TD} at (7,1) size 2x20 [r=0 c=2 rs=1 cs=1]
              LayoutMenuList {SELECT} at (1,1) size 0x18 [bgcolor=#F8F8F8]
                LayoutBlockFlow (anonymous) at (0,0) size 31x18
                  LayoutText (anonymous) at (8,2) size 28x13
                    text run at (8,2) width 28: "three"
            LayoutTableCell {TD} at (10,1) size 773x20 [r=0 c=3 rs=1 cs=1]
              LayoutText {#text} at (1,1) size 4x18
                text run at (1,1) width 4: " "
