layer at (0,0) size 800x600
  LayoutView at (0,0) size 800x600
layer at (0,0) size 800x600
  LayoutBlockFlow {HTML} at (0,0) size 800x600
    LayoutBlockFlow {BODY} at (8,8) size 784x584
      LayoutBlockFlow (anonymous) at (0,0) size 784x36
        LayoutText {#text} at (0,0) size 776x36
          text run at (0,0) width 733: "The following elements behave differently in different browsers. Our current behavior will cause them to overlap, "
          text run at (732,0) width 44: "but we"
          text run at (0,18) width 241: "may need to change this in the future."
      LayoutTable {TABLE} at (0,36) size 784x22
        LayoutTableSection {TBODY} at (0,0) size 784x22
          LayoutTableRow {TR} at (0,1) size 784x20
            LayoutTableCell {TD} at (1,10) size 2x2 [r=0 c=0 rs=1 cs=1]
              LayoutImage {IMG} at (1,1) size 0x0
            LayoutTableCell {TD} at (4,10) size 2x2 [r=0 c=1 rs=1 cs=1]
              LayoutImage {IMG} at (1,1) size 0x0
            LayoutTableCell {TD} at (7,10) size 2x2 [r=0 c=2 rs=1 cs=1]
              LayoutImage {IMG} at (1,1) size 0x0
            LayoutTableCell {TD} at (10,1) size 773x20 [r=0 c=3 rs=1 cs=1]
              LayoutText {#text} at (1,1) size 4x18
                text run at (1,1) width 4: " "
      LayoutBlockFlow (anonymous) at (0,58) size 784x36
        LayoutBR {BR} at (0,0) size 0x18
        LayoutBR {BR} at (0,18) size 0x18
      LayoutTable {TABLE} at (0,94) size 784x279
        LayoutTableSection {TBODY} at (0,0) size 784x279
          LayoutTableRow {TR} at (0,1) size 784x277
            LayoutTableCell {TD} at (1,1) size 216x277 [r=0 c=0 rs=1 cs=1]
              LayoutImage {IMG} at (1,1) size 214x275
            LayoutTableCell {TD} at (218,1) size 216x277 [r=0 c=1 rs=1 cs=1]
              LayoutImage {IMG} at (1,1) size 214x275
            LayoutTableCell {TD} at (435,1) size 216x277 [r=0 c=2 rs=1 cs=1]
              LayoutImage {IMG} at (1,1) size 214x275
            LayoutTableCell {TD} at (652,129) size 131x20 [r=0 c=3 rs=1 cs=1]
              LayoutText {#text} at (1,1) size 4x18
                text run at (1,1) width 4: " "
