layer at (0,0) size 800x600
  LayoutView at (0,0) size 800x600
layer at (0,0) size 800x600
  LayoutBlockFlow {HTML} at (0,0) size 800x600
    LayoutBlockFlow {BODY} at (8,8) size 784x576
      LayoutBlockFlow {P} at (0,0) size 784x40
        LayoutText {#text} at (0,0) size 212x19
          text run at (0,0) width 212: "This tests for a regression against "
        LayoutInline {I} at (0,0) size 741x39
          LayoutInline {A} at (0,0) size 348x19 [color=#0000EE]
            LayoutText {#text} at (212,0) size 348x19
              text run at (212,0) width 348: "http://bugzilla.opendarwin.org/show_bug.cgi?id=6397"
          LayoutText {#text} at (559,0) size 741x39
            text run at (559,0) width 182: " ATSUI small caps use small"
            text run at (0,20) width 75: "punctuation"
        LayoutText {#text} at (75,20) size 4x19
          text run at (75,20) width 4: "."
      LayoutBlockFlow {P} at (0,56) size 784x20
        LayoutText {#text} at (0,0) size 367x19
          text run at (0,0) width 367: "All four question marks below should be \x{201C}big\x{201D}, like this: ?"
      LayoutBlockFlow {HR} at (0,92) size 784x2 [border: (1px inset #EEEEEE)]
      LayoutBlockFlow {P} at (0,110) size 784x20
        LayoutText {#text} at (0,0) size 55x19
          text run at (0,0) width 55: "ATSUI: "
        LayoutInline {SPAN} at (0,0) size 41x19
          LayoutText {#text} at (54,0) size 41x19
            text run at (54,0) width 41: "A?b?e\x{300}"
      LayoutBlockFlow {P} at (0,146) size 784x20
        LayoutText {#text} at (0,0) size 31x19
          text run at (0,0) width 31: "CG: "
        LayoutInline {SPAN} at (0,0) size 40x19
          LayoutText {#text} at (31,0) size 40x19
            text run at (31,0) width 40: "A?b?e"
