layer at (0,0) size 800x600
  LayoutView at (0,0) size 800x600
layer at (0,0) size 800x378
  LayoutBlockFlow {HTML} at (0,0) size 800x378
    LayoutBlockFlow {BODY} at (8,16) size 784x354
      LayoutBlockFlow {P} at (0,0) size 784x40
        LayoutText {#text} at (0,0) size 174x19
          text run at (0,0) width 174: "Test for regressions against "
        LayoutInline {I} at (0,0) size 756x39
          LayoutInline {A} at (0,0) size 349x19 [color=#0000EE]
            LayoutText {#text} at (173,0) size 349x19
              text run at (173,0) width 349: "http://bugzilla.opendarwin.org/show_bug.cgi?id=3922"
          LayoutText {#text} at (521,0) size 756x39
            text run at (521,0) width 235: " Variable word/letter spacing and full"
            text run at (0,20) width 321: "justification not supported for ATSUI-rendered text"
        LayoutText {#text} at (320,20) size 5x19
          text run at (320,20) width 5: "."
      LayoutBlockFlow (anonymous) at (0,56) size 784x20
        LayoutText {#text} at (0,0) size 507x19
          text run at (0,0) width 507: "Each green box should be identical to the blue box it follows, except for accents."
      LayoutBlockFlow {HR} at (0,84) size 784x2 [border: (1px inset #EEEEEE)]
      LayoutTable {TABLE} at (0,94) size 620x260
        LayoutTableSection {TBODY} at (0,0) size 620x260
          LayoutTableRow {TR} at (0,2) size 620x22
            LayoutTableCell {TD} at (2,2) size 204x22 [r=0 c=0 rs=1 cs=1]
              LayoutText {#text} at (58,1) size 88x19
                text run at (58,1) width 88: "Word spacing"
            LayoutTableCell {TD} at (208,2) size 204x22 [r=0 c=1 rs=1 cs=1]
              LayoutText {#text} at (57,1) size 90x19
                text run at (57,1) width 90: "Letter spacing"
            LayoutTableCell {TD} at (414,2) size 204x22 [r=0 c=2 rs=1 cs=1]
              LayoutText {#text} at (64,1) size 76x19
                text run at (64,1) width 76: "Justification"
          LayoutTableRow {TR} at (0,26) size 620x232
            LayoutTableCell {TD} at (2,26) size 204x174 [r=1 c=0 rs=1 cs=1]
              LayoutBlockFlow {DIV} at (1,1) size 202x172
                LayoutBlockFlow {DIV} at (0,0) size 202x38 [border: (1px solid #0000FF)]
                  LayoutText {#text} at (23,0) size 181x37
                    text run at (23,0) width 178 RTL: "\x{5D9}\x{5B0}\x{5D4}\x{5B4}\x{5D9}, \x{5D0}\x{5B8}\x{5D7}\x{5B4}\x{5D9}, \x{5DC}\x{5B0}\x{5DA}\x{5B8} \x{5E1}\x{5B5}\x{5E4}\x{5B6}\x{5E8} \x{5E9}\x{5C1}\x{5B0}\x{5DC}\x{5B7}\x{5D7}\x{5B0}\x{5EA}\x{5BC}\x{5B4}\x{5D9}\x{5D5}"
                    text run at (20,18) width 124 RTL: "\x{5E6}\x{5B0}\x{5DE}\x{5B4}\x{5D9}\x{5EA}\x{5D5}\x{5BC}\x{5EA} \x{5DC}\x{5B8}\x{5DA}\x{5B0} \x{5DE}\x{5B0}\x{5DB}\x{5B7}\x{5E8}\x{5B0}\x{5EA}\x{5BC}\x{5B4}\x{5D9}\x{5D5}."
                    text run at (144,18) width 57 RTL: "\x{5D5}\x{5BC}\x{5DE}\x{5B4}\x{5DE}\x{5B0}\x{5DB}\x{5BC}\x{5B6}\x{5E8}\x{5B6}\x{5EA} "
                LayoutBlockFlow {DIV} at (0,43) size 202x62 [border: (1px solid #0000FF)]
                  LayoutText {#text} at (1,1) size 169x59
                    text run at (1,1) width 169: "Lore\x{300}m ipsum dolor sit"
                    text run at (1,21) width 126: "ame\x{300}t, consectetuer"
                    text run at (1,41) width 101: "adipiscing e\x{300}lit."
                LayoutBlockFlow {DIV} at (0,110) size 202x62 [border: (1px solid #008000)]
                  LayoutText {#text} at (1,1) size 169x59
                    text run at (1,1) width 169: "Lorem ipsum dolor sit"
                    text run at (1,21) width 126: "amet, consectetuer"
                    text run at (1,41) width 101: "adipiscing elit."
            LayoutTableCell {TD} at (208,26) size 204x232 [r=1 c=1 rs=1 cs=1]
              LayoutBlockFlow {DIV} at (1,1) size 202x230
                LayoutBlockFlow {DIV} at (0,0) size 202x56 [border: (1px solid #0000FF)]
                  LayoutText {#text} at (28,0) size 189x55
                    text run at (28,0) width 173 RTL: "\x{5D9}\x{5B0}\x{5D4}\x{5B4}\x{5D9}, \x{5D0}\x{5B8}\x{5D7}\x{5B4}\x{5D9}, \x{5DC}\x{5B0}\x{5DA}\x{5B8} \x{5E1}\x{5B5}\x{5E4}\x{5B6}\x{5E8}"
                    text run at (48,18) width 153 RTL: "\x{5E9}\x{5C1}\x{5B0}\x{5DC}\x{5B7}\x{5D7}\x{5B0}\x{5EA}\x{5BC}\x{5B4}\x{5D9}\x{5D5} \x{5D5}\x{5BC}\x{5DE}\x{5B4}\x{5DE}\x{5B0}\x{5DB}\x{5BC}\x{5B6}\x{5E8}\x{5B6}\x{5EA}"
                    text run at (12,36) width 189 RTL: "\x{5E6}\x{5B0}\x{5DE}\x{5B4}\x{5D9}\x{5EA}\x{5D5}\x{5BC}\x{5EA} \x{5DC}\x{5B8}\x{5DA}\x{5B0} \x{5DE}\x{5B0}\x{5DB}\x{5B7}\x{5E8}\x{5B0}\x{5EA}\x{5BC}\x{5B4}\x{5D9}\x{5D5}."
                LayoutBlockFlow {DIV} at (0,61) size 202x82 [border: (1px solid #0000FF)]
                  LayoutText {#text} at (1,1) size 171x79
                    text run at (1,1) width 139: "Lore\x{300}m ipsum"
                    text run at (1,21) width 164: "dolor sit ame\x{300}t,"
                    text run at (1,41) width 138: "consectetue\x{300}r"
                    text run at (1,61) width 171: "adipiscing e\x{300}lit."
                LayoutBlockFlow {DIV} at (0,148) size 202x82 [border: (1px solid #008000)]
                  LayoutText {#text} at (1,1) size 171x79
                    text run at (1,1) width 139: "Lorem ipsum"
                    text run at (1,21) width 164: "dolor sit amet,"
                    text run at (1,41) width 138: "consectetuer"
                    text run at (1,61) width 171: "adipiscing elit."
            LayoutTableCell {TD} at (414,26) size 204x134 [r=1 c=2 rs=1 cs=1]
              LayoutBlockFlow {DIV} at (1,1) size 202x132
                LayoutBlockFlow {DIV} at (0,0) size 202x38 [border: (1px solid #0000FF)]
                  LayoutText {#text} at (1,0) size 200x37
                    text run at (1,0) width 200 RTL: "\x{5D9}\x{5B0}\x{5D4}\x{5B4}\x{5D9}, \x{5D0}\x{5B8}\x{5D7}\x{5B4}\x{5D9}, \x{5DC}\x{5B0}\x{5DA}\x{5B8} \x{5E1}\x{5B5}\x{5E4}\x{5B6}\x{5E8} \x{5E9}\x{5C1}\x{5B0}\x{5DC}\x{5B7}\x{5D7}\x{5B0}\x{5EA}\x{5BC}\x{5B4}\x{5D9}\x{5D5} \x{5D5}\x{5BC}\x{5DE}\x{5B4}\x{5DE}\x{5B0}\x{5DB}\x{5BC}\x{5B6}\x{5E8}\x{5B6}\x{5EA}"
                    text run at (97,18) width 104 RTL: "\x{5E6}\x{5B0}\x{5DE}\x{5B4}\x{5D9}\x{5EA}\x{5D5}\x{5BC}\x{5EA} \x{5DC}\x{5B8}\x{5DA}\x{5B0} \x{5DE}\x{5B0}\x{5DB}\x{5B7}\x{5E8}\x{5B0}\x{5EA}\x{5BC}\x{5B4}\x{5D9}\x{5D5}."
                LayoutBlockFlow {DIV} at (0,43) size 202x42 [border: (1px solid #0000FF)]
                  LayoutText {#text} at (1,1) size 200x39
                    text run at (1,1) width 200: "Lore\x{300}m ipsum dolor sit ame\x{300}t,"
                    text run at (1,21) width 173: "consectetue\x{300}r adipiscing e\x{300}lit."
                LayoutBlockFlow {DIV} at (0,90) size 202x42 [border: (1px solid #008000)]
                  LayoutText {#text} at (1,1) size 200x39
                    text run at (1,1) width 200: "Lorem ipsum dolor sit amet,"
                    text run at (1,21) width 173: "consectetuer adipiscing elit."
