layer at (0,0) size 800x600
  LayoutView at (0,0) size 800x600
layer at (0,0) size 800x260
  LayoutBlockFlow {HTML} at (0,0) size 800x260
    LayoutBlockFlow {BODY} at (8,16) size 784x236
      LayoutBlockFlow {P} at (0,0) size 784x20
        LayoutText {#text} at (0,0) size 370x19
          text run at (0,0) width 370: "Test for negative spacing values in complex text rendering."
      LayoutBlockFlow (anonymous) at (0,36) size 784x20
        LayoutText {#text} at (0,0) size 507x19
          text run at (0,0) width 507: "Each green box should be identical to the blue box it follows, except for accents."
      LayoutBlockFlow {HR} at (0,64) size 784x2 [border: (1px inset #EEEEEE)]
      LayoutTable {TABLE} at (0,74) size 414x162
        LayoutTableSection {TBODY} at (0,0) size 414x162
          LayoutTableRow {TR} at (0,2) size 414x22
            LayoutTableCell {TD} at (2,2) size 204x22 [r=0 c=0 rs=1 cs=1]
              LayoutText {#text} at (58,1) size 88x19
                text run at (58,1) width 88: "Word spacing"
            LayoutTableCell {TD} at (208,2) size 204x22 [r=0 c=1 rs=1 cs=1]
              LayoutText {#text} at (57,1) size 90x19
                text run at (57,1) width 90: "Letter spacing"
          LayoutTableRow {TR} at (0,26) size 414x134
            LayoutTableCell {TD} at (2,26) size 204x134 [r=1 c=0 rs=1 cs=1]
              LayoutBlockFlow {DIV} at (1,1) size 202x132
                LayoutBlockFlow {DIV} at (0,0) size 202x38 [border: (1px solid #0000FF)]
                  LayoutText {#text} at (26,0) size 175x37
                    text run at (26,0) width 175 RTL: "\x{5D9}\x{5B0}\x{5D4}\x{5B4}\x{5D9}, \x{5D0}\x{5B8}\x{5D7}\x{5B4}\x{5D9}, \x{5DC}\x{5B0}\x{5DA}\x{5B8} \x{5E1}\x{5B5}\x{5E4}\x{5B6}\x{5E8} \x{5E9}\x{5C1}\x{5B0}\x{5DC}\x{5B7}\x{5D7}\x{5B0}\x{5EA}\x{5BC}\x{5B4}\x{5D9}\x{5D5} \x{5D5}\x{5BC}\x{5DE}\x{5B4}\x{5DE}\x{5B0}\x{5DB}\x{5BC}\x{5B6}\x{5E8}\x{5B6}\x{5EA}"
                    text run at (101,18) width 100 RTL: "\x{5E6}\x{5B0}\x{5DE}\x{5B4}\x{5D9}\x{5EA}\x{5D5}\x{5BC}\x{5EA} \x{5DC}\x{5B8}\x{5DA}\x{5B0} \x{5DE}\x{5B0}\x{5DB}\x{5B7}\x{5E8}\x{5B0}\x{5EA}\x{5BC}\x{5B4}\x{5D9}\x{5D5}."
                LayoutBlockFlow {DIV} at (0,43) size 202x42 [border: (1px solid #0000FF)]
                  LayoutText {#text} at (1,1) size 169x39
                    text run at (1,1) width 169: "Lore\x{300}m ipsum dolor sit ame\x{300}t,"
                    text run at (1,21) width 169: "consectetuer adipiscing e\x{300}lit."
                LayoutBlockFlow {DIV} at (0,90) size 202x42 [border: (1px solid #008000)]
                  LayoutText {#text} at (1,1) size 169x39
                    text run at (1,1) width 169: "Lorem ipsum dolor sit amet,"
                    text run at (1,21) width 169: "consectetuer adipiscing elit."
            LayoutTableCell {TD} at (208,26) size 204x134 [r=1 c=1 rs=1 cs=1]
              LayoutBlockFlow {DIV} at (1,1) size 202x132
                LayoutBlockFlow {DIV} at (0,0) size 202x38 [border: (1px solid #0000FF)]
                  LayoutText {#text} at (10,0) size 191x37
                    text run at (10,0) width 33 RTL: "\x{5E6}\x{5B0}\x{5DE}\x{5B4}\x{5D9}\x{5EA}\x{5D5}\x{5BC}\x{5EA}"
                    text run at (43,0) width 158 RTL: "\x{5D9}\x{5B0}\x{5D4}\x{5B4}\x{5D9}, \x{5D0}\x{5B8}\x{5D7}\x{5B4}\x{5D9}, \x{5DC}\x{5B0}\x{5DA}\x{5B8} \x{5E1}\x{5B5}\x{5E4}\x{5B6}\x{5E8} \x{5E9}\x{5C1}\x{5B0}\x{5DC}\x{5B7}\x{5D7}\x{5B0}\x{5EA}\x{5BC}\x{5B4}\x{5D9}\x{5D5} \x{5D5}\x{5BC}\x{5DE}\x{5B4}\x{5DE}\x{5B0}\x{5DB}\x{5BC}\x{5B6}\x{5E8}\x{5B6}\x{5EA} "
                    text run at (150,18) width 51 RTL: "\x{5DC}\x{5B8}\x{5DA}\x{5B0} \x{5DE}\x{5B0}\x{5DB}\x{5B7}\x{5E8}\x{5B0}\x{5EA}\x{5BC}\x{5B4}\x{5D9}\x{5D5}."
                LayoutBlockFlow {DIV} at (0,43) size 202x42 [border: (1px solid #0000FF)]
                  LayoutText {#text} at (1,1) size 150x39
                    text run at (1,1) width 150: "Lore\x{300}m ipsum dolor sit ame\x{300}t,"
                    text run at (1,21) width 144: "consectetue\x{300}r adipiscing e\x{300}lit."
                LayoutBlockFlow {DIV} at (0,90) size 202x42 [border: (1px solid #008000)]
                  LayoutText {#text} at (1,1) size 150x39
                    text run at (1,1) width 150: "Lorem ipsum dolor sit amet,"
                    text run at (1,21) width 144: "consectetuer adipiscing elit."
