layer at (0,0) size 800x600
  LayoutView at (0,0) size 800x600
layer at (0,0) size 800x488
  LayoutBlockFlow {HTML} at (0,0) size 800x488
    LayoutBlockFlow {BODY} at (8,8) size 784x464
      LayoutBlockFlow (anonymous) at (0,0) size 784x428
        LayoutText {#text} at (302,87) size 4x19
          text run at (302,87) width 4: " "
        LayoutText {#text} at (0,0) size 0x0
        LayoutText {#text} at (302,194) size 4x19
          text run at (302,194) width 4: " "
        LayoutText {#text} at (0,0) size 0x0
        LayoutText {#text} at (302,301) size 4x19
          text run at (302,301) width 4: " "
        LayoutText {#text} at (0,0) size 0x0
        LayoutText {#text} at (302,408) size 4x19
          text run at (302,408) width 4: " "
        LayoutText {#text} at (0,0) size 0x0
      LayoutBlockFlow {P} at (0,444) size 784x20
        LayoutText {#text} at (0,0) size 354x19
          text run at (0,0) width 354: "Tests that image alt text takes directionality into account."
layer at (8,8) size 302x102 clip at (9,9) size 300x100 scrollHeight 130
  LayoutBlockFlow (relative positioned) {SECTION} at (0,0) size 302x102 [border: (1px solid #FF0000)]
    LayoutBlockFlow {H2} at (1,20.91) size 300x27
      LayoutText {#text} at (0,0) size 165x26
        text run at (0,0) width 165: "ltr image, rtl alt"
layer at (9,59) size 280x80 backgroundClip at (9,9) size 300x100 clip at (9,9) size 300x100
  LayoutBlockFlow (positioned) {IMG} at (1,51) size 280x80
    LayoutInline {SPAN} at (0,0) size 8x19
      LayoutInline {SPAN} at (0,0) size 8x19
        LayoutText {#text} at (0,0) size 8x19
          text run at (0,0) width 8 RTL: "\x{6CC}\x{627}"
layer at (314,8) size 302x102 clip at (315,9) size 300x100 scrollHeight 130
  LayoutBlockFlow (relative positioned) {SECTION} at (306,0) size 302x102 [border: (1px solid #FF0000)]
    LayoutBlockFlow {H2} at (1,20.91) size 300x27
      LayoutText {#text} at (0,0) size 165x26
        text run at (0,0) width 165: "rtl image, rtl alt"
layer at (315,59) size 280x80 backgroundClip at (315,9) size 300x100 clip at (315,9) size 300x100
  LayoutBlockFlow (positioned) {IMG} at (1,51) size 280x80
    LayoutInline {SPAN} at (0,0) size 8x19
      LayoutInline {SPAN} at (0,0) size 8x19
        LayoutText {#text} at (272,0) size 8x19
          text run at (272,0) width 8 RTL: "\x{6CC}\x{627}"
layer at (8,115) size 302x102 clip at (9,116) size 300x100 scrollHeight 130
  LayoutBlockFlow (relative positioned) {SECTION} at (0,107) size 302x102 [border: (1px solid #FF0000)]
    LayoutBlockFlow {H2} at (1,20.91) size 300x27
      LayoutText {#text} at (0,0) size 165x26
        text run at (0,0) width 165: "ltr image, ltr alt"
layer at (9,166) size 280x80 backgroundClip at (9,116) size 300x100 clip at (9,116) size 300x100
  LayoutBlockFlow (positioned) {IMG} at (1,51) size 280x80
    LayoutInline {SPAN} at (0,0) size 15x19
      LayoutInline {SPAN} at (0,0) size 15x19
        LayoutText {#text} at (0,0) size 15x19
          text run at (0,0) width 15: "alt"
layer at (314,115) size 302x102 clip at (315,116) size 300x100 scrollHeight 130
  LayoutBlockFlow (relative positioned) {SECTION} at (306,107) size 302x102 [border: (1px solid #FF0000)]
    LayoutBlockFlow {H2} at (1,20.91) size 300x27
      LayoutText {#text} at (0,0) size 165x26
        text run at (0,0) width 165: "rtl image, ltr alt"
layer at (315,166) size 280x80 backgroundClip at (315,116) size 300x100 clip at (315,116) size 300x100
  LayoutBlockFlow (positioned) {IMG} at (1,51) size 280x80
    LayoutInline {SPAN} at (0,0) size 15x19
      LayoutInline {SPAN} at (0,0) size 15x19
        LayoutText {#text} at (265,0) size 15x19
          text run at (265,0) width 15: "alt"
layer at (8,222) size 302x102 clip at (9,223) size 300x100 scrollHeight 130
  LayoutBlockFlow (relative positioned) {SECTION} at (0,214) size 302x102 [border: (1px solid #FF0000)]
    LayoutBlockFlow {H2} at (1,20.91) size 300x27
      LayoutText {#text} at (0,0) size 192x26
        text run at (0,0) width 192: "ltr image, weak alt"
layer at (9,273) size 280x80 backgroundClip at (9,223) size 300x100 clip at (9,223) size 300x100
  LayoutBlockFlow (positioned) {IMG} at (1,51) size 280x80
    LayoutInline {SPAN} at (0,0) size 8x19
      LayoutInline {SPAN} at (0,0) size 8x19
        LayoutText {#text} at (0,0) size 8x19
          text run at (0,0) width 8: ".,"
layer at (314,222) size 302x102 clip at (315,223) size 300x100 scrollHeight 130
  LayoutBlockFlow (relative positioned) {SECTION} at (306,214) size 302x102 [border: (1px solid #FF0000)]
    LayoutBlockFlow {H2} at (1,20.91) size 300x27
      LayoutText {#text} at (0,0) size 192x26
        text run at (0,0) width 192: "rtl image, weak alt"
layer at (315,273) size 280x80 backgroundClip at (315,223) size 300x100 clip at (315,223) size 300x100
  LayoutBlockFlow (positioned) {IMG} at (1,51) size 280x80
    LayoutInline {SPAN} at (0,0) size 8x19
      LayoutInline {SPAN} at (0,0) size 8x19
        LayoutText {#text} at (272,0) size 8x19
          text run at (272,0) width 8 RTL: ".,"
layer at (8,329) size 302x102 clip at (9,330) size 300x100 scrollHeight 130
  LayoutBlockFlow (relative positioned) {SECTION} at (0,321) size 302x102 [border: (1px solid #FF0000)]
    LayoutBlockFlow {H2} at (1,20.91) size 300x27
      LayoutText {#text} at (0,0) size 202x26
        text run at (0,0) width 202: "ltr image, mixed alt"
layer at (9,380) size 280x80 backgroundClip at (9,330) size 300x100 clip at (9,330) size 300x100
  LayoutBlockFlow (positioned) {IMG} at (1,51) size 280x80
    LayoutInline {SPAN} at (0,0) size 69x19
      LayoutInline {SPAN} at (0,0) size 69x19
        LayoutText {#text} at (0,0) size 69x19
          text run at (0,0) width 8 RTL: "\x{6CC}\x{627}"
          text run at (8,0) width 53: "example"
          text run at (61,0) width 8 RTL: "\x{6CC}\x{627}"
layer at (314,329) size 302x102 clip at (315,330) size 300x100 scrollHeight 130
  LayoutBlockFlow (relative positioned) {SECTION} at (306,321) size 302x102 [border: (1px solid #FF0000)]
    LayoutBlockFlow {H2} at (1,20.91) size 300x27
      LayoutText {#text} at (0,0) size 202x26
        text run at (0,0) width 202: "rtl image, mixed alt"
layer at (315,380) size 280x80 backgroundClip at (315,330) size 300x100 clip at (315,330) size 300x100
  LayoutBlockFlow (positioned) {IMG} at (1,51) size 280x80
    LayoutInline {SPAN} at (0,0) size 69x19
      LayoutInline {SPAN} at (0,0) size 69x19
        LayoutText {#text} at (211,0) size 69x19
          text run at (211,0) width 8 RTL: "\x{6CC}\x{627}"
          text run at (219,0) width 53: "example"
          text run at (272,0) width 8 RTL: "\x{6CC}\x{627}"
