layer at (0,0) size 800x600
  LayoutView at (0,0) size 800x600
layer at (0,0) size 800x600
  LayoutBlockFlow {HTML} at (0,0) size 800x600
    LayoutBlockFlow {BODY} at (8,8) size 784x584
      LayoutBlockFlow {P} at (0,0) size 784x40
        LayoutText {#text} at (0,0) size 52x19
          text run at (0,0) width 52: "Test for "
        LayoutInline {I} at (0,0) size 741x39
          LayoutInline {A} at (0,0) size 302x19 [color=#0000EE]
            LayoutText {#text} at (51,0) size 302x19
              text run at (51,0) width 302: "http://bugs.webkit.org/show_bug.cgi?id=12726"
          LayoutText {#text} at (352,0) size 741x39
            text run at (352,0) width 5: " "
            text run at (356,0) width 385: "REGRESSION (r12073): Text wraps in the middle of a word"
            text run at (0,20) width 308: "instead of wrapping at the space before the word"
        LayoutText {#text} at (307,20) size 5x19
          text run at (307,20) width 5: "."
      LayoutBlockFlow {P} at (0,56) size 784x20
        LayoutText {#text} at (0,0) size 382x19
          text run at (0,0) width 382: "\x{201C}onelongwrodwithnobreaks\x{201D} should not break in the middle."
      LayoutBlockFlow {DIV} at (0,92) size 200x28 [bgcolor=#FFFF00]
        LayoutText {#text} at (0,0) size 165x28
          text run at (0,0) width 165: "lllllllllllllllllllllllllllllllllllllllllllllllllllllll"
          text run at (0,14) width 124: "onelongwrodwithnobreaks"
