layer at (0,0) size 800x600
  LayoutView at (0,0) size 800x600
layer at (0,0) size 800x600
  LayoutBlockFlow {HTML} at (0,0) size 800x600
    LayoutBlockFlow {BODY} at (8,8) size 784x576
      LayoutBlockFlow {P} at (0,0) size 784x40
        LayoutText {#text} at (0,0) size 172x19
          text run at (0,0) width 172: "This is a regression test for "
        LayoutInline {I} at (0,0) size 769x39
          LayoutInline {A} at (0,0) size 348x19 [color=#0000EE]
            LayoutText {#text} at (172,0) size 348x19
              text run at (172,0) width 348: "http://bugzilla.opendarwin.org/show_bug.cgi?id=9432"
          LayoutText {#text} at (519,0) size 769x39
            text run at (519,0) width 5: " "
            text run at (523,0) width 246: "REGRESSION: crash in capitalization"
            text run at (0,20) width 273: "code due to empty-string generated content"
        LayoutText {#text} at (273,20) size 4x19
          text run at (273,20) width 4: "."
      LayoutBlockFlow {HR} at (0,56) size 784x2 [border: (1px inset #EEEEEE)]
      LayoutBlockFlow {P} at (0,74) size 784x20
        LayoutInline {SPAN} at (0,0) size 85x19
          LayoutText {#text} at (0,0) size 46x19
            text run at (0,0) width 46: "Lorem "
          LayoutInline {SPAN} at (0,0) size 39x19
            LayoutInline {<pseudo:before>} at (0,0) size 0x19
              LayoutTextFragment (anonymous) at (0,0) size 0x0
            LayoutText {#text} at (46,0) size 39x19
              text run at (46,0) width 39: "Ipsum"
        LayoutText {#text} at (85,0) size 4x19
          text run at (85,0) width 4: " "
        LayoutInline {I} at (0,0) size 61x19
          LayoutText {#text} at (89,0) size 61x19
            text run at (89,0) width 61: "should be"
        LayoutText {#text} at (150,0) size 89x19
          text run at (150,0) width 89: " Lorem Ipsum"
      LayoutBlockFlow {P} at (0,110) size 784x20
        LayoutInline {SPAN} at (0,0) size 85x19
          LayoutText {#text} at (0,0) size 23x19
            text run at (0,0) width 23: "Lor"
          LayoutInline {SPAN} at (0,0) size 62x19
            LayoutInline {<pseudo:before>} at (0,0) size 0x19
              LayoutTextFragment (anonymous) at (0,0) size 0x0
            LayoutText {#text} at (23,0) size 62x19
              text run at (23,0) width 62: "em Ipsum"
        LayoutText {#text} at (85,0) size 4x19
          text run at (85,0) width 4: " "
        LayoutInline {I} at (0,0) size 61x19
          LayoutText {#text} at (89,0) size 61x19
            text run at (89,0) width 61: "should be"
        LayoutText {#text} at (150,0) size 89x19
          text run at (150,0) width 89: " Lorem Ipsum"
