layer at (0,0) size 800x600
  LayoutView at (0,0) size 800x600
layer at (0,0) size 800x600
  LayoutBlockFlow {HTML} at (0,0) size 800x600
    LayoutBlockFlow {BODY} at (8,8) size 784x576
      LayoutBlockFlow {P} at (0,0) size 784x40
        LayoutText {#text} at (0,0) size 52x19
          text run at (0,0) width 52: "Test for "
        LayoutInline {I} at (0,0) size 768x39
          LayoutInline {A} at (0,0) size 301x19 [color=#0000EE]
            LayoutText {#text} at (51,0) size 301x19
              text run at (51,0) width 301: "http://bugs.webkit.org/show_bug.cgi?id=11671"
          LayoutText {#text} at (351,0) size 768x39
            text run at (351,0) width 5: " "
            text run at (355,0) width 413: "REGRESSION (r13702): text-transform: capitalize changes non-"
            text run at (0,20) width 164: "breaking spaces to spaces"
        LayoutText {#text} at (163,20) size 5x19
          text run at (163,20) width 5: "."
      LayoutBlockFlow {P} at (0,56) size 784x20
        LayoutText {#text} at (0,0) size 284x19
          text run at (0,0) width 284: "The next three lines should all look the same."
      LayoutBlockFlow {P} at (0,92) size 784x20
        LayoutText {#text} at (0,0) size 101x19
          text run at (0,0) width 101: "Lorem     Ipsum"
      LayoutBlockFlow {P} at (0,128) size 784x20
        LayoutText {#text} at (0,0) size 62x19
          text run at (0,0) width 62: "Lorem     "
        LayoutInline {SPAN} at (0,0) size 39x19
          LayoutText {#text} at (62,0) size 39x19
            text run at (62,0) width 39: "Ipsum"
      LayoutBlockFlow {P} at (0,164) size 784x20
        LayoutText {#text} at (0,0) size 101x19
          text run at (0,0) width 101: "Lorem     Ipsum"
