layer at (0,0) size 800x600
  LayoutView at (0,0) size 800x600
layer at (0,0) size 800x600
  LayoutBlockFlow {HTML} at (0,0) size 800x600
    LayoutBlockFlow {BODY} at (8,8) size 784x464
      LayoutBlockFlow {P} at (0,0) size 784x80
        LayoutText {#text} at (0,0) size 783x79
          text run at (0,0) width 444: "The single Hebrew glyph below should be in the Lucida Grande font. "
          text run at (444,0) width 339: "It should not be a synthetic bold, because the first font"
          text run at (0,20) width 272: "in the list (Ahem) does not have the glyph. "
          text run at (272,20) width 509: "Therefore we fall back to the second font in the list (Lucida Grande), which does"
          text run at (0,40) width 87: "support bold. "
          text run at (87,40) width 640: "This test is making sure we don't make incorrect assumptions based off the fact that we would have to"
          text run at (0,60) width 264: "synthesize bold for the first font in the list."
      LayoutBlockFlow {P} at (0,208) size 784x150
        LayoutText {#text} at (0,17) size 67x128
          text run at (0,17) width 67 RTL: "\x{5D0}"
