layer at (0,0) size 800x600
  LayoutView at (0,0) size 800x600
layer at (0,0) size 800x600
  LayoutBlockFlow {HTML} at (0,0) size 800x600
    LayoutBlockFlow {BODY} at (8,8) size 784x576
      LayoutBlockFlow {P} at (0,0) size 784x40
        LayoutText {#text} at (0,0) size 225x19
          text run at (0,0) width 225: "This test requires Chromium Linux "
        LayoutInline {TT} at (0,0) size 80x16
          LayoutText {#text} at (225,3) size 80x16
            text run at (225,3) width 80: "test_shell"
        LayoutText {#text} at (305,0) size 20x19
          text run at (305,0) width 20: " in "
        LayoutInline {TT} at (0,0) size 104x16
          LayoutText {#text} at (325,3) size 104x16
            text run at (325,3) width 104: "--layout-test"
        LayoutText {#text} at (429,0) size 782x39
          text run at (429,0) width 318: " mode, as that forces some rendering settings used "
          text run at (747,0) width 35: "in the"
          text run at (0,20) width 96: "following tests."
      LayoutBlockFlow {OL} at (0,56) size 784x473
        LayoutListItem {LI} at (40,0) size 744x55
          LayoutBlockFlow {P} at (0,0) size 744x20
            LayoutListMarker (anonymous) at (-16,0) size 16x19: "1"
            LayoutText {#text} at (0,0) size 343x19
              text run at (0,0) width 343: "The following text should render without anti-aliasing:"
          LayoutBlockFlow {P} at (0,36) size 744x19
            LayoutText {#text} at (0,0) size 159x18
              text run at (0,0) width 159: "Non anti-aliased sans."
        LayoutListItem {LI} at (40,71) size 744x75
          LayoutBlockFlow {P} at (0,0) size 744x40
            LayoutListMarker (anonymous) at (-16,0) size 16x19: "2"
            LayoutText {#text} at (0,0) size 704x39
              text run at (0,0) width 339: "The following text should be slightly-hinted Georgia. "
              text run at (338,0) width 60: "The dots "
              text run at (397,0) width 307: "should be equally spaced, and letters in the word"
              text run at (0,20) width 93: "\"government\" "
              text run at (93,20) width 415: "should be naturally spaced (without an ugly space before the \"e\")."
          LayoutBlockFlow {P} at (0,56) size 744x19
            LayoutText {#text} at (0,0) size 218x19
              text run at (0,0) width 218: "government ................................"
        LayoutListItem {LI} at (40,162) size 744x75
          LayoutBlockFlow {P} at (0,0) size 744x40
            LayoutListMarker (anonymous) at (-16,0) size 16x19: "3"
            LayoutText {#text} at (0,0) size 717x39
              text run at (0,0) width 404: "The following text should be unhinted Verdana. The fontconfig "
              text run at (403,0) width 314: "configuration for this is contradictory, setting both"
              text run at (0,20) width 74: "full-hinting "
              text run at (74,20) width 262: "and no-hinting. The latter should win out."
          LayoutBlockFlow {P} at (0,56) size 744x19
            LayoutText {#text} at (0,0) size 631x19
              text run at (0,0) width 444: "Here is Tigger doing what tiggers do best \x{2026} operating "
              text run at (443,0) width 188: "hydraulic exoskeletons."
        LayoutListItem {LI} at (40,253) size 744x56
          LayoutBlockFlow {P} at (0,0) size 744x20
            LayoutListMarker (anonymous) at (-16,0) size 16x19: "4"
            LayoutText {#text} at (0,0) size 634x19
              text run at (0,0) width 399: "The following text should show a difference caused by forcing "
              text run at (398,0) width 236: "autohinting. Note: the effect is subtle."
          LayoutBlockFlow {P} at (0,36) size 744x20
            LayoutInline {SPAN} at (0,0) size 50x11
              LayoutText {#text} at (0,6) size 50x11
                text run at (0,6) width 50: "autohinted"
            LayoutText {#text} at (50,0) size 4x19
              text run at (50,0) width 4: " "
            LayoutInline {I} at (0,0) size 13x19
              LayoutText {#text} at (54,0) size 13x19
                text run at (54,0) width 13: "vs"
            LayoutText {#text} at (67,0) size 4x19
              text run at (67,0) width 4: " "
            LayoutInline {SPAN} at (0,0) size 68x13
              LayoutText {#text} at (71,5) size 68x13
                text run at (71,5) width 68: "not-autohinted"
        LayoutListItem {LI} at (40,325) size 744x76
          LayoutBlockFlow {P} at (0,0) size 744x40
            LayoutListMarker (anonymous) at (-16,0) size 16x19: "5"
            LayoutText {#text} at (0,0) size 543x19
              text run at (0,0) width 543: "The following text should be the same. It verifies that, given the contradictory settings "
            LayoutInline {TT} at (0,0) size 64x16
              LayoutText {#text} at (543,3) size 64x16
                text run at (543,3) width 64: "hintfull"
            LayoutText {#text} at (607,0) size 31x19
              text run at (607,0) width 31: " and "
            LayoutInline {TT} at (0,0) size 64x16
              LayoutText {#text} at (638,3) size 64x16
                text run at (638,3) width 64: "autohint"
            LayoutText {#text} at (702,0) size 729x39
              text run at (702,0) width 27: ", the"
              text run at (0,20) width 93: "latter wins out:"
          LayoutBlockFlow {P} at (0,56) size 744x20
            LayoutInline {SPAN} at (0,0) size 50x11
              LayoutText {#text} at (0,6) size 50x11
                text run at (0,6) width 50: "autohinted"
            LayoutText {#text} at (50,0) size 4x19
              text run at (50,0) width 4: " "
            LayoutInline {I} at (0,0) size 13x19
              LayoutText {#text} at (54,0) size 13x19
                text run at (54,0) width 13: "vs"
            LayoutText {#text} at (67,0) size 4x19
              text run at (67,0) width 4: " "
            LayoutInline {SPAN} at (0,0) size 96x11
              LayoutText {#text} at (71,6) size 96x11
                text run at (71,6) width 96: "hopefully autohinted"
        LayoutListItem {LI} at (40,417) size 744x56
          LayoutBlockFlow {P} at (0,0) size 744x20
            LayoutListMarker (anonymous) at (-16,0) size 16x19: "6"
            LayoutText {#text} at (0,0) size 626x19
              text run at (0,0) width 440: "The following text should show that fontconfig can be used to enable "
              text run at (440,0) width 186: "or disable subpixel rendering."
          LayoutBlockFlow {P} at (0,36) size 744x20
            LayoutInline {SPAN} at (0,0) size 60x18
              LayoutText {#text} at (0,0) size 60x18
                text run at (0,0) width 60: "subpixel"
            LayoutText {#text} at (60,0) size 4x19
              text run at (60,0) width 4: " "
            LayoutInline {I} at (0,0) size 13x19
              LayoutText {#text} at (64,0) size 13x19
                text run at (64,0) width 13: "vs"
            LayoutText {#text} at (77,0) size 4x19
              text run at (77,0) width 4: " "
            LayoutInline {SPAN} at (0,0) size 82x18
              LayoutText {#text} at (81,0) size 82x18
                text run at (81,0) width 82: "no subpixel"
