layer at (0,0) size 800x600
  LayoutView at (0,0) size 800x600
layer at (0,0) size 800x600
  LayoutBlockFlow {HTML} at (0,0) size 800x600
    LayoutBlockFlow {BODY} at (8,8) size 784x584
      LayoutBlockFlow (anonymous) at (0,0) size 784x20
        LayoutText {#text} at (0,0) size 254x19
          text run at (0,0) width 254: "These lines should have the same width:"
      LayoutBlockFlow {DIV} at (0,20) size 784x40
        LayoutText {#text} at (0,0) size 72x19
          text run at (0,0) width 72: ". . . . . . . . a"
        LayoutBR {BR} at (72,15) size 0x0
        LayoutText {#text} at (0,20) size 72x19
          text run at (0,20) width 72: ". . . . . . . . a\x{300}"
