layer at (0,0) size 800x600
  LayoutView at (0,0) size 800x600
layer at (0,0) size 800x600
  LayoutBlockFlow {HTML} at (0,0) size 800x600
    LayoutBlockFlow {BODY} at (8,8) size 782x584
      LayoutBlockFlow {DIV} at (0,0) size 66x584
        LayoutBlockFlow {DIV} at (0,0) size 28x584
          LayoutText {#text} at (0,0) size 27x72
            text run at (0,0) width 72: "\x{305D}\x{306E}\x{5973}"
          LayoutInline {SPAN} at (0,0) size 27x24 [color=#0000FF]
            LayoutTextCombine {#text} at (0,72) size 27x24
              text run at (0,72) width 24: "1"
          LayoutText {#text} at (0,96) size 27x48
            text run at (0,96) width 48: "\x{304C}\x{306D}"
          LayoutInline {SPAN} at (0,0) size 27x24 [color=#0000FF]
            LayoutTextCombine {#text} at (0,144) size 27x24
              text run at (0,144) width 24: "123"
          LayoutText {#text} at (0,168) size 27x120
            text run at (0,168) width 120: "\x{304B}\x{3057}\x{3064}\x{3051}\x{306B}"
          LayoutInline {SPAN} at (0,0) size 27x24 [color=#0000FF]
            LayoutTextCombine {#text} at (0,288) size 27x24
              text run at (0,288) width 24: "12345"
          LayoutText {#text} at (0,312) size 27x168
            text run at (0,312) width 168: "\x{6765}\x{3066}\x{304F}\x{308C}\x{308B}\x{307E}\x{3067}"
        LayoutBlockFlow {DIV} at (38,0) size 28x584
          LayoutText {#text} at (0,0) size 27x72
            text run at (0,0) width 72: "\x{305D}\x{306E}\x{5973}"
          LayoutInline {SPAN} at (0,0) size 27x24 [color=#0000FF]
            LayoutTextCombine {#text} at (0,72) size 27x24
              text run at (0,72) width 24: "1"
          LayoutText {#text} at (0,96) size 27x48
            text run at (0,96) width 48: "\x{304C}\x{306D}"
          LayoutInline {SPAN} at (0,0) size 27x24 [color=#0000FF]
            LayoutTextCombine {#text} at (0,144) size 27x24
              text run at (0,144) width 24: "123"
          LayoutText {#text} at (0,168) size 27x120
            text run at (0,168) width 120: "\x{304B}\x{3057}\x{3064}\x{3051}\x{306B}"
          LayoutInline {SPAN} at (0,0) size 27x24 [color=#0000FF]
            LayoutTextCombine {#text} at (0,288) size 27x24
              text run at (0,288) width 24: "12345"
          LayoutText {#text} at (0,312) size 27x168
            text run at (0,312) width 168: "\x{6765}\x{3066}\x{304F}\x{308C}\x{308B}\x{307E}\x{3067}"
      LayoutBlockFlow {DIV} at (76,0) size 66x584
        LayoutBlockFlow {DIV} at (0,0) size 28x584
          LayoutText {#text} at (0,0) size 27x72
            text run at (0,0) width 72: "\x{305D}\x{306E}\x{5973}"
          LayoutInline {SPAN} at (0,0) size 27x24 [color=#0000FF]
            LayoutTextCombine {#text} at (0,72) size 27x24
              text run at (0,72) width 24: "1"
          LayoutText {#text} at (0,96) size 27x48
            text run at (0,96) width 48: "\x{304C}\x{306D}"
          LayoutInline {SPAN} at (0,0) size 27x24 [color=#0000FF]
            LayoutTextCombine {#text} at (0,144) size 27x24
              text run at (0,144) width 24: "123"
          LayoutText {#text} at (0,168) size 27x120
            text run at (0,168) width 120: "\x{304B}\x{3057}\x{3064}\x{3051}\x{306B}"
          LayoutInline {SPAN} at (0,0) size 27x24 [color=#0000FF]
            LayoutTextCombine {#text} at (0,288) size 27x24
              text run at (0,288) width 24: "12345"
          LayoutText {#text} at (0,312) size 27x168
            text run at (0,312) width 168: "\x{6765}\x{3066}\x{304F}\x{308C}\x{308B}\x{307E}\x{3067}"
        LayoutBlockFlow {DIV} at (38,0) size 28x584
          LayoutText {#text} at (0,0) size 27x72
            text run at (0,0) width 72: "\x{305D}\x{306E}\x{5973}"
          LayoutInline {SPAN} at (0,0) size 27x24 [color=#0000FF]
            LayoutTextCombine {#text} at (0,72) size 27x24
              text run at (0,72) width 24: "1"
          LayoutText {#text} at (0,96) size 27x48
            text run at (0,96) width 48: "\x{304C}\x{306D}"
          LayoutInline {SPAN} at (0,0) size 27x24 [color=#0000FF]
            LayoutTextCombine {#text} at (0,144) size 27x24
              text run at (0,144) width 24: "123"
          LayoutText {#text} at (0,168) size 27x120
            text run at (0,168) width 120: "\x{304B}\x{3057}\x{3064}\x{3051}\x{306B}"
          LayoutInline {SPAN} at (0,0) size 27x24 [color=#0000FF]
            LayoutTextCombine {#text} at (0,288) size 27x24
              text run at (0,288) width 24: "12345"
          LayoutText {#text} at (0,312) size 27x168
            text run at (0,312) width 168: "\x{6765}\x{3066}\x{304F}\x{308C}\x{308B}\x{307E}\x{3067}"
      LayoutBlockFlow {DIV} at (152,0) size 66x584
        LayoutBlockFlow {DIV} at (0,0) size 28x584
          LayoutText {#text} at (0,0) size 27x72
            text run at (0,0) width 72: "\x{305D}\x{306E}\x{5973}"
          LayoutInline {SPAN} at (0,0) size 27x24 [color=#0000FF]
            LayoutTextCombine {#text} at (0,72) size 27x24
              text run at (0,72) width 24: "1"
          LayoutText {#text} at (0,96) size 27x48
            text run at (0,96) width 48: "\x{304C}\x{306D}"
          LayoutInline {SPAN} at (0,0) size 27x24 [color=#0000FF]
            LayoutTextCombine {#text} at (0,144) size 27x24
              text run at (0,144) width 24: "123"
          LayoutText {#text} at (0,168) size 27x120
            text run at (0,168) width 120: "\x{304B}\x{3057}\x{3064}\x{3051}\x{306B}"
          LayoutInline {SPAN} at (0,0) size 27x24 [color=#0000FF]
            LayoutTextCombine {#text} at (0,288) size 27x24
              text run at (0,288) width 24: "12345"
          LayoutText {#text} at (0,312) size 27x168
            text run at (0,312) width 168: "\x{6765}\x{3066}\x{304F}\x{308C}\x{308B}\x{307E}\x{3067}"
        LayoutBlockFlow {DIV} at (38,0) size 28x584
          LayoutText {#text} at (0,0) size 27x72
            text run at (0,0) width 72: "\x{305D}\x{306E}\x{5973}"
          LayoutInline {SPAN} at (0,0) size 27x24 [color=#0000FF]
            LayoutTextCombine {#text} at (0,72) size 27x24
              text run at (0,72) width 24: "1"
          LayoutText {#text} at (0,96) size 27x48
            text run at (0,96) width 48: "\x{304C}\x{306D}"
          LayoutInline {SPAN} at (0,0) size 27x24 [color=#0000FF]
            LayoutTextCombine {#text} at (0,144) size 27x24
              text run at (0,144) width 24: "123"
          LayoutText {#text} at (0,168) size 27x120
            text run at (0,168) width 120: "\x{304B}\x{3057}\x{3064}\x{3051}\x{306B}"
          LayoutInline {SPAN} at (0,0) size 27x24 [color=#0000FF]
            LayoutTextCombine {#text} at (0,288) size 27x24
              text run at (0,288) width 24: "12345"
          LayoutText {#text} at (0,312) size 27x168
            text run at (0,312) width 168: "\x{6765}\x{3066}\x{304F}\x{308C}\x{308B}\x{307E}\x{3067}"
      LayoutBlockFlow {DIV} at (228,0) size 96x584
        LayoutBlockFlow {DIV} at (0,0) size 43x584
          LayoutText {#text} at (15,0) size 27x72
            text run at (15,0) width 72: "\x{305D}\x{306E}\x{5973}"
          LayoutInline {SPAN} at (0,0) size 27x24 [color=#0000FF]
            LayoutTextCombine {#text} at (15,72) size 27x24
              text run at (15,72) width 24: "1"
          LayoutText {#text} at (15,96) size 27x48
            text run at (15,96) width 48: "\x{304C}\x{306D}"
          LayoutInline {SPAN} at (0,0) size 27x24 [color=#0000FF]
            LayoutTextCombine {#text} at (15,144) size 27x24
              text run at (15,144) width 24: "123"
          LayoutText {#text} at (15,168) size 27x120
            text run at (15,168) width 120: "\x{304B}\x{3057}\x{3064}\x{3051}\x{306B}"
          LayoutInline {SPAN} at (0,0) size 27x24 [color=#0000FF]
            LayoutTextCombine {#text} at (15,288) size 27x24
              text run at (15,288) width 24: "12345"
          LayoutText {#text} at (15,312) size 27x168
            text run at (15,312) width 168: "\x{6765}\x{3066}\x{304F}\x{308C}\x{308B}\x{307E}\x{3067}"
        LayoutBlockFlow {DIV} at (53,0) size 43x584
          LayoutText {#text} at (15,0) size 27x72
            text run at (15,0) width 72: "\x{305D}\x{306E}\x{5973}"
          LayoutInline {SPAN} at (0,0) size 27x24 [color=#0000FF]
            LayoutTextCombine {#text} at (15,72) size 27x24
              text run at (15,72) width 24: "1"
          LayoutText {#text} at (15,96) size 27x48
            text run at (15,96) width 48: "\x{304C}\x{306D}"
          LayoutInline {SPAN} at (0,0) size 27x24 [color=#0000FF]
            LayoutTextCombine {#text} at (15,144) size 27x24
              text run at (15,144) width 24: "123"
          LayoutText {#text} at (15,168) size 27x120
            text run at (15,168) width 120: "\x{304B}\x{3057}\x{3064}\x{3051}\x{306B}"
          LayoutInline {SPAN} at (0,0) size 27x24 [color=#0000FF]
            LayoutTextCombine {#text} at (15,288) size 27x24
              text run at (15,288) width 24: "12345"
          LayoutText {#text} at (15,312) size 27x168
            text run at (15,312) width 168: "\x{6765}\x{3066}\x{304F}\x{308C}\x{308B}\x{307E}\x{3067}"
