layer at (0,0) size 800x600
  LayoutView at (0,0) size 800x600
layer at (0,0) size 800x600
  LayoutBlockFlow {HTML} at (0,0) size 800x600
    LayoutBlockFlow {BODY} at (8,8) size 784x584
      LayoutBlockFlow {P} at (0,0) size 784x20
        LayoutText {#text} at (0,0) size 279x19
          text run at (0,0) width 279: "This tests GraphicsContext::drawBidiText()."
layer at (8,44) size 322x209 clip at (9,45) size 305x207
  LayoutListBox {SELECT} at (0,36) size 321.69x209 [bgcolor=#FFFFFF] [border: (1px solid #A9A9A9)]
    LayoutBlockFlow {OPTION} at (1,1) size 304.69x23
      LayoutText {#text} at (2,0) size 199x21
        text run at (2,0) width 40: "First "
        text run at (42,0) width 60 RTL: ") \x{5E8}\x{5D1}\x{5D9}\x{5E2}\x{5D9}\x{5EA}"
        text run at (102,0) width 20: "03"
        text run at (122,0) width 45 RTL: "\x{5E9}\x{5E0}\x{5D9}\x{5D4} ("
        text run at (167,0) width 34: " fifth"
    LayoutBlockFlow {OPTION} at (1,24) size 304.69x23
      LayoutText {#text} at (103,0) size 200x21
        text run at (103,0) width 30: "fifth"
        text run at (132,0) width 66 RTL: ") \x{5E8}\x{5D1}\x{5D9}\x{5E2}\x{5D9}\x{5EA} "
        text run at (197,0) width 21: "03"
        text run at (217,0) width 51 RTL: " \x{5E9}\x{5E0}\x{5D9}\x{5D4} ("
        text run at (267,0) width 36: "First"
    LayoutBlockFlow {OPTION} at (1,47) size 304.69x23
      LayoutText {#text} at (2,0) size 199x21
        text run at (2,0) width 199 LTR override: "First \x{5E9}\x{5E0}\x{5D9}\x{5D4} (03) \x{5E8}\x{5D1}\x{5D9}\x{5E2}\x{5D9}\x{5EA} fifth"
    LayoutBlockFlow {OPTION} at (1,70) size 304.69x23
      LayoutText {#text} at (103,0) size 200x21
        text run at (103,0) width 200 RTL override: "First \x{5E9}\x{5E0}\x{5D9}\x{5D4} (03) \x{5E8}\x{5D1}\x{5D9}\x{5E2}\x{5D9}\x{5EA} fifth"
    LayoutBlockFlow {OPTION} at (1,93) size 304.69x23
      LayoutText {#text} at (2,0) size 100x21
        text run at (2,0) width 100 RTL: "\x{5DE}\x{5E9}\x{5D4}\x{5D5} \x{5E2}\x{5DD} \x{5E0}\x{5B4}\x{5E7}\x{5BC}\x{5D5}\x{5BC}\x{5D3}"
    LayoutBlockFlow {OPTION} at (1,116) size 304.69x23
      LayoutText {#text} at (2,0) size 70x21
        text run at (2,0) width 70 RTL: "\x{627}\x{644}\x{644}\x{63A}\x{629} \x{627}\x{644}\x{639}\x{631}\x{628}\x{64A}\x{629}"
    LayoutBlockFlow {OPTION} at (1,139) size 304.69x23
      LayoutText {#text} at (2,0) size 126x21
        text run at (2,0) width 126: "Et volia\x{300}: ATSUI!"
    LayoutBlockFlow {OPTION} at (1,162) size 304.69x23
      LayoutText {#text} at (2,0) size 282x21
        text run at (2,0) width 90: "Directional "
        text run at (92,0) width 74 RTL override: "\x{202E}overrides"
        text run at (166,0) width 118: "\x{202C} are confusing."
    LayoutBlockFlow {OPTION} at (1,185) size 304.69x23
      LayoutText {#text} at (2,0) size 301x21
        text run at (2,0) width 81: "She said \x{201C}"
        text run at (83,0) width 66 RTL: " \x{5D1}\x{5DE}\x{5D6}\x{5D5}\x{5D5}\x{5D3}\x{5D4}!"
        text run at (149,0) width 35: "TNT"
        text run at (184,0) width 22 RTL: "\x{202B}\x{5D9}\x{5E9} "
        text run at (206,0) width 97: "\x{202C}\x{201D} and ran off"
layer at (8,253) size 366x18 clip at (9,254) size 349x16
  LayoutListBox {SELECT} at (0,245) size 366x18 [bgcolor=#FFFFFF] [border: (1px solid #A9A9A9)]
    LayoutBlockFlow {OPTION} at (1,1) size 349x16
      LayoutText {#text} at (2,0) size 345x15
        text run at (2,0) width 345: "There are two ways to measure text: my way and the wrong way"
