layer at (0,0) size 800x600
  LayoutView at (0,0) size 800x600
layer at (0,0) size 800x116
  LayoutBlockFlow {HTML} at (0,0) size 800x116
    LayoutBlockFlow {BODY} at (8,16) size 784x92
      LayoutBlockFlow {P} at (0,0) size 784x20
        LayoutText {#text} at (0,0) size 554x19
          text run at (0,0) width 554: "crbug.com/667128: Ignore leading space when handling ellipsis on ltr text in an rtl flow."
      LayoutBlockFlow {P} at (0,36) size 784x20
        LayoutText {#text} at (0,0) size 247x19
          text run at (0,0) width 247: "The ellipsis should not overlap the text."
      LayoutBlockFlow {DIV} at (0,72) size 96x20
layer at (8,88) size 96x20 scrollX 300.00 scrollWidth 397
  LayoutBlockFlow {DIV} at (0,0) size 96x20
    LayoutText {#text} at (-300,0) size 397x19
      text run at (-300,0) width 396: "ButtonWithAReallyLongNameButtonWithAReallyLongName"
