layer at (0,0) size 800x600
  LayoutView at (0,0) size 800x600
layer at (0,0) size 800x196
  LayoutBlockFlow {HTML} at (0,0) size 800x196
    LayoutBlockFlow {BODY} at (8,16) size 784x164
      LayoutBlockFlow {P} at (0,0) size 784x20
        LayoutText {#text} at (0,0) size 513x19
          text run at (0,0) width 513: "crbug.com/645938: Text in an ltr flow with a list marker should truncate properly."
      LayoutBlockFlow {P} at (0,36) size 784x20
        LayoutText {#text} at (0,0) size 344x19
          text run at (0,0) width 101: "You should see "
          text run at (100,0) width 186 RTL: "\x{5D0}\x{5D5} \x{5D2}'\x{5D9}\x{5D1}\x{5E8}\x{5D9}\x{5E9} \x{5E2}\x{5D3} \x{5E9}\x{5D9}\x{5D4}\x{5D9}\x{5D4} \x{5D8}\x{5E7}\x{5E1}\x{5D8} \x{5D0}\x{5DE}\x{5D9}\x{5EA}\x{5D9}"
          text run at (285,0) width 59: "... below."
      LayoutBlockFlow {OL} at (0,72) size 784x20
      LayoutBlockFlow {P} at (0,108) size 784x20
        LayoutText {#text} at (0,0) size 337x19
          text run at (0,0) width 337: "You should see dsajkl dsjakld sajkld asjkld s... below."
      LayoutBlockFlow {OL} at (0,144) size 784x20
layer at (48,88) size 200x20 scrollWidth 347
  LayoutListItem {LI} at (40,0) size 200x20
    LayoutListMarker (anonymous) at (-16,0) size 16x19: "1"
    LayoutText {#text} at (0,0) size 347x19
      text run at (0,0) width 124 RTL: "\x{5E2}\x{5D3} \x{5E9}\x{5D9}\x{5D4}\x{5D9}\x{5D4} \x{5D8}\x{5E7}\x{5E1}\x{5D8} \x{5D0}\x{5DE}\x{5D9}\x{5EA}\x{5D9}"
      text run at (124,0) width 223 RTL: "\x{5D4}\x{5E0}\x{5E7}\x{5E8}\x{5D0} \x{5DC}\x{5E4}\x{5E2}\x{5DE}\x{5D9}\x{5DD} \x{5D2}\x{5DD} \x{5D3}\x{5DE}\x{5D9} \x{5D8}\x{5E7}\x{5E1}\x{5D8} \x{5D0}\x{5D5} \x{5D2}'\x{5D9}\x{5D1}\x{5E8}\x{5D9}\x{5E9} "
layer at (48,160) size 200x20 scrollWidth 397
  LayoutListItem {LI} at (40,0) size 200x20
    LayoutListMarker (anonymous) at (-16,0) size 16x19: "1"
    LayoutText {#text} at (0,0) size 397x19
      text run at (0,0) width 397: "dsajkl dsjakld sajkld asjkld sajklds ajdklasd jsakldsja dsjjkl dsjk"
