layer at (0,0) size 800x600
  LayoutView at (0,0) size 800x600
layer at (0,0) size 800x90
  LayoutBlockFlow {HTML} at (0,0) size 800x90
    LayoutBlockFlow {BODY} at (8,8) size 784x74
      LayoutBlockFlow (anonymous) at (0,31) size 784x20
        LayoutBR {BR} at (0,0) size 0x19
layer at (8,8) size 50x31 clip at (9,9) size 48x29 scrollWidth 62
  LayoutBlockFlow {DIV} at (0,0) size 50x31 [border: (1px solid #000000)]
    LayoutText {#text} at (1,1) size 62x29
      text run at (1,1) width 62: "ABAB"
layer at (8,59) size 242x23 clip at (9,60) size 240x21 scrollWidth 2736
  LayoutBlockFlow {DIV} at (0,51) size 242x23 [border: (1px solid #000000)]
    LayoutText {#text} at (1,1) size 2736x20
      text run at (1,1) width 2736: "ABABABABABABABABABABAB ABABABABABABAB ABABABABABABABABABAB ABABABABABABABABABABABABABABABAB ABABABABAB ABABABABABABABABAB ABABABABABABABABAB ABABABABABABABABAB ABABABABABABABAB ABABABABABABABABAB ABABABABABABABABAB ABABABABABABABABABABAB ABABABABABABABABABABABABABABAB"
