layer at (0,0) size 800x600
  LayoutView at (0,0) size 800x600
layer at (0,0) size 800x116
  LayoutBlockFlow {HTML} at (0,0) size 800x116
    LayoutBlockFlow {BODY} at (8,16) size 784x92
      LayoutBlockFlow {P} at (0,0) size 784x20
        LayoutText {#text} at (0,0) size 479x19
          text run at (0,0) width 479: "crbug.com/155836: Ltr text in a rtl flow should truncate the text right-to-left."
      LayoutBlockFlow {P} at (0,36) size 784x20
        LayoutText {#text} at (0,0) size 271x19
          text run at (0,0) width 271: "You should see ...32109876543210 below."
layer at (8,88) size 125x20 scrollX 6.00 scrollWidth 131
  LayoutBlockFlow {DIV} at (0,72) size 125x20
    LayoutText {#text} at (-6,0) size 131x19
      text run at (-6,0) width 19 RTL: "\x{5DB}\x{5DE}\x{5D5}"
      text run at (13,0) width 112: "32109876543210"
