layer at (0,0) size 800x600
  LayoutView at (0,0) size 800x600
layer at (0,0) size 800x116
  LayoutBlockFlow {HTML} at (0,0) size 800x116
    LayoutBlockFlow {BODY} at (8,16) size 784x92
      LayoutBlockFlow {P} at (0,0) size 784x20
        LayoutText {#text} at (0,0) size 764x19
          text run at (0,0) width 764: "crbug.com/636060: Ltr text in a ltr flow should truncate the text left-to-right and underline correctly in composition mode."
      LayoutBlockFlow {P} at (0,36) size 784x20
        LayoutText {#text} at (0,0) size 286x19
          text run at (0,0) width 286: "You should see an underline beneath the text."
layer at (8,88) size 125x20 scrollX 28.00 scrollWidth 154
  LayoutBlockFlow {DIV} at (0,72) size 125x20
    LayoutText {#text} at (0,0) size 153x19
      text run at (0,0) width 153: "abcdefghijklmnopqrstuv"
caret: position 22 of child 0 {#text} of child 4 {DIV} of body
