layer at (0,0) size 800x600
  LayoutView at (0,0) size 800x600
layer at (0,0) size 800x116
  LayoutBlockFlow {HTML} at (0,0) size 800x116
    LayoutBlockFlow {BODY} at (8,16) size 784x92
      LayoutBlockFlow {P} at (0,0) size 784x20
        LayoutText {#text} at (0,0) size 479x19
          text run at (0,0) width 479: "crbug.com/155836: Ltr text in a ltr flow should truncate the text left-to-right."
      LayoutBlockFlow {P} at (0,36) size 784x20
        LayoutText {#text} at (0,0) size 271x19
          text run at (0,0) width 271: "You should see 01234567890123... below."
layer at (8,88) size 125x20 scrollWidth 240
  LayoutBlockFlow {DIV} at (0,72) size 125x20
    LayoutText {#text} at (0,0) size 240x19
      text run at (0,0) width 240: "012345678901234567890123456789"
