layer at (0,0) size 800x600
  LayoutView at (0,0) size 800x600
layer at (0,0) size 800x116
  LayoutBlockFlow {HTML} at (0,0) size 800x116
    LayoutBlockFlow {BODY} at (8,16) size 784x92
      LayoutBlockFlow {P} at (0,0) size 784x20
        LayoutText {#text} at (0,0) size 479x19
          text run at (0,0) width 479: "crbug.com/634445: Rtl text in a ltr flow should truncate the text left-to-right."
      LayoutBlockFlow {P} at (0,36) size 784x20
        LayoutText {#text} at (0,0) size 404x19
          text run at (0,0) width 404: "You should see an underline beneath the text but not the ellipsis."
layer at (8,88) size 125x20 scrollWidth 221
  LayoutBlockFlow {DIV} at (0,72) size 125x20
    LayoutText {#text} at (0,0) size 221x19
      text run at (0,0) width 42: "Lorem"
      text run at (42,0) width 179 RTL: "\x{5D0}\x{5D1}\x{5D2}\x{5D3}\x{5D4}\x{5D5}\x{5D6}\x{5D7}\x{5D8}\x{5D9}\x{5DB}\x{5DA}\x{5DC}\x{5DE}\x{5DD}\x{5E1}\x{5E2}\x{5E4}\x{5E3}\x{5E6}\x{5E5}\x{5E7}\x{5E8}\x{5E9}\x{5EA}"
