layer at (0,0) size 800x600
  LayoutView at (0,0) size 800x600
layer at (0,0) size 800x600
  LayoutBlockFlow {HTML} at (0,0) size 800x600
    LayoutBlockFlow {BODY} at (8,8) size 784x562
      LayoutBlockFlow {P} at (0,0) size 784x52
        LayoutText {#text} at (0,17) size 180x34
          text run at (0,17) width 180 RTL: "\x{643}\x{62A}\x{627}\x{628} \x{623}\x{644}\x{641} \x{644}\x{64A}\x{644}\x{629} \x{648}\x{644}\x{64A}\x{644}\x{629}"
      LayoutBlockFlow {P} at (0,82) size 784x52
        LayoutText {#text} at (0,17) size 591x34
          text run at (0,17) width 591: "\x{1797}\x{17B6}\x{179F}\x{17B6}\x{1781}\x{17D2}\x{1798}\x{17C2}\x{179A} \x{1797}\x{17B6}\x{179F}\x{17B6}\x{1781}\x{17D2}\x{1798}\x{17C2}\x{179A} \x{17A2}\x{178F}\x{17D2}\x{1790}\x{1794}\x{1791}\x{200B}\x{1782}\x{17C6}\x{179A}\x{17BC}"
      LayoutBlockFlow {P} at (0,164) size 784x63
        LayoutText {#text} at (0,17) size 249x34
          text run at (0,17) width 249: "Mixed\x{926}\x{947}\x{935}\x{928}\x{93E}\x{917}\x{930}\x{940}Mixed"
      LayoutBlockFlow {P} at (0,257) size 784x51
        LayoutText {#text} at (0,17) size 255x34
          text run at (0,17) width 255: "AffiZ Af\x{300}fiZ Libertine"
      LayoutBlockFlow {P} at (0,338) size 784x52
        LayoutText {#text} at (0,17) size 228x34
          text run at (0,17) width 228: "Af\x{300}fiZ Default Font"
