layer at (0,0) size 800x600
  LayoutView at (0,0) size 800x600
layer at (0,0) size 800x600
  LayoutBlockFlow {HTML} at (0,0) size 800x600
    LayoutBlockFlow {BODY} at (8,8) size 784x584
      LayoutBlockFlow {DIV} at (0,0) size 784x176
        LayoutBlockFlow {DIV} at (0,24) size 160x144
          LayoutText {#text} at (0,0) size 160x32
            text run at (0,0) width 160: "1111 "
          LayoutBR {BR} at (0,0) size 0x0
          LayoutInline {SPAN} at (0,0) size 128x32
            LayoutText {#text} at (0,32) size 128x32
              text run at (0,32) width 128: "2222"
          LayoutText {#text} at (128,32) size 32x32
            text run at (128,32) width 32: " "
          LayoutBR {BR} at (0,0) size 0x0
          LayoutInline {SPAN} at (0,0) size 128x32 [color=#0000FF]
            LayoutText {#text} at (0,80) size 128x32
              text run at (0,80) width 128: "3333"
          LayoutText {#text} at (128,80) size 32x32
            text run at (128,80) width 32: " "
          LayoutBR {BR} at (0,0) size 0x0
          LayoutText {#text} at (0,112) size 128x32
            text run at (0,112) width 128: "4444"
        LayoutText {#text} at (160,147) size 4x19
          text run at (160,147) width 4: " "
        LayoutBlockFlow {DIV} at (164,24) size 160x144
          LayoutText {#text} at (0,0) size 160x32
            text run at (0,0) width 160: "1111 "
          LayoutBR {BR} at (0,0) size 0x0
          LayoutInline {SPAN} at (0,0) size 128x32 [color=#008000]
            LayoutText {#text} at (0,32) size 128x32
              text run at (0,32) width 128: "2222"
          LayoutText {#text} at (128,32) size 32x32
            text run at (128,32) width 32: " "
          LayoutBR {BR} at (0,0) size 0x0
          LayoutInline {SPAN} at (0,0) size 128x32
            LayoutText {#text} at (0,80) size 128x32
              text run at (0,80) width 128: "3333"
          LayoutText {#text} at (128,80) size 32x32
            text run at (128,80) width 32: " "
          LayoutBR {BR} at (0,0) size 0x0
          LayoutText {#text} at (0,112) size 128x32
            text run at (0,112) width 128: "4444"
        LayoutText {#text} at (324,147) size 4x19
          text run at (324,147) width 4: " "
        LayoutBlockFlow {DIV} at (328,8) size 160x160
          LayoutText {#text} at (0,0) size 160x32
            text run at (0,0) width 160: "1111 "
          LayoutBR {BR} at (0,0) size 0x0
          LayoutInline {SPAN} at (0,0) size 128x32 [color=#008000]
            LayoutText {#text} at (0,32) size 128x32
              text run at (0,32) width 128: "2222"
          LayoutText {#text} at (128,32) size 32x32
            text run at (128,32) width 32: " "
          LayoutBR {BR} at (0,0) size 0x0
          LayoutInline {SPAN} at (0,0) size 128x32 [color=#0000FF]
            LayoutText {#text} at (0,96) size 128x32
              text run at (0,96) width 128: "3333"
          LayoutText {#text} at (128,96) size 32x32
            text run at (128,96) width 32: " "
          LayoutBR {BR} at (0,0) size 0x0
          LayoutText {#text} at (0,128) size 128x32
            text run at (0,128) width 128: "4444"
        LayoutText {#text} at (0,0) size 0x0
      LayoutBlockFlow {DIV} at (0,176) size 472x160
        LayoutBlockFlow {DIV} at (8,0) size 144x160
          LayoutText {#text} at (0,0) size 32x160
            text run at (0,0) width 160: "1111 "
          LayoutBR {BR} at (0,0) size 0x0
          LayoutInline {SPAN} at (0,0) size 32x128
            LayoutText {#text} at (32,0) size 32x128
              text run at (32,0) width 128: "2222"
          LayoutText {#text} at (32,128) size 32x32
            text run at (32,128) width 32: " "
          LayoutBR {BR} at (0,0) size 0x0
          LayoutInline {SPAN} at (0,0) size 32x128 [color=#008000]
            LayoutText {#text} at (64,0) size 32x128
              text run at (64,0) width 128: "3333"
          LayoutText {#text} at (64,128) size 32x32
            text run at (64,128) width 32: " "
          LayoutBR {BR} at (0,0) size 0x0
          LayoutText {#text} at (112,0) size 32x128
            text run at (112,0) width 128: "4444"
        LayoutBlockFlow {DIV} at (160,0) size 144x160
          LayoutText {#text} at (0,0) size 32x160
            text run at (0,0) width 160: "1111 "
          LayoutBR {BR} at (0,0) size 0x0
          LayoutInline {SPAN} at (0,0) size 32x128 [color=#0000FF]
            LayoutText {#text} at (48,0) size 32x128
              text run at (48,0) width 128: "2222"
          LayoutText {#text} at (48,128) size 32x32
            text run at (48,128) width 32: " "
          LayoutBR {BR} at (0,0) size 0x0
          LayoutInline {SPAN} at (0,0) size 32x128
            LayoutText {#text} at (80,0) size 32x128
              text run at (80,0) width 128: "3333"
          LayoutText {#text} at (80,128) size 32x32
            text run at (80,128) width 32: " "
          LayoutBR {BR} at (0,0) size 0x0
          LayoutText {#text} at (112,0) size 32x128
            text run at (112,0) width 128: "4444"
        LayoutBlockFlow {DIV} at (312,0) size 160x160
          LayoutText {#text} at (0,0) size 32x160
            text run at (0,0) width 160: "1111 "
          LayoutBR {BR} at (0,0) size 0x0
          LayoutInline {SPAN} at (0,0) size 32x128 [color=#0000FF]
            LayoutText {#text} at (48,0) size 32x128
              text run at (48,0) width 128: "2222"
          LayoutText {#text} at (48,128) size 32x32
            text run at (48,128) width 32: " "
          LayoutBR {BR} at (0,0) size 0x0
          LayoutInline {SPAN} at (0,0) size 32x128 [color=#008000]
            LayoutText {#text} at (80,0) size 32x128
              text run at (80,0) width 128: "3333"
          LayoutText {#text} at (80,128) size 32x32
            text run at (80,128) width 32: " "
          LayoutBR {BR} at (0,0) size 0x0
          LayoutText {#text} at (128,0) size 32x128
            text run at (128,0) width 128: "4444"
