layer at (0,0) size 800x600
  LayoutView at (0,0) size 800x600
layer at (0,0) size 800x600
  LayoutBlockFlow {HTML} at (0,0) size 800x600
    LayoutBlockFlow {BODY} at (8,8) size 784x576
      LayoutBlockFlow {P} at (0,0) size 784x20
        LayoutText {#text} at (0,0) size 50x19
          text run at (0,0) width 50: "Test for "
        LayoutInline {I} at (0,0) size 512x19
          LayoutInline {A} at (0,0) size 154x19 [color=#0000EE]
            LayoutText {#text} at (49,0) size 154x19
              text run at (49,0) width 154: "rdar://problem/9528843"
          LayoutText {#text} at (202,0) size 359x19
            text run at (202,0) width 5: " "
            text run at (206,0) width 355: "STIX glyphs not rendered on this stackoverflow answer"
        LayoutText {#text} at (560,0) size 5x19
          text run at (560,0) width 5: "."
      LayoutBlockFlow {P} at (0,36) size 784x39
        LayoutText {#text} at (0,15) size 91x19
          text run at (0,15) width 91: "A black circle: "
        LayoutInline {SPAN} at (0,0) size 27x36
          LayoutText {#text} at (91,2) size 27x36
            text run at (91,2) width 27: "\x{26AB}"
        LayoutText {#text} at (0,0) size 0x0
      LayoutBlockFlow {P} at (0,91) size 784x38
        LayoutText {#text} at (0,15) size 129x19
          text run at (0,15) width 129: "Another black circle: "
        LayoutInline {SPAN} at (0,0) size 27x36
          LayoutText {#text} at (129,1) size 27x36
            text run at (129,1) width 27: "\x{26AB}"
        LayoutText {#text} at (0,0) size 0x0
