layer at (0,0) size 800x600
  LayoutView at (0,0) size 800x600
layer at (0,0) size 800x600
  LayoutBlockFlow {HTML} at (0,0) size 800x600
    LayoutBlockFlow {BODY} at (8,8) size 784x576
      LayoutBlockFlow {P} at (0,0) size 784x20
        LayoutText {#text} at (0,0) size 52x19
          text run at (0,0) width 52: "Test for "
        LayoutInline {I} at (0,0) size 716x19
          LayoutInline {A} at (0,0) size 158x19 [color=#0000EE]
            LayoutText {#text} at (51,0) size 158x19
              text run at (51,0) width 158: "http://crbug.com/373389"
          LayoutText {#text} at (208,0) size 559x19
            text run at (208,0) width 5: " "
            text run at (212,0) width 555: "When a webfont is missing a glyph, synthesization from the fallback font isn't happening"
        LayoutText {#text} at (766,0) size 5x19
          text run at (766,0) width 5: "."
      LayoutBlockFlow {P} at (0,36) size 784x38
        LayoutText {#text} at (0,14) size 187x19
          text run at (0,14) width 187: "A synthesized oblique bullet: "
        LayoutInline {SPAN} at (0,0) size 19x32
          LayoutText {#text} at (187,3) size 19x32
            text run at (187,3) width 19: "\x{25CF}"
        LayoutText {#text} at (0,0) size 0x0
