layer at (0,0) size 800x600
  LayoutView at (0,0) size 800x600
layer at (0,0) size 800x600
  LayoutBlockFlow {HTML} at (0,0) size 800x600
    LayoutBlockFlow {BODY} at (8,8) size 784x584
      LayoutBlockFlow {P} at (0,0) size 784x20
        LayoutText {#text} at (0,0) size 52x19
          text run at (0,0) width 52: "Test for "
        LayoutInline {I} at (0,0) size 618x19
          LayoutInline {A} at (0,0) size 302x19 [color=#0000EE]
            LayoutText {#text} at (51,0) size 302x19
              text run at (51,0) width 302: "http://bugs.webkit.org/show_bug.cgi?id=12039"
          LayoutText {#text} at (352,0) size 317x19
            text run at (352,0) width 5: " "
            text run at (356,0) width 313: "Assertion failure in WebCore::Font::primaryFont"
        LayoutText {#text} at (668,0) size 5x19
          text run at (668,0) width 5: "."
      LayoutBlockFlow (anonymous) at (0,36) size 784x20
        LayoutInline {SPAN} at (0,0) size 38x19
          LayoutText {#text} at (0,0) size 38x19
            text run at (0,0) width 38: "PASS"
        LayoutText {#text} at (0,0) size 0x0
