layer at (0,0) size 800x600
  LayoutView at (0,0) size 800x600
layer at (0,0) size 800x416
  LayoutBlockFlow {HTML} at (0,0) size 800x416
    LayoutBlockFlow {BODY} at (8,8) size 784x400
      LayoutBlockFlow {H1} at (0,0) size 784x24
        LayoutText {#text} at (0,0) size 253x23
          text run at (0,0) width 253: "Tests support for font-stretch"
      LayoutBlockFlow {P} at (0,26) size 784x17
        LayoutText {#text} at (0,0) size 228x16
          text run at (0,0) width 228: "Tests that CSS font-stretch is supported."
      LayoutBlockFlow {SECTION} at (0,51) size 784x175
        LayoutBlockFlow {H2} at (0,0) size 784x20
          LayoutText {#text} at (0,0) size 61x19
            text run at (0,0) width 61: "Segoe UI"
        LayoutBlockFlow {P} at (0,22) size 784x17
          LayoutBlockFlow {SPAN} at (0,0) size 210x17
            LayoutText {#text} at (0,0) size 162x16
              text run at (0,0) width 162: "font-stretch: ultra-condensed"
          LayoutText {#text} at (210,0) size 349x16
            text run at (210,0) width 349: " - Just poets wax boldly as kings and queens march over fuzz."
        LayoutBlockFlow {P} at (0,39) size 784x17
          LayoutBlockFlow {SPAN} at (0,0) size 210x17
            LayoutText {#text} at (0,0) size 164x16
              text run at (0,0) width 164: "font-stretch: extra-condensed"
          LayoutText {#text} at (210,0) size 349x16
            text run at (210,0) width 349: " - Just poets wax boldly as kings and queens march over fuzz."
        LayoutBlockFlow {P} at (0,56) size 784x17
          LayoutBlockFlow {SPAN} at (0,0) size 210x17
            LayoutText {#text} at (0,0) size 131x16
              text run at (0,0) width 131: "font-stretch: condensed"
          LayoutText {#text} at (210,0) size 349x16
            text run at (210,0) width 349: " - Just poets wax boldly as kings and queens march over fuzz."
        LayoutBlockFlow {P} at (0,73) size 784x17
          LayoutBlockFlow {SPAN} at (0,0) size 210x17
            LayoutText {#text} at (0,0) size 162x16
              text run at (0,0) width 162: "font-stretch: semi-condensed"
          LayoutText {#text} at (210,0) size 349x16
            text run at (210,0) width 349: " - Just poets wax boldly as kings and queens march over fuzz."
        LayoutBlockFlow {P} at (0,90) size 784x17
          LayoutBlockFlow {SPAN} at (0,0) size 210x17
            LayoutText {#text} at (0,0) size 113x16
              text run at (0,0) width 113: "font-stretch: normal"
          LayoutText {#text} at (210,0) size 349x16
            text run at (210,0) width 349: " - Just poets wax boldly as kings and queens march over fuzz."
        LayoutBlockFlow {P} at (0,107) size 784x17
          LayoutBlockFlow {SPAN} at (0,0) size 210x17
            LayoutText {#text} at (0,0) size 157x16
              text run at (0,0) width 157: "font-stretch: semi-expanded"
          LayoutText {#text} at (210,0) size 349x16
            text run at (210,0) width 349: " - Just poets wax boldly as kings and queens march over fuzz."
        LayoutBlockFlow {P} at (0,124) size 784x17
          LayoutBlockFlow {SPAN} at (0,0) size 210x17
            LayoutText {#text} at (0,0) size 126x16
              text run at (0,0) width 126: "font-stretch: expanded"
          LayoutText {#text} at (210,0) size 349x16
            text run at (210,0) width 349: " - Just poets wax boldly as kings and queens march over fuzz."
        LayoutBlockFlow {P} at (0,141) size 784x17
          LayoutBlockFlow {SPAN} at (0,0) size 210x17
            LayoutText {#text} at (0,0) size 159x16
              text run at (0,0) width 159: "font-stretch: extra-expanded"
          LayoutText {#text} at (210,0) size 349x16
            text run at (210,0) width 349: " - Just poets wax boldly as kings and queens march over fuzz."
        LayoutBlockFlow {P} at (0,158) size 784x17
          LayoutBlockFlow {SPAN} at (0,0) size 210x17
            LayoutText {#text} at (0,0) size 157x16
              text run at (0,0) width 157: "font-stretch: ultra-expanded"
          LayoutText {#text} at (210,0) size 349x16
            text run at (210,0) width 349: " - Just poets wax boldly as kings and queens march over fuzz."
      LayoutBlockFlow {SECTION} at (0,234) size 784x166
        LayoutBlockFlow {H2} at (0,0) size 784x20
          LayoutText {#text} at (0,0) size 35x19
            text run at (0,0) width 35: "Arial"
        LayoutBlockFlow {P} at (0,22) size 784x16
          LayoutBlockFlow {SPAN} at (0,0) size 240x16
            LayoutText {#text} at (0,0) size 183x16
              text run at (0,0) width 183: "font-stretch: ultra-condensed"
          LayoutText {#text} at (240,0) size 393x16
            text run at (240,0) width 393: " - Just poets wax boldly as kings and queens march over fuzz."
        LayoutBlockFlow {P} at (0,38) size 784x16
          LayoutBlockFlow {SPAN} at (0,0) size 240x16
            LayoutText {#text} at (0,0) size 187x16
              text run at (0,0) width 187: "font-stretch: extra-condensed"
          LayoutText {#text} at (240,0) size 393x16
            text run at (240,0) width 393: " - Just poets wax boldly as kings and queens march over fuzz."
        LayoutBlockFlow {P} at (0,54) size 784x16
          LayoutBlockFlow {SPAN} at (0,0) size 240x16
            LayoutText {#text} at (0,0) size 150x16
              text run at (0,0) width 150: "font-stretch: condensed"
          LayoutText {#text} at (240,0) size 393x16
            text run at (240,0) width 393: " - Just poets wax boldly as kings and queens march over fuzz."
        LayoutBlockFlow {P} at (0,70) size 784x16
          LayoutBlockFlow {SPAN} at (0,0) size 240x16
            LayoutText {#text} at (0,0) size 185x16
              text run at (0,0) width 185: "font-stretch: semi-condensed"
          LayoutText {#text} at (240,0) size 393x16
            text run at (240,0) width 393: " - Just poets wax boldly as kings and queens march over fuzz."
        LayoutBlockFlow {P} at (0,86) size 784x16
          LayoutBlockFlow {SPAN} at (0,0) size 240x16
            LayoutText {#text} at (0,0) size 124x16
              text run at (0,0) width 124: "font-stretch: normal"
          LayoutText {#text} at (240,0) size 393x16
            text run at (240,0) width 393: " - Just poets wax boldly as kings and queens march over fuzz."
        LayoutBlockFlow {P} at (0,102) size 784x16
          LayoutBlockFlow {SPAN} at (0,0) size 240x16
            LayoutText {#text} at (0,0) size 178x16
              text run at (0,0) width 178: "font-stretch: semi-expanded"
          LayoutText {#text} at (240,0) size 393x16
            text run at (240,0) width 393: " - Just poets wax boldly as kings and queens march over fuzz."
        LayoutBlockFlow {P} at (0,118) size 784x16
          LayoutBlockFlow {SPAN} at (0,0) size 240x16
            LayoutText {#text} at (0,0) size 143x16
              text run at (0,0) width 143: "font-stretch: expanded"
          LayoutText {#text} at (240,0) size 393x16
            text run at (240,0) width 393: " - Just poets wax boldly as kings and queens march over fuzz."
        LayoutBlockFlow {P} at (0,134) size 784x16
          LayoutBlockFlow {SPAN} at (0,0) size 240x16
            LayoutText {#text} at (0,0) size 180x16
              text run at (0,0) width 180: "font-stretch: extra-expanded"
          LayoutText {#text} at (240,0) size 393x16
            text run at (240,0) width 393: " - Just poets wax boldly as kings and queens march over fuzz."
        LayoutBlockFlow {P} at (0,150) size 784x16
          LayoutBlockFlow {SPAN} at (0,0) size 240x16
            LayoutText {#text} at (0,0) size 176x16
              text run at (0,0) width 176: "font-stretch: ultra-expanded"
          LayoutText {#text} at (240,0) size 393x16
            text run at (240,0) width 393: " - Just poets wax boldly as kings and queens march over fuzz."
