layer at (0,0) size 800x600
  LayoutView at (0,0) size 800x600
layer at (0,0) size 800x40
  LayoutBlockFlow {HTML} at (0,0) size 800x40
    LayoutBlockFlow {BODY} at (0,0) size 800x40
      LayoutText {#text} at (0,0) size 800x39
        text run at (0,0) width 800: "Testing for incorrect text overflow when using small caps in the complex test path. There should be no red characters visible on"
        text run at (0,20) width 123: "the green rectangle."
      LayoutText {#text} at (0,0) size 0x0
layer at (-500,40) size 1000x366 backgroundClip at (0,0) size 800x600 clip at (0,0) size 800x600
  LayoutBlockFlow (positioned) {DIV} at (-500,40) size 1000x366 [bgcolor=#90EE90]
    LayoutBlockFlow {P} at (0,30) size 500x306 [color=#FF0000] [bgcolor=#FFB6C1]
      LayoutText {#text} at (0,0) size 500x306
        text run at (0,0) width 376: "Lorem ipsum dolor sit amet,"
        text run at (0,34) width 445: "consectetuer adipiscing elit, sed"
        text run at (0,68) width 378: "diam nonummy nibh euismod"
        text run at (0,102) width 487: "tincidunt ut laoreet dolore magna"
        text run at (0,136) width 491: "aliquam erat volutpat. Ut wisi enim"
        text run at (0,170) width 500: "ad minim veniam, quis nostrud exerci"
        text run at (0,204) width 380: "tation ullamcorper suscipit"
        text run at (0,238) width 395: "lobortis nisl ut aliquip ex ea"
        text run at (0,272) width 279: "commodo consequat."
