layer at (0,0) size 800x600
  LayoutView at (0,0) size 800x600
layer at (0,0) size 800x420
  LayoutBlockFlow {HTML} at (0,0) size 800x420
    LayoutBlockFlow {BODY} at (8,8) size 784x404
      LayoutBlockFlow {H1} at (0,0) size 784x24
        LayoutText {#text} at (0,0) size 251x23
          text run at (0,0) width 251: "Tests support for font-weight"
      LayoutBlockFlow {P} at (0,26) size 784x17
        LayoutText {#text} at (0,0) size 347x16
          text run at (0,0) width 347: "Tests that CSS font-weight with numeric values is supported."
      LayoutBlockFlow {SECTION} at (0,51) size 784x179
        LayoutBlockFlow {H2} at (0,0) size 784x20
          LayoutText {#text} at (0,0) size 61x19
            text run at (0,0) width 61: "Segoe UI"
        LayoutBlockFlow {P} at (0,22) size 784x17
          LayoutText {#text} at (0,0) size 344x16
            text run at (0,0) width 344: "font-weight: 100 - Fix problem quickly with galvanized jets."
        LayoutBlockFlow {P} at (0,39) size 784x17
          LayoutText {#text} at (0,0) size 344x16
            text run at (0,0) width 344: "font-weight: 200 - Fix problem quickly with galvanized jets."
        LayoutBlockFlow {P} at (0,56) size 784x17
          LayoutText {#text} at (0,0) size 344x16
            text run at (0,0) width 344: "font-weight: 300 - Fix problem quickly with galvanized jets."
        LayoutBlockFlow {P} at (0,73) size 784x17
          LayoutText {#text} at (0,0) size 344x16
            text run at (0,0) width 344: "font-weight: 400 - Fix problem quickly with galvanized jets."
        LayoutBlockFlow {P} at (0,90) size 784x17
          LayoutText {#text} at (0,0) size 344x16
            text run at (0,0) width 344: "font-weight: 500 - Fix problem quickly with galvanized jets."
        LayoutBlockFlow {P} at (0,107) size 784x18
          LayoutText {#text} at (0,0) size 365x17
            text run at (0,0) width 365: "font-weight: 600 - Fix problem quickly with galvanized jets."
        LayoutBlockFlow {P} at (0,125) size 784x18
          LayoutText {#text} at (0,0) size 365x17
            text run at (0,0) width 365: "font-weight: 700 - Fix problem quickly with galvanized jets."
        LayoutBlockFlow {P} at (0,143) size 784x18
          LayoutText {#text} at (0,0) size 365x17
            text run at (0,0) width 365: "font-weight: 800 - Fix problem quickly with galvanized jets."
        LayoutBlockFlow {P} at (0,161) size 784x18
          LayoutText {#text} at (0,0) size 365x17
            text run at (0,0) width 365: "font-weight: 900 - Fix problem quickly with galvanized jets."
      LayoutBlockFlow {SECTION} at (0,238) size 784x166
        LayoutBlockFlow {H2} at (0,0) size 784x20
          LayoutText {#text} at (0,0) size 35x19
            text run at (0,0) width 35: "Arial"
        LayoutBlockFlow {P} at (0,22) size 784x16
          LayoutText {#text} at (0,0) size 368x16
            text run at (0,0) width 368: "font-weight: 100 - Fix problem quickly with galvanized jets."
        LayoutBlockFlow {P} at (0,38) size 784x16
          LayoutText {#text} at (0,0) size 368x16
            text run at (0,0) width 368: "font-weight: 200 - Fix problem quickly with galvanized jets."
        LayoutBlockFlow {P} at (0,54) size 784x16
          LayoutText {#text} at (0,0) size 368x16
            text run at (0,0) width 368: "font-weight: 300 - Fix problem quickly with galvanized jets."
        LayoutBlockFlow {P} at (0,70) size 784x16
          LayoutText {#text} at (0,0) size 368x16
            text run at (0,0) width 368: "font-weight: 400 - Fix problem quickly with galvanized jets."
        LayoutBlockFlow {P} at (0,86) size 784x16
          LayoutText {#text} at (0,0) size 368x16
            text run at (0,0) width 368: "font-weight: 500 - Fix problem quickly with galvanized jets."
        LayoutBlockFlow {P} at (0,102) size 784x16
          LayoutText {#text} at (0,0) size 402x16
            text run at (0,0) width 402: "font-weight: 600 - Fix problem quickly with galvanized jets."
        LayoutBlockFlow {P} at (0,118) size 784x16
          LayoutText {#text} at (0,0) size 402x16
            text run at (0,0) width 402: "font-weight: 700 - Fix problem quickly with galvanized jets."
        LayoutBlockFlow {P} at (0,134) size 784x16
          LayoutText {#text} at (0,0) size 402x16
            text run at (0,0) width 402: "font-weight: 800 - Fix problem quickly with galvanized jets."
        LayoutBlockFlow {P} at (0,150) size 784x16
          LayoutText {#text} at (0,0) size 402x16
            text run at (0,0) width 402: "font-weight: 900 - Fix problem quickly with galvanized jets."
