layer at (0,0) size 800x600
  LayoutView at (0,0) size 800x600
layer at (0,0) size 800x225
  LayoutBlockFlow {HTML} at (0,0) size 800x225
    LayoutBlockFlow {BODY} at (8,8) size 784x209
      LayoutBlockFlow {DIV} at (0,0) size 784x20
        LayoutBlockFlow {SPAN} at (0,0) size 160x20
          LayoutText {#text} at (0,0) size 47x19
            text run at (0,0) width 47: "Arabic:"
        LayoutText {#text} at (160,0) size 85x19
          text run at (160,0) width 4: " "
          text run at (164,0) width 77 RTL: "\x{627}\x{644}\x{623}\x{64E}\x{628}\x{652}\x{62C}\x{64E}\x{62F}\x{650}\x{64A}\x{64E}\x{651}\x{629} \x{627}\x{644}\x{639}\x{64E}\x{631}\x{64E}\x{628}\x{650}\x{64A}\x{64E}\x{651}\x{629}"
          text run at (241,0) width 4: " \x{200E}"
      LayoutBlockFlow {DIV} at (0,20) size 784x20
        LayoutBlockFlow {SPAN} at (0,0) size 160x20
          LayoutText {#text} at (0,0) size 67x19
            text run at (0,0) width 67: "Armenian:"
        LayoutText {#text} at (160,0) size 178x19
          text run at (160,0) width 178: " \x{540}\x{561}\x{575}\x{578}\x{581} \x{563}\x{580}\x{565}\x{580} Hayots grer"
      LayoutBlockFlow {DIV} at (0,40) size 784x20
        LayoutBlockFlow {SPAN} at (0,0) size 160x20
          LayoutText {#text} at (0,0) size 65x19
            text run at (0,0) width 65: "Cherokee:"
        LayoutText {#text} at (160,0) size 74x19
          text run at (160,0) width 74: " \x{13A2}\x{13E3}\x{13B5}\x{13CD}\x{13A0}\x{13C1}\x{13D7}"
      LayoutBlockFlow {DIV} at (0,60) size 784x30
        LayoutBlockFlow {SPAN} at (0,5) size 160x20
          LayoutText {#text} at (0,0) size 77x19
            text run at (0,0) width 77: "Devanagari:"
        LayoutText {#text} at (160,5) size 52x19
          text run at (160,5) width 52: " \x{926}\x{947}\x{935}\x{928}\x{93E}\x{917}\x{930}\x{940}"
      LayoutBlockFlow {DIV} at (0,90) size 784x33
        LayoutBlockFlow {SPAN} at (0,6) size 160x20
          LayoutText {#text} at (0,0) size 69x19
            text run at (0,0) width 69: "Gurmukhi:"
        LayoutText {#text} at (160,6) size 31x19
          text run at (160,6) width 31: " \x{A26}\x{A3F}\x{A32}"
      LayoutBlockFlow {DIV} at (0,123) size 784x22
        LayoutBlockFlow {SPAN} at (0,2) size 160x20
          LayoutText {#text} at (0,0) size 48x19
            text run at (0,0) width 48: "Khmer:"
        LayoutText {#text} at (160,2) size 58x19
          text run at (160,2) width 58: " \x{17A2}\x{1780}\x{17D2}\x{179F}\x{179A}\x{1781}\x{17D2}\x{1798}\x{17C2}\x{179A};"
      LayoutBlockFlow {DIV} at (0,145) size 784x24
        LayoutBlockFlow {SPAN} at (0,4) size 160x20
          LayoutText {#text} at (0,0) size 51x19
            text run at (0,0) width 51: "Hangul:"
        LayoutText {#text} at (160,4) size 304x19
          text run at (160,4) width 304: " \x{3131} \x{3134} \x{3137} \x{3139} \x{3141} \x{3142} \x{3145} \x{3181} \x{314B} \x{314C} \x{314D} \x{3148} \x{314A} \x{317F} \x{3147} \x{314E}"
      LayoutBlockFlow {DIV} at (0,169) size 784x20
        LayoutBlockFlow {SPAN} at (0,0) size 160x20
          LayoutText {#text} at (0,0) size 73x19
            text run at (0,0) width 73: "Mongolian:"
        LayoutText {#text} at (160,0) size 114x19
          text run at (160,0) width 114: " \x{182E}\x{1823}\x{1829}\x{182D}\x{1823}\x{182F}\x{182A}\x{1822}\x{1834}\x{1822}\x{182D}"
      LayoutBlockFlow {DIV} at (0,189) size 784x20
        LayoutBlockFlow {SPAN} at (0,0) size 160x20
          LayoutText {#text} at (0,0) size 66x19
            text run at (0,0) width 66: "Glagolitic:"
        LayoutText {#text} at (160,0) size 44x19
          text run at (160,0) width 44: " \x{2C09}\x{2C0A}\x{2C1F}\x{2C09}"
