layer at (0,0) size 800x600
  LayoutView at (0,0) size 800x600
layer at (0,0) size 800x442
  LayoutBlockFlow {HTML} at (0,0) size 800x442
    LayoutBlockFlow {BODY} at (8,8) size 784x418
      LayoutBlockFlow (anonymous) at (0,0) size 784x75
        LayoutText {#text} at (0,3) size 772x44
          text run at (0,3) width 666: "The red line needs to cross the middle of the black square, as well as through half the ascent of the capital "
          text run at (666,3) width 106: "letters and digits,"
          text run at (0,28) width 596: "for example the middle horizontal bar of the F or the crossing point of the two diagonals in the "
          text run at (596,28) width 111: "letter X. See also "
        LayoutInline {A} at (0,0) size 731x44 [color=#0000EE]
          LayoutText {#text} at (707,28) size 731x44
            text run at (707,28) width 24: "bug"
            text run at (0,53) width 48: "452967"
        LayoutText {#text} at (48,53) size 4x19
          text run at (48,53) width 4: "."
layer at (24,99) size 752x41
  LayoutFlexibleBox (relative positioned) {DIV} at (16,91) size 752x41 [bgcolor=#D3D3D3]
    LayoutBlockFlow {SPAN} at (16,12.50) size 16x16 [bgcolor=#000000]
    LayoutBlockFlow {SPAN} at (40,8) size 61x25
      LayoutInline {SPAN} at (0,0) size 61x19
        LayoutText {#text} at (0,3) size 61x19
          text run at (0,3) width 61: "38FGKX"
layer at (24,156) size 752x41
  LayoutFlexibleBox (relative positioned) {DIV} at (16,148) size 752x41 [bgcolor=#D3D3D3]
    LayoutBlockFlow {SPAN} at (16,12.50) size 16x16 [bgcolor=#000000]
    LayoutBlockFlow {SPAN} at (40,8) size 62x25
      LayoutInline {SPAN} at (0,0) size 62x18
        LayoutText {#text} at (0,3) size 62x18
          text run at (0,3) width 62: "38FGKX"
layer at (24,213) size 752x41
  LayoutFlexibleBox (relative positioned) {DIV} at (16,205) size 752x41 [bgcolor=#D3D3D3]
    LayoutBlockFlow {SPAN} at (16,12.50) size 16x16 [bgcolor=#000000]
    LayoutBlockFlow {SPAN} at (40,8) size 61x25
      LayoutInline {SPAN} at (0,0) size 61x19
        LayoutText {#text} at (0,3) size 61x19
          text run at (0,3) width 61: "38FGKX"
layer at (24,270) size 752x42
  LayoutFlexibleBox (relative positioned) {DIV} at (16,262) size 752x42 [bgcolor=#D3D3D3]
    LayoutBlockFlow {SPAN} at (16,13) size 16x16 [bgcolor=#000000]
    LayoutBlockFlow {SPAN} at (40,8) size 60x26
      LayoutInline {SPAN} at (0,0) size 60x18
        LayoutText {#text} at (0,4) size 60x18
          text run at (0,4) width 60: "38FGKX"
layer at (24,328) size 752x41
  LayoutFlexibleBox (relative positioned) {DIV} at (16,320) size 752x41 [bgcolor=#D3D3D3]
    LayoutBlockFlow {SPAN} at (16,12.50) size 16x16 [bgcolor=#000000]
    LayoutBlockFlow {SPAN} at (40,8) size 61x25
      LayoutInline {SPAN} at (0,0) size 61x19
        LayoutText {#text} at (0,3) size 61x19
          text run at (0,3) width 61: "38FGKX"
layer at (24,385) size 752x41
  LayoutFlexibleBox (relative positioned) {DIV} at (16,377) size 752x41 [bgcolor=#D3D3D3]
    LayoutBlockFlow {SPAN} at (16,12.50) size 16x16 [bgcolor=#000000]
    LayoutBlockFlow {SPAN} at (40,8) size 62x25
      LayoutInline {SPAN} at (0,0) size 62x18
        LayoutText {#text} at (0,3) size 62x18
          text run at (0,3) width 62: "38FGKX"
layer at (24,119) size 752x1
  LayoutBlockFlow (positioned) zI: 1 {<pseudo:before>} at (0,19.50) size 752x1 [bgcolor=#FF0000]
    LayoutTextFragment (anonymous) zI: 1 at (0,0) size 0x0
layer at (24,176) size 752x1
  LayoutBlockFlow (positioned) zI: 1 {<pseudo:before>} at (0,19.50) size 752x1 [bgcolor=#FF0000]
    LayoutTextFragment (anonymous) zI: 1 at (0,0) size 0x0
layer at (24,233) size 752x1
  LayoutBlockFlow (positioned) zI: 1 {<pseudo:before>} at (0,19.50) size 752x1 [bgcolor=#FF0000]
    LayoutTextFragment (anonymous) zI: 1 at (0,0) size 0x0
layer at (24,290) size 752x1
  LayoutBlockFlow (positioned) zI: 1 {<pseudo:before>} at (0,20) size 752x1 [bgcolor=#FF0000]
    LayoutTextFragment (anonymous) zI: 1 at (0,0) size 0x0
layer at (24,348) size 752x1
  LayoutBlockFlow (positioned) zI: 1 {<pseudo:before>} at (0,19.50) size 752x1 [bgcolor=#FF0000]
    LayoutTextFragment (anonymous) zI: 1 at (0,0) size 0x0
layer at (24,405) size 752x1
  LayoutBlockFlow (positioned) zI: 1 {<pseudo:before>} at (0,19.50) size 752x1 [bgcolor=#FF0000]
    LayoutTextFragment (anonymous) zI: 1 at (0,0) size 0x0
