layer at (0,0) size 800x600
  LayoutView at (0,0) size 800x600
layer at (0,0) size 800x292
  LayoutBlockFlow {HTML} at (0,0) size 800x292
    LayoutBlockFlow {BODY} at (8,8) size 784x276
      LayoutBlockFlow {DIV} at (0,0) size 784x134
        LayoutBlockFlow {DIV} at (0,0) size 96x46 [border: (3px solid #000000)]
          LayoutText {#text} at (3,3) size 57x19
            text run at (3,3) width 57: "a. b. "
          LayoutInline {SPAN} at (0,0) size 4x19
            LayoutText {#text} at (60,3) size 4x19
              text run at (60,3) width 4: "i"
          LayoutText {#text} at (64,3) size 90x39
            text run at (64,3) width 29: "\x{306F}"
            text run at (3,23) width 56: "xxxxxxx"
        LayoutBlockFlow {DIV} at (0,54) size 96x46 [border: (3px solid #000000)]
          LayoutText {#text} at (3,3) size 90x39
            text run at (3,3) width 90: "a. b. i\x{306F}"
            text run at (3,23) width 56: "xxxxxxx"
        LayoutBlockFlow {DIV} at (0,108) size 96x26 [border: (3px solid #000000)]
          LayoutText {#text} at (3,3) size 216x19
            text run at (3,3) width 216: "xxxxxxxxxxxxxxxxxxxxx\x{FF08}\x{624B}\x{FF09}"
      LayoutBlockFlow {DIV} at (0,142) size 784x134
        LayoutBlockFlow {DIV} at (0,0) size 96x46 [border: (3px solid #000000)]
          LayoutText {#text} at (3,3) size 57x19
            text run at (3,3) width 57: "a. b. "
          LayoutInline {SPAN} at (0,0) size 4x19
            LayoutText {#text} at (60,3) size 4x19
              text run at (60,3) width 4: "i"
          LayoutText {#text} at (64,3) size 90x39
            text run at (64,3) width 29: "\x{306F}"
            text run at (3,23) width 56: "xxxxxxx"
        LayoutBlockFlow {DIV} at (0,54) size 96x46 [border: (3px solid #000000)]
          LayoutText {#text} at (3,3) size 90x39
            text run at (3,3) width 90: "a. b. i\x{306F}"
            text run at (3,23) width 56: "xxxxxxx"
        LayoutBlockFlow {DIV} at (0,108) size 96x26 [border: (3px solid #000000)]
          LayoutText {#text} at (3,3) size 216x19
            text run at (3,3) width 216: "xxxxxxxxxxxxxxxxxxxxx\x{FF08}\x{624B}\x{FF09}"
