layer at (0,0) size 800x600
  LayoutView at (0,0) size 800x600
layer at (0,0) size 800x489
  LayoutBlockFlow {HTML} at (0,0) size 800x488.63
    LayoutBlockFlow {BODY} at (8,8) size 784x459.30
      LayoutBlockFlow (anonymous) at (0,0) size 784x20
        LayoutText {#text} at (0,0) size 82x19
          text run at (0,0) width 82: "This is good:"
      LayoutBlockFlow {DIV} at (0,41.33) size 100x50
        LayoutBlockFlow {P} at (0,0) size 100x50 [border: (1px solid #008000)]
          LayoutText {#text} at (43,1) size 56x47
            text run at (43,1) width 56: "Lorem"
            text run at (47,25) width 52: "ipsum"
      LayoutBlockFlow (anonymous) at (0,112.66) size 784x20
        LayoutText {#text} at (0,0) size 284x19
          text run at (0,0) width 284: "The following three should look like \x{201C}good\x{201D}:"
      LayoutBlockFlow {DIV} at (0,153.98) size 100x192.66
        LayoutBlockFlow {P} at (0,0) size 100x50 [border: (1px solid #0000FF)]
          LayoutText {#text} at (43,1) size 56x47
            text run at (43,1) width 56: "Lorem"
            text run at (47,25) width 52: "\x{131}psum"
        LayoutBlockFlow {P} at (0,71.33) size 100x50 [border: (1px solid #0000FF)]
          LayoutText {#text} at (43,1) size 56x47
            text run at (43,1) width 56: "Lorem"
            text run at (47,25) width 52: "\x{131}psum"
        LayoutBlockFlow {P} at (0,142.66) size 100x50 [border: (1px solid #0000FF)]
          LayoutText {#text} at (43,1) size 56x47
            text run at (43,1) width 56: "Lore\x{1E3F}"
            text run at (47,25) width 52: "ipsum"
      LayoutBlockFlow (anonymous) at (0,367.97) size 784x20
        LayoutText {#text} at (0,0) size 73x19
          text run at (0,0) width 73: "This is bad:"
      LayoutBlockFlow {DIV} at (0,409.30) size 100x50
        LayoutBlockFlow {P} at (0,0) size 100x50 [border: (1px solid #FF0000)]
          LayoutText {#text} at (38,1) size 61x47
            text run at (38,1) width 61: "Lorem "
            text run at (47,25) width 52: "ipsum"
