layer at (0,0) size 800x600
  LayoutView at (0,0) size 800x600
layer at (0,0) size 800x600
  LayoutBlockFlow {HTML} at (0,0) size 800x600
    LayoutBlockFlow {BODY} at (8,8) size 784x584
      LayoutBlockFlow {P} at (0,0) size 784x20
        LayoutText {#text} at (0,0) size 641x19
          text run at (0,0) width 641: "The black text should be identical to, and overlap, the red text, so there should be no red pixels below."
      LayoutBlockFlow {DIV} at (0,36) size 784x196
        LayoutBlockFlow {DIV} at (0,0) size 784x170 [color=#FF0000]
          LayoutText {#text} at (0,3) size 272x164
            text run at (0,3) width 272: "v a\x{300} e"
        LayoutBlockFlow {DIV} at (0,26) size 784x170
          LayoutText {#text} at (0,3) size 272x164
            text run at (0,3) width 272: "v \x{E0} e"
      LayoutBlockFlow {DIV} at (0,232) size 784x190
        LayoutBlockFlow {DIV} at (0,0) size 784x167 [color=#FF0000]
          LayoutText {#text} at (0,3) size 272x161
            text run at (0,3) width 272: "v a\x{300} e"
        LayoutBlockFlow {DIV} at (0,23) size 784x167
          LayoutText {#text} at (0,3) size 272x161
            text run at (0,3) width 272: "v \x{E0} e"
