layer at (0,0) size 800x600
  LayoutView at (0,0) size 800x600
layer at (0,0) size 800x600
  LayoutBlockFlow {HTML} at (0,0) size 800x600
    LayoutBlockFlow {BODY} at (8,8) size 784x576
      LayoutBlockFlow {P} at (0,0) size 784x40
        LayoutText {#text} at (0,0) size 52x19
          text run at (0,0) width 52: "Test for "
        LayoutInline {I} at (0,0) size 729x39
          LayoutInline {A} at (0,0) size 302x19 [color=#0000EE]
            LayoutText {#text} at (51,0) size 302x19
              text run at (51,0) width 302: "http://bugs.webkit.org/show_bug.cgi?id=13156"
          LayoutText {#text} at (352,0) size 729x39
            text run at (352,0) width 5: " "
            text run at (356,0) width 373: "REGRESSION (r19621): Pasting breakable content where"
            text run at (0,20) width 491: "wrapped line is too long to fit in a textarea fails to draw a horizontal scrollbar"
        LayoutText {#text} at (490,20) size 5x19
          text run at (490,20) width 5: "."
      LayoutBlockFlow {P} at (0,56) size 784x40
        LayoutText {#text} at (0,0) size 780x39
          text run at (0,0) width 780: "This tests that a line break will occur in the middle of the first word on a line if it\x{2019}s too long to fit on the line. The behavior is"
          text run at (0,20) width 619: "tested after breakable characters (question mark and hyphen), after a space and after a soft hyphen."
      LayoutBlockFlow {P} at (0,112) size 784x20
        LayoutText {#text} at (0,0) size 261x19
          text run at (0,0) width 261: "The following blocks should be identical."
      LayoutBlockFlow (floating) {DIV} at (4,152) size 300x180 [bgcolor=#FFFFE0]
        LayoutText {#text} at (0,0) size 300x179
          text run at (0,0) width 186: "Curabiturpretium,quamquiss?"
          text run at (0,20) width 298: "empermalesuada,estliberofeugiatlibero,velfringi"
          text run at (0,40) width 131: "llaorcinibhsedneque-"
          text run at (0,60) width 300: "Quisqueeunullanonnisimolestieaccumsan.Etiam"
          text run at (0,80) width 191: "tellusurna,laoreetac,laoreetnon"
          text run at (0,100) width 298: "suscipitsed,sapien.Phasellusvehicula,sematposu"
          text run at (0,120) width 221: "erevehicula,auguenibhmolestienisl\x{AD}" + hyphen string "-"
          text run at (0,140) width 298: "necullamcorperlacusantevulputatepede.Nascetu"
          text run at (0,160) width 89: "rridiculusmus."
      LayoutBlockFlow (floating) {DIV} at (312,152) size 300x180 [bgcolor=#FFFFE0]
        LayoutText {#text} at (0,0) size 186x19
          text run at (0,0) width 186: "Curabiturpretium,quamquiss?"
        LayoutBR {BR} at (186,15) size 0x0
        LayoutText {#text} at (0,20) size 298x19
          text run at (0,20) width 298: "empermalesuada,estliberofeugiatlibero,velfringi"
        LayoutBR {BR} at (298,35) size 0x0
        LayoutText {#text} at (0,40) size 131x19
          text run at (0,40) width 131: "llaorcinibhsedneque-"
        LayoutBR {BR} at (131,55) size 0x0
        LayoutText {#text} at (0,60) size 300x19
          text run at (0,60) width 300: "Quisqueeunullanonnisimolestieaccumsan.Etiam"
        LayoutBR {BR} at (300,75) size 0x0
        LayoutText {#text} at (0,80) size 191x19
          text run at (0,80) width 191: "tellusurna,laoreetac,laoreetnon"
        LayoutBR {BR} at (191,95) size 0x0
        LayoutText {#text} at (0,100) size 298x19
          text run at (0,100) width 298: "suscipitsed,sapien.Phasellusvehicula,sematposu"
        LayoutBR {BR} at (298,115) size 0x0
        LayoutText {#text} at (0,120) size 221x19
          text run at (0,120) width 221: "erevehicula,auguenibhmolestienisl-"
        LayoutBR {BR} at (221,135) size 0x0
        LayoutText {#text} at (0,140) size 298x19
          text run at (0,140) width 298: "necullamcorperlacusantevulputatepede.Nascetu"
        LayoutBR {BR} at (298,155) size 0x0
        LayoutText {#text} at (0,160) size 89x19
          text run at (0,160) width 89: "rridiculusmus."
