layer at (0,0) size 800x600
  LayoutView at (0,0) size 800x600
layer at (0,0) size 800x600
  LayoutBlockFlow {HTML} at (0,0) size 800x600
    LayoutBlockFlow {BODY} at (8,8) size 784x584
      LayoutBlockFlow {P} at (0,0) size 784x40
        LayoutText {#text} at (0,0) size 752x39
          text run at (0,0) width 752: "The following box should break the sequence of symbols at the 5 character mark and not overflow the blue box. This is"
          text run at (0,20) width 532: "because U+1D49E has a general category(gC) of Letter, for which break-all applies."
      LayoutBlockFlow {DIV} at (0,56) size 186x104 [border: (3px solid #0000FF)]
        LayoutText {#text} at (3,3) size 175x98
          text run at (3,3) width 175: "\x{D835}\x{DC9E}\x{D835}\x{DC9E}\x{D835}\x{DC9E}\x{D835}\x{DC9E}\x{D835}\x{DC9E}\x{D835}\x{DC9E}\x{D835}\x{DC9E}"
          text run at (3,52) width 75: "\x{D835}\x{DC9E}\x{D835}\x{DC9E}\x{D835}\x{DC9E}"
      LayoutBlockFlow {P} at (0,176) size 784x40
        LayoutText {#text} at (0,0) size 768x39
          text run at (0,0) width 768: "The following box should break between a pair of regional indicators ( U+1F1EF and U+1F1F5 ) because they (as a pair)"
          text run at (0,20) width 436: "act like Ideographs (LB=ID) whether or not 'word-break' is break-all."
      LayoutBlockFlow {DIV} at (0,232) size 186x202 [border: (3px solid #0000FF)]
        LayoutText {#text} at (3,3) size 126x196
          text run at (3,3) width 126: "\x{D83C}\x{DDEF}\x{D83C}\x{DDF5}\x{D83C}\x{DDEF}\x{D83C}\x{DDF5}"
          text run at (3,52) width 126: "\x{D83C}\x{DDEF}\x{D83C}\x{DDF5}\x{D83C}\x{DDEF}\x{D83C}\x{DDF5}"
          text run at (3,101) width 126: "\x{D83C}\x{DDEF}\x{D83C}\x{DDF5}\x{D83C}\x{DDEF}\x{D83C}\x{DDF5}"
          text run at (3,150) width 126: "\x{D83C}\x{DDEF}\x{D83C}\x{DDF5}\x{D83C}\x{DDEF}\x{D83C}\x{DDF5}"
