layer at (0,0) size 800x600
  LayoutView at (0,0) size 800x600
layer at (0,0) size 800x600
  LayoutBlockFlow {HTML} at (0,0) size 800x600
    LayoutBlockFlow {BODY} at (8,8) size 784x584
      LayoutBlockFlow {P} at (0,0) size 784x40
        LayoutText {#text} at (0,0) size 172x19
          text run at (0,0) width 172: "This is a regression test for "
        LayoutInline {I} at (0,0) size 710x39
          LayoutInline {A} at (0,0) size 348x19 [color=#0000EE]
            LayoutText {#text} at (172,0) size 348x19
              text run at (172,0) width 348: "http://bugzilla.opendarwin.org/show_bug.cgi?id=8485"
          LayoutText {#text} at (519,0) size 710x39
            text run at (519,0) width 5: " "
            text run at (523,0) width 187: "iExploder(#11705): Freeze in"
            text run at (0,20) width 172: "LayoutBlockFlow::layout()"
        LayoutText {#text} at (172,20) size 4x19
          text run at (172,20) width 4: "."
      LayoutBlockFlow {HR} at (0,56) size 784x2 [border: (1px inset #EEEEEE)]
      LayoutBlockFlow {DIV} at (0,66) size 30x282
        LayoutText {#text} at (0,2) size 87x277
          text run at (0,2) width 0: " "
          text run at (0,143) width 87: "A"
