layer at (0,0) size 800x600
  LayoutView at (0,0) size 800x600
layer at (0,0) size 800x372
  LayoutBlockFlow {HTML} at (0,0) size 800x372
    LayoutBlockFlow {BODY} at (8,16) size 784x348
      LayoutBlockFlow {P} at (0,0) size 784x20
        LayoutText {#text} at (0,0) size 551x19
          text run at (0,0) width 551: "crbug.com/133700: Ellipsis placed correctly in rtl text in an inline-block wth an rtl flow."
      LayoutBlockFlow {P} at (0,36) size 784x20
        LayoutText {#text} at (0,0) size 297x19
          text run at (0,0) width 297: "You should see text followed by ellipsis below."
      LayoutBlockFlow {P} at (0,108) size 784x20
        LayoutText {#text} at (0,0) size 297x19
          text run at (0,0) width 297: "You should see ellipsis followed by text below."
      LayoutBlockFlow {P} at (0,180) size 784x20
        LayoutText {#text} at (0,0) size 297x19
          text run at (0,0) width 297: "You should see text followed by ellipsis below."
      LayoutBlockFlow {P} at (0,272) size 784x20
        LayoutText {#text} at (0,0) size 297x19
          text run at (0,0) width 297: "You should see ellipsis followed by text below."
layer at (8,88) size 55x20 scrollWidth 60
  LayoutBlockFlow {DIV} at (0,72) size 55x20
    LayoutBlockFlow {SPAN} at (0,0) size 20x20
      LayoutText {#text} at (0,0) size 20x19
        text run at (0,0) width 20 RTL: "\x{5D0}\x{5D1}\x{5D2}"
    LayoutBlockFlow {SPAN} at (20,0) size 19x20
      LayoutText {#text} at (0,0) size 19x19
        text run at (0,0) width 19 RTL: "\x{5D3}\x{5D4}\x{5D5}"
    LayoutBlockFlow {SPAN} at (39,0) size 21x20
      LayoutText {#text} at (0,0) size 21x19
        text run at (0,0) width 21 RTL: "\x{5D6}\x{5D7}\x{5D8}"
    LayoutText {#text} at (0,0) size 0x0
layer at (8,160) size 55x20 scrollX 5.00 scrollWidth 60
  LayoutBlockFlow {DIV} at (0,144) size 55x20
    LayoutBlockFlow {SPAN} at (35,0) size 20x20
      LayoutText {#text} at (0,0) size 20x19
        text run at (0,0) width 20 RTL: "\x{5D0}\x{5D1}\x{5D2}"
    LayoutBlockFlow {SPAN} at (16,0) size 19x20
      LayoutText {#text} at (0,0) size 19x19
        text run at (0,0) width 19 RTL: "\x{5D3}\x{5D4}\x{5D5}"
    LayoutBlockFlow {SPAN} at (-5,0) size 21x20
      LayoutText {#text} at (0,0) size 21x19
        text run at (0,0) width 21 RTL: "\x{5D6}\x{5D7}\x{5D8}"
    LayoutText {#text} at (0,0) size 0x0
layer at (8,232) size 55x40 scrollWidth 124
  LayoutBlockFlow {DIV} at (0,216) size 55x40
    LayoutBlockFlow {SPAN} at (0,0) size 85x40
      LayoutText {#text} at (0,0) size 85x19
        text run at (0,0) width 85 RTL: "\x{5D0}\x{5D1}\x{5D2}\x{5D3}\x{5D4}\x{5D5}\x{5D6}\x{5D7}\x{5D8}\x{5D9}\x{5DB}\x{5DA}\x{5DC}"
      LayoutBR {BR} at (85,0) size 0x19
      LayoutText {#text} at (0,20) size 85x19
        text run at (0,20) width 85 RTL: "\x{5D0}\x{5D1}\x{5D2}\x{5D3}\x{5D4}\x{5D5}\x{5D6}\x{5D7}\x{5D8}\x{5D9}\x{5DB}\x{5DA}\x{5DC}"
    LayoutBlockFlow {SPAN} at (85,20) size 21x20
      LayoutText {#text} at (0,0) size 21x19
        text run at (0,0) width 21 RTL: "\x{5D6}\x{5D7}\x{5D8}"
    LayoutBlockFlow {SPAN} at (106,20) size 18x20
      LayoutText {#text} at (0,0) size 18x19
        text run at (0,0) width 18 RTL: "\x{5D9}\x{5DB}\x{5DA}"
    LayoutText {#text} at (0,0) size 0x0
layer at (8,324) size 55x40 scrollX 69.00 scrollWidth 124
  LayoutBlockFlow {DIV} at (0,308) size 55x40
    LayoutBlockFlow {SPAN} at (-30,0) size 85x40
      LayoutText {#text} at (0,0) size 85x19
        text run at (0,0) width 85 RTL: "\x{5D0}\x{5D1}\x{5D2}\x{5D3}\x{5D4}\x{5D5}\x{5D6}\x{5D7}\x{5D8}\x{5D9}\x{5DB}\x{5DA}\x{5DC}"
      LayoutBR {BR} at (0,0) size 0x19
      LayoutText {#text} at (0,20) size 85x19
        text run at (0,20) width 85 RTL: "\x{5D0}\x{5D1}\x{5D2}\x{5D3}\x{5D4}\x{5D5}\x{5D6}\x{5D7}\x{5D8}\x{5D9}\x{5DB}\x{5DA}\x{5DC}"
    LayoutBlockFlow {SPAN} at (-51,20) size 21x20
      LayoutText {#text} at (0,0) size 21x19
        text run at (0,0) width 21 RTL: "\x{5D6}\x{5D7}\x{5D8}"
    LayoutBlockFlow {SPAN} at (-69,20) size 18x20
      LayoutText {#text} at (0,0) size 18x19
        text run at (0,0) width 18 RTL: "\x{5D9}\x{5DB}\x{5DA}"
    LayoutText {#text} at (0,0) size 0x0
