layer at (0,0) size 800x600
  LayoutView at (0,0) size 800x600
layer at (0,0) size 800x372
  LayoutBlockFlow {HTML} at (0,0) size 800x372
    LayoutBlockFlow {BODY} at (8,16) size 784x348
      LayoutBlockFlow {P} at (0,0) size 784x20
        LayoutText {#text} at (0,0) size 551x19
          text run at (0,0) width 551: "crbug.com/133700: Ellipsis placed correctly in rtl text in an inline-block wth an rtl flow."
      LayoutBlockFlow {P} at (0,36) size 784x20
        LayoutText {#text} at (0,0) size 201x19
          text run at (0,0) width 201: "You should see abcdef... below."
      LayoutBlockFlow {P} at (0,108) size 784x20
        LayoutText {#text} at (0,0) size 201x19
          text run at (0,0) width 201: "You should see ...defabc below."
      LayoutBlockFlow {P} at (0,180) size 784x20
        LayoutText {#text} at (0,0) size 280x19
          text run at (0,0) width 280: "You should see abcde... then abcde... below."
      LayoutBlockFlow {P} at (0,272) size 784x20
        LayoutText {#text} at (0,0) size 286x19
          text run at (0,0) width 286: "You should see ...hijklm then ...hijklm below."
layer at (8,88) size 55x20 scrollWidth 62
  LayoutBlockFlow {DIV} at (0,72) size 55x20
    LayoutBlockFlow {SPAN} at (0,0) size 22x20
      LayoutText {#text} at (0,0) size 22x19
        text run at (0,0) width 22: "abc"
    LayoutBlockFlow {SPAN} at (22,0) size 20x20
      LayoutText {#text} at (0,0) size 20x19
        text run at (0,0) width 20: "def"
    LayoutBlockFlow {SPAN} at (42,0) size 20x20
      LayoutText {#text} at (0,0) size 20x19
        text run at (0,0) width 20: "ghi"
    LayoutText {#text} at (0,0) size 0x0
layer at (8,160) size 55x20 scrollX 7.00 scrollWidth 62
  LayoutBlockFlow {DIV} at (0,144) size 55x20
    LayoutBlockFlow {SPAN} at (33,0) size 22x20
      LayoutText {#text} at (0,0) size 22x19
        text run at (0,0) width 22: "abc"
    LayoutBlockFlow {SPAN} at (13,0) size 20x20
      LayoutText {#text} at (0,0) size 20x19
        text run at (0,0) width 20: "def"
    LayoutBlockFlow {SPAN} at (-7,0) size 20x20
      LayoutText {#text} at (0,0) size 20x19
        text run at (0,0) width 20: "ghi"
    LayoutText {#text} at (0,0) size 0x0
layer at (8,232) size 55x40 scrollWidth 126
  LayoutBlockFlow {DIV} at (0,216) size 55x40
    LayoutBlockFlow {SPAN} at (0,0) size 90x40
      LayoutText {#text} at (0,0) size 90x19
        text run at (0,0) width 90: "abcdefghijklm"
      LayoutBR {BR} at (90,0) size 0x19
      LayoutText {#text} at (0,20) size 90x19
        text run at (0,20) width 90: "abcdefghijklm"
    LayoutBlockFlow {SPAN} at (90,20) size 20x20
      LayoutText {#text} at (0,0) size 20x19
        text run at (0,0) width 20: "ghi"
    LayoutBlockFlow {SPAN} at (110,20) size 16x20
      LayoutText {#text} at (0,0) size 16x19
        text run at (0,0) width 16: "jkl"
    LayoutText {#text} at (0,0) size 0x0
layer at (8,324) size 55x40 scrollX 71.00 scrollWidth 126
  LayoutBlockFlow {DIV} at (0,308) size 55x40
    LayoutBlockFlow {SPAN} at (-35,0) size 90x40
      LayoutText {#text} at (0,0) size 90x19
        text run at (0,0) width 90: "abcdefghijklm"
      LayoutBR {BR} at (0,0) size 0x19
      LayoutText {#text} at (0,20) size 90x19
        text run at (0,20) width 90: "abcdefghijklm"
    LayoutBlockFlow {SPAN} at (-55,20) size 20x20
      LayoutText {#text} at (0,0) size 20x19
        text run at (0,0) width 20: "ghi"
    LayoutBlockFlow {SPAN} at (-71,20) size 16x20
      LayoutText {#text} at (0,0) size 16x19
        text run at (0,0) width 16: "jkl"
    LayoutText {#text} at (0,0) size 0x0
