layer at (0,0) size 800x600
  LayoutView at (0,0) size 800x600
layer at (0,0) size 800x600
  LayoutBlockFlow {HTML} at (0,0) size 800x600
    LayoutBlockFlow {BODY} at (8,8) size 784x584
      LayoutBlockFlow {P} at (0,0) size 784x20
        LayoutText {#text} at (0,0) size 52x19
          text run at (0,0) width 52: "Test for "
        LayoutInline {I} at (0,0) size 707x19
          LayoutInline {A} at (0,0) size 302x19 [color=#0000EE]
            LayoutText {#text} at (51,0) size 302x19
              text run at (51,0) width 302: "http://bugs.webkit.org/show_bug.cgi?id=14758"
          LayoutText {#text} at (352,0) size 406x19
            text run at (352,0) width 5: " "
            text run at (356,0) width 402: "REGRESSION: Repeated text after line break on facebook.com"
        LayoutText {#text} at (757,0) size 5x19
          text run at (757,0) width 5: "."
      LayoutBlockFlow {P} at (0,36) size 784x20
        LayoutText {#text} at (0,0) size 233x19
          text run at (0,0) width 233: "These two boxes should be identical:"
      LayoutBlockFlow {DIV} at (0,72) size 76x66 [border: (3px solid #000000)]
        LayoutBlockFlow (anonymous) at (3,3) size 70x40
          LayoutText {#text} at (0,0) size 42x19
            text run at (0,0) width 42: "Lorem"
          LayoutInline {SPAN} at (0,0) size 38x19
            LayoutText {#text} at (0,20) size 38x19
              text run at (0,20) width 38: "ipsum"
          LayoutText {#text} at (0,0) size 0x0
        LayoutBlockFlow {DIV} at (3,43) size 70x20
          LayoutText {#text} at (0,0) size 33x19
            text run at (0,0) width 33: "dolor"
      LayoutBlockFlow (anonymous) at (0,138) size 784x20
        LayoutBR {BR} at (0,0) size 0x19
      LayoutBlockFlow {DIV} at (0,158) size 76x66 [border: (3px solid #000000)]
        LayoutBlockFlow (anonymous) at (3,3) size 70x40
          LayoutText {#text} at (0,0) size 42x39
            text run at (0,0) width 42: "Lorem"
            text run at (0,20) width 38: "ipsum"
        LayoutBlockFlow {DIV} at (3,43) size 70x20
          LayoutText {#text} at (0,0) size 33x19
            text run at (0,0) width 33: "dolor"
