layer at (0,0) size 800x600
  LayoutView at (0,0) size 800x600
layer at (0,0) size 800x600
  LayoutBlockFlow {HTML} at (0,0) size 800x600
    LayoutBlockFlow {BODY} at (8,8) size 784x584
      LayoutBlockFlow {DIV} at (0,0) size 784x285 [color=#00000080]
        LayoutBlockFlow {DIV} at (0,0) size 784x57
          LayoutText {#text} at (0,1) size 243x55
            text run at (0,1) width 243: "Text shadow"
        LayoutBlockFlow {DIV} at (0,57) size 784x57
          LayoutText {#text} at (0,1) size 243x55
            text run at (0,1) width 243: "Text shadow"
        LayoutBlockFlow {DIV} at (0,114) size 784x57
          LayoutText {#text} at (0,1) size 243x55
            text run at (0,1) width 243: "Text shadow"
        LayoutBlockFlow {DIV} at (0,171) size 784x57
          LayoutText {#text} at (0,1) size 243x55
            text run at (0,1) width 243: "Text shadow"
        LayoutBlockFlow {DIV} at (0,228) size 784x57
          LayoutText {#text} at (0,1) size 243x55
            text run at (0,1) width 243: "Text shadow"
