layer at (0,0) size 800x600
  LayoutView at (0,0) size 800x600
layer at (0,0) size 800x412
  LayoutBlockFlow {HTML} at (0,0) size 800x412
    LayoutBlockFlow {BODY} at (8,16) size 784x380
      LayoutBlockFlow {P} at (0,0) size 784x20
        LayoutText {#text} at (0,0) size 63x19
          text run at (0,0) width 63: "locale=tr: "
        LayoutInline {SPAN} at (0,0) size 44x19
          LayoutText {#text} at (63,0) size 44x19
            text run at (63,0) width 44: "Isi\x{130} \x{130}s\x{131}I"
        LayoutText {#text} at (107,0) size 8x19
          text run at (107,0) width 8: " :"
      LayoutBlockFlow {P} at (0,36) size 784x20
        LayoutText {#text} at (0,0) size 92x19
          text run at (0,0) width 92: "locale=tr_TR: "
        LayoutInline {SPAN} at (0,0) size 44x19
          LayoutText {#text} at (92,0) size 44x19
            text run at (92,0) width 44: "Isi\x{130} \x{130}s\x{131}I"
        LayoutText {#text} at (136,0) size 8x19
          text run at (136,0) width 8: " :"
      LayoutBlockFlow {P} at (0,72) size 784x20
        LayoutText {#text} at (0,0) size 89x19
          text run at (0,0) width 89: "locale=tr-TR: "
        LayoutInline {SPAN} at (0,0) size 45x19
          LayoutText {#text} at (88,0) size 45x19
            text run at (88,0) width 45: "Isi\x{130} \x{130}s\x{131}I"
        LayoutText {#text} at (132,0) size 9x19
          text run at (132,0) width 9: " :"
      LayoutBlockFlow {P} at (0,108) size 784x20
        LayoutText {#text} at (0,0) size 128x19
          text run at (0,0) width 128: "locale=tr@foo=bar: "
        LayoutInline {SPAN} at (0,0) size 44x19
          LayoutText {#text} at (128,0) size 44x19
            text run at (128,0) width 44: "Isi\x{130} \x{130}s\x{131}I"
        LayoutText {#text} at (172,0) size 8x19
          text run at (172,0) width 8: " :"
      LayoutBlockFlow {P} at (0,144) size 784x20
        LayoutText {#text} at (0,0) size 68x19
          text run at (0,0) width 68: "locale=az: "
        LayoutInline {SPAN} at (0,0) size 44x19
          LayoutText {#text} at (68,0) size 44x19
            text run at (68,0) width 44: "Isi\x{130} \x{130}s\x{131}I"
        LayoutText {#text} at (112,0) size 8x19
          text run at (112,0) width 8: " :"
      LayoutBlockFlow {P} at (0,180) size 784x20
        LayoutText {#text} at (0,0) size 98x19
          text run at (0,0) width 98: "locale=az_AZ: "
        LayoutInline {SPAN} at (0,0) size 44x19
          LayoutText {#text} at (98,0) size 44x19
            text run at (98,0) width 44: "Isi\x{130} \x{130}s\x{131}I"
        LayoutText {#text} at (142,0) size 8x19
          text run at (142,0) width 8: " :"
      LayoutBlockFlow {P} at (0,216) size 784x20
        LayoutText {#text} at (0,0) size 95x19
          text run at (0,0) width 95: "locale=az-AZ: "
        LayoutInline {SPAN} at (0,0) size 44x19
          LayoutText {#text} at (95,0) size 44x19
            text run at (95,0) width 44: "Isi\x{130} \x{130}s\x{131}I"
        LayoutText {#text} at (139,0) size 8x19
          text run at (139,0) width 8: " :"
      LayoutBlockFlow {P} at (0,252) size 784x20
        LayoutText {#text} at (0,0) size 133x19
          text run at (0,0) width 133: "locale=az@foo=bar: "
        LayoutInline {SPAN} at (0,0) size 44x19
          LayoutText {#text} at (133,0) size 44x19
            text run at (133,0) width 44: "Isi\x{130} \x{130}s\x{131}I"
        LayoutText {#text} at (177,0) size 8x19
          text run at (177,0) width 8: " :"
      LayoutBlockFlow {P} at (0,288) size 784x20
        LayoutText {#text} at (0,0) size 89x19
          text run at (0,0) width 89: "locale=tr-US: "
        LayoutInline {SPAN} at (0,0) size 45x19
          LayoutText {#text} at (88,0) size 45x19
            text run at (88,0) width 45: "Isi\x{130} \x{130}s\x{131}I"
        LayoutText {#text} at (132,0) size 9x19
          text run at (132,0) width 9: " :"
      LayoutBlockFlow {P} at (0,324) size 784x20
        LayoutText {#text} at (0,0) size 75x19
          text run at (0,0) width 75: "locale=TR: "
        LayoutInline {SPAN} at (0,0) size 44x19
          LayoutText {#text} at (75,0) size 44x19
            text run at (75,0) width 44: "Isi\x{130} \x{130}s\x{131}I"
        LayoutText {#text} at (119,0) size 8x19
          text run at (119,0) width 8: " :"
      LayoutBlockFlow {P} at (0,360) size 784x20
        LayoutText {#text} at (0,0) size 69x19
          text run at (0,0) width 69: "locale=en: "
        LayoutInline {SPAN} at (0,0) size 44x19
          LayoutText {#text} at (69,0) size 44x19
            text run at (69,0) width 44: "Isi\x{130} \x{130}s\x{131}I"
        LayoutText {#text} at (113,0) size 8x19
          text run at (113,0) width 8: " :"
