layer at (0,0) size 800x600
  LayoutView at (0,0) size 800x600
layer at (0,0) size 800x600
  LayoutBlockFlow {HTML} at (0,0) size 800x600
    LayoutBlockFlow {BODY} at (8,8) size 784x584
      LayoutBlockFlow {DIV} at (0,0) size 784x152 [textFillColor=#800080] [textStrokeWidth=2.00]
        LayoutText {#text} at (0,1) size 616x149
          text run at (0,1) width 616: "Purple\x{300} fill, black stroke,"
          text run at (0,77) width 332: "complex text"
      LayoutBlockFlow {DIV} at (0,152) size 784x76 [textStrokeColor=#FFA500] [textStrokeWidth=1.33]
        LayoutText {#text} at (0,1) size 636x73
          text run at (0,1) width 636: "Orange stroke, black fill."
      LayoutBlockFlow {DIV} at (0,228) size 784x152 [textStrokeColor=#0000FF] [textStrokeWidth=1.33]
        LayoutText {#text} at (0,1) size 593x149
          text run at (0,1) width 593: "Blue stroke, no fill, red"
          text run at (0,77) width 207: "shadow."
