layer at (0,0) size 800x600
  LayoutView at (0,0) size 800x600
layer at (0,0) size 800x600
  LayoutBlockFlow {HTML} at (0,0) size 800x600
    LayoutBlockFlow {BODY} at (8,8) size 784x584
      LayoutBlockFlow {DIV} at (0,0) size 784x22 [textStrokeColor=#FF0000] [textStrokeWidth=1.00] [border: (1px dashed #000000)]
        LayoutText {#text} at (1,1) size 268x19
          text run at (1,1) width 268: "This text should have a red 1px red stroke."
