layer at (0,0) size 800x600
  LayoutView at (0,0) size 800x600
layer at (0,0) size 800x600
  LayoutBlockFlow {HTML} at (0,0) size 800x600
    LayoutBlockFlow {BODY} at (8,8) size 784x584
      LayoutBlockFlow (floating) {DIV} at (8,8) size 200x46 [bgcolor=#FFFFE0]
        LayoutText {#text} at (0,0) size 187x45
          text run at (0,0) width 182: "Lorem ipsum dolor sit"
          text run at (182,0) width 5: " "
          text run at (0,23) width 40: "amet"
      LayoutBlockFlow (floating) {DIV} at (224,8) size 200x46 [bgcolor=#FFFFE0]
        LayoutText {#text} at (9,0) size 187x45
          text run at (9,0) width 182: "Lorem ipsum dolor sit"
          text run at (191,0) width 5: " "
          text run at (80,23) width 40: "amet"
      LayoutBlockFlow (floating) {DIV} at (440,8) size 200x46 [bgcolor=#FFFFE0]
        LayoutText {#text} at (18,0) size 182x45
          text run at (18,0) width 182: "Lorem ipsum dolor sit"
          text run at (200,0) width 0: " "
          text run at (160,23) width 40: "amet"
      LayoutBlockFlow (floating) {DIV} at (8,70) size 200x46 [bgcolor=#FFFFE0]
        LayoutText {#text} at (0,0) size 200x45
          text run at (0,0) width 200: "Lorem ipsum dolor sit"
          text run at (200,0) width 0: " "
          text run at (0,23) width 40: "amet"
      LayoutBlockFlow (floating) {DIV} at (224,70) size 200x46 [bgcolor=#FFFFE0]
        LayoutText {#text} at (0,0) size 182x45
          text run at (0,0) width 0 RTL: " "
          text run at (0,0) width 182: "Lorem ipsum dolor sit"
          text run at (0,23) width 40: "amet"
      LayoutBlockFlow (floating) {DIV} at (440,70) size 200x46 [bgcolor=#FFFFE0]
        LayoutText {#text} at (4,0) size 187x45
          text run at (4,0) width 5 RTL: " "
          text run at (9,0) width 182: "Lorem ipsum dolor sit"
          text run at (80,23) width 40: "amet"
      LayoutBlockFlow (floating) {DIV} at (8,132) size 200x46 [bgcolor=#FFFFE0]
        LayoutText {#text} at (13,0) size 187x45
          text run at (13,0) width 5 RTL: " "
          text run at (18,0) width 182: "Lorem ipsum dolor sit"
          text run at (160,23) width 40: "amet"
      LayoutBlockFlow (floating) {DIV} at (224,132) size 200x46 [bgcolor=#FFFFE0]
        LayoutText {#text} at (0,0) size 200x45
          text run at (0,0) width 0 RTL: " "
          text run at (0,0) width 200: "Lorem ipsum dolor sit"
          text run at (160,23) width 40: "amet"
      LayoutBlockFlow (floating) {DIV} at (440,132) size 200x46 [bgcolor=#FFFFE0]
        LayoutText {#text} at (0,0) size 192x45
          text run at (0,0) width 114: "Lorem ipsum "
          text run at (114,0) width 73 RTL: "\x{5D0}\x{5E0}\x{5D8}\x{5E3} \x{5E9}\x{5DC}\x{5D2}\x{5D9}"
          text run at (187,0) width 5: " "
          text run at (0,23) width 40: "amet"
      LayoutBlockFlow (floating) {DIV} at (8,194) size 200x46 [bgcolor=#FFFFE0]
        LayoutText {#text} at (6,0) size 193x45
          text run at (6,0) width 115: "Lorem ipsum "
          text run at (120,0) width 74 RTL: "\x{5D0}\x{5E0}\x{5D8}\x{5E3} \x{5E9}\x{5DC}\x{5D2}\x{5D9}"
          text run at (193,0) width 6: " "
          text run at (80,23) width 40: "amet"
      LayoutBlockFlow (floating) {DIV} at (224,194) size 200x46 [bgcolor=#FFFFE0]
        LayoutText {#text} at (13,0) size 187x45
          text run at (13,0) width 114: "Lorem ipsum "
          text run at (127,0) width 73 RTL: "\x{5D0}\x{5E0}\x{5D8}\x{5E3} \x{5E9}\x{5DC}\x{5D2}\x{5D9}"
          text run at (200,0) width 0: " "
          text run at (160,23) width 40: "amet"
      LayoutBlockFlow (floating) {DIV} at (440,194) size 200x46 [bgcolor=#FFFFE0]
        LayoutText {#text} at (0,0) size 200x45
          text run at (0,0) width 122: "Lorem ipsum "
          text run at (122,0) width 78 RTL: "\x{5D0}\x{5E0}\x{5D8}\x{5E3} \x{5E9}\x{5DC}\x{5D2}\x{5D9}"
          text run at (200,0) width 0: " "
          text run at (0,23) width 40: "amet"
      LayoutBlockFlow (floating) {DIV} at (8,256) size 200x46 [bgcolor=#FFFFE0]
        LayoutText {#text} at (0,0) size 187x45
          text run at (0,0) width 0 RTL: " "
          text run at (0,0) width 78 RTL: " \x{5D0}\x{5E0}\x{5D8}\x{5E3} \x{5E9}\x{5DC}\x{5D2}\x{5D9}"
          text run at (78,0) width 109: "Lorem ipsum"
          text run at (0,23) width 40: "amet"
      LayoutBlockFlow (floating) {DIV} at (224,256) size 200x46 [bgcolor=#FFFFE0]
        LayoutText {#text} at (1,0) size 193x45
          text run at (1,0) width 6 RTL: " "
          text run at (6,0) width 79 RTL: " \x{5D0}\x{5E0}\x{5D8}\x{5E3} \x{5E9}\x{5DC}\x{5D2}\x{5D9}"
          text run at (84,0) width 110: "Lorem ipsum"
          text run at (80,23) width 40: "amet"
      LayoutBlockFlow (floating) {DIV} at (440,256) size 200x46 [bgcolor=#FFFFE0]
        LayoutText {#text} at (8,0) size 192x45
          text run at (8,0) width 5 RTL: " "
          text run at (13,0) width 78 RTL: " \x{5D0}\x{5E0}\x{5D8}\x{5E3} \x{5E9}\x{5DC}\x{5D2}\x{5D9}"
          text run at (91,0) width 109: "Lorem ipsum"
          text run at (160,23) width 40: "amet"
      LayoutBlockFlow (floating) {DIV} at (8,318) size 200x46 [bgcolor=#FFFFE0]
        LayoutText {#text} at (0,0) size 200x45
          text run at (0,0) width 0 RTL: " "
          text run at (0,0) width 86 RTL: " \x{5D0}\x{5E0}\x{5D8}\x{5E3} \x{5E9}\x{5DC}\x{5D2}\x{5D9}"
          text run at (86,0) width 114: "Lorem ipsum"
          text run at (160,23) width 40: "amet"
