layer at (0,0) size 800x600
  LayoutView at (0,0) size 800x600
layer at (0,0) size 800x600
  LayoutBlockFlow {HTML} at (0,0) size 800x600
    LayoutBlockFlow {BODY} at (8,8) size 784x584
      LayoutBlockFlow (floating) {DIV} at (8,8) size 200x46 [bgcolor=#FFFFE0]
        LayoutText {#text} at (0,0) size 157x22
          text run at (0,0) width 157: "Lorem ipsum dolor"
        LayoutInline {SPAN} at (0,0) size 187x45 [bgcolor=#FFC0CB]
          LayoutText {#text} at (157,0) size 187x45
            text run at (157,0) width 25: " sit"
            text run at (182,0) width 5: " "
            text run at (0,23) width 40: "amet"
        LayoutText {#text} at (0,0) size 0x0
      LayoutBlockFlow (floating) {DIV} at (224,8) size 200x46 [bgcolor=#FFFFE0]
        LayoutText {#text} at (9,0) size 157x22
          text run at (9,0) width 157: "Lorem ipsum dolor"
        LayoutInline {SPAN} at (0,0) size 116x45 [bgcolor=#FFC0CB]
          LayoutText {#text} at (166,0) size 116x45
            text run at (166,0) width 25: " sit"
            text run at (191,0) width 5: " "
            text run at (80,23) width 40: "amet"
        LayoutText {#text} at (0,0) size 0x0
      LayoutBlockFlow (floating) {DIV} at (440,8) size 200x46 [bgcolor=#FFFFE0]
        LayoutText {#text} at (18,0) size 157x22
          text run at (18,0) width 157: "Lorem ipsum dolor"
        LayoutInline {SPAN} at (0,0) size 40x45 [bgcolor=#FFC0CB]
          LayoutText {#text} at (175,0) size 40x45
            text run at (175,0) width 25: " sit"
            text run at (200,0) width 0: " "
            text run at (160,23) width 40: "amet"
        LayoutText {#text} at (0,0) size 0x0
      LayoutBlockFlow (floating) {DIV} at (8,70) size 200x46 [bgcolor=#FFFFE0]
        LayoutText {#text} at (0,0) size 169x22
          text run at (0,0) width 169: "Lorem ipsum dolor"
        LayoutInline {SPAN} at (0,0) size 200x45 [bgcolor=#FFC0CB]
          LayoutText {#text} at (169,0) size 200x45
            text run at (169,0) width 31: " sit"
            text run at (200,0) width 0: " "
            text run at (0,23) width 40: "amet"
        LayoutText {#text} at (0,0) size 0x0
      LayoutBlockFlow (floating) {DIV} at (224,70) size 200x46 [bgcolor=#FFFFE0]
        LayoutText {#text} at (0,0) size 157x22
          text run at (0,0) width 157: "Lorem ipsum dolor"
        LayoutInline {SPAN} at (0,0) size 182x45 [bgcolor=#FFC0CB]
          LayoutText {#text} at (0,0) size 182x45
            text run at (0,0) width 0 RTL: " "
            text run at (157,0) width 25: " sit"
            text run at (0,23) width 40: "amet"
        LayoutText {#text} at (0,0) size 0x0
      LayoutBlockFlow (floating) {DIV} at (440,70) size 200x46 [bgcolor=#FFFFE0]
        LayoutText {#text} at (9,0) size 157x22
          text run at (9,0) width 157: "Lorem ipsum dolor"
        LayoutInline {SPAN} at (0,0) size 187x45 [bgcolor=#FFC0CB]
          LayoutText {#text} at (4,0) size 187x45
            text run at (4,0) width 5 RTL: " "
            text run at (166,0) width 25: " sit"
            text run at (80,23) width 40: "amet"
        LayoutText {#text} at (0,0) size 0x0
      LayoutBlockFlow (floating) {DIV} at (8,132) size 200x46 [bgcolor=#FFFFE0]
        LayoutText {#text} at (18,0) size 157x22
          text run at (18,0) width 157: "Lorem ipsum dolor"
        LayoutInline {SPAN} at (0,0) size 187x45 [bgcolor=#FFC0CB]
          LayoutText {#text} at (13,0) size 187x45
            text run at (13,0) width 5 RTL: " "
            text run at (175,0) width 25: " sit"
            text run at (160,23) width 40: "amet"
        LayoutText {#text} at (0,0) size 0x0
      LayoutBlockFlow (floating) {DIV} at (224,132) size 200x46 [bgcolor=#FFFFE0]
        LayoutText {#text} at (0,0) size 169x22
          text run at (0,0) width 169: "Lorem ipsum dolor"
        LayoutInline {SPAN} at (0,0) size 200x45 [bgcolor=#FFC0CB]
          LayoutText {#text} at (0,0) size 200x45
            text run at (0,0) width 0 RTL: " "
            text run at (169,0) width 31: " sit"
            text run at (160,23) width 40: "amet"
        LayoutText {#text} at (0,0) size 0x0
      LayoutBlockFlow (floating) {DIV} at (440,132) size 200x46 [bgcolor=#FFFFE0]
        LayoutText {#text} at (0,0) size 187x22
          text run at (0,0) width 114: "Lorem ipsum "
          text run at (152,0) width 35 RTL: "\x{5D0}\x{5E0}\x{5D8}\x{5E3}"
        LayoutInline {SPAN} at (0,0) size 192x45 [bgcolor=#FFC0CB]
          LayoutText {#text} at (114,0) size 192x45
            text run at (114,0) width 38 RTL: " \x{5E9}\x{5DC}\x{5D2}\x{5D9}"
            text run at (187,0) width 5: " "
            text run at (0,23) width 40: "amet"
        LayoutText {#text} at (0,0) size 0x0
      LayoutBlockFlow (floating) {DIV} at (8,194) size 200x46 [bgcolor=#FFFFE0]
        LayoutText {#text} at (6,0) size 188x22
          text run at (6,0) width 115: "Lorem ipsum "
          text run at (158,0) width 36 RTL: "\x{5D0}\x{5E0}\x{5D8}\x{5E3}"
        LayoutInline {SPAN} at (0,0) size 119x45 [bgcolor=#FFC0CB]
          LayoutText {#text} at (120,0) size 119x45
            text run at (120,0) width 39 RTL: " \x{5E9}\x{5DC}\x{5D2}\x{5D9}"
            text run at (193,0) width 6: " "
            text run at (80,23) width 40: "amet"
        LayoutText {#text} at (0,0) size 0x0
      LayoutBlockFlow (floating) {DIV} at (224,194) size 200x46 [bgcolor=#FFFFE0]
        LayoutText {#text} at (13,0) size 187x22
          text run at (13,0) width 114: "Lorem ipsum "
          text run at (165,0) width 35 RTL: "\x{5D0}\x{5E0}\x{5D8}\x{5E3}"
        LayoutInline {SPAN} at (0,0) size 73x45 [bgcolor=#FFC0CB]
          LayoutText {#text} at (127,0) size 73x45
            text run at (127,0) width 38 RTL: " \x{5E9}\x{5DC}\x{5D2}\x{5D9}"
            text run at (200,0) width 0: " "
            text run at (160,23) width 40: "amet"
        LayoutText {#text} at (0,0) size 0x0
      LayoutBlockFlow (floating) {DIV} at (440,194) size 200x46 [bgcolor=#FFFFE0]
        LayoutText {#text} at (0,0) size 200x22
          text run at (0,0) width 122: "Lorem ipsum "
          text run at (165,0) width 35 RTL: "\x{5D0}\x{5E0}\x{5D8}\x{5E3}"
        LayoutInline {SPAN} at (0,0) size 200x45 [bgcolor=#FFC0CB]
          LayoutText {#text} at (122,0) size 200x45
            text run at (122,0) width 43 RTL: " \x{5E9}\x{5DC}\x{5D2}\x{5D9}"
            text run at (200,0) width 0: " "
            text run at (0,23) width 40: "amet"
        LayoutText {#text} at (0,0) size 0x0
      LayoutBlockFlow (floating) {DIV} at (8,256) size 200x46 [bgcolor=#FFFFE0]
        LayoutText {#text} at (38,0) size 149x22
          text run at (38,0) width 40 RTL: " \x{5D0}\x{5E0}\x{5D8}\x{5E3}"
          text run at (78,0) width 109: "Lorem ipsum"
        LayoutInline {SPAN} at (0,0) size 40x45 [bgcolor=#FFC0CB]
          LayoutText {#text} at (0,0) size 40x45
            text run at (0,0) width 0 RTL: " "
            text run at (0,0) width 38 RTL: " \x{5E9}\x{5DC}\x{5D2}\x{5D9}"
            text run at (0,23) width 40: "amet"
        LayoutText {#text} at (0,0) size 0x0
      LayoutBlockFlow (floating) {DIV} at (224,256) size 200x46 [bgcolor=#FFFFE0]
        LayoutText {#text} at (44,0) size 150x22
          text run at (44,0) width 41 RTL: " \x{5D0}\x{5E0}\x{5D8}\x{5E3}"
          text run at (84,0) width 110: "Lorem ipsum"
        LayoutInline {SPAN} at (0,0) size 119x45 [bgcolor=#FFC0CB]
          LayoutText {#text} at (1,0) size 119x45
            text run at (1,0) width 6 RTL: " "
            text run at (6,0) width 39 RTL: " \x{5E9}\x{5DC}\x{5D2}\x{5D9}"
            text run at (80,23) width 40: "amet"
        LayoutText {#text} at (0,0) size 0x0
      LayoutBlockFlow (floating) {DIV} at (440,256) size 200x46 [bgcolor=#FFFFE0]
        LayoutText {#text} at (51,0) size 149x22
          text run at (51,0) width 40 RTL: " \x{5D0}\x{5E0}\x{5D8}\x{5E3}"
          text run at (91,0) width 109: "Lorem ipsum"
        LayoutInline {SPAN} at (0,0) size 192x45 [bgcolor=#FFC0CB]
          LayoutText {#text} at (8,0) size 192x45
            text run at (8,0) width 5 RTL: " "
            text run at (13,0) width 38 RTL: " \x{5E9}\x{5DC}\x{5D2}\x{5D9}"
            text run at (160,23) width 40: "amet"
        LayoutText {#text} at (0,0) size 0x0
      LayoutBlockFlow (floating) {DIV} at (8,318) size 200x46 [bgcolor=#FFFFE0]
        LayoutText {#text} at (42,0) size 158x22
          text run at (42,0) width 44 RTL: " \x{5D0}\x{5E0}\x{5D8}\x{5E3}"
          text run at (86,0) width 114: "Lorem ipsum"
        LayoutInline {SPAN} at (0,0) size 200x45 [bgcolor=#FFC0CB]
          LayoutText {#text} at (0,0) size 200x45
            text run at (0,0) width 0 RTL: " "
            text run at (0,0) width 42 RTL: " \x{5E9}\x{5DC}\x{5D2}\x{5D9}"
            text run at (160,23) width 40: "amet"
        LayoutText {#text} at (0,0) size 0x0
