layer at (0,0) size 800x600
  LayoutView at (0,0) size 800x600
layer at (0,0) size 800x600
  LayoutBlockFlow {HTML} at (0,0) size 800x600
    LayoutBlockFlow {BODY} at (8,8) size 784x584
      LayoutBlockFlow {P} at (0,0) size 784x20
        LayoutText {#text} at (0,0) size 253x19
          text run at (0,0) width 253: "These two glyphs should look the same:"
      LayoutBlockFlow {DIV} at (0,36) size 784x59
        LayoutText {#text} at (0,3) size 36x55
          text run at (0,3) width 36: "\x{D842}\x{DF9F}"
      LayoutBlockFlow {DIV} at (0,95) size 57x55
        LayoutText {#text} at (1,0) size 55x55
          text run at (1,0) width 55: "\x{D842}\x{DF9F}"
