layer at (0,0) size 800x600 scrollHeight 846
  LayoutView at (0,0) size 800x600
layer at (0,0) size 800x846 backgroundClip at (0,0) size 800x600 clip at (0,0) size 800x600
  LayoutBlockFlow {HTML} at (0,0) size 800x846
    LayoutBlockFlow {BODY} at (8,8) size 784x828
      LayoutBlockFlow {P} at (0,0) size 784x20
        LayoutText {#text} at (0,0) size 173x19
          text run at (0,0) width 173: "Two words with no spaces."
      LayoutBlockFlow {DIV} at (0,36) size 302x22 [border: (1px solid #0000FF)]
        LayoutText {#text} at (1,1) size 480x19
          text run at (1,1) width 480: "aaaaaaaaaaaaaaaaaaaaaaaaaaaaaaaabbbbbbbbbbbbbbbbbbbbbbbbbbbbbbbb"
      LayoutTable {TABLE} at (0,68) size 784x22
        LayoutTableSection {TBODY} at (0,0) size 784x22
          LayoutTableRow {TR} at (0,0) size 784x22
            LayoutTableCell {TD} at (0,0) size 482x22 [border: (1px solid #008000)] [r=0 c=0 rs=1 cs=1]
              LayoutText {#text} at (1,1) size 480x19
                text run at (1,1) width 480: "aaaaaaaaaaaaaaaaaaaaaaaaaaaaaaaabbbbbbbbbbbbbbbbbbbbbbbbbbbbbbbb"
            LayoutTableCell {TD} at (482,11) size 302x0 [r=0 c=1 rs=1 cs=1]
      LayoutBlockFlow {P} at (0,106) size 784x20
        LayoutText {#text} at (0,0) size 187x19
          text run at (0,0) width 187: "Using <wbr> to break words."
      LayoutBlockFlow {DIV} at (0,142) size 302x42 [border: (1px solid #0000FF)]
        LayoutText {#text} at (1,1) size 224x19
          text run at (1,1) width 224: "aaaaaaaaaaaaaaaaaaaaaaaaaaaaaaaa"
        LayoutWordBreak {WBR} at (0,0) size 0x0
        LayoutText {#text} at (1,21) size 256x19
          text run at (1,21) width 256: "bbbbbbbbbbbbbbbbbbbbbbbbbbbbbbbb"
      LayoutTable {TABLE} at (0,194) size 784x42
        LayoutTableSection {TBODY} at (0,0) size 784x42
          LayoutTableRow {TR} at (0,0) size 784x42
            LayoutTableCell {TD} at (0,0) size 258x42 [border: (1px solid #008000)] [r=0 c=0 rs=1 cs=1]
              LayoutText {#text} at (1,1) size 224x19
                text run at (1,1) width 224: "aaaaaaaaaaaaaaaaaaaaaaaaaaaaaaaa"
              LayoutWordBreak {WBR} at (0,0) size 0x0
              LayoutText {#text} at (1,21) size 256x19
                text run at (1,21) width 256: "bbbbbbbbbbbbbbbbbbbbbbbbbbbbbbbb"
            LayoutTableCell {TD} at (258,21) size 526x0 [r=0 c=1 rs=1 cs=1]
      LayoutBlockFlow {P} at (0,252) size 784x20
        LayoutText {#text} at (0,0) size 282x19
          text run at (0,0) width 282: "Using <wbr> within <nobr> to break words."
      LayoutBlockFlow {DIV} at (0,288) size 302x42 [border: (1px solid #0000FF)]
        LayoutInline {NOBR} at (0,0) size 256x39
          LayoutText {#text} at (1,1) size 224x19
            text run at (1,1) width 224: "aaaaaaaaaaaaaaaaaaaaaaaaaaaaaaaa"
          LayoutWordBreak {WBR} at (0,0) size 0x0
          LayoutText {#text} at (1,21) size 256x19
            text run at (1,21) width 256: "bbbbbbbbbbbbbbbbbbbbbbbbbbbbbbbb"
      LayoutTable {TABLE} at (0,340) size 784x42
        LayoutTableSection {TBODY} at (0,0) size 784x42
          LayoutTableRow {TR} at (0,0) size 784x42
            LayoutTableCell {TD} at (0,0) size 258x42 [border: (1px solid #008000)] [r=0 c=0 rs=1 cs=1]
              LayoutInline {NOBR} at (0,0) size 256x39
                LayoutText {#text} at (1,1) size 224x19
                  text run at (1,1) width 224: "aaaaaaaaaaaaaaaaaaaaaaaaaaaaaaaa"
                LayoutWordBreak {WBR} at (0,0) size 0x0
                LayoutText {#text} at (1,21) size 256x19
                  text run at (1,21) width 256: "bbbbbbbbbbbbbbbbbbbbbbbbbbbbbbbb"
            LayoutTableCell {TD} at (258,21) size 526x0 [r=0 c=1 rs=1 cs=1]
      LayoutBlockFlow {P} at (0,398) size 784x20
        LayoutText {#text} at (0,0) size 222x19
          text run at (0,0) width 222: "Using <wbr> to break three words."
      LayoutBlockFlow {DIV} at (0,434) size 302x62 [border: (1px solid #0000FF)]
        LayoutText {#text} at (1,1) size 168x19
          text run at (1,1) width 168: "aaaaaaaaaaaaaaaaaaaaaaaa"
        LayoutWordBreak {WBR} at (0,0) size 0x0
        LayoutText {#text} at (1,21) size 192x19
          text run at (1,21) width 192: "bbbbbbbbbbbbbbbbbbbbbbbb"
        LayoutWordBreak {WBR} at (0,0) size 0x0
        LayoutText {#text} at (1,41) size 168x19
          text run at (1,41) width 168: "cccccccccccccccccccccccc"
      LayoutTable {TABLE} at (0,506) size 784x62
        LayoutTableSection {TBODY} at (0,0) size 784x62
          LayoutTableRow {TR} at (0,0) size 784x62
            LayoutTableCell {TD} at (0,0) size 194x62 [border: (1px solid #008000)] [r=0 c=0 rs=1 cs=1]
              LayoutText {#text} at (1,1) size 168x19
                text run at (1,1) width 168: "aaaaaaaaaaaaaaaaaaaaaaaa"
              LayoutWordBreak {WBR} at (0,0) size 0x0
              LayoutText {#text} at (1,21) size 192x19
                text run at (1,21) width 192: "bbbbbbbbbbbbbbbbbbbbbbbb"
              LayoutWordBreak {WBR} at (0,0) size 0x0
              LayoutText {#text} at (1,41) size 168x19
                text run at (1,41) width 168: "cccccccccccccccccccccccc"
            LayoutTableCell {TD} at (194,31) size 590x0 [r=0 c=1 rs=1 cs=1]
      LayoutBlockFlow {P} at (0,584) size 784x20
        LayoutText {#text} at (0,0) size 317x19
          text run at (0,0) width 317: "Using <wbr> within <nobr> to break three words."
      LayoutBlockFlow {DIV} at (0,620) size 302x62 [border: (1px solid #0000FF)]
        LayoutInline {NOBR} at (0,0) size 192x59
          LayoutText {#text} at (1,1) size 168x19
            text run at (1,1) width 168: "aaaaaaaaaaaaaaaaaaaaaaaa"
          LayoutWordBreak {WBR} at (0,0) size 0x0
          LayoutText {#text} at (1,21) size 192x19
            text run at (1,21) width 192: "bbbbbbbbbbbbbbbbbbbbbbbb"
          LayoutWordBreak {WBR} at (0,0) size 0x0
          LayoutText {#text} at (1,41) size 168x19
            text run at (1,41) width 168: "cccccccccccccccccccccccc"
      LayoutTable {TABLE} at (0,692) size 784x62
        LayoutTableSection {TBODY} at (0,0) size 784x62
          LayoutTableRow {TR} at (0,0) size 784x62
            LayoutTableCell {TD} at (0,0) size 194x62 [border: (1px solid #008000)] [r=0 c=0 rs=1 cs=1]
              LayoutInline {NOBR} at (0,0) size 192x59
                LayoutText {#text} at (1,1) size 168x19
                  text run at (1,1) width 168: "aaaaaaaaaaaaaaaaaaaaaaaa"
                LayoutWordBreak {WBR} at (0,0) size 0x0
                LayoutText {#text} at (1,21) size 192x19
                  text run at (1,21) width 192: "bbbbbbbbbbbbbbbbbbbbbbbb"
                LayoutWordBreak {WBR} at (0,0) size 0x0
                LayoutText {#text} at (1,41) size 168x19
                  text run at (1,41) width 168: "cccccccccccccccccccccccc"
            LayoutTableCell {TD} at (194,31) size 590x0 [r=0 c=1 rs=1 cs=1]
      LayoutBlockFlow {P} at (0,770) size 784x20
        LayoutText {#text} at (0,0) size 436x19
          text run at (0,0) width 436: "Spaces both before and after <wbr> to check for collapsing behavior."
      LayoutBlockFlow {DIV} at (0,806) size 302x22 [border: (1px solid #0000FF)]
        LayoutText {#text} at (1,1) size 25x19
          text run at (1,1) width 25: "aaa "
        LayoutWordBreak {WBR} at (0,0) size 0x0
        LayoutText {#text} at (26,1) size 24x19
          text run at (26,1) width 24: "bbb"
