layer at (0,0) size 800x600
  LayoutView at (0,0) size 800x600
layer at (0,0) size 800x600
  LayoutBlockFlow {HTML} at (0,0) size 800x600
    LayoutBlockFlow {BODY} at (8,8) size 784x576
      LayoutBlockFlow {P} at (0,0) size 784x20
        LayoutText {#text} at (0,0) size 90x19
          text run at (0,0) width 90: "This tests that "
        LayoutInline {TT} at (0,0) size 24x16
          LayoutText {#text} at (90,3) size 24x16
            text run at (90,3) width 24: "WBR"
        LayoutText {#text} at (114,0) size 300x19
          text run at (114,0) width 300: " elements cannot be styled and that setting their "
        LayoutInline {TT} at (0,0) size 64x16
          LayoutText {#text} at (414,3) size 64x16
            text run at (414,3) width 64: "position"
        LayoutText {#text} at (478,0) size 20x19
          text run at (478,0) width 20: " to "
        LayoutInline {TT} at (0,0) size 64x16
          LayoutText {#text} at (498,3) size 64x16
            text run at (498,3) width 64: "absolute"
        LayoutText {#text} at (562,0) size 151x19
          text run at (562,0) width 151: " does not crash WebKit."
      LayoutBlockFlow {P} at (0,36) size 784x20
        LayoutText {#text} at (0,0) size 126x19
          text run at (0,0) width 126: "There should be no "
        LayoutWordBreak {WBR} at (0,0) size 0x0
        LayoutText {#text} at (126,0) size 97x19
          text run at (126,0) width 97: "red on this line."
      LayoutBlockFlow {P} at (0,72) size 784x20
        LayoutText {#text} at (0,0) size 124x19
          text run at (0,0) width 124: "No crashing, please"
        LayoutWordBreak {WBR} at (0,0) size 0x0
        LayoutText {#text} at (124,0) size 4x19
          text run at (124,0) width 4: "."
