layer at (0,0) size 800x600
  LayoutView at (0,0) size 800x600
layer at (0,0) size 800x600
  LayoutBlockFlow {HTML} at (0,0) size 800x600
    LayoutBlockFlow {BODY} at (8,8) size 784x584
      LayoutBlockFlow {P} at (0,0) size 784x40
        LayoutText {#text} at (0,0) size 52x19
          text run at (0,0) width 52: "Test for "
        LayoutInline {I} at (0,0) size 762x39
          LayoutInline {A} at (0,0) size 302x19 [color=#0000EE]
            LayoutText {#text} at (51,0) size 302x19
              text run at (51,0) width 302: "http://bugs.webkit.org/show_bug.cgi?id=17464"
          LayoutText {#text} at (352,0) size 762x39
            text run at (352,0) width 5: " "
            text run at (356,0) width 406: "REGRESSION: Crash in LayoutBlockFlow::findNextLineBreak"
            text run at (0,20) width 250: "reading r30444 commit email in GMail"
        LayoutText {#text} at (249,20) size 5x19
          text run at (249,20) width 5: "."
      LayoutBlockFlow {P} at (0,56) size 784x20
        LayoutText {#text} at (0,0) size 156x19
          text run at (0,0) width 156: "No crash means success."
      LayoutBlockFlow {DIV} at (0,92) size 100x40
        LayoutText {#text} at (0,0) size 84x19
          text run at (0,0) width 84: "Lorem ipsum"
        LayoutWordBreak {WBR} at (0,0) size 0x0
        LayoutText {#text} at (0,20) size 85x19
          text run at (0,20) width 85: "dolor sit amet"
