layer at (0,0) size 800x600
  LayoutView at (0,0) size 800x600
layer at (0,0) size 800x600
  LayoutBlockFlow {HTML} at (0,0) size 800x600
    LayoutBlockFlow {BODY} at (8,8) size 784x579
      LayoutBlockFlow {PRE} at (0,0) size 784x48
        LayoutText {#text} at (0,0) size 184x16
          text run at (0,0) width 184: "[ONE] This is the first"
        LayoutWordBreak {WBR} at (0,0) size 0x0
        LayoutText {#text} at (184,0) size 568x48
          text run at (184,0) width 48: " line."
          text run at (232,0) width 0: " "
          text run at (0,16) width 568: "[TWO] If this on the same line as the first line, this test has failed."
          text run at (568,16) width 0: " "
          text run at (0,32) width 32: "    "
