layer at (0,0) size 800x600
  LayoutView at (0,0) size 800x600
layer at (0,0) size 800x600
  LayoutBlockFlow {HTML} at (0,0) size 800x600
    LayoutBlockFlow {BODY} at (8,8) size 784x576
      LayoutBlockFlow {SECTION} at (0,0) size 784x96.91
        LayoutBlockFlow {H1} at (0,0) size 784x33
          LayoutText {#text} at (0,0) size 261x33
            text run at (0,0) width 261: "Webfont Synthetic Bold"
        LayoutBlockFlow {P} at (0,52.91) size 784x44
          LayoutText {#text} at (0,0) size 32x22
            text run at (0,0) width 32: "The "
          LayoutInline {B} at (0,0) size 154x22
            LayoutText {#text} at (32,0) size 154x22
              text run at (32,0) width 154: "bold part of this text"
          LayoutText {#text} at (185,0) size 752x44
            text run at (185,0) width 273: " as well as the header above should "
            text run at (457,0) width 295: "not be rendered nice and crisp without"
            text run at (0,22) width 146: "being overly blurry."
