layer at (0,0) size 800x600
  LayoutView at (0,0) size 800x600
layer at (0,0) size 800x600
  LayoutBlockFlow {HTML} at (0,0) size 800x600
    LayoutBlockFlow {BODY} at (8,8) size 784x576
      LayoutBlockFlow {P} at (0,0) size 784x40
        LayoutText {#text} at (0,0) size 52x19
          text run at (0,0) width 52: "Test for "
        LayoutInline {I} at (0,0) size 782x39
          LayoutInline {A} at (0,0) size 302x19 [color=#0000EE]
            LayoutText {#text} at (51,0) size 302x19
              text run at (51,0) width 302: "http://bugs.webkit.org/show_bug.cgi?id=15259"
          LayoutText {#text} at (352,0) size 782x39
            text run at (352,0) width 5: " "
            text run at (356,0) width 426: "REGRESSION:Text overflows if a empty <td> is followed by a <td"
            text run at (0,20) width 107: "align=\"center\">"
        LayoutText {#text} at (107,20) size 4x19
          text run at (107,20) width 4: "."
      LayoutBlockFlow {P} at (0,56) size 784x20
        LayoutText {#text} at (0,0) size 261x19
          text run at (0,0) width 261: "The next 7 lines should all look the same."
      LayoutBlockFlow (floating) {DIV} at (0,92) size 83x26 [border: (3px solid #000000)]
        LayoutText {#text} at (3,3) size 77x19
          text run at (3,3) width 77: "A B"
      LayoutBlockFlow (floating) {DIV} at (0,118) size 83x26 [border: (3px solid #000000)]
        LayoutText {#text} at (3,3) size 77x19
          text run at (3,3) width 77: "A B"
      LayoutBlockFlow (floating) {DIV} at (0,144) size 83x26 [border: (3px solid #000000)]
        LayoutInline {SPAN} at (0,0) size 12x19
          LayoutText {#text} at (3,3) size 12x19
            text run at (3,3) width 12: "A"
        LayoutText {#text} at (65,3) size 15x19
          text run at (65,3) width 15: " B"
      LayoutBlockFlow (floating) {DIV} at (0,170) size 83x26 [border: (3px solid #000000)]
        LayoutInline {SPAN} at (0,0) size 12x19
          LayoutText {#text} at (3,3) size 12x19
            text run at (3,3) width 12: "A"
        LayoutText {#text} at (65,3) size 15x19
          text run at (65,3) width 15: " B"
      LayoutBlockFlow (floating) {DIV} at (0,196) size 83x26 [border: (3px solid #000000)]
        LayoutInline {SPAN} at (0,0) size 12x19
          LayoutText {#text} at (3,3) size 12x19
            text run at (3,3) width 12: "A"
        LayoutText {#text} at (65,3) size 15x19
          text run at (65,3) width 15: " B"
      LayoutBlockFlow (floating) {DIV} at (0,222) size 83x26 [border: (3px solid #000000)]
        LayoutInline {SPAN} at (0,0) size 12x19
          LayoutText {#text} at (3,3) size 12x19
            text run at (3,3) width 12: "A"
        LayoutText {#text} at (65,3) size 4x19
          text run at (65,3) width 4: " "
        LayoutInline {SPAN} at (0,0) size 11x19
          LayoutText {#text} at (69,3) size 11x19
            text run at (69,3) width 11: "B"
      LayoutBlockFlow (floating) {DIV} at (0,248) size 83x26 [border: (3px solid #000000)]
        LayoutInline {SPAN} at (0,0) size 12x19
          LayoutText {#text} at (3,3) size 12x19
            text run at (3,3) width 12: "A"
        LayoutText {#text} at (65,3) size 15x19
          text run at (65,3) width 15: " B"
