layer at (0,0) size 800x600
  LayoutView at (0,0) size 800x600
layer at (0,0) size 800x600
  LayoutBlockFlow {HTML} at (0,0) size 800x600
    LayoutBlockFlow {BODY} at (8,8) size 784x576
      LayoutBlockFlow {P} at (0,0) size 784x40
        LayoutText {#text} at (0,0) size 52x19
          text run at (0,0) width 52: "Test for "
        LayoutInline {I} at (0,0) size 779x39
          LayoutInline {A} at (0,0) size 302x19 [color=#0000EE]
            LayoutText {#text} at (51,0) size 302x19
              text run at (51,0) width 302: "http://bugs.webkit.org/show_bug.cgi?id=15367"
          LayoutText {#text} at (352,0) size 779x39
            text run at (352,0) width 5: " "
            text run at (356,0) width 423: "Assertion failure inspecting a document including soft hyphen code"
            text run at (0,20) width 41: "(0xad)"
        LayoutText {#text} at (41,20) size 4x19
          text run at (41,20) width 4: "."
      LayoutBlockFlow {P} at (0,56) size 784x20
        LayoutText {#text} at (0,0) size 489x19
          text run at (0,0) width 489: "The following text should not wrap and the border should fit tightly around it."
layer at (8,100) size 115x26
  LayoutBlockFlow (positioned) {DIV} at (8,100) size 114.89x26 [border: (3px solid #000000)]
    LayoutText {#text} at (3,3) size 109x19
      text run at (3,3) width 109: "Two soft\x{AD}hyp\x{AD}hens"
