layer at (0,0) size 800x600
  LayoutView at (0,0) size 800x600
layer at (0,0) size 800x600
  LayoutBlockFlow {HTML} at (0,0) size 800x600
    LayoutBlockFlow {BODY} at (8,8) size 784x584
      LayoutBlockFlow {P} at (0,0) size 784x40
        LayoutText {#text} at (0,0) size 770x39
          text run at (0,0) width 770: "Test that text with 0px font size is not displayed, even if a non-zero minimum font size setting is specified. On success, this"
          text run at (0,20) width 336: "paragraph should be the only text visible on the page."
      LayoutBlockFlow {DIV} at (0,56) size 784x0 [color=#FF0000]
        LayoutText {#text} at (0,0) size 0x0
          text run at (0,0) width 0: "FAIL"
      LayoutBlockFlow {DIV} at (0,56) size 784x0 [color=#FF0000]
        LayoutText {#text} at (0,0) size 0x0
          text run at (0,0) width 0: "FAIL"
