layer at (0,0) size 800x600
  LayoutView at (0,0) size 800x600
layer at (0,0) size 800x600
  LayoutBlockFlow {HTML} at (0,0) size 800x600
    LayoutBlockFlow {BODY} at (8,8) size 784x584
      LayoutText {#text} at (0,0) size 293x19
        text run at (0,0) width 293: "This tests that text fields get the right baseline. "
      LayoutBR {BR} at (293,15) size 0x0
      LayoutBR {BR} at (0,20) size 0x19
      LayoutTextControl {INPUT} at (0,40) size 181x22 [bgcolor=#FFFFFF] [border: (2px inset #EEEEEE)]
      LayoutText {#text} at (181,41) size 424x19
        text run at (181,41) width 424: "This text should line up with the bottom of the text in the text field. "
      LayoutBR {BR} at (605,56) size 0x0
      LayoutBR {BR} at (0,62) size 0x19
      LayoutTextControl {INPUT} at (0,82) size 181x128 [bgcolor=#FFFFFF] [border: (2px inset #EEEEEE)]
      LayoutText {#text} at (181,167) size 420x19
        text run at (181,167) width 420: "This text should line up with the bottom of the text in the text field."
layer at (10,51) size 177x16
  LayoutBlockFlow {DIV} at (2,3) size 177x16
layer at (10,93) size 177x122
  LayoutBlockFlow {DIV} at (2,3) size 177x122
