layer at (0,0) size 800x600
  LayoutView at (0,0) size 800x600
layer at (0,0) size 800x600
  LayoutBlockFlow {HTML} at (0,0) size 800x600
    LayoutBlockFlow {BODY} at (8,8) size 784x576
      LayoutBlockFlow (anonymous) at (0,0) size 784x22
        LayoutTextControl {INPUT} at (0,0) size 181x22 [bgcolor=#FFFFFF] [border: (2px inset #EEEEEE)]
        LayoutText {#text} at (181,1) size 4x19
          text run at (181,1) width 4: " "
        LayoutTextControl {INPUT} at (185,0) size 181x22 [bgcolor=#FFFFFF] [border: (2px inset #EEEEEE)]
        LayoutText {#text} at (366,1) size 4x19
          text run at (366,1) width 4: " "
        LayoutTextControl {INPUT} at (370,0) size 181x22 [bgcolor=#FFFFFF] [border: (2px inset #EEEEEE)]
        LayoutText {#text} at (0,0) size 0x0
      LayoutBlockFlow {P} at (0,38) size 784x40
        LayoutText {#text} at (0,0) size 783x39
          text run at (0,0) width 783: "Tests scrolling back to the beginning when a text field blurs. The first field should be scrolled to the left, the second and third"
          text run at (0,20) width 125: "scrolled to the right."
layer at (10,11) size 177x16 scrollWidth 340
  LayoutBlockFlow {DIV} at (2,3) size 177x16
    LayoutText {#text} at (0,0) size 339x16
      text run at (0,0) width 339: "this text field has a lot of text in it so that it needs to scroll"
layer at (195,11) size 177x16 scrollX 162.00 scrollWidth 339
  LayoutBlockFlow {DIV} at (2,3) size 177x16
    LayoutText {#text} at (-162,0) size 339x16
      text run at (-162,0) width 339: "this text field has a lot of text in it so that it needs to scroll"
layer at (380,11) size 177x16 scrollX 163.00 scrollWidth 340
  LayoutBlockFlow {DIV} at (2,3) size 177x16
    LayoutText {#text} at (0,0) size 339x16
      text run at (0,0) width 339: "this text field has a lot of text in it so that it needs to scroll"
caret: position 66 of child 0 {#text} of child 0 {DIV} of {#document-fragment} of child 4 {INPUT} of body
