layer at (0,0) size 800x600
  LayoutView at (0,0) size 800x600
layer at (0,0) size 800x600
  LayoutBlockFlow {HTML} at (0,0) size 800x600
    LayoutBlockFlow {BODY} at (8,8) size 784x576
      LayoutBlockFlow (anonymous) at (0,0) size 784x20
        LayoutText {#text} at (0,0) size 480x19
          text run at (0,0) width 480: "This tests that the value becomes visible when the text field becomes visible."
      LayoutBlockFlow {P} at (0,36) size 784x22
        LayoutTextControl {INPUT} at (0,0) size 181x22 [bgcolor=#FFFFFF] [border: (2px inset #EEEEEE)]
        LayoutText {#text} at (0,0) size 0x0
      LayoutBlockFlow {DIV} at (0,74) size 784x0
      LayoutBlockFlow {P} at (0,74) size 784x0
layer at (10,47) size 177x16
  LayoutBlockFlow {DIV} at (2,3) size 177x16
    LayoutText {#text} at (0,0) size 73x16
      text run at (0,0) width 73: "Test Passed"
