layer at (0,0) size 800x600
  LayoutView at (0,0) size 800x600
layer at (0,0) size 800x60
  LayoutBlockFlow {HTML} at (0,0) size 800x60
    LayoutBlockFlow {BODY} at (8,8) size 784x44
      LayoutTextControl {INPUT} at (0,0) size 154x22 [bgcolor=#FFFFFF] [border: (2px inset #EEEEEE)]
        LayoutFlexibleBox {DIV} at (2,3) size 150x16
          LayoutBlockFlow {DIV} at (0,0) size 132.14x16
          LayoutDetailsMarker {DIV} at (132.14,1.33) size 17.86x13.33: down
      LayoutText {#text} at (154,1) size 4x19
        text run at (154,1) width 4: " "
      LayoutTextControl {INPUT} at (158,0) size 154x22 [bgcolor=#FFFFFF] [border: (2px inset #EEEEEE)]
        LayoutFlexibleBox {DIV} at (2,3) size 150x16
          LayoutBlockFlow {DIV} at (0,0) size 132.14x16
          LayoutDetailsMarker {DIV} at (132.14,1.33) size 17.86x13.33: down
      LayoutText {#text} at (312,1) size 4x19
        text run at (312,1) width 4: " "
      LayoutBR {BR} at (316,1) size 0x19
      LayoutTextControl {INPUT} at (0,22) size 154x22 [color=#545454] [bgcolor=#EBEBE4] [border: (2px inset #EEEEEE)]
        LayoutFlexibleBox {DIV} at (2,3) size 150x16
          LayoutBlockFlow {DIV} at (0,0) size 132.14x16
      LayoutText {#text} at (154,23) size 4x19
        text run at (154,23) width 4: " "
      LayoutTextControl {INPUT} at (158,22) size 154x22 [bgcolor=#FFFFFF] [border: (2px inset #EEEEEE)]
        LayoutFlexibleBox {DIV} at (2,3) size 150x16
          LayoutBlockFlow {DIV} at (0,0) size 132.14x16
      LayoutText {#text} at (0,0) size 0x0
layer at (10,11) size 132x16
  LayoutBlockFlow {DIV} at (0,0) size 132.14x16
layer at (168,11) size 132x16
  LayoutBlockFlow {DIV} at (0,0) size 132.14x16
layer at (10,33) size 132x16
  LayoutBlockFlow {DIV} at (0,0) size 132.14x16
layer at (168,33) size 132x16
  LayoutBlockFlow {DIV} at (0,0) size 132.14x16
hidden layer at (142,34) size 18x14 transparent
  LayoutDetailsMarker {DIV} at (132.14,1.33) size 17.86x13.33: down
hidden layer at (300,34) size 18x14 transparent
  LayoutDetailsMarker {DIV} at (132.14,1.33) size 17.86x13.33: down
caret: position 0 of child 0 {DIV} of child 0 {DIV} of child 0 {DIV} of {#document-fragment} of child 3 {INPUT} of body
