layer at (0,0) size 800x600
  LayoutView at (0,0) size 800x600
layer at (0,0) size 800x600
  LayoutBlockFlow {HTML} at (0,0) size 800x600
    LayoutBlockFlow {BODY} at (8,8) size 784x584
      LayoutBR {BR} at (0,0) size 0x19
      LayoutBR {BR} at (0,20) size 0x19
      LayoutBR {BR} at (0,40) size 0x19
      LayoutBR {BR} at (0,60) size 0x19
      LayoutText {#text} at (0,80) size 172x19
        text run at (0,80) width 172: "24 green box with word ok: "
      LayoutBR {BR} at (172,95) size 0x0
      LayoutBR {BR} at (0,100) size 0x19
      LayoutBR {BR} at (0,120) size 0x19
      LayoutBR {BR} at (0,140) size 0x19
      LayoutText {#text} at (0,160) size 172x19
        text run at (0,160) width 172: "25 green box with word ok: "
      LayoutBR {BR} at (172,175) size 0x0
      LayoutBR {BR} at (0,180) size 0x19
      LayoutBR {BR} at (0,200) size 0x19
      LayoutBR {BR} at (0,220) size 0x19
      LayoutText {#text} at (0,240) size 172x19
        text run at (0,240) width 172: "26 green box with word ok: "
      LayoutBR {BR} at (172,255) size 0x0
      LayoutBR {BR} at (0,260) size 0x19
      LayoutBR {BR} at (0,280) size 0x19
      LayoutBR {BR} at (0,300) size 0x19
hidden layer at (0,108) size 800x34
  LayoutBlockFlow (positioned) {DIV} at (0,108) size 800x34 [border: (2px solid #FF0000)]
    LayoutBlockFlow {DIV} at (2,2) size 796x4 [border: (2px solid #FF0000)]
    LayoutBlockFlow {DIV} at (2,6) size 796x24 [border: (2px solid #008000)]
      LayoutText {#text} at (2,2) size 16x19
        text run at (2,2) width 16: "ok"
hidden layer at (2,110) size 796x30
  LayoutBlockFlow (positioned) {DIV} at (2,2) size 796x30 [border: (2px solid #FF0000)]
    LayoutInline {SPAN} at (0,0) size 25x19
      LayoutText {#text} at (2,2) size 25x19
        text run at (2,2) width 25: "blah"
    LayoutText {#text} at (0,0) size 0x0
hidden layer at (0,188) size 800x34
  LayoutBlockFlow (positioned) {DIV} at (0,188) size 800x34 [border: (2px solid #FF0000)]
    LayoutBlockFlow {DIV} at (2,2) size 796x4 [border: (2px solid #FF0000)]
    LayoutBlockFlow {DIV} at (2,6) size 796x4 [border: (2px solid #FF0000)]
    LayoutBlockFlow {DIV} at (2,10) size 796x24 [border: (2px solid #008000)]
      LayoutText {#text} at (2,2) size 16x19
        text run at (2,2) width 16: "ok"
hidden layer at (2,190) size 796x30
  LayoutBlockFlow (positioned) {DIV} at (2,2) size 796x30 [border: (2px solid #FF0000)]
hidden layer at (0,268) size 800x34
  LayoutBlockFlow (positioned) {DIV} at (0,268) size 800x34 [border: (2px solid #FF0000)]
    LayoutBlockFlow {DIV} at (2,2) size 796x24 [border: (2px solid #FF0000)]
      LayoutBlockFlow {DIV} at (2,2) size 792x20
        LayoutText {#text} at (0,0) size 25x19
          text run at (0,0) width 25: "blah"
    LayoutBlockFlow {DIV} at (2,26) size 796x4 [border: (2px solid #FF0000)]
    LayoutBlockFlow {DIV} at (2,30) size 796x24 [border: (2px solid #008000)]
      LayoutText {#text} at (2,2) size 16x19
        text run at (2,2) width 16: "ok"
hidden layer at (2,270) size 796x30
  LayoutBlockFlow (positioned) {DIV} at (2,2) size 796x30 [border: (2px solid #FF0000)]
    LayoutInline {SPAN} at (0,0) size 25x19
      LayoutText {#text} at (2,2) size 25x19
        text run at (2,2) width 25: "blah"
    LayoutText {#text} at (0,0) size 0x0
