layer at (0,0) size 800x600
  LayoutView at (0,0) size 800x600
layer at (0,0) size 800x325
  LayoutBlockFlow {HTML} at (0,0) size 800x325
    LayoutBlockFlow {BODY} at (8,16) size 784x301
      LayoutBlockFlow {P} at (0,0) size 784x20
        LayoutText {#text} at (0,0) size 56x19
          text run at (0,0) width 56: "Tests for "
        LayoutInline {A} at (0,0) size 291x19 [color=#0000EE]
          LayoutText {#text} at (56,0) size 291x19
            text run at (56,0) width 291: "https://bugs.webkit.org/show_bug.cgi?id=24552"
      LayoutBlockFlow (anonymous) at (0,36) size 784x125
        LayoutText {#text} at (120,105) size 4x19
          text run at (120,105) width 4: " "
        LayoutInline {A} at (0,0) size 57x19 [color=#0000EE]
          LayoutText {#text} at (124,105) size 57x19
            text run at (124,105) width 57: "Link here"
        LayoutText {#text} at (0,0) size 0x0
      LayoutBlockFlow {DIV} at (0,281) size 784x20
        LayoutText {#text} at (0,0) size 161x19
          text run at (0,0) width 161: "Found link node, so PASS"
layer at (18,62) size 100x100
  LayoutBlockFlow {DIV} at (10,10) size 100x100 [bgcolor=#808080]
