layer at (0,0) size 800x600 scrollHeight 686
  LayoutView at (0,0) size 800x600
layer at (0,0) size 800x686 backgroundClip at (0,0) size 800x600 clip at (0,0) size 800x600
  LayoutBlockFlow {HTML} at (0,0) size 800x686
    LayoutBlockFlow {BODY} at (8,8) size 784x670
      LayoutBlockFlow {P} at (0,0) size 784x54
        LayoutText {#text} at (0,0) size 767x54
          text run at (0,0) width 716: "This test exercises the vertical text rendering feature of Blink's shaping code, and checks for errors in font code "
          text run at (715,0) width 29: "path"
          text run at (0,18) width 684: "selection: Vertical text should always go through the shaper. It exercises glyph orientation difficulties with "
          text run at (683,18) width 84: "two different"
          text run at (0,36) width 36: "fonts."
      LayoutBlockFlow {DIV} at (0,70) size 388x600
        LayoutBlockFlow {DIV} at (0,0) size 194x442 [border: (1px solid #008000)]
          LayoutInline {SPAN} at (0,0) size 40x173
            LayoutText {#text} at (2,1) size 40x173
              text run at (2,1) width 173: "Hello world"
          LayoutBR {BR} at (22,173) size 0x1
          LayoutInline {SPAN} at (0,0) size 40x440
            LayoutText {#text} at (44,1) size 40x440
              text run at (44,1) width 440: "Hello world"
          LayoutBR {BR} at (64,441) size 0x0
          LayoutInline {SPAN} at (0,0) size 36x198
            LayoutText {#text} at (94,1) size 36x198
              text run at (94,1) width 198: "Hello world"
          LayoutBR {BR} at (112,198) size 0x1
          LayoutInline {SPAN} at (0,0) size 36x198
            LayoutText {#text} at (148,1) size 36x198
              text run at (148,1) width 198: "Hello world"
          LayoutBR {BR} at (166,198) size 0x1
        LayoutText {#text} at (0,0) size 0x0
        LayoutBlockFlow {DIV} at (194,0) size 194x442 [border: (1px solid #008000)]
          LayoutInline {SPAN} at (0,0) size 40x173
            LayoutText {#text} at (2,1) size 40x173
              text run at (2,1) width 173: "Hello world"
          LayoutBR {BR} at (22,173) size 0x1
          LayoutInline {SPAN} at (0,0) size 40x440
            LayoutText {#text} at (44,1) size 40x440
              text run at (44,1) width 440: "Hello world"
          LayoutBR {BR} at (64,441) size 0x0
          LayoutInline {SPAN} at (0,0) size 36x198
            LayoutText {#text} at (94,1) size 36x198
              text run at (94,1) width 198: "Hello world"
          LayoutBR {BR} at (112,198) size 0x1
          LayoutInline {SPAN} at (0,0) size 36x198
            LayoutText {#text} at (148,1) size 36x198
              text run at (148,1) width 198: "Hello world"
          LayoutBR {BR} at (166,198) size 0x1
        LayoutText {#text} at (0,0) size 0x0
