layer at (0,0) size 800x600
  LayoutView at (0,0) size 800x600
layer at (0,0) size 800x534
  LayoutBlockFlow {HTML} at (0,0) size 800x534
    LayoutBlockFlow {BODY} at (8,16) size 784x510
      LayoutBlockFlow {P} at (0,0) size 784x93
        LayoutRuby (inline) {RUBY} at (0,0) size 144x55
          LayoutRubyRun (anonymous) at (0,16) size 144x77
            LayoutRubyText {RT} at (0,-23) size 144x39
              LayoutText {#text} at (0,7) size 144x27
                text run at (0,7) width 144: "\x{304D}\x{3069}\x{3046}\x{305F}\x{3044}\x{304D}"
            LayoutRubyBase (anonymous) at (0,0) size 144x77
              LayoutText {#text} at (12,11) size 120x55
                text run at (12,11) width 120: "\x{653B}\x{6BBB}"
        LayoutText {#text} at (0,0) size 0x0
      LayoutBlockFlow {P} at (0,109) size 784x93
        LayoutRuby (inline) {RUBY} at (0,0) size 192x55
          LayoutRubyRun (anonymous) at (0,16) size 192x77
            LayoutRubyText {RT} at (0,-23) size 192x39
              LayoutText {#text} at (0,7) size 192x27
                text run at (0,7) width 192: "\x{304D}\x{3069}\x{3046}\x{305F}\x{3044}\x{304D}\x{3069}\x{3046}"
            LayoutRubyBase (anonymous) at (0,0) size 192x77
              LayoutText {#text} at (8,11) size 176x55
                text run at (8,11) width 176: "\x{6A5F}\x{52D5}\x{968A}"
        LayoutText {#text} at (0,0) size 0x0
      LayoutBlockFlow {DIV} at (0,218) size 236x292
        LayoutBlockFlow {P} at (16,0) size 94x292
          LayoutRuby (inline) {RUBY} at (0,0) size 55x144
            LayoutRubyRun (anonymous) at (17,0) size 77x144
              LayoutRubyText {RT} at (-23,0) size 39x144
                LayoutText {#text} at (6,0) size 27x144
                  text run at (6,0) width 144: "\x{304D}\x{3069}\x{3046}\x{305F}\x{3044}\x{304D}"
              LayoutRubyBase (anonymous) at (0,0) size 77x144
                LayoutText {#text} at (10,12) size 55x120
                  text run at (10,12) width 120: "\x{653B}\x{6BBB}"
          LayoutText {#text} at (0,0) size 0x0
        LayoutBlockFlow {P} at (126,0) size 94x292
          LayoutRuby (inline) {RUBY} at (0,0) size 55x192
            LayoutRubyRun (anonymous) at (17,0) size 77x192
              LayoutRubyText {RT} at (-23,0) size 39x192
                LayoutText {#text} at (6,0) size 27x192
                  text run at (6,0) width 192: "\x{304D}\x{3069}\x{3046}\x{305F}\x{3044}\x{304D}\x{3069}\x{3046}"
              LayoutRubyBase (anonymous) at (0,0) size 77x192
                LayoutText {#text} at (10,8) size 55x176
                  text run at (10,8) width 176: "\x{6A5F}\x{52D5}\x{968A}"
          LayoutText {#text} at (0,0) size 0x0
