layer at (0,0) size 800x600
  LayoutView at (0,0) size 800x600
layer at (0,0) size 800x600
  LayoutBlockFlow {HTML} at (0,0) size 800x600
    LayoutBlockFlow {BODY} at (8,8) size 784x576
      LayoutBlockFlow (anonymous) at (0,0) size 784x40
        LayoutText {#text} at (0,0) size 209x19
          text run at (0,0) width 209: "This is a initial test for simple ruby. "
        LayoutBR {BR} at (209,15) size 0x0
        LayoutBR {BR} at (0,20) size 0x19
      LayoutBlockFlow {P} at (0,56) size 784x32
        LayoutText {#text} at (0,12) size 151x19
          text run at (0,12) width 151: "Ruby is often used in the "
        LayoutRuby (inline) {RUBY} at (0,0) size 111x19
          LayoutRubyRun (anonymous) at (151,12) size 111x20
            LayoutRubyText {RT} at (0,-12) size 111x12
              LayoutText {#text} at (38,0) size 35x12
                text run at (38,0) width 35: "Nihongo"
            LayoutRubyBase (anonymous) at (0,0) size 111x20
              LayoutText {#text} at (0,0) size 111x19
                text run at (0,0) width 111: "Japanese language"
        LayoutText {#text} at (262,12) size 4x19
          text run at (262,12) width 4: "."
