layer at (0,0) size 800x600
  LayoutView at (0,0) size 800x600
layer at (0,0) size 800x600
  LayoutBlockFlow {HTML} at (0,0) size 800x600
    LayoutBlockFlow {BODY} at (8,8) size 784x584
      LayoutBlockFlow (anonymous) at (0,0) size 784x60
        LayoutText {#text} at (0,0) size 746x39
          text run at (0,0) width 746: "Test that <ruby> rendered as inline-table (or somesuch) is not affected by ruby rendering. Both <div> below should look the"
          text run at (0,20) width 39: "same. "
        LayoutBR {BR} at (39,35) size 0x0
        LayoutBR {BR} at (0,40) size 0x19
      LayoutBlockFlow {DIV} at (3.19,63.19) size 777.63x50 [bgcolor=#FFFFDD] [border: (1px solid #000000)]
        LayoutText {#text} at (9,21) size 211x19
          text run at (9,21) width 211: "This is some XHTML1.1 text with "
        LayoutTable {SPAN} at (220,9) size 40x32
          LayoutTableSection {SPAN} at (0,12) size 40x20
            LayoutTableRow (anonymous) at (0,0) size 40x20
              LayoutTableCell (anonymous) at (0,0) size 40x20 [r=0 c=0 rs=1 cs=1]
                LayoutText {#text} at (4,0) size 32x19
                  text run at (4,0) width 32: "Ruby"
          LayoutTableSection {SPAN} at (0,0) size 40x12
            LayoutTableRow (anonymous) at (0,0) size 40x12
              LayoutTableCell (anonymous) at (0,0) size 40x12 [r=0 c=0 rs=1 cs=1]
                LayoutText {#text} at (0,0) size 40x12
                  text run at (0,0) width 40: "guide text"
        LayoutText {#text} at (260,21) size 54x19
          text run at (260,21) width 54: " markup."
      LayoutBlockFlow (anonymous) at (0,116.38) size 784x20
        LayoutBR {BR} at (0,0) size 0x19
      LayoutBlockFlow {DIV} at (3.19,139.56) size 777.63x50 [bgcolor=#FFFFDD] [border: (1px solid #000000)]
        LayoutText {#text} at (9,21) size 211x19
          text run at (9,21) width 211: "This is some XHTML1.1 text with "
        LayoutTable {RUBY} at (220,9) size 40x32
          LayoutTableSection {RB} at (0,12) size 40x20
            LayoutTableRow (anonymous) at (0,0) size 40x20
              LayoutTableCell (anonymous) at (0,0) size 40x20 [r=0 c=0 rs=1 cs=1]
                LayoutText {#text} at (4,0) size 32x19
                  text run at (4,0) width 32: "Ruby"
          LayoutTableSection {RT} at (0,0) size 40x12
            LayoutTableRow (anonymous) at (0,0) size 40x12
              LayoutTableCell (anonymous) at (0,0) size 40x12 [r=0 c=0 rs=1 cs=1]
                LayoutText {#text} at (0,0) size 40x12
                  text run at (0,0) width 40: "guide text"
        LayoutText {#text} at (260,21) size 54x19
          text run at (260,21) width 54: " markup."
