layer at (0,0) size 800x600
  LayoutView at (0,0) size 800x600
layer at (0,0) size 800x600
  LayoutBlockFlow {HTML} at (0,0) size 800x600
    LayoutBlockFlow {BODY} at (8,8) size 784x576
      LayoutBlockFlow (anonymous) at (0,0) size 784x60
        LayoutText {#text} at (0,0) size 763x39
          text run at (0,0) width 318: "This is a test for simple ruby that contains <rp> tags. "
          text run at (318,0) width 445: "Contents of the <rp> tags (opening and closing brackets) should not show"
          text run at (0,20) width 157: "when ruby is suppoorted. "
        LayoutBR {BR} at (157,35) size 0x0
        LayoutBR {BR} at (0,40) size 0x19
      LayoutBlockFlow {P} at (0,76) size 784x32
        LayoutText {#text} at (0,12) size 151x19
          text run at (0,12) width 151: "Ruby is often used in the "
        LayoutRuby (inline) {RUBY} at (0,0) size 111x19
          LayoutRubyRun (anonymous) at (151,12) size 111x20
            LayoutRubyText {RT} at (0,-12) size 111x12
              LayoutText {#text} at (38,0) size 35x12
                text run at (38,0) width 35: "Nihongo"
            LayoutRubyBase (anonymous) at (0,0) size 111x20
              LayoutText {#text} at (0,0) size 111x19
                text run at (0,0) width 111: "Japanese language"
        LayoutText {#text} at (262,12) size 4x19
          text run at (262,12) width 4: "."
