layer at (0,0) size 800x600
  LayoutView at (0,0) size 800x600
layer at (0,0) size 800x600
  LayoutBlockFlow {HTML} at (0,0) size 800x600
    LayoutBlockFlow {BODY} at (8,8) size 784x576
      LayoutBlockFlow (anonymous) at (0,0) size 784x40
        LayoutText {#text} at (0,0) size 213x19
          text run at (0,0) width 213: "This is a test for multiple ruby runs. "
        LayoutBR {BR} at (213,15) size 0x0
        LayoutBR {BR} at (0,20) size 0x19
      LayoutBlockFlow {P} at (0,56) size 784x32
        LayoutText {#text} at (0,12) size 146x19
          text run at (0,12) width 146: "<ruby> is defined in the "
        LayoutRuby (inline) {RUBY} at (0,0) size 128x19
          LayoutRubyRun (anonymous) at (142,12) size 24x20
            LayoutRubyText {RT} at (0,-12) size 24x12
              LayoutText {#text} at (0,0) size 24x12
                text run at (0,0) width 24: "Hyper"
            LayoutRubyBase (anonymous) at (0,0) size 24x20
              LayoutText {#text} at (6,0) size 12x19
                text run at (6,0) width 12: "H"
          LayoutRubyRun (anonymous) at (166,12) size 15x20
            LayoutRubyText {RT} at (0,-12) size 15x12
              LayoutText {#text} at (0,0) size 15x12
                text run at (0,0) width 15: "Text"
            LayoutRubyBase (anonymous) at (0,0) size 15x20
              LayoutText {#text} at (3,0) size 9x19
                text run at (3,0) width 9: "T"
          LayoutRubyRun (anonymous) at (181,12) size 30x20
            LayoutRubyText {RT} at (0,-12) size 30x12
              LayoutText {#text} at (0,0) size 30x12
                text run at (0,0) width 30: "Markup"
            LayoutRubyBase (anonymous) at (0,0) size 30x20
              LayoutText {#text} at (8,0) size 14x19
                text run at (8,0) width 14: "M"
          LayoutRubyRun (anonymous) at (211,12) size 38x20
            LayoutRubyText {RT} at (0,-12) size 38x12
              LayoutText {#text} at (0,0) size 38x12
                text run at (0,0) width 38: "Language"
            LayoutRubyBase (anonymous) at (0,0) size 38x20
              LayoutText {#text} at (14,0) size 10x19
                text run at (14,0) width 10: "L"
          LayoutRubyRun (anonymous) at (249,12) size 29x20
            LayoutRubyText {RT} at (0,-12) size 29x12
              LayoutText {#text} at (0,0) size 29x12
                text run at (0,0) width 29: "Level 5"
            LayoutRubyBase (anonymous) at (0,0) size 29x20
              LayoutText {#text} at (10,0) size 9x19
                text run at (10,0) width 9: "5"
        LayoutText {#text} at (274,12) size 42x19
          text run at (274,12) width 42: " specs."
