layer at (0,0) size 800x600
  LayoutView at (0,0) size 800x600
layer at (0,0) size 800x600
  LayoutBlockFlow {HTML} at (0,0) size 800x600
    LayoutBlockFlow {BODY} at (8,8) size 784x576
      LayoutBlockFlow {P} at (0,0) size 784x20
        LayoutText {#text} at (0,0) size 689x19
          text run at (0,0) width 689: "The following is a test for DOM manipulation within <ruby>: Removing a ruby base object, leaving the base empty."
      LayoutBlockFlow {P} at (0,36) size 784x20
        LayoutText {#text} at (0,0) size 409x19
          text run at (0,0) width 409: "Both lines should look identical (the first line is the one manipulated)."
      LayoutBlockFlow (anonymous) at (0,72) size 784x40
        LayoutBR {BR} at (0,0) size 0x19
        LayoutBR {BR} at (0,20) size 0x19
      LayoutBlockFlow {P} at (0,128) size 784x20
        LayoutText {#text} at (0,0) size 146x19
          text run at (0,0) width 146: "<ruby> is defined in the "
        LayoutRuby (inline) {RUBY} at (0,0) size 121x19
          LayoutRubyRun (anonymous) at (146,17) size 113x0
            LayoutRubyText {RT} at (0,-12) size 113x12
              LayoutText {#text} at (0,0) size 113x12
                text run at (0,0) width 113: "Hyper-text Markup Language"
          LayoutRubyRun (anonymous) at (259,0) size 8x20
            LayoutRubyBase (anonymous) at (0,0) size 8x20
              LayoutText {#text} at (0,0) size 8x19
                text run at (0,0) width 8: "5"
        LayoutText {#text} at (267,0) size 36x19
          text run at (267,0) width 36: " spec."
      LayoutBlockFlow {P} at (0,164) size 784x20
        LayoutText {#text} at (0,0) size 146x19
          text run at (0,0) width 146: "<ruby> is defined in the "
        LayoutRuby (inline) {RUBY} at (0,0) size 121x19
          LayoutRubyRun (anonymous) at (146,17) size 113x0
            LayoutRubyText {RT} at (0,-12) size 113x12
              LayoutText {#text} at (0,0) size 113x12
                text run at (0,0) width 113: "Hyper-text Markup Language"
          LayoutRubyRun (anonymous) at (259,0) size 8x20
            LayoutRubyBase (anonymous) at (0,0) size 8x20
              LayoutText {#text} at (0,0) size 8x19
                text run at (0,0) width 8: "5"
        LayoutText {#text} at (267,0) size 36x19
          text run at (267,0) width 36: " spec."
