layer at (0,0) size 800x600
  LayoutView at (0,0) size 800x600
layer at (0,0) size 800x600
  LayoutBlockFlow {HTML} at (0,0) size 800x600
    LayoutBlockFlow {BODY} at (8,8) size 784x584
      LayoutText {#text} at (0,0) size 765x39
        text run at (0,0) width 765: "This is a initial test for simple ruby. There should be 2 ruby annotations on below line, one with a ruby text shorter than the base,"
        text run at (0,20) width 277: "and one with a ruby text longer than the base. "
      LayoutBR {BR} at (277,35) size 0x0
      LayoutBR {BR} at (0,40) size 0x19
      LayoutText {#text} at (0,71) size 146x19
        text run at (0,71) width 146: "<ruby> is defined in the "
      LayoutRuby (inline) {RUBY} at (0,0) size 175x19
        LayoutRubyRun (anonymous) at (146,71) size 175x20
          LayoutRubyText {RT} at (0,-12) size 175x12
            LayoutText {#text} at (72,0) size 31x12
              text run at (72,0) width 31: "HTML5"
          LayoutRubyBase (anonymous) at (0,0) size 175x20
            LayoutText {#text} at (0,0) size 175x19
              text run at (0,0) width 175: "Hypertext Markup Language"
      LayoutText {#text} at (321,71) size 30x19
        text run at (321,71) width 30: " and "
      LayoutRuby (inline) {RUBY} at (0,0) size 81x19
        LayoutRubyRun (anonymous) at (347,71) size 89x20
          LayoutRubyText {RT} at (0,-12) size 89x12
            LayoutText {#text} at (0,0) size 89x12
              text run at (0,0) width 89: "Cascading Style Sheets"
          LayoutRubyBase (anonymous) at (0,0) size 89x20
            LayoutText {#text} at (26,0) size 37x19
              text run at (26,0) width 37: "CSS3"
      LayoutText {#text} at (432,71) size 42x19
        text run at (432,71) width 42: " specs."
