layer at (0,0) size 800x600
  LayoutView at (0,0) size 800x600
layer at (0,0) size 800x600
  LayoutBlockFlow {HTML} at (0,0) size 800x600
    LayoutBlockFlow {BODY} at (8,8) size 784x584
      LayoutBlockFlow {P} at (0,0) size 784x20
        LayoutText {#text} at (0,0) size 543x19
          text run at (0,0) width 245: "This tests for an infinite loop on Paste. "
          text run at (245,0) width 298: "You should see 'Hello: ' and then an input field."
      LayoutBlockFlow {DIV} at (0,36) size 784x22
        LayoutText {#text} at (0,1) size 35x19
          text run at (0,1) width 35: "Hello"
        LayoutTextControl {INPUT} at (35,0) size 181x22 [bgcolor=#FFFFFF] [border: (2px inset #EEEEEE)]
        LayoutText {#text} at (216,1) size 4x19
          text run at (216,1) width 4: ":"
layer at (45,47) size 177x16
  LayoutBlockFlow {DIV} at (2,3) size 177x16
caret: position 1 of child 1 {INPUT} of child 2 {DIV} of body
