layer at (0,0) size 800x600
  LayoutView at (0,0) size 800x600
layer at (0,0) size 800x600
  LayoutBlockFlow {HTML} at (0,0) size 800x600
    LayoutBlockFlow {BODY} at (8,8) size 784x584
      LayoutBlockFlow {P} at (0,0) size 784x20
        LayoutText {#text} at (0,0) size 541x19
          text run at (0,0) width 541: "This tests for a bug where copied links wouldn't be pasted as links at certain positions."
      LayoutBlockFlow {DIV} at (0,36) size 784x40
        LayoutBlockFlow (anonymous) at (0,0) size 784x20
          LayoutText {#text} at (0,0) size 159x19
            text run at (0,0) width 159: "This should be plain text."
        LayoutBlockFlow {DIV} at (0,20) size 784x20
          LayoutText {#text} at (0,0) size 159x19
            text run at (0,0) width 159: "This should be plain text."
          LayoutInline {A} at (0,0) size 136x19 [color=#0000EE]
            LayoutText {#text} at (159,0) size 136x19
              text run at (159,0) width 136: "This should be a link."
caret: position 22 of child 0 {#text} of child 1 {A} of child 1 {DIV} of child 2 {DIV} of body
