layer at (0,0) size 800x600
  LayoutView at (0,0) size 800x600
layer at (0,0) size 800x600
  LayoutBlockFlow {HTML} at (0,0) size 800x600
    LayoutBlockFlow {BODY} at (8,8) size 784x584
      LayoutBlockFlow {P} at (0,0) size 784x40
        LayoutText {#text} at (0,0) size 754x39
          text run at (0,0) width 291: "You should see a 100x100 green square below. "
          text run at (290,0) width 228: "If you see any red, the test has failed. "
          text run at (517,0) width 237: "This test is checking for box-flex-group"
          text run at (0,20) width 50: "support."
      LayoutDeprecatedFlexibleBox {DIV} at (0,56) size 100x100 [bgcolor=#FF0000]
        LayoutDeprecatedFlexibleBox {DIV} at (0,0) size 100x100 [bgcolor=#008000]
        LayoutDeprecatedFlexibleBox {DIV} at (100,0) size 0x100
