layer at (0,0) size 800x600
  LayoutView at (0,0) size 800x600
layer at (0,0) size 800x600
  LayoutBlockFlow {HTML} at (0,0) size 800x600
    LayoutBlockFlow {BODY} at (8,8) size 784x584 [bgcolor=#CCCCCC]
      LayoutBlockFlow {P} at (0,0) size 784x18
        LayoutText {#text} at (0,0) size 363x18
          text run at (0,0) width 363: "The style declarations which apply to the text below are:"
      LayoutBlockFlow {PRE} at (0,34) size 784x30
        LayoutText {#text} at (0,0) size 266x30
          text run at (0,0) width 266: ".one, .two, .three {color: green;}"
          text run at (265,0) width 1: " "
          text run at (0,15) width 0: " "
      LayoutBlockFlow {P} at (0,95) size 784x18 [color=#008000]
        LayoutText {#text} at (0,0) size 197x18
          text run at (0,0) width 197: "This sentence should be green."
      LayoutBlockFlow {P} at (0,129) size 784x18 [color=#008000]
        LayoutText {#text} at (0,0) size 197x18
          text run at (0,0) width 197: "This sentence should be green."
      LayoutBlockFlow {P} at (0,163) size 784x18 [color=#008000]
        LayoutText {#text} at (0,0) size 197x18
          text run at (0,0) width 197: "This sentence should be green."
      LayoutTable {TABLE} at (0,197) size 219x122 [border: (1px outset #808080)]
        LayoutTableSection {TBODY} at (1,1) size 217x120
          LayoutTableRow {TR} at (0,0) size 217x26
            LayoutTableCell {TD} at (0,0) size 217x26 [bgcolor=#C0C0C0] [border: (1px inset #808080)] [r=0 c=0 rs=1 cs=2]
              LayoutInline {STRONG} at (0,0) size 161x18
                LayoutText {#text} at (4,4) size 161x18
                  text run at (4,4) width 161: "TABLE Testing Section"
          LayoutTableRow {TR} at (0,26) size 217x94
            LayoutTableCell {TD} at (0,60) size 12x26 [bgcolor=#C0C0C0] [border: (1px inset #808080)] [r=1 c=0 rs=1 cs=1]
              LayoutText {#text} at (4,4) size 4x18
                text run at (4,4) width 4: " "
            LayoutTableCell {TD} at (12,26) size 205x94 [border: (1px inset #808080)] [r=1 c=1 rs=1 cs=1]
              LayoutBlockFlow {P} at (4,4) size 197x18 [color=#008000]
                LayoutText {#text} at (0,0) size 197x18
                  text run at (0,0) width 197: "This sentence should be green."
              LayoutBlockFlow {P} at (4,38) size 197x18 [color=#008000]
                LayoutText {#text} at (0,0) size 197x18
                  text run at (0,0) width 197: "This sentence should be green."
              LayoutBlockFlow {P} at (4,72) size 197x18 [color=#008000]
                LayoutText {#text} at (0,0) size 197x18
                  text run at (0,0) width 197: "This sentence should be green."
layer at (8,85) size 784x2 clip at (0,0) size 0x0
  LayoutBlockFlow {HR} at (0,77) size 784x2 [border: (1px inset #EEEEEE)]
