layer at (0,0) size 800x600 clip at (0,0) size 785x600 scrollHeight 2641
  LayoutView at (0,0) size 800x600
layer at (0,0) size 785x2641 backgroundClip at (0,0) size 785x600 clip at (0,0) size 785x600
  LayoutBlockFlow {HTML} at (0,0) size 785x2641
    LayoutBlockFlow {BODY} at (8,8) size 769x2625 [bgcolor=#CCCCCC]
      LayoutBlockFlow {P} at (0,0) size 769x20
        LayoutText {#text} at (0,0) size 337x19
          text run at (0,0) width 337: "The style declarations which apply to the text below are:"
      LayoutBlockFlow {PRE} at (0,36) size 769x224
        LayoutText {#text} at (0,0) size 400x224
          text run at (0,0) width 344: ".one {line-height: 0.5in; font-size: 12px;}"
          text run at (344,0) width 0: " "
          text run at (0,16) width 328: ".two {line-height: 2cm; font-size: 12px;}"
          text run at (328,16) width 0: " "
          text run at (0,32) width 352: ".three {line-height: 20mm; font-size: 12px;}"
          text run at (352,32) width 0: " "
          text run at (0,48) width 344: ".four {line-height: 24pt; font-size: 12px;}"
          text run at (344,48) width 0: " "
          text run at (0,64) width 336: ".five {line-height: 2pc; font-size: 12px;}"
          text run at (336,64) width 0: " "
          text run at (0,80) width 328: ".six {line-height: 2em; font-size: 12px;}"
          text run at (328,80) width 0: " "
          text run at (0,96) width 344: ".seven {line-height: 3ex; font-size: 12px;}"
          text run at (344,96) width 0: " "
          text run at (0,112) width 352: ".eight {line-height: 200%; font-size: 12px;}"
          text run at (352,112) width 0: " "
          text run at (0,128) width 320: ".nine {line-height: 2; font-size: 12px;}"
          text run at (320,128) width 0: " "
          text run at (0,144) width 336: ".ten {line-height: 50px; font-size: 12px;}"
          text run at (336,144) width 0: " "
          text run at (0,160) width 360: ".eleven {line-height: -1em; font-size: 12px;}"
          text run at (360,160) width 0: " "
          text run at (0,176) width 400: "TABLE .ten {line-height: normal; font-size: 12px;}"
          text run at (400,176) width 0: " "
          text run at (0,192) width 248: "DIV {background-color: silver;}"
          text run at (248,192) width 0: " "
          text run at (0,208) width 304: "SPAN.color {background-color: silver;}"
          text run at (304,208) width 0: " "
      LayoutBlockFlow {P} at (0,287) size 769x48
        LayoutText {#text} at (0,16) size 511x15
          text run at (0,16) width 511: "This sentence should have a line-height of half an inch, which should cause extra spacing between the lines."
      LayoutBlockFlow {P} at (0,347) size 769x75
        LayoutText {#text} at (0,30) size 533x15
          text run at (0,30) width 533: "This sentence should have a line-height of two centimeters, which should cause extra spacing between the lines."
      LayoutBlockFlow {P} at (0,434) size 769x75
        LayoutText {#text} at (0,30) size 547x15
          text run at (0,30) width 547: "This sentence should have a line-height of twenty millimeters, which should cause extra spacing between the lines."
      LayoutBlockFlow {P} at (0,521) size 769x32
        LayoutText {#text} at (0,8) size 549x15
          text run at (0,8) width 549: "This sentence should have a line-height of twenty-four points, which should cause extra spacing between the lines."
      LayoutBlockFlow {P} at (0,565) size 769x32
        LayoutText {#text} at (0,8) size 503x15
          text run at (0,8) width 503: "This sentence should have a line-height of two picas, which should cause extra spacing between the lines."
      LayoutBlockFlow {P} at (0,609) size 769x24
        LayoutText {#text} at (0,4) size 492x15
          text run at (0,4) width 492: "This sentence should have a line-height of two em, which should cause extra spacing between the lines."
      LayoutBlockFlow {P} at (0,645) size 769x14
        LayoutText {#text} at (0,-1) size 493x15
          text run at (0,-1) width 493: "This sentence should have a line-height of three ex, which should cause extra spacing between the lines."
      LayoutBlockFlow {P} at (0,671) size 769x24
        LayoutText {#text} at (0,4) size 545x15
          text run at (0,4) width 545: "This sentence should have a line-height of twice the font size, which should cause extra spacing between the lines."
      LayoutBlockFlow {DIV} at (0,707) size 769x168 [bgcolor=#C0C0C0]
        LayoutBlockFlow (anonymous) at (0,0) size 769x24
          LayoutText {#text} at (0,4) size 602x15
            text run at (0,4) width 602: "This first part of the DIV should have a line-height of twice the font size, which should cause extra spacing between the lines."
        LayoutBlockFlow {P} at (0,48) size 769x72
          LayoutText {#text} at (0,-2) size 752x75
            text run at (0,-2) width 737: "This sentence should have a line-height of twice the DIV's font size, or 28px;"
            text run at (0,22) width 752: "this should not cause extra spacing between the lines, since the line-height and"
            text run at (0,46) width 359: "font-size should have the same value."
        LayoutBlockFlow (anonymous) at (0,144) size 769x24
          LayoutText {#text} at (0,4) size 615x15
            text run at (0,4) width 615: "This second part of the DIV should have a line-height of twice the font size, which should cause extra spacing between the lines."
      LayoutBlockFlow {P} at (0,887) size 769x24
        LayoutText {#text} at (0,4) size 545x15
          text run at (0,4) width 545: "This sentence should have a line-height of twice the font size, which should cause extra spacing between the lines."
      LayoutBlockFlow {DIV} at (0,923) size 769x240 [bgcolor=#C0C0C0]
        LayoutBlockFlow (anonymous) at (0,0) size 769x24
          LayoutText {#text} at (0,4) size 602x15
            text run at (0,4) width 602: "This first part of the DIV should have a line-height of twice the font size, which should cause extra spacing between the lines."
        LayoutBlockFlow {P} at (0,48) size 769x144
          LayoutText {#text} at (0,10) size 737x123
            text run at (0,10) width 737: "This sentence should have a line-height of twice the font size, which is 200%"
            text run at (0,58) width 732: "normal thanks to an inline style; this should cause extra spacing between the"
            text run at (0,106) width 640: "lines, as the font-size will be 28px and the line-height will be 56px."
        LayoutBlockFlow (anonymous) at (0,216) size 769x24
          LayoutText {#text} at (0,4) size 615x15
            text run at (0,4) width 615: "This second part of the DIV should have a line-height of twice the font size, which should cause extra spacing between the lines."
      LayoutBlockFlow {P} at (0,1175) size 769x100
        LayoutText {#text} at (0,17) size 756x65
          text run at (0,17) width 599: "This paragraph should have a line-height of 50 pixels in the first section, which should cause extra spacing between the lines. "
          text run at (599,17) width 157: "In the second section (within the"
          text run at (0,67) width 183: "table) its line-height should be normal."
      LayoutBlockFlow {P} at (0,1287) size 769x16
        LayoutText {#text} at (0,0) size 515x15
          text run at (0,0) width 515: "This sentence should have a normal line-height, because negative values are not permitted for this property."
      LayoutBlockFlow {P} at (0,1315) size 769x150
        LayoutInline {SPAN} at (0,0) size 767x90 [bgcolor=#C0C0C0]
          LayoutText {#text} at (0,30) size 767x90
            text run at (0,30) width 767: "This sentence should have a line-height of two centimeters, which should cause extra spacing between the lines. The text has a background color of silver, but no"
            text run at (0,105) width 672: "padding or border. The background color has been set on an inline element and should therefore only cover the text, not the interline spacing."
        LayoutText {#text} at (0,0) size 0x0
      LayoutTable {TABLE} at (0,1477) size 769x1148 [border: (1px outset #808080)]
        LayoutTableSection {TBODY} at (1,1) size 767x1146
          LayoutTableRow {TR} at (0,0) size 767x28
            LayoutTableCell {TD} at (0,0) size 767x28 [bgcolor=#C0C0C0] [border: (1px inset #808080)] [r=0 c=0 rs=1 cs=2]
              LayoutInline {STRONG} at (0,0) size 157x19
                LayoutText {#text} at (4,4) size 157x19
                  text run at (4,4) width 157: "TABLE Testing Section"
          LayoutTableRow {TR} at (0,28) size 767x1118
            LayoutTableCell {TD} at (0,573) size 12x28 [bgcolor=#C0C0C0] [border: (1px inset #808080)] [r=1 c=0 rs=1 cs=1]
              LayoutText {#text} at (4,4) size 4x19
                text run at (4,4) width 4: " "
            LayoutTableCell {TD} at (12,28) size 755x1118 [border: (1px inset #808080)] [r=1 c=1 rs=1 cs=1]
              LayoutBlockFlow {P} at (4,4) size 747x48
                LayoutText {#text} at (0,16) size 511x15
                  text run at (0,16) width 511: "This sentence should have a line-height of half an inch, which should cause extra spacing between the lines."
              LayoutBlockFlow {P} at (4,64) size 747x75
                LayoutText {#text} at (0,30) size 533x15
                  text run at (0,30) width 533: "This sentence should have a line-height of two centimeters, which should cause extra spacing between the lines."
              LayoutBlockFlow {P} at (4,151) size 747x75
                LayoutText {#text} at (0,30) size 547x15
                  text run at (0,30) width 547: "This sentence should have a line-height of twenty millimeters, which should cause extra spacing between the lines."
              LayoutBlockFlow {P} at (4,238) size 747x32
                LayoutText {#text} at (0,8) size 549x15
                  text run at (0,8) width 549: "This sentence should have a line-height of twenty-four points, which should cause extra spacing between the lines."
              LayoutBlockFlow {P} at (4,282) size 747x32
                LayoutText {#text} at (0,8) size 503x15
                  text run at (0,8) width 503: "This sentence should have a line-height of two picas, which should cause extra spacing between the lines."
              LayoutBlockFlow {P} at (4,326) size 747x24
                LayoutText {#text} at (0,4) size 492x15
                  text run at (0,4) width 492: "This sentence should have a line-height of two em, which should cause extra spacing between the lines."
              LayoutBlockFlow {P} at (4,362) size 747x14
                LayoutText {#text} at (0,-1) size 493x15
                  text run at (0,-1) width 493: "This sentence should have a line-height of three ex, which should cause extra spacing between the lines."
              LayoutBlockFlow {P} at (4,388) size 747x24
                LayoutText {#text} at (0,4) size 545x15
                  text run at (0,4) width 545: "This sentence should have a line-height of twice the font size, which should cause extra spacing between the lines."
              LayoutBlockFlow {DIV} at (4,424) size 747x168 [bgcolor=#C0C0C0]
                LayoutBlockFlow (anonymous) at (0,0) size 747x24
                  LayoutText {#text} at (0,4) size 602x15
                    text run at (0,4) width 602: "This first part of the DIV should have a line-height of twice the font size, which should cause extra spacing between the lines."
                LayoutBlockFlow {P} at (0,48) size 747x72
                  LayoutText {#text} at (0,-2) size 737x75
                    text run at (0,-2) width 737: "This sentence should have a line-height of twice the DIV's font size, or 28px;"
                    text run at (0,22) width 711: "this should not cause extra spacing between the lines, since the line-height"
                    text run at (0,46) width 400: "and font-size should have the same value."
                LayoutBlockFlow (anonymous) at (0,144) size 747x24
                  LayoutText {#text} at (0,4) size 615x15
                    text run at (0,4) width 615: "This second part of the DIV should have a line-height of twice the font size, which should cause extra spacing between the lines."
              LayoutBlockFlow {P} at (4,604) size 747x24
                LayoutText {#text} at (0,4) size 545x15
                  text run at (0,4) width 545: "This sentence should have a line-height of twice the font size, which should cause extra spacing between the lines."
              LayoutBlockFlow {DIV} at (4,640) size 747x240 [bgcolor=#C0C0C0]
                LayoutBlockFlow (anonymous) at (0,0) size 747x24
                  LayoutText {#text} at (0,4) size 602x15
                    text run at (0,4) width 602: "This first part of the DIV should have a line-height of twice the font size, which should cause extra spacing between the lines."
                LayoutBlockFlow {P} at (0,48) size 747x144
                  LayoutText {#text} at (0,10) size 737x123
                    text run at (0,10) width 737: "This sentence should have a line-height of twice the font size, which is 200%"
                    text run at (0,58) width 732: "normal thanks to an inline style; this should cause extra spacing between the"
                    text run at (0,106) width 640: "lines, as the font-size will be 28px and the line-height will be 56px."
                LayoutBlockFlow (anonymous) at (0,216) size 747x24
                  LayoutText {#text} at (0,4) size 615x15
                    text run at (0,4) width 615: "This second part of the DIV should have a line-height of twice the font size, which should cause extra spacing between the lines."
              LayoutBlockFlow {P} at (4,892) size 747x32
                LayoutText {#text} at (0,0) size 738x31
                  text run at (0,0) width 599: "This paragraph should have a line-height of 50 pixels in the first section, which should cause extra spacing between the lines. "
                  text run at (599,0) width 139: "In the second section (within"
                  text run at (0,16) width 201: "the table) its line-height should be normal."
              LayoutBlockFlow {P} at (4,936) size 747x16
                LayoutText {#text} at (0,0) size 515x15
                  text run at (0,0) width 515: "This sentence should have a normal line-height, because negative values are not permitted for this property."
              LayoutBlockFlow {P} at (4,964) size 747x150
                LayoutInline {SPAN} at (0,0) size 733x90 [bgcolor=#C0C0C0]
                  LayoutText {#text} at (0,30) size 733x90
                    text run at (0,30) width 733: "This sentence should have a line-height of two centimeters, which should cause extra spacing between the lines. The text has a background color of silver,"
                    text run at (0,105) width 706: "but no padding or border. The background color has been set on an inline element and should therefore only cover the text, not the interline spacing."
                LayoutText {#text} at (0,0) size 0x0
layer at (8,281) size 769x2 clip at (0,0) size 0x0
  LayoutBlockFlow {HR} at (0,273) size 769x2 [border: (1px inset #EEEEEE)]
