layer at (0,0) size 800x600
  LayoutView at (0,0) size 800x600
layer at (0,0) size 800x92
  LayoutBlockFlow {HTML} at (0,0) size 800x92
    LayoutBlockFlow {BODY} at (8,16) size 784x68
      LayoutBlockFlow {DIV} at (0,0) size 784x68
        LayoutBlockFlow {P} at (0,0) size 784x20
          LayoutText {#text} at (0,0) size 208x19
            text run at (0,0) width 208: "The following bar should be green."
        LayoutBlockFlow {DIV} at (0,36) size 784x0
        LayoutBlockFlow {DIV} at (0,36) size 784x0
        LayoutBlockFlow {DIV} at (0,36) size 784x32
          LayoutBlockFlow {DIV} at (0,0) size 784x32
            LayoutBlockFlow {DIV} at (0,0) size 784x0
            LayoutBlockFlow {DIV} at (0,0) size 784x32
              LayoutBlockFlow {DIV} at (0,0) size 784x32 [bgcolor=#00FF00]
