layer at (0,0) size 800x600
  LayoutView at (0,0) size 800x600
layer at (0,0) size 800x269
  LayoutBlockFlow {HTML} at (0,0) size 800x269
    LayoutBlockFlow {BODY} at (8,16) size 784x237
      LayoutBlockFlow {P} at (0,0) size 784x237
        LayoutInline {<pseudo:before>} at (0,0) size 19x19 [color=#FF0000]
          LayoutInline {<pseudo:first-letter>} at (0,0) size 19x36 [color=#00FF00]
            LayoutTextFragment (anonymous) at (0,0) size 19x36
              text run at (0,0) width 19: "T"
          LayoutTextFragment (anonymous) at (0,0) size 0x0
        LayoutText {#text} at (19,13) size 776x223
          text run at (19,13) width 736: "his very long paragraph should have a big green first letter T. Dummy text. Dummy text. Dummy text. Dummy text. Dummy"
          text run at (0,37) width 755: "text. Dummy text. Dummy text. Dummy text. Dummy text. Dummy text. Dummy text. Dummy text. Dummy text. Dummy text."
          text run at (0,57) width 776: "Dummy text. Dummy text. Dummy text. Dummy text. Dummy text. Dummy text. Dummy text. Dummy text. Dummy text. Dummy"
          text run at (0,77) width 755: "text. Dummy text. Dummy text. Dummy text. Dummy text. Dummy text. Dummy text. Dummy text. Dummy text. Dummy text."
          text run at (0,97) width 776: "Dummy text. Dummy text. Dummy text. Dummy text. Dummy text. Dummy text. Dummy text. Dummy text. Dummy text. Dummy"
          text run at (0,117) width 755: "text. Dummy text. Dummy text. Dummy text. Dummy text. Dummy text. Dummy text. Dummy text. Dummy text. Dummy text."
          text run at (0,137) width 776: "Dummy text. Dummy text. Dummy text. Dummy text. Dummy text. Dummy text. Dummy text. Dummy text. Dummy text. Dummy"
          text run at (0,157) width 755: "text. Dummy text. Dummy text. Dummy text. Dummy text. Dummy text. Dummy text. Dummy text. Dummy text. Dummy text."
          text run at (0,177) width 776: "Dummy text. Dummy text. Dummy text. Dummy text. Dummy text. Dummy text. Dummy text. Dummy text. Dummy text. Dummy"
          text run at (0,197) width 755: "text. Dummy text. Dummy text. Dummy text. Dummy text. Dummy text. Dummy text. Dummy text. Dummy text. Dummy text."
          text run at (0,217) width 401: "Dummy text. Dummy text. Dummy text. Dummy text. Dummy text."
