layer at (0,0) size 800x600
  LayoutView at (0,0) size 800x600
layer at (0,0) size 800x36
  LayoutBlockFlow {HTML} at (0,0) size 800x36
    LayoutBlockFlow {BODY} at (8,8) size 784x20
      LayoutBlockFlow {ADDRESS} at (0,0) size 784x16 [bgcolor=#00FF00]
        LayoutInline {SPAN} at (0,0) size 0x0
      LayoutBlockFlow {DIV} at (0,0) size 784x20
        LayoutText {#text} at (0,0) size 252x19
          text run at (0,0) width 252: "This line should have a green background."
