layer at (0,0) size 800x600
  LayoutView at (0,0) size 800x600
layer at (0,0) size 800x76
  LayoutBlockFlow {HTML} at (0,0) size 800x76
    LayoutBlockFlow {BODY} at (8,16) size 784x44
      LayoutBlockFlow {P} at (0,0) size 784x44
        LayoutButton {BUTTON} at (0,0) size 256x22 [bgcolor=#00FF00] [border: (2px outset #C0C0C0)]
          LayoutBlockFlow (anonymous) at (8,3) size 240x16
            LayoutText {#text} at (0,0) size 240x16
              text run at (0,0) width 240: "A button (enabled) with green background"
        LayoutText {#text} at (256,1) size 4x19
          text run at (256,1) width 4: " "
        LayoutBR {BR} at (0,0) size 0x0
        LayoutTextControl {INPUT} at (0,22) size 285x22 [bgcolor=#00FF00] [border: (2px inset #EEEEEE)]
        LayoutText {#text} at (0,0) size 0x0
layer at (10,41) size 281x16
  LayoutBlockFlow {DIV} at (2,3) size 281x16
    LayoutText {#text} at (0,0) size 253x16
      text run at (0,0) width 253: "a text area (enabled) with green background"
