layer at (0,0) size 800x600
  LayoutView at (0,0) size 800x600
layer at (0,0) size 800x88
  LayoutBlockFlow {HTML} at (0,0) size 800x88
    LayoutBlockFlow {BODY} at (8,16) size 784x56
      LayoutBlockFlow {BLOCKQUOTE} at (40,0) size 704x20
        LayoutBlockFlow {DIV} at (0,0) size 704x20
          LayoutText {#text} at (0,0) size 170x19
            text run at (0,0) width 170: "This text should be unstyled."
      LayoutBlockFlow {DIV} at (0,36) size 784x20
        LayoutBlockFlow {DIV} at (0,0) size 784x20
          LayoutBlockFlow {P} at (0,0) size 784x20 [color=#008000]
            LayoutText {#text} at (0,0) size 154x19
              text run at (0,0) width 154: "This text should be green."
