layer at (0,0) size 800x600
  LayoutView at (0,0) size 800x600
layer at (0,0) size 800x176
  LayoutBlockFlow {HTML} at (0,0) size 800x176
    LayoutBlockFlow {BODY} at (8,16) size 784x152
      LayoutBlockFlow {DIV} at (0,0) size 784x94
        LayoutBlockFlow {P} at (0,0) size 784x20
          LayoutText {#text} at (0,0) size 205x19
            text run at (0,0) width 205: "This paragraph should be unstyled"
        LayoutTable {TABLE} at (0,36) size 211x58
          LayoutTableSection {TBODY} at (0,0) size 211x58
            LayoutTableRow {TR} at (0,2) size 211x54
              LayoutTableCell {TD} at (2,2) size 207x54 [r=0 c=0 rs=1 cs=1]
                LayoutBlockFlow {P} at (1,17) size 205x20
                  LayoutText {#text} at (0,0) size 205x19
                    text run at (0,0) width 205: "This paragraph should be unstyled"
      LayoutTable {TABLE} at (0,94) size 295x58
        LayoutTableSection {TBODY} at (0,0) size 295x58
          LayoutTableRow {TR} at (0,2) size 295x54
            LayoutTableCell {TD} at (2,2) size 291x54 [r=0 c=0 rs=1 cs=1]
              LayoutBlockFlow {P} at (1,17) size 289x20 [bgcolor=#00FF00]
                LayoutText {#text} at (0,0) size 289x19
                  text run at (0,0) width 289: "This paragraph should have a green background"
