layer at (0,0) size 800x600
  LayoutView at (0,0) size 800x600
layer at (0,0) size 800x92
  LayoutBlockFlow {HTML} at (0,0) size 800x92
    LayoutBlockFlow {BODY} at (8,16) size 784x60
      LayoutBlockFlow {UL} at (0,0) size 784x60
        LayoutListItem {LI} at (40,0) size 744x20 [bgcolor=#00FF00]
          LayoutListMarker (anonymous) at (-18,0) size 7x19: bullet
          LayoutText {#text} at (0,0) size 404x19
            text run at (0,0) width 404: "This list item should have green background because its class is \"t1\""
        LayoutListItem {LI} at (40,20) size 744x20 [bgcolor=#00FF00]
          LayoutListMarker (anonymous) at (-18,0) size 7x19: bullet
          LayoutText {#text} at (0,0) size 404x19
            text run at (0,0) width 404: "This list item should have green background because its class is \"t2\""
        LayoutListItem {LI} at (40,40) size 744x20 [bgcolor=#00FF00]
          LayoutListMarker (anonymous) at (-18,0) size 7x19: bullet
          LayoutInline {SPAN} at (0,0) size 570x19
            LayoutText {#text} at (0,0) size 570x19
              text run at (0,0) width 319: "This list item should have green background because "
              text run at (319,0) width 251: "the inner SPAN does not match SPAN.t3"
          LayoutText {#text} at (0,0) size 0x0
