layer at (0,0) size 800x600
  LayoutView at (0,0) size 800x600
layer at (0,0) size 800x54
  LayoutBlockFlow {HTML} at (0,0) size 800x54
    LayoutBlockFlow {BODY} at (8,16) size 784x22
      LayoutBlockFlow {P} at (0,0) size 784x22
        LayoutButton {BUTTON} at (0,0) size 520x22 [bgcolor=#C0C0C0] [border: (2px outset #C0C0C0)]
          LayoutBlockFlow (anonymous) at (8,3) size 504x16
            LayoutText {#text} at (0,0) size 504x16
              text run at (0,0) width 504: "Activating (e.g. holding the mouse button down on) this button should make it go green."
