layer at (0,0) size 800x600
  LayoutView at (0,0) size 800x600
layer at (0,0) size 800x124
  LayoutBlockFlow {HTML} at (0,0) size 800x124
    LayoutBlockFlow {BODY} at (8,16) size 784x92
      LayoutBlockFlow {DIV} at (0,0) size 784x92
        LayoutBlockFlow {DIV} at (0,0) size 784x92
          LayoutBlockFlow {P} at (0,0) size 784x20
            LayoutText {#text} at (0,0) size 265x19
              text run at (0,0) width 265: "This line should be unstyled. (4 moving to 1)"
          LayoutBlockFlow {P} at (0,36) size 784x20
            LayoutText {#text} at (0,0) size 190x19
              text run at (0,0) width 190: "This line should be unstyled. (2)"
          LayoutBlockFlow {P} at (0,72) size 784x20 [bgcolor=#00FF00]
            LayoutText {#text} at (0,0) size 274x19
              text run at (0,0) width 274: "This line should have a green background. (3)"
