layer at (0,0) size 800x600
  LayoutView at (0,0) size 800x600
layer at (0,0) size 800x232
  LayoutBlockFlow {HTML} at (0,0) size 800x232
    LayoutBlockFlow {BODY} at (8,16) size 784x200
      LayoutBlockFlow {P} at (0,0) size 784x20 [color=#008000]
        LayoutText {#text} at (0,0) size 154x19
          text run at (0,0) width 154: "This text should be green."
      LayoutBlockFlow {P} at (0,36) size 784x20 [color=#008000]
        LayoutText {#text} at (0,0) size 154x19
          text run at (0,0) width 154: "This text should be green."
      LayoutBlockFlow {P} at (0,72) size 784x20 [color=#008000]
        LayoutText {#text} at (0,0) size 154x19
          text run at (0,0) width 154: "This text should be green."
      LayoutBlockFlow {P} at (0,108) size 784x20 [color=#008000]
        LayoutText {#text} at (0,0) size 154x19
          text run at (0,0) width 154: "This text should be green."
      LayoutBlockFlow {P} at (0,144) size 784x20 [color=#008000]
        LayoutText {#text} at (0,0) size 154x19
          text run at (0,0) width 154: "This text should be green."
      LayoutBlockFlow {P} at (0,180) size 784x20 [color=#008000]
        LayoutText {#text} at (0,0) size 154x19
          text run at (0,0) width 154: "This text should be green."
