layer at (0,0) size 800x600
  LayoutView at (0,0) size 800x600
layer at (0,0) size 800x154
  LayoutBlockFlow {HTML} at (0,0) size 800x154
    LayoutBlockFlow {BODY} at (8,16) size 784x130
      LayoutBlockFlow {DIV} at (0,0) size 784x56
        LayoutBlockFlow {P} at (0,0) size 784x20
          LayoutText {#text} at (0,0) size 209x19
            text run at (0,0) width 209: "This paragraph should be unstyled."
        LayoutBlockFlow {DIV} at (0,36) size 784x20
          LayoutBlockFlow {P} at (0,0) size 784x20
            LayoutText {#text} at (0,0) size 209x19
              text run at (0,0) width 209: "This paragraph should be unstyled."
      LayoutTable {TABLE} at (0,72) size 299x58
        LayoutTableSection {TBODY} at (0,0) size 299x58
          LayoutTableRow {TR} at (0,2) size 299x54
            LayoutTableCell {TD} at (2,2) size 295x54 [r=0 c=0 rs=1 cs=1]
              LayoutBlockFlow {P} at (1,17) size 293x20 [bgcolor=#00FF00]
                LayoutText {#text} at (0,0) size 293x19
                  text run at (0,0) width 293: "This paragraph should have a green background."
