layer at (0,0) size 800x600
  LayoutView at (0,0) size 800x600
layer at (0,0) size 800x122
  LayoutBlockFlow {HTML} at (0,0) size 800x122
    LayoutBlockFlow {BODY} at (8,16) size 784x98
      LayoutBlockFlow {P} at (0,0) size 784x62 [bgcolor=#00FF00] [border: (5px solid #008000)]
        LayoutText {#text} at (21,21) size 720x19
          text run at (21,21) width 720: "This paragraph should have a green background and a green thick solid border because it carries both classes t1 and t2."
      LayoutBlockFlow {DIV} at (0,78) size 784x20 [color=#FFFFFF] [bgcolor=#008000]
        LayoutText {#text} at (0,0) size 152x19
          text run at (0,0) width 152: "This line should be green."
