layer at (0,0) size 800x600
  LayoutView at (0,0) size 800x600
layer at (0,0) size 800x92
  LayoutBlockFlow {HTML} at (0,0) size 800x92
    LayoutBlockFlow {BODY} at (8,16) size 784x60
      LayoutBlockFlow {UL} at (0,0) size 784x60
        LayoutListItem {LI} at (40,0) size 744x20 [bgcolor=#00FF00]
          LayoutListMarker (anonymous) at (-18,0) size 7x19: bullet
          LayoutText {#text} at (0,0) size 406x19
            text run at (0,0) width 406: "This list item should have a green background. because its ID is \"t1\""
        LayoutListItem {LI} at (40,20) size 744x20 [bgcolor=#00FF00]
          LayoutListMarker (anonymous) at (-18,0) size 7x19: bullet
          LayoutText {#text} at (0,0) size 406x19
            text run at (0,0) width 406: "This list item should have a green background. because its ID is \"t2\""
        LayoutListItem {LI} at (40,40) size 744x20 [bgcolor=#00FF00]
          LayoutListMarker (anonymous) at (-18,0) size 7x19: bullet
          LayoutInline {SPAN} at (0,0) size 559x19
            LayoutText {#text} at (0,0) size 559x19
              text run at (0,0) width 559: "This list item should have a green background. because the inner SPAN does not match \"#t4\""
