layer at (0,0) size 800x600
  LayoutView at (0,0) size 800x600
layer at (0,0) size 800x108
  LayoutBlockFlow {HTML} at (0,0) size 800x108
    LayoutBlockFlow {BODY} at (8,16) size 784x76
      LayoutBlockFlow {UL} at (0,0) size 784x40
        LayoutListItem {LI} at (40,0) size 744x20 [bgcolor=#00FF00]
          LayoutListMarker (anonymous) at (-18,0) size 7x19: bullet
          LayoutText {#text} at (0,0) size 287x19
            text run at (0,0) width 287: "The background of this list item should be green"
        LayoutListItem {LI} at (40,20) size 744x20 [bgcolor=#00FF00]
          LayoutListMarker (anonymous) at (-18,0) size 7x19: bullet
          LayoutText {#text} at (0,0) size 362x19
            text run at (0,0) width 362: "The background of this second list item should be also green"
      LayoutBlockFlow {P} at (0,56) size 784x20 [bgcolor=#00FF00]
        LayoutText {#text} at (0,0) size 307x19
          text run at (0,0) width 307: "The background of this paragraph should be green."
