layer at (0,0) size 800x600
  LayoutView at (0,0) size 800x600
layer at (0,0) size 800x88
  LayoutBlockFlow {HTML} at (0,0) size 800x88 [color=#00FF00]
    LayoutBlockFlow {BODY} at (8,16) size 784x56
      LayoutBlockFlow {P} at (0,0) size 784x20 [color=#FF0000]
        LayoutInline {SPAN} at (0,0) size 440x19 [color=#00FF00]
          LayoutText {#text} at (0,0) size 440x19
            text run at (0,0) width 341: "This paragraph, and all textual contents in the document, "
            text run at (341,0) width 99: "should be green."
        LayoutText {#text} at (0,0) size 0x0
      LayoutBlockFlow {UL} at (0,36) size 784x20 [color=#FF0000]
        LayoutListItem {LI} at (40,0) size 744x20 [color=#00FF00]
          LayoutListMarker (anonymous) at (-18,0) size 7x19: bullet
          LayoutText {#text} at (0,0) size 157x19
            text run at (0,0) width 157: "This item should be green."
