layer at (0,0) size 800x600
  LayoutView at (0,0) size 800x600
layer at (0,0) size 800x148
  LayoutBlockFlow {HTML} at (0,0) size 800x148
    LayoutBlockFlow {BODY} at (8,16) size 784x116
      LayoutBlockFlow {DIV} at (0,0) size 784x116
        LayoutBlockFlow {P} at (0,0) size 784x20
          LayoutText {#text} at (0,0) size 241x19
            text run at (0,0) width 241: "The following two bars should be green."
        LayoutBlockFlow {DIV} at (16,36) size 752x32 [bgcolor=#00FF00]
        LayoutBlockFlow {DIV} at (16,84) size 752x32 [bgcolor=#00FF00]
