layer at (0,0) size 800x600
  LayoutView at (0,0) size 800x600
layer at (0,0) size 800x112
  LayoutBlockFlow {HTML} at (0,0) size 800x112
    LayoutBlockFlow {BODY} at (8,16) size 784x88
      LayoutBlockFlow {DIV} at (0,0) size 784x88
        LayoutBlockFlow {P} at (0,0) size 784x20
          LayoutText {#text} at (0,0) size 208x19
            text run at (0,0) width 208: "The following bar should be green."
        LayoutBlockFlow {DIV} at (0,36) size 784x52 [bgcolor=#00FF00]
          LayoutText {#text} at (16,16) size 152x19
            text run at (16,16) width 152: "This line should be green."
