layer at (0,0) size 800x600
  LayoutView at (0,0) size 800x600
layer at (0,0) size 800x144
  LayoutBlockFlow {HTML} at (0,0) size 800x144
    LayoutBlockFlow {BODY} at (8,8) size 784x128
      LayoutBlockFlow {DIV} at (0,0) size 784x128
        LayoutBlockFlow {ADDRESS} at (16,0) size 768x20 [bgcolor=#00FF00]
          LayoutText {#text} at (0,0) size 334x19
            text run at (0,0) width 334: "A first address that should have a green background"
        LayoutBlockFlow {ADDRESS} at (16,36) size 768x20 [bgcolor=#00FF00]
          LayoutText {#text} at (0,0) size 352x19
            text run at (0,0) width 352: "A second address that should have a green background"
        LayoutBlockFlow {ADDRESS} at (16,72) size 768x20
          LayoutText {#text} at (0,0) size 258x19
            text run at (0,0) width 258: "A third address with normal background"
        LayoutBlockFlow (anonymous) at (0,108) size 784x20
          LayoutText {#text} at (0,0) size 276x19
            text run at (0,0) width 276: "This div should have three addresses above it."
