layer at (0,0) size 800x600
  LayoutView at (0,0) size 800x600
layer at (0,0) size 800x124
  LayoutBlockFlow {HTML} at (0,0) size 800x124
    LayoutBlockFlow {BODY} at (8,16) size 784x92
      LayoutBlockFlow {DIV} at (0,0) size 784x92
        LayoutBlockFlow {P} at (0,0) size 784x20 [color=#00FF00]
          LayoutText {#text} at (0,0) size 273x19
            text run at (0,0) width 273: "This paragraph should be in green characters."
        LayoutBlockFlow {P} at (0,36) size 784x20 [color=#00FF00]
          LayoutText {#text} at (0,0) size 273x19
            text run at (0,0) width 273: "This paragraph should be in green characters."
        LayoutBlockFlow {P} at (0,72) size 784x20 [color=#FF0000]
          LayoutInline {SPAN} at (0,0) size 273x19 [color=#00FF00]
            LayoutText {#text} at (0,0) size 273x19
              text run at (0,0) width 273: "This paragraph should be in green characters."
          LayoutText {#text} at (0,0) size 0x0
