layer at (0,0) size 800x600
  LayoutView at (0,0) size 800x600
layer at (0,0) size 800x144
  LayoutBlockFlow {HTML} at (0,0) size 800x144
    LayoutBlockFlow {BODY} at (8,16) size 784x112
      LayoutBlockFlow {BLOCKQUOTE} at (40,0) size 704x20
        LayoutBlockFlow {DIV} at (0,0) size 704x20
          LayoutText {#text} at (0,0) size 170x19
            text run at (0,0) width 170: "This text should be unstyled."
      LayoutBlockFlow {DIV} at (0,36) size 784x20
        LayoutText {#text} at (0,0) size 170x19
          text run at (0,0) width 170: "This text should be unstyled."
      LayoutBlockFlow {DIV} at (0,56) size 784x20
        LayoutText {#text} at (0,0) size 170x19
          text run at (0,0) width 170: "This text should be unstyled."
      LayoutBlockFlow {P} at (0,92) size 784x20 [color=#008000]
        LayoutText {#text} at (0,0) size 154x19
          text run at (0,0) width 154: "This text should be green."
