layer at (0,0) size 800x600
  LayoutView at (0,0) size 800x600
layer at (0,0) size 800x72
  LayoutBlockFlow {HTML} at (0,0) size 800x72
    LayoutBlockFlow {BODY} at (8,16) size 784x40
      LayoutBlockFlow {P} at (0,0) size 784x40 [color=#008000]
        LayoutBR {BR} at (0,0) size 0x19
        LayoutText {#text} at (0,20) size 152x19
          text run at (0,20) width 152: "This line should be green."
