layer at (0,0) size 800x600
  LayoutView at (0,0) size 800x600
layer at (0,0) size 800x600
  LayoutBlockFlow {HTML} at (0,0) size 800x600
    LayoutBlockFlow {BODY} at (8,8) size 784x576
      LayoutBlockFlow {P} at (0,0) size 784x20
        LayoutText {#text} at (0,0) size 50x19
          text run at (0,0) width 50: "Test for "
        LayoutInline {I} at (0,0) size 696x19
          LayoutInline {A} at (0,0) size 303x19 [color=#0000EE]
            LayoutText {#text} at (50,0) size 303x19
              text run at (50,0) width 303: "http://bugs.webkit.org/show_bug.cgi?id=11916"
          LayoutText {#text} at (353,0) size 393x19
            text run at (353,0) width 4: " "
            text run at (357,0) width 389: "REGRESSION (SearchField): RTL search fields are mixed up"
        LayoutText {#text} at (746,0) size 4x19
          text run at (746,0) width 4: "."
      LayoutBlockFlow {P} at (0,36) size 784x66
        LayoutTextControl {INPUT} at (0,0) size 175x22 [bgcolor=#FFFFFF] [border: (2px inset #EEEEEE)]
          LayoutFlexibleBox {DIV} at (3,3) size 169x16
            LayoutBlockFlow {DIV} at (12,0) size 157x16
        LayoutText {#text} at (175,1) size 4x19
          text run at (175,1) width 4: " "
        LayoutBR {BR} at (0,0) size 0x0
        LayoutTextControl {INPUT} at (0,22) size 245x22 [bgcolor=#FFFFFF] [border: (2px inset #EEEEEE)]
          LayoutFlexibleBox {DIV} at (3,3) size 239x16
            LayoutBlockFlow {DIV} at (12,0) size 227x16
        LayoutText {#text} at (245,23) size 4x19
          text run at (245,23) width 4: " "
        LayoutBR {BR} at (0,0) size 0x0
        LayoutTextControl {INPUT} at (0,44) size 175x22 [bgcolor=#FFFFFF] [border: (2px inset #EEEEEE)]
          LayoutFlexibleBox {DIV} at (3,3) size 169x16
            LayoutBlockFlow {DIV} at (12,0) size 157x16
        LayoutText {#text} at (0,0) size 0x0
      LayoutBlockFlow {P} at (0,118) size 784x20
        LayoutText {#text} at (0,0) size 37x19
          text run at (0,0) width 37: "PASS"
layer at (23,47) size 157x16
  LayoutBlockFlow {DIV} at (0,0) size 157x16
    LayoutText {#text} at (31,0) size 126x16
      text run at (31,0) width 23 RTL: " \x{5D5}\x{5D6}\x{5D4}\x{5D5}"
      text run at (54,0) width 9: "B"
      text run at (63,0) width 46 RTL: " \x{5D5}\x{5D4}\x{5D9}\x{5D0} \x{5D6}\x{5D4} "
      text run at (109,0) width 9: "A"
      text run at (118,0) width 39 RTL: "\x{5D4}\x{5D5}\x{5D0} \x{5D6}\x{5D4} "
layer at (23,69) size 227x16
  LayoutBlockFlow {DIV} at (0,0) size 227x16
    LayoutText {#text} at (101,0) size 126x16
      text run at (101,0) width 23 RTL: " \x{5D5}\x{5D6}\x{5D4}\x{5D5}"
      text run at (124,0) width 9: "B"
      text run at (133,0) width 46 RTL: " \x{5D5}\x{5D4}\x{5D9}\x{5D0} \x{5D6}\x{5D4} "
      text run at (179,0) width 9: "A"
      text run at (188,0) width 39 RTL: "\x{5D4}\x{5D5}\x{5D0} \x{5D6}\x{5D4} "
layer at (23,91) size 157x16
  LayoutBlockFlow {DIV} at (0,0) size 157x16
layer at (11,51) size 9x9 transparent
  LayoutBlockFlow {DIV} at (0,3.50) size 9x9
layer at (11,73) size 9x9 transparent
  LayoutBlockFlow {DIV} at (0,3.50) size 9x9
layer at (11,95) size 9x9 transparent
  LayoutBlockFlow {DIV} at (0,3.50) size 9x9
caret: position 0 of child 0 {DIV} of child 0 {DIV} of child 0 {DIV} of {#document-fragment} of child 9 {INPUT} of child 3 {P} of body
