layer at (0,0) size 800x600
  LayoutView at (0,0) size 800x600
layer at (0,0) size 800x406
  LayoutBlockFlow {HTML} at (0,0) size 800x406
    LayoutBlockFlow {BODY} at (8,8) size 784x390
      LayoutBlockFlow (anonymous) at (0,0) size 784x92
        LayoutTextControl {INPUT} at (4,4) size 175x22 [bgcolor=#FFFFFF] [border: (2px inset #EEEEEE)]
          LayoutFlexibleBox {DIV} at (3,3) size 169x16
            LayoutBlockFlow {DIV} at (0,0) size 156x16
        LayoutText {#text} at (183,5) size 4x19
          text run at (183,5) width 4: " "
        LayoutTextControl {INPUT} at (191,4) size 175x22 [bgcolor=#FFFFFF] [border: (2px inset #EEEEEE)]
          LayoutFlexibleBox {DIV} at (3,3) size 169x16
            LayoutBlockFlow {DIV} at (0,0) size 156x16
            LayoutBlockFlow {DIV} at (157,3.50) size 9x9
        LayoutBR {BR} at (370,5) size 0x19
        LayoutTextControl {INPUT} at (4,34) size 175x22 [bgcolor=#FFFFFF] [border: (2px inset #EEEEEE)]
          LayoutFlexibleBox {DIV} at (3,3) size 169x16
            LayoutBlockFlow {DIV} at (0,0) size 156x16
        LayoutText {#text} at (183,35) size 4x19
          text run at (183,35) width 4: " "
        LayoutTextControl {INPUT} at (191,34) size 175x22 [color=#545454] [bgcolor=#EBEBE4] [border: (2px inset #EEEEEE)]
          LayoutFlexibleBox {DIV} at (3,3) size 169x16
            LayoutBlockFlow {DIV} at (0,0) size 156x16
        LayoutText {#text} at (370,35) size 4x19
          text run at (370,35) width 4: " "
        LayoutBR {BR} at (374,35) size 0x19
        LayoutTextControl {INPUT} at (4,64) size 177x24 [bgcolor=#FFFFFF] [border: (3px solid #00FF00)]
          LayoutFlexibleBox {DIV} at (4,4) size 169x16
            LayoutBlockFlow {DIV} at (0,0) size 156x16
        LayoutText {#text} at (185,66) size 4x19
          text run at (185,66) width 4: " "
        LayoutTextControl {INPUT} at (193,65) size 175x22 [bgcolor=#FFFFFF] [border: (2px inset #EEEEEE)]
          LayoutFlexibleBox {DIV} at (3,3) size 169x16
            LayoutBlockFlow {DIV} at (0,0) size 156x16
        LayoutText {#text} at (372,66) size 4x19
          text run at (372,66) width 4: " "
        LayoutBR {BR} at (376,66) size 0x19
      LayoutBlockFlow {DIV} at (0,92) size 163x45 [bgcolor=#888888]
        LayoutTextControl {INPUT} at (11,9) size 133x22 [bgcolor=#00FF00] [border: (2px inset #EEEEEE)]
          LayoutFlexibleBox {DIV} at (3,3) size 127x16
            LayoutBlockFlow {DIV} at (0,0) size 114x16
        LayoutText {#text} at (0,0) size 0x0
      LayoutBlockFlow (anonymous) at (0,137) size 784x253
        LayoutTextControl {INPUT} at (4,4) size 175x22 [border: (2px inset #EEEEEE)]
          LayoutFlexibleBox {DIV} at (3,3) size 169x16
            LayoutBlockFlow {DIV} at (0,0) size 156x16
        LayoutText {#text} at (183,5) size 4x19
          text run at (183,5) width 4: " "
        LayoutBR {BR} at (187,5) size 0x19
        LayoutTextControl {INPUT} at (4,34) size 175x22 [bgcolor=#FFFFFF] [border: (2px inset #EEEEEE)]
          LayoutFlexibleBox {DIV} at (3,3) size 169x16
            LayoutBlockFlow {DIV} at (0,0) size 156x16
        LayoutText {#text} at (183,35) size 4x19
          text run at (183,35) width 4: " "
        LayoutBR {BR} at (187,35) size 0x19
        LayoutTextControl {INPUT} at (4,70) size 182x25 [bgcolor=#FFFFFF] [border: (2px inset #EEEEEE)]
          LayoutFlexibleBox {DIV} at (3,3) size 176x19
            LayoutBlockFlow {DIV} at (0,0) size 161x19
        LayoutText {#text} at (190,73) size 4x19
          text run at (190,73) width 4: " "
        LayoutTextControl {INPUT} at (198,66) size 230x30 [bgcolor=#FFFFFF] [border: (2px inset #EEEEEE)]
          LayoutFlexibleBox {DIV} at (3,3) size 224x24
            LayoutBlockFlow {DIV} at (0,0) size 206x24
        LayoutText {#text} at (432,73) size 4x19
          text run at (432,73) width 4: " "
        LayoutTextControl {INPUT} at (440,64) size 279x34 [bgcolor=#FFFFFF] [border: (2px inset #EEEEEE)]
          LayoutFlexibleBox {DIV} at (3,3) size 273x28
            LayoutBlockFlow {DIV} at (0,0) size 252x28
        LayoutText {#text} at (723,73) size 4x19
          text run at (723,73) width 4: " "
        LayoutBR {BR} at (727,73) size 0x19
        LayoutTextControl {INPUT} at (6,119) size 233x33 [bgcolor=#FFFFFF] [border: (3px inset #EEEEEE)]
          LayoutFlexibleBox {DIV} at (4.50,4.50) size 224x24
            LayoutBlockFlow {DIV} at (0,0) size 204x24
        LayoutText {#text} at (245,127) size 4x19
          text run at (245,127) width 4: " "
        LayoutTextControl {INPUT} at (257,110) size 311x45 [bgcolor=#FFFFFF] [border: (4px inset #EEEEEE)]
          LayoutFlexibleBox {DIV} at (6,6) size 299x33
            LayoutBlockFlow {DIV} at (0,0) size 272x33
        LayoutText {#text} at (576,127) size 4x19
          text run at (576,127) width 4: " "
        LayoutBR {BR} at (580,127) size 0x19
        LayoutTextControl {INPUT} at (6,180) size 233x33 [bgcolor=#FFFFFF] [border: (3px inset #EEEEEE)]
          LayoutFlexibleBox {DIV} at (4.50,4.50) size 224x24
            LayoutBlockFlow {DIV} at (0,0) size 204x24
        LayoutText {#text} at (245,188) size 4x19
          text run at (245,188) width 4: " "
        LayoutTextControl {INPUT} at (257,171) size 311x45 [bgcolor=#FFFFFF] [border: (4px inset #EEEEEE)]
          LayoutFlexibleBox {DIV} at (6,6) size 299x33
            LayoutBlockFlow {DIV} at (0,0) size 272x33
        LayoutText {#text} at (576,188) size 4x19
          text run at (576,188) width 4: " "
        LayoutBR {BR} at (580,188) size 0x19
        LayoutTextControl {INPUT} at (4,228) size 163x21 [bgcolor=#FFFFFF] [border: (1px solid #BDC7D8)]
          LayoutFlexibleBox {DIV} at (18,4) size 141x13
            LayoutBlockFlow {DIV} at (0,0) size 129x13
        LayoutText {#text} at (0,0) size 0x0
layer at (15,15) size 156x16
  LayoutBlockFlow {DIV} at (0,0) size 156x16
    LayoutText {#text} at (0,0) size 17x16
      text run at (0,0) width 17: "foo"
layer at (202,15) size 156x16
  LayoutBlockFlow {DIV} at (0,0) size 156x16
    LayoutText {#text} at (0,0) size 17x16
      text run at (0,0) width 17: "foo"
layer at (15,45) size 156x16
  LayoutBlockFlow {DIV} at (0,0) size 156x16
    LayoutText {#text} at (0,0) size 17x16
      text run at (0,0) width 17: "foo"
layer at (202,45) size 156x16
  LayoutBlockFlow {DIV} at (0,0) size 156x16
    LayoutText {#text} at (0,0) size 17x16
      text run at (0,0) width 17: "foo"
layer at (16,76) size 156x16
  LayoutBlockFlow {DIV} at (0,0) size 156x16
    LayoutText {#text} at (0,0) size 17x16
      text run at (0,0) width 17: "foo"
layer at (204,76) size 156x16
  LayoutBlockFlow {DIV} at (0,0) size 156x16
    LayoutText {#text} at (0,0) size 17x16
      text run at (0,0) width 17: "foo"
layer at (22,112) size 114x16
  LayoutBlockFlow {DIV} at (0,0) size 114x16
    LayoutText {#text} at (0,0) size 64x16
      text run at (0,0) width 64: "default text"
layer at (15,152) size 156x16
  LayoutBlockFlow {DIV} at (0,0) size 156x16
    LayoutText {#text} at (0,0) size 17x16
      text run at (0,0) width 17: "foo"
layer at (15,182) size 156x16
  LayoutBlockFlow {DIV} at (0,0) size 156x16
    LayoutText {#text} at (0,0) size 17x16
      text run at (0,0) width 17: "foo"
layer at (15,218) size 161x19
  LayoutBlockFlow {DIV} at (0,0) size 161x19
    LayoutText {#text} at (0,0) size 22x18
      text run at (0,0) width 22: "foo"
layer at (209,214) size 206x24
  LayoutBlockFlow {DIV} at (0,0) size 206x24
    LayoutText {#text} at (0,0) size 28x23
      text run at (0,0) width 28: "foo"
layer at (451,212) size 252x28
  LayoutBlockFlow {DIV} at (0,0) size 252x28
    LayoutText {#text} at (0,0) size 33x27
      text run at (0,0) width 33: "foo"
layer at (19,269) size 204x24
  LayoutBlockFlow {DIV} at (0,0) size 204x24
    LayoutText {#text} at (0,0) size 28x23
      text run at (0,0) width 28: "foo"
layer at (271,261) size 272x33
  LayoutBlockFlow {DIV} at (0,0) size 272x33
    LayoutText {#text} at (0,0) size 37x32
      text run at (0,0) width 37: "foo"
layer at (19,330) size 204x24
  LayoutBlockFlow {DIV} at (0,0) size 204x24
    LayoutText {#text} at (0,0) size 28x23
      text run at (0,0) width 28: "foo"
layer at (271,322) size 272x33
  LayoutBlockFlow {DIV} at (0,0) size 272x33
    LayoutText {#text} at (0,0) size 37x32
      text run at (0,0) width 37: "foo"
layer at (30,377) size 129x13
  LayoutBlockFlow {DIV} at (18,4) size 129x13 [color=#757575]
    LayoutText {#text} at (0,0) size 86x13
      text run at (0,0) width 86: "Search for Events"
layer at (30,377) size 129x13
  LayoutBlockFlow {DIV} at (0,0) size 129x13
layer at (172,19) size 9x9 transparent
  LayoutBlockFlow {DIV} at (157,3.50) size 9x9
layer at (172,49) size 9x9 transparent
  LayoutBlockFlow {DIV} at (157,3.50) size 9x9
layer at (359,49) size 9x9 transparent
  LayoutBlockFlow {DIV} at (157,3.50) size 9x9
layer at (173,80) size 9x9 transparent
  LayoutBlockFlow {DIV} at (157,3.50) size 9x9
layer at (361,80) size 9x9 transparent
  LayoutBlockFlow {DIV} at (157,3.50) size 9x9
layer at (137,116) size 9x9 transparent
  LayoutBlockFlow {DIV} at (115,3.50) size 9x9
layer at (172,156) size 9x9 transparent
  LayoutBlockFlow {DIV} at (157,3.50) size 9x9
layer at (172,186) size 9x9 transparent
  LayoutBlockFlow {DIV} at (157,3.50) size 9x9
layer at (177,222) size 11x11 transparent
  LayoutBlockFlow {DIV} at (162,4) size 11x11
layer at (416,219) size 14x14 transparent
  LayoutBlockFlow {DIV} at (207,5) size 14x14
layer at (704,218) size 17x17 transparent
  LayoutBlockFlow {DIV} at (253,5.50) size 17x17
layer at (224,274) size 14x14 transparent
  LayoutBlockFlow {DIV} at (205.50,5) size 14x14
layer at (545,268) size 19x19 transparent
  LayoutBlockFlow {DIV} at (274,7) size 19x19
layer at (224,335) size 14x14 transparent
  LayoutBlockFlow {DIV} at (205.50,5) size 14x14
layer at (545,329) size 19x19 transparent
  LayoutBlockFlow {DIV} at (274,7) size 19x19
layer at (160,380) size 8x8 transparent
  LayoutBlockFlow {DIV} at (130,2.50) size 8x8
caret: position 0 of child 0 {#text} of child 0 {DIV} of child 0 {DIV} of child 0 {DIV} of {#document-fragment} of child 10 {INPUT} of body
