layer at (0,0) size 800x600
  LayoutView at (0,0) size 800x600
layer at (0,0) size 800x600
  LayoutBlockFlow {HTML} at (0,0) size 800x600
    LayoutBlockFlow {BODY} at (8,8) size 784x576
      LayoutBlockFlow {P} at (0,0) size 784x40
        LayoutText {#text} at (0,0) size 783x39
          text run at (0,0) width 397: "Test that search field text is vertically centered if the search field is "
          text run at (396,0) width 387: "taller than the text. In each of the following pairs of a search field"
          text run at (0,20) width 26: "and "
          text run at (26,20) width 338: "a text field, the vertical position of the text should be the "
          text run at (364,20) width 115: "same in both fields."
      LayoutBlockFlow {P} at (0,56) size 784x45
        LayoutTextControl {INPUT} at (0,0) size 175x45 [bgcolor=#FFFFFF] [border: (2px inset #EEEEEE)]
          LayoutFlexibleBox {DIV} at (3,14.50) size 169x16
            LayoutBlockFlow {DIV} at (0,0) size 156x16
        LayoutText {#text} at (175,12) size 4x20
          text run at (175,12) width 4: " "
        LayoutTextControl {INPUT} at (179,0) size 173x45 [bgcolor=#FFFFFF] [border: (2px inset #EEEEEE)]
        LayoutText {#text} at (0,0) size 0x0
      LayoutBlockFlow {P} at (0,117) size 784x20
        LayoutTextControl {INPUT} at (0,2) size 175x16 [bgcolor=#FFFFFF] [border: (2px inset #EEEEEE)]
          LayoutFlexibleBox {DIV} at (3,0) size 169x16
            LayoutBlockFlow {DIV} at (0,0) size 156x16
        LayoutText {#text} at (175,0) size 4x19
          text run at (175,0) width 4: " "
        LayoutTextControl {INPUT} at (179,2) size 173x16 [bgcolor=#FFFFFF] [border: (2px inset #EEEEEE)]
        LayoutText {#text} at (0,0) size 0x0
      LayoutBlockFlow {P} at (0,153) size 784x20
        LayoutTextControl {INPUT} at (0,4) size 175x12 [bgcolor=#FFFFFF] [border: (2px inset #EEEEEE)]
          LayoutFlexibleBox {DIV} at (3,-2) size 169x16
            LayoutBlockFlow {DIV} at (0,0) size 156x16
        LayoutText {#text} at (175,0) size 4x19
          text run at (175,0) width 4: " "
        LayoutTextControl {INPUT} at (179,4) size 173x12 [bgcolor=#FFFFFF] [border: (2px inset #EEEEEE)]
        LayoutText {#text} at (0,0) size 0x0
layer at (11,79) size 156x16
  LayoutBlockFlow {DIV} at (0,0) size 156x16
    LayoutText {#text} at (0,0) size 24x16
      text run at (0,0) width 24: "Text"
layer at (189,79) size 169x16
  LayoutBlockFlow {DIV} at (2,14.50) size 169x16
    LayoutText {#text} at (0,0) size 24x16
      text run at (0,0) width 24: "Text"
layer at (11,127) size 156x16
  LayoutBlockFlow {DIV} at (0,0) size 156x16
    LayoutText {#text} at (0,0) size 24x16
      text run at (0,0) width 24: "Text"
layer at (189,127) size 169x16
  LayoutBlockFlow {DIV} at (2,0) size 169x16
    LayoutText {#text} at (0,0) size 24x16
      text run at (0,0) width 24: "Text"
layer at (11,163) size 156x16
  LayoutBlockFlow {DIV} at (0,0) size 156x16
    LayoutText {#text} at (0,0) size 24x16
      text run at (0,0) width 24: "Text"
layer at (189,163) size 169x16
  LayoutBlockFlow {DIV} at (2,-2) size 169x16
    LayoutText {#text} at (0,0) size 24x16
      text run at (0,0) width 24: "Text"
layer at (168,82) size 9x9 transparent
  LayoutBlockFlow {DIV} at (157,3.50) size 9x9
layer at (168,131) size 9x9 transparent
  LayoutBlockFlow {DIV} at (157,3.50) size 9x9
layer at (168,167) size 9x9 transparent
  LayoutBlockFlow {DIV} at (157,3.50) size 9x9
