EDITING DELEGATE: webViewDidChangeSelection:WebViewDidChangeSelectionNotification
EDITING DELEGATE: webViewDidChangeSelection:WebViewDidChangeSelectionNotification
EDITING DELEGATE: webViewDidChange:WebViewDidChangeNotification
layer at (0,0) size 800x600
  LayoutView at (0,0) size 800x600
layer at (0,0) size 800x600
  LayoutBlockFlow {HTML} at (0,0) size 800x600
    LayoutBlockFlow {BODY} at (8,8) size 784x584
      LayoutBlockFlow {P} at (0,0) size 784x40
        LayoutText {#text} at (0,0) size 780x39
          text run at (0,0) width 780: "This places the caret before the 'T' in 'Two' and Deletes. 'One' and 'Two' should be merged but the blocks containing 'Three'"
          text run at (0,20) width 230: "and 'Four' should remain untouched."
      LayoutBlockFlow {DIV} at (8,56) size 768x182
        LayoutBlockFlow {DIV} at (16,16) size 736x42 [border: (3px solid #FF0000)]
          LayoutText {#text} at (11,11) size 56x19
            text run at (11,11) width 56: "OneTwo"
        LayoutBlockFlow {DIV} at (16,66) size 736x100 [border: (3px solid #008000)]
          LayoutBlockFlow {DIV} at (19,19) size 698x42 [border: (3px solid #000000)]
            LayoutText {#text} at (11,11) size 37x19
              text run at (11,11) width 37: "Three"
          LayoutBlockFlow (anonymous) at (11,69) size 714x20
            LayoutText {#text} at (0,0) size 30x19
              text run at (0,0) width 30: "Four"
caret: position 3 of child 0 {#text} of child 1 {DIV} of child 2 {DIV} of body
