EDITING DELEGATE: webViewDidChangeSelection:WebViewDidChangeSelectionNotification
EDITING DELEGATE: webViewDidChangeSelection:WebViewDidChangeSelectionNotification
EDITING DELEGATE: webViewDidChange:WebViewDidChangeNotification
layer at (0,0) size 800x600
  LayoutView at (0,0) size 800x600
layer at (0,0) size 800x600
  LayoutBlockFlow {HTML} at (0,0) size 800x600
    LayoutBlockFlow {BODY} at (8,8) size 784x584
      LayoutBlockFlow {P} at (0,0) size 784x40
        LayoutText {#text} at (0,0) size 749x39
          text run at (0,0) width 345: "This places the caret before the 'b' in 'bar' and Deletes. "
          text run at (345,0) width 404: "'foo' and 'bar' should end up on the same line, but neither should"
          text run at (0,20) width 82: "change style."
      LayoutBlockFlow {DIV} at (0,56) size 784x20
        LayoutBlockFlow {DIV} at (0,0) size 784x20
          LayoutText {#text} at (0,0) size 21x19
            text run at (0,0) width 21: "foo"
          LayoutInline {SPAN} at (21,0) size 24x19
            LayoutText {#text} at (21,0) size 24x19
              text run at (21,0) width 24: "bar"
caret: position 3 of child 0 {#text} of child 1 {DIV} of child 2 {DIV} of body
