EDITING DELEGATE: webViewDidChangeSelection:WebViewDidChangeSelectionNotification
EDITING DELEGATE: webViewDidChangeSelection:WebViewDidChangeSelectionNotification
EDITING DELEGATE: webViewDidChange:WebViewDidChangeNotification
layer at (0,0) size 800x600
  LayoutView at (0,0) size 800x600
layer at (0,0) size 800x600
  LayoutBlockFlow {HTML} at (0,0) size 800x600
    LayoutBlockFlow {BODY} at (8,8) size 784x584
      LayoutBlockFlow {P} at (0,0) size 784x20
        LayoutText {#text} at (0,0) size 717x19
          text run at (0,0) width 361: "This tests deletion of a selection that spans multiple cells. "
          text run at (361,0) width 356: "Just table content should be removed, not table structure."
      LayoutBlockFlow {DIV} at (0,36) size 784x30
        LayoutTable {TABLE} at (0,0) size 343x30 [border: (1px outset #808080)]
          LayoutTableSection {TBODY} at (1,1) size 341x28
            LayoutTableRow {TR} at (0,2) size 341x24
              LayoutTableCell {TD} at (2,2) size 157x24 [border: (1px inset #808080)] [r=0 c=0 rs=1 cs=1]
                LayoutBlockFlow {DIV} at (2,2) size 153x20
                  LayoutText {#text} at (0,0) size 153x19
                    text run at (0,0) width 153: "These two pieces of text"
              LayoutTableCell {TD} at (161,2) size 178x24 [border: (1px inset #808080)] [r=0 c=1 rs=1 cs=1]
                LayoutBlockFlow {DIV} at (2,2) size 174x20
                  LayoutText {#text} at (0,0) size 174x19
                    text run at (0,0) width 174: " should be in different cells."
caret: position 24 of child 0 {#text} of child 0 {DIV} of child 0 {TD} of child 0 {TR} of child 0 {TBODY} of child 0 {TABLE} of child 2 {DIV} of body
