layer at (0,0) size 800x600
  LayoutView at (0,0) size 800x600
layer at (0,0) size 800x600
  LayoutBlockFlow {HTML} at (0,0) size 800x600
    LayoutBlockFlow {BODY} at (8,8) size 784x576
      LayoutBlockFlow {BLOCKQUOTE} at (40,0) size 704x124
        LayoutBlockFlow {CENTER} at (0,0) size 704x124
          LayoutTable {TABLE} at (299.50,0) size 105x86 [border: (2px none #808080)]
            LayoutTableSection {TBODY} at (2,2) size 100x81
              LayoutTableRow {TR} at (0,0) size 100x27
                LayoutTableCell {TD} at (0,0) size 36x27 [border: (3px groove #0000FF)] [r=0 c=0 rs=1 cs=1]
                  LayoutText {#text} at (4,4) size 27x19
                    text run at (4,4) width 27: "EST"
                LayoutTableCell {TD} at (36,0) size 64x27 [border: (3px groove #0000FF)] [r=0 c=1 rs=1 cs=1]
                  LayoutText {#text} at (4,4) size 57x19
                    text run at (4,4) width 57: "9:00 a.m."
              LayoutTableRow {TR} at (0,27) size 100x27
                LayoutTableCell {TD} at (0,27) size 36x27 [border: (3px groove #0000FF)] [r=1 c=0 rs=1 cs=1]
                  LayoutText {#text} at (4,4) size 29x19
                    text run at (4,4) width 29: "CST"
                LayoutTableCell {TD} at (36,27) size 64x27 [border: (3px groove #0000FF)] [r=1 c=1 rs=1 cs=1]
                  LayoutText {#text} at (4,4) size 57x19
                    text run at (4,4) width 57: "8:00 a.m."
              LayoutTableRow {TR} at (0,54) size 100x27
                LayoutTableCell {TD} at (0,54) size 36x27 [border: (3px groove #0000FF)] [r=2 c=0 rs=1 cs=1]
                  LayoutText {#text} at (4,4) size 27x19
                    text run at (4,4) width 27: "PST"
                LayoutTableCell {TD} at (36,54) size 64x27 [border: (3px groove #0000FF)] [r=2 c=1 rs=1 cs=1]
                  LayoutText {#text} at (4,4) size 57x19
                    text run at (4,4) width 57: "6:00 a.m."
          LayoutBlockFlow {P} at (0,102) size 704x22
            LayoutButton {INPUT} at (285,0) size 66x22 [bgcolor=#C0C0C0] [border: (2px outset #C0C0C0)]
              LayoutBlockFlow (anonymous) at (8,3) size 50x16
                LayoutText {#text} at (0,0) size 50x16
                  text run at (0,0) width 50: "separate"
            LayoutText {#text} at (351,1) size 4x19
              text run at (351,1) width 4: " "
            LayoutButton {INPUT} at (355,0) size 64x22 [bgcolor=#C0C0C0] [border: (2px outset #C0C0C0)]
              LayoutBlockFlow (anonymous) at (8,3) size 48x16
                LayoutText {#text} at (0,0) size 48x16
                  text run at (0,0) width 48: "collapse"
