layer at (0,0) size 800x600 scrollHeight 813
  LayoutView at (0,0) size 800x600
layer at (0,0) size 800x810 backgroundClip at (0,0) size 800x600 clip at (0,0) size 800x600
  LayoutBlockFlow {HTML} at (0,0) size 800x810
    LayoutBlockFlow {BODY} at (0,0) size 800x810
      LayoutBlockFlow {SPAN} at (0,0) size 200x810
        LayoutBlockFlow {DIV} at (0,0) size 200x810
          LayoutText {#text} at (0,-3) size 199x816
            text run at (0,-3) width 199: "This test verifies"
            text run at (0,27) width 140: "that display"
            text run at (0,57) width 97: "changes"
            text run at (0,87) width 102: "properly"
            text run at (0,117) width 163: "invalidate the"
            text run at (0,147) width 167: "text autosizer."
            text run at (0,177) width 187: "This test passes"
            text run at (0,207) width 195: "if this text is not"
            text run at (0,237) width 144: "overlapping"
            text run at (0,267) width 129: "with itself."
            text run at (0,297) width 161: "Lorem ipsum"
            text run at (0,327) width 173: "dolor sit amet,"
            text run at (0,357) width 137: "consectetur"
            text run at (0,387) width 185: "adipisicing elit,"
            text run at (0,417) width 187: "sed do eiusmod"
            text run at (0,447) width 85: "tempor"
            text run at (0,477) width 153: "incididunt ut"
            text run at (0,507) width 189: "labore et dolore"
            text run at (0,537) width 169: "magna aliqua."
            text run at (0,567) width 134: "Ut enim ad"
            text run at (0,597) width 182: "minim veniam,"
            text run at (0,627) width 148: "quis nostrud"
            text run at (0,657) width 142: "exercitation"
            text run at (0,687) width 186: "ullamco laboris"
            text run at (0,717) width 165: "nisi ut aliquip"
            text run at (0,747) width 190: "ex ea commodo"
            text run at (0,777) width 128: "consequat."
