layer at (0,0) size 800x600
  LayoutView at (0,0) size 800x600
layer at (0,0) size 800x386
  LayoutBlockFlow {HTML} at (0,0) size 800x386
    LayoutBlockFlow {BODY} at (0,0) size 800x386
      LayoutTable {TABLE} at (0,0) size 800x282
        LayoutTableSection {TBODY} at (0,0) size 800x282
          LayoutTableRow {TR} at (0,2) size 800x278
            LayoutTableCell {TD} at (2,2) size 796x278 [r=0 c=0 rs=1 cs=1]
              LayoutText {#text} at (1,1) size 786x276
                text run at (1,1) width 647: "Lorem ipsum dolor sit amet, consectetur"
                text run at (1,47) width 629: "adipisicing elit, sed do eiusmod tempor"
                text run at (1,93) width 214: "incididunt ut "
                text run at (214,93) width 536: "labore et dolore magna aliqua. Ut"
                text run at (1,139) width 786: "enim ad minim veniam, quis nostrud exercitation"
                text run at (1,185) width 139: "ullamco "
                text run at (139,185) width 613: "laboris ni si ut aliquip ex ea commodo"
                text run at (1,231) width 170: "consequat."
      LayoutTable {TABLE} at (50,282) size 306x52
        LayoutTableSection {TBODY} at (0,0) size 306x52
          LayoutTableRow {TR} at (0,2) size 306x48
            LayoutTableCell {TD} at (2,2) size 302x48 [r=0 c=0 rs=1 cs=1]
              LayoutText {#text} at (1,1) size 300x46
                text run at (1,1) width 300: "Another comment."
      LayoutTable {TABLE} at (100,334) size 306x52
        LayoutTableSection {TBODY} at (0,0) size 306x52
          LayoutTableRow {TR} at (0,2) size 306x48
            LayoutTableCell {TD} at (2,2) size 302x48 [r=0 c=0 rs=1 cs=1]
              LayoutText {#text} at (1,1) size 300x46
                text run at (1,1) width 300: "Another comment."
