layer at (0,0) size 800x600 scrollWidth 838
  LayoutView at (0,0) size 800x600
layer at (0,0) size 800x600
  LayoutBlockFlow {HTML} at (0,0) size 800x600
    LayoutBlockFlow {BODY} at (8,8) size 784x584
      LayoutBlockFlow {H1} at (0,0) size 784x37
        LayoutText {#text} at (0,0) size 195x36
          text run at (0,0) width 195: "Cloning nodes"
      LayoutBlockFlow {DIV} at (0,58.44) size 784x40 [bgcolor=#FFFF00] [border: (2px ridge #EEEEEE)]
        LayoutInline {SPAN} at (0,0) size 828x35
          LayoutText {#text} at (2,2) size 60x35
            text run at (2,2) width 60: "Bold"
          LayoutInline {SPAN} at (0,0) size 708x35
            LayoutText {#text} at (62,2) size 205x35
              text run at (62,2) width 205: "Bold+Underline"
            LayoutInline {SPAN} at (0,0) size 281x34
              LayoutText {#text} at (267,2) size 281x34
                text run at (267,2) width 281: "Bold+Underline+Italic"
            LayoutText {#text} at (548,2) size 222x35
              text run at (548,2) width 222: "Bold+Uunderline"
          LayoutText {#text} at (770,2) size 60x35
            text run at (770,2) width 60: "Bold"
        LayoutText {#text} at (0,0) size 0x0
      LayoutBlockFlow (anonymous) at (0,98.44) size 784x20
        LayoutText {#text} at (0,0) size 189x19
          text run at (0,0) width 189: "Cloned Node with deep=false"
      LayoutBlockFlow {DIV} at (0,118.44) size 784x39 [bgcolor=#FFFF00] [border: (2px ridge #EEEEEE)]
        LayoutBR {BR} at (2,2) size 0x34
      LayoutBlockFlow (anonymous) at (0,157.44) size 784x20
        LayoutText {#text} at (0,0) size 184x19
          text run at (0,0) width 184: "Cloned Node with deep=true"
      LayoutBlockFlow {DIV} at (0,177.44) size 784x40 [bgcolor=#FFFF00] [border: (2px ridge #EEEEEE)]
        LayoutInline {SPAN} at (0,0) size 828x35
          LayoutText {#text} at (2,2) size 60x35
            text run at (2,2) width 60: "Bold"
          LayoutInline {SPAN} at (0,0) size 708x35
            LayoutText {#text} at (62,2) size 205x35
              text run at (62,2) width 205: "Bold+Underline"
            LayoutInline {SPAN} at (0,0) size 281x34
              LayoutText {#text} at (267,2) size 281x34
                text run at (267,2) width 281: "Bold+Underline+Italic"
            LayoutText {#text} at (548,2) size 222x35
              text run at (548,2) width 222: "Bold+Uunderline"
          LayoutText {#text} at (770,2) size 60x35
            text run at (770,2) width 60: "Bold"
        LayoutText {#text} at (0,0) size 0x0
