layer at (0,0) size 800x600
  LayoutView at (0,0) size 800x600
layer at (0,0) size 800x600
  LayoutBlockFlow {HTML} at (0,0) size 800x600
    LayoutBlockFlow {BODY} at (8,8) size 784x584
      LayoutBlockFlow {IMG} at (0,0) size 16x16
        LayoutInline {SPAN} at (0,0) size 0x0
          LayoutImage (floating) {IMG} at (0,0) size 16x16
          LayoutInline {SPAN} at (0,0) size 0x0
      LayoutText {#text} at (16,1) size 221x19
        text run at (16,1) width 221: " This text should only appear once."
