layer at (0,0) size 800x600
  LayoutView at (0,0) size 800x600
layer at (0,0) size 800x600
  LayoutBlockFlow {HTML} at (0,0) size 800x600
    LayoutBlockFlow {BODY} at (8,8) size 784x584
      LayoutBlockFlow {FORM} at (0,0) size 784x19
        LayoutMenuList {SELECT} at (0,1) size 91x18 [bgcolor=#F8F8F8]
          LayoutBlockFlow (anonymous) at (0,0) size 91x18
            LayoutText (anonymous) at (8,2) size 59x13
              text run at (8,2) width 59: "append cell"
        LayoutText {#text} at (91,0) size 53x18
          text run at (91,0) width 53: "   tbody "
        LayoutTextControl {INPUT} at (143.44,0) size 41x19 [bgcolor=#FFFFFF] [border: (2px inset #EEEEEE)]
        LayoutText {#text} at (184,0) size 42x18
          text run at (184,0) width 42: "   row "
        LayoutTextControl {INPUT} at (225.31,0) size 41x19 [bgcolor=#FFFFFF] [border: (2px inset #EEEEEE)]
        LayoutText {#text} at (266,0) size 36x18
          text run at (266,0) width 36: "   col "
        LayoutTextControl {INPUT} at (301.86,0) size 41x19 [bgcolor=#FFFFFF] [border: (2px inset #EEEEEE)]
        LayoutText {#text} at (342,0) size 76x18
          text run at (342,0) width 76: "   row span "
        LayoutTextControl {INPUT} at (417.06,0) size 41x19 [bgcolor=#FFFFFF] [border: (2px inset #EEEEEE)]
        LayoutText {#text} at (458,0) size 69x18
          text run at (458,0) width 69: "   col span "
        LayoutTextControl {INPUT} at (526.94,0) size 41x19 [bgcolor=#FFFFFF] [border: (2px inset #EEEEEE)]
        LayoutText {#text} at (567,0) size 21x18
          text run at (567,0) width 21: "     "
        LayoutButton {INPUT} at (587.94,1) size 39.81x18 [bgcolor=#C0C0C0]
          LayoutBlockFlow (anonymous) at (8,2) size 23.81x13
            LayoutText {#text} at (0,0) size 24x13
              text run at (0,0) width 24: "Do It"
        LayoutText {#text} at (0,0) size 0x0
      LayoutBlockFlow (anonymous) at (0,35) size 784x18
        LayoutBR {BR} at (0,0) size 0x18
      LayoutTable {TABLE} at (0,53) size 64x52 [bgcolor=#FFA500] [border: (1px outset #808080)]
        LayoutTableSection {TBODY} at (1,1) size 62x50
          LayoutTableRow {TR} at (0,2) size 62x22
            LayoutTableCell {TD} at (2,2) size 28x22 [border: (1px inset #808080)] [r=0 c=0 rs=1 cs=1]
              LayoutText {#text} at (2,2) size 23x18
                text run at (2,2) width 23: "c11"
          LayoutTableRow {TR} at (0,26) size 62x22
            LayoutTableCell {TD} at (2,26) size 28x22 [border: (1px inset #808080)] [r=1 c=0 rs=1 cs=1]
              LayoutText {#text} at (2,2) size 24x18
                text run at (2,2) width 24: "c21"
            LayoutTableCell {TD} at (32,26) size 28x22 [border: (1px inset #808080)] [r=1 c=1 rs=1 cs=1]
              LayoutText {#text} at (2,2) size 24x18
                text run at (2,2) width 24: "c22"
      LayoutBlockFlow (anonymous) at (0,105) size 784x18
        LayoutBR {BR} at (0,0) size 0x18
layer at (154,11) size 35x13
  LayoutBlockFlow {DIV} at (3,3) size 35x13
    LayoutText {#text} at (0,0) size 7x13
      text run at (0,0) width 7: "0"
layer at (236,11) size 35x13
  LayoutBlockFlow {DIV} at (3,3) size 35x13
    LayoutText {#text} at (0,0) size 7x13
      text run at (0,0) width 7: "0"
layer at (313,11) size 35x13
  LayoutBlockFlow {DIV} at (3,3) size 35x13
    LayoutText {#text} at (0,0) size 7x13
      text run at (0,0) width 7: "0"
layer at (428,11) size 35x13
  LayoutBlockFlow {DIV} at (3,3) size 35x13
    LayoutText {#text} at (0,0) size 7x13
      text run at (0,0) width 7: "1"
layer at (538,11) size 35x13
  LayoutBlockFlow {DIV} at (3,3) size 35x13
    LayoutText {#text} at (0,0) size 7x13
      text run at (0,0) width 7: "1"
