layer at (0,0) size 800x600
  LayoutView at (0,0) size 800x600
layer at (0,0) size 800x600
  LayoutSVGRoot {svg} at (0,0) size 800x600
    LayoutSVGForeignObject {foreignObject} at (100,100) size 500x300
      LayoutBlockFlow {div} at (0,0) size 500x186
        LayoutText {#text} at (0,1) size 487x184
          text run at (0,1) width 487: "Select this text using"
          text run at (0,63) width 473: "the mouse, it should"
          text run at (0,125) width 334: "not disappear!"
layer at (100,100) size 500x300
  LayoutSVGForeignObject {foreignObject} at (100,100) size 500x300
    LayoutBlockFlow {div} at (0,0) size 500x186
      LayoutText {#text} at (0,1) size 487x184
        text run at (0,1) width 487: "Select this text using"
        text run at (0,63) width 473: "the mouse, it should"
        text run at (0,125) width 334: "not disappear!"
