layer at (0,0) size 800x600
  LayoutView at (0,0) size 800x600
layer at (0,0) size 800x600
  LayoutBlockFlow {HTML} at (0,0) size 800x600
    LayoutBlockFlow {BODY} at (8,8) size 784x576
      LayoutBlockFlow {P} at (0,0) size 784x20
        LayoutText {#text} at (0,0) size 50x19
          text run at (0,0) width 50: "Test for "
        LayoutInline {A} at (0,0) size 64x19 [color=#0000EE]
          LayoutText {#text} at (50,0) size 64x19
            text run at (50,0) width 64: "bug 11141"
        LayoutText {#text} at (114,0) size 330x19
          text run at (114,0) width 7: ": "
          text run at (121,0) width 323: "CSS '@import' doesn't respect HTML Base element."
      LayoutBlockFlow {P} at (0,36) size 784x20 [color=#008000]
        LayoutText {#text} at (0,0) size 154x19
          text run at (0,0) width 154: "This text should be green."
      LayoutBlockFlow {P} at (0,72) size 784x40
        LayoutText {#text} at (0,0) size 772x39
          text run at (0,0) width 364: "If it is red, the css has been loaded relative to the document. "
          text run at (364,0) width 408: "If it is black, no stylesheet has been rendered, if it is rendered green,"
          text run at (0,20) width 444: "the stylesheet has been rendered correctly from the HREF attribute of the "
          text run at (444,20) width 315: "Base element in the HEAD section of this document."
      LayoutBlockFlow {P} at (0,128) size 784x20 [color=#008000]
        LayoutText {#text} at (0,0) size 182x19
          text run at (0,0) width 182: "This text should also be green."
