layer at (0,0) size 800x600
  LayoutView at (0,0) size 800x600
layer at (0,0) size 800x600
  LayoutBlockFlow {HTML} at (0,0) size 800x600
    LayoutBlockFlow {BODY} at (8,8) size 784x584
      LayoutText {#text} at (0,0) size 441x19
        text run at (0,0) width 441: "The white text and grey backgrounds should all clip to the border-radius. "
      LayoutBR {BR} at (440,15) size 1x0
      LayoutText {#text} at (240,145) size 4x19
        text run at (240,145) width 4: " "
      LayoutText {#text} at (484,145) size 4x19
        text run at (484,145) width 4: " "
      LayoutText {#text} at (0,0) size 0x0
      LayoutText {#text} at (0,0) size 0x0
      LayoutText {#text} at (240,290) size 4x19
        text run at (240,290) width 4: " "
      LayoutBR {BR} at (244,305) size 0x0
      LayoutText {#text} at (0,0) size 0x0
layer at (18,38) size 220x120 clip at (28,48) size 200x100
  LayoutBlockFlow {DIV} at (10,30) size 220x120 [border: (10px solid #000000)]
    LayoutBlockFlow {DIV} at (10,10) size 200x100 [color=#FFFFFF] [bgcolor=#808080]
      LayoutText {#text} at (0,0) size 79x19
        text run at (0,0) width 79: "static > static"
layer at (262,38) size 220x120 clip at (272,48) size 200x100
  LayoutBlockFlow {DIV} at (254,30) size 220x120 [border: (10px solid #000000)]
layer at (272,48) size 200x100
  LayoutBlockFlow (relative positioned) {DIV} at (10,10) size 200x100 [color=#FFFFFF] [bgcolor=#808080]
    LayoutText {#text} at (0,0) size 91x19
      text run at (0,0) width 91: "static > relative"
layer at (506,38) size 220x120 clip at (516,48) size 200x100
  LayoutBlockFlow (relative positioned) {DIV} at (498,30) size 220x120 [border: (10px solid #000000)]
    LayoutBlockFlow {DIV} at (10,10) size 200x100 [color=#FFFFFF] [bgcolor=#808080]
      LayoutText {#text} at (0,0) size 91x19
        text run at (0,0) width 91: "relative > static"
layer at (18,183) size 220x120 clip at (28,193) size 200x100
  LayoutBlockFlow (relative positioned) {DIV} at (10,175) size 220x120 [border: (10px solid #000000)]
layer at (28,193) size 200x100
  LayoutBlockFlow (relative positioned) {DIV} at (10,10) size 200x100 [color=#FFFFFF] [bgcolor=#808080]
    LayoutText {#text} at (0,0) size 103x19
      text run at (0,0) width 103: "relative > relative"
layer at (18,328) size 220x120 clip at (28,338) size 200x100
  LayoutBlockFlow (relative positioned) {DIV} at (10,320) size 220x120 [border: (10px solid #000000)]
layer at (28,338) size 200x100
  LayoutBlockFlow (positioned) {DIV} at (10,10) size 200x100 [color=#FFFFFF] [bgcolor=#808080]
    LayoutText {#text} at (0,0) size 110x19
      text run at (0,0) width 110: "relative > absolute"
