layer at (0,0) size 800x600
  LayoutView at (0,0) size 800x600
layer at (0,0) size 800x600
  LayoutBlockFlow {HTML} at (0,0) size 800x600
    LayoutBlockFlow {BODY} at (8,8) size 784x584
      LayoutBlockFlow (anonymous) at (0,0) size 784x20
        LayoutText {#text} at (0,0) size 649x19
          text run at (0,0) width 335: "The div below should be rounded with a border radius. "
          text run at (335,0) width 314: "If you see a solid lime square then the test has failed."
layer at (8,28) size 100x100
  LayoutBlockFlow {DIV} at (0,20) size 100x100
    LayoutBlockFlow {DIV} at (0,0) size 100x100 [bgcolor=#00FF00]
