layer at (0,0) size 800x600
  LayoutView at (0,0) size 800x600
layer at (0,0) size 800x600
  LayoutBlockFlow {HTML} at (0,0) size 800x600
    LayoutBlockFlow {BODY} at (8,8) size 784x584
      LayoutBlockFlow (anonymous) at (0,0) size 784x20
        LayoutText {#text} at (0,0) size 576x19
          text run at (0,0) width 576: "The div below should be rounded. You should see a rounded green square or the test has failed."
        LayoutText {#text} at (0,0) size 0x0
      LayoutBlockFlow {P} at (0,150) size 784x20
        LayoutText {#text} at (0,0) size 538x19
          text run at (0,0) width 538: "This div should not be rounded. You should see a solid green square or the test has failed."
      LayoutBlockFlow {P} at (0,302) size 784x20
        LayoutText {#text} at (0,0) size 537x19
          text run at (0,0) width 537: "This div should be rounded. You should see a rounded green square or the test has failed."
layer at (8,194) size 100x100
  LayoutBlockFlow {DIV} at (0,186) size 100x100
layer at (8,28) size 100x100
  LayoutBlockFlow (positioned) {DIV} at (8,28) size 100x100
layer at (8,28) size 100x100
  LayoutBlockFlow (relative positioned) {DIV} at (0,0) size 100x100 [bgcolor=#008000]
layer at (8,194) size 100x100
  LayoutBlockFlow (positioned) {DIV} at (8,194) size 100x100 [bgcolor=#008000]
layer at (8,346) size 100x100
  LayoutBlockFlow (relative positioned) {DIV} at (0,338) size 100x100
layer at (8,346) size 100x100
  LayoutBlockFlow {DIV} at (0,0) size 100x100
layer at (8,346) size 100x100
  LayoutBlockFlow (positioned) {DIV} at (0,0) size 100x100 [bgcolor=#008000]
