layer at (0,0) size 800x600
  LayoutView at (0,0) size 800x600
layer at (0,0) size 800x600
  LayoutNGBlockFlow {HTML} at (0,0) size 800x600
    LayoutNGBlockFlow {BODY} at (8,8) size 784x584
      LayoutText {#text} at (0,0) size 0x0
layer at (8,8) size 375x119 backgroundClip at (0,10) size 393x139 clip at (0,10) size 393x139 transparent
  LayoutInline {SPAN} at (0,0) size 375x119 [bgcolor=#808080]
    LayoutText {#text} at (75,22) size 300x27
      text run at (75,22) width 300: "This content should be masked"
    LayoutBR {BR} at (375,22) size 0x0
    LayoutText {#text} at (0,94) size 160x27
      text run at (0,94) width 160: "with a soft glow."
