layer at (0,0) size 800x600 clip at (0,0) size 785x600 scrollHeight 778
  LayoutView at (0,0) size 800x600
layer at (0,0) size 785x546
  LayoutBlockFlow {HTML} at (0,0) size 785x546
    LayoutBlockFlow {BODY} at (8,16) size 769x522
      LayoutBlockFlow {P} at (0,0) size 769x18
        LayoutText {#text} at (0,0) size 258x18
          text run at (0,0) width 258: "Test controls rendering with cast button."
      LayoutBlockFlow {DIV} at (0,34) size 769x244
        LayoutText {#text} at (0,0) size 0x0
      LayoutBlockFlow {DIV} at (0,278) size 769x244
        LayoutText {#text} at (0,0) size 0x0
      LayoutBlockFlow {DIV} at (0,522) size 769x0
layer at (8,50) size 320x240
  LayoutVideo {VIDEO} at (0,0) size 320x240
layer at (8,294) size 320x240
  LayoutVideo {VIDEO} at (0,0) size 320x240
layer at (8,50) size 320x240
  LayoutFlexibleBox (relative positioned) {DIV} at (0,0) size 320x240
    LayoutFlexibleBox {DIV} at (0,0) size 320x240
layer at (8,50) size 320x240
  LayoutBlockFlow (positioned) {DIV} at (0,0) size 320x240
layer at (8,50) size 320x240
  LayoutFlexibleBox {DIV} at (0,0) size 320x240
layer at (8,50) size 320x224 clip at (9,51) size 318x222
  LayoutButton (relative positioned) {INPUT} at (0,0) size 320x224 [border: (1px solid #D8D8D8) (1px solid #D1D1D1) (1px solid #BABABA) (1px solid #D1D1D1)]
    LayoutFlexibleBox (anonymous) at (8,81.50) size 304x60
      LayoutBlockFlow {DIV} at (122,0) size 60x60 [bgcolor=#FFFFFFE6]
layer at (8,226) size 320x48
  LayoutFlexibleBox (relative positioned) {DIV} at (0,176) size 320x48
    LayoutBlockFlow {DIV} at (16,0) size 31.14x48 [color=#FFFFFF]
      LayoutText {#text} at (0,15) size 32x18
        text run at (0,15) width 32: "0:00"
    LayoutBlockFlow {DIV} at (51.14,0) size 40.03x48 [color=#FFFFFF]
      LayoutText {#text} at (0,15) size 41x18
        text run at (0,15) width 41: "/ 0:06"
    LayoutBlockFlow {DIV} at (91.17,48) size 84.83x0
    LayoutButton {INPUT} at (176,0) size 48x48
    LayoutButton {INPUT} at (224,0) size 48x48
    LayoutButton {INPUT} at (272,0) size 48x48
layer at (8,274) size 320x16
  LayoutSlider {INPUT} at (0,224) size 320x16 [color=#909090]
    LayoutFlexibleBox {DIV} at (16,0) size 288x4
layer at (24,274) size 288x4
  LayoutBlockFlow (relative positioned) {DIV} at (0,0) size 288x4 [bgcolor=#FFFFFF4D]
layer at (24,270) size 12x12
  LayoutBlockFlow (relative positioned) {DIV} at (0,-4) size 12x12 [bgcolor=#FFFFFF]
layer at (24,274) size 288x4
  LayoutBlockFlow (positioned) {DIV} at (0,0) size 288x4
layer at (24,274) size 0x4
  LayoutBlockFlow (positioned) {DIV} at (0,0) size 0x4 [bgcolor=#FFFFFF]
layer at (24,274) size 288x4
  LayoutBlockFlow (positioned) {DIV} at (0,0) size 288x4 [bgcolor=#FFFFFF8A]
layer at (8,294) size 320x240
  LayoutFlexibleBox (relative positioned) {DIV} at (0,0) size 320x240
    LayoutFlexibleBox {DIV} at (0,0) size 320x240
layer at (8,294) size 320x240
  LayoutBlockFlow (positioned) {DIV} at (0,0) size 320x240
layer at (8,294) size 320x240
  LayoutFlexibleBox {DIV} at (0,0) size 320x240
layer at (8,294) size 320x224 clip at (9,295) size 318x222
  LayoutButton (relative positioned) {INPUT} at (0,0) size 320x224 [border: (1px solid #D8D8D8) (1px solid #D1D1D1) (1px solid #BABABA) (1px solid #D1D1D1)]
    LayoutFlexibleBox (anonymous) at (8,81.50) size 304x60
      LayoutBlockFlow {DIV} at (122,0) size 60x60 [bgcolor=#FFFFFFE6]
layer at (8,470) size 320x48
  LayoutFlexibleBox (relative positioned) {DIV} at (0,176) size 320x48
    LayoutBlockFlow {DIV} at (16,0) size 31.14x48 [color=#FFFFFF]
      LayoutText {#text} at (0,15) size 32x18
        text run at (0,15) width 32: "0:00"
    LayoutBlockFlow {DIV} at (51.14,0) size 40.03x48 [color=#FFFFFF]
      LayoutText {#text} at (0,15) size 41x18
        text run at (0,15) width 41: "/ 0:06"
    LayoutBlockFlow {DIV} at (91.17,48) size 84.83x0
    LayoutButton {INPUT} at (176,0) size 48x48
    LayoutButton {INPUT} at (224,0) size 48x48
    LayoutButton {INPUT} at (272,0) size 48x48
layer at (8,518) size 320x16
  LayoutSlider {INPUT} at (0,224) size 320x16 [color=#909090]
    LayoutFlexibleBox {DIV} at (16,0) size 288x4
layer at (24,518) size 288x4
  LayoutBlockFlow (relative positioned) {DIV} at (0,0) size 288x4 [bgcolor=#FFFFFF4D]
layer at (24,514) size 12x12
  LayoutBlockFlow (relative positioned) {DIV} at (0,-4) size 12x12 [bgcolor=#FFFFFF]
layer at (24,518) size 288x4
  LayoutBlockFlow (positioned) {DIV} at (0,0) size 288x4
layer at (24,518) size 0x4
  LayoutBlockFlow (positioned) {DIV} at (0,0) size 0x4 [bgcolor=#FFFFFF]
layer at (24,518) size 288x4
  LayoutBlockFlow (positioned) {DIV} at (0,0) size 288x4 [bgcolor=#FFFFFF8A]
layer at (8,538) size 320x240 backgroundClip at (0,0) size 785x600 clip at (0,0) size 785x600
  LayoutVideo (positioned) {VIDEO} at (8,538) size 320x240
layer at (8,538) size 320x240 backgroundClip at (8,538) size 320x62 clip at (8,538) size 320x62
  LayoutFlexibleBox (relative positioned) {DIV} at (0,0) size 320x240
    LayoutFlexibleBox {DIV} at (0,0) size 320x240
layer at (8,538) size 320x240 backgroundClip at (8,538) size 320x62 clip at (8,538) size 320x62
  LayoutBlockFlow (positioned) {DIV} at (0,0) size 320x240
layer at (8,538) size 320x240 backgroundClip at (8,538) size 320x62 clip at (8,538) size 320x62
  LayoutFlexibleBox {DIV} at (0,0) size 320x240
layer at (8,538) size 320x224 backgroundClip at (8,538) size 320x62 clip at (9,539) size 318x61
  LayoutButton (relative positioned) {INPUT} at (0,0) size 320x224 [border: (1px solid #D8D8D8) (1px solid #D1D1D1) (1px solid #BABABA) (1px solid #D1D1D1)]
    LayoutFlexibleBox (anonymous) at (8,81.50) size 304x60
      LayoutBlockFlow {DIV} at (122,0) size 60x60 [bgcolor=#FFFFFFE6]
layer at (8,714) size 320x48 backgroundClip at (0,0) size 0x0 clip at (0,0) size 0x0
  LayoutFlexibleBox (relative positioned) {DIV} at (0,176) size 320x48
    LayoutBlockFlow {DIV} at (16,0) size 31.14x48 [color=#FFFFFF]
      LayoutText {#text} at (0,15) size 32x18
        text run at (0,15) width 32: "0:00"
    LayoutBlockFlow {DIV} at (51.14,0) size 40.03x48 [color=#FFFFFF]
      LayoutText {#text} at (0,15) size 41x18
        text run at (0,15) width 41: "/ 0:06"
    LayoutBlockFlow {DIV} at (91.17,48) size 84.83x0
    LayoutButton {INPUT} at (176,0) size 48x48
    LayoutButton {INPUT} at (224,0) size 48x48
    LayoutButton {INPUT} at (272,0) size 48x48
layer at (8,762) size 320x16 backgroundClip at (8,538) size 320x62 clip at (8,538) size 320x62
  LayoutSlider {INPUT} at (0,224) size 320x16 [color=#909090]
    LayoutFlexibleBox {DIV} at (16,0) size 288x4
layer at (24,762) size 288x4 backgroundClip at (8,538) size 320x62 clip at (8,538) size 320x62
  LayoutBlockFlow (relative positioned) {DIV} at (0,0) size 288x4 [bgcolor=#FFFFFF4D]
layer at (24,758) size 12x12 backgroundClip at (8,538) size 320x62 clip at (8,538) size 320x62
  LayoutBlockFlow (relative positioned) {DIV} at (0,-4) size 12x12 [bgcolor=#FFFFFF]
layer at (24,762) size 288x4 backgroundClip at (0,0) size 0x0 clip at (0,0) size 0x0
  LayoutBlockFlow (positioned) {DIV} at (0,0) size 288x4
layer at (24,762) size 0x4
  LayoutBlockFlow (positioned) {DIV} at (0,0) size 0x4 [bgcolor=#FFFFFF]
layer at (24,762) size 288x4 backgroundClip at (0,0) size 0x0 clip at (0,0) size 0x0
  LayoutBlockFlow (positioned) {DIV} at (0,0) size 288x4 [bgcolor=#FFFFFF8A]
