layer at (0,0) size 800x600 clip at (0,0) size 785x600 scrollHeight 870
  LayoutView at (0,0) size 800x600
layer at (0,0) size 785x616 backgroundClip at (0,0) size 785x600 clip at (0,0) size 785x600
  LayoutBlockFlow {HTML} at (0,0) size 785x615.81
    LayoutBlockFlow {BODY} at (8,16) size 769x591.81
      LayoutBlockFlow {P} at (0,0) size 769x18
        LayoutText {#text} at (0,0) size 355x18
          text run at (0,0) width 355: "Test overlay cast button rendering on light background."
      LayoutBlockFlow {DIV} at (0,34) size 769x292
        LayoutText {#text} at (0,0) size 0x0
      LayoutBlockFlow {DIV} at (0,326) size 769x265.81
        LayoutText {#text} at (0,0) size 0x0
      LayoutBlockFlow {DIV} at (0,591.81) size 769x0
layer at (8,50) size 352x288
  LayoutVideo {VIDEO} at (0,0) size 352x288
layer at (8,342) size 320x262 backgroundClip at (0,0) size 785x600 clip at (0,0) size 785x600
  LayoutVideo {VIDEO} at (0,0) size 320x261.81
layer at (8,50) size 352x288
  LayoutFlexibleBox (relative positioned) {DIV} at (0,0) size 352x288
    LayoutFlexibleBox {DIV} at (0,0) size 352x288
layer at (8,50) size 352x288
  LayoutBlockFlow (positioned) {DIV} at (0,0) size 352x288
layer at (16,58) size 48x48
  LayoutButton (positioned) {INPUT} at (8,8) size 48x48
layer at (8,342) size 320x262 backgroundClip at (0,0) size 785x600 clip at (0,0) size 785x600
  LayoutFlexibleBox (relative positioned) {DIV} at (0,0) size 320x261.81
    LayoutFlexibleBox {DIV} at (0,0) size 320x261.81
layer at (8,342) size 320x262 backgroundClip at (0,0) size 785x600 clip at (0,0) size 785x600
  LayoutBlockFlow (positioned) {DIV} at (0,0) size 320x261.81
layer at (16,350) size 48x48
  LayoutButton (positioned) {INPUT} at (8,8) size 48x48
layer at (8,608) size 320x262 backgroundClip at (0,0) size 785x600 clip at (0,0) size 785x600
  LayoutVideo (positioned) {VIDEO} at (8,607.81) size 320x261.81
layer at (8,608) size 320x262 backgroundClip at (0,0) size 785x600 clip at (0,0) size 785x600
  LayoutFlexibleBox (relative positioned) {DIV} at (0,0) size 320x261.81
    LayoutFlexibleBox {DIV} at (0,0) size 320x261.81
layer at (8,608) size 320x262 backgroundClip at (0,0) size 785x600 clip at (0,0) size 785x600
  LayoutBlockFlow (positioned) {DIV} at (0,0) size 320x261.81
