EDITING DELEGATE: webViewDidChangeSelection:WebViewDidChangeSelectionNotification
EDITING DELEGATE: webViewDidChangeSelection:WebViewDidChangeSelectionNotification
EDITING DELEGATE: webViewDidChangeSelection:WebViewDidChangeSelectionNotification
EDITING DELEGATE: webViewDidChangeSelection:WebViewDidChangeSelectionNotification
EDITING DELEGATE: webViewDidChange:WebViewDidChangeNotification
layer at (0,0) size 800x600
  LayoutView at (0,0) size 800x600
layer at (0,0) size 800x600
  LayoutBlockFlow {HTML} at (0,0) size 800x600
    LayoutBlockFlow {BODY} at (8,8) size 784x584
      LayoutBlockFlow {P} at (0,0) size 784x40
        LayoutText {#text} at (0,0) size 725x39
          text run at (0,0) width 611: "This tests copying plain text with tabs and pasting it into an editable region using paste and match tyle. "
          text run at (611,0) width 114: "The tabs should be"
          text run at (0,20) width 64: "preserved."
      LayoutBlockFlow (anonymous) at (0,56) size 784x36
        LayoutText {#text} at (0,0) size 0x0
      LayoutBlockFlow {DIV} at (0,92) size 784x20
        LayoutText {#text} at (0,0) size 38x19
          text run at (0,0) width 38: "Tab->"
        LayoutInline {SPAN} at (38,0) size 26x19
          LayoutText {#text} at (38,0) size 26x19
            text run at (38,0) width 26: "\x{9}"
        LayoutText {#text} at (64,0) size 38x19
          text run at (64,0) width 38: "<-Tab"
layer at (8,64) size 179x36 clip at (9,65) size 177x34
  LayoutTextControl {TEXTAREA} at (0,0) size 179x36 [bgcolor=#FFFFFF] [border: (1px solid #A9A9A9)]
    LayoutBlockFlow {DIV} at (3,3) size 175x16
      LayoutText {#text} at (0,0) size 104x16
        text run at (0,0) width 104: "Tab->\x{9}<-Tab"
caret: position 5 of child 2 {#text} of child 4 {DIV} of body
