EDITING DELEGATE: webViewDidChangeSelection:WebViewDidChangeSelectionNotification
EDITING DELEGATE: webViewDidChangeSelection:WebViewDidChangeSelectionNotification
EDITING DELEGATE: webViewDidChangeSelection:WebViewDidChangeSelectionNotification
EDITING DELEGATE: webViewDidChangeSelection:WebViewDidChangeSelectionNotification
EDITING DELEGATE: webViewDidChangeSelection:WebViewDidChangeSelectionNotification
EDITING DELEGATE: webViewDidChangeSelection:WebViewDidChangeSelectionNotification
EDITING DELEGATE: webViewDidChangeSelection:WebViewDidChangeSelectionNotification
EDITING DELEGATE: webViewDidChangeSelection:WebViewDidChangeSelectionNotification
EDITING DELEGATE: webViewDidChangeSelection:WebViewDidChangeSelectionNotification
EDITING DELEGATE: webViewDidChangeSelection:WebViewDidChangeSelectionNotification
EDITING DELEGATE: webViewDidChangeSelection:WebViewDidChangeSelectionNotification
EDITING DELEGATE: webViewDidChange:WebViewDidChangeNotification
layer at (0,0) size 800x600
  LayoutView at (0,0) size 800x600
layer at (0,0) size 800x600
  LayoutBlockFlow {HTML} at (0,0) size 800x600
    LayoutBlockFlow {BODY} at (8,8) size 784x584
      LayoutBlockFlow {DIV} at (0,0) size 784x210 [border: (2px solid #0000FF)]
        LayoutBlockFlow {DIV} at (14,14) size 756x83
          LayoutText {#text} at (0,0) size 64x26
            text run at (0,0) width 64: "Tests: "
          LayoutBR {BR} at (0,0) size 0x0
          LayoutText {#text} at (0,27) size 158x27
            text run at (0,27) width 158: "Fix for this bug: "
          LayoutInline {A} at (158,27) size 256x27 [color=#0000EE]
            LayoutText {#text} at (158,27) size 256x27
              text run at (158,27) width 256: "<rdar://problem/4045511>"
          LayoutText {#text} at (0,27) size 693x55
            text run at (414,27) width 279: " Copying and pasting end-of-"
            text run at (0,55) width 524: "paragraph selection puts insertion point in wrong place"
        LayoutBlockFlow {DIV} at (14,113) size 756x83
          LayoutText {#text} at (0,0) size 189x26
            text run at (0,0) width 189: "Expected Results: "
          LayoutBR {BR} at (189,21) size 0x0
          LayoutText {#text} at (0,27) size 744x55
            text run at (0,27) width 744: "Should see two lines of text below, self-documenting themselves as \"line one\""
            text run at (0,55) width 655: "and \"line two\". The insertion point must be at the start of \"line two\"."
      LayoutBlockFlow {DIV} at (0,234) size 784x60
        LayoutBlockFlow {DIV} at (0,0) size 784x60 [border: (2px solid #FF0000)]
          LayoutText {#text} at (2,2) size 76x27
            text run at (2,2) width 76: "line one"
          LayoutBR {BR} at (78,23) size 0x0
          LayoutText {#text} at (2,30) size 77x27
            text run at (2,30) width 77: "line two"
caret: position 0 of child 2 {#text} of child 1 {DIV} of child 3 {DIV} of body
