EDITING DELEGATE: webViewDidChangeSelection:WebViewDidChangeSelectionNotification
EDITING DELEGATE: webViewDidChangeSelection:WebViewDidChangeSelectionNotification
EDITING DELEGATE: webViewDidChangeSelection:WebViewDidChangeSelectionNotification
EDITING DELEGATE: webViewDidChangeSelection:WebViewDidChangeSelectionNotification
EDITING DELEGATE: webViewDidChange:WebViewDidChangeNotification
layer at (0,0) size 800x600
  LayoutView at (0,0) size 800x600
layer at (0,0) size 800x600
  LayoutBlockFlow {HTML} at (0,0) size 800x600
    LayoutBlockFlow {BODY} at (8,8) size 784x584
      LayoutBlockFlow {P} at (0,0) size 784x20
        LayoutText {#text} at (0,0) size 784x19
          text run at (0,0) width 319: "This tests copy/paste of styled elements, like images. "
          text run at (319,0) width 465: "The image in the region below should be centered after its copied and pasted."
      LayoutBlockFlow {P} at (0,36) size 784x40
        LayoutInline {B} at (0,0) size 768x39
          LayoutText {#text} at (0,0) size 768x39
            text run at (0,0) width 768: "This demonstrates a bug: createMarkup puts the text-align property on the image, which doesn't center it, so its left"
            text run at (0,20) width 112: "aligned on paste."
      LayoutBlockFlow {DIV} at (0,92) size 784x103
        LayoutBlockFlow {CENTER} at (0,0) size 784x103
          LayoutImage {IMG} at (354,0) size 76x103
      LayoutBlockFlow {DIV} at (0,195) size 784x103
        LayoutImage {IMG} at (0,0) size 76x103
caret: position 1 of child 0 {IMG} of child 6 {DIV} of body
