layer at (0,0) size 800x600
  LayoutView at (0,0) size 800x600
layer at (0,0) size 800x64
  LayoutBlockFlow {HTML} at (0,0) size 800x64
    LayoutBlockFlow {BODY} at (8,8) size 784x48 [color=#0000FF]
      LayoutBlockFlow {DIV} at (0,0) size 784x48
        LayoutTable (anonymous) at (0,0) size 64x16
          LayoutTableSection (anonymous) at (0,0) size 64x16
            LayoutTableRow (anonymous) at (0,0) size 64x16
              LayoutTableCell {<pseudo:before>} at (0,0) size 64x16 [r=0 c=0 rs=1 cs=1]
                LayoutTextFragment (anonymous) at (0,0) size 64x16
                  text run at (0,0) width 64: "ABCD"
        LayoutTable {DIV} at (0,16) size 64x16
          LayoutTableSection (anonymous) at (0,0) size 64x16
            LayoutTableRow (anonymous) at (0,0) size 64x16
              LayoutTableCell (anonymous) at (0,0) size 64x16 [r=0 c=0 rs=1 cs=1]
                LayoutText {#text} at (0,0) size 64x16
                  text run at (0,0) width 64: "1234"
        LayoutTable (anonymous) at (0,32) size 64x16
          LayoutTableSection (anonymous) at (0,0) size 64x16
            LayoutTableRow (anonymous) at (0,0) size 64x16
              LayoutTableCell {<pseudo:after>} at (0,0) size 64x16 [r=0 c=0 rs=1 cs=1]
                LayoutTextFragment (anonymous) at (0,0) size 64x16
                  text run at (0,0) width 64: "EFGH"
