layer at (0,0) size 800x600
  LayoutView at (0,0) size 800x600
layer at (0,0) size 800x600
  LayoutBlockFlow {HTML} at (0,0) size 800x600
    LayoutBlockFlow {BODY} at (8,8) size 784x584
      LayoutBlockFlow {DIV} at (0,0) size 784x256 [color=#008000]
        LayoutTable (anonymous) at (0,0) size 512x128
          LayoutTableSection (anonymous) at (0,0) size 512x128
            LayoutTableRow {<pseudo:before>} at (0,0) size 512x128 [color=#0000FF]
              LayoutTableCell (anonymous) at (0,0) size 512x128 [r=0 c=0 rs=1 cs=1]
                LayoutTextFragment (anonymous) at (0,0) size 512x128
                  text run at (0,0) width 512: "ABCD"
        LayoutBlockFlow (anonymous) at (0,128) size 784x128
          LayoutText {#text} at (0,0) size 384x128
            text run at (0,0) width 384: "ABC"
