layer at (0,0) size 800x600
  LayoutView at (0,0) size 800x600
layer at (0,0) size 800x600
  LayoutBlockFlow {HTML} at (0,0) size 800x600
    LayoutBlockFlow {BODY} at (8,8) size 784x584
      LayoutTable (anonymous) at (0,0) size 512x256
        LayoutTableSection (anonymous) at (0,0) size 512x256
          LayoutTableRow {DIV} at (0,0) size 512x256 [color=#0000FF]
            LayoutTableCell (anonymous) at (0,0) size 512x256 [r=0 c=0 rs=1 cs=1]
              LayoutBlockFlow (anonymous) at (0,0) size 512x128
                LayoutText {#text} at (0,0) size 512x128
                  text run at (0,0) width 512: "ABCD"
              LayoutTable (anonymous) at (0,128) size 512x128
                LayoutTableSection (anonymous) at (0,0) size 512x128
                  LayoutTableRow {<pseudo:after>} at (0,0) size 512x128 [color=#FFFF00]
                    LayoutTableCell (anonymous) at (0,0) size 512x128 [r=0 c=0 rs=1 cs=1]
                      LayoutTextFragment (anonymous) at (0,0) size 512x128
                        text run at (0,0) width 512: "4578"
      LayoutBlockFlow {DIV} at (0,256) size 784x128 [color=#008000]
        LayoutText {#text} at (0,0) size 512x128
          text run at (0,0) width 512: "EFGH"
