layer at (0,0) size 800x600
  LayoutView at (0,0) size 800x600
layer at (0,0) size 800x600
  LayoutBlockFlow {HTML} at (0,0) size 800x600
    LayoutBlockFlow {BODY} at (8,8) size 784x576
      LayoutBlockFlow (anonymous) at (0,0) size 784x36
        LayoutText {#text} at (0,0) size 762x36
          text run at (0,0) width 493: "This tests whether alt text is shown for image-type form input elements with "
          text run at (492,0) width 270: "no src attribute. You should see \"Success\""
          text run at (0,18) width 229: "twice, followed by a blue rectangle."
      LayoutBlockFlow {P} at (0,52) size 784x0
      LayoutBlockFlow {FORM} at (0,52) size 784x90
        LayoutBlockFlow {INPUT} at (0,0) size 41.38x13
          LayoutInline {SPAN} at (0,0) size 42x13
            LayoutInline {SPAN} at (0,0) size 42x13
              LayoutText {#text} at (0,0) size 42x13
                text run at (0,0) width 42: "Success"
        LayoutBR {BR} at (41,11) size 1x0
        LayoutBlockFlow {INPUT} at (0,13) size 102x52 [border: (1px solid #000000)]
        LayoutBR {BR} at (102,64) size 0x0
        LayoutImage {INPUT} at (0,65) size 75x25
        LayoutBR {BR} at (75,90) size 0x0
layer at (9,74) size 100x50 clip at (10,75) size 98x48
  LayoutBlockFlow {SPAN} at (1,1) size 100x50 [border: (1px solid #C0C0C0)]
    LayoutImage (floating) {IMG} at (2,2) size 16x16
    LayoutInline {SPAN} at (0,0) size 42x13
      LayoutText {#text} at (18,2) size 42x13
        text run at (18,2) width 42: "Success"
