layer at (0,0) size 800x600 clip at (0,0) size 785x600 scrollY 2563.00 scrollHeight 3163
  LayoutView at (0,0) size 800x600
layer at (0,0) size 785x3163 backgroundClip at (0,0) size 785x600 clip at (0,0) size 785x600
  LayoutBlockFlow {HTML} at (0,0) size 785x3163
    LayoutBlockFlow {BODY} at (8,8) size 769x3139
      LayoutBlockFlow {P} at (0,0) size 769x18
        LayoutText {#text} at (0,0) size 54x18
          text run at (0,0) width 54: "Test for "
        LayoutInline {A} at (0,0) size 69x18 [color=#0000EE]
          LayoutText {#text} at (53,0) size 69x18
            text run at (53,0) width 69: "bug 12331"
        LayoutText {#text} at (121,0) size 5x18
          text run at (121,0) width 5: "."
      LayoutBlockFlow {P} at (0,34) size 769x36
        LayoutText {#text} at (0,0) size 753x36
          text run at (0,0) width 753: "To test manually, scroll down until you find the input element. Select some text. If the bug occurs, the page will scroll"
          text run at (0,18) width 119: "back up to the top."
      LayoutBlockFlow {DIV} at (0,86) size 769x3000
      LayoutBlockFlow (anonymous) at (0,3086) size 769x19
        LayoutTextControl {INPUT} at (0,0) size 131x19 [bgcolor=#FFFFFF] [border: (2px inset #EEEEEE)]
        LayoutText {#text} at (0,0) size 0x0
      LayoutBlockFlow {P} at (0,3121) size 769x18
        LayoutText {#text} at (0,0) size 411x18
          text run at (0,0) width 411: "If the bug does not occur, you'll be left down here at the bottom."
layer at (11,3097) size 125x13 backgroundClip at (0,0) size 0x0 clip at (0,0) size 0x0
  LayoutBlockFlow {DIV} at (3,3) size 125x13
    LayoutText {#text} at (0,0) size 116x13
      text run at (0,0) width 116: "select some of this text"
selection start: position 2 of child 0 {#text} of child 0 {DIV} of {#document-fragment} of child 7 {INPUT} of body
selection end:   position 18 of child 0 {#text} of child 0 {DIV} of {#document-fragment} of child 7 {INPUT} of body
scrolled to 0,2563
