layer at (0,0) size 800x600
  LayoutView at (0,0) size 800x600
layer at (0,0) size 800x600
  LayoutBlockFlow {HTML} at (0,0) size 800x600
    LayoutBlockFlow {BODY} at (8,8) size 784x576
      LayoutBlockFlow {CENTER} at (0,0) size 784x134
        LayoutTable {TABLE} at (338,0) size 108x82 [border: none]
          LayoutTableSection {THEAD} at (0,0) size 107x21
            LayoutTableRow {TR} at (0,0) size 107x21
              LayoutTableCell {TD} at (0,0) size 36x21 [border: (1px none #808080) none none (1px solid #808080)] [r=0 c=0 rs=1 cs=1]
                LayoutText {#text} at (2,2) size 29x18
                  text run at (2,2) width 29: "EST"
              LayoutTableCell {TD} at (36,0) size 31x21 [border: (1px none #808080) none none (1px solid #808080)] [r=0 c=1 rs=1 cs=1]
                LayoutText {#text} at (2,2) size 28x18
                  text run at (2,2) width 28: "1am"
              LayoutTableCell {TD} at (67,0) size 40x21 [border: (1px none #808080) none none (1px solid #808080)] [r=0 c=2 rs=1 cs=1]
                LayoutText {#text} at (2,2) size 29x18
                  text run at (2,2) width 29: "8pm"
          LayoutTableSection {TBODY} at (0,21) size 107x40
            LayoutTableRow {TR} at (0,0) size 107x20
              LayoutTableCell {TD} at (0,0) size 36x20 [border: none none none (1px solid #808080)] [r=0 c=0 rs=1 cs=1]
                LayoutText {#text} at (2,1) size 30x18
                  text run at (2,1) width 30: "CST"
              LayoutTableCell {TD} at (36,0) size 31x20 [border: none none none (1px solid #808080)] [r=0 c=1 rs=1 cs=1]
                LayoutText {#text} at (2,1) size 28x18
                  text run at (2,1) width 28: "2am"
              LayoutTableCell {TD} at (67,0) size 40x20 [border: none none none (1px solid #808080)] [r=0 c=2 rs=1 cs=1]
                LayoutText {#text} at (2,1) size 29x18
                  text run at (2,1) width 29: "9pm"
            LayoutTableRow {TR} at (0,20) size 107x20
              LayoutTableCell {TD} at (0,20) size 36x20 [border: none none none (1px solid #808080)] [r=1 c=0 rs=1 cs=1]
                LayoutText {#text} at (2,1) size 33x18
                  text run at (2,1) width 33: "MST"
              LayoutTableCell {TD} at (36,20) size 31x20 [border: none none none (1px solid #808080)] [r=1 c=1 rs=1 cs=1]
                LayoutText {#text} at (2,1) size 28x18
                  text run at (2,1) width 28: "3am"
              LayoutTableCell {TD} at (67,20) size 40x20 [border: none none none (1px solid #808080)] [r=1 c=2 rs=1 cs=1]
                LayoutText {#text} at (2,1) size 37x18
                  text run at (2,1) width 37: "10pm"
          LayoutTableSection {TFOOT} at (0,61) size 107x20
            LayoutTableRow {TR} at (0,0) size 107x20
              LayoutTableCell {TD} at (0,0) size 36x20 [border: none none none (1px solid #808080)] [r=0 c=0 rs=1 cs=1]
                LayoutText {#text} at (2,1) size 28x18
                  text run at (2,1) width 28: "PST"
              LayoutTableCell {TD} at (36,0) size 31x20 [border: none none none (1px solid #808080)] [r=0 c=1 rs=1 cs=1]
                LayoutText {#text} at (2,1) size 28x18
                  text run at (2,1) width 28: "4am"
              LayoutTableCell {TD} at (67,0) size 40x20 [border: none none none (1px solid #808080)] [r=0 c=2 rs=1 cs=1]
                LayoutText {#text} at (2,1) size 36x18
                  text run at (2,1) width 36: "11pm"
        LayoutBlockFlow {P} at (0,98) size 784x36
          LayoutButton {BUTTON} at (275.77,0) size 72.11x18 [bgcolor=#C0C0C0] [border: none (2px outset #C0C0C0) none (2px outset #C0C0C0)]
            LayoutBlockFlow (anonymous) at (8,2) size 56.11x13
              LayoutText {#text} at (0,0) size 57x13
                text run at (0,0) width 18: "No "
                text run at (17,0) width 40: "borders"
          LayoutButton {BUTTON} at (347.88,0) size 90.53x18 [bgcolor=#C0C0C0] [border: none (2px outset #C0C0C0) none (2px outset #C0C0C0)]
            LayoutBlockFlow (anonymous) at (8,2) size 74.53x13
              LayoutText {#text} at (0,0) size 75x13
                text run at (0,0) width 42: "Exterior "
                text run at (41,0) width 34: "border"
          LayoutButton {BUTTON} at (438.41,0) size 69.83x18 [bgcolor=#C0C0C0] [border: none (2px outset #C0C0C0) none (2px outset #C0C0C0)]
            LayoutBlockFlow (anonymous) at (8,2) size 53.83x13
              LayoutText {#text} at (0,0) size 54x13
                text run at (0,0) width 16: "All "
                text run at (15,0) width 39: "borders"
          LayoutBR {BR} at (508,13) size 1x0
          LayoutButton {BUTTON} at (243.75,18) size 96.56x18 [bgcolor=#C0C0C0] [border: none (2px outset #C0C0C0) none (2px outset #C0C0C0)]
            LayoutBlockFlow (anonymous) at (8,2) size 80.56x13
              LayoutText {#text} at (0,0) size 81x13
                text run at (0,0) width 43: "Column "
                text run at (42,0) width 39: "borders"
          LayoutButton {BUTTON} at (340.31,18) size 94.48x18 [bgcolor=#C0C0C0] [border: none (2px outset #C0C0C0) none (2px outset #C0C0C0)]
            LayoutBlockFlow (anonymous) at (8,2) size 78.48x13
              LayoutText {#text} at (0,0) size 79x13
                text run at (0,0) width 40: "Groups "
                text run at (39,0) width 40: "borders"
          LayoutButton {BUTTON} at (434.80,18) size 105.44x18 [bgcolor=#C0C0C0] [border: none (2px outset #C0C0C0) none (2px outset #C0C0C0)]
            LayoutBlockFlow (anonymous) at (8,2) size 89.44x13
              LayoutText {#text} at (0,0) size 90x13
                text run at (0,0) width 30: "Table "
                text run at (29,0) width 61: "row borders"
          LayoutText {#text} at (0,0) size 0x0
