layer at (0,0) size 800x600
  LayoutView at (0,0) size 800x600
layer at (0,0) size 800x600
  LayoutSVGRoot {svg} at (0,0) size 800x600
    LayoutSVGForeignObject {foreignObject} at (0,0) size 300x100
      LayoutBlockFlow {html} at (0,0) size 300x20
        LayoutBlockFlow {p} at (0,0) size 300x20
          LayoutText {#text} at (0,0) size 127x19
            text run at (0,0) width 127: "This should not crash"
        LayoutBlockFlow (anonymous) at (0,20) size 300x0
          LayoutInline {g} at (0,0) size 0x0
          LayoutText {#text} at (0,0) size 0x0
layer at (0,0) size 300x100
  LayoutSVGForeignObject {foreignObject} at (0,0) size 300x100
    LayoutBlockFlow {html} at (0,0) size 300x20
      LayoutBlockFlow {p} at (0,0) size 300x20
        LayoutText {#text} at (0,0) size 127x19
          text run at (0,0) width 127: "This should not crash"
      LayoutBlockFlow (anonymous) at (0,20) size 300x0
        LayoutInline {g} at (0,0) size 0x0
        LayoutText {#text} at (0,0) size 0x0
