layer at (0,0) size 800x600
  LayoutView at (0,0) size 800x600
layer at (0,0) size 800x414
  LayoutBlockFlow {html} at (0,0) size 800x414
    LayoutBlockFlow {body} at (0,16) size 800x398
      LayoutBlockFlow {p} at (0,0) size 800x20
        LayoutText {#text} at (0,0) size 446x19
          text run at (0,0) width 446: "The first two texts should look identical, as there is no shadow applied."
      LayoutBlockFlow (anonymous) at (0,36) size 800x155
        LayoutSVGRoot {svg} at (0,50) size 800x100
          LayoutSVGText {text} at (20,20.80) size 720x57 contains 1 chunk(s)
            LayoutSVGTSpan {tspan} at (20,20.80) size 720x57
              LayoutSVGInlineText {#text} at (20,20.80) size 95x57
                chunk 1 text run 1 at (20.00,66.80) startOffset 0 endOffset 4 width 95.00: "This"
            LayoutSVGInlineText {#text} at (115,20.80) size 14x57
              chunk 1 text run 1 at (115.00,66.80) startOffset 0 endOffset 1 width 14.00: " "
            LayoutSVGTSpan {tspan} at (20,20.80) size 720x57
              LayoutSVGInlineText {#text} at (129,20.80) size 81x57
                chunk 1 text run 1 at (129.00,66.80) startOffset 0 endOffset 4 width 81.00: "text"
            LayoutSVGInlineText {#text} at (210,20.80) size 14x57
              chunk 1 text run 1 at (210.00,66.80) startOffset 0 endOffset 1 width 14.00: " "
            LayoutSVGTSpan {tspan} at (20,20.80) size 720x57
              LayoutSVGInlineText {#text} at (224,20.80) size 304x57
                chunk 1 text run 1 at (224.00,66.80) startOffset 0 endOffset 14 width 304.00: "casts multiple"
            LayoutSVGInlineText {#text} at (528,20.80) size 212x57
              chunk 1 text run 1 at (528.00,66.80) startOffset 0 endOffset 1 width 14.00: " "
              chunk 1 text run 1 at (542.00,66.80) startOffset 0 endOffset 7 width 198.00: "shadows"
        LayoutText {#text} at (0,0) size 0x0
      LayoutBlockFlow {p} at (0,207) size 800x20
        LayoutText {#text} at (0,0) size 556x19
          text run at (0,0) width 556: "The next two texts have subtle differences, as the stroke/fill is painted seperated in SVG."
      LayoutBlockFlow (anonymous) at (0,243) size 800x155
        LayoutSVGRoot {svg} at (0,50) size 800x100
          LayoutSVGText {text} at (20,20.80) size 720x57 contains 1 chunk(s)
            LayoutSVGTSpan {tspan} at (20,20.80) size 720x57
              LayoutSVGInlineText {#text} at (20,20.80) size 95x57
                chunk 1 text run 1 at (20.00,66.80) startOffset 0 endOffset 4 width 95.00: "This"
            LayoutSVGInlineText {#text} at (115,20.80) size 14x57
              chunk 1 text run 1 at (115.00,66.80) startOffset 0 endOffset 1 width 14.00: " "
            LayoutSVGTSpan {tspan} at (20,20.80) size 720x57
              LayoutSVGInlineText {#text} at (129,20.80) size 81x57
                chunk 1 text run 1 at (129.00,66.80) startOffset 0 endOffset 4 width 81.00: "text"
            LayoutSVGInlineText {#text} at (210,20.80) size 14x57
              chunk 1 text run 1 at (210.00,66.80) startOffset 0 endOffset 1 width 14.00: " "
            LayoutSVGTSpan {tspan} at (20,20.80) size 720x57
              LayoutSVGInlineText {#text} at (224,20.80) size 304x57
                chunk 1 text run 1 at (224.00,66.80) startOffset 0 endOffset 14 width 304.00: "casts multiple"
            LayoutSVGInlineText {#text} at (528,20.80) size 212x57
              chunk 1 text run 1 at (528.00,66.80) startOffset 0 endOffset 1 width 14.00: " "
              chunk 1 text run 1 at (542.00,66.80) startOffset 0 endOffset 7 width 198.00: "shadows"
        LayoutText {#text} at (0,0) size 0x0
layer at (20,52) size 720x59
  LayoutBlockFlow (positioned) {div} at (20,52) size 720x59
    LayoutInline {span} at (0,0) size 95x57 [textStrokeWidth=1.00]
      LayoutText {#text} at (0,1) size 95x57
        text run at (0,1) width 95: "This"
    LayoutText {#text} at (95,1) size 14x57
      text run at (95,1) width 14: " "
    LayoutInline {span} at (0,0) size 81x57 [textFillColor=#FFFFFF] [textStrokeWidth=1.00]
      LayoutText {#text} at (109,1) size 81x57
        text run at (109,1) width 81: "text"
    LayoutText {#text} at (190,1) size 14x57
      text run at (190,1) width 14: " "
    LayoutInline {span} at (0,0) size 304x57
      LayoutText {#text} at (204,1) size 304x57
        text run at (204,1) width 304: "casts multiple"
    LayoutText {#text} at (508,1) size 212x57
      text run at (508,1) width 14: " "
      text run at (522,1) width 198: "shadows"
layer at (20,259) size 720x59
  LayoutBlockFlow (positioned) {div} at (20,259) size 720x59
    LayoutInline {span} at (0,0) size 95x57 [textStrokeWidth=1.00]
      LayoutText {#text} at (0,1) size 95x57
        text run at (0,1) width 95: "This"
    LayoutText {#text} at (95,1) size 14x57
      text run at (95,1) width 14: " "
    LayoutInline {span} at (0,0) size 81x57 [textFillColor=#FFFFFF] [textStrokeWidth=1.00]
      LayoutText {#text} at (109,1) size 81x57
        text run at (109,1) width 81: "text"
    LayoutText {#text} at (190,1) size 14x57
      text run at (190,1) width 14: " "
    LayoutInline {span} at (0,0) size 304x57
      LayoutText {#text} at (204,1) size 304x57
        text run at (204,1) width 304: "casts multiple"
    LayoutText {#text} at (508,1) size 212x57
      text run at (508,1) width 14: " "
      text run at (522,1) width 198: "shadows"
