layer at (0,0) size 800x600
  LayoutView at (0,0) size 800x600
layer at (0,0) size 800x431
  LayoutNGBlockFlow {HTML} at (0,0) size 800x431
    LayoutNGBlockFlow {BODY} at (8,16) size 784x405
      LayoutNGBlockFlow {P} at (0,0) size 784x20
        LayoutText {#text} at (0,0) size 324x19
          text run at (0,0) width 324: "You should not see double text when the div scrolls"
      LayoutNGBlockFlow {DIV} at (10,36) size 302x207 [border: (1px solid #000000)]
        LayoutText {#text} at (0,0) size 0x0
layer at (19,53) size 300x200
  LayoutVideo {VIDEO} at (1,1) size 300x200
layer at (18,269) size 302x152 clip at (19,270) size 285x150 scrollY 24.00 scrollHeight 500
  LayoutNGBlockFlow {DIV} at (10,253) size 302x152 [border: (1px solid #000000)]
    LayoutNGBlockFlow {DIV} at (1,1) size 285x500
      LayoutText {#text} at (0,6) size 107x36
        text run at (0,6) width 107: "Scrolled"
      LayoutBR {BR} at (107,6) size 0x36
      LayoutText {#text} at (0,54) size 48x36
        text run at (0,54) width 48: "text"
      LayoutBR {BR} at (48,54) size 0x36
      LayoutText {#text} at (0,102) size 63x36
        text run at (0,102) width 63: "here."
layer at (19,53) size 300x200
  LayoutFlexibleBox (relative positioned) {DIV} at (0,0) size 300x200
    LayoutFlexibleBox {DIV} at (0,0) size 300x200
layer at (19,53) size 300x200
  LayoutNGBlockFlow (positioned) {DIV} at (0,0) size 300x200
