layer at (0,0) size 800x600 scrollWidth 2003 scrollHeight 10001
  LayoutView at (0,0) size 800x600
layer at (0,0) size 800x8
  LayoutNGBlockFlow {HTML} at (0,0) size 800x8
    LayoutNGBlockFlow {BODY} at (8,8) size 784x0
layer at (3,1) size 2000x10000 backgroundClip at (0,0) size 800x600 clip at (0,0) size 800x600
  LayoutNGBlockFlow (positioned) {DIV} at (3,1) size 2000x10000
    LayoutText {#text} at (0,0) size 542x19
      text run at (0,0) width 542: "This is some text inside a very large composited layer to test that it is rendered sharply."
    LayoutBR {BR} at (542,0) size 0x0
    LayoutText {#text} at (0,20) size 212x19
      text run at (0,20) width 212: "The test passes if this text is crisp."
