layer at (0,0) size 800x600
  LayoutView at (0,0) size 800x600
layer at (0,0) size 800x600
  LayoutBlockFlow {HTML} at (0,0) size 800x600
    LayoutFrameSet {FRAMESET} at (0,0) size 800x600
layer at (0,0) size 800x200
  LayoutFrame {FRAME} at (0,0) size 800x200
    layer at (0,0) size 800x200
      LayoutView at (0,0) size 800x200
    layer at (0,0) size 800x200
      LayoutBlockFlow {HTML} at (0,0) size 800x200
        LayoutBlockFlow {BODY} at (8,8) size 784x176
          LayoutBlockFlow {P} at (0,0) size 784x40
            LayoutText {#text} at (0,0) size 50x19
              text run at (0,0) width 50: "Test for "
            LayoutInline {I} at (0,0) size 725x39
              LayoutInline {A} at (0,0) size 310x19 [color=#0000EE]
                LayoutText {#text} at (50,0) size 310x19
                  text run at (50,0) width 310: "https://bugs.webkit.org/show_bug.cgi?id=19348"
              LayoutText {#text} at (360,0) size 725x39
                text run at (360,0) width 4: " "
                text run at (364,0) width 361: "REGRESSION (r34193): Setting the size of a frame with"
                text run at (0,20) width 69: "javascript "
                text run at (69,20) width 233: "document.body.row no longer works"
            LayoutText {#text} at (302,20) size 4x19
              text run at (302,20) width 4: "."
          LayoutBlockFlow {P} at (0,56) size 784x20
            LayoutText {#text} at (0,0) size 193x19
              text run at (0,0) width 193: "This frame should be 200px tall."
    layer at (0,100) size 100x100
      LayoutBlockFlow (positioned) {DIV} at (0,100) size 100x100 [bgcolor=#008000]
layer at (0,206) size 800x394
  LayoutFrame {FRAME} at (0,206) size 800x394
    layer at (0,0) size 800x394
      LayoutView at (0,0) size 800x394
    layer at (0,0) size 800x394
      LayoutBlockFlow {HTML} at (0,0) size 800x394
        LayoutBlockFlow {BODY} at (8,8) size 784x378
