layer at (0,0) size 800x600
  LayoutView at (0,0) size 800x600
layer at (0,0) size 800x600
  LayoutBlockFlow {HTML} at (0,0) size 800x600
    LayoutBlockFlow {BODY} at (8,8) size 784x584
      LayoutText {#text} at (0,0) size 200x19
        text run at (0,0) width 200: "This iframe should have a border."
      LayoutBR {BR} at (200,15) size 0x0
      LayoutText {#text} at (304,159) size 4x19
        text run at (304,159) width 4: " "
      LayoutBR {BR} at (0,0) size 0x0
      LayoutText {#text} at (0,179) size 136x19
        text run at (0,179) width 136: "This iframe should not."
      LayoutBR {BR} at (136,194) size 0x0
      LayoutText {#text} at (300,334) size 4x19
        text run at (300,334) width 4: " "
      LayoutBR {BR} at (304,349) size 0x0
      LayoutText {#text} at (0,354) size 204x19
        text run at (0,354) width 204: "This iframe should have a border. "
      LayoutBR {BR} at (204,369) size 0x0
      LayoutText {#text} at (0,0) size 0x0
layer at (8,28) size 304x154
  LayoutIFrame {IFRAME} at (0,20) size 304x154 [border: (2px inset #EEEEEE)]
    layer at (0,0) size 300x150
      LayoutView at (0,0) size 300x150
    layer at (0,0) size 300x150
      LayoutBlockFlow {HTML} at (0,0) size 300x150
        LayoutBlockFlow {BODY} at (8,8) size 284x134
layer at (8,207) size 300x150
  LayoutIFrame {IFRAME} at (0,199) size 300x150
    layer at (0,0) size 300x150
      LayoutView at (0,0) size 300x150
    layer at (0,0) size 300x150
      LayoutBlockFlow {HTML} at (0,0) size 300x150
        LayoutBlockFlow {BODY} at (8,8) size 284x134
layer at (8,382) size 304x154
  LayoutIFrame {IFRAME} at (0,374) size 304x154 [border: (2px inset #EEEEEE)]
    layer at (0,0) size 300x150
      LayoutView at (0,0) size 300x150
    layer at (0,0) size 300x150
      LayoutBlockFlow {HTML} at (0,0) size 300x150
        LayoutBlockFlow {BODY} at (8,8) size 284x134
