layer at (0,0) size 800x600
  LayoutView at (0,0) size 800x600
layer at (0,0) size 800x536
  LayoutBlockFlow {HTML} at (0,0) size 800x536
    LayoutBlockFlow {BODY} at (8,8) size 784x520
      LayoutBlockFlow (anonymous) at (0,0) size 784x20
        LayoutText {#text} at (0,0) size 668x19
          text run at (0,0) width 668: "The two green blocks below should be identical and should each take up half the width of the browser window."
        LayoutBlockFlow (floating) {DIV} at (392,20) size 392x500 [bgcolor=#008000] [border: (1px solid #000000)]
        LayoutText {#text} at (0,0) size 0x0
layer at (8,28) size 392x500 clip at (9,29) size 390x498
  LayoutBlockFlow {DIV} at (0,20) size 392x500 [bgcolor=#008000] [border: (1px solid #000000)]
