layer at (0,0) size 800x600
  LayoutView at (0,0) size 800x600
layer at (0,0) size 800x70
  LayoutBlockFlow {test} at (0,0) size 800x70
    LayoutBlockFlow {p} at (0,16) size 800x38
      LayoutButton {button} at (0,1) size 237.52x18 [color=#7F7F7F] [bgcolor=#00FF00] [border: (1px solid #D8D8D8) (1px solid #D1D1D1) (1px solid #BABABA) (1px solid #D1D1D1)]
        LayoutBlockFlow (anonymous) at (8,2) size 221.52x13
          LayoutText {#text} at (0,0) size 222x13
            text run at (0,0) width 222: "A button (disabled) with green background"
      LayoutText {#text} at (237,0) size 5x18
        text run at (237,0) width 5: " "
      LayoutBR {br} at (0,0) size 0x0
      LayoutTextControl {input} at (0,19) size 227x19 [color=#545454] [bgcolor=#00FF00] [border: (2px inset #EEEEEE)]
      LayoutText {#text} at (0,0) size 0x0
layer at (3,38) size 221x13 scrollWidth 231
  LayoutBlockFlow {div} at (3,3) size 221x13
    LayoutText {#text} at (0,0) size 232x13
      text run at (0,0) width 232: "a text area (disabled) with green background"
