layer at (0,0) size 800x600
  LayoutView at (0,0) size 800x600
layer at (0,0) size 800x414
  LayoutBlockFlow {html} at (0,0) size 800x414
    LayoutBlockFlow {body} at (0,16) size 800x398
      LayoutBlockFlow {p} at (0,0) size 800x20
        LayoutText {#text} at (0,0) size 425x19
          text run at (0,0) width 425: "The first two texts should look identical, as there is no shadow applied."
      LayoutBlockFlow (anonymous) at (0,36) size 800x155
        LayoutSVGRoot {svg} at (0,50) size 800x100
          LayoutSVGText {text} at (20,20.80) size 720x57 contains 1 chunk(s)
            LayoutSVGTSpan {tspan} at (20,20.80) size 720x57
              LayoutSVGInlineText {#text} at (20,20.80) size 96x57
                chunk 1 text run 1 at (20.00,66.80) startOffset 0 endOffset 4 width 96.00: "This"
            LayoutSVGInlineText {#text} at (116,20.80) size 14x57
              chunk 1 text run 1 at (116.00,66.80) startOffset 0 endOffset 1 width 14.00: " "
            LayoutSVGTSpan {tspan} at (20,20.80) size 720x57
              LayoutSVGInlineText {#text} at (130,20.80) size 80x57
                chunk 1 text run 1 at (130.00,66.80) startOffset 0 endOffset 4 width 80.00: "text"
            LayoutSVGInlineText {#text} at (210,20.80) size 14x57
              chunk 1 text run 1 at (210.00,66.80) startOffset 0 endOffset 1 width 14.00: " "
            LayoutSVGTSpan {tspan} at (20,20.80) size 720x57
              LayoutSVGInlineText {#text} at (224,20.80) size 305x57
                chunk 1 text run 1 at (224.00,66.80) startOffset 0 endOffset 14 width 305.00: "casts multiple"
            LayoutSVGInlineText {#text} at (529,20.80) size 211x57
              chunk 1 text run 1 at (529.00,66.80) startOffset 0 endOffset 1 width 14.00: " "
              chunk 1 text run 1 at (543.00,66.80) startOffset 0 endOffset 7 width 197.00: "shadows"
        LayoutText {#text} at (0,0) size 0x0
      LayoutBlockFlow {p} at (0,207) size 800x20
        LayoutText {#text} at (0,0) size 530x19
          text run at (0,0) width 530: "The next two texts have subtle differences, as the stroke/fill is painted seperated in SVG."
      LayoutBlockFlow (anonymous) at (0,243) size 800x155
        LayoutSVGRoot {svg} at (0,50) size 800x100
          LayoutSVGText {text} at (20,20.80) size 720x57 contains 1 chunk(s)
            LayoutSVGTSpan {tspan} at (20,20.80) size 720x57
              LayoutSVGInlineText {#text} at (20,20.80) size 96x57
                chunk 1 text run 1 at (20.00,66.80) startOffset 0 endOffset 4 width 96.00: "This"
            LayoutSVGInlineText {#text} at (116,20.80) size 14x57
              chunk 1 text run 1 at (116.00,66.80) startOffset 0 endOffset 1 width 14.00: " "
            LayoutSVGTSpan {tspan} at (20,20.80) size 720x57
              LayoutSVGInlineText {#text} at (130,20.80) size 80x57
                chunk 1 text run 1 at (130.00,66.80) startOffset 0 endOffset 4 width 80.00: "text"
            LayoutSVGInlineText {#text} at (210,20.80) size 14x57
              chunk 1 text run 1 at (210.00,66.80) startOffset 0 endOffset 1 width 14.00: " "
            LayoutSVGTSpan {tspan} at (20,20.80) size 720x57
              LayoutSVGInlineText {#text} at (224,20.80) size 305x57
                chunk 1 text run 1 at (224.00,66.80) startOffset 0 endOffset 14 width 305.00: "casts multiple"
            LayoutSVGInlineText {#text} at (529,20.80) size 211x57
              chunk 1 text run 1 at (529.00,66.80) startOffset 0 endOffset 1 width 14.00: " "
              chunk 1 text run 1 at (543.00,66.80) startOffset 0 endOffset 7 width 197.00: "shadows"
        LayoutText {#text} at (0,0) size 0x0
layer at (20,52) size 720x59
  LayoutBlockFlow (positioned) {div} at (20,52) size 720x59
    LayoutInline {span} at (0,0) size 96x57 [textStrokeWidth=1.00]
      LayoutText {#text} at (0,1) size 96x57
        text run at (0,1) width 96: "This"
    LayoutText {#text} at (96,1) size 14x57
      text run at (96,1) width 14: " "
    LayoutInline {span} at (0,0) size 80x57 [textFillColor=#FFFFFF] [textStrokeWidth=1.00]
      LayoutText {#text} at (110,1) size 80x57
        text run at (110,1) width 80: "text"
    LayoutText {#text} at (190,1) size 14x57
      text run at (190,1) width 14: " "
    LayoutInline {span} at (0,0) size 305x57
      LayoutText {#text} at (204,1) size 305x57
        text run at (204,1) width 305: "casts multiple"
    LayoutText {#text} at (509,1) size 211x57
      text run at (509,1) width 14: " "
      text run at (523,1) width 197: "shadows"
layer at (20,259) size 720x59
  LayoutBlockFlow (positioned) {div} at (20,259) size 720x59
    LayoutInline {span} at (0,0) size 96x57 [textStrokeWidth=1.00]
      LayoutText {#text} at (0,1) size 96x57
        text run at (0,1) width 96: "This"
    LayoutText {#text} at (96,1) size 14x57
      text run at (96,1) width 14: " "
    LayoutInline {span} at (0,0) size 80x57 [textFillColor=#FFFFFF] [textStrokeWidth=1.00]
      LayoutText {#text} at (110,1) size 80x57
        text run at (110,1) width 80: "text"
    LayoutText {#text} at (190,1) size 14x57
      text run at (190,1) width 14: " "
    LayoutInline {span} at (0,0) size 305x57
      LayoutText {#text} at (204,1) size 305x57
        text run at (204,1) width 305: "casts multiple"
    LayoutText {#text} at (509,1) size 211x57
      text run at (509,1) width 14: " "
      text run at (523,1) width 197: "shadows"
