layer at (0,0) size 800x600 scrollWidth 7618
  LayoutView at (0,0) size 800x600
layer at (0,0) size 800x162
  LayoutBlockFlow {HTML} at (0,0) size 800x162
    LayoutBlockFlow {BODY} at (8,16) size 784x138
      LayoutBlockFlow {P} at (0,0) size 784x54
        LayoutText {#text} at (0,0) size 763x53
          text run at (0,0) width 756: "This tests the interaction of overflow on some very wide text with auto table layout. The CSS 2.1 spec does not define"
          text run at (0,18) width 763: "how overflow interacts with intrinsic width, so we copy the IE behavior. Therefore the lines should come out very very"
          text run at (0,36) width 243: "wide and scroll along with the border."
      LayoutTable {TABLE} at (0,70) size 7610x68 [border: (1px solid #FF0000)]
        LayoutTableSection {TBODY} at (1,1) size 7608x66
          LayoutTableRow {TR} at (0,2) size 7608x62
            LayoutTableCell {TD} at (2,2) size 7604x62 [r=0 c=0 rs=1 cs=1]
layer at (12,103) size 7602x34 backgroundClip at (12,103) size 788x34 clip at (13,104) size 787x32
  LayoutBlockFlow {PRE} at (1,14) size 7602x34 [border: (1px solid #0000FF)]
    LayoutText {#text} at (1,1) size 7600x32
      text run at (1,1) width 3200: "this is a very long line this is a very long line this is a very long line this is a very long line this is a very long line this is a very long line this is a very long line this is a very long line this is a very long line this is a very long line this is a very long line this is a very long line this is a very long line this is a very long line this is a very long line this is a very long line "
      text run at (3201,1) width 0: " "
      text run at (1,17) width 7600: "this is a very long line this is a very long line this is a very long line this is a very long line this is a very long line this is a very long line this is a very long line this is a very long line this is a very long line this is a very long line this is a very long line this is a very long line this is a very long line this is a very long line this is a very long line this is a very long line this is a very long line this is a very long line this is a very long line this is a very long line this is a very long line this is a very long line this is a very long line this is a very long line this is a very long line this is a very long line this is a very long line this is a very long line this is a very long line this is a very long line this is a very long line this is a very long line this is a very long line this is a very long line this is a very long line this is a very long line this is a very long line this is a very long line "
      text run at (7601,17) width 0: " "
