layer at (0,0) size 800x600 clip at (0,0) size 785x600 scrollHeight 810
  LayoutView at (0,0) size 800x600
layer at (0,0) size 785x600
  LayoutNGBlockFlow {HTML} at (0,0) size 785x600
    LayoutNGBlockFlow {BODY} at (0,0) size 785x600 [border: (1px solid #000000)]
      LayoutNGBlockFlow {DIV} at (21,21) size 402x402 [border: (1px solid #000000)]
      LayoutText {#text} at (0,0) size 0x0
layer at (42,42) size 340x340
  LayoutNGBlockFlow {DIV} at (21,21) size 340x340 [bgcolor=#DDDDDD] [border: (1px solid #000000)]
layer at (63,63) size 300x300
  LayoutNGBlockFlow {DIV} at (21,21) size 300x300 [bgcolor=#81AA8A] [border: (1px solid #000000)]
layer at (104,104) size 300x300
  LayoutNGBlockFlow {DIV} at (41,41) size 300x300 [border: (1px solid #000000)]
layer at (145,145) size 300x300
  LayoutNGBlockFlow {DIV} at (41,41) size 300x300 [bgcolor=#AA7994] [border: (1px solid #000000)]
layer at (186,186) size 300x300
  LayoutNGBlockFlow {DIV} at (41,41) size 300x300 [border: (1px solid #000000)]
layer at (227,227) size 300x300
  LayoutNGBlockFlow {DIV} at (41,41) size 300x300 [bgcolor=#81AA8A] [border: (1px solid #000000)]
layer at (268,268) size 300x300
  LayoutNGBlockFlow {DIV} at (41,41) size 300x300 [border: (1px solid #000000)]
    LayoutNGBlockFlow {DIV} at (61,61) size 90x90 [bgcolor=#0000FF]
layer at (30,650) size 344x160 backgroundClip at (0,0) size 785x600 clip at (0,0) size 785x600
  LayoutNGBlockFlow (positioned) {DIV} at (30,650) size 344x160
    LayoutInline {SPAN} at (0,0) size 296x19 [color=#008000]
      LayoutText {#text} at (0,0) size 296x19
        text run at (0,0) width 296: "PASS: event at (45, 45) hit box1 at offset (2, 2)"
    LayoutBR {BR} at (296,15) size 0x0
    LayoutInline {SPAN} at (0,0) size 296x19 [color=#008000]
      LayoutText {#text} at (0,20) size 296x19
        text run at (0,20) width 296: "PASS: event at (54, 44) hit box2 at offset (1, 1)"
    LayoutBR {BR} at (296,35) size 0x0
    LayoutInline {SPAN} at (0,0) size 304x19 [color=#008000]
      LayoutText {#text} at (0,40) size 304x19
        text run at (0,40) width 304: "PASS: event at (104, 93) hit box3 at offset (1, 1)"
    LayoutBR {BR} at (304,55) size 0x0
    LayoutInline {SPAN} at (0,0) size 312x19 [color=#008000]
      LayoutText {#text} at (0,60) size 312x19
        text run at (0,60) width 312: "PASS: event at (175, 137) hit box4 at offset (1, 1)"
    LayoutBR {BR} at (312,75) size 0x0
    LayoutInline {SPAN} at (0,0) size 328x19 [color=#008000]
      LayoutText {#text} at (0,80) size 328x19
        text run at (0,80) width 328: "PASS: event at (167, 528) hit box4 at offset (1, 295)"
    LayoutBR {BR} at (328,95) size 0x0
    LayoutInline {SPAN} at (0,0) size 312x19 [color=#008000]
      LayoutText {#text} at (0,100) size 312x19
        text run at (0,100) width 312: "PASS: event at (227, 197) hit box5 at offset (1, 1)"
    LayoutBR {BR} at (312,115) size 0x0
    LayoutInline {SPAN} at (0,0) size 344x19 [color=#008000]
      LayoutText {#text} at (0,120) size 344x19
        text run at (0,120) width 344: "PASS: event at (539, 569) hit box7 at offset (295, 295)"
    LayoutBR {BR} at (344,135) size 0x0
    LayoutInline {SPAN} at (0,0) size 328x19 [color=#008000]
      LayoutText {#text} at (0,140) size 328x19
        text run at (0,140) width 328: "PASS: event at (431, 441) hit box8 at offset (85, 85)"
    LayoutBR {BR} at (328,155) size 0x0
