layer at (0,0) size 800x600
  LayoutView at (0,0) size 800x600
layer at (0,0) size 800x600
  LayoutBlockFlow {HTML} at (0,0) size 800x600
    LayoutBlockFlow {BODY} at (8,8) size 784x579
      LayoutBlockFlow (anonymous) at (0,0) size 784x0
        LayoutInline {B} at (0,0) size 0x0
          LayoutInline {NOBR} at (0,0) size 0x0
      LayoutBlockFlow {DIV} at (0,0) size 784x69
        LayoutBlockFlow (anonymous) at (0,0) size 784x40
          LayoutInline {B} at (0,0) size 748x39
            LayoutInline {NOBR} at (0,0) size 215x19
              LayoutText {#text} at (0,0) size 215x19
                text run at (0,0) width 215: "This text is in a div inside a nobr"
            LayoutText {#text} at (215,0) size 748x39
              text run at (215,0) width 533: "More text that should not be in the nobr, i.e., the nobr should have closed the div"
              text run at (0,20) width 119: "inside it implicitly."
        LayoutBlockFlow {PRE} at (0,53) size 784x16
          LayoutText {#text} at (0,0) size 272x16
            text run at (0,0) width 272: "A pre tag outside everything else."
