layer at (0,0) size 800x600
  LayoutView at (0,0) size 800x600
layer at (0,0) size 800x336
  LayoutBlockFlow {HTML} at (0,0) size 800x336
    LayoutBlockFlow {BODY} at (8,8) size 784x320
      LayoutBlockFlow (anonymous) at (0,0) size 784x20
        LayoutText {#text} at (0,0) size 303x19
          text run at (0,0) width 303: "There should be a ~2px shadow around the circle."
      LayoutBlockFlow {DIV} at (0,20) size 300x300
