layer at (0,0) size 800x600
  LayoutView at (0,0) size 800x600
layer at (0,0) size 800x600
  LayoutBlockFlow {HTML} at (0,0) size 800x600
    LayoutBlockFlow {BODY} at (8,8) size 784x584
      LayoutBlockFlow {P} at (0,0) size 784x18
        LayoutText {#text} at (0,0) size 374x18
          text run at (0,0) width 374: "The teal boxes in the reflection should be placed correctly."
layer at (8,42) size 100x100
  LayoutBlockFlow {DIV} at (0,34) size 100x100 [bgcolor=#0000FF]
    LayoutBlockFlow {DIV} at (0,0) size 100x50 [bgcolor=#C0C0C0]
layer at (8,42) size 50x50
  LayoutBlockFlow (positioned) {DIV} at (8,42) size 50x50 [bgcolor=#008080]
