layer at (0,0) size 800x600
  LayoutView at (0,0) size 800x600
layer at (0,0) size 800x600
  LayoutBlockFlow {HTML} at (0,0) size 800x600
    LayoutBlockFlow {BODY} at (8,8) size 784x576
      LayoutBlockFlow {P} at (0,0) size 784x18
        LayoutText {#text} at (0,0) size 54x18
          text run at (0,0) width 54: "Test for "
        LayoutInline {I} at (0,0) size 665x18
          LayoutInline {A} at (0,0) size 312x18 [color=#0000EE]
            LayoutText {#text} at (53,0) size 312x18
              text run at (53,0) width 312: "https://bugs.webkit.org/show_bug.cgi?id=19525"
          LayoutText {#text} at (364,0) size 354x18
            text run at (364,0) width 5: " "
            text run at (368,0) width 350: "-webkit-box-reflect in hyperlink causes webkit to crash"
        LayoutText {#text} at (717,0) size 5x18
          text run at (717,0) width 5: "."
      LayoutBlockFlow {P} at (0,34) size 784x18
        LayoutText {#text} at (0,0) size 180x18
          text run at (0,0) width 180: "Because it is an inline flow, "
        LayoutInline {SPAN} at (0,0) size 58x18
          LayoutText {#text} at (179,0) size 58x18
            text run at (179,0) width 58: "this span"
        LayoutText {#text} at (236,0) size 450x18
          text run at (236,0) width 450: " should not have a reflection, and selecting it should not cause a crash."
selection start: position 0 of child 0 {#text} of child 1 {SPAN} of child 2 {P} of body
selection end:   position 9 of child 0 {#text} of child 1 {SPAN} of child 2 {P} of body
