layer at (0,0) size 800x600
  LayoutView at (0,0) size 800x600
layer at (0,0) size 800x600
  LayoutBlockFlow {HTML} at (0,0) size 800x600
    LayoutBlockFlow {BODY} at (8,8) size 784x572
      LayoutBlockFlow {P} at (0,0) size 784x36
        LayoutText {#text} at (0,0) size 768x36
          text run at (0,0) width 768: "Test that opacity doesn't cause clipping of transformed, reflected content. You should see a rotated green box and its full"
          text run at (0,18) width 65: "reflection."
layer at (108,64) size 102x102 transparent
  LayoutBlockFlow {DIV} at (100,56) size 102x102 [border: (1px solid #000000)]
layer at (109,65) size 200x100
  LayoutBlockFlow {DIV} at (1,1) size 200x100 [bgcolor=#008000]
