layer at (0,0) size 800x600
  LayoutView at (0,0) size 800x600
layer at (0,0) size 800x600
  LayoutBlockFlow {HTML} at (0,0) size 800x600
    LayoutBlockFlow {BODY} at (8,8) size 784x584
      LayoutBlockFlow (anonymous) at (0,0) size 784x36
        LayoutText {#text} at (0,0) size 760x36
          text run at (0,0) width 760: "The two lime squares below should look like mirror images (with a blue rectangle filling half the left square on the left"
          text run at (0,18) width 243: "and half the right square on the right)."
layer at (8,44) size 200x200
  LayoutBlockFlow {DIV} at (0,36) size 200x200 [bgcolor=#00FF00]
layer at (8,44) size 100x100
  LayoutBlockFlow {DIV} at (0,0) size 100x100 [bgcolor=#0000FF]
