layer at (0,0) size 800x600 scrollWidth 1357 scrollHeight 613
  LayoutView at (0,0) size 800x600
layer at (0,0) size 800x613 backgroundClip at (0,0) size 800x600 clip at (0,0) size 800x600
  LayoutBlockFlow {HTML} at (0,0) size 800x613
    LayoutBlockFlow {BODY} at (8,8) size 784x597
      LayoutBlockFlow {DIV} at (0,1) size 671x592
        LayoutBR {BR} at (335,296) size 0x0
        LayoutBR {BR} at (671,592) size 0x0
      LayoutText {#text} at (671,579) size 4x18
        text run at (671,579) width 4: " "
      LayoutBlockFlow {DIV} at (675,0) size 674x597
        LayoutText {#text} at (335,579) size 4x18
          text run at (335,579) width 4: " "
        LayoutText {#text} at (0,0) size 0x0
      LayoutText {#text} at (0,0) size 0x0
layer at (8,9) size 335x296
  LayoutImage {IMG} at (0,0) size 335x296
layer at (344,305) size 335x296 backgroundClip at (0,0) size 800x600 clip at (0,0) size 800x600
  LayoutImage {IMG} at (336,296) size 335x296
layer at (683,305) size 335x296 backgroundClip at (0,0) size 800x600 clip at (0,0) size 800x600
  LayoutImage {IMG} at (0,297) size 335x296
layer at (1022,8) size 335x296 backgroundClip at (0,0) size 800x600 clip at (0,0) size 800x600
  LayoutImage {IMG} at (339,0) size 335x296
