layer at (0,0) size 800x600
  LayoutView at (0,0) size 800x600
layer at (0,0) size 800x136 layerType: background only
layer at (50,100) size 400x50
  LayoutBlockFlow (positioned) zI: -1 {DIV} at (50,100) size 400x50 [bgcolor=#FF0000]
layer at (50,250) size 400x50
  LayoutBlockFlow (positioned) zI: -1 {DIV} at (50,250) size 400x50 [bgcolor=#FF0000]
layer at (0,0) size 800x136 layerType: foreground only
  LayoutBlockFlow {HTML} at (0,0) size 800x136
    LayoutBlockFlow {BODY} at (50,50) size 700x36
      LayoutBlockFlow {P} at (0,0) size 700x36
        LayoutInline {A} at (0,0) size 310x18 [color=#0000EE]
          LayoutText {#text} at (0,0) size 310x18
            text run at (0,0) width 310: "https://bugs.webkit.org/show_bug.cgi?id=22570"
        LayoutText {#text} at (309,0) size 676x36
          text run at (309,0) width 62: ". Test for "
          text run at (370,0) width 306: "reflection painting on overflow:hidden element."
          text run at (0,18) width 220: "You should not see any red below."
layer at (50,100) size 400x200
  LayoutBlockFlow (positioned) {DIV} at (50,100) size 400x200
layer at (50,100) size 400x200
  LayoutBlockFlow (relative positioned) {DIV} at (0,0) size 400x200
layer at (50,100) size 400x50
  LayoutBlockFlow (positioned) {DIV} at (0,0) size 400x50 [bgcolor=#008000]
    LayoutText {#text} at (0,0) size 25x18
      text run at (0,0) width 25: "Top"
layer at (50,250) size 400x50
  LayoutBlockFlow (positioned) {DIV} at (0,150) size 400x50 [bgcolor=#008000]
    LayoutText {#text} at (0,0) size 48x18
      text run at (0,0) width 48: "Bottom"
