layer at (0,0) size 800x600
  LayoutView at (0,0) size 800x600
layer at (0,0) size 800x600
  LayoutNGBlockFlow {HTML} at (0,0) size 800x600
    LayoutNGBlockFlow {BODY} at (8,8) size 784x584
      LayoutNGBlockFlow {DETAILS} at (0,0) size 784x144 [border: (8px solid #555599)]
        LayoutNGBlockFlow {SUMMARY} at (8,8) size 768x108 [border: (8px solid #9999CC)]
          LayoutNGBlockFlow (anonymous) at (8,8) size 752x20
            LayoutDetailsMarker {DIV} at (0,4.45) size 10.55x10.55: down
            LayoutText {#text} at (16,0) size 63x19
              text run at (16,0) width 63: " summary"
          LayoutNGBlockFlow {DETAILS} at (8,28) size 752x72 [border: (8px solid #995555)]
            LayoutNGBlockFlow {SUMMARY} at (8,8) size 736x36 [border: (8px solid #CC9999)]
              LayoutDetailsMarker {DIV} at (8,12.45) size 10.55x10.55: down
              LayoutText {#text} at (24,8) size 283x19
                text run at (24,8) width 283: " nested summary (summary-deails-summary)"
            LayoutNGBlockFlow {DIV} at (8,44) size 736x20
              LayoutText {#text} at (0,0) size 197x19
                text run at (0,0) width 197: "nested details (summary-deails)"
        LayoutNGBlockFlow {DIV} at (8,116) size 768x20
          LayoutText {#text} at (0,0) size 40x19
            text run at (0,0) width 40: "details"
