layer at (0,0) size 800x600
  LayoutView at (0,0) size 800x600
layer at (0,0) size 800x477
  LayoutNGBlockFlow {HTML} at (0,0) size 800x476.84
    LayoutNGBlockFlow {BODY} at (8,8) size 784x460.84
      LayoutNGBlockFlow {DIV} at (0,0) size 784x86.83
        LayoutNGBlockFlow {DETAILS} at (0,0) size 784x86.83
          LayoutNGBlockFlow {SUMMARY} at (0,0) size 784x86.83
            LayoutDetailsMarker {DIV} at (0,0) size 111.83x79.83 [border: (8px solid #00FF00) (16px solid #00FF00) (24px solid #00FF00) (32px solid #00FF00)]: right
            LayoutText {#text} at (121,58) size 95x28
              text run at (121,58) width 95: "Summary"
      LayoutNGBlockFlow {DIV} at (0,86.83) size 118.83x183.42
        LayoutNGBlockFlow {DETAILS} at (0,0) size 118.83x183.42
          LayoutNGBlockFlow {SUMMARY} at (0,0) size 118.83x183.42
            LayoutDetailsMarker {DIV} at (0,0) size 111.83x79.83 [border: (8px solid #00FF00) (16px solid #00FF00) (24px solid #00FF00) (32px solid #00FF00)]: down
            LayoutText {#text} at (1,89) size 27x95
              text run at (1,89) width 94: "Summary"
      LayoutNGBlockFlow {DIV} at (0,270.25) size 784x47
        LayoutNGBlockFlow {DETAILS} at (0,0) size 784x47
          LayoutNGBlockFlow {SUMMARY} at (0,0) size 784x47
            LayoutDetailsMarker {DIV} at (0,0) size 64x40 [border: (8px solid #00FF00)]: right
            LayoutText {#text} at (73,19) size 95x27
              text run at (73,19) width 95: "Summary"
      LayoutNGBlockFlow {DIV} at (0,317.25) size 71x143.59
        LayoutNGBlockFlow {DETAILS} at (0,0) size 71x143.59
          LayoutNGBlockFlow {SUMMARY} at (0,0) size 71x143.59
            LayoutDetailsMarker {DIV} at (0,0) size 64x40 [border: (8px solid #00FF00)]: down
            LayoutText {#text} at (1,49) size 27x95
              text run at (1,49) width 94: "Summary"
