layer at (0,0) size 800x600
  LayoutView at (0,0) size 800x600
layer at (0,0) size 800x600
  LayoutBlockFlow {HTML} at (0,0) size 800x600
    LayoutBlockFlow {BODY} at (8,8) size 784x584
layer at (8,8) size 200x200 clip at (8,8) size 185x185
  LayoutBlockFlow {DIV} at (0,0) size 200x200
    LayoutText {#text} at (0,0) size 160x36
      text run at (0,0) width 160: "The resize handle should"
      text run at (0,18) width 100: "grow with DPI."
