layer at (0,0) size 800x600
  LayoutView at (0,0) size 800x600
layer at (0,0) size 800x85
  LayoutBlockFlow {HTML} at (0,0) size 800x85
    LayoutBlockFlow {BODY} at (8,16) size 784x53
      LayoutBlockFlow {UL} at (0,0) size 784x53
        LayoutListItem {LI} at (40,0) size 744x53
          LayoutBlockFlow {FORM} at (0,0) size 744x19
            LayoutBlockFlow {P} at (0,0) size 744x19
              LayoutListMarker (anonymous) at (-17,0) size 7x18: bullet
              LayoutTextControl {INPUT} at (0,0) size 251x19 [bgcolor=#FFFFFF] [border: (2px inset #EEEEEE)]
              LayoutText {#text} at (0,0) size 0x0
          LayoutBlockFlow {P} at (0,35) size 744x18
            LayoutText {#text} at (0,0) size 339x18
              text run at (0,0) width 339: "There should be an input field above this line of text."
layer at (51,19) size 245x13
  LayoutBlockFlow {DIV} at (3,3) size 245x13
    LayoutText {#text} at (0,0) size 54x13
      text run at (0,0) width 54: "blah blubb"
