layer at (0,0) size 800x600
  LayoutView at (0,0) size 800x600
layer at (0,0) size 800x600
  LayoutBlockFlow {HTML} at (0,0) size 800x600
    LayoutBlockFlow {BODY} at (8,8) size 784x576
      LayoutBlockFlow {DIV} at (0,0) size 784x100
      LayoutBlockFlow (anonymous) at (0,100) size 784x18
        LayoutText {#text} at (0,0) size 496x18
          text run at (0,0) width 305: "This file has a doc type with an internal subset. "
          text run at (304,0) width 192: "We should be in quirks mode."
      LayoutBlockFlow {UL} at (0,134) size 784x36
        LayoutListItem {LI} at (40,0) size 744x36
          LayoutBlockFlow (anonymous) at (0,0) size 744x18
            LayoutListMarker (anonymous) at (-17,0) size 7x18: bullet
          LayoutBlockFlow {UL} at (0,18) size 744x18
            LayoutListItem {LI} at (40,0) size 704x18
              LayoutListMarker (anonymous) at (-17,0) size 7x18: white bullet
              LayoutText {#text} at (0,0) size 259x18
                text run at (0,0) width 259: "Both bullets should be on separate lines."
layer at (10,10) size 80x80
  LayoutBlockFlow (positioned) {DIV} at (10,10) size 80x80 [bgcolor=#008000]
