layer at (0,0) size 800x600
  LayoutView at (0,0) size 800x600
layer at (0,0) size 800x155
  LayoutBlockFlow {html} at (0,0) size 800x155
    LayoutBlockFlow {body} at (8,16) size 784x123
      LayoutBlockFlow {p} at (0,0) size 784x123
        LayoutText {#text} at (0,33) size 226x18
          text run at (0,33) width 226: "The alphabet A through M is here: "
        LayoutSVGRoot {svg} at (225.27,0) size 500x47
          LayoutSVGContainer {g} at (0,-46) size 524.45x59 [transform={m=((1.00,0.00)(0.00,1.00)) t=(0.00,47.00)}]
            LayoutSVGText {text} at (0,-46) size 36.09x59 contains 1 chunk(s)
              LayoutSVGInlineText {#text} at (0,-46) size 36.09x59
                chunk 1 text run 1 at (0.00,0.00) startOffset 0 endOffset 1 width 36.11: "A"
            LayoutSVGText {text} at (0,-46) size 33.34x59 [transform={m=((1.00,0.00)(0.00,1.00)) t=(40.00,0.00)}] contains 1 chunk(s)
              LayoutSVGInlineText {#text} at (0,-46) size 33.34x59
                chunk 1 text run 1 at (0.00,0.00) startOffset 0 endOffset 1 width 33.35: "B"
            LayoutSVGText {text} at (0,-46) size 33.34x59 [transform={m=((1.00,0.00)(0.00,1.00)) t=(80.00,0.00)}] contains 1 chunk(s)
              LayoutSVGInlineText {#text} at (0,-46) size 33.34x59
                chunk 1 text run 1 at (0.00,0.00) startOffset 0 endOffset 1 width 33.35: "C"
            LayoutSVGText {text} at (0,-46) size 36.09x59 [transform={m=((1.00,0.00)(0.00,1.00)) t=(120.00,0.00)}] contains 1 chunk(s)
              LayoutSVGInlineText {#text} at (0,-46) size 36.09x59
                chunk 1 text run 1 at (0.00,0.00) startOffset 0 endOffset 1 width 36.11: "D"
            LayoutSVGText {text} at (0,-46) size 30.53x59 [transform={m=((1.00,0.00)(0.00,1.00)) t=(160.00,0.00)}] contains 1 chunk(s)
              LayoutSVGInlineText {#text} at (0,-46) size 30.53x59
                chunk 1 text run 1 at (0.00,0.00) startOffset 0 endOffset 1 width 30.54: "E"
            LayoutSVGText {text} at (0,-46) size 27.80x59 [transform={m=((1.00,0.00)(0.00,1.00)) t=(200.00,0.00)}] contains 1 chunk(s)
              LayoutSVGInlineText {#text} at (0,-46) size 27.80x59
                chunk 1 text run 1 at (0.00,0.00) startOffset 0 endOffset 1 width 27.81: "F"
            LayoutSVGText {text} at (0,-46) size 36.09x59 [transform={m=((1.00,0.00)(0.00,1.00)) t=(240.00,0.00)}] contains 1 chunk(s)
              LayoutSVGInlineText {#text} at (0,-46) size 36.09x59
                chunk 1 text run 1 at (0.00,0.00) startOffset 0 endOffset 1 width 36.11: "G"
            LayoutSVGText {text} at (0,-46) size 36.09x59 [transform={m=((1.00,0.00)(0.00,1.00)) t=(280.00,0.00)}] contains 1 chunk(s)
              LayoutSVGInlineText {#text} at (0,-46) size 36.09x59
                chunk 1 text run 1 at (0.00,0.00) startOffset 0 endOffset 1 width 36.11: "H"
            LayoutSVGText {text} at (0,-46) size 16.64x59 [transform={m=((1.00,0.00)(0.00,1.00)) t=(320.00,0.00)}] contains 1 chunk(s)
              LayoutSVGInlineText {#text} at (0,-46) size 16.64x59
                chunk 1 text run 1 at (0.00,0.00) startOffset 0 endOffset 1 width 16.65: "I"
            LayoutSVGText {text} at (0,-46) size 19.45x59 [transform={m=((1.00,0.00)(0.00,1.00)) t=(360.00,0.00)}] contains 1 chunk(s)
              LayoutSVGInlineText {#text} at (0,-46) size 19.45x59
                chunk 1 text run 1 at (0.00,0.00) startOffset 0 endOffset 1 width 19.46: "J"
            LayoutSVGText {text} at (0,-46) size 36.09x59 [transform={m=((1.00,0.00)(0.00,1.00)) t=(400.00,0.00)}] contains 1 chunk(s)
              LayoutSVGInlineText {#text} at (0,-46) size 36.09x59
                chunk 1 text run 1 at (0.00,0.00) startOffset 0 endOffset 1 width 36.11: "K"
            LayoutSVGText {text} at (0,-46) size 30.53x59 [transform={m=((1.00,0.00)(0.00,1.00)) t=(440.00,0.00)}] contains 1 chunk(s)
              LayoutSVGInlineText {#text} at (0,-46) size 30.53x59
                chunk 1 text run 1 at (0.00,0.00) startOffset 0 endOffset 1 width 30.54: "L"
            LayoutSVGText {text} at (0,-46) size 44.45x59 [transform={m=((1.00,0.00)(0.00,1.00)) t=(480.00,0.00)}] contains 1 chunk(s)
              LayoutSVGInlineText {#text} at (0,-46) size 44.45x59
                chunk 1 text run 1 at (0.00,0.00) startOffset 0 endOffset 1 width 44.46: "M"
        LayoutText {#text} at (725,33) size 779x90
          text run at (725,33) width 5: " "
          text run at (729,33) width 50: "this test"
          text run at (0,51) width 771: "case is specially constructed so that when the view is sized to 800x600 (the default for DumpRenderTree) the text wraps"
          text run at (0,69) width 339: "and not all of the text in the SVG is drawn correctly. "
          text run at (338,69) width 319: "You should see all of A-L (and half of M) above. "
          text run at (656,69) width 89: "The code was"
          text run at (0,87) width 774: "incorrectly calculating the PaintInfo::rect (damage rect) when passing it through LayoutBlockFlow and render block was"
          text run at (0,105) width 379: "(correctly) clipping out some of the lineboxes during paint."
