layer at (0,0) size 800x600 scrollHeight 768
  LayoutView at (0,0) size 800x600
layer at (0,0) size 800x768 backgroundClip at (0,0) size 800x600 clip at (0,0) size 800x600
  LayoutBlockFlow {HTML} at (0,0) size 800x767.59
    LayoutBlockFlow {BODY} at (8,8) size 784x751.59 [color=#008000] [bgcolor=#CCCCCC]
      LayoutBlockFlow {P} at (0,0) size 784x20
        LayoutText {#text} at (0,0) size 355x19
          text run at (0,0) width 355: "The style declarations which apply to the text below are:"
      LayoutBlockFlow {PRE} at (0,36) size 784x112
        LayoutText {#text} at (0,0) size 272x112
          text run at (0,0) width 160: "BODY {color: green;}"
          text run at (160,0) width 0: " "
          text run at (0,16) width 136: "H3 {color: blue;}"
          text run at (136,16) width 0: " "
          text run at (0,32) width 152: "EM {color: purple;}"
          text run at (152,32) width 0: " "
          text run at (0,48) width 208: ".one {font-style: italic;}"
          text run at (208,48) width 0: " "
          text run at (0,64) width 272: ".two {text-decoration: underline;}"
          text run at (272,64) width 0: " "
          text run at (0,80) width 152: "#two {color: navy;}"
          text run at (152,80) width 0: " "
          text run at (0,96) width 184: ".three {color: purple;}"
          text run at (184,96) width 0: " "
      LayoutBlockFlow {H3} at (0,181.72) size 784x24 [color=#0000FF]
        LayoutText {#text} at (0,0) size 220x22
          text run at (0,0) width 220: "This sentence should show "
        LayoutInline {STRONG} at (0,0) size 35x22
          LayoutText {#text} at (220,0) size 35x22
            text run at (220,0) width 35: "blue"
        LayoutText {#text} at (255,0) size 42x22
          text run at (255,0) width 42: " and "
        LayoutInline {EM} at (0,0) size 51x22 [color=#800080]
          LayoutText {#text} at (297,1) size 51x22
            text run at (297,1) width 51: "purple"
        LayoutText {#text} at (348,0) size 5x22
          text run at (348,0) width 5: "."
      LayoutBlockFlow {H3} at (0,224.44) size 784x24 [color=#0000FF]
        LayoutText {#text} at (0,0) size 197x22
          text run at (0,0) width 197: "This sentence should be "
        LayoutInline {SPAN} at (0,0) size 34x22
          LayoutText {#text} at (197,1) size 34x22
            text run at (197,1) width 34: "blue"
        LayoutText {#text} at (231,0) size 104x22
          text run at (231,0) width 104: " throughout."
      LayoutBlockFlow {P} at (0,267.16) size 784x20
        LayoutText {#text} at (0,0) size 226x19
          text run at (0,0) width 226: "This should be green except for the "
        LayoutInline {EM} at (0,0) size 117x19 [color=#800080]
          LayoutText {#text} at (226,0) size 117x19
            text run at (226,0) width 117: "emphasized words"
        LayoutText {#text} at (342,0) size 161x19
          text run at (342,0) width 161: ", which should be purple."
      LayoutBlockFlow {H3} at (0,305.88) size 784x23 [color=#0000FF]
        LayoutText {#text} at (0,0) size 296x22
          text run at (0,0) width 296: "This should be blue and underlined."
      LayoutBlockFlow {P} at (0,347.59) size 784x20
        LayoutText {#text} at (0,0) size 293x19
          text run at (0,0) width 293: "This sentence should be underlined, including "
        LayoutInline {TT} at (0,0) size 72x16
          LayoutText {#text} at (293,3) size 72x16
            text run at (293,3) width 72: "this part"
        LayoutText {#text} at (365,0) size 8x19
          text run at (365,0) width 8: ", "
        LayoutInline {I} at (0,0) size 52x19
          LayoutText {#text} at (373,0) size 52x19
            text run at (373,0) width 52: "this part"
        LayoutText {#text} at (425,0) size 8x19
          text run at (425,0) width 8: ", "
        LayoutInline {EM} at (0,0) size 52x19 [color=#800080]
          LayoutText {#text} at (433,0) size 52x19
            text run at (433,0) width 52: "this part"
        LayoutText {#text} at (485,0) size 35x19
          text run at (485,0) width 35: ", and "
        LayoutInline {STRONG} at (0,0) size 57x19
          LayoutText {#text} at (520,0) size 57x19
            text run at (520,0) width 57: "this part"
        LayoutText {#text} at (577,0) size 4x19
          text run at (577,0) width 4: "."
      LayoutBlockFlow {P} at (0,383.59) size 784x20 [color=#000080]
        LayoutText {#text} at (0,0) size 436x19
          text run at (0,0) width 436: "This sentence should also be underlined, as well as dark blue (navy), "
        LayoutInline {TT} at (0,0) size 152x16
          LayoutText {#text} at (436,3) size 152x16
            text run at (436,3) width 152: "including this part"
        LayoutText {#text} at (588,0) size 4x19
          text run at (588,0) width 4: "."
      LayoutBlockFlow {P} at (0,419.59) size 784x20 [color=#800080]
        LayoutText {#text} at (0,0) size 266x19
          text run at (0,0) width 266: "This sentence should be purple, including "
        LayoutInline {STRONG} at (0,0) size 57x19
          LayoutText {#text} at (266,0) size 57x19
            text run at (266,0) width 57: "this part"
        LayoutText {#text} at (323,0) size 31x19
          text run at (323,0) width 31: " and "
        LayoutInline {SPAN} at (0,0) size 173x19
          LayoutText {#text} at (354,0) size 173x19
            text run at (354,0) width 173: "this part (which is spanned)"
        LayoutText {#text} at (527,0) size 4x19
          text run at (527,0) width 4: "."
      LayoutTable {TABLE} at (0,455.59) size 614x296 [border: (1px outset #808080)]
        LayoutTableSection {TBODY} at (1,1) size 612x294
          LayoutTableRow {TR} at (0,0) size 612x28
            LayoutTableCell {TD} at (0,0) size 612x28 [bgcolor=#C0C0C0] [border: (1px inset #808080)] [r=0 c=0 rs=1 cs=2]
              LayoutInline {STRONG} at (0,0) size 161x19
                LayoutText {#text} at (4,4) size 161x19
                  text run at (4,4) width 161: "TABLE Testing Section"
          LayoutTableRow {TR} at (0,28) size 612x266
            LayoutTableCell {TD} at (0,147) size 12x28 [bgcolor=#C0C0C0] [border: (1px inset #808080)] [r=1 c=0 rs=1 cs=1]
              LayoutText {#text} at (4,4) size 4x19
                text run at (4,4) width 4: " "
            LayoutTableCell {TD} at (12,28) size 600x265.88 [border: (1px inset #808080)] [r=1 c=1 rs=1 cs=1]
              LayoutBlockFlow {H3} at (4,4) size 592x24 [color=#0000FF]
                LayoutText {#text} at (0,0) size 220x22
                  text run at (0,0) width 220: "This sentence should show "
                LayoutInline {STRONG} at (0,0) size 35x22
                  LayoutText {#text} at (220,0) size 35x22
                    text run at (220,0) width 35: "blue"
                LayoutText {#text} at (255,0) size 42x22
                  text run at (255,0) width 42: " and "
                LayoutInline {EM} at (0,0) size 51x22 [color=#800080]
                  LayoutText {#text} at (297,1) size 51x22
                    text run at (297,1) width 51: "purple"
                LayoutText {#text} at (348,0) size 5x22
                  text run at (348,0) width 5: "."
              LayoutBlockFlow {H3} at (4,46.72) size 592x24 [color=#0000FF]
                LayoutText {#text} at (0,0) size 197x22
                  text run at (0,0) width 197: "This sentence should be "
                LayoutInline {SPAN} at (0,0) size 34x22
                  LayoutText {#text} at (197,1) size 34x22
                    text run at (197,1) width 34: "blue"
                LayoutText {#text} at (231,0) size 104x22
                  text run at (231,0) width 104: " throughout."
              LayoutBlockFlow {P} at (4,89.44) size 592x20
                LayoutText {#text} at (0,0) size 226x19
                  text run at (0,0) width 226: "This should be green except for the "
                LayoutInline {EM} at (0,0) size 117x19 [color=#800080]
                  LayoutText {#text} at (226,0) size 117x19
                    text run at (226,0) width 117: "emphasized words"
                LayoutText {#text} at (342,0) size 161x19
                  text run at (342,0) width 161: ", which should be purple."
              LayoutBlockFlow {H3} at (4,128.16) size 592x23 [color=#0000FF]
                LayoutText {#text} at (0,0) size 296x22
                  text run at (0,0) width 296: "This should be blue and underlined."
              LayoutBlockFlow {P} at (4,169.88) size 592x20
                LayoutText {#text} at (0,0) size 293x19
                  text run at (0,0) width 293: "This sentence should be underlined, including "
                LayoutInline {TT} at (0,0) size 72x16
                  LayoutText {#text} at (293,3) size 72x16
                    text run at (293,3) width 72: "this part"
                LayoutText {#text} at (365,0) size 8x19
                  text run at (365,0) width 8: ", "
                LayoutInline {I} at (0,0) size 52x19
                  LayoutText {#text} at (373,0) size 52x19
                    text run at (373,0) width 52: "this part"
                LayoutText {#text} at (425,0) size 8x19
                  text run at (425,0) width 8: ", "
                LayoutInline {EM} at (0,0) size 52x19 [color=#800080]
                  LayoutText {#text} at (433,0) size 52x19
                    text run at (433,0) width 52: "this part"
                LayoutText {#text} at (485,0) size 35x19
                  text run at (485,0) width 35: ", and "
                LayoutInline {STRONG} at (0,0) size 57x19
                  LayoutText {#text} at (520,0) size 57x19
                    text run at (520,0) width 57: "this part"
                LayoutText {#text} at (577,0) size 4x19
                  text run at (577,0) width 4: "."
              LayoutBlockFlow {P} at (4,205.88) size 592x20 [color=#000080]
                LayoutText {#text} at (0,0) size 436x19
                  text run at (0,0) width 436: "This sentence should also be underlined, as well as dark blue (navy), "
                LayoutInline {TT} at (0,0) size 152x16
                  LayoutText {#text} at (436,3) size 152x16
                    text run at (436,3) width 152: "including this part"
                LayoutText {#text} at (588,0) size 4x19
                  text run at (588,0) width 4: "."
              LayoutBlockFlow {P} at (4,241.88) size 592x20 [color=#800080]
                LayoutText {#text} at (0,0) size 266x19
                  text run at (0,0) width 266: "This sentence should be purple, including "
                LayoutInline {STRONG} at (0,0) size 57x19
                  LayoutText {#text} at (266,0) size 57x19
                    text run at (266,0) width 57: "this part"
                LayoutText {#text} at (323,0) size 31x19
                  text run at (323,0) width 31: " and "
                LayoutInline {SPAN} at (0,0) size 173x19
                  LayoutText {#text} at (354,0) size 173x19
                    text run at (354,0) width 173: "this part (which is spanned)"
                LayoutText {#text} at (527,0) size 4x19
                  text run at (527,0) width 4: "."
layer at (8,169) size 784x2 clip at (0,0) size 0x0
  LayoutBlockFlow {HR} at (0,161) size 784x2 [border: (1px inset #EEEEEE)]
