layer at (0,0) size 800x600
  LayoutView at (0,0) size 800x600
layer at (0,0) size 800x85
  LayoutBlockFlow {HTML} at (0,0) size 800x85
    LayoutBlockFlow {BODY} at (8,16) size 784x53
      LayoutBlockFlow {DIV} at (0,0) size 784x53
        LayoutBlockFlow {P} at (0,0) size 784x18 [color=#00FF00]
          LayoutInline {A} at (0,0) size 286x18 [color=#000000]
            LayoutText {#text} at (0,0) size 286x18
              text run at (0,0) width 286: "This text should turn green while it is active."
          LayoutText {#text} at (0,0) size 0x0
        LayoutBlockFlow {P} at (0,34) size 784x19 [color=#00FF00]
          LayoutButton {BUTTON} at (0,1) size 234.44x18 [color=#000000] [bgcolor=#FFFFFF] [border: (1px solid #D8D8D8) (1px solid #D1D1D1) (1px solid #BABABA) (1px solid #D1D1D1)]
            LayoutBlockFlow (anonymous) at (8,2) size 218.44x13
              LayoutText {#text} at (0,0) size 219x13
                text run at (0,0) width 219: "This text should turn green while it is active."
          LayoutText {#text} at (0,0) size 0x0
