layer at (0,0) size 800x600
  LayoutView at (0,0) size 800x600
layer at (0,0) size 800x600
  LayoutBlockFlow {HTML} at (0,0) size 800x600
    LayoutBlockFlow {BODY} at (8,8) size 784x576
      LayoutBlockFlow {P} at (0,0) size 784x55
        LayoutInline {FONT} at (0,0) size 304x55
          LayoutText {#text} at (0,0) size 304x55
            text run at (0,0) width 304: "First paragraph."
      LayoutBlockFlow (anonymous) at (0,71) size 784x0
        LayoutInline {FONT} at (0,0) size 0x0
          LayoutText {#text} at (0,0) size 0x0
      LayoutBlockFlow (anonymous) at (0,103) size 784x55
        LayoutBlockFlow {P} at (0,0) size 784x55
          LayoutText {#text} at (0,0) size 358x55
            text run at (0,0) width 358: "Second paragraph."
      LayoutBlockFlow (anonymous) at (0,206) size 784x0
        LayoutInline {FONT} at (0,0) size 0x0
        LayoutText {#text} at (0,0) size 0x0
        LayoutInline {B} at (0,0) size 0x0
      LayoutBlockFlow {P} at (0,206) size 784x18
        LayoutInline {B} at (0,0) size 99x18
          LayoutInline {I} at (0,0) size 99x18
            LayoutText {#text} at (0,0) size 99x18
              text run at (0,0) width 99: "Bold and Italic"
        LayoutInline {I} at (0,0) size 39x18
          LayoutText {#text} at (98,0) size 39x18
            text run at (98,0) width 39: " Italic"
