layer at (0,0) size 800x600
  LayoutView at (0,0) size 800x600
layer at (0,0) size 800x600
  LayoutBlockFlow {HTML} at (0,0) size 800x600
    LayoutBlockFlow {BODY} at (8,8) size 784x576
      LayoutBlockFlow {DL} at (0,0) size 784x36
        LayoutBlockFlow {DT} at (0,0) size 784x18
          LayoutInline {B} at (0,0) size 27x18
            LayoutText {#text} at (0,0) size 27x18
              text run at (0,0) width 27: "Boo"
        LayoutBlockFlow {DD} at (40,18) size 744x18
          LayoutInline {B} at (0,0) size 37x18
            LayoutText {#text} at (0,0) size 37x18
              text run at (0,0) width 37: "Goo?"
      LayoutBlockFlow (anonymous) at (0,52) size 784x0
        LayoutInline {B} at (0,0) size 0x0
          LayoutText {#text} at (0,0) size 0x0
