layer at (0,0) size 800x600
  LayoutView at (0,0) size 800x600
layer at (0,0) size 800x600
  LayoutBlockFlow {HTML} at (0,0) size 800x600
    LayoutBlockFlow {BODY} at (8,8) size 784x584
      LayoutBlockFlow (anonymous) at (0,0) size 784x0
        LayoutInline {LABEL} at (0,0) size 0x0
          LayoutInline {A} at (0,0) size 0x0
      LayoutBlockFlow (anonymous) at (0,0) size 784x36
        LayoutBlockFlow {DIV} at (0,0) size 784x36
          LayoutBlockFlow (anonymous) at (0,0) size 784x18
            LayoutInline {A} at (0,0) size 36x18
              LayoutText {#text} at (0,0) size 36x18
                text run at (0,0) width 36: "Hello"
          LayoutBlockFlow (anonymous) at (0,18) size 784x18
            LayoutBlockFlow {DIV} at (0,0) size 784x18
              LayoutText {#text} at (0,0) size 40x18
                text run at (0,0) width 40: "World"
          LayoutBlockFlow (anonymous) at (0,36) size 784x0
            LayoutInline {A} at (0,0) size 0x0
            LayoutText {#text} at (0,0) size 0x0
      LayoutBlockFlow (anonymous) at (0,36) size 784x0
        LayoutInline {LABEL} at (0,0) size 0x0
