layer at (0,0) size 800x600
  LayoutView at (0,0) size 800x600
layer at (0,0) size 800x600
  LayoutBlockFlow {HTML} at (0,0) size 800x600
    LayoutBlockFlow {BODY} at (8,8) size 784x577
      LayoutBlockFlow {P} at (0,0) size 784x18
        LayoutText {#text} at (0,0) size 32x18
          text run at (0,0) width 32: "Test"
layer at (250,50) size 247x62
  LayoutBlockFlow (positioned) {DIV} at (250,50) size 247.09x62 [border: (2px solid #008000)]
    LayoutText {#text} at (22,22) size 204x18
      text run at (22,22) width 204: "I should be absolute positioned."
