layer at (0,0) size 800x600
  LayoutView at (0,0) size 800x600
layer at (0,0) size 800x600
  LayoutBlockFlow {HTML} at (0,0) size 800x600
    LayoutBlockFlow {BODY} at (8,8) size 784x584
      LayoutBlockFlow (anonymous) at (0,0) size 784x18
        LayoutText {#text} at (0,0) size 341x18
          text run at (0,0) width 341: "The style rule on this page should be totally ignored. "
        LayoutInline {A} at (0,0) size 83x18
          LayoutText {#text} at (340,0) size 83x18
            text run at (340,0) width 83: "here is a link"
        LayoutText {#text} at (0,0) size 0x0
      LayoutBlockFlow {H1} at (0,39.44) size 784x37
        LayoutText {#text} at (0,0) size 109x37
          text run at (0,0) width 109: "heading"
      LayoutBlockFlow (anonymous) at (0,97.88) size 784x90
        LayoutInline {SPAN} at (0,0) size 32x18
          LayoutText {#text} at (0,0) size 32x18
            text run at (0,0) width 32: "issue"
        LayoutBR {BR} at (32,14) size 0x0
        LayoutInline {SPAN} at (0,0) size 22x18
          LayoutText {#text} at (0,18) size 22x18
            text run at (0,18) width 22: "fail"
        LayoutBR {BR} at (21,32) size 1x0
        LayoutInline {A} at (0,0) size 124x18
          LayoutText {#text} at (0,36) size 124x18
            text run at (0,36) width 124: "here is another link"
        LayoutBR {BR} at (123,50) size 1x0
        LayoutInline {SPAN} at (0,0) size 20x18
          LayoutText {#text} at (0,54) size 20x18
            text run at (0,54) width 20: "n/a"
        LayoutBR {BR} at (19,68) size 1x0
        LayoutInline {SPAN} at (0,0) size 28x18
          LayoutText {#text} at (0,72) size 28x18
            text run at (0,72) width 28: "pass"
        LayoutBR {BR} at (27,86) size 1x0
      LayoutBlockFlow {H1} at (0,209.31) size 784x37
        LayoutText {#text} at (0,0) size 224x37
          text run at (0,0) width 224: "another heading"
      LayoutBlockFlow (anonymous) at (0,267.75) size 784x18
        LayoutInline {SPAN} at (0,0) size 20x18
          LayoutText {#text} at (0,0) size 20x18
            text run at (0,0) width 20: "n/a"
        LayoutBR {BR} at (19,14) size 1x0
