layer at (0,0) size 800x600
  LayoutView at (0,0) size 800x600
layer at (0,0) size 800x600
  LayoutBlockFlow {HTML} at (0,0) size 800x600
    LayoutBlockFlow {BODY} at (8,8) size 784x576
      LayoutBlockFlow (anonymous) at (0,0) size 784x18
        LayoutText {#text} at (0,0) size 612x18
          text run at (0,0) width 289: "Random tests of some bizarre combinations. "
          text run at (288,0) width 324: "H2 should allow a form inside it, but p should not."
      LayoutBlockFlow {FORM} at (0,18) size 784x18
        LayoutMenuList {SELECT} at (0,0) size 39x18 [bgcolor=#F8F8F8]
          LayoutBlockFlow (anonymous) at (0,0) size 39x18
            LayoutText (anonymous) at (8,2) size 8x13
              text run at (8,2) width 8: "A"
        LayoutText {#text} at (0,0) size 0x0
      LayoutBlockFlow {P} at (0,52) size 784x0
layer at (470,46) size 43x46
  LayoutBlockFlow (positioned) {H2} at (470,45.91) size 43x46 [border: (2px solid #008000)]
    LayoutBlockFlow {FORM} at (2,2) size 39x18
      LayoutMenuList {SELECT} at (0,0) size 39x18 [bgcolor=#F8F8F8]
        LayoutBlockFlow (anonymous) at (0,0) size 39x18
          LayoutText (anonymous) at (8,2) size 8x13
            text run at (8,2) width 8: "A"
      LayoutText {#text} at (0,0) size 0x0
layer at (470,42) size 4x4
  LayoutBlockFlow (positioned) {P} at (470,42) size 4x4 [border: (2px solid #008000)]
