layer at (0,0) size 800x600
  LayoutView at (0,0) size 800x600
layer at (0,0) size 800x600
  LayoutBlockFlow {HTML} at (0,0) size 800x600
    LayoutBlockFlow {BODY} at (8,8) size 784x576
      LayoutBlockFlow {P} at (0,0) size 784x18
        LayoutText {#text} at (0,0) size 742x18
          text run at (0,0) width 450: "You should see two 100x100 green squares with black borders below. "
          text run at (449,0) width 293: "If you see only one square, the test has failed."
      LayoutBlockFlow {P} at (0,34) size 784x104
        LayoutBlockFlow {IMG} at (0,0) size 104x104 [bgcolor=#008000] [border: (2px solid #000000)]
layer at (10,44) size 100x100 clip at (11,45) size 98x98
  LayoutBlockFlow {SPAN} at (2,2) size 100x100 [border: (1px solid #C0C0C0)]
    LayoutImage (floating) {IMG} at (2,2) size 16x16
    LayoutInline {SPAN} at (0,0) size 0x0
