layer at (0,0) size 800x600
  LayoutView at (0,0) size 800x600
layer at (0,0) size 800x600
  LayoutBlockFlow {HTML} at (0,0) size 800x600
    LayoutBlockFlow {BODY} at (8,8) size 784x584
      LayoutBlockFlow {P} at (0,0) size 784x0
        LayoutInline {A} at (0,0) size 0x0
      LayoutBlockFlow {P} at (0,0) size 784x18
        LayoutInline {A} at (0,0) size 157x18
          LayoutText {#text} at (0,0) size 157x18
            text run at (0,0) width 157: "You should see this text."
      LayoutTable {TABLE} at (0,34) size 4x4
        LayoutTableSection {TBODY} at (0,0) size 4x4
          LayoutTableRow {TR} at (0,2) size 4x0
