layer at (0,0) size 800x600
  LayoutView at (0,0) size 800x600
layer at (0,0) size 800x600
  LayoutBlockFlow {HTML} at (0,0) size 800x600
    LayoutBlockFlow {BODY} at (8,8) size 784x579
      LayoutBlockFlow (anonymous) at (0,0) size 784x0
        LayoutInline {B} at (0,0) size 0x0
          LayoutInline {NOBR} at (0,0) size 0x0
      LayoutBlockFlow {DIV} at (0,0) size 784x64
        LayoutBlockFlow (anonymous) at (0,0) size 784x36
          LayoutInline {B} at (0,0) size 770x36
            LayoutInline {NOBR} at (0,0) size 223x18
              LayoutText {#text} at (0,0) size 223x18
                text run at (0,0) width 223: "This text is in a div inside a nobr"
            LayoutText {#text} at (222,0) size 770x36
              text run at (222,0) width 548: "More text that should not be in the nobr, i.e., the nobr should have closed the div"
              text run at (0,18) width 126: "inside it implicitly."
        LayoutBlockFlow {PRE} at (0,49) size 784x15
          LayoutText {#text} at (0,0) size 266x15
            text run at (0,0) width 266: "A pre tag outside everything else."
