layer at (0,0) size 800x600
  LayoutView at (0,0) size 800x600
layer at (0,0) size 800x34
  LayoutBlockFlow {html} at (0,0) size 800x34
    LayoutBlockFlow {body} at (8,8) size 784x18
      LayoutBlockFlow (anonymous) at (0,0) size 784x18
        LayoutText {#text} at (0,0) size 29x18
          text run at (0,0) width 29: "Text"
      LayoutTable {table} at (0,18) size 0x0
      LayoutTable (anonymous) at (0,18) size 0x0
        LayoutTableCol {colgroup} at (0,0) size 0x0
