layer at (0,0) size 800x600
  LayoutView at (0,0) size 800x600
layer at (0,0) size 800x600
  LayoutBlockFlow {HTML} at (0,0) size 800x600
    LayoutBlockFlow {BODY} at (8,8) size 784x584
      LayoutBlockFlow {P} at (0,0) size 784x18
        LayoutText {#text} at (0,0) size 272x18
          text run at (0,0) width 272: "All the text below should be part of a link."
      LayoutBlockFlow (anonymous) at (0,34) size 784x36
        LayoutInline {NOBR} at (0,0) size 27x18
          LayoutInline {A} at (0,0) size 27x18 [color=#0000EE]
            LayoutText {#text} at (0,0) size 27x18
              text run at (0,0) width 27: "Test"
        LayoutInline {A} at (0,0) size 64x18 [color=#0000EE]
          LayoutText {#text} at (26,0) size 64x18
            text run at (26,0) width 64: " more test"
        LayoutBR {BR} at (89,14) size 1x0
        LayoutWordBreak {WBR} at (0,0) size 0x0
        LayoutInline {A} at (0,0) size 90x18 [color=#0000EE]
          LayoutText {#text} at (0,18) size 90x18
            text run at (0,18) width 90: "Test more test"
        LayoutBR {BR} at (89,32) size 1x0
