layer at (0,0) size 800x600
  LayoutView at (0,0) size 800x600
layer at (0,0) size 800x169
  LayoutBlockFlow {html} at (0,0) size 800x168.88
    LayoutBlockFlow {body} at (8,16) size 784x136.88
      LayoutBlockFlow {parsererror} at (16,0) size 752x136.88 [bgcolor=#FFDDDD] [border: (2px solid #CC7777)]
        LayoutBlockFlow {h3} at (18,20.72) size 716x22
          LayoutText {#text} at (0,0) size 318x22
            text run at (0,0) width 318: "This page contains the following errors:"
        LayoutBlockFlow {div} at (18,61.44) size 716x14
          LayoutText {#text} at (0,0) size 497x14
            text run at (0,0) width 497: "error on line 1 at column 1: Extra content at the end of the document"
            text run at (496,0) width 1: " "
        LayoutBlockFlow {h3} at (18,94.16) size 716x22
          LayoutText {#text} at (0,0) size 418x22
            text run at (0,0) width 418: "Below is a rendering of the page up to the first error."
