layer at (0,0) size 800x600
  LayoutView at (0,0) size 800x600
layer at (0,0) size 800x600
  LayoutBlockFlow {HTML} at (0,0) size 800x600
    LayoutBlockFlow {BODY} at (8,8) size 784x584
      LayoutBlockFlow {DIV} at (0,0) size 784x18
        LayoutText {#text} at (0,0) size 54x18
          text run at (0,0) width 54: "Test for "
        LayoutInline {A} at (0,0) size 121x18 [color=#0000EE]
          LayoutText {#text} at (53,0) size 121x18
            text run at (53,0) width 121: "Bugzilla Bug 7724"
        LayoutText {#text} at (173,0) size 487x18
          text run at (173,0) width 487: " Minor refactoring to HTMLParser::handleError() to remove duplicate code"
      LayoutBlockFlow {ADDRESS} at (0,18) size 784x18
        LayoutText {#text} at (0,0) size 60x18
          text run at (0,0) width 60: "addresstr"
