layer at (0,0) size 800x600
  LayoutView at (0,0) size 800x600
layer at (0,0) size 800x600
  LayoutBlockFlow {HTML} at (0,0) size 800x600
    LayoutBlockFlow {BODY} at (8,8) size 784x576
      LayoutBlockFlow {P} at (0,0) size 784x18
        LayoutText {#text} at (0,0) size 205x18
          text run at (0,0) width 205: "Should say \"SUCCESS\" below:"
      LayoutBlockFlow {DIV} at (0,34) size 784x84 [border: (2px solid #FF0000)]
        LayoutBlockFlow {DIV} at (2,2) size 780x50 [border: (10px solid #008000)]
          LayoutBlockFlow {DIV} at (10,10) size 760x14 [border: (2px solid #0000FF)]
        LayoutTable {TABLE} at (2,52) size 0x0
        LayoutTable {TABLE} at (2,52) size 48x30 [border: (2px outset #808080)]
          LayoutTableSection {TBODY} at (2,2) size 44x26
            LayoutTableRow {TR} at (0,2) size 44x22
              LayoutTableCell {TD} at (2,2) size 40x22 [border: (1px inset #808080)] [r=0 c=0 rs=1 cs=1]
                LayoutText {#text} at (2,2) size 36x18
                  text run at (2,2) width 36: "Table"
      LayoutBlockFlow {P} at (0,134) size 784x18
        LayoutText {#text} at (0,0) size 70x18
          text run at (0,0) width 70: "SUCCESS"
