layer at (0,0) size 800x600
  LayoutView at (0,0) size 800x600
layer at (0,0) size 800x305
  LayoutBlockFlow {HTML} at (0,0) size 800x305
    LayoutBlockFlow {BODY} at (8,16) size 784x281
      LayoutBlockFlow {P} at (0,0) size 784x20
        LayoutText {#text} at (0,0) size 457x19
          text run at (0,0) width 457: "Tests decoding and rendering a video element that has a changing resolution."
      LayoutBlockFlow (anonymous) at (0,36) size 784x245
        LayoutText {#text} at (320,225) size 4x19
          text run at (320,225) width 4: " "
        LayoutText {#text} at (0,0) size 0x0
layer at (8,112) size 320x180
  LayoutVideo {VIDEO} at (0,60) size 320x180
layer at (332,52) size 320x240
  LayoutVideo {VIDEO} at (324,0) size 320x240
layer at (8,112) size 320x180
  LayoutFlexibleBox (relative positioned) {DIV} at (0,0) size 320x180
    LayoutFlexibleBox {DIV} at (0,0) size 320x180
layer at (8,112) size 320x180
  LayoutBlockFlow (positioned) {DIV} at (0,0) size 320x180
layer at (332,52) size 320x240
  LayoutFlexibleBox (relative positioned) {DIV} at (0,0) size 320x240
    LayoutFlexibleBox {DIV} at (0,0) size 320x240
layer at (332,52) size 320x240
  LayoutBlockFlow (positioned) {DIV} at (0,0) size 320x240
