layer at (0,0) size 800x600
  LayoutView at (0,0) size 800x600
layer at (0,0) size 800x306
  LayoutBlockFlow {HTML} at (0,0) size 800x306
    LayoutBlockFlow {BODY} at (8,16) size 784x282
      LayoutBlockFlow {P} at (0,0) size 784x18
        LayoutText {#text} at (0,0) size 316x18
          text run at (0,0) width 316: "You should see a green triangle and its reflection."
      LayoutBlockFlow (anonymous) at (0,34) size 784x248
        LayoutText {#text} at (0,0) size 0x0
layer at (28,70) size 244x204
  LayoutHTMLCanvas {CANVAS} at (20,20) size 244x204 [border: (2px solid #000000)]
