layer at (0,0) size 800x600
  LayoutView at (0,0) size 800x600
layer at (0,0) size 800x134
  LayoutBlockFlow {HTML} at (0,0) size 800x134
    LayoutBlockFlow {BODY} at (8,8) size 784x118
      LayoutBlockFlow (anonymous) at (0,0) size 784x18
        LayoutText {#text} at (0,0) size 743x18
          text run at (0,0) width 304: "You should see a 100x100 green square below. "
          text run at (303,0) width 440: "This test makes sure overflow uses containing blocks when clipping."
layer at (8,26) size 100x100 scrollWidth 300 scrollHeight 300
  LayoutBlockFlow {DIV} at (0,18) size 100x100 [bgcolor=#008000]
layer at (108,126) size 100x100 backgroundClip at (8,26) size 100x100 clip at (8,26) size 100x100
  LayoutBlockFlow (relative positioned) {DIV} at (0,0) size 100x100 [bgcolor=#FF0000]
layer at (208,226) size 100x100 backgroundClip at (8,26) size 100x100 clip at (8,26) size 100x100
  LayoutBlockFlow (positioned) {DIV} at (100,100) size 100x100
