layer at (0,0) size 800x600
  LayoutView at (0,0) size 800x600
layer at (0,0) size 800x119
  LayoutBlockFlow {HTML} at (0,0) size 800x119
    LayoutBlockFlow {BODY} at (8,16) size 784x95
      LayoutBlockFlow {P} at (0,0) size 784x36
        LayoutText {#text} at (0,0) size 287x18
          text run at (0,0) width 287: "crbug.com/322039: There should be a green "
        LayoutInline {EM} at (0,0) size 44x18
          LayoutText {#text} at (286,0) size 44x18
            text run at (286,0) width 44: "square"
        LayoutText {#text} at (329,0) size 754x36
          text run at (329,0) width 425: " below. In the layout tree the float should be inside the anonymous"
          text run at (0,18) width 40: "block."
      LayoutBlockFlow {DIV} at (0,52) size 150x43
        LayoutBlockFlow {DIV} at (0,0) size 50x25 [bgcolor=#008000]
        LayoutBlockFlow (anonymous) at (0,25) size 150x18
          LayoutBlockFlow (floating) {DIV} at (0,0) size 50x25 [bgcolor=#008000]
          LayoutText {#text} at (50,0) size 33x18
            text run at (50,0) width 33: "Text."
