layer at (0,0) size 800x600
  LayoutView at (0,0) size 800x600
layer at (0,0) size 800x600
  LayoutNGBlockFlow {HTML} at (0,0) size 800x600
layer at (8,8) size 784x584
  LayoutNGBlockFlow (relative positioned) {BODY} at (8,8) size 784x584
    LayoutNGBlockFlow {DIV} at (0,0) size 784x120 [color=#FF0000]
      LayoutText {#text} at (0,8) size 192x16
        text run at (0,8) width 192: "222222222222"
      LayoutBR {BR} at (192,8) size 0x0
      LayoutBR {BR} at (0,24) size 0x0
      LayoutText {#text} at (0,40) size 192x16
        text run at (0,40) width 192: "222222222222"
      LayoutBR {BR} at (192,40) size 0x0
      LayoutBR {BR} at (0,56) size 0x0
      LayoutText {#text} at (0,72) size 192x16
        text run at (0,72) width 192: "222222222222"
      LayoutBR {BR} at (192,72) size 0x0
      LayoutBR {BR} at (0,88) size 0x0
      LayoutText {#text} at (0,104) size 192x16
        text run at (0,104) width 192: "222222222222"
layer at (8,8) size 192x128
  LayoutNGBlockFlow (positioned) {DIV} at (0,0) size 192x128 [color=#008000]
    LayoutNGBlockFlow {DIV} at (0,0) size 48x128
      LayoutText {#text} at (0,0) size 32x128
        text run at (0,0) width 128: "1111"
    LayoutNGBlockFlow {DIV} at (48,0) size 48x128
      LayoutText {#text} at (16,0) size 32x128
        text run at (16,0) width 128: "1111"
    LayoutNGBlockFlow {DIV} at (96,0) size 48x128
      LayoutText {#text} at (0,0) size 32x128
        text run at (0,0) width 128: "1111"
    LayoutNGBlockFlow {DIV} at (144,0) size 48x128
      LayoutText {#text} at (16,0) size 32x128
        text run at (16,0) width 128: "1111"
