layer at (0,0) size 800x600
  LayoutView at (0,0) size 800x600
layer at (0,0) size 400x400
  LayoutSVGRoot {svg} at (0,0) size 400x400
    LayoutSVGHiddenContainer {defs} at (0,0) size 0x0
      LayoutSVGResourceLinearGradient {linearGradient} [id="gradient"] [gradientUnits=objectBoundingBox] [stops=( #FF72B480@0.00 #FF007B@1.00 )] [start=(0,0)] [end=(0,1)]
      LayoutSVGResourceLinearGradient {linearGradient} [id="h_stroke_gradient"] [gradientUnits=objectBoundingBox] [stops=( #000000@0.00 #00000000@1.00 )] [start=(0,0)] [end=(1,0)]
      LayoutSVGResourceLinearGradient {linearGradient} [id="v_stroke_gradient"] [gradientUnits=objectBoundingBox] [stops=( #000000@0.00 #00000000@1.00 )] [start=(0,0)] [end=(0,1)]
    LayoutSVGRect {rect} at (0,0) size 400x400 [fill={[type=LINEAR-GRADIENT] [id="gradient"]}] [x=0.00] [y=0.00] [width=400.00] [height=400.00]
    LayoutSVGContainer {g} at (-0.50,-3.39) size 380.50x28.39 [transform={m=((1.00,0.00)(0.00,1.00)) t=(10.00,10.00)}]
      LayoutSVGRect {rect} at (0,0) size 380x25 [opacity=0.50] [fill={[type=SOLID] [color=#FFFFFF]}] [x=0.00] [y=0.00] [width=380.00] [height=25.00]
      LayoutSVGContainer {g} at (0,-0.50) size 380x25.50 [transform={m=((1.00,0.00)(0.00,1.00)) t=(-0.50,-0.50)}]
        LayoutSVGPath {line} at (0,0) size 380x0 [stroke={[type=LINEAR-GRADIENT] [id="h_stroke_gradient"]}] [fill={[type=SOLID] [color=#000000]}] [x1=0.00] [y1=0.00] [x2=380.00] [y2=0.00]
        LayoutSVGPath {line} at (0,-0.50) size 0x25.50 [stroke={[type=LINEAR-GRADIENT] [id="v_stroke_gradient"]}] [fill={[type=SOLID] [color=#000000]}] [x1=0.00] [y1=-0.50] [x2=0.00] [y2=25.00]
      LayoutSVGText {text} at (2,-3.39) size 323x22 contains 1 chunk(s)
        LayoutSVGInlineText {#text} at (2,-3.39) size 323x22
          chunk 1 text run 1 at (2.00,13.60) startOffset 0 endOffset 40 width 323.00: "This is hanging from the top-left corner"
    LayoutSVGForeignObject {foreignObject} at (10,45) size 380x150
      LayoutBlockFlow {html} at (0,16) size 380x136
        LayoutBlockFlow {body} at (8,0) size 364x136
          LayoutBlockFlow {p} at (0,0) size 364x100
            LayoutText {#text} at (0,0) size 347x39
              text run at (0,0) width 347: "The piece of text above should be aligned with the top-"
              text run at (0,20) width 286: "left corner of the rectangle below it. Both the "
            LayoutInline {code} at (0,0) size 48x16
              LayoutText {#text} at (286,23) size 48x16
                text run at (286,23) width 48: "<text>"
            LayoutText {#text} at (334,20) size 361x39
              text run at (334,20) width 27: " and"
              text run at (0,40) width 23: "the "
            LayoutInline {code} at (0,0) size 48x16
              LayoutText {#text} at (23,43) size 48x16
                text run at (23,43) width 48: "<rect>"
            LayoutText {#text} at (71,40) size 272x19
              text run at (71,40) width 272: " are located at the same coordinates and the"
            LayoutInline {code} at (0,0) size 48x16
              LayoutText {#text} at (0,63) size 48x16
                text run at (0,63) width 48: "<text>"
            LayoutText {#text} at (48,60) size 111x19
              text run at (48,60) width 111: " element uses the "
            LayoutInline {code} at (0,0) size 56x16
              LayoutText {#text} at (159,63) size 56x16
                text run at (159,63) width 56: "hanging"
            LayoutText {#text} at (215,60) size 78x19
              text run at (215,60) width 78: " value for its"
            LayoutInline {code} at (0,0) size 136x16
              LayoutText {#text} at (0,83) size 136x16
                text run at (0,83) width 136: "dominant-baseline"
            LayoutText {#text} at (136,80) size 59x19
              text run at (136,80) width 59: " attribute."
          LayoutBlockFlow {p} at (0,116) size 364x20
            LayoutInline {a} at (0,0) size 91x19 [color=#800000]
              LayoutText {#text} at (0,0) size 91x19
                text run at (0,0) width 91: "Antoine Quint"
            LayoutText {#text} at (91,0) size 89x19
              text run at (91,0) width 89: ", January 27th"
