layer at (0,0) size 800x600
  LayoutView at (0,0) size 800x600
layer at (0,0) size 800x600
  LayoutSVGRoot {svg} at (0,0) size 800x600
    LayoutSVGForeignObject {foreignObject} at (10,10) size 580x380
      LayoutBlockFlow {xhtml:div} at (0,0) size 580x20
        LayoutText {#text} at (0,0) size 78x19
          text run at (0,0) width 78: "This is a test"
      LayoutBlockFlow (anonymous) at (0,20) size 580x44
        LayoutInline {xhtml:a} at (0,0) size 66x19 [color=#0000EE]
          LayoutText {#text} at (0,0) size 66x19
            text run at (0,0) width 66: "and a link."
        LayoutBR {xhtml:br} at (66,0) size 0x19
        LayoutButton {xhtml:input} at (0,20) size 16x22 [bgcolor=#C0C0C0] [border: (2px outset #C0C0C0)]
        LayoutText {#text} at (0,0) size 0x0
    LayoutSVGRect {rect} at (10,10) size 580x380 [stroke={[type=SOLID] [color=#008000]}] [x=10.00] [y=10.00] [width=580.00] [height=380.00]
layer at (10,10) size 580x380 backgroundClip at (54,55) size 746x545 clip at (54,55) size 536x335
  LayoutSVGForeignObject {foreignObject} at (10,10) size 580x380
    LayoutBlockFlow {xhtml:div} at (0,0) size 580x20
      LayoutText {#text} at (0,0) size 78x19
        text run at (0,0) width 78: "This is a test"
    LayoutBlockFlow (anonymous) at (0,20) size 580x44
      LayoutInline {xhtml:a} at (0,0) size 66x19 [color=#0000EE]
        LayoutText {#text} at (0,0) size 66x19
          text run at (0,0) width 66: "and a link."
      LayoutBR {xhtml:br} at (66,0) size 0x19
      LayoutButton {xhtml:input} at (0,20) size 16x22 [bgcolor=#C0C0C0] [border: (2px outset #C0C0C0)]
      LayoutText {#text} at (0,0) size 0x0
