layer at (0,0) size 800x600
  LayoutView at (0,0) size 800x600
layer at (0,0) size 800x72
  LayoutBlockFlow {html} at (0,0) size 800x72
    LayoutBlockFlow {body} at (8,16) size 784x40
      LayoutBlockFlow {p} at (0,0) size 784x40
        LayoutText {#text} at (0,0) size 750x39
          text run at (0,0) width 750: "In the div below the text is distributed over the whole SVG area. But when you scroll around the invisible text does not"
          text run at (0,20) width 131: "appear (Bug 12163)."
layer at (10,72) size 502x502 clip at (11,73) size 485x485 scrollY 550.00 scrollWidth 5000 scrollHeight 5005
  LayoutBlockFlow (positioned) {div} at (10,72) size 502x502 [border: (1px solid #AAAAAA)]
    LayoutSVGRoot {svg} at (1,1) size 5000x5000
      LayoutSVGText {text} at (-1,3) size 81x22 contains 1 chunk(s)
        LayoutSVGInlineText {#text} at (-1,3) size 81x22
          chunk 1 text run 1 at (0.00,20.00) startOffset 0 endOffset 11 width 80.00: "just a text"
      LayoutSVGText {text} at (99,3) size 81x22 contains 1 chunk(s)
        LayoutSVGInlineText {#text} at (99,3) size 81x22
          chunk 1 text run 1 at (100.00,20.00) startOffset 0 endOffset 11 width 80.00: "just a text"
      LayoutSVGText {text} at (199,3) size 81x22 contains 1 chunk(s)
        LayoutSVGInlineText {#text} at (199,3) size 81x22
          chunk 1 text run 1 at (200.00,20.00) startOffset 0 endOffset 11 width 80.00: "just a text"
      LayoutSVGText {text} at (299,3) size 81x22 contains 1 chunk(s)
        LayoutSVGInlineText {#text} at (299,3) size 81x22
          chunk 1 text run 1 at (300.00,20.00) startOffset 0 endOffset 11 width 80.00: "just a text"
      LayoutSVGText {text} at (399,3) size 81x22 contains 1 chunk(s)
        LayoutSVGInlineText {#text} at (399,3) size 81x22
          chunk 1 text run 1 at (400.00,20.00) startOffset 0 endOffset 11 width 80.00: "just a text"
      LayoutSVGText {text} at (499,3) size 81x22 contains 1 chunk(s)
        LayoutSVGInlineText {#text} at (499,3) size 81x22
          chunk 1 text run 1 at (500.00,20.00) startOffset 0 endOffset 11 width 80.00: "just a text"
      LayoutSVGText {text} at (599,3) size 81x22 contains 1 chunk(s)
        LayoutSVGInlineText {#text} at (599,3) size 81x22
          chunk 1 text run 1 at (600.00,20.00) startOffset 0 endOffset 11 width 80.00: "just a text"
      LayoutSVGText {text} at (699,3) size 81x22 contains 1 chunk(s)
        LayoutSVGInlineText {#text} at (699,3) size 81x22
          chunk 1 text run 1 at (700.00,20.00) startOffset 0 endOffset 11 width 80.00: "just a text"
      LayoutSVGText {text} at (799,3) size 81x22 contains 1 chunk(s)
        LayoutSVGInlineText {#text} at (799,3) size 81x22
          chunk 1 text run 1 at (800.00,20.00) startOffset 0 endOffset 11 width 80.00: "just a text"
      LayoutSVGText {text} at (899,3) size 81x22 contains 1 chunk(s)
        LayoutSVGInlineText {#text} at (899,3) size 81x22
          chunk 1 text run 1 at (900.00,20.00) startOffset 0 endOffset 11 width 80.00: "just a text"
      LayoutSVGText {text} at (999,3) size 81x22 contains 1 chunk(s)
        LayoutSVGInlineText {#text} at (999,3) size 81x22
          chunk 1 text run 1 at (1000.00,20.00) startOffset 0 endOffset 11 width 80.00: "just a text"
      LayoutSVGText {text} at (1099,3) size 81x22 contains 1 chunk(s)
        LayoutSVGInlineText {#text} at (1099,3) size 81x22
          chunk 1 text run 1 at (1100.00,20.00) startOffset 0 endOffset 11 width 80.00: "just a text"
      LayoutSVGText {text} at (1199,3) size 81x22 contains 1 chunk(s)
        LayoutSVGInlineText {#text} at (1199,3) size 81x22
          chunk 1 text run 1 at (1200.00,20.00) startOffset 0 endOffset 11 width 80.00: "just a text"
      LayoutSVGText {text} at (1299,3) size 81x22 contains 1 chunk(s)
        LayoutSVGInlineText {#text} at (1299,3) size 81x22
          chunk 1 text run 1 at (1300.00,20.00) startOffset 0 endOffset 11 width 80.00: "just a text"
      LayoutSVGText {text} at (1399,3) size 81x22 contains 1 chunk(s)
        LayoutSVGInlineText {#text} at (1399,3) size 81x22
          chunk 1 text run 1 at (1400.00,20.00) startOffset 0 endOffset 11 width 80.00: "just a text"
      LayoutSVGText {text} at (1499,3) size 81x22 contains 1 chunk(s)
        LayoutSVGInlineText {#text} at (1499,3) size 81x22
          chunk 1 text run 1 at (1500.00,20.00) startOffset 0 endOffset 11 width 80.00: "just a text"
      LayoutSVGText {text} at (1599,3) size 81x22 contains 1 chunk(s)
        LayoutSVGInlineText {#text} at (1599,3) size 81x22
          chunk 1 text run 1 at (1600.00,20.00) startOffset 0 endOffset 11 width 80.00: "just a text"
      LayoutSVGText {text} at (1699,3) size 81x22 contains 1 chunk(s)
        LayoutSVGInlineText {#text} at (1699,3) size 81x22
          chunk 1 text run 1 at (1700.00,20.00) startOffset 0 endOffset 11 width 80.00: "just a text"
      LayoutSVGText {text} at (1799,3) size 81x22 contains 1 chunk(s)
        LayoutSVGInlineText {#text} at (1799,3) size 81x22
          chunk 1 text run 1 at (1800.00,20.00) startOffset 0 endOffset 11 width 80.00: "just a text"
      LayoutSVGText {text} at (1899,3) size 81x22 contains 1 chunk(s)
        LayoutSVGInlineText {#text} at (1899,3) size 81x22
          chunk 1 text run 1 at (1900.00,20.00) startOffset 0 endOffset 11 width 80.00: "just a text"
      LayoutSVGText {text} at (1999,3) size 81x22 contains 1 chunk(s)
        LayoutSVGInlineText {#text} at (1999,3) size 81x22
          chunk 1 text run 1 at (2000.00,20.00) startOffset 0 endOffset 11 width 80.00: "just a text"
      LayoutSVGText {text} at (2099,3) size 81x22 contains 1 chunk(s)
        LayoutSVGInlineText {#text} at (2099,3) size 81x22
          chunk 1 text run 1 at (2100.00,20.00) startOffset 0 endOffset 11 width 80.00: "just a text"
      LayoutSVGText {text} at (2199,3) size 81x22 contains 1 chunk(s)
        LayoutSVGInlineText {#text} at (2199,3) size 81x22
          chunk 1 text run 1 at (2200.00,20.00) startOffset 0 endOffset 11 width 80.00: "just a text"
      LayoutSVGText {text} at (2299,3) size 81x22 contains 1 chunk(s)
        LayoutSVGInlineText {#text} at (2299,3) size 81x22
          chunk 1 text run 1 at (2300.00,20.00) startOffset 0 endOffset 11 width 80.00: "just a text"
      LayoutSVGText {text} at (2399,3) size 81x22 contains 1 chunk(s)
        LayoutSVGInlineText {#text} at (2399,3) size 81x22
          chunk 1 text run 1 at (2400.00,20.00) startOffset 0 endOffset 11 width 80.00: "just a text"
      LayoutSVGText {text} at (2499,3) size 81x22 contains 1 chunk(s)
        LayoutSVGInlineText {#text} at (2499,3) size 81x22
          chunk 1 text run 1 at (2500.00,20.00) startOffset 0 endOffset 11 width 80.00: "just a text"
      LayoutSVGText {text} at (2599,3) size 81x22 contains 1 chunk(s)
        LayoutSVGInlineText {#text} at (2599,3) size 81x22
          chunk 1 text run 1 at (2600.00,20.00) startOffset 0 endOffset 11 width 80.00: "just a text"
      LayoutSVGText {text} at (2699,3) size 81x22 contains 1 chunk(s)
        LayoutSVGInlineText {#text} at (2699,3) size 81x22
          chunk 1 text run 1 at (2700.00,20.00) startOffset 0 endOffset 11 width 80.00: "just a text"
      LayoutSVGText {text} at (2799,3) size 81x22 contains 1 chunk(s)
        LayoutSVGInlineText {#text} at (2799,3) size 81x22
          chunk 1 text run 1 at (2800.00,20.00) startOffset 0 endOffset 11 width 80.00: "just a text"
      LayoutSVGText {text} at (2899,3) size 81x22 contains 1 chunk(s)
        LayoutSVGInlineText {#text} at (2899,3) size 81x22
          chunk 1 text run 1 at (2900.00,20.00) startOffset 0 endOffset 11 width 80.00: "just a text"
      LayoutSVGText {text} at (2999,3) size 81x22 contains 1 chunk(s)
        LayoutSVGInlineText {#text} at (2999,3) size 81x22
          chunk 1 text run 1 at (3000.00,20.00) startOffset 0 endOffset 11 width 80.00: "just a text"
      LayoutSVGText {text} at (3099,3) size 81x22 contains 1 chunk(s)
        LayoutSVGInlineText {#text} at (3099,3) size 81x22
          chunk 1 text run 1 at (3100.00,20.00) startOffset 0 endOffset 11 width 80.00: "just a text"
      LayoutSVGText {text} at (3199,3) size 81x22 contains 1 chunk(s)
        LayoutSVGInlineText {#text} at (3199,3) size 81x22
          chunk 1 text run 1 at (3200.00,20.00) startOffset 0 endOffset 11 width 80.00: "just a text"
      LayoutSVGText {text} at (3299,3) size 81x22 contains 1 chunk(s)
        LayoutSVGInlineText {#text} at (3299,3) size 81x22
          chunk 1 text run 1 at (3300.00,20.00) startOffset 0 endOffset 11 width 80.00: "just a text"
      LayoutSVGText {text} at (3399,3) size 81x22 contains 1 chunk(s)
        LayoutSVGInlineText {#text} at (3399,3) size 81x22
          chunk 1 text run 1 at (3400.00,20.00) startOffset 0 endOffset 11 width 80.00: "just a text"
      LayoutSVGText {text} at (3499,3) size 81x22 contains 1 chunk(s)
        LayoutSVGInlineText {#text} at (3499,3) size 81x22
          chunk 1 text run 1 at (3500.00,20.00) startOffset 0 endOffset 11 width 80.00: "just a text"
      LayoutSVGText {text} at (3599,3) size 81x22 contains 1 chunk(s)
        LayoutSVGInlineText {#text} at (3599,3) size 81x22
          chunk 1 text run 1 at (3600.00,20.00) startOffset 0 endOffset 11 width 80.00: "just a text"
      LayoutSVGText {text} at (3699,3) size 81x22 contains 1 chunk(s)
        LayoutSVGInlineText {#text} at (3699,3) size 81x22
          chunk 1 text run 1 at (3700.00,20.00) startOffset 0 endOffset 11 width 80.00: "just a text"
      LayoutSVGText {text} at (3799,3) size 81x22 contains 1 chunk(s)
        LayoutSVGInlineText {#text} at (3799,3) size 81x22
          chunk 1 text run 1 at (3800.00,20.00) startOffset 0 endOffset 11 width 80.00: "just a text"
      LayoutSVGText {text} at (3899,3) size 81x22 contains 1 chunk(s)
        LayoutSVGInlineText {#text} at (3899,3) size 81x22
          chunk 1 text run 1 at (3900.00,20.00) startOffset 0 endOffset 11 width 80.00: "just a text"
      LayoutSVGText {text} at (3999,3) size 81x22 contains 1 chunk(s)
        LayoutSVGInlineText {#text} at (3999,3) size 81x22
          chunk 1 text run 1 at (4000.00,20.00) startOffset 0 endOffset 11 width 80.00: "just a text"
      LayoutSVGText {text} at (4099,3) size 81x22 contains 1 chunk(s)
        LayoutSVGInlineText {#text} at (4099,3) size 81x22
          chunk 1 text run 1 at (4100.00,20.00) startOffset 0 endOffset 11 width 80.00: "just a text"
      LayoutSVGText {text} at (4199,3) size 81x22 contains 1 chunk(s)
        LayoutSVGInlineText {#text} at (4199,3) size 81x22
          chunk 1 text run 1 at (4200.00,20.00) startOffset 0 endOffset 11 width 80.00: "just a text"
      LayoutSVGText {text} at (4299,3) size 81x22 contains 1 chunk(s)
        LayoutSVGInlineText {#text} at (4299,3) size 81x22
          chunk 1 text run 1 at (4300.00,20.00) startOffset 0 endOffset 11 width 80.00: "just a text"
      LayoutSVGText {text} at (4399,3) size 81x22 contains 1 chunk(s)
        LayoutSVGInlineText {#text} at (4399,3) size 81x22
          chunk 1 text run 1 at (4400.00,20.00) startOffset 0 endOffset 11 width 80.00: "just a text"
      LayoutSVGText {text} at (4499,3) size 81x22 contains 1 chunk(s)
        LayoutSVGInlineText {#text} at (4499,3) size 81x22
          chunk 1 text run 1 at (4500.00,20.00) startOffset 0 endOffset 11 width 80.00: "just a text"
      LayoutSVGText {text} at (4599,3) size 81x22 contains 1 chunk(s)
        LayoutSVGInlineText {#text} at (4599,3) size 81x22
          chunk 1 text run 1 at (4600.00,20.00) startOffset 0 endOffset 11 width 80.00: "just a text"
      LayoutSVGText {text} at (4699,3) size 81x22 contains 1 chunk(s)
        LayoutSVGInlineText {#text} at (4699,3) size 81x22
          chunk 1 text run 1 at (4700.00,20.00) startOffset 0 endOffset 11 width 80.00: "just a text"
      LayoutSVGText {text} at (4799,3) size 81x22 contains 1 chunk(s)
        LayoutSVGInlineText {#text} at (4799,3) size 81x22
          chunk 1 text run 1 at (4800.00,20.00) startOffset 0 endOffset 11 width 80.00: "just a text"
      LayoutSVGText {text} at (4899,3) size 81x22 contains 1 chunk(s)
        LayoutSVGInlineText {#text} at (4899,3) size 81x22
          chunk 1 text run 1 at (4900.00,20.00) startOffset 0 endOffset 11 width 80.00: "just a text"
      LayoutSVGText {text} at (-1,103) size 81x22 contains 1 chunk(s)
        LayoutSVGInlineText {#text} at (-1,103) size 81x22
          chunk 1 text run 1 at (0.00,120.00) startOffset 0 endOffset 11 width 80.00: "just a text"
      LayoutSVGText {text} at (99,103) size 81x22 contains 1 chunk(s)
        LayoutSVGInlineText {#text} at (99,103) size 81x22
          chunk 1 text run 1 at (100.00,120.00) startOffset 0 endOffset 11 width 80.00: "just a text"
      LayoutSVGText {text} at (199,103) size 81x22 contains 1 chunk(s)
        LayoutSVGInlineText {#text} at (199,103) size 81x22
          chunk 1 text run 1 at (200.00,120.00) startOffset 0 endOffset 11 width 80.00: "just a text"
      LayoutSVGText {text} at (299,103) size 81x22 contains 1 chunk(s)
        LayoutSVGInlineText {#text} at (299,103) size 81x22
          chunk 1 text run 1 at (300.00,120.00) startOffset 0 endOffset 11 width 80.00: "just a text"
      LayoutSVGText {text} at (399,103) size 81x22 contains 1 chunk(s)
        LayoutSVGInlineText {#text} at (399,103) size 81x22
          chunk 1 text run 1 at (400.00,120.00) startOffset 0 endOffset 11 width 80.00: "just a text"
      LayoutSVGText {text} at (499,103) size 81x22 contains 1 chunk(s)
        LayoutSVGInlineText {#text} at (499,103) size 81x22
          chunk 1 text run 1 at (500.00,120.00) startOffset 0 endOffset 11 width 80.00: "just a text"
      LayoutSVGText {text} at (599,103) size 81x22 contains 1 chunk(s)
        LayoutSVGInlineText {#text} at (599,103) size 81x22
          chunk 1 text run 1 at (600.00,120.00) startOffset 0 endOffset 11 width 80.00: "just a text"
      LayoutSVGText {text} at (699,103) size 81x22 contains 1 chunk(s)
        LayoutSVGInlineText {#text} at (699,103) size 81x22
          chunk 1 text run 1 at (700.00,120.00) startOffset 0 endOffset 11 width 80.00: "just a text"
      LayoutSVGText {text} at (799,103) size 81x22 contains 1 chunk(s)
        LayoutSVGInlineText {#text} at (799,103) size 81x22
          chunk 1 text run 1 at (800.00,120.00) startOffset 0 endOffset 11 width 80.00: "just a text"
      LayoutSVGText {text} at (899,103) size 81x22 contains 1 chunk(s)
        LayoutSVGInlineText {#text} at (899,103) size 81x22
          chunk 1 text run 1 at (900.00,120.00) startOffset 0 endOffset 11 width 80.00: "just a text"
      LayoutSVGText {text} at (999,103) size 81x22 contains 1 chunk(s)
        LayoutSVGInlineText {#text} at (999,103) size 81x22
          chunk 1 text run 1 at (1000.00,120.00) startOffset 0 endOffset 11 width 80.00: "just a text"
      LayoutSVGText {text} at (1099,103) size 81x22 contains 1 chunk(s)
        LayoutSVGInlineText {#text} at (1099,103) size 81x22
          chunk 1 text run 1 at (1100.00,120.00) startOffset 0 endOffset 11 width 80.00: "just a text"
      LayoutSVGText {text} at (1199,103) size 81x22 contains 1 chunk(s)
        LayoutSVGInlineText {#text} at (1199,103) size 81x22
          chunk 1 text run 1 at (1200.00,120.00) startOffset 0 endOffset 11 width 80.00: "just a text"
      LayoutSVGText {text} at (1299,103) size 81x22 contains 1 chunk(s)
        LayoutSVGInlineText {#text} at (1299,103) size 81x22
          chunk 1 text run 1 at (1300.00,120.00) startOffset 0 endOffset 11 width 80.00: "just a text"
      LayoutSVGText {text} at (1399,103) size 81x22 contains 1 chunk(s)
        LayoutSVGInlineText {#text} at (1399,103) size 81x22
          chunk 1 text run 1 at (1400.00,120.00) startOffset 0 endOffset 11 width 80.00: "just a text"
      LayoutSVGText {text} at (1499,103) size 81x22 contains 1 chunk(s)
        LayoutSVGInlineText {#text} at (1499,103) size 81x22
          chunk 1 text run 1 at (1500.00,120.00) startOffset 0 endOffset 11 width 80.00: "just a text"
      LayoutSVGText {text} at (1599,103) size 81x22 contains 1 chunk(s)
        LayoutSVGInlineText {#text} at (1599,103) size 81x22
          chunk 1 text run 1 at (1600.00,120.00) startOffset 0 endOffset 11 width 80.00: "just a text"
      LayoutSVGText {text} at (1699,103) size 81x22 contains 1 chunk(s)
        LayoutSVGInlineText {#text} at (1699,103) size 81x22
          chunk 1 text run 1 at (1700.00,120.00) startOffset 0 endOffset 11 width 80.00: "just a text"
      LayoutSVGText {text} at (1799,103) size 81x22 contains 1 chunk(s)
        LayoutSVGInlineText {#text} at (1799,103) size 81x22
          chunk 1 text run 1 at (1800.00,120.00) startOffset 0 endOffset 11 width 80.00: "just a text"
      LayoutSVGText {text} at (1899,103) size 81x22 contains 1 chunk(s)
        LayoutSVGInlineText {#text} at (1899,103) size 81x22
          chunk 1 text run 1 at (1900.00,120.00) startOffset 0 endOffset 11 width 80.00: "just a text"
      LayoutSVGText {text} at (1999,103) size 81x22 contains 1 chunk(s)
        LayoutSVGInlineText {#text} at (1999,103) size 81x22
          chunk 1 text run 1 at (2000.00,120.00) startOffset 0 endOffset 11 width 80.00: "just a text"
      LayoutSVGText {text} at (2099,103) size 81x22 contains 1 chunk(s)
        LayoutSVGInlineText {#text} at (2099,103) size 81x22
          chunk 1 text run 1 at (2100.00,120.00) startOffset 0 endOffset 11 width 80.00: "just a text"
      LayoutSVGText {text} at (2199,103) size 81x22 contains 1 chunk(s)
        LayoutSVGInlineText {#text} at (2199,103) size 81x22
          chunk 1 text run 1 at (2200.00,120.00) startOffset 0 endOffset 11 width 80.00: "just a text"
      LayoutSVGText {text} at (2299,103) size 81x22 contains 1 chunk(s)
        LayoutSVGInlineText {#text} at (2299,103) size 81x22
          chunk 1 text run 1 at (2300.00,120.00) startOffset 0 endOffset 11 width 80.00: "just a text"
      LayoutSVGText {text} at (2399,103) size 81x22 contains 1 chunk(s)
        LayoutSVGInlineText {#text} at (2399,103) size 81x22
          chunk 1 text run 1 at (2400.00,120.00) startOffset 0 endOffset 11 width 80.00: "just a text"
      LayoutSVGText {text} at (2499,103) size 81x22 contains 1 chunk(s)
        LayoutSVGInlineText {#text} at (2499,103) size 81x22
          chunk 1 text run 1 at (2500.00,120.00) startOffset 0 endOffset 11 width 80.00: "just a text"
      LayoutSVGText {text} at (2599,103) size 81x22 contains 1 chunk(s)
        LayoutSVGInlineText {#text} at (2599,103) size 81x22
          chunk 1 text run 1 at (2600.00,120.00) startOffset 0 endOffset 11 width 80.00: "just a text"
      LayoutSVGText {text} at (2699,103) size 81x22 contains 1 chunk(s)
        LayoutSVGInlineText {#text} at (2699,103) size 81x22
          chunk 1 text run 1 at (2700.00,120.00) startOffset 0 endOffset 11 width 80.00: "just a text"
      LayoutSVGText {text} at (2799,103) size 81x22 contains 1 chunk(s)
        LayoutSVGInlineText {#text} at (2799,103) size 81x22
          chunk 1 text run 1 at (2800.00,120.00) startOffset 0 endOffset 11 width 80.00: "just a text"
      LayoutSVGText {text} at (2899,103) size 81x22 contains 1 chunk(s)
        LayoutSVGInlineText {#text} at (2899,103) size 81x22
          chunk 1 text run 1 at (2900.00,120.00) startOffset 0 endOffset 11 width 80.00: "just a text"
      LayoutSVGText {text} at (2999,103) size 81x22 contains 1 chunk(s)
        LayoutSVGInlineText {#text} at (2999,103) size 81x22
          chunk 1 text run 1 at (3000.00,120.00) startOffset 0 endOffset 11 width 80.00: "just a text"
      LayoutSVGText {text} at (3099,103) size 81x22 contains 1 chunk(s)
        LayoutSVGInlineText {#text} at (3099,103) size 81x22
          chunk 1 text run 1 at (3100.00,120.00) startOffset 0 endOffset 11 width 80.00: "just a text"
      LayoutSVGText {text} at (3199,103) size 81x22 contains 1 chunk(s)
        LayoutSVGInlineText {#text} at (3199,103) size 81x22
          chunk 1 text run 1 at (3200.00,120.00) startOffset 0 endOffset 11 width 80.00: "just a text"
      LayoutSVGText {text} at (3299,103) size 81x22 contains 1 chunk(s)
        LayoutSVGInlineText {#text} at (3299,103) size 81x22
          chunk 1 text run 1 at (3300.00,120.00) startOffset 0 endOffset 11 width 80.00: "just a text"
      LayoutSVGText {text} at (3399,103) size 81x22 contains 1 chunk(s)
        LayoutSVGInlineText {#text} at (3399,103) size 81x22
          chunk 1 text run 1 at (3400.00,120.00) startOffset 0 endOffset 11 width 80.00: "just a text"
      LayoutSVGText {text} at (3499,103) size 81x22 contains 1 chunk(s)
        LayoutSVGInlineText {#text} at (3499,103) size 81x22
          chunk 1 text run 1 at (3500.00,120.00) startOffset 0 endOffset 11 width 80.00: "just a text"
      LayoutSVGText {text} at (3599,103) size 81x22 contains 1 chunk(s)
        LayoutSVGInlineText {#text} at (3599,103) size 81x22
          chunk 1 text run 1 at (3600.00,120.00) startOffset 0 endOffset 11 width 80.00: "just a text"
      LayoutSVGText {text} at (3699,103) size 81x22 contains 1 chunk(s)
        LayoutSVGInlineText {#text} at (3699,103) size 81x22
          chunk 1 text run 1 at (3700.00,120.00) startOffset 0 endOffset 11 width 80.00: "just a text"
      LayoutSVGText {text} at (3799,103) size 81x22 contains 1 chunk(s)
        LayoutSVGInlineText {#text} at (3799,103) size 81x22
          chunk 1 text run 1 at (3800.00,120.00) startOffset 0 endOffset 11 width 80.00: "just a text"
      LayoutSVGText {text} at (3899,103) size 81x22 contains 1 chunk(s)
        LayoutSVGInlineText {#text} at (3899,103) size 81x22
          chunk 1 text run 1 at (3900.00,120.00) startOffset 0 endOffset 11 width 80.00: "just a text"
      LayoutSVGText {text} at (3999,103) size 81x22 contains 1 chunk(s)
        LayoutSVGInlineText {#text} at (3999,103) size 81x22
          chunk 1 text run 1 at (4000.00,120.00) startOffset 0 endOffset 11 width 80.00: "just a text"
      LayoutSVGText {text} at (4099,103) size 81x22 contains 1 chunk(s)
        LayoutSVGInlineText {#text} at (4099,103) size 81x22
          chunk 1 text run 1 at (4100.00,120.00) startOffset 0 endOffset 11 width 80.00: "just a text"
      LayoutSVGText {text} at (4199,103) size 81x22 contains 1 chunk(s)
        LayoutSVGInlineText {#text} at (4199,103) size 81x22
          chunk 1 text run 1 at (4200.00,120.00) startOffset 0 endOffset 11 width 80.00: "just a text"
      LayoutSVGText {text} at (4299,103) size 81x22 contains 1 chunk(s)
        LayoutSVGInlineText {#text} at (4299,103) size 81x22
          chunk 1 text run 1 at (4300.00,120.00) startOffset 0 endOffset 11 width 80.00: "just a text"
      LayoutSVGText {text} at (4399,103) size 81x22 contains 1 chunk(s)
        LayoutSVGInlineText {#text} at (4399,103) size 81x22
          chunk 1 text run 1 at (4400.00,120.00) startOffset 0 endOffset 11 width 80.00: "just a text"
      LayoutSVGText {text} at (4499,103) size 81x22 contains 1 chunk(s)
        LayoutSVGInlineText {#text} at (4499,103) size 81x22
          chunk 1 text run 1 at (4500.00,120.00) startOffset 0 endOffset 11 width 80.00: "just a text"
      LayoutSVGText {text} at (4599,103) size 81x22 contains 1 chunk(s)
        LayoutSVGInlineText {#text} at (4599,103) size 81x22
          chunk 1 text run 1 at (4600.00,120.00) startOffset 0 endOffset 11 width 80.00: "just a text"
      LayoutSVGText {text} at (4699,103) size 81x22 contains 1 chunk(s)
        LayoutSVGInlineText {#text} at (4699,103) size 81x22
          chunk 1 text run 1 at (4700.00,120.00) startOffset 0 endOffset 11 width 80.00: "just a text"
      LayoutSVGText {text} at (4799,103) size 81x22 contains 1 chunk(s)
        LayoutSVGInlineText {#text} at (4799,103) size 81x22
          chunk 1 text run 1 at (4800.00,120.00) startOffset 0 endOffset 11 width 80.00: "just a text"
      LayoutSVGText {text} at (4899,103) size 81x22 contains 1 chunk(s)
        LayoutSVGInlineText {#text} at (4899,103) size 81x22
          chunk 1 text run 1 at (4900.00,120.00) startOffset 0 endOffset 11 width 80.00: "just a text"
      LayoutSVGText {text} at (-1,203) size 81x22 contains 1 chunk(s)
        LayoutSVGInlineText {#text} at (-1,203) size 81x22
          chunk 1 text run 1 at (0.00,220.00) startOffset 0 endOffset 11 width 80.00: "just a text"
      LayoutSVGText {text} at (99,203) size 81x22 contains 1 chunk(s)
        LayoutSVGInlineText {#text} at (99,203) size 81x22
          chunk 1 text run 1 at (100.00,220.00) startOffset 0 endOffset 11 width 80.00: "just a text"
      LayoutSVGText {text} at (199,203) size 81x22 contains 1 chunk(s)
        LayoutSVGInlineText {#text} at (199,203) size 81x22
          chunk 1 text run 1 at (200.00,220.00) startOffset 0 endOffset 11 width 80.00: "just a text"
      LayoutSVGText {text} at (299,203) size 81x22 contains 1 chunk(s)
        LayoutSVGInlineText {#text} at (299,203) size 81x22
          chunk 1 text run 1 at (300.00,220.00) startOffset 0 endOffset 11 width 80.00: "just a text"
      LayoutSVGText {text} at (399,203) size 81x22 contains 1 chunk(s)
        LayoutSVGInlineText {#text} at (399,203) size 81x22
          chunk 1 text run 1 at (400.00,220.00) startOffset 0 endOffset 11 width 80.00: "just a text"
      LayoutSVGText {text} at (499,203) size 81x22 contains 1 chunk(s)
        LayoutSVGInlineText {#text} at (499,203) size 81x22
          chunk 1 text run 1 at (500.00,220.00) startOffset 0 endOffset 11 width 80.00: "just a text"
      LayoutSVGText {text} at (599,203) size 81x22 contains 1 chunk(s)
        LayoutSVGInlineText {#text} at (599,203) size 81x22
          chunk 1 text run 1 at (600.00,220.00) startOffset 0 endOffset 11 width 80.00: "just a text"
      LayoutSVGText {text} at (699,203) size 81x22 contains 1 chunk(s)
        LayoutSVGInlineText {#text} at (699,203) size 81x22
          chunk 1 text run 1 at (700.00,220.00) startOffset 0 endOffset 11 width 80.00: "just a text"
      LayoutSVGText {text} at (799,203) size 81x22 contains 1 chunk(s)
        LayoutSVGInlineText {#text} at (799,203) size 81x22
          chunk 1 text run 1 at (800.00,220.00) startOffset 0 endOffset 11 width 80.00: "just a text"
      LayoutSVGText {text} at (899,203) size 81x22 contains 1 chunk(s)
        LayoutSVGInlineText {#text} at (899,203) size 81x22
          chunk 1 text run 1 at (900.00,220.00) startOffset 0 endOffset 11 width 80.00: "just a text"
      LayoutSVGText {text} at (999,203) size 81x22 contains 1 chunk(s)
        LayoutSVGInlineText {#text} at (999,203) size 81x22
          chunk 1 text run 1 at (1000.00,220.00) startOffset 0 endOffset 11 width 80.00: "just a text"
      LayoutSVGText {text} at (1099,203) size 81x22 contains 1 chunk(s)
        LayoutSVGInlineText {#text} at (1099,203) size 81x22
          chunk 1 text run 1 at (1100.00,220.00) startOffset 0 endOffset 11 width 80.00: "just a text"
      LayoutSVGText {text} at (1199,203) size 81x22 contains 1 chunk(s)
        LayoutSVGInlineText {#text} at (1199,203) size 81x22
          chunk 1 text run 1 at (1200.00,220.00) startOffset 0 endOffset 11 width 80.00: "just a text"
      LayoutSVGText {text} at (1299,203) size 81x22 contains 1 chunk(s)
        LayoutSVGInlineText {#text} at (1299,203) size 81x22
          chunk 1 text run 1 at (1300.00,220.00) startOffset 0 endOffset 11 width 80.00: "just a text"
      LayoutSVGText {text} at (1399,203) size 81x22 contains 1 chunk(s)
        LayoutSVGInlineText {#text} at (1399,203) size 81x22
          chunk 1 text run 1 at (1400.00,220.00) startOffset 0 endOffset 11 width 80.00: "just a text"
      LayoutSVGText {text} at (1499,203) size 81x22 contains 1 chunk(s)
        LayoutSVGInlineText {#text} at (1499,203) size 81x22
          chunk 1 text run 1 at (1500.00,220.00) startOffset 0 endOffset 11 width 80.00: "just a text"
      LayoutSVGText {text} at (1599,203) size 81x22 contains 1 chunk(s)
        LayoutSVGInlineText {#text} at (1599,203) size 81x22
          chunk 1 text run 1 at (1600.00,220.00) startOffset 0 endOffset 11 width 80.00: "just a text"
      LayoutSVGText {text} at (1699,203) size 81x22 contains 1 chunk(s)
        LayoutSVGInlineText {#text} at (1699,203) size 81x22
          chunk 1 text run 1 at (1700.00,220.00) startOffset 0 endOffset 11 width 80.00: "just a text"
      LayoutSVGText {text} at (1799,203) size 81x22 contains 1 chunk(s)
        LayoutSVGInlineText {#text} at (1799,203) size 81x22
          chunk 1 text run 1 at (1800.00,220.00) startOffset 0 endOffset 11 width 80.00: "just a text"
      LayoutSVGText {text} at (1899,203) size 81x22 contains 1 chunk(s)
        LayoutSVGInlineText {#text} at (1899,203) size 81x22
          chunk 1 text run 1 at (1900.00,220.00) startOffset 0 endOffset 11 width 80.00: "just a text"
      LayoutSVGText {text} at (1999,203) size 81x22 contains 1 chunk(s)
        LayoutSVGInlineText {#text} at (1999,203) size 81x22
          chunk 1 text run 1 at (2000.00,220.00) startOffset 0 endOffset 11 width 80.00: "just a text"
      LayoutSVGText {text} at (2099,203) size 81x22 contains 1 chunk(s)
        LayoutSVGInlineText {#text} at (2099,203) size 81x22
          chunk 1 text run 1 at (2100.00,220.00) startOffset 0 endOffset 11 width 80.00: "just a text"
      LayoutSVGText {text} at (2199,203) size 81x22 contains 1 chunk(s)
        LayoutSVGInlineText {#text} at (2199,203) size 81x22
          chunk 1 text run 1 at (2200.00,220.00) startOffset 0 endOffset 11 width 80.00: "just a text"
      LayoutSVGText {text} at (2299,203) size 81x22 contains 1 chunk(s)
        LayoutSVGInlineText {#text} at (2299,203) size 81x22
          chunk 1 text run 1 at (2300.00,220.00) startOffset 0 endOffset 11 width 80.00: "just a text"
      LayoutSVGText {text} at (2399,203) size 81x22 contains 1 chunk(s)
        LayoutSVGInlineText {#text} at (2399,203) size 81x22
          chunk 1 text run 1 at (2400.00,220.00) startOffset 0 endOffset 11 width 80.00: "just a text"
      LayoutSVGText {text} at (2499,203) size 81x22 contains 1 chunk(s)
        LayoutSVGInlineText {#text} at (2499,203) size 81x22
          chunk 1 text run 1 at (2500.00,220.00) startOffset 0 endOffset 11 width 80.00: "just a text"
      LayoutSVGText {text} at (2599,203) size 81x22 contains 1 chunk(s)
        LayoutSVGInlineText {#text} at (2599,203) size 81x22
          chunk 1 text run 1 at (2600.00,220.00) startOffset 0 endOffset 11 width 80.00: "just a text"
      LayoutSVGText {text} at (2699,203) size 81x22 contains 1 chunk(s)
        LayoutSVGInlineText {#text} at (2699,203) size 81x22
          chunk 1 text run 1 at (2700.00,220.00) startOffset 0 endOffset 11 width 80.00: "just a text"
      LayoutSVGText {text} at (2799,203) size 81x22 contains 1 chunk(s)
        LayoutSVGInlineText {#text} at (2799,203) size 81x22
          chunk 1 text run 1 at (2800.00,220.00) startOffset 0 endOffset 11 width 80.00: "just a text"
      LayoutSVGText {text} at (2899,203) size 81x22 contains 1 chunk(s)
        LayoutSVGInlineText {#text} at (2899,203) size 81x22
          chunk 1 text run 1 at (2900.00,220.00) startOffset 0 endOffset 11 width 80.00: "just a text"
      LayoutSVGText {text} at (2999,203) size 81x22 contains 1 chunk(s)
        LayoutSVGInlineText {#text} at (2999,203) size 81x22
          chunk 1 text run 1 at (3000.00,220.00) startOffset 0 endOffset 11 width 80.00: "just a text"
      LayoutSVGText {text} at (3099,203) size 81x22 contains 1 chunk(s)
        LayoutSVGInlineText {#text} at (3099,203) size 81x22
          chunk 1 text run 1 at (3100.00,220.00) startOffset 0 endOffset 11 width 80.00: "just a text"
      LayoutSVGText {text} at (3199,203) size 81x22 contains 1 chunk(s)
        LayoutSVGInlineText {#text} at (3199,203) size 81x22
          chunk 1 text run 1 at (3200.00,220.00) startOffset 0 endOffset 11 width 80.00: "just a text"
      LayoutSVGText {text} at (3299,203) size 81x22 contains 1 chunk(s)
        LayoutSVGInlineText {#text} at (3299,203) size 81x22
          chunk 1 text run 1 at (3300.00,220.00) startOffset 0 endOffset 11 width 80.00: "just a text"
      LayoutSVGText {text} at (3399,203) size 81x22 contains 1 chunk(s)
        LayoutSVGInlineText {#text} at (3399,203) size 81x22
          chunk 1 text run 1 at (3400.00,220.00) startOffset 0 endOffset 11 width 80.00: "just a text"
      LayoutSVGText {text} at (3499,203) size 81x22 contains 1 chunk(s)
        LayoutSVGInlineText {#text} at (3499,203) size 81x22
          chunk 1 text run 1 at (3500.00,220.00) startOffset 0 endOffset 11 width 80.00: "just a text"
      LayoutSVGText {text} at (3599,203) size 81x22 contains 1 chunk(s)
        LayoutSVGInlineText {#text} at (3599,203) size 81x22
          chunk 1 text run 1 at (3600.00,220.00) startOffset 0 endOffset 11 width 80.00: "just a text"
      LayoutSVGText {text} at (3699,203) size 81x22 contains 1 chunk(s)
        LayoutSVGInlineText {#text} at (3699,203) size 81x22
          chunk 1 text run 1 at (3700.00,220.00) startOffset 0 endOffset 11 width 80.00: "just a text"
      LayoutSVGText {text} at (3799,203) size 81x22 contains 1 chunk(s)
        LayoutSVGInlineText {#text} at (3799,203) size 81x22
          chunk 1 text run 1 at (3800.00,220.00) startOffset 0 endOffset 11 width 80.00: "just a text"
      LayoutSVGText {text} at (3899,203) size 81x22 contains 1 chunk(s)
        LayoutSVGInlineText {#text} at (3899,203) size 81x22
          chunk 1 text run 1 at (3900.00,220.00) startOffset 0 endOffset 11 width 80.00: "just a text"
      LayoutSVGText {text} at (3999,203) size 81x22 contains 1 chunk(s)
        LayoutSVGInlineText {#text} at (3999,203) size 81x22
          chunk 1 text run 1 at (4000.00,220.00) startOffset 0 endOffset 11 width 80.00: "just a text"
      LayoutSVGText {text} at (4099,203) size 81x22 contains 1 chunk(s)
        LayoutSVGInlineText {#text} at (4099,203) size 81x22
          chunk 1 text run 1 at (4100.00,220.00) startOffset 0 endOffset 11 width 80.00: "just a text"
      LayoutSVGText {text} at (4199,203) size 81x22 contains 1 chunk(s)
        LayoutSVGInlineText {#text} at (4199,203) size 81x22
          chunk 1 text run 1 at (4200.00,220.00) startOffset 0 endOffset 11 width 80.00: "just a text"
      LayoutSVGText {text} at (4299,203) size 81x22 contains 1 chunk(s)
        LayoutSVGInlineText {#text} at (4299,203) size 81x22
          chunk 1 text run 1 at (4300.00,220.00) startOffset 0 endOffset 11 width 80.00: "just a text"
      LayoutSVGText {text} at (4399,203) size 81x22 contains 1 chunk(s)
        LayoutSVGInlineText {#text} at (4399,203) size 81x22
          chunk 1 text run 1 at (4400.00,220.00) startOffset 0 endOffset 11 width 80.00: "just a text"
      LayoutSVGText {text} at (4499,203) size 81x22 contains 1 chunk(s)
        LayoutSVGInlineText {#text} at (4499,203) size 81x22
          chunk 1 text run 1 at (4500.00,220.00) startOffset 0 endOffset 11 width 80.00: "just a text"
      LayoutSVGText {text} at (4599,203) size 81x22 contains 1 chunk(s)
        LayoutSVGInlineText {#text} at (4599,203) size 81x22
          chunk 1 text run 1 at (4600.00,220.00) startOffset 0 endOffset 11 width 80.00: "just a text"
      LayoutSVGText {text} at (4699,203) size 81x22 contains 1 chunk(s)
        LayoutSVGInlineText {#text} at (4699,203) size 81x22
          chunk 1 text run 1 at (4700.00,220.00) startOffset 0 endOffset 11 width 80.00: "just a text"
      LayoutSVGText {text} at (4799,203) size 81x22 contains 1 chunk(s)
        LayoutSVGInlineText {#text} at (4799,203) size 81x22
          chunk 1 text run 1 at (4800.00,220.00) startOffset 0 endOffset 11 width 80.00: "just a text"
      LayoutSVGText {text} at (4899,203) size 81x22 contains 1 chunk(s)
        LayoutSVGInlineText {#text} at (4899,203) size 81x22
          chunk 1 text run 1 at (4900.00,220.00) startOffset 0 endOffset 11 width 80.00: "just a text"
      LayoutSVGText {text} at (-1,303) size 81x22 contains 1 chunk(s)
        LayoutSVGInlineText {#text} at (-1,303) size 81x22
          chunk 1 text run 1 at (0.00,320.00) startOffset 0 endOffset 11 width 80.00: "just a text"
      LayoutSVGText {text} at (99,303) size 81x22 contains 1 chunk(s)
        LayoutSVGInlineText {#text} at (99,303) size 81x22
          chunk 1 text run 1 at (100.00,320.00) startOffset 0 endOffset 11 width 80.00: "just a text"
      LayoutSVGText {text} at (199,303) size 81x22 contains 1 chunk(s)
        LayoutSVGInlineText {#text} at (199,303) size 81x22
          chunk 1 text run 1 at (200.00,320.00) startOffset 0 endOffset 11 width 80.00: "just a text"
      LayoutSVGText {text} at (299,303) size 81x22 contains 1 chunk(s)
        LayoutSVGInlineText {#text} at (299,303) size 81x22
          chunk 1 text run 1 at (300.00,320.00) startOffset 0 endOffset 11 width 80.00: "just a text"
      LayoutSVGText {text} at (399,303) size 81x22 contains 1 chunk(s)
        LayoutSVGInlineText {#text} at (399,303) size 81x22
          chunk 1 text run 1 at (400.00,320.00) startOffset 0 endOffset 11 width 80.00: "just a text"
      LayoutSVGText {text} at (499,303) size 81x22 contains 1 chunk(s)
        LayoutSVGInlineText {#text} at (499,303) size 81x22
          chunk 1 text run 1 at (500.00,320.00) startOffset 0 endOffset 11 width 80.00: "just a text"
      LayoutSVGText {text} at (599,303) size 81x22 contains 1 chunk(s)
        LayoutSVGInlineText {#text} at (599,303) size 81x22
          chunk 1 text run 1 at (600.00,320.00) startOffset 0 endOffset 11 width 80.00: "just a text"
      LayoutSVGText {text} at (699,303) size 81x22 contains 1 chunk(s)
        LayoutSVGInlineText {#text} at (699,303) size 81x22
          chunk 1 text run 1 at (700.00,320.00) startOffset 0 endOffset 11 width 80.00: "just a text"
      LayoutSVGText {text} at (799,303) size 81x22 contains 1 chunk(s)
        LayoutSVGInlineText {#text} at (799,303) size 81x22
          chunk 1 text run 1 at (800.00,320.00) startOffset 0 endOffset 11 width 80.00: "just a text"
      LayoutSVGText {text} at (899,303) size 81x22 contains 1 chunk(s)
        LayoutSVGInlineText {#text} at (899,303) size 81x22
          chunk 1 text run 1 at (900.00,320.00) startOffset 0 endOffset 11 width 80.00: "just a text"
      LayoutSVGText {text} at (999,303) size 81x22 contains 1 chunk(s)
        LayoutSVGInlineText {#text} at (999,303) size 81x22
          chunk 1 text run 1 at (1000.00,320.00) startOffset 0 endOffset 11 width 80.00: "just a text"
      LayoutSVGText {text} at (1099,303) size 81x22 contains 1 chunk(s)
        LayoutSVGInlineText {#text} at (1099,303) size 81x22
          chunk 1 text run 1 at (1100.00,320.00) startOffset 0 endOffset 11 width 80.00: "just a text"
      LayoutSVGText {text} at (1199,303) size 81x22 contains 1 chunk(s)
        LayoutSVGInlineText {#text} at (1199,303) size 81x22
          chunk 1 text run 1 at (1200.00,320.00) startOffset 0 endOffset 11 width 80.00: "just a text"
      LayoutSVGText {text} at (1299,303) size 81x22 contains 1 chunk(s)
        LayoutSVGInlineText {#text} at (1299,303) size 81x22
          chunk 1 text run 1 at (1300.00,320.00) startOffset 0 endOffset 11 width 80.00: "just a text"
      LayoutSVGText {text} at (1399,303) size 81x22 contains 1 chunk(s)
        LayoutSVGInlineText {#text} at (1399,303) size 81x22
          chunk 1 text run 1 at (1400.00,320.00) startOffset 0 endOffset 11 width 80.00: "just a text"
      LayoutSVGText {text} at (1499,303) size 81x22 contains 1 chunk(s)
        LayoutSVGInlineText {#text} at (1499,303) size 81x22
          chunk 1 text run 1 at (1500.00,320.00) startOffset 0 endOffset 11 width 80.00: "just a text"
      LayoutSVGText {text} at (1599,303) size 81x22 contains 1 chunk(s)
        LayoutSVGInlineText {#text} at (1599,303) size 81x22
          chunk 1 text run 1 at (1600.00,320.00) startOffset 0 endOffset 11 width 80.00: "just a text"
      LayoutSVGText {text} at (1699,303) size 81x22 contains 1 chunk(s)
        LayoutSVGInlineText {#text} at (1699,303) size 81x22
          chunk 1 text run 1 at (1700.00,320.00) startOffset 0 endOffset 11 width 80.00: "just a text"
      LayoutSVGText {text} at (1799,303) size 81x22 contains 1 chunk(s)
        LayoutSVGInlineText {#text} at (1799,303) size 81x22
          chunk 1 text run 1 at (1800.00,320.00) startOffset 0 endOffset 11 width 80.00: "just a text"
      LayoutSVGText {text} at (1899,303) size 81x22 contains 1 chunk(s)
        LayoutSVGInlineText {#text} at (1899,303) size 81x22
          chunk 1 text run 1 at (1900.00,320.00) startOffset 0 endOffset 11 width 80.00: "just a text"
      LayoutSVGText {text} at (1999,303) size 81x22 contains 1 chunk(s)
        LayoutSVGInlineText {#text} at (1999,303) size 81x22
          chunk 1 text run 1 at (2000.00,320.00) startOffset 0 endOffset 11 width 80.00: "just a text"
      LayoutSVGText {text} at (2099,303) size 81x22 contains 1 chunk(s)
        LayoutSVGInlineText {#text} at (2099,303) size 81x22
          chunk 1 text run 1 at (2100.00,320.00) startOffset 0 endOffset 11 width 80.00: "just a text"
      LayoutSVGText {text} at (2199,303) size 81x22 contains 1 chunk(s)
        LayoutSVGInlineText {#text} at (2199,303) size 81x22
          chunk 1 text run 1 at (2200.00,320.00) startOffset 0 endOffset 11 width 80.00: "just a text"
      LayoutSVGText {text} at (2299,303) size 81x22 contains 1 chunk(s)
        LayoutSVGInlineText {#text} at (2299,303) size 81x22
          chunk 1 text run 1 at (2300.00,320.00) startOffset 0 endOffset 11 width 80.00: "just a text"
      LayoutSVGText {text} at (2399,303) size 81x22 contains 1 chunk(s)
        LayoutSVGInlineText {#text} at (2399,303) size 81x22
          chunk 1 text run 1 at (2400.00,320.00) startOffset 0 endOffset 11 width 80.00: "just a text"
      LayoutSVGText {text} at (2499,303) size 81x22 contains 1 chunk(s)
        LayoutSVGInlineText {#text} at (2499,303) size 81x22
          chunk 1 text run 1 at (2500.00,320.00) startOffset 0 endOffset 11 width 80.00: "just a text"
      LayoutSVGText {text} at (2599,303) size 81x22 contains 1 chunk(s)
        LayoutSVGInlineText {#text} at (2599,303) size 81x22
          chunk 1 text run 1 at (2600.00,320.00) startOffset 0 endOffset 11 width 80.00: "just a text"
      LayoutSVGText {text} at (2699,303) size 81x22 contains 1 chunk(s)
        LayoutSVGInlineText {#text} at (2699,303) size 81x22
          chunk 1 text run 1 at (2700.00,320.00) startOffset 0 endOffset 11 width 80.00: "just a text"
      LayoutSVGText {text} at (2799,303) size 81x22 contains 1 chunk(s)
        LayoutSVGInlineText {#text} at (2799,303) size 81x22
          chunk 1 text run 1 at (2800.00,320.00) startOffset 0 endOffset 11 width 80.00: "just a text"
      LayoutSVGText {text} at (2899,303) size 81x22 contains 1 chunk(s)
        LayoutSVGInlineText {#text} at (2899,303) size 81x22
          chunk 1 text run 1 at (2900.00,320.00) startOffset 0 endOffset 11 width 80.00: "just a text"
      LayoutSVGText {text} at (2999,303) size 81x22 contains 1 chunk(s)
        LayoutSVGInlineText {#text} at (2999,303) size 81x22
          chunk 1 text run 1 at (3000.00,320.00) startOffset 0 endOffset 11 width 80.00: "just a text"
      LayoutSVGText {text} at (3099,303) size 81x22 contains 1 chunk(s)
        LayoutSVGInlineText {#text} at (3099,303) size 81x22
          chunk 1 text run 1 at (3100.00,320.00) startOffset 0 endOffset 11 width 80.00: "just a text"
      LayoutSVGText {text} at (3199,303) size 81x22 contains 1 chunk(s)
        LayoutSVGInlineText {#text} at (3199,303) size 81x22
          chunk 1 text run 1 at (3200.00,320.00) startOffset 0 endOffset 11 width 80.00: "just a text"
      LayoutSVGText {text} at (3299,303) size 81x22 contains 1 chunk(s)
        LayoutSVGInlineText {#text} at (3299,303) size 81x22
          chunk 1 text run 1 at (3300.00,320.00) startOffset 0 endOffset 11 width 80.00: "just a text"
      LayoutSVGText {text} at (3399,303) size 81x22 contains 1 chunk(s)
        LayoutSVGInlineText {#text} at (3399,303) size 81x22
          chunk 1 text run 1 at (3400.00,320.00) startOffset 0 endOffset 11 width 80.00: "just a text"
      LayoutSVGText {text} at (3499,303) size 81x22 contains 1 chunk(s)
        LayoutSVGInlineText {#text} at (3499,303) size 81x22
          chunk 1 text run 1 at (3500.00,320.00) startOffset 0 endOffset 11 width 80.00: "just a text"
      LayoutSVGText {text} at (3599,303) size 81x22 contains 1 chunk(s)
        LayoutSVGInlineText {#text} at (3599,303) size 81x22
          chunk 1 text run 1 at (3600.00,320.00) startOffset 0 endOffset 11 width 80.00: "just a text"
      LayoutSVGText {text} at (3699,303) size 81x22 contains 1 chunk(s)
        LayoutSVGInlineText {#text} at (3699,303) size 81x22
          chunk 1 text run 1 at (3700.00,320.00) startOffset 0 endOffset 11 width 80.00: "just a text"
      LayoutSVGText {text} at (3799,303) size 81x22 contains 1 chunk(s)
        LayoutSVGInlineText {#text} at (3799,303) size 81x22
          chunk 1 text run 1 at (3800.00,320.00) startOffset 0 endOffset 11 width 80.00: "just a text"
      LayoutSVGText {text} at (3899,303) size 81x22 contains 1 chunk(s)
        LayoutSVGInlineText {#text} at (3899,303) size 81x22
          chunk 1 text run 1 at (3900.00,320.00) startOffset 0 endOffset 11 width 80.00: "just a text"
      LayoutSVGText {text} at (3999,303) size 81x22 contains 1 chunk(s)
        LayoutSVGInlineText {#text} at (3999,303) size 81x22
          chunk 1 text run 1 at (4000.00,320.00) startOffset 0 endOffset 11 width 80.00: "just a text"
      LayoutSVGText {text} at (4099,303) size 81x22 contains 1 chunk(s)
        LayoutSVGInlineText {#text} at (4099,303) size 81x22
          chunk 1 text run 1 at (4100.00,320.00) startOffset 0 endOffset 11 width 80.00: "just a text"
      LayoutSVGText {text} at (4199,303) size 81x22 contains 1 chunk(s)
        LayoutSVGInlineText {#text} at (4199,303) size 81x22
          chunk 1 text run 1 at (4200.00,320.00) startOffset 0 endOffset 11 width 80.00: "just a text"
      LayoutSVGText {text} at (4299,303) size 81x22 contains 1 chunk(s)
        LayoutSVGInlineText {#text} at (4299,303) size 81x22
          chunk 1 text run 1 at (4300.00,320.00) startOffset 0 endOffset 11 width 80.00: "just a text"
      LayoutSVGText {text} at (4399,303) size 81x22 contains 1 chunk(s)
        LayoutSVGInlineText {#text} at (4399,303) size 81x22
          chunk 1 text run 1 at (4400.00,320.00) startOffset 0 endOffset 11 width 80.00: "just a text"
      LayoutSVGText {text} at (4499,303) size 81x22 contains 1 chunk(s)
        LayoutSVGInlineText {#text} at (4499,303) size 81x22
          chunk 1 text run 1 at (4500.00,320.00) startOffset 0 endOffset 11 width 80.00: "just a text"
      LayoutSVGText {text} at (4599,303) size 81x22 contains 1 chunk(s)
        LayoutSVGInlineText {#text} at (4599,303) size 81x22
          chunk 1 text run 1 at (4600.00,320.00) startOffset 0 endOffset 11 width 80.00: "just a text"
      LayoutSVGText {text} at (4699,303) size 81x22 contains 1 chunk(s)
        LayoutSVGInlineText {#text} at (4699,303) size 81x22
          chunk 1 text run 1 at (4700.00,320.00) startOffset 0 endOffset 11 width 80.00: "just a text"
      LayoutSVGText {text} at (4799,303) size 81x22 contains 1 chunk(s)
        LayoutSVGInlineText {#text} at (4799,303) size 81x22
          chunk 1 text run 1 at (4800.00,320.00) startOffset 0 endOffset 11 width 80.00: "just a text"
      LayoutSVGText {text} at (4899,303) size 81x22 contains 1 chunk(s)
        LayoutSVGInlineText {#text} at (4899,303) size 81x22
          chunk 1 text run 1 at (4900.00,320.00) startOffset 0 endOffset 11 width 80.00: "just a text"
      LayoutSVGText {text} at (-1,403) size 81x22 contains 1 chunk(s)
        LayoutSVGInlineText {#text} at (-1,403) size 81x22
          chunk 1 text run 1 at (0.00,420.00) startOffset 0 endOffset 11 width 80.00: "just a text"
      LayoutSVGText {text} at (99,403) size 81x22 contains 1 chunk(s)
        LayoutSVGInlineText {#text} at (99,403) size 81x22
          chunk 1 text run 1 at (100.00,420.00) startOffset 0 endOffset 11 width 80.00: "just a text"
      LayoutSVGText {text} at (199,403) size 81x22 contains 1 chunk(s)
        LayoutSVGInlineText {#text} at (199,403) size 81x22
          chunk 1 text run 1 at (200.00,420.00) startOffset 0 endOffset 11 width 80.00: "just a text"
      LayoutSVGText {text} at (299,403) size 81x22 contains 1 chunk(s)
        LayoutSVGInlineText {#text} at (299,403) size 81x22
          chunk 1 text run 1 at (300.00,420.00) startOffset 0 endOffset 11 width 80.00: "just a text"
      LayoutSVGText {text} at (399,403) size 81x22 contains 1 chunk(s)
        LayoutSVGInlineText {#text} at (399,403) size 81x22
          chunk 1 text run 1 at (400.00,420.00) startOffset 0 endOffset 11 width 80.00: "just a text"
      LayoutSVGText {text} at (499,403) size 81x22 contains 1 chunk(s)
        LayoutSVGInlineText {#text} at (499,403) size 81x22
          chunk 1 text run 1 at (500.00,420.00) startOffset 0 endOffset 11 width 80.00: "just a text"
      LayoutSVGText {text} at (599,403) size 81x22 contains 1 chunk(s)
        LayoutSVGInlineText {#text} at (599,403) size 81x22
          chunk 1 text run 1 at (600.00,420.00) startOffset 0 endOffset 11 width 80.00: "just a text"
      LayoutSVGText {text} at (699,403) size 81x22 contains 1 chunk(s)
        LayoutSVGInlineText {#text} at (699,403) size 81x22
          chunk 1 text run 1 at (700.00,420.00) startOffset 0 endOffset 11 width 80.00: "just a text"
      LayoutSVGText {text} at (799,403) size 81x22 contains 1 chunk(s)
        LayoutSVGInlineText {#text} at (799,403) size 81x22
          chunk 1 text run 1 at (800.00,420.00) startOffset 0 endOffset 11 width 80.00: "just a text"
      LayoutSVGText {text} at (899,403) size 81x22 contains 1 chunk(s)
        LayoutSVGInlineText {#text} at (899,403) size 81x22
          chunk 1 text run 1 at (900.00,420.00) startOffset 0 endOffset 11 width 80.00: "just a text"
      LayoutSVGText {text} at (999,403) size 81x22 contains 1 chunk(s)
        LayoutSVGInlineText {#text} at (999,403) size 81x22
          chunk 1 text run 1 at (1000.00,420.00) startOffset 0 endOffset 11 width 80.00: "just a text"
      LayoutSVGText {text} at (1099,403) size 81x22 contains 1 chunk(s)
        LayoutSVGInlineText {#text} at (1099,403) size 81x22
          chunk 1 text run 1 at (1100.00,420.00) startOffset 0 endOffset 11 width 80.00: "just a text"
      LayoutSVGText {text} at (1199,403) size 81x22 contains 1 chunk(s)
        LayoutSVGInlineText {#text} at (1199,403) size 81x22
          chunk 1 text run 1 at (1200.00,420.00) startOffset 0 endOffset 11 width 80.00: "just a text"
      LayoutSVGText {text} at (1299,403) size 81x22 contains 1 chunk(s)
        LayoutSVGInlineText {#text} at (1299,403) size 81x22
          chunk 1 text run 1 at (1300.00,420.00) startOffset 0 endOffset 11 width 80.00: "just a text"
      LayoutSVGText {text} at (1399,403) size 81x22 contains 1 chunk(s)
        LayoutSVGInlineText {#text} at (1399,403) size 81x22
          chunk 1 text run 1 at (1400.00,420.00) startOffset 0 endOffset 11 width 80.00: "just a text"
      LayoutSVGText {text} at (1499,403) size 81x22 contains 1 chunk(s)
        LayoutSVGInlineText {#text} at (1499,403) size 81x22
          chunk 1 text run 1 at (1500.00,420.00) startOffset 0 endOffset 11 width 80.00: "just a text"
      LayoutSVGText {text} at (1599,403) size 81x22 contains 1 chunk(s)
        LayoutSVGInlineText {#text} at (1599,403) size 81x22
          chunk 1 text run 1 at (1600.00,420.00) startOffset 0 endOffset 11 width 80.00: "just a text"
      LayoutSVGText {text} at (1699,403) size 81x22 contains 1 chunk(s)
        LayoutSVGInlineText {#text} at (1699,403) size 81x22
          chunk 1 text run 1 at (1700.00,420.00) startOffset 0 endOffset 11 width 80.00: "just a text"
      LayoutSVGText {text} at (1799,403) size 81x22 contains 1 chunk(s)
        LayoutSVGInlineText {#text} at (1799,403) size 81x22
          chunk 1 text run 1 at (1800.00,420.00) startOffset 0 endOffset 11 width 80.00: "just a text"
      LayoutSVGText {text} at (1899,403) size 81x22 contains 1 chunk(s)
        LayoutSVGInlineText {#text} at (1899,403) size 81x22
          chunk 1 text run 1 at (1900.00,420.00) startOffset 0 endOffset 11 width 80.00: "just a text"
      LayoutSVGText {text} at (1999,403) size 81x22 contains 1 chunk(s)
        LayoutSVGInlineText {#text} at (1999,403) size 81x22
          chunk 1 text run 1 at (2000.00,420.00) startOffset 0 endOffset 11 width 80.00: "just a text"
      LayoutSVGText {text} at (2099,403) size 81x22 contains 1 chunk(s)
        LayoutSVGInlineText {#text} at (2099,403) size 81x22
          chunk 1 text run 1 at (2100.00,420.00) startOffset 0 endOffset 11 width 80.00: "just a text"
      LayoutSVGText {text} at (2199,403) size 81x22 contains 1 chunk(s)
        LayoutSVGInlineText {#text} at (2199,403) size 81x22
          chunk 1 text run 1 at (2200.00,420.00) startOffset 0 endOffset 11 width 80.00: "just a text"
      LayoutSVGText {text} at (2299,403) size 81x22 contains 1 chunk(s)
        LayoutSVGInlineText {#text} at (2299,403) size 81x22
          chunk 1 text run 1 at (2300.00,420.00) startOffset 0 endOffset 11 width 80.00: "just a text"
      LayoutSVGText {text} at (2399,403) size 81x22 contains 1 chunk(s)
        LayoutSVGInlineText {#text} at (2399,403) size 81x22
          chunk 1 text run 1 at (2400.00,420.00) startOffset 0 endOffset 11 width 80.00: "just a text"
      LayoutSVGText {text} at (2499,403) size 81x22 contains 1 chunk(s)
        LayoutSVGInlineText {#text} at (2499,403) size 81x22
          chunk 1 text run 1 at (2500.00,420.00) startOffset 0 endOffset 11 width 80.00: "just a text"
      LayoutSVGText {text} at (2599,403) size 81x22 contains 1 chunk(s)
        LayoutSVGInlineText {#text} at (2599,403) size 81x22
          chunk 1 text run 1 at (2600.00,420.00) startOffset 0 endOffset 11 width 80.00: "just a text"
      LayoutSVGText {text} at (2699,403) size 81x22 contains 1 chunk(s)
        LayoutSVGInlineText {#text} at (2699,403) size 81x22
          chunk 1 text run 1 at (2700.00,420.00) startOffset 0 endOffset 11 width 80.00: "just a text"
      LayoutSVGText {text} at (2799,403) size 81x22 contains 1 chunk(s)
        LayoutSVGInlineText {#text} at (2799,403) size 81x22
          chunk 1 text run 1 at (2800.00,420.00) startOffset 0 endOffset 11 width 80.00: "just a text"
      LayoutSVGText {text} at (2899,403) size 81x22 contains 1 chunk(s)
        LayoutSVGInlineText {#text} at (2899,403) size 81x22
          chunk 1 text run 1 at (2900.00,420.00) startOffset 0 endOffset 11 width 80.00: "just a text"
      LayoutSVGText {text} at (2999,403) size 81x22 contains 1 chunk(s)
        LayoutSVGInlineText {#text} at (2999,403) size 81x22
          chunk 1 text run 1 at (3000.00,420.00) startOffset 0 endOffset 11 width 80.00: "just a text"
      LayoutSVGText {text} at (3099,403) size 81x22 contains 1 chunk(s)
        LayoutSVGInlineText {#text} at (3099,403) size 81x22
          chunk 1 text run 1 at (3100.00,420.00) startOffset 0 endOffset 11 width 80.00: "just a text"
      LayoutSVGText {text} at (3199,403) size 81x22 contains 1 chunk(s)
        LayoutSVGInlineText {#text} at (3199,403) size 81x22
          chunk 1 text run 1 at (3200.00,420.00) startOffset 0 endOffset 11 width 80.00: "just a text"
      LayoutSVGText {text} at (3299,403) size 81x22 contains 1 chunk(s)
        LayoutSVGInlineText {#text} at (3299,403) size 81x22
          chunk 1 text run 1 at (3300.00,420.00) startOffset 0 endOffset 11 width 80.00: "just a text"
      LayoutSVGText {text} at (3399,403) size 81x22 contains 1 chunk(s)
        LayoutSVGInlineText {#text} at (3399,403) size 81x22
          chunk 1 text run 1 at (3400.00,420.00) startOffset 0 endOffset 11 width 80.00: "just a text"
      LayoutSVGText {text} at (3499,403) size 81x22 contains 1 chunk(s)
        LayoutSVGInlineText {#text} at (3499,403) size 81x22
          chunk 1 text run 1 at (3500.00,420.00) startOffset 0 endOffset 11 width 80.00: "just a text"
      LayoutSVGText {text} at (3599,403) size 81x22 contains 1 chunk(s)
        LayoutSVGInlineText {#text} at (3599,403) size 81x22
          chunk 1 text run 1 at (3600.00,420.00) startOffset 0 endOffset 11 width 80.00: "just a text"
      LayoutSVGText {text} at (3699,403) size 81x22 contains 1 chunk(s)
        LayoutSVGInlineText {#text} at (3699,403) size 81x22
          chunk 1 text run 1 at (3700.00,420.00) startOffset 0 endOffset 11 width 80.00: "just a text"
      LayoutSVGText {text} at (3799,403) size 81x22 contains 1 chunk(s)
        LayoutSVGInlineText {#text} at (3799,403) size 81x22
          chunk 1 text run 1 at (3800.00,420.00) startOffset 0 endOffset 11 width 80.00: "just a text"
      LayoutSVGText {text} at (3899,403) size 81x22 contains 1 chunk(s)
        LayoutSVGInlineText {#text} at (3899,403) size 81x22
          chunk 1 text run 1 at (3900.00,420.00) startOffset 0 endOffset 11 width 80.00: "just a text"
      LayoutSVGText {text} at (3999,403) size 81x22 contains 1 chunk(s)
        LayoutSVGInlineText {#text} at (3999,403) size 81x22
          chunk 1 text run 1 at (4000.00,420.00) startOffset 0 endOffset 11 width 80.00: "just a text"
      LayoutSVGText {text} at (4099,403) size 81x22 contains 1 chunk(s)
        LayoutSVGInlineText {#text} at (4099,403) size 81x22
          chunk 1 text run 1 at (4100.00,420.00) startOffset 0 endOffset 11 width 80.00: "just a text"
      LayoutSVGText {text} at (4199,403) size 81x22 contains 1 chunk(s)
        LayoutSVGInlineText {#text} at (4199,403) size 81x22
          chunk 1 text run 1 at (4200.00,420.00) startOffset 0 endOffset 11 width 80.00: "just a text"
      LayoutSVGText {text} at (4299,403) size 81x22 contains 1 chunk(s)
        LayoutSVGInlineText {#text} at (4299,403) size 81x22
          chunk 1 text run 1 at (4300.00,420.00) startOffset 0 endOffset 11 width 80.00: "just a text"
      LayoutSVGText {text} at (4399,403) size 81x22 contains 1 chunk(s)
        LayoutSVGInlineText {#text} at (4399,403) size 81x22
          chunk 1 text run 1 at (4400.00,420.00) startOffset 0 endOffset 11 width 80.00: "just a text"
      LayoutSVGText {text} at (4499,403) size 81x22 contains 1 chunk(s)
        LayoutSVGInlineText {#text} at (4499,403) size 81x22
          chunk 1 text run 1 at (4500.00,420.00) startOffset 0 endOffset 11 width 80.00: "just a text"
      LayoutSVGText {text} at (4599,403) size 81x22 contains 1 chunk(s)
        LayoutSVGInlineText {#text} at (4599,403) size 81x22
          chunk 1 text run 1 at (4600.00,420.00) startOffset 0 endOffset 11 width 80.00: "just a text"
      LayoutSVGText {text} at (4699,403) size 81x22 contains 1 chunk(s)
        LayoutSVGInlineText {#text} at (4699,403) size 81x22
          chunk 1 text run 1 at (4700.00,420.00) startOffset 0 endOffset 11 width 80.00: "just a text"
      LayoutSVGText {text} at (4799,403) size 81x22 contains 1 chunk(s)
        LayoutSVGInlineText {#text} at (4799,403) size 81x22
          chunk 1 text run 1 at (4800.00,420.00) startOffset 0 endOffset 11 width 80.00: "just a text"
      LayoutSVGText {text} at (4899,403) size 81x22 contains 1 chunk(s)
        LayoutSVGInlineText {#text} at (4899,403) size 81x22
          chunk 1 text run 1 at (4900.00,420.00) startOffset 0 endOffset 11 width 80.00: "just a text"
      LayoutSVGText {text} at (-1,503) size 81x22 contains 1 chunk(s)
        LayoutSVGInlineText {#text} at (-1,503) size 81x22
          chunk 1 text run 1 at (0.00,520.00) startOffset 0 endOffset 11 width 80.00: "just a text"
      LayoutSVGText {text} at (99,503) size 81x22 contains 1 chunk(s)
        LayoutSVGInlineText {#text} at (99,503) size 81x22
          chunk 1 text run 1 at (100.00,520.00) startOffset 0 endOffset 11 width 80.00: "just a text"
      LayoutSVGText {text} at (199,503) size 81x22 contains 1 chunk(s)
        LayoutSVGInlineText {#text} at (199,503) size 81x22
          chunk 1 text run 1 at (200.00,520.00) startOffset 0 endOffset 11 width 80.00: "just a text"
      LayoutSVGText {text} at (299,503) size 81x22 contains 1 chunk(s)
        LayoutSVGInlineText {#text} at (299,503) size 81x22
          chunk 1 text run 1 at (300.00,520.00) startOffset 0 endOffset 11 width 80.00: "just a text"
      LayoutSVGText {text} at (399,503) size 81x22 contains 1 chunk(s)
        LayoutSVGInlineText {#text} at (399,503) size 81x22
          chunk 1 text run 1 at (400.00,520.00) startOffset 0 endOffset 11 width 80.00: "just a text"
      LayoutSVGText {text} at (499,503) size 81x22 contains 1 chunk(s)
        LayoutSVGInlineText {#text} at (499,503) size 81x22
          chunk 1 text run 1 at (500.00,520.00) startOffset 0 endOffset 11 width 80.00: "just a text"
      LayoutSVGText {text} at (599,503) size 81x22 contains 1 chunk(s)
        LayoutSVGInlineText {#text} at (599,503) size 81x22
          chunk 1 text run 1 at (600.00,520.00) startOffset 0 endOffset 11 width 80.00: "just a text"
      LayoutSVGText {text} at (699,503) size 81x22 contains 1 chunk(s)
        LayoutSVGInlineText {#text} at (699,503) size 81x22
          chunk 1 text run 1 at (700.00,520.00) startOffset 0 endOffset 11 width 80.00: "just a text"
      LayoutSVGText {text} at (799,503) size 81x22 contains 1 chunk(s)
        LayoutSVGInlineText {#text} at (799,503) size 81x22
          chunk 1 text run 1 at (800.00,520.00) startOffset 0 endOffset 11 width 80.00: "just a text"
      LayoutSVGText {text} at (899,503) size 81x22 contains 1 chunk(s)
        LayoutSVGInlineText {#text} at (899,503) size 81x22
          chunk 1 text run 1 at (900.00,520.00) startOffset 0 endOffset 11 width 80.00: "just a text"
      LayoutSVGText {text} at (999,503) size 81x22 contains 1 chunk(s)
        LayoutSVGInlineText {#text} at (999,503) size 81x22
          chunk 1 text run 1 at (1000.00,520.00) startOffset 0 endOffset 11 width 80.00: "just a text"
      LayoutSVGText {text} at (1099,503) size 81x22 contains 1 chunk(s)
        LayoutSVGInlineText {#text} at (1099,503) size 81x22
          chunk 1 text run 1 at (1100.00,520.00) startOffset 0 endOffset 11 width 80.00: "just a text"
      LayoutSVGText {text} at (1199,503) size 81x22 contains 1 chunk(s)
        LayoutSVGInlineText {#text} at (1199,503) size 81x22
          chunk 1 text run 1 at (1200.00,520.00) startOffset 0 endOffset 11 width 80.00: "just a text"
      LayoutSVGText {text} at (1299,503) size 81x22 contains 1 chunk(s)
        LayoutSVGInlineText {#text} at (1299,503) size 81x22
          chunk 1 text run 1 at (1300.00,520.00) startOffset 0 endOffset 11 width 80.00: "just a text"
      LayoutSVGText {text} at (1399,503) size 81x22 contains 1 chunk(s)
        LayoutSVGInlineText {#text} at (1399,503) size 81x22
          chunk 1 text run 1 at (1400.00,520.00) startOffset 0 endOffset 11 width 80.00: "just a text"
      LayoutSVGText {text} at (1499,503) size 81x22 contains 1 chunk(s)
        LayoutSVGInlineText {#text} at (1499,503) size 81x22
          chunk 1 text run 1 at (1500.00,520.00) startOffset 0 endOffset 11 width 80.00: "just a text"
      LayoutSVGText {text} at (1599,503) size 81x22 contains 1 chunk(s)
        LayoutSVGInlineText {#text} at (1599,503) size 81x22
          chunk 1 text run 1 at (1600.00,520.00) startOffset 0 endOffset 11 width 80.00: "just a text"
      LayoutSVGText {text} at (1699,503) size 81x22 contains 1 chunk(s)
        LayoutSVGInlineText {#text} at (1699,503) size 81x22
          chunk 1 text run 1 at (1700.00,520.00) startOffset 0 endOffset 11 width 80.00: "just a text"
      LayoutSVGText {text} at (1799,503) size 81x22 contains 1 chunk(s)
        LayoutSVGInlineText {#text} at (1799,503) size 81x22
          chunk 1 text run 1 at (1800.00,520.00) startOffset 0 endOffset 11 width 80.00: "just a text"
      LayoutSVGText {text} at (1899,503) size 81x22 contains 1 chunk(s)
        LayoutSVGInlineText {#text} at (1899,503) size 81x22
          chunk 1 text run 1 at (1900.00,520.00) startOffset 0 endOffset 11 width 80.00: "just a text"
      LayoutSVGText {text} at (1999,503) size 81x22 contains 1 chunk(s)
        LayoutSVGInlineText {#text} at (1999,503) size 81x22
          chunk 1 text run 1 at (2000.00,520.00) startOffset 0 endOffset 11 width 80.00: "just a text"
      LayoutSVGText {text} at (2099,503) size 81x22 contains 1 chunk(s)
        LayoutSVGInlineText {#text} at (2099,503) size 81x22
          chunk 1 text run 1 at (2100.00,520.00) startOffset 0 endOffset 11 width 80.00: "just a text"
      LayoutSVGText {text} at (2199,503) size 81x22 contains 1 chunk(s)
        LayoutSVGInlineText {#text} at (2199,503) size 81x22
          chunk 1 text run 1 at (2200.00,520.00) startOffset 0 endOffset 11 width 80.00: "just a text"
      LayoutSVGText {text} at (2299,503) size 81x22 contains 1 chunk(s)
        LayoutSVGInlineText {#text} at (2299,503) size 81x22
          chunk 1 text run 1 at (2300.00,520.00) startOffset 0 endOffset 11 width 80.00: "just a text"
      LayoutSVGText {text} at (2399,503) size 81x22 contains 1 chunk(s)
        LayoutSVGInlineText {#text} at (2399,503) size 81x22
          chunk 1 text run 1 at (2400.00,520.00) startOffset 0 endOffset 11 width 80.00: "just a text"
      LayoutSVGText {text} at (2499,503) size 81x22 contains 1 chunk(s)
        LayoutSVGInlineText {#text} at (2499,503) size 81x22
          chunk 1 text run 1 at (2500.00,520.00) startOffset 0 endOffset 11 width 80.00: "just a text"
      LayoutSVGText {text} at (2599,503) size 81x22 contains 1 chunk(s)
        LayoutSVGInlineText {#text} at (2599,503) size 81x22
          chunk 1 text run 1 at (2600.00,520.00) startOffset 0 endOffset 11 width 80.00: "just a text"
      LayoutSVGText {text} at (2699,503) size 81x22 contains 1 chunk(s)
        LayoutSVGInlineText {#text} at (2699,503) size 81x22
          chunk 1 text run 1 at (2700.00,520.00) startOffset 0 endOffset 11 width 80.00: "just a text"
      LayoutSVGText {text} at (2799,503) size 81x22 contains 1 chunk(s)
        LayoutSVGInlineText {#text} at (2799,503) size 81x22
          chunk 1 text run 1 at (2800.00,520.00) startOffset 0 endOffset 11 width 80.00: "just a text"
      LayoutSVGText {text} at (2899,503) size 81x22 contains 1 chunk(s)
        LayoutSVGInlineText {#text} at (2899,503) size 81x22
          chunk 1 text run 1 at (2900.00,520.00) startOffset 0 endOffset 11 width 80.00: "just a text"
      LayoutSVGText {text} at (2999,503) size 81x22 contains 1 chunk(s)
        LayoutSVGInlineText {#text} at (2999,503) size 81x22
          chunk 1 text run 1 at (3000.00,520.00) startOffset 0 endOffset 11 width 80.00: "just a text"
      LayoutSVGText {text} at (3099,503) size 81x22 contains 1 chunk(s)
        LayoutSVGInlineText {#text} at (3099,503) size 81x22
          chunk 1 text run 1 at (3100.00,520.00) startOffset 0 endOffset 11 width 80.00: "just a text"
      LayoutSVGText {text} at (3199,503) size 81x22 contains 1 chunk(s)
        LayoutSVGInlineText {#text} at (3199,503) size 81x22
          chunk 1 text run 1 at (3200.00,520.00) startOffset 0 endOffset 11 width 80.00: "just a text"
      LayoutSVGText {text} at (3299,503) size 81x22 contains 1 chunk(s)
        LayoutSVGInlineText {#text} at (3299,503) size 81x22
          chunk 1 text run 1 at (3300.00,520.00) startOffset 0 endOffset 11 width 80.00: "just a text"
      LayoutSVGText {text} at (3399,503) size 81x22 contains 1 chunk(s)
        LayoutSVGInlineText {#text} at (3399,503) size 81x22
          chunk 1 text run 1 at (3400.00,520.00) startOffset 0 endOffset 11 width 80.00: "just a text"
      LayoutSVGText {text} at (3499,503) size 81x22 contains 1 chunk(s)
        LayoutSVGInlineText {#text} at (3499,503) size 81x22
          chunk 1 text run 1 at (3500.00,520.00) startOffset 0 endOffset 11 width 80.00: "just a text"
      LayoutSVGText {text} at (3599,503) size 81x22 contains 1 chunk(s)
        LayoutSVGInlineText {#text} at (3599,503) size 81x22
          chunk 1 text run 1 at (3600.00,520.00) startOffset 0 endOffset 11 width 80.00: "just a text"
      LayoutSVGText {text} at (3699,503) size 81x22 contains 1 chunk(s)
        LayoutSVGInlineText {#text} at (3699,503) size 81x22
          chunk 1 text run 1 at (3700.00,520.00) startOffset 0 endOffset 11 width 80.00: "just a text"
      LayoutSVGText {text} at (3799,503) size 81x22 contains 1 chunk(s)
        LayoutSVGInlineText {#text} at (3799,503) size 81x22
          chunk 1 text run 1 at (3800.00,520.00) startOffset 0 endOffset 11 width 80.00: "just a text"
      LayoutSVGText {text} at (3899,503) size 81x22 contains 1 chunk(s)
        LayoutSVGInlineText {#text} at (3899,503) size 81x22
          chunk 1 text run 1 at (3900.00,520.00) startOffset 0 endOffset 11 width 80.00: "just a text"
      LayoutSVGText {text} at (3999,503) size 81x22 contains 1 chunk(s)
        LayoutSVGInlineText {#text} at (3999,503) size 81x22
          chunk 1 text run 1 at (4000.00,520.00) startOffset 0 endOffset 11 width 80.00: "just a text"
      LayoutSVGText {text} at (4099,503) size 81x22 contains 1 chunk(s)
        LayoutSVGInlineText {#text} at (4099,503) size 81x22
          chunk 1 text run 1 at (4100.00,520.00) startOffset 0 endOffset 11 width 80.00: "just a text"
      LayoutSVGText {text} at (4199,503) size 81x22 contains 1 chunk(s)
        LayoutSVGInlineText {#text} at (4199,503) size 81x22
          chunk 1 text run 1 at (4200.00,520.00) startOffset 0 endOffset 11 width 80.00: "just a text"
      LayoutSVGText {text} at (4299,503) size 81x22 contains 1 chunk(s)
        LayoutSVGInlineText {#text} at (4299,503) size 81x22
          chunk 1 text run 1 at (4300.00,520.00) startOffset 0 endOffset 11 width 80.00: "just a text"
      LayoutSVGText {text} at (4399,503) size 81x22 contains 1 chunk(s)
        LayoutSVGInlineText {#text} at (4399,503) size 81x22
          chunk 1 text run 1 at (4400.00,520.00) startOffset 0 endOffset 11 width 80.00: "just a text"
      LayoutSVGText {text} at (4499,503) size 81x22 contains 1 chunk(s)
        LayoutSVGInlineText {#text} at (4499,503) size 81x22
          chunk 1 text run 1 at (4500.00,520.00) startOffset 0 endOffset 11 width 80.00: "just a text"
      LayoutSVGText {text} at (4599,503) size 81x22 contains 1 chunk(s)
        LayoutSVGInlineText {#text} at (4599,503) size 81x22
          chunk 1 text run 1 at (4600.00,520.00) startOffset 0 endOffset 11 width 80.00: "just a text"
      LayoutSVGText {text} at (4699,503) size 81x22 contains 1 chunk(s)
        LayoutSVGInlineText {#text} at (4699,503) size 81x22
          chunk 1 text run 1 at (4700.00,520.00) startOffset 0 endOffset 11 width 80.00: "just a text"
      LayoutSVGText {text} at (4799,503) size 81x22 contains 1 chunk(s)
        LayoutSVGInlineText {#text} at (4799,503) size 81x22
          chunk 1 text run 1 at (4800.00,520.00) startOffset 0 endOffset 11 width 80.00: "just a text"
      LayoutSVGText {text} at (4899,503) size 81x22 contains 1 chunk(s)
        LayoutSVGInlineText {#text} at (4899,503) size 81x22
          chunk 1 text run 1 at (4900.00,520.00) startOffset 0 endOffset 11 width 80.00: "just a text"
      LayoutSVGText {text} at (-1,603) size 81x22 contains 1 chunk(s)
        LayoutSVGInlineText {#text} at (-1,603) size 81x22
          chunk 1 text run 1 at (0.00,620.00) startOffset 0 endOffset 11 width 80.00: "just a text"
      LayoutSVGText {text} at (99,603) size 81x22 contains 1 chunk(s)
        LayoutSVGInlineText {#text} at (99,603) size 81x22
          chunk 1 text run 1 at (100.00,620.00) startOffset 0 endOffset 11 width 80.00: "just a text"
      LayoutSVGText {text} at (199,603) size 81x22 contains 1 chunk(s)
        LayoutSVGInlineText {#text} at (199,603) size 81x22
          chunk 1 text run 1 at (200.00,620.00) startOffset 0 endOffset 11 width 80.00: "just a text"
      LayoutSVGText {text} at (299,603) size 81x22 contains 1 chunk(s)
        LayoutSVGInlineText {#text} at (299,603) size 81x22
          chunk 1 text run 1 at (300.00,620.00) startOffset 0 endOffset 11 width 80.00: "just a text"
      LayoutSVGText {text} at (399,603) size 81x22 contains 1 chunk(s)
        LayoutSVGInlineText {#text} at (399,603) size 81x22
          chunk 1 text run 1 at (400.00,620.00) startOffset 0 endOffset 11 width 80.00: "just a text"
      LayoutSVGText {text} at (499,603) size 81x22 contains 1 chunk(s)
        LayoutSVGInlineText {#text} at (499,603) size 81x22
          chunk 1 text run 1 at (500.00,620.00) startOffset 0 endOffset 11 width 80.00: "just a text"
      LayoutSVGText {text} at (599,603) size 81x22 contains 1 chunk(s)
        LayoutSVGInlineText {#text} at (599,603) size 81x22
          chunk 1 text run 1 at (600.00,620.00) startOffset 0 endOffset 11 width 80.00: "just a text"
      LayoutSVGText {text} at (699,603) size 81x22 contains 1 chunk(s)
        LayoutSVGInlineText {#text} at (699,603) size 81x22
          chunk 1 text run 1 at (700.00,620.00) startOffset 0 endOffset 11 width 80.00: "just a text"
      LayoutSVGText {text} at (799,603) size 81x22 contains 1 chunk(s)
        LayoutSVGInlineText {#text} at (799,603) size 81x22
          chunk 1 text run 1 at (800.00,620.00) startOffset 0 endOffset 11 width 80.00: "just a text"
      LayoutSVGText {text} at (899,603) size 81x22 contains 1 chunk(s)
        LayoutSVGInlineText {#text} at (899,603) size 81x22
          chunk 1 text run 1 at (900.00,620.00) startOffset 0 endOffset 11 width 80.00: "just a text"
      LayoutSVGText {text} at (999,603) size 81x22 contains 1 chunk(s)
        LayoutSVGInlineText {#text} at (999,603) size 81x22
          chunk 1 text run 1 at (1000.00,620.00) startOffset 0 endOffset 11 width 80.00: "just a text"
      LayoutSVGText {text} at (1099,603) size 81x22 contains 1 chunk(s)
        LayoutSVGInlineText {#text} at (1099,603) size 81x22
          chunk 1 text run 1 at (1100.00,620.00) startOffset 0 endOffset 11 width 80.00: "just a text"
      LayoutSVGText {text} at (1199,603) size 81x22 contains 1 chunk(s)
        LayoutSVGInlineText {#text} at (1199,603) size 81x22
          chunk 1 text run 1 at (1200.00,620.00) startOffset 0 endOffset 11 width 80.00: "just a text"
      LayoutSVGText {text} at (1299,603) size 81x22 contains 1 chunk(s)
        LayoutSVGInlineText {#text} at (1299,603) size 81x22
          chunk 1 text run 1 at (1300.00,620.00) startOffset 0 endOffset 11 width 80.00: "just a text"
      LayoutSVGText {text} at (1399,603) size 81x22 contains 1 chunk(s)
        LayoutSVGInlineText {#text} at (1399,603) size 81x22
          chunk 1 text run 1 at (1400.00,620.00) startOffset 0 endOffset 11 width 80.00: "just a text"
      LayoutSVGText {text} at (1499,603) size 81x22 contains 1 chunk(s)
        LayoutSVGInlineText {#text} at (1499,603) size 81x22
          chunk 1 text run 1 at (1500.00,620.00) startOffset 0 endOffset 11 width 80.00: "just a text"
      LayoutSVGText {text} at (1599,603) size 81x22 contains 1 chunk(s)
        LayoutSVGInlineText {#text} at (1599,603) size 81x22
          chunk 1 text run 1 at (1600.00,620.00) startOffset 0 endOffset 11 width 80.00: "just a text"
      LayoutSVGText {text} at (1699,603) size 81x22 contains 1 chunk(s)
        LayoutSVGInlineText {#text} at (1699,603) size 81x22
          chunk 1 text run 1 at (1700.00,620.00) startOffset 0 endOffset 11 width 80.00: "just a text"
      LayoutSVGText {text} at (1799,603) size 81x22 contains 1 chunk(s)
        LayoutSVGInlineText {#text} at (1799,603) size 81x22
          chunk 1 text run 1 at (1800.00,620.00) startOffset 0 endOffset 11 width 80.00: "just a text"
      LayoutSVGText {text} at (1899,603) size 81x22 contains 1 chunk(s)
        LayoutSVGInlineText {#text} at (1899,603) size 81x22
          chunk 1 text run 1 at (1900.00,620.00) startOffset 0 endOffset 11 width 80.00: "just a text"
      LayoutSVGText {text} at (1999,603) size 81x22 contains 1 chunk(s)
        LayoutSVGInlineText {#text} at (1999,603) size 81x22
          chunk 1 text run 1 at (2000.00,620.00) startOffset 0 endOffset 11 width 80.00: "just a text"
      LayoutSVGText {text} at (2099,603) size 81x22 contains 1 chunk(s)
        LayoutSVGInlineText {#text} at (2099,603) size 81x22
          chunk 1 text run 1 at (2100.00,620.00) startOffset 0 endOffset 11 width 80.00: "just a text"
      LayoutSVGText {text} at (2199,603) size 81x22 contains 1 chunk(s)
        LayoutSVGInlineText {#text} at (2199,603) size 81x22
          chunk 1 text run 1 at (2200.00,620.00) startOffset 0 endOffset 11 width 80.00: "just a text"
      LayoutSVGText {text} at (2299,603) size 81x22 contains 1 chunk(s)
        LayoutSVGInlineText {#text} at (2299,603) size 81x22
          chunk 1 text run 1 at (2300.00,620.00) startOffset 0 endOffset 11 width 80.00: "just a text"
      LayoutSVGText {text} at (2399,603) size 81x22 contains 1 chunk(s)
        LayoutSVGInlineText {#text} at (2399,603) size 81x22
          chunk 1 text run 1 at (2400.00,620.00) startOffset 0 endOffset 11 width 80.00: "just a text"
      LayoutSVGText {text} at (2499,603) size 81x22 contains 1 chunk(s)
        LayoutSVGInlineText {#text} at (2499,603) size 81x22
          chunk 1 text run 1 at (2500.00,620.00) startOffset 0 endOffset 11 width 80.00: "just a text"
      LayoutSVGText {text} at (2599,603) size 81x22 contains 1 chunk(s)
        LayoutSVGInlineText {#text} at (2599,603) size 81x22
          chunk 1 text run 1 at (2600.00,620.00) startOffset 0 endOffset 11 width 80.00: "just a text"
      LayoutSVGText {text} at (2699,603) size 81x22 contains 1 chunk(s)
        LayoutSVGInlineText {#text} at (2699,603) size 81x22
          chunk 1 text run 1 at (2700.00,620.00) startOffset 0 endOffset 11 width 80.00: "just a text"
      LayoutSVGText {text} at (2799,603) size 81x22 contains 1 chunk(s)
        LayoutSVGInlineText {#text} at (2799,603) size 81x22
          chunk 1 text run 1 at (2800.00,620.00) startOffset 0 endOffset 11 width 80.00: "just a text"
      LayoutSVGText {text} at (2899,603) size 81x22 contains 1 chunk(s)
        LayoutSVGInlineText {#text} at (2899,603) size 81x22
          chunk 1 text run 1 at (2900.00,620.00) startOffset 0 endOffset 11 width 80.00: "just a text"
      LayoutSVGText {text} at (2999,603) size 81x22 contains 1 chunk(s)
        LayoutSVGInlineText {#text} at (2999,603) size 81x22
          chunk 1 text run 1 at (3000.00,620.00) startOffset 0 endOffset 11 width 80.00: "just a text"
      LayoutSVGText {text} at (3099,603) size 81x22 contains 1 chunk(s)
        LayoutSVGInlineText {#text} at (3099,603) size 81x22
          chunk 1 text run 1 at (3100.00,620.00) startOffset 0 endOffset 11 width 80.00: "just a text"
      LayoutSVGText {text} at (3199,603) size 81x22 contains 1 chunk(s)
        LayoutSVGInlineText {#text} at (3199,603) size 81x22
          chunk 1 text run 1 at (3200.00,620.00) startOffset 0 endOffset 11 width 80.00: "just a text"
      LayoutSVGText {text} at (3299,603) size 81x22 contains 1 chunk(s)
        LayoutSVGInlineText {#text} at (3299,603) size 81x22
          chunk 1 text run 1 at (3300.00,620.00) startOffset 0 endOffset 11 width 80.00: "just a text"
      LayoutSVGText {text} at (3399,603) size 81x22 contains 1 chunk(s)
        LayoutSVGInlineText {#text} at (3399,603) size 81x22
          chunk 1 text run 1 at (3400.00,620.00) startOffset 0 endOffset 11 width 80.00: "just a text"
      LayoutSVGText {text} at (3499,603) size 81x22 contains 1 chunk(s)
        LayoutSVGInlineText {#text} at (3499,603) size 81x22
          chunk 1 text run 1 at (3500.00,620.00) startOffset 0 endOffset 11 width 80.00: "just a text"
      LayoutSVGText {text} at (3599,603) size 81x22 contains 1 chunk(s)
        LayoutSVGInlineText {#text} at (3599,603) size 81x22
          chunk 1 text run 1 at (3600.00,620.00) startOffset 0 endOffset 11 width 80.00: "just a text"
      LayoutSVGText {text} at (3699,603) size 81x22 contains 1 chunk(s)
        LayoutSVGInlineText {#text} at (3699,603) size 81x22
          chunk 1 text run 1 at (3700.00,620.00) startOffset 0 endOffset 11 width 80.00: "just a text"
      LayoutSVGText {text} at (3799,603) size 81x22 contains 1 chunk(s)
        LayoutSVGInlineText {#text} at (3799,603) size 81x22
          chunk 1 text run 1 at (3800.00,620.00) startOffset 0 endOffset 11 width 80.00: "just a text"
      LayoutSVGText {text} at (3899,603) size 81x22 contains 1 chunk(s)
        LayoutSVGInlineText {#text} at (3899,603) size 81x22
          chunk 1 text run 1 at (3900.00,620.00) startOffset 0 endOffset 11 width 80.00: "just a text"
      LayoutSVGText {text} at (3999,603) size 81x22 contains 1 chunk(s)
        LayoutSVGInlineText {#text} at (3999,603) size 81x22
          chunk 1 text run 1 at (4000.00,620.00) startOffset 0 endOffset 11 width 80.00: "just a text"
      LayoutSVGText {text} at (4099,603) size 81x22 contains 1 chunk(s)
        LayoutSVGInlineText {#text} at (4099,603) size 81x22
          chunk 1 text run 1 at (4100.00,620.00) startOffset 0 endOffset 11 width 80.00: "just a text"
      LayoutSVGText {text} at (4199,603) size 81x22 contains 1 chunk(s)
        LayoutSVGInlineText {#text} at (4199,603) size 81x22
          chunk 1 text run 1 at (4200.00,620.00) startOffset 0 endOffset 11 width 80.00: "just a text"
      LayoutSVGText {text} at (4299,603) size 81x22 contains 1 chunk(s)
        LayoutSVGInlineText {#text} at (4299,603) size 81x22
          chunk 1 text run 1 at (4300.00,620.00) startOffset 0 endOffset 11 width 80.00: "just a text"
      LayoutSVGText {text} at (4399,603) size 81x22 contains 1 chunk(s)
        LayoutSVGInlineText {#text} at (4399,603) size 81x22
          chunk 1 text run 1 at (4400.00,620.00) startOffset 0 endOffset 11 width 80.00: "just a text"
      LayoutSVGText {text} at (4499,603) size 81x22 contains 1 chunk(s)
        LayoutSVGInlineText {#text} at (4499,603) size 81x22
          chunk 1 text run 1 at (4500.00,620.00) startOffset 0 endOffset 11 width 80.00: "just a text"
      LayoutSVGText {text} at (4599,603) size 81x22 contains 1 chunk(s)
        LayoutSVGInlineText {#text} at (4599,603) size 81x22
          chunk 1 text run 1 at (4600.00,620.00) startOffset 0 endOffset 11 width 80.00: "just a text"
      LayoutSVGText {text} at (4699,603) size 81x22 contains 1 chunk(s)
        LayoutSVGInlineText {#text} at (4699,603) size 81x22
          chunk 1 text run 1 at (4700.00,620.00) startOffset 0 endOffset 11 width 80.00: "just a text"
      LayoutSVGText {text} at (4799,603) size 81x22 contains 1 chunk(s)
        LayoutSVGInlineText {#text} at (4799,603) size 81x22
          chunk 1 text run 1 at (4800.00,620.00) startOffset 0 endOffset 11 width 80.00: "just a text"
      LayoutSVGText {text} at (4899,603) size 81x22 contains 1 chunk(s)
        LayoutSVGInlineText {#text} at (4899,603) size 81x22
          chunk 1 text run 1 at (4900.00,620.00) startOffset 0 endOffset 11 width 80.00: "just a text"
      LayoutSVGText {text} at (-1,703) size 81x22 contains 1 chunk(s)
        LayoutSVGInlineText {#text} at (-1,703) size 81x22
          chunk 1 text run 1 at (0.00,720.00) startOffset 0 endOffset 11 width 80.00: "just a text"
      LayoutSVGText {text} at (99,703) size 81x22 contains 1 chunk(s)
        LayoutSVGInlineText {#text} at (99,703) size 81x22
          chunk 1 text run 1 at (100.00,720.00) startOffset 0 endOffset 11 width 80.00: "just a text"
      LayoutSVGText {text} at (199,703) size 81x22 contains 1 chunk(s)
        LayoutSVGInlineText {#text} at (199,703) size 81x22
          chunk 1 text run 1 at (200.00,720.00) startOffset 0 endOffset 11 width 80.00: "just a text"
      LayoutSVGText {text} at (299,703) size 81x22 contains 1 chunk(s)
        LayoutSVGInlineText {#text} at (299,703) size 81x22
          chunk 1 text run 1 at (300.00,720.00) startOffset 0 endOffset 11 width 80.00: "just a text"
      LayoutSVGText {text} at (399,703) size 81x22 contains 1 chunk(s)
        LayoutSVGInlineText {#text} at (399,703) size 81x22
          chunk 1 text run 1 at (400.00,720.00) startOffset 0 endOffset 11 width 80.00: "just a text"
      LayoutSVGText {text} at (499,703) size 81x22 contains 1 chunk(s)
        LayoutSVGInlineText {#text} at (499,703) size 81x22
          chunk 1 text run 1 at (500.00,720.00) startOffset 0 endOffset 11 width 80.00: "just a text"
      LayoutSVGText {text} at (599,703) size 81x22 contains 1 chunk(s)
        LayoutSVGInlineText {#text} at (599,703) size 81x22
          chunk 1 text run 1 at (600.00,720.00) startOffset 0 endOffset 11 width 80.00: "just a text"
      LayoutSVGText {text} at (699,703) size 81x22 contains 1 chunk(s)
        LayoutSVGInlineText {#text} at (699,703) size 81x22
          chunk 1 text run 1 at (700.00,720.00) startOffset 0 endOffset 11 width 80.00: "just a text"
      LayoutSVGText {text} at (799,703) size 81x22 contains 1 chunk(s)
        LayoutSVGInlineText {#text} at (799,703) size 81x22
          chunk 1 text run 1 at (800.00,720.00) startOffset 0 endOffset 11 width 80.00: "just a text"
      LayoutSVGText {text} at (899,703) size 81x22 contains 1 chunk(s)
        LayoutSVGInlineText {#text} at (899,703) size 81x22
          chunk 1 text run 1 at (900.00,720.00) startOffset 0 endOffset 11 width 80.00: "just a text"
      LayoutSVGText {text} at (999,703) size 81x22 contains 1 chunk(s)
        LayoutSVGInlineText {#text} at (999,703) size 81x22
          chunk 1 text run 1 at (1000.00,720.00) startOffset 0 endOffset 11 width 80.00: "just a text"
      LayoutSVGText {text} at (1099,703) size 81x22 contains 1 chunk(s)
        LayoutSVGInlineText {#text} at (1099,703) size 81x22
          chunk 1 text run 1 at (1100.00,720.00) startOffset 0 endOffset 11 width 80.00: "just a text"
      LayoutSVGText {text} at (1199,703) size 81x22 contains 1 chunk(s)
        LayoutSVGInlineText {#text} at (1199,703) size 81x22
          chunk 1 text run 1 at (1200.00,720.00) startOffset 0 endOffset 11 width 80.00: "just a text"
      LayoutSVGText {text} at (1299,703) size 81x22 contains 1 chunk(s)
        LayoutSVGInlineText {#text} at (1299,703) size 81x22
          chunk 1 text run 1 at (1300.00,720.00) startOffset 0 endOffset 11 width 80.00: "just a text"
      LayoutSVGText {text} at (1399,703) size 81x22 contains 1 chunk(s)
        LayoutSVGInlineText {#text} at (1399,703) size 81x22
          chunk 1 text run 1 at (1400.00,720.00) startOffset 0 endOffset 11 width 80.00: "just a text"
      LayoutSVGText {text} at (1499,703) size 81x22 contains 1 chunk(s)
        LayoutSVGInlineText {#text} at (1499,703) size 81x22
          chunk 1 text run 1 at (1500.00,720.00) startOffset 0 endOffset 11 width 80.00: "just a text"
      LayoutSVGText {text} at (1599,703) size 81x22 contains 1 chunk(s)
        LayoutSVGInlineText {#text} at (1599,703) size 81x22
          chunk 1 text run 1 at (1600.00,720.00) startOffset 0 endOffset 11 width 80.00: "just a text"
      LayoutSVGText {text} at (1699,703) size 81x22 contains 1 chunk(s)
        LayoutSVGInlineText {#text} at (1699,703) size 81x22
          chunk 1 text run 1 at (1700.00,720.00) startOffset 0 endOffset 11 width 80.00: "just a text"
      LayoutSVGText {text} at (1799,703) size 81x22 contains 1 chunk(s)
        LayoutSVGInlineText {#text} at (1799,703) size 81x22
          chunk 1 text run 1 at (1800.00,720.00) startOffset 0 endOffset 11 width 80.00: "just a text"
      LayoutSVGText {text} at (1899,703) size 81x22 contains 1 chunk(s)
        LayoutSVGInlineText {#text} at (1899,703) size 81x22
          chunk 1 text run 1 at (1900.00,720.00) startOffset 0 endOffset 11 width 80.00: "just a text"
      LayoutSVGText {text} at (1999,703) size 81x22 contains 1 chunk(s)
        LayoutSVGInlineText {#text} at (1999,703) size 81x22
          chunk 1 text run 1 at (2000.00,720.00) startOffset 0 endOffset 11 width 80.00: "just a text"
      LayoutSVGText {text} at (2099,703) size 81x22 contains 1 chunk(s)
        LayoutSVGInlineText {#text} at (2099,703) size 81x22
          chunk 1 text run 1 at (2100.00,720.00) startOffset 0 endOffset 11 width 80.00: "just a text"
      LayoutSVGText {text} at (2199,703) size 81x22 contains 1 chunk(s)
        LayoutSVGInlineText {#text} at (2199,703) size 81x22
          chunk 1 text run 1 at (2200.00,720.00) startOffset 0 endOffset 11 width 80.00: "just a text"
      LayoutSVGText {text} at (2299,703) size 81x22 contains 1 chunk(s)
        LayoutSVGInlineText {#text} at (2299,703) size 81x22
          chunk 1 text run 1 at (2300.00,720.00) startOffset 0 endOffset 11 width 80.00: "just a text"
      LayoutSVGText {text} at (2399,703) size 81x22 contains 1 chunk(s)
        LayoutSVGInlineText {#text} at (2399,703) size 81x22
          chunk 1 text run 1 at (2400.00,720.00) startOffset 0 endOffset 11 width 80.00: "just a text"
      LayoutSVGText {text} at (2499,703) size 81x22 contains 1 chunk(s)
        LayoutSVGInlineText {#text} at (2499,703) size 81x22
          chunk 1 text run 1 at (2500.00,720.00) startOffset 0 endOffset 11 width 80.00: "just a text"
      LayoutSVGText {text} at (2599,703) size 81x22 contains 1 chunk(s)
        LayoutSVGInlineText {#text} at (2599,703) size 81x22
          chunk 1 text run 1 at (2600.00,720.00) startOffset 0 endOffset 11 width 80.00: "just a text"
      LayoutSVGText {text} at (2699,703) size 81x22 contains 1 chunk(s)
        LayoutSVGInlineText {#text} at (2699,703) size 81x22
          chunk 1 text run 1 at (2700.00,720.00) startOffset 0 endOffset 11 width 80.00: "just a text"
      LayoutSVGText {text} at (2799,703) size 81x22 contains 1 chunk(s)
        LayoutSVGInlineText {#text} at (2799,703) size 81x22
          chunk 1 text run 1 at (2800.00,720.00) startOffset 0 endOffset 11 width 80.00: "just a text"
      LayoutSVGText {text} at (2899,703) size 81x22 contains 1 chunk(s)
        LayoutSVGInlineText {#text} at (2899,703) size 81x22
          chunk 1 text run 1 at (2900.00,720.00) startOffset 0 endOffset 11 width 80.00: "just a text"
      LayoutSVGText {text} at (2999,703) size 81x22 contains 1 chunk(s)
        LayoutSVGInlineText {#text} at (2999,703) size 81x22
          chunk 1 text run 1 at (3000.00,720.00) startOffset 0 endOffset 11 width 80.00: "just a text"
      LayoutSVGText {text} at (3099,703) size 81x22 contains 1 chunk(s)
        LayoutSVGInlineText {#text} at (3099,703) size 81x22
          chunk 1 text run 1 at (3100.00,720.00) startOffset 0 endOffset 11 width 80.00: "just a text"
      LayoutSVGText {text} at (3199,703) size 81x22 contains 1 chunk(s)
        LayoutSVGInlineText {#text} at (3199,703) size 81x22
          chunk 1 text run 1 at (3200.00,720.00) startOffset 0 endOffset 11 width 80.00: "just a text"
      LayoutSVGText {text} at (3299,703) size 81x22 contains 1 chunk(s)
        LayoutSVGInlineText {#text} at (3299,703) size 81x22
          chunk 1 text run 1 at (3300.00,720.00) startOffset 0 endOffset 11 width 80.00: "just a text"
      LayoutSVGText {text} at (3399,703) size 81x22 contains 1 chunk(s)
        LayoutSVGInlineText {#text} at (3399,703) size 81x22
          chunk 1 text run 1 at (3400.00,720.00) startOffset 0 endOffset 11 width 80.00: "just a text"
      LayoutSVGText {text} at (3499,703) size 81x22 contains 1 chunk(s)
        LayoutSVGInlineText {#text} at (3499,703) size 81x22
          chunk 1 text run 1 at (3500.00,720.00) startOffset 0 endOffset 11 width 80.00: "just a text"
      LayoutSVGText {text} at (3599,703) size 81x22 contains 1 chunk(s)
        LayoutSVGInlineText {#text} at (3599,703) size 81x22
          chunk 1 text run 1 at (3600.00,720.00) startOffset 0 endOffset 11 width 80.00: "just a text"
      LayoutSVGText {text} at (3699,703) size 81x22 contains 1 chunk(s)
        LayoutSVGInlineText {#text} at (3699,703) size 81x22
          chunk 1 text run 1 at (3700.00,720.00) startOffset 0 endOffset 11 width 80.00: "just a text"
      LayoutSVGText {text} at (3799,703) size 81x22 contains 1 chunk(s)
        LayoutSVGInlineText {#text} at (3799,703) size 81x22
          chunk 1 text run 1 at (3800.00,720.00) startOffset 0 endOffset 11 width 80.00: "just a text"
      LayoutSVGText {text} at (3899,703) size 81x22 contains 1 chunk(s)
        LayoutSVGInlineText {#text} at (3899,703) size 81x22
          chunk 1 text run 1 at (3900.00,720.00) startOffset 0 endOffset 11 width 80.00: "just a text"
      LayoutSVGText {text} at (3999,703) size 81x22 contains 1 chunk(s)
        LayoutSVGInlineText {#text} at (3999,703) size 81x22
          chunk 1 text run 1 at (4000.00,720.00) startOffset 0 endOffset 11 width 80.00: "just a text"
      LayoutSVGText {text} at (4099,703) size 81x22 contains 1 chunk(s)
        LayoutSVGInlineText {#text} at (4099,703) size 81x22
          chunk 1 text run 1 at (4100.00,720.00) startOffset 0 endOffset 11 width 80.00: "just a text"
      LayoutSVGText {text} at (4199,703) size 81x22 contains 1 chunk(s)
        LayoutSVGInlineText {#text} at (4199,703) size 81x22
          chunk 1 text run 1 at (4200.00,720.00) startOffset 0 endOffset 11 width 80.00: "just a text"
      LayoutSVGText {text} at (4299,703) size 81x22 contains 1 chunk(s)
        LayoutSVGInlineText {#text} at (4299,703) size 81x22
          chunk 1 text run 1 at (4300.00,720.00) startOffset 0 endOffset 11 width 80.00: "just a text"
      LayoutSVGText {text} at (4399,703) size 81x22 contains 1 chunk(s)
        LayoutSVGInlineText {#text} at (4399,703) size 81x22
          chunk 1 text run 1 at (4400.00,720.00) startOffset 0 endOffset 11 width 80.00: "just a text"
      LayoutSVGText {text} at (4499,703) size 81x22 contains 1 chunk(s)
        LayoutSVGInlineText {#text} at (4499,703) size 81x22
          chunk 1 text run 1 at (4500.00,720.00) startOffset 0 endOffset 11 width 80.00: "just a text"
      LayoutSVGText {text} at (4599,703) size 81x22 contains 1 chunk(s)
        LayoutSVGInlineText {#text} at (4599,703) size 81x22
          chunk 1 text run 1 at (4600.00,720.00) startOffset 0 endOffset 11 width 80.00: "just a text"
      LayoutSVGText {text} at (4699,703) size 81x22 contains 1 chunk(s)
        LayoutSVGInlineText {#text} at (4699,703) size 81x22
          chunk 1 text run 1 at (4700.00,720.00) startOffset 0 endOffset 11 width 80.00: "just a text"
      LayoutSVGText {text} at (4799,703) size 81x22 contains 1 chunk(s)
        LayoutSVGInlineText {#text} at (4799,703) size 81x22
          chunk 1 text run 1 at (4800.00,720.00) startOffset 0 endOffset 11 width 80.00: "just a text"
      LayoutSVGText {text} at (4899,703) size 81x22 contains 1 chunk(s)
        LayoutSVGInlineText {#text} at (4899,703) size 81x22
          chunk 1 text run 1 at (4900.00,720.00) startOffset 0 endOffset 11 width 80.00: "just a text"
      LayoutSVGText {text} at (-1,803) size 81x22 contains 1 chunk(s)
        LayoutSVGInlineText {#text} at (-1,803) size 81x22
          chunk 1 text run 1 at (0.00,820.00) startOffset 0 endOffset 11 width 80.00: "just a text"
      LayoutSVGText {text} at (99,803) size 81x22 contains 1 chunk(s)
        LayoutSVGInlineText {#text} at (99,803) size 81x22
          chunk 1 text run 1 at (100.00,820.00) startOffset 0 endOffset 11 width 80.00: "just a text"
      LayoutSVGText {text} at (199,803) size 81x22 contains 1 chunk(s)
        LayoutSVGInlineText {#text} at (199,803) size 81x22
          chunk 1 text run 1 at (200.00,820.00) startOffset 0 endOffset 11 width 80.00: "just a text"
      LayoutSVGText {text} at (299,803) size 81x22 contains 1 chunk(s)
        LayoutSVGInlineText {#text} at (299,803) size 81x22
          chunk 1 text run 1 at (300.00,820.00) startOffset 0 endOffset 11 width 80.00: "just a text"
      LayoutSVGText {text} at (399,803) size 81x22 contains 1 chunk(s)
        LayoutSVGInlineText {#text} at (399,803) size 81x22
          chunk 1 text run 1 at (400.00,820.00) startOffset 0 endOffset 11 width 80.00: "just a text"
      LayoutSVGText {text} at (499,803) size 81x22 contains 1 chunk(s)
        LayoutSVGInlineText {#text} at (499,803) size 81x22
          chunk 1 text run 1 at (500.00,820.00) startOffset 0 endOffset 11 width 80.00: "just a text"
      LayoutSVGText {text} at (599,803) size 81x22 contains 1 chunk(s)
        LayoutSVGInlineText {#text} at (599,803) size 81x22
          chunk 1 text run 1 at (600.00,820.00) startOffset 0 endOffset 11 width 80.00: "just a text"
      LayoutSVGText {text} at (699,803) size 81x22 contains 1 chunk(s)
        LayoutSVGInlineText {#text} at (699,803) size 81x22
          chunk 1 text run 1 at (700.00,820.00) startOffset 0 endOffset 11 width 80.00: "just a text"
      LayoutSVGText {text} at (799,803) size 81x22 contains 1 chunk(s)
        LayoutSVGInlineText {#text} at (799,803) size 81x22
          chunk 1 text run 1 at (800.00,820.00) startOffset 0 endOffset 11 width 80.00: "just a text"
      LayoutSVGText {text} at (899,803) size 81x22 contains 1 chunk(s)
        LayoutSVGInlineText {#text} at (899,803) size 81x22
          chunk 1 text run 1 at (900.00,820.00) startOffset 0 endOffset 11 width 80.00: "just a text"
      LayoutSVGText {text} at (999,803) size 81x22 contains 1 chunk(s)
        LayoutSVGInlineText {#text} at (999,803) size 81x22
          chunk 1 text run 1 at (1000.00,820.00) startOffset 0 endOffset 11 width 80.00: "just a text"
      LayoutSVGText {text} at (1099,803) size 81x22 contains 1 chunk(s)
        LayoutSVGInlineText {#text} at (1099,803) size 81x22
          chunk 1 text run 1 at (1100.00,820.00) startOffset 0 endOffset 11 width 80.00: "just a text"
      LayoutSVGText {text} at (1199,803) size 81x22 contains 1 chunk(s)
        LayoutSVGInlineText {#text} at (1199,803) size 81x22
          chunk 1 text run 1 at (1200.00,820.00) startOffset 0 endOffset 11 width 80.00: "just a text"
      LayoutSVGText {text} at (1299,803) size 81x22 contains 1 chunk(s)
        LayoutSVGInlineText {#text} at (1299,803) size 81x22
          chunk 1 text run 1 at (1300.00,820.00) startOffset 0 endOffset 11 width 80.00: "just a text"
      LayoutSVGText {text} at (1399,803) size 81x22 contains 1 chunk(s)
        LayoutSVGInlineText {#text} at (1399,803) size 81x22
          chunk 1 text run 1 at (1400.00,820.00) startOffset 0 endOffset 11 width 80.00: "just a text"
      LayoutSVGText {text} at (1499,803) size 81x22 contains 1 chunk(s)
        LayoutSVGInlineText {#text} at (1499,803) size 81x22
          chunk 1 text run 1 at (1500.00,820.00) startOffset 0 endOffset 11 width 80.00: "just a text"
      LayoutSVGText {text} at (1599,803) size 81x22 contains 1 chunk(s)
        LayoutSVGInlineText {#text} at (1599,803) size 81x22
          chunk 1 text run 1 at (1600.00,820.00) startOffset 0 endOffset 11 width 80.00: "just a text"
      LayoutSVGText {text} at (1699,803) size 81x22 contains 1 chunk(s)
        LayoutSVGInlineText {#text} at (1699,803) size 81x22
          chunk 1 text run 1 at (1700.00,820.00) startOffset 0 endOffset 11 width 80.00: "just a text"
      LayoutSVGText {text} at (1799,803) size 81x22 contains 1 chunk(s)
        LayoutSVGInlineText {#text} at (1799,803) size 81x22
          chunk 1 text run 1 at (1800.00,820.00) startOffset 0 endOffset 11 width 80.00: "just a text"
      LayoutSVGText {text} at (1899,803) size 81x22 contains 1 chunk(s)
        LayoutSVGInlineText {#text} at (1899,803) size 81x22
          chunk 1 text run 1 at (1900.00,820.00) startOffset 0 endOffset 11 width 80.00: "just a text"
      LayoutSVGText {text} at (1999,803) size 81x22 contains 1 chunk(s)
        LayoutSVGInlineText {#text} at (1999,803) size 81x22
          chunk 1 text run 1 at (2000.00,820.00) startOffset 0 endOffset 11 width 80.00: "just a text"
      LayoutSVGText {text} at (2099,803) size 81x22 contains 1 chunk(s)
        LayoutSVGInlineText {#text} at (2099,803) size 81x22
          chunk 1 text run 1 at (2100.00,820.00) startOffset 0 endOffset 11 width 80.00: "just a text"
      LayoutSVGText {text} at (2199,803) size 81x22 contains 1 chunk(s)
        LayoutSVGInlineText {#text} at (2199,803) size 81x22
          chunk 1 text run 1 at (2200.00,820.00) startOffset 0 endOffset 11 width 80.00: "just a text"
      LayoutSVGText {text} at (2299,803) size 81x22 contains 1 chunk(s)
        LayoutSVGInlineText {#text} at (2299,803) size 81x22
          chunk 1 text run 1 at (2300.00,820.00) startOffset 0 endOffset 11 width 80.00: "just a text"
      LayoutSVGText {text} at (2399,803) size 81x22 contains 1 chunk(s)
        LayoutSVGInlineText {#text} at (2399,803) size 81x22
          chunk 1 text run 1 at (2400.00,820.00) startOffset 0 endOffset 11 width 80.00: "just a text"
      LayoutSVGText {text} at (2499,803) size 81x22 contains 1 chunk(s)
        LayoutSVGInlineText {#text} at (2499,803) size 81x22
          chunk 1 text run 1 at (2500.00,820.00) startOffset 0 endOffset 11 width 80.00: "just a text"
      LayoutSVGText {text} at (2599,803) size 81x22 contains 1 chunk(s)
        LayoutSVGInlineText {#text} at (2599,803) size 81x22
          chunk 1 text run 1 at (2600.00,820.00) startOffset 0 endOffset 11 width 80.00: "just a text"
      LayoutSVGText {text} at (2699,803) size 81x22 contains 1 chunk(s)
        LayoutSVGInlineText {#text} at (2699,803) size 81x22
          chunk 1 text run 1 at (2700.00,820.00) startOffset 0 endOffset 11 width 80.00: "just a text"
      LayoutSVGText {text} at (2799,803) size 81x22 contains 1 chunk(s)
        LayoutSVGInlineText {#text} at (2799,803) size 81x22
          chunk 1 text run 1 at (2800.00,820.00) startOffset 0 endOffset 11 width 80.00: "just a text"
      LayoutSVGText {text} at (2899,803) size 81x22 contains 1 chunk(s)
        LayoutSVGInlineText {#text} at (2899,803) size 81x22
          chunk 1 text run 1 at (2900.00,820.00) startOffset 0 endOffset 11 width 80.00: "just a text"
      LayoutSVGText {text} at (2999,803) size 81x22 contains 1 chunk(s)
        LayoutSVGInlineText {#text} at (2999,803) size 81x22
          chunk 1 text run 1 at (3000.00,820.00) startOffset 0 endOffset 11 width 80.00: "just a text"
      LayoutSVGText {text} at (3099,803) size 81x22 contains 1 chunk(s)
        LayoutSVGInlineText {#text} at (3099,803) size 81x22
          chunk 1 text run 1 at (3100.00,820.00) startOffset 0 endOffset 11 width 80.00: "just a text"
      LayoutSVGText {text} at (3199,803) size 81x22 contains 1 chunk(s)
        LayoutSVGInlineText {#text} at (3199,803) size 81x22
          chunk 1 text run 1 at (3200.00,820.00) startOffset 0 endOffset 11 width 80.00: "just a text"
      LayoutSVGText {text} at (3299,803) size 81x22 contains 1 chunk(s)
        LayoutSVGInlineText {#text} at (3299,803) size 81x22
          chunk 1 text run 1 at (3300.00,820.00) startOffset 0 endOffset 11 width 80.00: "just a text"
      LayoutSVGText {text} at (3399,803) size 81x22 contains 1 chunk(s)
        LayoutSVGInlineText {#text} at (3399,803) size 81x22
          chunk 1 text run 1 at (3400.00,820.00) startOffset 0 endOffset 11 width 80.00: "just a text"
      LayoutSVGText {text} at (3499,803) size 81x22 contains 1 chunk(s)
        LayoutSVGInlineText {#text} at (3499,803) size 81x22
          chunk 1 text run 1 at (3500.00,820.00) startOffset 0 endOffset 11 width 80.00: "just a text"
      LayoutSVGText {text} at (3599,803) size 81x22 contains 1 chunk(s)
        LayoutSVGInlineText {#text} at (3599,803) size 81x22
          chunk 1 text run 1 at (3600.00,820.00) startOffset 0 endOffset 11 width 80.00: "just a text"
      LayoutSVGText {text} at (3699,803) size 81x22 contains 1 chunk(s)
        LayoutSVGInlineText {#text} at (3699,803) size 81x22
          chunk 1 text run 1 at (3700.00,820.00) startOffset 0 endOffset 11 width 80.00: "just a text"
      LayoutSVGText {text} at (3799,803) size 81x22 contains 1 chunk(s)
        LayoutSVGInlineText {#text} at (3799,803) size 81x22
          chunk 1 text run 1 at (3800.00,820.00) startOffset 0 endOffset 11 width 80.00: "just a text"
      LayoutSVGText {text} at (3899,803) size 81x22 contains 1 chunk(s)
        LayoutSVGInlineText {#text} at (3899,803) size 81x22
          chunk 1 text run 1 at (3900.00,820.00) startOffset 0 endOffset 11 width 80.00: "just a text"
      LayoutSVGText {text} at (3999,803) size 81x22 contains 1 chunk(s)
        LayoutSVGInlineText {#text} at (3999,803) size 81x22
          chunk 1 text run 1 at (4000.00,820.00) startOffset 0 endOffset 11 width 80.00: "just a text"
      LayoutSVGText {text} at (4099,803) size 81x22 contains 1 chunk(s)
        LayoutSVGInlineText {#text} at (4099,803) size 81x22
          chunk 1 text run 1 at (4100.00,820.00) startOffset 0 endOffset 11 width 80.00: "just a text"
      LayoutSVGText {text} at (4199,803) size 81x22 contains 1 chunk(s)
        LayoutSVGInlineText {#text} at (4199,803) size 81x22
          chunk 1 text run 1 at (4200.00,820.00) startOffset 0 endOffset 11 width 80.00: "just a text"
      LayoutSVGText {text} at (4299,803) size 81x22 contains 1 chunk(s)
        LayoutSVGInlineText {#text} at (4299,803) size 81x22
          chunk 1 text run 1 at (4300.00,820.00) startOffset 0 endOffset 11 width 80.00: "just a text"
      LayoutSVGText {text} at (4399,803) size 81x22 contains 1 chunk(s)
        LayoutSVGInlineText {#text} at (4399,803) size 81x22
          chunk 1 text run 1 at (4400.00,820.00) startOffset 0 endOffset 11 width 80.00: "just a text"
      LayoutSVGText {text} at (4499,803) size 81x22 contains 1 chunk(s)
        LayoutSVGInlineText {#text} at (4499,803) size 81x22
          chunk 1 text run 1 at (4500.00,820.00) startOffset 0 endOffset 11 width 80.00: "just a text"
      LayoutSVGText {text} at (4599,803) size 81x22 contains 1 chunk(s)
        LayoutSVGInlineText {#text} at (4599,803) size 81x22
          chunk 1 text run 1 at (4600.00,820.00) startOffset 0 endOffset 11 width 80.00: "just a text"
      LayoutSVGText {text} at (4699,803) size 81x22 contains 1 chunk(s)
        LayoutSVGInlineText {#text} at (4699,803) size 81x22
          chunk 1 text run 1 at (4700.00,820.00) startOffset 0 endOffset 11 width 80.00: "just a text"
      LayoutSVGText {text} at (4799,803) size 81x22 contains 1 chunk(s)
        LayoutSVGInlineText {#text} at (4799,803) size 81x22
          chunk 1 text run 1 at (4800.00,820.00) startOffset 0 endOffset 11 width 80.00: "just a text"
      LayoutSVGText {text} at (4899,803) size 81x22 contains 1 chunk(s)
        LayoutSVGInlineText {#text} at (4899,803) size 81x22
          chunk 1 text run 1 at (4900.00,820.00) startOffset 0 endOffset 11 width 80.00: "just a text"
      LayoutSVGText {text} at (-1,903) size 81x22 contains 1 chunk(s)
        LayoutSVGInlineText {#text} at (-1,903) size 81x22
          chunk 1 text run 1 at (0.00,920.00) startOffset 0 endOffset 11 width 80.00: "just a text"
      LayoutSVGText {text} at (99,903) size 81x22 contains 1 chunk(s)
        LayoutSVGInlineText {#text} at (99,903) size 81x22
          chunk 1 text run 1 at (100.00,920.00) startOffset 0 endOffset 11 width 80.00: "just a text"
      LayoutSVGText {text} at (199,903) size 81x22 contains 1 chunk(s)
        LayoutSVGInlineText {#text} at (199,903) size 81x22
          chunk 1 text run 1 at (200.00,920.00) startOffset 0 endOffset 11 width 80.00: "just a text"
      LayoutSVGText {text} at (299,903) size 81x22 contains 1 chunk(s)
        LayoutSVGInlineText {#text} at (299,903) size 81x22
          chunk 1 text run 1 at (300.00,920.00) startOffset 0 endOffset 11 width 80.00: "just a text"
      LayoutSVGText {text} at (399,903) size 81x22 contains 1 chunk(s)
        LayoutSVGInlineText {#text} at (399,903) size 81x22
          chunk 1 text run 1 at (400.00,920.00) startOffset 0 endOffset 11 width 80.00: "just a text"
      LayoutSVGText {text} at (499,903) size 81x22 contains 1 chunk(s)
        LayoutSVGInlineText {#text} at (499,903) size 81x22
          chunk 1 text run 1 at (500.00,920.00) startOffset 0 endOffset 11 width 80.00: "just a text"
      LayoutSVGText {text} at (599,903) size 81x22 contains 1 chunk(s)
        LayoutSVGInlineText {#text} at (599,903) size 81x22
          chunk 1 text run 1 at (600.00,920.00) startOffset 0 endOffset 11 width 80.00: "just a text"
      LayoutSVGText {text} at (699,903) size 81x22 contains 1 chunk(s)
        LayoutSVGInlineText {#text} at (699,903) size 81x22
          chunk 1 text run 1 at (700.00,920.00) startOffset 0 endOffset 11 width 80.00: "just a text"
      LayoutSVGText {text} at (799,903) size 81x22 contains 1 chunk(s)
        LayoutSVGInlineText {#text} at (799,903) size 81x22
          chunk 1 text run 1 at (800.00,920.00) startOffset 0 endOffset 11 width 80.00: "just a text"
      LayoutSVGText {text} at (899,903) size 81x22 contains 1 chunk(s)
        LayoutSVGInlineText {#text} at (899,903) size 81x22
          chunk 1 text run 1 at (900.00,920.00) startOffset 0 endOffset 11 width 80.00: "just a text"
      LayoutSVGText {text} at (999,903) size 81x22 contains 1 chunk(s)
        LayoutSVGInlineText {#text} at (999,903) size 81x22
          chunk 1 text run 1 at (1000.00,920.00) startOffset 0 endOffset 11 width 80.00: "just a text"
      LayoutSVGText {text} at (1099,903) size 81x22 contains 1 chunk(s)
        LayoutSVGInlineText {#text} at (1099,903) size 81x22
          chunk 1 text run 1 at (1100.00,920.00) startOffset 0 endOffset 11 width 80.00: "just a text"
      LayoutSVGText {text} at (1199,903) size 81x22 contains 1 chunk(s)
        LayoutSVGInlineText {#text} at (1199,903) size 81x22
          chunk 1 text run 1 at (1200.00,920.00) startOffset 0 endOffset 11 width 80.00: "just a text"
      LayoutSVGText {text} at (1299,903) size 81x22 contains 1 chunk(s)
        LayoutSVGInlineText {#text} at (1299,903) size 81x22
          chunk 1 text run 1 at (1300.00,920.00) startOffset 0 endOffset 11 width 80.00: "just a text"
      LayoutSVGText {text} at (1399,903) size 81x22 contains 1 chunk(s)
        LayoutSVGInlineText {#text} at (1399,903) size 81x22
          chunk 1 text run 1 at (1400.00,920.00) startOffset 0 endOffset 11 width 80.00: "just a text"
      LayoutSVGText {text} at (1499,903) size 81x22 contains 1 chunk(s)
        LayoutSVGInlineText {#text} at (1499,903) size 81x22
          chunk 1 text run 1 at (1500.00,920.00) startOffset 0 endOffset 11 width 80.00: "just a text"
      LayoutSVGText {text} at (1599,903) size 81x22 contains 1 chunk(s)
        LayoutSVGInlineText {#text} at (1599,903) size 81x22
          chunk 1 text run 1 at (1600.00,920.00) startOffset 0 endOffset 11 width 80.00: "just a text"
      LayoutSVGText {text} at (1699,903) size 81x22 contains 1 chunk(s)
        LayoutSVGInlineText {#text} at (1699,903) size 81x22
          chunk 1 text run 1 at (1700.00,920.00) startOffset 0 endOffset 11 width 80.00: "just a text"
      LayoutSVGText {text} at (1799,903) size 81x22 contains 1 chunk(s)
        LayoutSVGInlineText {#text} at (1799,903) size 81x22
          chunk 1 text run 1 at (1800.00,920.00) startOffset 0 endOffset 11 width 80.00: "just a text"
      LayoutSVGText {text} at (1899,903) size 81x22 contains 1 chunk(s)
        LayoutSVGInlineText {#text} at (1899,903) size 81x22
          chunk 1 text run 1 at (1900.00,920.00) startOffset 0 endOffset 11 width 80.00: "just a text"
      LayoutSVGText {text} at (1999,903) size 81x22 contains 1 chunk(s)
        LayoutSVGInlineText {#text} at (1999,903) size 81x22
          chunk 1 text run 1 at (2000.00,920.00) startOffset 0 endOffset 11 width 80.00: "just a text"
      LayoutSVGText {text} at (2099,903) size 81x22 contains 1 chunk(s)
        LayoutSVGInlineText {#text} at (2099,903) size 81x22
          chunk 1 text run 1 at (2100.00,920.00) startOffset 0 endOffset 11 width 80.00: "just a text"
      LayoutSVGText {text} at (2199,903) size 81x22 contains 1 chunk(s)
        LayoutSVGInlineText {#text} at (2199,903) size 81x22
          chunk 1 text run 1 at (2200.00,920.00) startOffset 0 endOffset 11 width 80.00: "just a text"
      LayoutSVGText {text} at (2299,903) size 81x22 contains 1 chunk(s)
        LayoutSVGInlineText {#text} at (2299,903) size 81x22
          chunk 1 text run 1 at (2300.00,920.00) startOffset 0 endOffset 11 width 80.00: "just a text"
      LayoutSVGText {text} at (2399,903) size 81x22 contains 1 chunk(s)
        LayoutSVGInlineText {#text} at (2399,903) size 81x22
          chunk 1 text run 1 at (2400.00,920.00) startOffset 0 endOffset 11 width 80.00: "just a text"
      LayoutSVGText {text} at (2499,903) size 81x22 contains 1 chunk(s)
        LayoutSVGInlineText {#text} at (2499,903) size 81x22
          chunk 1 text run 1 at (2500.00,920.00) startOffset 0 endOffset 11 width 80.00: "just a text"
      LayoutSVGText {text} at (2599,903) size 81x22 contains 1 chunk(s)
        LayoutSVGInlineText {#text} at (2599,903) size 81x22
          chunk 1 text run 1 at (2600.00,920.00) startOffset 0 endOffset 11 width 80.00: "just a text"
      LayoutSVGText {text} at (2699,903) size 81x22 contains 1 chunk(s)
        LayoutSVGInlineText {#text} at (2699,903) size 81x22
          chunk 1 text run 1 at (2700.00,920.00) startOffset 0 endOffset 11 width 80.00: "just a text"
      LayoutSVGText {text} at (2799,903) size 81x22 contains 1 chunk(s)
        LayoutSVGInlineText {#text} at (2799,903) size 81x22
          chunk 1 text run 1 at (2800.00,920.00) startOffset 0 endOffset 11 width 80.00: "just a text"
      LayoutSVGText {text} at (2899,903) size 81x22 contains 1 chunk(s)
        LayoutSVGInlineText {#text} at (2899,903) size 81x22
          chunk 1 text run 1 at (2900.00,920.00) startOffset 0 endOffset 11 width 80.00: "just a text"
      LayoutSVGText {text} at (2999,903) size 81x22 contains 1 chunk(s)
        LayoutSVGInlineText {#text} at (2999,903) size 81x22
          chunk 1 text run 1 at (3000.00,920.00) startOffset 0 endOffset 11 width 80.00: "just a text"
      LayoutSVGText {text} at (3099,903) size 81x22 contains 1 chunk(s)
        LayoutSVGInlineText {#text} at (3099,903) size 81x22
          chunk 1 text run 1 at (3100.00,920.00) startOffset 0 endOffset 11 width 80.00: "just a text"
      LayoutSVGText {text} at (3199,903) size 81x22 contains 1 chunk(s)
        LayoutSVGInlineText {#text} at (3199,903) size 81x22
          chunk 1 text run 1 at (3200.00,920.00) startOffset 0 endOffset 11 width 80.00: "just a text"
      LayoutSVGText {text} at (3299,903) size 81x22 contains 1 chunk(s)
        LayoutSVGInlineText {#text} at (3299,903) size 81x22
          chunk 1 text run 1 at (3300.00,920.00) startOffset 0 endOffset 11 width 80.00: "just a text"
      LayoutSVGText {text} at (3399,903) size 81x22 contains 1 chunk(s)
        LayoutSVGInlineText {#text} at (3399,903) size 81x22
          chunk 1 text run 1 at (3400.00,920.00) startOffset 0 endOffset 11 width 80.00: "just a text"
      LayoutSVGText {text} at (3499,903) size 81x22 contains 1 chunk(s)
        LayoutSVGInlineText {#text} at (3499,903) size 81x22
          chunk 1 text run 1 at (3500.00,920.00) startOffset 0 endOffset 11 width 80.00: "just a text"
      LayoutSVGText {text} at (3599,903) size 81x22 contains 1 chunk(s)
        LayoutSVGInlineText {#text} at (3599,903) size 81x22
          chunk 1 text run 1 at (3600.00,920.00) startOffset 0 endOffset 11 width 80.00: "just a text"
      LayoutSVGText {text} at (3699,903) size 81x22 contains 1 chunk(s)
        LayoutSVGInlineText {#text} at (3699,903) size 81x22
          chunk 1 text run 1 at (3700.00,920.00) startOffset 0 endOffset 11 width 80.00: "just a text"
      LayoutSVGText {text} at (3799,903) size 81x22 contains 1 chunk(s)
        LayoutSVGInlineText {#text} at (3799,903) size 81x22
          chunk 1 text run 1 at (3800.00,920.00) startOffset 0 endOffset 11 width 80.00: "just a text"
      LayoutSVGText {text} at (3899,903) size 81x22 contains 1 chunk(s)
        LayoutSVGInlineText {#text} at (3899,903) size 81x22
          chunk 1 text run 1 at (3900.00,920.00) startOffset 0 endOffset 11 width 80.00: "just a text"
      LayoutSVGText {text} at (3999,903) size 81x22 contains 1 chunk(s)
        LayoutSVGInlineText {#text} at (3999,903) size 81x22
          chunk 1 text run 1 at (4000.00,920.00) startOffset 0 endOffset 11 width 80.00: "just a text"
      LayoutSVGText {text} at (4099,903) size 81x22 contains 1 chunk(s)
        LayoutSVGInlineText {#text} at (4099,903) size 81x22
          chunk 1 text run 1 at (4100.00,920.00) startOffset 0 endOffset 11 width 80.00: "just a text"
      LayoutSVGText {text} at (4199,903) size 81x22 contains 1 chunk(s)
        LayoutSVGInlineText {#text} at (4199,903) size 81x22
          chunk 1 text run 1 at (4200.00,920.00) startOffset 0 endOffset 11 width 80.00: "just a text"
      LayoutSVGText {text} at (4299,903) size 81x22 contains 1 chunk(s)
        LayoutSVGInlineText {#text} at (4299,903) size 81x22
          chunk 1 text run 1 at (4300.00,920.00) startOffset 0 endOffset 11 width 80.00: "just a text"
      LayoutSVGText {text} at (4399,903) size 81x22 contains 1 chunk(s)
        LayoutSVGInlineText {#text} at (4399,903) size 81x22
          chunk 1 text run 1 at (4400.00,920.00) startOffset 0 endOffset 11 width 80.00: "just a text"
      LayoutSVGText {text} at (4499,903) size 81x22 contains 1 chunk(s)
        LayoutSVGInlineText {#text} at (4499,903) size 81x22
          chunk 1 text run 1 at (4500.00,920.00) startOffset 0 endOffset 11 width 80.00: "just a text"
      LayoutSVGText {text} at (4599,903) size 81x22 contains 1 chunk(s)
        LayoutSVGInlineText {#text} at (4599,903) size 81x22
          chunk 1 text run 1 at (4600.00,920.00) startOffset 0 endOffset 11 width 80.00: "just a text"
      LayoutSVGText {text} at (4699,903) size 81x22 contains 1 chunk(s)
        LayoutSVGInlineText {#text} at (4699,903) size 81x22
          chunk 1 text run 1 at (4700.00,920.00) startOffset 0 endOffset 11 width 80.00: "just a text"
      LayoutSVGText {text} at (4799,903) size 81x22 contains 1 chunk(s)
        LayoutSVGInlineText {#text} at (4799,903) size 81x22
          chunk 1 text run 1 at (4800.00,920.00) startOffset 0 endOffset 11 width 80.00: "just a text"
      LayoutSVGText {text} at (4899,903) size 81x22 contains 1 chunk(s)
        LayoutSVGInlineText {#text} at (4899,903) size 81x22
          chunk 1 text run 1 at (4900.00,920.00) startOffset 0 endOffset 11 width 80.00: "just a text"
      LayoutSVGText {text} at (-1,1003) size 81x22 contains 1 chunk(s)
        LayoutSVGInlineText {#text} at (-1,1003) size 81x22
          chunk 1 text run 1 at (0.00,1020.00) startOffset 0 endOffset 11 width 80.00: "just a text"
      LayoutSVGText {text} at (99,1003) size 81x22 contains 1 chunk(s)
        LayoutSVGInlineText {#text} at (99,1003) size 81x22
          chunk 1 text run 1 at (100.00,1020.00) startOffset 0 endOffset 11 width 80.00: "just a text"
      LayoutSVGText {text} at (199,1003) size 81x22 contains 1 chunk(s)
        LayoutSVGInlineText {#text} at (199,1003) size 81x22
          chunk 1 text run 1 at (200.00,1020.00) startOffset 0 endOffset 11 width 80.00: "just a text"
      LayoutSVGText {text} at (299,1003) size 81x22 contains 1 chunk(s)
        LayoutSVGInlineText {#text} at (299,1003) size 81x22
          chunk 1 text run 1 at (300.00,1020.00) startOffset 0 endOffset 11 width 80.00: "just a text"
      LayoutSVGText {text} at (399,1003) size 81x22 contains 1 chunk(s)
        LayoutSVGInlineText {#text} at (399,1003) size 81x22
          chunk 1 text run 1 at (400.00,1020.00) startOffset 0 endOffset 11 width 80.00: "just a text"
      LayoutSVGText {text} at (499,1003) size 81x22 contains 1 chunk(s)
        LayoutSVGInlineText {#text} at (499,1003) size 81x22
          chunk 1 text run 1 at (500.00,1020.00) startOffset 0 endOffset 11 width 80.00: "just a text"
      LayoutSVGText {text} at (599,1003) size 81x22 contains 1 chunk(s)
        LayoutSVGInlineText {#text} at (599,1003) size 81x22
          chunk 1 text run 1 at (600.00,1020.00) startOffset 0 endOffset 11 width 80.00: "just a text"
      LayoutSVGText {text} at (699,1003) size 81x22 contains 1 chunk(s)
        LayoutSVGInlineText {#text} at (699,1003) size 81x22
          chunk 1 text run 1 at (700.00,1020.00) startOffset 0 endOffset 11 width 80.00: "just a text"
      LayoutSVGText {text} at (799,1003) size 81x22 contains 1 chunk(s)
        LayoutSVGInlineText {#text} at (799,1003) size 81x22
          chunk 1 text run 1 at (800.00,1020.00) startOffset 0 endOffset 11 width 80.00: "just a text"
      LayoutSVGText {text} at (899,1003) size 81x22 contains 1 chunk(s)
        LayoutSVGInlineText {#text} at (899,1003) size 81x22
          chunk 1 text run 1 at (900.00,1020.00) startOffset 0 endOffset 11 width 80.00: "just a text"
      LayoutSVGText {text} at (999,1003) size 81x22 contains 1 chunk(s)
        LayoutSVGInlineText {#text} at (999,1003) size 81x22
          chunk 1 text run 1 at (1000.00,1020.00) startOffset 0 endOffset 11 width 80.00: "just a text"
      LayoutSVGText {text} at (1099,1003) size 81x22 contains 1 chunk(s)
        LayoutSVGInlineText {#text} at (1099,1003) size 81x22
          chunk 1 text run 1 at (1100.00,1020.00) startOffset 0 endOffset 11 width 80.00: "just a text"
      LayoutSVGText {text} at (1199,1003) size 81x22 contains 1 chunk(s)
        LayoutSVGInlineText {#text} at (1199,1003) size 81x22
          chunk 1 text run 1 at (1200.00,1020.00) startOffset 0 endOffset 11 width 80.00: "just a text"
      LayoutSVGText {text} at (1299,1003) size 81x22 contains 1 chunk(s)
        LayoutSVGInlineText {#text} at (1299,1003) size 81x22
          chunk 1 text run 1 at (1300.00,1020.00) startOffset 0 endOffset 11 width 80.00: "just a text"
      LayoutSVGText {text} at (1399,1003) size 81x22 contains 1 chunk(s)
        LayoutSVGInlineText {#text} at (1399,1003) size 81x22
          chunk 1 text run 1 at (1400.00,1020.00) startOffset 0 endOffset 11 width 80.00: "just a text"
      LayoutSVGText {text} at (1499,1003) size 81x22 contains 1 chunk(s)
        LayoutSVGInlineText {#text} at (1499,1003) size 81x22
          chunk 1 text run 1 at (1500.00,1020.00) startOffset 0 endOffset 11 width 80.00: "just a text"
      LayoutSVGText {text} at (1599,1003) size 81x22 contains 1 chunk(s)
        LayoutSVGInlineText {#text} at (1599,1003) size 81x22
          chunk 1 text run 1 at (1600.00,1020.00) startOffset 0 endOffset 11 width 80.00: "just a text"
      LayoutSVGText {text} at (1699,1003) size 81x22 contains 1 chunk(s)
        LayoutSVGInlineText {#text} at (1699,1003) size 81x22
          chunk 1 text run 1 at (1700.00,1020.00) startOffset 0 endOffset 11 width 80.00: "just a text"
      LayoutSVGText {text} at (1799,1003) size 81x22 contains 1 chunk(s)
        LayoutSVGInlineText {#text} at (1799,1003) size 81x22
          chunk 1 text run 1 at (1800.00,1020.00) startOffset 0 endOffset 11 width 80.00: "just a text"
      LayoutSVGText {text} at (1899,1003) size 81x22 contains 1 chunk(s)
        LayoutSVGInlineText {#text} at (1899,1003) size 81x22
          chunk 1 text run 1 at (1900.00,1020.00) startOffset 0 endOffset 11 width 80.00: "just a text"
      LayoutSVGText {text} at (1999,1003) size 81x22 contains 1 chunk(s)
        LayoutSVGInlineText {#text} at (1999,1003) size 81x22
          chunk 1 text run 1 at (2000.00,1020.00) startOffset 0 endOffset 11 width 80.00: "just a text"
      LayoutSVGText {text} at (2099,1003) size 81x22 contains 1 chunk(s)
        LayoutSVGInlineText {#text} at (2099,1003) size 81x22
          chunk 1 text run 1 at (2100.00,1020.00) startOffset 0 endOffset 11 width 80.00: "just a text"
      LayoutSVGText {text} at (2199,1003) size 81x22 contains 1 chunk(s)
        LayoutSVGInlineText {#text} at (2199,1003) size 81x22
          chunk 1 text run 1 at (2200.00,1020.00) startOffset 0 endOffset 11 width 80.00: "just a text"
      LayoutSVGText {text} at (2299,1003) size 81x22 contains 1 chunk(s)
        LayoutSVGInlineText {#text} at (2299,1003) size 81x22
          chunk 1 text run 1 at (2300.00,1020.00) startOffset 0 endOffset 11 width 80.00: "just a text"
      LayoutSVGText {text} at (2399,1003) size 81x22 contains 1 chunk(s)
        LayoutSVGInlineText {#text} at (2399,1003) size 81x22
          chunk 1 text run 1 at (2400.00,1020.00) startOffset 0 endOffset 11 width 80.00: "just a text"
      LayoutSVGText {text} at (2499,1003) size 81x22 contains 1 chunk(s)
        LayoutSVGInlineText {#text} at (2499,1003) size 81x22
          chunk 1 text run 1 at (2500.00,1020.00) startOffset 0 endOffset 11 width 80.00: "just a text"
      LayoutSVGText {text} at (2599,1003) size 81x22 contains 1 chunk(s)
        LayoutSVGInlineText {#text} at (2599,1003) size 81x22
          chunk 1 text run 1 at (2600.00,1020.00) startOffset 0 endOffset 11 width 80.00: "just a text"
      LayoutSVGText {text} at (2699,1003) size 81x22 contains 1 chunk(s)
        LayoutSVGInlineText {#text} at (2699,1003) size 81x22
          chunk 1 text run 1 at (2700.00,1020.00) startOffset 0 endOffset 11 width 80.00: "just a text"
      LayoutSVGText {text} at (2799,1003) size 81x22 contains 1 chunk(s)
        LayoutSVGInlineText {#text} at (2799,1003) size 81x22
          chunk 1 text run 1 at (2800.00,1020.00) startOffset 0 endOffset 11 width 80.00: "just a text"
      LayoutSVGText {text} at (2899,1003) size 81x22 contains 1 chunk(s)
        LayoutSVGInlineText {#text} at (2899,1003) size 81x22
          chunk 1 text run 1 at (2900.00,1020.00) startOffset 0 endOffset 11 width 80.00: "just a text"
      LayoutSVGText {text} at (2999,1003) size 81x22 contains 1 chunk(s)
        LayoutSVGInlineText {#text} at (2999,1003) size 81x22
          chunk 1 text run 1 at (3000.00,1020.00) startOffset 0 endOffset 11 width 80.00: "just a text"
      LayoutSVGText {text} at (3099,1003) size 81x22 contains 1 chunk(s)
        LayoutSVGInlineText {#text} at (3099,1003) size 81x22
          chunk 1 text run 1 at (3100.00,1020.00) startOffset 0 endOffset 11 width 80.00: "just a text"
      LayoutSVGText {text} at (3199,1003) size 81x22 contains 1 chunk(s)
        LayoutSVGInlineText {#text} at (3199,1003) size 81x22
          chunk 1 text run 1 at (3200.00,1020.00) startOffset 0 endOffset 11 width 80.00: "just a text"
      LayoutSVGText {text} at (3299,1003) size 81x22 contains 1 chunk(s)
        LayoutSVGInlineText {#text} at (3299,1003) size 81x22
          chunk 1 text run 1 at (3300.00,1020.00) startOffset 0 endOffset 11 width 80.00: "just a text"
      LayoutSVGText {text} at (3399,1003) size 81x22 contains 1 chunk(s)
        LayoutSVGInlineText {#text} at (3399,1003) size 81x22
          chunk 1 text run 1 at (3400.00,1020.00) startOffset 0 endOffset 11 width 80.00: "just a text"
      LayoutSVGText {text} at (3499,1003) size 81x22 contains 1 chunk(s)
        LayoutSVGInlineText {#text} at (3499,1003) size 81x22
          chunk 1 text run 1 at (3500.00,1020.00) startOffset 0 endOffset 11 width 80.00: "just a text"
      LayoutSVGText {text} at (3599,1003) size 81x22 contains 1 chunk(s)
        LayoutSVGInlineText {#text} at (3599,1003) size 81x22
          chunk 1 text run 1 at (3600.00,1020.00) startOffset 0 endOffset 11 width 80.00: "just a text"
      LayoutSVGText {text} at (3699,1003) size 81x22 contains 1 chunk(s)
        LayoutSVGInlineText {#text} at (3699,1003) size 81x22
          chunk 1 text run 1 at (3700.00,1020.00) startOffset 0 endOffset 11 width 80.00: "just a text"
      LayoutSVGText {text} at (3799,1003) size 81x22 contains 1 chunk(s)
        LayoutSVGInlineText {#text} at (3799,1003) size 81x22
          chunk 1 text run 1 at (3800.00,1020.00) startOffset 0 endOffset 11 width 80.00: "just a text"
      LayoutSVGText {text} at (3899,1003) size 81x22 contains 1 chunk(s)
        LayoutSVGInlineText {#text} at (3899,1003) size 81x22
          chunk 1 text run 1 at (3900.00,1020.00) startOffset 0 endOffset 11 width 80.00: "just a text"
      LayoutSVGText {text} at (3999,1003) size 81x22 contains 1 chunk(s)
        LayoutSVGInlineText {#text} at (3999,1003) size 81x22
          chunk 1 text run 1 at (4000.00,1020.00) startOffset 0 endOffset 11 width 80.00: "just a text"
      LayoutSVGText {text} at (4099,1003) size 81x22 contains 1 chunk(s)
        LayoutSVGInlineText {#text} at (4099,1003) size 81x22
          chunk 1 text run 1 at (4100.00,1020.00) startOffset 0 endOffset 11 width 80.00: "just a text"
      LayoutSVGText {text} at (4199,1003) size 81x22 contains 1 chunk(s)
        LayoutSVGInlineText {#text} at (4199,1003) size 81x22
          chunk 1 text run 1 at (4200.00,1020.00) startOffset 0 endOffset 11 width 80.00: "just a text"
      LayoutSVGText {text} at (4299,1003) size 81x22 contains 1 chunk(s)
        LayoutSVGInlineText {#text} at (4299,1003) size 81x22
          chunk 1 text run 1 at (4300.00,1020.00) startOffset 0 endOffset 11 width 80.00: "just a text"
      LayoutSVGText {text} at (4399,1003) size 81x22 contains 1 chunk(s)
        LayoutSVGInlineText {#text} at (4399,1003) size 81x22
          chunk 1 text run 1 at (4400.00,1020.00) startOffset 0 endOffset 11 width 80.00: "just a text"
      LayoutSVGText {text} at (4499,1003) size 81x22 contains 1 chunk(s)
        LayoutSVGInlineText {#text} at (4499,1003) size 81x22
          chunk 1 text run 1 at (4500.00,1020.00) startOffset 0 endOffset 11 width 80.00: "just a text"
      LayoutSVGText {text} at (4599,1003) size 81x22 contains 1 chunk(s)
        LayoutSVGInlineText {#text} at (4599,1003) size 81x22
          chunk 1 text run 1 at (4600.00,1020.00) startOffset 0 endOffset 11 width 80.00: "just a text"
      LayoutSVGText {text} at (4699,1003) size 81x22 contains 1 chunk(s)
        LayoutSVGInlineText {#text} at (4699,1003) size 81x22
          chunk 1 text run 1 at (4700.00,1020.00) startOffset 0 endOffset 11 width 80.00: "just a text"
      LayoutSVGText {text} at (4799,1003) size 81x22 contains 1 chunk(s)
        LayoutSVGInlineText {#text} at (4799,1003) size 81x22
          chunk 1 text run 1 at (4800.00,1020.00) startOffset 0 endOffset 11 width 80.00: "just a text"
      LayoutSVGText {text} at (4899,1003) size 81x22 contains 1 chunk(s)
        LayoutSVGInlineText {#text} at (4899,1003) size 81x22
          chunk 1 text run 1 at (4900.00,1020.00) startOffset 0 endOffset 11 width 80.00: "just a text"
      LayoutSVGText {text} at (-1,1103) size 81x22 contains 1 chunk(s)
        LayoutSVGInlineText {#text} at (-1,1103) size 81x22
          chunk 1 text run 1 at (0.00,1120.00) startOffset 0 endOffset 11 width 80.00: "just a text"
      LayoutSVGText {text} at (99,1103) size 81x22 contains 1 chunk(s)
        LayoutSVGInlineText {#text} at (99,1103) size 81x22
          chunk 1 text run 1 at (100.00,1120.00) startOffset 0 endOffset 11 width 80.00: "just a text"
      LayoutSVGText {text} at (199,1103) size 81x22 contains 1 chunk(s)
        LayoutSVGInlineText {#text} at (199,1103) size 81x22
          chunk 1 text run 1 at (200.00,1120.00) startOffset 0 endOffset 11 width 80.00: "just a text"
      LayoutSVGText {text} at (299,1103) size 81x22 contains 1 chunk(s)
        LayoutSVGInlineText {#text} at (299,1103) size 81x22
          chunk 1 text run 1 at (300.00,1120.00) startOffset 0 endOffset 11 width 80.00: "just a text"
      LayoutSVGText {text} at (399,1103) size 81x22 contains 1 chunk(s)
        LayoutSVGInlineText {#text} at (399,1103) size 81x22
          chunk 1 text run 1 at (400.00,1120.00) startOffset 0 endOffset 11 width 80.00: "just a text"
      LayoutSVGText {text} at (499,1103) size 81x22 contains 1 chunk(s)
        LayoutSVGInlineText {#text} at (499,1103) size 81x22
          chunk 1 text run 1 at (500.00,1120.00) startOffset 0 endOffset 11 width 80.00: "just a text"
      LayoutSVGText {text} at (599,1103) size 81x22 contains 1 chunk(s)
        LayoutSVGInlineText {#text} at (599,1103) size 81x22
          chunk 1 text run 1 at (600.00,1120.00) startOffset 0 endOffset 11 width 80.00: "just a text"
      LayoutSVGText {text} at (699,1103) size 81x22 contains 1 chunk(s)
        LayoutSVGInlineText {#text} at (699,1103) size 81x22
          chunk 1 text run 1 at (700.00,1120.00) startOffset 0 endOffset 11 width 80.00: "just a text"
      LayoutSVGText {text} at (799,1103) size 81x22 contains 1 chunk(s)
        LayoutSVGInlineText {#text} at (799,1103) size 81x22
          chunk 1 text run 1 at (800.00,1120.00) startOffset 0 endOffset 11 width 80.00: "just a text"
      LayoutSVGText {text} at (899,1103) size 81x22 contains 1 chunk(s)
        LayoutSVGInlineText {#text} at (899,1103) size 81x22
          chunk 1 text run 1 at (900.00,1120.00) startOffset 0 endOffset 11 width 80.00: "just a text"
      LayoutSVGText {text} at (999,1103) size 81x22 contains 1 chunk(s)
        LayoutSVGInlineText {#text} at (999,1103) size 81x22
          chunk 1 text run 1 at (1000.00,1120.00) startOffset 0 endOffset 11 width 80.00: "just a text"
      LayoutSVGText {text} at (1099,1103) size 81x22 contains 1 chunk(s)
        LayoutSVGInlineText {#text} at (1099,1103) size 81x22
          chunk 1 text run 1 at (1100.00,1120.00) startOffset 0 endOffset 11 width 80.00: "just a text"
      LayoutSVGText {text} at (1199,1103) size 81x22 contains 1 chunk(s)
        LayoutSVGInlineText {#text} at (1199,1103) size 81x22
          chunk 1 text run 1 at (1200.00,1120.00) startOffset 0 endOffset 11 width 80.00: "just a text"
      LayoutSVGText {text} at (1299,1103) size 81x22 contains 1 chunk(s)
        LayoutSVGInlineText {#text} at (1299,1103) size 81x22
          chunk 1 text run 1 at (1300.00,1120.00) startOffset 0 endOffset 11 width 80.00: "just a text"
      LayoutSVGText {text} at (1399,1103) size 81x22 contains 1 chunk(s)
        LayoutSVGInlineText {#text} at (1399,1103) size 81x22
          chunk 1 text run 1 at (1400.00,1120.00) startOffset 0 endOffset 11 width 80.00: "just a text"
      LayoutSVGText {text} at (1499,1103) size 81x22 contains 1 chunk(s)
        LayoutSVGInlineText {#text} at (1499,1103) size 81x22
          chunk 1 text run 1 at (1500.00,1120.00) startOffset 0 endOffset 11 width 80.00: "just a text"
      LayoutSVGText {text} at (1599,1103) size 81x22 contains 1 chunk(s)
        LayoutSVGInlineText {#text} at (1599,1103) size 81x22
          chunk 1 text run 1 at (1600.00,1120.00) startOffset 0 endOffset 11 width 80.00: "just a text"
      LayoutSVGText {text} at (1699,1103) size 81x22 contains 1 chunk(s)
        LayoutSVGInlineText {#text} at (1699,1103) size 81x22
          chunk 1 text run 1 at (1700.00,1120.00) startOffset 0 endOffset 11 width 80.00: "just a text"
      LayoutSVGText {text} at (1799,1103) size 81x22 contains 1 chunk(s)
        LayoutSVGInlineText {#text} at (1799,1103) size 81x22
          chunk 1 text run 1 at (1800.00,1120.00) startOffset 0 endOffset 11 width 80.00: "just a text"
      LayoutSVGText {text} at (1899,1103) size 81x22 contains 1 chunk(s)
        LayoutSVGInlineText {#text} at (1899,1103) size 81x22
          chunk 1 text run 1 at (1900.00,1120.00) startOffset 0 endOffset 11 width 80.00: "just a text"
      LayoutSVGText {text} at (1999,1103) size 81x22 contains 1 chunk(s)
        LayoutSVGInlineText {#text} at (1999,1103) size 81x22
          chunk 1 text run 1 at (2000.00,1120.00) startOffset 0 endOffset 11 width 80.00: "just a text"
      LayoutSVGText {text} at (2099,1103) size 81x22 contains 1 chunk(s)
        LayoutSVGInlineText {#text} at (2099,1103) size 81x22
          chunk 1 text run 1 at (2100.00,1120.00) startOffset 0 endOffset 11 width 80.00: "just a text"
      LayoutSVGText {text} at (2199,1103) size 81x22 contains 1 chunk(s)
        LayoutSVGInlineText {#text} at (2199,1103) size 81x22
          chunk 1 text run 1 at (2200.00,1120.00) startOffset 0 endOffset 11 width 80.00: "just a text"
      LayoutSVGText {text} at (2299,1103) size 81x22 contains 1 chunk(s)
        LayoutSVGInlineText {#text} at (2299,1103) size 81x22
          chunk 1 text run 1 at (2300.00,1120.00) startOffset 0 endOffset 11 width 80.00: "just a text"
      LayoutSVGText {text} at (2399,1103) size 81x22 contains 1 chunk(s)
        LayoutSVGInlineText {#text} at (2399,1103) size 81x22
          chunk 1 text run 1 at (2400.00,1120.00) startOffset 0 endOffset 11 width 80.00: "just a text"
      LayoutSVGText {text} at (2499,1103) size 81x22 contains 1 chunk(s)
        LayoutSVGInlineText {#text} at (2499,1103) size 81x22
          chunk 1 text run 1 at (2500.00,1120.00) startOffset 0 endOffset 11 width 80.00: "just a text"
      LayoutSVGText {text} at (2599,1103) size 81x22 contains 1 chunk(s)
        LayoutSVGInlineText {#text} at (2599,1103) size 81x22
          chunk 1 text run 1 at (2600.00,1120.00) startOffset 0 endOffset 11 width 80.00: "just a text"
      LayoutSVGText {text} at (2699,1103) size 81x22 contains 1 chunk(s)
        LayoutSVGInlineText {#text} at (2699,1103) size 81x22
          chunk 1 text run 1 at (2700.00,1120.00) startOffset 0 endOffset 11 width 80.00: "just a text"
      LayoutSVGText {text} at (2799,1103) size 81x22 contains 1 chunk(s)
        LayoutSVGInlineText {#text} at (2799,1103) size 81x22
          chunk 1 text run 1 at (2800.00,1120.00) startOffset 0 endOffset 11 width 80.00: "just a text"
      LayoutSVGText {text} at (2899,1103) size 81x22 contains 1 chunk(s)
        LayoutSVGInlineText {#text} at (2899,1103) size 81x22
          chunk 1 text run 1 at (2900.00,1120.00) startOffset 0 endOffset 11 width 80.00: "just a text"
      LayoutSVGText {text} at (2999,1103) size 81x22 contains 1 chunk(s)
        LayoutSVGInlineText {#text} at (2999,1103) size 81x22
          chunk 1 text run 1 at (3000.00,1120.00) startOffset 0 endOffset 11 width 80.00: "just a text"
      LayoutSVGText {text} at (3099,1103) size 81x22 contains 1 chunk(s)
        LayoutSVGInlineText {#text} at (3099,1103) size 81x22
          chunk 1 text run 1 at (3100.00,1120.00) startOffset 0 endOffset 11 width 80.00: "just a text"
      LayoutSVGText {text} at (3199,1103) size 81x22 contains 1 chunk(s)
        LayoutSVGInlineText {#text} at (3199,1103) size 81x22
          chunk 1 text run 1 at (3200.00,1120.00) startOffset 0 endOffset 11 width 80.00: "just a text"
      LayoutSVGText {text} at (3299,1103) size 81x22 contains 1 chunk(s)
        LayoutSVGInlineText {#text} at (3299,1103) size 81x22
          chunk 1 text run 1 at (3300.00,1120.00) startOffset 0 endOffset 11 width 80.00: "just a text"
      LayoutSVGText {text} at (3399,1103) size 81x22 contains 1 chunk(s)
        LayoutSVGInlineText {#text} at (3399,1103) size 81x22
          chunk 1 text run 1 at (3400.00,1120.00) startOffset 0 endOffset 11 width 80.00: "just a text"
      LayoutSVGText {text} at (3499,1103) size 81x22 contains 1 chunk(s)
        LayoutSVGInlineText {#text} at (3499,1103) size 81x22
          chunk 1 text run 1 at (3500.00,1120.00) startOffset 0 endOffset 11 width 80.00: "just a text"
      LayoutSVGText {text} at (3599,1103) size 81x22 contains 1 chunk(s)
        LayoutSVGInlineText {#text} at (3599,1103) size 81x22
          chunk 1 text run 1 at (3600.00,1120.00) startOffset 0 endOffset 11 width 80.00: "just a text"
      LayoutSVGText {text} at (3699,1103) size 81x22 contains 1 chunk(s)
        LayoutSVGInlineText {#text} at (3699,1103) size 81x22
          chunk 1 text run 1 at (3700.00,1120.00) startOffset 0 endOffset 11 width 80.00: "just a text"
      LayoutSVGText {text} at (3799,1103) size 81x22 contains 1 chunk(s)
        LayoutSVGInlineText {#text} at (3799,1103) size 81x22
          chunk 1 text run 1 at (3800.00,1120.00) startOffset 0 endOffset 11 width 80.00: "just a text"
      LayoutSVGText {text} at (3899,1103) size 81x22 contains 1 chunk(s)
        LayoutSVGInlineText {#text} at (3899,1103) size 81x22
          chunk 1 text run 1 at (3900.00,1120.00) startOffset 0 endOffset 11 width 80.00: "just a text"
      LayoutSVGText {text} at (3999,1103) size 81x22 contains 1 chunk(s)
        LayoutSVGInlineText {#text} at (3999,1103) size 81x22
          chunk 1 text run 1 at (4000.00,1120.00) startOffset 0 endOffset 11 width 80.00: "just a text"
      LayoutSVGText {text} at (4099,1103) size 81x22 contains 1 chunk(s)
        LayoutSVGInlineText {#text} at (4099,1103) size 81x22
          chunk 1 text run 1 at (4100.00,1120.00) startOffset 0 endOffset 11 width 80.00: "just a text"
      LayoutSVGText {text} at (4199,1103) size 81x22 contains 1 chunk(s)
        LayoutSVGInlineText {#text} at (4199,1103) size 81x22
          chunk 1 text run 1 at (4200.00,1120.00) startOffset 0 endOffset 11 width 80.00: "just a text"
      LayoutSVGText {text} at (4299,1103) size 81x22 contains 1 chunk(s)
        LayoutSVGInlineText {#text} at (4299,1103) size 81x22
          chunk 1 text run 1 at (4300.00,1120.00) startOffset 0 endOffset 11 width 80.00: "just a text"
      LayoutSVGText {text} at (4399,1103) size 81x22 contains 1 chunk(s)
        LayoutSVGInlineText {#text} at (4399,1103) size 81x22
          chunk 1 text run 1 at (4400.00,1120.00) startOffset 0 endOffset 11 width 80.00: "just a text"
      LayoutSVGText {text} at (4499,1103) size 81x22 contains 1 chunk(s)
        LayoutSVGInlineText {#text} at (4499,1103) size 81x22
          chunk 1 text run 1 at (4500.00,1120.00) startOffset 0 endOffset 11 width 80.00: "just a text"
      LayoutSVGText {text} at (4599,1103) size 81x22 contains 1 chunk(s)
        LayoutSVGInlineText {#text} at (4599,1103) size 81x22
          chunk 1 text run 1 at (4600.00,1120.00) startOffset 0 endOffset 11 width 80.00: "just a text"
      LayoutSVGText {text} at (4699,1103) size 81x22 contains 1 chunk(s)
        LayoutSVGInlineText {#text} at (4699,1103) size 81x22
          chunk 1 text run 1 at (4700.00,1120.00) startOffset 0 endOffset 11 width 80.00: "just a text"
      LayoutSVGText {text} at (4799,1103) size 81x22 contains 1 chunk(s)
        LayoutSVGInlineText {#text} at (4799,1103) size 81x22
          chunk 1 text run 1 at (4800.00,1120.00) startOffset 0 endOffset 11 width 80.00: "just a text"
      LayoutSVGText {text} at (4899,1103) size 81x22 contains 1 chunk(s)
        LayoutSVGInlineText {#text} at (4899,1103) size 81x22
          chunk 1 text run 1 at (4900.00,1120.00) startOffset 0 endOffset 11 width 80.00: "just a text"
      LayoutSVGText {text} at (-1,1203) size 81x22 contains 1 chunk(s)
        LayoutSVGInlineText {#text} at (-1,1203) size 81x22
          chunk 1 text run 1 at (0.00,1220.00) startOffset 0 endOffset 11 width 80.00: "just a text"
      LayoutSVGText {text} at (99,1203) size 81x22 contains 1 chunk(s)
        LayoutSVGInlineText {#text} at (99,1203) size 81x22
          chunk 1 text run 1 at (100.00,1220.00) startOffset 0 endOffset 11 width 80.00: "just a text"
      LayoutSVGText {text} at (199,1203) size 81x22 contains 1 chunk(s)
        LayoutSVGInlineText {#text} at (199,1203) size 81x22
          chunk 1 text run 1 at (200.00,1220.00) startOffset 0 endOffset 11 width 80.00: "just a text"
      LayoutSVGText {text} at (299,1203) size 81x22 contains 1 chunk(s)
        LayoutSVGInlineText {#text} at (299,1203) size 81x22
          chunk 1 text run 1 at (300.00,1220.00) startOffset 0 endOffset 11 width 80.00: "just a text"
      LayoutSVGText {text} at (399,1203) size 81x22 contains 1 chunk(s)
        LayoutSVGInlineText {#text} at (399,1203) size 81x22
          chunk 1 text run 1 at (400.00,1220.00) startOffset 0 endOffset 11 width 80.00: "just a text"
      LayoutSVGText {text} at (499,1203) size 81x22 contains 1 chunk(s)
        LayoutSVGInlineText {#text} at (499,1203) size 81x22
          chunk 1 text run 1 at (500.00,1220.00) startOffset 0 endOffset 11 width 80.00: "just a text"
      LayoutSVGText {text} at (599,1203) size 81x22 contains 1 chunk(s)
        LayoutSVGInlineText {#text} at (599,1203) size 81x22
          chunk 1 text run 1 at (600.00,1220.00) startOffset 0 endOffset 11 width 80.00: "just a text"
      LayoutSVGText {text} at (699,1203) size 81x22 contains 1 chunk(s)
        LayoutSVGInlineText {#text} at (699,1203) size 81x22
          chunk 1 text run 1 at (700.00,1220.00) startOffset 0 endOffset 11 width 80.00: "just a text"
      LayoutSVGText {text} at (799,1203) size 81x22 contains 1 chunk(s)
        LayoutSVGInlineText {#text} at (799,1203) size 81x22
          chunk 1 text run 1 at (800.00,1220.00) startOffset 0 endOffset 11 width 80.00: "just a text"
      LayoutSVGText {text} at (899,1203) size 81x22 contains 1 chunk(s)
        LayoutSVGInlineText {#text} at (899,1203) size 81x22
          chunk 1 text run 1 at (900.00,1220.00) startOffset 0 endOffset 11 width 80.00: "just a text"
      LayoutSVGText {text} at (999,1203) size 81x22 contains 1 chunk(s)
        LayoutSVGInlineText {#text} at (999,1203) size 81x22
          chunk 1 text run 1 at (1000.00,1220.00) startOffset 0 endOffset 11 width 80.00: "just a text"
      LayoutSVGText {text} at (1099,1203) size 81x22 contains 1 chunk(s)
        LayoutSVGInlineText {#text} at (1099,1203) size 81x22
          chunk 1 text run 1 at (1100.00,1220.00) startOffset 0 endOffset 11 width 80.00: "just a text"
      LayoutSVGText {text} at (1199,1203) size 81x22 contains 1 chunk(s)
        LayoutSVGInlineText {#text} at (1199,1203) size 81x22
          chunk 1 text run 1 at (1200.00,1220.00) startOffset 0 endOffset 11 width 80.00: "just a text"
      LayoutSVGText {text} at (1299,1203) size 81x22 contains 1 chunk(s)
        LayoutSVGInlineText {#text} at (1299,1203) size 81x22
          chunk 1 text run 1 at (1300.00,1220.00) startOffset 0 endOffset 11 width 80.00: "just a text"
      LayoutSVGText {text} at (1399,1203) size 81x22 contains 1 chunk(s)
        LayoutSVGInlineText {#text} at (1399,1203) size 81x22
          chunk 1 text run 1 at (1400.00,1220.00) startOffset 0 endOffset 11 width 80.00: "just a text"
      LayoutSVGText {text} at (1499,1203) size 81x22 contains 1 chunk(s)
        LayoutSVGInlineText {#text} at (1499,1203) size 81x22
          chunk 1 text run 1 at (1500.00,1220.00) startOffset 0 endOffset 11 width 80.00: "just a text"
      LayoutSVGText {text} at (1599,1203) size 81x22 contains 1 chunk(s)
        LayoutSVGInlineText {#text} at (1599,1203) size 81x22
          chunk 1 text run 1 at (1600.00,1220.00) startOffset 0 endOffset 11 width 80.00: "just a text"
      LayoutSVGText {text} at (1699,1203) size 81x22 contains 1 chunk(s)
        LayoutSVGInlineText {#text} at (1699,1203) size 81x22
          chunk 1 text run 1 at (1700.00,1220.00) startOffset 0 endOffset 11 width 80.00: "just a text"
      LayoutSVGText {text} at (1799,1203) size 81x22 contains 1 chunk(s)
        LayoutSVGInlineText {#text} at (1799,1203) size 81x22
          chunk 1 text run 1 at (1800.00,1220.00) startOffset 0 endOffset 11 width 80.00: "just a text"
      LayoutSVGText {text} at (1899,1203) size 81x22 contains 1 chunk(s)
        LayoutSVGInlineText {#text} at (1899,1203) size 81x22
          chunk 1 text run 1 at (1900.00,1220.00) startOffset 0 endOffset 11 width 80.00: "just a text"
      LayoutSVGText {text} at (1999,1203) size 81x22 contains 1 chunk(s)
        LayoutSVGInlineText {#text} at (1999,1203) size 81x22
          chunk 1 text run 1 at (2000.00,1220.00) startOffset 0 endOffset 11 width 80.00: "just a text"
      LayoutSVGText {text} at (2099,1203) size 81x22 contains 1 chunk(s)
        LayoutSVGInlineText {#text} at (2099,1203) size 81x22
          chunk 1 text run 1 at (2100.00,1220.00) startOffset 0 endOffset 11 width 80.00: "just a text"
      LayoutSVGText {text} at (2199,1203) size 81x22 contains 1 chunk(s)
        LayoutSVGInlineText {#text} at (2199,1203) size 81x22
          chunk 1 text run 1 at (2200.00,1220.00) startOffset 0 endOffset 11 width 80.00: "just a text"
      LayoutSVGText {text} at (2299,1203) size 81x22 contains 1 chunk(s)
        LayoutSVGInlineText {#text} at (2299,1203) size 81x22
          chunk 1 text run 1 at (2300.00,1220.00) startOffset 0 endOffset 11 width 80.00: "just a text"
      LayoutSVGText {text} at (2399,1203) size 81x22 contains 1 chunk(s)
        LayoutSVGInlineText {#text} at (2399,1203) size 81x22
          chunk 1 text run 1 at (2400.00,1220.00) startOffset 0 endOffset 11 width 80.00: "just a text"
      LayoutSVGText {text} at (2499,1203) size 81x22 contains 1 chunk(s)
        LayoutSVGInlineText {#text} at (2499,1203) size 81x22
          chunk 1 text run 1 at (2500.00,1220.00) startOffset 0 endOffset 11 width 80.00: "just a text"
      LayoutSVGText {text} at (2599,1203) size 81x22 contains 1 chunk(s)
        LayoutSVGInlineText {#text} at (2599,1203) size 81x22
          chunk 1 text run 1 at (2600.00,1220.00) startOffset 0 endOffset 11 width 80.00: "just a text"
      LayoutSVGText {text} at (2699,1203) size 81x22 contains 1 chunk(s)
        LayoutSVGInlineText {#text} at (2699,1203) size 81x22
          chunk 1 text run 1 at (2700.00,1220.00) startOffset 0 endOffset 11 width 80.00: "just a text"
      LayoutSVGText {text} at (2799,1203) size 81x22 contains 1 chunk(s)
        LayoutSVGInlineText {#text} at (2799,1203) size 81x22
          chunk 1 text run 1 at (2800.00,1220.00) startOffset 0 endOffset 11 width 80.00: "just a text"
      LayoutSVGText {text} at (2899,1203) size 81x22 contains 1 chunk(s)
        LayoutSVGInlineText {#text} at (2899,1203) size 81x22
          chunk 1 text run 1 at (2900.00,1220.00) startOffset 0 endOffset 11 width 80.00: "just a text"
      LayoutSVGText {text} at (2999,1203) size 81x22 contains 1 chunk(s)
        LayoutSVGInlineText {#text} at (2999,1203) size 81x22
          chunk 1 text run 1 at (3000.00,1220.00) startOffset 0 endOffset 11 width 80.00: "just a text"
      LayoutSVGText {text} at (3099,1203) size 81x22 contains 1 chunk(s)
        LayoutSVGInlineText {#text} at (3099,1203) size 81x22
          chunk 1 text run 1 at (3100.00,1220.00) startOffset 0 endOffset 11 width 80.00: "just a text"
      LayoutSVGText {text} at (3199,1203) size 81x22 contains 1 chunk(s)
        LayoutSVGInlineText {#text} at (3199,1203) size 81x22
          chunk 1 text run 1 at (3200.00,1220.00) startOffset 0 endOffset 11 width 80.00: "just a text"
      LayoutSVGText {text} at (3299,1203) size 81x22 contains 1 chunk(s)
        LayoutSVGInlineText {#text} at (3299,1203) size 81x22
          chunk 1 text run 1 at (3300.00,1220.00) startOffset 0 endOffset 11 width 80.00: "just a text"
      LayoutSVGText {text} at (3399,1203) size 81x22 contains 1 chunk(s)
        LayoutSVGInlineText {#text} at (3399,1203) size 81x22
          chunk 1 text run 1 at (3400.00,1220.00) startOffset 0 endOffset 11 width 80.00: "just a text"
      LayoutSVGText {text} at (3499,1203) size 81x22 contains 1 chunk(s)
        LayoutSVGInlineText {#text} at (3499,1203) size 81x22
          chunk 1 text run 1 at (3500.00,1220.00) startOffset 0 endOffset 11 width 80.00: "just a text"
      LayoutSVGText {text} at (3599,1203) size 81x22 contains 1 chunk(s)
        LayoutSVGInlineText {#text} at (3599,1203) size 81x22
          chunk 1 text run 1 at (3600.00,1220.00) startOffset 0 endOffset 11 width 80.00: "just a text"
      LayoutSVGText {text} at (3699,1203) size 81x22 contains 1 chunk(s)
        LayoutSVGInlineText {#text} at (3699,1203) size 81x22
          chunk 1 text run 1 at (3700.00,1220.00) startOffset 0 endOffset 11 width 80.00: "just a text"
      LayoutSVGText {text} at (3799,1203) size 81x22 contains 1 chunk(s)
        LayoutSVGInlineText {#text} at (3799,1203) size 81x22
          chunk 1 text run 1 at (3800.00,1220.00) startOffset 0 endOffset 11 width 80.00: "just a text"
      LayoutSVGText {text} at (3899,1203) size 81x22 contains 1 chunk(s)
        LayoutSVGInlineText {#text} at (3899,1203) size 81x22
          chunk 1 text run 1 at (3900.00,1220.00) startOffset 0 endOffset 11 width 80.00: "just a text"
      LayoutSVGText {text} at (3999,1203) size 81x22 contains 1 chunk(s)
        LayoutSVGInlineText {#text} at (3999,1203) size 81x22
          chunk 1 text run 1 at (4000.00,1220.00) startOffset 0 endOffset 11 width 80.00: "just a text"
      LayoutSVGText {text} at (4099,1203) size 81x22 contains 1 chunk(s)
        LayoutSVGInlineText {#text} at (4099,1203) size 81x22
          chunk 1 text run 1 at (4100.00,1220.00) startOffset 0 endOffset 11 width 80.00: "just a text"
      LayoutSVGText {text} at (4199,1203) size 81x22 contains 1 chunk(s)
        LayoutSVGInlineText {#text} at (4199,1203) size 81x22
          chunk 1 text run 1 at (4200.00,1220.00) startOffset 0 endOffset 11 width 80.00: "just a text"
      LayoutSVGText {text} at (4299,1203) size 81x22 contains 1 chunk(s)
        LayoutSVGInlineText {#text} at (4299,1203) size 81x22
          chunk 1 text run 1 at (4300.00,1220.00) startOffset 0 endOffset 11 width 80.00: "just a text"
      LayoutSVGText {text} at (4399,1203) size 81x22 contains 1 chunk(s)
        LayoutSVGInlineText {#text} at (4399,1203) size 81x22
          chunk 1 text run 1 at (4400.00,1220.00) startOffset 0 endOffset 11 width 80.00: "just a text"
      LayoutSVGText {text} at (4499,1203) size 81x22 contains 1 chunk(s)
        LayoutSVGInlineText {#text} at (4499,1203) size 81x22
          chunk 1 text run 1 at (4500.00,1220.00) startOffset 0 endOffset 11 width 80.00: "just a text"
      LayoutSVGText {text} at (4599,1203) size 81x22 contains 1 chunk(s)
        LayoutSVGInlineText {#text} at (4599,1203) size 81x22
          chunk 1 text run 1 at (4600.00,1220.00) startOffset 0 endOffset 11 width 80.00: "just a text"
      LayoutSVGText {text} at (4699,1203) size 81x22 contains 1 chunk(s)
        LayoutSVGInlineText {#text} at (4699,1203) size 81x22
          chunk 1 text run 1 at (4700.00,1220.00) startOffset 0 endOffset 11 width 80.00: "just a text"
      LayoutSVGText {text} at (4799,1203) size 81x22 contains 1 chunk(s)
        LayoutSVGInlineText {#text} at (4799,1203) size 81x22
          chunk 1 text run 1 at (4800.00,1220.00) startOffset 0 endOffset 11 width 80.00: "just a text"
      LayoutSVGText {text} at (4899,1203) size 81x22 contains 1 chunk(s)
        LayoutSVGInlineText {#text} at (4899,1203) size 81x22
          chunk 1 text run 1 at (4900.00,1220.00) startOffset 0 endOffset 11 width 80.00: "just a text"
      LayoutSVGText {text} at (-1,1303) size 81x22 contains 1 chunk(s)
        LayoutSVGInlineText {#text} at (-1,1303) size 81x22
          chunk 1 text run 1 at (0.00,1320.00) startOffset 0 endOffset 11 width 80.00: "just a text"
      LayoutSVGText {text} at (99,1303) size 81x22 contains 1 chunk(s)
        LayoutSVGInlineText {#text} at (99,1303) size 81x22
          chunk 1 text run 1 at (100.00,1320.00) startOffset 0 endOffset 11 width 80.00: "just a text"
      LayoutSVGText {text} at (199,1303) size 81x22 contains 1 chunk(s)
        LayoutSVGInlineText {#text} at (199,1303) size 81x22
          chunk 1 text run 1 at (200.00,1320.00) startOffset 0 endOffset 11 width 80.00: "just a text"
      LayoutSVGText {text} at (299,1303) size 81x22 contains 1 chunk(s)
        LayoutSVGInlineText {#text} at (299,1303) size 81x22
          chunk 1 text run 1 at (300.00,1320.00) startOffset 0 endOffset 11 width 80.00: "just a text"
      LayoutSVGText {text} at (399,1303) size 81x22 contains 1 chunk(s)
        LayoutSVGInlineText {#text} at (399,1303) size 81x22
          chunk 1 text run 1 at (400.00,1320.00) startOffset 0 endOffset 11 width 80.00: "just a text"
      LayoutSVGText {text} at (499,1303) size 81x22 contains 1 chunk(s)
        LayoutSVGInlineText {#text} at (499,1303) size 81x22
          chunk 1 text run 1 at (500.00,1320.00) startOffset 0 endOffset 11 width 80.00: "just a text"
      LayoutSVGText {text} at (599,1303) size 81x22 contains 1 chunk(s)
        LayoutSVGInlineText {#text} at (599,1303) size 81x22
          chunk 1 text run 1 at (600.00,1320.00) startOffset 0 endOffset 11 width 80.00: "just a text"
      LayoutSVGText {text} at (699,1303) size 81x22 contains 1 chunk(s)
        LayoutSVGInlineText {#text} at (699,1303) size 81x22
          chunk 1 text run 1 at (700.00,1320.00) startOffset 0 endOffset 11 width 80.00: "just a text"
      LayoutSVGText {text} at (799,1303) size 81x22 contains 1 chunk(s)
        LayoutSVGInlineText {#text} at (799,1303) size 81x22
          chunk 1 text run 1 at (800.00,1320.00) startOffset 0 endOffset 11 width 80.00: "just a text"
      LayoutSVGText {text} at (899,1303) size 81x22 contains 1 chunk(s)
        LayoutSVGInlineText {#text} at (899,1303) size 81x22
          chunk 1 text run 1 at (900.00,1320.00) startOffset 0 endOffset 11 width 80.00: "just a text"
      LayoutSVGText {text} at (999,1303) size 81x22 contains 1 chunk(s)
        LayoutSVGInlineText {#text} at (999,1303) size 81x22
          chunk 1 text run 1 at (1000.00,1320.00) startOffset 0 endOffset 11 width 80.00: "just a text"
      LayoutSVGText {text} at (1099,1303) size 81x22 contains 1 chunk(s)
        LayoutSVGInlineText {#text} at (1099,1303) size 81x22
          chunk 1 text run 1 at (1100.00,1320.00) startOffset 0 endOffset 11 width 80.00: "just a text"
      LayoutSVGText {text} at (1199,1303) size 81x22 contains 1 chunk(s)
        LayoutSVGInlineText {#text} at (1199,1303) size 81x22
          chunk 1 text run 1 at (1200.00,1320.00) startOffset 0 endOffset 11 width 80.00: "just a text"
      LayoutSVGText {text} at (1299,1303) size 81x22 contains 1 chunk(s)
        LayoutSVGInlineText {#text} at (1299,1303) size 81x22
          chunk 1 text run 1 at (1300.00,1320.00) startOffset 0 endOffset 11 width 80.00: "just a text"
      LayoutSVGText {text} at (1399,1303) size 81x22 contains 1 chunk(s)
        LayoutSVGInlineText {#text} at (1399,1303) size 81x22
          chunk 1 text run 1 at (1400.00,1320.00) startOffset 0 endOffset 11 width 80.00: "just a text"
      LayoutSVGText {text} at (1499,1303) size 81x22 contains 1 chunk(s)
        LayoutSVGInlineText {#text} at (1499,1303) size 81x22
          chunk 1 text run 1 at (1500.00,1320.00) startOffset 0 endOffset 11 width 80.00: "just a text"
      LayoutSVGText {text} at (1599,1303) size 81x22 contains 1 chunk(s)
        LayoutSVGInlineText {#text} at (1599,1303) size 81x22
          chunk 1 text run 1 at (1600.00,1320.00) startOffset 0 endOffset 11 width 80.00: "just a text"
      LayoutSVGText {text} at (1699,1303) size 81x22 contains 1 chunk(s)
        LayoutSVGInlineText {#text} at (1699,1303) size 81x22
          chunk 1 text run 1 at (1700.00,1320.00) startOffset 0 endOffset 11 width 80.00: "just a text"
      LayoutSVGText {text} at (1799,1303) size 81x22 contains 1 chunk(s)
        LayoutSVGInlineText {#text} at (1799,1303) size 81x22
          chunk 1 text run 1 at (1800.00,1320.00) startOffset 0 endOffset 11 width 80.00: "just a text"
      LayoutSVGText {text} at (1899,1303) size 81x22 contains 1 chunk(s)
        LayoutSVGInlineText {#text} at (1899,1303) size 81x22
          chunk 1 text run 1 at (1900.00,1320.00) startOffset 0 endOffset 11 width 80.00: "just a text"
      LayoutSVGText {text} at (1999,1303) size 81x22 contains 1 chunk(s)
        LayoutSVGInlineText {#text} at (1999,1303) size 81x22
          chunk 1 text run 1 at (2000.00,1320.00) startOffset 0 endOffset 11 width 80.00: "just a text"
      LayoutSVGText {text} at (2099,1303) size 81x22 contains 1 chunk(s)
        LayoutSVGInlineText {#text} at (2099,1303) size 81x22
          chunk 1 text run 1 at (2100.00,1320.00) startOffset 0 endOffset 11 width 80.00: "just a text"
      LayoutSVGText {text} at (2199,1303) size 81x22 contains 1 chunk(s)
        LayoutSVGInlineText {#text} at (2199,1303) size 81x22
          chunk 1 text run 1 at (2200.00,1320.00) startOffset 0 endOffset 11 width 80.00: "just a text"
      LayoutSVGText {text} at (2299,1303) size 81x22 contains 1 chunk(s)
        LayoutSVGInlineText {#text} at (2299,1303) size 81x22
          chunk 1 text run 1 at (2300.00,1320.00) startOffset 0 endOffset 11 width 80.00: "just a text"
      LayoutSVGText {text} at (2399,1303) size 81x22 contains 1 chunk(s)
        LayoutSVGInlineText {#text} at (2399,1303) size 81x22
          chunk 1 text run 1 at (2400.00,1320.00) startOffset 0 endOffset 11 width 80.00: "just a text"
      LayoutSVGText {text} at (2499,1303) size 81x22 contains 1 chunk(s)
        LayoutSVGInlineText {#text} at (2499,1303) size 81x22
          chunk 1 text run 1 at (2500.00,1320.00) startOffset 0 endOffset 11 width 80.00: "just a text"
      LayoutSVGText {text} at (2599,1303) size 81x22 contains 1 chunk(s)
        LayoutSVGInlineText {#text} at (2599,1303) size 81x22
          chunk 1 text run 1 at (2600.00,1320.00) startOffset 0 endOffset 11 width 80.00: "just a text"
      LayoutSVGText {text} at (2699,1303) size 81x22 contains 1 chunk(s)
        LayoutSVGInlineText {#text} at (2699,1303) size 81x22
          chunk 1 text run 1 at (2700.00,1320.00) startOffset 0 endOffset 11 width 80.00: "just a text"
      LayoutSVGText {text} at (2799,1303) size 81x22 contains 1 chunk(s)
        LayoutSVGInlineText {#text} at (2799,1303) size 81x22
          chunk 1 text run 1 at (2800.00,1320.00) startOffset 0 endOffset 11 width 80.00: "just a text"
      LayoutSVGText {text} at (2899,1303) size 81x22 contains 1 chunk(s)
        LayoutSVGInlineText {#text} at (2899,1303) size 81x22
          chunk 1 text run 1 at (2900.00,1320.00) startOffset 0 endOffset 11 width 80.00: "just a text"
      LayoutSVGText {text} at (2999,1303) size 81x22 contains 1 chunk(s)
        LayoutSVGInlineText {#text} at (2999,1303) size 81x22
          chunk 1 text run 1 at (3000.00,1320.00) startOffset 0 endOffset 11 width 80.00: "just a text"
      LayoutSVGText {text} at (3099,1303) size 81x22 contains 1 chunk(s)
        LayoutSVGInlineText {#text} at (3099,1303) size 81x22
          chunk 1 text run 1 at (3100.00,1320.00) startOffset 0 endOffset 11 width 80.00: "just a text"
      LayoutSVGText {text} at (3199,1303) size 81x22 contains 1 chunk(s)
        LayoutSVGInlineText {#text} at (3199,1303) size 81x22
          chunk 1 text run 1 at (3200.00,1320.00) startOffset 0 endOffset 11 width 80.00: "just a text"
      LayoutSVGText {text} at (3299,1303) size 81x22 contains 1 chunk(s)
        LayoutSVGInlineText {#text} at (3299,1303) size 81x22
          chunk 1 text run 1 at (3300.00,1320.00) startOffset 0 endOffset 11 width 80.00: "just a text"
      LayoutSVGText {text} at (3399,1303) size 81x22 contains 1 chunk(s)
        LayoutSVGInlineText {#text} at (3399,1303) size 81x22
          chunk 1 text run 1 at (3400.00,1320.00) startOffset 0 endOffset 11 width 80.00: "just a text"
      LayoutSVGText {text} at (3499,1303) size 81x22 contains 1 chunk(s)
        LayoutSVGInlineText {#text} at (3499,1303) size 81x22
          chunk 1 text run 1 at (3500.00,1320.00) startOffset 0 endOffset 11 width 80.00: "just a text"
      LayoutSVGText {text} at (3599,1303) size 81x22 contains 1 chunk(s)
        LayoutSVGInlineText {#text} at (3599,1303) size 81x22
          chunk 1 text run 1 at (3600.00,1320.00) startOffset 0 endOffset 11 width 80.00: "just a text"
      LayoutSVGText {text} at (3699,1303) size 81x22 contains 1 chunk(s)
        LayoutSVGInlineText {#text} at (3699,1303) size 81x22
          chunk 1 text run 1 at (3700.00,1320.00) startOffset 0 endOffset 11 width 80.00: "just a text"
      LayoutSVGText {text} at (3799,1303) size 81x22 contains 1 chunk(s)
        LayoutSVGInlineText {#text} at (3799,1303) size 81x22
          chunk 1 text run 1 at (3800.00,1320.00) startOffset 0 endOffset 11 width 80.00: "just a text"
      LayoutSVGText {text} at (3899,1303) size 81x22 contains 1 chunk(s)
        LayoutSVGInlineText {#text} at (3899,1303) size 81x22
          chunk 1 text run 1 at (3900.00,1320.00) startOffset 0 endOffset 11 width 80.00: "just a text"
      LayoutSVGText {text} at (3999,1303) size 81x22 contains 1 chunk(s)
        LayoutSVGInlineText {#text} at (3999,1303) size 81x22
          chunk 1 text run 1 at (4000.00,1320.00) startOffset 0 endOffset 11 width 80.00: "just a text"
      LayoutSVGText {text} at (4099,1303) size 81x22 contains 1 chunk(s)
        LayoutSVGInlineText {#text} at (4099,1303) size 81x22
          chunk 1 text run 1 at (4100.00,1320.00) startOffset 0 endOffset 11 width 80.00: "just a text"
      LayoutSVGText {text} at (4199,1303) size 81x22 contains 1 chunk(s)
        LayoutSVGInlineText {#text} at (4199,1303) size 81x22
          chunk 1 text run 1 at (4200.00,1320.00) startOffset 0 endOffset 11 width 80.00: "just a text"
      LayoutSVGText {text} at (4299,1303) size 81x22 contains 1 chunk(s)
        LayoutSVGInlineText {#text} at (4299,1303) size 81x22
          chunk 1 text run 1 at (4300.00,1320.00) startOffset 0 endOffset 11 width 80.00: "just a text"
      LayoutSVGText {text} at (4399,1303) size 81x22 contains 1 chunk(s)
        LayoutSVGInlineText {#text} at (4399,1303) size 81x22
          chunk 1 text run 1 at (4400.00,1320.00) startOffset 0 endOffset 11 width 80.00: "just a text"
      LayoutSVGText {text} at (4499,1303) size 81x22 contains 1 chunk(s)
        LayoutSVGInlineText {#text} at (4499,1303) size 81x22
          chunk 1 text run 1 at (4500.00,1320.00) startOffset 0 endOffset 11 width 80.00: "just a text"
      LayoutSVGText {text} at (4599,1303) size 81x22 contains 1 chunk(s)
        LayoutSVGInlineText {#text} at (4599,1303) size 81x22
          chunk 1 text run 1 at (4600.00,1320.00) startOffset 0 endOffset 11 width 80.00: "just a text"
      LayoutSVGText {text} at (4699,1303) size 81x22 contains 1 chunk(s)
        LayoutSVGInlineText {#text} at (4699,1303) size 81x22
          chunk 1 text run 1 at (4700.00,1320.00) startOffset 0 endOffset 11 width 80.00: "just a text"
      LayoutSVGText {text} at (4799,1303) size 81x22 contains 1 chunk(s)
        LayoutSVGInlineText {#text} at (4799,1303) size 81x22
          chunk 1 text run 1 at (4800.00,1320.00) startOffset 0 endOffset 11 width 80.00: "just a text"
      LayoutSVGText {text} at (4899,1303) size 81x22 contains 1 chunk(s)
        LayoutSVGInlineText {#text} at (4899,1303) size 81x22
          chunk 1 text run 1 at (4900.00,1320.00) startOffset 0 endOffset 11 width 80.00: "just a text"
      LayoutSVGText {text} at (-1,1403) size 81x22 contains 1 chunk(s)
        LayoutSVGInlineText {#text} at (-1,1403) size 81x22
          chunk 1 text run 1 at (0.00,1420.00) startOffset 0 endOffset 11 width 80.00: "just a text"
      LayoutSVGText {text} at (99,1403) size 81x22 contains 1 chunk(s)
        LayoutSVGInlineText {#text} at (99,1403) size 81x22
          chunk 1 text run 1 at (100.00,1420.00) startOffset 0 endOffset 11 width 80.00: "just a text"
      LayoutSVGText {text} at (199,1403) size 81x22 contains 1 chunk(s)
        LayoutSVGInlineText {#text} at (199,1403) size 81x22
          chunk 1 text run 1 at (200.00,1420.00) startOffset 0 endOffset 11 width 80.00: "just a text"
      LayoutSVGText {text} at (299,1403) size 81x22 contains 1 chunk(s)
        LayoutSVGInlineText {#text} at (299,1403) size 81x22
          chunk 1 text run 1 at (300.00,1420.00) startOffset 0 endOffset 11 width 80.00: "just a text"
      LayoutSVGText {text} at (399,1403) size 81x22 contains 1 chunk(s)
        LayoutSVGInlineText {#text} at (399,1403) size 81x22
          chunk 1 text run 1 at (400.00,1420.00) startOffset 0 endOffset 11 width 80.00: "just a text"
      LayoutSVGText {text} at (499,1403) size 81x22 contains 1 chunk(s)
        LayoutSVGInlineText {#text} at (499,1403) size 81x22
          chunk 1 text run 1 at (500.00,1420.00) startOffset 0 endOffset 11 width 80.00: "just a text"
      LayoutSVGText {text} at (599,1403) size 81x22 contains 1 chunk(s)
        LayoutSVGInlineText {#text} at (599,1403) size 81x22
          chunk 1 text run 1 at (600.00,1420.00) startOffset 0 endOffset 11 width 80.00: "just a text"
      LayoutSVGText {text} at (699,1403) size 81x22 contains 1 chunk(s)
        LayoutSVGInlineText {#text} at (699,1403) size 81x22
          chunk 1 text run 1 at (700.00,1420.00) startOffset 0 endOffset 11 width 80.00: "just a text"
      LayoutSVGText {text} at (799,1403) size 81x22 contains 1 chunk(s)
        LayoutSVGInlineText {#text} at (799,1403) size 81x22
          chunk 1 text run 1 at (800.00,1420.00) startOffset 0 endOffset 11 width 80.00: "just a text"
      LayoutSVGText {text} at (899,1403) size 81x22 contains 1 chunk(s)
        LayoutSVGInlineText {#text} at (899,1403) size 81x22
          chunk 1 text run 1 at (900.00,1420.00) startOffset 0 endOffset 11 width 80.00: "just a text"
      LayoutSVGText {text} at (999,1403) size 81x22 contains 1 chunk(s)
        LayoutSVGInlineText {#text} at (999,1403) size 81x22
          chunk 1 text run 1 at (1000.00,1420.00) startOffset 0 endOffset 11 width 80.00: "just a text"
      LayoutSVGText {text} at (1099,1403) size 81x22 contains 1 chunk(s)
        LayoutSVGInlineText {#text} at (1099,1403) size 81x22
          chunk 1 text run 1 at (1100.00,1420.00) startOffset 0 endOffset 11 width 80.00: "just a text"
      LayoutSVGText {text} at (1199,1403) size 81x22 contains 1 chunk(s)
        LayoutSVGInlineText {#text} at (1199,1403) size 81x22
          chunk 1 text run 1 at (1200.00,1420.00) startOffset 0 endOffset 11 width 80.00: "just a text"
      LayoutSVGText {text} at (1299,1403) size 81x22 contains 1 chunk(s)
        LayoutSVGInlineText {#text} at (1299,1403) size 81x22
          chunk 1 text run 1 at (1300.00,1420.00) startOffset 0 endOffset 11 width 80.00: "just a text"
      LayoutSVGText {text} at (1399,1403) size 81x22 contains 1 chunk(s)
        LayoutSVGInlineText {#text} at (1399,1403) size 81x22
          chunk 1 text run 1 at (1400.00,1420.00) startOffset 0 endOffset 11 width 80.00: "just a text"
      LayoutSVGText {text} at (1499,1403) size 81x22 contains 1 chunk(s)
        LayoutSVGInlineText {#text} at (1499,1403) size 81x22
          chunk 1 text run 1 at (1500.00,1420.00) startOffset 0 endOffset 11 width 80.00: "just a text"
      LayoutSVGText {text} at (1599,1403) size 81x22 contains 1 chunk(s)
        LayoutSVGInlineText {#text} at (1599,1403) size 81x22
          chunk 1 text run 1 at (1600.00,1420.00) startOffset 0 endOffset 11 width 80.00: "just a text"
      LayoutSVGText {text} at (1699,1403) size 81x22 contains 1 chunk(s)
        LayoutSVGInlineText {#text} at (1699,1403) size 81x22
          chunk 1 text run 1 at (1700.00,1420.00) startOffset 0 endOffset 11 width 80.00: "just a text"
      LayoutSVGText {text} at (1799,1403) size 81x22 contains 1 chunk(s)
        LayoutSVGInlineText {#text} at (1799,1403) size 81x22
          chunk 1 text run 1 at (1800.00,1420.00) startOffset 0 endOffset 11 width 80.00: "just a text"
      LayoutSVGText {text} at (1899,1403) size 81x22 contains 1 chunk(s)
        LayoutSVGInlineText {#text} at (1899,1403) size 81x22
          chunk 1 text run 1 at (1900.00,1420.00) startOffset 0 endOffset 11 width 80.00: "just a text"
      LayoutSVGText {text} at (1999,1403) size 81x22 contains 1 chunk(s)
        LayoutSVGInlineText {#text} at (1999,1403) size 81x22
          chunk 1 text run 1 at (2000.00,1420.00) startOffset 0 endOffset 11 width 80.00: "just a text"
      LayoutSVGText {text} at (2099,1403) size 81x22 contains 1 chunk(s)
        LayoutSVGInlineText {#text} at (2099,1403) size 81x22
          chunk 1 text run 1 at (2100.00,1420.00) startOffset 0 endOffset 11 width 80.00: "just a text"
      LayoutSVGText {text} at (2199,1403) size 81x22 contains 1 chunk(s)
        LayoutSVGInlineText {#text} at (2199,1403) size 81x22
          chunk 1 text run 1 at (2200.00,1420.00) startOffset 0 endOffset 11 width 80.00: "just a text"
      LayoutSVGText {text} at (2299,1403) size 81x22 contains 1 chunk(s)
        LayoutSVGInlineText {#text} at (2299,1403) size 81x22
          chunk 1 text run 1 at (2300.00,1420.00) startOffset 0 endOffset 11 width 80.00: "just a text"
      LayoutSVGText {text} at (2399,1403) size 81x22 contains 1 chunk(s)
        LayoutSVGInlineText {#text} at (2399,1403) size 81x22
          chunk 1 text run 1 at (2400.00,1420.00) startOffset 0 endOffset 11 width 80.00: "just a text"
      LayoutSVGText {text} at (2499,1403) size 81x22 contains 1 chunk(s)
        LayoutSVGInlineText {#text} at (2499,1403) size 81x22
          chunk 1 text run 1 at (2500.00,1420.00) startOffset 0 endOffset 11 width 80.00: "just a text"
      LayoutSVGText {text} at (2599,1403) size 81x22 contains 1 chunk(s)
        LayoutSVGInlineText {#text} at (2599,1403) size 81x22
          chunk 1 text run 1 at (2600.00,1420.00) startOffset 0 endOffset 11 width 80.00: "just a text"
      LayoutSVGText {text} at (2699,1403) size 81x22 contains 1 chunk(s)
        LayoutSVGInlineText {#text} at (2699,1403) size 81x22
          chunk 1 text run 1 at (2700.00,1420.00) startOffset 0 endOffset 11 width 80.00: "just a text"
      LayoutSVGText {text} at (2799,1403) size 81x22 contains 1 chunk(s)
        LayoutSVGInlineText {#text} at (2799,1403) size 81x22
          chunk 1 text run 1 at (2800.00,1420.00) startOffset 0 endOffset 11 width 80.00: "just a text"
      LayoutSVGText {text} at (2899,1403) size 81x22 contains 1 chunk(s)
        LayoutSVGInlineText {#text} at (2899,1403) size 81x22
          chunk 1 text run 1 at (2900.00,1420.00) startOffset 0 endOffset 11 width 80.00: "just a text"
      LayoutSVGText {text} at (2999,1403) size 81x22 contains 1 chunk(s)
        LayoutSVGInlineText {#text} at (2999,1403) size 81x22
          chunk 1 text run 1 at (3000.00,1420.00) startOffset 0 endOffset 11 width 80.00: "just a text"
      LayoutSVGText {text} at (3099,1403) size 81x22 contains 1 chunk(s)
        LayoutSVGInlineText {#text} at (3099,1403) size 81x22
          chunk 1 text run 1 at (3100.00,1420.00) startOffset 0 endOffset 11 width 80.00: "just a text"
      LayoutSVGText {text} at (3199,1403) size 81x22 contains 1 chunk(s)
        LayoutSVGInlineText {#text} at (3199,1403) size 81x22
          chunk 1 text run 1 at (3200.00,1420.00) startOffset 0 endOffset 11 width 80.00: "just a text"
      LayoutSVGText {text} at (3299,1403) size 81x22 contains 1 chunk(s)
        LayoutSVGInlineText {#text} at (3299,1403) size 81x22
          chunk 1 text run 1 at (3300.00,1420.00) startOffset 0 endOffset 11 width 80.00: "just a text"
      LayoutSVGText {text} at (3399,1403) size 81x22 contains 1 chunk(s)
        LayoutSVGInlineText {#text} at (3399,1403) size 81x22
          chunk 1 text run 1 at (3400.00,1420.00) startOffset 0 endOffset 11 width 80.00: "just a text"
      LayoutSVGText {text} at (3499,1403) size 81x22 contains 1 chunk(s)
        LayoutSVGInlineText {#text} at (3499,1403) size 81x22
          chunk 1 text run 1 at (3500.00,1420.00) startOffset 0 endOffset 11 width 80.00: "just a text"
      LayoutSVGText {text} at (3599,1403) size 81x22 contains 1 chunk(s)
        LayoutSVGInlineText {#text} at (3599,1403) size 81x22
          chunk 1 text run 1 at (3600.00,1420.00) startOffset 0 endOffset 11 width 80.00: "just a text"
      LayoutSVGText {text} at (3699,1403) size 81x22 contains 1 chunk(s)
        LayoutSVGInlineText {#text} at (3699,1403) size 81x22
          chunk 1 text run 1 at (3700.00,1420.00) startOffset 0 endOffset 11 width 80.00: "just a text"
      LayoutSVGText {text} at (3799,1403) size 81x22 contains 1 chunk(s)
        LayoutSVGInlineText {#text} at (3799,1403) size 81x22
          chunk 1 text run 1 at (3800.00,1420.00) startOffset 0 endOffset 11 width 80.00: "just a text"
      LayoutSVGText {text} at (3899,1403) size 81x22 contains 1 chunk(s)
        LayoutSVGInlineText {#text} at (3899,1403) size 81x22
          chunk 1 text run 1 at (3900.00,1420.00) startOffset 0 endOffset 11 width 80.00: "just a text"
      LayoutSVGText {text} at (3999,1403) size 81x22 contains 1 chunk(s)
        LayoutSVGInlineText {#text} at (3999,1403) size 81x22
          chunk 1 text run 1 at (4000.00,1420.00) startOffset 0 endOffset 11 width 80.00: "just a text"
      LayoutSVGText {text} at (4099,1403) size 81x22 contains 1 chunk(s)
        LayoutSVGInlineText {#text} at (4099,1403) size 81x22
          chunk 1 text run 1 at (4100.00,1420.00) startOffset 0 endOffset 11 width 80.00: "just a text"
      LayoutSVGText {text} at (4199,1403) size 81x22 contains 1 chunk(s)
        LayoutSVGInlineText {#text} at (4199,1403) size 81x22
          chunk 1 text run 1 at (4200.00,1420.00) startOffset 0 endOffset 11 width 80.00: "just a text"
      LayoutSVGText {text} at (4299,1403) size 81x22 contains 1 chunk(s)
        LayoutSVGInlineText {#text} at (4299,1403) size 81x22
          chunk 1 text run 1 at (4300.00,1420.00) startOffset 0 endOffset 11 width 80.00: "just a text"
      LayoutSVGText {text} at (4399,1403) size 81x22 contains 1 chunk(s)
        LayoutSVGInlineText {#text} at (4399,1403) size 81x22
          chunk 1 text run 1 at (4400.00,1420.00) startOffset 0 endOffset 11 width 80.00: "just a text"
      LayoutSVGText {text} at (4499,1403) size 81x22 contains 1 chunk(s)
        LayoutSVGInlineText {#text} at (4499,1403) size 81x22
          chunk 1 text run 1 at (4500.00,1420.00) startOffset 0 endOffset 11 width 80.00: "just a text"
      LayoutSVGText {text} at (4599,1403) size 81x22 contains 1 chunk(s)
        LayoutSVGInlineText {#text} at (4599,1403) size 81x22
          chunk 1 text run 1 at (4600.00,1420.00) startOffset 0 endOffset 11 width 80.00: "just a text"
      LayoutSVGText {text} at (4699,1403) size 81x22 contains 1 chunk(s)
        LayoutSVGInlineText {#text} at (4699,1403) size 81x22
          chunk 1 text run 1 at (4700.00,1420.00) startOffset 0 endOffset 11 width 80.00: "just a text"
      LayoutSVGText {text} at (4799,1403) size 81x22 contains 1 chunk(s)
        LayoutSVGInlineText {#text} at (4799,1403) size 81x22
          chunk 1 text run 1 at (4800.00,1420.00) startOffset 0 endOffset 11 width 80.00: "just a text"
      LayoutSVGText {text} at (4899,1403) size 81x22 contains 1 chunk(s)
        LayoutSVGInlineText {#text} at (4899,1403) size 81x22
          chunk 1 text run 1 at (4900.00,1420.00) startOffset 0 endOffset 11 width 80.00: "just a text"
      LayoutSVGText {text} at (-1,1503) size 81x22 contains 1 chunk(s)
        LayoutSVGInlineText {#text} at (-1,1503) size 81x22
          chunk 1 text run 1 at (0.00,1520.00) startOffset 0 endOffset 11 width 80.00: "just a text"
      LayoutSVGText {text} at (99,1503) size 81x22 contains 1 chunk(s)
        LayoutSVGInlineText {#text} at (99,1503) size 81x22
          chunk 1 text run 1 at (100.00,1520.00) startOffset 0 endOffset 11 width 80.00: "just a text"
      LayoutSVGText {text} at (199,1503) size 81x22 contains 1 chunk(s)
        LayoutSVGInlineText {#text} at (199,1503) size 81x22
          chunk 1 text run 1 at (200.00,1520.00) startOffset 0 endOffset 11 width 80.00: "just a text"
      LayoutSVGText {text} at (299,1503) size 81x22 contains 1 chunk(s)
        LayoutSVGInlineText {#text} at (299,1503) size 81x22
          chunk 1 text run 1 at (300.00,1520.00) startOffset 0 endOffset 11 width 80.00: "just a text"
      LayoutSVGText {text} at (399,1503) size 81x22 contains 1 chunk(s)
        LayoutSVGInlineText {#text} at (399,1503) size 81x22
          chunk 1 text run 1 at (400.00,1520.00) startOffset 0 endOffset 11 width 80.00: "just a text"
      LayoutSVGText {text} at (499,1503) size 81x22 contains 1 chunk(s)
        LayoutSVGInlineText {#text} at (499,1503) size 81x22
          chunk 1 text run 1 at (500.00,1520.00) startOffset 0 endOffset 11 width 80.00: "just a text"
      LayoutSVGText {text} at (599,1503) size 81x22 contains 1 chunk(s)
        LayoutSVGInlineText {#text} at (599,1503) size 81x22
          chunk 1 text run 1 at (600.00,1520.00) startOffset 0 endOffset 11 width 80.00: "just a text"
      LayoutSVGText {text} at (699,1503) size 81x22 contains 1 chunk(s)
        LayoutSVGInlineText {#text} at (699,1503) size 81x22
          chunk 1 text run 1 at (700.00,1520.00) startOffset 0 endOffset 11 width 80.00: "just a text"
      LayoutSVGText {text} at (799,1503) size 81x22 contains 1 chunk(s)
        LayoutSVGInlineText {#text} at (799,1503) size 81x22
          chunk 1 text run 1 at (800.00,1520.00) startOffset 0 endOffset 11 width 80.00: "just a text"
      LayoutSVGText {text} at (899,1503) size 81x22 contains 1 chunk(s)
        LayoutSVGInlineText {#text} at (899,1503) size 81x22
          chunk 1 text run 1 at (900.00,1520.00) startOffset 0 endOffset 11 width 80.00: "just a text"
      LayoutSVGText {text} at (999,1503) size 81x22 contains 1 chunk(s)
        LayoutSVGInlineText {#text} at (999,1503) size 81x22
          chunk 1 text run 1 at (1000.00,1520.00) startOffset 0 endOffset 11 width 80.00: "just a text"
      LayoutSVGText {text} at (1099,1503) size 81x22 contains 1 chunk(s)
        LayoutSVGInlineText {#text} at (1099,1503) size 81x22
          chunk 1 text run 1 at (1100.00,1520.00) startOffset 0 endOffset 11 width 80.00: "just a text"
      LayoutSVGText {text} at (1199,1503) size 81x22 contains 1 chunk(s)
        LayoutSVGInlineText {#text} at (1199,1503) size 81x22
          chunk 1 text run 1 at (1200.00,1520.00) startOffset 0 endOffset 11 width 80.00: "just a text"
      LayoutSVGText {text} at (1299,1503) size 81x22 contains 1 chunk(s)
        LayoutSVGInlineText {#text} at (1299,1503) size 81x22
          chunk 1 text run 1 at (1300.00,1520.00) startOffset 0 endOffset 11 width 80.00: "just a text"
      LayoutSVGText {text} at (1399,1503) size 81x22 contains 1 chunk(s)
        LayoutSVGInlineText {#text} at (1399,1503) size 81x22
          chunk 1 text run 1 at (1400.00,1520.00) startOffset 0 endOffset 11 width 80.00: "just a text"
      LayoutSVGText {text} at (1499,1503) size 81x22 contains 1 chunk(s)
        LayoutSVGInlineText {#text} at (1499,1503) size 81x22
          chunk 1 text run 1 at (1500.00,1520.00) startOffset 0 endOffset 11 width 80.00: "just a text"
      LayoutSVGText {text} at (1599,1503) size 81x22 contains 1 chunk(s)
        LayoutSVGInlineText {#text} at (1599,1503) size 81x22
          chunk 1 text run 1 at (1600.00,1520.00) startOffset 0 endOffset 11 width 80.00: "just a text"
      LayoutSVGText {text} at (1699,1503) size 81x22 contains 1 chunk(s)
        LayoutSVGInlineText {#text} at (1699,1503) size 81x22
          chunk 1 text run 1 at (1700.00,1520.00) startOffset 0 endOffset 11 width 80.00: "just a text"
      LayoutSVGText {text} at (1799,1503) size 81x22 contains 1 chunk(s)
        LayoutSVGInlineText {#text} at (1799,1503) size 81x22
          chunk 1 text run 1 at (1800.00,1520.00) startOffset 0 endOffset 11 width 80.00: "just a text"
      LayoutSVGText {text} at (1899,1503) size 81x22 contains 1 chunk(s)
        LayoutSVGInlineText {#text} at (1899,1503) size 81x22
          chunk 1 text run 1 at (1900.00,1520.00) startOffset 0 endOffset 11 width 80.00: "just a text"
      LayoutSVGText {text} at (1999,1503) size 81x22 contains 1 chunk(s)
        LayoutSVGInlineText {#text} at (1999,1503) size 81x22
          chunk 1 text run 1 at (2000.00,1520.00) startOffset 0 endOffset 11 width 80.00: "just a text"
      LayoutSVGText {text} at (2099,1503) size 81x22 contains 1 chunk(s)
        LayoutSVGInlineText {#text} at (2099,1503) size 81x22
          chunk 1 text run 1 at (2100.00,1520.00) startOffset 0 endOffset 11 width 80.00: "just a text"
      LayoutSVGText {text} at (2199,1503) size 81x22 contains 1 chunk(s)
        LayoutSVGInlineText {#text} at (2199,1503) size 81x22
          chunk 1 text run 1 at (2200.00,1520.00) startOffset 0 endOffset 11 width 80.00: "just a text"
      LayoutSVGText {text} at (2299,1503) size 81x22 contains 1 chunk(s)
        LayoutSVGInlineText {#text} at (2299,1503) size 81x22
          chunk 1 text run 1 at (2300.00,1520.00) startOffset 0 endOffset 11 width 80.00: "just a text"
      LayoutSVGText {text} at (2399,1503) size 81x22 contains 1 chunk(s)
        LayoutSVGInlineText {#text} at (2399,1503) size 81x22
          chunk 1 text run 1 at (2400.00,1520.00) startOffset 0 endOffset 11 width 80.00: "just a text"
      LayoutSVGText {text} at (2499,1503) size 81x22 contains 1 chunk(s)
        LayoutSVGInlineText {#text} at (2499,1503) size 81x22
          chunk 1 text run 1 at (2500.00,1520.00) startOffset 0 endOffset 11 width 80.00: "just a text"
      LayoutSVGText {text} at (2599,1503) size 81x22 contains 1 chunk(s)
        LayoutSVGInlineText {#text} at (2599,1503) size 81x22
          chunk 1 text run 1 at (2600.00,1520.00) startOffset 0 endOffset 11 width 80.00: "just a text"
      LayoutSVGText {text} at (2699,1503) size 81x22 contains 1 chunk(s)
        LayoutSVGInlineText {#text} at (2699,1503) size 81x22
          chunk 1 text run 1 at (2700.00,1520.00) startOffset 0 endOffset 11 width 80.00: "just a text"
      LayoutSVGText {text} at (2799,1503) size 81x22 contains 1 chunk(s)
        LayoutSVGInlineText {#text} at (2799,1503) size 81x22
          chunk 1 text run 1 at (2800.00,1520.00) startOffset 0 endOffset 11 width 80.00: "just a text"
      LayoutSVGText {text} at (2899,1503) size 81x22 contains 1 chunk(s)
        LayoutSVGInlineText {#text} at (2899,1503) size 81x22
          chunk 1 text run 1 at (2900.00,1520.00) startOffset 0 endOffset 11 width 80.00: "just a text"
      LayoutSVGText {text} at (2999,1503) size 81x22 contains 1 chunk(s)
        LayoutSVGInlineText {#text} at (2999,1503) size 81x22
          chunk 1 text run 1 at (3000.00,1520.00) startOffset 0 endOffset 11 width 80.00: "just a text"
      LayoutSVGText {text} at (3099,1503) size 81x22 contains 1 chunk(s)
        LayoutSVGInlineText {#text} at (3099,1503) size 81x22
          chunk 1 text run 1 at (3100.00,1520.00) startOffset 0 endOffset 11 width 80.00: "just a text"
      LayoutSVGText {text} at (3199,1503) size 81x22 contains 1 chunk(s)
        LayoutSVGInlineText {#text} at (3199,1503) size 81x22
          chunk 1 text run 1 at (3200.00,1520.00) startOffset 0 endOffset 11 width 80.00: "just a text"
      LayoutSVGText {text} at (3299,1503) size 81x22 contains 1 chunk(s)
        LayoutSVGInlineText {#text} at (3299,1503) size 81x22
          chunk 1 text run 1 at (3300.00,1520.00) startOffset 0 endOffset 11 width 80.00: "just a text"
      LayoutSVGText {text} at (3399,1503) size 81x22 contains 1 chunk(s)
        LayoutSVGInlineText {#text} at (3399,1503) size 81x22
          chunk 1 text run 1 at (3400.00,1520.00) startOffset 0 endOffset 11 width 80.00: "just a text"
      LayoutSVGText {text} at (3499,1503) size 81x22 contains 1 chunk(s)
        LayoutSVGInlineText {#text} at (3499,1503) size 81x22
          chunk 1 text run 1 at (3500.00,1520.00) startOffset 0 endOffset 11 width 80.00: "just a text"
      LayoutSVGText {text} at (3599,1503) size 81x22 contains 1 chunk(s)
        LayoutSVGInlineText {#text} at (3599,1503) size 81x22
          chunk 1 text run 1 at (3600.00,1520.00) startOffset 0 endOffset 11 width 80.00: "just a text"
      LayoutSVGText {text} at (3699,1503) size 81x22 contains 1 chunk(s)
        LayoutSVGInlineText {#text} at (3699,1503) size 81x22
          chunk 1 text run 1 at (3700.00,1520.00) startOffset 0 endOffset 11 width 80.00: "just a text"
      LayoutSVGText {text} at (3799,1503) size 81x22 contains 1 chunk(s)
        LayoutSVGInlineText {#text} at (3799,1503) size 81x22
          chunk 1 text run 1 at (3800.00,1520.00) startOffset 0 endOffset 11 width 80.00: "just a text"
      LayoutSVGText {text} at (3899,1503) size 81x22 contains 1 chunk(s)
        LayoutSVGInlineText {#text} at (3899,1503) size 81x22
          chunk 1 text run 1 at (3900.00,1520.00) startOffset 0 endOffset 11 width 80.00: "just a text"
      LayoutSVGText {text} at (3999,1503) size 81x22 contains 1 chunk(s)
        LayoutSVGInlineText {#text} at (3999,1503) size 81x22
          chunk 1 text run 1 at (4000.00,1520.00) startOffset 0 endOffset 11 width 80.00: "just a text"
      LayoutSVGText {text} at (4099,1503) size 81x22 contains 1 chunk(s)
        LayoutSVGInlineText {#text} at (4099,1503) size 81x22
          chunk 1 text run 1 at (4100.00,1520.00) startOffset 0 endOffset 11 width 80.00: "just a text"
      LayoutSVGText {text} at (4199,1503) size 81x22 contains 1 chunk(s)
        LayoutSVGInlineText {#text} at (4199,1503) size 81x22
          chunk 1 text run 1 at (4200.00,1520.00) startOffset 0 endOffset 11 width 80.00: "just a text"
      LayoutSVGText {text} at (4299,1503) size 81x22 contains 1 chunk(s)
        LayoutSVGInlineText {#text} at (4299,1503) size 81x22
          chunk 1 text run 1 at (4300.00,1520.00) startOffset 0 endOffset 11 width 80.00: "just a text"
      LayoutSVGText {text} at (4399,1503) size 81x22 contains 1 chunk(s)
        LayoutSVGInlineText {#text} at (4399,1503) size 81x22
          chunk 1 text run 1 at (4400.00,1520.00) startOffset 0 endOffset 11 width 80.00: "just a text"
      LayoutSVGText {text} at (4499,1503) size 81x22 contains 1 chunk(s)
        LayoutSVGInlineText {#text} at (4499,1503) size 81x22
          chunk 1 text run 1 at (4500.00,1520.00) startOffset 0 endOffset 11 width 80.00: "just a text"
      LayoutSVGText {text} at (4599,1503) size 81x22 contains 1 chunk(s)
        LayoutSVGInlineText {#text} at (4599,1503) size 81x22
          chunk 1 text run 1 at (4600.00,1520.00) startOffset 0 endOffset 11 width 80.00: "just a text"
      LayoutSVGText {text} at (4699,1503) size 81x22 contains 1 chunk(s)
        LayoutSVGInlineText {#text} at (4699,1503) size 81x22
          chunk 1 text run 1 at (4700.00,1520.00) startOffset 0 endOffset 11 width 80.00: "just a text"
      LayoutSVGText {text} at (4799,1503) size 81x22 contains 1 chunk(s)
        LayoutSVGInlineText {#text} at (4799,1503) size 81x22
          chunk 1 text run 1 at (4800.00,1520.00) startOffset 0 endOffset 11 width 80.00: "just a text"
      LayoutSVGText {text} at (4899,1503) size 81x22 contains 1 chunk(s)
        LayoutSVGInlineText {#text} at (4899,1503) size 81x22
          chunk 1 text run 1 at (4900.00,1520.00) startOffset 0 endOffset 11 width 80.00: "just a text"
      LayoutSVGText {text} at (-1,1603) size 81x22 contains 1 chunk(s)
        LayoutSVGInlineText {#text} at (-1,1603) size 81x22
          chunk 1 text run 1 at (0.00,1620.00) startOffset 0 endOffset 11 width 80.00: "just a text"
      LayoutSVGText {text} at (99,1603) size 81x22 contains 1 chunk(s)
        LayoutSVGInlineText {#text} at (99,1603) size 81x22
          chunk 1 text run 1 at (100.00,1620.00) startOffset 0 endOffset 11 width 80.00: "just a text"
      LayoutSVGText {text} at (199,1603) size 81x22 contains 1 chunk(s)
        LayoutSVGInlineText {#text} at (199,1603) size 81x22
          chunk 1 text run 1 at (200.00,1620.00) startOffset 0 endOffset 11 width 80.00: "just a text"
      LayoutSVGText {text} at (299,1603) size 81x22 contains 1 chunk(s)
        LayoutSVGInlineText {#text} at (299,1603) size 81x22
          chunk 1 text run 1 at (300.00,1620.00) startOffset 0 endOffset 11 width 80.00: "just a text"
      LayoutSVGText {text} at (399,1603) size 81x22 contains 1 chunk(s)
        LayoutSVGInlineText {#text} at (399,1603) size 81x22
          chunk 1 text run 1 at (400.00,1620.00) startOffset 0 endOffset 11 width 80.00: "just a text"
      LayoutSVGText {text} at (499,1603) size 81x22 contains 1 chunk(s)
        LayoutSVGInlineText {#text} at (499,1603) size 81x22
          chunk 1 text run 1 at (500.00,1620.00) startOffset 0 endOffset 11 width 80.00: "just a text"
      LayoutSVGText {text} at (599,1603) size 81x22 contains 1 chunk(s)
        LayoutSVGInlineText {#text} at (599,1603) size 81x22
          chunk 1 text run 1 at (600.00,1620.00) startOffset 0 endOffset 11 width 80.00: "just a text"
      LayoutSVGText {text} at (699,1603) size 81x22 contains 1 chunk(s)
        LayoutSVGInlineText {#text} at (699,1603) size 81x22
          chunk 1 text run 1 at (700.00,1620.00) startOffset 0 endOffset 11 width 80.00: "just a text"
      LayoutSVGText {text} at (799,1603) size 81x22 contains 1 chunk(s)
        LayoutSVGInlineText {#text} at (799,1603) size 81x22
          chunk 1 text run 1 at (800.00,1620.00) startOffset 0 endOffset 11 width 80.00: "just a text"
      LayoutSVGText {text} at (899,1603) size 81x22 contains 1 chunk(s)
        LayoutSVGInlineText {#text} at (899,1603) size 81x22
          chunk 1 text run 1 at (900.00,1620.00) startOffset 0 endOffset 11 width 80.00: "just a text"
      LayoutSVGText {text} at (999,1603) size 81x22 contains 1 chunk(s)
        LayoutSVGInlineText {#text} at (999,1603) size 81x22
          chunk 1 text run 1 at (1000.00,1620.00) startOffset 0 endOffset 11 width 80.00: "just a text"
      LayoutSVGText {text} at (1099,1603) size 81x22 contains 1 chunk(s)
        LayoutSVGInlineText {#text} at (1099,1603) size 81x22
          chunk 1 text run 1 at (1100.00,1620.00) startOffset 0 endOffset 11 width 80.00: "just a text"
      LayoutSVGText {text} at (1199,1603) size 81x22 contains 1 chunk(s)
        LayoutSVGInlineText {#text} at (1199,1603) size 81x22
          chunk 1 text run 1 at (1200.00,1620.00) startOffset 0 endOffset 11 width 80.00: "just a text"
      LayoutSVGText {text} at (1299,1603) size 81x22 contains 1 chunk(s)
        LayoutSVGInlineText {#text} at (1299,1603) size 81x22
          chunk 1 text run 1 at (1300.00,1620.00) startOffset 0 endOffset 11 width 80.00: "just a text"
      LayoutSVGText {text} at (1399,1603) size 81x22 contains 1 chunk(s)
        LayoutSVGInlineText {#text} at (1399,1603) size 81x22
          chunk 1 text run 1 at (1400.00,1620.00) startOffset 0 endOffset 11 width 80.00: "just a text"
      LayoutSVGText {text} at (1499,1603) size 81x22 contains 1 chunk(s)
        LayoutSVGInlineText {#text} at (1499,1603) size 81x22
          chunk 1 text run 1 at (1500.00,1620.00) startOffset 0 endOffset 11 width 80.00: "just a text"
      LayoutSVGText {text} at (1599,1603) size 81x22 contains 1 chunk(s)
        LayoutSVGInlineText {#text} at (1599,1603) size 81x22
          chunk 1 text run 1 at (1600.00,1620.00) startOffset 0 endOffset 11 width 80.00: "just a text"
      LayoutSVGText {text} at (1699,1603) size 81x22 contains 1 chunk(s)
        LayoutSVGInlineText {#text} at (1699,1603) size 81x22
          chunk 1 text run 1 at (1700.00,1620.00) startOffset 0 endOffset 11 width 80.00: "just a text"
      LayoutSVGText {text} at (1799,1603) size 81x22 contains 1 chunk(s)
        LayoutSVGInlineText {#text} at (1799,1603) size 81x22
          chunk 1 text run 1 at (1800.00,1620.00) startOffset 0 endOffset 11 width 80.00: "just a text"
      LayoutSVGText {text} at (1899,1603) size 81x22 contains 1 chunk(s)
        LayoutSVGInlineText {#text} at (1899,1603) size 81x22
          chunk 1 text run 1 at (1900.00,1620.00) startOffset 0 endOffset 11 width 80.00: "just a text"
      LayoutSVGText {text} at (1999,1603) size 81x22 contains 1 chunk(s)
        LayoutSVGInlineText {#text} at (1999,1603) size 81x22
          chunk 1 text run 1 at (2000.00,1620.00) startOffset 0 endOffset 11 width 80.00: "just a text"
      LayoutSVGText {text} at (2099,1603) size 81x22 contains 1 chunk(s)
        LayoutSVGInlineText {#text} at (2099,1603) size 81x22
          chunk 1 text run 1 at (2100.00,1620.00) startOffset 0 endOffset 11 width 80.00: "just a text"
      LayoutSVGText {text} at (2199,1603) size 81x22 contains 1 chunk(s)
        LayoutSVGInlineText {#text} at (2199,1603) size 81x22
          chunk 1 text run 1 at (2200.00,1620.00) startOffset 0 endOffset 11 width 80.00: "just a text"
      LayoutSVGText {text} at (2299,1603) size 81x22 contains 1 chunk(s)
        LayoutSVGInlineText {#text} at (2299,1603) size 81x22
          chunk 1 text run 1 at (2300.00,1620.00) startOffset 0 endOffset 11 width 80.00: "just a text"
      LayoutSVGText {text} at (2399,1603) size 81x22 contains 1 chunk(s)
        LayoutSVGInlineText {#text} at (2399,1603) size 81x22
          chunk 1 text run 1 at (2400.00,1620.00) startOffset 0 endOffset 11 width 80.00: "just a text"
      LayoutSVGText {text} at (2499,1603) size 81x22 contains 1 chunk(s)
        LayoutSVGInlineText {#text} at (2499,1603) size 81x22
          chunk 1 text run 1 at (2500.00,1620.00) startOffset 0 endOffset 11 width 80.00: "just a text"
      LayoutSVGText {text} at (2599,1603) size 81x22 contains 1 chunk(s)
        LayoutSVGInlineText {#text} at (2599,1603) size 81x22
          chunk 1 text run 1 at (2600.00,1620.00) startOffset 0 endOffset 11 width 80.00: "just a text"
      LayoutSVGText {text} at (2699,1603) size 81x22 contains 1 chunk(s)
        LayoutSVGInlineText {#text} at (2699,1603) size 81x22
          chunk 1 text run 1 at (2700.00,1620.00) startOffset 0 endOffset 11 width 80.00: "just a text"
      LayoutSVGText {text} at (2799,1603) size 81x22 contains 1 chunk(s)
        LayoutSVGInlineText {#text} at (2799,1603) size 81x22
          chunk 1 text run 1 at (2800.00,1620.00) startOffset 0 endOffset 11 width 80.00: "just a text"
      LayoutSVGText {text} at (2899,1603) size 81x22 contains 1 chunk(s)
        LayoutSVGInlineText {#text} at (2899,1603) size 81x22
          chunk 1 text run 1 at (2900.00,1620.00) startOffset 0 endOffset 11 width 80.00: "just a text"
      LayoutSVGText {text} at (2999,1603) size 81x22 contains 1 chunk(s)
        LayoutSVGInlineText {#text} at (2999,1603) size 81x22
          chunk 1 text run 1 at (3000.00,1620.00) startOffset 0 endOffset 11 width 80.00: "just a text"
      LayoutSVGText {text} at (3099,1603) size 81x22 contains 1 chunk(s)
        LayoutSVGInlineText {#text} at (3099,1603) size 81x22
          chunk 1 text run 1 at (3100.00,1620.00) startOffset 0 endOffset 11 width 80.00: "just a text"
      LayoutSVGText {text} at (3199,1603) size 81x22 contains 1 chunk(s)
        LayoutSVGInlineText {#text} at (3199,1603) size 81x22
          chunk 1 text run 1 at (3200.00,1620.00) startOffset 0 endOffset 11 width 80.00: "just a text"
      LayoutSVGText {text} at (3299,1603) size 81x22 contains 1 chunk(s)
        LayoutSVGInlineText {#text} at (3299,1603) size 81x22
          chunk 1 text run 1 at (3300.00,1620.00) startOffset 0 endOffset 11 width 80.00: "just a text"
      LayoutSVGText {text} at (3399,1603) size 81x22 contains 1 chunk(s)
        LayoutSVGInlineText {#text} at (3399,1603) size 81x22
          chunk 1 text run 1 at (3400.00,1620.00) startOffset 0 endOffset 11 width 80.00: "just a text"
      LayoutSVGText {text} at (3499,1603) size 81x22 contains 1 chunk(s)
        LayoutSVGInlineText {#text} at (3499,1603) size 81x22
          chunk 1 text run 1 at (3500.00,1620.00) startOffset 0 endOffset 11 width 80.00: "just a text"
      LayoutSVGText {text} at (3599,1603) size 81x22 contains 1 chunk(s)
        LayoutSVGInlineText {#text} at (3599,1603) size 81x22
          chunk 1 text run 1 at (3600.00,1620.00) startOffset 0 endOffset 11 width 80.00: "just a text"
      LayoutSVGText {text} at (3699,1603) size 81x22 contains 1 chunk(s)
        LayoutSVGInlineText {#text} at (3699,1603) size 81x22
          chunk 1 text run 1 at (3700.00,1620.00) startOffset 0 endOffset 11 width 80.00: "just a text"
      LayoutSVGText {text} at (3799,1603) size 81x22 contains 1 chunk(s)
        LayoutSVGInlineText {#text} at (3799,1603) size 81x22
          chunk 1 text run 1 at (3800.00,1620.00) startOffset 0 endOffset 11 width 80.00: "just a text"
      LayoutSVGText {text} at (3899,1603) size 81x22 contains 1 chunk(s)
        LayoutSVGInlineText {#text} at (3899,1603) size 81x22
          chunk 1 text run 1 at (3900.00,1620.00) startOffset 0 endOffset 11 width 80.00: "just a text"
      LayoutSVGText {text} at (3999,1603) size 81x22 contains 1 chunk(s)
        LayoutSVGInlineText {#text} at (3999,1603) size 81x22
          chunk 1 text run 1 at (4000.00,1620.00) startOffset 0 endOffset 11 width 80.00: "just a text"
      LayoutSVGText {text} at (4099,1603) size 81x22 contains 1 chunk(s)
        LayoutSVGInlineText {#text} at (4099,1603) size 81x22
          chunk 1 text run 1 at (4100.00,1620.00) startOffset 0 endOffset 11 width 80.00: "just a text"
      LayoutSVGText {text} at (4199,1603) size 81x22 contains 1 chunk(s)
        LayoutSVGInlineText {#text} at (4199,1603) size 81x22
          chunk 1 text run 1 at (4200.00,1620.00) startOffset 0 endOffset 11 width 80.00: "just a text"
      LayoutSVGText {text} at (4299,1603) size 81x22 contains 1 chunk(s)
        LayoutSVGInlineText {#text} at (4299,1603) size 81x22
          chunk 1 text run 1 at (4300.00,1620.00) startOffset 0 endOffset 11 width 80.00: "just a text"
      LayoutSVGText {text} at (4399,1603) size 81x22 contains 1 chunk(s)
        LayoutSVGInlineText {#text} at (4399,1603) size 81x22
          chunk 1 text run 1 at (4400.00,1620.00) startOffset 0 endOffset 11 width 80.00: "just a text"
      LayoutSVGText {text} at (4499,1603) size 81x22 contains 1 chunk(s)
        LayoutSVGInlineText {#text} at (4499,1603) size 81x22
          chunk 1 text run 1 at (4500.00,1620.00) startOffset 0 endOffset 11 width 80.00: "just a text"
      LayoutSVGText {text} at (4599,1603) size 81x22 contains 1 chunk(s)
        LayoutSVGInlineText {#text} at (4599,1603) size 81x22
          chunk 1 text run 1 at (4600.00,1620.00) startOffset 0 endOffset 11 width 80.00: "just a text"
      LayoutSVGText {text} at (4699,1603) size 81x22 contains 1 chunk(s)
        LayoutSVGInlineText {#text} at (4699,1603) size 81x22
          chunk 1 text run 1 at (4700.00,1620.00) startOffset 0 endOffset 11 width 80.00: "just a text"
      LayoutSVGText {text} at (4799,1603) size 81x22 contains 1 chunk(s)
        LayoutSVGInlineText {#text} at (4799,1603) size 81x22
          chunk 1 text run 1 at (4800.00,1620.00) startOffset 0 endOffset 11 width 80.00: "just a text"
      LayoutSVGText {text} at (4899,1603) size 81x22 contains 1 chunk(s)
        LayoutSVGInlineText {#text} at (4899,1603) size 81x22
          chunk 1 text run 1 at (4900.00,1620.00) startOffset 0 endOffset 11 width 80.00: "just a text"
      LayoutSVGText {text} at (-1,1703) size 81x22 contains 1 chunk(s)
        LayoutSVGInlineText {#text} at (-1,1703) size 81x22
          chunk 1 text run 1 at (0.00,1720.00) startOffset 0 endOffset 11 width 80.00: "just a text"
      LayoutSVGText {text} at (99,1703) size 81x22 contains 1 chunk(s)
        LayoutSVGInlineText {#text} at (99,1703) size 81x22
          chunk 1 text run 1 at (100.00,1720.00) startOffset 0 endOffset 11 width 80.00: "just a text"
      LayoutSVGText {text} at (199,1703) size 81x22 contains 1 chunk(s)
        LayoutSVGInlineText {#text} at (199,1703) size 81x22
          chunk 1 text run 1 at (200.00,1720.00) startOffset 0 endOffset 11 width 80.00: "just a text"
      LayoutSVGText {text} at (299,1703) size 81x22 contains 1 chunk(s)
        LayoutSVGInlineText {#text} at (299,1703) size 81x22
          chunk 1 text run 1 at (300.00,1720.00) startOffset 0 endOffset 11 width 80.00: "just a text"
      LayoutSVGText {text} at (399,1703) size 81x22 contains 1 chunk(s)
        LayoutSVGInlineText {#text} at (399,1703) size 81x22
          chunk 1 text run 1 at (400.00,1720.00) startOffset 0 endOffset 11 width 80.00: "just a text"
      LayoutSVGText {text} at (499,1703) size 81x22 contains 1 chunk(s)
        LayoutSVGInlineText {#text} at (499,1703) size 81x22
          chunk 1 text run 1 at (500.00,1720.00) startOffset 0 endOffset 11 width 80.00: "just a text"
      LayoutSVGText {text} at (599,1703) size 81x22 contains 1 chunk(s)
        LayoutSVGInlineText {#text} at (599,1703) size 81x22
          chunk 1 text run 1 at (600.00,1720.00) startOffset 0 endOffset 11 width 80.00: "just a text"
      LayoutSVGText {text} at (699,1703) size 81x22 contains 1 chunk(s)
        LayoutSVGInlineText {#text} at (699,1703) size 81x22
          chunk 1 text run 1 at (700.00,1720.00) startOffset 0 endOffset 11 width 80.00: "just a text"
      LayoutSVGText {text} at (799,1703) size 81x22 contains 1 chunk(s)
        LayoutSVGInlineText {#text} at (799,1703) size 81x22
          chunk 1 text run 1 at (800.00,1720.00) startOffset 0 endOffset 11 width 80.00: "just a text"
      LayoutSVGText {text} at (899,1703) size 81x22 contains 1 chunk(s)
        LayoutSVGInlineText {#text} at (899,1703) size 81x22
          chunk 1 text run 1 at (900.00,1720.00) startOffset 0 endOffset 11 width 80.00: "just a text"
      LayoutSVGText {text} at (999,1703) size 81x22 contains 1 chunk(s)
        LayoutSVGInlineText {#text} at (999,1703) size 81x22
          chunk 1 text run 1 at (1000.00,1720.00) startOffset 0 endOffset 11 width 80.00: "just a text"
      LayoutSVGText {text} at (1099,1703) size 81x22 contains 1 chunk(s)
        LayoutSVGInlineText {#text} at (1099,1703) size 81x22
          chunk 1 text run 1 at (1100.00,1720.00) startOffset 0 endOffset 11 width 80.00: "just a text"
      LayoutSVGText {text} at (1199,1703) size 81x22 contains 1 chunk(s)
        LayoutSVGInlineText {#text} at (1199,1703) size 81x22
          chunk 1 text run 1 at (1200.00,1720.00) startOffset 0 endOffset 11 width 80.00: "just a text"
      LayoutSVGText {text} at (1299,1703) size 81x22 contains 1 chunk(s)
        LayoutSVGInlineText {#text} at (1299,1703) size 81x22
          chunk 1 text run 1 at (1300.00,1720.00) startOffset 0 endOffset 11 width 80.00: "just a text"
      LayoutSVGText {text} at (1399,1703) size 81x22 contains 1 chunk(s)
        LayoutSVGInlineText {#text} at (1399,1703) size 81x22
          chunk 1 text run 1 at (1400.00,1720.00) startOffset 0 endOffset 11 width 80.00: "just a text"
      LayoutSVGText {text} at (1499,1703) size 81x22 contains 1 chunk(s)
        LayoutSVGInlineText {#text} at (1499,1703) size 81x22
          chunk 1 text run 1 at (1500.00,1720.00) startOffset 0 endOffset 11 width 80.00: "just a text"
      LayoutSVGText {text} at (1599,1703) size 81x22 contains 1 chunk(s)
        LayoutSVGInlineText {#text} at (1599,1703) size 81x22
          chunk 1 text run 1 at (1600.00,1720.00) startOffset 0 endOffset 11 width 80.00: "just a text"
      LayoutSVGText {text} at (1699,1703) size 81x22 contains 1 chunk(s)
        LayoutSVGInlineText {#text} at (1699,1703) size 81x22
          chunk 1 text run 1 at (1700.00,1720.00) startOffset 0 endOffset 11 width 80.00: "just a text"
      LayoutSVGText {text} at (1799,1703) size 81x22 contains 1 chunk(s)
        LayoutSVGInlineText {#text} at (1799,1703) size 81x22
          chunk 1 text run 1 at (1800.00,1720.00) startOffset 0 endOffset 11 width 80.00: "just a text"
      LayoutSVGText {text} at (1899,1703) size 81x22 contains 1 chunk(s)
        LayoutSVGInlineText {#text} at (1899,1703) size 81x22
          chunk 1 text run 1 at (1900.00,1720.00) startOffset 0 endOffset 11 width 80.00: "just a text"
      LayoutSVGText {text} at (1999,1703) size 81x22 contains 1 chunk(s)
        LayoutSVGInlineText {#text} at (1999,1703) size 81x22
          chunk 1 text run 1 at (2000.00,1720.00) startOffset 0 endOffset 11 width 80.00: "just a text"
      LayoutSVGText {text} at (2099,1703) size 81x22 contains 1 chunk(s)
        LayoutSVGInlineText {#text} at (2099,1703) size 81x22
          chunk 1 text run 1 at (2100.00,1720.00) startOffset 0 endOffset 11 width 80.00: "just a text"
      LayoutSVGText {text} at (2199,1703) size 81x22 contains 1 chunk(s)
        LayoutSVGInlineText {#text} at (2199,1703) size 81x22
          chunk 1 text run 1 at (2200.00,1720.00) startOffset 0 endOffset 11 width 80.00: "just a text"
      LayoutSVGText {text} at (2299,1703) size 81x22 contains 1 chunk(s)
        LayoutSVGInlineText {#text} at (2299,1703) size 81x22
          chunk 1 text run 1 at (2300.00,1720.00) startOffset 0 endOffset 11 width 80.00: "just a text"
      LayoutSVGText {text} at (2399,1703) size 81x22 contains 1 chunk(s)
        LayoutSVGInlineText {#text} at (2399,1703) size 81x22
          chunk 1 text run 1 at (2400.00,1720.00) startOffset 0 endOffset 11 width 80.00: "just a text"
      LayoutSVGText {text} at (2499,1703) size 81x22 contains 1 chunk(s)
        LayoutSVGInlineText {#text} at (2499,1703) size 81x22
          chunk 1 text run 1 at (2500.00,1720.00) startOffset 0 endOffset 11 width 80.00: "just a text"
      LayoutSVGText {text} at (2599,1703) size 81x22 contains 1 chunk(s)
        LayoutSVGInlineText {#text} at (2599,1703) size 81x22
          chunk 1 text run 1 at (2600.00,1720.00) startOffset 0 endOffset 11 width 80.00: "just a text"
      LayoutSVGText {text} at (2699,1703) size 81x22 contains 1 chunk(s)
        LayoutSVGInlineText {#text} at (2699,1703) size 81x22
          chunk 1 text run 1 at (2700.00,1720.00) startOffset 0 endOffset 11 width 80.00: "just a text"
      LayoutSVGText {text} at (2799,1703) size 81x22 contains 1 chunk(s)
        LayoutSVGInlineText {#text} at (2799,1703) size 81x22
          chunk 1 text run 1 at (2800.00,1720.00) startOffset 0 endOffset 11 width 80.00: "just a text"
      LayoutSVGText {text} at (2899,1703) size 81x22 contains 1 chunk(s)
        LayoutSVGInlineText {#text} at (2899,1703) size 81x22
          chunk 1 text run 1 at (2900.00,1720.00) startOffset 0 endOffset 11 width 80.00: "just a text"
      LayoutSVGText {text} at (2999,1703) size 81x22 contains 1 chunk(s)
        LayoutSVGInlineText {#text} at (2999,1703) size 81x22
          chunk 1 text run 1 at (3000.00,1720.00) startOffset 0 endOffset 11 width 80.00: "just a text"
      LayoutSVGText {text} at (3099,1703) size 81x22 contains 1 chunk(s)
        LayoutSVGInlineText {#text} at (3099,1703) size 81x22
          chunk 1 text run 1 at (3100.00,1720.00) startOffset 0 endOffset 11 width 80.00: "just a text"
      LayoutSVGText {text} at (3199,1703) size 81x22 contains 1 chunk(s)
        LayoutSVGInlineText {#text} at (3199,1703) size 81x22
          chunk 1 text run 1 at (3200.00,1720.00) startOffset 0 endOffset 11 width 80.00: "just a text"
      LayoutSVGText {text} at (3299,1703) size 81x22 contains 1 chunk(s)
        LayoutSVGInlineText {#text} at (3299,1703) size 81x22
          chunk 1 text run 1 at (3300.00,1720.00) startOffset 0 endOffset 11 width 80.00: "just a text"
      LayoutSVGText {text} at (3399,1703) size 81x22 contains 1 chunk(s)
        LayoutSVGInlineText {#text} at (3399,1703) size 81x22
          chunk 1 text run 1 at (3400.00,1720.00) startOffset 0 endOffset 11 width 80.00: "just a text"
      LayoutSVGText {text} at (3499,1703) size 81x22 contains 1 chunk(s)
        LayoutSVGInlineText {#text} at (3499,1703) size 81x22
          chunk 1 text run 1 at (3500.00,1720.00) startOffset 0 endOffset 11 width 80.00: "just a text"
      LayoutSVGText {text} at (3599,1703) size 81x22 contains 1 chunk(s)
        LayoutSVGInlineText {#text} at (3599,1703) size 81x22
          chunk 1 text run 1 at (3600.00,1720.00) startOffset 0 endOffset 11 width 80.00: "just a text"
      LayoutSVGText {text} at (3699,1703) size 81x22 contains 1 chunk(s)
        LayoutSVGInlineText {#text} at (3699,1703) size 81x22
          chunk 1 text run 1 at (3700.00,1720.00) startOffset 0 endOffset 11 width 80.00: "just a text"
      LayoutSVGText {text} at (3799,1703) size 81x22 contains 1 chunk(s)
        LayoutSVGInlineText {#text} at (3799,1703) size 81x22
          chunk 1 text run 1 at (3800.00,1720.00) startOffset 0 endOffset 11 width 80.00: "just a text"
      LayoutSVGText {text} at (3899,1703) size 81x22 contains 1 chunk(s)
        LayoutSVGInlineText {#text} at (3899,1703) size 81x22
          chunk 1 text run 1 at (3900.00,1720.00) startOffset 0 endOffset 11 width 80.00: "just a text"
      LayoutSVGText {text} at (3999,1703) size 81x22 contains 1 chunk(s)
        LayoutSVGInlineText {#text} at (3999,1703) size 81x22
          chunk 1 text run 1 at (4000.00,1720.00) startOffset 0 endOffset 11 width 80.00: "just a text"
      LayoutSVGText {text} at (4099,1703) size 81x22 contains 1 chunk(s)
        LayoutSVGInlineText {#text} at (4099,1703) size 81x22
          chunk 1 text run 1 at (4100.00,1720.00) startOffset 0 endOffset 11 width 80.00: "just a text"
      LayoutSVGText {text} at (4199,1703) size 81x22 contains 1 chunk(s)
        LayoutSVGInlineText {#text} at (4199,1703) size 81x22
          chunk 1 text run 1 at (4200.00,1720.00) startOffset 0 endOffset 11 width 80.00: "just a text"
      LayoutSVGText {text} at (4299,1703) size 81x22 contains 1 chunk(s)
        LayoutSVGInlineText {#text} at (4299,1703) size 81x22
          chunk 1 text run 1 at (4300.00,1720.00) startOffset 0 endOffset 11 width 80.00: "just a text"
      LayoutSVGText {text} at (4399,1703) size 81x22 contains 1 chunk(s)
        LayoutSVGInlineText {#text} at (4399,1703) size 81x22
          chunk 1 text run 1 at (4400.00,1720.00) startOffset 0 endOffset 11 width 80.00: "just a text"
      LayoutSVGText {text} at (4499,1703) size 81x22 contains 1 chunk(s)
        LayoutSVGInlineText {#text} at (4499,1703) size 81x22
          chunk 1 text run 1 at (4500.00,1720.00) startOffset 0 endOffset 11 width 80.00: "just a text"
      LayoutSVGText {text} at (4599,1703) size 81x22 contains 1 chunk(s)
        LayoutSVGInlineText {#text} at (4599,1703) size 81x22
          chunk 1 text run 1 at (4600.00,1720.00) startOffset 0 endOffset 11 width 80.00: "just a text"
      LayoutSVGText {text} at (4699,1703) size 81x22 contains 1 chunk(s)
        LayoutSVGInlineText {#text} at (4699,1703) size 81x22
          chunk 1 text run 1 at (4700.00,1720.00) startOffset 0 endOffset 11 width 80.00: "just a text"
      LayoutSVGText {text} at (4799,1703) size 81x22 contains 1 chunk(s)
        LayoutSVGInlineText {#text} at (4799,1703) size 81x22
          chunk 1 text run 1 at (4800.00,1720.00) startOffset 0 endOffset 11 width 80.00: "just a text"
      LayoutSVGText {text} at (4899,1703) size 81x22 contains 1 chunk(s)
        LayoutSVGInlineText {#text} at (4899,1703) size 81x22
          chunk 1 text run 1 at (4900.00,1720.00) startOffset 0 endOffset 11 width 80.00: "just a text"
      LayoutSVGText {text} at (-1,1803) size 81x22 contains 1 chunk(s)
        LayoutSVGInlineText {#text} at (-1,1803) size 81x22
          chunk 1 text run 1 at (0.00,1820.00) startOffset 0 endOffset 11 width 80.00: "just a text"
      LayoutSVGText {text} at (99,1803) size 81x22 contains 1 chunk(s)
        LayoutSVGInlineText {#text} at (99,1803) size 81x22
          chunk 1 text run 1 at (100.00,1820.00) startOffset 0 endOffset 11 width 80.00: "just a text"
      LayoutSVGText {text} at (199,1803) size 81x22 contains 1 chunk(s)
        LayoutSVGInlineText {#text} at (199,1803) size 81x22
          chunk 1 text run 1 at (200.00,1820.00) startOffset 0 endOffset 11 width 80.00: "just a text"
      LayoutSVGText {text} at (299,1803) size 81x22 contains 1 chunk(s)
        LayoutSVGInlineText {#text} at (299,1803) size 81x22
          chunk 1 text run 1 at (300.00,1820.00) startOffset 0 endOffset 11 width 80.00: "just a text"
      LayoutSVGText {text} at (399,1803) size 81x22 contains 1 chunk(s)
        LayoutSVGInlineText {#text} at (399,1803) size 81x22
          chunk 1 text run 1 at (400.00,1820.00) startOffset 0 endOffset 11 width 80.00: "just a text"
      LayoutSVGText {text} at (499,1803) size 81x22 contains 1 chunk(s)
        LayoutSVGInlineText {#text} at (499,1803) size 81x22
          chunk 1 text run 1 at (500.00,1820.00) startOffset 0 endOffset 11 width 80.00: "just a text"
      LayoutSVGText {text} at (599,1803) size 81x22 contains 1 chunk(s)
        LayoutSVGInlineText {#text} at (599,1803) size 81x22
          chunk 1 text run 1 at (600.00,1820.00) startOffset 0 endOffset 11 width 80.00: "just a text"
      LayoutSVGText {text} at (699,1803) size 81x22 contains 1 chunk(s)
        LayoutSVGInlineText {#text} at (699,1803) size 81x22
          chunk 1 text run 1 at (700.00,1820.00) startOffset 0 endOffset 11 width 80.00: "just a text"
      LayoutSVGText {text} at (799,1803) size 81x22 contains 1 chunk(s)
        LayoutSVGInlineText {#text} at (799,1803) size 81x22
          chunk 1 text run 1 at (800.00,1820.00) startOffset 0 endOffset 11 width 80.00: "just a text"
      LayoutSVGText {text} at (899,1803) size 81x22 contains 1 chunk(s)
        LayoutSVGInlineText {#text} at (899,1803) size 81x22
          chunk 1 text run 1 at (900.00,1820.00) startOffset 0 endOffset 11 width 80.00: "just a text"
      LayoutSVGText {text} at (999,1803) size 81x22 contains 1 chunk(s)
        LayoutSVGInlineText {#text} at (999,1803) size 81x22
          chunk 1 text run 1 at (1000.00,1820.00) startOffset 0 endOffset 11 width 80.00: "just a text"
      LayoutSVGText {text} at (1099,1803) size 81x22 contains 1 chunk(s)
        LayoutSVGInlineText {#text} at (1099,1803) size 81x22
          chunk 1 text run 1 at (1100.00,1820.00) startOffset 0 endOffset 11 width 80.00: "just a text"
      LayoutSVGText {text} at (1199,1803) size 81x22 contains 1 chunk(s)
        LayoutSVGInlineText {#text} at (1199,1803) size 81x22
          chunk 1 text run 1 at (1200.00,1820.00) startOffset 0 endOffset 11 width 80.00: "just a text"
      LayoutSVGText {text} at (1299,1803) size 81x22 contains 1 chunk(s)
        LayoutSVGInlineText {#text} at (1299,1803) size 81x22
          chunk 1 text run 1 at (1300.00,1820.00) startOffset 0 endOffset 11 width 80.00: "just a text"
      LayoutSVGText {text} at (1399,1803) size 81x22 contains 1 chunk(s)
        LayoutSVGInlineText {#text} at (1399,1803) size 81x22
          chunk 1 text run 1 at (1400.00,1820.00) startOffset 0 endOffset 11 width 80.00: "just a text"
      LayoutSVGText {text} at (1499,1803) size 81x22 contains 1 chunk(s)
        LayoutSVGInlineText {#text} at (1499,1803) size 81x22
          chunk 1 text run 1 at (1500.00,1820.00) startOffset 0 endOffset 11 width 80.00: "just a text"
      LayoutSVGText {text} at (1599,1803) size 81x22 contains 1 chunk(s)
        LayoutSVGInlineText {#text} at (1599,1803) size 81x22
          chunk 1 text run 1 at (1600.00,1820.00) startOffset 0 endOffset 11 width 80.00: "just a text"
      LayoutSVGText {text} at (1699,1803) size 81x22 contains 1 chunk(s)
        LayoutSVGInlineText {#text} at (1699,1803) size 81x22
          chunk 1 text run 1 at (1700.00,1820.00) startOffset 0 endOffset 11 width 80.00: "just a text"
      LayoutSVGText {text} at (1799,1803) size 81x22 contains 1 chunk(s)
        LayoutSVGInlineText {#text} at (1799,1803) size 81x22
          chunk 1 text run 1 at (1800.00,1820.00) startOffset 0 endOffset 11 width 80.00: "just a text"
      LayoutSVGText {text} at (1899,1803) size 81x22 contains 1 chunk(s)
        LayoutSVGInlineText {#text} at (1899,1803) size 81x22
          chunk 1 text run 1 at (1900.00,1820.00) startOffset 0 endOffset 11 width 80.00: "just a text"
      LayoutSVGText {text} at (1999,1803) size 81x22 contains 1 chunk(s)
        LayoutSVGInlineText {#text} at (1999,1803) size 81x22
          chunk 1 text run 1 at (2000.00,1820.00) startOffset 0 endOffset 11 width 80.00: "just a text"
      LayoutSVGText {text} at (2099,1803) size 81x22 contains 1 chunk(s)
        LayoutSVGInlineText {#text} at (2099,1803) size 81x22
          chunk 1 text run 1 at (2100.00,1820.00) startOffset 0 endOffset 11 width 80.00: "just a text"
      LayoutSVGText {text} at (2199,1803) size 81x22 contains 1 chunk(s)
        LayoutSVGInlineText {#text} at (2199,1803) size 81x22
          chunk 1 text run 1 at (2200.00,1820.00) startOffset 0 endOffset 11 width 80.00: "just a text"
      LayoutSVGText {text} at (2299,1803) size 81x22 contains 1 chunk(s)
        LayoutSVGInlineText {#text} at (2299,1803) size 81x22
          chunk 1 text run 1 at (2300.00,1820.00) startOffset 0 endOffset 11 width 80.00: "just a text"
      LayoutSVGText {text} at (2399,1803) size 81x22 contains 1 chunk(s)
        LayoutSVGInlineText {#text} at (2399,1803) size 81x22
          chunk 1 text run 1 at (2400.00,1820.00) startOffset 0 endOffset 11 width 80.00: "just a text"
      LayoutSVGText {text} at (2499,1803) size 81x22 contains 1 chunk(s)
        LayoutSVGInlineText {#text} at (2499,1803) size 81x22
          chunk 1 text run 1 at (2500.00,1820.00) startOffset 0 endOffset 11 width 80.00: "just a text"
      LayoutSVGText {text} at (2599,1803) size 81x22 contains 1 chunk(s)
        LayoutSVGInlineText {#text} at (2599,1803) size 81x22
          chunk 1 text run 1 at (2600.00,1820.00) startOffset 0 endOffset 11 width 80.00: "just a text"
      LayoutSVGText {text} at (2699,1803) size 81x22 contains 1 chunk(s)
        LayoutSVGInlineText {#text} at (2699,1803) size 81x22
          chunk 1 text run 1 at (2700.00,1820.00) startOffset 0 endOffset 11 width 80.00: "just a text"
      LayoutSVGText {text} at (2799,1803) size 81x22 contains 1 chunk(s)
        LayoutSVGInlineText {#text} at (2799,1803) size 81x22
          chunk 1 text run 1 at (2800.00,1820.00) startOffset 0 endOffset 11 width 80.00: "just a text"
      LayoutSVGText {text} at (2899,1803) size 81x22 contains 1 chunk(s)
        LayoutSVGInlineText {#text} at (2899,1803) size 81x22
          chunk 1 text run 1 at (2900.00,1820.00) startOffset 0 endOffset 11 width 80.00: "just a text"
      LayoutSVGText {text} at (2999,1803) size 81x22 contains 1 chunk(s)
        LayoutSVGInlineText {#text} at (2999,1803) size 81x22
          chunk 1 text run 1 at (3000.00,1820.00) startOffset 0 endOffset 11 width 80.00: "just a text"
      LayoutSVGText {text} at (3099,1803) size 81x22 contains 1 chunk(s)
        LayoutSVGInlineText {#text} at (3099,1803) size 81x22
          chunk 1 text run 1 at (3100.00,1820.00) startOffset 0 endOffset 11 width 80.00: "just a text"
      LayoutSVGText {text} at (3199,1803) size 81x22 contains 1 chunk(s)
        LayoutSVGInlineText {#text} at (3199,1803) size 81x22
          chunk 1 text run 1 at (3200.00,1820.00) startOffset 0 endOffset 11 width 80.00: "just a text"
      LayoutSVGText {text} at (3299,1803) size 81x22 contains 1 chunk(s)
        LayoutSVGInlineText {#text} at (3299,1803) size 81x22
          chunk 1 text run 1 at (3300.00,1820.00) startOffset 0 endOffset 11 width 80.00: "just a text"
      LayoutSVGText {text} at (3399,1803) size 81x22 contains 1 chunk(s)
        LayoutSVGInlineText {#text} at (3399,1803) size 81x22
          chunk 1 text run 1 at (3400.00,1820.00) startOffset 0 endOffset 11 width 80.00: "just a text"
      LayoutSVGText {text} at (3499,1803) size 81x22 contains 1 chunk(s)
        LayoutSVGInlineText {#text} at (3499,1803) size 81x22
          chunk 1 text run 1 at (3500.00,1820.00) startOffset 0 endOffset 11 width 80.00: "just a text"
      LayoutSVGText {text} at (3599,1803) size 81x22 contains 1 chunk(s)
        LayoutSVGInlineText {#text} at (3599,1803) size 81x22
          chunk 1 text run 1 at (3600.00,1820.00) startOffset 0 endOffset 11 width 80.00: "just a text"
      LayoutSVGText {text} at (3699,1803) size 81x22 contains 1 chunk(s)
        LayoutSVGInlineText {#text} at (3699,1803) size 81x22
          chunk 1 text run 1 at (3700.00,1820.00) startOffset 0 endOffset 11 width 80.00: "just a text"
      LayoutSVGText {text} at (3799,1803) size 81x22 contains 1 chunk(s)
        LayoutSVGInlineText {#text} at (3799,1803) size 81x22
          chunk 1 text run 1 at (3800.00,1820.00) startOffset 0 endOffset 11 width 80.00: "just a text"
      LayoutSVGText {text} at (3899,1803) size 81x22 contains 1 chunk(s)
        LayoutSVGInlineText {#text} at (3899,1803) size 81x22
          chunk 1 text run 1 at (3900.00,1820.00) startOffset 0 endOffset 11 width 80.00: "just a text"
      LayoutSVGText {text} at (3999,1803) size 81x22 contains 1 chunk(s)
        LayoutSVGInlineText {#text} at (3999,1803) size 81x22
          chunk 1 text run 1 at (4000.00,1820.00) startOffset 0 endOffset 11 width 80.00: "just a text"
      LayoutSVGText {text} at (4099,1803) size 81x22 contains 1 chunk(s)
        LayoutSVGInlineText {#text} at (4099,1803) size 81x22
          chunk 1 text run 1 at (4100.00,1820.00) startOffset 0 endOffset 11 width 80.00: "just a text"
      LayoutSVGText {text} at (4199,1803) size 81x22 contains 1 chunk(s)
        LayoutSVGInlineText {#text} at (4199,1803) size 81x22
          chunk 1 text run 1 at (4200.00,1820.00) startOffset 0 endOffset 11 width 80.00: "just a text"
      LayoutSVGText {text} at (4299,1803) size 81x22 contains 1 chunk(s)
        LayoutSVGInlineText {#text} at (4299,1803) size 81x22
          chunk 1 text run 1 at (4300.00,1820.00) startOffset 0 endOffset 11 width 80.00: "just a text"
      LayoutSVGText {text} at (4399,1803) size 81x22 contains 1 chunk(s)
        LayoutSVGInlineText {#text} at (4399,1803) size 81x22
          chunk 1 text run 1 at (4400.00,1820.00) startOffset 0 endOffset 11 width 80.00: "just a text"
      LayoutSVGText {text} at (4499,1803) size 81x22 contains 1 chunk(s)
        LayoutSVGInlineText {#text} at (4499,1803) size 81x22
          chunk 1 text run 1 at (4500.00,1820.00) startOffset 0 endOffset 11 width 80.00: "just a text"
      LayoutSVGText {text} at (4599,1803) size 81x22 contains 1 chunk(s)
        LayoutSVGInlineText {#text} at (4599,1803) size 81x22
          chunk 1 text run 1 at (4600.00,1820.00) startOffset 0 endOffset 11 width 80.00: "just a text"
      LayoutSVGText {text} at (4699,1803) size 81x22 contains 1 chunk(s)
        LayoutSVGInlineText {#text} at (4699,1803) size 81x22
          chunk 1 text run 1 at (4700.00,1820.00) startOffset 0 endOffset 11 width 80.00: "just a text"
      LayoutSVGText {text} at (4799,1803) size 81x22 contains 1 chunk(s)
        LayoutSVGInlineText {#text} at (4799,1803) size 81x22
          chunk 1 text run 1 at (4800.00,1820.00) startOffset 0 endOffset 11 width 80.00: "just a text"
      LayoutSVGText {text} at (4899,1803) size 81x22 contains 1 chunk(s)
        LayoutSVGInlineText {#text} at (4899,1803) size 81x22
          chunk 1 text run 1 at (4900.00,1820.00) startOffset 0 endOffset 11 width 80.00: "just a text"
      LayoutSVGText {text} at (-1,1903) size 81x22 contains 1 chunk(s)
        LayoutSVGInlineText {#text} at (-1,1903) size 81x22
          chunk 1 text run 1 at (0.00,1920.00) startOffset 0 endOffset 11 width 80.00: "just a text"
      LayoutSVGText {text} at (99,1903) size 81x22 contains 1 chunk(s)
        LayoutSVGInlineText {#text} at (99,1903) size 81x22
          chunk 1 text run 1 at (100.00,1920.00) startOffset 0 endOffset 11 width 80.00: "just a text"
      LayoutSVGText {text} at (199,1903) size 81x22 contains 1 chunk(s)
        LayoutSVGInlineText {#text} at (199,1903) size 81x22
          chunk 1 text run 1 at (200.00,1920.00) startOffset 0 endOffset 11 width 80.00: "just a text"
      LayoutSVGText {text} at (299,1903) size 81x22 contains 1 chunk(s)
        LayoutSVGInlineText {#text} at (299,1903) size 81x22
          chunk 1 text run 1 at (300.00,1920.00) startOffset 0 endOffset 11 width 80.00: "just a text"
      LayoutSVGText {text} at (399,1903) size 81x22 contains 1 chunk(s)
        LayoutSVGInlineText {#text} at (399,1903) size 81x22
          chunk 1 text run 1 at (400.00,1920.00) startOffset 0 endOffset 11 width 80.00: "just a text"
      LayoutSVGText {text} at (499,1903) size 81x22 contains 1 chunk(s)
        LayoutSVGInlineText {#text} at (499,1903) size 81x22
          chunk 1 text run 1 at (500.00,1920.00) startOffset 0 endOffset 11 width 80.00: "just a text"
      LayoutSVGText {text} at (599,1903) size 81x22 contains 1 chunk(s)
        LayoutSVGInlineText {#text} at (599,1903) size 81x22
          chunk 1 text run 1 at (600.00,1920.00) startOffset 0 endOffset 11 width 80.00: "just a text"
      LayoutSVGText {text} at (699,1903) size 81x22 contains 1 chunk(s)
        LayoutSVGInlineText {#text} at (699,1903) size 81x22
          chunk 1 text run 1 at (700.00,1920.00) startOffset 0 endOffset 11 width 80.00: "just a text"
      LayoutSVGText {text} at (799,1903) size 81x22 contains 1 chunk(s)
        LayoutSVGInlineText {#text} at (799,1903) size 81x22
          chunk 1 text run 1 at (800.00,1920.00) startOffset 0 endOffset 11 width 80.00: "just a text"
      LayoutSVGText {text} at (899,1903) size 81x22 contains 1 chunk(s)
        LayoutSVGInlineText {#text} at (899,1903) size 81x22
          chunk 1 text run 1 at (900.00,1920.00) startOffset 0 endOffset 11 width 80.00: "just a text"
      LayoutSVGText {text} at (999,1903) size 81x22 contains 1 chunk(s)
        LayoutSVGInlineText {#text} at (999,1903) size 81x22
          chunk 1 text run 1 at (1000.00,1920.00) startOffset 0 endOffset 11 width 80.00: "just a text"
      LayoutSVGText {text} at (1099,1903) size 81x22 contains 1 chunk(s)
        LayoutSVGInlineText {#text} at (1099,1903) size 81x22
          chunk 1 text run 1 at (1100.00,1920.00) startOffset 0 endOffset 11 width 80.00: "just a text"
      LayoutSVGText {text} at (1199,1903) size 81x22 contains 1 chunk(s)
        LayoutSVGInlineText {#text} at (1199,1903) size 81x22
          chunk 1 text run 1 at (1200.00,1920.00) startOffset 0 endOffset 11 width 80.00: "just a text"
      LayoutSVGText {text} at (1299,1903) size 81x22 contains 1 chunk(s)
        LayoutSVGInlineText {#text} at (1299,1903) size 81x22
          chunk 1 text run 1 at (1300.00,1920.00) startOffset 0 endOffset 11 width 80.00: "just a text"
      LayoutSVGText {text} at (1399,1903) size 81x22 contains 1 chunk(s)
        LayoutSVGInlineText {#text} at (1399,1903) size 81x22
          chunk 1 text run 1 at (1400.00,1920.00) startOffset 0 endOffset 11 width 80.00: "just a text"
      LayoutSVGText {text} at (1499,1903) size 81x22 contains 1 chunk(s)
        LayoutSVGInlineText {#text} at (1499,1903) size 81x22
          chunk 1 text run 1 at (1500.00,1920.00) startOffset 0 endOffset 11 width 80.00: "just a text"
      LayoutSVGText {text} at (1599,1903) size 81x22 contains 1 chunk(s)
        LayoutSVGInlineText {#text} at (1599,1903) size 81x22
          chunk 1 text run 1 at (1600.00,1920.00) startOffset 0 endOffset 11 width 80.00: "just a text"
      LayoutSVGText {text} at (1699,1903) size 81x22 contains 1 chunk(s)
        LayoutSVGInlineText {#text} at (1699,1903) size 81x22
          chunk 1 text run 1 at (1700.00,1920.00) startOffset 0 endOffset 11 width 80.00: "just a text"
      LayoutSVGText {text} at (1799,1903) size 81x22 contains 1 chunk(s)
        LayoutSVGInlineText {#text} at (1799,1903) size 81x22
          chunk 1 text run 1 at (1800.00,1920.00) startOffset 0 endOffset 11 width 80.00: "just a text"
      LayoutSVGText {text} at (1899,1903) size 81x22 contains 1 chunk(s)
        LayoutSVGInlineText {#text} at (1899,1903) size 81x22
          chunk 1 text run 1 at (1900.00,1920.00) startOffset 0 endOffset 11 width 80.00: "just a text"
      LayoutSVGText {text} at (1999,1903) size 81x22 contains 1 chunk(s)
        LayoutSVGInlineText {#text} at (1999,1903) size 81x22
          chunk 1 text run 1 at (2000.00,1920.00) startOffset 0 endOffset 11 width 80.00: "just a text"
      LayoutSVGText {text} at (2099,1903) size 81x22 contains 1 chunk(s)
        LayoutSVGInlineText {#text} at (2099,1903) size 81x22
          chunk 1 text run 1 at (2100.00,1920.00) startOffset 0 endOffset 11 width 80.00: "just a text"
      LayoutSVGText {text} at (2199,1903) size 81x22 contains 1 chunk(s)
        LayoutSVGInlineText {#text} at (2199,1903) size 81x22
          chunk 1 text run 1 at (2200.00,1920.00) startOffset 0 endOffset 11 width 80.00: "just a text"
      LayoutSVGText {text} at (2299,1903) size 81x22 contains 1 chunk(s)
        LayoutSVGInlineText {#text} at (2299,1903) size 81x22
          chunk 1 text run 1 at (2300.00,1920.00) startOffset 0 endOffset 11 width 80.00: "just a text"
      LayoutSVGText {text} at (2399,1903) size 81x22 contains 1 chunk(s)
        LayoutSVGInlineText {#text} at (2399,1903) size 81x22
          chunk 1 text run 1 at (2400.00,1920.00) startOffset 0 endOffset 11 width 80.00: "just a text"
      LayoutSVGText {text} at (2499,1903) size 81x22 contains 1 chunk(s)
        LayoutSVGInlineText {#text} at (2499,1903) size 81x22
          chunk 1 text run 1 at (2500.00,1920.00) startOffset 0 endOffset 11 width 80.00: "just a text"
      LayoutSVGText {text} at (2599,1903) size 81x22 contains 1 chunk(s)
        LayoutSVGInlineText {#text} at (2599,1903) size 81x22
          chunk 1 text run 1 at (2600.00,1920.00) startOffset 0 endOffset 11 width 80.00: "just a text"
      LayoutSVGText {text} at (2699,1903) size 81x22 contains 1 chunk(s)
        LayoutSVGInlineText {#text} at (2699,1903) size 81x22
          chunk 1 text run 1 at (2700.00,1920.00) startOffset 0 endOffset 11 width 80.00: "just a text"
      LayoutSVGText {text} at (2799,1903) size 81x22 contains 1 chunk(s)
        LayoutSVGInlineText {#text} at (2799,1903) size 81x22
          chunk 1 text run 1 at (2800.00,1920.00) startOffset 0 endOffset 11 width 80.00: "just a text"
      LayoutSVGText {text} at (2899,1903) size 81x22 contains 1 chunk(s)
        LayoutSVGInlineText {#text} at (2899,1903) size 81x22
          chunk 1 text run 1 at (2900.00,1920.00) startOffset 0 endOffset 11 width 80.00: "just a text"
      LayoutSVGText {text} at (2999,1903) size 81x22 contains 1 chunk(s)
        LayoutSVGInlineText {#text} at (2999,1903) size 81x22
          chunk 1 text run 1 at (3000.00,1920.00) startOffset 0 endOffset 11 width 80.00: "just a text"
      LayoutSVGText {text} at (3099,1903) size 81x22 contains 1 chunk(s)
        LayoutSVGInlineText {#text} at (3099,1903) size 81x22
          chunk 1 text run 1 at (3100.00,1920.00) startOffset 0 endOffset 11 width 80.00: "just a text"
      LayoutSVGText {text} at (3199,1903) size 81x22 contains 1 chunk(s)
        LayoutSVGInlineText {#text} at (3199,1903) size 81x22
          chunk 1 text run 1 at (3200.00,1920.00) startOffset 0 endOffset 11 width 80.00: "just a text"
      LayoutSVGText {text} at (3299,1903) size 81x22 contains 1 chunk(s)
        LayoutSVGInlineText {#text} at (3299,1903) size 81x22
          chunk 1 text run 1 at (3300.00,1920.00) startOffset 0 endOffset 11 width 80.00: "just a text"
      LayoutSVGText {text} at (3399,1903) size 81x22 contains 1 chunk(s)
        LayoutSVGInlineText {#text} at (3399,1903) size 81x22
          chunk 1 text run 1 at (3400.00,1920.00) startOffset 0 endOffset 11 width 80.00: "just a text"
      LayoutSVGText {text} at (3499,1903) size 81x22 contains 1 chunk(s)
        LayoutSVGInlineText {#text} at (3499,1903) size 81x22
          chunk 1 text run 1 at (3500.00,1920.00) startOffset 0 endOffset 11 width 80.00: "just a text"
      LayoutSVGText {text} at (3599,1903) size 81x22 contains 1 chunk(s)
        LayoutSVGInlineText {#text} at (3599,1903) size 81x22
          chunk 1 text run 1 at (3600.00,1920.00) startOffset 0 endOffset 11 width 80.00: "just a text"
      LayoutSVGText {text} at (3699,1903) size 81x22 contains 1 chunk(s)
        LayoutSVGInlineText {#text} at (3699,1903) size 81x22
          chunk 1 text run 1 at (3700.00,1920.00) startOffset 0 endOffset 11 width 80.00: "just a text"
      LayoutSVGText {text} at (3799,1903) size 81x22 contains 1 chunk(s)
        LayoutSVGInlineText {#text} at (3799,1903) size 81x22
          chunk 1 text run 1 at (3800.00,1920.00) startOffset 0 endOffset 11 width 80.00: "just a text"
      LayoutSVGText {text} at (3899,1903) size 81x22 contains 1 chunk(s)
        LayoutSVGInlineText {#text} at (3899,1903) size 81x22
          chunk 1 text run 1 at (3900.00,1920.00) startOffset 0 endOffset 11 width 80.00: "just a text"
      LayoutSVGText {text} at (3999,1903) size 81x22 contains 1 chunk(s)
        LayoutSVGInlineText {#text} at (3999,1903) size 81x22
          chunk 1 text run 1 at (4000.00,1920.00) startOffset 0 endOffset 11 width 80.00: "just a text"
      LayoutSVGText {text} at (4099,1903) size 81x22 contains 1 chunk(s)
        LayoutSVGInlineText {#text} at (4099,1903) size 81x22
          chunk 1 text run 1 at (4100.00,1920.00) startOffset 0 endOffset 11 width 80.00: "just a text"
      LayoutSVGText {text} at (4199,1903) size 81x22 contains 1 chunk(s)
        LayoutSVGInlineText {#text} at (4199,1903) size 81x22
          chunk 1 text run 1 at (4200.00,1920.00) startOffset 0 endOffset 11 width 80.00: "just a text"
      LayoutSVGText {text} at (4299,1903) size 81x22 contains 1 chunk(s)
        LayoutSVGInlineText {#text} at (4299,1903) size 81x22
          chunk 1 text run 1 at (4300.00,1920.00) startOffset 0 endOffset 11 width 80.00: "just a text"
      LayoutSVGText {text} at (4399,1903) size 81x22 contains 1 chunk(s)
        LayoutSVGInlineText {#text} at (4399,1903) size 81x22
          chunk 1 text run 1 at (4400.00,1920.00) startOffset 0 endOffset 11 width 80.00: "just a text"
      LayoutSVGText {text} at (4499,1903) size 81x22 contains 1 chunk(s)
        LayoutSVGInlineText {#text} at (4499,1903) size 81x22
          chunk 1 text run 1 at (4500.00,1920.00) startOffset 0 endOffset 11 width 80.00: "just a text"
      LayoutSVGText {text} at (4599,1903) size 81x22 contains 1 chunk(s)
        LayoutSVGInlineText {#text} at (4599,1903) size 81x22
          chunk 1 text run 1 at (4600.00,1920.00) startOffset 0 endOffset 11 width 80.00: "just a text"
      LayoutSVGText {text} at (4699,1903) size 81x22 contains 1 chunk(s)
        LayoutSVGInlineText {#text} at (4699,1903) size 81x22
          chunk 1 text run 1 at (4700.00,1920.00) startOffset 0 endOffset 11 width 80.00: "just a text"
      LayoutSVGText {text} at (4799,1903) size 81x22 contains 1 chunk(s)
        LayoutSVGInlineText {#text} at (4799,1903) size 81x22
          chunk 1 text run 1 at (4800.00,1920.00) startOffset 0 endOffset 11 width 80.00: "just a text"
      LayoutSVGText {text} at (4899,1903) size 81x22 contains 1 chunk(s)
        LayoutSVGInlineText {#text} at (4899,1903) size 81x22
          chunk 1 text run 1 at (4900.00,1920.00) startOffset 0 endOffset 11 width 80.00: "just a text"
      LayoutSVGText {text} at (-1,2003) size 81x22 contains 1 chunk(s)
        LayoutSVGInlineText {#text} at (-1,2003) size 81x22
          chunk 1 text run 1 at (0.00,2020.00) startOffset 0 endOffset 11 width 80.00: "just a text"
      LayoutSVGText {text} at (99,2003) size 81x22 contains 1 chunk(s)
        LayoutSVGInlineText {#text} at (99,2003) size 81x22
          chunk 1 text run 1 at (100.00,2020.00) startOffset 0 endOffset 11 width 80.00: "just a text"
      LayoutSVGText {text} at (199,2003) size 81x22 contains 1 chunk(s)
        LayoutSVGInlineText {#text} at (199,2003) size 81x22
          chunk 1 text run 1 at (200.00,2020.00) startOffset 0 endOffset 11 width 80.00: "just a text"
      LayoutSVGText {text} at (299,2003) size 81x22 contains 1 chunk(s)
        LayoutSVGInlineText {#text} at (299,2003) size 81x22
          chunk 1 text run 1 at (300.00,2020.00) startOffset 0 endOffset 11 width 80.00: "just a text"
      LayoutSVGText {text} at (399,2003) size 81x22 contains 1 chunk(s)
        LayoutSVGInlineText {#text} at (399,2003) size 81x22
          chunk 1 text run 1 at (400.00,2020.00) startOffset 0 endOffset 11 width 80.00: "just a text"
      LayoutSVGText {text} at (499,2003) size 81x22 contains 1 chunk(s)
        LayoutSVGInlineText {#text} at (499,2003) size 81x22
          chunk 1 text run 1 at (500.00,2020.00) startOffset 0 endOffset 11 width 80.00: "just a text"
      LayoutSVGText {text} at (599,2003) size 81x22 contains 1 chunk(s)
        LayoutSVGInlineText {#text} at (599,2003) size 81x22
          chunk 1 text run 1 at (600.00,2020.00) startOffset 0 endOffset 11 width 80.00: "just a text"
      LayoutSVGText {text} at (699,2003) size 81x22 contains 1 chunk(s)
        LayoutSVGInlineText {#text} at (699,2003) size 81x22
          chunk 1 text run 1 at (700.00,2020.00) startOffset 0 endOffset 11 width 80.00: "just a text"
      LayoutSVGText {text} at (799,2003) size 81x22 contains 1 chunk(s)
        LayoutSVGInlineText {#text} at (799,2003) size 81x22
          chunk 1 text run 1 at (800.00,2020.00) startOffset 0 endOffset 11 width 80.00: "just a text"
      LayoutSVGText {text} at (899,2003) size 81x22 contains 1 chunk(s)
        LayoutSVGInlineText {#text} at (899,2003) size 81x22
          chunk 1 text run 1 at (900.00,2020.00) startOffset 0 endOffset 11 width 80.00: "just a text"
      LayoutSVGText {text} at (999,2003) size 81x22 contains 1 chunk(s)
        LayoutSVGInlineText {#text} at (999,2003) size 81x22
          chunk 1 text run 1 at (1000.00,2020.00) startOffset 0 endOffset 11 width 80.00: "just a text"
      LayoutSVGText {text} at (1099,2003) size 81x22 contains 1 chunk(s)
        LayoutSVGInlineText {#text} at (1099,2003) size 81x22
          chunk 1 text run 1 at (1100.00,2020.00) startOffset 0 endOffset 11 width 80.00: "just a text"
      LayoutSVGText {text} at (1199,2003) size 81x22 contains 1 chunk(s)
        LayoutSVGInlineText {#text} at (1199,2003) size 81x22
          chunk 1 text run 1 at (1200.00,2020.00) startOffset 0 endOffset 11 width 80.00: "just a text"
      LayoutSVGText {text} at (1299,2003) size 81x22 contains 1 chunk(s)
        LayoutSVGInlineText {#text} at (1299,2003) size 81x22
          chunk 1 text run 1 at (1300.00,2020.00) startOffset 0 endOffset 11 width 80.00: "just a text"
      LayoutSVGText {text} at (1399,2003) size 81x22 contains 1 chunk(s)
        LayoutSVGInlineText {#text} at (1399,2003) size 81x22
          chunk 1 text run 1 at (1400.00,2020.00) startOffset 0 endOffset 11 width 80.00: "just a text"
      LayoutSVGText {text} at (1499,2003) size 81x22 contains 1 chunk(s)
        LayoutSVGInlineText {#text} at (1499,2003) size 81x22
          chunk 1 text run 1 at (1500.00,2020.00) startOffset 0 endOffset 11 width 80.00: "just a text"
      LayoutSVGText {text} at (1599,2003) size 81x22 contains 1 chunk(s)
        LayoutSVGInlineText {#text} at (1599,2003) size 81x22
          chunk 1 text run 1 at (1600.00,2020.00) startOffset 0 endOffset 11 width 80.00: "just a text"
      LayoutSVGText {text} at (1699,2003) size 81x22 contains 1 chunk(s)
        LayoutSVGInlineText {#text} at (1699,2003) size 81x22
          chunk 1 text run 1 at (1700.00,2020.00) startOffset 0 endOffset 11 width 80.00: "just a text"
      LayoutSVGText {text} at (1799,2003) size 81x22 contains 1 chunk(s)
        LayoutSVGInlineText {#text} at (1799,2003) size 81x22
          chunk 1 text run 1 at (1800.00,2020.00) startOffset 0 endOffset 11 width 80.00: "just a text"
      LayoutSVGText {text} at (1899,2003) size 81x22 contains 1 chunk(s)
        LayoutSVGInlineText {#text} at (1899,2003) size 81x22
          chunk 1 text run 1 at (1900.00,2020.00) startOffset 0 endOffset 11 width 80.00: "just a text"
      LayoutSVGText {text} at (1999,2003) size 81x22 contains 1 chunk(s)
        LayoutSVGInlineText {#text} at (1999,2003) size 81x22
          chunk 1 text run 1 at (2000.00,2020.00) startOffset 0 endOffset 11 width 80.00: "just a text"
      LayoutSVGText {text} at (2099,2003) size 81x22 contains 1 chunk(s)
        LayoutSVGInlineText {#text} at (2099,2003) size 81x22
          chunk 1 text run 1 at (2100.00,2020.00) startOffset 0 endOffset 11 width 80.00: "just a text"
      LayoutSVGText {text} at (2199,2003) size 81x22 contains 1 chunk(s)
        LayoutSVGInlineText {#text} at (2199,2003) size 81x22
          chunk 1 text run 1 at (2200.00,2020.00) startOffset 0 endOffset 11 width 80.00: "just a text"
      LayoutSVGText {text} at (2299,2003) size 81x22 contains 1 chunk(s)
        LayoutSVGInlineText {#text} at (2299,2003) size 81x22
          chunk 1 text run 1 at (2300.00,2020.00) startOffset 0 endOffset 11 width 80.00: "just a text"
      LayoutSVGText {text} at (2399,2003) size 81x22 contains 1 chunk(s)
        LayoutSVGInlineText {#text} at (2399,2003) size 81x22
          chunk 1 text run 1 at (2400.00,2020.00) startOffset 0 endOffset 11 width 80.00: "just a text"
      LayoutSVGText {text} at (2499,2003) size 81x22 contains 1 chunk(s)
        LayoutSVGInlineText {#text} at (2499,2003) size 81x22
          chunk 1 text run 1 at (2500.00,2020.00) startOffset 0 endOffset 11 width 80.00: "just a text"
      LayoutSVGText {text} at (2599,2003) size 81x22 contains 1 chunk(s)
        LayoutSVGInlineText {#text} at (2599,2003) size 81x22
          chunk 1 text run 1 at (2600.00,2020.00) startOffset 0 endOffset 11 width 80.00: "just a text"
      LayoutSVGText {text} at (2699,2003) size 81x22 contains 1 chunk(s)
        LayoutSVGInlineText {#text} at (2699,2003) size 81x22
          chunk 1 text run 1 at (2700.00,2020.00) startOffset 0 endOffset 11 width 80.00: "just a text"
      LayoutSVGText {text} at (2799,2003) size 81x22 contains 1 chunk(s)
        LayoutSVGInlineText {#text} at (2799,2003) size 81x22
          chunk 1 text run 1 at (2800.00,2020.00) startOffset 0 endOffset 11 width 80.00: "just a text"
      LayoutSVGText {text} at (2899,2003) size 81x22 contains 1 chunk(s)
        LayoutSVGInlineText {#text} at (2899,2003) size 81x22
          chunk 1 text run 1 at (2900.00,2020.00) startOffset 0 endOffset 11 width 80.00: "just a text"
      LayoutSVGText {text} at (2999,2003) size 81x22 contains 1 chunk(s)
        LayoutSVGInlineText {#text} at (2999,2003) size 81x22
          chunk 1 text run 1 at (3000.00,2020.00) startOffset 0 endOffset 11 width 80.00: "just a text"
      LayoutSVGText {text} at (3099,2003) size 81x22 contains 1 chunk(s)
        LayoutSVGInlineText {#text} at (3099,2003) size 81x22
          chunk 1 text run 1 at (3100.00,2020.00) startOffset 0 endOffset 11 width 80.00: "just a text"
      LayoutSVGText {text} at (3199,2003) size 81x22 contains 1 chunk(s)
        LayoutSVGInlineText {#text} at (3199,2003) size 81x22
          chunk 1 text run 1 at (3200.00,2020.00) startOffset 0 endOffset 11 width 80.00: "just a text"
      LayoutSVGText {text} at (3299,2003) size 81x22 contains 1 chunk(s)
        LayoutSVGInlineText {#text} at (3299,2003) size 81x22
          chunk 1 text run 1 at (3300.00,2020.00) startOffset 0 endOffset 11 width 80.00: "just a text"
      LayoutSVGText {text} at (3399,2003) size 81x22 contains 1 chunk(s)
        LayoutSVGInlineText {#text} at (3399,2003) size 81x22
          chunk 1 text run 1 at (3400.00,2020.00) startOffset 0 endOffset 11 width 80.00: "just a text"
      LayoutSVGText {text} at (3499,2003) size 81x22 contains 1 chunk(s)
        LayoutSVGInlineText {#text} at (3499,2003) size 81x22
          chunk 1 text run 1 at (3500.00,2020.00) startOffset 0 endOffset 11 width 80.00: "just a text"
      LayoutSVGText {text} at (3599,2003) size 81x22 contains 1 chunk(s)
        LayoutSVGInlineText {#text} at (3599,2003) size 81x22
          chunk 1 text run 1 at (3600.00,2020.00) startOffset 0 endOffset 11 width 80.00: "just a text"
      LayoutSVGText {text} at (3699,2003) size 81x22 contains 1 chunk(s)
        LayoutSVGInlineText {#text} at (3699,2003) size 81x22
          chunk 1 text run 1 at (3700.00,2020.00) startOffset 0 endOffset 11 width 80.00: "just a text"
      LayoutSVGText {text} at (3799,2003) size 81x22 contains 1 chunk(s)
        LayoutSVGInlineText {#text} at (3799,2003) size 81x22
          chunk 1 text run 1 at (3800.00,2020.00) startOffset 0 endOffset 11 width 80.00: "just a text"
      LayoutSVGText {text} at (3899,2003) size 81x22 contains 1 chunk(s)
        LayoutSVGInlineText {#text} at (3899,2003) size 81x22
          chunk 1 text run 1 at (3900.00,2020.00) startOffset 0 endOffset 11 width 80.00: "just a text"
      LayoutSVGText {text} at (3999,2003) size 81x22 contains 1 chunk(s)
        LayoutSVGInlineText {#text} at (3999,2003) size 81x22
          chunk 1 text run 1 at (4000.00,2020.00) startOffset 0 endOffset 11 width 80.00: "just a text"
      LayoutSVGText {text} at (4099,2003) size 81x22 contains 1 chunk(s)
        LayoutSVGInlineText {#text} at (4099,2003) size 81x22
          chunk 1 text run 1 at (4100.00,2020.00) startOffset 0 endOffset 11 width 80.00: "just a text"
      LayoutSVGText {text} at (4199,2003) size 81x22 contains 1 chunk(s)
        LayoutSVGInlineText {#text} at (4199,2003) size 81x22
          chunk 1 text run 1 at (4200.00,2020.00) startOffset 0 endOffset 11 width 80.00: "just a text"
      LayoutSVGText {text} at (4299,2003) size 81x22 contains 1 chunk(s)
        LayoutSVGInlineText {#text} at (4299,2003) size 81x22
          chunk 1 text run 1 at (4300.00,2020.00) startOffset 0 endOffset 11 width 80.00: "just a text"
      LayoutSVGText {text} at (4399,2003) size 81x22 contains 1 chunk(s)
        LayoutSVGInlineText {#text} at (4399,2003) size 81x22
          chunk 1 text run 1 at (4400.00,2020.00) startOffset 0 endOffset 11 width 80.00: "just a text"
      LayoutSVGText {text} at (4499,2003) size 81x22 contains 1 chunk(s)
        LayoutSVGInlineText {#text} at (4499,2003) size 81x22
          chunk 1 text run 1 at (4500.00,2020.00) startOffset 0 endOffset 11 width 80.00: "just a text"
      LayoutSVGText {text} at (4599,2003) size 81x22 contains 1 chunk(s)
        LayoutSVGInlineText {#text} at (4599,2003) size 81x22
          chunk 1 text run 1 at (4600.00,2020.00) startOffset 0 endOffset 11 width 80.00: "just a text"
      LayoutSVGText {text} at (4699,2003) size 81x22 contains 1 chunk(s)
        LayoutSVGInlineText {#text} at (4699,2003) size 81x22
          chunk 1 text run 1 at (4700.00,2020.00) startOffset 0 endOffset 11 width 80.00: "just a text"
      LayoutSVGText {text} at (4799,2003) size 81x22 contains 1 chunk(s)
        LayoutSVGInlineText {#text} at (4799,2003) size 81x22
          chunk 1 text run 1 at (4800.00,2020.00) startOffset 0 endOffset 11 width 80.00: "just a text"
      LayoutSVGText {text} at (4899,2003) size 81x22 contains 1 chunk(s)
        LayoutSVGInlineText {#text} at (4899,2003) size 81x22
          chunk 1 text run 1 at (4900.00,2020.00) startOffset 0 endOffset 11 width 80.00: "just a text"
      LayoutSVGText {text} at (-1,2103) size 81x22 contains 1 chunk(s)
        LayoutSVGInlineText {#text} at (-1,2103) size 81x22
          chunk 1 text run 1 at (0.00,2120.00) startOffset 0 endOffset 11 width 80.00: "just a text"
      LayoutSVGText {text} at (99,2103) size 81x22 contains 1 chunk(s)
        LayoutSVGInlineText {#text} at (99,2103) size 81x22
          chunk 1 text run 1 at (100.00,2120.00) startOffset 0 endOffset 11 width 80.00: "just a text"
      LayoutSVGText {text} at (199,2103) size 81x22 contains 1 chunk(s)
        LayoutSVGInlineText {#text} at (199,2103) size 81x22
          chunk 1 text run 1 at (200.00,2120.00) startOffset 0 endOffset 11 width 80.00: "just a text"
      LayoutSVGText {text} at (299,2103) size 81x22 contains 1 chunk(s)
        LayoutSVGInlineText {#text} at (299,2103) size 81x22
          chunk 1 text run 1 at (300.00,2120.00) startOffset 0 endOffset 11 width 80.00: "just a text"
      LayoutSVGText {text} at (399,2103) size 81x22 contains 1 chunk(s)
        LayoutSVGInlineText {#text} at (399,2103) size 81x22
          chunk 1 text run 1 at (400.00,2120.00) startOffset 0 endOffset 11 width 80.00: "just a text"
      LayoutSVGText {text} at (499,2103) size 81x22 contains 1 chunk(s)
        LayoutSVGInlineText {#text} at (499,2103) size 81x22
          chunk 1 text run 1 at (500.00,2120.00) startOffset 0 endOffset 11 width 80.00: "just a text"
      LayoutSVGText {text} at (599,2103) size 81x22 contains 1 chunk(s)
        LayoutSVGInlineText {#text} at (599,2103) size 81x22
          chunk 1 text run 1 at (600.00,2120.00) startOffset 0 endOffset 11 width 80.00: "just a text"
      LayoutSVGText {text} at (699,2103) size 81x22 contains 1 chunk(s)
        LayoutSVGInlineText {#text} at (699,2103) size 81x22
          chunk 1 text run 1 at (700.00,2120.00) startOffset 0 endOffset 11 width 80.00: "just a text"
      LayoutSVGText {text} at (799,2103) size 81x22 contains 1 chunk(s)
        LayoutSVGInlineText {#text} at (799,2103) size 81x22
          chunk 1 text run 1 at (800.00,2120.00) startOffset 0 endOffset 11 width 80.00: "just a text"
      LayoutSVGText {text} at (899,2103) size 81x22 contains 1 chunk(s)
        LayoutSVGInlineText {#text} at (899,2103) size 81x22
          chunk 1 text run 1 at (900.00,2120.00) startOffset 0 endOffset 11 width 80.00: "just a text"
      LayoutSVGText {text} at (999,2103) size 81x22 contains 1 chunk(s)
        LayoutSVGInlineText {#text} at (999,2103) size 81x22
          chunk 1 text run 1 at (1000.00,2120.00) startOffset 0 endOffset 11 width 80.00: "just a text"
      LayoutSVGText {text} at (1099,2103) size 81x22 contains 1 chunk(s)
        LayoutSVGInlineText {#text} at (1099,2103) size 81x22
          chunk 1 text run 1 at (1100.00,2120.00) startOffset 0 endOffset 11 width 80.00: "just a text"
      LayoutSVGText {text} at (1199,2103) size 81x22 contains 1 chunk(s)
        LayoutSVGInlineText {#text} at (1199,2103) size 81x22
          chunk 1 text run 1 at (1200.00,2120.00) startOffset 0 endOffset 11 width 80.00: "just a text"
      LayoutSVGText {text} at (1299,2103) size 81x22 contains 1 chunk(s)
        LayoutSVGInlineText {#text} at (1299,2103) size 81x22
          chunk 1 text run 1 at (1300.00,2120.00) startOffset 0 endOffset 11 width 80.00: "just a text"
      LayoutSVGText {text} at (1399,2103) size 81x22 contains 1 chunk(s)
        LayoutSVGInlineText {#text} at (1399,2103) size 81x22
          chunk 1 text run 1 at (1400.00,2120.00) startOffset 0 endOffset 11 width 80.00: "just a text"
      LayoutSVGText {text} at (1499,2103) size 81x22 contains 1 chunk(s)
        LayoutSVGInlineText {#text} at (1499,2103) size 81x22
          chunk 1 text run 1 at (1500.00,2120.00) startOffset 0 endOffset 11 width 80.00: "just a text"
      LayoutSVGText {text} at (1599,2103) size 81x22 contains 1 chunk(s)
        LayoutSVGInlineText {#text} at (1599,2103) size 81x22
          chunk 1 text run 1 at (1600.00,2120.00) startOffset 0 endOffset 11 width 80.00: "just a text"
      LayoutSVGText {text} at (1699,2103) size 81x22 contains 1 chunk(s)
        LayoutSVGInlineText {#text} at (1699,2103) size 81x22
          chunk 1 text run 1 at (1700.00,2120.00) startOffset 0 endOffset 11 width 80.00: "just a text"
      LayoutSVGText {text} at (1799,2103) size 81x22 contains 1 chunk(s)
        LayoutSVGInlineText {#text} at (1799,2103) size 81x22
          chunk 1 text run 1 at (1800.00,2120.00) startOffset 0 endOffset 11 width 80.00: "just a text"
      LayoutSVGText {text} at (1899,2103) size 81x22 contains 1 chunk(s)
        LayoutSVGInlineText {#text} at (1899,2103) size 81x22
          chunk 1 text run 1 at (1900.00,2120.00) startOffset 0 endOffset 11 width 80.00: "just a text"
      LayoutSVGText {text} at (1999,2103) size 81x22 contains 1 chunk(s)
        LayoutSVGInlineText {#text} at (1999,2103) size 81x22
          chunk 1 text run 1 at (2000.00,2120.00) startOffset 0 endOffset 11 width 80.00: "just a text"
      LayoutSVGText {text} at (2099,2103) size 81x22 contains 1 chunk(s)
        LayoutSVGInlineText {#text} at (2099,2103) size 81x22
          chunk 1 text run 1 at (2100.00,2120.00) startOffset 0 endOffset 11 width 80.00: "just a text"
      LayoutSVGText {text} at (2199,2103) size 81x22 contains 1 chunk(s)
        LayoutSVGInlineText {#text} at (2199,2103) size 81x22
          chunk 1 text run 1 at (2200.00,2120.00) startOffset 0 endOffset 11 width 80.00: "just a text"
      LayoutSVGText {text} at (2299,2103) size 81x22 contains 1 chunk(s)
        LayoutSVGInlineText {#text} at (2299,2103) size 81x22
          chunk 1 text run 1 at (2300.00,2120.00) startOffset 0 endOffset 11 width 80.00: "just a text"
      LayoutSVGText {text} at (2399,2103) size 81x22 contains 1 chunk(s)
        LayoutSVGInlineText {#text} at (2399,2103) size 81x22
          chunk 1 text run 1 at (2400.00,2120.00) startOffset 0 endOffset 11 width 80.00: "just a text"
      LayoutSVGText {text} at (2499,2103) size 81x22 contains 1 chunk(s)
        LayoutSVGInlineText {#text} at (2499,2103) size 81x22
          chunk 1 text run 1 at (2500.00,2120.00) startOffset 0 endOffset 11 width 80.00: "just a text"
      LayoutSVGText {text} at (2599,2103) size 81x22 contains 1 chunk(s)
        LayoutSVGInlineText {#text} at (2599,2103) size 81x22
          chunk 1 text run 1 at (2600.00,2120.00) startOffset 0 endOffset 11 width 80.00: "just a text"
      LayoutSVGText {text} at (2699,2103) size 81x22 contains 1 chunk(s)
        LayoutSVGInlineText {#text} at (2699,2103) size 81x22
          chunk 1 text run 1 at (2700.00,2120.00) startOffset 0 endOffset 11 width 80.00: "just a text"
      LayoutSVGText {text} at (2799,2103) size 81x22 contains 1 chunk(s)
        LayoutSVGInlineText {#text} at (2799,2103) size 81x22
          chunk 1 text run 1 at (2800.00,2120.00) startOffset 0 endOffset 11 width 80.00: "just a text"
      LayoutSVGText {text} at (2899,2103) size 81x22 contains 1 chunk(s)
        LayoutSVGInlineText {#text} at (2899,2103) size 81x22
          chunk 1 text run 1 at (2900.00,2120.00) startOffset 0 endOffset 11 width 80.00: "just a text"
      LayoutSVGText {text} at (2999,2103) size 81x22 contains 1 chunk(s)
        LayoutSVGInlineText {#text} at (2999,2103) size 81x22
          chunk 1 text run 1 at (3000.00,2120.00) startOffset 0 endOffset 11 width 80.00: "just a text"
      LayoutSVGText {text} at (3099,2103) size 81x22 contains 1 chunk(s)
        LayoutSVGInlineText {#text} at (3099,2103) size 81x22
          chunk 1 text run 1 at (3100.00,2120.00) startOffset 0 endOffset 11 width 80.00: "just a text"
      LayoutSVGText {text} at (3199,2103) size 81x22 contains 1 chunk(s)
        LayoutSVGInlineText {#text} at (3199,2103) size 81x22
          chunk 1 text run 1 at (3200.00,2120.00) startOffset 0 endOffset 11 width 80.00: "just a text"
      LayoutSVGText {text} at (3299,2103) size 81x22 contains 1 chunk(s)
        LayoutSVGInlineText {#text} at (3299,2103) size 81x22
          chunk 1 text run 1 at (3300.00,2120.00) startOffset 0 endOffset 11 width 80.00: "just a text"
      LayoutSVGText {text} at (3399,2103) size 81x22 contains 1 chunk(s)
        LayoutSVGInlineText {#text} at (3399,2103) size 81x22
          chunk 1 text run 1 at (3400.00,2120.00) startOffset 0 endOffset 11 width 80.00: "just a text"
      LayoutSVGText {text} at (3499,2103) size 81x22 contains 1 chunk(s)
        LayoutSVGInlineText {#text} at (3499,2103) size 81x22
          chunk 1 text run 1 at (3500.00,2120.00) startOffset 0 endOffset 11 width 80.00: "just a text"
      LayoutSVGText {text} at (3599,2103) size 81x22 contains 1 chunk(s)
        LayoutSVGInlineText {#text} at (3599,2103) size 81x22
          chunk 1 text run 1 at (3600.00,2120.00) startOffset 0 endOffset 11 width 80.00: "just a text"
      LayoutSVGText {text} at (3699,2103) size 81x22 contains 1 chunk(s)
        LayoutSVGInlineText {#text} at (3699,2103) size 81x22
          chunk 1 text run 1 at (3700.00,2120.00) startOffset 0 endOffset 11 width 80.00: "just a text"
      LayoutSVGText {text} at (3799,2103) size 81x22 contains 1 chunk(s)
        LayoutSVGInlineText {#text} at (3799,2103) size 81x22
          chunk 1 text run 1 at (3800.00,2120.00) startOffset 0 endOffset 11 width 80.00: "just a text"
      LayoutSVGText {text} at (3899,2103) size 81x22 contains 1 chunk(s)
        LayoutSVGInlineText {#text} at (3899,2103) size 81x22
          chunk 1 text run 1 at (3900.00,2120.00) startOffset 0 endOffset 11 width 80.00: "just a text"
      LayoutSVGText {text} at (3999,2103) size 81x22 contains 1 chunk(s)
        LayoutSVGInlineText {#text} at (3999,2103) size 81x22
          chunk 1 text run 1 at (4000.00,2120.00) startOffset 0 endOffset 11 width 80.00: "just a text"
      LayoutSVGText {text} at (4099,2103) size 81x22 contains 1 chunk(s)
        LayoutSVGInlineText {#text} at (4099,2103) size 81x22
          chunk 1 text run 1 at (4100.00,2120.00) startOffset 0 endOffset 11 width 80.00: "just a text"
      LayoutSVGText {text} at (4199,2103) size 81x22 contains 1 chunk(s)
        LayoutSVGInlineText {#text} at (4199,2103) size 81x22
          chunk 1 text run 1 at (4200.00,2120.00) startOffset 0 endOffset 11 width 80.00: "just a text"
      LayoutSVGText {text} at (4299,2103) size 81x22 contains 1 chunk(s)
        LayoutSVGInlineText {#text} at (4299,2103) size 81x22
          chunk 1 text run 1 at (4300.00,2120.00) startOffset 0 endOffset 11 width 80.00: "just a text"
      LayoutSVGText {text} at (4399,2103) size 81x22 contains 1 chunk(s)
        LayoutSVGInlineText {#text} at (4399,2103) size 81x22
          chunk 1 text run 1 at (4400.00,2120.00) startOffset 0 endOffset 11 width 80.00: "just a text"
      LayoutSVGText {text} at (4499,2103) size 81x22 contains 1 chunk(s)
        LayoutSVGInlineText {#text} at (4499,2103) size 81x22
          chunk 1 text run 1 at (4500.00,2120.00) startOffset 0 endOffset 11 width 80.00: "just a text"
      LayoutSVGText {text} at (4599,2103) size 81x22 contains 1 chunk(s)
        LayoutSVGInlineText {#text} at (4599,2103) size 81x22
          chunk 1 text run 1 at (4600.00,2120.00) startOffset 0 endOffset 11 width 80.00: "just a text"
      LayoutSVGText {text} at (4699,2103) size 81x22 contains 1 chunk(s)
        LayoutSVGInlineText {#text} at (4699,2103) size 81x22
          chunk 1 text run 1 at (4700.00,2120.00) startOffset 0 endOffset 11 width 80.00: "just a text"
      LayoutSVGText {text} at (4799,2103) size 81x22 contains 1 chunk(s)
        LayoutSVGInlineText {#text} at (4799,2103) size 81x22
          chunk 1 text run 1 at (4800.00,2120.00) startOffset 0 endOffset 11 width 80.00: "just a text"
      LayoutSVGText {text} at (4899,2103) size 81x22 contains 1 chunk(s)
        LayoutSVGInlineText {#text} at (4899,2103) size 81x22
          chunk 1 text run 1 at (4900.00,2120.00) startOffset 0 endOffset 11 width 80.00: "just a text"
      LayoutSVGText {text} at (-1,2203) size 81x22 contains 1 chunk(s)
        LayoutSVGInlineText {#text} at (-1,2203) size 81x22
          chunk 1 text run 1 at (0.00,2220.00) startOffset 0 endOffset 11 width 80.00: "just a text"
      LayoutSVGText {text} at (99,2203) size 81x22 contains 1 chunk(s)
        LayoutSVGInlineText {#text} at (99,2203) size 81x22
          chunk 1 text run 1 at (100.00,2220.00) startOffset 0 endOffset 11 width 80.00: "just a text"
      LayoutSVGText {text} at (199,2203) size 81x22 contains 1 chunk(s)
        LayoutSVGInlineText {#text} at (199,2203) size 81x22
          chunk 1 text run 1 at (200.00,2220.00) startOffset 0 endOffset 11 width 80.00: "just a text"
      LayoutSVGText {text} at (299,2203) size 81x22 contains 1 chunk(s)
        LayoutSVGInlineText {#text} at (299,2203) size 81x22
          chunk 1 text run 1 at (300.00,2220.00) startOffset 0 endOffset 11 width 80.00: "just a text"
      LayoutSVGText {text} at (399,2203) size 81x22 contains 1 chunk(s)
        LayoutSVGInlineText {#text} at (399,2203) size 81x22
          chunk 1 text run 1 at (400.00,2220.00) startOffset 0 endOffset 11 width 80.00: "just a text"
      LayoutSVGText {text} at (499,2203) size 81x22 contains 1 chunk(s)
        LayoutSVGInlineText {#text} at (499,2203) size 81x22
          chunk 1 text run 1 at (500.00,2220.00) startOffset 0 endOffset 11 width 80.00: "just a text"
      LayoutSVGText {text} at (599,2203) size 81x22 contains 1 chunk(s)
        LayoutSVGInlineText {#text} at (599,2203) size 81x22
          chunk 1 text run 1 at (600.00,2220.00) startOffset 0 endOffset 11 width 80.00: "just a text"
      LayoutSVGText {text} at (699,2203) size 81x22 contains 1 chunk(s)
        LayoutSVGInlineText {#text} at (699,2203) size 81x22
          chunk 1 text run 1 at (700.00,2220.00) startOffset 0 endOffset 11 width 80.00: "just a text"
      LayoutSVGText {text} at (799,2203) size 81x22 contains 1 chunk(s)
        LayoutSVGInlineText {#text} at (799,2203) size 81x22
          chunk 1 text run 1 at (800.00,2220.00) startOffset 0 endOffset 11 width 80.00: "just a text"
      LayoutSVGText {text} at (899,2203) size 81x22 contains 1 chunk(s)
        LayoutSVGInlineText {#text} at (899,2203) size 81x22
          chunk 1 text run 1 at (900.00,2220.00) startOffset 0 endOffset 11 width 80.00: "just a text"
      LayoutSVGText {text} at (999,2203) size 81x22 contains 1 chunk(s)
        LayoutSVGInlineText {#text} at (999,2203) size 81x22
          chunk 1 text run 1 at (1000.00,2220.00) startOffset 0 endOffset 11 width 80.00: "just a text"
      LayoutSVGText {text} at (1099,2203) size 81x22 contains 1 chunk(s)
        LayoutSVGInlineText {#text} at (1099,2203) size 81x22
          chunk 1 text run 1 at (1100.00,2220.00) startOffset 0 endOffset 11 width 80.00: "just a text"
      LayoutSVGText {text} at (1199,2203) size 81x22 contains 1 chunk(s)
        LayoutSVGInlineText {#text} at (1199,2203) size 81x22
          chunk 1 text run 1 at (1200.00,2220.00) startOffset 0 endOffset 11 width 80.00: "just a text"
      LayoutSVGText {text} at (1299,2203) size 81x22 contains 1 chunk(s)
        LayoutSVGInlineText {#text} at (1299,2203) size 81x22
          chunk 1 text run 1 at (1300.00,2220.00) startOffset 0 endOffset 11 width 80.00: "just a text"
      LayoutSVGText {text} at (1399,2203) size 81x22 contains 1 chunk(s)
        LayoutSVGInlineText {#text} at (1399,2203) size 81x22
          chunk 1 text run 1 at (1400.00,2220.00) startOffset 0 endOffset 11 width 80.00: "just a text"
      LayoutSVGText {text} at (1499,2203) size 81x22 contains 1 chunk(s)
        LayoutSVGInlineText {#text} at (1499,2203) size 81x22
          chunk 1 text run 1 at (1500.00,2220.00) startOffset 0 endOffset 11 width 80.00: "just a text"
      LayoutSVGText {text} at (1599,2203) size 81x22 contains 1 chunk(s)
        LayoutSVGInlineText {#text} at (1599,2203) size 81x22
          chunk 1 text run 1 at (1600.00,2220.00) startOffset 0 endOffset 11 width 80.00: "just a text"
      LayoutSVGText {text} at (1699,2203) size 81x22 contains 1 chunk(s)
        LayoutSVGInlineText {#text} at (1699,2203) size 81x22
          chunk 1 text run 1 at (1700.00,2220.00) startOffset 0 endOffset 11 width 80.00: "just a text"
      LayoutSVGText {text} at (1799,2203) size 81x22 contains 1 chunk(s)
        LayoutSVGInlineText {#text} at (1799,2203) size 81x22
          chunk 1 text run 1 at (1800.00,2220.00) startOffset 0 endOffset 11 width 80.00: "just a text"
      LayoutSVGText {text} at (1899,2203) size 81x22 contains 1 chunk(s)
        LayoutSVGInlineText {#text} at (1899,2203) size 81x22
          chunk 1 text run 1 at (1900.00,2220.00) startOffset 0 endOffset 11 width 80.00: "just a text"
      LayoutSVGText {text} at (1999,2203) size 81x22 contains 1 chunk(s)
        LayoutSVGInlineText {#text} at (1999,2203) size 81x22
          chunk 1 text run 1 at (2000.00,2220.00) startOffset 0 endOffset 11 width 80.00: "just a text"
      LayoutSVGText {text} at (2099,2203) size 81x22 contains 1 chunk(s)
        LayoutSVGInlineText {#text} at (2099,2203) size 81x22
          chunk 1 text run 1 at (2100.00,2220.00) startOffset 0 endOffset 11 width 80.00: "just a text"
      LayoutSVGText {text} at (2199,2203) size 81x22 contains 1 chunk(s)
        LayoutSVGInlineText {#text} at (2199,2203) size 81x22
          chunk 1 text run 1 at (2200.00,2220.00) startOffset 0 endOffset 11 width 80.00: "just a text"
      LayoutSVGText {text} at (2299,2203) size 81x22 contains 1 chunk(s)
        LayoutSVGInlineText {#text} at (2299,2203) size 81x22
          chunk 1 text run 1 at (2300.00,2220.00) startOffset 0 endOffset 11 width 80.00: "just a text"
      LayoutSVGText {text} at (2399,2203) size 81x22 contains 1 chunk(s)
        LayoutSVGInlineText {#text} at (2399,2203) size 81x22
          chunk 1 text run 1 at (2400.00,2220.00) startOffset 0 endOffset 11 width 80.00: "just a text"
      LayoutSVGText {text} at (2499,2203) size 81x22 contains 1 chunk(s)
        LayoutSVGInlineText {#text} at (2499,2203) size 81x22
          chunk 1 text run 1 at (2500.00,2220.00) startOffset 0 endOffset 11 width 80.00: "just a text"
      LayoutSVGText {text} at (2599,2203) size 81x22 contains 1 chunk(s)
        LayoutSVGInlineText {#text} at (2599,2203) size 81x22
          chunk 1 text run 1 at (2600.00,2220.00) startOffset 0 endOffset 11 width 80.00: "just a text"
      LayoutSVGText {text} at (2699,2203) size 81x22 contains 1 chunk(s)
        LayoutSVGInlineText {#text} at (2699,2203) size 81x22
          chunk 1 text run 1 at (2700.00,2220.00) startOffset 0 endOffset 11 width 80.00: "just a text"
      LayoutSVGText {text} at (2799,2203) size 81x22 contains 1 chunk(s)
        LayoutSVGInlineText {#text} at (2799,2203) size 81x22
          chunk 1 text run 1 at (2800.00,2220.00) startOffset 0 endOffset 11 width 80.00: "just a text"
      LayoutSVGText {text} at (2899,2203) size 81x22 contains 1 chunk(s)
        LayoutSVGInlineText {#text} at (2899,2203) size 81x22
          chunk 1 text run 1 at (2900.00,2220.00) startOffset 0 endOffset 11 width 80.00: "just a text"
      LayoutSVGText {text} at (2999,2203) size 81x22 contains 1 chunk(s)
        LayoutSVGInlineText {#text} at (2999,2203) size 81x22
          chunk 1 text run 1 at (3000.00,2220.00) startOffset 0 endOffset 11 width 80.00: "just a text"
      LayoutSVGText {text} at (3099,2203) size 81x22 contains 1 chunk(s)
        LayoutSVGInlineText {#text} at (3099,2203) size 81x22
          chunk 1 text run 1 at (3100.00,2220.00) startOffset 0 endOffset 11 width 80.00: "just a text"
      LayoutSVGText {text} at (3199,2203) size 81x22 contains 1 chunk(s)
        LayoutSVGInlineText {#text} at (3199,2203) size 81x22
          chunk 1 text run 1 at (3200.00,2220.00) startOffset 0 endOffset 11 width 80.00: "just a text"
      LayoutSVGText {text} at (3299,2203) size 81x22 contains 1 chunk(s)
        LayoutSVGInlineText {#text} at (3299,2203) size 81x22
          chunk 1 text run 1 at (3300.00,2220.00) startOffset 0 endOffset 11 width 80.00: "just a text"
      LayoutSVGText {text} at (3399,2203) size 81x22 contains 1 chunk(s)
        LayoutSVGInlineText {#text} at (3399,2203) size 81x22
          chunk 1 text run 1 at (3400.00,2220.00) startOffset 0 endOffset 11 width 80.00: "just a text"
      LayoutSVGText {text} at (3499,2203) size 81x22 contains 1 chunk(s)
        LayoutSVGInlineText {#text} at (3499,2203) size 81x22
          chunk 1 text run 1 at (3500.00,2220.00) startOffset 0 endOffset 11 width 80.00: "just a text"
      LayoutSVGText {text} at (3599,2203) size 81x22 contains 1 chunk(s)
        LayoutSVGInlineText {#text} at (3599,2203) size 81x22
          chunk 1 text run 1 at (3600.00,2220.00) startOffset 0 endOffset 11 width 80.00: "just a text"
      LayoutSVGText {text} at (3699,2203) size 81x22 contains 1 chunk(s)
        LayoutSVGInlineText {#text} at (3699,2203) size 81x22
          chunk 1 text run 1 at (3700.00,2220.00) startOffset 0 endOffset 11 width 80.00: "just a text"
      LayoutSVGText {text} at (3799,2203) size 81x22 contains 1 chunk(s)
        LayoutSVGInlineText {#text} at (3799,2203) size 81x22
          chunk 1 text run 1 at (3800.00,2220.00) startOffset 0 endOffset 11 width 80.00: "just a text"
      LayoutSVGText {text} at (3899,2203) size 81x22 contains 1 chunk(s)
        LayoutSVGInlineText {#text} at (3899,2203) size 81x22
          chunk 1 text run 1 at (3900.00,2220.00) startOffset 0 endOffset 11 width 80.00: "just a text"
      LayoutSVGText {text} at (3999,2203) size 81x22 contains 1 chunk(s)
        LayoutSVGInlineText {#text} at (3999,2203) size 81x22
          chunk 1 text run 1 at (4000.00,2220.00) startOffset 0 endOffset 11 width 80.00: "just a text"
      LayoutSVGText {text} at (4099,2203) size 81x22 contains 1 chunk(s)
        LayoutSVGInlineText {#text} at (4099,2203) size 81x22
          chunk 1 text run 1 at (4100.00,2220.00) startOffset 0 endOffset 11 width 80.00: "just a text"
      LayoutSVGText {text} at (4199,2203) size 81x22 contains 1 chunk(s)
        LayoutSVGInlineText {#text} at (4199,2203) size 81x22
          chunk 1 text run 1 at (4200.00,2220.00) startOffset 0 endOffset 11 width 80.00: "just a text"
      LayoutSVGText {text} at (4299,2203) size 81x22 contains 1 chunk(s)
        LayoutSVGInlineText {#text} at (4299,2203) size 81x22
          chunk 1 text run 1 at (4300.00,2220.00) startOffset 0 endOffset 11 width 80.00: "just a text"
      LayoutSVGText {text} at (4399,2203) size 81x22 contains 1 chunk(s)
        LayoutSVGInlineText {#text} at (4399,2203) size 81x22
          chunk 1 text run 1 at (4400.00,2220.00) startOffset 0 endOffset 11 width 80.00: "just a text"
      LayoutSVGText {text} at (4499,2203) size 81x22 contains 1 chunk(s)
        LayoutSVGInlineText {#text} at (4499,2203) size 81x22
          chunk 1 text run 1 at (4500.00,2220.00) startOffset 0 endOffset 11 width 80.00: "just a text"
      LayoutSVGText {text} at (4599,2203) size 81x22 contains 1 chunk(s)
        LayoutSVGInlineText {#text} at (4599,2203) size 81x22
          chunk 1 text run 1 at (4600.00,2220.00) startOffset 0 endOffset 11 width 80.00: "just a text"
      LayoutSVGText {text} at (4699,2203) size 81x22 contains 1 chunk(s)
        LayoutSVGInlineText {#text} at (4699,2203) size 81x22
          chunk 1 text run 1 at (4700.00,2220.00) startOffset 0 endOffset 11 width 80.00: "just a text"
      LayoutSVGText {text} at (4799,2203) size 81x22 contains 1 chunk(s)
        LayoutSVGInlineText {#text} at (4799,2203) size 81x22
          chunk 1 text run 1 at (4800.00,2220.00) startOffset 0 endOffset 11 width 80.00: "just a text"
      LayoutSVGText {text} at (4899,2203) size 81x22 contains 1 chunk(s)
        LayoutSVGInlineText {#text} at (4899,2203) size 81x22
          chunk 1 text run 1 at (4900.00,2220.00) startOffset 0 endOffset 11 width 80.00: "just a text"
      LayoutSVGText {text} at (-1,2303) size 81x22 contains 1 chunk(s)
        LayoutSVGInlineText {#text} at (-1,2303) size 81x22
          chunk 1 text run 1 at (0.00,2320.00) startOffset 0 endOffset 11 width 80.00: "just a text"
      LayoutSVGText {text} at (99,2303) size 81x22 contains 1 chunk(s)
        LayoutSVGInlineText {#text} at (99,2303) size 81x22
          chunk 1 text run 1 at (100.00,2320.00) startOffset 0 endOffset 11 width 80.00: "just a text"
      LayoutSVGText {text} at (199,2303) size 81x22 contains 1 chunk(s)
        LayoutSVGInlineText {#text} at (199,2303) size 81x22
          chunk 1 text run 1 at (200.00,2320.00) startOffset 0 endOffset 11 width 80.00: "just a text"
      LayoutSVGText {text} at (299,2303) size 81x22 contains 1 chunk(s)
        LayoutSVGInlineText {#text} at (299,2303) size 81x22
          chunk 1 text run 1 at (300.00,2320.00) startOffset 0 endOffset 11 width 80.00: "just a text"
      LayoutSVGText {text} at (399,2303) size 81x22 contains 1 chunk(s)
        LayoutSVGInlineText {#text} at (399,2303) size 81x22
          chunk 1 text run 1 at (400.00,2320.00) startOffset 0 endOffset 11 width 80.00: "just a text"
      LayoutSVGText {text} at (499,2303) size 81x22 contains 1 chunk(s)
        LayoutSVGInlineText {#text} at (499,2303) size 81x22
          chunk 1 text run 1 at (500.00,2320.00) startOffset 0 endOffset 11 width 80.00: "just a text"
      LayoutSVGText {text} at (599,2303) size 81x22 contains 1 chunk(s)
        LayoutSVGInlineText {#text} at (599,2303) size 81x22
          chunk 1 text run 1 at (600.00,2320.00) startOffset 0 endOffset 11 width 80.00: "just a text"
      LayoutSVGText {text} at (699,2303) size 81x22 contains 1 chunk(s)
        LayoutSVGInlineText {#text} at (699,2303) size 81x22
          chunk 1 text run 1 at (700.00,2320.00) startOffset 0 endOffset 11 width 80.00: "just a text"
      LayoutSVGText {text} at (799,2303) size 81x22 contains 1 chunk(s)
        LayoutSVGInlineText {#text} at (799,2303) size 81x22
          chunk 1 text run 1 at (800.00,2320.00) startOffset 0 endOffset 11 width 80.00: "just a text"
      LayoutSVGText {text} at (899,2303) size 81x22 contains 1 chunk(s)
        LayoutSVGInlineText {#text} at (899,2303) size 81x22
          chunk 1 text run 1 at (900.00,2320.00) startOffset 0 endOffset 11 width 80.00: "just a text"
      LayoutSVGText {text} at (999,2303) size 81x22 contains 1 chunk(s)
        LayoutSVGInlineText {#text} at (999,2303) size 81x22
          chunk 1 text run 1 at (1000.00,2320.00) startOffset 0 endOffset 11 width 80.00: "just a text"
      LayoutSVGText {text} at (1099,2303) size 81x22 contains 1 chunk(s)
        LayoutSVGInlineText {#text} at (1099,2303) size 81x22
          chunk 1 text run 1 at (1100.00,2320.00) startOffset 0 endOffset 11 width 80.00: "just a text"
      LayoutSVGText {text} at (1199,2303) size 81x22 contains 1 chunk(s)
        LayoutSVGInlineText {#text} at (1199,2303) size 81x22
          chunk 1 text run 1 at (1200.00,2320.00) startOffset 0 endOffset 11 width 80.00: "just a text"
      LayoutSVGText {text} at (1299,2303) size 81x22 contains 1 chunk(s)
        LayoutSVGInlineText {#text} at (1299,2303) size 81x22
          chunk 1 text run 1 at (1300.00,2320.00) startOffset 0 endOffset 11 width 80.00: "just a text"
      LayoutSVGText {text} at (1399,2303) size 81x22 contains 1 chunk(s)
        LayoutSVGInlineText {#text} at (1399,2303) size 81x22
          chunk 1 text run 1 at (1400.00,2320.00) startOffset 0 endOffset 11 width 80.00: "just a text"
      LayoutSVGText {text} at (1499,2303) size 81x22 contains 1 chunk(s)
        LayoutSVGInlineText {#text} at (1499,2303) size 81x22
          chunk 1 text run 1 at (1500.00,2320.00) startOffset 0 endOffset 11 width 80.00: "just a text"
      LayoutSVGText {text} at (1599,2303) size 81x22 contains 1 chunk(s)
        LayoutSVGInlineText {#text} at (1599,2303) size 81x22
          chunk 1 text run 1 at (1600.00,2320.00) startOffset 0 endOffset 11 width 80.00: "just a text"
      LayoutSVGText {text} at (1699,2303) size 81x22 contains 1 chunk(s)
        LayoutSVGInlineText {#text} at (1699,2303) size 81x22
          chunk 1 text run 1 at (1700.00,2320.00) startOffset 0 endOffset 11 width 80.00: "just a text"
      LayoutSVGText {text} at (1799,2303) size 81x22 contains 1 chunk(s)
        LayoutSVGInlineText {#text} at (1799,2303) size 81x22
          chunk 1 text run 1 at (1800.00,2320.00) startOffset 0 endOffset 11 width 80.00: "just a text"
      LayoutSVGText {text} at (1899,2303) size 81x22 contains 1 chunk(s)
        LayoutSVGInlineText {#text} at (1899,2303) size 81x22
          chunk 1 text run 1 at (1900.00,2320.00) startOffset 0 endOffset 11 width 80.00: "just a text"
      LayoutSVGText {text} at (1999,2303) size 81x22 contains 1 chunk(s)
        LayoutSVGInlineText {#text} at (1999,2303) size 81x22
          chunk 1 text run 1 at (2000.00,2320.00) startOffset 0 endOffset 11 width 80.00: "just a text"
      LayoutSVGText {text} at (2099,2303) size 81x22 contains 1 chunk(s)
        LayoutSVGInlineText {#text} at (2099,2303) size 81x22
          chunk 1 text run 1 at (2100.00,2320.00) startOffset 0 endOffset 11 width 80.00: "just a text"
      LayoutSVGText {text} at (2199,2303) size 81x22 contains 1 chunk(s)
        LayoutSVGInlineText {#text} at (2199,2303) size 81x22
          chunk 1 text run 1 at (2200.00,2320.00) startOffset 0 endOffset 11 width 80.00: "just a text"
      LayoutSVGText {text} at (2299,2303) size 81x22 contains 1 chunk(s)
        LayoutSVGInlineText {#text} at (2299,2303) size 81x22
          chunk 1 text run 1 at (2300.00,2320.00) startOffset 0 endOffset 11 width 80.00: "just a text"
      LayoutSVGText {text} at (2399,2303) size 81x22 contains 1 chunk(s)
        LayoutSVGInlineText {#text} at (2399,2303) size 81x22
          chunk 1 text run 1 at (2400.00,2320.00) startOffset 0 endOffset 11 width 80.00: "just a text"
      LayoutSVGText {text} at (2499,2303) size 81x22 contains 1 chunk(s)
        LayoutSVGInlineText {#text} at (2499,2303) size 81x22
          chunk 1 text run 1 at (2500.00,2320.00) startOffset 0 endOffset 11 width 80.00: "just a text"
      LayoutSVGText {text} at (2599,2303) size 81x22 contains 1 chunk(s)
        LayoutSVGInlineText {#text} at (2599,2303) size 81x22
          chunk 1 text run 1 at (2600.00,2320.00) startOffset 0 endOffset 11 width 80.00: "just a text"
      LayoutSVGText {text} at (2699,2303) size 81x22 contains 1 chunk(s)
        LayoutSVGInlineText {#text} at (2699,2303) size 81x22
          chunk 1 text run 1 at (2700.00,2320.00) startOffset 0 endOffset 11 width 80.00: "just a text"
      LayoutSVGText {text} at (2799,2303) size 81x22 contains 1 chunk(s)
        LayoutSVGInlineText {#text} at (2799,2303) size 81x22
          chunk 1 text run 1 at (2800.00,2320.00) startOffset 0 endOffset 11 width 80.00: "just a text"
      LayoutSVGText {text} at (2899,2303) size 81x22 contains 1 chunk(s)
        LayoutSVGInlineText {#text} at (2899,2303) size 81x22
          chunk 1 text run 1 at (2900.00,2320.00) startOffset 0 endOffset 11 width 80.00: "just a text"
      LayoutSVGText {text} at (2999,2303) size 81x22 contains 1 chunk(s)
        LayoutSVGInlineText {#text} at (2999,2303) size 81x22
          chunk 1 text run 1 at (3000.00,2320.00) startOffset 0 endOffset 11 width 80.00: "just a text"
      LayoutSVGText {text} at (3099,2303) size 81x22 contains 1 chunk(s)
        LayoutSVGInlineText {#text} at (3099,2303) size 81x22
          chunk 1 text run 1 at (3100.00,2320.00) startOffset 0 endOffset 11 width 80.00: "just a text"
      LayoutSVGText {text} at (3199,2303) size 81x22 contains 1 chunk(s)
        LayoutSVGInlineText {#text} at (3199,2303) size 81x22
          chunk 1 text run 1 at (3200.00,2320.00) startOffset 0 endOffset 11 width 80.00: "just a text"
      LayoutSVGText {text} at (3299,2303) size 81x22 contains 1 chunk(s)
        LayoutSVGInlineText {#text} at (3299,2303) size 81x22
          chunk 1 text run 1 at (3300.00,2320.00) startOffset 0 endOffset 11 width 80.00: "just a text"
      LayoutSVGText {text} at (3399,2303) size 81x22 contains 1 chunk(s)
        LayoutSVGInlineText {#text} at (3399,2303) size 81x22
          chunk 1 text run 1 at (3400.00,2320.00) startOffset 0 endOffset 11 width 80.00: "just a text"
      LayoutSVGText {text} at (3499,2303) size 81x22 contains 1 chunk(s)
        LayoutSVGInlineText {#text} at (3499,2303) size 81x22
          chunk 1 text run 1 at (3500.00,2320.00) startOffset 0 endOffset 11 width 80.00: "just a text"
      LayoutSVGText {text} at (3599,2303) size 81x22 contains 1 chunk(s)
        LayoutSVGInlineText {#text} at (3599,2303) size 81x22
          chunk 1 text run 1 at (3600.00,2320.00) startOffset 0 endOffset 11 width 80.00: "just a text"
      LayoutSVGText {text} at (3699,2303) size 81x22 contains 1 chunk(s)
        LayoutSVGInlineText {#text} at (3699,2303) size 81x22
          chunk 1 text run 1 at (3700.00,2320.00) startOffset 0 endOffset 11 width 80.00: "just a text"
      LayoutSVGText {text} at (3799,2303) size 81x22 contains 1 chunk(s)
        LayoutSVGInlineText {#text} at (3799,2303) size 81x22
          chunk 1 text run 1 at (3800.00,2320.00) startOffset 0 endOffset 11 width 80.00: "just a text"
      LayoutSVGText {text} at (3899,2303) size 81x22 contains 1 chunk(s)
        LayoutSVGInlineText {#text} at (3899,2303) size 81x22
          chunk 1 text run 1 at (3900.00,2320.00) startOffset 0 endOffset 11 width 80.00: "just a text"
      LayoutSVGText {text} at (3999,2303) size 81x22 contains 1 chunk(s)
        LayoutSVGInlineText {#text} at (3999,2303) size 81x22
          chunk 1 text run 1 at (4000.00,2320.00) startOffset 0 endOffset 11 width 80.00: "just a text"
      LayoutSVGText {text} at (4099,2303) size 81x22 contains 1 chunk(s)
        LayoutSVGInlineText {#text} at (4099,2303) size 81x22
          chunk 1 text run 1 at (4100.00,2320.00) startOffset 0 endOffset 11 width 80.00: "just a text"
      LayoutSVGText {text} at (4199,2303) size 81x22 contains 1 chunk(s)
        LayoutSVGInlineText {#text} at (4199,2303) size 81x22
          chunk 1 text run 1 at (4200.00,2320.00) startOffset 0 endOffset 11 width 80.00: "just a text"
      LayoutSVGText {text} at (4299,2303) size 81x22 contains 1 chunk(s)
        LayoutSVGInlineText {#text} at (4299,2303) size 81x22
          chunk 1 text run 1 at (4300.00,2320.00) startOffset 0 endOffset 11 width 80.00: "just a text"
      LayoutSVGText {text} at (4399,2303) size 81x22 contains 1 chunk(s)
        LayoutSVGInlineText {#text} at (4399,2303) size 81x22
          chunk 1 text run 1 at (4400.00,2320.00) startOffset 0 endOffset 11 width 80.00: "just a text"
      LayoutSVGText {text} at (4499,2303) size 81x22 contains 1 chunk(s)
        LayoutSVGInlineText {#text} at (4499,2303) size 81x22
          chunk 1 text run 1 at (4500.00,2320.00) startOffset 0 endOffset 11 width 80.00: "just a text"
      LayoutSVGText {text} at (4599,2303) size 81x22 contains 1 chunk(s)
        LayoutSVGInlineText {#text} at (4599,2303) size 81x22
          chunk 1 text run 1 at (4600.00,2320.00) startOffset 0 endOffset 11 width 80.00: "just a text"
      LayoutSVGText {text} at (4699,2303) size 81x22 contains 1 chunk(s)
        LayoutSVGInlineText {#text} at (4699,2303) size 81x22
          chunk 1 text run 1 at (4700.00,2320.00) startOffset 0 endOffset 11 width 80.00: "just a text"
      LayoutSVGText {text} at (4799,2303) size 81x22 contains 1 chunk(s)
        LayoutSVGInlineText {#text} at (4799,2303) size 81x22
          chunk 1 text run 1 at (4800.00,2320.00) startOffset 0 endOffset 11 width 80.00: "just a text"
      LayoutSVGText {text} at (4899,2303) size 81x22 contains 1 chunk(s)
        LayoutSVGInlineText {#text} at (4899,2303) size 81x22
          chunk 1 text run 1 at (4900.00,2320.00) startOffset 0 endOffset 11 width 80.00: "just a text"
      LayoutSVGText {text} at (-1,2403) size 81x22 contains 1 chunk(s)
        LayoutSVGInlineText {#text} at (-1,2403) size 81x22
          chunk 1 text run 1 at (0.00,2420.00) startOffset 0 endOffset 11 width 80.00: "just a text"
      LayoutSVGText {text} at (99,2403) size 81x22 contains 1 chunk(s)
        LayoutSVGInlineText {#text} at (99,2403) size 81x22
          chunk 1 text run 1 at (100.00,2420.00) startOffset 0 endOffset 11 width 80.00: "just a text"
      LayoutSVGText {text} at (199,2403) size 81x22 contains 1 chunk(s)
        LayoutSVGInlineText {#text} at (199,2403) size 81x22
          chunk 1 text run 1 at (200.00,2420.00) startOffset 0 endOffset 11 width 80.00: "just a text"
      LayoutSVGText {text} at (299,2403) size 81x22 contains 1 chunk(s)
        LayoutSVGInlineText {#text} at (299,2403) size 81x22
          chunk 1 text run 1 at (300.00,2420.00) startOffset 0 endOffset 11 width 80.00: "just a text"
      LayoutSVGText {text} at (399,2403) size 81x22 contains 1 chunk(s)
        LayoutSVGInlineText {#text} at (399,2403) size 81x22
          chunk 1 text run 1 at (400.00,2420.00) startOffset 0 endOffset 11 width 80.00: "just a text"
      LayoutSVGText {text} at (499,2403) size 81x22 contains 1 chunk(s)
        LayoutSVGInlineText {#text} at (499,2403) size 81x22
          chunk 1 text run 1 at (500.00,2420.00) startOffset 0 endOffset 11 width 80.00: "just a text"
      LayoutSVGText {text} at (599,2403) size 81x22 contains 1 chunk(s)
        LayoutSVGInlineText {#text} at (599,2403) size 81x22
          chunk 1 text run 1 at (600.00,2420.00) startOffset 0 endOffset 11 width 80.00: "just a text"
      LayoutSVGText {text} at (699,2403) size 81x22 contains 1 chunk(s)
        LayoutSVGInlineText {#text} at (699,2403) size 81x22
          chunk 1 text run 1 at (700.00,2420.00) startOffset 0 endOffset 11 width 80.00: "just a text"
      LayoutSVGText {text} at (799,2403) size 81x22 contains 1 chunk(s)
        LayoutSVGInlineText {#text} at (799,2403) size 81x22
          chunk 1 text run 1 at (800.00,2420.00) startOffset 0 endOffset 11 width 80.00: "just a text"
      LayoutSVGText {text} at (899,2403) size 81x22 contains 1 chunk(s)
        LayoutSVGInlineText {#text} at (899,2403) size 81x22
          chunk 1 text run 1 at (900.00,2420.00) startOffset 0 endOffset 11 width 80.00: "just a text"
      LayoutSVGText {text} at (999,2403) size 81x22 contains 1 chunk(s)
        LayoutSVGInlineText {#text} at (999,2403) size 81x22
          chunk 1 text run 1 at (1000.00,2420.00) startOffset 0 endOffset 11 width 80.00: "just a text"
      LayoutSVGText {text} at (1099,2403) size 81x22 contains 1 chunk(s)
        LayoutSVGInlineText {#text} at (1099,2403) size 81x22
          chunk 1 text run 1 at (1100.00,2420.00) startOffset 0 endOffset 11 width 80.00: "just a text"
      LayoutSVGText {text} at (1199,2403) size 81x22 contains 1 chunk(s)
        LayoutSVGInlineText {#text} at (1199,2403) size 81x22
          chunk 1 text run 1 at (1200.00,2420.00) startOffset 0 endOffset 11 width 80.00: "just a text"
      LayoutSVGText {text} at (1299,2403) size 81x22 contains 1 chunk(s)
        LayoutSVGInlineText {#text} at (1299,2403) size 81x22
          chunk 1 text run 1 at (1300.00,2420.00) startOffset 0 endOffset 11 width 80.00: "just a text"
      LayoutSVGText {text} at (1399,2403) size 81x22 contains 1 chunk(s)
        LayoutSVGInlineText {#text} at (1399,2403) size 81x22
          chunk 1 text run 1 at (1400.00,2420.00) startOffset 0 endOffset 11 width 80.00: "just a text"
      LayoutSVGText {text} at (1499,2403) size 81x22 contains 1 chunk(s)
        LayoutSVGInlineText {#text} at (1499,2403) size 81x22
          chunk 1 text run 1 at (1500.00,2420.00) startOffset 0 endOffset 11 width 80.00: "just a text"
      LayoutSVGText {text} at (1599,2403) size 81x22 contains 1 chunk(s)
        LayoutSVGInlineText {#text} at (1599,2403) size 81x22
          chunk 1 text run 1 at (1600.00,2420.00) startOffset 0 endOffset 11 width 80.00: "just a text"
      LayoutSVGText {text} at (1699,2403) size 81x22 contains 1 chunk(s)
        LayoutSVGInlineText {#text} at (1699,2403) size 81x22
          chunk 1 text run 1 at (1700.00,2420.00) startOffset 0 endOffset 11 width 80.00: "just a text"
      LayoutSVGText {text} at (1799,2403) size 81x22 contains 1 chunk(s)
        LayoutSVGInlineText {#text} at (1799,2403) size 81x22
          chunk 1 text run 1 at (1800.00,2420.00) startOffset 0 endOffset 11 width 80.00: "just a text"
      LayoutSVGText {text} at (1899,2403) size 81x22 contains 1 chunk(s)
        LayoutSVGInlineText {#text} at (1899,2403) size 81x22
          chunk 1 text run 1 at (1900.00,2420.00) startOffset 0 endOffset 11 width 80.00: "just a text"
      LayoutSVGText {text} at (1999,2403) size 81x22 contains 1 chunk(s)
        LayoutSVGInlineText {#text} at (1999,2403) size 81x22
          chunk 1 text run 1 at (2000.00,2420.00) startOffset 0 endOffset 11 width 80.00: "just a text"
      LayoutSVGText {text} at (2099,2403) size 81x22 contains 1 chunk(s)
        LayoutSVGInlineText {#text} at (2099,2403) size 81x22
          chunk 1 text run 1 at (2100.00,2420.00) startOffset 0 endOffset 11 width 80.00: "just a text"
      LayoutSVGText {text} at (2199,2403) size 81x22 contains 1 chunk(s)
        LayoutSVGInlineText {#text} at (2199,2403) size 81x22
          chunk 1 text run 1 at (2200.00,2420.00) startOffset 0 endOffset 11 width 80.00: "just a text"
      LayoutSVGText {text} at (2299,2403) size 81x22 contains 1 chunk(s)
        LayoutSVGInlineText {#text} at (2299,2403) size 81x22
          chunk 1 text run 1 at (2300.00,2420.00) startOffset 0 endOffset 11 width 80.00: "just a text"
      LayoutSVGText {text} at (2399,2403) size 81x22 contains 1 chunk(s)
        LayoutSVGInlineText {#text} at (2399,2403) size 81x22
          chunk 1 text run 1 at (2400.00,2420.00) startOffset 0 endOffset 11 width 80.00: "just a text"
      LayoutSVGText {text} at (2499,2403) size 81x22 contains 1 chunk(s)
        LayoutSVGInlineText {#text} at (2499,2403) size 81x22
          chunk 1 text run 1 at (2500.00,2420.00) startOffset 0 endOffset 11 width 80.00: "just a text"
      LayoutSVGText {text} at (2599,2403) size 81x22 contains 1 chunk(s)
        LayoutSVGInlineText {#text} at (2599,2403) size 81x22
          chunk 1 text run 1 at (2600.00,2420.00) startOffset 0 endOffset 11 width 80.00: "just a text"
      LayoutSVGText {text} at (2699,2403) size 81x22 contains 1 chunk(s)
        LayoutSVGInlineText {#text} at (2699,2403) size 81x22
          chunk 1 text run 1 at (2700.00,2420.00) startOffset 0 endOffset 11 width 80.00: "just a text"
      LayoutSVGText {text} at (2799,2403) size 81x22 contains 1 chunk(s)
        LayoutSVGInlineText {#text} at (2799,2403) size 81x22
          chunk 1 text run 1 at (2800.00,2420.00) startOffset 0 endOffset 11 width 80.00: "just a text"
      LayoutSVGText {text} at (2899,2403) size 81x22 contains 1 chunk(s)
        LayoutSVGInlineText {#text} at (2899,2403) size 81x22
          chunk 1 text run 1 at (2900.00,2420.00) startOffset 0 endOffset 11 width 80.00: "just a text"
      LayoutSVGText {text} at (2999,2403) size 81x22 contains 1 chunk(s)
        LayoutSVGInlineText {#text} at (2999,2403) size 81x22
          chunk 1 text run 1 at (3000.00,2420.00) startOffset 0 endOffset 11 width 80.00: "just a text"
      LayoutSVGText {text} at (3099,2403) size 81x22 contains 1 chunk(s)
        LayoutSVGInlineText {#text} at (3099,2403) size 81x22
          chunk 1 text run 1 at (3100.00,2420.00) startOffset 0 endOffset 11 width 80.00: "just a text"
      LayoutSVGText {text} at (3199,2403) size 81x22 contains 1 chunk(s)
        LayoutSVGInlineText {#text} at (3199,2403) size 81x22
          chunk 1 text run 1 at (3200.00,2420.00) startOffset 0 endOffset 11 width 80.00: "just a text"
      LayoutSVGText {text} at (3299,2403) size 81x22 contains 1 chunk(s)
        LayoutSVGInlineText {#text} at (3299,2403) size 81x22
          chunk 1 text run 1 at (3300.00,2420.00) startOffset 0 endOffset 11 width 80.00: "just a text"
      LayoutSVGText {text} at (3399,2403) size 81x22 contains 1 chunk(s)
        LayoutSVGInlineText {#text} at (3399,2403) size 81x22
          chunk 1 text run 1 at (3400.00,2420.00) startOffset 0 endOffset 11 width 80.00: "just a text"
      LayoutSVGText {text} at (3499,2403) size 81x22 contains 1 chunk(s)
        LayoutSVGInlineText {#text} at (3499,2403) size 81x22
          chunk 1 text run 1 at (3500.00,2420.00) startOffset 0 endOffset 11 width 80.00: "just a text"
      LayoutSVGText {text} at (3599,2403) size 81x22 contains 1 chunk(s)
        LayoutSVGInlineText {#text} at (3599,2403) size 81x22
          chunk 1 text run 1 at (3600.00,2420.00) startOffset 0 endOffset 11 width 80.00: "just a text"
      LayoutSVGText {text} at (3699,2403) size 81x22 contains 1 chunk(s)
        LayoutSVGInlineText {#text} at (3699,2403) size 81x22
          chunk 1 text run 1 at (3700.00,2420.00) startOffset 0 endOffset 11 width 80.00: "just a text"
      LayoutSVGText {text} at (3799,2403) size 81x22 contains 1 chunk(s)
        LayoutSVGInlineText {#text} at (3799,2403) size 81x22
          chunk 1 text run 1 at (3800.00,2420.00) startOffset 0 endOffset 11 width 80.00: "just a text"
      LayoutSVGText {text} at (3899,2403) size 81x22 contains 1 chunk(s)
        LayoutSVGInlineText {#text} at (3899,2403) size 81x22
          chunk 1 text run 1 at (3900.00,2420.00) startOffset 0 endOffset 11 width 80.00: "just a text"
      LayoutSVGText {text} at (3999,2403) size 81x22 contains 1 chunk(s)
        LayoutSVGInlineText {#text} at (3999,2403) size 81x22
          chunk 1 text run 1 at (4000.00,2420.00) startOffset 0 endOffset 11 width 80.00: "just a text"
      LayoutSVGText {text} at (4099,2403) size 81x22 contains 1 chunk(s)
        LayoutSVGInlineText {#text} at (4099,2403) size 81x22
          chunk 1 text run 1 at (4100.00,2420.00) startOffset 0 endOffset 11 width 80.00: "just a text"
      LayoutSVGText {text} at (4199,2403) size 81x22 contains 1 chunk(s)
        LayoutSVGInlineText {#text} at (4199,2403) size 81x22
          chunk 1 text run 1 at (4200.00,2420.00) startOffset 0 endOffset 11 width 80.00: "just a text"
      LayoutSVGText {text} at (4299,2403) size 81x22 contains 1 chunk(s)
        LayoutSVGInlineText {#text} at (4299,2403) size 81x22
          chunk 1 text run 1 at (4300.00,2420.00) startOffset 0 endOffset 11 width 80.00: "just a text"
      LayoutSVGText {text} at (4399,2403) size 81x22 contains 1 chunk(s)
        LayoutSVGInlineText {#text} at (4399,2403) size 81x22
          chunk 1 text run 1 at (4400.00,2420.00) startOffset 0 endOffset 11 width 80.00: "just a text"
      LayoutSVGText {text} at (4499,2403) size 81x22 contains 1 chunk(s)
        LayoutSVGInlineText {#text} at (4499,2403) size 81x22
          chunk 1 text run 1 at (4500.00,2420.00) startOffset 0 endOffset 11 width 80.00: "just a text"
      LayoutSVGText {text} at (4599,2403) size 81x22 contains 1 chunk(s)
        LayoutSVGInlineText {#text} at (4599,2403) size 81x22
          chunk 1 text run 1 at (4600.00,2420.00) startOffset 0 endOffset 11 width 80.00: "just a text"
      LayoutSVGText {text} at (4699,2403) size 81x22 contains 1 chunk(s)
        LayoutSVGInlineText {#text} at (4699,2403) size 81x22
          chunk 1 text run 1 at (4700.00,2420.00) startOffset 0 endOffset 11 width 80.00: "just a text"
      LayoutSVGText {text} at (4799,2403) size 81x22 contains 1 chunk(s)
        LayoutSVGInlineText {#text} at (4799,2403) size 81x22
          chunk 1 text run 1 at (4800.00,2420.00) startOffset 0 endOffset 11 width 80.00: "just a text"
      LayoutSVGText {text} at (4899,2403) size 81x22 contains 1 chunk(s)
        LayoutSVGInlineText {#text} at (4899,2403) size 81x22
          chunk 1 text run 1 at (4900.00,2420.00) startOffset 0 endOffset 11 width 80.00: "just a text"
      LayoutSVGText {text} at (-1,2503) size 81x22 contains 1 chunk(s)
        LayoutSVGInlineText {#text} at (-1,2503) size 81x22
          chunk 1 text run 1 at (0.00,2520.00) startOffset 0 endOffset 11 width 80.00: "just a text"
      LayoutSVGText {text} at (99,2503) size 81x22 contains 1 chunk(s)
        LayoutSVGInlineText {#text} at (99,2503) size 81x22
          chunk 1 text run 1 at (100.00,2520.00) startOffset 0 endOffset 11 width 80.00: "just a text"
      LayoutSVGText {text} at (199,2503) size 81x22 contains 1 chunk(s)
        LayoutSVGInlineText {#text} at (199,2503) size 81x22
          chunk 1 text run 1 at (200.00,2520.00) startOffset 0 endOffset 11 width 80.00: "just a text"
      LayoutSVGText {text} at (299,2503) size 81x22 contains 1 chunk(s)
        LayoutSVGInlineText {#text} at (299,2503) size 81x22
          chunk 1 text run 1 at (300.00,2520.00) startOffset 0 endOffset 11 width 80.00: "just a text"
      LayoutSVGText {text} at (399,2503) size 81x22 contains 1 chunk(s)
        LayoutSVGInlineText {#text} at (399,2503) size 81x22
          chunk 1 text run 1 at (400.00,2520.00) startOffset 0 endOffset 11 width 80.00: "just a text"
      LayoutSVGText {text} at (499,2503) size 81x22 contains 1 chunk(s)
        LayoutSVGInlineText {#text} at (499,2503) size 81x22
          chunk 1 text run 1 at (500.00,2520.00) startOffset 0 endOffset 11 width 80.00: "just a text"
      LayoutSVGText {text} at (599,2503) size 81x22 contains 1 chunk(s)
        LayoutSVGInlineText {#text} at (599,2503) size 81x22
          chunk 1 text run 1 at (600.00,2520.00) startOffset 0 endOffset 11 width 80.00: "just a text"
      LayoutSVGText {text} at (699,2503) size 81x22 contains 1 chunk(s)
        LayoutSVGInlineText {#text} at (699,2503) size 81x22
          chunk 1 text run 1 at (700.00,2520.00) startOffset 0 endOffset 11 width 80.00: "just a text"
      LayoutSVGText {text} at (799,2503) size 81x22 contains 1 chunk(s)
        LayoutSVGInlineText {#text} at (799,2503) size 81x22
          chunk 1 text run 1 at (800.00,2520.00) startOffset 0 endOffset 11 width 80.00: "just a text"
      LayoutSVGText {text} at (899,2503) size 81x22 contains 1 chunk(s)
        LayoutSVGInlineText {#text} at (899,2503) size 81x22
          chunk 1 text run 1 at (900.00,2520.00) startOffset 0 endOffset 11 width 80.00: "just a text"
      LayoutSVGText {text} at (999,2503) size 81x22 contains 1 chunk(s)
        LayoutSVGInlineText {#text} at (999,2503) size 81x22
          chunk 1 text run 1 at (1000.00,2520.00) startOffset 0 endOffset 11 width 80.00: "just a text"
      LayoutSVGText {text} at (1099,2503) size 81x22 contains 1 chunk(s)
        LayoutSVGInlineText {#text} at (1099,2503) size 81x22
          chunk 1 text run 1 at (1100.00,2520.00) startOffset 0 endOffset 11 width 80.00: "just a text"
      LayoutSVGText {text} at (1199,2503) size 81x22 contains 1 chunk(s)
        LayoutSVGInlineText {#text} at (1199,2503) size 81x22
          chunk 1 text run 1 at (1200.00,2520.00) startOffset 0 endOffset 11 width 80.00: "just a text"
      LayoutSVGText {text} at (1299,2503) size 81x22 contains 1 chunk(s)
        LayoutSVGInlineText {#text} at (1299,2503) size 81x22
          chunk 1 text run 1 at (1300.00,2520.00) startOffset 0 endOffset 11 width 80.00: "just a text"
      LayoutSVGText {text} at (1399,2503) size 81x22 contains 1 chunk(s)
        LayoutSVGInlineText {#text} at (1399,2503) size 81x22
          chunk 1 text run 1 at (1400.00,2520.00) startOffset 0 endOffset 11 width 80.00: "just a text"
      LayoutSVGText {text} at (1499,2503) size 81x22 contains 1 chunk(s)
        LayoutSVGInlineText {#text} at (1499,2503) size 81x22
          chunk 1 text run 1 at (1500.00,2520.00) startOffset 0 endOffset 11 width 80.00: "just a text"
      LayoutSVGText {text} at (1599,2503) size 81x22 contains 1 chunk(s)
        LayoutSVGInlineText {#text} at (1599,2503) size 81x22
          chunk 1 text run 1 at (1600.00,2520.00) startOffset 0 endOffset 11 width 80.00: "just a text"
      LayoutSVGText {text} at (1699,2503) size 81x22 contains 1 chunk(s)
        LayoutSVGInlineText {#text} at (1699,2503) size 81x22
          chunk 1 text run 1 at (1700.00,2520.00) startOffset 0 endOffset 11 width 80.00: "just a text"
      LayoutSVGText {text} at (1799,2503) size 81x22 contains 1 chunk(s)
        LayoutSVGInlineText {#text} at (1799,2503) size 81x22
          chunk 1 text run 1 at (1800.00,2520.00) startOffset 0 endOffset 11 width 80.00: "just a text"
      LayoutSVGText {text} at (1899,2503) size 81x22 contains 1 chunk(s)
        LayoutSVGInlineText {#text} at (1899,2503) size 81x22
          chunk 1 text run 1 at (1900.00,2520.00) startOffset 0 endOffset 11 width 80.00: "just a text"
      LayoutSVGText {text} at (1999,2503) size 81x22 contains 1 chunk(s)
        LayoutSVGInlineText {#text} at (1999,2503) size 81x22
          chunk 1 text run 1 at (2000.00,2520.00) startOffset 0 endOffset 11 width 80.00: "just a text"
      LayoutSVGText {text} at (2099,2503) size 81x22 contains 1 chunk(s)
        LayoutSVGInlineText {#text} at (2099,2503) size 81x22
          chunk 1 text run 1 at (2100.00,2520.00) startOffset 0 endOffset 11 width 80.00: "just a text"
      LayoutSVGText {text} at (2199,2503) size 81x22 contains 1 chunk(s)
        LayoutSVGInlineText {#text} at (2199,2503) size 81x22
          chunk 1 text run 1 at (2200.00,2520.00) startOffset 0 endOffset 11 width 80.00: "just a text"
      LayoutSVGText {text} at (2299,2503) size 81x22 contains 1 chunk(s)
        LayoutSVGInlineText {#text} at (2299,2503) size 81x22
          chunk 1 text run 1 at (2300.00,2520.00) startOffset 0 endOffset 11 width 80.00: "just a text"
      LayoutSVGText {text} at (2399,2503) size 81x22 contains 1 chunk(s)
        LayoutSVGInlineText {#text} at (2399,2503) size 81x22
          chunk 1 text run 1 at (2400.00,2520.00) startOffset 0 endOffset 11 width 80.00: "just a text"
      LayoutSVGText {text} at (2499,2503) size 81x22 contains 1 chunk(s)
        LayoutSVGInlineText {#text} at (2499,2503) size 81x22
          chunk 1 text run 1 at (2500.00,2520.00) startOffset 0 endOffset 11 width 80.00: "just a text"
      LayoutSVGText {text} at (2599,2503) size 81x22 contains 1 chunk(s)
        LayoutSVGInlineText {#text} at (2599,2503) size 81x22
          chunk 1 text run 1 at (2600.00,2520.00) startOffset 0 endOffset 11 width 80.00: "just a text"
      LayoutSVGText {text} at (2699,2503) size 81x22 contains 1 chunk(s)
        LayoutSVGInlineText {#text} at (2699,2503) size 81x22
          chunk 1 text run 1 at (2700.00,2520.00) startOffset 0 endOffset 11 width 80.00: "just a text"
      LayoutSVGText {text} at (2799,2503) size 81x22 contains 1 chunk(s)
        LayoutSVGInlineText {#text} at (2799,2503) size 81x22
          chunk 1 text run 1 at (2800.00,2520.00) startOffset 0 endOffset 11 width 80.00: "just a text"
      LayoutSVGText {text} at (2899,2503) size 81x22 contains 1 chunk(s)
        LayoutSVGInlineText {#text} at (2899,2503) size 81x22
          chunk 1 text run 1 at (2900.00,2520.00) startOffset 0 endOffset 11 width 80.00: "just a text"
      LayoutSVGText {text} at (2999,2503) size 81x22 contains 1 chunk(s)
        LayoutSVGInlineText {#text} at (2999,2503) size 81x22
          chunk 1 text run 1 at (3000.00,2520.00) startOffset 0 endOffset 11 width 80.00: "just a text"
      LayoutSVGText {text} at (3099,2503) size 81x22 contains 1 chunk(s)
        LayoutSVGInlineText {#text} at (3099,2503) size 81x22
          chunk 1 text run 1 at (3100.00,2520.00) startOffset 0 endOffset 11 width 80.00: "just a text"
      LayoutSVGText {text} at (3199,2503) size 81x22 contains 1 chunk(s)
        LayoutSVGInlineText {#text} at (3199,2503) size 81x22
          chunk 1 text run 1 at (3200.00,2520.00) startOffset 0 endOffset 11 width 80.00: "just a text"
      LayoutSVGText {text} at (3299,2503) size 81x22 contains 1 chunk(s)
        LayoutSVGInlineText {#text} at (3299,2503) size 81x22
          chunk 1 text run 1 at (3300.00,2520.00) startOffset 0 endOffset 11 width 80.00: "just a text"
      LayoutSVGText {text} at (3399,2503) size 81x22 contains 1 chunk(s)
        LayoutSVGInlineText {#text} at (3399,2503) size 81x22
          chunk 1 text run 1 at (3400.00,2520.00) startOffset 0 endOffset 11 width 80.00: "just a text"
      LayoutSVGText {text} at (3499,2503) size 81x22 contains 1 chunk(s)
        LayoutSVGInlineText {#text} at (3499,2503) size 81x22
          chunk 1 text run 1 at (3500.00,2520.00) startOffset 0 endOffset 11 width 80.00: "just a text"
      LayoutSVGText {text} at (3599,2503) size 81x22 contains 1 chunk(s)
        LayoutSVGInlineText {#text} at (3599,2503) size 81x22
          chunk 1 text run 1 at (3600.00,2520.00) startOffset 0 endOffset 11 width 80.00: "just a text"
      LayoutSVGText {text} at (3699,2503) size 81x22 contains 1 chunk(s)
        LayoutSVGInlineText {#text} at (3699,2503) size 81x22
          chunk 1 text run 1 at (3700.00,2520.00) startOffset 0 endOffset 11 width 80.00: "just a text"
      LayoutSVGText {text} at (3799,2503) size 81x22 contains 1 chunk(s)
        LayoutSVGInlineText {#text} at (3799,2503) size 81x22
          chunk 1 text run 1 at (3800.00,2520.00) startOffset 0 endOffset 11 width 80.00: "just a text"
      LayoutSVGText {text} at (3899,2503) size 81x22 contains 1 chunk(s)
        LayoutSVGInlineText {#text} at (3899,2503) size 81x22
          chunk 1 text run 1 at (3900.00,2520.00) startOffset 0 endOffset 11 width 80.00: "just a text"
      LayoutSVGText {text} at (3999,2503) size 81x22 contains 1 chunk(s)
        LayoutSVGInlineText {#text} at (3999,2503) size 81x22
          chunk 1 text run 1 at (4000.00,2520.00) startOffset 0 endOffset 11 width 80.00: "just a text"
      LayoutSVGText {text} at (4099,2503) size 81x22 contains 1 chunk(s)
        LayoutSVGInlineText {#text} at (4099,2503) size 81x22
          chunk 1 text run 1 at (4100.00,2520.00) startOffset 0 endOffset 11 width 80.00: "just a text"
      LayoutSVGText {text} at (4199,2503) size 81x22 contains 1 chunk(s)
        LayoutSVGInlineText {#text} at (4199,2503) size 81x22
          chunk 1 text run 1 at (4200.00,2520.00) startOffset 0 endOffset 11 width 80.00: "just a text"
      LayoutSVGText {text} at (4299,2503) size 81x22 contains 1 chunk(s)
        LayoutSVGInlineText {#text} at (4299,2503) size 81x22
          chunk 1 text run 1 at (4300.00,2520.00) startOffset 0 endOffset 11 width 80.00: "just a text"
      LayoutSVGText {text} at (4399,2503) size 81x22 contains 1 chunk(s)
        LayoutSVGInlineText {#text} at (4399,2503) size 81x22
          chunk 1 text run 1 at (4400.00,2520.00) startOffset 0 endOffset 11 width 80.00: "just a text"
      LayoutSVGText {text} at (4499,2503) size 81x22 contains 1 chunk(s)
        LayoutSVGInlineText {#text} at (4499,2503) size 81x22
          chunk 1 text run 1 at (4500.00,2520.00) startOffset 0 endOffset 11 width 80.00: "just a text"
      LayoutSVGText {text} at (4599,2503) size 81x22 contains 1 chunk(s)
        LayoutSVGInlineText {#text} at (4599,2503) size 81x22
          chunk 1 text run 1 at (4600.00,2520.00) startOffset 0 endOffset 11 width 80.00: "just a text"
      LayoutSVGText {text} at (4699,2503) size 81x22 contains 1 chunk(s)
        LayoutSVGInlineText {#text} at (4699,2503) size 81x22
          chunk 1 text run 1 at (4700.00,2520.00) startOffset 0 endOffset 11 width 80.00: "just a text"
      LayoutSVGText {text} at (4799,2503) size 81x22 contains 1 chunk(s)
        LayoutSVGInlineText {#text} at (4799,2503) size 81x22
          chunk 1 text run 1 at (4800.00,2520.00) startOffset 0 endOffset 11 width 80.00: "just a text"
      LayoutSVGText {text} at (4899,2503) size 81x22 contains 1 chunk(s)
        LayoutSVGInlineText {#text} at (4899,2503) size 81x22
          chunk 1 text run 1 at (4900.00,2520.00) startOffset 0 endOffset 11 width 80.00: "just a text"
      LayoutSVGText {text} at (-1,2603) size 81x22 contains 1 chunk(s)
        LayoutSVGInlineText {#text} at (-1,2603) size 81x22
          chunk 1 text run 1 at (0.00,2620.00) startOffset 0 endOffset 11 width 80.00: "just a text"
      LayoutSVGText {text} at (99,2603) size 81x22 contains 1 chunk(s)
        LayoutSVGInlineText {#text} at (99,2603) size 81x22
          chunk 1 text run 1 at (100.00,2620.00) startOffset 0 endOffset 11 width 80.00: "just a text"
      LayoutSVGText {text} at (199,2603) size 81x22 contains 1 chunk(s)
        LayoutSVGInlineText {#text} at (199,2603) size 81x22
          chunk 1 text run 1 at (200.00,2620.00) startOffset 0 endOffset 11 width 80.00: "just a text"
      LayoutSVGText {text} at (299,2603) size 81x22 contains 1 chunk(s)
        LayoutSVGInlineText {#text} at (299,2603) size 81x22
          chunk 1 text run 1 at (300.00,2620.00) startOffset 0 endOffset 11 width 80.00: "just a text"
      LayoutSVGText {text} at (399,2603) size 81x22 contains 1 chunk(s)
        LayoutSVGInlineText {#text} at (399,2603) size 81x22
          chunk 1 text run 1 at (400.00,2620.00) startOffset 0 endOffset 11 width 80.00: "just a text"
      LayoutSVGText {text} at (499,2603) size 81x22 contains 1 chunk(s)
        LayoutSVGInlineText {#text} at (499,2603) size 81x22
          chunk 1 text run 1 at (500.00,2620.00) startOffset 0 endOffset 11 width 80.00: "just a text"
      LayoutSVGText {text} at (599,2603) size 81x22 contains 1 chunk(s)
        LayoutSVGInlineText {#text} at (599,2603) size 81x22
          chunk 1 text run 1 at (600.00,2620.00) startOffset 0 endOffset 11 width 80.00: "just a text"
      LayoutSVGText {text} at (699,2603) size 81x22 contains 1 chunk(s)
        LayoutSVGInlineText {#text} at (699,2603) size 81x22
          chunk 1 text run 1 at (700.00,2620.00) startOffset 0 endOffset 11 width 80.00: "just a text"
      LayoutSVGText {text} at (799,2603) size 81x22 contains 1 chunk(s)
        LayoutSVGInlineText {#text} at (799,2603) size 81x22
          chunk 1 text run 1 at (800.00,2620.00) startOffset 0 endOffset 11 width 80.00: "just a text"
      LayoutSVGText {text} at (899,2603) size 81x22 contains 1 chunk(s)
        LayoutSVGInlineText {#text} at (899,2603) size 81x22
          chunk 1 text run 1 at (900.00,2620.00) startOffset 0 endOffset 11 width 80.00: "just a text"
      LayoutSVGText {text} at (999,2603) size 81x22 contains 1 chunk(s)
        LayoutSVGInlineText {#text} at (999,2603) size 81x22
          chunk 1 text run 1 at (1000.00,2620.00) startOffset 0 endOffset 11 width 80.00: "just a text"
      LayoutSVGText {text} at (1099,2603) size 81x22 contains 1 chunk(s)
        LayoutSVGInlineText {#text} at (1099,2603) size 81x22
          chunk 1 text run 1 at (1100.00,2620.00) startOffset 0 endOffset 11 width 80.00: "just a text"
      LayoutSVGText {text} at (1199,2603) size 81x22 contains 1 chunk(s)
        LayoutSVGInlineText {#text} at (1199,2603) size 81x22
          chunk 1 text run 1 at (1200.00,2620.00) startOffset 0 endOffset 11 width 80.00: "just a text"
      LayoutSVGText {text} at (1299,2603) size 81x22 contains 1 chunk(s)
        LayoutSVGInlineText {#text} at (1299,2603) size 81x22
          chunk 1 text run 1 at (1300.00,2620.00) startOffset 0 endOffset 11 width 80.00: "just a text"
      LayoutSVGText {text} at (1399,2603) size 81x22 contains 1 chunk(s)
        LayoutSVGInlineText {#text} at (1399,2603) size 81x22
          chunk 1 text run 1 at (1400.00,2620.00) startOffset 0 endOffset 11 width 80.00: "just a text"
      LayoutSVGText {text} at (1499,2603) size 81x22 contains 1 chunk(s)
        LayoutSVGInlineText {#text} at (1499,2603) size 81x22
          chunk 1 text run 1 at (1500.00,2620.00) startOffset 0 endOffset 11 width 80.00: "just a text"
      LayoutSVGText {text} at (1599,2603) size 81x22 contains 1 chunk(s)
        LayoutSVGInlineText {#text} at (1599,2603) size 81x22
          chunk 1 text run 1 at (1600.00,2620.00) startOffset 0 endOffset 11 width 80.00: "just a text"
      LayoutSVGText {text} at (1699,2603) size 81x22 contains 1 chunk(s)
        LayoutSVGInlineText {#text} at (1699,2603) size 81x22
          chunk 1 text run 1 at (1700.00,2620.00) startOffset 0 endOffset 11 width 80.00: "just a text"
      LayoutSVGText {text} at (1799,2603) size 81x22 contains 1 chunk(s)
        LayoutSVGInlineText {#text} at (1799,2603) size 81x22
          chunk 1 text run 1 at (1800.00,2620.00) startOffset 0 endOffset 11 width 80.00: "just a text"
      LayoutSVGText {text} at (1899,2603) size 81x22 contains 1 chunk(s)
        LayoutSVGInlineText {#text} at (1899,2603) size 81x22
          chunk 1 text run 1 at (1900.00,2620.00) startOffset 0 endOffset 11 width 80.00: "just a text"
      LayoutSVGText {text} at (1999,2603) size 81x22 contains 1 chunk(s)
        LayoutSVGInlineText {#text} at (1999,2603) size 81x22
          chunk 1 text run 1 at (2000.00,2620.00) startOffset 0 endOffset 11 width 80.00: "just a text"
      LayoutSVGText {text} at (2099,2603) size 81x22 contains 1 chunk(s)
        LayoutSVGInlineText {#text} at (2099,2603) size 81x22
          chunk 1 text run 1 at (2100.00,2620.00) startOffset 0 endOffset 11 width 80.00: "just a text"
      LayoutSVGText {text} at (2199,2603) size 81x22 contains 1 chunk(s)
        LayoutSVGInlineText {#text} at (2199,2603) size 81x22
          chunk 1 text run 1 at (2200.00,2620.00) startOffset 0 endOffset 11 width 80.00: "just a text"
      LayoutSVGText {text} at (2299,2603) size 81x22 contains 1 chunk(s)
        LayoutSVGInlineText {#text} at (2299,2603) size 81x22
          chunk 1 text run 1 at (2300.00,2620.00) startOffset 0 endOffset 11 width 80.00: "just a text"
      LayoutSVGText {text} at (2399,2603) size 81x22 contains 1 chunk(s)
        LayoutSVGInlineText {#text} at (2399,2603) size 81x22
          chunk 1 text run 1 at (2400.00,2620.00) startOffset 0 endOffset 11 width 80.00: "just a text"
      LayoutSVGText {text} at (2499,2603) size 81x22 contains 1 chunk(s)
        LayoutSVGInlineText {#text} at (2499,2603) size 81x22
          chunk 1 text run 1 at (2500.00,2620.00) startOffset 0 endOffset 11 width 80.00: "just a text"
      LayoutSVGText {text} at (2599,2603) size 81x22 contains 1 chunk(s)
        LayoutSVGInlineText {#text} at (2599,2603) size 81x22
          chunk 1 text run 1 at (2600.00,2620.00) startOffset 0 endOffset 11 width 80.00: "just a text"
      LayoutSVGText {text} at (2699,2603) size 81x22 contains 1 chunk(s)
        LayoutSVGInlineText {#text} at (2699,2603) size 81x22
          chunk 1 text run 1 at (2700.00,2620.00) startOffset 0 endOffset 11 width 80.00: "just a text"
      LayoutSVGText {text} at (2799,2603) size 81x22 contains 1 chunk(s)
        LayoutSVGInlineText {#text} at (2799,2603) size 81x22
          chunk 1 text run 1 at (2800.00,2620.00) startOffset 0 endOffset 11 width 80.00: "just a text"
      LayoutSVGText {text} at (2899,2603) size 81x22 contains 1 chunk(s)
        LayoutSVGInlineText {#text} at (2899,2603) size 81x22
          chunk 1 text run 1 at (2900.00,2620.00) startOffset 0 endOffset 11 width 80.00: "just a text"
      LayoutSVGText {text} at (2999,2603) size 81x22 contains 1 chunk(s)
        LayoutSVGInlineText {#text} at (2999,2603) size 81x22
          chunk 1 text run 1 at (3000.00,2620.00) startOffset 0 endOffset 11 width 80.00: "just a text"
      LayoutSVGText {text} at (3099,2603) size 81x22 contains 1 chunk(s)
        LayoutSVGInlineText {#text} at (3099,2603) size 81x22
          chunk 1 text run 1 at (3100.00,2620.00) startOffset 0 endOffset 11 width 80.00: "just a text"
      LayoutSVGText {text} at (3199,2603) size 81x22 contains 1 chunk(s)
        LayoutSVGInlineText {#text} at (3199,2603) size 81x22
          chunk 1 text run 1 at (3200.00,2620.00) startOffset 0 endOffset 11 width 80.00: "just a text"
      LayoutSVGText {text} at (3299,2603) size 81x22 contains 1 chunk(s)
        LayoutSVGInlineText {#text} at (3299,2603) size 81x22
          chunk 1 text run 1 at (3300.00,2620.00) startOffset 0 endOffset 11 width 80.00: "just a text"
      LayoutSVGText {text} at (3399,2603) size 81x22 contains 1 chunk(s)
        LayoutSVGInlineText {#text} at (3399,2603) size 81x22
          chunk 1 text run 1 at (3400.00,2620.00) startOffset 0 endOffset 11 width 80.00: "just a text"
      LayoutSVGText {text} at (3499,2603) size 81x22 contains 1 chunk(s)
        LayoutSVGInlineText {#text} at (3499,2603) size 81x22
          chunk 1 text run 1 at (3500.00,2620.00) startOffset 0 endOffset 11 width 80.00: "just a text"
      LayoutSVGText {text} at (3599,2603) size 81x22 contains 1 chunk(s)
        LayoutSVGInlineText {#text} at (3599,2603) size 81x22
          chunk 1 text run 1 at (3600.00,2620.00) startOffset 0 endOffset 11 width 80.00: "just a text"
      LayoutSVGText {text} at (3699,2603) size 81x22 contains 1 chunk(s)
        LayoutSVGInlineText {#text} at (3699,2603) size 81x22
          chunk 1 text run 1 at (3700.00,2620.00) startOffset 0 endOffset 11 width 80.00: "just a text"
      LayoutSVGText {text} at (3799,2603) size 81x22 contains 1 chunk(s)
        LayoutSVGInlineText {#text} at (3799,2603) size 81x22
          chunk 1 text run 1 at (3800.00,2620.00) startOffset 0 endOffset 11 width 80.00: "just a text"
      LayoutSVGText {text} at (3899,2603) size 81x22 contains 1 chunk(s)
        LayoutSVGInlineText {#text} at (3899,2603) size 81x22
          chunk 1 text run 1 at (3900.00,2620.00) startOffset 0 endOffset 11 width 80.00: "just a text"
      LayoutSVGText {text} at (3999,2603) size 81x22 contains 1 chunk(s)
        LayoutSVGInlineText {#text} at (3999,2603) size 81x22
          chunk 1 text run 1 at (4000.00,2620.00) startOffset 0 endOffset 11 width 80.00: "just a text"
      LayoutSVGText {text} at (4099,2603) size 81x22 contains 1 chunk(s)
        LayoutSVGInlineText {#text} at (4099,2603) size 81x22
          chunk 1 text run 1 at (4100.00,2620.00) startOffset 0 endOffset 11 width 80.00: "just a text"
      LayoutSVGText {text} at (4199,2603) size 81x22 contains 1 chunk(s)
        LayoutSVGInlineText {#text} at (4199,2603) size 81x22
          chunk 1 text run 1 at (4200.00,2620.00) startOffset 0 endOffset 11 width 80.00: "just a text"
      LayoutSVGText {text} at (4299,2603) size 81x22 contains 1 chunk(s)
        LayoutSVGInlineText {#text} at (4299,2603) size 81x22
          chunk 1 text run 1 at (4300.00,2620.00) startOffset 0 endOffset 11 width 80.00: "just a text"
      LayoutSVGText {text} at (4399,2603) size 81x22 contains 1 chunk(s)
        LayoutSVGInlineText {#text} at (4399,2603) size 81x22
          chunk 1 text run 1 at (4400.00,2620.00) startOffset 0 endOffset 11 width 80.00: "just a text"
      LayoutSVGText {text} at (4499,2603) size 81x22 contains 1 chunk(s)
        LayoutSVGInlineText {#text} at (4499,2603) size 81x22
          chunk 1 text run 1 at (4500.00,2620.00) startOffset 0 endOffset 11 width 80.00: "just a text"
      LayoutSVGText {text} at (4599,2603) size 81x22 contains 1 chunk(s)
        LayoutSVGInlineText {#text} at (4599,2603) size 81x22
          chunk 1 text run 1 at (4600.00,2620.00) startOffset 0 endOffset 11 width 80.00: "just a text"
      LayoutSVGText {text} at (4699,2603) size 81x22 contains 1 chunk(s)
        LayoutSVGInlineText {#text} at (4699,2603) size 81x22
          chunk 1 text run 1 at (4700.00,2620.00) startOffset 0 endOffset 11 width 80.00: "just a text"
      LayoutSVGText {text} at (4799,2603) size 81x22 contains 1 chunk(s)
        LayoutSVGInlineText {#text} at (4799,2603) size 81x22
          chunk 1 text run 1 at (4800.00,2620.00) startOffset 0 endOffset 11 width 80.00: "just a text"
      LayoutSVGText {text} at (4899,2603) size 81x22 contains 1 chunk(s)
        LayoutSVGInlineText {#text} at (4899,2603) size 81x22
          chunk 1 text run 1 at (4900.00,2620.00) startOffset 0 endOffset 11 width 80.00: "just a text"
      LayoutSVGText {text} at (-1,2703) size 81x22 contains 1 chunk(s)
        LayoutSVGInlineText {#text} at (-1,2703) size 81x22
          chunk 1 text run 1 at (0.00,2720.00) startOffset 0 endOffset 11 width 80.00: "just a text"
      LayoutSVGText {text} at (99,2703) size 81x22 contains 1 chunk(s)
        LayoutSVGInlineText {#text} at (99,2703) size 81x22
          chunk 1 text run 1 at (100.00,2720.00) startOffset 0 endOffset 11 width 80.00: "just a text"
      LayoutSVGText {text} at (199,2703) size 81x22 contains 1 chunk(s)
        LayoutSVGInlineText {#text} at (199,2703) size 81x22
          chunk 1 text run 1 at (200.00,2720.00) startOffset 0 endOffset 11 width 80.00: "just a text"
      LayoutSVGText {text} at (299,2703) size 81x22 contains 1 chunk(s)
        LayoutSVGInlineText {#text} at (299,2703) size 81x22
          chunk 1 text run 1 at (300.00,2720.00) startOffset 0 endOffset 11 width 80.00: "just a text"
      LayoutSVGText {text} at (399,2703) size 81x22 contains 1 chunk(s)
        LayoutSVGInlineText {#text} at (399,2703) size 81x22
          chunk 1 text run 1 at (400.00,2720.00) startOffset 0 endOffset 11 width 80.00: "just a text"
      LayoutSVGText {text} at (499,2703) size 81x22 contains 1 chunk(s)
        LayoutSVGInlineText {#text} at (499,2703) size 81x22
          chunk 1 text run 1 at (500.00,2720.00) startOffset 0 endOffset 11 width 80.00: "just a text"
      LayoutSVGText {text} at (599,2703) size 81x22 contains 1 chunk(s)
        LayoutSVGInlineText {#text} at (599,2703) size 81x22
          chunk 1 text run 1 at (600.00,2720.00) startOffset 0 endOffset 11 width 80.00: "just a text"
      LayoutSVGText {text} at (699,2703) size 81x22 contains 1 chunk(s)
        LayoutSVGInlineText {#text} at (699,2703) size 81x22
          chunk 1 text run 1 at (700.00,2720.00) startOffset 0 endOffset 11 width 80.00: "just a text"
      LayoutSVGText {text} at (799,2703) size 81x22 contains 1 chunk(s)
        LayoutSVGInlineText {#text} at (799,2703) size 81x22
          chunk 1 text run 1 at (800.00,2720.00) startOffset 0 endOffset 11 width 80.00: "just a text"
      LayoutSVGText {text} at (899,2703) size 81x22 contains 1 chunk(s)
        LayoutSVGInlineText {#text} at (899,2703) size 81x22
          chunk 1 text run 1 at (900.00,2720.00) startOffset 0 endOffset 11 width 80.00: "just a text"
      LayoutSVGText {text} at (999,2703) size 81x22 contains 1 chunk(s)
        LayoutSVGInlineText {#text} at (999,2703) size 81x22
          chunk 1 text run 1 at (1000.00,2720.00) startOffset 0 endOffset 11 width 80.00: "just a text"
      LayoutSVGText {text} at (1099,2703) size 81x22 contains 1 chunk(s)
        LayoutSVGInlineText {#text} at (1099,2703) size 81x22
          chunk 1 text run 1 at (1100.00,2720.00) startOffset 0 endOffset 11 width 80.00: "just a text"
      LayoutSVGText {text} at (1199,2703) size 81x22 contains 1 chunk(s)
        LayoutSVGInlineText {#text} at (1199,2703) size 81x22
          chunk 1 text run 1 at (1200.00,2720.00) startOffset 0 endOffset 11 width 80.00: "just a text"
      LayoutSVGText {text} at (1299,2703) size 81x22 contains 1 chunk(s)
        LayoutSVGInlineText {#text} at (1299,2703) size 81x22
          chunk 1 text run 1 at (1300.00,2720.00) startOffset 0 endOffset 11 width 80.00: "just a text"
      LayoutSVGText {text} at (1399,2703) size 81x22 contains 1 chunk(s)
        LayoutSVGInlineText {#text} at (1399,2703) size 81x22
          chunk 1 text run 1 at (1400.00,2720.00) startOffset 0 endOffset 11 width 80.00: "just a text"
      LayoutSVGText {text} at (1499,2703) size 81x22 contains 1 chunk(s)
        LayoutSVGInlineText {#text} at (1499,2703) size 81x22
          chunk 1 text run 1 at (1500.00,2720.00) startOffset 0 endOffset 11 width 80.00: "just a text"
      LayoutSVGText {text} at (1599,2703) size 81x22 contains 1 chunk(s)
        LayoutSVGInlineText {#text} at (1599,2703) size 81x22
          chunk 1 text run 1 at (1600.00,2720.00) startOffset 0 endOffset 11 width 80.00: "just a text"
      LayoutSVGText {text} at (1699,2703) size 81x22 contains 1 chunk(s)
        LayoutSVGInlineText {#text} at (1699,2703) size 81x22
          chunk 1 text run 1 at (1700.00,2720.00) startOffset 0 endOffset 11 width 80.00: "just a text"
      LayoutSVGText {text} at (1799,2703) size 81x22 contains 1 chunk(s)
        LayoutSVGInlineText {#text} at (1799,2703) size 81x22
          chunk 1 text run 1 at (1800.00,2720.00) startOffset 0 endOffset 11 width 80.00: "just a text"
      LayoutSVGText {text} at (1899,2703) size 81x22 contains 1 chunk(s)
        LayoutSVGInlineText {#text} at (1899,2703) size 81x22
          chunk 1 text run 1 at (1900.00,2720.00) startOffset 0 endOffset 11 width 80.00: "just a text"
      LayoutSVGText {text} at (1999,2703) size 81x22 contains 1 chunk(s)
        LayoutSVGInlineText {#text} at (1999,2703) size 81x22
          chunk 1 text run 1 at (2000.00,2720.00) startOffset 0 endOffset 11 width 80.00: "just a text"
      LayoutSVGText {text} at (2099,2703) size 81x22 contains 1 chunk(s)
        LayoutSVGInlineText {#text} at (2099,2703) size 81x22
          chunk 1 text run 1 at (2100.00,2720.00) startOffset 0 endOffset 11 width 80.00: "just a text"
      LayoutSVGText {text} at (2199,2703) size 81x22 contains 1 chunk(s)
        LayoutSVGInlineText {#text} at (2199,2703) size 81x22
          chunk 1 text run 1 at (2200.00,2720.00) startOffset 0 endOffset 11 width 80.00: "just a text"
      LayoutSVGText {text} at (2299,2703) size 81x22 contains 1 chunk(s)
        LayoutSVGInlineText {#text} at (2299,2703) size 81x22
          chunk 1 text run 1 at (2300.00,2720.00) startOffset 0 endOffset 11 width 80.00: "just a text"
      LayoutSVGText {text} at (2399,2703) size 81x22 contains 1 chunk(s)
        LayoutSVGInlineText {#text} at (2399,2703) size 81x22
          chunk 1 text run 1 at (2400.00,2720.00) startOffset 0 endOffset 11 width 80.00: "just a text"
      LayoutSVGText {text} at (2499,2703) size 81x22 contains 1 chunk(s)
        LayoutSVGInlineText {#text} at (2499,2703) size 81x22
          chunk 1 text run 1 at (2500.00,2720.00) startOffset 0 endOffset 11 width 80.00: "just a text"
      LayoutSVGText {text} at (2599,2703) size 81x22 contains 1 chunk(s)
        LayoutSVGInlineText {#text} at (2599,2703) size 81x22
          chunk 1 text run 1 at (2600.00,2720.00) startOffset 0 endOffset 11 width 80.00: "just a text"
      LayoutSVGText {text} at (2699,2703) size 81x22 contains 1 chunk(s)
        LayoutSVGInlineText {#text} at (2699,2703) size 81x22
          chunk 1 text run 1 at (2700.00,2720.00) startOffset 0 endOffset 11 width 80.00: "just a text"
      LayoutSVGText {text} at (2799,2703) size 81x22 contains 1 chunk(s)
        LayoutSVGInlineText {#text} at (2799,2703) size 81x22
          chunk 1 text run 1 at (2800.00,2720.00) startOffset 0 endOffset 11 width 80.00: "just a text"
      LayoutSVGText {text} at (2899,2703) size 81x22 contains 1 chunk(s)
        LayoutSVGInlineText {#text} at (2899,2703) size 81x22
          chunk 1 text run 1 at (2900.00,2720.00) startOffset 0 endOffset 11 width 80.00: "just a text"
      LayoutSVGText {text} at (2999,2703) size 81x22 contains 1 chunk(s)
        LayoutSVGInlineText {#text} at (2999,2703) size 81x22
          chunk 1 text run 1 at (3000.00,2720.00) startOffset 0 endOffset 11 width 80.00: "just a text"
      LayoutSVGText {text} at (3099,2703) size 81x22 contains 1 chunk(s)
        LayoutSVGInlineText {#text} at (3099,2703) size 81x22
          chunk 1 text run 1 at (3100.00,2720.00) startOffset 0 endOffset 11 width 80.00: "just a text"
      LayoutSVGText {text} at (3199,2703) size 81x22 contains 1 chunk(s)
        LayoutSVGInlineText {#text} at (3199,2703) size 81x22
          chunk 1 text run 1 at (3200.00,2720.00) startOffset 0 endOffset 11 width 80.00: "just a text"
      LayoutSVGText {text} at (3299,2703) size 81x22 contains 1 chunk(s)
        LayoutSVGInlineText {#text} at (3299,2703) size 81x22
          chunk 1 text run 1 at (3300.00,2720.00) startOffset 0 endOffset 11 width 80.00: "just a text"
      LayoutSVGText {text} at (3399,2703) size 81x22 contains 1 chunk(s)
        LayoutSVGInlineText {#text} at (3399,2703) size 81x22
          chunk 1 text run 1 at (3400.00,2720.00) startOffset 0 endOffset 11 width 80.00: "just a text"
      LayoutSVGText {text} at (3499,2703) size 81x22 contains 1 chunk(s)
        LayoutSVGInlineText {#text} at (3499,2703) size 81x22
          chunk 1 text run 1 at (3500.00,2720.00) startOffset 0 endOffset 11 width 80.00: "just a text"
      LayoutSVGText {text} at (3599,2703) size 81x22 contains 1 chunk(s)
        LayoutSVGInlineText {#text} at (3599,2703) size 81x22
          chunk 1 text run 1 at (3600.00,2720.00) startOffset 0 endOffset 11 width 80.00: "just a text"
      LayoutSVGText {text} at (3699,2703) size 81x22 contains 1 chunk(s)
        LayoutSVGInlineText {#text} at (3699,2703) size 81x22
          chunk 1 text run 1 at (3700.00,2720.00) startOffset 0 endOffset 11 width 80.00: "just a text"
      LayoutSVGText {text} at (3799,2703) size 81x22 contains 1 chunk(s)
        LayoutSVGInlineText {#text} at (3799,2703) size 81x22
          chunk 1 text run 1 at (3800.00,2720.00) startOffset 0 endOffset 11 width 80.00: "just a text"
      LayoutSVGText {text} at (3899,2703) size 81x22 contains 1 chunk(s)
        LayoutSVGInlineText {#text} at (3899,2703) size 81x22
          chunk 1 text run 1 at (3900.00,2720.00) startOffset 0 endOffset 11 width 80.00: "just a text"
      LayoutSVGText {text} at (3999,2703) size 81x22 contains 1 chunk(s)
        LayoutSVGInlineText {#text} at (3999,2703) size 81x22
          chunk 1 text run 1 at (4000.00,2720.00) startOffset 0 endOffset 11 width 80.00: "just a text"
      LayoutSVGText {text} at (4099,2703) size 81x22 contains 1 chunk(s)
        LayoutSVGInlineText {#text} at (4099,2703) size 81x22
          chunk 1 text run 1 at (4100.00,2720.00) startOffset 0 endOffset 11 width 80.00: "just a text"
      LayoutSVGText {text} at (4199,2703) size 81x22 contains 1 chunk(s)
        LayoutSVGInlineText {#text} at (4199,2703) size 81x22
          chunk 1 text run 1 at (4200.00,2720.00) startOffset 0 endOffset 11 width 80.00: "just a text"
      LayoutSVGText {text} at (4299,2703) size 81x22 contains 1 chunk(s)
        LayoutSVGInlineText {#text} at (4299,2703) size 81x22
          chunk 1 text run 1 at (4300.00,2720.00) startOffset 0 endOffset 11 width 80.00: "just a text"
      LayoutSVGText {text} at (4399,2703) size 81x22 contains 1 chunk(s)
        LayoutSVGInlineText {#text} at (4399,2703) size 81x22
          chunk 1 text run 1 at (4400.00,2720.00) startOffset 0 endOffset 11 width 80.00: "just a text"
      LayoutSVGText {text} at (4499,2703) size 81x22 contains 1 chunk(s)
        LayoutSVGInlineText {#text} at (4499,2703) size 81x22
          chunk 1 text run 1 at (4500.00,2720.00) startOffset 0 endOffset 11 width 80.00: "just a text"
      LayoutSVGText {text} at (4599,2703) size 81x22 contains 1 chunk(s)
        LayoutSVGInlineText {#text} at (4599,2703) size 81x22
          chunk 1 text run 1 at (4600.00,2720.00) startOffset 0 endOffset 11 width 80.00: "just a text"
      LayoutSVGText {text} at (4699,2703) size 81x22 contains 1 chunk(s)
        LayoutSVGInlineText {#text} at (4699,2703) size 81x22
          chunk 1 text run 1 at (4700.00,2720.00) startOffset 0 endOffset 11 width 80.00: "just a text"
      LayoutSVGText {text} at (4799,2703) size 81x22 contains 1 chunk(s)
        LayoutSVGInlineText {#text} at (4799,2703) size 81x22
          chunk 1 text run 1 at (4800.00,2720.00) startOffset 0 endOffset 11 width 80.00: "just a text"
      LayoutSVGText {text} at (4899,2703) size 81x22 contains 1 chunk(s)
        LayoutSVGInlineText {#text} at (4899,2703) size 81x22
          chunk 1 text run 1 at (4900.00,2720.00) startOffset 0 endOffset 11 width 80.00: "just a text"
      LayoutSVGText {text} at (-1,2803) size 81x22 contains 1 chunk(s)
        LayoutSVGInlineText {#text} at (-1,2803) size 81x22
          chunk 1 text run 1 at (0.00,2820.00) startOffset 0 endOffset 11 width 80.00: "just a text"
      LayoutSVGText {text} at (99,2803) size 81x22 contains 1 chunk(s)
        LayoutSVGInlineText {#text} at (99,2803) size 81x22
          chunk 1 text run 1 at (100.00,2820.00) startOffset 0 endOffset 11 width 80.00: "just a text"
      LayoutSVGText {text} at (199,2803) size 81x22 contains 1 chunk(s)
        LayoutSVGInlineText {#text} at (199,2803) size 81x22
          chunk 1 text run 1 at (200.00,2820.00) startOffset 0 endOffset 11 width 80.00: "just a text"
      LayoutSVGText {text} at (299,2803) size 81x22 contains 1 chunk(s)
        LayoutSVGInlineText {#text} at (299,2803) size 81x22
          chunk 1 text run 1 at (300.00,2820.00) startOffset 0 endOffset 11 width 80.00: "just a text"
      LayoutSVGText {text} at (399,2803) size 81x22 contains 1 chunk(s)
        LayoutSVGInlineText {#text} at (399,2803) size 81x22
          chunk 1 text run 1 at (400.00,2820.00) startOffset 0 endOffset 11 width 80.00: "just a text"
      LayoutSVGText {text} at (499,2803) size 81x22 contains 1 chunk(s)
        LayoutSVGInlineText {#text} at (499,2803) size 81x22
          chunk 1 text run 1 at (500.00,2820.00) startOffset 0 endOffset 11 width 80.00: "just a text"
      LayoutSVGText {text} at (599,2803) size 81x22 contains 1 chunk(s)
        LayoutSVGInlineText {#text} at (599,2803) size 81x22
          chunk 1 text run 1 at (600.00,2820.00) startOffset 0 endOffset 11 width 80.00: "just a text"
      LayoutSVGText {text} at (699,2803) size 81x22 contains 1 chunk(s)
        LayoutSVGInlineText {#text} at (699,2803) size 81x22
          chunk 1 text run 1 at (700.00,2820.00) startOffset 0 endOffset 11 width 80.00: "just a text"
      LayoutSVGText {text} at (799,2803) size 81x22 contains 1 chunk(s)
        LayoutSVGInlineText {#text} at (799,2803) size 81x22
          chunk 1 text run 1 at (800.00,2820.00) startOffset 0 endOffset 11 width 80.00: "just a text"
      LayoutSVGText {text} at (899,2803) size 81x22 contains 1 chunk(s)
        LayoutSVGInlineText {#text} at (899,2803) size 81x22
          chunk 1 text run 1 at (900.00,2820.00) startOffset 0 endOffset 11 width 80.00: "just a text"
      LayoutSVGText {text} at (999,2803) size 81x22 contains 1 chunk(s)
        LayoutSVGInlineText {#text} at (999,2803) size 81x22
          chunk 1 text run 1 at (1000.00,2820.00) startOffset 0 endOffset 11 width 80.00: "just a text"
      LayoutSVGText {text} at (1099,2803) size 81x22 contains 1 chunk(s)
        LayoutSVGInlineText {#text} at (1099,2803) size 81x22
          chunk 1 text run 1 at (1100.00,2820.00) startOffset 0 endOffset 11 width 80.00: "just a text"
      LayoutSVGText {text} at (1199,2803) size 81x22 contains 1 chunk(s)
        LayoutSVGInlineText {#text} at (1199,2803) size 81x22
          chunk 1 text run 1 at (1200.00,2820.00) startOffset 0 endOffset 11 width 80.00: "just a text"
      LayoutSVGText {text} at (1299,2803) size 81x22 contains 1 chunk(s)
        LayoutSVGInlineText {#text} at (1299,2803) size 81x22
          chunk 1 text run 1 at (1300.00,2820.00) startOffset 0 endOffset 11 width 80.00: "just a text"
      LayoutSVGText {text} at (1399,2803) size 81x22 contains 1 chunk(s)
        LayoutSVGInlineText {#text} at (1399,2803) size 81x22
          chunk 1 text run 1 at (1400.00,2820.00) startOffset 0 endOffset 11 width 80.00: "just a text"
      LayoutSVGText {text} at (1499,2803) size 81x22 contains 1 chunk(s)
        LayoutSVGInlineText {#text} at (1499,2803) size 81x22
          chunk 1 text run 1 at (1500.00,2820.00) startOffset 0 endOffset 11 width 80.00: "just a text"
      LayoutSVGText {text} at (1599,2803) size 81x22 contains 1 chunk(s)
        LayoutSVGInlineText {#text} at (1599,2803) size 81x22
          chunk 1 text run 1 at (1600.00,2820.00) startOffset 0 endOffset 11 width 80.00: "just a text"
      LayoutSVGText {text} at (1699,2803) size 81x22 contains 1 chunk(s)
        LayoutSVGInlineText {#text} at (1699,2803) size 81x22
          chunk 1 text run 1 at (1700.00,2820.00) startOffset 0 endOffset 11 width 80.00: "just a text"
      LayoutSVGText {text} at (1799,2803) size 81x22 contains 1 chunk(s)
        LayoutSVGInlineText {#text} at (1799,2803) size 81x22
          chunk 1 text run 1 at (1800.00,2820.00) startOffset 0 endOffset 11 width 80.00: "just a text"
      LayoutSVGText {text} at (1899,2803) size 81x22 contains 1 chunk(s)
        LayoutSVGInlineText {#text} at (1899,2803) size 81x22
          chunk 1 text run 1 at (1900.00,2820.00) startOffset 0 endOffset 11 width 80.00: "just a text"
      LayoutSVGText {text} at (1999,2803) size 81x22 contains 1 chunk(s)
        LayoutSVGInlineText {#text} at (1999,2803) size 81x22
          chunk 1 text run 1 at (2000.00,2820.00) startOffset 0 endOffset 11 width 80.00: "just a text"
      LayoutSVGText {text} at (2099,2803) size 81x22 contains 1 chunk(s)
        LayoutSVGInlineText {#text} at (2099,2803) size 81x22
          chunk 1 text run 1 at (2100.00,2820.00) startOffset 0 endOffset 11 width 80.00: "just a text"
      LayoutSVGText {text} at (2199,2803) size 81x22 contains 1 chunk(s)
        LayoutSVGInlineText {#text} at (2199,2803) size 81x22
          chunk 1 text run 1 at (2200.00,2820.00) startOffset 0 endOffset 11 width 80.00: "just a text"
      LayoutSVGText {text} at (2299,2803) size 81x22 contains 1 chunk(s)
        LayoutSVGInlineText {#text} at (2299,2803) size 81x22
          chunk 1 text run 1 at (2300.00,2820.00) startOffset 0 endOffset 11 width 80.00: "just a text"
      LayoutSVGText {text} at (2399,2803) size 81x22 contains 1 chunk(s)
        LayoutSVGInlineText {#text} at (2399,2803) size 81x22
          chunk 1 text run 1 at (2400.00,2820.00) startOffset 0 endOffset 11 width 80.00: "just a text"
      LayoutSVGText {text} at (2499,2803) size 81x22 contains 1 chunk(s)
        LayoutSVGInlineText {#text} at (2499,2803) size 81x22
          chunk 1 text run 1 at (2500.00,2820.00) startOffset 0 endOffset 11 width 80.00: "just a text"
      LayoutSVGText {text} at (2599,2803) size 81x22 contains 1 chunk(s)
        LayoutSVGInlineText {#text} at (2599,2803) size 81x22
          chunk 1 text run 1 at (2600.00,2820.00) startOffset 0 endOffset 11 width 80.00: "just a text"
      LayoutSVGText {text} at (2699,2803) size 81x22 contains 1 chunk(s)
        LayoutSVGInlineText {#text} at (2699,2803) size 81x22
          chunk 1 text run 1 at (2700.00,2820.00) startOffset 0 endOffset 11 width 80.00: "just a text"
      LayoutSVGText {text} at (2799,2803) size 81x22 contains 1 chunk(s)
        LayoutSVGInlineText {#text} at (2799,2803) size 81x22
          chunk 1 text run 1 at (2800.00,2820.00) startOffset 0 endOffset 11 width 80.00: "just a text"
      LayoutSVGText {text} at (2899,2803) size 81x22 contains 1 chunk(s)
        LayoutSVGInlineText {#text} at (2899,2803) size 81x22
          chunk 1 text run 1 at (2900.00,2820.00) startOffset 0 endOffset 11 width 80.00: "just a text"
      LayoutSVGText {text} at (2999,2803) size 81x22 contains 1 chunk(s)
        LayoutSVGInlineText {#text} at (2999,2803) size 81x22
          chunk 1 text run 1 at (3000.00,2820.00) startOffset 0 endOffset 11 width 80.00: "just a text"
      LayoutSVGText {text} at (3099,2803) size 81x22 contains 1 chunk(s)
        LayoutSVGInlineText {#text} at (3099,2803) size 81x22
          chunk 1 text run 1 at (3100.00,2820.00) startOffset 0 endOffset 11 width 80.00: "just a text"
      LayoutSVGText {text} at (3199,2803) size 81x22 contains 1 chunk(s)
        LayoutSVGInlineText {#text} at (3199,2803) size 81x22
          chunk 1 text run 1 at (3200.00,2820.00) startOffset 0 endOffset 11 width 80.00: "just a text"
      LayoutSVGText {text} at (3299,2803) size 81x22 contains 1 chunk(s)
        LayoutSVGInlineText {#text} at (3299,2803) size 81x22
          chunk 1 text run 1 at (3300.00,2820.00) startOffset 0 endOffset 11 width 80.00: "just a text"
      LayoutSVGText {text} at (3399,2803) size 81x22 contains 1 chunk(s)
        LayoutSVGInlineText {#text} at (3399,2803) size 81x22
          chunk 1 text run 1 at (3400.00,2820.00) startOffset 0 endOffset 11 width 80.00: "just a text"
      LayoutSVGText {text} at (3499,2803) size 81x22 contains 1 chunk(s)
        LayoutSVGInlineText {#text} at (3499,2803) size 81x22
          chunk 1 text run 1 at (3500.00,2820.00) startOffset 0 endOffset 11 width 80.00: "just a text"
      LayoutSVGText {text} at (3599,2803) size 81x22 contains 1 chunk(s)
        LayoutSVGInlineText {#text} at (3599,2803) size 81x22
          chunk 1 text run 1 at (3600.00,2820.00) startOffset 0 endOffset 11 width 80.00: "just a text"
      LayoutSVGText {text} at (3699,2803) size 81x22 contains 1 chunk(s)
        LayoutSVGInlineText {#text} at (3699,2803) size 81x22
          chunk 1 text run 1 at (3700.00,2820.00) startOffset 0 endOffset 11 width 80.00: "just a text"
      LayoutSVGText {text} at (3799,2803) size 81x22 contains 1 chunk(s)
        LayoutSVGInlineText {#text} at (3799,2803) size 81x22
          chunk 1 text run 1 at (3800.00,2820.00) startOffset 0 endOffset 11 width 80.00: "just a text"
      LayoutSVGText {text} at (3899,2803) size 81x22 contains 1 chunk(s)
        LayoutSVGInlineText {#text} at (3899,2803) size 81x22
          chunk 1 text run 1 at (3900.00,2820.00) startOffset 0 endOffset 11 width 80.00: "just a text"
      LayoutSVGText {text} at (3999,2803) size 81x22 contains 1 chunk(s)
        LayoutSVGInlineText {#text} at (3999,2803) size 81x22
          chunk 1 text run 1 at (4000.00,2820.00) startOffset 0 endOffset 11 width 80.00: "just a text"
      LayoutSVGText {text} at (4099,2803) size 81x22 contains 1 chunk(s)
        LayoutSVGInlineText {#text} at (4099,2803) size 81x22
          chunk 1 text run 1 at (4100.00,2820.00) startOffset 0 endOffset 11 width 80.00: "just a text"
      LayoutSVGText {text} at (4199,2803) size 81x22 contains 1 chunk(s)
        LayoutSVGInlineText {#text} at (4199,2803) size 81x22
          chunk 1 text run 1 at (4200.00,2820.00) startOffset 0 endOffset 11 width 80.00: "just a text"
      LayoutSVGText {text} at (4299,2803) size 81x22 contains 1 chunk(s)
        LayoutSVGInlineText {#text} at (4299,2803) size 81x22
          chunk 1 text run 1 at (4300.00,2820.00) startOffset 0 endOffset 11 width 80.00: "just a text"
      LayoutSVGText {text} at (4399,2803) size 81x22 contains 1 chunk(s)
        LayoutSVGInlineText {#text} at (4399,2803) size 81x22
          chunk 1 text run 1 at (4400.00,2820.00) startOffset 0 endOffset 11 width 80.00: "just a text"
      LayoutSVGText {text} at (4499,2803) size 81x22 contains 1 chunk(s)
        LayoutSVGInlineText {#text} at (4499,2803) size 81x22
          chunk 1 text run 1 at (4500.00,2820.00) startOffset 0 endOffset 11 width 80.00: "just a text"
      LayoutSVGText {text} at (4599,2803) size 81x22 contains 1 chunk(s)
        LayoutSVGInlineText {#text} at (4599,2803) size 81x22
          chunk 1 text run 1 at (4600.00,2820.00) startOffset 0 endOffset 11 width 80.00: "just a text"
      LayoutSVGText {text} at (4699,2803) size 81x22 contains 1 chunk(s)
        LayoutSVGInlineText {#text} at (4699,2803) size 81x22
          chunk 1 text run 1 at (4700.00,2820.00) startOffset 0 endOffset 11 width 80.00: "just a text"
      LayoutSVGText {text} at (4799,2803) size 81x22 contains 1 chunk(s)
        LayoutSVGInlineText {#text} at (4799,2803) size 81x22
          chunk 1 text run 1 at (4800.00,2820.00) startOffset 0 endOffset 11 width 80.00: "just a text"
      LayoutSVGText {text} at (4899,2803) size 81x22 contains 1 chunk(s)
        LayoutSVGInlineText {#text} at (4899,2803) size 81x22
          chunk 1 text run 1 at (4900.00,2820.00) startOffset 0 endOffset 11 width 80.00: "just a text"
      LayoutSVGText {text} at (-1,2903) size 81x22 contains 1 chunk(s)
        LayoutSVGInlineText {#text} at (-1,2903) size 81x22
          chunk 1 text run 1 at (0.00,2920.00) startOffset 0 endOffset 11 width 80.00: "just a text"
      LayoutSVGText {text} at (99,2903) size 81x22 contains 1 chunk(s)
        LayoutSVGInlineText {#text} at (99,2903) size 81x22
          chunk 1 text run 1 at (100.00,2920.00) startOffset 0 endOffset 11 width 80.00: "just a text"
      LayoutSVGText {text} at (199,2903) size 81x22 contains 1 chunk(s)
        LayoutSVGInlineText {#text} at (199,2903) size 81x22
          chunk 1 text run 1 at (200.00,2920.00) startOffset 0 endOffset 11 width 80.00: "just a text"
      LayoutSVGText {text} at (299,2903) size 81x22 contains 1 chunk(s)
        LayoutSVGInlineText {#text} at (299,2903) size 81x22
          chunk 1 text run 1 at (300.00,2920.00) startOffset 0 endOffset 11 width 80.00: "just a text"
      LayoutSVGText {text} at (399,2903) size 81x22 contains 1 chunk(s)
        LayoutSVGInlineText {#text} at (399,2903) size 81x22
          chunk 1 text run 1 at (400.00,2920.00) startOffset 0 endOffset 11 width 80.00: "just a text"
      LayoutSVGText {text} at (499,2903) size 81x22 contains 1 chunk(s)
        LayoutSVGInlineText {#text} at (499,2903) size 81x22
          chunk 1 text run 1 at (500.00,2920.00) startOffset 0 endOffset 11 width 80.00: "just a text"
      LayoutSVGText {text} at (599,2903) size 81x22 contains 1 chunk(s)
        LayoutSVGInlineText {#text} at (599,2903) size 81x22
          chunk 1 text run 1 at (600.00,2920.00) startOffset 0 endOffset 11 width 80.00: "just a text"
      LayoutSVGText {text} at (699,2903) size 81x22 contains 1 chunk(s)
        LayoutSVGInlineText {#text} at (699,2903) size 81x22
          chunk 1 text run 1 at (700.00,2920.00) startOffset 0 endOffset 11 width 80.00: "just a text"
      LayoutSVGText {text} at (799,2903) size 81x22 contains 1 chunk(s)
        LayoutSVGInlineText {#text} at (799,2903) size 81x22
          chunk 1 text run 1 at (800.00,2920.00) startOffset 0 endOffset 11 width 80.00: "just a text"
      LayoutSVGText {text} at (899,2903) size 81x22 contains 1 chunk(s)
        LayoutSVGInlineText {#text} at (899,2903) size 81x22
          chunk 1 text run 1 at (900.00,2920.00) startOffset 0 endOffset 11 width 80.00: "just a text"
      LayoutSVGText {text} at (999,2903) size 81x22 contains 1 chunk(s)
        LayoutSVGInlineText {#text} at (999,2903) size 81x22
          chunk 1 text run 1 at (1000.00,2920.00) startOffset 0 endOffset 11 width 80.00: "just a text"
      LayoutSVGText {text} at (1099,2903) size 81x22 contains 1 chunk(s)
        LayoutSVGInlineText {#text} at (1099,2903) size 81x22
          chunk 1 text run 1 at (1100.00,2920.00) startOffset 0 endOffset 11 width 80.00: "just a text"
      LayoutSVGText {text} at (1199,2903) size 81x22 contains 1 chunk(s)
        LayoutSVGInlineText {#text} at (1199,2903) size 81x22
          chunk 1 text run 1 at (1200.00,2920.00) startOffset 0 endOffset 11 width 80.00: "just a text"
      LayoutSVGText {text} at (1299,2903) size 81x22 contains 1 chunk(s)
        LayoutSVGInlineText {#text} at (1299,2903) size 81x22
          chunk 1 text run 1 at (1300.00,2920.00) startOffset 0 endOffset 11 width 80.00: "just a text"
      LayoutSVGText {text} at (1399,2903) size 81x22 contains 1 chunk(s)
        LayoutSVGInlineText {#text} at (1399,2903) size 81x22
          chunk 1 text run 1 at (1400.00,2920.00) startOffset 0 endOffset 11 width 80.00: "just a text"
      LayoutSVGText {text} at (1499,2903) size 81x22 contains 1 chunk(s)
        LayoutSVGInlineText {#text} at (1499,2903) size 81x22
          chunk 1 text run 1 at (1500.00,2920.00) startOffset 0 endOffset 11 width 80.00: "just a text"
      LayoutSVGText {text} at (1599,2903) size 81x22 contains 1 chunk(s)
        LayoutSVGInlineText {#text} at (1599,2903) size 81x22
          chunk 1 text run 1 at (1600.00,2920.00) startOffset 0 endOffset 11 width 80.00: "just a text"
      LayoutSVGText {text} at (1699,2903) size 81x22 contains 1 chunk(s)
        LayoutSVGInlineText {#text} at (1699,2903) size 81x22
          chunk 1 text run 1 at (1700.00,2920.00) startOffset 0 endOffset 11 width 80.00: "just a text"
      LayoutSVGText {text} at (1799,2903) size 81x22 contains 1 chunk(s)
        LayoutSVGInlineText {#text} at (1799,2903) size 81x22
          chunk 1 text run 1 at (1800.00,2920.00) startOffset 0 endOffset 11 width 80.00: "just a text"
      LayoutSVGText {text} at (1899,2903) size 81x22 contains 1 chunk(s)
        LayoutSVGInlineText {#text} at (1899,2903) size 81x22
          chunk 1 text run 1 at (1900.00,2920.00) startOffset 0 endOffset 11 width 80.00: "just a text"
      LayoutSVGText {text} at (1999,2903) size 81x22 contains 1 chunk(s)
        LayoutSVGInlineText {#text} at (1999,2903) size 81x22
          chunk 1 text run 1 at (2000.00,2920.00) startOffset 0 endOffset 11 width 80.00: "just a text"
      LayoutSVGText {text} at (2099,2903) size 81x22 contains 1 chunk(s)
        LayoutSVGInlineText {#text} at (2099,2903) size 81x22
          chunk 1 text run 1 at (2100.00,2920.00) startOffset 0 endOffset 11 width 80.00: "just a text"
      LayoutSVGText {text} at (2199,2903) size 81x22 contains 1 chunk(s)
        LayoutSVGInlineText {#text} at (2199,2903) size 81x22
          chunk 1 text run 1 at (2200.00,2920.00) startOffset 0 endOffset 11 width 80.00: "just a text"
      LayoutSVGText {text} at (2299,2903) size 81x22 contains 1 chunk(s)
        LayoutSVGInlineText {#text} at (2299,2903) size 81x22
          chunk 1 text run 1 at (2300.00,2920.00) startOffset 0 endOffset 11 width 80.00: "just a text"
      LayoutSVGText {text} at (2399,2903) size 81x22 contains 1 chunk(s)
        LayoutSVGInlineText {#text} at (2399,2903) size 81x22
          chunk 1 text run 1 at (2400.00,2920.00) startOffset 0 endOffset 11 width 80.00: "just a text"
      LayoutSVGText {text} at (2499,2903) size 81x22 contains 1 chunk(s)
        LayoutSVGInlineText {#text} at (2499,2903) size 81x22
          chunk 1 text run 1 at (2500.00,2920.00) startOffset 0 endOffset 11 width 80.00: "just a text"
      LayoutSVGText {text} at (2599,2903) size 81x22 contains 1 chunk(s)
        LayoutSVGInlineText {#text} at (2599,2903) size 81x22
          chunk 1 text run 1 at (2600.00,2920.00) startOffset 0 endOffset 11 width 80.00: "just a text"
      LayoutSVGText {text} at (2699,2903) size 81x22 contains 1 chunk(s)
        LayoutSVGInlineText {#text} at (2699,2903) size 81x22
          chunk 1 text run 1 at (2700.00,2920.00) startOffset 0 endOffset 11 width 80.00: "just a text"
      LayoutSVGText {text} at (2799,2903) size 81x22 contains 1 chunk(s)
        LayoutSVGInlineText {#text} at (2799,2903) size 81x22
          chunk 1 text run 1 at (2800.00,2920.00) startOffset 0 endOffset 11 width 80.00: "just a text"
      LayoutSVGText {text} at (2899,2903) size 81x22 contains 1 chunk(s)
        LayoutSVGInlineText {#text} at (2899,2903) size 81x22
          chunk 1 text run 1 at (2900.00,2920.00) startOffset 0 endOffset 11 width 80.00: "just a text"
      LayoutSVGText {text} at (2999,2903) size 81x22 contains 1 chunk(s)
        LayoutSVGInlineText {#text} at (2999,2903) size 81x22
          chunk 1 text run 1 at (3000.00,2920.00) startOffset 0 endOffset 11 width 80.00: "just a text"
      LayoutSVGText {text} at (3099,2903) size 81x22 contains 1 chunk(s)
        LayoutSVGInlineText {#text} at (3099,2903) size 81x22
          chunk 1 text run 1 at (3100.00,2920.00) startOffset 0 endOffset 11 width 80.00: "just a text"
      LayoutSVGText {text} at (3199,2903) size 81x22 contains 1 chunk(s)
        LayoutSVGInlineText {#text} at (3199,2903) size 81x22
          chunk 1 text run 1 at (3200.00,2920.00) startOffset 0 endOffset 11 width 80.00: "just a text"
      LayoutSVGText {text} at (3299,2903) size 81x22 contains 1 chunk(s)
        LayoutSVGInlineText {#text} at (3299,2903) size 81x22
          chunk 1 text run 1 at (3300.00,2920.00) startOffset 0 endOffset 11 width 80.00: "just a text"
      LayoutSVGText {text} at (3399,2903) size 81x22 contains 1 chunk(s)
        LayoutSVGInlineText {#text} at (3399,2903) size 81x22
          chunk 1 text run 1 at (3400.00,2920.00) startOffset 0 endOffset 11 width 80.00: "just a text"
      LayoutSVGText {text} at (3499,2903) size 81x22 contains 1 chunk(s)
        LayoutSVGInlineText {#text} at (3499,2903) size 81x22
          chunk 1 text run 1 at (3500.00,2920.00) startOffset 0 endOffset 11 width 80.00: "just a text"
      LayoutSVGText {text} at (3599,2903) size 81x22 contains 1 chunk(s)
        LayoutSVGInlineText {#text} at (3599,2903) size 81x22
          chunk 1 text run 1 at (3600.00,2920.00) startOffset 0 endOffset 11 width 80.00: "just a text"
      LayoutSVGText {text} at (3699,2903) size 81x22 contains 1 chunk(s)
        LayoutSVGInlineText {#text} at (3699,2903) size 81x22
          chunk 1 text run 1 at (3700.00,2920.00) startOffset 0 endOffset 11 width 80.00: "just a text"
      LayoutSVGText {text} at (3799,2903) size 81x22 contains 1 chunk(s)
        LayoutSVGInlineText {#text} at (3799,2903) size 81x22
          chunk 1 text run 1 at (3800.00,2920.00) startOffset 0 endOffset 11 width 80.00: "just a text"
      LayoutSVGText {text} at (3899,2903) size 81x22 contains 1 chunk(s)
        LayoutSVGInlineText {#text} at (3899,2903) size 81x22
          chunk 1 text run 1 at (3900.00,2920.00) startOffset 0 endOffset 11 width 80.00: "just a text"
      LayoutSVGText {text} at (3999,2903) size 81x22 contains 1 chunk(s)
        LayoutSVGInlineText {#text} at (3999,2903) size 81x22
          chunk 1 text run 1 at (4000.00,2920.00) startOffset 0 endOffset 11 width 80.00: "just a text"
      LayoutSVGText {text} at (4099,2903) size 81x22 contains 1 chunk(s)
        LayoutSVGInlineText {#text} at (4099,2903) size 81x22
          chunk 1 text run 1 at (4100.00,2920.00) startOffset 0 endOffset 11 width 80.00: "just a text"
      LayoutSVGText {text} at (4199,2903) size 81x22 contains 1 chunk(s)
        LayoutSVGInlineText {#text} at (4199,2903) size 81x22
          chunk 1 text run 1 at (4200.00,2920.00) startOffset 0 endOffset 11 width 80.00: "just a text"
      LayoutSVGText {text} at (4299,2903) size 81x22 contains 1 chunk(s)
        LayoutSVGInlineText {#text} at (4299,2903) size 81x22
          chunk 1 text run 1 at (4300.00,2920.00) startOffset 0 endOffset 11 width 80.00: "just a text"
      LayoutSVGText {text} at (4399,2903) size 81x22 contains 1 chunk(s)
        LayoutSVGInlineText {#text} at (4399,2903) size 81x22
          chunk 1 text run 1 at (4400.00,2920.00) startOffset 0 endOffset 11 width 80.00: "just a text"
      LayoutSVGText {text} at (4499,2903) size 81x22 contains 1 chunk(s)
        LayoutSVGInlineText {#text} at (4499,2903) size 81x22
          chunk 1 text run 1 at (4500.00,2920.00) startOffset 0 endOffset 11 width 80.00: "just a text"
      LayoutSVGText {text} at (4599,2903) size 81x22 contains 1 chunk(s)
        LayoutSVGInlineText {#text} at (4599,2903) size 81x22
          chunk 1 text run 1 at (4600.00,2920.00) startOffset 0 endOffset 11 width 80.00: "just a text"
      LayoutSVGText {text} at (4699,2903) size 81x22 contains 1 chunk(s)
        LayoutSVGInlineText {#text} at (4699,2903) size 81x22
          chunk 1 text run 1 at (4700.00,2920.00) startOffset 0 endOffset 11 width 80.00: "just a text"
      LayoutSVGText {text} at (4799,2903) size 81x22 contains 1 chunk(s)
        LayoutSVGInlineText {#text} at (4799,2903) size 81x22
          chunk 1 text run 1 at (4800.00,2920.00) startOffset 0 endOffset 11 width 80.00: "just a text"
      LayoutSVGText {text} at (4899,2903) size 81x22 contains 1 chunk(s)
        LayoutSVGInlineText {#text} at (4899,2903) size 81x22
          chunk 1 text run 1 at (4900.00,2920.00) startOffset 0 endOffset 11 width 80.00: "just a text"
      LayoutSVGText {text} at (-1,3003) size 81x22 contains 1 chunk(s)
        LayoutSVGInlineText {#text} at (-1,3003) size 81x22
          chunk 1 text run 1 at (0.00,3020.00) startOffset 0 endOffset 11 width 80.00: "just a text"
      LayoutSVGText {text} at (99,3003) size 81x22 contains 1 chunk(s)
        LayoutSVGInlineText {#text} at (99,3003) size 81x22
          chunk 1 text run 1 at (100.00,3020.00) startOffset 0 endOffset 11 width 80.00: "just a text"
      LayoutSVGText {text} at (199,3003) size 81x22 contains 1 chunk(s)
        LayoutSVGInlineText {#text} at (199,3003) size 81x22
          chunk 1 text run 1 at (200.00,3020.00) startOffset 0 endOffset 11 width 80.00: "just a text"
      LayoutSVGText {text} at (299,3003) size 81x22 contains 1 chunk(s)
        LayoutSVGInlineText {#text} at (299,3003) size 81x22
          chunk 1 text run 1 at (300.00,3020.00) startOffset 0 endOffset 11 width 80.00: "just a text"
      LayoutSVGText {text} at (399,3003) size 81x22 contains 1 chunk(s)
        LayoutSVGInlineText {#text} at (399,3003) size 81x22
          chunk 1 text run 1 at (400.00,3020.00) startOffset 0 endOffset 11 width 80.00: "just a text"
      LayoutSVGText {text} at (499,3003) size 81x22 contains 1 chunk(s)
        LayoutSVGInlineText {#text} at (499,3003) size 81x22
          chunk 1 text run 1 at (500.00,3020.00) startOffset 0 endOffset 11 width 80.00: "just a text"
      LayoutSVGText {text} at (599,3003) size 81x22 contains 1 chunk(s)
        LayoutSVGInlineText {#text} at (599,3003) size 81x22
          chunk 1 text run 1 at (600.00,3020.00) startOffset 0 endOffset 11 width 80.00: "just a text"
      LayoutSVGText {text} at (699,3003) size 81x22 contains 1 chunk(s)
        LayoutSVGInlineText {#text} at (699,3003) size 81x22
          chunk 1 text run 1 at (700.00,3020.00) startOffset 0 endOffset 11 width 80.00: "just a text"
      LayoutSVGText {text} at (799,3003) size 81x22 contains 1 chunk(s)
        LayoutSVGInlineText {#text} at (799,3003) size 81x22
          chunk 1 text run 1 at (800.00,3020.00) startOffset 0 endOffset 11 width 80.00: "just a text"
      LayoutSVGText {text} at (899,3003) size 81x22 contains 1 chunk(s)
        LayoutSVGInlineText {#text} at (899,3003) size 81x22
          chunk 1 text run 1 at (900.00,3020.00) startOffset 0 endOffset 11 width 80.00: "just a text"
      LayoutSVGText {text} at (999,3003) size 81x22 contains 1 chunk(s)
        LayoutSVGInlineText {#text} at (999,3003) size 81x22
          chunk 1 text run 1 at (1000.00,3020.00) startOffset 0 endOffset 11 width 80.00: "just a text"
      LayoutSVGText {text} at (1099,3003) size 81x22 contains 1 chunk(s)
        LayoutSVGInlineText {#text} at (1099,3003) size 81x22
          chunk 1 text run 1 at (1100.00,3020.00) startOffset 0 endOffset 11 width 80.00: "just a text"
      LayoutSVGText {text} at (1199,3003) size 81x22 contains 1 chunk(s)
        LayoutSVGInlineText {#text} at (1199,3003) size 81x22
          chunk 1 text run 1 at (1200.00,3020.00) startOffset 0 endOffset 11 width 80.00: "just a text"
      LayoutSVGText {text} at (1299,3003) size 81x22 contains 1 chunk(s)
        LayoutSVGInlineText {#text} at (1299,3003) size 81x22
          chunk 1 text run 1 at (1300.00,3020.00) startOffset 0 endOffset 11 width 80.00: "just a text"
      LayoutSVGText {text} at (1399,3003) size 81x22 contains 1 chunk(s)
        LayoutSVGInlineText {#text} at (1399,3003) size 81x22
          chunk 1 text run 1 at (1400.00,3020.00) startOffset 0 endOffset 11 width 80.00: "just a text"
      LayoutSVGText {text} at (1499,3003) size 81x22 contains 1 chunk(s)
        LayoutSVGInlineText {#text} at (1499,3003) size 81x22
          chunk 1 text run 1 at (1500.00,3020.00) startOffset 0 endOffset 11 width 80.00: "just a text"
      LayoutSVGText {text} at (1599,3003) size 81x22 contains 1 chunk(s)
        LayoutSVGInlineText {#text} at (1599,3003) size 81x22
          chunk 1 text run 1 at (1600.00,3020.00) startOffset 0 endOffset 11 width 80.00: "just a text"
      LayoutSVGText {text} at (1699,3003) size 81x22 contains 1 chunk(s)
        LayoutSVGInlineText {#text} at (1699,3003) size 81x22
          chunk 1 text run 1 at (1700.00,3020.00) startOffset 0 endOffset 11 width 80.00: "just a text"
      LayoutSVGText {text} at (1799,3003) size 81x22 contains 1 chunk(s)
        LayoutSVGInlineText {#text} at (1799,3003) size 81x22
          chunk 1 text run 1 at (1800.00,3020.00) startOffset 0 endOffset 11 width 80.00: "just a text"
      LayoutSVGText {text} at (1899,3003) size 81x22 contains 1 chunk(s)
        LayoutSVGInlineText {#text} at (1899,3003) size 81x22
          chunk 1 text run 1 at (1900.00,3020.00) startOffset 0 endOffset 11 width 80.00: "just a text"
      LayoutSVGText {text} at (1999,3003) size 81x22 contains 1 chunk(s)
        LayoutSVGInlineText {#text} at (1999,3003) size 81x22
          chunk 1 text run 1 at (2000.00,3020.00) startOffset 0 endOffset 11 width 80.00: "just a text"
      LayoutSVGText {text} at (2099,3003) size 81x22 contains 1 chunk(s)
        LayoutSVGInlineText {#text} at (2099,3003) size 81x22
          chunk 1 text run 1 at (2100.00,3020.00) startOffset 0 endOffset 11 width 80.00: "just a text"
      LayoutSVGText {text} at (2199,3003) size 81x22 contains 1 chunk(s)
        LayoutSVGInlineText {#text} at (2199,3003) size 81x22
          chunk 1 text run 1 at (2200.00,3020.00) startOffset 0 endOffset 11 width 80.00: "just a text"
      LayoutSVGText {text} at (2299,3003) size 81x22 contains 1 chunk(s)
        LayoutSVGInlineText {#text} at (2299,3003) size 81x22
          chunk 1 text run 1 at (2300.00,3020.00) startOffset 0 endOffset 11 width 80.00: "just a text"
      LayoutSVGText {text} at (2399,3003) size 81x22 contains 1 chunk(s)
        LayoutSVGInlineText {#text} at (2399,3003) size 81x22
          chunk 1 text run 1 at (2400.00,3020.00) startOffset 0 endOffset 11 width 80.00: "just a text"
      LayoutSVGText {text} at (2499,3003) size 81x22 contains 1 chunk(s)
        LayoutSVGInlineText {#text} at (2499,3003) size 81x22
          chunk 1 text run 1 at (2500.00,3020.00) startOffset 0 endOffset 11 width 80.00: "just a text"
      LayoutSVGText {text} at (2599,3003) size 81x22 contains 1 chunk(s)
        LayoutSVGInlineText {#text} at (2599,3003) size 81x22
          chunk 1 text run 1 at (2600.00,3020.00) startOffset 0 endOffset 11 width 80.00: "just a text"
      LayoutSVGText {text} at (2699,3003) size 81x22 contains 1 chunk(s)
        LayoutSVGInlineText {#text} at (2699,3003) size 81x22
          chunk 1 text run 1 at (2700.00,3020.00) startOffset 0 endOffset 11 width 80.00: "just a text"
      LayoutSVGText {text} at (2799,3003) size 81x22 contains 1 chunk(s)
        LayoutSVGInlineText {#text} at (2799,3003) size 81x22
          chunk 1 text run 1 at (2800.00,3020.00) startOffset 0 endOffset 11 width 80.00: "just a text"
      LayoutSVGText {text} at (2899,3003) size 81x22 contains 1 chunk(s)
        LayoutSVGInlineText {#text} at (2899,3003) size 81x22
          chunk 1 text run 1 at (2900.00,3020.00) startOffset 0 endOffset 11 width 80.00: "just a text"
      LayoutSVGText {text} at (2999,3003) size 81x22 contains 1 chunk(s)
        LayoutSVGInlineText {#text} at (2999,3003) size 81x22
          chunk 1 text run 1 at (3000.00,3020.00) startOffset 0 endOffset 11 width 80.00: "just a text"
      LayoutSVGText {text} at (3099,3003) size 81x22 contains 1 chunk(s)
        LayoutSVGInlineText {#text} at (3099,3003) size 81x22
          chunk 1 text run 1 at (3100.00,3020.00) startOffset 0 endOffset 11 width 80.00: "just a text"
      LayoutSVGText {text} at (3199,3003) size 81x22 contains 1 chunk(s)
        LayoutSVGInlineText {#text} at (3199,3003) size 81x22
          chunk 1 text run 1 at (3200.00,3020.00) startOffset 0 endOffset 11 width 80.00: "just a text"
      LayoutSVGText {text} at (3299,3003) size 81x22 contains 1 chunk(s)
        LayoutSVGInlineText {#text} at (3299,3003) size 81x22
          chunk 1 text run 1 at (3300.00,3020.00) startOffset 0 endOffset 11 width 80.00: "just a text"
      LayoutSVGText {text} at (3399,3003) size 81x22 contains 1 chunk(s)
        LayoutSVGInlineText {#text} at (3399,3003) size 81x22
          chunk 1 text run 1 at (3400.00,3020.00) startOffset 0 endOffset 11 width 80.00: "just a text"
      LayoutSVGText {text} at (3499,3003) size 81x22 contains 1 chunk(s)
        LayoutSVGInlineText {#text} at (3499,3003) size 81x22
          chunk 1 text run 1 at (3500.00,3020.00) startOffset 0 endOffset 11 width 80.00: "just a text"
      LayoutSVGText {text} at (3599,3003) size 81x22 contains 1 chunk(s)
        LayoutSVGInlineText {#text} at (3599,3003) size 81x22
          chunk 1 text run 1 at (3600.00,3020.00) startOffset 0 endOffset 11 width 80.00: "just a text"
      LayoutSVGText {text} at (3699,3003) size 81x22 contains 1 chunk(s)
        LayoutSVGInlineText {#text} at (3699,3003) size 81x22
          chunk 1 text run 1 at (3700.00,3020.00) startOffset 0 endOffset 11 width 80.00: "just a text"
      LayoutSVGText {text} at (3799,3003) size 81x22 contains 1 chunk(s)
        LayoutSVGInlineText {#text} at (3799,3003) size 81x22
          chunk 1 text run 1 at (3800.00,3020.00) startOffset 0 endOffset 11 width 80.00: "just a text"
      LayoutSVGText {text} at (3899,3003) size 81x22 contains 1 chunk(s)
        LayoutSVGInlineText {#text} at (3899,3003) size 81x22
          chunk 1 text run 1 at (3900.00,3020.00) startOffset 0 endOffset 11 width 80.00: "just a text"
      LayoutSVGText {text} at (3999,3003) size 81x22 contains 1 chunk(s)
        LayoutSVGInlineText {#text} at (3999,3003) size 81x22
          chunk 1 text run 1 at (4000.00,3020.00) startOffset 0 endOffset 11 width 80.00: "just a text"
      LayoutSVGText {text} at (4099,3003) size 81x22 contains 1 chunk(s)
        LayoutSVGInlineText {#text} at (4099,3003) size 81x22
          chunk 1 text run 1 at (4100.00,3020.00) startOffset 0 endOffset 11 width 80.00: "just a text"
      LayoutSVGText {text} at (4199,3003) size 81x22 contains 1 chunk(s)
        LayoutSVGInlineText {#text} at (4199,3003) size 81x22
          chunk 1 text run 1 at (4200.00,3020.00) startOffset 0 endOffset 11 width 80.00: "just a text"
      LayoutSVGText {text} at (4299,3003) size 81x22 contains 1 chunk(s)
        LayoutSVGInlineText {#text} at (4299,3003) size 81x22
          chunk 1 text run 1 at (4300.00,3020.00) startOffset 0 endOffset 11 width 80.00: "just a text"
      LayoutSVGText {text} at (4399,3003) size 81x22 contains 1 chunk(s)
        LayoutSVGInlineText {#text} at (4399,3003) size 81x22
          chunk 1 text run 1 at (4400.00,3020.00) startOffset 0 endOffset 11 width 80.00: "just a text"
      LayoutSVGText {text} at (4499,3003) size 81x22 contains 1 chunk(s)
        LayoutSVGInlineText {#text} at (4499,3003) size 81x22
          chunk 1 text run 1 at (4500.00,3020.00) startOffset 0 endOffset 11 width 80.00: "just a text"
      LayoutSVGText {text} at (4599,3003) size 81x22 contains 1 chunk(s)
        LayoutSVGInlineText {#text} at (4599,3003) size 81x22
          chunk 1 text run 1 at (4600.00,3020.00) startOffset 0 endOffset 11 width 80.00: "just a text"
      LayoutSVGText {text} at (4699,3003) size 81x22 contains 1 chunk(s)
        LayoutSVGInlineText {#text} at (4699,3003) size 81x22
          chunk 1 text run 1 at (4700.00,3020.00) startOffset 0 endOffset 11 width 80.00: "just a text"
      LayoutSVGText {text} at (4799,3003) size 81x22 contains 1 chunk(s)
        LayoutSVGInlineText {#text} at (4799,3003) size 81x22
          chunk 1 text run 1 at (4800.00,3020.00) startOffset 0 endOffset 11 width 80.00: "just a text"
      LayoutSVGText {text} at (4899,3003) size 81x22 contains 1 chunk(s)
        LayoutSVGInlineText {#text} at (4899,3003) size 81x22
          chunk 1 text run 1 at (4900.00,3020.00) startOffset 0 endOffset 11 width 80.00: "just a text"
      LayoutSVGText {text} at (-1,3103) size 81x22 contains 1 chunk(s)
        LayoutSVGInlineText {#text} at (-1,3103) size 81x22
          chunk 1 text run 1 at (0.00,3120.00) startOffset 0 endOffset 11 width 80.00: "just a text"
      LayoutSVGText {text} at (99,3103) size 81x22 contains 1 chunk(s)
        LayoutSVGInlineText {#text} at (99,3103) size 81x22
          chunk 1 text run 1 at (100.00,3120.00) startOffset 0 endOffset 11 width 80.00: "just a text"
      LayoutSVGText {text} at (199,3103) size 81x22 contains 1 chunk(s)
        LayoutSVGInlineText {#text} at (199,3103) size 81x22
          chunk 1 text run 1 at (200.00,3120.00) startOffset 0 endOffset 11 width 80.00: "just a text"
      LayoutSVGText {text} at (299,3103) size 81x22 contains 1 chunk(s)
        LayoutSVGInlineText {#text} at (299,3103) size 81x22
          chunk 1 text run 1 at (300.00,3120.00) startOffset 0 endOffset 11 width 80.00: "just a text"
      LayoutSVGText {text} at (399,3103) size 81x22 contains 1 chunk(s)
        LayoutSVGInlineText {#text} at (399,3103) size 81x22
          chunk 1 text run 1 at (400.00,3120.00) startOffset 0 endOffset 11 width 80.00: "just a text"
      LayoutSVGText {text} at (499,3103) size 81x22 contains 1 chunk(s)
        LayoutSVGInlineText {#text} at (499,3103) size 81x22
          chunk 1 text run 1 at (500.00,3120.00) startOffset 0 endOffset 11 width 80.00: "just a text"
      LayoutSVGText {text} at (599,3103) size 81x22 contains 1 chunk(s)
        LayoutSVGInlineText {#text} at (599,3103) size 81x22
          chunk 1 text run 1 at (600.00,3120.00) startOffset 0 endOffset 11 width 80.00: "just a text"
      LayoutSVGText {text} at (699,3103) size 81x22 contains 1 chunk(s)
        LayoutSVGInlineText {#text} at (699,3103) size 81x22
          chunk 1 text run 1 at (700.00,3120.00) startOffset 0 endOffset 11 width 80.00: "just a text"
      LayoutSVGText {text} at (799,3103) size 81x22 contains 1 chunk(s)
        LayoutSVGInlineText {#text} at (799,3103) size 81x22
          chunk 1 text run 1 at (800.00,3120.00) startOffset 0 endOffset 11 width 80.00: "just a text"
      LayoutSVGText {text} at (899,3103) size 81x22 contains 1 chunk(s)
        LayoutSVGInlineText {#text} at (899,3103) size 81x22
          chunk 1 text run 1 at (900.00,3120.00) startOffset 0 endOffset 11 width 80.00: "just a text"
      LayoutSVGText {text} at (999,3103) size 81x22 contains 1 chunk(s)
        LayoutSVGInlineText {#text} at (999,3103) size 81x22
          chunk 1 text run 1 at (1000.00,3120.00) startOffset 0 endOffset 11 width 80.00: "just a text"
      LayoutSVGText {text} at (1099,3103) size 81x22 contains 1 chunk(s)
        LayoutSVGInlineText {#text} at (1099,3103) size 81x22
          chunk 1 text run 1 at (1100.00,3120.00) startOffset 0 endOffset 11 width 80.00: "just a text"
      LayoutSVGText {text} at (1199,3103) size 81x22 contains 1 chunk(s)
        LayoutSVGInlineText {#text} at (1199,3103) size 81x22
          chunk 1 text run 1 at (1200.00,3120.00) startOffset 0 endOffset 11 width 80.00: "just a text"
      LayoutSVGText {text} at (1299,3103) size 81x22 contains 1 chunk(s)
        LayoutSVGInlineText {#text} at (1299,3103) size 81x22
          chunk 1 text run 1 at (1300.00,3120.00) startOffset 0 endOffset 11 width 80.00: "just a text"
      LayoutSVGText {text} at (1399,3103) size 81x22 contains 1 chunk(s)
        LayoutSVGInlineText {#text} at (1399,3103) size 81x22
          chunk 1 text run 1 at (1400.00,3120.00) startOffset 0 endOffset 11 width 80.00: "just a text"
      LayoutSVGText {text} at (1499,3103) size 81x22 contains 1 chunk(s)
        LayoutSVGInlineText {#text} at (1499,3103) size 81x22
          chunk 1 text run 1 at (1500.00,3120.00) startOffset 0 endOffset 11 width 80.00: "just a text"
      LayoutSVGText {text} at (1599,3103) size 81x22 contains 1 chunk(s)
        LayoutSVGInlineText {#text} at (1599,3103) size 81x22
          chunk 1 text run 1 at (1600.00,3120.00) startOffset 0 endOffset 11 width 80.00: "just a text"
      LayoutSVGText {text} at (1699,3103) size 81x22 contains 1 chunk(s)
        LayoutSVGInlineText {#text} at (1699,3103) size 81x22
          chunk 1 text run 1 at (1700.00,3120.00) startOffset 0 endOffset 11 width 80.00: "just a text"
      LayoutSVGText {text} at (1799,3103) size 81x22 contains 1 chunk(s)
        LayoutSVGInlineText {#text} at (1799,3103) size 81x22
          chunk 1 text run 1 at (1800.00,3120.00) startOffset 0 endOffset 11 width 80.00: "just a text"
      LayoutSVGText {text} at (1899,3103) size 81x22 contains 1 chunk(s)
        LayoutSVGInlineText {#text} at (1899,3103) size 81x22
          chunk 1 text run 1 at (1900.00,3120.00) startOffset 0 endOffset 11 width 80.00: "just a text"
      LayoutSVGText {text} at (1999,3103) size 81x22 contains 1 chunk(s)
        LayoutSVGInlineText {#text} at (1999,3103) size 81x22
          chunk 1 text run 1 at (2000.00,3120.00) startOffset 0 endOffset 11 width 80.00: "just a text"
      LayoutSVGText {text} at (2099,3103) size 81x22 contains 1 chunk(s)
        LayoutSVGInlineText {#text} at (2099,3103) size 81x22
          chunk 1 text run 1 at (2100.00,3120.00) startOffset 0 endOffset 11 width 80.00: "just a text"
      LayoutSVGText {text} at (2199,3103) size 81x22 contains 1 chunk(s)
        LayoutSVGInlineText {#text} at (2199,3103) size 81x22
          chunk 1 text run 1 at (2200.00,3120.00) startOffset 0 endOffset 11 width 80.00: "just a text"
      LayoutSVGText {text} at (2299,3103) size 81x22 contains 1 chunk(s)
        LayoutSVGInlineText {#text} at (2299,3103) size 81x22
          chunk 1 text run 1 at (2300.00,3120.00) startOffset 0 endOffset 11 width 80.00: "just a text"
      LayoutSVGText {text} at (2399,3103) size 81x22 contains 1 chunk(s)
        LayoutSVGInlineText {#text} at (2399,3103) size 81x22
          chunk 1 text run 1 at (2400.00,3120.00) startOffset 0 endOffset 11 width 80.00: "just a text"
      LayoutSVGText {text} at (2499,3103) size 81x22 contains 1 chunk(s)
        LayoutSVGInlineText {#text} at (2499,3103) size 81x22
          chunk 1 text run 1 at (2500.00,3120.00) startOffset 0 endOffset 11 width 80.00: "just a text"
      LayoutSVGText {text} at (2599,3103) size 81x22 contains 1 chunk(s)
        LayoutSVGInlineText {#text} at (2599,3103) size 81x22
          chunk 1 text run 1 at (2600.00,3120.00) startOffset 0 endOffset 11 width 80.00: "just a text"
      LayoutSVGText {text} at (2699,3103) size 81x22 contains 1 chunk(s)
        LayoutSVGInlineText {#text} at (2699,3103) size 81x22
          chunk 1 text run 1 at (2700.00,3120.00) startOffset 0 endOffset 11 width 80.00: "just a text"
      LayoutSVGText {text} at (2799,3103) size 81x22 contains 1 chunk(s)
        LayoutSVGInlineText {#text} at (2799,3103) size 81x22
          chunk 1 text run 1 at (2800.00,3120.00) startOffset 0 endOffset 11 width 80.00: "just a text"
      LayoutSVGText {text} at (2899,3103) size 81x22 contains 1 chunk(s)
        LayoutSVGInlineText {#text} at (2899,3103) size 81x22
          chunk 1 text run 1 at (2900.00,3120.00) startOffset 0 endOffset 11 width 80.00: "just a text"
      LayoutSVGText {text} at (2999,3103) size 81x22 contains 1 chunk(s)
        LayoutSVGInlineText {#text} at (2999,3103) size 81x22
          chunk 1 text run 1 at (3000.00,3120.00) startOffset 0 endOffset 11 width 80.00: "just a text"
      LayoutSVGText {text} at (3099,3103) size 81x22 contains 1 chunk(s)
        LayoutSVGInlineText {#text} at (3099,3103) size 81x22
          chunk 1 text run 1 at (3100.00,3120.00) startOffset 0 endOffset 11 width 80.00: "just a text"
      LayoutSVGText {text} at (3199,3103) size 81x22 contains 1 chunk(s)
        LayoutSVGInlineText {#text} at (3199,3103) size 81x22
          chunk 1 text run 1 at (3200.00,3120.00) startOffset 0 endOffset 11 width 80.00: "just a text"
      LayoutSVGText {text} at (3299,3103) size 81x22 contains 1 chunk(s)
        LayoutSVGInlineText {#text} at (3299,3103) size 81x22
          chunk 1 text run 1 at (3300.00,3120.00) startOffset 0 endOffset 11 width 80.00: "just a text"
      LayoutSVGText {text} at (3399,3103) size 81x22 contains 1 chunk(s)
        LayoutSVGInlineText {#text} at (3399,3103) size 81x22
          chunk 1 text run 1 at (3400.00,3120.00) startOffset 0 endOffset 11 width 80.00: "just a text"
      LayoutSVGText {text} at (3499,3103) size 81x22 contains 1 chunk(s)
        LayoutSVGInlineText {#text} at (3499,3103) size 81x22
          chunk 1 text run 1 at (3500.00,3120.00) startOffset 0 endOffset 11 width 80.00: "just a text"
      LayoutSVGText {text} at (3599,3103) size 81x22 contains 1 chunk(s)
        LayoutSVGInlineText {#text} at (3599,3103) size 81x22
          chunk 1 text run 1 at (3600.00,3120.00) startOffset 0 endOffset 11 width 80.00: "just a text"
      LayoutSVGText {text} at (3699,3103) size 81x22 contains 1 chunk(s)
        LayoutSVGInlineText {#text} at (3699,3103) size 81x22
          chunk 1 text run 1 at (3700.00,3120.00) startOffset 0 endOffset 11 width 80.00: "just a text"
      LayoutSVGText {text} at (3799,3103) size 81x22 contains 1 chunk(s)
        LayoutSVGInlineText {#text} at (3799,3103) size 81x22
          chunk 1 text run 1 at (3800.00,3120.00) startOffset 0 endOffset 11 width 80.00: "just a text"
      LayoutSVGText {text} at (3899,3103) size 81x22 contains 1 chunk(s)
        LayoutSVGInlineText {#text} at (3899,3103) size 81x22
          chunk 1 text run 1 at (3900.00,3120.00) startOffset 0 endOffset 11 width 80.00: "just a text"
      LayoutSVGText {text} at (3999,3103) size 81x22 contains 1 chunk(s)
        LayoutSVGInlineText {#text} at (3999,3103) size 81x22
          chunk 1 text run 1 at (4000.00,3120.00) startOffset 0 endOffset 11 width 80.00: "just a text"
      LayoutSVGText {text} at (4099,3103) size 81x22 contains 1 chunk(s)
        LayoutSVGInlineText {#text} at (4099,3103) size 81x22
          chunk 1 text run 1 at (4100.00,3120.00) startOffset 0 endOffset 11 width 80.00: "just a text"
      LayoutSVGText {text} at (4199,3103) size 81x22 contains 1 chunk(s)
        LayoutSVGInlineText {#text} at (4199,3103) size 81x22
          chunk 1 text run 1 at (4200.00,3120.00) startOffset 0 endOffset 11 width 80.00: "just a text"
      LayoutSVGText {text} at (4299,3103) size 81x22 contains 1 chunk(s)
        LayoutSVGInlineText {#text} at (4299,3103) size 81x22
          chunk 1 text run 1 at (4300.00,3120.00) startOffset 0 endOffset 11 width 80.00: "just a text"
      LayoutSVGText {text} at (4399,3103) size 81x22 contains 1 chunk(s)
        LayoutSVGInlineText {#text} at (4399,3103) size 81x22
          chunk 1 text run 1 at (4400.00,3120.00) startOffset 0 endOffset 11 width 80.00: "just a text"
      LayoutSVGText {text} at (4499,3103) size 81x22 contains 1 chunk(s)
        LayoutSVGInlineText {#text} at (4499,3103) size 81x22
          chunk 1 text run 1 at (4500.00,3120.00) startOffset 0 endOffset 11 width 80.00: "just a text"
      LayoutSVGText {text} at (4599,3103) size 81x22 contains 1 chunk(s)
        LayoutSVGInlineText {#text} at (4599,3103) size 81x22
          chunk 1 text run 1 at (4600.00,3120.00) startOffset 0 endOffset 11 width 80.00: "just a text"
      LayoutSVGText {text} at (4699,3103) size 81x22 contains 1 chunk(s)
        LayoutSVGInlineText {#text} at (4699,3103) size 81x22
          chunk 1 text run 1 at (4700.00,3120.00) startOffset 0 endOffset 11 width 80.00: "just a text"
      LayoutSVGText {text} at (4799,3103) size 81x22 contains 1 chunk(s)
        LayoutSVGInlineText {#text} at (4799,3103) size 81x22
          chunk 1 text run 1 at (4800.00,3120.00) startOffset 0 endOffset 11 width 80.00: "just a text"
      LayoutSVGText {text} at (4899,3103) size 81x22 contains 1 chunk(s)
        LayoutSVGInlineText {#text} at (4899,3103) size 81x22
          chunk 1 text run 1 at (4900.00,3120.00) startOffset 0 endOffset 11 width 80.00: "just a text"
      LayoutSVGText {text} at (-1,3203) size 81x22 contains 1 chunk(s)
        LayoutSVGInlineText {#text} at (-1,3203) size 81x22
          chunk 1 text run 1 at (0.00,3220.00) startOffset 0 endOffset 11 width 80.00: "just a text"
      LayoutSVGText {text} at (99,3203) size 81x22 contains 1 chunk(s)
        LayoutSVGInlineText {#text} at (99,3203) size 81x22
          chunk 1 text run 1 at (100.00,3220.00) startOffset 0 endOffset 11 width 80.00: "just a text"
      LayoutSVGText {text} at (199,3203) size 81x22 contains 1 chunk(s)
        LayoutSVGInlineText {#text} at (199,3203) size 81x22
          chunk 1 text run 1 at (200.00,3220.00) startOffset 0 endOffset 11 width 80.00: "just a text"
      LayoutSVGText {text} at (299,3203) size 81x22 contains 1 chunk(s)
        LayoutSVGInlineText {#text} at (299,3203) size 81x22
          chunk 1 text run 1 at (300.00,3220.00) startOffset 0 endOffset 11 width 80.00: "just a text"
      LayoutSVGText {text} at (399,3203) size 81x22 contains 1 chunk(s)
        LayoutSVGInlineText {#text} at (399,3203) size 81x22
          chunk 1 text run 1 at (400.00,3220.00) startOffset 0 endOffset 11 width 80.00: "just a text"
      LayoutSVGText {text} at (499,3203) size 81x22 contains 1 chunk(s)
        LayoutSVGInlineText {#text} at (499,3203) size 81x22
          chunk 1 text run 1 at (500.00,3220.00) startOffset 0 endOffset 11 width 80.00: "just a text"
      LayoutSVGText {text} at (599,3203) size 81x22 contains 1 chunk(s)
        LayoutSVGInlineText {#text} at (599,3203) size 81x22
          chunk 1 text run 1 at (600.00,3220.00) startOffset 0 endOffset 11 width 80.00: "just a text"
      LayoutSVGText {text} at (699,3203) size 81x22 contains 1 chunk(s)
        LayoutSVGInlineText {#text} at (699,3203) size 81x22
          chunk 1 text run 1 at (700.00,3220.00) startOffset 0 endOffset 11 width 80.00: "just a text"
      LayoutSVGText {text} at (799,3203) size 81x22 contains 1 chunk(s)
        LayoutSVGInlineText {#text} at (799,3203) size 81x22
          chunk 1 text run 1 at (800.00,3220.00) startOffset 0 endOffset 11 width 80.00: "just a text"
      LayoutSVGText {text} at (899,3203) size 81x22 contains 1 chunk(s)
        LayoutSVGInlineText {#text} at (899,3203) size 81x22
          chunk 1 text run 1 at (900.00,3220.00) startOffset 0 endOffset 11 width 80.00: "just a text"
      LayoutSVGText {text} at (999,3203) size 81x22 contains 1 chunk(s)
        LayoutSVGInlineText {#text} at (999,3203) size 81x22
          chunk 1 text run 1 at (1000.00,3220.00) startOffset 0 endOffset 11 width 80.00: "just a text"
      LayoutSVGText {text} at (1099,3203) size 81x22 contains 1 chunk(s)
        LayoutSVGInlineText {#text} at (1099,3203) size 81x22
          chunk 1 text run 1 at (1100.00,3220.00) startOffset 0 endOffset 11 width 80.00: "just a text"
      LayoutSVGText {text} at (1199,3203) size 81x22 contains 1 chunk(s)
        LayoutSVGInlineText {#text} at (1199,3203) size 81x22
          chunk 1 text run 1 at (1200.00,3220.00) startOffset 0 endOffset 11 width 80.00: "just a text"
      LayoutSVGText {text} at (1299,3203) size 81x22 contains 1 chunk(s)
        LayoutSVGInlineText {#text} at (1299,3203) size 81x22
          chunk 1 text run 1 at (1300.00,3220.00) startOffset 0 endOffset 11 width 80.00: "just a text"
      LayoutSVGText {text} at (1399,3203) size 81x22 contains 1 chunk(s)
        LayoutSVGInlineText {#text} at (1399,3203) size 81x22
          chunk 1 text run 1 at (1400.00,3220.00) startOffset 0 endOffset 11 width 80.00: "just a text"
      LayoutSVGText {text} at (1499,3203) size 81x22 contains 1 chunk(s)
        LayoutSVGInlineText {#text} at (1499,3203) size 81x22
          chunk 1 text run 1 at (1500.00,3220.00) startOffset 0 endOffset 11 width 80.00: "just a text"
      LayoutSVGText {text} at (1599,3203) size 81x22 contains 1 chunk(s)
        LayoutSVGInlineText {#text} at (1599,3203) size 81x22
          chunk 1 text run 1 at (1600.00,3220.00) startOffset 0 endOffset 11 width 80.00: "just a text"
      LayoutSVGText {text} at (1699,3203) size 81x22 contains 1 chunk(s)
        LayoutSVGInlineText {#text} at (1699,3203) size 81x22
          chunk 1 text run 1 at (1700.00,3220.00) startOffset 0 endOffset 11 width 80.00: "just a text"
      LayoutSVGText {text} at (1799,3203) size 81x22 contains 1 chunk(s)
        LayoutSVGInlineText {#text} at (1799,3203) size 81x22
          chunk 1 text run 1 at (1800.00,3220.00) startOffset 0 endOffset 11 width 80.00: "just a text"
      LayoutSVGText {text} at (1899,3203) size 81x22 contains 1 chunk(s)
        LayoutSVGInlineText {#text} at (1899,3203) size 81x22
          chunk 1 text run 1 at (1900.00,3220.00) startOffset 0 endOffset 11 width 80.00: "just a text"
      LayoutSVGText {text} at (1999,3203) size 81x22 contains 1 chunk(s)
        LayoutSVGInlineText {#text} at (1999,3203) size 81x22
          chunk 1 text run 1 at (2000.00,3220.00) startOffset 0 endOffset 11 width 80.00: "just a text"
      LayoutSVGText {text} at (2099,3203) size 81x22 contains 1 chunk(s)
        LayoutSVGInlineText {#text} at (2099,3203) size 81x22
          chunk 1 text run 1 at (2100.00,3220.00) startOffset 0 endOffset 11 width 80.00: "just a text"
      LayoutSVGText {text} at (2199,3203) size 81x22 contains 1 chunk(s)
        LayoutSVGInlineText {#text} at (2199,3203) size 81x22
          chunk 1 text run 1 at (2200.00,3220.00) startOffset 0 endOffset 11 width 80.00: "just a text"
      LayoutSVGText {text} at (2299,3203) size 81x22 contains 1 chunk(s)
        LayoutSVGInlineText {#text} at (2299,3203) size 81x22
          chunk 1 text run 1 at (2300.00,3220.00) startOffset 0 endOffset 11 width 80.00: "just a text"
      LayoutSVGText {text} at (2399,3203) size 81x22 contains 1 chunk(s)
        LayoutSVGInlineText {#text} at (2399,3203) size 81x22
          chunk 1 text run 1 at (2400.00,3220.00) startOffset 0 endOffset 11 width 80.00: "just a text"
      LayoutSVGText {text} at (2499,3203) size 81x22 contains 1 chunk(s)
        LayoutSVGInlineText {#text} at (2499,3203) size 81x22
          chunk 1 text run 1 at (2500.00,3220.00) startOffset 0 endOffset 11 width 80.00: "just a text"
      LayoutSVGText {text} at (2599,3203) size 81x22 contains 1 chunk(s)
        LayoutSVGInlineText {#text} at (2599,3203) size 81x22
          chunk 1 text run 1 at (2600.00,3220.00) startOffset 0 endOffset 11 width 80.00: "just a text"
      LayoutSVGText {text} at (2699,3203) size 81x22 contains 1 chunk(s)
        LayoutSVGInlineText {#text} at (2699,3203) size 81x22
          chunk 1 text run 1 at (2700.00,3220.00) startOffset 0 endOffset 11 width 80.00: "just a text"
      LayoutSVGText {text} at (2799,3203) size 81x22 contains 1 chunk(s)
        LayoutSVGInlineText {#text} at (2799,3203) size 81x22
          chunk 1 text run 1 at (2800.00,3220.00) startOffset 0 endOffset 11 width 80.00: "just a text"
      LayoutSVGText {text} at (2899,3203) size 81x22 contains 1 chunk(s)
        LayoutSVGInlineText {#text} at (2899,3203) size 81x22
          chunk 1 text run 1 at (2900.00,3220.00) startOffset 0 endOffset 11 width 80.00: "just a text"
      LayoutSVGText {text} at (2999,3203) size 81x22 contains 1 chunk(s)
        LayoutSVGInlineText {#text} at (2999,3203) size 81x22
          chunk 1 text run 1 at (3000.00,3220.00) startOffset 0 endOffset 11 width 80.00: "just a text"
      LayoutSVGText {text} at (3099,3203) size 81x22 contains 1 chunk(s)
        LayoutSVGInlineText {#text} at (3099,3203) size 81x22
          chunk 1 text run 1 at (3100.00,3220.00) startOffset 0 endOffset 11 width 80.00: "just a text"
      LayoutSVGText {text} at (3199,3203) size 81x22 contains 1 chunk(s)
        LayoutSVGInlineText {#text} at (3199,3203) size 81x22
          chunk 1 text run 1 at (3200.00,3220.00) startOffset 0 endOffset 11 width 80.00: "just a text"
      LayoutSVGText {text} at (3299,3203) size 81x22 contains 1 chunk(s)
        LayoutSVGInlineText {#text} at (3299,3203) size 81x22
          chunk 1 text run 1 at (3300.00,3220.00) startOffset 0 endOffset 11 width 80.00: "just a text"
      LayoutSVGText {text} at (3399,3203) size 81x22 contains 1 chunk(s)
        LayoutSVGInlineText {#text} at (3399,3203) size 81x22
          chunk 1 text run 1 at (3400.00,3220.00) startOffset 0 endOffset 11 width 80.00: "just a text"
      LayoutSVGText {text} at (3499,3203) size 81x22 contains 1 chunk(s)
        LayoutSVGInlineText {#text} at (3499,3203) size 81x22
          chunk 1 text run 1 at (3500.00,3220.00) startOffset 0 endOffset 11 width 80.00: "just a text"
      LayoutSVGText {text} at (3599,3203) size 81x22 contains 1 chunk(s)
        LayoutSVGInlineText {#text} at (3599,3203) size 81x22
          chunk 1 text run 1 at (3600.00,3220.00) startOffset 0 endOffset 11 width 80.00: "just a text"
      LayoutSVGText {text} at (3699,3203) size 81x22 contains 1 chunk(s)
        LayoutSVGInlineText {#text} at (3699,3203) size 81x22
          chunk 1 text run 1 at (3700.00,3220.00) startOffset 0 endOffset 11 width 80.00: "just a text"
      LayoutSVGText {text} at (3799,3203) size 81x22 contains 1 chunk(s)
        LayoutSVGInlineText {#text} at (3799,3203) size 81x22
          chunk 1 text run 1 at (3800.00,3220.00) startOffset 0 endOffset 11 width 80.00: "just a text"
      LayoutSVGText {text} at (3899,3203) size 81x22 contains 1 chunk(s)
        LayoutSVGInlineText {#text} at (3899,3203) size 81x22
          chunk 1 text run 1 at (3900.00,3220.00) startOffset 0 endOffset 11 width 80.00: "just a text"
      LayoutSVGText {text} at (3999,3203) size 81x22 contains 1 chunk(s)
        LayoutSVGInlineText {#text} at (3999,3203) size 81x22
          chunk 1 text run 1 at (4000.00,3220.00) startOffset 0 endOffset 11 width 80.00: "just a text"
      LayoutSVGText {text} at (4099,3203) size 81x22 contains 1 chunk(s)
        LayoutSVGInlineText {#text} at (4099,3203) size 81x22
          chunk 1 text run 1 at (4100.00,3220.00) startOffset 0 endOffset 11 width 80.00: "just a text"
      LayoutSVGText {text} at (4199,3203) size 81x22 contains 1 chunk(s)
        LayoutSVGInlineText {#text} at (4199,3203) size 81x22
          chunk 1 text run 1 at (4200.00,3220.00) startOffset 0 endOffset 11 width 80.00: "just a text"
      LayoutSVGText {text} at (4299,3203) size 81x22 contains 1 chunk(s)
        LayoutSVGInlineText {#text} at (4299,3203) size 81x22
          chunk 1 text run 1 at (4300.00,3220.00) startOffset 0 endOffset 11 width 80.00: "just a text"
      LayoutSVGText {text} at (4399,3203) size 81x22 contains 1 chunk(s)
        LayoutSVGInlineText {#text} at (4399,3203) size 81x22
          chunk 1 text run 1 at (4400.00,3220.00) startOffset 0 endOffset 11 width 80.00: "just a text"
      LayoutSVGText {text} at (4499,3203) size 81x22 contains 1 chunk(s)
        LayoutSVGInlineText {#text} at (4499,3203) size 81x22
          chunk 1 text run 1 at (4500.00,3220.00) startOffset 0 endOffset 11 width 80.00: "just a text"
      LayoutSVGText {text} at (4599,3203) size 81x22 contains 1 chunk(s)
        LayoutSVGInlineText {#text} at (4599,3203) size 81x22
          chunk 1 text run 1 at (4600.00,3220.00) startOffset 0 endOffset 11 width 80.00: "just a text"
      LayoutSVGText {text} at (4699,3203) size 81x22 contains 1 chunk(s)
        LayoutSVGInlineText {#text} at (4699,3203) size 81x22
          chunk 1 text run 1 at (4700.00,3220.00) startOffset 0 endOffset 11 width 80.00: "just a text"
      LayoutSVGText {text} at (4799,3203) size 81x22 contains 1 chunk(s)
        LayoutSVGInlineText {#text} at (4799,3203) size 81x22
          chunk 1 text run 1 at (4800.00,3220.00) startOffset 0 endOffset 11 width 80.00: "just a text"
      LayoutSVGText {text} at (4899,3203) size 81x22 contains 1 chunk(s)
        LayoutSVGInlineText {#text} at (4899,3203) size 81x22
          chunk 1 text run 1 at (4900.00,3220.00) startOffset 0 endOffset 11 width 80.00: "just a text"
      LayoutSVGText {text} at (-1,3303) size 81x22 contains 1 chunk(s)
        LayoutSVGInlineText {#text} at (-1,3303) size 81x22
          chunk 1 text run 1 at (0.00,3320.00) startOffset 0 endOffset 11 width 80.00: "just a text"
      LayoutSVGText {text} at (99,3303) size 81x22 contains 1 chunk(s)
        LayoutSVGInlineText {#text} at (99,3303) size 81x22
          chunk 1 text run 1 at (100.00,3320.00) startOffset 0 endOffset 11 width 80.00: "just a text"
      LayoutSVGText {text} at (199,3303) size 81x22 contains 1 chunk(s)
        LayoutSVGInlineText {#text} at (199,3303) size 81x22
          chunk 1 text run 1 at (200.00,3320.00) startOffset 0 endOffset 11 width 80.00: "just a text"
      LayoutSVGText {text} at (299,3303) size 81x22 contains 1 chunk(s)
        LayoutSVGInlineText {#text} at (299,3303) size 81x22
          chunk 1 text run 1 at (300.00,3320.00) startOffset 0 endOffset 11 width 80.00: "just a text"
      LayoutSVGText {text} at (399,3303) size 81x22 contains 1 chunk(s)
        LayoutSVGInlineText {#text} at (399,3303) size 81x22
          chunk 1 text run 1 at (400.00,3320.00) startOffset 0 endOffset 11 width 80.00: "just a text"
      LayoutSVGText {text} at (499,3303) size 81x22 contains 1 chunk(s)
        LayoutSVGInlineText {#text} at (499,3303) size 81x22
          chunk 1 text run 1 at (500.00,3320.00) startOffset 0 endOffset 11 width 80.00: "just a text"
      LayoutSVGText {text} at (599,3303) size 81x22 contains 1 chunk(s)
        LayoutSVGInlineText {#text} at (599,3303) size 81x22
          chunk 1 text run 1 at (600.00,3320.00) startOffset 0 endOffset 11 width 80.00: "just a text"
      LayoutSVGText {text} at (699,3303) size 81x22 contains 1 chunk(s)
        LayoutSVGInlineText {#text} at (699,3303) size 81x22
          chunk 1 text run 1 at (700.00,3320.00) startOffset 0 endOffset 11 width 80.00: "just a text"
      LayoutSVGText {text} at (799,3303) size 81x22 contains 1 chunk(s)
        LayoutSVGInlineText {#text} at (799,3303) size 81x22
          chunk 1 text run 1 at (800.00,3320.00) startOffset 0 endOffset 11 width 80.00: "just a text"
      LayoutSVGText {text} at (899,3303) size 81x22 contains 1 chunk(s)
        LayoutSVGInlineText {#text} at (899,3303) size 81x22
          chunk 1 text run 1 at (900.00,3320.00) startOffset 0 endOffset 11 width 80.00: "just a text"
      LayoutSVGText {text} at (999,3303) size 81x22 contains 1 chunk(s)
        LayoutSVGInlineText {#text} at (999,3303) size 81x22
          chunk 1 text run 1 at (1000.00,3320.00) startOffset 0 endOffset 11 width 80.00: "just a text"
      LayoutSVGText {text} at (1099,3303) size 81x22 contains 1 chunk(s)
        LayoutSVGInlineText {#text} at (1099,3303) size 81x22
          chunk 1 text run 1 at (1100.00,3320.00) startOffset 0 endOffset 11 width 80.00: "just a text"
      LayoutSVGText {text} at (1199,3303) size 81x22 contains 1 chunk(s)
        LayoutSVGInlineText {#text} at (1199,3303) size 81x22
          chunk 1 text run 1 at (1200.00,3320.00) startOffset 0 endOffset 11 width 80.00: "just a text"
      LayoutSVGText {text} at (1299,3303) size 81x22 contains 1 chunk(s)
        LayoutSVGInlineText {#text} at (1299,3303) size 81x22
          chunk 1 text run 1 at (1300.00,3320.00) startOffset 0 endOffset 11 width 80.00: "just a text"
      LayoutSVGText {text} at (1399,3303) size 81x22 contains 1 chunk(s)
        LayoutSVGInlineText {#text} at (1399,3303) size 81x22
          chunk 1 text run 1 at (1400.00,3320.00) startOffset 0 endOffset 11 width 80.00: "just a text"
      LayoutSVGText {text} at (1499,3303) size 81x22 contains 1 chunk(s)
        LayoutSVGInlineText {#text} at (1499,3303) size 81x22
          chunk 1 text run 1 at (1500.00,3320.00) startOffset 0 endOffset 11 width 80.00: "just a text"
      LayoutSVGText {text} at (1599,3303) size 81x22 contains 1 chunk(s)
        LayoutSVGInlineText {#text} at (1599,3303) size 81x22
          chunk 1 text run 1 at (1600.00,3320.00) startOffset 0 endOffset 11 width 80.00: "just a text"
      LayoutSVGText {text} at (1699,3303) size 81x22 contains 1 chunk(s)
        LayoutSVGInlineText {#text} at (1699,3303) size 81x22
          chunk 1 text run 1 at (1700.00,3320.00) startOffset 0 endOffset 11 width 80.00: "just a text"
      LayoutSVGText {text} at (1799,3303) size 81x22 contains 1 chunk(s)
        LayoutSVGInlineText {#text} at (1799,3303) size 81x22
          chunk 1 text run 1 at (1800.00,3320.00) startOffset 0 endOffset 11 width 80.00: "just a text"
      LayoutSVGText {text} at (1899,3303) size 81x22 contains 1 chunk(s)
        LayoutSVGInlineText {#text} at (1899,3303) size 81x22
          chunk 1 text run 1 at (1900.00,3320.00) startOffset 0 endOffset 11 width 80.00: "just a text"
      LayoutSVGText {text} at (1999,3303) size 81x22 contains 1 chunk(s)
        LayoutSVGInlineText {#text} at (1999,3303) size 81x22
          chunk 1 text run 1 at (2000.00,3320.00) startOffset 0 endOffset 11 width 80.00: "just a text"
      LayoutSVGText {text} at (2099,3303) size 81x22 contains 1 chunk(s)
        LayoutSVGInlineText {#text} at (2099,3303) size 81x22
          chunk 1 text run 1 at (2100.00,3320.00) startOffset 0 endOffset 11 width 80.00: "just a text"
      LayoutSVGText {text} at (2199,3303) size 81x22 contains 1 chunk(s)
        LayoutSVGInlineText {#text} at (2199,3303) size 81x22
          chunk 1 text run 1 at (2200.00,3320.00) startOffset 0 endOffset 11 width 80.00: "just a text"
      LayoutSVGText {text} at (2299,3303) size 81x22 contains 1 chunk(s)
        LayoutSVGInlineText {#text} at (2299,3303) size 81x22
          chunk 1 text run 1 at (2300.00,3320.00) startOffset 0 endOffset 11 width 80.00: "just a text"
      LayoutSVGText {text} at (2399,3303) size 81x22 contains 1 chunk(s)
        LayoutSVGInlineText {#text} at (2399,3303) size 81x22
          chunk 1 text run 1 at (2400.00,3320.00) startOffset 0 endOffset 11 width 80.00: "just a text"
      LayoutSVGText {text} at (2499,3303) size 81x22 contains 1 chunk(s)
        LayoutSVGInlineText {#text} at (2499,3303) size 81x22
          chunk 1 text run 1 at (2500.00,3320.00) startOffset 0 endOffset 11 width 80.00: "just a text"
      LayoutSVGText {text} at (2599,3303) size 81x22 contains 1 chunk(s)
        LayoutSVGInlineText {#text} at (2599,3303) size 81x22
          chunk 1 text run 1 at (2600.00,3320.00) startOffset 0 endOffset 11 width 80.00: "just a text"
      LayoutSVGText {text} at (2699,3303) size 81x22 contains 1 chunk(s)
        LayoutSVGInlineText {#text} at (2699,3303) size 81x22
          chunk 1 text run 1 at (2700.00,3320.00) startOffset 0 endOffset 11 width 80.00: "just a text"
      LayoutSVGText {text} at (2799,3303) size 81x22 contains 1 chunk(s)
        LayoutSVGInlineText {#text} at (2799,3303) size 81x22
          chunk 1 text run 1 at (2800.00,3320.00) startOffset 0 endOffset 11 width 80.00: "just a text"
      LayoutSVGText {text} at (2899,3303) size 81x22 contains 1 chunk(s)
        LayoutSVGInlineText {#text} at (2899,3303) size 81x22
          chunk 1 text run 1 at (2900.00,3320.00) startOffset 0 endOffset 11 width 80.00: "just a text"
      LayoutSVGText {text} at (2999,3303) size 81x22 contains 1 chunk(s)
        LayoutSVGInlineText {#text} at (2999,3303) size 81x22
          chunk 1 text run 1 at (3000.00,3320.00) startOffset 0 endOffset 11 width 80.00: "just a text"
      LayoutSVGText {text} at (3099,3303) size 81x22 contains 1 chunk(s)
        LayoutSVGInlineText {#text} at (3099,3303) size 81x22
          chunk 1 text run 1 at (3100.00,3320.00) startOffset 0 endOffset 11 width 80.00: "just a text"
      LayoutSVGText {text} at (3199,3303) size 81x22 contains 1 chunk(s)
        LayoutSVGInlineText {#text} at (3199,3303) size 81x22
          chunk 1 text run 1 at (3200.00,3320.00) startOffset 0 endOffset 11 width 80.00: "just a text"
      LayoutSVGText {text} at (3299,3303) size 81x22 contains 1 chunk(s)
        LayoutSVGInlineText {#text} at (3299,3303) size 81x22
          chunk 1 text run 1 at (3300.00,3320.00) startOffset 0 endOffset 11 width 80.00: "just a text"
      LayoutSVGText {text} at (3399,3303) size 81x22 contains 1 chunk(s)
        LayoutSVGInlineText {#text} at (3399,3303) size 81x22
          chunk 1 text run 1 at (3400.00,3320.00) startOffset 0 endOffset 11 width 80.00: "just a text"
      LayoutSVGText {text} at (3499,3303) size 81x22 contains 1 chunk(s)
        LayoutSVGInlineText {#text} at (3499,3303) size 81x22
          chunk 1 text run 1 at (3500.00,3320.00) startOffset 0 endOffset 11 width 80.00: "just a text"
      LayoutSVGText {text} at (3599,3303) size 81x22 contains 1 chunk(s)
        LayoutSVGInlineText {#text} at (3599,3303) size 81x22
          chunk 1 text run 1 at (3600.00,3320.00) startOffset 0 endOffset 11 width 80.00: "just a text"
      LayoutSVGText {text} at (3699,3303) size 81x22 contains 1 chunk(s)
        LayoutSVGInlineText {#text} at (3699,3303) size 81x22
          chunk 1 text run 1 at (3700.00,3320.00) startOffset 0 endOffset 11 width 80.00: "just a text"
      LayoutSVGText {text} at (3799,3303) size 81x22 contains 1 chunk(s)
        LayoutSVGInlineText {#text} at (3799,3303) size 81x22
          chunk 1 text run 1 at (3800.00,3320.00) startOffset 0 endOffset 11 width 80.00: "just a text"
      LayoutSVGText {text} at (3899,3303) size 81x22 contains 1 chunk(s)
        LayoutSVGInlineText {#text} at (3899,3303) size 81x22
          chunk 1 text run 1 at (3900.00,3320.00) startOffset 0 endOffset 11 width 80.00: "just a text"
      LayoutSVGText {text} at (3999,3303) size 81x22 contains 1 chunk(s)
        LayoutSVGInlineText {#text} at (3999,3303) size 81x22
          chunk 1 text run 1 at (4000.00,3320.00) startOffset 0 endOffset 11 width 80.00: "just a text"
      LayoutSVGText {text} at (4099,3303) size 81x22 contains 1 chunk(s)
        LayoutSVGInlineText {#text} at (4099,3303) size 81x22
          chunk 1 text run 1 at (4100.00,3320.00) startOffset 0 endOffset 11 width 80.00: "just a text"
      LayoutSVGText {text} at (4199,3303) size 81x22 contains 1 chunk(s)
        LayoutSVGInlineText {#text} at (4199,3303) size 81x22
          chunk 1 text run 1 at (4200.00,3320.00) startOffset 0 endOffset 11 width 80.00: "just a text"
      LayoutSVGText {text} at (4299,3303) size 81x22 contains 1 chunk(s)
        LayoutSVGInlineText {#text} at (4299,3303) size 81x22
          chunk 1 text run 1 at (4300.00,3320.00) startOffset 0 endOffset 11 width 80.00: "just a text"
      LayoutSVGText {text} at (4399,3303) size 81x22 contains 1 chunk(s)
        LayoutSVGInlineText {#text} at (4399,3303) size 81x22
          chunk 1 text run 1 at (4400.00,3320.00) startOffset 0 endOffset 11 width 80.00: "just a text"
      LayoutSVGText {text} at (4499,3303) size 81x22 contains 1 chunk(s)
        LayoutSVGInlineText {#text} at (4499,3303) size 81x22
          chunk 1 text run 1 at (4500.00,3320.00) startOffset 0 endOffset 11 width 80.00: "just a text"
      LayoutSVGText {text} at (4599,3303) size 81x22 contains 1 chunk(s)
        LayoutSVGInlineText {#text} at (4599,3303) size 81x22
          chunk 1 text run 1 at (4600.00,3320.00) startOffset 0 endOffset 11 width 80.00: "just a text"
      LayoutSVGText {text} at (4699,3303) size 81x22 contains 1 chunk(s)
        LayoutSVGInlineText {#text} at (4699,3303) size 81x22
          chunk 1 text run 1 at (4700.00,3320.00) startOffset 0 endOffset 11 width 80.00: "just a text"
      LayoutSVGText {text} at (4799,3303) size 81x22 contains 1 chunk(s)
        LayoutSVGInlineText {#text} at (4799,3303) size 81x22
          chunk 1 text run 1 at (4800.00,3320.00) startOffset 0 endOffset 11 width 80.00: "just a text"
      LayoutSVGText {text} at (4899,3303) size 81x22 contains 1 chunk(s)
        LayoutSVGInlineText {#text} at (4899,3303) size 81x22
          chunk 1 text run 1 at (4900.00,3320.00) startOffset 0 endOffset 11 width 80.00: "just a text"
      LayoutSVGText {text} at (-1,3403) size 81x22 contains 1 chunk(s)
        LayoutSVGInlineText {#text} at (-1,3403) size 81x22
          chunk 1 text run 1 at (0.00,3420.00) startOffset 0 endOffset 11 width 80.00: "just a text"
      LayoutSVGText {text} at (99,3403) size 81x22 contains 1 chunk(s)
        LayoutSVGInlineText {#text} at (99,3403) size 81x22
          chunk 1 text run 1 at (100.00,3420.00) startOffset 0 endOffset 11 width 80.00: "just a text"
      LayoutSVGText {text} at (199,3403) size 81x22 contains 1 chunk(s)
        LayoutSVGInlineText {#text} at (199,3403) size 81x22
          chunk 1 text run 1 at (200.00,3420.00) startOffset 0 endOffset 11 width 80.00: "just a text"
      LayoutSVGText {text} at (299,3403) size 81x22 contains 1 chunk(s)
        LayoutSVGInlineText {#text} at (299,3403) size 81x22
          chunk 1 text run 1 at (300.00,3420.00) startOffset 0 endOffset 11 width 80.00: "just a text"
      LayoutSVGText {text} at (399,3403) size 81x22 contains 1 chunk(s)
        LayoutSVGInlineText {#text} at (399,3403) size 81x22
          chunk 1 text run 1 at (400.00,3420.00) startOffset 0 endOffset 11 width 80.00: "just a text"
      LayoutSVGText {text} at (499,3403) size 81x22 contains 1 chunk(s)
        LayoutSVGInlineText {#text} at (499,3403) size 81x22
          chunk 1 text run 1 at (500.00,3420.00) startOffset 0 endOffset 11 width 80.00: "just a text"
      LayoutSVGText {text} at (599,3403) size 81x22 contains 1 chunk(s)
        LayoutSVGInlineText {#text} at (599,3403) size 81x22
          chunk 1 text run 1 at (600.00,3420.00) startOffset 0 endOffset 11 width 80.00: "just a text"
      LayoutSVGText {text} at (699,3403) size 81x22 contains 1 chunk(s)
        LayoutSVGInlineText {#text} at (699,3403) size 81x22
          chunk 1 text run 1 at (700.00,3420.00) startOffset 0 endOffset 11 width 80.00: "just a text"
      LayoutSVGText {text} at (799,3403) size 81x22 contains 1 chunk(s)
        LayoutSVGInlineText {#text} at (799,3403) size 81x22
          chunk 1 text run 1 at (800.00,3420.00) startOffset 0 endOffset 11 width 80.00: "just a text"
      LayoutSVGText {text} at (899,3403) size 81x22 contains 1 chunk(s)
        LayoutSVGInlineText {#text} at (899,3403) size 81x22
          chunk 1 text run 1 at (900.00,3420.00) startOffset 0 endOffset 11 width 80.00: "just a text"
      LayoutSVGText {text} at (999,3403) size 81x22 contains 1 chunk(s)
        LayoutSVGInlineText {#text} at (999,3403) size 81x22
          chunk 1 text run 1 at (1000.00,3420.00) startOffset 0 endOffset 11 width 80.00: "just a text"
      LayoutSVGText {text} at (1099,3403) size 81x22 contains 1 chunk(s)
        LayoutSVGInlineText {#text} at (1099,3403) size 81x22
          chunk 1 text run 1 at (1100.00,3420.00) startOffset 0 endOffset 11 width 80.00: "just a text"
      LayoutSVGText {text} at (1199,3403) size 81x22 contains 1 chunk(s)
        LayoutSVGInlineText {#text} at (1199,3403) size 81x22
          chunk 1 text run 1 at (1200.00,3420.00) startOffset 0 endOffset 11 width 80.00: "just a text"
      LayoutSVGText {text} at (1299,3403) size 81x22 contains 1 chunk(s)
        LayoutSVGInlineText {#text} at (1299,3403) size 81x22
          chunk 1 text run 1 at (1300.00,3420.00) startOffset 0 endOffset 11 width 80.00: "just a text"
      LayoutSVGText {text} at (1399,3403) size 81x22 contains 1 chunk(s)
        LayoutSVGInlineText {#text} at (1399,3403) size 81x22
          chunk 1 text run 1 at (1400.00,3420.00) startOffset 0 endOffset 11 width 80.00: "just a text"
      LayoutSVGText {text} at (1499,3403) size 81x22 contains 1 chunk(s)
        LayoutSVGInlineText {#text} at (1499,3403) size 81x22
          chunk 1 text run 1 at (1500.00,3420.00) startOffset 0 endOffset 11 width 80.00: "just a text"
      LayoutSVGText {text} at (1599,3403) size 81x22 contains 1 chunk(s)
        LayoutSVGInlineText {#text} at (1599,3403) size 81x22
          chunk 1 text run 1 at (1600.00,3420.00) startOffset 0 endOffset 11 width 80.00: "just a text"
      LayoutSVGText {text} at (1699,3403) size 81x22 contains 1 chunk(s)
        LayoutSVGInlineText {#text} at (1699,3403) size 81x22
          chunk 1 text run 1 at (1700.00,3420.00) startOffset 0 endOffset 11 width 80.00: "just a text"
      LayoutSVGText {text} at (1799,3403) size 81x22 contains 1 chunk(s)
        LayoutSVGInlineText {#text} at (1799,3403) size 81x22
          chunk 1 text run 1 at (1800.00,3420.00) startOffset 0 endOffset 11 width 80.00: "just a text"
      LayoutSVGText {text} at (1899,3403) size 81x22 contains 1 chunk(s)
        LayoutSVGInlineText {#text} at (1899,3403) size 81x22
          chunk 1 text run 1 at (1900.00,3420.00) startOffset 0 endOffset 11 width 80.00: "just a text"
      LayoutSVGText {text} at (1999,3403) size 81x22 contains 1 chunk(s)
        LayoutSVGInlineText {#text} at (1999,3403) size 81x22
          chunk 1 text run 1 at (2000.00,3420.00) startOffset 0 endOffset 11 width 80.00: "just a text"
      LayoutSVGText {text} at (2099,3403) size 81x22 contains 1 chunk(s)
        LayoutSVGInlineText {#text} at (2099,3403) size 81x22
          chunk 1 text run 1 at (2100.00,3420.00) startOffset 0 endOffset 11 width 80.00: "just a text"
      LayoutSVGText {text} at (2199,3403) size 81x22 contains 1 chunk(s)
        LayoutSVGInlineText {#text} at (2199,3403) size 81x22
          chunk 1 text run 1 at (2200.00,3420.00) startOffset 0 endOffset 11 width 80.00: "just a text"
      LayoutSVGText {text} at (2299,3403) size 81x22 contains 1 chunk(s)
        LayoutSVGInlineText {#text} at (2299,3403) size 81x22
          chunk 1 text run 1 at (2300.00,3420.00) startOffset 0 endOffset 11 width 80.00: "just a text"
      LayoutSVGText {text} at (2399,3403) size 81x22 contains 1 chunk(s)
        LayoutSVGInlineText {#text} at (2399,3403) size 81x22
          chunk 1 text run 1 at (2400.00,3420.00) startOffset 0 endOffset 11 width 80.00: "just a text"
      LayoutSVGText {text} at (2499,3403) size 81x22 contains 1 chunk(s)
        LayoutSVGInlineText {#text} at (2499,3403) size 81x22
          chunk 1 text run 1 at (2500.00,3420.00) startOffset 0 endOffset 11 width 80.00: "just a text"
      LayoutSVGText {text} at (2599,3403) size 81x22 contains 1 chunk(s)
        LayoutSVGInlineText {#text} at (2599,3403) size 81x22
          chunk 1 text run 1 at (2600.00,3420.00) startOffset 0 endOffset 11 width 80.00: "just a text"
      LayoutSVGText {text} at (2699,3403) size 81x22 contains 1 chunk(s)
        LayoutSVGInlineText {#text} at (2699,3403) size 81x22
          chunk 1 text run 1 at (2700.00,3420.00) startOffset 0 endOffset 11 width 80.00: "just a text"
      LayoutSVGText {text} at (2799,3403) size 81x22 contains 1 chunk(s)
        LayoutSVGInlineText {#text} at (2799,3403) size 81x22
          chunk 1 text run 1 at (2800.00,3420.00) startOffset 0 endOffset 11 width 80.00: "just a text"
      LayoutSVGText {text} at (2899,3403) size 81x22 contains 1 chunk(s)
        LayoutSVGInlineText {#text} at (2899,3403) size 81x22
          chunk 1 text run 1 at (2900.00,3420.00) startOffset 0 endOffset 11 width 80.00: "just a text"
      LayoutSVGText {text} at (2999,3403) size 81x22 contains 1 chunk(s)
        LayoutSVGInlineText {#text} at (2999,3403) size 81x22
          chunk 1 text run 1 at (3000.00,3420.00) startOffset 0 endOffset 11 width 80.00: "just a text"
      LayoutSVGText {text} at (3099,3403) size 81x22 contains 1 chunk(s)
        LayoutSVGInlineText {#text} at (3099,3403) size 81x22
          chunk 1 text run 1 at (3100.00,3420.00) startOffset 0 endOffset 11 width 80.00: "just a text"
      LayoutSVGText {text} at (3199,3403) size 81x22 contains 1 chunk(s)
        LayoutSVGInlineText {#text} at (3199,3403) size 81x22
          chunk 1 text run 1 at (3200.00,3420.00) startOffset 0 endOffset 11 width 80.00: "just a text"
      LayoutSVGText {text} at (3299,3403) size 81x22 contains 1 chunk(s)
        LayoutSVGInlineText {#text} at (3299,3403) size 81x22
          chunk 1 text run 1 at (3300.00,3420.00) startOffset 0 endOffset 11 width 80.00: "just a text"
      LayoutSVGText {text} at (3399,3403) size 81x22 contains 1 chunk(s)
        LayoutSVGInlineText {#text} at (3399,3403) size 81x22
          chunk 1 text run 1 at (3400.00,3420.00) startOffset 0 endOffset 11 width 80.00: "just a text"
      LayoutSVGText {text} at (3499,3403) size 81x22 contains 1 chunk(s)
        LayoutSVGInlineText {#text} at (3499,3403) size 81x22
          chunk 1 text run 1 at (3500.00,3420.00) startOffset 0 endOffset 11 width 80.00: "just a text"
      LayoutSVGText {text} at (3599,3403) size 81x22 contains 1 chunk(s)
        LayoutSVGInlineText {#text} at (3599,3403) size 81x22
          chunk 1 text run 1 at (3600.00,3420.00) startOffset 0 endOffset 11 width 80.00: "just a text"
      LayoutSVGText {text} at (3699,3403) size 81x22 contains 1 chunk(s)
        LayoutSVGInlineText {#text} at (3699,3403) size 81x22
          chunk 1 text run 1 at (3700.00,3420.00) startOffset 0 endOffset 11 width 80.00: "just a text"
      LayoutSVGText {text} at (3799,3403) size 81x22 contains 1 chunk(s)
        LayoutSVGInlineText {#text} at (3799,3403) size 81x22
          chunk 1 text run 1 at (3800.00,3420.00) startOffset 0 endOffset 11 width 80.00: "just a text"
      LayoutSVGText {text} at (3899,3403) size 81x22 contains 1 chunk(s)
        LayoutSVGInlineText {#text} at (3899,3403) size 81x22
          chunk 1 text run 1 at (3900.00,3420.00) startOffset 0 endOffset 11 width 80.00: "just a text"
      LayoutSVGText {text} at (3999,3403) size 81x22 contains 1 chunk(s)
        LayoutSVGInlineText {#text} at (3999,3403) size 81x22
          chunk 1 text run 1 at (4000.00,3420.00) startOffset 0 endOffset 11 width 80.00: "just a text"
      LayoutSVGText {text} at (4099,3403) size 81x22 contains 1 chunk(s)
        LayoutSVGInlineText {#text} at (4099,3403) size 81x22
          chunk 1 text run 1 at (4100.00,3420.00) startOffset 0 endOffset 11 width 80.00: "just a text"
      LayoutSVGText {text} at (4199,3403) size 81x22 contains 1 chunk(s)
        LayoutSVGInlineText {#text} at (4199,3403) size 81x22
          chunk 1 text run 1 at (4200.00,3420.00) startOffset 0 endOffset 11 width 80.00: "just a text"
      LayoutSVGText {text} at (4299,3403) size 81x22 contains 1 chunk(s)
        LayoutSVGInlineText {#text} at (4299,3403) size 81x22
          chunk 1 text run 1 at (4300.00,3420.00) startOffset 0 endOffset 11 width 80.00: "just a text"
      LayoutSVGText {text} at (4399,3403) size 81x22 contains 1 chunk(s)
        LayoutSVGInlineText {#text} at (4399,3403) size 81x22
          chunk 1 text run 1 at (4400.00,3420.00) startOffset 0 endOffset 11 width 80.00: "just a text"
      LayoutSVGText {text} at (4499,3403) size 81x22 contains 1 chunk(s)
        LayoutSVGInlineText {#text} at (4499,3403) size 81x22
          chunk 1 text run 1 at (4500.00,3420.00) startOffset 0 endOffset 11 width 80.00: "just a text"
      LayoutSVGText {text} at (4599,3403) size 81x22 contains 1 chunk(s)
        LayoutSVGInlineText {#text} at (4599,3403) size 81x22
          chunk 1 text run 1 at (4600.00,3420.00) startOffset 0 endOffset 11 width 80.00: "just a text"
      LayoutSVGText {text} at (4699,3403) size 81x22 contains 1 chunk(s)
        LayoutSVGInlineText {#text} at (4699,3403) size 81x22
          chunk 1 text run 1 at (4700.00,3420.00) startOffset 0 endOffset 11 width 80.00: "just a text"
      LayoutSVGText {text} at (4799,3403) size 81x22 contains 1 chunk(s)
        LayoutSVGInlineText {#text} at (4799,3403) size 81x22
          chunk 1 text run 1 at (4800.00,3420.00) startOffset 0 endOffset 11 width 80.00: "just a text"
      LayoutSVGText {text} at (4899,3403) size 81x22 contains 1 chunk(s)
        LayoutSVGInlineText {#text} at (4899,3403) size 81x22
          chunk 1 text run 1 at (4900.00,3420.00) startOffset 0 endOffset 11 width 80.00: "just a text"
      LayoutSVGText {text} at (-1,3503) size 81x22 contains 1 chunk(s)
        LayoutSVGInlineText {#text} at (-1,3503) size 81x22
          chunk 1 text run 1 at (0.00,3520.00) startOffset 0 endOffset 11 width 80.00: "just a text"
      LayoutSVGText {text} at (99,3503) size 81x22 contains 1 chunk(s)
        LayoutSVGInlineText {#text} at (99,3503) size 81x22
          chunk 1 text run 1 at (100.00,3520.00) startOffset 0 endOffset 11 width 80.00: "just a text"
      LayoutSVGText {text} at (199,3503) size 81x22 contains 1 chunk(s)
        LayoutSVGInlineText {#text} at (199,3503) size 81x22
          chunk 1 text run 1 at (200.00,3520.00) startOffset 0 endOffset 11 width 80.00: "just a text"
      LayoutSVGText {text} at (299,3503) size 81x22 contains 1 chunk(s)
        LayoutSVGInlineText {#text} at (299,3503) size 81x22
          chunk 1 text run 1 at (300.00,3520.00) startOffset 0 endOffset 11 width 80.00: "just a text"
      LayoutSVGText {text} at (399,3503) size 81x22 contains 1 chunk(s)
        LayoutSVGInlineText {#text} at (399,3503) size 81x22
          chunk 1 text run 1 at (400.00,3520.00) startOffset 0 endOffset 11 width 80.00: "just a text"
      LayoutSVGText {text} at (499,3503) size 81x22 contains 1 chunk(s)
        LayoutSVGInlineText {#text} at (499,3503) size 81x22
          chunk 1 text run 1 at (500.00,3520.00) startOffset 0 endOffset 11 width 80.00: "just a text"
      LayoutSVGText {text} at (599,3503) size 81x22 contains 1 chunk(s)
        LayoutSVGInlineText {#text} at (599,3503) size 81x22
          chunk 1 text run 1 at (600.00,3520.00) startOffset 0 endOffset 11 width 80.00: "just a text"
      LayoutSVGText {text} at (699,3503) size 81x22 contains 1 chunk(s)
        LayoutSVGInlineText {#text} at (699,3503) size 81x22
          chunk 1 text run 1 at (700.00,3520.00) startOffset 0 endOffset 11 width 80.00: "just a text"
      LayoutSVGText {text} at (799,3503) size 81x22 contains 1 chunk(s)
        LayoutSVGInlineText {#text} at (799,3503) size 81x22
          chunk 1 text run 1 at (800.00,3520.00) startOffset 0 endOffset 11 width 80.00: "just a text"
      LayoutSVGText {text} at (899,3503) size 81x22 contains 1 chunk(s)
        LayoutSVGInlineText {#text} at (899,3503) size 81x22
          chunk 1 text run 1 at (900.00,3520.00) startOffset 0 endOffset 11 width 80.00: "just a text"
      LayoutSVGText {text} at (999,3503) size 81x22 contains 1 chunk(s)
        LayoutSVGInlineText {#text} at (999,3503) size 81x22
          chunk 1 text run 1 at (1000.00,3520.00) startOffset 0 endOffset 11 width 80.00: "just a text"
      LayoutSVGText {text} at (1099,3503) size 81x22 contains 1 chunk(s)
        LayoutSVGInlineText {#text} at (1099,3503) size 81x22
          chunk 1 text run 1 at (1100.00,3520.00) startOffset 0 endOffset 11 width 80.00: "just a text"
      LayoutSVGText {text} at (1199,3503) size 81x22 contains 1 chunk(s)
        LayoutSVGInlineText {#text} at (1199,3503) size 81x22
          chunk 1 text run 1 at (1200.00,3520.00) startOffset 0 endOffset 11 width 80.00: "just a text"
      LayoutSVGText {text} at (1299,3503) size 81x22 contains 1 chunk(s)
        LayoutSVGInlineText {#text} at (1299,3503) size 81x22
          chunk 1 text run 1 at (1300.00,3520.00) startOffset 0 endOffset 11 width 80.00: "just a text"
      LayoutSVGText {text} at (1399,3503) size 81x22 contains 1 chunk(s)
        LayoutSVGInlineText {#text} at (1399,3503) size 81x22
          chunk 1 text run 1 at (1400.00,3520.00) startOffset 0 endOffset 11 width 80.00: "just a text"
      LayoutSVGText {text} at (1499,3503) size 81x22 contains 1 chunk(s)
        LayoutSVGInlineText {#text} at (1499,3503) size 81x22
          chunk 1 text run 1 at (1500.00,3520.00) startOffset 0 endOffset 11 width 80.00: "just a text"
      LayoutSVGText {text} at (1599,3503) size 81x22 contains 1 chunk(s)
        LayoutSVGInlineText {#text} at (1599,3503) size 81x22
          chunk 1 text run 1 at (1600.00,3520.00) startOffset 0 endOffset 11 width 80.00: "just a text"
      LayoutSVGText {text} at (1699,3503) size 81x22 contains 1 chunk(s)
        LayoutSVGInlineText {#text} at (1699,3503) size 81x22
          chunk 1 text run 1 at (1700.00,3520.00) startOffset 0 endOffset 11 width 80.00: "just a text"
      LayoutSVGText {text} at (1799,3503) size 81x22 contains 1 chunk(s)
        LayoutSVGInlineText {#text} at (1799,3503) size 81x22
          chunk 1 text run 1 at (1800.00,3520.00) startOffset 0 endOffset 11 width 80.00: "just a text"
      LayoutSVGText {text} at (1899,3503) size 81x22 contains 1 chunk(s)
        LayoutSVGInlineText {#text} at (1899,3503) size 81x22
          chunk 1 text run 1 at (1900.00,3520.00) startOffset 0 endOffset 11 width 80.00: "just a text"
      LayoutSVGText {text} at (1999,3503) size 81x22 contains 1 chunk(s)
        LayoutSVGInlineText {#text} at (1999,3503) size 81x22
          chunk 1 text run 1 at (2000.00,3520.00) startOffset 0 endOffset 11 width 80.00: "just a text"
      LayoutSVGText {text} at (2099,3503) size 81x22 contains 1 chunk(s)
        LayoutSVGInlineText {#text} at (2099,3503) size 81x22
          chunk 1 text run 1 at (2100.00,3520.00) startOffset 0 endOffset 11 width 80.00: "just a text"
      LayoutSVGText {text} at (2199,3503) size 81x22 contains 1 chunk(s)
        LayoutSVGInlineText {#text} at (2199,3503) size 81x22
          chunk 1 text run 1 at (2200.00,3520.00) startOffset 0 endOffset 11 width 80.00: "just a text"
      LayoutSVGText {text} at (2299,3503) size 81x22 contains 1 chunk(s)
        LayoutSVGInlineText {#text} at (2299,3503) size 81x22
          chunk 1 text run 1 at (2300.00,3520.00) startOffset 0 endOffset 11 width 80.00: "just a text"
      LayoutSVGText {text} at (2399,3503) size 81x22 contains 1 chunk(s)
        LayoutSVGInlineText {#text} at (2399,3503) size 81x22
          chunk 1 text run 1 at (2400.00,3520.00) startOffset 0 endOffset 11 width 80.00: "just a text"
      LayoutSVGText {text} at (2499,3503) size 81x22 contains 1 chunk(s)
        LayoutSVGInlineText {#text} at (2499,3503) size 81x22
          chunk 1 text run 1 at (2500.00,3520.00) startOffset 0 endOffset 11 width 80.00: "just a text"
      LayoutSVGText {text} at (2599,3503) size 81x22 contains 1 chunk(s)
        LayoutSVGInlineText {#text} at (2599,3503) size 81x22
          chunk 1 text run 1 at (2600.00,3520.00) startOffset 0 endOffset 11 width 80.00: "just a text"
      LayoutSVGText {text} at (2699,3503) size 81x22 contains 1 chunk(s)
        LayoutSVGInlineText {#text} at (2699,3503) size 81x22
          chunk 1 text run 1 at (2700.00,3520.00) startOffset 0 endOffset 11 width 80.00: "just a text"
      LayoutSVGText {text} at (2799,3503) size 81x22 contains 1 chunk(s)
        LayoutSVGInlineText {#text} at (2799,3503) size 81x22
          chunk 1 text run 1 at (2800.00,3520.00) startOffset 0 endOffset 11 width 80.00: "just a text"
      LayoutSVGText {text} at (2899,3503) size 81x22 contains 1 chunk(s)
        LayoutSVGInlineText {#text} at (2899,3503) size 81x22
          chunk 1 text run 1 at (2900.00,3520.00) startOffset 0 endOffset 11 width 80.00: "just a text"
      LayoutSVGText {text} at (2999,3503) size 81x22 contains 1 chunk(s)
        LayoutSVGInlineText {#text} at (2999,3503) size 81x22
          chunk 1 text run 1 at (3000.00,3520.00) startOffset 0 endOffset 11 width 80.00: "just a text"
      LayoutSVGText {text} at (3099,3503) size 81x22 contains 1 chunk(s)
        LayoutSVGInlineText {#text} at (3099,3503) size 81x22
          chunk 1 text run 1 at (3100.00,3520.00) startOffset 0 endOffset 11 width 80.00: "just a text"
      LayoutSVGText {text} at (3199,3503) size 81x22 contains 1 chunk(s)
        LayoutSVGInlineText {#text} at (3199,3503) size 81x22
          chunk 1 text run 1 at (3200.00,3520.00) startOffset 0 endOffset 11 width 80.00: "just a text"
      LayoutSVGText {text} at (3299,3503) size 81x22 contains 1 chunk(s)
        LayoutSVGInlineText {#text} at (3299,3503) size 81x22
          chunk 1 text run 1 at (3300.00,3520.00) startOffset 0 endOffset 11 width 80.00: "just a text"
      LayoutSVGText {text} at (3399,3503) size 81x22 contains 1 chunk(s)
        LayoutSVGInlineText {#text} at (3399,3503) size 81x22
          chunk 1 text run 1 at (3400.00,3520.00) startOffset 0 endOffset 11 width 80.00: "just a text"
      LayoutSVGText {text} at (3499,3503) size 81x22 contains 1 chunk(s)
        LayoutSVGInlineText {#text} at (3499,3503) size 81x22
          chunk 1 text run 1 at (3500.00,3520.00) startOffset 0 endOffset 11 width 80.00: "just a text"
      LayoutSVGText {text} at (3599,3503) size 81x22 contains 1 chunk(s)
        LayoutSVGInlineText {#text} at (3599,3503) size 81x22
          chunk 1 text run 1 at (3600.00,3520.00) startOffset 0 endOffset 11 width 80.00: "just a text"
      LayoutSVGText {text} at (3699,3503) size 81x22 contains 1 chunk(s)
        LayoutSVGInlineText {#text} at (3699,3503) size 81x22
          chunk 1 text run 1 at (3700.00,3520.00) startOffset 0 endOffset 11 width 80.00: "just a text"
      LayoutSVGText {text} at (3799,3503) size 81x22 contains 1 chunk(s)
        LayoutSVGInlineText {#text} at (3799,3503) size 81x22
          chunk 1 text run 1 at (3800.00,3520.00) startOffset 0 endOffset 11 width 80.00: "just a text"
      LayoutSVGText {text} at (3899,3503) size 81x22 contains 1 chunk(s)
        LayoutSVGInlineText {#text} at (3899,3503) size 81x22
          chunk 1 text run 1 at (3900.00,3520.00) startOffset 0 endOffset 11 width 80.00: "just a text"
      LayoutSVGText {text} at (3999,3503) size 81x22 contains 1 chunk(s)
        LayoutSVGInlineText {#text} at (3999,3503) size 81x22
          chunk 1 text run 1 at (4000.00,3520.00) startOffset 0 endOffset 11 width 80.00: "just a text"
      LayoutSVGText {text} at (4099,3503) size 81x22 contains 1 chunk(s)
        LayoutSVGInlineText {#text} at (4099,3503) size 81x22
          chunk 1 text run 1 at (4100.00,3520.00) startOffset 0 endOffset 11 width 80.00: "just a text"
      LayoutSVGText {text} at (4199,3503) size 81x22 contains 1 chunk(s)
        LayoutSVGInlineText {#text} at (4199,3503) size 81x22
          chunk 1 text run 1 at (4200.00,3520.00) startOffset 0 endOffset 11 width 80.00: "just a text"
      LayoutSVGText {text} at (4299,3503) size 81x22 contains 1 chunk(s)
        LayoutSVGInlineText {#text} at (4299,3503) size 81x22
          chunk 1 text run 1 at (4300.00,3520.00) startOffset 0 endOffset 11 width 80.00: "just a text"
      LayoutSVGText {text} at (4399,3503) size 81x22 contains 1 chunk(s)
        LayoutSVGInlineText {#text} at (4399,3503) size 81x22
          chunk 1 text run 1 at (4400.00,3520.00) startOffset 0 endOffset 11 width 80.00: "just a text"
      LayoutSVGText {text} at (4499,3503) size 81x22 contains 1 chunk(s)
        LayoutSVGInlineText {#text} at (4499,3503) size 81x22
          chunk 1 text run 1 at (4500.00,3520.00) startOffset 0 endOffset 11 width 80.00: "just a text"
      LayoutSVGText {text} at (4599,3503) size 81x22 contains 1 chunk(s)
        LayoutSVGInlineText {#text} at (4599,3503) size 81x22
          chunk 1 text run 1 at (4600.00,3520.00) startOffset 0 endOffset 11 width 80.00: "just a text"
      LayoutSVGText {text} at (4699,3503) size 81x22 contains 1 chunk(s)
        LayoutSVGInlineText {#text} at (4699,3503) size 81x22
          chunk 1 text run 1 at (4700.00,3520.00) startOffset 0 endOffset 11 width 80.00: "just a text"
      LayoutSVGText {text} at (4799,3503) size 81x22 contains 1 chunk(s)
        LayoutSVGInlineText {#text} at (4799,3503) size 81x22
          chunk 1 text run 1 at (4800.00,3520.00) startOffset 0 endOffset 11 width 80.00: "just a text"
      LayoutSVGText {text} at (4899,3503) size 81x22 contains 1 chunk(s)
        LayoutSVGInlineText {#text} at (4899,3503) size 81x22
          chunk 1 text run 1 at (4900.00,3520.00) startOffset 0 endOffset 11 width 80.00: "just a text"
      LayoutSVGText {text} at (-1,3603) size 81x22 contains 1 chunk(s)
        LayoutSVGInlineText {#text} at (-1,3603) size 81x22
          chunk 1 text run 1 at (0.00,3620.00) startOffset 0 endOffset 11 width 80.00: "just a text"
      LayoutSVGText {text} at (99,3603) size 81x22 contains 1 chunk(s)
        LayoutSVGInlineText {#text} at (99,3603) size 81x22
          chunk 1 text run 1 at (100.00,3620.00) startOffset 0 endOffset 11 width 80.00: "just a text"
      LayoutSVGText {text} at (199,3603) size 81x22 contains 1 chunk(s)
        LayoutSVGInlineText {#text} at (199,3603) size 81x22
          chunk 1 text run 1 at (200.00,3620.00) startOffset 0 endOffset 11 width 80.00: "just a text"
      LayoutSVGText {text} at (299,3603) size 81x22 contains 1 chunk(s)
        LayoutSVGInlineText {#text} at (299,3603) size 81x22
          chunk 1 text run 1 at (300.00,3620.00) startOffset 0 endOffset 11 width 80.00: "just a text"
      LayoutSVGText {text} at (399,3603) size 81x22 contains 1 chunk(s)
        LayoutSVGInlineText {#text} at (399,3603) size 81x22
          chunk 1 text run 1 at (400.00,3620.00) startOffset 0 endOffset 11 width 80.00: "just a text"
      LayoutSVGText {text} at (499,3603) size 81x22 contains 1 chunk(s)
        LayoutSVGInlineText {#text} at (499,3603) size 81x22
          chunk 1 text run 1 at (500.00,3620.00) startOffset 0 endOffset 11 width 80.00: "just a text"
      LayoutSVGText {text} at (599,3603) size 81x22 contains 1 chunk(s)
        LayoutSVGInlineText {#text} at (599,3603) size 81x22
          chunk 1 text run 1 at (600.00,3620.00) startOffset 0 endOffset 11 width 80.00: "just a text"
      LayoutSVGText {text} at (699,3603) size 81x22 contains 1 chunk(s)
        LayoutSVGInlineText {#text} at (699,3603) size 81x22
          chunk 1 text run 1 at (700.00,3620.00) startOffset 0 endOffset 11 width 80.00: "just a text"
      LayoutSVGText {text} at (799,3603) size 81x22 contains 1 chunk(s)
        LayoutSVGInlineText {#text} at (799,3603) size 81x22
          chunk 1 text run 1 at (800.00,3620.00) startOffset 0 endOffset 11 width 80.00: "just a text"
      LayoutSVGText {text} at (899,3603) size 81x22 contains 1 chunk(s)
        LayoutSVGInlineText {#text} at (899,3603) size 81x22
          chunk 1 text run 1 at (900.00,3620.00) startOffset 0 endOffset 11 width 80.00: "just a text"
      LayoutSVGText {text} at (999,3603) size 81x22 contains 1 chunk(s)
        LayoutSVGInlineText {#text} at (999,3603) size 81x22
          chunk 1 text run 1 at (1000.00,3620.00) startOffset 0 endOffset 11 width 80.00: "just a text"
      LayoutSVGText {text} at (1099,3603) size 81x22 contains 1 chunk(s)
        LayoutSVGInlineText {#text} at (1099,3603) size 81x22
          chunk 1 text run 1 at (1100.00,3620.00) startOffset 0 endOffset 11 width 80.00: "just a text"
      LayoutSVGText {text} at (1199,3603) size 81x22 contains 1 chunk(s)
        LayoutSVGInlineText {#text} at (1199,3603) size 81x22
          chunk 1 text run 1 at (1200.00,3620.00) startOffset 0 endOffset 11 width 80.00: "just a text"
      LayoutSVGText {text} at (1299,3603) size 81x22 contains 1 chunk(s)
        LayoutSVGInlineText {#text} at (1299,3603) size 81x22
          chunk 1 text run 1 at (1300.00,3620.00) startOffset 0 endOffset 11 width 80.00: "just a text"
      LayoutSVGText {text} at (1399,3603) size 81x22 contains 1 chunk(s)
        LayoutSVGInlineText {#text} at (1399,3603) size 81x22
          chunk 1 text run 1 at (1400.00,3620.00) startOffset 0 endOffset 11 width 80.00: "just a text"
      LayoutSVGText {text} at (1499,3603) size 81x22 contains 1 chunk(s)
        LayoutSVGInlineText {#text} at (1499,3603) size 81x22
          chunk 1 text run 1 at (1500.00,3620.00) startOffset 0 endOffset 11 width 80.00: "just a text"
      LayoutSVGText {text} at (1599,3603) size 81x22 contains 1 chunk(s)
        LayoutSVGInlineText {#text} at (1599,3603) size 81x22
          chunk 1 text run 1 at (1600.00,3620.00) startOffset 0 endOffset 11 width 80.00: "just a text"
      LayoutSVGText {text} at (1699,3603) size 81x22 contains 1 chunk(s)
        LayoutSVGInlineText {#text} at (1699,3603) size 81x22
          chunk 1 text run 1 at (1700.00,3620.00) startOffset 0 endOffset 11 width 80.00: "just a text"
      LayoutSVGText {text} at (1799,3603) size 81x22 contains 1 chunk(s)
        LayoutSVGInlineText {#text} at (1799,3603) size 81x22
          chunk 1 text run 1 at (1800.00,3620.00) startOffset 0 endOffset 11 width 80.00: "just a text"
      LayoutSVGText {text} at (1899,3603) size 81x22 contains 1 chunk(s)
        LayoutSVGInlineText {#text} at (1899,3603) size 81x22
          chunk 1 text run 1 at (1900.00,3620.00) startOffset 0 endOffset 11 width 80.00: "just a text"
      LayoutSVGText {text} at (1999,3603) size 81x22 contains 1 chunk(s)
        LayoutSVGInlineText {#text} at (1999,3603) size 81x22
          chunk 1 text run 1 at (2000.00,3620.00) startOffset 0 endOffset 11 width 80.00: "just a text"
      LayoutSVGText {text} at (2099,3603) size 81x22 contains 1 chunk(s)
        LayoutSVGInlineText {#text} at (2099,3603) size 81x22
          chunk 1 text run 1 at (2100.00,3620.00) startOffset 0 endOffset 11 width 80.00: "just a text"
      LayoutSVGText {text} at (2199,3603) size 81x22 contains 1 chunk(s)
        LayoutSVGInlineText {#text} at (2199,3603) size 81x22
          chunk 1 text run 1 at (2200.00,3620.00) startOffset 0 endOffset 11 width 80.00: "just a text"
      LayoutSVGText {text} at (2299,3603) size 81x22 contains 1 chunk(s)
        LayoutSVGInlineText {#text} at (2299,3603) size 81x22
          chunk 1 text run 1 at (2300.00,3620.00) startOffset 0 endOffset 11 width 80.00: "just a text"
      LayoutSVGText {text} at (2399,3603) size 81x22 contains 1 chunk(s)
        LayoutSVGInlineText {#text} at (2399,3603) size 81x22
          chunk 1 text run 1 at (2400.00,3620.00) startOffset 0 endOffset 11 width 80.00: "just a text"
      LayoutSVGText {text} at (2499,3603) size 81x22 contains 1 chunk(s)
        LayoutSVGInlineText {#text} at (2499,3603) size 81x22
          chunk 1 text run 1 at (2500.00,3620.00) startOffset 0 endOffset 11 width 80.00: "just a text"
      LayoutSVGText {text} at (2599,3603) size 81x22 contains 1 chunk(s)
        LayoutSVGInlineText {#text} at (2599,3603) size 81x22
          chunk 1 text run 1 at (2600.00,3620.00) startOffset 0 endOffset 11 width 80.00: "just a text"
      LayoutSVGText {text} at (2699,3603) size 81x22 contains 1 chunk(s)
        LayoutSVGInlineText {#text} at (2699,3603) size 81x22
          chunk 1 text run 1 at (2700.00,3620.00) startOffset 0 endOffset 11 width 80.00: "just a text"
      LayoutSVGText {text} at (2799,3603) size 81x22 contains 1 chunk(s)
        LayoutSVGInlineText {#text} at (2799,3603) size 81x22
          chunk 1 text run 1 at (2800.00,3620.00) startOffset 0 endOffset 11 width 80.00: "just a text"
      LayoutSVGText {text} at (2899,3603) size 81x22 contains 1 chunk(s)
        LayoutSVGInlineText {#text} at (2899,3603) size 81x22
          chunk 1 text run 1 at (2900.00,3620.00) startOffset 0 endOffset 11 width 80.00: "just a text"
      LayoutSVGText {text} at (2999,3603) size 81x22 contains 1 chunk(s)
        LayoutSVGInlineText {#text} at (2999,3603) size 81x22
          chunk 1 text run 1 at (3000.00,3620.00) startOffset 0 endOffset 11 width 80.00: "just a text"
      LayoutSVGText {text} at (3099,3603) size 81x22 contains 1 chunk(s)
        LayoutSVGInlineText {#text} at (3099,3603) size 81x22
          chunk 1 text run 1 at (3100.00,3620.00) startOffset 0 endOffset 11 width 80.00: "just a text"
      LayoutSVGText {text} at (3199,3603) size 81x22 contains 1 chunk(s)
        LayoutSVGInlineText {#text} at (3199,3603) size 81x22
          chunk 1 text run 1 at (3200.00,3620.00) startOffset 0 endOffset 11 width 80.00: "just a text"
      LayoutSVGText {text} at (3299,3603) size 81x22 contains 1 chunk(s)
        LayoutSVGInlineText {#text} at (3299,3603) size 81x22
          chunk 1 text run 1 at (3300.00,3620.00) startOffset 0 endOffset 11 width 80.00: "just a text"
      LayoutSVGText {text} at (3399,3603) size 81x22 contains 1 chunk(s)
        LayoutSVGInlineText {#text} at (3399,3603) size 81x22
          chunk 1 text run 1 at (3400.00,3620.00) startOffset 0 endOffset 11 width 80.00: "just a text"
      LayoutSVGText {text} at (3499,3603) size 81x22 contains 1 chunk(s)
        LayoutSVGInlineText {#text} at (3499,3603) size 81x22
          chunk 1 text run 1 at (3500.00,3620.00) startOffset 0 endOffset 11 width 80.00: "just a text"
      LayoutSVGText {text} at (3599,3603) size 81x22 contains 1 chunk(s)
        LayoutSVGInlineText {#text} at (3599,3603) size 81x22
          chunk 1 text run 1 at (3600.00,3620.00) startOffset 0 endOffset 11 width 80.00: "just a text"
      LayoutSVGText {text} at (3699,3603) size 81x22 contains 1 chunk(s)
        LayoutSVGInlineText {#text} at (3699,3603) size 81x22
          chunk 1 text run 1 at (3700.00,3620.00) startOffset 0 endOffset 11 width 80.00: "just a text"
      LayoutSVGText {text} at (3799,3603) size 81x22 contains 1 chunk(s)
        LayoutSVGInlineText {#text} at (3799,3603) size 81x22
          chunk 1 text run 1 at (3800.00,3620.00) startOffset 0 endOffset 11 width 80.00: "just a text"
      LayoutSVGText {text} at (3899,3603) size 81x22 contains 1 chunk(s)
        LayoutSVGInlineText {#text} at (3899,3603) size 81x22
          chunk 1 text run 1 at (3900.00,3620.00) startOffset 0 endOffset 11 width 80.00: "just a text"
      LayoutSVGText {text} at (3999,3603) size 81x22 contains 1 chunk(s)
        LayoutSVGInlineText {#text} at (3999,3603) size 81x22
          chunk 1 text run 1 at (4000.00,3620.00) startOffset 0 endOffset 11 width 80.00: "just a text"
      LayoutSVGText {text} at (4099,3603) size 81x22 contains 1 chunk(s)
        LayoutSVGInlineText {#text} at (4099,3603) size 81x22
          chunk 1 text run 1 at (4100.00,3620.00) startOffset 0 endOffset 11 width 80.00: "just a text"
      LayoutSVGText {text} at (4199,3603) size 81x22 contains 1 chunk(s)
        LayoutSVGInlineText {#text} at (4199,3603) size 81x22
          chunk 1 text run 1 at (4200.00,3620.00) startOffset 0 endOffset 11 width 80.00: "just a text"
      LayoutSVGText {text} at (4299,3603) size 81x22 contains 1 chunk(s)
        LayoutSVGInlineText {#text} at (4299,3603) size 81x22
          chunk 1 text run 1 at (4300.00,3620.00) startOffset 0 endOffset 11 width 80.00: "just a text"
      LayoutSVGText {text} at (4399,3603) size 81x22 contains 1 chunk(s)
        LayoutSVGInlineText {#text} at (4399,3603) size 81x22
          chunk 1 text run 1 at (4400.00,3620.00) startOffset 0 endOffset 11 width 80.00: "just a text"
      LayoutSVGText {text} at (4499,3603) size 81x22 contains 1 chunk(s)
        LayoutSVGInlineText {#text} at (4499,3603) size 81x22
          chunk 1 text run 1 at (4500.00,3620.00) startOffset 0 endOffset 11 width 80.00: "just a text"
      LayoutSVGText {text} at (4599,3603) size 81x22 contains 1 chunk(s)
        LayoutSVGInlineText {#text} at (4599,3603) size 81x22
          chunk 1 text run 1 at (4600.00,3620.00) startOffset 0 endOffset 11 width 80.00: "just a text"
      LayoutSVGText {text} at (4699,3603) size 81x22 contains 1 chunk(s)
        LayoutSVGInlineText {#text} at (4699,3603) size 81x22
          chunk 1 text run 1 at (4700.00,3620.00) startOffset 0 endOffset 11 width 80.00: "just a text"
      LayoutSVGText {text} at (4799,3603) size 81x22 contains 1 chunk(s)
        LayoutSVGInlineText {#text} at (4799,3603) size 81x22
          chunk 1 text run 1 at (4800.00,3620.00) startOffset 0 endOffset 11 width 80.00: "just a text"
      LayoutSVGText {text} at (4899,3603) size 81x22 contains 1 chunk(s)
        LayoutSVGInlineText {#text} at (4899,3603) size 81x22
          chunk 1 text run 1 at (4900.00,3620.00) startOffset 0 endOffset 11 width 80.00: "just a text"
      LayoutSVGText {text} at (-1,3703) size 81x22 contains 1 chunk(s)
        LayoutSVGInlineText {#text} at (-1,3703) size 81x22
          chunk 1 text run 1 at (0.00,3720.00) startOffset 0 endOffset 11 width 80.00: "just a text"
      LayoutSVGText {text} at (99,3703) size 81x22 contains 1 chunk(s)
        LayoutSVGInlineText {#text} at (99,3703) size 81x22
          chunk 1 text run 1 at (100.00,3720.00) startOffset 0 endOffset 11 width 80.00: "just a text"
      LayoutSVGText {text} at (199,3703) size 81x22 contains 1 chunk(s)
        LayoutSVGInlineText {#text} at (199,3703) size 81x22
          chunk 1 text run 1 at (200.00,3720.00) startOffset 0 endOffset 11 width 80.00: "just a text"
      LayoutSVGText {text} at (299,3703) size 81x22 contains 1 chunk(s)
        LayoutSVGInlineText {#text} at (299,3703) size 81x22
          chunk 1 text run 1 at (300.00,3720.00) startOffset 0 endOffset 11 width 80.00: "just a text"
      LayoutSVGText {text} at (399,3703) size 81x22 contains 1 chunk(s)
        LayoutSVGInlineText {#text} at (399,3703) size 81x22
          chunk 1 text run 1 at (400.00,3720.00) startOffset 0 endOffset 11 width 80.00: "just a text"
      LayoutSVGText {text} at (499,3703) size 81x22 contains 1 chunk(s)
        LayoutSVGInlineText {#text} at (499,3703) size 81x22
          chunk 1 text run 1 at (500.00,3720.00) startOffset 0 endOffset 11 width 80.00: "just a text"
      LayoutSVGText {text} at (599,3703) size 81x22 contains 1 chunk(s)
        LayoutSVGInlineText {#text} at (599,3703) size 81x22
          chunk 1 text run 1 at (600.00,3720.00) startOffset 0 endOffset 11 width 80.00: "just a text"
      LayoutSVGText {text} at (699,3703) size 81x22 contains 1 chunk(s)
        LayoutSVGInlineText {#text} at (699,3703) size 81x22
          chunk 1 text run 1 at (700.00,3720.00) startOffset 0 endOffset 11 width 80.00: "just a text"
      LayoutSVGText {text} at (799,3703) size 81x22 contains 1 chunk(s)
        LayoutSVGInlineText {#text} at (799,3703) size 81x22
          chunk 1 text run 1 at (800.00,3720.00) startOffset 0 endOffset 11 width 80.00: "just a text"
      LayoutSVGText {text} at (899,3703) size 81x22 contains 1 chunk(s)
        LayoutSVGInlineText {#text} at (899,3703) size 81x22
          chunk 1 text run 1 at (900.00,3720.00) startOffset 0 endOffset 11 width 80.00: "just a text"
      LayoutSVGText {text} at (999,3703) size 81x22 contains 1 chunk(s)
        LayoutSVGInlineText {#text} at (999,3703) size 81x22
          chunk 1 text run 1 at (1000.00,3720.00) startOffset 0 endOffset 11 width 80.00: "just a text"
      LayoutSVGText {text} at (1099,3703) size 81x22 contains 1 chunk(s)
        LayoutSVGInlineText {#text} at (1099,3703) size 81x22
          chunk 1 text run 1 at (1100.00,3720.00) startOffset 0 endOffset 11 width 80.00: "just a text"
      LayoutSVGText {text} at (1199,3703) size 81x22 contains 1 chunk(s)
        LayoutSVGInlineText {#text} at (1199,3703) size 81x22
          chunk 1 text run 1 at (1200.00,3720.00) startOffset 0 endOffset 11 width 80.00: "just a text"
      LayoutSVGText {text} at (1299,3703) size 81x22 contains 1 chunk(s)
        LayoutSVGInlineText {#text} at (1299,3703) size 81x22
          chunk 1 text run 1 at (1300.00,3720.00) startOffset 0 endOffset 11 width 80.00: "just a text"
      LayoutSVGText {text} at (1399,3703) size 81x22 contains 1 chunk(s)
        LayoutSVGInlineText {#text} at (1399,3703) size 81x22
          chunk 1 text run 1 at (1400.00,3720.00) startOffset 0 endOffset 11 width 80.00: "just a text"
      LayoutSVGText {text} at (1499,3703) size 81x22 contains 1 chunk(s)
        LayoutSVGInlineText {#text} at (1499,3703) size 81x22
          chunk 1 text run 1 at (1500.00,3720.00) startOffset 0 endOffset 11 width 80.00: "just a text"
      LayoutSVGText {text} at (1599,3703) size 81x22 contains 1 chunk(s)
        LayoutSVGInlineText {#text} at (1599,3703) size 81x22
          chunk 1 text run 1 at (1600.00,3720.00) startOffset 0 endOffset 11 width 80.00: "just a text"
      LayoutSVGText {text} at (1699,3703) size 81x22 contains 1 chunk(s)
        LayoutSVGInlineText {#text} at (1699,3703) size 81x22
          chunk 1 text run 1 at (1700.00,3720.00) startOffset 0 endOffset 11 width 80.00: "just a text"
      LayoutSVGText {text} at (1799,3703) size 81x22 contains 1 chunk(s)
        LayoutSVGInlineText {#text} at (1799,3703) size 81x22
          chunk 1 text run 1 at (1800.00,3720.00) startOffset 0 endOffset 11 width 80.00: "just a text"
      LayoutSVGText {text} at (1899,3703) size 81x22 contains 1 chunk(s)
        LayoutSVGInlineText {#text} at (1899,3703) size 81x22
          chunk 1 text run 1 at (1900.00,3720.00) startOffset 0 endOffset 11 width 80.00: "just a text"
      LayoutSVGText {text} at (1999,3703) size 81x22 contains 1 chunk(s)
        LayoutSVGInlineText {#text} at (1999,3703) size 81x22
          chunk 1 text run 1 at (2000.00,3720.00) startOffset 0 endOffset 11 width 80.00: "just a text"
      LayoutSVGText {text} at (2099,3703) size 81x22 contains 1 chunk(s)
        LayoutSVGInlineText {#text} at (2099,3703) size 81x22
          chunk 1 text run 1 at (2100.00,3720.00) startOffset 0 endOffset 11 width 80.00: "just a text"
      LayoutSVGText {text} at (2199,3703) size 81x22 contains 1 chunk(s)
        LayoutSVGInlineText {#text} at (2199,3703) size 81x22
          chunk 1 text run 1 at (2200.00,3720.00) startOffset 0 endOffset 11 width 80.00: "just a text"
      LayoutSVGText {text} at (2299,3703) size 81x22 contains 1 chunk(s)
        LayoutSVGInlineText {#text} at (2299,3703) size 81x22
          chunk 1 text run 1 at (2300.00,3720.00) startOffset 0 endOffset 11 width 80.00: "just a text"
      LayoutSVGText {text} at (2399,3703) size 81x22 contains 1 chunk(s)
        LayoutSVGInlineText {#text} at (2399,3703) size 81x22
          chunk 1 text run 1 at (2400.00,3720.00) startOffset 0 endOffset 11 width 80.00: "just a text"
      LayoutSVGText {text} at (2499,3703) size 81x22 contains 1 chunk(s)
        LayoutSVGInlineText {#text} at (2499,3703) size 81x22
          chunk 1 text run 1 at (2500.00,3720.00) startOffset 0 endOffset 11 width 80.00: "just a text"
      LayoutSVGText {text} at (2599,3703) size 81x22 contains 1 chunk(s)
        LayoutSVGInlineText {#text} at (2599,3703) size 81x22
          chunk 1 text run 1 at (2600.00,3720.00) startOffset 0 endOffset 11 width 80.00: "just a text"
      LayoutSVGText {text} at (2699,3703) size 81x22 contains 1 chunk(s)
        LayoutSVGInlineText {#text} at (2699,3703) size 81x22
          chunk 1 text run 1 at (2700.00,3720.00) startOffset 0 endOffset 11 width 80.00: "just a text"
      LayoutSVGText {text} at (2799,3703) size 81x22 contains 1 chunk(s)
        LayoutSVGInlineText {#text} at (2799,3703) size 81x22
          chunk 1 text run 1 at (2800.00,3720.00) startOffset 0 endOffset 11 width 80.00: "just a text"
      LayoutSVGText {text} at (2899,3703) size 81x22 contains 1 chunk(s)
        LayoutSVGInlineText {#text} at (2899,3703) size 81x22
          chunk 1 text run 1 at (2900.00,3720.00) startOffset 0 endOffset 11 width 80.00: "just a text"
      LayoutSVGText {text} at (2999,3703) size 81x22 contains 1 chunk(s)
        LayoutSVGInlineText {#text} at (2999,3703) size 81x22
          chunk 1 text run 1 at (3000.00,3720.00) startOffset 0 endOffset 11 width 80.00: "just a text"
      LayoutSVGText {text} at (3099,3703) size 81x22 contains 1 chunk(s)
        LayoutSVGInlineText {#text} at (3099,3703) size 81x22
          chunk 1 text run 1 at (3100.00,3720.00) startOffset 0 endOffset 11 width 80.00: "just a text"
      LayoutSVGText {text} at (3199,3703) size 81x22 contains 1 chunk(s)
        LayoutSVGInlineText {#text} at (3199,3703) size 81x22
          chunk 1 text run 1 at (3200.00,3720.00) startOffset 0 endOffset 11 width 80.00: "just a text"
      LayoutSVGText {text} at (3299,3703) size 81x22 contains 1 chunk(s)
        LayoutSVGInlineText {#text} at (3299,3703) size 81x22
          chunk 1 text run 1 at (3300.00,3720.00) startOffset 0 endOffset 11 width 80.00: "just a text"
      LayoutSVGText {text} at (3399,3703) size 81x22 contains 1 chunk(s)
        LayoutSVGInlineText {#text} at (3399,3703) size 81x22
          chunk 1 text run 1 at (3400.00,3720.00) startOffset 0 endOffset 11 width 80.00: "just a text"
      LayoutSVGText {text} at (3499,3703) size 81x22 contains 1 chunk(s)
        LayoutSVGInlineText {#text} at (3499,3703) size 81x22
          chunk 1 text run 1 at (3500.00,3720.00) startOffset 0 endOffset 11 width 80.00: "just a text"
      LayoutSVGText {text} at (3599,3703) size 81x22 contains 1 chunk(s)
        LayoutSVGInlineText {#text} at (3599,3703) size 81x22
          chunk 1 text run 1 at (3600.00,3720.00) startOffset 0 endOffset 11 width 80.00: "just a text"
      LayoutSVGText {text} at (3699,3703) size 81x22 contains 1 chunk(s)
        LayoutSVGInlineText {#text} at (3699,3703) size 81x22
          chunk 1 text run 1 at (3700.00,3720.00) startOffset 0 endOffset 11 width 80.00: "just a text"
      LayoutSVGText {text} at (3799,3703) size 81x22 contains 1 chunk(s)
        LayoutSVGInlineText {#text} at (3799,3703) size 81x22
          chunk 1 text run 1 at (3800.00,3720.00) startOffset 0 endOffset 11 width 80.00: "just a text"
      LayoutSVGText {text} at (3899,3703) size 81x22 contains 1 chunk(s)
        LayoutSVGInlineText {#text} at (3899,3703) size 81x22
          chunk 1 text run 1 at (3900.00,3720.00) startOffset 0 endOffset 11 width 80.00: "just a text"
      LayoutSVGText {text} at (3999,3703) size 81x22 contains 1 chunk(s)
        LayoutSVGInlineText {#text} at (3999,3703) size 81x22
          chunk 1 text run 1 at (4000.00,3720.00) startOffset 0 endOffset 11 width 80.00: "just a text"
      LayoutSVGText {text} at (4099,3703) size 81x22 contains 1 chunk(s)
        LayoutSVGInlineText {#text} at (4099,3703) size 81x22
          chunk 1 text run 1 at (4100.00,3720.00) startOffset 0 endOffset 11 width 80.00: "just a text"
      LayoutSVGText {text} at (4199,3703) size 81x22 contains 1 chunk(s)
        LayoutSVGInlineText {#text} at (4199,3703) size 81x22
          chunk 1 text run 1 at (4200.00,3720.00) startOffset 0 endOffset 11 width 80.00: "just a text"
      LayoutSVGText {text} at (4299,3703) size 81x22 contains 1 chunk(s)
        LayoutSVGInlineText {#text} at (4299,3703) size 81x22
          chunk 1 text run 1 at (4300.00,3720.00) startOffset 0 endOffset 11 width 80.00: "just a text"
      LayoutSVGText {text} at (4399,3703) size 81x22 contains 1 chunk(s)
        LayoutSVGInlineText {#text} at (4399,3703) size 81x22
          chunk 1 text run 1 at (4400.00,3720.00) startOffset 0 endOffset 11 width 80.00: "just a text"
      LayoutSVGText {text} at (4499,3703) size 81x22 contains 1 chunk(s)
        LayoutSVGInlineText {#text} at (4499,3703) size 81x22
          chunk 1 text run 1 at (4500.00,3720.00) startOffset 0 endOffset 11 width 80.00: "just a text"
      LayoutSVGText {text} at (4599,3703) size 81x22 contains 1 chunk(s)
        LayoutSVGInlineText {#text} at (4599,3703) size 81x22
          chunk 1 text run 1 at (4600.00,3720.00) startOffset 0 endOffset 11 width 80.00: "just a text"
      LayoutSVGText {text} at (4699,3703) size 81x22 contains 1 chunk(s)
        LayoutSVGInlineText {#text} at (4699,3703) size 81x22
          chunk 1 text run 1 at (4700.00,3720.00) startOffset 0 endOffset 11 width 80.00: "just a text"
      LayoutSVGText {text} at (4799,3703) size 81x22 contains 1 chunk(s)
        LayoutSVGInlineText {#text} at (4799,3703) size 81x22
          chunk 1 text run 1 at (4800.00,3720.00) startOffset 0 endOffset 11 width 80.00: "just a text"
      LayoutSVGText {text} at (4899,3703) size 81x22 contains 1 chunk(s)
        LayoutSVGInlineText {#text} at (4899,3703) size 81x22
          chunk 1 text run 1 at (4900.00,3720.00) startOffset 0 endOffset 11 width 80.00: "just a text"
      LayoutSVGText {text} at (-1,3803) size 81x22 contains 1 chunk(s)
        LayoutSVGInlineText {#text} at (-1,3803) size 81x22
          chunk 1 text run 1 at (0.00,3820.00) startOffset 0 endOffset 11 width 80.00: "just a text"
      LayoutSVGText {text} at (99,3803) size 81x22 contains 1 chunk(s)
        LayoutSVGInlineText {#text} at (99,3803) size 81x22
          chunk 1 text run 1 at (100.00,3820.00) startOffset 0 endOffset 11 width 80.00: "just a text"
      LayoutSVGText {text} at (199,3803) size 81x22 contains 1 chunk(s)
        LayoutSVGInlineText {#text} at (199,3803) size 81x22
          chunk 1 text run 1 at (200.00,3820.00) startOffset 0 endOffset 11 width 80.00: "just a text"
      LayoutSVGText {text} at (299,3803) size 81x22 contains 1 chunk(s)
        LayoutSVGInlineText {#text} at (299,3803) size 81x22
          chunk 1 text run 1 at (300.00,3820.00) startOffset 0 endOffset 11 width 80.00: "just a text"
      LayoutSVGText {text} at (399,3803) size 81x22 contains 1 chunk(s)
        LayoutSVGInlineText {#text} at (399,3803) size 81x22
          chunk 1 text run 1 at (400.00,3820.00) startOffset 0 endOffset 11 width 80.00: "just a text"
      LayoutSVGText {text} at (499,3803) size 81x22 contains 1 chunk(s)
        LayoutSVGInlineText {#text} at (499,3803) size 81x22
          chunk 1 text run 1 at (500.00,3820.00) startOffset 0 endOffset 11 width 80.00: "just a text"
      LayoutSVGText {text} at (599,3803) size 81x22 contains 1 chunk(s)
        LayoutSVGInlineText {#text} at (599,3803) size 81x22
          chunk 1 text run 1 at (600.00,3820.00) startOffset 0 endOffset 11 width 80.00: "just a text"
      LayoutSVGText {text} at (699,3803) size 81x22 contains 1 chunk(s)
        LayoutSVGInlineText {#text} at (699,3803) size 81x22
          chunk 1 text run 1 at (700.00,3820.00) startOffset 0 endOffset 11 width 80.00: "just a text"
      LayoutSVGText {text} at (799,3803) size 81x22 contains 1 chunk(s)
        LayoutSVGInlineText {#text} at (799,3803) size 81x22
          chunk 1 text run 1 at (800.00,3820.00) startOffset 0 endOffset 11 width 80.00: "just a text"
      LayoutSVGText {text} at (899,3803) size 81x22 contains 1 chunk(s)
        LayoutSVGInlineText {#text} at (899,3803) size 81x22
          chunk 1 text run 1 at (900.00,3820.00) startOffset 0 endOffset 11 width 80.00: "just a text"
      LayoutSVGText {text} at (999,3803) size 81x22 contains 1 chunk(s)
        LayoutSVGInlineText {#text} at (999,3803) size 81x22
          chunk 1 text run 1 at (1000.00,3820.00) startOffset 0 endOffset 11 width 80.00: "just a text"
      LayoutSVGText {text} at (1099,3803) size 81x22 contains 1 chunk(s)
        LayoutSVGInlineText {#text} at (1099,3803) size 81x22
          chunk 1 text run 1 at (1100.00,3820.00) startOffset 0 endOffset 11 width 80.00: "just a text"
      LayoutSVGText {text} at (1199,3803) size 81x22 contains 1 chunk(s)
        LayoutSVGInlineText {#text} at (1199,3803) size 81x22
          chunk 1 text run 1 at (1200.00,3820.00) startOffset 0 endOffset 11 width 80.00: "just a text"
      LayoutSVGText {text} at (1299,3803) size 81x22 contains 1 chunk(s)
        LayoutSVGInlineText {#text} at (1299,3803) size 81x22
          chunk 1 text run 1 at (1300.00,3820.00) startOffset 0 endOffset 11 width 80.00: "just a text"
      LayoutSVGText {text} at (1399,3803) size 81x22 contains 1 chunk(s)
        LayoutSVGInlineText {#text} at (1399,3803) size 81x22
          chunk 1 text run 1 at (1400.00,3820.00) startOffset 0 endOffset 11 width 80.00: "just a text"
      LayoutSVGText {text} at (1499,3803) size 81x22 contains 1 chunk(s)
        LayoutSVGInlineText {#text} at (1499,3803) size 81x22
          chunk 1 text run 1 at (1500.00,3820.00) startOffset 0 endOffset 11 width 80.00: "just a text"
      LayoutSVGText {text} at (1599,3803) size 81x22 contains 1 chunk(s)
        LayoutSVGInlineText {#text} at (1599,3803) size 81x22
          chunk 1 text run 1 at (1600.00,3820.00) startOffset 0 endOffset 11 width 80.00: "just a text"
      LayoutSVGText {text} at (1699,3803) size 81x22 contains 1 chunk(s)
        LayoutSVGInlineText {#text} at (1699,3803) size 81x22
          chunk 1 text run 1 at (1700.00,3820.00) startOffset 0 endOffset 11 width 80.00: "just a text"
      LayoutSVGText {text} at (1799,3803) size 81x22 contains 1 chunk(s)
        LayoutSVGInlineText {#text} at (1799,3803) size 81x22
          chunk 1 text run 1 at (1800.00,3820.00) startOffset 0 endOffset 11 width 80.00: "just a text"
      LayoutSVGText {text} at (1899,3803) size 81x22 contains 1 chunk(s)
        LayoutSVGInlineText {#text} at (1899,3803) size 81x22
          chunk 1 text run 1 at (1900.00,3820.00) startOffset 0 endOffset 11 width 80.00: "just a text"
      LayoutSVGText {text} at (1999,3803) size 81x22 contains 1 chunk(s)
        LayoutSVGInlineText {#text} at (1999,3803) size 81x22
          chunk 1 text run 1 at (2000.00,3820.00) startOffset 0 endOffset 11 width 80.00: "just a text"
      LayoutSVGText {text} at (2099,3803) size 81x22 contains 1 chunk(s)
        LayoutSVGInlineText {#text} at (2099,3803) size 81x22
          chunk 1 text run 1 at (2100.00,3820.00) startOffset 0 endOffset 11 width 80.00: "just a text"
      LayoutSVGText {text} at (2199,3803) size 81x22 contains 1 chunk(s)
        LayoutSVGInlineText {#text} at (2199,3803) size 81x22
          chunk 1 text run 1 at (2200.00,3820.00) startOffset 0 endOffset 11 width 80.00: "just a text"
      LayoutSVGText {text} at (2299,3803) size 81x22 contains 1 chunk(s)
        LayoutSVGInlineText {#text} at (2299,3803) size 81x22
          chunk 1 text run 1 at (2300.00,3820.00) startOffset 0 endOffset 11 width 80.00: "just a text"
      LayoutSVGText {text} at (2399,3803) size 81x22 contains 1 chunk(s)
        LayoutSVGInlineText {#text} at (2399,3803) size 81x22
          chunk 1 text run 1 at (2400.00,3820.00) startOffset 0 endOffset 11 width 80.00: "just a text"
      LayoutSVGText {text} at (2499,3803) size 81x22 contains 1 chunk(s)
        LayoutSVGInlineText {#text} at (2499,3803) size 81x22
          chunk 1 text run 1 at (2500.00,3820.00) startOffset 0 endOffset 11 width 80.00: "just a text"
      LayoutSVGText {text} at (2599,3803) size 81x22 contains 1 chunk(s)
        LayoutSVGInlineText {#text} at (2599,3803) size 81x22
          chunk 1 text run 1 at (2600.00,3820.00) startOffset 0 endOffset 11 width 80.00: "just a text"
      LayoutSVGText {text} at (2699,3803) size 81x22 contains 1 chunk(s)
        LayoutSVGInlineText {#text} at (2699,3803) size 81x22
          chunk 1 text run 1 at (2700.00,3820.00) startOffset 0 endOffset 11 width 80.00: "just a text"
      LayoutSVGText {text} at (2799,3803) size 81x22 contains 1 chunk(s)
        LayoutSVGInlineText {#text} at (2799,3803) size 81x22
          chunk 1 text run 1 at (2800.00,3820.00) startOffset 0 endOffset 11 width 80.00: "just a text"
      LayoutSVGText {text} at (2899,3803) size 81x22 contains 1 chunk(s)
        LayoutSVGInlineText {#text} at (2899,3803) size 81x22
          chunk 1 text run 1 at (2900.00,3820.00) startOffset 0 endOffset 11 width 80.00: "just a text"
      LayoutSVGText {text} at (2999,3803) size 81x22 contains 1 chunk(s)
        LayoutSVGInlineText {#text} at (2999,3803) size 81x22
          chunk 1 text run 1 at (3000.00,3820.00) startOffset 0 endOffset 11 width 80.00: "just a text"
      LayoutSVGText {text} at (3099,3803) size 81x22 contains 1 chunk(s)
        LayoutSVGInlineText {#text} at (3099,3803) size 81x22
          chunk 1 text run 1 at (3100.00,3820.00) startOffset 0 endOffset 11 width 80.00: "just a text"
      LayoutSVGText {text} at (3199,3803) size 81x22 contains 1 chunk(s)
        LayoutSVGInlineText {#text} at (3199,3803) size 81x22
          chunk 1 text run 1 at (3200.00,3820.00) startOffset 0 endOffset 11 width 80.00: "just a text"
      LayoutSVGText {text} at (3299,3803) size 81x22 contains 1 chunk(s)
        LayoutSVGInlineText {#text} at (3299,3803) size 81x22
          chunk 1 text run 1 at (3300.00,3820.00) startOffset 0 endOffset 11 width 80.00: "just a text"
      LayoutSVGText {text} at (3399,3803) size 81x22 contains 1 chunk(s)
        LayoutSVGInlineText {#text} at (3399,3803) size 81x22
          chunk 1 text run 1 at (3400.00,3820.00) startOffset 0 endOffset 11 width 80.00: "just a text"
      LayoutSVGText {text} at (3499,3803) size 81x22 contains 1 chunk(s)
        LayoutSVGInlineText {#text} at (3499,3803) size 81x22
          chunk 1 text run 1 at (3500.00,3820.00) startOffset 0 endOffset 11 width 80.00: "just a text"
      LayoutSVGText {text} at (3599,3803) size 81x22 contains 1 chunk(s)
        LayoutSVGInlineText {#text} at (3599,3803) size 81x22
          chunk 1 text run 1 at (3600.00,3820.00) startOffset 0 endOffset 11 width 80.00: "just a text"
      LayoutSVGText {text} at (3699,3803) size 81x22 contains 1 chunk(s)
        LayoutSVGInlineText {#text} at (3699,3803) size 81x22
          chunk 1 text run 1 at (3700.00,3820.00) startOffset 0 endOffset 11 width 80.00: "just a text"
      LayoutSVGText {text} at (3799,3803) size 81x22 contains 1 chunk(s)
        LayoutSVGInlineText {#text} at (3799,3803) size 81x22
          chunk 1 text run 1 at (3800.00,3820.00) startOffset 0 endOffset 11 width 80.00: "just a text"
      LayoutSVGText {text} at (3899,3803) size 81x22 contains 1 chunk(s)
        LayoutSVGInlineText {#text} at (3899,3803) size 81x22
          chunk 1 text run 1 at (3900.00,3820.00) startOffset 0 endOffset 11 width 80.00: "just a text"
      LayoutSVGText {text} at (3999,3803) size 81x22 contains 1 chunk(s)
        LayoutSVGInlineText {#text} at (3999,3803) size 81x22
          chunk 1 text run 1 at (4000.00,3820.00) startOffset 0 endOffset 11 width 80.00: "just a text"
      LayoutSVGText {text} at (4099,3803) size 81x22 contains 1 chunk(s)
        LayoutSVGInlineText {#text} at (4099,3803) size 81x22
          chunk 1 text run 1 at (4100.00,3820.00) startOffset 0 endOffset 11 width 80.00: "just a text"
      LayoutSVGText {text} at (4199,3803) size 81x22 contains 1 chunk(s)
        LayoutSVGInlineText {#text} at (4199,3803) size 81x22
          chunk 1 text run 1 at (4200.00,3820.00) startOffset 0 endOffset 11 width 80.00: "just a text"
      LayoutSVGText {text} at (4299,3803) size 81x22 contains 1 chunk(s)
        LayoutSVGInlineText {#text} at (4299,3803) size 81x22
          chunk 1 text run 1 at (4300.00,3820.00) startOffset 0 endOffset 11 width 80.00: "just a text"
      LayoutSVGText {text} at (4399,3803) size 81x22 contains 1 chunk(s)
        LayoutSVGInlineText {#text} at (4399,3803) size 81x22
          chunk 1 text run 1 at (4400.00,3820.00) startOffset 0 endOffset 11 width 80.00: "just a text"
      LayoutSVGText {text} at (4499,3803) size 81x22 contains 1 chunk(s)
        LayoutSVGInlineText {#text} at (4499,3803) size 81x22
          chunk 1 text run 1 at (4500.00,3820.00) startOffset 0 endOffset 11 width 80.00: "just a text"
      LayoutSVGText {text} at (4599,3803) size 81x22 contains 1 chunk(s)
        LayoutSVGInlineText {#text} at (4599,3803) size 81x22
          chunk 1 text run 1 at (4600.00,3820.00) startOffset 0 endOffset 11 width 80.00: "just a text"
      LayoutSVGText {text} at (4699,3803) size 81x22 contains 1 chunk(s)
        LayoutSVGInlineText {#text} at (4699,3803) size 81x22
          chunk 1 text run 1 at (4700.00,3820.00) startOffset 0 endOffset 11 width 80.00: "just a text"
      LayoutSVGText {text} at (4799,3803) size 81x22 contains 1 chunk(s)
        LayoutSVGInlineText {#text} at (4799,3803) size 81x22
          chunk 1 text run 1 at (4800.00,3820.00) startOffset 0 endOffset 11 width 80.00: "just a text"
      LayoutSVGText {text} at (4899,3803) size 81x22 contains 1 chunk(s)
        LayoutSVGInlineText {#text} at (4899,3803) size 81x22
          chunk 1 text run 1 at (4900.00,3820.00) startOffset 0 endOffset 11 width 80.00: "just a text"
      LayoutSVGText {text} at (-1,3903) size 81x22 contains 1 chunk(s)
        LayoutSVGInlineText {#text} at (-1,3903) size 81x22
          chunk 1 text run 1 at (0.00,3920.00) startOffset 0 endOffset 11 width 80.00: "just a text"
      LayoutSVGText {text} at (99,3903) size 81x22 contains 1 chunk(s)
        LayoutSVGInlineText {#text} at (99,3903) size 81x22
          chunk 1 text run 1 at (100.00,3920.00) startOffset 0 endOffset 11 width 80.00: "just a text"
      LayoutSVGText {text} at (199,3903) size 81x22 contains 1 chunk(s)
        LayoutSVGInlineText {#text} at (199,3903) size 81x22
          chunk 1 text run 1 at (200.00,3920.00) startOffset 0 endOffset 11 width 80.00: "just a text"
      LayoutSVGText {text} at (299,3903) size 81x22 contains 1 chunk(s)
        LayoutSVGInlineText {#text} at (299,3903) size 81x22
          chunk 1 text run 1 at (300.00,3920.00) startOffset 0 endOffset 11 width 80.00: "just a text"
      LayoutSVGText {text} at (399,3903) size 81x22 contains 1 chunk(s)
        LayoutSVGInlineText {#text} at (399,3903) size 81x22
          chunk 1 text run 1 at (400.00,3920.00) startOffset 0 endOffset 11 width 80.00: "just a text"
      LayoutSVGText {text} at (499,3903) size 81x22 contains 1 chunk(s)
        LayoutSVGInlineText {#text} at (499,3903) size 81x22
          chunk 1 text run 1 at (500.00,3920.00) startOffset 0 endOffset 11 width 80.00: "just a text"
      LayoutSVGText {text} at (599,3903) size 81x22 contains 1 chunk(s)
        LayoutSVGInlineText {#text} at (599,3903) size 81x22
          chunk 1 text run 1 at (600.00,3920.00) startOffset 0 endOffset 11 width 80.00: "just a text"
      LayoutSVGText {text} at (699,3903) size 81x22 contains 1 chunk(s)
        LayoutSVGInlineText {#text} at (699,3903) size 81x22
          chunk 1 text run 1 at (700.00,3920.00) startOffset 0 endOffset 11 width 80.00: "just a text"
      LayoutSVGText {text} at (799,3903) size 81x22 contains 1 chunk(s)
        LayoutSVGInlineText {#text} at (799,3903) size 81x22
          chunk 1 text run 1 at (800.00,3920.00) startOffset 0 endOffset 11 width 80.00: "just a text"
      LayoutSVGText {text} at (899,3903) size 81x22 contains 1 chunk(s)
        LayoutSVGInlineText {#text} at (899,3903) size 81x22
          chunk 1 text run 1 at (900.00,3920.00) startOffset 0 endOffset 11 width 80.00: "just a text"
      LayoutSVGText {text} at (999,3903) size 81x22 contains 1 chunk(s)
        LayoutSVGInlineText {#text} at (999,3903) size 81x22
          chunk 1 text run 1 at (1000.00,3920.00) startOffset 0 endOffset 11 width 80.00: "just a text"
      LayoutSVGText {text} at (1099,3903) size 81x22 contains 1 chunk(s)
        LayoutSVGInlineText {#text} at (1099,3903) size 81x22
          chunk 1 text run 1 at (1100.00,3920.00) startOffset 0 endOffset 11 width 80.00: "just a text"
      LayoutSVGText {text} at (1199,3903) size 81x22 contains 1 chunk(s)
        LayoutSVGInlineText {#text} at (1199,3903) size 81x22
          chunk 1 text run 1 at (1200.00,3920.00) startOffset 0 endOffset 11 width 80.00: "just a text"
      LayoutSVGText {text} at (1299,3903) size 81x22 contains 1 chunk(s)
        LayoutSVGInlineText {#text} at (1299,3903) size 81x22
          chunk 1 text run 1 at (1300.00,3920.00) startOffset 0 endOffset 11 width 80.00: "just a text"
      LayoutSVGText {text} at (1399,3903) size 81x22 contains 1 chunk(s)
        LayoutSVGInlineText {#text} at (1399,3903) size 81x22
          chunk 1 text run 1 at (1400.00,3920.00) startOffset 0 endOffset 11 width 80.00: "just a text"
      LayoutSVGText {text} at (1499,3903) size 81x22 contains 1 chunk(s)
        LayoutSVGInlineText {#text} at (1499,3903) size 81x22
          chunk 1 text run 1 at (1500.00,3920.00) startOffset 0 endOffset 11 width 80.00: "just a text"
      LayoutSVGText {text} at (1599,3903) size 81x22 contains 1 chunk(s)
        LayoutSVGInlineText {#text} at (1599,3903) size 81x22
          chunk 1 text run 1 at (1600.00,3920.00) startOffset 0 endOffset 11 width 80.00: "just a text"
      LayoutSVGText {text} at (1699,3903) size 81x22 contains 1 chunk(s)
        LayoutSVGInlineText {#text} at (1699,3903) size 81x22
          chunk 1 text run 1 at (1700.00,3920.00) startOffset 0 endOffset 11 width 80.00: "just a text"
      LayoutSVGText {text} at (1799,3903) size 81x22 contains 1 chunk(s)
        LayoutSVGInlineText {#text} at (1799,3903) size 81x22
          chunk 1 text run 1 at (1800.00,3920.00) startOffset 0 endOffset 11 width 80.00: "just a text"
      LayoutSVGText {text} at (1899,3903) size 81x22 contains 1 chunk(s)
        LayoutSVGInlineText {#text} at (1899,3903) size 81x22
          chunk 1 text run 1 at (1900.00,3920.00) startOffset 0 endOffset 11 width 80.00: "just a text"
      LayoutSVGText {text} at (1999,3903) size 81x22 contains 1 chunk(s)
        LayoutSVGInlineText {#text} at (1999,3903) size 81x22
          chunk 1 text run 1 at (2000.00,3920.00) startOffset 0 endOffset 11 width 80.00: "just a text"
      LayoutSVGText {text} at (2099,3903) size 81x22 contains 1 chunk(s)
        LayoutSVGInlineText {#text} at (2099,3903) size 81x22
          chunk 1 text run 1 at (2100.00,3920.00) startOffset 0 endOffset 11 width 80.00: "just a text"
      LayoutSVGText {text} at (2199,3903) size 81x22 contains 1 chunk(s)
        LayoutSVGInlineText {#text} at (2199,3903) size 81x22
          chunk 1 text run 1 at (2200.00,3920.00) startOffset 0 endOffset 11 width 80.00: "just a text"
      LayoutSVGText {text} at (2299,3903) size 81x22 contains 1 chunk(s)
        LayoutSVGInlineText {#text} at (2299,3903) size 81x22
          chunk 1 text run 1 at (2300.00,3920.00) startOffset 0 endOffset 11 width 80.00: "just a text"
      LayoutSVGText {text} at (2399,3903) size 81x22 contains 1 chunk(s)
        LayoutSVGInlineText {#text} at (2399,3903) size 81x22
          chunk 1 text run 1 at (2400.00,3920.00) startOffset 0 endOffset 11 width 80.00: "just a text"
      LayoutSVGText {text} at (2499,3903) size 81x22 contains 1 chunk(s)
        LayoutSVGInlineText {#text} at (2499,3903) size 81x22
          chunk 1 text run 1 at (2500.00,3920.00) startOffset 0 endOffset 11 width 80.00: "just a text"
      LayoutSVGText {text} at (2599,3903) size 81x22 contains 1 chunk(s)
        LayoutSVGInlineText {#text} at (2599,3903) size 81x22
          chunk 1 text run 1 at (2600.00,3920.00) startOffset 0 endOffset 11 width 80.00: "just a text"
      LayoutSVGText {text} at (2699,3903) size 81x22 contains 1 chunk(s)
        LayoutSVGInlineText {#text} at (2699,3903) size 81x22
          chunk 1 text run 1 at (2700.00,3920.00) startOffset 0 endOffset 11 width 80.00: "just a text"
      LayoutSVGText {text} at (2799,3903) size 81x22 contains 1 chunk(s)
        LayoutSVGInlineText {#text} at (2799,3903) size 81x22
          chunk 1 text run 1 at (2800.00,3920.00) startOffset 0 endOffset 11 width 80.00: "just a text"
      LayoutSVGText {text} at (2899,3903) size 81x22 contains 1 chunk(s)
        LayoutSVGInlineText {#text} at (2899,3903) size 81x22
          chunk 1 text run 1 at (2900.00,3920.00) startOffset 0 endOffset 11 width 80.00: "just a text"
      LayoutSVGText {text} at (2999,3903) size 81x22 contains 1 chunk(s)
        LayoutSVGInlineText {#text} at (2999,3903) size 81x22
          chunk 1 text run 1 at (3000.00,3920.00) startOffset 0 endOffset 11 width 80.00: "just a text"
      LayoutSVGText {text} at (3099,3903) size 81x22 contains 1 chunk(s)
        LayoutSVGInlineText {#text} at (3099,3903) size 81x22
          chunk 1 text run 1 at (3100.00,3920.00) startOffset 0 endOffset 11 width 80.00: "just a text"
      LayoutSVGText {text} at (3199,3903) size 81x22 contains 1 chunk(s)
        LayoutSVGInlineText {#text} at (3199,3903) size 81x22
          chunk 1 text run 1 at (3200.00,3920.00) startOffset 0 endOffset 11 width 80.00: "just a text"
      LayoutSVGText {text} at (3299,3903) size 81x22 contains 1 chunk(s)
        LayoutSVGInlineText {#text} at (3299,3903) size 81x22
          chunk 1 text run 1 at (3300.00,3920.00) startOffset 0 endOffset 11 width 80.00: "just a text"
      LayoutSVGText {text} at (3399,3903) size 81x22 contains 1 chunk(s)
        LayoutSVGInlineText {#text} at (3399,3903) size 81x22
          chunk 1 text run 1 at (3400.00,3920.00) startOffset 0 endOffset 11 width 80.00: "just a text"
      LayoutSVGText {text} at (3499,3903) size 81x22 contains 1 chunk(s)
        LayoutSVGInlineText {#text} at (3499,3903) size 81x22
          chunk 1 text run 1 at (3500.00,3920.00) startOffset 0 endOffset 11 width 80.00: "just a text"
      LayoutSVGText {text} at (3599,3903) size 81x22 contains 1 chunk(s)
        LayoutSVGInlineText {#text} at (3599,3903) size 81x22
          chunk 1 text run 1 at (3600.00,3920.00) startOffset 0 endOffset 11 width 80.00: "just a text"
      LayoutSVGText {text} at (3699,3903) size 81x22 contains 1 chunk(s)
        LayoutSVGInlineText {#text} at (3699,3903) size 81x22
          chunk 1 text run 1 at (3700.00,3920.00) startOffset 0 endOffset 11 width 80.00: "just a text"
      LayoutSVGText {text} at (3799,3903) size 81x22 contains 1 chunk(s)
        LayoutSVGInlineText {#text} at (3799,3903) size 81x22
          chunk 1 text run 1 at (3800.00,3920.00) startOffset 0 endOffset 11 width 80.00: "just a text"
      LayoutSVGText {text} at (3899,3903) size 81x22 contains 1 chunk(s)
        LayoutSVGInlineText {#text} at (3899,3903) size 81x22
          chunk 1 text run 1 at (3900.00,3920.00) startOffset 0 endOffset 11 width 80.00: "just a text"
      LayoutSVGText {text} at (3999,3903) size 81x22 contains 1 chunk(s)
        LayoutSVGInlineText {#text} at (3999,3903) size 81x22
          chunk 1 text run 1 at (4000.00,3920.00) startOffset 0 endOffset 11 width 80.00: "just a text"
      LayoutSVGText {text} at (4099,3903) size 81x22 contains 1 chunk(s)
        LayoutSVGInlineText {#text} at (4099,3903) size 81x22
          chunk 1 text run 1 at (4100.00,3920.00) startOffset 0 endOffset 11 width 80.00: "just a text"
      LayoutSVGText {text} at (4199,3903) size 81x22 contains 1 chunk(s)
        LayoutSVGInlineText {#text} at (4199,3903) size 81x22
          chunk 1 text run 1 at (4200.00,3920.00) startOffset 0 endOffset 11 width 80.00: "just a text"
      LayoutSVGText {text} at (4299,3903) size 81x22 contains 1 chunk(s)
        LayoutSVGInlineText {#text} at (4299,3903) size 81x22
          chunk 1 text run 1 at (4300.00,3920.00) startOffset 0 endOffset 11 width 80.00: "just a text"
      LayoutSVGText {text} at (4399,3903) size 81x22 contains 1 chunk(s)
        LayoutSVGInlineText {#text} at (4399,3903) size 81x22
          chunk 1 text run 1 at (4400.00,3920.00) startOffset 0 endOffset 11 width 80.00: "just a text"
      LayoutSVGText {text} at (4499,3903) size 81x22 contains 1 chunk(s)
        LayoutSVGInlineText {#text} at (4499,3903) size 81x22
          chunk 1 text run 1 at (4500.00,3920.00) startOffset 0 endOffset 11 width 80.00: "just a text"
      LayoutSVGText {text} at (4599,3903) size 81x22 contains 1 chunk(s)
        LayoutSVGInlineText {#text} at (4599,3903) size 81x22
          chunk 1 text run 1 at (4600.00,3920.00) startOffset 0 endOffset 11 width 80.00: "just a text"
      LayoutSVGText {text} at (4699,3903) size 81x22 contains 1 chunk(s)
        LayoutSVGInlineText {#text} at (4699,3903) size 81x22
          chunk 1 text run 1 at (4700.00,3920.00) startOffset 0 endOffset 11 width 80.00: "just a text"
      LayoutSVGText {text} at (4799,3903) size 81x22 contains 1 chunk(s)
        LayoutSVGInlineText {#text} at (4799,3903) size 81x22
          chunk 1 text run 1 at (4800.00,3920.00) startOffset 0 endOffset 11 width 80.00: "just a text"
      LayoutSVGText {text} at (4899,3903) size 81x22 contains 1 chunk(s)
        LayoutSVGInlineText {#text} at (4899,3903) size 81x22
          chunk 1 text run 1 at (4900.00,3920.00) startOffset 0 endOffset 11 width 80.00: "just a text"
      LayoutSVGText {text} at (-1,4003) size 81x22 contains 1 chunk(s)
        LayoutSVGInlineText {#text} at (-1,4003) size 81x22
          chunk 1 text run 1 at (0.00,4020.00) startOffset 0 endOffset 11 width 80.00: "just a text"
      LayoutSVGText {text} at (99,4003) size 81x22 contains 1 chunk(s)
        LayoutSVGInlineText {#text} at (99,4003) size 81x22
          chunk 1 text run 1 at (100.00,4020.00) startOffset 0 endOffset 11 width 80.00: "just a text"
      LayoutSVGText {text} at (199,4003) size 81x22 contains 1 chunk(s)
        LayoutSVGInlineText {#text} at (199,4003) size 81x22
          chunk 1 text run 1 at (200.00,4020.00) startOffset 0 endOffset 11 width 80.00: "just a text"
      LayoutSVGText {text} at (299,4003) size 81x22 contains 1 chunk(s)
        LayoutSVGInlineText {#text} at (299,4003) size 81x22
          chunk 1 text run 1 at (300.00,4020.00) startOffset 0 endOffset 11 width 80.00: "just a text"
      LayoutSVGText {text} at (399,4003) size 81x22 contains 1 chunk(s)
        LayoutSVGInlineText {#text} at (399,4003) size 81x22
          chunk 1 text run 1 at (400.00,4020.00) startOffset 0 endOffset 11 width 80.00: "just a text"
      LayoutSVGText {text} at (499,4003) size 81x22 contains 1 chunk(s)
        LayoutSVGInlineText {#text} at (499,4003) size 81x22
          chunk 1 text run 1 at (500.00,4020.00) startOffset 0 endOffset 11 width 80.00: "just a text"
      LayoutSVGText {text} at (599,4003) size 81x22 contains 1 chunk(s)
        LayoutSVGInlineText {#text} at (599,4003) size 81x22
          chunk 1 text run 1 at (600.00,4020.00) startOffset 0 endOffset 11 width 80.00: "just a text"
      LayoutSVGText {text} at (699,4003) size 81x22 contains 1 chunk(s)
        LayoutSVGInlineText {#text} at (699,4003) size 81x22
          chunk 1 text run 1 at (700.00,4020.00) startOffset 0 endOffset 11 width 80.00: "just a text"
      LayoutSVGText {text} at (799,4003) size 81x22 contains 1 chunk(s)
        LayoutSVGInlineText {#text} at (799,4003) size 81x22
          chunk 1 text run 1 at (800.00,4020.00) startOffset 0 endOffset 11 width 80.00: "just a text"
      LayoutSVGText {text} at (899,4003) size 81x22 contains 1 chunk(s)
        LayoutSVGInlineText {#text} at (899,4003) size 81x22
          chunk 1 text run 1 at (900.00,4020.00) startOffset 0 endOffset 11 width 80.00: "just a text"
      LayoutSVGText {text} at (999,4003) size 81x22 contains 1 chunk(s)
        LayoutSVGInlineText {#text} at (999,4003) size 81x22
          chunk 1 text run 1 at (1000.00,4020.00) startOffset 0 endOffset 11 width 80.00: "just a text"
      LayoutSVGText {text} at (1099,4003) size 81x22 contains 1 chunk(s)
        LayoutSVGInlineText {#text} at (1099,4003) size 81x22
          chunk 1 text run 1 at (1100.00,4020.00) startOffset 0 endOffset 11 width 80.00: "just a text"
      LayoutSVGText {text} at (1199,4003) size 81x22 contains 1 chunk(s)
        LayoutSVGInlineText {#text} at (1199,4003) size 81x22
          chunk 1 text run 1 at (1200.00,4020.00) startOffset 0 endOffset 11 width 80.00: "just a text"
      LayoutSVGText {text} at (1299,4003) size 81x22 contains 1 chunk(s)
        LayoutSVGInlineText {#text} at (1299,4003) size 81x22
          chunk 1 text run 1 at (1300.00,4020.00) startOffset 0 endOffset 11 width 80.00: "just a text"
      LayoutSVGText {text} at (1399,4003) size 81x22 contains 1 chunk(s)
        LayoutSVGInlineText {#text} at (1399,4003) size 81x22
          chunk 1 text run 1 at (1400.00,4020.00) startOffset 0 endOffset 11 width 80.00: "just a text"
      LayoutSVGText {text} at (1499,4003) size 81x22 contains 1 chunk(s)
        LayoutSVGInlineText {#text} at (1499,4003) size 81x22
          chunk 1 text run 1 at (1500.00,4020.00) startOffset 0 endOffset 11 width 80.00: "just a text"
      LayoutSVGText {text} at (1599,4003) size 81x22 contains 1 chunk(s)
        LayoutSVGInlineText {#text} at (1599,4003) size 81x22
          chunk 1 text run 1 at (1600.00,4020.00) startOffset 0 endOffset 11 width 80.00: "just a text"
      LayoutSVGText {text} at (1699,4003) size 81x22 contains 1 chunk(s)
        LayoutSVGInlineText {#text} at (1699,4003) size 81x22
          chunk 1 text run 1 at (1700.00,4020.00) startOffset 0 endOffset 11 width 80.00: "just a text"
      LayoutSVGText {text} at (1799,4003) size 81x22 contains 1 chunk(s)
        LayoutSVGInlineText {#text} at (1799,4003) size 81x22
          chunk 1 text run 1 at (1800.00,4020.00) startOffset 0 endOffset 11 width 80.00: "just a text"
      LayoutSVGText {text} at (1899,4003) size 81x22 contains 1 chunk(s)
        LayoutSVGInlineText {#text} at (1899,4003) size 81x22
          chunk 1 text run 1 at (1900.00,4020.00) startOffset 0 endOffset 11 width 80.00: "just a text"
      LayoutSVGText {text} at (1999,4003) size 81x22 contains 1 chunk(s)
        LayoutSVGInlineText {#text} at (1999,4003) size 81x22
          chunk 1 text run 1 at (2000.00,4020.00) startOffset 0 endOffset 11 width 80.00: "just a text"
      LayoutSVGText {text} at (2099,4003) size 81x22 contains 1 chunk(s)
        LayoutSVGInlineText {#text} at (2099,4003) size 81x22
          chunk 1 text run 1 at (2100.00,4020.00) startOffset 0 endOffset 11 width 80.00: "just a text"
      LayoutSVGText {text} at (2199,4003) size 81x22 contains 1 chunk(s)
        LayoutSVGInlineText {#text} at (2199,4003) size 81x22
          chunk 1 text run 1 at (2200.00,4020.00) startOffset 0 endOffset 11 width 80.00: "just a text"
      LayoutSVGText {text} at (2299,4003) size 81x22 contains 1 chunk(s)
        LayoutSVGInlineText {#text} at (2299,4003) size 81x22
          chunk 1 text run 1 at (2300.00,4020.00) startOffset 0 endOffset 11 width 80.00: "just a text"
      LayoutSVGText {text} at (2399,4003) size 81x22 contains 1 chunk(s)
        LayoutSVGInlineText {#text} at (2399,4003) size 81x22
          chunk 1 text run 1 at (2400.00,4020.00) startOffset 0 endOffset 11 width 80.00: "just a text"
      LayoutSVGText {text} at (2499,4003) size 81x22 contains 1 chunk(s)
        LayoutSVGInlineText {#text} at (2499,4003) size 81x22
          chunk 1 text run 1 at (2500.00,4020.00) startOffset 0 endOffset 11 width 80.00: "just a text"
      LayoutSVGText {text} at (2599,4003) size 81x22 contains 1 chunk(s)
        LayoutSVGInlineText {#text} at (2599,4003) size 81x22
          chunk 1 text run 1 at (2600.00,4020.00) startOffset 0 endOffset 11 width 80.00: "just a text"
      LayoutSVGText {text} at (2699,4003) size 81x22 contains 1 chunk(s)
        LayoutSVGInlineText {#text} at (2699,4003) size 81x22
          chunk 1 text run 1 at (2700.00,4020.00) startOffset 0 endOffset 11 width 80.00: "just a text"
      LayoutSVGText {text} at (2799,4003) size 81x22 contains 1 chunk(s)
        LayoutSVGInlineText {#text} at (2799,4003) size 81x22
          chunk 1 text run 1 at (2800.00,4020.00) startOffset 0 endOffset 11 width 80.00: "just a text"
      LayoutSVGText {text} at (2899,4003) size 81x22 contains 1 chunk(s)
        LayoutSVGInlineText {#text} at (2899,4003) size 81x22
          chunk 1 text run 1 at (2900.00,4020.00) startOffset 0 endOffset 11 width 80.00: "just a text"
      LayoutSVGText {text} at (2999,4003) size 81x22 contains 1 chunk(s)
        LayoutSVGInlineText {#text} at (2999,4003) size 81x22
          chunk 1 text run 1 at (3000.00,4020.00) startOffset 0 endOffset 11 width 80.00: "just a text"
      LayoutSVGText {text} at (3099,4003) size 81x22 contains 1 chunk(s)
        LayoutSVGInlineText {#text} at (3099,4003) size 81x22
          chunk 1 text run 1 at (3100.00,4020.00) startOffset 0 endOffset 11 width 80.00: "just a text"
      LayoutSVGText {text} at (3199,4003) size 81x22 contains 1 chunk(s)
        LayoutSVGInlineText {#text} at (3199,4003) size 81x22
          chunk 1 text run 1 at (3200.00,4020.00) startOffset 0 endOffset 11 width 80.00: "just a text"
      LayoutSVGText {text} at (3299,4003) size 81x22 contains 1 chunk(s)
        LayoutSVGInlineText {#text} at (3299,4003) size 81x22
          chunk 1 text run 1 at (3300.00,4020.00) startOffset 0 endOffset 11 width 80.00: "just a text"
      LayoutSVGText {text} at (3399,4003) size 81x22 contains 1 chunk(s)
        LayoutSVGInlineText {#text} at (3399,4003) size 81x22
          chunk 1 text run 1 at (3400.00,4020.00) startOffset 0 endOffset 11 width 80.00: "just a text"
      LayoutSVGText {text} at (3499,4003) size 81x22 contains 1 chunk(s)
        LayoutSVGInlineText {#text} at (3499,4003) size 81x22
          chunk 1 text run 1 at (3500.00,4020.00) startOffset 0 endOffset 11 width 80.00: "just a text"
      LayoutSVGText {text} at (3599,4003) size 81x22 contains 1 chunk(s)
        LayoutSVGInlineText {#text} at (3599,4003) size 81x22
          chunk 1 text run 1 at (3600.00,4020.00) startOffset 0 endOffset 11 width 80.00: "just a text"
      LayoutSVGText {text} at (3699,4003) size 81x22 contains 1 chunk(s)
        LayoutSVGInlineText {#text} at (3699,4003) size 81x22
          chunk 1 text run 1 at (3700.00,4020.00) startOffset 0 endOffset 11 width 80.00: "just a text"
      LayoutSVGText {text} at (3799,4003) size 81x22 contains 1 chunk(s)
        LayoutSVGInlineText {#text} at (3799,4003) size 81x22
          chunk 1 text run 1 at (3800.00,4020.00) startOffset 0 endOffset 11 width 80.00: "just a text"
      LayoutSVGText {text} at (3899,4003) size 81x22 contains 1 chunk(s)
        LayoutSVGInlineText {#text} at (3899,4003) size 81x22
          chunk 1 text run 1 at (3900.00,4020.00) startOffset 0 endOffset 11 width 80.00: "just a text"
      LayoutSVGText {text} at (3999,4003) size 81x22 contains 1 chunk(s)
        LayoutSVGInlineText {#text} at (3999,4003) size 81x22
          chunk 1 text run 1 at (4000.00,4020.00) startOffset 0 endOffset 11 width 80.00: "just a text"
      LayoutSVGText {text} at (4099,4003) size 81x22 contains 1 chunk(s)
        LayoutSVGInlineText {#text} at (4099,4003) size 81x22
          chunk 1 text run 1 at (4100.00,4020.00) startOffset 0 endOffset 11 width 80.00: "just a text"
      LayoutSVGText {text} at (4199,4003) size 81x22 contains 1 chunk(s)
        LayoutSVGInlineText {#text} at (4199,4003) size 81x22
          chunk 1 text run 1 at (4200.00,4020.00) startOffset 0 endOffset 11 width 80.00: "just a text"
      LayoutSVGText {text} at (4299,4003) size 81x22 contains 1 chunk(s)
        LayoutSVGInlineText {#text} at (4299,4003) size 81x22
          chunk 1 text run 1 at (4300.00,4020.00) startOffset 0 endOffset 11 width 80.00: "just a text"
      LayoutSVGText {text} at (4399,4003) size 81x22 contains 1 chunk(s)
        LayoutSVGInlineText {#text} at (4399,4003) size 81x22
          chunk 1 text run 1 at (4400.00,4020.00) startOffset 0 endOffset 11 width 80.00: "just a text"
      LayoutSVGText {text} at (4499,4003) size 81x22 contains 1 chunk(s)
        LayoutSVGInlineText {#text} at (4499,4003) size 81x22
          chunk 1 text run 1 at (4500.00,4020.00) startOffset 0 endOffset 11 width 80.00: "just a text"
      LayoutSVGText {text} at (4599,4003) size 81x22 contains 1 chunk(s)
        LayoutSVGInlineText {#text} at (4599,4003) size 81x22
          chunk 1 text run 1 at (4600.00,4020.00) startOffset 0 endOffset 11 width 80.00: "just a text"
      LayoutSVGText {text} at (4699,4003) size 81x22 contains 1 chunk(s)
        LayoutSVGInlineText {#text} at (4699,4003) size 81x22
          chunk 1 text run 1 at (4700.00,4020.00) startOffset 0 endOffset 11 width 80.00: "just a text"
      LayoutSVGText {text} at (4799,4003) size 81x22 contains 1 chunk(s)
        LayoutSVGInlineText {#text} at (4799,4003) size 81x22
          chunk 1 text run 1 at (4800.00,4020.00) startOffset 0 endOffset 11 width 80.00: "just a text"
      LayoutSVGText {text} at (4899,4003) size 81x22 contains 1 chunk(s)
        LayoutSVGInlineText {#text} at (4899,4003) size 81x22
          chunk 1 text run 1 at (4900.00,4020.00) startOffset 0 endOffset 11 width 80.00: "just a text"
      LayoutSVGText {text} at (-1,4103) size 81x22 contains 1 chunk(s)
        LayoutSVGInlineText {#text} at (-1,4103) size 81x22
          chunk 1 text run 1 at (0.00,4120.00) startOffset 0 endOffset 11 width 80.00: "just a text"
      LayoutSVGText {text} at (99,4103) size 81x22 contains 1 chunk(s)
        LayoutSVGInlineText {#text} at (99,4103) size 81x22
          chunk 1 text run 1 at (100.00,4120.00) startOffset 0 endOffset 11 width 80.00: "just a text"
      LayoutSVGText {text} at (199,4103) size 81x22 contains 1 chunk(s)
        LayoutSVGInlineText {#text} at (199,4103) size 81x22
          chunk 1 text run 1 at (200.00,4120.00) startOffset 0 endOffset 11 width 80.00: "just a text"
      LayoutSVGText {text} at (299,4103) size 81x22 contains 1 chunk(s)
        LayoutSVGInlineText {#text} at (299,4103) size 81x22
          chunk 1 text run 1 at (300.00,4120.00) startOffset 0 endOffset 11 width 80.00: "just a text"
      LayoutSVGText {text} at (399,4103) size 81x22 contains 1 chunk(s)
        LayoutSVGInlineText {#text} at (399,4103) size 81x22
          chunk 1 text run 1 at (400.00,4120.00) startOffset 0 endOffset 11 width 80.00: "just a text"
      LayoutSVGText {text} at (499,4103) size 81x22 contains 1 chunk(s)
        LayoutSVGInlineText {#text} at (499,4103) size 81x22
          chunk 1 text run 1 at (500.00,4120.00) startOffset 0 endOffset 11 width 80.00: "just a text"
      LayoutSVGText {text} at (599,4103) size 81x22 contains 1 chunk(s)
        LayoutSVGInlineText {#text} at (599,4103) size 81x22
          chunk 1 text run 1 at (600.00,4120.00) startOffset 0 endOffset 11 width 80.00: "just a text"
      LayoutSVGText {text} at (699,4103) size 81x22 contains 1 chunk(s)
        LayoutSVGInlineText {#text} at (699,4103) size 81x22
          chunk 1 text run 1 at (700.00,4120.00) startOffset 0 endOffset 11 width 80.00: "just a text"
      LayoutSVGText {text} at (799,4103) size 81x22 contains 1 chunk(s)
        LayoutSVGInlineText {#text} at (799,4103) size 81x22
          chunk 1 text run 1 at (800.00,4120.00) startOffset 0 endOffset 11 width 80.00: "just a text"
      LayoutSVGText {text} at (899,4103) size 81x22 contains 1 chunk(s)
        LayoutSVGInlineText {#text} at (899,4103) size 81x22
          chunk 1 text run 1 at (900.00,4120.00) startOffset 0 endOffset 11 width 80.00: "just a text"
      LayoutSVGText {text} at (999,4103) size 81x22 contains 1 chunk(s)
        LayoutSVGInlineText {#text} at (999,4103) size 81x22
          chunk 1 text run 1 at (1000.00,4120.00) startOffset 0 endOffset 11 width 80.00: "just a text"
      LayoutSVGText {text} at (1099,4103) size 81x22 contains 1 chunk(s)
        LayoutSVGInlineText {#text} at (1099,4103) size 81x22
          chunk 1 text run 1 at (1100.00,4120.00) startOffset 0 endOffset 11 width 80.00: "just a text"
      LayoutSVGText {text} at (1199,4103) size 81x22 contains 1 chunk(s)
        LayoutSVGInlineText {#text} at (1199,4103) size 81x22
          chunk 1 text run 1 at (1200.00,4120.00) startOffset 0 endOffset 11 width 80.00: "just a text"
      LayoutSVGText {text} at (1299,4103) size 81x22 contains 1 chunk(s)
        LayoutSVGInlineText {#text} at (1299,4103) size 81x22
          chunk 1 text run 1 at (1300.00,4120.00) startOffset 0 endOffset 11 width 80.00: "just a text"
      LayoutSVGText {text} at (1399,4103) size 81x22 contains 1 chunk(s)
        LayoutSVGInlineText {#text} at (1399,4103) size 81x22
          chunk 1 text run 1 at (1400.00,4120.00) startOffset 0 endOffset 11 width 80.00: "just a text"
      LayoutSVGText {text} at (1499,4103) size 81x22 contains 1 chunk(s)
        LayoutSVGInlineText {#text} at (1499,4103) size 81x22
          chunk 1 text run 1 at (1500.00,4120.00) startOffset 0 endOffset 11 width 80.00: "just a text"
      LayoutSVGText {text} at (1599,4103) size 81x22 contains 1 chunk(s)
        LayoutSVGInlineText {#text} at (1599,4103) size 81x22
          chunk 1 text run 1 at (1600.00,4120.00) startOffset 0 endOffset 11 width 80.00: "just a text"
      LayoutSVGText {text} at (1699,4103) size 81x22 contains 1 chunk(s)
        LayoutSVGInlineText {#text} at (1699,4103) size 81x22
          chunk 1 text run 1 at (1700.00,4120.00) startOffset 0 endOffset 11 width 80.00: "just a text"
      LayoutSVGText {text} at (1799,4103) size 81x22 contains 1 chunk(s)
        LayoutSVGInlineText {#text} at (1799,4103) size 81x22
          chunk 1 text run 1 at (1800.00,4120.00) startOffset 0 endOffset 11 width 80.00: "just a text"
      LayoutSVGText {text} at (1899,4103) size 81x22 contains 1 chunk(s)
        LayoutSVGInlineText {#text} at (1899,4103) size 81x22
          chunk 1 text run 1 at (1900.00,4120.00) startOffset 0 endOffset 11 width 80.00: "just a text"
      LayoutSVGText {text} at (1999,4103) size 81x22 contains 1 chunk(s)
        LayoutSVGInlineText {#text} at (1999,4103) size 81x22
          chunk 1 text run 1 at (2000.00,4120.00) startOffset 0 endOffset 11 width 80.00: "just a text"
      LayoutSVGText {text} at (2099,4103) size 81x22 contains 1 chunk(s)
        LayoutSVGInlineText {#text} at (2099,4103) size 81x22
          chunk 1 text run 1 at (2100.00,4120.00) startOffset 0 endOffset 11 width 80.00: "just a text"
      LayoutSVGText {text} at (2199,4103) size 81x22 contains 1 chunk(s)
        LayoutSVGInlineText {#text} at (2199,4103) size 81x22
          chunk 1 text run 1 at (2200.00,4120.00) startOffset 0 endOffset 11 width 80.00: "just a text"
      LayoutSVGText {text} at (2299,4103) size 81x22 contains 1 chunk(s)
        LayoutSVGInlineText {#text} at (2299,4103) size 81x22
          chunk 1 text run 1 at (2300.00,4120.00) startOffset 0 endOffset 11 width 80.00: "just a text"
      LayoutSVGText {text} at (2399,4103) size 81x22 contains 1 chunk(s)
        LayoutSVGInlineText {#text} at (2399,4103) size 81x22
          chunk 1 text run 1 at (2400.00,4120.00) startOffset 0 endOffset 11 width 80.00: "just a text"
      LayoutSVGText {text} at (2499,4103) size 81x22 contains 1 chunk(s)
        LayoutSVGInlineText {#text} at (2499,4103) size 81x22
          chunk 1 text run 1 at (2500.00,4120.00) startOffset 0 endOffset 11 width 80.00: "just a text"
      LayoutSVGText {text} at (2599,4103) size 81x22 contains 1 chunk(s)
        LayoutSVGInlineText {#text} at (2599,4103) size 81x22
          chunk 1 text run 1 at (2600.00,4120.00) startOffset 0 endOffset 11 width 80.00: "just a text"
      LayoutSVGText {text} at (2699,4103) size 81x22 contains 1 chunk(s)
        LayoutSVGInlineText {#text} at (2699,4103) size 81x22
          chunk 1 text run 1 at (2700.00,4120.00) startOffset 0 endOffset 11 width 80.00: "just a text"
      LayoutSVGText {text} at (2799,4103) size 81x22 contains 1 chunk(s)
        LayoutSVGInlineText {#text} at (2799,4103) size 81x22
          chunk 1 text run 1 at (2800.00,4120.00) startOffset 0 endOffset 11 width 80.00: "just a text"
      LayoutSVGText {text} at (2899,4103) size 81x22 contains 1 chunk(s)
        LayoutSVGInlineText {#text} at (2899,4103) size 81x22
          chunk 1 text run 1 at (2900.00,4120.00) startOffset 0 endOffset 11 width 80.00: "just a text"
      LayoutSVGText {text} at (2999,4103) size 81x22 contains 1 chunk(s)
        LayoutSVGInlineText {#text} at (2999,4103) size 81x22
          chunk 1 text run 1 at (3000.00,4120.00) startOffset 0 endOffset 11 width 80.00: "just a text"
      LayoutSVGText {text} at (3099,4103) size 81x22 contains 1 chunk(s)
        LayoutSVGInlineText {#text} at (3099,4103) size 81x22
          chunk 1 text run 1 at (3100.00,4120.00) startOffset 0 endOffset 11 width 80.00: "just a text"
      LayoutSVGText {text} at (3199,4103) size 81x22 contains 1 chunk(s)
        LayoutSVGInlineText {#text} at (3199,4103) size 81x22
          chunk 1 text run 1 at (3200.00,4120.00) startOffset 0 endOffset 11 width 80.00: "just a text"
      LayoutSVGText {text} at (3299,4103) size 81x22 contains 1 chunk(s)
        LayoutSVGInlineText {#text} at (3299,4103) size 81x22
          chunk 1 text run 1 at (3300.00,4120.00) startOffset 0 endOffset 11 width 80.00: "just a text"
      LayoutSVGText {text} at (3399,4103) size 81x22 contains 1 chunk(s)
        LayoutSVGInlineText {#text} at (3399,4103) size 81x22
          chunk 1 text run 1 at (3400.00,4120.00) startOffset 0 endOffset 11 width 80.00: "just a text"
      LayoutSVGText {text} at (3499,4103) size 81x22 contains 1 chunk(s)
        LayoutSVGInlineText {#text} at (3499,4103) size 81x22
          chunk 1 text run 1 at (3500.00,4120.00) startOffset 0 endOffset 11 width 80.00: "just a text"
      LayoutSVGText {text} at (3599,4103) size 81x22 contains 1 chunk(s)
        LayoutSVGInlineText {#text} at (3599,4103) size 81x22
          chunk 1 text run 1 at (3600.00,4120.00) startOffset 0 endOffset 11 width 80.00: "just a text"
      LayoutSVGText {text} at (3699,4103) size 81x22 contains 1 chunk(s)
        LayoutSVGInlineText {#text} at (3699,4103) size 81x22
          chunk 1 text run 1 at (3700.00,4120.00) startOffset 0 endOffset 11 width 80.00: "just a text"
      LayoutSVGText {text} at (3799,4103) size 81x22 contains 1 chunk(s)
        LayoutSVGInlineText {#text} at (3799,4103) size 81x22
          chunk 1 text run 1 at (3800.00,4120.00) startOffset 0 endOffset 11 width 80.00: "just a text"
      LayoutSVGText {text} at (3899,4103) size 81x22 contains 1 chunk(s)
        LayoutSVGInlineText {#text} at (3899,4103) size 81x22
          chunk 1 text run 1 at (3900.00,4120.00) startOffset 0 endOffset 11 width 80.00: "just a text"
      LayoutSVGText {text} at (3999,4103) size 81x22 contains 1 chunk(s)
        LayoutSVGInlineText {#text} at (3999,4103) size 81x22
          chunk 1 text run 1 at (4000.00,4120.00) startOffset 0 endOffset 11 width 80.00: "just a text"
      LayoutSVGText {text} at (4099,4103) size 81x22 contains 1 chunk(s)
        LayoutSVGInlineText {#text} at (4099,4103) size 81x22
          chunk 1 text run 1 at (4100.00,4120.00) startOffset 0 endOffset 11 width 80.00: "just a text"
      LayoutSVGText {text} at (4199,4103) size 81x22 contains 1 chunk(s)
        LayoutSVGInlineText {#text} at (4199,4103) size 81x22
          chunk 1 text run 1 at (4200.00,4120.00) startOffset 0 endOffset 11 width 80.00: "just a text"
      LayoutSVGText {text} at (4299,4103) size 81x22 contains 1 chunk(s)
        LayoutSVGInlineText {#text} at (4299,4103) size 81x22
          chunk 1 text run 1 at (4300.00,4120.00) startOffset 0 endOffset 11 width 80.00: "just a text"
      LayoutSVGText {text} at (4399,4103) size 81x22 contains 1 chunk(s)
        LayoutSVGInlineText {#text} at (4399,4103) size 81x22
          chunk 1 text run 1 at (4400.00,4120.00) startOffset 0 endOffset 11 width 80.00: "just a text"
      LayoutSVGText {text} at (4499,4103) size 81x22 contains 1 chunk(s)
        LayoutSVGInlineText {#text} at (4499,4103) size 81x22
          chunk 1 text run 1 at (4500.00,4120.00) startOffset 0 endOffset 11 width 80.00: "just a text"
      LayoutSVGText {text} at (4599,4103) size 81x22 contains 1 chunk(s)
        LayoutSVGInlineText {#text} at (4599,4103) size 81x22
          chunk 1 text run 1 at (4600.00,4120.00) startOffset 0 endOffset 11 width 80.00: "just a text"
      LayoutSVGText {text} at (4699,4103) size 81x22 contains 1 chunk(s)
        LayoutSVGInlineText {#text} at (4699,4103) size 81x22
          chunk 1 text run 1 at (4700.00,4120.00) startOffset 0 endOffset 11 width 80.00: "just a text"
      LayoutSVGText {text} at (4799,4103) size 81x22 contains 1 chunk(s)
        LayoutSVGInlineText {#text} at (4799,4103) size 81x22
          chunk 1 text run 1 at (4800.00,4120.00) startOffset 0 endOffset 11 width 80.00: "just a text"
      LayoutSVGText {text} at (4899,4103) size 81x22 contains 1 chunk(s)
        LayoutSVGInlineText {#text} at (4899,4103) size 81x22
          chunk 1 text run 1 at (4900.00,4120.00) startOffset 0 endOffset 11 width 80.00: "just a text"
      LayoutSVGText {text} at (-1,4203) size 81x22 contains 1 chunk(s)
        LayoutSVGInlineText {#text} at (-1,4203) size 81x22
          chunk 1 text run 1 at (0.00,4220.00) startOffset 0 endOffset 11 width 80.00: "just a text"
      LayoutSVGText {text} at (99,4203) size 81x22 contains 1 chunk(s)
        LayoutSVGInlineText {#text} at (99,4203) size 81x22
          chunk 1 text run 1 at (100.00,4220.00) startOffset 0 endOffset 11 width 80.00: "just a text"
      LayoutSVGText {text} at (199,4203) size 81x22 contains 1 chunk(s)
        LayoutSVGInlineText {#text} at (199,4203) size 81x22
          chunk 1 text run 1 at (200.00,4220.00) startOffset 0 endOffset 11 width 80.00: "just a text"
      LayoutSVGText {text} at (299,4203) size 81x22 contains 1 chunk(s)
        LayoutSVGInlineText {#text} at (299,4203) size 81x22
          chunk 1 text run 1 at (300.00,4220.00) startOffset 0 endOffset 11 width 80.00: "just a text"
      LayoutSVGText {text} at (399,4203) size 81x22 contains 1 chunk(s)
        LayoutSVGInlineText {#text} at (399,4203) size 81x22
          chunk 1 text run 1 at (400.00,4220.00) startOffset 0 endOffset 11 width 80.00: "just a text"
      LayoutSVGText {text} at (499,4203) size 81x22 contains 1 chunk(s)
        LayoutSVGInlineText {#text} at (499,4203) size 81x22
          chunk 1 text run 1 at (500.00,4220.00) startOffset 0 endOffset 11 width 80.00: "just a text"
      LayoutSVGText {text} at (599,4203) size 81x22 contains 1 chunk(s)
        LayoutSVGInlineText {#text} at (599,4203) size 81x22
          chunk 1 text run 1 at (600.00,4220.00) startOffset 0 endOffset 11 width 80.00: "just a text"
      LayoutSVGText {text} at (699,4203) size 81x22 contains 1 chunk(s)
        LayoutSVGInlineText {#text} at (699,4203) size 81x22
          chunk 1 text run 1 at (700.00,4220.00) startOffset 0 endOffset 11 width 80.00: "just a text"
      LayoutSVGText {text} at (799,4203) size 81x22 contains 1 chunk(s)
        LayoutSVGInlineText {#text} at (799,4203) size 81x22
          chunk 1 text run 1 at (800.00,4220.00) startOffset 0 endOffset 11 width 80.00: "just a text"
      LayoutSVGText {text} at (899,4203) size 81x22 contains 1 chunk(s)
        LayoutSVGInlineText {#text} at (899,4203) size 81x22
          chunk 1 text run 1 at (900.00,4220.00) startOffset 0 endOffset 11 width 80.00: "just a text"
      LayoutSVGText {text} at (999,4203) size 81x22 contains 1 chunk(s)
        LayoutSVGInlineText {#text} at (999,4203) size 81x22
          chunk 1 text run 1 at (1000.00,4220.00) startOffset 0 endOffset 11 width 80.00: "just a text"
      LayoutSVGText {text} at (1099,4203) size 81x22 contains 1 chunk(s)
        LayoutSVGInlineText {#text} at (1099,4203) size 81x22
          chunk 1 text run 1 at (1100.00,4220.00) startOffset 0 endOffset 11 width 80.00: "just a text"
      LayoutSVGText {text} at (1199,4203) size 81x22 contains 1 chunk(s)
        LayoutSVGInlineText {#text} at (1199,4203) size 81x22
          chunk 1 text run 1 at (1200.00,4220.00) startOffset 0 endOffset 11 width 80.00: "just a text"
      LayoutSVGText {text} at (1299,4203) size 81x22 contains 1 chunk(s)
        LayoutSVGInlineText {#text} at (1299,4203) size 81x22
          chunk 1 text run 1 at (1300.00,4220.00) startOffset 0 endOffset 11 width 80.00: "just a text"
      LayoutSVGText {text} at (1399,4203) size 81x22 contains 1 chunk(s)
        LayoutSVGInlineText {#text} at (1399,4203) size 81x22
          chunk 1 text run 1 at (1400.00,4220.00) startOffset 0 endOffset 11 width 80.00: "just a text"
      LayoutSVGText {text} at (1499,4203) size 81x22 contains 1 chunk(s)
        LayoutSVGInlineText {#text} at (1499,4203) size 81x22
          chunk 1 text run 1 at (1500.00,4220.00) startOffset 0 endOffset 11 width 80.00: "just a text"
      LayoutSVGText {text} at (1599,4203) size 81x22 contains 1 chunk(s)
        LayoutSVGInlineText {#text} at (1599,4203) size 81x22
          chunk 1 text run 1 at (1600.00,4220.00) startOffset 0 endOffset 11 width 80.00: "just a text"
      LayoutSVGText {text} at (1699,4203) size 81x22 contains 1 chunk(s)
        LayoutSVGInlineText {#text} at (1699,4203) size 81x22
          chunk 1 text run 1 at (1700.00,4220.00) startOffset 0 endOffset 11 width 80.00: "just a text"
      LayoutSVGText {text} at (1799,4203) size 81x22 contains 1 chunk(s)
        LayoutSVGInlineText {#text} at (1799,4203) size 81x22
          chunk 1 text run 1 at (1800.00,4220.00) startOffset 0 endOffset 11 width 80.00: "just a text"
      LayoutSVGText {text} at (1899,4203) size 81x22 contains 1 chunk(s)
        LayoutSVGInlineText {#text} at (1899,4203) size 81x22
          chunk 1 text run 1 at (1900.00,4220.00) startOffset 0 endOffset 11 width 80.00: "just a text"
      LayoutSVGText {text} at (1999,4203) size 81x22 contains 1 chunk(s)
        LayoutSVGInlineText {#text} at (1999,4203) size 81x22
          chunk 1 text run 1 at (2000.00,4220.00) startOffset 0 endOffset 11 width 80.00: "just a text"
      LayoutSVGText {text} at (2099,4203) size 81x22 contains 1 chunk(s)
        LayoutSVGInlineText {#text} at (2099,4203) size 81x22
          chunk 1 text run 1 at (2100.00,4220.00) startOffset 0 endOffset 11 width 80.00: "just a text"
      LayoutSVGText {text} at (2199,4203) size 81x22 contains 1 chunk(s)
        LayoutSVGInlineText {#text} at (2199,4203) size 81x22
          chunk 1 text run 1 at (2200.00,4220.00) startOffset 0 endOffset 11 width 80.00: "just a text"
      LayoutSVGText {text} at (2299,4203) size 81x22 contains 1 chunk(s)
        LayoutSVGInlineText {#text} at (2299,4203) size 81x22
          chunk 1 text run 1 at (2300.00,4220.00) startOffset 0 endOffset 11 width 80.00: "just a text"
      LayoutSVGText {text} at (2399,4203) size 81x22 contains 1 chunk(s)
        LayoutSVGInlineText {#text} at (2399,4203) size 81x22
          chunk 1 text run 1 at (2400.00,4220.00) startOffset 0 endOffset 11 width 80.00: "just a text"
      LayoutSVGText {text} at (2499,4203) size 81x22 contains 1 chunk(s)
        LayoutSVGInlineText {#text} at (2499,4203) size 81x22
          chunk 1 text run 1 at (2500.00,4220.00) startOffset 0 endOffset 11 width 80.00: "just a text"
      LayoutSVGText {text} at (2599,4203) size 81x22 contains 1 chunk(s)
        LayoutSVGInlineText {#text} at (2599,4203) size 81x22
          chunk 1 text run 1 at (2600.00,4220.00) startOffset 0 endOffset 11 width 80.00: "just a text"
      LayoutSVGText {text} at (2699,4203) size 81x22 contains 1 chunk(s)
        LayoutSVGInlineText {#text} at (2699,4203) size 81x22
          chunk 1 text run 1 at (2700.00,4220.00) startOffset 0 endOffset 11 width 80.00: "just a text"
      LayoutSVGText {text} at (2799,4203) size 81x22 contains 1 chunk(s)
        LayoutSVGInlineText {#text} at (2799,4203) size 81x22
          chunk 1 text run 1 at (2800.00,4220.00) startOffset 0 endOffset 11 width 80.00: "just a text"
      LayoutSVGText {text} at (2899,4203) size 81x22 contains 1 chunk(s)
        LayoutSVGInlineText {#text} at (2899,4203) size 81x22
          chunk 1 text run 1 at (2900.00,4220.00) startOffset 0 endOffset 11 width 80.00: "just a text"
      LayoutSVGText {text} at (2999,4203) size 81x22 contains 1 chunk(s)
        LayoutSVGInlineText {#text} at (2999,4203) size 81x22
          chunk 1 text run 1 at (3000.00,4220.00) startOffset 0 endOffset 11 width 80.00: "just a text"
      LayoutSVGText {text} at (3099,4203) size 81x22 contains 1 chunk(s)
        LayoutSVGInlineText {#text} at (3099,4203) size 81x22
          chunk 1 text run 1 at (3100.00,4220.00) startOffset 0 endOffset 11 width 80.00: "just a text"
      LayoutSVGText {text} at (3199,4203) size 81x22 contains 1 chunk(s)
        LayoutSVGInlineText {#text} at (3199,4203) size 81x22
          chunk 1 text run 1 at (3200.00,4220.00) startOffset 0 endOffset 11 width 80.00: "just a text"
      LayoutSVGText {text} at (3299,4203) size 81x22 contains 1 chunk(s)
        LayoutSVGInlineText {#text} at (3299,4203) size 81x22
          chunk 1 text run 1 at (3300.00,4220.00) startOffset 0 endOffset 11 width 80.00: "just a text"
      LayoutSVGText {text} at (3399,4203) size 81x22 contains 1 chunk(s)
        LayoutSVGInlineText {#text} at (3399,4203) size 81x22
          chunk 1 text run 1 at (3400.00,4220.00) startOffset 0 endOffset 11 width 80.00: "just a text"
      LayoutSVGText {text} at (3499,4203) size 81x22 contains 1 chunk(s)
        LayoutSVGInlineText {#text} at (3499,4203) size 81x22
          chunk 1 text run 1 at (3500.00,4220.00) startOffset 0 endOffset 11 width 80.00: "just a text"
      LayoutSVGText {text} at (3599,4203) size 81x22 contains 1 chunk(s)
        LayoutSVGInlineText {#text} at (3599,4203) size 81x22
          chunk 1 text run 1 at (3600.00,4220.00) startOffset 0 endOffset 11 width 80.00: "just a text"
      LayoutSVGText {text} at (3699,4203) size 81x22 contains 1 chunk(s)
        LayoutSVGInlineText {#text} at (3699,4203) size 81x22
          chunk 1 text run 1 at (3700.00,4220.00) startOffset 0 endOffset 11 width 80.00: "just a text"
      LayoutSVGText {text} at (3799,4203) size 81x22 contains 1 chunk(s)
        LayoutSVGInlineText {#text} at (3799,4203) size 81x22
          chunk 1 text run 1 at (3800.00,4220.00) startOffset 0 endOffset 11 width 80.00: "just a text"
      LayoutSVGText {text} at (3899,4203) size 81x22 contains 1 chunk(s)
        LayoutSVGInlineText {#text} at (3899,4203) size 81x22
          chunk 1 text run 1 at (3900.00,4220.00) startOffset 0 endOffset 11 width 80.00: "just a text"
      LayoutSVGText {text} at (3999,4203) size 81x22 contains 1 chunk(s)
        LayoutSVGInlineText {#text} at (3999,4203) size 81x22
          chunk 1 text run 1 at (4000.00,4220.00) startOffset 0 endOffset 11 width 80.00: "just a text"
      LayoutSVGText {text} at (4099,4203) size 81x22 contains 1 chunk(s)
        LayoutSVGInlineText {#text} at (4099,4203) size 81x22
          chunk 1 text run 1 at (4100.00,4220.00) startOffset 0 endOffset 11 width 80.00: "just a text"
      LayoutSVGText {text} at (4199,4203) size 81x22 contains 1 chunk(s)
        LayoutSVGInlineText {#text} at (4199,4203) size 81x22
          chunk 1 text run 1 at (4200.00,4220.00) startOffset 0 endOffset 11 width 80.00: "just a text"
      LayoutSVGText {text} at (4299,4203) size 81x22 contains 1 chunk(s)
        LayoutSVGInlineText {#text} at (4299,4203) size 81x22
          chunk 1 text run 1 at (4300.00,4220.00) startOffset 0 endOffset 11 width 80.00: "just a text"
      LayoutSVGText {text} at (4399,4203) size 81x22 contains 1 chunk(s)
        LayoutSVGInlineText {#text} at (4399,4203) size 81x22
          chunk 1 text run 1 at (4400.00,4220.00) startOffset 0 endOffset 11 width 80.00: "just a text"
      LayoutSVGText {text} at (4499,4203) size 81x22 contains 1 chunk(s)
        LayoutSVGInlineText {#text} at (4499,4203) size 81x22
          chunk 1 text run 1 at (4500.00,4220.00) startOffset 0 endOffset 11 width 80.00: "just a text"
      LayoutSVGText {text} at (4599,4203) size 81x22 contains 1 chunk(s)
        LayoutSVGInlineText {#text} at (4599,4203) size 81x22
          chunk 1 text run 1 at (4600.00,4220.00) startOffset 0 endOffset 11 width 80.00: "just a text"
      LayoutSVGText {text} at (4699,4203) size 81x22 contains 1 chunk(s)
        LayoutSVGInlineText {#text} at (4699,4203) size 81x22
          chunk 1 text run 1 at (4700.00,4220.00) startOffset 0 endOffset 11 width 80.00: "just a text"
      LayoutSVGText {text} at (4799,4203) size 81x22 contains 1 chunk(s)
        LayoutSVGInlineText {#text} at (4799,4203) size 81x22
          chunk 1 text run 1 at (4800.00,4220.00) startOffset 0 endOffset 11 width 80.00: "just a text"
      LayoutSVGText {text} at (4899,4203) size 81x22 contains 1 chunk(s)
        LayoutSVGInlineText {#text} at (4899,4203) size 81x22
          chunk 1 text run 1 at (4900.00,4220.00) startOffset 0 endOffset 11 width 80.00: "just a text"
      LayoutSVGText {text} at (-1,4303) size 81x22 contains 1 chunk(s)
        LayoutSVGInlineText {#text} at (-1,4303) size 81x22
          chunk 1 text run 1 at (0.00,4320.00) startOffset 0 endOffset 11 width 80.00: "just a text"
      LayoutSVGText {text} at (99,4303) size 81x22 contains 1 chunk(s)
        LayoutSVGInlineText {#text} at (99,4303) size 81x22
          chunk 1 text run 1 at (100.00,4320.00) startOffset 0 endOffset 11 width 80.00: "just a text"
      LayoutSVGText {text} at (199,4303) size 81x22 contains 1 chunk(s)
        LayoutSVGInlineText {#text} at (199,4303) size 81x22
          chunk 1 text run 1 at (200.00,4320.00) startOffset 0 endOffset 11 width 80.00: "just a text"
      LayoutSVGText {text} at (299,4303) size 81x22 contains 1 chunk(s)
        LayoutSVGInlineText {#text} at (299,4303) size 81x22
          chunk 1 text run 1 at (300.00,4320.00) startOffset 0 endOffset 11 width 80.00: "just a text"
      LayoutSVGText {text} at (399,4303) size 81x22 contains 1 chunk(s)
        LayoutSVGInlineText {#text} at (399,4303) size 81x22
          chunk 1 text run 1 at (400.00,4320.00) startOffset 0 endOffset 11 width 80.00: "just a text"
      LayoutSVGText {text} at (499,4303) size 81x22 contains 1 chunk(s)
        LayoutSVGInlineText {#text} at (499,4303) size 81x22
          chunk 1 text run 1 at (500.00,4320.00) startOffset 0 endOffset 11 width 80.00: "just a text"
      LayoutSVGText {text} at (599,4303) size 81x22 contains 1 chunk(s)
        LayoutSVGInlineText {#text} at (599,4303) size 81x22
          chunk 1 text run 1 at (600.00,4320.00) startOffset 0 endOffset 11 width 80.00: "just a text"
      LayoutSVGText {text} at (699,4303) size 81x22 contains 1 chunk(s)
        LayoutSVGInlineText {#text} at (699,4303) size 81x22
          chunk 1 text run 1 at (700.00,4320.00) startOffset 0 endOffset 11 width 80.00: "just a text"
      LayoutSVGText {text} at (799,4303) size 81x22 contains 1 chunk(s)
        LayoutSVGInlineText {#text} at (799,4303) size 81x22
          chunk 1 text run 1 at (800.00,4320.00) startOffset 0 endOffset 11 width 80.00: "just a text"
      LayoutSVGText {text} at (899,4303) size 81x22 contains 1 chunk(s)
        LayoutSVGInlineText {#text} at (899,4303) size 81x22
          chunk 1 text run 1 at (900.00,4320.00) startOffset 0 endOffset 11 width 80.00: "just a text"
      LayoutSVGText {text} at (999,4303) size 81x22 contains 1 chunk(s)
        LayoutSVGInlineText {#text} at (999,4303) size 81x22
          chunk 1 text run 1 at (1000.00,4320.00) startOffset 0 endOffset 11 width 80.00: "just a text"
      LayoutSVGText {text} at (1099,4303) size 81x22 contains 1 chunk(s)
        LayoutSVGInlineText {#text} at (1099,4303) size 81x22
          chunk 1 text run 1 at (1100.00,4320.00) startOffset 0 endOffset 11 width 80.00: "just a text"
      LayoutSVGText {text} at (1199,4303) size 81x22 contains 1 chunk(s)
        LayoutSVGInlineText {#text} at (1199,4303) size 81x22
          chunk 1 text run 1 at (1200.00,4320.00) startOffset 0 endOffset 11 width 80.00: "just a text"
      LayoutSVGText {text} at (1299,4303) size 81x22 contains 1 chunk(s)
        LayoutSVGInlineText {#text} at (1299,4303) size 81x22
          chunk 1 text run 1 at (1300.00,4320.00) startOffset 0 endOffset 11 width 80.00: "just a text"
      LayoutSVGText {text} at (1399,4303) size 81x22 contains 1 chunk(s)
        LayoutSVGInlineText {#text} at (1399,4303) size 81x22
          chunk 1 text run 1 at (1400.00,4320.00) startOffset 0 endOffset 11 width 80.00: "just a text"
      LayoutSVGText {text} at (1499,4303) size 81x22 contains 1 chunk(s)
        LayoutSVGInlineText {#text} at (1499,4303) size 81x22
          chunk 1 text run 1 at (1500.00,4320.00) startOffset 0 endOffset 11 width 80.00: "just a text"
      LayoutSVGText {text} at (1599,4303) size 81x22 contains 1 chunk(s)
        LayoutSVGInlineText {#text} at (1599,4303) size 81x22
          chunk 1 text run 1 at (1600.00,4320.00) startOffset 0 endOffset 11 width 80.00: "just a text"
      LayoutSVGText {text} at (1699,4303) size 81x22 contains 1 chunk(s)
        LayoutSVGInlineText {#text} at (1699,4303) size 81x22
          chunk 1 text run 1 at (1700.00,4320.00) startOffset 0 endOffset 11 width 80.00: "just a text"
      LayoutSVGText {text} at (1799,4303) size 81x22 contains 1 chunk(s)
        LayoutSVGInlineText {#text} at (1799,4303) size 81x22
          chunk 1 text run 1 at (1800.00,4320.00) startOffset 0 endOffset 11 width 80.00: "just a text"
      LayoutSVGText {text} at (1899,4303) size 81x22 contains 1 chunk(s)
        LayoutSVGInlineText {#text} at (1899,4303) size 81x22
          chunk 1 text run 1 at (1900.00,4320.00) startOffset 0 endOffset 11 width 80.00: "just a text"
      LayoutSVGText {text} at (1999,4303) size 81x22 contains 1 chunk(s)
        LayoutSVGInlineText {#text} at (1999,4303) size 81x22
          chunk 1 text run 1 at (2000.00,4320.00) startOffset 0 endOffset 11 width 80.00: "just a text"
      LayoutSVGText {text} at (2099,4303) size 81x22 contains 1 chunk(s)
        LayoutSVGInlineText {#text} at (2099,4303) size 81x22
          chunk 1 text run 1 at (2100.00,4320.00) startOffset 0 endOffset 11 width 80.00: "just a text"
      LayoutSVGText {text} at (2199,4303) size 81x22 contains 1 chunk(s)
        LayoutSVGInlineText {#text} at (2199,4303) size 81x22
          chunk 1 text run 1 at (2200.00,4320.00) startOffset 0 endOffset 11 width 80.00: "just a text"
      LayoutSVGText {text} at (2299,4303) size 81x22 contains 1 chunk(s)
        LayoutSVGInlineText {#text} at (2299,4303) size 81x22
          chunk 1 text run 1 at (2300.00,4320.00) startOffset 0 endOffset 11 width 80.00: "just a text"
      LayoutSVGText {text} at (2399,4303) size 81x22 contains 1 chunk(s)
        LayoutSVGInlineText {#text} at (2399,4303) size 81x22
          chunk 1 text run 1 at (2400.00,4320.00) startOffset 0 endOffset 11 width 80.00: "just a text"
      LayoutSVGText {text} at (2499,4303) size 81x22 contains 1 chunk(s)
        LayoutSVGInlineText {#text} at (2499,4303) size 81x22
          chunk 1 text run 1 at (2500.00,4320.00) startOffset 0 endOffset 11 width 80.00: "just a text"
      LayoutSVGText {text} at (2599,4303) size 81x22 contains 1 chunk(s)
        LayoutSVGInlineText {#text} at (2599,4303) size 81x22
          chunk 1 text run 1 at (2600.00,4320.00) startOffset 0 endOffset 11 width 80.00: "just a text"
      LayoutSVGText {text} at (2699,4303) size 81x22 contains 1 chunk(s)
        LayoutSVGInlineText {#text} at (2699,4303) size 81x22
          chunk 1 text run 1 at (2700.00,4320.00) startOffset 0 endOffset 11 width 80.00: "just a text"
      LayoutSVGText {text} at (2799,4303) size 81x22 contains 1 chunk(s)
        LayoutSVGInlineText {#text} at (2799,4303) size 81x22
          chunk 1 text run 1 at (2800.00,4320.00) startOffset 0 endOffset 11 width 80.00: "just a text"
      LayoutSVGText {text} at (2899,4303) size 81x22 contains 1 chunk(s)
        LayoutSVGInlineText {#text} at (2899,4303) size 81x22
          chunk 1 text run 1 at (2900.00,4320.00) startOffset 0 endOffset 11 width 80.00: "just a text"
      LayoutSVGText {text} at (2999,4303) size 81x22 contains 1 chunk(s)
        LayoutSVGInlineText {#text} at (2999,4303) size 81x22
          chunk 1 text run 1 at (3000.00,4320.00) startOffset 0 endOffset 11 width 80.00: "just a text"
      LayoutSVGText {text} at (3099,4303) size 81x22 contains 1 chunk(s)
        LayoutSVGInlineText {#text} at (3099,4303) size 81x22
          chunk 1 text run 1 at (3100.00,4320.00) startOffset 0 endOffset 11 width 80.00: "just a text"
      LayoutSVGText {text} at (3199,4303) size 81x22 contains 1 chunk(s)
        LayoutSVGInlineText {#text} at (3199,4303) size 81x22
          chunk 1 text run 1 at (3200.00,4320.00) startOffset 0 endOffset 11 width 80.00: "just a text"
      LayoutSVGText {text} at (3299,4303) size 81x22 contains 1 chunk(s)
        LayoutSVGInlineText {#text} at (3299,4303) size 81x22
          chunk 1 text run 1 at (3300.00,4320.00) startOffset 0 endOffset 11 width 80.00: "just a text"
      LayoutSVGText {text} at (3399,4303) size 81x22 contains 1 chunk(s)
        LayoutSVGInlineText {#text} at (3399,4303) size 81x22
          chunk 1 text run 1 at (3400.00,4320.00) startOffset 0 endOffset 11 width 80.00: "just a text"
      LayoutSVGText {text} at (3499,4303) size 81x22 contains 1 chunk(s)
        LayoutSVGInlineText {#text} at (3499,4303) size 81x22
          chunk 1 text run 1 at (3500.00,4320.00) startOffset 0 endOffset 11 width 80.00: "just a text"
      LayoutSVGText {text} at (3599,4303) size 81x22 contains 1 chunk(s)
        LayoutSVGInlineText {#text} at (3599,4303) size 81x22
          chunk 1 text run 1 at (3600.00,4320.00) startOffset 0 endOffset 11 width 80.00: "just a text"
      LayoutSVGText {text} at (3699,4303) size 81x22 contains 1 chunk(s)
        LayoutSVGInlineText {#text} at (3699,4303) size 81x22
          chunk 1 text run 1 at (3700.00,4320.00) startOffset 0 endOffset 11 width 80.00: "just a text"
      LayoutSVGText {text} at (3799,4303) size 81x22 contains 1 chunk(s)
        LayoutSVGInlineText {#text} at (3799,4303) size 81x22
          chunk 1 text run 1 at (3800.00,4320.00) startOffset 0 endOffset 11 width 80.00: "just a text"
      LayoutSVGText {text} at (3899,4303) size 81x22 contains 1 chunk(s)
        LayoutSVGInlineText {#text} at (3899,4303) size 81x22
          chunk 1 text run 1 at (3900.00,4320.00) startOffset 0 endOffset 11 width 80.00: "just a text"
      LayoutSVGText {text} at (3999,4303) size 81x22 contains 1 chunk(s)
        LayoutSVGInlineText {#text} at (3999,4303) size 81x22
          chunk 1 text run 1 at (4000.00,4320.00) startOffset 0 endOffset 11 width 80.00: "just a text"
      LayoutSVGText {text} at (4099,4303) size 81x22 contains 1 chunk(s)
        LayoutSVGInlineText {#text} at (4099,4303) size 81x22
          chunk 1 text run 1 at (4100.00,4320.00) startOffset 0 endOffset 11 width 80.00: "just a text"
      LayoutSVGText {text} at (4199,4303) size 81x22 contains 1 chunk(s)
        LayoutSVGInlineText {#text} at (4199,4303) size 81x22
          chunk 1 text run 1 at (4200.00,4320.00) startOffset 0 endOffset 11 width 80.00: "just a text"
      LayoutSVGText {text} at (4299,4303) size 81x22 contains 1 chunk(s)
        LayoutSVGInlineText {#text} at (4299,4303) size 81x22
          chunk 1 text run 1 at (4300.00,4320.00) startOffset 0 endOffset 11 width 80.00: "just a text"
      LayoutSVGText {text} at (4399,4303) size 81x22 contains 1 chunk(s)
        LayoutSVGInlineText {#text} at (4399,4303) size 81x22
          chunk 1 text run 1 at (4400.00,4320.00) startOffset 0 endOffset 11 width 80.00: "just a text"
      LayoutSVGText {text} at (4499,4303) size 81x22 contains 1 chunk(s)
        LayoutSVGInlineText {#text} at (4499,4303) size 81x22
          chunk 1 text run 1 at (4500.00,4320.00) startOffset 0 endOffset 11 width 80.00: "just a text"
      LayoutSVGText {text} at (4599,4303) size 81x22 contains 1 chunk(s)
        LayoutSVGInlineText {#text} at (4599,4303) size 81x22
          chunk 1 text run 1 at (4600.00,4320.00) startOffset 0 endOffset 11 width 80.00: "just a text"
      LayoutSVGText {text} at (4699,4303) size 81x22 contains 1 chunk(s)
        LayoutSVGInlineText {#text} at (4699,4303) size 81x22
          chunk 1 text run 1 at (4700.00,4320.00) startOffset 0 endOffset 11 width 80.00: "just a text"
      LayoutSVGText {text} at (4799,4303) size 81x22 contains 1 chunk(s)
        LayoutSVGInlineText {#text} at (4799,4303) size 81x22
          chunk 1 text run 1 at (4800.00,4320.00) startOffset 0 endOffset 11 width 80.00: "just a text"
      LayoutSVGText {text} at (4899,4303) size 81x22 contains 1 chunk(s)
        LayoutSVGInlineText {#text} at (4899,4303) size 81x22
          chunk 1 text run 1 at (4900.00,4320.00) startOffset 0 endOffset 11 width 80.00: "just a text"
      LayoutSVGText {text} at (-1,4403) size 81x22 contains 1 chunk(s)
        LayoutSVGInlineText {#text} at (-1,4403) size 81x22
          chunk 1 text run 1 at (0.00,4420.00) startOffset 0 endOffset 11 width 80.00: "just a text"
      LayoutSVGText {text} at (99,4403) size 81x22 contains 1 chunk(s)
        LayoutSVGInlineText {#text} at (99,4403) size 81x22
          chunk 1 text run 1 at (100.00,4420.00) startOffset 0 endOffset 11 width 80.00: "just a text"
      LayoutSVGText {text} at (199,4403) size 81x22 contains 1 chunk(s)
        LayoutSVGInlineText {#text} at (199,4403) size 81x22
          chunk 1 text run 1 at (200.00,4420.00) startOffset 0 endOffset 11 width 80.00: "just a text"
      LayoutSVGText {text} at (299,4403) size 81x22 contains 1 chunk(s)
        LayoutSVGInlineText {#text} at (299,4403) size 81x22
          chunk 1 text run 1 at (300.00,4420.00) startOffset 0 endOffset 11 width 80.00: "just a text"
      LayoutSVGText {text} at (399,4403) size 81x22 contains 1 chunk(s)
        LayoutSVGInlineText {#text} at (399,4403) size 81x22
          chunk 1 text run 1 at (400.00,4420.00) startOffset 0 endOffset 11 width 80.00: "just a text"
      LayoutSVGText {text} at (499,4403) size 81x22 contains 1 chunk(s)
        LayoutSVGInlineText {#text} at (499,4403) size 81x22
          chunk 1 text run 1 at (500.00,4420.00) startOffset 0 endOffset 11 width 80.00: "just a text"
      LayoutSVGText {text} at (599,4403) size 81x22 contains 1 chunk(s)
        LayoutSVGInlineText {#text} at (599,4403) size 81x22
          chunk 1 text run 1 at (600.00,4420.00) startOffset 0 endOffset 11 width 80.00: "just a text"
      LayoutSVGText {text} at (699,4403) size 81x22 contains 1 chunk(s)
        LayoutSVGInlineText {#text} at (699,4403) size 81x22
          chunk 1 text run 1 at (700.00,4420.00) startOffset 0 endOffset 11 width 80.00: "just a text"
      LayoutSVGText {text} at (799,4403) size 81x22 contains 1 chunk(s)
        LayoutSVGInlineText {#text} at (799,4403) size 81x22
          chunk 1 text run 1 at (800.00,4420.00) startOffset 0 endOffset 11 width 80.00: "just a text"
      LayoutSVGText {text} at (899,4403) size 81x22 contains 1 chunk(s)
        LayoutSVGInlineText {#text} at (899,4403) size 81x22
          chunk 1 text run 1 at (900.00,4420.00) startOffset 0 endOffset 11 width 80.00: "just a text"
      LayoutSVGText {text} at (999,4403) size 81x22 contains 1 chunk(s)
        LayoutSVGInlineText {#text} at (999,4403) size 81x22
          chunk 1 text run 1 at (1000.00,4420.00) startOffset 0 endOffset 11 width 80.00: "just a text"
      LayoutSVGText {text} at (1099,4403) size 81x22 contains 1 chunk(s)
        LayoutSVGInlineText {#text} at (1099,4403) size 81x22
          chunk 1 text run 1 at (1100.00,4420.00) startOffset 0 endOffset 11 width 80.00: "just a text"
      LayoutSVGText {text} at (1199,4403) size 81x22 contains 1 chunk(s)
        LayoutSVGInlineText {#text} at (1199,4403) size 81x22
          chunk 1 text run 1 at (1200.00,4420.00) startOffset 0 endOffset 11 width 80.00: "just a text"
      LayoutSVGText {text} at (1299,4403) size 81x22 contains 1 chunk(s)
        LayoutSVGInlineText {#text} at (1299,4403) size 81x22
          chunk 1 text run 1 at (1300.00,4420.00) startOffset 0 endOffset 11 width 80.00: "just a text"
      LayoutSVGText {text} at (1399,4403) size 81x22 contains 1 chunk(s)
        LayoutSVGInlineText {#text} at (1399,4403) size 81x22
          chunk 1 text run 1 at (1400.00,4420.00) startOffset 0 endOffset 11 width 80.00: "just a text"
      LayoutSVGText {text} at (1499,4403) size 81x22 contains 1 chunk(s)
        LayoutSVGInlineText {#text} at (1499,4403) size 81x22
          chunk 1 text run 1 at (1500.00,4420.00) startOffset 0 endOffset 11 width 80.00: "just a text"
      LayoutSVGText {text} at (1599,4403) size 81x22 contains 1 chunk(s)
        LayoutSVGInlineText {#text} at (1599,4403) size 81x22
          chunk 1 text run 1 at (1600.00,4420.00) startOffset 0 endOffset 11 width 80.00: "just a text"
      LayoutSVGText {text} at (1699,4403) size 81x22 contains 1 chunk(s)
        LayoutSVGInlineText {#text} at (1699,4403) size 81x22
          chunk 1 text run 1 at (1700.00,4420.00) startOffset 0 endOffset 11 width 80.00: "just a text"
      LayoutSVGText {text} at (1799,4403) size 81x22 contains 1 chunk(s)
        LayoutSVGInlineText {#text} at (1799,4403) size 81x22
          chunk 1 text run 1 at (1800.00,4420.00) startOffset 0 endOffset 11 width 80.00: "just a text"
      LayoutSVGText {text} at (1899,4403) size 81x22 contains 1 chunk(s)
        LayoutSVGInlineText {#text} at (1899,4403) size 81x22
          chunk 1 text run 1 at (1900.00,4420.00) startOffset 0 endOffset 11 width 80.00: "just a text"
      LayoutSVGText {text} at (1999,4403) size 81x22 contains 1 chunk(s)
        LayoutSVGInlineText {#text} at (1999,4403) size 81x22
          chunk 1 text run 1 at (2000.00,4420.00) startOffset 0 endOffset 11 width 80.00: "just a text"
      LayoutSVGText {text} at (2099,4403) size 81x22 contains 1 chunk(s)
        LayoutSVGInlineText {#text} at (2099,4403) size 81x22
          chunk 1 text run 1 at (2100.00,4420.00) startOffset 0 endOffset 11 width 80.00: "just a text"
      LayoutSVGText {text} at (2199,4403) size 81x22 contains 1 chunk(s)
        LayoutSVGInlineText {#text} at (2199,4403) size 81x22
          chunk 1 text run 1 at (2200.00,4420.00) startOffset 0 endOffset 11 width 80.00: "just a text"
      LayoutSVGText {text} at (2299,4403) size 81x22 contains 1 chunk(s)
        LayoutSVGInlineText {#text} at (2299,4403) size 81x22
          chunk 1 text run 1 at (2300.00,4420.00) startOffset 0 endOffset 11 width 80.00: "just a text"
      LayoutSVGText {text} at (2399,4403) size 81x22 contains 1 chunk(s)
        LayoutSVGInlineText {#text} at (2399,4403) size 81x22
          chunk 1 text run 1 at (2400.00,4420.00) startOffset 0 endOffset 11 width 80.00: "just a text"
      LayoutSVGText {text} at (2499,4403) size 81x22 contains 1 chunk(s)
        LayoutSVGInlineText {#text} at (2499,4403) size 81x22
          chunk 1 text run 1 at (2500.00,4420.00) startOffset 0 endOffset 11 width 80.00: "just a text"
      LayoutSVGText {text} at (2599,4403) size 81x22 contains 1 chunk(s)
        LayoutSVGInlineText {#text} at (2599,4403) size 81x22
          chunk 1 text run 1 at (2600.00,4420.00) startOffset 0 endOffset 11 width 80.00: "just a text"
      LayoutSVGText {text} at (2699,4403) size 81x22 contains 1 chunk(s)
        LayoutSVGInlineText {#text} at (2699,4403) size 81x22
          chunk 1 text run 1 at (2700.00,4420.00) startOffset 0 endOffset 11 width 80.00: "just a text"
      LayoutSVGText {text} at (2799,4403) size 81x22 contains 1 chunk(s)
        LayoutSVGInlineText {#text} at (2799,4403) size 81x22
          chunk 1 text run 1 at (2800.00,4420.00) startOffset 0 endOffset 11 width 80.00: "just a text"
      LayoutSVGText {text} at (2899,4403) size 81x22 contains 1 chunk(s)
        LayoutSVGInlineText {#text} at (2899,4403) size 81x22
          chunk 1 text run 1 at (2900.00,4420.00) startOffset 0 endOffset 11 width 80.00: "just a text"
      LayoutSVGText {text} at (2999,4403) size 81x22 contains 1 chunk(s)
        LayoutSVGInlineText {#text} at (2999,4403) size 81x22
          chunk 1 text run 1 at (3000.00,4420.00) startOffset 0 endOffset 11 width 80.00: "just a text"
      LayoutSVGText {text} at (3099,4403) size 81x22 contains 1 chunk(s)
        LayoutSVGInlineText {#text} at (3099,4403) size 81x22
          chunk 1 text run 1 at (3100.00,4420.00) startOffset 0 endOffset 11 width 80.00: "just a text"
      LayoutSVGText {text} at (3199,4403) size 81x22 contains 1 chunk(s)
        LayoutSVGInlineText {#text} at (3199,4403) size 81x22
          chunk 1 text run 1 at (3200.00,4420.00) startOffset 0 endOffset 11 width 80.00: "just a text"
      LayoutSVGText {text} at (3299,4403) size 81x22 contains 1 chunk(s)
        LayoutSVGInlineText {#text} at (3299,4403) size 81x22
          chunk 1 text run 1 at (3300.00,4420.00) startOffset 0 endOffset 11 width 80.00: "just a text"
      LayoutSVGText {text} at (3399,4403) size 81x22 contains 1 chunk(s)
        LayoutSVGInlineText {#text} at (3399,4403) size 81x22
          chunk 1 text run 1 at (3400.00,4420.00) startOffset 0 endOffset 11 width 80.00: "just a text"
      LayoutSVGText {text} at (3499,4403) size 81x22 contains 1 chunk(s)
        LayoutSVGInlineText {#text} at (3499,4403) size 81x22
          chunk 1 text run 1 at (3500.00,4420.00) startOffset 0 endOffset 11 width 80.00: "just a text"
      LayoutSVGText {text} at (3599,4403) size 81x22 contains 1 chunk(s)
        LayoutSVGInlineText {#text} at (3599,4403) size 81x22
          chunk 1 text run 1 at (3600.00,4420.00) startOffset 0 endOffset 11 width 80.00: "just a text"
      LayoutSVGText {text} at (3699,4403) size 81x22 contains 1 chunk(s)
        LayoutSVGInlineText {#text} at (3699,4403) size 81x22
          chunk 1 text run 1 at (3700.00,4420.00) startOffset 0 endOffset 11 width 80.00: "just a text"
      LayoutSVGText {text} at (3799,4403) size 81x22 contains 1 chunk(s)
        LayoutSVGInlineText {#text} at (3799,4403) size 81x22
          chunk 1 text run 1 at (3800.00,4420.00) startOffset 0 endOffset 11 width 80.00: "just a text"
      LayoutSVGText {text} at (3899,4403) size 81x22 contains 1 chunk(s)
        LayoutSVGInlineText {#text} at (3899,4403) size 81x22
          chunk 1 text run 1 at (3900.00,4420.00) startOffset 0 endOffset 11 width 80.00: "just a text"
      LayoutSVGText {text} at (3999,4403) size 81x22 contains 1 chunk(s)
        LayoutSVGInlineText {#text} at (3999,4403) size 81x22
          chunk 1 text run 1 at (4000.00,4420.00) startOffset 0 endOffset 11 width 80.00: "just a text"
      LayoutSVGText {text} at (4099,4403) size 81x22 contains 1 chunk(s)
        LayoutSVGInlineText {#text} at (4099,4403) size 81x22
          chunk 1 text run 1 at (4100.00,4420.00) startOffset 0 endOffset 11 width 80.00: "just a text"
      LayoutSVGText {text} at (4199,4403) size 81x22 contains 1 chunk(s)
        LayoutSVGInlineText {#text} at (4199,4403) size 81x22
          chunk 1 text run 1 at (4200.00,4420.00) startOffset 0 endOffset 11 width 80.00: "just a text"
      LayoutSVGText {text} at (4299,4403) size 81x22 contains 1 chunk(s)
        LayoutSVGInlineText {#text} at (4299,4403) size 81x22
          chunk 1 text run 1 at (4300.00,4420.00) startOffset 0 endOffset 11 width 80.00: "just a text"
      LayoutSVGText {text} at (4399,4403) size 81x22 contains 1 chunk(s)
        LayoutSVGInlineText {#text} at (4399,4403) size 81x22
          chunk 1 text run 1 at (4400.00,4420.00) startOffset 0 endOffset 11 width 80.00: "just a text"
      LayoutSVGText {text} at (4499,4403) size 81x22 contains 1 chunk(s)
        LayoutSVGInlineText {#text} at (4499,4403) size 81x22
          chunk 1 text run 1 at (4500.00,4420.00) startOffset 0 endOffset 11 width 80.00: "just a text"
      LayoutSVGText {text} at (4599,4403) size 81x22 contains 1 chunk(s)
        LayoutSVGInlineText {#text} at (4599,4403) size 81x22
          chunk 1 text run 1 at (4600.00,4420.00) startOffset 0 endOffset 11 width 80.00: "just a text"
      LayoutSVGText {text} at (4699,4403) size 81x22 contains 1 chunk(s)
        LayoutSVGInlineText {#text} at (4699,4403) size 81x22
          chunk 1 text run 1 at (4700.00,4420.00) startOffset 0 endOffset 11 width 80.00: "just a text"
      LayoutSVGText {text} at (4799,4403) size 81x22 contains 1 chunk(s)
        LayoutSVGInlineText {#text} at (4799,4403) size 81x22
          chunk 1 text run 1 at (4800.00,4420.00) startOffset 0 endOffset 11 width 80.00: "just a text"
      LayoutSVGText {text} at (4899,4403) size 81x22 contains 1 chunk(s)
        LayoutSVGInlineText {#text} at (4899,4403) size 81x22
          chunk 1 text run 1 at (4900.00,4420.00) startOffset 0 endOffset 11 width 80.00: "just a text"
      LayoutSVGText {text} at (-1,4503) size 81x22 contains 1 chunk(s)
        LayoutSVGInlineText {#text} at (-1,4503) size 81x22
          chunk 1 text run 1 at (0.00,4520.00) startOffset 0 endOffset 11 width 80.00: "just a text"
      LayoutSVGText {text} at (99,4503) size 81x22 contains 1 chunk(s)
        LayoutSVGInlineText {#text} at (99,4503) size 81x22
          chunk 1 text run 1 at (100.00,4520.00) startOffset 0 endOffset 11 width 80.00: "just a text"
      LayoutSVGText {text} at (199,4503) size 81x22 contains 1 chunk(s)
        LayoutSVGInlineText {#text} at (199,4503) size 81x22
          chunk 1 text run 1 at (200.00,4520.00) startOffset 0 endOffset 11 width 80.00: "just a text"
      LayoutSVGText {text} at (299,4503) size 81x22 contains 1 chunk(s)
        LayoutSVGInlineText {#text} at (299,4503) size 81x22
          chunk 1 text run 1 at (300.00,4520.00) startOffset 0 endOffset 11 width 80.00: "just a text"
      LayoutSVGText {text} at (399,4503) size 81x22 contains 1 chunk(s)
        LayoutSVGInlineText {#text} at (399,4503) size 81x22
          chunk 1 text run 1 at (400.00,4520.00) startOffset 0 endOffset 11 width 80.00: "just a text"
      LayoutSVGText {text} at (499,4503) size 81x22 contains 1 chunk(s)
        LayoutSVGInlineText {#text} at (499,4503) size 81x22
          chunk 1 text run 1 at (500.00,4520.00) startOffset 0 endOffset 11 width 80.00: "just a text"
      LayoutSVGText {text} at (599,4503) size 81x22 contains 1 chunk(s)
        LayoutSVGInlineText {#text} at (599,4503) size 81x22
          chunk 1 text run 1 at (600.00,4520.00) startOffset 0 endOffset 11 width 80.00: "just a text"
      LayoutSVGText {text} at (699,4503) size 81x22 contains 1 chunk(s)
        LayoutSVGInlineText {#text} at (699,4503) size 81x22
          chunk 1 text run 1 at (700.00,4520.00) startOffset 0 endOffset 11 width 80.00: "just a text"
      LayoutSVGText {text} at (799,4503) size 81x22 contains 1 chunk(s)
        LayoutSVGInlineText {#text} at (799,4503) size 81x22
          chunk 1 text run 1 at (800.00,4520.00) startOffset 0 endOffset 11 width 80.00: "just a text"
      LayoutSVGText {text} at (899,4503) size 81x22 contains 1 chunk(s)
        LayoutSVGInlineText {#text} at (899,4503) size 81x22
          chunk 1 text run 1 at (900.00,4520.00) startOffset 0 endOffset 11 width 80.00: "just a text"
      LayoutSVGText {text} at (999,4503) size 81x22 contains 1 chunk(s)
        LayoutSVGInlineText {#text} at (999,4503) size 81x22
          chunk 1 text run 1 at (1000.00,4520.00) startOffset 0 endOffset 11 width 80.00: "just a text"
      LayoutSVGText {text} at (1099,4503) size 81x22 contains 1 chunk(s)
        LayoutSVGInlineText {#text} at (1099,4503) size 81x22
          chunk 1 text run 1 at (1100.00,4520.00) startOffset 0 endOffset 11 width 80.00: "just a text"
      LayoutSVGText {text} at (1199,4503) size 81x22 contains 1 chunk(s)
        LayoutSVGInlineText {#text} at (1199,4503) size 81x22
          chunk 1 text run 1 at (1200.00,4520.00) startOffset 0 endOffset 11 width 80.00: "just a text"
      LayoutSVGText {text} at (1299,4503) size 81x22 contains 1 chunk(s)
        LayoutSVGInlineText {#text} at (1299,4503) size 81x22
          chunk 1 text run 1 at (1300.00,4520.00) startOffset 0 endOffset 11 width 80.00: "just a text"
      LayoutSVGText {text} at (1399,4503) size 81x22 contains 1 chunk(s)
        LayoutSVGInlineText {#text} at (1399,4503) size 81x22
          chunk 1 text run 1 at (1400.00,4520.00) startOffset 0 endOffset 11 width 80.00: "just a text"
      LayoutSVGText {text} at (1499,4503) size 81x22 contains 1 chunk(s)
        LayoutSVGInlineText {#text} at (1499,4503) size 81x22
          chunk 1 text run 1 at (1500.00,4520.00) startOffset 0 endOffset 11 width 80.00: "just a text"
      LayoutSVGText {text} at (1599,4503) size 81x22 contains 1 chunk(s)
        LayoutSVGInlineText {#text} at (1599,4503) size 81x22
          chunk 1 text run 1 at (1600.00,4520.00) startOffset 0 endOffset 11 width 80.00: "just a text"
      LayoutSVGText {text} at (1699,4503) size 81x22 contains 1 chunk(s)
        LayoutSVGInlineText {#text} at (1699,4503) size 81x22
          chunk 1 text run 1 at (1700.00,4520.00) startOffset 0 endOffset 11 width 80.00: "just a text"
      LayoutSVGText {text} at (1799,4503) size 81x22 contains 1 chunk(s)
        LayoutSVGInlineText {#text} at (1799,4503) size 81x22
          chunk 1 text run 1 at (1800.00,4520.00) startOffset 0 endOffset 11 width 80.00: "just a text"
      LayoutSVGText {text} at (1899,4503) size 81x22 contains 1 chunk(s)
        LayoutSVGInlineText {#text} at (1899,4503) size 81x22
          chunk 1 text run 1 at (1900.00,4520.00) startOffset 0 endOffset 11 width 80.00: "just a text"
      LayoutSVGText {text} at (1999,4503) size 81x22 contains 1 chunk(s)
        LayoutSVGInlineText {#text} at (1999,4503) size 81x22
          chunk 1 text run 1 at (2000.00,4520.00) startOffset 0 endOffset 11 width 80.00: "just a text"
      LayoutSVGText {text} at (2099,4503) size 81x22 contains 1 chunk(s)
        LayoutSVGInlineText {#text} at (2099,4503) size 81x22
          chunk 1 text run 1 at (2100.00,4520.00) startOffset 0 endOffset 11 width 80.00: "just a text"
      LayoutSVGText {text} at (2199,4503) size 81x22 contains 1 chunk(s)
        LayoutSVGInlineText {#text} at (2199,4503) size 81x22
          chunk 1 text run 1 at (2200.00,4520.00) startOffset 0 endOffset 11 width 80.00: "just a text"
      LayoutSVGText {text} at (2299,4503) size 81x22 contains 1 chunk(s)
        LayoutSVGInlineText {#text} at (2299,4503) size 81x22
          chunk 1 text run 1 at (2300.00,4520.00) startOffset 0 endOffset 11 width 80.00: "just a text"
      LayoutSVGText {text} at (2399,4503) size 81x22 contains 1 chunk(s)
        LayoutSVGInlineText {#text} at (2399,4503) size 81x22
          chunk 1 text run 1 at (2400.00,4520.00) startOffset 0 endOffset 11 width 80.00: "just a text"
      LayoutSVGText {text} at (2499,4503) size 81x22 contains 1 chunk(s)
        LayoutSVGInlineText {#text} at (2499,4503) size 81x22
          chunk 1 text run 1 at (2500.00,4520.00) startOffset 0 endOffset 11 width 80.00: "just a text"
      LayoutSVGText {text} at (2599,4503) size 81x22 contains 1 chunk(s)
        LayoutSVGInlineText {#text} at (2599,4503) size 81x22
          chunk 1 text run 1 at (2600.00,4520.00) startOffset 0 endOffset 11 width 80.00: "just a text"
      LayoutSVGText {text} at (2699,4503) size 81x22 contains 1 chunk(s)
        LayoutSVGInlineText {#text} at (2699,4503) size 81x22
          chunk 1 text run 1 at (2700.00,4520.00) startOffset 0 endOffset 11 width 80.00: "just a text"
      LayoutSVGText {text} at (2799,4503) size 81x22 contains 1 chunk(s)
        LayoutSVGInlineText {#text} at (2799,4503) size 81x22
          chunk 1 text run 1 at (2800.00,4520.00) startOffset 0 endOffset 11 width 80.00: "just a text"
      LayoutSVGText {text} at (2899,4503) size 81x22 contains 1 chunk(s)
        LayoutSVGInlineText {#text} at (2899,4503) size 81x22
          chunk 1 text run 1 at (2900.00,4520.00) startOffset 0 endOffset 11 width 80.00: "just a text"
      LayoutSVGText {text} at (2999,4503) size 81x22 contains 1 chunk(s)
        LayoutSVGInlineText {#text} at (2999,4503) size 81x22
          chunk 1 text run 1 at (3000.00,4520.00) startOffset 0 endOffset 11 width 80.00: "just a text"
      LayoutSVGText {text} at (3099,4503) size 81x22 contains 1 chunk(s)
        LayoutSVGInlineText {#text} at (3099,4503) size 81x22
          chunk 1 text run 1 at (3100.00,4520.00) startOffset 0 endOffset 11 width 80.00: "just a text"
      LayoutSVGText {text} at (3199,4503) size 81x22 contains 1 chunk(s)
        LayoutSVGInlineText {#text} at (3199,4503) size 81x22
          chunk 1 text run 1 at (3200.00,4520.00) startOffset 0 endOffset 11 width 80.00: "just a text"
      LayoutSVGText {text} at (3299,4503) size 81x22 contains 1 chunk(s)
        LayoutSVGInlineText {#text} at (3299,4503) size 81x22
          chunk 1 text run 1 at (3300.00,4520.00) startOffset 0 endOffset 11 width 80.00: "just a text"
      LayoutSVGText {text} at (3399,4503) size 81x22 contains 1 chunk(s)
        LayoutSVGInlineText {#text} at (3399,4503) size 81x22
          chunk 1 text run 1 at (3400.00,4520.00) startOffset 0 endOffset 11 width 80.00: "just a text"
      LayoutSVGText {text} at (3499,4503) size 81x22 contains 1 chunk(s)
        LayoutSVGInlineText {#text} at (3499,4503) size 81x22
          chunk 1 text run 1 at (3500.00,4520.00) startOffset 0 endOffset 11 width 80.00: "just a text"
      LayoutSVGText {text} at (3599,4503) size 81x22 contains 1 chunk(s)
        LayoutSVGInlineText {#text} at (3599,4503) size 81x22
          chunk 1 text run 1 at (3600.00,4520.00) startOffset 0 endOffset 11 width 80.00: "just a text"
      LayoutSVGText {text} at (3699,4503) size 81x22 contains 1 chunk(s)
        LayoutSVGInlineText {#text} at (3699,4503) size 81x22
          chunk 1 text run 1 at (3700.00,4520.00) startOffset 0 endOffset 11 width 80.00: "just a text"
      LayoutSVGText {text} at (3799,4503) size 81x22 contains 1 chunk(s)
        LayoutSVGInlineText {#text} at (3799,4503) size 81x22
          chunk 1 text run 1 at (3800.00,4520.00) startOffset 0 endOffset 11 width 80.00: "just a text"
      LayoutSVGText {text} at (3899,4503) size 81x22 contains 1 chunk(s)
        LayoutSVGInlineText {#text} at (3899,4503) size 81x22
          chunk 1 text run 1 at (3900.00,4520.00) startOffset 0 endOffset 11 width 80.00: "just a text"
      LayoutSVGText {text} at (3999,4503) size 81x22 contains 1 chunk(s)
        LayoutSVGInlineText {#text} at (3999,4503) size 81x22
          chunk 1 text run 1 at (4000.00,4520.00) startOffset 0 endOffset 11 width 80.00: "just a text"
      LayoutSVGText {text} at (4099,4503) size 81x22 contains 1 chunk(s)
        LayoutSVGInlineText {#text} at (4099,4503) size 81x22
          chunk 1 text run 1 at (4100.00,4520.00) startOffset 0 endOffset 11 width 80.00: "just a text"
      LayoutSVGText {text} at (4199,4503) size 81x22 contains 1 chunk(s)
        LayoutSVGInlineText {#text} at (4199,4503) size 81x22
          chunk 1 text run 1 at (4200.00,4520.00) startOffset 0 endOffset 11 width 80.00: "just a text"
      LayoutSVGText {text} at (4299,4503) size 81x22 contains 1 chunk(s)
        LayoutSVGInlineText {#text} at (4299,4503) size 81x22
          chunk 1 text run 1 at (4300.00,4520.00) startOffset 0 endOffset 11 width 80.00: "just a text"
      LayoutSVGText {text} at (4399,4503) size 81x22 contains 1 chunk(s)
        LayoutSVGInlineText {#text} at (4399,4503) size 81x22
          chunk 1 text run 1 at (4400.00,4520.00) startOffset 0 endOffset 11 width 80.00: "just a text"
      LayoutSVGText {text} at (4499,4503) size 81x22 contains 1 chunk(s)
        LayoutSVGInlineText {#text} at (4499,4503) size 81x22
          chunk 1 text run 1 at (4500.00,4520.00) startOffset 0 endOffset 11 width 80.00: "just a text"
      LayoutSVGText {text} at (4599,4503) size 81x22 contains 1 chunk(s)
        LayoutSVGInlineText {#text} at (4599,4503) size 81x22
          chunk 1 text run 1 at (4600.00,4520.00) startOffset 0 endOffset 11 width 80.00: "just a text"
      LayoutSVGText {text} at (4699,4503) size 81x22 contains 1 chunk(s)
        LayoutSVGInlineText {#text} at (4699,4503) size 81x22
          chunk 1 text run 1 at (4700.00,4520.00) startOffset 0 endOffset 11 width 80.00: "just a text"
      LayoutSVGText {text} at (4799,4503) size 81x22 contains 1 chunk(s)
        LayoutSVGInlineText {#text} at (4799,4503) size 81x22
          chunk 1 text run 1 at (4800.00,4520.00) startOffset 0 endOffset 11 width 80.00: "just a text"
      LayoutSVGText {text} at (4899,4503) size 81x22 contains 1 chunk(s)
        LayoutSVGInlineText {#text} at (4899,4503) size 81x22
          chunk 1 text run 1 at (4900.00,4520.00) startOffset 0 endOffset 11 width 80.00: "just a text"
      LayoutSVGText {text} at (-1,4603) size 81x22 contains 1 chunk(s)
        LayoutSVGInlineText {#text} at (-1,4603) size 81x22
          chunk 1 text run 1 at (0.00,4620.00) startOffset 0 endOffset 11 width 80.00: "just a text"
      LayoutSVGText {text} at (99,4603) size 81x22 contains 1 chunk(s)
        LayoutSVGInlineText {#text} at (99,4603) size 81x22
          chunk 1 text run 1 at (100.00,4620.00) startOffset 0 endOffset 11 width 80.00: "just a text"
      LayoutSVGText {text} at (199,4603) size 81x22 contains 1 chunk(s)
        LayoutSVGInlineText {#text} at (199,4603) size 81x22
          chunk 1 text run 1 at (200.00,4620.00) startOffset 0 endOffset 11 width 80.00: "just a text"
      LayoutSVGText {text} at (299,4603) size 81x22 contains 1 chunk(s)
        LayoutSVGInlineText {#text} at (299,4603) size 81x22
          chunk 1 text run 1 at (300.00,4620.00) startOffset 0 endOffset 11 width 80.00: "just a text"
      LayoutSVGText {text} at (399,4603) size 81x22 contains 1 chunk(s)
        LayoutSVGInlineText {#text} at (399,4603) size 81x22
          chunk 1 text run 1 at (400.00,4620.00) startOffset 0 endOffset 11 width 80.00: "just a text"
      LayoutSVGText {text} at (499,4603) size 81x22 contains 1 chunk(s)
        LayoutSVGInlineText {#text} at (499,4603) size 81x22
          chunk 1 text run 1 at (500.00,4620.00) startOffset 0 endOffset 11 width 80.00: "just a text"
      LayoutSVGText {text} at (599,4603) size 81x22 contains 1 chunk(s)
        LayoutSVGInlineText {#text} at (599,4603) size 81x22
          chunk 1 text run 1 at (600.00,4620.00) startOffset 0 endOffset 11 width 80.00: "just a text"
      LayoutSVGText {text} at (699,4603) size 81x22 contains 1 chunk(s)
        LayoutSVGInlineText {#text} at (699,4603) size 81x22
          chunk 1 text run 1 at (700.00,4620.00) startOffset 0 endOffset 11 width 80.00: "just a text"
      LayoutSVGText {text} at (799,4603) size 81x22 contains 1 chunk(s)
        LayoutSVGInlineText {#text} at (799,4603) size 81x22
          chunk 1 text run 1 at (800.00,4620.00) startOffset 0 endOffset 11 width 80.00: "just a text"
      LayoutSVGText {text} at (899,4603) size 81x22 contains 1 chunk(s)
        LayoutSVGInlineText {#text} at (899,4603) size 81x22
          chunk 1 text run 1 at (900.00,4620.00) startOffset 0 endOffset 11 width 80.00: "just a text"
      LayoutSVGText {text} at (999,4603) size 81x22 contains 1 chunk(s)
        LayoutSVGInlineText {#text} at (999,4603) size 81x22
          chunk 1 text run 1 at (1000.00,4620.00) startOffset 0 endOffset 11 width 80.00: "just a text"
      LayoutSVGText {text} at (1099,4603) size 81x22 contains 1 chunk(s)
        LayoutSVGInlineText {#text} at (1099,4603) size 81x22
          chunk 1 text run 1 at (1100.00,4620.00) startOffset 0 endOffset 11 width 80.00: "just a text"
      LayoutSVGText {text} at (1199,4603) size 81x22 contains 1 chunk(s)
        LayoutSVGInlineText {#text} at (1199,4603) size 81x22
          chunk 1 text run 1 at (1200.00,4620.00) startOffset 0 endOffset 11 width 80.00: "just a text"
      LayoutSVGText {text} at (1299,4603) size 81x22 contains 1 chunk(s)
        LayoutSVGInlineText {#text} at (1299,4603) size 81x22
          chunk 1 text run 1 at (1300.00,4620.00) startOffset 0 endOffset 11 width 80.00: "just a text"
      LayoutSVGText {text} at (1399,4603) size 81x22 contains 1 chunk(s)
        LayoutSVGInlineText {#text} at (1399,4603) size 81x22
          chunk 1 text run 1 at (1400.00,4620.00) startOffset 0 endOffset 11 width 80.00: "just a text"
      LayoutSVGText {text} at (1499,4603) size 81x22 contains 1 chunk(s)
        LayoutSVGInlineText {#text} at (1499,4603) size 81x22
          chunk 1 text run 1 at (1500.00,4620.00) startOffset 0 endOffset 11 width 80.00: "just a text"
      LayoutSVGText {text} at (1599,4603) size 81x22 contains 1 chunk(s)
        LayoutSVGInlineText {#text} at (1599,4603) size 81x22
          chunk 1 text run 1 at (1600.00,4620.00) startOffset 0 endOffset 11 width 80.00: "just a text"
      LayoutSVGText {text} at (1699,4603) size 81x22 contains 1 chunk(s)
        LayoutSVGInlineText {#text} at (1699,4603) size 81x22
          chunk 1 text run 1 at (1700.00,4620.00) startOffset 0 endOffset 11 width 80.00: "just a text"
      LayoutSVGText {text} at (1799,4603) size 81x22 contains 1 chunk(s)
        LayoutSVGInlineText {#text} at (1799,4603) size 81x22
          chunk 1 text run 1 at (1800.00,4620.00) startOffset 0 endOffset 11 width 80.00: "just a text"
      LayoutSVGText {text} at (1899,4603) size 81x22 contains 1 chunk(s)
        LayoutSVGInlineText {#text} at (1899,4603) size 81x22
          chunk 1 text run 1 at (1900.00,4620.00) startOffset 0 endOffset 11 width 80.00: "just a text"
      LayoutSVGText {text} at (1999,4603) size 81x22 contains 1 chunk(s)
        LayoutSVGInlineText {#text} at (1999,4603) size 81x22
          chunk 1 text run 1 at (2000.00,4620.00) startOffset 0 endOffset 11 width 80.00: "just a text"
      LayoutSVGText {text} at (2099,4603) size 81x22 contains 1 chunk(s)
        LayoutSVGInlineText {#text} at (2099,4603) size 81x22
          chunk 1 text run 1 at (2100.00,4620.00) startOffset 0 endOffset 11 width 80.00: "just a text"
      LayoutSVGText {text} at (2199,4603) size 81x22 contains 1 chunk(s)
        LayoutSVGInlineText {#text} at (2199,4603) size 81x22
          chunk 1 text run 1 at (2200.00,4620.00) startOffset 0 endOffset 11 width 80.00: "just a text"
      LayoutSVGText {text} at (2299,4603) size 81x22 contains 1 chunk(s)
        LayoutSVGInlineText {#text} at (2299,4603) size 81x22
          chunk 1 text run 1 at (2300.00,4620.00) startOffset 0 endOffset 11 width 80.00: "just a text"
      LayoutSVGText {text} at (2399,4603) size 81x22 contains 1 chunk(s)
        LayoutSVGInlineText {#text} at (2399,4603) size 81x22
          chunk 1 text run 1 at (2400.00,4620.00) startOffset 0 endOffset 11 width 80.00: "just a text"
      LayoutSVGText {text} at (2499,4603) size 81x22 contains 1 chunk(s)
        LayoutSVGInlineText {#text} at (2499,4603) size 81x22
          chunk 1 text run 1 at (2500.00,4620.00) startOffset 0 endOffset 11 width 80.00: "just a text"
      LayoutSVGText {text} at (2599,4603) size 81x22 contains 1 chunk(s)
        LayoutSVGInlineText {#text} at (2599,4603) size 81x22
          chunk 1 text run 1 at (2600.00,4620.00) startOffset 0 endOffset 11 width 80.00: "just a text"
      LayoutSVGText {text} at (2699,4603) size 81x22 contains 1 chunk(s)
        LayoutSVGInlineText {#text} at (2699,4603) size 81x22
          chunk 1 text run 1 at (2700.00,4620.00) startOffset 0 endOffset 11 width 80.00: "just a text"
      LayoutSVGText {text} at (2799,4603) size 81x22 contains 1 chunk(s)
        LayoutSVGInlineText {#text} at (2799,4603) size 81x22
          chunk 1 text run 1 at (2800.00,4620.00) startOffset 0 endOffset 11 width 80.00: "just a text"
      LayoutSVGText {text} at (2899,4603) size 81x22 contains 1 chunk(s)
        LayoutSVGInlineText {#text} at (2899,4603) size 81x22
          chunk 1 text run 1 at (2900.00,4620.00) startOffset 0 endOffset 11 width 80.00: "just a text"
      LayoutSVGText {text} at (2999,4603) size 81x22 contains 1 chunk(s)
        LayoutSVGInlineText {#text} at (2999,4603) size 81x22
          chunk 1 text run 1 at (3000.00,4620.00) startOffset 0 endOffset 11 width 80.00: "just a text"
      LayoutSVGText {text} at (3099,4603) size 81x22 contains 1 chunk(s)
        LayoutSVGInlineText {#text} at (3099,4603) size 81x22
          chunk 1 text run 1 at (3100.00,4620.00) startOffset 0 endOffset 11 width 80.00: "just a text"
      LayoutSVGText {text} at (3199,4603) size 81x22 contains 1 chunk(s)
        LayoutSVGInlineText {#text} at (3199,4603) size 81x22
          chunk 1 text run 1 at (3200.00,4620.00) startOffset 0 endOffset 11 width 80.00: "just a text"
      LayoutSVGText {text} at (3299,4603) size 81x22 contains 1 chunk(s)
        LayoutSVGInlineText {#text} at (3299,4603) size 81x22
          chunk 1 text run 1 at (3300.00,4620.00) startOffset 0 endOffset 11 width 80.00: "just a text"
      LayoutSVGText {text} at (3399,4603) size 81x22 contains 1 chunk(s)
        LayoutSVGInlineText {#text} at (3399,4603) size 81x22
          chunk 1 text run 1 at (3400.00,4620.00) startOffset 0 endOffset 11 width 80.00: "just a text"
      LayoutSVGText {text} at (3499,4603) size 81x22 contains 1 chunk(s)
        LayoutSVGInlineText {#text} at (3499,4603) size 81x22
          chunk 1 text run 1 at (3500.00,4620.00) startOffset 0 endOffset 11 width 80.00: "just a text"
      LayoutSVGText {text} at (3599,4603) size 81x22 contains 1 chunk(s)
        LayoutSVGInlineText {#text} at (3599,4603) size 81x22
          chunk 1 text run 1 at (3600.00,4620.00) startOffset 0 endOffset 11 width 80.00: "just a text"
      LayoutSVGText {text} at (3699,4603) size 81x22 contains 1 chunk(s)
        LayoutSVGInlineText {#text} at (3699,4603) size 81x22
          chunk 1 text run 1 at (3700.00,4620.00) startOffset 0 endOffset 11 width 80.00: "just a text"
      LayoutSVGText {text} at (3799,4603) size 81x22 contains 1 chunk(s)
        LayoutSVGInlineText {#text} at (3799,4603) size 81x22
          chunk 1 text run 1 at (3800.00,4620.00) startOffset 0 endOffset 11 width 80.00: "just a text"
      LayoutSVGText {text} at (3899,4603) size 81x22 contains 1 chunk(s)
        LayoutSVGInlineText {#text} at (3899,4603) size 81x22
          chunk 1 text run 1 at (3900.00,4620.00) startOffset 0 endOffset 11 width 80.00: "just a text"
      LayoutSVGText {text} at (3999,4603) size 81x22 contains 1 chunk(s)
        LayoutSVGInlineText {#text} at (3999,4603) size 81x22
          chunk 1 text run 1 at (4000.00,4620.00) startOffset 0 endOffset 11 width 80.00: "just a text"
      LayoutSVGText {text} at (4099,4603) size 81x22 contains 1 chunk(s)
        LayoutSVGInlineText {#text} at (4099,4603) size 81x22
          chunk 1 text run 1 at (4100.00,4620.00) startOffset 0 endOffset 11 width 80.00: "just a text"
      LayoutSVGText {text} at (4199,4603) size 81x22 contains 1 chunk(s)
        LayoutSVGInlineText {#text} at (4199,4603) size 81x22
          chunk 1 text run 1 at (4200.00,4620.00) startOffset 0 endOffset 11 width 80.00: "just a text"
      LayoutSVGText {text} at (4299,4603) size 81x22 contains 1 chunk(s)
        LayoutSVGInlineText {#text} at (4299,4603) size 81x22
          chunk 1 text run 1 at (4300.00,4620.00) startOffset 0 endOffset 11 width 80.00: "just a text"
      LayoutSVGText {text} at (4399,4603) size 81x22 contains 1 chunk(s)
        LayoutSVGInlineText {#text} at (4399,4603) size 81x22
          chunk 1 text run 1 at (4400.00,4620.00) startOffset 0 endOffset 11 width 80.00: "just a text"
      LayoutSVGText {text} at (4499,4603) size 81x22 contains 1 chunk(s)
        LayoutSVGInlineText {#text} at (4499,4603) size 81x22
          chunk 1 text run 1 at (4500.00,4620.00) startOffset 0 endOffset 11 width 80.00: "just a text"
      LayoutSVGText {text} at (4599,4603) size 81x22 contains 1 chunk(s)
        LayoutSVGInlineText {#text} at (4599,4603) size 81x22
          chunk 1 text run 1 at (4600.00,4620.00) startOffset 0 endOffset 11 width 80.00: "just a text"
      LayoutSVGText {text} at (4699,4603) size 81x22 contains 1 chunk(s)
        LayoutSVGInlineText {#text} at (4699,4603) size 81x22
          chunk 1 text run 1 at (4700.00,4620.00) startOffset 0 endOffset 11 width 80.00: "just a text"
      LayoutSVGText {text} at (4799,4603) size 81x22 contains 1 chunk(s)
        LayoutSVGInlineText {#text} at (4799,4603) size 81x22
          chunk 1 text run 1 at (4800.00,4620.00) startOffset 0 endOffset 11 width 80.00: "just a text"
      LayoutSVGText {text} at (4899,4603) size 81x22 contains 1 chunk(s)
        LayoutSVGInlineText {#text} at (4899,4603) size 81x22
          chunk 1 text run 1 at (4900.00,4620.00) startOffset 0 endOffset 11 width 80.00: "just a text"
      LayoutSVGText {text} at (-1,4703) size 81x22 contains 1 chunk(s)
        LayoutSVGInlineText {#text} at (-1,4703) size 81x22
          chunk 1 text run 1 at (0.00,4720.00) startOffset 0 endOffset 11 width 80.00: "just a text"
      LayoutSVGText {text} at (99,4703) size 81x22 contains 1 chunk(s)
        LayoutSVGInlineText {#text} at (99,4703) size 81x22
          chunk 1 text run 1 at (100.00,4720.00) startOffset 0 endOffset 11 width 80.00: "just a text"
      LayoutSVGText {text} at (199,4703) size 81x22 contains 1 chunk(s)
        LayoutSVGInlineText {#text} at (199,4703) size 81x22
          chunk 1 text run 1 at (200.00,4720.00) startOffset 0 endOffset 11 width 80.00: "just a text"
      LayoutSVGText {text} at (299,4703) size 81x22 contains 1 chunk(s)
        LayoutSVGInlineText {#text} at (299,4703) size 81x22
          chunk 1 text run 1 at (300.00,4720.00) startOffset 0 endOffset 11 width 80.00: "just a text"
      LayoutSVGText {text} at (399,4703) size 81x22 contains 1 chunk(s)
        LayoutSVGInlineText {#text} at (399,4703) size 81x22
          chunk 1 text run 1 at (400.00,4720.00) startOffset 0 endOffset 11 width 80.00: "just a text"
      LayoutSVGText {text} at (499,4703) size 81x22 contains 1 chunk(s)
        LayoutSVGInlineText {#text} at (499,4703) size 81x22
          chunk 1 text run 1 at (500.00,4720.00) startOffset 0 endOffset 11 width 80.00: "just a text"
      LayoutSVGText {text} at (599,4703) size 81x22 contains 1 chunk(s)
        LayoutSVGInlineText {#text} at (599,4703) size 81x22
          chunk 1 text run 1 at (600.00,4720.00) startOffset 0 endOffset 11 width 80.00: "just a text"
      LayoutSVGText {text} at (699,4703) size 81x22 contains 1 chunk(s)
        LayoutSVGInlineText {#text} at (699,4703) size 81x22
          chunk 1 text run 1 at (700.00,4720.00) startOffset 0 endOffset 11 width 80.00: "just a text"
      LayoutSVGText {text} at (799,4703) size 81x22 contains 1 chunk(s)
        LayoutSVGInlineText {#text} at (799,4703) size 81x22
          chunk 1 text run 1 at (800.00,4720.00) startOffset 0 endOffset 11 width 80.00: "just a text"
      LayoutSVGText {text} at (899,4703) size 81x22 contains 1 chunk(s)
        LayoutSVGInlineText {#text} at (899,4703) size 81x22
          chunk 1 text run 1 at (900.00,4720.00) startOffset 0 endOffset 11 width 80.00: "just a text"
      LayoutSVGText {text} at (999,4703) size 81x22 contains 1 chunk(s)
        LayoutSVGInlineText {#text} at (999,4703) size 81x22
          chunk 1 text run 1 at (1000.00,4720.00) startOffset 0 endOffset 11 width 80.00: "just a text"
      LayoutSVGText {text} at (1099,4703) size 81x22 contains 1 chunk(s)
        LayoutSVGInlineText {#text} at (1099,4703) size 81x22
          chunk 1 text run 1 at (1100.00,4720.00) startOffset 0 endOffset 11 width 80.00: "just a text"
      LayoutSVGText {text} at (1199,4703) size 81x22 contains 1 chunk(s)
        LayoutSVGInlineText {#text} at (1199,4703) size 81x22
          chunk 1 text run 1 at (1200.00,4720.00) startOffset 0 endOffset 11 width 80.00: "just a text"
      LayoutSVGText {text} at (1299,4703) size 81x22 contains 1 chunk(s)
        LayoutSVGInlineText {#text} at (1299,4703) size 81x22
          chunk 1 text run 1 at (1300.00,4720.00) startOffset 0 endOffset 11 width 80.00: "just a text"
      LayoutSVGText {text} at (1399,4703) size 81x22 contains 1 chunk(s)
        LayoutSVGInlineText {#text} at (1399,4703) size 81x22
          chunk 1 text run 1 at (1400.00,4720.00) startOffset 0 endOffset 11 width 80.00: "just a text"
      LayoutSVGText {text} at (1499,4703) size 81x22 contains 1 chunk(s)
        LayoutSVGInlineText {#text} at (1499,4703) size 81x22
          chunk 1 text run 1 at (1500.00,4720.00) startOffset 0 endOffset 11 width 80.00: "just a text"
      LayoutSVGText {text} at (1599,4703) size 81x22 contains 1 chunk(s)
        LayoutSVGInlineText {#text} at (1599,4703) size 81x22
          chunk 1 text run 1 at (1600.00,4720.00) startOffset 0 endOffset 11 width 80.00: "just a text"
      LayoutSVGText {text} at (1699,4703) size 81x22 contains 1 chunk(s)
        LayoutSVGInlineText {#text} at (1699,4703) size 81x22
          chunk 1 text run 1 at (1700.00,4720.00) startOffset 0 endOffset 11 width 80.00: "just a text"
      LayoutSVGText {text} at (1799,4703) size 81x22 contains 1 chunk(s)
        LayoutSVGInlineText {#text} at (1799,4703) size 81x22
          chunk 1 text run 1 at (1800.00,4720.00) startOffset 0 endOffset 11 width 80.00: "just a text"
      LayoutSVGText {text} at (1899,4703) size 81x22 contains 1 chunk(s)
        LayoutSVGInlineText {#text} at (1899,4703) size 81x22
          chunk 1 text run 1 at (1900.00,4720.00) startOffset 0 endOffset 11 width 80.00: "just a text"
      LayoutSVGText {text} at (1999,4703) size 81x22 contains 1 chunk(s)
        LayoutSVGInlineText {#text} at (1999,4703) size 81x22
          chunk 1 text run 1 at (2000.00,4720.00) startOffset 0 endOffset 11 width 80.00: "just a text"
      LayoutSVGText {text} at (2099,4703) size 81x22 contains 1 chunk(s)
        LayoutSVGInlineText {#text} at (2099,4703) size 81x22
          chunk 1 text run 1 at (2100.00,4720.00) startOffset 0 endOffset 11 width 80.00: "just a text"
      LayoutSVGText {text} at (2199,4703) size 81x22 contains 1 chunk(s)
        LayoutSVGInlineText {#text} at (2199,4703) size 81x22
          chunk 1 text run 1 at (2200.00,4720.00) startOffset 0 endOffset 11 width 80.00: "just a text"
      LayoutSVGText {text} at (2299,4703) size 81x22 contains 1 chunk(s)
        LayoutSVGInlineText {#text} at (2299,4703) size 81x22
          chunk 1 text run 1 at (2300.00,4720.00) startOffset 0 endOffset 11 width 80.00: "just a text"
      LayoutSVGText {text} at (2399,4703) size 81x22 contains 1 chunk(s)
        LayoutSVGInlineText {#text} at (2399,4703) size 81x22
          chunk 1 text run 1 at (2400.00,4720.00) startOffset 0 endOffset 11 width 80.00: "just a text"
      LayoutSVGText {text} at (2499,4703) size 81x22 contains 1 chunk(s)
        LayoutSVGInlineText {#text} at (2499,4703) size 81x22
          chunk 1 text run 1 at (2500.00,4720.00) startOffset 0 endOffset 11 width 80.00: "just a text"
      LayoutSVGText {text} at (2599,4703) size 81x22 contains 1 chunk(s)
        LayoutSVGInlineText {#text} at (2599,4703) size 81x22
          chunk 1 text run 1 at (2600.00,4720.00) startOffset 0 endOffset 11 width 80.00: "just a text"
      LayoutSVGText {text} at (2699,4703) size 81x22 contains 1 chunk(s)
        LayoutSVGInlineText {#text} at (2699,4703) size 81x22
          chunk 1 text run 1 at (2700.00,4720.00) startOffset 0 endOffset 11 width 80.00: "just a text"
      LayoutSVGText {text} at (2799,4703) size 81x22 contains 1 chunk(s)
        LayoutSVGInlineText {#text} at (2799,4703) size 81x22
          chunk 1 text run 1 at (2800.00,4720.00) startOffset 0 endOffset 11 width 80.00: "just a text"
      LayoutSVGText {text} at (2899,4703) size 81x22 contains 1 chunk(s)
        LayoutSVGInlineText {#text} at (2899,4703) size 81x22
          chunk 1 text run 1 at (2900.00,4720.00) startOffset 0 endOffset 11 width 80.00: "just a text"
      LayoutSVGText {text} at (2999,4703) size 81x22 contains 1 chunk(s)
        LayoutSVGInlineText {#text} at (2999,4703) size 81x22
          chunk 1 text run 1 at (3000.00,4720.00) startOffset 0 endOffset 11 width 80.00: "just a text"
      LayoutSVGText {text} at (3099,4703) size 81x22 contains 1 chunk(s)
        LayoutSVGInlineText {#text} at (3099,4703) size 81x22
          chunk 1 text run 1 at (3100.00,4720.00) startOffset 0 endOffset 11 width 80.00: "just a text"
      LayoutSVGText {text} at (3199,4703) size 81x22 contains 1 chunk(s)
        LayoutSVGInlineText {#text} at (3199,4703) size 81x22
          chunk 1 text run 1 at (3200.00,4720.00) startOffset 0 endOffset 11 width 80.00: "just a text"
      LayoutSVGText {text} at (3299,4703) size 81x22 contains 1 chunk(s)
        LayoutSVGInlineText {#text} at (3299,4703) size 81x22
          chunk 1 text run 1 at (3300.00,4720.00) startOffset 0 endOffset 11 width 80.00: "just a text"
      LayoutSVGText {text} at (3399,4703) size 81x22 contains 1 chunk(s)
        LayoutSVGInlineText {#text} at (3399,4703) size 81x22
          chunk 1 text run 1 at (3400.00,4720.00) startOffset 0 endOffset 11 width 80.00: "just a text"
      LayoutSVGText {text} at (3499,4703) size 81x22 contains 1 chunk(s)
        LayoutSVGInlineText {#text} at (3499,4703) size 81x22
          chunk 1 text run 1 at (3500.00,4720.00) startOffset 0 endOffset 11 width 80.00: "just a text"
      LayoutSVGText {text} at (3599,4703) size 81x22 contains 1 chunk(s)
        LayoutSVGInlineText {#text} at (3599,4703) size 81x22
          chunk 1 text run 1 at (3600.00,4720.00) startOffset 0 endOffset 11 width 80.00: "just a text"
      LayoutSVGText {text} at (3699,4703) size 81x22 contains 1 chunk(s)
        LayoutSVGInlineText {#text} at (3699,4703) size 81x22
          chunk 1 text run 1 at (3700.00,4720.00) startOffset 0 endOffset 11 width 80.00: "just a text"
      LayoutSVGText {text} at (3799,4703) size 81x22 contains 1 chunk(s)
        LayoutSVGInlineText {#text} at (3799,4703) size 81x22
          chunk 1 text run 1 at (3800.00,4720.00) startOffset 0 endOffset 11 width 80.00: "just a text"
      LayoutSVGText {text} at (3899,4703) size 81x22 contains 1 chunk(s)
        LayoutSVGInlineText {#text} at (3899,4703) size 81x22
          chunk 1 text run 1 at (3900.00,4720.00) startOffset 0 endOffset 11 width 80.00: "just a text"
      LayoutSVGText {text} at (3999,4703) size 81x22 contains 1 chunk(s)
        LayoutSVGInlineText {#text} at (3999,4703) size 81x22
          chunk 1 text run 1 at (4000.00,4720.00) startOffset 0 endOffset 11 width 80.00: "just a text"
      LayoutSVGText {text} at (4099,4703) size 81x22 contains 1 chunk(s)
        LayoutSVGInlineText {#text} at (4099,4703) size 81x22
          chunk 1 text run 1 at (4100.00,4720.00) startOffset 0 endOffset 11 width 80.00: "just a text"
      LayoutSVGText {text} at (4199,4703) size 81x22 contains 1 chunk(s)
        LayoutSVGInlineText {#text} at (4199,4703) size 81x22
          chunk 1 text run 1 at (4200.00,4720.00) startOffset 0 endOffset 11 width 80.00: "just a text"
      LayoutSVGText {text} at (4299,4703) size 81x22 contains 1 chunk(s)
        LayoutSVGInlineText {#text} at (4299,4703) size 81x22
          chunk 1 text run 1 at (4300.00,4720.00) startOffset 0 endOffset 11 width 80.00: "just a text"
      LayoutSVGText {text} at (4399,4703) size 81x22 contains 1 chunk(s)
        LayoutSVGInlineText {#text} at (4399,4703) size 81x22
          chunk 1 text run 1 at (4400.00,4720.00) startOffset 0 endOffset 11 width 80.00: "just a text"
      LayoutSVGText {text} at (4499,4703) size 81x22 contains 1 chunk(s)
        LayoutSVGInlineText {#text} at (4499,4703) size 81x22
          chunk 1 text run 1 at (4500.00,4720.00) startOffset 0 endOffset 11 width 80.00: "just a text"
      LayoutSVGText {text} at (4599,4703) size 81x22 contains 1 chunk(s)
        LayoutSVGInlineText {#text} at (4599,4703) size 81x22
          chunk 1 text run 1 at (4600.00,4720.00) startOffset 0 endOffset 11 width 80.00: "just a text"
      LayoutSVGText {text} at (4699,4703) size 81x22 contains 1 chunk(s)
        LayoutSVGInlineText {#text} at (4699,4703) size 81x22
          chunk 1 text run 1 at (4700.00,4720.00) startOffset 0 endOffset 11 width 80.00: "just a text"
      LayoutSVGText {text} at (4799,4703) size 81x22 contains 1 chunk(s)
        LayoutSVGInlineText {#text} at (4799,4703) size 81x22
          chunk 1 text run 1 at (4800.00,4720.00) startOffset 0 endOffset 11 width 80.00: "just a text"
      LayoutSVGText {text} at (4899,4703) size 81x22 contains 1 chunk(s)
        LayoutSVGInlineText {#text} at (4899,4703) size 81x22
          chunk 1 text run 1 at (4900.00,4720.00) startOffset 0 endOffset 11 width 80.00: "just a text"
      LayoutSVGText {text} at (-1,4803) size 81x22 contains 1 chunk(s)
        LayoutSVGInlineText {#text} at (-1,4803) size 81x22
          chunk 1 text run 1 at (0.00,4820.00) startOffset 0 endOffset 11 width 80.00: "just a text"
      LayoutSVGText {text} at (99,4803) size 81x22 contains 1 chunk(s)
        LayoutSVGInlineText {#text} at (99,4803) size 81x22
          chunk 1 text run 1 at (100.00,4820.00) startOffset 0 endOffset 11 width 80.00: "just a text"
      LayoutSVGText {text} at (199,4803) size 81x22 contains 1 chunk(s)
        LayoutSVGInlineText {#text} at (199,4803) size 81x22
          chunk 1 text run 1 at (200.00,4820.00) startOffset 0 endOffset 11 width 80.00: "just a text"
      LayoutSVGText {text} at (299,4803) size 81x22 contains 1 chunk(s)
        LayoutSVGInlineText {#text} at (299,4803) size 81x22
          chunk 1 text run 1 at (300.00,4820.00) startOffset 0 endOffset 11 width 80.00: "just a text"
      LayoutSVGText {text} at (399,4803) size 81x22 contains 1 chunk(s)
        LayoutSVGInlineText {#text} at (399,4803) size 81x22
          chunk 1 text run 1 at (400.00,4820.00) startOffset 0 endOffset 11 width 80.00: "just a text"
      LayoutSVGText {text} at (499,4803) size 81x22 contains 1 chunk(s)
        LayoutSVGInlineText {#text} at (499,4803) size 81x22
          chunk 1 text run 1 at (500.00,4820.00) startOffset 0 endOffset 11 width 80.00: "just a text"
      LayoutSVGText {text} at (599,4803) size 81x22 contains 1 chunk(s)
        LayoutSVGInlineText {#text} at (599,4803) size 81x22
          chunk 1 text run 1 at (600.00,4820.00) startOffset 0 endOffset 11 width 80.00: "just a text"
      LayoutSVGText {text} at (699,4803) size 81x22 contains 1 chunk(s)
        LayoutSVGInlineText {#text} at (699,4803) size 81x22
          chunk 1 text run 1 at (700.00,4820.00) startOffset 0 endOffset 11 width 80.00: "just a text"
      LayoutSVGText {text} at (799,4803) size 81x22 contains 1 chunk(s)
        LayoutSVGInlineText {#text} at (799,4803) size 81x22
          chunk 1 text run 1 at (800.00,4820.00) startOffset 0 endOffset 11 width 80.00: "just a text"
      LayoutSVGText {text} at (899,4803) size 81x22 contains 1 chunk(s)
        LayoutSVGInlineText {#text} at (899,4803) size 81x22
          chunk 1 text run 1 at (900.00,4820.00) startOffset 0 endOffset 11 width 80.00: "just a text"
      LayoutSVGText {text} at (999,4803) size 81x22 contains 1 chunk(s)
        LayoutSVGInlineText {#text} at (999,4803) size 81x22
          chunk 1 text run 1 at (1000.00,4820.00) startOffset 0 endOffset 11 width 80.00: "just a text"
      LayoutSVGText {text} at (1099,4803) size 81x22 contains 1 chunk(s)
        LayoutSVGInlineText {#text} at (1099,4803) size 81x22
          chunk 1 text run 1 at (1100.00,4820.00) startOffset 0 endOffset 11 width 80.00: "just a text"
      LayoutSVGText {text} at (1199,4803) size 81x22 contains 1 chunk(s)
        LayoutSVGInlineText {#text} at (1199,4803) size 81x22
          chunk 1 text run 1 at (1200.00,4820.00) startOffset 0 endOffset 11 width 80.00: "just a text"
      LayoutSVGText {text} at (1299,4803) size 81x22 contains 1 chunk(s)
        LayoutSVGInlineText {#text} at (1299,4803) size 81x22
          chunk 1 text run 1 at (1300.00,4820.00) startOffset 0 endOffset 11 width 80.00: "just a text"
      LayoutSVGText {text} at (1399,4803) size 81x22 contains 1 chunk(s)
        LayoutSVGInlineText {#text} at (1399,4803) size 81x22
          chunk 1 text run 1 at (1400.00,4820.00) startOffset 0 endOffset 11 width 80.00: "just a text"
      LayoutSVGText {text} at (1499,4803) size 81x22 contains 1 chunk(s)
        LayoutSVGInlineText {#text} at (1499,4803) size 81x22
          chunk 1 text run 1 at (1500.00,4820.00) startOffset 0 endOffset 11 width 80.00: "just a text"
      LayoutSVGText {text} at (1599,4803) size 81x22 contains 1 chunk(s)
        LayoutSVGInlineText {#text} at (1599,4803) size 81x22
          chunk 1 text run 1 at (1600.00,4820.00) startOffset 0 endOffset 11 width 80.00: "just a text"
      LayoutSVGText {text} at (1699,4803) size 81x22 contains 1 chunk(s)
        LayoutSVGInlineText {#text} at (1699,4803) size 81x22
          chunk 1 text run 1 at (1700.00,4820.00) startOffset 0 endOffset 11 width 80.00: "just a text"
      LayoutSVGText {text} at (1799,4803) size 81x22 contains 1 chunk(s)
        LayoutSVGInlineText {#text} at (1799,4803) size 81x22
          chunk 1 text run 1 at (1800.00,4820.00) startOffset 0 endOffset 11 width 80.00: "just a text"
      LayoutSVGText {text} at (1899,4803) size 81x22 contains 1 chunk(s)
        LayoutSVGInlineText {#text} at (1899,4803) size 81x22
          chunk 1 text run 1 at (1900.00,4820.00) startOffset 0 endOffset 11 width 80.00: "just a text"
      LayoutSVGText {text} at (1999,4803) size 81x22 contains 1 chunk(s)
        LayoutSVGInlineText {#text} at (1999,4803) size 81x22
          chunk 1 text run 1 at (2000.00,4820.00) startOffset 0 endOffset 11 width 80.00: "just a text"
      LayoutSVGText {text} at (2099,4803) size 81x22 contains 1 chunk(s)
        LayoutSVGInlineText {#text} at (2099,4803) size 81x22
          chunk 1 text run 1 at (2100.00,4820.00) startOffset 0 endOffset 11 width 80.00: "just a text"
      LayoutSVGText {text} at (2199,4803) size 81x22 contains 1 chunk(s)
        LayoutSVGInlineText {#text} at (2199,4803) size 81x22
          chunk 1 text run 1 at (2200.00,4820.00) startOffset 0 endOffset 11 width 80.00: "just a text"
      LayoutSVGText {text} at (2299,4803) size 81x22 contains 1 chunk(s)
        LayoutSVGInlineText {#text} at (2299,4803) size 81x22
          chunk 1 text run 1 at (2300.00,4820.00) startOffset 0 endOffset 11 width 80.00: "just a text"
      LayoutSVGText {text} at (2399,4803) size 81x22 contains 1 chunk(s)
        LayoutSVGInlineText {#text} at (2399,4803) size 81x22
          chunk 1 text run 1 at (2400.00,4820.00) startOffset 0 endOffset 11 width 80.00: "just a text"
      LayoutSVGText {text} at (2499,4803) size 81x22 contains 1 chunk(s)
        LayoutSVGInlineText {#text} at (2499,4803) size 81x22
          chunk 1 text run 1 at (2500.00,4820.00) startOffset 0 endOffset 11 width 80.00: "just a text"
      LayoutSVGText {text} at (2599,4803) size 81x22 contains 1 chunk(s)
        LayoutSVGInlineText {#text} at (2599,4803) size 81x22
          chunk 1 text run 1 at (2600.00,4820.00) startOffset 0 endOffset 11 width 80.00: "just a text"
      LayoutSVGText {text} at (2699,4803) size 81x22 contains 1 chunk(s)
        LayoutSVGInlineText {#text} at (2699,4803) size 81x22
          chunk 1 text run 1 at (2700.00,4820.00) startOffset 0 endOffset 11 width 80.00: "just a text"
      LayoutSVGText {text} at (2799,4803) size 81x22 contains 1 chunk(s)
        LayoutSVGInlineText {#text} at (2799,4803) size 81x22
          chunk 1 text run 1 at (2800.00,4820.00) startOffset 0 endOffset 11 width 80.00: "just a text"
      LayoutSVGText {text} at (2899,4803) size 81x22 contains 1 chunk(s)
        LayoutSVGInlineText {#text} at (2899,4803) size 81x22
          chunk 1 text run 1 at (2900.00,4820.00) startOffset 0 endOffset 11 width 80.00: "just a text"
      LayoutSVGText {text} at (2999,4803) size 81x22 contains 1 chunk(s)
        LayoutSVGInlineText {#text} at (2999,4803) size 81x22
          chunk 1 text run 1 at (3000.00,4820.00) startOffset 0 endOffset 11 width 80.00: "just a text"
      LayoutSVGText {text} at (3099,4803) size 81x22 contains 1 chunk(s)
        LayoutSVGInlineText {#text} at (3099,4803) size 81x22
          chunk 1 text run 1 at (3100.00,4820.00) startOffset 0 endOffset 11 width 80.00: "just a text"
      LayoutSVGText {text} at (3199,4803) size 81x22 contains 1 chunk(s)
        LayoutSVGInlineText {#text} at (3199,4803) size 81x22
          chunk 1 text run 1 at (3200.00,4820.00) startOffset 0 endOffset 11 width 80.00: "just a text"
      LayoutSVGText {text} at (3299,4803) size 81x22 contains 1 chunk(s)
        LayoutSVGInlineText {#text} at (3299,4803) size 81x22
          chunk 1 text run 1 at (3300.00,4820.00) startOffset 0 endOffset 11 width 80.00: "just a text"
      LayoutSVGText {text} at (3399,4803) size 81x22 contains 1 chunk(s)
        LayoutSVGInlineText {#text} at (3399,4803) size 81x22
          chunk 1 text run 1 at (3400.00,4820.00) startOffset 0 endOffset 11 width 80.00: "just a text"
      LayoutSVGText {text} at (3499,4803) size 81x22 contains 1 chunk(s)
        LayoutSVGInlineText {#text} at (3499,4803) size 81x22
          chunk 1 text run 1 at (3500.00,4820.00) startOffset 0 endOffset 11 width 80.00: "just a text"
      LayoutSVGText {text} at (3599,4803) size 81x22 contains 1 chunk(s)
        LayoutSVGInlineText {#text} at (3599,4803) size 81x22
          chunk 1 text run 1 at (3600.00,4820.00) startOffset 0 endOffset 11 width 80.00: "just a text"
      LayoutSVGText {text} at (3699,4803) size 81x22 contains 1 chunk(s)
        LayoutSVGInlineText {#text} at (3699,4803) size 81x22
          chunk 1 text run 1 at (3700.00,4820.00) startOffset 0 endOffset 11 width 80.00: "just a text"
      LayoutSVGText {text} at (3799,4803) size 81x22 contains 1 chunk(s)
        LayoutSVGInlineText {#text} at (3799,4803) size 81x22
          chunk 1 text run 1 at (3800.00,4820.00) startOffset 0 endOffset 11 width 80.00: "just a text"
      LayoutSVGText {text} at (3899,4803) size 81x22 contains 1 chunk(s)
        LayoutSVGInlineText {#text} at (3899,4803) size 81x22
          chunk 1 text run 1 at (3900.00,4820.00) startOffset 0 endOffset 11 width 80.00: "just a text"
      LayoutSVGText {text} at (3999,4803) size 81x22 contains 1 chunk(s)
        LayoutSVGInlineText {#text} at (3999,4803) size 81x22
          chunk 1 text run 1 at (4000.00,4820.00) startOffset 0 endOffset 11 width 80.00: "just a text"
      LayoutSVGText {text} at (4099,4803) size 81x22 contains 1 chunk(s)
        LayoutSVGInlineText {#text} at (4099,4803) size 81x22
          chunk 1 text run 1 at (4100.00,4820.00) startOffset 0 endOffset 11 width 80.00: "just a text"
      LayoutSVGText {text} at (4199,4803) size 81x22 contains 1 chunk(s)
        LayoutSVGInlineText {#text} at (4199,4803) size 81x22
          chunk 1 text run 1 at (4200.00,4820.00) startOffset 0 endOffset 11 width 80.00: "just a text"
      LayoutSVGText {text} at (4299,4803) size 81x22 contains 1 chunk(s)
        LayoutSVGInlineText {#text} at (4299,4803) size 81x22
          chunk 1 text run 1 at (4300.00,4820.00) startOffset 0 endOffset 11 width 80.00: "just a text"
      LayoutSVGText {text} at (4399,4803) size 81x22 contains 1 chunk(s)
        LayoutSVGInlineText {#text} at (4399,4803) size 81x22
          chunk 1 text run 1 at (4400.00,4820.00) startOffset 0 endOffset 11 width 80.00: "just a text"
      LayoutSVGText {text} at (4499,4803) size 81x22 contains 1 chunk(s)
        LayoutSVGInlineText {#text} at (4499,4803) size 81x22
          chunk 1 text run 1 at (4500.00,4820.00) startOffset 0 endOffset 11 width 80.00: "just a text"
      LayoutSVGText {text} at (4599,4803) size 81x22 contains 1 chunk(s)
        LayoutSVGInlineText {#text} at (4599,4803) size 81x22
          chunk 1 text run 1 at (4600.00,4820.00) startOffset 0 endOffset 11 width 80.00: "just a text"
      LayoutSVGText {text} at (4699,4803) size 81x22 contains 1 chunk(s)
        LayoutSVGInlineText {#text} at (4699,4803) size 81x22
          chunk 1 text run 1 at (4700.00,4820.00) startOffset 0 endOffset 11 width 80.00: "just a text"
      LayoutSVGText {text} at (4799,4803) size 81x22 contains 1 chunk(s)
        LayoutSVGInlineText {#text} at (4799,4803) size 81x22
          chunk 1 text run 1 at (4800.00,4820.00) startOffset 0 endOffset 11 width 80.00: "just a text"
      LayoutSVGText {text} at (4899,4803) size 81x22 contains 1 chunk(s)
        LayoutSVGInlineText {#text} at (4899,4803) size 81x22
          chunk 1 text run 1 at (4900.00,4820.00) startOffset 0 endOffset 11 width 80.00: "just a text"
      LayoutSVGText {text} at (-1,4903) size 81x22 contains 1 chunk(s)
        LayoutSVGInlineText {#text} at (-1,4903) size 81x22
          chunk 1 text run 1 at (0.00,4920.00) startOffset 0 endOffset 11 width 80.00: "just a text"
      LayoutSVGText {text} at (99,4903) size 81x22 contains 1 chunk(s)
        LayoutSVGInlineText {#text} at (99,4903) size 81x22
          chunk 1 text run 1 at (100.00,4920.00) startOffset 0 endOffset 11 width 80.00: "just a text"
      LayoutSVGText {text} at (199,4903) size 81x22 contains 1 chunk(s)
        LayoutSVGInlineText {#text} at (199,4903) size 81x22
          chunk 1 text run 1 at (200.00,4920.00) startOffset 0 endOffset 11 width 80.00: "just a text"
      LayoutSVGText {text} at (299,4903) size 81x22 contains 1 chunk(s)
        LayoutSVGInlineText {#text} at (299,4903) size 81x22
          chunk 1 text run 1 at (300.00,4920.00) startOffset 0 endOffset 11 width 80.00: "just a text"
      LayoutSVGText {text} at (399,4903) size 81x22 contains 1 chunk(s)
        LayoutSVGInlineText {#text} at (399,4903) size 81x22
          chunk 1 text run 1 at (400.00,4920.00) startOffset 0 endOffset 11 width 80.00: "just a text"
      LayoutSVGText {text} at (499,4903) size 81x22 contains 1 chunk(s)
        LayoutSVGInlineText {#text} at (499,4903) size 81x22
          chunk 1 text run 1 at (500.00,4920.00) startOffset 0 endOffset 11 width 80.00: "just a text"
      LayoutSVGText {text} at (599,4903) size 81x22 contains 1 chunk(s)
        LayoutSVGInlineText {#text} at (599,4903) size 81x22
          chunk 1 text run 1 at (600.00,4920.00) startOffset 0 endOffset 11 width 80.00: "just a text"
      LayoutSVGText {text} at (699,4903) size 81x22 contains 1 chunk(s)
        LayoutSVGInlineText {#text} at (699,4903) size 81x22
          chunk 1 text run 1 at (700.00,4920.00) startOffset 0 endOffset 11 width 80.00: "just a text"
      LayoutSVGText {text} at (799,4903) size 81x22 contains 1 chunk(s)
        LayoutSVGInlineText {#text} at (799,4903) size 81x22
          chunk 1 text run 1 at (800.00,4920.00) startOffset 0 endOffset 11 width 80.00: "just a text"
      LayoutSVGText {text} at (899,4903) size 81x22 contains 1 chunk(s)
        LayoutSVGInlineText {#text} at (899,4903) size 81x22
          chunk 1 text run 1 at (900.00,4920.00) startOffset 0 endOffset 11 width 80.00: "just a text"
      LayoutSVGText {text} at (999,4903) size 81x22 contains 1 chunk(s)
        LayoutSVGInlineText {#text} at (999,4903) size 81x22
          chunk 1 text run 1 at (1000.00,4920.00) startOffset 0 endOffset 11 width 80.00: "just a text"
      LayoutSVGText {text} at (1099,4903) size 81x22 contains 1 chunk(s)
        LayoutSVGInlineText {#text} at (1099,4903) size 81x22
          chunk 1 text run 1 at (1100.00,4920.00) startOffset 0 endOffset 11 width 80.00: "just a text"
      LayoutSVGText {text} at (1199,4903) size 81x22 contains 1 chunk(s)
        LayoutSVGInlineText {#text} at (1199,4903) size 81x22
          chunk 1 text run 1 at (1200.00,4920.00) startOffset 0 endOffset 11 width 80.00: "just a text"
      LayoutSVGText {text} at (1299,4903) size 81x22 contains 1 chunk(s)
        LayoutSVGInlineText {#text} at (1299,4903) size 81x22
          chunk 1 text run 1 at (1300.00,4920.00) startOffset 0 endOffset 11 width 80.00: "just a text"
      LayoutSVGText {text} at (1399,4903) size 81x22 contains 1 chunk(s)
        LayoutSVGInlineText {#text} at (1399,4903) size 81x22
          chunk 1 text run 1 at (1400.00,4920.00) startOffset 0 endOffset 11 width 80.00: "just a text"
      LayoutSVGText {text} at (1499,4903) size 81x22 contains 1 chunk(s)
        LayoutSVGInlineText {#text} at (1499,4903) size 81x22
          chunk 1 text run 1 at (1500.00,4920.00) startOffset 0 endOffset 11 width 80.00: "just a text"
      LayoutSVGText {text} at (1599,4903) size 81x22 contains 1 chunk(s)
        LayoutSVGInlineText {#text} at (1599,4903) size 81x22
          chunk 1 text run 1 at (1600.00,4920.00) startOffset 0 endOffset 11 width 80.00: "just a text"
      LayoutSVGText {text} at (1699,4903) size 81x22 contains 1 chunk(s)
        LayoutSVGInlineText {#text} at (1699,4903) size 81x22
          chunk 1 text run 1 at (1700.00,4920.00) startOffset 0 endOffset 11 width 80.00: "just a text"
      LayoutSVGText {text} at (1799,4903) size 81x22 contains 1 chunk(s)
        LayoutSVGInlineText {#text} at (1799,4903) size 81x22
          chunk 1 text run 1 at (1800.00,4920.00) startOffset 0 endOffset 11 width 80.00: "just a text"
      LayoutSVGText {text} at (1899,4903) size 81x22 contains 1 chunk(s)
        LayoutSVGInlineText {#text} at (1899,4903) size 81x22
          chunk 1 text run 1 at (1900.00,4920.00) startOffset 0 endOffset 11 width 80.00: "just a text"
      LayoutSVGText {text} at (1999,4903) size 81x22 contains 1 chunk(s)
        LayoutSVGInlineText {#text} at (1999,4903) size 81x22
          chunk 1 text run 1 at (2000.00,4920.00) startOffset 0 endOffset 11 width 80.00: "just a text"
      LayoutSVGText {text} at (2099,4903) size 81x22 contains 1 chunk(s)
        LayoutSVGInlineText {#text} at (2099,4903) size 81x22
          chunk 1 text run 1 at (2100.00,4920.00) startOffset 0 endOffset 11 width 80.00: "just a text"
      LayoutSVGText {text} at (2199,4903) size 81x22 contains 1 chunk(s)
        LayoutSVGInlineText {#text} at (2199,4903) size 81x22
          chunk 1 text run 1 at (2200.00,4920.00) startOffset 0 endOffset 11 width 80.00: "just a text"
      LayoutSVGText {text} at (2299,4903) size 81x22 contains 1 chunk(s)
        LayoutSVGInlineText {#text} at (2299,4903) size 81x22
          chunk 1 text run 1 at (2300.00,4920.00) startOffset 0 endOffset 11 width 80.00: "just a text"
      LayoutSVGText {text} at (2399,4903) size 81x22 contains 1 chunk(s)
        LayoutSVGInlineText {#text} at (2399,4903) size 81x22
          chunk 1 text run 1 at (2400.00,4920.00) startOffset 0 endOffset 11 width 80.00: "just a text"
      LayoutSVGText {text} at (2499,4903) size 81x22 contains 1 chunk(s)
        LayoutSVGInlineText {#text} at (2499,4903) size 81x22
          chunk 1 text run 1 at (2500.00,4920.00) startOffset 0 endOffset 11 width 80.00: "just a text"
      LayoutSVGText {text} at (2599,4903) size 81x22 contains 1 chunk(s)
        LayoutSVGInlineText {#text} at (2599,4903) size 81x22
          chunk 1 text run 1 at (2600.00,4920.00) startOffset 0 endOffset 11 width 80.00: "just a text"
      LayoutSVGText {text} at (2699,4903) size 81x22 contains 1 chunk(s)
        LayoutSVGInlineText {#text} at (2699,4903) size 81x22
          chunk 1 text run 1 at (2700.00,4920.00) startOffset 0 endOffset 11 width 80.00: "just a text"
      LayoutSVGText {text} at (2799,4903) size 81x22 contains 1 chunk(s)
        LayoutSVGInlineText {#text} at (2799,4903) size 81x22
          chunk 1 text run 1 at (2800.00,4920.00) startOffset 0 endOffset 11 width 80.00: "just a text"
      LayoutSVGText {text} at (2899,4903) size 81x22 contains 1 chunk(s)
        LayoutSVGInlineText {#text} at (2899,4903) size 81x22
          chunk 1 text run 1 at (2900.00,4920.00) startOffset 0 endOffset 11 width 80.00: "just a text"
      LayoutSVGText {text} at (2999,4903) size 81x22 contains 1 chunk(s)
        LayoutSVGInlineText {#text} at (2999,4903) size 81x22
          chunk 1 text run 1 at (3000.00,4920.00) startOffset 0 endOffset 11 width 80.00: "just a text"
      LayoutSVGText {text} at (3099,4903) size 81x22 contains 1 chunk(s)
        LayoutSVGInlineText {#text} at (3099,4903) size 81x22
          chunk 1 text run 1 at (3100.00,4920.00) startOffset 0 endOffset 11 width 80.00: "just a text"
      LayoutSVGText {text} at (3199,4903) size 81x22 contains 1 chunk(s)
        LayoutSVGInlineText {#text} at (3199,4903) size 81x22
          chunk 1 text run 1 at (3200.00,4920.00) startOffset 0 endOffset 11 width 80.00: "just a text"
      LayoutSVGText {text} at (3299,4903) size 81x22 contains 1 chunk(s)
        LayoutSVGInlineText {#text} at (3299,4903) size 81x22
          chunk 1 text run 1 at (3300.00,4920.00) startOffset 0 endOffset 11 width 80.00: "just a text"
      LayoutSVGText {text} at (3399,4903) size 81x22 contains 1 chunk(s)
        LayoutSVGInlineText {#text} at (3399,4903) size 81x22
          chunk 1 text run 1 at (3400.00,4920.00) startOffset 0 endOffset 11 width 80.00: "just a text"
      LayoutSVGText {text} at (3499,4903) size 81x22 contains 1 chunk(s)
        LayoutSVGInlineText {#text} at (3499,4903) size 81x22
          chunk 1 text run 1 at (3500.00,4920.00) startOffset 0 endOffset 11 width 80.00: "just a text"
      LayoutSVGText {text} at (3599,4903) size 81x22 contains 1 chunk(s)
        LayoutSVGInlineText {#text} at (3599,4903) size 81x22
          chunk 1 text run 1 at (3600.00,4920.00) startOffset 0 endOffset 11 width 80.00: "just a text"
      LayoutSVGText {text} at (3699,4903) size 81x22 contains 1 chunk(s)
        LayoutSVGInlineText {#text} at (3699,4903) size 81x22
          chunk 1 text run 1 at (3700.00,4920.00) startOffset 0 endOffset 11 width 80.00: "just a text"
      LayoutSVGText {text} at (3799,4903) size 81x22 contains 1 chunk(s)
        LayoutSVGInlineText {#text} at (3799,4903) size 81x22
          chunk 1 text run 1 at (3800.00,4920.00) startOffset 0 endOffset 11 width 80.00: "just a text"
      LayoutSVGText {text} at (3899,4903) size 81x22 contains 1 chunk(s)
        LayoutSVGInlineText {#text} at (3899,4903) size 81x22
          chunk 1 text run 1 at (3900.00,4920.00) startOffset 0 endOffset 11 width 80.00: "just a text"
      LayoutSVGText {text} at (3999,4903) size 81x22 contains 1 chunk(s)
        LayoutSVGInlineText {#text} at (3999,4903) size 81x22
          chunk 1 text run 1 at (4000.00,4920.00) startOffset 0 endOffset 11 width 80.00: "just a text"
      LayoutSVGText {text} at (4099,4903) size 81x22 contains 1 chunk(s)
        LayoutSVGInlineText {#text} at (4099,4903) size 81x22
          chunk 1 text run 1 at (4100.00,4920.00) startOffset 0 endOffset 11 width 80.00: "just a text"
      LayoutSVGText {text} at (4199,4903) size 81x22 contains 1 chunk(s)
        LayoutSVGInlineText {#text} at (4199,4903) size 81x22
          chunk 1 text run 1 at (4200.00,4920.00) startOffset 0 endOffset 11 width 80.00: "just a text"
      LayoutSVGText {text} at (4299,4903) size 81x22 contains 1 chunk(s)
        LayoutSVGInlineText {#text} at (4299,4903) size 81x22
          chunk 1 text run 1 at (4300.00,4920.00) startOffset 0 endOffset 11 width 80.00: "just a text"
      LayoutSVGText {text} at (4399,4903) size 81x22 contains 1 chunk(s)
        LayoutSVGInlineText {#text} at (4399,4903) size 81x22
          chunk 1 text run 1 at (4400.00,4920.00) startOffset 0 endOffset 11 width 80.00: "just a text"
      LayoutSVGText {text} at (4499,4903) size 81x22 contains 1 chunk(s)
        LayoutSVGInlineText {#text} at (4499,4903) size 81x22
          chunk 1 text run 1 at (4500.00,4920.00) startOffset 0 endOffset 11 width 80.00: "just a text"
      LayoutSVGText {text} at (4599,4903) size 81x22 contains 1 chunk(s)
        LayoutSVGInlineText {#text} at (4599,4903) size 81x22
          chunk 1 text run 1 at (4600.00,4920.00) startOffset 0 endOffset 11 width 80.00: "just a text"
      LayoutSVGText {text} at (4699,4903) size 81x22 contains 1 chunk(s)
        LayoutSVGInlineText {#text} at (4699,4903) size 81x22
          chunk 1 text run 1 at (4700.00,4920.00) startOffset 0 endOffset 11 width 80.00: "just a text"
      LayoutSVGText {text} at (4799,4903) size 81x22 contains 1 chunk(s)
        LayoutSVGInlineText {#text} at (4799,4903) size 81x22
          chunk 1 text run 1 at (4800.00,4920.00) startOffset 0 endOffset 11 width 80.00: "just a text"
      LayoutSVGText {text} at (4899,4903) size 81x22 contains 1 chunk(s)
        LayoutSVGInlineText {#text} at (4899,4903) size 81x22
          chunk 1 text run 1 at (4900.00,4920.00) startOffset 0 endOffset 11 width 80.00: "just a text"
    LayoutText {#text} at (0,0) size 0x0
