layer at (0,0) size 800x600
  LayoutView at (0,0) size 800x600
layer at (0,0) size 800x165
  LayoutBlockFlow {html} at (0,0) size 800x165
    LayoutBlockFlow {body} at (8,16) size 784x141
      LayoutBlockFlow {p} at (0,0) size 784x20
        LayoutText {#text} at (0,0) size 691x19
          text run at (0,0) width 691: "Below two svg areas are shown. Both should have the text aligned to the paths in the same way (Bug 13052)."
      LayoutBlockFlow {div} at (0,36) size 784x105
        LayoutSVGRoot {svg} at (0,0) size 100x100
          LayoutSVGPath {path} at (28,18.86) size 45x62.14 [fill={[type=SOLID] [color=#337711]}] [data="M 38 38 c 0 -12 24 -15 23 -2 c 0 9 -16 13 -16 23 v 7 h 11 v -4 c 0 -9 17 -12 17 -27 c -2 -22 -45 -22 -45 3 Z M 45 70 h 11 v 11 h -11 Z"]
          LayoutSVGText {text} at (10,35) size 37.53x19 contains 1 chunk(s)
            LayoutSVGInlineText {#text} at (10,35) size 37.53x19
              chunk 1 text run 1 at (10.00,50.00) startOffset 0 endOffset 4 width 37.53: "PASS"
        LayoutText {#text} at (100,85) size 4x19
          text run at (100,85) width 4: " "
        LayoutSVGRoot {svg} at (104,0) size 100x100
          LayoutSVGPath {path} at (28,18.86) size 45x62.14 [fill={[type=SOLID] [color=#337711]}] [data="M 38 38 c 0 -12 24 -15 23 -2 c 0 9 -16 13 -16 23 v 7 h 11 v -4 c 0 -9 17 -12 17 -27 c -2 -22 -45 -22 -45 3 Z M 45 70 h 11 v 11 h -11 Z"]
          LayoutSVGText {text} at (10,35) size 37.53x19 contains 1 chunk(s)
            LayoutSVGInlineText {#text} at (10,35) size 37.53x19
              chunk 1 text run 1 at (10.00,50.00) startOffset 0 endOffset 4 width 37.53: "PASS"
        LayoutText {#text} at (0,0) size 0x0
