layer at (0,0) size 800x600
  LayoutView at (0,0) size 800x600
layer at (0,0) size 800x526
  LayoutBlockFlow {html} at (0,0) size 800x526
    LayoutBlockFlow {body} at (8,8) size 784x502
      LayoutBlockFlow (anonymous) at (0,0) size 784x20
        LayoutText {#text} at (0,0) size 638x19
          text run at (0,0) width 241: "The two blocks should look identical. "
          text run at (241,0) width 397: "One uses an SVG, and the other just uses a normal HTML div."
      LayoutBlockFlow {p} at (0,36) size 784x20
        LayoutText {#text} at (0,0) size 354x19
          text run at (0,0) width 354: "There should be a red, white and blue pattern below this"
      LayoutSVGRoot (floating) {svg} at (10,82) size 140x140
        LayoutSVGRect {rect} at (0,0) size 100x100 [fill={[type=SOLID] [color=#0000FF]}] [x=0.00] [y=0.00] [width=100.00] [height=100.00]
      LayoutBlockFlow {p} at (0,232) size 784x20
        LayoutText {#text} at (0,0) size 353x19
          text run at (0,0) width 353: "There should be a red, white and blue pattern above this"
      LayoutBlockFlow {p} at (0,286) size 784x20
        LayoutText {#text} at (0,0) size 354x19
          text run at (0,0) width 354: "There should be a red, white and blue pattern below this"
      LayoutBlockFlow (floating) {div} at (10,332) size 140x140 [border: (10px solid #FF0000)]
        LayoutBlockFlow {div} at (20,20) size 100x100 [bgcolor=#0000FF]
      LayoutBlockFlow {p} at (0,482) size 784x20
        LayoutText {#text} at (0,0) size 353x19
          text run at (0,0) width 353: "There should be a red, white and blue pattern above this"
layer at (8,276) size 784x2 clip at (0,0) size 0x0
  LayoutBlockFlow {hr} at (0,268) size 784x2 [border: (1px inset #EEEEEE)]
