layer at (0,0) size 800x600
  LayoutView at (0,0) size 800x600
layer at (0,0) size 800x518
  LayoutBlockFlow {HTML} at (0,0) size 800x517.53
layer at (173,32) size 454x454
  LayoutBlockFlow (relative positioned) {BODY} at (173.23,32) size 453.53x453.53 [color=#FFFFFF] [bgcolor=#DD6600]
    LayoutBlockFlow {DIV} at (0,0) size 453.53x0
      LayoutBlockFlow {DIV} at (0,0) size 453.53x0
        LayoutBlockFlow {DIV} at (0,0) size 453.53x0
    LayoutBlockFlow {DIV} at (0,0) size 453.53x0
      LayoutInline {SPAN} at (0,0) size 0x0
    LayoutBlockFlow {DIV} at (0,0) size 453.53x0
      LayoutInline {SPAN} at (0,0) size 0x0
    LayoutBlockFlow {DIV} at (0,0) size 453.53x0
      LayoutInline {SPAN} at (0,0) size 0x0
    LayoutBlockFlow {DIV} at (0,0) size 453.53x0
      LayoutInline {SPAN} at (0,0) size 0x0
    LayoutBlockFlow {DIV} at (0,0) size 453.53x0
      LayoutInline {SPAN} at (0,0) size 0x0
    LayoutBlockFlow {DIV} at (0,0) size 453.53x0
      LayoutInline {SPAN} at (0,0) size 0x0
layer at (173,47) size 454x190
  LayoutBlockFlow (positioned) {H1} at (0,15.11) size 453.53x190 [color=#DD9955]
    LayoutInline {SPAN} at (0,0) size 341x190
      LayoutText {#text} at (64,0) size 341x190
        text run at (64,0) width 326: "CSS ZEN"
        text run at (56,95) width 341: "GARDEN"
layer at (173,119) size 454x22
  LayoutBlockFlow (positioned) {H2} at (0,87.47) size 453.53x22 [color=#EEFF00]
    LayoutInline {SPAN} at (0,0) size 210x21
      LayoutText {#text} at (122,0) size 116x21
        text run at (122,0) width 116: "The Beauty of "
      LayoutInline {ACRONYM} at (0,0) size 36x21
        LayoutText {#text} at (237,0) size 36x21
          text run at (237,0) width 36: "CSS"
      LayoutText {#text} at (272,0) size 60x21
        text run at (272,0) width 60: " Design"
layer at (173,351) size 454x135
  LayoutBlockFlow (positioned) {DIV} at (0,319.34) size 453.53x134.19
    LayoutInline {P} at (0,0) size 431x28
      LayoutInline {SPAN} at (0,0) size 431x28
        LayoutText {#text} at (11,0) size 431x28
          text run at (11,0) width 431: "Littering a dark and dreary road lay the past relics of browser-"
          text run at (11,14) width 197: "specific tags, incompatible "
        LayoutInline {ACRONYM} at (0,0) size 32x14
          LayoutText {#text} at (207,14) size 32x14
            text run at (207,14) width 32: "DOM"
        LayoutText {#text} at (238,14) size 112x14
          text run at (238,14) width 112: "s, and broken "
        LayoutInline {ACRONYM} at (0,0) size 28x14
          LayoutText {#text} at (349,14) size 28x14
            text run at (349,14) width 28: "CSS"
        LayoutText {#text} at (376,14) size 66x14
          text run at (376,14) width 66: " support."
    LayoutText {#text} at (0,0) size 0x0
    LayoutInline {P} at (0,0) size 431x42
      LayoutInline {SPAN} at (0,0) size 431x42
        LayoutText {#text} at (11,28) size 431x42
          text run at (11,28) width 431: "Today, we must clear the mind of past practices. Web"
          text run at (11,42) width 431: "enlightenment has been achieved thanks to the tireless efforts"
          text run at (11,56) width 101: "of folk like the "
        LayoutInline {ACRONYM} at (0,0) size 33x14
          LayoutText {#text} at (111,56) size 33x14
            text run at (111,56) width 33: "W3C"
        LayoutText {#text} at (143,56) size 9x14
          text run at (143,56) width 9: ", "
        LayoutInline {ACRONYM} at (0,0) size 41x14
          LayoutText {#text} at (151,56) size 41x14
            text run at (151,56) width 41: "WaSP"
        LayoutText {#text} at (191,56) size 222x14
          text run at (191,56) width 222: " and the major browser creators."
    LayoutText {#text} at (412,56) size 5x14
      text run at (412,56) width 5: " "
    LayoutInline {P} at (0,0) size 431x70
      LayoutInline {SPAN} at (0,0) size 431x70
        LayoutText {#text} at (416,56) size 431x70
          text run at (416,56) width 26: "The"
          text run at (11,70) width 431: "css Zen Garden invites you to relax and meditate on the"
          text run at (11,84) width 431: "important lessons of the masters. Begin to see with clarity."
          text run at (11,98) width 431: "Learn to use the (yet to be) time-honored techniques in new"
          text run at (11,112) width 351: "and invigorating fashion. Become one with the web."
    LayoutText {#text} at (0,0) size 0x0
layer at (321,234) size 307x81
  LayoutBlockFlow (positioned) {H3} at (147.42,-117.41) size 306.11x81.53 [color=#CCCC77] [bgcolor=#888811] [border: (3.77px solid #888811) none (3.77px solid #888811)]
    LayoutInline {SPAN} at (0,0) size 278x84
      LayoutText {#text} at (45,-1) size 278x84
        text run at (45,-1) width 231: "The Road to"
        text run at (3,35) width 278: "Enlightenment"
