layer at (0,0) size 800x600
  LayoutView at (0,0) size 800x600
layer at (0,0) size 800x421
  LayoutBlockFlow {HTML} at (0,0) size 800x421
    LayoutBlockFlow {BODY} at (8,8) size 784x405
      LayoutText {#text} at (0,0) size 449x19
        text run at (0,0) width 449: "Test for crbug.com/56580: There should be 9 highlighted instances of \""
      LayoutInline {SPAN} at (0,0) size 45x19
        LayoutText {#text} at (448,0) size 45x19
          text run at (448,0) width 45: "findme"
      LayoutText {#text} at (492,0) size 744x39
        text run at (492,0) width 136: "\". The 6th higlighted "
        text run at (627,0) width 117: "instance should be"
        text run at (0,20) width 41: "active."
      LayoutBR {BR} at (41,20) size 0x19
      LayoutBR {BR} at (0,40) size 0x19
      LayoutText {#text} at (0,60) size 89x19
        text run at (0,60) width 89: "Lorum ipsum "
      LayoutInline {SPAN} at (0,0) size 44x19
        LayoutText {#text} at (89,60) size 44x19
          text run at (89,60) width 44: "findme"
      LayoutText {#text} at (133,60) size 87x19
        text run at (133,60) width 87: " lorum ipsum "
      LayoutInline {SPAN} at (0,0) size 44x19
        LayoutText {#text} at (220,60) size 44x19
          text run at (220,60) width 44: "findme"
      LayoutInline {SPAN} at (0,0) size 44x19
        LayoutText {#text} at (264,60) size 44x19
          text run at (264,60) width 44: "findme"
      LayoutText {#text} at (308,60) size 45x19
        text run at (308,60) width 45: " lorum."
      LayoutBR {BR} at (353,60) size 0x19
      LayoutText {#text} at (0,80) size 51x19
        text run at (0,80) width 51: "longtext"
      LayoutInline {SPAN} at (0,0) size 44x19
        LayoutText {#text} at (51,80) size 44x19
          text run at (51,80) width 44: "findme"
      LayoutText {#text} at (95,80) size 44x19
        text run at (95,80) width 44: "noyou."
      LayoutBR {BR} at (139,80) size 0x19
      LayoutSVGRoot {svg} at (0,100) size 450x300
        LayoutSVGHiddenContainer {defs} at (100,58.58) size 800x182.84
          LayoutSVGPath {path} at (100,58.58) size 800x182.84 [fill={[type=SOLID] [color=#000000]}] [data="M 100 200 C 200 100 300 0 400 100 C 500 200 600 300 700 200 C 800 100 900 100 900 100"]
        LayoutSVGText {text} at (10,35) size 228x19 contains 1 chunk(s)
          LayoutSVGInlineText {#text} at (10,35) size 228x19
            chunk 1 text run 1 at (10.00,50.00) startOffset 0 endOffset 36 width 228.00: "Can you findme in this stroked text?"
        LayoutSVGText {text} at (10,91) size 138x12 contains 1 chunk(s)
          LayoutSVGInlineText {#text} at (10,91) size 138x12
            chunk 1 text run 1 at (10.00,100.00) startOffset 0 endOffset 23 width 138.00: "Findme in a typewriter!"
        LayoutSVGContainer {g} at (69.41,15.14) size 683.38x236.56 [transform={m=((0.30,0.00)(0.00,0.30)) t=(0.00,120.00)}]
          LayoutSVGText {text} at (69.41,15.14) size 683.38x236.56 contains 1 chunk(s)
            LayoutSVGTextPath {textPath} at (69.41,15.14) size 683.38x236.56
              LayoutSVGInlineText {#text} at (69.41,15.14) size 683.38x236.56
                chunk 1 text run 1 at (108.29,191.71) startOffset 0 endOffset 1 width 23.33: "F"
                chunk 1 text run 2 at (121.32,178.75) startOffset 1 endOffset 2 width 13.33: "i"
                chunk 1 text run 3 at (135.54,164.79) startOffset 2 endOffset 3 width 26.67: "n"
                chunk 1 text run 4 at (154.83,146.39) startOffset 3 endOffset 4 width 26.67: "d"
                chunk 1 text run 5 at (180.95,122.98) startOffset 4 endOffset 5 width 43.33: "m"
                chunk 1 text run 6 at (208.27,101.13) startOffset 5 endOffset 6 width 26.67: "e"
                chunk 1 text run 7 at (226.09,88.76) startOffset 6 endOffset 7 width 16.67: " "
                chunk 1 text run 8 at (244.73,77.72) startOffset 7 endOffset 8 width 26.67: "o"
                chunk 1 text run 9 at (268.93,66.78) startOffset 8 endOffset 9 width 26.67: "n"
                chunk 1 text run 10 at (289.77,60.85) startOffset 9 endOffset 10 width 16.67: " "
                chunk 1 text run 11 at (311.28,58.58) startOffset 10 endOffset 11 width 26.67: "a"
                chunk 1 text run 12 at (332.80,60.66) startOffset 11 endOffset 12 width 16.67: " "
                chunk 1 text run 13 at (353.45,67.15) startOffset 12 endOffset 13 width 26.67: "p"
                chunk 1 text run 14 at (376.60,80.16) startOffset 13 endOffset 14 width 26.67: "a"
                chunk 1 text run 15 at (393.46,93.74) startOffset 14 endOffset 15 width 16.67: "t"
                chunk 1 text run 16 at (409.03,109.02) startOffset 15 endOffset 16 width 26.67: "h"
                chunk 1 text run 17 at (424.43,124.32) startOffset 16 endOffset 17 width 16.67: "!"
                chunk 1 text run 18 at (436.27,135.92) startOffset 17 endOffset 18 width 16.67: " "
                chunk 1 text run 19 at (454.37,153.18) startOffset 18 endOffset 19 width 33.33: "D"
                chunk 1 text run 20 at (471.64,168.91) startOffset 19 endOffset 20 width 13.33: "i"
                chunk 1 text run 21 at (486.84,181.99) startOffset 20 endOffset 21 width 26.67: "d"
                chunk 1 text run 22 at (503.79,195.51) startOffset 21 endOffset 22 width 16.67: " "
                chunk 1 text run 23 at (521.33,208.10) startOffset 22 endOffset 23 width 26.67: "y"
                chunk 1 text run 24 at (543.94,221.85) startOffset 23 endOffset 24 width 26.67: "o"
                chunk 1 text run 25 at (568.00,232.88) startOffset 24 endOffset 25 width 26.67: "u"
                chunk 1 text run 26 at (588.78,238.94) startOffset 25 endOffset 26 width 16.67: " "
                chunk 1 text run 27 at (605.28,241.20) startOffset 26 endOffset 27 width 16.67: "f"
                chunk 1 text run 28 at (620.26,241.11) startOffset 27 endOffset 28 width 13.33: "i"
                chunk 1 text run 29 at (639.91,237.63) startOffset 28 endOffset 29 width 26.67: "n"
                chunk 1 text run 30 at (664.48,227.44) startOffset 29 endOffset 30 width 26.67: "d"
                chunk 1 text run 31 at (692.72,206.93) startOffset 30 endOffset 31 width 43.33: "m"
                chunk 1 text run 32 at (718.23,182.83) startOffset 31 endOffset 32 width 26.67: "e"
                chunk 1 text run 33 at (737.46,166.87) startOffset 32 endOffset 33 width 23.33: "?"
            LayoutSVGInlineText {#text} at (0,0) size 0x0
      LayoutText {#text} at (0,0) size 0x0
