layer at (0,0) size 800x600
  LayoutView at (0,0) size 800x600
layer at (0,0) size 800x241
  LayoutBlockFlow {HTML} at (0,0) size 800x241
    LayoutBlockFlow {BODY} at (8,8) size 784x225
      LayoutText {#text} at (0,0) size 320x19
        text run at (0,0) width 320: "This test passes if there is an A and a green square."
      LayoutBR {BR} at (320,0) size 0x19
      LayoutSVGRoot {svg} at (0,20) size 200x200
        LayoutSVGHiddenContainer {defs} at (0,0) size 0x0
          LayoutSVGResourcePattern {pattern} [id="pattern"] [patternUnits=userSpaceOnUse] [patternContentUnits=userSpaceOnUse] [patternTransform={m=((10.00,0.00)(0.00,10.00)) t=(0.00,0.00)}]
            LayoutSVGContainer {g} at (0,40) size 100x70 [transform={m=((0.10,0.00)(0.00,0.10)) t=(0.00,0.00)}]
              LayoutSVGRect {rect} at (55,55) size 45x45 [fill={[type=SOLID] [color=#008000]}] [x=55.00] [y=55.00] [width=45.00] [height=45.00]
              LayoutSVGText {text} at (0,40) size 50x70 contains 1 chunk(s)
                LayoutSVGInlineText {#text} at (0,40) size 50x70
                  chunk 1 text run 1 at (0.00,100.00) startOffset 0 endOffset 1 width 40.00: "A"
        LayoutSVGRect {rect} at (0,0) size 400x200 [fill={[type=PATTERN] [id="pattern"]}] [x=0.00] [y=0.00] [width=400.00] [height=200.00]
