layer at (0,0) size 800x600
  LayoutView at (0,0) size 800x600
layer at (0,0) size 800x416
  LayoutBlockFlow {HTML} at (0,0) size 800x416
    LayoutBlockFlow {BODY} at (8,8) size 784x400
      LayoutBlockFlow (anonymous) at (0,0) size 784x0
        LayoutInline {SPAN} at (0,0) size 0x0 [color=#008000]
      LayoutBlockFlow (anonymous) at (0,0) size 784x200 [color=#008000]
        LayoutBlockFlow {<pseudo:before>} at (0,0) size 784x200 [color=#0000FF]
          LayoutTextFragment (anonymous) at (0,0) size 200x200
            text run at (0,0) width 200: "A"
        LayoutBlockFlow {DIV} at (0,200) size 784x0
      LayoutBlockFlow (anonymous) at (0,200) size 784x200
        LayoutInline {SPAN} at (0,0) size 200x200 [color=#008000]
          LayoutText {#text} at (0,0) size 200x200
            text run at (0,0) width 200: "B"
        LayoutText {#text} at (0,0) size 0x0
