layer at (0,0) size 800x600
  LayoutView at (0,0) size 800x600
layer at (0,0) size 800x600
  LayoutBlockFlow {HTML} at (0,0) size 800x600
    LayoutBlockFlow {BODY} at (8,8) size 784x584
      LayoutBlockFlow {DIV} at (0,0) size 784x100 [color=#FF0000]
        LayoutText {#text} at (0,0) size 100x100
          text run at (0,0) width 100: "A"
      LayoutBlockFlow {DIV} at (0,0) size 784x100 [color=#008000]
        LayoutTable {<pseudo:before>} at (0,0) size 100x100
          LayoutTableSection (anonymous) at (0,0) size 100x100
            LayoutTableRow (anonymous) at (0,0) size 100x100
              LayoutTableCell (anonymous) at (0,0) size 100x100 [r=0 c=0 rs=1 cs=1]
                LayoutInline {<pseudo:first-letter>} at (0,0) size 100x100
                  LayoutTextFragment (anonymous) at (0,0) size 100x100
                    text run at (0,0) width 100: "A"
                LayoutTextFragment (anonymous) at (0,0) size 0x0
