layer at (0,0) size 800x600
  LayoutView at (0,0) size 800x600
layer at (0,0) size 800x266
  LayoutBlockFlow {HTML} at (0,0) size 800x266
    LayoutBlockFlow {BODY} at (8,8) size 784x250 [color=#0000FF]
      LayoutBlockFlow {DIV} at (0,0) size 784x100
        LayoutTable {<pseudo:before>} at (0,0) size 100x50
          LayoutTableSection (anonymous) at (0,0) size 100x50
            LayoutTableRow (anonymous) at (0,0) size 100x50
              LayoutTableCell (anonymous) at (0,0) size 100x50 [r=0 c=0 rs=1 cs=1]
                LayoutInline {<pseudo:first-letter>} at (0,0) size 50x50 [color=#008000]
                  LayoutTextFragment (anonymous) at (0,0) size 50x50
                    text run at (0,0) width 50: "A"
                LayoutTextFragment (anonymous) at (50,0) size 50x50
                  text run at (50,0) width 50: "B"
        LayoutBlockFlow (anonymous) at (0,50) size 784x50
          LayoutText {#text} at (0,0) size 50x50
            text run at (0,0) width 50: "C"
      LayoutBlockFlow {DIV} at (0,100) size 784x100
        LayoutBlockFlow (anonymous) at (0,0) size 784x50
          LayoutInline {<pseudo:first-letter>} at (0,0) size 50x50 [color=#008000]
            LayoutTextFragment (anonymous) at (0,0) size 50x50
              text run at (0,0) width 50: "D"
          LayoutTextFragment {#text} at (0,0) size 0x0
        LayoutTable {<pseudo:after>} at (0,50) size 100x50
          LayoutTableSection (anonymous) at (0,0) size 100x50
            LayoutTableRow (anonymous) at (0,0) size 100x50
              LayoutTableCell (anonymous) at (0,0) size 100x50 [r=0 c=0 rs=1 cs=1]
                LayoutTextFragment (anonymous) at (0,0) size 100x50
                  text run at (0,0) width 100: "EF"
      LayoutBlockFlow {DIV} at (0,200) size 784x50
        LayoutTable {<pseudo:after>} at (0,0) size 100x50
          LayoutTableSection (anonymous) at (0,0) size 100x50
            LayoutTableRow (anonymous) at (0,0) size 100x50
              LayoutTableCell (anonymous) at (0,0) size 100x50 [r=0 c=0 rs=1 cs=1]
                LayoutInline {<pseudo:first-letter>} at (0,0) size 50x50 [color=#008000]
                  LayoutTextFragment (anonymous) at (0,0) size 50x50
                    text run at (0,0) width 50: "E"
                LayoutTextFragment (anonymous) at (50,0) size 50x50
                  text run at (50,0) width 50: "F"
