layer at (0,0) size 800x600
  LayoutView at (0,0) size 800x600
layer at (0,0) size 800x600
  LayoutBlockFlow {HTML} at (0,0) size 800x600
    LayoutBlockFlow {BODY} at (8,8) size 784x584
      LayoutTable {DIV} at (0,0) size 48x16 [color=#0000FF]
        LayoutTableSection (anonymous) at (0,0) size 48x16
          LayoutTableRow (anonymous) at (0,0) size 48x16
            LayoutTableCell (anonymous) at (0,0) size 48x16 [r=0 c=0 rs=1 cs=1]
              LayoutInline {<pseudo:before>} at (0,0) size 16x16 [color=#FF0000]
                LayoutCounter (anonymous) at (0,0) size 16x16
                  text run at (0,0) width 16: "0"
              LayoutTable {Q} at (16,0) size 32x16
                LayoutTableSection (anonymous) at (0,0) size 32x16
                  LayoutTableRow (anonymous) at (0,0) size 32x16
                    LayoutTableCell (anonymous) at (0,0) size 32x16 [r=0 c=0 rs=1 cs=1]
                      LayoutInline {<pseudo:before>} at (0,0) size 16x16
                        LayoutQuote (anonymous) at (0,0) size 16x16
                          LayoutTextFragment (anonymous) at (0,0) size 16x16
                            text run at (0,0) width 16: "\""
                      LayoutInline {<pseudo:after>} at (0,0) size 16x16
                        LayoutQuote (anonymous) at (0,0) size 16x16
                          LayoutTextFragment (anonymous) at (16,0) size 16x16
                            text run at (16,0) width 16: "\""
      LayoutText {#text} at (0,0) size 0x0
