layer at (0,0) size 800x600 clip at (0,0) size 785x600 scrollHeight 736
  LayoutView at (0,0) size 800x600
layer at (0,0) size 785x736 backgroundClip at (0,0) size 785x600 clip at (0,0) size 785x600
  LayoutBlockFlow {HTML} at (0,0) size 785x736
    LayoutBlockFlow {BODY} at (8,8) size 769x720
      LayoutBlockFlow {DIV} at (0,0) size 769x120
        LayoutTable {<pseudo:before>} at (0,0) size 40x40
          LayoutTableSection (anonymous) at (0,0) size 40x40
            LayoutTableRow (anonymous) at (0,0) size 40x40
              LayoutTableCell (anonymous) at (0,0) size 40x40 [r=0 c=0 rs=1 cs=1]
                LayoutTextFragment (anonymous) at (0,0) size 40x40
                  text run at (0,0) width 40: "1"
        LayoutBlockFlow (anonymous) at (0,40) size 769x40
          LayoutText {#text} at (0,0) size 80x40
            text run at (0,0) width 80: "22"
        LayoutTable (anonymous) at (0,80) size 120x40
          LayoutTableSection (anonymous) at (0,0) size 120x40
            LayoutTableRow (anonymous) at (0,0) size 120x40
              LayoutTableCell {<pseudo:after>} at (0,0) size 120x40 [r=0 c=0 rs=1 cs=1]
                LayoutTextFragment (anonymous) at (0,0) size 120x40
                  text run at (0,0) width 120: "333"
      LayoutBlockFlow {DIV} at (0,120) size 769x120 [color=#0000FF]
        LayoutTable {<pseudo:before>} at (0,0) size 40x40
          LayoutTableSection (anonymous) at (0,0) size 40x40
            LayoutTableRow (anonymous) at (0,0) size 40x40
              LayoutTableCell (anonymous) at (0,0) size 40x40 [r=0 c=0 rs=1 cs=1]
                LayoutTextFragment (anonymous) at (0,0) size 40x40
                  text run at (0,0) width 40: "1"
        LayoutBlockFlow (anonymous) at (0,40) size 769x40
          LayoutText {#text} at (0,0) size 80x40
            text run at (0,0) width 80: "22"
        LayoutTable (anonymous) at (0,80) size 120x40
          LayoutTableSection (anonymous) at (0,0) size 120x40
            LayoutTableRow (anonymous) at (0,0) size 120x40
              LayoutTableCell {<pseudo:after>} at (0,0) size 120x40 [r=0 c=0 rs=1 cs=1]
                LayoutTextFragment (anonymous) at (0,0) size 120x40
                  text run at (0,0) width 120: "333"
      LayoutBlockFlow {DIV} at (0,240) size 769x120
        LayoutTable (anonymous) at (0,0) size 40x40
          LayoutTableSection {<pseudo:before>} at (0,0) size 40x40
            LayoutTableRow (anonymous) at (0,0) size 40x40
              LayoutTableCell (anonymous) at (0,0) size 40x40 [r=0 c=0 rs=1 cs=1]
                LayoutTextFragment (anonymous) at (0,0) size 40x40
                  text run at (0,0) width 40: "1"
        LayoutBlockFlow (anonymous) at (0,40) size 769x40
          LayoutText {#text} at (0,0) size 80x40
            text run at (0,0) width 80: "22"
        LayoutTable (anonymous) at (0,80) size 120x40
          LayoutTableSection (anonymous) at (0,0) size 120x40
            LayoutTableRow (anonymous) at (0,0) size 120x40
              LayoutTableCell {<pseudo:after>} at (0,0) size 120x40 [r=0 c=0 rs=1 cs=1]
                LayoutTextFragment (anonymous) at (0,0) size 120x40
                  text run at (0,0) width 120: "333"
      LayoutBlockFlow {DIV} at (0,360) size 769x120 [color=#0000FF]
        LayoutTable (anonymous) at (0,0) size 40x40
          LayoutTableSection {<pseudo:before>} at (0,0) size 40x40
            LayoutTableRow (anonymous) at (0,0) size 40x40
              LayoutTableCell (anonymous) at (0,0) size 40x40 [r=0 c=0 rs=1 cs=1]
                LayoutTextFragment (anonymous) at (0,0) size 40x40
                  text run at (0,0) width 40: "1"
        LayoutBlockFlow (anonymous) at (0,40) size 769x40
          LayoutText {#text} at (0,0) size 80x40
            text run at (0,0) width 80: "22"
        LayoutTable (anonymous) at (0,80) size 120x40
          LayoutTableSection (anonymous) at (0,0) size 120x40
            LayoutTableRow (anonymous) at (0,0) size 120x40
              LayoutTableCell {<pseudo:after>} at (0,0) size 120x40 [r=0 c=0 rs=1 cs=1]
                LayoutTextFragment (anonymous) at (0,0) size 120x40
                  text run at (0,0) width 120: "333"
      LayoutBlockFlow {DIV} at (0,480) size 769x120
        LayoutTable (anonymous) at (0,0) size 40x40
          LayoutTableSection (anonymous) at (0,0) size 40x40
            LayoutTableRow {<pseudo:before>} at (0,0) size 40x40
              LayoutTableCell (anonymous) at (0,0) size 40x40 [r=0 c=0 rs=1 cs=1]
                LayoutTextFragment (anonymous) at (0,0) size 40x40
                  text run at (0,0) width 40: "1"
        LayoutBlockFlow (anonymous) at (0,40) size 769x40
          LayoutText {#text} at (0,0) size 80x40
            text run at (0,0) width 80: "22"
        LayoutTable (anonymous) at (0,80) size 120x40
          LayoutTableSection (anonymous) at (0,0) size 120x40
            LayoutTableRow (anonymous) at (0,0) size 120x40
              LayoutTableCell {<pseudo:after>} at (0,0) size 120x40 [r=0 c=0 rs=1 cs=1]
                LayoutTextFragment (anonymous) at (0,0) size 120x40
                  text run at (0,0) width 120: "333"
      LayoutBlockFlow {DIV} at (0,600) size 769x120 [color=#0000FF]
        LayoutTable (anonymous) at (0,0) size 40x40
          LayoutTableSection (anonymous) at (0,0) size 40x40
            LayoutTableRow {<pseudo:before>} at (0,0) size 40x40
              LayoutTableCell (anonymous) at (0,0) size 40x40 [r=0 c=0 rs=1 cs=1]
                LayoutTextFragment (anonymous) at (0,0) size 40x40
                  text run at (0,0) width 40: "1"
        LayoutBlockFlow (anonymous) at (0,40) size 769x40
          LayoutText {#text} at (0,0) size 80x40
            text run at (0,0) width 80: "22"
        LayoutTable (anonymous) at (0,80) size 120x40
          LayoutTableSection (anonymous) at (0,0) size 120x40
            LayoutTableRow (anonymous) at (0,0) size 120x40
              LayoutTableCell {<pseudo:after>} at (0,0) size 120x40 [r=0 c=0 rs=1 cs=1]
                LayoutTextFragment (anonymous) at (0,0) size 120x40
                  text run at (0,0) width 120: "333"
