layer at (0,0) size 800x600
  LayoutView at (0,0) size 800x600
layer at (0,0) size 800x504
  LayoutBlockFlow {HTML} at (0,0) size 800x504
    LayoutBlockFlow {BODY} at (8,8) size 784x488
      LayoutBlockFlow {DIV} at (2,2) size 82x52 [border: (1px solid #000000)]
      LayoutText {#text} at (86,41) size 4x19
        text run at (86,41) width 4: " "
      LayoutBlockFlow {DIV} at (92,2) size 82x52 [border: (1px solid #000000)]
      LayoutText {#text} at (176,41) size 4x19
        text run at (176,41) width 4: " "
      LayoutBlockFlow {DIV} at (182,2) size 82x52 [border: (1px solid #000000)]
      LayoutText {#text} at (266,41) size 4x19
        text run at (266,41) width 4: " "
      LayoutBlockFlow {DIV} at (272,2) size 82x52 [border: (1px solid #000000)]
      LayoutText {#text} at (356,41) size 4x19
        text run at (356,41) width 4: " "
      LayoutBlockFlow {DIV} at (362,2) size 82x52 [border: (1px solid #000000)]
      LayoutText {#text} at (446,41) size 4x19
        text run at (446,41) width 4: " "
      LayoutBlockFlow {DIV} at (452,2) size 82x52 [border: (1px solid #000000)]
      LayoutText {#text} at (536,41) size 4x19
        text run at (536,41) width 4: " "
      LayoutBlockFlow {DIV} at (542,2) size 82x52 [border: (1px solid #000000)]
      LayoutText {#text} at (626,41) size 4x19
        text run at (626,41) width 4: " "
      LayoutBlockFlow {DIV} at (632,2) size 82x52 [border: (1px solid #000000)]
      LayoutText {#text} at (716,41) size 4x19
        text run at (716,41) width 4: " "
      LayoutBR {BR} at (0,0) size 0x0
      LayoutBlockFlow {DIV} at (2,63) size 82x52 [border: (1px solid #000000)]
      LayoutText {#text} at (86,102) size 4x19
        text run at (86,102) width 4: " "
      LayoutBlockFlow {DIV} at (92,63) size 82x52 [border: (1px solid #000000)]
      LayoutText {#text} at (176,102) size 4x19
        text run at (176,102) width 4: " "
      LayoutBlockFlow {DIV} at (182,63) size 82x52 [border: (1px solid #000000)]
      LayoutText {#text} at (266,102) size 4x19
        text run at (266,102) width 4: " "
      LayoutBlockFlow {DIV} at (272,63) size 82x52 [border: (1px solid #000000)]
      LayoutText {#text} at (356,102) size 4x19
        text run at (356,102) width 4: " "
      LayoutBlockFlow {DIV} at (362,63) size 82x52 [border: (1px solid #000000)]
      LayoutText {#text} at (446,102) size 4x19
        text run at (446,102) width 4: " "
      LayoutBlockFlow {DIV} at (452,63) size 82x52 [border: (1px solid #000000)]
      LayoutText {#text} at (536,102) size 4x19
        text run at (536,102) width 4: " "
      LayoutBlockFlow {DIV} at (542,63) size 82x52 [border: (1px solid #000000)]
      LayoutText {#text} at (626,102) size 4x19
        text run at (626,102) width 4: " "
      LayoutBlockFlow {DIV} at (632,63) size 82x52 [border: (1px solid #000000)]
      LayoutText {#text} at (716,102) size 4x19
        text run at (716,102) width 4: " "
      LayoutBR {BR} at (0,0) size 0x0
      LayoutBlockFlow {DIV} at (2,124) size 82x52 [border: (1px solid #000000)]
      LayoutText {#text} at (86,163) size 4x19
        text run at (86,163) width 4: " "
      LayoutBlockFlow {DIV} at (92,124) size 82x52 [border: (1px solid #000000)]
      LayoutText {#text} at (176,163) size 4x19
        text run at (176,163) width 4: " "
      LayoutBlockFlow {DIV} at (182,124) size 82x52 [border: (1px solid #000000)]
      LayoutText {#text} at (266,163) size 4x19
        text run at (266,163) width 4: " "
      LayoutBlockFlow {DIV} at (272,124) size 82x52 [border: (1px solid #000000)]
      LayoutText {#text} at (356,163) size 4x19
        text run at (356,163) width 4: " "
      LayoutBlockFlow {DIV} at (362,124) size 82x52 [border: (1px solid #000000)]
      LayoutText {#text} at (446,163) size 4x19
        text run at (446,163) width 4: " "
      LayoutBlockFlow {DIV} at (452,124) size 82x52 [border: (1px solid #000000)]
      LayoutText {#text} at (536,163) size 4x19
        text run at (536,163) width 4: " "
      LayoutBlockFlow {DIV} at (542,124) size 82x52 [border: (1px solid #000000)]
      LayoutText {#text} at (626,163) size 4x19
        text run at (626,163) width 4: " "
      LayoutBlockFlow {DIV} at (632,124) size 82x52 [border: (1px solid #000000)]
      LayoutText {#text} at (716,163) size 4x19
        text run at (716,163) width 4: " "
      LayoutBR {BR} at (0,0) size 0x0
      LayoutBlockFlow {DIV} at (2,185) size 82x52 [border: (1px solid #000000)]
      LayoutText {#text} at (86,224) size 4x19
        text run at (86,224) width 4: " "
      LayoutBlockFlow {DIV} at (92,185) size 82x52 [border: (1px solid #000000)]
      LayoutText {#text} at (176,224) size 4x19
        text run at (176,224) width 4: " "
      LayoutBlockFlow {DIV} at (182,185) size 82x52 [border: (1px solid #000000)]
      LayoutText {#text} at (266,224) size 4x19
        text run at (266,224) width 4: " "
      LayoutBlockFlow {DIV} at (272,185) size 82x52 [border: (1px solid #000000)]
      LayoutText {#text} at (356,224) size 4x19
        text run at (356,224) width 4: " "
      LayoutBlockFlow {DIV} at (362,185) size 82x52 [border: (1px solid #000000)]
      LayoutText {#text} at (446,224) size 4x19
        text run at (446,224) width 4: " "
      LayoutBlockFlow {DIV} at (452,185) size 82x52 [border: (1px solid #000000)]
      LayoutText {#text} at (536,224) size 4x19
        text run at (536,224) width 4: " "
      LayoutBlockFlow {DIV} at (542,185) size 82x52 [border: (1px solid #000000)]
      LayoutText {#text} at (626,224) size 4x19
        text run at (626,224) width 4: " "
      LayoutBlockFlow {DIV} at (632,185) size 82x52 [border: (1px solid #000000)]
      LayoutText {#text} at (716,224) size 4x19
        text run at (716,224) width 4: " "
      LayoutBR {BR} at (0,0) size 0x0
      LayoutBlockFlow {DIV} at (2,246) size 82x52 [border: (1px solid #000000)]
      LayoutText {#text} at (86,285) size 4x19
        text run at (86,285) width 4: " "
      LayoutBlockFlow {DIV} at (92,246) size 82x52 [border: (1px solid #000000)]
      LayoutText {#text} at (176,285) size 4x19
        text run at (176,285) width 4: " "
      LayoutBlockFlow {DIV} at (182,246) size 82x52 [border: (1px solid #000000)]
      LayoutText {#text} at (266,285) size 4x19
        text run at (266,285) width 4: " "
      LayoutBlockFlow {DIV} at (272,246) size 82x52 [border: (1px solid #000000)]
      LayoutText {#text} at (356,285) size 4x19
        text run at (356,285) width 4: " "
      LayoutBlockFlow {DIV} at (362,246) size 82x52 [border: (1px solid #000000)]
      LayoutText {#text} at (446,285) size 4x19
        text run at (446,285) width 4: " "
      LayoutBlockFlow {DIV} at (452,246) size 82x52 [border: (1px solid #000000)]
      LayoutText {#text} at (536,285) size 4x19
        text run at (536,285) width 4: " "
      LayoutBlockFlow {DIV} at (542,246) size 82x52 [border: (1px solid #000000)]
      LayoutText {#text} at (626,285) size 4x19
        text run at (626,285) width 4: " "
      LayoutBlockFlow {DIV} at (632,246) size 82x52 [border: (1px solid #000000)]
      LayoutText {#text} at (716,285) size 4x19
        text run at (716,285) width 4: " "
      LayoutBR {BR} at (0,0) size 0x0
      LayoutBlockFlow {DIV} at (2,307) size 82x52 [border: (1px solid #000000)]
      LayoutText {#text} at (86,346) size 4x19
        text run at (86,346) width 4: " "
      LayoutBlockFlow {DIV} at (92,307) size 82x52 [border: (1px solid #000000)]
      LayoutText {#text} at (176,346) size 4x19
        text run at (176,346) width 4: " "
      LayoutBlockFlow {DIV} at (182,307) size 82x52 [border: (1px solid #000000)]
      LayoutText {#text} at (266,346) size 4x19
        text run at (266,346) width 4: " "
      LayoutBlockFlow {DIV} at (272,307) size 82x52 [border: (1px solid #000000)]
      LayoutText {#text} at (356,346) size 4x19
        text run at (356,346) width 4: " "
      LayoutBlockFlow {DIV} at (362,307) size 82x52 [border: (1px solid #000000)]
      LayoutText {#text} at (446,346) size 4x19
        text run at (446,346) width 4: " "
      LayoutBlockFlow {DIV} at (452,307) size 82x52 [border: (1px solid #000000)]
      LayoutText {#text} at (536,346) size 4x19
        text run at (536,346) width 4: " "
      LayoutBlockFlow {DIV} at (542,307) size 82x52 [border: (1px solid #000000)]
      LayoutText {#text} at (626,346) size 4x19
        text run at (626,346) width 4: " "
      LayoutBlockFlow {DIV} at (632,307) size 82x52 [border: (1px solid #000000)]
      LayoutText {#text} at (716,346) size 4x19
        text run at (716,346) width 4: " "
      LayoutBR {BR} at (0,0) size 0x0
      LayoutBlockFlow {DIV} at (2,368) size 82x52 [border: (1px solid #000000)]
      LayoutText {#text} at (86,407) size 4x19
        text run at (86,407) width 4: " "
      LayoutBlockFlow {DIV} at (92,368) size 82x52 [border: (1px solid #000000)]
      LayoutText {#text} at (176,407) size 4x19
        text run at (176,407) width 4: " "
      LayoutBlockFlow {DIV} at (182,368) size 82x52 [border: (1px solid #000000)]
      LayoutText {#text} at (266,407) size 4x19
        text run at (266,407) width 4: " "
      LayoutBlockFlow {DIV} at (272,368) size 82x52 [border: (1px solid #000000)]
      LayoutText {#text} at (356,407) size 4x19
        text run at (356,407) width 4: " "
      LayoutBlockFlow {DIV} at (362,368) size 82x52 [border: (1px solid #000000)]
      LayoutText {#text} at (446,407) size 4x19
        text run at (446,407) width 4: " "
      LayoutBlockFlow {DIV} at (452,368) size 82x52 [border: (1px solid #000000)]
      LayoutText {#text} at (536,407) size 4x19
        text run at (536,407) width 4: " "
      LayoutBlockFlow {DIV} at (542,368) size 82x52 [border: (1px solid #000000)]
      LayoutText {#text} at (626,407) size 4x19
        text run at (626,407) width 4: " "
      LayoutBlockFlow {DIV} at (632,368) size 82x52 [border: (1px solid #000000)]
      LayoutText {#text} at (716,407) size 4x19
        text run at (716,407) width 4: " "
      LayoutBR {BR} at (0,0) size 0x0
      LayoutBlockFlow {DIV} at (2,429) size 82x52 [border: (1px solid #000000)]
      LayoutText {#text} at (86,468) size 4x19
        text run at (86,468) width 4: " "
      LayoutBlockFlow {DIV} at (92,429) size 82x52 [border: (1px solid #000000)]
      LayoutText {#text} at (176,468) size 4x19
        text run at (176,468) width 4: " "
      LayoutBlockFlow {DIV} at (182,429) size 82x52 [border: (1px solid #000000)]
      LayoutText {#text} at (266,468) size 4x19
        text run at (266,468) width 4: " "
      LayoutBlockFlow {DIV} at (272,429) size 82x52 [border: (1px solid #000000)]
      LayoutText {#text} at (356,468) size 4x19
        text run at (356,468) width 4: " "
      LayoutBlockFlow {DIV} at (362,429) size 82x52 [border: (1px solid #000000)]
      LayoutText {#text} at (446,468) size 4x19
        text run at (446,468) width 4: " "
      LayoutBlockFlow {DIV} at (452,429) size 82x52 [border: (1px solid #000000)]
      LayoutText {#text} at (536,468) size 4x19
        text run at (536,468) width 4: " "
      LayoutBlockFlow {DIV} at (542,429) size 82x52 [border: (1px solid #000000)]
      LayoutText {#text} at (626,468) size 4x19
        text run at (626,468) width 4: " "
      LayoutBlockFlow {DIV} at (632,429) size 82x52 [border: (1px solid #000000)]
      LayoutText {#text} at (716,468) size 4x19
        text run at (716,468) width 4: " "
      LayoutBR {BR} at (0,0) size 0x0
