layer at (0,0) size 800x600
  LayoutView at (0,0) size 800x600
layer at (0,0) size 800x600
  LayoutBlockFlow {HTML} at (0,0) size 800x600
    LayoutBlockFlow {BODY} at (8,8) size 784x584
      LayoutBlockFlow {H1} at (0,0) size 784x37
        LayoutText {#text} at (0,0) size 352x36
          text run at (0,0) width 352: "Radial Gradient Example"
      LayoutBlockFlow {DIV} at (0,58.44) size 784x174
        LayoutBlockFlow {<pseudo:before>} at (0,0) size 154x154 [border: (2px solid #000000)]
          LayoutImage (anonymous) at (2,2) size 150x150
        LayoutBlockFlow (anonymous) at (0,154) size 784x20
          LayoutText {#text} at (0,0) size 258x19
            text run at (0,0) width 258: "There's some generated content above me."
      LayoutBlockFlow {H1} at (0,253.88) size 784x37
        LayoutText {#text} at (0,0) size 353x36
          text run at (0,0) width 353: "Linear Gradient Example"
      LayoutBlockFlow {DIV} at (0,312.31) size 784x154
        LayoutBlockFlow (anonymous) at (0,0) size 784x20
          LayoutText {#text} at (0,0) size 258x19
            text run at (0,0) width 258: "There's some generated content below me."
        LayoutBlockFlow {<pseudo:after>} at (0,20) size 134x134 [border: (2px solid #000000)]
          LayoutImage (anonymous) at (2,2) size 130x130
