layer at (0,0) size 800x600
  LayoutView at (0,0) size 800x600
layer at (0,0) size 800x600
  LayoutBlockFlow {HTML} at (0,0) size 800x600
    LayoutBlockFlow {BODY} at (8,8) size 784x576
      LayoutBlockFlow {UL} at (0,0) size 784x60
        LayoutListItem {LI} at (40,0) size 744x20
          LayoutListMarker (anonymous) at (-14.50,7.50) size 7.50x7.50
          LayoutText {#text} at (0,0) size 57x19
            text run at (0,0) width 57: "Item One"
        LayoutListItem {LI} at (40,20) size 744x20
          LayoutListMarker (anonymous) at (-14.50,7.50) size 7.50x7.50
          LayoutText {#text} at (0,0) size 58x19
            text run at (0,0) width 58: "Item Two"
        LayoutListItem {LI} at (40,40) size 744x20
          LayoutListMarker (anonymous) at (-14.50,7.50) size 7.50x7.50
          LayoutText {#text} at (0,0) size 66x19
            text run at (0,0) width 66: "Item Three"
