layer at (0,0) size 800x600
  LayoutView at (0,0) size 800x600
layer at (0,0) size 800x600
  LayoutBlockFlow {HTML} at (0,0) size 800x600
    LayoutBlockFlow {BODY} at (8,8) size 784x584
      LayoutBlockFlow {H1} at (0,0) size 784x37
        LayoutText {#text} at (0,0) size 352x36
          text run at (0,0) width 352: "Radial Gradient Example"
      LayoutBlockFlow {DIV} at (0,58.44) size 154x154 [border: (2px solid #000000)]
      LayoutBlockFlow {H1} at (0,233.88) size 784x37
        LayoutText {#text} at (0,0) size 353x36
          text run at (0,0) width 353: "Linear Gradient Example"
      LayoutBlockFlow {DIV} at (0,292.31) size 154x154 [border: (2px solid #000000)]
