layer at (0,0) size 800x600
  LayoutView at (0,0) size 800x600
layer at (0,0) size 800x496
  LayoutBlockFlow {HTML} at (0,0) size 800x496
    LayoutBlockFlow {BODY} at (8,8) size 784x480
layer at (8,8) size 160x160
  LayoutBlockFlow {DIV} at (0,0) size 160x160 [bgcolor=#373763]
    LayoutBlockFlow (anonymous) at (0,0) size 160x18
      LayoutText {#text} at (0,0) size 46x18
        text run at (0,0) width 46: "sample"
layer at (8,26) size 120x120
  LayoutBlockFlow {DIV} at (0,18) size 120x120 [color=#FFFF00] [bgcolor=#C8C89C]
    LayoutText {#text} at (0,0) size 46x18
      text run at (0,0) width 46: "sample"
layer at (8,168) size 160x160
  LayoutBlockFlow {DIV} at (0,160) size 160x160 [bgcolor=#373763]
    LayoutBlockFlow (anonymous) at (0,0) size 160x18
      LayoutText {#text} at (0,0) size 46x18
        text run at (0,0) width 46: "sample"
    LayoutBlockFlow (anonymous) at (0,138) size 160x18
      LayoutText {#text} at (0,0) size 46x18
        text run at (0,0) width 46: "sample"
layer at (8,186) size 120x120
  LayoutBlockFlow {DIV} at (0,18) size 120x120 [color=#FFFF00] [bgcolor=#C8C89C]
    LayoutText {#text} at (0,0) size 46x18
      text run at (0,0) width 46: "sample"
layer at (8,234) size 120x120
  LayoutBlockFlow {DIV} at (0,66) size 120x120 [color=#FFFFFF] [bgcolor=#646438]
    LayoutText {#text} at (0,0) size 46x18
      text run at (0,0) width 46: "sample"
layer at (8,328) size 160x160 layerType: background only
layer at (8,376) size 120x120
  LayoutBlockFlow (positioned) zI: -1 {DIV} at (0,48) size 120x120 [color=#FFFFFF] [bgcolor=#646438]
    LayoutText zI: -1 {#text} at (0,0) size 95x108
      text run at (0,0) width 95: "sample sample"
      text run at (0,18) width 95: "sample sample"
      text run at (0,36) width 95: "sample sample"
      text run at (0,54) width 95: "sample sample"
      text run at (0,72) width 95: "sample sample"
      text run at (0,90) width 95: "sample sample"
layer at (8,328) size 160x160 layerType: foreground only
  LayoutBlockFlow {DIV} at (0,320) size 160x160 [bgcolor=#373763]
    LayoutBlockFlow (anonymous) at (0,0) size 160x18
      LayoutText {#text} at (0,0) size 46x18
        text run at (0,0) width 46: "sample"
layer at (8,346) size 120x120
  LayoutBlockFlow {DIV} at (0,18) size 120x120 [color=#FFFF00] [bgcolor=#C8C89C]
    LayoutText {#text} at (0,0) size 46x18
      text run at (0,0) width 46: "sample"
