layer at (0,0) size 800x600
  LayoutView at (0,0) size 800x600
layer at (0,0) size 800x496
  LayoutNGBlockFlow {HTML} at (0,0) size 800x496
    LayoutNGBlockFlow {BODY} at (8,16) size 784x472
      LayoutNGBlockFlow {P} at (0,0) size 784x40
        LayoutText {#text} at (0,0) size 210x19
          text run at (0,0) width 210: "The word 'PASS' should be seen "
        LayoutInline {EM} at (0,0) size 33x19
          LayoutText {#text} at (210,0) size 33x19
            text run at (210,0) width 33: "twice"
        LayoutText {#text} at (243,0) size 706x39
          text run at (243,0) width 463: " below. They appear together because they are composited, and hence not"
          text run at (0,20) width 75: "fragmented."
layer at (8,72) size 208x416
  LayoutNGBlockFlow {DIV} at (0,56) size 208x416
    LayoutMultiColumnSet (anonymous) at (0,0) size 208x416
layer at (8,72) size 456x128 backgroundClip at (0,0) size 216x208 clip at (0,0) size 216x208
  LayoutMultiColumnFlowThread (anonymous) at (0,0) size 456x128
    LayoutNGBlockFlow (anonymous) at (0,0) size 368x128
      LayoutBR {BR} at (6,0) size 0x0
      LayoutBR {BR} at (38,0) size 0x0
      LayoutBR {BR} at (70,0) size 0x0
      LayoutBR {BR} at (102,0) size 0x0
      LayoutBR {BR} at (134,0) size 0x0
      LayoutBR {BR} at (166,0) size 0x0
      LayoutBR {BR} at (0,0) size 0x0
      LayoutBR {BR} at (0,0) size 0x0
      LayoutBR {BR} at (0,0) size 0x0
      LayoutBR {BR} at (0,0) size 0x0
      LayoutText {#text} at (0,0) size 0x0
      LayoutBR {BR} at (0,0) size 0x0
layer at (0,64) size 160x288
  LayoutNGBlockFlow (positioned) {DIV} at (0,64) size 160x288 [bgcolor=#FFFF00]
layer at (168,288) size 80x112 backgroundClip at (0,0) size 216x208 clip at (0,0) size 216x208
  LayoutNGBlockFlow (relative positioned) {DIV} at (160,216) size 80x112
    LayoutText {#text} at (6,0) size 19x37
      text run at (6,0) width 37: "PASS"
    LayoutBR {BR} at (6,37) size 0x0
    LayoutText {#text} at (0,0) size 0x0
