layer at (0,0) size 800x600
  LayoutView at (0,0) size 800x600
layer at (20,20) size 644x433
  LayoutBlockFlow {HTML} at (20,20) size 644x433 [border: none (4px solid #808080) none]
    LayoutBlockFlow {BODY} at (-4,-4) size 644x433 [bgcolor=#FFFFFF] [border: (1px solid #000000)]
      LayoutBlockFlow {H1} at (41,41) size 562x120
        LayoutText {#text} at (0,2) size 270x115
          text run at (0,2) width 270: "Acid3"
      LayoutBlockFlow {DIV} at (41,121) size 562x312
        LayoutBlockFlow {P} at (7,80) size 54x42 [bgcolor=#FF0000] [border: (1px solid #000000)]
        LayoutBlockFlow {P} at (70,64) size 64x50 [bgcolor=#FFA500] [border: (1px solid #000000)]
        LayoutBlockFlow {P} at (144.98,48) size 74x58 [bgcolor=#FFFF00] [border: (1px solid #000000)]
        LayoutBlockFlow {P} at (230.98,32) size 86x66 [bgcolor=#00FF00] [border: (1px solid #000000)]
        LayoutBlockFlow {P} at (329.98,16) size 96x74 [bgcolor=#0000FF] [border: (1px solid #000000)]
        LayoutBlockFlow {P} at (440.98,0) size 106x82 [bgcolor=#800080] [border: (1px solid #000000)]
        LayoutText {#text} at (0,0) size 0x0
      LayoutBlockFlow {P} at (41,214) size 568x120
        LayoutInline {SPAN} at (0,0) size 168x115
          LayoutText {#text} at (204,2) size 168x115
            text run at (204,2) width 168: "100"
        LayoutInline {SPAN} at (0,0) size 28x115
          LayoutText {#text} at (372,2) size 28x115
            text run at (372,2) width 28: "/"
        LayoutInline {SPAN} at (0,0) size 168x115
          LayoutText {#text} at (400,2) size 168x115
            text run at (400,2) width 168: "100"
      LayoutBlockFlow (anonymous) at (41,334) size 562x0
        LayoutInline {MAP} at (0,0) size 0x0
          LayoutInline {AREA} at (0,0) size 0x0 [color=#0000FF]
      LayoutBlockFlow (anonymous) at (41,334) size 562x0
        LayoutBlockFlow {FORM} at (0,0) size 562x0
        LayoutTable {TABLE} at (0,0) size 0x0
          LayoutTableSection {TBODY} at (0,0) size 0x0
            LayoutTableRow {TR} at (0,0) size 0x0
              LayoutTableCell {TD} at (0,0) size 0x0 [r=0 c=0 rs=1 cs=1]
                LayoutBlockFlow {P} at (0,0) size 0x0
      LayoutBlockFlow (anonymous) at (41,334) size 562x0
        LayoutInline {MAP} at (0,0) size 0x0
        LayoutText {#text} at (0,0) size 0x0
      LayoutBlockFlow {P} at (41,334) size 582x98 [color=#808080]
        LayoutText {#text} at (0,0) size 113x18
          text run at (0,0) width 113: "To pass the test,"
        LayoutBlockFlow (floating) {SPAN} at (562,0) size 20x20 [bgcolor=#FFFFFF]
        LayoutText {#text} at (112,0) size 549x56
          text run at (112,0) width 437: " a browser must use its default settings, the animation has to be"
          text run at (0,19) width 546: "smooth, the score has to end on 100/100, and the final page has to look exactly,"
          text run at (0,38) width 126: "pixel for pixel, like "
        LayoutInline {A} at (0,0) size 164x18 [color=#0000FF]
          LayoutText {#text} at (126,38) size 164x18
            text run at (126,38) width 164: "this reference rendering"
        LayoutText {#text} at (290,38) size 4x18
          text run at (290,38) width 4: "."
layer at (57,350) size 0x0
  LayoutIFrame (floating) {IFRAME} at (0,0) size 0x0
    layer at (0,0) size 0x0 scrollWidth 1 scrollHeight 1
      LayoutView at (0,0) size 0x0
    layer at (0,0) size 0x1
      LayoutBlockFlow {HTML} at (0,0) size 0x1
        LayoutBlockFlow {BODY} at (0,0) size 0x1
          LayoutImage {IMG} at (0,0) size 1x1
layer at (57,350) size 0x0
  LayoutIFrame (floating) {IFRAME} at (0,0) size 0x0
    layer at (0,0) size 0x0 scrollWidth 16 scrollHeight 2309
      LayoutView at (0,0) size 0x0
    layer at (0,0) size 0x2309
      LayoutBlockFlow {HTML} at (0,0) size 0x2309
        LayoutBlockFlow {BODY} at (8,8) size 0x2288
          LayoutBlockFlow {PRE} at (0,0) size 0x2288
            LayoutText {#text} at (0,0) size 8x2288
              text run at (0,0) width 8: "<"
              text run at (0,16) width 8: "!"
              text run at (0,32) width 8: "D"
              text run at (0,48) width 8: "O"
              text run at (0,64) width 8: "C"
              text run at (0,80) width 8: "T"
              text run at (0,96) width 8: "Y"
              text run at (0,112) width 8: "P"
              text run at (0,128) width 8: "E"
              text run at (0,144) width 0: " "
              text run at (0,160) width 8: "h"
              text run at (0,176) width 8: "t"
              text run at (0,192) width 8: "m"
              text run at (0,208) width 8: "l"
              text run at (0,224) width 8: ">"
              text run at (0,240) width 8: "<"
              text run at (0,256) width 8: "h"
              text run at (0,272) width 8: "t"
              text run at (0,288) width 8: "m"
              text run at (0,304) width 8: "l"
              text run at (0,320) width 8: ">"
              text run at (0,336) width 8: "<"
              text run at (0,352) width 8: "h"
              text run at (0,368) width 8: "e"
              text run at (0,384) width 8: "a"
              text run at (0,400) width 8: "d"
              text run at (0,416) width 8: ">"
              text run at (0,432) width 8: "<"
              text run at (0,448) width 8: "t"
              text run at (0,464) width 8: "i"
              text run at (0,480) width 8: "t"
              text run at (0,496) width 8: "l"
              text run at (0,512) width 8: "e"
              text run at (0,528) width 8: ">"
              text run at (0,544) width 8: "F"
              text run at (0,560) width 8: "A"
              text run at (0,576) width 8: "I"
              text run at (0,592) width 8: "L"
              text run at (0,608) width 8: "<"
              text run at (0,624) width 8: "/"
              text run at (0,640) width 8: "t"
              text run at (0,656) width 8: "i"
              text run at (0,672) width 8: "t"
              text run at (0,688) width 8: "l"
              text run at (0,704) width 8: "e"
              text run at (0,720) width 8: ">"
              text run at (0,736) width 8: "<"
              text run at (0,752) width 8: "/"
              text run at (0,768) width 8: "h"
              text run at (0,784) width 8: "e"
              text run at (0,800) width 8: "a"
              text run at (0,816) width 8: "d"
              text run at (0,832) width 8: ">"
              text run at (0,848) width 8: "<"
              text run at (0,864) width 8: "b"
              text run at (0,880) width 8: "o"
              text run at (0,896) width 8: "d"
              text run at (0,912) width 8: "y"
              text run at (0,928) width 8: ">"
              text run at (0,944) width 8: "<"
              text run at (0,960) width 8: "p"
              text run at (0,976) width 8: ">"
              text run at (0,992) width 8: "F"
              text run at (0,1008) width 8: "A"
              text run at (0,1024) width 8: "I"
              text run at (0,1040) width 8: "L"
              text run at (0,1056) width 8: "<"
              text run at (0,1072) width 8: "/"
              text run at (0,1088) width 8: "p"
              text run at (0,1104) width 8: ">"
              text run at (0,1120) width 8: "<"
              text run at (0,1136) width 8: "s"
              text run at (0,1152) width 8: "c"
              text run at (0,1168) width 8: "r"
              text run at (0,1184) width 8: "i"
              text run at (0,1200) width 8: "p"
              text run at (0,1216) width 8: "t"
              text run at (0,1232) width 8: ">"
              text run at (0,1248) width 8: "p"
              text run at (0,1264) width 8: "a"
              text run at (0,1280) width 8: "r"
              text run at (0,1296) width 8: "e"
              text run at (0,1312) width 8: "n"
              text run at (0,1328) width 8: "t"
              text run at (0,1344) width 8: "."
              text run at (0,1360) width 8: "n"
              text run at (0,1376) width 8: "o"
              text run at (0,1392) width 8: "t"
              text run at (0,1408) width 8: "i"
              text run at (0,1424) width 8: "f"
              text run at (0,1440) width 8: "y"
              text run at (0,1456) width 8: "("
              text run at (0,1472) width 8: "\""
              text run at (0,1488) width 8: "r"
              text run at (0,1504) width 8: "e"
              text run at (0,1520) width 8: "s"
              text run at (0,1536) width 8: "o"
              text run at (0,1552) width 8: "u"
              text run at (0,1568) width 8: "r"
              text run at (0,1584) width 8: "c"
              text run at (0,1600) width 8: "e"
              text run at (0,1616) width 8: "s"
              text run at (0,1632) width 8: "/"
              text run at (0,1648) width 8: "a"
              text run at (0,1664) width 8: "c"
              text run at (0,1680) width 8: "i"
              text run at (0,1696) width 8: "d"
              text run at (0,1712) width 8: "3"
              text run at (0,1728) width 8: "/"
              text run at (0,1744) width 8: "e"
              text run at (0,1760) width 8: "m"
              text run at (0,1776) width 8: "p"
              text run at (0,1792) width 8: "t"
              text run at (0,1808) width 8: "y"
              text run at (0,1824) width 8: "."
              text run at (0,1840) width 8: "t"
              text run at (0,1856) width 8: "x"
              text run at (0,1872) width 8: "t"
              text run at (0,1888) width 8: "\""
              text run at (0,1904) width 8: ")"
              text run at (0,1920) width 8: "<"
              text run at (0,1936) width 8: "/"
              text run at (0,1952) width 8: "s"
              text run at (0,1968) width 8: "c"
              text run at (0,1984) width 8: "r"
              text run at (0,2000) width 8: "i"
              text run at (0,2016) width 8: "p"
              text run at (0,2032) width 8: "t"
              text run at (0,2048) width 8: ">"
              text run at (0,2064) width 8: "<"
              text run at (0,2080) width 8: "/"
              text run at (0,2096) width 8: "b"
              text run at (0,2112) width 8: "o"
              text run at (0,2128) width 8: "d"
              text run at (0,2144) width 8: "y"
              text run at (0,2160) width 8: ">"
              text run at (0,2176) width 8: "<"
              text run at (0,2192) width 8: "/"
              text run at (0,2208) width 8: "h"
              text run at (0,2224) width 8: "t"
              text run at (0,2240) width 8: "m"
              text run at (0,2256) width 8: "l"
              text run at (0,2272) width 8: ">"
layer at (57,350) size 0x0
  LayoutIFrame (floating) {IFRAME} at (0,0) size 0x0
    layer at (0,0) size 0x0 scrollWidth 1 scrollHeight 8
      LayoutView at (0,0) size 0x0
    layer at (0,0) size 0x8
      LayoutBlockFlow {HTML} at (0,0) size 0x8
        LayoutBlockFlow {BODY} at (8,8) size 0x0
layer at (131,84) size 0x0
  LayoutBlockFlow (positioned) {OBJECT} at (130.50,84.30) size 0x0
layer at (131,84) size 300x150
  LayoutEmbeddedObject (positioned) {OBJECT} at (130.50,84.30) size 300x150
    layer at (0,0) size 300x150
      LayoutView at (0,0) size 300x150
    layer at (0,0) size 300x16
      LayoutBlockFlow {HTML} at (0,0) size 300x16
        LayoutBlockFlow {BODY} at (8,16) size 284x0
          LayoutBlockFlow {P} at (0,0) size 284x0
layer at (17,18) size 80x42
  LayoutBlockFlow (positioned) {A} at (17,18) size 80x42 [color=#FF0000]
    LayoutText {#text} at (0,0) size 76x42
      text run at (0,0) width 73: "YOU SHOULD"
      text run at (0,14) width 76: "NOT SEE THIS"
      text run at (0,28) width 40: "AT ALL"
layer at (638,18) size 20x20
  LayoutBlockFlow (positioned) {<pseudo:after>} at (638,18) size 20x20 [color=#FFFFFF] [bgcolor=#FF00FF]
    LayoutTextFragment (anonymous) at (0,0) size 20x20
      text run at (0,0) width 20: "X"
layer at (10,10) size 81x46
  LayoutBlockFlow (positioned) {DIV} at (10,10) size 80.80x46 [color=#00000000]
    LayoutText {#text} at (0,0) size 81x45
      text run at (0,0) width 81: "FAIL"
