layer at (0,0) size 800x600
  LayoutView at (0,0) size 800x600
layer at (0,0) size 800x600
  LayoutBlockFlow {HTML} at (0,0) size 800x600
    LayoutBlockFlow {BODY} at (8,8) size 784x584
      LayoutBlockFlow {P} at (0,0) size 784x40
        LayoutText {#text} at (0,0) size 50x19
          text run at (0,0) width 50: "Test for "
        LayoutInline {A} at (0,0) size 58x19 [color=#0000EE]
          LayoutText {#text} at (50,0) size 58x19
            text run at (50,0) width 58: "bug 8121"
        LayoutText {#text} at (108,0) size 277x19
          text run at (108,0) width 277: ": REGRESSION: 404s are not displayed and "
        LayoutInline {A} at (0,0) size 58x19 [color=#0000EE]
          LayoutText {#text} at (385,0) size 58x19
            text run at (385,0) width 58: "bug 7739"
        LayoutText {#text} at (443,0) size 783x39
          text run at (443,0) width 340: ": REGRESSION: Assertion failure loading acid2 test in -"
          text run at (0,20) width 240: "[WebCoreFrameBridge installInFrame:]"
      LayoutBlockFlow {P} at (0,56) size 784x40
        LayoutText {#text} at (0,0) size 778x39
          text run at (0,0) width 152: "Here is an invalid iframe. "
          text run at (152,0) width 626: "It should contain a 404 error message, not any green fallback text. Note this will only work if this page is"
          text run at (0,20) width 96: "fetched via http."
      LayoutBlockFlow (anonymous) at (0,112) size 784x184
        LayoutText {#text} at (0,0) size 0x0
      LayoutBlockFlow {P} at (0,312) size 784x20
        LayoutText {#text} at (0,0) size 465x19
          text run at (0,0) width 153: "Here is an invalid object. "
          text run at (153,0) width 312: "It should be rendered with some green fallback text."
      LayoutBlockFlow (anonymous) at (0,348) size 784x20
        LayoutInline {OBJECT} at (0,0) size 73x19
          LayoutText {#text} at (0,0) size 0x0
          LayoutInline {SPAN} at (0,0) size 73x19 [color=#008000]
            LayoutText {#text} at (0,0) size 73x19
              text run at (0,0) width 73: "fallback text"
          LayoutText {#text} at (0,0) size 0x0
        LayoutText {#text} at (0,0) size 0x0
layer at (8,120) size 553x184
  LayoutIFrame {IFRAME} at (0,0) size 552.80x184 [border: (2px inset #EEEEEE)]
    layer at (0,0) size 549x180
      LayoutView at (0,0) size 549x180
    layer at (0,0) size 549x180
      LayoutBlockFlow {HTML} at (0,0) size 549x180
        LayoutBlockFlow {BODY} at (8,8) size 533x164
          LayoutText {#text} at (0,0) size 348x19
            text run at (0,0) width 348: "This 404 error was intentionally generated by a test script."
