layer at (0,0) size 800x600
  LayoutView at (0,0) size 800x600
layer at (0,0) size 800x600
  LayoutBlockFlow {HTML} at (0,0) size 800x600
    LayoutBlockFlow {BODY} at (8,8) size 784x584
      LayoutBlockFlow {H1} at (0,0) size 784x37
        LayoutText {#text} at (0,0) size 296x36
          text run at (0,0) width 296: "Internal Server Error"
      LayoutBlockFlow {P} at (0,58.44) size 784x20
        LayoutText {#text} at (0,0) size 614x19
          text run at (0,0) width 614: "The server encountered an internal error or misconfiguration and was unable to complete your request."
      LayoutBlockFlow {P} at (0,94.44) size 784x40
        LayoutText {#text} at (0,0) size 760x39
          text run at (0,0) width 251: "Please contact the server administrator at "
          text run at (251,0) width 393: "[no address given] to inform them of the time this error occurred, "
          text run at (644,0) width 116: "and the actions you"
          text run at (0,20) width 193: "performed just before this error."
      LayoutBlockFlow {P} at (0,150.44) size 784x20
        LayoutText {#text} at (0,0) size 442x19
          text run at (0,0) width 442: "More information about this error may be available in the server error log."
      LayoutBlockFlow {ADDRESS} at (0,196.44) size 784x20
        LayoutText {#text} at (0,0) size 228x19
          text run at (0,0) width 228: "Apache Server at 127.0.0.1 Port 80"
layer at (8,194) size 784x2 clip at (0,0) size 0x0
  LayoutBlockFlow {HR} at (0,186.44) size 784x2 [border: (1px inset #EEEEEE)]
