layer at (0,0) size 800x600 clip at (0,0) size 785x600 scrollHeight 872
  LayoutView at (0,0) size 800x600
layer at (0,0) size 785x872 backgroundClip at (0,0) size 785x600 clip at (0,0) size 785x600
  LayoutBlockFlow {HTML} at (0,0) size 785x871.72
    LayoutBlockFlow {BODY} at (8,8) size 769x842.39
layer at (8,8) size 512x842 backgroundClip at (0,0) size 785x600 clip at (0,0) size 785x600
  LayoutBlockFlow (relative positioned) {DIV} at (0,0) size 512x842.39
    LayoutBlockFlow {H2} at (0,0) size 512x29
      LayoutText {#text} at (0,-4) size 89x36
        text run at (0,-4) width 89: "Bug 1"
    LayoutBlockFlow {P} at (0,55.55) size 512x232
      LayoutText {#text} at (0,2) size 504x141
        text run at (0,2) width 456: "Safari public beta does not support CSS absolute"
        text run at (0,31) width 504: "positioning correctly (if at all). Immediately following"
        text run at (0,60) width 459: "the text position marked by the dagger, there is a"
        text run at (0,89) width 491: "<span> element that is positioned to the right of the"
        text run at (0,118) width 394: "<div> block that contains this paragraph\x{2020}"
      LayoutText {#text} at (393,118) size 501x112
        text run at (393,118) width 99: ". In IE 5.x,"
        text run at (0,147) width 470: "Mozilla 1.2, and Chimera 0.6+, the contents of the"
        text run at (0,176) width 501: "<span> element appears in the margin directly to the"
        text run at (0,205) width 180: "right of the dagger."
    LayoutBlockFlow {P} at (0,308.88) size 512x87
      LayoutText {#text} at (0,2) size 507x83
        text run at (0,2) width 507: "I should note that Chimera 0.6 rendered this test with"
        text run at (0,31) width 487: "the marginal note shifted down by one line; this has"
        text run at (0,60) width 303: "been fixed in subsequent builds."
    LayoutBlockFlow {H2} at (0,422.42) size 512x29
      LayoutText {#text} at (0,-4) size 93x36
        text run at (0,-4) width 93: "Bug 2"
    LayoutBlockFlow {P} at (0,477.97) size 512x58
      LayoutText {#text} at (0,7) size 504x44
        text run at (0,7) width 504: "Fonts also render substantially smaller than other browsers, which is not a good thing"
        text run at (0,36) width 484: "when you consider that most sites specify fonts that are too small in the first place."
    LayoutBlockFlow {P} at (0,557.30) size 512x87
      LayoutText {#text} at (0,2) size 511x83
        text run at (0,2) width 511: "At the very least, the preferences panel needs a default"
        text run at (0,31) width 488: "text-zoom setting to enable compatibility with other"
        text run at (0,60) width 92: "browsers."
    LayoutBlockFlow {H2} at (0,670.84) size 512x29
      LayoutText {#text} at (0,-4) size 93x36
        text run at (0,-4) width 93: "Bug 3"
    LayoutBlockFlow {P} at (0,726.39) size 512x116
      LayoutText {#text} at (0,2) size 72x25
        text run at (0,2) width 72: "Worse, "
      LayoutInline {I} at (0,0) size 490x54
        LayoutText {#text} at (71,2) size 490x54
          text run at (71,2) width 419: "the \"make text bigger\" button does not scale"
          text run at (0,31) width 328: "line-height when it scales font-size"
      LayoutText {#text} at (327,31) size 497x83
        text run at (327,31) width 170: " (hit it a few times"
        text run at (0,60) width 490: "on this page). This is a crippling flaw for people who"
        text run at (0,89) width 429: "need to enlarge the fonts to read comfortably."
layer at (547,180) size 200x48
  LayoutBlockFlow (positioned) {SPAN} at (538.66,171.55) size 200x48
    LayoutText {#text} at (0,-2) size 200x51
      text run at (0,-2) width 200: "\x{2190} this should be to the right of"
      text run at (0,14) width 177: "the paragraph, lining up with"
      text run at (0,30) width 68: "the dagger"
