layer at (0,0) size 800x600 clip at (0,0) size 785x600 scrollHeight 5270
  LayoutView at (0,0) size 800x600
layer at (0,0) size 785x5270 backgroundClip at (0,0) size 785x600 clip at (0,0) size 785x600 layerType: background only
layer at (84,1480) size 200x200 backgroundClip at (0,0) size 785x600 clip at (0,0) size 785x600
  LayoutBlockFlow (positioned) zI: -3000000 {P} at (60,60) size 200x200 [color=#FFFFFF] [bgcolor=#990066]
    LayoutText zI: -3000000 {#text} at (71,41) size 58x97
      text run at (71,41) width 58: "8"
layer at (34,1630) size 200x200 backgroundClip at (0,0) size 785x600 clip at (0,0) size 785x600
  LayoutBlockFlow (positioned) zI: -2000000 {P} at (10,210) size 200x200 [color=#FFFFFF] [bgcolor=#660099]
    LayoutText zI: -2000000 {#text} at (71,41) size 58x97
      text run at (71,41) width 58: "7"
layer at (84,1780) size 200x200 backgroundClip at (0,0) size 785x600 clip at (0,0) size 785x600
  LayoutBlockFlow (positioned) zI: -1000000 {P} at (60,360) size 200x200 [color=#FFFFFF] [bgcolor=#0000FF]
    LayoutText zI: -1000000 {#text} at (71,41) size 58x97
      text run at (71,41) width 58: "6"
layer at (84,2116) size 200x200 backgroundClip at (0,0) size 785x600 clip at (0,0) size 785x600
  LayoutBlockFlow (positioned) zI: -40 {P} at (60,60) size 200x200 [color=#FFFFFF] [bgcolor=#990066]
    LayoutText zI: -40 {#text} at (71,41) size 58x97
      text run at (71,41) width 58: "8"
layer at (34,2266) size 200x200 backgroundClip at (0,0) size 785x600 clip at (0,0) size 785x600
  LayoutBlockFlow (positioned) zI: -30 {P} at (10,210) size 200x200 [color=#FFFFFF] [bgcolor=#660099]
    LayoutText zI: -30 {#text} at (71,41) size 58x97
      text run at (71,41) width 58: "7"
layer at (84,844) size 200x200 backgroundClip at (0,0) size 785x600 clip at (0,0) size 785x600
  LayoutBlockFlow (positioned) zI: -3 {P} at (60,60) size 200x200 [color=#FFFFFF] [bgcolor=#990066]
    LayoutText zI: -3 {#text} at (50,41) size 471x97
      text run at (50,41) width 471: " 8 hide me"
layer at (84,2752) size 200x200 backgroundClip at (0,0) size 785x600 clip at (0,0) size 785x600
  LayoutBlockFlow (positioned) zI: -3 {P} at (60,60) size 200x200 [color=#FFFFFF] [bgcolor=#990066]
    LayoutText zI: -3 {#text} at (71,41) size 58x97
      text run at (71,41) width 58: "8"
layer at (34,2902) size 200x200 backgroundClip at (0,0) size 785x600 clip at (0,0) size 785x600
  LayoutBlockFlow (positioned) zI: -3 {P} at (10,210) size 200x200 [color=#FFFFFF] [bgcolor=#660099]
    LayoutText zI: -3 {#text} at (71,41) size 58x97
      text run at (71,41) width 58: "7"
layer at (84,3388) size 200x200 backgroundClip at (0,0) size 785x600 clip at (0,0) size 785x600
  LayoutBlockFlow (positioned) zI: -3 {P} at (60,60) size 200x200 [color=#FFFFFF] [bgcolor=#990066]
    LayoutText zI: -3 {#text} at (71,41) size 58x97
      text run at (71,41) width 58: "8"
layer at (84,4024) size 200x200 backgroundClip at (0,0) size 785x600 clip at (0,0) size 785x600
  LayoutBlockFlow (positioned) zI: -3 {P} at (60,60) size 200x200 [color=#FFFFFF] [bgcolor=#990066]
    LayoutText zI: -3 {#text} at (71,41) size 58x97
      text run at (71,41) width 58: "8"
layer at (84,4694) size 200x200 backgroundClip at (0,0) size 785x600 clip at (0,0) size 785x600
  LayoutBlockFlow (positioned) zI: -3 {P} at (60,60) size 200x200 [color=#FFFFFF] [bgcolor=#990066]
    LayoutText zI: -3 {#text} at (71,41) size 58x97
      text run at (71,41) width 58: "8"
layer at (34,994) size 200x200 backgroundClip at (0,0) size 785x600 clip at (0,0) size 785x600
  LayoutBlockFlow (positioned) zI: -2 {P} at (10,210) size 200x200 [color=#FFFFFF] [bgcolor=#660099]
    LayoutText zI: -2 {#text} at (71,41) size 58x97
      text run at (71,41) width 58: "7"
layer at (84,2416) size 200x200 backgroundClip at (0,0) size 785x600 clip at (0,0) size 785x600
  LayoutBlockFlow (positioned) zI: -2 {P} at (60,360) size 200x200 [color=#FFFFFF] [bgcolor=#0000FF]
    LayoutText zI: -2 {#text} at (71,41) size 58x97
      text run at (71,41) width 58: "6"
layer at (234,2466) size 200x200 backgroundClip at (0,0) size 785x600 clip at (0,0) size 785x600
  LayoutBlockFlow (positioned) zI: -2 {P} at (210,410) size 200x200 [color=#FFFFFF] [bgcolor=#009999]
    LayoutText zI: -2 {#text} at (71,41) size 58x97
      text run at (71,41) width 58: "5"
layer at (34,3538) size 200x200 backgroundClip at (0,0) size 785x600 clip at (0,0) size 785x600
  LayoutBlockFlow (positioned) zI: -2 {P} at (10,210) size 200x200 [color=#FFFFFF] [bgcolor=#660099]
    LayoutText zI: -2 {#text} at (71,41) size 58x97
      text run at (71,41) width 58: "7"
layer at (34,4174) size 200x200 backgroundClip at (0,0) size 785x600 clip at (0,0) size 785x600
  LayoutBlockFlow (positioned) zI: -2 {P} at (0,200) size 200x200 [color=#FFFFFF] [bgcolor=#660099]
    LayoutText zI: -2 {#text} at (71,41) size 58x97
      text run at (71,41) width 58: "7"
layer at (34,4844) size 200x200 backgroundClip at (0,0) size 785x600 clip at (0,0) size 785x600
  LayoutBlockFlow (positioned) zI: -2 {P} at (0,200) size 200x200 [color=#FFFFFF] [bgcolor=#660099]
    LayoutText zI: -2 {#text} at (71,41) size 58x97
      text run at (71,41) width 58: "7"
layer at (84,1144) size 200x200 backgroundClip at (0,0) size 785x600 clip at (0,0) size 785x600
  LayoutBlockFlow (positioned) zI: -1 {P} at (60,360) size 200x200 [color=#FFFFFF] [bgcolor=#0000FF]
    LayoutText zI: -1 {#text} at (71,41) size 58x97
      text run at (71,41) width 58: "6"
layer at (84,4324) size 200x200 backgroundClip at (0,0) size 785x600 clip at (0,0) size 785x600
  LayoutBlockFlow (positioned) zI: -1 {P} at (60,360) size 200x200 [color=#FFFFFF] [bgcolor=#0000FF]
    LayoutText zI: -1 {#text} at (71,41) size 58x97
      text run at (71,41) width 58: "6"
layer at (84,4994) size 200x200 backgroundClip at (0,0) size 785x600 clip at (0,0) size 785x600
  LayoutBlockFlow (positioned) zI: -1 {P} at (60,360) size 200x200 [color=#FFFFFF] [bgcolor=#0000FF]
    LayoutText zI: -1 {#text} at (71,41) size 58x97
      text run at (71,41) width 58: "6"
layer at (0,0) size 785x5270 backgroundClip at (0,0) size 785x600 clip at (0,0) size 785x600 layerType: foreground only
  LayoutBlockFlow {HTML} at (0,0) size 785x5269.88
    LayoutBlockFlow {BODY} at (8,21.44) size 769x5232.44
      LayoutBlockFlow {H1} at (0,0) size 769x37
        LayoutText {#text} at (0,0) size 294x37
          text run at (0,0) width 294: "Layered Presentation"
      LayoutBlockFlow {P} at (0,58.44) size 769x18
        LayoutText {#text} at (0,0) size 750x18
          text run at (0,0) width 407: "Robert O'Callahan pointed out to me some mistakes in this test "
          text run at (406,0) width 344: "that I have not yet had the time to examine or correct."
      LayoutBlockFlow {P} at (0,92.44) size 769x18
        LayoutText {#text} at (0,0) size 472x18
          text run at (0,0) width 472: "In each of the following, 1 should be the top layer and 8 the bottom layer:"
      LayoutBlockFlow {P} at (0,4578.44) size 769x18
        LayoutText {#text} at (0,0) size 357x18
          text run at (0,0) width 357: "Using assumed default value of z-index (may not pass):"
layer at (24,148) size 620x620 backgroundClip at (0,0) size 785x600 clip at (0,0) size 785x600
  LayoutBlockFlow (relative positioned) {DIV} at (16,126.44) size 620x620 [border: (10px solid #000000)]
layer at (84,208) size 200x200
  LayoutBlockFlow (positioned) {P} at (60,60) size 200x200 [color=#FFFFFF] [bgcolor=#990066]
    LayoutText {#text} at (50,41) size 471x97
      text run at (50,41) width 471: " 8 hide me"
layer at (34,358) size 200x200
  LayoutBlockFlow (positioned) {P} at (10,210) size 200x200 [color=#FFFFFF] [bgcolor=#660099]
    LayoutText {#text} at (71,41) size 58x97
      text run at (71,41) width 58: "7"
layer at (84,508) size 200x200 backgroundClip at (0,0) size 785x600 clip at (0,0) size 785x600
  LayoutBlockFlow (positioned) {P} at (60,360) size 200x200 [color=#FFFFFF] [bgcolor=#0000FF]
    LayoutText {#text} at (71,41) size 58x97
      text run at (71,41) width 58: "6"
layer at (234,558) size 200x200 backgroundClip at (0,0) size 785x600 clip at (0,0) size 785x600
  LayoutBlockFlow (positioned) {P} at (210,410) size 200x200 [color=#FFFFFF] [bgcolor=#009999]
    LayoutText {#text} at (71,41) size 58x97
      text run at (71,41) width 58: "5"
layer at (384,508) size 200x200 backgroundClip at (0,0) size 785x600 clip at (0,0) size 785x600
  LayoutBlockFlow (positioned) {P} at (360,360) size 200x200 [color=#FFFFFF] [bgcolor=#00CC00]
    LayoutText {#text} at (71,41) size 58x97
      text run at (71,41) width 58: "4"
layer at (434,358) size 200x200
  LayoutBlockFlow (positioned) {P} at (410,210) size 200x200 [color=#FFFFFF] [bgcolor=#CCCC00]
    LayoutText {#text} at (71,41) size 58x97
      text run at (71,41) width 58: "3"
layer at (384,208) size 200x200
  LayoutBlockFlow (positioned) {P} at (360,60) size 200x200 [color=#FFFFFF] [bgcolor=#FF9900]
    LayoutText {#text} at (71,41) size 58x97
      text run at (71,41) width 58: "2"
layer at (234,158) size 200x200
  LayoutBlockFlow (positioned) {P} at (210,10) size 200x200 [color=#FFFFFF] [bgcolor=#FF0000]
    LayoutText {#text} at (71,41) size 58x97
      text run at (71,41) width 58: "1"
layer at (24,784) size 620x620 backgroundClip at (0,0) size 785x600 clip at (0,0) size 785x600
  LayoutBlockFlow (relative positioned) {DIV} at (16,762.44) size 620x620 [border: (10px solid #000000)]
layer at (234,1194) size 200x200 backgroundClip at (0,0) size 785x600 clip at (0,0) size 785x600
  LayoutBlockFlow (positioned) {P} at (210,410) size 200x200 [color=#FFFFFF] [bgcolor=#009999]
    LayoutText {#text} at (71,41) size 58x97
      text run at (71,41) width 58: "5"
layer at (24,1420) size 620x620 backgroundClip at (0,0) size 785x600 clip at (0,0) size 785x600
  LayoutBlockFlow (relative positioned) {DIV} at (16,1398.44) size 620x620 [border: (10px solid #000000)]
layer at (234,1830) size 200x200 backgroundClip at (0,0) size 785x600 clip at (0,0) size 785x600
  LayoutBlockFlow (positioned) {P} at (210,410) size 200x200 [color=#FFFFFF] [bgcolor=#009999]
    LayoutText {#text} at (71,41) size 58x97
      text run at (71,41) width 58: "5"
layer at (24,2056) size 620x620 backgroundClip at (0,0) size 785x600 clip at (0,0) size 785x600
  LayoutBlockFlow (relative positioned) {DIV} at (16,2034.44) size 620x620 [border: (10px solid #000000)]
layer at (384,2416) size 200x200 backgroundClip at (0,0) size 785x600 clip at (0,0) size 785x600
  LayoutBlockFlow (positioned) {P} at (360,360) size 200x200 [color=#FFFFFF] [bgcolor=#00CC00]
    LayoutText {#text} at (71,41) size 58x97
      text run at (71,41) width 58: "4"
layer at (434,2266) size 200x200 backgroundClip at (0,0) size 785x600 clip at (0,0) size 785x600
  LayoutBlockFlow (positioned) {P} at (410,210) size 200x200 [color=#FFFFFF] [bgcolor=#CCCC00]
    LayoutText {#text} at (71,41) size 58x97
      text run at (71,41) width 58: "3"
layer at (24,2692) size 620x620 backgroundClip at (0,0) size 785x600 clip at (0,0) size 785x600
  LayoutBlockFlow (relative positioned) {DIV} at (16,2670.44) size 620x620 [border: (10px solid #000000)]
layer at (84,3052) size 200x200 backgroundClip at (0,0) size 785x600 clip at (0,0) size 785x600
  LayoutBlockFlow (positioned) {P} at (60,360) size 200x200 [color=#FFFFFF] [bgcolor=#0000FF]
    LayoutText {#text} at (71,41) size 58x97
      text run at (71,41) width 58: "6"
layer at (234,3102) size 200x200 backgroundClip at (0,0) size 785x600 clip at (0,0) size 785x600
  LayoutBlockFlow (positioned) {P} at (210,410) size 200x200 [color=#FFFFFF] [bgcolor=#009999]
    LayoutText {#text} at (71,41) size 58x97
      text run at (71,41) width 58: "5"
layer at (384,3052) size 200x200 backgroundClip at (0,0) size 785x600 clip at (0,0) size 785x600
  LayoutBlockFlow (positioned) {P} at (360,360) size 200x200 [color=#FFFFFF] [bgcolor=#00CC00]
    LayoutText {#text} at (71,41) size 58x97
      text run at (71,41) width 58: "4"
layer at (24,3328) size 620x620 backgroundClip at (0,0) size 785x600 clip at (0,0) size 785x600
  LayoutBlockFlow (relative positioned) {DIV} at (16,3306.44) size 620x620 [border: (10px solid #000000)]
layer at (34,3338) size 600x600 backgroundClip at (0,0) size 785x600 clip at (0,0) size 785x600 layerType: background only
layer at (84,3688) size 200x200 backgroundClip at (0,0) size 785x600 clip at (0,0) size 785x600
  LayoutBlockFlow (positioned) zI: -9 {P} at (50,350) size 200x200 [color=#FFFFFF] [bgcolor=#0000FF]
    LayoutText zI: -9 {#text} at (71,41) size 58x97
      text run at (71,41) width 58: "6"
layer at (34,3338) size 600x600 backgroundClip at (0,0) size 785x600 clip at (0,0) size 785x600 layerType: foreground only
  LayoutBlockFlow (positioned) {DIV} at (10,10) size 600x600
layer at (234,3738) size 200x200 backgroundClip at (0,0) size 785x600 clip at (0,0) size 785x600
  LayoutBlockFlow (positioned) {P} at (200,400) size 200x200 [color=#FFFFFF] [bgcolor=#009999]
    LayoutText {#text} at (71,41) size 58x97
      text run at (71,41) width 58: "5"
layer at (384,3688) size 200x200 backgroundClip at (0,0) size 785x600 clip at (0,0) size 785x600
  LayoutBlockFlow (positioned) zI: 9 {P} at (350,350) size 200x200 [color=#FFFFFF] [bgcolor=#00CC00]
    LayoutText zI: 9 {#text} at (71,41) size 58x97
      text run at (71,41) width 58: "4"
layer at (24,3964) size 620x620 backgroundClip at (0,0) size 785x600 clip at (0,0) size 785x600
  LayoutBlockFlow (relative positioned) {DIV} at (16,3942.44) size 620x620 [border: (10px solid #000000)]
layer at (34,3974) size 600x600 backgroundClip at (0,0) size 785x600 clip at (0,0) size 785x600
  LayoutBlockFlow (positioned) {DIV} at (10,10) size 600x600
layer at (234,4374) size 200x200 backgroundClip at (0,0) size 785x600 clip at (0,0) size 785x600
  LayoutBlockFlow (positioned) {P} at (210,410) size 200x200 [color=#FFFFFF] [bgcolor=#009999]
    LayoutText {#text} at (71,41) size 58x97
      text run at (71,41) width 58: "5"
layer at (24,4634) size 620x620 backgroundClip at (0,0) size 785x600 clip at (0,0) size 785x600
  LayoutBlockFlow (relative positioned) {DIV} at (16,4612.44) size 620x620 [border: (10px solid #000000)]
layer at (34,4644) size 600x600 backgroundClip at (0,0) size 785x600 clip at (0,0) size 785x600
  LayoutBlockFlow (positioned) {DIV} at (10,10) size 600x600
layer at (234,5044) size 200x200 backgroundClip at (0,0) size 785x600 clip at (0,0) size 785x600
  LayoutBlockFlow (positioned) {P} at (210,410) size 200x200 [color=#FFFFFF] [bgcolor=#009999]
    LayoutText {#text} at (71,41) size 58x97
      text run at (71,41) width 58: "5"
layer at (384,1144) size 200x200 backgroundClip at (0,0) size 785x600 clip at (0,0) size 785x600
  LayoutBlockFlow (positioned) zI: 1 {P} at (360,360) size 200x200 [color=#FFFFFF] [bgcolor=#00CC00]
    LayoutText zI: 1 {#text} at (71,41) size 58x97
      text run at (71,41) width 58: "4"
layer at (384,4324) size 200x200 backgroundClip at (0,0) size 785x600 clip at (0,0) size 785x600
  LayoutBlockFlow (positioned) zI: 1 {P} at (350,350) size 200x200 [color=#FFFFFF] [bgcolor=#00CC00]
    LayoutText zI: 1 {#text} at (71,41) size 58x97
      text run at (71,41) width 58: "4"
layer at (384,4994) size 200x200 backgroundClip at (0,0) size 785x600 clip at (0,0) size 785x600
  LayoutBlockFlow (positioned) zI: 1 {P} at (350,350) size 200x200 [color=#FFFFFF] [bgcolor=#00CC00]
    LayoutText zI: 1 {#text} at (71,41) size 58x97
      text run at (71,41) width 58: "4"
layer at (434,994) size 200x200 backgroundClip at (0,0) size 785x600 clip at (0,0) size 785x600
  LayoutBlockFlow (positioned) zI: 2 {P} at (410,210) size 200x200 [color=#FFFFFF] [bgcolor=#CCCC00]
    LayoutText zI: 2 {#text} at (71,41) size 58x97
      text run at (71,41) width 58: "3"
layer at (384,2116) size 200x200 backgroundClip at (0,0) size 785x600 clip at (0,0) size 785x600
  LayoutBlockFlow (positioned) zI: 2 {P} at (360,60) size 200x200 [color=#FFFFFF] [bgcolor=#FF9900]
    LayoutText zI: 2 {#text} at (71,41) size 58x97
      text run at (71,41) width 58: "2"
layer at (434,3538) size 200x200 backgroundClip at (0,0) size 785x600 clip at (0,0) size 785x600
  LayoutBlockFlow (positioned) zI: 2 {P} at (410,210) size 200x200 [color=#FFFFFF] [bgcolor=#CCCC00]
    LayoutText zI: 2 {#text} at (71,41) size 58x97
      text run at (71,41) width 58: "3"
layer at (434,4174) size 200x200 backgroundClip at (0,0) size 785x600 clip at (0,0) size 785x600
  LayoutBlockFlow (positioned) zI: 2 {P} at (410,210) size 200x200 [color=#FFFFFF] [bgcolor=#CCCC00]
    LayoutText zI: 2 {#text} at (71,41) size 58x97
      text run at (71,41) width 58: "3"
layer at (434,4844) size 200x200 backgroundClip at (0,0) size 785x600 clip at (0,0) size 785x600
  LayoutBlockFlow (positioned) zI: 2 {P} at (410,210) size 200x200 [color=#FFFFFF] [bgcolor=#CCCC00]
    LayoutText zI: 2 {#text} at (71,41) size 58x97
      text run at (71,41) width 58: "3"
layer at (384,844) size 200x200 backgroundClip at (0,0) size 785x600 clip at (0,0) size 785x600
  LayoutBlockFlow (positioned) zI: 3 {P} at (360,60) size 200x200 [color=#FFFFFF] [bgcolor=#FF9900]
    LayoutText zI: 3 {#text} at (71,41) size 58x97
      text run at (71,41) width 58: "2"
layer at (234,2066) size 200x200 backgroundClip at (0,0) size 785x600 clip at (0,0) size 785x600
  LayoutBlockFlow (positioned) zI: 3 {P} at (210,10) size 200x200 [color=#FFFFFF] [bgcolor=#FF0000]
    LayoutText zI: 3 {#text} at (71,41) size 58x97
      text run at (71,41) width 58: "1"
layer at (384,3388) size 200x200 backgroundClip at (0,0) size 785x600 clip at (0,0) size 785x600
  LayoutBlockFlow (positioned) zI: 3 {P} at (360,60) size 200x200 [color=#FFFFFF] [bgcolor=#FF9900]
    LayoutText zI: 3 {#text} at (71,41) size 58x97
      text run at (71,41) width 58: "2"
layer at (384,4024) size 200x200 backgroundClip at (0,0) size 785x600 clip at (0,0) size 785x600
  LayoutBlockFlow (positioned) zI: 3 {P} at (350,50) size 200x200 [color=#FFFFFF] [bgcolor=#FF9900]
    LayoutText zI: 3 {#text} at (71,41) size 58x97
      text run at (71,41) width 58: "2"
layer at (384,4694) size 200x200 backgroundClip at (0,0) size 785x600 clip at (0,0) size 785x600
  LayoutBlockFlow (positioned) zI: 3 {P} at (350,50) size 200x200 [color=#FFFFFF] [bgcolor=#FF9900]
    LayoutText zI: 3 {#text} at (71,41) size 58x97
      text run at (71,41) width 58: "2"
layer at (234,794) size 200x200 backgroundClip at (0,0) size 785x600 clip at (0,0) size 785x600
  LayoutBlockFlow (positioned) zI: 4 {P} at (210,10) size 200x200 [color=#FFFFFF] [bgcolor=#FF0000]
    LayoutText zI: 4 {#text} at (71,41) size 58x97
      text run at (71,41) width 58: "1"
layer at (434,2902) size 200x200 backgroundClip at (0,0) size 785x600 clip at (0,0) size 785x600
  LayoutBlockFlow (positioned) zI: 4 {P} at (410,210) size 200x200 [color=#FFFFFF] [bgcolor=#CCCC00]
    LayoutText zI: 4 {#text} at (71,41) size 58x97
      text run at (71,41) width 58: "3"
layer at (384,2752) size 200x200 backgroundClip at (0,0) size 785x600 clip at (0,0) size 785x600
  LayoutBlockFlow (positioned) zI: 4 {P} at (360,60) size 200x200 [color=#FFFFFF] [bgcolor=#FF9900]
    LayoutText zI: 4 {#text} at (71,41) size 58x97
      text run at (71,41) width 58: "2"
layer at (234,2702) size 200x200 backgroundClip at (0,0) size 785x600 clip at (0,0) size 785x600
  LayoutBlockFlow (positioned) zI: 4 {P} at (210,10) size 200x200 [color=#FFFFFF] [bgcolor=#FF0000]
    LayoutText zI: 4 {#text} at (71,41) size 58x97
      text run at (71,41) width 58: "1"
layer at (234,3338) size 200x200 backgroundClip at (0,0) size 785x600 clip at (0,0) size 785x600
  LayoutBlockFlow (positioned) zI: 4 {P} at (210,10) size 200x200 [color=#FFFFFF] [bgcolor=#FF0000]
    LayoutText zI: 4 {#text} at (71,41) size 58x97
      text run at (71,41) width 58: "1"
layer at (234,3974) size 200x200 backgroundClip at (0,0) size 785x600 clip at (0,0) size 785x600
  LayoutBlockFlow (positioned) zI: 4 {P} at (210,10) size 200x200 [color=#FFFFFF] [bgcolor=#FF0000]
    LayoutText zI: 4 {#text} at (71,41) size 58x97
      text run at (71,41) width 58: "1"
layer at (234,4644) size 200x200 backgroundClip at (0,0) size 785x600 clip at (0,0) size 785x600
  LayoutBlockFlow (positioned) zI: 4 {P} at (210,10) size 200x200 [color=#FFFFFF] [bgcolor=#FF0000]
    LayoutText zI: 4 {#text} at (71,41) size 58x97
      text run at (71,41) width 58: "1"
layer at (384,1780) size 200x200 backgroundClip at (0,0) size 785x600 clip at (0,0) size 785x600
  LayoutBlockFlow (positioned) zI: 1000000 {P} at (360,360) size 200x200 [color=#FFFFFF] [bgcolor=#00CC00]
    LayoutText zI: 1000000 {#text} at (71,41) size 58x97
      text run at (71,41) width 58: "4"
layer at (434,1630) size 200x200 backgroundClip at (0,0) size 785x600 clip at (0,0) size 785x600
  LayoutBlockFlow (positioned) zI: 2000000 {P} at (410,210) size 200x200 [color=#FFFFFF] [bgcolor=#CCCC00]
    LayoutText zI: 2000000 {#text} at (71,41) size 58x97
      text run at (71,41) width 58: "3"
layer at (384,1480) size 200x200 backgroundClip at (0,0) size 785x600 clip at (0,0) size 785x600
  LayoutBlockFlow (positioned) zI: 3000000 {P} at (360,60) size 200x200 [color=#FFFFFF] [bgcolor=#FF9900]
    LayoutText zI: 3000000 {#text} at (71,41) size 58x97
      text run at (71,41) width 58: "2"
layer at (234,1430) size 200x200 backgroundClip at (0,0) size 785x600 clip at (0,0) size 785x600
  LayoutBlockFlow (positioned) zI: 4000000 {P} at (210,10) size 200x200 [color=#FFFFFF] [bgcolor=#FF0000]
    LayoutText zI: 4000000 {#text} at (71,41) size 58x97
      text run at (71,41) width 58: "1"
