layer at (0,0) size 800x600
  LayoutView at (0,0) size 800x600
layer at (0,0) size 800x600
  LayoutBlockFlow {HTML} at (0,0) size 800x600
    LayoutBlockFlow {BODY} at (8,8) size 784x584
      LayoutBlockFlow {DIV} at (0,0) size 770x86 [bgcolor=#000000]
layer at (8,8) size 770x86
  LayoutBlockFlow (relative positioned) {DIV} at (0,0) size 770x86 [bgcolor=#FF0000]
    LayoutTable {TABLE} at (0,0) size 98x68
      LayoutTableSection {TBODY} at (0,0) size 98x68
        LayoutTableRow {TR} at (0,2) size 98x20
          LayoutTableCell {TD} at (2,2) size 94x20 [r=0 c=0 rs=1 cs=1]
            LayoutText {#text} at (1,1) size 92x18
              text run at (1,1) width 92: "Some content."
        LayoutTableRow {TR} at (0,24) size 98x20
          LayoutTableCell {TD} at (2,24) size 94x20 [r=1 c=0 rs=1 cs=1]
            LayoutText {#text} at (1,1) size 88x18
              text run at (1,1) width 88: "more content."
        LayoutTableRow {TR} at (0,46) size 98x20
          LayoutTableCell {TD} at (2,46) size 94x20 [r=2 c=0 rs=1 cs=1]
            LayoutText {#text} at (1,1) size 72x18
              text run at (1,1) width 72: "even more."
    LayoutBlockFlow {DIV} at (0,68) size 770x18 [color=#FFFFFF] [bgcolor=#008000]
      LayoutText {#text} at (0,0) size 154x18
        text run at (0,0) width 154: "Hello. Here I am below."
