layer at (0,0) size 800x600
  LayoutView at (0,0) size 800x600
layer at (0,0) size 800x600 layerType: background only
layer at (8,8) size 36x18
  LayoutBlockFlow (positioned) zI: -1 {DIV} at (8,8) size 35.55x18
    LayoutText zI: -1 {#text} at (0,0) size 36x18
      text run at (0,0) width 36: "Hello"
layer at (0,0) size 800x600 layerType: foreground only
  LayoutBlockFlow {HTML} at (0,0) size 800x600
    LayoutBlockFlow {BODY} at (8,8) size 784x584
