layer at (0,0) size 800x600
  LayoutView at (0,0) size 800x600
layer at (0,0) size 800x600
  LayoutBlockFlow {HTML} at (0,0) size 800x600
    LayoutBlockFlow {BODY} at (8,8) size 784x584
      LayoutText {#text} at (0,0) size 625x18
        text run at (0,0) width 625: "You should see a single green stripe below. The test has failed if you don't see a perfect rectangle."
      LayoutText {#text} at (0,0) size 0x0
layer at (8,26) size 96x370
  LayoutBlockFlow (positioned) {DIV} at (8,26) size 96x370
    LayoutInline {A} at (0,0) size 47x370 [color=#008000] [bgcolor=#008000]
      LayoutInline {SPAN} at (0,0) size 47x74
        LayoutText {#text} at (0,0) size 47x74
          text run at (0,0) width 47: "A"
      LayoutText {#text} at (0,74) size 47x74
        text run at (0,74) width 47: "A"
      LayoutBR {BR} at (46,132) size 1x0
      LayoutInline {SPAN} at (0,0) size 47x74
        LayoutText {#text} at (0,148) size 47x74
          text run at (0,148) width 47: "A"
      LayoutText {#text} at (0,222) size 47x148
        text run at (0,222) width 47: "A"
        text run at (0,296) width 47: "A"
    LayoutText {#text} at (0,0) size 0x0
