layer at (0,0) size 800x600
  LayoutView at (0,0) size 800x600
layer at (0,0) size 800x600
  LayoutBlockFlow {HTML} at (0,0) size 800x600
    LayoutBlockFlow {BODY} at (8,8) size 784x584
      LayoutText {#text} at (0,0) size 552x18
        text run at (0,0) width 333: "There should be two 100x100 green squares below. "
        text run at (332,0) width 220: "They should be vertically stacked."
      LayoutText {#text} at (0,0) size 0x0
layer at (10,40) size 100x100
  LayoutBlockFlow (positioned) {DIV} at (10,40) size 100x100 [bgcolor=#008000]
    LayoutBlockFlow {DIV} at (0,0) size 100x0
layer at (10,150) size 100x100
  LayoutBlockFlow (positioned) {DIV} at (10,150) size 100x100 [bgcolor=#008000]
    LayoutBlockFlow {DIV} at (0,0) size 100x0
