layer at (0,0) size 800x600
  LayoutView at (0,0) size 800x600
layer at (0,0) size 800x8
  LayoutBlockFlow {HTML} at (0,0) size 800x8
    LayoutBlockFlow {BODY} at (8,8) size 784x0
layer at (10,10) size 10x10 scrollHeight 18
  LayoutBlockFlow (positioned) {DIV} at (10,10) size 10x10 [bgcolor=#FF0000]
    LayoutBlockFlow {IMG} at (0,0) size 10x10
layer at (10,14) size 10x10 backgroundClip at (10,14) size 10x6 clip at (11,15) size 8x5 scrollWidth 17 scrollHeight 20
  LayoutBlockFlow {DIV} at (0,4) size 10x10 [border: (1px solid #C0C0C0)]
    LayoutImage (floating) {IMG} at (2,2) size 16x16
layer at (28,16) size 0x18 scrollWidth 49
  LayoutBlockFlow {DIV} at (18,2) size 0x18
    LayoutText {#text} at (0,0) size 49x18
      text run at (0,0) width 49: "nothing"
layer at (10,30) size 10x10 scrollHeight 18
  LayoutBlockFlow (positioned) {DIV} at (10,30) size 10x10 [bgcolor=#FF0000]
    LayoutBlockFlow {IMG} at (0,0) size 10x10
layer at (10,34) size 10x10 backgroundClip at (10,34) size 10x6 clip at (11,35) size 8x5 scrollHeight 20
  LayoutBlockFlow {DIV} at (0,4) size 10x10 [border: (1px solid #C0C0C0)]
layer at (12,36) size 6x18 backgroundClip at (12,36) size 6x4 clip at (12,36) size 6x4 scrollWidth 49
  LayoutBlockFlow {DIV} at (2,2) size 6x18
    LayoutText {#text} at (0,0) size 49x18
      text run at (0,0) width 49: "nothing"
layer at (10,30) size 10x10
  LayoutBlockFlow (positioned) {IMG} at (0,0) size 10x10 [bgcolor=#0000FF]
layer at (10,34) size 10x10 backgroundClip at (10,34) size 10x6 clip at (11,35) size 8x5 scrollHeight 38
  LayoutBlockFlow {DIV} at (0,4) size 10x10 [border: (1px solid #C0C0C0)]
layer at (12,36) size 6x36 backgroundClip at (12,36) size 6x4 clip at (12,36) size 6x4 scrollWidth 44
  LayoutBlockFlow {DIV} at (2,2) size 6x36
    LayoutText {#text} at (0,0) size 45x36
      text run at (0,0) width 31: "Blue"
      text run at (0,18) width 45: "Square"
