layer at (0,0) size 800x600
  LayoutView at (0,0) size 800x600
layer at (0,0) size 800x600
  LayoutBlockFlow {HTML} at (0,0) size 800x600
    LayoutBlockFlow {BODY} at (8,8) size 784x584
layer at (8,8) size 0x0
  LayoutInline (relative positioned) {SPAN} at (0,0) size 0x0
    LayoutText {#text} at (0,0) size 0x0
layer at (8,8) size 109x72
  LayoutBlockFlow (positioned) {SPAN} at (0,0) size 109.33x72
    LayoutText {#text} at (0,0) size 110x72
      text run at (0,0) width 110: "position:absolute"
      text run at (0,18) width 72: "span inside"
      text run at (0,36) width 104: "position:relative"
      text run at (0,54) width 30: "span"
