layer at (0,0) size 800x600
  LayoutView at (0,0) size 800x600
layer at (0,0) size 800x600
  LayoutBlockFlow {HTML} at (0,0) size 800x600
    LayoutBlockFlow {BODY} at (8,8) size 784x576
      LayoutBlockFlow {P} at (0,0) size 784x18
        LayoutText {#text} at (0,0) size 280x18
          text run at (0,0) width 280: "The two boxes below should look identical."
layer at (8,42) size 200x200
  LayoutBlockFlow (positioned) {DIV} at (8,42) size 200x200 [bgcolor=#0000FF]
layer at (8,42) size 100x50
  LayoutBlockFlow (positioned) {DIV} at (0,0) size 100x50 [bgcolor=#008000]
layer at (300,42) size 200x200
  LayoutBlockFlow (positioned) {DIV} at (300,42) size 200x200 [bgcolor=#0000FF]
layer at (300,42) size 100x50
  LayoutBlockFlow (positioned) {DIV} at (0,0) size 100x50 [bgcolor=#008000]
