layer at (0,0) size 800x600
  LayoutView at (0,0) size 800x600
layer at (0,0) size 800x600
  LayoutBlockFlow {HTML} at (0,0) size 800x600
    LayoutBlockFlow {BODY} at (8,8) size 784x576
      LayoutBlockFlow {P} at (0,0) size 784x18
        LayoutText {#text} at (0,0) size 398x18
          text run at (0,0) width 398: "The green square should be on the right hand side of the page."
      LayoutBlockFlow {DIV} at (0,34) size 784x0
layer at (692,42) size 100x100
  LayoutBlockFlow (positioned) {DIV} at (692,42) size 100x100 [bgcolor=#90EE90]
