layer at (0,0) size 800x600
  LayoutView at (0,0) size 800x600
layer at (0,0) size 800x600
  LayoutBlockFlow {HTML} at (0,0) size 800x600 [border: (100px solid #000000)]
    LayoutBlockFlow {BODY} at (108,108) size 584x384
layer at (600,400) size 200x200
  LayoutBlockFlow (positioned) {DIV} at (600,400) size 200x200 [bgcolor=#008000]
    LayoutText {#text} at (0,0) size 189x54
      text run at (0,0) width 184: "This should be in the bottom"
      text run at (0,18) width 153: "right-hand corner of the"
      text run at (0,36) width 189: "viewport even when resizing."
