layer at (0,0) size 800x600
  LayoutView at (0,0) size 800x600
layer at (0,0) size 800x600
  LayoutBlockFlow {HTML} at (0,0) size 800x600
    LayoutBlockFlow {BODY} at (8,8) size 784x584
      LayoutBlockFlow {P} at (0,0) size 784x36
        LayoutText {#text} at (0,0) size 658x18
          text run at (0,0) width 658: "The black outline box should be a 50px by 50px square with its bottom left corner anchored to the left "
        LayoutInline {SPAN} at (0,0) size 45x18 [color=#FFA500]
          LayoutText {#text} at (657,0) size 45x18
            text run at (657,0) width 45: "orange"
        LayoutText {#text} at (701,0) size 767x36
          text run at (701,0) width 66: " border on"
          text run at (0,18) width 86: "the third line."
      LayoutBlockFlow {DIV} at (0,52) size 600x72
        LayoutText {#text} at (408,0) size 192x18
          text run at (408,0) width 192 RTL override: "ILorem ipsum dolor sit amet, "
        LayoutText {#text} at (21,36) size 579x36
          text run at (21,36) width 28 RTL override: "duis"
          text run at (279,54) width 321 RTL override: "aute irure dolor in reprehenderit in voluptate velit."
layer at (8,60) size 576x56
  LayoutInline (relative positioned) {SPAN} at (0,0) size 576x56 [bgcolor=#008000] [border: (1px solid #808080) (20px solid #0000FF) (1px solid #808080) (20px solid #FFA500)]
    LayoutText {#text} at (32,0) size 568x36
      text run at (32,0) width 337 RTL override: "con a pariatur. Excepteur sint occaecat cupidatat non"
      text run at (224,18) width 376 RTL override: "proident, sunt in culp qui officia deserunt mollit animequs "
    LayoutText {#text} at (24,18) size 576x36
      text run at (24,18) width 201 RTL override: "ILOREM ipsum dol sDuis aute"
      text run at (88,36) width 512 RTL override: "irure dolor in reprehenderit in voluptate velit esse cillum dolore eu fugiat nullat "
layer at (87,64) size 50x50
  LayoutBlockFlow (positioned) {DIV} at (46.42,5) size 50x50
