layer at (0,0) size 800x600
  LayoutView at (0,0) size 800x600
layer at (0,0) size 800x600
  LayoutBlockFlow {HTML} at (0,0) size 800x600
    LayoutBlockFlow {BODY} at (8,8) size 784x576
      LayoutBlockFlow {P} at (0,0) size 784x18
        LayoutText {#text} at (0,0) size 593x18
          text run at (0,0) width 361: "In this test case you should only see one line green text. "
          text run at (360,0) width 233: "If there is any red the test has failed."
layer at (8,42) size 784x0
  LayoutBlockFlow (relative positioned) {DIV} at (0,34) size 784x0
layer at (8,42) size 128x18
  LayoutBlockFlow (positioned) {DIV} at (0,0) size 128.19x18 [color=#008000]
    LayoutText {#text} at (0,0) size 129x18
      text run at (0,0) width 129: "You should see this."
layer at (-666658,58) size 154x18 backgroundClip at (0,0) size 800x600 clip at (0,0) size 800x600
  LayoutBlockFlow (positioned) {DIV} at (-666666,16) size 153.95x18 [color=#FF0000]
    LayoutText {#text} at (0,0) size 154x18
      text run at (0,0) width 154: "You should not see this!"
layer at (-666657,74) size 154x18 backgroundClip at (0,0) size 800x600 clip at (0,0) size 800x600
  LayoutBlockFlow (positioned) {DIV} at (-666665,32) size 153.95x18 [color=#FF0000]
    LayoutText {#text} at (0,0) size 154x18
      text run at (0,0) width 154: "You should not see this!"
