layer at (0,0) size 800x600
  LayoutView at (0,0) size 800x600
layer at (0,0) size 800x600
  LayoutBlockFlow {HTML} at (0,0) size 800x600
    LayoutBlockFlow {BODY} at (8,8) size 784x576
      LayoutBlockFlow {P} at (0,0) size 784x18
        LayoutText {#text} at (0,0) size 312x18
          text run at (0,0) width 312: "This page should not have a horizontal scrollbar."
layer at (8,42) size 800x0
  LayoutBlockFlow (positioned) {DIV} at (8,42) size 800x0
