layer at (0,0) size 800x600
  LayoutView at (0,0) size 800x600
layer at (0,0) size 800x600
  LayoutBlockFlow {HTML} at (0,0) size 800x600
    LayoutBlockFlow {BODY} at (8,8) size 784x576
      LayoutBlockFlow {P} at (0,0) size 784x18
        LayoutText {#text} at (0,0) size 420x18
          text run at (0,0) width 420: "The inner blue box should be 50% as tall as the outer yellow box."
layer at (8,30) size 304x540
  LayoutBlockFlow (positioned) {DIV} at (8,30) size 304x540 [bgcolor=#FFFF00] [border: (2px dashed #000000)]
    LayoutBlockFlow {DIV} at (2,2) size 300x272 [bgcolor=#0000FF] [border: (2px dashed #000000)]
