layer at (0,0) size 800x600
  LayoutView at (0,0) size 800x600
layer at (0,0) size 800x600
  LayoutBlockFlow {HTML} at (0,0) size 800x600
    LayoutBlockFlow {BODY} at (8,8) size 784x584
      LayoutBlockFlow {P} at (0,0) size 784x36
        LayoutText {#text} at (0,0) size 218x18
          text run at (0,0) width 218: "This tests for a regression against "
        LayoutInline {I} at (0,0) size 758x36
          LayoutInline {A} at (0,0) size 354x18 [color=#0000EE]
            LayoutText {#text} at (217,0) size 354x18
              text run at (217,0) width 354: "http://bugzilla.opendarwin.org/show_bug.cgi?id=6881"
          LayoutText {#text} at (570,0) size 758x36
            text run at (570,0) width 5: " "
            text run at (574,0) width 184: "Block with position:absolute"
            text run at (0,18) width 589: "bottom:0 doesn't always move when height of containing block changes (affects Safari RSS)"
        LayoutText {#text} at (588,18) size 5x18
          text run at (588,18) width 5: "."
      LayoutBlockFlow {P} at (0,52) size 784x18
        LayoutText {#text} at (0,0) size 558x18
          text run at (0,0) width 558: "The squares below should have blue tops and green bottoms, not the other way around."
      LayoutBlockFlow {HR} at (0,86) size 784x2 [border: (1px inset #EEEEEE)]
      LayoutBlockFlow (anonymous) at (0,196) size 784x18
        LayoutBR {BR} at (0,0) size 0x18
layer at (8,104) size 784x100
  LayoutBlockFlow (relative positioned) {DIV} at (0,96) size 784x100
    LayoutBlockFlow {DIV} at (0,0) size 100x100 [bgcolor=#87CEEB]
layer at (8,154) size 100x50
  LayoutBlockFlow (positioned) {DIV} at (0,50) size 100x50 [bgcolor=#90EE90]
layer at (8,222) size 784x100
  LayoutDeprecatedFlexibleBox (relative positioned) {DIV} at (0,214) size 784x100
    LayoutBlockFlow {DIV} at (0,0) size 100x100 [bgcolor=#87CEEB]
layer at (8,272) size 100x50
  LayoutBlockFlow (positioned) {DIV} at (0,50) size 100x50 [bgcolor=#90EE90]
