layer at (0,0) size 800x600
  LayoutView at (0,0) size 800x600
layer at (0,0) size 800x600
  LayoutBlockFlow {HTML} at (0,0) size 800x600
    LayoutBlockFlow {BODY} at (8,8) size 784x584
      LayoutBlockFlow (anonymous) at (0,0) size 784x18
        LayoutText {#text} at (0,0) size 278x18
          text run at (0,0) width 278: "If you see any red below the test has failed."
layer at (8,26) size 300x400
  LayoutBlockFlow (relative positioned) {DIV} at (0,18) size 300x400 [bgcolor=#FF0000]
    LayoutTable (floating) {TABLE} at (0,0) size 250x400 [bgcolor=#008000]
      LayoutTableSection {TBODY} at (0,0) size 250x400
        LayoutTableRow {TR} at (0,0) size 250x400
          LayoutTableCell {TD} at (0,200) size 250x0 [r=0 c=0 rs=1 cs=1]
layer at (258,26) size 200x400
  LayoutBlockFlow (positioned) {DIV} at (250,0) size 200x400 [bgcolor=#008000]
