layer at (0,0) size 800x600
  LayoutView at (0,0) size 800x600
layer at (0,0) size 800x600
  LayoutBlockFlow {HTML} at (0,0) size 800x600
    LayoutBlockFlow {BODY} at (8,8) size 784x584
layer at (8,8) size 206x26
  LayoutBlockFlow (relative positioned) {DIV} at (0,0) size 206x26 [border: (3px solid #000000)]
layer at (146,11) size 65x18
  LayoutBlockFlow (positioned) {DIV} at (138.13,3) size 64.88x18
    LayoutText {#text} at (0,0) size 65x18
      text run at (0,0) width 65: "longertext"
