layer at (0,0) size 800x600 clip at (0,0) size 785x585 scrollWidth 1108 scrollHeight 1108
  LayoutView at (0,0) size 800x600
layer at (0,0) size 785x585
  LayoutBlockFlow {HTML} at (0,0) size 785x585
    LayoutBlockFlow {BODY} at (8,8) size 769x569
      LayoutText {#text} at (100,0) size 651x36
        text run at (100,0) width 651: "The image should be 1000px over to the right and bottom, which should cause horizontal and vertical"
        text run at (100,18) width 129: "scrollbars to appear."
layer at (1008,1008) size 100x100 backgroundClip at (0,0) size 785x585 clip at (0,0) size 785x585
  LayoutImage (relative positioned) (floating) {IMG} at (0,0) size 100x100 [bgcolor=#00FF00]
