layer at (0,0) size 800x600 scrollX 1108.00 scrollY 100.00 scrollWidth 2008 scrollHeight 2016
  LayoutView at (0,0) size 800x600
layer at (0,0) size 800x2016 backgroundClip at (0,0) size 800x600 clip at (0,0) size 800x600
  LayoutBlockFlow {HTML} at (0,0) size 800x2016
    LayoutBlockFlow {BODY} at (8,8) size 784x2000
      LayoutBlockFlow {DIV} at (-1216,0) size 2000x2000 [bgcolor=#00FF00]
layer at (-100,100) size 100x100 backgroundClip at (0,0) size 800x600 clip at (0,0) size 800x600
  LayoutBlockFlow (positioned) {DIV} at (0,0) size 100x100 [bgcolor=#FF00FF]
    LayoutText {#text} at (0,0) size 98x72
      text run at (0,0) width 57: "This box"
      text run at (0,18) width 98: "should be fixed"
      text run at (0,36) width 88: "to the top-left"
      text run at (0,54) width 96: "of the window."
scrolled to -100,100
