layer at (0,0) size 800x600
  LayoutView at (0,0) size 800x600
layer at (0,0) size 800x600
  LayoutBlockFlow {HTML} at (0,0) size 800x600
    LayoutBlockFlow {BODY} at (8,8) size 784x584
      LayoutInline {SPAN} at (0,0) size 281x20 [border: (1px solid #000000)]
        LayoutText {#text} at (1,0) size 279x18
          text run at (1,0) width 279: "These two boxes should be the same width."
      LayoutBR {BR} at (280,14) size 1x0
      LayoutInline {SPAN} at (0,0) size 281x20 [border: (1px solid #000000)]
        LayoutText {#text} at (1,18) size 279x18
          text run at (1,18) width 279: "These two boxes should be the same width."
        LayoutText {#text} at (0,0) size 0x0
        LayoutText {#text} at (0,0) size 0x0
        LayoutText {#text} at (0,0) size 0x0
layer at (287,50) size 100x100
  LayoutImage (positioned) {IMG} at (287.17,50) size 100x100 [bgcolor=#008000]
layer at (287,150) size 100x100
  LayoutImage (positioned) {IMG} at (287.17,150) size 100x100 [bgcolor=#008000]
layer at (287,250) size 100x100
  LayoutImage (positioned) {IMG} at (287.17,250) size 100x100 [bgcolor=#008000]
layer at (287,350) size 100x100
  LayoutImage (positioned) {IMG} at (287.17,350) size 100x100 [bgcolor=#008000]
