layer at (0,0) size 800x600
  LayoutView at (0,0) size 800x600
layer at (0,0) size 800x600
  LayoutBlockFlow {HTML} at (0,0) size 800x600
    LayoutBlockFlow {BODY} at (8,8) size 784x584
      LayoutBlockFlow {P} at (0,0) size 784x36
        LayoutText {#text} at (0,0) size 218x18
          text run at (0,0) width 218: "This tests for a regression against "
        LayoutInline {I} at (0,0) size 770x36
          LayoutInline {A} at (0,0) size 354x18 [color=#0000EE]
            LayoutText {#text} at (217,0) size 354x18
              text run at (217,0) width 354: "http://bugzilla.opendarwin.org/show_bug.cgi?id=5813"
          LayoutText {#text} at (570,0) size 770x36
            text run at (570,0) width 5: " "
            text run at (574,0) width 196: "positioned blocks don't update"
            text run at (0,18) width 230: "when resizing the window vertically"
        LayoutText {#text} at (229,18) size 5x18
          text run at (229,18) width 5: "."
      LayoutBlockFlow {P} at (0,52) size 784x18
        LayoutText {#text} at (0,0) size 293x18
          text run at (0,0) width 293: "The two squares below should be solid green."
      LayoutBlockFlow {HR} at (0,86) size 784x2 [border: (1px inset #EEEEEE)]
      LayoutBlockFlow (anonymous) at (0,96) size 784x108
        LayoutText {#text} at (104,90) size 4x18
          text run at (104,90) width 4: " "
        LayoutText {#text} at (0,0) size 0x0
layer at (8,104) size 104x104
  LayoutIFrame {IFRAME} at (0,0) size 104x104 [border: (2px inset #EEEEEE)]
    layer at (0,0) size 100x100
      LayoutView at (0,0) size 100x100
    layer at (0,0) size 100x8
      LayoutBlockFlow {HTML} at (0,0) size 100x8
        LayoutBlockFlow {BODY} at (8,8) size 84x0 [bgcolor=#FF0000]
    layer at (0,0) size 100x100
      LayoutBlockFlow (positioned) {DIV} at (0,0) size 100x100 [bgcolor=#008000]
layer at (116,104) size 104x104
  LayoutIFrame {IFRAME} at (108,0) size 104x104 [border: (2px inset #EEEEEE)]
    layer at (0,0) size 100x100
      LayoutView at (0,0) size 100x100
    layer at (0,0) size 100x16
      LayoutDeprecatedFlexibleBox {HTML} at (0,0) size 100x16
        LayoutBlockFlow {BODY} at (8,8) size 0x0 [bgcolor=#FF0000]
    layer at (0,0) size 100x100
      LayoutBlockFlow (positioned) {DIV} at (0,0) size 100x100 [bgcolor=#008000]
