layer at (0,0) size 800x600
  LayoutView at (0,0) size 800x600
layer at (0,0) size 800x428
  LayoutBlockFlow {HTML} at (0,0) size 800x428
    LayoutBlockFlow {BODY} at (8,16) size 784x402
      LayoutBlockFlow {P} at (0,0) size 784x18
        LayoutText {#text} at (0,0) size 330x18
          text run at (0,0) width 330: "You should not see double text when the div scrolls"
      LayoutBlockFlow {DIV} at (10,34) size 302x206 [border: (1px solid #000000)]
        LayoutText {#text} at (0,0) size 0x0
layer at (19,51) size 300x200
  LayoutVideo {VIDEO} at (1,1) size 300x200
layer at (18,266) size 302x152 clip at (19,267) size 285x150 scrollY 24.00 scrollHeight 500
  LayoutBlockFlow {DIV} at (10,250) size 302x152 [border: (1px solid #000000)]
    LayoutBlockFlow {DIV} at (1,1) size 285x500
      LayoutText {#text} at (0,5) size 107x37
        text run at (0,5) width 107: "Scrolled"
      LayoutBR {BR} at (106,5) size 1x37
      LayoutText {#text} at (0,53) size 48x37
        text run at (0,53) width 48: "text"
      LayoutBR {BR} at (47,53) size 1x37
      LayoutText {#text} at (0,101) size 64x37
        text run at (0,101) width 64: "here."
layer at (19,51) size 300x200
  LayoutFlexibleBox (relative positioned) {DIV} at (0,0) size 300x200
    LayoutBlockFlow {DIV} at (150,0) size 0x0
    LayoutFlexibleBox {DIV} at (0,0) size 300x200
