layer at (0,0) size 800x600
  LayoutView at (0,0) size 800x600
layer at (0,0) size 800x302
  LayoutBlockFlow {HTML} at (0,0) size 800x302
    LayoutBlockFlow {BODY} at (8,16) size 784x278
      LayoutBlockFlow {P} at (0,0) size 784x18
        LayoutText {#text} at (0,0) size 493x18
          text run at (0,0) width 493: "Tests decoding and rendering a video element that has a changing resolution."
      LayoutBlockFlow (anonymous) at (0,34) size 784x244
        LayoutText {#text} at (320,226) size 4x18
          text run at (320,226) width 4: " "
        LayoutText {#text} at (0,0) size 0x0
layer at (8,110) size 320x180
  LayoutVideo {VIDEO} at (0,60) size 320x180
layer at (332,50) size 320x240
  LayoutVideo {VIDEO} at (324,0) size 320x240
layer at (8,110) size 320x180
  LayoutFlexibleBox (relative positioned) {DIV} at (0,0) size 320x180
    LayoutFlexibleBox {DIV} at (0,0) size 320x180
layer at (8,110) size 320x180
  LayoutBlockFlow (positioned) {DIV} at (0,0) size 320x180
layer at (332,50) size 320x240
  LayoutFlexibleBox (relative positioned) {DIV} at (0,0) size 320x240
    LayoutFlexibleBox {DIV} at (0,0) size 320x240
layer at (332,50) size 320x240
  LayoutBlockFlow (positioned) {DIV} at (0,0) size 320x240
