layer at (0,0) size 800x600 scrollX 50.00 scrollY 50.00 scrollWidth 1008 scrollHeight 1016
  LayoutView at (0,0) size 800x600
layer at (0,0) size 800x1016 backgroundClip at (0,0) size 800x600 clip at (0,0) size 800x600
  LayoutBlockFlow {HTML} at (0,0) size 800x1016
    LayoutBlockFlow {BODY} at (8,8) size 1000x1000
layer at (50,166) size 300x20
  LayoutBlockFlow (positioned) {P} at (50,166) size 300.41x20
    LayoutText {#text} at (0,0) size 301x19
      text run at (0,0) width 301: "You should see a single green square, with no red."
layer at (58,58) size 100x100
  LayoutBlockFlow (positioned) {DIV} at (8,8) size 100x100 [bgcolor=#FF0000]
layer at (58,58) size 100x100
  LayoutBlockFlow {DIV} at (0,0) size 100x100 [bgcolor=#008000]
scrolled to 50,50
