layer at (0,0) size 800x600
  LayoutView at (0,0) size 800x600
layer at (0,0) size 800x504
  LayoutBlockFlow {HTML} at (0,0) size 800x504
layer at (0,0) size 800x504
  LayoutBlockFlow (relative positioned) {BODY} at (0,0) size 800x504
    LayoutBlockFlow {DIV} at (0,0) size 800x55
      LayoutText {#text} at (0,20) size 71x19
        text run at (0,20) width 71: "before text "
      LayoutFlexibleBox {DIV} at (71,5) size 128x50 [bgcolor=#D3D3D3]
        LayoutBlockFlow {DIV} at (0,30) size 39x20
          LayoutText {#text} at (0,0) size 39x19
            text run at (0,0) width 39: "below"
        LayoutBlockFlow {DIV} at (39,15) size 51x20
          LayoutText {#text} at (0,0) size 51x19
            text run at (0,0) width 51: "baseline"
        LayoutBlockFlow {DIV} at (90,0) size 38x20
          LayoutText {#text} at (0,0) size 38x19
            text run at (0,0) width 38: "above"
      LayoutText {#text} at (199,20) size 59x19
        text run at (199,20) width 59: " after text"
    LayoutBlockFlow {DIV} at (0,55) size 800x45
      LayoutText {#text} at (0,25) size 71x19
        text run at (0,25) width 71: "before text "
      LayoutFlexibleBox {DIV} at (71,5) size 89x40 [bgcolor=#D3D3D3]
        LayoutBlockFlow {DIV} at (0,20) size 51x20
          LayoutText {#text} at (0,0) size 51x19
            text run at (0,0) width 51: "baseline"
        LayoutBlockFlow {DIV} at (51,0) size 0x0
        LayoutBlockFlow {DIV} at (51,0) size 38x20
          LayoutText {#text} at (0,0) size 38x19
            text run at (0,0) width 38: "above"
      LayoutText {#text} at (160,25) size 59x19
        text run at (160,25) width 59: " after text"
    LayoutBlockFlow {DIV} at (0,100) size 800x72
      LayoutText {#text} at (0,30) size 71x19
        text run at (0,30) width 71: "before text "
      LayoutFlexibleBox {DIV} at (71,5) size 152x66.81 [bgcolor=#D3D3D3]
        LayoutBlockFlow {H2} at (0,19.91) size 114x27
          LayoutText {#text} at (0,0) size 114x26
            text run at (0,0) width 114: "h2 baseline"
        LayoutBlockFlow {DIV} at (114,0) size 38x66.81
          LayoutText {#text} at (0,0) size 38x19
            text run at (0,0) width 38: "above"
      LayoutText {#text} at (223,30) size 59x19
        text run at (223,30) width 59: " after text"
    LayoutBlockFlow {DIV} at (0,172) size 800x72
      LayoutText {#text} at (0,5) size 71x19
        text run at (0,5) width 71: "before text "
      LayoutFlexibleBox {DIV} at (71,5) size 142x66.81 [bgcolor=#D3D3D3]
        LayoutBlockFlow {DIV} at (0,0) size 51x66.81
          LayoutText {#text} at (0,0) size 51x19
            text run at (0,0) width 51: "baseline"
        LayoutBlockFlow {H2} at (51,19.91) size 91x27
          LayoutText {#text} at (0,0) size 91x26
            text run at (0,0) width 91: "h2 below"
      LayoutText {#text} at (213,5) size 59x19
        text run at (213,5) width 59: " after text"
    LayoutBlockFlow {DIV} at (0,244) size 800x45
      LayoutText {#text} at (0,11) size 183x19
        text run at (0,11) width 183: "should align with the middle "
      LayoutFlexibleBox {DIV} at (183,5) size 40x40 [bgcolor=#D3D3D3]
        LayoutBlockFlow {DIV} at (0,0) size 40x21 [border: none (1px solid #000000) none]
      LayoutText {#text} at (223,11) size 124x19
        text run at (223,11) width 124: " of the grey flexbox"
    LayoutBlockFlow {DIV} at (0,289) size 800x40
      LayoutText {#text} at (0,20) size 184x19
        text run at (0,20) width 184: "should align with the bottom "
      LayoutFlexibleBox {DIV} at (184,5) size 30x30 [bgcolor=#D3D3D3]
      LayoutText {#text} at (214,20) size 124x19
        text run at (214,20) width 124: " of the grey flexbox"
    LayoutBlockFlow {DIV} at (0,329) size 800x45
      LayoutText {#text} at (0,5) size 71x19
        text run at (0,5) width 71: "before text "
      LayoutFlexibleBox {DIV} at (71,5) size 51x40 [bgcolor=#D3D3D3]
        LayoutBlockFlow {DIV} at (0,0) size 51x20
          LayoutText {#text} at (0,0) size 51x19
            text run at (0,0) width 51: "baseline"
        LayoutBlockFlow {DIV} at (0,20) size 51x20
          LayoutText {#text} at (0,0) size 39x19
            text run at (0,0) width 39: "below"
      LayoutText {#text} at (122,5) size 59x19
        text run at (122,5) width 59: " after text"
    LayoutBlockFlow {DIV} at (0,374) size 800x45
      LayoutText {#text} at (0,25) size 71x19
        text run at (0,25) width 71: "before text "
      LayoutFlexibleBox {DIV} at (71,5) size 51x40 [bgcolor=#D3D3D3]
        LayoutBlockFlow {DIV} at (0,20) size 51x20
          LayoutText {#text} at (0,0) size 51x19
            text run at (0,0) width 51: "baseline"
        LayoutBlockFlow {DIV} at (0,0) size 51x20
          LayoutText {#text} at (0,0) size 38x19
            text run at (0,0) width 38: "above"
      LayoutText {#text} at (122,25) size 59x19
        text run at (122,25) width 59: " after text"
    LayoutBlockFlow {DIV} at (0,419) size 800x45
      LayoutText {#text} at (0,10) size 183x19
        text run at (0,10) width 183: "should align with the middle "
      LayoutFlexibleBox {DIV} at (183,5) size 40x40 [bgcolor=#D3D3D3]
        LayoutBlockFlow {DIV} at (0,0) size 40x20.50 [border: none (1px solid #000000) none]
        LayoutBlockFlow {DIV} at (0,20.50) size 40x19.50
      LayoutText {#text} at (223,10) size 124x19
        text run at (223,10) width 124: " of the grey flexbox"
    LayoutBlockFlow {DIV} at (0,464) size 800x40
      LayoutText {#text} at (0,20) size 184x19
        text run at (0,20) width 184: "should align with the bottom "
      LayoutFlexibleBox {DIV} at (184,5) size 30x30 [bgcolor=#D3D3D3]
      LayoutText {#text} at (214,20) size 124x19
        text run at (214,20) width 124: " of the grey flexbox"
layer at (400,0) size 360x424
  LayoutBlockFlow (positioned) {DIV} at (400,0) size 360x424
    LayoutBlockFlow {DIV} at (0,0) size 360x55
      LayoutText {#text} at (0,35) size 71x19
        text run at (0,35) width 71: "before text "
      LayoutFlexibleBox {DIV} at (71,5) size 51x50 [bgcolor=#D3D3D3]
        LayoutBlockFlow {DIV} at (0,30) size 51x20
          LayoutText {#text} at (0,0) size 51x19
            text run at (0,0) width 51: "baseline"
      LayoutText {#text} at (122,35) size 59x19
        text run at (122,35) width 59: " after text"
    LayoutBlockFlow {DIV} at (0,55) size 360x45
      LayoutText {#text} at (0,5) size 71x19
        text run at (0,5) width 71: "before text "
      LayoutFlexibleBox {DIV} at (71,5) size 90x40 [bgcolor=#D3D3D3]
        LayoutBlockFlow {DIV} at (0,0) size 51x40
          LayoutText {#text} at (0,0) size 51x19
            text run at (0,0) width 51: "baseline"
        LayoutBlockFlow {DIV} at (51,20) size 39x20
          LayoutText {#text} at (0,0) size 39x19
            text run at (0,0) width 39: "below"
      LayoutText {#text} at (161,5) size 59x19
        text run at (161,5) width 59: " after text"
    LayoutBlockFlow {DIV} at (0,100) size 360x45
      LayoutText {#text} at (0,15) size 71x19
        text run at (0,15) width 71: "before text "
      LayoutBlockFlow {DIV} at (71,0) size 159x45
        LayoutFlexibleBox {DIV} at (0,5) size 127x40 [bgcolor=#D3D3D3]
          LayoutBlockFlow {DIV} at (0,0) size 38x40
            LayoutText {#text} at (0,0) size 38x19
              text run at (0,0) width 38: "above"
          LayoutBlockFlow {DIV} at (38,10) size 51x20
            LayoutText {#text} at (0,0) size 51x19
              text run at (0,0) width 51: "baseline"
          LayoutBlockFlow {DIV} at (89,0) size 38x40
            LayoutText {#text} at (0,0) size 38x19
              text run at (0,0) width 38: "above"
        LayoutText {#text} at (127,15) size 32x19
          text run at (127,15) width 32: " after"
      LayoutText {#text} at (230,15) size 27x19
        text run at (230,15) width 27: " text"
    LayoutBlockFlow {DIV} at (0,145) size 360x40
      LayoutText {#text} at (0,10) size 71x19
        text run at (0,10) width 71: "before text "
      LayoutBlockFlow {DIV} at (71,0) size 51x40
        LayoutFlexibleBox {DIV} at (0,10) size 51x30 [bgcolor=#808080]
          LayoutBlockFlow (anonymous) at (0,0) size 51x30
            LayoutText {#text} at (0,0) size 51x19
              text run at (0,0) width 51: "baseline"
      LayoutText {#text} at (122,10) size 59x19
        text run at (122,10) width 59: " after text"
    LayoutTable {TABLE} at (0,190) size 239x76 [bgcolor=#D3D3D3]
      LayoutTableSection {TBODY} at (0,0) size 239x76
        LayoutTableRow {TR} at (0,2) size 239x72
          LayoutTableCell {TD} at (2,52) size 46x22 [r=0 c=0 rs=1 cs=1]
            LayoutText {#text} at (1,1) size 44x19
              text run at (1,1) width 44: "bottom"
          LayoutTableCell {TD} at (50,32) size 53x22 [r=0 c=1 rs=1 cs=1]
            LayoutText {#text} at (1,1) size 51x19
              text run at (1,1) width 51: "baseline"
          LayoutTableCell {TD} at (105,2) size 22x22 [r=0 c=2 rs=1 cs=1]
            LayoutText {#text} at (1,1) size 20x19
              text run at (1,1) width 20: "top"
          LayoutTableCell {TD} at (129,22) size 53x52 [r=0 c=3 rs=1 cs=1]
            LayoutFlexibleBox {DIV} at (1,11) size 51x40 [bgcolor=#808080]
              LayoutBlockFlow {DIV} at (0,0) size 51x20
                LayoutText {#text} at (0,0) size 51x19
                  text run at (0,0) width 51: "baseline"
              LayoutBlockFlow {DIV} at (0,20) size 51x20
                LayoutText {#text} at (0,0) size 39x19
                  text run at (0,0) width 39: "below"
          LayoutTableCell {TD} at (184,2) size 53x52 [r=0 c=4 rs=1 cs=1]
            LayoutFlexibleBox {DIV} at (1,11) size 51x40 [bgcolor=#808080]
              LayoutBlockFlow {DIV} at (0,20) size 51x20
                LayoutText {#text} at (0,0) size 51x19
                  text run at (0,0) width 51: "baseline"
              LayoutBlockFlow {DIV} at (0,0) size 51x20
                LayoutText {#text} at (0,0) size 38x19
                  text run at (0,0) width 38: "above"
    LayoutTable {TABLE} at (0,271) size 285x83 [bgcolor=#D3D3D3]
      LayoutTableSection {TBODY} at (0,0) size 285x83
        LayoutTableRow {TR} at (0,2) size 285x79
          LayoutTableCell {TD} at (2,59) size 46x22 [r=0 c=0 rs=1 cs=1]
            LayoutText {#text} at (1,1) size 44x19
              text run at (1,1) width 44: "bottom"
          LayoutTableCell {TD} at (50,37) size 53x22 [r=0 c=1 rs=1 cs=1]
            LayoutText {#text} at (1,1) size 51x19
              text run at (1,1) width 51: "baseline"
          LayoutTableCell {TD} at (105,2) size 22x22 [r=0 c=2 rs=1 cs=1]
            LayoutText {#text} at (1,1) size 20x19
              text run at (1,1) width 20: "top"
          LayoutTableCell {TD} at (129,2) size 154x78.81 [r=0 c=3 rs=1 cs=1]
            LayoutFlexibleBox {DIV} at (1,11) size 152x66.81 [bgcolor=#808080]
              LayoutBlockFlow {H2} at (0,19.91) size 114x27
                LayoutText {#text} at (0,0) size 114x26
                  text run at (0,0) width 114: "h2 baseline"
              LayoutBlockFlow {DIV} at (114,0) size 38x66.81
                LayoutText {#text} at (0,0) size 38x19
                  text run at (0,0) width 38: "above"
    LayoutBlockFlow {DIV} at (0,354) size 360x70
      LayoutText {#text} at (0,20) size 71x19
        text run at (0,20) width 71: "before text "
      LayoutFlexibleBox {DIV} at (71,5) size 174x65 [bgcolor=#D3D3D3]
      LayoutText {#text} at (245,20) size 59x19
        text run at (245,20) width 59: " after text"
layer at (471,359) size 174x65 clip at (471,359) size 159x65 scrollY 10.00 scrollHeight 75
  LayoutBlockFlow {DIV} at (0,0) size 174x65
    LayoutText {#text} at (0,15) size 154x19
      text run at (0,15) width 154: "The baseline is based on"
    LayoutBR {BR} at (154,15) size 0x19
    LayoutText {#text} at (0,35) size 159x19
      text run at (0,35) width 159: "the non-scrolled position;"
    LayoutBR {BR} at (159,35) size 0x19
    LayoutText {#text} at (0,55) size 112x19
      text run at (0,55) width 112: "this won't line up."
layer at (471,5) size 52x20
  LayoutBlockFlow (positioned) {DIV} at (71,5) size 52x20
    LayoutText {#text} at (0,0) size 52x19
      text run at (0,0) width 52: "absolute"
