layer at (0,0) size 800x600
  LayoutView at (0,0) size 800x600
layer at (0,0) size 800x600
  LayoutBlockFlow {HTML} at (0,0) size 800x600
    LayoutBlockFlow {BODY} at (8,8) size 784x560
      LayoutBlockFlow (anonymous) at (0,0) size 784x74
        LayoutText {#text} at (0,0) size 768x73
          text run at (0,0) width 592: "These two lines should both be Verdana. "
          text run at (592,0) width 176: "They should"
          text run at (0,37) width 172: "be identical."
      LayoutBlockFlow {P} at (0,106) size 784x74
        LayoutText {#text} at (0,0) size 768x73
          text run at (0,0) width 592: "These two lines should both be Verdana. "
          text run at (592,0) width 176: "They should"
          text run at (0,37) width 172: "be identical."
