layer at (0,0) size 800x600
  LayoutView at (0,0) size 800x600
layer at (0,0) size 800x284
  LayoutBlockFlow {HTML} at (0,0) size 800x283.88
    LayoutBlockFlow {BODY} at (8,21.44) size 784x246.44
      LayoutBlockFlow {H1} at (0,0) size 784x37
        LayoutText {#text} at (0,0) size 420x36
          text run at (0,0) width 420: "Shorthand border properties 2"
      LayoutBlockFlow {P} at (0,58.44) size 784x20
        LayoutText {#text} at (0,0) size 500x19
          text run at (0,0) width 402: "This test was written to test a point I mentioned to Tantek \x{C7}elik "
          text run at (402,0) width 98: "on 2000-07-13."
      LayoutBlockFlow {P} at (0,94.44) size 784x26 [color=#008000] [border: (3px solid #008000)]
        LayoutText {#text} at (3,3) size 273x19
          text run at (3,3) width 273: "This paragraph should have a green border."
      LayoutBlockFlow {P} at (0,136.44) size 784x26 [color=#008000] [border: (3px solid #008000)]
        LayoutText {#text} at (3,3) size 273x19
          text run at (3,3) width 273: "This paragraph should have a green border."
      LayoutBlockFlow {P} at (0,178.44) size 784x26 [color=#008000] [border: (3px solid #008000)]
        LayoutText {#text} at (3,3) size 273x19
          text run at (3,3) width 273: "This paragraph should have a green border."
      LayoutBlockFlow {P} at (0,220.44) size 784x26 [color=#008000] [border: (3px solid #008000)]
        LayoutText {#text} at (3,3) size 273x19
          text run at (3,3) width 273: "This paragraph should have a green border."
