layer at (0,0) size 800x600
  LayoutView at (0,0) size 800x600
layer at (0,0) size 800x187
  LayoutBlockFlow {HTML} at (0,0) size 800x186.88
    LayoutBlockFlow {BODY} at (8,21.44) size 784x149.44
      LayoutBlockFlow {H1} at (0,0) size 784x37
        LayoutText {#text} at (0,0) size 570x36
          text run at (0,0) width 570: "The background image should not repeat."
      LayoutBlockFlow {DIV} at (0,58.44) size 784x91
        LayoutBlockFlow {UL} at (0,0) size 784x91
          LayoutListItem {LI} at (40,0) size 744x91 [border: (1px solid #FF0000)]
            LayoutBlockFlow {SPAN} at (1,1) size 304x89 [border: (2px solid #008000)]
              LayoutListMarker (anonymous) at (-19,2) size 7x19: bullet
              LayoutText {#text} at (2,2) size 4x19
                text run at (2,2) width 4: " "
