layer at (0,0) size 800x600 clip at (0,0) size 785x600 scrollHeight 864
  LayoutView at (0,0) size 800x600
layer at (0,0) size 785x864 backgroundClip at (0,0) size 785x600 clip at (0,0) size 785x600
  LayoutBlockFlow {HTML} at (0,0) size 785x864
    LayoutBlockFlow {BODY} at (8,8) size 769x576
      LayoutBlockFlow {P} at (0,0) size 769x40
        LayoutText {#text} at (0,0) size 767x39
          text run at (0,0) width 767: "The two squares below should not match each other. On the left an uncorrected image is tiled as a background, and on the"
          text run at (0,20) width 480: "right the same image is tiled as a background, but it is corrected from sRGB."
      LayoutBlockFlow (floating) {DIV} at (0,56) size 400x400
      LayoutBlockFlow (floating) {DIV} at (0,456) size 400x400
