layer at (0,0) size 800x600
  LayoutView at (0,0) size 800x600
layer at (0,0) size 800x600
  LayoutBlockFlow {HTML} at (0,0) size 800x600
    LayoutBlockFlow {BODY} at (8,8) size 784x584
      LayoutBlockFlow {P} at (0,0) size 784x20
        LayoutText {#text} at (0,0) size 52x19
          text run at (0,0) width 52: "Test for "
        LayoutInline {I} at (0,0) size 682x19
          LayoutInline {A} at (0,0) size 347x19 [color=#0000EE]
            LayoutText {#text} at (52,0) size 347x19
              text run at (52,0) width 347: "http://bugzilla.opendarwin.org/show_bug.cgi?id=4227"
          LayoutText {#text} at (399,0) size 335x19
            text run at (399,0) width 4: " "
            text run at (403,0) width 331: "The ex unit doesn't work for font-variant: small-caps"
        LayoutText {#text} at (734,0) size 4x19
          text run at (734,0) width 4: "."
      LayoutBlockFlow {P} at (0,36) size 784x20
        LayoutText {#text} at (0,0) size 244x19
          text run at (0,0) width 244: "There should be a green square below:"
      LayoutBlockFlow {DIV} at (0,72) size 146.88x146.88 [bgcolor=#008000]
