layer at (0,0) size 800x600
  LayoutView at (0,0) size 800x600
layer at (0,0) size 800x600
  LayoutBlockFlow {HTML} at (0,0) size 800x600
    LayoutBlockFlow {BODY} at (8,8) size 784x584
      LayoutBlockFlow {P} at (0,0) size 784x20
        LayoutText {#text} at (0,0) size 52x19
          text run at (0,0) width 52: "Test for "
        LayoutInline {I} at (0,0) size 727x19
          LayoutInline {A} at (0,0) size 349x19 [color=#0000EE]
            LayoutText {#text} at (51,0) size 349x19
              text run at (51,0) width 349: "http://bugzilla.opendarwin.org/show_bug.cgi?id=9124"
          LayoutText {#text} at (399,0) size 379x19
            text run at (399,0) width 5: " "
            text run at (403,0) width 375: "Drop shadow obscures \"add more stuff\" bubble at live.com"
        LayoutText {#text} at (777,0) size 5x19
          text run at (777,0) width 5: "."
layer at (8,44) size 784x2 clip at (0,0) size 0x0
  LayoutBlockFlow {HR} at (0,36) size 784x2 [border: (1px inset #EEEEEE)]
layer at (8,54) size 784x0
  LayoutBlockFlow (relative positioned) {DIV} at (0,46) size 784x0
layer at (8,54) size 100x100
  LayoutBlockFlow (positioned) {DIV} at (0,0) size 100x100 [bgcolor=#FF0000]
layer at (8,54) size 100x100
  LayoutBlockFlow (positioned) {DIV} at (0,0) size 100x100 [bgcolor=#008000]
layer at (8,54) size 100x0
  LayoutBlockFlow (relative positioned) {DIV} at (0,0) size 100x0
