layer at (0,0) size 800x600
  LayoutView at (0,0) size 800x600
layer at (0,0) size 800x600
  LayoutBlockFlow {HTML} at (0,0) size 800x600
    LayoutBlockFlow {BODY} at (8,8) size 784x584
      LayoutBlockFlow {H3} at (0,0) size 784x23
        LayoutText {#text} at (0,0) size 581x22
          text run at (0,0) width 581: "Test case for First-line text-decoration style inherited from Parent Block"
      LayoutBlockFlow {P} at (0,41.72) size 784x20
        LayoutText {#text} at (0,0) size 453x19
          text run at (0,0) width 453: "The First line text and its text-decoration must be of the same color."
      LayoutBlockFlow {DIV} at (0,77.72) size 784x104 [color=#FF0000]
        LayoutBlockFlow {P} at (0,0) size 784x68 [color=#008000]
          LayoutText {#text} at (0,10) size 616x27
            text run at (0,10) width 616: "Underline Underline Underline Underline"
          LayoutBR {BR} at (616,31) size 0x0
          LayoutText {#text} at (0,48) size 284x19
            text run at (0,48) width 284: "Underline Underline Underline Underline"
          LayoutBR {BR} at (284,63) size 0x0
        LayoutBlockFlow (anonymous) at (0,84) size 784x20
          LayoutText {#text} at (0,0) size 264x19
            text run at (0,0) width 264: "Underline Underline Underline Underline"
      LayoutBlockFlow (anonymous) at (0,181.72) size 784x20
        LayoutBR {BR} at (0,0) size 0x19
      LayoutBlockFlow {DIV} at (0,217.72) size 784x104 [color=#FF0000]
        LayoutBlockFlow {P} at (0,0) size 784x68 [color=#008000]
          LayoutText {#text} at (0,10) size 548x27
            text run at (0,10) width 548: "Overline Overline Overline Overline"
          LayoutBR {BR} at (548,31) size 0x0
          LayoutText {#text} at (0,48) size 244x19
            text run at (0,48) width 244: "Overline Overline Overline Overline"
          LayoutBR {BR} at (244,63) size 0x0
        LayoutBlockFlow (anonymous) at (0,84) size 784x20
          LayoutText {#text} at (0,0) size 232x19
            text run at (0,0) width 232: "Overline Overline Overline Overline"
      LayoutBlockFlow (anonymous) at (0,321.72) size 784x20
        LayoutBR {BR} at (0,0) size 0x19
      LayoutBlockFlow {DIV} at (0,357.72) size 784x104 [color=#FF0000]
        LayoutBlockFlow {P} at (0,0) size 784x68 [color=#008000]
          LayoutText {#text} at (0,10) size 712x27
            text run at (0,10) width 712: "Line-Through Line-Through Line-Through Line "
          LayoutBR {BR} at (712,31) size 0x0
          LayoutText {#text} at (0,48) size 400x19
            text run at (0,48) width 400: "Line-Through Line-Through Line-Through Line-Through"
          LayoutBR {BR} at (400,63) size 0x0
        LayoutBlockFlow (anonymous) at (0,84) size 784x20
          LayoutText {#text} at (0,0) size 368x19
            text run at (0,0) width 368: "Line-Through Line-Through Line-Through Line-Through"
      LayoutBlockFlow (anonymous) at (0,461.72) size 784x20
        LayoutBR {BR} at (0,0) size 0x19
