layer at (0,0) size 800x600
  LayoutView at (0,0) size 800x600
layer at (0,0) size 800x600
  LayoutBlockFlow {HTML} at (0,0) size 800x600
    LayoutBlockFlow {BODY} at (8,8) size 784x576
      LayoutBlockFlow {P} at (0,0) size 784x40
        LayoutText {#text} at (0,0) size 52x19
          text run at (0,0) width 52: "Test for "
        LayoutInline {I} at (0,0) size 724x39
          LayoutInline {A} at (0,0) size 349x19 [color=#0000EE]
            LayoutText {#text} at (51,0) size 349x19
              text run at (51,0) width 349: "http://bugzilla.opendarwin.org/show_bug.cgi?id=3560"
          LayoutText {#text} at (399,0) size 724x39
            text run at (399,0) width 325: " page with use of first-letter crashes reproducibly in"
            text run at (0,20) width 186: "LayoutObject::renderArena()"
        LayoutText {#text} at (185,20) size 5x19
          text run at (185,20) width 5: "."
      LayoutBlockFlow {P} at (0,56) size 784x20
        LayoutText {#text} at (0,0) size 231x19
          text run at (0,0) width 231: "The next three lines should all read \x{201C}"
        LayoutInline {SPAN} at (0,0) size 9x19 [color=#0000FF]
          LayoutText {#text} at (231,0) size 9x19
            text run at (231,0) width 9: "P"
        LayoutText {#text} at (240,0) size 208x19
          text run at (240,0) width 208: "ASS\x{201D}, with nothing before the P."
      LayoutBlockFlow {P} at (0,110) size 784x20
        LayoutInline {<pseudo:first-letter>} at (0,0) size 9x19 [color=#0000FF]
          LayoutTextFragment (anonymous) at (0,0) size 9x19
            text run at (0,0) width 9: "P"
        LayoutTextFragment {#text} at (9,0) size 30x19
          text run at (9,0) width 30: "ASS"
      LayoutBlockFlow {P} at (0,146) size 784x20
        LayoutInline {<pseudo:first-letter>} at (0,0) size 9x19 [color=#0000FF]
          LayoutTextFragment (anonymous) at (0,0) size 9x19
            text run at (0,0) width 9: "P"
        LayoutTextFragment {#text} at (9,0) size 30x19
          text run at (9,0) width 30: "ASS"
      LayoutBlockFlow {P} at (0,182) size 784x20
        LayoutInline {<pseudo:first-letter>} at (0,0) size 9x19 [color=#0000FF]
          LayoutTextFragment (anonymous) at (0,0) size 9x19
            text run at (0,0) width 9: "P"
        LayoutTextFragment {#text} at (9,0) size 30x19
          text run at (9,0) width 30: "ASS"
layer at (8,100) size 784x2 clip at (0,0) size 0x0
  LayoutBlockFlow {HR} at (0,92) size 784x2 [border: (1px inset #EEEEEE)]
