layer at (0,0) size 800x600
  LayoutView at (0,0) size 800x600
layer at (0,0) size 800x600
  LayoutBlockFlow {HTML} at (0,0) size 800x600
    LayoutBlockFlow {BODY} at (8,8) size 784x584
      LayoutBlockFlow {P} at (0,0) size 784x40
        LayoutText {#text} at (0,0) size 781x39
          text run at (0,0) width 781: "Assuming the port-specific theme draws focus rings, this test can be used to ensure that a focus ring is drawn with an outline"
          text run at (0,20) width 96: "offset of 10 px."
      LayoutBlockFlow (anonymous) at (0,56) size 784x20
        LayoutText {#text} at (0,0) size 110x19
          text run at (0,0) width 110: "(Some filler text) "
        LayoutInline {A} at (0,0) size 26x19 [color=#0000EE]
          LayoutText {#text} at (110,0) size 26x19
            text run at (110,0) width 26: "Test"
        LayoutText {#text} at (0,0) size 0x0
