layer at (0,0) size 800x600
  LayoutView at (0,0) size 800x600
layer at (0,0) size 800x600
  LayoutBlockFlow {HTML} at (0,0) size 800x600
    LayoutBlockFlow {BODY} at (8,8) size 784x584
      LayoutBlockFlow {P} at (0,0) size 784x20
        LayoutText {#text} at (0,0) size 768x19
          text run at (0,0) width 768: "The following two lines should look differently. The first line is synthetic bold of normal face, the second line is bold face."
      LayoutBlockFlow {DIV} at (0,36) size 784x23
        LayoutInline {SPAN} at (0,0) size 369x22
          LayoutText {#text} at (0,0) size 369x22
            text run at (0,0) width 369: "The quick brown fox jumps over the lazy dog"
      LayoutBlockFlow {DIV} at (0,59) size 784x24
        LayoutInline {SPAN} at (0,0) size 388x23
          LayoutText {#text} at (0,0) size 388x23
            text run at (0,0) width 388: "The quick brown fox jumps over the lazy dog"
      LayoutBlockFlow {P} at (0,99) size 784x20
        LayoutText {#text} at (0,0) size 772x19
          text run at (0,0) width 772: "The following two lines should look differently. The first line is synthetic italic of normal face, the second line is italic face."
      LayoutBlockFlow {DIV} at (0,135) size 784x23
        LayoutInline {SPAN} at (0,0) size 369x22
          LayoutText {#text} at (0,0) size 369x22
            text run at (0,0) width 369: "The quick brown fox jumps over the lazy dog"
      LayoutBlockFlow {DIV} at (0,158) size 784x23
        LayoutInline {SPAN} at (0,0) size 361x22
          LayoutText {#text} at (0,0) size 361x22
            text run at (0,0) width 361: "The quick brown fox jumps over the lazy dog"
