layer at (0,0) size 800x600
  LayoutView at (0,0) size 800x600
layer at (0,0) size 800x600
  LayoutBlockFlow {HTML} at (0,0) size 800x600
    LayoutBlockFlow {BODY} at (8,8) size 784x584
      LayoutBlockFlow {P} at (0,0) size 784x40
        LayoutText {#text} at (0,0) size 52x19
          text run at (0,0) width 52: "Test for "
        LayoutInline {I} at (0,0) size 743x39
          LayoutInline {A} at (0,0) size 308x19 [color=#0000EE]
            LayoutText {#text} at (51,0) size 308x19
              text run at (51,0) width 308: "https://bugs.webkit.org/show_bug.cgi?id=34147"
          LayoutText {#text} at (358,0) size 743x39
            text run at (358,0) width 385: " If @font-face does not provide an explicit italic/bold variant,"
            text run at (0,20) width 94: "regular is used"
        LayoutText {#text} at (93,20) size 5x19
          text run at (93,20) width 5: "."
      LayoutBlockFlow {P} at (0,56) size 784x40
        LayoutText {#text} at (0,0) size 327x19
          text run at (0,0) width 327: "Checks if WebKit font matching algorithm matches "
        LayoutInline {A} at (0,0) size 167x19 [color=#0000EE]
          LayoutText {#text} at (326,0) size 167x19
            text run at (326,0) width 167: "the latest CSS3 Fonts WD"
        LayoutText {#text} at (492,0) size 781x39
          text run at (492,0) width 289: ". If the test passes, all 14 glyphs below should"
          text run at (0,20) width 108: "be black squares:"
      LayoutBlockFlow (anonymous) at (0,112) size 784x20
        LayoutInline {SPAN} at (0,0) size 16x16
          LayoutText {#text} at (0,2) size 16x16
            text run at (0,2) width 16: "A"
        LayoutText {#text} at (16,0) size 4x19
          text run at (16,0) width 4: " "
        LayoutInline {SPAN} at (0,0) size 16x16
          LayoutText {#text} at (20,2) size 16x16
            text run at (20,2) width 16: "A"
        LayoutText {#text} at (36,0) size 4x19
          text run at (36,0) width 4: " "
        LayoutInline {SPAN} at (0,0) size 16x16
          LayoutText {#text} at (40,2) size 16x16
            text run at (40,2) width 16: "A"
        LayoutText {#text} at (56,0) size 4x19
          text run at (56,0) width 4: " "
        LayoutInline {SPAN} at (0,0) size 16x16
          LayoutText {#text} at (60,2) size 16x16
            text run at (60,2) width 16: "A"
        LayoutText {#text} at (76,0) size 4x19
          text run at (76,0) width 4: " "
        LayoutInline {SPAN} at (0,0) size 16x16
          LayoutText {#text} at (80,2) size 16x16
            text run at (80,2) width 16: "A"
        LayoutText {#text} at (96,0) size 4x19
          text run at (96,0) width 4: " "
        LayoutInline {SPAN} at (0,0) size 16x16
          LayoutText {#text} at (100,2) size 16x16
            text run at (100,2) width 16: "A"
        LayoutText {#text} at (116,0) size 4x19
          text run at (116,0) width 4: " "
        LayoutInline {SPAN} at (0,0) size 16x16
          LayoutText {#text} at (120,2) size 16x16
            text run at (120,2) width 16: "A"
        LayoutText {#text} at (136,0) size 4x19
          text run at (136,0) width 4: " "
        LayoutInline {SPAN} at (0,0) size 16x16
          LayoutText {#text} at (140,2) size 16x16
            text run at (140,2) width 16: "A"
        LayoutText {#text} at (156,0) size 4x19
          text run at (156,0) width 4: " "
        LayoutInline {SPAN} at (0,0) size 16x16
          LayoutText {#text} at (160,2) size 16x16
            text run at (160,2) width 16: "A"
        LayoutText {#text} at (176,0) size 4x19
          text run at (176,0) width 4: " "
        LayoutInline {SPAN} at (0,0) size 16x16
          LayoutText {#text} at (180,2) size 16x16
            text run at (180,2) width 16: "A"
        LayoutText {#text} at (196,0) size 4x19
          text run at (196,0) width 4: " "
        LayoutInline {SPAN} at (0,0) size 16x16
          LayoutText {#text} at (200,2) size 16x16
            text run at (200,2) width 16: "A"
        LayoutText {#text} at (216,0) size 4x19
          text run at (216,0) width 4: " "
        LayoutInline {SPAN} at (0,0) size 16x16
          LayoutText {#text} at (220,2) size 16x16
            text run at (220,2) width 16: "A"
        LayoutText {#text} at (236,0) size 4x19
          text run at (236,0) width 4: " "
        LayoutInline {SPAN} at (0,0) size 16x16
          LayoutText {#text} at (240,2) size 16x16
            text run at (240,2) width 16: "A"
        LayoutText {#text} at (256,0) size 4x19
          text run at (256,0) width 4: " "
        LayoutInline {SPAN} at (0,0) size 16x16
          LayoutText {#text} at (260,2) size 16x16
            text run at (260,2) width 16: "A"
        LayoutText {#text} at (0,0) size 0x0
