layer at (0,0) size 800x600
  LayoutView at (0,0) size 800x600
layer at (0,0) size 800x600
  LayoutBlockFlow {HTML} at (0,0) size 800x600
    LayoutBlockFlow {BODY} at (8,8) size 784x576
      LayoutBlockFlow {P} at (0,0) size 784x40
        LayoutText {#text} at (0,0) size 51x19
          text run at (0,0) width 51: "Test for "
        LayoutInline {I} at (0,0) size 743x39
          LayoutInline {A} at (0,0) size 307x19 [color=#0000EE]
            LayoutText {#text} at (51,0) size 307x19
              text run at (51,0) width 307: "https://bugs.webkit.org/show_bug.cgi?id=34147"
          LayoutText {#text} at (358,0) size 743x39
            text run at (358,0) width 385: " If @font-face does not provide an explicit italic/bold variant,"
            text run at (0,20) width 94: "regular is used"
        LayoutText {#text} at (94,20) size 4x19
          text run at (94,20) width 4: "."
      LayoutBlockFlow {P} at (0,56) size 784x20
        LayoutText {#text} at (0,0) size 91x19
          text run at (0,0) width 91: "Ahem regular:"
      LayoutBlockFlow {P} at (0,92) size 784x16
        LayoutText {#text} at (0,0) size 192x16
          text run at (0,0) width 192: "Ahem regular"
      LayoutBlockFlow {P} at (0,124) size 784x20
        LayoutText {#text} at (0,0) size 135x19
          text run at (0,0) width 135: "Ahem synthetic bold:"
      LayoutBlockFlow (anonymous) at (0,160) size 784x0
        LayoutInline {STRONG} at (0,0) size 0x0
      LayoutBlockFlow (anonymous) at (0,160) size 784x16
        LayoutBlockFlow {P} at (0,0) size 784x16
          LayoutText {#text} at (0,0) size 304x16
            text run at (0,0) width 304: "Ahem synthetic bold"
      LayoutBlockFlow (anonymous) at (0,192) size 784x0
        LayoutInline {STRONG} at (0,0) size 0x0
        LayoutText {#text} at (0,0) size 0x0
      LayoutBlockFlow {P} at (0,192) size 784x20
        LayoutText {#text} at (0,0) size 137x19
          text run at (0,0) width 137: "Ahem synthetic italic:"
      LayoutBlockFlow (anonymous) at (0,228) size 784x0
        LayoutInline {I} at (0,0) size 0x0
      LayoutBlockFlow (anonymous) at (0,228) size 784x16
        LayoutBlockFlow {P} at (0,0) size 784x16
          LayoutText {#text} at (0,0) size 336x16
            text run at (0,0) width 336: "Ahem synthetic italic"
      LayoutBlockFlow (anonymous) at (0,260) size 784x0
        LayoutInline {I} at (0,0) size 0x0
        LayoutText {#text} at (0,0) size 0x0
      LayoutBlockFlow {P} at (0,260) size 784x20
        LayoutText {#text} at (0,0) size 169x19
          text run at (0,0) width 169: "Ahem synthetic bold italic:"
      LayoutBlockFlow (anonymous) at (0,296) size 784x0
        LayoutInline {STRONG} at (0,0) size 0x0
          LayoutInline {I} at (0,0) size 0x0
      LayoutBlockFlow (anonymous) at (0,296) size 784x16
        LayoutBlockFlow {P} at (0,0) size 784x16
          LayoutText {#text} at (0,0) size 416x16
            text run at (0,0) width 416: "Ahem synthetic bold italic"
      LayoutBlockFlow (anonymous) at (0,328) size 784x0
        LayoutInline {STRONG} at (0,0) size 0x0
          LayoutInline {I} at (0,0) size 0x0
        LayoutText {#text} at (0,0) size 0x0
