layer at (0,0) size 800x600
  LayoutView at (0,0) size 800x600
layer at (0,0) size 800x600
  LayoutBlockFlow {HTML} at (0,0) size 800x600
    LayoutBlockFlow {BODY} at (8,8) size 784x576
      LayoutBlockFlow {DIV} at (0,0) size 784x20
        LayoutInline {SPAN} at (0,0) size 225x19 [color=#FF0000]
          LayoutText {#text} at (0,0) size 225x19
            text run at (0,0) width 225: "This should turn red when hovered."
        LayoutText {#text} at (0,0) size 0x0
      LayoutBlockFlow {P} at (0,46) size 784x40
        LayoutText {#text} at (0,0) size 52x19
          text run at (0,0) width 52: "Test for "
        LayoutInline {I} at (0,0) size 778x39
          LayoutInline {A} at (0,0) size 349x19 [color=#0000EE]
            LayoutText {#text} at (51,0) size 349x19
              text run at (51,0) width 349: "http://bugzilla.opendarwin.org/show_bug.cgi?id=7327"
          LayoutText {#text} at (399,0) size 778x39
            text run at (399,0) width 379: " REGRESSION (r12869): :hover subselector does not work"
            text run at (0,20) width 94: "in quirks mode"
        LayoutText {#text} at (94,20) size 98x19
          text run at (94,20) width 98: ". This tests that "
        LayoutInline {CODE} at (0,0) size 97x16
          LayoutText {#text} at (191,23) size 97x16
            text run at (191,23) width 97: "span#t:hover"
        LayoutText {#text} at (287,20) size 171x19
          text run at (287,20) width 171: " matches the hovered span."
layer at (8,36) size 784x2 clip at (0,0) size 0x0
  LayoutBlockFlow {HR} at (0,28) size 784x2 [border: (1px inset #EEEEEE)]
