layer at (0,0) size 800x600
  LayoutView at (0,0) size 800x600
layer at (0,0) size 800x600
  LayoutBlockFlow {HTML} at (0,0) size 800x600
    LayoutBlockFlow {BODY} at (8,8) size 784x584
      LayoutTextControl {INPUT} at (0,0) size 456x81 [bgcolor=#FFFFFF] [border: (2px inset #EEEEEE)]
        LayoutFlexibleBox {DIV} at (3,3) size 450x46
          LayoutBlockFlow {DIV} at (0,0) size 425x46
      LayoutBR {BR} at (456,39) size 0x0
      LayoutTextControl {INPUT} at (0,81) size 454x81 [bgcolor=#FFFFFF] [border: (2px inset #EEEEEE)]
      LayoutBR {BR} at (454,120) size 0x0
      LayoutTextControl {INPUT} at (0,162) size 237x25 [bgcolor=#FFFFFF] [border: (2px inset #EEEEEE)]
        LayoutFlexibleBox {DIV} at (6,0.50) size 225x24
          LayoutBlockFlow {DIV} at (0,0) size 207x24
layer at (11,11) size 425x46
  LayoutBlockFlow {DIV} at (0,0) size 425x46
    LayoutText {#text} at (0,0) size 362x45
      text run at (0,0) width 362: "value jgq not clipped"
layer at (10,92) size 450x46
  LayoutBlockFlow {DIV} at (2,3) size 450x46
    LayoutText {#text} at (0,0) size 362x45
      text run at (0,0) width 362: "value jgq not clipped"
layer at (14,171) size 207x24 backgroundClip at (14,172) size 207x21 clip at (14,172) size 207x21
  LayoutBlockFlow {DIV} at (0,0) size 207x24
    LayoutText {#text} at (0,0) size 118x23
      text run at (0,0) width 118: "Sample Input"
layer at (437,24) size 21x21 transparent
  LayoutBlockFlow {DIV} at (426,12.50) size 21x21
layer at (222,176) size 14x14 transparent
  LayoutBlockFlow {DIV} at (208,5) size 14x14
