layer at (0,0) size 800x600
  LayoutView at (0,0) size 800x600
layer at (0,0) size 800x600
  LayoutBlockFlow {HTML} at (0,0) size 800x600
    LayoutBlockFlow {BODY} at (8,8) size 784x573.28
      LayoutBlockFlow {P} at (0,0) size 784x20
        LayoutText {#text} at (0,0) size 52x19
          text run at (0,0) width 52: "Test for "
        LayoutInline {A} at (0,0) size 299x19 [color=#0000EE]
          LayoutText {#text} at (52,0) size 299x19
            text run at (52,0) width 299: "http://bugs.webkit.org/show_bug.cgi?id=15260"
        LayoutText {#text} at (351,0) size 154x19
          text run at (351,0) width 154: "Any styles defined after "
        LayoutInline {ELEMENT} at (0,0) size 202x19
          LayoutText {#text} at (505,0) size 8x19
            text run at (505,0) width 8: "{"
          LayoutInline {PROPERTY} at (0,0) size 194x19
            LayoutText {#text} at (513,0) size 194x19
              text run at (513,0) width 194: ":%} style are ignored by Safari"
      LayoutBlockFlow {H3} at (0,38.72) size 784x23 [color=#008000]
        LayoutText {#text} at (0,0) size 254x22
          text run at (0,0) width 254: "This text should show in green."
