layer at (0,0) size 800x600
  LayoutView at (0,0) size 800x600
layer at (0,0) size 800x600
  LayoutBlockFlow (relative positioned) {HTML} at (0,0) size 800x600
    LayoutBlockFlow {BODY} at (8,8) size 784x584
      LayoutBlockFlow (anonymous) at (0,0) size 784x20
        LayoutText {#text} at (0,0) size 619x19
          text run at (0,0) width 619: "To reproduce this bug outside of DumpRenderTree, click the link below. If broken, we will crash. "
        LayoutBR {BR} at (619,15) size 0x0
layer at (8,28) size 58x96
  LayoutTable (relative positioned) {TABLE} at (0,20) size 58x96
    LayoutTableSection {TBODY} at (0,0) size 58x96
      LayoutTableRow {TR} at (0,2) size 58x22
        LayoutTableCell {TD} at (2,2) size 54x22 [r=0 c=0 rs=1 cs=1]
          LayoutInline {A} at (0,0) size 24x19 [color=#0000EE]
            LayoutText {#text} at (1,1) size 24x19
              text run at (1,1) width 24: "link"
      LayoutTableRow {TR} at (0,26) size 58x68
        LayoutTableCell {TD} at (2,26) size 54x68 [r=1 c=0 rs=1 cs=1]
layer at (11,55) size 52x66
  LayoutTable (relative positioned) {TABLE} at (1,1) size 52x66
    LayoutTableSection {TBODY} at (0,0) size 52x66
      LayoutTableRow {TR} at (0,2) size 52x62
        LayoutTableCell {TD} at (2,2) size 48x62 [r=0 c=0 rs=1 cs=1]
          LayoutText {#text} at (1,1) size 46x19
            text run at (1,1) width 46: "content"
          LayoutBR {BR} at (47,16) size 0x0
          LayoutText {#text} at (1,21) size 46x19
            text run at (1,21) width 46: "content"
          LayoutBR {BR} at (47,36) size 0x0
          LayoutText {#text} at (1,41) size 46x19
            text run at (1,41) width 46: "content"
          LayoutBR {BR} at (47,56) size 0x0
caret: position 5 of child 0 {#text} of body
