layer at (0,0) size 800x600
  LayoutView at (0,0) size 800x600
layer at (0,0) size 800x204
  LayoutBlockFlow {HTML} at (0,0) size 800x204
    LayoutBlockFlow {BODY} at (8,16) size 784x180
      LayoutBlockFlow {P} at (0,0) size 784x40
        LayoutText {#text} at (0,0) size 751x39
          text run at (0,0) width 751: "The following two phrases should appear identical. The second line of text should overlap both the first line and the red"
          text run at (0,20) width 44: "border."
      LayoutBlockFlow {DIV} at (0,56) size 424x52 [border: (2px solid #FF0000)]
        LayoutBlockFlow {DIV} at (12,12) size 400x38
          LayoutText {#text} at (0,-18) size 400x74
            text run at (0,-18) width 400: "Lorem ipsum dolor"
            text run at (0,1) width 168: "sit amet"
      LayoutBlockFlow (anonymous) at (0,108) size 784x20
        LayoutBR {BR} at (0,0) size 0x19
      LayoutBlockFlow {DIV} at (0,128) size 424x52 [border: (2px solid #FF0000)]
        LayoutBlockFlow {DIV} at (12,12) size 400x38
          LayoutText {#text} at (0,-18) size 400x74
            text run at (0,-18) width 400: "Lorem ipsum dolor"
            text run at (0,1) width 168: "sit amet"
