layer at (0,0) size 800x600
  LayoutView at (0,0) size 800x600
layer at (0,0) size 800x600
  LayoutBlockFlow {HTML} at (0,0) size 800x600
    LayoutBlockFlow {BODY} at (8,8) size 784x582
      LayoutBlockFlow {P} at (0,0) size 784x20
        LayoutText {#text} at (0,0) size 322x19
          text run at (0,0) width 322: "Test :nth-child() when dynamically adding siblings."
      LayoutBlockFlow {P} at (0,36) size 784x20
        LayoutInline {A} at (0,0) size 305x19 [color=#0000EE]
          LayoutText {#text} at (0,0) size 305x19
            text run at (0,0) width 305: "https://bugs.webkit.org/show_bug.cgi?id=26362"
      LayoutBlockFlow {DIV} at (10,72) size 764x232 [border: (1px solid #000000)]
        LayoutBlockFlow {P} at (11,6) size 747x20 [color=#FF0000]
          LayoutText {#text} at (0,0) size 60x19
            text run at (0,0) width 13: "P "
            text run at (13,0) width 47: "red text"
        LayoutBlockFlow {DIV} at (6,26) size 752x20
          LayoutText {#text} at (0,0) size 29x19
            text run at (0,0) width 29: "DIV"
        LayoutBlockFlow {P} at (11,46) size 747x20
          LayoutText {#text} at (0,0) size 9x19
            text run at (0,0) width 9: "P"
        LayoutBlockFlow {DIV} at (6,66) size 752x20 [color=#FF0000] [bgcolor=#9999FF]
          LayoutText {#text} at (0,0) size 131x19
            text run at (0,0) width 33: "DIV "
            text run at (33,0) width 51: "red text "
            text run at (84,0) width 47: "blue bg"
        LayoutBlockFlow {P} at (11,86) size 747x20
          LayoutText {#text} at (0,0) size 9x19
            text run at (0,0) width 9: "P"
        LayoutBlockFlow {DIV} at (6,106) size 752x20
          LayoutText {#text} at (0,0) size 29x19
            text run at (0,0) width 29: "DIV"
        LayoutBlockFlow {P} at (11,126) size 747x20 [color=#FF0000]
          LayoutText {#text} at (0,0) size 60x19
            text run at (0,0) width 13: "P "
            text run at (13,0) width 47: "red text"
        LayoutBlockFlow {DIV} at (6,146) size 752x20
          LayoutText {#text} at (0,0) size 29x19
            text run at (0,0) width 29: "DIV"
        LayoutBlockFlow {P} at (11,166) size 747x20
          LayoutText {#text} at (0,0) size 9x19
            text run at (0,0) width 9: "P"
        LayoutBlockFlow {DIV} at (6,186) size 752x20 [color=#FF0000]
          LayoutText {#text} at (0,0) size 80x19
            text run at (0,0) width 33: "DIV "
            text run at (33,0) width 47: "red text"
        LayoutBlockFlow {P} at (11,206) size 747x20
          LayoutText {#text} at (0,0) size 9x19
            text run at (0,0) width 9: "P"
      LayoutBlockFlow {DIV} at (10,314) size 764x252 [border: (1px solid #000000)]
        LayoutText {#text} at (6,6) size 260x19
          text run at (6,6) width 260: "child 0: PASS: found color rgb(255, 0, 0)"
        LayoutBR {BR} at (266,21) size 0x0
        LayoutText {#text} at (6,26) size 244x19
          text run at (6,26) width 244: "child 1: PASS: found color rgb(0, 0, 0)"
        LayoutBR {BR} at (250,41) size 0x0
        LayoutText {#text} at (6,46) size 244x19
          text run at (6,46) width 244: "child 2: PASS: found color rgb(0, 0, 0)"
        LayoutBR {BR} at (250,61) size 0x0
        LayoutText {#text} at (6,66) size 260x19
          text run at (6,66) width 260: "child 3: PASS: found color rgb(255, 0, 0)"
        LayoutBR {BR} at (266,81) size 0x0
        LayoutText {#text} at (6,86) size 244x19
          text run at (6,86) width 244: "child 4: PASS: found color rgb(0, 0, 0)"
        LayoutBR {BR} at (250,101) size 0x0
        LayoutText {#text} at (6,106) size 244x19
          text run at (6,106) width 244: "child 5: PASS: found color rgb(0, 0, 0)"
        LayoutBR {BR} at (250,121) size 0x0
        LayoutText {#text} at (6,126) size 260x19
          text run at (6,126) width 260: "child 6: PASS: found color rgb(255, 0, 0)"
        LayoutBR {BR} at (266,141) size 0x0
        LayoutText {#text} at (6,146) size 244x19
          text run at (6,146) width 244: "child 7: PASS: found color rgb(0, 0, 0)"
        LayoutBR {BR} at (250,161) size 0x0
        LayoutText {#text} at (6,166) size 244x19
          text run at (6,166) width 244: "child 8: PASS: found color rgb(0, 0, 0)"
        LayoutBR {BR} at (250,181) size 0x0
        LayoutText {#text} at (6,186) size 260x19
          text run at (6,186) width 260: "child 9: PASS: found color rgb(255, 0, 0)"
        LayoutBR {BR} at (266,201) size 0x0
        LayoutText {#text} at (6,206) size 252x19
          text run at (6,206) width 252: "child 10: PASS: found color rgb(0, 0, 0)"
        LayoutBR {BR} at (258,221) size 0x0
        LayoutText {#text} at (6,226) size 281x19
          text run at (6,226) width 281: "div 1: PASS: found color rgb(153, 153, 255)"
        LayoutBR {BR} at (287,241) size 0x0
