layer at (0,0) size 800x600
  LayoutView at (0,0) size 800x600
layer at (0,0) size 800x600
  LayoutBlockFlow {HTML} at (0,0) size 800x600
    LayoutBlockFlow {BODY} at (8,8) size 784x576
      LayoutBlockFlow {P} at (0,0) size 784x40
        LayoutText {#text} at (0,0) size 212x19
          text run at (0,0) width 212 LTR override: "This tests for a regression against "
        LayoutInline {I} at (0,0) size 712x39
          LayoutInline {A} at (0,0) size 348x19 [color=#0000EE]
            LayoutText {#text} at (212,0) size 348x19
              text run at (212,0) width 348 LTR override: "http://bugzilla.opendarwin.org/show_bug.cgi?id=6334"
          LayoutText {#text} at (559,0) size 712x39
            text run at (559,0) width 153 LTR override: " REGRESSION: <input"
            text run at (0,20) width 370 LTR override: "type=\"button\"> text is reversed on \"visual Hebrew\" pages"
        LayoutText {#text} at (369,20) size 5x19
          text run at (369,20) width 5 LTR override: "."
      LayoutBlockFlow {P} at (0,74) size 784x20
        LayoutText {#text} at (0,0) size 295x19
          text run at (0,0) width 295 LTR override: "The text on both buttons should like this: \x{5E8}\x{5D5}\x{5EA}\x{5E4}\x{5DB}"
      LayoutBlockFlow (anonymous) at (0,110) size 784x44
        LayoutButton {BUTTON} at (0,0) size 47x22 [bgcolor=#C0C0C0] [border: (2px outset #C0C0C0)]
          LayoutBlockFlow (anonymous) at (8,3) size 31x16
            LayoutText {#text} at (0,0) size 31x16
              text run at (0,0) width 31 LTR override: "\x{5E8}\x{5D5}\x{5EA}\x{5E4}\x{5DB}"
        LayoutText {#text} at (47,1) size 4x19
          text run at (47,1) width 4 LTR override: " "
        LayoutBR {BR} at (51,16) size 0x0
        LayoutButton {INPUT} at (0,22) size 47x22 [bgcolor=#C0C0C0] [border: (2px outset #C0C0C0)]
          LayoutBlockFlow (anonymous) at (8,3) size 31x16
            LayoutText {#text} at (0,0) size 31x16
              text run at (0,0) width 31 RTL: "\x{5DB}\x{5E4}\x{5EA}\x{5D5}\x{5E8}"
        LayoutText {#text} at (0,0) size 0x0
      LayoutBlockFlow {P} at (0,180) size 784x20
        LayoutText {#text} at (0,0) size 249x19
          text run at (0,0) width 249 LTR override: "The following lines should be identical:"
      LayoutBlockFlow {P} at (0,216) size 784x20
        LayoutText {#text} at (0,0) size 65x19
          text run at (0,0) width 16: "21"
          text run at (16,0) width 49 RTL: "\x{5D4}\x{5DE}\x{5D0}\x{5D4} \x{5D4}-"
      LayoutBlockFlow {P} at (0,252) size 784x20
        LayoutText {#text} at (0,0) size 65x19
          text run at (0,0) width 65 LTR override: "21-\x{5D4} \x{5D4}\x{5D0}\x{5DE}\x{5D4}"
layer at (8,64) size 784x2 clip at (0,0) size 0x0
  LayoutBlockFlow {HR} at (0,56) size 784x2 [border: (1px inset #EEEEEE)]
layer at (8,170) size 784x2 clip at (0,0) size 0x0
  LayoutBlockFlow {HR} at (0,162) size 784x2 [border: (1px inset #EEEEEE)]
