layer at (0,0) size 800x600
  LayoutView at (0,0) size 800x600
layer at (0,0) size 800x408
  LayoutBlockFlow {HTML} at (0,0) size 800x408
    LayoutBlockFlow {BODY} at (8,8) size 784x380
layer at (8,8) size 343x30 clip at (13,13) size 333x20 scrollWidth 744
  LayoutBlockFlow {DIV} at (0,0) size 343x30 [border: (5px solid #008000)]
    LayoutText {#text} at (25,5) size 719x19
      text run at (25,5) width 719: "Lorem ipsum dolor sit amet, consectetur adipiscing elit. Vivamus vitae eros non libero faucibus sagittis sed ut eros."
layer at (8,58) size 343x30 clip at (13,63) size 333x20 scrollX 411.00 scrollWidth 744
  LayoutBlockFlow {DIV} at (0,50) size 343x30 [border: (5px solid #008000)]
    LayoutText {#text} at (-386,5) size 719x19
      text run at (-386,5) width 719 RTL override: "Lorem ipsum dolor sit amet, consectetur adipiscing elit. Vivamus vitae eros non libero faucibus sagittis sed ut eros."
layer at (8,108) size 343x30 clip at (13,113) size 333x20 scrollWidth 749
  LayoutBlockFlow {DIV} at (0,100) size 343x30 [border: (5px solid #008000)]
    LayoutText {#text} at (30,5) size 719x19
      text run at (30,5) width 719: "Lorem ipsum dolor sit amet, consectetur adipiscing elit. Vivamus vitae eros non libero faucibus sagittis sed ut eros."
layer at (8,158) size 343x30 clip at (13,163) size 333x20 scrollX 411.00 scrollWidth 744
  LayoutBlockFlow {DIV} at (0,150) size 343x30 [border: (5px solid #008000)]
    LayoutText {#text} at (-386,5) size 719x19
      text run at (-386,5) width 719 RTL override: "Lorem ipsum dolor sit amet, consectetur adipiscing elit. Vivamus vitae eros non libero faucibus sagittis sed ut eros."
layer at (8,208) size 343x30 clip at (13,213) size 333x20 scrollWidth 747
  LayoutBlockFlow {DIV} at (0,200) size 343x30 [border: (5px solid #008000)]
    LayoutText {#text} at (27,5) size 720x19
      text run at (27,5) width 720: "Lorem ipsum dolor sit amet, consectetur adipiscing elit. Vivamus vitae eros non libero faucibus sagittis sed ut eros."
layer at (8,258) size 343x30 clip at (13,263) size 333x20 scrollX 411.00 scrollWidth 744
  LayoutBlockFlow {DIV} at (0,250) size 343x30 [border: (5px solid #008000)]
    LayoutText {#text} at (-386,5) size 719x19
      text run at (-386,5) width 719 RTL override: "Lorem ipsum dolor sit amet, consectetur adipiscing elit. Vivamus vitae eros non libero faucibus sagittis sed ut eros."
layer at (8,308) size 343x30 clip at (13,313) size 333x20 scrollWidth 744
  LayoutBlockFlow {DIV} at (0,300) size 343x30 [border: (5px solid #008000)]
    LayoutText {#text} at (25,5) size 719x19
      text run at (25,5) width 719: "Lorem ipsum dolor sit amet, consectetur adipiscing elit. Vivamus vitae eros non libero faucibus sagittis sed ut eros."
layer at (8,358) size 343x30 clip at (13,363) size 333x20 scrollX 411.00 scrollWidth 744
  LayoutBlockFlow {DIV} at (0,350) size 343x30 [border: (5px solid #008000)]
    LayoutText {#text} at (-386,5) size 719x19
      text run at (-386,5) width 719 RTL override: "Lorem ipsum dolor sit amet, consectetur adipiscing elit. Vivamus vitae eros non libero faucibus sagittis sed ut eros."
