layer at (0,0) size 800x600
  LayoutView at (0,0) size 800x600
layer at (0,0) size 800x380
  LayoutBlockFlow {HTML} at (0,0) size 800x380
    LayoutBlockFlow {BODY} at (8,16) size 784x348
      LayoutBlockFlow {P} at (0,0) size 784x20
        LayoutText {#text} at (0,0) size 306x19
          text run at (0,0) width 306: "This test is a basic check for using text-overflow."
      LayoutBlockFlow {P} at (0,36) size 784x108
        LayoutText {#text} at (0,0) size 481x19
          text run at (0,0) width 481: "Apply \"text-overflow:clip\" to inputs. The following input should be clipped:"
        LayoutBR {BR} at (481,0) size 0x19
        LayoutTextControl {INPUT} at (0,20) size 154x22 [bgcolor=#FFFFFF] [border: (2px inset #EEEEEE)]
        LayoutText {#text} at (154,21) size 4x19
          text run at (154,21) width 4: " "
        LayoutTextControl {INPUT} at (158,20) size 156x22 [bgcolor=#FFFFFF] [border: (2px inset #EEEEEE)]
          LayoutFlexibleBox {DIV} at (3,3) size 150x16
            LayoutBlockFlow {DIV} at (0,0) size 137x16
        LayoutText {#text} at (314,21) size 4x19
          text run at (314,21) width 4: " "
        LayoutTextControl {INPUT} at (318,20) size 154x22 [bgcolor=#FFFFFF] [border: (2px inset #EEEEEE)]
        LayoutText {#text} at (472,21) size 4x19
          text run at (472,21) width 4: " "
        LayoutTextControl {INPUT} at (476,20) size 156x22 [bgcolor=#FFFFFF] [border: (2px inset #EEEEEE)]
          LayoutFlexibleBox {DIV} at (3,3) size 150x16
            LayoutBlockFlow {DIV} at (0,0) size 137x16
        LayoutText {#text} at (0,0) size 0x0
        LayoutTextControl {INPUT} at (0,42) size 154x22 [bgcolor=#FFFFFF] [border: (2px inset #EEEEEE)]
        LayoutBR {BR} at (154,43) size 0x19
        LayoutTextControl {INPUT} at (0,64) size 154x22 [bgcolor=#FFFFFF] [border: (2px inset #EEEEEE)]
        LayoutText {#text} at (154,65) size 4x19
          text run at (154,65) width 4: " "
        LayoutTextControl {INPUT} at (158,64) size 156x22 [bgcolor=#FFFFFF] [border: (2px inset #EEEEEE)]
          LayoutFlexibleBox {DIV} at (3,3) size 150x16
            LayoutBlockFlow {DIV} at (12,0) size 138x16
        LayoutText {#text} at (314,65) size 4x19
          text run at (314,65) width 4: " "
        LayoutTextControl {INPUT} at (318,64) size 154x22 [bgcolor=#FFFFFF] [border: (2px inset #EEEEEE)]
        LayoutText {#text} at (472,65) size 4x19
          text run at (472,65) width 4: " "
        LayoutTextControl {INPUT} at (476,64) size 156x22 [bgcolor=#FFFFFF] [border: (2px inset #EEEEEE)]
          LayoutFlexibleBox {DIV} at (3,3) size 150x16
            LayoutBlockFlow {DIV} at (12,0) size 138x16
        LayoutText {#text} at (0,0) size 0x0
        LayoutTextControl {INPUT} at (0,86) size 154x22 [bgcolor=#FFFFFF] [border: (2px inset #EEEEEE)]
        LayoutText {#text} at (0,0) size 0x0
      LayoutBlockFlow {P} at (0,160) size 784x108
        LayoutText {#text} at (0,0) size 536x19
          text run at (0,0) width 536: "Apply \"text-overflow:ellipsis\" to inputs. The following input should show an ellipsis:"
        LayoutBR {BR} at (536,0) size 0x19
        LayoutTextControl {INPUT} at (0,20) size 154x22 [bgcolor=#FFFFFF] [border: (2px inset #EEEEEE)]
        LayoutText {#text} at (154,21) size 4x19
          text run at (154,21) width 4: " "
        LayoutTextControl {INPUT} at (158,20) size 156x22 [bgcolor=#FFFFFF] [border: (2px inset #EEEEEE)]
          LayoutFlexibleBox {DIV} at (3,3) size 150x16
            LayoutBlockFlow {DIV} at (0,0) size 137x16
        LayoutText {#text} at (314,21) size 4x19
          text run at (314,21) width 4: " "
        LayoutTextControl {INPUT} at (318,20) size 154x22 [bgcolor=#FFFFFF] [border: (2px inset #EEEEEE)]
        LayoutText {#text} at (472,21) size 4x19
          text run at (472,21) width 4: " "
        LayoutTextControl {INPUT} at (476,20) size 156x22 [bgcolor=#FFFFFF] [border: (2px inset #EEEEEE)]
          LayoutFlexibleBox {DIV} at (3,3) size 150x16
            LayoutBlockFlow {DIV} at (0,0) size 137x16
        LayoutText {#text} at (0,0) size 0x0
        LayoutTextControl {INPUT} at (0,42) size 154x22 [bgcolor=#FFFFFF] [border: (2px inset #EEEEEE)]
        LayoutBR {BR} at (154,43) size 0x19
        LayoutTextControl {INPUT} at (0,64) size 154x22 [bgcolor=#FFFFFF] [border: (2px inset #EEEEEE)]
        LayoutText {#text} at (154,65) size 4x19
          text run at (154,65) width 4: " "
        LayoutTextControl {INPUT} at (158,64) size 156x22 [bgcolor=#FFFFFF] [border: (2px inset #EEEEEE)]
          LayoutFlexibleBox {DIV} at (3,3) size 150x16
            LayoutBlockFlow {DIV} at (12,0) size 138x16
        LayoutText {#text} at (314,65) size 4x19
          text run at (314,65) width 4: " "
        LayoutTextControl {INPUT} at (318,64) size 154x22 [bgcolor=#FFFFFF] [border: (2px inset #EEEEEE)]
        LayoutText {#text} at (472,65) size 4x19
          text run at (472,65) width 4: " "
        LayoutTextControl {INPUT} at (476,64) size 156x22 [bgcolor=#FFFFFF] [border: (2px inset #EEEEEE)]
          LayoutFlexibleBox {DIV} at (3,3) size 150x16
            LayoutBlockFlow {DIV} at (12,0) size 138x16
        LayoutText {#text} at (0,0) size 0x0
        LayoutTextControl {INPUT} at (0,86) size 154x22 [bgcolor=#FFFFFF] [border: (2px inset #EEEEEE)]
        LayoutText {#text} at (0,0) size 0x0
      LayoutBlockFlow {P} at (0,284) size 784x64
        LayoutText {#text} at (0,0) size 233x19
          text run at (0,0) width 233: "Dynamic style change text-overflow:"
        LayoutBR {BR} at (233,0) size 0x19
        LayoutText {#text} at (0,21) size 239x19
          text run at (0,21) width 239: "Clip to ellipsis (should show ellipsis): "
        LayoutTextControl {INPUT} at (239,20) size 154x22 [bgcolor=#FFFFFF] [border: (2px inset #EEEEEE)]
        LayoutText {#text} at (393,21) size 4x19
          text run at (393,21) width 4: " "
        LayoutTextControl {INPUT} at (397,20) size 154x22 [bgcolor=#FFFFFF] [border: (2px inset #EEEEEE)]
        LayoutText {#text} at (551,21) size 4x19
          text run at (551,21) width 4: " "
        LayoutBR {BR} at (0,0) size 0x0
        LayoutText {#text} at (0,43) size 262x19
          text run at (0,43) width 262: "Ellipsis to clip (should not show ellipsis): "
        LayoutTextControl {INPUT} at (262,42) size 154x22 [bgcolor=#FFFFFF] [border: (2px inset #EEEEEE)]
        LayoutText {#text} at (416,43) size 4x19
          text run at (416,43) width 4: " "
        LayoutTextControl {INPUT} at (420,42) size 154x22 [bgcolor=#FFFFFF] [border: (2px inset #EEEEEE)]
        LayoutText {#text} at (574,43) size 4x19
          text run at (574,43) width 4: " "
        LayoutBR {BR} at (0,0) size 0x0
layer at (10,75) size 150x16 scrollWidth 317
  LayoutBlockFlow {DIV} at (2,3) size 150x16 [color=#757575]
    LayoutText {#text} at (0,0) size 317x16
      text run at (0,0) width 317: "Lorem ipsum dolor sit amet, consectetur adipiscing elit"
layer at (10,75) size 150x16
  LayoutBlockFlow {DIV} at (2,3) size 150x16
layer at (169,75) size 137x16 scrollWidth 317
  LayoutBlockFlow {DIV} at (3,3) size 137x16 [color=#757575]
    LayoutText {#text} at (0,0) size 317x16
      text run at (0,0) width 317: "Lorem ipsum dolor sit amet, consectetur adipiscing elit"
layer at (169,75) size 137x16
  LayoutBlockFlow {DIV} at (0,0) size 137x16
layer at (328,75) size 150x16 scrollWidth 318
  LayoutBlockFlow {DIV} at (2,3) size 150x16
    LayoutText {#text} at (0,0) size 317x16
      text run at (0,0) width 317: "Lorem ipsum dolor sit amet, consectetur adipiscing elit"
layer at (487,75) size 137x16 scrollWidth 318
  LayoutBlockFlow {DIV} at (0,0) size 137x16
    LayoutText {#text} at (0,0) size 317x16
      text run at (0,0) width 317: "Lorem ipsum dolor sit amet, consectetur adipiscing elit"
layer at (10,97) size 150x16 scrollWidth 276
  LayoutBlockFlow {DIV} at (2,3) size 150x16
    LayoutText {#text} at (0,0) size 275x16
      text run at (0,0) width 275: "\x{2022}\x{2022}\x{2022}\x{2022}\x{2022}\x{2022}\x{2022}\x{2022}\x{2022}\x{2022}\x{2022}\x{2022}\x{2022}\x{2022}\x{2022}\x{2022}\x{2022}\x{2022}\x{2022}\x{2022}\x{2022}\x{2022}\x{2022}\x{2022}\x{2022}\x{2022}\x{2022}\x{2022}\x{2022}\x{2022}\x{2022}\x{2022}\x{2022}\x{2022}\x{2022}\x{2022}\x{2022}\x{2022}\x{2022}\x{2022}\x{2022}\x{2022}\x{2022}\x{2022}\x{2022}\x{2022}\x{2022}\x{2022}\x{2022}\x{2022}\x{2022}\x{2022}\x{2022}\x{2022}\x{2022}"
layer at (10,119) size 150x16 scrollX 167.00 scrollWidth 317
  LayoutBlockFlow {DIV} at (2,3) size 150x16 [color=#757575]
    LayoutText {#text} at (-167,0) size 317x16
      text run at (-167,0) width 317: "Lorem ipsum dolor sit amet, consectetur adipiscing elit"
layer at (10,119) size 150x16
  LayoutBlockFlow {DIV} at (2,3) size 150x16
layer at (181,119) size 138x16 scrollX 179.00 scrollWidth 317
  LayoutBlockFlow {DIV} at (15,3) size 138x16 [color=#757575]
    LayoutText {#text} at (-179,0) size 317x16
      text run at (-179,0) width 317: "Lorem ipsum dolor sit amet, consectetur adipiscing elit"
layer at (181,119) size 138x16
  LayoutBlockFlow {DIV} at (0,0) size 138x16
layer at (328,119) size 150x16 scrollX 167.00 scrollWidth 317
  LayoutBlockFlow {DIV} at (2,3) size 150x16
    LayoutText {#text} at (-167,0) size 317x16
      text run at (-167,0) width 317: "Lorem ipsum dolor sit amet, consectetur adipiscing elit"
layer at (499,119) size 138x16 scrollX 179.00 scrollWidth 317
  LayoutBlockFlow {DIV} at (0,0) size 138x16
    LayoutText {#text} at (-179,0) size 317x16
      text run at (-179,0) width 317: "Lorem ipsum dolor sit amet, consectetur adipiscing elit"
layer at (10,141) size 150x16 scrollX 125.00 scrollWidth 275
  LayoutBlockFlow {DIV} at (2,3) size 150x16
    LayoutText {#text} at (-125,0) size 275x16
      text run at (-125,0) width 275 RTL: "\x{2022}\x{2022}\x{2022}\x{2022}\x{2022}\x{2022}\x{2022}\x{2022}\x{2022}\x{2022}\x{2022}\x{2022}\x{2022}\x{2022}\x{2022}\x{2022}\x{2022}\x{2022}\x{2022}\x{2022}\x{2022}\x{2022}\x{2022}\x{2022}\x{2022}\x{2022}\x{2022}\x{2022}\x{2022}\x{2022}\x{2022}\x{2022}\x{2022}\x{2022}\x{2022}\x{2022}\x{2022}\x{2022}\x{2022}\x{2022}\x{2022}\x{2022}\x{2022}\x{2022}\x{2022}\x{2022}\x{2022}\x{2022}\x{2022}\x{2022}\x{2022}\x{2022}\x{2022}\x{2022}\x{2022}"
layer at (10,199) size 150x16 scrollWidth 317
  LayoutBlockFlow {DIV} at (2,3) size 150x16 [color=#757575]
    LayoutText {#text} at (0,0) size 317x16
      text run at (0,0) width 317: "Lorem ipsum dolor sit amet, consectetur adipiscing elit"
layer at (10,199) size 150x16
  LayoutBlockFlow {DIV} at (2,3) size 150x16
layer at (169,199) size 137x16 scrollWidth 317
  LayoutBlockFlow {DIV} at (3,3) size 137x16 [color=#757575]
    LayoutText {#text} at (0,0) size 317x16
      text run at (0,0) width 317: "Lorem ipsum dolor sit amet, consectetur adipiscing elit"
layer at (169,199) size 137x16
  LayoutBlockFlow {DIV} at (0,0) size 137x16
layer at (328,199) size 150x16 scrollWidth 318
  LayoutBlockFlow {DIV} at (2,3) size 150x16
    LayoutText {#text} at (0,0) size 317x16
      text run at (0,0) width 317: "Lorem ipsum dolor sit amet, consectetur adipiscing elit"
layer at (487,199) size 137x16 scrollWidth 318
  LayoutBlockFlow {DIV} at (0,0) size 137x16
    LayoutText {#text} at (0,0) size 317x16
      text run at (0,0) width 317: "Lorem ipsum dolor sit amet, consectetur adipiscing elit"
layer at (10,221) size 150x16 scrollWidth 276
  LayoutBlockFlow {DIV} at (2,3) size 150x16
    LayoutText {#text} at (0,0) size 275x16
      text run at (0,0) width 275: "\x{2022}\x{2022}\x{2022}\x{2022}\x{2022}\x{2022}\x{2022}\x{2022}\x{2022}\x{2022}\x{2022}\x{2022}\x{2022}\x{2022}\x{2022}\x{2022}\x{2022}\x{2022}\x{2022}\x{2022}\x{2022}\x{2022}\x{2022}\x{2022}\x{2022}\x{2022}\x{2022}\x{2022}\x{2022}\x{2022}\x{2022}\x{2022}\x{2022}\x{2022}\x{2022}\x{2022}\x{2022}\x{2022}\x{2022}\x{2022}\x{2022}\x{2022}\x{2022}\x{2022}\x{2022}\x{2022}\x{2022}\x{2022}\x{2022}\x{2022}\x{2022}\x{2022}\x{2022}\x{2022}\x{2022}"
layer at (10,243) size 150x16 scrollX 167.00 scrollWidth 317
  LayoutBlockFlow {DIV} at (2,3) size 150x16 [color=#757575]
    LayoutText {#text} at (-167,0) size 317x16
      text run at (-167,0) width 317: "Lorem ipsum dolor sit amet, consectetur adipiscing elit"
layer at (10,243) size 150x16
  LayoutBlockFlow {DIV} at (2,3) size 150x16
layer at (181,243) size 138x16 scrollX 179.00 scrollWidth 317
  LayoutBlockFlow {DIV} at (15,3) size 138x16 [color=#757575]
    LayoutText {#text} at (-179,0) size 317x16
      text run at (-179,0) width 317: "Lorem ipsum dolor sit amet, consectetur adipiscing elit"
layer at (181,243) size 138x16
  LayoutBlockFlow {DIV} at (0,0) size 138x16
layer at (328,243) size 150x16 scrollX 167.00 scrollWidth 317
  LayoutBlockFlow {DIV} at (2,3) size 150x16
    LayoutText {#text} at (-167,0) size 317x16
      text run at (-167,0) width 317: "Lorem ipsum dolor sit amet, consectetur adipiscing elit"
layer at (499,243) size 138x16 scrollX 179.00 scrollWidth 317
  LayoutBlockFlow {DIV} at (0,0) size 138x16
    LayoutText {#text} at (-179,0) size 317x16
      text run at (-179,0) width 317: "Lorem ipsum dolor sit amet, consectetur adipiscing elit"
layer at (10,265) size 150x16 scrollX 125.00 scrollWidth 275
  LayoutBlockFlow {DIV} at (2,3) size 150x16
    LayoutText {#text} at (-125,0) size 275x16
      text run at (-125,0) width 275 RTL: "\x{2022}\x{2022}\x{2022}\x{2022}\x{2022}\x{2022}\x{2022}\x{2022}\x{2022}\x{2022}\x{2022}\x{2022}\x{2022}\x{2022}\x{2022}\x{2022}\x{2022}\x{2022}\x{2022}\x{2022}\x{2022}\x{2022}\x{2022}\x{2022}\x{2022}\x{2022}\x{2022}\x{2022}\x{2022}\x{2022}\x{2022}\x{2022}\x{2022}\x{2022}\x{2022}\x{2022}\x{2022}\x{2022}\x{2022}\x{2022}\x{2022}\x{2022}\x{2022}\x{2022}\x{2022}\x{2022}\x{2022}\x{2022}\x{2022}\x{2022}\x{2022}\x{2022}\x{2022}\x{2022}\x{2022}"
layer at (249,323) size 150x16 scrollWidth 317
  LayoutBlockFlow {DIV} at (2,3) size 150x16 [color=#757575]
    LayoutText {#text} at (0,0) size 317x16
      text run at (0,0) width 317: "Lorem ipsum dolor sit amet, consectetur adipiscing elit"
layer at (249,323) size 150x16
  LayoutBlockFlow {DIV} at (2,3) size 150x16
layer at (407,323) size 150x16 scrollWidth 318
  LayoutBlockFlow {DIV} at (2,3) size 150x16
    LayoutText {#text} at (0,0) size 317x16
      text run at (0,0) width 317: "Lorem ipsum dolor sit amet, consectetur adipiscing elit"
layer at (272,345) size 150x16 scrollWidth 317
  LayoutBlockFlow {DIV} at (2,3) size 150x16 [color=#757575]
    LayoutText {#text} at (0,0) size 317x16
      text run at (0,0) width 317: "Lorem ipsum dolor sit amet, consectetur adipiscing elit"
layer at (272,345) size 150x16
  LayoutBlockFlow {DIV} at (2,3) size 150x16
layer at (430,345) size 150x16 scrollWidth 318
  LayoutBlockFlow {DIV} at (2,3) size 150x16
    LayoutText {#text} at (0,0) size 317x16
      text run at (0,0) width 317: "Lorem ipsum dolor sit amet, consectetur adipiscing elit"
layer at (307,79) size 9x9 transparent
  LayoutBlockFlow {DIV} at (138,3.50) size 9x9
layer at (625,79) size 9x9 transparent
  LayoutBlockFlow {DIV} at (138,3.50) size 9x9
layer at (169,123) size 9x9 transparent
  LayoutBlockFlow {DIV} at (0,3.50) size 9x9
layer at (487,123) size 9x9 transparent
  LayoutBlockFlow {DIV} at (0,3.50) size 9x9
layer at (307,203) size 9x9 transparent
  LayoutBlockFlow {DIV} at (138,3.50) size 9x9
layer at (625,203) size 9x9 transparent
  LayoutBlockFlow {DIV} at (138,3.50) size 9x9
layer at (169,247) size 9x9 transparent
  LayoutBlockFlow {DIV} at (0,3.50) size 9x9
layer at (487,247) size 9x9 transparent
  LayoutBlockFlow {DIV} at (0,3.50) size 9x9
