layer at (0,0) size 800x600 clip at (0,0) size 785x600 scrollHeight 912
  LayoutView at (0,0) size 800x600
layer at (0,0) size 785x912 backgroundClip at (0,0) size 785x600 clip at (0,0) size 785x600
  LayoutBlockFlow {HTML} at (0,0) size 785x912.47
    LayoutBlockFlow {BODY} at (8,8) size 769x884.47
      LayoutBlockFlow {P} at (0,0) size 769x20
        LayoutText {#text} at (0,0) size 550x19
          text run at (0,0) width 550: "This test checks that text with text-overflow:ellipsis follows 'text-align: center' correctly."
      LayoutBlockFlow {P} at (0,36) size 769x20
        LayoutText {#text} at (0,0) size 386x19
          text run at (0,0) width 386: "The text in all boxes should have the text centered in the box."
      LayoutBlockFlow {H3} at (0,74.72) size 769x23
        LayoutText {#text} at (0,0) size 84x22
          text run at (0,0) width 84: "Single line"
      LayoutBlockFlow {H3} at (0,158.44) size 769x23
        LayoutText {#text} at (0,0) size 79x22
          text run at (0,0) width 79: "Multi line"
      LayoutBlockFlow {H3} at (0,302.16) size 769x23
        LayoutText {#text} at (0,0) size 232x22
          text run at (0,0) width 232: "Containing replaced content"
      LayoutBlockFlow {H3} at (0,395.88) size 769x23
        LayoutText {#text} at (0,0) size 396x22
          text run at (0,0) width 396: "Containing replaced content blocking the ellipsis"
      LayoutBlockFlow {H3} at (0,489.59) size 769x23
        LayoutText {#text} at (0,0) size 198x22
          text run at (0,0) width 198: "Right-To-Left single line"
      LayoutBlockFlow {H3} at (0,573.31) size 769x23
        LayoutText {#text} at (0,0) size 197x22
          text run at (0,0) width 197: "Right-To-Left Multi line"
      LayoutBlockFlow {H3} at (0,717.03) size 769x23
        LayoutText {#text} at (0,0) size 343x22
          text run at (0,0) width 343: "Right-To-Left containing replaced content"
      LayoutBlockFlow {H3} at (0,810.75) size 769x23
        LayoutText {#text} at (0,0) size 507x22
          text run at (0,0) width 507: "Right-To-Left containing replaced content blocking the ellipsis"
layer at (8,124) size 310x22 clip at (9,125) size 308x20 scrollWidth 721
  LayoutBlockFlow {DIV} at (0,116.44) size 310x22 [border: (1px solid #000000)]
    LayoutText {#text} at (3,1) size 719x19
      text run at (3,1) width 719: "Lorem ipsum dolor sit amet, consectetur adipiscing elit. Vivamus vitae eros non libero faucibus sagittis sed ut eros."
layer at (8,208) size 310x82 clip at (9,209) size 308x80 scrollWidth 721
  LayoutBlockFlow {DIV} at (0,200.16) size 310x82 [border: (1px solid #000000)]
    LayoutText {#text} at (3,1) size 719x19
      text run at (3,1) width 719: "Lorem ipsum dolor sit amet, consectetur adipiscing elit. Vivamus vitae eros non libero faucibus sagittis sed ut eros."
    LayoutBR {BR} at (0,0) size 0x0
    LayoutText {#text} at (2,21) size 709x19
      text run at (2,21) width 709: "orem ipsum dolor sit amet, consectetur adipiscing elit. Vivamus vitae eros non libero faucibus sagittis sed ut eros."
    LayoutBR {BR} at (0,0) size 0x0
    LayoutText {#text} at (4,41) size 701x19
      text run at (4,41) width 701: "rem ipsum dolor sit amet, consectetur adipiscing elit. Vivamus vitae eros non libero faucibus sagittis sed ut eros."
    LayoutBR {BR} at (0,0) size 0x0
    LayoutText {#text} at (2,61) size 696x19
      text run at (2,61) width 696: "em ipsum dolor sit amet, consectetur adipiscing elit. Vivamus vitae eros non libero faucibus sagittis sed ut eros."
    LayoutBR {BR} at (0,0) size 0x0
layer at (8,352) size 310x32 clip at (9,353) size 308x30 scrollWidth 747
  LayoutBlockFlow {DIV} at (0,343.88) size 310x32 [border: (1px solid #000000)]
    LayoutText {#text} at (1,11) size 181x19
      text run at (1,11) width 181: "Lorem ipsum dolor sit amet, "
    LayoutImage {IMG} at (182,1) size 25x25
    LayoutText {#text} at (207,11) size 542x19
      text run at (207,11) width 542: " consectetur adipiscing elit. Vivamus vitae eros non libero faucibus sagittis sed ut eros."
layer at (8,446) size 310x32 clip at (9,447) size 308x30 scrollWidth 743
  LayoutBlockFlow {DIV} at (0,437.59) size 310x32 [border: (1px solid #000000)]
    LayoutText {#text} at (1,11) size 271x19
      text run at (1,11) width 271: "Lorem ipsum dolor sit amet, consectetur ad"
    LayoutImage {IMG} at (272,1) size 25x25
    LayoutText {#text} at (297,11) size 448x19
      text run at (297,11) width 448: "ipiscing elit. Vivamus vitae eros non libero faucibus sagittis sed ut eros."
layer at (8,539) size 310x22 clip at (9,540) size 308x20 scrollX 410.00 scrollWidth 718
  LayoutBlockFlow {DIV} at (0,531.31) size 310x22 [border: (1px solid #000000)]
    LayoutText {#text} at (-409,1) size 719x19
      text run at (-409,1) width 718 RTL override: "Lorem ipsum dolor sit amet, consectetur adipiscing elit. Vivamus vitae eros non libero faucibus sagittis sed ut eros."
layer at (8,623) size 310x82 backgroundClip at (0,0) size 0x0 clip at (0,0) size 0x0 scrollX 410.00 scrollWidth 718
  LayoutBlockFlow {DIV} at (0,615.03) size 310x82 [border: (1px solid #000000)]
    LayoutText {#text} at (-409,1) size 719x19
      text run at (-409,1) width 718 RTL override: "Lorem ipsum dolor sit amet, consectetur adipiscing elit. Vivamus vitae eros non libero faucibus sagittis sed ut eros."
    LayoutBR {BR} at (0,0) size 0x0
    LayoutText {#text} at (-399,21) size 709x19
      text run at (-399,21) width 708 RTL override: "orem ipsum dolor sit amet, consectetur adipiscing elit. Vivamus vitae eros non libero faucibus sagittis sed ut eros."
    LayoutBR {BR} at (0,0) size 0x0
    LayoutText {#text} at (-391,41) size 701x19
      text run at (-391,41) width 700 RTL override: "rem ipsum dolor sit amet, consectetur adipiscing elit. Vivamus vitae eros non libero faucibus sagittis sed ut eros."
    LayoutBR {BR} at (0,0) size 0x0
    LayoutText {#text} at (-387,61) size 696x19
      text run at (-387,61) width 695 RTL override: "em ipsum dolor sit amet, consectetur adipiscing elit. Vivamus vitae eros non libero faucibus sagittis sed ut eros."
    LayoutBR {BR} at (0,0) size 0x0
layer at (8,767) size 310x32 backgroundClip at (0,0) size 0x0 clip at (0,0) size 0x0 scrollX 439.00 scrollWidth 747
  LayoutBlockFlow {DIV} at (0,758.75) size 310x32 [border: (1px solid #000000)]
    LayoutText {#text} at (128,11) size 181x19
      text run at (128,11) width 181 RTL override: "Lorem ipsum dolor sit amet, "
    LayoutImage {IMG} at (103,1) size 25x25
    LayoutText {#text} at (-438,11) size 542x19
      text run at (-438,11) width 541 RTL override: " consectetur adipiscing elit. Vivamus vitae eros non libero faucibus sagittis sed ut eros."
layer at (8,860) size 310x32 backgroundClip at (0,0) size 0x0 clip at (0,0) size 0x0 scrollX 435.00 scrollWidth 743
  LayoutBlockFlow {DIV} at (0,852.47) size 310x32 [border: (1px solid #000000)]
    LayoutText {#text} at (38,11) size 271x19
      text run at (38,11) width 271 RTL override: "Lorem ipsum dolor sit amet, consectetur ad"
    LayoutImage {IMG} at (13,1) size 25x25
    LayoutText {#text} at (-434,11) size 448x19
      text run at (-434,11) width 447 RTL override: "ipiscing elit. Vivamus vitae eros non libero faucibus sagittis sed ut eros."
