layer at (0,0) size 800x600
  LayoutView at (0,0) size 800x600
layer at (0,0) size 800x600
  LayoutBlockFlow {HTML} at (0,0) size 800x600
    LayoutBlockFlow {BODY} at (8,8) size 784x576
      LayoutBlockFlow {DIV} at (0,0) size 784x20
        LayoutInline {SPAN} at (0,0) size 249x19
          LayoutText {#text} at (0,0) size 249x19
            text run at (0,0) width 249: "This should not turn red when hovered."
        LayoutText {#text} at (0,0) size 0x0
      LayoutBlockFlow {P} at (0,46) size 784x40
        LayoutText {#text} at (0,0) size 51x19
          text run at (0,0) width 51: "Test for "
        LayoutInline {I} at (0,0) size 546x19
          LayoutInline {A} at (0,0) size 348x19 [color=#0000EE]
            LayoutText {#text} at (51,0) size 348x19
              text run at (51,0) width 348: "http://bugzilla.opendarwin.org/show_bug.cgi?id=7218"
          LayoutText {#text} at (399,0) size 198x19
            text run at (399,0) width 198: " Text underlined on mouse over"
        LayoutText {#text} at (597,0) size 98x19
          text run at (597,0) width 98: ". This tests that "
        LayoutInline {CODE} at (0,0) size 56x16
          LayoutText {#text} at (695,3) size 56x16
            text run at (695,3) width 56: "*:hover"
        LayoutText {#text} at (751,0) size 784x39
          text run at (751,0) width 33: " does"
          text run at (0,20) width 223: "not match anything in quirks mode."
layer at (8,36) size 784x2 clip at (0,0) size 0x0
  LayoutBlockFlow {HR} at (0,28) size 784x2 [border: (1px inset #EEEEEE)]
caret: position 1 of child 0 {#text} of child 1 {SPAN} of child 1 {DIV} of body
