layer at (0,0) size 800x600 clip at (0,0) size 785x600 scrollHeight 2982
  LayoutView at (0,0) size 800x600
layer at (0,0) size 785x2982 backgroundClip at (0,0) size 785x600 clip at (0,0) size 785x600
  LayoutBlockFlow {HTML} at (0,0) size 785x2981.75
    LayoutBlockFlow {BODY} at (8,8) size 769x2953.75
      LayoutBlockFlow {H3} at (0,0) size 769x23
        LayoutText {#text} at (0,0) size 84x22
          text run at (0,0) width 84: "Single line"
      LayoutBlockFlow {H3} at (0,371.72) size 769x23
        LayoutText {#text} at (0,0) size 79x22
          text run at (0,0) width 79: "Multi line"
      LayoutBlockFlow {H3} at (0,743.44) size 769x23
        LayoutText {#text} at (0,0) size 232x22
          text run at (0,0) width 232: "Containing replaced content"
      LayoutBlockFlow {H3} at (0,1115.16) size 769x23
        LayoutText {#text} at (0,0) size 396x22
          text run at (0,0) width 396: "Containing replaced content blocking the ellipsis"
      LayoutBlockFlow {H3} at (0,1486.88) size 769x23
        LayoutText {#text} at (0,0) size 198x22
          text run at (0,0) width 198: "Right-To-Left single line"
      LayoutBlockFlow {H3} at (0,1858.59) size 769x23
        LayoutText {#text} at (0,0) size 197x22
          text run at (0,0) width 197: "Right-To-Left Multi line"
      LayoutBlockFlow {H3} at (0,2230.31) size 769x23
        LayoutText {#text} at (0,0) size 343x22
          text run at (0,0) width 343: "Right-To-Left containing replaced content"
      LayoutBlockFlow {H3} at (0,2602.03) size 769x23
        LayoutText {#text} at (0,0) size 507x22
          text run at (0,0) width 507: "Right-To-Left containing replaced content blocking the ellipsis"
layer at (8,50) size 22x310 clip at (9,51) size 20x308 scrollHeight 720
  LayoutBlockFlow {DIV} at (0,41.72) size 22x310 [border: (1px solid #000000)]
    LayoutText {#text} at (1,3) size 19x719
      text run at (1,3) width 719: "Lorem ipsum dolor sit amet, consectetur adipiscing elit. Vivamus vitae eros non libero faucibus sagittis sed ut eros."
layer at (8,421) size 82x310 backgroundClip at (8,421) size 82x179 clip at (9,422) size 80x178 scrollHeight 721
  LayoutBlockFlow {DIV} at (0,413.44) size 82x310 [border: (1px solid #000000)]
    LayoutText {#text} at (1,3) size 19x719
      text run at (1,3) width 719: "Lorem ipsum dolor sit amet, consectetur adipiscing elit. Vivamus vitae eros non libero faucibus sagittis sed ut eros."
    LayoutBR {BR} at (0,0) size 0x0
    LayoutText {#text} at (21,2) size 19x709
      text run at (21,2) width 709: "orem ipsum dolor sit amet, consectetur adipiscing elit. Vivamus vitae eros non libero faucibus sagittis sed ut eros."
    LayoutBR {BR} at (0,0) size 0x0
    LayoutText {#text} at (41,4) size 19x701
      text run at (41,4) width 701: "rem ipsum dolor sit amet, consectetur adipiscing elit. Vivamus vitae eros non libero faucibus sagittis sed ut eros."
    LayoutBR {BR} at (0,0) size 0x0
    LayoutText {#text} at (61,2) size 19x696
      text run at (61,2) width 696: "em ipsum dolor sit amet, consectetur adipiscing elit. Vivamus vitae eros non libero faucibus sagittis sed ut eros."
    LayoutBR {BR} at (0,0) size 0x0
layer at (8,793) size 32x310 backgroundClip at (0,0) size 0x0 clip at (0,0) size 0x0 scrollHeight 747
  LayoutBlockFlow {DIV} at (0,785.16) size 32x310 [border: (1px solid #000000)]
    LayoutText {#text} at (11,1) size 19x181
      text run at (11,1) width 181: "Lorem ipsum dolor sit amet, "
    LayoutImage {IMG} at (1,182) size 25x25
    LayoutText {#text} at (11,207) size 19x542
      text run at (11,207) width 542: " consectetur adipiscing elit. Vivamus vitae eros non libero faucibus sagittis sed ut eros."
layer at (8,1165) size 32x310 backgroundClip at (0,0) size 0x0 clip at (0,0) size 0x0 scrollHeight 743
  LayoutBlockFlow {DIV} at (0,1156.88) size 32x310 [border: (1px solid #000000)]
    LayoutText {#text} at (11,1) size 19x271
      text run at (11,1) width 271: "Lorem ipsum dolor sit amet, consectetur ad"
    LayoutImage {IMG} at (1,272) size 25x25
    LayoutText {#text} at (11,297) size 19x448
      text run at (11,297) width 448: "ipiscing elit. Vivamus vitae eros non libero faucibus sagittis sed ut eros."
layer at (8,1537) size 22x310 backgroundClip at (0,0) size 0x0 clip at (0,0) size 0x0 scrollY 410.00 scrollHeight 718
  LayoutBlockFlow {DIV} at (0,1528.59) size 22x310 [border: (1px solid #000000)]
    LayoutText {#text} at (1,-409) size 19x719
      text run at (1,-409) width 719 RTL override: "Lorem ipsum dolor sit amet, consectetur adipiscing elit. Vivamus vitae eros non libero faucibus sagittis sed ut eros."
layer at (8,1908) size 82x310 backgroundClip at (0,0) size 0x0 clip at (0,0) size 0x0 scrollY 410.00 scrollHeight 718
  LayoutBlockFlow {DIV} at (0,1900.31) size 82x310 [border: (1px solid #000000)]
    LayoutText {#text} at (1,-409) size 19x719
      text run at (1,-409) width 719 RTL override: "Lorem ipsum dolor sit amet, consectetur adipiscing elit. Vivamus vitae eros non libero faucibus sagittis sed ut eros."
    LayoutBR {BR} at (0,0) size 0x0
    LayoutText {#text} at (21,-399) size 19x709
      text run at (21,-399) width 709 RTL override: "orem ipsum dolor sit amet, consectetur adipiscing elit. Vivamus vitae eros non libero faucibus sagittis sed ut eros."
    LayoutBR {BR} at (0,0) size 0x0
    LayoutText {#text} at (41,-391) size 19x701
      text run at (41,-391) width 701 RTL override: "rem ipsum dolor sit amet, consectetur adipiscing elit. Vivamus vitae eros non libero faucibus sagittis sed ut eros."
    LayoutBR {BR} at (0,0) size 0x0
    LayoutText {#text} at (61,-387) size 19x696
      text run at (61,-387) width 696 RTL override: "em ipsum dolor sit amet, consectetur adipiscing elit. Vivamus vitae eros non libero faucibus sagittis sed ut eros."
    LayoutBR {BR} at (0,0) size 0x0
layer at (8,2280) size 32x310 backgroundClip at (0,0) size 0x0 clip at (0,0) size 0x0 scrollY 439.00 scrollHeight 747
  LayoutBlockFlow {DIV} at (0,2272.03) size 32x310 [border: (1px solid #000000)]
    LayoutText {#text} at (11,128) size 19x181
      text run at (11,128) width 181 RTL override: "Lorem ipsum dolor sit amet, "
    LayoutImage {IMG} at (1,103) size 25x25
    LayoutText {#text} at (11,-438) size 19x542
      text run at (11,-438) width 542 RTL override: " consectetur adipiscing elit. Vivamus vitae eros non libero faucibus sagittis sed ut eros."
layer at (8,2652) size 32x310 backgroundClip at (0,0) size 0x0 clip at (0,0) size 0x0 scrollY 435.00 scrollHeight 743
  LayoutBlockFlow {DIV} at (0,2643.75) size 32x310 [border: (1px solid #000000)]
    LayoutText {#text} at (11,38) size 19x271
      text run at (11,38) width 271 RTL override: "Lorem ipsum dolor sit amet, consectetur ad"
    LayoutImage {IMG} at (1,13) size 25x25
    LayoutText {#text} at (11,-434) size 19x448
      text run at (11,-434) width 448 RTL override: "ipiscing elit. Vivamus vitae eros non libero faucibus sagittis sed ut eros."
