layer at (0,0) size 800x600
  LayoutView at (0,0) size 800x600
layer at (0,0) size 800x526
  LayoutBlockFlow {HTML} at (0,0) size 800x526
    LayoutBlockFlow {BODY} at (8,16) size 784x480
      LayoutBlockFlow {P} at (0,0) size 784x20
        LayoutText {#text} at (0,0) size 518x19
          text run at (0,0) width 518: "Tests that origin of rotation is the center of the border box, with and without box-sizing"
      LayoutBlockFlow {DIV} at (30,50) size 200x200 [bgcolor=#FF0000]
      LayoutBlockFlow {DIV} at (30,280) size 200x200 [bgcolor=#FF0000]
layer at (38,66) size 200x200
  LayoutBlockFlow {DIV} at (0,0) size 200x200 [bgcolor=#008000] [border: none (100px solid #808080) none]
    LayoutText {#text} at (0,0) size 94x19
      text run at (0,0) width 94: "box-sizing: auto"
layer at (38,296) size 200x200
  LayoutBlockFlow {DIV} at (0,0) size 200x200 [bgcolor=#008000] [border: none (100px solid #808080) none]
    LayoutText {#text} at (0,0) size 94x19
      text run at (0,0) width 94: "box-sizing: auto"
