layer at (0,0) size 800x600
  LayoutView at (0,0) size 800x600
layer at (0,0) size 800x84
  LayoutBlockFlow {HTML} at (0,0) size 800x84
    LayoutBlockFlow {BODY} at (8,8) size 784x68
      LayoutBlockFlow (anonymous) at (0,0) size 784x18
        LayoutText {#text} at (0,0) size 132x18
          text run at (0,0) width 132: "PASS if not crashed."
layer at (8,26) size 50x50 clip at (8,26) size 36x36 scrollWidth 200 scrollHeight 200
  LayoutBlockFlow {DIV} at (0,18) size 50x50
    LayoutBlockFlow {DIV} at (0,0) size 200x200
