layer at (0,0) size 800x600
  LayoutView at (0,0) size 800x600
layer at (0,0) size 800x600
  LayoutBlockFlow {HTML} at (0,0) size 800x600
    LayoutBlockFlow {BODY} at (8,8) size 784x584
      LayoutText {#text} at (165,0) size 4x18
        text run at (165,0) width 4: " "
      LayoutText {#text} at (334,0) size 4x18
        text run at (334,0) width 4: " "
      LayoutText {#text} at (503,0) size 4x18
        text run at (503,0) width 4: " "
      LayoutText {#text} at (0,0) size 0x0
      LayoutText {#text} at (165,140) size 4x18
        text run at (165,140) width 4: " "
      LayoutText {#text} at (334,140) size 4x18
        text run at (334,140) width 4: " "
      LayoutText {#text} at (0,0) size 0x0
layer at (28,28) size 125x100 clip at (29,29) size 110x98 scrollHeight 100
  LayoutListBox {SELECT} at (20,20) size 125x100 [color=#DCDCDC] [bgcolor=#718D93] [border: (1px solid #D3D3D3)]
    LayoutBlockFlow {OPTION} at (11,11) size 90x16
      LayoutText {#text} at (2,0) size 25x15
        text run at (2,0) width 25: "One"
    LayoutBlockFlow {OPTION} at (11,27) size 90x16
      LayoutText {#text} at (2,0) size 25x15
        text run at (2,0) width 25: "Two"
    LayoutBlockFlow {OPTION} at (11,43) size 90x16
      LayoutText {#text} at (2,0) size 35x15
        text run at (2,0) width 35: "Three"
    LayoutBlockFlow {OPTION} at (11,59) size 90x16
      LayoutText {#text} at (2,0) size 27x15
        text run at (2,0) width 27: "Four"
    LayoutBlockFlow {OPTION} at (11,75) size 90x16
      LayoutText {#text} at (2,0) size 25x15
        text run at (2,0) width 25: "Five"
layer at (197,28) size 125x100 clip at (198,29) size 110x98 scrollHeight 100
  LayoutListBox {SELECT} at (189,20) size 125x100 [color=#DCDCDC] [bgcolor=#718D93] [border: (1px solid #D3D3D3)]
    LayoutBlockFlow {OPTION} at (11,11) size 90x16
      LayoutText {#text} at (2,0) size 25x15
        text run at (2,0) width 25: "One"
    LayoutBlockFlow {OPTION} at (11,27) size 90x16
      LayoutText {#text} at (2,0) size 25x15
        text run at (2,0) width 25: "Two"
    LayoutBlockFlow {OPTION} at (11,43) size 90x16
      LayoutText {#text} at (2,0) size 35x15
        text run at (2,0) width 35: "Three"
    LayoutBlockFlow {OPTION} at (11,59) size 90x16
      LayoutText {#text} at (2,0) size 27x15
        text run at (2,0) width 27: "Four"
    LayoutBlockFlow {OPTION} at (11,75) size 90x16
      LayoutText {#text} at (2,0) size 25x15
        text run at (2,0) width 25: "Five"
layer at (366,28) size 125x100 clip at (367,29) size 110x98 scrollHeight 100
  LayoutListBox {SELECT} at (358,20) size 125x100 [color=#DCDCDC] [bgcolor=#718D93] [border: (1px solid #D3D3D3)]
    LayoutBlockFlow {OPTION} at (11,11) size 90x16
      LayoutText {#text} at (2,0) size 25x15
        text run at (2,0) width 25: "One"
    LayoutBlockFlow {OPTION} at (11,27) size 90x16
      LayoutText {#text} at (2,0) size 25x15
        text run at (2,0) width 25: "Two"
    LayoutBlockFlow {OPTION} at (11,43) size 90x16
      LayoutText {#text} at (2,0) size 35x15
        text run at (2,0) width 35: "Three"
    LayoutBlockFlow {OPTION} at (11,59) size 90x16
      LayoutText {#text} at (2,0) size 27x15
        text run at (2,0) width 27: "Four"
    LayoutBlockFlow {OPTION} at (11,75) size 90x16
      LayoutText {#text} at (2,0) size 25x15
        text run at (2,0) width 25: "Five"
layer at (535,28) size 125x100 clip at (536,29) size 110x98 scrollHeight 100
  LayoutListBox {SELECT} at (527,20) size 125x100 [color=#DCDCDC] [bgcolor=#718D93] [border: (1px solid #D3D3D3)]
    LayoutBlockFlow {OPTION} at (11,11) size 90x16
      LayoutText {#text} at (2,0) size 25x15
        text run at (2,0) width 25: "One"
    LayoutBlockFlow {OPTION} at (11,27) size 90x16
      LayoutText {#text} at (2,0) size 25x15
        text run at (2,0) width 25: "Two"
    LayoutBlockFlow {OPTION} at (11,43) size 90x16
      LayoutText {#text} at (2,0) size 35x15
        text run at (2,0) width 35: "Three"
    LayoutBlockFlow {OPTION} at (11,59) size 90x16
      LayoutText {#text} at (2,0) size 27x15
        text run at (2,0) width 27: "Four"
    LayoutBlockFlow {OPTION} at (11,75) size 90x16
      LayoutText {#text} at (2,0) size 25x15
        text run at (2,0) width 25: "Five"
layer at (28,168) size 125x100 clip at (29,169) size 110x98 scrollHeight 100
  LayoutListBox {SELECT} at (20,160) size 125x100 [color=#DCDCDC] [bgcolor=#718D93] [border: (1px solid #D3D3D3)]
    LayoutBlockFlow {OPTION} at (11,11) size 90x16
      LayoutText {#text} at (2,0) size 25x15
        text run at (2,0) width 25: "One"
    LayoutBlockFlow {OPTION} at (11,27) size 90x16
      LayoutText {#text} at (2,0) size 25x15
        text run at (2,0) width 25: "Two"
    LayoutBlockFlow {OPTION} at (11,43) size 90x16
      LayoutText {#text} at (2,0) size 35x15
        text run at (2,0) width 35: "Three"
    LayoutBlockFlow {OPTION} at (11,59) size 90x16
      LayoutText {#text} at (2,0) size 27x15
        text run at (2,0) width 27: "Four"
    LayoutBlockFlow {OPTION} at (11,75) size 90x16
      LayoutText {#text} at (2,0) size 25x15
        text run at (2,0) width 25: "Five"
layer at (197,168) size 125x100 clip at (198,169) size 110x98 scrollHeight 100
  LayoutListBox {SELECT} at (189,160) size 125x100 [color=#DCDCDC] [bgcolor=#718D93] [border: (1px solid #D3D3D3)]
    LayoutBlockFlow {OPTION} at (11,11) size 90x16
      LayoutText {#text} at (2,0) size 25x15
        text run at (2,0) width 25: "One"
    LayoutBlockFlow {OPTION} at (11,27) size 90x16
      LayoutText {#text} at (2,0) size 25x15
        text run at (2,0) width 25: "Two"
    LayoutBlockFlow {OPTION} at (11,43) size 90x16
      LayoutText {#text} at (2,0) size 35x15
        text run at (2,0) width 35: "Three"
    LayoutBlockFlow {OPTION} at (11,59) size 90x16
      LayoutText {#text} at (2,0) size 27x15
        text run at (2,0) width 27: "Four"
    LayoutBlockFlow {OPTION} at (11,75) size 90x16
      LayoutText {#text} at (2,0) size 25x15
        text run at (2,0) width 25: "Five"
layer at (366,168) size 125x100 clip at (367,169) size 110x98
  LayoutListBox {SELECT} at (358,160) size 125x100 [color=#DCDCDC] [bgcolor=#718D93] [border: (1px solid #D3D3D3)]
    LayoutBlockFlow {OPTION} at (11,11) size 90x16
      LayoutText {#text} at (2,0) size 25x15
        text run at (2,0) width 25: "One"
    LayoutBlockFlow {OPTION} at (11,27) size 90x16
      LayoutText {#text} at (2,0) size 25x15
        text run at (2,0) width 25: "Two"
