CONSOLE ERROR: line 10: Uncaught ReferenceError: appendCell is not defined
layer at (0,0) size 800x600
  LayoutView at (0,0) size 800x600
layer at (0,0) size 800x600
  LayoutBlockFlow {HTML} at (0,0) size 800x600
    LayoutBlockFlow {BODY} at (8,8) size 784x584
      LayoutBlockFlow (anonymous) at (0,0) size 784x20
        LayoutText {#text} at (0,0) size 205x19
          text run at (0,0) width 205: "The 2 tables should look the same"
      LayoutTable {TABLE} at (0,20) size 62x30 [bgcolor=#FFA500] [border: (1px outset #808080)]
        LayoutTableSection {TBODY} at (1,1) size 60x28
          LayoutTableRow {TR} at (0,2) size 60x24
            LayoutTableCell {TD} at (2,2) size 27x24 [border: (1px inset #808080)] [r=0 c=0 rs=1 cs=1]
              LayoutText {#text} at (2,2) size 23x19
                text run at (2,2) width 23: "c11"
            LayoutTableCell {TD} at (31,2) size 27x24 [border: (1px inset #808080)] [r=0 c=1 rs=1 cs=1]
              LayoutText {#text} at (2,2) size 23x19
                text run at (2,2) width 23: "c12"
      LayoutBlockFlow (anonymous) at (0,50) size 784x20
        LayoutBR {BR} at (0,0) size 0x19
      LayoutTable {TABLE} at (0,70) size 62x56 [bgcolor=#FFA500] [border: (1px outset #808080)]
        LayoutTableSection {TBODY} at (1,1) size 60x28
          LayoutTableRow {TR} at (0,2) size 60x24
            LayoutTableCell {TD} at (2,2) size 27x24 [border: (1px inset #808080)] [r=0 c=0 rs=1 cs=1]
              LayoutText {#text} at (2,2) size 19x19
                text run at (2,2) width 19: "X1"
            LayoutTableCell {TD} at (31,2) size 27x24 [border: (1px inset #808080)] [r=0 c=1 rs=1 cs=1]
              LayoutText {#text} at (2,2) size 19x19
                text run at (2,2) width 19: "X2"
        LayoutTableSection {TBODY} at (1,29) size 60x26
          LayoutTableRow {TR} at (0,0) size 60x24
            LayoutTableCell {TD} at (2,0) size 27x24 [border: (1px inset #808080)] [r=0 c=0 rs=1 cs=1]
              LayoutText {#text} at (2,2) size 23x19
                text run at (2,2) width 23: "c11"
            LayoutTableCell {TD} at (31,0) size 27x24 [border: (1px inset #808080)] [r=0 c=1 rs=1 cs=1]
              LayoutText {#text} at (2,2) size 23x19
                text run at (2,2) width 23: "c12"
      LayoutBlockFlow (anonymous) at (0,126) size 784x20
        LayoutBR {BR} at (0,0) size 0x19
