layer at (0,0) size 800x600
  LayoutView at (0,0) size 800x600
layer at (0,0) size 800x50
  LayoutBlockFlow {HTML} at (0,0) size 800x50
    LayoutBlockFlow {BODY} at (8,16) size 784x18
      LayoutBlockFlow {P} at (0,0) size 784x18
        LayoutText {#text} at (0,0) size 581x18
          text run at (0,0) width 581: "Test dynamically created compositing layer inside reflection. You should see no red below."
layer at (8,50) size 784x0
  LayoutBlockFlow (relative positioned) {DIV} at (0,34) size 784x0
layer at (19,181) size 100x100
  LayoutBlockFlow (positioned) {DIV} at (11,131) size 100x100 [bgcolor=#FF0000]
layer at (8,50) size 120x120
  LayoutBlockFlow (positioned) {DIV} at (0,0) size 120x120 [border: (1px solid #000000)]
layer at (19,61) size 100x100
  LayoutBlockFlow {DIV} at (11,11) size 100x100 [bgcolor=#008000]
