layer at (0,0) size 800x600
  LayoutView at (0,0) size 800x600
layer at (0,0) size 800x274
  LayoutBlockFlow {HTML} at (0,0) size 800x274
    LayoutBlockFlow {BODY} at (8,16) size 784x138
      LayoutBlockFlow {P} at (0,0) size 784x18
        LayoutText {#text} at (0,0) size 278x18
          text run at (0,0) width 278: "Reflection should be masked with gradient."
layer at (28,54) size 100x100
  LayoutBlockFlow {DIV} at (20,38) size 100x100 [bgcolor=#008000]
