layer at (0,0) size 800x600
  LayoutView at (0,0) size 800x600
layer at (0,0) size 800x346
  LayoutBlockFlow {HTML} at (0,0) size 800x346
    LayoutBlockFlow {BODY} at (8,16) size 784x310
      LayoutBlockFlow {P} at (0,0) size 784x18
        LayoutText {#text} at (0,0) size 293x18
          text run at (0,0) width 293: "The four green squares should all be lined up."
layer at (28,54) size 142x272
  LayoutBlockFlow {DIV} at (20,38) size 142x272 [border: (1px solid #000000)]
layer at (39,65) size 120x120
  LayoutBlockFlow {DIV} at (11,11) size 120x120 [bgcolor=#008000]
    LayoutText {#text} at (43,0) size 34x77
      text run at (43,0) width 34: "1"
