layer at (0,0) size 800x600
  LayoutView at (0,0) size 800x600
layer at (0,0) size 800x194
  LayoutBlockFlow {HTML} at (0,0) size 800x194
    LayoutBlockFlow {BODY} at (8,16) size 784x158
      LayoutBlockFlow {P} at (0,0) size 784x18
        LayoutText {#text} at (0,0) size 784x18
          text run at (0,0) width 784: "You should see a black rectangle divided into two parts; the top part should be taller (reflection should be behind original)."
layer at (28,54) size 220x120
  LayoutBlockFlow {DIV} at (20,38) size 220x120 [bgcolor=#FFFFFF] [border: (10px solid #000000)]
    LayoutText {#text} at (67,10) size 86x28
      text run at (67,10) width 86: "Contents"
