layer at (0,0) size 800x600
  LayoutView at (0,0) size 800x600
layer at (0,0) size 800x176
  LayoutBlockFlow {HTML} at (0,0) size 800x176
    LayoutBlockFlow {BODY} at (8,16) size 784x152
      LayoutBlockFlow {P} at (0,0) size 784x36
        LayoutText {#text} at (0,0) size 762x36
          text run at (0,0) width 762: "Opacity should be applied after reflection, so you should see a green rectangle below. The overlap between the original"
          text run at (0,18) width 229: "and reflection should not be visible."
layer at (8,68) size 150x100 transparent
  LayoutBlockFlow (relative positioned) {DIV} at (0,52) size 150x100 [bgcolor=#008000]
