layer at (0,0) size 800x600
  LayoutView at (0,0) size 800x600
layer at (0,0) size 800x136
  LayoutBlockFlow {HTML} at (0,0) size 800x136
    LayoutBlockFlow {BODY} at (8,8) size 784x112
      LayoutBlockFlow {DIV} at (0,0) size 784x112
        LayoutBlockFlow (anonymous) at (0,0) size 784x20
          LayoutText {#text} at (0,0) size 192x19
            text run at (0,0) width 192: "This div contains 3 addresses :"
        LayoutBlockFlow {ADDRESS} at (16,20) size 768x20
          LayoutText {#text} at (0,0) size 252x19
            text run at (0,0) width 252: "A first address with normal background"
        LayoutBlockFlow {ADDRESS} at (16,56) size 768x20 [bgcolor=#00FF00]
          LayoutText {#text} at (0,0) size 351x19
            text run at (0,0) width 351: "A second address that should have a green background"
        LayoutBlockFlow {ADDRESS} at (16,92) size 768x20 [bgcolor=#00FF00]
          LayoutText {#text} at (0,0) size 337x19
            text run at (0,0) width 337: "A third address that should have a green background"
