layer at (0,0) size 800x600
  LayoutView at (0,0) size 800x600
layer at (0,0) size 800x52
  LayoutBlockFlow {HTML} at (0,0) size 800x52
    LayoutBlockFlow {BODY} at (8,16) size 784x20
      LayoutBlockFlow {P} at (0,0) size 784x20
        LayoutInline {A} at (0,0) size 376x19 [color=#551A8B] [bgcolor=#00FF00]
          LayoutText {#text} at (0,0) size 376x19
            text run at (0,0) width 376: "You should see a green background assigned by the anchor."
        LayoutText {#text} at (0,0) size 0x0
