layer at (0,0) size 800x600
  LayoutView at (0,0) size 800x600
layer at (0,0) size 800x416
  LayoutBlockFlow {HTML} at (0,0) size 800x416
    LayoutBlockFlow {BODY} at (8,16) size 784x384
      LayoutBlockFlow {P} at (0,0) size 784x20
        LayoutText {#text} at (0,0) size 329x19
          text run at (0,0) width 329: "This paragraph is here only to fill space in the DOM"
      LayoutBlockFlow {ADDRESS} at (0,36) size 784x20
        LayoutText {#text} at (0,0) size 136x19
          text run at (0,0) width 136: "And this address too.."
      LayoutBlockFlow {P} at (0,72) size 784x20
        LayoutText {#text} at (0,0) size 152x19
          text run at (0,0) width 152: "So does this paragraph !"
      LayoutBlockFlow {P} at (0,108) size 784x20 [bgcolor=#00FF00]
        LayoutText {#text} at (0,0) size 274x19
          text run at (0,0) width 274: "But this one should have green background"
      LayoutBlockFlow {DL} at (0,144) size 784x240
        LayoutBlockFlow {DT} at (0,0) size 784x20 [bgcolor=#00FF00]
          LayoutText {#text} at (0,0) size 349x19
            text run at (0,0) width 349: "First definition term that should have green background"
        LayoutBlockFlow {DD} at (40,20) size 744x20 [bgcolor=#00FF00]
          LayoutText {#text} at (0,0) size 317x19
            text run at (0,0) width 317: "First definition that should have green background"
        LayoutBlockFlow {DT} at (0,40) size 784x20
          LayoutText {#text} at (0,0) size 143x19
            text run at (0,0) width 143: "Second definition term"
        LayoutBlockFlow {DD} at (40,60) size 744x20
          LayoutText {#text} at (0,0) size 111x19
            text run at (0,0) width 111: "Second definition"
        LayoutBlockFlow {DT} at (0,80) size 784x20
          LayoutText {#text} at (0,0) size 131x19
            text run at (0,0) width 131: "Third definition term"
        LayoutBlockFlow {DD} at (40,100) size 744x20
          LayoutText {#text} at (0,0) size 99x19
            text run at (0,0) width 99: "Third definition"
        LayoutBlockFlow {DT} at (0,120) size 784x20 [bgcolor=#00FF00]
          LayoutText {#text} at (0,0) size 363x19
            text run at (0,0) width 363: "Fourth definition term that should have green background"
        LayoutBlockFlow {DD} at (40,140) size 744x20 [bgcolor=#00FF00]
          LayoutText {#text} at (0,0) size 331x19
            text run at (0,0) width 331: "Fourth definition that should have green background"
        LayoutBlockFlow {DT} at (0,160) size 784x20
          LayoutText {#text} at (0,0) size 126x19
            text run at (0,0) width 126: "Fifth definition term"
        LayoutBlockFlow {DD} at (40,180) size 744x20
          LayoutText {#text} at (0,0) size 94x19
            text run at (0,0) width 94: "Fifth definition"
        LayoutBlockFlow {DT} at (0,200) size 784x20
          LayoutText {#text} at (0,0) size 129x19
            text run at (0,0) width 129: "Sixth definition term"
        LayoutBlockFlow {DD} at (40,220) size 744x20
          LayoutText {#text} at (0,0) size 97x19
            text run at (0,0) width 97: "Sixth definition"
