layer at (0,0) size 800x600
  LayoutView at (0,0) size 800x600
layer at (0,0) size 800x124
  LayoutBlockFlow {HTML} at (0,0) size 800x124
    LayoutBlockFlow {BODY} at (8,16) size 784x92
      LayoutBlockFlow {DIV} at (0,0) size 784x92
        LayoutBlockFlow {P} at (0,0) size 784x20
          LayoutText {#text} at (0,0) size 302x19
            text run at (0,0) width 302: "This paragraph should have normal background"
        LayoutBlockFlow {ADDRESS} at (0,36) size 784x20 [bgcolor=#00FF00]
          LayoutText {#text} at (0,0) size 298x19
            text run at (0,0) width 298: "But this address should have green background"
        LayoutBlockFlow {P} at (0,72) size 784x20
          LayoutText {#text} at (0,0) size 302x19
            text run at (0,0) width 302: "This paragraph should have normal background"
