layer at (0,0) size 800x600
  LayoutView at (0,0) size 800x600
layer at (0,0) size 800x420
  LayoutNGBlockFlow {HTML} at (0,0) size 800x420 [color=#FFFFFF]
    LayoutNGBlockFlow {BODY} at (15,15) size 490x390 [bgcolor=#FFFFFF] [border: (5px solid #000000)]
      LayoutNGBlockFlow {DL} at (5,5) size 480x10
        LayoutNGBlockFlow (floating) {DT} at (5,5) size 79.98x310 [bgcolor=#CC0000] [border: (5px solid #000000)]
          LayoutText {#text} at (15,13) size 29x13
            text run at (15,13) width 29: "toggle"
        LayoutNGBlockFlow (floating) {DD} at (95,5) size 380x310 [border: (10px solid #000000)]
          LayoutNGBlockFlow {UL} at (20,20) size 340x0
            LayoutNGBlockFlow (floating) {LI} at (0,0) size 80x120 [color=#000000] [bgcolor=#FFCC00] [border: (5px solid #000000)]
              LayoutText {#text} at (15,13) size 36x13
                text run at (15,13) width 36: "the way"
            LayoutNGBlockFlow (floating) {LI} at (90,0) size 159.97x110 [bgcolor=#000000]
              LayoutNGBlockFlow {P} at (10,10) size 139.97x10
                LayoutText {#text} at (0,-2) size 68x13
                  text run at (0,-2) width 68: "the world ends"
              LayoutNGBlockFlow (anonymous) at (10,20) size 139.97x0
                LayoutInline {FORM} at (0,0) size 0x0
                  LayoutText {#text} at (0,0) size 0x0
              LayoutNGBlockFlow (anonymous) at (10,20) size 139.97x44
                LayoutNGBlockFlow {P} at (0,0) size 139.97x22
                  LayoutText {#text} at (0,6) size 27x13
                    text run at (0,6) width 27: "bang "
                  LayoutBlockFlow {INPUT} at (32,3) size 13x13 [color=#000000]
                  LayoutText {#text} at (0,0) size 0x0
                LayoutNGBlockFlow {P} at (0,22) size 139.97x22
                  LayoutText {#text} at (0,6) size 41x13
                    text run at (0,6) width 41: "whimper "
                  LayoutBlockFlow {INPUT} at (46,3) size 13x13 [color=#000000]
                  LayoutText {#text} at (0,0) size 0x0
              LayoutNGBlockFlow (anonymous) at (10,64) size 139.97x0
                LayoutInline {FORM} at (0,0) size 0x0
                LayoutText {#text} at (0,0) size 0x0
            LayoutNGBlockFlow (floating) {LI} at (259.97,0) size 80x120 [color=#000000] [bgcolor=#FFCC00] [border: (5px solid #000000)]
              LayoutText {#text} at (15,13) size 44x13
                text run at (15,13) width 44: "i grow old"
            LayoutNGBlockFlow (floating) {LI} at (0,130) size 120x120 [bgcolor=#000000]
              LayoutText {#text} at (10,8) size 29x13
                text run at (10,8) width 29: "pluot?"
          LayoutNGBlockFlow (floating) {BLOCKQUOTE} at (160,150) size 70x140 [color=#000000] [bgcolor=#FFCC00] [border: (10px solid #000000) (15px solid #000000) (20px solid #000000) (5px solid #000000)]
            LayoutNGBlockFlow {ADDRESS} at (5,20) size 50x10
              LayoutText {#text} at (0,-2) size 48x13
                text run at (0,-2) width 48: "bar maids,"
          LayoutNGBlockFlow (floating) {H1} at (240,150) size 120x120 [bgcolor=#000000]
            LayoutText {#text} at (10,8) size 92x23
              text run at (10,8) width 92: "sing to me, erbarme"
              text run at (10,18) width 19: "dich"
      LayoutNGBlockFlow {P} at (5,320) size 480x65 [color=#000000]
        LayoutText {#text} at (0,0) size 467x39
          text run at (0,0) width 462: "This is a nonsensical document, but syntactically valid HTML 4.0. All 100%-conformant CSS1 agents"
          text run at (0,13) width 467: "should be able to render the document elements above this paragraph indistinguishably (to the pixel)"
          text run at (0,26) width 42: "from this "
        LayoutInline {A} at (0,0) size 94x13 [color=#0000EE]
          LayoutText {#text} at (42,26) size 94x13
            text run at (42,26) width 94: "reference rendering,"
        LayoutText {#text} at (136,26) size 471x39
          text run at (136,26) width 333: " (except font rasterization and form widgets). All discrepancies should be"
          text run at (0,39) width 471: "traceable to CSS1 implementation shortcomings. Once you have finished evaluating this test, you can"
          text run at (0,52) width 60: "return to the "
        LayoutInline {A} at (0,0) size 57x13 [color=#0000EE]
          LayoutText {#text} at (60,52) size 57x13
            text run at (60,52) width 57: "parent page"
        LayoutText {#text} at (117,52) size 3x13
          text run at (117,52) width 3: "."
