layer at (0,0) size 800x600
  LayoutView at (0,0) size 800x600
layer at (0,0) size 800x600
  LayoutNGBlockFlow {HTML} at (0,0) size 800x600
    LayoutNGBlockFlow {BODY} at (8,8) size 784x584 [bgcolor=#CCCCCC]
      LayoutNGBlockFlow {P} at (0,0) size 784x20
        LayoutText {#text} at (0,0) size 355x19
          text run at (0,0) width 355: "The style declarations which apply to the text below are:"
      LayoutNGBlockFlow {PRE} at (0,36) size 784x32
        LayoutText {#text} at (0,0) size 416x32
          text run at (0,0) width 408: ".one {margin-bottom: 25px; background-color: aqua;}"
          text run at (408,0) width 0: " "
          text run at (0,16) width 416: ".two {margin-bottom: -10px; background-color: aqua;}"
          text run at (416,16) width 0: " "
      LayoutNGBlockFlow {P} at (0,99) size 784x60 [bgcolor=#808080]
        LayoutText {#text} at (0,0) size 480x19
          text run at (0,0) width 480: "This element is unstyled save for a background color of gray.. It contains an "
        LayoutInline {SPAN} at (0,0) size 760x39 [bgcolor=#00FFFF]
          LayoutText {#text} at (480,0) size 143x19
            text run at (480,0) width 143: "inline element of class "
          LayoutInline {TT} at (0,0) size 24x16
            LayoutText {#text} at (623,3) size 24x16
              text run at (623,3) width 24: "one"
          LayoutText {#text} at (647,0) size 760x39
            text run at (647,0) width 113: ", giving it an aqua"
            text run at (0,20) width 245: "background and a 25px bottom margin"
        LayoutText {#text} at (245,20) size 784x39
          text run at (245,20) width 539: ". Margins on inline elements does not affect line-height calculations, so all lines in this"
          text run at (0,40) width 263: "element should have the same line-height."
      LayoutNGBlockFlow {P} at (0,175) size 784x60 [bgcolor=#808080]
        LayoutText {#text} at (0,0) size 480x19
          text run at (0,0) width 480: "This element is unstyled save for a background color of gray.. It contains an "
        LayoutInline {SPAN} at (0,0) size 760x39 [bgcolor=#00FFFF]
          LayoutText {#text} at (480,0) size 143x19
            text run at (480,0) width 143: "inline element of class "
          LayoutInline {TT} at (0,0) size 24x16
            LayoutText {#text} at (623,3) size 24x16
              text run at (623,3) width 24: "two"
          LayoutText {#text} at (647,0) size 760x39
            text run at (647,0) width 113: ", giving it an aqua"
            text run at (0,20) width 250: "background and a -10px bottom margin"
        LayoutText {#text} at (250,20) size 763x39
          text run at (250,20) width 513: ". Margins on inline elements does not affect line-height calculations, so all lines in"
          text run at (0,40) width 289: "this element should have the same line-height."
      LayoutTable {TABLE} at (0,251) size 784x174 [border: (1px outset #808080)]
        LayoutTableSection {TBODY} at (1,1) size 782x172
          LayoutTableRow {TR} at (0,0) size 782x28
            LayoutNGTableCell {TD} at (0,0) size 782x28 [bgcolor=#C0C0C0] [border: (1px inset #808080)] [r=0 c=0 rs=1 cs=2]
              LayoutInline {STRONG} at (0,0) size 161x19
                LayoutText {#text} at (4,4) size 161x19
                  text run at (4,4) width 161: "TABLE Testing Section"
          LayoutTableRow {TR} at (0,28) size 782x144
            LayoutNGTableCell {TD} at (0,86) size 12x28 [bgcolor=#C0C0C0] [border: (1px inset #808080)] [r=1 c=0 rs=1 cs=1]
              LayoutText {#text} at (4,62) size 4x19
                text run at (4,62) width 4: " "
            LayoutNGTableCell {TD} at (12,28) size 770x144 [border: (1px inset #808080)] [r=1 c=1 rs=1 cs=1]
              LayoutNGBlockFlow {P} at (4,4) size 762x60 [bgcolor=#808080]
                LayoutText {#text} at (0,0) size 480x19
                  text run at (0,0) width 480: "This element is unstyled save for a background color of gray.. It contains an "
                LayoutInline {SPAN} at (0,0) size 760x39 [bgcolor=#00FFFF]
                  LayoutText {#text} at (480,0) size 143x19
                    text run at (480,0) width 143: "inline element of class "
                  LayoutInline {TT} at (0,0) size 24x16
                    LayoutText {#text} at (623,3) size 24x16
                      text run at (623,3) width 24: "one"
                  LayoutText {#text} at (647,0) size 760x39
                    text run at (647,0) width 113: ", giving it an aqua"
                    text run at (0,20) width 245: "background and a 25px bottom margin"
                LayoutText {#text} at (245,20) size 758x39
                  text run at (245,20) width 513: ". Margins on inline elements does not affect line-height calculations, so all lines in"
                  text run at (0,40) width 289: "this element should have the same line-height."
              LayoutNGBlockFlow {P} at (4,80) size 762x60 [bgcolor=#808080]
                LayoutText {#text} at (0,0) size 480x19
                  text run at (0,0) width 480: "This element is unstyled save for a background color of gray.. It contains an "
                LayoutInline {SPAN} at (0,0) size 760x39 [bgcolor=#00FFFF]
                  LayoutText {#text} at (480,0) size 143x19
                    text run at (480,0) width 143: "inline element of class "
                  LayoutInline {TT} at (0,0) size 24x16
                    LayoutText {#text} at (623,3) size 24x16
                      text run at (623,3) width 24: "two"
                  LayoutText {#text} at (647,0) size 760x39
                    text run at (647,0) width 113: ", giving it an aqua"
                    text run at (0,20) width 250: "background and a -10px bottom margin"
                LayoutText {#text} at (250,20) size 747x39
                  text run at (250,20) width 497: ". Margins on inline elements does not affect line-height calculations, so all lines"
                  text run at (0,40) width 305: "in this element should have the same line-height."
layer at (8,89) size 784x2 clip at (0,0) size 0x0
  LayoutNGBlockFlow {HR} at (0,81) size 784x2 [border: (1px inset #EEEEEE)]
