layer at (0,0) size 800x600
  LayoutView at (0,0) size 800x600
layer at (0,0) size 800x600
  LayoutBlockFlow {HTML} at (0,0) size 800x600
    LayoutBlockFlow {BODY} at (8,8) size 784x584
      LayoutBlockFlow {P} at (0,0) size 784x20
        LayoutText {#text} at (0,0) size 500x19
          text run at (0,0) width 500: "This tests for a bug where spaces couldn't be inserted before signatures and replies."
      LayoutBlockFlow {DIV} at (0,36) size 784x40
        LayoutBlockFlow (anonymous) at (0,0) size 784x20
          LayoutText {#text} at (0,0) size 4x19
            text run at (0,0) width 4: " "
          LayoutBR {BR} at (4,15) size 0x0
        LayoutBlockFlow {DIV} at (0,20) size 784x20
          LayoutText {#text} at (0,0) size 330x19
            text run at (0,0) width 330: "There should be a single space in the paragraph above."
caret: position 1 of child 0 {#text} of child 2 {DIV} of body
