layer at (0,0) size 800x600
  LayoutView at (0,0) size 800x600
layer at (0,0) size 800x600
  LayoutBlockFlow {HTML} at (0,0) size 800x600
    LayoutBlockFlow {BODY} at (8,8) size 784x584
      LayoutBlockFlow {P} at (0,0) size 784x20
        LayoutText {#text} at (0,0) size 724x19
          text run at (0,0) width 724: "This tests for a bug where hitting return between two tables would add a new paragraph at the end of the editable region."
      LayoutBlockFlow {DIV} at (0,36) size 784x96
        LayoutTable {TABLE} at (0,0) size 456x28 [border: (1px solid #AAAAAA)]
          LayoutTableSection {TBODY} at (1,1) size 454x26
            LayoutTableRow {TR} at (0,2) size 454x22
              LayoutTableCell {TD} at (2,2) size 450x22 [r=0 c=0 rs=1 cs=1]
                LayoutText {#text} at (1,1) size 448x19
                  text run at (1,1) width 448: "There should be two empty paragraphs after this table and before the next."
        LayoutBlockFlow (anonymous) at (0,28) size 784x40
          LayoutBR {BR} at (0,0) size 0x19
          LayoutBR {BR} at (0,20) size 0x19
        LayoutTable {TABLE} at (0,68) size 265x28 [border: (1px solid #AAAAAA)]
          LayoutTableSection {TBODY} at (1,1) size 263x26
            LayoutTableRow {TR} at (0,2) size 263x22
              LayoutTableCell {TD} at (2,2) size 259x22 [r=0 c=0 rs=1 cs=1]
                LayoutText {#text} at (1,1) size 257x19
                  text run at (1,1) width 257: "And the caret should be in the second one."
caret: position 0 of child 2 {BR} of child 2 {DIV} of body
