layer at (0,0) size 800x600
  LayoutView at (0,0) size 800x600
layer at (0,0) size 800x600
  LayoutBlockFlow {HTML} at (0,0) size 800x600
    LayoutBlockFlow {BODY} at (8,8) size 784x584
      LayoutBlockFlow {P} at (0,0) size 784x20
        LayoutText {#text} at (0,0) size 653x19
          text run at (0,0) width 653: "This tests for a bug where hitting return after a line break in text that preserves newlines wouldn't do anything."
      LayoutBlockFlow {DIV} at (0,36) size 784x60
        LayoutBlockFlow (anonymous) at (0,0) size 784x40
          LayoutText {#text} at (0,0) size 21x19
            text run at (0,0) width 21: "xxx"
            text run at (21,0) width 0: " "
          LayoutBR {BR} at (0,20) size 0x19
        LayoutBlockFlow {DIV} at (0,40) size 784x20
          LayoutText {#text} at (0,0) size 638x19
            text run at (0,0) width 638: "There should be an empty paragraph before this one, and the caret should be at the start of this paragraph."
caret: position 0 of child 0 {#text} of child 2 {DIV} of child 2 {DIV} of body
