EDITING DELEGATE: webViewDidChangeSelection:WebViewDidChangeSelectionNotification
EDITING DELEGATE: webViewDidChangeSelection:WebViewDidChangeSelectionNotification
EDITING DELEGATE: webViewDidChange:WebViewDidChangeNotification
layer at (0,0) size 800x600
  LayoutView at (0,0) size 800x600
layer at (0,0) size 800x600
  LayoutBlockFlow {HTML} at (0,0) size 800x600
    LayoutBlockFlow {BODY} at (8,8) size 784x584
      LayoutBlockFlow {P} at (0,0) size 784x20
        LayoutText {#text} at (0,0) size 588x19
          text run at (0,0) width 325: "This tests InsertParagraphSeparator inside table cells. "
          text run at (325,0) width 263: "'Cell' and 'Two' should be on separate lines."
      LayoutBlockFlow {DIV} at (0,36) size 784x50
        LayoutTable {TABLE} at (0,0) size 98x50 [border: (1px outset #808080)]
          LayoutTableSection {TBODY} at (1,1) size 96x48
            LayoutTableRow {TR} at (0,2) size 96x44
              LayoutTableCell {TD} at (2,12) size 58x24 [border: (1px inset #808080)] [r=0 c=0 rs=1 cs=1]
                LayoutText {#text} at (2,2) size 54x19
                  text run at (2,2) width 54: "Cell One"
              LayoutTableCell {TD} at (62,2) size 32x44 [border: (1px inset #808080)] [r=0 c=1 rs=1 cs=1]
                LayoutText {#text} at (2,2) size 28x19
                  text run at (2,2) width 28: "Cell "
                LayoutBR {BR} at (30,17) size 0x0
                LayoutInline {SPAN} at (0,0) size 27x19
                  LayoutText {#text} at (2,22) size 27x19
                    text run at (2,22) width 27: "Two"
caret: position 0 of child 0 {#text} of child 2 {SPAN} of child 1 {TD} of child 0 {TR} of child 0 {TBODY} of child 0 {TABLE} of child 2 {DIV} of body
