layer at (0,0) size 800x600
  LayoutView at (0,0) size 800x600
layer at (0,0) size 800x600
  LayoutNGBlockFlow {HTML} at (0,0) size 800x600
    LayoutNGBlockFlow {BODY} at (0,0) size 800x584
      LayoutNGBlockFlow {P} at (0,0) size 800x20
        LayoutText {#text} at (0,0) size 31x19
          text run at (0,0) width 31: "Bug "
        LayoutInline {A} at (0,0) size 40x19 [color=#0000EE]
          LayoutText {#text} at (31,0) size 40x19
            text run at (31,0) width 40: "29495"
        LayoutText {#text} at (71,0) size 323x19
          text run at (71,0) width 323: ". You should see one green box below, with no red."
layer at (10,60) size 50x50
  LayoutNGBlockFlow (positioned) {DIV} at (10,60) size 50x50 [bgcolor=#FF0000]
layer at (10,10) size 0x0
  LayoutNGBlockFlow (positioned) {DIV} at (10,10) size 0x0
layer at (10,10) size 100x100
  LayoutNGBlockFlow (positioned) {DIV} at (0,0) size 100x100 [bgcolor=#008000]
