layer at (0,0) size 800x600
  LayoutView at (0,0) size 1066x799
layer at (0,0) size 1066x40 backgroundClip at (0,0) size 800x600 clip at (0,0) size 800x600
  LayoutNGBlockFlow {HTML} at (0,0) size 1066x40
    LayoutNGBlockFlow {BODY} at (8,8) size 1050x24
layer at (8,8) size 168x24 scrollWidth 1216
  LayoutNGBlockFlow {DIV} at (0,0) size 168x24 [color=#FFFFFF] [bgcolor=#000000]
    LayoutText {#text} at (0,0) size 160x16
      text run at (0,0) width 144: "This text"
      text run at (144,0) width 16: "\x{2026}"
