layer at (0,0) size 800x600
  LayoutView at (0,0) size 800x600
layer at (0,0) size 800x600
  LayoutBlockFlow {HTML} at (0,0) size 800x600
    LayoutBlockFlow {BODY} at (8,8) size 784x584 [bgcolor=#CCCCCC]
      LayoutBlockFlow {P} at (0,0) size 784x20
        LayoutText {#text} at (0,0) size 355x19
          text run at (0,0) width 355: "The style declarations which apply to the text below are:"
      LayoutBlockFlow {PRE} at (0,36) size 784x48
        LayoutText {#text} at (0,0) size 408x48
          text run at (0,0) width 408: ".one {border-top-width: 25px; border-style: solid;}"
          text run at (408,0) width 0: " "
          text run at (0,16) width 408: ".two {border-top-width: thin; border-style: solid;}"
          text run at (408,16) width 0: " "
          text run at (0,32) width 256: ".three {border-top-width: 25px;}"
          text run at (256,32) width 0: " "
      LayoutBlockFlow {P} at (0,115) size 784x88 [border: (25px solid #000000) (3px solid #000000)]
        LayoutText {#text} at (3,25) size 172x19
          text run at (3,25) width 172: "This element has a class of "
        LayoutInline {TT} at (0,0) size 24x16
          LayoutText {#text} at (175,28) size 24x16
            text run at (175,28) width 24: "one"
        LayoutText {#text} at (199,25) size 162x19
          text run at (199,25) width 8: ". "
          text run at (207,25) width 154: "However, it contains an "
        LayoutInline {SPAN} at (0,0) size 174x23 [border: (1px solid #000000) (3px solid #000000)]
          LayoutText {#text} at (363,25) size 144x19
            text run at (363,25) width 144: "inline element of class "
          LayoutInline {TT} at (0,0) size 25x16
            LayoutText {#text} at (506,28) size 25x16
              text run at (506,28) width 25: "two"
        LayoutText {#text} at (533,25) size 772x59
          text run at (533,25) width 221: ", which should result in a thin solid"
          text run at (3,45) width 692: "border on the top side of each box in the inline element (and the UA's default border on the other three sides). "
          text run at (695,45) width 80: "There is also"
          text run at (3,65) width 19: "an "
        LayoutInline {SPAN} at (0,0) size 183x19
          LayoutText {#text} at (22,65) size 143x19
            text run at (22,65) width 143: "inline element of class "
          LayoutInline {TT} at (0,0) size 40x16
            LayoutText {#text} at (165,68) size 40x16
              text run at (165,68) width 40: "three"
        LayoutText {#text} at (205,65) size 569x19
          text run at (205,65) width 569: ", which should have no top border width or visible border because no border style was set."
      LayoutTable {TABLE} at (0,219) size 784x146 [border: (1px outset #808080)]
        LayoutTableSection {TBODY} at (1,1) size 782x144
          LayoutTableRow {TR} at (0,0) size 782x28
            LayoutTableCell {TD} at (0,0) size 782x28 [bgcolor=#C0C0C0] [border: (1px inset #808080)] [r=0 c=0 rs=1 cs=2]
              LayoutInline {STRONG} at (0,0) size 161x19
                LayoutText {#text} at (4,4) size 161x19
                  text run at (4,4) width 161: "TABLE Testing Section"
          LayoutTableRow {TR} at (0,28) size 782x116
            LayoutTableCell {TD} at (0,72) size 12x28 [bgcolor=#C0C0C0] [border: (1px inset #808080)] [r=1 c=0 rs=1 cs=1]
              LayoutText {#text} at (4,4) size 4x19
                text run at (4,4) width 4: " "
            LayoutTableCell {TD} at (12,28) size 770x116 [border: (1px inset #808080)] [r=1 c=1 rs=1 cs=1]
              LayoutBlockFlow {P} at (4,4) size 762x108 [border: (25px solid #000000) (3px solid #000000)]
                LayoutText {#text} at (3,25) size 172x19
                  text run at (3,25) width 172: "This element has a class of "
                LayoutInline {TT} at (0,0) size 24x16
                  LayoutText {#text} at (175,28) size 24x16
                    text run at (175,28) width 24: "one"
                LayoutText {#text} at (199,25) size 162x19
                  text run at (199,25) width 8: ". "
                  text run at (207,25) width 154: "However, it contains an "
                LayoutInline {SPAN} at (0,0) size 174x23 [border: (1px solid #000000) (3px solid #000000)]
                  LayoutText {#text} at (363,25) size 144x19
                    text run at (363,25) width 144: "inline element of class "
                  LayoutInline {TT} at (0,0) size 25x16
                    LayoutText {#text} at (506,28) size 25x16
                      text run at (506,28) width 25: "two"
                LayoutText {#text} at (533,25) size 751x59
                  text run at (533,25) width 221: ", which should result in a thin solid"
                  text run at (3,45) width 692: "border on the top side of each box in the inline element (and the UA's default border on the other three sides). "
                  text run at (695,45) width 51: "There is"
                  text run at (3,65) width 48: "also an "
                LayoutInline {SPAN} at (0,0) size 183x19
                  LayoutText {#text} at (51,65) size 143x19
                    text run at (51,65) width 143: "inline element of class "
                  LayoutInline {TT} at (0,0) size 40x16
                    LayoutText {#text} at (194,68) size 40x16
                      text run at (194,68) width 40: "three"
                LayoutText {#text} at (234,65) size 746x39
                  text run at (234,65) width 515: ", which should have no top border width or visible border because no border style"
                  text run at (3,85) width 50: "was set."
layer at (8,105) size 784x2 clip at (0,0) size 0x0
  LayoutBlockFlow {HR} at (0,97) size 784x2 [border: (1px inset #EEEEEE)]
