layer at (0,0) size 800x600
  LayoutView at (0,0) size 800x600
layer at (0,0) size 800x600
  LayoutBlockFlow {HTML} at (0,0) size 800x600
    LayoutBlockFlow {BODY} at (8,8) size 784x584 [bgcolor=#CCCCCC]
      LayoutBlockFlow {P} at (0,0) size 784x20
        LayoutText {#text} at (0,0) size 355x19
          text run at (0,0) width 355: "The style declarations which apply to the text below are:"
      LayoutBlockFlow {PRE} at (0,36) size 784x48
        LayoutText {#text} at (0,0) size 304x48
          text run at (0,0) width 304: ".one {border-top: purple double 10px;}"
          text run at (304,0) width 0: " "
          text run at (0,16) width 296: ".two {border-top: purple thin solid;}"
          text run at (296,16) width 0: " "
          text run at (0,32) width 0: " "
      LayoutBlockFlow {P} at (0,115) size 784x60 [bgcolor=#C0C0C0]
        LayoutText {#text} at (0,0) size 666x19
          text run at (0,0) width 666: "This is an unstyled element, save for the background color, and containing inline elements with classes of "
        LayoutInline {SPAN} at (0,0) size 58x29 [border: (10px double #800080) none]
          LayoutText {#text} at (665,0) size 58x19
            text run at (665,0) width 58: "class one"
        LayoutText {#text} at (722,0) size 770x39
          text run at (722,0) width 48: ", which"
          text run at (0,20) width 338: "should have a 10-pixel purple double top border; and "
        LayoutInline {SPAN} at (0,0) size 58x20 [border: (1px solid #800080) none]
          LayoutText {#text} at (338,20) size 58x19
            text run at (338,20) width 58: "class two"
        LayoutText {#text} at (396,20) size 774x39
          text run at (396,20) width 321: ", which should have a thin solid purple top border. "
          text run at (716,20) width 58: "The line-"
          text run at (0,40) width 372: "height of the parent element should not change on any line."
      LayoutTable {TABLE} at (0,191) size 784x98 [border: (1px outset #808080)]
        LayoutTableSection {TBODY} at (1,1) size 782x96
          LayoutTableRow {TR} at (0,0) size 782x28
            LayoutTableCell {TD} at (0,0) size 782x28 [bgcolor=#C0C0C0] [border: (1px inset #808080)] [r=0 c=0 rs=1 cs=2]
              LayoutInline {STRONG} at (0,0) size 161x19
                LayoutText {#text} at (4,4) size 161x19
                  text run at (4,4) width 161: "TABLE Testing Section"
          LayoutTableRow {TR} at (0,28) size 782x68
            LayoutTableCell {TD} at (0,48) size 12x28 [bgcolor=#C0C0C0] [border: (1px inset #808080)] [r=1 c=0 rs=1 cs=1]
              LayoutText {#text} at (4,4) size 4x19
                text run at (4,4) width 4: " "
            LayoutTableCell {TD} at (12,28) size 770x68 [border: (1px inset #808080)] [r=1 c=1 rs=1 cs=1]
              LayoutBlockFlow {P} at (4,4) size 762x60 [bgcolor=#C0C0C0]
                LayoutText {#text} at (0,0) size 666x19
                  text run at (0,0) width 666: "This is an unstyled element, save for the background color, and containing inline elements with classes of "
                LayoutInline {SPAN} at (0,0) size 58x29 [border: (10px double #800080) none]
                  LayoutText {#text} at (665,0) size 58x19
                    text run at (665,0) width 58: "class one"
                LayoutText {#text} at (722,0) size 727x39
                  text run at (722,0) width 5: ","
                  text run at (0,20) width 381: "which should have a 10-pixel purple double top border; and "
                LayoutInline {SPAN} at (0,0) size 58x20 [border: (1px solid #800080) none]
                  LayoutText {#text} at (381,20) size 58x19
                    text run at (381,20) width 58: "class two"
                LayoutText {#text} at (439,20) size 756x39
                  text run at (439,20) width 317: ", which should have a thin solid purple top border."
                  text run at (0,40) width 429: "The line-height of the parent element should not change on any line."
layer at (8,105) size 784x2 clip at (0,0) size 0x0
  LayoutBlockFlow {HR} at (0,97) size 784x2 [border: (1px inset #EEEEEE)]
