layer at (0,0) size 800x600
  LayoutView at (0,0) size 800x600
layer at (0,0) size 800x600
  LayoutBlockFlow {HTML} at (0,0) size 800x600
    LayoutBlockFlow {BODY} at (8,8) size 784x584 [bgcolor=#CCCCCC]
      LayoutBlockFlow {P} at (0,0) size 784x20
        LayoutText {#text} at (0,0) size 355x19
          text run at (0,0) width 355: "The style declarations which apply to the text below are:"
      LayoutBlockFlow {PRE} at (0,36) size 784x48
        LayoutText {#text} at (0,0) size 728x48
          text run at (0,0) width 392: ".one {border-color: purple; border-style: solid;}"
          text run at (392,0) width 0: " "
          text run at (0,16) width 568: ".two {border-color: purple; border-width: medium; border-style: solid;}"
          text run at (568,16) width 0: " "
          text run at (0,32) width 728: ".three {border-color: purple green blue yellow; border-width: medium; border-style: solid;}"
          text run at (728,32) width 0: " "
      LayoutBlockFlow {P} at (0,115) size 784x26 [border: (3px solid #800080)]
        LayoutText {#text} at (3,3) size 357x19
          text run at (3,3) width 357: "This element should have a purple border surrounding it."
      LayoutBlockFlow {P} at (0,157) size 784x26 [border: (3px solid #800080)]
        LayoutText {#text} at (3,3) size 453x19
          text run at (3,3) width 453: "This element should have a medium-width purple border surrounding it."
      LayoutBlockFlow {P} at (0,199) size 784x46 [border: (3px solid #800080) (3px solid #008000) (3px solid #0000FF) (3px solid #FFFF00)]
        LayoutText {#text} at (3,3) size 763x39
          text run at (3,3) width 763: "This element should be surrounded by a medium width border which is purple on top, green on the right side, blue on the"
          text run at (3,23) width 222: "bottom, and yellow on the left side."
      LayoutTable {TABLE} at (0,261) size 784x168 [border: (1px outset #808080)]
        LayoutTableSection {TBODY} at (1,1) size 782x166
          LayoutTableRow {TR} at (0,0) size 782x28
            LayoutTableCell {TD} at (0,0) size 782x28 [bgcolor=#C0C0C0] [border: (1px inset #808080)] [r=0 c=0 rs=1 cs=2]
              LayoutInline {STRONG} at (0,0) size 161x19
                LayoutText {#text} at (4,4) size 161x19
                  text run at (4,4) width 161: "TABLE Testing Section"
          LayoutTableRow {TR} at (0,28) size 782x138
            LayoutTableCell {TD} at (0,83) size 12x28 [bgcolor=#C0C0C0] [border: (1px inset #808080)] [r=1 c=0 rs=1 cs=1]
              LayoutText {#text} at (4,4) size 4x19
                text run at (4,4) width 4: " "
            LayoutTableCell {TD} at (12,28) size 770x138 [border: (1px inset #808080)] [r=1 c=1 rs=1 cs=1]
              LayoutBlockFlow {P} at (4,4) size 762x26 [border: (3px solid #800080)]
                LayoutText {#text} at (3,3) size 357x19
                  text run at (3,3) width 357: "This element should have a purple border surrounding it."
              LayoutBlockFlow {P} at (4,46) size 762x26 [border: (3px solid #800080)]
                LayoutText {#text} at (3,3) size 453x19
                  text run at (3,3) width 453: "This element should have a medium-width purple border surrounding it."
              LayoutBlockFlow {P} at (4,88) size 762x46 [border: (3px solid #800080) (3px solid #008000) (3px solid #0000FF) (3px solid #FFFF00)]
                LayoutText {#text} at (3,3) size 740x39
                  text run at (3,3) width 740: "This element should be surrounded by a medium width border which is purple on top, green on the right side, blue on"
                  text run at (3,23) width 245: "the bottom, and yellow on the left side."
layer at (8,105) size 784x2 clip at (0,0) size 0x0
  LayoutBlockFlow {HR} at (0,97) size 784x2 [border: (1px inset #EEEEEE)]
