layer at (0,0) size 800x600 clip at (0,0) size 785x600 scrollHeight 1723
  LayoutView at (0,0) size 800x600
layer at (0,0) size 785x1723 backgroundClip at (0,0) size 785x600 clip at (0,0) size 785x600
  LayoutBlockFlow {HTML} at (0,0) size 785x1723.25
    LayoutBlockFlow {BODY} at (8,8) size 769x1707.25 [bgcolor=#CCCCCC]
      LayoutBlockFlow {P} at (0,0) size 769x20
        LayoutText {#text} at (0,0) size 355x19
          text run at (0,0) width 355: "The style declarations which apply to the text below are:"
      LayoutBlockFlow {PRE} at (0,33) size 769x128
        LayoutText {#text} at (0,0) size 392x128
          text run at (0,0) width 384: ".zero {background-color: silver; margin-top: 0;}"
          text run at (384,0) width 0: " "
          text run at (0,16) width 392: ".one {margin-top: 0.5in; background-color: aqua;}"
          text run at (392,16) width 0: " "
          text run at (0,32) width 384: ".two {margin-top: 25px; background-color: aqua;}"
          text run at (384,32) width 0: " "
          text run at (0,48) width 392: ".three {margin-top: 5em; background-color: aqua;}"
          text run at (392,48) width 0: " "
          text run at (0,64) width 384: ".four {margin-top: 25%; background-color: aqua;}"
          text run at (384,64) width 0: " "
          text run at (0,80) width 200: ".five {margin-top: 25px;}"
          text run at (200,80) width 0: " "
          text run at (0,96) width 392: ".six {margin-top: -10px; background-color: aqua;}"
          text run at (392,96) width 0: " "
          text run at (0,112) width 200: "P, UL {margin-bottom: 0;}"
          text run at (200,112) width 0: " "
      LayoutBlockFlow {P} at (0,184) size 769x20 [bgcolor=#C0C0C0]
        LayoutText {#text} at (0,0) size 203x19
          text run at (0,0) width 203: "This element has a class of zero."
      LayoutBlockFlow {P} at (0,204) size 769x20 [bgcolor=#C0C0C0]
        LayoutText {#text} at (0,0) size 232x19
          text run at (0,0) width 232: "This element also has a class of zero."
      LayoutBlockFlow {P} at (0,272) size 769x40 [bgcolor=#00FFFF]
        LayoutText {#text} at (0,0) size 759x39
          text run at (0,0) width 759: "This element should have a top margin of half an inch, which will require extra text in order to make sure that the margin"
          text run at (0,20) width 155: "isn't applied to each line."
      LayoutBlockFlow {P} at (0,337) size 769x40 [bgcolor=#00FFFF]
        LayoutText {#text} at (0,0) size 742x39
          text run at (0,0) width 742: "This element should have a top margin of 25 pixels, which will require extra text in order to make sure that the margin"
          text run at (0,20) width 155: "isn't applied to each line."
      LayoutBlockFlow {P} at (0,457) size 769x40 [bgcolor=#00FFFF]
        LayoutText {#text} at (0,0) size 745x39
          text run at (0,0) width 745: "This element should have a top margin of 5 em, which will require extra text in order to make sure that the margin isn't"
          text run at (0,20) width 126: "applied to each line."
      LayoutBlockFlow {P} at (0,689.25) size 769x40 [bgcolor=#00FFFF]
        LayoutText {#text} at (0,0) size 753x39
          text run at (0,0) width 725: "This element should have a top margin of 25%, which is calculated with respect to the width of the parent element. "
          text run at (724,0) width 29: "This"
          text run at (0,20) width 232: "will require extra text in order to test."
      LayoutBlockFlow {UL} at (0,754.25) size 769x105 [bgcolor=#00FFFF]
        LayoutListItem {LI} at (40,0) size 729x20
          LayoutListMarker (anonymous) at (-18,0) size 7x19: bullet
          LayoutText {#text} at (0,0) size 400x19
            text run at (0,0) width 400: "This list has a margin-top of 25px, and a light blue background."
        LayoutListItem {LI} at (40,20) size 729x20
          LayoutListMarker (anonymous) at (-18,0) size 7x19: bullet
          LayoutText {#text} at (0,0) size 264x19
            text run at (0,0) width 264: "Therefore, it ought to have such a margin."
        LayoutListItem {LI} at (40,65) size 729x20
          LayoutListMarker (anonymous) at (-18,0) size 7x19: bullet
          LayoutText {#text} at (0,0) size 567x19
            text run at (0,0) width 567: "This list item has a top margin of 25px, which should cause it to be offset in some fashion."
        LayoutListItem {LI} at (40,85) size 729x20
          LayoutListMarker (anonymous) at (-18,0) size 7x19: bullet
          LayoutText {#text} at (0,0) size 294x19
            text run at (0,0) width 294: "This list item has no special styles applied to it."
      LayoutBlockFlow {P} at (0,859.25) size 769x20 [bgcolor=#C0C0C0]
        LayoutText {#text} at (0,0) size 203x19
          text run at (0,0) width 203: "This element has a class of zero."
      LayoutBlockFlow {P} at (0,869.25) size 769x60 [bgcolor=#00FFFF]
        LayoutText {#text} at (0,0) size 766x59
          text run at (0,0) width 766: "This element has a top margin of -10px, which should cause it to be shifted \"upward\" on the page, and no bottom margin."
          text run at (0,20) width 488: "No other styles have been applied to it besides a light blue background color. "
          text run at (487,20) width 268: "In all other respects, the element should be"
          text run at (0,40) width 48: "normal."
      LayoutTable {TABLE} at (0,929.25) size 769x778 [border: (1px outset #808080)]
        LayoutTableSection {TBODY} at (1,1) size 767x776
          LayoutTableRow {TR} at (0,0) size 767x28
            LayoutTableCell {TD} at (0,0) size 767x28 [bgcolor=#C0C0C0] [border: (1px inset #808080)] [r=0 c=0 rs=1 cs=2]
              LayoutInline {STRONG} at (0,0) size 161x19
                LayoutText {#text} at (4,4) size 161x19
                  text run at (4,4) width 161: "TABLE Testing Section"
          LayoutTableRow {TR} at (0,28) size 767x748
            LayoutTableCell {TD} at (0,388) size 12x28 [bgcolor=#C0C0C0] [border: (1px inset #808080)] [r=1 c=0 rs=1 cs=1]
              LayoutText {#text} at (4,4) size 4x19
                text run at (4,4) width 4: " "
            LayoutTableCell {TD} at (12,28) size 755x747.75 [border: (1px inset #808080)] [r=1 c=1 rs=1 cs=1]
              LayoutBlockFlow {P} at (4,4) size 747x20 [bgcolor=#C0C0C0]
                LayoutText {#text} at (0,0) size 203x19
                  text run at (0,0) width 203: "This element has a class of zero."
              LayoutBlockFlow {P} at (4,24) size 747x20 [bgcolor=#C0C0C0]
                LayoutText {#text} at (0,0) size 232x19
                  text run at (0,0) width 232: "This element also has a class of zero."
              LayoutBlockFlow {P} at (4,92) size 747x40 [bgcolor=#00FFFF]
                LayoutText {#text} at (0,0) size 711x39
                  text run at (0,0) width 711: "This element should have a top margin of half an inch, which will require extra text in order to make sure that the"
                  text run at (0,20) width 203: "margin isn't applied to each line."
              LayoutBlockFlow {P} at (4,157) size 747x40 [bgcolor=#00FFFF]
                LayoutText {#text} at (0,0) size 742x39
                  text run at (0,0) width 742: "This element should have a top margin of 25 pixels, which will require extra text in order to make sure that the margin"
                  text run at (0,20) width 155: "isn't applied to each line."
              LayoutBlockFlow {P} at (4,277) size 747x40 [bgcolor=#00FFFF]
                LayoutText {#text} at (0,0) size 745x39
                  text run at (0,0) width 745: "This element should have a top margin of 5 em, which will require extra text in order to make sure that the margin isn't"
                  text run at (0,20) width 126: "applied to each line."
              LayoutBlockFlow {P} at (4,503.75) size 747x40 [bgcolor=#00FFFF]
                LayoutText {#text} at (0,0) size 721x39
                  text run at (0,0) width 721: "This element should have a top margin of 25%, which is calculated with respect to the width of the parent element."
                  text run at (0,20) width 264: "This will require extra text in order to test."
              LayoutBlockFlow {UL} at (4,568.75) size 747x105 [bgcolor=#00FFFF]
                LayoutListItem {LI} at (40,0) size 707x20
                  LayoutListMarker (anonymous) at (-18,0) size 7x19: bullet
                  LayoutText {#text} at (0,0) size 400x19
                    text run at (0,0) width 400: "This list has a margin-top of 25px, and a light blue background."
                LayoutListItem {LI} at (40,20) size 707x20
                  LayoutListMarker (anonymous) at (-18,0) size 7x19: bullet
                  LayoutText {#text} at (0,0) size 264x19
                    text run at (0,0) width 264: "Therefore, it ought to have such a margin."
                LayoutListItem {LI} at (40,65) size 707x20
                  LayoutListMarker (anonymous) at (-18,0) size 7x19: bullet
                  LayoutText {#text} at (0,0) size 567x19
                    text run at (0,0) width 567: "This list item has a top margin of 25px, which should cause it to be offset in some fashion."
                LayoutListItem {LI} at (40,85) size 707x20
                  LayoutListMarker (anonymous) at (-18,0) size 7x19: bullet
                  LayoutText {#text} at (0,0) size 294x19
                    text run at (0,0) width 294: "This list item has no special styles applied to it."
              LayoutBlockFlow {P} at (4,673.75) size 747x20 [bgcolor=#C0C0C0]
                LayoutText {#text} at (0,0) size 203x19
                  text run at (0,0) width 203: "This element has a class of zero."
              LayoutBlockFlow {P} at (4,683.75) size 747x60 [bgcolor=#00FFFF]
                LayoutText {#text} at (0,0) size 741x59
                  text run at (0,0) width 714: "This element has a top margin of -10px, which should cause it to be shifted \"upward\" on the page, and no bottom"
                  text run at (0,20) width 52: "margin. "
                  text run at (51,20) width 488: "No other styles have been applied to it besides a light blue background color. "
                  text run at (538,20) width 203: "In all other respects, the element"
                  text run at (0,40) width 113: "should be normal."
layer at (8,182) size 769x2 clip at (0,0) size 0x0
  LayoutBlockFlow {HR} at (0,174) size 769x2 [border: (1px inset #EEEEEE)]
