layer at (0,0) size 800x600
  LayoutView at (0,0) size 800x600
layer at (0,0) size 800x600
  LayoutBlockFlow {HTML} at (0,0) size 800x600
    LayoutBlockFlow {BODY} at (8,8) size 784x576
      LayoutBlockFlow {DIV} at (0,0) size 784x20
        LayoutText {#text} at (0,0) size 82x19
          text run at (0,0) width 82: "Test case for "
        LayoutInline {A} at (0,0) size 63x19 [color=#0000EE]
          LayoutText {#text} at (82,0) size 63x19
            text run at (82,0) width 63: "Bug 7265"
        LayoutText {#text} at (145,0) size 587x19
          text run at (145,0) width 587: " REGRESSION: noscript, noframes, nolayer, noembed tags insert break inside paragraph tag"
      LayoutBlockFlow {P} at (0,36) size 784x20
        LayoutText {#text} at (0,0) size 321x19
          text run at (0,0) width 321: "This sentence contains noscript tags and should be "
        LayoutText {#text} at (321,0) size 74x19
          text run at (321,0) width 74: "on one line."
      LayoutBlockFlow {P} at (0,72) size 784x20
        LayoutText {#text} at (0,0) size 329x19
          text run at (0,0) width 329: "This sentence contains noframes tags and should be "
        LayoutText {#text} at (329,0) size 74x19
          text run at (329,0) width 74: "on one line."
      LayoutBlockFlow {P} at (0,108) size 784x20
        LayoutText {#text} at (0,0) size 318x19
          text run at (0,0) width 318: "This sentence contains nolayer tags and should be "
        LayoutInline {NOLAYER} at (0,0) size 0x0
        LayoutText {#text} at (318,0) size 74x19
          text run at (318,0) width 74: "on one line."
      LayoutBlockFlow {P} at (0,144) size 784x20
        LayoutText {#text} at (0,0) size 329x19
          text run at (0,0) width 329: "This sentence contains noembed tags and should be "
        LayoutText {#text} at (329,0) size 74x19
          text run at (329,0) width 74: "on one line."
