layer at (0,0) size 800x600
  LayoutView at (0,0) size 800x600
layer at (0,0) size 800x360
  LayoutNGBlockFlow {HTML} at (0,0) size 800x360
    LayoutNGBlockFlow {BODY} at (8,8) size 784x344
      LayoutNGBlockFlow {P} at (0,0) size 784x40
        LayoutText {#text} at (0,0) size 578x19
          text run at (0,0) width 578: "This tests that bidirectional text is correctly rendered when using ATSUI in list box controls."
        LayoutBR {BR} at (577,0) size 0x0
        LayoutText {#text} at (0,20) size 566x19
          text run at (0,20) width 566: "The order of the text below each list box should match the order of the select's option text."
      LayoutNGBlockFlow (anonymous) at (0,56) size 784x56
        LayoutText {#text} at (0,0) size 97x19
          text run at (0,0) width 97: "1) direction: rtl;"
        LayoutBR {BR} at (97,0) size 0x0
        LayoutBR {BR} at (84,37) size 0x0
      LayoutNGBlockFlow {DIV} at (0,112) size 100x20
        LayoutText {#text} at (31,0) size 69x19
          text run at (31,0) width 47: "\x{5D0}\x{5E4}\x{5E8}\x{5E1}\x{5DE}\x{5D5}\x{5DF}"
          text run at (78,0) width 22: "a\x{300}bc"
      LayoutNGBlockFlow (anonymous) at (0,132) size 784x76
        LayoutBR {BR} at (0,0) size 0x0
        LayoutText {#text} at (0,20) size 97x19
          text run at (0,20) width 97: "2) direction: ltr;"
        LayoutBR {BR} at (97,20) size 0x0
        LayoutBR {BR} at (84,57) size 0x0
      LayoutNGBlockFlow {DIV} at (0,208) size 100x20
        LayoutText {#text} at (0,0) size 69x19
          text run at (0,0) width 22: "a\x{300}bc"
          text run at (22,0) width 47: "\x{5D0}\x{5E4}\x{5E8}\x{5E1}\x{5DE}\x{5D5}\x{5DF}"
      LayoutNGBlockFlow (anonymous) at (0,228) size 784x76
        LayoutBR {BR} at (0,0) size 0x0
        LayoutText {#text} at (0,20) size 70x19
          text run at (0,20) width 70: "3) No style"
        LayoutBR {BR} at (70,20) size 0x0
        LayoutBR {BR} at (84,57) size 0x0
      LayoutNGBlockFlow {DIV} at (0,304) size 100x20
        LayoutText {#text} at (0,0) size 69x19
          text run at (0,0) width 22: "a\x{300}bc"
          text run at (22,0) width 47: "\x{5D0}\x{5E4}\x{5E8}\x{5E1}\x{5DE}\x{5D5}\x{5DF}"
      LayoutNGBlockFlow (anonymous) at (0,324) size 784x20
        LayoutBR {BR} at (0,0) size 0x0
layer at (8,84) size 84x36 clip at (24,85) size 67x34
  LayoutListBox {SELECT} at (0,20) size 84x36 [bgcolor=#FFFFFF] [border: (1px solid #A9A9A9)]
    LayoutBlockFlow {OPTION} at (16,1) size 67x17
      LayoutText {#text} at (2,0) size 63x16
        text run at (2,0) width 42 RTL: "\x{5D0}\x{5E4}\x{5E8}\x{5E1}\x{5DE}\x{5D5}\x{5DF}"
        text run at (44,0) width 21: "a\x{300}bc"
layer at (8,180) size 84x36 clip at (9,181) size 67x34
  LayoutListBox {SELECT} at (0,40) size 84x36 [bgcolor=#FFFFFF] [border: (1px solid #A9A9A9)]
    LayoutBlockFlow {OPTION} at (1,1) size 67x17
      LayoutText {#text} at (2,0) size 63x16
        text run at (2,0) width 21: "a\x{300}bc"
        text run at (23,0) width 42 RTL: "\x{5D0}\x{5E4}\x{5E8}\x{5E1}\x{5DE}\x{5D5}\x{5DF}"
layer at (8,276) size 84x36 clip at (9,277) size 67x34
  LayoutListBox {SELECT} at (0,40) size 84x36 [bgcolor=#FFFFFF] [border: (1px solid #A9A9A9)]
    LayoutBlockFlow {OPTION} at (1,1) size 67x17
      LayoutText {#text} at (2,0) size 63x16
        text run at (2,0) width 21: "a\x{300}bc"
        text run at (23,0) width 42 RTL: "\x{5D0}\x{5E4}\x{5E8}\x{5E1}\x{5DE}\x{5D5}\x{5DF}"
