layer at (0,0) size 800x600
  LayoutView at (0,0) size 800x600
layer at (0,0) size 800x168
  LayoutNGBlockFlow {HTML} at (0,0) size 800x168
    LayoutNGBlockFlow {BODY} at (8,8) size 784x152
      LayoutNGBlockFlow {P} at (0,0) size 784x60
        LayoutText {#text} at (0,0) size 52x19
          text run at (0,0) width 52: "Test for "
        LayoutInline {A} at (0,0) size 69x19 [color=#0000EE]
          LayoutText {#text} at (51,0) size 69x19
            text run at (51,0) width 69: "bug 35605"
        LayoutText {#text} at (119,0) size 758x59
          text run at (119,0) width 632: ": Two lines below have one character from CJK Ideograph, one from CJK Ext A (both in BMP) and"
          text run at (0,20) width 758: "three characters from CJK Ext B (plane 2). The last group of characters are covered by Japanese fonts on Mac as well as"
          text run at (0,40) width 331: "two Chinese fonts for Ext B shipped with Windows."
      LayoutNGBlockFlow {DIV} at (0,76) size 784x76
        LayoutNGBlockFlow {DIV} at (0,0) size 784x39
          LayoutText {#text} at (0,2) size 163x36
            text run at (0,2) width 163: "\x{4E00} \x{3400} \x{D867}\x{DE8A}\x{D867}\x{DE49}\x{D867}\x{DEDB}"
        LayoutNGBlockFlow {DIV} at (0,39) size 784x37
          LayoutText {#text} at (0,0) size 169x36
            text run at (0,0) width 169: "\x{4E00} \x{3400} \x{D867}\x{DE8A}\x{D867}\x{DE49}\x{D867}\x{DEDB}"
