layer at (0,0) size 800x600
  LayoutView at (0,0) size 800x600
layer at (0,0) size 800x214
  LayoutNGBlockFlow {HTML} at (0,0) size 800x214
    LayoutNGBlockFlow {BODY} at (8,8) size 784x193
      LayoutNGBlockFlow {DIV} at (0,0) size 784x20
        LayoutText {#text} at (0,0) size 508x19
          text run at (0,0) width 508: "This tests proper handling of unicode-bidi: plaintext. You should not see any red."
      LayoutNGBlockFlow {DIV} at (0,20) size 784x80
        LayoutText {#text} at (0,0) size 40x19
          text run at (0,0) width 40: "!hello."
        LayoutBR {BR} at (40,0) size 0x0
        LayoutText {#text} at (746,20) size 38x19
          text run at (746,20) width 38: "!\x{5E9}\x{5DC}\x{5D5}\x{5DD}."
        LayoutBR {BR} at (746,20) size 0x0
        LayoutText {#text} at (0,40) size 59x19
          text run at (0,40) width 39: "hello, "
          text run at (39,40) width 15: "\x{5DC}\x{5D5}\x{5D9}"
          text run at (54,40) width 5: "!"
        LayoutBR {BR} at (59,40) size 0x0
        LayoutText {#text} at (693,60) size 91x19
          text run at (693,60) width 6: "!"
          text run at (698,60) width 49: "WebKit"
          text run at (747,60) width 37: "\x{5E9}\x{5DC}\x{5D5}\x{5DD}, "
      LayoutNGBlockFlow {PRE} at (0,113) size 784x80
        LayoutText {#text} at (0,0) size 784x80
          text run at (0,0) width 8: "a"
          text run at (8,0) width 0: " "
          text run at (0,16) width 8: "("
          text run at (8,16) width 0: " "
          text run at (680,32) width 0: " "
          text run at (680,32) width 8: "!"
          text run at (688,32) width 48: "WebKit"
          text run at (736,32) width 48: "\x{5E9}\x{5DC}\x{5D5}\x{5DD}, "
          text run at (0,48) width 56: "hello, "
          text run at (56,48) width 24: "\x{5DC}\x{5D5}\x{5D9}"
          text run at (80,48) width 8: "!"
          text run at (88,48) width 0: " "
          text run at (0,64) width 8: ")"
          text run at (8,64) width 0: " "
