layer at (0,0) size 800x600
  LayoutView at (0,0) size 800x600
layer at (0,0) size 800x86
  LayoutBlockFlow {HTML} at (0,0) size 800x86
    LayoutBlockFlow {BODY} at (8,8) size 784x70
layer at (8,8) size 784x70
  LayoutBlockFlow {DIV} at (0,0) size 784x70
    LayoutMultiColumnSet (anonymous) at (0,0) size 784x70
layer at (8,8) size 384x140 backgroundClip at (0,0) size 400x78 clip at (0,0) size 400x78
  LayoutMultiColumnFlowThread (anonymous) at (0,0) size 384x140
    LayoutBlockFlow {DIV} at (0,0) size 384x100
layer at (408,38) size 384x40 scrollHeight 41
  LayoutBlockFlow {DIV} at (0,100) size 384x40
    LayoutBlockFlow (anonymous) at (0,0) size 384x20
      LayoutText {#text} at (0,0) size 312x19
        text run at (0,0) width 312: "There should be a black rectangle below this text."
layer at (408,58) size 384x20
  LayoutBlockFlow {DIV} at (0,20) size 384x20
    LayoutInline {<pseudo:before>} at (0,0) size 10x19
      LayoutTextFragment (anonymous) at (0,0) size 10x19
        text run at (0,0) width 10: "\x{E8A7}"
    LayoutText {#text} at (0,0) size 0x0
