layer at (0,0) size 800x600 scrollHeight 812
  LayoutView at (0,0) size 800x600
layer at (0,0) size 800x810 backgroundClip at (0,0) size 800x600 clip at (0,0) size 800x600
  LayoutBlockFlow {HTML} at (0,0) size 800x810
    LayoutBlockFlow {BODY} at (0,0) size 800x810
      LayoutBlockFlow {SPAN} at (0,0) size 200x810
        LayoutBlockFlow {DIV} at (0,0) size 200x810
          LayoutText {#text} at (0,-2) size 200x814
            text run at (0,-2) width 199: "This test verifies"
            text run at (0,28) width 138: "that display"
            text run at (0,58) width 96: "changes"
            text run at (0,88) width 101: "properly"
            text run at (0,118) width 160: "invalidate the"
            text run at (0,148) width 166: "text autosizer."
            text run at (0,178) width 187: "This test passes"
            text run at (0,208) width 195: "if this text is not"
            text run at (0,238) width 142: "overlapping"
            text run at (0,268) width 128: "with itself."
            text run at (0,298) width 160: "Lorem ipsum"
            text run at (0,328) width 172: "dolor sit amet,"
            text run at (0,358) width 135: "consectetur"
            text run at (0,388) width 183: "adipisicing elit,"
            text run at (0,418) width 187: "sed do eiusmod"
            text run at (0,448) width 84: "tempor"
            text run at (0,478) width 151: "incididunt ut"
            text run at (0,508) width 187: "labore et dolore"
            text run at (0,538) width 167: "magna aliqua."
            text run at (0,568) width 133: "Ut enim ad"
            text run at (0,598) width 180: "minim veniam,"
            text run at (0,628) width 148: "quis nostrud"
            text run at (0,658) width 139: "exercitation"
            text run at (0,688) width 184: "ullamco laboris"
            text run at (0,718) width 200: "nisi ut aliquip ex"
            text run at (0,748) width 153: "ea commodo"
            text run at (0,778) width 127: "consequat."
