layer at (0,0) size 800x600
  LayoutView at (0,0) size 800x600
layer at (0,0) size 800x402
  LayoutBlockFlow {HTML} at (0,0) size 800x402
    LayoutBlockFlow {BODY} at (0,0) size 800x402
      LayoutTable {TABLE} at (0,0) size 800x294
        LayoutTableSection {TBODY} at (0,0) size 800x294
          LayoutTableRow {TR} at (0,2) size 800x290
            LayoutTableCell {TD} at (2,2) size 796x290 [r=0 c=0 rs=1 cs=1]
              LayoutText {#text} at (1,2) size 786x286
                text run at (1,2) width 647: "Lorem ipsum dolor sit amet, consectetur"
                text run at (1,50) width 630: "adipisicing elit, sed do eiusmod tempor"
                text run at (1,98) width 213: "incididunt ut "
                text run at (214,98) width 536: "labore et dolore magna aliqua. Ut"
                text run at (1,146) width 786: "enim ad minim veniam, quis nostrud exercitation"
                text run at (1,194) width 139: "ullamco "
                text run at (140,194) width 613: "laboris ni si ut aliquip ex ea commodo"
                text run at (1,242) width 171: "consequat."
      LayoutTable {TABLE} at (50,294) size 306x54
        LayoutTableSection {TBODY} at (0,0) size 306x54
          LayoutTableRow {TR} at (0,2) size 306x50
            LayoutTableCell {TD} at (2,2) size 302x50 [r=0 c=0 rs=1 cs=1]
              LayoutText {#text} at (1,2) size 300x46
                text run at (1,2) width 300: "Another comment."
      LayoutTable {TABLE} at (100,348) size 306x54
        LayoutTableSection {TBODY} at (0,0) size 306x54
          LayoutTableRow {TR} at (0,2) size 306x50
            LayoutTableCell {TD} at (2,2) size 302x50 [r=0 c=0 rs=1 cs=1]
              LayoutText {#text} at (1,2) size 300x46
                text run at (1,2) width 300: "Another comment."
