layer at (0,0) size 800x600
  LayoutView at (0,0) size 800x600
layer at (271,0) size 529x600
  LayoutBlockFlow {HTML} at (0,0) size 529x600
    LayoutBlockFlow {BODY} at (8,8) size 513x584
      LayoutBlockFlow {DIV} at (0,0) size 513x584
        LayoutBlockFlow {DIV} at (0,0) size 19x584
          LayoutText {#text} at (0,0) size 18x16
            text run at (0,0) width 16: "\x{56FD}"
          LayoutInline {SPAN} at (0,0) size 18x16
            LayoutTextCombine {#text} at (0,16) size 18x16
              text run at (0,16) width 16: "1"
          LayoutText {#text} at (0,32) size 18x16
            text run at (0,32) width 16: "\x{56FD}"
          LayoutInline {SPAN} at (0,0) size 18x16
            LayoutTextCombine {#text} at (0,48) size 18x16
              text run at (0,48) width 16: "23"
          LayoutText {#text} at (0,64) size 18x16
            text run at (0,64) width 16: "\x{56FD}"
          LayoutInline {SPAN} at (0,0) size 18x16
            LayoutTextCombine {#text} at (0,80) size 18x16
              text run at (0,80) width 16: "2016"
          LayoutText {#text} at (0,96) size 18x16
            text run at (0,96) width 16: "\x{56FD}"
          LayoutInline {SPAN} at (0,0) size 18x16
            LayoutTextCombine {#text} at (0,112) size 18x16
              text run at (0,112) width 16: "45674567"
          LayoutText {#text} at (0,128) size 18x16
            text run at (0,128) width 16: "\x{56FD}"
        LayoutBlockFlow {DIV} at (19,0) size 19x584
          LayoutText {#text} at (0,0) size 18x16
            text run at (0,0) width 16: "\x{56FD}"
          LayoutInline {SPAN} at (0,0) size 18x16
            LayoutTextCombine {#text} at (0,16) size 18x16
              text run at (0,16) width 16: "1"
          LayoutText {#text} at (0,32) size 18x16
            text run at (0,32) width 16: "\x{56FD}"
          LayoutInline {SPAN} at (0,0) size 18x16
            LayoutTextCombine {#text} at (0,48) size 18x16
              text run at (0,48) width 16: "23"
          LayoutText {#text} at (0,64) size 18x16
            text run at (0,64) width 16: "\x{56FD}"
          LayoutInline {SPAN} at (0,0) size 18x16
            LayoutTextCombine {#text} at (0,80) size 18x16
              text run at (0,80) width 16: "2016"
          LayoutText {#text} at (0,96) size 18x16
            text run at (0,96) width 16: "\x{56FD}"
          LayoutInline {SPAN} at (0,0) size 18x16
            LayoutTextCombine {#text} at (0,112) size 18x16
              text run at (0,112) width 16: "45674567"
          LayoutText {#text} at (0,128) size 18x16
            text run at (0,128) width 16: "\x{56FD}"
        LayoutBlockFlow {DIV} at (38,0) size 19x584
          LayoutText {#text} at (0,0) size 18x16
            text run at (0,0) width 16: "\x{56FD}"
          LayoutInline {SPAN} at (0,0) size 18x16
            LayoutTextCombine {#text} at (0,16) size 18x16
              text run at (0,16) width 16: "1"
          LayoutText {#text} at (0,32) size 18x16
            text run at (0,32) width 16: "\x{56FD}"
          LayoutInline {SPAN} at (0,0) size 18x16
            LayoutTextCombine {#text} at (0,48) size 18x16
              text run at (0,48) width 16: "23"
          LayoutText {#text} at (0,64) size 18x16
            text run at (0,64) width 16: "\x{56FD}"
          LayoutInline {SPAN} at (0,0) size 18x16
            LayoutTextCombine {#text} at (0,80) size 18x16
              text run at (0,80) width 16: "2016"
          LayoutText {#text} at (0,96) size 18x16
            text run at (0,96) width 16: "\x{56FD}"
          LayoutInline {SPAN} at (0,0) size 18x16
            LayoutTextCombine {#text} at (0,112) size 18x16
              text run at (0,112) width 16: "45674567"
          LayoutText {#text} at (0,128) size 18x16
            text run at (0,128) width 16: "\x{56FD}"
        LayoutBlockFlow {DIV} at (57,0) size 19x584
          LayoutText {#text} at (1,0) size 16x16
            text run at (1,0) width 16: "\x{56FD}"
          LayoutInline {SPAN} at (0,0) size 16x16
            LayoutTextCombine {#text} at (1,16) size 16x16
              text run at (1,16) width 16: "1"
          LayoutText {#text} at (1,32) size 16x16
            text run at (1,32) width 16: "\x{56FD}"
          LayoutInline {SPAN} at (0,0) size 16x16
            LayoutTextCombine {#text} at (1,48) size 16x16
              text run at (1,48) width 16: "23"
          LayoutText {#text} at (1,64) size 16x16
            text run at (1,64) width 16: "\x{56FD}"
          LayoutInline {SPAN} at (0,0) size 16x16
            LayoutTextCombine {#text} at (1,80) size 16x16
              text run at (1,80) width 16: "2016"
          LayoutText {#text} at (1,96) size 16x16
            text run at (1,96) width 16: "\x{56FD}"
          LayoutInline {SPAN} at (0,0) size 16x16
            LayoutTextCombine {#text} at (1,112) size 16x16
              text run at (1,112) width 16: "45674567"
          LayoutText {#text} at (1,128) size 16x16
            text run at (1,128) width 16: "\x{56FD}"
        LayoutBlockFlow {DIV} at (76,0) size 19x584
          LayoutText {#text} at (1,0) size 16x16
            text run at (1,0) width 16: "\x{56FD}"
          LayoutInline {SPAN} at (0,0) size 16x16
            LayoutTextCombine {#text} at (1,16) size 16x16
              text run at (1,16) width 16: "1"
          LayoutText {#text} at (1,32) size 16x16
            text run at (1,32) width 16: "\x{56FD}"
          LayoutInline {SPAN} at (0,0) size 16x16
            LayoutTextCombine {#text} at (1,48) size 16x16
              text run at (1,48) width 16: "23"
          LayoutText {#text} at (1,64) size 16x16
            text run at (1,64) width 16: "\x{56FD}"
          LayoutInline {SPAN} at (0,0) size 16x16
            LayoutTextCombine {#text} at (1,80) size 16x16
              text run at (1,80) width 16: "2016"
          LayoutText {#text} at (1,96) size 16x16
            text run at (1,96) width 16: "\x{56FD}"
          LayoutInline {SPAN} at (0,0) size 16x16
            LayoutTextCombine {#text} at (1,112) size 16x16
              text run at (1,112) width 16: "45674567"
          LayoutText {#text} at (1,128) size 16x16
            text run at (1,128) width 16: "\x{56FD}"
        LayoutBlockFlow {DIV} at (95,0) size 19x584
          LayoutText {#text} at (1,0) size 16x16
            text run at (1,0) width 16: "\x{56FD}"
          LayoutInline {SPAN} at (0,0) size 16x16
            LayoutTextCombine {#text} at (1,16) size 16x16
              text run at (1,16) width 16: "1"
          LayoutText {#text} at (1,32) size 16x16
            text run at (1,32) width 16: "\x{56FD}"
          LayoutInline {SPAN} at (0,0) size 16x16
            LayoutTextCombine {#text} at (1,48) size 16x16
              text run at (1,48) width 16: "23"
          LayoutText {#text} at (1,64) size 16x16
            text run at (1,64) width 16: "\x{56FD}"
          LayoutInline {SPAN} at (0,0) size 16x16
            LayoutTextCombine {#text} at (1,80) size 16x16
              text run at (1,80) width 16: "2016"
          LayoutText {#text} at (1,96) size 16x16
            text run at (1,96) width 16: "\x{56FD}"
          LayoutInline {SPAN} at (0,0) size 16x16
            LayoutTextCombine {#text} at (1,112) size 16x16
              text run at (1,112) width 16: "45674567"
          LayoutText {#text} at (1,128) size 16x16
            text run at (1,128) width 16: "\x{56FD}"
        LayoutBlockFlow {DIV} at (114,0) size 19x584
          LayoutText {#text} at (1,0) size 16x16
            text run at (1,0) width 16: "\x{56FD}"
          LayoutInline {SPAN} at (0,0) size 16x16
            LayoutTextCombine {#text} at (1,16) size 16x16
              text run at (1,16) width 16: "1"
          LayoutText {#text} at (1,32) size 16x16
            text run at (1,32) width 16: "\x{56FD}"
          LayoutInline {SPAN} at (0,0) size 16x16
            LayoutTextCombine {#text} at (1,48) size 16x16
              text run at (1,48) width 16: "23"
          LayoutText {#text} at (1,64) size 16x16
            text run at (1,64) width 16: "\x{56FD}"
          LayoutInline {SPAN} at (0,0) size 16x16
            LayoutTextCombine {#text} at (1,80) size 16x16
              text run at (1,80) width 16: "2016"
          LayoutText {#text} at (1,96) size 16x16
            text run at (1,96) width 16: "\x{56FD}"
          LayoutInline {SPAN} at (0,0) size 16x16
            LayoutTextCombine {#text} at (1,112) size 16x16
              text run at (1,112) width 16: "45674567"
          LayoutText {#text} at (1,128) size 16x16
            text run at (1,128) width 16: "\x{56FD}"
        LayoutBlockFlow {DIV} at (133,0) size 19x584
          LayoutText {#text} at (0,0) size 18x16
            text run at (0,0) width 16: "\x{56FD}"
          LayoutInline {SPAN} at (0,0) size 18x16
            LayoutTextCombine {#text} at (0,16) size 18x16
              text run at (0,16) width 16: "1"
          LayoutText {#text} at (0,32) size 18x16
            text run at (0,32) width 16: "\x{56FD}"
          LayoutInline {SPAN} at (0,0) size 18x16
            LayoutTextCombine {#text} at (0,48) size 18x16
              text run at (0,48) width 16: "23"
          LayoutText {#text} at (0,64) size 18x16
            text run at (0,64) width 16: "\x{56FD}"
          LayoutInline {SPAN} at (0,0) size 18x16
            LayoutTextCombine {#text} at (0,80) size 18x16
              text run at (0,80) width 16: "2016"
          LayoutText {#text} at (0,96) size 18x16
            text run at (0,96) width 16: "\x{56FD}"
          LayoutInline {SPAN} at (0,0) size 18x16
            LayoutTextCombine {#text} at (0,112) size 18x16
              text run at (0,112) width 16: "45674567"
          LayoutText {#text} at (0,128) size 18x16
            text run at (0,128) width 16: "\x{56FD}"
        LayoutBlockFlow {DIV} at (152,0) size 304x584
          LayoutBlockFlow {DIV} at (0,0) size 38x584
            LayoutText {#text} at (0,0) size 37x32
              text run at (0,0) width 32: "\x{56FD}"
            LayoutInline {SPAN} at (0,0) size 37x32
              LayoutTextCombine {#text} at (0,32) size 37x32
                text run at (0,32) width 32: "1"
            LayoutText {#text} at (0,64) size 37x32
              text run at (0,64) width 32: "\x{56FD}"
            LayoutInline {SPAN} at (0,0) size 37x32
              LayoutTextCombine {#text} at (0,96) size 37x32
                text run at (0,96) width 32: "23"
            LayoutText {#text} at (0,128) size 37x32
              text run at (0,128) width 32: "\x{56FD}"
            LayoutInline {SPAN} at (0,0) size 37x32
              LayoutTextCombine {#text} at (0,160) size 37x32
                text run at (0,160) width 32: "2016"
            LayoutText {#text} at (0,192) size 37x32
              text run at (0,192) width 32: "\x{56FD}"
            LayoutInline {SPAN} at (0,0) size 37x32
              LayoutTextCombine {#text} at (0,224) size 37x32
                text run at (0,224) width 32: "45674567"
            LayoutText {#text} at (0,256) size 37x32
              text run at (0,256) width 32: "\x{56FD}"
          LayoutBlockFlow {DIV} at (38,0) size 38x584
            LayoutText {#text} at (0,0) size 37x32
              text run at (0,0) width 32: "\x{56FD}"
            LayoutInline {SPAN} at (0,0) size 37x32
              LayoutTextCombine {#text} at (0,32) size 37x32
                text run at (0,32) width 32: "1"
            LayoutText {#text} at (0,64) size 37x32
              text run at (0,64) width 32: "\x{56FD}"
            LayoutInline {SPAN} at (0,0) size 37x32
              LayoutTextCombine {#text} at (0,96) size 37x32
                text run at (0,96) width 32: "23"
            LayoutText {#text} at (0,128) size 37x32
              text run at (0,128) width 32: "\x{56FD}"
            LayoutInline {SPAN} at (0,0) size 37x32
              LayoutTextCombine {#text} at (0,160) size 37x32
                text run at (0,160) width 32: "2016"
            LayoutText {#text} at (0,192) size 37x32
              text run at (0,192) width 32: "\x{56FD}"
            LayoutInline {SPAN} at (0,0) size 37x32
              LayoutTextCombine {#text} at (0,224) size 37x32
                text run at (0,224) width 32: "45674567"
            LayoutText {#text} at (0,256) size 37x32
              text run at (0,256) width 32: "\x{56FD}"
          LayoutBlockFlow {DIV} at (76,0) size 38x584
            LayoutText {#text} at (0,0) size 37x32
              text run at (0,0) width 32: "\x{56FD}"
            LayoutInline {SPAN} at (0,0) size 37x32
              LayoutTextCombine {#text} at (0,32) size 37x32
                text run at (0,32) width 32: "1"
            LayoutText {#text} at (0,64) size 37x32
              text run at (0,64) width 32: "\x{56FD}"
            LayoutInline {SPAN} at (0,0) size 37x32
              LayoutTextCombine {#text} at (0,96) size 37x32
                text run at (0,96) width 32: "23"
            LayoutText {#text} at (0,128) size 37x32
              text run at (0,128) width 32: "\x{56FD}"
            LayoutInline {SPAN} at (0,0) size 37x32
              LayoutTextCombine {#text} at (0,160) size 37x32
                text run at (0,160) width 32: "2016"
            LayoutText {#text} at (0,192) size 37x32
              text run at (0,192) width 32: "\x{56FD}"
            LayoutInline {SPAN} at (0,0) size 37x32
              LayoutTextCombine {#text} at (0,224) size 37x32
                text run at (0,224) width 32: "45674567"
            LayoutText {#text} at (0,256) size 37x32
              text run at (0,256) width 32: "\x{56FD}"
          LayoutBlockFlow {DIV} at (114,0) size 38x584
            LayoutText {#text} at (3,0) size 32x32
              text run at (3,0) width 32: "\x{56FD}"
            LayoutInline {SPAN} at (0,0) size 32x32
              LayoutTextCombine {#text} at (3,32) size 32x32
                text run at (3,32) width 32: "1"
            LayoutText {#text} at (3,64) size 32x32
              text run at (3,64) width 32: "\x{56FD}"
            LayoutInline {SPAN} at (0,0) size 32x32
              LayoutTextCombine {#text} at (3,96) size 32x32
                text run at (3,96) width 32: "23"
            LayoutText {#text} at (3,128) size 32x32
              text run at (3,128) width 32: "\x{56FD}"
            LayoutInline {SPAN} at (0,0) size 32x32
              LayoutTextCombine {#text} at (3,160) size 32x32
                text run at (3,160) width 32: "2016"
            LayoutText {#text} at (3,192) size 32x32
              text run at (3,192) width 32: "\x{56FD}"
            LayoutInline {SPAN} at (0,0) size 32x32
              LayoutTextCombine {#text} at (3,224) size 32x32
                text run at (3,224) width 32: "45674567"
            LayoutText {#text} at (3,256) size 32x32
              text run at (3,256) width 32: "\x{56FD}"
          LayoutBlockFlow {DIV} at (152,0) size 38x584
            LayoutText {#text} at (3,0) size 32x32
              text run at (3,0) width 32: "\x{56FD}"
            LayoutInline {SPAN} at (0,0) size 32x32
              LayoutTextCombine {#text} at (3,32) size 32x32
                text run at (3,32) width 32: "1"
            LayoutText {#text} at (3,64) size 32x32
              text run at (3,64) width 32: "\x{56FD}"
            LayoutInline {SPAN} at (0,0) size 32x32
              LayoutTextCombine {#text} at (3,96) size 32x32
                text run at (3,96) width 32: "23"
            LayoutText {#text} at (3,128) size 32x32
              text run at (3,128) width 32: "\x{56FD}"
            LayoutInline {SPAN} at (0,0) size 32x32
              LayoutTextCombine {#text} at (3,160) size 32x32
                text run at (3,160) width 32: "2016"
            LayoutText {#text} at (3,192) size 32x32
              text run at (3,192) width 32: "\x{56FD}"
            LayoutInline {SPAN} at (0,0) size 32x32
              LayoutTextCombine {#text} at (3,224) size 32x32
                text run at (3,224) width 32: "45674567"
            LayoutText {#text} at (3,256) size 32x32
              text run at (3,256) width 32: "\x{56FD}"
          LayoutBlockFlow {DIV} at (190,0) size 38x584
            LayoutText {#text} at (3,0) size 32x32
              text run at (3,0) width 32: "\x{56FD}"
            LayoutInline {SPAN} at (0,0) size 32x32
              LayoutTextCombine {#text} at (3,32) size 32x32
                text run at (3,32) width 32: "1"
            LayoutText {#text} at (3,64) size 32x32
              text run at (3,64) width 32: "\x{56FD}"
            LayoutInline {SPAN} at (0,0) size 32x32
              LayoutTextCombine {#text} at (3,96) size 32x32
                text run at (3,96) width 32: "23"
            LayoutText {#text} at (3,128) size 32x32
              text run at (3,128) width 32: "\x{56FD}"
            LayoutInline {SPAN} at (0,0) size 32x32
              LayoutTextCombine {#text} at (3,160) size 32x32
                text run at (3,160) width 32: "2016"
            LayoutText {#text} at (3,192) size 32x32
              text run at (3,192) width 32: "\x{56FD}"
            LayoutInline {SPAN} at (0,0) size 32x32
              LayoutTextCombine {#text} at (3,224) size 32x32
                text run at (3,224) width 32: "45674567"
            LayoutText {#text} at (3,256) size 32x32
              text run at (3,256) width 32: "\x{56FD}"
          LayoutBlockFlow {DIV} at (228,0) size 38x584
            LayoutText {#text} at (3,0) size 32x32
              text run at (3,0) width 32: "\x{56FD}"
            LayoutInline {SPAN} at (0,0) size 32x32
              LayoutTextCombine {#text} at (3,32) size 32x32
                text run at (3,32) width 32: "1"
            LayoutText {#text} at (3,64) size 32x32
              text run at (3,64) width 32: "\x{56FD}"
            LayoutInline {SPAN} at (0,0) size 32x32
              LayoutTextCombine {#text} at (3,96) size 32x32
                text run at (3,96) width 32: "23"
            LayoutText {#text} at (3,128) size 32x32
              text run at (3,128) width 32: "\x{56FD}"
            LayoutInline {SPAN} at (0,0) size 32x32
              LayoutTextCombine {#text} at (3,160) size 32x32
                text run at (3,160) width 32: "2016"
            LayoutText {#text} at (3,192) size 32x32
              text run at (3,192) width 32: "\x{56FD}"
            LayoutInline {SPAN} at (0,0) size 32x32
              LayoutTextCombine {#text} at (3,224) size 32x32
                text run at (3,224) width 32: "45674567"
            LayoutText {#text} at (3,256) size 32x32
              text run at (3,256) width 32: "\x{56FD}"
          LayoutBlockFlow {DIV} at (266,0) size 38x584
            LayoutText {#text} at (0,0) size 37x32
              text run at (0,0) width 32: "\x{56FD}"
            LayoutInline {SPAN} at (0,0) size 37x32
              LayoutTextCombine {#text} at (0,32) size 37x32
                text run at (0,32) width 32: "1"
            LayoutText {#text} at (0,64) size 37x32
              text run at (0,64) width 32: "\x{56FD}"
            LayoutInline {SPAN} at (0,0) size 37x32
              LayoutTextCombine {#text} at (0,96) size 37x32
                text run at (0,96) width 32: "23"
            LayoutText {#text} at (0,128) size 37x32
              text run at (0,128) width 32: "\x{56FD}"
            LayoutInline {SPAN} at (0,0) size 37x32
              LayoutTextCombine {#text} at (0,160) size 37x32
                text run at (0,160) width 32: "2016"
            LayoutText {#text} at (0,192) size 37x32
              text run at (0,192) width 32: "\x{56FD}"
            LayoutInline {SPAN} at (0,0) size 37x32
              LayoutTextCombine {#text} at (0,224) size 37x32
                text run at (0,224) width 32: "45674567"
            LayoutText {#text} at (0,256) size 37x32
              text run at (0,256) width 32: "\x{56FD}"
        LayoutBlockFlow {DIV} at (456,0) size 57x584
          LayoutBlockFlow {DIV} at (0,0) size 19x584
            LayoutText {#text} at (0,0) size 18x16
              text run at (0,0) width 16: "\x{56FD}"
            LayoutInline {SPAN} at (0,0) size 18x16
              LayoutTextCombine {#text} at (0,16) size 18x16
                text run at (0,16) width 16: "1"
            LayoutText {#text} at (0,32) size 18x16
              text run at (0,32) width 16: "\x{56FD}"
            LayoutInline {SPAN} at (0,0) size 18x16
              LayoutTextCombine {#text} at (0,48) size 18x16
                text run at (0,48) width 16: "23"
            LayoutText {#text} at (0,64) size 18x16
              text run at (0,64) width 16: "\x{56FD}"
            LayoutInline {SPAN} at (0,0) size 18x16
              LayoutTextCombine {#text} at (0,80) size 18x16
                text run at (0,80) width 16: "2016"
            LayoutText {#text} at (0,96) size 18x16
              text run at (0,96) width 16: "\x{56FD}"
            LayoutInline {SPAN} at (0,0) size 18x16
              LayoutTextCombine {#text} at (0,112) size 18x16
                text run at (0,112) width 16: "45674567"
            LayoutText {#text} at (0,128) size 18x16
              text run at (0,128) width 16: "\x{56FD}"
          LayoutBlockFlow {DIV} at (19,0) size 38x584
            LayoutBlockFlow {DIV} at (0,0) size 38x584
              LayoutText {#text} at (0,0) size 37x32
                text run at (0,0) width 32: "\x{56FD}"
              LayoutInline {SPAN} at (0,0) size 37x32
                LayoutTextCombine {#text} at (0,32) size 37x32
                  text run at (0,32) width 32: "1"
              LayoutText {#text} at (0,64) size 37x32
                text run at (0,64) width 32: "\x{56FD}"
              LayoutInline {SPAN} at (0,0) size 37x32
                LayoutTextCombine {#text} at (0,96) size 37x32
                  text run at (0,96) width 32: "23"
              LayoutText {#text} at (0,128) size 37x32
                text run at (0,128) width 32: "\x{56FD}"
              LayoutInline {SPAN} at (0,0) size 37x32
                LayoutTextCombine {#text} at (0,160) size 37x32
                  text run at (0,160) width 32: "2016"
              LayoutText {#text} at (0,192) size 37x32
                text run at (0,192) width 32: "\x{56FD}"
              LayoutInline {SPAN} at (0,0) size 37x32
                LayoutTextCombine {#text} at (0,224) size 37x32
                  text run at (0,224) width 32: "45674567"
              LayoutText {#text} at (0,256) size 37x32
                text run at (0,256) width 32: "\x{56FD}"
