layer at (0,0) size 800x600
  LayoutView at (0,0) size 800x600
layer at (0,0) size 800x600
  LayoutNGBlockFlow {HTML} at (0,0) size 800x600
    LayoutNGBlockFlow {BODY} at (8,8) size 784x584
      LayoutNGBlockFlow {DIV} at (0,0) size 784x74 [border: (1px solid #FF0000)]
        LayoutNGBlockFlow {P} at (1,17) size 782x40
          LayoutText {#text} at (0,0) size 766x39
            text run at (0,0) width 766: "This test verifies that JavaScript returns only direct descendent element nodes in the 'children' collection (an IE extension)."
            text run at (0,20) width 697: "We also verify that the 'childNodes' collection contains direct descendent nodes of any type (text, element, etc.)"
      LayoutNGBlockFlow {DIV} at (0,74) size 784x100
        LayoutNGBlockFlow {DIV} at (0,0) size 784x20
          LayoutInline {B} at (0,0) size 23x19
            LayoutText {#text} at (0,0) size 23x19
              text run at (0,0) width 23: "test"
          LayoutText {#text} at (23,0) size 4x19
            text run at (23,0) width 4: " "
          LayoutInline {U} at (0,0) size 56x19
            LayoutText {#text} at (27,0) size 56x19
              text run at (27,0) width 56: "non bold"
          LayoutText {#text} at (83,0) size 4x19
            text run at (83,0) width 4: " "
          LayoutInline {I} at (0,0) size 31x19
            LayoutText {#text} at (87,0) size 31x19
              text run at (87,0) width 31: "italic"
          LayoutText {#text} at (118,0) size 25x19
            text run at (118,0) width 25: " test"
        LayoutNGBlockFlow {DIV} at (0,20) size 784x20
          LayoutText {#text} at (0,0) size 58x19
            text run at (0,0) width 58: "plain text"
        LayoutNGBlockFlow {DIV} at (0,40) size 784x20
          LayoutText {#text} at (0,0) size 74x19
            text run at (0,0) width 74: "another line"
        LayoutNGBlockFlow {DIV} at (0,60) size 784x20
          LayoutText {#text} at (0,0) size 97x19
            text run at (0,0) width 97: "yet another line"
        LayoutNGBlockFlow {DIV} at (0,80) size 784x20
          LayoutInline {SPAN} at (0,0) size 54x19
            LayoutText {#text} at (0,0) size 30x19
              text run at (0,0) width 30: "fifth "
            LayoutInline {B} at (0,0) size 24x19
              LayoutText {#text} at (30,0) size 24x19
                text run at (30,0) width 24: "line"
      LayoutNGBlockFlow {DIV} at (0,174) size 784x400
        LayoutBR {BR} at (0,0) size 0x0
        LayoutText {#text} at (0,20) size 377x19
          text run at (0,20) width 377: "Results: children.length = 5 (should be 5 DIV nodes below)"
        LayoutBR {BR} at (377,20) size 0x0
        LayoutText {#text} at (0,40) size 113x19
          text run at (0,40) width 113: "  node: DIV (one)"
        LayoutBR {BR} at (113,40) size 0x0
        LayoutText {#text} at (0,60) size 114x19
          text run at (0,60) width 114: "  node: DIV (two)"
        LayoutBR {BR} at (114,60) size 0x0
        LayoutText {#text} at (0,80) size 121x19
          text run at (0,80) width 121: "  node: DIV (three)"
        LayoutBR {BR} at (121,80) size 0x0
        LayoutText {#text} at (0,100) size 116x19
          text run at (0,100) width 116: "  node: DIV (four)"
        LayoutBR {BR} at (116,100) size 0x0
        LayoutText {#text} at (0,120) size 114x19
          text run at (0,120) width 114: "  node: DIV (five)"
        LayoutBR {BR} at (114,120) size 0x0
        LayoutBR {BR} at (0,140) size 0x0
        LayoutText {#text} at (0,160) size 325x19
          text run at (0,160) width 325: "childNodes.length = 11 (should be 11 nodes below)"
        LayoutBR {BR} at (325,160) size 0x0
        LayoutText {#text} at (0,180) size 155x19
          text run at (0,180) width 155: "  node: #text (undefined)"
        LayoutBR {BR} at (155,180) size 0x0
        LayoutText {#text} at (0,200) size 113x19
          text run at (0,200) width 113: "  node: DIV (one)"
        LayoutBR {BR} at (113,200) size 0x0
        LayoutText {#text} at (0,220) size 155x19
          text run at (0,220) width 155: "  node: #text (undefined)"
        LayoutBR {BR} at (155,220) size 0x0
        LayoutText {#text} at (0,240) size 114x19
          text run at (0,240) width 114: "  node: DIV (two)"
        LayoutBR {BR} at (114,240) size 0x0
        LayoutText {#text} at (0,260) size 155x19
          text run at (0,260) width 155: "  node: #text (undefined)"
        LayoutBR {BR} at (155,260) size 0x0
        LayoutText {#text} at (0,280) size 121x19
          text run at (0,280) width 121: "  node: DIV (three)"
        LayoutBR {BR} at (121,280) size 0x0
        LayoutText {#text} at (0,300) size 155x19
          text run at (0,300) width 155: "  node: #text (undefined)"
        LayoutBR {BR} at (155,300) size 0x0
        LayoutText {#text} at (0,320) size 116x19
          text run at (0,320) width 116: "  node: DIV (four)"
        LayoutBR {BR} at (116,320) size 0x0
        LayoutText {#text} at (0,340) size 155x19
          text run at (0,340) width 155: "  node: #text (undefined)"
        LayoutBR {BR} at (155,340) size 0x0
        LayoutText {#text} at (0,360) size 114x19
          text run at (0,360) width 114: "  node: DIV (five)"
        LayoutBR {BR} at (114,360) size 0x0
        LayoutText {#text} at (0,380) size 155x19
          text run at (0,380) width 155: "  node: #text (undefined)"
        LayoutBR {BR} at (155,380) size 0x0
