layer at (0,0) size 800x600
  LayoutView at (0,0) size 800x600
layer at (0,0) size 800x600
  LayoutBlockFlow {HTML} at (0,0) size 800x600
    LayoutBlockFlow {BODY} at (8,8) size 784x584
      LayoutBlockFlow (anonymous) at (0,0) size 784x18
        LayoutText {#text} at (0,0) size 367x18
          text run at (0,0) width 367: "This tests that a child style can override the :visited style."
        LayoutInline {A} at (0,0) size 0x0 [color=#FF0000]
          LayoutText {#text} at (0,0) size 0x0
      LayoutBlockFlow (anonymous) at (0,18) size 784x18 [color=#FF0000]
        LayoutBlockFlow {DIV} at (0,0) size 784x18 [color=#008000]
          LayoutText {#text} at (0,0) size 272x18
            text run at (0,0) width 272: "This text should be green (and underlined)"
      LayoutBlockFlow (anonymous) at (0,36) size 784x0
        LayoutInline {A} at (0,0) size 0x0 [color=#FF0000]
        LayoutText {#text} at (0,0) size 0x0
      LayoutBlockFlow {DIV} at (0,36) size 784x18 [color=#008000]
        LayoutText {#text} at (0,0) size 162x18
          text run at (0,0) width 162: "This text should be green"
