layer at (0,0) size 800x600
  LayoutView at (0,0) size 800x600
layer at (0,0) size 800x600
  LayoutBlockFlow {HTML} at (0,0) size 800x600
    LayoutBlockFlow {BODY} at (8,8) size 784x576
      LayoutBlockFlow {P} at (0,0) size 784x27
        LayoutInline {<pseudo:first-letter>} at (0,0) size 18x26 [color=#FF0000]
          LayoutTextFragment (anonymous) at (0,0) size 18x26
            text run at (0,0) width 18: "A"
        LayoutTextFragment {#text} at (17,7) size 412x17
          text run at (17,7) width 412: " The \"A\" should be big and red and ignore the position: relative."
