layer at (0,0) size 800x600
  LayoutView at (0,0) size 800x600
layer at (0,0) size 800x152
  LayoutBlockFlow {HTML} at (0,0) size 800x152
    LayoutBlockFlow {BODY} at (8,8) size 784x136
      LayoutBlockFlow (anonymous) at (0,0) size 784x18
        LayoutInline {DIV} at (0,0) size 528x16 [color=#FFFFFF] [bgcolor=#FF0000]
          LayoutText {#text} at (0,1) size 528x16
            text run at (0,1) width 528: "Ahem_font_required_for_this_test."
        LayoutText {#text} at (0,0) size 0x0
      LayoutTable {TABLE} at (0,18) size 342x118
        LayoutTableSection {TBODY} at (0,0) size 342x118
          LayoutTableRow {TR} at (0,2) size 342x114
            LayoutTableCell {TD} at (2,2) size 338x114 [r=0 c=0 rs=1 cs=1]
              LayoutBlockFlow {DIV} at (1,1) size 336x112 [color=#00FF00] [bgcolor=#008000]
                LayoutText {#text} at (0,0) size 336x112
                  text run at (0,0) width 336: "                     "
                  text run at (336,0) width 0: " "
                  text run at (0,16) width 336: " xxxx xxxx xxxx xxxx "
                  text run at (336,16) width 0: " "
                  text run at (0,32) width 336: " x  x x  x x    x    "
                  text run at (336,32) width 0: " "
                  text run at (0,48) width 320: " xxxx xxxx xxxx xxxx"
                  text run at (320,48) width 0: " "
                  text run at (0,64) width 336: " x    x  x    x    x "
                  text run at (336,64) width 0: " "
                  text run at (0,80) width 336: " x    x  x xxxx xxxx "
                  text run at (336,80) width 0: " "
                  text run at (0,96) width 336: "                     "
