layer at (0,0) size 800x600
  LayoutView at (0,0) size 800x600
layer at (0,0) size 800x600
  LayoutBlockFlow {HTML} at (0,0) size 800x600
    LayoutBlockFlow {BODY} at (8,8) size 784x566
      LayoutBlockFlow {PRE} at (0,0) size 784x60
        LayoutText {#text} at (0,0) size 235x60
          text run at (0,0) width 235: "This is a test."
          text run at (234,0) width 1: " "
          text run at (0,30) width 219: "Big font size?"
          text run at (218,30) width 1: " "
