layer at (0,0) size 800x600
  LayoutView at (0,0) size 800x600
layer at (0,0) size 800x210
  LayoutBlockFlow {HTML} at (0,0) size 800x210
    LayoutBlockFlow {BODY} at (8,16) size 784x178
      LayoutBlockFlow {P} at (0,0) size 784x20
        LayoutText {#text} at (0,0) size 579x19
          text run at (0,0) width 579: "The following square should contain exactly two bands, one yellow, one lime, with no red visible."
      LayoutTable {TABLE} at (0,36) size 106x106 [bgcolor=#FF0000] [border: (3px solid #000000)]
        LayoutTableSection {TBODY} at (3,3) size 100x100
          LayoutTableRow {TR} at (0,0) size 100x100
            LayoutTableCell {TD} at (0,0) size 50x100 [r=0 c=0 rs=1 cs=1]
              LayoutBlockFlow {DIV} at (0,0) size 50x50 [bgcolor=#FF0000]
                LayoutBlockFlow {DIV} at (0,0) size 50x50 [bgcolor=#FFFF00]
              LayoutBlockFlow {DIV} at (0,50) size 50x50 [bgcolor=#00FF00]
            LayoutTableCell {TD} at (50,0) size 50x100 [r=0 c=1 rs=1 cs=1]
              LayoutBlockFlow {DIV} at (0,0) size 50x50 [border: (50px solid #FFFF00) none]
              LayoutBlockFlow {DIV} at (0,50) size 50x50 [border: (50px solid #00FF00) none]
      LayoutBlockFlow {P} at (0,158) size 784x20
        LayoutText {#text} at (0,0) size 244x19
          text run at (0,0) width 244: "This test is meaningless if you don't pass "
        LayoutInline {A} at (0,0) size 49x19 [color=#0000EE]
          LayoutText {#text} at (244,0) size 49x19
            text run at (244,0) width 49: "test 018"
        LayoutText {#text} at (293,0) size 4x19
          text run at (293,0) width 4: "."
