layer at (0,0) size 800x600
  LayoutView at (0,0) size 800x600
layer at (0,0) size 800x216
  LayoutBlockFlow {HTML} at (0,0) size 800x216
    LayoutBlockFlow {BODY} at (8,16) size 784x192
      LayoutBlockFlow {P} at (0,0) size 784x20
        LayoutText {#text} at (0,0) size 586x19
          text run at (0,0) width 586: "The following box should contain exactly three bands, one yellow, one orange, and one lime, with "
        LayoutInline {STRONG} at (0,0) size 162x19
          LayoutText {#text} at (585,0) size 162x19
            text run at (585,0) width 162: "absolutely no red visible"
        LayoutText {#text} at (746,0) size 5x19
          text run at (746,0) width 5: "."
      LayoutTable {TABLE} at (0,36) size 106x156 [bgcolor=#FF0000] [border: (3px solid #000000)]
        LayoutTableSection {TBODY} at (3,3) size 100x150
          LayoutTableRow {TR} at (0,0) size 100x150
            LayoutTableCell {TD} at (0,0) size 50x150 [r=0 c=0 rs=1 cs=1]
              LayoutBlockFlow {DIV} at (0,0) size 50x150 [bgcolor=#FFA500]
                LayoutBlockFlow {DIV} at (0,0) size 50x50 [bgcolor=#FF0000]
                  LayoutBlockFlow {DIV} at (0,0) size 50x50 [bgcolor=#FFFF00]
                LayoutBlockFlow {DIV} at (0,100) size 50x50 [bgcolor=#00FF00]
            LayoutTableCell {TD} at (50,0) size 50x150 [r=0 c=1 rs=1 cs=1]
              LayoutBlockFlow {DIV} at (0,0) size 50x50 [border: (50px solid #FFFF00) none]
              LayoutBlockFlow {DIV} at (0,50) size 50x50 [border: (50px solid #FFA500) none]
              LayoutBlockFlow {DIV} at (0,100) size 50x50 [border: (50px solid #00FF00) none]
