layer at (0,0) size 800x600
  LayoutView at (0,0) size 800x600
layer at (0,0) size 800x264
  LayoutBlockFlow {HTML} at (0,0) size 800x264
    LayoutBlockFlow {BODY} at (8,8) size 784x216
      LayoutBlockFlow (anonymous) at (0,0) size 784x20
        LayoutInline {DIV} at (0,0) size 528x16 [color=#FFFFFF] [bgcolor=#FF0000]
          LayoutText {#text} at (0,2) size 528x16
            text run at (0,2) width 528: "Ahem_font_required_for_this_test."
        LayoutText {#text} at (0,0) size 0x0
      LayoutBlockFlow {P} at (0,36) size 784x20
        LayoutText {#text} at (0,0) size 270x19
          text run at (0,0) width 270: "There should be a big square green H below:"
      LayoutBlockFlow {DIV} at (40,96) size 120x120 [bgcolor=#008000]
        LayoutBlockFlow {DIV} at (40,0) size 40x40 [color=#FFFFFF]
          LayoutText {#text} at (0,0) size 40x40
            text run at (0,0) width 40: "X"
        LayoutBlockFlow {DIV} at (40,80) size 40x40 [color=#FFFFFF]
          LayoutText {#text} at (0,0) size 40x40
            text run at (0,0) width 40: "X"
