layer at (0,0) size 800x600
  LayoutView at (0,0) size 800x600
layer at (0,0) size 800x96
  LayoutBlockFlow {HTML} at (0,0) size 800x96
    LayoutBlockFlow {BODY} at (8,16) size 784x72
      LayoutBlockFlow {P} at (0,0) size 784x20
        LayoutText {#text} at (0,0) size 184x19
          text run at (0,0) width 184: "There should be no red below."
      LayoutBlockFlow {DIV} at (0,52) size 784x20 [bgcolor=#FF0000]
        LayoutBlockFlow {DIV} at (0,0) size 784x20
          LayoutBlockFlow {DIV} at (0,0) size 784x20
            LayoutBlockFlow {DIV} at (0,0) size 784x20 [color=#FFFFFF] [bgcolor=#008000]
              LayoutText {#text} at (0,0) size 152x19
                text run at (0,0) width 152: "This line should be green."
