layer at (0,0) size 800x600
  LayoutView at (0,0) size 800x600
layer at (0,0) size 800x354
  LayoutBlockFlow {HTML} at (0,0) size 800x354
    LayoutBlockFlow {BODY} at (8,16) size 784x330
      LayoutBlockFlow {P} at (0,0) size 784x20
        LayoutText {#text} at (0,0) size 277x19
          text run at (0,0) width 277: "The following two squares should be identical."
      LayoutTable {TABLE} at (0,36) size 316x294
        LayoutTableSection {TBODY} at (0,0) size 316x294
          LayoutTableRow {TR} at (0,16) size 316x262
            LayoutTableCell {TD} at (16,16) size 134x262 [bgcolor=#FF0000] [border: (3px solid #000000)] [r=0 c=0 rs=1 cs=1]
              LayoutBlockFlow {DIV} at (3,3) size 128x256 [bgcolor=#00FF00]
                LayoutBlockFlow (floating) {DIV} at (0,0) size 64x64 [bgcolor=#00FFFF]
                LayoutBlockFlow {DIV} at (0,64) size 128x64 [bgcolor=#FFFF00]
                LayoutBlockFlow {DIV} at (0,192) size 128x64 [border: (32px solid #AAFFAA)]
            LayoutTableCell {TD} at (166,16) size 134x262 [bgcolor=#FF0000] [border: (3px solid #000000)] [r=0 c=1 rs=1 cs=1]
              LayoutTable {TABLE} at (3,3) size 128x256
                LayoutTableSection {TBODY} at (0,0) size 128x256
                  LayoutTableRow {TR} at (0,0) size 128x64
                    LayoutTableCell {TD} at (0,32) size 64x0 [bgcolor=#00FFFF] [r=0 c=0 rs=1 cs=1]
                    LayoutTableCell {TD} at (64,32) size 64x0 [bgcolor=#00FF00] [r=0 c=1 rs=1 cs=1]
                  LayoutTableRow {TR} at (0,64) size 128x64
                    LayoutTableCell {TD} at (0,96) size 128x0 [bgcolor=#FFFF00] [r=1 c=0 rs=1 cs=2]
                  LayoutTableRow {TR} at (0,128) size 128x64
                    LayoutTableCell {TD} at (0,160) size 128x0 [bgcolor=#00FF00] [r=2 c=0 rs=1 cs=2]
                  LayoutTableRow {TR} at (0,192) size 128x64
                    LayoutTableCell {TD} at (0,224) size 128x0 [bgcolor=#AAFFAA] [r=3 c=0 rs=1 cs=2]
