layer at (0,0) size 800x600
  LayoutView at (0,0) size 800x600
layer at (0,0) size 800x600
  LayoutBlockFlow {HTML} at (0,0) size 800x600
    LayoutBlockFlow {BODY} at (8,8) size 784x584 [color=#FFFFFF]
      LayoutBlockFlow {DIV} at (0,0) size 784x37 [bgcolor=#008000] [border: none (1px solid #000000) none]
        LayoutBlockFlow {P} at (0,0) size 784x20
          LayoutText {#text} at (0,0) size 378x19
            text run at (0,0) width 378: "This div should be 2em tall with a 1em gap underneath the text."
      LayoutBlockFlow {DIV} at (0,37) size 784x20 [bgcolor=#008000]
        LayoutText {#text} at (0,0) size 379x19
          text run at (0,0) width 379: "I should also be green and flush with the other green div above."
