layer at (0,0) size 800x600
  LayoutView at (0,0) size 800x600
layer at (0,0) size 800x338
  LayoutBlockFlow {HTML} at (0,0) size 800x338
    LayoutBlockFlow {BODY} at (8,16) size 784x314
      LayoutBlockFlow {P} at (0,0) size 784x20
        LayoutText {#text} at (0,0) size 391x19
          text run at (0,0) width 391: "There six boxes below should look the same with no red present."
      LayoutTable {TABLE} at (0,36) size 416x278
        LayoutTableSection {TBODY} at (0,0) size 416x278
          LayoutTableRow {TR} at (0,2) size 416x136
            LayoutTableCell {TD} at (2,2) size 136x136 [r=0 c=0 rs=1 cs=1]
              LayoutBlockFlow {DIV} at (1,1) size 134x134 [bgcolor=#FF0000] [border: (3px solid #000000)]
                LayoutBlockFlow {DIV} at (3,3) size 128x128 [bgcolor=#00FF00]
                  LayoutBlockFlow (floating) {DIV} at (0,0) size 64x64 [bgcolor=#00FFFF]
                  LayoutBlockFlow {DIV} at (0,64) size 128x64 [bgcolor=#FF0000] [border: none (64px solid #FFFF00) none]
            LayoutTableCell {TD} at (140,2) size 136x136 [r=0 c=1 rs=1 cs=1]
              LayoutBlockFlow {DIV} at (1,1) size 134x134 [bgcolor=#FF0000] [border: (3px solid #000000)]
                LayoutBlockFlow {DIV} at (3,3) size 128x128 [bgcolor=#00FF00]
                  LayoutBlockFlow (floating) {DIV} at (0,0) size 64x64 [bgcolor=#00FFFF]
                  LayoutBlockFlow {DIV} at (0,64) size 128x64 [bgcolor=#FF0000] [border: none (64px solid #FFFF00) none]
            LayoutTableCell {TD} at (278,2) size 136x136 [r=0 c=2 rs=1 cs=1]
              LayoutBlockFlow {DIV} at (1,1) size 134x134 [bgcolor=#FF0000] [border: (3px solid #000000)]
                LayoutBlockFlow {DIV} at (3,3) size 128x128 [bgcolor=#00FF00]
                  LayoutBlockFlow (floating) {DIV} at (0,0) size 64x64 [bgcolor=#00FFFF]
                  LayoutBlockFlow {DIV} at (0,64) size 128x64 [bgcolor=#FF0000] [border: none (64px solid #FFFF00) none]
          LayoutTableRow {TR} at (0,140) size 416x136
            LayoutTableCell {TD} at (2,140) size 136x136 [r=1 c=0 rs=1 cs=1]
              LayoutBlockFlow {DIV} at (1,1) size 134x134 [bgcolor=#FF0000] [border: (3px solid #000000)]
                LayoutBlockFlow {DIV} at (3,3) size 128x128 [bgcolor=#00FF00]
                  LayoutBlockFlow (floating) {DIV} at (0,0) size 64x64 [bgcolor=#00FFFF]
                  LayoutBlockFlow {DIV} at (0,64) size 128x64 [bgcolor=#FF0000] [border: none (64px solid #FFFF00) none]
                    LayoutBlockFlow {DIV} at (16,0) size 96x0
            LayoutTableCell {TD} at (140,140) size 136x136 [r=1 c=1 rs=1 cs=1]
              LayoutBlockFlow {DIV} at (1,1) size 134x134 [bgcolor=#FF0000] [border: (3px solid #000000)]
                LayoutBlockFlow {DIV} at (3,3) size 128x128 [bgcolor=#00FF00]
                  LayoutBlockFlow (floating) {DIV} at (0,0) size 64x64 [bgcolor=#00FFFF]
                  LayoutBlockFlow {DIV} at (0,64) size 128x64 [bgcolor=#FF0000] [border: none (64px solid #FFFF00) none]
                    LayoutBlockFlow {DIV} at (16,0) size 96x0
            LayoutTableCell {TD} at (278,140) size 136x136 [r=1 c=2 rs=1 cs=1]
              LayoutBlockFlow {DIV} at (1,1) size 134x134 [bgcolor=#FF0000] [border: (3px solid #000000)]
                LayoutBlockFlow {DIV} at (3,3) size 128x128 [bgcolor=#00FF00]
                  LayoutBlockFlow (floating) {DIV} at (0,0) size 64x64 [bgcolor=#00FFFF]
                  LayoutBlockFlow {DIV} at (0,64) size 128x64 [bgcolor=#FF0000] [border: none (64px solid #FFFF00) none]
                    LayoutBlockFlow {DIV} at (16,0) size 96x0
