layer at (0,0) size 800x600
  LayoutView at (0,0) size 800x600
layer at (0,0) size 800x194
  LayoutBlockFlow {HTML} at (0,0) size 800x194
    LayoutBlockFlow {BODY} at (8,16) size 784x170
      LayoutBlockFlow {P} at (0,0) size 784x20
        LayoutText {#text} at (0,0) size 277x19
          text run at (0,0) width 277: "The following two squares should be identical."
      LayoutTable {TABLE} at (0,36) size 252x134
        LayoutTableSection {TBODY} at (0,0) size 252x134
          LayoutTableRow {TR} at (0,16) size 252x102
            LayoutTableCell {TD} at (16,16) size 102x102 [bgcolor=#FF0000] [r=0 c=0 rs=1 cs=1]
              LayoutBlockFlow {DIV} at (0,0) size 102x102 [bgcolor=#FFFF00] [border: (3px solid #000000)]
                LayoutBlockFlow {DIV} at (3,35) size 96x0 [bgcolor=#FF0000]
                LayoutBlockFlow (floating) {DIV} at (3,35) size 48x32 [bgcolor=#FFA500]
                LayoutBlockFlow {DIV} at (3,35) size 96x0 [bgcolor=#FF0000]
                LayoutBlockFlow {DIV} at (3,67) size 96x32 [border: (32px solid #FFA500) none]
            LayoutTableCell {TD} at (134,16) size 102x102 [bgcolor=#FF0000] [r=0 c=1 rs=1 cs=1]
              LayoutTable {TABLE} at (0,0) size 102x102 [border: (3px solid #000000)]
                LayoutTableSection {TBODY} at (3,3) size 96x96
                  LayoutTableRow {TR} at (0,0) size 96x32
                    LayoutTableCell {TD} at (0,16) size 96x0 [bgcolor=#FFFF00] [r=0 c=0 rs=1 cs=2]
                  LayoutTableRow {TR} at (0,32) size 96x32
                    LayoutTableCell {TD} at (0,48) size 48x0 [bgcolor=#FFA500] [r=1 c=0 rs=1 cs=1]
                    LayoutTableCell {TD} at (48,48) size 48x0 [bgcolor=#FFFF00] [r=1 c=1 rs=1 cs=1]
                  LayoutTableRow {TR} at (0,64) size 96x32
                    LayoutTableCell {TD} at (0,80) size 96x0 [bgcolor=#FFA500] [r=2 c=0 rs=1 cs=2]
