layer at (0,0) size 800x600
  LayoutView at (0,0) size 800x600
layer at (0,0) size 800x310
  LayoutBlockFlow {HTML} at (0,0) size 800x310
    LayoutBlockFlow {BODY} at (8,16) size 784x278
      LayoutBlockFlow {P} at (0,0) size 784x20
        LayoutText {#text} at (0,0) size 220x19
          text run at (0,0) width 220: "There should be no red on this page."
      LayoutTable {TABLE} at (0,36) size 106x206 [bgcolor=#FF0000] [border: (3px solid #000000)]
        LayoutTableSection {TBODY} at (3,3) size 100x200
          LayoutTableRow {TR} at (0,0) size 100x200
            LayoutTableCell {TD} at (0,25) size 50x150 [bgcolor=#FFA500] [r=0 c=0 rs=1 cs=1]
              LayoutBlockFlow {DIV} at (0,0) size 50x50 [bgcolor=#FF0000]
                LayoutBlockFlow {DIV} at (0,0) size 50x150 [bgcolor=#00FFFF]
              LayoutBlockFlow {DIV} at (0,50) size 50x50 [bgcolor=#FFFF00]
            LayoutTableCell {TD} at (50,0) size 50x200 [bgcolor=#FF0000] [r=0 c=1 rs=1 cs=1]
              LayoutBlockFlow {DIV} at (0,0) size 50x50 [bgcolor=#FFA500] [border: (50px solid #00FFFF) none]
              LayoutBlockFlow {DIV} at (0,50) size 50x50 [border: (50px solid #FFFF00) none]
              LayoutBlockFlow {DIV} at (0,100) size 50x50 [border: (50px solid #00FFFF) none]
              LayoutBlockFlow {DIV} at (0,150) size 50x50 [border: (50px solid #FFA500) none]
      LayoutBlockFlow {P} at (0,258) size 784x20
        LayoutText {#text} at (0,0) size 228x19
          text run at (0,0) width 228: "This test is irrelevant if you don't pass "
        LayoutInline {A} at (0,0) size 49x19 [color=#0000EE]
          LayoutText {#text} at (228,0) size 49x19
            text run at (228,0) width 49: "test 056"
        LayoutText {#text} at (277,0) size 4x19
          text run at (277,0) width 4: "."
