layer at (0,0) size 800x600
  LayoutView at (0,0) size 800x600
layer at (0,0) size 800x411
  LayoutBlockFlow {HTML} at (0,0) size 800x411
    LayoutBlockFlow {BODY} at (8,8) size 784x395
      LayoutBlockFlow {DIV} at (0,0) size 400x395
        LayoutBlockFlow {DIV} at (0,0) size 400x20
          LayoutText {#text} at (0,0) size 394x19
            text run at (0,0) width 394: "There should be no vertical space between the two blocks below."
        LayoutBlockFlow (floating) {DIV} at (0,20) size 100x100 [bgcolor=#008000]
        LayoutImage {IMG} at (0,120) size 395x275 [bgcolor=#FFFF00]
