layer at (0,0) size 800x600
  LayoutView at (0,0) size 800x600
layer at (0,0) size 800x600
  LayoutBlockFlow {HTML} at (0,0) size 800x600
    LayoutBlockFlow {BODY} at (8,8) size 784x584
      LayoutBlockFlow {DETAILS} at (0,0) size 784x42
        LayoutBlockFlow {SUMMARY} at (0,0) size 784x20
          LayoutDetailsMarker {DIV} at (0,4.45) size 10.55x10.55: down
          LayoutText {#text} at (16,0) size 49x19
            text run at (16,0) width 49: "details1"
        LayoutBlockFlow {DIV} at (0,20) size 784x22
          LayoutTextControl {INPUT} at (0,0) size 181x22 [bgcolor=#FFFFFF] [border: (2px inset #EEEEEE)]
          LayoutText {#text} at (0,0) size 0x0
      LayoutBlockFlow {DETAILS} at (0,42) size 784x20
        LayoutBlockFlow {SUMMARY} at (0,0) size 784x20
          LayoutDetailsMarker {DIV} at (0,4.45) size 10.55x10.55: right
          LayoutText {#text} at (16,0) size 49x19
            text run at (16,0) width 49: "details2"
layer at (10,31) size 177x16
  LayoutBlockFlow {DIV} at (2,3) size 177x16
