layer at (0,0) size 800x600
  LayoutView at (0,0) size 800x600
layer at (0,0) size 800x209
  LayoutBlockFlow {HTML} at (0,0) size 800x209
    LayoutBlockFlow {BODY} at (8,8) size 784x193
      LayoutSlider {INPUT} at (4,4) size 129x21 [color=#9D968E] [bgcolor=#FFFFFF]
        LayoutFlexibleBox {DIV} at (0,0) size 129x21
          LayoutBlockFlow {DIV} at (0,0) size 129x21
            LayoutBlockFlow {DIV} at (59,0) size 11x21
      LayoutText {#text} at (137,10) size 4x19
        text run at (137,10) width 4: " "
      LayoutBR {BR} at (141,10) size 0x19
      LayoutSlider {INPUT} at (4,34) size 135x27 [color=#9D968E] [bgcolor=#FFFFFF] [border: (3px solid #00FF00)]
        LayoutFlexibleBox {DIV} at (3,3) size 129x21
          LayoutBlockFlow {DIV} at (0,0) size 129x21
            LayoutBlockFlow {DIV} at (59,0) size 11x21
      LayoutText {#text} at (143,46) size 4x19
        text run at (143,46) width 4: " "
      LayoutSlider {INPUT} at (151,40) size 129x21 [color=#9D968E] [bgcolor=#FFFFFF]
        LayoutFlexibleBox {DIV} at (0,0) size 129x21
          LayoutBlockFlow {DIV} at (0,0) size 129x21
            LayoutBlockFlow {DIV} at (59,0) size 11x21
      LayoutText {#text} at (284,46) size 4x19
        text run at (284,46) width 4: " "
      LayoutBR {BR} at (288,46) size 0x19
      LayoutSlider {INPUT} at (4,70) size 129x21 [color=#9D968E]
        LayoutFlexibleBox {DIV} at (0,0) size 129x21
          LayoutBlockFlow {DIV} at (0,0) size 129x21
            LayoutBlockFlow {DIV} at (59,0) size 11x21
      LayoutText {#text} at (137,76) size 4x19
        text run at (137,76) width 4: " "
      LayoutBR {BR} at (141,76) size 0x19
      LayoutSlider {INPUT} at (4,100) size 129x21 [color=#9D968E] [bgcolor=#FFFFFF]
        LayoutFlexibleBox {DIV} at (0,0) size 129x21
          LayoutBlockFlow {DIV} at (0,0) size 129x21
            LayoutBlockFlow {DIV} at (59,0) size 11x21
      LayoutText {#text} at (137,106) size 4x19
        text run at (137,106) width 4: " "
      LayoutBR {BR} at (141,106) size 0x19
      LayoutSlider {INPUT} at (4,130) size 40x21 [color=#9D968E] [bgcolor=#FFFFFF]
        LayoutFlexibleBox {DIV} at (0,0) size 40x21
          LayoutBlockFlow {DIV} at (0,0) size 40x21
            LayoutBlockFlow {DIV} at (14.50,0) size 11x21
      LayoutText {#text} at (48,136) size 4x19
        text run at (48,136) width 4: " "
      LayoutSlider {INPUT} at (56,130) size 40x21 [color=#9D968E] [bgcolor=#FFFFFF]
        LayoutFlexibleBox {DIV} at (0,0) size 40x21
          LayoutBlockFlow {DIV} at (0,0) size 40x21
            LayoutBlockFlow {DIV} at (14.50,0) size 11x21
      LayoutText {#text} at (100,136) size 4x19
        text run at (100,136) width 4: " "
      LayoutSlider {INPUT} at (108,130) size 40x21 [color=#9D968E] [bgcolor=#FFFFFF]
        LayoutFlexibleBox {DIV} at (0,0) size 40x21
          LayoutBlockFlow {DIV} at (0,0) size 40x21
            LayoutBlockFlow {DIV} at (14.50,0) size 11x21
      LayoutText {#text} at (152,136) size 4x19
        text run at (152,136) width 4: " "
      LayoutBR {BR} at (156,136) size 0x19
      LayoutSlider {INPUT} at (6,164) size 193.50x21 [color=#9D968E] [bgcolor=#FFFFFF]
        LayoutFlexibleBox {DIV} at (0,0) size 193.50x21
          LayoutBlockFlow {DIV} at (0,0) size 193.50x21
            LayoutBlockFlow {DIV} at (91.25,0) size 11x21
      LayoutText {#text} at (205,170) size 5x19
        text run at (205,170) width 5: " "
      LayoutSlider {INPUT} at (217.50,164) size 258x21 [color=#9D968E] [bgcolor=#FFFFFF]
        LayoutFlexibleBox {DIV} at (0,0) size 258x21
          LayoutBlockFlow {DIV} at (0,0) size 258x21
            LayoutBlockFlow {DIV} at (123.50,0) size 11x21
      LayoutText {#text} at (483,170) size 5x19
        text run at (483,170) width 5: " "
      LayoutBR {BR} at (487,170) size 1x19
