layer at (0,0) size 800x600
  LayoutView at (0,0) size 800x600
layer at (0,0) size 800x600
  LayoutBlockFlow {HTML} at (0,0) size 800x600
    LayoutBlockFlow {BODY} at (8,8) size 784x584
      LayoutBlockFlow {P} at (0,0) size 784x20
        LayoutText {#text} at (0,0) size 536x19
          text run at (0,0) width 536: "The slider thumb below has a height specified as 50%. It should be a 10 pixel square."
      LayoutBlockFlow (anonymous) at (0,36) size 784x24
        LayoutSlider {INPUT} at (2,2) size 200x20 [color=#9D968E] [bgcolor=#C0C0C0]
          LayoutFlexibleBox {DIV} at (0,0) size 200x20
            LayoutBlockFlow {DIV} at (0,5) size 200x10
              LayoutBlockFlow {DIV} at (95,0) size 10x10 [bgcolor=#008000]
        LayoutText {#text} at (0,0) size 0x0
