layer at (0,0) size 800x600
  LayoutView at (0,0) size 800x600
layer at (0,0) size 800x436
  LayoutBlockFlow {HTML} at (0,0) size 800x436
    LayoutBlockFlow {BODY} at (8,8) size 784x420
      LayoutBlockFlow (anonymous) at (0,0) size 784x20
        LayoutText {#text} at (0,0) size 563x19
          text run at (0,0) width 563: "This tests that reference clip-path with text is correctly applied with composited scrolling. "
        LayoutSVGRoot {svg} at (563,15) size 0x0
          LayoutSVGHiddenContainer {defs} at (0,0) size 0x0
            LayoutSVGResourceClipper {clipPath} [id="clipping"] [clipPathUnits=userSpaceOnUse]
              LayoutSVGText {text} at (100,65) size 143x68 contains 1 chunk(s)
                LayoutSVGInlineText {#text} at (100,65) size 143x68
                  chunk 1 text run 1 at (100.00,120.00) startOffset 0 endOffset 4 width 143.00: "CLIP"
        LayoutText {#text} at (0,0) size 0x0
layer at (8,28) size 400x400 clip at (8,28) size 385x385 scrollWidth 500 scrollHeight 700
  LayoutBlockFlow {DIV} at (0,20) size 400x400 [bgcolor=#0000FF]
    LayoutBlockFlow {DIV} at (0,0) size 100x100 [bgcolor=#008000]
    LayoutBlockFlow {DIV} at (0,100) size 500x500 [bgcolor=#FFFF00]
    LayoutBlockFlow {DIV} at (0,600) size 100x100 [bgcolor=#008000]
layer at (8,378) size 100x100 backgroundClip at (8,28) size 385x385 clip at (8,28) size 385x385
  LayoutBlockFlow (relative positioned) {DIV} at (0,0) size 100x100 [bgcolor=#008000]
