layer at (0,0) size 800x600
  LayoutView at (0,0) size 800x600
layer at (0,0) size 800x244
  LayoutNGBlockFlow {HTML} at (0,0) size 800x244
    LayoutNGBlockFlow {BODY} at (8,16) size 784x220
      LayoutNGBlockFlow {P} at (0,0) size 784x36
        LayoutText {#text} at (0,0) size 726x36
          text run at (0,0) width 726: "The word 'PASS' should be seen below on the right hand side, inside a rounded box with black border and yellow"
          text run at (0,18) width 80: "background."
layer at (8,68) size 784x168
  LayoutNGBlockFlow {DIV} at (0,52) size 784x168
    LayoutMultiColumnSet (anonymous) at (0,0) size 784x168
layer at (8,68) size 392x264 backgroundClip at (0,0) size 400x236 clip at (0,0) size 400x236
  LayoutMultiColumnFlowThread (anonymous) at (0,0) size 392x264
    LayoutNGBlockFlow (anonymous) at (0,0) size 392x200
      LayoutBR {BR} at (0,7) size 0x0
      LayoutBR {BR} at (0,39) size 0x0
      LayoutBR {BR} at (0,71) size 0x0
      LayoutBR {BR} at (0,103) size 0x0
      LayoutBR {BR} at (0,135) size 0x0
      LayoutBR {BR} at (0,0) size 0x0
layer at (400,100) size 392x64 clip at (416,116) size 360x32
  LayoutNGBlockFlow (relative positioned) {DIV} at (0,200) size 392x64 [bgcolor=#FFFF00] [border: (16px solid #000000)]
    LayoutText {#text} at (177,23) size 38x18
      text run at (177,23) width 38: "PASS"
