layer at (0,0) size 800x600
  LayoutView at (0,0) size 800x600
layer at (0,0) size 800x220
  LayoutNGBlockFlow {HTML} at (0,0) size 800x220
    LayoutNGBlockFlow {BODY} at (8,16) size 784x196
      LayoutNGBlockFlow {P} at (0,0) size 784x36
        LayoutText {#text} at (0,0) size 749x36
          text run at (0,0) width 749: "There should be a yellow box in the second column, and the word 'PASS' should be below it. PASS is not in the third"
          text run at (0,18) width 469: "column because they are composited together, and hence not fragmented."
layer at (8,68) size 272x144
  LayoutNGBlockFlow {DIV} at (0,52) size 272x144
    LayoutMultiColumnSet (anonymous) at (0,0) size 272x144
layer at (8,68) size 80x272 backgroundClip at (0,0) size 96x212 clip at (0,0) size 96x212
  LayoutMultiColumnFlowThread (anonymous) at (0,0) size 80x272
    LayoutNGBlockFlow (anonymous) at (0,0) size 80x240
      LayoutBR {BR} at (0,7) size 0x0
      LayoutBR {BR} at (0,39) size 0x0
      LayoutBR {BR} at (0,71) size 0x0
      LayoutBR {BR} at (0,103) size 0x0
      LayoutBR {BR} at (0,0) size 0x0
      LayoutBR {BR} at (0,0) size 0x0
      LayoutBR {BR} at (0,0) size 0x0
layer at (0,68) size 800x144
  LayoutNGBlockFlow (positioned) {DIV} at (0,68) size 800x144 [bgcolor=#00FFFF]
layer at (104,164) size 80x32 backgroundClip at (0,0) size 96x212 clip at (0,0) size 96x212
  LayoutNGBlockFlow (relative positioned) zI: 2 {DIV} at (0,240) size 80x32 [bgcolor=#FFFF00]
    LayoutNGBlockFlow (anonymous) at (0,0) size 80x80
      LayoutBR {BR} at (0,7) size 0x0
      LayoutBR {BR} at (0,0) size 0x0
layer at (112,228) size 64x32 backgroundClip at (0,0) size 96x212 clip at (0,0) size 96x212 transparent
  LayoutNGBlockFlow {DIV} at (8,64) size 64x32
    LayoutText {#text} at (0,7) size 37x18
      text run at (0,7) width 37: "PASS"
