layer at (0,0) size 800x600
  LayoutView at (0,0) size 800x600
layer at (0,0) size 800x202
  LayoutNGBlockFlow {HTML} at (0,0) size 800x202
    LayoutNGBlockFlow {BODY} at (8,16) size 784x178
      LayoutNGBlockFlow {P} at (0,0) size 784x18
        LayoutText {#text} at (0,0) size 383x18
          text run at (0,0) width 383: "The word 'PASS' should be seen below, in the third column."
layer at (8,50) size 784x144
  LayoutNGBlockFlow {DIV} at (0,34) size 784x144
    LayoutMultiColumnSet (anonymous) at (0,0) size 784x144
layer at (8,50) size 251x256 backgroundClip at (0,0) size 267x194 clip at (0,0) size 267x194
  LayoutMultiColumnFlowThread (anonymous) at (0,0) size 250.66x256
    LayoutNGBlockFlow (anonymous) at (0,0) size 250.66x240
      LayoutBR {BR} at (0,7) size 0x0
      LayoutBR {BR} at (0,39) size 0x0
      LayoutBR {BR} at (0,71) size 0x0
      LayoutBR {BR} at (0,103) size 0x0
      LayoutBR {BR} at (0,0) size 0x0
      LayoutBR {BR} at (0,0) size 0x0
      LayoutBR {BR} at (0,0) size 0x0
layer at (0,98) size 800x18
  LayoutNGBlockFlow (positioned) {DIV} at (0,98) size 800x18 [border: (1px dotted #000000)]
layer at (275,146) size 251x16 backgroundClip at (0,0) size 267x194 clip at (0,0) size 267x194
  LayoutNGBlockFlow (relative positioned) {DIV} at (0,240) size 250.66x16
    LayoutBR {BR} at (0,7) size 0x0
    LayoutBR {BR} at (0,0) size 0x0
    LayoutText {#text} at (0,0) size 0x0
