layer at (0,0) size 800x600
  LayoutView at (0,0) size 800x600
layer at (0,0) size 800x266
  LayoutNGBlockFlow {HTML} at (0,0) size 800x266
    LayoutNGBlockFlow {BODY} at (8,16) size 784x242
      LayoutNGBlockFlow {P} at (0,0) size 784x18
        LayoutText {#text} at (0,0) size 767x18
          text run at (0,0) width 767: "There should be one yellow box below. There is only one because the content is composited, and hence not fragmented."
layer at (8,50) size 706x208
  LayoutNGBlockFlow {DIV} at (0,34) size 705.59x208
    LayoutMultiColumnSet (anonymous) at (0,0) size 705.59x208
layer at (8,50) size 353x280 backgroundClip at (0,0) size 361x258 clip at (0,0) size 361x258
  LayoutMultiColumnFlowThread (anonymous) at (0,0) size 352.80x280
    LayoutNGBlockFlow (anonymous) at (0,0) size 352.80x128
      LayoutBR {BR} at (0,7) size 0x0
      LayoutBR {BR} at (0,39) size 0x0
      LayoutBR {BR} at (0,71) size 0x0
      LayoutBR {BR} at (0,103) size 0x0
layer at (0,50) size 800x240
  LayoutNGBlockFlow (positioned) {DIV} at (0,50) size 800x240 [bgcolor=#00FFFF]
layer at (16,186) size 337x136 backgroundClip at (0,0) size 361x258 clip at (0,0) size 361x258
  LayoutNGBlockFlow (relative positioned) {DIV} at (8,136) size 336.80x136 [bgcolor=#FFFF00]
    LayoutText {#text} at (0,7) size 25x18
      text run at (0,7) width 25: "first"
    LayoutBR {BR} at (24,7) size 0x0
    LayoutText {#text} at (0,39) size 48x18
      text run at (0,39) width 48: "column"
    LayoutBR {BR} at (48,39) size 0x0
    LayoutText {#text} at (0,0) size 0x0
    LayoutBR {BR} at (0,0) size 0x0
    LayoutText {#text} at (0,0) size 0x0
    LayoutBR {BR} at (0,0) size 0x0
