layer at (0,0) size 800x600
  LayoutView at (0,0) size 800x600
layer at (0,0) size 800x196
  LayoutNGBlockFlow {HTML} at (0,0) size 800x196
    LayoutNGBlockFlow {BODY} at (8,16) size 784x172
      LayoutNGBlockFlow {P} at (0,0) size 784x36
        LayoutText {#text} at (0,0) size 763x36
          text run at (0,0) width 763: "Below you should see the word 'PASS' (with some extra letter spacing), on a yellow background (which should be a bit"
          text run at (0,18) width 705: "faded near the top). The first S is below the A, because they composite together and hence are not fragmented."
layer at (8,68) size 480x120
  LayoutNGBlockFlow {DIV} at (0,52) size 480x120
    LayoutMultiColumnSet (anonymous) at (0,0) size 480x120
layer at (8,68) size 240x240 backgroundClip at (0,0) size 248x188 clip at (0,0) size 248x188
  LayoutMultiColumnFlowThread (anonymous) at (0,0) size 240x240
    LayoutNGBlockFlow (anonymous) at (0,0) size 240x184
      LayoutBR {BR} at (0,7) size 0x0
      LayoutBR {BR} at (0,39) size 0x0
      LayoutBR {BR} at (0,71) size 0x0
      LayoutBR {BR} at (0,0) size 0x0
      LayoutBR {BR} at (0,0) size 0x0
layer at (256,132) size 80x48
  LayoutNGBlockFlow {DIV} at (8,184) size 80x48 [bgcolor=#FFFF00]
    LayoutMultiColumnSet (anonymous) at (8,8) size 64x32
layer at (264,140) size 16x128 backgroundClip at (248,68) size 32x104 clip at (248,68) size 32x104
  LayoutMultiColumnFlowThread (anonymous) at (8,8) size 16x128
    LayoutNGBlockFlow (anonymous) at (0,0) size 16x32
      LayoutText {#text} at (0,7) size 9x18
        text run at (0,7) width 9: "P"
      LayoutBR {BR} at (8,7) size 0x0
    LayoutNGBlockFlow (anonymous) at (0,96) size 16x32
      LayoutText {#text} at (0,0) size 0x0
      LayoutBR {BR} at (0,0) size 0x0
layer at (240,68) size 112x53 transparent
  LayoutNGBlockFlow (positioned) {DIV} at (240,68) size 112x52.80 [bgcolor=#FFFFFF]
layer at (280,140) size 16x64 backgroundClip at (280,140) size 16x32 clip at (280,140) size 16x32
  LayoutNGBlockFlow (relative positioned) {DIV} at (0,32) size 16x64
    LayoutText {#text} at (0,0) size 0x0
    LayoutBR {BR} at (0,0) size 0x0
    LayoutText {#text} at (0,0) size 0x0
    LayoutBR {BR} at (0,0) size 0x0
