layer at (0,0) size 800x600
  LayoutView at (0,0) size 800x600
layer at (0,0) size 800x314
  LayoutNGBlockFlow {HTML} at (0,0) size 800x314
    LayoutNGBlockFlow {BODY} at (8,16) size 784x290
      LayoutNGBlockFlow {P} at (0,0) size 784x18
        LayoutText {#text} at (0,0) size 390x18
          text run at (0,0) width 390: "Test layers which are fully contained within a single column."
      LayoutNGBlockFlow (anonymous) at (0,34) size 784x18
        LayoutText {#text} at (0,0) size 34x18
          text run at (0,0) width 34: "LTR:"
      LayoutNGBlockFlow (anonymous) at (0,162) size 784x18
        LayoutText {#text} at (0,0) size 34x18
          text run at (0,0) width 34: "RTL:"
layer at (8,68) size 310x110
  LayoutNGBlockFlow {DIV} at (0,52) size 310x110 [border: (5px solid #800000)]
    LayoutMultiColumnSet (anonymous) at (5,5) size 300x100
layer at (13,73) size 100x280 backgroundClip at (0,0) size 113x173 clip at (0,0) size 113x173
  LayoutMultiColumnFlowThread (anonymous) at (5,5) size 100x280
    LayoutText {#text} at (0,0) size 0x0
    LayoutBR {BR} at (0,0) size 0x0
    LayoutText {#text} at (0,0) size 0x0
    LayoutBR {BR} at (0,0) size 0x0
    LayoutText {#text} at (0,0) size 0x0
    LayoutBR {BR} at (0,0) size 0x0
    LayoutText {#text} at (0,0) size 0x0
    LayoutBR {BR} at (0,0) size 0x0
    LayoutText {#text} at (0,0) size 0x0
    LayoutBR {BR} at (0,0) size 0x0
    LayoutText {#text} at (0,0) size 0x0
    LayoutBR {BR} at (0,0) size 0x0
    LayoutNGBlockFlow {DIV} at (105,30) size 16x10 [bgcolor=#008000]
    LayoutText {#text} at (0,0) size 0x0
    LayoutBR {BR} at (0,0) size 0x0
    LayoutText {#text} at (0,0) size 0x0
    LayoutBR {BR} at (0,0) size 0x0
    LayoutBR {BR} at (0,0) size 0x0
    LayoutText {#text} at (0,0) size 0x0
    LayoutBR {BR} at (0,0) size 0x0
    LayoutText {#text} at (0,0) size 0x0
    LayoutBR {BR} at (0,0) size 0x0
    LayoutText {#text} at (0,0) size 0x0
    LayoutBR {BR} at (0,0) size 0x0
    LayoutBR {BR} at (0,0) size 0x0
    LayoutText {#text} at (0,0) size 0x0
layer at (8,196) size 310x110
  LayoutNGBlockFlow {DIV} at (0,180) size 310x110 [border: (5px solid #800000)]
    LayoutMultiColumnSet (anonymous) at (5,5) size 300x100
layer at (213,201) size 100x280 backgroundClip at (213,0) size 587x301 clip at (213,0) size 587x301
  LayoutMultiColumnFlowThread (anonymous) at (205,5) size 100x280
    LayoutText {#text} at (0,0) size 0x0
    LayoutBR {BR} at (0,0) size 0x0
    LayoutText {#text} at (0,0) size 0x0
    LayoutBR {BR} at (0,0) size 0x0
    LayoutText {#text} at (0,0) size 0x0
    LayoutBR {BR} at (0,0) size 0x0
    LayoutText {#text} at (0,0) size 0x0
    LayoutBR {BR} at (0,0) size 0x0
    LayoutText {#text} at (0,0) size 0x0
    LayoutBR {BR} at (0,0) size 0x0
    LayoutText {#text} at (0,0) size 0x0
    LayoutBR {BR} at (0,0) size 0x0
    LayoutNGBlockFlow {DIV} at (189,30) size 16x10 [bgcolor=#008000]
    LayoutText {#text} at (0,0) size 0x0
    LayoutBR {BR} at (0,0) size 0x0
    LayoutText {#text} at (0,0) size 0x0
    LayoutBR {BR} at (0,0) size 0x0
    LayoutBR {BR} at (0,0) size 0x0
    LayoutText {#text} at (0,0) size 0x0
    LayoutBR {BR} at (0,0) size 0x0
    LayoutText {#text} at (0,0) size 0x0
    LayoutBR {BR} at (0,0) size 0x0
    LayoutText {#text} at (0,0) size 0x0
    LayoutBR {BR} at (0,0) size 0x0
    LayoutBR {BR} at (0,0) size 0x0
    LayoutText {#text} at (0,0) size 0x0
layer at (13,69) size 0x0
  LayoutInline (relative positioned) {SPAN} at (0,0) size 0x0 [color=#008000]
    LayoutText {#text} at (0,0) size 0x0
layer at (13,73) size 0x0 transparent
  LayoutInline {SPAN} at (0,0) size 0x0 [color=#008000]
    LayoutText {#text} at (0,0) size 0x0
    LayoutInline {SPAN} at (0,0) size 0x0
      LayoutText {#text} at (0,0) size 0x0
layer at (213,197) size 0x0
  LayoutInline (relative positioned) {SPAN} at (0,0) size 0x0 [color=#008000]
    LayoutText {#text} at (0,0) size 0x0
layer at (213,201) size 0x0 transparent
  LayoutInline {SPAN} at (0,0) size 0x0 [color=#008000]
    LayoutText {#text} at (0,0) size 0x0
    LayoutInline {SPAN} at (0,0) size 0x0
      LayoutText {#text} at (0,0) size 0x0
