layer at (0,0) size 800x600
  LayoutView at (0,0) size 800x600
layer at (0,0) size 800x600
  LayoutNGBlockFlow {HTML} at (0,0) size 800x600
    LayoutNGBlockFlow {BODY} at (8,8) size 784x584
layer at (8,8) size 784x59
  LayoutNGBlockFlow {DIV} at (0,0) size 784x59
    LayoutMultiColumnSet (anonymous) at (0,0) size 784x59
layer at (8,8) size 384x118 backgroundClip at (0,0) size 400x67 clip at (0,0) size 400x67
  LayoutMultiColumnFlowThread (anonymous) at (0,0) size 384x118
    LayoutText {#text} at (0,0) size 0x0
    LayoutText {#text} at (0,0) size 0x0
layer at (551,46) size 131x19 backgroundClip at (0,0) size 0x0 clip at (0,0) size 0x0
  LayoutTextControl (relative positioned) {INPUT} at (543.17,38) size 131x19 [bgcolor=#FFFFFF] [border: (2px inset #EEEEEE)]
layer at (554,49) size 125x13 backgroundClip at (0,0) size 0x0 clip at (0,0) size 0x0
  LayoutBlockFlow {DIV} at (3,3) size 125x13
    LayoutText {#text} at (0,0) size 39x13
      text run at (0,0) width 39: "Testing"
caret: position 7 of child 0 {#text} of child 0 {DIV} of {#document-fragment} of child 1 {INPUT} of child 1 {DIV} of body
