layer at (0,0) size 800x600
  LayoutView at (0,0) size 800x600
layer at (0,0) size 800x600
  LayoutBlockFlow {HTML} at (0,0) size 800x600
    LayoutBlockFlow {BODY} at (8,8) size 784x584 [bgcolor=#CCCCCC]
      LayoutBlockFlow {P} at (0,0) size 784x18
        LayoutText {#text} at (0,0) size 363x18
          text run at (0,0) width 363: "The style declarations which apply to the text below are:"
      LayoutBlockFlow {PRE} at (0,34) size 784x45
        LayoutText {#text} at (0,0) size 406x45
          text run at (0,0) width 406: ".one {border-left-width: 25px; border-style: solid;}"
          text run at (405,0) width 1: " "
          text run at (0,15) width 406: ".two {border-left-width: thin; border-style: solid;}"
          text run at (405,15) width 1: " "
          text run at (0,30) width 258: ".three {border-left-width: 25px;}"
          text run at (257,30) width 1: " "
      LayoutBlockFlow {P} at (0,110) size 784x78 [border: (3px solid #000000) (25px solid #000000)]
        LayoutText {#text} at (25,3) size 176x18
          text run at (25,3) width 176: "This element has a class of "
        LayoutInline {TT} at (0,0) size 25x15
          LayoutText {#text} at (200,5) size 25x15
            text run at (200,5) width 25: "one"
        LayoutText {#text} at (224,3) size 164x18
          text run at (224,3) width 9: ". "
          text run at (232,3) width 156: "However, it contains an "
        LayoutInline {SPAN} at (0,0) size 176x24 [border: (3px solid #000000) (1px solid #000000)]
          LayoutText {#text} at (388,3) size 149x18
            text run at (388,3) width 149: "inline element of class "
          LayoutInline {TT} at (0,0) size 24x15
            LayoutText {#text} at (536,5) size 24x15
              text run at (536,5) width 24: "two"
        LayoutText {#text} at (562,3) size 728x36
          text run at (562,3) width 191: ", which should result in a thin"
          text run at (25,21) width 221: "solid border on the left side of the "
        LayoutInline {STRONG} at (0,0) size 28x18
          LayoutText {#text} at (245,21) size 28x18
            text run at (245,21) width 28: "first"
        LayoutText {#text} at (272,21) size 714x36
          text run at (272,21) width 467: " box in the inline element (and the UA's default border on the other three"
          text run at (25,39) width 46: "sides). "
          text run at (70,39) width 106: "There is also an "
        LayoutInline {SPAN} at (0,0) size 187x18
          LayoutText {#text} at (175,39) size 148x18
            text run at (175,39) width 148: "inline element of class "
          LayoutInline {TT} at (0,0) size 40x15
            LayoutText {#text} at (322,41) size 40x15
              text run at (322,41) width 40: "three"
        LayoutText {#text} at (361,39) size 706x36
          text run at (361,39) width 370: ", which should have no left border width or visible border"
          text run at (25,57) width 206: "because no border style was set."
      LayoutTable {TABLE} at (0,204) size 784x114 [border: (1px outset #808080)]
        LayoutTableSection {TBODY} at (1,1) size 782x112
          LayoutTableRow {TR} at (0,0) size 782x26
            LayoutTableCell {TD} at (0,0) size 782x26 [bgcolor=#C0C0C0] [border: (1px inset #808080)] [r=0 c=0 rs=1 cs=2]
              LayoutInline {STRONG} at (0,0) size 161x18
                LayoutText {#text} at (4,4) size 161x18
                  text run at (4,4) width 161: "TABLE Testing Section"
          LayoutTableRow {TR} at (0,26) size 782x86
            LayoutTableCell {TD} at (0,56) size 12x26 [bgcolor=#C0C0C0] [border: (1px inset #808080)] [r=1 c=0 rs=1 cs=1]
              LayoutText {#text} at (4,4) size 4x18
                text run at (4,4) width 4: " "
            LayoutTableCell {TD} at (12,26) size 770x86 [border: (1px inset #808080)] [r=1 c=1 rs=1 cs=1]
              LayoutBlockFlow {P} at (4,4) size 762x78 [border: (3px solid #000000) (25px solid #000000)]
                LayoutText {#text} at (25,3) size 176x18
                  text run at (25,3) width 176: "This element has a class of "
                LayoutInline {TT} at (0,0) size 25x15
                  LayoutText {#text} at (200,5) size 25x15
                    text run at (200,5) width 25: "one"
                LayoutText {#text} at (224,3) size 164x18
                  text run at (224,3) width 9: ". "
                  text run at (232,3) width 156: "However, it contains an "
                LayoutInline {SPAN} at (0,0) size 176x24 [border: (3px solid #000000) (1px solid #000000)]
                  LayoutText {#text} at (388,3) size 149x18
                    text run at (388,3) width 149: "inline element of class "
                  LayoutInline {TT} at (0,0) size 24x15
                    LayoutText {#text} at (536,5) size 24x15
                      text run at (536,5) width 24: "two"
                LayoutText {#text} at (562,3) size 728x36
                  text run at (562,3) width 191: ", which should result in a thin"
                  text run at (25,21) width 221: "solid border on the left side of the "
                LayoutInline {STRONG} at (0,0) size 28x18
                  LayoutText {#text} at (245,21) size 28x18
                    text run at (245,21) width 28: "first"
                LayoutText {#text} at (272,21) size 714x36
                  text run at (272,21) width 467: " box in the inline element (and the UA's default border on the other three"
                  text run at (25,39) width 46: "sides). "
                  text run at (70,39) width 106: "There is also an "
                LayoutInline {SPAN} at (0,0) size 187x18
                  LayoutText {#text} at (175,39) size 148x18
                    text run at (175,39) width 148: "inline element of class "
                  LayoutInline {TT} at (0,0) size 40x15
                    LayoutText {#text} at (322,41) size 40x15
                      text run at (322,41) width 40: "three"
                LayoutText {#text} at (361,39) size 706x36
                  text run at (361,39) width 370: ", which should have no left border width or visible border"
                  text run at (25,57) width 206: "because no border style was set."
layer at (8,100) size 784x2 clip at (0,0) size 0x0
  LayoutBlockFlow {HR} at (0,92) size 784x2 [border: (1px inset #EEEEEE)]
