layer at (0,0) size 800x600 scrollHeight 775
  LayoutView at (0,0) size 800x600
layer at (0,0) size 800x775 backgroundClip at (0,0) size 800x600 clip at (0,0) size 800x600
  LayoutBlockFlow {HTML} at (0,0) size 800x774.88
    LayoutBlockFlow {BODY} at (8,8) size 784x758.88 [bgcolor=#CCCCCC]
      LayoutBlockFlow {P} at (0,0) size 784x18
        LayoutText {#text} at (0,0) size 363x18
          text run at (0,0) width 363: "The style declarations which apply to the text below are:"
      LayoutBlockFlow {PRE} at (0,31) size 784x135
        LayoutText {#text} at (0,0) size 601x135
          text run at (0,0) width 383: "P { margin: 0; padding: 0; text-align:  justify;}"
          text run at (382,0) width 1: " "
          text run at (0,15) width 0: " "
          text run at (0,30) width 375: "DIV.menu {float: left; clear: left; width: 11em;"
          text run at (374,30) width 1: " "
          text run at (0,45) width 453: "          margin: 0; margin-bottom: 10px; padding: 0.5em;}"
          text run at (452,45) width 1: " "
          text run at (0,60) width 422: "DIV.menu H1 {font-size: 1.2em; margin: 0; padding: 0;}"
          text run at (421,60) width 1: " "
          text run at (0,75) width 437: "DIV.menu UL {margin: 0.2em 0.3em 0.2em 1em; padding: 0;}"
          text run at (436,75) width 1: " "
          text run at (0,90) width 601: "DIV.article {padding: 0.5em; margin: 0; margin-left: 14em; margin-right: 2em;"
          text run at (600,90) width 1: " "
          text run at (0,105) width 469: "             color: black; background: yellow; clear: none;}"
          text run at (468,105) width 1: " "
          text run at (0,120) width 0: " "
      LayoutBlockFlow (floating) {DIV} at (0,189) size 192x116.38 [color=#FFFFFF] [bgcolor=#008000]
        LayoutBlockFlow {H1} at (8,8) size 176x22
          LayoutText {#text} at (0,0) size 82x22
            text run at (0,0) width 82: "Top menu"
        LayoutBlockFlow {UL} at (24,33.19) size 155.20x72
          LayoutListItem {LI} at (0,0) size 155.20x18
            LayoutListMarker (anonymous) at (-17,0) size 7x18: bullet
            LayoutText {#text} at (0,0) size 36x18
              text run at (0,0) width 36: "green"
          LayoutListItem {LI} at (0,18) size 155.20x18
            LayoutListMarker (anonymous) at (-17,0) size 7x18: bullet
            LayoutText {#text} at (0,0) size 64x18
              text run at (0,0) width 64: "white text"
          LayoutListItem {LI} at (0,36) size 155.20x18
            LayoutListMarker (anonymous) at (-17,0) size 7x18: bullet
            LayoutText {#text} at (0,0) size 96x18
              text run at (0,0) width 96: "0.5em padding"
          LayoutListItem {LI} at (0,54) size 155.20x18
            LayoutListMarker (anonymous) at (-17,0) size 7x18: bullet
            LayoutText {#text} at (0,0) size 89x18
              text run at (0,0) width 89: "0.5em margin"
      LayoutBlockFlow (floating) {DIV} at (0,315.38) size 192x116.38 [color=#FFFFFF] [bgcolor=#0000FF]
        LayoutBlockFlow {H1} at (8,8) size 176x22
          LayoutText {#text} at (0,0) size 112x22
            text run at (0,0) width 112: "Bottom menu"
        LayoutBlockFlow {UL} at (24,33.19) size 155.20x72
          LayoutListItem {LI} at (0,0) size 155.20x18
            LayoutListMarker (anonymous) at (-17,0) size 7x18: bullet
            LayoutText {#text} at (0,0) size 108x18
              text run at (0,0) width 108: "blue background"
          LayoutListItem {LI} at (0,18) size 155.20x18
            LayoutListMarker (anonymous) at (-17,0) size 7x18: bullet
            LayoutText {#text} at (0,0) size 64x18
              text run at (0,0) width 64: "white text"
          LayoutListItem {LI} at (0,36) size 155.20x18
            LayoutListMarker (anonymous) at (-17,0) size 7x18: bullet
            LayoutText {#text} at (0,0) size 96x18
              text run at (0,0) width 96: "0.5em padding"
          LayoutListItem {LI} at (0,54) size 155.20x18
            LayoutListMarker (anonymous) at (-17,0) size 7x18: bullet
            LayoutText {#text} at (0,0) size 89x18
              text run at (0,0) width 89: "0.5em margin"
      LayoutBlockFlow {DIV} at (224,189) size 528x221.88 [bgcolor=#FFFF00]
        LayoutBlockFlow {H1} at (8,29.44) size 512x37
          LayoutText {#text} at (0,0) size 275x37
            text run at (0,0) width 275: "The 'clear' property"
        LayoutBlockFlow {P} at (8,87.88) size 512x90
          LayoutText {#text} at (0,0) size 512x90
            text run at (0,0) width 512: "This page has two floating \"menus\" on the side; one has a green background,"
            text run at (0,18) width 238: "and the other a blue background. "
            text run at (237,18) width 275: "Due to settings on the 'float' and 'clear'"
            text run at (0,36) width 512: "properties, the two menus should appear on the left side of the page, the blue"
            text run at (0,54) width 512: "below the green. There should be a 10px gap between the two menus. There"
            text run at (0,72) width 465: "should also be a 10px gap between the top menu and the top of the page."
        LayoutBlockFlow {P} at (8,177.88) size 512x36
          LayoutText {#text} at (0,0) size 512x36
            text run at (0,0) width 512: "The top of the yellow rectangle (to which this paragraph belongs) should be"
            text run at (0,18) width 339: "vertically aligned with the top of the green rectangle."
      LayoutTable {TABLE} at (192,410.88) size 592x348 [border: (1px outset #808080)]
        LayoutTableSection {TBODY} at (1,1) size 590x346
          LayoutTableRow {TR} at (0,0) size 590x26
            LayoutTableCell {TD} at (0,0) size 590x26 [bgcolor=#C0C0C0] [border: (1px inset #808080)] [r=0 c=0 rs=1 cs=2]
              LayoutInline {STRONG} at (0,0) size 161x18
                LayoutText {#text} at (4,4) size 161x18
                  text run at (4,4) width 161: "TABLE Testing Section"
          LayoutTableRow {TR} at (0,26) size 590x320
            LayoutTableCell {TD} at (0,173) size 12x26 [bgcolor=#C0C0C0] [border: (1px inset #808080)] [r=1 c=0 rs=1 cs=1]
              LayoutText {#text} at (4,4) size 4x18
                text run at (4,4) width 4: " "
            LayoutTableCell {TD} at (12,26) size 578x319.88 [border: (1px inset #808080)] [r=1 c=1 rs=1 cs=1]
              LayoutBlockFlow (floating) {DIV} at (4,4) size 192x116.38 [color=#FFFFFF] [bgcolor=#008000]
                LayoutBlockFlow {H1} at (8,8) size 176x22
                  LayoutText {#text} at (0,0) size 82x22
                    text run at (0,0) width 82: "Top menu"
                LayoutBlockFlow {UL} at (24,33.19) size 155.20x72
                  LayoutListItem {LI} at (0,0) size 155.20x18
                    LayoutListMarker (anonymous) at (-17,0) size 7x18: bullet
                    LayoutText {#text} at (0,0) size 36x18
                      text run at (0,0) width 36: "green"
                  LayoutListItem {LI} at (0,18) size 155.20x18
                    LayoutListMarker (anonymous) at (-17,0) size 7x18: bullet
                    LayoutText {#text} at (0,0) size 64x18
                      text run at (0,0) width 64: "white text"
                  LayoutListItem {LI} at (0,36) size 155.20x18
                    LayoutListMarker (anonymous) at (-17,0) size 7x18: bullet
                    LayoutText {#text} at (0,0) size 96x18
                      text run at (0,0) width 96: "0.5em padding"
                  LayoutListItem {LI} at (0,54) size 155.20x18
                    LayoutListMarker (anonymous) at (-17,0) size 7x18: bullet
                    LayoutText {#text} at (0,0) size 89x18
                      text run at (0,0) width 89: "0.5em margin"
              LayoutBlockFlow (floating) {DIV} at (4,130.38) size 192x116.38 [color=#FFFFFF] [bgcolor=#0000FF]
                LayoutBlockFlow {H1} at (8,8) size 176x22
                  LayoutText {#text} at (0,0) size 112x22
                    text run at (0,0) width 112: "Bottom menu"
                LayoutBlockFlow {UL} at (24,33.19) size 155.20x72
                  LayoutListItem {LI} at (0,0) size 155.20x18
                    LayoutListMarker (anonymous) at (-17,0) size 7x18: bullet
                    LayoutText {#text} at (0,0) size 108x18
                      text run at (0,0) width 108: "blue background"
                  LayoutListItem {LI} at (0,18) size 155.20x18
                    LayoutListMarker (anonymous) at (-17,0) size 7x18: bullet
                    LayoutText {#text} at (0,0) size 64x18
                      text run at (0,0) width 64: "white text"
                  LayoutListItem {LI} at (0,36) size 155.20x18
                    LayoutListMarker (anonymous) at (-17,0) size 7x18: bullet
                    LayoutText {#text} at (0,0) size 96x18
                      text run at (0,0) width 96: "0.5em padding"
                  LayoutListItem {LI} at (0,54) size 155.20x18
                    LayoutListMarker (anonymous) at (-17,0) size 7x18: bullet
                    LayoutText {#text} at (0,0) size 89x18
                      text run at (0,0) width 89: "0.5em margin"
              LayoutBlockFlow {DIV} at (228,4) size 314x311.88 [bgcolor=#FFFF00]
                LayoutBlockFlow {H1} at (8,29.44) size 298x37
                  LayoutText {#text} at (0,0) size 275x37
                    text run at (0,0) width 275: "The 'clear' property"
                LayoutBlockFlow {P} at (8,87.88) size 298x162
                  LayoutText {#text} at (0,0) size 298x162
                    text run at (0,0) width 298: "This page has two floating \"menus\" on the"
                    text run at (0,18) width 298: "side; one has a green background, and the"
                    text run at (0,36) width 174: "other a blue background. "
                    text run at (173,36) width 125: "Due to settings on"
                    text run at (0,54) width 298: "the 'float' and 'clear' properties, the two menus"
                    text run at (0,72) width 298: "should appear on the left side of the page, the"
                    text run at (0,90) width 298: "blue below the green. There should be a 10px"
                    text run at (0,108) width 298: "gap between the two menus. There should"
                    text run at (0,126) width 298: "also be a 10px gap between the top menu and"
                    text run at (0,144) width 124: "the top of the page."
                LayoutBlockFlow {P} at (8,249.88) size 298x54
                  LayoutText {#text} at (0,0) size 298x54
                    text run at (0,0) width 298: "The top of the yellow rectangle (to which this"
                    text run at (0,18) width 298: "paragraph belongs) should be vertically"
                    text run at (0,36) width 275: "aligned with the top of the green rectangle."
layer at (8,187) size 784x2 clip at (0,0) size 0x0
  LayoutBlockFlow {HR} at (0,179) size 784x2 [border: (1px inset #EEEEEE)]
