layer at (0,0) size 800x600
  LayoutView at (0,0) size 800x600
layer at (0,0) size 800x600
  LayoutBlockFlow {HTML} at (0,0) size 800x600
    LayoutBlockFlow {BODY} at (8,8) size 784x584
      LayoutBlockFlow {DETAILS} at (0,0) size 784x40
        LayoutBlockFlow {SUMMARY} at (0,0) size 784x20
          LayoutDetailsMarker {DIV} at (0,4.45) size 10.55x10.55: down
          LayoutText {#text} at (16,0) size 38x19
            text run at (16,0) width 38: "new 2"
        LayoutBlockFlow {DIV} at (0,20) size 784x20
          LayoutBlockFlow {SUMMARY} at (0,0) size 784x20
            LayoutText {#text} at (0,0) size 37x19
              text run at (0,0) width 37: "new 1"
