layer at (0,0) size 800x600
  LayoutView at (0,0) size 800x600
layer at (0,0) size 800x600
  LayoutBlockFlow {HTML} at (0,0) size 800x600
    LayoutBlockFlow {BODY} at (8,8) size 784x576
      LayoutBlockFlow {P} at (0,0) size 784x20
        LayoutInline {<pseudo:before>} at (0,0) size 51x19
          LayoutInline {<pseudo:first-letter>} at (0,0) size 9x19 [color=#FFD800]
            LayoutTextFragment (anonymous) at (0,0) size 9x19
              text run at (0,0) width 9: "S"
          LayoutTextFragment (anonymous) at (9,0) size 42x19
            text run at (9,0) width 42: "pecial: "
        LayoutText {#text} at (51,0) size 552x19
          text run at (51,0) width 206: "The \"S\" to the left should be gold. "
          text run at (257,0) width 346: "This is testing :before used in conjunction with :first-letter. "
        LayoutInline {<pseudo:after>} at (0,0) size 61x19
          LayoutTextFragment (anonymous) at (603,0) size 61x19
            text run at (603,0) width 61: "[The End]"
