layer at (0,0) size 800x600
  LayoutView at (0,0) size 800x600
layer at (0,0) size 800x600
  LayoutBlockFlow {HTML} at (0,0) size 800x600
    LayoutBlockFlow {BODY} at (8,8) size 784x584
      LayoutBlockFlow (anonymous) at (0,0) size 784x20
        LayoutInline {Q} at (0,0) size 149x19
          LayoutInline {<pseudo:before>} at (0,0) size 5x19
            LayoutQuote (anonymous) at (0,0) size 5x19
              LayoutTextFragment (anonymous) at (0,0) size 5x19
                text run at (0,0) width 5: "\""
          LayoutText {#text} at (5,0) size 144x19
            text run at (5,0) width 144: "Quotes should surround"
      LayoutBlockFlow (anonymous) at (0,36) size 784x0
        LayoutBlockFlow {P} at (0,0) size 784x0
      LayoutBlockFlow (anonymous) at (0,36) size 784x20
        LayoutInline {Q} at (0,0) size 55x19
          LayoutText {#text} at (0,0) size 50x19
            text run at (0,0) width 50: "this text."
          LayoutInline {<pseudo:after>} at (0,0) size 5x19
            LayoutQuote (anonymous) at (0,0) size 5x19
              LayoutTextFragment (anonymous) at (50,0) size 5x19
                text run at (50,0) width 5: "\""
        LayoutText {#text} at (0,0) size 0x0
