layer at (0,0) size 800x600
  LayoutView at (0,0) size 800x600
layer at (0,0) size 800x600
  LayoutBlockFlow {HTML} at (0,0) size 800x600
    LayoutBlockFlow {BODY} at (8,8) size 784x584
      LayoutTable {DIV} at (0,0) size 304x62
        LayoutTableSection (anonymous) at (0,0) size 304x62
          LayoutTableRow (anonymous) at (0,0) size 304x62
            LayoutTableCell (anonymous) at (0,0) size 304x61.72 [r=0 c=0 rs=1 cs=1]
              LayoutBlockFlow (anonymous) at (0,0) size 304x0
                LayoutInline {FORM} at (0,0) size 0x0
                  LayoutText {#text} at (0,0) size 0x0
              LayoutBlockFlow (anonymous) at (0,0) size 304x23
                LayoutBlockFlow {H3} at (0,0) size 304x23
                  LayoutText {#text} at (0,0) size 304x22
                    text run at (0,0) width 304: "There should be a fourth dot bellow..."
              LayoutBlockFlow (anonymous) at (0,41.72) size 304x20
                LayoutInline {FORM} at (0,0) size 0x0
                LayoutInline {<pseudo:after>} at (0,0) size 4x19
                  LayoutTextFragment (anonymous) at (0,0) size 4x19
                    text run at (0,0) width 4: "."
