layer at (0,0) size 800x600
  LayoutView at (0,0) size 800x600
layer at (0,0) size 800x600
  LayoutBlockFlow {HTML} at (0,0) size 800x600
    LayoutBlockFlow {BODY} at (8,8) size 784x584
      LayoutBlockFlow {P} at (0,0) size 784x20
        LayoutText {#text} at (0,0) size 28x19
          text run at (0,0) width 28: "Bug "
        LayoutInline {A} at (0,0) size 44x19 [color=#0000EE]
          LayoutText {#text} at (28,0) size 44x19
            text run at (28,0) width 44: "23826 "
        LayoutText {#text} at (72,0) size 532x19
          text run at (72,0) width 532: ": Potential bug with before/after rule while moving element from one document to another"
      LayoutBlockFlow {P} at (0,36) size 784x20
        LayoutText {#text} at (0,0) size 509x19
          text run at (0,0) width 509: "This test that moving a quote element sets the before / after flag in the final document."
      LayoutBlockFlow {DIV} at (0,72) size 784x56
        LayoutBlockFlow (anonymous) at (0,0) size 784x20
          LayoutInline {Q} at (0,0) size 149x19
            LayoutInline {<pseudo:before>} at (0,0) size 5x19
              LayoutQuote (anonymous) at (0,0) size 5x19
                LayoutTextFragment (anonymous) at (0,0) size 5x19
                  text run at (0,0) width 5: "\""
            LayoutText {#text} at (5,0) size 144x19
              text run at (5,0) width 144: "Quotes should surround"
        LayoutBlockFlow (anonymous) at (0,36) size 784x0
          LayoutBlockFlow {P} at (0,0) size 784x0
        LayoutBlockFlow (anonymous) at (0,36) size 784x20
          LayoutInline {Q} at (0,0) size 55x19
            LayoutText {#text} at (0,0) size 50x19
              text run at (0,0) width 50: "this text."
            LayoutInline {<pseudo:after>} at (0,0) size 5x19
              LayoutQuote (anonymous) at (0,0) size 5x19
                LayoutTextFragment (anonymous) at (50,0) size 5x19
                  text run at (50,0) width 5: "\""
