layer at (0,0) size 800x600
  LayoutView at (0,0) size 800x600
layer at (0,0) size 800x600
  LayoutBlockFlow {HTML} at (0,0) size 800x600
    LayoutBlockFlow {BODY} at (8,8) size 784x584
      LayoutInline {A} at (0,0) size 520x19
        LayoutInline {<pseudo:before>} at (0,0) size 344x19
          LayoutTextFragment (anonymous) at (0,0) size 344x19
            text run at (0,0) width 344: "This test passes if it does not crash, and this text appears."
        LayoutText {#text} at (344,0) size 176x19
          text run at (344,0) width 176: "But it fails if this text appears."
      LayoutText {#text} at (0,0) size 0x0
