layer at (0,0) size 800x600
  LayoutView at (0,0) size 800x600
layer at (0,0) size 800x215
  LayoutBlockFlow {HTML} at (0,0) size 800x215
    LayoutBlockFlow {BODY} at (8,16) size 784x191
      LayoutBlockFlow {P} at (0,0) size 784x20
        LayoutText {#text} at (0,0) size 188x19
          text run at (0,0) width 188: "This circle is drawn via SVG."
      LayoutBlockFlow (anonymous) at (0,36) size 784x155
        LayoutSVGRoot {svg} at (0,0) size 300x150
          LayoutSVGEllipse {circle} at (0,0) size 40x40 [fill={[type=SOLID] [color=#008000]}] [cx=20.00] [cy=20.00] [r=20.00]
        LayoutText {#text} at (0,0) size 0x0
