layer at (0,0) size 800x600 scrollHeight 1540
  LayoutView at (0,0) size 1046x799
layer at (0,0) size 1046x1540 backgroundClip at (0,0) size 800x600 clip at (0,0) size 800x600
  LayoutBlockFlow {HTML} at (0,0) size 1046x1540
    LayoutBlockFlow {BODY} at (0,0) size 1046x1540
      LayoutTable {TABLE} at (0,0) size 444x1540
        LayoutTableSection {THEAD} at (0,0) size 444x39
          LayoutTableRow {TR} at (0,0) size 444x39
            LayoutTableCell {TH} at (0,0) size 148x39 [r=0 c=0 rs=1 cs=1]
              LayoutText {#text} at (1,1) size 146x37
                text run at (1,1) width 146: "Column 1"
            LayoutTableCell {TH} at (148,0) size 148x39 [r=0 c=1 rs=1 cs=1]
              LayoutText {#text} at (1,1) size 146x37
                text run at (1,1) width 146: "Column 2"
            LayoutTableCell {TH} at (296,0) size 148x39 [r=0 c=2 rs=1 cs=1]
              LayoutText {#text} at (1,1) size 146x37
                text run at (1,1) width 146: "Column 3"
        LayoutTableSection {TBODY} at (0,39) size 444x1462
          LayoutTableRow {TR} at (0,0) size 444x39
            LayoutTableCell {TD} at (0,0) size 148x39 [r=0 c=0 rs=1 cs=1]
              LayoutText {#text} at (1,1) size 47x37
                text run at (1,1) width 47: "1-1"
            LayoutTableCell {TD} at (148,0) size 148x39 [r=0 c=1 rs=1 cs=1]
              LayoutText {#text} at (1,1) size 47x37
                text run at (1,1) width 47: "2-1"
            LayoutTableCell {TD} at (296,0) size 148x39 [r=0 c=2 rs=1 cs=1]
              LayoutText {#text} at (1,1) size 47x37
                text run at (1,1) width 47: "3-1"
          LayoutTableRow {TR} at (0,39) size 444x39
            LayoutTableCell {TD} at (0,39) size 148x39 [r=1 c=0 rs=1 cs=1]
              LayoutText {#text} at (1,1) size 47x37
                text run at (1,1) width 47: "1-2"
            LayoutTableCell {TD} at (148,39) size 148x39 [r=1 c=1 rs=1 cs=1]
              LayoutText {#text} at (1,1) size 47x37
                text run at (1,1) width 47: "2-2"
            LayoutTableCell {TD} at (296,39) size 148x39 [r=1 c=2 rs=1 cs=1]
              LayoutText {#text} at (1,1) size 47x37
                text run at (1,1) width 47: "3-2"
          LayoutTableRow {TR} at (0,78) size 444x39
            LayoutTableCell {TD} at (0,78) size 148x39 [r=2 c=0 rs=1 cs=1]
              LayoutText {#text} at (1,1) size 47x37
                text run at (1,1) width 47: "1-3"
            LayoutTableCell {TD} at (148,78) size 148x39 [r=2 c=1 rs=1 cs=1]
              LayoutText {#text} at (1,1) size 47x37
                text run at (1,1) width 47: "2-3"
            LayoutTableCell {TD} at (296,78) size 148x39 [r=2 c=2 rs=1 cs=1]
              LayoutText {#text} at (1,1) size 47x37
                text run at (1,1) width 47: "3-3"
          LayoutTableRow {TR} at (0,117) size 444x39
            LayoutTableCell {TD} at (0,117) size 148x39 [r=3 c=0 rs=1 cs=1]
              LayoutText {#text} at (1,1) size 47x37
                text run at (1,1) width 47: "1-4"
            LayoutTableCell {TD} at (148,117) size 148x39 [r=3 c=1 rs=1 cs=1]
              LayoutText {#text} at (1,1) size 47x37
                text run at (1,1) width 47: "2-4"
            LayoutTableCell {TD} at (296,117) size 148x39 [r=3 c=2 rs=1 cs=1]
              LayoutText {#text} at (1,1) size 47x37
                text run at (1,1) width 47: "3-4"
          LayoutTableRow {TR} at (0,156) size 444x39
            LayoutTableCell {TD} at (0,156) size 148x39 [r=4 c=0 rs=1 cs=1]
              LayoutText {#text} at (1,1) size 47x37
                text run at (1,1) width 47: "1-5"
            LayoutTableCell {TD} at (148,156) size 148x39 [r=4 c=1 rs=1 cs=1]
              LayoutText {#text} at (1,1) size 47x37
                text run at (1,1) width 47: "2-5"
            LayoutTableCell {TD} at (296,156) size 148x39 [r=4 c=2 rs=1 cs=1]
              LayoutText {#text} at (1,1) size 47x37
                text run at (1,1) width 47: "3-5"
          LayoutTableRow {TR} at (0,195) size 444x39
            LayoutTableCell {TD} at (0,195) size 148x39 [r=5 c=0 rs=1 cs=1]
              LayoutText {#text} at (1,1) size 47x37
                text run at (1,1) width 47: "1-6"
            LayoutTableCell {TD} at (148,195) size 148x39 [r=5 c=1 rs=1 cs=1]
              LayoutText {#text} at (1,1) size 47x37
                text run at (1,1) width 47: "2-6"
            LayoutTableCell {TD} at (296,195) size 148x39 [r=5 c=2 rs=1 cs=1]
              LayoutText {#text} at (1,1) size 47x37
                text run at (1,1) width 47: "3-6"
          LayoutTableRow {TR} at (0,234) size 444x39
            LayoutTableCell {TD} at (0,234) size 148x39 [r=6 c=0 rs=1 cs=1]
              LayoutText {#text} at (1,1) size 47x37
                text run at (1,1) width 47: "1-7"
            LayoutTableCell {TD} at (148,234) size 148x39 [r=6 c=1 rs=1 cs=1]
              LayoutText {#text} at (1,1) size 47x37
                text run at (1,1) width 47: "2-7"
            LayoutTableCell {TD} at (296,234) size 148x39 [r=6 c=2 rs=1 cs=1]
              LayoutText {#text} at (1,1) size 47x37
                text run at (1,1) width 47: "3-7"
          LayoutTableRow {TR} at (0,273) size 444x39
            LayoutTableCell {TD} at (0,273) size 148x39 [r=7 c=0 rs=1 cs=1]
              LayoutText {#text} at (1,1) size 47x37
                text run at (1,1) width 47: "1-8"
            LayoutTableCell {TD} at (148,273) size 148x39 [r=7 c=1 rs=1 cs=1]
              LayoutText {#text} at (1,1) size 47x37
                text run at (1,1) width 47: "2-8"
            LayoutTableCell {TD} at (296,273) size 148x39 [r=7 c=2 rs=1 cs=1]
              LayoutText {#text} at (1,1) size 47x37
                text run at (1,1) width 47: "3-8"
          LayoutTableRow {TR} at (0,312) size 444x39
            LayoutTableCell {TD} at (0,312) size 148x39 [r=8 c=0 rs=1 cs=1]
              LayoutText {#text} at (1,1) size 47x37
                text run at (1,1) width 47: "1-9"
            LayoutTableCell {TD} at (148,312) size 148x39 [r=8 c=1 rs=1 cs=1]
              LayoutText {#text} at (1,1) size 47x37
                text run at (1,1) width 47: "2-9"
            LayoutTableCell {TD} at (296,312) size 148x39 [r=8 c=2 rs=1 cs=1]
              LayoutText {#text} at (1,1) size 47x37
                text run at (1,1) width 47: "3-9"
          LayoutTableRow {TR} at (0,351) size 444x39
            LayoutTableCell {TD} at (0,351) size 148x39 [r=9 c=0 rs=1 cs=1]
              LayoutText {#text} at (1,1) size 65x37
                text run at (1,1) width 65: "1-10"
            LayoutTableCell {TD} at (148,351) size 148x39 [r=9 c=1 rs=1 cs=1]
              LayoutText {#text} at (1,1) size 65x37
                text run at (1,1) width 65: "2-10"
            LayoutTableCell {TD} at (296,351) size 148x39 [r=9 c=2 rs=1 cs=1]
              LayoutText {#text} at (1,1) size 65x37
                text run at (1,1) width 65: "3-10"
          LayoutTableRow {TR} at (0,390) size 444x39
            LayoutTableCell {TD} at (0,390) size 148x39 [r=10 c=0 rs=1 cs=1]
              LayoutText {#text} at (1,1) size 62x37
                text run at (1,1) width 62: "1-11"
            LayoutTableCell {TD} at (148,390) size 148x39 [r=10 c=1 rs=1 cs=1]
              LayoutText {#text} at (1,1) size 62x37
                text run at (1,1) width 62: "2-11"
            LayoutTableCell {TD} at (296,390) size 148x39 [r=10 c=2 rs=1 cs=1]
              LayoutText {#text} at (1,1) size 62x37
                text run at (1,1) width 62: "3-11"
          LayoutTableRow {TR} at (0,429) size 444x39
            LayoutTableCell {TD} at (0,429) size 148x39 [r=11 c=0 rs=1 cs=1]
              LayoutText {#text} at (1,1) size 65x37
                text run at (1,1) width 65: "1-12"
            LayoutTableCell {TD} at (148,429) size 148x39 [r=11 c=1 rs=1 cs=1]
              LayoutText {#text} at (1,1) size 65x37
                text run at (1,1) width 65: "2-12"
            LayoutTableCell {TD} at (296,429) size 148x39 [r=11 c=2 rs=1 cs=1]
              LayoutText {#text} at (1,1) size 65x37
                text run at (1,1) width 65: "3-12"
          LayoutTableRow {TR} at (0,468) size 444x39
            LayoutTableCell {TD} at (0,468) size 148x39 [r=12 c=0 rs=1 cs=1]
              LayoutText {#text} at (1,1) size 65x37
                text run at (1,1) width 65: "1-13"
            LayoutTableCell {TD} at (148,468) size 148x39 [r=12 c=1 rs=1 cs=1]
              LayoutText {#text} at (1,1) size 65x37
                text run at (1,1) width 65: "2-13"
            LayoutTableCell {TD} at (296,468) size 148x39 [r=12 c=2 rs=1 cs=1]
              LayoutText {#text} at (1,1) size 65x37
                text run at (1,1) width 65: "3-13"
          LayoutTableRow {TR} at (0,507) size 444x39
            LayoutTableCell {TD} at (0,507) size 148x39 [r=13 c=0 rs=1 cs=1]
              LayoutText {#text} at (1,1) size 65x37
                text run at (1,1) width 65: "1-14"
            LayoutTableCell {TD} at (148,507) size 148x39 [r=13 c=1 rs=1 cs=1]
              LayoutText {#text} at (1,1) size 65x37
                text run at (1,1) width 65: "2-14"
            LayoutTableCell {TD} at (296,507) size 148x39 [r=13 c=2 rs=1 cs=1]
              LayoutText {#text} at (1,1) size 65x37
                text run at (1,1) width 65: "3-14"
          LayoutTableRow {TR} at (0,546) size 444x39
            LayoutTableCell {TD} at (0,546) size 148x39 [r=14 c=0 rs=1 cs=1]
              LayoutText {#text} at (1,1) size 65x37
                text run at (1,1) width 65: "1-15"
            LayoutTableCell {TD} at (148,546) size 148x39 [r=14 c=1 rs=1 cs=1]
              LayoutText {#text} at (1,1) size 65x37
                text run at (1,1) width 65: "2-15"
            LayoutTableCell {TD} at (296,546) size 148x39 [r=14 c=2 rs=1 cs=1]
              LayoutText {#text} at (1,1) size 65x37
                text run at (1,1) width 65: "3-15"
          LayoutTableRow {TR} at (0,585) size 444x39
            LayoutTableCell {TD} at (0,585) size 148x39 [r=15 c=0 rs=1 cs=1]
              LayoutText {#text} at (1,1) size 65x37
                text run at (1,1) width 65: "1-16"
            LayoutTableCell {TD} at (148,585) size 148x39 [r=15 c=1 rs=1 cs=1]
              LayoutText {#text} at (1,1) size 65x37
                text run at (1,1) width 65: "2-16"
            LayoutTableCell {TD} at (296,585) size 148x39 [r=15 c=2 rs=1 cs=1]
              LayoutText {#text} at (1,1) size 65x37
                text run at (1,1) width 65: "3-16"
          LayoutTableRow {TR} at (0,624) size 444x39
            LayoutTableCell {TD} at (0,624) size 148x39 [r=16 c=0 rs=1 cs=1]
              LayoutText {#text} at (1,1) size 65x37
                text run at (1,1) width 65: "1-17"
            LayoutTableCell {TD} at (148,624) size 148x39 [r=16 c=1 rs=1 cs=1]
              LayoutText {#text} at (1,1) size 65x37
                text run at (1,1) width 65: "2-17"
            LayoutTableCell {TD} at (296,624) size 148x39 [r=16 c=2 rs=1 cs=1]
              LayoutText {#text} at (1,1) size 65x37
                text run at (1,1) width 65: "3-17"
          LayoutTableRow {TR} at (0,663) size 444x39
            LayoutTableCell {TD} at (0,663) size 148x39 [r=17 c=0 rs=1 cs=1]
              LayoutText {#text} at (1,1) size 65x37
                text run at (1,1) width 65: "1-18"
            LayoutTableCell {TD} at (148,663) size 148x39 [r=17 c=1 rs=1 cs=1]
              LayoutText {#text} at (1,1) size 65x37
                text run at (1,1) width 65: "2-18"
            LayoutTableCell {TD} at (296,663) size 148x39 [r=17 c=2 rs=1 cs=1]
              LayoutText {#text} at (1,1) size 65x37
                text run at (1,1) width 65: "3-18"
          LayoutTableRow {TR} at (0,799) size 444x39
            LayoutTableCell {TD} at (0,799) size 148x39 [r=18 c=0 rs=1 cs=1]
              LayoutText {#text} at (1,1) size 65x37
                text run at (1,1) width 65: "1-19"
            LayoutTableCell {TD} at (148,799) size 148x39 [r=18 c=1 rs=1 cs=1]
              LayoutText {#text} at (1,1) size 65x37
                text run at (1,1) width 65: "2-19"
            LayoutTableCell {TD} at (296,799) size 148x39 [r=18 c=2 rs=1 cs=1]
              LayoutText {#text} at (1,1) size 65x37
                text run at (1,1) width 65: "3-19"
          LayoutTableRow {TR} at (0,838) size 444x39
            LayoutTableCell {TD} at (0,838) size 148x39 [r=19 c=0 rs=1 cs=1]
              LayoutText {#text} at (1,1) size 65x37
                text run at (1,1) width 65: "1-20"
            LayoutTableCell {TD} at (148,838) size 148x39 [r=19 c=1 rs=1 cs=1]
              LayoutText {#text} at (1,1) size 65x37
                text run at (1,1) width 65: "2-20"
            LayoutTableCell {TD} at (296,838) size 148x39 [r=19 c=2 rs=1 cs=1]
              LayoutText {#text} at (1,1) size 65x37
                text run at (1,1) width 65: "3-20"
          LayoutTableRow {TR} at (0,877) size 444x39
            LayoutTableCell {TD} at (0,877) size 148x39 [r=20 c=0 rs=1 cs=1]
              LayoutText {#text} at (1,1) size 65x37
                text run at (1,1) width 65: "1-21"
            LayoutTableCell {TD} at (148,877) size 148x39 [r=20 c=1 rs=1 cs=1]
              LayoutText {#text} at (1,1) size 65x37
                text run at (1,1) width 65: "2-21"
            LayoutTableCell {TD} at (296,877) size 148x39 [r=20 c=2 rs=1 cs=1]
              LayoutText {#text} at (1,1) size 65x37
                text run at (1,1) width 65: "3-21"
          LayoutTableRow {TR} at (0,916) size 444x39
            LayoutTableCell {TD} at (0,916) size 148x39 [r=21 c=0 rs=1 cs=1]
              LayoutText {#text} at (1,1) size 65x37
                text run at (1,1) width 65: "1-22"
            LayoutTableCell {TD} at (148,916) size 148x39 [r=21 c=1 rs=1 cs=1]
              LayoutText {#text} at (1,1) size 65x37
                text run at (1,1) width 65: "2-22"
            LayoutTableCell {TD} at (296,916) size 148x39 [r=21 c=2 rs=1 cs=1]
              LayoutText {#text} at (1,1) size 65x37
                text run at (1,1) width 65: "3-22"
          LayoutTableRow {TR} at (0,955) size 444x39
            LayoutTableCell {TD} at (0,955) size 148x39 [r=22 c=0 rs=1 cs=1]
              LayoutText {#text} at (1,1) size 65x37
                text run at (1,1) width 65: "1-23"
            LayoutTableCell {TD} at (148,955) size 148x39 [r=22 c=1 rs=1 cs=1]
              LayoutText {#text} at (1,1) size 65x37
                text run at (1,1) width 65: "2-23"
            LayoutTableCell {TD} at (296,955) size 148x39 [r=22 c=2 rs=1 cs=1]
              LayoutText {#text} at (1,1) size 65x37
                text run at (1,1) width 65: "3-23"
          LayoutTableRow {TR} at (0,994) size 444x39
            LayoutTableCell {TD} at (0,994) size 148x39 [r=23 c=0 rs=1 cs=1]
              LayoutText {#text} at (1,1) size 65x37
                text run at (1,1) width 65: "1-24"
            LayoutTableCell {TD} at (148,994) size 148x39 [r=23 c=1 rs=1 cs=1]
              LayoutText {#text} at (1,1) size 65x37
                text run at (1,1) width 65: "2-24"
            LayoutTableCell {TD} at (296,994) size 148x39 [r=23 c=2 rs=1 cs=1]
              LayoutText {#text} at (1,1) size 65x37
                text run at (1,1) width 65: "3-24"
          LayoutTableRow {TR} at (0,1033) size 444x39
            LayoutTableCell {TD} at (0,1033) size 148x39 [r=24 c=0 rs=1 cs=1]
              LayoutText {#text} at (1,1) size 65x37
                text run at (1,1) width 65: "1-25"
            LayoutTableCell {TD} at (148,1033) size 148x39 [r=24 c=1 rs=1 cs=1]
              LayoutText {#text} at (1,1) size 65x37
                text run at (1,1) width 65: "2-25"
            LayoutTableCell {TD} at (296,1033) size 148x39 [r=24 c=2 rs=1 cs=1]
              LayoutText {#text} at (1,1) size 65x37
                text run at (1,1) width 65: "3-25"
          LayoutTableRow {TR} at (0,1072) size 444x39
            LayoutTableCell {TD} at (0,1072) size 148x39 [r=25 c=0 rs=1 cs=1]
              LayoutText {#text} at (1,1) size 65x37
                text run at (1,1) width 65: "1-26"
            LayoutTableCell {TD} at (148,1072) size 148x39 [r=25 c=1 rs=1 cs=1]
              LayoutText {#text} at (1,1) size 65x37
                text run at (1,1) width 65: "2-26"
            LayoutTableCell {TD} at (296,1072) size 148x39 [r=25 c=2 rs=1 cs=1]
              LayoutText {#text} at (1,1) size 65x37
                text run at (1,1) width 65: "3-26"
          LayoutTableRow {TR} at (0,1111) size 444x39
            LayoutTableCell {TD} at (0,1111) size 148x39 [r=26 c=0 rs=1 cs=1]
              LayoutText {#text} at (1,1) size 65x37
                text run at (1,1) width 65: "1-27"
            LayoutTableCell {TD} at (148,1111) size 148x39 [r=26 c=1 rs=1 cs=1]
              LayoutText {#text} at (1,1) size 65x37
                text run at (1,1) width 65: "2-27"
            LayoutTableCell {TD} at (296,1111) size 148x39 [r=26 c=2 rs=1 cs=1]
              LayoutText {#text} at (1,1) size 65x37
                text run at (1,1) width 65: "3-27"
          LayoutTableRow {TR} at (0,1150) size 444x39
            LayoutTableCell {TD} at (0,1150) size 148x39 [r=27 c=0 rs=1 cs=1]
              LayoutText {#text} at (1,1) size 65x37
                text run at (1,1) width 65: "1-28"
            LayoutTableCell {TD} at (148,1150) size 148x39 [r=27 c=1 rs=1 cs=1]
              LayoutText {#text} at (1,1) size 65x37
                text run at (1,1) width 65: "2-28"
            LayoutTableCell {TD} at (296,1150) size 148x39 [r=27 c=2 rs=1 cs=1]
              LayoutText {#text} at (1,1) size 65x37
                text run at (1,1) width 65: "3-28"
          LayoutTableRow {TR} at (0,1189) size 444x39
            LayoutTableCell {TD} at (0,1189) size 148x39 [r=28 c=0 rs=1 cs=1]
              LayoutText {#text} at (1,1) size 65x37
                text run at (1,1) width 65: "1-29"
            LayoutTableCell {TD} at (148,1189) size 148x39 [r=28 c=1 rs=1 cs=1]
              LayoutText {#text} at (1,1) size 65x37
                text run at (1,1) width 65: "2-29"
            LayoutTableCell {TD} at (296,1189) size 148x39 [r=28 c=2 rs=1 cs=1]
              LayoutText {#text} at (1,1) size 65x37
                text run at (1,1) width 65: "3-29"
          LayoutTableRow {TR} at (0,1228) size 444x39
            LayoutTableCell {TD} at (0,1228) size 148x39 [r=29 c=0 rs=1 cs=1]
              LayoutText {#text} at (1,1) size 65x37
                text run at (1,1) width 65: "1-30"
            LayoutTableCell {TD} at (148,1228) size 148x39 [r=29 c=1 rs=1 cs=1]
              LayoutText {#text} at (1,1) size 65x37
                text run at (1,1) width 65: "2-30"
            LayoutTableCell {TD} at (296,1228) size 148x39 [r=29 c=2 rs=1 cs=1]
              LayoutText {#text} at (1,1) size 65x37
                text run at (1,1) width 65: "3-30"
          LayoutTableRow {TR} at (0,1267) size 444x39
            LayoutTableCell {TD} at (0,1267) size 148x39 [r=30 c=0 rs=1 cs=1]
              LayoutText {#text} at (1,1) size 65x37
                text run at (1,1) width 65: "1-31"
            LayoutTableCell {TD} at (148,1267) size 148x39 [r=30 c=1 rs=1 cs=1]
              LayoutText {#text} at (1,1) size 65x37
                text run at (1,1) width 65: "2-31"
            LayoutTableCell {TD} at (296,1267) size 148x39 [r=30 c=2 rs=1 cs=1]
              LayoutText {#text} at (1,1) size 65x37
                text run at (1,1) width 65: "3-31"
          LayoutTableRow {TR} at (0,1306) size 444x39
            LayoutTableCell {TD} at (0,1306) size 148x39 [r=31 c=0 rs=1 cs=1]
              LayoutText {#text} at (1,1) size 65x37
                text run at (1,1) width 65: "1-32"
            LayoutTableCell {TD} at (148,1306) size 148x39 [r=31 c=1 rs=1 cs=1]
              LayoutText {#text} at (1,1) size 65x37
                text run at (1,1) width 65: "2-32"
            LayoutTableCell {TD} at (296,1306) size 148x39 [r=31 c=2 rs=1 cs=1]
              LayoutText {#text} at (1,1) size 65x37
                text run at (1,1) width 65: "3-32"
          LayoutTableRow {TR} at (0,1345) size 444x39
            LayoutTableCell {TD} at (0,1345) size 148x39 [r=32 c=0 rs=1 cs=1]
              LayoutText {#text} at (1,1) size 65x37
                text run at (1,1) width 65: "1-33"
            LayoutTableCell {TD} at (148,1345) size 148x39 [r=32 c=1 rs=1 cs=1]
              LayoutText {#text} at (1,1) size 65x37
                text run at (1,1) width 65: "2-33"
            LayoutTableCell {TD} at (296,1345) size 148x39 [r=32 c=2 rs=1 cs=1]
              LayoutText {#text} at (1,1) size 65x37
                text run at (1,1) width 65: "3-33"
          LayoutTableRow {TR} at (0,1384) size 444x39
            LayoutTableCell {TD} at (0,1384) size 148x39 [r=33 c=0 rs=1 cs=1]
              LayoutText {#text} at (1,1) size 65x37
                text run at (1,1) width 65: "1-34"
            LayoutTableCell {TD} at (148,1384) size 148x39 [r=33 c=1 rs=1 cs=1]
              LayoutText {#text} at (1,1) size 65x37
                text run at (1,1) width 65: "2-34"
            LayoutTableCell {TD} at (296,1384) size 148x39 [r=33 c=2 rs=1 cs=1]
              LayoutText {#text} at (1,1) size 65x37
                text run at (1,1) width 65: "3-34"
          LayoutTableRow {TR} at (0,1423) size 444x39
            LayoutTableCell {TD} at (0,1423) size 148x39 [r=34 c=0 rs=1 cs=1]
              LayoutText {#text} at (1,1) size 65x37
                text run at (1,1) width 65: "1-35"
            LayoutTableCell {TD} at (148,1423) size 148x39 [r=34 c=1 rs=1 cs=1]
              LayoutText {#text} at (1,1) size 65x37
                text run at (1,1) width 65: "2-35"
            LayoutTableCell {TD} at (296,1423) size 148x39 [r=34 c=2 rs=1 cs=1]
              LayoutText {#text} at (1,1) size 65x37
                text run at (1,1) width 65: "3-35"
        LayoutTableSection {TFOOT} at (0,1501) size 444x39
          LayoutTableRow {TR} at (0,0) size 444x39
            LayoutTableCell {TH} at (0,0) size 148x39 [r=0 c=0 rs=1 cs=1]
              LayoutText {#text} at (10,1) size 128x37
                text run at (10,1) width 128: "Footer 1"
            LayoutTableCell {TH} at (148,0) size 148x39 [r=0 c=1 rs=1 cs=1]
              LayoutText {#text} at (10,1) size 128x37
                text run at (10,1) width 128: "Footer 2"
            LayoutTableCell {TH} at (296,0) size 148x39 [r=0 c=2 rs=1 cs=1]
              LayoutText {#text} at (10,1) size 128x37
                text run at (10,1) width 128: "Footer 3"
