layer at (0,0) size 800x600 scrollHeight 4368
  LayoutView at (0,0) size 1046x799
layer at (0,0) size 1046x4368 backgroundClip at (0,0) size 800x600 clip at (0,0) size 800x600
  LayoutBlockFlow {HTML} at (0,0) size 1046x4368
    LayoutBlockFlow {BODY} at (8,8) size 1030x4352
      LayoutBlockFlow (anonymous) at (0,0) size 1030x100
        LayoutText {#text} at (0,7) size 972x86
          text run at (0,7) width 972: "Passes if there is a green circle before each \"Header\" and a red circle before each"
          text run at (0,57) width 111: "\"Footer\"."
      LayoutBlockFlow {DIV} at (0,100) size 1030x1000
      LayoutTable {TABLE} at (0,1100) size 139x2252
        LayoutTableSection {THEAD} at (0,0) size 139x56
          LayoutTableRow {TR} at (0,2) size 139x52
            LayoutTableCell {TH} at (2,2) size 135x52 [r=0 c=0 rs=1 cs=1]
              LayoutSVGRoot {svg} at (1.27,6) size 30x30
                LayoutSVGEllipse {circle} at (0,0) size 30x30 [fill={[type=SOLID] [color=#008000]}] [cx=15.00] [cy=15.00] [r=15.00]
              LayoutText {#text} at (31,8) size 103x36
                text run at (31,8) width 8: " "
                text run at (38,8) width 96: "Header"
        LayoutTableSection {TBODY} at (0,56) size 139x2142
          LayoutTableRow {TR} at (0,0) size 139x52
            LayoutTableCell {TD} at (2,0) size 135x52 [r=0 c=0 rs=1 cs=1]
              LayoutText {#text} at (1,8) size 15x36
                text run at (1,8) width 15: "1"
          LayoutTableRow {TR} at (0,54) size 139x52
            LayoutTableCell {TD} at (2,54) size 135x52 [r=1 c=0 rs=1 cs=1]
              LayoutText {#text} at (1,8) size 15x36
                text run at (1,8) width 15: "2"
          LayoutTableRow {TR} at (0,108) size 139x52
            LayoutTableCell {TD} at (2,108) size 135x52 [r=2 c=0 rs=1 cs=1]
              LayoutText {#text} at (1,8) size 15x36
                text run at (1,8) width 15: "3"
          LayoutTableRow {TR} at (0,162) size 139x52
            LayoutTableCell {TD} at (2,162) size 135x52 [r=3 c=0 rs=1 cs=1]
              LayoutText {#text} at (1,8) size 15x36
                text run at (1,8) width 15: "4"
          LayoutTableRow {TR} at (0,216) size 139x52
            LayoutTableCell {TD} at (2,216) size 135x52 [r=4 c=0 rs=1 cs=1]
              LayoutText {#text} at (1,8) size 15x36
                text run at (1,8) width 15: "5"
          LayoutTableRow {TR} at (0,270) size 139x52
            LayoutTableCell {TD} at (2,270) size 135x52 [r=5 c=0 rs=1 cs=1]
              LayoutText {#text} at (1,8) size 15x36
                text run at (1,8) width 15: "6"
          LayoutTableRow {TR} at (0,324) size 139x52
            LayoutTableCell {TD} at (2,324) size 135x52 [r=6 c=0 rs=1 cs=1]
              LayoutText {#text} at (1,8) size 15x36
                text run at (1,8) width 15: "7"
          LayoutTableRow {TR} at (0,490) size 139x52
            LayoutTableCell {TD} at (2,490) size 135x52 [r=7 c=0 rs=1 cs=1]
              LayoutText {#text} at (1,8) size 15x36
                text run at (1,8) width 15: "8"
          LayoutTableRow {TR} at (0,544) size 139x52
            LayoutTableCell {TD} at (2,544) size 135x52 [r=8 c=0 rs=1 cs=1]
              LayoutText {#text} at (1,8) size 15x36
                text run at (1,8) width 15: "9"
          LayoutTableRow {TR} at (0,598) size 139x52
            LayoutTableCell {TD} at (2,598) size 135x52 [r=9 c=0 rs=1 cs=1]
              LayoutText {#text} at (1,8) size 30x36
                text run at (1,8) width 30: "10"
          LayoutTableRow {TR} at (0,652) size 139x52
            LayoutTableCell {TD} at (2,652) size 135x52 [r=10 c=0 rs=1 cs=1]
              LayoutText {#text} at (1,8) size 29x36
                text run at (1,8) width 29: "11"
          LayoutTableRow {TR} at (0,706) size 139x52
            LayoutTableCell {TD} at (2,706) size 135x52 [r=11 c=0 rs=1 cs=1]
              LayoutText {#text} at (1,8) size 30x36
                text run at (1,8) width 30: "12"
          LayoutTableRow {TR} at (0,760) size 139x52
            LayoutTableCell {TD} at (2,760) size 135x52 [r=12 c=0 rs=1 cs=1]
              LayoutText {#text} at (1,8) size 30x36
                text run at (1,8) width 30: "13"
          LayoutTableRow {TR} at (0,814) size 139x52
            LayoutTableCell {TD} at (2,814) size 135x52 [r=13 c=0 rs=1 cs=1]
              LayoutText {#text} at (1,8) size 30x36
                text run at (1,8) width 30: "14"
          LayoutTableRow {TR} at (0,868) size 139x52
            LayoutTableCell {TD} at (2,868) size 135x52 [r=14 c=0 rs=1 cs=1]
              LayoutText {#text} at (1,8) size 30x36
                text run at (1,8) width 30: "15"
          LayoutTableRow {TR} at (0,922) size 139x52
            LayoutTableCell {TD} at (2,922) size 135x52 [r=15 c=0 rs=1 cs=1]
              LayoutText {#text} at (1,8) size 30x36
                text run at (1,8) width 30: "16"
          LayoutTableRow {TR} at (0,976) size 139x52
            LayoutTableCell {TD} at (2,976) size 135x52 [r=16 c=0 rs=1 cs=1]
              LayoutText {#text} at (1,8) size 30x36
                text run at (1,8) width 30: "17"
          LayoutTableRow {TR} at (0,1030) size 139x52
            LayoutTableCell {TD} at (2,1030) size 135x52 [r=17 c=0 rs=1 cs=1]
              LayoutText {#text} at (1,8) size 30x36
                text run at (1,8) width 30: "18"
          LayoutTableRow {TR} at (0,1084) size 139x52
            LayoutTableCell {TD} at (2,1084) size 135x52 [r=18 c=0 rs=1 cs=1]
              LayoutText {#text} at (1,8) size 30x36
                text run at (1,8) width 30: "19"
          LayoutTableRow {TR} at (0,1289) size 139x52
            LayoutTableCell {TD} at (2,1289) size 135x52 [r=19 c=0 rs=1 cs=1]
              LayoutText {#text} at (1,8) size 30x36
                text run at (1,8) width 30: "20"
          LayoutTableRow {TR} at (0,1343) size 139x52
            LayoutTableCell {TD} at (2,1343) size 135x52 [r=20 c=0 rs=1 cs=1]
              LayoutText {#text} at (1,8) size 30x36
                text run at (1,8) width 30: "21"
          LayoutTableRow {TR} at (0,1397) size 139x52
            LayoutTableCell {TD} at (2,1397) size 135x52 [r=21 c=0 rs=1 cs=1]
              LayoutText {#text} at (1,8) size 30x36
                text run at (1,8) width 30: "22"
          LayoutTableRow {TR} at (0,1451) size 139x52
            LayoutTableCell {TD} at (2,1451) size 135x52 [r=22 c=0 rs=1 cs=1]
              LayoutText {#text} at (1,8) size 30x36
                text run at (1,8) width 30: "23"
          LayoutTableRow {TR} at (0,1505) size 139x52
            LayoutTableCell {TD} at (2,1505) size 135x52 [r=23 c=0 rs=1 cs=1]
              LayoutText {#text} at (1,8) size 30x36
                text run at (1,8) width 30: "24"
          LayoutTableRow {TR} at (0,1559) size 139x52
            LayoutTableCell {TD} at (2,1559) size 135x52 [r=24 c=0 rs=1 cs=1]
              LayoutText {#text} at (1,8) size 30x36
                text run at (1,8) width 30: "25"
          LayoutTableRow {TR} at (0,1613) size 139x52
            LayoutTableCell {TD} at (2,1613) size 135x52 [r=25 c=0 rs=1 cs=1]
              LayoutText {#text} at (1,8) size 30x36
                text run at (1,8) width 30: "26"
          LayoutTableRow {TR} at (0,1667) size 139x52
            LayoutTableCell {TD} at (2,1667) size 135x52 [r=26 c=0 rs=1 cs=1]
              LayoutText {#text} at (1,8) size 30x36
                text run at (1,8) width 30: "27"
          LayoutTableRow {TR} at (0,1721) size 139x52
            LayoutTableCell {TD} at (2,1721) size 135x52 [r=27 c=0 rs=1 cs=1]
              LayoutText {#text} at (1,8) size 30x36
                text run at (1,8) width 30: "28"
          LayoutTableRow {TR} at (0,1775) size 139x52
            LayoutTableCell {TD} at (2,1775) size 135x52 [r=28 c=0 rs=1 cs=1]
              LayoutText {#text} at (1,8) size 30x36
                text run at (1,8) width 30: "29"
          LayoutTableRow {TR} at (0,1829) size 139x52
            LayoutTableCell {TD} at (2,1829) size 135x52 [r=29 c=0 rs=1 cs=1]
              LayoutText {#text} at (1,8) size 30x36
                text run at (1,8) width 30: "30"
          LayoutTableRow {TR} at (0,1883) size 139x52
            LayoutTableCell {TD} at (2,1883) size 135x52 [r=30 c=0 rs=1 cs=1]
              LayoutText {#text} at (1,8) size 30x36
                text run at (1,8) width 30: "31"
          LayoutTableRow {TR} at (0,2088) size 139x52
            LayoutTableCell {TD} at (2,2088) size 135x52 [r=31 c=0 rs=1 cs=1]
              LayoutText {#text} at (1,8) size 30x36
                text run at (1,8) width 30: "32"
        LayoutTableSection {TFOOT} at (0,2198) size 139x54
          LayoutTableRow {TR} at (0,0) size 139x52
            LayoutTableCell {TH} at (2,0) size 135x52 [r=0 c=0 rs=1 cs=1]
              LayoutSVGRoot {svg} at (6.28,6) size 30x30
                LayoutSVGEllipse {circle} at (0,0) size 30x30 [fill={[type=SOLID] [color=#FF0000]}] [cx=15.00] [cy=15.00] [r=15.00]
              LayoutText {#text} at (36,8) size 93x36
                text run at (36,8) width 8: " "
                text run at (43,8) width 86: "Footer"
      LayoutBlockFlow {DIV} at (0,3352) size 1030x1000
