layer at (0,0) size 800x600 scrollHeight 1731
  LayoutView at (0,0) size 800x600
layer at (0,0) size 800x1731 backgroundClip at (0,0) size 800x600 clip at (0,0) size 800x600
  LayoutBlockFlow {HTML} at (0,0) size 800x1731.19
    LayoutBlockFlow {BODY} at (8,17.41) size 784x1705.78 [color=#00FF00] [bgcolor=#333333]
      LayoutBlockFlow {H1} at (0,0) size 784x30
        LayoutText {#text} at (0,0) size 515x30
          text run at (0,0) width 515: "CSS2 Table Backgrounds Test Suite"
      LayoutBlockFlow {H2} at (0,47.41) size 784x23
        LayoutText {#text} at (0,0) size 293x23
          text run at (0,0) width 293: "Part C: Background Layers"
      LayoutBlockFlow {H3} at (0,86.58) size 784x17
        LayoutText {#text} at (0,0) size 156x17
          text run at (0,0) width 156: "empty-cells: show"
      LayoutBlockFlow {P} at (0,118.78) size 784x15
        LayoutText {#text} at (0,0) size 328x15
          text run at (0,0) width 328: "Both tables should have a blue background."
      LayoutBlockFlow {P} at (0,146.78) size 784x15
        LayoutText {#text} at (0,0) size 484x15
          text run at (0,0) width 484: "In table cell C (third cell in the first row), which is empty:"
      LayoutBlockFlow {UL} at (0,174.78) size 784x120
        LayoutListItem {LI} at (40,0) size 744x30
          LayoutListMarker (anonymous) at (-16,0) size 6x15: bullet
          LayoutText {#text} at (0,0) size 742x30
            text run at (0,0) width 742: "Four sets of horizontal double violet stripes surrounded by aqua should run just inside the top"
            text run at (0,15) width 94: "border edge."
        LayoutListItem {LI} at (40,30) size 744x30
          LayoutListMarker (anonymous) at (-16,0) size 6x15: bullet
          LayoutText {#text} at (0,0) size 742x30
            text run at (0,0) width 742: "One set of aqua-backed double violet stripes should run just inside the left, right, and bottom"
            text run at (0,15) width 102: "border edges."
        LayoutListItem {LI} at (40,60) size 744x30
          LayoutListMarker (anonymous) at (-16,0) size 6x15: bullet
          LayoutText {#text} at (0,0) size 726x30
            text run at (0,0) width 726: "The third set along the top should turn down at the right edge and go under the fourth set to"
            text run at (0,15) width 188: "form the right-edge set."
        LayoutListItem {LI} at (40,90) size 744x15
          LayoutListMarker (anonymous) at (-16,0) size 6x15: bullet
          LayoutText {#text} at (0,0) size 547x15
            text run at (0,0) width 547: "The fourth set should turn down at the left edge to form the left set."
        LayoutListItem {LI} at (40,105) size 744x15
          LayoutListMarker (anonymous) at (-16,0) size 6x15: bullet
          LayoutText {#text} at (0,0) size 406x15
            text run at (0,0) width 406: "The bottom stripe should be straight and cut across "
          LayoutInline {EM} at (0,0) size 32x15
            LayoutText {#text} at (405,0) size 32x15
              text run at (405,0) width 32: "over"
          LayoutText {#text} at (436,0) size 118x15
            text run at (436,0) width 118: " the side sets."
      LayoutBlockFlow {P} at (0,307.78) size 784x15
        LayoutText {#text} at (0,0) size 367x15
          text run at (0,0) width 367: "In table cell A, (first cell in the first row):"
      LayoutBlockFlow {UL} at (0,335.78) size 784x75
        LayoutListItem {LI} at (40,0) size 744x30
          LayoutListMarker (anonymous) at (-16,0) size 6x15: bullet
          LayoutText {#text} at (0,0) size 695x30
            text run at (0,0) width 695: "Three sets of horizontal aqua-backed double violet stripes should run just inside the top"
            text run at (0,15) width 94: "border edge."
        LayoutListItem {LI} at (40,30) size 744x15
          LayoutListMarker (anonymous) at (-16,0) size 6x15: bullet
          LayoutText {#text} at (0,0) size 250x15
            text run at (0,0) width 250: "The first set should run across."
        LayoutListItem {LI} at (40,45) size 744x30
          LayoutListMarker (anonymous) at (-16,0) size 6x15: bullet
          LayoutText {#text} at (0,0) size 734x30
            text run at (0,0) width 734: "The second set should turn down at the left edge, going over the third set to form another set"
            text run at (0,15) width 336: "that runs just inside the left border edge."
      LayoutBlockFlow {P} at (0,423.78) size 784x15
        LayoutText {#text} at (0,0) size 359x15
          text run at (0,0) width 359: "In table cell D, (last cell in the first row):"
      LayoutBlockFlow {UL} at (0,451.78) size 784x60
        LayoutListItem {LI} at (40,0) size 744x30
          LayoutListMarker (anonymous) at (-16,0) size 6x15: bullet
          LayoutText {#text} at (0,0) size 726x30
            text run at (0,0) width 726: "Two sets of horizontal aqua-backed double violet strips should run just inside the top border"
            text run at (0,15) width 39: "edge."
        LayoutListItem {LI} at (40,30) size 744x30
          LayoutListMarker (anonymous) at (-16,0) size 6x15: bullet
          LayoutText {#text} at (0,0) size 734x30
            text run at (0,0) width 734: "The first set should turn down at the right edge, going under the second horizontal set to run"
            text run at (0,15) width 352: "vertically just inside the right border edge."
      LayoutBlockFlow {P} at (0,524.78) size 784x15
        LayoutText {#text} at (0,0) size 375x15
          text run at (0,0) width 375: "In table cell G, (third cell in the second row):"
      LayoutBlockFlow {UL} at (0,552.78) size 784x90
        LayoutListItem {LI} at (40,0) size 744x30
          LayoutListMarker (anonymous) at (-16,0) size 6x15: bullet
          LayoutText {#text} at (0,0) size 734x30
            text run at (0,0) width 734: "Two sets of horizontal aqua-backed double violet stripes should run just inside the top border"
            text run at (0,15) width 39: "edge."
        LayoutListItem {LI} at (40,30) size 744x30
          LayoutListMarker (anonymous) at (-16,0) size 6x15: bullet
          LayoutText {#text} at (0,0) size 718x30
            text run at (0,0) width 718: "A set of vertical stripes should run down just inside the left border edge, going under both"
            text run at (0,15) width 149: "horizontal stripes."
        LayoutListItem {LI} at (40,60) size 744x30
          LayoutListMarker (anonymous) at (-16,0) size 6x15: bullet
          LayoutText {#text} at (0,0) size 726x30
            text run at (0,0) width 726: "Another set of vertical stripes should run down just inside the right border edge, also going"
            text run at (0,15) width 235: "under both horizontal stripes."
      LayoutBlockFlow {DL} at (0,655.78) size 784x90
        LayoutBlockFlow {DT} at (0,0) size 784x15
          LayoutText {#text} at (0,0) size 32x15
            text run at (0,0) width 32: "next"
        LayoutBlockFlow {DD} at (40,15) size 744x15
          LayoutInline {A} at (0,0) size 281x15 [color=#FFFF00]
            LayoutText {#text} at (0,0) size 281x15
              text run at (0,0) width 281: "Background Layers: empty-cells: show"
          LayoutText {#text} at (0,0) size 0x0
        LayoutBlockFlow {DT} at (0,30) size 784x15
          LayoutText {#text} at (0,0) size 63x15
            text run at (0,0) width 63: "previous"
        LayoutBlockFlow {DD} at (40,45) size 744x15
          LayoutInline {A} at (0,0) size 367x15 [color=#FFFF00]
            LayoutText {#text} at (0,0) size 367x15
              text run at (0,0) width 367: "Background Position: Background on 'table-cell'"
          LayoutText {#text} at (0,0) size 0x0
        LayoutBlockFlow {DT} at (0,60) size 784x15
          LayoutText {#text} at (0,0) size 63x15
            text run at (0,0) width 63: "contents"
        LayoutBlockFlow {DD} at (40,75) size 744x15
          LayoutInline {A} at (0,0) size 133x15 [color=#FFFF00]
            LayoutText {#text} at (0,0) size 133x15
              text run at (0,0) width 133: "Table of Contents"
          LayoutText {#text} at (0,0) size 0x0
      LayoutTable {TABLE} at (0,758.78) size 618x466 [color=#FFFFFF] [bgcolor=#0000FF] [border: (1px dotted #FFFFFF)]
        LayoutBlockFlow {CAPTION} at (0,0) size 618x22
          LayoutText {#text} at (163,0) size 292x22
            text run at (163,0) width 292: "With 'border-collapse: separate'"
        LayoutTableCol {COLGROUP} at (0,0) size 0x0
          LayoutTableCol {COL} at (0,0) size 0x0
          LayoutTableCol {COL} at (0,0) size 0x0
          LayoutTableCol {COL} at (0,0) size 0x0
        LayoutTableCol {COLGROUP} at (0,0) size 0x0
          LayoutTableCol {COL} at (0,0) size 0x0
        LayoutTableSection {THEAD} at (1,23) size 616x114
          LayoutTableRow {TR} at (0,7) size 616x100
            LayoutTableCell {TH} at (7,44) size 130x26 [border: (1px dotted #FFFFFF)] [r=0 c=0 rs=1 cs=1]
              LayoutText {#text} at (42,2) size 46x22
                text run at (42,2) width 46: "TH A"
            LayoutTableCell {TH} at (144,32) size 220x50 [border: (13px dotted #FFFFFF)] [r=0 c=1 rs=1 cs=1]
              LayoutText {#text} at (87,14) size 46x22
                text run at (87,14) width 46: "TH B"
            LayoutTableCell {TH} at (371,55) size 118x4 [border: (1px dotted #FFFFFF)] [r=0 c=2 rs=1 cs=1]
            LayoutTableCell {TH} at (496,44) size 113x26 [border: (1px dotted #FFFFFF)] [r=0 c=3 rs=1 cs=1]
              LayoutText {#text} at (34,2) size 45x22
                text run at (34,2) width 45: "TH D"
        LayoutTableSection {TFOOT} at (1,343) size 616x122
          LayoutTableRow {TR} at (0,0) size 616x115
            LayoutTableCell {TD} at (7,44) size 357x26 [border: (1px dotted #FFFFFF)] [r=0 c=0 rs=1 cs=2]
              LayoutText {#text} at (2,2) size 47x22
                text run at (2,2) width 47: "TD M"
            LayoutTableCell {TD} at (371,44) size 118x26 [border: (1px dotted #FFFFFF)] [r=0 c=2 rs=1 cs=1]
              LayoutText {#text} at (2,2) size 46x22
                text run at (2,2) width 46: "TD O"
            LayoutTableCell {TD} at (496,44) size 113x26 [border: (1px dotted #FFFFFF)] [r=0 c=3 rs=1 cs=1]
              LayoutText {#text} at (2,2) size 44x22
                text run at (2,2) width 44: "TD P"
        LayoutTableSection {TBODY} at (1,137) size 616x206
          LayoutTableRow {TR} at (0,0) size 616x108
            LayoutTableCell {TD} at (7,74) size 130x50 [border: (13px dotted #FFFFFF)] [r=0 c=0 rs=2 cs=1]
              LayoutText {#text} at (14,14) size 44x22
                text run at (14,14) width 44: "TD E"
            LayoutTableCell {TD} at (144,41) size 220x26 [border: (1px dotted #FFFFFF)] [r=0 c=1 rs=1 cs=1]
              LayoutText {#text} at (2,2) size 43x22
                text run at (2,2) width 43: "TD F"
            LayoutTableCell {TD} at (371,41) size 118x26 [border: (1px dotted #FFFFFF)] [r=0 c=2 rs=1 cs=1]
              LayoutText {#text} at (2,2) size 46x22
                text run at (2,2) width 46: "TD G"
            LayoutTableCell {TD} at (496,41) size 113x26 [border: (1px dotted #FFFFFF)] [r=0 c=3 rs=1 cs=1]
              LayoutText {#text} at (2,2) size 45x22
                text run at (2,2) width 45: "TD H"
          LayoutTableRow {TR} at (0,115) size 616x84
            LayoutTableCell {TD} at (144,144) size 220x26 [border: (1px dotted #FFFFFF)] [r=1 c=1 rs=1 cs=1]
              LayoutText {#text} at (2,2) size 42x22
                text run at (2,2) width 42: "TD J"
            LayoutTableCell {TD} at (371,144) size 118x26 [border: (1px dotted #FFFFFF)] [r=1 c=2 rs=1 cs=1]
              LayoutText {#text} at (2,2) size 45x22
                text run at (2,2) width 45: "TD K"
            LayoutTableCell {TD} at (496,144) size 113x26 [border: (1px dotted #FFFFFF)] [r=1 c=3 rs=1 cs=1]
              LayoutText {#text} at (2,2) size 43x22
                text run at (2,2) width 43: "TD L"
      LayoutTable {TABLE} at (0,1224.78) size 578x432 [color=#FFFFFF] [bgcolor=#0000FF] [border: (6px dotted #FFFFFF)]
        LayoutBlockFlow {CAPTION} at (0,0) size 578x22
          LayoutText {#text} at (144,0) size 290x22
            text run at (144,0) width 290: "With 'border-collapse: collapse'"
        LayoutTableCol {COLGROUP} at (0,0) size 0x0
          LayoutTableCol {COL} at (0,0) size 0x0
          LayoutTableCol {COL} at (0,0) size 0x0
          LayoutTableCol {COL} at (0,0) size 0x0
        LayoutTableCol {COLGROUP} at (0,0) size 0x0
          LayoutTableCol {COL} at (0,0) size 0x0
        LayoutTableSection {THEAD} at (0,28) size 577x99
          LayoutTableRow {TR} at (0,0) size 577x99
            LayoutTableCell {TH} at (0,34) size 135x31 [border: (1px dotted #FFFFFF)] [r=0 c=0 rs=1 cs=1]
              LayoutText {#text} at (42,2) size 46x22
                text run at (42,2) width 46: "TH A"
            LayoutTableCell {TH} at (135,31) size 207x37 [border: (7px dotted #FFFFFF)] [r=0 c=1 rs=1 cs=1]
              LayoutText {#text} at (81,8) size 46x22
                text run at (81,8) width 46: "TH B"
            LayoutTableCell {TH} at (342,48) size 123x3 [border: (1px dotted #FFFFFF)] [r=0 c=2 rs=1 cs=1]
            LayoutTableCell {TH} at (465,37) size 112x25 [border: (1px dotted #FFFFFF)] [r=0 c=3 rs=1 cs=1]
              LayoutText {#text} at (34,2) size 45x22
                text run at (34,2) width 45: "TH D"
        LayoutTableSection {TFOOT} at (0,317) size 577x114
          LayoutTableRow {TR} at (0,0) size 577x114
            LayoutTableCell {TD} at (0,41) size 342x31 [border: (7px dotted #FFFFFF)] [r=0 c=0 rs=1 cs=2]
              LayoutText {#text} at (2,8) size 47x22
                text run at (2,8) width 47: "TD M"
            LayoutTableCell {TD} at (342,44) size 123x25 [border: (1px dotted #FFFFFF)] [r=0 c=2 rs=1 cs=1]
              LayoutText {#text} at (2,2) size 46x22
                text run at (2,2) width 46: "TD O"
            LayoutTableCell {TD} at (465,44) size 112x25 [border: (1px dotted #FFFFFF)] [r=0 c=3 rs=1 cs=1]
              LayoutText {#text} at (2,2) size 44x22
                text run at (2,2) width 44: "TD P"
        LayoutTableSection {TBODY} at (0,127) size 577x190
          LayoutTableRow {TR} at (0,0) size 577x107
            LayoutTableCell {TD} at (0,76) size 135x37 [border: (7px dotted #FFFFFF)] [r=0 c=0 rs=2 cs=1]
              LayoutText {#text} at (8,8) size 44x22
                text run at (8,8) width 44: "TD E"
            LayoutTableCell {TD} at (135,38) size 207x31 [border: (7px dotted #FFFFFF)] [r=0 c=1 rs=1 cs=1]
              LayoutText {#text} at (8,8) size 43x22
                text run at (8,8) width 43: "TD F"
            LayoutTableCell {TD} at (342,41) size 123x25 [border: (1px dotted #FFFFFF)] [r=0 c=2 rs=1 cs=1]
              LayoutText {#text} at (2,2) size 46x22
                text run at (2,2) width 46: "TD G"
            LayoutTableCell {TD} at (465,41) size 112x25 [border: (1px dotted #FFFFFF)] [r=0 c=3 rs=1 cs=1]
              LayoutText {#text} at (2,2) size 45x22
                text run at (2,2) width 45: "TD H"
          LayoutTableRow {TR} at (0,107) size 577x83
            LayoutTableCell {TD} at (135,136) size 207x25 [border: (1px dotted #FFFFFF)] [r=1 c=1 rs=1 cs=1]
              LayoutText {#text} at (8,2) size 42x22
                text run at (8,2) width 42: "TD J"
            LayoutTableCell {TD} at (342,136) size 123x25 [border: (1px dotted #FFFFFF)] [r=1 c=2 rs=1 cs=1]
              LayoutText {#text} at (2,2) size 45x22
                text run at (2,2) width 45: "TD K"
            LayoutTableCell {TD} at (465,136) size 112x25 [border: (1px dotted #FFFFFF)] [r=1 c=3 rs=1 cs=1]
              LayoutText {#text} at (2,2) size 43x22
                text run at (2,2) width 43: "TD L"
      LayoutBlockFlow {DIV} at (0,1656.78) size 784x34
        LayoutInline {A} at (0,0) size 88x15 [color=#FFFF00]
          LayoutImage {IMG} at (0,0) size 88x31
        LayoutText {#text} at (0,0) size 0x0
      LayoutBlockFlow {ADDRESS} at (0,1690.78) size 784x15
        LayoutText {#text} at (0,0) size 687x15
          text run at (0,0) width 687: "CSS2 Table Backgrounds Test Suite designed and written by fantasai <fantasai@escape.com>"
