layer at (0,0) size 800x600 clip at (0,0) size 785x600 scrollHeight 5732
  LayoutView at (0,0) size 800x600
layer at (0,0) size 785x5732 backgroundClip at (0,0) size 785x600 clip at (0,0) size 785x600
  LayoutBlockFlow {HTML} at (0,0) size 785x5732
    LayoutBlockFlow {BODY} at (8,8) size 769x5708
      LayoutBlockFlow (anonymous) at (0,0) size 769x20
        LayoutText {#text} at (0,0) size 323x19
          text run at (0,0) width 323: "This tests font choices and metrics for the default font."
      LayoutBlockFlow {P} at (0,36) size 769x1880
        LayoutText {#text} at (0,0) size 16x19
          text run at (0,0) width 16: "    "
        LayoutBR {BR} at (16,15) size 0x0
        LayoutText {#text} at (0,20) size 20x19
          text run at (0,20) width 20: "!!!!"
        LayoutBR {BR} at (20,35) size 0x0
        LayoutText {#text} at (0,40) size 20x19
          text run at (0,40) width 20: "\"\"\"\""
        LayoutBR {BR} at (20,55) size 0x0
        LayoutText {#text} at (0,60) size 32x19
          text run at (0,60) width 32: "####"
        LayoutBR {BR} at (32,75) size 0x0
        LayoutText {#text} at (0,80) size 32x19
          text run at (0,80) width 32: "$$$$"
        LayoutBR {BR} at (32,95) size 0x0
        LayoutText {#text} at (0,100) size 52x19
          text run at (0,100) width 52: "%%%%"
        LayoutBR {BR} at (52,115) size 0x0
        LayoutText {#text} at (0,120) size 48x19
          text run at (0,120) width 48: "&&&&"
        LayoutBR {BR} at (48,135) size 0x0
        LayoutText {#text} at (0,140) size 12x19
          text run at (0,140) width 12: "''''"
        LayoutBR {BR} at (12,155) size 0x0
        LayoutText {#text} at (0,160) size 20x19
          text run at (0,160) width 20: "(((("
        LayoutBR {BR} at (20,175) size 0x0
        LayoutText {#text} at (0,180) size 20x19
          text run at (0,180) width 20: "))))"
        LayoutBR {BR} at (20,195) size 0x0
        LayoutText {#text} at (0,200) size 32x19
          text run at (0,200) width 32: "****"
        LayoutBR {BR} at (32,215) size 0x0
        LayoutText {#text} at (0,220) size 36x19
          text run at (0,220) width 36: "++++"
        LayoutBR {BR} at (36,235) size 0x0
        LayoutText {#text} at (0,240) size 16x19
          text run at (0,240) width 16: ",,,,"
        LayoutBR {BR} at (16,255) size 0x0
        LayoutText {#text} at (0,260) size 24x19
          text run at (0,260) width 24: "----"
        LayoutBR {BR} at (24,275) size 0x0
        LayoutText {#text} at (0,280) size 16x19
          text run at (0,280) width 16: "...."
        LayoutBR {BR} at (16,295) size 0x0
        LayoutText {#text} at (0,300) size 16x19
          text run at (0,300) width 16: "////"
        LayoutBR {BR} at (16,315) size 0x0
        LayoutText {#text} at (0,320) size 32x19
          text run at (0,320) width 32: "0000"
        LayoutBR {BR} at (32,335) size 0x0
        LayoutText {#text} at (0,340) size 31x19
          text run at (0,340) width 31: "1111"
        LayoutBR {BR} at (30,355) size 1x0
        LayoutText {#text} at (0,360) size 32x19
          text run at (0,360) width 32: "2222"
        LayoutBR {BR} at (32,375) size 0x0
        LayoutText {#text} at (0,380) size 32x19
          text run at (0,380) width 32: "3333"
        LayoutBR {BR} at (32,395) size 0x0
        LayoutText {#text} at (0,400) size 32x19
          text run at (0,400) width 32: "4444"
        LayoutBR {BR} at (32,415) size 0x0
        LayoutText {#text} at (0,420) size 32x19
          text run at (0,420) width 32: "5555"
        LayoutBR {BR} at (32,435) size 0x0
        LayoutText {#text} at (0,440) size 32x19
          text run at (0,440) width 32: "6666"
        LayoutBR {BR} at (32,455) size 0x0
        LayoutText {#text} at (0,460) size 32x19
          text run at (0,460) width 32: "7777"
        LayoutBR {BR} at (32,475) size 0x0
        LayoutText {#text} at (0,480) size 32x19
          text run at (0,480) width 32: "8888"
        LayoutBR {BR} at (32,495) size 0x0
        LayoutText {#text} at (0,500) size 32x19
          text run at (0,500) width 32: "9999"
        LayoutBR {BR} at (32,515) size 0x0
        LayoutText {#text} at (0,520) size 12x19
          text run at (0,520) width 12: "::::"
        LayoutBR {BR} at (12,535) size 0x0
        LayoutText {#text} at (0,540) size 16x19
          text run at (0,540) width 16: ";;;;"
        LayoutBR {BR} at (16,555) size 0x0
        LayoutText {#text} at (0,560) size 36x19
          text run at (0,560) width 36: "<<<<"
        LayoutBR {BR} at (36,575) size 0x0
        LayoutText {#text} at (0,580) size 36x19
          text run at (0,580) width 36: "===="
        LayoutBR {BR} at (36,595) size 0x0
        LayoutText {#text} at (0,600) size 36x19
          text run at (0,600) width 36: ">>>>"
        LayoutBR {BR} at (36,615) size 0x0
        LayoutText {#text} at (0,620) size 28x19
          text run at (0,620) width 28: "????"
        LayoutBR {BR} at (28,635) size 0x0
        LayoutText {#text} at (0,640) size 60x19
          text run at (0,640) width 60: "@@@@"
        LayoutBR {BR} at (60,655) size 0x0
        LayoutText {#text} at (0,660) size 44x19
          text run at (0,660) width 44: "AAAA"
        LayoutBR {BR} at (44,675) size 0x0
        LayoutText {#text} at (0,680) size 40x19
          text run at (0,680) width 40: "BBBB"
        LayoutBR {BR} at (40,695) size 0x0
        LayoutText {#text} at (0,700) size 44x19
          text run at (0,700) width 44: "CCCC"
        LayoutBR {BR} at (44,715) size 0x0
        LayoutText {#text} at (0,720) size 44x19
          text run at (0,720) width 44: "DDDD"
        LayoutBR {BR} at (44,735) size 0x0
        LayoutText {#text} at (0,740) size 36x19
          text run at (0,740) width 36: "EEEE"
        LayoutBR {BR} at (36,755) size 0x0
        LayoutText {#text} at (0,760) size 36x19
          text run at (0,760) width 36: "FFFF"
        LayoutBR {BR} at (36,775) size 0x0
        LayoutText {#text} at (0,780) size 44x19
          text run at (0,780) width 44: "GGGG"
        LayoutBR {BR} at (44,795) size 0x0
        LayoutText {#text} at (0,800) size 44x19
          text run at (0,800) width 44: "HHHH"
        LayoutBR {BR} at (44,815) size 0x0
        LayoutText {#text} at (0,820) size 20x19
          text run at (0,820) width 20: "IIII"
        LayoutBR {BR} at (20,835) size 0x0
        LayoutText {#text} at (0,840) size 24x19
          text run at (0,840) width 24: "JJJJ"
        LayoutBR {BR} at (24,855) size 0x0
        LayoutText {#text} at (0,860) size 48x19
          text run at (0,860) width 48: "KKKK"
        LayoutBR {BR} at (48,875) size 0x0
        LayoutText {#text} at (0,880) size 36x19
          text run at (0,880) width 36: "LLLL"
        LayoutBR {BR} at (36,895) size 0x0
        LayoutText {#text} at (0,900) size 56x19
          text run at (0,900) width 56: "MMMM"
        LayoutBR {BR} at (56,915) size 0x0
        LayoutText {#text} at (0,920) size 48x19
          text run at (0,920) width 48: "NNNN"
        LayoutBR {BR} at (48,935) size 0x0
        LayoutText {#text} at (0,940) size 48x19
          text run at (0,940) width 48: "OOOO"
        LayoutBR {BR} at (48,955) size 0x0
        LayoutText {#text} at (0,960) size 36x19
          text run at (0,960) width 36: "PPPP"
        LayoutBR {BR} at (36,975) size 0x0
        LayoutText {#text} at (0,980) size 48x19
          text run at (0,980) width 48: "QQQQ"
        LayoutBR {BR} at (48,995) size 0x0
        LayoutText {#text} at (0,1000) size 40x19
          text run at (0,1000) width 40: "RRRR"
        LayoutBR {BR} at (40,1015) size 0x0
        LayoutText {#text} at (0,1020) size 36x19
          text run at (0,1020) width 36: "SSSS"
        LayoutBR {BR} at (36,1035) size 0x0
        LayoutText {#text} at (0,1040) size 36x19
          text run at (0,1040) width 36: "TTTT"
        LayoutBR {BR} at (36,1055) size 0x0
        LayoutText {#text} at (0,1060) size 44x19
          text run at (0,1060) width 44: "UUUU"
        LayoutBR {BR} at (44,1075) size 0x0
        LayoutText {#text} at (0,1080) size 44x19
          text run at (0,1080) width 44: "VVVV"
        LayoutBR {BR} at (44,1095) size 0x0
        LayoutText {#text} at (0,1100) size 60x19
          text run at (0,1100) width 60: "WWWW"
        LayoutBR {BR} at (60,1115) size 0x0
        LayoutText {#text} at (0,1120) size 44x19
          text run at (0,1120) width 44: "XXXX"
        LayoutBR {BR} at (44,1135) size 0x0
        LayoutText {#text} at (0,1140) size 44x19
          text run at (0,1140) width 44: "YYYY"
        LayoutBR {BR} at (44,1155) size 0x0
        LayoutText {#text} at (0,1160) size 36x19
          text run at (0,1160) width 36: "ZZZZ"
        LayoutBR {BR} at (36,1175) size 0x0
        LayoutText {#text} at (0,1180) size 20x19
          text run at (0,1180) width 20: "[[[["
        LayoutBR {BR} at (20,1195) size 0x0
        LayoutText {#text} at (0,1200) size 16x19
          text run at (0,1200) width 16: "\\\\\\\\"
        LayoutBR {BR} at (16,1215) size 0x0
        LayoutText {#text} at (0,1220) size 20x19
          text run at (0,1220) width 20: "]]]]"
        LayoutBR {BR} at (20,1235) size 0x0
        LayoutText {#text} at (0,1240) size 32x19
          text run at (0,1240) width 32: "^^^^"
        LayoutBR {BR} at (32,1255) size 0x0
        LayoutText {#text} at (0,1260) size 32x19
          text run at (0,1260) width 32: "____"
        LayoutBR {BR} at (32,1275) size 0x0
        LayoutText {#text} at (0,1280) size 20x19
          text run at (0,1280) width 20: "````"
        LayoutBR {BR} at (20,1295) size 0x0
        LayoutText {#text} at (0,1300) size 28x19
          text run at (0,1300) width 28: "aaaa"
        LayoutBR {BR} at (28,1315) size 0x0
        LayoutText {#text} at (0,1320) size 32x19
          text run at (0,1320) width 32: "bbbb"
        LayoutBR {BR} at (32,1335) size 0x0
        LayoutText {#text} at (0,1340) size 28x19
          text run at (0,1340) width 28: "cccc"
        LayoutBR {BR} at (28,1355) size 0x0
        LayoutText {#text} at (0,1360) size 32x19
          text run at (0,1360) width 32: "dddd"
        LayoutBR {BR} at (32,1375) size 0x0
        LayoutText {#text} at (0,1380) size 28x19
          text run at (0,1380) width 28: "eeee"
        LayoutBR {BR} at (28,1395) size 0x0
        LayoutText {#text} at (0,1400) size 16x19
          text run at (0,1400) width 16: "ffff"
        LayoutBR {BR} at (15,1415) size 1x0
        LayoutText {#text} at (0,1420) size 28x19
          text run at (0,1420) width 28: "gggg"
        LayoutBR {BR} at (28,1435) size 0x0
        LayoutText {#text} at (0,1440) size 28x19
          text run at (0,1440) width 28: "hhhh"
        LayoutBR {BR} at (28,1455) size 0x0
        LayoutText {#text} at (0,1460) size 12x19
          text run at (0,1460) width 12: "iiii"
        LayoutBR {BR} at (12,1475) size 0x0
        LayoutText {#text} at (0,1480) size 16x19
          text run at (0,1480) width 16: "jjjj"
        LayoutBR {BR} at (16,1495) size 0x0
        LayoutText {#text} at (0,1500) size 32x19
          text run at (0,1500) width 32: "kkkk"
        LayoutBR {BR} at (32,1515) size 0x0
        LayoutText {#text} at (0,1520) size 12x19
          text run at (0,1520) width 12: "llll"
        LayoutBR {BR} at (12,1535) size 0x0
        LayoutText {#text} at (0,1540) size 44x19
          text run at (0,1540) width 44: "mmmm"
        LayoutBR {BR} at (44,1555) size 0x0
        LayoutText {#text} at (0,1560) size 28x19
          text run at (0,1560) width 28: "nnnn"
        LayoutBR {BR} at (28,1575) size 0x0
        LayoutText {#text} at (0,1580) size 32x19
          text run at (0,1580) width 32: "oooo"
        LayoutBR {BR} at (32,1595) size 0x0
        LayoutText {#text} at (0,1600) size 32x19
          text run at (0,1600) width 32: "pppp"
        LayoutBR {BR} at (32,1615) size 0x0
        LayoutText {#text} at (0,1620) size 32x19
          text run at (0,1620) width 32: "qqqq"
        LayoutBR {BR} at (32,1635) size 0x0
        LayoutText {#text} at (0,1640) size 20x19
          text run at (0,1640) width 20: "rrrr"
        LayoutBR {BR} at (20,1655) size 0x0
        LayoutText {#text} at (0,1660) size 24x19
          text run at (0,1660) width 24: "ssss"
        LayoutBR {BR} at (24,1675) size 0x0
        LayoutText {#text} at (0,1680) size 16x19
          text run at (0,1680) width 16: "tttt"
        LayoutBR {BR} at (16,1695) size 0x0
        LayoutText {#text} at (0,1700) size 28x19
          text run at (0,1700) width 28: "uuuu"
        LayoutBR {BR} at (28,1715) size 0x0
        LayoutText {#text} at (0,1720) size 28x19
          text run at (0,1720) width 28: "vvvv"
        LayoutBR {BR} at (28,1735) size 0x0
        LayoutText {#text} at (0,1740) size 44x19
          text run at (0,1740) width 44: "wwww"
        LayoutBR {BR} at (44,1755) size 0x0
        LayoutText {#text} at (0,1760) size 28x19
          text run at (0,1760) width 28: "xxxx"
        LayoutBR {BR} at (28,1775) size 0x0
        LayoutText {#text} at (0,1780) size 28x19
          text run at (0,1780) width 28: "yyyy"
        LayoutBR {BR} at (28,1795) size 0x0
        LayoutText {#text} at (0,1800) size 24x19
          text run at (0,1800) width 24: "zzzz"
        LayoutBR {BR} at (24,1815) size 0x0
        LayoutText {#text} at (0,1820) size 28x19
          text run at (0,1820) width 28: "{{{{"
        LayoutBR {BR} at (28,1835) size 0x0
        LayoutText {#text} at (0,1840) size 12x19
          text run at (0,1840) width 12: "||||"
        LayoutBR {BR} at (12,1855) size 0x0
        LayoutText {#text} at (0,1860) size 32x19
          text run at (0,1860) width 32: "}}}}"
        LayoutBR {BR} at (32,1875) size 0x0
      LayoutBlockFlow {P} at (0,1932) size 769x1880
        LayoutInline {B} at (0,0) size 64x1879
          LayoutText {#text} at (0,0) size 16x19
            text run at (0,0) width 16: "    "
          LayoutBR {BR} at (16,15) size 0x0
          LayoutText {#text} at (0,20) size 20x19
            text run at (0,20) width 20: "!!!!"
          LayoutBR {BR} at (20,35) size 0x0
          LayoutText {#text} at (0,40) size 36x19
            text run at (0,40) width 36: "\"\"\"\""
          LayoutBR {BR} at (36,55) size 0x0
          LayoutText {#text} at (0,60) size 32x19
            text run at (0,60) width 32: "####"
          LayoutBR {BR} at (32,75) size 0x0
          LayoutText {#text} at (0,80) size 32x19
            text run at (0,80) width 32: "$$$$"
          LayoutBR {BR} at (32,95) size 0x0
          LayoutText {#text} at (0,100) size 64x19
            text run at (0,100) width 64: "%%%%"
          LayoutBR {BR} at (64,115) size 0x0
          LayoutText {#text} at (0,120) size 52x19
            text run at (0,120) width 52: "&&&&"
          LayoutBR {BR} at (52,135) size 0x0
          LayoutText {#text} at (0,140) size 16x19
            text run at (0,140) width 16: "''''"
          LayoutBR {BR} at (16,155) size 0x0
          LayoutText {#text} at (0,160) size 20x19
            text run at (0,160) width 20: "(((("
          LayoutBR {BR} at (20,175) size 0x0
          LayoutText {#text} at (0,180) size 20x19
            text run at (0,180) width 20: "))))"
          LayoutBR {BR} at (20,195) size 0x0
          LayoutText {#text} at (0,200) size 32x19
            text run at (0,200) width 32: "****"
          LayoutBR {BR} at (32,215) size 0x0
          LayoutText {#text} at (0,220) size 36x19
            text run at (0,220) width 36: "++++"
          LayoutBR {BR} at (36,235) size 0x0
          LayoutText {#text} at (0,240) size 16x19
            text run at (0,240) width 16: ",,,,"
          LayoutBR {BR} at (16,255) size 0x0
          LayoutText {#text} at (0,260) size 20x19
            text run at (0,260) width 20: "----"
          LayoutBR {BR} at (20,275) size 0x0
          LayoutText {#text} at (0,280) size 16x19
            text run at (0,280) width 16: "...."
          LayoutBR {BR} at (16,295) size 0x0
          LayoutText {#text} at (0,300) size 16x19
            text run at (0,300) width 16: "////"
          LayoutBR {BR} at (16,315) size 0x0
          LayoutText {#text} at (0,320) size 32x19
            text run at (0,320) width 32: "0000"
          LayoutBR {BR} at (32,335) size 0x0
          LayoutText {#text} at (0,340) size 30x19
            text run at (0,340) width 30: "1111"
          LayoutBR {BR} at (29,355) size 1x0
          LayoutText {#text} at (0,360) size 32x19
            text run at (0,360) width 32: "2222"
          LayoutBR {BR} at (32,375) size 0x0
          LayoutText {#text} at (0,380) size 32x19
            text run at (0,380) width 32: "3333"
          LayoutBR {BR} at (32,395) size 0x0
          LayoutText {#text} at (0,400) size 32x19
            text run at (0,400) width 32: "4444"
          LayoutBR {BR} at (32,415) size 0x0
          LayoutText {#text} at (0,420) size 32x19
            text run at (0,420) width 32: "5555"
          LayoutBR {BR} at (32,435) size 0x0
          LayoutText {#text} at (0,440) size 32x19
            text run at (0,440) width 32: "6666"
          LayoutBR {BR} at (32,455) size 0x0
          LayoutText {#text} at (0,460) size 32x19
            text run at (0,460) width 32: "7777"
          LayoutBR {BR} at (32,475) size 0x0
          LayoutText {#text} at (0,480) size 32x19
            text run at (0,480) width 32: "8888"
          LayoutBR {BR} at (32,495) size 0x0
          LayoutText {#text} at (0,500) size 32x19
            text run at (0,500) width 32: "9999"
          LayoutBR {BR} at (32,515) size 0x0
          LayoutText {#text} at (0,520) size 20x19
            text run at (0,520) width 20: "::::"
          LayoutBR {BR} at (20,535) size 0x0
          LayoutText {#text} at (0,540) size 20x19
            text run at (0,540) width 20: ";;;;"
          LayoutBR {BR} at (20,555) size 0x0
          LayoutText {#text} at (0,560) size 36x19
            text run at (0,560) width 36: "<<<<"
          LayoutBR {BR} at (36,575) size 0x0
          LayoutText {#text} at (0,580) size 36x19
            text run at (0,580) width 36: "===="
          LayoutBR {BR} at (36,595) size 0x0
          LayoutText {#text} at (0,600) size 36x19
            text run at (0,600) width 36: ">>>>"
          LayoutBR {BR} at (36,615) size 0x0
          LayoutText {#text} at (0,620) size 32x19
            text run at (0,620) width 32: "????"
          LayoutBR {BR} at (32,635) size 0x0
          LayoutText {#text} at (0,640) size 60x19
            text run at (0,640) width 60: "@@@@"
          LayoutBR {BR} at (60,655) size 0x0
          LayoutText {#text} at (0,660) size 44x19
            text run at (0,660) width 44: "AAAA"
          LayoutBR {BR} at (44,675) size 0x0
          LayoutText {#text} at (0,680) size 44x19
            text run at (0,680) width 44: "BBBB"
          LayoutBR {BR} at (44,695) size 0x0
          LayoutText {#text} at (0,700) size 44x19
            text run at (0,700) width 44: "CCCC"
          LayoutBR {BR} at (44,715) size 0x0
          LayoutText {#text} at (0,720) size 48x19
            text run at (0,720) width 48: "DDDD"
          LayoutBR {BR} at (48,735) size 0x0
          LayoutText {#text} at (0,740) size 40x19
            text run at (0,740) width 40: "EEEE"
          LayoutBR {BR} at (40,755) size 0x0
          LayoutText {#text} at (0,760) size 36x19
            text run at (0,760) width 36: "FFFF"
          LayoutBR {BR} at (36,775) size 0x0
          LayoutText {#text} at (0,780) size 48x19
            text run at (0,780) width 48: "GGGG"
          LayoutBR {BR} at (48,795) size 0x0
          LayoutText {#text} at (0,800) size 48x19
            text run at (0,800) width 48: "HHHH"
          LayoutBR {BR} at (48,815) size 0x0
          LayoutText {#text} at (0,820) size 24x19
            text run at (0,820) width 24: "IIII"
          LayoutBR {BR} at (24,835) size 0x0
          LayoutText {#text} at (0,840) size 32x19
            text run at (0,840) width 32: "JJJJ"
          LayoutBR {BR} at (32,855) size 0x0
          LayoutText {#text} at (0,860) size 48x19
            text run at (0,860) width 48: "KKKK"
          LayoutBR {BR} at (48,875) size 0x0
          LayoutText {#text} at (0,880) size 40x19
            text run at (0,880) width 40: "LLLL"
          LayoutBR {BR} at (40,895) size 0x0
          LayoutText {#text} at (0,900) size 64x19
            text run at (0,900) width 64: "MMMM"
          LayoutBR {BR} at (64,915) size 0x0
          LayoutText {#text} at (0,920) size 48x19
            text run at (0,920) width 48: "NNNN"
          LayoutBR {BR} at (48,935) size 0x0
          LayoutText {#text} at (0,940) size 48x19
            text run at (0,940) width 48: "OOOO"
          LayoutBR {BR} at (48,955) size 0x0
          LayoutText {#text} at (0,960) size 36x19
            text run at (0,960) width 36: "PPPP"
          LayoutBR {BR} at (36,975) size 0x0
          LayoutText {#text} at (0,980) size 48x19
            text run at (0,980) width 48: "QQQQ"
          LayoutBR {BR} at (48,995) size 0x0
          LayoutText {#text} at (0,1000) size 48x19
            text run at (0,1000) width 48: "RRRR"
          LayoutBR {BR} at (48,1015) size 0x0
          LayoutText {#text} at (0,1020) size 36x19
            text run at (0,1020) width 36: "SSSS"
          LayoutBR {BR} at (36,1035) size 0x0
          LayoutText {#text} at (0,1040) size 40x19
            text run at (0,1040) width 40: "TTTT"
          LayoutBR {BR} at (40,1055) size 0x0
          LayoutText {#text} at (0,1060) size 44x19
            text run at (0,1060) width 44: "UUUU"
          LayoutBR {BR} at (44,1075) size 0x0
          LayoutText {#text} at (0,1080) size 44x19
            text run at (0,1080) width 44: "VVVV"
          LayoutBR {BR} at (44,1095) size 0x0
          LayoutText {#text} at (0,1100) size 60x19
            text run at (0,1100) width 60: "WWWW"
          LayoutBR {BR} at (60,1115) size 0x0
          LayoutText {#text} at (0,1120) size 44x19
            text run at (0,1120) width 44: "XXXX"
          LayoutBR {BR} at (44,1135) size 0x0
          LayoutText {#text} at (0,1140) size 40x19
            text run at (0,1140) width 40: "YYYY"
          LayoutBR {BR} at (40,1155) size 0x0
          LayoutText {#text} at (0,1160) size 36x19
            text run at (0,1160) width 36: "ZZZZ"
          LayoutBR {BR} at (36,1175) size 0x0
          LayoutText {#text} at (0,1180) size 20x19
            text run at (0,1180) width 20: "[[[["
          LayoutBR {BR} at (20,1195) size 0x0
          LayoutText {#text} at (0,1200) size 16x19
            text run at (0,1200) width 16: "\\\\\\\\"
          LayoutBR {BR} at (16,1215) size 0x0
          LayoutText {#text} at (0,1220) size 20x19
            text run at (0,1220) width 20: "]]]]"
          LayoutBR {BR} at (20,1235) size 0x0
          LayoutText {#text} at (0,1240) size 36x19
            text run at (0,1240) width 36: "^^^^"
          LayoutBR {BR} at (36,1255) size 0x0
          LayoutText {#text} at (0,1260) size 32x19
            text run at (0,1260) width 32: "____"
          LayoutBR {BR} at (32,1275) size 0x0
          LayoutText {#text} at (0,1280) size 20x19
            text run at (0,1280) width 20: "````"
          LayoutBR {BR} at (20,1295) size 0x0
          LayoutText {#text} at (0,1300) size 32x19
            text run at (0,1300) width 32: "aaaa"
          LayoutBR {BR} at (32,1315) size 0x0
          LayoutText {#text} at (0,1320) size 32x19
            text run at (0,1320) width 32: "bbbb"
          LayoutBR {BR} at (32,1335) size 0x0
          LayoutText {#text} at (0,1340) size 28x19
            text run at (0,1340) width 28: "cccc"
          LayoutBR {BR} at (28,1355) size 0x0
          LayoutText {#text} at (0,1360) size 32x19
            text run at (0,1360) width 32: "dddd"
          LayoutBR {BR} at (32,1375) size 0x0
          LayoutText {#text} at (0,1380) size 32x19
            text run at (0,1380) width 32: "eeee"
          LayoutBR {BR} at (32,1395) size 0x0
          LayoutText {#text} at (0,1400) size 20x19
            text run at (0,1400) width 20: "ffff"
          LayoutBR {BR} at (20,1415) size 0x0
          LayoutText {#text} at (0,1420) size 32x19
            text run at (0,1420) width 32: "gggg"
          LayoutBR {BR} at (32,1435) size 0x0
          LayoutText {#text} at (0,1440) size 32x19
            text run at (0,1440) width 32: "hhhh"
          LayoutBR {BR} at (32,1455) size 0x0
          LayoutText {#text} at (0,1460) size 16x19
            text run at (0,1460) width 16: "iiii"
          LayoutBR {BR} at (16,1475) size 0x0
          LayoutText {#text} at (0,1480) size 16x19
            text run at (0,1480) width 16: "jjjj"
          LayoutBR {BR} at (16,1495) size 0x0
          LayoutText {#text} at (0,1500) size 36x19
            text run at (0,1500) width 36: "kkkk"
          LayoutBR {BR} at (36,1515) size 0x0
          LayoutText {#text} at (0,1520) size 16x19
            text run at (0,1520) width 16: "llll"
          LayoutBR {BR} at (16,1535) size 0x0
          LayoutText {#text} at (0,1540) size 48x19
            text run at (0,1540) width 48: "mmmm"
          LayoutBR {BR} at (48,1555) size 0x0
          LayoutText {#text} at (0,1560) size 32x19
            text run at (0,1560) width 32: "nnnn"
          LayoutBR {BR} at (32,1575) size 0x0
          LayoutText {#text} at (0,1580) size 32x19
            text run at (0,1580) width 32: "oooo"
          LayoutBR {BR} at (32,1595) size 0x0
          LayoutText {#text} at (0,1600) size 32x19
            text run at (0,1600) width 32: "pppp"
          LayoutBR {BR} at (32,1615) size 0x0
          LayoutText {#text} at (0,1620) size 32x19
            text run at (0,1620) width 32: "qqqq"
          LayoutBR {BR} at (32,1635) size 0x0
          LayoutText {#text} at (0,1640) size 24x19
            text run at (0,1640) width 24: "rrrr"
          LayoutBR {BR} at (24,1655) size 0x0
          LayoutText {#text} at (0,1660) size 28x19
            text run at (0,1660) width 28: "ssss"
          LayoutBR {BR} at (28,1675) size 0x0
          LayoutText {#text} at (0,1680) size 20x19
            text run at (0,1680) width 20: "tttt"
          LayoutBR {BR} at (20,1695) size 0x0
          LayoutText {#text} at (0,1700) size 32x19
            text run at (0,1700) width 32: "uuuu"
          LayoutBR {BR} at (32,1715) size 0x0
          LayoutText {#text} at (0,1720) size 32x19
            text run at (0,1720) width 32: "vvvv"
          LayoutBR {BR} at (32,1735) size 0x0
          LayoutText {#text} at (0,1740) size 40x19
            text run at (0,1740) width 40: "wwww"
          LayoutBR {BR} at (40,1755) size 0x0
          LayoutText {#text} at (0,1760) size 32x19
            text run at (0,1760) width 32: "xxxx"
          LayoutBR {BR} at (32,1775) size 0x0
          LayoutText {#text} at (0,1780) size 32x19
            text run at (0,1780) width 32: "yyyy"
          LayoutBR {BR} at (32,1795) size 0x0
          LayoutText {#text} at (0,1800) size 24x19
            text run at (0,1800) width 24: "zzzz"
          LayoutBR {BR} at (24,1815) size 0x0
          LayoutText {#text} at (0,1820) size 24x19
            text run at (0,1820) width 24: "{{{{"
          LayoutBR {BR} at (24,1835) size 0x0
          LayoutText {#text} at (0,1840) size 12x19
            text run at (0,1840) width 12: "||||"
          LayoutBR {BR} at (12,1855) size 0x0
          LayoutText {#text} at (0,1860) size 24x19
            text run at (0,1860) width 24: "}}}}"
          LayoutBR {BR} at (24,1875) size 0x0
        LayoutText {#text} at (0,0) size 0x0
      LayoutBlockFlow {P} at (0,3828) size 769x1880
        LayoutInline {I} at (0,0) size 60x1879
          LayoutText {#text} at (0,0) size 16x19
            text run at (0,0) width 16: "    "
          LayoutBR {BR} at (16,15) size 0x0
          LayoutText {#text} at (0,20) size 16x19
            text run at (0,20) width 16: "!!!!"
          LayoutBR {BR} at (16,35) size 0x0
          LayoutText {#text} at (0,40) size 32x19
            text run at (0,40) width 32: "\"\"\"\""
          LayoutBR {BR} at (32,55) size 0x0
          LayoutText {#text} at (0,60) size 32x19
            text run at (0,60) width 32: "####"
          LayoutBR {BR} at (32,75) size 0x0
          LayoutText {#text} at (0,80) size 32x19
            text run at (0,80) width 32: "$$$$"
          LayoutBR {BR} at (32,95) size 0x0
          LayoutText {#text} at (0,100) size 52x19
            text run at (0,100) width 52: "%%%%"
          LayoutBR {BR} at (52,115) size 0x0
          LayoutText {#text} at (0,120) size 48x19
            text run at (0,120) width 48: "&&&&"
          LayoutBR {BR} at (48,135) size 0x0
          LayoutText {#text} at (0,140) size 12x19
            text run at (0,140) width 12: "''''"
          LayoutBR {BR} at (12,155) size 0x0
          LayoutText {#text} at (0,160) size 20x19
            text run at (0,160) width 20: "(((("
          LayoutBR {BR} at (20,175) size 0x0
          LayoutText {#text} at (0,180) size 20x19
            text run at (0,180) width 20: "))))"
          LayoutBR {BR} at (20,195) size 0x0
          LayoutText {#text} at (0,200) size 32x19
            text run at (0,200) width 32: "****"
          LayoutBR {BR} at (32,215) size 0x0
          LayoutText {#text} at (0,220) size 44x19
            text run at (0,220) width 44: "++++"
          LayoutBR {BR} at (44,235) size 0x0
          LayoutText {#text} at (0,240) size 16x19
            text run at (0,240) width 16: ",,,,"
          LayoutBR {BR} at (16,255) size 0x0
          LayoutText {#text} at (0,260) size 20x19
            text run at (0,260) width 20: "----"
          LayoutBR {BR} at (20,275) size 0x0
          LayoutText {#text} at (0,280) size 16x19
            text run at (0,280) width 16: "...."
          LayoutBR {BR} at (16,295) size 0x0
          LayoutText {#text} at (0,300) size 16x19
            text run at (0,300) width 16: "////"
          LayoutBR {BR} at (16,315) size 0x0
          LayoutText {#text} at (0,320) size 32x19
            text run at (0,320) width 32: "0000"
          LayoutBR {BR} at (32,335) size 0x0
          LayoutText {#text} at (0,340) size 29x19
            text run at (0,340) width 29: "1111"
          LayoutBR {BR} at (28,355) size 1x0
          LayoutText {#text} at (0,360) size 32x19
            text run at (0,360) width 32: "2222"
          LayoutBR {BR} at (32,375) size 0x0
          LayoutText {#text} at (0,380) size 32x19
            text run at (0,380) width 32: "3333"
          LayoutBR {BR} at (32,395) size 0x0
          LayoutText {#text} at (0,400) size 32x19
            text run at (0,400) width 32: "4444"
          LayoutBR {BR} at (32,415) size 0x0
          LayoutText {#text} at (0,420) size 32x19
            text run at (0,420) width 32: "5555"
          LayoutBR {BR} at (32,435) size 0x0
          LayoutText {#text} at (0,440) size 32x19
            text run at (0,440) width 32: "6666"
          LayoutBR {BR} at (32,455) size 0x0
          LayoutText {#text} at (0,460) size 32x19
            text run at (0,460) width 32: "7777"
          LayoutBR {BR} at (32,475) size 0x0
          LayoutText {#text} at (0,480) size 32x19
            text run at (0,480) width 32: "8888"
          LayoutBR {BR} at (32,495) size 0x0
          LayoutText {#text} at (0,500) size 32x19
            text run at (0,500) width 32: "9999"
          LayoutBR {BR} at (32,515) size 0x0
          LayoutText {#text} at (0,520) size 20x19
            text run at (0,520) width 20: "::::"
          LayoutBR {BR} at (20,535) size 0x0
          LayoutText {#text} at (0,540) size 20x19
            text run at (0,540) width 20: ";;;;"
          LayoutBR {BR} at (20,555) size 0x0
          LayoutText {#text} at (0,560) size 44x19
            text run at (0,560) width 44: "<<<<"
          LayoutBR {BR} at (44,575) size 0x0
          LayoutText {#text} at (0,580) size 44x19
            text run at (0,580) width 44: "===="
          LayoutBR {BR} at (44,595) size 0x0
          LayoutText {#text} at (0,600) size 44x19
            text run at (0,600) width 44: ">>>>"
          LayoutBR {BR} at (44,615) size 0x0
          LayoutText {#text} at (0,620) size 32x19
            text run at (0,620) width 32: "????"
          LayoutBR {BR} at (32,635) size 0x0
          LayoutText {#text} at (0,640) size 60x19
            text run at (0,640) width 60: "@@@@"
          LayoutBR {BR} at (60,655) size 0x0
          LayoutText {#text} at (0,660) size 40x19
            text run at (0,660) width 40: "AAAA"
          LayoutBR {BR} at (40,675) size 0x0
          LayoutText {#text} at (0,680) size 36x19
            text run at (0,680) width 36: "BBBB"
          LayoutBR {BR} at (36,695) size 0x0
          LayoutText {#text} at (0,700) size 44x19
            text run at (0,700) width 44: "CCCC"
          LayoutBR {BR} at (44,715) size 0x0
          LayoutText {#text} at (0,720) size 44x19
            text run at (0,720) width 44: "DDDD"
          LayoutBR {BR} at (44,735) size 0x0
          LayoutText {#text} at (0,740) size 40x19
            text run at (0,740) width 40: "EEEE"
          LayoutBR {BR} at (40,755) size 0x0
          LayoutText {#text} at (0,760) size 40x19
            text run at (0,760) width 40: "FFFF"
          LayoutBR {BR} at (40,775) size 0x0
          LayoutText {#text} at (0,780) size 48x19
            text run at (0,780) width 48: "GGGG"
          LayoutBR {BR} at (48,795) size 0x0
          LayoutText {#text} at (0,800) size 44x19
            text run at (0,800) width 44: "HHHH"
          LayoutBR {BR} at (44,815) size 0x0
          LayoutText {#text} at (0,820) size 20x19
            text run at (0,820) width 20: "IIII"
          LayoutBR {BR} at (20,835) size 0x0
          LayoutText {#text} at (0,840) size 28x19
            text run at (0,840) width 28: "JJJJ"
          LayoutBR {BR} at (28,855) size 0x0
          LayoutText {#text} at (0,860) size 44x19
            text run at (0,860) width 44: "KKKK"
          LayoutBR {BR} at (44,875) size 0x0
          LayoutText {#text} at (0,880) size 36x19
            text run at (0,880) width 36: "LLLL"
          LayoutBR {BR} at (36,895) size 0x0
          LayoutText {#text} at (0,900) size 52x19
            text run at (0,900) width 52: "MMMM"
          LayoutBR {BR} at (52,915) size 0x0
          LayoutText {#text} at (0,920) size 44x19
            text run at (0,920) width 44: "NNNN"
          LayoutBR {BR} at (44,935) size 0x0
          LayoutText {#text} at (0,940) size 44x19
            text run at (0,940) width 44: "OOOO"
          LayoutBR {BR} at (44,955) size 0x0
          LayoutText {#text} at (0,960) size 40x19
            text run at (0,960) width 40: "PPPP"
          LayoutBR {BR} at (40,975) size 0x0
          LayoutText {#text} at (0,980) size 44x19
            text run at (0,980) width 44: "QQQQ"
          LayoutBR {BR} at (44,995) size 0x0
          LayoutText {#text} at (0,1000) size 36x19
            text run at (0,1000) width 36: "RRRR"
          LayoutBR {BR} at (36,1015) size 0x0
          LayoutText {#text} at (0,1020) size 32x19
            text run at (0,1020) width 32: "SSSS"
          LayoutBR {BR} at (32,1035) size 0x0
          LayoutText {#text} at (0,1040) size 36x19
            text run at (0,1040) width 36: "TTTT"
          LayoutBR {BR} at (36,1055) size 0x0
          LayoutText {#text} at (0,1060) size 48x19
            text run at (0,1060) width 48: "UUUU"
          LayoutBR {BR} at (48,1075) size 0x0
          LayoutText {#text} at (0,1080) size 40x19
            text run at (0,1080) width 40: "VVVV"
          LayoutBR {BR} at (40,1095) size 0x0
          LayoutText {#text} at (0,1100) size 52x19
            text run at (0,1100) width 52: "WWWW"
          LayoutBR {BR} at (52,1115) size 0x0
          LayoutText {#text} at (0,1120) size 40x19
            text run at (0,1120) width 40: "XXXX"
          LayoutBR {BR} at (40,1135) size 0x0
          LayoutText {#text} at (0,1140) size 32x19
            text run at (0,1140) width 32: "YYYY"
          LayoutBR {BR} at (32,1155) size 0x0
          LayoutText {#text} at (0,1160) size 36x19
            text run at (0,1160) width 36: "ZZZZ"
          LayoutBR {BR} at (36,1175) size 0x0
          LayoutText {#text} at (0,1180) size 28x19
            text run at (0,1180) width 28: "[[[["
          LayoutBR {BR} at (28,1195) size 0x0
          LayoutText {#text} at (0,1200) size 16x19
            text run at (0,1200) width 16: "\\\\\\\\"
          LayoutBR {BR} at (16,1215) size 0x0
          LayoutText {#text} at (0,1220) size 28x19
            text run at (0,1220) width 28: "]]]]"
          LayoutBR {BR} at (28,1235) size 0x0
          LayoutText {#text} at (0,1240) size 28x19
            text run at (0,1240) width 28: "^^^^"
          LayoutBR {BR} at (28,1255) size 0x0
          LayoutText {#text} at (0,1260) size 32x19
            text run at (0,1260) width 32: "____"
          LayoutBR {BR} at (32,1275) size 0x0
          LayoutText {#text} at (0,1280) size 20x19
            text run at (0,1280) width 20: "````"
          LayoutBR {BR} at (20,1295) size 0x0
          LayoutText {#text} at (0,1300) size 32x19
            text run at (0,1300) width 32: "aaaa"
          LayoutBR {BR} at (32,1315) size 0x0
          LayoutText {#text} at (0,1320) size 32x19
            text run at (0,1320) width 32: "bbbb"
          LayoutBR {BR} at (32,1335) size 0x0
          LayoutText {#text} at (0,1340) size 28x19
            text run at (0,1340) width 28: "cccc"
          LayoutBR {BR} at (28,1355) size 0x0
          LayoutText {#text} at (0,1360) size 32x19
            text run at (0,1360) width 32: "dddd"
          LayoutBR {BR} at (32,1375) size 0x0
          LayoutText {#text} at (0,1380) size 28x19
            text run at (0,1380) width 28: "eeee"
          LayoutBR {BR} at (28,1395) size 0x0
          LayoutText {#text} at (0,1400) size 20x19
            text run at (0,1400) width 20: "ffff"
          LayoutBR {BR} at (20,1415) size 0x0
          LayoutText {#text} at (0,1420) size 32x19
            text run at (0,1420) width 32: "gggg"
          LayoutBR {BR} at (32,1435) size 0x0
          LayoutText {#text} at (0,1440) size 32x19
            text run at (0,1440) width 32: "hhhh"
          LayoutBR {BR} at (32,1455) size 0x0
          LayoutText {#text} at (0,1460) size 16x19
            text run at (0,1460) width 16: "iiii"
          LayoutBR {BR} at (16,1475) size 0x0
          LayoutText {#text} at (0,1480) size 20x19
            text run at (0,1480) width 20: "jjjj"
          LayoutBR {BR} at (20,1495) size 0x0
          LayoutText {#text} at (0,1500) size 32x19
            text run at (0,1500) width 32: "kkkk"
          LayoutBR {BR} at (32,1515) size 0x0
          LayoutText {#text} at (0,1520) size 16x19
            text run at (0,1520) width 16: "llll"
          LayoutBR {BR} at (16,1535) size 0x0
          LayoutText {#text} at (0,1540) size 48x19
            text run at (0,1540) width 48: "mmmm"
          LayoutBR {BR} at (48,1555) size 0x0
          LayoutText {#text} at (0,1560) size 32x19
            text run at (0,1560) width 32: "nnnn"
          LayoutBR {BR} at (32,1575) size 0x0
          LayoutText {#text} at (0,1580) size 32x19
            text run at (0,1580) width 32: "oooo"
          LayoutBR {BR} at (32,1595) size 0x0
          LayoutText {#text} at (0,1600) size 32x19
            text run at (0,1600) width 32: "pppp"
          LayoutBR {BR} at (32,1615) size 0x0
          LayoutText {#text} at (0,1620) size 32x19
            text run at (0,1620) width 32: "qqqq"
          LayoutBR {BR} at (32,1635) size 0x0
          LayoutText {#text} at (0,1640) size 24x19
            text run at (0,1640) width 24: "rrrr"
          LayoutBR {BR} at (24,1655) size 0x0
          LayoutText {#text} at (0,1660) size 24x19
            text run at (0,1660) width 24: "ssss"
          LayoutBR {BR} at (24,1675) size 0x0
          LayoutText {#text} at (0,1680) size 20x19
            text run at (0,1680) width 20: "tttt"
          LayoutBR {BR} at (20,1695) size 0x0
          LayoutText {#text} at (0,1700) size 32x19
            text run at (0,1700) width 32: "uuuu"
          LayoutBR {BR} at (32,1715) size 0x0
          LayoutText {#text} at (0,1720) size 32x19
            text run at (0,1720) width 32: "vvvv"
          LayoutBR {BR} at (32,1735) size 0x0
          LayoutText {#text} at (0,1740) size 44x19
            text run at (0,1740) width 44: "wwww"
          LayoutBR {BR} at (44,1755) size 0x0
          LayoutText {#text} at (0,1760) size 32x19
            text run at (0,1760) width 32: "xxxx"
          LayoutBR {BR} at (32,1775) size 0x0
          LayoutText {#text} at (0,1780) size 28x19
            text run at (0,1780) width 28: "yyyy"
          LayoutBR {BR} at (28,1795) size 0x0
          LayoutText {#text} at (0,1800) size 24x19
            text run at (0,1800) width 24: "zzzz"
          LayoutBR {BR} at (24,1815) size 0x0
          LayoutText {#text} at (0,1820) size 24x19
            text run at (0,1820) width 24: "{{{{"
          LayoutBR {BR} at (24,1835) size 0x0
          LayoutText {#text} at (0,1840) size 16x19
            text run at (0,1840) width 16: "||||"
          LayoutBR {BR} at (16,1855) size 0x0
          LayoutText {#text} at (0,1860) size 24x19
            text run at (0,1860) width 24: "}}}}"
          LayoutBR {BR} at (24,1875) size 0x0
        LayoutText {#text} at (0,0) size 0x0
