layer at (0,0) size 800x600
  LayoutView at (0,0) size 800x600
layer at (0,0) size 800x600
  LayoutBlockFlow {HTML} at (0,0) size 800x600
    LayoutBlockFlow {BODY} at (8,8) size 784x584
      LayoutInline {A} at (0,0) size 236x19 [color=#0000EE]
        LayoutInline {B} at (0,0) size 236x19
          LayoutText {#text} at (0,0) size 236x19
            text run at (0,0) width 236: "the second copy should not be bold"
      LayoutText {#text} at (236,0) size 4x19
        text run at (236,0) width 4: " "
      LayoutText {#text} at (240,0) size 223x19
        text run at (240,0) width 223: "the second copy should not be bold"
