layer at (0,0) size 800x600
  LayoutView at (0,0) size 800x600
layer at (0,0) size 800x276
  LayoutBlockFlow {html} at (0,0) size 800x276
    LayoutBlockFlow {body} at (8,16) size 784x252
      LayoutBlockFlow {div} at (0,0) size 784x252
        LayoutBlockFlow {p} at (0,0) size 784x20
          LayoutText {#text} at (0,0) size 769x19
            text run at (0,0) width 769: "This is a simple test of both importNode and cloneNode, created from an example that demonstrated a bug in importNode."
        LayoutBlockFlow {div} at (0,36) size 784x20 [bgcolor=#FFFF00]
          LayoutText {#text} at (0,0) size 116x19
            text run at (0,0) width 116: "The original node:"
        LayoutBlockFlow {div} at (0,56) size 784x52 [bgcolor=#7F7FFF]
          LayoutBlockFlow (anonymous) at (3,3) size 778x20
            LayoutText {#text} at (0,0) size 56x19
              text run at (0,0) width 56: "Outer bit"
          LayoutBlockFlow {div} at (6,26) size 772x20 [color=#FFFF00] [bgcolor=#0000FF]
            LayoutText {#text} at (0,0) size 57x19
              text run at (0,0) width 57: "Inner bit."
        LayoutBlockFlow {div} at (0,108) size 784x20 [bgcolor=#FFFF00]
          LayoutText {#text} at (0,0) size 172x19
            text run at (0,0) width 172: "Copied with importNode():"
        LayoutBlockFlow {div} at (0,128) size 784x52 [bgcolor=#7F7FFF]
          LayoutBlockFlow (anonymous) at (3,3) size 778x20
            LayoutText {#text} at (0,0) size 56x19
              text run at (0,0) width 56: "Outer bit"
          LayoutBlockFlow {div} at (6,26) size 772x20 [color=#FFFF00] [bgcolor=#0000FF]
            LayoutText {#text} at (0,0) size 57x19
              text run at (0,0) width 57: "Inner bit."
        LayoutBlockFlow {div} at (0,180) size 784x20 [bgcolor=#FFFF00]
          LayoutText {#text} at (0,0) size 165x19
            text run at (0,0) width 165: "Copied with cloneNode():"
        LayoutBlockFlow {div} at (0,200) size 784x52 [bgcolor=#7F7FFF]
          LayoutBlockFlow (anonymous) at (3,3) size 778x20
            LayoutText {#text} at (0,0) size 56x19
              text run at (0,0) width 56: "Outer bit"
          LayoutBlockFlow {div} at (6,26) size 772x20 [color=#FFFF00] [bgcolor=#0000FF]
            LayoutText {#text} at (0,0) size 57x19
              text run at (0,0) width 57: "Inner bit."
