layer at (0,0) size 800x600
  LayoutView at (0,0) size 800x600
layer at (0,0) size 800x600
  LayoutBlockFlow {HTML} at (0,0) size 800x600
    LayoutBlockFlow {BODY} at (8,8) size 784x584
      LayoutBlockFlow {P} at (0,0) size 784x32
        LayoutText {#text} at (0,0) size 55x16
          text run at (0,0) width 55: "Test for "
        LayoutInline {I} at (0,0) size 723x32
          LayoutInline {A} at (0,0) size 306x16 [color=#0000EE]
            LayoutText {#text} at (54,0) size 306x16
              text run at (54,0) width 306: "http://bugs.webkit.org/show_bug.cgi?id=13759"
          LayoutText {#text} at (359,0) size 723x32
            text run at (359,0) width 5: " "
            text run at (363,0) width 360: "REGRESSION (r20182-r20184): Incorrect rendering of"
            text run at (0,16) width 109: "multipart images"
        LayoutText {#text} at (108,16) size 5x16
          text run at (108,16) width 5: "."
      LayoutBlockFlow {P} at (0,48) size 784x16
        LayoutText {#text} at (0,0) size 289x16
          text run at (0,0) width 289: "There should be a bright green square below."
      LayoutBlockFlow (anonymous) at (0,80) size 784x100
        LayoutImage {IMG} at (0,0) size 100x100
        LayoutText {#text} at (0,0) size 0x0
