layer at (0,0) size 800x600
  LayoutView at (0,0) size 800x600
layer at (0,0) size 800x600
  LayoutBlockFlow {HTML} at (0,0) size 800x600
    LayoutBlockFlow {BODY} at (8,8) size 784x584
      LayoutText {#text} at (304,139) size 4x19
        text run at (304,139) width 4: " "
      LayoutText {#text} at (0,0) size 0x0
layer at (8,8) size 304x154
  LayoutIFrame {IFRAME} at (0,0) size 304x154 [border: (2px inset #EEEEEE)]
    layer at (0,0) size 300x150
      LayoutView at (0,0) size 300x150
    layer at (0,0) size 300x150
      LayoutBlockFlow {HTML} at (0,0) size 300x150
        LayoutBlockFlow {BODY} at (8,8) size 284x134
          LayoutText {#text} at (0,0) size 278x79
            text run at (0,0) width 278: "This frame will try to replace the contents of"
            text run at (0,20) width 275: "the frame to the right. If the bug still occurs,"
            text run at (0,40) width 269: "pop-up blocking will prevent it from doing"
            text run at (0,60) width 18: "so."
layer at (316,8) size 304x154
  LayoutIFrame {IFRAME} at (308,0) size 304x154 [border: (2px inset #EEEEEE)]
    layer at (0,0) size 300x150
      LayoutView at (0,0) size 300x150
    layer at (0,0) size 300x150
      LayoutBlockFlow {HTML} at (0,0) size 300x150
        LayoutBlockFlow {BODY} at (8,8) size 284x134
          LayoutText {#text} at (0,0) size 267x39
            text run at (0,0) width 267: "This text successfully replaced the original"
            text run at (0,20) width 210: "text in the frame. Test succeeded!"
