layer at (0,0) size 800x600
  LayoutView at (0,0) size 800x600
layer at (0,0) size 800x406
  LayoutBlockFlow {HTML} at (0,0) size 800x406
    LayoutBlockFlow {BODY} at (8,8) size 784x390
      LayoutBlockFlow (anonymous) at (0,0) size 784x92
        LayoutTextControl {INPUT} at (4,4) size 156x22 [bgcolor=#FFFFFF] [border: (2px inset #EEEEEE)]
          LayoutFlexibleBox {DIV} at (3,3) size 150x16
            LayoutBlockFlow {DIV} at (0,0) size 137x16
        LayoutText {#text} at (164,5) size 4x19
          text run at (164,5) width 4: " "
        LayoutTextControl {INPUT} at (172,4) size 156x22 [bgcolor=#FFFFFF] [border: (2px inset #EEEEEE)]
          LayoutFlexibleBox {DIV} at (3,3) size 150x16
            LayoutBlockFlow {DIV} at (0,0) size 137x16
            LayoutBlockFlow {DIV} at (138,3.50) size 9x9
        LayoutBR {BR} at (332,5) size 0x19
        LayoutTextControl {INPUT} at (4,34) size 156x22 [bgcolor=#FFFFFF] [border: (2px inset #EEEEEE)]
          LayoutFlexibleBox {DIV} at (3,3) size 150x16
            LayoutBlockFlow {DIV} at (0,0) size 137x16
        LayoutText {#text} at (164,35) size 4x19
          text run at (164,35) width 4: " "
        LayoutTextControl {INPUT} at (172,34) size 156x22 [color=#545454] [bgcolor=#EBEBE4] [border: (2px inset #EEEEEE)]
          LayoutFlexibleBox {DIV} at (3,3) size 150x16
            LayoutBlockFlow {DIV} at (0,0) size 137x16
        LayoutText {#text} at (332,35) size 4x19
          text run at (332,35) width 4: " "
        LayoutBR {BR} at (336,35) size 0x19
        LayoutTextControl {INPUT} at (4,64) size 158x24 [bgcolor=#FFFFFF] [border: (3px solid #00FF00)]
          LayoutFlexibleBox {DIV} at (4,4) size 150x16
            LayoutBlockFlow {DIV} at (0,0) size 137x16
        LayoutText {#text} at (166,66) size 4x19
          text run at (166,66) width 4: " "
        LayoutTextControl {INPUT} at (174,65) size 156x22 [bgcolor=#FFFFFF] [border: (2px inset #EEEEEE)]
          LayoutFlexibleBox {DIV} at (3,3) size 150x16
            LayoutBlockFlow {DIV} at (0,0) size 137x16
        LayoutText {#text} at (334,66) size 4x19
          text run at (334,66) width 4: " "
        LayoutBR {BR} at (338,66) size 0x19
      LayoutBlockFlow {DIV} at (0,92) size 163x45 [bgcolor=#888888]
        LayoutTextControl {INPUT} at (11,9) size 133x22 [bgcolor=#00FF00] [border: (2px inset #EEEEEE)]
          LayoutFlexibleBox {DIV} at (3,3) size 127x16
            LayoutBlockFlow {DIV} at (0,0) size 114x16
        LayoutText {#text} at (0,0) size 0x0
      LayoutBlockFlow (anonymous) at (0,137) size 784x253
        LayoutTextControl {INPUT} at (4,4) size 156x22 [border: (2px inset #EEEEEE)]
          LayoutFlexibleBox {DIV} at (3,3) size 150x16
            LayoutBlockFlow {DIV} at (0,0) size 137x16
        LayoutText {#text} at (164,5) size 4x19
          text run at (164,5) width 4: " "
        LayoutBR {BR} at (168,5) size 0x19
        LayoutTextControl {INPUT} at (4,34) size 156x22 [bgcolor=#FFFFFF] [border: (2px inset #EEEEEE)]
          LayoutFlexibleBox {DIV} at (3,3) size 150x16
            LayoutBlockFlow {DIV} at (0,0) size 137x16
        LayoutText {#text} at (164,35) size 4x19
          text run at (164,35) width 4: " "
        LayoutBR {BR} at (168,35) size 0x19
        LayoutTextControl {INPUT} at (4,70) size 182x25 [bgcolor=#FFFFFF] [border: (2px inset #EEEEEE)]
          LayoutFlexibleBox {DIV} at (3,3) size 176x19
            LayoutBlockFlow {DIV} at (0,0) size 161x19
        LayoutText {#text} at (190,73) size 4x19
          text run at (190,73) width 4: " "
        LayoutTextControl {INPUT} at (198,66) size 231x30 [bgcolor=#FFFFFF] [border: (2px inset #EEEEEE)]
          LayoutFlexibleBox {DIV} at (3,3) size 225x24
            LayoutBlockFlow {DIV} at (0,0) size 207x24
        LayoutText {#text} at (433,73) size 4x19
          text run at (433,73) width 4: " "
        LayoutTextControl {INPUT} at (441,64) size 280x34 [bgcolor=#FFFFFF] [border: (2px inset #EEEEEE)]
          LayoutFlexibleBox {DIV} at (3,3) size 274x28
            LayoutBlockFlow {DIV} at (0,0) size 253x28
        LayoutText {#text} at (725,73) size 4x19
          text run at (725,73) width 4: " "
        LayoutBR {BR} at (729,73) size 0x19
        LayoutTextControl {INPUT} at (6,119) size 234x33 [bgcolor=#FFFFFF] [border: (3px inset #EEEEEE)]
          LayoutFlexibleBox {DIV} at (4.50,4.50) size 225x24
            LayoutBlockFlow {DIV} at (0,0) size 205x24
        LayoutText {#text} at (246,127) size 4x19
          text run at (246,127) width 4: " "
        LayoutTextControl {INPUT} at (258,110) size 312x45 [bgcolor=#FFFFFF] [border: (4px inset #EEEEEE)]
          LayoutFlexibleBox {DIV} at (6,6) size 300x33
            LayoutBlockFlow {DIV} at (0,0) size 273x33
        LayoutText {#text} at (578,127) size 4x19
          text run at (578,127) width 4: " "
        LayoutBR {BR} at (582,127) size 0x19
        LayoutTextControl {INPUT} at (6,180) size 234x33 [bgcolor=#FFFFFF] [border: (3px inset #EEEEEE)]
          LayoutFlexibleBox {DIV} at (4.50,4.50) size 225x24
            LayoutBlockFlow {DIV} at (0,0) size 205x24
        LayoutText {#text} at (246,188) size 4x19
          text run at (246,188) width 4: " "
        LayoutTextControl {INPUT} at (258,171) size 312x45 [bgcolor=#FFFFFF] [border: (4px inset #EEEEEE)]
          LayoutFlexibleBox {DIV} at (6,6) size 300x33
            LayoutBlockFlow {DIV} at (0,0) size 273x33
        LayoutText {#text} at (578,188) size 4x19
          text run at (578,188) width 4: " "
        LayoutBR {BR} at (582,188) size 0x19
        LayoutTextControl {INPUT} at (4,228) size 152x21 [bgcolor=#FFFFFF] [border: (1px solid #BDC7D8)]
          LayoutFlexibleBox {DIV} at (18,4) size 130x13
            LayoutBlockFlow {DIV} at (0,0) size 118x13
        LayoutText {#text} at (0,0) size 0x0
layer at (15,15) size 137x16
  LayoutBlockFlow {DIV} at (0,0) size 137x16
    LayoutText {#text} at (0,0) size 18x16
      text run at (0,0) width 18: "foo"
layer at (183,15) size 137x16
  LayoutBlockFlow {DIV} at (0,0) size 137x16
    LayoutText {#text} at (0,0) size 18x16
      text run at (0,0) width 18: "foo"
layer at (15,45) size 137x16
  LayoutBlockFlow {DIV} at (0,0) size 137x16
    LayoutText {#text} at (0,0) size 18x16
      text run at (0,0) width 18: "foo"
layer at (183,45) size 137x16
  LayoutBlockFlow {DIV} at (0,0) size 137x16
    LayoutText {#text} at (0,0) size 18x16
      text run at (0,0) width 18: "foo"
layer at (16,76) size 137x16
  LayoutBlockFlow {DIV} at (0,0) size 137x16
    LayoutText {#text} at (0,0) size 18x16
      text run at (0,0) width 18: "foo"
layer at (185,76) size 137x16
  LayoutBlockFlow {DIV} at (0,0) size 137x16
    LayoutText {#text} at (0,0) size 18x16
      text run at (0,0) width 18: "foo"
layer at (22,112) size 114x16
  LayoutBlockFlow {DIV} at (0,0) size 114x16
    LayoutText {#text} at (0,0) size 65x16
      text run at (0,0) width 65: "default text"
layer at (15,152) size 137x16
  LayoutBlockFlow {DIV} at (0,0) size 137x16
    LayoutText {#text} at (0,0) size 18x16
      text run at (0,0) width 18: "foo"
layer at (15,182) size 137x16
  LayoutBlockFlow {DIV} at (0,0) size 137x16
    LayoutText {#text} at (0,0) size 18x16
      text run at (0,0) width 18: "foo"
layer at (15,218) size 161x19
  LayoutBlockFlow {DIV} at (0,0) size 161x19
    LayoutText {#text} at (0,0) size 22x18
      text run at (0,0) width 22: "foo"
layer at (209,214) size 207x24
  LayoutBlockFlow {DIV} at (0,0) size 207x24
    LayoutText {#text} at (0,0) size 28x23
      text run at (0,0) width 28: "foo"
layer at (452,212) size 253x28
  LayoutBlockFlow {DIV} at (0,0) size 253x28
    LayoutText {#text} at (0,0) size 33x27
      text run at (0,0) width 33: "foo"
layer at (19,269) size 205x24
  LayoutBlockFlow {DIV} at (0,0) size 205x24
    LayoutText {#text} at (0,0) size 28x23
      text run at (0,0) width 28: "foo"
layer at (272,261) size 273x33
  LayoutBlockFlow {DIV} at (0,0) size 273x33
    LayoutText {#text} at (0,0) size 38x32
      text run at (0,0) width 38: "foo"
layer at (19,330) size 205x24
  LayoutBlockFlow {DIV} at (0,0) size 205x24
    LayoutText {#text} at (0,0) size 28x23
      text run at (0,0) width 28: "foo"
layer at (272,322) size 273x33
  LayoutBlockFlow {DIV} at (0,0) size 273x33
    LayoutText {#text} at (0,0) size 38x32
      text run at (0,0) width 38: "foo"
layer at (30,377) size 118x13
  LayoutBlockFlow {DIV} at (18,4) size 118x13 [color=#757575]
    LayoutText {#text} at (0,0) size 102x13
      text run at (0,0) width 102: "Search for Events"
layer at (30,377) size 118x13
  LayoutBlockFlow {DIV} at (0,0) size 118x13
layer at (153,19) size 9x9 transparent
  LayoutBlockFlow {DIV} at (138,3.50) size 9x9
layer at (153,49) size 9x9 transparent
  LayoutBlockFlow {DIV} at (138,3.50) size 9x9
layer at (321,49) size 9x9 transparent
  LayoutBlockFlow {DIV} at (138,3.50) size 9x9
layer at (154,80) size 9x9 transparent
  LayoutBlockFlow {DIV} at (138,3.50) size 9x9
layer at (323,80) size 9x9 transparent
  LayoutBlockFlow {DIV} at (138,3.50) size 9x9
layer at (137,116) size 9x9 transparent
  LayoutBlockFlow {DIV} at (115,3.50) size 9x9
layer at (153,156) size 9x9 transparent
  LayoutBlockFlow {DIV} at (138,3.50) size 9x9
layer at (153,186) size 9x9 transparent
  LayoutBlockFlow {DIV} at (138,3.50) size 9x9
layer at (177,222) size 11x11 transparent
  LayoutBlockFlow {DIV} at (162,4) size 11x11
layer at (417,219) size 14x14 transparent
  LayoutBlockFlow {DIV} at (208,5) size 14x14
layer at (706,218) size 17x17 transparent
  LayoutBlockFlow {DIV} at (254,5.50) size 17x17
layer at (225,274) size 14x14 transparent
  LayoutBlockFlow {DIV} at (206.50,5) size 14x14
layer at (547,268) size 19x19 transparent
  LayoutBlockFlow {DIV} at (275,7) size 19x19
layer at (225,335) size 14x14 transparent
  LayoutBlockFlow {DIV} at (206.50,5) size 14x14
layer at (547,329) size 19x19 transparent
  LayoutBlockFlow {DIV} at (275,7) size 19x19
layer at (149,380) size 8x8 transparent
  LayoutBlockFlow {DIV} at (119,2.50) size 8x8
caret: position 0 of child 0 {#text} of child 0 {DIV} of child 0 {DIV} of child 0 {DIV} of {#document-fragment} of child 10 {INPUT} of body
