layer at (0,0) size 800x600
  LayoutView at (0,0) size 800x600
layer at (0,0) size 800x600
  LayoutBlockFlow {HTML} at (0,0) size 800x600
    LayoutBlockFlow {BODY} at (8,8) size 784x584
      LayoutText {#text} at (0,0) size 368x19
        text run at (0,0) width 368: "This tests that aqua-style search fields do not honor height."
      LayoutBR {BR} at (368,15) size 0x0
      LayoutTextControl {INPUT} at (0,124.50) size 74x6 [bgcolor=#FFFFFF] [border: (2px inset #EEEEEE)]
        LayoutFlexibleBox {DIV} at (3,0) size 68x6
          LayoutBlockFlow {DIV} at (0,0) size 59x6
      LayoutText {#text} at (74,114) size 4x20
        text run at (74,114) width 4: " "
      LayoutTextControl {INPUT} at (78,104) size 205x40 [bgcolor=#FFFFFF] [border: (2px inset #EEEEEE)]
        LayoutFlexibleBox {DIV} at (3,11.50) size 199x17
          LayoutBlockFlow {DIV} at (0,0) size 185x17
      LayoutText {#text} at (283,114) size 4x20
        text run at (283,114) width 4: " "
      LayoutTextControl {INPUT} at (287,20) size 341x200 [bgcolor=#FFFFFF] [border: (2px inset #EEEEEE)]
        LayoutFlexibleBox {DIV} at (3,83.50) size 335x33
          LayoutBlockFlow {DIV} at (0,0) size 312x33
      LayoutText {#text} at (0,0) size 0x0
layer at (11,133) size 59x6 backgroundClip at (11,135) size 59x2 clip at (11,135) size 59x2
  LayoutBlockFlow {DIV} at (0,0) size 59x6
    LayoutText {#text} at (0,0) size 10x6
      text run at (0,0) width 10: "mini"
layer at (89,124) size 185x17
  LayoutBlockFlow {DIV} at (0,0) size 185x17
    LayoutText {#text} at (0,0) size 35x17
      text run at (0,0) width 35: "small"
layer at (298,112) size 312x33
  LayoutBlockFlow {DIV} at (0,0) size 312x33
    LayoutText {#text} at (0,0) size 84x32
      text run at (0,0) width 84: "regular"
layer at (71,133) size 5x5 backgroundClip at (10,135) size 70x2 clip at (10,135) size 70x2 transparent
  LayoutBlockFlow {DIV} at (60,0.50) size 5x5
layer at (275,127) size 10x10 transparent
  LayoutBlockFlow {DIV} at (186,3.50) size 10x10
layer at (611,119) size 19x19 transparent
  LayoutBlockFlow {DIV} at (313,7) size 19x19
