layer at (0,0) size 800x600
  LayoutView at (0,0) size 800x600
layer at (0,0) size 800x600
  LayoutBlockFlow {HTML} at (0,0) size 800x600
    LayoutBlockFlow {BODY} at (8,8) size 784x576
      LayoutBlockFlow {P} at (0,0) size 784x40
        LayoutText {#text} at (0,0) size 752x39
          text run at (0,0) width 419: "Test that search field text is vertically centered if the search field is "
          text run at (418,0) width 334: "taller than the text. In each of the following pairs of a"
          text run at (0,20) width 103: "search field and "
          text run at (103,20) width 356: "a text field, the vertical position of the text should be the "
          text run at (459,20) width 122: "same in both fields."
      LayoutBlockFlow {P} at (0,56) size 784x45
        LayoutTextControl {INPUT} at (0,0) size 156x45 [bgcolor=#FFFFFF] [border: (2px inset #EEEEEE)]
          LayoutFlexibleBox {DIV} at (3,14.50) size 150x16
            LayoutBlockFlow {DIV} at (0,0) size 137x16
        LayoutText {#text} at (156,12) size 4x20
          text run at (156,12) width 4: " "
        LayoutTextControl {INPUT} at (160,0) size 154x45 [bgcolor=#FFFFFF] [border: (2px inset #EEEEEE)]
        LayoutText {#text} at (0,0) size 0x0
      LayoutBlockFlow {P} at (0,117) size 784x20
        LayoutTextControl {INPUT} at (0,2) size 156x16 [bgcolor=#FFFFFF] [border: (2px inset #EEEEEE)]
          LayoutFlexibleBox {DIV} at (3,0) size 150x16
            LayoutBlockFlow {DIV} at (0,0) size 137x16
        LayoutText {#text} at (156,0) size 4x19
          text run at (156,0) width 4: " "
        LayoutTextControl {INPUT} at (160,2) size 154x16 [bgcolor=#FFFFFF] [border: (2px inset #EEEEEE)]
        LayoutText {#text} at (0,0) size 0x0
      LayoutBlockFlow {P} at (0,153) size 784x20
        LayoutTextControl {INPUT} at (0,4) size 156x12 [bgcolor=#FFFFFF] [border: (2px inset #EEEEEE)]
          LayoutFlexibleBox {DIV} at (3,-2) size 150x16
            LayoutBlockFlow {DIV} at (0,0) size 137x16
        LayoutText {#text} at (156,0) size 4x19
          text run at (156,0) width 4: " "
        LayoutTextControl {INPUT} at (160,4) size 154x12 [bgcolor=#FFFFFF] [border: (2px inset #EEEEEE)]
        LayoutText {#text} at (0,0) size 0x0
layer at (11,79) size 137x16
  LayoutBlockFlow {DIV} at (0,0) size 137x16
    LayoutText {#text} at (0,0) size 25x16
      text run at (0,0) width 25: "Text"
layer at (170,79) size 150x16
  LayoutBlockFlow {DIV} at (2,14.50) size 150x16
    LayoutText {#text} at (0,0) size 25x16
      text run at (0,0) width 25: "Text"
layer at (11,127) size 137x16
  LayoutBlockFlow {DIV} at (0,0) size 137x16
    LayoutText {#text} at (0,0) size 25x16
      text run at (0,0) width 25: "Text"
layer at (170,127) size 150x16
  LayoutBlockFlow {DIV} at (2,0) size 150x16
    LayoutText {#text} at (0,0) size 25x16
      text run at (0,0) width 25: "Text"
layer at (11,163) size 137x16
  LayoutBlockFlow {DIV} at (0,0) size 137x16
    LayoutText {#text} at (0,0) size 25x16
      text run at (0,0) width 25: "Text"
layer at (170,163) size 150x16
  LayoutBlockFlow {DIV} at (2,-2) size 150x16
    LayoutText {#text} at (0,0) size 25x16
      text run at (0,0) width 25: "Text"
layer at (149,82) size 9x9 transparent
  LayoutBlockFlow {DIV} at (138,3.50) size 9x9
layer at (149,131) size 9x9 transparent
  LayoutBlockFlow {DIV} at (138,3.50) size 9x9
layer at (149,167) size 9x9 transparent
  LayoutBlockFlow {DIV} at (138,3.50) size 9x9
