layer at (0,0) size 800x600
  LayoutView at (0,0) size 800x600
layer at (0,0) size 800x600
  LayoutBlockFlow {HTML} at (0,0) size 800x600
    LayoutBlockFlow {BODY} at (8,8) size 784x576
      LayoutBlockFlow {P} at (0,0) size 784x40
        LayoutText {#text} at (0,0) size 743x39
          text run at (0,0) width 126: "This test verifies that "
          text run at (126,0) width 617: "accessing a frame's document while it is still loading does not prevent the load, but can access at least a"
          text run at (0,20) width 170: "temporary empty document."
      LayoutBlockFlow (anonymous) at (0,56) size 784x120
        LayoutBR {BR} at (300,40) size 0x0
        LayoutBR {BR} at (300,80) size 0x0
        LayoutText {#text} at (0,80) size 157x19
          text run at (0,80) width 157: "[object HTMLDocument]"
        LayoutBR {BR} at (157,95) size 0x0
        LayoutText {#text} at (0,100) size 157x19
          text run at (0,100) width 157: "[object HTMLDocument]"
      LayoutBlockFlow {P} at (0,192) size 784x20
        LayoutText {#text} at (0,0) size 588x19
          text run at (0,0) width 588: "If this test passes, you should see SUCCESS twice, followed by [object HTMLDocument] twice."
layer at (8,64) size 300x40
  LayoutIFrame {IFRAME} at (0,0) size 300x40
    layer at (0,0) size 300x40
      LayoutView at (0,0) size 300x40
    layer at (0,0) size 300x40
      LayoutBlockFlow {HTML} at (0,0) size 300x40
        LayoutBlockFlow {BODY} at (8,8) size 284x24
          LayoutText {#text} at (0,0) size 69x19
            text run at (0,0) width 69: "SUCCESS"
layer at (8,104) size 300x40
  LayoutIFrame {IFRAME} at (0,40) size 300x40
    layer at (0,0) size 300x40
      LayoutView at (0,0) size 300x40
    layer at (0,0) size 300x40
      LayoutBlockFlow {HTML} at (0,0) size 300x40
        LayoutBlockFlow {BODY} at (8,8) size 284x24
          LayoutText {#text} at (0,0) size 69x19
            text run at (0,0) width 69: "SUCCESS"
