layer at (0,0) size 800x600
  LayoutView at (0,0) size 800x600
layer at (0,0) size 800x600
  LayoutBlockFlow {HTML} at (0,0) size 800x600
    LayoutBlockFlow {BODY} at (8,8) size 784x584
      LayoutBlockFlow {P} at (0,0) size 784x18
        LayoutText {#text} at (0,0) size 466x18
          text run at (0,0) width 466: "This tests for a bug where the color of indented text couldn't be changed."
      LayoutBlockFlow {DIV} at (0,34) size 784x18
        LayoutBlockFlow {BLOCKQUOTE} at (40,0) size 744x18
          LayoutInline {FONT} at (0,0) size 158x18 [color=#0000FF]
            LayoutText {#text} at (0,0) size 158x18
              text run at (0,0) width 158: "This text should be blue."
selection start: position 0 of child 0 {#text} of child 0 {FONT} of child 0 {BLOCKQUOTE} of child 2 {DIV} of body
selection end:   position 25 of child 0 {#text} of child 0 {FONT} of child 0 {BLOCKQUOTE} of child 2 {DIV} of body
