layer at (0,0) size 800x600
  LayoutView at (0,0) size 800x600
layer at (0,0) size 800x600
  LayoutBlockFlow {HTML} at (0,0) size 800x600
    LayoutBlockFlow {BODY} at (8,8) size 784x584
      LayoutBlockFlow {P} at (0,0) size 784x18
        LayoutText {#text} at (0,0) size 455x18
          text run at (0,0) width 455: "This tests for a bug where the color of pasted text couldn't be changed.'"
      LayoutBlockFlow {DIV} at (0,34) size 784x36
        LayoutBlockFlow (anonymous) at (0,0) size 784x18
          LayoutInline {FONT} at (0,0) size 151x18 [color=#FF0000]
            LayoutText {#text} at (0,0) size 151x18
              text run at (0,0) width 151: "This text should be red."
        LayoutBlockFlow {DIV} at (0,18) size 784x18
          LayoutInline {FONT} at (0,0) size 127x18 [color=#0000FF]
            LayoutText {#text} at (0,0) size 127x18
              text run at (0,0) width 127: "This text should be "
          LayoutInline {FONT} at (0,0) size 240x18 [color=#008000]
            LayoutText {#text} at (126,0) size 240x18
              text run at (126,0) width 240: "a combination of green and blue, not "
          LayoutInline {FONT} at (0,0) size 25x18 [color=#0000FF]
            LayoutText {#text} at (365,0) size 25x18
              text run at (365,0) width 25: "red."
caret: position 37 of child 0 {#text} of child 1 {FONT} of child 1 {DIV} of child 2 {DIV} of body
