layer at (0,0) size 800x600
  LayoutView at (0,0) size 800x600
layer at (0,0) size 800x600
  LayoutBlockFlow {HTML} at (0,0) size 800x600
    LayoutBlockFlow {BODY} at (8,8) size 784x584
      LayoutBlockFlow {P} at (0,0) size 784x18
        LayoutText {#text} at (0,0) size 624x18
          text run at (0,0) width 624: "This tests for a bug where style would not be applied to a selection that ended just after an image."
      LayoutBlockFlow {DIV} at (0,34) size 784x125
        LayoutBlockFlow (anonymous) at (0,0) size 784x18
          LayoutInline {B} at (0,0) size 0x18
            LayoutBR {BR} at (0,0) size 0x18
        LayoutBlockFlow {DIV} at (0,18) size 784x107
          LayoutInline {B} at (0,0) size 244x18
            LayoutText {#text} at (0,89) size 168x18
              text run at (0,89) width 168: "This text should be bold."
            LayoutImage {IMG} at (167.61,0) size 76x103
selection start: position 0 of child 0 {BR} of child 0 {B} of child 2 {DIV} of body
selection end:   position 1 of child 1 {IMG} of child 0 {B} of child 1 {DIV} of child 2 {DIV} of body
