layer at (0,0) size 800x600
  LayoutView at (0,0) size 800x600
layer at (0,0) size 800x600
  LayoutBlockFlow {HTML} at (0,0) size 800x600
    LayoutBlockFlow {BODY} at (8,8) size 784x584
      LayoutBlockFlow {DIV} at (0,0) size 784x121
        LayoutBlockFlow {DIV} at (0,0) size 784x103
          LayoutImage {IMG} at (708,0) size 76x103
        LayoutBlockFlow {DIV} at (0,103) size 784x18
          LayoutText {#text} at (6,0) size 778x18
            text run at (6,0) width 778: "This tests for a crash when changing the alignment of content that starts with an image not inside its own block container."
selection start: position 0 of child 0 {IMG} of child 0 {DIV} of child 0 {DIV} of body
selection end:   position 123 of child 0 {#text} of child 1 {DIV} of child 0 {DIV} of body
