layer at (0,0) size 800x600
  LayoutView at (0,0) size 800x600
layer at (0,0) size 800x600
  LayoutBlockFlow {HTML} at (0,0) size 800x600
    LayoutBlockFlow {BODY} at (8,8) size 784x584
      LayoutInline {U} at (0,0) size 245x15
        LayoutText {#text} at (0,0) size 245x15
          text run at (0,0) width 245: "This text should be Times New Roman bold."
      LayoutInline {U} at (0,0) size 246x15
        LayoutText {#text} at (244,0) size 246x15
          text run at (244,0) width 246: "This text should be Times New Roman bold."
      LayoutText {#text} at (0,0) size 0x0
caret: position 41 of child 0 {#text} of child 1 {U} of body
