layer at (0,0) size 800x600
  LayoutView at (0,0) size 800x600
layer at (0,0) size 800x600
  LayoutBlockFlow {HTML} at (0,0) size 800x600
    LayoutBlockFlow {BODY} at (8,8) size 784x584
      LayoutBlockFlow {DIV} at (0,0) size 160x90
      LayoutText {#text} at (160,114) size 4x18
        text run at (160,114) width 4: " "
      LayoutBlockFlow {DIV} at (164,0) size 160x90
      LayoutText {#text} at (324,114) size 4x18
        text run at (324,114) width 4: " "
      LayoutBlockFlow {DIV} at (328,0) size 160x90
      LayoutText {#text} at (488,114) size 4x18
        text run at (488,114) width 4: " "
      LayoutBlockFlow {DIV} at (492,0) size 160x90
      LayoutText {#text} at (652,114) size 4x18
        text run at (652,114) width 4: " "
      LayoutBlockFlow {DIV} at (0,132) size 160x90
      LayoutText {#text} at (160,246) size 4x18
        text run at (160,246) width 4: " "
      LayoutBlockFlow {DIV} at (164,132) size 160x90
      LayoutText {#text} at (324,246) size 4x18
        text run at (324,246) width 4: " "
      LayoutBlockFlow {DIV} at (328,132) size 160x90
      LayoutText {#text} at (488,246) size 4x18
        text run at (488,246) width 4: " "
      LayoutBlockFlow {DIV} at (492,132) size 160x90
      LayoutText {#text} at (652,246) size 4x18
        text run at (652,246) width 4: " "
      LayoutBlockFlow {DIV} at (0,264) size 160x90
      LayoutText {#text} at (160,378) size 4x18
        text run at (160,378) width 4: " "
      LayoutBlockFlow {DIV} at (164,264) size 160x90
      LayoutText {#text} at (324,378) size 4x18
        text run at (324,378) width 4: " "
      LayoutBlockFlow {DIV} at (328,264) size 160x90
      LayoutText {#text} at (488,378) size 4x18
        text run at (488,378) width 4: " "
      LayoutBlockFlow {DIV} at (492,264) size 160x90
      LayoutText {#text} at (0,0) size 0x0
layer at (8,8) size 256x128
  LayoutImage {IMG} at (0,0) size 256x128
layer at (172,8) size 256x128
  LayoutImage {IMG} at (0,0) size 256x128
layer at (336,8) size 256x128
  LayoutImage {IMG} at (0,0) size 256x128
layer at (500,8) size 256x128
  LayoutImage {IMG} at (0,0) size 256x128
layer at (8,140) size 256x128
  LayoutImage {IMG} at (0,0) size 256x128
layer at (172,140) size 256x128
  LayoutImage {IMG} at (0,0) size 256x128
layer at (336,140) size 256x128
  LayoutImage {IMG} at (0,0) size 256x128
layer at (500,140) size 256x128
  LayoutImage {IMG} at (0,0) size 256x128
layer at (8,272) size 256x128
  LayoutImage {IMG} at (0,0) size 256x128
layer at (172,272) size 256x128
  LayoutImage {IMG} at (0,0) size 256x128
layer at (336,272) size 256x128
  LayoutImage {IMG} at (0,0) size 256x128
layer at (500,272) size 256x128
  LayoutImage {IMG} at (0,0) size 256x128
