layer at (0,0) size 800x600
  LayoutView at (0,0) size 800x600
layer at (0,0) size 800x600
  LayoutBlockFlow {HTML} at (0,0) size 800x600
    LayoutBlockFlow {BODY} at (4,4) size 792x592
      LayoutSVGRoot {svg} at (0,55) size 0x0
        LayoutSVGHiddenContainer {defs} at (0,0) size 0x0
          LayoutSVGResourceFilter {filter} [id="blurY"] [filterUnits=objectBoundingBox] [primitiveUnits=userSpaceOnUse]
            [feGaussianBlur stdDeviation="0.00, 5.00"]
              [SourceGraphic]
          LayoutSVGResourceFilter {filter} [id="lighting"] [filterUnits=objectBoundingBox] [primitiveUnits=userSpaceOnUse]
            [feBlend mode="multiply"]
              [feColorMatrix type="MATRIX" values="0.00 0.00 0.00 1.00 0.00 0.00 0.00 0.00 1.00 0.00 0.00 0.00 0.00 1.00 0.00 0.00 0.00 0.00 0.00 1.00"]
                [feSpecularLighting surfaceScale="1.00" specualConstant="1.00" specularExponent="1.00"]
                  [SourceGraphic]
              [SourceGraphic]
          LayoutSVGResourceFilter {filter} [id="offset"] [filterUnits=objectBoundingBox] [primitiveUnits=userSpaceOnUse]
            [feOffset dx="10.00" dy="10.00"]
              [SourceGraphic]
          LayoutSVGResourceFilter {filter} [id="displacement"] [filterUnits=objectBoundingBox] [primitiveUnits=userSpaceOnUse]
            [feDisplacementMap scale="10.00" xChannelSelector="RED" yChannelSelector="GREEN"]
              [SourceGraphic]
              [SourceGraphic]
          LayoutSVGResourceFilter {filter} [id="merge"] [filterUnits=objectBoundingBox] [primitiveUnits=userSpaceOnUse]
            [feMerge mergeNodes="4"]
              [feColorMatrix type="MATRIX" values="1.00 0.00 0.00 0.00 0.00 0.00 1.00 0.00 0.00 0.00 0.00 0.00 1.00 0.00 0.00 0.00 0.00 0.00 0.30 0.00"]
                [SourceGraphic]
              [feOffset dx="5.00" dy="5.00"]
                [feColorMatrix type="MATRIX" values="1.00 0.00 0.00 0.00 0.00 0.00 1.00 0.00 0.00 0.00 0.00 0.00 1.00 0.00 0.00 0.00 0.00 0.00 0.30 0.00"]
                  [SourceGraphic]
              [feOffset dx="10.00" dy="10.00"]
                [feColorMatrix type="MATRIX" values="1.00 0.00 0.00 0.00 0.00 0.00 1.00 0.00 0.00 0.00 0.00 0.00 1.00 0.00 0.00 0.00 0.00 0.00 0.30 0.00"]
                  [SourceGraphic]
              [feOffset dx="15.00" dy="15.00"]
                [feColorMatrix type="MATRIX" values="1.00 0.00 0.00 0.00 0.00 0.00 1.00 0.00 0.00 0.00 0.00 0.00 1.00 0.00 0.00 0.00 0.00 0.00 0.30 0.00"]
                  [SourceGraphic]
          LayoutSVGResourceFilter {filter} [id="turbulence"] [filterUnits=objectBoundingBox] [primitiveUnits=userSpaceOnUse]
            [feTurbulence type="TURBULENCE" baseFrequency="0.05, 0.05" seed="0.00" numOctaves="2" stitchTiles="0"]
      LayoutText {#text} at (0,47) size 3x10
        text run at (0,47) width 3: " "
      LayoutText {#text} at (0,0) size 0x0
      LayoutText {#text} at (92,47) size 3x10
        text run at (92,47) width 3: " "
      LayoutText {#text} at (184,47) size 3x10
        text run at (184,47) width 3: " "
      LayoutText {#text} at (276,47) size 3x10
        text run at (276,47) width 3: " "
      LayoutText {#text} at (369,47) size 3x10
        text run at (369,47) width 3: " "
      LayoutText {#text} at (461,47) size 3x10
        text run at (461,47) width 3: " "
      LayoutText {#text} at (553,47) size 3x10
        text run at (553,47) width 3: " "
      LayoutText {#text} at (645,47) size 3x10
        text run at (645,47) width 3: " "
      LayoutText {#text} at (738,47) size 3x10
        text run at (738,47) width 3: " "
      LayoutText {#text} at (0,0) size 0x0
layer at (11,9) size 80x45
  LayoutImage {IMG} at (7.25,5) size 80x45
layer at (104,9) size 80x45
  LayoutImage {IMG} at (99.50,5) size 80x45
layer at (196,9) size 80x45
  LayoutImage {IMG} at (191.75,5) size 80x45
layer at (288,9) size 80x45
  LayoutImage {IMG} at (284,5) size 80x45
layer at (380,9) size 80x45
  LayoutImage {IMG} at (376.25,5) size 80x45
layer at (473,9) size 80x45
  LayoutImage {IMG} at (468.50,5) size 80x45
layer at (565,9) size 80x45
  LayoutImage {IMG} at (560.75,5) size 80x45
layer at (657,9) size 80x45
  LayoutImage {IMG} at (653,5) size 80x45
layer at (9,66) size 80x45
  LayoutImage {IMG} at (5,62) size 80x45
