layer at (0,0) size 800x600
  LayoutView at (0,0) size 800x600
layer at (0,0) size 800x52
  LayoutNGBlockFlow {HTML} at (0,0) size 800x52
    LayoutNGBlockFlow {BODY} at (8,16) size 784x20
      LayoutNGBlockFlow {P} at (0,0) size 784x20
        LayoutText {#text} at (0,0) size 318x19
          text run at (0,0) width 318: "Gray div should be clipped by overflow: scroll div"
layer at (8,52) size 202x202 clip at (9,53) size 200x200 scrollHeight 516
  LayoutNGBlockFlow (positioned) {DIV} at (8,52) size 202x202 [border: (1px solid #000000)]
layer at (9,69) size 200x500 backgroundClip at (9,53) size 200x200 clip at (9,53) size 200x200
  LayoutNGBlockFlow (relative positioned) {DIV} at (1,17) size 200x500 [bgcolor=#808080]
    LayoutNGBlockFlow {P} at (0,0) size 200x120
      LayoutText {#text} at (0,0) size 200x119
        text run at (0,0) width 189: "ihasdkas sdkha sjdkahk dahsd"
        text run at (0,20) width 197: "jashd kashd kasdh aksd haskdh"
        text run at (0,40) width 183: "aksd h asfadjaskdh akdhaskd"
        text run at (0,60) width 183: "haskd haskd haskd haskdhka"
        text run at (0,80) width 200: "shdkasdh kas hdk asd asd asdas"
        text run at (0,100) width 33: "das d"
    LayoutNGBlockFlow {P} at (0,136) size 200x120
      LayoutText {#text} at (0,0) size 200x119
        text run at (0,0) width 189: "ihasdkas sdkha sjdkahk dahsd"
        text run at (0,20) width 197: "jashd kashd kasdh aksd haskdh"
        text run at (0,40) width 183: "aksd h asfadjaskdh akdhaskd"
        text run at (0,60) width 183: "haskd haskd haskd haskdhka"
        text run at (0,80) width 200: "shdkasdh kas hdk asd asd asdas"
        text run at (0,100) width 33: "das d"
    LayoutNGBlockFlow {P} at (0,272) size 200x120
      LayoutText {#text} at (0,0) size 200x119
        text run at (0,0) width 189: "ihasdkas sdkha sjdkahk dahsd"
        text run at (0,20) width 197: "jashd kashd kasdh aksd haskdh"
        text run at (0,40) width 183: "aksd h asfadjaskdh akdhaskd"
        text run at (0,60) width 183: "haskd haskd haskd haskdhka"
        text run at (0,80) width 200: "shdkasdh kas hdk asd asd asdas"
        text run at (0,100) width 33: "das d"
