layer at (0,0) size 800x600
  LayoutView at (0,0) size 800x600
layer at (0,0) size 800x374
  LayoutBlockFlow {html} at (0,0) size 800x374
    LayoutBlockFlow {body} at (8,8) size 784x358
      LayoutText {#text} at (175,161) size 4x17
        text run at (175,161) width 4: " "
      LayoutText {#text} at (354,161) size 4x17
        text run at (354,161) width 4: " "
      LayoutText {#text} at (533,161) size 4x17
        text run at (533,161) width 4: " "
      LayoutText {#text} at (0,0) size 0x0
      LayoutText {#text} at (175,340) size 4x17
        text run at (175,340) width 4: " "
      LayoutText {#text} at (354,340) size 4x17
        text run at (354,340) width 4: " "
      LayoutText {#text} at (533,340) size 4x17
        text run at (533,340) width 4: " "
      LayoutText {#text} at (0,0) size 0x0
layer at (8,8) size 175x175
  LayoutEmbeddedObject {object} at (0,0) size 175x175
    layer at (0,0) size 175x175
      LayoutView at (0,0) size 175x175
    layer at (0,0) size 175x175
      LayoutSVGRoot {svg} at (0,0) size 175x175
        LayoutSVGRect {rect} at (0,0) size 300x300 [fill={[type=SOLID] [color=#0000FF]}] [x=0.00] [y=0.00] [width=300.00] [height=300.00]
        LayoutSVGEllipse {circle} at (120,120) size 60x60 [fill={[type=SOLID] [color=#008000]}] [cx=150.00] [cy=150.00] [r=30.00]
layer at (187,8) size 175x175
  LayoutEmbeddedObject {object} at (179,0) size 175x175
    layer at (0,0) size 175x175
      LayoutView at (0,0) size 175x175
    layer at (0,0) size 175x175
      LayoutSVGRoot {svg} at (0,0) size 175x175
        LayoutSVGRect {rect} at (0,0) size 300x300 [fill={[type=SOLID] [color=#0000FF]}] [x=0.00] [y=0.00] [width=300.00] [height=300.00]
        LayoutSVGEllipse {circle} at (120,120) size 60x60 [fill={[type=SOLID] [color=#008000]}] [cx=150.00] [cy=150.00] [r=30.00]
layer at (366,8) size 175x175
  LayoutEmbeddedObject {object} at (358,0) size 175x175
    layer at (0,0) size 175x175
      LayoutView at (0,0) size 175x175
    layer at (0,0) size 175x175
      LayoutSVGRoot {svg} at (0,0) size 175x175
        LayoutSVGRect {rect} at (0,0) size 300x300 [fill={[type=SOLID] [color=#0000FF]}] [x=0.00] [y=0.00] [width=300.00] [height=300.00]
        LayoutSVGEllipse {circle} at (120,120) size 60x60 [fill={[type=SOLID] [color=#008000]}] [cx=150.00] [cy=150.00] [r=30.00]
layer at (545,8) size 175x175
  LayoutEmbeddedObject {object} at (537,0) size 175x175
    layer at (0,0) size 175x175
      LayoutView at (0,0) size 175x175
    layer at (0,0) size 175x175
      LayoutSVGRoot {svg} at (0,0) size 175x175
        LayoutSVGRect {rect} at (0,0) size 300x300 [fill={[type=SOLID] [color=#0000FF]}] [x=0.00] [y=0.00] [width=300.00] [height=300.00]
        LayoutSVGEllipse {circle} at (120,120) size 60x60 [fill={[type=SOLID] [color=#008000]}] [cx=150.00] [cy=150.00] [r=30.00]
layer at (8,187) size 175x175
  LayoutEmbeddedObject {object} at (0,179) size 175x175
    layer at (0,0) size 175x175
      LayoutView at (0,0) size 175x175
    layer at (0,0) size 175x175
      LayoutSVGRoot {svg} at (0,0) size 175x175
        LayoutSVGRect {rect} at (0,0) size 300x300 [fill={[type=SOLID] [color=#0000FF]}] [x=0.00] [y=0.00] [width=300.00] [height=300.00]
        LayoutSVGEllipse {circle} at (120,120) size 60x60 [fill={[type=SOLID] [color=#008000]}] [cx=150.00] [cy=150.00] [r=30.00]
layer at (187,187) size 175x175
  LayoutEmbeddedObject {object} at (179,179) size 175x175
    layer at (0,0) size 175x175
      LayoutView at (0,0) size 175x175
    layer at (0,0) size 175x175
      LayoutSVGRoot {svg} at (0,0) size 175x175
        LayoutSVGRect {rect} at (0,0) size 300x300 [fill={[type=SOLID] [color=#0000FF]}] [x=0.00] [y=0.00] [width=300.00] [height=300.00]
        LayoutSVGEllipse {circle} at (120,120) size 60x60 [fill={[type=SOLID] [color=#008000]}] [cx=150.00] [cy=150.00] [r=30.00]
layer at (366,187) size 175x175
  LayoutEmbeddedObject {object} at (358,179) size 175x175
    layer at (0,0) size 175x175
      LayoutView at (0,0) size 175x175
    layer at (0,0) size 175x175
      LayoutSVGRoot {svg} at (0,0) size 175x175
        LayoutSVGRect {rect} at (0,0) size 300x300 [fill={[type=SOLID] [color=#0000FF]}] [x=0.00] [y=0.00] [width=300.00] [height=300.00]
        LayoutSVGEllipse {circle} at (120,120) size 60x60 [fill={[type=SOLID] [color=#008000]}] [cx=150.00] [cy=150.00] [r=30.00]
layer at (545,187) size 175x175
  LayoutEmbeddedObject {object} at (537,179) size 175x175
    layer at (0,0) size 175x175
      LayoutView at (0,0) size 175x175
    layer at (0,0) size 175x175
      LayoutSVGRoot {svg} at (0,0) size 175x175
        LayoutSVGRect {rect} at (0,0) size 300x300 [fill={[type=SOLID] [color=#0000FF]}] [x=0.00] [y=0.00] [width=300.00] [height=300.00]
        LayoutSVGEllipse {circle} at (120,120) size 60x60 [fill={[type=SOLID] [color=#008000]}] [cx=150.00] [cy=150.00] [r=30.00]
