layer at (0,0) size 800x600
  LayoutView at (0,0) size 800x600
layer at (0,0) size 800x600
  LayoutBlockFlow {HTML} at (0,0) size 800x600
    LayoutBlockFlow {BODY} at (8,8) size 784x584
      LayoutBlockFlow (anonymous) at (0,0) size 784x40
        LayoutText {#text} at (0,0) size 764x39
          text run at (0,0) width 623: "You should see a green rectangle below that is 100 pixels tall and that fills the width of the content area. "
          text run at (622,0) width 142: "If you see any red, then"
          text run at (0,20) width 107: "the test has failed."
      LayoutBlockFlow {DIV} at (0,40) size 784x100 [bgcolor=#FF0000]
        LayoutDeprecatedFlexibleBox {DIV} at (0,0) size 784x100 [bgcolor=#008000]
