layer at (0,0) size 800x600
  LayoutView at (0,0) size 800x600
layer at (0,0) size 800x600
  LayoutBlockFlow {HTML} at (0,0) size 800x600
    LayoutBlockFlow {BODY} at (8,8) size 784x584
      LayoutBlockFlow {P} at (0,0) size 784x40
        LayoutText {#text} at (0,0) size 765x39
          text run at (0,0) width 462: "You should see a 100x100 green square below enclosed by an olive border. "
          text run at (461,0) width 304: "If you see any red, the test has failed. If the border"
          text run at (0,20) width 376: "does not fully enclose the green square, then the test has failed."
      LayoutBlockFlow {P} at (0,56) size 784x20
        LayoutText {#text} at (0,0) size 775x19
          text run at (0,0) width 775: "This test is checking to make sure blocks with auto height that are children of boxes will expand to encompass overhanging floats."
      LayoutBlockFlow {DIV} at (0,92) size 100x100 [bgcolor=#FF0000]
        LayoutDeprecatedFlexibleBox {DIV} at (0,0) size 100x100 [border: (4px solid #808000)]
          LayoutBlockFlow {DIV} at (4,4) size 92x92
            LayoutBlockFlow (floating) {DIV} at (0,0) size 92x92 [bgcolor=#008000]
