layer at (0,0) size 800x600
  LayoutView at (0,0) size 800x600
layer at (0,0) size 800x600
  LayoutBlockFlow {HTML} at (0,0) size 800x600
    LayoutBlockFlow {BODY} at (8,8) size 784x584
      LayoutBlockFlow {P} at (0,0) size 784x40
        LayoutText {#text} at (0,0) size 773x39
          text run at (0,0) width 543: "You should see a 100x100 olive-bordered green square below with a horizontal scrollbar. "
          text run at (542,0) width 231: "The scrollable area should all be green"
          text run at (0,20) width 214: "and should be about 1000px wide. "
          text run at (214,20) width 313: "If you do not see a scrollbar, then the test has failed."
layer at (8,64) size 104x104 clip at (10,66) size 100x85 scrollWidth 1000
  LayoutDeprecatedFlexibleBox {DIV} at (0,56) size 104x104 [bgcolor=#008000] [border: (2px solid #808000)]
    LayoutBlockFlow {DIV} at (2,2) size 1000x85
