layer at (0,0) size 800x600
  LayoutView at (0,0) size 800x600
layer at (0,0) size 800x600
  LayoutBlockFlow {HTML} at (0,0) size 800x600
    LayoutBlockFlow {BODY} at (8,8) size 784x584
      LayoutBlockFlow {P} at (0,0) size 784x40
        LayoutText {#text} at (0,0) size 776x39
          text run at (0,0) width 291: "You should see a 100x100 green square below. "
          text run at (290,0) width 257: "If you see any red, then the test has failed. "
          text run at (546,0) width 230: "This test is ensuring that boxes can act"
          text run at (0,20) width 268: "as containing blocks for positioned elements."
layer at (8,64) size 100x100
  LayoutDeprecatedFlexibleBox (relative positioned) {DIV} at (0,56) size 100x100 [bgcolor=#FF0000]
layer at (8,64) size 100x100
  LayoutBlockFlow (positioned) {DIV} at (0,0) size 100x100 [bgcolor=#008000]
