layer at (0,0) size 800x600
  LayoutView at (0,0) size 800x600
layer at (0,0) size 800x600
  LayoutBlockFlow {HTML} at (0,0) size 800x600
    LayoutBlockFlow {BODY} at (8,8) size 784x584
      LayoutBlockFlow {P} at (0,0) size 784x40
        LayoutText {#text} at (0,0) size 781x39
          text run at (0,0) width 298: "You should see identical rows of numbers below. "
          text run at (297,0) width 484: "Every row should look exactly the same. If any objects are out of order, then the"
          text run at (0,20) width 85: "test has failed."
      LayoutDeprecatedFlexibleBox {DIV} at (0,56) size 784x200
        LayoutDeprecatedFlexibleBox {DIV} at (0,0) size 784x40
          LayoutBlockFlow {DIV} at (4,4) size 20x32 [border: (2px solid #000000)]
            LayoutText {#text} at (6,6) size 8x19
              text run at (6,6) width 8: "1"
          LayoutBlockFlow {DIV} at (32,4) size 20x32 [border: (2px solid #000000)]
            LayoutText {#text} at (6,6) size 8x19
              text run at (6,6) width 8: "2"
          LayoutBlockFlow {DIV} at (60,4) size 20x32 [border: (2px solid #000000)]
            LayoutText {#text} at (6,6) size 8x19
              text run at (6,6) width 8: "3"
          LayoutBlockFlow {DIV} at (88,4) size 20x32 [border: (2px solid #000000)]
            LayoutText {#text} at (6,6) size 8x19
              text run at (6,6) width 8: "4"
          LayoutBlockFlow {DIV} at (116,4) size 20x32 [border: (2px solid #000000)]
            LayoutText {#text} at (6,6) size 8x19
              text run at (6,6) width 8: "5"
        LayoutDeprecatedFlexibleBox {DIV} at (0,40) size 784x40
          LayoutBlockFlow {DIV} at (116,4) size 20x32 [border: (2px solid #000000)]
            LayoutText {#text} at (6,6) size 8x19
              text run at (6,6) width 8: "5"
          LayoutBlockFlow {DIV} at (88,4) size 20x32 [border: (2px solid #000000)]
            LayoutText {#text} at (6,6) size 8x19
              text run at (6,6) width 8: "4"
          LayoutBlockFlow {DIV} at (60,4) size 20x32 [border: (2px solid #000000)]
            LayoutText {#text} at (6,6) size 8x19
              text run at (6,6) width 8: "3"
          LayoutBlockFlow {DIV} at (32,4) size 20x32 [border: (2px solid #000000)]
            LayoutText {#text} at (6,6) size 8x19
              text run at (6,6) width 8: "2"
          LayoutBlockFlow {DIV} at (4,4) size 20x32 [border: (2px solid #000000)]
            LayoutText {#text} at (6,6) size 8x19
              text run at (6,6) width 8: "1"
        LayoutDeprecatedFlexibleBox {DIV} at (0,80) size 784x40
          LayoutBlockFlow {DIV} at (4,4) size 20x32 [border: (2px solid #000000)]
            LayoutText {#text} at (6,6) size 8x19
              text run at (6,6) width 8: "1"
          LayoutBlockFlow {DIV} at (32,4) size 20x32 [border: (2px solid #000000)]
            LayoutText {#text} at (6,6) size 8x19
              text run at (6,6) width 8: "2"
          LayoutBlockFlow {DIV} at (60,4) size 20x32 [border: (2px solid #000000)]
            LayoutText {#text} at (6,6) size 8x19
              text run at (6,6) width 8: "3"
          LayoutBlockFlow {DIV} at (88,4) size 20x32 [border: (2px solid #000000)]
            LayoutText {#text} at (6,6) size 8x19
              text run at (6,6) width 8: "4"
          LayoutBlockFlow {DIV} at (116,4) size 20x32 [border: (2px solid #000000)]
            LayoutText {#text} at (6,6) size 8x19
              text run at (6,6) width 8: "5"
        LayoutDeprecatedFlexibleBox {DIV} at (0,120) size 784x40
          LayoutBlockFlow {DIV} at (60,4) size 20x32 [border: (2px solid #000000)]
            LayoutText {#text} at (6,6) size 8x19
              text run at (6,6) width 8: "3"
          LayoutBlockFlow {DIV} at (4,4) size 20x32 [border: (2px solid #000000)]
            LayoutText {#text} at (6,6) size 8x19
              text run at (6,6) width 8: "1"
          LayoutBlockFlow {DIV} at (88,4) size 20x32 [border: (2px solid #000000)]
            LayoutText {#text} at (6,6) size 8x19
              text run at (6,6) width 8: "4"
          LayoutBlockFlow {DIV} at (32,4) size 20x32 [border: (2px solid #000000)]
            LayoutText {#text} at (6,6) size 8x19
              text run at (6,6) width 8: "2"
          LayoutBlockFlow {DIV} at (116,4) size 20x32 [border: (2px solid #000000)]
            LayoutText {#text} at (6,6) size 8x19
              text run at (6,6) width 8: "5"
        LayoutDeprecatedFlexibleBox {DIV} at (0,160) size 784x40
          LayoutBlockFlow {DIV} at (60,4) size 20x32 [border: (2px solid #000000)]
            LayoutText {#text} at (6,6) size 8x19
              text run at (6,6) width 8: "3"
          LayoutBlockFlow {DIV} at (4,4) size 20x32 [border: (2px solid #000000)]
            LayoutText {#text} at (6,6) size 8x19
              text run at (6,6) width 8: "1"
          LayoutBlockFlow {DIV} at (88,4) size 20x32 [border: (2px solid #000000)]
            LayoutText {#text} at (6,6) size 8x19
              text run at (6,6) width 8: "4"
          LayoutBlockFlow {DIV} at (32,4) size 20x32 [border: (2px solid #000000)]
            LayoutText {#text} at (6,6) size 8x19
              text run at (6,6) width 8: "2"
          LayoutBlockFlow {DIV} at (116,4) size 20x32 [border: (2px solid #000000)]
            LayoutText {#text} at (6,6) size 8x19
              text run at (6,6) width 8: "5"
