layer at (0,0) size 800x600
  LayoutView at (0,0) size 800x600
layer at (0,0) size 800x600
  LayoutBlockFlow {HTML} at (0,0) size 800x600
    LayoutBlockFlow {BODY} at (8,8) size 784x584
      LayoutBlockFlow {P} at (0,0) size 784x40
        LayoutText {#text} at (0,0) size 778x39
          text run at (0,0) width 502: "You should see a 350x350 pixel (7 by 7) black/white checkerboard pattern below. "
          text run at (501,0) width 277: "This test is checking to see if box-pack: justify"
          text run at (0,20) width 78: "is supported."
      LayoutDeprecatedFlexibleBox {DIV} at (0,56) size 358x358 [border: (4px solid #800000)]
        LayoutDeprecatedFlexibleBox {DIV} at (4,4) size 350x50
          LayoutDeprecatedFlexibleBox {DIV} at (0,0) size 50x50 [bgcolor=#000000]
          LayoutDeprecatedFlexibleBox {DIV} at (100,0) size 50x50 [bgcolor=#000000]
          LayoutDeprecatedFlexibleBox {DIV} at (200,0) size 50x50 [bgcolor=#000000]
          LayoutDeprecatedFlexibleBox {DIV} at (300,0) size 50x50 [bgcolor=#000000]
        LayoutDeprecatedFlexibleBox {DIV} at (4,54) size 350x50 [bgcolor=#000000]
          LayoutDeprecatedFlexibleBox {DIV} at (0,0) size 50x50 [bgcolor=#FFFFFF]
          LayoutDeprecatedFlexibleBox {DIV} at (100,0) size 50x50 [bgcolor=#FFFFFF]
          LayoutDeprecatedFlexibleBox {DIV} at (200,0) size 50x50 [bgcolor=#FFFFFF]
          LayoutDeprecatedFlexibleBox {DIV} at (300,0) size 50x50 [bgcolor=#FFFFFF]
        LayoutDeprecatedFlexibleBox {DIV} at (4,104) size 350x50
          LayoutDeprecatedFlexibleBox {DIV} at (0,0) size 50x50 [bgcolor=#000000]
          LayoutDeprecatedFlexibleBox {DIV} at (100,0) size 50x50 [bgcolor=#000000]
          LayoutDeprecatedFlexibleBox {DIV} at (200,0) size 50x50 [bgcolor=#000000]
          LayoutDeprecatedFlexibleBox {DIV} at (300,0) size 50x50 [bgcolor=#000000]
        LayoutDeprecatedFlexibleBox {DIV} at (4,154) size 350x50 [bgcolor=#000000]
          LayoutDeprecatedFlexibleBox {DIV} at (0,0) size 50x50 [bgcolor=#FFFFFF]
          LayoutDeprecatedFlexibleBox {DIV} at (100,0) size 50x50 [bgcolor=#FFFFFF]
          LayoutDeprecatedFlexibleBox {DIV} at (200,0) size 50x50 [bgcolor=#FFFFFF]
          LayoutDeprecatedFlexibleBox {DIV} at (300,0) size 50x50 [bgcolor=#FFFFFF]
        LayoutDeprecatedFlexibleBox {DIV} at (4,204) size 350x50
          LayoutDeprecatedFlexibleBox {DIV} at (0,0) size 50x50 [bgcolor=#000000]
          LayoutDeprecatedFlexibleBox {DIV} at (100,0) size 50x50 [bgcolor=#000000]
          LayoutDeprecatedFlexibleBox {DIV} at (200,0) size 50x50 [bgcolor=#000000]
          LayoutDeprecatedFlexibleBox {DIV} at (300,0) size 50x50 [bgcolor=#000000]
        LayoutDeprecatedFlexibleBox {DIV} at (4,254) size 350x50 [bgcolor=#000000]
          LayoutDeprecatedFlexibleBox {DIV} at (0,0) size 50x50 [bgcolor=#FFFFFF]
          LayoutDeprecatedFlexibleBox {DIV} at (100,0) size 50x50 [bgcolor=#FFFFFF]
          LayoutDeprecatedFlexibleBox {DIV} at (200,0) size 50x50 [bgcolor=#FFFFFF]
          LayoutDeprecatedFlexibleBox {DIV} at (300,0) size 50x50 [bgcolor=#FFFFFF]
        LayoutDeprecatedFlexibleBox {DIV} at (4,304) size 350x50
          LayoutDeprecatedFlexibleBox {DIV} at (0,0) size 50x50 [bgcolor=#000000]
          LayoutDeprecatedFlexibleBox {DIV} at (100,0) size 50x50 [bgcolor=#000000]
          LayoutDeprecatedFlexibleBox {DIV} at (200,0) size 50x50 [bgcolor=#000000]
          LayoutDeprecatedFlexibleBox {DIV} at (300,0) size 50x50 [bgcolor=#000000]
