layer at (0,0) size 800x600
  LayoutView at (0,0) size 800x600
layer at (0,0) size 800x600
  LayoutBlockFlow {HTML} at (0,0) size 800x600
    LayoutBlockFlow {BODY} at (8,8) size 784x584 [bgcolor=#CCCCCC]
      LayoutBlockFlow {P} at (0,0) size 784x20
        LayoutText {#text} at (0,0) size 337x19
          text run at (0,0) width 337: "The style declarations which apply to the text below are:"
      LayoutBlockFlow {PRE} at (0,36) size 784x48
        LayoutText {#text} at (0,0) size 256x48
          text run at (0,0) width 256: ".one {font-variant: small-caps;}"
          text run at (256,0) width 0: " "
          text run at (0,16) width 224: ".two {font-variant: normal;}"
          text run at (224,16) width 0: " "
          text run at (0,32) width 0: " "
      LayoutBlockFlow {HR} at (0,97) size 784x2 [border: (1px inset #EEEEEE)]
      LayoutBlockFlow {P} at (0,115) size 784x20
        LayoutText {#text} at (0,0) size 265x19
          text run at (0,0) width 265: "This Paragraph should be in Small Caps."
      LayoutBlockFlow {P} at (0,151) size 784x20
        LayoutText {#text} at (0,0) size 573x19
          text run at (0,0) width 573: "This Paragraph should be in Small Caps, but the Last Word in the Sentence should be "
        LayoutInline {SPAN} at (0,0) size 46x19
          LayoutText {#text} at (573,0) size 46x19
            text run at (573,0) width 46: "Normal"
        LayoutText {#text} at (619,0) size 4x19
          text run at (619,0) width 4: "."
      LayoutTable {TABLE} at (0,187) size 645x94 [border: (1px outset #808080)]
        LayoutTableSection {TBODY} at (1,1) size 643x92
          LayoutTableRow {TR} at (0,0) size 643x28
            LayoutTableCell {TD} at (0,0) size 643x28 [bgcolor=#C0C0C0] [border: (1px inset #808080)] [r=0 c=0 rs=1 cs=2]
              LayoutInline {STRONG} at (0,0) size 157x19
                LayoutText {#text} at (4,4) size 157x19
                  text run at (4,4) width 157: "TABLE Testing Section"
          LayoutTableRow {TR} at (0,28) size 643x64
            LayoutTableCell {TD} at (0,46) size 12x28 [bgcolor=#C0C0C0] [border: (1px inset #808080)] [r=1 c=0 rs=1 cs=1]
              LayoutText {#text} at (4,4) size 4x19
                text run at (4,4) width 4: " "
            LayoutTableCell {TD} at (12,28) size 631x64 [border: (1px inset #808080)] [r=1 c=1 rs=1 cs=1]
              LayoutBlockFlow {P} at (4,4) size 623x20
                LayoutText {#text} at (0,0) size 265x19
                  text run at (0,0) width 265: "This Paragraph should be in Small Caps."
              LayoutBlockFlow {P} at (4,40) size 623x20
                LayoutText {#text} at (0,0) size 573x19
                  text run at (0,0) width 573: "This Paragraph should be in Small Caps, but the Last Word in the Sentence should be "
                LayoutInline {SPAN} at (0,0) size 46x19
                  LayoutText {#text} at (573,0) size 46x19
                    text run at (573,0) width 46: "Normal"
                LayoutText {#text} at (619,0) size 4x19
                  text run at (619,0) width 4: "."
