layer at (0,0) size 800x600
  LayoutView at (0,0) size 800x600
layer at (0,0) size 800x600
  LayoutBlockFlow {HTML} at (0,0) size 800x600
    LayoutBlockFlow {BODY} at (8,8) size 784x584
      LayoutBlockFlow {P} at (0,0) size 784x18
        LayoutText {#text} at (0,0) size 553x18
          text run at (0,0) width 251: "This tests for an infinite loop on Paste. "
          text run at (250,0) width 303: "You should see 'Hello: ' and then an input field."
      LayoutBlockFlow {DIV} at (0,34) size 784x19
        LayoutText {#text} at (0,0) size 36x18
          text run at (0,0) width 36: "Hello"
        LayoutTextControl {INPUT} at (35.55,0) size 131x19 [bgcolor=#FFFFFF] [border: (2px inset #EEEEEE)]
        LayoutText {#text} at (166,0) size 5x18
          text run at (166,0) width 5: ":"
layer at (47,45) size 125x13
  LayoutBlockFlow {DIV} at (3,3) size 125x13
caret: position 1 of child 1 {INPUT} of child 2 {DIV} of body
