layer at (0,0) size 800x600
  LayoutView at (0,0) size 800x600
layer at (0,0) size 800x600
  LayoutBlockFlow {HTML} at (0,0) size 800x600
    LayoutBlockFlow {BODY} at (8,8) size 784x584
      LayoutBlockFlow {P} at (0,0) size 784x18
        LayoutText {#text} at (0,0) size 609x18
          text run at (0,0) width 430: "This tests copying/pasting less than a paragraph of quoted content. "
          text run at (429,0) width 180: "It should not appear quoted."
      LayoutBlockFlow {DIV} at (0,34) size 784x90
        LayoutBlockFlow (anonymous) at (0,0) size 784x36
          LayoutText {#text} at (0,0) size 20x18
            text run at (0,0) width 20: "On"
          LayoutBR {BR} at (19,14) size 1x0
          LayoutBR {BR} at (0,18) size 0x18
        LayoutBlockFlow {BLOCKQUOTE} at (0,36) size 784x18 [color=#0000FF] [border: none (2px solid #0000FF)]
          LayoutText {#text} at (12,0) size 163x18
            text run at (12,0) width 163: "On Tuesday, Dave wrote:"
        LayoutBlockFlow {BLOCKQUOTE} at (0,54) size 784x18 [color=#0000FF] [border: none (2px solid #0000FF)]
          LayoutBR {BR} at (12,0) size 0x18
        LayoutBlockFlow {BLOCKQUOTE} at (0,72) size 784x18 [color=#0000FF] [border: none (2px solid #0000FF)]
          LayoutText {#text} at (12,0) size 84x18
            text run at (12,0) width 84: "Hello World."
caret: position 3 of child 0 {#text} of child 2 {DIV} of body
