layer at (0,0) size 800x600
  LayoutView at (0,0) size 800x600
layer at (0,0) size 800x600
  LayoutBlockFlow {HTML} at (0,0) size 800x600
    LayoutBlockFlow {BODY} at (8,8) size 784x584
      LayoutBlockFlow {P} at (0,0) size 784x18
        LayoutText {#text} at (0,0) size 553x18
          text run at (0,0) width 553: "This tests for a bug where copied links wouldn't be pasted as links at certain positions."
      LayoutBlockFlow {DIV} at (0,34) size 784x36
        LayoutBlockFlow (anonymous) at (0,0) size 784x18
          LayoutText {#text} at (0,0) size 163x18
            text run at (0,0) width 163: "This should be plain text."
        LayoutBlockFlow {DIV} at (0,18) size 784x18
          LayoutText {#text} at (0,0) size 163x18
            text run at (0,0) width 163: "This should be plain text."
          LayoutInline {A} at (0,0) size 139x18 [color=#0000EE]
            LayoutText {#text} at (162,0) size 139x18
              text run at (162,0) width 139: "This should be a link."
caret: position 22 of child 0 {#text} of child 1 {A} of child 1 {DIV} of child 2 {DIV} of body
