layer at (0,0) size 800x600
  LayoutView at (0,0) size 800x600
layer at (0,0) size 800x600
  LayoutBlockFlow {HTML} at (0,0) size 800x600
    LayoutBlockFlow {BODY} at (8,8) size 784x584
      LayoutBlockFlow {P} at (0,0) size 784x18
        LayoutText {#text} at (0,0) size 598x18
          text run at (0,0) width 598: "This tests for a bug where links that weren't fully selected would be copy/pasted as plain text."
      LayoutBlockFlow {DIV} at (0,34) size 784x18
        LayoutText {#text} at (0,0) size 167x18
          text run at (0,0) width 167: "This should be plain text. "
        LayoutInline {A} at (0,0) size 139x18 [color=#0000EE]
          LayoutText {#text} at (166,0) size 139x18
            text run at (166,0) width 139: "This should be a link."
        LayoutText {#text} at (304,0) size 167x18
          text run at (304,0) width 167: " This should be plain text."
      LayoutBlockFlow {DIV} at (0,52) size 784x18
        LayoutInline {A} at (0,0) size 139x18 [color=#0000EE]
          LayoutText {#text} at (0,0) size 139x18
            text run at (0,0) width 139: "This should be a link."
caret: position 22 of child 0 {#text} of child 0 {A} of child 4 {DIV} of body
