layer at (0,0) size 800x600
  LayoutView at (0,0) size 800x600
layer at (0,0) size 800x600
  LayoutBlockFlow {HTML} at (0,0) size 800x600
    LayoutBlockFlow {BODY} at (8,8) size 784x584
      LayoutBlockFlow {P} at (0,0) size 784x18
        LayoutText {#text} at (0,0) size 657x18
          text run at (0,0) width 513: "This tests for a hang when pasting underlined content at the end of a paragraph. "
          text run at (512,0) width 145: "You should see 'Hello "
        LayoutInline {U} at (0,0) size 46x18
          LayoutText {#text} at (656,0) size 46x18
            text run at (656,0) width 46: "World!"
        LayoutText {#text} at (701,0) size 50x18
          text run at (701,0) width 50: "' below."
      LayoutBlockFlow {DIV} at (0,34) size 784x18
        LayoutBlockFlow {DIV} at (0,0) size 784x18
          LayoutText {#text} at (0,0) size 40x18
            text run at (0,0) width 40: "Hello "
          LayoutInline {SPAN} at (0,0) size 46x18
            LayoutText {#text} at (39,0) size 46x18
              text run at (39,0) width 46: "World!"
        LayoutBlockFlow (anonymous) at (0,18) size 784x0
caret: position 6 of child 0 {#text} of child 1 {SPAN} of child 0 {DIV} of child 2 {DIV} of body
