layer at (0,0) size 800x600
  LayoutView at (0,0) size 800x600
layer at (0,0) size 800x600
  LayoutBlockFlow {HTML} at (0,0) size 800x600
    LayoutBlockFlow {BODY} at (8,8) size 784x584
      LayoutBlockFlow {P} at (0,0) size 784x18
        LayoutText {#text} at (0,0) size 461x18
          text run at (0,0) width 461: "This tests for a crash when pasting content into a link inside a table cell."
      LayoutBlockFlow {DIV} at (0,34) size 784x28
        LayoutTable {TABLE} at (0,0) size 149x28 [border: (1px outset #808080)]
          LayoutTableSection {TBODY} at (1,1) size 147x26
            LayoutTableRow {TR} at (0,2) size 147x22
              LayoutTableCell {TD} at (2,2) size 143x22 [border: (1px inset #808080)] [r=0 c=0 rs=1 cs=1]
                LayoutInline {A} at (0,0) size 139x18 [color=#0000EE]
                  LayoutText {#text} at (2,2) size 139x18
                    text run at (2,2) width 139: "This should be a link."
caret: position 21 of child 0 {#text} of child 0 {A} of child 0 {TD} of child 0 {TR} of child 0 {TBODY} of child 1 {TABLE} of child 3 {DIV} of body
