layer at (0,0) size 800x600
  LayoutView at (0,0) size 800x600
layer at (0,0) size 800x600
  LayoutBlockFlow {HTML} at (0,0) size 800x600
    LayoutBlockFlow {BODY} at (8,8) size 784x584
      LayoutBlockFlow {P} at (0,0) size 784x18
        LayoutText {#text} at (0,0) size 527x18
          text run at (0,0) width 527: "This tests that inherited block properties do not propigate to the editing style span."
      LayoutBlockFlow {DIV} at (50,34) size 734x18
        LayoutText {#text} at (266,0) size 152x18
          text run at (266,0) width 152: "Some text that is bold."
      LayoutBlockFlow {DIV} at (0,52) size 784x36
        LayoutBlockFlow (anonymous) at (0,0) size 784x18
          LayoutText {#text} at (0,0) size 112x18
            text run at (0,0) width 112: "Some text that is "
          LayoutInline {SPAN} at (0,0) size 35x18
            LayoutText {#text} at (111,0) size 35x18
              text run at (111,0) width 35: "bold."
        LayoutBlockFlow {DIV} at (0,18) size 784x18
          LayoutInline {SPAN} at (0,0) size 398x18
            LayoutText {#text} at (0,0) size 398x18
              text run at (0,0) width 398: "This text should bold and left justified with \"Some text...\"."
caret: position 61 of child 0 {#text} of child 0 {SPAN} of child 2 {DIV} of child 4 {DIV} of body
