EDITING DELEGATE: webViewDidChangeSelection:WebViewDidChangeSelectionNotification
EDITING DELEGATE: webViewDidChangeSelection:WebViewDidChangeSelectionNotification
EDITING DELEGATE: webViewDidChangeSelection:WebViewDidChangeSelectionNotification
EDITING DELEGATE: webViewDidChangeSelection:WebViewDidChangeSelectionNotification
EDITING DELEGATE: webViewDidChangeSelection:WebViewDidChangeSelectionNotification
EDITING DELEGATE: webViewDidChangeSelection:WebViewDidChangeSelectionNotification
EDITING DELEGATE: webViewDidChangeSelection:WebViewDidChangeSelectionNotification
EDITING DELEGATE: webViewDidChangeSelection:WebViewDidChangeSelectionNotification
EDITING DELEGATE: webViewDidChange:WebViewDidChangeNotification
EDITING DELEGATE: webViewDidChangeSelection:WebViewDidChangeSelectionNotification
EDITING DELEGATE: webViewDidChangeSelection:WebViewDidChangeSelectionNotification
EDITING DELEGATE: webViewDidChangeSelection:WebViewDidChangeSelectionNotification
EDITING DELEGATE: webViewDidChangeSelection:WebViewDidChangeSelectionNotification
EDITING DELEGATE: webViewDidChangeSelection:WebViewDidChangeSelectionNotification
EDITING DELEGATE: webViewDidChangeSelection:WebViewDidChangeSelectionNotification
EDITING DELEGATE: webViewDidChangeSelection:WebViewDidChangeSelectionNotification
EDITING DELEGATE: webViewDidChange:WebViewDidChangeNotification
layer at (0,0) size 800x600
  LayoutView at (0,0) size 800x600
layer at (0,0) size 800x600
  LayoutBlockFlow {HTML} at (0,0) size 800x600
    LayoutBlockFlow {BODY} at (8,8) size 784x584
      LayoutBlockFlow (anonymous) at (0,0) size 784x36
        LayoutText {#text} at (0,0) size 99x18
          text run at (0,0) width 99: "Fixes this bug: "
        LayoutInline {A} at (0,0) size 172x18 [color=#0000EE]
          LayoutText {#text} at (98,0) size 172x18
            text run at (98,0) width 172: "<rdar://problem/3927554>"
        LayoutText {#text} at (269,0) size 390x18
          text run at (269,0) width 390: " REGRESSION (Mail): Paste inserts content in wrong place "
        LayoutBR {BR} at (0,0) size 0x0
        LayoutText {#text} at (0,18) size 384x18
          text run at (0,18) width 384: "***TEST*** line should be second, following the first line."
      LayoutBlockFlow {DIV} at (0,36) size 784x12
      LayoutBlockFlow {DIV} at (0,48) size 784x224
        LayoutBlockFlow {DIV} at (0,0) size 784x224 [border: (2px solid #FF0000)]
          LayoutBlockFlow {P} at (14,14) size 756x28
            LayoutText {#text} at (0,0) size 315x28
              text run at (0,0) width 315: "Should be first line of document."
            LayoutBR {BR} at (314,22) size 1x0
          LayoutBlockFlow {P} at (14,42) size 756x28
            LayoutText {#text} at (0,0) size 130x28
              text run at (0,0) width 130: "***TEST***"
          LayoutBlockFlow {DIV} at (14,70) size 756x28
            LayoutBR {BR} at (0,0) size 0x28
          LayoutBlockFlow {P} at (14,98) size 756x28
            LayoutText {#text} at (0,0) size 127x28
              text run at (0,0) width 127: "Another line."
          LayoutBlockFlow {P} at (14,126) size 756x0
          LayoutBlockFlow (anonymous) at (14,126) size 756x28
            LayoutText {#text} at (0,0) size 6x28
              text run at (0,0) width 6: " "
          LayoutBlockFlow {P} at (14,154) size 756x0
          LayoutBlockFlow (anonymous) at (14,154) size 756x28
            LayoutText {#text} at (0,0) size 6x28
              text run at (0,0) width 6: " "
          LayoutBlockFlow {P} at (14,182) size 756x28
            LayoutBR {BR} at (0,0) size 0x28
caret: position 0 of child 0 {BR} of child 2 {DIV} of child 1 {DIV} of child 7 {DIV} of body
