layer at (0,0) size 800x600
  LayoutView at (0,0) size 800x600
layer at (0,0) size 800x600
  LayoutBlockFlow {HTML} at (0,0) size 800x600
    LayoutBlockFlow {BODY} at (8,8) size 784x584
      LayoutBlockFlow {P} at (0,0) size 784x18
        LayoutText {#text} at (0,0) size 555x18
          text run at (0,0) width 555: "This test passes if nothing is double-quoted, and \"Two\" and \"Four\" aren't quoted at all."
      LayoutBlockFlow {DIV} at (0,34) size 784x90
        LayoutBlockFlow {BLOCKQUOTE} at (0,0) size 784x36 [color=#0000FF] [border: none (2px solid #0000FF)]
          LayoutText {#text} at (22,0) size 34x18
            text run at (22,0) width 34: "Paste"
          LayoutBR {BR} at (55,14) size 1x0
          LayoutText {#text} at (22,18) size 58x18
            text run at (22,18) width 58: "HereOne"
        LayoutBlockFlow (anonymous) at (0,36) size 784x18
          LayoutText {#text} at (0,0) size 29x18
            text run at (0,0) width 29: "Two"
        LayoutBlockFlow {BLOCKQUOTE} at (0,54) size 784x18 [color=#0000FF] [border: none (2px solid #0000FF)]
          LayoutText {#text} at (22,0) size 38x18
            text run at (22,0) width 38: "Three"
        LayoutBlockFlow (anonymous) at (0,72) size 784x18
          LayoutText {#text} at (0,0) size 31x18
            text run at (0,0) width 31: "Four"
caret: position 4 of child 3 {#text} of child 3 {DIV} of body
