layer at (0,0) size 800x600
  LayoutView at (0,0) size 800x600
layer at (0,0) size 800x600
  LayoutBlockFlow {HTML} at (0,0) size 800x600
    LayoutBlockFlow {BODY} at (8,8) size 784x584
      LayoutBlockFlow {P} at (0,0) size 784x18
        LayoutText {#text} at (0,0) size 362x18
          text run at (0,0) width 362: "This tests pasting a blockquote after another blockquote."
      LayoutBlockFlow {DIV} at (0,34) size 784x36
        LayoutBlockFlow {BLOCKQUOTE} at (0,0) size 784x18 [color=#0000FF] [border: none (2px solid #0000FF)]
          LayoutText {#text} at (22,0) size 42x18
            text run at (22,0) width 42: "Line 1"
        LayoutBlockFlow {BLOCKQUOTE} at (0,18) size 784x18 [color=#0000FF] [border: none (2px solid #0000FF)]
          LayoutText {#text} at (22,0) size 42x18
            text run at (22,0) width 42: "Line 2"
caret: position 6 of child 0 {#text} of child 1 {BLOCKQUOTE} of child 2 {DIV} of body
