layer at (0,0) size 800x600
  LayoutView at (0,0) size 800x600
layer at (0,0) size 800x600
  LayoutBlockFlow {HTML} at (0,0) size 800x600
    LayoutBlockFlow {BODY} at (8,8) size 784x584
      LayoutTable {TABLE} at (0,0) size 658x56 [border: (1px outset #808080)]
        LayoutTableCol {COLGROUP} at (0,0) size 0x0
          LayoutTableCol {COL} at (0,0) size 0x0
          LayoutTableCol {COL} at (0,0) size 0x0
          LayoutTableCol {COL} at (0,0) size 0x0
        LayoutTableSection {TBODY} at (1,1) size 656x54
          LayoutTableRow {TR} at (0,2) size 656x24
            LayoutTableCell {TD} at (2,2) size 500x24 [border: (1px inset #808080)] [r=0 c=0 rs=1 cs=1]
              LayoutText {#text} at (2,2) size 70x19
                text run at (2,2) width 70: "col 1 row 1"
            LayoutTableCell {TD} at (504,2) size 74x24 [border: (1px inset #808080)] [r=0 c=1 rs=1 cs=1]
              LayoutText {#text} at (2,2) size 70x19
                text run at (2,2) width 70: "col 2 row 1"
            LayoutTableCell {TD} at (580,2) size 74x24 [border: (1px inset #808080)] [r=0 c=2 rs=1 cs=1]
              LayoutText {#text} at (2,2) size 70x19
                text run at (2,2) width 70: "col 3 row 1"
          LayoutTableRow {TR} at (0,28) size 656x24
            LayoutTableCell {TD} at (2,28) size 500x24 [border: (1px inset #808080)] [r=1 c=0 rs=1 cs=1]
              LayoutText {#text} at (2,2) size 70x19
                text run at (2,2) width 70: "col 1 row 2"
            LayoutTableCell {TD} at (504,28) size 74x24 [border: (1px inset #808080)] [r=1 c=1 rs=1 cs=1]
              LayoutText {#text} at (2,2) size 70x19
                text run at (2,2) width 70: "col 2 row 2"
            LayoutTableCell {TD} at (580,28) size 74x24 [border: (1px inset #808080)] [r=1 c=2 rs=1 cs=1]
              LayoutText {#text} at (2,2) size 70x19
                text run at (2,2) width 70: "col 3 row 3"
      LayoutBlockFlow (anonymous) at (0,56) size 784x22
        LayoutButton {BUTTON} at (0,0) size 394.02x22 [bgcolor=#C0C0C0] [border: (2px outset #C0C0C0)]
          LayoutBlockFlow (anonymous) at (8,3) size 378.02x16
            LayoutText {#text} at (0,0) size 378x16
              text run at (0,0) width 378: "Click me to test manually. The first column should grow to 500px."
        LayoutText {#text} at (0,0) size 0x0
