layer at (0,0) size 800x600
  LayoutView at (0,0) size 800x600
layer at (0,0) size 800x600
  LayoutBlockFlow {HTML} at (0,0) size 800x600
    LayoutBlockFlow {BODY} at (8,8) size 784x576
      LayoutBlockFlow (anonymous) at (0,0) size 784x0
        LayoutInline {TIMER:TIME} at (0,0) size 0x0
          LayoutText {#text} at (0,0) size 0x0
      LayoutBlockFlow (anonymous) at (0,0) size 784x20
        LayoutBlockFlow {P} at (0,0) size 784x20
          LayoutInline {SPAN} at (0,0) size 75x19 [color=#008000]
            LayoutText {#text} at (0,0) size 75x19
              text run at (0,0) width 75: "SUCCESS:"
          LayoutText {#text} at (75,0) size 147x19
            text run at (75,0) width 147: " Content was displayed"
      LayoutBlockFlow (anonymous) at (0,36) size 784x0
        LayoutInline {TIMER:TIME} at (0,0) size 0x0
        LayoutText {#text} at (0,0) size 0x0
