layer at (0,0) size 800x600
  LayoutView at (0,0) size 800x600
layer at (0,0) size 800x600
  LayoutBlockFlow {HTML} at (0,0) size 800x600
    LayoutBlockFlow {BODY} at (8,8) size 784x584
      LayoutBlockFlow {P} at (0,0) size 784x20
        LayoutText {#text} at (0,0) size 52x19
          text run at (0,0) width 52: "Test for "
        LayoutInline {A} at (0,0) size 304x19 [color=#0000EE]
          LayoutText {#text} at (51,0) size 304x19
            text run at (51,0) width 304: "http://bugs.webkit.org/show_bug.cgi?id=13169 "
        LayoutText {#text} at (354,0) size 299x19
          text run at (354,0) width 299: "css-formatted first letter won't hide dynamically"
      LayoutBlockFlow {P} at (0,36) size 784x20
        LayoutText {#text} at (0,0) size 417x19
          text run at (0,0) width 417: "The next line of text should become invisible, including first letter."
      LayoutBlockFlow {DIV} at (0,72) size 784x20
        LayoutInline {<pseudo:first-letter>} at (0,0) size 11x19 [color=#0000FF]
          LayoutTextFragment (anonymous) at (0,0) size 11x19
            text run at (0,0) width 11: "C"
        LayoutTextFragment {#text} at (11,0) size 70x19
          text run at (11,0) width 70: "lick to hide"
