layer at (0,0) size 800x600 scrollWidth 1031
  LayoutView at (0,0) size 800x600
layer at (0,0) size 800x251
  LayoutBlockFlow {HTML} at (0,0) size 800x251
    LayoutBlockFlow {BODY} at (8,8) size 784x235
      LayoutBlockFlow {DIV} at (0,0) size 784x24
        LayoutBlockFlow {P} at (5,0) size 774x24 [color=#FF000066]
          LayoutText {#text} at (0,0) size 483x24
            text run at (0,0) width 483: "Check if the underline is thick enough for 20px"
      LayoutBlockFlow {DIV} at (0,29) size 784x46
        LayoutBlockFlow {P} at (5,0) size 774x46 [color=#FF000066]
          LayoutText {#text} at (0,0) size 963x46
            text run at (0,0) width 963: "Check if the underline is thick enough for 40px"
      LayoutBlockFlow {P} at (5,80) size 774x24 [color=#FF000066]
        LayoutText {#text} at (0,0) size 514x24
          text run at (0,0) width 514: "Check if the line-through is thick enough for 20px"
      LayoutBlockFlow {P} at (5,109) size 774x46 [color=#FF000066]
        LayoutText {#text} at (0,0) size 1018x46
          text run at (0,0) width 1018: "Check if the line-through is thick enough for 40px"
      LayoutBlockFlow {P} at (5,160) size 774x24 [color=#FF000066]
        LayoutText {#text} at (0,0) size 466x24
          text run at (0,0) width 466: "Check if the overline is thick enough for 20px"
      LayoutBlockFlow {P} at (5,189) size 774x46 [color=#FF000066]
        LayoutText {#text} at (0,0) size 929x46
          text run at (0,0) width 929: "Check if the overline is thick enough for 40px"
