layer at (0,0) size 800x600 clip at (0,0) size 785x600 scrollHeight 662
  LayoutView at (0,0) size 800x600
layer at (0,0) size 785x600
  LayoutBlockFlow {HTML} at (0,0) size 785x600
    LayoutBlockFlow {BODY} at (0,0) size 785x600 [border: (1px solid #000000)]
layer at (30,500) size 341x162 backgroundClip at (0,0) size 785x600 clip at (0,0) size 785x600
  LayoutBlockFlow (positioned) {DIV} at (30,500) size 341.33x162
    LayoutInline {SPAN} at (0,0) size 302x18 [color=#008000]
      LayoutText {#text} at (0,0) size 302x18
        text run at (0,0) width 302: "PASS: event at (44, 44) hit box1 at offset (1, 1)"
    LayoutBR {BR} at (301,14) size 1x0
    LayoutInline {SPAN} at (0,0) size 302x18 [color=#008000]
      LayoutText {#text} at (0,18) size 302x18
        text run at (0,18) width 302: "PASS: event at (69, 55) hit box2 at offset (1, 1)"
    LayoutBR {BR} at (301,32) size 1x0
    LayoutInline {SPAN} at (0,0) size 334x18 [color=#008000]
      LayoutText {#text} at (0,36) size 334x18
        text run at (0,36) width 334: "PASS: event at (165, 182) hit box2 at offset (95, 95)"
    LayoutBR {BR} at (333,50) size 1x0
    LayoutInline {SPAN} at (0,0) size 310x18 [color=#008000]
      LayoutText {#text} at (0,54) size 310x18
        text run at (0,54) width 310: "PASS: event at (333, 79) hit box7 at offset (1, 1)"
    LayoutBR {BR} at (309,68) size 1x0
    LayoutInline {SPAN} at (0,0) size 318x18 [color=#008000]
      LayoutText {#text} at (0,72) size 318x18
        text run at (0,72) width 318: "PASS: event at (87, 325) hit box10 at offset (1, 1)"
    LayoutBR {BR} at (317,86) size 1x0
    LayoutInline {SPAN} at (0,0) size 342x18 [color=#008000]
      LayoutText {#text} at (0,90) size 342x18
        text run at (0,90) width 342: "PASS: event at (196, 467) hit box10 at offset (97, 97)"
    LayoutBR {BR} at (341,104) size 1x0
    LayoutInline {SPAN} at (0,0) size 326x18 [color=#008000]
      LayoutText {#text} at (0,108) size 326x18
        text run at (0,108) width 326: "PASS: event at (333, 325) hit box13 at offset (1, 1)"
    LayoutBR {BR} at (325,122) size 1x0
    LayoutInline {SPAN} at (0,0) size 326x18 [color=#008000]
      LayoutText {#text} at (0,126) size 326x18
        text run at (0,126) width 326: "PASS: event at (353, 352) hit box14 at offset (1, 1)"
    LayoutBR {BR} at (325,140) size 1x0
    LayoutInline {SPAN} at (0,0) size 342x18 [color=#008000]
      LayoutText {#text} at (0,144) size 342x18
        text run at (0,144) width 342: "PASS: event at (472, 507) hit box14 at offset (96, 96)"
    LayoutBR {BR} at (341,158) size 1x0
layer at (21,21) size 202x202
  LayoutBlockFlow (positioned) {DIV} at (21,21) size 202x202 [border: (1px solid #000000)]
layer at (42,42) size 140x140
  LayoutBlockFlow {DIV} at (21,21) size 140x140 [bgcolor=#DDDDDD] [border: (1px solid #000000)]
layer at (63,63) size 100x100
  LayoutBlockFlow (relative positioned) {DIV} at (21,21) size 100x100 [bgcolor=#AAAAAA] [border: (1px solid #000000)]
layer at (267,21) size 202x202
  LayoutBlockFlow (positioned) {DIV} at (267,21) size 202x202 [border: (1px solid #000000)]
layer at (288,42) size 140x140
  LayoutBlockFlow {DIV} at (21,21) size 140x140 [bgcolor=#DDDDDD] [border: (1px solid #000000)]
layer at (309,63) size 100x100
  LayoutBlockFlow (relative positioned) {DIV} at (21,21) size 100x100 [bgcolor=#AAAAAA] [border: (1px solid #000000)]
    LayoutBlockFlow {DIV} at (21,21) size 100x100 [bgcolor=#0000FF] [border: (1px solid #000000)]
layer at (21,267) size 202x202
  LayoutBlockFlow (positioned) {DIV} at (21,267) size 202x202 [border: (1px solid #000000)]
layer at (42,288) size 140x140
  LayoutBlockFlow {DIV} at (21,21) size 140x140 [bgcolor=#DDDDDD] [border: (1px solid #000000)]
layer at (63,309) size 100x100
  LayoutBlockFlow (relative positioned) {DIV} at (21,21) size 100x100 [bgcolor=#AAAAAA] [border: (1px solid #000000)]
layer at (84,330) size 100x100
  LayoutBlockFlow (relative positioned) {DIV} at (21,21) size 100x100 [bgcolor=#0000FF] [border: (1px solid #000000)]
layer at (267,267) size 202x202
  LayoutBlockFlow (positioned) {DIV} at (267,267) size 202x202 [border: (1px solid #000000)]
layer at (288,288) size 140x140
  LayoutBlockFlow {DIV} at (21,21) size 140x140 [bgcolor=#DDDDDD] [border: (1px solid #000000)]
layer at (309,309) size 100x100
  LayoutBlockFlow (relative positioned) {DIV} at (21,21) size 100x100 [bgcolor=#AAAAAA] [border: (1px solid #000000)]
    LayoutBlockFlow {DIV} at (21,21) size 100x100 [bgcolor=#C0D69E] [border: (1px solid #000000)]
layer at (351,351) size 100x100
  LayoutBlockFlow (relative positioned) {DIV} at (21,21) size 100x100 [bgcolor=#0000FF] [border: (1px solid #000000)]
