layer at (0,0) size 800x600 clip at (0,0) size 785x600 scrollHeight 806
  LayoutView at (0,0) size 800x600
layer at (0,0) size 785x600
  LayoutBlockFlow {HTML} at (0,0) size 785x600
    LayoutBlockFlow {BODY} at (0,0) size 785x600 [border: (1px solid #000000)]
layer at (30,500) size 341x306 backgroundClip at (0,0) size 785x600 clip at (0,0) size 785x600
  LayoutBlockFlow (positioned) {DIV} at (30,500) size 341.33x306
    LayoutInline {SPAN} at (0,0) size 302x18 [color=#008000]
      LayoutText {#text} at (0,0) size 302x18
        text run at (0,0) width 302: "PASS: event at (44, 44) hit box1 at offset (1, 1)"
    LayoutBR {BR} at (301,14) size 1x0
    LayoutInline {SPAN} at (0,0) size 302x18 [color=#008000]
      LayoutText {#text} at (0,18) size 302x18
        text run at (0,18) width 302: "PASS: event at (74, 68) hit box2 at offset (1, 1)"
    LayoutBR {BR} at (301,32) size 1x0
    LayoutInline {SPAN} at (0,0) size 334x18 [color=#008000]
      LayoutText {#text} at (0,36) size 334x18
        text run at (0,36) width 334: "PASS: event at (157, 164) hit box2 at offset (97, 97)"
    LayoutBR {BR} at (333,50) size 1x0
    LayoutInline {SPAN} at (0,0) size 310x18 [color=#008000]
      LayoutText {#text} at (0,54) size 310x18
        text run at (0,54) width 310: "PASS: event at (320, 68) hit box4 at offset (1, 1)"
    LayoutBR {BR} at (309,68) size 1x0
    LayoutInline {SPAN} at (0,0) size 310x18 [color=#008000]
      LayoutText {#text} at (0,72) size 310x18
        text run at (0,72) width 310: "PASS: event at (336, 87) hit box5 at offset (1, 1)"
    LayoutBR {BR} at (309,86) size 1x0
    LayoutInline {SPAN} at (0,0) size 310x18 [color=#008000]
      LayoutText {#text} at (0,90) size 310x18
        text run at (0,90) width 310: "PASS: event at (582, 87) hit box8 at offset (1, 1)"
    LayoutBR {BR} at (309,104) size 1x0
    LayoutInline {SPAN} at (0,0) size 334x18 [color=#008000]
      LayoutText {#text} at (0,108) size 334x18
        text run at (0,108) width 334: "PASS: event at (658, 174) hit box8 at offset (85, 85)"
    LayoutBR {BR} at (333,122) size 1x0
    LayoutInline {SPAN} at (0,0) size 318x18 [color=#008000]
      LayoutText {#text} at (0,126) size 318x18
        text run at (0,126) width 318: "PASS: event at (74, 314) hit box10 at offset (1, 1)"
    LayoutBR {BR} at (317,140) size 1x0
    LayoutInline {SPAN} at (0,0) size 317x18 [color=#008000]
      LayoutText {#text} at (0,144) size 317x18
        text run at (0,144) width 317: "PASS: event at (91, 351) hit box11 at offset (1, 1)"
    LayoutBR {BR} at (316,158) size 1x0
    LayoutInline {SPAN} at (0,0) size 326x18 [color=#008000]
      LayoutText {#text} at (0,162) size 326x18
        text run at (0,162) width 326: "PASS: event at (320, 314) hit box13 at offset (1, 1)"
    LayoutBR {BR} at (325,176) size 1x0
    LayoutInline {SPAN} at (0,0) size 326x18 [color=#008000]
      LayoutText {#text} at (0,180) size 326x18
        text run at (0,180) width 326: "PASS: event at (343, 351) hit box14 at offset (1, 1)"
    LayoutBR {BR} at (325,194) size 1x0
    LayoutInline {SPAN} at (0,0) size 326x18 [color=#008000]
      LayoutText {#text} at (0,198) size 326x18
        text run at (0,198) width 326: "PASS: event at (365, 375) hit box15 at offset (1, 1)"
    LayoutBR {BR} at (325,212) size 1x0
    LayoutInline {SPAN} at (0,0) size 326x18 [color=#008000]
      LayoutText {#text} at (0,216) size 326x18
        text run at (0,216) width 326: "PASS: event at (566, 314) hit box17 at offset (1, 1)"
    LayoutBR {BR} at (325,230) size 1x0
    LayoutInline {SPAN} at (0,0) size 326x18 [color=#008000]
      LayoutText {#text} at (0,234) size 326x18
        text run at (0,234) width 326: "PASS: event at (587, 352) hit box18 at offset (1, 1)"
    LayoutBR {BR} at (325,248) size 1x0
    LayoutInline {SPAN} at (0,0) size 326x18 [color=#008000]
      LayoutText {#text} at (0,252) size 326x18
        text run at (0,252) width 326: "PASS: event at (629, 401) hit box19 at offset (1, 1)"
    LayoutBR {BR} at (325,266) size 1x0
    LayoutInline {SPAN} at (0,0) size 326x18 [color=#008000]
      LayoutText {#text} at (0,270) size 326x18
        text run at (0,270) width 326: "PASS: event at (653, 422) hit box20 at offset (1, 1)"
    LayoutBR {BR} at (325,284) size 1x0
    LayoutInline {SPAN} at (0,0) size 342x18 [color=#008000]
      LayoutText {#text} at (0,288) size 342x18
        text run at (0,288) width 342: "PASS: event at (745, 505) hit box20 at offset (85, 86)"
    LayoutBR {BR} at (341,302) size 1x0
layer at (21,21) size 202x202
  LayoutBlockFlow (positioned) {DIV} at (21,21) size 202x202 [border: (1px solid #000000)]
layer at (42,42) size 140x140
  LayoutBlockFlow {DIV} at (21,21) size 140x140 [bgcolor=#DDDDDD] [border: (1px solid #000000)]
layer at (63,63) size 100x100
  LayoutBlockFlow (relative positioned) {DIV} at (21,21) size 100x100 [bgcolor=#81AA8A] [border: (1px solid #000000)]
layer at (267,21) size 202x202
  LayoutBlockFlow (positioned) {DIV} at (267,21) size 202x202 [border: (1px solid #000000)]
layer at (288,42) size 140x140
  LayoutBlockFlow {DIV} at (21,21) size 140x140 [bgcolor=#DDDDDD] [border: (1px solid #000000)]
layer at (309,63) size 100x100
  LayoutBlockFlow (relative positioned) {DIV} at (21,21) size 100x100 [bgcolor=#81AA8A] [border: (1px solid #000000)]
    LayoutBlockFlow {DIV} at (21,21) size 90x90 [bgcolor=#0000FF] [border: (1px solid #000000)]
layer at (513,21) size 202x202
  LayoutBlockFlow (positioned) {DIV} at (513,21) size 202x202 [border: (1px solid #000000)]
layer at (534,42) size 140x140
  LayoutBlockFlow {DIV} at (21,21) size 140x140 [bgcolor=#DDDDDD] [border: (1px solid #000000)]
layer at (555,63) size 100x100
  LayoutBlockFlow (relative positioned) {DIV} at (21,21) size 100x100 [bgcolor=#81AA8A] [border: (1px solid #000000)]
layer at (576,84) size 90x90
  LayoutBlockFlow (relative positioned) {DIV} at (21,21) size 90x90 [bgcolor=#0000FF] [border: (1px solid #000000)]
layer at (21,267) size 202x202
  LayoutBlockFlow (positioned) {DIV} at (21,267) size 202x202 [border: (1px solid #000000)]
layer at (42,288) size 140x140
  LayoutBlockFlow {DIV} at (21,21) size 140x140 [bgcolor=#DDDDDD] [border: (1px solid #000000)]
layer at (63,309) size 100x100
  LayoutBlockFlow (relative positioned) {DIV} at (21,21) size 100x100 [bgcolor=#81AA8A] [border: (1px solid #000000)]
layer at (104,350) size 100x100
  LayoutBlockFlow (relative positioned) {DIV} at (41,41) size 100x100 [border: (1px solid #000000)]
layer at (267,267) size 202x202
  LayoutBlockFlow (positioned) {DIV} at (267,267) size 202x202 [border: (1px solid #000000)]
layer at (288,288) size 140x140
  LayoutBlockFlow {DIV} at (21,21) size 140x140 [bgcolor=#DDDDDD] [border: (1px solid #000000)]
layer at (309,309) size 100x100
  LayoutBlockFlow (relative positioned) {DIV} at (21,21) size 100x100 [bgcolor=#81AA8A] [border: (1px solid #000000)]
layer at (350,350) size 100x100
  LayoutBlockFlow (relative positioned) {DIV} at (41,41) size 100x100 [border: (1px solid #000000)]
    LayoutBlockFlow {DIV} at (21,21) size 90x90 [bgcolor=#0000FF] [border: (1px solid #000000)]
layer at (513,267) size 202x202
  LayoutBlockFlow (positioned) {DIV} at (513,267) size 202x202 [border: (1px solid #000000)]
layer at (534,288) size 140x140
  LayoutBlockFlow {DIV} at (21,21) size 140x140 [bgcolor=#DDDDDD] [border: (1px solid #000000)]
layer at (555,309) size 100x100
  LayoutBlockFlow (relative positioned) {DIV} at (21,21) size 100x100 [bgcolor=#81AA8A] [border: (1px solid #000000)]
layer at (596,350) size 100x100
  LayoutBlockFlow (relative positioned) {DIV} at (41,41) size 100x100 [border: (1px solid #000000)]
layer at (637,391) size 100x100
  LayoutBlockFlow (relative positioned) {DIV} at (41,41) size 100x100 [bgcolor=#AA7994] [border: (1px solid #000000)]
    LayoutBlockFlow {DIV} at (21,21) size 90x90 [bgcolor=#0000FF] [border: (1px solid #000000)]
