layer at (0,0) size 800x600
  LayoutView at (0,0) size 800x600
layer at (0,0) size 800x261
  LayoutBlockFlow {HTML} at (0,0) size 800x261
    LayoutBlockFlow {BODY} at (8,8) size 784x245
      LayoutText {#text} at (0,0) size 0x0
layer at (8,8) size 320x240
  LayoutVideo {VIDEO} at (0,0) size 320x240
layer at (8,8) size 320x240
  LayoutBlockFlow (relative positioned) {DIV} at (0,0) size 320x240 [color=#FFFFFF]
layer at (8,8) size 320x15 scrollHeight 17
  LayoutBlockFlow (positioned) {DIV} at (0,0) size 320x15
    LayoutInline {DIV} at (0,0) size 280x19 [bgcolor=#000000CC]
      LayoutText {#text} at (22,0) size 276x15
        text run at (22,0) width 276: "Cue 1: should be positioned at the top of the video."
layer at (8,27) size 320x15 scrollHeight 17
  LayoutBlockFlow (positioned) {DIV} at (0,19) size 320x15
    LayoutInline {DIV} at (0,0) size 308x19 [bgcolor=#000000CC]
      LayoutText {#text} at (8,0) size 304x15
        text run at (8,0) width 304: "Cue 2: should be the second cue and not overlap cue 1."
layer at (8,46) size 320x15 scrollHeight 17
  LayoutBlockFlow (positioned) {DIV} at (0,38) size 320x15
    LayoutInline {DIV} at (0,0) size 300x19 [bgcolor=#000000CC]
      LayoutText {#text} at (12,0) size 296x15
        text run at (12,0) width 296: "Cue 3: should become the third line from top to bottom."
layer at (8,103) size 320x15 scrollHeight 17
  LayoutBlockFlow (positioned) {DIV} at (0,95) size 320x15
    LayoutInline {DIV} at (0,0) size 292x19 [bgcolor=#000000CC]
      LayoutText {#text} at (16,0) size 288x15
        text run at (16,0) width 288: "Cue 4: should be fixed positioned around the middle."
layer at (8,229) size 320x15 scrollHeight 17
  LayoutBlockFlow (positioned) {DIV} at (0,221) size 320x15
    LayoutInline {DIV} at (0,0) size 296x19 [bgcolor=#000000CC]
      LayoutText {#text} at (14,0) size 292x15
        text run at (14,0) width 292: "Cue 5: should be displayed at the bottom of the video."
layer at (8,210) size 320x15 scrollHeight 17
  LayoutBlockFlow (positioned) {DIV} at (0,202) size 320x15
    LayoutInline {DIV} at (0,0) size 284x19 [bgcolor=#000000CC]
      LayoutText {#text} at (20,0) size 280x15
        text run at (20,0) width 280: "Cue 6: should be on top of bottom positioned cue 5."
layer at (8,8) size 320x240
  LayoutFlexibleBox (relative positioned) {DIV} at (0,0) size 320x240
    LayoutBlockFlow {DIV} at (160,0) size 0x0
    LayoutFlexibleBox {DIV} at (0,0) size 320x240
