layer at (0,0) size 800x600
  LayoutView at (0,0) size 800x600
layer at (0,0) size 800x600
  LayoutNGBlockFlow {HTML} at (0,0) size 800x600
    LayoutNGBlockFlow {BODY} at (8,8) size 784x584
      LayoutNGBlockFlow {P} at (0,0) size 784x40
        LayoutText {#text} at (0,0) size 777x39
          text run at (0,0) width 777: "This tests to see if dragging an image is a move drag by default (it should be). You should only see one picture and it should"
          text run at (0,20) width 200: "be somewhere near the middle. "
        LayoutInline {B} at (0,0) size 492x19
          LayoutText {#text} at (200,20) size 492x19
            text run at (200,20) width 492: "This demonstrates a bug, the ghost of the drag caret is left after the drop."
      LayoutBlockFlow {DIV} at (0,56) size 784x108
        LayoutText {#text} at (0,88) size 48x19
          text run at (0,88) width 48: "xxxxxx"
        LayoutImage {IMG} at (48,0) size 76x103
        LayoutText {#text} at (124,88) size 32x19
          text run at (124,88) width 32: "xxxx"
selection start: position 0 of child 1 {IMG} of child 2 {DIV} of body
selection end:   position 1 of child 1 {IMG} of child 2 {DIV} of body
