layer at (0,0) size 800x600
  LayoutView at (0,0) size 800x600
layer at (0,0) size 800x600
  LayoutNGBlockFlow {HTML} at (0,0) size 800x600
    LayoutNGBlockFlow {BODY} at (8,8) size 784x584
      LayoutNGBlockFlow {P} at (0,0) size 784x20
        LayoutText {#text} at (0,0) size 597x19
          text run at (0,0) width 597: "This tests copying/pasting less than a paragraph of quoted content. It should not appear quoted."
      LayoutBlockFlow {DIV} at (0,36) size 784x100
        LayoutNGBlockFlow (anonymous) at (0,0) size 769x40
          LayoutText {#text} at (0,0) size 20x19
            text run at (0,0) width 20: "On"
          LayoutBR {BR} at (20,15) size 0x0
          LayoutBR {BR} at (0,20) size 0x19
        LayoutBlockFlow {BLOCKQUOTE} at (0,40) size 784x20 [color=#0000FF] [border: none (2px solid #0000FF)]
          LayoutText {#text} at (12,0) size 162x19
            text run at (12,0) width 162: "On Tuesday, Dave wrote:"
        LayoutBlockFlow {BLOCKQUOTE} at (0,60) size 784x20 [color=#0000FF] [border: none (2px solid #0000FF)]
          LayoutBR {BR} at (12,0) size 0x19
        LayoutBlockFlow {BLOCKQUOTE} at (0,80) size 784x20 [color=#0000FF] [border: none (2px solid #0000FF)]
          LayoutText {#text} at (12,0) size 82x19
            text run at (12,0) width 82: "Hello World."
caret: position 3 of child 0 {#text} of child 2 {DIV} of body
