layer at (0,0) size 800x600
  LayoutView at (0,0) size 800x600
layer at (0,0) size 800x600
  LayoutBlockFlow {HTML} at (0,0) size 800x600
    LayoutBlockFlow {BODY} at (8,8) size 784x584
      LayoutBlockFlow {P} at (0,0) size 784x20
        LayoutText {#text} at (0,0) size 646x19
          text run at (0,0) width 504: "This tests for a hang when pasting underlined content at the end of a paragraph. "
          text run at (504,0) width 142: "You should see 'Hello "
        LayoutInline {U} at (0,0) size 44x19
          LayoutText {#text} at (646,0) size 44x19
            text run at (646,0) width 44: "World!"
        LayoutText {#text} at (690,0) size 49x19
          text run at (690,0) width 49: "' below."
      LayoutBlockFlow {DIV} at (0,36) size 784x20
        LayoutBlockFlow {DIV} at (0,0) size 784x20
          LayoutText {#text} at (0,0) size 39x19
            text run at (0,0) width 39: "Hello "
          LayoutInline {SPAN} at (0,0) size 44x19
            LayoutText {#text} at (39,0) size 44x19
              text run at (39,0) width 44: "World!"
        LayoutBlockFlow (anonymous) at (0,20) size 784x0
caret: position 6 of child 0 {#text} of child 1 {SPAN} of child 0 {DIV} of child 2 {DIV} of body
