layer at (0,0) size 800x600
  LayoutView at (0,0) size 800x600
layer at (0,0) size 800x600
  LayoutBlockFlow {HTML} at (0,0) size 800x600
    LayoutBlockFlow {BODY} at (8,8) size 784x584
      LayoutBlockFlow {P} at (0,0) size 784x40
        LayoutText {#text} at (0,0) size 719x39
          text run at (0,0) width 407: "This tests for a bug where a copied link wouldn't paste as a link. "
          text run at (407,0) width 312: "Both editable regions below should contain a link"
          text run at (0,20) width 104: "\"Hello\\nWorld\"."
      LayoutBlockFlow {DIV} at (0,56) size 784x40
        LayoutInline {A} at (0,0) size 39x39 [color=#0000EE]
          LayoutText {#text} at (0,0) size 35x19
            text run at (0,0) width 35: "Hello"
          LayoutBR {BR} at (35,15) size 0x0
          LayoutText {#text} at (0,20) size 39x19
            text run at (0,20) width 39: "World"
        LayoutText {#text} at (0,0) size 0x0
      LayoutBlockFlow {DIV} at (0,96) size 784x40
        LayoutInline {A} at (0,0) size 39x39 [color=#0000EE]
          LayoutText {#text} at (0,0) size 35x19
            text run at (0,0) width 35: "Hello"
          LayoutBR {BR} at (35,15) size 0x0
          LayoutText {#text} at (0,20) size 39x19
            text run at (0,20) width 39: "World"
caret: position 5 of child 2 {#text} of child 0 {A} of child 4 {DIV} of body
