EDITING DELEGATE: webViewDidChangeSelection:WebViewDidChangeSelectionNotification
EDITING DELEGATE: webViewDidChangeSelection:WebViewDidChangeSelectionNotification
EDITING DELEGATE: webViewDidChangeSelection:WebViewDidChangeSelectionNotification
EDITING DELEGATE: webViewDidChange:WebViewDidChangeNotification
layer at (0,0) size 800x600
  LayoutView at (0,0) size 800x600
layer at (0,0) size 800x600
  LayoutNGBlockFlow {HTML} at (0,0) size 800x600
    LayoutNGBlockFlow {BODY} at (0,0) size 800x584
      LayoutBlockFlow {DIV} at (0,0) size 302x122 [border: (1px solid #000000)]
        LayoutImage {IMG} at (1,1) size 76x103
      LayoutNGBlockFlow (anonymous) at (0,122) size 800x103
        LayoutImage {IMG} at (0,0) size 76x103
        LayoutText {#text} at (0,0) size 0x0
      LayoutNGBlockFlow {UL} at (0,241) size 800x20
        LayoutNGListItem {LI} at (40,0) size 760x20
          LayoutNGListMarker (anonymous) at (-18,0) size 10x20
            LayoutText (anonymous) at (0,0) size 10x19
              text run at (0,0) width 10: "\x{2022} "
          LayoutText {#text} at (0,0) size 409x19
            text run at (0,0) width 409: "Abe should appear twice, once inside the div and once outside it."
selection start: position 0 of child 0 {IMG} of child 1 {DIV} of body
selection end:   position 1 of child 0 {IMG} of child 1 {DIV} of body
