EDITING DELEGATE: webViewDidChangeSelection:WebViewDidChangeSelectionNotification
EDITING DELEGATE: webViewDidChangeSelection:WebViewDidChangeSelectionNotification
EDITING DELEGATE: webViewDidChangeSelection:WebViewDidChangeSelectionNotification
EDITING DELEGATE: webViewDidChangeSelection:WebViewDidChangeSelectionNotification
EDITING DELEGATE: webViewDidChange:WebViewDidChangeNotification
layer at (0,0) size 800x600
  LayoutView at (0,0) size 800x600
layer at (0,0) size 800x600
  LayoutNGBlockFlow {HTML} at (0,0) size 800x600
    LayoutNGBlockFlow {BODY} at (8,8) size 784x584
      LayoutNGBlockFlow {P} at (0,0) size 784x40
        LayoutText {#text} at (0,0) size 772x39
          text run at (0,0) width 772: "This tests copy/paste of styled elements, like images. The image in the region below should be centered after its copied and"
          text run at (0,20) width 44: "pasted."
      LayoutNGBlockFlow {P} at (0,56) size 784x40
        LayoutInline {B} at (0,0) size 778x39
          LayoutText {#text} at (0,0) size 778x39
            text run at (0,0) width 778: "This demonstrates a bug: createMarkup puts the text-align property on the image, which doesn't center it, so its left"
            text run at (0,20) width 113: "aligned on paste."
      LayoutBlockFlow {DIV} at (0,112) size 784x103
        LayoutBlockFlow {CENTER} at (0,0) size 784x103
          LayoutImage {IMG} at (354,0) size 76x103
      LayoutBlockFlow {DIV} at (0,215) size 784x103
        LayoutImage {IMG} at (0,0) size 76x103
caret: position 1 of child 0 {IMG} of child 6 {DIV} of body
