layer at (0,0) size 800x600
  LayoutView at (0,0) size 800x600
layer at (0,0) size 800x600
  LayoutBlockFlow {HTML} at (0,0) size 800x600
    LayoutBlockFlow {BODY} at (8,8) size 784x584
      LayoutBlockFlow (anonymous) at (0,0) size 784x0
        LayoutInline {B} at (0,0) size 0x0
      LayoutBlockFlow {P} at (0,0) size 784x20
        LayoutInline {B} at (0,0) size 36x19
          LayoutText {#text} at (0,0) size 36x19
            text run at (0,0) width 36: "Bold "
        LayoutText {#text} at (36,0) size 56x19
          text run at (36,0) width 56: "Not bold"
      LayoutBlockFlow (anonymous) at (0,36) size 784x20
        LayoutText {#text} at (0,0) size 90x19
          text run at (0,0) width 90: "Also not bold."
