layer at (0,0) size 800x600
  LayoutView at (0,0) size 800x600
layer at (0,0) size 800x600
  LayoutBlockFlow {HTML} at (0,0) size 800x600
    LayoutBlockFlow {BODY} at (8,8) size 784x576
      LayoutBlockFlow {P} at (0,0) size 784x57
        LayoutInline {FONT} at (0,0) size 303x55
          LayoutText {#text} at (0,1) size 303x55
            text run at (0,1) width 303: "First paragraph."
      LayoutBlockFlow (anonymous) at (0,73) size 784x0
        LayoutInline {FONT} at (0,0) size 0x0
          LayoutText {#text} at (0,0) size 0x0
      LayoutBlockFlow (anonymous) at (0,105) size 784x57
        LayoutBlockFlow {P} at (0,0) size 784x57
          LayoutText {#text} at (0,1) size 356x55
            text run at (0,1) width 356: "Second paragraph."
      LayoutBlockFlow (anonymous) at (0,210) size 784x0
        LayoutInline {FONT} at (0,0) size 0x0
        LayoutText {#text} at (0,0) size 0x0
        LayoutInline {B} at (0,0) size 0x0
      LayoutBlockFlow {P} at (0,210) size 784x20
        LayoutInline {B} at (0,0) size 97x19
          LayoutInline {I} at (0,0) size 97x19
            LayoutText {#text} at (0,0) size 97x19
              text run at (0,0) width 97: "Bold and Italic"
        LayoutInline {I} at (0,0) size 36x19
          LayoutText {#text} at (97,0) size 36x19
            text run at (97,0) width 36: " Italic"
