layer at (0,0) size 800x600
  LayoutView at (0,0) size 800x600
layer at (0,0) size 800x600
  LayoutBlockFlow {HTML} at (0,0) size 800x600
    LayoutBlockFlow {BODY} at (8,8) size 784x577
      LayoutBlockFlow {P} at (0,0) size 784x17
        LayoutText {#text} at (0,0) size 27x17
          text run at (0,0) width 27: "Test"
layer at (250,50) size 243x64
  LayoutBlockFlow (positioned) {DIV} at (250,50) size 243x64 [border: (2px solid #008000)]
    LayoutText {#text} at (22,22) size 199x19
      text run at (22,22) width 199: "I should be absolute positioned."
