layer at (0,0) size 800x600
  LayoutView at (0,0) size 800x600
layer at (0,0) size 800x600
  LayoutBlockFlow {HTML} at (0,0) size 800x600
    LayoutBlockFlow {BODY} at (8,8) size 784x584
      LayoutBlockFlow (anonymous) at (0,0) size 784x20
        LayoutText {#text} at (0,0) size 334x19
          text run at (0,0) width 334: "The style rule on this page should be totally ignored. "
        LayoutInline {A} at (0,0) size 80x19
          LayoutText {#text} at (334,0) size 80x19
            text run at (334,0) width 80: "here is a link"
        LayoutText {#text} at (0,0) size 0x0
      LayoutBlockFlow {H1} at (0,41.44) size 784x37
        LayoutText {#text} at (0,0) size 109x36
          text run at (0,0) width 109: "heading"
      LayoutBlockFlow (anonymous) at (0,99.88) size 784x100
        LayoutInline {SPAN} at (0,0) size 31x19
          LayoutText {#text} at (0,0) size 31x19
            text run at (0,0) width 31: "issue"
        LayoutBR {BR} at (31,15) size 0x0
        LayoutInline {SPAN} at (0,0) size 20x19
          LayoutText {#text} at (0,20) size 20x19
            text run at (0,20) width 20: "fail"
        LayoutBR {BR} at (20,35) size 0x0
        LayoutInline {A} at (0,0) size 120x19
          LayoutText {#text} at (0,40) size 120x19
            text run at (0,40) width 120: "here is another link"
        LayoutBR {BR} at (120,55) size 0x0
        LayoutInline {SPAN} at (0,0) size 19x19
          LayoutText {#text} at (0,60) size 19x19
            text run at (0,60) width 19: "n/a"
        LayoutBR {BR} at (19,75) size 0x0
        LayoutInline {SPAN} at (0,0) size 27x19
          LayoutText {#text} at (0,80) size 27x19
            text run at (0,80) width 27: "pass"
        LayoutBR {BR} at (27,95) size 0x0
      LayoutBlockFlow {H1} at (0,221.31) size 784x37
        LayoutText {#text} at (0,0) size 224x36
          text run at (0,0) width 224: "another heading"
      LayoutBlockFlow (anonymous) at (0,279.75) size 784x20
        LayoutInline {SPAN} at (0,0) size 19x19
          LayoutText {#text} at (0,0) size 19x19
            text run at (0,0) width 19: "n/a"
        LayoutBR {BR} at (19,15) size 0x0
