layer at (0,0) size 800x600
  LayoutView at (0,0) size 800x600
layer at (0,0) size 800x600
  LayoutBlockFlow {HTML} at (0,0) size 800x600
    LayoutBlockFlow {BODY} at (8,8) size 784x584
      LayoutTable {TABLE} at (0,0) size 703x105
        LayoutTableSection {TBODY} at (0,0) size 703x105
          LayoutTableRow {TR} at (0,2) size 703x101
            LayoutTableCell {TD} at (2,41) size 293x22 [r=0 c=0 rs=1 cs=1]
              LayoutText {#text} at (1,1) size 291x19
                text run at (1,1) width 291: "This text should be to the left of the cat image."
            LayoutTableCell {TD} at (297,2) size 100x101 [r=0 c=1 rs=1 cs=1]
              LayoutImage {OBJECT} at (1,1) size 98x99
            LayoutTableCell {TD} at (399,41) size 302x22 [r=0 c=2 rs=1 cs=1]
              LayoutText {#text} at (1,1) size 300x19
                text run at (1,1) width 300: "This text should be to the right of the cat image."
