layer at (0,0) size 800x600
  LayoutView at (0,0) size 800x600
layer at (0,0) size 800x600
  LayoutBlockFlow {HTML} at (0,0) size 800x600
    LayoutBlockFlow {BODY} at (8,8) size 784x584
      LayoutBlockFlow {DIV} at (0,0) size 784x100 [bgcolor=#FFFF00]
        LayoutBlockFlow (floating) {DIV} at (0,0) size 76x500 [bgcolor=#008000]
          LayoutText {#text} at (0,0) size 76x19
            text run at (0,0) width 76: "Hello world"
      LayoutBlockFlow {DIV} at (0,204) size 784x40
        LayoutText {#text} at (76,0) size 693x39
          text run at (76,0) width 286: "This text should not overlap the purple float? "
          text run at (362,0) width 407: "Will this happen? I'm really not sure. This is a test of some of the"
          text run at (76,20) width 443: "strange behavior you will find when using overflow auto or scroll, etc."
layer at (84,108) size 708x104 clip at (86,110) size 704x100 scrollHeight 400
  LayoutBlockFlow {DIV} at (76,100) size 708x104 [border: (2px solid #000000)]
    LayoutText {#text} at (2,2) size 143x19
      text run at (2,2) width 143: "Does the float intrude?"
    LayoutBlockFlow (floating) {SPAN} at (606,2) size 100x400 [bgcolor=#800080]
    LayoutText {#text} at (0,0) size 0x0
