layer at (0,0) size 800x600
  LayoutView at (0,0) size 800x600
layer at (0,0) size 800x600
  LayoutBlockFlow {HTML} at (0,0) size 800x600
    LayoutBlockFlow {BODY} at (8,8) size 784x584
      LayoutTable {TABLE} at (0,0) size 212x312 [border: (2px outset #808080)]
        LayoutTableSection {TBODY} at (2,2) size 208x308
          LayoutTableRow {TR} at (0,2) size 208x304
            LayoutTableCell {TD} at (2,2) size 204x304 [border: (1px inset #808080)] [r=0 c=0 rs=1 cs=1]
layer at (14,14) size 200x300 clip at (14,14) size 185x300 scrollHeight 480
  LayoutBlockFlow {DIV} at (2,2) size 200x300
    LayoutText {#text} at (0,0) size 137x19
      text run at (0,0) width 137: "Lots of overflow text."
    LayoutBR {BR} at (137,15) size 0x0
    LayoutText {#text} at (0,20) size 137x19
      text run at (0,20) width 137: "Lots of overflow text."
    LayoutBR {BR} at (137,35) size 0x0
    LayoutText {#text} at (0,40) size 137x19
      text run at (0,40) width 137: "Lots of overflow text."
    LayoutBR {BR} at (137,55) size 0x0
    LayoutText {#text} at (0,60) size 137x19
      text run at (0,60) width 137: "Lots of overflow text."
    LayoutBR {BR} at (137,75) size 0x0
    LayoutText {#text} at (0,80) size 137x19
      text run at (0,80) width 137: "Lots of overflow text."
    LayoutBR {BR} at (137,95) size 0x0
    LayoutText {#text} at (0,100) size 137x19
      text run at (0,100) width 137: "Lots of overflow text."
    LayoutBR {BR} at (137,115) size 0x0
    LayoutText {#text} at (0,120) size 137x19
      text run at (0,120) width 137: "Lots of overflow text."
    LayoutBR {BR} at (137,135) size 0x0
    LayoutText {#text} at (0,140) size 137x19
      text run at (0,140) width 137: "Lots of overflow text."
    LayoutBR {BR} at (137,155) size 0x0
    LayoutText {#text} at (0,160) size 137x19
      text run at (0,160) width 137: "Lots of overflow text."
    LayoutBR {BR} at (137,175) size 0x0
    LayoutText {#text} at (0,180) size 137x19
      text run at (0,180) width 137: "Lots of overflow text."
    LayoutBR {BR} at (137,195) size 0x0
    LayoutText {#text} at (0,200) size 137x19
      text run at (0,200) width 137: "Lots of overflow text."
    LayoutBR {BR} at (137,215) size 0x0
    LayoutText {#text} at (0,220) size 137x19
      text run at (0,220) width 137: "Lots of overflow text."
    LayoutBR {BR} at (137,235) size 0x0
    LayoutText {#text} at (0,240) size 137x19
      text run at (0,240) width 137: "Lots of overflow text."
    LayoutBR {BR} at (137,255) size 0x0
    LayoutText {#text} at (0,260) size 137x19
      text run at (0,260) width 137: "Lots of overflow text."
    LayoutBR {BR} at (137,275) size 0x0
    LayoutText {#text} at (0,280) size 137x19
      text run at (0,280) width 137: "Lots of overflow text."
    LayoutBR {BR} at (137,295) size 0x0
    LayoutText {#text} at (0,300) size 137x19
      text run at (0,300) width 137: "Lots of overflow text."
    LayoutBR {BR} at (137,315) size 0x0
    LayoutText {#text} at (0,320) size 137x19
      text run at (0,320) width 137: "Lots of overflow text."
    LayoutBR {BR} at (137,335) size 0x0
    LayoutText {#text} at (0,340) size 137x19
      text run at (0,340) width 137: "Lots of overflow text."
    LayoutBR {BR} at (137,355) size 0x0
    LayoutText {#text} at (0,360) size 137x19
      text run at (0,360) width 137: "Lots of overflow text."
    LayoutBR {BR} at (137,375) size 0x0
    LayoutText {#text} at (0,380) size 137x19
      text run at (0,380) width 137: "Lots of overflow text."
    LayoutBR {BR} at (137,395) size 0x0
    LayoutText {#text} at (0,400) size 137x19
      text run at (0,400) width 137: "Lots of overflow text."
    LayoutBR {BR} at (137,415) size 0x0
    LayoutText {#text} at (0,420) size 137x19
      text run at (0,420) width 137: "Lots of overflow text."
    LayoutBR {BR} at (137,435) size 0x0
    LayoutText {#text} at (0,440) size 137x19
      text run at (0,440) width 137: "Lots of overflow text."
    LayoutBR {BR} at (137,455) size 0x0
    LayoutText {#text} at (0,460) size 137x19
      text run at (0,460) width 137: "Lots of overflow text."
    LayoutBR {BR} at (137,475) size 0x0
