layer at (0,0) size 800x600
  LayoutView at (0,0) size 800x600
layer at (10,10) size 780x302
  LayoutBlockFlow {fake} at (10,10) size 780x302
layer at (10,10) size 282x302 clip at (11,11) size 265x300 scrollHeight 1246
  LayoutBlockFlow {channel} at (0,0) size 282x302 [bgcolor=#EEEEEE] [border: (1px solid #000000)]
    LayoutBlockFlow {title} at (11,11) size 255x18
      LayoutText {#text} at (0,0) size 155x18
        text run at (0,0) width 155: "scottandrew.com"
    LayoutBlockFlow {description} at (11,39) size 255x12
      LayoutText {#text} at (0,0) size 192x12
        text run at (0,0) width 192: "DHTML, DOM and JavaScript News"
    LayoutBlockFlow {item} at (1,61) size 265x92 [bgcolor=#FFFFFF] [border: (1px solid #CCCCCC) none (1px solid #CCCCCC) none]
      LayoutInline {title} at (0,0) size 233x14
        LayoutText {#text} at (10,11) size 233x14
          text run at (10,11) width 233: "DHTML Animation Array Generator"
      LayoutText {#text} at (0,0) size 0x0
      LayoutInline {description} at (0,0) size 232x56
        LayoutText {#text} at (10,25) size 232x56
          text run at (10,25) width 232: "Robert points us to the first third-party"
          text run at (10,39) width 214: "tool for the DomAPI: The Animation"
          text run at (10,53) width 193: "Array Generator, a visual tool for"
          text run at (10,67) width 60: "creating..."
      LayoutText {#text} at (0,0) size 0x0
      LayoutText {#text} at (0,0) size 0x0
    LayoutBlockFlow {item} at (1,163) size 265x78 [bgcolor=#FFFFFF] [border: (1px solid #CCCCCC) none (1px solid #CCCCCC) none]
      LayoutInline {title} at (0,0) size 177x14
        LayoutText {#text} at (10,11) size 177x14
          text run at (10,11) width 177: "DOM and Extended Entries"
      LayoutText {#text} at (187,11) size 4x14
        text run at (187,11) width 4: " "
      LayoutInline {description} at (0,0) size 240x56
        LayoutText {#text} at (191,11) size 240x56
          text run at (191,11) width 59: "Aarondot:"
          text run at (10,25) width 201: "A Better Way To Display Extended"
          text run at (10,39) width 221: "Entries. Very cool, and uses the DOM"
          text run at (10,53) width 237: "and JavaScript to reveal the extended..."
      LayoutText {#text} at (0,0) size 0x0
      LayoutText {#text} at (0,0) size 0x0
    LayoutBlockFlow {item} at (1,251) size 265x78 [bgcolor=#FFFFFF] [border: (1px solid #CCCCCC) none (1px solid #CCCCCC) none]
      LayoutInline {title} at (0,0) size 164x14
        LayoutText {#text} at (10,11) size 164x14
          text run at (10,11) width 164: "cellspacing and the DOM"
      LayoutText {#text} at (174,11) size 4x14
        text run at (174,11) width 4: " "
      LayoutInline {description} at (0,0) size 238x56
        LayoutText {#text} at (178,11) size 238x56
          text run at (178,11) width 70: "By the way,"
          text run at (10,25) width 213: "if you're using the DOM to generate"
          text run at (10,39) width 200: "TABLE elements, you have to use"
          text run at (10,53) width 155: "setAttribute() to set the..."
      LayoutText {#text} at (0,0) size 0x0
      LayoutText {#text} at (0,0) size 0x0
    LayoutBlockFlow {item} at (1,339) size 265x92 [bgcolor=#FFFFFF] [border: (1px solid #CCCCCC) none (1px solid #CCCCCC) none]
      LayoutInline {title} at (0,0) size 177x14
        LayoutText {#text} at (10,11) size 177x14
          text run at (10,11) width 177: "contenteditable for Mozilla"
      LayoutText {#text} at (187,11) size 4x14
        text run at (187,11) width 4: " "
      LayoutInline {description} at (0,0) size 235x70
        LayoutText {#text} at (191,11) size 235x70
          text run at (191,11) width 53: "The folks"
          text run at (10,25) width 211: "art Q42, creator of Quek (cute little"
          text run at (10,39) width 235: "avatar/chat) and Xopus (browser-based"
          text run at (10,53) width 218: "WYSIWYG XML-editor) have released"
          text run at (10,67) width 129: "code that simulates..."
      LayoutText {#text} at (0,0) size 0x0
      LayoutText {#text} at (0,0) size 0x0
    LayoutBlockFlow {item} at (1,441) size 265x78 [bgcolor=#FFFFFF] [border: (1px solid #CCCCCC) none (1px solid #CCCCCC) none]
      LayoutInline {title} at (0,0) size 182x28
        LayoutText {#text} at (10,11) size 182x28
          text run at (10,11) width 182: "DHTML Timeline/Keyframe"
          text run at (10,25) width 69: "Animation"
      LayoutText {#text} at (79,25) size 4x14
        text run at (79,25) width 4: " "
      LayoutInline {description} at (0,0) size 237x42
        LayoutText {#text} at (83,25) size 237x42
          text run at (83,25) width 164: "Tim Morgan is working on a"
          text run at (10,39) width 231: "Flash-like timeline/keyframe extension"
          text run at (10,53) width 143: "for his DHTML toolset...."
      LayoutText {#text} at (0,0) size 0x0
      LayoutText {#text} at (0,0) size 0x0
    LayoutBlockFlow {item} at (1,529) size 265x92 [bgcolor=#FFFFFF] [border: (1px solid #CCCCCC) none (1px solid #CCCCCC) none]
      LayoutInline {title} at (0,0) size 157x28
        LayoutText {#text} at (10,11) size 157x28
          text run at (10,11) width 157: "DynAPI 2.9 and Mozilla"
          text run at (10,25) width 124: "compatibility ports"
      LayoutText {#text} at (134,25) size 4x14
        text run at (134,25) width 4: " "
      LayoutInline {description} at (0,0) size 233x56
        LayoutText {#text} at (138,25) size 233x56
          text run at (138,25) width 105: "DynAPI 2.9 is the"
          text run at (10,39) width 205: "latest release of the popular cross-"
          text run at (10,53) width 231: "browser DHTML library, and is available"
          text run at (10,67) width 199: "at Dan Steinman's original site...."
      LayoutText {#text} at (0,0) size 0x0
      LayoutText {#text} at (0,0) size 0x0
    LayoutBlockFlow {item} at (1,631) size 265x64 [bgcolor=#FFFFFF] [border: (1px solid #CCCCCC) none (1px solid #CCCCCC) none]
      LayoutInline {title} at (0,0) size 154x14
        LayoutText {#text} at (10,11) size 154x14
          text run at (10,11) width 154: "!lineDraw bookmarklet"
      LayoutText {#text} at (164,11) size 4x14
        text run at (164,11) width 4: " "
      LayoutInline {description} at (0,0) size 213x42
        LayoutText {#text} at (168,11) size 213x42
          text run at (168,11) width 39: "Milov's"
          text run at (10,25) width 213: "!lineDraw bookmarklet is in fact the"
          text run at (10,39) width 168: "Coolest Bookmarklet Ever...."
      LayoutText {#text} at (0,0) size 0x0
      LayoutText {#text} at (0,0) size 0x0
    LayoutBlockFlow {item} at (1,705) size 265x92 [bgcolor=#FFFFFF] [border: (1px solid #CCCCCC) none (1px solid #CCCCCC) none]
      LayoutInline {title} at (0,0) size 201x14
        LayoutText {#text} at (10,11) size 201x14
          text run at (10,11) width 201: "Mozilla, DHTML and DOM links"
      LayoutText {#text} at (211,11) size 4x14
        text run at (211,11) width 4: " "
      LayoutInline {description} at (0,0) size 235x70
        LayoutText {#text} at (215,11) size 235x70
          text run at (215,11) width 27: "Why"
          text run at (10,25) width 208: "Mozilla Rules (Link via Dean) Steve"
          text run at (10,39) width 235: "Champeon: Why DHTML Will Win. Glish"
          text run at (10,53) width 194: "finds a not-quite-DOM-compliant"
          text run at (10,67) width 192: "replacement for innerHTML. It..."
      LayoutText {#text} at (0,0) size 0x0
      LayoutText {#text} at (0,0) size 0x0
    LayoutBlockFlow {item} at (1,807) size 265x64 [bgcolor=#FFFFFF] [border: (1px solid #CCCCCC) none (1px solid #CCCCCC) none]
      LayoutInline {title} at (0,0) size 103x14
        LayoutText {#text} at (10,11) size 103x14
          text run at (10,11) width 103: "Mozilla 1.0 RC2"
      LayoutText {#text} at (113,11) size 4x14
        text run at (113,11) width 4: " "
      LayoutInline {description} at (0,0) size 236x42
        LayoutText {#text} at (117,11) size 236x42
          text run at (117,11) width 129: "I'm late for this train:"
          text run at (10,25) width 229: "Mozilla 1.0 Release Candidate 2 is now"
          text run at (10,39) width 67: "available...."
      LayoutText {#text} at (0,0) size 0x0
      LayoutText {#text} at (0,0) size 0x0
    LayoutBlockFlow {item} at (1,881) size 265x92 [bgcolor=#FFFFFF] [border: (1px solid #CCCCCC) none (1px solid #CCCCCC) none]
      LayoutInline {title} at (0,0) size 236x28
        LayoutText {#text} at (10,11) size 236x28
          text run at (10,11) width 236: "javascript: is deprecated. Don't use"
          text run at (10,25) width 13: "it."
      LayoutText {#text} at (23,25) size 4x14
        text run at (23,25) width 4: " "
      LayoutInline {description} at (0,0) size 225x56
        LayoutText {#text} at (27,25) size 225x56
          text run at (27,25) width 180: "Repeat after me: javascript: is"
          text run at (10,39) width 225: "deprecated. Don't use it. javascript: is"
          text run at (10,53) width 225: "deprecated. Don't use it. javascript: is"
          text run at (10,67) width 142: "deprecated. Don't use..."
      LayoutText {#text} at (0,0) size 0x0
      LayoutText {#text} at (0,0) size 0x0
    LayoutBlockFlow {item} at (1,983) size 265x64 [bgcolor=#FFFFFF] [border: (1px solid #CCCCCC) none (1px solid #CCCCCC) none]
      LayoutInline {title} at (0,0) size 176x14
        LayoutText {#text} at (10,11) size 176x14
          text run at (10,11) width 176: "Conditional Script Loading"
      LayoutText {#text} at (0,0) size 0x0
      LayoutInline {description} at (0,0) size 229x28
        LayoutText {#text} at (10,25) size 229x28
          text run at (10,25) width 229: "Webreference: DOM-Based Conditional"
          text run at (10,39) width 175: "Script Loading in JavaScript..."
      LayoutText {#text} at (0,0) size 0x0
      LayoutText {#text} at (0,0) size 0x0
    LayoutBlockFlow {item} at (1,1057) size 265x78 [bgcolor=#FFFFFF] [border: (1px solid #CCCCCC) none (1px solid #CCCCCC) none]
      LayoutInline {title} at (0,0) size 115x14
        LayoutText {#text} at (10,11) size 115x14
          text run at (10,11) width 115: "Stories and Tools"
      LayoutText {#text} at (125,11) size 4x14
        text run at (125,11) width 4: " "
      LayoutInline {description} at (0,0) size 245x56
        LayoutText {#text} at (129,11) size 245x56
          text run at (129,11) width 126: "Anil Dash talks about"
          text run at (10,25) width 233: "Stories and Tools, drawing comparisons"
          text run at (10,39) width 240: "between the Web as a text medium and"
          text run at (10,53) width 79: "the Web as..."
      LayoutText {#text} at (0,0) size 0x0
      LayoutText {#text} at (0,0) size 0x0
    LayoutBlockFlow {item} at (1,1145) size 265x92 [bgcolor=#FFFFFF] [border: (1px solid #CCCCCC) none (1px solid #CCCCCC) none]
      LayoutInline {title} at (0,0) size 166x14
        LayoutText {#text} at (10,11) size 166x14
          text run at (10,11) width 166: "Whole Lotto Gecko Links"
      LayoutText {#text} at (176,11) size 4x14
        text run at (176,11) width 4: " "
      LayoutInline {description} at (0,0) size 239x70
        LayoutText {#text} at (180,11) size 239x70
          text run at (180,11) width 64: "AOL Gecko"
          text run at (10,25) width 211: "Browser Detection Tips Establishing"
          text run at (10,39) width 192: "Dreamweaver compatibility with"
          text run at (10,53) width 239: "Netscape 6 Stylesheets and MIME Types"
          text run at (10,67) width 63: "in Gecko..."
      LayoutText {#text} at (0,0) size 0x0
      LayoutText {#text} at (0,0) size 0x0
