layer at (0,0) size 800x600 clip at (0,0) size 785x585 scrollHeight 1099
  LayoutView at (0,0) size 800x600
layer at (0,0) size 785x585
  LayoutBlockFlow {HTML} at (0,0) size 785x585
    LayoutBlockFlow {BODY} at (0,0) size 785x585
      LayoutText {#text} at (0,0) size 396x19
        text run at (0,0) width 396: "ffffffffffffffffffffffffffffffffffffffffffffffffffffffffffffffffffffffffffffffffffff"
      LayoutBR {BR} at (396,15) size 0x0
      LayoutText {#text} at (0,20) size 396x19
        text run at (0,20) width 396: "ffffffffffffffffffffffffffffffffffffffffffffffffffffffffffffffffffffffffffffffffffff"
      LayoutBR {BR} at (396,35) size 0x0
      LayoutText {#text} at (0,40) size 396x19
        text run at (0,40) width 396: "ffffffffffffffffffffffffffffffffffffffffffffffffffffffffffffffffffffffffffffffffffff"
      LayoutBR {BR} at (396,55) size 0x0
      LayoutText {#text} at (0,60) size 396x19
        text run at (0,60) width 396: "ffffffffffffffffffffffffffffffffffffffffffffffffffffffffffffffffffffffffffffffffffff"
      LayoutBR {BR} at (396,75) size 0x0
      LayoutText {#text} at (0,80) size 396x19
        text run at (0,80) width 396: "ffffffffffffffffffffffffffffffffffffffffffffffffffffffffffffffffffffffffffffffffffff"
      LayoutBR {BR} at (396,95) size 0x0
      LayoutText {#text} at (0,100) size 396x19
        text run at (0,100) width 396: "ffffffffffffffffffffffffffffffffffffffffffffffffffffffffffffffffffffffffffffffffffff"
      LayoutBR {BR} at (396,115) size 0x0
      LayoutText {#text} at (0,120) size 396x19
        text run at (0,120) width 396: "ffffffffffffffffffffffffffffffffffffffffffffffffffffffffffffffffffffffffffffffffffff"
      LayoutBR {BR} at (396,135) size 0x0
      LayoutText {#text} at (0,140) size 396x19
        text run at (0,140) width 396: "ffffffffffffffffffffffffffffffffffffffffffffffffffffffffffffffffffffffffffffffffffff"
      LayoutBR {BR} at (396,155) size 0x0
      LayoutText {#text} at (0,160) size 396x19
        text run at (0,160) width 396: "ffffffffffffffffffffffffffffffffffffffffffffffffffffffffffffffffffffffffffffffffffff"
      LayoutBR {BR} at (396,175) size 0x0
      LayoutText {#text} at (0,180) size 396x19
        text run at (0,180) width 396: "ffffffffffffffffffffffffffffffffffffffffffffffffffffffffffffffffffffffffffffffffffff"
      LayoutBR {BR} at (396,195) size 0x0
      LayoutText {#text} at (0,200) size 396x19
        text run at (0,200) width 396: "ffffffffffffffffffffffffffffffffffffffffffffffffffffffffffffffffffffffffffffffffffff"
      LayoutBR {BR} at (396,215) size 0x0
      LayoutText {#text} at (0,220) size 396x19
        text run at (0,220) width 396: "ffffffffffffffffffffffffffffffffffffffffffffffffffffffffffffffffffffffffffffffffffff"
      LayoutBR {BR} at (396,235) size 0x0
      LayoutText {#text} at (0,240) size 396x19
        text run at (0,240) width 396: "ffffffffffffffffffffffffffffffffffffffffffffffffffffffffffffffffffffffffffffffffffff"
      LayoutBR {BR} at (396,255) size 0x0
      LayoutText {#text} at (0,260) size 396x19
        text run at (0,260) width 396: "ffffffffffffffffffffffffffffffffffffffffffffffffffffffffffffffffffffffffffffffffffff"
      LayoutBR {BR} at (396,275) size 0x0
      LayoutText {#text} at (0,280) size 396x19
        text run at (0,280) width 396: "ffffffffffffffffffffffffffffffffffffffffffffffffffffffffffffffffffffffffffffffffffff"
      LayoutBR {BR} at (396,295) size 0x0
      LayoutText {#text} at (0,300) size 396x19
        text run at (0,300) width 396: "ffffffffffffffffffffffffffffffffffffffffffffffffffffffffffffffffffffffffffffffffffff"
      LayoutBR {BR} at (396,315) size 0x0
      LayoutText {#text} at (0,320) size 396x19
        text run at (0,320) width 396: "ffffffffffffffffffffffffffffffffffffffffffffffffffffffffffffffffffffffffffffffffffff"
      LayoutBR {BR} at (396,335) size 0x0
      LayoutText {#text} at (0,340) size 396x19
        text run at (0,340) width 396: "ffffffffffffffffffffffffffffffffffffffffffffffffffffffffffffffffffffffffffffffffffff"
      LayoutBR {BR} at (396,355) size 0x0
      LayoutText {#text} at (0,360) size 396x19
        text run at (0,360) width 396: "ffffffffffffffffffffffffffffffffffffffffffffffffffffffffffffffffffffffffffffffffffff"
      LayoutBR {BR} at (396,375) size 0x0
      LayoutText {#text} at (0,380) size 396x19
        text run at (0,380) width 396: "ffffffffffffffffffffffffffffffffffffffffffffffffffffffffffffffffffffffffffffffffffff"
      LayoutBR {BR} at (396,395) size 0x0
      LayoutText {#text} at (0,400) size 396x19
        text run at (0,400) width 396: "ffffffffffffffffffffffffffffffffffffffffffffffffffffffffffffffffffffffffffffffffffff"
      LayoutBR {BR} at (396,415) size 0x0
      LayoutText {#text} at (0,420) size 396x19
        text run at (0,420) width 396: "ffffffffffffffffffffffffffffffffffffffffffffffffffffffffffffffffffffffffffffffffffff"
      LayoutBR {BR} at (396,435) size 0x0
      LayoutText {#text} at (0,440) size 396x19
        text run at (0,440) width 396: "ffffffffffffffffffffffffffffffffffffffffffffffffffffffffffffffffffffffffffffffffffff"
      LayoutBR {BR} at (396,455) size 0x0
      LayoutText {#text} at (0,460) size 396x19
        text run at (0,460) width 396: "ffffffffffffffffffffffffffffffffffffffffffffffffffffffffffffffffffffffffffffffffffff"
      LayoutBR {BR} at (396,475) size 0x0
      LayoutText {#text} at (0,480) size 396x19
        text run at (0,480) width 396: "ffffffffffffffffffffffffffffffffffffffffffffffffffffffffffffffffffffffffffffffffffff"
      LayoutBR {BR} at (396,495) size 0x0
      LayoutText {#text} at (0,500) size 396x19
        text run at (0,500) width 396: "ffffffffffffffffffffffffffffffffffffffffffffffffffffffffffffffffffffffffffffffffffff"
      LayoutBR {BR} at (396,515) size 0x0
      LayoutText {#text} at (0,520) size 396x19
        text run at (0,520) width 396: "ffffffffffffffffffffffffffffffffffffffffffffffffffffffffffffffffffffffffffffffffffff"
      LayoutBR {BR} at (396,535) size 0x0
      LayoutText {#text} at (0,540) size 396x19
        text run at (0,540) width 396: "ffffffffffffffffffffffffffffffffffffffffffffffffffffffffffffffffffffffffffffffffffff"
      LayoutBR {BR} at (396,555) size 0x0
      LayoutText {#text} at (0,560) size 396x19
        text run at (0,560) width 396: "ffffffffffffffffffffffffffffffffffffffffffffffffffffffffffffffffffffffffffffffffffff"
      LayoutBR {BR} at (396,575) size 0x0
      LayoutText {#text} at (0,580) size 396x19
        text run at (0,580) width 396: "ffffffffffffffffffffffffffffffffffffffffffffffffffffffffffffffffffffffffffffffffffff"
      LayoutBR {BR} at (396,595) size 0x0
      LayoutText {#text} at (0,600) size 396x19
        text run at (0,600) width 396: "ffffffffffffffffffffffffffffffffffffffffffffffffffffffffffffffffffffffffffffffffffff"
      LayoutBR {BR} at (396,615) size 0x0
      LayoutText {#text} at (0,620) size 396x19
        text run at (0,620) width 396: "ffffffffffffffffffffffffffffffffffffffffffffffffffffffffffffffffffffffffffffffffffff"
      LayoutBR {BR} at (396,635) size 0x0
      LayoutText {#text} at (0,640) size 396x19
        text run at (0,640) width 396: "ffffffffffffffffffffffffffffffffffffffffffffffffffffffffffffffffffffffffffffffffffff"
      LayoutBR {BR} at (396,655) size 0x0
      LayoutText {#text} at (0,660) size 396x19
        text run at (0,660) width 396: "ffffffffffffffffffffffffffffffffffffffffffffffffffffffffffffffffffffffffffffffffffff"
      LayoutBR {BR} at (396,675) size 0x0
      LayoutText {#text} at (0,680) size 396x19
        text run at (0,680) width 396: "ffffffffffffffffffffffffffffffffffffffffffffffffffffffffffffffffffffffffffffffffffff"
      LayoutBR {BR} at (396,695) size 0x0
      LayoutText {#text} at (0,700) size 396x19
        text run at (0,700) width 396: "ffffffffffffffffffffffffffffffffffffffffffffffffffffffffffffffffffffffffffffffffffff"
      LayoutBR {BR} at (396,715) size 0x0
      LayoutText {#text} at (0,720) size 396x19
        text run at (0,720) width 396: "ffffffffffffffffffffffffffffffffffffffffffffffffffffffffffffffffffffffffffffffffffff"
      LayoutBR {BR} at (396,735) size 0x0
      LayoutText {#text} at (0,740) size 396x19
        text run at (0,740) width 396: "ffffffffffffffffffffffffffffffffffffffffffffffffffffffffffffffffffffffffffffffffffff"
      LayoutBR {BR} at (396,755) size 0x0
      LayoutText {#text} at (0,760) size 396x19
        text run at (0,760) width 396: "ffffffffffffffffffffffffffffffffffffffffffffffffffffffffffffffffffffffffffffffffffff"
      LayoutBR {BR} at (396,775) size 0x0
      LayoutText {#text} at (0,780) size 396x19
        text run at (0,780) width 396: "ffffffffffffffffffffffffffffffffffffffffffffffffffffffffffffffffffffffffffffffffffff"
      LayoutBR {BR} at (396,795) size 0x0
      LayoutText {#text} at (0,800) size 396x19
        text run at (0,800) width 396: "ffffffffffffffffffffffffffffffffffffffffffffffffffffffffffffffffffffffffffffffffffff"
      LayoutBR {BR} at (396,815) size 0x0
      LayoutText {#text} at (0,820) size 396x19
        text run at (0,820) width 396: "ffffffffffffffffffffffffffffffffffffffffffffffffffffffffffffffffffffffffffffffffffff"
      LayoutBR {BR} at (396,835) size 0x0
      LayoutText {#text} at (0,840) size 396x19
        text run at (0,840) width 396: "ffffffffffffffffffffffffffffffffffffffffffffffffffffffffffffffffffffffffffffffffffff"
      LayoutBR {BR} at (396,855) size 0x0
      LayoutText {#text} at (0,860) size 396x19
        text run at (0,860) width 396: "ffffffffffffffffffffffffffffffffffffffffffffffffffffffffffffffffffffffffffffffffffff"
      LayoutBR {BR} at (396,875) size 0x0
      LayoutText {#text} at (0,880) size 396x19
        text run at (0,880) width 396: "ffffffffffffffffffffffffffffffffffffffffffffffffffffffffffffffffffffffffffffffffffff"
      LayoutBR {BR} at (396,895) size 0x0
      LayoutText {#text} at (0,900) size 396x19
        text run at (0,900) width 396: "ffffffffffffffffffffffffffffffffffffffffffffffffffffffffffffffffffffffffffffffffffff"
      LayoutBR {BR} at (396,915) size 0x0
      LayoutText {#text} at (0,920) size 396x19
        text run at (0,920) width 396: "ffffffffffffffffffffffffffffffffffffffffffffffffffffffffffffffffffffffffffffffffffff"
      LayoutBR {BR} at (396,935) size 0x0
      LayoutText {#text} at (0,940) size 396x19
        text run at (0,940) width 396: "ffffffffffffffffffffffffffffffffffffffffffffffffffffffffffffffffffffffffffffffffffff"
      LayoutBR {BR} at (396,955) size 0x0
      LayoutText {#text} at (0,960) size 396x19
        text run at (0,960) width 396: "ffffffffffffffffffffffffffffffffffffffffffffffffffffffffffffffffffffffffffffffffffff"
      LayoutBR {BR} at (396,975) size 0x0
      LayoutText {#text} at (0,980) size 396x19
        text run at (0,980) width 396: "ffffffffffffffffffffffffffffffffffffffffffffffffffffffffffffffffffffffffffffffffffff"
      LayoutBR {BR} at (396,995) size 0x0
      LayoutText {#text} at (0,1000) size 396x19
        text run at (0,1000) width 396: "ffffffffffffffffffffffffffffffffffffffffffffffffffffffffffffffffffffffffffffffffffff"
      LayoutBR {BR} at (396,1015) size 0x0
      LayoutText {#text} at (0,1020) size 396x19
        text run at (0,1020) width 396: "ffffffffffffffffffffffffffffffffffffffffffffffffffffffffffffffffffffffffffffffffffff"
      LayoutBR {BR} at (396,1035) size 0x0
      LayoutText {#text} at (0,1040) size 396x19
        text run at (0,1040) width 396: "ffffffffffffffffffffffffffffffffffffffffffffffffffffffffffffffffffffffffffffffffffff"
      LayoutBR {BR} at (396,1055) size 0x0
      LayoutText {#text} at (0,1060) size 396x19
        text run at (0,1060) width 396: "ffffffffffffffffffffffffffffffffffffffffffffffffffffffffffffffffffffffffffffffffffff"
      LayoutBR {BR} at (396,1075) size 0x0
      LayoutText {#text} at (0,1080) size 396x19
        text run at (0,1080) width 396: "ffffffffffffffffffffffffffffffffffffffffffffffffffffffffffffffffffffffffffffffffffff"
      LayoutBR {BR} at (396,1095) size 0x0
