layer at (0,0) size 800x600
  LayoutView at (0,0) size 800x600
layer at (0,0) size 800x8
  LayoutBlockFlow {HTML} at (0,0) size 800x8
    LayoutBlockFlow {BODY} at (8,8) size 784x0
layer at (8,8) size 300x300 scrollHeight 800
  LayoutBlockFlow (positioned) {DIV} at (8,8) size 300x300
    LayoutText {#text} at (0,0) size 299x799
      text run at (0,0) width 252: "Lorem ipsum dolor sit amet, consectetur"
      text run at (0,20) width 245: "adipisicing elit, sed do eiusmod tempor"
      text run at (0,40) width 293: "incididunt ut labore et dolore magna aliqua. Ut"
      text run at (0,60) width 229: "enim ad minim veniam, quis nostrud"
      text run at (0,80) width 299: "exercitation ullamco laboris nisi ut aliquip ex ea"
      text run at (0,100) width 284: "commodo consequat. Duis aute irure dolor in"
      text run at (0,120) width 265: "reprehenderit in voluptate velit esse cillum"
      text run at (0,140) width 284: "dolore eu fugiat nulla pariatur. Excepteur sint"
      text run at (0,160) width 287: "occaecat cupidatat non proident, sunt in culpa"
      text run at (0,180) width 293: "qui officia deserunt mollit anim id est laborum."
      text run at (0,200) width 252: "Lorem ipsum dolor sit amet, consectetur"
      text run at (0,220) width 245: "adipisicing elit, sed do eiusmod tempor"
      text run at (0,240) width 293: "incididunt ut labore et dolore magna aliqua. Ut"
      text run at (0,260) width 229: "enim ad minim veniam, quis nostrud"
      text run at (0,280) width 299: "exercitation ullamco laboris nisi ut aliquip ex ea"
      text run at (0,300) width 284: "commodo consequat. Duis aute irure dolor in"
      text run at (0,320) width 265: "reprehenderit in voluptate velit esse cillum"
      text run at (0,340) width 284: "dolore eu fugiat nulla pariatur. Excepteur sint"
      text run at (0,360) width 287: "occaecat cupidatat non proident, sunt in culpa"
      text run at (0,380) width 293: "qui officia deserunt mollit anim id est laborum."
      text run at (0,400) width 252: "Lorem ipsum dolor sit amet, consectetur"
      text run at (0,420) width 245: "adipisicing elit, sed do eiusmod tempor"
      text run at (0,440) width 293: "incididunt ut labore et dolore magna aliqua. Ut"
      text run at (0,460) width 229: "enim ad minim veniam, quis nostrud"
      text run at (0,480) width 299: "exercitation ullamco laboris nisi ut aliquip ex ea"
      text run at (0,500) width 284: "commodo consequat. Duis aute irure dolor in"
      text run at (0,520) width 265: "reprehenderit in voluptate velit esse cillum"
      text run at (0,540) width 284: "dolore eu fugiat nulla pariatur. Excepteur sint"
      text run at (0,560) width 287: "occaecat cupidatat non proident, sunt in culpa"
      text run at (0,580) width 233: "qui officia deserunt mollit anim id est"
      text run at (0,600) width 233: "laborum.Lorem ipsum dolor sit amet,"
      text run at (0,620) width 272: "consectetur adipisicing elit, sed do eiusmod"
      text run at (0,640) width 275: "tempor incididunt ut labore et dolore magna"
      text run at (0,660) width 295: "aliqua. Ut enim ad minim veniam, quis nostrud"
      text run at (0,680) width 299: "exercitation ullamco laboris nisi ut aliquip ex ea"
      text run at (0,700) width 284: "commodo consequat. Duis aute irure dolor in"
      text run at (0,720) width 265: "reprehenderit in voluptate velit esse cillum"
      text run at (0,740) width 284: "dolore eu fugiat nulla pariatur. Excepteur sint"
      text run at (0,760) width 287: "occaecat cupidatat non proident, sunt in culpa"
      text run at (0,780) width 293: "qui officia deserunt mollit anim id est laborum."
