layer at (0,0) size 800x600
  LayoutView at (0,0) size 800x600
layer at (0,0) size 800x600
  LayoutBlockFlow {HTML} at (0,0) size 800x600
    LayoutBlockFlow {BODY} at (8,8) size 784x582
      LayoutBlockFlow {P} at (0,0) size 784x20
        LayoutText {#text} at (0,0) size 52x19
          text run at (0,0) width 52: "Test for "
        LayoutInline {I} at (0,0) size 632x19
          LayoutInline {A} at (0,0) size 154x19 [color=#0000EE]
            LayoutText {#text} at (51,0) size 154x19
              text run at (51,0) width 154: "rdar://problem/6059648"
          LayoutText {#text} at (204,0) size 479x19
            text run at (204,0) width 5: " "
            text run at (208,0) width 475: "Some content not visible when the window is short at courtneyalbright.com"
        LayoutText {#text} at (682,0) size 5x19
          text run at (682,0) width 5: "."
      LayoutBlockFlow {P} at (0,36) size 784x20
        LayoutText {#text} at (0,0) size 639x19
          text run at (0,0) width 472: "Each black box below should have a scroll bar allowing the blue square to "
          text run at (472,0) width 167: "be scrolled fully into view."
layer at (18,80) size 102x102 clip at (19,81) size 100x85 scrollWidth 125
  LayoutBlockFlow {DIV} at (10,72) size 102x102 [border: (1px solid #000000)]
layer at (18,192) size 102x102 clip at (19,193) size 85x100 scrollHeight 125
  LayoutBlockFlow {DIV} at (10,184) size 102x102 [border: (1px solid #000000)]
layer at (18,304) size 102x102 clip at (19,305) size 100x85 scrollWidth 125
  LayoutBlockFlow {DIV} at (10,296) size 102x102 [border: (1px solid #000000)]
layer at (18,416) size 102x102 clip at (19,417) size 85x100 scrollHeight 125
  LayoutBlockFlow {DIV} at (10,408) size 102x102 [border: (1px solid #000000)]
layer at (69,81) size 25x25
  LayoutBlockFlow (relative positioned) {DIV} at (1,1) size 25x25 [bgcolor=#000000]
    LayoutBlockFlow (floating) {DIV} at (0,0) size 75x75 [bgcolor=#0000FF80]
layer at (19,243) size 25x25
  LayoutBlockFlow (relative positioned) {DIV} at (1,1) size 25x25 [bgcolor=#000000]
    LayoutBlockFlow (floating) {DIV} at (0,0) size 75x75 [bgcolor=#0000FF80]
layer at (69,305) size 25x25
  LayoutBlockFlow (relative positioned) {DIV} at (1,1) size 25x25 [bgcolor=#000000]
layer at (69,305) size 75x75 backgroundClip at (19,305) size 100x85 clip at (19,305) size 100x85
  LayoutBlockFlow (positioned) {DIV} at (0,0) size 75x75 [bgcolor=#0000FF80]
layer at (19,467) size 25x25
  LayoutBlockFlow (relative positioned) {DIV} at (1,1) size 25x25 [bgcolor=#000000]
layer at (19,467) size 75x75 backgroundClip at (19,417) size 85x100 clip at (19,417) size 85x100
  LayoutBlockFlow (positioned) {DIV} at (0,0) size 75x75 [bgcolor=#0000FF80]
