layer at (0,0) size 800x600
  LayoutView at (0,0) size 800x600
layer at (0,0) size 800x600
  LayoutBlockFlow {HTML} at (0,0) size 800x600
    LayoutBlockFlow {BODY} at (8,8) size 784x584
      LayoutText {#text} at (0,0) size 262x19
        text run at (0,0) width 262: "This tests the -webkit-line-clamp property"
      LayoutBR {BR} at (262,15) size 0x0
      LayoutBR {BR} at (0,20) size 0x19
      LayoutText {#text} at (102,107) size 4x19
        text run at (102,107) width 4: " "
      LayoutText {#text} at (208,107) size 4x19
        text run at (208,107) width 4: " "
      LayoutText {#text} at (314,107) size 4x19
        text run at (314,107) width 4: " "
      LayoutText {#text} at (420,107) size 4x19
        text run at (420,107) width 4: " "
      LayoutText {#text} at (526,107) size 4x19
        text run at (526,107) width 4: " "
      LayoutText {#text} at (632,107) size 4x19
        text run at (632,107) width 4: " "
      LayoutText {#text} at (0,0) size 0x0
      LayoutText {#text} at (102,254) size 4x19
        text run at (102,254) width 4: " "
      LayoutText {#text} at (208,254) size 4x19
        text run at (208,254) width 4: " "
      LayoutText {#text} at (0,0) size 0x0
layer at (8,49) size 102x81 clip at (9,50) size 100x79 scrollHeight 139
  LayoutDeprecatedFlexibleBox {DIV} at (0,41) size 102x81 [border: (1px solid #808080)]
    LayoutBlockFlow (anonymous) at (1,1) size 100x79
      LayoutText {#text} at (0,0) size 100x139
        text run at (0,0) width 100: "50% truncation."
        text run at (0,20) width 61: "This is an"
        text run at (0,40) width 70: "example of"
        text run at (0,60) width 48: "ellipsis-"
        text run at (0,80) width 80: "truncation of"
        text run at (0,100) width 60: "multi-line"
        text run at (0,120) width 27: "text."
      LayoutInline {A} at (0,0) size 34x19 [color=#0000EE]
        LayoutText {#text} at (27,120) size 34x19
          text run at (27,120) width 34: "More"
      LayoutText {#text} at (0,0) size 0x0
layer at (114,109) size 102x21 clip at (115,110) size 100x19 scrollHeight 119
  LayoutDeprecatedFlexibleBox {DIV} at (106,101) size 102x21 [border: (1px solid #808080)]
    LayoutBlockFlow (anonymous) at (1,1) size 100x19
      LayoutText {#text} at (0,0) size 97x119
        text run at (0,0) width 92: "0% truncation."
        text run at (0,20) width 84: "This does the"
        text run at (0,40) width 97: "most truncation"
        text run at (0,60) width 55: "possible,"
        text run at (0,80) width 91: "truncating to 1"
        text run at (0,100) width 27: "line."
      LayoutInline {A} at (0,0) size 34x19 [color=#0000EE]
        LayoutText {#text} at (27,100) size 34x19
          text run at (27,100) width 34: "More"
      LayoutText {#text} at (0,0) size 0x0
layer at (220,89) size 102x41 clip at (221,90) size 100x39 scrollHeight 119
  LayoutDeprecatedFlexibleBox {DIV} at (212,81) size 102x41 [border: (1px solid #808080)]
    LayoutBlockFlow (anonymous) at (1,1) size 100x39
      LayoutText {#text} at (0,0) size 91x119
        text run at (0,0) width 49: "2 lines. "
        text run at (49,0) width 42: "This is"
        text run at (0,20) width 89: "an example of"
        text run at (0,40) width 48: "ellipsis-"
        text run at (0,60) width 80: "truncation of"
        text run at (0,80) width 60: "multi-line"
        text run at (0,100) width 27: "text."
      LayoutInline {A} at (0,0) size 34x19 [color=#0000EE]
        LayoutText {#text} at (27,100) size 34x19
          text run at (27,100) width 34: "More"
      LayoutText {#text} at (0,0) size 0x0
layer at (326,69) size 102x61 clip at (327,70) size 100x59 scrollHeight 179
  LayoutDeprecatedFlexibleBox {DIV} at (318,61) size 102x61 [border: (1px solid #808080)]
    LayoutBlockFlow (anonymous) at (1,1) size 100x59
      LayoutText {#text} at (0,0) size 99x179
        text run at (0,0) width 71: "Backwards"
        text run at (0,20) width 69: "compatible"
        text run at (0,40) width 71: "truncation. "
        text run at (71,40) width 8: "3"
        text run at (0,60) width 72: "lines on the"
        text run at (0,80) width 99: "latest version of"
        text run at (0,100) width 57: "WebKit. "
        text run at (56,100) width 36: "1 line"
        text run at (0,120) width 52: "on older"
        text run at (0,140) width 69: "versions of"
        text run at (0,160) width 53: "WebKit."
      LayoutInline {A} at (0,0) size 35x19 [color=#0000EE]
        LayoutText {#text} at (52,160) size 35x19
          text run at (52,160) width 35: "More"
      LayoutText {#text} at (0,0) size 0x0
layer at (432,89) size 102x41 clip at (433,90) size 100x39 scrollHeight 139
  LayoutDeprecatedFlexibleBox {DIV} at (424,81) size 102x41 [border: (1px solid #808080)]
    LayoutBlockFlow (anonymous) at (1,1) size 100x39
      LayoutText {#text} at (0,0) size 100x139
        text run at (0,0) width 100: "30% truncation."
        text run at (0,20) width 86: "No link at the"
        text run at (0,40) width 31: "end. "
        text run at (31,40) width 61: "This is an"
        text run at (0,60) width 70: "example of"
        text run at (0,80) width 48: "ellipsis-"
        text run at (0,100) width 80: "truncation of"
        text run at (0,120) width 91: "multi-line text."
layer at (538,69) size 102x61 clip at (539,70) size 100x59 scrollHeight 119
  LayoutDeprecatedFlexibleBox {DIV} at (530,61) size 102x61 [border: (1px solid #808080)]
    LayoutBlockFlow (anonymous) at (1,1) size 100x59
      LayoutText {#text} at (0,0) size 97x119
        text run at (0,0) width 49: "3 lines. "
        text run at (49,0) width 48: "No link"
        text run at (0,20) width 69: "at the end. "
        text run at (69,20) width 28: "This"
        text run at (0,40) width 86: "is an example"
        text run at (0,60) width 65: "of ellipsis-"
        text run at (0,80) width 80: "truncation of"
        text run at (0,100) width 91: "multi-line text."
layer at (644,48) size 102x82 clip at (645,49) size 100x80
  LayoutDeprecatedFlexibleBox {DIV} at (636,40) size 102x82 [border: (1px solid #808080)]
    LayoutBlockFlow (anonymous) at (1,1) size 100x80
      LayoutText {#text} at (0,0) size 100x79
        text run at (0,0) width 49: "0 lines. "
        text run at (49,0) width 42: "This is"
        text run at (0,20) width 100: "an invalid value"
        text run at (0,40) width 75: "for -webkit-"
        text run at (0,60) width 70: "line-clamp."
layer at (8,195) size 102x82 clip at (9,196) size 100x80
  LayoutDeprecatedFlexibleBox {DIV} at (0,187) size 102x82 [border: (1px solid #808080)]
    LayoutBlockFlow (anonymous) at (1,1) size 100x80
      LayoutText {#text} at (0,0) size 100x79
        text run at (0,0) width 54: "-1 lines. "
        text run at (54,0) width 42: "This is"
        text run at (0,20) width 100: "an invalid value"
        text run at (0,40) width 75: "for -webkit-"
        text run at (0,60) width 70: "line-clamp."
layer at (114,195) size 102x82 clip at (115,196) size 100x80
  LayoutDeprecatedFlexibleBox {DIV} at (106,187) size 102x82 [border: (1px solid #808080)]
    LayoutBlockFlow (anonymous) at (1,1) size 100x80
      LayoutText {#text} at (0,0) size 95x79
        text run at (0,0) width 34: "-1%. "
        text run at (34,0) width 61: "This is an"
        text run at (0,20) width 81: "invalid value"
        text run at (0,40) width 75: "for -webkit-"
        text run at (0,60) width 70: "line-clamp."
layer at (220,135) size 102x142 clip at (221,136) size 100x140
  LayoutDeprecatedFlexibleBox {DIV} at (212,127) size 102x142 [border: (1px solid #808080)]
    LayoutBlockFlow (anonymous) at (1,1) size 100x140
      LayoutText {#text} at (0,0) size 99x139
        text run at (0,0) width 37: "150%"
        text run at (0,20) width 71: "truncation. "
        text run at (71,20) width 28: "This"
        text run at (0,40) width 84: "does the least"
        text run at (0,60) width 63: "truncation"
        text run at (0,80) width 55: "possible,"
        text run at (0,100) width 63: "truncating"
        text run at (0,120) width 52: "nothing."
