layer at (0,0) size 800x600
  LayoutView at (0,0) size 800x600
layer at (0,0) size 340x600
  LayoutBlockFlow {HTML} at (0,0) size 340x600
    LayoutBlockFlow {BODY} at (16,8) size 316x584
      LayoutBlockFlow {P} at (0,0) size 40x584
        LayoutText {#text} at (0,0) size 19x135
          text run at (0,0) width 135: "This is a test case for "
        LayoutInline {I} at (0,0) size 39x560
          LayoutText {#text} at (0,135) size 39x560
            text run at (0,135) width 425: "http://bugzilla.opendarwin.org/show_bug.cgi?id=5826 Blocks with"
            text run at (20,0) width 412: "direction:rtl and overflow:auto or scroll have incorrect scrollbars"
        LayoutText {#text} at (20,411) size 19x5
          text run at (20,411) width 4: "."
      LayoutBlockFlow (anonymous) at (56,0) size 20x584
        LayoutText {#text} at (0,0) size 19x457
          text run at (0,0) width 457: "The right column should be a mirror-image of the left column in terms of"
      LayoutBlockFlow {UL} at (92,0) size 60x584
        LayoutListItem {LI} at (0,40) size 20x544
          LayoutListMarker (anonymous) at (0,-18) size 19x7: bullet
          LayoutText {#text} at (0,0) size 19x164
            text run at (0,0) width 164: "the presence of a scrollbar"
        LayoutListItem {LI} at (20,40) size 20x544
          LayoutListMarker (anonymous) at (0,-18) size 19x7: bullet
          LayoutText {#text} at (0,0) size 19x234
            text run at (0,0) width 234: "the initial position of the scroll thumb"
        LayoutListItem {LI} at (40,40) size 20x544
          LayoutListMarker (anonymous) at (0,-18) size 19x7: bullet
          LayoutText {#text} at (0,0) size 19x331
            text run at (0,0) width 331: "which letters are visible initially and when you scroll"
      LayoutTable {TABLE} at (168,0) size 148x256
        LayoutTableSection {TBODY} at (0,0) size 148x256
          LayoutTableRow {TR} at (2,0) size 144x256
            LayoutTableCell {TD} at (2,2) size 144x125 [r=0 c=0 rs=1 cs=1]
            LayoutTableCell {TD} at (2,129) size 144x125 [r=0 c=1 rs=1 cs=1]
layer at (191,15) size 42x115 clip at (191,25) size 27x100 scrollHeight 188
  LayoutBlockFlow {DIV} at (5,5) size 42x115 [bgcolor=#FFFF00] [border: (10px solid #FF0000) none (5px solid #008000) none]
    LayoutText {#text} at (0,10) size 19x188
      text run at (0,10) width 188: "abcdefghijklmnopqrstuvwxyz"
layer at (237,15) size 42x115 clip at (237,25) size 42x100
  LayoutBlockFlow {DIV} at (51,5) size 42x115 [bgcolor=#FFFF00] [border: (10px solid #FF0000) none (5px solid #008000) none]
    LayoutBlockFlow {DIV} at (0,10) size 20x100 [bgcolor=#D3D3D3]
      LayoutText {#text} at (0,-88) size 19x188
        text run at (0,-88) width 188: "abcdefghijklmnopqrstuvwxyz"
layer at (283,15) size 42x115 clip at (283,25) size 27x100 scrollHeight 188
  LayoutBlockFlow {DIV} at (97,5) size 42x115 [bgcolor=#FFFF00] [border: (10px solid #FF0000) none (5px solid #008000) none]
    LayoutBlockFlow {DIV} at (0,10) size 20x100 [bgcolor=#D3D3D3]
      LayoutText {#text} at (0,0) size 19x188
        text run at (0,0) width 188: "abcdefghijklmnopqrstuvwxyz"
layer at (191,142) size 42x115 clip at (191,147) size 27x100 scrollY 88.00 scrollHeight 188
  LayoutBlockFlow {DIV} at (5,5) size 42x115 [bgcolor=#FFFF00] [border: (5px solid #008000) none (10px solid #FF0000) none]
    LayoutText {#text} at (0,-83) size 19x188
      text run at (0,-83) width 188: "zyxwvutsrqponmlkjihgfedcba"
layer at (237,142) size 42x115 clip at (237,147) size 42x100
  LayoutBlockFlow {DIV} at (51,5) size 42x115 [bgcolor=#FFFF00] [border: (5px solid #008000) none (10px solid #FF0000) none]
    LayoutBlockFlow {DIV} at (0,5) size 20x100 [bgcolor=#D3D3D3]
      LayoutText {#text} at (0,0) size 19x188
        text run at (0,0) width 188: "zyxwvutsrqponmlkjihgfedcba"
layer at (283,142) size 42x115 clip at (283,147) size 27x100 scrollY 88.00 scrollHeight 188
  LayoutBlockFlow {DIV} at (97,5) size 42x115 [bgcolor=#FFFF00] [border: (5px solid #008000) none (10px solid #FF0000) none]
    LayoutBlockFlow {DIV} at (0,5) size 20x100 [bgcolor=#D3D3D3]
      LayoutText {#text} at (0,-88) size 19x188
        text run at (0,-88) width 188: "zyxwvutsrqponmlkjihgfedcba"
