layer at (0,0) size 800x600
  LayoutView at (0,0) size 800x600
layer at (0,0) size 800x600
  LayoutBlockFlow {HTML} at (0,0) size 800x600
    LayoutBlockFlow {BODY} at (8,8) size 784x584
      LayoutBlockFlow {P} at (0,0) size 784x40
        LayoutText {#text} at (0,0) size 212x19
          text run at (0,0) width 212: "This tests for a regression against "
        LayoutInline {I} at (0,0) size 717x39
          LayoutInline {A} at (0,0) size 348x19 [color=#0000EE]
            LayoutText {#text} at (212,0) size 348x19
              text run at (212,0) width 348: "http://bugzilla.opendarwin.org/show_bug.cgi?id=6618"
          LayoutText {#text} at (559,0) size 717x39
            text run at (559,0) width 5: " "
            text run at (563,0) width 154: "Inline in RTL block with"
            text run at (0,20) width 343: "overflow:auto and left border makes scroll bar appear"
        LayoutText {#text} at (342,20) size 5x19
          text run at (342,20) width 5: "."
      LayoutBlockFlow {HR} at (0,56) size 784x2 [border: (1px inset #EEEEEE)]
layer at (8,74) size 784x20 clip at (18,74) size 774x20
  LayoutBlockFlow {DIV} at (0,66) size 784x20 [border: none (10px solid #0000FF)]
    LayoutText {#text} at (469,0) size 315x19
      text run at (469,0) width 117: "This block should "
      text run at (780,0) width 4 RTL: "."
    LayoutInline {EM} at (0,0) size 20x19
      LayoutText {#text} at (586,0) size 20x19
        text run at (586,0) width 20: "not"
    LayoutText {#text} at (606,0) size 174x19
      text run at (606,0) width 174: " have a horizontal scroll bar"
