layer at (0,0) size 800x600
  LayoutView at (0,0) size 800x600
layer at (0,0) size 800x600
  LayoutBlockFlow {HTML} at (0,0) size 800x600
    LayoutBlockFlow {BODY} at (0,0) size 800x584
      LayoutBlockFlow {HR} at (0,43) size 800x2 [border: (1px inset #EEEEEE)]
      LayoutBlockFlow {P} at (0,61) size 800x60
        LayoutText {#text} at (0,0) size 207x19
          text run at (0,0) width 207: "This tests for regressions against "
        LayoutInline {I} at (0,0) size 789x39
          LayoutText {#text} at (207,0) size 789x39
            text run at (207,0) width 448: "http://bugzilla.opendarwin.org/show_bug.cgi?id=5921 Hit-testing text "
            text run at (654,0) width 135: "in overflows does not"
            text run at (0,20) width 167: "take scrolling into account"
        LayoutText {#text} at (166,20) size 764x39
          text run at (166,20) width 83: " by scrolling "
          text run at (248,20) width 409: "the above text all the way to the right, clicking the last letter, and "
          text run at (656,20) width 108: "verifying that the"
          text run at (0,40) width 291: "correct caret position is reported to the editing "
          text run at (291,40) width 56: "delegate."
layer at (0,0) size 210x35 clip at (0,0) size 210x20 scrollX 33.00 scrollWidth 243
  LayoutBlockFlow {DIV} at (0,0) size 210x35
    LayoutText {#text} at (0,0) size 243x19
      text run at (0,0) width 243: "Seals and caribou live in the arctic, too"
caret: position 40 of child 0 {#text} of child 1 {DIV} of body
