layer at (0,0) size 800x600
  LayoutView at (0,0) size 800x600
layer at (0,0) size 800x600
  LayoutBlockFlow {HTML} at (0,0) size 800x600
    LayoutBlockFlow {BODY} at (8,8) size 784x584
      LayoutText {#text} at (0,0) size 678x19
        text run at (0,0) width 678: "Make sure that floating overflow:auto/hidden/scroll blocks stack properly with other floats at the same level."
      LayoutText {#text} at (0,0) size 0x0
      LayoutBlockFlow (floating) {DIV} at (250,20) size 300x300 [bgcolor=#FFFF00]
        LayoutText {#text} at (0,1) size 245x283
          text run at (0,1) width 203: "This block"
          text run at (0,58) width 245: "should be on"
          text run at (0,115) width 183: "top of the"
          text run at (0,172) width 173: "overflow"
          text run at (0,229) width 118: "block."
layer at (8,28) size 300x300 clip at (8,28) size 285x300 scrollHeight 940
  LayoutBlockFlow (floating) {DIV} at (0,20) size 300x300 [bgcolor=#00FF00]
    LayoutText {#text} at (0,0) size 76x19
      text run at (0,0) width 76: "Hello world"
    LayoutBR {BR} at (76,15) size 0x0
    LayoutText {#text} at (0,20) size 76x19
      text run at (0,20) width 76: "Hello world"
    LayoutBR {BR} at (76,35) size 0x0
    LayoutText {#text} at (0,40) size 76x19
      text run at (0,40) width 76: "Hello world"
    LayoutBR {BR} at (76,55) size 0x0
    LayoutText {#text} at (0,60) size 76x19
      text run at (0,60) width 76: "Hello world"
    LayoutBR {BR} at (76,75) size 0x0
    LayoutText {#text} at (0,80) size 76x19
      text run at (0,80) width 76: "Hello world"
    LayoutBR {BR} at (76,95) size 0x0
    LayoutText {#text} at (0,100) size 76x19
      text run at (0,100) width 76: "Hello world"
    LayoutBR {BR} at (76,115) size 0x0
    LayoutText {#text} at (0,120) size 76x19
      text run at (0,120) width 76: "Hello world"
    LayoutBR {BR} at (76,135) size 0x0
    LayoutText {#text} at (0,140) size 76x19
      text run at (0,140) width 76: "Hello world"
    LayoutBR {BR} at (76,155) size 0x0
    LayoutText {#text} at (0,160) size 76x19
      text run at (0,160) width 76: "Hello world"
    LayoutBR {BR} at (76,175) size 0x0
    LayoutText {#text} at (0,180) size 76x19
      text run at (0,180) width 76: "Hello world"
    LayoutBR {BR} at (76,195) size 0x0
    LayoutText {#text} at (0,200) size 76x19
      text run at (0,200) width 76: "Hello world"
    LayoutBR {BR} at (76,215) size 0x0
    LayoutText {#text} at (0,220) size 76x19
      text run at (0,220) width 76: "Hello world"
    LayoutBR {BR} at (76,235) size 0x0
    LayoutText {#text} at (0,240) size 76x19
      text run at (0,240) width 76: "Hello world"
    LayoutBR {BR} at (76,255) size 0x0
    LayoutText {#text} at (0,260) size 76x19
      text run at (0,260) width 76: "Hello world"
    LayoutBR {BR} at (76,275) size 0x0
    LayoutText {#text} at (0,280) size 76x19
      text run at (0,280) width 76: "Hello world"
    LayoutBR {BR} at (76,295) size 0x0
    LayoutText {#text} at (0,300) size 76x19
      text run at (0,300) width 76: "Hello world"
    LayoutBR {BR} at (76,315) size 0x0
    LayoutText {#text} at (0,320) size 76x19
      text run at (0,320) width 76: "Hello world"
    LayoutBR {BR} at (76,335) size 0x0
    LayoutText {#text} at (0,340) size 76x19
      text run at (0,340) width 76: "Hello world"
    LayoutBR {BR} at (76,355) size 0x0
    LayoutText {#text} at (0,360) size 76x19
      text run at (0,360) width 76: "Hello world"
    LayoutBR {BR} at (76,375) size 0x0
    LayoutText {#text} at (0,380) size 76x19
      text run at (0,380) width 76: "Hello world"
    LayoutBR {BR} at (76,395) size 0x0
    LayoutText {#text} at (0,400) size 76x19
      text run at (0,400) width 76: "Hello world"
    LayoutBR {BR} at (76,415) size 0x0
    LayoutText {#text} at (0,420) size 76x19
      text run at (0,420) width 76: "Hello world"
    LayoutBR {BR} at (76,435) size 0x0
    LayoutText {#text} at (0,440) size 76x19
      text run at (0,440) width 76: "Hello world"
    LayoutBR {BR} at (76,455) size 0x0
    LayoutText {#text} at (0,460) size 76x19
      text run at (0,460) width 76: "Hello world"
    LayoutBR {BR} at (76,475) size 0x0
    LayoutText {#text} at (0,480) size 76x19
      text run at (0,480) width 76: "Hello world"
    LayoutBR {BR} at (76,495) size 0x0
    LayoutText {#text} at (0,500) size 76x19
      text run at (0,500) width 76: "Hello world"
    LayoutBR {BR} at (76,515) size 0x0
    LayoutText {#text} at (0,520) size 76x19
      text run at (0,520) width 76: "Hello world"
    LayoutBR {BR} at (76,535) size 0x0
    LayoutText {#text} at (0,540) size 76x19
      text run at (0,540) width 76: "Hello world"
    LayoutBR {BR} at (76,555) size 0x0
    LayoutText {#text} at (0,560) size 76x19
      text run at (0,560) width 76: "Hello world"
    LayoutBR {BR} at (76,575) size 0x0
    LayoutText {#text} at (0,580) size 76x19
      text run at (0,580) width 76: "Hello world"
    LayoutBR {BR} at (76,595) size 0x0
    LayoutText {#text} at (0,600) size 76x19
      text run at (0,600) width 76: "Hello world"
    LayoutBR {BR} at (76,615) size 0x0
    LayoutText {#text} at (0,620) size 76x19
      text run at (0,620) width 76: "Hello world"
    LayoutBR {BR} at (76,635) size 0x0
    LayoutText {#text} at (0,640) size 76x19
      text run at (0,640) width 76: "Hello world"
    LayoutBR {BR} at (76,655) size 0x0
    LayoutText {#text} at (0,660) size 76x19
      text run at (0,660) width 76: "Hello world"
    LayoutBR {BR} at (76,675) size 0x0
    LayoutText {#text} at (0,680) size 76x19
      text run at (0,680) width 76: "Hello world"
    LayoutBR {BR} at (76,695) size 0x0
    LayoutText {#text} at (0,700) size 76x19
      text run at (0,700) width 76: "Hello world"
    LayoutBR {BR} at (76,715) size 0x0
    LayoutText {#text} at (0,720) size 76x19
      text run at (0,720) width 76: "Hello world"
    LayoutBR {BR} at (76,735) size 0x0
    LayoutText {#text} at (0,740) size 76x19
      text run at (0,740) width 76: "Hello world"
    LayoutBR {BR} at (76,755) size 0x0
    LayoutText {#text} at (0,760) size 76x19
      text run at (0,760) width 76: "Hello world"
    LayoutBR {BR} at (76,775) size 0x0
    LayoutText {#text} at (0,780) size 76x19
      text run at (0,780) width 76: "Hello world"
    LayoutBR {BR} at (76,795) size 0x0
    LayoutText {#text} at (0,800) size 76x19
      text run at (0,800) width 76: "Hello world"
    LayoutBR {BR} at (76,815) size 0x0
    LayoutText {#text} at (0,820) size 76x19
      text run at (0,820) width 76: "Hello world"
    LayoutBR {BR} at (76,835) size 0x0
    LayoutText {#text} at (0,840) size 76x19
      text run at (0,840) width 76: "Hello world"
    LayoutBR {BR} at (76,855) size 0x0
    LayoutText {#text} at (0,860) size 76x19
      text run at (0,860) width 76: "Hello world"
    LayoutBR {BR} at (76,875) size 0x0
    LayoutText {#text} at (0,880) size 76x19
      text run at (0,880) width 76: "Hello world"
    LayoutBR {BR} at (76,895) size 0x0
    LayoutText {#text} at (0,900) size 76x19
      text run at (0,900) width 76: "Hello world"
    LayoutBR {BR} at (76,915) size 0x0
    LayoutText {#text} at (0,920) size 76x19
      text run at (0,920) width 76: "Hello world"
    LayoutBR {BR} at (76,935) size 0x0
