layer at (0,0) size 800x600
  LayoutView at (0,0) size 800x600
layer at (0,0) size 800x578
  LayoutBlockFlow {HTML} at (0,0) size 800x578
    LayoutBlockFlow {BODY} at (8,16) size 784x554
      LayoutBlockFlow {P} at (0,0) size 784x18
        LayoutText {#text} at (0,0) size 514x18
          text run at (0,0) width 514: "-webkit-perspective should take units. All four should look qualitatively similar."
      LayoutBlockFlow (anonymous) at (0,34) size 784x520
        LayoutText {#text} at (242,158) size 4x18
          text run at (242,158) width 4: " "
        LayoutText {#text} at (488,158) size 4x18
          text run at (488,158) width 4: " "
        LayoutText {#text} at (734,158) size 4x18
          text run at (734,158) width 4: " "
        LayoutBR {BR} at (0,0) size 0x0
        LayoutText {#text} at (0,0) size 0x0
layer at (28,60) size 202x152
  LayoutBlockFlow {DIV} at (20,10) size 202x152 [border: (1px solid #000000)]
layer at (29,61) size 200x150
  LayoutBlockFlow {DIV} at (1,1) size 200x150 [bgcolor=#0000FF]
layer at (274,60) size 202x152
  LayoutBlockFlow {DIV} at (266,10) size 202x152 [border: (1px solid #000000)]
layer at (275,61) size 200x150
  LayoutBlockFlow {DIV} at (1,1) size 200x150 [bgcolor=#0000FF]
layer at (520,60) size 202x152
  LayoutBlockFlow {DIV} at (512,10) size 202x152 [border: (1px solid #000000)]
layer at (521,61) size 200x150
  LayoutBlockFlow {DIV} at (1,1) size 200x150 [bgcolor=#0000FF]
layer at (48,246) size 404x304
  LayoutBlockFlow {DIV} at (40,196) size 404x304 [border: (2px solid #000000)]
layer at (50,248) size 400x300
  LayoutBlockFlow {DIV} at (2,2) size 400x300 [bgcolor=#0000FF]
