main frame - didStartProvisionalLoadForFrame
main frame - didCommitLoadForFrame
frame "f1" - didReceiveTitle: 
frame "f1" - didStartProvisionalLoadForFrame
main frame - didReceiveTitle: 
main frame - didFinishDocumentLoadForFrame
frame "f1" - didCommitLoadForFrame
frame "f1" - didReceiveTitle: 
frame "f1" - didFinishDocumentLoadForFrame
frame "f1" - didHandleOnloadEventsForFrame
frame "f1" - didFinishLoadForFrame
main frame - didHandleOnloadEventsForFrame
main frame - didFinishLoadForFrame
layer at (0,0) size 800x600
  LayoutView at (0,0) size 800x600
layer at (0,0) size 800x600
  LayoutBlockFlow {HTML} at (0,0) size 800x600
    LayoutBlockFlow {BODY} at (8,8) size 784x584
      LayoutText {#text} at (0,0) size 482x19
        text run at (0,0) width 482: "This is a test of load callbacks. It is only useful inside the regression test tool."
      LayoutBR {BR} at (482,15) size 0x0
      LayoutText {#text} at (0,0) size 0x0
layer at (8,28) size 304x154
  LayoutIFrame {IFRAME} at (0,20) size 304x154 [border: (2px inset #EEEEEE)]
    layer at (0,0) size 300x150
      LayoutView at (0,0) size 300x150
    layer at (0,0) size 300x150
      LayoutBlockFlow {HTML} at (0,0) size 300x150
        LayoutBlockFlow {BODY} at (8,8) size 284x134
          LayoutInline {B} at (0,0) size 23x19
            LayoutText {#text} at (0,0) size 23x19
              text run at (0,0) width 23: "test"
