layer at (0,0) size 800x600
  LayoutView at (0,0) size 800x600
layer at (0,0) size 800x600
  LayoutBlockFlow {HTML} at (0,0) size 800x600
    LayoutBlockFlow {BODY} at (8,8) size 784x584 [bgcolor=#CCCCCC]
      LayoutBlockFlow {P} at (0,0) size 784x20
        LayoutText {#text} at (0,0) size 337x19
          text run at (0,0) width 337: "The style declarations which apply to the text below are:"
      LayoutBlockFlow {PRE} at (0,36) size 784x80
        LayoutText {#text} at (0,0) size 504x80
          text run at (0,0) width 224: ".zero { background: yellow }"
          text run at (224,0) width 0: " "
          text run at (0,16) width 504: ".one { margin-left: 25%; margin-right: 25%; background: white }"
          text run at (504,16) width 0: " "
          text run at (0,32) width 496: ".two { margin-left: 50%; margin-right: 0%; background: white }"
          text run at (496,32) width 0: " "
          text run at (0,48) width 208: ".three {margin-left: 25%;}"
          text run at (208,48) width 0: " "
          text run at (0,64) width 0: " "
      LayoutBlockFlow {DIV} at (0,147) size 784x116 [bgcolor=#FFFF00]
        LayoutBlockFlow {DIV} at (196,0) size 392x40 [bgcolor=#FFFFFF]
          LayoutBlockFlow {P} at (0,0) size 392x40
            LayoutText {#text} at (0,0) size 371x39
              text run at (0,0) width 371: "This paragraph should be centered within its yellow containing"
              text run at (0,20) width 345: "block and its width should be half of the containing block."
        LayoutBlockFlow {DIV} at (392,56) size 392x60 [bgcolor=#FFFFFF]
          LayoutBlockFlow {P} at (0,0) size 392x60
            LayoutText {#text} at (0,0) size 367x59
              text run at (0,0) width 329: "This paragraph should be right-aligned within its yellow"
              text run at (0,20) width 367: "containing block and its width should be half of the containing"
              text run at (0,40) width 38: "block."
      LayoutBlockFlow {P} at (196,279) size 588x40
        LayoutText {#text} at (0,0) size 561x39
          text run at (0,0) width 561: "This paragraph should have a left margin of 25% the width of its parent element, which should"
          text run at (0,20) width 297: "require some extra text in order to test effectively."
      LayoutTable {TABLE} at (0,335) size 784x210 [border: (1px outset #808080)]
        LayoutTableSection {TBODY} at (1,1) size 782x208
          LayoutTableRow {TR} at (0,0) size 782x28
            LayoutTableCell {TD} at (0,0) size 782x28 [bgcolor=#C0C0C0] [border: (1px inset #808080)] [r=0 c=0 rs=1 cs=2]
              LayoutInline {STRONG} at (0,0) size 157x19
                LayoutText {#text} at (4,4) size 157x19
                  text run at (4,4) width 157: "TABLE Testing Section"
          LayoutTableRow {TR} at (0,28) size 782x180
            LayoutTableCell {TD} at (0,104) size 12x28 [bgcolor=#C0C0C0] [border: (1px inset #808080)] [r=1 c=0 rs=1 cs=1]
              LayoutText {#text} at (4,4) size 4x19
                text run at (4,4) width 4: " "
            LayoutTableCell {TD} at (12,28) size 770x180 [border: (1px inset #808080)] [r=1 c=1 rs=1 cs=1]
              LayoutBlockFlow {DIV} at (4,4) size 762x116 [bgcolor=#FFFF00]
                LayoutBlockFlow {DIV} at (190.50,0) size 381x40 [bgcolor=#FFFFFF]
                  LayoutBlockFlow {P} at (0,0) size 381x40
                    LayoutText {#text} at (0,0) size 371x39
                      text run at (0,0) width 371: "This paragraph should be centered within its yellow containing"
                      text run at (0,20) width 345: "block and its width should be half of the containing block."
                LayoutBlockFlow {DIV} at (381,56) size 381x60 [bgcolor=#FFFFFF]
                  LayoutBlockFlow {P} at (0,0) size 381x60
                    LayoutText {#text} at (0,0) size 367x59
                      text run at (0,0) width 329: "This paragraph should be right-aligned within its yellow"
                      text run at (0,20) width 367: "containing block and its width should be half of the containing"
                      text run at (0,40) width 38: "block."
              LayoutBlockFlow {P} at (194.50,136) size 571.50x40
                LayoutText {#text} at (0,0) size 561x39
                  text run at (0,0) width 561: "This paragraph should have a left margin of 25% the width of its parent element, which should"
                  text run at (0,20) width 297: "require some extra text in order to test effectively."
layer at (8,137) size 784x2 clip at (0,0) size 0x0
  LayoutBlockFlow {HR} at (0,129) size 784x2 [border: (1px inset #EEEEEE)]
