layer at (0,0) size 800x600
  LayoutView at (0,0) size 800x600
layer at (0,0) size 800x461
  LayoutBlockFlow {HTML} at (0,0) size 800x461.02
    LayoutBlockFlow {BODY} at (11.52,11.52) size 776.97x437.98
      LayoutText {#text} at (0,0) size 0x0
layer at (12,12) size 576x432
  LayoutVideo {VIDEO} at (0,0) size 576x431.98
layer at (12,12) size 576x432
  LayoutFlexibleBox (relative positioned) {DIV} at (0,0) size 576x431.98
    LayoutBlockFlow {DIV} at (0,385.91) size 576x46.08
layer at (12,12) size 576x372 backgroundClip at (12,12) size 576x371 clip at (12,12) size 576x371
  LayoutFlexibleBox (relative positioned) {DIV} at (0,0) size 576x371.52
layer at (12,397) size 576x46 transparent scrollHeight 58
  LayoutFlexibleBox (relative positioned) {DIV} at (0,0) size 576x46.08 [bgcolor=#FAFAFA]
    LayoutButton {INPUT} at (0,0) size 46.08x46.08
    LayoutFlexibleBox {DIV} at (46.08,0) size 33.64x46.08 [color=#5A5A5A]
      LayoutBlockFlow (anonymous) at (0,0) size 33.64x46.08
        LayoutText {#text} at (0,13) size 34x20
          text run at (0,13) width 34: "0:01"
    LayoutFlexibleBox {DIV} at (79.72,0) size 49.94x46.08 [color=#5A5A5A]
      LayoutBlockFlow (anonymous) at (5.75,0) size 44.19x46.08
        LayoutText {#text} at (0,13) size 45x20
          text run at (0,13) width 45: "/ 0:06"
    LayoutSlider {INPUT} at (155.56,1.44) size 168.03x43.19
      LayoutFlexibleBox {DIV} at (0,20.16) size 168.03x2.88
    LayoutButton {INPUT} at (349.50,0) size 46.08x46.08
    LayoutSlider {INPUT} at (421.48,1.44) size 82.53x43.19
      LayoutFlexibleBox {DIV} at (0,20.16) size 82.53x2.88
layer at (541,397) size 46x46
  LayoutButton {INPUT} at (529.92,0) size 46.08x46.08
layer at (141,420) size 220x0
  LayoutBlockFlow (relative positioned) {DIV} at (-25.91,1.44) size 219.84x0
layer at (167,419) size 168x2
  LayoutBlockFlow (positioned) {DIV} at (25.91,-1.44) size 168.03x2.88 [bgcolor=#DADADA]
layer at (407,420) size 134x0
  LayoutBlockFlow (relative positioned) {DIV} at (-25.91,1.44) size 134.34x0
layer at (433,419) size 82x2
  LayoutBlockFlow (positioned) {DIV} at (25.91,-1.44) size 82.53x2.88 [bgcolor=#DADADA]
layer at (194,419) size 140x3
  LayoutBlockFlow (positioned) zI: 1 {DIV} at (27.36,0) size 139.67x2.88 [bgcolor=#5A5A5A]
layer at (167,419) size 27x3
  LayoutBlockFlow (positioned) zI: 1 {DIV} at (0,0) size 27.36x2.88 [bgcolor=#4285F4]
layer at (433,419) size 0x3
  LayoutBlockFlow (positioned) zI: 1 {DIV} at (0,0) size 0x2.88 [bgcolor=#5A5A5A]
layer at (433,419) size 82x3
  LayoutBlockFlow (positioned) zI: 1 {DIV} at (0,0) size 82.08x2.88 [bgcolor=#4285F4]
layer at (169,386) size 52x70 backgroundClip at (12,397) size 576x47 clip at (12,397) size 576x47
  LayoutBlockFlow (positioned) zI: 2 {DIV} at (27.88,-34.55) size 51.83x69.11
layer at (490,386) size 51x70 backgroundClip at (12,397) size 576x47 clip at (12,397) size 576x47
  LayoutBlockFlow (positioned) zI: 2 {DIV} at (82.52,-34.55) size 51.83x69.11
