layer at (0,0) size 800x600
  LayoutView at (0,0) size 800x600
layer at (0,0) size 800x222
  LayoutBlockFlow {HTML} at (0,0) size 800x222.41
    LayoutBlockFlow {BODY} at (5.55,5.55) size 788.91x211.31
      LayoutText {#text} at (0,0) size 0x0
layer at (6,6) size 278x208
  LayoutVideo {VIDEO} at (0,0) size 277.77x208.31
layer at (6,6) size 278x208
  LayoutFlexibleBox (relative positioned) {DIV} at (0,0) size 277.77x208.31
    LayoutBlockFlow {DIV} at (0,186.09) size 277.77x22.22
layer at (6,6) size 278x179 backgroundClip at (6,6) size 277x179 clip at (6,6) size 277x179
  LayoutFlexibleBox (relative positioned) {DIV} at (0,0) size 277.77x179.16
layer at (6,192) size 278x22 backgroundClip at (6,192) size 277x22 clip at (6,192) size 277x22 transparent scrollHeight 28
  LayoutFlexibleBox (relative positioned) {DIV} at (0,0) size 277.77x22.22 [bgcolor=#FAFAFA]
    LayoutButton {INPUT} at (0,0) size 22.22x22.22
    LayoutFlexibleBox {DIV} at (22.22,0) size 17.52x22.22 [color=#5A5A5A]
      LayoutBlockFlow (anonymous) at (0,0) size 17.52x22.22
        LayoutText {#text} at (0,5) size 18x11
          text run at (0,5) width 18: "0:01"
    LayoutFlexibleBox {DIV} at (39.73,0) size 25.78x22.22 [color=#5A5A5A]
      LayoutBlockFlow (anonymous) at (2.77,0) size 23.02x22.22
        LayoutText {#text} at (0,5) size 24x11
          text run at (0,5) width 24: "/ 0:06"
    LayoutSlider {INPUT} at (78.02,0.70) size 79.55x20.81
      LayoutFlexibleBox {DIV} at (0,9.72) size 79.55x1.38
    LayoutButton {INPUT} at (170.06,0) size 22.22x22.22
    LayoutSlider {INPUT} at (204.78,0.70) size 38.27x20.81
      LayoutFlexibleBox {DIV} at (0,9.72) size 38.27x1.38
layer at (261,192) size 22x22
  LayoutButton {INPUT} at (255.55,0) size 22.22x22.22
layer at (71,203) size 104x0
  LayoutBlockFlow (relative positioned) {DIV} at (-12.50,0.69) size 104.55x0
layer at (84,202) size 79x2 backgroundClip at (84,202) size 79x1 clip at (84,202) size 79x1
  LayoutBlockFlow (positioned) {DIV} at (12.50,-0.69) size 79.55x1.38 [bgcolor=#DADADA]
layer at (198,203) size 63x0
  LayoutBlockFlow (relative positioned) {DIV} at (-12.50,0.69) size 63.27x0
layer at (210,202) size 38x2 backgroundClip at (210,202) size 39x1 clip at (210,202) size 39x1
  LayoutBlockFlow (positioned) {DIV} at (12.50,-0.69) size 38.27x1.38 [bgcolor=#DADADA]
layer at (97,202) size 67x1 backgroundClip at (84,202) size 79x1 clip at (84,202) size 79x1
  LayoutBlockFlow (positioned) zI: 1 {DIV} at (13.19,0) size 66.66x1.38 [bgcolor=#5A5A5A]
layer at (84,202) size 13x1
  LayoutBlockFlow (positioned) zI: 1 {DIV} at (0,0) size 13.19x1.38 [bgcolor=#4285F4]
layer at (210,202) size 0x1
  LayoutBlockFlow (positioned) zI: 1 {DIV} at (0,0) size 0x1.38 [bgcolor=#5A5A5A]
layer at (210,202) size 38x1
  LayoutBlockFlow (positioned) zI: 1 {DIV} at (0,0) size 37.50x1.38 [bgcolor=#4285F4]
layer at (84,186) size 25x34 backgroundClip at (6,192) size 277x22 clip at (6,192) size 277x22
  LayoutBlockFlow (positioned) zI: 2 {DIV} at (13.19,-16.66) size 25x33.33
layer at (236,186) size 25x34 backgroundClip at (6,192) size 277x22 clip at (6,192) size 277x22
  LayoutBlockFlow (positioned) zI: 2 {DIV} at (38.27,-16.66) size 25x33.33
