layer at (0,0) size 800x600 clip at (0,0) size 785x600 scrollHeight 778
  LayoutView at (0,0) size 800x600
layer at (0,0) size 785x546
  LayoutBlockFlow {HTML} at (0,0) size 785x546
    LayoutBlockFlow {BODY} at (8,16) size 769x522
      LayoutBlockFlow {P} at (0,0) size 769x18
        LayoutText {#text} at (0,0) size 258x18
          text run at (0,0) width 258: "Test controls rendering with cast button."
      LayoutBlockFlow {DIV} at (0,34) size 769x244
        LayoutText {#text} at (0,0) size 0x0
      LayoutBlockFlow {DIV} at (0,278) size 769x244
        LayoutText {#text} at (0,0) size 0x0
      LayoutBlockFlow {DIV} at (0,522) size 769x0
layer at (8,50) size 320x240
  LayoutVideo {VIDEO} at (0,0) size 320x240
layer at (8,294) size 320x240
  LayoutVideo {VIDEO} at (0,0) size 320x240
layer at (8,50) size 320x240
  LayoutFlexibleBox (relative positioned) {DIV} at (0,0) size 320x240
    LayoutBlockFlow {DIV} at (0,208) size 320x32
layer at (8,50) size 320x198
  LayoutFlexibleBox (relative positioned) {DIV} at (0,0) size 320x198
layer at (8,258) size 320x32 scrollHeight 40
  LayoutFlexibleBox (relative positioned) {DIV} at (0,0) size 320x32 [bgcolor=#FAFAFA]
    LayoutButton {INPUT} at (0,0) size 32x32
    LayoutFlexibleBox {DIV} at (32,0) size 23.36x32 [color=#5A5A5A]
      LayoutBlockFlow (anonymous) at (0,0) size 23.36x32
        LayoutText {#text} at (0,9) size 24x14
          text run at (0,9) width 24: "0:00"
    LayoutSlider {INPUT} at (73.36,1) size 71.64x30
      LayoutFlexibleBox {DIV} at (0,14) size 71.64x2
    LayoutButton {INPUT} at (163,0) size 32x32
    LayoutSlider {INPUT} at (213,1) size 25x30
      LayoutFlexibleBox {DIV} at (0,14) size 25x2
    LayoutButton {INPUT} at (288,0) size 32x32
layer at (264,258) size 32x32
  LayoutButton {INPUT} at (256,0) size 32x32
layer at (63,274) size 108x0
  LayoutBlockFlow (relative positioned) {DIV} at (-18,1) size 107.64x0
layer at (81,273) size 72x2
  LayoutBlockFlow (positioned) {DIV} at (18,-1) size 71.64x2 [bgcolor=#DADADA]
layer at (203,274) size 61x0
  LayoutBlockFlow (relative positioned) {DIV} at (-18,1) size 61x0
layer at (221,273) size 25x2
  LayoutBlockFlow (positioned) {DIV} at (18,-1) size 25x2 [bgcolor=#DADADA]
layer at (81,273) size 72x2
  LayoutBlockFlow (positioned) zI: 1 {DIV} at (0,0) size 72x2 [bgcolor=#5A5A5A]
layer at (81,273) size 0x2
  LayoutBlockFlow (positioned) zI: 1 {DIV} at (0,0) size 0x2 [bgcolor=#4285F4]
layer at (221,273) size 0x2
  LayoutBlockFlow (positioned) zI: 1 {DIV} at (0,0) size 0x2 [bgcolor=#5A5A5A]
layer at (221,273) size 25x2
  LayoutBlockFlow (positioned) zI: 1 {DIV} at (0,0) size 25x2 [bgcolor=#4285F4]
layer at (63,250) size 36x48 backgroundClip at (8,258) size 320x32 clip at (8,258) size 320x32
  LayoutBlockFlow (positioned) zI: 2 {DIV} at (0,-24) size 36x48
layer at (228,250) size 36x48 backgroundClip at (8,258) size 320x32 clip at (8,258) size 320x32
  LayoutBlockFlow (positioned) zI: 2 {DIV} at (25,-24) size 36x48
layer at (8,294) size 320x240
  LayoutFlexibleBox (relative positioned) {DIV} at (0,0) size 320x240
    LayoutBlockFlow {DIV} at (0,208) size 320x32
layer at (8,294) size 320x198
  LayoutFlexibleBox (relative positioned) {DIV} at (0,0) size 320x198
layer at (8,502) size 320x32 scrollHeight 40
  LayoutFlexibleBox (relative positioned) {DIV} at (0,0) size 320x32 [bgcolor=#FAFAFA]
    LayoutButton {INPUT} at (0,0) size 32x32
    LayoutFlexibleBox {DIV} at (32,0) size 23.36x32 [color=#5A5A5A]
      LayoutBlockFlow (anonymous) at (0,0) size 23.36x32
        LayoutText {#text} at (0,9) size 24x14
          text run at (0,9) width 24: "0:00"
    LayoutSlider {INPUT} at (73.36,1) size 71.64x30
      LayoutFlexibleBox {DIV} at (0,14) size 71.64x2
    LayoutButton {INPUT} at (163,0) size 32x32
    LayoutSlider {INPUT} at (213,1) size 25x30
      LayoutFlexibleBox {DIV} at (0,14) size 25x2
    LayoutButton {INPUT} at (288,0) size 32x32
layer at (264,502) size 32x32
  LayoutButton {INPUT} at (256,0) size 32x32
layer at (63,518) size 108x0
  LayoutBlockFlow (relative positioned) {DIV} at (-18,1) size 107.64x0
layer at (81,517) size 72x2
  LayoutBlockFlow (positioned) {DIV} at (18,-1) size 71.64x2 [bgcolor=#DADADA]
layer at (203,518) size 61x0
  LayoutBlockFlow (relative positioned) {DIV} at (-18,1) size 61x0
layer at (221,517) size 25x2
  LayoutBlockFlow (positioned) {DIV} at (18,-1) size 25x2 [bgcolor=#DADADA]
layer at (81,517) size 72x2
  LayoutBlockFlow (positioned) zI: 1 {DIV} at (0,0) size 72x2 [bgcolor=#5A5A5A]
layer at (81,517) size 0x2
  LayoutBlockFlow (positioned) zI: 1 {DIV} at (0,0) size 0x2 [bgcolor=#4285F4]
layer at (221,517) size 0x2
  LayoutBlockFlow (positioned) zI: 1 {DIV} at (0,0) size 0x2 [bgcolor=#5A5A5A]
layer at (221,517) size 25x2
  LayoutBlockFlow (positioned) zI: 1 {DIV} at (0,0) size 25x2 [bgcolor=#4285F4]
layer at (63,494) size 36x48 backgroundClip at (8,502) size 320x32 clip at (8,502) size 320x32
  LayoutBlockFlow (positioned) zI: 2 {DIV} at (0,-24) size 36x48
layer at (228,494) size 36x48 backgroundClip at (8,502) size 320x32 clip at (8,502) size 320x32
  LayoutBlockFlow (positioned) zI: 2 {DIV} at (25,-24) size 36x48
layer at (8,538) size 320x240 backgroundClip at (0,0) size 785x600 clip at (0,0) size 785x600
  LayoutVideo (positioned) {VIDEO} at (8,538) size 320x240
layer at (8,538) size 320x240 backgroundClip at (0,0) size 785x600 clip at (0,0) size 785x600
  LayoutFlexibleBox (relative positioned) {DIV} at (0,0) size 320x240
    LayoutBlockFlow {DIV} at (0,208) size 320x32
layer at (8,538) size 320x198 backgroundClip at (8,538) size 320x62 clip at (8,538) size 320x62
  LayoutFlexibleBox (relative positioned) {DIV} at (0,0) size 320x198
layer at (8,746) size 320x32 backgroundClip at (0,0) size 0x0 clip at (0,0) size 0x0 scrollHeight 40
  LayoutFlexibleBox (relative positioned) {DIV} at (0,0) size 320x32 [bgcolor=#FAFAFA]
    LayoutButton {INPUT} at (0,0) size 32x32
    LayoutFlexibleBox {DIV} at (32,0) size 23.36x32 [color=#5A5A5A]
      LayoutBlockFlow (anonymous) at (0,0) size 23.36x32
        LayoutText {#text} at (0,9) size 24x14
          text run at (0,9) width 24: "0:00"
    LayoutSlider {INPUT} at (73.36,1) size 71.64x30
      LayoutFlexibleBox {DIV} at (0,14) size 71.64x2
    LayoutButton {INPUT} at (163,0) size 32x32
    LayoutSlider {INPUT} at (213,1) size 25x30
      LayoutFlexibleBox {DIV} at (0,14) size 25x2
    LayoutButton {INPUT} at (288,0) size 32x32
layer at (264,746) size 32x32 backgroundClip at (0,0) size 0x0 clip at (0,0) size 0x0
  LayoutButton {INPUT} at (256,0) size 32x32
layer at (63,762) size 108x0
  LayoutBlockFlow (relative positioned) {DIV} at (-18,1) size 107.64x0
layer at (81,761) size 72x2 backgroundClip at (0,0) size 0x0 clip at (0,0) size 0x0
  LayoutBlockFlow (positioned) {DIV} at (18,-1) size 71.64x2 [bgcolor=#DADADA]
layer at (203,762) size 61x0
  LayoutBlockFlow (relative positioned) {DIV} at (-18,1) size 61x0
layer at (221,761) size 25x2 backgroundClip at (0,0) size 0x0 clip at (0,0) size 0x0
  LayoutBlockFlow (positioned) {DIV} at (18,-1) size 25x2 [bgcolor=#DADADA]
layer at (81,761) size 72x2 backgroundClip at (0,0) size 0x0 clip at (0,0) size 0x0
  LayoutBlockFlow (positioned) zI: 1 {DIV} at (0,0) size 72x2 [bgcolor=#5A5A5A]
layer at (81,761) size 0x2
  LayoutBlockFlow (positioned) zI: 1 {DIV} at (0,0) size 0x2 [bgcolor=#4285F4]
layer at (221,761) size 0x2
  LayoutBlockFlow (positioned) zI: 1 {DIV} at (0,0) size 0x2 [bgcolor=#5A5A5A]
layer at (221,761) size 25x2 backgroundClip at (0,0) size 0x0 clip at (0,0) size 0x0
  LayoutBlockFlow (positioned) zI: 1 {DIV} at (0,0) size 25x2 [bgcolor=#4285F4]
layer at (63,738) size 36x48 backgroundClip at (0,0) size 0x0 clip at (0,0) size 0x0
  LayoutBlockFlow (positioned) zI: 2 {DIV} at (0,-24) size 36x48
layer at (228,738) size 36x48 backgroundClip at (0,0) size 0x0 clip at (0,0) size 0x0
  LayoutBlockFlow (positioned) zI: 2 {DIV} at (25,-24) size 36x48
