layer at (0,0) size 800x600
  LayoutView at (0,0) size 800x600
layer at (0,0) size 800x50
  LayoutBlockFlow {HTML} at (0,0) size 800x50
layer at (8,16) size 784x18
  LayoutBlockFlow {BODY} at (8,16) size 784x18
    LayoutBlockFlow {P} at (0,0) size 784x18
      LayoutText {#text} at (0,0) size 360x18
        text run at (0,0) width 360: "In a pixel test, you should see a plain white background."
