layer at (0,0) size 800x600
  LayoutView at (0,0) size 800x600
layer at (0,0) size 800x360
  LayoutBlockFlow {HTML} at (0,0) size 800x360
    LayoutBlockFlow {BODY} at (8,16) size 784x336
      LayoutBlockFlow {P} at (0,0) size 784x18
        LayoutText {#text} at (0,0) size 434x18
          text run at (0,0) width 434: "Test for repaint in a composited layer. You should see no red below."
layer at (8,50) size 202x302
  LayoutBlockFlow {DIV} at (0,34) size 202x302 [border: (1px solid #000000)]
    LayoutBlockFlow {DIV} at (51,51) size 100x100 [bgcolor=#008000]
