layer at (0,0) size 800x600
  LayoutView at (0,0) size 800x600
layer at (0,0) size 800x600
  LayoutNGBlockFlow {HTML} at (0,0) size 800x600
    LayoutNGBlockFlow {BODY} at (8,8) size 784x576
      LayoutNGBlockFlow {P} at (0,0) size 784x40
        LayoutText {#text} at (0,0) size 51x19
          text run at (0,0) width 51: "Test for "
        LayoutInline {I} at (0,0) size 769x39
          LayoutInline {A} at (0,0) size 307x19 [color=#0000EE]
            LayoutText {#text} at (51,0) size 307x19
              text run at (51,0) width 307: "https://bugs.webkit.org/show_bug.cgi?id=23848"
          LayoutText {#text} at (358,0) size 769x39
            text run at (358,0) width 411: " REGRESSION: Crash when mouse cursor moves over a link on"
            text run at (0,20) width 120: "www.opportuno.de"
        LayoutText {#text} at (120,20) size 4x19
          text run at (120,20) width 4: "."
      LayoutNGBlockFlow {P} at (0,56) size 784x20
        LayoutText {#text} at (0,0) size 736x19
          text run at (0,0) width 736: "This tests that changing the z-index of an inline correctly invalidates its layer\x{2019}s and its stacking context\x{2019}s z-index lists."
      LayoutNGBlockFlow (anonymous) at (0,92) size 784x0
        LayoutText {#text} at (0,0) size 0x0
layer at (8,100) size 0x0
  LayoutInline (relative positioned) {SPAN} at (0,0) size 0x0
    LayoutText {#text} at (0,0) size 0x0
