layer at (0,0) size 800x600
  LayoutView at (0,0) size 800x600
layer at (0,0) size 800x88
  LayoutNGBlockFlow {HTML} at (0,0) size 800x88
    LayoutNGBlockFlow {BODY} at (8,16) size 784x56
      LayoutNGBlockFlow {P} at (0,0) size 784x20
        LayoutInline {A} at (0,0) size 305x19 [color=#0000EE]
          LayoutText {#text} at (0,0) size 305x19
            text run at (0,0) width 305: "https://bugs.webkit.org/show_bug.cgi?id=22026"
      LayoutNGBlockFlow {P} at (0,36) size 784x20
        LayoutText {#text} at (0,0) size 650x19
          text run at (0,0) width 650: "Test that elements with transform and opacity on a parent are not clipped. You should see no red below."
layer at (150,200) size 100x100
  LayoutNGBlockFlow (positioned) {DIV} at (150,200) size 100x100 [bgcolor=#FF0000]
layer at (100,150) size 100x100 transparent
  LayoutNGBlockFlow (positioned) {DIV} at (100,150) size 100x100
layer at (100,150) size 10x10
  LayoutNGBlockFlow {DIV} at (0,0) size 10x10
layer at (150,200) size 100x100
  LayoutNGBlockFlow (positioned) {DIV} at (0,0) size 100x100 [bgcolor=#008000]
