layer at (0,0) size 800x600
  LayoutView at (0,0) size 800x600
layer at (0,0) size 800x600
  LayoutNGBlockFlow {HTML} at (0,0) size 800x600
    LayoutNGBlockFlow {BODY} at (8,8) size 784x584
      LayoutNGBlockFlow (anonymous) at (0,0) size 784x20
        LayoutText {#text} at (0,0) size 146x19
          text run at (0,0) width 146: "Scrollbars should work"
layer at (8,28) size 100x100 clip at (8,28) size 85x85 scrollWidth 238 scrollHeight 200
  LayoutNGBlockFlow (relative positioned) {DIV} at (0,20) size 100x100
    LayoutText {#text} at (0,0) size 238x19
      text run at (0,0) width 238: "aaaaaaaaaaaaaaaaaaaaaaaaaaaaaaaaaa"
    LayoutBR {BR} at (238,0) size 0x0
    LayoutText {#text} at (0,20) size 7x19
      text run at (0,20) width 7: "a"
    LayoutBR {BR} at (7,20) size 0x0
    LayoutText {#text} at (0,40) size 7x19
      text run at (0,40) width 7: "a"
    LayoutBR {BR} at (7,40) size 0x0
    LayoutText {#text} at (0,60) size 7x19
      text run at (0,60) width 7: "a"
    LayoutBR {BR} at (7,60) size 0x0
    LayoutText {#text} at (0,80) size 7x19
      text run at (0,80) width 7: "a"
    LayoutBR {BR} at (7,80) size 0x0
    LayoutText {#text} at (0,100) size 7x19
      text run at (0,100) width 7: "a"
    LayoutBR {BR} at (7,100) size 0x0
    LayoutText {#text} at (0,120) size 7x19
      text run at (0,120) width 7: "a"
    LayoutBR {BR} at (7,120) size 0x0
    LayoutText {#text} at (0,140) size 7x19
      text run at (0,140) width 7: "a"
    LayoutBR {BR} at (7,140) size 0x0
    LayoutText {#text} at (0,160) size 7x19
      text run at (0,160) width 7: "a"
    LayoutBR {BR} at (7,160) size 0x0
    LayoutText {#text} at (0,180) size 7x19
      text run at (0,180) width 7: "a"
    LayoutBR {BR} at (7,180) size 0x0
