layer at (0,0) size 800x600
  LayoutView at (0,0) size 800x600
layer at (0,0) size 800x155
  LayoutNGBlockFlow {HTML} at (0,0) size 800x155
    LayoutNGBlockFlow {BODY} at (8,16) size 784x131
      LayoutNGBlockFlow {P} at (0,0) size 784x16
        LayoutText {#text} at (0,0) size 496x16
          text run at (0,0) width 496: "There should be an image below:"
      LayoutNGBlockFlow (anonymous) at (0,32) size 784x99
        LayoutInline {A} at (0,0) size 96x99
        LayoutText {#text} at (0,0) size 0x0
layer at (8,48) size 96x96
  LayoutImage {IMG} at (0,0) size 96x96
