layer at (0,0) size 800x600
  LayoutView at (0,0) size 800x600
layer at (0,0) size 800x600
  LayoutNGBlockFlow {HTML} at (0,0) size 800x600
    LayoutNGBlockFlow {BODY} at (0,100) size 800x500
      LayoutNGBlockFlow {DIV} at (100,0) size 600x100
      LayoutNGBlockFlow (anonymous) at (0,200) size 800x40
        LayoutText {#text} at (0,0) size 778x39
          text run at (0,0) width 778: "You should see a 100x100 green rect at 100x100 above with the word PASS. There should be no red on this page. This is a"
          text run at (0,20) width 383: "test case for https://bugs.webkit.org/show_bug.cgi?id=25252"
layer at (100,100) size 100x100
  LayoutNGBlockFlow (positioned) {DIV} at (100,100) size 100x100 [bgcolor=#FF0000]
    LayoutText {#text} at (0,0) size 34x19
      text run at (0,0) width 34: "FAIL"
layer at (100,100) size 100x100
  LayoutNGBlockFlow (relative positioned) {DIV} at (0,0) size 100x100 [bgcolor=#008000]
    LayoutText {#text} at (0,0) size 37x19
      text run at (0,0) width 37: "PASS"
