layer at (0,0) size 800x600 clip at (0,0) size 785x600 scrollHeight 686
  LayoutView at (0,0) size 800x600
layer at (0,0) size 785x686 backgroundClip at (0,0) size 785x600 clip at (0,0) size 785x600
  LayoutBlockFlow {HTML} at (0,0) size 785x686
    LayoutBlockFlow {BODY} at (8,16) size 769x660
      LayoutBlockFlow {P} at (0,0) size 769x18
        LayoutText {#text} at (0,0) size 395x18
          text run at (0,0) width 395: "Test passes if the content of the three black boxes is identical."
      LayoutBlockFlow {DIV} at (10,34) size 298x202 [border: (5px solid #000000)]
      LayoutBlockFlow {DIV} at (10,246) size 298x202 [border: (5px solid #000000)]
      LayoutBlockFlow {DIV} at (10,458) size 298x202 [border: (5px solid #000000)]
