layer at (0,0) size 800x600
  LayoutView at (0,0) size 800x600
layer at (0,0) size 800x348
  LayoutBlockFlow {HTML} at (0,0) size 800x348
    LayoutBlockFlow {BODY} at (8,16) size 784x324
      LayoutBlockFlow {P} at (0,0) size 784x18
        LayoutText {#text} at (0,0) size 529x18
          text run at (0,0) width 529: "Test passes if green is visible on the page and there is no red is visible on the page."
      LayoutBlockFlow {DIV} at (0,34) size 290x290 [bgcolor=#FF0000]
        LayoutBlockFlow {DIV} at (0,0) size 290x290 [bgcolor=#000000] [border: (10px dashed #800080)]
