layer at (0,0) size 800x600
  LayoutView at (0,0) size 800x600
layer at (0,0) size 800x454
  LayoutBlockFlow {HTML} at (0,0) size 800x454.39
    LayoutBlockFlow {BODY} at (8,16) size 784x430.39
      LayoutBlockFlow {P} at (0,0) size 784x36
        LayoutText {#text} at (0,0) size 753x36
          text run at (0,0) width 753: "Test passes if there are four unclipped cats below, if the cats are equally spaced from each other, and if the cats do not"
          text run at (0,18) width 225: "touch or overlap the double border."
      LayoutBlockFlow {DIV} at (0,52) size 378.39x378.39 [border: (25px double #000000)]
