layer at (0,0) size 800x600 clip at (0,0) size 785x600 scrollHeight 734
  LayoutView at (0,0) size 800x600
layer at (0,0) size 785x734 backgroundClip at (0,0) size 785x600 clip at (0,0) size 785x600
  LayoutBlockFlow {HTML} at (0,0) size 785x734
    LayoutBlockFlow {BODY} at (8,16) size 769x710
      LayoutBlockFlow {P} at (0,0) size 769x18
        LayoutText {#text} at (0,0) size 744x18
          text run at (0,0) width 744: "Test passes if there are four unclipped cats in each of the two boxes, and if all the cats on the page are the same size."
      LayoutBlockFlow {DIV} at (0,34) size 96x96
      LayoutBlockFlow {DIV} at (0,130) size 410x160 [border: (5px solid #000000)]
      LayoutBlockFlow {DIV} at (0,300) size 160x410 [border: (5px solid #000000)]
