layer at (0,0) size 800x600
  LayoutView at (0,0) size 800x600
layer at (0,0) size 800x437
  LayoutBlockFlow {HTML} at (0,0) size 800x436.78
    LayoutBlockFlow {BODY} at (8,16) size 784x412.78
      LayoutBlockFlow {P} at (0,0) size 784x18
        LayoutText {#text} at (0,0) size 309x18
          text run at (0,0) width 309: "Test passes if there is no red visible on the page."
      LayoutBlockFlow {DIV} at (0,34) size 378.39x378.39 [border: (25px double #000000)]
      LayoutBlockFlow {DIV} at (0,34.39) size 378.39x378.39 [border: (25px double #000000)]
