layer at (0,0) size 800x600
  LayoutView at (0,0) size 800x600
layer at (0,0) size 800x160
  LayoutBlockFlow {HTML} at (0,0) size 800x160
    LayoutBlockFlow {BODY} at (8,16) size 784x136
      LayoutBlockFlow {P} at (0,0) size 784x18
        LayoutText {#text} at (0,0) size 358x18
          text run at (0,0) width 358: "Test passes if there is a box with rounded corners below"
      LayoutBlockFlow {DIV} at (0,34) size 784x102
        LayoutBlockFlow {DIV} at (0,0) size 102x102 [border: (3px solid #008000)]
