layer at (0,0) size 800x600
  LayoutView at (0,0) size 800x600
layer at (0,0) size 800x504
  LayoutBlockFlow {HTML} at (0,0) size 800x504
    LayoutBlockFlow {BODY} at (8,16) size 784x480
      LayoutBlockFlow {P} at (0,0) size 784x18
        LayoutText {#text} at (0,0) size 753x18
          text run at (0,0) width 753: "Test passes if the boxes have rounded corners and show a smooth transition between the thicker and the thinner sides."
      LayoutTable {TABLE} at (0,34) size 700x446
        LayoutTableSection {TBODY} at (0,0) size 700x446
          LayoutTableRow {TR} at (0,2) size 700x442
            LayoutTableCell {TD} at (2,2) size 272x442 [r=0 c=0 rs=1 cs=1]
              LayoutBlockFlow {DIV} at (11,11) size 245x130 [border: (10px solid #000000) (15px solid #000000) (20px solid #000000) (30px solid #000000)]
              LayoutBlockFlow {DIV} at (11,151) size 250x150 [border: (10px solid #000000) (25px solid #000000) (40px solid #000000) (25px solid #000000)]
              LayoutBlockFlow {DIV} at (11,311) size 250x120 [border: (10px solid #000000) (25px solid #000000) (10px solid #000000) (25px solid #000000)]
            LayoutTableCell {TD} at (276,45) size 232x356 [r=0 c=1 rs=1 cs=1]
              LayoutBlockFlow {DIV} at (11,11) size 204x106 [border: (1px solid #000000) (3px solid #000000) (5px solid #000000) (1px solid #000000)]
              LayoutBlockFlow {DIV} at (11,127) size 206x106 [border: (1px solid #000000) (3px solid #000000) (5px solid #000000) (3px solid #000000)]
              LayoutBlockFlow {DIV} at (11,243) size 210x102 [border: (1px solid #000000) (5px solid #000000) (1px solid #000000) (5px solid #000000)]
            LayoutTableCell {TD} at (510,62) size 188x322 [r=0 c=2 rs=1 cs=1]
              LayoutBlockFlow {DIV} at (11,11) size 166x300 [border: (4px solid #000000) (16px solid #000000) (32px solid #000000) (100px solid #000000)]
