layer at (0,0) size 800x600
  LayoutView at (0,0) size 800x600
layer at (0,0) size 800x276
  LayoutBlockFlow {HTML} at (0,0) size 800x276
    LayoutBlockFlow {BODY} at (8,16) size 784x252
      LayoutBlockFlow {P} at (0,0) size 784x18
        LayoutText {#text} at (0,0) size 317x18
          text run at (0,0) width 317: "Test passes if there is a square and a circle below."
      LayoutBlockFlow {DIV} at (0,34) size 102x102 [border: (1px solid #00000000)]
        LayoutBlockFlow {DIV} at (1,1) size 106x106 [border: (3px solid #000000)]
      LayoutBlockFlow {DIV} at (0,146) size 106x106 [border: (3px solid #000000)]
