layer at (0,0) size 800x600
  LayoutView at (0,0) size 800x600
layer at (0,0) size 800x76
  LayoutBlockFlow {HTML} at (0,0) size 800x76
    LayoutBlockFlow {BODY} at (8,16) size 784x52
      LayoutBlockFlow {P} at (0,0) size 784x18
        LayoutText {#text} at (0,0) size 361x18
          text run at (0,0) width 361: "Test passes if there is a box with rounded corners below."
      LayoutBlockFlow (anonymous) at (0,34) size 784x18
        LayoutInline {DIV} at (0,0) size 87x38 [border: (10px solid #008000)]
          LayoutText {#text} at (10,0) size 67x18
            text run at (10,0) width 67: "Filler Text"
        LayoutText {#text} at (0,0) size 0x0
