layer at (0,0) size 800x600
  LayoutView at (0,0) size 800x600
layer at (0,0) size 800x171
  LayoutBlockFlow {HTML} at (0,0) size 800x171
    LayoutBlockFlow {BODY} at (8,16) size 784x147
      LayoutBlockFlow {P} at (0,0) size 784x18
        LayoutText {#text} at (0,0) size 361x18
          text run at (0,0) width 361: "Test passes if there is a box with rounded corners below."
      LayoutBlockFlow (anonymous) at (0,34) size 784x113
        LayoutTable {DIV} at (0,11) size 102x102 [border: (3px solid #008000)]
          LayoutTableSection (anonymous) at (3,3) size 96x96
            LayoutTableRow {DIV} at (0,0) size 96x96
              LayoutTableCell {DIV} at (0,0) size 96x0 [r=0 c=0 rs=1 cs=1]
        LayoutText {#text} at (0,0) size 0x0
