layer at (0,0) size 800x600
  LayoutView at (0,0) size 800x600
layer at (0,0) size 800x352
  LayoutBlockFlow {HTML} at (0,0) size 800x352
    LayoutBlockFlow {BODY} at (10,10) size 780x326
      LayoutBlockFlow {DIV} at (0,0) size 388x292 [border: (2px solid #000000)]
      LayoutBlockFlow {P} at (0,308) size 780x18
        LayoutText {#text} at (0,0) size 405x18
          text run at (0,0) width 405: "Test passes if the two blue lines are radii of the rounded corner."
layer at (10,10) size 52x82
  LayoutBlockFlow (positioned) {DIV} at (10,10) size 52x82 [border: none (2px solid #0000FF) none]
