layer at (0,0) size 800x600
  LayoutView at (0,0) size 800x600
layer at (0,0) size 800x164
  LayoutBlockFlow {HTML} at (0,0) size 800x164
    LayoutBlockFlow {BODY} at (8,16) size 784x140
      LayoutBlockFlow {P} at (0,0) size 784x18
        LayoutText {#text} at (0,0) size 361x18
          text run at (0,0) width 361: "Test passes if there is a box with rounded corners below."
      LayoutBlockFlow (anonymous) at (0,34) size 784x106
        LayoutBlockFlow {DIV} at (0,0) size 102x102 [border: (3px solid #008000)]
        LayoutText {#text} at (0,0) size 0x0
