layer at (0,0) size 800x600
  LayoutView at (0,0) size 800x600
layer at (0,0) size 800x522
  LayoutBlockFlow {HTML} at (0,0) size 800x522
    LayoutBlockFlow {BODY} at (8,16) size 784x498
      LayoutBlockFlow {P} at (0,0) size 784x18
        LayoutText {#text} at (0,0) size 663x18
          text run at (0,0) width 663: "Test passes if the top left corner of each of the boxes is curved and if there is no red visible on the page."
      LayoutTable {TABLE} at (0,34) size 310x464
        LayoutTableSection {TBODY} at (0,0) size 310x464
          LayoutTableRow {TR} at (0,2) size 310x152
            LayoutTableCell {TD} at (2,7) size 152x142 [r=0 c=0 rs=1 cs=1]
              LayoutBlockFlow {DIV} at (1,1) size 100x140 [border: (20px solid #FF0000)]
              LayoutBlockFlow {DIV} at (1,1) size 100x140 [border: (20px solid #000000)]
            LayoutTableCell {TD} at (156,7) size 152x142 [r=0 c=1 rs=1 cs=1]
              LayoutBlockFlow {DIV} at (1,1) size 100x140 [border: (20px solid #FF0000)]
              LayoutBlockFlow {DIV} at (1,1) size 100x140 [border: (20px solid #000000)]
          LayoutTableRow {TR} at (0,156) size 310x152
            LayoutTableCell {TD} at (2,161) size 152x142 [r=1 c=0 rs=1 cs=1]
              LayoutBlockFlow {DIV} at (1,1) size 100x140 [border: (20px solid #FF0000)]
              LayoutBlockFlow {DIV} at (1,1) size 100x140 [border: (20px solid #000000)]
            LayoutTableCell {TD} at (156,161) size 152x142 [r=1 c=1 rs=1 cs=1]
              LayoutBlockFlow {DIV} at (1,1) size 100x140 [border: (20px solid #FF0000)]
              LayoutBlockFlow {DIV} at (1,1) size 100x140 [border: (20px solid #000000)]
          LayoutTableRow {TR} at (0,310) size 310x152
            LayoutTableCell {TD} at (2,315) size 152x142 [r=2 c=0 rs=1 cs=1]
              LayoutBlockFlow {DIV} at (1,1) size 100x140 [border: (20px solid #FF0000)]
              LayoutBlockFlow {DIV} at (1,1) size 100x140 [border: (20px solid #000000)]
            LayoutTableCell {TD} at (156,315) size 152x142 [r=2 c=1 rs=1 cs=1]
              LayoutBlockFlow {DIV} at (1,1) size 100x140 [border: (20px solid #FF0000)]
              LayoutBlockFlow {DIV} at (1,1) size 100x140 [border: (20px solid #000000)]
