layer at (0,0) size 800x600
  LayoutView at (0,0) size 800x600
layer at (0,0) size 800x350
  LayoutBlockFlow {HTML} at (0,0) size 800x350
    LayoutBlockFlow {BODY} at (8,16) size 784x326
      LayoutBlockFlow {P} at (0,0) size 784x18
        LayoutText {#text} at (0,0) size 662x18
          text run at (0,0) width 662: "Test passes if the top-left corner of the box has a rounded corner and there is no red visible on the page."
      LayoutBlockFlow {DIV} at (0,34) size 388x292 [border: (2px solid #FF0000)]
      LayoutBlockFlow {DIV} at (0,34) size 388x292 [border: (2px solid #000000)]
