layer at (0,0) size 800x600
  LayoutView at (0,0) size 800x600
layer at (0,0) size 800x298
  LayoutBlockFlow {HTML} at (0,0) size 800x298
    LayoutBlockFlow {BODY} at (8,16) size 784x274
      LayoutBlockFlow {P} at (0,0) size 784x18
        LayoutText {#text} at (0,0) size 483x18
          text run at (0,0) width 483: "Test passes if there is a box below with double border and rounded corners."
      LayoutBlockFlow {DIV} at (0,34) size 340x240 [border: (70px double #000000)]
