layer at (0,0) size 800x600
  LayoutView at (0,0) size 800x600
layer at (0,0) size 800x306
  LayoutBlockFlow {HTML} at (0,0) size 800x306.38
    LayoutBlockFlow {BODY} at (8,16) size 784x282.38
      LayoutBlockFlow {P} at (0,0) size 784x36
        LayoutText {#text} at (0,0) size 766x36
          text run at (0,0) width 766: "Test passes if there is a rounded border with purple dots on the top, green on the right side, blue on the bottom side, and"
          text run at (0,18) width 132: "grey on the left side."
      LayoutBlockFlow {DIV} at (0,52) size 230.38x230.38 [border: (19.19px dotted #800080) (19.19px dotted #008000) (19.19px dotted #0000FF) (19.19px dotted #808080)]
