layer at (0,0) size 800x600
  LayoutView at (0,0) size 800x600
layer at (0,0) size 800x290
  LayoutBlockFlow {HTML} at (0,0) size 800x290
    LayoutBlockFlow {BODY} at (8,16) size 784x266
      LayoutBlockFlow {P} at (0,0) size 784x18
        LayoutText {#text} at (0,0) size 314x18
          text run at (0,0) width 314: "Test passes if two drawings are exactly the same."
      LayoutBlockFlow {DIV} at (0,34) size 96x96
      LayoutBlockFlow {DIV} at (0,34) size 96x96
      LayoutBlockFlow {DIV} at (0,34) size 96x96
      LayoutBlockFlow {DIV} at (0,170) size 96x96
