layer at (0,0) size 800x600
  LayoutView at (0,0) size 800x600
layer at (0,0) size 800x308
  LayoutBlockFlow {HTML} at (0,0) size 800x308
    LayoutBlockFlow {BODY} at (8,16) size 784x284
      LayoutBlockFlow {P} at (0,0) size 784x18
        LayoutText {#text} at (0,0) size 490x18
          text run at (0,0) width 490: "Test passes if blue, orange and white boxes are visible on a larger black box."
      LayoutBlockFlow {DIV} at (0,34) size 250x250 [bgcolor=#000000]
