layer at (0,0) size 800x600
  LayoutView at (0,0) size 800x600
layer at (0,0) size 800x308
  LayoutBlockFlow {HTML} at (0,0) size 800x308
    LayoutBlockFlow {BODY} at (8,16) size 784x284
      LayoutBlockFlow {P} at (0,0) size 784x18
        LayoutText {#text} at (0,0) size 496x18
          text run at (0,0) width 496: "Test passes if a blue box overlaps an orange box, which overlaps a black box."
      LayoutBlockFlow {DIV} at (0,34) size 250x250
