layer at (0,0) size 800x600
  LayoutView at (0,0) size 800x600
layer at (0,0) size 800x64
  LayoutBlockFlow {HTML} at (0,0) size 800x64
    LayoutBlockFlow {BODY} at (8,8) size 784x48
      LayoutText {#text} at (0,0) size 438x19
        text run at (0,0) width 438: "Passes if pink underline below paints behind text descenders on 'pyg'."
      LayoutBR {BR} at (438,0) size 0x19
      LayoutInline {SPAN} at (0,0) size 113x27
        LayoutText {#text} at (0,20) size 113x27
          text run at (0,20) width 113: "abc pyg def"
      LayoutText {#text} at (0,0) size 0x0
