layer at (0,0) size 800x600
  LayoutView at (0,0) size 800x600
layer at (0,0) size 800x52
  LayoutBlockFlow {HTML} at (0,0) size 800x52
    LayoutBlockFlow {BODY} at (8,16) size 784x20
      LayoutBlockFlow {P} at (0,0) size 784x20
        LayoutInline {A} at (0,0) size 365x19 [color=#000080]
          LayoutText {#text} at (0,0) size 42x19
            text run at (0,0) width 42: "Hover "
          LayoutInline {STRONG} at (0,0) size 30x19
            LayoutText {#text} at (42,0) size 30x19
              text run at (42,0) width 30: "here"
          LayoutText {#text} at (72,0) size 144x19
            text run at (72,0) width 144: " and the background of "
          LayoutInline {SPAN} at (0,0) size 145x19
            LayoutText {#text} at (216,0) size 145x19
              text run at (216,0) width 145: "this text should go green"
          LayoutText {#text} at (361,0) size 4x19
            text run at (361,0) width 4: "."
