layer at (0,0) size 800x600
  LayoutView at (0,0) size 800x600
layer at (0,0) size 800x294
  LayoutBlockFlow {HTML} at (0,0) size 800x294
    LayoutBlockFlow {BODY} at (8,16) size 784x270
      LayoutBlockFlow {P} at (0,0) size 784x40
        LayoutText {#text} at (0,0) size 642x19
          text run at (0,0) width 402: "The background color of this paragraph should turn to green when "
          text run at (402,0) width 240: "the mouse pointer hovers either its text ("
        LayoutInline {STRONG} at (0,0) size 30x19
          LayoutText {#text} at (642,0) size 30x19
            text run at (642,0) width 30: "here"
        LayoutText {#text} at (672,0) size 782x39
          text run at (672,0) width 110: ") or its whitespace"
          text run at (0,20) width 80: "background, "
        LayoutInline {STRONG} at (0,0) size 30x19
          LayoutText {#text} at (80,20) size 30x19
            text run at (80,20) width 30: "here"
        LayoutText {#text} at (110,20) size 3x19
          text run at (110,20) width 3: ":"
      LayoutBlockFlow {ADDRESS} at (0,56) size 784x20
        LayoutText {#text} at (0,0) size 162x19
          text run at (0,0) width 162: "The background color of "
        LayoutInline {A} at (0,0) size 115x19 [color=#0000EE]
          LayoutText {#text} at (162,0) size 81x19
            text run at (162,0) width 81: "this anchor ("
          LayoutInline {STRONG} at (0,0) size 29x19
            LayoutText {#text} at (243,0) size 29x19
              text run at (243,0) width 29: "here"
          LayoutText {#text} at (272,0) size 5x19
            text run at (272,0) width 5: ")"
        LayoutText {#text} at (277,0) size 394x19
          text run at (277,0) width 394: " should turn to green when the pointing device hovers over it."
      LayoutTable {TABLE} at (0,76) size 264x194
        LayoutTableSection {TBODY} at (0,0) size 264x194
          LayoutTableRow {TR} at (0,5) size 264x22
            LayoutTableCell {TD} at (5,5) size 73x22 [r=0 c=0 rs=1 cs=1]
              LayoutText {#text} at (1,1) size 67x19
                text run at (1,1) width 67: "The cells in"
            LayoutTableCell {TD} at (83,5) size 79x22 [r=0 c=1 rs=1 cs=1]
              LayoutText {#text} at (1,1) size 53x19
                text run at (1,1) width 53: "this table"
            LayoutTableCell {TD} at (167,5) size 92x22 [r=0 c=2 rs=1 cs=1]
              LayoutText {#text} at (1,1) size 58x19
                text run at (1,1) width 58: "should go"
          LayoutTableRow {TR} at (0,32) size 264x22
            LayoutTableCell {TD} at (5,32) size 73x22 [r=1 c=0 rs=1 cs=1]
              LayoutText {#text} at (1,1) size 69x19
                text run at (1,1) width 69: "green when"
            LayoutTableCell {TD} at (83,32) size 79x22 [r=1 c=1 rs=1 cs=1]
              LayoutText {#text} at (1,1) size 60x19
                text run at (1,1) width 60: "you hover"
            LayoutTableCell {TD} at (167,32) size 92x22 [r=1 c=2 rs=1 cs=1]
              LayoutText {#text} at (1,1) size 69x19
                text run at (1,1) width 69: "the pointing"
          LayoutTableRow {TR} at (0,59) size 264x22
            LayoutTableCell {TD} at (5,59) size 73x22 [r=2 c=0 rs=1 cs=1]
              LayoutText {#text} at (1,1) size 70x19
                text run at (1,1) width 70: "device over"
            LayoutTableCell {TD} at (83,59) size 79x22 [r=2 c=1 rs=1 cs=1]
              LayoutText {#text} at (1,1) size 38x19
                text run at (1,1) width 38: "them ("
              LayoutInline {STRONG} at (0,0) size 30x19
                LayoutText {#text} at (39,1) size 30x19
                  text run at (39,1) width 30: "here"
              LayoutText {#text} at (69,1) size 9x19
                text run at (69,1) width 9: ")."
            LayoutTableCell {TD} at (167,69) size 92x2 [r=2 c=2 rs=1 cs=1]
          LayoutTableRow {TR} at (0,86) size 264x22
            LayoutTableCell {TD} at (5,86) size 73x22 [r=3 c=0 rs=1 cs=1]
              LayoutText {#text} at (1,1) size 71x19
                text run at (1,1) width 71: "The rows in"
            LayoutTableCell {TD} at (83,86) size 79x22 [r=3 c=1 rs=1 cs=1]
              LayoutText {#text} at (1,1) size 53x19
                text run at (1,1) width 53: "this table"
            LayoutTableCell {TD} at (167,86) size 92x22 [r=3 c=2 rs=1 cs=1]
              LayoutText {#text} at (1,1) size 58x19
                text run at (1,1) width 58: "should go"
          LayoutTableRow {TR} at (0,113) size 264x22
            LayoutTableCell {TD} at (5,113) size 73x22 [r=4 c=0 rs=1 cs=1]
              LayoutText {#text} at (1,1) size 65x19
                text run at (1,1) width 65: "dark green"
            LayoutTableCell {TD} at (83,113) size 79x22 [r=4 c=1 rs=1 cs=1]
              LayoutText {#text} at (1,1) size 54x19
                text run at (1,1) width 54: "when the"
            LayoutTableCell {TD} at (167,113) size 92x22 [r=4 c=2 rs=1 cs=1]
              LayoutText {#text} at (1,1) size 90x19
                text run at (1,1) width 90: "pointing device"
          LayoutTableRow {TR} at (0,140) size 264x22
            LayoutTableCell {TD} at (5,140) size 73x22 [r=5 c=0 rs=1 cs=1]
              LayoutText {#text} at (1,1) size 62x19
                text run at (1,1) width 62: "is over the"
            LayoutTableCell {TD} at (83,140) size 79x22 [r=5 c=1 rs=1 cs=1]
              LayoutText {#text} at (1,1) size 30x19
                text run at (1,1) width 30: "cells "
              LayoutInline {STRONG} at (0,0) size 35x19
                LayoutText {#text} at (31,1) size 35x19
                  text run at (31,1) width 35: "there"
              LayoutText {#text} at (66,1) size 3x19
                text run at (66,1) width 3: ":"
            LayoutTableCell {TD} at (167,150) size 92x2 [r=5 c=2 rs=1 cs=1]
          LayoutTableRow {TR} at (0,167) size 264x22
            LayoutTableCell {TD} at (5,167) size 73x22 [r=6 c=0 rs=1 cs=1]
              LayoutText {#text} at (1,1) size 30x19
                text run at (1,1) width 30: "And "
              LayoutInline {STRONG} at (0,0) size 30x19
                LayoutText {#text} at (31,1) size 30x19
                  text run at (31,1) width 30: "here"
              LayoutText {#text} at (61,1) size 3x19
                text run at (61,1) width 3: ":"
            LayoutTableCell {TD} at (83,177) size 79x2 [r=6 c=1 rs=1 cs=1]
            LayoutTableCell {TD} at (167,167) size 92x22 [r=6 c=2 rs=1 cs=1]
              LayoutText {#text} at (1,1) size 77x19
                text run at (1,1) width 77: "(blank cells)."
