layer at (0,0) size 800x600
  LayoutView at (0,0) size 800x600
layer at (0,0) size 800x600
  LayoutBlockFlow {HTML} at (0,0) size 800x600
    LayoutBlockFlow {BODY} at (8,8) size 784x576
      LayoutBlockFlow {P} at (0,0) size 784x18
        LayoutText {#text} at (0,0) size 760x18
          text run at (0,0) width 229: "You should see three blocks below. "
          text run at (228,0) width 532: "The middle one should look like a diamond because it has been rotated 45 degrees."
      LayoutBlockFlow (floating) {DIV} at (5,39) size 110x110 [bgcolor=#87CEEB] [border: (5px solid #000000)]
      LayoutBlockFlow (floating) {DIV} at (245,39) size 110x110 [bgcolor=#87CEEB] [border: (5px solid #000000)]
layer at (133,47) size 110x110
  LayoutBlockFlow (floating) {DIV} at (125,39) size 110x110 [bgcolor=#87CEEB] [border: (5px solid #000000)]
