layer at (0,0) size 800x600
  LayoutView at (0,0) size 800x600
layer at (0,0) size 800x600
  LayoutBlockFlow {HTML} at (0,0) size 800x600
    LayoutBlockFlow {BODY} at (8,8) size 784x492
      LayoutBlockFlow (anonymous) at (0,0) size 784x18
        LayoutText {#text} at (0,0) size 503x18
          text run at (0,0) width 503: "In the example below you should a y-skewed block (45 degree angle of skew)."
layer at (108,126) size 120x120
  LayoutBlockFlow {DIV} at (100,118) size 120x120 [bgcolor=#87CEEB] [border: (10px solid #000000)]
