layer at (0,0) size 800x600
  LayoutView at (0,0) size 800x600
layer at (0,0) size 800x148
  LayoutBlockFlow {HTML} at (0,0) size 800x148
    LayoutBlockFlow {BODY} at (8,16) size 784x124
      LayoutBlockFlow {P} at (0,0) size 784x18
        LayoutText {#text} at (0,0) size 354x18
          text run at (0,0) width 354: "All of the table rows and cells below should be rotated."
      LayoutTable {TABLE} at (0,34) size 201x90
        LayoutTableSection {TBODY} at (0,0) size 201x90
          LayoutTableRow {TR} at (0,46) size 201x20
          LayoutTableRow {TR} at (0,68) size 201x20
layer at (8,52) size 201x20
  LayoutTableRow {TR} at (0,2) size 201x20
    LayoutTableCell {TD} at (2,2) size 197x20 [r=0 c=0 rs=1 cs=1]
      LayoutText {#text} at (1,1) size 111x18
        text run at (1,1) width 111: "Transformed row"
layer at (8,74) size 201x20 transparent
  LayoutTableRow {TR} at (0,24) size 201x20
    LayoutTableCell {TD} at (2,24) size 197x20 [r=1 c=0 rs=1 cs=1]
      LayoutText {#text} at (1,1) size 195x18
        text run at (1,1) width 195: "Transformed row with opacity"
layer at (10,96) size 197x20
  LayoutTableCell {TD} at (2,46) size 197x20 [r=2 c=0 rs=1 cs=1]
    LayoutText {#text} at (1,1) size 110x18
      text run at (1,1) width 110: "Transformed cell"
layer at (10,118) size 197x20 transparent
  LayoutTableCell {TD} at (2,68) size 197x20 [r=3 c=0 rs=1 cs=1]
    LayoutText {#text} at (1,1) size 193x18
      text run at (1,1) width 193: "Transformed cell with opacity"
