layer at (0,0) size 800x600
  LayoutView at (0,0) size 800x600
layer at (0,0) size 800x600
  LayoutBlockFlow {HTML} at (0,0) size 800x600
    LayoutBlockFlow {BODY} at (0,0) size 800x580.81
      LayoutBlockFlow {P} at (0,0) size 800x22
        LayoutInline {A} at (0,0) size 372x22 [color=#0000EE]
          LayoutText {#text} at (0,0) size 372x22
            text run at (0,0) width 372: "https://bugs.webkit.org/show_bug.cgi?id=24784"
      LayoutBlockFlow {P} at (0,41.19) size 800x22
        LayoutText {#text} at (0,0) size 641x22
          text run at (0,0) width 641: "Test transform lengths with zoom. You should see two green squares below, no red."
layer at (120,84) size 120x120
  LayoutBlockFlow (positioned) {DIV} at (120,84) size 120x120 [bgcolor=#FF0000]
layer at (300,84) size 120x120
  LayoutBlockFlow (positioned) {DIV} at (300,84) size 120x120 [bgcolor=#FF0000]
layer at (0,24) size 120x120
  LayoutBlockFlow (positioned) {DIV} at (0,24) size 120x120 [bgcolor=#008000]
layer at (0,24) size 120x120
  LayoutBlockFlow (positioned) {DIV} at (0,24) size 120x120 [bgcolor=#008000]
