layer at (0,0) size 800x600
  LayoutView at (0,0) size 800x600
layer at (0,0) size 800x600
  LayoutBlockFlow {HTML} at (0,0) size 800x600
    LayoutBlockFlow {BODY} at (8,8) size 784x576
      LayoutBlockFlow {P} at (0,0) size 784x60
        LayoutText {#text} at (0,0) size 777x59
          text run at (0,0) width 561: "In this test, you should see three blocks that are centered horizontally within a black box. "
          text run at (561,0) width 211: "They should be stacked vertically"
          text run at (0,20) width 303: "with the green box in between two olive boxes. "
          text run at (303,20) width 474: "The olive boxes and the green box should be 100x100, and there should be"
          text run at (0,40) width 325: "50 pixels of padding on either side of the box stack."
layer at (8,84) size 240x340
  LayoutBlockFlow (positioned) {DIV} at (8,84) size 240x340 [border: (20px solid #000000)]
    LayoutBlockFlow {DIV} at (70,70) size 100x0
layer at (78,204) size 100x100
  LayoutBlockFlow (positioned) {SPAN} at (70,120) size 100x100 [bgcolor=#008000]
layer at (78,104) size 100x100
  LayoutBlockFlow (positioned) {DIV} at (70,20) size 100x100 [bgcolor=#808000]
layer at (78,304) size 100x100
  LayoutBlockFlow (positioned) {DIV} at (70,220) size 100x100 [bgcolor=#808000]
