layer at (0,0) size 800x600
  LayoutView at (0,0) size 800x600
layer at (0,0) size 800x600
  LayoutBlockFlow {HTML} at (0,0) size 800x600
    LayoutBlockFlow {BODY} at (8,8) size 784x576
      LayoutBlockFlow (anonymous) at (0,0) size 784x60
        LayoutText {#text} at (0,0) size 774x59
          text run at (0,0) width 508: "In this test, you should see three blocks that are aligned right within a black box. "
          text run at (508,0) width 266: "They should be stacked vertically with the"
          text run at (0,20) width 248: "green box in between two olive boxes. "
          text run at (248,20) width 502: "The olive boxes and the green box should be 100x100, and there should be 100"
          text run at (0,40) width 313: "pixels of padding on the left side of the box stack."
layer at (8,84) size 784x40
  LayoutBlockFlow (relative positioned) {DIV} at (0,76) size 784x40
    LayoutText {#text} at (5,0) size 779x39
      text run at (5,0) width 779: "The black box's top should be aligned with the end of the last line in this parargaph and its right side should begin right after"
      text run at (633,20) width 4 RTL: "."
      text run at (637,20) width 147: "the end of this sentence"
    LayoutText {#text} at (0,0) size 0x0
layer at (401,104) size 240x340
  LayoutBlockFlow (positioned) {SPAN} at (393,20) size 240x340 [border: (20px solid #000000)]
layer at (521,224) size 100x100
  LayoutBlockFlow (positioned) {DIV} at (120,120) size 100x100 [bgcolor=#008000]
layer at (521,124) size 100x100
  LayoutBlockFlow (positioned) {DIV} at (120,20) size 100x100 [bgcolor=#808000]
layer at (521,324) size 100x100
  LayoutBlockFlow (positioned) {DIV} at (120,220) size 100x100 [bgcolor=#808000]
