layer at (0,0) size 800x600
  LayoutView at (0,0) size 800x600
layer at (0,0) size 800x600
  LayoutBlockFlow {HTML} at (0,0) size 800x600
    LayoutBlockFlow {BODY} at (8,8) size 784x576
      LayoutBlockFlow (floating) {DIV} at (0,0) size 110x110 [border: (5px solid #000000)]
        LayoutSVGRoot {svg} at (5,5) size 100x100
          LayoutSVGRect {rect} at (0,0) size 100x100 [fill={[type=SOLID] [color=#0000FF]}] [x=0.00] [y=0.00] [width=100.00] [height=100.00]
      LayoutBlockFlow {P} at (0,110) size 784x18
        LayoutText {#text} at (0,0) size 439x18
          text run at (0,0) width 439: "You should see a solid 5px black border around a 100x100 blue rect."
