EDITING DELEGATE: webViewDidChangeSelection:WebViewDidChangeSelectionNotification
layer at (0,0) size 800x600
  LayoutView at (0,0) size 800x600
layer at (0,0) size 800x600
  LayoutBlockFlow {HTML} at (0,0) size 800x600
    LayoutBlockFlow {BODY} at (8,8) size 784x576
      LayoutBlockFlow {DIV} at (0,0) size 250x36
        LayoutText {#text} at (0,0) size 209x18
          text run at (0,0) width 209: "Try to create a caret after this lin"
        LayoutInline {SPAN} at (208,0) size 8x18
          LayoutText {#text} at (208,0) size 8x18
            text run at (208,0) width 8: "e"
        LayoutText {#text} at (215,0) size 5x18
          text run at (215,0) width 5: " "
        LayoutInline {SPAN} at (219,0) size 1x18
        LayoutText {#text} at (0,18) size 185x18
          text run at (0,18) width 185: "thisshouldbeonthesecondline"
      LayoutBlockFlow {P} at (0,62) size 784x36
        LayoutText {#text} at (0,0) size 135x18
          text run at (0,0) width 135: "This is a testcase for "
        LayoutInline {A} at (134,0) size 350x18 [color=#0000EE]
          LayoutText {#text} at (134,0) size 350x18
            text run at (134,0) width 350: "http://bugzilla.opendarwin.org/show_bug.cgi?id=6476"
        LayoutText {#text} at (0,0) size 765x36
          text run at (483,0) width 9: ". "
          text run at (491,0) width 274: "Creating an upstream caret with the mouse"
          text run at (0,18) width 632: "was impossible if the upstream and downstream carets were separated only by unrendered content."
      LayoutBlockFlow {P} at (0,114) size 784x36
        LayoutText {#text} at (0,0) size 783x36
          text run at (0,0) width 325: "This test uses the eventSender to do mouse clicks. "
          text run at (324,0) width 459: "To run it manually, click in the space after all the text on the first line in"
          text run at (0,18) width 170: "the above editable region. "
          text run at (169,18) width 394: "Clicking should create a caret after the first space after the 'e'."
layer at (8,52) size 784x2 clip at (0,0) size 0x0
  LayoutBlockFlow {HR} at (0,44) size 784x2 [border: (1px inset #EEEEEE)]
caret: position 1 of child 2 {#text} of child 1 {DIV} of body
