EDITING DELEGATE: webViewDidChangeSelection:WebViewDidChangeSelectionNotification
layer at (0,0) size 800x600
  LayoutView at (0,0) size 800x600
layer at (0,0) size 800x600
  LayoutBlockFlow {HTML} at (0,0) size 800x600
    LayoutBlockFlow {BODY} at (8,8) size 784x584
      LayoutBlockFlow {P} at (0,0) size 784x36
        LayoutText {#text} at (0,0) size 108x18
          text run at (0,0) width 108: "This is a test for "
        LayoutInline {I} at (0,0) size 758x36
          LayoutInline {A} at (107,0) size 353x18 [color=#0000EE]
            LayoutText {#text} at (107,0) size 353x18
              text run at (107,0) width 353: "http://bugzilla.opendarwin.org/show_bug.cgi?id=9978"
          LayoutText {#text} at (0,0) size 758x36
            text run at (459,0) width 5: " "
            text run at (463,0) width 295: "REGRESSION (r12949-r12988): Clicking the"
            text run at (0,18) width 421: "first letter on a line places the caret at the end of the previous line"
        LayoutText {#text} at (420,18) size 5x18
          text run at (420,18) width 5: "."
      LayoutBlockFlow {P} at (0,52) size 784x18
        LayoutText {#text} at (0,0) size 746x18
          text run at (0,0) width 562: "To test interactively, click the left side of the W on the second line. The caret should be "
          text run at (561,0) width 185: "move to the start of that line."
      LayoutBlockFlow {DIV} at (0,96) size 250x110
        LayoutText {#text} at (0,0) size 234x110
          text run at (0,0) width 154: "Alice in"
          text run at (153,0) width 13: " "
          text run at (0,55) width 234: "Wonderland"
layer at (8,94) size 784x2 clip at (0,0) size 0x0
  LayoutBlockFlow {HR} at (0,86) size 784x2 [border: (1px inset #EEEEEE)]
caret: position 10 of child 0 {#text} of child 7 {DIV} of body
