EDITING DELEGATE: webViewDidChangeSelection:WebViewDidChangeSelectionNotification
EDITING DELEGATE: webViewDidChangeSelection:WebViewDidChangeSelectionNotification
layer at (0,0) size 800x600
  LayoutView at (0,0) size 800x600
layer at (0,0) size 800x600
  LayoutBlockFlow {HTML} at (0,0) size 800x600
    LayoutBlockFlow {BODY} at (8,8) size 784x584
      LayoutBlockFlow {P} at (0,0) size 784x18
        LayoutText {#text} at (0,0) size 691x18
          text run at (0,0) width 388: "This tests modifying a selection created with a double click. "
          text run at (387,0) width 304: "The new selection should use word granularity."
      LayoutBlockFlow {P} at (0,34) size 784x36 [color=#008000]
        LayoutText {#text} at (0,0) size 782x36
          text run at (0,0) width 229: "This test does not run interactively. "
          text run at (228,0) width 360: "It uses the testRunners eventSender to do mouse clicks. "
          text run at (587,0) width 195: "To run it manually, triple click"
          text run at (0,18) width 459: "on the second line in the box below (anywhere after \"whitespace:pre\"). "
          text run at (458,18) width 281: "The triple click should select the entire line."
      LayoutBlockFlow {DIV} at (0,86) size 784x58
        LayoutBlockFlow {DIV} at (0,0) size 784x58 [border: (1px solid #0000FF)]
          LayoutBlockFlow {PRE} at (1,14) size 782x30
            LayoutText {#text} at (0,0) size 118x30
              text run at (0,0) width 118: "this text is in"
              text run at (117,0) width 1: " "
              text run at (0,15) width 110: "whitespace:pre"
selection start: position 16 of child 0 {#text} of child 1 {PRE} of child 1 {DIV} of child 5 {DIV} of body
selection end:   position 30 of child 0 {#text} of child 1 {PRE} of child 1 {DIV} of child 5 {DIV} of body
