layer at (0,0) size 800x600
  LayoutView at (0,0) size 800x600
layer at (0,0) size 800x538
  LayoutBlockFlow {html} at (0,0) size 800x537.86
    LayoutBlockFlow {body} at (48,30.72) size 752x499.14
      LayoutBlockFlow {div} at (0,0) size 752x499.14
        LayoutBlockFlow {h1} at (0,0) size 691.83x29
          LayoutText {#text} at (0,0) size 214x28
            text run at (0,0) width 214: "rightsizing to box"
        LayoutBlockFlow {h4} at (0,29) size 752x16
          LayoutText {#text} at (0,0) size 141x16
            text run at (0,0) width 141: "WICD Core 1.0 #20-1"
        LayoutBlockFlow {div} at (0,64.14) size 176x62 [bgcolor=#FF0000]
          LayoutImage {object} at (0,0) size 176x62
          LayoutText {#text} at (0,0) size 0x0
        LayoutBlockFlow (anonymous) at (0,126.14) size 752x18
          LayoutBR {br} at (0,0) size 0x17
        LayoutBlockFlow {div} at (0,144.14) size 176x62 [bgcolor=#FF0000]
          LayoutText {#text} at (0,0) size 0x0
        LayoutBlockFlow {p} at (0,209.02) size 691.83x32
          LayoutText {#text} at (0,0) size 690x32
            text run at (0,0) width 690: "Above there must be a GIF- and a SVG-image visible. Both are referenced by an object element (width:100%,"
            text run at (0,16) width 520: "no defined height) and each nested into a div element (width:176px, height:62px)."
        LayoutBlockFlow {div} at (0,246.77) size 176x62 [bgcolor=#FF0000]
          LayoutImage {object} at (0,0) size 176x62
          LayoutText {#text} at (0,0) size 0x0
        LayoutBlockFlow (anonymous) at (0,308.77) size 752x18
          LayoutBR {br} at (0,0) size 0x17
        LayoutBlockFlow {div} at (0,326.77) size 176x62 [bgcolor=#FF0000]
          LayoutText {#text} at (0,0) size 0x0
        LayoutBlockFlow {p} at (0,391.64) size 691.83x32
          LayoutText {#text} at (0,0) size 677x32
            text run at (0,0) width 677: "Above there must be a GIF- and a SVG-image visible. Both are referenced by an object element (no defined"
            text run at (0,16) width 533: "width, height:100%) and each nested into a div element (width:176px, height:62px)."
        LayoutBlockFlow {p} at (0,429.39) size 691.83x32
          LayoutText {#text} at (0,0) size 657x32
            text run at (0,0) width 657: "This tests have succeeded, if in both cases, the look (dimensions) of the SVG and the GIF are exactly the"
            text run at (0,16) width 461: "same (except the text apparently) and no red background color is visible."
        LayoutBlockFlow {p} at (0,467.14) size 691.83x32
          LayoutBR {br} at (0,0) size 0x16
          LayoutInline {a} at (0,0) size 31x16 [color=#000066]
            LayoutText {#text} at (0,16) size 31x16
              text run at (0,16) width 31: "Back"
layer at (48,175) size 176x62
  LayoutEmbeddedObject {object} at (0,0) size 176x62
    layer at (0,0) size 176x62
      LayoutView at (0,0) size 176x62
    layer at (0,0) size 176x62
      LayoutSVGRoot {svg} at (0,0) size 176x62
        LayoutSVGRect {rect} at (0,0) size 176x62 [fill={[type=SOLID] [color=#CCCCCC]}] [x=0.00] [y=0.00] [width=176.00] [height=62.00]
        LayoutSVGRect {rect} at (2,2) size 174x60 [fill={[type=SOLID] [color=#333333]}] [x=2.00] [y=2.00] [width=174.00] [height=60.00]
        LayoutSVGRect {rect} at (2,2) size 172x58 [fill={[type=SOLID] [color=#FFFFFF]}] [x=2.00] [y=2.00] [width=172.00] [height=58.00]
        LayoutSVGRect {rect} at (86,2) size 88x58 [fill={[type=SOLID] [color=#FFCC33]}] [x=86.00] [y=2.00] [width=88.00] [height=58.00]
        LayoutSVGText {text} at (45.98,10) size 80.02x46 contains 1 chunk(s)
          LayoutSVGInlineText {#text} at (45.98,10) size 80.02x46
            chunk 1 (middle anchor) text run 1 at (45.99,46.00) startOffset 0 endOffset 3 width 80.02: "SVG"
layer at (48,357) size 176x62
  LayoutEmbeddedObject {object} at (0,0) size 176x62
    layer at (0,0) size 176x62
      LayoutView at (0,0) size 176x62
    layer at (0,0) size 176x62
      LayoutSVGRoot {svg} at (0,0) size 176x62
        LayoutSVGRect {rect} at (0,0) size 176x62 [fill={[type=SOLID] [color=#CCCCCC]}] [x=0.00] [y=0.00] [width=176.00] [height=62.00]
        LayoutSVGRect {rect} at (2,2) size 174x60 [fill={[type=SOLID] [color=#333333]}] [x=2.00] [y=2.00] [width=174.00] [height=60.00]
        LayoutSVGRect {rect} at (2,2) size 172x58 [fill={[type=SOLID] [color=#FFFFFF]}] [x=2.00] [y=2.00] [width=172.00] [height=58.00]
        LayoutSVGRect {rect} at (86,2) size 88x58 [fill={[type=SOLID] [color=#FFCC33]}] [x=86.00] [y=2.00] [width=88.00] [height=58.00]
        LayoutSVGText {text} at (45.98,10) size 80.02x46 contains 1 chunk(s)
          LayoutSVGInlineText {#text} at (45.98,10) size 80.02x46
            chunk 1 (middle anchor) text run 1 at (45.99,46.00) startOffset 0 endOffset 3 width 80.02: "SVG"
