layer at (0,0) size 800x600
  LayoutView at (0,0) size 800x600
layer at (0,0) size 800x600
  LayoutBlockFlow {html} at (0,0) size 800x600
    LayoutBlockFlow {body} at (48,30.72) size 752x155.64
      LayoutBlockFlow {h1} at (0,0) size 691.83x29
        LayoutText {#text} at (0,0) size 383x28
          text run at (0,0) width 383: "scalable fullscreen background"
      LayoutBlockFlow {h4} at (0,29) size 752x16
        LayoutText {#text} at (0,0) size 128x16
          text run at (0,0) width 128: "WICD Core 1.0 #12"
      LayoutBlockFlow {p} at (0,64.14) size 691.83x32
        LayoutText {#text} at (0,0) size 682x32
          text run at (0,0) width 640: "This text is XHTML main layer content, which must overlay a lightblue SVG-background image with "
          text run at (639,0) width 25: "text"
          text run at (0,16) width 682: "('SVG background image'). The SVG background image must cover the complete XHTML-background area."
      LayoutBlockFlow {p} at (0,101.89) size 691.83x32
        LayoutText {#text} at (0,0) size 681x32
          text run at (0,0) width 681: "This test has failed, if you don't see any graphics on the background. (your user agent does not support SVG"
          text run at (0,16) width 144: "as background image)."
      LayoutBlockFlow {p} at (0,139.64) size 691.83x16
        LayoutInline {a} at (0,0) size 31x16 [color=#000066]
          LayoutText {#text} at (0,0) size 31x16
            text run at (0,0) width 31: "Back"
