layer at (0,0) size 800x600
  LayoutView at (0,0) size 800x600
layer at (0,0) size 800x536
  LayoutBlockFlow {HTML} at (0,0) size 800x536
    LayoutBlockFlow {BODY} at (8,8) size 784x520
      LayoutBlockFlow {DIV} at (0,0) size 784x520 [border: (1px solid #FF0000)]
        LayoutText {#text} at (1,1) size 164x19
          text run at (1,1) width 164: "Whitespace in option text:"
        LayoutMenuList {SELECT} at (165,1) size 48x20 [bgcolor=#DDDDDD] [border: (1px solid #A9A9A9)]
          LayoutBlockFlow (anonymous) at (1,1) size 46x18
            LayoutText (anonymous) at (4,1) size 26x16
              text run at (4,1) width 26: "f o o"
        LayoutText {#text} at (213,1) size 7x19
          text run at (213,1) width 7: "a"
        LayoutMenuList {SELECT} at (220,1) size 48x20 [bgcolor=#DDDDDD] [border: (1px solid #A9A9A9)]
          LayoutBlockFlow (anonymous) at (1,1) size 46x18
            LayoutText (anonymous) at (4,1) size 4x16
              text run at (4,1) width 4: " "
        LayoutText {#text} at (268,1) size 8x19
          text run at (268,1) width 8: "b"
        LayoutBR {BR} at (276,1) size 0x19
        LayoutBR {BR} at (1,19) size 0x19
        LayoutText {#text} at (1,37) size 135x19
          text run at (1,37) width 135: "Simple select control:"
        LayoutMenuList {SELECT} at (136,37) size 40x20 [bgcolor=#DDDDDD] [border: (1px solid #A9A9A9)]
          LayoutBlockFlow (anonymous) at (1,1) size 38x18
            LayoutText (anonymous) at (4,1) size 18x16
              text run at (4,1) width 18: "foo"
        LayoutText {#text} at (176,37) size 7x19
          text run at (176,37) width 7: "a"
        LayoutMenuList {SELECT} at (183,37) size 40x20 [color=#808080] [bgcolor=#DDDDDD] [border: (1px solid #A9A9A9)]
          LayoutBlockFlow (anonymous) at (1,1) size 38x18
            LayoutText (anonymous) at (4,1) size 18x16
              text run at (4,1) width 18: "foo"
        LayoutText {#text} at (223,37) size 8x19
          text run at (223,37) width 8: "b"
        LayoutBR {BR} at (231,37) size 0x19
        LayoutBR {BR} at (1,55) size 0x19
        LayoutText {#text} at (1,73) size 194x19
          text run at (1,73) width 194: "Line-height should be ignored:"
        LayoutMenuList {SELECT} at (195,73) size 40x20 [bgcolor=#DDDDDD] [border: (1px solid #A9A9A9)]
          LayoutBlockFlow (anonymous) at (1,1) size 38x18
            LayoutText (anonymous) at (4,1) size 18x16
              text run at (4,1) width 18: "foo"
        LayoutText {#text} at (235,73) size 7x19
          text run at (235,73) width 7: "a"
        LayoutMenuList {SELECT} at (242,73) size 40x20 [color=#808080] [bgcolor=#DDDDDD] [border: (1px solid #A9A9A9)]
          LayoutBlockFlow (anonymous) at (1,1) size 38x18
            LayoutText (anonymous) at (4,1) size 18x16
              text run at (4,1) width 18: "bar"
        LayoutText {#text} at (282,73) size 8x19
          text run at (282,73) width 8: "b"
        LayoutBR {BR} at (290,73) size 0x19
        LayoutBR {BR} at (1,91) size 0x19
        LayoutText {#text} at (1,113) size 434x19
          text run at (1,113) width 434: "Padding should be respected, the arrow button shouldn't change size:"
        LayoutMenuList {SELECT} at (435,109) size 48x28 [bgcolor=#DDDDDD] [border: (1px solid #A9A9A9)]
          LayoutBlockFlow (anonymous) at (5,5) size 38x18
            LayoutText (anonymous) at (4,1) size 18x16
              text run at (4,1) width 18: "foo"
        LayoutText {#text} at (483,113) size 7x19
          text run at (483,113) width 7: "a"
        LayoutMenuList {SELECT} at (490,109) size 48x28 [color=#808080] [bgcolor=#DDDDDD] [border: (1px solid #A9A9A9)]
          LayoutBlockFlow (anonymous) at (5,5) size 38x18
            LayoutText (anonymous) at (4,1) size 18x16
              text run at (4,1) width 18: "foo"
        LayoutText {#text} at (538,113) size 8x19
          text run at (538,113) width 8: "b"
        LayoutBR {BR} at (546,113) size 0x19
        LayoutBR {BR} at (1,135) size 0x19
        LayoutText {#text} at (1,160) size 176x19
          text run at (1,160) width 176: "Border should be respected:"
        LayoutMenuList {SELECT} at (177,153) size 54x34 [bgcolor=#DDDDDD] [border: (8px solid #33CCFF)]
          LayoutBlockFlow (anonymous) at (8,8) size 38x18
            LayoutText (anonymous) at (4,1) size 18x16
              text run at (4,1) width 18: "foo"
        LayoutText {#text} at (231,160) size 7x19
          text run at (231,160) width 7: "a"
        LayoutMenuList {SELECT} at (238,153) size 54x34 [color=#808080] [bgcolor=#DDDDDD] [border: (8px solid #33CCFF)]
          LayoutBlockFlow (anonymous) at (8,8) size 38x18
            LayoutText (anonymous) at (4,1) size 18x16
              text run at (4,1) width 18: "foo"
        LayoutText {#text} at (292,160) size 8x19
          text run at (292,160) width 8: "b"
        LayoutBR {BR} at (300,160) size 0x19
        LayoutBR {BR} at (1,185) size 0x19
        LayoutText {#text} at (1,211) size 116x19
          text run at (1,211) width 116: "Border + padding:"
        LayoutMenuList {SELECT} at (117,203) size 56x36 [bgcolor=#DDDDDD] [border: (4px solid #33CCFF)]
          LayoutBlockFlow (anonymous) at (9,9) size 38x18
            LayoutText (anonymous) at (4,1) size 18x16
              text run at (4,1) width 18: "foo"
        LayoutText {#text} at (173,211) size 7x19
          text run at (173,211) width 7: "a"
        LayoutMenuList {SELECT} at (180,203) size 56x36 [color=#808080] [bgcolor=#DDDDDD] [border: (4px solid #33CCFF)]
          LayoutBlockFlow (anonymous) at (9,9) size 38x18
            LayoutText (anonymous) at (4,1) size 18x16
              text run at (4,1) width 18: "foo"
        LayoutText {#text} at (236,211) size 8x19
          text run at (236,211) width 8: "b"
        LayoutBR {BR} at (244,211) size 0x19
        LayoutBR {BR} at (1,237) size 0x19
        LayoutText {#text} at (1,260) size 480x19
          text run at (1,260) width 480: "Height larger than font-size, button should grow, text baseline should center:"
        LayoutMenuList {SELECT} at (481,255) size 40x30 [bgcolor=#DDDDDD] [border: (1px solid #A9A9A9)]
          LayoutBlockFlow (anonymous) at (1,6) size 38x18
            LayoutText (anonymous) at (4,1) size 18x16
              text run at (4,1) width 18: "foo"
        LayoutText {#text} at (521,260) size 7x19
          text run at (521,260) width 7: "a"
        LayoutMenuList {SELECT} at (528,255) size 40x30 [color=#808080] [bgcolor=#DDDDDD] [border: (1px solid #A9A9A9)]
          LayoutBlockFlow (anonymous) at (1,6) size 38x18
            LayoutText (anonymous) at (4,1) size 4x16
              text run at (4,1) width 4: " "
        LayoutText {#text} at (568,260) size 8x19
          text run at (568,260) width 8: "b"
        LayoutBR {BR} at (576,260) size 0x19
        LayoutBR {BR} at (1,283) size 0x19
        LayoutText {#text} at (1,301) size 486x19
          text run at (1,301) width 486: "Height smaller than font-size, whole select shrinks but baseline is unchanged:"
        LayoutMenuList {SELECT} at (487,301) size 40x3 [bgcolor=#DDDDDD] [border: (1px solid #A9A9A9)]
          LayoutBlockFlow (anonymous) at (1,1) size 38x18
            LayoutText (anonymous) at (4,1) size 18x16
              text run at (4,1) width 18: "foo"
        LayoutText {#text} at (527,301) size 7x19
          text run at (527,301) width 7: "a"
        LayoutMenuList {SELECT} at (534,301) size 40x3 [bgcolor=#DDDDDD] [border: (1px solid #A9A9A9)]
          LayoutBlockFlow (anonymous) at (1,1) size 38x18
            LayoutText (anonymous) at (4,1) size 18x16
              text run at (4,1) width 18: "bar"
        LayoutText {#text} at (574,301) size 8x19
          text run at (574,301) width 8: "b"
        LayoutBR {BR} at (582,301) size 0x19
        LayoutBR {BR} at (1,317) size 0x19
        LayoutText {#text} at (1,333) size 168x19
          text run at (1,333) width 168: "select control with size=0: "
        LayoutBR {BR} at (169,333) size 0x19
        LayoutMenuList {SELECT} at (1,351) size 200x20 [bgcolor=#DDDDDD] [border: (1px solid #A9A9A9)]
          LayoutBlockFlow (anonymous) at (1,1) size 198x18
            LayoutText (anonymous) at (4,1) size 78x16
              text run at (4,1) width 78: "Future Series"
        LayoutText {#text} at (201,351) size 4x19
          text run at (201,351) width 4: " "
        LayoutBR {BR} at (0,0) size 0x0
        LayoutText {#text} at (1,369) size 168x19
          text run at (1,369) width 168: "select control with size=1: "
        LayoutBR {BR} at (169,369) size 0x19
        LayoutMenuList {SELECT} at (1,387) size 200x20 [bgcolor=#DDDDDD] [border: (1px solid #A9A9A9)]
          LayoutBlockFlow (anonymous) at (1,1) size 198x18
            LayoutText (anonymous) at (4,1) size 78x16
              text run at (4,1) width 78: "Future Series"
        LayoutText {#text} at (201,387) size 4x19
          text run at (201,387) width 4: " "
        LayoutBR {BR} at (0,0) size 0x0
        LayoutText {#text} at (1,405) size 165x19
          text run at (1,405) width 165: "Non-styled select control: "
        LayoutBR {BR} at (166,405) size 0x19
        LayoutMenuList {SELECT} at (1,423) size 220x40 [bgcolor=#DDDDDD] [border: (1px solid #A9A9A9)]
          LayoutBlockFlow (anonymous) at (11,11) size 198x18
            LayoutText (anonymous) at (4,1) size 78x16
              text run at (4,1) width 78: "Future Series"
        LayoutText {#text} at (221,433) size 4x19
          text run at (221,433) width 4: " "
        LayoutBR {BR} at (0,0) size 0x0
        LayoutText {#text} at (1,461) size 290x19
          text run at (1,461) width 290: "Styled select control with large border-radius: "
        LayoutBR {BR} at (291,461) size 0x19
        LayoutMenuList {SELECT} at (1,479) size 220x40 [bgcolor=#33CCFF] [border: (1px solid #A9A9A9)]
          LayoutBlockFlow (anonymous) at (11,11) size 198x18
            LayoutText (anonymous) at (4,1) size 78x16
              text run at (4,1) width 78: "Future Series"
        LayoutText {#text} at (221,489) size 4x19
          text run at (221,489) width 4: " "
        LayoutBR {BR} at (0,0) size 0x0
