layer at (0,0) size 800x600
  LayoutView at (0,0) size 800x600
layer at (0,0) size 800x199
  LayoutBlockFlow {HTML} at (0,0) size 800x199
    LayoutBlockFlow {BODY} at (8,16) size 784x175
      LayoutBlockFlow {P} at (0,0) size 784x20
        LayoutText {#text} at (0,0) size 595x19
          text run at (0,0) width 595: "The select list box should not display items (options and optgroups) with style \"display: none\"."
      LayoutBlockFlow (anonymous) at (0,36) size 784x139
        LayoutText {#text} at (58,119) size 4x19
          text run at (58,119) width 4: " "
        LayoutText {#text} at (127,119) size 4x19
          text run at (127,119) width 4: " "
        LayoutText {#text} at (196,119) size 4x19
          text run at (196,119) width 4: " "
        LayoutText {#text} at (258,119) size 4x19
          text run at (258,119) width 4: " "
        LayoutText {#text} at (320,119) size 4x19
          text run at (320,119) width 4: " "
        LayoutText {#text} at (0,0) size 0x0
layer at (8,69) size 58x121 clip at (9,70) size 41x119
  LayoutListBox {SELECT} at (0,17) size 58x121 [bgcolor=#FFFFFF] [border: (1px solid #A9A9A9)]
    LayoutBlockFlow {OPTION} at (1,1) size 41x17
      LayoutText {#text} at (2,0) size 24x16
        text run at (2,0) width 24: "One"
    LayoutBlockFlow {OPTION} at (1,18) size 41x17
      LayoutText {#text} at (2,0) size 24x16
        text run at (2,0) width 24: "Two"
    LayoutBlockFlow {OPTION} at (1,35) size 41x17
      LayoutText {#text} at (2,0) size 33x16
        text run at (2,0) width 33: "Three"
    LayoutBlockFlow {OPTION} at (1,52) size 41x17
      LayoutText {#text} at (2,0) size 25x16
        text run at (2,0) width 25: "Five"
    LayoutBlockFlow {OPTION} at (1,69) size 41x17
      LayoutText {#text} at (2,0) size 19x16
        text run at (2,0) width 19: "Six"
    LayoutBlockFlow {OPTION} at (1,86) size 41x17
      LayoutText {#text} at (2,0) size 37x16
        text run at (2,0) width 37: "Seven"
layer at (70,69) size 65x121 clip at (71,70) size 48x119
  LayoutListBox {SELECT} at (62,17) size 65x121 [bgcolor=#FFFFFF] [border: (1px solid #A9A9A9)]
    LayoutBlockFlow {OPTION} at (1,1) size 48x17
      LayoutText {#text} at (2,0) size 24x16
        text run at (2,0) width 24: "One"
    LayoutBlockFlow {OPTION} at (1,18) size 48x17
      LayoutText {#text} at (2,0) size 24x16
        text run at (2,0) width 24: "Two"
    LayoutBlockFlow {OPTION} at (1,35) size 48x17
      LayoutText {#text} at (2,0) size 33x16
        text run at (2,0) width 33: "Three"
    LayoutBlockFlow {OPTGROUP} at (1,52) size 48x34
      LayoutBlockFlow {DIV} at (0,0) size 48x17
        LayoutText {#text} at (2,0) size 44x16
          text run at (2,0) width 44: "***45***"
      LayoutBlockFlow {OPTION} at (0,17) size 48x17
        LayoutInline {<pseudo:before>} at (0,0) size 16x16
          LayoutTextFragment (anonymous) at (2,0) size 16x16
            text run at (2,0) width 16: "    "
        LayoutText {#text} at (18,0) size 25x16
          text run at (18,0) width 25: "Five"
    LayoutBlockFlow {OPTION} at (1,86) size 48x17
      LayoutText {#text} at (2,0) size 37x16
        text run at (2,0) width 37: "Seven"
layer at (139,69) size 65x121 clip at (140,70) size 48x119
  LayoutListBox {SELECT} at (131,17) size 65x121 [bgcolor=#FFFFFF] [border: (1px solid #A9A9A9)]
    LayoutBlockFlow {OPTION} at (1,1) size 48x17
      LayoutText {#text} at (2,0) size 24x16
        text run at (2,0) width 24: "One"
    LayoutBlockFlow {OPTION} at (1,18) size 48x17
      LayoutText {#text} at (2,0) size 24x16
        text run at (2,0) width 24: "Two"
    LayoutBlockFlow {OPTGROUP} at (1,35) size 48x34
      LayoutBlockFlow {DIV} at (0,0) size 48x17
        LayoutText {#text} at (2,0) size 44x16
          text run at (2,0) width 44: "***45***"
      LayoutBlockFlow {OPTION} at (0,17) size 48x17
        LayoutInline {<pseudo:before>} at (0,0) size 16x16
          LayoutTextFragment (anonymous) at (2,0) size 16x16
            text run at (2,0) width 16: "    "
        LayoutText {#text} at (18,0) size 26x16
          text run at (18,0) width 26: "Four"
    LayoutBlockFlow {OPTION} at (1,69) size 48x17
      LayoutText {#text} at (2,0) size 19x16
        text run at (2,0) width 19: "Six"
    LayoutBlockFlow {OPTION} at (1,86) size 48x17
      LayoutText {#text} at (2,0) size 37x16
        text run at (2,0) width 37: "Seven"
layer at (208,52) size 58x138 clip at (209,53) size 41x136
  LayoutListBox {SELECT} at (200,0) size 58x138 [bgcolor=#FFFFFF] [border: (1px solid #A9A9A9)]
    LayoutBlockFlow {OPTION} at (1,1) size 41x17
      LayoutText {#text} at (2,0) size 24x16
        text run at (2,0) width 24: "One"
    LayoutBlockFlow {OPTION} at (1,18) size 41x17
      LayoutText {#text} at (2,0) size 24x16
        text run at (2,0) width 24: "Two"
    LayoutBlockFlow {OPTION} at (1,35) size 41x17
      LayoutText {#text} at (2,0) size 33x16
        text run at (2,0) width 33: "Three"
    LayoutBlockFlow {OPTION} at (1,52) size 41x17
      LayoutText {#text} at (2,0) size 37x16
        text run at (2,0) width 37: "Seven"
layer at (270,52) size 58x138 clip at (271,53) size 41x136
  LayoutListBox {SELECT} at (262,0) size 58x138 [bgcolor=#FFFFFF] [border: (1px solid #A9A9A9)]
    LayoutBlockFlow {OPTION} at (1,1) size 41x17
      LayoutText {#text} at (2,0) size 24x16
        text run at (2,0) width 24: "One"
    LayoutBlockFlow {OPTION} at (1,18) size 41x17
      LayoutText {#text} at (2,0) size 24x16
        text run at (2,0) width 24: "Two"
    LayoutBlockFlow {OPTION} at (1,35) size 41x17
      LayoutText {#text} at (2,0) size 33x16
        text run at (2,0) width 33: "Three"
    LayoutBlockFlow {OPTION} at (1,52) size 41x17
      LayoutText {#text} at (2,0) size 37x16
        text run at (2,0) width 37: "Seven"
layer at (332,52) size 63x138 clip at (333,53) size 46x136
  LayoutListBox {SELECT} at (324,0) size 63x138 [bgcolor=#FFFFFF] [border: (1px solid #A9A9A9)]
    LayoutBlockFlow {OPTION} at (1,1) size 46x17
      LayoutText {#text} at (2,0) size 24x16
        text run at (2,0) width 24: "One"
    LayoutBlockFlow {OPTION} at (1,18) size 46x17
      LayoutText {#text} at (2,0) size 24x16
        text run at (2,0) width 24: "Two"
    LayoutBlockFlow {OPTION} at (1,35) size 46x17
      LayoutText {#text} at (2,0) size 33x16
        text run at (2,0) width 33: "Three"
    LayoutBlockFlow {OPTGROUP} at (1,52) size 46x68
      LayoutBlockFlow {DIV} at (0,0) size 46x17
        LayoutText {#text} at (2,0) size 41x16
          text run at (2,0) width 41: "**456**"
      LayoutBlockFlow {OPTION} at (0,17) size 46x17
        LayoutInline {<pseudo:before>} at (0,0) size 16x16
          LayoutTextFragment (anonymous) at (2,0) size 16x16
            text run at (2,0) width 16: "    "
        LayoutText {#text} at (18,0) size 26x16
          text run at (18,0) width 26: "Four"
      LayoutBlockFlow {OPTION} at (0,34) size 46x17
        LayoutInline {<pseudo:before>} at (0,0) size 16x16
          LayoutTextFragment (anonymous) at (2,0) size 16x16
            text run at (2,0) width 16: "    "
        LayoutText {#text} at (18,0) size 25x16
          text run at (18,0) width 25: "Five"
      LayoutBlockFlow {OPTION} at (0,51) size 46x17
        LayoutInline {<pseudo:before>} at (0,0) size 16x16
          LayoutTextFragment (anonymous) at (2,0) size 16x16
            text run at (2,0) width 16: "    "
        LayoutText {#text} at (18,0) size 19x16
          text run at (18,0) width 19: "Six"
    LayoutBlockFlow {OPTION} at (1,120) size 46x17
      LayoutText {#text} at (2,0) size 37x16
        text run at (2,0) width 37: "Seven"
