layer at (0,0) size 800x600
  LayoutView at (0,0) size 800x600
layer at (0,0) size 800x567
  LayoutBlockFlow {HTML} at (0,0) size 800x567
    LayoutBlockFlow {BODY} at (8,16) size 784x543
      LayoutBlockFlow {P} at (0,0) size 784x40
        LayoutText {#text} at (0,0) size 742x39
          text run at (0,0) width 742: "This tests that bidirectional text is correctly rendered in popup controls. The order of the text below each popup button"
          text run at (0,20) width 587: "should match the order of the select's option text, and the order of the text in the popup menu."
      LayoutBlockFlow {DL} at (0,56) size 784x180
        LayoutBlockFlow {DT} at (0,0) size 784x20
          LayoutText {#text} at (0,0) size 275x19
            text run at (0,0) width 275: "1) direction: rtl; -webkit-rtl-ordering: logical"
        LayoutBlockFlow {DD} at (40,20) size 744x40
          LayoutBlockFlow (anonymous) at (0,0) size 744x20
            LayoutMenuList {SELECT} at (0,0) size 100x20 [bgcolor=#C0C0C0] [border: (1px solid #A9A9A9)]
              LayoutBlockFlow (anonymous) at (1,1) size 98x18
                LayoutText (anonymous) at (26,1) size 68x16
                  text run at (26,1) width 47 RTL: "\x{5D0}\x{5E4}\x{5E8}\x{5E1}\x{5DE}\x{5D5}\x{5DF}"
                  text run at (73,1) width 21: "abc"
            LayoutText {#text} at (0,0) size 0x0
          LayoutBlockFlow {DIV} at (0,20) size 100x20
            LayoutText {#text} at (26,0) size 74x19
              text run at (26,0) width 52 RTL: "\x{5D0}\x{5E4}\x{5E8}\x{5E1}\x{5DE}\x{5D5}\x{5DF}"
              text run at (78,0) width 22: "abc"
        LayoutBlockFlow {DT} at (0,60) size 784x20
          LayoutText {#text} at (0,0) size 113x19
            text run at (0,0) width 113: "2) text-align: right"
        LayoutBlockFlow {DD} at (40,80) size 744x40
          LayoutBlockFlow (anonymous) at (0,0) size 744x20
            LayoutMenuList {SELECT} at (0,0) size 200x20 [bgcolor=#C0C0C0] [border: (1px solid #A9A9A9)]
              LayoutBlockFlow (anonymous) at (1,1) size 198x18
                LayoutText (anonymous) at (4,1) size 68x16
                  text run at (4,1) width 21: "abc"
                  text run at (25,1) width 47 RTL: "\x{5D0}\x{5E4}\x{5E8}\x{5E1}\x{5DE}\x{5D5}\x{5DF}"
            LayoutText {#text} at (0,0) size 0x0
          LayoutBlockFlow {DIV} at (0,20) size 200x20
            LayoutText {#text} at (0,0) size 74x19
              text run at (0,0) width 22: "abc"
              text run at (22,0) width 52 RTL: "\x{5D0}\x{5E4}\x{5E8}\x{5E1}\x{5DE}\x{5D5}\x{5DF}"
        LayoutBlockFlow {DT} at (0,120) size 784x20
          LayoutText {#text} at (0,0) size 70x19
            text run at (0,0) width 70: "3) No style"
        LayoutBlockFlow {DD} at (40,140) size 744x40
          LayoutBlockFlow (anonymous) at (0,0) size 744x20
            LayoutMenuList {SELECT} at (0,0) size 100x20 [bgcolor=#C0C0C0] [border: (1px solid #A9A9A9)]
              LayoutBlockFlow (anonymous) at (1,1) size 98x18
                LayoutText (anonymous) at (4,1) size 68x16
                  text run at (4,1) width 21: "abc"
                  text run at (25,1) width 47 RTL: "\x{5D0}\x{5E4}\x{5E8}\x{5E1}\x{5DE}\x{5D5}\x{5DF}"
            LayoutText {#text} at (0,0) size 0x0
          LayoutBlockFlow {DIV} at (0,20) size 100x20
            LayoutText {#text} at (0,0) size 74x19
              text run at (0,0) width 22: "abc"
              text run at (22,0) width 52 RTL: "\x{5D0}\x{5E4}\x{5E8}\x{5E1}\x{5DE}\x{5D5}\x{5DF}"
      LayoutBlockFlow {DIV} at (0,262) size 784x59
        LayoutBlockFlow (anonymous) at (0,0) size 784x20
          LayoutText {#text} at (0,0) size 622x19
            text run at (0,0) width 622: "The following line and the SELECT element should have same text, and no characters are lacking."
        LayoutBlockFlow {DIV} at (0,20) size 784x19
          LayoutText {#text} at (0,0) size 139x18
            text run at (0,0) width 139 RTL: "\x{627}\x{644}\x{627}\x{642}\x{62A}\x{631}\x{627}\x{62D}\x{627}\x{62A} / \x{627}\x{644}\x{634}\x{643}\x{627}\x{648}\x{64A}"
        LayoutBlockFlow (anonymous) at (0,39) size 784x20
          LayoutMenuList {SELECT} at (0,0) size 137x20 [bgcolor=#C0C0C0] [border: (1px solid #A9A9A9)]
            LayoutBlockFlow (anonymous) at (1,1) size 135x18
              LayoutText (anonymous) at (4,1) size 115x16
                text run at (4,1) width 115 RTL: "\x{627}\x{644}\x{627}\x{642}\x{62A}\x{631}\x{627}\x{62D}\x{627}\x{62A} / \x{627}\x{644}\x{634}\x{643}\x{627}\x{648}\x{64A}"
          LayoutText {#text} at (0,0) size 0x0
      LayoutBlockFlow {P} at (0,347) size 784x20
        LayoutText {#text} at (0,0) size 693x19
          text run at (0,0) width 693: "Verify that the alignment and writing direction of each selected item matches the one below the pop-up button."
layer at (8,268) size 784x2 clip at (0,0) size 0x0
  LayoutBlockFlow {HR} at (0,252) size 784x2 [border: (1px inset #EEEEEE)]
layer at (8,345) size 784x2 clip at (0,0) size 0x0
  LayoutBlockFlow {HR} at (0,329) size 784x2 [border: (1px inset #EEEEEE)]
layer at (8,399) size 784x160
  LayoutBlockFlow {DIV} at (0,383) size 784x160
    LayoutMultiColumnSet (anonymous) at (0,0) size 784x160
layer at (8,399) size 384x320 backgroundClip at (0,0) size 400x559 clip at (0,0) size 400x559
  LayoutMultiColumnFlowThread (anonymous) at (0,0) size 384x320
    LayoutBlockFlow {DIV} at (0,0) size 384x160
      LayoutMenuList {SELECT} at (0,0) size 350x22 [bgcolor=#C0C0C0] [border: (1px solid #A9A9A9)]
        LayoutBlockFlow (anonymous) at (1,1) size 348x21
          LayoutText (anonymous) at (4,1) size 179x18
            text run at (4,1) width 35: "First "
            text run at (39,1) width 56 RTL: ") \x{5E8}\x{5D1}\x{5D9}\x{5E2}\x{5D9}\x{5EA}"
            text run at (95,1) width 18: "03"
            text run at (113,1) width 41 RTL: "\x{5E9}\x{5E0}\x{5D9}\x{5D4} ("
            text run at (154,1) width 29: " fifth"
      LayoutBlockFlow {DIV} at (0,22) size 352x18
        LayoutText {#text} at (1,1) size 137x15
          text run at (1,1) width 27: "First "
          text run at (28,1) width 40 RTL: ") \x{5E8}\x{5D1}\x{5D9}\x{5E2}\x{5D9}\x{5EA}"
          text run at (68,1) width 14: "03"
          text run at (82,1) width 30 RTL: "\x{5E9}\x{5E0}\x{5D9}\x{5D4} ("
          text run at (112,1) width 26: " fifth"
      LayoutMenuList {SELECT} at (0,40) size 350x22 [bgcolor=#C0C0C0] [border: (1px solid #A9A9A9)]
        LayoutBlockFlow (anonymous) at (1,1) size 348x21
          LayoutText (anonymous) at (4,1) size 179x18
            text run at (4,1) width 25: "fifth"
            text run at (29,1) width 60 RTL: ") \x{5E8}\x{5D1}\x{5D9}\x{5E2}\x{5D9}\x{5EA} "
            text run at (89,1) width 18: "03"
            text run at (107,1) width 45 RTL: " \x{5E9}\x{5E0}\x{5D9}\x{5D4} ("
            text run at (152,1) width 31: "First"
      LayoutBlockFlow {DIV} at (0,62) size 352x18
        LayoutText {#text} at (1,1) size 137x15
          text run at (1,1) width 23: "fifth"
          text run at (24,1) width 43 RTL: ") \x{5E8}\x{5D1}\x{5D9}\x{5E2}\x{5D9}\x{5EA} "
          text run at (67,1) width 14: "03"
          text run at (81,1) width 33 RTL: " \x{5E9}\x{5E0}\x{5D9}\x{5D4} ("
          text run at (114,1) width 24: "First"
      LayoutMenuList {SELECT} at (0,80) size 350x22 [bgcolor=#C0C0C0] [border: (1px solid #A9A9A9)]
        LayoutBlockFlow (anonymous) at (1,1) size 348x21
          LayoutText (anonymous) at (4,1) size 179x18
            text run at (4,1) width 179 LTR override: "First \x{5E9}\x{5E0}\x{5D9}\x{5D4} (03) \x{5E8}\x{5D1}\x{5D9}\x{5E2}\x{5D9}\x{5EA} fifth"
      LayoutBlockFlow {DIV} at (0,102) size 352x18
        LayoutText {#text} at (1,1) size 137x15
          text run at (1,1) width 137 LTR override: "First \x{5E9}\x{5E0}\x{5D9}\x{5D4} (03) \x{5E8}\x{5D1}\x{5D9}\x{5E2}\x{5D9}\x{5EA} fifth"
      LayoutMenuList {SELECT} at (0,120) size 350x22 [bgcolor=#C0C0C0] [border: (1px solid #A9A9A9)]
        LayoutBlockFlow (anonymous) at (1,1) size 348x21
          LayoutText (anonymous) at (4,1) size 179x18
            text run at (4,1) width 179 RTL override: "First \x{5E9}\x{5E0}\x{5D9}\x{5D4} (03) \x{5E8}\x{5D1}\x{5D9}\x{5E2}\x{5D9}\x{5EA} fifth"
      LayoutBlockFlow {DIV} at (0,142) size 352x18
        LayoutText {#text} at (1,1) size 137x15
          text run at (1,1) width 137 RTL override: "First \x{5E9}\x{5E0}\x{5D9}\x{5D4} (03) \x{5E8}\x{5D1}\x{5D9}\x{5E2}\x{5D9}\x{5EA} fifth"
    LayoutBlockFlow {DIV} at (0,160) size 384x160
      LayoutMenuList {SELECT} at (0,0) size 350x22 [bgcolor=#C0C0C0] [border: (1px solid #A9A9A9)]
        LayoutBlockFlow (anonymous) at (1,1) size 348x21
          LayoutText (anonymous) at (165,1) size 179x18
            text run at (165,1) width 35: "First "
            text run at (200,1) width 56 RTL: ") \x{5E8}\x{5D1}\x{5D9}\x{5E2}\x{5D9}\x{5EA}"
            text run at (256,1) width 18: "03"
            text run at (274,1) width 41 RTL: "\x{5E9}\x{5E0}\x{5D9}\x{5D4} ("
            text run at (315,1) width 29: " fifth"
      LayoutBlockFlow {DIV} at (0,22) size 352x18
        LayoutText {#text} at (214,1) size 137x15
          text run at (214,1) width 27: "First "
          text run at (241,1) width 40 RTL: ") \x{5E8}\x{5D1}\x{5D9}\x{5E2}\x{5D9}\x{5EA}"
          text run at (281,1) width 14: "03"
          text run at (295,1) width 30 RTL: "\x{5E9}\x{5E0}\x{5D9}\x{5D4} ("
          text run at (325,1) width 26: " fifth"
      LayoutMenuList {SELECT} at (0,40) size 350x22 [bgcolor=#C0C0C0] [border: (1px solid #A9A9A9)]
        LayoutBlockFlow (anonymous) at (1,1) size 348x21
          LayoutText (anonymous) at (165,1) size 179x18
            text run at (165,1) width 25: "fifth"
            text run at (190,1) width 60 RTL: ") \x{5E8}\x{5D1}\x{5D9}\x{5E2}\x{5D9}\x{5EA} "
            text run at (250,1) width 18: "03"
            text run at (268,1) width 45 RTL: " \x{5E9}\x{5E0}\x{5D9}\x{5D4} ("
            text run at (313,1) width 31: "First"
      LayoutBlockFlow {DIV} at (0,62) size 352x18
        LayoutText {#text} at (214,1) size 137x15
          text run at (214,1) width 23: "fifth"
          text run at (237,1) width 43 RTL: ") \x{5E8}\x{5D1}\x{5D9}\x{5E2}\x{5D9}\x{5EA} "
          text run at (280,1) width 14: "03"
          text run at (294,1) width 33 RTL: " \x{5E9}\x{5E0}\x{5D9}\x{5D4} ("
          text run at (327,1) width 24: "First"
      LayoutMenuList {SELECT} at (0,80) size 350x22 [bgcolor=#C0C0C0] [border: (1px solid #A9A9A9)]
        LayoutBlockFlow (anonymous) at (1,1) size 348x21
          LayoutText (anonymous) at (165,1) size 179x18
            text run at (165,1) width 179 LTR override: "First \x{5E9}\x{5E0}\x{5D9}\x{5D4} (03) \x{5E8}\x{5D1}\x{5D9}\x{5E2}\x{5D9}\x{5EA} fifth"
      LayoutBlockFlow {DIV} at (0,102) size 352x18
        LayoutText {#text} at (214,1) size 137x15
          text run at (214,1) width 137 LTR override: "First \x{5E9}\x{5E0}\x{5D9}\x{5D4} (03) \x{5E8}\x{5D1}\x{5D9}\x{5E2}\x{5D9}\x{5EA} fifth"
      LayoutMenuList {SELECT} at (0,120) size 350x22 [bgcolor=#C0C0C0] [border: (1px solid #A9A9A9)]
        LayoutBlockFlow (anonymous) at (1,1) size 348x21
          LayoutText (anonymous) at (165,1) size 179x18
            text run at (165,1) width 179 RTL override: "First \x{5E9}\x{5E0}\x{5D9}\x{5D4} (03) \x{5E8}\x{5D1}\x{5D9}\x{5E2}\x{5D9}\x{5EA} fifth"
      LayoutBlockFlow {DIV} at (0,142) size 352x18
        LayoutText {#text} at (214,1) size 137x15
          text run at (214,1) width 137 RTL override: "First \x{5E9}\x{5E0}\x{5D9}\x{5D4} (03) \x{5E8}\x{5D1}\x{5D9}\x{5E2}\x{5D9}\x{5EA} fifth"
