layer at (0,0) size 800x600
  LayoutView at (0,0) size 800x600
layer at (0,0) size 800x525
  LayoutBlockFlow {HTML} at (0,0) size 800x525
    LayoutBlockFlow {BODY} at (8,8) size 784x509
      LayoutMenuList {SELECT} at (4,4) size 40x20 [bgcolor=#DDDDDD] [border: (1px solid #A9A9A9)]
        LayoutBlockFlow (anonymous) at (1,1) size 38x18
          LayoutText (anonymous) at (4,1) size 18x16
            text run at (4,1) width 18: "foo"
      LayoutText {#text} at (48,4) size 4x19
        text run at (48,4) width 4: " "
      LayoutBR {BR} at (52,4) size 0x19
      LayoutMenuList {SELECT} at (4,32) size 40x28 [bgcolor=#DDDDDD] [border: (1px solid #A9A9A9)]
        LayoutBlockFlow (anonymous) at (1,9) size 38x18
          LayoutText (anonymous) at (4,1) size 18x16
            text run at (4,1) width 18: "foo"
      LayoutText {#text} at (48,40) size 4x19
        text run at (48,40) width 4: " "
      LayoutMenuList {SELECT} at (56,40) size 46x20 [bgcolor=#DDDDDD] [border: (1px solid #A9A9A9)]
        LayoutBlockFlow (anonymous) at (1,1) size 38x18
          LayoutText (anonymous) at (4,1) size 18x16
            text run at (4,1) width 18: "foo"
      LayoutText {#text} at (106,40) size 4x19
        text run at (106,40) width 4: " "
      LayoutMenuList {SELECT} at (114,40) size 40x28 [bgcolor=#DDDDDD] [border: (1px solid #A9A9A9)]
        LayoutBlockFlow (anonymous) at (1,1) size 38x18
          LayoutText (anonymous) at (4,1) size 18x16
            text run at (4,1) width 18: "foo"
      LayoutText {#text} at (158,40) size 4x19
        text run at (158,40) width 4: " "
      LayoutMenuList {SELECT} at (166,40) size 46x20 [bgcolor=#DDDDDD] [border: (1px solid #A9A9A9)]
        LayoutBlockFlow (anonymous) at (7,1) size 38x18
          LayoutText (anonymous) at (4,1) size 18x16
            text run at (4,1) width 18: "foo"
      LayoutText {#text} at (216,40) size 4x19
        text run at (216,40) width 4: " "
      LayoutBR {BR} at (220,40) size 0x19
      LayoutMenuList {SELECT} at (4,76) size 44x24 [bgcolor=#DDDDDD] [border: (3px solid #00FF00)]
        LayoutBlockFlow (anonymous) at (3,3) size 38x18
          LayoutText (anonymous) at (4,1) size 18x16
            text run at (4,1) width 18: "foo"
      LayoutText {#text} at (52,78) size 4x19
        text run at (52,78) width 4: " "
      LayoutMenuList {SELECT} at (60,78) size 40x20 [bgcolor=#DDDDDD] [border: (1px solid #A9A9A9)]
        LayoutBlockFlow (anonymous) at (1,1) size 38x18
          LayoutText (anonymous) at (4,1) size 18x16
            text run at (4,1) width 18: "foo"
      LayoutText {#text} at (104,78) size 4x19
        text run at (104,78) width 4: " "
      LayoutBR {BR} at (108,78) size 0x19
      LayoutMenuList {SELECT} at (4,115) size 40x20 [color=#FFFFFF] [border: (1px solid #A9A9A9)]
        LayoutBlockFlow (anonymous) at (1,1) size 38x18
          LayoutText (anonymous) at (4,1) size 18x16
            text run at (4,1) width 18: "foo"
      LayoutText {#text} at (48,115) size 4x19
        text run at (48,115) width 4: " "
      LayoutBlockFlow {DIV} at (52,104) size 62x42 [bgcolor=#DBB102]
        LayoutMenuList {SELECT} at (12,12) size 38x18
          LayoutBlockFlow (anonymous) at (0,0) size 38x18
            LayoutText (anonymous) at (4,1) size 18x16
              text run at (4,1) width 18: "bar"
      LayoutText {#text} at (114,115) size 4x19
        text run at (114,115) width 4: " "
      LayoutBR {BR} at (118,115) size 0x19
      LayoutMenuList {SELECT} at (4,150) size 40x20 [bgcolor=#DDDDDD] [border: (1px solid #A9A9A9)]
        LayoutBlockFlow (anonymous) at (1,1) size 38x18
          LayoutText (anonymous) at (4,1) size 18x16
            text run at (4,1) width 18: "foo"
      LayoutText {#text} at (48,150) size 4x19
        text run at (48,150) width 4: " "
      LayoutBR {BR} at (52,150) size 0x19
      LayoutMenuList {SELECT} at (4,184) size 44x22 [bgcolor=#DDDDDD] [border: (1px solid #A9A9A9)]
        LayoutBlockFlow (anonymous) at (1,1) size 42x21
          LayoutText (anonymous) at (4,1) size 22x18
            text run at (4,1) width 22: "foo"
      LayoutText {#text} at (52,186) size 4x19
        text run at (52,186) width 4: " "
      LayoutMenuList {SELECT} at (60,180) size 50x27 [bgcolor=#DDDDDD] [border: (1px solid #A9A9A9)]
        LayoutBlockFlow (anonymous) at (1,1) size 48x26
          LayoutText (anonymous) at (4,1) size 28x23
            text run at (4,1) width 28: "foo"
      LayoutText {#text} at (114,186) size 4x19
        text run at (114,186) width 4: " "
      LayoutMenuList {SELECT} at (122,178) size 55x31 [bgcolor=#DDDDDD] [border: (1px solid #A9A9A9)]
        LayoutBlockFlow (anonymous) at (1,1) size 53x30
          LayoutText (anonymous) at (4,1) size 33x27
            text run at (4,1) width 33: "foo"
      LayoutText {#text} at (181,186) size 4x19
        text run at (181,186) width 4: " "
      LayoutMenuList {SELECT} at (189,186) size 121x20 [bgcolor=#DDDDDD] [border: (1px solid #A9A9A9)]
        LayoutBlockFlow (anonymous) at (1,1) size 119x18
          LayoutText (anonymous) at (4,1) size 99x16
            text run at (4,1) width 99: "September 2016"
      LayoutText {#text} at (314,186) size 4x19
        text run at (314,186) width 4: " "
      LayoutBR {BR} at (318,186) size 0x19
      LayoutMenuList {SELECT} at (6,230) size 61x28 [bgcolor=#DDDDDD] [border: (1.50px solid #A9A9A9)]
        LayoutBlockFlow (anonymous) at (1.50,1.50) size 58x26
          LayoutText (anonymous) at (6,1) size 28x23
            text run at (6,1) width 28: "foo"
      LayoutText {#text} at (73,236) size 4x19
        text run at (73,236) width 4: " "
      LayoutMenuList {SELECT} at (85,221) size 82x40 [bgcolor=#DDDDDD] [border: (2px solid #A9A9A9)]
        LayoutBlockFlow (anonymous) at (2,2) size 78x37
          LayoutText (anonymous) at (8,2) size 38x32
            text run at (8,2) width 38: "foo"
      LayoutText {#text} at (175,236) size 4x19
        text run at (175,236) width 4: " "
      LayoutMenuList {SELECT} at (181,242) size 31x13 [bgcolor=#DDDDDD] [border: (0.50px solid #A9A9A9)]
        LayoutBlockFlow (anonymous) at (0.50,0.50) size 30x12
          LayoutText (anonymous) at (2,0) size 13x12
            text run at (2,0) width 13: "foo"
      LayoutText {#text} at (214,236) size 4x19
        text run at (214,236) width 4: " "
      LayoutBR {BR} at (218,236) size 0x19
      LayoutText {#text} at (208,283) size 4x19
        text run at (208,283) width 4: " "
      LayoutBR {BR} at (212,283) size 0x19
      LayoutText {#text} at (208,317) size 4x19
        text run at (208,317) width 4: " "
      LayoutBR {BR} at (212,317) size 0x19
      LayoutText {#text} at (208,351) size 4x19
        text run at (208,351) width 4: " "
      LayoutBR {BR} at (212,351) size 0x19
      LayoutText {#text} at (208,385) size 4x19
        text run at (208,385) width 4: " "
      LayoutBR {BR} at (212,385) size 0x19
      LayoutText {#text} at (208,419) size 4x19
        text run at (208,419) width 4: " "
      LayoutBR {BR} at (212,419) size 0x19
      LayoutMenuList {SELECT} at (4,443) size 60x20 [bgcolor=#DDDDDD] [border: (1px solid #A9A9A9)]
        LayoutBlockFlow (anonymous) at (1,1) size 58x18
          LayoutText (anonymous) at (4,1) size 36x16
            text run at (4,1) width 36: "Month"
      LayoutText {#text} at (68,443) size 4x19
        text run at (68,443) width 4: " "
      LayoutBR {BR} at (72,443) size 0x19
      LayoutMenuList {SELECT} at (4,478) size 40x20 [bgcolor=#DDDDDD] [border: (1px solid #A9A9A9)]
        LayoutBlockFlow (anonymous) at (1,1) size 38x18
          LayoutText (anonymous) at (16,1) size 18x16
            text run at (16,1) width 18: "foo"
      LayoutText {#text} at (48,478) size 4x19
        text run at (48,478) width 4: " "
      LayoutMenuList {SELECT} at (56,476) size 44x24 [bgcolor=#DDDDDD] [border: (3px solid #00FF00)]
        LayoutBlockFlow (anonymous) at (3,3) size 38x18
          LayoutText (anonymous) at (16,1) size 18x16
            text run at (16,1) width 18: "foo"
      LayoutText {#text} at (104,478) size 4x19
        text run at (104,478) width 4: " "
      LayoutMenuList {SELECT} at (112,471) size 54x34 [bgcolor=#DDDDDD] [border: (8px solid #00FF00)]
        LayoutBlockFlow (anonymous) at (8,8) size 38x18
          LayoutText (anonymous) at (16,1) size 18x16
            text run at (16,1) width 18: "foo"
      LayoutText {#text} at (170,478) size 4x19
        text run at (170,478) width 4: " "
      LayoutMenuList {SELECT} at (178,478) size 40x20 [bgcolor=#DDDDDD] [border: (1px solid #A9A9A9)]
        LayoutBlockFlow (anonymous) at (1,1) size 38x18
          LayoutText (anonymous) at (16,1) size 18x16
            text run at (16,1) width 18: "foo"
      LayoutText {#text} at (222,478) size 4x19
        text run at (222,478) width 4: " "
      LayoutBR {BR} at (226,478) size 0x19
layer at (12,281) size 200x25 clip at (13,282) size 183x23 scrollHeight 51
  LayoutListBox {SELECT} at (4,273) size 200x25 [bgcolor=#FFFFFF] [border: (1px solid #A9A9A9)]
    LayoutBlockFlow {OPTION} at (1,1) size 183x17
      LayoutText {#text} at (2,0) size 37x16
        text run at (2,0) width 37: "Item 1"
    LayoutBlockFlow {OPTION} at (1,18) size 183x17
      LayoutText {#text} at (2,0) size 37x16
        text run at (2,0) width 37: "Item 2"
    LayoutBlockFlow {OPTION} at (1,35) size 183x17
      LayoutText {#text} at (2,0) size 37x16
        text run at (2,0) width 37: "Item 3"
layer at (12,315) size 200x25 clip at (13,316) size 183x23 scrollY 11.00 scrollHeight 51
  LayoutListBox {SELECT} at (4,307) size 200x25 [bgcolor=#FFFFFF] [border: (1px solid #A9A9A9)]
    LayoutBlockFlow {OPTION} at (1,1) size 183x17
      LayoutText {#text} at (2,0) size 37x16
        text run at (2,0) width 37: "Item 1"
    LayoutBlockFlow {OPTION} at (1,18) size 183x17 [color=#323232] [bgcolor=#C8C8C8]
      LayoutText {#text} at (2,0) size 37x16
        text run at (2,0) width 37: "Item 2"
    LayoutBlockFlow {OPTION} at (1,35) size 183x17
      LayoutText {#text} at (2,0) size 37x16
        text run at (2,0) width 37: "Item 3"
layer at (12,349) size 200x25 clip at (13,350) size 183x23 scrollY 11.00 scrollHeight 51
  LayoutListBox {SELECT} at (4,341) size 200x25 [bgcolor=#FFFFFF] [border: (1px solid #A9A9A9)]
    LayoutBlockFlow {OPTION} at (1,1) size 183x17
      LayoutText {#text} at (2,0) size 37x16
        text run at (2,0) width 37: "Item 1"
    LayoutBlockFlow {OPTION} at (1,18) size 183x17 [color=#323232] [bgcolor=#C8C8C8]
      LayoutText {#text} at (2,0) size 37x16
        text run at (2,0) width 37: "Item 2"
    LayoutBlockFlow {OPTION} at (1,35) size 183x17 [color=#323232] [bgcolor=#C8C8C8]
      LayoutText {#text} at (2,0) size 37x16
        text run at (2,0) width 37: "Item 3"
layer at (12,383) size 200x25 clip at (13,384) size 183x23 scrollHeight 374
  LayoutListBox {SELECT} at (4,375) size 200x25 [bgcolor=#FFFFFF] [border: (1px solid #A9A9A9)]
    LayoutBlockFlow {OPTION} at (1,1) size 183x17 [color=#323232] [bgcolor=#C8C8C8]
      LayoutText {#text} at (2,0) size 48x16
        text run at (2,0) width 48: "Item 0.1"
    LayoutBlockFlow {OPTGROUP} at (1,18) size 183x68
      LayoutBlockFlow {DIV} at (0,0) size 183x17
        LayoutText {#text} at (2,0) size 50x16
          text run at (2,0) width 50: "Group 1"
      LayoutBlockFlow {OPTION} at (0,17) size 183x17
        LayoutInline {<pseudo:before>} at (0,0) size 16x16
          LayoutTextFragment (anonymous) at (2,0) size 16x16
            text run at (2,0) width 16: "    "
        LayoutText {#text} at (18,0) size 48x16
          text run at (18,0) width 48: "Item 1.1"
      LayoutBlockFlow {OPTION} at (0,34) size 183x17
        LayoutInline {<pseudo:before>} at (0,0) size 16x16
          LayoutTextFragment (anonymous) at (2,0) size 16x16
            text run at (2,0) width 16: "    "
        LayoutText {#text} at (18,0) size 48x16
          text run at (18,0) width 48: "Item 1.2"
      LayoutBlockFlow {OPTION} at (0,51) size 183x17
        LayoutInline {<pseudo:before>} at (0,0) size 16x16
          LayoutTextFragment (anonymous) at (2,0) size 16x16
            text run at (2,0) width 16: "    "
        LayoutText {#text} at (18,0) size 48x16
          text run at (18,0) width 48: "Item 1.3"
    LayoutBlockFlow {OPTGROUP} at (1,86) size 183x68
      LayoutBlockFlow {DIV} at (0,0) size 183x17
        LayoutText {#text} at (2,0) size 50x16
          text run at (2,0) width 50: "Group 2"
      LayoutBlockFlow {OPTION} at (0,17) size 183x17
        LayoutInline {<pseudo:before>} at (0,0) size 16x16
          LayoutTextFragment (anonymous) at (2,0) size 16x16
            text run at (2,0) width 16: "    "
        LayoutText {#text} at (18,0) size 48x16
          text run at (18,0) width 48: "Item 2.1"
      LayoutBlockFlow {OPTION} at (0,34) size 183x17
        LayoutInline {<pseudo:before>} at (0,0) size 16x16
          LayoutTextFragment (anonymous) at (2,0) size 16x16
            text run at (2,0) width 16: "    "
        LayoutText {#text} at (18,0) size 48x16
          text run at (18,0) width 48: "Item 2.2"
      LayoutBlockFlow {OPTION} at (0,51) size 183x17 [color=#323232] [bgcolor=#C8C8C8]
        LayoutInline {<pseudo:before>} at (0,0) size 16x16
          LayoutTextFragment (anonymous) at (2,0) size 16x16
            text run at (2,0) width 16: "    "
        LayoutText {#text} at (18,0) size 48x16
          text run at (18,0) width 48: "Item 2.3"
    LayoutBlockFlow {OPTGROUP} at (1,154) size 183x68
      LayoutBlockFlow {DIV} at (0,0) size 183x17
        LayoutText {#text} at (2,0) size 50x16
          text run at (2,0) width 50: "Group 3"
      LayoutBlockFlow {OPTION} at (0,17) size 183x17 [color=#323232] [bgcolor=#C8C8C8]
        LayoutInline {<pseudo:before>} at (0,0) size 16x16
          LayoutTextFragment (anonymous) at (2,0) size 16x16
            text run at (2,0) width 16: "    "
        LayoutText {#text} at (18,0) size 48x16
          text run at (18,0) width 48: "Item 3.1"
      LayoutBlockFlow {OPTION} at (0,34) size 183x17
        LayoutInline {<pseudo:before>} at (0,0) size 16x16
          LayoutTextFragment (anonymous) at (2,0) size 16x16
            text run at (2,0) width 16: "    "
        LayoutText {#text} at (18,0) size 48x16
          text run at (18,0) width 48: "Item 3.2"
      LayoutBlockFlow {OPTION} at (0,51) size 183x17 [color=#323232] [bgcolor=#C8C8C8]
        LayoutInline {<pseudo:before>} at (0,0) size 16x16
          LayoutTextFragment (anonymous) at (2,0) size 16x16
            text run at (2,0) width 16: "    "
        LayoutText {#text} at (18,0) size 48x16
          text run at (18,0) width 48: "Item 3.3"
    LayoutBlockFlow {OPTGROUP} at (1,222) size 183x68
      LayoutBlockFlow {DIV} at (0,0) size 183x17
        LayoutText {#text} at (2,0) size 50x16
          text run at (2,0) width 50: "Group 4"
      LayoutBlockFlow {OPTION} at (0,17) size 183x17
        LayoutInline {<pseudo:before>} at (0,0) size 16x16
          LayoutTextFragment (anonymous) at (2,0) size 16x16
            text run at (2,0) width 16: "    "
        LayoutText {#text} at (18,0) size 48x16
          text run at (18,0) width 48: "Item 4.1"
      LayoutBlockFlow {OPTION} at (0,34) size 183x17 [color=#323232] [bgcolor=#C8C8C8]
        LayoutInline {<pseudo:before>} at (0,0) size 16x16
          LayoutTextFragment (anonymous) at (2,0) size 16x16
            text run at (2,0) width 16: "    "
        LayoutText {#text} at (18,0) size 48x16
          text run at (18,0) width 48: "Item 4.2"
      LayoutBlockFlow {OPTION} at (0,51) size 183x17
        LayoutInline {<pseudo:before>} at (0,0) size 16x16
          LayoutTextFragment (anonymous) at (2,0) size 16x16
            text run at (2,0) width 16: "    "
        LayoutText {#text} at (18,0) size 48x16
          text run at (18,0) width 48: "Item 4.3"
    LayoutBlockFlow {OPTGROUP} at (1,290) size 183x68
      LayoutBlockFlow {DIV} at (0,0) size 183x17
        LayoutText {#text} at (2,0) size 50x16
          text run at (2,0) width 50: "Group 5"
      LayoutBlockFlow {OPTION} at (0,17) size 183x17 [color=#323232] [bgcolor=#C8C8C8]
        LayoutInline {<pseudo:before>} at (0,0) size 16x16
          LayoutTextFragment (anonymous) at (2,0) size 16x16
            text run at (2,0) width 16: "    "
        LayoutText {#text} at (18,0) size 48x16
          text run at (18,0) width 48: "Item 5.1"
      LayoutBlockFlow {OPTION} at (0,34) size 183x17
        LayoutInline {<pseudo:before>} at (0,0) size 16x16
          LayoutTextFragment (anonymous) at (2,0) size 16x16
            text run at (2,0) width 16: "    "
        LayoutText {#text} at (18,0) size 48x16
          text run at (18,0) width 48: "Item 5.2"
      LayoutBlockFlow {OPTION} at (0,51) size 183x17
        LayoutInline {<pseudo:before>} at (0,0) size 16x16
          LayoutTextFragment (anonymous) at (2,0) size 16x16
            text run at (2,0) width 16: "    "
        LayoutText {#text} at (18,0) size 48x16
          text run at (18,0) width 48: "Item 5.3"
    LayoutBlockFlow {OPTION} at (1,358) size 183x17 [color=#323232] [bgcolor=#C8C8C8]
      LayoutText {#text} at (2,0) size 48x16
        text run at (2,0) width 48: "Item 0.2"
layer at (12,417) size 200x25 clip at (13,418) size 183x23 scrollHeight 20978
  LayoutListBox {SELECT} at (4,409) size 200x25 [bgcolor=#FFFFFF] [border: (1px solid #A9A9A9)]
    LayoutBlockFlow {OPTION} at (1,1) size 183x17 [color=#323232] [bgcolor=#C8C8C8]
      LayoutText {#text} at (2,0) size 37x16
        text run at (2,0) width 37: "Item 1"
    LayoutBlockFlow {OPTION} at (1,18) size 183x17 [color=#323232] [bgcolor=#C8C8C8]
      LayoutText {#text} at (2,0) size 37x16
        text run at (2,0) width 37: "Item 2"
    LayoutBlockFlow {OPTION} at (1,35) size 183x17 [color=#323232] [bgcolor=#C8C8C8]
      LayoutText {#text} at (2,0) size 37x16
        text run at (2,0) width 37: "Item 3"
    LayoutBlockFlow {OPTION} at (1,52) size 183x17 [color=#323232] [bgcolor=#C8C8C8]
      LayoutText {#text} at (2,0) size 37x16
        text run at (2,0) width 37: "Item 4"
    LayoutBlockFlow {OPTION} at (1,69) size 183x17 [color=#323232] [bgcolor=#C8C8C8]
      LayoutText {#text} at (2,0) size 37x16
        text run at (2,0) width 37: "Item 5"
    LayoutBlockFlow {OPTION} at (1,86) size 183x17 [color=#323232] [bgcolor=#C8C8C8]
      LayoutText {#text} at (2,0) size 37x16
        text run at (2,0) width 37: "Item 6"
    LayoutBlockFlow {OPTION} at (1,103) size 183x17 [color=#323232] [bgcolor=#C8C8C8]
      LayoutText {#text} at (2,0) size 37x16
        text run at (2,0) width 37: "Item 7"
    LayoutBlockFlow {OPTION} at (1,120) size 183x17 [color=#323232] [bgcolor=#C8C8C8]
      LayoutText {#text} at (2,0) size 37x16
        text run at (2,0) width 37: "Item 8"
    LayoutBlockFlow {OPTION} at (1,137) size 183x17 [color=#323232] [bgcolor=#C8C8C8]
      LayoutText {#text} at (2,0) size 37x16
        text run at (2,0) width 37: "Item 9"
    LayoutBlockFlow {OPTION} at (1,154) size 183x17 [color=#323232] [bgcolor=#C8C8C8]
      LayoutText {#text} at (2,0) size 44x16
        text run at (2,0) width 44: "Item 10"
    LayoutBlockFlow {OPTION} at (1,171) size 183x17 [color=#323232] [bgcolor=#C8C8C8]
      LayoutText {#text} at (2,0) size 43x16
        text run at (2,0) width 43: "Item 11"
    LayoutBlockFlow {OPTION} at (1,188) size 183x17 [color=#323232] [bgcolor=#C8C8C8]
      LayoutText {#text} at (2,0) size 44x16
        text run at (2,0) width 44: "Item 12"
    LayoutBlockFlow {OPTION} at (1,205) size 183x17 [color=#323232] [bgcolor=#C8C8C8]
      LayoutText {#text} at (2,0) size 44x16
        text run at (2,0) width 44: "Item 13"
    LayoutBlockFlow {OPTION} at (1,222) size 183x17 [color=#323232] [bgcolor=#C8C8C8]
      LayoutText {#text} at (2,0) size 44x16
        text run at (2,0) width 44: "Item 14"
    LayoutBlockFlow {OPTION} at (1,239) size 183x17 [color=#323232] [bgcolor=#C8C8C8]
      LayoutText {#text} at (2,0) size 44x16
        text run at (2,0) width 44: "Item 15"
    LayoutBlockFlow {OPTION} at (1,256) size 183x17 [color=#323232] [bgcolor=#C8C8C8]
      LayoutText {#text} at (2,0) size 44x16
        text run at (2,0) width 44: "Item 16"
    LayoutBlockFlow {OPTION} at (1,273) size 183x17 [color=#323232] [bgcolor=#C8C8C8]
      LayoutText {#text} at (2,0) size 44x16
        text run at (2,0) width 44: "Item 17"
    LayoutBlockFlow {OPTION} at (1,290) size 183x17 [color=#323232] [bgcolor=#C8C8C8]
      LayoutText {#text} at (2,0) size 44x16
        text run at (2,0) width 44: "Item 18"
    LayoutBlockFlow {OPTION} at (1,307) size 183x17 [color=#323232] [bgcolor=#C8C8C8]
      LayoutText {#text} at (2,0) size 44x16
        text run at (2,0) width 44: "Item 19"
    LayoutBlockFlow {OPTION} at (1,324) size 183x17 [color=#323232] [bgcolor=#C8C8C8]
      LayoutText {#text} at (2,0) size 44x16
        text run at (2,0) width 44: "Item 20"
    LayoutBlockFlow {OPTION} at (1,341) size 183x17 [color=#323232] [bgcolor=#C8C8C8]
      LayoutText {#text} at (2,0) size 44x16
        text run at (2,0) width 44: "Item 21"
    LayoutBlockFlow {OPTION} at (1,358) size 183x17 [color=#323232] [bgcolor=#C8C8C8]
      LayoutText {#text} at (2,0) size 44x16
        text run at (2,0) width 44: "Item 22"
    LayoutBlockFlow {OPTION} at (1,375) size 183x17 [color=#323232] [bgcolor=#C8C8C8]
      LayoutText {#text} at (2,0) size 44x16
        text run at (2,0) width 44: "Item 23"
    LayoutBlockFlow {OPTION} at (1,392) size 183x17 [color=#323232] [bgcolor=#C8C8C8]
      LayoutText {#text} at (2,0) size 44x16
        text run at (2,0) width 44: "Item 24"
    LayoutBlockFlow {OPTION} at (1,409) size 183x17 [color=#323232] [bgcolor=#C8C8C8]
      LayoutText {#text} at (2,0) size 44x16
        text run at (2,0) width 44: "Item 25"
    LayoutBlockFlow {OPTION} at (1,426) size 183x17 [color=#323232] [bgcolor=#C8C8C8]
      LayoutText {#text} at (2,0) size 44x16
        text run at (2,0) width 44: "Item 26"
    LayoutBlockFlow {OPTION} at (1,443) size 183x17 [color=#323232] [bgcolor=#C8C8C8]
      LayoutText {#text} at (2,0) size 44x16
        text run at (2,0) width 44: "Item 27"
    LayoutBlockFlow {OPTION} at (1,460) size 183x17 [color=#323232] [bgcolor=#C8C8C8]
      LayoutText {#text} at (2,0) size 44x16
        text run at (2,0) width 44: "Item 28"
    LayoutBlockFlow {OPTION} at (1,477) size 183x17 [color=#323232] [bgcolor=#C8C8C8]
      LayoutText {#text} at (2,0) size 44x16
        text run at (2,0) width 44: "Item 29"
    LayoutBlockFlow {OPTION} at (1,494) size 183x17 [color=#323232] [bgcolor=#C8C8C8]
      LayoutText {#text} at (2,0) size 44x16
        text run at (2,0) width 44: "Item 30"
    LayoutBlockFlow {OPTION} at (1,511) size 183x17 [color=#323232] [bgcolor=#C8C8C8]
      LayoutText {#text} at (2,0) size 44x16
        text run at (2,0) width 44: "Item 31"
    LayoutBlockFlow {OPTION} at (1,528) size 183x17 [color=#323232] [bgcolor=#C8C8C8]
      LayoutText {#text} at (2,0) size 44x16
        text run at (2,0) width 44: "Item 32"
    LayoutBlockFlow {OPTION} at (1,545) size 183x17 [color=#323232] [bgcolor=#C8C8C8]
      LayoutText {#text} at (2,0) size 44x16
        text run at (2,0) width 44: "Item 33"
    LayoutBlockFlow {OPTION} at (1,562) size 183x17 [color=#323232] [bgcolor=#C8C8C8]
      LayoutText {#text} at (2,0) size 44x16
        text run at (2,0) width 44: "Item 34"
    LayoutBlockFlow {OPTION} at (1,579) size 183x17 [color=#323232] [bgcolor=#C8C8C8]
      LayoutText {#text} at (2,0) size 44x16
        text run at (2,0) width 44: "Item 35"
    LayoutBlockFlow {OPTION} at (1,596) size 183x17 [color=#323232] [bgcolor=#C8C8C8]
      LayoutText {#text} at (2,0) size 44x16
        text run at (2,0) width 44: "Item 36"
    LayoutBlockFlow {OPTION} at (1,613) size 183x17 [color=#323232] [bgcolor=#C8C8C8]
      LayoutText {#text} at (2,0) size 44x16
        text run at (2,0) width 44: "Item 37"
    LayoutBlockFlow {OPTION} at (1,630) size 183x17 [color=#323232] [bgcolor=#C8C8C8]
      LayoutText {#text} at (2,0) size 44x16
        text run at (2,0) width 44: "Item 38"
    LayoutBlockFlow {OPTION} at (1,647) size 183x17 [color=#323232] [bgcolor=#C8C8C8]
      LayoutText {#text} at (2,0) size 44x16
        text run at (2,0) width 44: "Item 39"
    LayoutBlockFlow {OPTION} at (1,664) size 183x17 [color=#323232] [bgcolor=#C8C8C8]
      LayoutText {#text} at (2,0) size 44x16
        text run at (2,0) width 44: "Item 40"
    LayoutBlockFlow {OPTION} at (1,681) size 183x17 [color=#323232] [bgcolor=#C8C8C8]
      LayoutText {#text} at (2,0) size 44x16
        text run at (2,0) width 44: "Item 41"
    LayoutBlockFlow {OPTION} at (1,698) size 183x17 [color=#323232] [bgcolor=#C8C8C8]
      LayoutText {#text} at (2,0) size 44x16
        text run at (2,0) width 44: "Item 42"
    LayoutBlockFlow {OPTION} at (1,715) size 183x17 [color=#323232] [bgcolor=#C8C8C8]
      LayoutText {#text} at (2,0) size 44x16
        text run at (2,0) width 44: "Item 43"
    LayoutBlockFlow {OPTION} at (1,732) size 183x17 [color=#323232] [bgcolor=#C8C8C8]
      LayoutText {#text} at (2,0) size 44x16
        text run at (2,0) width 44: "Item 44"
    LayoutBlockFlow {OPTION} at (1,749) size 183x17 [color=#323232] [bgcolor=#C8C8C8]
      LayoutText {#text} at (2,0) size 44x16
        text run at (2,0) width 44: "Item 45"
    LayoutBlockFlow {OPTION} at (1,766) size 183x17 [color=#323232] [bgcolor=#C8C8C8]
      LayoutText {#text} at (2,0) size 44x16
        text run at (2,0) width 44: "Item 46"
    LayoutBlockFlow {OPTION} at (1,783) size 183x17 [color=#323232] [bgcolor=#C8C8C8]
      LayoutText {#text} at (2,0) size 44x16
        text run at (2,0) width 44: "Item 47"
    LayoutBlockFlow {OPTION} at (1,800) size 183x17 [color=#323232] [bgcolor=#C8C8C8]
      LayoutText {#text} at (2,0) size 44x16
        text run at (2,0) width 44: "Item 48"
    LayoutBlockFlow {OPTION} at (1,817) size 183x17 [color=#323232] [bgcolor=#C8C8C8]
      LayoutText {#text} at (2,0) size 44x16
        text run at (2,0) width 44: "Item 49"
    LayoutBlockFlow {OPTION} at (1,834) size 183x17 [color=#323232] [bgcolor=#C8C8C8]
      LayoutText {#text} at (2,0) size 44x16
        text run at (2,0) width 44: "Item 50"
    LayoutBlockFlow {OPTION} at (1,851) size 183x17 [color=#323232] [bgcolor=#C8C8C8]
      LayoutText {#text} at (2,0) size 44x16
        text run at (2,0) width 44: "Item 51"
    LayoutBlockFlow {OPTION} at (1,868) size 183x17 [color=#323232] [bgcolor=#C8C8C8]
      LayoutText {#text} at (2,0) size 44x16
        text run at (2,0) width 44: "Item 52"
    LayoutBlockFlow {OPTION} at (1,885) size 183x17 [color=#323232] [bgcolor=#C8C8C8]
      LayoutText {#text} at (2,0) size 44x16
        text run at (2,0) width 44: "Item 53"
    LayoutBlockFlow {OPTION} at (1,902) size 183x17 [color=#323232] [bgcolor=#C8C8C8]
      LayoutText {#text} at (2,0) size 44x16
        text run at (2,0) width 44: "Item 54"
    LayoutBlockFlow {OPTION} at (1,919) size 183x17 [color=#323232] [bgcolor=#C8C8C8]
      LayoutText {#text} at (2,0) size 44x16
        text run at (2,0) width 44: "Item 55"
    LayoutBlockFlow {OPTION} at (1,936) size 183x17 [color=#323232] [bgcolor=#C8C8C8]
      LayoutText {#text} at (2,0) size 44x16
        text run at (2,0) width 44: "Item 56"
    LayoutBlockFlow {OPTION} at (1,953) size 183x17 [color=#323232] [bgcolor=#C8C8C8]
      LayoutText {#text} at (2,0) size 44x16
        text run at (2,0) width 44: "Item 57"
    LayoutBlockFlow {OPTION} at (1,970) size 183x17 [color=#323232] [bgcolor=#C8C8C8]
      LayoutText {#text} at (2,0) size 44x16
        text run at (2,0) width 44: "Item 58"
    LayoutBlockFlow {OPTION} at (1,987) size 183x17 [color=#323232] [bgcolor=#C8C8C8]
      LayoutText {#text} at (2,0) size 44x16
        text run at (2,0) width 44: "Item 59"
    LayoutBlockFlow {OPTION} at (1,1004) size 183x17 [color=#323232] [bgcolor=#C8C8C8]
      LayoutText {#text} at (2,0) size 44x16
        text run at (2,0) width 44: "Item 60"
    LayoutBlockFlow {OPTION} at (1,1021) size 183x17 [color=#323232] [bgcolor=#C8C8C8]
      LayoutText {#text} at (2,0) size 44x16
        text run at (2,0) width 44: "Item 61"
    LayoutBlockFlow {OPTION} at (1,1038) size 183x17 [color=#323232] [bgcolor=#C8C8C8]
      LayoutText {#text} at (2,0) size 44x16
        text run at (2,0) width 44: "Item 62"
    LayoutBlockFlow {OPTION} at (1,1055) size 183x17 [color=#323232] [bgcolor=#C8C8C8]
      LayoutText {#text} at (2,0) size 44x16
        text run at (2,0) width 44: "Item 63"
    LayoutBlockFlow {OPTION} at (1,1072) size 183x17 [color=#323232] [bgcolor=#C8C8C8]
      LayoutText {#text} at (2,0) size 44x16
        text run at (2,0) width 44: "Item 64"
    LayoutBlockFlow {OPTION} at (1,1089) size 183x17 [color=#323232] [bgcolor=#C8C8C8]
      LayoutText {#text} at (2,0) size 44x16
        text run at (2,0) width 44: "Item 65"
    LayoutBlockFlow {OPTION} at (1,1106) size 183x17 [color=#323232] [bgcolor=#C8C8C8]
      LayoutText {#text} at (2,0) size 44x16
        text run at (2,0) width 44: "Item 66"
    LayoutBlockFlow {OPTION} at (1,1123) size 183x17 [color=#323232] [bgcolor=#C8C8C8]
      LayoutText {#text} at (2,0) size 44x16
        text run at (2,0) width 44: "Item 67"
    LayoutBlockFlow {OPTION} at (1,1140) size 183x17 [color=#323232] [bgcolor=#C8C8C8]
      LayoutText {#text} at (2,0) size 44x16
        text run at (2,0) width 44: "Item 68"
    LayoutBlockFlow {OPTION} at (1,1157) size 183x17 [color=#323232] [bgcolor=#C8C8C8]
      LayoutText {#text} at (2,0) size 44x16
        text run at (2,0) width 44: "Item 69"
    LayoutBlockFlow {OPTION} at (1,1174) size 183x17 [color=#323232] [bgcolor=#C8C8C8]
      LayoutText {#text} at (2,0) size 44x16
        text run at (2,0) width 44: "Item 70"
    LayoutBlockFlow {OPTION} at (1,1191) size 183x17 [color=#323232] [bgcolor=#C8C8C8]
      LayoutText {#text} at (2,0) size 44x16
        text run at (2,0) width 44: "Item 71"
    LayoutBlockFlow {OPTION} at (1,1208) size 183x17 [color=#323232] [bgcolor=#C8C8C8]
      LayoutText {#text} at (2,0) size 44x16
        text run at (2,0) width 44: "Item 72"
    LayoutBlockFlow {OPTION} at (1,1225) size 183x17 [color=#323232] [bgcolor=#C8C8C8]
      LayoutText {#text} at (2,0) size 44x16
        text run at (2,0) width 44: "Item 73"
    LayoutBlockFlow {OPTION} at (1,1242) size 183x17 [color=#323232] [bgcolor=#C8C8C8]
      LayoutText {#text} at (2,0) size 44x16
        text run at (2,0) width 44: "Item 74"
    LayoutBlockFlow {OPTION} at (1,1259) size 183x17 [color=#323232] [bgcolor=#C8C8C8]
      LayoutText {#text} at (2,0) size 44x16
        text run at (2,0) width 44: "Item 75"
    LayoutBlockFlow {OPTION} at (1,1276) size 183x17 [color=#323232] [bgcolor=#C8C8C8]
      LayoutText {#text} at (2,0) size 44x16
        text run at (2,0) width 44: "Item 76"
    LayoutBlockFlow {OPTION} at (1,1293) size 183x17 [color=#323232] [bgcolor=#C8C8C8]
      LayoutText {#text} at (2,0) size 44x16
        text run at (2,0) width 44: "Item 77"
    LayoutBlockFlow {OPTION} at (1,1310) size 183x17 [color=#323232] [bgcolor=#C8C8C8]
      LayoutText {#text} at (2,0) size 44x16
        text run at (2,0) width 44: "Item 78"
    LayoutBlockFlow {OPTION} at (1,1327) size 183x17 [color=#323232] [bgcolor=#C8C8C8]
      LayoutText {#text} at (2,0) size 44x16
        text run at (2,0) width 44: "Item 79"
    LayoutBlockFlow {OPTION} at (1,1344) size 183x17 [color=#323232] [bgcolor=#C8C8C8]
      LayoutText {#text} at (2,0) size 44x16
        text run at (2,0) width 44: "Item 80"
    LayoutBlockFlow {OPTION} at (1,1361) size 183x17 [color=#323232] [bgcolor=#C8C8C8]
      LayoutText {#text} at (2,0) size 44x16
        text run at (2,0) width 44: "Item 81"
    LayoutBlockFlow {OPTION} at (1,1378) size 183x17 [color=#323232] [bgcolor=#C8C8C8]
      LayoutText {#text} at (2,0) size 44x16
        text run at (2,0) width 44: "Item 82"
    LayoutBlockFlow {OPTION} at (1,1395) size 183x17 [color=#323232] [bgcolor=#C8C8C8]
      LayoutText {#text} at (2,0) size 44x16
        text run at (2,0) width 44: "Item 83"
    LayoutBlockFlow {OPTION} at (1,1412) size 183x17 [color=#323232] [bgcolor=#C8C8C8]
      LayoutText {#text} at (2,0) size 44x16
        text run at (2,0) width 44: "Item 84"
    LayoutBlockFlow {OPTION} at (1,1429) size 183x17 [color=#323232] [bgcolor=#C8C8C8]
      LayoutText {#text} at (2,0) size 44x16
        text run at (2,0) width 44: "Item 85"
    LayoutBlockFlow {OPTION} at (1,1446) size 183x17 [color=#323232] [bgcolor=#C8C8C8]
      LayoutText {#text} at (2,0) size 44x16
        text run at (2,0) width 44: "Item 86"
    LayoutBlockFlow {OPTION} at (1,1463) size 183x17 [color=#323232] [bgcolor=#C8C8C8]
      LayoutText {#text} at (2,0) size 44x16
        text run at (2,0) width 44: "Item 87"
    LayoutBlockFlow {OPTION} at (1,1480) size 183x17 [color=#323232] [bgcolor=#C8C8C8]
      LayoutText {#text} at (2,0) size 44x16
        text run at (2,0) width 44: "Item 88"
    LayoutBlockFlow {OPTION} at (1,1497) size 183x17 [color=#323232] [bgcolor=#C8C8C8]
      LayoutText {#text} at (2,0) size 44x16
        text run at (2,0) width 44: "Item 89"
    LayoutBlockFlow {OPTION} at (1,1514) size 183x17 [color=#323232] [bgcolor=#C8C8C8]
      LayoutText {#text} at (2,0) size 44x16
        text run at (2,0) width 44: "Item 90"
    LayoutBlockFlow {OPTION} at (1,1531) size 183x17 [color=#323232] [bgcolor=#C8C8C8]
      LayoutText {#text} at (2,0) size 44x16
        text run at (2,0) width 44: "Item 91"
    LayoutBlockFlow {OPTION} at (1,1548) size 183x17 [color=#323232] [bgcolor=#C8C8C8]
      LayoutText {#text} at (2,0) size 44x16
        text run at (2,0) width 44: "Item 92"
    LayoutBlockFlow {OPTION} at (1,1565) size 183x17 [color=#323232] [bgcolor=#C8C8C8]
      LayoutText {#text} at (2,0) size 44x16
        text run at (2,0) width 44: "Item 93"
    LayoutBlockFlow {OPTION} at (1,1582) size 183x17 [color=#323232] [bgcolor=#C8C8C8]
      LayoutText {#text} at (2,0) size 44x16
        text run at (2,0) width 44: "Item 94"
    LayoutBlockFlow {OPTION} at (1,1599) size 183x17 [color=#323232] [bgcolor=#C8C8C8]
      LayoutText {#text} at (2,0) size 44x16
        text run at (2,0) width 44: "Item 95"
    LayoutBlockFlow {OPTION} at (1,1616) size 183x17 [color=#323232] [bgcolor=#C8C8C8]
      LayoutText {#text} at (2,0) size 44x16
        text run at (2,0) width 44: "Item 96"
    LayoutBlockFlow {OPTION} at (1,1633) size 183x17 [color=#323232] [bgcolor=#C8C8C8]
      LayoutText {#text} at (2,0) size 44x16
        text run at (2,0) width 44: "Item 97"
    LayoutBlockFlow {OPTION} at (1,1650) size 183x17 [color=#323232] [bgcolor=#C8C8C8]
      LayoutText {#text} at (2,0) size 44x16
        text run at (2,0) width 44: "Item 98"
    LayoutBlockFlow {OPTION} at (1,1667) size 183x17 [color=#323232] [bgcolor=#C8C8C8]
      LayoutText {#text} at (2,0) size 44x16
        text run at (2,0) width 44: "Item 99"
    LayoutBlockFlow {OPTION} at (1,1684) size 183x17 [color=#323232] [bgcolor=#C8C8C8]
      LayoutText {#text} at (2,0) size 51x16
        text run at (2,0) width 51: "Item 100"
    LayoutBlockFlow {OPTION} at (1,1701) size 183x17 [color=#323232] [bgcolor=#C8C8C8]
      LayoutText {#text} at (2,0) size 51x16
        text run at (2,0) width 51: "Item 101"
    LayoutBlockFlow {OPTION} at (1,1718) size 183x17 [color=#323232] [bgcolor=#C8C8C8]
      LayoutText {#text} at (2,0) size 51x16
        text run at (2,0) width 51: "Item 102"
    LayoutBlockFlow {OPTION} at (1,1735) size 183x17 [color=#323232] [bgcolor=#C8C8C8]
      LayoutText {#text} at (2,0) size 51x16
        text run at (2,0) width 51: "Item 103"
    LayoutBlockFlow {OPTION} at (1,1752) size 183x17 [color=#323232] [bgcolor=#C8C8C8]
      LayoutText {#text} at (2,0) size 51x16
        text run at (2,0) width 51: "Item 104"
    LayoutBlockFlow {OPTION} at (1,1769) size 183x17 [color=#323232] [bgcolor=#C8C8C8]
      LayoutText {#text} at (2,0) size 51x16
        text run at (2,0) width 51: "Item 105"
    LayoutBlockFlow {OPTION} at (1,1786) size 183x17 [color=#323232] [bgcolor=#C8C8C8]
      LayoutText {#text} at (2,0) size 51x16
        text run at (2,0) width 51: "Item 106"
    LayoutBlockFlow {OPTION} at (1,1803) size 183x17 [color=#323232] [bgcolor=#C8C8C8]
      LayoutText {#text} at (2,0) size 51x16
        text run at (2,0) width 51: "Item 107"
    LayoutBlockFlow {OPTION} at (1,1820) size 183x17 [color=#323232] [bgcolor=#C8C8C8]
      LayoutText {#text} at (2,0) size 51x16
        text run at (2,0) width 51: "Item 108"
    LayoutBlockFlow {OPTION} at (1,1837) size 183x17 [color=#323232] [bgcolor=#C8C8C8]
      LayoutText {#text} at (2,0) size 51x16
        text run at (2,0) width 51: "Item 109"
    LayoutBlockFlow {OPTION} at (1,1854) size 183x17 [color=#323232] [bgcolor=#C8C8C8]
      LayoutText {#text} at (2,0) size 50x16
        text run at (2,0) width 50: "Item 110"
    LayoutBlockFlow {OPTION} at (1,1871) size 183x17 [color=#323232] [bgcolor=#C8C8C8]
      LayoutText {#text} at (2,0) size 50x16
        text run at (2,0) width 50: "Item 111"
    LayoutBlockFlow {OPTION} at (1,1888) size 183x17 [color=#323232] [bgcolor=#C8C8C8]
      LayoutText {#text} at (2,0) size 50x16
        text run at (2,0) width 50: "Item 112"
    LayoutBlockFlow {OPTION} at (1,1905) size 183x17 [color=#323232] [bgcolor=#C8C8C8]
      LayoutText {#text} at (2,0) size 50x16
        text run at (2,0) width 50: "Item 113"
    LayoutBlockFlow {OPTION} at (1,1922) size 183x17 [color=#323232] [bgcolor=#C8C8C8]
      LayoutText {#text} at (2,0) size 50x16
        text run at (2,0) width 50: "Item 114"
    LayoutBlockFlow {OPTION} at (1,1939) size 183x17 [color=#323232] [bgcolor=#C8C8C8]
      LayoutText {#text} at (2,0) size 50x16
        text run at (2,0) width 50: "Item 115"
    LayoutBlockFlow {OPTION} at (1,1956) size 183x17 [color=#323232] [bgcolor=#C8C8C8]
      LayoutText {#text} at (2,0) size 50x16
        text run at (2,0) width 50: "Item 116"
    LayoutBlockFlow {OPTION} at (1,1973) size 183x17 [color=#323232] [bgcolor=#C8C8C8]
      LayoutText {#text} at (2,0) size 50x16
        text run at (2,0) width 50: "Item 117"
    LayoutBlockFlow {OPTION} at (1,1990) size 183x17 [color=#323232] [bgcolor=#C8C8C8]
      LayoutText {#text} at (2,0) size 50x16
        text run at (2,0) width 50: "Item 118"
    LayoutBlockFlow {OPTION} at (1,2007) size 183x17 [color=#323232] [bgcolor=#C8C8C8]
      LayoutText {#text} at (2,0) size 50x16
        text run at (2,0) width 50: "Item 119"
    LayoutBlockFlow {OPTION} at (1,2024) size 183x17 [color=#323232] [bgcolor=#C8C8C8]
      LayoutText {#text} at (2,0) size 51x16
        text run at (2,0) width 51: "Item 120"
    LayoutBlockFlow {OPTION} at (1,2041) size 183x17 [color=#323232] [bgcolor=#C8C8C8]
      LayoutText {#text} at (2,0) size 51x16
        text run at (2,0) width 51: "Item 121"
    LayoutBlockFlow {OPTION} at (1,2058) size 183x17 [color=#323232] [bgcolor=#C8C8C8]
      LayoutText {#text} at (2,0) size 51x16
        text run at (2,0) width 51: "Item 122"
    LayoutBlockFlow {OPTION} at (1,2075) size 183x17 [color=#323232] [bgcolor=#C8C8C8]
      LayoutText {#text} at (2,0) size 51x16
        text run at (2,0) width 51: "Item 123"
    LayoutBlockFlow {OPTION} at (1,2092) size 183x17 [color=#323232] [bgcolor=#C8C8C8]
      LayoutText {#text} at (2,0) size 51x16
        text run at (2,0) width 51: "Item 124"
    LayoutBlockFlow {OPTION} at (1,2109) size 183x17 [color=#323232] [bgcolor=#C8C8C8]
      LayoutText {#text} at (2,0) size 51x16
        text run at (2,0) width 51: "Item 125"
    LayoutBlockFlow {OPTION} at (1,2126) size 183x17 [color=#323232] [bgcolor=#C8C8C8]
      LayoutText {#text} at (2,0) size 51x16
        text run at (2,0) width 51: "Item 126"
    LayoutBlockFlow {OPTION} at (1,2143) size 183x17 [color=#323232] [bgcolor=#C8C8C8]
      LayoutText {#text} at (2,0) size 51x16
        text run at (2,0) width 51: "Item 127"
    LayoutBlockFlow {OPTION} at (1,2160) size 183x17 [color=#323232] [bgcolor=#C8C8C8]
      LayoutText {#text} at (2,0) size 51x16
        text run at (2,0) width 51: "Item 128"
    LayoutBlockFlow {OPTION} at (1,2177) size 183x17 [color=#323232] [bgcolor=#C8C8C8]
      LayoutText {#text} at (2,0) size 51x16
        text run at (2,0) width 51: "Item 129"
    LayoutBlockFlow {OPTION} at (1,2194) size 183x17 [color=#323232] [bgcolor=#C8C8C8]
      LayoutText {#text} at (2,0) size 51x16
        text run at (2,0) width 51: "Item 130"
    LayoutBlockFlow {OPTION} at (1,2211) size 183x17 [color=#323232] [bgcolor=#C8C8C8]
      LayoutText {#text} at (2,0) size 51x16
        text run at (2,0) width 51: "Item 131"
    LayoutBlockFlow {OPTION} at (1,2228) size 183x17 [color=#323232] [bgcolor=#C8C8C8]
      LayoutText {#text} at (2,0) size 51x16
        text run at (2,0) width 51: "Item 132"
    LayoutBlockFlow {OPTION} at (1,2245) size 183x17 [color=#323232] [bgcolor=#C8C8C8]
      LayoutText {#text} at (2,0) size 51x16
        text run at (2,0) width 51: "Item 133"
    LayoutBlockFlow {OPTION} at (1,2262) size 183x17 [color=#323232] [bgcolor=#C8C8C8]
      LayoutText {#text} at (2,0) size 51x16
        text run at (2,0) width 51: "Item 134"
    LayoutBlockFlow {OPTION} at (1,2279) size 183x17 [color=#323232] [bgcolor=#C8C8C8]
      LayoutText {#text} at (2,0) size 51x16
        text run at (2,0) width 51: "Item 135"
    LayoutBlockFlow {OPTION} at (1,2296) size 183x17 [color=#323232] [bgcolor=#C8C8C8]
      LayoutText {#text} at (2,0) size 51x16
        text run at (2,0) width 51: "Item 136"
    LayoutBlockFlow {OPTION} at (1,2313) size 183x17 [color=#323232] [bgcolor=#C8C8C8]
      LayoutText {#text} at (2,0) size 51x16
        text run at (2,0) width 51: "Item 137"
    LayoutBlockFlow {OPTION} at (1,2330) size 183x17 [color=#323232] [bgcolor=#C8C8C8]
      LayoutText {#text} at (2,0) size 51x16
        text run at (2,0) width 51: "Item 138"
    LayoutBlockFlow {OPTION} at (1,2347) size 183x17 [color=#323232] [bgcolor=#C8C8C8]
      LayoutText {#text} at (2,0) size 51x16
        text run at (2,0) width 51: "Item 139"
    LayoutBlockFlow {OPTION} at (1,2364) size 183x17 [color=#323232] [bgcolor=#C8C8C8]
      LayoutText {#text} at (2,0) size 51x16
        text run at (2,0) width 51: "Item 140"
    LayoutBlockFlow {OPTION} at (1,2381) size 183x17 [color=#323232] [bgcolor=#C8C8C8]
      LayoutText {#text} at (2,0) size 51x16
        text run at (2,0) width 51: "Item 141"
    LayoutBlockFlow {OPTION} at (1,2398) size 183x17 [color=#323232] [bgcolor=#C8C8C8]
      LayoutText {#text} at (2,0) size 51x16
        text run at (2,0) width 51: "Item 142"
    LayoutBlockFlow {OPTION} at (1,2415) size 183x17 [color=#323232] [bgcolor=#C8C8C8]
      LayoutText {#text} at (2,0) size 51x16
        text run at (2,0) width 51: "Item 143"
    LayoutBlockFlow {OPTION} at (1,2432) size 183x17 [color=#323232] [bgcolor=#C8C8C8]
      LayoutText {#text} at (2,0) size 51x16
        text run at (2,0) width 51: "Item 144"
    LayoutBlockFlow {OPTION} at (1,2449) size 183x17 [color=#323232] [bgcolor=#C8C8C8]
      LayoutText {#text} at (2,0) size 51x16
        text run at (2,0) width 51: "Item 145"
    LayoutBlockFlow {OPTION} at (1,2466) size 183x17 [color=#323232] [bgcolor=#C8C8C8]
      LayoutText {#text} at (2,0) size 51x16
        text run at (2,0) width 51: "Item 146"
    LayoutBlockFlow {OPTION} at (1,2483) size 183x17 [color=#323232] [bgcolor=#C8C8C8]
      LayoutText {#text} at (2,0) size 51x16
        text run at (2,0) width 51: "Item 147"
    LayoutBlockFlow {OPTION} at (1,2500) size 183x17 [color=#323232] [bgcolor=#C8C8C8]
      LayoutText {#text} at (2,0) size 51x16
        text run at (2,0) width 51: "Item 148"
    LayoutBlockFlow {OPTION} at (1,2517) size 183x17 [color=#323232] [bgcolor=#C8C8C8]
      LayoutText {#text} at (2,0) size 51x16
        text run at (2,0) width 51: "Item 149"
    LayoutBlockFlow {OPTION} at (1,2534) size 183x17 [color=#323232] [bgcolor=#C8C8C8]
      LayoutText {#text} at (2,0) size 51x16
        text run at (2,0) width 51: "Item 150"
    LayoutBlockFlow {OPTION} at (1,2551) size 183x17 [color=#323232] [bgcolor=#C8C8C8]
      LayoutText {#text} at (2,0) size 51x16
        text run at (2,0) width 51: "Item 151"
    LayoutBlockFlow {OPTION} at (1,2568) size 183x17 [color=#323232] [bgcolor=#C8C8C8]
      LayoutText {#text} at (2,0) size 51x16
        text run at (2,0) width 51: "Item 152"
    LayoutBlockFlow {OPTION} at (1,2585) size 183x17 [color=#323232] [bgcolor=#C8C8C8]
      LayoutText {#text} at (2,0) size 51x16
        text run at (2,0) width 51: "Item 153"
    LayoutBlockFlow {OPTION} at (1,2602) size 183x17 [color=#323232] [bgcolor=#C8C8C8]
      LayoutText {#text} at (2,0) size 51x16
        text run at (2,0) width 51: "Item 154"
    LayoutBlockFlow {OPTION} at (1,2619) size 183x17 [color=#323232] [bgcolor=#C8C8C8]
      LayoutText {#text} at (2,0) size 51x16
        text run at (2,0) width 51: "Item 155"
    LayoutBlockFlow {OPTION} at (1,2636) size 183x17 [color=#323232] [bgcolor=#C8C8C8]
      LayoutText {#text} at (2,0) size 51x16
        text run at (2,0) width 51: "Item 156"
    LayoutBlockFlow {OPTION} at (1,2653) size 183x17 [color=#323232] [bgcolor=#C8C8C8]
      LayoutText {#text} at (2,0) size 51x16
        text run at (2,0) width 51: "Item 157"
    LayoutBlockFlow {OPTION} at (1,2670) size 183x17 [color=#323232] [bgcolor=#C8C8C8]
      LayoutText {#text} at (2,0) size 51x16
        text run at (2,0) width 51: "Item 158"
    LayoutBlockFlow {OPTION} at (1,2687) size 183x17 [color=#323232] [bgcolor=#C8C8C8]
      LayoutText {#text} at (2,0) size 51x16
        text run at (2,0) width 51: "Item 159"
    LayoutBlockFlow {OPTION} at (1,2704) size 183x17 [color=#323232] [bgcolor=#C8C8C8]
      LayoutText {#text} at (2,0) size 51x16
        text run at (2,0) width 51: "Item 160"
    LayoutBlockFlow {OPTION} at (1,2721) size 183x17 [color=#323232] [bgcolor=#C8C8C8]
      LayoutText {#text} at (2,0) size 51x16
        text run at (2,0) width 51: "Item 161"
    LayoutBlockFlow {OPTION} at (1,2738) size 183x17 [color=#323232] [bgcolor=#C8C8C8]
      LayoutText {#text} at (2,0) size 51x16
        text run at (2,0) width 51: "Item 162"
    LayoutBlockFlow {OPTION} at (1,2755) size 183x17 [color=#323232] [bgcolor=#C8C8C8]
      LayoutText {#text} at (2,0) size 51x16
        text run at (2,0) width 51: "Item 163"
    LayoutBlockFlow {OPTION} at (1,2772) size 183x17 [color=#323232] [bgcolor=#C8C8C8]
      LayoutText {#text} at (2,0) size 51x16
        text run at (2,0) width 51: "Item 164"
    LayoutBlockFlow {OPTION} at (1,2789) size 183x17 [color=#323232] [bgcolor=#C8C8C8]
      LayoutText {#text} at (2,0) size 51x16
        text run at (2,0) width 51: "Item 165"
    LayoutBlockFlow {OPTION} at (1,2806) size 183x17 [color=#323232] [bgcolor=#C8C8C8]
      LayoutText {#text} at (2,0) size 51x16
        text run at (2,0) width 51: "Item 166"
    LayoutBlockFlow {OPTION} at (1,2823) size 183x17 [color=#323232] [bgcolor=#C8C8C8]
      LayoutText {#text} at (2,0) size 51x16
        text run at (2,0) width 51: "Item 167"
    LayoutBlockFlow {OPTION} at (1,2840) size 183x17 [color=#323232] [bgcolor=#C8C8C8]
      LayoutText {#text} at (2,0) size 51x16
        text run at (2,0) width 51: "Item 168"
    LayoutBlockFlow {OPTION} at (1,2857) size 183x17 [color=#323232] [bgcolor=#C8C8C8]
      LayoutText {#text} at (2,0) size 51x16
        text run at (2,0) width 51: "Item 169"
    LayoutBlockFlow {OPTION} at (1,2874) size 183x17 [color=#323232] [bgcolor=#C8C8C8]
      LayoutText {#text} at (2,0) size 51x16
        text run at (2,0) width 51: "Item 170"
    LayoutBlockFlow {OPTION} at (1,2891) size 183x17 [color=#323232] [bgcolor=#C8C8C8]
      LayoutText {#text} at (2,0) size 51x16
        text run at (2,0) width 51: "Item 171"
    LayoutBlockFlow {OPTION} at (1,2908) size 183x17 [color=#323232] [bgcolor=#C8C8C8]
      LayoutText {#text} at (2,0) size 51x16
        text run at (2,0) width 51: "Item 172"
    LayoutBlockFlow {OPTION} at (1,2925) size 183x17 [color=#323232] [bgcolor=#C8C8C8]
      LayoutText {#text} at (2,0) size 51x16
        text run at (2,0) width 51: "Item 173"
    LayoutBlockFlow {OPTION} at (1,2942) size 183x17 [color=#323232] [bgcolor=#C8C8C8]
      LayoutText {#text} at (2,0) size 51x16
        text run at (2,0) width 51: "Item 174"
    LayoutBlockFlow {OPTION} at (1,2959) size 183x17 [color=#323232] [bgcolor=#C8C8C8]
      LayoutText {#text} at (2,0) size 51x16
        text run at (2,0) width 51: "Item 175"
    LayoutBlockFlow {OPTION} at (1,2976) size 183x17 [color=#323232] [bgcolor=#C8C8C8]
      LayoutText {#text} at (2,0) size 51x16
        text run at (2,0) width 51: "Item 176"
    LayoutBlockFlow {OPTION} at (1,2993) size 183x17 [color=#323232] [bgcolor=#C8C8C8]
      LayoutText {#text} at (2,0) size 51x16
        text run at (2,0) width 51: "Item 177"
    LayoutBlockFlow {OPTION} at (1,3010) size 183x17 [color=#323232] [bgcolor=#C8C8C8]
      LayoutText {#text} at (2,0) size 51x16
        text run at (2,0) width 51: "Item 178"
    LayoutBlockFlow {OPTION} at (1,3027) size 183x17 [color=#323232] [bgcolor=#C8C8C8]
      LayoutText {#text} at (2,0) size 51x16
        text run at (2,0) width 51: "Item 179"
    LayoutBlockFlow {OPTION} at (1,3044) size 183x17 [color=#323232] [bgcolor=#C8C8C8]
      LayoutText {#text} at (2,0) size 51x16
        text run at (2,0) width 51: "Item 180"
    LayoutBlockFlow {OPTION} at (1,3061) size 183x17 [color=#323232] [bgcolor=#C8C8C8]
      LayoutText {#text} at (2,0) size 51x16
        text run at (2,0) width 51: "Item 181"
    LayoutBlockFlow {OPTION} at (1,3078) size 183x17 [color=#323232] [bgcolor=#C8C8C8]
      LayoutText {#text} at (2,0) size 51x16
        text run at (2,0) width 51: "Item 182"
    LayoutBlockFlow {OPTION} at (1,3095) size 183x17 [color=#323232] [bgcolor=#C8C8C8]
      LayoutText {#text} at (2,0) size 51x16
        text run at (2,0) width 51: "Item 183"
    LayoutBlockFlow {OPTION} at (1,3112) size 183x17 [color=#323232] [bgcolor=#C8C8C8]
      LayoutText {#text} at (2,0) size 51x16
        text run at (2,0) width 51: "Item 184"
    LayoutBlockFlow {OPTION} at (1,3129) size 183x17 [color=#323232] [bgcolor=#C8C8C8]
      LayoutText {#text} at (2,0) size 51x16
        text run at (2,0) width 51: "Item 185"
    LayoutBlockFlow {OPTION} at (1,3146) size 183x17 [color=#323232] [bgcolor=#C8C8C8]
      LayoutText {#text} at (2,0) size 51x16
        text run at (2,0) width 51: "Item 186"
    LayoutBlockFlow {OPTION} at (1,3163) size 183x17 [color=#323232] [bgcolor=#C8C8C8]
      LayoutText {#text} at (2,0) size 51x16
        text run at (2,0) width 51: "Item 187"
    LayoutBlockFlow {OPTION} at (1,3180) size 183x17 [color=#323232] [bgcolor=#C8C8C8]
      LayoutText {#text} at (2,0) size 51x16
        text run at (2,0) width 51: "Item 188"
    LayoutBlockFlow {OPTION} at (1,3197) size 183x17 [color=#323232] [bgcolor=#C8C8C8]
      LayoutText {#text} at (2,0) size 51x16
        text run at (2,0) width 51: "Item 189"
    LayoutBlockFlow {OPTION} at (1,3214) size 183x17 [color=#323232] [bgcolor=#C8C8C8]
      LayoutText {#text} at (2,0) size 51x16
        text run at (2,0) width 51: "Item 190"
    LayoutBlockFlow {OPTION} at (1,3231) size 183x17 [color=#323232] [bgcolor=#C8C8C8]
      LayoutText {#text} at (2,0) size 51x16
        text run at (2,0) width 51: "Item 191"
    LayoutBlockFlow {OPTION} at (1,3248) size 183x17 [color=#323232] [bgcolor=#C8C8C8]
      LayoutText {#text} at (2,0) size 51x16
        text run at (2,0) width 51: "Item 192"
    LayoutBlockFlow {OPTION} at (1,3265) size 183x17 [color=#323232] [bgcolor=#C8C8C8]
      LayoutText {#text} at (2,0) size 51x16
        text run at (2,0) width 51: "Item 193"
    LayoutBlockFlow {OPTION} at (1,3282) size 183x17 [color=#323232] [bgcolor=#C8C8C8]
      LayoutText {#text} at (2,0) size 51x16
        text run at (2,0) width 51: "Item 194"
    LayoutBlockFlow {OPTION} at (1,3299) size 183x17 [color=#323232] [bgcolor=#C8C8C8]
      LayoutText {#text} at (2,0) size 51x16
        text run at (2,0) width 51: "Item 195"
    LayoutBlockFlow {OPTION} at (1,3316) size 183x17 [color=#323232] [bgcolor=#C8C8C8]
      LayoutText {#text} at (2,0) size 51x16
        text run at (2,0) width 51: "Item 196"
    LayoutBlockFlow {OPTION} at (1,3333) size 183x17 [color=#323232] [bgcolor=#C8C8C8]
      LayoutText {#text} at (2,0) size 51x16
        text run at (2,0) width 51: "Item 197"
    LayoutBlockFlow {OPTION} at (1,3350) size 183x17 [color=#323232] [bgcolor=#C8C8C8]
      LayoutText {#text} at (2,0) size 51x16
        text run at (2,0) width 51: "Item 198"
    LayoutBlockFlow {OPTION} at (1,3367) size 183x17 [color=#323232] [bgcolor=#C8C8C8]
      LayoutText {#text} at (2,0) size 51x16
        text run at (2,0) width 51: "Item 199"
    LayoutBlockFlow {OPTION} at (1,3384) size 183x17 [color=#323232] [bgcolor=#C8C8C8]
      LayoutText {#text} at (2,0) size 51x16
        text run at (2,0) width 51: "Item 200"
    LayoutBlockFlow {OPTION} at (1,3401) size 183x17 [color=#323232] [bgcolor=#C8C8C8]
      LayoutText {#text} at (2,0) size 51x16
        text run at (2,0) width 51: "Item 201"
    LayoutBlockFlow {OPTION} at (1,3418) size 183x17 [color=#323232] [bgcolor=#C8C8C8]
      LayoutText {#text} at (2,0) size 51x16
        text run at (2,0) width 51: "Item 202"
    LayoutBlockFlow {OPTION} at (1,3435) size 183x17 [color=#323232] [bgcolor=#C8C8C8]
      LayoutText {#text} at (2,0) size 51x16
        text run at (2,0) width 51: "Item 203"
    LayoutBlockFlow {OPTION} at (1,3452) size 183x17 [color=#323232] [bgcolor=#C8C8C8]
      LayoutText {#text} at (2,0) size 51x16
        text run at (2,0) width 51: "Item 204"
    LayoutBlockFlow {OPTION} at (1,3469) size 183x17 [color=#323232] [bgcolor=#C8C8C8]
      LayoutText {#text} at (2,0) size 51x16
        text run at (2,0) width 51: "Item 205"
    LayoutBlockFlow {OPTION} at (1,3486) size 183x17 [color=#323232] [bgcolor=#C8C8C8]
      LayoutText {#text} at (2,0) size 51x16
        text run at (2,0) width 51: "Item 206"
    LayoutBlockFlow {OPTION} at (1,3503) size 183x17 [color=#323232] [bgcolor=#C8C8C8]
      LayoutText {#text} at (2,0) size 51x16
        text run at (2,0) width 51: "Item 207"
    LayoutBlockFlow {OPTION} at (1,3520) size 183x17 [color=#323232] [bgcolor=#C8C8C8]
      LayoutText {#text} at (2,0) size 51x16
        text run at (2,0) width 51: "Item 208"
    LayoutBlockFlow {OPTION} at (1,3537) size 183x17 [color=#323232] [bgcolor=#C8C8C8]
      LayoutText {#text} at (2,0) size 51x16
        text run at (2,0) width 51: "Item 209"
    LayoutBlockFlow {OPTION} at (1,3554) size 183x17 [color=#323232] [bgcolor=#C8C8C8]
      LayoutText {#text} at (2,0) size 51x16
        text run at (2,0) width 51: "Item 210"
    LayoutBlockFlow {OPTION} at (1,3571) size 183x17 [color=#323232] [bgcolor=#C8C8C8]
      LayoutText {#text} at (2,0) size 50x16
        text run at (2,0) width 50: "Item 211"
    LayoutBlockFlow {OPTION} at (1,3588) size 183x17 [color=#323232] [bgcolor=#C8C8C8]
      LayoutText {#text} at (2,0) size 51x16
        text run at (2,0) width 51: "Item 212"
    LayoutBlockFlow {OPTION} at (1,3605) size 183x17 [color=#323232] [bgcolor=#C8C8C8]
      LayoutText {#text} at (2,0) size 51x16
        text run at (2,0) width 51: "Item 213"
    LayoutBlockFlow {OPTION} at (1,3622) size 183x17 [color=#323232] [bgcolor=#C8C8C8]
      LayoutText {#text} at (2,0) size 51x16
        text run at (2,0) width 51: "Item 214"
    LayoutBlockFlow {OPTION} at (1,3639) size 183x17 [color=#323232] [bgcolor=#C8C8C8]
      LayoutText {#text} at (2,0) size 51x16
        text run at (2,0) width 51: "Item 215"
    LayoutBlockFlow {OPTION} at (1,3656) size 183x17 [color=#323232] [bgcolor=#C8C8C8]
      LayoutText {#text} at (2,0) size 51x16
        text run at (2,0) width 51: "Item 216"
    LayoutBlockFlow {OPTION} at (1,3673) size 183x17 [color=#323232] [bgcolor=#C8C8C8]
      LayoutText {#text} at (2,0) size 51x16
        text run at (2,0) width 51: "Item 217"
    LayoutBlockFlow {OPTION} at (1,3690) size 183x17 [color=#323232] [bgcolor=#C8C8C8]
      LayoutText {#text} at (2,0) size 51x16
        text run at (2,0) width 51: "Item 218"
    LayoutBlockFlow {OPTION} at (1,3707) size 183x17 [color=#323232] [bgcolor=#C8C8C8]
      LayoutText {#text} at (2,0) size 51x16
        text run at (2,0) width 51: "Item 219"
    LayoutBlockFlow {OPTION} at (1,3724) size 183x17 [color=#323232] [bgcolor=#C8C8C8]
      LayoutText {#text} at (2,0) size 51x16
        text run at (2,0) width 51: "Item 220"
    LayoutBlockFlow {OPTION} at (1,3741) size 183x17 [color=#323232] [bgcolor=#C8C8C8]
      LayoutText {#text} at (2,0) size 51x16
        text run at (2,0) width 51: "Item 221"
    LayoutBlockFlow {OPTION} at (1,3758) size 183x17 [color=#323232] [bgcolor=#C8C8C8]
      LayoutText {#text} at (2,0) size 51x16
        text run at (2,0) width 51: "Item 222"
    LayoutBlockFlow {OPTION} at (1,3775) size 183x17 [color=#323232] [bgcolor=#C8C8C8]
      LayoutText {#text} at (2,0) size 51x16
        text run at (2,0) width 51: "Item 223"
    LayoutBlockFlow {OPTION} at (1,3792) size 183x17 [color=#323232] [bgcolor=#C8C8C8]
      LayoutText {#text} at (2,0) size 51x16
        text run at (2,0) width 51: "Item 224"
    LayoutBlockFlow {OPTION} at (1,3809) size 183x17 [color=#323232] [bgcolor=#C8C8C8]
      LayoutText {#text} at (2,0) size 51x16
        text run at (2,0) width 51: "Item 225"
    LayoutBlockFlow {OPTION} at (1,3826) size 183x17 [color=#323232] [bgcolor=#C8C8C8]
      LayoutText {#text} at (2,0) size 51x16
        text run at (2,0) width 51: "Item 226"
    LayoutBlockFlow {OPTION} at (1,3843) size 183x17 [color=#323232] [bgcolor=#C8C8C8]
      LayoutText {#text} at (2,0) size 51x16
        text run at (2,0) width 51: "Item 227"
    LayoutBlockFlow {OPTION} at (1,3860) size 183x17 [color=#323232] [bgcolor=#C8C8C8]
      LayoutText {#text} at (2,0) size 51x16
        text run at (2,0) width 51: "Item 228"
    LayoutBlockFlow {OPTION} at (1,3877) size 183x17 [color=#323232] [bgcolor=#C8C8C8]
      LayoutText {#text} at (2,0) size 51x16
        text run at (2,0) width 51: "Item 229"
    LayoutBlockFlow {OPTION} at (1,3894) size 183x17 [color=#323232] [bgcolor=#C8C8C8]
      LayoutText {#text} at (2,0) size 51x16
        text run at (2,0) width 51: "Item 230"
    LayoutBlockFlow {OPTION} at (1,3911) size 183x17 [color=#323232] [bgcolor=#C8C8C8]
      LayoutText {#text} at (2,0) size 51x16
        text run at (2,0) width 51: "Item 231"
    LayoutBlockFlow {OPTION} at (1,3928) size 183x17 [color=#323232] [bgcolor=#C8C8C8]
      LayoutText {#text} at (2,0) size 51x16
        text run at (2,0) width 51: "Item 232"
    LayoutBlockFlow {OPTION} at (1,3945) size 183x17 [color=#323232] [bgcolor=#C8C8C8]
      LayoutText {#text} at (2,0) size 51x16
        text run at (2,0) width 51: "Item 233"
    LayoutBlockFlow {OPTION} at (1,3962) size 183x17 [color=#323232] [bgcolor=#C8C8C8]
      LayoutText {#text} at (2,0) size 51x16
        text run at (2,0) width 51: "Item 234"
    LayoutBlockFlow {OPTION} at (1,3979) size 183x17 [color=#323232] [bgcolor=#C8C8C8]
      LayoutText {#text} at (2,0) size 51x16
        text run at (2,0) width 51: "Item 235"
    LayoutBlockFlow {OPTION} at (1,3996) size 183x17 [color=#323232] [bgcolor=#C8C8C8]
      LayoutText {#text} at (2,0) size 51x16
        text run at (2,0) width 51: "Item 236"
    LayoutBlockFlow {OPTION} at (1,4013) size 183x17 [color=#323232] [bgcolor=#C8C8C8]
      LayoutText {#text} at (2,0) size 51x16
        text run at (2,0) width 51: "Item 237"
    LayoutBlockFlow {OPTION} at (1,4030) size 183x17 [color=#323232] [bgcolor=#C8C8C8]
      LayoutText {#text} at (2,0) size 51x16
        text run at (2,0) width 51: "Item 238"
    LayoutBlockFlow {OPTION} at (1,4047) size 183x17 [color=#323232] [bgcolor=#C8C8C8]
      LayoutText {#text} at (2,0) size 51x16
        text run at (2,0) width 51: "Item 239"
    LayoutBlockFlow {OPTION} at (1,4064) size 183x17 [color=#323232] [bgcolor=#C8C8C8]
      LayoutText {#text} at (2,0) size 51x16
        text run at (2,0) width 51: "Item 240"
    LayoutBlockFlow {OPTION} at (1,4081) size 183x17 [color=#323232] [bgcolor=#C8C8C8]
      LayoutText {#text} at (2,0) size 51x16
        text run at (2,0) width 51: "Item 241"
    LayoutBlockFlow {OPTION} at (1,4098) size 183x17 [color=#323232] [bgcolor=#C8C8C8]
      LayoutText {#text} at (2,0) size 51x16
        text run at (2,0) width 51: "Item 242"
    LayoutBlockFlow {OPTION} at (1,4115) size 183x17 [color=#323232] [bgcolor=#C8C8C8]
      LayoutText {#text} at (2,0) size 51x16
        text run at (2,0) width 51: "Item 243"
    LayoutBlockFlow {OPTION} at (1,4132) size 183x17 [color=#323232] [bgcolor=#C8C8C8]
      LayoutText {#text} at (2,0) size 51x16
        text run at (2,0) width 51: "Item 244"
    LayoutBlockFlow {OPTION} at (1,4149) size 183x17 [color=#323232] [bgcolor=#C8C8C8]
      LayoutText {#text} at (2,0) size 51x16
        text run at (2,0) width 51: "Item 245"
    LayoutBlockFlow {OPTION} at (1,4166) size 183x17 [color=#323232] [bgcolor=#C8C8C8]
      LayoutText {#text} at (2,0) size 51x16
        text run at (2,0) width 51: "Item 246"
    LayoutBlockFlow {OPTION} at (1,4183) size 183x17 [color=#323232] [bgcolor=#C8C8C8]
      LayoutText {#text} at (2,0) size 51x16
        text run at (2,0) width 51: "Item 247"
    LayoutBlockFlow {OPTION} at (1,4200) size 183x17 [color=#323232] [bgcolor=#C8C8C8]
      LayoutText {#text} at (2,0) size 51x16
        text run at (2,0) width 51: "Item 248"
    LayoutBlockFlow {OPTION} at (1,4217) size 183x17 [color=#323232] [bgcolor=#C8C8C8]
      LayoutText {#text} at (2,0) size 51x16
        text run at (2,0) width 51: "Item 249"
    LayoutBlockFlow {OPTION} at (1,4234) size 183x17 [color=#323232] [bgcolor=#C8C8C8]
      LayoutText {#text} at (2,0) size 51x16
        text run at (2,0) width 51: "Item 250"
    LayoutBlockFlow {OPTION} at (1,4251) size 183x17 [color=#323232] [bgcolor=#C8C8C8]
      LayoutText {#text} at (2,0) size 51x16
        text run at (2,0) width 51: "Item 251"
    LayoutBlockFlow {OPTION} at (1,4268) size 183x17 [color=#323232] [bgcolor=#C8C8C8]
      LayoutText {#text} at (2,0) size 51x16
        text run at (2,0) width 51: "Item 252"
    LayoutBlockFlow {OPTION} at (1,4285) size 183x17 [color=#323232] [bgcolor=#C8C8C8]
      LayoutText {#text} at (2,0) size 51x16
        text run at (2,0) width 51: "Item 253"
    LayoutBlockFlow {OPTION} at (1,4302) size 183x17 [color=#323232] [bgcolor=#C8C8C8]
      LayoutText {#text} at (2,0) size 51x16
        text run at (2,0) width 51: "Item 254"
    LayoutBlockFlow {OPTION} at (1,4319) size 183x17 [color=#323232] [bgcolor=#C8C8C8]
      LayoutText {#text} at (2,0) size 51x16
        text run at (2,0) width 51: "Item 255"
    LayoutBlockFlow {OPTION} at (1,4336) size 183x17 [color=#323232] [bgcolor=#C8C8C8]
      LayoutText {#text} at (2,0) size 51x16
        text run at (2,0) width 51: "Item 256"
    LayoutBlockFlow {OPTION} at (1,4353) size 183x17 [color=#323232] [bgcolor=#C8C8C8]
      LayoutText {#text} at (2,0) size 51x16
        text run at (2,0) width 51: "Item 257"
    LayoutBlockFlow {OPTION} at (1,4370) size 183x17 [color=#323232] [bgcolor=#C8C8C8]
      LayoutText {#text} at (2,0) size 51x16
        text run at (2,0) width 51: "Item 258"
    LayoutBlockFlow {OPTION} at (1,4387) size 183x17 [color=#323232] [bgcolor=#C8C8C8]
      LayoutText {#text} at (2,0) size 51x16
        text run at (2,0) width 51: "Item 259"
    LayoutBlockFlow {OPTION} at (1,4404) size 183x17 [color=#323232] [bgcolor=#C8C8C8]
      LayoutText {#text} at (2,0) size 51x16
        text run at (2,0) width 51: "Item 260"
    LayoutBlockFlow {OPTION} at (1,4421) size 183x17 [color=#323232] [bgcolor=#C8C8C8]
      LayoutText {#text} at (2,0) size 51x16
        text run at (2,0) width 51: "Item 261"
    LayoutBlockFlow {OPTION} at (1,4438) size 183x17 [color=#323232] [bgcolor=#C8C8C8]
      LayoutText {#text} at (2,0) size 51x16
        text run at (2,0) width 51: "Item 262"
    LayoutBlockFlow {OPTION} at (1,4455) size 183x17 [color=#323232] [bgcolor=#C8C8C8]
      LayoutText {#text} at (2,0) size 51x16
        text run at (2,0) width 51: "Item 263"
    LayoutBlockFlow {OPTION} at (1,4472) size 183x17 [color=#323232] [bgcolor=#C8C8C8]
      LayoutText {#text} at (2,0) size 51x16
        text run at (2,0) width 51: "Item 264"
    LayoutBlockFlow {OPTION} at (1,4489) size 183x17 [color=#323232] [bgcolor=#C8C8C8]
      LayoutText {#text} at (2,0) size 51x16
        text run at (2,0) width 51: "Item 265"
    LayoutBlockFlow {OPTION} at (1,4506) size 183x17 [color=#323232] [bgcolor=#C8C8C8]
      LayoutText {#text} at (2,0) size 51x16
        text run at (2,0) width 51: "Item 266"
    LayoutBlockFlow {OPTION} at (1,4523) size 183x17 [color=#323232] [bgcolor=#C8C8C8]
      LayoutText {#text} at (2,0) size 51x16
        text run at (2,0) width 51: "Item 267"
    LayoutBlockFlow {OPTION} at (1,4540) size 183x17 [color=#323232] [bgcolor=#C8C8C8]
      LayoutText {#text} at (2,0) size 51x16
        text run at (2,0) width 51: "Item 268"
    LayoutBlockFlow {OPTION} at (1,4557) size 183x17 [color=#323232] [bgcolor=#C8C8C8]
      LayoutText {#text} at (2,0) size 51x16
        text run at (2,0) width 51: "Item 269"
    LayoutBlockFlow {OPTION} at (1,4574) size 183x17 [color=#323232] [bgcolor=#C8C8C8]
      LayoutText {#text} at (2,0) size 51x16
        text run at (2,0) width 51: "Item 270"
    LayoutBlockFlow {OPTION} at (1,4591) size 183x17 [color=#323232] [bgcolor=#C8C8C8]
      LayoutText {#text} at (2,0) size 51x16
        text run at (2,0) width 51: "Item 271"
    LayoutBlockFlow {OPTION} at (1,4608) size 183x17 [color=#323232] [bgcolor=#C8C8C8]
      LayoutText {#text} at (2,0) size 51x16
        text run at (2,0) width 51: "Item 272"
    LayoutBlockFlow {OPTION} at (1,4625) size 183x17 [color=#323232] [bgcolor=#C8C8C8]
      LayoutText {#text} at (2,0) size 51x16
        text run at (2,0) width 51: "Item 273"
    LayoutBlockFlow {OPTION} at (1,4642) size 183x17 [color=#323232] [bgcolor=#C8C8C8]
      LayoutText {#text} at (2,0) size 51x16
        text run at (2,0) width 51: "Item 274"
    LayoutBlockFlow {OPTION} at (1,4659) size 183x17 [color=#323232] [bgcolor=#C8C8C8]
      LayoutText {#text} at (2,0) size 51x16
        text run at (2,0) width 51: "Item 275"
    LayoutBlockFlow {OPTION} at (1,4676) size 183x17 [color=#323232] [bgcolor=#C8C8C8]
      LayoutText {#text} at (2,0) size 51x16
        text run at (2,0) width 51: "Item 276"
    LayoutBlockFlow {OPTION} at (1,4693) size 183x17 [color=#323232] [bgcolor=#C8C8C8]
      LayoutText {#text} at (2,0) size 51x16
        text run at (2,0) width 51: "Item 277"
    LayoutBlockFlow {OPTION} at (1,4710) size 183x17 [color=#323232] [bgcolor=#C8C8C8]
      LayoutText {#text} at (2,0) size 51x16
        text run at (2,0) width 51: "Item 278"
    LayoutBlockFlow {OPTION} at (1,4727) size 183x17 [color=#323232] [bgcolor=#C8C8C8]
      LayoutText {#text} at (2,0) size 51x16
        text run at (2,0) width 51: "Item 279"
    LayoutBlockFlow {OPTION} at (1,4744) size 183x17 [color=#323232] [bgcolor=#C8C8C8]
      LayoutText {#text} at (2,0) size 51x16
        text run at (2,0) width 51: "Item 280"
    LayoutBlockFlow {OPTION} at (1,4761) size 183x17 [color=#323232] [bgcolor=#C8C8C8]
      LayoutText {#text} at (2,0) size 51x16
        text run at (2,0) width 51: "Item 281"
    LayoutBlockFlow {OPTION} at (1,4778) size 183x17 [color=#323232] [bgcolor=#C8C8C8]
      LayoutText {#text} at (2,0) size 51x16
        text run at (2,0) width 51: "Item 282"
    LayoutBlockFlow {OPTION} at (1,4795) size 183x17 [color=#323232] [bgcolor=#C8C8C8]
      LayoutText {#text} at (2,0) size 51x16
        text run at (2,0) width 51: "Item 283"
    LayoutBlockFlow {OPTION} at (1,4812) size 183x17 [color=#323232] [bgcolor=#C8C8C8]
      LayoutText {#text} at (2,0) size 51x16
        text run at (2,0) width 51: "Item 284"
    LayoutBlockFlow {OPTION} at (1,4829) size 183x17 [color=#323232] [bgcolor=#C8C8C8]
      LayoutText {#text} at (2,0) size 51x16
        text run at (2,0) width 51: "Item 285"
    LayoutBlockFlow {OPTION} at (1,4846) size 183x17 [color=#323232] [bgcolor=#C8C8C8]
      LayoutText {#text} at (2,0) size 51x16
        text run at (2,0) width 51: "Item 286"
    LayoutBlockFlow {OPTION} at (1,4863) size 183x17 [color=#323232] [bgcolor=#C8C8C8]
      LayoutText {#text} at (2,0) size 51x16
        text run at (2,0) width 51: "Item 287"
    LayoutBlockFlow {OPTION} at (1,4880) size 183x17 [color=#323232] [bgcolor=#C8C8C8]
      LayoutText {#text} at (2,0) size 51x16
        text run at (2,0) width 51: "Item 288"
    LayoutBlockFlow {OPTION} at (1,4897) size 183x17 [color=#323232] [bgcolor=#C8C8C8]
      LayoutText {#text} at (2,0) size 51x16
        text run at (2,0) width 51: "Item 289"
    LayoutBlockFlow {OPTION} at (1,4914) size 183x17 [color=#323232] [bgcolor=#C8C8C8]
      LayoutText {#text} at (2,0) size 51x16
        text run at (2,0) width 51: "Item 290"
    LayoutBlockFlow {OPTION} at (1,4931) size 183x17 [color=#323232] [bgcolor=#C8C8C8]
      LayoutText {#text} at (2,0) size 51x16
        text run at (2,0) width 51: "Item 291"
    LayoutBlockFlow {OPTION} at (1,4948) size 183x17 [color=#323232] [bgcolor=#C8C8C8]
      LayoutText {#text} at (2,0) size 51x16
        text run at (2,0) width 51: "Item 292"
    LayoutBlockFlow {OPTION} at (1,4965) size 183x17 [color=#323232] [bgcolor=#C8C8C8]
      LayoutText {#text} at (2,0) size 51x16
        text run at (2,0) width 51: "Item 293"
    LayoutBlockFlow {OPTION} at (1,4982) size 183x17 [color=#323232] [bgcolor=#C8C8C8]
      LayoutText {#text} at (2,0) size 51x16
        text run at (2,0) width 51: "Item 294"
    LayoutBlockFlow {OPTION} at (1,4999) size 183x17 [color=#323232] [bgcolor=#C8C8C8]
      LayoutText {#text} at (2,0) size 51x16
        text run at (2,0) width 51: "Item 295"
    LayoutBlockFlow {OPTION} at (1,5016) size 183x17 [color=#323232] [bgcolor=#C8C8C8]
      LayoutText {#text} at (2,0) size 51x16
        text run at (2,0) width 51: "Item 296"
    LayoutBlockFlow {OPTION} at (1,5033) size 183x17 [color=#323232] [bgcolor=#C8C8C8]
      LayoutText {#text} at (2,0) size 51x16
        text run at (2,0) width 51: "Item 297"
    LayoutBlockFlow {OPTION} at (1,5050) size 183x17 [color=#323232] [bgcolor=#C8C8C8]
      LayoutText {#text} at (2,0) size 51x16
        text run at (2,0) width 51: "Item 298"
    LayoutBlockFlow {OPTION} at (1,5067) size 183x17 [color=#323232] [bgcolor=#C8C8C8]
      LayoutText {#text} at (2,0) size 51x16
        text run at (2,0) width 51: "Item 299"
    LayoutBlockFlow {OPTION} at (1,5084) size 183x17 [color=#323232] [bgcolor=#C8C8C8]
      LayoutText {#text} at (2,0) size 51x16
        text run at (2,0) width 51: "Item 300"
    LayoutBlockFlow {OPTION} at (1,5101) size 183x17 [color=#323232] [bgcolor=#C8C8C8]
      LayoutText {#text} at (2,0) size 51x16
        text run at (2,0) width 51: "Item 301"
    LayoutBlockFlow {OPTION} at (1,5118) size 183x17 [color=#323232] [bgcolor=#C8C8C8]
      LayoutText {#text} at (2,0) size 51x16
        text run at (2,0) width 51: "Item 302"
    LayoutBlockFlow {OPTION} at (1,5135) size 183x17 [color=#323232] [bgcolor=#C8C8C8]
      LayoutText {#text} at (2,0) size 51x16
        text run at (2,0) width 51: "Item 303"
    LayoutBlockFlow {OPTION} at (1,5152) size 183x17 [color=#323232] [bgcolor=#C8C8C8]
      LayoutText {#text} at (2,0) size 51x16
        text run at (2,0) width 51: "Item 304"
    LayoutBlockFlow {OPTION} at (1,5169) size 183x17 [color=#323232] [bgcolor=#C8C8C8]
      LayoutText {#text} at (2,0) size 51x16
        text run at (2,0) width 51: "Item 305"
    LayoutBlockFlow {OPTION} at (1,5186) size 183x17 [color=#323232] [bgcolor=#C8C8C8]
      LayoutText {#text} at (2,0) size 51x16
        text run at (2,0) width 51: "Item 306"
    LayoutBlockFlow {OPTION} at (1,5203) size 183x17 [color=#323232] [bgcolor=#C8C8C8]
      LayoutText {#text} at (2,0) size 51x16
        text run at (2,0) width 51: "Item 307"
    LayoutBlockFlow {OPTION} at (1,5220) size 183x17 [color=#323232] [bgcolor=#C8C8C8]
      LayoutText {#text} at (2,0) size 51x16
        text run at (2,0) width 51: "Item 308"
    LayoutBlockFlow {OPTION} at (1,5237) size 183x17 [color=#323232] [bgcolor=#C8C8C8]
      LayoutText {#text} at (2,0) size 51x16
        text run at (2,0) width 51: "Item 309"
    LayoutBlockFlow {OPTION} at (1,5254) size 183x17 [color=#323232] [bgcolor=#C8C8C8]
      LayoutText {#text} at (2,0) size 51x16
        text run at (2,0) width 51: "Item 310"
    LayoutBlockFlow {OPTION} at (1,5271) size 183x17 [color=#323232] [bgcolor=#C8C8C8]
      LayoutText {#text} at (2,0) size 50x16
        text run at (2,0) width 50: "Item 311"
    LayoutBlockFlow {OPTION} at (1,5288) size 183x17 [color=#323232] [bgcolor=#C8C8C8]
      LayoutText {#text} at (2,0) size 51x16
        text run at (2,0) width 51: "Item 312"
    LayoutBlockFlow {OPTION} at (1,5305) size 183x17 [color=#323232] [bgcolor=#C8C8C8]
      LayoutText {#text} at (2,0) size 51x16
        text run at (2,0) width 51: "Item 313"
    LayoutBlockFlow {OPTION} at (1,5322) size 183x17 [color=#323232] [bgcolor=#C8C8C8]
      LayoutText {#text} at (2,0) size 51x16
        text run at (2,0) width 51: "Item 314"
    LayoutBlockFlow {OPTION} at (1,5339) size 183x17 [color=#323232] [bgcolor=#C8C8C8]
      LayoutText {#text} at (2,0) size 51x16
        text run at (2,0) width 51: "Item 315"
    LayoutBlockFlow {OPTION} at (1,5356) size 183x17 [color=#323232] [bgcolor=#C8C8C8]
      LayoutText {#text} at (2,0) size 51x16
        text run at (2,0) width 51: "Item 316"
    LayoutBlockFlow {OPTION} at (1,5373) size 183x17 [color=#323232] [bgcolor=#C8C8C8]
      LayoutText {#text} at (2,0) size 51x16
        text run at (2,0) width 51: "Item 317"
    LayoutBlockFlow {OPTION} at (1,5390) size 183x17 [color=#323232] [bgcolor=#C8C8C8]
      LayoutText {#text} at (2,0) size 51x16
        text run at (2,0) width 51: "Item 318"
    LayoutBlockFlow {OPTION} at (1,5407) size 183x17 [color=#323232] [bgcolor=#C8C8C8]
      LayoutText {#text} at (2,0) size 51x16
        text run at (2,0) width 51: "Item 319"
    LayoutBlockFlow {OPTION} at (1,5424) size 183x17 [color=#323232] [bgcolor=#C8C8C8]
      LayoutText {#text} at (2,0) size 51x16
        text run at (2,0) width 51: "Item 320"
    LayoutBlockFlow {OPTION} at (1,5441) size 183x17 [color=#323232] [bgcolor=#C8C8C8]
      LayoutText {#text} at (2,0) size 51x16
        text run at (2,0) width 51: "Item 321"
    LayoutBlockFlow {OPTION} at (1,5458) size 183x17 [color=#323232] [bgcolor=#C8C8C8]
      LayoutText {#text} at (2,0) size 51x16
        text run at (2,0) width 51: "Item 322"
    LayoutBlockFlow {OPTION} at (1,5475) size 183x17 [color=#323232] [bgcolor=#C8C8C8]
      LayoutText {#text} at (2,0) size 51x16
        text run at (2,0) width 51: "Item 323"
    LayoutBlockFlow {OPTION} at (1,5492) size 183x17 [color=#323232] [bgcolor=#C8C8C8]
      LayoutText {#text} at (2,0) size 51x16
        text run at (2,0) width 51: "Item 324"
    LayoutBlockFlow {OPTION} at (1,5509) size 183x17 [color=#323232] [bgcolor=#C8C8C8]
      LayoutText {#text} at (2,0) size 51x16
        text run at (2,0) width 51: "Item 325"
    LayoutBlockFlow {OPTION} at (1,5526) size 183x17 [color=#323232] [bgcolor=#C8C8C8]
      LayoutText {#text} at (2,0) size 51x16
        text run at (2,0) width 51: "Item 326"
    LayoutBlockFlow {OPTION} at (1,5543) size 183x17 [color=#323232] [bgcolor=#C8C8C8]
      LayoutText {#text} at (2,0) size 51x16
        text run at (2,0) width 51: "Item 327"
    LayoutBlockFlow {OPTION} at (1,5560) size 183x17 [color=#323232] [bgcolor=#C8C8C8]
      LayoutText {#text} at (2,0) size 51x16
        text run at (2,0) width 51: "Item 328"
    LayoutBlockFlow {OPTION} at (1,5577) size 183x17 [color=#323232] [bgcolor=#C8C8C8]
      LayoutText {#text} at (2,0) size 51x16
        text run at (2,0) width 51: "Item 329"
    LayoutBlockFlow {OPTION} at (1,5594) size 183x17 [color=#323232] [bgcolor=#C8C8C8]
      LayoutText {#text} at (2,0) size 51x16
        text run at (2,0) width 51: "Item 330"
    LayoutBlockFlow {OPTION} at (1,5611) size 183x17 [color=#323232] [bgcolor=#C8C8C8]
      LayoutText {#text} at (2,0) size 51x16
        text run at (2,0) width 51: "Item 331"
    LayoutBlockFlow {OPTION} at (1,5628) size 183x17 [color=#323232] [bgcolor=#C8C8C8]
      LayoutText {#text} at (2,0) size 51x16
        text run at (2,0) width 51: "Item 332"
    LayoutBlockFlow {OPTION} at (1,5645) size 183x17 [color=#323232] [bgcolor=#C8C8C8]
      LayoutText {#text} at (2,0) size 51x16
        text run at (2,0) width 51: "Item 333"
    LayoutBlockFlow {OPTION} at (1,5662) size 183x17 [color=#323232] [bgcolor=#C8C8C8]
      LayoutText {#text} at (2,0) size 51x16
        text run at (2,0) width 51: "Item 334"
    LayoutBlockFlow {OPTION} at (1,5679) size 183x17 [color=#323232] [bgcolor=#C8C8C8]
      LayoutText {#text} at (2,0) size 51x16
        text run at (2,0) width 51: "Item 335"
    LayoutBlockFlow {OPTION} at (1,5696) size 183x17 [color=#323232] [bgcolor=#C8C8C8]
      LayoutText {#text} at (2,0) size 51x16
        text run at (2,0) width 51: "Item 336"
    LayoutBlockFlow {OPTION} at (1,5713) size 183x17 [color=#323232] [bgcolor=#C8C8C8]
      LayoutText {#text} at (2,0) size 51x16
        text run at (2,0) width 51: "Item 337"
    LayoutBlockFlow {OPTION} at (1,5730) size 183x17 [color=#323232] [bgcolor=#C8C8C8]
      LayoutText {#text} at (2,0) size 51x16
        text run at (2,0) width 51: "Item 338"
    LayoutBlockFlow {OPTION} at (1,5747) size 183x17 [color=#323232] [bgcolor=#C8C8C8]
      LayoutText {#text} at (2,0) size 51x16
        text run at (2,0) width 51: "Item 339"
    LayoutBlockFlow {OPTION} at (1,5764) size 183x17 [color=#323232] [bgcolor=#C8C8C8]
      LayoutText {#text} at (2,0) size 51x16
        text run at (2,0) width 51: "Item 340"
    LayoutBlockFlow {OPTION} at (1,5781) size 183x17 [color=#323232] [bgcolor=#C8C8C8]
      LayoutText {#text} at (2,0) size 51x16
        text run at (2,0) width 51: "Item 341"
    LayoutBlockFlow {OPTION} at (1,5798) size 183x17 [color=#323232] [bgcolor=#C8C8C8]
      LayoutText {#text} at (2,0) size 51x16
        text run at (2,0) width 51: "Item 342"
    LayoutBlockFlow {OPTION} at (1,5815) size 183x17 [color=#323232] [bgcolor=#C8C8C8]
      LayoutText {#text} at (2,0) size 51x16
        text run at (2,0) width 51: "Item 343"
    LayoutBlockFlow {OPTION} at (1,5832) size 183x17 [color=#323232] [bgcolor=#C8C8C8]
      LayoutText {#text} at (2,0) size 51x16
        text run at (2,0) width 51: "Item 344"
    LayoutBlockFlow {OPTION} at (1,5849) size 183x17 [color=#323232] [bgcolor=#C8C8C8]
      LayoutText {#text} at (2,0) size 51x16
        text run at (2,0) width 51: "Item 345"
    LayoutBlockFlow {OPTION} at (1,5866) size 183x17 [color=#323232] [bgcolor=#C8C8C8]
      LayoutText {#text} at (2,0) size 51x16
        text run at (2,0) width 51: "Item 346"
    LayoutBlockFlow {OPTION} at (1,5883) size 183x17 [color=#323232] [bgcolor=#C8C8C8]
      LayoutText {#text} at (2,0) size 51x16
        text run at (2,0) width 51: "Item 347"
    LayoutBlockFlow {OPTION} at (1,5900) size 183x17 [color=#323232] [bgcolor=#C8C8C8]
      LayoutText {#text} at (2,0) size 51x16
        text run at (2,0) width 51: "Item 348"
    LayoutBlockFlow {OPTION} at (1,5917) size 183x17 [color=#323232] [bgcolor=#C8C8C8]
      LayoutText {#text} at (2,0) size 51x16
        text run at (2,0) width 51: "Item 349"
    LayoutBlockFlow {OPTION} at (1,5934) size 183x17 [color=#323232] [bgcolor=#C8C8C8]
      LayoutText {#text} at (2,0) size 51x16
        text run at (2,0) width 51: "Item 350"
    LayoutBlockFlow {OPTION} at (1,5951) size 183x17 [color=#323232] [bgcolor=#C8C8C8]
      LayoutText {#text} at (2,0) size 51x16
        text run at (2,0) width 51: "Item 351"
    LayoutBlockFlow {OPTION} at (1,5968) size 183x17 [color=#323232] [bgcolor=#C8C8C8]
      LayoutText {#text} at (2,0) size 51x16
        text run at (2,0) width 51: "Item 352"
    LayoutBlockFlow {OPTION} at (1,5985) size 183x17 [color=#323232] [bgcolor=#C8C8C8]
      LayoutText {#text} at (2,0) size 51x16
        text run at (2,0) width 51: "Item 353"
    LayoutBlockFlow {OPTION} at (1,6002) size 183x17 [color=#323232] [bgcolor=#C8C8C8]
      LayoutText {#text} at (2,0) size 51x16
        text run at (2,0) width 51: "Item 354"
    LayoutBlockFlow {OPTION} at (1,6019) size 183x17 [color=#323232] [bgcolor=#C8C8C8]
      LayoutText {#text} at (2,0) size 51x16
        text run at (2,0) width 51: "Item 355"
    LayoutBlockFlow {OPTION} at (1,6036) size 183x17 [color=#323232] [bgcolor=#C8C8C8]
      LayoutText {#text} at (2,0) size 51x16
        text run at (2,0) width 51: "Item 356"
    LayoutBlockFlow {OPTION} at (1,6053) size 183x17 [color=#323232] [bgcolor=#C8C8C8]
      LayoutText {#text} at (2,0) size 51x16
        text run at (2,0) width 51: "Item 357"
    LayoutBlockFlow {OPTION} at (1,6070) size 183x17 [color=#323232] [bgcolor=#C8C8C8]
      LayoutText {#text} at (2,0) size 51x16
        text run at (2,0) width 51: "Item 358"
    LayoutBlockFlow {OPTION} at (1,6087) size 183x17 [color=#323232] [bgcolor=#C8C8C8]
      LayoutText {#text} at (2,0) size 51x16
        text run at (2,0) width 51: "Item 359"
    LayoutBlockFlow {OPTION} at (1,6104) size 183x17 [color=#323232] [bgcolor=#C8C8C8]
      LayoutText {#text} at (2,0) size 51x16
        text run at (2,0) width 51: "Item 360"
    LayoutBlockFlow {OPTION} at (1,6121) size 183x17 [color=#323232] [bgcolor=#C8C8C8]
      LayoutText {#text} at (2,0) size 51x16
        text run at (2,0) width 51: "Item 361"
    LayoutBlockFlow {OPTION} at (1,6138) size 183x17 [color=#323232] [bgcolor=#C8C8C8]
      LayoutText {#text} at (2,0) size 51x16
        text run at (2,0) width 51: "Item 362"
    LayoutBlockFlow {OPTION} at (1,6155) size 183x17 [color=#323232] [bgcolor=#C8C8C8]
      LayoutText {#text} at (2,0) size 51x16
        text run at (2,0) width 51: "Item 363"
    LayoutBlockFlow {OPTION} at (1,6172) size 183x17 [color=#323232] [bgcolor=#C8C8C8]
      LayoutText {#text} at (2,0) size 51x16
        text run at (2,0) width 51: "Item 364"
    LayoutBlockFlow {OPTION} at (1,6189) size 183x17 [color=#323232] [bgcolor=#C8C8C8]
      LayoutText {#text} at (2,0) size 51x16
        text run at (2,0) width 51: "Item 365"
    LayoutBlockFlow {OPTION} at (1,6206) size 183x17 [color=#323232] [bgcolor=#C8C8C8]
      LayoutText {#text} at (2,0) size 51x16
        text run at (2,0) width 51: "Item 366"
    LayoutBlockFlow {OPTION} at (1,6223) size 183x17 [color=#323232] [bgcolor=#C8C8C8]
      LayoutText {#text} at (2,0) size 51x16
        text run at (2,0) width 51: "Item 367"
    LayoutBlockFlow {OPTION} at (1,6240) size 183x17 [color=#323232] [bgcolor=#C8C8C8]
      LayoutText {#text} at (2,0) size 51x16
        text run at (2,0) width 51: "Item 368"
    LayoutBlockFlow {OPTION} at (1,6257) size 183x17 [color=#323232] [bgcolor=#C8C8C8]
      LayoutText {#text} at (2,0) size 51x16
        text run at (2,0) width 51: "Item 369"
    LayoutBlockFlow {OPTION} at (1,6274) size 183x17 [color=#323232] [bgcolor=#C8C8C8]
      LayoutText {#text} at (2,0) size 51x16
        text run at (2,0) width 51: "Item 370"
    LayoutBlockFlow {OPTION} at (1,6291) size 183x17 [color=#323232] [bgcolor=#C8C8C8]
      LayoutText {#text} at (2,0) size 51x16
        text run at (2,0) width 51: "Item 371"
    LayoutBlockFlow {OPTION} at (1,6308) size 183x17 [color=#323232] [bgcolor=#C8C8C8]
      LayoutText {#text} at (2,0) size 51x16
        text run at (2,0) width 51: "Item 372"
    LayoutBlockFlow {OPTION} at (1,6325) size 183x17 [color=#323232] [bgcolor=#C8C8C8]
      LayoutText {#text} at (2,0) size 51x16
        text run at (2,0) width 51: "Item 373"
    LayoutBlockFlow {OPTION} at (1,6342) size 183x17 [color=#323232] [bgcolor=#C8C8C8]
      LayoutText {#text} at (2,0) size 51x16
        text run at (2,0) width 51: "Item 374"
    LayoutBlockFlow {OPTION} at (1,6359) size 183x17 [color=#323232] [bgcolor=#C8C8C8]
      LayoutText {#text} at (2,0) size 51x16
        text run at (2,0) width 51: "Item 375"
    LayoutBlockFlow {OPTION} at (1,6376) size 183x17 [color=#323232] [bgcolor=#C8C8C8]
      LayoutText {#text} at (2,0) size 51x16
        text run at (2,0) width 51: "Item 376"
    LayoutBlockFlow {OPTION} at (1,6393) size 183x17 [color=#323232] [bgcolor=#C8C8C8]
      LayoutText {#text} at (2,0) size 51x16
        text run at (2,0) width 51: "Item 377"
    LayoutBlockFlow {OPTION} at (1,6410) size 183x17 [color=#323232] [bgcolor=#C8C8C8]
      LayoutText {#text} at (2,0) size 51x16
        text run at (2,0) width 51: "Item 378"
    LayoutBlockFlow {OPTION} at (1,6427) size 183x17 [color=#323232] [bgcolor=#C8C8C8]
      LayoutText {#text} at (2,0) size 51x16
        text run at (2,0) width 51: "Item 379"
    LayoutBlockFlow {OPTION} at (1,6444) size 183x17 [color=#323232] [bgcolor=#C8C8C8]
      LayoutText {#text} at (2,0) size 51x16
        text run at (2,0) width 51: "Item 380"
    LayoutBlockFlow {OPTION} at (1,6461) size 183x17 [color=#323232] [bgcolor=#C8C8C8]
      LayoutText {#text} at (2,0) size 51x16
        text run at (2,0) width 51: "Item 381"
    LayoutBlockFlow {OPTION} at (1,6478) size 183x17 [color=#323232] [bgcolor=#C8C8C8]
      LayoutText {#text} at (2,0) size 51x16
        text run at (2,0) width 51: "Item 382"
    LayoutBlockFlow {OPTION} at (1,6495) size 183x17 [color=#323232] [bgcolor=#C8C8C8]
      LayoutText {#text} at (2,0) size 51x16
        text run at (2,0) width 51: "Item 383"
    LayoutBlockFlow {OPTION} at (1,6512) size 183x17 [color=#323232] [bgcolor=#C8C8C8]
      LayoutText {#text} at (2,0) size 51x16
        text run at (2,0) width 51: "Item 384"
    LayoutBlockFlow {OPTION} at (1,6529) size 183x17 [color=#323232] [bgcolor=#C8C8C8]
      LayoutText {#text} at (2,0) size 51x16
        text run at (2,0) width 51: "Item 385"
    LayoutBlockFlow {OPTION} at (1,6546) size 183x17 [color=#323232] [bgcolor=#C8C8C8]
      LayoutText {#text} at (2,0) size 51x16
        text run at (2,0) width 51: "Item 386"
    LayoutBlockFlow {OPTION} at (1,6563) size 183x17 [color=#323232] [bgcolor=#C8C8C8]
      LayoutText {#text} at (2,0) size 51x16
        text run at (2,0) width 51: "Item 387"
    LayoutBlockFlow {OPTION} at (1,6580) size 183x17 [color=#323232] [bgcolor=#C8C8C8]
      LayoutText {#text} at (2,0) size 51x16
        text run at (2,0) width 51: "Item 388"
    LayoutBlockFlow {OPTION} at (1,6597) size 183x17 [color=#323232] [bgcolor=#C8C8C8]
      LayoutText {#text} at (2,0) size 51x16
        text run at (2,0) width 51: "Item 389"
    LayoutBlockFlow {OPTION} at (1,6614) size 183x17 [color=#323232] [bgcolor=#C8C8C8]
      LayoutText {#text} at (2,0) size 51x16
        text run at (2,0) width 51: "Item 390"
    LayoutBlockFlow {OPTION} at (1,6631) size 183x17 [color=#323232] [bgcolor=#C8C8C8]
      LayoutText {#text} at (2,0) size 51x16
        text run at (2,0) width 51: "Item 391"
    LayoutBlockFlow {OPTION} at (1,6648) size 183x17 [color=#323232] [bgcolor=#C8C8C8]
      LayoutText {#text} at (2,0) size 51x16
        text run at (2,0) width 51: "Item 392"
    LayoutBlockFlow {OPTION} at (1,6665) size 183x17 [color=#323232] [bgcolor=#C8C8C8]
      LayoutText {#text} at (2,0) size 51x16
        text run at (2,0) width 51: "Item 393"
    LayoutBlockFlow {OPTION} at (1,6682) size 183x17 [color=#323232] [bgcolor=#C8C8C8]
      LayoutText {#text} at (2,0) size 51x16
        text run at (2,0) width 51: "Item 394"
    LayoutBlockFlow {OPTION} at (1,6699) size 183x17 [color=#323232] [bgcolor=#C8C8C8]
      LayoutText {#text} at (2,0) size 51x16
        text run at (2,0) width 51: "Item 395"
    LayoutBlockFlow {OPTION} at (1,6716) size 183x17 [color=#323232] [bgcolor=#C8C8C8]
      LayoutText {#text} at (2,0) size 51x16
        text run at (2,0) width 51: "Item 396"
    LayoutBlockFlow {OPTION} at (1,6733) size 183x17 [color=#323232] [bgcolor=#C8C8C8]
      LayoutText {#text} at (2,0) size 51x16
        text run at (2,0) width 51: "Item 397"
    LayoutBlockFlow {OPTION} at (1,6750) size 183x17 [color=#323232] [bgcolor=#C8C8C8]
      LayoutText {#text} at (2,0) size 51x16
        text run at (2,0) width 51: "Item 398"
    LayoutBlockFlow {OPTION} at (1,6767) size 183x17 [color=#323232] [bgcolor=#C8C8C8]
      LayoutText {#text} at (2,0) size 51x16
        text run at (2,0) width 51: "Item 399"
    LayoutBlockFlow {OPTION} at (1,6784) size 183x17 [color=#323232] [bgcolor=#C8C8C8]
      LayoutText {#text} at (2,0) size 51x16
        text run at (2,0) width 51: "Item 400"
    LayoutBlockFlow {OPTION} at (1,6801) size 183x17 [color=#323232] [bgcolor=#C8C8C8]
      LayoutText {#text} at (2,0) size 51x16
        text run at (2,0) width 51: "Item 401"
    LayoutBlockFlow {OPTION} at (1,6818) size 183x17 [color=#323232] [bgcolor=#C8C8C8]
      LayoutText {#text} at (2,0) size 51x16
        text run at (2,0) width 51: "Item 402"
    LayoutBlockFlow {OPTION} at (1,6835) size 183x17 [color=#323232] [bgcolor=#C8C8C8]
      LayoutText {#text} at (2,0) size 51x16
        text run at (2,0) width 51: "Item 403"
    LayoutBlockFlow {OPTION} at (1,6852) size 183x17 [color=#323232] [bgcolor=#C8C8C8]
      LayoutText {#text} at (2,0) size 51x16
        text run at (2,0) width 51: "Item 404"
    LayoutBlockFlow {OPTION} at (1,6869) size 183x17 [color=#323232] [bgcolor=#C8C8C8]
      LayoutText {#text} at (2,0) size 51x16
        text run at (2,0) width 51: "Item 405"
    LayoutBlockFlow {OPTION} at (1,6886) size 183x17 [color=#323232] [bgcolor=#C8C8C8]
      LayoutText {#text} at (2,0) size 51x16
        text run at (2,0) width 51: "Item 406"
    LayoutBlockFlow {OPTION} at (1,6903) size 183x17 [color=#323232] [bgcolor=#C8C8C8]
      LayoutText {#text} at (2,0) size 51x16
        text run at (2,0) width 51: "Item 407"
    LayoutBlockFlow {OPTION} at (1,6920) size 183x17 [color=#323232] [bgcolor=#C8C8C8]
      LayoutText {#text} at (2,0) size 51x16
        text run at (2,0) width 51: "Item 408"
    LayoutBlockFlow {OPTION} at (1,6937) size 183x17 [color=#323232] [bgcolor=#C8C8C8]
      LayoutText {#text} at (2,0) size 51x16
        text run at (2,0) width 51: "Item 409"
    LayoutBlockFlow {OPTION} at (1,6954) size 183x17 [color=#323232] [bgcolor=#C8C8C8]
      LayoutText {#text} at (2,0) size 51x16
        text run at (2,0) width 51: "Item 410"
    LayoutBlockFlow {OPTION} at (1,6971) size 183x17 [color=#323232] [bgcolor=#C8C8C8]
      LayoutText {#text} at (2,0) size 50x16
        text run at (2,0) width 50: "Item 411"
    LayoutBlockFlow {OPTION} at (1,6988) size 183x17 [color=#323232] [bgcolor=#C8C8C8]
      LayoutText {#text} at (2,0) size 51x16
        text run at (2,0) width 51: "Item 412"
    LayoutBlockFlow {OPTION} at (1,7005) size 183x17 [color=#323232] [bgcolor=#C8C8C8]
      LayoutText {#text} at (2,0) size 51x16
        text run at (2,0) width 51: "Item 413"
    LayoutBlockFlow {OPTION} at (1,7022) size 183x17 [color=#323232] [bgcolor=#C8C8C8]
      LayoutText {#text} at (2,0) size 51x16
        text run at (2,0) width 51: "Item 414"
    LayoutBlockFlow {OPTION} at (1,7039) size 183x17 [color=#323232] [bgcolor=#C8C8C8]
      LayoutText {#text} at (2,0) size 51x16
        text run at (2,0) width 51: "Item 415"
    LayoutBlockFlow {OPTION} at (1,7056) size 183x17 [color=#323232] [bgcolor=#C8C8C8]
      LayoutText {#text} at (2,0) size 51x16
        text run at (2,0) width 51: "Item 416"
    LayoutBlockFlow {OPTION} at (1,7073) size 183x17 [color=#323232] [bgcolor=#C8C8C8]
      LayoutText {#text} at (2,0) size 51x16
        text run at (2,0) width 51: "Item 417"
    LayoutBlockFlow {OPTION} at (1,7090) size 183x17 [color=#323232] [bgcolor=#C8C8C8]
      LayoutText {#text} at (2,0) size 51x16
        text run at (2,0) width 51: "Item 418"
    LayoutBlockFlow {OPTION} at (1,7107) size 183x17 [color=#323232] [bgcolor=#C8C8C8]
      LayoutText {#text} at (2,0) size 51x16
        text run at (2,0) width 51: "Item 419"
    LayoutBlockFlow {OPTION} at (1,7124) size 183x17 [color=#323232] [bgcolor=#C8C8C8]
      LayoutText {#text} at (2,0) size 51x16
        text run at (2,0) width 51: "Item 420"
    LayoutBlockFlow {OPTION} at (1,7141) size 183x17 [color=#323232] [bgcolor=#C8C8C8]
      LayoutText {#text} at (2,0) size 51x16
        text run at (2,0) width 51: "Item 421"
    LayoutBlockFlow {OPTION} at (1,7158) size 183x17 [color=#323232] [bgcolor=#C8C8C8]
      LayoutText {#text} at (2,0) size 51x16
        text run at (2,0) width 51: "Item 422"
    LayoutBlockFlow {OPTION} at (1,7175) size 183x17 [color=#323232] [bgcolor=#C8C8C8]
      LayoutText {#text} at (2,0) size 51x16
        text run at (2,0) width 51: "Item 423"
    LayoutBlockFlow {OPTION} at (1,7192) size 183x17 [color=#323232] [bgcolor=#C8C8C8]
      LayoutText {#text} at (2,0) size 51x16
        text run at (2,0) width 51: "Item 424"
    LayoutBlockFlow {OPTION} at (1,7209) size 183x17 [color=#323232] [bgcolor=#C8C8C8]
      LayoutText {#text} at (2,0) size 51x16
        text run at (2,0) width 51: "Item 425"
    LayoutBlockFlow {OPTION} at (1,7226) size 183x17 [color=#323232] [bgcolor=#C8C8C8]
      LayoutText {#text} at (2,0) size 51x16
        text run at (2,0) width 51: "Item 426"
    LayoutBlockFlow {OPTION} at (1,7243) size 183x17 [color=#323232] [bgcolor=#C8C8C8]
      LayoutText {#text} at (2,0) size 51x16
        text run at (2,0) width 51: "Item 427"
    LayoutBlockFlow {OPTION} at (1,7260) size 183x17 [color=#323232] [bgcolor=#C8C8C8]
      LayoutText {#text} at (2,0) size 51x16
        text run at (2,0) width 51: "Item 428"
    LayoutBlockFlow {OPTION} at (1,7277) size 183x17 [color=#323232] [bgcolor=#C8C8C8]
      LayoutText {#text} at (2,0) size 51x16
        text run at (2,0) width 51: "Item 429"
    LayoutBlockFlow {OPTION} at (1,7294) size 183x17 [color=#323232] [bgcolor=#C8C8C8]
      LayoutText {#text} at (2,0) size 51x16
        text run at (2,0) width 51: "Item 430"
    LayoutBlockFlow {OPTION} at (1,7311) size 183x17 [color=#323232] [bgcolor=#C8C8C8]
      LayoutText {#text} at (2,0) size 51x16
        text run at (2,0) width 51: "Item 431"
    LayoutBlockFlow {OPTION} at (1,7328) size 183x17 [color=#323232] [bgcolor=#C8C8C8]
      LayoutText {#text} at (2,0) size 51x16
        text run at (2,0) width 51: "Item 432"
    LayoutBlockFlow {OPTION} at (1,7345) size 183x17 [color=#323232] [bgcolor=#C8C8C8]
      LayoutText {#text} at (2,0) size 51x16
        text run at (2,0) width 51: "Item 433"
    LayoutBlockFlow {OPTION} at (1,7362) size 183x17 [color=#323232] [bgcolor=#C8C8C8]
      LayoutText {#text} at (2,0) size 51x16
        text run at (2,0) width 51: "Item 434"
    LayoutBlockFlow {OPTION} at (1,7379) size 183x17 [color=#323232] [bgcolor=#C8C8C8]
      LayoutText {#text} at (2,0) size 51x16
        text run at (2,0) width 51: "Item 435"
    LayoutBlockFlow {OPTION} at (1,7396) size 183x17 [color=#323232] [bgcolor=#C8C8C8]
      LayoutText {#text} at (2,0) size 51x16
        text run at (2,0) width 51: "Item 436"
    LayoutBlockFlow {OPTION} at (1,7413) size 183x17 [color=#323232] [bgcolor=#C8C8C8]
      LayoutText {#text} at (2,0) size 51x16
        text run at (2,0) width 51: "Item 437"
    LayoutBlockFlow {OPTION} at (1,7430) size 183x17 [color=#323232] [bgcolor=#C8C8C8]
      LayoutText {#text} at (2,0) size 51x16
        text run at (2,0) width 51: "Item 438"
    LayoutBlockFlow {OPTION} at (1,7447) size 183x17 [color=#323232] [bgcolor=#C8C8C8]
      LayoutText {#text} at (2,0) size 51x16
        text run at (2,0) width 51: "Item 439"
    LayoutBlockFlow {OPTION} at (1,7464) size 183x17 [color=#323232] [bgcolor=#C8C8C8]
      LayoutText {#text} at (2,0) size 51x16
        text run at (2,0) width 51: "Item 440"
    LayoutBlockFlow {OPTION} at (1,7481) size 183x17 [color=#323232] [bgcolor=#C8C8C8]
      LayoutText {#text} at (2,0) size 51x16
        text run at (2,0) width 51: "Item 441"
    LayoutBlockFlow {OPTION} at (1,7498) size 183x17 [color=#323232] [bgcolor=#C8C8C8]
      LayoutText {#text} at (2,0) size 51x16
        text run at (2,0) width 51: "Item 442"
    LayoutBlockFlow {OPTION} at (1,7515) size 183x17 [color=#323232] [bgcolor=#C8C8C8]
      LayoutText {#text} at (2,0) size 51x16
        text run at (2,0) width 51: "Item 443"
    LayoutBlockFlow {OPTION} at (1,7532) size 183x17 [color=#323232] [bgcolor=#C8C8C8]
      LayoutText {#text} at (2,0) size 51x16
        text run at (2,0) width 51: "Item 444"
    LayoutBlockFlow {OPTION} at (1,7549) size 183x17 [color=#323232] [bgcolor=#C8C8C8]
      LayoutText {#text} at (2,0) size 51x16
        text run at (2,0) width 51: "Item 445"
    LayoutBlockFlow {OPTION} at (1,7566) size 183x17 [color=#323232] [bgcolor=#C8C8C8]
      LayoutText {#text} at (2,0) size 51x16
        text run at (2,0) width 51: "Item 446"
    LayoutBlockFlow {OPTION} at (1,7583) size 183x17 [color=#323232] [bgcolor=#C8C8C8]
      LayoutText {#text} at (2,0) size 51x16
        text run at (2,0) width 51: "Item 447"
    LayoutBlockFlow {OPTION} at (1,7600) size 183x17 [color=#323232] [bgcolor=#C8C8C8]
      LayoutText {#text} at (2,0) size 51x16
        text run at (2,0) width 51: "Item 448"
    LayoutBlockFlow {OPTION} at (1,7617) size 183x17 [color=#323232] [bgcolor=#C8C8C8]
      LayoutText {#text} at (2,0) size 51x16
        text run at (2,0) width 51: "Item 449"
    LayoutBlockFlow {OPTION} at (1,7634) size 183x17 [color=#323232] [bgcolor=#C8C8C8]
      LayoutText {#text} at (2,0) size 51x16
        text run at (2,0) width 51: "Item 450"
    LayoutBlockFlow {OPTION} at (1,7651) size 183x17 [color=#323232] [bgcolor=#C8C8C8]
      LayoutText {#text} at (2,0) size 51x16
        text run at (2,0) width 51: "Item 451"
    LayoutBlockFlow {OPTION} at (1,7668) size 183x17 [color=#323232] [bgcolor=#C8C8C8]
      LayoutText {#text} at (2,0) size 51x16
        text run at (2,0) width 51: "Item 452"
    LayoutBlockFlow {OPTION} at (1,7685) size 183x17 [color=#323232] [bgcolor=#C8C8C8]
      LayoutText {#text} at (2,0) size 51x16
        text run at (2,0) width 51: "Item 453"
    LayoutBlockFlow {OPTION} at (1,7702) size 183x17 [color=#323232] [bgcolor=#C8C8C8]
      LayoutText {#text} at (2,0) size 51x16
        text run at (2,0) width 51: "Item 454"
    LayoutBlockFlow {OPTION} at (1,7719) size 183x17 [color=#323232] [bgcolor=#C8C8C8]
      LayoutText {#text} at (2,0) size 51x16
        text run at (2,0) width 51: "Item 455"
    LayoutBlockFlow {OPTION} at (1,7736) size 183x17 [color=#323232] [bgcolor=#C8C8C8]
      LayoutText {#text} at (2,0) size 51x16
        text run at (2,0) width 51: "Item 456"
    LayoutBlockFlow {OPTION} at (1,7753) size 183x17 [color=#323232] [bgcolor=#C8C8C8]
      LayoutText {#text} at (2,0) size 51x16
        text run at (2,0) width 51: "Item 457"
    LayoutBlockFlow {OPTION} at (1,7770) size 183x17 [color=#323232] [bgcolor=#C8C8C8]
      LayoutText {#text} at (2,0) size 51x16
        text run at (2,0) width 51: "Item 458"
    LayoutBlockFlow {OPTION} at (1,7787) size 183x17 [color=#323232] [bgcolor=#C8C8C8]
      LayoutText {#text} at (2,0) size 51x16
        text run at (2,0) width 51: "Item 459"
    LayoutBlockFlow {OPTION} at (1,7804) size 183x17 [color=#323232] [bgcolor=#C8C8C8]
      LayoutText {#text} at (2,0) size 51x16
        text run at (2,0) width 51: "Item 460"
    LayoutBlockFlow {OPTION} at (1,7821) size 183x17 [color=#323232] [bgcolor=#C8C8C8]
      LayoutText {#text} at (2,0) size 51x16
        text run at (2,0) width 51: "Item 461"
    LayoutBlockFlow {OPTION} at (1,7838) size 183x17 [color=#323232] [bgcolor=#C8C8C8]
      LayoutText {#text} at (2,0) size 51x16
        text run at (2,0) width 51: "Item 462"
    LayoutBlockFlow {OPTION} at (1,7855) size 183x17 [color=#323232] [bgcolor=#C8C8C8]
      LayoutText {#text} at (2,0) size 51x16
        text run at (2,0) width 51: "Item 463"
    LayoutBlockFlow {OPTION} at (1,7872) size 183x17 [color=#323232] [bgcolor=#C8C8C8]
      LayoutText {#text} at (2,0) size 51x16
        text run at (2,0) width 51: "Item 464"
    LayoutBlockFlow {OPTION} at (1,7889) size 183x17 [color=#323232] [bgcolor=#C8C8C8]
      LayoutText {#text} at (2,0) size 51x16
        text run at (2,0) width 51: "Item 465"
    LayoutBlockFlow {OPTION} at (1,7906) size 183x17 [color=#323232] [bgcolor=#C8C8C8]
      LayoutText {#text} at (2,0) size 51x16
        text run at (2,0) width 51: "Item 466"
    LayoutBlockFlow {OPTION} at (1,7923) size 183x17 [color=#323232] [bgcolor=#C8C8C8]
      LayoutText {#text} at (2,0) size 51x16
        text run at (2,0) width 51: "Item 467"
    LayoutBlockFlow {OPTION} at (1,7940) size 183x17 [color=#323232] [bgcolor=#C8C8C8]
      LayoutText {#text} at (2,0) size 51x16
        text run at (2,0) width 51: "Item 468"
    LayoutBlockFlow {OPTION} at (1,7957) size 183x17 [color=#323232] [bgcolor=#C8C8C8]
      LayoutText {#text} at (2,0) size 51x16
        text run at (2,0) width 51: "Item 469"
    LayoutBlockFlow {OPTION} at (1,7974) size 183x17 [color=#323232] [bgcolor=#C8C8C8]
      LayoutText {#text} at (2,0) size 51x16
        text run at (2,0) width 51: "Item 470"
    LayoutBlockFlow {OPTION} at (1,7991) size 183x17 [color=#323232] [bgcolor=#C8C8C8]
      LayoutText {#text} at (2,0) size 51x16
        text run at (2,0) width 51: "Item 471"
    LayoutBlockFlow {OPTION} at (1,8008) size 183x17 [color=#323232] [bgcolor=#C8C8C8]
      LayoutText {#text} at (2,0) size 51x16
        text run at (2,0) width 51: "Item 472"
    LayoutBlockFlow {OPTION} at (1,8025) size 183x17 [color=#323232] [bgcolor=#C8C8C8]
      LayoutText {#text} at (2,0) size 51x16
        text run at (2,0) width 51: "Item 473"
    LayoutBlockFlow {OPTION} at (1,8042) size 183x17 [color=#323232] [bgcolor=#C8C8C8]
      LayoutText {#text} at (2,0) size 51x16
        text run at (2,0) width 51: "Item 474"
    LayoutBlockFlow {OPTION} at (1,8059) size 183x17 [color=#323232] [bgcolor=#C8C8C8]
      LayoutText {#text} at (2,0) size 51x16
        text run at (2,0) width 51: "Item 475"
    LayoutBlockFlow {OPTION} at (1,8076) size 183x17 [color=#323232] [bgcolor=#C8C8C8]
      LayoutText {#text} at (2,0) size 51x16
        text run at (2,0) width 51: "Item 476"
    LayoutBlockFlow {OPTION} at (1,8093) size 183x17 [color=#323232] [bgcolor=#C8C8C8]
      LayoutText {#text} at (2,0) size 51x16
        text run at (2,0) width 51: "Item 477"
    LayoutBlockFlow {OPTION} at (1,8110) size 183x17 [color=#323232] [bgcolor=#C8C8C8]
      LayoutText {#text} at (2,0) size 51x16
        text run at (2,0) width 51: "Item 478"
    LayoutBlockFlow {OPTION} at (1,8127) size 183x17 [color=#323232] [bgcolor=#C8C8C8]
      LayoutText {#text} at (2,0) size 51x16
        text run at (2,0) width 51: "Item 479"
    LayoutBlockFlow {OPTION} at (1,8144) size 183x17 [color=#323232] [bgcolor=#C8C8C8]
      LayoutText {#text} at (2,0) size 51x16
        text run at (2,0) width 51: "Item 480"
    LayoutBlockFlow {OPTION} at (1,8161) size 183x17 [color=#323232] [bgcolor=#C8C8C8]
      LayoutText {#text} at (2,0) size 51x16
        text run at (2,0) width 51: "Item 481"
    LayoutBlockFlow {OPTION} at (1,8178) size 183x17 [color=#323232] [bgcolor=#C8C8C8]
      LayoutText {#text} at (2,0) size 51x16
        text run at (2,0) width 51: "Item 482"
    LayoutBlockFlow {OPTION} at (1,8195) size 183x17 [color=#323232] [bgcolor=#C8C8C8]
      LayoutText {#text} at (2,0) size 51x16
        text run at (2,0) width 51: "Item 483"
    LayoutBlockFlow {OPTION} at (1,8212) size 183x17 [color=#323232] [bgcolor=#C8C8C8]
      LayoutText {#text} at (2,0) size 51x16
        text run at (2,0) width 51: "Item 484"
    LayoutBlockFlow {OPTION} at (1,8229) size 183x17 [color=#323232] [bgcolor=#C8C8C8]
      LayoutText {#text} at (2,0) size 51x16
        text run at (2,0) width 51: "Item 485"
    LayoutBlockFlow {OPTION} at (1,8246) size 183x17 [color=#323232] [bgcolor=#C8C8C8]
      LayoutText {#text} at (2,0) size 51x16
        text run at (2,0) width 51: "Item 486"
    LayoutBlockFlow {OPTION} at (1,8263) size 183x17 [color=#323232] [bgcolor=#C8C8C8]
      LayoutText {#text} at (2,0) size 51x16
        text run at (2,0) width 51: "Item 487"
    LayoutBlockFlow {OPTION} at (1,8280) size 183x17 [color=#323232] [bgcolor=#C8C8C8]
      LayoutText {#text} at (2,0) size 51x16
        text run at (2,0) width 51: "Item 488"
    LayoutBlockFlow {OPTION} at (1,8297) size 183x17 [color=#323232] [bgcolor=#C8C8C8]
      LayoutText {#text} at (2,0) size 51x16
        text run at (2,0) width 51: "Item 489"
    LayoutBlockFlow {OPTION} at (1,8314) size 183x17 [color=#323232] [bgcolor=#C8C8C8]
      LayoutText {#text} at (2,0) size 51x16
        text run at (2,0) width 51: "Item 490"
    LayoutBlockFlow {OPTION} at (1,8331) size 183x17 [color=#323232] [bgcolor=#C8C8C8]
      LayoutText {#text} at (2,0) size 51x16
        text run at (2,0) width 51: "Item 491"
    LayoutBlockFlow {OPTION} at (1,8348) size 183x17 [color=#323232] [bgcolor=#C8C8C8]
      LayoutText {#text} at (2,0) size 51x16
        text run at (2,0) width 51: "Item 492"
    LayoutBlockFlow {OPTION} at (1,8365) size 183x17 [color=#323232] [bgcolor=#C8C8C8]
      LayoutText {#text} at (2,0) size 51x16
        text run at (2,0) width 51: "Item 493"
    LayoutBlockFlow {OPTION} at (1,8382) size 183x17 [color=#323232] [bgcolor=#C8C8C8]
      LayoutText {#text} at (2,0) size 51x16
        text run at (2,0) width 51: "Item 494"
    LayoutBlockFlow {OPTION} at (1,8399) size 183x17 [color=#323232] [bgcolor=#C8C8C8]
      LayoutText {#text} at (2,0) size 51x16
        text run at (2,0) width 51: "Item 495"
    LayoutBlockFlow {OPTION} at (1,8416) size 183x17 [color=#323232] [bgcolor=#C8C8C8]
      LayoutText {#text} at (2,0) size 51x16
        text run at (2,0) width 51: "Item 496"
    LayoutBlockFlow {OPTION} at (1,8433) size 183x17 [color=#323232] [bgcolor=#C8C8C8]
      LayoutText {#text} at (2,0) size 51x16
        text run at (2,0) width 51: "Item 497"
    LayoutBlockFlow {OPTION} at (1,8450) size 183x17 [color=#323232] [bgcolor=#C8C8C8]
      LayoutText {#text} at (2,0) size 51x16
        text run at (2,0) width 51: "Item 498"
    LayoutBlockFlow {OPTION} at (1,8467) size 183x17 [color=#323232] [bgcolor=#C8C8C8]
      LayoutText {#text} at (2,0) size 51x16
        text run at (2,0) width 51: "Item 499"
    LayoutBlockFlow {OPTION} at (1,8484) size 183x17 [color=#323232] [bgcolor=#C8C8C8]
      LayoutText {#text} at (2,0) size 51x16
        text run at (2,0) width 51: "Item 500"
    LayoutBlockFlow {OPTION} at (1,8501) size 183x17 [color=#323232] [bgcolor=#C8C8C8]
      LayoutText {#text} at (2,0) size 51x16
        text run at (2,0) width 51: "Item 501"
    LayoutBlockFlow {OPTION} at (1,8518) size 183x17 [color=#323232] [bgcolor=#C8C8C8]
      LayoutText {#text} at (2,0) size 51x16
        text run at (2,0) width 51: "Item 502"
    LayoutBlockFlow {OPTION} at (1,8535) size 183x17 [color=#323232] [bgcolor=#C8C8C8]
      LayoutText {#text} at (2,0) size 51x16
        text run at (2,0) width 51: "Item 503"
    LayoutBlockFlow {OPTION} at (1,8552) size 183x17 [color=#323232] [bgcolor=#C8C8C8]
      LayoutText {#text} at (2,0) size 51x16
        text run at (2,0) width 51: "Item 504"
    LayoutBlockFlow {OPTION} at (1,8569) size 183x17 [color=#323232] [bgcolor=#C8C8C8]
      LayoutText {#text} at (2,0) size 51x16
        text run at (2,0) width 51: "Item 505"
    LayoutBlockFlow {OPTION} at (1,8586) size 183x17 [color=#323232] [bgcolor=#C8C8C8]
      LayoutText {#text} at (2,0) size 51x16
        text run at (2,0) width 51: "Item 506"
    LayoutBlockFlow {OPTION} at (1,8603) size 183x17 [color=#323232] [bgcolor=#C8C8C8]
      LayoutText {#text} at (2,0) size 51x16
        text run at (2,0) width 51: "Item 507"
    LayoutBlockFlow {OPTION} at (1,8620) size 183x17 [color=#323232] [bgcolor=#C8C8C8]
      LayoutText {#text} at (2,0) size 51x16
        text run at (2,0) width 51: "Item 508"
    LayoutBlockFlow {OPTION} at (1,8637) size 183x17 [color=#323232] [bgcolor=#C8C8C8]
      LayoutText {#text} at (2,0) size 51x16
        text run at (2,0) width 51: "Item 509"
    LayoutBlockFlow {OPTION} at (1,8654) size 183x17 [color=#323232] [bgcolor=#C8C8C8]
      LayoutText {#text} at (2,0) size 51x16
        text run at (2,0) width 51: "Item 510"
    LayoutBlockFlow {OPTION} at (1,8671) size 183x17 [color=#323232] [bgcolor=#C8C8C8]
      LayoutText {#text} at (2,0) size 50x16
        text run at (2,0) width 50: "Item 511"
    LayoutBlockFlow {OPTION} at (1,8688) size 183x17 [color=#323232] [bgcolor=#C8C8C8]
      LayoutText {#text} at (2,0) size 51x16
        text run at (2,0) width 51: "Item 512"
    LayoutBlockFlow {OPTION} at (1,8705) size 183x17 [color=#323232] [bgcolor=#C8C8C8]
      LayoutText {#text} at (2,0) size 51x16
        text run at (2,0) width 51: "Item 513"
    LayoutBlockFlow {OPTION} at (1,8722) size 183x17 [color=#323232] [bgcolor=#C8C8C8]
      LayoutText {#text} at (2,0) size 51x16
        text run at (2,0) width 51: "Item 514"
    LayoutBlockFlow {OPTION} at (1,8739) size 183x17 [color=#323232] [bgcolor=#C8C8C8]
      LayoutText {#text} at (2,0) size 51x16
        text run at (2,0) width 51: "Item 515"
    LayoutBlockFlow {OPTION} at (1,8756) size 183x17 [color=#323232] [bgcolor=#C8C8C8]
      LayoutText {#text} at (2,0) size 51x16
        text run at (2,0) width 51: "Item 516"
    LayoutBlockFlow {OPTION} at (1,8773) size 183x17 [color=#323232] [bgcolor=#C8C8C8]
      LayoutText {#text} at (2,0) size 51x16
        text run at (2,0) width 51: "Item 517"
    LayoutBlockFlow {OPTION} at (1,8790) size 183x17 [color=#323232] [bgcolor=#C8C8C8]
      LayoutText {#text} at (2,0) size 51x16
        text run at (2,0) width 51: "Item 518"
    LayoutBlockFlow {OPTION} at (1,8807) size 183x17 [color=#323232] [bgcolor=#C8C8C8]
      LayoutText {#text} at (2,0) size 51x16
        text run at (2,0) width 51: "Item 519"
    LayoutBlockFlow {OPTION} at (1,8824) size 183x17 [color=#323232] [bgcolor=#C8C8C8]
      LayoutText {#text} at (2,0) size 51x16
        text run at (2,0) width 51: "Item 520"
    LayoutBlockFlow {OPTION} at (1,8841) size 183x17 [color=#323232] [bgcolor=#C8C8C8]
      LayoutText {#text} at (2,0) size 51x16
        text run at (2,0) width 51: "Item 521"
    LayoutBlockFlow {OPTION} at (1,8858) size 183x17 [color=#323232] [bgcolor=#C8C8C8]
      LayoutText {#text} at (2,0) size 51x16
        text run at (2,0) width 51: "Item 522"
    LayoutBlockFlow {OPTION} at (1,8875) size 183x17 [color=#323232] [bgcolor=#C8C8C8]
      LayoutText {#text} at (2,0) size 51x16
        text run at (2,0) width 51: "Item 523"
    LayoutBlockFlow {OPTION} at (1,8892) size 183x17 [color=#323232] [bgcolor=#C8C8C8]
      LayoutText {#text} at (2,0) size 51x16
        text run at (2,0) width 51: "Item 524"
    LayoutBlockFlow {OPTION} at (1,8909) size 183x17 [color=#323232] [bgcolor=#C8C8C8]
      LayoutText {#text} at (2,0) size 51x16
        text run at (2,0) width 51: "Item 525"
    LayoutBlockFlow {OPTION} at (1,8926) size 183x17 [color=#323232] [bgcolor=#C8C8C8]
      LayoutText {#text} at (2,0) size 51x16
        text run at (2,0) width 51: "Item 526"
    LayoutBlockFlow {OPTION} at (1,8943) size 183x17 [color=#323232] [bgcolor=#C8C8C8]
      LayoutText {#text} at (2,0) size 51x16
        text run at (2,0) width 51: "Item 527"
    LayoutBlockFlow {OPTION} at (1,8960) size 183x17 [color=#323232] [bgcolor=#C8C8C8]
      LayoutText {#text} at (2,0) size 51x16
        text run at (2,0) width 51: "Item 528"
    LayoutBlockFlow {OPTION} at (1,8977) size 183x17 [color=#323232] [bgcolor=#C8C8C8]
      LayoutText {#text} at (2,0) size 51x16
        text run at (2,0) width 51: "Item 529"
    LayoutBlockFlow {OPTION} at (1,8994) size 183x17 [color=#323232] [bgcolor=#C8C8C8]
      LayoutText {#text} at (2,0) size 51x16
        text run at (2,0) width 51: "Item 530"
    LayoutBlockFlow {OPTION} at (1,9011) size 183x17 [color=#323232] [bgcolor=#C8C8C8]
      LayoutText {#text} at (2,0) size 51x16
        text run at (2,0) width 51: "Item 531"
    LayoutBlockFlow {OPTION} at (1,9028) size 183x17 [color=#323232] [bgcolor=#C8C8C8]
      LayoutText {#text} at (2,0) size 51x16
        text run at (2,0) width 51: "Item 532"
    LayoutBlockFlow {OPTION} at (1,9045) size 183x17 [color=#323232] [bgcolor=#C8C8C8]
      LayoutText {#text} at (2,0) size 51x16
        text run at (2,0) width 51: "Item 533"
    LayoutBlockFlow {OPTION} at (1,9062) size 183x17 [color=#323232] [bgcolor=#C8C8C8]
      LayoutText {#text} at (2,0) size 51x16
        text run at (2,0) width 51: "Item 534"
    LayoutBlockFlow {OPTION} at (1,9079) size 183x17 [color=#323232] [bgcolor=#C8C8C8]
      LayoutText {#text} at (2,0) size 51x16
        text run at (2,0) width 51: "Item 535"
    LayoutBlockFlow {OPTION} at (1,9096) size 183x17 [color=#323232] [bgcolor=#C8C8C8]
      LayoutText {#text} at (2,0) size 51x16
        text run at (2,0) width 51: "Item 536"
    LayoutBlockFlow {OPTION} at (1,9113) size 183x17 [color=#323232] [bgcolor=#C8C8C8]
      LayoutText {#text} at (2,0) size 51x16
        text run at (2,0) width 51: "Item 537"
    LayoutBlockFlow {OPTION} at (1,9130) size 183x17 [color=#323232] [bgcolor=#C8C8C8]
      LayoutText {#text} at (2,0) size 51x16
        text run at (2,0) width 51: "Item 538"
    LayoutBlockFlow {OPTION} at (1,9147) size 183x17 [color=#323232] [bgcolor=#C8C8C8]
      LayoutText {#text} at (2,0) size 51x16
        text run at (2,0) width 51: "Item 539"
    LayoutBlockFlow {OPTION} at (1,9164) size 183x17 [color=#323232] [bgcolor=#C8C8C8]
      LayoutText {#text} at (2,0) size 51x16
        text run at (2,0) width 51: "Item 540"
    LayoutBlockFlow {OPTION} at (1,9181) size 183x17 [color=#323232] [bgcolor=#C8C8C8]
      LayoutText {#text} at (2,0) size 51x16
        text run at (2,0) width 51: "Item 541"
    LayoutBlockFlow {OPTION} at (1,9198) size 183x17 [color=#323232] [bgcolor=#C8C8C8]
      LayoutText {#text} at (2,0) size 51x16
        text run at (2,0) width 51: "Item 542"
    LayoutBlockFlow {OPTION} at (1,9215) size 183x17 [color=#323232] [bgcolor=#C8C8C8]
      LayoutText {#text} at (2,0) size 51x16
        text run at (2,0) width 51: "Item 543"
    LayoutBlockFlow {OPTION} at (1,9232) size 183x17 [color=#323232] [bgcolor=#C8C8C8]
      LayoutText {#text} at (2,0) size 51x16
        text run at (2,0) width 51: "Item 544"
    LayoutBlockFlow {OPTION} at (1,9249) size 183x17 [color=#323232] [bgcolor=#C8C8C8]
      LayoutText {#text} at (2,0) size 51x16
        text run at (2,0) width 51: "Item 545"
    LayoutBlockFlow {OPTION} at (1,9266) size 183x17 [color=#323232] [bgcolor=#C8C8C8]
      LayoutText {#text} at (2,0) size 51x16
        text run at (2,0) width 51: "Item 546"
    LayoutBlockFlow {OPTION} at (1,9283) size 183x17 [color=#323232] [bgcolor=#C8C8C8]
      LayoutText {#text} at (2,0) size 51x16
        text run at (2,0) width 51: "Item 547"
    LayoutBlockFlow {OPTION} at (1,9300) size 183x17 [color=#323232] [bgcolor=#C8C8C8]
      LayoutText {#text} at (2,0) size 51x16
        text run at (2,0) width 51: "Item 548"
    LayoutBlockFlow {OPTION} at (1,9317) size 183x17 [color=#323232] [bgcolor=#C8C8C8]
      LayoutText {#text} at (2,0) size 51x16
        text run at (2,0) width 51: "Item 549"
    LayoutBlockFlow {OPTION} at (1,9334) size 183x17 [color=#323232] [bgcolor=#C8C8C8]
      LayoutText {#text} at (2,0) size 51x16
        text run at (2,0) width 51: "Item 550"
    LayoutBlockFlow {OPTION} at (1,9351) size 183x17 [color=#323232] [bgcolor=#C8C8C8]
      LayoutText {#text} at (2,0) size 51x16
        text run at (2,0) width 51: "Item 551"
    LayoutBlockFlow {OPTION} at (1,9368) size 183x17 [color=#323232] [bgcolor=#C8C8C8]
      LayoutText {#text} at (2,0) size 51x16
        text run at (2,0) width 51: "Item 552"
    LayoutBlockFlow {OPTION} at (1,9385) size 183x17 [color=#323232] [bgcolor=#C8C8C8]
      LayoutText {#text} at (2,0) size 51x16
        text run at (2,0) width 51: "Item 553"
    LayoutBlockFlow {OPTION} at (1,9402) size 183x17 [color=#323232] [bgcolor=#C8C8C8]
      LayoutText {#text} at (2,0) size 51x16
        text run at (2,0) width 51: "Item 554"
    LayoutBlockFlow {OPTION} at (1,9419) size 183x17 [color=#323232] [bgcolor=#C8C8C8]
      LayoutText {#text} at (2,0) size 51x16
        text run at (2,0) width 51: "Item 555"
    LayoutBlockFlow {OPTION} at (1,9436) size 183x17 [color=#323232] [bgcolor=#C8C8C8]
      LayoutText {#text} at (2,0) size 51x16
        text run at (2,0) width 51: "Item 556"
    LayoutBlockFlow {OPTION} at (1,9453) size 183x17 [color=#323232] [bgcolor=#C8C8C8]
      LayoutText {#text} at (2,0) size 51x16
        text run at (2,0) width 51: "Item 557"
    LayoutBlockFlow {OPTION} at (1,9470) size 183x17 [color=#323232] [bgcolor=#C8C8C8]
      LayoutText {#text} at (2,0) size 51x16
        text run at (2,0) width 51: "Item 558"
    LayoutBlockFlow {OPTION} at (1,9487) size 183x17 [color=#323232] [bgcolor=#C8C8C8]
      LayoutText {#text} at (2,0) size 51x16
        text run at (2,0) width 51: "Item 559"
    LayoutBlockFlow {OPTION} at (1,9504) size 183x17 [color=#323232] [bgcolor=#C8C8C8]
      LayoutText {#text} at (2,0) size 51x16
        text run at (2,0) width 51: "Item 560"
    LayoutBlockFlow {OPTION} at (1,9521) size 183x17 [color=#323232] [bgcolor=#C8C8C8]
      LayoutText {#text} at (2,0) size 51x16
        text run at (2,0) width 51: "Item 561"
    LayoutBlockFlow {OPTION} at (1,9538) size 183x17 [color=#323232] [bgcolor=#C8C8C8]
      LayoutText {#text} at (2,0) size 51x16
        text run at (2,0) width 51: "Item 562"
    LayoutBlockFlow {OPTION} at (1,9555) size 183x17 [color=#323232] [bgcolor=#C8C8C8]
      LayoutText {#text} at (2,0) size 51x16
        text run at (2,0) width 51: "Item 563"
    LayoutBlockFlow {OPTION} at (1,9572) size 183x17 [color=#323232] [bgcolor=#C8C8C8]
      LayoutText {#text} at (2,0) size 51x16
        text run at (2,0) width 51: "Item 564"
    LayoutBlockFlow {OPTION} at (1,9589) size 183x17 [color=#323232] [bgcolor=#C8C8C8]
      LayoutText {#text} at (2,0) size 51x16
        text run at (2,0) width 51: "Item 565"
    LayoutBlockFlow {OPTION} at (1,9606) size 183x17 [color=#323232] [bgcolor=#C8C8C8]
      LayoutText {#text} at (2,0) size 51x16
        text run at (2,0) width 51: "Item 566"
    LayoutBlockFlow {OPTION} at (1,9623) size 183x17 [color=#323232] [bgcolor=#C8C8C8]
      LayoutText {#text} at (2,0) size 51x16
        text run at (2,0) width 51: "Item 567"
    LayoutBlockFlow {OPTION} at (1,9640) size 183x17 [color=#323232] [bgcolor=#C8C8C8]
      LayoutText {#text} at (2,0) size 51x16
        text run at (2,0) width 51: "Item 568"
    LayoutBlockFlow {OPTION} at (1,9657) size 183x17 [color=#323232] [bgcolor=#C8C8C8]
      LayoutText {#text} at (2,0) size 51x16
        text run at (2,0) width 51: "Item 569"
    LayoutBlockFlow {OPTION} at (1,9674) size 183x17 [color=#323232] [bgcolor=#C8C8C8]
      LayoutText {#text} at (2,0) size 51x16
        text run at (2,0) width 51: "Item 570"
    LayoutBlockFlow {OPTION} at (1,9691) size 183x17 [color=#323232] [bgcolor=#C8C8C8]
      LayoutText {#text} at (2,0) size 51x16
        text run at (2,0) width 51: "Item 571"
    LayoutBlockFlow {OPTION} at (1,9708) size 183x17 [color=#323232] [bgcolor=#C8C8C8]
      LayoutText {#text} at (2,0) size 51x16
        text run at (2,0) width 51: "Item 572"
    LayoutBlockFlow {OPTION} at (1,9725) size 183x17 [color=#323232] [bgcolor=#C8C8C8]
      LayoutText {#text} at (2,0) size 51x16
        text run at (2,0) width 51: "Item 573"
    LayoutBlockFlow {OPTION} at (1,9742) size 183x17 [color=#323232] [bgcolor=#C8C8C8]
      LayoutText {#text} at (2,0) size 51x16
        text run at (2,0) width 51: "Item 574"
    LayoutBlockFlow {OPTION} at (1,9759) size 183x17 [color=#323232] [bgcolor=#C8C8C8]
      LayoutText {#text} at (2,0) size 51x16
        text run at (2,0) width 51: "Item 575"
    LayoutBlockFlow {OPTION} at (1,9776) size 183x17 [color=#323232] [bgcolor=#C8C8C8]
      LayoutText {#text} at (2,0) size 51x16
        text run at (2,0) width 51: "Item 576"
    LayoutBlockFlow {OPTION} at (1,9793) size 183x17 [color=#323232] [bgcolor=#C8C8C8]
      LayoutText {#text} at (2,0) size 51x16
        text run at (2,0) width 51: "Item 577"
    LayoutBlockFlow {OPTION} at (1,9810) size 183x17 [color=#323232] [bgcolor=#C8C8C8]
      LayoutText {#text} at (2,0) size 51x16
        text run at (2,0) width 51: "Item 578"
    LayoutBlockFlow {OPTION} at (1,9827) size 183x17 [color=#323232] [bgcolor=#C8C8C8]
      LayoutText {#text} at (2,0) size 51x16
        text run at (2,0) width 51: "Item 579"
    LayoutBlockFlow {OPTION} at (1,9844) size 183x17 [color=#323232] [bgcolor=#C8C8C8]
      LayoutText {#text} at (2,0) size 51x16
        text run at (2,0) width 51: "Item 580"
    LayoutBlockFlow {OPTION} at (1,9861) size 183x17 [color=#323232] [bgcolor=#C8C8C8]
      LayoutText {#text} at (2,0) size 51x16
        text run at (2,0) width 51: "Item 581"
    LayoutBlockFlow {OPTION} at (1,9878) size 183x17 [color=#323232] [bgcolor=#C8C8C8]
      LayoutText {#text} at (2,0) size 51x16
        text run at (2,0) width 51: "Item 582"
    LayoutBlockFlow {OPTION} at (1,9895) size 183x17 [color=#323232] [bgcolor=#C8C8C8]
      LayoutText {#text} at (2,0) size 51x16
        text run at (2,0) width 51: "Item 583"
    LayoutBlockFlow {OPTION} at (1,9912) size 183x17 [color=#323232] [bgcolor=#C8C8C8]
      LayoutText {#text} at (2,0) size 51x16
        text run at (2,0) width 51: "Item 584"
    LayoutBlockFlow {OPTION} at (1,9929) size 183x17 [color=#323232] [bgcolor=#C8C8C8]
      LayoutText {#text} at (2,0) size 51x16
        text run at (2,0) width 51: "Item 585"
    LayoutBlockFlow {OPTION} at (1,9946) size 183x17 [color=#323232] [bgcolor=#C8C8C8]
      LayoutText {#text} at (2,0) size 51x16
        text run at (2,0) width 51: "Item 586"
    LayoutBlockFlow {OPTION} at (1,9963) size 183x17 [color=#323232] [bgcolor=#C8C8C8]
      LayoutText {#text} at (2,0) size 51x16
        text run at (2,0) width 51: "Item 587"
    LayoutBlockFlow {OPTION} at (1,9980) size 183x17 [color=#323232] [bgcolor=#C8C8C8]
      LayoutText {#text} at (2,0) size 51x16
        text run at (2,0) width 51: "Item 588"
    LayoutBlockFlow {OPTION} at (1,9997) size 183x17 [color=#323232] [bgcolor=#C8C8C8]
      LayoutText {#text} at (2,0) size 51x16
        text run at (2,0) width 51: "Item 589"
    LayoutBlockFlow {OPTION} at (1,10014) size 183x17 [color=#323232] [bgcolor=#C8C8C8]
      LayoutText {#text} at (2,0) size 51x16
        text run at (2,0) width 51: "Item 590"
    LayoutBlockFlow {OPTION} at (1,10031) size 183x17 [color=#323232] [bgcolor=#C8C8C8]
      LayoutText {#text} at (2,0) size 51x16
        text run at (2,0) width 51: "Item 591"
    LayoutBlockFlow {OPTION} at (1,10048) size 183x17 [color=#323232] [bgcolor=#C8C8C8]
      LayoutText {#text} at (2,0) size 51x16
        text run at (2,0) width 51: "Item 592"
    LayoutBlockFlow {OPTION} at (1,10065) size 183x17 [color=#323232] [bgcolor=#C8C8C8]
      LayoutText {#text} at (2,0) size 51x16
        text run at (2,0) width 51: "Item 593"
    LayoutBlockFlow {OPTION} at (1,10082) size 183x17 [color=#323232] [bgcolor=#C8C8C8]
      LayoutText {#text} at (2,0) size 51x16
        text run at (2,0) width 51: "Item 594"
    LayoutBlockFlow {OPTION} at (1,10099) size 183x17 [color=#323232] [bgcolor=#C8C8C8]
      LayoutText {#text} at (2,0) size 51x16
        text run at (2,0) width 51: "Item 595"
    LayoutBlockFlow {OPTION} at (1,10116) size 183x17 [color=#323232] [bgcolor=#C8C8C8]
      LayoutText {#text} at (2,0) size 51x16
        text run at (2,0) width 51: "Item 596"
    LayoutBlockFlow {OPTION} at (1,10133) size 183x17 [color=#323232] [bgcolor=#C8C8C8]
      LayoutText {#text} at (2,0) size 51x16
        text run at (2,0) width 51: "Item 597"
    LayoutBlockFlow {OPTION} at (1,10150) size 183x17 [color=#323232] [bgcolor=#C8C8C8]
      LayoutText {#text} at (2,0) size 51x16
        text run at (2,0) width 51: "Item 598"
    LayoutBlockFlow {OPTION} at (1,10167) size 183x17 [color=#323232] [bgcolor=#C8C8C8]
      LayoutText {#text} at (2,0) size 51x16
        text run at (2,0) width 51: "Item 599"
    LayoutBlockFlow {OPTION} at (1,10184) size 183x17 [color=#323232] [bgcolor=#C8C8C8]
      LayoutText {#text} at (2,0) size 51x16
        text run at (2,0) width 51: "Item 600"
    LayoutBlockFlow {OPTION} at (1,10201) size 183x17 [color=#323232] [bgcolor=#C8C8C8]
      LayoutText {#text} at (2,0) size 51x16
        text run at (2,0) width 51: "Item 601"
    LayoutBlockFlow {OPTION} at (1,10218) size 183x17 [color=#323232] [bgcolor=#C8C8C8]
      LayoutText {#text} at (2,0) size 51x16
        text run at (2,0) width 51: "Item 602"
    LayoutBlockFlow {OPTION} at (1,10235) size 183x17 [color=#323232] [bgcolor=#C8C8C8]
      LayoutText {#text} at (2,0) size 51x16
        text run at (2,0) width 51: "Item 603"
    LayoutBlockFlow {OPTION} at (1,10252) size 183x17 [color=#323232] [bgcolor=#C8C8C8]
      LayoutText {#text} at (2,0) size 51x16
        text run at (2,0) width 51: "Item 604"
    LayoutBlockFlow {OPTION} at (1,10269) size 183x17 [color=#323232] [bgcolor=#C8C8C8]
      LayoutText {#text} at (2,0) size 51x16
        text run at (2,0) width 51: "Item 605"
    LayoutBlockFlow {OPTION} at (1,10286) size 183x17 [color=#323232] [bgcolor=#C8C8C8]
      LayoutText {#text} at (2,0) size 51x16
        text run at (2,0) width 51: "Item 606"
    LayoutBlockFlow {OPTION} at (1,10303) size 183x17 [color=#323232] [bgcolor=#C8C8C8]
      LayoutText {#text} at (2,0) size 51x16
        text run at (2,0) width 51: "Item 607"
    LayoutBlockFlow {OPTION} at (1,10320) size 183x17 [color=#323232] [bgcolor=#C8C8C8]
      LayoutText {#text} at (2,0) size 51x16
        text run at (2,0) width 51: "Item 608"
    LayoutBlockFlow {OPTION} at (1,10337) size 183x17 [color=#323232] [bgcolor=#C8C8C8]
      LayoutText {#text} at (2,0) size 51x16
        text run at (2,0) width 51: "Item 609"
    LayoutBlockFlow {OPTION} at (1,10354) size 183x17 [color=#323232] [bgcolor=#C8C8C8]
      LayoutText {#text} at (2,0) size 51x16
        text run at (2,0) width 51: "Item 610"
    LayoutBlockFlow {OPTION} at (1,10371) size 183x17 [color=#323232] [bgcolor=#C8C8C8]
      LayoutText {#text} at (2,0) size 50x16
        text run at (2,0) width 50: "Item 611"
    LayoutBlockFlow {OPTION} at (1,10388) size 183x17 [color=#323232] [bgcolor=#C8C8C8]
      LayoutText {#text} at (2,0) size 51x16
        text run at (2,0) width 51: "Item 612"
    LayoutBlockFlow {OPTION} at (1,10405) size 183x17 [color=#323232] [bgcolor=#C8C8C8]
      LayoutText {#text} at (2,0) size 51x16
        text run at (2,0) width 51: "Item 613"
    LayoutBlockFlow {OPTION} at (1,10422) size 183x17 [color=#323232] [bgcolor=#C8C8C8]
      LayoutText {#text} at (2,0) size 51x16
        text run at (2,0) width 51: "Item 614"
    LayoutBlockFlow {OPTION} at (1,10439) size 183x17 [color=#323232] [bgcolor=#C8C8C8]
      LayoutText {#text} at (2,0) size 51x16
        text run at (2,0) width 51: "Item 615"
    LayoutBlockFlow {OPTION} at (1,10456) size 183x17 [color=#323232] [bgcolor=#C8C8C8]
      LayoutText {#text} at (2,0) size 51x16
        text run at (2,0) width 51: "Item 616"
    LayoutBlockFlow {OPTION} at (1,10473) size 183x17 [color=#323232] [bgcolor=#C8C8C8]
      LayoutText {#text} at (2,0) size 51x16
        text run at (2,0) width 51: "Item 617"
    LayoutBlockFlow {OPTION} at (1,10490) size 183x17 [color=#323232] [bgcolor=#C8C8C8]
      LayoutText {#text} at (2,0) size 51x16
        text run at (2,0) width 51: "Item 618"
    LayoutBlockFlow {OPTION} at (1,10507) size 183x17 [color=#323232] [bgcolor=#C8C8C8]
      LayoutText {#text} at (2,0) size 51x16
        text run at (2,0) width 51: "Item 619"
    LayoutBlockFlow {OPTION} at (1,10524) size 183x17 [color=#323232] [bgcolor=#C8C8C8]
      LayoutText {#text} at (2,0) size 51x16
        text run at (2,0) width 51: "Item 620"
    LayoutBlockFlow {OPTION} at (1,10541) size 183x17 [color=#323232] [bgcolor=#C8C8C8]
      LayoutText {#text} at (2,0) size 51x16
        text run at (2,0) width 51: "Item 621"
    LayoutBlockFlow {OPTION} at (1,10558) size 183x17 [color=#323232] [bgcolor=#C8C8C8]
      LayoutText {#text} at (2,0) size 51x16
        text run at (2,0) width 51: "Item 622"
    LayoutBlockFlow {OPTION} at (1,10575) size 183x17 [color=#323232] [bgcolor=#C8C8C8]
      LayoutText {#text} at (2,0) size 51x16
        text run at (2,0) width 51: "Item 623"
    LayoutBlockFlow {OPTION} at (1,10592) size 183x17 [color=#323232] [bgcolor=#C8C8C8]
      LayoutText {#text} at (2,0) size 51x16
        text run at (2,0) width 51: "Item 624"
    LayoutBlockFlow {OPTION} at (1,10609) size 183x17 [color=#323232] [bgcolor=#C8C8C8]
      LayoutText {#text} at (2,0) size 51x16
        text run at (2,0) width 51: "Item 625"
    LayoutBlockFlow {OPTION} at (1,10626) size 183x17 [color=#323232] [bgcolor=#C8C8C8]
      LayoutText {#text} at (2,0) size 51x16
        text run at (2,0) width 51: "Item 626"
    LayoutBlockFlow {OPTION} at (1,10643) size 183x17 [color=#323232] [bgcolor=#C8C8C8]
      LayoutText {#text} at (2,0) size 51x16
        text run at (2,0) width 51: "Item 627"
    LayoutBlockFlow {OPTION} at (1,10660) size 183x17 [color=#323232] [bgcolor=#C8C8C8]
      LayoutText {#text} at (2,0) size 51x16
        text run at (2,0) width 51: "Item 628"
    LayoutBlockFlow {OPTION} at (1,10677) size 183x17 [color=#323232] [bgcolor=#C8C8C8]
      LayoutText {#text} at (2,0) size 51x16
        text run at (2,0) width 51: "Item 629"
    LayoutBlockFlow {OPTION} at (1,10694) size 183x17 [color=#323232] [bgcolor=#C8C8C8]
      LayoutText {#text} at (2,0) size 51x16
        text run at (2,0) width 51: "Item 630"
    LayoutBlockFlow {OPTION} at (1,10711) size 183x17 [color=#323232] [bgcolor=#C8C8C8]
      LayoutText {#text} at (2,0) size 51x16
        text run at (2,0) width 51: "Item 631"
    LayoutBlockFlow {OPTION} at (1,10728) size 183x17 [color=#323232] [bgcolor=#C8C8C8]
      LayoutText {#text} at (2,0) size 51x16
        text run at (2,0) width 51: "Item 632"
    LayoutBlockFlow {OPTION} at (1,10745) size 183x17 [color=#323232] [bgcolor=#C8C8C8]
      LayoutText {#text} at (2,0) size 51x16
        text run at (2,0) width 51: "Item 633"
    LayoutBlockFlow {OPTION} at (1,10762) size 183x17 [color=#323232] [bgcolor=#C8C8C8]
      LayoutText {#text} at (2,0) size 51x16
        text run at (2,0) width 51: "Item 634"
    LayoutBlockFlow {OPTION} at (1,10779) size 183x17 [color=#323232] [bgcolor=#C8C8C8]
      LayoutText {#text} at (2,0) size 51x16
        text run at (2,0) width 51: "Item 635"
    LayoutBlockFlow {OPTION} at (1,10796) size 183x17 [color=#323232] [bgcolor=#C8C8C8]
      LayoutText {#text} at (2,0) size 51x16
        text run at (2,0) width 51: "Item 636"
    LayoutBlockFlow {OPTION} at (1,10813) size 183x17 [color=#323232] [bgcolor=#C8C8C8]
      LayoutText {#text} at (2,0) size 51x16
        text run at (2,0) width 51: "Item 637"
    LayoutBlockFlow {OPTION} at (1,10830) size 183x17 [color=#323232] [bgcolor=#C8C8C8]
      LayoutText {#text} at (2,0) size 51x16
        text run at (2,0) width 51: "Item 638"
    LayoutBlockFlow {OPTION} at (1,10847) size 183x17 [color=#323232] [bgcolor=#C8C8C8]
      LayoutText {#text} at (2,0) size 51x16
        text run at (2,0) width 51: "Item 639"
    LayoutBlockFlow {OPTION} at (1,10864) size 183x17 [color=#323232] [bgcolor=#C8C8C8]
      LayoutText {#text} at (2,0) size 51x16
        text run at (2,0) width 51: "Item 640"
    LayoutBlockFlow {OPTION} at (1,10881) size 183x17 [color=#323232] [bgcolor=#C8C8C8]
      LayoutText {#text} at (2,0) size 51x16
        text run at (2,0) width 51: "Item 641"
    LayoutBlockFlow {OPTION} at (1,10898) size 183x17 [color=#323232] [bgcolor=#C8C8C8]
      LayoutText {#text} at (2,0) size 51x16
        text run at (2,0) width 51: "Item 642"
    LayoutBlockFlow {OPTION} at (1,10915) size 183x17 [color=#323232] [bgcolor=#C8C8C8]
      LayoutText {#text} at (2,0) size 51x16
        text run at (2,0) width 51: "Item 643"
    LayoutBlockFlow {OPTION} at (1,10932) size 183x17 [color=#323232] [bgcolor=#C8C8C8]
      LayoutText {#text} at (2,0) size 51x16
        text run at (2,0) width 51: "Item 644"
    LayoutBlockFlow {OPTION} at (1,10949) size 183x17 [color=#323232] [bgcolor=#C8C8C8]
      LayoutText {#text} at (2,0) size 51x16
        text run at (2,0) width 51: "Item 645"
    LayoutBlockFlow {OPTION} at (1,10966) size 183x17 [color=#323232] [bgcolor=#C8C8C8]
      LayoutText {#text} at (2,0) size 51x16
        text run at (2,0) width 51: "Item 646"
    LayoutBlockFlow {OPTION} at (1,10983) size 183x17 [color=#323232] [bgcolor=#C8C8C8]
      LayoutText {#text} at (2,0) size 51x16
        text run at (2,0) width 51: "Item 647"
    LayoutBlockFlow {OPTION} at (1,11000) size 183x17 [color=#323232] [bgcolor=#C8C8C8]
      LayoutText {#text} at (2,0) size 51x16
        text run at (2,0) width 51: "Item 648"
    LayoutBlockFlow {OPTION} at (1,11017) size 183x17 [color=#323232] [bgcolor=#C8C8C8]
      LayoutText {#text} at (2,0) size 51x16
        text run at (2,0) width 51: "Item 649"
    LayoutBlockFlow {OPTION} at (1,11034) size 183x17 [color=#323232] [bgcolor=#C8C8C8]
      LayoutText {#text} at (2,0) size 51x16
        text run at (2,0) width 51: "Item 650"
    LayoutBlockFlow {OPTION} at (1,11051) size 183x17 [color=#323232] [bgcolor=#C8C8C8]
      LayoutText {#text} at (2,0) size 51x16
        text run at (2,0) width 51: "Item 651"
    LayoutBlockFlow {OPTION} at (1,11068) size 183x17 [color=#323232] [bgcolor=#C8C8C8]
      LayoutText {#text} at (2,0) size 51x16
        text run at (2,0) width 51: "Item 652"
    LayoutBlockFlow {OPTION} at (1,11085) size 183x17 [color=#323232] [bgcolor=#C8C8C8]
      LayoutText {#text} at (2,0) size 51x16
        text run at (2,0) width 51: "Item 653"
    LayoutBlockFlow {OPTION} at (1,11102) size 183x17 [color=#323232] [bgcolor=#C8C8C8]
      LayoutText {#text} at (2,0) size 51x16
        text run at (2,0) width 51: "Item 654"
    LayoutBlockFlow {OPTION} at (1,11119) size 183x17 [color=#323232] [bgcolor=#C8C8C8]
      LayoutText {#text} at (2,0) size 51x16
        text run at (2,0) width 51: "Item 655"
    LayoutBlockFlow {OPTION} at (1,11136) size 183x17 [color=#323232] [bgcolor=#C8C8C8]
      LayoutText {#text} at (2,0) size 51x16
        text run at (2,0) width 51: "Item 656"
    LayoutBlockFlow {OPTION} at (1,11153) size 183x17 [color=#323232] [bgcolor=#C8C8C8]
      LayoutText {#text} at (2,0) size 51x16
        text run at (2,0) width 51: "Item 657"
    LayoutBlockFlow {OPTION} at (1,11170) size 183x17 [color=#323232] [bgcolor=#C8C8C8]
      LayoutText {#text} at (2,0) size 51x16
        text run at (2,0) width 51: "Item 658"
    LayoutBlockFlow {OPTION} at (1,11187) size 183x17 [color=#323232] [bgcolor=#C8C8C8]
      LayoutText {#text} at (2,0) size 51x16
        text run at (2,0) width 51: "Item 659"
    LayoutBlockFlow {OPTION} at (1,11204) size 183x17 [color=#323232] [bgcolor=#C8C8C8]
      LayoutText {#text} at (2,0) size 51x16
        text run at (2,0) width 51: "Item 660"
    LayoutBlockFlow {OPTION} at (1,11221) size 183x17 [color=#323232] [bgcolor=#C8C8C8]
      LayoutText {#text} at (2,0) size 51x16
        text run at (2,0) width 51: "Item 661"
    LayoutBlockFlow {OPTION} at (1,11238) size 183x17 [color=#323232] [bgcolor=#C8C8C8]
      LayoutText {#text} at (2,0) size 51x16
        text run at (2,0) width 51: "Item 662"
    LayoutBlockFlow {OPTION} at (1,11255) size 183x17 [color=#323232] [bgcolor=#C8C8C8]
      LayoutText {#text} at (2,0) size 51x16
        text run at (2,0) width 51: "Item 663"
    LayoutBlockFlow {OPTION} at (1,11272) size 183x17 [color=#323232] [bgcolor=#C8C8C8]
      LayoutText {#text} at (2,0) size 51x16
        text run at (2,0) width 51: "Item 664"
    LayoutBlockFlow {OPTION} at (1,11289) size 183x17 [color=#323232] [bgcolor=#C8C8C8]
      LayoutText {#text} at (2,0) size 51x16
        text run at (2,0) width 51: "Item 665"
    LayoutBlockFlow {OPTION} at (1,11306) size 183x17 [color=#323232] [bgcolor=#C8C8C8]
      LayoutText {#text} at (2,0) size 51x16
        text run at (2,0) width 51: "Item 666"
    LayoutBlockFlow {OPTION} at (1,11323) size 183x17 [color=#323232] [bgcolor=#C8C8C8]
      LayoutText {#text} at (2,0) size 51x16
        text run at (2,0) width 51: "Item 667"
    LayoutBlockFlow {OPTION} at (1,11340) size 183x17 [color=#323232] [bgcolor=#C8C8C8]
      LayoutText {#text} at (2,0) size 51x16
        text run at (2,0) width 51: "Item 668"
    LayoutBlockFlow {OPTION} at (1,11357) size 183x17 [color=#323232] [bgcolor=#C8C8C8]
      LayoutText {#text} at (2,0) size 51x16
        text run at (2,0) width 51: "Item 669"
    LayoutBlockFlow {OPTION} at (1,11374) size 183x17 [color=#323232] [bgcolor=#C8C8C8]
      LayoutText {#text} at (2,0) size 51x16
        text run at (2,0) width 51: "Item 670"
    LayoutBlockFlow {OPTION} at (1,11391) size 183x17 [color=#323232] [bgcolor=#C8C8C8]
      LayoutText {#text} at (2,0) size 51x16
        text run at (2,0) width 51: "Item 671"
    LayoutBlockFlow {OPTION} at (1,11408) size 183x17 [color=#323232] [bgcolor=#C8C8C8]
      LayoutText {#text} at (2,0) size 51x16
        text run at (2,0) width 51: "Item 672"
    LayoutBlockFlow {OPTION} at (1,11425) size 183x17 [color=#323232] [bgcolor=#C8C8C8]
      LayoutText {#text} at (2,0) size 51x16
        text run at (2,0) width 51: "Item 673"
    LayoutBlockFlow {OPTION} at (1,11442) size 183x17 [color=#323232] [bgcolor=#C8C8C8]
      LayoutText {#text} at (2,0) size 51x16
        text run at (2,0) width 51: "Item 674"
    LayoutBlockFlow {OPTION} at (1,11459) size 183x17 [color=#323232] [bgcolor=#C8C8C8]
      LayoutText {#text} at (2,0) size 51x16
        text run at (2,0) width 51: "Item 675"
    LayoutBlockFlow {OPTION} at (1,11476) size 183x17 [color=#323232] [bgcolor=#C8C8C8]
      LayoutText {#text} at (2,0) size 51x16
        text run at (2,0) width 51: "Item 676"
    LayoutBlockFlow {OPTION} at (1,11493) size 183x17 [color=#323232] [bgcolor=#C8C8C8]
      LayoutText {#text} at (2,0) size 51x16
        text run at (2,0) width 51: "Item 677"
    LayoutBlockFlow {OPTION} at (1,11510) size 183x17 [color=#323232] [bgcolor=#C8C8C8]
      LayoutText {#text} at (2,0) size 51x16
        text run at (2,0) width 51: "Item 678"
    LayoutBlockFlow {OPTION} at (1,11527) size 183x17 [color=#323232] [bgcolor=#C8C8C8]
      LayoutText {#text} at (2,0) size 51x16
        text run at (2,0) width 51: "Item 679"
    LayoutBlockFlow {OPTION} at (1,11544) size 183x17 [color=#323232] [bgcolor=#C8C8C8]
      LayoutText {#text} at (2,0) size 51x16
        text run at (2,0) width 51: "Item 680"
    LayoutBlockFlow {OPTION} at (1,11561) size 183x17 [color=#323232] [bgcolor=#C8C8C8]
      LayoutText {#text} at (2,0) size 51x16
        text run at (2,0) width 51: "Item 681"
    LayoutBlockFlow {OPTION} at (1,11578) size 183x17 [color=#323232] [bgcolor=#C8C8C8]
      LayoutText {#text} at (2,0) size 51x16
        text run at (2,0) width 51: "Item 682"
    LayoutBlockFlow {OPTION} at (1,11595) size 183x17 [color=#323232] [bgcolor=#C8C8C8]
      LayoutText {#text} at (2,0) size 51x16
        text run at (2,0) width 51: "Item 683"
    LayoutBlockFlow {OPTION} at (1,11612) size 183x17 [color=#323232] [bgcolor=#C8C8C8]
      LayoutText {#text} at (2,0) size 51x16
        text run at (2,0) width 51: "Item 684"
    LayoutBlockFlow {OPTION} at (1,11629) size 183x17 [color=#323232] [bgcolor=#C8C8C8]
      LayoutText {#text} at (2,0) size 51x16
        text run at (2,0) width 51: "Item 685"
    LayoutBlockFlow {OPTION} at (1,11646) size 183x17 [color=#323232] [bgcolor=#C8C8C8]
      LayoutText {#text} at (2,0) size 51x16
        text run at (2,0) width 51: "Item 686"
    LayoutBlockFlow {OPTION} at (1,11663) size 183x17 [color=#323232] [bgcolor=#C8C8C8]
      LayoutText {#text} at (2,0) size 51x16
        text run at (2,0) width 51: "Item 687"
    LayoutBlockFlow {OPTION} at (1,11680) size 183x17 [color=#323232] [bgcolor=#C8C8C8]
      LayoutText {#text} at (2,0) size 51x16
        text run at (2,0) width 51: "Item 688"
    LayoutBlockFlow {OPTION} at (1,11697) size 183x17 [color=#323232] [bgcolor=#C8C8C8]
      LayoutText {#text} at (2,0) size 51x16
        text run at (2,0) width 51: "Item 689"
    LayoutBlockFlow {OPTION} at (1,11714) size 183x17 [color=#323232] [bgcolor=#C8C8C8]
      LayoutText {#text} at (2,0) size 51x16
        text run at (2,0) width 51: "Item 690"
    LayoutBlockFlow {OPTION} at (1,11731) size 183x17 [color=#323232] [bgcolor=#C8C8C8]
      LayoutText {#text} at (2,0) size 51x16
        text run at (2,0) width 51: "Item 691"
    LayoutBlockFlow {OPTION} at (1,11748) size 183x17 [color=#323232] [bgcolor=#C8C8C8]
      LayoutText {#text} at (2,0) size 51x16
        text run at (2,0) width 51: "Item 692"
    LayoutBlockFlow {OPTION} at (1,11765) size 183x17 [color=#323232] [bgcolor=#C8C8C8]
      LayoutText {#text} at (2,0) size 51x16
        text run at (2,0) width 51: "Item 693"
    LayoutBlockFlow {OPTION} at (1,11782) size 183x17 [color=#323232] [bgcolor=#C8C8C8]
      LayoutText {#text} at (2,0) size 51x16
        text run at (2,0) width 51: "Item 694"
    LayoutBlockFlow {OPTION} at (1,11799) size 183x17 [color=#323232] [bgcolor=#C8C8C8]
      LayoutText {#text} at (2,0) size 51x16
        text run at (2,0) width 51: "Item 695"
    LayoutBlockFlow {OPTION} at (1,11816) size 183x17 [color=#323232] [bgcolor=#C8C8C8]
      LayoutText {#text} at (2,0) size 51x16
        text run at (2,0) width 51: "Item 696"
    LayoutBlockFlow {OPTION} at (1,11833) size 183x17 [color=#323232] [bgcolor=#C8C8C8]
      LayoutText {#text} at (2,0) size 51x16
        text run at (2,0) width 51: "Item 697"
    LayoutBlockFlow {OPTION} at (1,11850) size 183x17 [color=#323232] [bgcolor=#C8C8C8]
      LayoutText {#text} at (2,0) size 51x16
        text run at (2,0) width 51: "Item 698"
    LayoutBlockFlow {OPTION} at (1,11867) size 183x17 [color=#323232] [bgcolor=#C8C8C8]
      LayoutText {#text} at (2,0) size 51x16
        text run at (2,0) width 51: "Item 699"
    LayoutBlockFlow {OPTION} at (1,11884) size 183x17 [color=#323232] [bgcolor=#C8C8C8]
      LayoutText {#text} at (2,0) size 51x16
        text run at (2,0) width 51: "Item 700"
    LayoutBlockFlow {OPTION} at (1,11901) size 183x17 [color=#323232] [bgcolor=#C8C8C8]
      LayoutText {#text} at (2,0) size 51x16
        text run at (2,0) width 51: "Item 701"
    LayoutBlockFlow {OPTION} at (1,11918) size 183x17 [color=#323232] [bgcolor=#C8C8C8]
      LayoutText {#text} at (2,0) size 51x16
        text run at (2,0) width 51: "Item 702"
    LayoutBlockFlow {OPTION} at (1,11935) size 183x17 [color=#323232] [bgcolor=#C8C8C8]
      LayoutText {#text} at (2,0) size 51x16
        text run at (2,0) width 51: "Item 703"
    LayoutBlockFlow {OPTION} at (1,11952) size 183x17 [color=#323232] [bgcolor=#C8C8C8]
      LayoutText {#text} at (2,0) size 51x16
        text run at (2,0) width 51: "Item 704"
    LayoutBlockFlow {OPTION} at (1,11969) size 183x17 [color=#323232] [bgcolor=#C8C8C8]
      LayoutText {#text} at (2,0) size 51x16
        text run at (2,0) width 51: "Item 705"
    LayoutBlockFlow {OPTION} at (1,11986) size 183x17 [color=#323232] [bgcolor=#C8C8C8]
      LayoutText {#text} at (2,0) size 51x16
        text run at (2,0) width 51: "Item 706"
    LayoutBlockFlow {OPTION} at (1,12003) size 183x17 [color=#323232] [bgcolor=#C8C8C8]
      LayoutText {#text} at (2,0) size 51x16
        text run at (2,0) width 51: "Item 707"
    LayoutBlockFlow {OPTION} at (1,12020) size 183x17 [color=#323232] [bgcolor=#C8C8C8]
      LayoutText {#text} at (2,0) size 51x16
        text run at (2,0) width 51: "Item 708"
    LayoutBlockFlow {OPTION} at (1,12037) size 183x17 [color=#323232] [bgcolor=#C8C8C8]
      LayoutText {#text} at (2,0) size 51x16
        text run at (2,0) width 51: "Item 709"
    LayoutBlockFlow {OPTION} at (1,12054) size 183x17 [color=#323232] [bgcolor=#C8C8C8]
      LayoutText {#text} at (2,0) size 51x16
        text run at (2,0) width 51: "Item 710"
    LayoutBlockFlow {OPTION} at (1,12071) size 183x17 [color=#323232] [bgcolor=#C8C8C8]
      LayoutText {#text} at (2,0) size 50x16
        text run at (2,0) width 50: "Item 711"
    LayoutBlockFlow {OPTION} at (1,12088) size 183x17 [color=#323232] [bgcolor=#C8C8C8]
      LayoutText {#text} at (2,0) size 51x16
        text run at (2,0) width 51: "Item 712"
    LayoutBlockFlow {OPTION} at (1,12105) size 183x17 [color=#323232] [bgcolor=#C8C8C8]
      LayoutText {#text} at (2,0) size 51x16
        text run at (2,0) width 51: "Item 713"
    LayoutBlockFlow {OPTION} at (1,12122) size 183x17 [color=#323232] [bgcolor=#C8C8C8]
      LayoutText {#text} at (2,0) size 51x16
        text run at (2,0) width 51: "Item 714"
    LayoutBlockFlow {OPTION} at (1,12139) size 183x17 [color=#323232] [bgcolor=#C8C8C8]
      LayoutText {#text} at (2,0) size 51x16
        text run at (2,0) width 51: "Item 715"
    LayoutBlockFlow {OPTION} at (1,12156) size 183x17 [color=#323232] [bgcolor=#C8C8C8]
      LayoutText {#text} at (2,0) size 51x16
        text run at (2,0) width 51: "Item 716"
    LayoutBlockFlow {OPTION} at (1,12173) size 183x17 [color=#323232] [bgcolor=#C8C8C8]
      LayoutText {#text} at (2,0) size 51x16
        text run at (2,0) width 51: "Item 717"
    LayoutBlockFlow {OPTION} at (1,12190) size 183x17 [color=#323232] [bgcolor=#C8C8C8]
      LayoutText {#text} at (2,0) size 51x16
        text run at (2,0) width 51: "Item 718"
    LayoutBlockFlow {OPTION} at (1,12207) size 183x17 [color=#323232] [bgcolor=#C8C8C8]
      LayoutText {#text} at (2,0) size 51x16
        text run at (2,0) width 51: "Item 719"
    LayoutBlockFlow {OPTION} at (1,12224) size 183x17 [color=#323232] [bgcolor=#C8C8C8]
      LayoutText {#text} at (2,0) size 51x16
        text run at (2,0) width 51: "Item 720"
    LayoutBlockFlow {OPTION} at (1,12241) size 183x17 [color=#323232] [bgcolor=#C8C8C8]
      LayoutText {#text} at (2,0) size 51x16
        text run at (2,0) width 51: "Item 721"
    LayoutBlockFlow {OPTION} at (1,12258) size 183x17 [color=#323232] [bgcolor=#C8C8C8]
      LayoutText {#text} at (2,0) size 51x16
        text run at (2,0) width 51: "Item 722"
    LayoutBlockFlow {OPTION} at (1,12275) size 183x17 [color=#323232] [bgcolor=#C8C8C8]
      LayoutText {#text} at (2,0) size 51x16
        text run at (2,0) width 51: "Item 723"
    LayoutBlockFlow {OPTION} at (1,12292) size 183x17 [color=#323232] [bgcolor=#C8C8C8]
      LayoutText {#text} at (2,0) size 51x16
        text run at (2,0) width 51: "Item 724"
    LayoutBlockFlow {OPTION} at (1,12309) size 183x17 [color=#323232] [bgcolor=#C8C8C8]
      LayoutText {#text} at (2,0) size 51x16
        text run at (2,0) width 51: "Item 725"
    LayoutBlockFlow {OPTION} at (1,12326) size 183x17 [color=#323232] [bgcolor=#C8C8C8]
      LayoutText {#text} at (2,0) size 51x16
        text run at (2,0) width 51: "Item 726"
    LayoutBlockFlow {OPTION} at (1,12343) size 183x17 [color=#323232] [bgcolor=#C8C8C8]
      LayoutText {#text} at (2,0) size 51x16
        text run at (2,0) width 51: "Item 727"
    LayoutBlockFlow {OPTION} at (1,12360) size 183x17 [color=#323232] [bgcolor=#C8C8C8]
      LayoutText {#text} at (2,0) size 51x16
        text run at (2,0) width 51: "Item 728"
    LayoutBlockFlow {OPTION} at (1,12377) size 183x17 [color=#323232] [bgcolor=#C8C8C8]
      LayoutText {#text} at (2,0) size 51x16
        text run at (2,0) width 51: "Item 729"
    LayoutBlockFlow {OPTION} at (1,12394) size 183x17 [color=#323232] [bgcolor=#C8C8C8]
      LayoutText {#text} at (2,0) size 51x16
        text run at (2,0) width 51: "Item 730"
    LayoutBlockFlow {OPTION} at (1,12411) size 183x17 [color=#323232] [bgcolor=#C8C8C8]
      LayoutText {#text} at (2,0) size 51x16
        text run at (2,0) width 51: "Item 731"
    LayoutBlockFlow {OPTION} at (1,12428) size 183x17 [color=#323232] [bgcolor=#C8C8C8]
      LayoutText {#text} at (2,0) size 51x16
        text run at (2,0) width 51: "Item 732"
    LayoutBlockFlow {OPTION} at (1,12445) size 183x17 [color=#323232] [bgcolor=#C8C8C8]
      LayoutText {#text} at (2,0) size 51x16
        text run at (2,0) width 51: "Item 733"
    LayoutBlockFlow {OPTION} at (1,12462) size 183x17 [color=#323232] [bgcolor=#C8C8C8]
      LayoutText {#text} at (2,0) size 51x16
        text run at (2,0) width 51: "Item 734"
    LayoutBlockFlow {OPTION} at (1,12479) size 183x17 [color=#323232] [bgcolor=#C8C8C8]
      LayoutText {#text} at (2,0) size 51x16
        text run at (2,0) width 51: "Item 735"
    LayoutBlockFlow {OPTION} at (1,12496) size 183x17 [color=#323232] [bgcolor=#C8C8C8]
      LayoutText {#text} at (2,0) size 51x16
        text run at (2,0) width 51: "Item 736"
    LayoutBlockFlow {OPTION} at (1,12513) size 183x17 [color=#323232] [bgcolor=#C8C8C8]
      LayoutText {#text} at (2,0) size 51x16
        text run at (2,0) width 51: "Item 737"
    LayoutBlockFlow {OPTION} at (1,12530) size 183x17 [color=#323232] [bgcolor=#C8C8C8]
      LayoutText {#text} at (2,0) size 51x16
        text run at (2,0) width 51: "Item 738"
    LayoutBlockFlow {OPTION} at (1,12547) size 183x17 [color=#323232] [bgcolor=#C8C8C8]
      LayoutText {#text} at (2,0) size 51x16
        text run at (2,0) width 51: "Item 739"
    LayoutBlockFlow {OPTION} at (1,12564) size 183x17 [color=#323232] [bgcolor=#C8C8C8]
      LayoutText {#text} at (2,0) size 51x16
        text run at (2,0) width 51: "Item 740"
    LayoutBlockFlow {OPTION} at (1,12581) size 183x17 [color=#323232] [bgcolor=#C8C8C8]
      LayoutText {#text} at (2,0) size 51x16
        text run at (2,0) width 51: "Item 741"
    LayoutBlockFlow {OPTION} at (1,12598) size 183x17 [color=#323232] [bgcolor=#C8C8C8]
      LayoutText {#text} at (2,0) size 51x16
        text run at (2,0) width 51: "Item 742"
    LayoutBlockFlow {OPTION} at (1,12615) size 183x17 [color=#323232] [bgcolor=#C8C8C8]
      LayoutText {#text} at (2,0) size 51x16
        text run at (2,0) width 51: "Item 743"
    LayoutBlockFlow {OPTION} at (1,12632) size 183x17 [color=#323232] [bgcolor=#C8C8C8]
      LayoutText {#text} at (2,0) size 51x16
        text run at (2,0) width 51: "Item 744"
    LayoutBlockFlow {OPTION} at (1,12649) size 183x17 [color=#323232] [bgcolor=#C8C8C8]
      LayoutText {#text} at (2,0) size 51x16
        text run at (2,0) width 51: "Item 745"
    LayoutBlockFlow {OPTION} at (1,12666) size 183x17 [color=#323232] [bgcolor=#C8C8C8]
      LayoutText {#text} at (2,0) size 51x16
        text run at (2,0) width 51: "Item 746"
    LayoutBlockFlow {OPTION} at (1,12683) size 183x17 [color=#323232] [bgcolor=#C8C8C8]
      LayoutText {#text} at (2,0) size 51x16
        text run at (2,0) width 51: "Item 747"
    LayoutBlockFlow {OPTION} at (1,12700) size 183x17 [color=#323232] [bgcolor=#C8C8C8]
      LayoutText {#text} at (2,0) size 51x16
        text run at (2,0) width 51: "Item 748"
    LayoutBlockFlow {OPTION} at (1,12717) size 183x17 [color=#323232] [bgcolor=#C8C8C8]
      LayoutText {#text} at (2,0) size 51x16
        text run at (2,0) width 51: "Item 749"
    LayoutBlockFlow {OPTION} at (1,12734) size 183x17 [color=#323232] [bgcolor=#C8C8C8]
      LayoutText {#text} at (2,0) size 51x16
        text run at (2,0) width 51: "Item 750"
    LayoutBlockFlow {OPTION} at (1,12751) size 183x17 [color=#323232] [bgcolor=#C8C8C8]
      LayoutText {#text} at (2,0) size 51x16
        text run at (2,0) width 51: "Item 751"
    LayoutBlockFlow {OPTION} at (1,12768) size 183x17 [color=#323232] [bgcolor=#C8C8C8]
      LayoutText {#text} at (2,0) size 51x16
        text run at (2,0) width 51: "Item 752"
    LayoutBlockFlow {OPTION} at (1,12785) size 183x17 [color=#323232] [bgcolor=#C8C8C8]
      LayoutText {#text} at (2,0) size 51x16
        text run at (2,0) width 51: "Item 753"
    LayoutBlockFlow {OPTION} at (1,12802) size 183x17 [color=#323232] [bgcolor=#C8C8C8]
      LayoutText {#text} at (2,0) size 51x16
        text run at (2,0) width 51: "Item 754"
    LayoutBlockFlow {OPTION} at (1,12819) size 183x17 [color=#323232] [bgcolor=#C8C8C8]
      LayoutText {#text} at (2,0) size 51x16
        text run at (2,0) width 51: "Item 755"
    LayoutBlockFlow {OPTION} at (1,12836) size 183x17 [color=#323232] [bgcolor=#C8C8C8]
      LayoutText {#text} at (2,0) size 51x16
        text run at (2,0) width 51: "Item 756"
    LayoutBlockFlow {OPTION} at (1,12853) size 183x17 [color=#323232] [bgcolor=#C8C8C8]
      LayoutText {#text} at (2,0) size 51x16
        text run at (2,0) width 51: "Item 757"
    LayoutBlockFlow {OPTION} at (1,12870) size 183x17 [color=#323232] [bgcolor=#C8C8C8]
      LayoutText {#text} at (2,0) size 51x16
        text run at (2,0) width 51: "Item 758"
    LayoutBlockFlow {OPTION} at (1,12887) size 183x17 [color=#323232] [bgcolor=#C8C8C8]
      LayoutText {#text} at (2,0) size 51x16
        text run at (2,0) width 51: "Item 759"
    LayoutBlockFlow {OPTION} at (1,12904) size 183x17 [color=#323232] [bgcolor=#C8C8C8]
      LayoutText {#text} at (2,0) size 51x16
        text run at (2,0) width 51: "Item 760"
    LayoutBlockFlow {OPTION} at (1,12921) size 183x17 [color=#323232] [bgcolor=#C8C8C8]
      LayoutText {#text} at (2,0) size 51x16
        text run at (2,0) width 51: "Item 761"
    LayoutBlockFlow {OPTION} at (1,12938) size 183x17 [color=#323232] [bgcolor=#C8C8C8]
      LayoutText {#text} at (2,0) size 51x16
        text run at (2,0) width 51: "Item 762"
    LayoutBlockFlow {OPTION} at (1,12955) size 183x17 [color=#323232] [bgcolor=#C8C8C8]
      LayoutText {#text} at (2,0) size 51x16
        text run at (2,0) width 51: "Item 763"
    LayoutBlockFlow {OPTION} at (1,12972) size 183x17 [color=#323232] [bgcolor=#C8C8C8]
      LayoutText {#text} at (2,0) size 51x16
        text run at (2,0) width 51: "Item 764"
    LayoutBlockFlow {OPTION} at (1,12989) size 183x17 [color=#323232] [bgcolor=#C8C8C8]
      LayoutText {#text} at (2,0) size 51x16
        text run at (2,0) width 51: "Item 765"
    LayoutBlockFlow {OPTION} at (1,13006) size 183x17 [color=#323232] [bgcolor=#C8C8C8]
      LayoutText {#text} at (2,0) size 51x16
        text run at (2,0) width 51: "Item 766"
    LayoutBlockFlow {OPTION} at (1,13023) size 183x17 [color=#323232] [bgcolor=#C8C8C8]
      LayoutText {#text} at (2,0) size 51x16
        text run at (2,0) width 51: "Item 767"
    LayoutBlockFlow {OPTION} at (1,13040) size 183x17 [color=#323232] [bgcolor=#C8C8C8]
      LayoutText {#text} at (2,0) size 51x16
        text run at (2,0) width 51: "Item 768"
    LayoutBlockFlow {OPTION} at (1,13057) size 183x17 [color=#323232] [bgcolor=#C8C8C8]
      LayoutText {#text} at (2,0) size 51x16
        text run at (2,0) width 51: "Item 769"
    LayoutBlockFlow {OPTION} at (1,13074) size 183x17 [color=#323232] [bgcolor=#C8C8C8]
      LayoutText {#text} at (2,0) size 51x16
        text run at (2,0) width 51: "Item 770"
    LayoutBlockFlow {OPTION} at (1,13091) size 183x17 [color=#323232] [bgcolor=#C8C8C8]
      LayoutText {#text} at (2,0) size 51x16
        text run at (2,0) width 51: "Item 771"
    LayoutBlockFlow {OPTION} at (1,13108) size 183x17 [color=#323232] [bgcolor=#C8C8C8]
      LayoutText {#text} at (2,0) size 51x16
        text run at (2,0) width 51: "Item 772"
    LayoutBlockFlow {OPTION} at (1,13125) size 183x17 [color=#323232] [bgcolor=#C8C8C8]
      LayoutText {#text} at (2,0) size 51x16
        text run at (2,0) width 51: "Item 773"
    LayoutBlockFlow {OPTION} at (1,13142) size 183x17 [color=#323232] [bgcolor=#C8C8C8]
      LayoutText {#text} at (2,0) size 51x16
        text run at (2,0) width 51: "Item 774"
    LayoutBlockFlow {OPTION} at (1,13159) size 183x17 [color=#323232] [bgcolor=#C8C8C8]
      LayoutText {#text} at (2,0) size 51x16
        text run at (2,0) width 51: "Item 775"
    LayoutBlockFlow {OPTION} at (1,13176) size 183x17 [color=#323232] [bgcolor=#C8C8C8]
      LayoutText {#text} at (2,0) size 51x16
        text run at (2,0) width 51: "Item 776"
    LayoutBlockFlow {OPTION} at (1,13193) size 183x17 [color=#323232] [bgcolor=#C8C8C8]
      LayoutText {#text} at (2,0) size 51x16
        text run at (2,0) width 51: "Item 777"
    LayoutBlockFlow {OPTION} at (1,13210) size 183x17 [color=#323232] [bgcolor=#C8C8C8]
      LayoutText {#text} at (2,0) size 51x16
        text run at (2,0) width 51: "Item 778"
    LayoutBlockFlow {OPTION} at (1,13227) size 183x17 [color=#323232] [bgcolor=#C8C8C8]
      LayoutText {#text} at (2,0) size 51x16
        text run at (2,0) width 51: "Item 779"
    LayoutBlockFlow {OPTION} at (1,13244) size 183x17 [color=#323232] [bgcolor=#C8C8C8]
      LayoutText {#text} at (2,0) size 51x16
        text run at (2,0) width 51: "Item 780"
    LayoutBlockFlow {OPTION} at (1,13261) size 183x17 [color=#323232] [bgcolor=#C8C8C8]
      LayoutText {#text} at (2,0) size 51x16
        text run at (2,0) width 51: "Item 781"
    LayoutBlockFlow {OPTION} at (1,13278) size 183x17 [color=#323232] [bgcolor=#C8C8C8]
      LayoutText {#text} at (2,0) size 51x16
        text run at (2,0) width 51: "Item 782"
    LayoutBlockFlow {OPTION} at (1,13295) size 183x17 [color=#323232] [bgcolor=#C8C8C8]
      LayoutText {#text} at (2,0) size 51x16
        text run at (2,0) width 51: "Item 783"
    LayoutBlockFlow {OPTION} at (1,13312) size 183x17 [color=#323232] [bgcolor=#C8C8C8]
      LayoutText {#text} at (2,0) size 51x16
        text run at (2,0) width 51: "Item 784"
    LayoutBlockFlow {OPTION} at (1,13329) size 183x17 [color=#323232] [bgcolor=#C8C8C8]
      LayoutText {#text} at (2,0) size 51x16
        text run at (2,0) width 51: "Item 785"
    LayoutBlockFlow {OPTION} at (1,13346) size 183x17 [color=#323232] [bgcolor=#C8C8C8]
      LayoutText {#text} at (2,0) size 51x16
        text run at (2,0) width 51: "Item 786"
    LayoutBlockFlow {OPTION} at (1,13363) size 183x17 [color=#323232] [bgcolor=#C8C8C8]
      LayoutText {#text} at (2,0) size 51x16
        text run at (2,0) width 51: "Item 787"
    LayoutBlockFlow {OPTION} at (1,13380) size 183x17 [color=#323232] [bgcolor=#C8C8C8]
      LayoutText {#text} at (2,0) size 51x16
        text run at (2,0) width 51: "Item 788"
    LayoutBlockFlow {OPTION} at (1,13397) size 183x17 [color=#323232] [bgcolor=#C8C8C8]
      LayoutText {#text} at (2,0) size 51x16
        text run at (2,0) width 51: "Item 789"
    LayoutBlockFlow {OPTION} at (1,13414) size 183x17 [color=#323232] [bgcolor=#C8C8C8]
      LayoutText {#text} at (2,0) size 51x16
        text run at (2,0) width 51: "Item 790"
    LayoutBlockFlow {OPTION} at (1,13431) size 183x17 [color=#323232] [bgcolor=#C8C8C8]
      LayoutText {#text} at (2,0) size 51x16
        text run at (2,0) width 51: "Item 791"
    LayoutBlockFlow {OPTION} at (1,13448) size 183x17 [color=#323232] [bgcolor=#C8C8C8]
      LayoutText {#text} at (2,0) size 51x16
        text run at (2,0) width 51: "Item 792"
    LayoutBlockFlow {OPTION} at (1,13465) size 183x17 [color=#323232] [bgcolor=#C8C8C8]
      LayoutText {#text} at (2,0) size 51x16
        text run at (2,0) width 51: "Item 793"
    LayoutBlockFlow {OPTION} at (1,13482) size 183x17 [color=#323232] [bgcolor=#C8C8C8]
      LayoutText {#text} at (2,0) size 51x16
        text run at (2,0) width 51: "Item 794"
    LayoutBlockFlow {OPTION} at (1,13499) size 183x17 [color=#323232] [bgcolor=#C8C8C8]
      LayoutText {#text} at (2,0) size 51x16
        text run at (2,0) width 51: "Item 795"
    LayoutBlockFlow {OPTION} at (1,13516) size 183x17 [color=#323232] [bgcolor=#C8C8C8]
      LayoutText {#text} at (2,0) size 51x16
        text run at (2,0) width 51: "Item 796"
    LayoutBlockFlow {OPTION} at (1,13533) size 183x17 [color=#323232] [bgcolor=#C8C8C8]
      LayoutText {#text} at (2,0) size 51x16
        text run at (2,0) width 51: "Item 797"
    LayoutBlockFlow {OPTION} at (1,13550) size 183x17 [color=#323232] [bgcolor=#C8C8C8]
      LayoutText {#text} at (2,0) size 51x16
        text run at (2,0) width 51: "Item 798"
    LayoutBlockFlow {OPTION} at (1,13567) size 183x17 [color=#323232] [bgcolor=#C8C8C8]
      LayoutText {#text} at (2,0) size 51x16
        text run at (2,0) width 51: "Item 799"
    LayoutBlockFlow {OPTION} at (1,13584) size 183x17 [color=#323232] [bgcolor=#C8C8C8]
      LayoutText {#text} at (2,0) size 51x16
        text run at (2,0) width 51: "Item 800"
    LayoutBlockFlow {OPTION} at (1,13601) size 183x17 [color=#323232] [bgcolor=#C8C8C8]
      LayoutText {#text} at (2,0) size 51x16
        text run at (2,0) width 51: "Item 801"
    LayoutBlockFlow {OPTION} at (1,13618) size 183x17 [color=#323232] [bgcolor=#C8C8C8]
      LayoutText {#text} at (2,0) size 51x16
        text run at (2,0) width 51: "Item 802"
    LayoutBlockFlow {OPTION} at (1,13635) size 183x17 [color=#323232] [bgcolor=#C8C8C8]
      LayoutText {#text} at (2,0) size 51x16
        text run at (2,0) width 51: "Item 803"
    LayoutBlockFlow {OPTION} at (1,13652) size 183x17 [color=#323232] [bgcolor=#C8C8C8]
      LayoutText {#text} at (2,0) size 51x16
        text run at (2,0) width 51: "Item 804"
    LayoutBlockFlow {OPTION} at (1,13669) size 183x17 [color=#323232] [bgcolor=#C8C8C8]
      LayoutText {#text} at (2,0) size 51x16
        text run at (2,0) width 51: "Item 805"
    LayoutBlockFlow {OPTION} at (1,13686) size 183x17 [color=#323232] [bgcolor=#C8C8C8]
      LayoutText {#text} at (2,0) size 51x16
        text run at (2,0) width 51: "Item 806"
    LayoutBlockFlow {OPTION} at (1,13703) size 183x17 [color=#323232] [bgcolor=#C8C8C8]
      LayoutText {#text} at (2,0) size 51x16
        text run at (2,0) width 51: "Item 807"
    LayoutBlockFlow {OPTION} at (1,13720) size 183x17 [color=#323232] [bgcolor=#C8C8C8]
      LayoutText {#text} at (2,0) size 51x16
        text run at (2,0) width 51: "Item 808"
    LayoutBlockFlow {OPTION} at (1,13737) size 183x17 [color=#323232] [bgcolor=#C8C8C8]
      LayoutText {#text} at (2,0) size 51x16
        text run at (2,0) width 51: "Item 809"
    LayoutBlockFlow {OPTION} at (1,13754) size 183x17 [color=#323232] [bgcolor=#C8C8C8]
      LayoutText {#text} at (2,0) size 51x16
        text run at (2,0) width 51: "Item 810"
    LayoutBlockFlow {OPTION} at (1,13771) size 183x17 [color=#323232] [bgcolor=#C8C8C8]
      LayoutText {#text} at (2,0) size 50x16
        text run at (2,0) width 50: "Item 811"
    LayoutBlockFlow {OPTION} at (1,13788) size 183x17 [color=#323232] [bgcolor=#C8C8C8]
      LayoutText {#text} at (2,0) size 51x16
        text run at (2,0) width 51: "Item 812"
    LayoutBlockFlow {OPTION} at (1,13805) size 183x17 [color=#323232] [bgcolor=#C8C8C8]
      LayoutText {#text} at (2,0) size 51x16
        text run at (2,0) width 51: "Item 813"
    LayoutBlockFlow {OPTION} at (1,13822) size 183x17 [color=#323232] [bgcolor=#C8C8C8]
      LayoutText {#text} at (2,0) size 51x16
        text run at (2,0) width 51: "Item 814"
    LayoutBlockFlow {OPTION} at (1,13839) size 183x17 [color=#323232] [bgcolor=#C8C8C8]
      LayoutText {#text} at (2,0) size 51x16
        text run at (2,0) width 51: "Item 815"
    LayoutBlockFlow {OPTION} at (1,13856) size 183x17 [color=#323232] [bgcolor=#C8C8C8]
      LayoutText {#text} at (2,0) size 51x16
        text run at (2,0) width 51: "Item 816"
    LayoutBlockFlow {OPTION} at (1,13873) size 183x17 [color=#323232] [bgcolor=#C8C8C8]
      LayoutText {#text} at (2,0) size 51x16
        text run at (2,0) width 51: "Item 817"
    LayoutBlockFlow {OPTION} at (1,13890) size 183x17 [color=#323232] [bgcolor=#C8C8C8]
      LayoutText {#text} at (2,0) size 51x16
        text run at (2,0) width 51: "Item 818"
    LayoutBlockFlow {OPTION} at (1,13907) size 183x17 [color=#323232] [bgcolor=#C8C8C8]
      LayoutText {#text} at (2,0) size 51x16
        text run at (2,0) width 51: "Item 819"
    LayoutBlockFlow {OPTION} at (1,13924) size 183x17 [color=#323232] [bgcolor=#C8C8C8]
      LayoutText {#text} at (2,0) size 51x16
        text run at (2,0) width 51: "Item 820"
    LayoutBlockFlow {OPTION} at (1,13941) size 183x17 [color=#323232] [bgcolor=#C8C8C8]
      LayoutText {#text} at (2,0) size 51x16
        text run at (2,0) width 51: "Item 821"
    LayoutBlockFlow {OPTION} at (1,13958) size 183x17 [color=#323232] [bgcolor=#C8C8C8]
      LayoutText {#text} at (2,0) size 51x16
        text run at (2,0) width 51: "Item 822"
    LayoutBlockFlow {OPTION} at (1,13975) size 183x17 [color=#323232] [bgcolor=#C8C8C8]
      LayoutText {#text} at (2,0) size 51x16
        text run at (2,0) width 51: "Item 823"
    LayoutBlockFlow {OPTION} at (1,13992) size 183x17 [color=#323232] [bgcolor=#C8C8C8]
      LayoutText {#text} at (2,0) size 51x16
        text run at (2,0) width 51: "Item 824"
    LayoutBlockFlow {OPTION} at (1,14009) size 183x17 [color=#323232] [bgcolor=#C8C8C8]
      LayoutText {#text} at (2,0) size 51x16
        text run at (2,0) width 51: "Item 825"
    LayoutBlockFlow {OPTION} at (1,14026) size 183x17 [color=#323232] [bgcolor=#C8C8C8]
      LayoutText {#text} at (2,0) size 51x16
        text run at (2,0) width 51: "Item 826"
    LayoutBlockFlow {OPTION} at (1,14043) size 183x17 [color=#323232] [bgcolor=#C8C8C8]
      LayoutText {#text} at (2,0) size 51x16
        text run at (2,0) width 51: "Item 827"
    LayoutBlockFlow {OPTION} at (1,14060) size 183x17 [color=#323232] [bgcolor=#C8C8C8]
      LayoutText {#text} at (2,0) size 51x16
        text run at (2,0) width 51: "Item 828"
    LayoutBlockFlow {OPTION} at (1,14077) size 183x17 [color=#323232] [bgcolor=#C8C8C8]
      LayoutText {#text} at (2,0) size 51x16
        text run at (2,0) width 51: "Item 829"
    LayoutBlockFlow {OPTION} at (1,14094) size 183x17 [color=#323232] [bgcolor=#C8C8C8]
      LayoutText {#text} at (2,0) size 51x16
        text run at (2,0) width 51: "Item 830"
    LayoutBlockFlow {OPTION} at (1,14111) size 183x17 [color=#323232] [bgcolor=#C8C8C8]
      LayoutText {#text} at (2,0) size 51x16
        text run at (2,0) width 51: "Item 831"
    LayoutBlockFlow {OPTION} at (1,14128) size 183x17 [color=#323232] [bgcolor=#C8C8C8]
      LayoutText {#text} at (2,0) size 51x16
        text run at (2,0) width 51: "Item 832"
    LayoutBlockFlow {OPTION} at (1,14145) size 183x17 [color=#323232] [bgcolor=#C8C8C8]
      LayoutText {#text} at (2,0) size 51x16
        text run at (2,0) width 51: "Item 833"
    LayoutBlockFlow {OPTION} at (1,14162) size 183x17 [color=#323232] [bgcolor=#C8C8C8]
      LayoutText {#text} at (2,0) size 51x16
        text run at (2,0) width 51: "Item 834"
    LayoutBlockFlow {OPTION} at (1,14179) size 183x17 [color=#323232] [bgcolor=#C8C8C8]
      LayoutText {#text} at (2,0) size 51x16
        text run at (2,0) width 51: "Item 835"
    LayoutBlockFlow {OPTION} at (1,14196) size 183x17 [color=#323232] [bgcolor=#C8C8C8]
      LayoutText {#text} at (2,0) size 51x16
        text run at (2,0) width 51: "Item 836"
    LayoutBlockFlow {OPTION} at (1,14213) size 183x17 [color=#323232] [bgcolor=#C8C8C8]
      LayoutText {#text} at (2,0) size 51x16
        text run at (2,0) width 51: "Item 837"
    LayoutBlockFlow {OPTION} at (1,14230) size 183x17 [color=#323232] [bgcolor=#C8C8C8]
      LayoutText {#text} at (2,0) size 51x16
        text run at (2,0) width 51: "Item 838"
    LayoutBlockFlow {OPTION} at (1,14247) size 183x17 [color=#323232] [bgcolor=#C8C8C8]
      LayoutText {#text} at (2,0) size 51x16
        text run at (2,0) width 51: "Item 839"
    LayoutBlockFlow {OPTION} at (1,14264) size 183x17 [color=#323232] [bgcolor=#C8C8C8]
      LayoutText {#text} at (2,0) size 51x16
        text run at (2,0) width 51: "Item 840"
    LayoutBlockFlow {OPTION} at (1,14281) size 183x17 [color=#323232] [bgcolor=#C8C8C8]
      LayoutText {#text} at (2,0) size 51x16
        text run at (2,0) width 51: "Item 841"
    LayoutBlockFlow {OPTION} at (1,14298) size 183x17 [color=#323232] [bgcolor=#C8C8C8]
      LayoutText {#text} at (2,0) size 51x16
        text run at (2,0) width 51: "Item 842"
    LayoutBlockFlow {OPTION} at (1,14315) size 183x17 [color=#323232] [bgcolor=#C8C8C8]
      LayoutText {#text} at (2,0) size 51x16
        text run at (2,0) width 51: "Item 843"
    LayoutBlockFlow {OPTION} at (1,14332) size 183x17 [color=#323232] [bgcolor=#C8C8C8]
      LayoutText {#text} at (2,0) size 51x16
        text run at (2,0) width 51: "Item 844"
    LayoutBlockFlow {OPTION} at (1,14349) size 183x17 [color=#323232] [bgcolor=#C8C8C8]
      LayoutText {#text} at (2,0) size 51x16
        text run at (2,0) width 51: "Item 845"
    LayoutBlockFlow {OPTION} at (1,14366) size 183x17 [color=#323232] [bgcolor=#C8C8C8]
      LayoutText {#text} at (2,0) size 51x16
        text run at (2,0) width 51: "Item 846"
    LayoutBlockFlow {OPTION} at (1,14383) size 183x17 [color=#323232] [bgcolor=#C8C8C8]
      LayoutText {#text} at (2,0) size 51x16
        text run at (2,0) width 51: "Item 847"
    LayoutBlockFlow {OPTION} at (1,14400) size 183x17 [color=#323232] [bgcolor=#C8C8C8]
      LayoutText {#text} at (2,0) size 51x16
        text run at (2,0) width 51: "Item 848"
    LayoutBlockFlow {OPTION} at (1,14417) size 183x17 [color=#323232] [bgcolor=#C8C8C8]
      LayoutText {#text} at (2,0) size 51x16
        text run at (2,0) width 51: "Item 849"
    LayoutBlockFlow {OPTION} at (1,14434) size 183x17 [color=#323232] [bgcolor=#C8C8C8]
      LayoutText {#text} at (2,0) size 51x16
        text run at (2,0) width 51: "Item 850"
    LayoutBlockFlow {OPTION} at (1,14451) size 183x17 [color=#323232] [bgcolor=#C8C8C8]
      LayoutText {#text} at (2,0) size 51x16
        text run at (2,0) width 51: "Item 851"
    LayoutBlockFlow {OPTION} at (1,14468) size 183x17 [color=#323232] [bgcolor=#C8C8C8]
      LayoutText {#text} at (2,0) size 51x16
        text run at (2,0) width 51: "Item 852"
    LayoutBlockFlow {OPTION} at (1,14485) size 183x17 [color=#323232] [bgcolor=#C8C8C8]
      LayoutText {#text} at (2,0) size 51x16
        text run at (2,0) width 51: "Item 853"
    LayoutBlockFlow {OPTION} at (1,14502) size 183x17 [color=#323232] [bgcolor=#C8C8C8]
      LayoutText {#text} at (2,0) size 51x16
        text run at (2,0) width 51: "Item 854"
    LayoutBlockFlow {OPTION} at (1,14519) size 183x17 [color=#323232] [bgcolor=#C8C8C8]
      LayoutText {#text} at (2,0) size 51x16
        text run at (2,0) width 51: "Item 855"
    LayoutBlockFlow {OPTION} at (1,14536) size 183x17 [color=#323232] [bgcolor=#C8C8C8]
      LayoutText {#text} at (2,0) size 51x16
        text run at (2,0) width 51: "Item 856"
    LayoutBlockFlow {OPTION} at (1,14553) size 183x17 [color=#323232] [bgcolor=#C8C8C8]
      LayoutText {#text} at (2,0) size 51x16
        text run at (2,0) width 51: "Item 857"
    LayoutBlockFlow {OPTION} at (1,14570) size 183x17 [color=#323232] [bgcolor=#C8C8C8]
      LayoutText {#text} at (2,0) size 51x16
        text run at (2,0) width 51: "Item 858"
    LayoutBlockFlow {OPTION} at (1,14587) size 183x17 [color=#323232] [bgcolor=#C8C8C8]
      LayoutText {#text} at (2,0) size 51x16
        text run at (2,0) width 51: "Item 859"
    LayoutBlockFlow {OPTION} at (1,14604) size 183x17 [color=#323232] [bgcolor=#C8C8C8]
      LayoutText {#text} at (2,0) size 51x16
        text run at (2,0) width 51: "Item 860"
    LayoutBlockFlow {OPTION} at (1,14621) size 183x17 [color=#323232] [bgcolor=#C8C8C8]
      LayoutText {#text} at (2,0) size 51x16
        text run at (2,0) width 51: "Item 861"
    LayoutBlockFlow {OPTION} at (1,14638) size 183x17 [color=#323232] [bgcolor=#C8C8C8]
      LayoutText {#text} at (2,0) size 51x16
        text run at (2,0) width 51: "Item 862"
    LayoutBlockFlow {OPTION} at (1,14655) size 183x17 [color=#323232] [bgcolor=#C8C8C8]
      LayoutText {#text} at (2,0) size 51x16
        text run at (2,0) width 51: "Item 863"
    LayoutBlockFlow {OPTION} at (1,14672) size 183x17 [color=#323232] [bgcolor=#C8C8C8]
      LayoutText {#text} at (2,0) size 51x16
        text run at (2,0) width 51: "Item 864"
    LayoutBlockFlow {OPTION} at (1,14689) size 183x17 [color=#323232] [bgcolor=#C8C8C8]
      LayoutText {#text} at (2,0) size 51x16
        text run at (2,0) width 51: "Item 865"
    LayoutBlockFlow {OPTION} at (1,14706) size 183x17 [color=#323232] [bgcolor=#C8C8C8]
      LayoutText {#text} at (2,0) size 51x16
        text run at (2,0) width 51: "Item 866"
    LayoutBlockFlow {OPTION} at (1,14723) size 183x17 [color=#323232] [bgcolor=#C8C8C8]
      LayoutText {#text} at (2,0) size 51x16
        text run at (2,0) width 51: "Item 867"
    LayoutBlockFlow {OPTION} at (1,14740) size 183x17 [color=#323232] [bgcolor=#C8C8C8]
      LayoutText {#text} at (2,0) size 51x16
        text run at (2,0) width 51: "Item 868"
    LayoutBlockFlow {OPTION} at (1,14757) size 183x17 [color=#323232] [bgcolor=#C8C8C8]
      LayoutText {#text} at (2,0) size 51x16
        text run at (2,0) width 51: "Item 869"
    LayoutBlockFlow {OPTION} at (1,14774) size 183x17 [color=#323232] [bgcolor=#C8C8C8]
      LayoutText {#text} at (2,0) size 51x16
        text run at (2,0) width 51: "Item 870"
    LayoutBlockFlow {OPTION} at (1,14791) size 183x17 [color=#323232] [bgcolor=#C8C8C8]
      LayoutText {#text} at (2,0) size 51x16
        text run at (2,0) width 51: "Item 871"
    LayoutBlockFlow {OPTION} at (1,14808) size 183x17 [color=#323232] [bgcolor=#C8C8C8]
      LayoutText {#text} at (2,0) size 51x16
        text run at (2,0) width 51: "Item 872"
    LayoutBlockFlow {OPTION} at (1,14825) size 183x17 [color=#323232] [bgcolor=#C8C8C8]
      LayoutText {#text} at (2,0) size 51x16
        text run at (2,0) width 51: "Item 873"
    LayoutBlockFlow {OPTION} at (1,14842) size 183x17 [color=#323232] [bgcolor=#C8C8C8]
      LayoutText {#text} at (2,0) size 51x16
        text run at (2,0) width 51: "Item 874"
    LayoutBlockFlow {OPTION} at (1,14859) size 183x17 [color=#323232] [bgcolor=#C8C8C8]
      LayoutText {#text} at (2,0) size 51x16
        text run at (2,0) width 51: "Item 875"
    LayoutBlockFlow {OPTION} at (1,14876) size 183x17 [color=#323232] [bgcolor=#C8C8C8]
      LayoutText {#text} at (2,0) size 51x16
        text run at (2,0) width 51: "Item 876"
    LayoutBlockFlow {OPTION} at (1,14893) size 183x17 [color=#323232] [bgcolor=#C8C8C8]
      LayoutText {#text} at (2,0) size 51x16
        text run at (2,0) width 51: "Item 877"
    LayoutBlockFlow {OPTION} at (1,14910) size 183x17 [color=#323232] [bgcolor=#C8C8C8]
      LayoutText {#text} at (2,0) size 51x16
        text run at (2,0) width 51: "Item 878"
    LayoutBlockFlow {OPTION} at (1,14927) size 183x17 [color=#323232] [bgcolor=#C8C8C8]
      LayoutText {#text} at (2,0) size 51x16
        text run at (2,0) width 51: "Item 879"
    LayoutBlockFlow {OPTION} at (1,14944) size 183x17 [color=#323232] [bgcolor=#C8C8C8]
      LayoutText {#text} at (2,0) size 51x16
        text run at (2,0) width 51: "Item 880"
    LayoutBlockFlow {OPTION} at (1,14961) size 183x17 [color=#323232] [bgcolor=#C8C8C8]
      LayoutText {#text} at (2,0) size 51x16
        text run at (2,0) width 51: "Item 881"
    LayoutBlockFlow {OPTION} at (1,14978) size 183x17 [color=#323232] [bgcolor=#C8C8C8]
      LayoutText {#text} at (2,0) size 51x16
        text run at (2,0) width 51: "Item 882"
    LayoutBlockFlow {OPTION} at (1,14995) size 183x17 [color=#323232] [bgcolor=#C8C8C8]
      LayoutText {#text} at (2,0) size 51x16
        text run at (2,0) width 51: "Item 883"
    LayoutBlockFlow {OPTION} at (1,15012) size 183x17 [color=#323232] [bgcolor=#C8C8C8]
      LayoutText {#text} at (2,0) size 51x16
        text run at (2,0) width 51: "Item 884"
    LayoutBlockFlow {OPTION} at (1,15029) size 183x17 [color=#323232] [bgcolor=#C8C8C8]
      LayoutText {#text} at (2,0) size 51x16
        text run at (2,0) width 51: "Item 885"
    LayoutBlockFlow {OPTION} at (1,15046) size 183x17 [color=#323232] [bgcolor=#C8C8C8]
      LayoutText {#text} at (2,0) size 51x16
        text run at (2,0) width 51: "Item 886"
    LayoutBlockFlow {OPTION} at (1,15063) size 183x17 [color=#323232] [bgcolor=#C8C8C8]
      LayoutText {#text} at (2,0) size 51x16
        text run at (2,0) width 51: "Item 887"
    LayoutBlockFlow {OPTION} at (1,15080) size 183x17 [color=#323232] [bgcolor=#C8C8C8]
      LayoutText {#text} at (2,0) size 51x16
        text run at (2,0) width 51: "Item 888"
    LayoutBlockFlow {OPTION} at (1,15097) size 183x17 [color=#323232] [bgcolor=#C8C8C8]
      LayoutText {#text} at (2,0) size 51x16
        text run at (2,0) width 51: "Item 889"
    LayoutBlockFlow {OPTION} at (1,15114) size 183x17 [color=#323232] [bgcolor=#C8C8C8]
      LayoutText {#text} at (2,0) size 51x16
        text run at (2,0) width 51: "Item 890"
    LayoutBlockFlow {OPTION} at (1,15131) size 183x17 [color=#323232] [bgcolor=#C8C8C8]
      LayoutText {#text} at (2,0) size 51x16
        text run at (2,0) width 51: "Item 891"
    LayoutBlockFlow {OPTION} at (1,15148) size 183x17 [color=#323232] [bgcolor=#C8C8C8]
      LayoutText {#text} at (2,0) size 51x16
        text run at (2,0) width 51: "Item 892"
    LayoutBlockFlow {OPTION} at (1,15165) size 183x17 [color=#323232] [bgcolor=#C8C8C8]
      LayoutText {#text} at (2,0) size 51x16
        text run at (2,0) width 51: "Item 893"
    LayoutBlockFlow {OPTION} at (1,15182) size 183x17 [color=#323232] [bgcolor=#C8C8C8]
      LayoutText {#text} at (2,0) size 51x16
        text run at (2,0) width 51: "Item 894"
    LayoutBlockFlow {OPTION} at (1,15199) size 183x17 [color=#323232] [bgcolor=#C8C8C8]
      LayoutText {#text} at (2,0) size 51x16
        text run at (2,0) width 51: "Item 895"
    LayoutBlockFlow {OPTION} at (1,15216) size 183x17 [color=#323232] [bgcolor=#C8C8C8]
      LayoutText {#text} at (2,0) size 51x16
        text run at (2,0) width 51: "Item 896"
    LayoutBlockFlow {OPTION} at (1,15233) size 183x17 [color=#323232] [bgcolor=#C8C8C8]
      LayoutText {#text} at (2,0) size 51x16
        text run at (2,0) width 51: "Item 897"
    LayoutBlockFlow {OPTION} at (1,15250) size 183x17 [color=#323232] [bgcolor=#C8C8C8]
      LayoutText {#text} at (2,0) size 51x16
        text run at (2,0) width 51: "Item 898"
    LayoutBlockFlow {OPTION} at (1,15267) size 183x17 [color=#323232] [bgcolor=#C8C8C8]
      LayoutText {#text} at (2,0) size 51x16
        text run at (2,0) width 51: "Item 899"
    LayoutBlockFlow {OPTION} at (1,15284) size 183x17 [color=#323232] [bgcolor=#C8C8C8]
      LayoutText {#text} at (2,0) size 51x16
        text run at (2,0) width 51: "Item 900"
    LayoutBlockFlow {OPTION} at (1,15301) size 183x17 [color=#323232] [bgcolor=#C8C8C8]
      LayoutText {#text} at (2,0) size 51x16
        text run at (2,0) width 51: "Item 901"
    LayoutBlockFlow {OPTION} at (1,15318) size 183x17 [color=#323232] [bgcolor=#C8C8C8]
      LayoutText {#text} at (2,0) size 51x16
        text run at (2,0) width 51: "Item 902"
    LayoutBlockFlow {OPTION} at (1,15335) size 183x17 [color=#323232] [bgcolor=#C8C8C8]
      LayoutText {#text} at (2,0) size 51x16
        text run at (2,0) width 51: "Item 903"
    LayoutBlockFlow {OPTION} at (1,15352) size 183x17 [color=#323232] [bgcolor=#C8C8C8]
      LayoutText {#text} at (2,0) size 51x16
        text run at (2,0) width 51: "Item 904"
    LayoutBlockFlow {OPTION} at (1,15369) size 183x17 [color=#323232] [bgcolor=#C8C8C8]
      LayoutText {#text} at (2,0) size 51x16
        text run at (2,0) width 51: "Item 905"
    LayoutBlockFlow {OPTION} at (1,15386) size 183x17 [color=#323232] [bgcolor=#C8C8C8]
      LayoutText {#text} at (2,0) size 51x16
        text run at (2,0) width 51: "Item 906"
    LayoutBlockFlow {OPTION} at (1,15403) size 183x17 [color=#323232] [bgcolor=#C8C8C8]
      LayoutText {#text} at (2,0) size 51x16
        text run at (2,0) width 51: "Item 907"
    LayoutBlockFlow {OPTION} at (1,15420) size 183x17 [color=#323232] [bgcolor=#C8C8C8]
      LayoutText {#text} at (2,0) size 51x16
        text run at (2,0) width 51: "Item 908"
    LayoutBlockFlow {OPTION} at (1,15437) size 183x17 [color=#323232] [bgcolor=#C8C8C8]
      LayoutText {#text} at (2,0) size 51x16
        text run at (2,0) width 51: "Item 909"
    LayoutBlockFlow {OPTION} at (1,15454) size 183x17 [color=#323232] [bgcolor=#C8C8C8]
      LayoutText {#text} at (2,0) size 51x16
        text run at (2,0) width 51: "Item 910"
    LayoutBlockFlow {OPTION} at (1,15471) size 183x17 [color=#323232] [bgcolor=#C8C8C8]
      LayoutText {#text} at (2,0) size 50x16
        text run at (2,0) width 50: "Item 911"
    LayoutBlockFlow {OPTION} at (1,15488) size 183x17 [color=#323232] [bgcolor=#C8C8C8]
      LayoutText {#text} at (2,0) size 51x16
        text run at (2,0) width 51: "Item 912"
    LayoutBlockFlow {OPTION} at (1,15505) size 183x17 [color=#323232] [bgcolor=#C8C8C8]
      LayoutText {#text} at (2,0) size 51x16
        text run at (2,0) width 51: "Item 913"
    LayoutBlockFlow {OPTION} at (1,15522) size 183x17 [color=#323232] [bgcolor=#C8C8C8]
      LayoutText {#text} at (2,0) size 51x16
        text run at (2,0) width 51: "Item 914"
    LayoutBlockFlow {OPTION} at (1,15539) size 183x17 [color=#323232] [bgcolor=#C8C8C8]
      LayoutText {#text} at (2,0) size 51x16
        text run at (2,0) width 51: "Item 915"
    LayoutBlockFlow {OPTION} at (1,15556) size 183x17 [color=#323232] [bgcolor=#C8C8C8]
      LayoutText {#text} at (2,0) size 51x16
        text run at (2,0) width 51: "Item 916"
    LayoutBlockFlow {OPTION} at (1,15573) size 183x17 [color=#323232] [bgcolor=#C8C8C8]
      LayoutText {#text} at (2,0) size 51x16
        text run at (2,0) width 51: "Item 917"
    LayoutBlockFlow {OPTION} at (1,15590) size 183x17 [color=#323232] [bgcolor=#C8C8C8]
      LayoutText {#text} at (2,0) size 51x16
        text run at (2,0) width 51: "Item 918"
    LayoutBlockFlow {OPTION} at (1,15607) size 183x17 [color=#323232] [bgcolor=#C8C8C8]
      LayoutText {#text} at (2,0) size 51x16
        text run at (2,0) width 51: "Item 919"
    LayoutBlockFlow {OPTION} at (1,15624) size 183x17 [color=#323232] [bgcolor=#C8C8C8]
      LayoutText {#text} at (2,0) size 51x16
        text run at (2,0) width 51: "Item 920"
    LayoutBlockFlow {OPTION} at (1,15641) size 183x17 [color=#323232] [bgcolor=#C8C8C8]
      LayoutText {#text} at (2,0) size 51x16
        text run at (2,0) width 51: "Item 921"
    LayoutBlockFlow {OPTION} at (1,15658) size 183x17 [color=#323232] [bgcolor=#C8C8C8]
      LayoutText {#text} at (2,0) size 51x16
        text run at (2,0) width 51: "Item 922"
    LayoutBlockFlow {OPTION} at (1,15675) size 183x17 [color=#323232] [bgcolor=#C8C8C8]
      LayoutText {#text} at (2,0) size 51x16
        text run at (2,0) width 51: "Item 923"
    LayoutBlockFlow {OPTION} at (1,15692) size 183x17 [color=#323232] [bgcolor=#C8C8C8]
      LayoutText {#text} at (2,0) size 51x16
        text run at (2,0) width 51: "Item 924"
    LayoutBlockFlow {OPTION} at (1,15709) size 183x17 [color=#323232] [bgcolor=#C8C8C8]
      LayoutText {#text} at (2,0) size 51x16
        text run at (2,0) width 51: "Item 925"
    LayoutBlockFlow {OPTION} at (1,15726) size 183x17 [color=#323232] [bgcolor=#C8C8C8]
      LayoutText {#text} at (2,0) size 51x16
        text run at (2,0) width 51: "Item 926"
    LayoutBlockFlow {OPTION} at (1,15743) size 183x17 [color=#323232] [bgcolor=#C8C8C8]
      LayoutText {#text} at (2,0) size 51x16
        text run at (2,0) width 51: "Item 927"
    LayoutBlockFlow {OPTION} at (1,15760) size 183x17 [color=#323232] [bgcolor=#C8C8C8]
      LayoutText {#text} at (2,0) size 51x16
        text run at (2,0) width 51: "Item 928"
    LayoutBlockFlow {OPTION} at (1,15777) size 183x17 [color=#323232] [bgcolor=#C8C8C8]
      LayoutText {#text} at (2,0) size 51x16
        text run at (2,0) width 51: "Item 929"
    LayoutBlockFlow {OPTION} at (1,15794) size 183x17 [color=#323232] [bgcolor=#C8C8C8]
      LayoutText {#text} at (2,0) size 51x16
        text run at (2,0) width 51: "Item 930"
    LayoutBlockFlow {OPTION} at (1,15811) size 183x17 [color=#323232] [bgcolor=#C8C8C8]
      LayoutText {#text} at (2,0) size 51x16
        text run at (2,0) width 51: "Item 931"
    LayoutBlockFlow {OPTION} at (1,15828) size 183x17 [color=#323232] [bgcolor=#C8C8C8]
      LayoutText {#text} at (2,0) size 51x16
        text run at (2,0) width 51: "Item 932"
    LayoutBlockFlow {OPTION} at (1,15845) size 183x17 [color=#323232] [bgcolor=#C8C8C8]
      LayoutText {#text} at (2,0) size 51x16
        text run at (2,0) width 51: "Item 933"
    LayoutBlockFlow {OPTION} at (1,15862) size 183x17 [color=#323232] [bgcolor=#C8C8C8]
      LayoutText {#text} at (2,0) size 51x16
        text run at (2,0) width 51: "Item 934"
    LayoutBlockFlow {OPTION} at (1,15879) size 183x17 [color=#323232] [bgcolor=#C8C8C8]
      LayoutText {#text} at (2,0) size 51x16
        text run at (2,0) width 51: "Item 935"
    LayoutBlockFlow {OPTION} at (1,15896) size 183x17 [color=#323232] [bgcolor=#C8C8C8]
      LayoutText {#text} at (2,0) size 51x16
        text run at (2,0) width 51: "Item 936"
    LayoutBlockFlow {OPTION} at (1,15913) size 183x17 [color=#323232] [bgcolor=#C8C8C8]
      LayoutText {#text} at (2,0) size 51x16
        text run at (2,0) width 51: "Item 937"
    LayoutBlockFlow {OPTION} at (1,15930) size 183x17 [color=#323232] [bgcolor=#C8C8C8]
      LayoutText {#text} at (2,0) size 51x16
        text run at (2,0) width 51: "Item 938"
    LayoutBlockFlow {OPTION} at (1,15947) size 183x17 [color=#323232] [bgcolor=#C8C8C8]
      LayoutText {#text} at (2,0) size 51x16
        text run at (2,0) width 51: "Item 939"
    LayoutBlockFlow {OPTION} at (1,15964) size 183x17 [color=#323232] [bgcolor=#C8C8C8]
      LayoutText {#text} at (2,0) size 51x16
        text run at (2,0) width 51: "Item 940"
    LayoutBlockFlow {OPTION} at (1,15981) size 183x17 [color=#323232] [bgcolor=#C8C8C8]
      LayoutText {#text} at (2,0) size 51x16
        text run at (2,0) width 51: "Item 941"
    LayoutBlockFlow {OPTION} at (1,15998) size 183x17 [color=#323232] [bgcolor=#C8C8C8]
      LayoutText {#text} at (2,0) size 51x16
        text run at (2,0) width 51: "Item 942"
    LayoutBlockFlow {OPTION} at (1,16015) size 183x17 [color=#323232] [bgcolor=#C8C8C8]
      LayoutText {#text} at (2,0) size 51x16
        text run at (2,0) width 51: "Item 943"
    LayoutBlockFlow {OPTION} at (1,16032) size 183x17 [color=#323232] [bgcolor=#C8C8C8]
      LayoutText {#text} at (2,0) size 51x16
        text run at (2,0) width 51: "Item 944"
    LayoutBlockFlow {OPTION} at (1,16049) size 183x17 [color=#323232] [bgcolor=#C8C8C8]
      LayoutText {#text} at (2,0) size 51x16
        text run at (2,0) width 51: "Item 945"
    LayoutBlockFlow {OPTION} at (1,16066) size 183x17 [color=#323232] [bgcolor=#C8C8C8]
      LayoutText {#text} at (2,0) size 51x16
        text run at (2,0) width 51: "Item 946"
    LayoutBlockFlow {OPTION} at (1,16083) size 183x17 [color=#323232] [bgcolor=#C8C8C8]
      LayoutText {#text} at (2,0) size 51x16
        text run at (2,0) width 51: "Item 947"
    LayoutBlockFlow {OPTION} at (1,16100) size 183x17 [color=#323232] [bgcolor=#C8C8C8]
      LayoutText {#text} at (2,0) size 51x16
        text run at (2,0) width 51: "Item 948"
    LayoutBlockFlow {OPTION} at (1,16117) size 183x17 [color=#323232] [bgcolor=#C8C8C8]
      LayoutText {#text} at (2,0) size 51x16
        text run at (2,0) width 51: "Item 949"
    LayoutBlockFlow {OPTION} at (1,16134) size 183x17 [color=#323232] [bgcolor=#C8C8C8]
      LayoutText {#text} at (2,0) size 51x16
        text run at (2,0) width 51: "Item 950"
    LayoutBlockFlow {OPTION} at (1,16151) size 183x17 [color=#323232] [bgcolor=#C8C8C8]
      LayoutText {#text} at (2,0) size 51x16
        text run at (2,0) width 51: "Item 951"
    LayoutBlockFlow {OPTION} at (1,16168) size 183x17 [color=#323232] [bgcolor=#C8C8C8]
      LayoutText {#text} at (2,0) size 51x16
        text run at (2,0) width 51: "Item 952"
    LayoutBlockFlow {OPTION} at (1,16185) size 183x17 [color=#323232] [bgcolor=#C8C8C8]
      LayoutText {#text} at (2,0) size 51x16
        text run at (2,0) width 51: "Item 953"
    LayoutBlockFlow {OPTION} at (1,16202) size 183x17 [color=#323232] [bgcolor=#C8C8C8]
      LayoutText {#text} at (2,0) size 51x16
        text run at (2,0) width 51: "Item 954"
    LayoutBlockFlow {OPTION} at (1,16219) size 183x17 [color=#323232] [bgcolor=#C8C8C8]
      LayoutText {#text} at (2,0) size 51x16
        text run at (2,0) width 51: "Item 955"
    LayoutBlockFlow {OPTION} at (1,16236) size 183x17 [color=#323232] [bgcolor=#C8C8C8]
      LayoutText {#text} at (2,0) size 51x16
        text run at (2,0) width 51: "Item 956"
    LayoutBlockFlow {OPTION} at (1,16253) size 183x17 [color=#323232] [bgcolor=#C8C8C8]
      LayoutText {#text} at (2,0) size 51x16
        text run at (2,0) width 51: "Item 957"
    LayoutBlockFlow {OPTION} at (1,16270) size 183x17 [color=#323232] [bgcolor=#C8C8C8]
      LayoutText {#text} at (2,0) size 51x16
        text run at (2,0) width 51: "Item 958"
    LayoutBlockFlow {OPTION} at (1,16287) size 183x17 [color=#323232] [bgcolor=#C8C8C8]
      LayoutText {#text} at (2,0) size 51x16
        text run at (2,0) width 51: "Item 959"
    LayoutBlockFlow {OPTION} at (1,16304) size 183x17 [color=#323232] [bgcolor=#C8C8C8]
      LayoutText {#text} at (2,0) size 51x16
        text run at (2,0) width 51: "Item 960"
    LayoutBlockFlow {OPTION} at (1,16321) size 183x17 [color=#323232] [bgcolor=#C8C8C8]
      LayoutText {#text} at (2,0) size 51x16
        text run at (2,0) width 51: "Item 961"
    LayoutBlockFlow {OPTION} at (1,16338) size 183x17 [color=#323232] [bgcolor=#C8C8C8]
      LayoutText {#text} at (2,0) size 51x16
        text run at (2,0) width 51: "Item 962"
    LayoutBlockFlow {OPTION} at (1,16355) size 183x17 [color=#323232] [bgcolor=#C8C8C8]
      LayoutText {#text} at (2,0) size 51x16
        text run at (2,0) width 51: "Item 963"
    LayoutBlockFlow {OPTION} at (1,16372) size 183x17 [color=#323232] [bgcolor=#C8C8C8]
      LayoutText {#text} at (2,0) size 51x16
        text run at (2,0) width 51: "Item 964"
    LayoutBlockFlow {OPTION} at (1,16389) size 183x17 [color=#323232] [bgcolor=#C8C8C8]
      LayoutText {#text} at (2,0) size 51x16
        text run at (2,0) width 51: "Item 965"
    LayoutBlockFlow {OPTION} at (1,16406) size 183x17 [color=#323232] [bgcolor=#C8C8C8]
      LayoutText {#text} at (2,0) size 51x16
        text run at (2,0) width 51: "Item 966"
    LayoutBlockFlow {OPTION} at (1,16423) size 183x17 [color=#323232] [bgcolor=#C8C8C8]
      LayoutText {#text} at (2,0) size 51x16
        text run at (2,0) width 51: "Item 967"
    LayoutBlockFlow {OPTION} at (1,16440) size 183x17 [color=#323232] [bgcolor=#C8C8C8]
      LayoutText {#text} at (2,0) size 51x16
        text run at (2,0) width 51: "Item 968"
    LayoutBlockFlow {OPTION} at (1,16457) size 183x17 [color=#323232] [bgcolor=#C8C8C8]
      LayoutText {#text} at (2,0) size 51x16
        text run at (2,0) width 51: "Item 969"
    LayoutBlockFlow {OPTION} at (1,16474) size 183x17 [color=#323232] [bgcolor=#C8C8C8]
      LayoutText {#text} at (2,0) size 51x16
        text run at (2,0) width 51: "Item 970"
    LayoutBlockFlow {OPTION} at (1,16491) size 183x17 [color=#323232] [bgcolor=#C8C8C8]
      LayoutText {#text} at (2,0) size 51x16
        text run at (2,0) width 51: "Item 971"
    LayoutBlockFlow {OPTION} at (1,16508) size 183x17 [color=#323232] [bgcolor=#C8C8C8]
      LayoutText {#text} at (2,0) size 51x16
        text run at (2,0) width 51: "Item 972"
    LayoutBlockFlow {OPTION} at (1,16525) size 183x17 [color=#323232] [bgcolor=#C8C8C8]
      LayoutText {#text} at (2,0) size 51x16
        text run at (2,0) width 51: "Item 973"
    LayoutBlockFlow {OPTION} at (1,16542) size 183x17 [color=#323232] [bgcolor=#C8C8C8]
      LayoutText {#text} at (2,0) size 51x16
        text run at (2,0) width 51: "Item 974"
    LayoutBlockFlow {OPTION} at (1,16559) size 183x17 [color=#323232] [bgcolor=#C8C8C8]
      LayoutText {#text} at (2,0) size 51x16
        text run at (2,0) width 51: "Item 975"
    LayoutBlockFlow {OPTION} at (1,16576) size 183x17 [color=#323232] [bgcolor=#C8C8C8]
      LayoutText {#text} at (2,0) size 51x16
        text run at (2,0) width 51: "Item 976"
    LayoutBlockFlow {OPTION} at (1,16593) size 183x17 [color=#323232] [bgcolor=#C8C8C8]
      LayoutText {#text} at (2,0) size 51x16
        text run at (2,0) width 51: "Item 977"
    LayoutBlockFlow {OPTION} at (1,16610) size 183x17 [color=#323232] [bgcolor=#C8C8C8]
      LayoutText {#text} at (2,0) size 51x16
        text run at (2,0) width 51: "Item 978"
    LayoutBlockFlow {OPTION} at (1,16627) size 183x17 [color=#323232] [bgcolor=#C8C8C8]
      LayoutText {#text} at (2,0) size 51x16
        text run at (2,0) width 51: "Item 979"
    LayoutBlockFlow {OPTION} at (1,16644) size 183x17 [color=#323232] [bgcolor=#C8C8C8]
      LayoutText {#text} at (2,0) size 51x16
        text run at (2,0) width 51: "Item 980"
    LayoutBlockFlow {OPTION} at (1,16661) size 183x17 [color=#323232] [bgcolor=#C8C8C8]
      LayoutText {#text} at (2,0) size 51x16
        text run at (2,0) width 51: "Item 981"
    LayoutBlockFlow {OPTION} at (1,16678) size 183x17 [color=#323232] [bgcolor=#C8C8C8]
      LayoutText {#text} at (2,0) size 51x16
        text run at (2,0) width 51: "Item 982"
    LayoutBlockFlow {OPTION} at (1,16695) size 183x17 [color=#323232] [bgcolor=#C8C8C8]
      LayoutText {#text} at (2,0) size 51x16
        text run at (2,0) width 51: "Item 983"
    LayoutBlockFlow {OPTION} at (1,16712) size 183x17 [color=#323232] [bgcolor=#C8C8C8]
      LayoutText {#text} at (2,0) size 51x16
        text run at (2,0) width 51: "Item 984"
    LayoutBlockFlow {OPTION} at (1,16729) size 183x17 [color=#323232] [bgcolor=#C8C8C8]
      LayoutText {#text} at (2,0) size 51x16
        text run at (2,0) width 51: "Item 985"
    LayoutBlockFlow {OPTION} at (1,16746) size 183x17 [color=#323232] [bgcolor=#C8C8C8]
      LayoutText {#text} at (2,0) size 51x16
        text run at (2,0) width 51: "Item 986"
    LayoutBlockFlow {OPTION} at (1,16763) size 183x17 [color=#323232] [bgcolor=#C8C8C8]
      LayoutText {#text} at (2,0) size 51x16
        text run at (2,0) width 51: "Item 987"
    LayoutBlockFlow {OPTION} at (1,16780) size 183x17 [color=#323232] [bgcolor=#C8C8C8]
      LayoutText {#text} at (2,0) size 51x16
        text run at (2,0) width 51: "Item 988"
    LayoutBlockFlow {OPTION} at (1,16797) size 183x17 [color=#323232] [bgcolor=#C8C8C8]
      LayoutText {#text} at (2,0) size 51x16
        text run at (2,0) width 51: "Item 989"
    LayoutBlockFlow {OPTION} at (1,16814) size 183x17 [color=#323232] [bgcolor=#C8C8C8]
      LayoutText {#text} at (2,0) size 51x16
        text run at (2,0) width 51: "Item 990"
    LayoutBlockFlow {OPTION} at (1,16831) size 183x17 [color=#323232] [bgcolor=#C8C8C8]
      LayoutText {#text} at (2,0) size 51x16
        text run at (2,0) width 51: "Item 991"
    LayoutBlockFlow {OPTION} at (1,16848) size 183x17 [color=#323232] [bgcolor=#C8C8C8]
      LayoutText {#text} at (2,0) size 51x16
        text run at (2,0) width 51: "Item 992"
    LayoutBlockFlow {OPTION} at (1,16865) size 183x17 [color=#323232] [bgcolor=#C8C8C8]
      LayoutText {#text} at (2,0) size 51x16
        text run at (2,0) width 51: "Item 993"
    LayoutBlockFlow {OPTION} at (1,16882) size 183x17 [color=#323232] [bgcolor=#C8C8C8]
      LayoutText {#text} at (2,0) size 51x16
        text run at (2,0) width 51: "Item 994"
    LayoutBlockFlow {OPTION} at (1,16899) size 183x17 [color=#323232] [bgcolor=#C8C8C8]
      LayoutText {#text} at (2,0) size 51x16
        text run at (2,0) width 51: "Item 995"
    LayoutBlockFlow {OPTION} at (1,16916) size 183x17 [color=#323232] [bgcolor=#C8C8C8]
      LayoutText {#text} at (2,0) size 51x16
        text run at (2,0) width 51: "Item 996"
    LayoutBlockFlow {OPTION} at (1,16933) size 183x17 [color=#323232] [bgcolor=#C8C8C8]
      LayoutText {#text} at (2,0) size 51x16
        text run at (2,0) width 51: "Item 997"
    LayoutBlockFlow {OPTION} at (1,16950) size 183x17 [color=#323232] [bgcolor=#C8C8C8]
      LayoutText {#text} at (2,0) size 51x16
        text run at (2,0) width 51: "Item 998"
    LayoutBlockFlow {OPTION} at (1,16967) size 183x17 [color=#323232] [bgcolor=#C8C8C8]
      LayoutText {#text} at (2,0) size 51x16
        text run at (2,0) width 51: "Item 999"
    LayoutBlockFlow {OPTION} at (1,16984) size 183x17 [color=#323232] [bgcolor=#C8C8C8]
      LayoutText {#text} at (2,0) size 58x16
        text run at (2,0) width 58: "Item 1000"
    LayoutBlockFlow {OPTION} at (1,17001) size 183x17 [color=#323232] [bgcolor=#C8C8C8]
      LayoutText {#text} at (2,0) size 58x16
        text run at (2,0) width 58: "Item 1001"
    LayoutBlockFlow {OPTION} at (1,17018) size 183x17 [color=#323232] [bgcolor=#C8C8C8]
      LayoutText {#text} at (2,0) size 58x16
        text run at (2,0) width 58: "Item 1002"
    LayoutBlockFlow {OPTION} at (1,17035) size 183x17 [color=#323232] [bgcolor=#C8C8C8]
      LayoutText {#text} at (2,0) size 58x16
        text run at (2,0) width 58: "Item 1003"
    LayoutBlockFlow {OPTION} at (1,17052) size 183x17 [color=#323232] [bgcolor=#C8C8C8]
      LayoutText {#text} at (2,0) size 58x16
        text run at (2,0) width 58: "Item 1004"
    LayoutBlockFlow {OPTION} at (1,17069) size 183x17 [color=#323232] [bgcolor=#C8C8C8]
      LayoutText {#text} at (2,0) size 58x16
        text run at (2,0) width 58: "Item 1005"
    LayoutBlockFlow {OPTION} at (1,17086) size 183x17 [color=#323232] [bgcolor=#C8C8C8]
      LayoutText {#text} at (2,0) size 58x16
        text run at (2,0) width 58: "Item 1006"
    LayoutBlockFlow {OPTION} at (1,17103) size 183x17 [color=#323232] [bgcolor=#C8C8C8]
      LayoutText {#text} at (2,0) size 58x16
        text run at (2,0) width 58: "Item 1007"
    LayoutBlockFlow {OPTION} at (1,17120) size 183x17 [color=#323232] [bgcolor=#C8C8C8]
      LayoutText {#text} at (2,0) size 58x16
        text run at (2,0) width 58: "Item 1008"
    LayoutBlockFlow {OPTION} at (1,17137) size 183x17 [color=#323232] [bgcolor=#C8C8C8]
      LayoutText {#text} at (2,0) size 58x16
        text run at (2,0) width 58: "Item 1009"
    LayoutBlockFlow {OPTION} at (1,17154) size 183x17 [color=#323232] [bgcolor=#C8C8C8]
      LayoutText {#text} at (2,0) size 58x16
        text run at (2,0) width 58: "Item 1010"
    LayoutBlockFlow {OPTION} at (1,17171) size 183x17 [color=#323232] [bgcolor=#C8C8C8]
      LayoutText {#text} at (2,0) size 57x16
        text run at (2,0) width 57: "Item 1011"
    LayoutBlockFlow {OPTION} at (1,17188) size 183x17 [color=#323232] [bgcolor=#C8C8C8]
      LayoutText {#text} at (2,0) size 58x16
        text run at (2,0) width 58: "Item 1012"
    LayoutBlockFlow {OPTION} at (1,17205) size 183x17 [color=#323232] [bgcolor=#C8C8C8]
      LayoutText {#text} at (2,0) size 58x16
        text run at (2,0) width 58: "Item 1013"
    LayoutBlockFlow {OPTION} at (1,17222) size 183x17 [color=#323232] [bgcolor=#C8C8C8]
      LayoutText {#text} at (2,0) size 58x16
        text run at (2,0) width 58: "Item 1014"
    LayoutBlockFlow {OPTION} at (1,17239) size 183x17 [color=#323232] [bgcolor=#C8C8C8]
      LayoutText {#text} at (2,0) size 58x16
        text run at (2,0) width 58: "Item 1015"
    LayoutBlockFlow {OPTION} at (1,17256) size 183x17 [color=#323232] [bgcolor=#C8C8C8]
      LayoutText {#text} at (2,0) size 58x16
        text run at (2,0) width 58: "Item 1016"
    LayoutBlockFlow {OPTION} at (1,17273) size 183x17 [color=#323232] [bgcolor=#C8C8C8]
      LayoutText {#text} at (2,0) size 58x16
        text run at (2,0) width 58: "Item 1017"
    LayoutBlockFlow {OPTION} at (1,17290) size 183x17 [color=#323232] [bgcolor=#C8C8C8]
      LayoutText {#text} at (2,0) size 58x16
        text run at (2,0) width 58: "Item 1018"
    LayoutBlockFlow {OPTION} at (1,17307) size 183x17 [color=#323232] [bgcolor=#C8C8C8]
      LayoutText {#text} at (2,0) size 58x16
        text run at (2,0) width 58: "Item 1019"
    LayoutBlockFlow {OPTION} at (1,17324) size 183x17 [color=#323232] [bgcolor=#C8C8C8]
      LayoutText {#text} at (2,0) size 58x16
        text run at (2,0) width 58: "Item 1020"
    LayoutBlockFlow {OPTION} at (1,17341) size 183x17 [color=#323232] [bgcolor=#C8C8C8]
      LayoutText {#text} at (2,0) size 58x16
        text run at (2,0) width 58: "Item 1021"
    LayoutBlockFlow {OPTION} at (1,17358) size 183x17 [color=#323232] [bgcolor=#C8C8C8]
      LayoutText {#text} at (2,0) size 58x16
        text run at (2,0) width 58: "Item 1022"
    LayoutBlockFlow {OPTION} at (1,17375) size 183x17 [color=#323232] [bgcolor=#C8C8C8]
      LayoutText {#text} at (2,0) size 58x16
        text run at (2,0) width 58: "Item 1023"
    LayoutBlockFlow {OPTION} at (1,17392) size 183x17 [color=#323232] [bgcolor=#C8C8C8]
      LayoutText {#text} at (2,0) size 58x16
        text run at (2,0) width 58: "Item 1024"
    LayoutBlockFlow {OPTION} at (1,17409) size 183x17 [color=#323232] [bgcolor=#C8C8C8]
      LayoutText {#text} at (2,0) size 58x16
        text run at (2,0) width 58: "Item 1025"
    LayoutBlockFlow {OPTION} at (1,17426) size 183x17 [color=#323232] [bgcolor=#C8C8C8]
      LayoutText {#text} at (2,0) size 58x16
        text run at (2,0) width 58: "Item 1026"
    LayoutBlockFlow {OPTION} at (1,17443) size 183x17 [color=#323232] [bgcolor=#C8C8C8]
      LayoutText {#text} at (2,0) size 58x16
        text run at (2,0) width 58: "Item 1027"
    LayoutBlockFlow {OPTION} at (1,17460) size 183x17 [color=#323232] [bgcolor=#C8C8C8]
      LayoutText {#text} at (2,0) size 58x16
        text run at (2,0) width 58: "Item 1028"
    LayoutBlockFlow {OPTION} at (1,17477) size 183x17 [color=#323232] [bgcolor=#C8C8C8]
      LayoutText {#text} at (2,0) size 58x16
        text run at (2,0) width 58: "Item 1029"
    LayoutBlockFlow {OPTION} at (1,17494) size 183x17 [color=#323232] [bgcolor=#C8C8C8]
      LayoutText {#text} at (2,0) size 58x16
        text run at (2,0) width 58: "Item 1030"
    LayoutBlockFlow {OPTION} at (1,17511) size 183x17 [color=#323232] [bgcolor=#C8C8C8]
      LayoutText {#text} at (2,0) size 58x16
        text run at (2,0) width 58: "Item 1031"
    LayoutBlockFlow {OPTION} at (1,17528) size 183x17 [color=#323232] [bgcolor=#C8C8C8]
      LayoutText {#text} at (2,0) size 58x16
        text run at (2,0) width 58: "Item 1032"
    LayoutBlockFlow {OPTION} at (1,17545) size 183x17 [color=#323232] [bgcolor=#C8C8C8]
      LayoutText {#text} at (2,0) size 58x16
        text run at (2,0) width 58: "Item 1033"
    LayoutBlockFlow {OPTION} at (1,17562) size 183x17 [color=#323232] [bgcolor=#C8C8C8]
      LayoutText {#text} at (2,0) size 58x16
        text run at (2,0) width 58: "Item 1034"
    LayoutBlockFlow {OPTION} at (1,17579) size 183x17 [color=#323232] [bgcolor=#C8C8C8]
      LayoutText {#text} at (2,0) size 58x16
        text run at (2,0) width 58: "Item 1035"
    LayoutBlockFlow {OPTION} at (1,17596) size 183x17 [color=#323232] [bgcolor=#C8C8C8]
      LayoutText {#text} at (2,0) size 58x16
        text run at (2,0) width 58: "Item 1036"
    LayoutBlockFlow {OPTION} at (1,17613) size 183x17 [color=#323232] [bgcolor=#C8C8C8]
      LayoutText {#text} at (2,0) size 58x16
        text run at (2,0) width 58: "Item 1037"
    LayoutBlockFlow {OPTION} at (1,17630) size 183x17 [color=#323232] [bgcolor=#C8C8C8]
      LayoutText {#text} at (2,0) size 58x16
        text run at (2,0) width 58: "Item 1038"
    LayoutBlockFlow {OPTION} at (1,17647) size 183x17 [color=#323232] [bgcolor=#C8C8C8]
      LayoutText {#text} at (2,0) size 58x16
        text run at (2,0) width 58: "Item 1039"
    LayoutBlockFlow {OPTION} at (1,17664) size 183x17 [color=#323232] [bgcolor=#C8C8C8]
      LayoutText {#text} at (2,0) size 58x16
        text run at (2,0) width 58: "Item 1040"
    LayoutBlockFlow {OPTION} at (1,17681) size 183x17 [color=#323232] [bgcolor=#C8C8C8]
      LayoutText {#text} at (2,0) size 58x16
        text run at (2,0) width 58: "Item 1041"
    LayoutBlockFlow {OPTION} at (1,17698) size 183x17 [color=#323232] [bgcolor=#C8C8C8]
      LayoutText {#text} at (2,0) size 58x16
        text run at (2,0) width 58: "Item 1042"
    LayoutBlockFlow {OPTION} at (1,17715) size 183x17 [color=#323232] [bgcolor=#C8C8C8]
      LayoutText {#text} at (2,0) size 58x16
        text run at (2,0) width 58: "Item 1043"
    LayoutBlockFlow {OPTION} at (1,17732) size 183x17 [color=#323232] [bgcolor=#C8C8C8]
      LayoutText {#text} at (2,0) size 58x16
        text run at (2,0) width 58: "Item 1044"
    LayoutBlockFlow {OPTION} at (1,17749) size 183x17 [color=#323232] [bgcolor=#C8C8C8]
      LayoutText {#text} at (2,0) size 58x16
        text run at (2,0) width 58: "Item 1045"
    LayoutBlockFlow {OPTION} at (1,17766) size 183x17 [color=#323232] [bgcolor=#C8C8C8]
      LayoutText {#text} at (2,0) size 58x16
        text run at (2,0) width 58: "Item 1046"
    LayoutBlockFlow {OPTION} at (1,17783) size 183x17 [color=#323232] [bgcolor=#C8C8C8]
      LayoutText {#text} at (2,0) size 58x16
        text run at (2,0) width 58: "Item 1047"
    LayoutBlockFlow {OPTION} at (1,17800) size 183x17 [color=#323232] [bgcolor=#C8C8C8]
      LayoutText {#text} at (2,0) size 58x16
        text run at (2,0) width 58: "Item 1048"
    LayoutBlockFlow {OPTION} at (1,17817) size 183x17 [color=#323232] [bgcolor=#C8C8C8]
      LayoutText {#text} at (2,0) size 58x16
        text run at (2,0) width 58: "Item 1049"
    LayoutBlockFlow {OPTION} at (1,17834) size 183x17 [color=#323232] [bgcolor=#C8C8C8]
      LayoutText {#text} at (2,0) size 58x16
        text run at (2,0) width 58: "Item 1050"
    LayoutBlockFlow {OPTION} at (1,17851) size 183x17 [color=#323232] [bgcolor=#C8C8C8]
      LayoutText {#text} at (2,0) size 58x16
        text run at (2,0) width 58: "Item 1051"
    LayoutBlockFlow {OPTION} at (1,17868) size 183x17 [color=#323232] [bgcolor=#C8C8C8]
      LayoutText {#text} at (2,0) size 58x16
        text run at (2,0) width 58: "Item 1052"
    LayoutBlockFlow {OPTION} at (1,17885) size 183x17 [color=#323232] [bgcolor=#C8C8C8]
      LayoutText {#text} at (2,0) size 58x16
        text run at (2,0) width 58: "Item 1053"
    LayoutBlockFlow {OPTION} at (1,17902) size 183x17 [color=#323232] [bgcolor=#C8C8C8]
      LayoutText {#text} at (2,0) size 58x16
        text run at (2,0) width 58: "Item 1054"
    LayoutBlockFlow {OPTION} at (1,17919) size 183x17 [color=#323232] [bgcolor=#C8C8C8]
      LayoutText {#text} at (2,0) size 58x16
        text run at (2,0) width 58: "Item 1055"
    LayoutBlockFlow {OPTION} at (1,17936) size 183x17 [color=#323232] [bgcolor=#C8C8C8]
      LayoutText {#text} at (2,0) size 58x16
        text run at (2,0) width 58: "Item 1056"
    LayoutBlockFlow {OPTION} at (1,17953) size 183x17 [color=#323232] [bgcolor=#C8C8C8]
      LayoutText {#text} at (2,0) size 58x16
        text run at (2,0) width 58: "Item 1057"
    LayoutBlockFlow {OPTION} at (1,17970) size 183x17 [color=#323232] [bgcolor=#C8C8C8]
      LayoutText {#text} at (2,0) size 58x16
        text run at (2,0) width 58: "Item 1058"
    LayoutBlockFlow {OPTION} at (1,17987) size 183x17 [color=#323232] [bgcolor=#C8C8C8]
      LayoutText {#text} at (2,0) size 58x16
        text run at (2,0) width 58: "Item 1059"
    LayoutBlockFlow {OPTION} at (1,18004) size 183x17 [color=#323232] [bgcolor=#C8C8C8]
      LayoutText {#text} at (2,0) size 58x16
        text run at (2,0) width 58: "Item 1060"
    LayoutBlockFlow {OPTION} at (1,18021) size 183x17 [color=#323232] [bgcolor=#C8C8C8]
      LayoutText {#text} at (2,0) size 58x16
        text run at (2,0) width 58: "Item 1061"
    LayoutBlockFlow {OPTION} at (1,18038) size 183x17 [color=#323232] [bgcolor=#C8C8C8]
      LayoutText {#text} at (2,0) size 58x16
        text run at (2,0) width 58: "Item 1062"
    LayoutBlockFlow {OPTION} at (1,18055) size 183x17 [color=#323232] [bgcolor=#C8C8C8]
      LayoutText {#text} at (2,0) size 58x16
        text run at (2,0) width 58: "Item 1063"
    LayoutBlockFlow {OPTION} at (1,18072) size 183x17 [color=#323232] [bgcolor=#C8C8C8]
      LayoutText {#text} at (2,0) size 58x16
        text run at (2,0) width 58: "Item 1064"
    LayoutBlockFlow {OPTION} at (1,18089) size 183x17 [color=#323232] [bgcolor=#C8C8C8]
      LayoutText {#text} at (2,0) size 58x16
        text run at (2,0) width 58: "Item 1065"
    LayoutBlockFlow {OPTION} at (1,18106) size 183x17 [color=#323232] [bgcolor=#C8C8C8]
      LayoutText {#text} at (2,0) size 58x16
        text run at (2,0) width 58: "Item 1066"
    LayoutBlockFlow {OPTION} at (1,18123) size 183x17 [color=#323232] [bgcolor=#C8C8C8]
      LayoutText {#text} at (2,0) size 58x16
        text run at (2,0) width 58: "Item 1067"
    LayoutBlockFlow {OPTION} at (1,18140) size 183x17 [color=#323232] [bgcolor=#C8C8C8]
      LayoutText {#text} at (2,0) size 58x16
        text run at (2,0) width 58: "Item 1068"
    LayoutBlockFlow {OPTION} at (1,18157) size 183x17 [color=#323232] [bgcolor=#C8C8C8]
      LayoutText {#text} at (2,0) size 58x16
        text run at (2,0) width 58: "Item 1069"
    LayoutBlockFlow {OPTION} at (1,18174) size 183x17 [color=#323232] [bgcolor=#C8C8C8]
      LayoutText {#text} at (2,0) size 58x16
        text run at (2,0) width 58: "Item 1070"
    LayoutBlockFlow {OPTION} at (1,18191) size 183x17 [color=#323232] [bgcolor=#C8C8C8]
      LayoutText {#text} at (2,0) size 58x16
        text run at (2,0) width 58: "Item 1071"
    LayoutBlockFlow {OPTION} at (1,18208) size 183x17 [color=#323232] [bgcolor=#C8C8C8]
      LayoutText {#text} at (2,0) size 58x16
        text run at (2,0) width 58: "Item 1072"
    LayoutBlockFlow {OPTION} at (1,18225) size 183x17 [color=#323232] [bgcolor=#C8C8C8]
      LayoutText {#text} at (2,0) size 58x16
        text run at (2,0) width 58: "Item 1073"
    LayoutBlockFlow {OPTION} at (1,18242) size 183x17 [color=#323232] [bgcolor=#C8C8C8]
      LayoutText {#text} at (2,0) size 58x16
        text run at (2,0) width 58: "Item 1074"
    LayoutBlockFlow {OPTION} at (1,18259) size 183x17 [color=#323232] [bgcolor=#C8C8C8]
      LayoutText {#text} at (2,0) size 58x16
        text run at (2,0) width 58: "Item 1075"
    LayoutBlockFlow {OPTION} at (1,18276) size 183x17 [color=#323232] [bgcolor=#C8C8C8]
      LayoutText {#text} at (2,0) size 58x16
        text run at (2,0) width 58: "Item 1076"
    LayoutBlockFlow {OPTION} at (1,18293) size 183x17 [color=#323232] [bgcolor=#C8C8C8]
      LayoutText {#text} at (2,0) size 58x16
        text run at (2,0) width 58: "Item 1077"
    LayoutBlockFlow {OPTION} at (1,18310) size 183x17 [color=#323232] [bgcolor=#C8C8C8]
      LayoutText {#text} at (2,0) size 58x16
        text run at (2,0) width 58: "Item 1078"
    LayoutBlockFlow {OPTION} at (1,18327) size 183x17 [color=#323232] [bgcolor=#C8C8C8]
      LayoutText {#text} at (2,0) size 58x16
        text run at (2,0) width 58: "Item 1079"
    LayoutBlockFlow {OPTION} at (1,18344) size 183x17 [color=#323232] [bgcolor=#C8C8C8]
      LayoutText {#text} at (2,0) size 58x16
        text run at (2,0) width 58: "Item 1080"
    LayoutBlockFlow {OPTION} at (1,18361) size 183x17 [color=#323232] [bgcolor=#C8C8C8]
      LayoutText {#text} at (2,0) size 58x16
        text run at (2,0) width 58: "Item 1081"
    LayoutBlockFlow {OPTION} at (1,18378) size 183x17 [color=#323232] [bgcolor=#C8C8C8]
      LayoutText {#text} at (2,0) size 58x16
        text run at (2,0) width 58: "Item 1082"
    LayoutBlockFlow {OPTION} at (1,18395) size 183x17 [color=#323232] [bgcolor=#C8C8C8]
      LayoutText {#text} at (2,0) size 58x16
        text run at (2,0) width 58: "Item 1083"
    LayoutBlockFlow {OPTION} at (1,18412) size 183x17 [color=#323232] [bgcolor=#C8C8C8]
      LayoutText {#text} at (2,0) size 58x16
        text run at (2,0) width 58: "Item 1084"
    LayoutBlockFlow {OPTION} at (1,18429) size 183x17 [color=#323232] [bgcolor=#C8C8C8]
      LayoutText {#text} at (2,0) size 58x16
        text run at (2,0) width 58: "Item 1085"
    LayoutBlockFlow {OPTION} at (1,18446) size 183x17 [color=#323232] [bgcolor=#C8C8C8]
      LayoutText {#text} at (2,0) size 58x16
        text run at (2,0) width 58: "Item 1086"
    LayoutBlockFlow {OPTION} at (1,18463) size 183x17 [color=#323232] [bgcolor=#C8C8C8]
      LayoutText {#text} at (2,0) size 58x16
        text run at (2,0) width 58: "Item 1087"
    LayoutBlockFlow {OPTION} at (1,18480) size 183x17 [color=#323232] [bgcolor=#C8C8C8]
      LayoutText {#text} at (2,0) size 58x16
        text run at (2,0) width 58: "Item 1088"
    LayoutBlockFlow {OPTION} at (1,18497) size 183x17 [color=#323232] [bgcolor=#C8C8C8]
      LayoutText {#text} at (2,0) size 58x16
        text run at (2,0) width 58: "Item 1089"
    LayoutBlockFlow {OPTION} at (1,18514) size 183x17 [color=#323232] [bgcolor=#C8C8C8]
      LayoutText {#text} at (2,0) size 58x16
        text run at (2,0) width 58: "Item 1090"
    LayoutBlockFlow {OPTION} at (1,18531) size 183x17 [color=#323232] [bgcolor=#C8C8C8]
      LayoutText {#text} at (2,0) size 58x16
        text run at (2,0) width 58: "Item 1091"
    LayoutBlockFlow {OPTION} at (1,18548) size 183x17 [color=#323232] [bgcolor=#C8C8C8]
      LayoutText {#text} at (2,0) size 58x16
        text run at (2,0) width 58: "Item 1092"
    LayoutBlockFlow {OPTION} at (1,18565) size 183x17 [color=#323232] [bgcolor=#C8C8C8]
      LayoutText {#text} at (2,0) size 58x16
        text run at (2,0) width 58: "Item 1093"
    LayoutBlockFlow {OPTION} at (1,18582) size 183x17 [color=#323232] [bgcolor=#C8C8C8]
      LayoutText {#text} at (2,0) size 58x16
        text run at (2,0) width 58: "Item 1094"
    LayoutBlockFlow {OPTION} at (1,18599) size 183x17 [color=#323232] [bgcolor=#C8C8C8]
      LayoutText {#text} at (2,0) size 58x16
        text run at (2,0) width 58: "Item 1095"
    LayoutBlockFlow {OPTION} at (1,18616) size 183x17 [color=#323232] [bgcolor=#C8C8C8]
      LayoutText {#text} at (2,0) size 58x16
        text run at (2,0) width 58: "Item 1096"
    LayoutBlockFlow {OPTION} at (1,18633) size 183x17 [color=#323232] [bgcolor=#C8C8C8]
      LayoutText {#text} at (2,0) size 58x16
        text run at (2,0) width 58: "Item 1097"
    LayoutBlockFlow {OPTION} at (1,18650) size 183x17 [color=#323232] [bgcolor=#C8C8C8]
      LayoutText {#text} at (2,0) size 58x16
        text run at (2,0) width 58: "Item 1098"
    LayoutBlockFlow {OPTION} at (1,18667) size 183x17 [color=#323232] [bgcolor=#C8C8C8]
      LayoutText {#text} at (2,0) size 58x16
        text run at (2,0) width 58: "Item 1099"
    LayoutBlockFlow {OPTION} at (1,18684) size 183x17 [color=#323232] [bgcolor=#C8C8C8]
      LayoutText {#text} at (2,0) size 57x16
        text run at (2,0) width 57: "Item 1100"
    LayoutBlockFlow {OPTION} at (1,18701) size 183x17 [color=#323232] [bgcolor=#C8C8C8]
      LayoutText {#text} at (2,0) size 57x16
        text run at (2,0) width 57: "Item 1101"
    LayoutBlockFlow {OPTION} at (1,18718) size 183x17 [color=#323232] [bgcolor=#C8C8C8]
      LayoutText {#text} at (2,0) size 57x16
        text run at (2,0) width 57: "Item 1102"
    LayoutBlockFlow {OPTION} at (1,18735) size 183x17 [color=#323232] [bgcolor=#C8C8C8]
      LayoutText {#text} at (2,0) size 57x16
        text run at (2,0) width 57: "Item 1103"
    LayoutBlockFlow {OPTION} at (1,18752) size 183x17 [color=#323232] [bgcolor=#C8C8C8]
      LayoutText {#text} at (2,0) size 57x16
        text run at (2,0) width 57: "Item 1104"
    LayoutBlockFlow {OPTION} at (1,18769) size 183x17 [color=#323232] [bgcolor=#C8C8C8]
      LayoutText {#text} at (2,0) size 57x16
        text run at (2,0) width 57: "Item 1105"
    LayoutBlockFlow {OPTION} at (1,18786) size 183x17 [color=#323232] [bgcolor=#C8C8C8]
      LayoutText {#text} at (2,0) size 57x16
        text run at (2,0) width 57: "Item 1106"
    LayoutBlockFlow {OPTION} at (1,18803) size 183x17 [color=#323232] [bgcolor=#C8C8C8]
      LayoutText {#text} at (2,0) size 57x16
        text run at (2,0) width 57: "Item 1107"
    LayoutBlockFlow {OPTION} at (1,18820) size 183x17 [color=#323232] [bgcolor=#C8C8C8]
      LayoutText {#text} at (2,0) size 57x16
        text run at (2,0) width 57: "Item 1108"
    LayoutBlockFlow {OPTION} at (1,18837) size 183x17 [color=#323232] [bgcolor=#C8C8C8]
      LayoutText {#text} at (2,0) size 57x16
        text run at (2,0) width 57: "Item 1109"
    LayoutBlockFlow {OPTION} at (1,18854) size 183x17 [color=#323232] [bgcolor=#C8C8C8]
      LayoutText {#text} at (2,0) size 57x16
        text run at (2,0) width 57: "Item 1110"
    LayoutBlockFlow {OPTION} at (1,18871) size 183x17 [color=#323232] [bgcolor=#C8C8C8]
      LayoutText {#text} at (2,0) size 56x16
        text run at (2,0) width 56: "Item 1111"
    LayoutBlockFlow {OPTION} at (1,18888) size 183x17 [color=#323232] [bgcolor=#C8C8C8]
      LayoutText {#text} at (2,0) size 57x16
        text run at (2,0) width 57: "Item 1112"
    LayoutBlockFlow {OPTION} at (1,18905) size 183x17 [color=#323232] [bgcolor=#C8C8C8]
      LayoutText {#text} at (2,0) size 57x16
        text run at (2,0) width 57: "Item 1113"
    LayoutBlockFlow {OPTION} at (1,18922) size 183x17 [color=#323232] [bgcolor=#C8C8C8]
      LayoutText {#text} at (2,0) size 57x16
        text run at (2,0) width 57: "Item 1114"
    LayoutBlockFlow {OPTION} at (1,18939) size 183x17 [color=#323232] [bgcolor=#C8C8C8]
      LayoutText {#text} at (2,0) size 57x16
        text run at (2,0) width 57: "Item 1115"
    LayoutBlockFlow {OPTION} at (1,18956) size 183x17 [color=#323232] [bgcolor=#C8C8C8]
      LayoutText {#text} at (2,0) size 57x16
        text run at (2,0) width 57: "Item 1116"
    LayoutBlockFlow {OPTION} at (1,18973) size 183x17 [color=#323232] [bgcolor=#C8C8C8]
      LayoutText {#text} at (2,0) size 57x16
        text run at (2,0) width 57: "Item 1117"
    LayoutBlockFlow {OPTION} at (1,18990) size 183x17 [color=#323232] [bgcolor=#C8C8C8]
      LayoutText {#text} at (2,0) size 57x16
        text run at (2,0) width 57: "Item 1118"
    LayoutBlockFlow {OPTION} at (1,19007) size 183x17 [color=#323232] [bgcolor=#C8C8C8]
      LayoutText {#text} at (2,0) size 57x16
        text run at (2,0) width 57: "Item 1119"
    LayoutBlockFlow {OPTION} at (1,19024) size 183x17 [color=#323232] [bgcolor=#C8C8C8]
      LayoutText {#text} at (2,0) size 57x16
        text run at (2,0) width 57: "Item 1120"
    LayoutBlockFlow {OPTION} at (1,19041) size 183x17 [color=#323232] [bgcolor=#C8C8C8]
      LayoutText {#text} at (2,0) size 57x16
        text run at (2,0) width 57: "Item 1121"
    LayoutBlockFlow {OPTION} at (1,19058) size 183x17 [color=#323232] [bgcolor=#C8C8C8]
      LayoutText {#text} at (2,0) size 57x16
        text run at (2,0) width 57: "Item 1122"
    LayoutBlockFlow {OPTION} at (1,19075) size 183x17 [color=#323232] [bgcolor=#C8C8C8]
      LayoutText {#text} at (2,0) size 57x16
        text run at (2,0) width 57: "Item 1123"
    LayoutBlockFlow {OPTION} at (1,19092) size 183x17 [color=#323232] [bgcolor=#C8C8C8]
      LayoutText {#text} at (2,0) size 57x16
        text run at (2,0) width 57: "Item 1124"
    LayoutBlockFlow {OPTION} at (1,19109) size 183x17 [color=#323232] [bgcolor=#C8C8C8]
      LayoutText {#text} at (2,0) size 57x16
        text run at (2,0) width 57: "Item 1125"
    LayoutBlockFlow {OPTION} at (1,19126) size 183x17 [color=#323232] [bgcolor=#C8C8C8]
      LayoutText {#text} at (2,0) size 57x16
        text run at (2,0) width 57: "Item 1126"
    LayoutBlockFlow {OPTION} at (1,19143) size 183x17 [color=#323232] [bgcolor=#C8C8C8]
      LayoutText {#text} at (2,0) size 57x16
        text run at (2,0) width 57: "Item 1127"
    LayoutBlockFlow {OPTION} at (1,19160) size 183x17 [color=#323232] [bgcolor=#C8C8C8]
      LayoutText {#text} at (2,0) size 57x16
        text run at (2,0) width 57: "Item 1128"
    LayoutBlockFlow {OPTION} at (1,19177) size 183x17 [color=#323232] [bgcolor=#C8C8C8]
      LayoutText {#text} at (2,0) size 57x16
        text run at (2,0) width 57: "Item 1129"
    LayoutBlockFlow {OPTION} at (1,19194) size 183x17 [color=#323232] [bgcolor=#C8C8C8]
      LayoutText {#text} at (2,0) size 57x16
        text run at (2,0) width 57: "Item 1130"
    LayoutBlockFlow {OPTION} at (1,19211) size 183x17 [color=#323232] [bgcolor=#C8C8C8]
      LayoutText {#text} at (2,0) size 57x16
        text run at (2,0) width 57: "Item 1131"
    LayoutBlockFlow {OPTION} at (1,19228) size 183x17 [color=#323232] [bgcolor=#C8C8C8]
      LayoutText {#text} at (2,0) size 57x16
        text run at (2,0) width 57: "Item 1132"
    LayoutBlockFlow {OPTION} at (1,19245) size 183x17 [color=#323232] [bgcolor=#C8C8C8]
      LayoutText {#text} at (2,0) size 57x16
        text run at (2,0) width 57: "Item 1133"
    LayoutBlockFlow {OPTION} at (1,19262) size 183x17 [color=#323232] [bgcolor=#C8C8C8]
      LayoutText {#text} at (2,0) size 57x16
        text run at (2,0) width 57: "Item 1134"
    LayoutBlockFlow {OPTION} at (1,19279) size 183x17 [color=#323232] [bgcolor=#C8C8C8]
      LayoutText {#text} at (2,0) size 57x16
        text run at (2,0) width 57: "Item 1135"
    LayoutBlockFlow {OPTION} at (1,19296) size 183x17 [color=#323232] [bgcolor=#C8C8C8]
      LayoutText {#text} at (2,0) size 57x16
        text run at (2,0) width 57: "Item 1136"
    LayoutBlockFlow {OPTION} at (1,19313) size 183x17 [color=#323232] [bgcolor=#C8C8C8]
      LayoutText {#text} at (2,0) size 57x16
        text run at (2,0) width 57: "Item 1137"
    LayoutBlockFlow {OPTION} at (1,19330) size 183x17 [color=#323232] [bgcolor=#C8C8C8]
      LayoutText {#text} at (2,0) size 57x16
        text run at (2,0) width 57: "Item 1138"
    LayoutBlockFlow {OPTION} at (1,19347) size 183x17 [color=#323232] [bgcolor=#C8C8C8]
      LayoutText {#text} at (2,0) size 57x16
        text run at (2,0) width 57: "Item 1139"
    LayoutBlockFlow {OPTION} at (1,19364) size 183x17 [color=#323232] [bgcolor=#C8C8C8]
      LayoutText {#text} at (2,0) size 57x16
        text run at (2,0) width 57: "Item 1140"
    LayoutBlockFlow {OPTION} at (1,19381) size 183x17 [color=#323232] [bgcolor=#C8C8C8]
      LayoutText {#text} at (2,0) size 57x16
        text run at (2,0) width 57: "Item 1141"
    LayoutBlockFlow {OPTION} at (1,19398) size 183x17 [color=#323232] [bgcolor=#C8C8C8]
      LayoutText {#text} at (2,0) size 57x16
        text run at (2,0) width 57: "Item 1142"
    LayoutBlockFlow {OPTION} at (1,19415) size 183x17 [color=#323232] [bgcolor=#C8C8C8]
      LayoutText {#text} at (2,0) size 57x16
        text run at (2,0) width 57: "Item 1143"
    LayoutBlockFlow {OPTION} at (1,19432) size 183x17 [color=#323232] [bgcolor=#C8C8C8]
      LayoutText {#text} at (2,0) size 57x16
        text run at (2,0) width 57: "Item 1144"
    LayoutBlockFlow {OPTION} at (1,19449) size 183x17 [color=#323232] [bgcolor=#C8C8C8]
      LayoutText {#text} at (2,0) size 57x16
        text run at (2,0) width 57: "Item 1145"
    LayoutBlockFlow {OPTION} at (1,19466) size 183x17 [color=#323232] [bgcolor=#C8C8C8]
      LayoutText {#text} at (2,0) size 57x16
        text run at (2,0) width 57: "Item 1146"
    LayoutBlockFlow {OPTION} at (1,19483) size 183x17 [color=#323232] [bgcolor=#C8C8C8]
      LayoutText {#text} at (2,0) size 57x16
        text run at (2,0) width 57: "Item 1147"
    LayoutBlockFlow {OPTION} at (1,19500) size 183x17 [color=#323232] [bgcolor=#C8C8C8]
      LayoutText {#text} at (2,0) size 57x16
        text run at (2,0) width 57: "Item 1148"
    LayoutBlockFlow {OPTION} at (1,19517) size 183x17 [color=#323232] [bgcolor=#C8C8C8]
      LayoutText {#text} at (2,0) size 57x16
        text run at (2,0) width 57: "Item 1149"
    LayoutBlockFlow {OPTION} at (1,19534) size 183x17 [color=#323232] [bgcolor=#C8C8C8]
      LayoutText {#text} at (2,0) size 57x16
        text run at (2,0) width 57: "Item 1150"
    LayoutBlockFlow {OPTION} at (1,19551) size 183x17 [color=#323232] [bgcolor=#C8C8C8]
      LayoutText {#text} at (2,0) size 57x16
        text run at (2,0) width 57: "Item 1151"
    LayoutBlockFlow {OPTION} at (1,19568) size 183x17 [color=#323232] [bgcolor=#C8C8C8]
      LayoutText {#text} at (2,0) size 57x16
        text run at (2,0) width 57: "Item 1152"
    LayoutBlockFlow {OPTION} at (1,19585) size 183x17 [color=#323232] [bgcolor=#C8C8C8]
      LayoutText {#text} at (2,0) size 57x16
        text run at (2,0) width 57: "Item 1153"
    LayoutBlockFlow {OPTION} at (1,19602) size 183x17 [color=#323232] [bgcolor=#C8C8C8]
      LayoutText {#text} at (2,0) size 57x16
        text run at (2,0) width 57: "Item 1154"
    LayoutBlockFlow {OPTION} at (1,19619) size 183x17 [color=#323232] [bgcolor=#C8C8C8]
      LayoutText {#text} at (2,0) size 57x16
        text run at (2,0) width 57: "Item 1155"
    LayoutBlockFlow {OPTION} at (1,19636) size 183x17 [color=#323232] [bgcolor=#C8C8C8]
      LayoutText {#text} at (2,0) size 57x16
        text run at (2,0) width 57: "Item 1156"
    LayoutBlockFlow {OPTION} at (1,19653) size 183x17 [color=#323232] [bgcolor=#C8C8C8]
      LayoutText {#text} at (2,0) size 57x16
        text run at (2,0) width 57: "Item 1157"
    LayoutBlockFlow {OPTION} at (1,19670) size 183x17 [color=#323232] [bgcolor=#C8C8C8]
      LayoutText {#text} at (2,0) size 57x16
        text run at (2,0) width 57: "Item 1158"
    LayoutBlockFlow {OPTION} at (1,19687) size 183x17 [color=#323232] [bgcolor=#C8C8C8]
      LayoutText {#text} at (2,0) size 57x16
        text run at (2,0) width 57: "Item 1159"
    LayoutBlockFlow {OPTION} at (1,19704) size 183x17 [color=#323232] [bgcolor=#C8C8C8]
      LayoutText {#text} at (2,0) size 57x16
        text run at (2,0) width 57: "Item 1160"
    LayoutBlockFlow {OPTION} at (1,19721) size 183x17 [color=#323232] [bgcolor=#C8C8C8]
      LayoutText {#text} at (2,0) size 57x16
        text run at (2,0) width 57: "Item 1161"
    LayoutBlockFlow {OPTION} at (1,19738) size 183x17 [color=#323232] [bgcolor=#C8C8C8]
      LayoutText {#text} at (2,0) size 57x16
        text run at (2,0) width 57: "Item 1162"
    LayoutBlockFlow {OPTION} at (1,19755) size 183x17 [color=#323232] [bgcolor=#C8C8C8]
      LayoutText {#text} at (2,0) size 57x16
        text run at (2,0) width 57: "Item 1163"
    LayoutBlockFlow {OPTION} at (1,19772) size 183x17 [color=#323232] [bgcolor=#C8C8C8]
      LayoutText {#text} at (2,0) size 57x16
        text run at (2,0) width 57: "Item 1164"
    LayoutBlockFlow {OPTION} at (1,19789) size 183x17 [color=#323232] [bgcolor=#C8C8C8]
      LayoutText {#text} at (2,0) size 57x16
        text run at (2,0) width 57: "Item 1165"
    LayoutBlockFlow {OPTION} at (1,19806) size 183x17 [color=#323232] [bgcolor=#C8C8C8]
      LayoutText {#text} at (2,0) size 57x16
        text run at (2,0) width 57: "Item 1166"
    LayoutBlockFlow {OPTION} at (1,19823) size 183x17 [color=#323232] [bgcolor=#C8C8C8]
      LayoutText {#text} at (2,0) size 57x16
        text run at (2,0) width 57: "Item 1167"
    LayoutBlockFlow {OPTION} at (1,19840) size 183x17 [color=#323232] [bgcolor=#C8C8C8]
      LayoutText {#text} at (2,0) size 57x16
        text run at (2,0) width 57: "Item 1168"
    LayoutBlockFlow {OPTION} at (1,19857) size 183x17 [color=#323232] [bgcolor=#C8C8C8]
      LayoutText {#text} at (2,0) size 57x16
        text run at (2,0) width 57: "Item 1169"
    LayoutBlockFlow {OPTION} at (1,19874) size 183x17 [color=#323232] [bgcolor=#C8C8C8]
      LayoutText {#text} at (2,0) size 57x16
        text run at (2,0) width 57: "Item 1170"
    LayoutBlockFlow {OPTION} at (1,19891) size 183x17 [color=#323232] [bgcolor=#C8C8C8]
      LayoutText {#text} at (2,0) size 57x16
        text run at (2,0) width 57: "Item 1171"
    LayoutBlockFlow {OPTION} at (1,19908) size 183x17 [color=#323232] [bgcolor=#C8C8C8]
      LayoutText {#text} at (2,0) size 57x16
        text run at (2,0) width 57: "Item 1172"
    LayoutBlockFlow {OPTION} at (1,19925) size 183x17 [color=#323232] [bgcolor=#C8C8C8]
      LayoutText {#text} at (2,0) size 57x16
        text run at (2,0) width 57: "Item 1173"
    LayoutBlockFlow {OPTION} at (1,19942) size 183x17 [color=#323232] [bgcolor=#C8C8C8]
      LayoutText {#text} at (2,0) size 57x16
        text run at (2,0) width 57: "Item 1174"
    LayoutBlockFlow {OPTION} at (1,19959) size 183x17 [color=#323232] [bgcolor=#C8C8C8]
      LayoutText {#text} at (2,0) size 57x16
        text run at (2,0) width 57: "Item 1175"
    LayoutBlockFlow {OPTION} at (1,19976) size 183x17 [color=#323232] [bgcolor=#C8C8C8]
      LayoutText {#text} at (2,0) size 57x16
        text run at (2,0) width 57: "Item 1176"
    LayoutBlockFlow {OPTION} at (1,19993) size 183x17 [color=#323232] [bgcolor=#C8C8C8]
      LayoutText {#text} at (2,0) size 57x16
        text run at (2,0) width 57: "Item 1177"
    LayoutBlockFlow {OPTION} at (1,20010) size 183x17 [color=#323232] [bgcolor=#C8C8C8]
      LayoutText {#text} at (2,0) size 57x16
        text run at (2,0) width 57: "Item 1178"
    LayoutBlockFlow {OPTION} at (1,20027) size 183x17 [color=#323232] [bgcolor=#C8C8C8]
      LayoutText {#text} at (2,0) size 57x16
        text run at (2,0) width 57: "Item 1179"
    LayoutBlockFlow {OPTION} at (1,20044) size 183x17 [color=#323232] [bgcolor=#C8C8C8]
      LayoutText {#text} at (2,0) size 57x16
        text run at (2,0) width 57: "Item 1180"
    LayoutBlockFlow {OPTION} at (1,20061) size 183x17 [color=#323232] [bgcolor=#C8C8C8]
      LayoutText {#text} at (2,0) size 57x16
        text run at (2,0) width 57: "Item 1181"
    LayoutBlockFlow {OPTION} at (1,20078) size 183x17 [color=#323232] [bgcolor=#C8C8C8]
      LayoutText {#text} at (2,0) size 57x16
        text run at (2,0) width 57: "Item 1182"
    LayoutBlockFlow {OPTION} at (1,20095) size 183x17 [color=#323232] [bgcolor=#C8C8C8]
      LayoutText {#text} at (2,0) size 57x16
        text run at (2,0) width 57: "Item 1183"
    LayoutBlockFlow {OPTION} at (1,20112) size 183x17 [color=#323232] [bgcolor=#C8C8C8]
      LayoutText {#text} at (2,0) size 57x16
        text run at (2,0) width 57: "Item 1184"
    LayoutBlockFlow {OPTION} at (1,20129) size 183x17 [color=#323232] [bgcolor=#C8C8C8]
      LayoutText {#text} at (2,0) size 57x16
        text run at (2,0) width 57: "Item 1185"
    LayoutBlockFlow {OPTION} at (1,20146) size 183x17 [color=#323232] [bgcolor=#C8C8C8]
      LayoutText {#text} at (2,0) size 57x16
        text run at (2,0) width 57: "Item 1186"
    LayoutBlockFlow {OPTION} at (1,20163) size 183x17 [color=#323232] [bgcolor=#C8C8C8]
      LayoutText {#text} at (2,0) size 57x16
        text run at (2,0) width 57: "Item 1187"
    LayoutBlockFlow {OPTION} at (1,20180) size 183x17 [color=#323232] [bgcolor=#C8C8C8]
      LayoutText {#text} at (2,0) size 57x16
        text run at (2,0) width 57: "Item 1188"
    LayoutBlockFlow {OPTION} at (1,20197) size 183x17 [color=#323232] [bgcolor=#C8C8C8]
      LayoutText {#text} at (2,0) size 57x16
        text run at (2,0) width 57: "Item 1189"
    LayoutBlockFlow {OPTION} at (1,20214) size 183x17 [color=#323232] [bgcolor=#C8C8C8]
      LayoutText {#text} at (2,0) size 57x16
        text run at (2,0) width 57: "Item 1190"
    LayoutBlockFlow {OPTION} at (1,20231) size 183x17 [color=#323232] [bgcolor=#C8C8C8]
      LayoutText {#text} at (2,0) size 57x16
        text run at (2,0) width 57: "Item 1191"
    LayoutBlockFlow {OPTION} at (1,20248) size 183x17 [color=#323232] [bgcolor=#C8C8C8]
      LayoutText {#text} at (2,0) size 57x16
        text run at (2,0) width 57: "Item 1192"
    LayoutBlockFlow {OPTION} at (1,20265) size 183x17 [color=#323232] [bgcolor=#C8C8C8]
      LayoutText {#text} at (2,0) size 57x16
        text run at (2,0) width 57: "Item 1193"
    LayoutBlockFlow {OPTION} at (1,20282) size 183x17 [color=#323232] [bgcolor=#C8C8C8]
      LayoutText {#text} at (2,0) size 57x16
        text run at (2,0) width 57: "Item 1194"
    LayoutBlockFlow {OPTION} at (1,20299) size 183x17 [color=#323232] [bgcolor=#C8C8C8]
      LayoutText {#text} at (2,0) size 57x16
        text run at (2,0) width 57: "Item 1195"
    LayoutBlockFlow {OPTION} at (1,20316) size 183x17 [color=#323232] [bgcolor=#C8C8C8]
      LayoutText {#text} at (2,0) size 57x16
        text run at (2,0) width 57: "Item 1196"
    LayoutBlockFlow {OPTION} at (1,20333) size 183x17 [color=#323232] [bgcolor=#C8C8C8]
      LayoutText {#text} at (2,0) size 57x16
        text run at (2,0) width 57: "Item 1197"
    LayoutBlockFlow {OPTION} at (1,20350) size 183x17 [color=#323232] [bgcolor=#C8C8C8]
      LayoutText {#text} at (2,0) size 57x16
        text run at (2,0) width 57: "Item 1198"
    LayoutBlockFlow {OPTION} at (1,20367) size 183x17 [color=#323232] [bgcolor=#C8C8C8]
      LayoutText {#text} at (2,0) size 57x16
        text run at (2,0) width 57: "Item 1199"
    LayoutBlockFlow {OPTION} at (1,20384) size 183x17 [color=#323232] [bgcolor=#C8C8C8]
      LayoutText {#text} at (2,0) size 58x16
        text run at (2,0) width 58: "Item 1200"
    LayoutBlockFlow {OPTION} at (1,20401) size 183x17 [color=#323232] [bgcolor=#C8C8C8]
      LayoutText {#text} at (2,0) size 58x16
        text run at (2,0) width 58: "Item 1201"
    LayoutBlockFlow {OPTION} at (1,20418) size 183x17 [color=#323232] [bgcolor=#C8C8C8]
      LayoutText {#text} at (2,0) size 58x16
        text run at (2,0) width 58: "Item 1202"
    LayoutBlockFlow {OPTION} at (1,20435) size 183x17 [color=#323232] [bgcolor=#C8C8C8]
      LayoutText {#text} at (2,0) size 58x16
        text run at (2,0) width 58: "Item 1203"
    LayoutBlockFlow {OPTION} at (1,20452) size 183x17 [color=#323232] [bgcolor=#C8C8C8]
      LayoutText {#text} at (2,0) size 58x16
        text run at (2,0) width 58: "Item 1204"
    LayoutBlockFlow {OPTION} at (1,20469) size 183x17 [color=#323232] [bgcolor=#C8C8C8]
      LayoutText {#text} at (2,0) size 58x16
        text run at (2,0) width 58: "Item 1205"
    LayoutBlockFlow {OPTION} at (1,20486) size 183x17 [color=#323232] [bgcolor=#C8C8C8]
      LayoutText {#text} at (2,0) size 58x16
        text run at (2,0) width 58: "Item 1206"
    LayoutBlockFlow {OPTION} at (1,20503) size 183x17 [color=#323232] [bgcolor=#C8C8C8]
      LayoutText {#text} at (2,0) size 58x16
        text run at (2,0) width 58: "Item 1207"
    LayoutBlockFlow {OPTION} at (1,20520) size 183x17 [color=#323232] [bgcolor=#C8C8C8]
      LayoutText {#text} at (2,0) size 58x16
        text run at (2,0) width 58: "Item 1208"
    LayoutBlockFlow {OPTION} at (1,20537) size 183x17 [color=#323232] [bgcolor=#C8C8C8]
      LayoutText {#text} at (2,0) size 58x16
        text run at (2,0) width 58: "Item 1209"
    LayoutBlockFlow {OPTION} at (1,20554) size 183x17 [color=#323232] [bgcolor=#C8C8C8]
      LayoutText {#text} at (2,0) size 58x16
        text run at (2,0) width 58: "Item 1210"
    LayoutBlockFlow {OPTION} at (1,20571) size 183x17 [color=#323232] [bgcolor=#C8C8C8]
      LayoutText {#text} at (2,0) size 57x16
        text run at (2,0) width 57: "Item 1211"
    LayoutBlockFlow {OPTION} at (1,20588) size 183x17 [color=#323232] [bgcolor=#C8C8C8]
      LayoutText {#text} at (2,0) size 58x16
        text run at (2,0) width 58: "Item 1212"
    LayoutBlockFlow {OPTION} at (1,20605) size 183x17 [color=#323232] [bgcolor=#C8C8C8]
      LayoutText {#text} at (2,0) size 58x16
        text run at (2,0) width 58: "Item 1213"
    LayoutBlockFlow {OPTION} at (1,20622) size 183x17 [color=#323232] [bgcolor=#C8C8C8]
      LayoutText {#text} at (2,0) size 58x16
        text run at (2,0) width 58: "Item 1214"
    LayoutBlockFlow {OPTION} at (1,20639) size 183x17 [color=#323232] [bgcolor=#C8C8C8]
      LayoutText {#text} at (2,0) size 58x16
        text run at (2,0) width 58: "Item 1215"
    LayoutBlockFlow {OPTION} at (1,20656) size 183x17 [color=#323232] [bgcolor=#C8C8C8]
      LayoutText {#text} at (2,0) size 58x16
        text run at (2,0) width 58: "Item 1216"
    LayoutBlockFlow {OPTION} at (1,20673) size 183x17 [color=#323232] [bgcolor=#C8C8C8]
      LayoutText {#text} at (2,0) size 58x16
        text run at (2,0) width 58: "Item 1217"
    LayoutBlockFlow {OPTION} at (1,20690) size 183x17 [color=#323232] [bgcolor=#C8C8C8]
      LayoutText {#text} at (2,0) size 58x16
        text run at (2,0) width 58: "Item 1218"
    LayoutBlockFlow {OPTION} at (1,20707) size 183x17 [color=#323232] [bgcolor=#C8C8C8]
      LayoutText {#text} at (2,0) size 58x16
        text run at (2,0) width 58: "Item 1219"
    LayoutBlockFlow {OPTION} at (1,20724) size 183x17 [color=#323232] [bgcolor=#C8C8C8]
      LayoutText {#text} at (2,0) size 58x16
        text run at (2,0) width 58: "Item 1220"
    LayoutBlockFlow {OPTION} at (1,20741) size 183x17 [color=#323232] [bgcolor=#C8C8C8]
      LayoutText {#text} at (2,0) size 58x16
        text run at (2,0) width 58: "Item 1221"
    LayoutBlockFlow {OPTION} at (1,20758) size 183x17 [color=#323232] [bgcolor=#C8C8C8]
      LayoutText {#text} at (2,0) size 58x16
        text run at (2,0) width 58: "Item 1222"
    LayoutBlockFlow {OPTION} at (1,20775) size 183x17 [color=#323232] [bgcolor=#C8C8C8]
      LayoutText {#text} at (2,0) size 58x16
        text run at (2,0) width 58: "Item 1223"
    LayoutBlockFlow {OPTION} at (1,20792) size 183x17 [color=#323232] [bgcolor=#C8C8C8]
      LayoutText {#text} at (2,0) size 58x16
        text run at (2,0) width 58: "Item 1224"
    LayoutBlockFlow {OPTION} at (1,20809) size 183x17 [color=#323232] [bgcolor=#C8C8C8]
      LayoutText {#text} at (2,0) size 58x16
        text run at (2,0) width 58: "Item 1225"
    LayoutBlockFlow {OPTION} at (1,20826) size 183x17 [color=#323232] [bgcolor=#C8C8C8]
      LayoutText {#text} at (2,0) size 58x16
        text run at (2,0) width 58: "Item 1226"
    LayoutBlockFlow {OPTION} at (1,20843) size 183x17 [color=#323232] [bgcolor=#C8C8C8]
      LayoutText {#text} at (2,0) size 58x16
        text run at (2,0) width 58: "Item 1227"
    LayoutBlockFlow {OPTION} at (1,20860) size 183x17 [color=#323232] [bgcolor=#C8C8C8]
      LayoutText {#text} at (2,0) size 58x16
        text run at (2,0) width 58: "Item 1228"
    LayoutBlockFlow {OPTION} at (1,20877) size 183x17 [color=#323232] [bgcolor=#C8C8C8]
      LayoutText {#text} at (2,0) size 58x16
        text run at (2,0) width 58: "Item 1229"
    LayoutBlockFlow {OPTION} at (1,20894) size 183x17 [color=#323232] [bgcolor=#C8C8C8]
      LayoutText {#text} at (2,0) size 58x16
        text run at (2,0) width 58: "Item 1230"
    LayoutBlockFlow {OPTION} at (1,20911) size 183x17 [color=#323232] [bgcolor=#C8C8C8]
      LayoutText {#text} at (2,0) size 58x16
        text run at (2,0) width 58: "Item 1231"
    LayoutBlockFlow {OPTION} at (1,20928) size 183x17 [color=#323232] [bgcolor=#C8C8C8]
      LayoutText {#text} at (2,0) size 58x16
        text run at (2,0) width 58: "Item 1232"
    LayoutBlockFlow {OPTION} at (1,20945) size 183x17 [color=#323232] [bgcolor=#C8C8C8]
      LayoutText {#text} at (2,0) size 58x16
        text run at (2,0) width 58: "Item 1233"
    LayoutBlockFlow {OPTION} at (1,20962) size 183x17 [color=#323232] [bgcolor=#C8C8C8]
      LayoutText {#text} at (2,0) size 58x16
        text run at (2,0) width 58: "Item 1234"
