layer at (0,0) size 800x600
  LayoutView at (0,0) size 800x600
layer at (0,0) size 800x600
  LayoutBlockFlow {HTML} at (0,0) size 800x600
    LayoutBlockFlow {BODY} at (8,8) size 784x584
      LayoutBlockFlow {P} at (0,0) size 784x40
        LayoutText {#text} at (0,0) size 117x19
          text run at (0,0) width 117: "Rendering test for "
        LayoutInline {I} at (0,0) size 765x39
          LayoutInline {A} at (0,0) size 300x19 [color=#0000EE]
            LayoutText {#text} at (117,0) size 300x19
              text run at (117,0) width 300: "http://bugs.webkit.org/show_bug.cgi?id=15156"
          LayoutText {#text} at (417,0) size 765x39
            text run at (417,0) width 4: " "
            text run at (421,0) width 344: "REGRESSION (r24594-r24668): The bottom of styled"
            text run at (0,20) width 215: "<select> button text is clipped out"
        LayoutText {#text} at (215,20) size 4x19
          text run at (215,20) width 4: "."
      LayoutBlockFlow (anonymous) at (0,56) size 784x30
        LayoutMenuList {SELECT} at (0,0) size 48x30 [bgcolor=#C0C0C0] [border: (1px solid #A9A9A9)]
          LayoutBlockFlow (anonymous) at (1,4) size 46x22
            LayoutText (anonymous) at (0,0) size 46x21
              text run at (0,0) width 46: "Apple"
        LayoutText {#text} at (0,0) size 0x0
