layer at (0,0) size 800x600
  LayoutView at (0,0) size 800x600
layer at (0,0) size 800x600
  LayoutBlockFlow {HTML} at (0,0) size 800x600
    LayoutBlockFlow {BODY} at (8,8) size 784x584
      LayoutText {#text} at (0,0) size 342x19
        text run at (0,0) width 110: "TEST PASSED: "
        text run at (110,0) width 232: "If the popup menu only says \"Text\". "
      LayoutBR {BR} at (342,15) size 0x0
      LayoutText {#text} at (0,20) size 421x19
        text run at (0,20) width 107: "TEST FAILED: "
        text run at (107,20) width 314: "If the popup menu says \"document.write('Text')\". "
      LayoutBR {BR} at (421,35) size 0x0
      LayoutMenuList {SELECT} at (0,40) size 47x20 [bgcolor=#C0C0C0] [border: (1px solid #A9A9A9)]
        LayoutBlockFlow (anonymous) at (1,1) size 45x18
          LayoutText (anonymous) at (4,1) size 25x16
            text run at (4,1) width 25: "Text"
      LayoutText {#text} at (0,0) size 0x0
