layer at (0,0) size 800x600
  LayoutView at (0,0) size 800x600
layer at (0,0) size 800x600
  LayoutBlockFlow {HTML} at (0,0) size 800x600
    LayoutBlockFlow {BODY} at (8,8) size 784x584
      LayoutText {#text} at (0,0) size 701x19
        text run at (0,0) width 701: "This tests that the option text is clipped properly, and doesn't spill over into the arrow part of the popup control. "
      LayoutBR {BR} at (701,15) size 0x0
      LayoutMenuList {SELECT} at (0,20) size 150x20 [bgcolor=#C0C0C0] [border: (1px solid #A9A9A9)]
        LayoutBlockFlow (anonymous) at (1,1) size 148x18
          LayoutText (anonymous) at (4,1) size 147x16
            text run at (4,1) width 147: "12345 6789 ABCD EFGH"
      LayoutText {#text} at (0,0) size 0x0
