layer at (0,0) size 800x600
  LayoutView at (0,0) size 800x600
layer at (0,0) size 800x600
  LayoutBlockFlow {HTML} at (0,0) size 800x600
    LayoutBlockFlow {BODY} at (8,8) size 784x584
      LayoutBlockFlow {P} at (0,0) size 784x20
        LayoutText {#text} at (0,0) size 575x19
          text run at (0,0) width 575: "The following select elements should all be rendered on the left, with their text left justified."
      LayoutBlockFlow (anonymous) at (0,36) size 784x100
        LayoutMenuList {SELECT} at (0,0) size 300x20 [bgcolor=#C0C0C0] [border: (1px solid #A9A9A9)]
          LayoutBlockFlow (anonymous) at (1,1) size 298x18
            LayoutText (anonymous) at (4,1) size 174x16
              text run at (4,1) width 174: "This is should be left justified."
        LayoutText {#text} at (300,0) size 4x19
          text run at (300,0) width 4: " "
        LayoutBR {BR} at (0,0) size 0x0
        LayoutMenuList {SELECT} at (0,20) size 300x20 [bgcolor=#C0C0C0] [border: (1px solid #A9A9A9)]
          LayoutBlockFlow (anonymous) at (1,1) size 298x18
            LayoutText (anonymous) at (4,1) size 174x16
              text run at (4,1) width 174: "This is should be left justified."
        LayoutText {#text} at (300,20) size 4x19
          text run at (300,20) width 4: " "
        LayoutBR {BR} at (0,0) size 0x0
        LayoutMenuList {SELECT} at (0,40) size 300x20 [bgcolor=#C0C0C0] [border: (1px solid #A9A9A9)]
          LayoutBlockFlow (anonymous) at (1,1) size 298x18
            LayoutText (anonymous) at (4,1) size 174x16
              text run at (4,1) width 174: "This is should be left justified."
        LayoutText {#text} at (300,40) size 4x19
          text run at (300,40) width 4: " "
        LayoutBR {BR} at (0,0) size 0x0
        LayoutMenuList {SELECT} at (0,60) size 300x20 [bgcolor=#C0C0C0] [border: (1px solid #A9A9A9)]
          LayoutBlockFlow (anonymous) at (1,1) size 298x18
            LayoutText (anonymous) at (4,1) size 174x16
              text run at (4,1) width 174: "This is should be left justified."
        LayoutText {#text} at (300,60) size 4x19
          text run at (300,60) width 4: " "
        LayoutBR {BR} at (0,0) size 0x0
        LayoutMenuList {SELECT} at (0,80) size 300x20 [bgcolor=#C0C0C0] [border: (1px solid #A9A9A9)]
          LayoutBlockFlow (anonymous) at (1,1) size 298x18
            LayoutText (anonymous) at (4,1) size 174x16
              text run at (4,1) width 174: "This is should be left justified."
        LayoutText {#text} at (0,0) size 0x0
      LayoutBlockFlow {DIV} at (0,136) size 784x20
        LayoutMenuList {SELECT} at (0,0) size 300x20 [bgcolor=#C0C0C0] [border: (1px solid #A9A9A9)]
          LayoutBlockFlow (anonymous) at (1,1) size 298x18
            LayoutText (anonymous) at (4,1) size 174x16
              text run at (4,1) width 174: "This is should be left justified."
