layer at (0,0) size 800x600
  LayoutView at (0,0) size 800x600
layer at (0,0) size 800x600
  LayoutBlockFlow {HTML} at (0,0) size 800x600
    LayoutBlockFlow {BODY} at (8,8) size 784x584
      LayoutBlockFlow (anonymous) at (0,0) size 784x393
        LayoutText {#text} at (0,0) size 93x19
          text run at (0,0) width 93: "initial selected:"
        LayoutBR {BR} at (93,15) size 0x0
        LayoutText {#text} at (155,71) size 4x19
          text run at (155,71) width 4: " "
        LayoutBR {BR} at (159,86) size 0x0
        LayoutText {#text} at (0,91) size 161x19
          text run at (0,91) width 161: "dynamic selected change:"
        LayoutBR {BR} at (161,106) size 0x0
        LayoutText {#text} at (155,162) size 4x19
          text run at (155,162) width 4: " "
        LayoutBR {BR} at (159,177) size 0x0
        LayoutText {#text} at (0,182) size 211x19
          text run at (0,182) width 211: "dynamic insert of selected option:"
        LayoutBR {BR} at (211,197) size 0x0
        LayoutText {#text} at (155,253) size 4x19
          text run at (155,253) width 4: " "
        LayoutBR {BR} at (159,268) size 0x0
        LayoutText {#text} at (0,273) size 93x19
          text run at (0,273) width 93: "initial selected:"
        LayoutBR {BR} at (93,288) size 0x0
        LayoutMenuList {SELECT} at (0,293) size 156x20 [bgcolor=#C0C0C0] [border: (1px solid #A9A9A9)]
          LayoutBlockFlow (anonymous) at (1,1) size 154x18
            LayoutText (anonymous) at (4,1) size 134x16
              text run at (4,1) width 134: "this should be selected"
        LayoutText {#text} at (156,293) size 4x19
          text run at (156,293) width 4: " "
        LayoutBR {BR} at (160,308) size 0x0
        LayoutText {#text} at (0,313) size 161x19
          text run at (0,313) width 161: "dynamic selected change:"
        LayoutBR {BR} at (161,328) size 0x0
        LayoutMenuList {SELECT} at (0,333) size 156x20 [bgcolor=#C0C0C0] [border: (1px solid #A9A9A9)]
          LayoutBlockFlow (anonymous) at (1,1) size 154x18
            LayoutText (anonymous) at (4,1) size 134x16
              text run at (4,1) width 134: "this should be selected"
        LayoutText {#text} at (156,333) size 4x19
          text run at (156,333) width 4: " "
        LayoutBR {BR} at (160,348) size 0x0
        LayoutText {#text} at (0,353) size 211x19
          text run at (0,353) width 211: "dynamic insert of selected option:"
        LayoutBR {BR} at (211,368) size 0x0
        LayoutMenuList {SELECT} at (0,373) size 156x20 [bgcolor=#C0C0C0] [border: (1px solid #A9A9A9)]
          LayoutBlockFlow (anonymous) at (1,1) size 154x18
            LayoutText (anonymous) at (4,1) size 134x16
              text run at (4,1) width 134: "this should be selected"
        LayoutText {#text} at (0,0) size 0x0
      LayoutBlockFlow {P} at (0,409) size 784x20
        LayoutText {#text} at (0,0) size 191x19
          text run at (0,0) width 191: "Display 'none' to 'inline-block'"
      LayoutBlockFlow (anonymous) at (0,445) size 784x70
        LayoutText {#text} at (0,0) size 0x0
layer at (8,28) size 155x70 clip at (9,29) size 138x68 scrollY 119.00 scrollHeight 238
  LayoutListBox {SELECT} at (0,20) size 155x70 [bgcolor=#FFFFFF] [border: (1px solid #A9A9A9)]
    LayoutBlockFlow {OPTION} at (1,1) size 138x17
      LayoutText {#text} at (2,0) size 18x16
        text run at (2,0) width 18: "opt"
    LayoutBlockFlow {OPTION} at (1,18) size 138x17
      LayoutText {#text} at (2,0) size 18x16
        text run at (2,0) width 18: "opt"
    LayoutBlockFlow {OPTION} at (1,35) size 138x17
      LayoutText {#text} at (2,0) size 18x16
        text run at (2,0) width 18: "opt"
    LayoutBlockFlow {OPTION} at (1,52) size 138x17
      LayoutText {#text} at (2,0) size 18x16
        text run at (2,0) width 18: "opt"
    LayoutBlockFlow {OPTION} at (1,69) size 138x17
      LayoutText {#text} at (2,0) size 18x16
        text run at (2,0) width 18: "opt"
    LayoutBlockFlow {OPTION} at (1,86) size 138x17
      LayoutText {#text} at (2,0) size 18x16
        text run at (2,0) width 18: "opt"
    LayoutBlockFlow {OPTION} at (1,103) size 138x17
      LayoutText {#text} at (2,0) size 18x16
        text run at (2,0) width 18: "opt"
    LayoutBlockFlow {OPTION} at (1,120) size 138x17
      LayoutText {#text} at (2,0) size 18x16
        text run at (2,0) width 18: "opt"
    LayoutBlockFlow {OPTION} at (1,137) size 138x17
      LayoutText {#text} at (2,0) size 18x16
        text run at (2,0) width 18: "opt"
    LayoutBlockFlow {OPTION} at (1,154) size 138x17
      LayoutText {#text} at (2,0) size 18x16
        text run at (2,0) width 18: "opt"
    LayoutBlockFlow {OPTION} at (1,171) size 138x17 [color=#FFFFFF] [bgcolor=#999999]
      LayoutText {#text} at (2,0) size 134x16
        text run at (2,0) width 134: "this should be selected"
    LayoutBlockFlow {OPTION} at (1,188) size 138x17
      LayoutText {#text} at (2,0) size 18x16
        text run at (2,0) width 18: "opt"
    LayoutBlockFlow {OPTION} at (1,205) size 138x17
      LayoutText {#text} at (2,0) size 18x16
        text run at (2,0) width 18: "opt"
    LayoutBlockFlow {OPTION} at (1,222) size 138x17
      LayoutText {#text} at (2,0) size 18x16
        text run at (2,0) width 18: "opt"
layer at (8,119) size 155x70 clip at (9,120) size 138x68 scrollY 119.00 scrollHeight 238
  LayoutListBox {SELECT} at (0,111) size 155x70 [bgcolor=#FFFFFF] [border: (1px solid #A9A9A9)]
    LayoutBlockFlow {OPTION} at (1,1) size 138x17
      LayoutText {#text} at (2,0) size 18x16
        text run at (2,0) width 18: "opt"
    LayoutBlockFlow {OPTION} at (1,18) size 138x17
      LayoutText {#text} at (2,0) size 18x16
        text run at (2,0) width 18: "opt"
    LayoutBlockFlow {OPTION} at (1,35) size 138x17
      LayoutText {#text} at (2,0) size 18x16
        text run at (2,0) width 18: "opt"
    LayoutBlockFlow {OPTION} at (1,52) size 138x17
      LayoutText {#text} at (2,0) size 18x16
        text run at (2,0) width 18: "opt"
    LayoutBlockFlow {OPTION} at (1,69) size 138x17
      LayoutText {#text} at (2,0) size 18x16
        text run at (2,0) width 18: "opt"
    LayoutBlockFlow {OPTION} at (1,86) size 138x17
      LayoutText {#text} at (2,0) size 18x16
        text run at (2,0) width 18: "opt"
    LayoutBlockFlow {OPTION} at (1,103) size 138x17
      LayoutText {#text} at (2,0) size 18x16
        text run at (2,0) width 18: "opt"
    LayoutBlockFlow {OPTION} at (1,120) size 138x17
      LayoutText {#text} at (2,0) size 18x16
        text run at (2,0) width 18: "opt"
    LayoutBlockFlow {OPTION} at (1,137) size 138x17
      LayoutText {#text} at (2,0) size 18x16
        text run at (2,0) width 18: "opt"
    LayoutBlockFlow {OPTION} at (1,154) size 138x17
      LayoutText {#text} at (2,0) size 18x16
        text run at (2,0) width 18: "opt"
    LayoutBlockFlow {OPTION} at (1,171) size 138x17 [color=#FFFFFF] [bgcolor=#999999]
      LayoutText {#text} at (2,0) size 134x16
        text run at (2,0) width 134: "this should be selected"
    LayoutBlockFlow {OPTION} at (1,188) size 138x17
      LayoutText {#text} at (2,0) size 18x16
        text run at (2,0) width 18: "opt"
    LayoutBlockFlow {OPTION} at (1,205) size 138x17
      LayoutText {#text} at (2,0) size 18x16
        text run at (2,0) width 18: "opt"
    LayoutBlockFlow {OPTION} at (1,222) size 138x17
      LayoutText {#text} at (2,0) size 18x16
        text run at (2,0) width 18: "opt"
layer at (8,210) size 155x70 clip at (9,211) size 138x68 scrollY 51.00 scrollHeight 136
  LayoutListBox {SELECT} at (0,202) size 155x70 [bgcolor=#FFFFFF] [border: (1px solid #A9A9A9)]
    LayoutBlockFlow {OPTION} at (1,1) size 138x17
      LayoutText {#text} at (2,0) size 18x16
        text run at (2,0) width 18: "opt"
    LayoutBlockFlow {OPTION} at (1,18) size 138x17
      LayoutText {#text} at (2,0) size 18x16
        text run at (2,0) width 18: "opt"
    LayoutBlockFlow {OPTION} at (1,35) size 138x17
      LayoutText {#text} at (2,0) size 18x16
        text run at (2,0) width 18: "opt"
    LayoutBlockFlow {OPTION} at (1,52) size 138x17
      LayoutText {#text} at (2,0) size 18x16
        text run at (2,0) width 18: "opt"
    LayoutBlockFlow {OPTION} at (1,69) size 138x17
      LayoutText {#text} at (2,0) size 18x16
        text run at (2,0) width 18: "opt"
    LayoutBlockFlow {OPTION} at (1,86) size 138x17
      LayoutText {#text} at (2,0) size 18x16
        text run at (2,0) width 18: "opt"
    LayoutBlockFlow {OPTION} at (1,103) size 138x17 [color=#FFFFFF] [bgcolor=#999999]
      LayoutText {#text} at (2,0) size 134x16
        text run at (2,0) width 134: "this should be selected"
    LayoutBlockFlow {OPTION} at (1,120) size 138x17
      LayoutText {#text} at (2,0) size 18x16
        text run at (2,0) width 18: "opt"
layer at (8,453) size 229x70 clip at (9,454) size 212x68 scrollY 51.00 scrollHeight 119
  LayoutListBox {SELECT} at (0,0) size 229x70 [bgcolor=#FFFFFF] [border: (1px solid #A9A9A9)]
    LayoutBlockFlow {OPTION} at (1,1) size 212x17
      LayoutText {#text} at (2,0) size 42x16
        text run at (2,0) width 42: "option1"
    LayoutBlockFlow {OPTION} at (1,18) size 212x17
      LayoutText {#text} at (2,0) size 42x16
        text run at (2,0) width 42: "option2"
    LayoutBlockFlow {OPTION} at (1,35) size 212x17
      LayoutText {#text} at (2,0) size 42x16
        text run at (2,0) width 42: "option3"
    LayoutBlockFlow {OPTION} at (1,52) size 212x17
      LayoutText {#text} at (2,0) size 42x16
        text run at (2,0) width 42: "option4"
    LayoutBlockFlow {OPTION} at (1,69) size 212x17
      LayoutText {#text} at (2,0) size 42x16
        text run at (2,0) width 42: "option5"
    LayoutBlockFlow {OPTION} at (1,86) size 212x17
      LayoutText {#text} at (2,0) size 42x16
        text run at (2,0) width 42: "option6"
    LayoutBlockFlow {OPTION} at (1,103) size 212x17 [color=#FFFFFF] [bgcolor=#999999]
      LayoutText {#text} at (2,0) size 208x16
        text run at (2,0) width 208: "This should be selected and visible."
