layer at (0,0) size 800x600
  LayoutView at (0,0) size 800x600
layer at (0,0) size 800x600
  LayoutBlockFlow {HTML} at (0,0) size 800x600
    LayoutBlockFlow {BODY} at (8,8) size 784x584
      LayoutBlockFlow {P} at (0,0) size 784x40
        LayoutText {#text} at (0,0) size 52x19
          text run at (0,0) width 52: "Test for "
        LayoutInline {I} at (0,0) size 771x39
          LayoutInline {A} at (0,0) size 302x19 [color=#0000EE]
            LayoutText {#text} at (51,0) size 302x19
              text run at (51,0) width 302: "http://bugs.webkit.org/show_bug.cgi?id=12364"
          LayoutText {#text} at (352,0) size 771x39
            text run at (352,0) width 5: " "
            text run at (356,0) width 415: "REGRESSSION (NativeListBox): Selected option's background is"
            text run at (0,20) width 158: "not clipped to the list box"
        LayoutText {#text} at (158,20) size 4x19
          text run at (158,20) width 4: "."
      LayoutBlockFlow (anonymous) at (0,56) size 784x68
        LayoutText {#text} at (0,0) size 0x0
layer at (8,64) size 60x68 clip at (11,67) size 39x62 scrollHeight 74
  LayoutListBox {SELECT} at (0,0.25) size 60x67.75 [bgcolor=#FFFFFF] [border: (3px solid #0000FF)]
    LayoutBlockFlow {OPTION} at (6,6) size 33x17
      LayoutText {#text} at (2,0) size 21x16
        text run at (2,0) width 21: "one"
    LayoutBlockFlow {OPTION} at (6,23) size 33x17
      LayoutText {#text} at (2,0) size 20x16
        text run at (2,0) width 20: "two"
    LayoutBlockFlow {OPTION} at (6,40) size 33x17
      LayoutText {#text} at (2,0) size 29x16
        text run at (2,0) width 29: "three"
    LayoutBlockFlow {OPTION} at (6,57) size 33x17 [bgcolor=#800080]
      LayoutText {#text} at (2,0) size 22x16
        text run at (2,0) width 22: "four"
