layer at (0,0) size 800x600
  LayoutView at (0,0) size 800x600
layer at (0,0) size 800x600
  LayoutBlockFlow {HTML} at (0,0) size 800x600
    LayoutBlockFlow {BODY} at (8,8) size 784x584
      LayoutBlockFlow {P} at (0,0) size 784x40
        LayoutText {#text} at (0,0) size 52x19
          text run at (0,0) width 52: "Test for "
        LayoutInline {I} at (0,0) size 784x39
          LayoutInline {A} at (0,0) size 302x19 [color=#0000EE]
            LayoutText {#text} at (51,0) size 302x19
              text run at (51,0) width 302: "http://bugs.webkit.org/show_bug.cgi?id=12986"
          LayoutText {#text} at (352,0) size 784x39
            text run at (352,0) width 5: " "
            text run at (356,0) width 428: "REGRESSION(NativeListBox): Listboxes not updated when resized"
            text run at (0,20) width 77: "dynamically"
        LayoutText {#text} at (77,20) size 4x19
          text run at (77,20) width 4: "."
      LayoutBlockFlow {P} at (0,56) size 784x20
        LayoutText {#text} at (0,0) size 316x19
          text run at (0,0) width 316: "This list box should be tall enough to fit 6 options."
      LayoutBlockFlow (anonymous) at (0,92) size 784x104
        LayoutText {#text} at (0,0) size 0x0
layer at (8,100) size 54x104 clip at (9,101) size 37x102
  LayoutListBox {SELECT} at (0,0) size 54x104 [bgcolor=#FFFFFF] [border: (1px solid #A9A9A9)]
    LayoutBlockFlow {OPTION} at (1,1) size 37x17
      LayoutText {#text} at (2,0) size 24x16
        text run at (2,0) width 24: "One"
    LayoutBlockFlow {OPTION} at (1,18) size 37x17
      LayoutText {#text} at (2,0) size 24x16
        text run at (2,0) width 24: "Two"
    LayoutBlockFlow {OPTION} at (1,35) size 37x17
      LayoutText {#text} at (2,0) size 33x16
        text run at (2,0) width 33: "Three"
    LayoutBlockFlow {OPTION} at (1,52) size 37x17
      LayoutText {#text} at (2,0) size 26x16
        text run at (2,0) width 26: "Four"
    LayoutBlockFlow {OPTION} at (1,69) size 37x17
      LayoutText {#text} at (2,0) size 25x16
        text run at (2,0) width 25: "Five"
    LayoutBlockFlow {OPTION} at (1,86) size 37x17
      LayoutText {#text} at (2,0) size 19x16
        text run at (2,0) width 19: "Six"
