layer at (0,0) size 800x600
  LayoutView at (0,0) size 800x600
layer at (0,0) size 800x600
  LayoutBlockFlow {HTML} at (0,0) size 800x600
    LayoutBlockFlow {BODY} at (8,8) size 784x584
      LayoutBlockFlow {P} at (0,0) size 784x18
        LayoutText {#text} at (0,0) size 612x18
          text run at (0,0) width 612: "The following button elements should all be rendered on the left, with their text center justified."
      LayoutBlockFlow (anonymous) at (0,34) size 784x75
        LayoutButton {BUTTON} at (0,1) size 300x18 [bgcolor=#C0C0C0] [border: none (2px outset #C0C0C0) none (2px outset #C0C0C0)]
          LayoutBlockFlow (anonymous) at (8,2) size 284x13
            LayoutText {#text} at (56,0) size 172x13
              text run at (56,0) width 172: "This is should be center justified."
        LayoutText {#text} at (300,0) size 4x18
          text run at (300,0) width 4: " "
        LayoutBR {BR} at (0,0) size 0x0
        LayoutButton {BUTTON} at (0,20) size 300x18 [bgcolor=#C0C0C0] [border: none (2px outset #C0C0C0) none (2px outset #C0C0C0)]
          LayoutBlockFlow (anonymous) at (8,2) size 284x13
            LayoutText {#text} at (56,0) size 172x13
              text run at (56,0) width 172: "This is should be center justified."
        LayoutText {#text} at (300,19) size 4x18
          text run at (300,19) width 4: " "
        LayoutBR {BR} at (0,0) size 0x0
        LayoutButton {BUTTON} at (0,39) size 300x18 [bgcolor=#C0C0C0] [border: none (2px outset #C0C0C0) none (2px outset #C0C0C0)]
          LayoutBlockFlow (anonymous) at (8,2) size 284x13
            LayoutText {#text} at (56,0) size 172x13
              text run at (56,0) width 172: "This is should be center justified."
        LayoutText {#text} at (300,38) size 4x18
          text run at (300,38) width 4: " "
        LayoutBR {BR} at (0,0) size 0x0
        LayoutButton {BUTTON} at (0,57) size 300x18 [bgcolor=#C0C0C0] [border: none (2px outset #C0C0C0) none (2px outset #C0C0C0)]
          LayoutBlockFlow (anonymous) at (8,2) size 284x13
            LayoutText {#text} at (56,0) size 172x13
              text run at (56,0) width 172: "This is should be center justified."
        LayoutText {#text} at (0,0) size 0x0
      LayoutBlockFlow {DIV} at (0,109) size 784x18
        LayoutButton {BUTTON} at (0,0) size 300x18 [bgcolor=#C0C0C0] [border: none (2px outset #C0C0C0) none (2px outset #C0C0C0)]
          LayoutBlockFlow (anonymous) at (8,2) size 284x13
            LayoutText {#text} at (56,0) size 172x13
              text run at (56,0) width 172: "This is should be center justified."
