layer at (0,0) size 800x600
  LayoutView at (0,0) size 800x600
layer at (0,0) size 800x600
  LayoutBlockFlow {HTML} at (0,0) size 800x600
    LayoutBlockFlow {BODY} at (8,8) size 784x584
      LayoutBlockFlow {IMG} at (0,0) size 100x100
      LayoutText {#text} at (0,0) size 0x0
layer at (8,8) size 100x100 clip at (9,9) size 98x98
  LayoutBlockFlow {SPAN} at (0,0) size 100x100 [border: (1px solid #C0C0C0)]
    LayoutImage (floating) {IMG} at (2,2) size 16x16
    LayoutInline {SPAN} at (0,0) size 79x90
      LayoutText {#text} at (18,2) size 79x90
        text run at (18,2) width 57: "This text"
        text run at (2,20) width 79: "should wrap"
        text run at (2,38) width 62: "inside the"
        text run at (2,56) width 52: "fallback"
        text run at (2,74) width 52: "content."
