layer at (0,0) size 800x600
  LayoutView at (0,0) size 800x600
layer at (0,0) size 800x558
  LayoutBlockFlow {HTML} at (0,0) size 800x558
    LayoutBlockFlow {BODY} at (8,16) size 784x534
      LayoutBlockFlow {P} at (0,0) size 784x18
        LayoutText {#text} at (0,0) size 418x18
          text run at (0,0) width 418: "There should be three circles below. One big and two small ones."
      LayoutBlockFlow {DIV} at (0,34) size 300x300
      LayoutBlockFlow {DIV} at (0,334) size 100x100
      LayoutBlockFlow {DIV} at (0,434) size 100x100
