layer at (0,0) size 800x600
  LayoutView at (0,0) size 800x600
layer at (0,0) size 800x162
  LayoutBlockFlow {HTML} at (0,0) size 800x162
    LayoutBlockFlow {BODY} at (8,16) size 784x138
      LayoutBlockFlow {P} at (0,0) size 784x18
        LayoutText {#text} at (0,0) size 266x18
          text run at (0,0) width 266: "There should be four green circles below."
      LayoutBlockFlow (anonymous) at (0,34) size 784x104
        LayoutBlockFlow {DIV} at (0,0) size 100x100
        LayoutText {#text} at (100,86) size 4x18
          text run at (100,86) width 4: " "
        LayoutBlockFlow {DIV} at (104,0) size 100x100
        LayoutText {#text} at (204,86) size 4x18
          text run at (204,86) width 4: " "
        LayoutBlockFlow {DIV} at (208,0) size 100x100
        LayoutText {#text} at (308,86) size 4x18
          text run at (308,86) width 4: " "
        LayoutBlockFlow {DIV} at (312,0) size 100x100
        LayoutText {#text} at (0,0) size 0x0
