layer at (0,0) size 800x600
  LayoutView at (0,0) size 800x600
layer at (0,0) size 800x524
  LayoutBlockFlow {HTML} at (0,0) size 800x524
    LayoutBlockFlow {BODY} at (8,8) size 784x508
      LayoutText {#text} at (0,0) size 0x0
layer at (8,8) size 604x504
  LayoutIFrame {IFRAME} at (0,0) size 604x504 [border: (2px inset #EEEEEE)]
    layer at (0,0) size 600x500
      LayoutView at (0,0) size 600x500
    layer at (0,0) size 600x324
      LayoutBlockFlow {HTML} at (0,0) size 600x324
        LayoutBlockFlow {BODY} at (8,8) size 584x308
          LayoutImage {IMG} at (0,0) size 150x150
          LayoutText {#text} at (150,136) size 4x18
            text run at (150,136) width 4: " "
          LayoutImage {IMG} at (154,0) size 150x150
          LayoutText {#text} at (304,136) size 4x18
            text run at (304,136) width 4: " "
          LayoutImage {IMG} at (308,0) size 150x150
          LayoutText {#text} at (458,136) size 4x18
            text run at (458,136) width 4: " "
          LayoutImage {IMG} at (0,154) size 150x150
          LayoutText {#text} at (0,0) size 0x0
