layer at (0,0) size 800x600
  LayoutView at (0,0) size 800x600
layer at (0,0) size 800x600
  LayoutBlockFlow {HTML} at (0,0) size 800x600
    LayoutBlockFlow {BODY} at (11.52,11.52) size 776.97x576.97
      LayoutText {#text} at (0,0) size 771x243
        text run at (0,0) width 771: "This test can be used to ensure that a focus ring is drawn correctly for an imagemap"
        text run at (0,26) width 751: "even when the page is zoomed. This test PASSED if a focus ring is drawn around"
        text run at (0,216) width 376: "the <area> in the imagemap to the right. "
      LayoutInline {MAP} at (0,0) size 0x0
        LayoutText {#text} at (0,0) size 0x0
        LayoutInline {AREA} at (0,0) size 0x0
        LayoutText {#text} at (0,0) size 0x0
      LayoutText {#text} at (0,0) size 0x0
      LayoutImage {IMG} at (375.94,52) size 184.31x184.31
      LayoutText {#text} at (0,0) size 0x0
