layer at (0,0) size 800x600
  LayoutView at (0,0) size 800x600
layer at (0,0) size 800x600
  LayoutBlockFlow {HTML} at (0,0) size 800x600
    LayoutBlockFlow {BODY} at (8,8) size 784x584
      LayoutBlockFlow {P} at (0,0) size 784x36
        LayoutText {#text} at (0,0) size 739x36
          text run at (0,0) width 739: "Assuming the port-specific theme draws focus rings, this test can be used to ensure that a focus ring is drawn for an"
          text run at (0,18) width 704: "<area>. This test PASSED if a green-colored focus ring is drawn around the <area> in the imagemap (below)."
      LayoutBlockFlow (anonymous) at (0,52) size 784x128
        LayoutInline {MAP} at (0,0) size 0x0
          LayoutText {#text} at (0,0) size 0x0
          LayoutInline {AREA} at (0,0) size 0x0
          LayoutText {#text} at (0,0) size 0x0
        LayoutText {#text} at (0,0) size 0x0
        LayoutImage {IMG} at (0,0) size 128x128
        LayoutText {#text} at (0,0) size 0x0
