layer at (0,0) size 800x600
  LayoutView at (0,0) size 800x600
layer at (0,0) size 800x600
  LayoutBlockFlow {HTML} at (0,0) size 800x600
    LayoutBlockFlow {BODY} at (0,0) size 800x600
      LayoutBlockFlow {DIV} at (0,0) size 100x100 [bgcolor=#FF0000]
        LayoutText {#text} at (0,0) size 4x18
          text run at (0,0) width 4: " "
