layer at (0,0) size 800x600
  LayoutView at (0,0) size 800x600
layer at (0,0) size 800x301
  LayoutBlockFlow {HTML} at (0,0) size 800x301
    LayoutBlockFlow {BODY} at (8,8) size 500x285
      LayoutBlockFlow {DIV} at (0,114) size 500x57
        LayoutBlockFlow {DIV} at (10,10) size 33x33
        LayoutText {#text} at (53,39) size 4x18
          text run at (53,39) width 4: " "
        LayoutBlockFlow {DIV} at (67,10) size 33x33
        LayoutText {#text} at (110,39) size 4x18
          text run at (110,39) width 4: " "
        LayoutBlockFlow {DIV} at (124,10) size 33x33
        LayoutText {#text} at (167,39) size 4x18
          text run at (167,39) width 4: " "
        LayoutBlockFlow {DIV} at (181,10) size 33x33
        LayoutText {#text} at (224,39) size 4x18
          text run at (224,39) width 4: " "
        LayoutBlockFlow {DIV} at (238,10) size 33x33
        LayoutText {#text} at (0,0) size 0x0
layer at (8,8) size 500x57
  LayoutBlockFlow {DIV} at (0,0) size 500x57
    LayoutBlockFlow {DIV} at (10,10) size 33x33
    LayoutText {#text} at (53,39) size 4x18
      text run at (53,39) width 4: " "
    LayoutBlockFlow {DIV} at (67,10) size 33x33
    LayoutText {#text} at (110,39) size 4x18
      text run at (110,39) width 4: " "
    LayoutBlockFlow {DIV} at (124,10) size 33x33
    LayoutText {#text} at (167,39) size 4x18
      text run at (167,39) width 4: " "
    LayoutBlockFlow {DIV} at (181,10) size 33x33
    LayoutText {#text} at (224,39) size 4x18
      text run at (224,39) width 4: " "
    LayoutBlockFlow {DIV} at (238,10) size 33x33
    LayoutText {#text} at (0,0) size 0x0
layer at (8,65) size 500x57
  LayoutBlockFlow {DIV} at (0,57) size 500x57
    LayoutBlockFlow {DIV} at (10,10) size 33x33
    LayoutText {#text} at (53,39) size 4x18
      text run at (53,39) width 4: " "
    LayoutBlockFlow {DIV} at (67,10) size 33x33
    LayoutText {#text} at (110,39) size 4x18
      text run at (110,39) width 4: " "
    LayoutBlockFlow {DIV} at (124,10) size 33x33
    LayoutText {#text} at (167,39) size 4x18
      text run at (167,39) width 4: " "
    LayoutBlockFlow {DIV} at (181,10) size 33x33
    LayoutText {#text} at (224,39) size 4x18
      text run at (224,39) width 4: " "
    LayoutBlockFlow {DIV} at (238,10) size 33x33
    LayoutText {#text} at (0,0) size 0x0
layer at (8,179) size 500x57
  LayoutBlockFlow {DIV} at (0,171) size 500x57
    LayoutBlockFlow {DIV} at (10,10) size 33x33
    LayoutText {#text} at (53,39) size 4x18
      text run at (53,39) width 4: " "
    LayoutBlockFlow {DIV} at (67,10) size 33x33
    LayoutText {#text} at (110,39) size 4x18
      text run at (110,39) width 4: " "
    LayoutBlockFlow {DIV} at (124,10) size 33x33
    LayoutText {#text} at (167,39) size 4x18
      text run at (167,39) width 4: " "
    LayoutBlockFlow {DIV} at (181,10) size 33x33
    LayoutText {#text} at (224,39) size 4x18
      text run at (224,39) width 4: " "
    LayoutBlockFlow {DIV} at (238,10) size 33x33
    LayoutText {#text} at (0,0) size 0x0
layer at (8,236) size 500x57
  LayoutBlockFlow {DIV} at (0,228) size 500x57
    LayoutBlockFlow {DIV} at (10,10) size 33x33
    LayoutText {#text} at (53,39) size 4x18
      text run at (53,39) width 4: " "
    LayoutBlockFlow {DIV} at (67,10) size 33x33
    LayoutText {#text} at (110,39) size 4x18
      text run at (110,39) width 4: " "
    LayoutBlockFlow {DIV} at (124,10) size 33x33
    LayoutText {#text} at (167,39) size 4x18
      text run at (167,39) width 4: " "
    LayoutBlockFlow {DIV} at (181,10) size 33x33
    LayoutText {#text} at (224,39) size 4x18
      text run at (224,39) width 4: " "
    LayoutBlockFlow {DIV} at (238,10) size 33x33
    LayoutText {#text} at (0,0) size 0x0
