layer at (0,0) size 800x600
  LayoutView at (0,0) size 800x600
layer at (0,0) size 800x52
  LayoutBlockFlow {test} at (0,0) size 800x52
    LayoutBlockFlow {p} at (0,16) size 800x20
      LayoutText {#text} at (0,0) size 180x19
        text run at (0,0) width 180: "The background color of all "
      LayoutInline {a} at (0,0) size 49x19 [color=#0000EE]
        LayoutText {#text} at (180,0) size 49x19
          text run at (180,0) width 49: "anchors"
      LayoutText {#text} at (229,0) size 103x19
        text run at (229,0) width 4: " "
        text run at (233,0) width 99: "should become "
      LayoutInline {a} at (0,0) size 35x19 [color=#0000EE]
        LayoutText {#text} at (332,0) size 35x19
          text run at (332,0) width 35: "green"
      LayoutText {#text} at (367,0) size 131x19
        text run at (367,0) width 131: " when they have the "
      LayoutInline {a} at (0,0) size 34x19 [color=#0000EE]
        LayoutText {#text} at (498,0) size 34x19
          text run at (498,0) width 34: "focus"
      LayoutText {#text} at (532,0) size 4x19
        text run at (532,0) width 4: "."
