layer at (0,0) size 800x600
  LayoutView at (0,0) size 800x600
layer at (0,0) size 800x416
  LayoutBlockFlow {test} at (0,0) size 800x416
    LayoutBlockFlow {p} at (0,16) size 800x20 [bgcolor=#00FF00]
      LayoutText {#text} at (0,0) size 293x19
        text run at (0,0) width 293: "This paragraph should have green background"
    LayoutBlockFlow {address} at (0,52) size 800x20
      LayoutText {#text} at (0,0) size 331x19
        text run at (0,0) width 331: "But this address is here only to fill space in the dom.."
    LayoutBlockFlow {p} at (0,88) size 800x20
      LayoutText {#text} at (0,0) size 152x19
        text run at (0,0) width 152: "So does this paragraph !"
    LayoutBlockFlow {p} at (0,124) size 800x20
      LayoutText {#text} at (0,0) size 160x19
        text run at (0,0) width 160: "And so does this one too."
    LayoutBlockFlow {dl} at (0,160) size 800x240
      LayoutBlockFlow {dt} at (0,0) size 800x20
        LayoutText {#text} at (0,0) size 124x19
          text run at (0,0) width 124: "First definition term"
      LayoutBlockFlow {dd} at (40,20) size 760x20
        LayoutText {#text} at (0,0) size 92x19
          text run at (0,0) width 92: "First definition"
      LayoutBlockFlow {dt} at (0,40) size 800x20
        LayoutText {#text} at (0,0) size 143x19
          text run at (0,0) width 143: "Second definition term"
      LayoutBlockFlow {dd} at (40,60) size 760x20
        LayoutText {#text} at (0,0) size 111x19
          text run at (0,0) width 111: "Second definition"
      LayoutBlockFlow {dt} at (0,80) size 800x20 [bgcolor=#00FF00]
        LayoutText {#text} at (0,0) size 356x19
          text run at (0,0) width 356: "Third definition term that should have green background"
      LayoutBlockFlow {dd} at (40,100) size 760x20 [bgcolor=#00FF00]
        LayoutText {#text} at (0,0) size 324x19
          text run at (0,0) width 324: "Third definition that should have green background"
      LayoutBlockFlow {dt} at (0,120) size 800x20
        LayoutText {#text} at (0,0) size 138x19
          text run at (0,0) width 138: "Fourth definition term"
      LayoutBlockFlow {dd} at (40,140) size 760x20
        LayoutText {#text} at (0,0) size 106x19
          text run at (0,0) width 106: "Fourth definition"
      LayoutBlockFlow {dt} at (0,160) size 800x20
        LayoutText {#text} at (0,0) size 126x19
          text run at (0,0) width 126: "Fifth definition term"
      LayoutBlockFlow {dd} at (40,180) size 760x20
        LayoutText {#text} at (0,0) size 94x19
          text run at (0,0) width 94: "Fifth definition"
      LayoutBlockFlow {dt} at (0,200) size 800x20 [bgcolor=#00FF00]
        LayoutText {#text} at (0,0) size 354x19
          text run at (0,0) width 354: "Sixth definition term that should have green background"
      LayoutBlockFlow {dd} at (40,220) size 760x20 [bgcolor=#00FF00]
        LayoutText {#text} at (0,0) size 322x19
          text run at (0,0) width 322: "Sixth definition that should have green background"
