layer at (0,0) size 800x600
  LayoutView at (0,0) size 800x600
layer at (0,0) size 800x92
  LayoutBlockFlow {test} at (0,0) size 800x92
    LayoutBlockFlow {p} at (0,16) size 800x20 [color=#FFFFFF] [bgcolor=#008000]
      LayoutText {#text} at (0,0) size 163x19
        text run at (0,0) width 163: "This line should be green."
    LayoutBlockFlow {div} at (0,52) size 800x20 [color=#FFFFFF] [bgcolor=#008000]
      LayoutText {#text} at (0,0) size 163x19
        text run at (0,0) width 163: "This line should be green."
    LayoutBlockFlow {address} at (0,72) size 800x20 [color=#FFFFFF] [bgcolor=#008000]
      LayoutText {#text} at (0,0) size 162x19
        text run at (0,0) width 162: "This line should be green."
