layer at (0,0) size 800x600
  LayoutView at (0,0) size 800x600
layer at (0,0) size 800x108
  LayoutBlockFlow {test} at (0,0) size 800x108
    LayoutBlockFlow {div} at (0,0) size 800x92
      LayoutBlockFlow {q} at (0,0) size 800x20
        LayoutText {#text} at (0,0) size 230x19
          text run at (0,0) width 230: "This a:q element should be unstyled."
      LayoutBlockFlow {p} at (0,36) size 800x20 [bgcolor=#00FF00]
        LayoutText {#text} at (0,0) size 308x19
          text run at (0,0) width 308: "This paragraph should have a green background."
      LayoutBlockFlow {r} at (0,72) size 800x20 [bgcolor=#00FF00]
        LayoutText {#text} at (0,0) size 315x19
          text run at (0,0) width 315: "This b:r element should have a green background."
