layer at (0,0) size 800x600
  LayoutView at (0,0) size 800x600
layer at (0,0) size 800x114
  LayoutBlockFlow {test} at (0,0) size 800x114
    LayoutBlockFlow {p} at (0,16) size 800x20 [bgcolor=#00FF00]
      LayoutText {#text} at (0,0) size 268x19
        text run at (0,0) width 268: "This line should have a green background."
    LayoutBlockFlow {p} at (0,52) size 800x20 [bgcolor=#00FF00]
      LayoutText {#text} at (0,0) size 696x19
        text run at (0,0) width 696: "UAs may render the following element as a pop up menu. If so, please ensure the menu is unstyled (or green). "
      LayoutMenuList {select} at (696,0) size 97x20 [border: (1px solid #A9A9A9)]
        LayoutBlockFlow (anonymous) at (1,1) size 95x18
          LayoutText (anonymous) at (4,1) size 67x16
            text run at (4,1) width 67: "This should"
      LayoutText {#text} at (0,0) size 0x0
    LayoutTable {table} at (0,88) size 429x26 [bgcolor=#00FF00]
      LayoutTableSection (anonymous) at (0,0) size 429x26
        LayoutTableRow {tr} at (0,2) size 429x22
          LayoutTableCell {td} at (2,2) size 425x22 [r=0 c=0 rs=1 cs=1]
            LayoutText {#text} at (1,1) size 423x19
              text run at (1,1) width 423: "This line should have a green background (or it might be unstyled)."
