layer at (0,0) size 800x600
  LayoutView at (0,0) size 800x600
layer at (0,0) size 800x196
  LayoutBlockFlow {test} at (0,0) size 800x196
    LayoutBlockFlow {div} at (0,16) size 800x164
      LayoutBlockFlow {p} at (0,0) size 800x20 [bgcolor=#00FF00]
        LayoutText {#text} at (0,0) size 264x19
          text run at (0,0) width 105: "This line should "
          text run at (105,0) width 159: "have a green background"
      LayoutBlockFlow {p} at (0,36) size 800x20 [bgcolor=#00FF00]
        LayoutText {#text} at (0,0) size 264x19
          text run at (0,0) width 264: "This line should have a green background"
      LayoutBlockFlow {q} at (0,72) size 800x20 [bgcolor=#00FF00]
        LayoutText {#text} at (0,0) size 264x19
          text run at (0,0) width 264: "This line should have a green background"
      LayoutBlockFlow {p} at (0,108) size 800x20 [bgcolor=#00FF00]
        LayoutText {#text} at (0,0) size 264x19
          text run at (0,0) width 264: "This line should have a green background"
      LayoutBlockFlow {foo} at (0,144) size 800x20 [bgcolor=#00FF00]
        LayoutText {#text} at (0,0) size 264x19
          text run at (0,0) width 264: "This line should have a green background"
