layer at (0,0) size 800x600
  LayoutView at (0,0) size 800x600
layer at (0,0) size 800x132
  LayoutBlockFlow {test} at (0,0) size 800x132
    LayoutBlockFlow {p} at (0,16) size 800x100
      LayoutText {#text} at (0,0) size 800x99
        text run at (0,0) width 254: "This very long paragraph should have a "
        text run at (254,0) width 491: "first line with green background. This very long paragraph should have a first "
        text run at (745,0) width 55: "line with"
        text run at (0,20) width 122: "green background. "
        text run at (122,20) width 309: "This very long paragraph should have a first line "
        text run at (431,20) width 359: "with green background. This very long paragraph should"
        text run at (0,40) width 132: "have a first line with "
        text run at (132,40) width 502: "green background. This very long paragraph should have a first line with green "
        text run at (634,40) width 143: "background. This very"
        text run at (0,60) width 399: "long paragraph should have a first line with green background. "
        text run at (399,60) width 376: "This very long paragraph should have a first line with green"
        text run at (0,80) width 79: "background."
