layer at (0,0) size 800x600
  LayoutView at (0,0) size 800x600
layer at (0,0) size 800x160
  LayoutBlockFlow {test} at (0,0) size 800x160
    LayoutBlockFlow {div} at (0,16) size 800x128
      LayoutBlockFlow {p} at (0,0) size 800x20 [bgcolor=#00FF00]
        LayoutText {#text} at (0,0) size 304x19
          text run at (0,0) width 304: "This paragraph should have a green background"
      LayoutBlockFlow {p} at (0,36) size 800x20 [bgcolor=#00FF00]
        LayoutText {#text} at (0,0) size 304x19
          text run at (0,0) width 304: "This paragraph should have a green background"
      LayoutBlockFlow {l} at (0,72) size 800x20 [bgcolor=#00FF00]
        LayoutInline {p} at (0,0) size 304x19
          LayoutText {#text} at (0,0) size 304x19
            text run at (0,0) width 190: "This paragraph should have a "
            text run at (190,0) width 114: "green background"
        LayoutText {#text} at (0,0) size 0x0
      LayoutBlockFlow {p} at (0,108) size 800x20 [bgcolor=#00FF00]
        LayoutText {#text} at (0,0) size 304x19
          text run at (0,0) width 304: "This paragraph should have a green background"
