layer at (0,0) size 800x600
  LayoutView at (0,0) size 800x600
layer at (0,0) size 800x20
  LayoutBlockFlow {test} at (0,0) size 800x20
    LayoutBlockFlow {div} at (0,0) size 800x20
      LayoutInline {a} at (0,0) size 284x19 [color=#0000EE] [bgcolor=#00FF00]
        LayoutText {#text} at (0,0) size 284x19
          text run at (0,0) width 284: "This anchor should have a green background"
      LayoutText {#text} at (284,0) size 152x19
        text run at (284,0) width 152: " (Don't follow this link.)"
