layer at (0,0) size 800x600
  LayoutView at (0,0) size 800x600
layer at (0,0) size 800x196
  LayoutBlockFlow {test} at (0,0) size 800x196
    LayoutBlockFlow {div} at (0,16) size 800x164
      LayoutBlockFlow {p} at (0,0) size 800x20 [bgcolor=#00FF00]
        LayoutText {#text} at (0,0) size 308x19
          text run at (0,0) width 308: "This paragraph should have a green background."
      LayoutBlockFlow {p} at (0,36) size 800x20
        LayoutText {#text} at (0,0) size 202x19
          text run at (0,0) width 202: "But this one should be unstyled."
      LayoutBlockFlow {p} at (0,72) size 800x20
        LayoutText {#text} at (0,0) size 236x19
          text run at (0,0) width 236: "And this one should also be unstyled."
      LayoutBlockFlow {address} at (0,108) size 800x20 [bgcolor=#00FF00]
        LayoutText {#text} at (0,0) size 671x19
          text run at (0,0) width 671: "This address is only here to fill some space between two paragraphs and should have a green background."
      LayoutBlockFlow {p} at (0,144) size 800x20 [bgcolor=#00FF00]
        LayoutText {#text} at (0,0) size 332x19
          text run at (0,0) width 332: "This paragraph should have a green background too."
