layer at (0,0) size 800x600
  LayoutView at (0,0) size 800x600
layer at (0,0) size 800x196
  LayoutBlockFlow {test} at (0,0) size 800x196
    LayoutBlockFlow {p} at (0,16) size 800x20
      LayoutText {#text} at (0,0) size 181x19
        text run at (0,0) width 181: "This line should be unstyled."
    LayoutBlockFlow {p} at (0,52) size 800x20 [bgcolor=#00FF00]
      LayoutText {#text} at (0,0) size 268x19
        text run at (0,0) width 268: "This line should have a green background."
    LayoutBlockFlow {q} at (0,88) size 800x20 [bgcolor=#00FF00]
      LayoutText {#text} at (0,0) size 268x19
        text run at (0,0) width 268: "This line should have a green background."
    LayoutBlockFlow {p} at (0,124) size 800x20
      LayoutText {#text} at (0,0) size 188x19
        text run at (0,0) width 188: "This line should be unstyleed."
    LayoutBlockFlow {p} at (0,160) size 800x20 [bgcolor=#00FF00]
      LayoutText {#text} at (0,0) size 268x19
        text run at (0,0) width 268: "This line should have a green background."
