layer at (0,0) size 800x600
  LayoutView at (0,0) size 800x600
layer at (0,0) size 800x134
  LayoutBlockFlow {test} at (0,0) size 800x134
    LayoutBlockFlow {div} at (0,0) size 800x82
      LayoutTable {table} at (0,0) size 123x82 [border: (1px outset #808080)]
        LayoutTableSection (anonymous) at (1,1) size 121x80
          LayoutTableRow {tr} at (0,2) size 121x24
            LayoutTableCell {td} at (2,2) size 65x24 [bgcolor=#00FF00] [border: (1px inset #808080)] [r=0 c=0 rs=1 cs=1]
              LayoutText {#text} at (2,2) size 61x19
                text run at (2,2) width 61: "green cell"
            LayoutTableCell {td} at (69,2) size 24x24 [border: (1px inset #808080)] [r=0 c=1 rs=1 cs=1]
              LayoutText {#text} at (2,2) size 20x19
                text run at (2,2) width 20: "1.2"
            LayoutTableCell {td} at (95,2) size 24x24 [border: (1px inset #808080)] [r=0 c=2 rs=1 cs=1]
              LayoutText {#text} at (2,2) size 20x19
                text run at (2,2) width 20: "1.3"
          LayoutTableRow {tr} at (0,28) size 121x24
            LayoutTableCell {td} at (2,28) size 65x24 [bgcolor=#00FF00] [border: (1px inset #808080)] [r=1 c=0 rs=1 cs=1]
              LayoutText {#text} at (2,2) size 61x19
                text run at (2,2) width 61: "green cell"
            LayoutTableCell {td} at (69,28) size 24x24 [border: (1px inset #808080)] [r=1 c=1 rs=1 cs=1]
              LayoutText {#text} at (2,2) size 20x19
                text run at (2,2) width 20: "2.2"
            LayoutTableCell {td} at (95,28) size 24x24 [border: (1px inset #808080)] [r=1 c=2 rs=1 cs=1]
              LayoutText {#text} at (2,2) size 20x19
                text run at (2,2) width 20: "2.3"
          LayoutTableRow {tr} at (0,54) size 121x24
            LayoutTableCell {td} at (2,54) size 65x24 [bgcolor=#00FF00] [border: (1px inset #808080)] [r=2 c=0 rs=1 cs=1]
              LayoutText {#text} at (2,2) size 61x19
                text run at (2,2) width 61: "green cell"
            LayoutTableCell {td} at (69,54) size 24x24 [border: (1px inset #808080)] [r=2 c=1 rs=1 cs=1]
              LayoutText {#text} at (2,2) size 20x19
                text run at (2,2) width 20: "3.2"
            LayoutTableCell {td} at (95,54) size 24x24 [border: (1px inset #808080)] [r=2 c=2 rs=1 cs=1]
              LayoutText {#text} at (2,2) size 20x19
                text run at (2,2) width 20: "3.3"
    LayoutBlockFlow {p} at (0,98) size 800x20
      LayoutText {#text} at (0,0) size 219x19
        text run at (0,0) width 219: "This paragraph contains some text "
      LayoutInline {span} at (0,0) size 303x19 [bgcolor=#00FF00]
        LayoutText {#text} at (219,0) size 303x19
          text run at (219,0) width 303: "and a span that should have a green background"
      LayoutText {#text} at (0,0) size 0x0
