layer at (0,0) size 800x600
  LayoutView at (0,0) size 800x600
layer at (0,0) size 800x144
  LayoutBlockFlow {test} at (0,0) size 800x144
    LayoutBlockFlow {blockquote} at (40,16) size 720x20
      LayoutBlockFlow {div} at (0,0) size 720x20
        LayoutText {#text} at (0,0) size 181x19
          text run at (0,0) width 181: "This text should be unstyled."
    LayoutBlockFlow {div} at (0,52) size 800x20
      LayoutText {#text} at (0,0) size 181x19
        text run at (0,0) width 181: "This text should be unstyled."
    LayoutBlockFlow {div} at (0,72) size 800x20
      LayoutText {#text} at (0,0) size 181x19
        text run at (0,0) width 181: "This text should be unstyled."
    LayoutBlockFlow {p} at (0,108) size 800x20 [color=#008000]
      LayoutText {#text} at (0,0) size 163x19
        text run at (0,0) width 163: "This text should be green."
