layer at (0,0) size 800x600
  LayoutView at (0,0) size 800x600
layer at (0,0) size 800x146
  LayoutBlockFlow {test} at (0,0) size 800x146
    LayoutBlockFlow {div} at (0,16) size 800x56
      LayoutBlockFlow {p} at (0,0) size 800x20
        LayoutText {#text} at (0,0) size 221x19
          text run at (0,0) width 221: "This paragraph should be unstyled."
      LayoutBlockFlow {div} at (0,36) size 800x20
        LayoutBlockFlow {p} at (0,0) size 800x20
          LayoutText {#text} at (0,0) size 221x19
            text run at (0,0) width 221: "This paragraph should be unstyled."
    LayoutTable {table} at (0,88) size 314x58
      LayoutTableSection {tbody} at (0,0) size 314x58
        LayoutTableRow {tr} at (0,2) size 314x54
          LayoutTableCell {td} at (2,2) size 310x54 [r=0 c=0 rs=1 cs=1]
            LayoutBlockFlow {p} at (1,17) size 308x20 [bgcolor=#00FF00]
              LayoutText {#text} at (0,0) size 308x19
                text run at (0,0) width 308: "This paragraph should have a green background."
