layer at (0,0) size 800x600
  LayoutView at (0,0) size 800x600
layer at (0,0) size 800x184
  LayoutBlockFlow {test} at (0,0) size 800x184
    LayoutBlockFlow {p} at (0,16) size 800x40 [bgcolor=#FFFFFF]
      LayoutText {#text} at (0,0) size 747x19
        text run at (0,0) width 225: "This paragraph should be unstyled. "
        text run at (225,0) width 449: "The background of the following paragraph should become blue when "
        text run at (674,0) width 73: "you follow "
      LayoutInline {a} at (0,0) size 769x39 [color=#0000EE]
        LayoutText {#text} at (747,0) size 769x39
          text run at (747,0) width 22: "this"
          text run at (0,20) width 24: "link"
      LayoutText {#text} at (24,20) size 4x19
        text run at (24,20) width 4: "."
    LayoutBlockFlow {p} at (0,72) size 800x40 [bgcolor=#FFFFFF]
      LayoutText {#text} at (0,0) size 731x19
        text run at (0,0) width 276: "This paragraph should initially be unstyled. "
        text run at (276,0) width 455: "It should become blue when you select the link above. When you select "
      LayoutInline {a} at (0,0) size 50x19 [color=#0000EE]
        LayoutText {#text} at (731,0) size 50x19
          text run at (731,0) width 50: "this link"
      LayoutText {#text} at (781,0) size 797x39
        text run at (781,0) width 16: ", it"
        text run at (0,20) width 249: "should return to being unstyled and the "
        text run at (249,20) width 359: "background of the paragraph below should become blue."
    LayoutBlockFlow {p} at (0,128) size 800x40 [bgcolor=#FFFFFF]
      LayoutText {#text} at (0,0) size 737x19
        text run at (0,0) width 276: "This paragraph should initially be unstyled. "
        text run at (276,0) width 461: "It should become blue when you select the link above. When you follow "
      LayoutInline {a} at (0,0) size 50x19 [color=#0000EE]
        LayoutText {#text} at (737,0) size 50x19
          text run at (737,0) width 50: "this link"
      LayoutText {#text} at (787,0) size 791x39
        text run at (787,0) width 4: ","
        text run at (0,20) width 131: "the three paragraphs "
        text run at (131,20) width 218: "should all return to being unstyled."
