layer at (0,0) size 800x600
  LayoutView at (0,0) size 800x600
layer at (0,0) size 800x144
  LayoutBlockFlow {test} at (0,0) size 800x144
    LayoutBlockFlow {div} at (0,0) size 800x128
      LayoutBlockFlow {address} at (0,0) size 800x20 [bgcolor=#00FF00]
        LayoutText {#text} at (0,0) size 289x19
          text run at (0,0) width 289: "This address should have a green background"
      LayoutBlockFlow {s} at (0,36) size 800x20 [bgcolor=#00FF00]
        LayoutText {#text} at (0,0) size 304x19
          text run at (0,0) width 304: "This paragraph should have a green background"
      LayoutBlockFlow {t} at (0,72) size 800x20 [bgcolor=#00FF00]
        LayoutText {#text} at (0,0) size 304x19
          text run at (0,0) width 304: "This paragraph should have a green background"
      LayoutBlockFlow {u} at (0,108) size 800x20 [bgcolor=#00FF00]
        LayoutText {#text} at (0,0) size 304x19
          text run at (0,0) width 304: "This paragraph should have a green background"
