layer at (0,0) size 800x600
  LayoutView at (0,0) size 800x600
layer at (0,0) size 800x168
  LayoutBlockFlow {test} at (0,0) size 800x168
    LayoutBlockFlow {div} at (0,16) size 800x94
      LayoutBlockFlow {p} at (0,0) size 800x20 [bgcolor=#00FF00]
        LayoutText {#text} at (0,0) size 304x19
          text run at (0,0) width 304: "This paragraph should have a green background"
      LayoutTable {table} at (0,36) size 310x58
        LayoutTableSection {tbody} at (0,0) size 310x58
          LayoutTableRow {tr} at (0,2) size 310x54
            LayoutTableCell {td} at (2,2) size 306x54 [r=0 c=0 rs=1 cs=1]
              LayoutBlockFlow {p} at (1,17) size 304x20 [bgcolor=#00FF00]
                LayoutText {#text} at (0,0) size 304x19
                  text run at (0,0) width 304: "This paragraph should have a green background"
    LayoutTable {table} at (0,110) size 227x58
      LayoutTableSection {tbody} at (0,0) size 227x58
        LayoutTableRow {tr} at (0,2) size 227x54
          LayoutTableCell {td} at (2,2) size 223x54 [r=0 c=0 rs=1 cs=1]
            LayoutBlockFlow {p} at (1,17) size 221x20
              LayoutText {#text} at (0,0) size 221x19
                text run at (0,0) width 221: "This paragraph should be unstyled."
