layer at (0,0) size 800x600
  LayoutView at (0,0) size 800x600
layer at (0,0) size 800x184
  LayoutBlockFlow {test} at (0,0) size 800x184
    LayoutBlockFlow {p} at (0,16) size 800x40
      LayoutText {#text} at (0,0) size 755x19
        text run at (0,0) width 225: "This paragraph should be unstyled. "
        text run at (225,0) width 457: "The background of the following paragraph should become green when "
        text run at (682,0) width 73: "you follow "
      LayoutInline {a} at (0,0) size 777x39 [color=#0000EE]
        LayoutText {#text} at (755,0) size 777x39
          text run at (755,0) width 22: "this"
          text run at (0,20) width 24: "link"
      LayoutText {#text} at (24,20) size 4x19
        text run at (24,20) width 4: "."
    LayoutBlockFlow {p} at (0,72) size 800x40
      LayoutText {#text} at (0,0) size 739x19
        text run at (0,0) width 276: "This paragraph should initially be unstyled. "
        text run at (276,0) width 463: "It should become green when you select the link above. When you select "
      LayoutInline {a} at (0,0) size 50x19 [color=#0000EE]
        LayoutText {#text} at (739,0) size 50x19
          text run at (739,0) width 50: "this link"
      LayoutText {#text} at (789,0) size 793x39
        text run at (789,0) width 4: ","
        text run at (0,20) width 261: "it should return to being unstyled and the "
        text run at (261,20) width 367: "background of the paragraph below should become green."
    LayoutBlockFlow {p} at (0,128) size 800x40
      LayoutText {#text} at (0,0) size 745x19
        text run at (0,0) width 276: "This paragraph should initially be unstyled. "
        text run at (276,0) width 469: "It should become green when you select the link above. When you follow "
      LayoutInline {a} at (0,0) size 50x19 [color=#0000EE]
        LayoutText {#text} at (745,0) size 50x19
          text run at (745,0) width 50: "this link"
      LayoutText {#text} at (795,0) size 799x39
        text run at (795,0) width 4: ","
        text run at (0,20) width 131: "the three paragraphs "
        text run at (131,20) width 218: "should all return to being unstyled."
