layer at (0,0) size 800x600
  LayoutView at (0,0) size 800x600
layer at (0,0) size 800x600
  LayoutBlockFlow {HTML} at (0,0) size 800x600
    LayoutBlockFlow {BODY} at (8,8) size 784x584
      LayoutBlockFlow {P} at (0,0) size 784x20
        LayoutText {#text} at (0,0) size 50x19
          text run at (0,0) width 50: "Test for "
        LayoutInline {I} at (0,0) size 712x19
          LayoutInline {A} at (0,0) size 304x19 [color=#0000EE]
            LayoutText {#text} at (50,0) size 304x19
              text run at (50,0) width 304: "http://bugs.webkit.org/show_bug.cgi?id=13800"
          LayoutText {#text} at (354,0) size 408x19
            text run at (354,0) width 4: " "
            text run at (358,0) width 404: "REGRESSION: Moving a slider moves another unrelated slider"
        LayoutText {#text} at (762,0) size 4x19
          text run at (762,0) width 4: "."
      LayoutBlockFlow {P} at (0,36) size 784x20
        LayoutText {#text} at (0,0) size 266x19
          text run at (0,0) width 266: "The first slider\x{2019}s thumb should be on the left."
      LayoutBlockFlow {DIV} at (0,72) size 784x50
        LayoutSlider {INPUT} at (2,2) size 129x21 [color=#C4C4C4] [bgcolor=#FFFFFF]
          LayoutFlexibleBox {DIV} at (0,0) size 129x21
            LayoutBlockFlow {DIV} at (0,0) size 129x21
              LayoutBlockFlow {DIV} at (0,0) size 11x21
        LayoutBR {BR} at (133,23) size 0x0
        LayoutSlider {INPUT} at (2,27) size 129x21 [color=#C4C4C4] [bgcolor=#FFFFFF]
          LayoutFlexibleBox {DIV} at (0,0) size 129x21
            LayoutBlockFlow {DIV} at (0,0) size 129x21
              LayoutBlockFlow {DIV} at (118,0) size 11x21
        LayoutText {#text} at (0,0) size 0x0
