layer at (0,0) size 800x600
  LayoutView at (0,0) size 800x600
layer at (0,0) size 800x430
  LayoutBlockFlow {HTML} at (0,0) size 800x430
    LayoutBlockFlow {BODY} at (8,16) size 784x406
      LayoutBlockFlow {P} at (0,0) size 784x18
        LayoutText {#text} at (0,0) size 467x18
          text run at (0,0) width 467: "Test overflow clipping of composited elements in various configurations."
      LayoutBlockFlow (anonymous) at (0,34) size 784x372
        LayoutText {#text} at (182,168) size 4x18
          text run at (182,168) width 4: " "
        LayoutText {#text} at (368,168) size 4x18
          text run at (368,168) width 4: " "
        LayoutText {#text} at (554,168) size 4x18
          text run at (554,168) width 4: " "
        LayoutBR {BR} at (0,0) size 0x0
        LayoutText {#text} at (182,354) size 4x18
          text run at (182,354) width 4: " "
        LayoutText {#text} at (368,354) size 4x18
          text run at (368,354) width 4: " "
        LayoutText {#text} at (0,0) size 0x0
layer at (28,70) size 142x142 clip at (29,71) size 140x140 scrollHeight 171
  LayoutBlockFlow {DIV} at (20,20) size 142x142 [border: (1px solid #000000)]
    LayoutBlockFlow {DIV} at (11,11) size 122x122 [border: (1px solid #0000FF)]
layer at (214,70) size 142x142 clip at (215,71) size 140x140
  LayoutBlockFlow {DIV} at (206,20) size 142x142 [border: (1px solid #000000)]
layer at (28,256) size 142x142 clip at (29,257) size 140x140 scrollHeight 171
  LayoutBlockFlow {DIV} at (20,206) size 142x142 [border: (1px solid #000000)]
    LayoutBlockFlow {DIV} at (11,11) size 122x122 [border: (1px solid #0000FF)]
layer at (214,256) size 142x142 clip at (215,257) size 140x140
  LayoutBlockFlow {DIV} at (206,206) size 142x142 [border: (1px solid #000000)]
layer at (50,92) size 100x150 backgroundClip at (29,71) size 140x140 clip at (29,71) size 140x140
  LayoutBlockFlow {DIV} at (11,11) size 100x150 [bgcolor=#808080]
layer at (225,81) size 122x122
  LayoutBlockFlow (positioned) {DIV} at (225,81) size 122x122 [border: (1px solid #0000FF)]
layer at (236,92) size 100x150
  LayoutBlockFlow {DIV} at (11,11) size 100x150 [bgcolor=#808080]
layer at (400,70) size 142x142 clip at (401,71) size 140x140 scrollHeight 171
  LayoutBlockFlow (relative positioned) {DIV} at (392,20) size 142x142 [border: (1px solid #000000)]
layer at (411,81) size 122x122
  LayoutBlockFlow (positioned) {DIV} at (11,11) size 122x122 [border: (1px solid #0000FF)]
layer at (422,92) size 100x150 backgroundClip at (401,71) size 140x140 clip at (401,71) size 140x140
  LayoutBlockFlow {DIV} at (11,11) size 100x150 [bgcolor=#808080]
layer at (50,278) size 100x150 backgroundClip at (29,257) size 140x140 clip at (29,257) size 140x140
  LayoutBlockFlow {DIV} at (11,11) size 100x150 [bgcolor=#808080]
layer at (225,267) size 122x122
  LayoutBlockFlow (positioned) {DIV} at (225,267) size 122x122 [border: (1px solid #0000FF)]
layer at (236,278) size 100x150
  LayoutBlockFlow {DIV} at (11,11) size 100x150 [bgcolor=#808080]
layer at (400,256) size 142x142 clip at (401,257) size 140x140 scrollHeight 171
  LayoutBlockFlow (relative positioned) {DIV} at (392,206) size 142x142 [border: (1px solid #000000)]
layer at (411,267) size 122x122
  LayoutBlockFlow (positioned) {DIV} at (11,11) size 122x122 [border: (1px solid #0000FF)]
layer at (422,278) size 100x150 backgroundClip at (401,257) size 140x140 clip at (401,257) size 140x140
  LayoutBlockFlow {DIV} at (11,11) size 100x150 [bgcolor=#808080]
