layer at (0,0) size 800x600
  LayoutView at (0,0) size 800x600
layer at (0,0) size 800x270
  LayoutBlockFlow {HTML} at (0,0) size 800x270
    LayoutBlockFlow {BODY} at (8,16) size 784x246
      LayoutBlockFlow {P} at (0,0) size 784x18
        LayoutText {#text} at (0,0) size 534x18
          text run at (0,0) width 534: "Testing masks on compositing layers. Left and right columns should look the same."
      LayoutBlockFlow (anonymous) at (0,34) size 784x212
        LayoutText {#text} at (208,194) size 4x18
          text run at (208,194) width 4: " "
        LayoutText {#text} at (0,0) size 0x0
layer at (8,50) size 208x208 clip at (12,54) size 200x200 scrollWidth 225 scrollHeight 225
  LayoutBlockFlow (relative positioned) {DIV} at (0,0) size 208x208 [bgcolor=#0000FF] [border: (4px solid #FF0000)]
layer at (187,229) size 50x50 backgroundClip at (12,54) size 200x200 clip at (12,54) size 200x200
  LayoutBlockFlow (positioned) {DIV} at (179,179) size 50x50 [bgcolor=#000000]
layer at (270,50) size 208x208 clip at (274,54) size 200x200 scrollWidth 225 scrollHeight 225
  LayoutBlockFlow (relative positioned) {DIV} at (212,0) size 208x208 [bgcolor=#0000FF] [border: (4px solid #FF0000)]
layer at (449,229) size 50x50 backgroundClip at (274,54) size 200x200 clip at (274,54) size 200x200
  LayoutBlockFlow (positioned) {DIV} at (179,179) size 50x50 [bgcolor=#000000]
