layer at (0,0) size 800x600
  LayoutView at (0,0) size 800x600
layer at (0,0) size 800x452
  LayoutBlockFlow {HTML} at (0,0) size 800x452
    LayoutBlockFlow {BODY} at (8,8) size 784x436
      LayoutBlockFlow (anonymous) at (0,0) size 784x36
        LayoutText {#text} at (0,0) size 747x36
          text run at (0,0) width 747: "This tests that border-radius is applied with composited scrolling. If the top-left corner is rounded and nothing paints"
          text run at (0,18) width 324: "outside of the rounded-corner clip, this test passes."
layer at (8,44) size 400x400 clip at (8,44) size 385x385 scrollWidth 500 scrollHeight 700
  LayoutBlockFlow {DIV} at (0,36) size 400x400 [bgcolor=#0000FF]
    LayoutBlockFlow {DIV} at (0,0) size 100x100 [bgcolor=#008000]
    LayoutBlockFlow {DIV} at (0,600) size 100x100 [bgcolor=#008000]
layer at (8,144) size 500x500 backgroundClip at (8,144) size 385x285 clip at (8,144) size 385x285
  LayoutBlockFlow {DIV} at (0,100) size 500x500 [bgcolor=#FFFF00]
layer at (8,394) size 100x100 backgroundClip at (8,144) size 385x285 clip at (8,144) size 385x285
  LayoutBlockFlow (relative positioned) {DIV} at (0,0) size 100x100 [bgcolor=#008000]
