layer at (0,0) size 800x600
  LayoutView at (0,0) size 800x600
layer at (0,0) size 800x436
  LayoutBlockFlow {HTML} at (0,0) size 800x436
    LayoutBlockFlow {BODY} at (100,100) size 600x236
      LayoutBlockFlow {P} at (0,0) size 600x18
        LayoutText {#text} at (0,0) size 479x18
          text run at (0,0) width 479: "Things should not jump around when the green square starts the transition."
layer at (100,134) size 202x202 clip at (101,135) size 200x200
  LayoutBlockFlow (relative positioned) {DIV} at (0,34) size 202x202 [border: (1px solid #000000)]
layer at (101,135) size 200x100
  LayoutBlockFlow (relative positioned) {DIV} at (1,1) size 200x100 [bgcolor=#80800033]
layer at (-99,135) size 150x100 backgroundClip at (101,135) size 200x200 clip at (101,135) size 200x200
  LayoutBlockFlow (positioned) {DIV} at (-200,0) size 150x100 [bgcolor=#0000FF]
layer at (101,135) size 150x150
  LayoutBlockFlow (positioned) {DIV} at (1,1) size 150x150 [bgcolor=#008000]
