layer at (0,0) size 800x600
  LayoutView at (0,0) size 800x600
layer at (0,0) size 800x270
  LayoutBlockFlow {HTML} at (0,0) size 800x270
    LayoutBlockFlow {BODY} at (8,16) size 784x244
      LayoutBlockFlow {P} at (0,0) size 784x18
        LayoutText {#text} at (0,0) size 484x18
          text run at (0,0) width 484: "You should see scrollbars on the gray square, and a resizer control below it."
layer at (18,50) size 100x100 clip at (18,50) size 85x85 scrollWidth 500 scrollHeight 500
  LayoutBlockFlow (relative positioned) {DIV} at (10,34) size 100x100
layer at (18,50) size 500x500 backgroundClip at (18,50) size 85x85 clip at (18,50) size 85x85
  LayoutBlockFlow {DIV} at (0,0) size 500x500 [bgcolor=#808080]
layer at (18,160) size 100x100
  LayoutBlockFlow {DIV} at (10,144) size 100x100
