layer at (0,0) size 800x600
  LayoutView at (0,0) size 800x600
layer at (0,0) size 800x37
  LayoutBlockFlow {HTML} at (0,0) size 800x37
    LayoutBlockFlow {BODY} at (8,8) size 784x21
layer at (8,8) size 784x21
  LayoutBlockFlow {DIV} at (0,0) size 784x21
    LayoutText {#text} at (20,2) size 5x18
      text run at (20,2) width 5: " "
    LayoutBlockFlow {SPAN} at (24.78,16) size 20x0
    LayoutText {#text} at (44,2) size 5x18
      text run at (44,2) width 5: " "
    LayoutText {#text} at (0,0) size 0x0
layer at (11,11) size 15x15
  LayoutBlockFlow (relative positioned) {INPUT} at (2.89,3) size 15x15
layer at (60,11) size 15x15
  LayoutBlockFlow (relative positioned) {INPUT} at (51.67,3) size 15x15
