layer at (0,0) size 800x600
  LayoutView at (0,0) size 800x600
layer at (0,0) size 800x524
  LayoutBlockFlow {HTML} at (0,0) size 800x524
    LayoutBlockFlow {BODY} at (8,8) size 784x508
      LayoutText {#text} at (0,0) size 0x0
layer at (8,8) size 504x504
  LayoutIFrame {IFRAME} at (0,0) size 504x504 [border: (2px solid #000000)]
    layer at (0,0) size 500x500
      LayoutView at (0,0) size 500x500
    layer at (0,0) size 500x318
      LayoutBlockFlow {HTML} at (0,0) size 500x318
        LayoutBlockFlow {BODY} at (8,8) size 484x302
    layer at (8,8) size 484x302 clip at (9,9) size 467x300 scrollY 500.00 scrollHeight 908
      LayoutBlockFlow {DIV} at (0,0) size 484x302 [border: (1px solid #000000)]
        LayoutText {#text} at (0,0) size 0x0
    layer at (9,-491) size 304x904 backgroundClip at (9,9) size 467x300 clip at (9,9) size 467x300
      LayoutIFrame {IFRAME} at (1,1) size 304x904 [border: (2px inset #EEEEEE)]
        layer at (0,0) size 300x900
          LayoutView at (0,0) size 300x900
        layer at (0,0) size 300x701
          LayoutBlockFlow {HTML} at (0,0) size 300x701
            LayoutBlockFlow {BODY} at (8,8) size 284x685
              LayoutMenuList {SELECT} at (5,0) size 38x18 [bgcolor=#F8F8F8]
                LayoutBlockFlow (anonymous) at (0,0) size 38x18
                  LayoutText (anonymous) at (8,2) size 7x13
                    text run at (8,2) width 7: "0"
              LayoutMenuList {SELECT} at (5,23) size 38x18 [bgcolor=#F8F8F8]
                LayoutBlockFlow (anonymous) at (0,0) size 38x18
                  LayoutText (anonymous) at (8,2) size 7x13
                    text run at (8,2) width 7: "0"
              LayoutMenuList {SELECT} at (5,46) size 38x18 [bgcolor=#F8F8F8]
                LayoutBlockFlow (anonymous) at (0,0) size 38x18
                  LayoutText (anonymous) at (8,2) size 7x13
                    text run at (8,2) width 7: "0"
              LayoutMenuList {SELECT} at (5,69) size 38x18 [bgcolor=#F8F8F8]
                LayoutBlockFlow (anonymous) at (0,0) size 38x18
                  LayoutText (anonymous) at (8,2) size 7x13
                    text run at (8,2) width 7: "0"
              LayoutMenuList {SELECT} at (5,92) size 38x18 [bgcolor=#F8F8F8]
                LayoutBlockFlow (anonymous) at (0,0) size 38x18
                  LayoutText (anonymous) at (8,2) size 7x13
                    text run at (8,2) width 7: "0"
              LayoutMenuList {SELECT} at (5,115) size 38x18 [bgcolor=#F8F8F8]
                LayoutBlockFlow (anonymous) at (0,0) size 38x18
                  LayoutText (anonymous) at (8,2) size 7x13
                    text run at (8,2) width 7: "0"
              LayoutMenuList {SELECT} at (5,138) size 38x18 [bgcolor=#F8F8F8]
                LayoutBlockFlow (anonymous) at (0,0) size 38x18
                  LayoutText (anonymous) at (8,2) size 7x13
                    text run at (8,2) width 7: "0"
              LayoutMenuList {SELECT} at (5,161) size 38x18 [bgcolor=#F8F8F8]
                LayoutBlockFlow (anonymous) at (0,0) size 38x18
                  LayoutText (anonymous) at (8,2) size 7x13
                    text run at (8,2) width 7: "0"
              LayoutMenuList {SELECT} at (5,184) size 38x18 [bgcolor=#F8F8F8]
                LayoutBlockFlow (anonymous) at (0,0) size 38x18
                  LayoutText (anonymous) at (8,2) size 7x13
                    text run at (8,2) width 7: "0"
              LayoutMenuList {SELECT} at (5,207) size 38x18 [bgcolor=#F8F8F8]
                LayoutBlockFlow (anonymous) at (0,0) size 38x18
                  LayoutText (anonymous) at (8,2) size 7x13
                    text run at (8,2) width 7: "0"
              LayoutMenuList {SELECT} at (5,230) size 38x18 [bgcolor=#F8F8F8]
                LayoutBlockFlow (anonymous) at (0,0) size 38x18
                  LayoutText (anonymous) at (8,2) size 7x13
                    text run at (8,2) width 7: "0"
              LayoutMenuList {SELECT} at (5,253) size 38x18 [bgcolor=#F8F8F8]
                LayoutBlockFlow (anonymous) at (0,0) size 38x18
                  LayoutText (anonymous) at (8,2) size 7x13
                    text run at (8,2) width 7: "0"
              LayoutMenuList {SELECT} at (5,276) size 38x18 [bgcolor=#F8F8F8]
                LayoutBlockFlow (anonymous) at (0,0) size 38x18
                  LayoutText (anonymous) at (8,2) size 7x13
                    text run at (8,2) width 7: "0"
              LayoutMenuList {SELECT} at (5,299) size 38x18 [bgcolor=#F8F8F8]
                LayoutBlockFlow (anonymous) at (0,0) size 38x18
                  LayoutText (anonymous) at (8,2) size 7x13
                    text run at (8,2) width 7: "0"
              LayoutMenuList {SELECT} at (5,322) size 38x18 [bgcolor=#F8F8F8]
                LayoutBlockFlow (anonymous) at (0,0) size 38x18
                  LayoutText (anonymous) at (8,2) size 7x13
                    text run at (8,2) width 7: "0"
              LayoutMenuList {SELECT} at (5,345) size 38x18 [bgcolor=#F8F8F8]
                LayoutBlockFlow (anonymous) at (0,0) size 38x18
                  LayoutText (anonymous) at (8,2) size 7x13
                    text run at (8,2) width 7: "0"
              LayoutMenuList {SELECT} at (5,368) size 38x18 [bgcolor=#F8F8F8]
                LayoutBlockFlow (anonymous) at (0,0) size 38x18
                  LayoutText (anonymous) at (8,2) size 7x13
                    text run at (8,2) width 7: "0"
              LayoutMenuList {SELECT} at (5,391) size 38x18 [bgcolor=#F8F8F8]
                LayoutBlockFlow (anonymous) at (0,0) size 38x18
                  LayoutText (anonymous) at (8,2) size 7x13
                    text run at (8,2) width 7: "0"
              LayoutMenuList {SELECT} at (5,414) size 38x18 [bgcolor=#F8F8F8]
                LayoutBlockFlow (anonymous) at (0,0) size 38x18
                  LayoutText (anonymous) at (8,2) size 7x13
                    text run at (8,2) width 7: "0"
              LayoutMenuList {SELECT} at (5,437) size 38x18 [bgcolor=#F8F8F8]
                LayoutBlockFlow (anonymous) at (0,0) size 38x18
                  LayoutText (anonymous) at (8,2) size 7x13
                    text run at (8,2) width 7: "0"
              LayoutMenuList {SELECT} at (5,460) size 38x18 [bgcolor=#F8F8F8]
                LayoutBlockFlow (anonymous) at (0,0) size 38x18
                  LayoutText (anonymous) at (8,2) size 7x13
                    text run at (8,2) width 7: "0"
              LayoutMenuList {SELECT} at (5,483) size 38x18 [bgcolor=#F8F8F8]
                LayoutBlockFlow (anonymous) at (0,0) size 38x18
                  LayoutText (anonymous) at (8,2) size 7x13
                    text run at (8,2) width 7: "0"
              LayoutMenuList {SELECT} at (5,506) size 38x18 [bgcolor=#F8F8F8]
                LayoutBlockFlow (anonymous) at (0,0) size 38x18
                  LayoutText (anonymous) at (8,2) size 7x13
                    text run at (8,2) width 7: "0"
              LayoutMenuList {SELECT} at (5,529) size 38x18 [bgcolor=#F8F8F8]
                LayoutBlockFlow (anonymous) at (0,0) size 38x18
                  LayoutText (anonymous) at (8,2) size 7x13
                    text run at (8,2) width 7: "0"
              LayoutMenuList {SELECT} at (5,552) size 38x18 [bgcolor=#F8F8F8]
                LayoutBlockFlow (anonymous) at (0,0) size 38x18
                  LayoutText (anonymous) at (8,2) size 7x13
                    text run at (8,2) width 7: "0"
              LayoutMenuList {SELECT} at (5,575) size 38x18 [bgcolor=#F8F8F8]
                LayoutBlockFlow (anonymous) at (0,0) size 38x18
                  LayoutText (anonymous) at (8,2) size 7x13
                    text run at (8,2) width 7: "0"
              LayoutMenuList {SELECT} at (5,598) size 38x18 [bgcolor=#F8F8F8]
                LayoutBlockFlow (anonymous) at (0,0) size 38x18
                  LayoutText (anonymous) at (8,2) size 7x13
                    text run at (8,2) width 7: "0"
              LayoutMenuList {SELECT} at (5,621) size 38x18 [bgcolor=#F8F8F8]
                LayoutBlockFlow (anonymous) at (0,0) size 38x18
                  LayoutText (anonymous) at (8,2) size 7x13
                    text run at (8,2) width 7: "0"
              LayoutMenuList {SELECT} at (5,644) size 38x18 [bgcolor=#F8F8F8]
                LayoutBlockFlow (anonymous) at (0,0) size 38x18
                  LayoutText (anonymous) at (8,2) size 7x13
                    text run at (8,2) width 7: "0"
              LayoutMenuList {SELECT} at (5,667) size 38x18 [bgcolor=#F8F8F8]
                LayoutBlockFlow (anonymous) at (0,0) size 38x18
                  LayoutText (anonymous) at (8,2) size 7x13
                    text run at (8,2) width 7: "0"
