layer at (0,0) size 800x600
  LayoutView at (0,0) size 800x600
layer at (0,0) size 800x474
  LayoutBlockFlow {HTML} at (0,0) size 800x473.53
    LayoutBlockFlow {BODY} at (8,8) size 784x457.53
      LayoutBlockFlow {DIV} at (0,0) size 784x85.83
        LayoutBlockFlow {DETAILS} at (0,0) size 784x85.83
          LayoutBlockFlow {SUMMARY} at (0,0) size 784x85.83
            LayoutDetailsMarker {DIV} at (0,0) size 111.83x79.83 [border: (8px solid #00FF00) (16px solid #00FF00) (24px solid #00FF00) (32px solid #00FF00)]: right
            LayoutText {#text} at (121,57) size 94x29
              text run at (121,57) width 94: "Summary"
      LayoutBlockFlow {DIV} at (0,85.83) size 117.83x182.77
        LayoutBlockFlow {DETAILS} at (0,0) size 117.83x182.77
          LayoutBlockFlow {SUMMARY} at (0,0) size 117.83x182.77
            LayoutDetailsMarker {DIV} at (0,0) size 111.83x79.83 [border: (8px solid #00FF00) (16px solid #00FF00) (24px solid #00FF00) (32px solid #00FF00)]: down
            LayoutText {#text} at (89,89) size 29x94
              text run at (89,89) width 95: "Summary"
      LayoutBlockFlow {DIV} at (0,268.59) size 784x46
        LayoutBlockFlow {DETAILS} at (0,0) size 784x46
          LayoutBlockFlow {SUMMARY} at (0,0) size 784x46
            LayoutDetailsMarker {DIV} at (0,0) size 64x40 [border: (8px solid #00FF00)]: right
            LayoutText {#text} at (73,18) size 94x28
              text run at (73,18) width 94: "Summary"
      LayoutBlockFlow {DIV} at (0,314.59) size 70x142.94
        LayoutBlockFlow {DETAILS} at (0,0) size 70x142.94
          LayoutBlockFlow {SUMMARY} at (0,0) size 70x142.94
            LayoutDetailsMarker {DIV} at (0,0) size 64x40 [border: (8px solid #00FF00)]: down
            LayoutText {#text} at (42,49) size 28x94
              text run at (42,49) width 94: "Summary"
