layer at (0,0) size 800x600
  LayoutView at (0,0) size 800x600
layer at (0,0) size 800x600
  LayoutBlockFlow {HTML} at (0,0) size 800x600
    LayoutFrameSet {FRAMESET} at (0,0) size 800x600
layer at (0,0) size 800x200
  LayoutFrame {FRAME} at (0,0) size 800x200
    layer at (0,0) size 800x200
      LayoutView at (0,0) size 800x200
    layer at (0,0) size 800x200
      LayoutBlockFlow {HTML} at (0,0) size 800x200
        LayoutBlockFlow {BODY} at (8,8) size 784x176
          LayoutBlockFlow {P} at (0,0) size 784x40
            LayoutText {#text} at (0,0) size 52x19
              text run at (0,0) width 52: "Test for "
            LayoutInline {I} at (0,0) size 721x39
              LayoutInline {A} at (0,0) size 308x19 [color=#0000EE]
                LayoutText {#text} at (51,0) size 308x19
                  text run at (51,0) width 308: "https://bugs.webkit.org/show_bug.cgi?id=19348"
              LayoutText {#text} at (358,0) size 721x39
                text run at (358,0) width 5: " "
                text run at (362,0) width 359: "REGRESSION (r34193): Setting the size of a frame with"
                text run at (0,20) width 66: "javascript "
                text run at (66,20) width 232: "document.body.row no longer works"
            LayoutText {#text} at (297,20) size 5x19
              text run at (297,20) width 5: "."
          LayoutBlockFlow {P} at (0,56) size 784x20
            LayoutText {#text} at (0,0) size 204x19
              text run at (0,0) width 204: "This frame should be 200px tall."
    layer at (0,100) size 100x100
      LayoutBlockFlow (positioned) {DIV} at (0,100) size 100x100 [bgcolor=#008000]
layer at (0,206) size 800x394
  LayoutFrame {FRAME} at (0,206) size 800x394
    layer at (0,0) size 800x394
      LayoutView at (0,0) size 800x394
    layer at (0,0) size 800x394
      LayoutBlockFlow {HTML} at (0,0) size 800x394
        LayoutBlockFlow {BODY} at (8,8) size 784x378
