layer at (0,0) size 800x600
  LayoutView at (0,0) size 800x600
layer at (0,0) size 800x215
  LayoutBlockFlow {html} at (0,0) size 800x215.19
    LayoutBlockFlow {body} at (8,8) size 784x199.19
      LayoutBlockFlow {div} at (0,0) size 784x20
        LayoutText {#text} at (0,0) size 426x19
          text run at (0,0) width 426: "If no crash while painting, the test passed (requires pixel test mode)."
      LayoutBlockFlow {option} at (0,20) size 784x20.19
      LayoutBlockFlow (anonymous) at (0,40.19) size 784x159
layer at (8,48) size 304x154
  LayoutIFrame {iframe} at (0,0) size 304x154 [border: (2px inset #EEEEEE)]
    layer at (0,0) size 300x150
      LayoutView at (0,0) size 300x150
    layer at (0,0) size 300x150
      LayoutBlockFlow {HTML} at (0,0) size 300x150
        LayoutBlockFlow {BODY} at (8,8) size 284x134
