layer at (0,0) size 800x600 scrollY 1000.00 scrollHeight 4016
  LayoutView at (0,0) size 800x600
layer at (0,0) size 800x4016 backgroundClip at (0,0) size 800x600 clip at (0,0) size 800x600
  LayoutBlockFlow {HTML} at (0,0) size 800x4016
    LayoutBlockFlow {BODY} at (8,8) size 784x4000
layer at (8,1116) size 653x20 backgroundClip at (0,0) size 800x600 clip at (0,0) size 800x600
  LayoutBlockFlow (positioned) {P} at (8,1116) size 653x20
    LayoutText {#text} at (0,0) size 653x19
      text run at (0,0) width 653: "Tests painting of fixed background content in scrolled container. Passes if the background doesn't scroll."
scrolled to 0,1000
