layer at (0,0) size 800x600
  LayoutView at (0,0) size 800x600
layer at (720,0) size 80x600
  LayoutBlockFlow {HTML} at (0,0) size 80x600
    LayoutBlockFlow {BODY} at (8,8) size 64x584
layer at (728,8) size 64x314
  LayoutBlockFlow (relative positioned) {DIV} at (0,0) size 64x314 [bgcolor=#FF0000] [border: (2px solid #000000)]
layer at (730,10) size 60x310
  LayoutImage (positioned) {IMG} at (2,2) size 60x310
layer at (751,15) size 18x300
  LayoutBlockFlow (relative positioned) zI: 1 {P} at (23,7) size 18x300
    LayoutText zI: 1 {#text} at (0,35) size 18x230
      text run at (0,35) width 229: "There should be no red on this page"
