layer at (0,0) size 800x600
  LayoutView at (0,0) size 800x600
layer at (0,0) size 800x34
  LayoutBlockFlow {HTML} at (0,0) size 800x34
    LayoutBlockFlow {BODY} at (8,8) size 784x18
layer at (8,8) size 784x18
  LayoutBlockFlow {DIV} at (0,0) size 784x18
layer at (8,8) size 784x0
  LayoutBlockFlow {DIV} at (0,0) size 784x0
layer at (8,8) size 784x0
  LayoutBlockFlow {DIV} at (0,0) size 784x0
layer at (8,8) size 784x0
  LayoutBlockFlow (relative positioned) {DIV} at (0,0) size 784x0
    LayoutBlockFlow (floating) {DIV} at (0,0) size 22.22x18
      LayoutText {#text} at (0,0) size 23x18
        text run at (0,0) width 23: "test"
