layer at (0,0) size 800x600
  LayoutView at (0,0) size 800x600
layer at (0,0) size 800x600
  LayoutBlockFlow {HTML} at (0,0) size 800x600
    LayoutBlockFlow {BODY} at (8,8) size 784x584
      LayoutBlockFlow {P} at (0,0) size 784x36
        LayoutText {#text} at (0,0) size 774x36
          text run at (0,0) width 591: "This tests for a bug where empty table rows well after the selection to delete were removed. "
          text run at (590,0) width 184: "There should be five rows in"
          text run at (0,18) width 290: "the table below, before and after the deletion."
      LayoutBlockFlow {DIV} at (0,52) size 784x132
        LayoutTable {TABLE} at (0,0) size 112x132 [border: (1px outset #808080)]
          LayoutTableSection {TBODY} at (1,1) size 110x130
            LayoutTableRow {TR} at (0,2) size 110x30
              LayoutTableCell {TD} at (2,2) size 34x30 [border: (1px inset #808080)] [r=0 c=0 rs=1 cs=1]
                LayoutBR {BR} at (6,6) size 0x18
              LayoutTableCell {TD} at (38,2) size 33x30 [border: (1px inset #808080)] [r=0 c=1 rs=1 cs=1]
              LayoutTableCell {TD} at (73,2) size 35x30 [border: (1px inset #808080)] [r=0 c=2 rs=1 cs=1]
            LayoutTableRow {TR} at (0,34) size 110x30
              LayoutTableCell {TD} at (2,34) size 34x30 [border: (1px inset #808080)] [r=1 c=0 rs=1 cs=1]
                LayoutText {#text} at (6,6) size 22x18
                  text run at (6,6) width 22: "foo"
              LayoutTableCell {TD} at (38,34) size 33x30 [border: (1px inset #808080)] [r=1 c=1 rs=1 cs=1]
                LayoutText {#text} at (6,6) size 21x18
                  text run at (6,6) width 21: "bar"
              LayoutTableCell {TD} at (73,34) size 35x30 [border: (1px inset #808080)] [r=1 c=2 rs=1 cs=1]
                LayoutText {#text} at (6,6) size 23x18
                  text run at (6,6) width 23: "baz"
            LayoutTableRow {TR} at (0,66) size 110x30
              LayoutTableCell {TD} at (2,66) size 34x30 [border: (1px inset #808080)] [r=2 c=0 rs=1 cs=1]
                LayoutBR {BR} at (6,6) size 0x18
              LayoutTableCell {TD} at (38,66) size 33x30 [border: (1px inset #808080)] [r=2 c=1 rs=1 cs=1]
                LayoutBR {BR} at (6,6) size 0x18
              LayoutTableCell {TD} at (73,66) size 35x30 [border: (1px inset #808080)] [r=2 c=2 rs=1 cs=1]
                LayoutBR {BR} at (6,6) size 0x18
            LayoutTableRow {TR} at (0,98) size 110x30
              LayoutTableCell {TD} at (2,98) size 34x30 [border: (1px inset #808080)] [r=3 c=0 rs=1 cs=1]
                LayoutBR {BR} at (6,6) size 0x18
              LayoutTableCell {TD} at (38,98) size 33x30 [border: (1px inset #808080)] [r=3 c=1 rs=1 cs=1]
                LayoutBR {BR} at (6,6) size 0x18
              LayoutTableCell {TD} at (73,98) size 35x30 [border: (1px inset #808080)] [r=3 c=2 rs=1 cs=1]
                LayoutBR {BR} at (6,6) size 0x18
caret: position 0 of child 0 {BR} of child 0 {TD} of child 0 {TR} of child 1 {TBODY} of child 1 {TABLE} of child 3 {DIV} of body
