layer at (0,0) size 800x600
  LayoutView at (0,0) size 800x600
layer at (0,0) size 800x600
  LayoutBlockFlow {HTML} at (0,0) size 800x600
    LayoutBlockFlow {BODY} at (8,8) size 784x584
      LayoutBlockFlow {DIV} at (0,0) size 784x36
        LayoutText {#text} at (0,0) size 768x36
          text run at (0,0) width 768: "This tests that we only preserve an empty paragraph's style when moving paragraphs around if the selection is still in an"
          text run at (0,18) width 255: "empty paragraph after the move occurs."
      LayoutBlockFlow {DIV} at (0,36) size 784x18
        LayoutText {#text} at (0,0) size 324x18
          text run at (0,0) width 324: "The test passes if the text below is still underlined."
      LayoutBlockFlow (anonymous) at (0,54) size 784x18
        LayoutBR {BR} at (0,0) size 0x18
      LayoutBlockFlow {DIV} at (0,72) size 784x18
        LayoutInline {SPAN} at (0,0) size 195x18
          LayoutText {#text} at (0,0) size 195x18
            text run at (0,0) width 195: "This text should be underlined"
caret: position 30 of child 0 {#text} of child 0 {SPAN} of child 6 {DIV} of body
