layer at (0,0) size 800x600
  LayoutView at (0,0) size 800x600
layer at (0,0) size 800x162
  LayoutBlockFlow {HTML} at (0,0) size 800x162
    LayoutBlockFlow {BODY} at (8,16) size 784x138
      LayoutBlockFlow {P} at (0,0) size 784x20
        LayoutText {#text} at (0,0) size 494x19
          text run at (0,0) width 494: "Test passes if the 'Filler Text' below is clipped to the curve of the rounded corners."
layer at (8,52) size 198x102 clip at (11,55) size 192x96 scrollHeight 160
  LayoutBlockFlow {DIV} at (0,36) size 198x102 [border: (3px solid #000000)]
    LayoutText {#text} at (3,3) size 166x159
      text run at (3,3) width 136: "Filler Text. Filler Text. "
      text run at (139,3) width 30: "Filler"
      text run at (3,23) width 102: "Text. Filler Text. "
      text run at (105,23) width 64: "Filler Text."
      text run at (3,43) width 68: "Filler Text. "
      text run at (71,43) width 98: "Filler Text. Filler"
      text run at (3,63) width 34: "Text. "
      text run at (37,63) width 132: "Filler Text. Filler Text."
      text run at (3,83) width 136: "Filler Text. Filler Text. "
      text run at (139,83) width 30: "Filler"
      text run at (3,103) width 102: "Text. Filler Text. "
      text run at (105,103) width 64: "Filler Text."
      text run at (3,123) width 68: "Filler Text. "
      text run at (71,123) width 98: "Filler Text. Filler"
      text run at (3,143) width 30: "Text."
