layer at (0,0) size 800x600
  LayoutView at (0,0) size 800x600
layer at (0,0) size 800x56
  LayoutBlockFlow {HTML} at (0,0) size 800x56
    LayoutBlockFlow {BODY} at (8,16) size 784x24 [bgcolor=#FFFFFF]
      LayoutBlockFlow {P} at (0,0) size 784x24 [color=#008000] [border: (3px solid #008000)]
        LayoutInline {SPAN} at (0,0) size 237x18 [color=#000000]
          LayoutText {#text} at (3,3) size 237x18
            text run at (3,3) width 237: "This text should have a green border."
