layer at (0,0) size 800x600
  LayoutView at (0,0) size 800x600
layer at (0,0) size 800x118
  LayoutBlockFlow {HTML} at (0,0) size 800x118
    LayoutBlockFlow {BODY} at (8,16) size 784x86
      LayoutBlockFlow {P} at (0,0) size 784x18
        LayoutText {#text} at (0,0) size 295x18
          text run at (0,0) width 295: "The following paragraphs should be identical:"
      LayoutBlockFlow {P} at (0,34) size 784x18
        LayoutText {#text} at (0,0) size 199x18
          text run at (0,0) width 199: "This should be in a bold font."
      LayoutBlockFlow {P} at (0,68) size 784x18
        LayoutText {#text} at (0,0) size 199x18
          text run at (0,0) width 199: "This should be in a bold font."
