layer at (0,0) size 800x600
  LayoutView at (0,0) size 800x600
layer at (0,0) size 800x334
  LayoutBlockFlow {HTML} at (0,0) size 800x334
    LayoutBlockFlow {BODY} at (8,16) size 784x310
      LayoutBlockFlow {P} at (0,0) size 784x18
        LayoutText {#text} at (0,0) size 228x18
          text run at (0,0) width 228: "There should be a green box below."
      LayoutBlockFlow {DIV} at (0,34) size 186x276 [color=#008000] [bgcolor=#FF0000] [border: (3px solid #000000)]
        LayoutBlockFlow {DIV} at (48,18) size 90x75
          LayoutBlockFlow {P} at (0,0) size 90x75
            LayoutText {#text} at (0,0) size 75x75
              text run at (0,0) width 75: "x x x"
              text run at (0,15) width 75: "x x x"
              text run at (0,30) width 75: "x x x"
              text run at (0,45) width 75: "x x x"
              text run at (0,60) width 75: "x x x"
        LayoutBlockFlow {DIV} at (93,108) size 90x75
          LayoutBlockFlow {P} at (0,0) size 90x75
            LayoutText {#text} at (0,0) size 75x75
              text run at (0,0) width 75: "x x x"
              text run at (0,15) width 75: "x x x"
              text run at (0,30) width 75: "x x x"
              text run at (0,45) width 75: "x x x"
              text run at (0,60) width 75: "x x x"
        LayoutBlockFlow {P} at (48,198) size 135x60
          LayoutText {#text} at (0,0) size 135x60
            text run at (0,0) width 135: "x x x x x"
            text run at (0,15) width 135: "x x x x x"
            text run at (0,30) width 135: "x x x x x"
            text run at (0,45) width 135: "x x x x x"
