layer at (0,0) size 800x600
  LayoutView at (0,0) size 800x600
layer at (0,0) size 800x152
  LayoutBlockFlow {HTML} at (0,0) size 800x152
    LayoutBlockFlow {BODY} at (8,16) size 784x120 [color=#000080]
      LayoutBlockFlow {P} at (0,0) size 784x18
        LayoutText {#text} at (0,0) size 326x18
          text run at (0,0) width 326: "These four lines should look identical, to the pixel."
      LayoutBlockFlow {P} at (0,34) size 784x18
        LayoutText {#text} at (0,0) size 326x18
          text run at (0,0) width 326: "These four lines should look identical, to the pixel."
      LayoutBlockFlow {P} at (0,68) size 784x18
        LayoutText {#text} at (0,0) size 326x18
          text run at (0,0) width 326: "These four lines should look identical, to the pixel."
      LayoutBlockFlow {P} at (0,102) size 784x18
        LayoutText {#text} at (0,0) size 326x18
          text run at (0,0) width 326: "These four lines should look identical, to the pixel."
