layer at (0,0) size 800x600
  LayoutView at (0,0) size 800x600
layer at (0,0) size 800x206
  LayoutBlockFlow {HTML} at (0,0) size 800x206
    LayoutBlockFlow {BODY} at (8,16) size 784x182
      LayoutBlockFlow {P} at (0,0) size 784x18 [color=#000080]
        LayoutText {#text} at (0,0) size 325x18
          text run at (0,0) width 325: "There should be two unbroken vertical bars below."
      LayoutBlockFlow {P} at (0,34) size 784x36 [color=#000080]
        LayoutText {#text} at (0,0) size 768x36
          text run at (0,0) width 409: "Hold up a credit card to your display. The distance between the "
          text run at (408,0) width 360: "two vertical bars should be exactly the length of a credit"
          text run at (0,18) width 32: "card "
          text run at (31,18) width 77: "(85.60mm)."
      LayoutBlockFlow {DIV} at (0,86) size 784x96 [border: none (3px solid #000000)]
        LayoutBlockFlow {DIV} at (326.52,0) size 457.48x16 [border: none (3px solid #000000)]
        LayoutBlockFlow {DIV} at (326.52,16) size 457.48x16 [border: none (3px solid #000000)]
        LayoutBlockFlow {DIV} at (326.52,32) size 457.48x16 [border: none (3px solid #000000)]
        LayoutBlockFlow {DIV} at (326.52,48) size 457.48x16 [border: none (3px solid #000000)]
        LayoutBlockFlow {DIV} at (326.52,64) size 457.48x16 [border: none (3px solid #000000)]
        LayoutBlockFlow {DIV} at (326.52,80) size 457.48x16 [border: none (3px solid #000000)]
