layer at (0,0) size 800x600
  LayoutView at (0,0) size 800x600
layer at (0,0) size 800x210
  LayoutBlockFlow {HTML} at (0,0) size 800x210
    LayoutBlockFlow {BODY} at (8,16) size 784x178 [color=#000080]
      LayoutBlockFlow {P} at (0,0) size 784x18
        LayoutText {#text} at (0,0) size 356x18
          text run at (0,0) width 356: "The next four blocks should look identical, to the pixel."
      LayoutBlockFlow {P} at (0,34) size 784x24 [border: (3px solid #000080)]
        LayoutText {#text} at (3,3) size 27x18
          text run at (3,3) width 27: "Test"
      LayoutBlockFlow {P} at (0,74) size 784x24 [border: (3px solid #000080)]
        LayoutText {#text} at (3,3) size 27x18
          text run at (3,3) width 27: "Test"
      LayoutBlockFlow {P} at (0,114) size 784x24 [border: (3px solid #000080)]
        LayoutText {#text} at (3,3) size 27x18
          text run at (3,3) width 27: "Test"
      LayoutBlockFlow {P} at (0,154) size 784x24 [border: (3px solid #000080)]
        LayoutText {#text} at (3,3) size 27x18
          text run at (3,3) width 27: "Test"
