layer at (0,0) size 800x600
  LayoutView at (0,0) size 800x600
layer at (0,0) size 800x322
  LayoutBlockFlow {HTML} at (0,0) size 800x322
    LayoutBlockFlow {BODY} at (8,16) size 784x290
      LayoutBlockFlow {P} at (0,0) size 784x18 [color=#008000]
        LayoutText {#text} at (0,0) size 134x18
          text run at (0,0) width 134: "This should be green"
      LayoutBlockFlow {P} at (0,34) size 784x18 [color=#008000]
        LayoutText {#text} at (0,0) size 134x18
          text run at (0,0) width 134: "This should be green"
      LayoutBlockFlow {P} at (0,68) size 784x18 [color=#008000]
        LayoutText {#text} at (0,0) size 134x18
          text run at (0,0) width 134: "This should be green"
      LayoutBlockFlow {P} at (0,102) size 784x18 [color=#008000]
        LayoutText {#text} at (0,0) size 134x18
          text run at (0,0) width 134: "This should be green"
      LayoutBlockFlow {P} at (0,136) size 784x18 [color=#FF0000]
        LayoutText {#text} at (0,0) size 134x18
          text run at (0,0) width 134: "This should be green"
      LayoutBlockFlow {P} at (0,170) size 784x18 [color=#008000]
        LayoutText {#text} at (0,0) size 134x18
          text run at (0,0) width 134: "This should be green"
      LayoutBlockFlow {P} at (0,204) size 784x18 [color=#008000]
        LayoutText {#text} at (0,0) size 134x18
          text run at (0,0) width 134: "This should be green"
      LayoutBlockFlow {P} at (0,238) size 784x18 [color=#008000]
        LayoutText {#text} at (0,0) size 134x18
          text run at (0,0) width 134: "This should be green"
      LayoutBlockFlow {P} at (0,272) size 784x18 [color=#007F00]
        LayoutText {#text} at (0,0) size 134x18
          text run at (0,0) width 134: "This should be green"
