layer at (0,0) size 800x600
  LayoutView at (0,0) size 800x600
layer at (0,0) size 800x152
  LayoutBlockFlow {HTML} at (0,0) size 800x152
    LayoutBlockFlow {BODY} at (8,16) size 784x120
      LayoutBlockFlow {P} at (0,0) size 784x18
        LayoutText {#text} at (0,0) size 344x18
          text run at (0,0) width 344: "The following three paragraphs should look identical:"
      LayoutBlockFlow {P} at (0,34) size 784x18
        LayoutText {#text} at (0,0) size 153x18
          text run at (0,0) width 153: "This is a test paragraph."
      LayoutBlockFlow {P} at (0,68) size 784x18
        LayoutInline {<pseudo:before>} at (0,0) size 33x18
          LayoutTextFragment (anonymous) at (0,0) size 33x18
            text run at (0,0) width 33: "This "
        LayoutText {#text} at (32,0) size 121x18
          text run at (32,0) width 121: "is a test paragraph."
      LayoutBlockFlow {P} at (0,102) size 784x18
        LayoutInline {<pseudo:before>} at (0,0) size 33x18
          LayoutTextFragment (anonymous) at (0,0) size 33x18
            text run at (0,0) width 33: "This "
        LayoutText {#text} at (32,0) size 121x18
          text run at (32,0) width 121: "is a test paragraph."
