layer at (0,0) size 800x600
  LayoutView at (0,0) size 800x600
layer at (0,0) size 800x118
  LayoutBlockFlow {HTML} at (0,0) size 800x118
    LayoutBlockFlow {BODY} at (8,16) size 784x94
      LayoutBlockFlow {P} at (0,0) size 784x18
        LayoutText {#text} at (0,0) size 329x18
          text run at (0,0) width 329: "There should be a solid vertical bar of green below."
      LayoutBlockFlow {DIV} at (0,34) size 784x60 [color=#008000]
        LayoutBlockFlow {DIV} at (0,0) size 784x15
          LayoutText {#text} at (0,0) size 60x15
            text run at (0,0) width 60: "   X"
        LayoutBlockFlow {DIV} at (45,15) size 739x15
          LayoutText {#text} at (0,0) size 15x15
            text run at (0,0) width 15: "X"
        LayoutBlockFlow {DIV} at (45,30) size 739x15
          LayoutText {#text} at (0,0) size 15x15
            text run at (0,0) width 15: "X"
        LayoutBlockFlow {DIV} at (45,45) size 739x15
          LayoutText {#text} at (0,0) size 15x15
            text run at (0,0) width 15: "X"
