layer at (0,0) size 800x600
  LayoutView at (0,0) size 800x600
layer at (0,0) size 800x560
  LayoutBlockFlow {HTML} at (0,0) size 800x560
    LayoutBlockFlow {BODY} at (8,16) size 784x528 [color=#008000]
      LayoutBlockFlow {P} at (0,0) size 784x18
        LayoutText {#text} at (0,0) size 166x18
          text run at (0,0) width 166: "This line should be green."
      LayoutBlockFlow {P} at (0,34) size 784x18
        LayoutText {#text} at (0,0) size 166x18
          text run at (0,0) width 166: "This line should be green."
      LayoutBlockFlow {P} at (0,68) size 784x18
        LayoutText {#text} at (0,0) size 166x18
          text run at (0,0) width 166: "This line should be green."
      LayoutBlockFlow {P} at (0,102) size 784x18
        LayoutText {#text} at (0,0) size 166x18
          text run at (0,0) width 166: "This line should be green."
      LayoutBlockFlow {OL} at (0,136) size 784x18
        LayoutListItem {LI} at (40,0) size 744x18
          LayoutListMarker (anonymous) at (-16,0) size 16x18: "1"
          LayoutText {#text} at (0,0) size 166x18
            text run at (0,0) width 166: "This line should be green."
      LayoutBlockFlow {P} at (0,170) size 784x18
        LayoutText {#text} at (0,0) size 166x18
          text run at (0,0) width 166: "This line should be green."
      LayoutBlockFlow {UL} at (0,204) size 784x18
        LayoutListItem {LI} at (40,0) size 744x18
          LayoutListMarker (anonymous) at (-17,0) size 7x18: bullet
          LayoutText {#text} at (0,0) size 166x18
            text run at (0,0) width 166: "This line should be green."
      LayoutBlockFlow {BLOCKQUOTE} at (40,238) size 704x18
        LayoutBlockFlow {P} at (0,0) size 704x18
          LayoutText {#text} at (0,0) size 166x18
            text run at (0,0) width 166: "This line should be green."
      LayoutBlockFlow {P} at (0,272) size 784x18
        LayoutInline {ACRONYM} at (0,0) size 166x18
          LayoutText {#text} at (0,0) size 166x18
            text run at (0,0) width 166: "This line should be green."
        LayoutText {#text} at (0,0) size 0x0
      LayoutBlockFlow {ADDRESS} at (0,306) size 784x18
        LayoutText {#text} at (0,0) size 166x18
          text run at (0,0) width 166: "This line should be green."
      LayoutBlockFlow {P} at (0,340) size 784x18
        LayoutInline {SPAN} at (0,0) size 166x18
          LayoutText {#text} at (0,0) size 166x18
            text run at (0,0) width 166: "This line should be green."
        LayoutText {#text} at (0,0) size 0x0
      LayoutBlockFlow {P} at (0,374) size 784x18
        LayoutText {#text} at (0,0) size 166x18
          text run at (0,0) width 166: "This line should be green."
      LayoutBlockFlow {P} at (0,408) size 784x18
        LayoutText {#text} at (0,0) size 166x18
          text run at (0,0) width 166: "This line should be green."
      LayoutBlockFlow {P} at (0,442) size 784x18
        LayoutText {#text} at (0,0) size 166x18
          text run at (0,0) width 166: "This line should be green."
      LayoutBlockFlow {P} at (0,476) size 784x18
        LayoutText {#text} at (48,0) size 166x18
          text run at (48,0) width 166: "This line should be green."
      LayoutBlockFlow {P} at (0,510) size 784x18
        LayoutText {#text} at (0,0) size 166x18
          text run at (0,0) width 166: "This line should be green."
