layer at (0,0) size 800x600
  LayoutView at (0,0) size 800x600
layer at (0,0) size 800x112
  LayoutBlockFlow {HTML} at (0,0) size 800x112
    LayoutBlockFlow {BODY} at (8,16) size 784x88 [color=#0000FF]
      LayoutBlockFlow {P} at (0,0) size 784x18
        LayoutText {#text} at (0,0) size 661x18
          text run at (0,0) width 661: "There should be three solid bars of colour below, each longer than the last, each of the colour specified."
      LayoutBlockFlow {DIV} at (0,34) size 784x18
        LayoutText {#text} at (0,0) size 39x18
          text run at (0,0) width 39: "Blue: "
        LayoutInline {SPAN} at (0,0) size 16x15
          LayoutText {#text} at (38,3) size 16x15
            text run at (38,3) width 16: "X"
        LayoutInline {SPAN} at (0,0) size 16x15
          LayoutText {#text} at (53,3) size 16x15
            text run at (53,3) width 16: "X"
        LayoutImage {IMG} at (68.66,3) size 15x15 [color=#FF0000]
        LayoutText {#text} at (0,0) size 0x0
      LayoutBlockFlow {DIV} at (0,52) size 784x18
        LayoutText {#text} at (0,0) size 56x18
          text run at (0,0) width 56: "Orange: "
        LayoutInline {SPAN} at (0,0) size 16x15 [color=#FFA500]
          LayoutText {#text} at (55,3) size 16x15
            text run at (55,3) width 16: "X"
        LayoutInline {SPAN} at (0,0) size 16x15 [color=#FFA500]
          LayoutText {#text} at (70,3) size 16x15
            text run at (70,3) width 16: "X"
        LayoutInline {SPAN} at (0,0) size 16x15 [color=#FFA500]
          LayoutText {#text} at (85,3) size 16x15
            text run at (85,3) width 16: "X"
        LayoutInline {SPAN} at (0,0) size 16x15 [color=#FFA500]
          LayoutText {#text} at (100,3) size 16x15
            text run at (100,3) width 16: "X"
        LayoutImage {IMG} at (115.53,3) size 15x15 [color=#FF0000]
        LayoutText {#text} at (0,0) size 0x0
      LayoutBlockFlow {DIV} at (0,70) size 784x18
        LayoutText {#text} at (0,0) size 43x18
          text run at (0,0) width 43: "Lime: "
        LayoutInline {SPAN} at (0,0) size 16x15 [color=#00FF00]
          LayoutText {#text} at (42,3) size 16x15
            text run at (42,3) width 16: "X"
        LayoutInline {SPAN} at (0,0) size 16x15 [color=#00FF00]
          LayoutText {#text} at (57,3) size 16x15
            text run at (57,3) width 16: "X"
        LayoutInline {SPAN} at (0,0) size 16x15 [color=#00FF00]
          LayoutText {#text} at (72,3) size 16x15
            text run at (72,3) width 16: "X"
        LayoutInline {SPAN} at (0,0) size 16x15 [color=#00FF00]
          LayoutText {#text} at (87,3) size 16x15
            text run at (87,3) width 16: "X"
        LayoutInline {SPAN} at (0,0) size 16x15 [color=#00FF00]
          LayoutText {#text} at (102,3) size 16x15
            text run at (102,3) width 16: "X"
        LayoutInline {SPAN} at (0,0) size 16x15 [color=#00FF00]
          LayoutText {#text} at (117,3) size 16x15
            text run at (117,3) width 16: "X"
        LayoutInline {SPAN} at (0,0) size 16x15 [color=#00FF00]
          LayoutText {#text} at (132,3) size 16x15
            text run at (132,3) width 16: "X"
        LayoutInline {SPAN} at (0,0) size 16x15 [color=#00FF00]
          LayoutText {#text} at (147,3) size 16x15
            text run at (147,3) width 16: "X"
        LayoutInline {SPAN} at (0,0) size 16x15 [color=#00FF00]
          LayoutText {#text} at (162,3) size 16x15
            text run at (162,3) width 16: "X"
        LayoutInline {SPAN} at (0,0) size 16x15 [color=#00FF00]
          LayoutText {#text} at (177,3) size 16x15
            text run at (177,3) width 16: "X"
        LayoutInline {SPAN} at (0,0) size 16x15 [color=#00FF00]
          LayoutText {#text} at (192,3) size 16x15
            text run at (192,3) width 16: "X"
        LayoutInline {SPAN} at (0,0) size 16x15 [color=#00FF00]
          LayoutText {#text} at (207,3) size 16x15
            text run at (207,3) width 16: "X"
        LayoutImage {IMG} at (222.20,3) size 15x15 [color=#FF0000]
        LayoutText {#text} at (0,0) size 0x0
