layer at (0,0) size 800x600
  LayoutView at (0,0) size 800x600
layer at (0,0) size 800x118
  LayoutBlockFlow {HTML} at (0,0) size 800x118
    LayoutBlockFlow {BODY} at (8,16) size 784x86
      LayoutBlockFlow {P} at (0,0) size 784x18 [color=#008000]
        LayoutText {#text} at (0,0) size 197x18
          text run at (0,0) width 197: "This sentence should be green."
      LayoutBlockFlow {P} at (0,34) size 784x18 [color=#008000]
        LayoutText {#text} at (0,0) size 197x18
          text run at (0,0) width 197: "This sentence should be green."
      LayoutBlockFlow {P} at (0,68) size 784x18 [color=#008000]
        LayoutText {#text} at (0,0) size 197x18
          text run at (0,0) width 197: "This sentence should be green."
