layer at (0,0) size 800x600
  LayoutView at (0,0) size 800x600
layer at (0,0) size 800x102
  LayoutBlockFlow {HTML} at (0,0) size 800x102
    LayoutBlockFlow {BODY} at (8,16) size 784x70 [color=#FF0000]
      LayoutBlockFlow {P} at (0,0) size 784x18 [color=#008000]
        LayoutText {#text} at (0,0) size 166x18
          text run at (0,0) width 166: "This line should be green."
      LayoutBlockFlow {UL} at (0,34) size 784x36
        LayoutListItem {LI} at (40,0) size 744x36
          LayoutBlockFlow (anonymous) at (0,0) size 744x18
            LayoutInline {SPAN} at (0,0) size 166x18 [color=#008000]
              LayoutText {#text} at (0,0) size 166x18
                text run at (0,0) width 166: "This line should be green."
            LayoutText {#text} at (0,0) size 0x0
          LayoutBlockFlow {UL} at (0,18) size 744x18
            LayoutListItem {LI} at (40,0) size 704x18 [color=#008000]
              LayoutText {#text} at (0,0) size 166x18
                text run at (0,0) width 166: "This line should be green."
