layer at (0,0) size 800x600
  LayoutView at (0,0) size 800x600
layer at (0,0) size 800x84
  LayoutBlockFlow {HTML} at (0,0) size 800x84
    LayoutBlockFlow {BODY} at (8,16) size 784x52
      LayoutBlockFlow {DIV} at (0,0) size 784x18
        LayoutBlockFlow {P} at (0,0) size 784x18 [color=#008000]
          LayoutText {#text} at (0,0) size 166x18
            text run at (0,0) width 166: "This line should be green."
      LayoutBlockFlow {UL} at (0,34) size 784x18 [color=#008000]
        LayoutListItem {LI} at (40,0) size 744x18
          LayoutListMarker (anonymous) at (-17,0) size 7x18: bullet
          LayoutInline {SPAN} at (0,0) size 0x0 [color=#FF0000]
            LayoutText {#text} at (0,0) size 0x0
          LayoutText {#text} at (0,0) size 166x18
            text run at (0,0) width 166: "This line should be green."
