layer at (0,0) size 800x600
  LayoutView at (0,0) size 800x600
layer at (0,0) size 800x217
  LayoutBlockFlow {HTML} at (0,0) size 800x217
    LayoutBlockFlow {BODY} at (8,16) size 784x185 [color=#FF0000]
      LayoutBlockFlow {P} at (0,0) size 784x18 [color=#008000]
        LayoutText {#text} at (0,0) size 197x18
          text run at (0,0) width 197: "This sentence should be green."
      LayoutBlockFlow {DIV} at (0,34) size 784x18 [color=#008000]
        LayoutBlockFlow {P} at (0,0) size 784x18
          LayoutText {#text} at (0,0) size 197x18
            text run at (0,0) width 197: "This sentence should be green."
      LayoutBlockFlow {P} at (0,68) size 784x18 [color=#008000]
        LayoutText {#text} at (0,0) size 197x18
          text run at (0,0) width 197: "This sentence should be green."
      LayoutBlockFlow {P} at (0,102) size 784x18 [color=#008000]
        LayoutText {#text} at (0,0) size 197x18
          text run at (0,0) width 197: "This sentence should be green."
      LayoutBlockFlow {DIV} at (0,136) size 784x15 [color=#008000]
        LayoutBlockFlow {PRE} at (0,0) size 784x15
          LayoutText {#text} at (0,0) size 235x15
            text run at (0,0) width 235: "This sentence should be green."
      LayoutBlockFlow {DIV} at (0,167) size 784x18 [color=#008000]
        LayoutBlockFlow {UL} at (0,0) size 784x18
          LayoutListItem {LI} at (40,0) size 744x18
            LayoutListMarker (anonymous) at (-17,0) size 7x18: bullet
            LayoutText {#text} at (0,0) size 197x18
              text run at (0,0) width 197: "This sentence should be green."
