layer at (0,0) size 800x600
  LayoutView at (0,0) size 800x600
layer at (0,0) size 800x50
  LayoutBlockFlow {HTML} at (0,0) size 800x50
    LayoutBlockFlow {BODY} at (8,16) size 784x18
      LayoutBlockFlow {P} at (0,0) size 784x18
        LayoutInline {A} at (0,0) size 197x18 [color=#008000]
          LayoutText {#text} at (0,0) size 197x18
            text run at (0,0) width 197: "This sentence should be green."
        LayoutText {#text} at (196,0) size 275x18
          text run at (196,0) width 275: " Check that it remains green if you click it."
