layer at (0,0) size 800x600
  LayoutView at (0,0) size 800x600
layer at (0,0) size 800x70
  LayoutBlockFlow {HTML} at (0,0) size 800x70
    LayoutBlockFlow {BODY} at (8,8) size 784x54
      LayoutBlockFlow {DIV} at (0,0) size 784x36
        LayoutBlockFlow (anonymous) at (0,0) size 784x18
          LayoutText {#text} at (0,0) size 173x18
            text run at (0,0) width 173: "Dummy text. Dummy text."
        LayoutBlockFlow {DIV} at (0,18) size 784x18
          LayoutInline {SPAN} at (0,0) size 508x18
            LayoutText {#text} at (0,0) size 508x18
              text run at (0,0) width 104: "Hover this text, "
              text run at (103,0) width 174: "then wait till it disappears. "
              text run at (276,0) width 232: "At that point there should be no red."
          LayoutText {#text} at (0,0) size 0x0
      LayoutBlockFlow {DIV} at (0,36) size 784x18 [color=#008000]
        LayoutText {#text} at (0,0) size 173x18
          text run at (0,0) width 173: "Dummy text. Dummy text."
