layer at (0,0) size 800x600
  LayoutView at (0,0) size 800x600
layer at (0,0) size 800x50
  LayoutBlockFlow {HTML} at (0,0) size 800x50
    LayoutBlockFlow {BODY} at (8,16) size 784x18
      LayoutBlockFlow {P} at (0,0) size 784x18
        LayoutInline {A} at (0,0) size 261x18 [color=#0000FF]
          LayoutText {#text} at (0,0) size 261x18
            text run at (0,0) width 261: "If you focus this link, it should go green."
