layer at (0,0) size 800x600
  LayoutView at (0,0) size 800x600
layer at (0,0) size 800x152
  LayoutBlockFlow {HTML} at (0,0) size 800x152
    LayoutBlockFlow {BODY} at (8,16) size 784x120 [color=#008000]
      LayoutBlockFlow {P} at (0,0) size 784x18
        LayoutText {#text} at (0,0) size 197x18
          text run at (0,0) width 197: "This sentence should be green."
      LayoutBlockFlow {P} at (0,34) size 784x18 [color=#FFFFFF] [bgcolor=#008000]
        LayoutText {#text} at (0,0) size 92x18
          text run at (0,0) width 92: "This sentence "
        LayoutInline {SPAN} at (0,0) size 63x18
          LayoutText {#text} at (91,0) size 63x18
            text run at (91,0) width 63: "should be"
        LayoutText {#text} at (153,0) size 104x18
          text run at (153,0) width 104: " white on green."
      LayoutBlockFlow {P} at (0,68) size 784x18 [color=#FFFFFF]
        LayoutInline {EM} at (0,0) size 34x18 [color=#008000]
          LayoutText {#text} at (0,0) size 34x18
            text run at (0,0) width 34: "PASS"
        LayoutText {#text} at (33,0) size 5x18
          text run at (33,0) width 5: " "
        LayoutInline {STRONG} at (0,0) size 38x18
          LayoutText {#text} at (37,0) size 38x18
            text run at (37,0) width 38: "FAIL"
        LayoutText {#text} at (0,0) size 0x0
      LayoutBlockFlow {P} at (0,102) size 784x18
        LayoutText {#text} at (0,0) size 41x18
          text run at (0,0) width 41: "PASS "
        LayoutInline {DFN} at (0,0) size 33x18 [color=#FFFFFF]
          LayoutText {#text} at (40,0) size 33x18
            text run at (40,0) width 33: "FAIL"
        LayoutText {#text} at (0,0) size 0x0
