layer at (0,0) size 800x600
  LayoutView at (0,0) size 800x600
layer at (0,0) size 800x152
  LayoutBlockFlow {HTML} at (0,0) size 800x152
    LayoutBlockFlow {BODY} at (8,16) size 784x120 [color=#000080]
      LayoutBlockFlow {P} at (0,0) size 784x18
        LayoutText {#text} at (0,0) size 230x18
          text run at (0,0) width 230: "This should be blue and underlined."
      LayoutBlockFlow {P} at (0,34) size 784x18
        LayoutText {#text} at (0,0) size 299x18
          text run at (0,0) width 299: "This sentence should be underlined, including "
        LayoutInline {CODE} at (0,0) size 71x15
          LayoutText {#text} at (298,2) size 71x15
            text run at (298,2) width 71: "this part"
        LayoutText {#text} at (368,0) size 9x18
          text run at (368,0) width 9: ", "
        LayoutInline {CITE} at (0,0) size 55x18
          LayoutText {#text} at (376,0) size 55x18
            text run at (376,0) width 55: "this part"
        LayoutText {#text} at (430,0) size 9x18
          text run at (430,0) width 9: ", "
        LayoutInline {EM} at (0,0) size 54x18
          LayoutText {#text} at (438,0) size 54x18
            text run at (438,0) width 54: "this part"
        LayoutText {#text} at (491,0) size 37x18
          text run at (491,0) width 9: ", "
          text run at (499,0) width 29: "and "
        LayoutInline {STRONG} at (0,0) size 59x18
          LayoutText {#text} at (527,0) size 59x18
            text run at (527,0) width 59: "this part"
        LayoutText {#text} at (585,0) size 5x18
          text run at (585,0) width 5: "."
      LayoutBlockFlow {P} at (0,68) size 784x18
        LayoutText {#text} at (0,0) size 379x18
          text run at (0,0) width 283: "This sentence should also be underlined, as "
          text run at (282,0) width 97: "well as italics, "
        LayoutInline {STRONG} at (0,0) size 123x18
          LayoutText {#text} at (378,0) size 123x18
            text run at (378,0) width 123: "including this part"
        LayoutText {#text} at (500,0) size 5x18
          text run at (500,0) width 5: "."
      LayoutBlockFlow {P} at (0,102) size 784x18
        LayoutText {#text} at (0,0) size 343x18
          text run at (0,0) width 343: "This sentence should be blue but not underlined, like "
        LayoutInline {STRONG} at (0,0) size 59x18
          LayoutText {#text} at (342,0) size 59x18
            text run at (342,0) width 59: "this part"
        LayoutText {#text} at (400,0) size 33x18
          text run at (400,0) width 33: ", but "
        LayoutInline {EM} at (0,0) size 194x18
          LayoutText {#text} at (432,0) size 194x18
            text run at (432,0) width 194: "this part should be underlined"
        LayoutText {#text} at (625,0) size 5x18
          text run at (625,0) width 5: "."
