layer at (0,0) size 800x600
  LayoutView at (0,0) size 800x600
layer at (0,0) size 800x214
  LayoutBlockFlow {HTML} at (0,0) size 800x214
    LayoutBlockFlow {BODY} at (8,8) size 784x198
      LayoutBlockFlow {UL} at (0,0) size 784x144 [color=#FF0000]
        LayoutListItem {LI} at (0,0) size 784x18
          LayoutInline {SPAN} at (0,0) size 138x18 [color=#008000]
            LayoutText {#text} at (0,0) size 138x18
              text run at (0,0) width 138: "This should be green."
          LayoutText {#text} at (0,0) size 0x0
        LayoutListItem {LI} at (0,18) size 784x72
          LayoutBlockFlow (anonymous) at (0,0) size 784x18
            LayoutInline {SPAN} at (0,0) size 138x18 [color=#008000]
              LayoutText {#text} at (0,0) size 138x18
                text run at (0,0) width 138: "This should be green."
            LayoutText {#text} at (0,0) size 0x0
          LayoutBlockFlow {UL} at (0,18) size 784x54
            LayoutListItem {LI} at (0,0) size 784x18
              LayoutInline {SPAN} at (0,0) size 138x18 [color=#008000]
                LayoutText {#text} at (0,0) size 138x18
                  text run at (0,0) width 138: "This should be green."
              LayoutText {#text} at (0,0) size 0x0
            LayoutListItem {LI} at (0,18) size 784x18
              LayoutInline {SPAN} at (0,0) size 138x18 [color=#008000]
                LayoutText {#text} at (0,0) size 138x18
                  text run at (0,0) width 138: "This should be green."
              LayoutText {#text} at (0,0) size 0x0
            LayoutListItem {LI} at (0,36) size 784x18
              LayoutInline {SPAN} at (0,0) size 138x18 [color=#008000]
                LayoutText {#text} at (0,0) size 138x18
                  text run at (0,0) width 138: "This should be green."
              LayoutText {#text} at (0,0) size 0x0
        LayoutListItem {LI} at (0,90) size 784x18
          LayoutInline {SPAN} at (0,0) size 138x18 [color=#008000]
            LayoutText {#text} at (0,0) size 138x18
              text run at (0,0) width 138: "This should be green."
          LayoutText {#text} at (0,0) size 0x0
        LayoutListItem {LI} at (0,108) size 784x18
          LayoutInline {SPAN} at (0,0) size 138x18 [color=#008000]
            LayoutText {#text} at (0,0) size 138x18
              text run at (0,0) width 138: "This should be green."
          LayoutText {#text} at (0,0) size 0x0
        LayoutListItem {LI} at (0,126) size 784x18
          LayoutInline {SPAN} at (0,0) size 138x18 [color=#008000]
            LayoutText {#text} at (0,0) size 138x18
              text run at (0,0) width 138: "This should be green."
          LayoutText {#text} at (0,0) size 0x0
      LayoutBlockFlow {P} at (0,144) size 784x18 [color=#008000]
        LayoutText {#text} at (0,0) size 138x18
          text run at (0,0) width 138: "This should be green."
      LayoutBlockFlow {P} at (0,162) size 784x18 [color=#008000]
        LayoutText {#text} at (0,0) size 138x18
          text run at (0,0) width 138: "This should be green."
      LayoutBlockFlow {P} at (0,180) size 784x18 [color=#008000]
        LayoutText {#text} at (0,0) size 138x18
          text run at (0,0) width 138: "This should be green."
