layer at (0,0) size 800x600
  LayoutView at (0,0) size 800x600
layer at (0,0) size 800x84
  LayoutBlockFlow {HTML} at (0,0) size 800x84
    LayoutBlockFlow {BODY} at (8,16) size 784x52
      LayoutBlockFlow {P} at (0,0) size 784x18
        LayoutText {#text} at (0,0) size 242x18
          text run at (0,0) width 242: "This sentence should have no border. "
        LayoutInline {SPAN} at (0,0) size 279x28 [border: (5px solid #00FF00)]
          LayoutText {#text} at (246,0) size 269x18
            text run at (246,0) width 269: "This sentence should have a green border."
        LayoutText {#text} at (0,0) size 0x0
      LayoutBlockFlow {P} at (0,34) size 784x18
        LayoutInline {SPAN} at (0,0) size 380x34 [bgcolor=#FF0000]
          LayoutInline {SPAN} at (0,0) size 380x34 [bgcolor=#00FF00]
            LayoutText {#text} at (0,0) size 380x18
              text run at (0,0) width 380: "This sentence should be in a green bar, with no red present."
        LayoutText {#text} at (0,0) size 0x0
