layer at (0,0) size 800x600
  LayoutView at (0,0) size 800x600
layer at (0,0) size 800x201
  LayoutBlockFlow {HTML} at (0,0) size 800x201
    LayoutBlockFlow {BODY} at (8,16) size 784x153
      LayoutBlockFlow {P} at (0,0) size 784x18 [color=#0000FF]
        LayoutText {#text} at (0,0) size 268x18
          text run at (0,0) width 268: "There should be no border around the cat:"
      LayoutBlockFlow {DIV} at (32,50) size 720x103 [color=#FF0000]
        LayoutInline {A} at (0,0) size 98x18 [color=#0000EE]
          LayoutImage {IMG} at (0,0) size 98x99
        LayoutText {#text} at (0,0) size 0x0
