layer at (0,0) size 800x600
  LayoutView at (0,0) size 800x600
layer at (0,0) size 800x84
  LayoutBlockFlow {HTML} at (0,0) size 800x84
    LayoutBlockFlow {BODY} at (8,16) size 784x52
      LayoutBlockFlow {P} at (0,0) size 784x18
        LayoutInline {SPAN} at (0,0) size 282x22 [border: (3px solid #000000) (1px solid #000000) (3px solid #000000)]
          LayoutText {#text} at (3,0) size 276x18
            text run at (3,0) width 276: "This box should have a thin bottom border."
        LayoutText {#text} at (0,0) size 0x0
      LayoutBlockFlow {P} at (0,34) size 784x18
        LayoutText {#text} at (0,0) size 231x18
          text run at (0,0) width 231: "There should be no red on this line. "
        LayoutInline {SPAN} at (0,0) size 13x18 [color=#FF0000]
          LayoutText {#text} at (230,0) size 13x18
            text run at (230,0) width 13: "   "
        LayoutText {#text} at (0,0) size 0x0
