layer at (0,0) size 800x600
  LayoutView at (0,0) size 800x600
layer at (0,0) size 800x107
  LayoutBlockFlow {HTML} at (0,0) size 800x107
    LayoutBlockFlow {BODY} at (8,16) size 784x83
      LayoutBlockFlow {P} at (0,0) size 784x18 [color=#000080]
        LayoutText {#text} at (0,0) size 280x18
          text run at (0,0) width 280: "The following two bars should be identical:"
      LayoutBlockFlow {DIV} at (30,34) size 75x15
        LayoutBlockFlow {P} at (0,0) size 75x15 [color=#00FF00] [bgcolor=#FFFF00]
          LayoutText {#text} at (0,0) size 45x15
            text run at (0,0) width 45: "xx "
          LayoutInline {SPAN} at (0,0) size 30x15 [color=#FFA500] [bgcolor=#FF0000]
            LayoutText {#text} at (-15,0) size 30x15
              text run at (-15,0) width 30: "xx"
      LayoutBlockFlow {DIV} at (0,64) size 784x19
        LayoutImage {IMG} at (0,0) size 15x15
        LayoutImage {IMG} at (15,0) size 15x15
        LayoutImage {IMG} at (30,0) size 15x15
        LayoutImage {IMG} at (45,0) size 15x15
        LayoutImage {IMG} at (60,0) size 15x15
        LayoutImage {IMG} at (75,0) size 15x15
        LayoutImage {IMG} at (90,0) size 15x15
        LayoutText {#text} at (0,0) size 0x0
