layer at (0,0) size 800x600
  LayoutView at (0,0) size 800x600
layer at (0,0) size 800x126
  LayoutBlockFlow {HTML} at (0,0) size 800x126
    LayoutBlockFlow {BODY} at (8,16) size 784x94
      LayoutBlockFlow {P} at (0,0) size 784x18
        LayoutText {#text} at (0,0) size 245x18
          text run at (0,0) width 245: "The next two bars should be identical:"
      LayoutBlockFlow {DIV} at (16,34) size 134x22 [border: (3px solid #000000)]
        LayoutBlockFlow {P} at (3,3) size 128x16 [color=#FFA500] [bgcolor=#FFFF00]
          LayoutText {#text} at (0,0) size 64x16
            text run at (0,0) width 64: "TEST"
      LayoutBlockFlow {DIV} at (16,72) size 134x22 [bgcolor=#FF0000] [border: (3px solid #000000)]
        LayoutImage {IMG} at (3,3) size 64x16
        LayoutImage {IMG} at (67,3) size 64x16
        LayoutText {#text} at (0,0) size 0x0
