layer at (0,0) size 800x600
  LayoutView at (0,0) size 800x600
layer at (0,0) size 800x332
  LayoutBlockFlow {HTML} at (0,0) size 800x332
    LayoutBlockFlow {BODY} at (8,16) size 784x300 [color=#0000FF]
      LayoutBlockFlow {P} at (0,0) size 784x42
        LayoutText {#text} at (0,4) size 505x18
          text run at (0,4) width 505: "There should be a solid blue line directly under every occurrence of the word \""
        LayoutInline {SPAN} at (0,0) size 62x20 [border: none (2px solid #0000FF) none]
          LayoutText {#text} at (504,4) size 62x18
            text run at (504,4) width 62: "HERE \x{21E9}"
        LayoutText {#text} at (565,4) size 783x38
          text run at (565,4) width 218: "\". (So there should be 8 blue lines"
          text run at (0,24) width 87: "on this page.)"
      LayoutTable {TABLE} at (0,58) size 140x94
        LayoutTableSection {TBODY} at (0,0) size 140x94
          LayoutTableRow {TR} at (0,2) size 140x28
            LayoutTableCell {TD} at (2,2) size 136x28 [border: none (2px solid #0000FF) none] [r=0 c=0 rs=1 cs=2]
              LayoutText {#text} at (37,5) size 62x18
                text run at (37,5) width 62: "HERE \x{21E9}"
          LayoutTableRow {TR} at (0,32) size 140x60
            LayoutTableCell {TD} at (2,48) size 64x28 [border: none (2px solid #0000FF) none] [r=1 c=0 rs=1 cs=1]
              LayoutText {#text} at (1,5) size 62x18
                text run at (1,5) width 62: "HERE \x{21E9}"
            LayoutTableCell {TD} at (68,32) size 70x60 [border: none (2px solid #0000FF) none] [r=1 c=1 rs=1 cs=1]
              LayoutTable {TABLE} at (1,1) size 68x32
                LayoutTableSection {TBODY} at (0,0) size 68x32
                  LayoutTableRow {TR} at (0,2) size 68x28
                    LayoutTableCell {TD} at (2,2) size 64x28 [border: none (2px solid #0000FF) none] [r=0 c=0 rs=1 cs=1]
                      LayoutText {#text} at (1,5) size 62x18
                        text run at (1,5) width 62: "HERE \x{21E9}"
              LayoutBlockFlow (anonymous) at (1,33) size 68x24
                LayoutText {#text} at (3,4) size 62x18
                  text run at (3,4) width 62: "HERE \x{21E9}"
      LayoutBlockFlow {UL} at (0,168) size 784x132
        LayoutListItem {LI} at (40,0) size 744x80 [border: none (2px solid #0000FF) none]
          LayoutBlockFlow {UL} at (0,0) size 744x54
            LayoutListItem {LI} at (40,0) size 704x18
              LayoutListMarker (anonymous) at (-57,0) size 7x18: bullet
              LayoutListMarker (anonymous) at (-17,0) size 7x18: white bullet
              LayoutText {#text} at (0,0) size 77x18
                text run at (0,0) width 77: "dummy text"
            LayoutListItem {LI} at (40,18) size 704x18
              LayoutListMarker (anonymous) at (-17,0) size 7x18: white bullet
              LayoutText {#text} at (0,0) size 77x18
                text run at (0,0) width 77: "dummy text"
            LayoutListItem {LI} at (40,36) size 704x18
              LayoutListMarker (anonymous) at (-17,0) size 7x18: white bullet
              LayoutText {#text} at (0,0) size 77x18
                text run at (0,0) width 77: "dummy text"
          LayoutBlockFlow (anonymous) at (0,54) size 744x24
            LayoutText {#text} at (0,4) size 62x18
              text run at (0,4) width 62: "HERE \x{21E9}"
        LayoutListItem {LI} at (40,80) size 744x26 [border: none (2px solid #0000FF) none]
          LayoutListMarker (anonymous) at (-17,4) size 7x18: bullet
          LayoutText {#text} at (0,4) size 62x18
            text run at (0,4) width 62: "HERE \x{21E9}"
        LayoutListItem {LI} at (40,106) size 744x26 [border: none (2px solid #0000FF) none]
          LayoutListMarker (anonymous) at (-17,4) size 7x18: bullet
          LayoutText {#text} at (0,4) size 62x18
            text run at (0,4) width 62: "HERE \x{21E9}"
