layer at (0,0) size 800x600
  LayoutView at (0,0) size 800x600
layer at (0,0) size 800x95
  LayoutBlockFlow {HTML} at (0,0) size 800x95
    LayoutBlockFlow {BODY} at (8,16) size 784x63
      LayoutBlockFlow {P} at (0,0) size 784x28 [color=#0000FF] [border: none (10px double #0000FF) none]
        LayoutText {#text} at (0,0) size 382x18
          text run at (0,0) width 382: "This paragraph should have two blue lines directly under it."
      LayoutBlockFlow {P} at (0,44) size 784x19 [color=#0000FF] [border: none (1px solid #0000FF) none]
        LayoutText {#text} at (0,0) size 430x18
          text run at (0,0) width 430: "This paragraph should have a single thin blue line directly under it."
