layer at (0,0) size 800x600
  LayoutView at (0,0) size 800x600
layer at (0,0) size 800x116
  LayoutBlockFlow {HTML} at (0,0) size 800x116
    LayoutBlockFlow {BODY} at (8,16) size 784x84
      LayoutBlockFlow {P} at (0,0) size 784x18 [color=#000080]
        LayoutText {#text} at (0,0) size 256x18
          text run at (0,0) width 256: "The two bars below should be identical:"
      LayoutBlockFlow {DIV} at (15,34) size 105x15 [bgcolor=#FF0000]
        LayoutBlockFlow {DIV} at (0,0) size 105x15 [color=#008000] [bgcolor=#00FF00]
          LayoutText {#text} at (0,0) size 15x15
            text run at (0,0) width 15: "x"
          LayoutInline {SPAN} at (0,0) size 45x15 [color=#FFFF00] [bgcolor=#FFA500]
            LayoutText {#text} at (30,0) size 45x15
              text run at (30,0) width 45: " x "
          LayoutText {#text} at (90,0) size 15x15
            text run at (90,0) width 15: "x"
      LayoutBlockFlow {DIV} at (16,65) size 752x19
        LayoutImage {IMG} at (0,0) size 15x15
        LayoutImage {IMG} at (15,0) size 15x15
        LayoutImage {IMG} at (30,0) size 15x15
        LayoutImage {IMG} at (45,0) size 15x15
        LayoutImage {IMG} at (60,0) size 15x15
        LayoutImage {IMG} at (75,0) size 15x15
        LayoutImage {IMG} at (90,0) size 15x15
        LayoutText {#text} at (0,0) size 0x0
