layer at (0,0) size 800x600
  LayoutView at (0,0) size 800x600
layer at (0,0) size 800x246
  LayoutBlockFlow {HTML} at (0,0) size 800x246
    LayoutBlockFlow {BODY} at (8,48) size 784x150
      LayoutBlockFlow {P} at (48,0) size 688x18
        LayoutInline {SPAN} at (0,0) size 243x24 [border: (3px solid #008000)]
          LayoutText {#text} at (3,0) size 237x18
            text run at (3,0) width 237: "This box should have a green border."
        LayoutText {#text} at (0,0) size 0x0
      LayoutBlockFlow {P} at (48,66) size 688x18
        LayoutInline {SPAN} at (0,0) size 243x24 [border: (3px solid #008000)]
          LayoutText {#text} at (3,0) size 237x18
            text run at (3,0) width 237: "This box should have a green border."
        LayoutText {#text} at (0,0) size 0x0
      LayoutBlockFlow {P} at (48,132) size 688x18
        LayoutInline {SPAN} at (0,0) size 594x82 [border: (32px solid #800080) (32px solid #008000) (32px solid #0000FF) (32px solid #FFFF00)]
          LayoutText {#text} at (32,0) size 530x18
            text run at (32,0) width 530: "Clockwise from top, the borders should be: PURPLE, GREEN, BLUE, YELLOW."
        LayoutText {#text} at (0,0) size 0x0
