layer at (0,0) size 800x600
  LayoutView at (0,0) size 800x600
layer at (0,0) size 800x152
  LayoutBlockFlow {HTML} at (0,0) size 800x152
    LayoutBlockFlow {BODY} at (8,16) size 784x120
      LayoutBlockFlow {P} at (0,0) size 784x18
        LayoutText {#text} at (0,0) size 273x18
          text run at (0,0) width 273: "The borders below should be as described:"
      LayoutBlockFlow {P} at (0,34) size 784x18
        LayoutInline {SPAN} at (0,0) size 127x28 [border: (5px dashed #000000)]
          LayoutText {#text} at (5,0) size 117x18
            text run at (5,0) width 117: "Black and dashed."
        LayoutText {#text} at (0,0) size 0x0
      LayoutBlockFlow {P} at (0,68) size 784x18
        LayoutInline {SPAN} at (0,0) size 145x28 [border: (5px groove #FFA500)]
          LayoutText {#text} at (5,0) size 135x18
            text run at (5,0) width 135: "Orange and grooved."
        LayoutText {#text} at (0,0) size 0x0
      LayoutBlockFlow {P} at (0,102) size 784x18
        LayoutInline {SPAN} at (0,0) size 69x18
          LayoutText {#text} at (0,0) size 69x18
            text run at (0,0) width 69: "No border."
        LayoutText {#text} at (0,0) size 0x0
