layer at (0,0) size 800x600
  LayoutView at (0,0) size 800x600
layer at (0,0) size 800x238
  LayoutBlockFlow {HTML} at (0,0) size 800x238
    LayoutBlockFlow {BODY} at (8,16) size 784x214 [color=#000080]
      LayoutBlockFlow {P} at (0,0) size 784x18
        LayoutText {#text} at (0,0) size 295x18
          text run at (0,0) width 295: "The five \"matches\" below should be identical "
        LayoutInline {STRONG} at (0,0) size 131x18
          LayoutText {#text} at (294,0) size 131x18
            text run at (294,0) width 131: "and equally spaced"
        LayoutText {#text} at (424,0) size 5x18
          text run at (424,0) width 5: "."
      LayoutBlockFlow {DIV} at (0,34) size 200x180 [color=#FFA500]
        LayoutBlockFlow {P} at (0,0) size 200x10 [bgcolor=#A52A2A]
          LayoutImage {IMG} at (0,0) size 24x10
          LayoutText {#text} at (24,0) size 10x10
            text run at (24,0) width 10: "x"
          LayoutImage {IMG} at (34,0) size 142x10
          LayoutImage {IMG} at (176,0) size 24x10
          LayoutText {#text} at (0,0) size 0x0
        LayoutBlockFlow {P} at (24,34) size 152x10 [bgcolor=#A52A2A]
          LayoutText {#text} at (0,0) size 10x10
            text run at (0,0) width 10: "x"
        LayoutBlockFlow {P} at (24,68) size 152x10 [bgcolor=#A52A2A]
          LayoutText {#text} at (0,0) size 10x10
            text run at (0,0) width 10: "x"
        LayoutBlockFlow {P} at (24,102) size 152x10 [bgcolor=#A52A2A]
          LayoutText {#text} at (0,0) size 10x10
            text run at (0,0) width 10: "x"
        LayoutBlockFlow {P} at (24,136) size 152x10 [bgcolor=#A52A2A]
          LayoutText {#text} at (0,0) size 10x10
            text run at (0,0) width 10: "x"
        LayoutBlockFlow {P} at (0,170) size 200x10 [bgcolor=#A52A2A]
          LayoutImage {IMG} at (0,0) size 24x10
          LayoutText {#text} at (24,0) size 10x10
            text run at (24,0) width 10: "x"
          LayoutImage {IMG} at (34,0) size 142x10
          LayoutImage {IMG} at (176,0) size 24x10
          LayoutText {#text} at (0,0) size 0x0
