layer at (0,0) size 800x600
  LayoutView at (0,0) size 800x600
layer at (0,0) size 800x240
  LayoutBlockFlow {HTML} at (0,0) size 800x240
    LayoutBlockFlow {BODY} at (8,16) size 784x208
      LayoutBlockFlow {P} at (0,0) size 764x96 [color=#0000FF] [border: none (10px double #0000FF) none]
        LayoutText {#text} at (0,4) size 373x18
          text run at (0,4) width 373: "This paragraph should have two blue lines on its right. \x{21E8} "
        LayoutInline {SPAN} at (0,0) size 752x92 [color=#C0C0C0]
          LayoutText {#text} at (372,4) size 752x92
            text run at (372,4) width 373: "dummy text dummy text dummy text dummy text dummy"
            text run at (0,24) width 81: "text dummy "
            text run at (80,24) width 487: "text dummy text dummy text dummy text dummy text dummy text dummy "
            text run at (566,24) width 186: "text dummy text dummy text"
            text run at (0,42) width 296: "dummy text dummy text dummy text dummy "
            text run at (295,42) width 429: "text dummy text dummy text dummy text dummy text dummy text"
            text run at (0,60) width 53: "dummy "
            text run at (52,60) width 487: "text dummy text dummy text dummy text dummy text dummy text dummy "
            text run at (538,60) width 186: "text dummy text dummy text"
            text run at (0,78) width 158: "dummy text dummy text"
        LayoutText {#text} at (0,0) size 0x0
      LayoutBlockFlow {P} at (0,112) size 764x96 [color=#0000FF] [border: none (1px solid #0000FF) none]
        LayoutText {#text} at (0,4) size 379x18
          text run at (0,4) width 379: "This paragraph should have a thin blue line on its right. \x{21E8} "
        LayoutInline {SPAN} at (0,0) size 752x92 [color=#C0C0C0]
          LayoutText {#text} at (378,4) size 752x92
            text run at (378,4) width 373: "dummy text dummy text dummy text dummy text dummy"
            text run at (0,24) width 81: "text dummy "
            text run at (80,24) width 487: "text dummy text dummy text dummy text dummy text dummy text dummy "
            text run at (566,24) width 186: "text dummy text dummy text"
            text run at (0,42) width 296: "dummy text dummy text dummy text dummy "
            text run at (295,42) width 429: "text dummy text dummy text dummy text dummy text dummy text"
            text run at (0,60) width 53: "dummy "
            text run at (52,60) width 487: "text dummy text dummy text dummy text dummy text dummy text dummy "
            text run at (538,60) width 186: "text dummy text dummy text"
            text run at (0,78) width 158: "dummy text dummy text"
        LayoutText {#text} at (0,0) size 0x0
