layer at (0,0) size 800x600
  LayoutView at (0,0) size 800x600
layer at (0,0) size 800x297
  LayoutBlockFlow {HTML} at (0,0) size 800x297
    LayoutBlockFlow {BODY} at (8,16) size 784x265 [color=#0000FF]
      LayoutBlockFlow {P} at (0,0) size 784x37
        LayoutText {#text} at (0,1) size 491x18
          text run at (0,1) width 491: "There should be a solid blue line directly over every occurance of the word \""
        LayoutInline {SPAN} at (0,0) size 63x20 [border: (2px solid #0000FF) none]
          LayoutText {#text} at (490,1) size 63x18
            text run at (490,1) width 63: "HERE \x{21E7}"
        LayoutText {#text} at (552,1) size 769x36
          text run at (552,1) width 217: "\". (So there should be 8 blue lines"
          text run at (0,19) width 87: "on this page.)"
      LayoutTable {TABLE} at (0,53) size 140x79
        LayoutTableSection {TBODY} at (0,0) size 140x79
          LayoutTableRow {TR} at (0,2) size 140x23
            LayoutTableCell {TD} at (2,2) size 136x23 [border: (2px solid #0000FF) none] [r=0 c=0 rs=1 cs=2]
              LayoutText {#text} at (37,4) size 62x18
                text run at (37,4) width 62: "HERE \x{21E7}"
          LayoutTableRow {TR} at (0,27) size 140x50
            LayoutTableCell {TD} at (2,40) size 64x23 [border: (2px solid #0000FF) none] [r=1 c=0 rs=1 cs=1]
              LayoutText {#text} at (1,4) size 62x18
                text run at (1,4) width 62: "HERE \x{21E7}"
            LayoutTableCell {TD} at (68,27) size 70x50 [border: (2px solid #0000FF) none] [r=1 c=1 rs=1 cs=1]
              LayoutBlockFlow (anonymous) at (1,3) size 68x19
                LayoutText {#text} at (3,1) size 62x18
                  text run at (3,1) width 62: "HERE \x{21E7}"
              LayoutTable {TABLE} at (1,22) size 68x27
                LayoutTableSection {TBODY} at (0,0) size 68x27
                  LayoutTableRow {TR} at (0,2) size 68x23
                    LayoutTableCell {TD} at (2,2) size 64x23 [border: (2px solid #0000FF) none] [r=0 c=0 rs=1 cs=1]
                      LayoutText {#text} at (1,4) size 62x18
                        text run at (1,4) width 62: "HERE \x{21E7}"
      LayoutBlockFlow {UL} at (0,148) size 784x117
        LayoutListItem {LI} at (40,0) size 744x75 [border: (2px solid #0000FF) none]
          LayoutBlockFlow (anonymous) at (0,2) size 744x19
            LayoutListMarker (anonymous) at (-17,1) size 7x18: bullet
            LayoutText {#text} at (0,1) size 62x18
              text run at (0,1) width 62: "HERE \x{21E7}"
          LayoutBlockFlow {UL} at (0,21) size 744x54
            LayoutListItem {LI} at (40,0) size 704x18
              LayoutListMarker (anonymous) at (-17,0) size 7x18: white bullet
              LayoutText {#text} at (0,0) size 77x18
                text run at (0,0) width 77: "dummy text"
            LayoutListItem {LI} at (40,18) size 704x18
              LayoutListMarker (anonymous) at (-17,0) size 7x18: white bullet
              LayoutText {#text} at (0,0) size 77x18
                text run at (0,0) width 77: "dummy text"
            LayoutListItem {LI} at (40,36) size 704x18
              LayoutListMarker (anonymous) at (-17,0) size 7x18: white bullet
              LayoutText {#text} at (0,0) size 77x18
                text run at (0,0) width 77: "dummy text"
        LayoutListItem {LI} at (40,75) size 744x21 [border: (2px solid #0000FF) none]
          LayoutListMarker (anonymous) at (-17,3) size 7x18: bullet
          LayoutText {#text} at (0,3) size 62x18
            text run at (0,3) width 62: "HERE \x{21E7}"
        LayoutListItem {LI} at (40,96) size 744x21 [border: (2px solid #0000FF) none]
          LayoutListMarker (anonymous) at (-17,3) size 7x18: bullet
          LayoutText {#text} at (0,3) size 62x18
            text run at (0,3) width 62: "HERE \x{21E7}"
