layer at (0,0) size 800x600
  LayoutView at (0,0) size 800x600
layer at (0,0) size 800x318
  LayoutBlockFlow {HTML} at (0,0) size 800x318
    LayoutBlockFlow {BODY} at (8,8) size 784x302
      LayoutBlockFlow {DIV} at (0,0) size 784x18
        LayoutText {#text} at (0,0) size 348x18
          text run at (0,0) width 348: "The blue bits of text should be decorated as described."
      LayoutBlockFlow {P} at (0,34) size 784x234 [color=#C0C0C0]
        LayoutText {#text} at (0,0) size 777x54
          text run at (0,0) width 486: "dummy text dummy text dummy text dummy text dummy text dummy text "
          text run at (485,0) width 292: "dummy text dummy text dummy text dummy"
          text run at (0,18) width 190: "text dummy text dummy text "
          text run at (189,18) width 487: "dummy text dummy text dummy text dummy text dummy text dummy text "
          text run at (675,18) width 77: "dummy text"
          text run at (0,36) width 405: "dummy text dummy text dummy text dummy text dummy text "
        LayoutInline {SPAN} at (0,0) size 777x36 [color=#0000FF] [border: none (10px double #0000FF) none]
          LayoutInline {SPAN} at (0,0) size 777x36 [color=#C0C0C0]
            LayoutText {#text} at (404,36) size 777x36
              text run at (404,36) width 324: "dummy text dummy text dummy text dummy text "
              text run at (727,36) width 50: "dummy"
              text run at (0,54) width 433: "text dummy text dummy text dummy text dummy text dummy text "
              text run at (432,54) width 159: "dummy text dummy text"
          LayoutText {#text} at (590,54) size 134x18
            text run at (590,54) width 134: " two blue lines here: "
        LayoutText {#text} at (733,54) size 783x108
          text run at (733,54) width 50: "dummy"
          text run at (0,72) width 486: "text dummy text dummy text dummy text dummy text dummy text dummy "
          text run at (485,72) width 267: "text dummy text dummy text dummy text"
          text run at (0,90) width 215: "dummy text dummy text dummy "
          text run at (214,90) width 486: "text dummy text dummy text dummy text dummy text dummy text dummy "
          text run at (699,90) width 78: "text dummy"
          text run at (0,108) width 405: "text dummy text dummy text dummy text dummy text dummy "
          text run at (404,108) width 348: "text dummy text dummy text dummy text dummy text"
          text run at (0,126) width 134: "dummy text dummy "
          text run at (133,126) width 487: "text dummy text dummy text dummy text dummy text dummy text dummy "
          text run at (619,126) width 158: "text dummy text dummy"
          text run at (0,144) width 109: "text dummy text "
        LayoutInline {SPAN} at (0,0) size 154x18 [color=#0000FF] [border: none (1px solid #0000FF) none]
          LayoutText {#text} at (108,144) size 153x18
            text run at (108,144) width 57: "one thin "
            text run at (164,144) width 97: "blue line here: "
        LayoutText {#text} at (261,144) size 777x90
          text run at (261,144) width 324: "dummy text dummy text dummy text dummy text "
          text run at (584,144) width 159: "dummy text dummy text"
          text run at (0,162) width 324: "dummy text dummy text dummy text dummy text "
          text run at (323,162) width 454: "dummy text dummy text dummy text dummy text dummy text dummy"
          text run at (0,180) width 28: "text "
          text run at (27,180) width 487: "dummy text dummy text dummy text dummy text dummy text dummy text "
          text run at (513,180) width 239: "dummy text dummy text dummy text"
          text run at (0,198) width 243: "dummy text dummy text dummy text "
          text run at (242,198) width 486: "dummy text dummy text dummy text dummy text dummy text dummy text "
          text run at (727,198) width 50: "dummy"
          text run at (0,216) width 348: "text dummy text dummy text dummy text dummy text"
      LayoutBlockFlow {DIV} at (0,284) size 784x18
        LayoutText {#text} at (0,0) size 425x18
          text run at (0,0) width 425: "(All the lines of text in the block above should be equally spaced.)"
