layer at (0,0) size 800x600
  LayoutView at (0,0) size 800x600
layer at (0,0) size 800x310
  LayoutBlockFlow {HTML} at (0,0) size 800x310
    LayoutBlockFlow {BODY} at (8,8) size 784x286
      LayoutBlockFlow {P} at (0,0) size 784x18 [color=#000080]
        LayoutText {#text} at (0,0) size 324x18
          text run at (0,0) width 324: "The following two diagrams should look identical."
      LayoutBlockFlow {DIV} at (16,34) size 166x118 [color=#008080] [bgcolor=#FFA500] [border: (3px solid #000000)]
        LayoutBlockFlow {UL} at (19,19) size 128x80 [bgcolor=#FFFF00]
          LayoutListItem {LI} at (0,0) size 128x16
            LayoutText {#text} at (0,0) size 16x16
              text run at (0,0) width 16: "-"
          LayoutListItem {LI} at (16,32) size 96x16 [bgcolor=#00FFFF]
            LayoutText {#text} at (0,0) size 16x16
              text run at (0,0) width 16: "-"
          LayoutListItem {LI} at (0,64) size 128x16
            LayoutText {#text} at (0,0) size 16x16
              text run at (0,0) width 16: "-"
      LayoutBlockFlow {DIV} at (16,168) size 166x118 [bgcolor=#FF0000] [border: (3px solid #000000)]
        LayoutBlockFlow {DIV} at (3,3) size 160x112 [bgcolor=#FFFF00] [border: (16px solid #FFA500)]
          LayoutBlockFlow {DIV} at (16,16) size 16x16 [bgcolor=#008080]
          LayoutBlockFlow {DIV} at (16,32) size 128x48 [bgcolor=#00FFFF] [border: (16px solid #FFFF00)]
            LayoutBlockFlow {DIV} at (16,16) size 16x16 [bgcolor=#008080]
          LayoutBlockFlow {DIV} at (16,80) size 16x16 [bgcolor=#008080]
