layer at (0,0) size 800x600
  LayoutView at (0,0) size 800x600
layer at (0,0) size 800x86
  LayoutBlockFlow {HTML} at (0,0) size 800x86
    LayoutBlockFlow {BODY} at (8,16) size 784x54
      LayoutBlockFlow {P} at (0,0) size 176x54 [bgcolor=#FFFFFF] [border: none (16px solid #008000)]
        LayoutText {#text} at (16,0) size 154x54
          text run at (16,0) width 154: "There should be a green"
          text run at (16,18) width 146: "block to the left of this"
          text run at (16,36) width 28: "text."
