layer at (0,0) size 800x600
  LayoutView at (0,0) size 800x600
layer at (0,0) size 800x150
  LayoutBlockFlow {HTML} at (0,0) size 800x150
    LayoutBlockFlow {BODY} at (8,16) size 784x124 [color=#000080]
      LayoutBlockFlow {P} at (0,0) size 784x18
        LayoutText {#text} at (0,0) size 295x18
          text run at (0,0) width 295: "The five \"matches\" below should be identical."
      LayoutBlockFlow {DIV} at (0,34) size 200x90 [color=#FFA500]
        LayoutBlockFlow {P} at (0,0) size 200x10 [bgcolor=#A52A2A]
          LayoutText {#text} at (142,0) size 10x10
            text run at (142,0) width 10: "x"
          LayoutImage {IMG} at (152,0) size 48x10
          LayoutText {#text} at (0,0) size 0x0
        LayoutBlockFlow {P} at (0,20) size 152x10 [bgcolor=#A52A2A]
          LayoutText {#text} at (142,0) size 10x10
            text run at (142,0) width 10: "x"
        LayoutBlockFlow {P} at (0,40) size 152x10 [bgcolor=#A52A2A]
          LayoutText {#text} at (142,0) size 10x10
            text run at (142,0) width 10: "x"
        LayoutBlockFlow {P} at (0,60) size 152x10 [bgcolor=#A52A2A]
          LayoutText {#text} at (142,0) size 10x10
            text run at (142,0) width 10: "x"
        LayoutBlockFlow {P} at (0,80) size 152x10 [bgcolor=#A52A2A]
          LayoutText {#text} at (142,0) size 10x10
            text run at (142,0) width 10: "x"
