layer at (0,0) size 800x600
  LayoutView at (0,0) size 800x600
layer at (0,0) size 800x170
  LayoutBlockFlow {HTML} at (0,0) size 800x170
    LayoutBlockFlow {BODY} at (8,16) size 784x138
      LayoutBlockFlow {P} at (0,0) size 784x18
        LayoutText {#text} at (0,0) size 456x18
          text run at (0,0) width 456: "The three boxes below should have progressively thinner right borders."
      LayoutBlockFlow {P} at (0,34) size 784x24 [border: (3px solid #000000) (5px solid #000000) (3px solid #000000)]
        LayoutText {#text} at (3,3) size 12x18
          text run at (3,3) width 12: "A"
      LayoutBlockFlow {P} at (0,74) size 784x24 [border: (3px solid #000000)]
        LayoutText {#text} at (3,3) size 11x18
          text run at (3,3) width 11: "B"
      LayoutBlockFlow {P} at (0,114) size 784x24 [border: (3px solid #000000) (1px solid #000000) (3px solid #000000)]
        LayoutText {#text} at (3,3) size 11x18
          text run at (3,3) width 11: "C"
