layer at (0,0) size 800x600
  LayoutView at (0,0) size 800x600
layer at (0,0) size 800x37
  LayoutBlockFlow {HTML} at (0,0) size 800x37
    LayoutBlockFlow {BODY} at (8,8) size 784x21
      LayoutBlockFlow {DIV} at (0,0) size 784x21 [color=#000080]
        LayoutBlockFlow {DIV} at (0,0) size 784x21 [border: none (3px solid #000080)]
          LayoutText {#text} at (3,0) size 268x18
            text run at (3,0) width 268: "This box should be open ended at the top."
