layer at (0,0) size 800x600
  LayoutView at (0,0) size 800x600
layer at (0,0) size 800x290
  LayoutBlockFlow {HTML} at (0,0) size 800x290
    LayoutBlockFlow {BODY} at (8,16) size 784x258 [color=#0000FF]
      LayoutBlockFlow {P} at (0,0) size 784x48
        LayoutText {#text} at (0,22) size 489x18
          text run at (0,22) width 489: "There should be a solid blue line to the left of every occurance of the word \""
        LayoutInline {SPAN} at (0,0) size 138x37 [border: none (2px solid #0000FF)]
          LayoutText {#text} at (490,7) size 136x37
            text run at (490,7) width 136: "\x{21E6}THERE"
        LayoutText {#text} at (625,22) size 11x18
          text run at (625,22) width 11: "\"."
      LayoutTable {TABLE} at (0,64) size 294x160
        LayoutTableSection {TBODY} at (0,0) size 294x160
          LayoutTableRow {TR} at (0,2) size 294x50
            LayoutTableCell {TD} at (2,2) size 290x50 [border: none (2px solid #0000FF)] [r=0 c=0 rs=1 cs=2]
              LayoutText {#text} at (3,8) size 136x37
                text run at (3,8) width 136: "\x{21E6}THERE"
          LayoutTableRow {TR} at (0,54) size 294x104
            LayoutTableCell {TD} at (2,81) size 140x50 [border: none (2px solid #0000FF)] [r=1 c=0 rs=1 cs=1]
              LayoutText {#text} at (3,8) size 136x37
                text run at (3,8) width 136: "\x{21E6}THERE"
            LayoutTableCell {TD} at (144,54) size 148x104 [border: none (2px solid #0000FF)] [r=1 c=1 rs=1 cs=1]
              LayoutBlockFlow (anonymous) at (3,1) size 144x48
                LayoutText {#text} at (0,7) size 136x37
                  text run at (0,7) width 136: "\x{21E6}THERE"
              LayoutTable {TABLE} at (3,49) size 144x54
                LayoutTableSection {TBODY} at (0,0) size 144x54
                  LayoutTableRow {TR} at (0,2) size 144x50
                    LayoutTableCell {TD} at (2,2) size 140x50 [border: none (2px solid #0000FF)] [r=0 c=0 rs=1 cs=1]
                      LayoutText {#text} at (3,8) size 136x37
                        text run at (3,8) width 136: "\x{21E6}THERE"
      LayoutBlockFlow {P} at (0,240) size 784x18
        LayoutText {#text} at (0,0) size 344x18
          text run at (0,0) width 344: "There should be 3 short lines and 2 long lines in total."
