layer at (0,0) size 800x600
  LayoutView at (0,0) size 800x600
layer at (0,0) size 800x330
  LayoutBlockFlow {HTML} at (0,0) size 800x330
    LayoutBlockFlow {BODY} at (8,8) size 784x314
      LayoutBlockFlow {DIV} at (0,0) size 784x18
        LayoutText {#text} at (0,0) size 348x18
          text run at (0,0) width 348: "The blue bits of text should be decorated as described."
      LayoutBlockFlow {P} at (0,34) size 784x246 [color=#C0C0C0]
        LayoutText {#text} at (0,0) size 777x58
          text run at (0,0) width 486: "dummy text dummy text dummy text dummy text dummy text dummy text "
          text run at (485,0) width 292: "dummy text dummy text dummy text dummy"
          text run at (0,18) width 190: "text dummy text dummy text "
          text run at (189,18) width 487: "dummy text dummy text dummy text dummy text dummy text dummy text "
          text run at (675,18) width 77: "dummy text"
          text run at (0,40) width 405: "dummy text dummy text dummy text dummy text dummy text "
        LayoutInline {SPAN} at (0,0) size 777x56 [color=#0000FF] [border: none (10px double #0000FF)]
          LayoutText {#text} at (414,40) size 180x18
            text run at (414,40) width 180: "\x{21E6} two blue lines to the left "
          LayoutInline {SPAN} at (0,0) size 777x56 [color=#C0C0C0]
            LayoutText {#text} at (593,40) size 777x56
              text run at (593,40) width 54: "dummy "
              text run at (646,40) width 106: "text dummy text"
              text run at (0,60) width 377: "dummy text dummy text dummy text dummy text dummy "
              text run at (376,60) width 401: "text dummy text dummy text dummy text dummy text dummy"
              text run at (0,78) width 24: "text"
          LayoutText {#text} at (23,78) size 5x18
            text run at (23,78) width 5: " "
        LayoutText {#text} at (27,78) size 777x94
          text run at (27,78) width 406: "dummy text dummy text dummy text dummy text dummy text "
          text run at (432,78) width 320: "dummy text dummy text dummy text dummy text"
          text run at (0,96) width 162: "dummy text dummy text "
          text run at (161,96) width 487: "dummy text dummy text dummy text dummy text dummy text dummy text "
          text run at (647,96) width 130: "dummy text dummy"
          text run at (0,114) width 352: "text dummy text dummy text dummy text dummy text "
          text run at (351,114) width 401: "dummy text dummy text dummy text dummy text dummy text"
          text run at (0,132) width 81: "dummy text "
          text run at (80,132) width 487: "dummy text dummy text dummy text dummy text dummy text dummy text "
          text run at (566,132) width 211: "dummy text dummy text dummy"
          text run at (0,154) width 190: "text dummy text dummy text "
        LayoutInline {SPAN} at (0,0) size 203x18 [color=#0000FF] [border: none (1px solid #0000FF)]
          LayoutText {#text} at (190,154) size 202x18
            text run at (190,154) width 202: "\x{21E6} one thin blue line to the left "
        LayoutText {#text} at (391,154) size 777x92
          text run at (391,154) width 54: "dummy "
          text run at (444,154) width 321: "text dummy text dummy text dummy text dummy"
          text run at (0,174) width 162: "text dummy text dummy "
          text run at (161,174) width 487: "text dummy text dummy text dummy text dummy text dummy text dummy "
          text run at (647,174) width 105: "text dummy text"
          text run at (0,192) width 377: "dummy text dummy text dummy text dummy text dummy "
          text run at (376,192) width 401: "text dummy text dummy text dummy text dummy text dummy"
          text run at (0,210) width 81: "text dummy "
          text run at (80,210) width 487: "text dummy text dummy text dummy text dummy text dummy text dummy "
          text run at (566,210) width 186: "text dummy text dummy text"
          text run at (0,228) width 296: "dummy text dummy text dummy text dummy "
          text run at (295,228) width 187: "text dummy text dummy text"
      LayoutBlockFlow {DIV} at (0,296) size 784x18
        LayoutText {#text} at (0,0) size 425x18
          text run at (0,0) width 425: "(All the lines of text in the block above should be equally spaced.)"
