layer at (0,0) size 800x600
  LayoutView at (0,0) size 800x600
layer at (0,0) size 800x240
  LayoutBlockFlow {HTML} at (0,0) size 800x240
    LayoutBlockFlow {BODY} at (8,16) size 784x208
      LayoutBlockFlow {P} at (20,0) size 764x96 [color=#0000FF] [border: none (10px double #0000FF)]
        LayoutText {#text} at (10,4) size 364x18
          text run at (10,4) width 364: "\x{21E6} This paragraph should have two blue lines on its left. "
        LayoutInline {SPAN} at (0,0) size 752x92 [color=#C0C0C0]
          LayoutText {#text} at (373,4) size 752x92
            text run at (373,4) width 373: "dummy text dummy text dummy text dummy text dummy"
            text run at (10,24) width 81: "text dummy "
            text run at (90,24) width 487: "text dummy text dummy text dummy text dummy text dummy text dummy "
            text run at (576,24) width 186: "text dummy text dummy text"
            text run at (10,42) width 296: "dummy text dummy text dummy text dummy "
            text run at (305,42) width 429: "text dummy text dummy text dummy text dummy text dummy text"
            text run at (10,60) width 53: "dummy "
            text run at (62,60) width 487: "text dummy text dummy text dummy text dummy text dummy text dummy "
            text run at (548,60) width 186: "text dummy text dummy text"
            text run at (10,78) width 158: "dummy text dummy text"
        LayoutText {#text} at (0,0) size 0x0
      LayoutBlockFlow {P} at (20,112) size 764x96 [color=#0000FF] [border: none (1px solid #0000FF)]
        LayoutText {#text} at (1,4) size 370x18
          text run at (1,4) width 370: "\x{21E6} This paragraph should have a thin blue line on its left. "
        LayoutInline {SPAN} at (0,0) size 752x92 [color=#C0C0C0]
          LayoutText {#text} at (370,4) size 752x92
            text run at (370,4) width 373: "dummy text dummy text dummy text dummy text dummy"
            text run at (1,24) width 81: "text dummy "
            text run at (81,24) width 487: "text dummy text dummy text dummy text dummy text dummy text dummy "
            text run at (567,24) width 186: "text dummy text dummy text"
            text run at (1,42) width 296: "dummy text dummy text dummy text dummy "
            text run at (296,42) width 429: "text dummy text dummy text dummy text dummy text dummy text"
            text run at (1,60) width 53: "dummy "
            text run at (53,60) width 487: "text dummy text dummy text dummy text dummy text dummy text dummy "
            text run at (539,60) width 186: "text dummy text dummy text"
            text run at (1,78) width 158: "dummy text dummy text"
        LayoutText {#text} at (0,0) size 0x0
