layer at (0,0) size 800x600
  LayoutView at (0,0) size 800x600
layer at (0,0) size 800x246
  LayoutBlockFlow {HTML} at (0,0) size 800x246
    LayoutBlockFlow {BODY} at (8,16) size 784x214 [color=#0000FF]
      LayoutBlockFlow {P} at (0,0) size 784x37
        LayoutText {#text} at (0,15) size 498x18
          text run at (0,15) width 498: "There should be a solid blue line to the right of every occurance of the word \""
        LayoutInline {SPAN} at (0,0) size 143x37 [border: none (2px solid #0000FF) none]
          LayoutText {#text} at (497,0) size 141x37
            text run at (497,0) width 141: "THERE \x{2799}"
        LayoutText {#text} at (639,15) size 12x18
          text run at (639,15) width 12: "\"."
      LayoutTable {TABLE} at (0,53) size 304x127
        LayoutTableSection {TBODY} at (0,0) size 304x127
          LayoutTableRow {TR} at (0,2) size 304x39
            LayoutTableCell {TD} at (2,2) size 300x39 [border: none (2px solid #0000FF) none] [r=0 c=0 rs=1 cs=2]
              LayoutText {#text} at (156,1) size 141x37
                text run at (156,1) width 141: "THERE \x{2799}"
          LayoutTableRow {TR} at (0,43) size 304x82
            LayoutTableCell {TD} at (2,64) size 145x39 [border: none (2px solid #0000FF) none] [r=1 c=0 rs=1 cs=1]
              LayoutText {#text} at (1,1) size 141x37
                text run at (1,1) width 141: "THERE \x{2799}"
            LayoutTableCell {TD} at (149,43) size 153x82 [border: none (2px solid #0000FF) none] [r=1 c=1 rs=1 cs=1]
              LayoutBlockFlow (anonymous) at (1,1) size 149x37
                LayoutText {#text} at (13,0) size 136x37
                  text run at (13,0) width 136: "THERE \x{2798}"
              LayoutTable {TABLE} at (1,38) size 149x43
                LayoutTableSection {TBODY} at (0,0) size 149x43
                  LayoutTableRow {TR} at (0,2) size 149x39
                    LayoutTableCell {TD} at (2,2) size 145x39 [border: none (2px solid #0000FF) none] [r=0 c=0 rs=1 cs=1]
                      LayoutText {#text} at (1,1) size 141x37
                        text run at (1,1) width 141: "THERE \x{2799}"
      LayoutBlockFlow {P} at (0,196) size 784x18
        LayoutText {#text} at (0,0) size 344x18
          text run at (0,0) width 344: "There should be 3 short lines and 2 long lines in total."
