layer at (0,0) size 800x600
  LayoutView at (0,0) size 800x600
layer at (0,0) size 800x80
  LayoutBlockFlow {HTML} at (0,0) size 800x80
    LayoutBlockFlow {BODY} at (8,8) size 784x64 [color=#0000FF]
      LayoutTable {TABLE} at (0,0) size 719x64
        LayoutTableSection {TBODY} at (0,0) size 719x64
          LayoutTableRow {TR} at (0,2) size 719x24
            LayoutTableCell {TD} at (2,2) size 715x24 [border: (2px solid #0000FF)] [r=0 c=0 rs=1 cs=2]
              LayoutText {#text} at (3,3) size 331x18
                text run at (3,3) width 331: "There should be a blue border around this sentence."
          LayoutTableRow {TR} at (0,28) size 719x34
            LayoutTableCell {TD} at (2,33) size 337x24 [border: (2px solid #0000FF)] [r=1 c=0 rs=1 cs=1]
              LayoutText {#text} at (3,3) size 331x18
                text run at (3,3) width 331: "There should be a blue border around this sentence."
            LayoutTableCell {TD} at (341,28) size 376x34 [border: (2px solid #0000FF)] [r=1 c=1 rs=1 cs=1]
              LayoutTable {TABLE} at (3,3) size 370x28
                LayoutTableSection {TBODY} at (0,0) size 370x28
                  LayoutTableRow {TR} at (0,2) size 370x24
                    LayoutTableCell {TD} at (2,2) size 366x24 [border: (2px solid #0000FF)] [r=0 c=0 rs=1 cs=1]
                      LayoutText {#text} at (3,3) size 108x18
                        text run at (3,3) width 108: "There should be "
                      LayoutInline {STRONG} at (0,0) size 114x18
                        LayoutInline {EM} at (0,0) size 24x18
                          LayoutText {#text} at (110,3) size 24x18
                            text run at (110,3) width 24: "two"
                        LayoutText {#text} at (133,3) size 91x18
                          text run at (133,3) width 91: " blue borders"
                      LayoutText {#text} at (223,3) size 140x18
                        text run at (223,3) width 140: " around this sentence."
