layer at (0,0) size 800x600
  LayoutView at (0,0) size 800x600
layer at (0,0) size 800x524
  LayoutBlockFlow {HTML} at (0,0) size 800x524
    LayoutBlockFlow {BODY} at (8,16) size 784x492
      LayoutBlockFlow {P} at (0,0) size 784x18
        LayoutText {#text} at (0,0) size 273x18
          text run at (0,0) width 273: "The borders below should be as described:"
      LayoutBlockFlow {P} at (0,34) size 784x28 [border: (5px dotted #000080)]
        LayoutText {#text} at (5,5) size 106x18
          text run at (5,5) width 106: "Blue and dotted."
      LayoutBlockFlow {P} at (0,78) size 784x28 [border: (5px dashed #000080)]
        LayoutText {#text} at (5,5) size 110x18
          text run at (5,5) width 110: "Blue and dashed."
      LayoutBlockFlow {P} at (0,122) size 784x28 [border: (5px solid #000080)]
        LayoutText {#text} at (5,5) size 97x18
          text run at (5,5) width 97: "Blue and solid."
      LayoutBlockFlow {P} at (0,166) size 784x28 [border: (5px double #000080)]
        LayoutText {#text} at (5,5) size 109x18
          text run at (5,5) width 109: "Blue and double."
      LayoutBlockFlow {P} at (0,210) size 784x28 [border: (5px groove #FFA500)]
        LayoutText {#text} at (5,5) size 127x18
          text run at (5,5) width 127: "Orange and groove."
      LayoutBlockFlow {P} at (0,254) size 784x28 [border: (5px ridge #FFA500)]
        LayoutText {#text} at (5,5) size 116x18
          text run at (5,5) width 116: "Orange and ridge."
      LayoutBlockFlow {P} at (0,298) size 784x28 [border: (5px inset #FFA500)]
        LayoutText {#text} at (5,5) size 113x18
          text run at (5,5) width 113: "Orange and inset."
      LayoutBlockFlow {P} at (0,342) size 784x28 [border: (5px outset #FFA500)]
        LayoutText {#text} at (5,5) size 121x18
          text run at (5,5) width 121: "Orange and outset."
      LayoutBlockFlow {P} at (0,386) size 784x28 [border: (5px double #0000FF) (5px groove #0000FF) (5px double #0000FF) (5px groove #0000FF)]
        LayoutText {#text} at (5,5) size 483x18
          text run at (5,5) width 483: "Blue and double on top and bottom; Blue and grooved on the left and right."
      LayoutBlockFlow {P} at (0,430) size 784x28 [border: (5px dotted #0000FF) (5px double #0000FF) (5px dashed #0000FF) (5px solid #0000FF)]
        LayoutText {#text} at (5,5) size 531x18
          text run at (5,5) width 531: "Blue borders which are, in clockwise order from top: dotted, double, dashed, solid."
      LayoutBlockFlow {P} at (0,474) size 784x18
        LayoutText {#text} at (0,0) size 283x18
          text run at (0,0) width 283: "This paragraph should have no border at all."
