layer at (0,0) size 800x600
  LayoutView at (0,0) size 800x600
layer at (0,0) size 800x110
  LayoutBlockFlow {HTML} at (0,0) size 800x110
    LayoutBlockFlow {BODY} at (8,16) size 784x86
      LayoutBlockFlow {P} at (0,0) size 784x18
        LayoutText {#text} at (0,0) size 226x18
          text run at (0,0) width 226: "There should be a green bar below:"
      LayoutBlockFlow {DIV} at (0,66) size 120x20 [color=#FFFFFF]
        LayoutInline {SPAN} at (0,0) size 40x40 [bgcolor=#008000]
          LayoutText {#text} at (0,0) size 40x20
            text run at (0,0) width 40: "xx"
        LayoutText {#text} at (0,0) size 0x0
