layer at (0,0) size 800x600
  LayoutView at (0,0) size 800x600
layer at (0,0) size 800x118
  LayoutBlockFlow {HTML} at (0,0) size 800x118
    LayoutBlockFlow {BODY} at (8,16) size 784x86
      LayoutBlockFlow {P} at (0,0) size 784x18
        LayoutText {#text} at (0,0) size 245x18
          text run at (0,0) width 245: "The next two bars should be identical:"
      LayoutBlockFlow {DIV} at (16,34) size 192x18 [color=#FFFF00] [bgcolor=#000080]
        LayoutText {#text} at (0,0) size 39x18
          text run at (0,0) width 39: "TEST"
      LayoutBlockFlow {DIV} at (16,68) size 192x18 [color=#FFFF00] [bgcolor=#000080]
        LayoutText {#text} at (0,0) size 39x18
          text run at (0,0) width 39: "TEST"
