layer at (0,0) size 800x600
  LayoutView at (0,0) size 800x600
layer at (0,0) size 800x182
  LayoutBlockFlow {HTML} at (0,0) size 800x182
    LayoutBlockFlow {BODY} at (8,16) size 784x151
      LayoutBlockFlow {P} at (0,0) size 784x18
        LayoutText {#text} at (0,0) size 276x18
          text run at (0,0) width 276: "There should be two boxes of green below."
      LayoutBlockFlow {DIV} at (15,34) size 96x51 [color=#008000] [bgcolor=#FF0000] [border: (3px solid #000000)]
        LayoutBlockFlow (floating) {SPAN} at (3,3) size 45x30
          LayoutText {#text} at (0,0) size 30x30
            text run at (0,0) width 30: "X"
        LayoutText {#text} at (48,3) size 90x45
          text run at (48,3) width 45: "x x"
          text run at (48,18) width 30: "xx"
          text run at (3,33) width 45: "x x"
      LayoutBlockFlow {DIV} at (15,100) size 96x51 [color=#008000] [bgcolor=#FF0000] [border: (3px solid #000000)]
        LayoutBlockFlow (floating) {SPAN} at (3,3) size 45x30 [bgcolor=#008000]
          LayoutText {#text} at (0,0) size 30x30
            text run at (0,0) width 30: "X"
        LayoutText {#text} at (48,3) size 90x45
          text run at (48,3) width 45: "x x"
          text run at (48,18) width 30: "xx"
          text run at (3,33) width 45: "x x"
