layer at (0,0) size 800x600
  LayoutView at (0,0) size 800x600
layer at (0,0) size 800x163
  LayoutBlockFlow {HTML} at (0,0) size 800x163
    LayoutBlockFlow {BODY} at (8,16) size 784x124
      LayoutBlockFlow {P} at (0,0) size 784x18 [color=#000080]
        LayoutText {#text} at (0,0) size 386x18
          text run at (0,0) width 386: "The word \"fail\" should not appear below, just a green block."
      LayoutBlockFlow {DIV} at (16,34) size 240x90 [color=#FFFFFF] [bgcolor=#FFFFFF]
        LayoutImage (floating) {IMG} at (0,0) size 1x1
        LayoutImage (floating) {IMG} at (0,1) size 240x112
        LayoutInline {SPAN} at (0,0) size 188x90
          LayoutText {#text} at (1,0) size 188x90
            text run at (1,0) width 188: "FAIL"
        LayoutText {#text} at (0,0) size 0x0
