layer at (0,0) size 800x600
  LayoutView at (0,0) size 800x600
layer at (0,0) size 800x259
  LayoutBlockFlow {HTML} at (0,0) size 800x259
    LayoutBlockFlow {BODY} at (8,16) size 784x235
      LayoutBlockFlow {P} at (0,0) size 784x19
        LayoutText {#text} at (0,0) size 515x18
          text run at (0,0) width 515: "There should be a complete unbroken drawing of a yin-yang (\x{262F}) symbol below."
      LayoutBlockFlow {DIV} at (0,35) size 784x200
        LayoutBlockFlow (floating) {DIV} at (0,0) size 100x100
        LayoutBlockFlow (floating) {DIV} at (0,100) size 100x100
        LayoutBlockFlow {DIV} at (100,0) size 684x200
