layer at (0,0) size 800x600
  LayoutView at (0,0) size 800x600
layer at (0,0) size 800x184
  LayoutBlockFlow {HTML} at (0,0) size 800x184
    LayoutBlockFlow {BODY} at (8,8) size 784x168
      LayoutBlockFlow {P} at (0,0) size 784x18
        LayoutText {#text} at (0,0) size 276x18
          text run at (0,0) width 276: "There should be a green box to the right. \x{2798}"
      LayoutBlockFlow {DIV} at (0,18) size 784x150 [bgcolor=#FFFFFF]
        LayoutBlockFlow (floating) {P} at (458,10) size 316x91 [color=#008000] [border: (3px solid #008000)]
          LayoutText {#text} at (8,8) size 300x75
            text run at (8,8) width 300: "x x xxxx xx xxxx x x"
            text run at (8,23) width 300: "x xx xx xxxx xx xx x"
            text run at (8,38) width 300: "x xxx xx xx xx xxx x"
            text run at (8,53) width 300: "x xx xx xxxx xx xx x"
            text run at (8,68) width 300: "x x xxxx xx xxxx x x"
        LayoutBlockFlow {P} at (0,0) size 784x45 [color=#FFFFFF]
          LayoutText {#text} at (433,0) size 15x15
            text run at (433,0) width 15: "x"
          LayoutBR {BR} at (448,0) size 0x15
          LayoutText {#text} at (433,15) size 15x15
            text run at (433,15) width 15: "x"
          LayoutBR {BR} at (448,15) size 0x15
          LayoutText {#text} at (433,30) size 15x15
            text run at (433,30) width 15: "x"
