layer at (0,0) size 800x600
  LayoutView at (0,0) size 800x600
layer at (0,0) size 800x54
  LayoutBlockFlow {HTML} at (0,0) size 800x54
    LayoutBlockFlow {BODY} at (8,8) size 784x38
      LayoutBlockFlow {DIV} at (0,0) size 784x38
        LayoutBlockFlow (floating) {P} at (0,0) size 784x23
          LayoutText {#text} at (0,0) size 376x23
            text run at (0,0) width 376: "There should be a green block on the next line:"
        LayoutImage {IMG} at (0,23) size 15x15 [color=#FF0000]
        LayoutText {#text} at (0,0) size 0x0
