layer at (0,0) size 800x600
  LayoutView at (0,0) size 800x600
layer at (0,0) size 800x228
  LayoutBlockFlow {HTML} at (0,0) size 800x228
    LayoutBlockFlow {BODY} at (8,16) size 784x202
      LayoutBlockFlow {P} at (0,0) size 784x18 [color=#000080]
        LayoutText {#text} at (0,0) size 660x18
          text run at (0,0) width 393: "Below you should see four blocks side by side followed by a "
          text run at (392,0) width 268: "matching cross section of the four blocks."
      LayoutBlockFlow (floating) {DIV} at (0,44) size 140x130 [bgcolor=#FFFF00] [border: (20px solid #000000)]
        LayoutBlockFlow {P} at (40,56) size 60x18
          LayoutText {#text} at (7,0) size 46x18
            text run at (7,0) width 46: "Yellow"
      LayoutBlockFlow (floating) {DIV} at (160,44) size 140x130 [color=#FFFFFF] [bgcolor=#0000FF] [border: (20px solid #000000)]
        LayoutBlockFlow {P} at (40,56) size 60x18
          LayoutText {#text} at (14,0) size 32x18
            text run at (14,0) width 32: "Blue"
      LayoutBlockFlow (floating) {DIV} at (320,44) size 140x130 [bgcolor=#FF0000] [border: (20px solid #000000)]
        LayoutBlockFlow {P} at (40,56) size 60x18
          LayoutText {#text} at (17,0) size 26x18
            text run at (17,0) width 26: "Red"
      LayoutBlockFlow (floating) {DIV} at (480,44) size 140x130 [color=#FFFFFF] [bgcolor=#008000] [border: (20px solid #000000)]
        LayoutBlockFlow {P} at (40,56) size 60x18
          LayoutText {#text} at (10,0) size 40x18
            text run at (10,0) width 40: "Green"
      LayoutBlockFlow {DIV} at (0,184) size 784x18
        LayoutTable {TABLE} at (0,0) size 620x18
          LayoutTableSection {TBODY} at (0,0) size 620x18
            LayoutTableRow {TR} at (0,0) size 620x18
              LayoutTableCell {TD} at (0,0) size 20x18 [bgcolor=#000000] [r=0 c=0 rs=1 cs=1]
                LayoutText {#text} at (0,0) size 4x18
                  text run at (0,0) width 4: " "
              LayoutTableCell {TD} at (20,0) size 100x18 [bgcolor=#FFFF00] [r=0 c=1 rs=1 cs=1]
                LayoutText {#text} at (0,0) size 4x18
                  text run at (0,0) width 4: " "
              LayoutTableCell {TD} at (120,0) size 20x18 [bgcolor=#000000] [r=0 c=2 rs=1 cs=1]
                LayoutText {#text} at (0,0) size 4x18
                  text run at (0,0) width 4: " "
              LayoutTableCell {TD} at (140,0) size 20x18 [bgcolor=#FFFFFF] [r=0 c=3 rs=1 cs=1]
                LayoutText {#text} at (0,0) size 4x18
                  text run at (0,0) width 4: " "
              LayoutTableCell {TD} at (160,0) size 20x18 [bgcolor=#000000] [r=0 c=4 rs=1 cs=1]
                LayoutText {#text} at (0,0) size 4x18
                  text run at (0,0) width 4: " "
              LayoutTableCell {TD} at (180,0) size 100x18 [bgcolor=#0000FF] [r=0 c=5 rs=1 cs=1]
                LayoutText {#text} at (0,0) size 4x18
                  text run at (0,0) width 4: " "
              LayoutTableCell {TD} at (280,0) size 20x18 [bgcolor=#000000] [r=0 c=6 rs=1 cs=1]
                LayoutText {#text} at (0,0) size 4x18
                  text run at (0,0) width 4: " "
              LayoutTableCell {TD} at (300,0) size 20x18 [bgcolor=#FFFFFF] [r=0 c=7 rs=1 cs=1]
                LayoutText {#text} at (0,0) size 4x18
                  text run at (0,0) width 4: " "
              LayoutTableCell {TD} at (320,0) size 20x18 [bgcolor=#000000] [r=0 c=8 rs=1 cs=1]
                LayoutText {#text} at (0,0) size 4x18
                  text run at (0,0) width 4: " "
              LayoutTableCell {TD} at (340,0) size 100x18 [bgcolor=#FF0000] [r=0 c=9 rs=1 cs=1]
                LayoutText {#text} at (0,0) size 4x18
                  text run at (0,0) width 4: " "
              LayoutTableCell {TD} at (440,0) size 20x18 [bgcolor=#000000] [r=0 c=10 rs=1 cs=1]
                LayoutText {#text} at (0,0) size 4x18
                  text run at (0,0) width 4: " "
              LayoutTableCell {TD} at (460,0) size 20x18 [bgcolor=#FFFFFF] [r=0 c=11 rs=1 cs=1]
                LayoutText {#text} at (0,0) size 4x18
                  text run at (0,0) width 4: " "
              LayoutTableCell {TD} at (480,0) size 20x18 [bgcolor=#000000] [r=0 c=12 rs=1 cs=1]
                LayoutText {#text} at (0,0) size 4x18
                  text run at (0,0) width 4: " "
              LayoutTableCell {TD} at (500,0) size 100x18 [bgcolor=#008000] [r=0 c=13 rs=1 cs=1]
                LayoutText {#text} at (0,0) size 4x18
                  text run at (0,0) width 4: " "
              LayoutTableCell {TD} at (600,0) size 20x18 [bgcolor=#000000] [r=0 c=14 rs=1 cs=1]
                LayoutText {#text} at (0,0) size 4x18
                  text run at (0,0) width 4: " "
