layer at (0,0) size 800x600
  LayoutView at (0,0) size 800x600
layer at (0,0) size 800x139
  LayoutBlockFlow {HTML} at (0,0) size 800x139
    LayoutBlockFlow {BODY} at (8,8) size 784x123
      LayoutBlockFlow {DIV} at (0,0) size 784x123 [color=#FFFFFF] [bgcolor=#000080] [border: (3px solid #0000FF) (96px solid #0000FF) (3px solid #0000FF)]
        LayoutBlockFlow (floating) {DIV} at (421,11) size 352x68 [bgcolor=#008080]
          LayoutBlockFlow {P} at (16,16) size 320x36
            LayoutText {#text} at (0,0) size 320x36
              text run at (0,0) width 320: "This teal box should start inside the dark blue box"
              text run at (0,18) width 84: "and spill out "
              text run at (83,18) width 175: "onto the blue area below it."
        LayoutBlockFlow {P} at (3,3) size 778x24
          LayoutText {#text} at (0,4) size 262x18
            text run at (0,4) width 262: "You should see a teal box to the right. \x{21E8}"
