layer at (0,0) size 800x600
  LayoutView at (0,0) size 800x600
layer at (0,0) size 800x325
  LayoutBlockFlow {HTML} at (0,0) size 800x325
    LayoutBlockFlow {BODY} at (8,8) size 784x309
      LayoutBlockFlow (floating) {DIV} at (0,0) size 196x292 [color=#FFFFFF] [bgcolor=#000080]
        LayoutBlockFlow {P} at (0,0) size 196x292
          LayoutText {#text} at (0,11) size 186x281
            text run at (0,11) width 146: "\x{21E6} This"
            text run at (0,72) width 167: "blue box"
            text run at (0,127) width 186: "should be"
            text run at (0,182) width 119: "on the"
            text run at (0,237) width 76: "left."
      LayoutBlockFlow (floating) {DIV} at (588,0) size 196x292 [color=#FFFFFF] [bgcolor=#008080]
        LayoutBlockFlow {P} at (0,0) size 196x292
          LayoutText {#text} at (0,0) size 186x286
            text run at (0,0) width 167: "This teal"
            text run at (0,55) width 72: "box"
            text run at (0,110) width 186: "should be"
            text run at (0,165) width 119: "on the"
            text run at (0,231) width 163: "right. \x{21E8}"
      LayoutBlockFlow {P} at (0,0) size 784x309
        LayoutText {#text} at (196,0) size 367x303
          text run at (196,0) width 367: "This text should be"
          text run at (196,55) width 338: "in between a blue"
          text run at (196,121) width 327: "box on the \x{21E6}left"
          text run at (196,182) width 328: "and a teal box on"
          text run at (196,248) width 222: "the right\x{21E8}."
