layer at (0,0) size 800x600
  LayoutView at (0,0) size 800x600
layer at (0,0) size 800x193
  LayoutBlockFlow {HTML} at (0,0) size 800x192.63
    LayoutBlockFlow {BODY} at (8,16) size 784x160.63
      LayoutBlockFlow {P} at (0,0) size 784x18 [color=#000080]
        LayoutText {#text} at (0,0) size 264x18
          text run at (0,0) width 264: "The word \"fail\" should not appear below."
      LayoutBlockFlow {DIV} at (16,34) size 240x126.63 [color=#FFFFFF] [bgcolor=#FFFFFF]
        LayoutBlockFlow (floating) {P} at (0,0) size 42.19x18.31 [color=#000080]
          LayoutText {#text} at (0,0) size 43x19
            text run at (0,0) width 43: "TEST:"
        LayoutBlockFlow (floating) {P} at (0.02,18.31) size 239.98x18.31 [color=#00FFFF] [bgcolor=#008080]
          LayoutText {#text} at (101,0) size 38x19
            text run at (101,0) width 38: "PASS"
        LayoutText {#text} at (42,0) size 224x127
          text run at (42,0) width 174: "fail fail fail fail fail fail fail"
          text run at (0,36) width 76: "fail fail fail "
          text run at (75,36) width 149: "fail fail fail fail fail fail"
          text run at (0,54) width 102: "fail fail fail fail "
          text run at (101,54) width 123: "fail fail fail fail fail"
          text run at (0,72) width 127: "fail fail fail fail fail "
          text run at (126,72) width 98: "fail fail fail fail"
          text run at (0,90) width 152: "fail fail fail fail fail fail "
          text run at (151,90) width 73: "fail fail fail"
          text run at (0,108) width 174: "fail fail fail fail fail fail fail"
