layer at (0,0) size 800x600
  LayoutView at (0,0) size 800x600
layer at (0,0) size 800x218
  LayoutBlockFlow {HTML} at (0,0) size 800x218
    LayoutBlockFlow {BODY} at (8,16) size 784x122
      LayoutBlockFlow {P} at (0,0) size 784x18 [color=#000080]
        LayoutText {#text} at (0,0) size 610x18
          text run at (0,0) width 388: "In the following test, the teal squares must be just inside the "
          text run at (387,0) width 223: "top and sides of the blue rectangle."
      LayoutBlockFlow {DIV} at (0,34) size 784x88
        LayoutBlockFlow {DIV} at (16,0) size 752x88 [color=#0000FF] [bgcolor=#000080] [border: (8px solid #0000FF) none (8px solid #0000FF)]
          LayoutImage (floating) {IMG} at (8,8) size 160x160 [color=#FFFF00] [bgcolor=#FF0000]
          LayoutImage (floating) {IMG} at (584,8) size 160x160 [color=#FFFF00] [bgcolor=#FF0000]
          LayoutText {#text} at (168,8) size 400x72
            text run at (168,8) width 400: "Blue rectangle. Blue rectangle. Blue rectangle. Blue rectangle."
            text run at (168,26) width 400: "Blue rectangle. Blue rectangle. Blue rectangle. Blue rectangle."
            text run at (168,44) width 400: "Blue rectangle. Blue rectangle. Blue rectangle. Blue rectangle."
            text run at (168,62) width 400: "Blue rectangle. Blue rectangle. Blue rectangle. Blue rectangle."
